[2020-01-31T08:53:29.240+0300][0.013s][info][gc] Using Serial
[2020-01-31T08:53:29.806+0300][0.578s][info][gc] GC(0) Pause Young (Allocation Failure) 273M->122M(991M) 168.837ms
[2020-01-31T08:53:30.059+0300][0.832s][info][gc] GC(1) Pause Young (Allocation Failure) 396M->209M(991M) 188.915ms
[2020-01-31T08:53:30.259+0300][1.031s][info][gc] GC(2) Pause Young (Allocation Failure) 482M->298M(991M) 136.586ms
[2020-01-31T08:53:30.443+0300][1.216s][info][gc] GC(3) Pause Young (Allocation Failure) 572M->385M(991M) 128.162ms
[2020-01-31T08:53:30.628+0300][1.400s][info][gc] GC(4) Pause Young (Allocation Failure) 659M->477M(991M) 133.209ms
[2020-01-31T08:53:30.821+0300][1.594s][info][gc] GC(5) Pause Young (Allocation Failure) 750M->571M(991M) 135.238ms
[2020-01-31T08:53:30.882+0300][1.655s][info][gc] GC(6) Pause Young (Allocation Failure) 845M->537M(991M) 0.247ms
[2020-01-31T08:53:30.940+0300][1.713s][info][gc] GC(7) Pause Young (Allocation Failure) 809M->537M(991M) 0.723ms
[2020-01-31T08:53:30.992+0300][1.765s][info][gc] GC(8) Pause Young (Allocation Failure) 810M->537M(991M) 0.644ms
[2020-01-31T08:53:31.045+0300][1.817s][info][gc] GC(9) Pause Young (Allocation Failure) 811M->537M(991M) 1.675ms
[2020-01-31T08:53:31.105+0300][1.878s][info][gc] GC(10) Pause Young (Allocation Failure) 809M->537M(991M) 1.288ms
[2020-01-31T08:53:31.177+0300][1.950s][info][gc] GC(11) Pause Young (Allocation Failure) 807M->537M(991M) 3.496ms
[2020-01-31T08:53:31.249+0300][2.021s][info][gc] GC(12) Pause Young (Allocation Failure) 807M->537M(991M) 0.963ms
[2020-01-31T08:53:31.301+0300][2.073s][info][gc] GC(13) Pause Young (Allocation Failure) 808M->537M(991M) 0.957ms
[2020-01-31T08:53:31.353+0300][2.125s][info][gc] GC(14) Pause Young (Allocation Failure) 808M->537M(991M) 0.969ms
[2020-01-31T08:53:31.404+0300][2.176s][info][gc] GC(15) Pause Young (Allocation Failure) 808M->537M(991M) 0.981ms
[2020-01-31T08:53:31.455+0300][2.228s][info][gc] GC(16) Pause Young (Allocation Failure) 808M->537M(991M) 0.975ms
[2020-01-31T08:53:31.506+0300][2.279s][info][gc] GC(17) Pause Young (Allocation Failure) 808M->537M(991M) 0.961ms
[2020-01-31T08:53:31.558+0300][2.330s][info][gc] GC(18) Pause Young (Allocation Failure) 808M->537M(991M) 1.028ms
[2020-01-31T08:53:31.610+0300][2.382s][info][gc] GC(19) Pause Young (Allocation Failure) 808M->537M(991M) 0.963ms
[2020-01-31T08:53:31.661+0300][2.433s][info][gc] GC(20) Pause Young (Allocation Failure) 808M->537M(991M) 1.001ms
[2020-01-31T08:53:31.712+0300][2.484s][info][gc] GC(21) Pause Young (Allocation Failure) 808M->537M(991M) 0.990ms
[2020-01-31T08:53:31.763+0300][2.535s][info][gc] GC(22) Pause Young (Allocation Failure) 808M->537M(991M) 1.068ms
[2020-01-31T08:53:31.812+0300][2.586s][info][gc] GC(23) Pause Young (Allocation Failure) 808M->537M(991M) 0.893ms
[2020-01-31T08:53:31.863+0300][2.636s][info][gc] GC(24) Pause Young (Allocation Failure) 808M->537M(991M) 0.889ms
[2020-01-31T08:53:31.915+0300][2.688s][info][gc] GC(25) Pause Young (Allocation Failure) 808M->537M(991M) 0.741ms
[2020-01-31T08:53:31.966+0300][2.739s][info][gc] GC(26) Pause Young (Allocation Failure) 808M->537M(991M) 0.353ms
[2020-01-31T08:53:32.017+0300][2.789s][info][gc] GC(27) Pause Young (Allocation Failure) 808M->537M(991M) 0.290ms
[2020-01-31T08:53:32.070+0300][2.842s][info][gc] GC(28) Pause Young (Allocation Failure) 808M->537M(991M) 0.289ms
[2020-01-31T08:53:32.138+0300][2.910s][info][gc] GC(29) Pause Young (Allocation Failure) 809M->537M(991M) 0.384ms
[2020-01-31T08:53:32.192+0300][2.965s][info][gc] GC(30) Pause Young (Allocation Failure) 810M->537M(991M) 0.354ms
[2020-01-31T08:53:32.242+0300][3.015s][info][gc] GC(31) Pause Young (Allocation Failure) 807M->537M(991M) 0.345ms
[2020-01-31T08:53:32.293+0300][3.066s][info][gc] GC(32) Pause Young (Allocation Failure) 807M->537M(991M) 0.348ms
[2020-01-31T08:53:32.343+0300][3.116s][info][gc] GC(33) Pause Young (Allocation Failure) 808M->537M(991M) 0.350ms
[2020-01-31T08:53:32.394+0300][3.167s][info][gc] GC(34) Pause Young (Allocation Failure) 808M->537M(991M) 0.357ms
[2020-01-31T08:53:32.444+0300][3.216s][info][gc] GC(35) Pause Young (Allocation Failure) 808M->537M(991M) 0.360ms
[2020-01-31T08:53:32.494+0300][3.266s][info][gc] GC(36) Pause Young (Allocation Failure) 808M->537M(991M) 0.360ms
[2020-01-31T08:53:32.545+0300][3.317s][info][gc] GC(37) Pause Young (Allocation Failure) 808M->537M(991M) 0.360ms
[2020-01-31T08:53:32.594+0300][3.367s][info][gc] GC(38) Pause Young (Allocation Failure) 808M->537M(991M) 0.355ms
[2020-01-31T08:53:32.645+0300][3.418s][info][gc] GC(39) Pause Young (Allocation Failure) 808M->537M(991M) 0.362ms
[2020-01-31T08:53:32.695+0300][3.468s][info][gc] GC(40) Pause Young (Allocation Failure) 808M->537M(991M) 0.361ms
[2020-01-31T08:53:32.746+0300][3.519s][info][gc] GC(41) Pause Young (Allocation Failure) 808M->537M(991M) 0.386ms
[2020-01-31T08:53:32.797+0300][3.569s][info][gc] GC(42) Pause Young (Allocation Failure) 808M->537M(991M) 0.359ms
[2020-01-31T08:53:32.848+0300][3.620s][info][gc] GC(43) Pause Young (Allocation Failure) 808M->537M(991M) 0.369ms
[2020-01-31T08:53:32.899+0300][3.671s][info][gc] GC(44) Pause Young (Allocation Failure) 808M->537M(991M) 0.367ms
[2020-01-31T08:53:32.948+0300][3.721s][info][gc] GC(45) Pause Young (Allocation Failure) 808M->537M(991M) 0.364ms
[2020-01-31T08:53:32.999+0300][3.772s][info][gc] GC(46) Pause Young (Allocation Failure) 808M->537M(991M) 0.327ms
[2020-01-31T08:53:33.052+0300][3.825s][info][gc] GC(47) Pause Young (Allocation Failure) 808M->537M(991M) 0.307ms
[2020-01-31T08:53:33.109+0300][3.882s][info][gc] GC(48) Pause Young (Allocation Failure) 809M->537M(991M) 0.379ms
[2020-01-31T08:53:33.160+0300][3.932s][info][gc] GC(49) Pause Young (Allocation Failure) 808M->537M(991M) 0.355ms
[2020-01-31T08:53:33.210+0300][3.982s][info][gc] GC(50) Pause Young (Allocation Failure) 808M->537M(991M) 0.370ms
[2020-01-31T08:53:33.260+0300][4.032s][info][gc] GC(51) Pause Young (Allocation Failure) 808M->537M(991M) 0.350ms
[2020-01-31T08:53:33.309+0300][4.082s][info][gc] GC(52) Pause Young (Allocation Failure) 808M->537M(991M) 0.351ms
[2020-01-31T08:53:33.359+0300][4.132s][info][gc] GC(53) Pause Young (Allocation Failure) 808M->537M(991M) 0.347ms
[2020-01-31T08:53:33.410+0300][4.183s][info][gc] GC(54) Pause Young (Allocation Failure) 808M->537M(991M) 0.350ms
[2020-01-31T08:53:33.460+0300][4.233s][info][gc] GC(55) Pause Young (Allocation Failure) 808M->537M(991M) 0.352ms
[2020-01-31T08:53:33.510+0300][4.283s][info][gc] GC(56) Pause Young (Allocation Failure) 808M->537M(991M) 0.344ms
[2020-01-31T08:53:33.561+0300][4.333s][info][gc] GC(57) Pause Young (Allocation Failure) 808M->537M(991M) 0.339ms
[2020-01-31T08:53:33.611+0300][4.383s][info][gc] GC(58) Pause Young (Allocation Failure) 808M->537M(991M) 0.351ms
[2020-01-31T08:53:33.662+0300][4.434s][info][gc] GC(59) Pause Young (Allocation Failure) 808M->537M(991M) 0.353ms
[2020-01-31T08:53:33.711+0300][4.484s][info][gc] GC(60) Pause Young (Allocation Failure) 808M->537M(991M) 0.350ms
[2020-01-31T08:53:33.762+0300][4.535s][info][gc] GC(61) Pause Young (Allocation Failure) 808M->537M(991M) 0.342ms
[2020-01-31T08:53:33.813+0300][4.586s][info][gc] GC(62) Pause Young (Allocation Failure) 808M->537M(991M) 0.348ms
[2020-01-31T08:53:33.863+0300][4.636s][info][gc] GC(63) Pause Young (Allocation Failure) 808M->537M(991M) 0.385ms
[2020-01-31T08:53:33.914+0300][4.686s][info][gc] GC(64) Pause Young (Allocation Failure) 808M->537M(991M) 0.298ms
[2020-01-31T08:53:33.965+0300][4.737s][info][gc] GC(65) Pause Young (Allocation Failure) 808M->537M(991M) 0.285ms
[2020-01-31T08:53:34.015+0300][4.787s][info][gc] GC(66) Pause Young (Allocation Failure) 808M->537M(991M) 0.299ms
[2020-01-31T08:53:34.066+0300][4.839s][info][gc] GC(67) Pause Young (Allocation Failure) 808M->537M(991M) 0.292ms
[2020-01-31T08:53:34.123+0300][4.896s][info][gc] GC(68) Pause Young (Allocation Failure) 809M->537M(991M) 0.303ms
[2020-01-31T08:53:34.175+0300][4.948s][info][gc] GC(69) Pause Young (Allocation Failure) 808M->537M(991M) 0.284ms
[2020-01-31T08:53:34.225+0300][4.998s][info][gc] GC(70) Pause Young (Allocation Failure) 808M->537M(991M) 0.284ms
[2020-01-31T08:53:34.275+0300][5.047s][info][gc] GC(71) Pause Young (Allocation Failure) 808M->537M(991M) 0.285ms
[2020-01-31T08:53:34.325+0300][5.097s][info][gc] GC(72) Pause Young (Allocation Failure) 808M->537M(991M) 0.294ms
[2020-01-31T08:53:34.375+0300][5.147s][info][gc] GC(73) Pause Young (Allocation Failure) 808M->537M(991M) 0.287ms
[2020-01-31T08:53:34.424+0300][5.197s][info][gc] GC(74) Pause Young (Allocation Failure) 808M->537M(991M) 0.296ms
[2020-01-31T08:53:34.475+0300][5.248s][info][gc] GC(75) Pause Young (Allocation Failure) 808M->537M(991M) 0.278ms
[2020-01-31T08:53:34.525+0300][5.298s][info][gc] GC(76) Pause Young (Allocation Failure) 808M->537M(991M) 0.282ms
[2020-01-31T08:53:34.575+0300][5.348s][info][gc] GC(77) Pause Young (Allocation Failure) 808M->537M(991M) 0.278ms
[2020-01-31T08:53:34.625+0300][5.397s][info][gc] GC(78) Pause Young (Allocation Failure) 808M->537M(991M) 0.275ms
[2020-01-31T08:53:34.675+0300][5.447s][info][gc] GC(79) Pause Young (Allocation Failure) 808M->537M(991M) 0.278ms
[2020-01-31T08:53:34.725+0300][5.497s][info][gc] GC(80) Pause Young (Allocation Failure) 808M->537M(991M) 0.283ms
[2020-01-31T08:53:34.776+0300][5.548s][info][gc] GC(81) Pause Young (Allocation Failure) 808M->537M(991M) 0.281ms
[2020-01-31T08:53:34.825+0300][5.598s][info][gc] GC(82) Pause Young (Allocation Failure) 808M->537M(991M) 0.282ms
[2020-01-31T08:53:34.875+0300][5.648s][info][gc] GC(83) Pause Young (Allocation Failure) 808M->537M(991M) 0.283ms
[2020-01-31T08:53:34.925+0300][5.698s][info][gc] GC(84) Pause Young (Allocation Failure) 808M->537M(991M) 0.278ms
[2020-01-31T08:53:34.975+0300][5.748s][info][gc] GC(85) Pause Young (Allocation Failure) 808M->537M(991M) 0.277ms
[2020-01-31T08:53:35.027+0300][5.799s][info][gc] GC(86) Pause Young (Allocation Failure) 808M->537M(991M) 0.280ms
[2020-01-31T08:53:35.077+0300][5.849s][info][gc] GC(87) Pause Young (Allocation Failure) 808M->537M(991M) 0.277ms
[2020-01-31T08:53:35.129+0300][5.901s][info][gc] GC(88) Pause Young (Allocation Failure) 808M->537M(991M) 0.301ms
[2020-01-31T08:53:35.178+0300][5.951s][info][gc] GC(89) Pause Young (Allocation Failure) 808M->537M(991M) 0.289ms
[2020-01-31T08:53:35.228+0300][6.001s][info][gc] GC(90) Pause Young (Allocation Failure) 808M->537M(991M) 0.312ms
[2020-01-31T08:53:35.279+0300][6.052s][info][gc] GC(91) Pause Young (Allocation Failure) 808M->537M(991M) 0.292ms
[2020-01-31T08:53:35.330+0300][6.103s][info][gc] GC(92) Pause Young (Allocation Failure) 808M->537M(991M) 0.304ms
[2020-01-31T08:53:35.380+0300][6.152s][info][gc] GC(93) Pause Young (Allocation Failure) 808M->537M(991M) 0.292ms
[2020-01-31T08:53:35.430+0300][6.202s][info][gc] GC(94) Pause Young (Allocation Failure) 808M->537M(991M) 0.309ms
[2020-01-31T08:53:35.481+0300][6.253s][info][gc] GC(95) Pause Young (Allocation Failure) 808M->537M(991M) 0.289ms
[2020-01-31T08:53:35.532+0300][6.304s][info][gc] GC(96) Pause Young (Allocation Failure) 808M->537M(991M) 0.292ms
[2020-01-31T08:53:35.581+0300][6.354s][info][gc] GC(97) Pause Young (Allocation Failure) 808M->537M(991M) 0.283ms
[2020-01-31T08:53:35.631+0300][6.404s][info][gc] GC(98) Pause Young (Allocation Failure) 808M->537M(991M) 0.308ms
[2020-01-31T08:53:35.682+0300][6.455s][info][gc] GC(99) Pause Young (Allocation Failure) 808M->537M(991M) 0.290ms
[2020-01-31T08:53:35.733+0300][6.506s][info][gc] GC(100) Pause Young (Allocation Failure) 808M->537M(991M) 0.289ms
[2020-01-31T08:53:35.783+0300][6.555s][info][gc] GC(101) Pause Young (Allocation Failure) 808M->537M(991M) 0.291ms
[2020-01-31T08:53:35.834+0300][6.606s][info][gc] GC(102) Pause Young (Allocation Failure) 808M->537M(991M) 0.342ms
[2020-01-31T08:53:35.885+0300][6.657s][info][gc] GC(103) Pause Young (Allocation Failure) 808M->537M(991M) 0.302ms
[2020-01-31T08:53:35.935+0300][6.708s][info][gc] GC(104) Pause Young (Allocation Failure) 808M->537M(991M) 0.278ms
[2020-01-31T08:53:35.985+0300][6.758s][info][gc] GC(105) Pause Young (Allocation Failure) 808M->537M(991M) 0.288ms
[2020-01-31T08:53:36.037+0300][6.810s][info][gc] GC(106) Pause Young (Allocation Failure) 808M->537M(991M) 0.286ms
[2020-01-31T08:53:36.088+0300][6.861s][info][gc] GC(107) Pause Young (Allocation Failure) 808M->537M(991M) 0.359ms
[2020-01-31T08:53:36.139+0300][6.911s][info][gc] GC(108) Pause Young (Allocation Failure) 808M->537M(991M) 0.311ms
[2020-01-31T08:53:36.190+0300][6.962s][info][gc] GC(109) Pause Young (Allocation Failure) 808M->537M(991M) 0.291ms
[2020-01-31T08:53:36.240+0300][7.012s][info][gc] GC(110) Pause Young (Allocation Failure) 808M->537M(991M) 0.354ms
[2020-01-31T08:53:36.291+0300][7.064s][info][gc] GC(111) Pause Young (Allocation Failure) 808M->537M(991M) 0.302ms
[2020-01-31T08:53:36.341+0300][7.114s][info][gc] GC(112) Pause Young (Allocation Failure) 808M->537M(991M) 0.305ms
[2020-01-31T08:53:36.391+0300][7.164s][info][gc] GC(113) Pause Young (Allocation Failure) 808M->537M(991M) 0.311ms
[2020-01-31T08:53:36.441+0300][7.214s][info][gc] GC(114) Pause Young (Allocation Failure) 808M->537M(991M) 0.304ms
[2020-01-31T08:53:36.493+0300][7.265s][info][gc] GC(115) Pause Young (Allocation Failure) 808M->537M(991M) 0.292ms
[2020-01-31T08:53:36.544+0300][7.316s][info][gc] GC(116) Pause Young (Allocation Failure) 808M->537M(991M) 0.293ms
[2020-01-31T08:53:36.595+0300][7.367s][info][gc] GC(117) Pause Young (Allocation Failure) 808M->537M(991M) 0.292ms
[2020-01-31T08:53:36.645+0300][7.417s][info][gc] GC(118) Pause Young (Allocation Failure) 808M->537M(991M) 0.291ms
[2020-01-31T08:53:36.694+0300][7.467s][info][gc] GC(119) Pause Young (Allocation Failure) 808M->537M(991M) 0.287ms
[2020-01-31T08:53:36.745+0300][7.518s][info][gc] GC(120) Pause Young (Allocation Failure) 808M->537M(991M) 0.292ms
[2020-01-31T08:53:36.795+0300][7.568s][info][gc] GC(121) Pause Young (Allocation Failure) 808M->537M(991M) 0.292ms
[2020-01-31T08:53:36.845+0300][7.618s][info][gc] GC(122) Pause Young (Allocation Failure) 808M->537M(991M) 0.296ms
[2020-01-31T08:53:36.896+0300][7.668s][info][gc] GC(123) Pause Young (Allocation Failure) 808M->537M(991M) 0.274ms
[2020-01-31T08:53:36.946+0300][7.718s][info][gc] GC(124) Pause Young (Allocation Failure) 808M->537M(991M) 0.280ms
[2020-01-31T08:53:36.998+0300][7.770s][info][gc] GC(125) Pause Young (Allocation Failure) 808M->537M(991M) 0.289ms
[2020-01-31T08:53:37.048+0300][7.821s][info][gc] GC(126) Pause Young (Allocation Failure) 808M->537M(991M) 0.277ms
[2020-01-31T08:53:37.107+0300][7.880s][info][gc] GC(127) Pause Young (Allocation Failure) 808M->537M(991M) 0.305ms
[2020-01-31T08:53:37.158+0300][7.931s][info][gc] GC(128) Pause Young (Allocation Failure) 808M->537M(991M) 0.285ms
[2020-01-31T08:53:37.208+0300][7.981s][info][gc] GC(129) Pause Young (Allocation Failure) 808M->537M(991M) 0.282ms
[2020-01-31T08:53:37.258+0300][8.030s][info][gc] GC(130) Pause Young (Allocation Failure) 808M->537M(991M) 0.302ms
[2020-01-31T08:53:37.308+0300][8.080s][info][gc] GC(131) Pause Young (Allocation Failure) 808M->537M(991M) 0.285ms
[2020-01-31T08:53:37.358+0300][8.130s][info][gc] GC(132) Pause Young (Allocation Failure) 808M->537M(991M) 0.281ms
[2020-01-31T08:53:37.408+0300][8.180s][info][gc] GC(133) Pause Young (Allocation Failure) 808M->537M(991M) 0.275ms
[2020-01-31T08:53:37.458+0300][8.231s][info][gc] GC(134) Pause Young (Allocation Failure) 808M->537M(991M) 0.282ms
[2020-01-31T08:53:37.508+0300][8.281s][info][gc] GC(135) Pause Young (Allocation Failure) 808M->537M(991M) 0.298ms
[2020-01-31T08:53:37.558+0300][8.331s][info][gc] GC(136) Pause Young (Allocation Failure) 808M->537M(991M) 0.289ms
[2020-01-31T08:53:37.608+0300][8.380s][info][gc] GC(137) Pause Young (Allocation Failure) 808M->537M(991M) 0.283ms
[2020-01-31T08:53:37.658+0300][8.430s][info][gc] GC(138) Pause Young (Allocation Failure) 808M->537M(991M) 0.304ms
[2020-01-31T08:53:37.709+0300][8.481s][info][gc] GC(139) Pause Young (Allocation Failure) 808M->537M(991M) 0.284ms
[2020-01-31T08:53:37.759+0300][8.531s][info][gc] GC(140) Pause Young (Allocation Failure) 808M->537M(991M) 0.282ms
[2020-01-31T08:53:37.808+0300][8.581s][info][gc] GC(141) Pause Young (Allocation Failure) 808M->537M(991M) 0.283ms
[2020-01-31T08:53:37.858+0300][8.631s][info][gc] GC(142) Pause Young (Allocation Failure) 808M->537M(991M) 0.284ms
[2020-01-31T08:53:37.909+0300][8.682s][info][gc] GC(143) Pause Young (Allocation Failure) 808M->537M(991M) 0.279ms
[2020-01-31T08:53:37.960+0300][8.733s][info][gc] GC(144) Pause Young (Allocation Failure) 808M->537M(991M) 0.281ms
[2020-01-31T08:53:38.010+0300][8.782s][info][gc] GC(145) Pause Young (Allocation Failure) 808M->537M(991M) 0.276ms
[2020-01-31T08:53:38.060+0300][8.832s][info][gc] GC(146) Pause Young (Allocation Failure) 808M->537M(991M) 0.283ms
[2020-01-31T08:53:38.112+0300][8.884s][info][gc] GC(147) Pause Young (Allocation Failure) 808M->537M(991M) 0.294ms
[2020-01-31T08:53:38.162+0300][8.935s][info][gc] GC(148) Pause Young (Allocation Failure) 808M->537M(991M) 0.322ms
[2020-01-31T08:53:38.213+0300][8.986s][info][gc] GC(149) Pause Young (Allocation Failure) 808M->537M(991M) 0.314ms
[2020-01-31T08:53:38.264+0300][9.037s][info][gc] GC(150) Pause Young (Allocation Failure) 808M->537M(991M) 0.299ms
[2020-01-31T08:53:38.314+0300][9.087s][info][gc] GC(151) Pause Young (Allocation Failure) 808M->537M(991M) 0.297ms
[2020-01-31T08:53:38.364+0300][9.137s][info][gc] GC(152) Pause Young (Allocation Failure) 808M->537M(991M) 0.327ms
[2020-01-31T08:53:38.415+0300][9.187s][info][gc] GC(153) Pause Young (Allocation Failure) 808M->537M(991M) 0.291ms
[2020-01-31T08:53:38.466+0300][9.238s][info][gc] GC(154) Pause Young (Allocation Failure) 808M->537M(991M) 0.294ms
[2020-01-31T08:53:38.516+0300][9.288s][info][gc] GC(155) Pause Young (Allocation Failure) 808M->537M(991M) 0.289ms
[2020-01-31T08:53:38.565+0300][9.338s][info][gc] GC(156) Pause Young (Allocation Failure) 808M->537M(991M) 0.322ms
[2020-01-31T08:53:38.616+0300][9.389s][info][gc] GC(157) Pause Young (Allocation Failure) 808M->537M(991M) 0.296ms
[2020-01-31T08:53:38.666+0300][9.439s][info][gc] GC(158) Pause Young (Allocation Failure) 808M->537M(991M) 0.297ms
[2020-01-31T08:53:38.716+0300][9.489s][info][gc] GC(159) Pause Young (Allocation Failure) 808M->537M(991M) 0.290ms
[2020-01-31T08:53:38.766+0300][9.538s][info][gc] GC(160) Pause Young (Allocation Failure) 808M->537M(991M) 0.292ms
[2020-01-31T08:53:38.817+0300][9.589s][info][gc] GC(161) Pause Young (Allocation Failure) 808M->537M(991M) 0.292ms
[2020-01-31T08:53:38.867+0300][9.639s][info][gc] GC(162) Pause Young (Allocation Failure) 808M->537M(991M) 0.289ms
[2020-01-31T08:53:38.916+0300][9.689s][info][gc] GC(163) Pause Young (Allocation Failure) 808M->537M(991M) 0.283ms
[2020-01-31T08:53:38.966+0300][9.739s][info][gc] GC(164) Pause Young (Allocation Failure) 808M->537M(991M) 0.280ms
[2020-01-31T08:53:39.016+0300][9.789s][info][gc] GC(165) Pause Young (Allocation Failure) 808M->537M(991M) 0.277ms
[2020-01-31T08:53:39.067+0300][9.840s][info][gc] GC(166) Pause Young (Allocation Failure) 808M->537M(991M) 0.276ms
[2020-01-31T08:53:39.118+0300][9.890s][info][gc] GC(167) Pause Young (Allocation Failure) 808M->537M(991M) 0.286ms
[2020-01-31T08:53:39.168+0300][9.940s][info][gc] GC(168) Pause Young (Allocation Failure) 808M->537M(991M) 0.284ms
[2020-01-31T08:53:39.218+0300][9.990s][info][gc] GC(169) Pause Young (Allocation Failure) 808M->537M(991M) 0.293ms
[2020-01-31T08:53:39.268+0300][10.040s][info][gc] GC(170) Pause Young (Allocation Failure) 808M->537M(991M) 0.286ms
[2020-01-31T08:53:39.318+0300][10.091s][info][gc] GC(171) Pause Young (Allocation Failure) 808M->537M(991M) 0.287ms
[2020-01-31T08:53:39.368+0300][10.141s][info][gc] GC(172) Pause Young (Allocation Failure) 808M->537M(991M) 0.288ms
[2020-01-31T08:53:39.418+0300][10.191s][info][gc] GC(173) Pause Young (Allocation Failure) 808M->537M(991M) 0.287ms
[2020-01-31T08:53:39.468+0300][10.241s][info][gc] GC(174) Pause Young (Allocation Failure) 808M->537M(991M) 0.290ms
[2020-01-31T08:53:39.518+0300][10.290s][info][gc] GC(175) Pause Young (Allocation Failure) 808M->537M(991M) 0.284ms
[2020-01-31T08:53:39.569+0300][10.341s][info][gc] GC(176) Pause Young (Allocation Failure) 808M->537M(991M) 0.284ms
[2020-01-31T08:53:39.619+0300][10.391s][info][gc] GC(177) Pause Young (Allocation Failure) 808M->537M(991M) 0.286ms
[2020-01-31T08:53:39.668+0300][10.441s][info][gc] GC(178) Pause Young (Allocation Failure) 808M->537M(991M) 0.291ms
[2020-01-31T08:53:39.718+0300][10.491s][info][gc] GC(179) Pause Young (Allocation Failure) 808M->537M(991M) 0.286ms
[2020-01-31T08:53:39.768+0300][10.541s][info][gc] GC(180) Pause Young (Allocation Failure) 808M->537M(991M) 0.285ms
[2020-01-31T08:53:39.819+0300][10.592s][info][gc] GC(181) Pause Young (Allocation Failure) 808M->537M(991M) 0.287ms
[2020-01-31T08:53:39.869+0300][10.641s][info][gc] GC(182) Pause Young (Allocation Failure) 808M->537M(991M) 0.303ms
[2020-01-31T08:53:39.921+0300][10.693s][info][gc] GC(183) Pause Young (Allocation Failure) 808M->537M(991M) 0.284ms
[2020-01-31T08:53:39.971+0300][10.743s][info][gc] GC(184) Pause Young (Allocation Failure) 808M->537M(991M) 0.284ms
[2020-01-31T08:53:40.022+0300][10.794s][info][gc] GC(185) Pause Young (Allocation Failure) 808M->537M(991M) 0.317ms
[2020-01-31T08:53:40.072+0300][10.845s][info][gc] GC(186) Pause Young (Allocation Failure) 808M->537M(991M) 0.285ms
[2020-01-31T08:53:40.125+0300][10.898s][info][gc] GC(187) Pause Young (Allocation Failure) 808M->537M(991M) 0.293ms
[2020-01-31T08:53:40.175+0300][10.948s][info][gc] GC(188) Pause Young (Allocation Failure) 808M->537M(991M) 0.290ms
[2020-01-31T08:53:40.225+0300][10.998s][info][gc] GC(189) Pause Young (Allocation Failure) 808M->537M(991M) 0.297ms
[2020-01-31T08:53:40.275+0300][11.047s][info][gc] GC(190) Pause Young (Allocation Failure) 808M->537M(991M) 0.303ms
[2020-01-31T08:53:40.326+0300][11.098s][info][gc] GC(191) Pause Young (Allocation Failure) 808M->537M(991M) 0.291ms
[2020-01-31T08:53:40.376+0300][11.148s][info][gc] GC(192) Pause Young (Allocation Failure) 808M->537M(991M) 0.289ms
[2020-01-31T08:53:40.425+0300][11.198s][info][gc] GC(193) Pause Young (Allocation Failure) 808M->537M(991M) 0.288ms
[2020-01-31T08:53:40.476+0300][11.249s][info][gc] GC(194) Pause Young (Allocation Failure) 808M->537M(991M) 0.288ms
[2020-01-31T08:53:40.526+0300][11.299s][info][gc] GC(195) Pause Young (Allocation Failure) 808M->537M(991M) 0.291ms
[2020-01-31T08:53:40.576+0300][11.349s][info][gc] GC(196) Pause Young (Allocation Failure) 808M->537M(991M) 0.292ms
[2020-01-31T08:53:40.626+0300][11.398s][info][gc] GC(197) Pause Young (Allocation Failure) 808M->537M(991M) 0.290ms
[2020-01-31T08:53:40.676+0300][11.448s][info][gc] GC(198) Pause Young (Allocation Failure) 808M->537M(991M) 0.288ms
[2020-01-31T08:53:40.727+0300][11.499s][info][gc] GC(199) Pause Young (Allocation Failure) 808M->537M(991M) 0.290ms
[2020-01-31T08:53:40.777+0300][11.550s][info][gc] GC(200) Pause Young (Allocation Failure) 808M->537M(991M) 0.287ms
[2020-01-31T08:53:40.827+0300][11.600s][info][gc] GC(201) Pause Young (Allocation Failure) 808M->537M(991M) 0.301ms
[2020-01-31T08:53:40.877+0300][11.650s][info][gc] GC(202) Pause Young (Allocation Failure) 808M->537M(991M) 0.289ms
[2020-01-31T08:53:40.927+0300][11.700s][info][gc] GC(203) Pause Young (Allocation Failure) 808M->537M(991M) 0.289ms
[2020-01-31T08:53:40.978+0300][11.750s][info][gc] GC(204) Pause Young (Allocation Failure) 808M->537M(991M) 0.283ms
[2020-01-31T08:53:41.029+0300][11.801s][info][gc] GC(205) Pause Young (Allocation Failure) 808M->537M(991M) 0.285ms
[2020-01-31T08:53:41.079+0300][11.851s][info][gc] GC(206) Pause Young (Allocation Failure) 808M->537M(991M) 0.286ms
[2020-01-31T08:53:41.130+0300][11.902s][info][gc] GC(207) Pause Young (Allocation Failure) 808M->537M(991M) 0.306ms
[2020-01-31T08:53:41.180+0300][11.953s][info][gc] GC(208) Pause Young (Allocation Failure) 808M->537M(991M) 0.326ms
[2020-01-31T08:53:41.231+0300][12.004s][info][gc] GC(209) Pause Young (Allocation Failure) 808M->537M(991M) 0.313ms
[2020-01-31T08:53:41.282+0300][12.055s][info][gc] GC(210) Pause Young (Allocation Failure) 808M->537M(991M) 0.293ms
[2020-01-31T08:53:41.332+0300][12.105s][info][gc] GC(211) Pause Young (Allocation Failure) 808M->537M(991M) 0.290ms
[2020-01-31T08:53:41.383+0300][12.155s][info][gc] GC(212) Pause Young (Allocation Failure) 808M->537M(991M) 0.333ms
[2020-01-31T08:53:41.435+0300][12.207s][info][gc] GC(213) Pause Young (Allocation Failure) 808M->537M(991M) 0.320ms
[2020-01-31T08:53:41.488+0300][12.260s][info][gc] GC(214) Pause Young (Allocation Failure) 808M->537M(991M) 0.298ms
[2020-01-31T08:53:41.539+0300][12.312s][info][gc] GC(215) Pause Young (Allocation Failure) 808M->537M(991M) 0.289ms
[2020-01-31T08:53:41.591+0300][12.364s][info][gc] GC(216) Pause Young (Allocation Failure) 808M->537M(991M) 0.293ms
[2020-01-31T08:53:41.643+0300][12.416s][info][gc] GC(217) Pause Young (Allocation Failure) 808M->537M(991M) 0.289ms
[2020-01-31T08:53:41.695+0300][12.468s][info][gc] GC(218) Pause Young (Allocation Failure) 808M->537M(991M) 0.293ms
[2020-01-31T08:53:41.746+0300][12.518s][info][gc] GC(219) Pause Young (Allocation Failure) 808M->537M(991M) 0.289ms
[2020-01-31T08:53:41.796+0300][12.568s][info][gc] GC(220) Pause Young (Allocation Failure) 808M->537M(991M) 0.331ms
[2020-01-31T08:53:41.847+0300][12.619s][info][gc] GC(221) Pause Young (Allocation Failure) 808M->537M(991M) 0.321ms
[2020-01-31T08:53:41.897+0300][12.669s][info][gc] GC(222) Pause Young (Allocation Failure) 808M->537M(991M) 0.291ms
[2020-01-31T08:53:41.946+0300][12.719s][info][gc] GC(223) Pause Young (Allocation Failure) 808M->537M(991M) 0.289ms
[2020-01-31T08:53:41.996+0300][12.769s][info][gc] GC(224) Pause Young (Allocation Failure) 808M->537M(991M) 0.281ms
[2020-01-31T08:53:42.047+0300][12.820s][info][gc] GC(225) Pause Young (Allocation Failure) 808M->537M(991M) 0.282ms
[2020-01-31T08:53:42.097+0300][12.870s][info][gc] GC(226) Pause Young (Allocation Failure) 808M->537M(991M) 0.327ms
[2020-01-31T08:53:42.150+0300][12.922s][info][gc] GC(227) Pause Young (Allocation Failure) 808M->537M(991M) 0.292ms
[2020-01-31T08:53:42.200+0300][12.972s][info][gc] GC(228) Pause Young (Allocation Failure) 808M->537M(991M) 0.282ms
[2020-01-31T08:53:42.250+0300][13.022s][info][gc] GC(229) Pause Young (Allocation Failure) 808M->537M(991M) 0.316ms
[2020-01-31T08:53:42.300+0300][13.073s][info][gc] GC(230) Pause Young (Allocation Failure) 808M->537M(991M) 0.306ms
[2020-01-31T08:53:42.351+0300][13.124s][info][gc] GC(231) Pause Young (Allocation Failure) 808M->537M(991M) 0.284ms
[2020-01-31T08:53:42.401+0300][13.174s][info][gc] GC(232) Pause Young (Allocation Failure) 808M->537M(991M) 0.284ms
[2020-01-31T08:53:42.451+0300][13.224s][info][gc] GC(233) Pause Young (Allocation Failure) 808M->537M(991M) 0.320ms
[2020-01-31T08:53:42.502+0300][13.274s][info][gc] GC(234) Pause Young (Allocation Failure) 808M->537M(991M) 0.282ms
[2020-01-31T08:53:42.553+0300][13.325s][info][gc] GC(235) Pause Young (Allocation Failure) 808M->537M(991M) 0.289ms
[2020-01-31T08:53:42.603+0300][13.375s][info][gc] GC(236) Pause Young (Allocation Failure) 808M->537M(991M) 0.285ms
[2020-01-31T08:53:42.652+0300][13.425s][info][gc] GC(237) Pause Young (Allocation Failure) 808M->537M(991M) 0.287ms
[2020-01-31T08:53:42.703+0300][13.476s][info][gc] GC(238) Pause Young (Allocation Failure) 808M->537M(991M) 0.283ms
[2020-01-31T08:53:42.753+0300][13.526s][info][gc] GC(239) Pause Young (Allocation Failure) 808M->537M(991M) 0.285ms
[2020-01-31T08:53:42.803+0300][13.576s][info][gc] GC(240) Pause Young (Allocation Failure) 808M->537M(991M) 0.282ms
[2020-01-31T08:53:42.853+0300][13.625s][info][gc] GC(241) Pause Young (Allocation Failure) 808M->537M(991M) 0.286ms
[2020-01-31T08:53:42.904+0300][13.676s][info][gc] GC(242) Pause Young (Allocation Failure) 808M->537M(991M) 0.285ms
[2020-01-31T08:53:42.955+0300][13.727s][info][gc] GC(243) Pause Young (Allocation Failure) 808M->537M(991M) 0.282ms
[2020-01-31T08:53:43.006+0300][13.778s][info][gc] GC(244) Pause Young (Allocation Failure) 808M->537M(991M) 0.283ms
[2020-01-31T08:53:43.055+0300][13.828s][info][gc] GC(245) Pause Young (Allocation Failure) 808M->537M(991M) 0.279ms
[2020-01-31T08:53:43.106+0300][13.879s][info][gc] GC(246) Pause Young (Allocation Failure) 808M->537M(991M) 0.307ms
[2020-01-31T08:53:43.157+0300][13.930s][info][gc] GC(247) Pause Young (Allocation Failure) 808M->537M(991M) 0.326ms
[2020-01-31T08:53:43.208+0300][13.981s][info][gc] GC(248) Pause Young (Allocation Failure) 808M->537M(991M) 0.317ms
[2020-01-31T08:53:43.259+0300][14.031s][info][gc] GC(249) Pause Young (Allocation Failure) 808M->537M(991M) 0.298ms
[2020-01-31T08:53:43.309+0300][14.081s][info][gc] GC(250) Pause Young (Allocation Failure) 808M->537M(991M) 0.301ms
[2020-01-31T08:53:43.359+0300][14.131s][info][gc] GC(251) Pause Young (Allocation Failure) 808M->537M(991M) 0.322ms
[2020-01-31T08:53:43.409+0300][14.182s][info][gc] GC(252) Pause Young (Allocation Failure) 808M->537M(991M) 0.296ms
[2020-01-31T08:53:43.460+0300][14.233s][info][gc] GC(253) Pause Young (Allocation Failure) 808M->537M(991M) 0.295ms
[2020-01-31T08:53:43.510+0300][14.283s][info][gc] GC(254) Pause Young (Allocation Failure) 808M->537M(991M) 0.297ms
[2020-01-31T08:53:43.560+0300][14.333s][info][gc] GC(255) Pause Young (Allocation Failure) 808M->537M(991M) 0.324ms
[2020-01-31T08:53:43.611+0300][14.383s][info][gc] GC(256) Pause Young (Allocation Failure) 808M->537M(991M) 0.297ms
[2020-01-31T08:53:43.661+0300][14.433s][info][gc] GC(257) Pause Young (Allocation Failure) 808M->537M(991M) 0.293ms
[2020-01-31T08:53:43.711+0300][14.483s][info][gc] GC(258) Pause Young (Allocation Failure) 808M->537M(991M) 0.294ms
[2020-01-31T08:53:43.761+0300][14.533s][info][gc] GC(259) Pause Young (Allocation Failure) 808M->537M(991M) 0.292ms
[2020-01-31T08:53:43.811+0300][14.584s][info][gc] GC(260) Pause Young (Allocation Failure) 808M->537M(991M) 0.293ms
[2020-01-31T08:53:43.861+0300][14.634s][info][gc] GC(261) Pause Young (Allocation Failure) 808M->537M(991M) 0.294ms
[2020-01-31T08:53:43.911+0300][14.684s][info][gc] GC(262) Pause Young (Allocation Failure) 808M->537M(991M) 0.279ms
[2020-01-31T08:53:43.961+0300][14.734s][info][gc] GC(263) Pause Young (Allocation Failure) 808M->537M(991M) 0.285ms
[2020-01-31T08:53:44.011+0300][14.783s][info][gc] GC(264) Pause Young (Allocation Failure) 808M->537M(991M) 0.278ms
[2020-01-31T08:53:44.062+0300][14.834s][info][gc] GC(265) Pause Young (Allocation Failure) 808M->537M(991M) 0.274ms
[2020-01-31T08:53:44.113+0300][14.885s][info][gc] GC(266) Pause Young (Allocation Failure) 808M->537M(991M) 0.289ms
[2020-01-31T08:53:44.163+0300][14.936s][info][gc] GC(267) Pause Young (Allocation Failure) 808M->537M(991M) 0.294ms
[2020-01-31T08:53:44.213+0300][14.986s][info][gc] GC(268) Pause Young (Allocation Failure) 808M->537M(991M) 0.289ms
[2020-01-31T08:53:44.263+0300][15.036s][info][gc] GC(269) Pause Young (Allocation Failure) 808M->537M(991M) 0.325ms
[2020-01-31T08:53:44.315+0300][15.088s][info][gc] GC(270) Pause Young (Allocation Failure) 808M->537M(991M) 0.292ms
[2020-01-31T08:53:44.365+0300][15.137s][info][gc] GC(271) Pause Young (Allocation Failure) 808M->537M(991M) 0.289ms
[2020-01-31T08:53:44.415+0300][15.187s][info][gc] GC(272) Pause Young (Allocation Failure) 808M->537M(991M) 0.289ms
[2020-01-31T08:53:44.465+0300][15.237s][info][gc] GC(273) Pause Young (Allocation Failure) 808M->537M(991M) 0.294ms
[2020-01-31T08:53:44.516+0300][15.288s][info][gc] GC(274) Pause Young (Allocation Failure) 808M->537M(991M) 0.289ms
[2020-01-31T08:53:44.565+0300][15.338s][info][gc] GC(275) Pause Young (Allocation Failure) 808M->537M(991M) 0.289ms
[2020-01-31T08:53:44.615+0300][15.388s][info][gc] GC(276) Pause Young (Allocation Failure) 808M->537M(991M) 0.287ms
[2020-01-31T08:53:44.665+0300][15.438s][info][gc] GC(277) Pause Young (Allocation Failure) 808M->537M(991M) 0.297ms
[2020-01-31T08:53:44.715+0300][15.487s][info][gc] GC(278) Pause Young (Allocation Failure) 808M->537M(991M) 0.292ms
[2020-01-31T08:53:44.765+0300][15.537s][info][gc] GC(279) Pause Young (Allocation Failure) 808M->537M(991M) 0.291ms
[2020-01-31T08:53:44.815+0300][15.587s][info][gc] GC(280) Pause Young (Allocation Failure) 808M->537M(991M) 0.292ms
[2020-01-31T08:53:44.865+0300][15.637s][info][gc] GC(281) Pause Young (Allocation Failure) 808M->537M(991M) 0.298ms
[2020-01-31T08:53:44.914+0300][15.687s][info][gc] GC(282) Pause Young (Allocation Failure) 808M->537M(991M) 0.283ms
[2020-01-31T08:53:44.964+0300][15.737s][info][gc] GC(283) Pause Young (Allocation Failure) 808M->537M(991M) 0.282ms
[2020-01-31T08:53:45.015+0300][15.788s][info][gc] GC(284) Pause Young (Allocation Failure) 808M->537M(991M) 0.279ms
[2020-01-31T08:53:45.065+0300][15.838s][info][gc] GC(285) Pause Young (Allocation Failure) 808M->537M(991M) 0.281ms
[2020-01-31T08:53:45.117+0300][15.889s][info][gc] GC(286) Pause Young (Allocation Failure) 808M->537M(991M) 0.298ms
[2020-01-31T08:53:45.167+0300][15.939s][info][gc] GC(287) Pause Young (Allocation Failure) 808M->537M(991M) 0.304ms
[2020-01-31T08:53:45.217+0300][15.989s][info][gc] GC(288) Pause Young (Allocation Failure) 808M->537M(991M) 0.335ms
[2020-01-31T08:53:45.267+0300][16.040s][info][gc] GC(289) Pause Young (Allocation Failure) 808M->537M(991M) 0.303ms
[2020-01-31T08:53:45.318+0300][16.091s][info][gc] GC(290) Pause Young (Allocation Failure) 808M->537M(991M) 0.305ms
[2020-01-31T08:53:45.369+0300][16.142s][info][gc] GC(291) Pause Young (Allocation Failure) 808M->537M(991M) 0.302ms
[2020-01-31T08:53:45.419+0300][16.192s][info][gc] GC(292) Pause Young (Allocation Failure) 808M->537M(991M) 0.330ms
[2020-01-31T08:53:45.470+0300][16.242s][info][gc] GC(293) Pause Young (Allocation Failure) 808M->537M(991M) 0.298ms
[2020-01-31T08:53:45.521+0300][16.293s][info][gc] GC(294) Pause Young (Allocation Failure) 808M->537M(991M) 0.299ms
[2020-01-31T08:53:45.572+0300][16.344s][info][gc] GC(295) Pause Young (Allocation Failure) 808M->537M(991M) 0.298ms
[2020-01-31T08:53:45.622+0300][16.394s][info][gc] GC(296) Pause Young (Allocation Failure) 808M->537M(991M) 0.338ms
[2020-01-31T08:53:45.672+0300][16.445s][info][gc] GC(297) Pause Young (Allocation Failure) 808M->537M(991M) 0.302ms
[2020-01-31T08:53:45.723+0300][16.496s][info][gc] GC(298) Pause Young (Allocation Failure) 808M->537M(991M) 0.303ms
[2020-01-31T08:53:45.773+0300][16.546s][info][gc] GC(299) Pause Young (Allocation Failure) 808M->537M(991M) 0.305ms
[2020-01-31T08:53:45.823+0300][16.596s][info][gc] GC(300) Pause Young (Allocation Failure) 808M->537M(991M) 0.335ms
[2020-01-31T08:53:45.874+0300][16.646s][info][gc] GC(301) Pause Young (Allocation Failure) 808M->537M(991M) 0.306ms
[2020-01-31T08:53:45.925+0300][16.697s][info][gc] GC(302) Pause Young (Allocation Failure) 808M->537M(991M) 0.280ms
[2020-01-31T08:53:45.974+0300][16.746s][info][gc] GC(303) Pause Young (Allocation Failure) 808M->537M(991M) 0.279ms
[2020-01-31T08:53:46.023+0300][16.796s][info][gc] GC(304) Pause Young (Allocation Failure) 808M->537M(991M) 0.285ms
[2020-01-31T08:53:46.074+0300][16.847s][info][gc] GC(305) Pause Young (Allocation Failure) 808M->537M(991M) 0.282ms
[2020-01-31T08:53:46.126+0300][16.899s][info][gc] GC(306) Pause Young (Allocation Failure) 808M->537M(991M) 0.305ms
[2020-01-31T08:53:46.177+0300][16.950s][info][gc] GC(307) Pause Young (Allocation Failure) 808M->537M(991M) 0.298ms
[2020-01-31T08:53:46.227+0300][16.999s][info][gc] GC(308) Pause Young (Allocation Failure) 808M->537M(991M) 0.304ms
[2020-01-31T08:53:46.277+0300][17.049s][info][gc] GC(309) Pause Young (Allocation Failure) 808M->537M(991M) 0.328ms
[2020-01-31T08:53:46.328+0300][17.100s][info][gc] GC(310) Pause Young (Allocation Failure) 808M->537M(991M) 0.322ms
[2020-01-31T08:53:46.379+0300][17.151s][info][gc] GC(311) Pause Young (Allocation Failure) 808M->537M(991M) 0.296ms
[2020-01-31T08:53:46.428+0300][17.201s][info][gc] GC(312) Pause Young (Allocation Failure) 808M->537M(991M) 0.298ms
[2020-01-31T08:53:46.478+0300][17.251s][info][gc] GC(313) Pause Young (Allocation Failure) 808M->537M(991M) 0.296ms
[2020-01-31T08:53:46.528+0300][17.301s][info][gc] GC(314) Pause Young (Allocation Failure) 808M->537M(991M) 0.293ms
[2020-01-31T08:53:46.578+0300][17.351s][info][gc] GC(315) Pause Young (Allocation Failure) 808M->537M(991M) 0.299ms
[2020-01-31T08:53:46.628+0300][17.400s][info][gc] GC(316) Pause Young (Allocation Failure) 808M->537M(991M) 0.300ms
[2020-01-31T08:53:46.678+0300][17.450s][info][gc] GC(317) Pause Young (Allocation Failure) 808M->537M(991M) 0.298ms
[2020-01-31T08:53:46.728+0300][17.500s][info][gc] GC(318) Pause Young (Allocation Failure) 808M->537M(991M) 0.298ms
[2020-01-31T08:53:46.778+0300][17.551s][info][gc] GC(319) Pause Young (Allocation Failure) 808M->537M(991M) 0.298ms
[2020-01-31T08:53:46.828+0300][17.601s][info][gc] GC(320) Pause Young (Allocation Failure) 808M->537M(991M) 0.296ms
[2020-01-31T08:53:46.878+0300][17.651s][info][gc] GC(321) Pause Young (Allocation Failure) 808M->537M(991M) 0.305ms
[2020-01-31T08:53:46.928+0300][17.701s][info][gc] GC(322) Pause Young (Allocation Failure) 808M->537M(991M) 0.283ms
[2020-01-31T08:53:46.978+0300][17.750s][info][gc] GC(323) Pause Young (Allocation Failure) 808M->537M(991M) 0.287ms
[2020-01-31T08:53:47.029+0300][17.801s][info][gc] GC(324) Pause Young (Allocation Failure) 808M->537M(991M) 0.288ms
[2020-01-31T08:53:47.079+0300][17.851s][info][gc] GC(325) Pause Young (Allocation Failure) 808M->537M(991M) 0.282ms
[2020-01-31T08:53:47.131+0300][17.903s][info][gc] GC(326) Pause Young (Allocation Failure) 808M->537M(991M) 0.305ms
[2020-01-31T08:53:47.180+0300][17.953s][info][gc] GC(327) Pause Young (Allocation Failure) 808M->537M(991M) 0.303ms
[2020-01-31T08:53:47.230+0300][18.003s][info][gc] GC(328) Pause Young (Allocation Failure) 808M->537M(991M) 0.299ms
[2020-01-31T08:53:47.281+0300][18.054s][info][gc] GC(329) Pause Young (Allocation Failure) 808M->537M(991M) 0.302ms
[2020-01-31T08:53:47.331+0300][18.104s][info][gc] GC(330) Pause Young (Allocation Failure) 808M->537M(991M) 0.296ms
[2020-01-31T08:53:47.381+0300][18.153s][info][gc] GC(331) Pause Young (Allocation Failure) 808M->537M(991M) 0.302ms
[2020-01-31T08:53:47.431+0300][18.203s][info][gc] GC(332) Pause Young (Allocation Failure) 808M->537M(991M) 0.305ms
[2020-01-31T08:53:47.481+0300][18.253s][info][gc] GC(333) Pause Young (Allocation Failure) 808M->537M(991M) 0.303ms
[2020-01-31T08:53:47.531+0300][18.304s][info][gc] GC(334) Pause Young (Allocation Failure) 808M->537M(991M) 0.300ms
[2020-01-31T08:53:47.581+0300][18.354s][info][gc] GC(335) Pause Young (Allocation Failure) 808M->537M(991M) 0.298ms
[2020-01-31T08:53:47.631+0300][18.404s][info][gc] GC(336) Pause Young (Allocation Failure) 808M->537M(991M) 0.304ms
[2020-01-31T08:53:47.681+0300][18.454s][info][gc] GC(337) Pause Young (Allocation Failure) 808M->537M(991M) 0.304ms
[2020-01-31T08:53:47.731+0300][18.503s][info][gc] GC(338) Pause Young (Allocation Failure) 808M->537M(991M) 0.298ms
[2020-01-31T08:53:47.781+0300][18.553s][info][gc] GC(339) Pause Young (Allocation Failure) 808M->537M(991M) 0.335ms
[2020-01-31T08:53:47.831+0300][18.603s][info][gc] GC(340) Pause Young (Allocation Failure) 808M->537M(991M) 0.298ms
[2020-01-31T08:53:47.881+0300][18.653s][info][gc] GC(341) Pause Young (Allocation Failure) 808M->537M(991M) 0.309ms
[2020-01-31T08:53:47.930+0300][18.703s][info][gc] GC(342) Pause Young (Allocation Failure) 808M->537M(991M) 0.290ms
[2020-01-31T08:53:47.980+0300][18.753s][info][gc] GC(343) Pause Young (Allocation Failure) 808M->537M(991M) 0.329ms
[2020-01-31T08:53:48.031+0300][18.804s][info][gc] GC(344) Pause Young (Allocation Failure) 808M->537M(991M) 0.282ms
[2020-01-31T08:53:48.081+0300][18.853s][info][gc] GC(345) Pause Young (Allocation Failure) 808M->537M(991M) 0.283ms
[2020-01-31T08:53:48.133+0300][18.905s][info][gc] GC(346) Pause Young (Allocation Failure) 808M->537M(991M) 0.307ms
[2020-01-31T08:53:48.183+0300][18.955s][info][gc] GC(347) Pause Young (Allocation Failure) 808M->537M(991M) 0.302ms
[2020-01-31T08:53:48.233+0300][19.005s][info][gc] GC(348) Pause Young (Allocation Failure) 808M->537M(991M) 0.300ms
[2020-01-31T08:53:48.283+0300][19.056s][info][gc] GC(349) Pause Young (Allocation Failure) 808M->537M(991M) 0.303ms
[2020-01-31T08:53:48.333+0300][19.106s][info][gc] GC(350) Pause Young (Allocation Failure) 808M->537M(991M) 0.302ms
[2020-01-31T08:53:48.383+0300][19.156s][info][gc] GC(351) Pause Young (Allocation Failure) 808M->537M(991M) 0.299ms
[2020-01-31T08:53:48.433+0300][19.206s][info][gc] GC(352) Pause Young (Allocation Failure) 808M->537M(991M) 0.308ms
[2020-01-31T08:53:48.483+0300][19.255s][info][gc] GC(353) Pause Young (Allocation Failure) 808M->537M(991M) 0.301ms
[2020-01-31T08:53:48.534+0300][19.306s][info][gc] GC(354) Pause Young (Allocation Failure) 808M->537M(991M) 0.303ms
[2020-01-31T08:53:48.584+0300][19.356s][info][gc] GC(355) Pause Young (Allocation Failure) 808M->537M(991M) 0.300ms
[2020-01-31T08:53:48.633+0300][19.406s][info][gc] GC(356) Pause Young (Allocation Failure) 808M->537M(991M) 0.302ms
[2020-01-31T08:53:48.683+0300][19.456s][info][gc] GC(357) Pause Young (Allocation Failure) 808M->537M(991M) 0.308ms
[2020-01-31T08:53:48.733+0300][19.506s][info][gc] GC(358) Pause Young (Allocation Failure) 808M->537M(991M) 0.303ms
[2020-01-31T08:53:48.784+0300][19.557s][info][gc] GC(359) Pause Young (Allocation Failure) 808M->537M(991M) 0.302ms
[2020-01-31T08:53:48.834+0300][19.606s][info][gc] GC(360) Pause Young (Allocation Failure) 808M->537M(991M) 0.301ms
[2020-01-31T08:53:48.884+0300][19.656s][info][gc] GC(361) Pause Young (Allocation Failure) 808M->537M(991M) 0.301ms
[2020-01-31T08:53:48.934+0300][19.706s][info][gc] GC(362) Pause Young (Allocation Failure) 808M->537M(991M) 0.296ms
[2020-01-31T08:53:48.984+0300][19.756s][info][gc] GC(363) Pause Young (Allocation Failure) 808M->537M(991M) 0.285ms
[2020-01-31T08:53:49.034+0300][19.807s][info][gc] GC(364) Pause Young (Allocation Failure) 808M->537M(991M) 0.285ms
[2020-01-31T08:53:49.084+0300][19.857s][info][gc] GC(365) Pause Young (Allocation Failure) 808M->537M(991M) 0.280ms
[2020-01-31T08:53:49.136+0300][19.909s][info][gc] GC(366) Pause Young (Allocation Failure) 808M->537M(991M) 0.292ms
[2020-01-31T08:53:49.186+0300][19.959s][info][gc] GC(367) Pause Young (Allocation Failure) 808M->537M(991M) 0.285ms
[2020-01-31T08:53:49.236+0300][20.008s][info][gc] GC(368) Pause Young (Allocation Failure) 808M->537M(991M) 0.310ms
[2020-01-31T08:53:49.287+0300][20.059s][info][gc] GC(369) Pause Young (Allocation Failure) 808M->537M(991M) 0.285ms
[2020-01-31T08:53:49.337+0300][20.109s][info][gc] GC(370) Pause Young (Allocation Failure) 808M->537M(991M) 0.284ms
[2020-01-31T08:53:49.386+0300][20.159s][info][gc] GC(371) Pause Young (Allocation Failure) 808M->537M(991M) 0.281ms
[2020-01-31T08:53:49.436+0300][20.209s][info][gc] GC(372) Pause Young (Allocation Failure) 808M->537M(991M) 0.285ms
[2020-01-31T08:53:49.486+0300][20.259s][info][gc] GC(373) Pause Young (Allocation Failure) 808M->537M(991M) 0.280ms
[2020-01-31T08:53:49.536+0300][20.309s][info][gc] GC(374) Pause Young (Allocation Failure) 808M->537M(991M) 0.281ms
[2020-01-31T08:53:49.586+0300][20.358s][info][gc] GC(375) Pause Young (Allocation Failure) 808M->537M(991M) 0.284ms
[2020-01-31T08:53:49.636+0300][20.408s][info][gc] GC(376) Pause Young (Allocation Failure) 808M->537M(991M) 0.282ms
[2020-01-31T08:53:49.686+0300][20.458s][info][gc] GC(377) Pause Young (Allocation Failure) 808M->537M(991M) 0.299ms
[2020-01-31T08:53:49.737+0300][20.509s][info][gc] GC(378) Pause Young (Allocation Failure) 808M->537M(991M) 0.284ms
[2020-01-31T08:53:49.786+0300][20.559s][info][gc] GC(379) Pause Young (Allocation Failure) 808M->537M(991M) 0.283ms
[2020-01-31T08:53:49.836+0300][20.609s][info][gc] GC(380) Pause Young (Allocation Failure) 808M->537M(991M) 0.284ms
[2020-01-31T08:53:49.886+0300][20.659s][info][gc] GC(381) Pause Young (Allocation Failure) 808M->537M(991M) 0.280ms
[2020-01-31T08:53:49.936+0300][20.709s][info][gc] GC(382) Pause Young (Allocation Failure) 808M->537M(991M) 0.280ms
[2020-01-31T08:53:49.988+0300][20.760s][info][gc] GC(383) Pause Young (Allocation Failure) 808M->537M(991M) 0.279ms
[2020-01-31T08:53:50.038+0300][20.810s][info][gc] GC(384) Pause Young (Allocation Failure) 808M->537M(991M) 0.287ms
[2020-01-31T08:53:50.088+0300][20.860s][info][gc] GC(385) Pause Young (Allocation Failure) 808M->537M(991M) 0.324ms
[2020-01-31T08:53:50.140+0300][20.913s][info][gc] GC(386) Pause Young (Allocation Failure) 808M->537M(991M) 0.297ms
[2020-01-31T08:53:50.191+0300][20.964s][info][gc] GC(387) Pause Young (Allocation Failure) 808M->537M(991M) 0.286ms
[2020-01-31T08:53:50.241+0300][21.014s][info][gc] GC(388) Pause Young (Allocation Failure) 808M->537M(991M) 0.315ms
[2020-01-31T08:53:50.292+0300][21.065s][info][gc] GC(389) Pause Young (Allocation Failure) 808M->537M(991M) 0.300ms
[2020-01-31T08:53:50.342+0300][21.114s][info][gc] GC(390) Pause Young (Allocation Failure) 808M->537M(991M) 0.291ms
[2020-01-31T08:53:50.392+0300][21.164s][info][gc] GC(391) Pause Young (Allocation Failure) 808M->537M(991M) 0.285ms
[2020-01-31T08:53:50.445+0300][21.217s][info][gc] GC(392) Pause Young (Allocation Failure) 808M->537M(991M) 0.284ms
[2020-01-31T08:53:50.495+0300][21.267s][info][gc] GC(393) Pause Young (Allocation Failure) 808M->537M(991M) 0.287ms
[2020-01-31T08:53:50.544+0300][21.317s][info][gc] GC(394) Pause Young (Allocation Failure) 808M->537M(991M) 0.285ms
[2020-01-31T08:53:50.594+0300][21.367s][info][gc] GC(395) Pause Young (Allocation Failure) 808M->537M(991M) 0.285ms
[2020-01-31T08:53:50.644+0300][21.417s][info][gc] GC(396) Pause Young (Allocation Failure) 808M->537M(991M) 0.284ms
[2020-01-31T08:53:50.695+0300][21.467s][info][gc] GC(397) Pause Young (Allocation Failure) 808M->537M(991M) 0.284ms
[2020-01-31T08:53:50.745+0300][21.517s][info][gc] GC(398) Pause Young (Allocation Failure) 808M->537M(991M) 0.288ms
[2020-01-31T08:53:50.795+0300][21.567s][info][gc] GC(399) Pause Young (Allocation Failure) 808M->537M(991M) 0.289ms
[2020-01-31T08:53:50.845+0300][21.617s][info][gc] GC(400) Pause Young (Allocation Failure) 808M->537M(991M) 0.280ms
[2020-01-31T08:53:50.894+0300][21.667s][info][gc] GC(401) Pause Young (Allocation Failure) 808M->537M(991M) 0.279ms
[2020-01-31T08:53:50.945+0300][21.718s][info][gc] GC(402) Pause Young (Allocation Failure) 808M->537M(991M) 0.282ms
[2020-01-31T08:53:50.996+0300][21.769s][info][gc] GC(403) Pause Young (Allocation Failure) 808M->537M(991M) 0.281ms
[2020-01-31T08:53:51.046+0300][21.819s][info][gc] GC(404) Pause Young (Allocation Failure) 808M->537M(991M) 0.285ms
[2020-01-31T08:53:51.096+0300][21.868s][info][gc] GC(405) Pause Young (Allocation Failure) 808M->537M(991M) 0.293ms
[2020-01-31T08:53:51.148+0300][21.920s][info][gc] GC(406) Pause Young (Allocation Failure) 808M->537M(991M) 0.322ms
[2020-01-31T08:53:51.199+0300][21.971s][info][gc] GC(407) Pause Young (Allocation Failure) 808M->537M(991M) 0.307ms
[2020-01-31T08:53:51.249+0300][22.022s][info][gc] GC(408) Pause Young (Allocation Failure) 808M->537M(991M) 0.290ms
[2020-01-31T08:53:51.299+0300][22.072s][info][gc] GC(409) Pause Young (Allocation Failure) 808M->537M(991M) 0.280ms
[2020-01-31T08:53:51.349+0300][22.122s][info][gc] GC(410) Pause Young (Allocation Failure) 808M->537M(991M) 0.314ms
[2020-01-31T08:53:51.400+0300][22.173s][info][gc] GC(411) Pause Young (Allocation Failure) 808M->537M(991M) 0.292ms
[2020-01-31T08:53:51.450+0300][22.222s][info][gc] GC(412) Pause Young (Allocation Failure) 808M->537M(991M) 0.289ms
[2020-01-31T08:53:51.500+0300][22.272s][info][gc] GC(413) Pause Young (Allocation Failure) 808M->537M(991M) 0.290ms
[2020-01-31T08:53:51.550+0300][22.322s][info][gc] GC(414) Pause Young (Allocation Failure) 808M->537M(991M) 0.287ms
[2020-01-31T08:53:51.601+0300][22.373s][info][gc] GC(415) Pause Young (Allocation Failure) 808M->537M(991M) 0.286ms
[2020-01-31T08:53:51.650+0300][22.423s][info][gc] GC(416) Pause Young (Allocation Failure) 808M->537M(991M) 0.289ms
[2020-01-31T08:53:51.700+0300][22.473s][info][gc] GC(417) Pause Young (Allocation Failure) 808M->537M(991M) 0.289ms
[2020-01-31T08:53:51.750+0300][22.523s][info][gc] GC(418) Pause Young (Allocation Failure) 808M->537M(991M) 0.285ms
[2020-01-31T08:53:51.800+0300][22.573s][info][gc] GC(419) Pause Young (Allocation Failure) 808M->537M(991M) 0.287ms
[2020-01-31T08:53:51.850+0300][22.622s][info][gc] GC(420) Pause Young (Allocation Failure) 808M->537M(991M) 0.289ms
[2020-01-31T08:53:51.900+0300][22.672s][info][gc] GC(421) Pause Young (Allocation Failure) 808M->537M(991M) 0.286ms
[2020-01-31T08:53:51.950+0300][22.722s][info][gc] GC(422) Pause Young (Allocation Failure) 808M->537M(991M) 0.289ms
[2020-01-31T08:53:52.000+0300][22.773s][info][gc] GC(423) Pause Young (Allocation Failure) 808M->537M(991M) 0.284ms
[2020-01-31T08:53:52.050+0300][22.823s][info][gc] GC(424) Pause Young (Allocation Failure) 808M->537M(991M) 0.289ms
[2020-01-31T08:53:52.101+0300][22.874s][info][gc] GC(425) Pause Young (Allocation Failure) 808M->537M(991M) 0.320ms
[2020-01-31T08:53:52.154+0300][22.927s][info][gc] GC(426) Pause Young (Allocation Failure) 808M->537M(991M) 0.296ms
[2020-01-31T08:53:52.204+0300][22.976s][info][gc] GC(427) Pause Young (Allocation Failure) 808M->537M(991M) 0.292ms
[2020-01-31T08:53:52.254+0300][23.026s][info][gc] GC(428) Pause Young (Allocation Failure) 808M->537M(991M) 0.284ms
[2020-01-31T08:53:52.304+0300][23.076s][info][gc] GC(429) Pause Young (Allocation Failure) 808M->537M(991M) 0.314ms
[2020-01-31T08:53:52.355+0300][23.127s][info][gc] GC(430) Pause Young (Allocation Failure) 808M->537M(991M) 0.309ms
[2020-01-31T08:53:52.405+0300][23.178s][info][gc] GC(431) Pause Young (Allocation Failure) 808M->537M(991M) 0.294ms
[2020-01-31T08:53:52.455+0300][23.228s][info][gc] GC(432) Pause Young (Allocation Failure) 808M->537M(991M) 0.282ms
[2020-01-31T08:53:52.505+0300][23.278s][info][gc] GC(433) Pause Young (Allocation Failure) 808M->537M(991M) 0.284ms
[2020-01-31T08:53:52.556+0300][23.329s][info][gc] GC(434) Pause Young (Allocation Failure) 808M->537M(991M) 0.281ms
[2020-01-31T08:53:52.606+0300][23.378s][info][gc] GC(435) Pause Young (Allocation Failure) 808M->537M(991M) 0.284ms
[2020-01-31T08:53:52.656+0300][23.428s][info][gc] GC(436) Pause Young (Allocation Failure) 808M->537M(991M) 0.282ms
[2020-01-31T08:53:52.706+0300][23.478s][info][gc] GC(437) Pause Young (Allocation Failure) 808M->537M(991M) 0.286ms
[2020-01-31T08:53:52.755+0300][23.528s][info][gc] GC(438) Pause Young (Allocation Failure) 808M->537M(991M) 0.281ms
[2020-01-31T08:53:52.806+0300][23.579s][info][gc] GC(439) Pause Young (Allocation Failure) 808M->537M(991M) 0.284ms
[2020-01-31T08:53:52.856+0300][23.629s][info][gc] GC(440) Pause Young (Allocation Failure) 808M->537M(991M) 0.285ms
[2020-01-31T08:53:52.906+0300][23.679s][info][gc] GC(441) Pause Young (Allocation Failure) 808M->537M(991M) 0.284ms
[2020-01-31T08:53:52.956+0300][23.728s][info][gc] GC(442) Pause Young (Allocation Failure) 808M->537M(991M) 0.282ms
[2020-01-31T08:53:53.007+0300][23.779s][info][gc] GC(443) Pause Young (Allocation Failure) 808M->537M(991M) 0.282ms
[2020-01-31T08:53:53.058+0300][23.830s][info][gc] GC(444) Pause Young (Allocation Failure) 808M->537M(991M) 0.282ms
[2020-01-31T08:53:53.108+0300][23.880s][info][gc] GC(445) Pause Young (Allocation Failure) 808M->537M(991M) 0.298ms
[2020-01-31T08:53:53.158+0300][23.931s][info][gc] GC(446) Pause Young (Allocation Failure) 808M->537M(991M) 0.296ms
[2020-01-31T08:53:53.208+0300][23.981s][info][gc] GC(447) Pause Young (Allocation Failure) 808M->537M(991M) 0.285ms
[2020-01-31T08:53:53.258+0300][24.031s][info][gc] GC(448) Pause Young (Allocation Failure) 808M->537M(991M) 0.292ms
[2020-01-31T08:53:53.310+0300][24.083s][info][gc] GC(449) Pause Young (Allocation Failure) 808M->537M(991M) 0.283ms
[2020-01-31T08:53:53.361+0300][24.133s][info][gc] GC(450) Pause Young (Allocation Failure) 808M->537M(991M) 0.282ms
[2020-01-31T08:53:53.412+0300][24.184s][info][gc] GC(451) Pause Young (Allocation Failure) 808M->537M(991M) 0.279ms
[2020-01-31T08:53:53.463+0300][24.235s][info][gc] GC(452) Pause Young (Allocation Failure) 808M->537M(991M) 0.287ms
[2020-01-31T08:53:53.512+0300][24.285s][info][gc] GC(453) Pause Young (Allocation Failure) 808M->537M(991M) 0.311ms
[2020-01-31T08:53:53.563+0300][24.336s][info][gc] GC(454) Pause Young (Allocation Failure) 808M->537M(991M) 0.282ms
[2020-01-31T08:53:53.614+0300][24.387s][info][gc] GC(455) Pause Young (Allocation Failure) 808M->537M(991M) 0.283ms
[2020-01-31T08:53:53.664+0300][24.437s][info][gc] GC(456) Pause Young (Allocation Failure) 808M->537M(991M) 0.281ms
[2020-01-31T08:53:53.714+0300][24.486s][info][gc] GC(457) Pause Young (Allocation Failure) 808M->537M(991M) 0.280ms
[2020-01-31T08:53:53.766+0300][24.538s][info][gc] GC(458) Pause Young (Allocation Failure) 808M->537M(991M) 0.280ms
[2020-01-31T08:53:53.816+0300][24.588s][info][gc] GC(459) Pause Young (Allocation Failure) 808M->537M(991M) 0.282ms
[2020-01-31T08:53:53.865+0300][24.638s][info][gc] GC(460) Pause Young (Allocation Failure) 808M->537M(991M) 0.286ms
[2020-01-31T08:53:53.915+0300][24.688s][info][gc] GC(461) Pause Young (Allocation Failure) 808M->537M(991M) 0.285ms
[2020-01-31T08:53:53.965+0300][24.738s][info][gc] GC(462) Pause Young (Allocation Failure) 808M->537M(991M) 0.282ms
[2020-01-31T08:53:54.017+0300][24.790s][info][gc] GC(463) Pause Young (Allocation Failure) 808M->537M(991M) 0.280ms
[2020-01-31T08:53:54.067+0300][24.839s][info][gc] GC(464) Pause Young (Allocation Failure) 808M->537M(991M) 0.284ms
[2020-01-31T08:53:54.119+0300][24.891s][info][gc] GC(465) Pause Young (Allocation Failure) 808M->537M(991M) 0.291ms
[2020-01-31T08:53:54.177+0300][24.949s][info][gc] GC(466) Pause Young (Allocation Failure) 808M->537M(991M) 0.280ms
[2020-01-31T08:53:54.227+0300][24.999s][info][gc] GC(467) Pause Young (Allocation Failure) 808M->537M(991M) 0.281ms
[2020-01-31T08:53:54.276+0300][25.049s][info][gc] GC(468) Pause Young (Allocation Failure) 808M->537M(991M) 0.283ms
[2020-01-31T08:53:54.326+0300][25.099s][info][gc] GC(469) Pause Young (Allocation Failure) 808M->537M(991M) 0.285ms
[2020-01-31T08:53:54.376+0300][25.149s][info][gc] GC(470) Pause Young (Allocation Failure) 808M->537M(991M) 0.283ms
[2020-01-31T08:53:54.426+0300][25.199s][info][gc] GC(471) Pause Young (Allocation Failure) 808M->537M(991M) 0.287ms
[2020-01-31T08:53:54.477+0300][25.249s][info][gc] GC(472) Pause Young (Allocation Failure) 808M->537M(991M) 0.280ms
[2020-01-31T08:53:54.527+0300][25.299s][info][gc] GC(473) Pause Young (Allocation Failure) 808M->537M(991M) 0.284ms
[2020-01-31T08:53:54.577+0300][25.349s][info][gc] GC(474) Pause Young (Allocation Failure) 808M->537M(991M) 0.285ms
[2020-01-31T08:53:54.626+0300][25.399s][info][gc] GC(475) Pause Young (Allocation Failure) 808M->537M(991M) 0.280ms
[2020-01-31T08:53:54.676+0300][25.449s][info][gc] GC(476) Pause Young (Allocation Failure) 808M->537M(991M) 0.286ms
[2020-01-31T08:53:54.727+0300][25.500s][info][gc] GC(477) Pause Young (Allocation Failure) 808M->537M(991M) 0.280ms
[2020-01-31T08:53:54.777+0300][25.550s][info][gc] GC(478) Pause Young (Allocation Failure) 808M->537M(991M) 0.283ms
[2020-01-31T08:53:54.827+0300][25.599s][info][gc] GC(479) Pause Young (Allocation Failure) 808M->537M(991M) 0.284ms
[2020-01-31T08:53:54.877+0300][25.649s][info][gc] GC(480) Pause Young (Allocation Failure) 808M->537M(991M) 0.285ms
[2020-01-31T08:53:54.927+0300][25.699s][info][gc] GC(481) Pause Young (Allocation Failure) 808M->537M(991M) 0.282ms
[2020-01-31T08:53:54.978+0300][25.750s][info][gc] GC(482) Pause Young (Allocation Failure) 808M->537M(991M) 0.282ms
[2020-01-31T08:53:55.029+0300][25.802s][info][gc] GC(483) Pause Young (Allocation Failure) 808M->537M(991M) 0.290ms
[2020-01-31T08:53:55.079+0300][25.852s][info][gc] GC(484) Pause Young (Allocation Failure) 808M->537M(991M) 0.284ms
[2020-01-31T08:53:55.130+0300][25.903s][info][gc] GC(485) Pause Young (Allocation Failure) 808M->537M(991M) 0.293ms
[2020-01-31T08:53:55.180+0300][25.953s][info][gc] GC(486) Pause Young (Allocation Failure) 808M->537M(991M) 0.316ms
[2020-01-31T08:53:55.231+0300][26.003s][info][gc] GC(487) Pause Young (Allocation Failure) 808M->537M(991M) 0.300ms
[2020-01-31T08:53:55.282+0300][26.054s][info][gc] GC(488) Pause Young (Allocation Failure) 808M->537M(991M) 0.286ms
[2020-01-31T08:53:55.332+0300][26.104s][info][gc] GC(489) Pause Young (Allocation Failure) 808M->537M(991M) 0.282ms
[2020-01-31T08:53:55.381+0300][26.154s][info][gc] GC(490) Pause Young (Allocation Failure) 808M->537M(991M) 0.282ms
[2020-01-31T08:53:55.431+0300][26.204s][info][gc] GC(491) Pause Young (Allocation Failure) 808M->537M(991M) 0.282ms
[2020-01-31T08:53:55.481+0300][26.254s][info][gc] GC(492) Pause Young (Allocation Failure) 808M->537M(991M) 0.281ms
[2020-01-31T08:53:55.531+0300][26.304s][info][gc] GC(493) Pause Young (Allocation Failure) 808M->537M(991M) 0.284ms
[2020-01-31T08:53:55.581+0300][26.353s][info][gc] GC(494) Pause Young (Allocation Failure) 808M->537M(991M) 0.281ms
[2020-01-31T08:53:55.631+0300][26.403s][info][gc] GC(495) Pause Young (Allocation Failure) 808M->537M(991M) 0.281ms
[2020-01-31T08:53:55.682+0300][26.454s][info][gc] GC(496) Pause Young (Allocation Failure) 808M->537M(991M) 0.280ms
[2020-01-31T08:53:55.732+0300][26.504s][info][gc] GC(497) Pause Young (Allocation Failure) 808M->537M(991M) 0.282ms
[2020-01-31T08:53:55.781+0300][26.554s][info][gc] GC(498) Pause Young (Allocation Failure) 808M->537M(991M) 0.285ms
