[2020-01-31T08:40:23.448+0300][0.029s][info][gc] Using Parallel
[2020-01-31T08:40:23.988+0300][0.570s][info][gc] GC(0) Pause Young (Allocation Failure) 257M->107M(983M) 131.252ms
[2020-01-31T08:40:24.216+0300][0.798s][info][gc] GC(1) Pause Young (Allocation Failure) 364M->155M(983M) 138.203ms
[2020-01-31T08:40:24.385+0300][0.967s][info][gc] GC(2) Pause Young (Allocation Failure) 412M->189M(983M) 114.704ms
[2020-01-31T08:40:24.537+0300][1.119s][info][gc] GC(3) Pause Young (Allocation Failure) 446M->210M(983M) 90.858ms
[2020-01-31T08:40:24.663+0300][1.245s][info][gc] GC(4) Pause Young (Allocation Failure) 467M->219M(983M) 69.871ms
[2020-01-31T08:40:24.798+0300][1.380s][info][gc] GC(5) Pause Young (Allocation Failure) 476M->218M(840M) 74.754ms
[2020-01-31T08:40:24.886+0300][1.468s][info][gc] GC(6) Pause Young (Allocation Failure) 315M->179M(912M) 49.252ms
[2020-01-31T08:40:24.991+0300][1.573s][info][gc] GC(7) Pause Young (Allocation Failure) 293M->293M(912M) 90.597ms
[2020-01-31T08:40:25.078+0300][1.661s][info][gc] GC(8) Pause Young (Allocation Failure) 407M->272M(912M) 63.056ms
[2020-01-31T08:40:25.155+0300][1.737s][info][gc] GC(9) Pause Young (Allocation Failure) 386M->253M(912M) 50.622ms
[2020-01-31T08:40:25.216+0300][1.798s][info][gc] GC(10) Pause Young (Allocation Failure) 367M->233M(912M) 36.105ms
[2020-01-31T08:40:25.262+0300][1.844s][info][gc] GC(11) Pause Young (Allocation Failure) 347M->214M(912M) 21.500ms
[2020-01-31T08:40:25.286+0300][1.868s][info][gc] GC(12) Pause Young (Allocation Failure) 314M->179M(912M) 0.842ms
[2020-01-31T08:40:25.359+0300][1.940s][info][gc] GC(13) Pause Young (Allocation Failure) 293M->293M(912M) 59.532ms
[2020-01-31T08:40:25.437+0300][2.019s][info][gc] GC(14) Pause Young (Allocation Failure) 407M->274M(912M) 55.714ms
[2020-01-31T08:40:25.510+0300][2.092s][info][gc] GC(15) Pause Young (Allocation Failure) 388M->254M(912M) 49.856ms
[2020-01-31T08:40:25.564+0300][2.146s][info][gc] GC(16) Pause Young (Allocation Failure) 368M->235M(912M) 29.937ms
[2020-01-31T08:40:25.609+0300][2.191s][info][gc] GC(17) Pause Young (Allocation Failure) 349M->215M(912M) 19.931ms
[2020-01-31T08:40:25.632+0300][2.214s][info][gc] GC(18) Pause Young (Allocation Failure) 313M->179M(912M) 0.476ms
[2020-01-31T08:40:25.704+0300][2.286s][info][gc] GC(19) Pause Young (Allocation Failure) 293M->293M(912M) 59.603ms
[2020-01-31T08:40:25.778+0300][2.361s][info][gc] GC(20) Pause Young (Allocation Failure) 407M->274M(912M) 51.694ms
[2020-01-31T08:40:25.843+0300][2.425s][info][gc] GC(21) Pause Young (Allocation Failure) 388M->254M(912M) 41.535ms
[2020-01-31T08:40:25.896+0300][2.478s][info][gc] GC(22) Pause Young (Allocation Failure) 368M->235M(912M) 30.727ms
[2020-01-31T08:40:25.939+0300][2.521s][info][gc] GC(23) Pause Young (Allocation Failure) 349M->215M(912M) 19.662ms
[2020-01-31T08:40:25.963+0300][2.545s][info][gc] GC(24) Pause Young (Allocation Failure) 313M->180M(912M) 0.485ms
[2020-01-31T08:40:26.066+0300][2.648s][info][gc] GC(25) Pause Young (Allocation Failure) 294M->294M(912M) 90.013ms
[2020-01-31T08:40:26.145+0300][2.728s][info][gc] GC(26) Pause Young (Allocation Failure) 408M->274M(912M) 55.381ms
[2020-01-31T08:40:26.210+0300][2.792s][info][gc] GC(27) Pause Young (Allocation Failure) 388M->254M(912M) 41.464ms
[2020-01-31T08:40:26.262+0300][2.844s][info][gc] GC(28) Pause Young (Allocation Failure) 368M->235M(912M) 29.497ms
[2020-01-31T08:40:26.306+0300][2.888s][info][gc] GC(29) Pause Young (Allocation Failure) 349M->215M(912M) 19.817ms
[2020-01-31T08:40:26.329+0300][2.911s][info][gc] GC(30) Pause Young (Allocation Failure) 315M->180M(912M) 0.707ms
[2020-01-31T08:40:26.402+0300][2.983s][info][gc] GC(31) Pause Young (Allocation Failure) 294M->294M(912M) 59.776ms
[2020-01-31T08:40:26.474+0300][3.056s][info][gc] GC(32) Pause Young (Allocation Failure) 408M->274M(912M) 49.961ms
[2020-01-31T08:40:26.539+0300][3.122s][info][gc] GC(33) Pause Young (Allocation Failure) 388M->255M(912M) 43.101ms
[2020-01-31T08:40:26.593+0300][3.175s][info][gc] GC(34) Pause Young (Allocation Failure) 369M->235M(912M) 30.425ms
[2020-01-31T08:40:26.637+0300][3.220s][info][gc] GC(35) Pause Young (Allocation Failure) 349M->215M(912M) 20.173ms
[2020-01-31T08:40:26.661+0300][3.243s][info][gc] GC(36) Pause Young (Allocation Failure) 316M->180M(912M) 0.826ms
[2020-01-31T08:40:26.742+0300][3.324s][info][gc] GC(37) Pause Young (Allocation Failure) 294M->294M(912M) 67.462ms
[2020-01-31T08:40:26.827+0300][3.409s][info][gc] GC(38) Pause Young (Allocation Failure) 408M->274M(912M) 61.889ms
[2020-01-31T08:40:26.891+0300][3.473s][info][gc] GC(39) Pause Young (Allocation Failure) 388M->255M(912M) 41.204ms
[2020-01-31T08:40:26.944+0300][3.527s][info][gc] GC(40) Pause Young (Allocation Failure) 369M->235M(912M) 30.665ms
[2020-01-31T08:40:26.988+0300][3.570s][info][gc] GC(41) Pause Young (Allocation Failure) 349M->215M(912M) 19.340ms
[2020-01-31T08:40:27.011+0300][3.593s][info][gc] GC(42) Pause Young (Allocation Failure) 313M->180M(912M) 0.477ms
[2020-01-31T08:40:27.084+0300][3.666s][info][gc] GC(43) Pause Young (Allocation Failure) 294M->294M(912M) 60.755ms
[2020-01-31T08:40:27.158+0300][3.739s][info][gc] GC(44) Pause Young (Allocation Failure) 408M->274M(912M) 49.992ms
[2020-01-31T08:40:27.223+0300][3.804s][info][gc] GC(45) Pause Young (Allocation Failure) 388M->255M(912M) 41.646ms
[2020-01-31T08:40:27.275+0300][3.857s][info][gc] GC(46) Pause Young (Allocation Failure) 369M->235M(912M) 29.877ms
[2020-01-31T08:40:27.317+0300][3.899s][info][gc] GC(47) Pause Young (Allocation Failure) 349M->216M(912M) 19.852ms
[2020-01-31T08:40:27.340+0300][3.922s][info][gc] GC(48) Pause Young (Allocation Failure) 314M->180M(912M) 0.582ms
[2020-01-31T08:40:27.428+0300][4.010s][info][gc] GC(49) Pause Young (Allocation Failure) 294M->294M(912M) 75.150ms
[2020-01-31T08:40:27.501+0300][4.083s][info][gc] GC(50) Pause Young (Allocation Failure) 408M->274M(912M) 50.374ms
[2020-01-31T08:40:27.564+0300][4.146s][info][gc] GC(51) Pause Young (Allocation Failure) 388M->255M(912M) 40.003ms
[2020-01-31T08:40:27.616+0300][4.198s][info][gc] GC(52) Pause Young (Allocation Failure) 369M->235M(912M) 30.201ms
[2020-01-31T08:40:27.659+0300][4.241s][info][gc] GC(53) Pause Young (Allocation Failure) 349M->216M(912M) 20.659ms
[2020-01-31T08:40:27.682+0300][4.264s][info][gc] GC(54) Pause Young (Allocation Failure) 314M->180M(912M) 0.475ms
[2020-01-31T08:40:27.755+0300][4.337s][info][gc] GC(55) Pause Young (Allocation Failure) 294M->294M(912M) 59.807ms
[2020-01-31T08:40:27.831+0300][4.413s][info][gc] GC(56) Pause Young (Allocation Failure) 408M->274M(912M) 52.166ms
[2020-01-31T08:40:27.897+0300][4.478s][info][gc] GC(57) Pause Young (Allocation Failure) 388M->255M(912M) 42.506ms
[2020-01-31T08:40:27.951+0300][4.533s][info][gc] GC(58) Pause Young (Allocation Failure) 369M->235M(912M) 31.126ms
[2020-01-31T08:40:27.995+0300][4.578s][info][gc] GC(59) Pause Young (Allocation Failure) 349M->216M(912M) 20.326ms
[2020-01-31T08:40:28.018+0300][4.600s][info][gc] GC(60) Pause Young (Allocation Failure) 314M->180M(912M) 0.484ms
[2020-01-31T08:40:28.093+0300][4.675s][info][gc] GC(61) Pause Young (Allocation Failure) 294M->294M(912M) 61.976ms
[2020-01-31T08:40:28.167+0300][4.749s][info][gc] GC(62) Pause Young (Allocation Failure) 408M->275M(912M) 51.490ms
[2020-01-31T08:40:28.244+0300][4.826s][info][gc] GC(63) Pause Young (Allocation Failure) 389M->255M(912M) 47.064ms
[2020-01-31T08:40:28.298+0300][4.880s][info][gc] GC(64) Pause Young (Allocation Failure) 369M->235M(912M) 30.259ms
[2020-01-31T08:40:28.341+0300][4.923s][info][gc] GC(65) Pause Young (Allocation Failure) 349M->216M(912M) 19.987ms
[2020-01-31T08:40:28.363+0300][4.945s][info][gc] GC(66) Pause Young (Allocation Failure) 316M->180M(912M) 0.473ms
[2020-01-31T08:40:28.443+0300][5.025s][info][gc] GC(67) Pause Young (Allocation Failure) 294M->294M(912M) 66.148ms
[2020-01-31T08:40:28.517+0300][5.099s][info][gc] GC(68) Pause Young (Allocation Failure) 408M->275M(912M) 51.058ms
[2020-01-31T08:40:28.580+0300][5.162s][info][gc] GC(69) Pause Young (Allocation Failure) 389M->255M(912M) 39.720ms
[2020-01-31T08:40:28.634+0300][5.216s][info][gc] GC(70) Pause Young (Allocation Failure) 369M->235M(912M) 31.339ms
[2020-01-31T08:40:28.681+0300][5.262s][info][gc] GC(71) Pause Young (Allocation Failure) 349M->216M(912M) 20.918ms
[2020-01-31T08:40:28.705+0300][5.287s][info][gc] GC(72) Pause Young (Allocation Failure) 316M->180M(912M) 0.484ms
[2020-01-31T08:40:28.783+0300][5.365s][info][gc] GC(73) Pause Young (Allocation Failure) 294M->294M(912M) 65.560ms
[2020-01-31T08:40:28.859+0300][5.441s][info][gc] GC(74) Pause Young (Allocation Failure) 408M->275M(912M) 53.428ms
[2020-01-31T08:40:28.926+0300][5.508s][info][gc] GC(75) Pause Young (Allocation Failure) 389M->255M(912M) 44.015ms
[2020-01-31T08:40:28.980+0300][5.561s][info][gc] GC(76) Pause Young (Allocation Failure) 369M->236M(912M) 30.794ms
[2020-01-31T08:40:29.023+0300][5.605s][info][gc] GC(77) Pause Young (Allocation Failure) 350M->216M(912M) 19.778ms
[2020-01-31T08:40:29.046+0300][5.628s][info][gc] GC(78) Pause Young (Allocation Failure) 314M->180M(912M) 0.479ms
[2020-01-31T08:40:29.119+0300][5.702s][info][gc] GC(79) Pause Young (Allocation Failure) 294M->294M(912M) 61.362ms
[2020-01-31T08:40:29.198+0300][5.780s][info][gc] GC(80) Pause Young (Allocation Failure) 408M->275M(912M) 54.861ms
[2020-01-31T08:40:29.270+0300][5.852s][info][gc] GC(81) Pause Young (Allocation Failure) 389M->255M(912M) 48.323ms
[2020-01-31T08:40:29.330+0300][5.912s][info][gc] GC(82) Pause Young (Allocation Failure) 369M->236M(912M) 35.472ms
[2020-01-31T08:40:29.374+0300][5.956s][info][gc] GC(83) Pause Young (Allocation Failure) 350M->216M(912M) 22.204ms
[2020-01-31T08:40:29.398+0300][5.980s][info][gc] GC(84) Pause Young (Allocation Failure) 314M->180M(912M) 0.847ms
[2020-01-31T08:40:29.483+0300][6.066s][info][gc] GC(85) Pause Young (Allocation Failure) 294M->294M(912M) 70.725ms
[2020-01-31T08:40:29.590+0300][6.172s][info][gc] GC(86) Pause Young (Allocation Failure) 408M->275M(912M) 82.468ms
[2020-01-31T08:40:29.675+0300][6.257s][info][gc] GC(87) Pause Young (Allocation Failure) 389M->255M(912M) 61.585ms
[2020-01-31T08:40:29.728+0300][6.309s][info][gc] GC(88) Pause Young (Allocation Failure) 369M->236M(912M) 29.814ms
[2020-01-31T08:40:29.770+0300][6.351s][info][gc] GC(89) Pause Young (Allocation Failure) 350M->216M(912M) 19.321ms
[2020-01-31T08:40:29.793+0300][6.375s][info][gc] GC(90) Pause Young (Allocation Failure) 314M->180M(912M) 0.853ms
[2020-01-31T08:40:29.869+0300][6.451s][info][gc] GC(91) Pause Young (Allocation Failure) 294M->294M(912M) 63.334ms
[2020-01-31T08:40:29.944+0300][6.526s][info][gc] GC(92) Pause Young (Allocation Failure) 408M->275M(912M) 51.818ms
[2020-01-31T08:40:30.008+0300][6.590s][info][gc] GC(93) Pause Young (Allocation Failure) 389M->255M(912M) 41.150ms
[2020-01-31T08:40:30.061+0300][6.643s][info][gc] GC(94) Pause Young (Allocation Failure) 369M->236M(912M) 29.175ms
[2020-01-31T08:40:30.103+0300][6.685s][info][gc] GC(95) Pause Young (Allocation Failure) 350M->216M(912M) 19.652ms
[2020-01-31T08:40:30.126+0300][6.708s][info][gc] GC(96) Pause Young (Allocation Failure) 314M->181M(912M) 0.477ms
[2020-01-31T08:40:30.202+0300][6.783s][info][gc] GC(97) Pause Young (Allocation Failure) 295M->295M(912M) 63.233ms
[2020-01-31T08:40:30.277+0300][6.860s][info][gc] GC(98) Pause Young (Allocation Failure) 409M->275M(912M) 51.840ms
[2020-01-31T08:40:30.341+0300][6.924s][info][gc] GC(99) Pause Young (Allocation Failure) 389M->255M(912M) 41.023ms
[2020-01-31T08:40:30.394+0300][6.976s][info][gc] GC(100) Pause Young (Allocation Failure) 369M->236M(912M) 29.604ms
[2020-01-31T08:40:30.437+0300][7.019s][info][gc] GC(101) Pause Young (Allocation Failure) 350M->216M(912M) 19.682ms
[2020-01-31T08:40:30.460+0300][7.042s][info][gc] GC(102) Pause Young (Allocation Failure) 314M->181M(912M) 0.482ms
[2020-01-31T08:40:30.535+0300][7.117s][info][gc] GC(103) Pause Young (Allocation Failure) 295M->295M(912M) 62.409ms
[2020-01-31T08:40:30.609+0300][7.191s][info][gc] GC(104) Pause Young (Allocation Failure) 409M->275M(912M) 50.674ms
[2020-01-31T08:40:30.676+0300][7.258s][info][gc] GC(105) Pause Young (Allocation Failure) 389M->256M(912M) 43.899ms
[2020-01-31T08:40:30.728+0300][7.310s][info][gc] GC(106) Pause Young (Allocation Failure) 370M->236M(912M) 29.521ms
[2020-01-31T08:40:30.771+0300][7.353s][info][gc] GC(107) Pause Young (Allocation Failure) 350M->216M(912M) 19.366ms
[2020-01-31T08:40:30.794+0300][7.376s][info][gc] GC(108) Pause Young (Allocation Failure) 314M->181M(912M) 0.623ms
[2020-01-31T08:40:30.866+0300][7.448s][info][gc] GC(109) Pause Young (Allocation Failure) 295M->295M(912M) 59.580ms
[2020-01-31T08:40:30.943+0300][7.525s][info][gc] GC(110) Pause Young (Allocation Failure) 409M->275M(912M) 52.843ms
[2020-01-31T08:40:31.005+0300][7.587s][info][gc] GC(111) Pause Young (Allocation Failure) 389M->256M(912M) 39.456ms
[2020-01-31T08:40:31.058+0300][7.640s][info][gc] GC(112) Pause Young (Allocation Failure) 370M->236M(912M) 30.056ms
[2020-01-31T08:40:31.100+0300][7.682s][info][gc] GC(113) Pause Young (Allocation Failure) 350M->217M(912M) 19.970ms
[2020-01-31T08:40:31.124+0300][7.707s][info][gc] GC(114) Pause Young (Allocation Failure) 314M->181M(912M) 0.847ms
[2020-01-31T08:40:31.200+0300][7.781s][info][gc] GC(115) Pause Young (Allocation Failure) 295M->295M(912M) 62.146ms
[2020-01-31T08:40:31.274+0300][7.856s][info][gc] GC(116) Pause Young (Allocation Failure) 409M->275M(912M) 51.950ms
[2020-01-31T08:40:31.337+0300][7.919s][info][gc] GC(117) Pause Young (Allocation Failure) 389M->256M(912M) 40.209ms
[2020-01-31T08:40:31.390+0300][7.973s][info][gc] GC(118) Pause Young (Allocation Failure) 370M->236M(912M) 30.438ms
[2020-01-31T08:40:31.433+0300][8.015s][info][gc] GC(119) Pause Young (Allocation Failure) 350M->217M(912M) 19.385ms
[2020-01-31T08:40:31.458+0300][8.040s][info][gc] GC(120) Pause Young (Allocation Failure) 315M->181M(912M) 2.218ms
[2020-01-31T08:40:31.531+0300][8.112s][info][gc] GC(121) Pause Young (Allocation Failure) 295M->295M(912M) 60.092ms
[2020-01-31T08:40:31.606+0300][8.187s][info][gc] GC(122) Pause Young (Allocation Failure) 409M->275M(912M) 52.027ms
[2020-01-31T08:40:31.673+0300][8.254s][info][gc] GC(123) Pause Young (Allocation Failure) 389M->256M(912M) 43.415ms
[2020-01-31T08:40:31.725+0300][8.307s][info][gc] GC(124) Pause Young (Allocation Failure) 370M->236M(912M) 29.836ms
[2020-01-31T08:40:31.768+0300][8.351s][info][gc] GC(125) Pause Young (Allocation Failure) 350M->217M(912M) 20.192ms
[2020-01-31T08:40:31.793+0300][8.375s][info][gc] GC(126) Pause Young (Allocation Failure) 315M->181M(912M) 1.192ms
[2020-01-31T08:40:31.871+0300][8.453s][info][gc] GC(127) Pause Young (Allocation Failure) 295M->295M(912M) 65.066ms
[2020-01-31T08:40:31.952+0300][8.534s][info][gc] GC(128) Pause Young (Allocation Failure) 409M->276M(912M) 57.549ms
[2020-01-31T08:40:32.020+0300][8.602s][info][gc] GC(129) Pause Young (Allocation Failure) 390M->256M(912M) 41.821ms
[2020-01-31T08:40:32.074+0300][8.655s][info][gc] GC(130) Pause Young (Allocation Failure) 370M->236M(912M) 29.651ms
[2020-01-31T08:40:32.115+0300][8.698s][info][gc] GC(131) Pause Young (Allocation Failure) 350M->217M(912M) 20.072ms
[2020-01-31T08:40:32.140+0300][8.722s][info][gc] GC(132) Pause Young (Allocation Failure) 315M->181M(912M) 0.928ms
[2020-01-31T08:40:32.245+0300][8.827s][info][gc] GC(133) Pause Young (Allocation Failure) 295M->295M(912M) 92.886ms
[2020-01-31T08:40:32.318+0300][8.900s][info][gc] GC(134) Pause Young (Allocation Failure) 409M->276M(912M) 49.473ms
[2020-01-31T08:40:32.381+0300][8.963s][info][gc] GC(135) Pause Young (Allocation Failure) 390M->256M(912M) 39.653ms
[2020-01-31T08:40:32.434+0300][9.015s][info][gc] GC(136) Pause Young (Allocation Failure) 370M->236M(912M) 29.829ms
[2020-01-31T08:40:32.476+0300][9.058s][info][gc] GC(137) Pause Young (Allocation Failure) 350M->217M(912M) 20.067ms
[2020-01-31T08:40:32.498+0300][9.080s][info][gc] GC(138) Pause Young (Allocation Failure) 315M->181M(912M) 0.477ms
[2020-01-31T08:40:32.581+0300][9.163s][info][gc] GC(139) Pause Young (Allocation Failure) 295M->295M(912M) 69.505ms
[2020-01-31T08:40:32.658+0300][9.240s][info][gc] GC(140) Pause Young (Allocation Failure) 409M->276M(912M) 53.357ms
[2020-01-31T08:40:32.728+0300][9.310s][info][gc] GC(141) Pause Young (Allocation Failure) 390M->256M(912M) 46.572ms
[2020-01-31T08:40:32.788+0300][9.370s][info][gc] GC(142) Pause Young (Allocation Failure) 370M->237M(912M) 36.241ms
[2020-01-31T08:40:32.832+0300][9.413s][info][gc] GC(143) Pause Young (Allocation Failure) 351M->217M(912M) 20.571ms
[2020-01-31T08:40:32.854+0300][9.436s][info][gc] GC(144) Pause Young (Allocation Failure) 315M->181M(912M) 0.484ms
[2020-01-31T08:40:32.929+0300][9.511s][info][gc] GC(145) Pause Young (Allocation Failure) 295M->295M(912M) 62.015ms
[2020-01-31T08:40:33.005+0300][9.587s][info][gc] GC(146) Pause Young (Allocation Failure) 409M->276M(912M) 52.818ms
[2020-01-31T08:40:33.068+0300][9.650s][info][gc] GC(147) Pause Young (Allocation Failure) 390M->256M(912M) 39.691ms
[2020-01-31T08:40:33.120+0300][9.701s][info][gc] GC(148) Pause Young (Allocation Failure) 370M->237M(912M) 28.866ms
[2020-01-31T08:40:33.162+0300][9.744s][info][gc] GC(149) Pause Young (Allocation Failure) 351M->217M(912M) 19.951ms
[2020-01-31T08:40:33.186+0300][9.767s][info][gc] GC(150) Pause Young (Allocation Failure) 315M->181M(912M) 0.960ms
[2020-01-31T08:40:33.258+0300][9.840s][info][gc] GC(151) Pause Young (Allocation Failure) 295M->295M(912M) 59.867ms
[2020-01-31T08:40:33.330+0300][9.913s][info][gc] GC(152) Pause Young (Allocation Failure) 409M->276M(912M) 49.256ms
[2020-01-31T08:40:33.401+0300][9.983s][info][gc] GC(153) Pause Young (Allocation Failure) 390M->256M(912M) 47.726ms
[2020-01-31T08:40:33.456+0300][10.038s][info][gc] GC(154) Pause Young (Allocation Failure) 370M->237M(912M) 31.698ms
[2020-01-31T08:40:33.500+0300][10.082s][info][gc] GC(155) Pause Young (Allocation Failure) 351M->217M(912M) 19.368ms
[2020-01-31T08:40:33.524+0300][10.105s][info][gc] GC(156) Pause Young (Allocation Failure) 315M->181M(912M) 0.934ms
[2020-01-31T08:40:33.594+0300][10.176s][info][gc] GC(157) Pause Young (Allocation Failure) 295M->295M(912M) 59.222ms
[2020-01-31T08:40:33.669+0300][10.251s][info][gc] GC(158) Pause Young (Allocation Failure) 409M->276M(912M) 51.996ms
[2020-01-31T08:40:33.733+0300][10.315s][info][gc] GC(159) Pause Young (Allocation Failure) 390M->256M(912M) 39.816ms
[2020-01-31T08:40:33.785+0300][10.367s][info][gc] GC(160) Pause Young (Allocation Failure) 370M->237M(912M) 29.492ms
[2020-01-31T08:40:33.828+0300][10.410s][info][gc] GC(161) Pause Young (Allocation Failure) 351M->217M(912M) 19.490ms
[2020-01-31T08:40:33.851+0300][10.433s][info][gc] GC(162) Pause Young (Allocation Failure) 315M->181M(912M) 0.476ms
[2020-01-31T08:40:33.932+0300][10.514s][info][gc] GC(163) Pause Young (Allocation Failure) 295M->295M(912M) 69.026ms
[2020-01-31T08:40:34.007+0300][10.589s][info][gc] GC(164) Pause Young (Allocation Failure) 409M->276M(912M) 52.284ms
[2020-01-31T08:40:34.070+0300][10.652s][info][gc] GC(165) Pause Young (Allocation Failure) 390M->256M(912M) 39.480ms
[2020-01-31T08:40:34.122+0300][10.704s][info][gc] GC(166) Pause Young (Allocation Failure) 370M->237M(912M) 29.037ms
[2020-01-31T08:40:34.164+0300][10.746s][info][gc] GC(167) Pause Young (Allocation Failure) 351M->217M(912M) 20.027ms
[2020-01-31T08:40:34.187+0300][10.769s][info][gc] GC(168) Pause Young (Allocation Failure) 315M->182M(912M) 0.898ms
[2020-01-31T08:40:34.261+0300][10.843s][info][gc] GC(169) Pause Young (Allocation Failure) 296M->296M(912M) 61.167ms
[2020-01-31T08:40:34.334+0300][10.915s][info][gc] GC(170) Pause Young (Allocation Failure) 410M->276M(912M) 49.356ms
[2020-01-31T08:40:34.397+0300][10.980s][info][gc] GC(171) Pause Young (Allocation Failure) 390M->257M(912M) 41.088ms
[2020-01-31T08:40:34.449+0300][11.031s][info][gc] GC(172) Pause Young (Allocation Failure) 371M->237M(912M) 29.660ms
[2020-01-31T08:40:34.492+0300][11.074s][info][gc] GC(173) Pause Young (Allocation Failure) 351M->217M(912M) 19.726ms
[2020-01-31T08:40:34.515+0300][11.097s][info][gc] GC(174) Pause Young (Allocation Failure) 315M->182M(912M) 0.476ms
[2020-01-31T08:40:34.587+0300][11.168s][info][gc] GC(175) Pause Young (Allocation Failure) 296M->296M(912M) 59.280ms
[2020-01-31T08:40:34.661+0300][11.243s][info][gc] GC(176) Pause Young (Allocation Failure) 410M->276M(912M) 50.912ms
[2020-01-31T08:40:34.726+0300][11.308s][info][gc] GC(177) Pause Young (Allocation Failure) 390M->257M(912M) 42.305ms
[2020-01-31T08:40:34.779+0300][11.361s][info][gc] GC(178) Pause Young (Allocation Failure) 371M->237M(912M) 29.919ms
[2020-01-31T08:40:34.821+0300][11.403s][info][gc] GC(179) Pause Young (Allocation Failure) 351M->217M(912M) 19.327ms
[2020-01-31T08:40:34.844+0300][11.426s][info][gc] GC(180) Pause Young (Allocation Failure) 315M->182M(912M) 0.486ms
[2020-01-31T08:40:34.918+0300][11.500s][info][gc] GC(181) Pause Young (Allocation Failure) 296M->296M(912M) 61.679ms
[2020-01-31T08:40:34.996+0300][11.578s][info][gc] GC(182) Pause Young (Allocation Failure) 410M->276M(912M) 54.774ms
[2020-01-31T08:40:35.059+0300][11.640s][info][gc] GC(183) Pause Young (Allocation Failure) 390M->257M(912M) 39.417ms
[2020-01-31T08:40:35.110+0300][11.692s][info][gc] GC(184) Pause Young (Allocation Failure) 371M->237M(912M) 29.201ms
[2020-01-31T08:40:35.152+0300][11.734s][info][gc] GC(185) Pause Young (Allocation Failure) 351M->218M(912M) 19.335ms
[2020-01-31T08:40:35.175+0300][11.757s][info][gc] GC(186) Pause Young (Allocation Failure) 316M->182M(912M) 0.484ms
[2020-01-31T08:40:35.248+0300][11.830s][info][gc] GC(187) Pause Young (Allocation Failure) 296M->296M(912M) 60.370ms
[2020-01-31T08:40:35.321+0300][11.903s][info][gc] GC(188) Pause Young (Allocation Failure) 410M->276M(912M) 50.322ms
[2020-01-31T08:40:35.385+0300][11.967s][info][gc] GC(189) Pause Young (Allocation Failure) 390M->257M(912M) 40.828ms
[2020-01-31T08:40:35.437+0300][12.019s][info][gc] GC(190) Pause Young (Allocation Failure) 371M->237M(912M) 29.753ms
[2020-01-31T08:40:35.479+0300][12.061s][info][gc] GC(191) Pause Young (Allocation Failure) 351M->218M(912M) 19.436ms
[2020-01-31T08:40:35.501+0300][12.083s][info][gc] GC(192) Pause Young (Allocation Failure) 316M->182M(912M) 0.491ms
[2020-01-31T08:40:35.590+0300][12.172s][info][gc] GC(193) Pause Young (Allocation Failure) 296M->296M(912M) 76.509ms
[2020-01-31T08:40:35.678+0300][12.260s][info][gc] GC(194) Pause Young (Allocation Failure) 410M->276M(912M) 64.006ms
[2020-01-31T08:40:35.751+0300][12.333s][info][gc] GC(195) Pause Young (Allocation Failure) 390M->257M(912M) 49.832ms
[2020-01-31T08:40:35.807+0300][12.388s][info][gc] GC(196) Pause Young (Allocation Failure) 371M->237M(912M) 31.788ms
[2020-01-31T08:40:35.848+0300][12.431s][info][gc] GC(197) Pause Young (Allocation Failure) 351M->218M(912M) 19.109ms
[2020-01-31T08:40:35.871+0300][12.453s][info][gc] GC(198) Pause Young (Allocation Failure) 316M->182M(912M) 0.485ms
[2020-01-31T08:40:35.948+0300][12.530s][info][gc] GC(199) Pause Young (Allocation Failure) 296M->296M(912M) 64.417ms
[2020-01-31T08:40:36.025+0300][12.607s][info][gc] GC(200) Pause Young (Allocation Failure) 410M->277M(912M) 54.133ms
[2020-01-31T08:40:36.093+0300][12.675s][info][gc] GC(201) Pause Young (Allocation Failure) 391M->257M(912M) 44.964ms
[2020-01-31T08:40:36.151+0300][12.733s][info][gc] GC(202) Pause Young (Allocation Failure) 371M->237M(912M) 35.400ms
[2020-01-31T08:40:36.194+0300][12.775s][info][gc] GC(203) Pause Young (Allocation Failure) 351M->218M(912M) 19.599ms
[2020-01-31T08:40:36.216+0300][12.798s][info][gc] GC(204) Pause Young (Allocation Failure) 316M->182M(912M) 0.478ms
[2020-01-31T08:40:36.291+0300][12.873s][info][gc] GC(205) Pause Young (Allocation Failure) 296M->296M(912M) 62.169ms
[2020-01-31T08:40:36.368+0300][12.950s][info][gc] GC(206) Pause Young (Allocation Failure) 410M->277M(912M) 53.641ms
[2020-01-31T08:40:36.430+0300][13.011s][info][gc] GC(207) Pause Young (Allocation Failure) 391M->257M(912M) 39.473ms
[2020-01-31T08:40:36.482+0300][13.064s][info][gc] GC(208) Pause Young (Allocation Failure) 371M->237M(912M) 29.183ms
[2020-01-31T08:40:36.524+0300][13.106s][info][gc] GC(209) Pause Young (Allocation Failure) 351M->218M(912M) 19.785ms
[2020-01-31T08:40:36.547+0300][13.129s][info][gc] GC(210) Pause Young (Allocation Failure) 316M->182M(912M) 0.850ms
[2020-01-31T08:40:36.619+0300][13.201s][info][gc] GC(211) Pause Young (Allocation Failure) 296M->296M(912M) 59.813ms
[2020-01-31T08:40:36.695+0300][13.277s][info][gc] GC(212) Pause Young (Allocation Failure) 410M->277M(912M) 51.645ms
[2020-01-31T08:40:36.762+0300][13.344s][info][gc] GC(213) Pause Young (Allocation Failure) 391M->257M(912M) 43.585ms
[2020-01-31T08:40:36.816+0300][13.398s][info][gc] GC(214) Pause Young (Allocation Failure) 371M->237M(912M) 30.864ms
[2020-01-31T08:40:36.860+0300][13.441s][info][gc] GC(215) Pause Young (Allocation Failure) 351M->218M(912M) 21.358ms
[2020-01-31T08:40:36.882+0300][13.464s][info][gc] GC(216) Pause Young (Allocation Failure) 316M->182M(912M) 0.482ms
[2020-01-31T08:40:36.953+0300][13.535s][info][gc] GC(217) Pause Young (Allocation Failure) 296M->296M(912M) 58.978ms
[2020-01-31T08:40:37.034+0300][13.617s][info][gc] GC(218) Pause Young (Allocation Failure) 410M->277M(912M) 58.165ms
[2020-01-31T08:40:37.110+0300][13.692s][info][gc] GC(219) Pause Young (Allocation Failure) 391M->257M(912M) 52.942ms
[2020-01-31T08:40:37.164+0300][13.746s][info][gc] GC(220) Pause Young (Allocation Failure) 371M->238M(912M) 31.754ms
[2020-01-31T08:40:37.208+0300][13.790s][info][gc] GC(221) Pause Young (Allocation Failure) 352M->218M(912M) 20.590ms
[2020-01-31T08:40:37.231+0300][13.813s][info][gc] GC(222) Pause Young (Allocation Failure) 316M->182M(912M) 0.480ms
[2020-01-31T08:40:37.308+0300][13.890s][info][gc] GC(223) Pause Young (Allocation Failure) 296M->296M(912M) 63.715ms
[2020-01-31T08:40:37.383+0300][13.965s][info][gc] GC(224) Pause Young (Allocation Failure) 410M->277M(912M) 51.858ms
[2020-01-31T08:40:37.447+0300][14.029s][info][gc] GC(225) Pause Young (Allocation Failure) 391M->257M(912M) 40.434ms
[2020-01-31T08:40:37.499+0300][14.081s][info][gc] GC(226) Pause Young (Allocation Failure) 371M->238M(912M) 29.071ms
[2020-01-31T08:40:37.541+0300][14.123s][info][gc] GC(227) Pause Young (Allocation Failure) 352M->218M(912M) 19.753ms
[2020-01-31T08:40:37.564+0300][14.146s][info][gc] GC(228) Pause Young (Allocation Failure) 316M->182M(912M) 0.884ms
[2020-01-31T08:40:37.636+0300][14.218s][info][gc] GC(229) Pause Young (Allocation Failure) 296M->296M(912M) 59.256ms
[2020-01-31T08:40:37.708+0300][14.291s][info][gc] GC(230) Pause Young (Allocation Failure) 410M->277M(912M) 49.539ms
[2020-01-31T08:40:37.772+0300][14.354s][info][gc] GC(231) Pause Young (Allocation Failure) 391M->257M(912M) 40.599ms
[2020-01-31T08:40:37.825+0300][14.407s][info][gc] GC(232) Pause Young (Allocation Failure) 371M->238M(912M) 30.120ms
[2020-01-31T08:40:37.868+0300][14.450s][info][gc] GC(233) Pause Young (Allocation Failure) 352M->218M(912M) 19.289ms
[2020-01-31T08:40:37.890+0300][14.472s][info][gc] GC(234) Pause Young (Allocation Failure) 316M->182M(912M) 0.484ms
[2020-01-31T08:40:37.965+0300][14.547s][info][gc] GC(235) Pause Young (Allocation Failure) 296M->297M(912M) 62.891ms
[2020-01-31T08:40:38.043+0300][14.625s][info][gc] GC(236) Pause Young (Allocation Failure) 411M->277M(912M) 54.275ms
[2020-01-31T08:40:38.106+0300][14.688s][info][gc] GC(237) Pause Young (Allocation Failure) 391M->257M(912M) 40.984ms
[2020-01-31T08:40:38.166+0300][14.748s][info][gc] GC(238) Pause Young (Allocation Failure) 371M->238M(912M) 37.370ms
[2020-01-31T08:40:38.210+0300][14.792s][info][gc] GC(239) Pause Young (Allocation Failure) 352M->218M(912M) 20.299ms
[2020-01-31T08:40:38.233+0300][14.815s][info][gc] GC(240) Pause Young (Allocation Failure) 316M->183M(912M) 0.513ms
[2020-01-31T08:40:38.315+0300][14.897s][info][gc] GC(241) Pause Young (Allocation Failure) 297M->297M(912M) 68.737ms
[2020-01-31T08:40:38.390+0300][14.972s][info][gc] GC(242) Pause Young (Allocation Failure) 411M->277M(912M) 51.774ms
[2020-01-31T08:40:38.455+0300][15.037s][info][gc] GC(243) Pause Young (Allocation Failure) 391M->258M(912M) 41.105ms
[2020-01-31T08:40:38.507+0300][15.090s][info][gc] GC(244) Pause Young (Allocation Failure) 372M->238M(912M) 29.570ms
[2020-01-31T08:40:38.550+0300][15.132s][info][gc] GC(245) Pause Young (Allocation Failure) 352M->218M(912M) 19.601ms
[2020-01-31T08:40:38.573+0300][15.155s][info][gc] GC(246) Pause Young (Allocation Failure) 316M->183M(912M) 0.730ms
[2020-01-31T08:40:38.648+0300][15.230s][info][gc] GC(247) Pause Young (Allocation Failure) 297M->297M(912M) 61.946ms
[2020-01-31T08:40:38.721+0300][15.303s][info][gc] GC(248) Pause Young (Allocation Failure) 411M->277M(912M) 50.890ms
[2020-01-31T08:40:38.788+0300][15.369s][info][gc] GC(249) Pause Young (Allocation Failure) 391M->258M(912M) 43.319ms
[2020-01-31T08:40:38.842+0300][15.424s][info][gc] GC(250) Pause Young (Allocation Failure) 372M->238M(912M) 30.894ms
[2020-01-31T08:40:38.885+0300][15.467s][info][gc] GC(251) Pause Young (Allocation Failure) 352M->218M(912M) 19.883ms
[2020-01-31T08:40:38.908+0300][15.490s][info][gc] GC(252) Pause Young (Allocation Failure) 316M->183M(912M) 0.483ms
[2020-01-31T08:40:38.983+0300][15.565s][info][gc] GC(253) Pause Young (Allocation Failure) 297M->297M(912M) 62.628ms
[2020-01-31T08:40:39.073+0300][15.655s][info][gc] GC(254) Pause Young (Allocation Failure) 411M->277M(912M) 66.647ms
[2020-01-31T08:40:39.140+0300][15.722s][info][gc] GC(255) Pause Young (Allocation Failure) 391M->258M(912M) 41.014ms
[2020-01-31T08:40:39.192+0300][15.773s][info][gc] GC(256) Pause Young (Allocation Failure) 372M->238M(912M) 29.037ms
[2020-01-31T08:40:39.233+0300][15.815s][info][gc] GC(257) Pause Young (Allocation Failure) 352M->218M(912M) 19.311ms
[2020-01-31T08:40:39.255+0300][15.837s][info][gc] GC(258) Pause Young (Allocation Failure) 317M->183M(912M) 0.485ms
[2020-01-31T08:40:39.331+0300][15.913s][info][gc] GC(259) Pause Young (Allocation Failure) 297M->297M(912M) 63.214ms
[2020-01-31T08:40:39.405+0300][15.987s][info][gc] GC(260) Pause Young (Allocation Failure) 411M->277M(912M) 50.390ms
[2020-01-31T08:40:39.468+0300][16.050s][info][gc] GC(261) Pause Young (Allocation Failure) 391M->258M(912M) 39.785ms
[2020-01-31T08:40:39.526+0300][16.107s][info][gc] GC(262) Pause Young (Allocation Failure) 372M->238M(912M) 34.587ms
[2020-01-31T08:40:39.570+0300][16.151s][info][gc] GC(263) Pause Young (Allocation Failure) 352M->219M(912M) 20.202ms
[2020-01-31T08:40:39.592+0300][16.175s][info][gc] GC(264) Pause Young (Allocation Failure) 317M->183M(912M) 0.787ms
[2020-01-31T08:40:39.665+0300][16.247s][info][gc] GC(265) Pause Young (Allocation Failure) 297M->297M(912M) 59.897ms
[2020-01-31T08:40:39.737+0300][16.319s][info][gc] GC(266) Pause Young (Allocation Failure) 411M->277M(912M) 49.328ms
[2020-01-31T08:40:39.802+0300][16.384s][info][gc] GC(267) Pause Young (Allocation Failure) 391M->258M(912M) 42.146ms
[2020-01-31T08:40:39.866+0300][16.447s][info][gc] GC(268) Pause Young (Allocation Failure) 372M->238M(912M) 38.965ms
[2020-01-31T08:40:39.910+0300][16.492s][info][gc] GC(269) Pause Young (Allocation Failure) 352M->219M(912M) 20.780ms
[2020-01-31T08:40:39.933+0300][16.515s][info][gc] GC(270) Pause Young (Allocation Failure) 317M->183M(912M) 0.480ms
[2020-01-31T08:40:40.005+0300][16.587s][info][gc] GC(271) Pause Young (Allocation Failure) 297M->297M(912M) 60.309ms
[2020-01-31T08:40:40.082+0300][16.664s][info][gc] GC(272) Pause Young (Allocation Failure) 411M->277M(912M) 53.070ms
[2020-01-31T08:40:40.146+0300][16.728s][info][gc] GC(273) Pause Young (Allocation Failure) 391M->258M(912M) 40.898ms
[2020-01-31T08:40:40.197+0300][16.779s][info][gc] GC(274) Pause Young (Allocation Failure) 372M->238M(912M) 28.747ms
[2020-01-31T08:40:40.240+0300][16.822s][info][gc] GC(275) Pause Young (Allocation Failure) 352M->219M(912M) 19.871ms
[2020-01-31T08:40:40.263+0300][16.845s][info][gc] GC(276) Pause Young (Allocation Failure) 317M->183M(912M) 0.878ms
[2020-01-31T08:40:40.340+0300][16.922s][info][gc] GC(277) Pause Young (Allocation Failure) 297M->297M(912M) 64.269ms
[2020-01-31T08:40:40.414+0300][16.996s][info][gc] GC(278) Pause Young (Allocation Failure) 411M->278M(912M) 51.072ms
[2020-01-31T08:40:40.478+0300][17.061s][info][gc] GC(279) Pause Young (Allocation Failure) 392M->258M(912M) 41.420ms
[2020-01-31T08:40:40.532+0300][17.114s][info][gc] GC(280) Pause Young (Allocation Failure) 372M->238M(912M) 29.990ms
[2020-01-31T08:40:40.574+0300][17.156s][info][gc] GC(281) Pause Young (Allocation Failure) 352M->219M(912M) 19.524ms
[2020-01-31T08:40:40.597+0300][17.179s][info][gc] GC(282) Pause Young (Allocation Failure) 317M->183M(912M) 0.842ms
[2020-01-31T08:40:40.671+0300][17.252s][info][gc] GC(283) Pause Young (Allocation Failure) 297M->297M(912M) 60.785ms
[2020-01-31T08:40:40.745+0300][17.327s][info][gc] GC(284) Pause Young (Allocation Failure) 411M->278M(912M) 51.807ms
[2020-01-31T08:40:40.810+0300][17.392s][info][gc] GC(285) Pause Young (Allocation Failure) 392M->258M(912M) 41.149ms
[2020-01-31T08:40:40.864+0300][17.446s][info][gc] GC(286) Pause Young (Allocation Failure) 372M->238M(912M) 30.820ms
[2020-01-31T08:40:40.906+0300][17.488s][info][gc] GC(287) Pause Young (Allocation Failure) 352M->219M(912M) 19.265ms
[2020-01-31T08:40:40.929+0300][17.511s][info][gc] GC(288) Pause Young (Allocation Failure) 317M->183M(912M) 0.479ms
[2020-01-31T08:40:41.003+0300][17.585s][info][gc] GC(289) Pause Young (Allocation Failure) 297M->297M(912M) 61.722ms
[2020-01-31T08:40:41.078+0300][17.661s][info][gc] GC(290) Pause Young (Allocation Failure) 411M->278M(912M) 52.198ms
[2020-01-31T08:40:41.141+0300][17.724s][info][gc] GC(291) Pause Young (Allocation Failure) 392M->258M(912M) 40.377ms
[2020-01-31T08:40:41.195+0300][17.777s][info][gc] GC(292) Pause Young (Allocation Failure) 372M->239M(912M) 30.293ms
[2020-01-31T08:40:41.237+0300][17.820s][info][gc] GC(293) Pause Young (Allocation Failure) 353M->219M(912M) 19.220ms
[2020-01-31T08:40:41.260+0300][17.842s][info][gc] GC(294) Pause Young (Allocation Failure) 317M->183M(912M) 0.486ms
[2020-01-31T08:40:41.352+0300][17.933s][info][gc] GC(295) Pause Young (Allocation Failure) 297M->297M(912M) 79.199ms
[2020-01-31T08:40:41.440+0300][18.021s][info][gc] GC(296) Pause Young (Allocation Failure) 411M->278M(912M) 64.163ms
[2020-01-31T08:40:41.504+0300][18.087s][info][gc] GC(297) Pause Young (Allocation Failure) 392M->258M(912M) 41.279ms
[2020-01-31T08:40:41.558+0300][18.140s][info][gc] GC(298) Pause Young (Allocation Failure) 372M->239M(912M) 30.029ms
[2020-01-31T08:40:41.605+0300][18.187s][info][gc] GC(299) Pause Young (Allocation Failure) 353M->219M(912M) 19.586ms
[2020-01-31T08:40:41.628+0300][18.210s][info][gc] GC(300) Pause Young (Allocation Failure) 317M->183M(912M) 0.646ms
[2020-01-31T08:40:41.704+0300][18.286s][info][gc] GC(301) Pause Young (Allocation Failure) 297M->297M(912M) 63.346ms
[2020-01-31T08:40:41.778+0300][18.360s][info][gc] GC(302) Pause Young (Allocation Failure) 411M->278M(912M) 50.538ms
[2020-01-31T08:40:41.840+0300][18.423s][info][gc] GC(303) Pause Young (Allocation Failure) 392M->258M(912M) 40.211ms
[2020-01-31T08:40:41.893+0300][18.475s][info][gc] GC(304) Pause Young (Allocation Failure) 372M->239M(912M) 29.570ms
[2020-01-31T08:40:41.937+0300][18.519s][info][gc] GC(305) Pause Young (Allocation Failure) 353M->219M(912M) 20.481ms
[2020-01-31T08:40:41.960+0300][18.543s][info][gc] GC(306) Pause Young (Allocation Failure) 317M->183M(912M) 0.888ms
[2020-01-31T08:40:42.033+0300][18.615s][info][gc] GC(307) Pause Young (Allocation Failure) 297M->297M(912M) 60.426ms
[2020-01-31T08:40:42.108+0300][18.690s][info][gc] GC(308) Pause Young (Allocation Failure) 411M->278M(912M) 51.836ms
[2020-01-31T08:40:42.175+0300][18.756s][info][gc] GC(309) Pause Young (Allocation Failure) 392M->258M(912M) 43.816ms
[2020-01-31T08:40:42.230+0300][18.812s][info][gc] GC(310) Pause Young (Allocation Failure) 372M->239M(912M) 32.954ms
[2020-01-31T08:40:42.273+0300][18.855s][info][gc] GC(311) Pause Young (Allocation Failure) 353M->219M(912M) 19.584ms
[2020-01-31T08:40:42.296+0300][18.878s][info][gc] GC(312) Pause Young (Allocation Failure) 317M->183M(912M) 0.482ms
[2020-01-31T08:40:42.401+0300][18.983s][info][gc] GC(313) Pause Young (Allocation Failure) 297M->298M(912M) 92.551ms
[2020-01-31T08:40:42.479+0300][19.061s][info][gc] GC(314) Pause Young (Allocation Failure) 412M->278M(912M) 54.206ms
[2020-01-31T08:40:42.542+0300][19.123s][info][gc] GC(315) Pause Young (Allocation Failure) 392M->259M(912M) 39.621ms
[2020-01-31T08:40:42.593+0300][19.175s][info][gc] GC(316) Pause Young (Allocation Failure) 373M->239M(912M) 29.209ms
[2020-01-31T08:40:42.635+0300][19.217s][info][gc] GC(317) Pause Young (Allocation Failure) 353M->219M(912M) 19.484ms
[2020-01-31T08:40:42.658+0300][19.241s][info][gc] GC(318) Pause Young (Allocation Failure) 317M->184M(912M) 0.888ms
[2020-01-31T08:40:42.732+0300][19.314s][info][gc] GC(319) Pause Young (Allocation Failure) 298M->298M(912M) 61.300ms
[2020-01-31T08:40:42.805+0300][19.387s][info][gc] GC(320) Pause Young (Allocation Failure) 412M->278M(912M) 49.865ms
[2020-01-31T08:40:42.871+0300][19.453s][info][gc] GC(321) Pause Young (Allocation Failure) 392M->259M(912M) 42.920ms
[2020-01-31T08:40:42.926+0300][19.507s][info][gc] GC(322) Pause Young (Allocation Failure) 373M->239M(912M) 30.814ms
[2020-01-31T08:40:42.967+0300][19.549s][info][gc] GC(323) Pause Young (Allocation Failure) 353M->219M(912M) 19.177ms
[2020-01-31T08:40:42.989+0300][19.572s][info][gc] GC(324) Pause Young (Allocation Failure) 317M->184M(912M) 0.726ms
[2020-01-31T08:40:43.061+0300][19.643s][info][gc] GC(325) Pause Young (Allocation Failure) 298M->298M(912M) 59.533ms
[2020-01-31T08:40:43.138+0300][19.720s][info][gc] GC(326) Pause Young (Allocation Failure) 412M->278M(912M) 53.317ms
[2020-01-31T08:40:43.202+0300][19.784s][info][gc] GC(327) Pause Young (Allocation Failure) 392M->259M(912M) 40.716ms
[2020-01-31T08:40:43.255+0300][19.837s][info][gc] GC(328) Pause Young (Allocation Failure) 373M->239M(912M) 30.127ms
[2020-01-31T08:40:43.298+0300][19.880s][info][gc] GC(329) Pause Young (Allocation Failure) 353M->219M(912M) 19.703ms
[2020-01-31T08:40:43.320+0300][19.902s][info][gc] GC(330) Pause Young (Allocation Failure) 317M->184M(912M) 0.481ms
[2020-01-31T08:40:43.394+0300][19.976s][info][gc] GC(331) Pause Young (Allocation Failure) 298M->298M(912M) 61.497ms
[2020-01-31T08:40:43.469+0300][20.051s][info][gc] GC(332) Pause Young (Allocation Failure) 412M->278M(912M) 51.468ms
[2020-01-31T08:40:43.536+0300][20.118s][info][gc] GC(333) Pause Young (Allocation Failure) 392M->259M(912M) 43.716ms
[2020-01-31T08:40:43.588+0300][20.170s][info][gc] GC(334) Pause Young (Allocation Failure) 373M->239M(912M) 29.579ms
[2020-01-31T08:40:43.635+0300][20.217s][info][gc] GC(335) Pause Young (Allocation Failure) 353M->220M(912M) 23.525ms
[2020-01-31T08:40:43.661+0300][20.242s][info][gc] GC(336) Pause Young (Allocation Failure) 318M->184M(912M) 1.052ms
[2020-01-31T08:40:43.742+0300][20.324s][info][gc] GC(337) Pause Young (Allocation Failure) 298M->298M(912M) 65.804ms
[2020-01-31T08:40:43.816+0300][20.398s][info][gc] GC(338) Pause Young (Allocation Failure) 412M->278M(912M) 51.070ms
[2020-01-31T08:40:43.881+0300][20.463s][info][gc] GC(339) Pause Young (Allocation Failure) 392M->259M(912M) 41.383ms
[2020-01-31T08:40:43.934+0300][20.516s][info][gc] GC(340) Pause Young (Allocation Failure) 373M->239M(912M) 30.198ms
[2020-01-31T08:40:43.977+0300][20.559s][info][gc] GC(341) Pause Young (Allocation Failure) 353M->220M(912M) 19.490ms
[2020-01-31T08:40:44.000+0300][20.582s][info][gc] GC(342) Pause Young (Allocation Failure) 318M->184M(912M) 0.497ms
[2020-01-31T08:40:44.072+0300][20.654s][info][gc] GC(343) Pause Young (Allocation Failure) 298M->298M(912M) 60.124ms
[2020-01-31T08:40:44.148+0300][20.730s][info][gc] GC(344) Pause Young (Allocation Failure) 412M->278M(912M) 53.242ms
[2020-01-31T08:40:44.211+0300][20.793s][info][gc] GC(345) Pause Young (Allocation Failure) 392M->259M(912M) 39.929ms
[2020-01-31T08:40:44.263+0300][20.845s][info][gc] GC(346) Pause Young (Allocation Failure) 373M->239M(912M) 29.138ms
[2020-01-31T08:40:44.305+0300][20.887s][info][gc] GC(347) Pause Young (Allocation Failure) 353M->220M(912M) 19.418ms
[2020-01-31T08:40:44.328+0300][20.910s][info][gc] GC(348) Pause Young (Allocation Failure) 318M->184M(912M) 0.489ms
[2020-01-31T08:40:44.405+0300][20.986s][info][gc] GC(349) Pause Young (Allocation Failure) 298M->298M(912M) 63.931ms
[2020-01-31T08:40:44.478+0300][21.060s][info][gc] GC(350) Pause Young (Allocation Failure) 412M->279M(912M) 50.861ms
[2020-01-31T08:40:44.540+0300][21.122s][info][gc] GC(351) Pause Young (Allocation Failure) 393M->259M(912M) 39.689ms
[2020-01-31T08:40:44.595+0300][21.177s][info][gc] GC(352) Pause Young (Allocation Failure) 373M->239M(912M) 31.755ms
[2020-01-31T08:40:44.637+0300][21.219s][info][gc] GC(353) Pause Young (Allocation Failure) 353M->220M(912M) 19.404ms
[2020-01-31T08:40:44.661+0300][21.243s][info][gc] GC(354) Pause Young (Allocation Failure) 318M->184M(912M) 1.277ms
[2020-01-31T08:40:44.733+0300][21.315s][info][gc] GC(355) Pause Young (Allocation Failure) 298M->298M(912M) 59.790ms
[2020-01-31T08:40:44.808+0300][21.391s][info][gc] GC(356) Pause Young (Allocation Failure) 412M->279M(912M) 52.653ms
[2020-01-31T08:40:44.874+0300][21.457s][info][gc] GC(357) Pause Young (Allocation Failure) 393M->259M(912M) 42.016ms
[2020-01-31T08:40:44.929+0300][21.511s][info][gc] GC(358) Pause Young (Allocation Failure) 373M->239M(912M) 30.669ms
[2020-01-31T08:40:44.974+0300][21.556s][info][gc] GC(359) Pause Young (Allocation Failure) 353M->220M(912M) 22.529ms
[2020-01-31T08:40:44.999+0300][21.581s][info][gc] GC(360) Pause Young (Allocation Failure) 318M->184M(912M) 1.546ms
[2020-01-31T08:40:45.081+0300][21.662s][info][gc] GC(361) Pause Young (Allocation Failure) 298M->298M(912M) 68.377ms
[2020-01-31T08:40:45.172+0300][21.754s][info][gc] GC(362) Pause Young (Allocation Failure) 412M->279M(912M) 67.318ms
[2020-01-31T08:40:45.241+0300][21.824s][info][gc] GC(363) Pause Young (Allocation Failure) 393M->259M(912M) 45.429ms
[2020-01-31T08:40:45.298+0300][21.880s][info][gc] GC(364) Pause Young (Allocation Failure) 373M->240M(912M) 31.356ms
[2020-01-31T08:40:45.344+0300][21.926s][info][gc] GC(365) Pause Young (Allocation Failure) 354M->220M(912M) 22.004ms
[2020-01-31T08:40:45.369+0300][21.951s][info][gc] GC(366) Pause Young (Allocation Failure) 318M->184M(912M) 0.486ms
[2020-01-31T08:40:45.445+0300][22.027s][info][gc] GC(367) Pause Young (Allocation Failure) 298M->298M(912M) 61.567ms
[2020-01-31T08:40:45.534+0300][22.116s][info][gc] GC(368) Pause Young (Allocation Failure) 412M->279M(912M) 64.396ms
[2020-01-31T08:40:45.600+0300][22.182s][info][gc] GC(369) Pause Young (Allocation Failure) 393M->259M(912M) 42.117ms
[2020-01-31T08:40:45.665+0300][22.247s][info][gc] GC(370) Pause Young (Allocation Failure) 373M->240M(912M) 40.389ms
[2020-01-31T08:40:45.721+0300][22.303s][info][gc] GC(371) Pause Young (Allocation Failure) 354M->220M(912M) 32.162ms
[2020-01-31T08:40:45.778+0300][22.360s][info][gc] GC(372) Pause Young (Allocation Failure) 318M->184M(912M) 24.721ms
[2020-01-31T08:40:45.920+0300][22.502s][info][gc] GC(373) Pause Young (Allocation Failure) 298M->298M(912M) 120.901ms
[2020-01-31T08:40:46.116+0300][22.698s][info][gc] GC(374) Pause Young (Allocation Failure) 412M->279M(912M) 156.625ms
[2020-01-31T08:40:46.258+0300][22.839s][info][gc] GC(375) Pause Young (Allocation Failure) 393M->259M(912M) 99.764ms
[2020-01-31T08:40:46.320+0300][22.902s][info][gc] GC(376) Pause Young (Allocation Failure) 373M->240M(912M) 38.410ms
[2020-01-31T08:40:46.386+0300][22.969s][info][gc] GC(377) Pause Young (Allocation Failure) 354M->220M(912M) 34.109ms
[2020-01-31T08:40:46.414+0300][22.996s][info][gc] GC(378) Pause Young (Allocation Failure) 318M->184M(912M) 3.546ms
[2020-01-31T08:40:46.524+0300][23.106s][info][gc] GC(379) Pause Young (Allocation Failure) 298M->298M(912M) 91.329ms
[2020-01-31T08:40:46.604+0300][23.185s][info][gc] GC(380) Pause Young (Allocation Failure) 412M->279M(912M) 51.101ms
[2020-01-31T08:40:46.685+0300][23.268s][info][gc] GC(381) Pause Young (Allocation Failure) 393M->259M(912M) 54.261ms
[2020-01-31T08:40:46.803+0300][23.386s][info][gc] GC(382) Pause Young (Allocation Failure) 373M->240M(912M) 92.836ms
[2020-01-31T08:40:46.861+0300][23.443s][info][gc] GC(383) Pause Young (Allocation Failure) 354M->220M(912M) 27.599ms
[2020-01-31T08:40:46.888+0300][23.470s][info][gc] GC(384) Pause Young (Allocation Failure) 318M->185M(912M) 0.858ms
[2020-01-31T08:40:47.016+0300][23.597s][info][gc] GC(385) Pause Young (Allocation Failure) 299M->299M(912M) 112.737ms
[2020-01-31T08:40:47.098+0300][23.681s][info][gc] GC(386) Pause Young (Allocation Failure) 413M->279M(912M) 53.695ms
[2020-01-31T08:40:47.168+0300][23.750s][info][gc] GC(387) Pause Young (Allocation Failure) 393M->260M(912M) 44.229ms
[2020-01-31T08:40:47.257+0300][23.839s][info][gc] GC(388) Pause Young (Allocation Failure) 374M->240M(912M) 48.156ms
[2020-01-31T08:40:47.318+0300][23.899s][info][gc] GC(389) Pause Young (Allocation Failure) 354M->220M(912M) 31.529ms
[2020-01-31T08:40:47.351+0300][23.932s][info][gc] GC(390) Pause Young (Allocation Failure) 318M->185M(912M) 3.554ms
[2020-01-31T08:40:47.481+0300][24.064s][info][gc] GC(391) Pause Young (Allocation Failure) 299M->299M(912M) 96.847ms
[2020-01-31T08:40:47.616+0300][24.198s][info][gc] GC(392) Pause Young (Allocation Failure) 413M->279M(912M) 98.075ms
[2020-01-31T08:40:47.695+0300][24.277s][info][gc] GC(393) Pause Young (Allocation Failure) 393M->260M(912M) 48.842ms
[2020-01-31T08:40:47.764+0300][24.346s][info][gc] GC(394) Pause Young (Allocation Failure) 374M->240M(912M) 43.044ms
[2020-01-31T08:40:47.811+0300][24.394s][info][gc] GC(395) Pause Young (Allocation Failure) 354M->220M(912M) 20.327ms
[2020-01-31T08:40:47.834+0300][24.417s][info][gc] GC(396) Pause Young (Allocation Failure) 318M->185M(912M) 0.856ms
[2020-01-31T08:40:47.916+0300][24.498s][info][gc] GC(397) Pause Young (Allocation Failure) 299M->299M(912M) 69.010ms
[2020-01-31T08:40:47.992+0300][24.574s][info][gc] GC(398) Pause Young (Allocation Failure) 413M->279M(912M) 52.391ms
[2020-01-31T08:40:48.074+0300][24.656s][info][gc] GC(399) Pause Young (Allocation Failure) 393M->260M(912M) 52.742ms
[2020-01-31T08:40:48.130+0300][24.712s][info][gc] GC(400) Pause Young (Allocation Failure) 374M->240M(912M) 30.207ms
[2020-01-31T08:40:48.173+0300][24.755s][info][gc] GC(401) Pause Young (Allocation Failure) 354M->221M(912M) 20.083ms
[2020-01-31T08:40:48.196+0300][24.779s][info][gc] GC(402) Pause Young (Allocation Failure) 318M->185M(912M) 0.834ms
[2020-01-31T08:40:48.271+0300][24.853s][info][gc] GC(403) Pause Young (Allocation Failure) 299M->299M(912M) 61.498ms
[2020-01-31T08:40:48.348+0300][24.930s][info][gc] GC(404) Pause Young (Allocation Failure) 413M->279M(912M) 52.973ms
[2020-01-31T08:40:48.414+0300][24.996s][info][gc] GC(405) Pause Young (Allocation Failure) 393M->260M(912M) 42.660ms
[2020-01-31T08:40:48.468+0300][25.050s][info][gc] GC(406) Pause Young (Allocation Failure) 374M->240M(912M) 31.159ms
[2020-01-31T08:40:48.512+0300][25.093s][info][gc] GC(407) Pause Young (Allocation Failure) 354M->221M(912M) 20.290ms
[2020-01-31T08:40:48.535+0300][25.117s][info][gc] GC(408) Pause Young (Allocation Failure) 319M->185M(912M) 0.486ms
[2020-01-31T08:40:48.619+0300][25.202s][info][gc] GC(409) Pause Young (Allocation Failure) 299M->299M(912M) 72.106ms
[2020-01-31T08:40:48.696+0300][25.278s][info][gc] GC(410) Pause Young (Allocation Failure) 413M->279M(912M) 52.910ms
[2020-01-31T08:40:48.761+0300][25.343s][info][gc] GC(411) Pause Young (Allocation Failure) 393M->260M(912M) 41.438ms
[2020-01-31T08:40:48.814+0300][25.396s][info][gc] GC(412) Pause Young (Allocation Failure) 374M->240M(912M) 30.459ms
[2020-01-31T08:40:48.858+0300][25.439s][info][gc] GC(413) Pause Young (Allocation Failure) 354M->221M(912M) 20.413ms
[2020-01-31T08:40:48.880+0300][25.462s][info][gc] GC(414) Pause Young (Allocation Failure) 319M->185M(912M) 0.484ms
[2020-01-31T08:40:48.953+0300][25.536s][info][gc] GC(415) Pause Young (Allocation Failure) 299M->299M(912M) 61.890ms
[2020-01-31T08:40:49.043+0300][25.625s][info][gc] GC(416) Pause Young (Allocation Failure) 413M->280M(912M) 66.558ms
[2020-01-31T08:40:49.132+0300][25.714s][info][gc] GC(417) Pause Young (Allocation Failure) 394M->260M(912M) 61.521ms
[2020-01-31T08:40:49.203+0300][25.785s][info][gc] GC(418) Pause Young (Allocation Failure) 374M->240M(912M) 44.283ms
[2020-01-31T08:40:49.249+0300][25.831s][info][gc] GC(419) Pause Young (Allocation Failure) 354M->221M(912M) 20.675ms
[2020-01-31T08:40:49.272+0300][25.854s][info][gc] GC(420) Pause Young (Allocation Failure) 319M->185M(912M) 0.483ms
[2020-01-31T08:40:49.348+0300][25.931s][info][gc] GC(421) Pause Young (Allocation Failure) 299M->299M(912M) 64.255ms
[2020-01-31T08:40:49.429+0300][26.011s][info][gc] GC(422) Pause Young (Allocation Failure) 413M->280M(912M) 57.517ms
[2020-01-31T08:40:49.496+0300][26.078s][info][gc] GC(423) Pause Young (Allocation Failure) 394M->259M(912M) 44.350ms
[2020-01-31T08:40:49.551+0300][26.133s][info][gc] GC(424) Pause Young (Allocation Failure) 373M->240M(912M) 30.499ms
[2020-01-31T08:40:49.593+0300][26.175s][info][gc] GC(425) Pause Young (Allocation Failure) 354M->220M(912M) 19.016ms
[2020-01-31T08:40:49.618+0300][26.200s][info][gc] GC(426) Pause Young (Allocation Failure) 320M->185M(912M) 0.878ms
[2020-01-31T08:40:49.692+0300][26.274s][info][gc] GC(427) Pause Young (Allocation Failure) 299M->299M(912M) 60.605ms
[2020-01-31T08:40:49.779+0300][26.361s][info][gc] GC(428) Pause Young (Allocation Failure) 413M->280M(912M) 64.382ms
[2020-01-31T08:40:49.868+0300][26.450s][info][gc] GC(429) Pause Young (Allocation Failure) 394M->260M(912M) 59.461ms
[2020-01-31T08:40:49.924+0300][26.505s][info][gc] GC(430) Pause Young (Allocation Failure) 374M->241M(912M) 30.314ms
[2020-01-31T08:40:49.968+0300][26.550s][info][gc] GC(431) Pause Young (Allocation Failure) 355M->221M(912M) 20.596ms
[2020-01-31T08:40:49.992+0300][26.574s][info][gc] GC(432) Pause Young (Allocation Failure) 321M->185M(912M) 0.586ms
[2020-01-31T08:40:50.070+0300][26.652s][info][gc] GC(433) Pause Young (Allocation Failure) 299M->299M(912M) 64.720ms
[2020-01-31T08:40:50.149+0300][26.731s][info][gc] GC(434) Pause Young (Allocation Failure) 413M->278M(912M) 54.114ms
[2020-01-31T08:40:50.213+0300][26.795s][info][gc] GC(435) Pause Young (Allocation Failure) 392M->258M(912M) 40.102ms
[2020-01-31T08:40:50.266+0300][26.848s][info][gc] GC(436) Pause Young (Allocation Failure) 372M->238M(912M) 29.341ms
[2020-01-31T08:40:50.308+0300][26.890s][info][gc] GC(437) Pause Young (Allocation Failure) 352M->217M(912M) 17.274ms
[2020-01-31T08:40:50.338+0300][26.920s][info][gc] GC(438) Pause Young (Allocation Failure) 321M->186M(912M) 0.652ms
[2020-01-31T08:40:50.413+0300][26.995s][info][gc] GC(439) Pause Young (Allocation Failure) 300M->300M(912M) 61.726ms
[2020-01-31T08:40:50.488+0300][27.070s][info][gc] GC(440) Pause Young (Allocation Failure) 414M->280M(912M) 51.499ms
[2020-01-31T08:40:50.553+0300][27.135s][info][gc] GC(441) Pause Young (Allocation Failure) 394M->260M(912M) 39.285ms
[2020-01-31T08:40:50.607+0300][27.189s][info][gc] GC(442) Pause Young (Allocation Failure) 374M->240M(912M) 29.847ms
[2020-01-31T08:40:50.652+0300][27.234s][info][gc] GC(443) Pause Young (Allocation Failure) 354M->221M(912M) 21.798ms
[2020-01-31T08:40:50.677+0300][27.258s][info][gc] GC(444) Pause Young (Allocation Failure) 320M->186M(912M) 1.103ms
[2020-01-31T08:40:50.801+0300][27.384s][info][gc] GC(445) Pause Young (Allocation Failure) 300M->300M(912M) 109.446ms
[2020-01-31T08:40:51.000+0300][27.582s][info][gc] GC(446) Pause Young (Allocation Failure) 414M->280M(912M) 174.935ms
[2020-01-31T08:40:51.117+0300][27.699s][info][gc] GC(447) Pause Young (Allocation Failure) 394M->261M(912M) 78.227ms
[2020-01-31T08:40:51.186+0300][27.768s][info][gc] GC(448) Pause Young (Allocation Failure) 375M->241M(912M) 40.842ms
[2020-01-31T08:40:51.242+0300][27.824s][info][gc] GC(449) Pause Young (Allocation Failure) 355M->221M(912M) 27.430ms
[2020-01-31T08:40:51.277+0300][27.859s][info][gc] GC(450) Pause Young (Allocation Failure) 321M->186M(912M) 7.914ms
[2020-01-31T08:40:51.439+0300][28.021s][info][gc] GC(451) Pause Young (Allocation Failure) 300M->300M(912M) 136.775ms
[2020-01-31T08:40:51.543+0300][28.125s][info][gc] GC(452) Pause Young (Allocation Failure) 414M->281M(912M) 79.444ms
[2020-01-31T08:40:51.628+0300][28.210s][info][gc] GC(453) Pause Young (Allocation Failure) 395M->260M(912M) 59.968ms
[2020-01-31T08:40:51.758+0300][28.339s][info][gc] GC(454) Pause Young (Allocation Failure) 374M->240M(912M) 91.234ms
[2020-01-31T08:40:51.828+0300][28.410s][info][gc] GC(455) Pause Young (Allocation Failure) 354M->220M(912M) 26.105ms
[2020-01-31T08:40:51.853+0300][28.435s][info][gc] GC(456) Pause Young (Allocation Failure) 320M->186M(912M) 0.867ms
[2020-01-31T08:40:51.934+0300][28.517s][info][gc] GC(457) Pause Young (Allocation Failure) 300M->300M(912M) 68.465ms
[2020-01-31T08:40:52.017+0300][28.599s][info][gc] GC(458) Pause Young (Allocation Failure) 414M->281M(912M) 59.017ms
[2020-01-31T08:40:52.084+0300][28.666s][info][gc] GC(459) Pause Young (Allocation Failure) 395M->261M(912M) 43.160ms
[2020-01-31T08:40:52.138+0300][28.720s][info][gc] GC(460) Pause Young (Allocation Failure) 375M->241M(912M) 30.585ms
[2020-01-31T08:40:52.180+0300][28.762s][info][gc] GC(461) Pause Young (Allocation Failure) 355M->222M(912M) 19.946ms
[2020-01-31T08:40:52.203+0300][28.785s][info][gc] GC(462) Pause Young (Allocation Failure) 320M->186M(912M) 0.505ms
[2020-01-31T08:40:52.279+0300][28.861s][info][gc] GC(463) Pause Young (Allocation Failure) 300M->300M(912M) 63.597ms
[2020-01-31T08:40:52.353+0300][28.935s][info][gc] GC(464) Pause Young (Allocation Failure) 414M->281M(912M) 51.526ms
[2020-01-31T08:40:52.417+0300][28.999s][info][gc] GC(465) Pause Young (Allocation Failure) 395M->261M(912M) 40.035ms
[2020-01-31T08:40:52.538+0300][29.120s][info][gc] GC(466) Pause Young (Allocation Failure) 375M->242M(912M) 95.500ms
[2020-01-31T08:40:52.671+0300][29.253s][info][gc] GC(467) Pause Young (Allocation Failure) 356M->222M(912M) 82.442ms
[2020-01-31T08:40:52.718+0300][29.300s][info][gc] GC(468) Pause Young (Allocation Failure) 322M->186M(912M) 0.544ms
[2020-01-31T08:40:52.791+0300][29.373s][info][gc] GC(469) Pause Young (Allocation Failure) 300M->300M(912M) 60.660ms
[2020-01-31T08:40:52.864+0300][29.446s][info][gc] GC(470) Pause Young (Allocation Failure) 414M->281M(912M) 49.452ms
[2020-01-31T08:40:52.926+0300][29.508s][info][gc] GC(471) Pause Young (Allocation Failure) 395M->261M(912M) 39.384ms
[2020-01-31T08:40:52.979+0300][29.561s][info][gc] GC(472) Pause Young (Allocation Failure) 375M->242M(912M) 29.857ms
[2020-01-31T08:40:53.022+0300][29.603s][info][gc] GC(473) Pause Young (Allocation Failure) 356M->222M(912M) 19.480ms
[2020-01-31T08:40:53.045+0300][29.627s][info][gc] GC(474) Pause Young (Allocation Failure) 320M->186M(912M) 0.964ms
[2020-01-31T08:40:53.117+0300][29.699s][info][gc] GC(475) Pause Young (Allocation Failure) 300M->300M(912M) 58.978ms
[2020-01-31T08:40:53.189+0300][29.771s][info][gc] GC(476) Pause Young (Allocation Failure) 414M->281M(912M) 49.469ms
[2020-01-31T08:40:53.253+0300][29.835s][info][gc] GC(477) Pause Young (Allocation Failure) 395M->261M(912M) 40.744ms
[2020-01-31T08:40:53.307+0300][29.889s][info][gc] GC(478) Pause Young (Allocation Failure) 375M->242M(912M) 29.959ms
[2020-01-31T08:40:53.350+0300][29.931s][info][gc] GC(479) Pause Young (Allocation Failure) 356M->222M(912M) 19.335ms
[2020-01-31T08:40:53.372+0300][29.954s][info][gc] GC(480) Pause Young (Allocation Failure) 320M->186M(912M) 0.518ms
[2020-01-31T08:40:53.444+0300][30.026s][info][gc] GC(481) Pause Young (Allocation Failure) 300M->300M(912M) 59.905ms
[2020-01-31T08:40:53.518+0300][30.100s][info][gc] GC(482) Pause Young (Allocation Failure) 414M->281M(912M) 50.910ms
[2020-01-31T08:40:53.616+0300][30.198s][info][gc] GC(483) Pause Young (Allocation Failure) 395M->261M(912M) 49.460ms
[2020-01-31T08:40:53.669+0300][30.251s][info][gc] GC(484) Pause Young (Allocation Failure) 375M->242M(912M) 29.619ms
[2020-01-31T08:40:53.712+0300][30.294s][info][gc] GC(485) Pause Young (Allocation Failure) 356M->222M(912M) 20.008ms
[2020-01-31T08:40:53.736+0300][30.318s][info][gc] GC(486) Pause Young (Allocation Failure) 322M->187M(912M) 0.510ms
[2020-01-31T08:40:53.809+0300][30.392s][info][gc] GC(487) Pause Young (Allocation Failure) 301M->301M(912M) 61.801ms
[2020-01-31T08:40:53.882+0300][30.464s][info][gc] GC(488) Pause Young (Allocation Failure) 415M->281M(912M) 49.780ms
[2020-01-31T08:40:53.946+0300][30.528s][info][gc] GC(489) Pause Young (Allocation Failure) 395M->261M(912M) 40.977ms
[2020-01-31T08:40:53.998+0300][30.580s][info][gc] GC(490) Pause Young (Allocation Failure) 375M->242M(912M) 29.820ms
[2020-01-31T08:40:54.041+0300][30.623s][info][gc] GC(491) Pause Young (Allocation Failure) 356M->222M(912M) 19.623ms
[2020-01-31T08:40:54.064+0300][30.646s][info][gc] GC(492) Pause Young (Allocation Failure) 320M->187M(912M) 0.508ms
[2020-01-31T08:40:54.136+0300][30.718s][info][gc] GC(493) Pause Young (Allocation Failure) 301M->301M(912M) 59.603ms
[2020-01-31T08:40:54.210+0300][30.793s][info][gc] GC(494) Pause Young (Allocation Failure) 415M->281M(912M) 50.398ms
[2020-01-31T08:40:54.274+0300][30.856s][info][gc] GC(495) Pause Young (Allocation Failure) 395M->262M(912M) 40.183ms
[2020-01-31T08:40:54.326+0300][30.908s][info][gc] GC(496) Pause Young (Allocation Failure) 376M->242M(912M) 29.689ms
[2020-01-31T08:40:54.369+0300][30.950s][info][gc] GC(497) Pause Young (Allocation Failure) 356M->222M(912M) 19.312ms
[2020-01-31T08:40:54.391+0300][30.973s][info][gc] GC(498) Pause Young (Allocation Failure) 320M->187M(912M) 0.509ms
[2020-01-31T08:40:54.469+0300][31.050s][info][gc] GC(499) Pause Young (Allocation Failure) 301M->301M(912M) 65.335ms
[2020-01-31T08:40:54.543+0300][31.126s][info][gc] GC(500) Pause Young (Allocation Failure) 415M->281M(912M) 51.532ms
[2020-01-31T08:40:54.657+0300][31.239s][info][gc] GC(501) Pause Young (Allocation Failure) 395M->262M(912M) 62.913ms
[2020-01-31T08:40:54.726+0300][31.308s][info][gc] GC(502) Pause Young (Allocation Failure) 376M->242M(912M) 44.110ms
[2020-01-31T08:40:54.771+0300][31.353s][info][gc] GC(503) Pause Young (Allocation Failure) 356M->222M(912M) 21.794ms
[2020-01-31T08:40:54.794+0300][31.376s][info][gc] GC(504) Pause Young (Allocation Failure) 323M->187M(912M) 0.879ms
[2020-01-31T08:40:54.882+0300][31.464s][info][gc] GC(505) Pause Young (Allocation Failure) 301M->301M(912M) 75.269ms
[2020-01-31T08:40:54.969+0300][31.551s][info][gc] GC(506) Pause Young (Allocation Failure) 415M->281M(912M) 64.025ms
[2020-01-31T08:40:55.043+0300][31.625s][info][gc] GC(507) Pause Young (Allocation Failure) 395M->262M(912M) 49.767ms
[2020-01-31T08:40:55.104+0300][31.685s][info][gc] GC(508) Pause Young (Allocation Failure) 376M->242M(912M) 36.104ms
[2020-01-31T08:40:55.151+0300][31.733s][info][gc] GC(509) Pause Young (Allocation Failure) 356M->223M(912M) 22.350ms
[2020-01-31T08:40:55.175+0300][31.756s][info][gc] GC(510) Pause Young (Allocation Failure) 321M->187M(912M) 0.963ms
[2020-01-31T08:40:55.251+0300][31.832s][info][gc] GC(511) Pause Young (Allocation Failure) 301M->301M(912M) 63.082ms
[2020-01-31T08:40:55.322+0300][31.905s][info][gc] GC(512) Pause Young (Allocation Failure) 415M->281M(912M) 49.720ms
[2020-01-31T08:40:55.387+0300][31.969s][info][gc] GC(513) Pause Young (Allocation Failure) 395M->262M(912M) 41.485ms
[2020-01-31T08:40:55.441+0300][32.023s][info][gc] GC(514) Pause Young (Allocation Failure) 376M->242M(912M) 29.897ms
[2020-01-31T08:40:55.483+0300][32.065s][info][gc] GC(515) Pause Young (Allocation Failure) 356M->223M(912M) 19.421ms
[2020-01-31T08:40:55.505+0300][32.087s][info][gc] GC(516) Pause Young (Allocation Failure) 321M->187M(912M) 0.515ms
[2020-01-31T08:40:55.578+0300][32.159s][info][gc] GC(517) Pause Young (Allocation Failure) 301M->301M(912M) 59.659ms
[2020-01-31T08:40:55.692+0300][32.274s][info][gc] GC(518) Pause Young (Allocation Failure) 415M->281M(912M) 63.425ms
[2020-01-31T08:40:55.764+0300][32.346s][info][gc] GC(519) Pause Young (Allocation Failure) 395M->262M(912M) 48.706ms
[2020-01-31T08:40:55.822+0300][32.404s][info][gc] GC(520) Pause Young (Allocation Failure) 376M->242M(912M) 35.067ms
[2020-01-31T08:40:55.868+0300][32.449s][info][gc] GC(521) Pause Young (Allocation Failure) 356M->223M(912M) 22.237ms
[2020-01-31T08:40:55.891+0300][32.473s][info][gc] GC(522) Pause Young (Allocation Failure) 323M->187M(912M) 0.867ms
[2020-01-31T08:40:55.983+0300][32.565s][info][gc] GC(523) Pause Young (Allocation Failure) 301M->301M(912M) 78.163ms
[2020-01-31T08:40:56.069+0300][32.652s][info][gc] GC(524) Pause Young (Allocation Failure) 415M->282M(912M) 62.223ms
[2020-01-31T08:40:56.142+0300][32.724s][info][gc] GC(525) Pause Young (Allocation Failure) 396M->262M(912M) 48.643ms
[2020-01-31T08:40:56.195+0300][32.777s][info][gc] GC(526) Pause Young (Allocation Failure) 376M->242M(912M) 29.510ms
[2020-01-31T08:40:56.238+0300][32.820s][info][gc] GC(527) Pause Young (Allocation Failure) 356M->223M(912M) 20.008ms
[2020-01-31T08:40:56.261+0300][32.843s][info][gc] GC(528) Pause Young (Allocation Failure) 321M->187M(912M) 0.512ms
[2020-01-31T08:40:56.333+0300][32.914s][info][gc] GC(529) Pause Young (Allocation Failure) 301M->301M(912M) 59.156ms
[2020-01-31T08:40:56.404+0300][32.986s][info][gc] GC(530) Pause Young (Allocation Failure) 415M->282M(912M) 49.488ms
[2020-01-31T08:40:56.469+0300][33.051s][info][gc] GC(531) Pause Young (Allocation Failure) 396M->262M(912M) 40.600ms
[2020-01-31T08:40:56.523+0300][33.105s][info][gc] GC(532) Pause Young (Allocation Failure) 376M->243M(912M) 30.777ms
[2020-01-31T08:40:56.595+0300][33.177s][info][gc] GC(533) Pause Young (Allocation Failure) 357M->223M(912M) 19.475ms
[2020-01-31T08:40:56.618+0300][33.200s][info][gc] GC(534) Pause Young (Allocation Failure) 323M->187M(912M) 0.535ms
[2020-01-31T08:40:56.690+0300][33.272s][info][gc] GC(535) Pause Young (Allocation Failure) 301M->301M(912M) 59.694ms
[2020-01-31T08:40:56.766+0300][33.348s][info][gc] GC(536) Pause Young (Allocation Failure) 415M->282M(912M) 52.339ms
[2020-01-31T08:40:56.832+0300][33.414s][info][gc] GC(537) Pause Young (Allocation Failure) 396M->262M(912M) 43.747ms
[2020-01-31T08:40:56.884+0300][33.467s][info][gc] GC(538) Pause Young (Allocation Failure) 376M->243M(912M) 29.758ms
[2020-01-31T08:40:56.927+0300][33.509s][info][gc] GC(539) Pause Young (Allocation Failure) 357M->223M(912M) 19.370ms
[2020-01-31T08:40:56.950+0300][33.532s][info][gc] GC(540) Pause Young (Allocation Failure) 321M->187M(912M) 0.543ms
[2020-01-31T08:40:57.023+0300][33.605s][info][gc] GC(541) Pause Young (Allocation Failure) 301M->301M(912M) 60.197ms
[2020-01-31T08:40:57.095+0300][33.677s][info][gc] GC(542) Pause Young (Allocation Failure) 415M->282M(912M) 49.495ms
[2020-01-31T08:40:57.159+0300][33.741s][info][gc] GC(543) Pause Young (Allocation Failure) 396M->262M(912M) 41.482ms
[2020-01-31T08:40:57.211+0300][33.793s][info][gc] GC(544) Pause Young (Allocation Failure) 376M->243M(912M) 29.130ms
[2020-01-31T08:40:57.254+0300][33.836s][info][gc] GC(545) Pause Young (Allocation Failure) 357M->223M(912M) 19.245ms
[2020-01-31T08:40:57.276+0300][33.858s][info][gc] GC(546) Pause Young (Allocation Failure) 321M->187M(912M) 0.509ms
[2020-01-31T08:40:57.348+0300][33.930s][info][gc] GC(547) Pause Young (Allocation Failure) 301M->301M(912M) 59.354ms
[2020-01-31T08:40:57.423+0300][34.005s][info][gc] GC(548) Pause Young (Allocation Failure) 415M->282M(912M) 52.493ms
[2020-01-31T08:40:57.488+0300][34.070s][info][gc] GC(549) Pause Young (Allocation Failure) 396M->262M(912M) 40.492ms
[2020-01-31T08:40:57.543+0300][34.125s][info][gc] GC(550) Pause Young (Allocation Failure) 376M->243M(912M) 32.683ms
[2020-01-31T08:40:57.604+0300][34.187s][info][gc] GC(551) Pause Young (Allocation Failure) 357M->223M(912M) 20.464ms
[2020-01-31T08:40:57.627+0300][34.210s][info][gc] GC(552) Pause Young (Allocation Failure) 323M->187M(912M) 0.898ms
[2020-01-31T08:40:57.701+0300][34.282s][info][gc] GC(553) Pause Young (Allocation Failure) 301M->302M(912M) 60.000ms
[2020-01-31T08:40:57.772+0300][34.354s][info][gc] GC(554) Pause Young (Allocation Failure) 416M->282M(912M) 48.948ms
[2020-01-31T08:40:57.837+0300][34.418s][info][gc] GC(555) Pause Young (Allocation Failure) 396M->262M(912M) 41.394ms
[2020-01-31T08:40:57.891+0300][34.474s][info][gc] GC(556) Pause Young (Allocation Failure) 376M->243M(912M) 30.795ms
[2020-01-31T08:40:57.934+0300][34.516s][info][gc] GC(557) Pause Young (Allocation Failure) 357M->223M(912M) 19.273ms
[2020-01-31T08:40:57.957+0300][34.539s][info][gc] GC(558) Pause Young (Allocation Failure) 321M->188M(912M) 0.508ms
[2020-01-31T08:40:58.032+0300][34.614s][info][gc] GC(559) Pause Young (Allocation Failure) 302M->302M(912M) 62.619ms
[2020-01-31T08:40:58.109+0300][34.691s][info][gc] GC(560) Pause Young (Allocation Failure) 416M->282M(912M) 53.400ms
[2020-01-31T08:40:58.172+0300][34.753s][info][gc] GC(561) Pause Young (Allocation Failure) 396M->263M(912M) 39.679ms
[2020-01-31T08:40:58.224+0300][34.806s][info][gc] GC(562) Pause Young (Allocation Failure) 377M->243M(912M) 29.274ms
[2020-01-31T08:40:58.265+0300][34.847s][info][gc] GC(563) Pause Young (Allocation Failure) 357M->223M(912M) 19.479ms
[2020-01-31T08:40:58.288+0300][34.870s][info][gc] GC(564) Pause Young (Allocation Failure) 321M->188M(912M) 0.511ms
[2020-01-31T08:40:58.370+0300][34.952s][info][gc] GC(565) Pause Young (Allocation Failure) 302M->302M(912M) 69.497ms
[2020-01-31T08:40:58.447+0300][35.029s][info][gc] GC(566) Pause Young (Allocation Failure) 416M->282M(912M) 51.084ms
[2020-01-31T08:40:58.510+0300][35.092s][info][gc] GC(567) Pause Young (Allocation Failure) 396M->263M(912M) 40.052ms
[2020-01-31T08:40:58.580+0300][35.161s][info][gc] GC(568) Pause Young (Allocation Failure) 377M->243M(912M) 44.986ms
[2020-01-31T08:40:58.625+0300][35.207s][info][gc] GC(569) Pause Young (Allocation Failure) 357M->223M(912M) 21.972ms
[2020-01-31T08:40:58.648+0300][35.230s][info][gc] GC(570) Pause Young (Allocation Failure) 324M->188M(912M) 0.959ms
[2020-01-31T08:40:58.736+0300][35.318s][info][gc] GC(571) Pause Young (Allocation Failure) 302M->302M(912M) 75.350ms
[2020-01-31T08:40:58.824+0300][35.406s][info][gc] GC(572) Pause Young (Allocation Failure) 416M->282M(912M) 64.021ms
[2020-01-31T08:40:58.893+0300][35.475s][info][gc] GC(573) Pause Young (Allocation Failure) 396M->263M(912M) 45.794ms
[2020-01-31T08:40:58.946+0300][35.527s][info][gc] GC(574) Pause Young (Allocation Failure) 377M->243M(912M) 29.763ms
[2020-01-31T08:40:58.988+0300][35.569s][info][gc] GC(575) Pause Young (Allocation Failure) 357M->224M(912M) 19.545ms
[2020-01-31T08:40:59.011+0300][35.593s][info][gc] GC(576) Pause Young (Allocation Failure) 322M->188M(912M) 0.520ms
[2020-01-31T08:40:59.084+0300][35.666s][info][gc] GC(577) Pause Young (Allocation Failure) 302M->302M(912M) 61.386ms
[2020-01-31T08:40:59.156+0300][35.739s][info][gc] GC(578) Pause Young (Allocation Failure) 416M->282M(912M) 49.638ms
[2020-01-31T08:40:59.219+0300][35.801s][info][gc] GC(579) Pause Young (Allocation Failure) 396M->263M(912M) 39.985ms
[2020-01-31T08:40:59.272+0300][35.853s][info][gc] GC(580) Pause Young (Allocation Failure) 377M->243M(912M) 28.832ms
[2020-01-31T08:40:59.317+0300][35.899s][info][gc] GC(581) Pause Young (Allocation Failure) 357M->224M(912M) 22.746ms
[2020-01-31T08:40:59.341+0300][35.923s][info][gc] GC(582) Pause Young (Allocation Failure) 322M->188M(912M) 1.337ms
[2020-01-31T08:40:59.417+0300][35.999s][info][gc] GC(583) Pause Young (Allocation Failure) 302M->302M(912M) 63.744ms
[2020-01-31T08:40:59.490+0300][36.072s][info][gc] GC(584) Pause Young (Allocation Failure) 416M->283M(912M) 50.302ms
[2020-01-31T08:40:59.568+0300][36.150s][info][gc] GC(585) Pause Young (Allocation Failure) 397M->263M(912M) 54.658ms
[2020-01-31T08:40:59.636+0300][36.218s][info][gc] GC(586) Pause Young (Allocation Failure) 377M->243M(912M) 35.544ms
[2020-01-31T08:40:59.681+0300][36.263s][info][gc] GC(587) Pause Young (Allocation Failure) 357M->224M(912M) 22.073ms
[2020-01-31T08:40:59.705+0300][36.287s][info][gc] GC(588) Pause Young (Allocation Failure) 324M->188M(912M) 0.895ms
[2020-01-31T08:40:59.777+0300][36.360s][info][gc] GC(589) Pause Young (Allocation Failure) 302M->302M(912M) 59.792ms
[2020-01-31T08:40:59.855+0300][36.437s][info][gc] GC(590) Pause Young (Allocation Failure) 416M->283M(912M) 53.947ms
[2020-01-31T08:40:59.918+0300][36.500s][info][gc] GC(591) Pause Young (Allocation Failure) 397M->263M(912M) 39.832ms
[2020-01-31T08:40:59.970+0300][36.552s][info][gc] GC(592) Pause Young (Allocation Failure) 377M->243M(912M) 28.893ms
[2020-01-31T08:41:00.014+0300][36.596s][info][gc] GC(593) Pause Young (Allocation Failure) 357M->224M(912M) 21.987ms
[2020-01-31T08:41:00.038+0300][36.620s][info][gc] GC(594) Pause Young (Allocation Failure) 322M->188M(912M) 0.521ms
[2020-01-31T08:41:00.110+0300][36.691s][info][gc] GC(595) Pause Young (Allocation Failure) 302M->302M(912M) 59.450ms
[2020-01-31T08:41:00.182+0300][36.764s][info][gc] GC(596) Pause Young (Allocation Failure) 416M->283M(912M) 50.516ms
[2020-01-31T08:41:00.249+0300][36.831s][info][gc] GC(597) Pause Young (Allocation Failure) 397M->263M(912M) 44.047ms
[2020-01-31T08:41:00.303+0300][36.885s][info][gc] GC(598) Pause Young (Allocation Failure) 377M->243M(912M) 30.268ms
[2020-01-31T08:41:00.346+0300][36.928s][info][gc] GC(599) Pause Young (Allocation Failure) 357M->224M(912M) 19.564ms
[2020-01-31T08:41:00.369+0300][36.951s][info][gc] GC(600) Pause Young (Allocation Failure) 322M->188M(912M) 0.511ms
[2020-01-31T08:41:00.442+0300][37.024s][info][gc] GC(601) Pause Young (Allocation Failure) 302M->302M(912M) 60.218ms
[2020-01-31T08:41:00.515+0300][37.098s][info][gc] GC(602) Pause Young (Allocation Failure) 416M->283M(912M) 51.328ms
[2020-01-31T08:41:00.587+0300][37.169s][info][gc] GC(603) Pause Young (Allocation Failure) 397M->263M(912M) 45.191ms
[2020-01-31T08:41:00.640+0300][37.222s][info][gc] GC(604) Pause Young (Allocation Failure) 377M->243M(912M) 29.791ms
[2020-01-31T08:41:00.682+0300][37.264s][info][gc] GC(605) Pause Young (Allocation Failure) 357M->224M(912M) 19.379ms
[2020-01-31T08:41:00.704+0300][37.286s][info][gc] GC(606) Pause Young (Allocation Failure) 324M->188M(912M) 0.512ms
[2020-01-31T08:41:00.779+0300][37.361s][info][gc] GC(607) Pause Young (Allocation Failure) 302M->302M(912M) 62.212ms
[2020-01-31T08:41:00.851+0300][37.432s][info][gc] GC(608) Pause Young (Allocation Failure) 416M->283M(912M) 49.409ms
[2020-01-31T08:41:00.912+0300][37.495s][info][gc] GC(609) Pause Young (Allocation Failure) 397M->263M(912M) 39.395ms
[2020-01-31T08:41:00.965+0300][37.547s][info][gc] GC(610) Pause Young (Allocation Failure) 377M->244M(912M) 29.229ms
[2020-01-31T08:41:01.008+0300][37.591s][info][gc] GC(611) Pause Young (Allocation Failure) 358M->224M(912M) 19.994ms
[2020-01-31T08:41:01.031+0300][37.613s][info][gc] GC(612) Pause Young (Allocation Failure) 322M->188M(912M) 0.513ms
[2020-01-31T08:41:01.103+0300][37.685s][info][gc] GC(613) Pause Young (Allocation Failure) 302M->302M(912M) 59.286ms
[2020-01-31T08:41:01.175+0300][37.757s][info][gc] GC(614) Pause Young (Allocation Failure) 416M->283M(912M) 49.610ms
[2020-01-31T08:41:01.238+0300][37.819s][info][gc] GC(615) Pause Young (Allocation Failure) 397M->263M(912M) 39.777ms
[2020-01-31T08:41:01.290+0300][37.872s][info][gc] GC(616) Pause Young (Allocation Failure) 377M->244M(912M) 29.707ms
[2020-01-31T08:41:01.333+0300][37.915s][info][gc] GC(617) Pause Young (Allocation Failure) 358M->224M(912M) 19.444ms
[2020-01-31T08:41:01.356+0300][37.939s][info][gc] GC(618) Pause Young (Allocation Failure) 322M->188M(912M) 0.803ms
[2020-01-31T08:41:01.429+0300][38.011s][info][gc] GC(619) Pause Young (Allocation Failure) 302M->302M(912M) 60.625ms
[2020-01-31T08:41:01.504+0300][38.085s][info][gc] GC(620) Pause Young (Allocation Failure) 416M->283M(912M) 50.910ms
[2020-01-31T08:41:01.595+0300][38.177s][info][gc] GC(621) Pause Young (Allocation Failure) 397M->263M(912M) 56.561ms
[2020-01-31T08:41:01.650+0300][38.233s][info][gc] GC(622) Pause Young (Allocation Failure) 377M->244M(912M) 32.383ms
[2020-01-31T08:41:01.693+0300][38.275s][info][gc] GC(623) Pause Young (Allocation Failure) 358M->224M(912M) 19.515ms
[2020-01-31T08:41:01.716+0300][38.299s][info][gc] GC(624) Pause Young (Allocation Failure) 324M->188M(912M) 0.885ms
[2020-01-31T08:41:01.789+0300][38.371s][info][gc] GC(625) Pause Young (Allocation Failure) 302M->303M(912M) 59.884ms
[2020-01-31T08:41:01.862+0300][38.444s][info][gc] GC(626) Pause Young (Allocation Failure) 417M->283M(912M) 49.314ms
[2020-01-31T08:41:01.926+0300][38.507s][info][gc] GC(627) Pause Young (Allocation Failure) 397M->263M(912M) 40.764ms
[2020-01-31T08:41:01.978+0300][38.559s][info][gc] GC(628) Pause Young (Allocation Failure) 377M->244M(912M) 28.923ms
[2020-01-31T08:41:02.019+0300][38.601s][info][gc] GC(629) Pause Young (Allocation Failure) 358M->224M(912M) 19.502ms
[2020-01-31T08:41:02.042+0300][38.624s][info][gc] GC(630) Pause Young (Allocation Failure) 322M->189M(912M) 0.525ms
[2020-01-31T08:41:02.114+0300][38.696s][info][gc] GC(631) Pause Young (Allocation Failure) 303M->303M(912M) 59.390ms
[2020-01-31T08:41:02.187+0300][38.769s][info][gc] GC(632) Pause Young (Allocation Failure) 417M->283M(912M) 50.435ms
[2020-01-31T08:41:02.251+0300][38.832s][info][gc] GC(633) Pause Young (Allocation Failure) 397M->264M(912M) 40.025ms
[2020-01-31T08:41:02.303+0300][38.885s][info][gc] GC(634) Pause Young (Allocation Failure) 378M->244M(912M) 29.073ms
[2020-01-31T08:41:02.345+0300][38.926s][info][gc] GC(635) Pause Young (Allocation Failure) 358M->224M(912M) 19.301ms
[2020-01-31T08:41:02.368+0300][38.950s][info][gc] GC(636) Pause Young (Allocation Failure) 322M->189M(912M) 0.511ms
[2020-01-31T08:41:02.461+0300][39.043s][info][gc] GC(637) Pause Young (Allocation Failure) 303M->303M(912M) 81.361ms
[2020-01-31T08:41:02.535+0300][39.117s][info][gc] GC(638) Pause Young (Allocation Failure) 417M->283M(912M) 51.847ms
[2020-01-31T08:41:02.620+0300][39.202s][info][gc] GC(639) Pause Young (Allocation Failure) 397M->264M(912M) 53.637ms
[2020-01-31T08:41:02.678+0300][39.260s][info][gc] GC(640) Pause Young (Allocation Failure) 378M->244M(912M) 34.264ms
[2020-01-31T08:41:02.721+0300][39.302s][info][gc] GC(641) Pause Young (Allocation Failure) 358M->224M(912M) 19.375ms
[2020-01-31T08:41:02.743+0300][39.325s][info][gc] GC(642) Pause Young (Allocation Failure) 325M->189M(912M) 0.516ms
[2020-01-31T08:41:02.814+0300][39.396s][info][gc] GC(643) Pause Young (Allocation Failure) 303M->303M(912M) 59.595ms
[2020-01-31T08:41:02.891+0300][39.473s][info][gc] GC(644) Pause Young (Allocation Failure) 417M->283M(912M) 54.295ms
[2020-01-31T08:41:02.963+0300][39.545s][info][gc] GC(645) Pause Young (Allocation Failure) 397M->264M(912M) 48.431ms
[2020-01-31T08:41:03.024+0300][39.605s][info][gc] GC(646) Pause Young (Allocation Failure) 378M->244M(912M) 36.809ms
[2020-01-31T08:41:03.067+0300][39.648s][info][gc] GC(647) Pause Young (Allocation Failure) 358M->225M(912M) 20.447ms
[2020-01-31T08:41:03.091+0300][39.672s][info][gc] GC(648) Pause Young (Allocation Failure) 323M->189M(912M) 1.077ms
[2020-01-31T08:41:03.185+0300][39.767s][info][gc] GC(649) Pause Young (Allocation Failure) 303M->303M(912M) 81.794ms
[2020-01-31T08:41:03.264+0300][39.846s][info][gc] GC(650) Pause Young (Allocation Failure) 417M->283M(912M) 54.793ms
[2020-01-31T08:41:03.328+0300][39.910s][info][gc] GC(651) Pause Young (Allocation Failure) 397M->264M(912M) 40.615ms
[2020-01-31T08:41:03.381+0300][39.963s][info][gc] GC(652) Pause Young (Allocation Failure) 378M->244M(912M) 30.508ms
[2020-01-31T08:41:03.426+0300][40.007s][info][gc] GC(653) Pause Young (Allocation Failure) 358M->225M(912M) 20.330ms
[2020-01-31T08:41:03.449+0300][40.031s][info][gc] GC(654) Pause Young (Allocation Failure) 323M->189M(912M) 0.518ms
[2020-01-31T08:41:03.522+0300][40.104s][info][gc] GC(655) Pause Young (Allocation Failure) 303M->303M(912M) 60.595ms
[2020-01-31T08:41:03.654+0300][40.236s][info][gc] GC(656) Pause Young (Allocation Failure) 417M->283M(912M) 74.253ms
[2020-01-31T08:41:03.716+0300][40.298s][info][gc] GC(657) Pause Young (Allocation Failure) 397M->264M(912M) 38.875ms
[2020-01-31T08:41:03.768+0300][40.350s][info][gc] GC(658) Pause Young (Allocation Failure) 378M->244M(912M) 29.669ms
[2020-01-31T08:41:03.811+0300][40.393s][info][gc] GC(659) Pause Young (Allocation Failure) 358M->225M(912M) 19.536ms
[2020-01-31T08:41:03.834+0300][40.416s][info][gc] GC(660) Pause Young (Allocation Failure) 325M->189M(912M) 0.524ms
[2020-01-31T08:41:03.907+0300][40.489s][info][gc] GC(661) Pause Young (Allocation Failure) 303M->303M(912M) 61.471ms
[2020-01-31T08:41:03.980+0300][40.562s][info][gc] GC(662) Pause Young (Allocation Failure) 417M->284M(912M) 50.178ms
[2020-01-31T08:41:04.042+0300][40.624s][info][gc] GC(663) Pause Young (Allocation Failure) 398M->264M(912M) 39.275ms
[2020-01-31T08:41:04.094+0300][40.676s][info][gc] GC(664) Pause Young (Allocation Failure) 378M->244M(912M) 29.552ms
[2020-01-31T08:41:04.137+0300][40.719s][info][gc] GC(665) Pause Young (Allocation Failure) 358M->225M(912M) 20.002ms
[2020-01-31T08:41:04.160+0300][40.742s][info][gc] GC(666) Pause Young (Allocation Failure) 323M->189M(912M) 0.863ms
[2020-01-31T08:41:04.235+0300][40.817s][info][gc] GC(667) Pause Young (Allocation Failure) 303M->303M(912M) 62.226ms
[2020-01-31T08:41:04.311+0300][40.894s][info][gc] GC(668) Pause Young (Allocation Failure) 417M->284M(912M) 53.414ms
[2020-01-31T08:41:04.375+0300][40.957s][info][gc] GC(669) Pause Young (Allocation Failure) 398M->264M(912M) 40.626ms
[2020-01-31T08:41:04.429+0300][41.011s][info][gc] GC(670) Pause Young (Allocation Failure) 378M->245M(912M) 30.987ms
[2020-01-31T08:41:04.472+0300][41.054s][info][gc] GC(671) Pause Young (Allocation Failure) 359M->225M(912M) 19.866ms
[2020-01-31T08:41:04.495+0300][41.077s][info][gc] GC(672) Pause Young (Allocation Failure) 323M->189M(912M) 0.515ms
[2020-01-31T08:41:04.570+0300][41.151s][info][gc] GC(673) Pause Young (Allocation Failure) 303M->303M(912M) 61.953ms
[2020-01-31T08:41:04.705+0300][41.287s][info][gc] GC(674) Pause Young (Allocation Failure) 417M->284M(912M) 86.187ms
[2020-01-31T08:41:04.773+0300][41.355s][info][gc] GC(675) Pause Young (Allocation Failure) 398M->264M(912M) 43.536ms
[2020-01-31T08:41:04.827+0300][41.409s][info][gc] GC(676) Pause Young (Allocation Failure) 378M->244M(912M) 30.181ms
[2020-01-31T08:41:04.869+0300][41.451s][info][gc] GC(677) Pause Young (Allocation Failure) 358M->225M(912M) 19.407ms
[2020-01-31T08:41:04.892+0300][41.474s][info][gc] GC(678) Pause Young (Allocation Failure) 325M->189M(912M) 0.511ms
[2020-01-31T08:41:04.966+0300][41.548s][info][gc] GC(679) Pause Young (Allocation Failure) 303M->303M(912M) 62.067ms
[2020-01-31T08:41:05.040+0300][41.622s][info][gc] GC(680) Pause Young (Allocation Failure) 417M->284M(912M) 51.046ms
[2020-01-31T08:41:05.103+0300][41.685s][info][gc] GC(681) Pause Young (Allocation Failure) 398M->264M(912M) 39.630ms
[2020-01-31T08:41:05.156+0300][41.738s][info][gc] GC(682) Pause Young (Allocation Failure) 378M->245M(912M) 29.753ms
[2020-01-31T08:41:05.198+0300][41.780s][info][gc] GC(683) Pause Young (Allocation Failure) 359M->225M(912M) 19.685ms
[2020-01-31T08:41:05.221+0300][41.803s][info][gc] GC(684) Pause Young (Allocation Failure) 323M->189M(912M) 0.899ms
[2020-01-31T08:41:05.294+0300][41.876s][info][gc] GC(685) Pause Young (Allocation Failure) 303M->303M(912M) 60.339ms
[2020-01-31T08:41:05.367+0300][41.949s][info][gc] GC(686) Pause Young (Allocation Failure) 417M->284M(912M) 50.089ms
[2020-01-31T08:41:05.430+0300][42.013s][info][gc] GC(687) Pause Young (Allocation Failure) 398M->264M(912M) 41.056ms
[2020-01-31T08:41:05.484+0300][42.066s][info][gc] GC(688) Pause Young (Allocation Failure) 378M->245M(912M) 29.741ms
[2020-01-31T08:41:05.528+0300][42.110s][info][gc] GC(689) Pause Young (Allocation Failure) 359M->225M(912M) 20.764ms
[2020-01-31T08:41:05.558+0300][42.140s][info][gc] GC(690) Pause Young (Allocation Failure) 323M->189M(912M) 1.015ms
[2020-01-31T08:41:05.640+0300][42.222s][info][gc] GC(691) Pause Young (Allocation Failure) 303M->303M(912M) 68.806ms
[2020-01-31T08:41:05.714+0300][42.295s][info][gc] GC(692) Pause Young (Allocation Failure) 417M->284M(912M) 50.177ms
[2020-01-31T08:41:05.776+0300][42.358s][info][gc] GC(693) Pause Young (Allocation Failure) 398M->264M(912M) 39.550ms
[2020-01-31T08:41:05.828+0300][42.410s][info][gc] GC(694) Pause Young (Allocation Failure) 378M->245M(912M) 28.871ms
[2020-01-31T08:41:05.870+0300][42.452s][info][gc] GC(695) Pause Young (Allocation Failure) 359M->225M(912M) 19.487ms
[2020-01-31T08:41:05.893+0300][42.475s][info][gc] GC(696) Pause Young (Allocation Failure) 323M->190M(912M) 0.515ms
[2020-01-31T08:41:05.965+0300][42.547s][info][gc] GC(697) Pause Young (Allocation Failure) 304M->304M(912M) 59.387ms
[2020-01-31T08:41:06.038+0300][42.620s][info][gc] GC(698) Pause Young (Allocation Failure) 418M->284M(912M) 49.465ms
[2020-01-31T08:41:06.102+0300][42.683s][info][gc] GC(699) Pause Young (Allocation Failure) 398M->264M(912M) 40.662ms
[2020-01-31T08:41:06.154+0300][42.736s][info][gc] GC(700) Pause Young (Allocation Failure) 378M->245M(912M) 29.672ms
[2020-01-31T08:41:06.197+0300][42.779s][info][gc] GC(701) Pause Young (Allocation Failure) 359M->225M(912M) 19.204ms
[2020-01-31T08:41:06.219+0300][42.801s][info][gc] GC(702) Pause Young (Allocation Failure) 323M->190M(912M) 0.512ms
[2020-01-31T08:41:06.291+0300][42.873s][info][gc] GC(703) Pause Young (Allocation Failure) 304M->304M(912M) 59.458ms
[2020-01-31T08:41:06.366+0300][42.948s][info][gc] GC(704) Pause Young (Allocation Failure) 418M->284M(912M) 52.282ms
[2020-01-31T08:41:06.430+0300][43.012s][info][gc] GC(705) Pause Young (Allocation Failure) 398M->265M(912M) 40.668ms
[2020-01-31T08:41:06.483+0300][43.064s][info][gc] GC(706) Pause Young (Allocation Failure) 379M->245M(912M) 30.194ms
[2020-01-31T08:41:06.526+0300][43.109s][info][gc] GC(707) Pause Young (Allocation Failure) 359M->225M(912M) 20.881ms
[2020-01-31T08:41:06.552+0300][43.134s][info][gc] GC(708) Pause Young (Allocation Failure) 323M->190M(912M) 1.313ms
[2020-01-31T08:41:06.676+0300][43.258s][info][gc] GC(709) Pause Young (Allocation Failure) 304M->304M(912M) 105.678ms
[2020-01-31T08:41:06.754+0300][43.336s][info][gc] GC(710) Pause Young (Allocation Failure) 418M->284M(912M) 54.349ms
[2020-01-31T08:41:06.817+0300][43.398s][info][gc] GC(711) Pause Young (Allocation Failure) 398M->265M(912M) 39.479ms
[2020-01-31T08:41:06.868+0300][43.450s][info][gc] GC(712) Pause Young (Allocation Failure) 379M->245M(912M) 29.042ms
[2020-01-31T08:41:06.910+0300][43.492s][info][gc] GC(713) Pause Young (Allocation Failure) 359M->225M(912M) 19.644ms
[2020-01-31T08:41:06.934+0300][43.516s][info][gc] GC(714) Pause Young (Allocation Failure) 326M->190M(912M) 0.517ms
[2020-01-31T08:41:07.007+0300][43.590s][info][gc] GC(715) Pause Young (Allocation Failure) 304M->304M(912M) 60.825ms
[2020-01-31T08:41:07.080+0300][43.662s][info][gc] GC(716) Pause Young (Allocation Failure) 418M->284M(912M) 49.594ms
[2020-01-31T08:41:07.144+0300][43.726s][info][gc] GC(717) Pause Young (Allocation Failure) 398M->265M(912M) 40.869ms
[2020-01-31T08:41:07.197+0300][43.778s][info][gc] GC(718) Pause Young (Allocation Failure) 379M->245M(912M) 29.859ms
[2020-01-31T08:41:07.238+0300][43.820s][info][gc] GC(719) Pause Young (Allocation Failure) 359M->226M(912M) 19.340ms
[2020-01-31T08:41:07.261+0300][43.844s][info][gc] GC(720) Pause Young (Allocation Failure) 324M->190M(912M) 0.781ms
[2020-01-31T08:41:07.333+0300][43.915s][info][gc] GC(721) Pause Young (Allocation Failure) 304M->304M(912M) 59.437ms
[2020-01-31T08:41:07.408+0300][43.990s][info][gc] GC(722) Pause Young (Allocation Failure) 418M->284M(912M) 50.749ms
[2020-01-31T08:41:07.471+0300][44.053s][info][gc] GC(723) Pause Young (Allocation Failure) 398M->265M(912M) 39.691ms
[2020-01-31T08:41:07.523+0300][44.105s][info][gc] GC(724) Pause Young (Allocation Failure) 379M->245M(912M) 29.605ms
[2020-01-31T08:41:07.568+0300][44.150s][info][gc] GC(725) Pause Young (Allocation Failure) 359M->225M(912M) 19.102ms
[2020-01-31T08:41:07.592+0300][44.174s][info][gc] GC(726) Pause Young (Allocation Failure) 325M->190M(912M) 0.535ms
[2020-01-31T08:41:07.665+0300][44.247s][info][gc] GC(727) Pause Young (Allocation Failure) 304M->304M(912M) 61.258ms
[2020-01-31T08:41:07.738+0300][44.320s][info][gc] GC(728) Pause Young (Allocation Failure) 418M->285M(912M) 50.281ms
[2020-01-31T08:41:07.801+0300][44.383s][info][gc] GC(729) Pause Young (Allocation Failure) 399M->265M(912M) 40.054ms
[2020-01-31T08:41:07.854+0300][44.435s][info][gc] GC(730) Pause Young (Allocation Failure) 379M->245M(912M) 29.700ms
[2020-01-31T08:41:07.896+0300][44.478s][info][gc] GC(731) Pause Young (Allocation Failure) 359M->226M(912M) 19.716ms
[2020-01-31T08:41:07.919+0300][44.501s][info][gc] GC(732) Pause Young (Allocation Failure) 324M->190M(912M) 0.586ms
[2020-01-31T08:41:07.990+0300][44.572s][info][gc] GC(733) Pause Young (Allocation Failure) 304M->304M(912M) 59.283ms
[2020-01-31T08:41:08.063+0300][44.646s][info][gc] GC(734) Pause Young (Allocation Failure) 418M->285M(912M) 49.698ms
[2020-01-31T08:41:08.127+0300][44.709s][info][gc] GC(735) Pause Young (Allocation Failure) 399M->265M(912M) 40.524ms
[2020-01-31T08:41:08.178+0300][44.760s][info][gc] GC(736) Pause Young (Allocation Failure) 379M->245M(912M) 28.701ms
[2020-01-31T08:41:08.221+0300][44.803s][info][gc] GC(737) Pause Young (Allocation Failure) 359M->226M(912M) 19.502ms
[2020-01-31T08:41:08.244+0300][44.826s][info][gc] GC(738) Pause Young (Allocation Failure) 324M->190M(912M) 0.514ms
[2020-01-31T08:41:08.316+0300][44.897s][info][gc] GC(739) Pause Young (Allocation Failure) 304M->304M(912M) 59.164ms
[2020-01-31T08:41:08.392+0300][44.974s][info][gc] GC(740) Pause Young (Allocation Failure) 418M->285M(912M) 53.578ms
[2020-01-31T08:41:08.455+0300][45.037s][info][gc] GC(741) Pause Young (Allocation Failure) 399M->265M(912M) 39.475ms
[2020-01-31T08:41:08.507+0300][45.089s][info][gc] GC(742) Pause Young (Allocation Failure) 379M->245M(912M) 29.528ms
[2020-01-31T08:41:08.550+0300][45.132s][info][gc] GC(743) Pause Young (Allocation Failure) 359M->226M(912M) 19.662ms
[2020-01-31T08:41:08.576+0300][45.158s][info][gc] GC(744) Pause Young (Allocation Failure) 324M->190M(912M) 0.604ms
[2020-01-31T08:41:08.651+0300][45.233s][info][gc] GC(745) Pause Young (Allocation Failure) 304M->304M(912M) 62.520ms
[2020-01-31T08:41:08.725+0300][45.307s][info][gc] GC(746) Pause Young (Allocation Failure) 418M->285M(912M) 51.534ms
[2020-01-31T08:41:08.786+0300][45.368s][info][gc] GC(747) Pause Young (Allocation Failure) 399M->265M(912M) 39.370ms
[2020-01-31T08:41:08.838+0300][45.421s][info][gc] GC(748) Pause Young (Allocation Failure) 379M->246M(912M) 29.577ms
[2020-01-31T08:41:08.881+0300][45.463s][info][gc] GC(749) Pause Young (Allocation Failure) 360M->226M(912M) 19.851ms
[2020-01-31T08:41:08.904+0300][45.486s][info][gc] GC(750) Pause Young (Allocation Failure) 324M->190M(912M) 0.527ms
[2020-01-31T08:41:08.977+0300][45.558s][info][gc] GC(751) Pause Young (Allocation Failure) 304M->304M(912M) 59.621ms
[2020-01-31T08:41:09.049+0300][45.631s][info][gc] GC(752) Pause Young (Allocation Failure) 418M->285M(912M) 49.686ms
[2020-01-31T08:41:09.113+0300][45.696s][info][gc] GC(753) Pause Young (Allocation Failure) 399M->265M(912M) 42.100ms
[2020-01-31T08:41:09.165+0300][45.747s][info][gc] GC(754) Pause Young (Allocation Failure) 379M->246M(912M) 29.063ms
[2020-01-31T08:41:09.207+0300][45.790s][info][gc] GC(755) Pause Young (Allocation Failure) 360M->226M(912M) 20.040ms
[2020-01-31T08:41:09.230+0300][45.812s][info][gc] GC(756) Pause Young (Allocation Failure) 324M->190M(912M) 0.514ms
[2020-01-31T08:41:09.301+0300][45.883s][info][gc] GC(757) Pause Young (Allocation Failure) 304M->304M(912M) 58.957ms
[2020-01-31T08:41:09.377+0300][45.959s][info][gc] GC(758) Pause Young (Allocation Failure) 418M->285M(912M) 51.690ms
[2020-01-31T08:41:09.440+0300][46.021s][info][gc] GC(759) Pause Young (Allocation Failure) 399M->265M(912M) 39.128ms
[2020-01-31T08:41:09.492+0300][46.075s][info][gc] GC(760) Pause Young (Allocation Failure) 379M->246M(912M) 30.589ms
[2020-01-31T08:41:09.535+0300][46.118s][info][gc] GC(761) Pause Young (Allocation Failure) 360M->226M(912M) 20.033ms
[2020-01-31T08:41:09.564+0300][46.146s][info][gc] GC(762) Pause Young (Allocation Failure) 324M->190M(912M) 0.520ms
[2020-01-31T08:41:09.638+0300][46.220s][info][gc] GC(763) Pause Young (Allocation Failure) 304M->304M(912M) 61.250ms
[2020-01-31T08:41:09.712+0300][46.294s][info][gc] GC(764) Pause Young (Allocation Failure) 418M->285M(912M) 51.422ms
[2020-01-31T08:41:09.775+0300][46.356s][info][gc] GC(765) Pause Young (Allocation Failure) 399M->265M(912M) 39.775ms
[2020-01-31T08:41:09.827+0300][46.408s][info][gc] GC(766) Pause Young (Allocation Failure) 379M->246M(912M) 29.100ms
[2020-01-31T08:41:09.868+0300][46.451s][info][gc] GC(767) Pause Young (Allocation Failure) 360M->226M(912M) 19.923ms
[2020-01-31T08:41:09.891+0300][46.474s][info][gc] GC(768) Pause Young (Allocation Failure) 324M->190M(912M) 0.791ms
[2020-01-31T08:41:09.971+0300][46.553s][info][gc] GC(769) Pause Young (Allocation Failure) 304M->305M(912M) 67.034ms
[2020-01-31T08:41:10.044+0300][46.626s][info][gc] GC(770) Pause Young (Allocation Failure) 419M->285M(912M) 49.274ms
[2020-01-31T08:41:10.108+0300][46.690s][info][gc] GC(771) Pause Young (Allocation Failure) 399M->265M(912M) 41.245ms
[2020-01-31T08:41:10.161+0300][46.743s][info][gc] GC(772) Pause Young (Allocation Failure) 379M->246M(912M) 29.913ms
[2020-01-31T08:41:10.202+0300][46.784s][info][gc] GC(773) Pause Young (Allocation Failure) 360M->226M(912M) 19.258ms
[2020-01-31T08:41:10.225+0300][46.807s][info][gc] GC(774) Pause Young (Allocation Failure) 324M->191M(912M) 0.551ms
[2020-01-31T08:41:10.297+0300][46.879s][info][gc] GC(775) Pause Young (Allocation Failure) 305M->305M(912M) 60.767ms
[2020-01-31T08:41:10.372+0300][46.954s][info][gc] GC(776) Pause Young (Allocation Failure) 419M->285M(912M) 50.665ms
[2020-01-31T08:41:10.436+0300][47.018s][info][gc] GC(777) Pause Young (Allocation Failure) 399M->266M(912M) 40.334ms
[2020-01-31T08:41:10.490+0300][47.072s][info][gc] GC(778) Pause Young (Allocation Failure) 380M->246M(912M) 29.961ms
[2020-01-31T08:41:10.532+0300][47.114s][info][gc] GC(779) Pause Young (Allocation Failure) 360M->226M(912M) 20.029ms
[2020-01-31T08:41:10.558+0300][47.140s][info][gc] GC(780) Pause Young (Allocation Failure) 324M->191M(912M) 0.518ms
[2020-01-31T08:41:10.631+0300][47.213s][info][gc] GC(781) Pause Young (Allocation Failure) 305M->305M(912M) 61.127ms
[2020-01-31T08:41:10.703+0300][47.286s][info][gc] GC(782) Pause Young (Allocation Failure) 419M->285M(912M) 50.067ms
[2020-01-31T08:41:10.766+0300][47.348s][info][gc] GC(783) Pause Young (Allocation Failure) 399M->266M(912M) 39.754ms
[2020-01-31T08:41:10.818+0300][47.400s][info][gc] GC(784) Pause Young (Allocation Failure) 380M->246M(912M) 28.923ms
[2020-01-31T08:41:10.860+0300][47.442s][info][gc] GC(785) Pause Young (Allocation Failure) 360M->226M(912M) 19.771ms
[2020-01-31T08:41:10.883+0300][47.465s][info][gc] GC(786) Pause Young (Allocation Failure) 324M->191M(912M) 0.515ms
[2020-01-31T08:41:10.955+0300][47.537s][info][gc] GC(787) Pause Young (Allocation Failure) 305M->305M(912M) 59.354ms
[2020-01-31T08:41:11.028+0300][47.610s][info][gc] GC(788) Pause Young (Allocation Failure) 419M->285M(912M) 50.420ms
[2020-01-31T08:41:11.098+0300][47.681s][info][gc] GC(789) Pause Young (Allocation Failure) 399M->266M(912M) 47.338ms
[2020-01-31T08:41:11.153+0300][47.735s][info][gc] GC(790) Pause Young (Allocation Failure) 380M->246M(912M) 30.767ms
[2020-01-31T08:41:11.196+0300][47.778s][info][gc] GC(791) Pause Young (Allocation Failure) 360M->227M(912M) 19.634ms
[2020-01-31T08:41:11.219+0300][47.801s][info][gc] GC(792) Pause Young (Allocation Failure) 324M->191M(912M) 0.517ms
[2020-01-31T08:41:11.291+0300][47.873s][info][gc] GC(793) Pause Young (Allocation Failure) 305M->305M(912M) 59.495ms
[2020-01-31T08:41:11.363+0300][47.946s][info][gc] GC(794) Pause Young (Allocation Failure) 419M->285M(912M) 50.866ms
[2020-01-31T08:41:11.426+0300][48.008s][info][gc] GC(795) Pause Young (Allocation Failure) 399M->266M(912M) 40.063ms
[2020-01-31T08:41:11.477+0300][48.060s][info][gc] GC(796) Pause Young (Allocation Failure) 380M->246M(912M) 28.773ms
[2020-01-31T08:41:11.520+0300][48.102s][info][gc] GC(797) Pause Young (Allocation Failure) 360M->227M(912M) 19.439ms
[2020-01-31T08:41:11.543+0300][48.125s][info][gc] GC(798) Pause Young (Allocation Failure) 325M->191M(912M) 0.888ms
[2020-01-31T08:41:11.634+0300][48.216s][info][gc] GC(799) Pause Young (Allocation Failure) 305M->305M(912M) 78.429ms
[2020-01-31T08:41:11.722+0300][48.304s][info][gc] GC(800) Pause Young (Allocation Failure) 419M->285M(912M) 62.923ms
[2020-01-31T08:41:11.795+0300][48.377s][info][gc] GC(801) Pause Young (Allocation Failure) 399M->266M(912M) 49.147ms
[2020-01-31T08:41:11.848+0300][48.430s][info][gc] GC(802) Pause Young (Allocation Failure) 380M->246M(912M) 30.198ms
[2020-01-31T08:41:11.891+0300][48.473s][info][gc] GC(803) Pause Young (Allocation Failure) 360M->227M(912M) 19.798ms
[2020-01-31T08:41:11.914+0300][48.496s][info][gc] GC(804) Pause Young (Allocation Failure) 325M->191M(912M) 0.552ms
[2020-01-31T08:41:11.985+0300][48.567s][info][gc] GC(805) Pause Young (Allocation Failure) 305M->305M(912M) 58.773ms
[2020-01-31T08:41:12.058+0300][48.640s][info][gc] GC(806) Pause Young (Allocation Failure) 419M->286M(912M) 49.946ms
[2020-01-31T08:41:12.121+0300][48.704s][info][gc] GC(807) Pause Young (Allocation Failure) 400M->266M(912M) 40.174ms
[2020-01-31T08:41:12.174+0300][48.756s][info][gc] GC(808) Pause Young (Allocation Failure) 380M->246M(912M) 30.023ms
[2020-01-31T08:41:12.216+0300][48.798s][info][gc] GC(809) Pause Young (Allocation Failure) 360M->227M(912M) 19.335ms
[2020-01-31T08:41:12.238+0300][48.820s][info][gc] GC(810) Pause Young (Allocation Failure) 325M->191M(912M) 0.519ms
[2020-01-31T08:41:12.312+0300][48.894s][info][gc] GC(811) Pause Young (Allocation Failure) 305M->305M(912M) 62.004ms
[2020-01-31T08:41:12.385+0300][48.967s][info][gc] GC(812) Pause Young (Allocation Failure) 419M->286M(912M) 50.126ms
[2020-01-31T08:41:12.448+0300][49.030s][info][gc] GC(813) Pause Young (Allocation Failure) 400M->266M(912M) 40.061ms
[2020-01-31T08:41:12.499+0300][49.081s][info][gc] GC(814) Pause Young (Allocation Failure) 380M->246M(912M) 29.388ms
[2020-01-31T08:41:12.543+0300][49.125s][info][gc] GC(815) Pause Young (Allocation Failure) 360M->227M(912M) 20.318ms
[2020-01-31T08:41:12.573+0300][49.155s][info][gc] GC(816) Pause Young (Allocation Failure) 325M->191M(912M) 0.958ms
[2020-01-31T08:41:12.644+0300][49.226s][info][gc] GC(817) Pause Young (Allocation Failure) 305M->305M(912M) 59.300ms
[2020-01-31T08:41:12.717+0300][49.299s][info][gc] GC(818) Pause Young (Allocation Failure) 419M->286M(912M) 49.409ms
[2020-01-31T08:41:12.782+0300][49.363s][info][gc] GC(819) Pause Young (Allocation Failure) 400M->266M(912M) 41.460ms
[2020-01-31T08:41:12.835+0300][49.416s][info][gc] GC(820) Pause Young (Allocation Failure) 380M->247M(912M) 29.881ms
[2020-01-31T08:41:12.876+0300][49.458s][info][gc] GC(821) Pause Young (Allocation Failure) 361M->227M(912M) 19.456ms
[2020-01-31T08:41:12.899+0300][49.481s][info][gc] GC(822) Pause Young (Allocation Failure) 325M->191M(912M) 0.511ms
[2020-01-31T08:41:12.971+0300][49.553s][info][gc] GC(823) Pause Young (Allocation Failure) 305M->305M(912M) 59.355ms
[2020-01-31T08:41:13.045+0300][49.627s][info][gc] GC(824) Pause Young (Allocation Failure) 419M->286M(912M) 51.080ms
[2020-01-31T08:41:13.108+0300][49.690s][info][gc] GC(825) Pause Young (Allocation Failure) 400M->266M(912M) 39.987ms
[2020-01-31T08:41:13.161+0300][49.742s][info][gc] GC(826) Pause Young (Allocation Failure) 380M->247M(912M) 30.009ms
[2020-01-31T08:41:13.203+0300][49.784s][info][gc] GC(827) Pause Young (Allocation Failure) 361M->227M(912M) 19.320ms
[2020-01-31T08:41:13.224+0300][49.807s][info][gc] GC(828) Pause Young (Allocation Failure) 325M->191M(912M) 0.517ms
[2020-01-31T08:41:13.298+0300][49.880s][info][gc] GC(829) Pause Young (Allocation Failure) 305M->305M(912M) 61.649ms
[2020-01-31T08:41:13.372+0300][49.954s][info][gc] GC(830) Pause Young (Allocation Failure) 419M->286M(912M) 50.220ms
[2020-01-31T08:41:13.435+0300][50.017s][info][gc] GC(831) Pause Young (Allocation Failure) 400M->266M(912M) 39.862ms
[2020-01-31T08:41:13.487+0300][50.068s][info][gc] GC(832) Pause Young (Allocation Failure) 380M->247M(912M) 29.009ms
[2020-01-31T08:41:13.529+0300][50.111s][info][gc] GC(833) Pause Young (Allocation Failure) 361M->227M(912M) 19.838ms
[2020-01-31T08:41:13.557+0300][50.138s][info][gc] GC(834) Pause Young (Allocation Failure) 325M->191M(912M) 1.284ms
[2020-01-31T08:41:13.628+0300][50.210s][info][gc] GC(835) Pause Young (Allocation Failure) 305M->305M(912M) 59.122ms
[2020-01-31T08:41:13.699+0300][50.282s][info][gc] GC(836) Pause Young (Allocation Failure) 419M->286M(912M) 48.893ms
[2020-01-31T08:41:13.764+0300][50.346s][info][gc] GC(837) Pause Young (Allocation Failure) 400M->266M(912M) 42.052ms
[2020-01-31T08:41:13.816+0300][50.398s][info][gc] GC(838) Pause Young (Allocation Failure) 380M->247M(912M) 29.692ms
[2020-01-31T08:41:13.859+0300][50.441s][info][gc] GC(839) Pause Young (Allocation Failure) 361M->227M(912M) 19.619ms
[2020-01-31T08:41:13.882+0300][50.464s][info][gc] GC(840) Pause Young (Allocation Failure) 325M->191M(912M) 0.572ms
[2020-01-31T08:41:13.954+0300][50.536s][info][gc] GC(841) Pause Young (Allocation Failure) 305M->305M(912M) 59.723ms
[2020-01-31T08:41:14.028+0300][50.611s][info][gc] GC(842) Pause Young (Allocation Failure) 419M->286M(912M) 51.578ms
[2020-01-31T08:41:14.091+0300][50.673s][info][gc] GC(843) Pause Young (Allocation Failure) 400M->266M(912M) 39.856ms
[2020-01-31T08:41:14.143+0300][50.725s][info][gc] GC(844) Pause Young (Allocation Failure) 380M->247M(912M) 29.296ms
[2020-01-31T08:41:14.185+0300][50.767s][info][gc] GC(845) Pause Young (Allocation Failure) 361M->227M(912M) 19.375ms
[2020-01-31T08:41:14.207+0300][50.789s][info][gc] GC(846) Pause Young (Allocation Failure) 325M->192M(912M) 0.513ms
[2020-01-31T08:41:14.281+0300][50.862s][info][gc] GC(847) Pause Young (Allocation Failure) 306M->306M(912M) 61.361ms
[2020-01-31T08:41:14.358+0300][50.940s][info][gc] GC(848) Pause Young (Allocation Failure) 420M->286M(912M) 55.531ms
[2020-01-31T08:41:14.421+0300][51.003s][info][gc] GC(849) Pause Young (Allocation Failure) 400M->266M(912M) 40.125ms
[2020-01-31T08:41:14.474+0300][51.056s][info][gc] GC(850) Pause Young (Allocation Failure) 380M->247M(912M) 29.200ms
[2020-01-31T08:41:14.516+0300][51.098s][info][gc] GC(851) Pause Young (Allocation Failure) 361M->227M(912M) 19.515ms
[2020-01-31T08:41:14.540+0300][51.122s][info][gc] GC(852) Pause Young (Allocation Failure) 325M->192M(912M) 1.159ms
[2020-01-31T08:41:14.614+0300][51.195s][info][gc] GC(853) Pause Young (Allocation Failure) 306M->306M(912M) 59.753ms
[2020-01-31T08:41:14.686+0300][51.267s][info][gc] GC(854) Pause Young (Allocation Failure) 420M->286M(912M) 49.470ms
[2020-01-31T08:41:14.750+0300][51.332s][info][gc] GC(855) Pause Young (Allocation Failure) 400M->266M(912M) 41.622ms
[2020-01-31T08:41:14.803+0300][51.385s][info][gc] GC(856) Pause Young (Allocation Failure) 380M->247M(912M) 28.771ms
[2020-01-31T08:41:14.846+0300][51.428s][info][gc] GC(857) Pause Young (Allocation Failure) 361M->227M(912M) 19.435ms
[2020-01-31T08:41:14.869+0300][51.451s][info][gc] GC(858) Pause Young (Allocation Failure) 327M->192M(912M) 0.520ms
[2020-01-31T08:41:14.941+0300][51.523s][info][gc] GC(859) Pause Young (Allocation Failure) 306M->306M(912M) 59.756ms
[2020-01-31T08:41:15.017+0300][51.599s][info][gc] GC(860) Pause Young (Allocation Failure) 420M->286M(912M) 51.954ms
[2020-01-31T08:41:15.081+0300][51.662s][info][gc] GC(861) Pause Young (Allocation Failure) 400M->267M(912M) 40.087ms
[2020-01-31T08:41:15.131+0300][51.714s][info][gc] GC(862) Pause Young (Allocation Failure) 381M->247M(912M) 28.838ms
[2020-01-31T08:41:15.174+0300][51.756s][info][gc] GC(863) Pause Young (Allocation Failure) 361M->227M(912M) 19.621ms
[2020-01-31T08:41:15.197+0300][51.780s][info][gc] GC(864) Pause Young (Allocation Failure) 325M->192M(912M) 0.867ms
[2020-01-31T08:41:15.270+0300][51.852s][info][gc] GC(865) Pause Young (Allocation Failure) 306M->306M(912M) 60.240ms
[2020-01-31T08:41:15.344+0300][51.926s][info][gc] GC(866) Pause Young (Allocation Failure) 420M->286M(912M) 50.708ms
[2020-01-31T08:41:15.411+0300][51.993s][info][gc] GC(867) Pause Young (Allocation Failure) 400M->267M(912M) 44.039ms
[2020-01-31T08:41:15.463+0300][52.045s][info][gc] GC(868) Pause Young (Allocation Failure) 381M->247M(912M) 29.872ms
[2020-01-31T08:41:15.505+0300][52.087s][info][gc] GC(869) Pause Young (Allocation Failure) 361M->228M(912M) 19.374ms
[2020-01-31T08:41:15.528+0300][52.110s][info][gc] GC(870) Pause Young (Allocation Failure) 325M->192M(912M) 0.521ms
[2020-01-31T08:41:15.602+0300][52.184s][info][gc] GC(871) Pause Young (Allocation Failure) 306M->306M(912M) 60.532ms
[2020-01-31T08:41:15.676+0300][52.258s][info][gc] GC(872) Pause Young (Allocation Failure) 420M->286M(912M) 49.117ms
[2020-01-31T08:41:15.739+0300][52.320s][info][gc] GC(873) Pause Young (Allocation Failure) 400M->267M(912M) 40.684ms
[2020-01-31T08:41:15.792+0300][52.374s][info][gc] GC(874) Pause Young (Allocation Failure) 381M->247M(912M) 29.901ms
[2020-01-31T08:41:15.835+0300][52.416s][info][gc] GC(875) Pause Young (Allocation Failure) 361M->227M(912M) 19.401ms
[2020-01-31T08:41:15.857+0300][52.440s][info][gc] GC(876) Pause Young (Allocation Failure) 328M->192M(912M) 0.517ms
[2020-01-31T08:41:15.928+0300][52.511s][info][gc] GC(877) Pause Young (Allocation Failure) 306M->306M(912M) 59.029ms
[2020-01-31T08:41:16.016+0300][52.598s][info][gc] GC(878) Pause Young (Allocation Failure) 420M->286M(912M) 63.888ms
[2020-01-31T08:41:16.081+0300][52.662s][info][gc] GC(879) Pause Young (Allocation Failure) 400M->267M(912M) 41.096ms
[2020-01-31T08:41:16.132+0300][52.714s][info][gc] GC(880) Pause Young (Allocation Failure) 381M->247M(912M) 28.687ms
[2020-01-31T08:41:16.175+0300][52.756s][info][gc] GC(881) Pause Young (Allocation Failure) 361M->228M(912M) 19.522ms
[2020-01-31T08:41:16.198+0300][52.780s][info][gc] GC(882) Pause Young (Allocation Failure) 326M->192M(912M) 0.514ms
[2020-01-31T08:41:16.270+0300][52.852s][info][gc] GC(883) Pause Young (Allocation Failure) 306M->306M(912M) 60.542ms
[2020-01-31T08:41:16.345+0300][52.927s][info][gc] GC(884) Pause Young (Allocation Failure) 420M->286M(912M) 51.194ms
[2020-01-31T08:41:16.407+0300][52.989s][info][gc] GC(885) Pause Young (Allocation Failure) 400M->267M(912M) 39.581ms
[2020-01-31T08:41:16.459+0300][53.041s][info][gc] GC(886) Pause Young (Allocation Failure) 381M->247M(912M) 29.790ms
[2020-01-31T08:41:16.502+0300][53.083s][info][gc] GC(887) Pause Young (Allocation Failure) 361M->228M(912M) 19.476ms
[2020-01-31T08:41:16.526+0300][53.107s][info][gc] GC(888) Pause Young (Allocation Failure) 326M->192M(912M) 0.949ms
[2020-01-31T08:41:16.613+0300][53.195s][info][gc] GC(889) Pause Young (Allocation Failure) 306M->306M(912M) 74.887ms
[2020-01-31T08:41:16.687+0300][53.269s][info][gc] GC(890) Pause Young (Allocation Failure) 420M->286M(912M) 49.700ms
[2020-01-31T08:41:16.751+0300][53.333s][info][gc] GC(891) Pause Young (Allocation Failure) 400M->267M(912M) 39.708ms
[2020-01-31T08:41:16.803+0300][53.385s][info][gc] GC(892) Pause Young (Allocation Failure) 381M->247M(912M) 29.250ms
[2020-01-31T08:41:16.846+0300][53.427s][info][gc] GC(893) Pause Young (Allocation Failure) 361M->228M(912M) 19.302ms
[2020-01-31T08:41:16.868+0300][53.450s][info][gc] GC(894) Pause Young (Allocation Failure) 328M->192M(912M) 0.570ms
[2020-01-31T08:41:16.940+0300][53.521s][info][gc] GC(895) Pause Young (Allocation Failure) 306M->306M(912M) 59.407ms
[2020-01-31T08:41:17.014+0300][53.596s][info][gc] GC(896) Pause Young (Allocation Failure) 420M->287M(912M) 51.755ms
[2020-01-31T08:41:17.077+0300][53.660s][info][gc] GC(897) Pause Young (Allocation Failure) 401M->267M(912M) 40.138ms
[2020-01-31T08:41:17.130+0300][53.712s][info][gc] GC(898) Pause Young (Allocation Failure) 381M->247M(912M) 28.819ms
[2020-01-31T08:41:17.172+0300][53.754s][info][gc] GC(899) Pause Young (Allocation Failure) 361M->228M(912M) 19.471ms
[2020-01-31T08:41:17.195+0300][53.777s][info][gc] GC(900) Pause Young (Allocation Failure) 326M->192M(912M) 0.521ms
[2020-01-31T08:41:17.270+0300][53.851s][info][gc] GC(901) Pause Young (Allocation Failure) 306M->306M(912M) 62.330ms
[2020-01-31T08:41:17.342+0300][53.925s][info][gc] GC(902) Pause Young (Allocation Failure) 420M->287M(912M) 50.336ms
[2020-01-31T08:41:17.404+0300][53.987s][info][gc] GC(903) Pause Young (Allocation Failure) 401M->267M(912M) 39.167ms
[2020-01-31T08:41:17.457+0300][54.039s][info][gc] GC(904) Pause Young (Allocation Failure) 381M->247M(912M) 30.284ms
[2020-01-31T08:41:17.500+0300][54.082s][info][gc] GC(905) Pause Young (Allocation Failure) 361M->228M(912M) 19.434ms
[2020-01-31T08:41:17.523+0300][54.105s][info][gc] GC(906) Pause Young (Allocation Failure) 326M->192M(912M) 0.735ms
[2020-01-31T08:41:17.598+0300][54.180s][info][gc] GC(907) Pause Young (Allocation Failure) 306M->306M(912M) 61.766ms
[2020-01-31T08:41:17.671+0300][54.252s][info][gc] GC(908) Pause Young (Allocation Failure) 420M->287M(912M) 49.358ms
[2020-01-31T08:41:17.737+0300][54.319s][info][gc] GC(909) Pause Young (Allocation Failure) 401M->267M(912M) 43.259ms
[2020-01-31T08:41:17.788+0300][54.371s][info][gc] GC(910) Pause Young (Allocation Failure) 381M->247M(912M) 28.644ms
[2020-01-31T08:41:17.832+0300][54.414s][info][gc] GC(911) Pause Young (Allocation Failure) 361M->228M(912M) 19.450ms
[2020-01-31T08:41:17.855+0300][54.437s][info][gc] GC(912) Pause Young (Allocation Failure) 328M->192M(912M) 0.531ms
[2020-01-31T08:41:17.927+0300][54.509s][info][gc] GC(913) Pause Young (Allocation Failure) 306M->306M(912M) 59.356ms
[2020-01-31T08:41:18.001+0300][54.582s][info][gc] GC(914) Pause Young (Allocation Failure) 420M->287M(912M) 50.861ms
[2020-01-31T08:41:18.065+0300][54.646s][info][gc] GC(915) Pause Young (Allocation Failure) 401M->267M(912M) 40.095ms
[2020-01-31T08:41:18.116+0300][54.699s][info][gc] GC(916) Pause Young (Allocation Failure) 381M->248M(912M) 29.721ms
[2020-01-31T08:41:18.159+0300][54.741s][info][gc] GC(917) Pause Young (Allocation Failure) 362M->228M(912M) 19.310ms
[2020-01-31T08:41:18.182+0300][54.764s][info][gc] GC(918) Pause Young (Allocation Failure) 326M->192M(912M) 0.516ms
[2020-01-31T08:41:18.255+0300][54.837s][info][gc] GC(919) Pause Young (Allocation Failure) 306M->306M(912M) 60.707ms
[2020-01-31T08:41:18.329+0300][54.911s][info][gc] GC(920) Pause Young (Allocation Failure) 420M->287M(912M) 50.519ms
[2020-01-31T08:41:18.392+0300][54.974s][info][gc] GC(921) Pause Young (Allocation Failure) 401M->267M(912M) 40.412ms
[2020-01-31T08:41:18.446+0300][55.027s][info][gc] GC(922) Pause Young (Allocation Failure) 381M->248M(912M) 29.838ms
[2020-01-31T08:41:18.487+0300][55.069s][info][gc] GC(923) Pause Young (Allocation Failure) 362M->228M(912M) 19.427ms
[2020-01-31T08:41:18.510+0300][55.093s][info][gc] GC(924) Pause Young (Allocation Failure) 326M->192M(912M) 0.895ms
[2020-01-31T08:41:18.583+0300][55.165s][info][gc] GC(925) Pause Young (Allocation Failure) 306M->306M(912M) 59.769ms
[2020-01-31T08:41:18.661+0300][55.243s][info][gc] GC(926) Pause Young (Allocation Failure) 420M->287M(912M) 49.215ms
[2020-01-31T08:41:18.724+0300][55.306s][info][gc] GC(927) Pause Young (Allocation Failure) 401M->267M(912M) 40.120ms
[2020-01-31T08:41:18.777+0300][55.358s][info][gc] GC(928) Pause Young (Allocation Failure) 381M->248M(912M) 29.835ms
[2020-01-31T08:41:18.819+0300][55.401s][info][gc] GC(929) Pause Young (Allocation Failure) 362M->228M(912M) 19.365ms
[2020-01-31T08:41:18.841+0300][55.424s][info][gc] GC(930) Pause Young (Allocation Failure) 328M->192M(912M) 0.736ms
[2020-01-31T08:41:18.913+0300][55.495s][info][gc] GC(931) Pause Young (Allocation Failure) 306M->307M(912M) 59.294ms
[2020-01-31T08:41:18.988+0300][55.570s][info][gc] GC(932) Pause Young (Allocation Failure) 421M->287M(912M) 51.800ms
[2020-01-31T08:41:19.054+0300][55.636s][info][gc] GC(933) Pause Young (Allocation Failure) 401M->267M(912M) 42.157ms
[2020-01-31T08:41:19.106+0300][55.688s][info][gc] GC(934) Pause Young (Allocation Failure) 381M->248M(912M) 28.944ms
[2020-01-31T08:41:19.148+0300][55.729s][info][gc] GC(935) Pause Young (Allocation Failure) 362M->228M(912M) 19.571ms
[2020-01-31T08:41:19.171+0300][55.753s][info][gc] GC(936) Pause Young (Allocation Failure) 326M->193M(912M) 0.580ms
[2020-01-31T08:41:19.243+0300][55.826s][info][gc] GC(937) Pause Young (Allocation Failure) 307M->307M(912M) 60.875ms
[2020-01-31T08:41:19.317+0300][55.899s][info][gc] GC(938) Pause Young (Allocation Failure) 421M->287M(912M) 50.619ms
[2020-01-31T08:41:19.379+0300][55.961s][info][gc] GC(939) Pause Young (Allocation Failure) 401M->268M(912M) 38.671ms
[2020-01-31T08:41:19.431+0300][56.013s][info][gc] GC(940) Pause Young (Allocation Failure) 382M->248M(912M) 29.098ms
[2020-01-31T08:41:19.473+0300][56.055s][info][gc] GC(941) Pause Young (Allocation Failure) 362M->228M(912M) 19.713ms
[2020-01-31T08:41:19.496+0300][56.078s][info][gc] GC(942) Pause Young (Allocation Failure) 326M->193M(912M) 0.521ms
[2020-01-31T08:41:19.569+0300][56.150s][info][gc] GC(943) Pause Young (Allocation Failure) 307M->307M(912M) 60.185ms
[2020-01-31T08:41:19.643+0300][56.225s][info][gc] GC(944) Pause Young (Allocation Failure) 421M->287M(912M) 49.400ms
[2020-01-31T08:41:19.708+0300][56.290s][info][gc] GC(945) Pause Young (Allocation Failure) 401M->268M(912M) 41.446ms
[2020-01-31T08:41:19.760+0300][56.342s][info][gc] GC(946) Pause Young (Allocation Failure) 382M->248M(912M) 29.163ms
[2020-01-31T08:41:19.803+0300][56.385s][info][gc] GC(947) Pause Young (Allocation Failure) 362M->228M(912M) 19.604ms
[2020-01-31T08:41:19.826+0300][56.408s][info][gc] GC(948) Pause Young (Allocation Failure) 329M->193M(912M) 0.519ms
[2020-01-31T08:41:19.897+0300][56.479s][info][gc] GC(949) Pause Young (Allocation Failure) 307M->307M(912M) 59.067ms
[2020-01-31T08:41:19.970+0300][56.552s][info][gc] GC(950) Pause Young (Allocation Failure) 421M->287M(912M) 50.126ms
[2020-01-31T08:41:20.034+0300][56.616s][info][gc] GC(951) Pause Young (Allocation Failure) 401M->268M(912M) 40.064ms
[2020-01-31T08:41:20.086+0300][56.669s][info][gc] GC(952) Pause Young (Allocation Failure) 382M->248M(912M) 29.549ms
[2020-01-31T08:41:20.129+0300][56.711s][info][gc] GC(953) Pause Young (Allocation Failure) 362M->229M(912M) 19.578ms
[2020-01-31T08:41:20.152+0300][56.734s][info][gc] GC(954) Pause Young (Allocation Failure) 326M->193M(912M) 0.517ms
[2020-01-31T08:41:20.225+0300][56.807s][info][gc] GC(955) Pause Young (Allocation Failure) 307M->307M(912M) 60.440ms
[2020-01-31T08:41:20.299+0300][56.880s][info][gc] GC(956) Pause Young (Allocation Failure) 421M->287M(912M) 50.963ms
[2020-01-31T08:41:20.359+0300][56.942s][info][gc] GC(957) Pause Young (Allocation Failure) 401M->268M(912M) 39.396ms
[2020-01-31T08:41:20.412+0300][56.994s][info][gc] GC(958) Pause Young (Allocation Failure) 382M->248M(912M) 29.279ms
[2020-01-31T08:41:20.454+0300][57.036s][info][gc] GC(959) Pause Young (Allocation Failure) 362M->229M(912M) 19.334ms
[2020-01-31T08:41:20.477+0300][57.059s][info][gc] GC(960) Pause Young (Allocation Failure) 327M->193M(912M) 0.519ms
[2020-01-31T08:41:20.550+0300][57.132s][info][gc] GC(961) Pause Young (Allocation Failure) 307M->307M(912M) 59.971ms
[2020-01-31T08:41:20.625+0300][57.207s][info][gc] GC(962) Pause Young (Allocation Failure) 421M->287M(912M) 49.646ms
[2020-01-31T08:41:20.691+0300][57.272s][info][gc] GC(963) Pause Young (Allocation Failure) 401M->268M(912M) 42.667ms
[2020-01-31T08:41:20.743+0300][57.325s][info][gc] GC(964) Pause Young (Allocation Failure) 382M->248M(912M) 29.968ms
[2020-01-31T08:41:20.785+0300][57.367s][info][gc] GC(965) Pause Young (Allocation Failure) 362M->229M(912M) 19.435ms
[2020-01-31T08:41:20.808+0300][57.390s][info][gc] GC(966) Pause Young (Allocation Failure) 329M->193M(912M) 0.516ms
[2020-01-31T08:41:20.880+0300][57.462s][info][gc] GC(967) Pause Young (Allocation Failure) 307M->307M(912M) 58.811ms
[2020-01-31T08:41:20.953+0300][57.535s][info][gc] GC(968) Pause Young (Allocation Failure) 421M->288M(912M) 50.156ms
[2020-01-31T08:41:21.017+0300][57.599s][info][gc] GC(969) Pause Young (Allocation Failure) 402M->268M(912M) 40.604ms
[2020-01-31T08:41:21.070+0300][57.651s][info][gc] GC(970) Pause Young (Allocation Failure) 382M->248M(912M) 29.878ms
[2020-01-31T08:41:21.111+0300][57.693s][info][gc] GC(971) Pause Young (Allocation Failure) 362M->229M(912M) 19.506ms
[2020-01-31T08:41:21.134+0300][57.716s][info][gc] GC(972) Pause Young (Allocation Failure) 327M->193M(912M) 0.518ms
[2020-01-31T08:41:21.209+0300][57.791s][info][gc] GC(973) Pause Young (Allocation Failure) 307M->307M(912M) 62.773ms
[2020-01-31T08:41:21.283+0300][57.865s][info][gc] GC(974) Pause Young (Allocation Failure) 421M->288M(912M) 50.178ms
[2020-01-31T08:41:21.346+0300][57.928s][info][gc] GC(975) Pause Young (Allocation Failure) 402M->268M(912M) 39.869ms
[2020-01-31T08:41:21.398+0300][57.980s][info][gc] GC(976) Pause Young (Allocation Failure) 382M->248M(912M) 29.352ms
[2020-01-31T08:41:21.441+0300][58.023s][info][gc] GC(977) Pause Young (Allocation Failure) 362M->229M(912M) 19.966ms
[2020-01-31T08:41:21.464+0300][58.046s][info][gc] GC(978) Pause Young (Allocation Failure) 327M->193M(912M) 0.920ms
[2020-01-31T08:41:21.536+0300][58.119s][info][gc] GC(979) Pause Young (Allocation Failure) 307M->307M(912M) 60.059ms
[2020-01-31T08:41:21.623+0300][58.205s][info][gc] GC(980) Pause Young (Allocation Failure) 421M->288M(912M) 61.867ms
[2020-01-31T08:41:21.697+0300][58.279s][info][gc] GC(981) Pause Young (Allocation Failure) 402M->268M(912M) 49.615ms
[2020-01-31T08:41:21.758+0300][58.339s][info][gc] GC(982) Pause Young (Allocation Failure) 382M->248M(912M) 36.762ms
[2020-01-31T08:41:21.802+0300][58.384s][info][gc] GC(983) Pause Young (Allocation Failure) 362M->229M(912M) 22.126ms
[2020-01-31T08:41:21.824+0300][58.407s][info][gc] GC(984) Pause Young (Allocation Failure) 329M->193M(912M) 0.899ms
[2020-01-31T08:41:21.897+0300][58.479s][info][gc] GC(985) Pause Young (Allocation Failure) 307M->307M(912M) 59.893ms
[2020-01-31T08:41:21.971+0300][58.553s][info][gc] GC(986) Pause Young (Allocation Failure) 421M->288M(912M) 50.215ms
[2020-01-31T08:41:22.034+0300][58.616s][info][gc] GC(987) Pause Young (Allocation Failure) 402M->268M(912M) 39.768ms
[2020-01-31T08:41:22.087+0300][58.668s][info][gc] GC(988) Pause Young (Allocation Failure) 382M->249M(912M) 29.868ms
[2020-01-31T08:41:22.129+0300][58.711s][info][gc] GC(989) Pause Young (Allocation Failure) 363M->229M(912M) 19.773ms
[2020-01-31T08:41:22.153+0300][58.734s][info][gc] GC(990) Pause Young (Allocation Failure) 327M->193M(912M) 0.953ms
[2020-01-31T08:41:22.223+0300][58.806s][info][gc] GC(991) Pause Young (Allocation Failure) 307M->307M(912M) 59.214ms
[2020-01-31T08:41:22.296+0300][58.878s][info][gc] GC(992) Pause Young (Allocation Failure) 421M->288M(912M) 49.383ms
[2020-01-31T08:41:22.359+0300][58.941s][info][gc] GC(993) Pause Young (Allocation Failure) 402M->268M(912M) 40.227ms
[2020-01-31T08:41:22.413+0300][58.995s][info][gc] GC(994) Pause Young (Allocation Failure) 382M->249M(912M) 30.729ms
[2020-01-31T08:41:22.456+0300][59.038s][info][gc] GC(995) Pause Young (Allocation Failure) 363M->229M(912M) 19.454ms
[2020-01-31T08:41:22.479+0300][59.061s][info][gc] GC(996) Pause Young (Allocation Failure) 327M->193M(912M) 0.514ms
[2020-01-31T08:41:22.551+0300][59.133s][info][gc] GC(997) Pause Young (Allocation Failure) 307M->307M(912M) 59.787ms
[2020-01-31T08:41:22.627+0300][59.209s][info][gc] GC(998) Pause Young (Allocation Failure) 421M->288M(912M) 50.290ms
[2020-01-31T08:41:22.691+0300][59.273s][info][gc] GC(999) Pause Young (Allocation Failure) 402M->268M(912M) 40.837ms
[2020-01-31T08:41:22.744+0300][59.326s][info][gc] GC(1000) Pause Young (Allocation Failure) 382M->249M(912M) 28.884ms
[2020-01-31T08:41:22.786+0300][59.368s][info][gc] GC(1001) Pause Young (Allocation Failure) 363M->229M(912M) 19.401ms
[2020-01-31T08:41:22.809+0300][59.391s][info][gc] GC(1002) Pause Young (Allocation Failure) 329M->193M(912M) 0.514ms
[2020-01-31T08:41:22.884+0300][59.465s][info][gc] GC(1003) Pause Young (Allocation Failure) 307M->307M(912M) 62.474ms
[2020-01-31T08:41:22.956+0300][59.539s][info][gc] GC(1004) Pause Young (Allocation Failure) 421M->288M(912M) 50.499ms
[2020-01-31T08:41:23.020+0300][59.602s][info][gc] GC(1005) Pause Young (Allocation Failure) 402M->268M(912M) 40.583ms
[2020-01-31T08:41:23.072+0300][59.654s][info][gc] GC(1006) Pause Young (Allocation Failure) 382M->249M(912M) 28.864ms
[2020-01-31T08:41:23.115+0300][59.697s][info][gc] GC(1007) Pause Young (Allocation Failure) 363M->229M(912M) 20.251ms
[2020-01-31T08:41:23.137+0300][59.719s][info][gc] GC(1008) Pause Young (Allocation Failure) 327M->194M(912M) 0.517ms
[2020-01-31T08:41:23.209+0300][59.791s][info][gc] GC(1009) Pause Young (Allocation Failure) 308M->308M(912M) 59.411ms
[2020-01-31T08:41:23.282+0300][59.864s][info][gc] GC(1010) Pause Young (Allocation Failure) 422M->288M(912M) 49.621ms
[2020-01-31T08:41:23.345+0300][59.927s][info][gc] GC(1011) Pause Young (Allocation Failure) 402M->268M(912M) 40.479ms
[2020-01-31T08:41:23.398+0300][59.980s][info][gc] GC(1012) Pause Young (Allocation Failure) 382M->249M(912M) 29.927ms
[2020-01-31T08:41:23.440+0300][60.022s][info][gc] GC(1013) Pause Young (Allocation Failure) 363M->229M(912M) 19.929ms
[2020-01-31T08:41:23.463+0300][60.045s][info][gc] GC(1014) Pause Young (Allocation Failure) 327M->194M(912M) 0.518ms
[2020-01-31T08:41:23.534+0300][60.116s][info][gc] GC(1015) Pause Young (Allocation Failure) 308M->308M(912M) 59.038ms
[2020-01-31T08:41:23.623+0300][60.204s][info][gc] GC(1016) Pause Young (Allocation Failure) 422M->288M(912M) 63.154ms
[2020-01-31T08:41:23.695+0300][60.277s][info][gc] GC(1017) Pause Young (Allocation Failure) 402M->268M(912M) 49.430ms
[2020-01-31T08:41:23.753+0300][60.336s][info][gc] GC(1018) Pause Young (Allocation Failure) 382M->249M(912M) 35.385ms
[2020-01-31T08:41:23.799+0300][60.381s][info][gc] GC(1019) Pause Young (Allocation Failure) 363M->229M(912M) 22.642ms
[2020-01-31T08:41:23.822+0300][60.404s][info][gc] GC(1020) Pause Young (Allocation Failure) 329M->194M(912M) 0.524ms
[2020-01-31T08:41:23.897+0300][60.479s][info][gc] GC(1021) Pause Young (Allocation Failure) 308M->308M(912M) 61.666ms
[2020-01-31T08:41:23.969+0300][60.551s][info][gc] GC(1022) Pause Young (Allocation Failure) 422M->288M(912M) 49.416ms
[2020-01-31T08:41:24.032+0300][60.614s][info][gc] GC(1023) Pause Young (Allocation Failure) 402M->269M(912M) 40.007ms
[2020-01-31T08:41:24.083+0300][60.665s][info][gc] GC(1024) Pause Young (Allocation Failure) 383M->249M(912M) 29.285ms
[2020-01-31T08:41:24.128+0300][60.710s][info][gc] GC(1025) Pause Young (Allocation Failure) 363M->230M(912M) 19.688ms
[2020-01-31T08:41:24.151+0300][60.733s][info][gc] GC(1026) Pause Young (Allocation Failure) 327M->194M(912M) 0.521ms
[2020-01-31T08:41:24.223+0300][60.805s][info][gc] GC(1027) Pause Young (Allocation Failure) 308M->308M(912M) 59.462ms
[2020-01-31T08:41:24.296+0300][60.878s][info][gc] GC(1028) Pause Young (Allocation Failure) 422M->288M(912M) 49.604ms
[2020-01-31T08:41:24.361+0300][60.942s][info][gc] GC(1029) Pause Young (Allocation Failure) 402M->269M(912M) 41.346ms
[2020-01-31T08:41:24.413+0300][60.995s][info][gc] GC(1030) Pause Young (Allocation Failure) 383M->249M(912M) 29.613ms
[2020-01-31T08:41:24.455+0300][61.037s][info][gc] GC(1031) Pause Young (Allocation Failure) 363M->230M(912M) 19.730ms
[2020-01-31T08:41:24.478+0300][61.060s][info][gc] GC(1032) Pause Young (Allocation Failure) 328M->194M(912M) 0.516ms
[2020-01-31T08:41:24.550+0300][61.133s][info][gc] GC(1033) Pause Young (Allocation Failure) 308M->308M(912M) 59.784ms
[2020-01-31T08:41:24.626+0300][61.208s][info][gc] GC(1034) Pause Young (Allocation Failure) 422M->288M(912M) 51.123ms
[2020-01-31T08:41:24.689+0300][61.270s][info][gc] GC(1035) Pause Young (Allocation Failure) 402M->269M(912M) 39.310ms
[2020-01-31T08:41:24.740+0300][61.322s][info][gc] GC(1036) Pause Young (Allocation Failure) 383M->249M(912M) 28.777ms
[2020-01-31T08:41:24.783+0300][61.364s][info][gc] GC(1037) Pause Young (Allocation Failure) 363M->230M(912M) 19.427ms
[2020-01-31T08:41:24.806+0300][61.388s][info][gc] GC(1038) Pause Young (Allocation Failure) 330M->194M(912M) 0.521ms
[2020-01-31T08:41:24.878+0300][61.461s][info][gc] GC(1039) Pause Young (Allocation Failure) 308M->308M(912M) 60.817ms
[2020-01-31T08:41:24.952+0300][61.534s][info][gc] GC(1040) Pause Young (Allocation Failure) 422M->289M(912M) 50.836ms
[2020-01-31T08:41:25.016+0300][61.598s][info][gc] GC(1041) Pause Young (Allocation Failure) 403M->269M(912M) 40.534ms
[2020-01-31T08:41:25.068+0300][61.650s][info][gc] GC(1042) Pause Young (Allocation Failure) 383M->249M(912M) 29.642ms
[2020-01-31T08:41:25.111+0300][61.693s][info][gc] GC(1043) Pause Young (Allocation Failure) 363M->230M(912M) 19.726ms
[2020-01-31T08:41:25.134+0300][61.716s][info][gc] GC(1044) Pause Young (Allocation Failure) 328M->194M(912M) 0.906ms
[2020-01-31T08:41:25.205+0300][61.788s][info][gc] GC(1045) Pause Young (Allocation Failure) 308M->308M(912M) 59.420ms
[2020-01-31T08:41:25.278+0300][61.860s][info][gc] GC(1046) Pause Young (Allocation Failure) 422M->289M(912M) 49.517ms
[2020-01-31T08:41:25.342+0300][61.924s][info][gc] GC(1047) Pause Young (Allocation Failure) 403M->269M(912M) 40.982ms
[2020-01-31T08:41:25.395+0300][61.977s][info][gc] GC(1048) Pause Young (Allocation Failure) 383M->249M(912M) 30.051ms
[2020-01-31T08:41:25.437+0300][62.019s][info][gc] GC(1049) Pause Young (Allocation Failure) 363M->230M(912M) 19.661ms
[2020-01-31T08:41:25.460+0300][62.042s][info][gc] GC(1050) Pause Young (Allocation Failure) 328M->194M(912M) 0.520ms
[2020-01-31T08:41:25.532+0300][62.113s][info][gc] GC(1051) Pause Young (Allocation Failure) 308M->308M(912M) 59.502ms
[2020-01-31T08:41:25.608+0300][62.190s][info][gc] GC(1052) Pause Young (Allocation Failure) 422M->287M(912M) 50.118ms
[2020-01-31T08:41:25.670+0300][62.252s][info][gc] GC(1053) Pause Young (Allocation Failure) 401M->267M(912M) 38.615ms
[2020-01-31T08:41:25.721+0300][62.303s][info][gc] GC(1054) Pause Young (Allocation Failure) 381M->248M(912M) 28.397ms
[2020-01-31T08:41:25.762+0300][62.344s][info][gc] GC(1055) Pause Young (Allocation Failure) 362M->228M(912M) 18.335ms
[2020-01-31T08:41:25.785+0300][62.367s][info][gc] GC(1056) Pause Young (Allocation Failure) 328M->194M(912M) 0.523ms
[2020-01-31T08:41:25.860+0300][62.441s][info][gc] GC(1057) Pause Young (Allocation Failure) 308M->308M(912M) 61.968ms
[2020-01-31T08:41:25.933+0300][62.515s][info][gc] GC(1058) Pause Young (Allocation Failure) 422M->289M(912M) 51.119ms
[2020-01-31T08:41:25.996+0300][62.578s][info][gc] GC(1059) Pause Young (Allocation Failure) 403M->269M(912M) 39.847ms
[2020-01-31T08:41:26.048+0300][62.630s][info][gc] GC(1060) Pause Young (Allocation Failure) 383M->250M(912M) 28.934ms
[2020-01-31T08:41:26.090+0300][62.672s][info][gc] GC(1061) Pause Young (Allocation Failure) 364M->230M(912M) 19.605ms
[2020-01-31T08:41:26.114+0300][62.696s][info][gc] GC(1062) Pause Young (Allocation Failure) 328M->194M(912M) 0.958ms
[2020-01-31T08:41:26.186+0300][62.767s][info][gc] GC(1063) Pause Young (Allocation Failure) 308M->308M(912M) 59.366ms
[2020-01-31T08:41:26.258+0300][62.840s][info][gc] GC(1064) Pause Young (Allocation Failure) 422M->289M(912M) 49.588ms
[2020-01-31T08:41:26.321+0300][62.903s][info][gc] GC(1065) Pause Young (Allocation Failure) 403M->269M(912M) 40.960ms
[2020-01-31T08:41:26.373+0300][62.955s][info][gc] GC(1066) Pause Young (Allocation Failure) 383M->250M(912M) 29.377ms
[2020-01-31T08:41:26.416+0300][62.998s][info][gc] GC(1067) Pause Young (Allocation Failure) 364M->230M(912M) 19.922ms
[2020-01-31T08:41:26.439+0300][63.021s][info][gc] GC(1068) Pause Young (Allocation Failure) 328M->194M(912M) 0.713ms
[2020-01-31T08:41:26.511+0300][63.093s][info][gc] GC(1069) Pause Young (Allocation Failure) 308M->308M(912M) 59.139ms
[2020-01-31T08:41:26.585+0300][63.167s][info][gc] GC(1070) Pause Young (Allocation Failure) 422M->289M(912M) 50.726ms
[2020-01-31T08:41:26.650+0300][63.232s][info][gc] GC(1071) Pause Young (Allocation Failure) 403M->269M(912M) 40.155ms
[2020-01-31T08:41:26.702+0300][63.284s][info][gc] GC(1072) Pause Young (Allocation Failure) 383M->250M(912M) 29.051ms
[2020-01-31T08:41:26.744+0300][63.326s][info][gc] GC(1073) Pause Young (Allocation Failure) 364M->230M(912M) 19.450ms
[2020-01-31T08:41:26.767+0300][63.349s][info][gc] GC(1074) Pause Young (Allocation Failure) 330M->194M(912M) 0.517ms
[2020-01-31T08:41:26.842+0300][63.424s][info][gc] GC(1075) Pause Young (Allocation Failure) 308M->308M(912M) 62.829ms
[2020-01-31T08:41:26.920+0300][63.501s][info][gc] GC(1076) Pause Young (Allocation Failure) 422M->289M(912M) 53.958ms
[2020-01-31T08:41:26.982+0300][63.564s][info][gc] GC(1077) Pause Young (Allocation Failure) 403M->269M(912M) 39.083ms
[2020-01-31T08:41:27.035+0300][63.616s][info][gc] GC(1078) Pause Young (Allocation Failure) 383M->250M(912M) 29.082ms
[2020-01-31T08:41:27.076+0300][63.658s][info][gc] GC(1079) Pause Young (Allocation Failure) 364M->230M(912M) 19.288ms
[2020-01-31T08:41:27.099+0300][63.681s][info][gc] GC(1080) Pause Young (Allocation Failure) 328M->194M(912M) 0.527ms
[2020-01-31T08:41:27.171+0300][63.753s][info][gc] GC(1081) Pause Young (Allocation Failure) 308M->309M(912M) 58.960ms
[2020-01-31T08:41:27.243+0300][63.825s][info][gc] GC(1082) Pause Young (Allocation Failure) 423M->289M(912M) 49.369ms
[2020-01-31T08:41:27.307+0300][63.889s][info][gc] GC(1083) Pause Young (Allocation Failure) 403M->270M(912M) 40.754ms
[2020-01-31T08:41:27.360+0300][63.942s][info][gc] GC(1084) Pause Young (Allocation Failure) 384M->250M(912M) 30.692ms
[2020-01-31T08:41:27.403+0300][63.984s][info][gc] GC(1085) Pause Young (Allocation Failure) 364M->230M(912M) 19.355ms
[2020-01-31T08:41:27.425+0300][64.007s][info][gc] GC(1086) Pause Young (Allocation Failure) 328M->195M(912M) 0.520ms
[2020-01-31T08:41:27.495+0300][64.078s][info][gc] GC(1087) Pause Young (Allocation Failure) 309M->309M(912M) 59.104ms
[2020-01-31T08:41:27.570+0300][64.152s][info][gc] GC(1088) Pause Young (Allocation Failure) 423M->289M(912M) 51.401ms
[2020-01-31T08:41:27.638+0300][64.220s][info][gc] GC(1089) Pause Young (Allocation Failure) 403M->269M(912M) 39.893ms
[2020-01-31T08:41:27.691+0300][64.272s][info][gc] GC(1090) Pause Young (Allocation Failure) 383M->250M(912M) 29.737ms
[2020-01-31T08:41:27.733+0300][64.314s][info][gc] GC(1091) Pause Young (Allocation Failure) 364M->230M(912M) 19.391ms
[2020-01-31T08:41:27.755+0300][64.337s][info][gc] GC(1092) Pause Young (Allocation Failure) 330M->195M(912M) 0.518ms
[2020-01-31T08:41:27.828+0300][64.411s][info][gc] GC(1093) Pause Young (Allocation Failure) 309M->309M(912M) 61.926ms
[2020-01-31T08:41:27.901+0300][64.483s][info][gc] GC(1094) Pause Young (Allocation Failure) 423M->289M(912M) 49.262ms
[2020-01-31T08:41:27.962+0300][64.544s][info][gc] GC(1095) Pause Young (Allocation Failure) 403M->270M(912M) 39.348ms
[2020-01-31T08:41:28.015+0300][64.596s][info][gc] GC(1096) Pause Young (Allocation Failure) 384M->250M(912M) 29.654ms
[2020-01-31T08:41:28.057+0300][64.639s][info][gc] GC(1097) Pause Young (Allocation Failure) 364M->230M(912M) 19.791ms
[2020-01-31T08:41:28.080+0300][64.662s][info][gc] GC(1098) Pause Young (Allocation Failure) 328M->195M(912M) 0.519ms
[2020-01-31T08:41:28.152+0300][64.733s][info][gc] GC(1099) Pause Young (Allocation Failure) 309M->309M(912M) 59.171ms
[2020-01-31T08:41:28.223+0300][64.805s][info][gc] GC(1100) Pause Young (Allocation Failure) 423M->289M(912M) 49.479ms
[2020-01-31T08:41:28.287+0300][64.870s][info][gc] GC(1101) Pause Young (Allocation Failure) 403M->270M(912M) 41.116ms
[2020-01-31T08:41:28.341+0300][64.923s][info][gc] GC(1102) Pause Young (Allocation Failure) 384M->250M(912M) 29.535ms
[2020-01-31T08:41:28.383+0300][64.965s][info][gc] GC(1103) Pause Young (Allocation Failure) 364M->231M(912M) 19.518ms
[2020-01-31T08:41:28.406+0300][64.988s][info][gc] GC(1104) Pause Young (Allocation Failure) 329M->195M(912M) 0.746ms
[2020-01-31T08:41:28.478+0300][65.060s][info][gc] GC(1105) Pause Young (Allocation Failure) 309M->309M(912M) 59.395ms
[2020-01-31T08:41:28.551+0300][65.134s][info][gc] GC(1106) Pause Young (Allocation Failure) 423M->289M(912M) 51.331ms
[2020-01-31T08:41:28.621+0300][65.203s][info][gc] GC(1107) Pause Young (Allocation Failure) 403M->270M(912M) 40.112ms
[2020-01-31T08:41:28.674+0300][65.256s][info][gc] GC(1108) Pause Young (Allocation Failure) 384M->250M(912M) 29.806ms
[2020-01-31T08:41:28.716+0300][65.298s][info][gc] GC(1109) Pause Young (Allocation Failure) 364M->231M(912M) 19.246ms
[2020-01-31T08:41:28.738+0300][65.320s][info][gc] GC(1110) Pause Young (Allocation Failure) 331M->195M(912M) 0.518ms
[2020-01-31T08:41:28.812+0300][65.394s][info][gc] GC(1111) Pause Young (Allocation Failure) 309M->309M(912M) 61.582ms
[2020-01-31T08:41:28.884+0300][65.466s][info][gc] GC(1112) Pause Young (Allocation Failure) 423M->289M(912M) 49.641ms
[2020-01-31T08:41:28.947+0300][65.529s][info][gc] GC(1113) Pause Young (Allocation Failure) 403M->270M(912M) 40.431ms
[2020-01-31T08:41:29.000+0300][65.582s][info][gc] GC(1114) Pause Young (Allocation Failure) 384M->250M(912M) 30.091ms
[2020-01-31T08:41:29.043+0300][65.625s][info][gc] GC(1115) Pause Young (Allocation Failure) 364M->231M(912M) 19.666ms
[2020-01-31T08:41:29.066+0300][65.648s][info][gc] GC(1116) Pause Young (Allocation Failure) 329M->195M(912M) 0.781ms
[2020-01-31T08:41:29.138+0300][65.720s][info][gc] GC(1117) Pause Young (Allocation Failure) 309M->309M(912M) 59.193ms
[2020-01-31T08:41:29.211+0300][65.793s][info][gc] GC(1118) Pause Young (Allocation Failure) 423M->290M(912M) 49.496ms
[2020-01-31T08:41:29.275+0300][65.856s][info][gc] GC(1119) Pause Young (Allocation Failure) 404M->270M(912M) 40.344ms
[2020-01-31T08:41:29.327+0300][65.910s][info][gc] GC(1120) Pause Young (Allocation Failure) 384M->250M(912M) 30.490ms
[2020-01-31T08:41:29.370+0300][65.952s][info][gc] GC(1121) Pause Young (Allocation Failure) 364M->231M(912M) 19.358ms
[2020-01-31T08:41:29.392+0300][65.974s][info][gc] GC(1122) Pause Young (Allocation Failure) 329M->195M(912M) 0.519ms
[2020-01-31T08:41:29.465+0300][66.047s][info][gc] GC(1123) Pause Young (Allocation Failure) 309M->309M(912M) 60.364ms
[2020-01-31T08:41:29.538+0300][66.120s][info][gc] GC(1124) Pause Young (Allocation Failure) 423M->290M(912M) 50.691ms
[2020-01-31T08:41:29.605+0300][66.187s][info][gc] GC(1125) Pause Young (Allocation Failure) 404M->268M(912M) 42.153ms
[2020-01-31T08:41:29.657+0300][66.238s][info][gc] GC(1126) Pause Young (Allocation Failure) 382M->249M(912M) 28.305ms
[2020-01-31T08:41:29.697+0300][66.279s][info][gc] GC(1127) Pause Young (Allocation Failure) 363M->229M(912M) 18.915ms
[2020-01-31T08:41:29.720+0300][66.302s][info][gc] GC(1128) Pause Young (Allocation Failure) 329M->195M(912M) 0.520ms
[2020-01-31T08:41:29.794+0300][66.376s][info][gc] GC(1129) Pause Young (Allocation Failure) 309M->309M(912M) 61.889ms
[2020-01-31T08:41:29.867+0300][66.449s][info][gc] GC(1130) Pause Young (Allocation Failure) 423M->290M(912M) 49.720ms
[2020-01-31T08:41:29.930+0300][66.512s][info][gc] GC(1131) Pause Young (Allocation Failure) 404M->270M(912M) 39.678ms
[2020-01-31T08:41:29.983+0300][66.564s][info][gc] GC(1132) Pause Young (Allocation Failure) 384M->251M(912M) 30.183ms
[2020-01-31T08:41:30.028+0300][66.610s][info][gc] GC(1133) Pause Young (Allocation Failure) 365M->231M(912M) 22.897ms
[2020-01-31T08:41:30.051+0300][66.633s][info][gc] GC(1134) Pause Young (Allocation Failure) 329M->195M(912M) 0.939ms
[2020-01-31T08:41:30.122+0300][66.705s][info][gc] GC(1135) Pause Young (Allocation Failure) 309M->309M(912M) 59.504ms
[2020-01-31T08:41:30.195+0300][66.777s][info][gc] GC(1136) Pause Young (Allocation Failure) 423M->290M(912M) 49.621ms
[2020-01-31T08:41:30.259+0300][66.841s][info][gc] GC(1137) Pause Young (Allocation Failure) 404M->270M(912M) 40.692ms
[2020-01-31T08:41:30.317+0300][66.899s][info][gc] GC(1138) Pause Young (Allocation Failure) 384M->251M(912M) 35.648ms
[2020-01-31T08:41:30.360+0300][66.942s][info][gc] GC(1139) Pause Young (Allocation Failure) 365M->231M(912M) 19.945ms
[2020-01-31T08:41:30.383+0300][66.965s][info][gc] GC(1140) Pause Young (Allocation Failure) 329M->195M(912M) 0.521ms
[2020-01-31T08:41:30.454+0300][67.036s][info][gc] GC(1141) Pause Young (Allocation Failure) 309M->309M(912M) 59.290ms
[2020-01-31T08:41:30.527+0300][67.109s][info][gc] GC(1142) Pause Young (Allocation Failure) 423M->290M(912M) 50.335ms
[2020-01-31T08:41:30.591+0300][67.173s][info][gc] GC(1143) Pause Young (Allocation Failure) 404M->270M(912M) 39.856ms
[2020-01-31T08:41:30.644+0300][67.226s][info][gc] GC(1144) Pause Young (Allocation Failure) 384M->251M(912M) 29.229ms
[2020-01-31T08:41:30.685+0300][67.267s][info][gc] GC(1145) Pause Young (Allocation Failure) 365M->231M(912M) 19.157ms
[2020-01-31T08:41:30.708+0300][67.290s][info][gc] GC(1146) Pause Young (Allocation Failure) 331M->195M(912M) 0.518ms
[2020-01-31T08:41:30.783+0300][67.364s][info][gc] GC(1147) Pause Young (Allocation Failure) 309M->309M(912M) 62.599ms
[2020-01-31T08:41:30.855+0300][67.437s][info][gc] GC(1148) Pause Young (Allocation Failure) 423M->290M(912M) 50.512ms
[2020-01-31T08:41:30.917+0300][67.499s][info][gc] GC(1149) Pause Young (Allocation Failure) 404M->270M(912M) 38.966ms
[2020-01-31T08:41:30.970+0300][67.552s][info][gc] GC(1150) Pause Young (Allocation Failure) 384M->251M(912M) 29.900ms
[2020-01-31T08:41:31.012+0300][67.594s][info][gc] GC(1151) Pause Young (Allocation Failure) 365M->231M(912M) 19.832ms
[2020-01-31T08:41:31.035+0300][67.617s][info][gc] GC(1152) Pause Young (Allocation Failure) 329M->195M(912M) 0.525ms
[2020-01-31T08:41:31.108+0300][67.690s][info][gc] GC(1153) Pause Young (Allocation Failure) 309M->310M(912M) 60.451ms
[2020-01-31T08:41:31.180+0300][67.763s][info][gc] GC(1154) Pause Young (Allocation Failure) 424M->290M(912M) 49.567ms
[2020-01-31T08:41:31.245+0300][67.827s][info][gc] GC(1155) Pause Young (Allocation Failure) 404M->270M(912M) 41.535ms
[2020-01-31T08:41:31.298+0300][67.880s][info][gc] GC(1156) Pause Young (Allocation Failure) 384M->251M(912M) 30.338ms
[2020-01-31T08:41:31.341+0300][67.923s][info][gc] GC(1157) Pause Young (Allocation Failure) 365M->231M(912M) 19.630ms
[2020-01-31T08:41:31.364+0300][67.946s][info][gc] GC(1158) Pause Young (Allocation Failure) 329M->196M(912M) 0.513ms
[2020-01-31T08:41:31.436+0300][68.018s][info][gc] GC(1159) Pause Young (Allocation Failure) 310M->310M(912M) 59.631ms
[2020-01-31T08:41:31.510+0300][68.091s][info][gc] GC(1160) Pause Young (Allocation Failure) 424M->290M(912M) 50.803ms
[2020-01-31T08:41:31.571+0300][68.154s][info][gc] GC(1161) Pause Young (Allocation Failure) 404M->271M(912M) 40.395ms
[2020-01-31T08:41:31.628+0300][68.210s][info][gc] GC(1162) Pause Young (Allocation Failure) 385M->251M(912M) 29.448ms
[2020-01-31T08:41:31.671+0300][68.253s][info][gc] GC(1163) Pause Young (Allocation Failure) 365M->231M(912M) 19.241ms
[2020-01-31T08:41:31.693+0300][68.275s][info][gc] GC(1164) Pause Young (Allocation Failure) 331M->196M(912M) 0.517ms
[2020-01-31T08:41:31.768+0300][68.350s][info][gc] GC(1165) Pause Young (Allocation Failure) 310M->310M(912M) 62.301ms
[2020-01-31T08:41:31.841+0300][68.423s][info][gc] GC(1166) Pause Young (Allocation Failure) 424M->290M(912M) 50.546ms
[2020-01-31T08:41:31.904+0300][68.485s][info][gc] GC(1167) Pause Young (Allocation Failure) 404M->271M(912M) 39.749ms
[2020-01-31T08:41:31.957+0300][68.539s][info][gc] GC(1168) Pause Young (Allocation Failure) 385M->251M(912M) 30.691ms
[2020-01-31T08:41:32.002+0300][68.584s][info][gc] GC(1169) Pause Young (Allocation Failure) 365M->231M(912M) 22.413ms
[2020-01-31T08:41:32.026+0300][68.608s][info][gc] GC(1170) Pause Young (Allocation Failure) 329M->196M(912M) 0.988ms
[2020-01-31T08:41:32.098+0300][68.680s][info][gc] GC(1171) Pause Young (Allocation Failure) 310M->310M(912M) 59.992ms
[2020-01-31T08:41:32.172+0300][68.754s][info][gc] GC(1172) Pause Young (Allocation Failure) 424M->290M(912M) 49.541ms
[2020-01-31T08:41:32.236+0300][68.818s][info][gc] GC(1173) Pause Young (Allocation Failure) 404M->271M(912M) 40.987ms
[2020-01-31T08:41:32.288+0300][68.870s][info][gc] GC(1174) Pause Young (Allocation Failure) 385M->251M(912M) 29.651ms
[2020-01-31T08:41:32.330+0300][68.912s][info][gc] GC(1175) Pause Young (Allocation Failure) 365M->232M(912M) 19.448ms
[2020-01-31T08:41:32.353+0300][68.935s][info][gc] GC(1176) Pause Young (Allocation Failure) 329M->196M(912M) 0.523ms
[2020-01-31T08:41:32.425+0300][69.007s][info][gc] GC(1177) Pause Young (Allocation Failure) 310M->310M(912M) 59.575ms
[2020-01-31T08:41:32.499+0300][69.081s][info][gc] GC(1178) Pause Young (Allocation Failure) 424M->290M(912M) 50.715ms
[2020-01-31T08:41:32.563+0300][69.145s][info][gc] GC(1179) Pause Young (Allocation Failure) 404M->271M(912M) 40.744ms
[2020-01-31T08:41:32.617+0300][69.199s][info][gc] GC(1180) Pause Young (Allocation Failure) 385M->251M(912M) 29.559ms
[2020-01-31T08:41:32.660+0300][69.241s][info][gc] GC(1181) Pause Young (Allocation Failure) 365M->232M(912M) 19.126ms
[2020-01-31T08:41:32.681+0300][69.264s][info][gc] GC(1182) Pause Young (Allocation Failure) 332M->196M(912M) 0.522ms
[2020-01-31T08:41:32.755+0300][69.337s][info][gc] GC(1183) Pause Young (Allocation Failure) 310M->310M(912M) 61.142ms
[2020-01-31T08:41:32.828+0300][69.410s][info][gc] GC(1184) Pause Young (Allocation Failure) 424M->290M(912M) 50.921ms
[2020-01-31T08:41:32.891+0300][69.473s][info][gc] GC(1185) Pause Young (Allocation Failure) 404M->271M(912M) 40.020ms
[2020-01-31T08:41:32.943+0300][69.524s][info][gc] GC(1186) Pause Young (Allocation Failure) 385M->251M(912M) 28.880ms
[2020-01-31T08:41:32.985+0300][69.566s][info][gc] GC(1187) Pause Young (Allocation Failure) 365M->232M(912M) 19.424ms
[2020-01-31T08:41:33.008+0300][69.590s][info][gc] GC(1188) Pause Young (Allocation Failure) 330M->196M(912M) 0.525ms
[2020-01-31T08:41:33.079+0300][69.661s][info][gc] GC(1189) Pause Young (Allocation Failure) 310M->310M(912M) 59.230ms
[2020-01-31T08:41:33.151+0300][69.733s][info][gc] GC(1190) Pause Young (Allocation Failure) 424M->291M(912M) 49.120ms
[2020-01-31T08:41:33.214+0300][69.796s][info][gc] GC(1191) Pause Young (Allocation Failure) 405M->271M(912M) 40.367ms
