[2020-01-31T22:05:16.308+0300][0.018s][debug][gc] ConcGCThreads: 1 offset 8
[2020-01-31T22:05:16.309+0300][0.018s][debug][gc] ParallelGCThreads: 4
[2020-01-31T22:05:16.309+0300][0.018s][debug][gc] Initialize mark stack with 4096 chunks, maximum 16384
[2020-01-31T22:05:16.337+0300][0.046s][info ][gc] Using G1
[2020-01-31T22:05:16.369+0300][0.079s][info ][gc] Periodic GC disabled
[2020-01-31T22:05:16.668+0300][0.378s][info ][gc] GC(0) Pause Young (Normal) (G1 Evacuation Pause) 71M->65M(1026M) 43.642ms
[2020-01-31T22:05:16.757+0300][0.467s][info ][gc] GC(1) Pause Young (Normal) (G1 Evacuation Pause) 109M->110M(1026M) 54.319ms
[2020-01-31T22:05:16.840+0300][0.549s][info ][gc] GC(2) Pause Young (Normal) (G1 Evacuation Pause) 174M->170M(1026M) 32.354ms
[2020-01-31T22:05:16.897+0300][0.606s][info ][gc] GC(3) Pause Young (Normal) (G1 Evacuation Pause) 214M->214M(1026M) 37.450ms
[2020-01-31T22:05:16.964+0300][0.674s][info ][gc] GC(4) Pause Young (Normal) (G1 Evacuation Pause) 258M->259M(1026M) 39.604ms
[2020-01-31T22:05:17.039+0300][0.749s][info ][gc] GC(5) Pause Young (Normal) (G1 Evacuation Pause) 323M->324M(1026M) 34.316ms
[2020-01-31T22:05:17.093+0300][0.803s][info ][gc] GC(6) Pause Young (Normal) (G1 Evacuation Pause) 368M->369M(1026M) 35.622ms
[2020-01-31T22:05:17.172+0300][0.882s][info ][gc] GC(7) Pause Young (Normal) (G1 Evacuation Pause) 433M->435M(1026M) 40.123ms
[2020-01-31T22:05:17.230+0300][0.939s][info ][gc] GC(8) Pause Young (Normal) (G1 Evacuation Pause) 479M->480M(1026M) 37.560ms
[2020-01-31T22:05:17.297+0300][1.006s][info ][gc] GC(9) Pause Young (Concurrent Start) (G1 Evacuation Pause) 532M->533M(1026M) 44.476ms
[2020-01-31T22:05:17.297+0300][1.006s][info ][gc] GC(10) Concurrent Cycle
[2020-01-31T22:05:17.410+0300][1.120s][info ][gc] GC(11) Pause Young (Normal) (G1 Evacuation Pause) 613M->614M(1026M) 57.846ms
[2020-01-31T22:05:17.508+0300][1.217s][info ][gc] GC(12) Pause Young (Normal) (G1 Evacuation Pause) 676M->677M(1026M) 59.423ms
[2020-01-31T22:05:17.562+0300][1.272s][debug][gc] GC(10) Reclaimed 391 empty regions
[2020-01-31T22:05:17.562+0300][1.272s][info ][gc] GC(10) Pause Remark 688M->297M(1026M) 1.747ms
[2020-01-31T22:05:17.667+0300][1.377s][info ][gc] GC(13) Pause Young (Normal) (G1 Evacuation Pause) 370M->370M(1026M) 47.783ms
[2020-01-31T22:05:17.831+0300][1.540s][info ][gc] GC(10) Pause Cleanup 514M->514M(1026M) 0.117ms
[2020-01-31T22:05:17.839+0300][1.549s][info ][gc] GC(10) Concurrent Cycle 541.963ms
[2020-01-31T22:05:17.980+0300][1.689s][info ][gc] GC(14) Pause Young (Normal) (G1 Evacuation Pause) 552M->552M(1026M) 112.240ms
[2020-01-31T22:05:18.020+0300][1.729s][info ][gc] GC(15) Pause Young (Concurrent Start) (G1 Humongous Allocation) 567M->568M(1026M) 21.267ms
[2020-01-31T22:05:18.020+0300][1.729s][info ][gc] GC(16) Concurrent Cycle
[2020-01-31T22:05:18.045+0300][1.754s][debug][gc] GC(16) Reclaimed 508 empty regions
[2020-01-31T22:05:18.045+0300][1.754s][info ][gc] GC(16) Pause Remark 630M->122M(1026M) 0.696ms
[2020-01-31T22:05:18.083+0300][1.792s][info ][gc] GC(16) Pause Cleanup 168M->168M(1026M) 0.100ms
[2020-01-31T22:05:18.088+0300][1.797s][info ][gc] GC(16) Concurrent Cycle 67.365ms
[2020-01-31T22:05:18.188+0300][1.897s][info ][gc] GC(17) Pause Young (Normal) (G1 Evacuation Pause) 190M->178M(1026M) 91.849ms
[2020-01-31T22:05:18.425+0300][2.134s][info ][gc] GC(18) Pause Young (Normal) (G1 Evacuation Pause) 306M->307M(1026M) 99.631ms
[2020-01-31T22:05:18.594+0300][2.303s][info ][gc] GC(19) Pause Young (Normal) (G1 Evacuation Pause) 451M->451M(1026M) 95.094ms
[2020-01-31T22:05:18.748+0300][2.458s][info ][gc] GC(20) Pause Young (Concurrent Start) (G1 Humongous Allocation) 588M->589M(1026M) 74.472ms
[2020-01-31T22:05:18.748+0300][2.458s][info ][gc] GC(21) Concurrent Cycle
[2020-01-31T22:05:18.899+0300][2.609s][info ][gc] GC(22) Pause Young (Normal) (G1 Evacuation Pause) 713M->714M(1026M) 79.984ms
[2020-01-31T22:05:18.904+0300][2.614s][debug][gc] GC(21) Reclaimed 428 empty regions
[2020-01-31T22:05:18.904+0300][2.614s][info ][gc] GC(21) Pause Remark 723M->295M(1026M) 0.431ms
[2020-01-31T22:05:18.997+0300][2.706s][info ][gc] GC(23) Pause Young (Normal) (G1 Evacuation Pause) 371M->371M(1026M) 52.535ms
[2020-01-31T22:05:19.265+0300][2.975s][info ][gc] GC(24) Pause Young (Normal) (G1 Evacuation Pause) 563M->564M(1026M) 135.803ms
[2020-01-31T22:05:19.338+0300][3.048s][info ][gc] GC(21) Pause Cleanup 567M->567M(1026M) 0.142ms
[2020-01-31T22:05:19.339+0300][3.049s][info ][gc] GC(21) Concurrent Cycle 591.427ms
[2020-01-31T22:05:19.366+0300][3.075s][info ][gc] GC(25) Pause Young (Concurrent Start) (G1 Humongous Allocation) 568M->569M(1026M) 16.132ms
[2020-01-31T22:05:19.366+0300][3.075s][info ][gc] GC(26) Concurrent Cycle
[2020-01-31T22:05:19.385+0300][3.094s][debug][gc] GC(26) Reclaimed 516 empty regions
[2020-01-31T22:05:19.385+0300][3.094s][info ][gc] GC(26) Pause Remark 628M->112M(1026M) 0.450ms
[2020-01-31T22:05:19.478+0300][3.187s][info ][gc] GC(27) Pause Young (Normal) (G1 Evacuation Pause) 183M->180M(1026M) 64.144ms
[2020-01-31T22:05:19.512+0300][3.222s][info ][gc] GC(26) Pause Cleanup 181M->181M(1026M) 0.136ms
[2020-01-31T22:05:19.513+0300][3.222s][info ][gc] GC(26) Concurrent Cycle 146.853ms
[2020-01-31T22:05:19.789+0300][3.499s][info ][gc] GC(28) Pause Young (Normal) (G1 Evacuation Pause) 452M->453M(1026M) 139.066ms
[2020-01-31T22:05:19.940+0300][3.649s][info ][gc] GC(29) Pause Young (Concurrent Start) (G1 Humongous Allocation) 590M->590M(1026M) 80.493ms
[2020-01-31T22:05:19.940+0300][3.649s][info ][gc] GC(30) Concurrent Cycle
[2020-01-31T22:05:20.089+0300][3.799s][info ][gc] GC(31) Pause Young (Normal) (G1 Evacuation Pause) 713M->714M(1026M) 70.264ms
[2020-01-31T22:05:20.094+0300][3.804s][debug][gc] GC(30) Reclaimed 417 empty regions
[2020-01-31T22:05:20.094+0300][3.804s][info ][gc] GC(30) Pause Remark 724M->307M(1026M) 0.462ms
[2020-01-31T22:05:20.194+0300][3.904s][info ][gc] GC(32) Pause Young (Normal) (G1 Evacuation Pause) 382M->383M(1026M) 61.305ms
[2020-01-31T22:05:20.423+0300][4.133s][info ][gc] GC(33) Pause Young (Normal) (G1 Evacuation Pause) 571M->572M(1026M) 103.055ms
[2020-01-31T22:05:20.489+0300][4.199s][info ][gc] GC(30) Pause Cleanup 572M->572M(1026M) 0.142ms
[2020-01-31T22:05:20.490+0300][4.200s][info ][gc] GC(30) Concurrent Cycle 550.343ms
[2020-01-31T22:05:20.528+0300][4.237s][info ][gc] GC(34) Pause Young (Concurrent Start) (G1 Humongous Allocation) 580M->581M(1026M) 22.958ms
[2020-01-31T22:05:20.528+0300][4.237s][info ][gc] GC(35) Concurrent Cycle
[2020-01-31T22:05:20.550+0300][4.259s][debug][gc] GC(35) Reclaimed 523 empty regions
[2020-01-31T22:05:20.550+0300][4.259s][info ][gc] GC(35) Pause Remark 647M->124M(1026M) 0.552ms
[2020-01-31T22:05:20.643+0300][4.353s][info ][gc] GC(36) Pause Young (Normal) (G1 Evacuation Pause) 184M->177M(1026M) 63.731ms
[2020-01-31T22:05:20.674+0300][4.384s][info ][gc] GC(35) Pause Cleanup 177M->177M(1026M) 0.151ms
[2020-01-31T22:05:20.675+0300][4.384s][info ][gc] GC(35) Concurrent Cycle 147.180ms
[2020-01-31T22:05:20.960+0300][4.670s][info ][gc] GC(37) Pause Young (Normal) (G1 Evacuation Pause) 450M->451M(1026M) 153.823ms
[2020-01-31T22:05:21.151+0300][4.860s][info ][gc] GC(38) Pause Young (Normal) (G1 Evacuation Pause) 638M->639M(1026M) 102.629ms
[2020-01-31T22:05:21.261+0300][4.970s][info ][gc] GC(39) Pause Young (Concurrent Start) (G1 Humongous Allocation) 726M->727M(1026M) 64.961ms
[2020-01-31T22:05:21.261+0300][4.970s][info ][gc] GC(40) Concurrent Cycle
[2020-01-31T22:05:21.362+0300][5.072s][info ][gc] GC(41) Pause Young (Normal) (G1 Evacuation Pause) 807M->809M(1026M) 44.861ms
[2020-01-31T22:05:21.368+0300][5.078s][debug][gc] GC(40) Reclaimed 589 empty regions
[2020-01-31T22:05:21.368+0300][5.078s][info ][gc] GC(40) Pause Remark 821M->232M(1026M) 0.471ms
[2020-01-31T22:05:21.413+0300][5.122s][info ][gc] GC(42) Pause Young (Normal) (G1 Evacuation Pause) 261M->262M(1026M) 31.492ms
[2020-01-31T22:05:21.681+0300][5.391s][info ][gc] GC(43) Pause Young (Normal) (G1 Evacuation Pause) 508M->509M(1026M) 140.160ms
[2020-01-31T22:05:21.741+0300][5.451s][info ][gc] GC(40) Pause Cleanup 509M->509M(1026M) 0.134ms
[2020-01-31T22:05:21.742+0300][5.451s][info ][gc] GC(40) Concurrent Cycle 481.516ms
[2020-01-31T22:05:21.806+0300][5.515s][info ][gc] GC(44) Pause Young (Concurrent Start) (G1 Humongous Allocation) 546M->547M(1026M) 37.944ms
[2020-01-31T22:05:21.806+0300][5.515s][info ][gc] GC(45) Concurrent Cycle
[2020-01-31T22:05:21.844+0300][5.553s][debug][gc] GC(45) Reclaimed 453 empty regions
[2020-01-31T22:05:21.844+0300][5.553s][info ][gc] GC(45) Pause Remark 659M->206M(1026M) 0.435ms
[2020-01-31T22:05:21.933+0300][5.643s][info ][gc] GC(46) Pause Young (Normal) (G1 Evacuation Pause) 251M->232M(1026M) 68.591ms
[2020-01-31T22:05:21.969+0300][5.678s][info ][gc] GC(45) Pause Cleanup 232M->232M(1026M) 0.161ms
[2020-01-31T22:05:21.969+0300][5.679s][info ][gc] GC(45) Concurrent Cycle 164.277ms
[2020-01-31T22:05:22.228+0300][5.937s][info ][gc] GC(47) Pause Young (Normal) (G1 Evacuation Pause) 468M->468M(1026M) 156.548ms
[2020-01-31T22:05:22.391+0300][6.100s][info ][gc] GC(48) Pause Young (Concurrent Start) (G1 Humongous Allocation) 614M->615M(1026M) 92.686ms
[2020-01-31T22:05:22.391+0300][6.100s][info ][gc] GC(49) Concurrent Cycle
[2020-01-31T22:05:22.566+0300][6.276s][info ][gc] GC(50) Pause Young (Normal) (G1 Evacuation Pause) 731M->731M(1026M) 93.169ms
[2020-01-31T22:05:22.572+0300][6.281s][debug][gc] GC(49) Reclaimed 429 empty regions
[2020-01-31T22:05:22.572+0300][6.281s][info ][gc] GC(49) Pause Remark 741M->312M(1026M) 0.434ms
[2020-01-31T22:05:22.651+0300][6.360s][info ][gc] GC(51) Pause Young (Normal) (G1 Evacuation Pause) 381M->382M(1026M) 46.712ms
[2020-01-31T22:05:22.854+0300][6.563s][info ][gc] GC(52) Pause Young (Normal) (G1 Evacuation Pause) 570M->571M(1026M) 107.996ms
[2020-01-31T22:05:22.944+0300][6.653s][info ][gc] GC(49) Pause Cleanup 649M->649M(1026M) 0.151ms
[2020-01-31T22:05:22.944+0300][6.653s][info ][gc] GC(49) Concurrent Cycle 553.286ms
[2020-01-31T22:05:23.037+0300][6.747s][info ][gc] GC(53) Pause Young (Normal) (G1 Evacuation Pause) 700M->701M(1026M) 74.031ms
[2020-01-31T22:05:23.083+0300][6.793s][info ][gc] GC(54) Pause Young (Concurrent Start) (G1 Humongous Allocation) 728M->728M(1026M) 24.650ms
[2020-01-31T22:05:23.083+0300][6.793s][info ][gc] GC(55) Concurrent Cycle
[2020-01-31T22:05:23.151+0300][6.860s][info ][gc] GC(56) Pause Young (Normal) (G1 Evacuation Pause) 808M->809M(1026M) 40.587ms
[2020-01-31T22:05:23.153+0300][6.862s][debug][gc] GC(55) Reclaimed 654 empty regions
[2020-01-31T22:05:23.153+0300][6.863s][info ][gc] GC(55) Pause Remark 814M->160M(1026M) 0.462ms
[2020-01-31T22:05:23.198+0300][6.908s][info ][gc] GC(57) Pause Young (Normal) (G1 Evacuation Pause) 197M->198M(1026M) 30.112ms
[2020-01-31T22:05:23.277+0300][6.986s][info ][gc] GC(55) Pause Cleanup 373M->373M(1026M) 0.126ms
[2020-01-31T22:05:23.277+0300][6.987s][info ][gc] GC(55) Concurrent Cycle 193.608ms
[2020-01-31T22:05:23.440+0300][7.150s][info ][gc] GC(58) Pause Young (Normal) (G1 Evacuation Pause) 464M->465M(1026M) 128.014ms
[2020-01-31T22:05:23.606+0300][7.316s][info ][gc] GC(59) Pause Young (Concurrent Start) (G1 Humongous Allocation) 616M->616M(1026M) 92.603ms
[2020-01-31T22:05:23.606+0300][7.316s][info ][gc] GC(60) Concurrent Cycle
[2020-01-31T22:05:23.753+0300][7.463s][info ][gc] GC(61) Pause Young (Normal) (G1 Evacuation Pause) 731M->732M(1026M) 62.898ms
[2020-01-31T22:05:23.758+0300][7.468s][debug][gc] GC(60) Reclaimed 422 empty regions
[2020-01-31T22:05:23.759+0300][7.468s][info ][gc] GC(60) Pause Remark 743M->321M(1026M) 0.409ms
[2020-01-31T22:05:23.833+0300][7.542s][info ][gc] GC(62) Pause Young (Normal) (G1 Evacuation Pause) 389M->390M(1026M) 43.506ms
[2020-01-31T22:05:24.016+0300][7.725s][info ][gc] GC(63) Pause Young (Normal) (G1 Evacuation Pause) 576M->576M(1026M) 101.363ms
[2020-01-31T22:05:24.119+0300][7.829s][info ][gc] GC(60) Pause Cleanup 675M->675M(1026M) 0.284ms
[2020-01-31T22:05:24.120+0300][7.830s][info ][gc] GC(60) Concurrent Cycle 513.935ms
[2020-01-31T22:05:24.227+0300][7.937s][info ][gc] GC(64) Pause Young (Normal) (G1 Evacuation Pause) 704M->705M(1026M) 78.771ms
[2020-01-31T22:05:24.285+0300][7.994s][info ][gc] GC(65) Pause Young (Concurrent Start) (G1 Humongous Allocation) 736M->737M(1026M) 27.020ms
[2020-01-31T22:05:24.285+0300][7.994s][info ][gc] GC(66) Concurrent Cycle
[2020-01-31T22:05:24.352+0300][8.062s][info ][gc] GC(67) Pause Young (Normal) (G1 Evacuation Pause) 815M->816M(1026M) 40.166ms
[2020-01-31T22:05:24.355+0300][8.065s][debug][gc] GC(66) Reclaimed 654 empty regions
[2020-01-31T22:05:24.355+0300][8.065s][info ][gc] GC(66) Pause Remark 823M->169M(1026M) 0.451ms
[2020-01-31T22:05:24.401+0300][8.111s][info ][gc] GC(68) Pause Young (Normal) (G1 Evacuation Pause) 204M->205M(1026M) 31.418ms
[2020-01-31T22:05:24.483+0300][8.192s][info ][gc] GC(66) Pause Cleanup 355M->355M(1026M) 0.126ms
[2020-01-31T22:05:24.484+0300][8.193s][info ][gc] GC(66) Concurrent Cycle 199.311ms
[2020-01-31T22:05:24.678+0300][8.388s][info ][gc] GC(69) Pause Young (Normal) (G1 Evacuation Pause) 469M->470M(1026M) 145.921ms
[2020-01-31T22:05:24.850+0300][8.559s][info ][gc] GC(70) Pause Young (Concurrent Start) (G1 Humongous Allocation) 625M->625M(1026M) 95.991ms
[2020-01-31T22:05:24.850+0300][8.559s][info ][gc] GC(71) Concurrent Cycle
[2020-01-31T22:05:25.010+0300][8.720s][info ][gc] GC(72) Pause Young (Normal) (G1 Evacuation Pause) 737M->738M(1026M) 74.017ms
[2020-01-31T22:05:25.016+0300][8.725s][debug][gc] GC(71) Reclaimed 426 empty regions
[2020-01-31T22:05:25.016+0300][8.725s][info ][gc] GC(71) Pause Remark 744M->318M(1026M) 0.478ms
[2020-01-31T22:05:25.103+0300][8.812s][info ][gc] GC(73) Pause Young (Normal) (G1 Evacuation Pause) 389M->390M(1026M) 49.933ms
[2020-01-31T22:05:25.331+0300][9.040s][info ][gc] GC(74) Pause Young (Normal) (G1 Evacuation Pause) 576M->577M(1026M) 115.790ms
[2020-01-31T22:05:25.408+0300][9.117s][info ][gc] GC(71) Pause Cleanup 638M->638M(1026M) 0.156ms
[2020-01-31T22:05:25.409+0300][9.118s][info ][gc] GC(71) Concurrent Cycle 558.570ms
[2020-01-31T22:05:25.532+0300][9.242s][info ][gc] GC(75) Pause Young (Normal) (G1 Evacuation Pause) 704M->705M(1026M) 82.381ms
[2020-01-31T22:05:25.604+0300][9.314s][info ][gc] GC(76) Pause Young (Concurrent Start) (G1 Humongous Allocation) 742M->742M(1026M) 38.303ms
[2020-01-31T22:05:25.604+0300][9.314s][info ][gc] GC(77) Concurrent Cycle
[2020-01-31T22:05:25.702+0300][9.411s][info ][gc] GC(78) Pause Young (Normal) (G1 Evacuation Pause) 818M->819M(1026M) 62.641ms
[2020-01-31T22:05:25.703+0300][9.413s][debug][gc] GC(77) Reclaimed 652 empty regions
[2020-01-31T22:05:25.703+0300][9.413s][info ][gc] GC(77) Pause Remark 819M->167M(1026M) 0.567ms
[2020-01-31T22:05:25.763+0300][9.472s][info ][gc] GC(79) Pause Young (Normal) (G1 Evacuation Pause) 209M->209M(1026M) 30.600ms
[2020-01-31T22:05:25.840+0300][9.550s][info ][gc] GC(77) Pause Cleanup 306M->306M(1026M) 0.420ms
[2020-01-31T22:05:25.841+0300][9.551s][info ][gc] GC(77) Concurrent Cycle 237.615ms
[2020-01-31T22:05:26.073+0300][9.782s][info ][gc] GC(80) Pause Young (Normal) (G1 Evacuation Pause) 471M->472M(1026M) 140.359ms
[2020-01-31T22:05:26.135+0300][9.844s][info ][gc] GC(81) Pause Young (Concurrent Start) (G1 Humongous Allocation) 496M->497M(1026M) 38.826ms
[2020-01-31T22:05:26.135+0300][9.844s][info ][gc] GC(82) Concurrent Cycle
[2020-01-31T22:05:26.169+0300][9.878s][debug][gc] GC(82) Reclaimed 405 empty regions
[2020-01-31T22:05:26.169+0300][9.878s][info ][gc] GC(82) Pause Remark 583M->178M(1026M) 0.646ms
[2020-01-31T22:05:26.301+0300][10.010s][info ][gc] GC(83) Pause Young (Normal) (G1 Evacuation Pause) 265M->244M(1026M) 88.408ms
[2020-01-31T22:05:26.303+0300][10.012s][info ][gc] GC(82) Pause Cleanup 245M->245M(1026M) 0.134ms
[2020-01-31T22:05:26.304+0300][10.013s][info ][gc] GC(82) Concurrent Cycle 169.291ms
[2020-01-31T22:05:26.554+0300][10.264s][info ][gc] GC(84) Pause Young (Normal) (G1 Evacuation Pause) 496M->497M(1026M) 138.652ms
[2020-01-31T22:05:26.689+0300][10.399s][info ][gc] GC(85) Pause Young (Concurrent Start) (G1 Humongous Allocation) 611M->611M(1026M) 80.175ms
[2020-01-31T22:05:26.690+0300][10.399s][info ][gc] GC(86) Concurrent Cycle
[2020-01-31T22:05:26.830+0300][10.539s][info ][gc] GC(87) Pause Young (Normal) (G1 Evacuation Pause) 728M->729M(1026M) 65.917ms
[2020-01-31T22:05:26.835+0300][10.544s][debug][gc] GC(86) Reclaimed 430 empty regions
[2020-01-31T22:05:26.835+0300][10.544s][info ][gc] GC(86) Pause Remark 740M->310M(1026M) 0.443ms
[2020-01-31T22:05:26.911+0300][10.620s][info ][gc] GC(88) Pause Young (Normal) (G1 Evacuation Pause) 379M->379M(1026M) 44.298ms
[2020-01-31T22:05:27.098+0300][10.808s][info ][gc] GC(89) Pause Young (Normal) (G1 Evacuation Pause) 568M->569M(1026M) 104.838ms
[2020-01-31T22:05:27.186+0300][10.896s][info ][gc] GC(86) Pause Cleanup 687M->687M(1026M) 0.151ms
[2020-01-31T22:05:27.187+0300][10.896s][info ][gc] GC(86) Concurrent Cycle 497.523ms
[2020-01-31T22:05:27.274+0300][10.983s][info ][gc] GC(90) Pause Young (Normal) (G1 Evacuation Pause) 699M->700M(1026M) 82.331ms
[2020-01-31T22:05:27.317+0300][11.026s][info ][gc] GC(91) Pause Young (Concurrent Start) (G1 Humongous Allocation) 723M->723M(1026M) 22.906ms
[2020-01-31T22:05:27.317+0300][11.026s][info ][gc] GC(92) Concurrent Cycle
[2020-01-31T22:05:27.343+0300][11.052s][debug][gc] GC(92) Reclaimed 645 empty regions
[2020-01-31T22:05:27.343+0300][11.052s][info ][gc] GC(92) Pause Remark 804M->159M(1026M) 0.470ms
[2020-01-31T22:05:27.379+0300][11.089s][info ][gc] GC(93) Pause Young (Normal) (G1 Evacuation Pause) 160M->151M(1026M) 36.916ms
[2020-01-31T22:05:27.420+0300][11.130s][info ][gc] GC(92) Pause Cleanup 241M->241M(1026M) 0.131ms
[2020-01-31T22:05:27.421+0300][11.131s][info ][gc] GC(92) Concurrent Cycle 105.133ms
[2020-01-31T22:05:27.642+0300][11.351s][info ][gc] GC(94) Pause Young (Normal) (G1 Evacuation Pause) 432M->433M(1026M) 141.890ms
[2020-01-31T22:05:27.857+0300][11.567s][info ][gc] GC(95) Pause Young (Normal) (G1 Evacuation Pause) 606M->606M(1026M) 144.149ms
[2020-01-31T22:05:27.884+0300][11.593s][info ][gc] GC(96) Pause Young (Concurrent Start) (G1 Humongous Allocation) 609M->610M(1026M) 15.116ms
[2020-01-31T22:05:27.884+0300][11.593s][info ][gc] GC(97) Concurrent Cycle
[2020-01-31T22:05:27.903+0300][11.613s][debug][gc] GC(97) Reclaimed 543 empty regions
[2020-01-31T22:05:27.904+0300][11.613s][info ][gc] GC(97) Pause Remark 674M->131M(1026M) 0.529ms
[2020-01-31T22:05:28.000+0300][11.709s][info ][gc] GC(98) Pause Young (Normal) (G1 Evacuation Pause) 184M->181M(1026M) 65.055ms
[2020-01-31T22:05:28.010+0300][11.720s][info ][gc] GC(97) Pause Cleanup 199M->199M(1026M) 0.147ms
[2020-01-31T22:05:28.011+0300][11.720s][info ][gc] GC(97) Concurrent Cycle 126.925ms
[2020-01-31T22:05:28.255+0300][11.964s][info ][gc] GC(99) Pause Young (Normal) (G1 Evacuation Pause) 452M->453M(1026M) 137.875ms
[2020-01-31T22:05:28.437+0300][12.146s][info ][gc] GC(100) Pause Young (Normal) (G1 Evacuation Pause) 639M->640M(1026M) 101.003ms
[2020-01-31T22:05:28.535+0300][12.244s][info ][gc] GC(101) Pause Young (Concurrent Start) (G1 Evacuation Pause) 728M->728M(1026M) 62.920ms
[2020-01-31T22:05:28.535+0300][12.244s][info ][gc] GC(102) Concurrent Cycle
[2020-01-31T22:05:28.636+0300][12.345s][info ][gc] GC(103) Pause Young (Normal) (G1 Evacuation Pause) 808M->809M(1026M) 42.492ms
[2020-01-31T22:05:28.682+0300][12.391s][info ][gc] GC(104) Pause Young (Normal) (G1 Evacuation Pause) 850M->852M(1026M) 29.026ms
[2020-01-31T22:05:28.744+0300][12.453s][info ][gc] GC(105) Pause Young (Normal) (G1 Evacuation Pause) 916M->917M(1026M) 31.105ms
[2020-01-31T22:05:28.750+0300][12.459s][debug][gc] GC(102) Reclaimed 538 empty regions
[2020-01-31T22:05:28.750+0300][12.459s][info ][gc] GC(102) Pause Remark 930M->392M(1026M) 0.444ms
[2020-01-31T22:05:28.793+0300][12.503s][info ][gc] GC(106) Pause Young (Normal) (G1 Evacuation Pause) 423M->424M(1026M) 30.697ms
[2020-01-31T22:05:28.969+0300][12.679s][info ][gc] GC(107) Pause Young (Normal) (G1 Evacuation Pause) 600M->600M(1026M) 101.335ms
[2020-01-31T22:05:29.157+0300][12.866s][info ][gc] GC(108) Pause Young (Normal) (G1 Evacuation Pause) 720M->721M(1026M) 82.119ms
[2020-01-31T22:05:29.272+0300][12.982s][info ][gc] GC(109) Pause Young (Normal) (G1 Evacuation Pause) 804M->805M(1026M) 70.190ms
[2020-01-31T22:05:29.363+0300][13.073s][info ][gc] GC(110) Pause Young (Normal) (G1 Evacuation Pause) 846M->846M(1026M) 53.700ms
[2020-01-31T22:05:29.365+0300][13.075s][info ][gc] GC(102) Pause Cleanup 846M->846M(1026M) 0.184ms
[2020-01-31T22:05:29.366+0300][13.075s][info ][gc] GC(102) Concurrent Cycle 831.221ms
[2020-01-31T22:05:29.433+0300][13.142s][info ][gc] GC(111) Pause Young (Concurrent Start) (G1 Humongous Allocation) 882M->883M(1026M) 41.189ms
[2020-01-31T22:05:29.433+0300][13.142s][info ][gc] GC(112) Concurrent Cycle
[2020-01-31T22:05:29.488+0300][13.197s][info ][gc] GC(113) Pause Young (Normal) (G1 Evacuation Pause) 947M->947M(1026M) 32.226ms
[2020-01-31T22:05:29.494+0300][13.204s][debug][gc] GC(112) Reclaimed 798 empty regions
[2020-01-31T22:05:29.494+0300][13.204s][info ][gc] GC(112) Pause Remark 959M->161M(1026M) 0.515ms
[2020-01-31T22:05:29.538+0300][13.247s][info ][gc] GC(114) Pause Young (Normal) (G1 Evacuation Pause) 193M->194M(1026M) 30.262ms
[2020-01-31T22:05:29.606+0300][13.315s][info ][gc] GC(112) Pause Cleanup 352M->352M(1026M) 0.127ms
[2020-01-31T22:05:29.607+0300][13.316s][info ][gc] GC(112) Concurrent Cycle 173.167ms
[2020-01-31T22:05:29.783+0300][13.493s][info ][gc] GC(115) Pause Young (Normal) (G1 Evacuation Pause) 461M->462M(1026M) 131.606ms
[2020-01-31T22:05:29.975+0300][13.684s][info ][gc] GC(116) Pause Young (Concurrent Start) (G1 Humongous Allocation) 626M->626M(1026M) 112.406ms
[2020-01-31T22:05:29.975+0300][13.684s][info ][gc] GC(117) Concurrent Cycle
[2020-01-31T22:05:30.127+0300][13.836s][info ][gc] GC(118) Pause Young (Normal) (G1 Evacuation Pause) 738M->740M(1026M) 61.262ms
[2020-01-31T22:05:30.132+0300][13.841s][debug][gc] GC(117) Reclaimed 411 empty regions
[2020-01-31T22:05:30.132+0300][13.841s][info ][gc] GC(117) Pause Remark 751M->340M(1026M) 0.442ms
[2020-01-31T22:05:30.204+0300][13.914s][info ][gc] GC(119) Pause Young (Normal) (G1 Evacuation Pause) 406M->406M(1026M) 43.258ms
[2020-01-31T22:05:30.385+0300][14.094s][info ][gc] GC(120) Pause Young (Normal) (G1 Evacuation Pause) 587M->588M(1026M) 102.223ms
[2020-01-31T22:05:30.565+0300][14.275s][info ][gc] GC(121) Pause Young (Normal) (G1 Evacuation Pause) 712M->713M(1026M) 91.025ms
[2020-01-31T22:05:30.609+0300][14.319s][info ][gc] GC(117) Pause Cleanup 749M->749M(1026M) 0.166ms
[2020-01-31T22:05:30.610+0300][14.320s][info ][gc] GC(117) Concurrent Cycle 635.174ms
[2020-01-31T22:05:30.677+0300][14.386s][info ][gc] GC(122) Pause Young (Concurrent Start) (G1 Humongous Allocation) 758M->759M(1026M) 51.348ms
[2020-01-31T22:05:30.677+0300][14.386s][info ][gc] GC(123) Concurrent Cycle
[2020-01-31T22:05:30.745+0300][14.455s][info ][gc] GC(124) Pause Young (Normal) (G1 Evacuation Pause) 830M->831M(1026M) 36.579ms
[2020-01-31T22:05:30.751+0300][14.461s][debug][gc] GC(123) Reclaimed 656 empty regions
[2020-01-31T22:05:30.751+0300][14.461s][info ][gc] GC(123) Pause Remark 843M->187M(1026M) 0.489ms
[2020-01-31T22:05:30.796+0300][14.505s][info ][gc] GC(125) Pause Young (Normal) (G1 Evacuation Pause) 218M->219M(1026M) 31.250ms
[2020-01-31T22:05:30.882+0300][14.592s][info ][gc] GC(123) Pause Cleanup 410M->410M(1026M) 0.129ms
[2020-01-31T22:05:30.883+0300][14.593s][info ][gc] GC(123) Concurrent Cycle 206.541ms
[2020-01-31T22:05:31.052+0300][14.761s][info ][gc] GC(126) Pause Young (Normal) (G1 Evacuation Pause) 479M->480M(1026M) 140.948ms
[2020-01-31T22:05:31.108+0300][14.818s][info ][gc] GC(127) Pause Young (Concurrent Start) (G1 Humongous Allocation) 510M->511M(1026M) 33.801ms
[2020-01-31T22:05:31.109+0300][14.818s][info ][gc] GC(128) Concurrent Cycle
[2020-01-31T22:05:31.144+0300][14.854s][debug][gc] GC(128) Reclaimed 410 empty regions
[2020-01-31T22:05:31.144+0300][14.854s][info ][gc] GC(128) Pause Remark 616M->206M(1026M) 0.435ms
[2020-01-31T22:05:31.251+0300][14.960s][info ][gc] GC(129) Pause Young (Normal) (G1 Evacuation Pause) 269M->249M(1026M) 77.076ms
[2020-01-31T22:05:31.268+0300][14.977s][info ][gc] GC(128) Pause Cleanup 282M->282M(1026M) 0.128ms
[2020-01-31T22:05:31.269+0300][14.978s][info ][gc] GC(128) Concurrent Cycle 160.033ms
[2020-01-31T22:05:31.487+0300][15.196s][info ][gc] GC(130) Pause Young (Normal) (G1 Evacuation Pause) 479M->480M(1026M) 135.943ms
[2020-01-31T22:05:31.524+0300][15.233s][info ][gc] GC(131) Pause Young (Concurrent Start) (G1 Humongous Allocation) 486M->487M(1026M) 23.280ms
[2020-01-31T22:05:31.524+0300][15.233s][info ][gc] GC(132) Concurrent Cycle
[2020-01-31T22:05:31.548+0300][15.257s][debug][gc] GC(132) Reclaimed 410 empty regions
[2020-01-31T22:05:31.548+0300][15.257s][info ][gc] GC(132) Pause Remark 555M->145M(1026M) 0.523ms
[2020-01-31T22:05:31.591+0300][15.301s][info ][gc] GC(132) Pause Cleanup 248M->248M(1026M) 0.114ms
[2020-01-31T22:05:31.592+0300][15.302s][info ][gc] GC(132) Concurrent Cycle 68.503ms
[2020-01-31T22:05:31.676+0300][15.385s][info ][gc] GC(133) Pause Young (Normal) (G1 Evacuation Pause) 252M->246M(1026M) 81.974ms
[2020-01-31T22:05:31.912+0300][15.621s][info ][gc] GC(134) Pause Young (Normal) (G1 Evacuation Pause) 503M->504M(1026M) 128.963ms
[2020-01-31T22:05:32.041+0300][15.751s][info ][gc] GC(135) Pause Young (Concurrent Start) (G1 Humongous Allocation) 611M->612M(1026M) 76.375ms
[2020-01-31T22:05:32.041+0300][15.751s][info ][gc] GC(136) Concurrent Cycle
[2020-01-31T22:05:32.175+0300][15.885s][info ][gc] GC(137) Pause Young (Normal) (G1 Evacuation Pause) 729M->730M(1026M) 62.923ms
[2020-01-31T22:05:32.181+0300][15.890s][debug][gc] GC(136) Reclaimed 433 empty regions
[2020-01-31T22:05:32.181+0300][15.890s][info ][gc] GC(136) Pause Remark 741M->308M(1026M) 0.441ms
[2020-01-31T22:05:32.255+0300][15.964s][info ][gc] GC(138) Pause Young (Normal) (G1 Evacuation Pause) 377M->378M(1026M) 44.089ms
[2020-01-31T22:05:32.445+0300][16.155s][info ][gc] GC(139) Pause Young (Normal) (G1 Evacuation Pause) 568M->568M(1026M) 109.855ms
[2020-01-31T22:05:32.534+0300][16.243s][info ][gc] GC(136) Pause Cleanup 679M->679M(1026M) 0.146ms
[2020-01-31T22:05:32.535+0300][16.244s][info ][gc] GC(136) Concurrent Cycle 493.387ms
[2020-01-31T22:05:32.627+0300][16.336s][info ][gc] GC(140) Pause Young (Normal) (G1 Evacuation Pause) 698M->699M(1026M) 84.243ms
[2020-01-31T22:05:32.672+0300][16.381s][info ][gc] GC(141) Pause Young (Concurrent Start) (G1 Humongous Allocation) 721M->722M(1026M) 26.637ms
[2020-01-31T22:05:32.672+0300][16.381s][info ][gc] GC(142) Concurrent Cycle
[2020-01-31T22:05:32.698+0300][16.408s][debug][gc] GC(142) Reclaimed 641 empty regions
[2020-01-31T22:05:32.698+0300][16.408s][info ][gc] GC(142) Pause Remark 795M->154M(1026M) 0.620ms
[2020-01-31T22:05:32.744+0300][16.454s][info ][gc] GC(143) Pause Young (Normal) (G1 Evacuation Pause) 163M->153M(1026M) 41.550ms
[2020-01-31T22:05:32.778+0300][16.488s][info ][gc] GC(142) Pause Cleanup 169M->169M(1026M) 0.142ms
[2020-01-31T22:05:32.779+0300][16.489s][info ][gc] GC(142) Concurrent Cycle 107.345ms
[2020-01-31T22:05:33.035+0300][16.745s][info ][gc] GC(144) Pause Young (Normal) (G1 Evacuation Pause) 433M->433M(1026M) 139.907ms
[2020-01-31T22:05:33.207+0300][16.917s][info ][gc] GC(145) Pause Young (Normal) (G1 Evacuation Pause) 605M->606M(1026M) 101.094ms
[2020-01-31T22:05:33.236+0300][16.946s][info ][gc] GC(146) Pause Young (Concurrent Start) (G1 Humongous Allocation) 611M->612M(1026M) 16.704ms
[2020-01-31T22:05:33.236+0300][16.946s][info ][gc] GC(147) Concurrent Cycle
[2020-01-31T22:05:33.257+0300][16.966s][debug][gc] GC(147) Reclaimed 541 empty regions
[2020-01-31T22:05:33.257+0300][16.966s][info ][gc] GC(147) Pause Remark 676M->135M(1026M) 0.465ms
[2020-01-31T22:05:33.331+0300][17.041s][info ][gc] GC(148) Pause Young (Normal) (G1 Evacuation Pause) 187M->182M(1026M) 54.306ms
[2020-01-31T22:05:33.345+0300][17.055s][info ][gc] GC(147) Pause Cleanup 201M->201M(1026M) 0.123ms
[2020-01-31T22:05:33.346+0300][17.056s][info ][gc] GC(147) Concurrent Cycle 109.862ms
[2020-01-31T22:05:33.580+0300][17.289s][info ][gc] GC(149) Pause Young (Normal) (G1 Evacuation Pause) 453M->454M(1026M) 134.747ms
[2020-01-31T22:05:33.741+0300][17.450s][info ][gc] GC(150) Pause Young (Concurrent Start) (G1 Humongous Allocation) 606M->607M(1026M) 87.957ms
[2020-01-31T22:05:33.741+0300][17.451s][info ][gc] GC(151) Concurrent Cycle
[2020-01-31T22:05:33.893+0300][17.602s][info ][gc] GC(152) Pause Young (Normal) (G1 Evacuation Pause) 725M->726M(1026M) 66.493ms
[2020-01-31T22:05:33.898+0300][17.607s][debug][gc] GC(151) Reclaimed 400 empty regions
[2020-01-31T22:05:33.898+0300][17.607s][info ][gc] GC(151) Pause Remark 738M->338M(1026M) 0.433ms
[2020-01-31T22:05:33.995+0300][17.704s][info ][gc] GC(153) Pause Young (Normal) (G1 Evacuation Pause) 407M->408M(1026M) 63.047ms
[2020-01-31T22:05:34.191+0300][17.901s][info ][gc] GC(154) Pause Young (Normal) (G1 Evacuation Pause) 588M->589M(1026M) 108.158ms
[2020-01-31T22:05:34.374+0300][18.083s][info ][gc] GC(155) Pause Young (Normal) (G1 Evacuation Pause) 713M->714M(1026M) 88.140ms
[2020-01-31T22:05:34.393+0300][18.102s][info ][gc] GC(151) Pause Cleanup 715M->715M(1026M) 0.159ms
[2020-01-31T22:05:34.394+0300][18.104s][info ][gc] GC(151) Concurrent Cycle 653.053ms
[2020-01-31T22:05:34.464+0300][18.173s][info ][gc] GC(156) Pause Young (Concurrent Start) (G1 Humongous Allocation) 750M->751M(1026M) 44.428ms
[2020-01-31T22:05:34.464+0300][18.173s][info ][gc] GC(157) Concurrent Cycle
[2020-01-31T22:05:34.527+0300][18.237s][info ][gc] GC(158) Pause Young (Normal) (G1 Evacuation Pause) 824M->825M(1026M) 36.169ms
[2020-01-31T22:05:34.533+0300][18.242s][debug][gc] GC(157) Reclaimed 655 empty regions
[2020-01-31T22:05:34.533+0300][18.242s][info ][gc] GC(157) Pause Remark 838M->183M(1026M) 0.475ms
[2020-01-31T22:05:34.575+0300][18.285s][info ][gc] GC(159) Pause Young (Normal) (G1 Evacuation Pause) 213M->214M(1026M) 29.665ms
[2020-01-31T22:05:34.656+0300][18.366s][info ][gc] GC(157) Pause Cleanup 399M->399M(1026M) 0.125ms
[2020-01-31T22:05:34.657+0300][18.366s][info ][gc] GC(157) Concurrent Cycle 192.865ms
[2020-01-31T22:05:34.817+0300][18.526s][info ][gc] GC(160) Pause Young (Normal) (G1 Evacuation Pause) 475M->476M(1026M) 130.615ms
[2020-01-31T22:05:34.870+0300][18.580s][info ][gc] GC(161) Pause Young (Concurrent Start) (G1 Humongous Allocation) 503M->504M(1026M) 31.691ms
[2020-01-31T22:05:34.870+0300][18.580s][info ][gc] GC(162) Concurrent Cycle
[2020-01-31T22:05:34.904+0300][18.614s][debug][gc] GC(162) Reclaimed 402 empty regions
[2020-01-31T22:05:34.904+0300][18.614s][info ][gc] GC(162) Pause Remark 605M->203M(1026M) 0.443ms
[2020-01-31T22:05:35.013+0300][18.722s][info ][gc] GC(163) Pause Young (Normal) (G1 Evacuation Pause) 273M->253M(1026M) 77.828ms
[2020-01-31T22:05:35.027+0300][18.736s][info ][gc] GC(162) Pause Cleanup 253M->253M(1026M) 0.139ms
[2020-01-31T22:05:35.027+0300][18.737s][info ][gc] GC(162) Concurrent Cycle 157.168ms
[2020-01-31T22:05:35.248+0300][18.958s][info ][gc] GC(164) Pause Young (Normal) (G1 Evacuation Pause) 482M->482M(1026M) 127.684ms
[2020-01-31T22:05:35.288+0300][18.998s][info ][gc] GC(165) Pause Young (Concurrent Start) (G1 Humongous Allocation) 486M->488M(1026M) 26.539ms
[2020-01-31T22:05:35.288+0300][18.998s][info ][gc] GC(166) Concurrent Cycle
[2020-01-31T22:05:35.312+0300][19.021s][debug][gc] GC(166) Reclaimed 408 empty regions
[2020-01-31T22:05:35.312+0300][19.022s][info ][gc] GC(166) Pause Remark 547M->139M(1026M) 0.539ms
[2020-01-31T22:05:35.357+0300][19.066s][info ][gc] GC(166) Pause Cleanup 215M->215M(1026M) 0.105ms
[2020-01-31T22:05:35.357+0300][19.067s][info ][gc] GC(166) Concurrent Cycle 68.851ms
[2020-01-31T22:05:35.452+0300][19.161s][info ][gc] GC(167) Pause Young (Normal) (G1 Evacuation Pause) 255M->251M(1026M) 85.524ms
[2020-01-31T22:05:35.689+0300][19.398s][info ][gc] GC(168) Pause Young (Normal) (G1 Evacuation Pause) 507M->507M(1026M) 129.429ms
[2020-01-31T22:05:35.818+0300][19.528s][info ][gc] GC(169) Pause Young (Concurrent Start) (G1 Humongous Allocation) 615M->616M(1026M) 74.584ms
[2020-01-31T22:05:35.818+0300][19.528s][info ][gc] GC(170) Concurrent Cycle
[2020-01-31T22:05:35.954+0300][19.664s][info ][gc] GC(171) Pause Young (Normal) (G1 Evacuation Pause) 732M->733M(1026M) 63.708ms
[2020-01-31T22:05:35.960+0300][19.669s][debug][gc] GC(170) Reclaimed 432 empty regions
[2020-01-31T22:05:35.960+0300][19.669s][info ][gc] GC(170) Pause Remark 741M->309M(1026M) 0.451ms
[2020-01-31T22:05:36.038+0300][19.747s][info ][gc] GC(172) Pause Young (Normal) (G1 Evacuation Pause) 380M->380M(1026M) 44.181ms
[2020-01-31T22:05:36.260+0300][19.969s][info ][gc] GC(173) Pause Young (Normal) (G1 Evacuation Pause) 569M->570M(1026M) 118.499ms
[2020-01-31T22:05:36.328+0300][20.038s][info ][gc] GC(170) Pause Cleanup 611M->611M(1026M) 0.157ms
[2020-01-31T22:05:36.329+0300][20.038s][info ][gc] GC(170) Concurrent Cycle 510.796ms
[2020-01-31T22:05:36.454+0300][20.164s][info ][gc] GC(174) Pause Young (Normal) (G1 Evacuation Pause) 700M->701M(1026M) 84.133ms
[2020-01-31T22:05:36.500+0300][20.209s][info ][gc] GC(175) Pause Young (Concurrent Start) (G1 Humongous Allocation) 726M->727M(1026M) 23.408ms
[2020-01-31T22:05:36.500+0300][20.209s][info ][gc] GC(176) Concurrent Cycle
[2020-01-31T22:05:36.528+0300][20.237s][debug][gc] GC(176) Reclaimed 639 empty regions
[2020-01-31T22:05:36.528+0300][20.237s][info ][gc] GC(176) Pause Remark 805M->166M(1026M) 0.490ms
[2020-01-31T22:05:36.566+0300][20.275s][info ][gc] GC(177) Pause Young (Normal) (G1 Evacuation Pause) 169M->159M(1026M) 36.185ms
[2020-01-31T22:05:36.607+0300][20.317s][info ][gc] GC(176) Pause Cleanup 246M->246M(1026M) 0.114ms
[2020-01-31T22:05:36.608+0300][20.317s][info ][gc] GC(176) Concurrent Cycle 107.876ms
[2020-01-31T22:05:36.839+0300][20.549s][info ][gc] GC(178) Pause Young (Normal) (G1 Evacuation Pause) 437M->438M(1026M) 141.613ms
[2020-01-31T22:05:37.020+0300][20.729s][info ][gc] GC(179) Pause Young (Normal) (G1 Evacuation Pause) 609M->610M(1026M) 102.341ms
[2020-01-31T22:05:37.058+0300][20.768s][info ][gc] GC(180) Pause Young (Concurrent Start) (G1 Humongous Allocation) 619M->620M(1026M) 18.973ms
[2020-01-31T22:05:37.058+0300][20.768s][info ][gc] GC(181) Concurrent Cycle
[2020-01-31T22:05:37.081+0300][20.791s][debug][gc] GC(181) Reclaimed 542 empty regions
[2020-01-31T22:05:37.081+0300][20.791s][info ][gc] GC(181) Pause Remark 675M->133M(1026M) 0.508ms
[2020-01-31T22:05:37.168+0300][20.878s][info ][gc] GC(182) Pause Young (Normal) (G1 Evacuation Pause) 192M->184M(1026M) 58.091ms
[2020-01-31T22:05:37.176+0300][20.885s][info ][gc] GC(181) Pause Cleanup 194M->194M(1026M) 0.148ms
[2020-01-31T22:05:37.176+0300][20.886s][info ][gc] GC(181) Concurrent Cycle 118.046ms
[2020-01-31T22:05:37.462+0300][21.172s][info ][gc] GC(183) Pause Young (Normal) (G1 Evacuation Pause) 455M->455M(1026M) 147.681ms
[2020-01-31T22:05:37.911+0300][21.621s][info ][gc] GC(184) Pause Young (Concurrent Start) (G1 Humongous Allocation) 609M->609M(1026M) 147.117ms
[2020-01-31T22:05:37.911+0300][21.621s][info ][gc] GC(185) Concurrent Cycle
[2020-01-31T22:05:38.013+0300][21.722s][debug][gc] GC(185) Reclaimed 399 empty regions
[2020-01-31T22:05:38.013+0300][21.722s][info ][gc] GC(185) Pause Remark 705M->306M(1026M) 1.015ms
[2020-01-31T22:05:38.108+0300][21.817s][info ][gc] GC(186) Pause Young (Normal) (G1 Evacuation Pause) 327M->305M(1026M) 79.027ms
[2020-01-31T22:05:38.232+0300][21.941s][info ][gc] GC(185) Pause Cleanup 458M->458M(1026M) 0.133ms
[2020-01-31T22:05:38.233+0300][21.942s][info ][gc] GC(185) Concurrent Cycle 320.919ms
[2020-01-31T22:05:38.459+0300][22.168s][info ][gc] GC(187) Pause Young (Normal) (G1 Evacuation Pause) 537M->538M(1026M) 125.166ms
[2020-01-31T22:05:38.619+0300][22.328s][info ][gc] GC(188) Pause Young (Concurrent Start) (G1 Humongous Allocation) 593M->593M(1026M) 75.245ms
[2020-01-31T22:05:38.619+0300][22.328s][info ][gc] GC(189) Concurrent Cycle
[2020-01-31T22:05:38.708+0300][22.417s][debug][gc] GC(189) Reclaimed 467 empty regions
[2020-01-31T22:05:38.708+0300][22.417s][info ][gc] GC(189) Pause Remark 593M->126M(1026M) 0.545ms
[2020-01-31T22:05:38.761+0300][22.471s][info ][gc] GC(189) Pause Cleanup 126M->126M(1026M) 0.117ms
[2020-01-31T22:05:38.762+0300][22.472s][info ][gc] GC(189) Concurrent Cycle 143.664ms
[2020-01-31T22:05:38.920+0300][22.629s][info ][gc] GC(190) Pause Young (Normal) (G1 Evacuation Pause) 248M->230M(1026M) 74.923ms
[2020-01-31T22:05:39.190+0300][22.899s][info ][gc] GC(191) Pause Young (Normal) (G1 Evacuation Pause) 496M->496M(1026M) 137.330ms
[2020-01-31T22:05:39.236+0300][22.945s][info ][gc] GC(192) Pause Young (Concurrent Start) (G1 Humongous Allocation) 512M->514M(1026M) 27.181ms
[2020-01-31T22:05:39.236+0300][22.945s][info ][gc] GC(193) Concurrent Cycle
[2020-01-31T22:05:39.266+0300][22.976s][debug][gc] GC(193) Reclaimed 420 empty regions
[2020-01-31T22:05:39.266+0300][22.976s][info ][gc] GC(193) Pause Remark 601M->181M(1026M) 0.510ms
[2020-01-31T22:05:39.390+0300][23.099s][info ][gc] GC(194) Pause Young (Normal) (G1 Evacuation Pause) 261M->245M(1026M) 82.245ms
[2020-01-31T22:05:39.394+0300][23.104s][info ][gc] GC(193) Pause Cleanup 249M->249M(1026M) 0.128ms
[2020-01-31T22:05:39.395+0300][23.105s][info ][gc] GC(193) Concurrent Cycle 159.315ms
[2020-01-31T22:05:39.706+0300][23.415s][info ][gc] GC(195) Pause Young (Normal) (G1 Evacuation Pause) 476M->477M(1026M) 133.193ms
[2020-01-31T22:05:39.761+0300][23.470s][info ][gc] GC(196) Pause Young (Concurrent Start) (G1 Humongous Allocation) 483M->485M(1026M) 41.821ms
[2020-01-31T22:05:39.761+0300][23.471s][info ][gc] GC(197) Concurrent Cycle
[2020-01-31T22:05:39.786+0300][23.495s][debug][gc] GC(197) Reclaimed 403 empty regions
[2020-01-31T22:05:39.786+0300][23.495s][info ][gc] GC(197) Pause Remark 529M->126M(1026M) 0.660ms
[2020-01-31T22:05:39.830+0300][23.539s][info ][gc] GC(197) Pause Cleanup 180M->180M(1026M) 0.122ms
[2020-01-31T22:05:39.834+0300][23.543s][info ][gc] GC(197) Concurrent Cycle 72.378ms
[2020-01-31T22:05:39.957+0300][23.666s][info ][gc] GC(198) Pause Young (Normal) (G1 Evacuation Pause) 258M->253M(1026M) 82.645ms
[2020-01-31T22:05:40.288+0300][23.998s][info ][gc] GC(199) Pause Young (Normal) (G1 Evacuation Pause) 511M->512M(1026M) 137.640ms
[2020-01-31T22:05:40.545+0300][24.254s][info ][gc] GC(200) Pause Young (Concurrent Start) (G1 Humongous Allocation) 617M->617M(1026M) 105.288ms
[2020-01-31T22:05:40.545+0300][24.254s][info ][gc] GC(201) Concurrent Cycle
[2020-01-31T22:05:40.700+0300][24.410s][info ][gc] GC(202) Pause Young (Normal) (G1 Evacuation Pause) 732M->733M(1026M) 83.106ms
[2020-01-31T22:05:40.709+0300][24.419s][debug][gc] GC(201) Reclaimed 437 empty regions
[2020-01-31T22:05:40.709+0300][24.419s][info ][gc] GC(201) Pause Remark 741M->304M(1026M) 0.572ms
[2020-01-31T22:05:40.845+0300][24.554s][info ][gc] GC(203) Pause Young (Normal) (G1 Evacuation Pause) 375M->375M(1026M) 47.702ms
[2020-01-31T22:05:40.976+0300][24.685s][info ][gc] GC(201) Pause Cleanup 546M->546M(1026M) 0.137ms
[2020-01-31T22:05:40.977+0300][24.686s][info ][gc] GC(201) Concurrent Cycle 431.452ms
[2020-01-31T22:05:41.180+0300][24.890s][info ][gc] GC(204) Pause Young (Normal) (G1 Evacuation Pause) 566M->567M(1026M) 108.933ms
[2020-01-31T22:05:41.255+0300][24.965s][info ][gc] GC(205) Pause Young (Concurrent Start) (G1 Humongous Allocation) 587M->587M(1026M) 35.112ms
[2020-01-31T22:05:41.255+0300][24.965s][info ][gc] GC(206) Concurrent Cycle
[2020-01-31T22:05:41.289+0300][24.998s][debug][gc] GC(206) Reclaimed 499 empty regions
[2020-01-31T22:05:41.289+0300][24.998s][info ][gc] GC(206) Pause Remark 611M->112M(1026M) 1.193ms
[2020-01-31T22:05:41.336+0300][25.045s][info ][gc] GC(206) Pause Cleanup 179M->179M(1026M) 0.154ms
[2020-01-31T22:05:41.338+0300][25.047s][info ][gc] GC(206) Concurrent Cycle 82.333ms
[2020-01-31T22:05:41.469+0300][25.178s][info ][gc] GC(207) Pause Young (Normal) (G1 Evacuation Pause) 212M->196M(1026M) 66.026ms
[2020-01-31T22:05:41.790+0300][25.499s][info ][gc] GC(208) Pause Young (Normal) (G1 Evacuation Pause) 497M->497M(1026M) 168.205ms
[2020-01-31T22:05:41.944+0300][25.654s][info ][gc] GC(209) Pause Young (Concurrent Start) (G1 Humongous Allocation) 611M->612M(1026M) 96.033ms
[2020-01-31T22:05:41.944+0300][25.654s][info ][gc] GC(210) Concurrent Cycle
[2020-01-31T22:05:42.100+0300][25.809s][info ][gc] GC(211) Pause Young (Normal) (G1 Evacuation Pause) 729M->730M(1026M) 77.952ms
[2020-01-31T22:05:42.105+0300][25.815s][debug][gc] GC(210) Reclaimed 419 empty regions
[2020-01-31T22:05:42.105+0300][25.815s][info ][gc] GC(210) Pause Remark 742M->323M(1026M) 0.538ms
[2020-01-31T22:05:42.202+0300][25.912s][info ][gc] GC(212) Pause Young (Normal) (G1 Evacuation Pause) 391M->391M(1026M) 61.138ms
[2020-01-31T22:05:42.372+0300][26.081s][info ][gc] GC(210) Pause Cleanup 529M->529M(1026M) 0.155ms
[2020-01-31T22:05:42.373+0300][26.082s][info ][gc] GC(210) Concurrent Cycle 428.696ms
[2020-01-31T22:05:42.525+0300][26.234s][info ][gc] GC(213) Pause Young (Normal) (G1 Evacuation Pause) 577M->578M(1026M) 100.796ms
[2020-01-31T22:05:42.576+0300][26.286s][info ][gc] GC(214) Pause Young (Concurrent Start) (G1 Humongous Allocation) 599M->600M(1026M) 30.198ms
[2020-01-31T22:05:42.576+0300][26.286s][info ][gc] GC(215) Concurrent Cycle
[2020-01-31T22:05:42.605+0300][26.314s][debug][gc] GC(215) Reclaimed 510 empty regions
[2020-01-31T22:05:42.605+0300][26.314s][info ][gc] GC(215) Pause Remark 688M->178M(1026M) 0.484ms
[2020-01-31T22:05:42.688+0300][26.398s][info ][gc] GC(216) Pause Young (Normal) (G1 Evacuation Pause) 210M->194M(1026M) 63.336ms
[2020-01-31T22:05:42.706+0300][26.415s][info ][gc] GC(215) Pause Cleanup 209M->209M(1026M) 0.186ms
[2020-01-31T22:05:42.707+0300][26.416s][info ][gc] GC(215) Concurrent Cycle 130.528ms
[2020-01-31T22:05:43.031+0300][26.740s][info ][gc] GC(217) Pause Young (Normal) (G1 Evacuation Pause) 461M->462M(1026M) 142.012ms
[2020-01-31T22:05:43.199+0300][26.909s][info ][gc] GC(218) Pause Young (Concurrent Start) (G1 Humongous Allocation) 614M->614M(1026M) 92.014ms
[2020-01-31T22:05:43.199+0300][26.909s][info ][gc] GC(219) Concurrent Cycle
[2020-01-31T22:05:43.357+0300][27.066s][info ][gc] GC(220) Pause Young (Normal) (G1 Evacuation Pause) 730M->731M(1026M) 65.757ms
[2020-01-31T22:05:43.364+0300][27.073s][debug][gc] GC(219) Reclaimed 405 empty regions
[2020-01-31T22:05:43.364+0300][27.073s][info ][gc] GC(219) Pause Remark 740M->335M(1026M) 0.680ms
[2020-01-31T22:05:43.559+0300][27.268s][info ][gc] GC(221) Pause Young (Normal) (G1 Evacuation Pause) 405M->406M(1026M) 45.552ms
[2020-01-31T22:05:43.753+0300][27.462s][info ][gc] GC(222) Pause Young (Normal) (G1 Evacuation Pause) 587M->588M(1026M) 104.772ms
[2020-01-31T22:05:43.768+0300][27.478s][info ][gc] GC(219) Pause Cleanup 589M->589M(1026M) 0.156ms
[2020-01-31T22:05:43.769+0300][27.479s][info ][gc] GC(219) Concurrent Cycle 569.979ms
[2020-01-31T22:05:43.841+0300][27.551s][info ][gc] GC(223) Pause Young (Concurrent Start) (G1 Humongous Allocation) 617M->617M(1026M) 49.710ms
[2020-01-31T22:05:43.842+0300][27.551s][info ][gc] GC(224) Concurrent Cycle
[2020-01-31T22:05:43.873+0300][27.583s][debug][gc] GC(224) Reclaimed 519 empty regions
[2020-01-31T22:05:43.873+0300][27.583s][info ][gc] GC(224) Pause Remark 710M->191M(1026M) 0.612ms
[2020-01-31T22:05:43.962+0300][27.672s][info ][gc] GC(225) Pause Young (Normal) (G1 Evacuation Pause) 213M->197M(1026M) 67.985ms
[2020-01-31T22:05:43.988+0300][27.698s][info ][gc] GC(224) Pause Cleanup 247M->247M(1026M) 0.120ms
[2020-01-31T22:05:43.989+0300][27.699s][info ][gc] GC(224) Concurrent Cycle 147.549ms
[2020-01-31T22:05:44.258+0300][27.967s][info ][gc] GC(226) Pause Young (Normal) (G1 Evacuation Pause) 463M->464M(1026M) 146.945ms
[2020-01-31T22:05:44.431+0300][28.141s][info ][gc] GC(227) Pause Young (Concurrent Start) (G1 Humongous Allocation) 622M->622M(1026M) 97.382ms
[2020-01-31T22:05:44.431+0300][28.141s][info ][gc] GC(228) Concurrent Cycle
[2020-01-31T22:05:44.589+0300][28.298s][info ][gc] GC(229) Pause Young (Normal) (G1 Evacuation Pause) 735M->737M(1026M) 69.401ms
[2020-01-31T22:05:44.594+0300][28.304s][debug][gc] GC(228) Reclaimed 407 empty regions
[2020-01-31T22:05:44.594+0300][28.304s][info ][gc] GC(228) Pause Remark 748M->341M(1026M) 0.494ms
[2020-01-31T22:05:44.670+0300][28.379s][info ][gc] GC(230) Pause Young (Normal) (G1 Evacuation Pause) 408M->409M(1026M) 42.695ms
[2020-01-31T22:05:44.874+0300][28.584s][info ][gc] GC(231) Pause Young (Normal) (G1 Evacuation Pause) 589M->590M(1026M) 121.372ms
[2020-01-31T22:05:44.982+0300][28.692s][info ][gc] GC(228) Pause Cleanup 706M->706M(1026M) 0.150ms
[2020-01-31T22:05:44.983+0300][28.693s][info ][gc] GC(228) Concurrent Cycle 551.555ms
[2020-01-31T22:05:45.069+0300][28.779s][info ][gc] GC(232) Pause Young (Normal) (G1 Evacuation Pause) 714M->714M(1026M) 79.572ms
[2020-01-31T22:05:45.133+0300][28.842s][info ][gc] GC(233) Pause Young (Concurrent Start) (G1 Humongous Allocation) 759M->759M(1026M) 33.952ms
[2020-01-31T22:05:45.133+0300][28.842s][info ][gc] GC(234) Concurrent Cycle
[2020-01-31T22:05:45.200+0300][28.909s][info ][gc] GC(235) Pause Young (Normal) (G1 Evacuation Pause) 830M->831M(1026M) 35.566ms
[2020-01-31T22:05:45.206+0300][28.915s][debug][gc] GC(234) Reclaimed 651 empty regions
[2020-01-31T22:05:45.206+0300][28.915s][info ][gc] GC(234) Pause Remark 843M->192M(1026M) 0.525ms
[2020-01-31T22:05:45.248+0300][28.957s][info ][gc] GC(236) Pause Young (Normal) (G1 Evacuation Pause) 223M->224M(1026M) 29.727ms
[2020-01-31T22:05:45.335+0300][29.045s][info ][gc] GC(234) Pause Cleanup 402M->402M(1026M) 0.145ms
[2020-01-31T22:05:45.337+0300][29.046s][info ][gc] GC(234) Concurrent Cycle 204.072ms
[2020-01-31T22:05:45.513+0300][29.222s][info ][gc] GC(237) Pause Young (Normal) (G1 Evacuation Pause) 482M->480M(1026M) 129.653ms
[2020-01-31T22:05:45.579+0300][29.288s][info ][gc] GC(238) Pause Young (Concurrent Start) (G1 Humongous Allocation) 516M->516M(1026M) 38.400ms
[2020-01-31T22:05:45.579+0300][29.288s][info ][gc] GC(239) Concurrent Cycle
[2020-01-31T22:05:45.619+0300][29.329s][debug][gc] GC(239) Reclaimed 392 empty regions
[2020-01-31T22:05:45.620+0300][29.329s][info ][gc] GC(239) Pause Remark 612M->220M(1026M) 0.564ms
[2020-01-31T22:05:45.778+0300][29.487s][info ][gc] GC(240) Pause Young (Normal) (G1 Evacuation Pause) 291M->271M(1026M) 109.805ms
[2020-01-31T22:05:45.867+0300][29.576s][info ][gc] GC(239) Pause Cleanup 271M->271M(1026M) 0.126ms
[2020-01-31T22:05:45.879+0300][29.588s][info ][gc] GC(239) Concurrent Cycle 300.197ms
[2020-01-31T22:05:46.215+0300][29.924s][info ][gc] GC(241) Pause Young (Prepare Mixed) (G1 Evacuation Pause) 494M->495M(1026M) 171.599ms
[2020-01-31T22:05:46.338+0300][30.047s][info ][gc] GC(242) Pause Young (Mixed) (G1 Evacuation Pause) 538M->482M(1026M) 55.792ms
[2020-01-31T22:05:46.491+0300][30.200s][info ][gc] GC(243) Pause Young (Concurrent Start) (G1 Humongous Allocation) 589M->589M(1026M) 82.081ms
[2020-01-31T22:05:46.491+0300][30.200s][info ][gc] GC(244) Concurrent Cycle
[2020-01-31T22:05:46.560+0300][30.270s][debug][gc] GC(244) Reclaimed 452 empty regions
[2020-01-31T22:05:46.560+0300][30.270s][info ][gc] GC(244) Pause Remark 709M->257M(1026M) 0.595ms
[2020-01-31T22:05:46.630+0300][30.339s][info ][gc] GC(245) Pause Young (Normal) (G1 Evacuation Pause) 261M->244M(1026M) 67.924ms
[2020-01-31T22:05:46.725+0300][30.435s][info ][gc] GC(244) Pause Cleanup 358M->358M(1026M) 0.141ms
[2020-01-31T22:05:46.727+0300][30.437s][info ][gc] GC(244) Concurrent Cycle 236.096ms
[2020-01-31T22:05:47.057+0300][30.767s][info ][gc] GC(246) Pause Young (Normal) (G1 Evacuation Pause) 496M->496M(1026M) 186.706ms
[2020-01-31T22:05:47.111+0300][30.821s][info ][gc] GC(247) Pause Young (Concurrent Start) (G1 Humongous Allocation) 525M->525M(1026M) 32.802ms
[2020-01-31T22:05:47.111+0300][30.821s][info ][gc] GC(248) Concurrent Cycle
[2020-01-31T22:05:47.147+0300][30.857s][debug][gc] GC(248) Reclaimed 442 empty regions
[2020-01-31T22:05:47.147+0300][30.857s][info ][gc] GC(248) Pause Remark 632M->190M(1026M) 0.509ms
[2020-01-31T22:05:47.245+0300][30.955s][info ][gc] GC(249) Pause Young (Normal) (G1 Evacuation Pause) 247M->227M(1026M) 72.015ms
[2020-01-31T22:05:47.265+0300][30.974s][info ][gc] GC(248) Pause Cleanup 264M->264M(1026M) 0.124ms
[2020-01-31T22:05:47.266+0300][30.975s][info ][gc] GC(248) Concurrent Cycle 154.556ms
[2020-01-31T22:05:47.490+0300][31.199s][info ][gc] GC(250) Pause Young (Normal) (G1 Evacuation Pause) 464M->465M(1026M) 136.819ms
[2020-01-31T22:05:47.673+0300][31.382s][info ][gc] GC(251) Pause Young (Concurrent Start) (G1 Humongous Allocation) 603M->603M(1026M) 112.262ms
[2020-01-31T22:05:47.673+0300][31.382s][info ][gc] GC(252) Concurrent Cycle
[2020-01-31T22:05:47.826+0300][31.536s][info ][gc] GC(253) Pause Young (Normal) (G1 Evacuation Pause) 722M->723M(1026M) 71.270ms
[2020-01-31T22:05:47.832+0300][31.542s][debug][gc] GC(252) Reclaimed 428 empty regions
[2020-01-31T22:05:47.832+0300][31.542s][info ][gc] GC(252) Pause Remark 737M->309M(1026M) 0.506ms
[2020-01-31T22:05:47.909+0300][31.619s][info ][gc] GC(254) Pause Young (Normal) (G1 Evacuation Pause) 377M->378M(1026M) 45.085ms
[2020-01-31T22:05:48.108+0300][31.817s][info ][gc] GC(255) Pause Young (Normal) (G1 Evacuation Pause) 568M->569M(1026M) 108.380ms
[2020-01-31T22:05:48.203+0300][31.912s][info ][gc] GC(252) Pause Cleanup 667M->667M(1026M) 0.190ms
[2020-01-31T22:05:48.204+0300][31.913s][info ][gc] GC(252) Concurrent Cycle 530.787ms
[2020-01-31T22:05:48.308+0300][32.017s][info ][gc] GC(256) Pause Young (Normal) (G1 Evacuation Pause) 699M->700M(1026M) 89.762ms
[2020-01-31T22:05:48.344+0300][32.054s][info ][gc] GC(257) Pause Young (Concurrent Start) (G1 Humongous Allocation) 718M->718M(1026M) 19.291ms
[2020-01-31T22:05:48.344+0300][32.054s][info ][gc] GC(258) Concurrent Cycle
[2020-01-31T22:05:48.369+0300][32.079s][debug][gc] GC(258) Reclaimed 651 empty regions
[2020-01-31T22:05:48.369+0300][32.079s][info ][gc] GC(258) Pause Remark 796M->145M(1026M) 0.597ms
[2020-01-31T22:05:48.409+0300][32.119s][info ][gc] GC(259) Pause Young (Normal) (G1 Evacuation Pause) 151M->140M(1026M) 37.047ms
[2020-01-31T22:05:48.444+0300][32.154s][info ][gc] GC(258) Pause Cleanup 220M->220M(1026M) 0.118ms
[2020-01-31T22:05:48.445+0300][32.154s][info ][gc] GC(258) Concurrent Cycle 100.603ms
[2020-01-31T22:05:48.685+0300][32.395s][info ][gc] GC(260) Pause Young (Normal) (G1 Evacuation Pause) 424M->425M(1026M) 153.506ms
[2020-01-31T22:05:49.019+0300][32.729s][info ][gc] GC(261) Pause Young (Normal) (G1 Evacuation Pause) 620M->621M(1026M) 103.445ms
[2020-01-31T22:05:49.120+0300][32.830s][info ][gc] GC(262) Pause Young (Concurrent Start) (G1 Evacuation Pause) 715M->716M(1026M) 64.113ms
[2020-01-31T22:05:49.120+0300][32.830s][info ][gc] GC(263) Concurrent Cycle
[2020-01-31T22:05:49.227+0300][32.937s][info ][gc] GC(264) Pause Young (Normal) (G1 Evacuation Pause) 800M->801M(1026M) 45.949ms
[2020-01-31T22:05:49.281+0300][32.991s][info ][gc] GC(265) Pause Young (Normal) (G1 Evacuation Pause) 842M->842M(1026M) 30.656ms
[2020-01-31T22:05:49.293+0300][33.002s][debug][gc] GC(263) Reclaimed 538 empty regions
[2020-01-31T22:05:49.293+0300][33.002s][info ][gc] GC(263) Pause Remark 868M->330M(1026M) 0.523ms
[2020-01-31T22:05:49.344+0300][33.054s][info ][gc] GC(266) Pause Young (Normal) (G1 Evacuation Pause) 368M->369M(1026M) 33.002ms
[2020-01-31T22:05:49.531+0300][33.241s][info ][gc] GC(267) Pause Young (Normal) (G1 Evacuation Pause) 561M->562M(1026M) 105.647ms
[2020-01-31T22:05:49.664+0300][33.374s][info ][gc] GC(263) Pause Cleanup 588M->588M(1026M) 0.172ms
[2020-01-31T22:05:49.665+0300][33.375s][info ][gc] GC(263) Concurrent Cycle 545.773ms
[2020-01-31T22:05:49.736+0300][33.445s][info ][gc] GC(268) Pause Young (Concurrent Start) (G1 Humongous Allocation) 602M->603M(1026M) 53.920ms
[2020-01-31T22:05:49.736+0300][33.445s][info ][gc] GC(269) Concurrent Cycle
[2020-01-31T22:05:49.775+0300][33.484s][debug][gc] GC(269) Reclaimed 506 empty regions
[2020-01-31T22:05:49.775+0300][33.484s][info ][gc] GC(269) Pause Remark 715M->209M(1026M) 0.526ms
[2020-01-31T22:05:49.834+0300][33.544s][info ][gc] GC(270) Pause Young (Normal) (G1 Evacuation Pause) 217M->201M(1026M) 56.215ms
[2020-01-31T22:05:49.885+0300][33.594s][info ][gc] GC(269) Pause Cleanup 316M->316M(1026M) 0.120ms
[2020-01-31T22:05:49.885+0300][33.595s][info ][gc] GC(269) Concurrent Cycle 149.364ms
[2020-01-31T22:05:50.089+0300][33.798s][info ][gc] GC(271) Pause Young (Normal) (G1 Evacuation Pause) 466M->466M(1026M) 140.537ms
[2020-01-31T22:05:50.255+0300][33.964s][info ][gc] GC(272) Pause Young (Concurrent Start) (G1 Humongous Allocation) 620M->621M(1026M) 90.901ms
[2020-01-31T22:05:50.255+0300][33.964s][info ][gc] GC(273) Concurrent Cycle
[2020-01-31T22:05:50.402+0300][34.112s][info ][gc] GC(274) Pause Young (Normal) (G1 Evacuation Pause) 735M->736M(1026M) 62.938ms
[2020-01-31T22:05:50.409+0300][34.119s][debug][gc] GC(273) Reclaimed 420 empty regions
[2020-01-31T22:05:50.409+0300][34.119s][info ][gc] GC(273) Pause Remark 749M->329M(1026M) 0.514ms
[2020-01-31T22:05:50.481+0300][34.190s][info ][gc] GC(275) Pause Young (Normal) (G1 Evacuation Pause) 394M->395M(1026M) 42.435ms
[2020-01-31T22:05:50.663+0300][34.372s][info ][gc] GC(276) Pause Young (Normal) (G1 Evacuation Pause) 579M->580M(1026M) 106.162ms
[2020-01-31T22:05:50.776+0300][34.486s][info ][gc] GC(273) Pause Cleanup 653M->653M(1026M) 0.146ms
[2020-01-31T22:05:50.777+0300][34.487s][info ][gc] GC(273) Concurrent Cycle 522.412ms
[2020-01-31T22:05:50.877+0300][34.586s][info ][gc] GC(277) Pause Young (Normal) (G1 Evacuation Pause) 707M->708M(1026M) 78.029ms
[2020-01-31T22:05:50.931+0300][34.640s][info ][gc] GC(278) Pause Young (Concurrent Start) (G1 Humongous Allocation) 744M->745M(1026M) 29.306ms
[2020-01-31T22:05:50.931+0300][34.640s][info ][gc] GC(279) Concurrent Cycle
[2020-01-31T22:05:50.996+0300][34.706s][info ][gc] GC(280) Pause Young (Normal) (G1 Evacuation Pause) 820M->821M(1026M) 37.875ms
[2020-01-31T22:05:51.002+0300][34.712s][debug][gc] GC(279) Reclaimed 653 empty regions
[2020-01-31T22:05:51.002+0300][34.712s][info ][gc] GC(279) Pause Remark 836M->183M(1026M) 0.550ms
[2020-01-31T22:05:51.043+0300][34.753s][info ][gc] GC(281) Pause Young (Normal) (G1 Evacuation Pause) 210M->210M(1026M) 29.639ms
[2020-01-31T22:05:51.128+0300][34.838s][info ][gc] GC(279) Pause Cleanup 403M->403M(1026M) 0.124ms
[2020-01-31T22:05:51.129+0300][34.838s][info ][gc] GC(279) Concurrent Cycle 198.338ms
[2020-01-31T22:05:51.284+0300][34.994s][info ][gc] GC(282) Pause Young (Normal) (G1 Evacuation Pause) 472M->473M(1026M) 128.171ms
[2020-01-31T22:05:51.335+0300][35.045s][info ][gc] GC(283) Pause Young (Concurrent Start) (G1 Humongous Allocation) 498M->499M(1026M) 30.576ms
[2020-01-31T22:05:51.335+0300][35.045s][info ][gc] GC(284) Concurrent Cycle
[2020-01-31T22:05:51.369+0300][35.079s][debug][gc] GC(284) Reclaimed 403 empty regions
[2020-01-31T22:05:51.369+0300][35.079s][info ][gc] GC(284) Pause Remark 601M->198M(1026M) 0.500ms
[2020-01-31T22:05:51.479+0300][35.188s][info ][gc] GC(285) Pause Young (Normal) (G1 Evacuation Pause) 268M->247M(1026M) 78.333ms
[2020-01-31T22:05:51.491+0300][35.200s][info ][gc] GC(284) Pause Cleanup 272M->272M(1026M) 0.135ms
[2020-01-31T22:05:51.492+0300][35.201s][info ][gc] GC(284) Concurrent Cycle 155.665ms
[2020-01-31T22:05:51.718+0300][35.427s][info ][gc] GC(286) Pause Young (Normal) (G1 Evacuation Pause) 478M->479M(1026M) 131.920ms
[2020-01-31T22:05:51.794+0300][35.504s][info ][gc] GC(287) Pause Young (Concurrent Start) (G1 Humongous Allocation) 480M->481M(1026M) 35.544ms
[2020-01-31T22:05:51.794+0300][35.504s][info ][gc] GC(288) Concurrent Cycle
[2020-01-31T22:05:51.816+0300][35.526s][debug][gc] GC(288) Reclaimed 408 empty regions
[2020-01-31T22:05:51.816+0300][35.526s][info ][gc] GC(288) Pause Remark 547M->139M(1026M) 0.830ms
[2020-01-31T22:05:51.861+0300][35.570s][info ][gc] GC(288) Pause Cleanup 236M->236M(1026M) 0.108ms
[2020-01-31T22:05:51.861+0300][35.571s][info ][gc] GC(288) Concurrent Cycle 67.495ms
[2020-01-31T22:05:51.989+0300][35.698s][info ][gc] GC(289) Pause Young (Normal) (G1 Evacuation Pause) 250M->249M(1026M) 122.221ms
[2020-01-31T22:05:52.286+0300][35.996s][info ][gc] GC(290) Pause Young (Normal) (G1 Evacuation Pause) 505M->506M(1026M) 166.836ms
[2020-01-31T22:05:52.417+0300][36.126s][info ][gc] GC(291) Pause Young (Concurrent Start) (G1 Humongous Allocation) 612M->612M(1026M) 74.834ms
[2020-01-31T22:05:52.417+0300][36.126s][info ][gc] GC(292) Concurrent Cycle
[2020-01-31T22:05:52.550+0300][36.260s][info ][gc] GC(293) Pause Young (Normal) (G1 Evacuation Pause) 728M->729M(1026M) 63.056ms
[2020-01-31T22:05:52.557+0300][36.266s][debug][gc] GC(292) Reclaimed 432 empty regions
[2020-01-31T22:05:52.557+0300][36.267s][info ][gc] GC(292) Pause Remark 742M->310M(1026M) 0.550ms
[2020-01-31T22:05:52.632+0300][36.341s][info ][gc] GC(294) Pause Young (Normal) (G1 Evacuation Pause) 377M->377M(1026M) 44.735ms
[2020-01-31T22:05:52.917+0300][36.627s][info ][gc] GC(295) Pause Young (Normal) (G1 Evacuation Pause) 567M->568M(1026M) 132.649ms
[2020-01-31T22:05:52.968+0300][36.678s][info ][gc] GC(292) Pause Cleanup 568M->568M(1026M) 0.179ms
[2020-01-31T22:05:52.969+0300][36.678s][info ][gc] GC(292) Concurrent Cycle 552.691ms
[2020-01-31T22:05:53.066+0300][36.776s][info ][gc] GC(296) Pause Young (Concurrent Start) (G1 Humongous Allocation) 586M->587M(1026M) 64.398ms
[2020-01-31T22:05:53.066+0300][36.776s][info ][gc] GC(297) Concurrent Cycle
[2020-01-31T22:05:53.095+0300][36.804s][debug][gc] GC(297) Reclaimed 499 empty regions
[2020-01-31T22:05:53.095+0300][36.804s][info ][gc] GC(297) Pause Remark 659M->160M(1026M) 0.659ms
[2020-01-31T22:05:53.205+0300][36.914s][info ][gc] GC(298) Pause Young (Normal) (G1 Evacuation Pause) 213M->197M(1026M) 78.912ms
[2020-01-31T22:05:53.213+0300][36.922s][info ][gc] GC(297) Pause Cleanup 207M->207M(1026M) 0.118ms
[2020-01-31T22:05:53.214+0300][36.923s][info ][gc] GC(297) Concurrent Cycle 147.033ms
[2020-01-31T22:05:53.453+0300][37.163s][info ][gc] GC(299) Pause Young (Normal) (G1 Evacuation Pause) 464M->464M(1026M) 134.898ms
[2020-01-31T22:05:53.609+0300][37.319s][info ][gc] GC(300) Pause Young (Concurrent Start) (G1 Humongous Allocation) 611M->612M(1026M) 84.957ms
[2020-01-31T22:05:53.609+0300][37.319s][info ][gc] GC(301) Concurrent Cycle
[2020-01-31T22:05:53.761+0300][37.471s][info ][gc] GC(302) Pause Young (Normal) (G1 Evacuation Pause) 729M->730M(1026M) 63.727ms
[2020-01-31T22:05:53.767+0300][37.477s][debug][gc] GC(301) Reclaimed 406 empty regions
[2020-01-31T22:05:53.767+0300][37.477s][info ][gc] GC(301) Pause Remark 743M->337M(1026M) 0.538ms
[2020-01-31T22:05:53.842+0300][37.551s][info ][gc] GC(303) Pause Young (Normal) (G1 Evacuation Pause) 404M->405M(1026M) 43.748ms
[2020-01-31T22:05:54.022+0300][37.732s][info ][gc] GC(304) Pause Young (Normal) (G1 Evacuation Pause) 586M->587M(1026M) 103.460ms
[2020-01-31T22:05:54.195+0300][37.905s][info ][gc] GC(305) Pause Young (Normal) (G1 Evacuation Pause) 712M->712M(1026M) 88.621ms
[2020-01-31T22:05:54.219+0300][37.929s][info ][gc] GC(301) Pause Cleanup 717M->717M(1026M) 0.166ms
[2020-01-31T22:05:54.220+0300][37.930s][info ][gc] GC(301) Concurrent Cycle 610.947ms
[2020-01-31T22:05:54.290+0300][38.000s][info ][gc] GC(306) Pause Young (Concurrent Start) (G1 Humongous Allocation) 748M->749M(1026M) 47.697ms
[2020-01-31T22:05:54.290+0300][38.000s][info ][gc] GC(307) Concurrent Cycle
[2020-01-31T22:05:54.354+0300][38.063s][info ][gc] GC(308) Pause Young (Normal) (G1 Evacuation Pause) 823M->825M(1026M) 36.457ms
[2020-01-31T22:05:54.361+0300][38.070s][debug][gc] GC(307) Reclaimed 649 empty regions
[2020-01-31T22:05:54.361+0300][38.070s][info ][gc] GC(307) Pause Remark 840M->191M(1026M) 0.570ms
[2020-01-31T22:05:54.401+0300][38.110s][info ][gc] GC(309) Pause Young (Normal) (G1 Evacuation Pause) 218M->219M(1026M) 29.422ms
[2020-01-31T22:05:54.485+0300][38.194s][info ][gc] GC(307) Pause Cleanup 372M->372M(1026M) 0.133ms
[2020-01-31T22:05:54.485+0300][38.194s][info ][gc] GC(307) Concurrent Cycle 194.368ms
[2020-01-31T22:05:54.646+0300][38.355s][info ][gc] GC(310) Pause Young (Normal) (G1 Evacuation Pause) 479M->479M(1026M) 125.523ms
[2020-01-31T22:05:54.735+0300][38.445s][info ][gc] GC(311) Pause Young (Concurrent Start) (G1 Humongous Allocation) 508M->508M(1026M) 57.547ms
[2020-01-31T22:05:54.735+0300][38.445s][info ][gc] GC(312) Concurrent Cycle
[2020-01-31T22:05:54.771+0300][38.481s][debug][gc] GC(312) Reclaimed 403 empty regions
[2020-01-31T22:05:54.771+0300][38.481s][info ][gc] GC(312) Pause Remark 612M->209M(1026M) 0.536ms
[2020-01-31T22:05:54.876+0300][38.585s][info ][gc] GC(313) Pause Young (Normal) (G1 Evacuation Pause) 274M->254M(1026M) 74.623ms
[2020-01-31T22:05:54.892+0300][38.601s][info ][gc] GC(312) Pause Cleanup 286M->286M(1026M) 0.130ms
[2020-01-31T22:05:54.892+0300][38.602s][info ][gc] GC(312) Concurrent Cycle 156.500ms
[2020-01-31T22:05:55.107+0300][38.817s][info ][gc] GC(314) Pause Young (Normal) (G1 Evacuation Pause) 482M->483M(1026M) 126.533ms
[2020-01-31T22:05:55.142+0300][38.851s][info ][gc] GC(315) Pause Young (Concurrent Start) (G1 Humongous Allocation) 490M->492M(1026M) 21.192ms
[2020-01-31T22:05:55.142+0300][38.851s][info ][gc] GC(316) Concurrent Cycle
[2020-01-31T22:05:55.166+0300][38.876s][debug][gc] GC(316) Reclaimed 406 empty regions
[2020-01-31T22:05:55.166+0300][38.876s][info ][gc] GC(316) Pause Remark 571M->165M(1026M) 0.524ms
[2020-01-31T22:05:55.290+0300][39.000s][info ][gc] GC(317) Pause Young (Normal) (G1 Evacuation Pause) 260M->253M(1026M) 83.075ms
[2020-01-31T22:05:55.299+0300][39.009s][info ][gc] GC(316) Pause Cleanup 253M->253M(1026M) 0.136ms
[2020-01-31T22:05:55.300+0300][39.010s][info ][gc] GC(316) Concurrent Cycle 158.631ms
[2020-01-31T22:05:55.520+0300][39.229s][info ][gc] GC(318) Pause Young (Normal) (G1 Evacuation Pause) 482M->482M(1026M) 124.456ms
[2020-01-31T22:05:55.550+0300][39.259s][info ][gc] GC(319) Pause Young (Concurrent Start) (G1 Humongous Allocation) 483M->485M(1026M) 18.007ms
[2020-01-31T22:05:55.550+0300][39.259s][info ][gc] GC(320) Concurrent Cycle
[2020-01-31T22:05:55.572+0300][39.281s][debug][gc] GC(320) Reclaimed 405 empty regions
[2020-01-31T22:05:55.572+0300][39.281s][info ][gc] GC(320) Pause Remark 557M->152M(1026M) 0.538ms
[2020-01-31T22:05:55.616+0300][39.325s][info ][gc] GC(320) Pause Cleanup 254M->254M(1026M) 0.121ms
[2020-01-31T22:05:55.616+0300][39.326s][info ][gc] GC(320) Concurrent Cycle 66.575ms
[2020-01-31T22:05:55.699+0300][39.409s][info ][gc] GC(321) Pause Young (Normal) (G1 Evacuation Pause) 256M->255M(1026M) 83.121ms
[2020-01-31T22:05:55.956+0300][39.665s][info ][gc] GC(322) Pause Young (Normal) (G1 Evacuation Pause) 509M->509M(1026M) 126.719ms
[2020-01-31T22:05:56.082+0300][39.792s][info ][gc] GC(323) Pause Young (Concurrent Start) (G1 Humongous Allocation) 618M->619M(1026M) 74.031ms
[2020-01-31T22:05:56.082+0300][39.792s][info ][gc] GC(324) Concurrent Cycle
[2020-01-31T22:05:56.216+0300][39.925s][info ][gc] GC(325) Pause Young (Normal) (G1 Evacuation Pause) 734M->735M(1026M) 61.802ms
[2020-01-31T22:05:56.222+0300][39.932s][debug][gc] GC(324) Reclaimed 432 empty regions
[2020-01-31T22:05:56.222+0300][39.932s][info ][gc] GC(324) Pause Remark 748M->316M(1026M) 0.641ms
[2020-01-31T22:05:56.295+0300][40.004s][info ][gc] GC(326) Pause Young (Normal) (G1 Evacuation Pause) 381M->381M(1026M) 43.148ms
[2020-01-31T22:05:56.483+0300][40.192s][info ][gc] GC(327) Pause Young (Normal) (G1 Evacuation Pause) 570M->571M(1026M) 109.624ms
[2020-01-31T22:05:56.574+0300][40.283s][info ][gc] GC(324) Pause Cleanup 690M->690M(1026M) 0.152ms
[2020-01-31T22:05:56.575+0300][40.284s][info ][gc] GC(324) Concurrent Cycle 492.246ms
[2020-01-31T22:05:56.661+0300][40.371s][info ][gc] GC(328) Pause Young (Normal) (G1 Evacuation Pause) 700M->701M(1026M) 83.452ms
[2020-01-31T22:05:56.714+0300][40.424s][info ][gc] GC(329) Pause Young (Concurrent Start) (G1 Humongous Allocation) 729M->730M(1026M) 27.578ms
[2020-01-31T22:05:56.714+0300][40.424s][info ][gc] GC(330) Concurrent Cycle
[2020-01-31T22:05:56.779+0300][40.488s][info ][gc] GC(331) Pause Young (Normal) (G1 Evacuation Pause) 810M->811M(1026M) 39.667ms
[2020-01-31T22:05:56.784+0300][40.493s][debug][gc] GC(330) Reclaimed 636 empty regions
[2020-01-31T22:05:56.784+0300][40.493s][info ][gc] GC(330) Pause Remark 822M->186M(1026M) 0.575ms
[2020-01-31T22:05:56.825+0300][40.535s][info ][gc] GC(332) Pause Young (Normal) (G1 Evacuation Pause) 217M->218M(1026M) 28.868ms
[2020-01-31T22:05:56.907+0300][40.616s][info ][gc] GC(330) Pause Cleanup 390M->390M(1026M) 0.124ms
[2020-01-31T22:05:56.907+0300][40.617s][info ][gc] GC(330) Concurrent Cycle 193.124ms
[2020-01-31T22:05:57.066+0300][40.776s][info ][gc] GC(333) Pause Young (Normal) (G1 Evacuation Pause) 478M->479M(1026M) 125.309ms
[2020-01-31T22:05:57.114+0300][40.824s][info ][gc] GC(334) Pause Young (Concurrent Start) (G1 Humongous Allocation) 502M->502M(1026M) 28.798ms
[2020-01-31T22:05:57.114+0300][40.824s][info ][gc] GC(335) Concurrent Cycle
[2020-01-31T22:05:57.147+0300][40.857s][debug][gc] GC(335) Reclaimed 401 empty regions
[2020-01-31T22:05:57.147+0300][40.857s][info ][gc] GC(335) Pause Remark 601M->200M(1026M) 0.532ms
[2020-01-31T22:05:57.259+0300][40.969s][info ][gc] GC(336) Pause Young (Normal) (G1 Evacuation Pause) 272M->252M(1026M) 79.067ms
[2020-01-31T22:05:57.270+0300][40.979s][info ][gc] GC(335) Pause Cleanup 253M->253M(1026M) 0.119ms
[2020-01-31T22:05:57.270+0300][40.980s][info ][gc] GC(335) Concurrent Cycle 155.895ms
[2020-01-31T22:05:57.500+0300][41.209s][info ][gc] GC(337) Pause Young (Normal) (G1 Evacuation Pause) 481M->482M(1026M) 126.002ms
[2020-01-31T22:05:57.531+0300][41.240s][info ][gc] GC(338) Pause Young (Concurrent Start) (G1 Humongous Allocation) 486M->488M(1026M) 18.890ms
[2020-01-31T22:05:57.531+0300][41.240s][info ][gc] GC(339) Concurrent Cycle
[2020-01-31T22:05:57.554+0300][41.263s][debug][gc] GC(339) Reclaimed 404 empty regions
[2020-01-31T22:05:57.554+0300][41.263s][info ][gc] GC(339) Pause Remark 563M->159M(1026M) 0.559ms
[2020-01-31T22:05:57.682+0300][41.392s][info ][gc] GC(340) Pause Young (Normal) (G1 Evacuation Pause) 259M->255M(1026M) 85.019ms
[2020-01-31T22:05:57.715+0300][41.424s][info ][gc] GC(339) Pause Cleanup 256M->256M(1026M) 0.140ms
[2020-01-31T22:05:57.716+0300][41.425s][info ][gc] GC(339) Concurrent Cycle 185.773ms
[2020-01-31T22:05:57.941+0300][41.650s][info ][gc] GC(341) Pause Young (Normal) (G1 Evacuation Pause) 483M->484M(1026M) 126.684ms
[2020-01-31T22:05:57.968+0300][41.678s][info ][gc] GC(342) Pause Young (Concurrent Start) (G1 Humongous Allocation) 486M->488M(1026M) 17.684ms
[2020-01-31T22:05:57.968+0300][41.678s][info ][gc] GC(343) Concurrent Cycle
[2020-01-31T22:05:57.991+0300][41.701s][debug][gc] GC(343) Reclaimed 404 empty regions
[2020-01-31T22:05:57.991+0300][41.701s][info ][gc] GC(343) Pause Remark 559M->155M(1026M) 0.529ms
[2020-01-31T22:05:58.035+0300][41.745s][info ][gc] GC(343) Pause Cleanup 259M->259M(1026M) 0.121ms
[2020-01-31T22:05:58.118+0300][41.827s][info ][gc] GC(344) Pause Young (Normal) (G1 Evacuation Pause) 259M->258M(1026M) 81.728ms
[2020-01-31T22:05:58.118+0300][41.828s][info ][gc] GC(343) Concurrent Cycle 149.215ms
[2020-01-31T22:05:58.356+0300][42.066s][info ][gc] GC(345) Pause Young (Normal) (G1 Evacuation Pause) 512M->512M(1026M) 126.932ms
[2020-01-31T22:05:58.485+0300][42.194s][info ][gc] GC(346) Pause Young (Concurrent Start) (G1 Humongous Allocation) 622M->623M(1026M) 74.894ms
[2020-01-31T22:05:58.485+0300][42.194s][info ][gc] GC(347) Concurrent Cycle
[2020-01-31T22:05:58.617+0300][42.327s][info ][gc] GC(348) Pause Young (Normal) (G1 Evacuation Pause) 736M->737M(1026M) 60.760ms
[2020-01-31T22:05:58.624+0300][42.333s][debug][gc] GC(347) Reclaimed 431 empty regions
[2020-01-31T22:05:58.624+0300][42.334s][info ][gc] GC(347) Pause Remark 749M->318M(1026M) 0.736ms
[2020-01-31T22:05:58.697+0300][42.407s][info ][gc] GC(349) Pause Young (Normal) (G1 Evacuation Pause) 383M->384M(1026M) 43.196ms
[2020-01-31T22:05:58.941+0300][42.650s][info ][gc] GC(350) Pause Young (Normal) (G1 Evacuation Pause) 572M->573M(1026M) 122.560ms
[2020-01-31T22:05:58.993+0300][42.703s][info ][gc] GC(347) Pause Cleanup 587M->587M(1026M) 0.158ms
[2020-01-31T22:05:58.994+0300][42.704s][info ][gc] GC(347) Concurrent Cycle 509.813ms
[2020-01-31T22:05:59.055+0300][42.764s][info ][gc] GC(351) Pause Young (Concurrent Start) (G1 Humongous Allocation) 600M->601M(1026M) 43.587ms
[2020-01-31T22:05:59.055+0300][42.765s][info ][gc] GC(352) Concurrent Cycle
[2020-01-31T22:05:59.088+0300][42.797s][debug][gc] GC(352) Reclaimed 496 empty regions
[2020-01-31T22:05:59.088+0300][42.797s][info ][gc] GC(352) Pause Remark 698M->202M(1026M) 0.546ms
[2020-01-31T22:05:59.153+0300][42.862s][info ][gc] GC(353) Pause Young (Normal) (G1 Evacuation Pause) 225M->209M(1026M) 56.316ms
[2020-01-31T22:05:59.186+0300][42.896s][info ][gc] GC(352) Pause Cleanup 282M->282M(1026M) 0.111ms
[2020-01-31T22:05:59.187+0300][42.897s][info ][gc] GC(352) Concurrent Cycle 132.254ms
[2020-01-31T22:05:59.403+0300][43.112s][info ][gc] GC(354) Pause Young (Prepare Mixed) (G1 Evacuation Pause) 472M->472M(1026M) 137.760ms
[2020-01-31T22:05:59.526+0300][43.235s][info ][gc] GC(355) Pause Young (Mixed) (G1 Evacuation Pause) 513M->463M(1026M) 55.052ms
[2020-01-31T22:05:59.661+0300][43.371s][info ][gc] GC(356) Pause Young (Concurrent Start) (G1 Humongous Allocation) 578M->578M(1026M) 72.522ms
[2020-01-31T22:05:59.661+0300][43.371s][info ][gc] GC(357) Concurrent Cycle
[2020-01-31T22:05:59.795+0300][43.504s][info ][gc] GC(358) Pause Young (Normal) (G1 Evacuation Pause) 705M->706M(1026M) 67.811ms
[2020-01-31T22:05:59.801+0300][43.510s][debug][gc] GC(357) Reclaimed 447 empty regions
[2020-01-31T22:05:59.801+0300][43.510s][info ][gc] GC(357) Pause Remark 714M->267M(1026M) 0.535ms
[2020-01-31T22:05:59.880+0300][43.590s][info ][gc] GC(359) Pause Young (Normal) (G1 Evacuation Pause) 346M->346M(1026M) 47.816ms
[2020-01-31T22:06:00.093+0300][43.802s][info ][gc] GC(360) Pause Young (Normal) (G1 Evacuation Pause) 566M->567M(1026M) 114.504ms
[2020-01-31T22:06:00.157+0300][43.866s][info ][gc] GC(357) Pause Cleanup 586M->586M(1026M) 0.128ms
[2020-01-31T22:06:00.158+0300][43.867s][info ][gc] GC(357) Concurrent Cycle 496.017ms
[2020-01-31T22:06:00.287+0300][43.997s][info ][gc] GC(361) Pause Young (Concurrent Start) (G1 Humongous Allocation) 672M->673M(1026M) 77.845ms
[2020-01-31T22:06:00.287+0300][43.997s][info ][gc] GC(362) Concurrent Cycle
[2020-01-31T22:06:00.407+0300][44.117s][info ][gc] GC(363) Pause Young (Normal) (G1 Evacuation Pause) 771M->771M(1026M) 52.541ms
[2020-01-31T22:06:00.414+0300][44.123s][debug][gc] GC(362) Reclaimed 531 empty regions
[2020-01-31T22:06:00.414+0300][44.123s][info ][gc] GC(362) Pause Remark 784M->253M(1026M) 0.584ms
[2020-01-31T22:06:00.474+0300][44.184s][info ][gc] GC(364) Pause Young (Normal) (G1 Evacuation Pause) 307M->308M(1026M) 35.806ms
[2020-01-31T22:06:00.682+0300][44.392s][info ][gc] GC(365) Pause Young (Normal) (G1 Evacuation Pause) 520M->520M(1026M) 115.468ms
[2020-01-31T22:06:00.779+0300][44.489s][info ][gc] GC(362) Pause Cleanup 520M->520M(1026M) 0.150ms
[2020-01-31T22:06:00.780+0300][44.490s][info ][gc] GC(362) Concurrent Cycle 493.122ms
[2020-01-31T22:06:00.857+0300][44.566s][info ][gc] GC(366) Pause Young (Concurrent Start) (G1 Humongous Allocation) 547M->548M(1026M) 54.185ms
[2020-01-31T22:06:00.857+0300][44.566s][info ][gc] GC(367) Concurrent Cycle
[2020-01-31T22:06:00.892+0300][44.601s][debug][gc] GC(367) Reclaimed 483 empty regions
[2020-01-31T22:06:00.892+0300][44.601s][info ][gc] GC(367) Pause Remark 643M->160M(1026M) 0.565ms
[2020-01-31T22:06:00.988+0300][44.697s][info ][gc] GC(368) Pause Young (Normal) (G1 Evacuation Pause) 222M->204M(1026M) 68.423ms
[2020-01-31T22:06:01.002+0300][44.712s][info ][gc] GC(367) Pause Cleanup 229M->229M(1026M) 0.107ms
[2020-01-31T22:06:01.003+0300][44.713s][info ][gc] GC(367) Concurrent Cycle 146.379ms
[2020-01-31T22:06:01.227+0300][44.937s][info ][gc] GC(369) Pause Young (Normal) (G1 Evacuation Pause) 448M->449M(1026M) 134.652ms
[2020-01-31T22:06:01.404+0300][45.114s][info ][gc] GC(370) Pause Young (Normal) (G1 Evacuation Pause) 637M->637M(1026M) 97.548ms
[2020-01-31T22:06:01.512+0300][45.221s][info ][gc] GC(371) Pause Young (Concurrent Start) (G1 Humongous Allocation) 722M->722M(1026M) 63.853ms
[2020-01-31T22:06:01.512+0300][45.221s][info ][gc] GC(372) Concurrent Cycle
[2020-01-31T22:06:01.614+0300][45.323s][info ][gc] GC(373) Pause Young (Normal) (G1 Evacuation Pause) 804M->805M(1026M) 45.600ms
[2020-01-31T22:06:01.620+0300][45.330s][debug][gc] GC(372) Reclaimed 599 empty regions
[2020-01-31T22:06:01.620+0300][45.330s][info ][gc] GC(372) Pause Remark 820M->221M(1026M) 0.555ms
[2020-01-31T22:06:01.661+0300][45.370s][info ][gc] GC(374) Pause Young (Normal) (G1 Evacuation Pause) 247M->248M(1026M) 29.394ms
[2020-01-31T22:06:01.807+0300][45.516s][info ][gc] GC(372) Pause Cleanup 443M->443M(1026M) 0.115ms
[2020-01-31T22:06:01.808+0300][45.517s][info ][gc] GC(372) Concurrent Cycle 296.052ms
[2020-01-31T22:06:01.959+0300][45.669s][info ][gc] GC(375) Pause Young (Normal) (G1 Evacuation Pause) 498M->498M(1026M) 130.067ms
[2020-01-31T22:06:02.017+0300][45.726s][info ][gc] GC(376) Pause Young (Concurrent Start) (G1 Humongous Allocation) 530M->530M(1026M) 34.054ms
[2020-01-31T22:06:02.017+0300][45.726s][info ][gc] GC(377) Concurrent Cycle
[2020-01-31T22:06:02.054+0300][45.763s][debug][gc] GC(377) Reclaimed 453 empty regions
[2020-01-31T22:06:02.054+0300][45.763s][info ][gc] GC(377) Pause Remark 639M->186M(1026M) 0.596ms
[2020-01-31T22:06:02.149+0300][45.858s][info ][gc] GC(378) Pause Young (Normal) (G1 Evacuation Pause) 239M->220M(1026M) 70.804ms
[2020-01-31T22:06:02.172+0300][45.881s][info ][gc] GC(377) Pause Cleanup 274M->274M(1026M) 0.112ms
[2020-01-31T22:06:02.173+0300][45.882s][info ][gc] GC(377) Concurrent Cycle 156.249ms
[2020-01-31T22:06:02.379+0300][46.089s][info ][gc] GC(379) Pause Young (Normal) (G1 Evacuation Pause) 459M->460M(1026M) 129.482ms
[2020-01-31T22:06:02.528+0300][46.237s][info ][gc] GC(380) Pause Young (Concurrent Start) (G1 Humongous Allocation) 598M->598M(1026M) 79.777ms
[2020-01-31T22:06:02.528+0300][46.237s][info ][gc] GC(381) Concurrent Cycle
[2020-01-31T22:06:02.673+0300][46.382s][info ][gc] GC(382) Pause Young (Normal) (G1 Evacuation Pause) 719M->721M(1026M) 67.744ms
[2020-01-31T22:06:02.680+0300][46.389s][debug][gc] GC(381) Reclaimed 431 empty regions
[2020-01-31T22:06:02.680+0300][46.389s][info ][gc] GC(381) Pause Remark 725M->294M(1026M) 0.882ms
[2020-01-31T22:06:02.761+0300][46.471s][info ][gc] GC(383) Pause Young (Normal) (G1 Evacuation Pause) 373M->374M(1026M) 46.489ms
[2020-01-31T22:06:03.031+0300][46.740s][info ][gc] GC(384) Pause Young (Normal) (G1 Evacuation Pause) 565M->565M(1026M) 116.881ms
[2020-01-31T22:06:03.061+0300][46.771s][info ][gc] GC(381) Pause Cleanup 566M->566M(1026M) 0.133ms
[2020-01-31T22:06:03.061+0300][46.771s][info ][gc] GC(381) Concurrent Cycle 534.248ms
[2020-01-31T22:06:03.117+0300][46.827s][info ][gc] GC(385) Pause Young (Concurrent Start) (G1 Humongous Allocation) 575M->576M(1026M) 39.796ms
[2020-01-31T22:06:03.117+0300][46.827s][info ][gc] GC(386) Concurrent Cycle
[2020-01-31T22:06:03.140+0300][46.850s][debug][gc] GC(386) Reclaimed 522 empty regions
[2020-01-31T22:06:03.140+0300][46.850s][info ][gc] GC(386) Pause Remark 649M->127M(1026M) 0.556ms
[2020-01-31T22:06:03.224+0300][46.933s][info ][gc] GC(387) Pause Young (Normal) (G1 Evacuation Pause) 182M->174M(1026M) 61.871ms
[2020-01-31T22:06:03.237+0300][46.947s][info ][gc] GC(386) Pause Cleanup 181M->181M(1026M) 0.097ms
[2020-01-31T22:06:03.238+0300][46.947s][info ][gc] GC(386) Concurrent Cycle 120.532ms
[2020-01-31T22:06:03.473+0300][47.183s][info ][gc] GC(388) Pause Young (Normal) (G1 Evacuation Pause) 448M->448M(1026M) 134.197ms
[2020-01-31T22:06:03.652+0300][47.361s][info ][gc] GC(389) Pause Young (Normal) (G1 Evacuation Pause) 636M->637M(1026M) 98.205ms
[2020-01-31T22:06:03.755+0300][47.464s][info ][gc] GC(390) Pause Young (Concurrent Start) (G1 Humongous Allocation) 720M->721M(1026M) 58.163ms
[2020-01-31T22:06:03.755+0300][47.464s][info ][gc] GC(391) Concurrent Cycle
[2020-01-31T22:06:03.857+0300][47.567s][info ][gc] GC(392) Pause Young (Normal) (G1 Evacuation Pause) 804M->805M(1026M) 46.320ms
[2020-01-31T22:06:03.863+0300][47.573s][debug][gc] GC(391) Reclaimed 593 empty regions
[2020-01-31T22:06:03.863+0300][47.573s][info ][gc] GC(391) Pause Remark 819M->226M(1026M) 0.603ms
[2020-01-31T22:06:03.904+0300][47.613s][info ][gc] GC(393) Pause Young (Normal) (G1 Evacuation Pause) 253M->254M(1026M) 29.078ms
[2020-01-31T22:06:04.134+0300][47.844s][info ][gc] GC(394) Pause Young (Normal) (G1 Evacuation Pause) 503M->504M(1026M) 122.940ms
[2020-01-31T22:06:04.169+0300][47.878s][info ][gc] GC(391) Pause Cleanup 504M->504M(1026M) 0.145ms
[2020-01-31T22:06:04.169+0300][47.879s][info ][gc] GC(391) Concurrent Cycle 414.963ms
[2020-01-31T22:06:04.246+0300][47.955s][info ][gc] GC(395) Pause Young (Concurrent Start) (G1 Humongous Allocation) 535M->536M(1026M) 51.925ms
[2020-01-31T22:06:04.246+0300][47.955s][info ][gc] GC(396) Concurrent Cycle
[2020-01-31T22:06:04.282+0300][47.992s][debug][gc] GC(396) Reclaimed 455 empty regions
[2020-01-31T22:06:04.282+0300][47.992s][info ][gc] GC(396) Pause Remark 644M->189M(1026M) 0.553ms
[2020-01-31T22:06:04.376+0300][48.085s][info ][gc] GC(397) Pause Young (Normal) (G1 Evacuation Pause) 241M->223M(1026M) 69.423ms
[2020-01-31T22:06:04.398+0300][48.108s][info ][gc] GC(396) Pause Cleanup 276M->276M(1026M) 0.105ms
[2020-01-31T22:06:04.399+0300][48.108s][info ][gc] GC(396) Concurrent Cycle 153.405ms
[2020-01-31T22:06:04.606+0300][48.315s][info ][gc] GC(398) Pause Young (Normal) (G1 Evacuation Pause) 461M->462M(1026M) 128.218ms
[2020-01-31T22:06:04.758+0300][48.468s][info ][gc] GC(399) Pause Young (Concurrent Start) (G1 Humongous Allocation) 603M->603M(1026M) 83.763ms
[2020-01-31T22:06:04.758+0300][48.468s][info ][gc] GC(400) Concurrent Cycle
[2020-01-31T22:06:04.904+0300][48.614s][info ][gc] GC(401) Pause Young (Normal) (G1 Evacuation Pause) 722M->724M(1026M) 65.349ms
[2020-01-31T22:06:04.911+0300][48.620s][debug][gc] GC(400) Reclaimed 430 empty regions
[2020-01-31T22:06:04.911+0300][48.620s][info ][gc] GC(400) Pause Remark 738M->308M(1026M) 0.560ms
[2020-01-31T22:06:04.987+0300][48.697s][info ][gc] GC(402) Pause Young (Normal) (G1 Evacuation Pause) 376M->377M(1026M) 45.639ms
[2020-01-31T22:06:05.174+0300][48.883s][info ][gc] GC(403) Pause Young (Normal) (G1 Evacuation Pause) 567M->567M(1026M) 106.161ms
[2020-01-31T22:06:05.355+0300][49.065s][info ][gc] GC(404) Pause Young (Normal) (G1 Evacuation Pause) 698M->699M(1026M) 89.399ms
[2020-01-31T22:06:05.368+0300][49.078s][info ][gc] GC(400) Pause Cleanup 700M->700M(1026M) 0.166ms
[2020-01-31T22:06:05.369+0300][49.079s][info ][gc] GC(400) Concurrent Cycle 611.234ms
[2020-01-31T22:06:05.429+0300][49.138s][info ][gc] GC(405) Pause Young (Concurrent Start) (G1 Humongous Allocation) 716M->717M(1026M) 41.965ms
[2020-01-31T22:06:05.429+0300][49.138s][info ][gc] GC(406) Concurrent Cycle
[2020-01-31T22:06:05.453+0300][49.163s][debug][gc] GC(406) Reclaimed 659 empty regions
[2020-01-31T22:06:05.453+0300][49.163s][info ][gc] GC(406) Pause Remark 794M->135M(1026M) 0.580ms
[2020-01-31T22:06:05.493+0300][49.203s][info ][gc] GC(407) Pause Young (Normal) (G1 Evacuation Pause) 142M->132M(1026M) 36.888ms
[2020-01-31T22:06:05.527+0300][49.236s][info ][gc] GC(406) Pause Cleanup 206M->206M(1026M) 0.116ms
[2020-01-31T22:06:05.528+0300][49.237s][info ][gc] GC(406) Concurrent Cycle 98.635ms
[2020-01-31T22:06:05.754+0300][49.464s][info ][gc] GC(408) Pause Young (Normal) (G1 Evacuation Pause) 419M->419M(1026M) 140.833ms
[2020-01-31T22:06:05.948+0300][49.657s][info ][gc] GC(409) Pause Young (Normal) (G1 Evacuation Pause) 616M->617M(1026M) 105.010ms
[2020-01-31T22:06:06.060+0300][49.769s][info ][gc] GC(410) Pause Young (Concurrent Start) (G1 Evacuation Pause) 712M->712M(1026M) 73.316ms
[2020-01-31T22:06:06.060+0300][49.769s][info ][gc] GC(411) Concurrent Cycle
[2020-01-31T22:06:06.166+0300][49.875s][info ][gc] GC(412) Pause Young (Normal) (G1 Evacuation Pause) 797M->798M(1026M) 44.556ms
[2020-01-31T22:06:06.211+0300][49.920s][info ][gc] GC(413) Pause Young (Normal) (G1 Evacuation Pause) 839M->840M(1026M) 28.151ms
[2020-01-31T22:06:06.237+0300][49.947s][debug][gc] GC(411) Reclaimed 538 empty regions
[2020-01-31T22:06:06.237+0300][49.947s][info ][gc] GC(411) Pause Remark 898M->360M(1026M) 0.570ms
[2020-01-31T22:06:06.271+0300][49.980s][info ][gc] GC(414) Pause Young (Normal) (G1 Evacuation Pause) 366M->367M(1026M) 30.771ms
[2020-01-31T22:06:06.459+0300][50.169s][info ][gc] GC(415) Pause Young (Normal) (G1 Evacuation Pause) 560M->561M(1026M) 107.083ms
[2020-01-31T22:06:06.642+0300][50.352s][info ][gc] GC(416) Pause Young (Normal) (G1 Evacuation Pause) 693M->694M(1026M) 93.015ms
[2020-01-31T22:06:06.707+0300][50.416s][info ][gc] GC(411) Pause Cleanup 729M->729M(1026M) 0.145ms
[2020-01-31T22:06:06.708+0300][50.417s][info ][gc] GC(411) Concurrent Cycle 648.156ms
[2020-01-31T22:06:06.754+0300][50.463s][info ][gc] GC(417) Pause Young (Concurrent Start) (G1 Humongous Allocation) 729M->729M(1026M) 44.334ms
[2020-01-31T22:06:06.754+0300][50.463s][info ][gc] GC(418) Concurrent Cycle
[2020-01-31T22:06:06.851+0300][50.561s][info ][gc] GC(419) Pause Young (Normal) (G1 Evacuation Pause) 809M->810M(1026M) 66.013ms
[2020-01-31T22:06:06.856+0300][50.566s][debug][gc] GC(418) Reclaimed 654 empty regions
[2020-01-31T22:06:06.856+0300][50.566s][info ][gc] GC(418) Pause Remark 817M->163M(1026M) 0.715ms
[2020-01-31T22:06:06.901+0300][50.610s][info ][gc] GC(420) Pause Young (Normal) (G1 Evacuation Pause) 198M->199M(1026M) 30.730ms
[2020-01-31T22:06:06.985+0300][50.695s][info ][gc] GC(418) Pause Cleanup 388M->388M(1026M) 0.113ms
[2020-01-31T22:06:06.986+0300][50.696s][info ][gc] GC(418) Concurrent Cycle 232.418ms
[2020-01-31T22:06:07.157+0300][50.866s][info ][gc] GC(421) Pause Young (Normal) (G1 Evacuation Pause) 465M->466M(1026M) 139.963ms
[2020-01-31T22:06:07.320+0300][51.029s][info ][gc] GC(422) Pause Young (Concurrent Start) (G1 Humongous Allocation) 617M->617M(1026M) 88.794ms
[2020-01-31T22:06:07.320+0300][51.029s][info ][gc] GC(423) Concurrent Cycle
[2020-01-31T22:06:07.467+0300][51.176s][info ][gc] GC(424) Pause Young (Normal) (G1 Evacuation Pause) 732M->733M(1026M) 63.673ms
[2020-01-31T22:06:07.473+0300][51.183s][debug][gc] GC(423) Reclaimed 432 empty regions
[2020-01-31T22:06:07.473+0300][51.183s][info ][gc] GC(423) Pause Remark 746M->314M(1026M) 0.555ms
[2020-01-31T22:06:07.545+0300][51.255s][info ][gc] GC(425) Pause Young (Normal) (G1 Evacuation Pause) 380M->381M(1026M) 43.236ms
[2020-01-31T22:06:07.735+0300][51.445s][info ][gc] GC(426) Pause Young (Normal) (G1 Evacuation Pause) 570M->571M(1026M) 108.111ms
[2020-01-31T22:06:07.854+0300][51.564s][info ][gc] GC(423) Pause Cleanup 593M->593M(1026M) 0.134ms
[2020-01-31T22:06:07.855+0300][51.565s][info ][gc] GC(423) Concurrent Cycle 536.146ms
[2020-01-31T22:06:07.910+0300][51.620s][info ][gc] GC(427) Pause Young (Concurrent Start) (G1 Humongous Allocation) 593M->593M(1026M) 54.304ms
[2020-01-31T22:06:07.910+0300][51.620s][info ][gc] GC(428) Concurrent Cycle
[2020-01-31T22:06:07.941+0300][51.650s][debug][gc] GC(428) Reclaimed 524 empty regions
[2020-01-31T22:06:07.941+0300][51.650s][info ][gc] GC(428) Pause Remark 678M->154M(1026M) 0.578ms
[2020-01-31T22:06:08.018+0300][51.727s][info ][gc] GC(429) Pause Young (Normal) (G1 Evacuation Pause) 191M->176M(1026M) 60.231ms
[2020-01-31T22:06:08.041+0300][51.750s][info ][gc] GC(428) Pause Cleanup 218M->218M(1026M) 0.109ms
[2020-01-31T22:06:08.041+0300][51.751s][info ][gc] GC(428) Concurrent Cycle 130.564ms
[2020-01-31T22:06:08.284+0300][51.993s][info ][gc] GC(430) Pause Young (Normal) (G1 Evacuation Pause) 449M->449M(1026M) 145.802ms
[2020-01-31T22:06:08.464+0300][52.173s][info ][gc] GC(431) Pause Young (Normal) (G1 Evacuation Pause) 637M->638M(1026M) 99.056ms
[2020-01-31T22:06:08.561+0300][52.270s][info ][gc] GC(432) Pause Young (Concurrent Start) (G1 Evacuation Pause) 727M->728M(1026M) 61.641ms
[2020-01-31T22:06:08.561+0300][52.270s][info ][gc] GC(433) Concurrent Cycle
[2020-01-31T22:06:08.662+0300][52.371s][info ][gc] GC(434) Pause Young (Normal) (G1 Evacuation Pause) 808M->809M(1026M) 42.401ms
[2020-01-31T22:06:08.710+0300][52.419s][info ][gc] GC(435) Pause Young (Normal) (G1 Evacuation Pause) 850M->851M(1026M) 30.060ms
[2020-01-31T22:06:08.770+0300][52.479s][info ][gc] GC(436) Pause Young (Normal) (G1 Evacuation Pause) 915M->915M(1026M) 30.351ms
[2020-01-31T22:06:08.794+0300][52.504s][debug][gc] GC(433) Reclaimed 543 empty regions
[2020-01-31T22:06:08.795+0300][52.504s][info ][gc] GC(433) Pause Remark 943M->400M(1026M) 1.263ms
[2020-01-31T22:06:08.861+0300][52.570s][info ][gc] GC(437) Pause Young (Normal) (G1 Evacuation Pause) 416M->417M(1026M) 39.669ms
[2020-01-31T22:06:09.058+0300][52.768s][info ][gc] GC(438) Pause Young (Normal) (G1 Evacuation Pause) 615M->615M(1026M) 105.038ms
[2020-01-31T22:06:09.233+0300][52.942s][info ][gc] GC(439) Pause Young (Normal) (G1 Evacuation Pause) 711M->712M(1026M) 83.164ms
[2020-01-31T22:06:09.374+0300][53.083s][info ][gc] GC(440) Pause Young (Normal) (G1 Evacuation Pause) 798M->798M(1026M) 64.937ms
[2020-01-31T22:06:09.388+0300][53.097s][info ][gc] GC(433) Pause Cleanup 822M->822M(1026M) 0.164ms
[2020-01-31T22:06:09.389+0300][53.098s][info ][gc] GC(433) Concurrent Cycle 827.905ms
[2020-01-31T22:06:09.446+0300][53.155s][info ][gc] GC(441) Pause Young (Normal) (G1 Evacuation Pause) 838M->839M(1026M) 48.424ms
[2020-01-31T22:06:09.487+0300][53.197s][info ][gc] GC(442) Pause Young (Concurrent Start) (G1 Humongous Allocation) 865M->866M(1026M) 20.643ms
[2020-01-31T22:06:09.487+0300][53.197s][info ][gc] GC(443) Concurrent Cycle
[2020-01-31T22:06:09.536+0300][53.245s][info ][gc] GC(444) Pause Young (Normal) (G1 Evacuation Pause) 930M->932M(1026M) 29.346ms
[2020-01-31T22:06:09.541+0300][53.250s][debug][gc] GC(443) Reclaimed 806 empty regions
[2020-01-31T22:06:09.541+0300][53.251s][info ][gc] GC(443) Pause Remark 943M->137M(1026M) 0.608ms
[2020-01-31T22:06:09.583+0300][53.293s][info ][gc] GC(445) Pause Young (Normal) (G1 Evacuation Pause) 170M->170M(1026M) 29.159ms
[2020-01-31T22:06:09.645+0300][53.355s][info ][gc] GC(443) Pause Cleanup 275M->275M(1026M) 0.117ms
[2020-01-31T22:06:09.646+0300][53.356s][info ][gc] GC(443) Concurrent Cycle 158.958ms
[2020-01-31T22:06:09.874+0300][53.583s][info ][gc] GC(446) Pause Young (Normal) (G1 Evacuation Pause) 445M->446M(1026M) 156.668ms
[2020-01-31T22:06:10.257+0300][53.967s][info ][gc] GC(447) Pause Young (Normal) (G1 Evacuation Pause) 635M->636M(1026M) 121.160ms
[2020-01-31T22:06:10.363+0300][54.073s][info ][gc] GC(448) Pause Young (Concurrent Start) (G1 Evacuation Pause) 725M->726M(1026M) 70.996ms
[2020-01-31T22:06:10.363+0300][54.073s][info ][gc] GC(449) Concurrent Cycle
[2020-01-31T22:06:10.476+0300][54.186s][info ][gc] GC(450) Pause Young (Normal) (G1 Evacuation Pause) 807M->808M(1026M) 52.718ms
[2020-01-31T22:06:10.531+0300][54.240s][info ][gc] GC(451) Pause Young (Normal) (G1 Evacuation Pause) 849M->850M(1026M) 36.094ms
[2020-01-31T22:06:10.592+0300][54.301s][info ][gc] GC(452) Pause Young (Normal) (G1 Evacuation Pause) 914M->915M(1026M) 30.247ms
[2020-01-31T22:06:10.595+0300][54.304s][debug][gc] GC(449) Reclaimed 550 empty regions
[2020-01-31T22:06:10.595+0300][54.304s][info ][gc] GC(449) Pause Remark 920M->370M(1026M) 0.589ms
[2020-01-31T22:06:10.644+0300][54.353s][info ][gc] GC(453) Pause Young (Normal) (G1 Evacuation Pause) 409M->410M(1026M) 31.334ms
[2020-01-31T22:06:10.836+0300][54.546s][info ][gc] GC(454) Pause Young (Normal) (G1 Evacuation Pause) 590M->590M(1026M) 107.345ms
[2020-01-31T22:06:11.021+0300][54.730s][info ][gc] GC(455) Pause Young (Normal) (G1 Evacuation Pause) 713M->714M(1026M) 79.754ms
[2020-01-31T22:06:11.151+0300][54.861s][info ][gc] GC(456) Pause Young (Normal) (G1 Evacuation Pause) 799M->800M(1026M) 79.807ms
[2020-01-31T22:06:11.186+0300][54.895s][info ][gc] GC(449) Pause Cleanup 800M->800M(1026M) 0.169ms
[2020-01-31T22:06:11.187+0300][54.897s][info ][gc] GC(449) Concurrent Cycle 823.512ms
[2020-01-31T22:06:11.264+0300][54.973s][info ][gc] GC(457) Pause Young (Normal) (G1 Evacuation Pause) 840M->841M(1026M) 52.856ms
[2020-01-31T22:06:11.314+0300][55.023s][info ][gc] GC(458) Pause Young (Concurrent Start) (G1 Humongous Allocation) 869M->869M(1026M) 28.174ms
[2020-01-31T22:06:11.314+0300][55.023s][info ][gc] GC(459) Concurrent Cycle
[2020-01-31T22:06:11.373+0300][55.082s][info ][gc] GC(460) Pause Young (Normal) (G1 Evacuation Pause) 933M->934M(1026M) 39.841ms
[2020-01-31T22:06:11.379+0300][55.089s][debug][gc] GC(459) Reclaimed 807 empty regions
[2020-01-31T22:06:11.379+0300][55.089s][info ][gc] GC(459) Pause Remark 947M->140M(1026M) 0.813ms
[2020-01-31T22:06:11.425+0300][55.135s][info ][gc] GC(461) Pause Young (Normal) (G1 Evacuation Pause) 171M->172M(1026M) 32.773ms
[2020-01-31T22:06:11.494+0300][55.204s][info ][gc] GC(459) Pause Cleanup 194M->194M(1026M) 0.118ms
[2020-01-31T22:06:11.495+0300][55.205s][info ][gc] GC(459) Concurrent Cycle 181.766ms
[2020-01-31T22:06:11.750+0300][55.460s][info ][gc] GC(462) Pause Young (Normal) (G1 Evacuation Pause) 446M->446M(1026M) 143.706ms
[2020-01-31T22:06:11.933+0300][55.643s][info ][gc] GC(463) Pause Young (Normal) (G1 Evacuation Pause) 634M->635M(1026M) 100.439ms
[2020-01-31T22:06:12.043+0300][55.752s][info ][gc] GC(464) Pause Young (Concurrent Start) (G1 Evacuation Pause) 725M->725M(1026M) 66.790ms
[2020-01-31T22:06:12.043+0300][55.752s][info ][gc] GC(465) Concurrent Cycle
[2020-01-31T22:06:12.148+0300][55.857s][info ][gc] GC(466) Pause Young (Normal) (G1 Evacuation Pause) 806M->807M(1026M) 45.352ms
[2020-01-31T22:06:12.193+0300][55.902s][info ][gc] GC(467) Pause Young (Normal) (G1 Evacuation Pause) 848M->849M(1026M) 27.824ms
[2020-01-31T22:06:12.223+0300][55.932s][debug][gc] GC(465) Reclaimed 551 empty regions
[2020-01-31T22:06:12.223+0300][55.932s][info ][gc] GC(465) Pause Remark 913M->362M(1026M) 0.785ms
[2020-01-31T22:06:12.255+0300][55.964s][info ][gc] GC(468) Pause Young (Normal) (G1 Evacuation Pause) 362M->363M(1026M) 31.681ms
[2020-01-31T22:06:12.448+0300][56.157s][info ][gc] GC(469) Pause Young (Normal) (G1 Evacuation Pause) 558M->559M(1026M) 108.341ms
[2020-01-31T22:06:12.686+0300][56.396s][info ][gc] GC(470) Pause Young (Normal) (G1 Evacuation Pause) 692M->693M(1026M) 99.149ms
[2020-01-31T22:06:12.708+0300][56.418s][info ][gc] GC(465) Pause Cleanup 693M->693M(1026M) 0.156ms
[2020-01-31T22:06:12.709+0300][56.418s][info ][gc] GC(465) Concurrent Cycle 665.988ms
[2020-01-31T22:06:12.801+0300][56.511s][info ][gc] GC(471) Pause Young (Concurrent Start) (G1 Humongous Allocation) 731M->732M(1026M) 63.326ms
[2020-01-31T22:06:12.801+0300][56.511s][info ][gc] GC(472) Concurrent Cycle
[2020-01-31T22:06:12.870+0300][56.579s][info ][gc] GC(473) Pause Young (Normal) (G1 Evacuation Pause) 811M->812M(1026M) 39.240ms
[2020-01-31T22:06:12.877+0300][56.586s][debug][gc] GC(472) Reclaimed 649 empty regions
[2020-01-31T22:06:12.877+0300][56.586s][info ][gc] GC(472) Pause Remark 827M->178M(1026M) 0.617ms
[2020-01-31T22:06:12.917+0300][56.627s][info ][gc] GC(474) Pause Young (Normal) (G1 Evacuation Pause) 205M->206M(1026M) 29.476ms
[2020-01-31T22:06:13.010+0300][56.720s][info ][gc] GC(472) Pause Cleanup 354M->354M(1026M) 0.159ms
[2020-01-31T22:06:13.011+0300][56.721s][info ][gc] GC(472) Concurrent Cycle 209.968ms
[2020-01-31T22:06:13.205+0300][56.915s][info ][gc] GC(475) Pause Young (Normal) (G1 Evacuation Pause) 470M->471M(1026M) 153.568ms
[2020-01-31T22:06:13.377+0300][57.086s][info ][gc] GC(476) Pause Young (Concurrent Start) (G1 Humongous Allocation) 625M->625M(1026M) 95.823ms
[2020-01-31T22:06:13.377+0300][57.086s][info ][gc] GC(477) Concurrent Cycle
[2020-01-31T22:06:13.526+0300][57.235s][info ][gc] GC(478) Pause Young (Normal) (G1 Evacuation Pause) 737M->738M(1026M) 64.003ms
[2020-01-31T22:06:13.532+0300][57.241s][debug][gc] GC(477) Reclaimed 435 empty regions
[2020-01-31T22:06:13.532+0300][57.241s][info ][gc] GC(477) Pause Remark 752M->317M(1026M) 0.572ms
[2020-01-31T22:06:13.602+0300][57.312s][info ][gc] GC(479) Pause Young (Normal) (G1 Evacuation Pause) 380M->381M(1026M) 42.175ms
[2020-01-31T22:06:13.788+0300][57.498s][info ][gc] GC(480) Pause Young (Normal) (G1 Evacuation Pause) 570M->571M(1026M) 105.269ms
[2020-01-31T22:06:13.902+0300][57.611s][info ][gc] GC(477) Pause Cleanup 679M->679M(1026M) 0.141ms
[2020-01-31T22:06:13.903+0300][57.612s][info ][gc] GC(477) Concurrent Cycle 526.508ms
[2020-01-31T22:06:13.993+0300][57.703s][info ][gc] GC(481) Pause Young (Normal) (G1 Evacuation Pause) 701M->701M(1026M) 81.317ms
[2020-01-31T22:06:14.067+0300][57.777s][info ][gc] GC(482) Pause Young (Concurrent Start) (G1 Humongous Allocation) 732M->733M(1026M) 49.366ms
[2020-01-31T22:06:14.067+0300][57.777s][info ][gc] GC(483) Concurrent Cycle
[2020-01-31T22:06:14.099+0300][57.809s][debug][gc] GC(483) Reclaimed 656 empty regions
[2020-01-31T22:06:14.099+0300][57.809s][info ][gc] GC(483) Pause Remark 790M->134M(1026M) 0.760ms
[2020-01-31T22:06:14.147+0300][57.856s][info ][gc] GC(484) Pause Young (Normal) (G1 Evacuation Pause) 156M->146M(1026M) 37.095ms
[2020-01-31T22:06:14.184+0300][57.894s][info ][gc] GC(483) Pause Cleanup 196M->196M(1026M) 0.127ms
[2020-01-31T22:06:14.186+0300][57.895s][info ][gc] GC(483) Concurrent Cycle 118.177ms
[2020-01-31T22:06:14.446+0300][58.156s][info ][gc] GC(485) Pause Young (Normal) (G1 Evacuation Pause) 428M->429M(1026M) 158.760ms
[2020-01-31T22:06:14.619+0300][58.329s][info ][gc] GC(486) Pause Young (Normal) (G1 Evacuation Pause) 603M->603M(1026M) 100.668ms
[2020-01-31T22:06:14.649+0300][58.358s][info ][gc] GC(487) Pause Young (Concurrent Start) (G1 Humongous Allocation) 607M->608M(1026M) 17.918ms
[2020-01-31T22:06:14.649+0300][58.358s][info ][gc] GC(488) Concurrent Cycle
[2020-01-31T22:06:14.669+0300][58.379s][debug][gc] GC(488) Reclaimed 551 empty regions
[2020-01-31T22:06:14.670+0300][58.379s][info ][gc] GC(488) Pause Remark 674M->123M(1026M) 0.605ms
[2020-01-31T22:06:14.746+0300][58.455s][info ][gc] GC(489) Pause Young (Normal) (G1 Evacuation Pause) 175M->172M(1026M) 55.007ms
[2020-01-31T22:06:14.761+0300][58.471s][info ][gc] GC(488) Pause Cleanup 189M->189M(1026M) 0.116ms
[2020-01-31T22:06:14.762+0300][58.471s][info ][gc] GC(488) Concurrent Cycle 112.966ms
[2020-01-31T22:06:14.999+0300][58.709s][info ][gc] GC(490) Pause Young (Normal) (G1 Evacuation Pause) 446M->447M(1026M) 136.375ms
[2020-01-31T22:06:15.180+0300][58.889s][info ][gc] GC(491) Pause Young (Normal) (G1 Evacuation Pause) 635M->636M(1026M) 98.199ms
[2020-01-31T22:06:15.276+0300][58.985s][info ][gc] GC(492) Pause Young (Concurrent Start) (G1 Evacuation Pause) 725M->726M(1026M) 61.235ms
[2020-01-31T22:06:15.276+0300][58.986s][info ][gc] GC(493) Concurrent Cycle
[2020-01-31T22:06:15.376+0300][59.085s][info ][gc] GC(494) Pause Young (Normal) (G1 Evacuation Pause) 807M->808M(1026M) 41.613ms
[2020-01-31T22:06:15.420+0300][59.130s][info ][gc] GC(495) Pause Young (Normal) (G1 Evacuation Pause) 849M->850M(1026M) 27.950ms
[2020-01-31T22:06:15.479+0300][59.188s][info ][gc] GC(496) Pause Young (Normal) (G1 Evacuation Pause) 914M->915M(1026M) 29.586ms
[2020-01-31T22:06:15.526+0300][59.235s][info ][gc] GC(497) Pause Young (Normal) (G1 Evacuation Pause) 959M->960M(1026M) 28.178ms
[2020-01-31T22:06:15.527+0300][59.236s][debug][gc] GC(493) Reclaimed 540 empty regions
[2020-01-31T22:06:15.527+0300][59.236s][info ][gc] GC(493) Pause Remark 962M->422M(1026M) 0.605ms
[2020-01-31T22:06:15.587+0300][59.296s][info ][gc] GC(498) Pause Young (Normal) (G1 Evacuation Pause) 484M->484M(1026M) 31.370ms
[2020-01-31T22:06:15.744+0300][59.454s][info ][gc] GC(499) Pause Young (Normal) (G1 Evacuation Pause) 640M->641M(1026M) 92.267ms
[2020-01-31T22:06:15.900+0300][59.609s][info ][gc] GC(500) Pause Young (Normal) (G1 Evacuation Pause) 728M->729M(1026M) 91.900ms
[2020-01-31T22:06:16.031+0300][59.741s][info ][gc] GC(501) Pause Young (Normal) (G1 Evacuation Pause) 809M->809M(1026M) 65.129ms
[2020-01-31T22:06:16.129+0300][59.838s][info ][gc] GC(502) Pause Young (Normal) (G1 Evacuation Pause) 850M->851M(1026M) 56.286ms
[2020-01-31T22:06:16.174+0300][59.884s][info ][gc] GC(493) Pause Cleanup 871M->871M(1026M) 0.147ms
[2020-01-31T22:06:16.175+0300][59.885s][info ][gc] GC(493) Concurrent Cycle 899.192ms
[2020-01-31T22:06:16.206+0300][59.916s][info ][gc] GC(503) Pause Young (Concurrent Start) (G1 Humongous Allocation) 871M->872M(1026M) 28.668ms
[2020-01-31T22:06:16.206+0300][59.916s][info ][gc] GC(504) Concurrent Cycle
[2020-01-31T22:06:16.228+0300][59.937s][debug][gc] GC(504) Reclaimed 815 empty regions
[2020-01-31T22:06:16.228+0300][59.938s][info ][gc] GC(504) Pause Remark 933M->118M(1026M) 0.651ms
[2020-01-31T22:06:16.256+0300][59.965s][info ][gc] GC(505) Pause Young (Normal) (G1 Evacuation Pause) 121M->115M(1026M) 26.765ms
[2020-01-31T22:06:16.291+0300][60.000s][info ][gc] GC(504) Pause Cleanup 186M->186M(1026M) 0.213ms
[2020-01-31T22:06:16.292+0300][60.001s][info ][gc] GC(504) Concurrent Cycle 85.048ms
[2020-01-31T22:06:16.556+0300][60.265s][info ][gc] GC(506) Pause Young (Normal) (G1 Evacuation Pause) 407M->407M(1026M) 170.061ms
[2020-01-31T22:06:16.760+0300][60.469s][info ][gc] GC(507) Pause Young (Normal) (G1 Evacuation Pause) 588M->589M(1026M) 120.643ms
[2020-01-31T22:06:16.788+0300][60.497s][info ][gc] GC(508) Pause Young (Concurrent Start) (G1 Humongous Allocation) 591M->592M(1026M) 16.678ms
[2020-01-31T22:06:16.788+0300][60.497s][info ][gc] GC(509) Concurrent Cycle
[2020-01-31T22:06:16.808+0300][60.518s][debug][gc] GC(509) Reclaimed 535 empty regions
[2020-01-31T22:06:16.808+0300][60.518s][info ][gc] GC(509) Pause Remark 658M->123M(1026M) 0.605ms
[2020-01-31T22:06:16.905+0300][60.615s][info ][gc] GC(510) Pause Young (Normal) (G1 Evacuation Pause) 180M->178M(1026M) 74.326ms
[2020-01-31T22:06:16.919+0300][60.629s][info ][gc] GC(509) Pause Cleanup 190M->190M(1026M) 0.117ms
[2020-01-31T22:06:16.920+0300][60.630s][info ][gc] GC(509) Concurrent Cycle 132.245ms
[2020-01-31T22:06:17.159+0300][60.868s][info ][gc] GC(511) Pause Young (Normal) (G1 Evacuation Pause) 450M->451M(1026M) 135.995ms
[2020-01-31T22:06:17.359+0300][61.068s][info ][gc] GC(512) Pause Young (Normal) (G1 Evacuation Pause) 638M->639M(1026M) 111.001ms
[2020-01-31T22:06:17.462+0300][61.172s][info ][gc] GC(513) Pause Young (Concurrent Start) (G1 Evacuation Pause) 727M->728M(1026M) 68.490ms
[2020-01-31T22:06:17.462+0300][61.172s][info ][gc] GC(514) Concurrent Cycle
[2020-01-31T22:06:17.565+0300][61.275s][info ][gc] GC(515) Pause Young (Normal) (G1 Evacuation Pause) 808M->809M(1026M) 44.586ms
[2020-01-31T22:06:17.616+0300][61.325s][info ][gc] GC(516) Pause Young (Normal) (G1 Evacuation Pause) 850M->850M(1026M) 31.604ms
[2020-01-31T22:06:17.680+0300][61.390s][info ][gc] GC(517) Pause Young (Normal) (G1 Evacuation Pause) 914M->915M(1026M) 33.844ms
[2020-01-31T22:06:17.730+0300][61.439s][info ][gc] GC(518) Pause Young (Normal) (G1 Evacuation Pause) 959M->960M(1026M) 30.076ms
[2020-01-31T22:06:17.733+0300][61.442s][debug][gc] GC(514) Reclaimed 541 empty regions
[2020-01-31T22:06:17.733+0300][61.443s][info ][gc] GC(514) Pause Remark 967M->426M(1026M) 0.597ms
[2020-01-31T22:06:17.792+0300][61.502s][info ][gc] GC(519) Pause Young (Normal) (G1 Evacuation Pause) 483M->484M(1026M) 33.310ms
[2020-01-31T22:06:17.954+0300][61.663s][info ][gc] GC(520) Pause Young (Normal) (G1 Evacuation Pause) 640M->641M(1026M) 93.438ms
[2020-01-31T22:06:18.101+0300][61.811s][info ][gc] GC(521) Pause Young (Normal) (G1 Evacuation Pause) 729M->729M(1026M) 78.825ms
[2020-01-31T22:06:18.231+0300][61.940s][info ][gc] GC(522) Pause Young (Normal) (G1 Evacuation Pause) 809M->810M(1026M) 65.753ms
[2020-01-31T22:06:18.311+0300][62.020s][info ][gc] GC(523) Pause Young (Normal) (G1 Evacuation Pause) 851M->851M(1026M) 47.655ms
[2020-01-31T22:06:18.399+0300][62.109s][info ][gc] GC(524) Pause Young (Normal) (G1 Evacuation Pause) 915M->916M(1026M) 44.757ms
[2020-01-31T22:06:18.413+0300][62.123s][info ][gc] GC(514) Pause Cleanup 945M->945M(1026M) 0.203ms
[2020-01-31T22:06:18.414+0300][62.124s][info ][gc] GC(514) Concurrent Cycle 952.420ms
[2020-01-31T22:06:18.477+0300][62.187s][info ][gc] GC(525) Pause Young (Normal) (G1 Evacuation Pause) 960M->961M(1026M) 56.957ms
[2020-01-31T22:06:18.580+0300][62.289s][info ][gc] GC(526) To-space exhausted
[2020-01-31T22:06:18.580+0300][62.289s][info ][gc] GC(526) Pause Young (Concurrent Start) (G1 Evacuation Pause) 1005M->1010M(1026M) 79.595ms
[2020-01-31T22:06:18.580+0300][62.289s][info ][gc] GC(527) Concurrent Cycle
[2020-01-31T22:06:18.607+0300][62.316s][info ][gc] GC(528) Pause Young (Normal) (G1 Humongous Allocation) 1012M->1013M(1026M) 15.026ms
[2020-01-31T22:06:18.607+0300][62.317s][debug][gc] GC(529) Clear Next Bitmap 0.487ms
[2020-01-31T22:06:18.614+0300][62.323s][info ][gc] GC(529) Pause Full (G1 Humongous Allocation) 1013M->2M(1026M) 6.673ms
[2020-01-31T22:06:18.614+0300][62.323s][info ][gc] GC(527) Concurrent Cycle 33.760ms
[2020-01-31T22:06:18.911+0300][62.620s][info ][gc] GC(530) Pause Young (Normal) (G1 Evacuation Pause) 351M->351M(1026M) 159.418ms
[2020-01-31T22:06:19.143+0300][62.853s][info ][gc] GC(531) Pause Young (Normal) (G1 Evacuation Pause) 569M->570M(1026M) 133.622ms
[2020-01-31T22:06:19.269+0300][62.978s][info ][gc] GC(532) Pause Young (Concurrent Start) (G1 Humongous Allocation) 677M->677M(1026M) 72.812ms
[2020-01-31T22:06:19.269+0300][62.978s][info ][gc] GC(533) Concurrent Cycle
[2020-01-31T22:06:19.391+0300][63.100s][info ][gc] GC(534) Pause Young (Normal) (G1 Evacuation Pause) 772M->773M(1026M) 52.917ms
[2020-01-31T22:06:19.397+0300][63.106s][debug][gc] GC(533) Reclaimed 540 empty regions
[2020-01-31T22:06:19.397+0300][63.106s][info ][gc] GC(533) Pause Remark 786M->246M(1026M) 0.598ms
[2020-01-31T22:06:19.457+0300][63.166s][info ][gc] GC(535) Pause Young (Normal) (G1 Evacuation Pause) 298M->299M(1026M) 35.300ms
[2020-01-31T22:06:19.675+0300][63.384s][info ][gc] GC(536) Pause Young (Normal) (G1 Evacuation Pause) 513M->514M(1026M) 122.016ms
[2020-01-31T22:06:19.732+0300][63.441s][info ][gc] GC(533) Pause Cleanup 540M->540M(1026M) 0.131ms
[2020-01-31T22:06:19.733+0300][63.442s][info ][gc] GC(533) Concurrent Cycle 464.083ms
[2020-01-31T22:06:19.795+0300][63.504s][info ][gc] GC(537) Pause Young (Concurrent Start) (G1 Humongous Allocation) 545M->545M(1026M) 49.843ms
[2020-01-31T22:06:19.795+0300][63.504s][info ][gc] GC(538) Concurrent Cycle
[2020-01-31T22:06:19.829+0300][63.538s][debug][gc] GC(538) Reclaimed 485 empty regions
[2020-01-31T22:06:19.829+0300][63.538s][info ][gc] GC(538) Pause Remark 649M->164M(1026M) 0.583ms
[2020-01-31T22:06:19.922+0300][63.632s][info ][gc] GC(539) Pause Young (Normal) (G1 Evacuation Pause) 217M->199M(1026M) 68.628ms
[2020-01-31T22:06:19.943+0300][63.652s][info ][gc] GC(538) Pause Cleanup 230M->230M(1026M) 0.101ms
[2020-01-31T22:06:19.943+0300][63.653s][info ][gc] GC(538) Concurrent Cycle 149.452ms
[2020-01-31T22:06:20.166+0300][63.875s][info ][gc] GC(540) Pause Young (Normal) (G1 Evacuation Pause) 444M->445M(1026M) 133.609ms
[2020-01-31T22:06:20.343+0300][64.052s][info ][gc] GC(541) Pause Young (Normal) (G1 Evacuation Pause) 633M->634M(1026M) 98.123ms
[2020-01-31T22:06:20.444+0300][64.153s][info ][gc] GC(542) Pause Young (Concurrent Start) (G1 Humongous Allocation) 717M->718M(1026M) 57.848ms
[2020-01-31T22:06:20.444+0300][64.154s][info ][gc] GC(543) Concurrent Cycle
[2020-01-31T22:06:20.543+0300][64.252s][info ][gc] GC(544) Pause Young (Normal) (G1 Evacuation Pause) 801M->802M(1026M) 42.771ms
[2020-01-31T22:06:20.548+0300][64.258s][debug][gc] GC(543) Reclaimed 608 empty regions
[2020-01-31T22:06:20.549+0300][64.258s][info ][gc] GC(543) Pause Remark 814M->206M(1026M) 0.602ms
[2020-01-31T22:06:20.590+0300][64.299s][info ][gc] GC(545) Pause Young (Normal) (G1 Evacuation Pause) 235M->236M(1026M) 29.402ms
[2020-01-31T22:06:20.826+0300][64.536s][info ][gc] GC(546) Pause Young (Normal) (G1 Evacuation Pause) 490M->491M(1026M) 128.589ms
[2020-01-31T22:06:20.860+0300][64.569s][info ][gc] GC(543) Pause Cleanup 491M->491M(1026M) 0.150ms
[2020-01-31T22:06:20.860+0300][64.570s][info ][gc] GC(543) Concurrent Cycle 416.583ms
[2020-01-31T22:06:20.938+0300][64.647s][info ][gc] GC(547) Pause Young (Concurrent Start) (G1 Humongous Allocation) 517M->518M(1026M) 54.316ms
[2020-01-31T22:06:20.938+0300][64.647s][info ][gc] GC(548) Concurrent Cycle
[2020-01-31T22:06:20.972+0300][64.680s][debug][gc] GC(548) Reclaimed 460 empty regions
[2020-01-31T22:06:20.972+0300][64.681s][info ][gc] GC(548) Pause Remark 616M->156M(1026M) 0.574ms
[2020-01-31T22:06:21.075+0300][64.785s][info ][gc] GC(549) Pause Young (Normal) (G1 Evacuation Pause) 223M->203M(1026M) 74.701ms
[2020-01-31T22:06:21.089+0300][64.798s][info ][gc] GC(548) Pause Cleanup 233M->233M(1026M) 0.094ms
[2020-01-31T22:06:21.089+0300][64.799s][info ][gc] GC(548) Concurrent Cycle 151.899ms
[2020-01-31T22:06:21.329+0300][65.038s][info ][gc] GC(550) Pause Young (Normal) (G1 Evacuation Pause) 467M->468M(1026M) 139.807ms
[2020-01-31T22:06:21.489+0300][65.198s][info ][gc] GC(551) Pause Young (Normal) (G1 Evacuation Pause) 629M->630M(1026M) 93.870ms
[2020-01-31T22:06:21.591+0300][65.300s][info ][gc] GC(552) Pause Young (Concurrent Start) (G1 Humongous Allocation) 713M->714M(1026M) 58.366ms
[2020-01-31T22:06:21.591+0300][65.301s][info ][gc] GC(553) Concurrent Cycle
[2020-01-31T22:06:21.690+0300][65.399s][info ][gc] GC(554) Pause Young (Normal) (G1 Evacuation Pause) 798M->799M(1026M) 42.978ms
[2020-01-31T22:06:21.696+0300][65.405s][debug][gc] GC(553) Reclaimed 605 empty regions
[2020-01-31T22:06:21.696+0300][65.405s][info ][gc] GC(553) Pause Remark 812M->207M(1026M) 0.609ms
[2020-01-31T22:06:21.736+0300][65.446s][info ][gc] GC(555) Pause Young (Normal) (G1 Evacuation Pause) 235M->236M(1026M) 29.261ms
[2020-01-31T22:06:21.973+0300][65.683s][info ][gc] GC(556) Pause Young (Normal) (G1 Evacuation Pause) 490M->491M(1026M) 127.694ms
[2020-01-31T22:06:22.007+0300][65.716s][info ][gc] GC(553) Pause Cleanup 491M->491M(1026M) 0.126ms
[2020-01-31T22:06:22.008+0300][65.717s][info ][gc] GC(553) Concurrent Cycle 416.704ms
[2020-01-31T22:06:22.082+0300][65.791s][info ][gc] GC(557) Pause Young (Concurrent Start) (G1 Humongous Allocation) 516M->517M(1026M) 52.447ms
[2020-01-31T22:06:22.082+0300][65.791s][info ][gc] GC(558) Concurrent Cycle
[2020-01-31T22:06:22.115+0300][65.825s][debug][gc] GC(558) Reclaimed 458 empty regions
[2020-01-31T22:06:22.115+0300][65.825s][info ][gc] GC(558) Pause Remark 616M->158M(1026M) 0.592ms
[2020-01-31T22:06:22.221+0300][65.931s][info ][gc] GC(559) Pause Young (Normal) (G1 Evacuation Pause) 225M->205M(1026M) 75.993ms
[2020-01-31T22:06:22.233+0300][65.942s][info ][gc] GC(558) Pause Cleanup 228M->228M(1026M) 0.109ms
[2020-01-31T22:06:22.234+0300][65.943s][info ][gc] GC(558) Concurrent Cycle 151.983ms
[2020-01-31T22:06:22.490+0300][66.199s][info ][gc] GC(560) Pause Young (Normal) (G1 Evacuation Pause) 468M->469M(1026M) 151.318ms
[2020-01-31T22:06:22.662+0300][66.371s][info ][gc] GC(561) Pause Young (Normal) (G1 Evacuation Pause) 630M->631M(1026M) 98.857ms
[2020-01-31T22:06:22.769+0300][66.478s][info ][gc] GC(562) Pause Young (Concurrent Start) (G1 Humongous Allocation) 714M->715M(1026M) 62.051ms
[2020-01-31T22:06:22.769+0300][66.478s][info ][gc] GC(563) Concurrent Cycle
[2020-01-31T22:06:22.869+0300][66.579s][info ][gc] GC(564) Pause Young (Normal) (G1 Evacuation Pause) 799M->800M(1026M) 45.033ms
[2020-01-31T22:06:22.875+0300][66.585s][debug][gc] GC(563) Reclaimed 603 empty regions
[2020-01-31T22:06:22.875+0300][66.585s][info ][gc] GC(563) Pause Remark 811M->208M(1026M) 0.607ms
[2020-01-31T22:06:22.918+0300][66.628s][info ][gc] GC(565) Pause Young (Normal) (G1 Evacuation Pause) 238M->239M(1026M) 30.770ms
[2020-01-31T22:06:23.166+0300][66.875s][info ][gc] GC(566) Pause Young (Normal) (G1 Evacuation Pause) 492M->493M(1026M) 131.795ms
[2020-01-31T22:06:23.200+0300][66.909s][info ][gc] GC(563) Pause Cleanup 493M->493M(1026M) 0.127ms
[2020-01-31T22:06:23.201+0300][66.910s][info ][gc] GC(563) Concurrent Cycle 431.709ms
[2020-01-31T22:06:23.278+0300][66.988s][info ][gc] GC(567) Pause Young (Concurrent Start) (G1 Humongous Allocation) 519M->519M(1026M) 55.447ms
[2020-01-31T22:06:23.278+0300][66.988s][info ][gc] GC(568) Concurrent Cycle
[2020-01-31T22:06:23.313+0300][67.023s][debug][gc] GC(568) Reclaimed 459 empty regions
[2020-01-31T22:06:23.313+0300][67.023s][info ][gc] GC(568) Pause Remark 618M->159M(1026M) 0.704ms
[2020-01-31T22:06:23.426+0300][67.136s][info ][gc] GC(569) Pause Young (Normal) (G1 Evacuation Pause) 225M->205M(1026M) 81.889ms
[2020-01-31T22:06:23.438+0300][67.147s][info ][gc] GC(568) Pause Cleanup 226M->226M(1026M) 0.106ms
[2020-01-31T22:06:23.438+0300][67.148s][info ][gc] GC(568) Concurrent Cycle 159.773ms
[2020-01-31T22:06:23.687+0300][67.397s][info ][gc] GC(570) Pause Young (Normal) (G1 Evacuation Pause) 468M->469M(1026M) 139.824ms
[2020-01-31T22:06:23.849+0300][67.558s][info ][gc] GC(571) Pause Young (Normal) (G1 Evacuation Pause) 630M->630M(1026M) 95.643ms
[2020-01-31T22:06:23.953+0300][67.662s][info ][gc] GC(572) Pause Young (Concurrent Start) (G1 Humongous Allocation) 714M->715M(1026M) 59.678ms
[2020-01-31T22:06:23.953+0300][67.663s][info ][gc] GC(573) Concurrent Cycle
[2020-01-31T22:06:24.057+0300][67.767s][info ][gc] GC(574) Pause Young (Normal) (G1 Evacuation Pause) 799M->800M(1026M) 47.291ms
[2020-01-31T22:06:24.064+0300][67.773s][debug][gc] GC(573) Reclaimed 602 empty regions
[2020-01-31T22:06:24.064+0300][67.773s][info ][gc] GC(573) Pause Remark 813M->211M(1026M) 0.629ms
[2020-01-31T22:06:24.109+0300][67.818s][info ][gc] GC(575) Pause Young (Normal) (G1 Evacuation Pause) 239M->240M(1026M) 31.701ms
[2020-01-31T22:06:24.375+0300][68.084s][info ][gc] GC(576) Pause Young (Normal) (G1 Evacuation Pause) 492M->493M(1026M) 142.088ms
[2020-01-31T22:06:24.416+0300][68.125s][info ][gc] GC(573) Pause Cleanup 493M->493M(1026M) 0.132ms
[2020-01-31T22:06:24.417+0300][68.126s][info ][gc] GC(573) Concurrent Cycle 463.446ms
[2020-01-31T22:06:24.503+0300][68.212s][info ][gc] GC(577) Pause Young (Concurrent Start) (G1 Humongous Allocation) 520M->521M(1026M) 56.372ms
[2020-01-31T22:06:24.503+0300][68.212s][info ][gc] GC(578) Concurrent Cycle
[2020-01-31T22:06:24.540+0300][68.249s][debug][gc] GC(578) Reclaimed 459 empty regions
[2020-01-31T22:06:24.540+0300][68.249s][info ][gc] GC(578) Pause Remark 596M->137M(1026M) 0.749ms
[2020-01-31T22:06:24.677+0300][68.386s][info ][gc] GC(579) Pause Young (Normal) (G1 Evacuation Pause) 227M->207M(1026M) 89.563ms
[2020-01-31T22:06:24.677+0300][68.387s][info ][gc] GC(578) Pause Cleanup 207M->207M(1026M) 0.113ms
[2020-01-31T22:06:24.678+0300][68.388s][info ][gc] GC(578) Concurrent Cycle 175.116ms
[2020-01-31T22:06:24.953+0300][68.663s][info ][gc] GC(580) Pause Young (Normal) (G1 Evacuation Pause) 470M->470M(1026M) 156.103ms
[2020-01-31T22:06:25.148+0300][68.858s][info ][gc] GC(581) Pause Young (Normal) (G1 Evacuation Pause) 630M->631M(1026M) 125.611ms
[2020-01-31T22:06:25.278+0300][68.987s][info ][gc] GC(582) Pause Young (Concurrent Start) (G1 Humongous Allocation) 717M->717M(1026M) 83.963ms
[2020-01-31T22:06:25.278+0300][68.987s][info ][gc] GC(583) Concurrent Cycle
[2020-01-31T22:06:25.380+0300][69.090s][info ][gc] GC(584) Pause Young (Normal) (G1 Evacuation Pause) 800M->801M(1026M) 46.015ms
[2020-01-31T22:06:25.386+0300][69.096s][debug][gc] GC(583) Reclaimed 601 empty regions
[2020-01-31T22:06:25.386+0300][69.096s][info ][gc] GC(583) Pause Remark 814M->213M(1026M) 0.614ms
[2020-01-31T22:06:25.427+0300][69.137s][info ][gc] GC(585) Pause Young (Normal) (G1 Evacuation Pause) 241M->242M(1026M) 29.464ms
[2020-01-31T22:06:25.674+0300][69.383s][info ][gc] GC(586) Pause Young (Normal) (G1 Evacuation Pause) 494M->494M(1026M) 129.464ms
[2020-01-31T22:06:25.708+0300][69.417s][info ][gc] GC(583) Pause Cleanup 494M->494M(1026M) 0.132ms
[2020-01-31T22:06:25.708+0300][69.418s][info ][gc] GC(583) Concurrent Cycle 430.948ms
[2020-01-31T22:06:25.782+0300][69.492s][info ][gc] GC(587) Pause Young (Concurrent Start) (G1 Humongous Allocation) 523M->523M(1026M) 51.992ms
[2020-01-31T22:06:25.782+0300][69.492s][info ][gc] GC(588) Concurrent Cycle
[2020-01-31T22:06:25.817+0300][69.527s][debug][gc] GC(588) Reclaimed 457 empty regions
[2020-01-31T22:06:25.817+0300][69.527s][info ][gc] GC(588) Pause Remark 627M->170M(1026M) 0.614ms
[2020-01-31T22:06:25.920+0300][69.629s][info ][gc] GC(589) Pause Young (Normal) (G1 Evacuation Pause) 230M->211M(1026M) 74.670ms
[2020-01-31T22:06:25.937+0300][69.646s][info ][gc] GC(588) Pause Cleanup 217M->217M(1026M) 0.115ms
[2020-01-31T22:06:25.938+0300][69.647s][info ][gc] GC(588) Concurrent Cycle 154.958ms
[2020-01-31T22:06:26.184+0300][69.893s][info ][gc] GC(590) Pause Young (Normal) (G1 Evacuation Pause) 473M->473M(1026M) 137.237ms
[2020-01-31T22:06:26.317+0300][70.026s][info ][gc] GC(591) Pause Young (Concurrent Start) (G1 Humongous Allocation) 586M->586M(1026M) 78.100ms
[2020-01-31T22:06:26.317+0300][70.026s][info ][gc] GC(592) Concurrent Cycle
[2020-01-31T22:06:26.464+0300][70.174s][info ][gc] GC(593) Pause Young (Normal) (G1 Evacuation Pause) 710M->711M(1026M) 72.337ms
[2020-01-31T22:06:26.470+0300][70.179s][debug][gc] GC(592) Reclaimed 433 empty regions
[2020-01-31T22:06:26.470+0300][70.180s][info ][gc] GC(592) Pause Remark 722M->289M(1026M) 0.717ms
[2020-01-31T22:06:26.548+0300][70.257s][info ][gc] GC(594) Pause Young (Normal) (G1 Evacuation Pause) 363M->364M(1026M) 46.656ms
[2020-01-31T22:06:26.754+0300][70.463s][info ][gc] GC(595) Pause Young (Normal) (G1 Evacuation Pause) 558M->558M(1026M) 109.071ms
[2020-01-31T22:06:26.835+0300][70.544s][info ][gc] GC(592) Pause Cleanup 632M->632M(1026M) 0.141ms
[2020-01-31T22:06:26.835+0300][70.545s][info ][gc] GC(592) Concurrent Cycle 518.949ms
[2020-01-31T22:06:26.943+0300][70.653s][info ][gc] GC(596) Pause Young (Normal) (G1 Evacuation Pause) 691M->692M(1026M) 83.376ms
[2020-01-31T22:06:26.968+0300][70.677s][info ][gc] GC(597) Pause Young (Concurrent Start) (G1 Humongous Allocation) 695M->697M(1026M) 12.954ms
[2020-01-31T22:06:26.968+0300][70.677s][info ][gc] GC(598) Concurrent Cycle
[2020-01-31T22:06:26.985+0300][70.694s][debug][gc] GC(598) Reclaimed 665 empty regions
[2020-01-31T22:06:26.985+0300][70.694s][info ][gc] GC(598) Pause Remark 755M->90M(1026M) 0.679ms
[2020-01-31T22:06:27.041+0300][70.751s][info ][gc] GC(599) Pause Young (Normal) (G1 Evacuation Pause) 121M->118M(1026M) 43.661ms
[2020-01-31T22:06:27.061+0300][70.770s][info ][gc] GC(598) Pause Cleanup 164M->164M(1026M) 0.093ms
[2020-01-31T22:06:27.062+0300][70.771s][info ][gc] GC(598) Concurrent Cycle 94.025ms
[2020-01-31T22:06:27.329+0300][71.038s][info ][gc] GC(600) Pause Young (Normal) (G1 Evacuation Pause) 408M->408M(1026M) 166.848ms
[2020-01-31T22:06:27.529+0300][71.238s][info ][gc] GC(601) Pause Young (Normal) (G1 Evacuation Pause) 608M->609M(1026M) 115.052ms
[2020-01-31T22:06:27.651+0300][71.360s][info ][gc] GC(602) Pause Young (Concurrent Start) (G1 Humongous Allocation) 704M->704M(1026M) 70.981ms
[2020-01-31T22:06:27.651+0300][71.361s][info ][gc] GC(603) Concurrent Cycle
[2020-01-31T22:06:27.762+0300][71.472s][info ][gc] GC(604) Pause Young (Normal) (G1 Evacuation Pause) 791M->793M(1026M) 48.914ms
[2020-01-31T22:06:27.768+0300][71.477s][debug][gc] GC(603) Reclaimed 575 empty regions
[2020-01-31T22:06:27.768+0300][71.478s][info ][gc] GC(603) Pause Remark 806M->231M(1026M) 0.638ms
[2020-01-31T22:06:27.810+0300][71.520s][info ][gc] GC(605) Pause Young (Normal) (G1 Evacuation Pause) 258M->259M(1026M) 31.117ms
[2020-01-31T22:06:28.070+0300][71.779s][info ][gc] GC(606) Pause Young (Normal) (G1 Evacuation Pause) 506M->506M(1026M) 144.024ms
[2020-01-31T22:06:28.109+0300][71.818s][info ][gc] GC(603) Pause Cleanup 507M->507M(1026M) 0.143ms
[2020-01-31T22:06:28.110+0300][71.819s][info ][gc] GC(603) Concurrent Cycle 458.706ms
[2020-01-31T22:06:28.186+0300][71.895s][info ][gc] GC(607) Pause Young (Concurrent Start) (G1 Humongous Allocation) 537M->537M(1026M) 52.389ms
[2020-01-31T22:06:28.186+0300][71.895s][info ][gc] GC(608) Concurrent Cycle
[2020-01-31T22:06:28.222+0300][71.931s][debug][gc] GC(608) Reclaimed 470 empty regions
[2020-01-31T22:06:28.222+0300][71.931s][info ][gc] GC(608) Pause Remark 641M->171M(1026M) 0.728ms
[2020-01-31T22:06:28.352+0300][72.062s][info ][gc] GC(609) Pause Young (Normal) (G1 Evacuation Pause) 226M->207M(1026M) 105.545ms
[2020-01-31T22:06:28.373+0300][72.082s][info ][gc] GC(608) Pause Cleanup 232M->232M(1026M) 0.124ms
[2020-01-31T22:06:28.374+0300][72.083s][info ][gc] GC(608) Concurrent Cycle 187.755ms
[2020-01-31T22:06:28.645+0300][72.354s][info ][gc] GC(610) Pause Young (Normal) (G1 Evacuation Pause) 449M->450M(1026M) 174.082ms
[2020-01-31T22:06:28.831+0300][72.540s][info ][gc] GC(611) Pause Young (Normal) (G1 Evacuation Pause) 637M->637M(1026M) 101.868ms
[2020-01-31T22:06:28.946+0300][72.655s][info ][gc] GC(612) Pause Young (Concurrent Start) (G1 Humongous Allocation) 723M->723M(1026M) 69.916ms
[2020-01-31T22:06:28.946+0300][72.655s][info ][gc] GC(613) Concurrent Cycle
[2020-01-31T22:06:29.048+0300][72.757s][info ][gc] GC(614) Pause Young (Normal) (G1 Evacuation Pause) 804M->805M(1026M) 44.825ms
[2020-01-31T22:06:29.054+0300][72.763s][debug][gc] GC(613) Reclaimed 605 empty regions
[2020-01-31T22:06:29.054+0300][72.763s][info ][gc] GC(613) Pause Remark 817M->212M(1026M) 0.636ms
[2020-01-31T22:06:29.097+0300][72.807s][info ][gc] GC(615) Pause Young (Normal) (G1 Evacuation Pause) 241M->242M(1026M) 32.544ms
[2020-01-31T22:06:29.340+0300][73.050s][info ][gc] GC(616) Pause Young (Normal) (G1 Evacuation Pause) 493M->494M(1026M) 128.261ms
[2020-01-31T22:06:29.376+0300][73.085s][info ][gc] GC(613) Pause Cleanup 494M->494M(1026M) 0.126ms
[2020-01-31T22:06:29.377+0300][73.086s][info ][gc] GC(613) Concurrent Cycle 431.070ms
[2020-01-31T22:06:29.461+0300][73.171s][info ][gc] GC(617) Pause Young (Concurrent Start) (G1 Humongous Allocation) 525M->526M(1026M) 53.356ms
[2020-01-31T22:06:29.461+0300][73.171s][info ][gc] GC(618) Concurrent Cycle
[2020-01-31T22:06:29.498+0300][73.208s][debug][gc] GC(618) Reclaimed 457 empty regions
[2020-01-31T22:06:29.498+0300][73.208s][info ][gc] GC(618) Pause Remark 631M->174M(1026M) 0.606ms
[2020-01-31T22:06:29.601+0300][73.310s][info ][gc] GC(619) Pause Young (Normal) (G1 Evacuation Pause) 232M->212M(1026M) 75.306ms
[2020-01-31T22:06:29.621+0300][73.330s][info ][gc] GC(618) Pause Cleanup 231M->231M(1026M) 0.104ms
[2020-01-31T22:06:29.622+0300][73.331s][info ][gc] GC(618) Concurrent Cycle 160.149ms
[2020-01-31T22:06:29.868+0300][73.578s][info ][gc] GC(620) Pause Young (Normal) (G1 Evacuation Pause) 453M->453M(1026M) 147.834ms
[2020-01-31T22:06:30.019+0300][73.728s][info ][gc] GC(621) Pause Young (Concurrent Start) (G1 Humongous Allocation) 588M->589M(1026M) 83.755ms
[2020-01-31T22:06:30.019+0300][73.728s][info ][gc] GC(622) Concurrent Cycle
[2020-01-31T22:06:30.165+0300][73.875s][info ][gc] GC(623) Pause Young (Normal) (G1 Evacuation Pause) 712M->713M(1026M) 69.711ms
[2020-01-31T22:06:30.171+0300][73.880s][debug][gc] GC(622) Reclaimed 434 empty regions
[2020-01-31T22:06:30.171+0300][73.880s][info ][gc] GC(622) Pause Remark 725M->291M(1026M) 0.607ms
[2020-01-31T22:06:30.249+0300][73.959s][info ][gc] GC(624) Pause Young (Normal) (G1 Evacuation Pause) 364M->365M(1026M) 47.623ms
[2020-01-31T22:06:30.467+0300][74.176s][info ][gc] GC(625) Pause Young (Normal) (G1 Evacuation Pause) 558M->558M(1026M) 134.107ms
[2020-01-31T22:06:30.568+0300][74.277s][info ][gc] GC(622) Pause Cleanup 613M->613M(1026M) 0.150ms
[2020-01-31T22:06:30.569+0300][74.278s][info ][gc] GC(622) Concurrent Cycle 549.696ms
[2020-01-31T22:06:30.695+0300][74.405s][info ][gc] GC(626) Pause Young (Normal) (G1 Evacuation Pause) 691M->692M(1026M) 91.783ms
[2020-01-31T22:06:30.722+0300][74.431s][info ][gc] GC(627) Pause Young (Concurrent Start) (G1 Humongous Allocation) 697M->698M(1026M) 12.698ms
[2020-01-31T22:06:30.722+0300][74.432s][info ][gc] GC(628) Concurrent Cycle
[2020-01-31T22:06:30.742+0300][74.451s][debug][gc] GC(628) Reclaimed 664 empty regions
[2020-01-31T22:06:30.742+0300][74.451s][info ][gc] GC(628) Pause Remark 750M->86M(1026M) 0.814ms
[2020-01-31T22:06:30.827+0300][74.536s][info ][gc] GC(629) Pause Young (Normal) (G1 Evacuation Pause) 123M->119M(1026M) 56.477ms
[2020-01-31T22:06:30.830+0300][74.539s][info ][gc] GC(628) Pause Cleanup 119M->119M(1026M) 0.125ms
[2020-01-31T22:06:30.831+0300][74.540s][info ][gc] GC(628) Concurrent Cycle 108.519ms
[2020-01-31T22:06:31.110+0300][74.820s][info ][gc] GC(630) Pause Young (Normal) (G1 Evacuation Pause) 409M->409M(1026M) 149.539ms
[2020-01-31T22:06:31.306+0300][75.016s][info ][gc] GC(631) Pause Young (Normal) (G1 Evacuation Pause) 608M->609M(1026M) 109.454ms
[2020-01-31T22:06:31.423+0300][75.132s][info ][gc] GC(632) Pause Young (Concurrent Start) (G1 Humongous Allocation) 705M->705M(1026M) 66.862ms
[2020-01-31T22:06:31.423+0300][75.132s][info ][gc] GC(633) Concurrent Cycle
[2020-01-31T22:06:31.537+0300][75.246s][info ][gc] GC(634) Pause Young (Normal) (G1 Evacuation Pause) 792M->793M(1026M) 49.032ms
[2020-01-31T22:06:31.543+0300][75.252s][debug][gc] GC(633) Reclaimed 574 empty regions
[2020-01-31T22:06:31.543+0300][75.252s][info ][gc] GC(633) Pause Remark 800M->226M(1026M) 0.670ms
[2020-01-31T22:06:31.591+0300][75.300s][info ][gc] GC(635) Pause Young (Normal) (G1 Evacuation Pause) 259M->261M(1026M) 31.768ms
[2020-01-31T22:06:31.781+0300][75.491s][info ][gc] GC(633) Pause Cleanup 403M->403M(1026M) 0.129ms
[2020-01-31T22:06:31.782+0300][75.492s][info ][gc] GC(633) Concurrent Cycle 359.517ms
[2020-01-31T22:06:32.048+0300][75.758s][info ][gc] GC(636) Pause Young (Normal) (G1 Evacuation Pause) 507M->507M(1026M) 127.208ms
[2020-01-31T22:06:32.112+0300][75.822s][info ][gc] GC(637) Pause Young (Concurrent Start) (G1 Humongous Allocation) 539M->539M(1026M) 34.240ms
[2020-01-31T22:06:32.112+0300][75.822s][info ][gc] GC(638) Concurrent Cycle
[2020-01-31T22:06:32.149+0300][75.858s][debug][gc] GC(638) Reclaimed 468 empty regions
[2020-01-31T22:06:32.149+0300][75.858s][info ][gc] GC(638) Pause Remark 633M->165M(1026M) 0.688ms
[2020-01-31T22:06:32.206+0300][75.916s][info ][gc] GC(638) Pause Cleanup 206M->206M(1026M) 0.120ms
[2020-01-31T22:06:32.207+0300][75.916s][info ][gc] GC(638) Concurrent Cycle 94.790ms
[2020-01-31T22:06:32.314+0300][76.024s][info ][gc] GC(639) Pause Young (Normal) (G1 Evacuation Pause) 230M->211M(1026M) 99.851ms
[2020-01-31T22:06:32.608+0300][76.317s][info ][gc] GC(640) Pause Young (Normal) (G1 Evacuation Pause) 481M->482M(1026M) 142.331ms
[2020-01-31T22:06:32.740+0300][76.449s][info ][gc] GC(641) Pause Young (Concurrent Start) (G1 Humongous Allocation) 592M->592M(1026M) 76.776ms
[2020-01-31T22:06:32.740+0300][76.449s][info ][gc] GC(642) Concurrent Cycle
[2020-01-31T22:06:32.881+0300][76.591s][info ][gc] GC(643) Pause Young (Normal) (G1 Evacuation Pause) 714M->715M(1026M) 67.899ms
[2020-01-31T22:06:32.888+0300][76.597s][debug][gc] GC(642) Reclaimed 439 empty regions
[2020-01-31T22:06:32.888+0300][76.597s][info ][gc] GC(642) Pause Remark 725M->286M(1026M) 0.756ms
[2020-01-31T22:06:32.968+0300][76.677s][info ][gc] GC(644) Pause Young (Normal) (G1 Evacuation Pause) 360M->361M(1026M) 46.387ms
[2020-01-31T22:06:33.161+0300][76.871s][info ][gc] GC(645) Pause Young (Normal) (G1 Evacuation Pause) 555M->556M(1026M) 108.451ms
[2020-01-31T22:06:33.249+0300][76.959s][info ][gc] GC(642) Pause Cleanup 642M->642M(1026M) 0.141ms
[2020-01-31T22:06:33.250+0300][76.959s][info ][gc] GC(642) Concurrent Cycle 510.482ms
[2020-01-31T22:06:33.376+0300][77.085s][info ][gc] GC(646) Pause Young (Normal) (G1 Evacuation Pause) 689M->690M(1026M) 106.195ms
[2020-01-31T22:06:33.404+0300][77.113s][info ][gc] GC(647) Pause Young (Concurrent Start) (G1 Humongous Allocation) 696M->697M(1026M) 13.890ms
[2020-01-31T22:06:33.404+0300][77.113s][info ][gc] GC(648) Concurrent Cycle
[2020-01-31T22:06:33.422+0300][77.131s][debug][gc] GC(648) Reclaimed 660 empty regions
[2020-01-31T22:06:33.422+0300][77.131s][info ][gc] GC(648) Pause Remark 743M->83M(1026M) 1.078ms
[2020-01-31T22:06:33.494+0300][77.204s][info ][gc] GC(649) Pause Young (Normal) (G1 Evacuation Pause) 126M->120M(1026M) 48.424ms
[2020-01-31T22:06:33.499+0300][77.209s][info ][gc] GC(648) Pause Cleanup 129M->129M(1026M) 0.120ms
[2020-01-31T22:06:33.500+0300][77.210s][info ][gc] GC(648) Concurrent Cycle 97.404ms
[2020-01-31T22:06:33.790+0300][77.499s][info ][gc] GC(650) Pause Young (Normal) (G1 Evacuation Pause) 410M->411M(1026M) 142.481ms
[2020-01-31T22:06:33.983+0300][77.693s][info ][gc] GC(651) Pause Young (Normal) (G1 Evacuation Pause) 610M->610M(1026M) 108.376ms
[2020-01-31T22:06:34.100+0300][77.810s][info ][gc] GC(652) Pause Young (Concurrent Start) (G1 Humongous Allocation) 705M->706M(1026M) 66.546ms
[2020-01-31T22:06:34.100+0300][77.810s][info ][gc] GC(653) Concurrent Cycle
[2020-01-31T22:06:34.208+0300][77.918s][info ][gc] GC(654) Pause Young (Normal) (G1 Evacuation Pause) 793M->794M(1026M) 45.884ms
[2020-01-31T22:06:34.214+0300][77.924s][debug][gc] GC(653) Reclaimed 573 empty regions
[2020-01-31T22:06:34.214+0300][77.924s][info ][gc] GC(653) Pause Remark 807M->234M(1026M) 0.631ms
[2020-01-31T22:06:34.255+0300][77.964s][info ][gc] GC(655) Pause Young (Normal) (G1 Evacuation Pause) 261M->262M(1026M) 29.254ms
[2020-01-31T22:06:34.491+0300][78.200s][info ][gc] GC(656) Pause Young (Normal) (G1 Evacuation Pause) 507M->508M(1026M) 121.619ms
[2020-01-31T22:06:34.531+0300][78.240s][info ][gc] GC(653) Pause Cleanup 508M->508M(1026M) 0.133ms
[2020-01-31T22:06:34.532+0300][78.241s][info ][gc] GC(653) Concurrent Cycle 431.401ms
[2020-01-31T22:06:34.608+0300][78.318s][info ][gc] GC(657) Pause Young (Concurrent Start) (G1 Humongous Allocation) 540M->541M(1026M) 51.654ms
[2020-01-31T22:06:34.608+0300][78.318s][info ][gc] GC(658) Concurrent Cycle
[2020-01-31T22:06:34.646+0300][78.356s][debug][gc] GC(658) Reclaimed 468 empty regions
[2020-01-31T22:06:34.646+0300][78.356s][info ][gc] GC(658) Pause Remark 610M->142M(1026M) 0.688ms
[2020-01-31T22:06:34.700+0300][78.410s][info ][gc] GC(658) Pause Cleanup 230M->230M(1026M) 0.112ms
[2020-01-31T22:06:34.781+0300][78.491s][info ][gc] GC(659) Pause Young (Normal) (G1 Evacuation Pause) 231M->212M(1026M) 80.786ms
[2020-01-31T22:06:34.782+0300][78.491s][info ][gc] GC(658) Concurrent Cycle 172.880ms
[2020-01-31T22:06:35.090+0300][78.799s][info ][gc] GC(660) Pause Young (Normal) (G1 Evacuation Pause) 482M->482M(1026M) 151.120ms
[2020-01-31T22:06:35.228+0300][78.938s][info ][gc] GC(661) Pause Young (Concurrent Start) (G1 Humongous Allocation) 593M->594M(1026M) 79.630ms
[2020-01-31T22:06:35.228+0300][78.938s][info ][gc] GC(662) Concurrent Cycle
[2020-01-31T22:06:35.379+0300][79.088s][info ][gc] GC(663) Pause Young (Normal) (G1 Evacuation Pause) 716M->717M(1026M) 75.376ms
[2020-01-31T22:06:35.384+0300][79.094s][debug][gc] GC(662) Reclaimed 438 empty regions
[2020-01-31T22:06:35.385+0300][79.094s][info ][gc] GC(662) Pause Remark 724M->286M(1026M) 0.787ms
[2020-01-31T22:06:35.480+0300][79.189s][info ][gc] GC(664) Pause Young (Normal) (G1 Evacuation Pause) 362M->363M(1026M) 46.205ms
[2020-01-31T22:06:35.678+0300][79.388s][info ][gc] GC(665) Pause Young (Normal) (G1 Evacuation Pause) 557M->558M(1026M) 110.773ms
[2020-01-31T22:06:35.748+0300][79.457s][info ][gc] GC(662) Pause Cleanup 563M->563M(1026M) 0.121ms
[2020-01-31T22:06:35.749+0300][79.458s][info ][gc] GC(662) Concurrent Cycle 520.142ms
[2020-01-31T22:06:35.875+0300][79.584s][info ][gc] GC(666) Pause Young (Normal) (G1 Evacuation Pause) 691M->692M(1026M) 81.796ms
[2020-01-31T22:06:35.903+0300][79.612s][info ][gc] GC(667) Pause Young (Concurrent Start) (G1 Humongous Allocation) 699M->700M(1026M) 15.073ms
[2020-01-31T22:06:35.903+0300][79.612s][info ][gc] GC(668) Concurrent Cycle
[2020-01-31T22:06:35.921+0300][79.631s][debug][gc] GC(668) Reclaimed 662 empty regions
[2020-01-31T22:06:35.921+0300][79.631s][info ][gc] GC(668) Pause Remark 758M->96M(1026M) 0.730ms
[2020-01-31T22:06:35.981+0300][79.690s][info ][gc] GC(669) Pause Young (Normal) (G1 Evacuation Pause) 126M->119M(1026M) 46.086ms
[2020-01-31T22:06:35.997+0300][79.707s][info ][gc] GC(668) Pause Cleanup 146M->146M(1026M) 0.107ms
[2020-01-31T22:06:35.998+0300][79.707s][info ][gc] GC(668) Concurrent Cycle 95.061ms
[2020-01-31T22:06:36.252+0300][79.962s][info ][gc] GC(670) Pause Young (Normal) (G1 Evacuation Pause) 409M->410M(1026M) 144.467ms
[2020-01-31T22:06:36.444+0300][80.153s][info ][gc] GC(671) Pause Young (Normal) (G1 Evacuation Pause) 609M->610M(1026M) 107.050ms
[2020-01-31T22:06:36.547+0300][80.257s][info ][gc] GC(672) Pause Young (Concurrent Start) (G1 Evacuation Pause) 706M->707M(1026M) 65.566ms
[2020-01-31T22:06:36.547+0300][80.257s][info ][gc] GC(673) Concurrent Cycle
[2020-01-31T22:06:36.655+0300][80.364s][info ][gc] GC(674) Pause Young (Normal) (G1 Evacuation Pause) 793M->794M(1026M) 44.785ms
[2020-01-31T22:06:36.699+0300][80.409s][info ][gc] GC(675) Pause Young (Normal) (G1 Evacuation Pause) 834M->835M(1026M) 28.302ms
[2020-01-31T22:06:36.758+0300][80.467s][info ][gc] GC(676) Pause Young (Normal) (G1 Evacuation Pause) 899M->900M(1026M) 29.279ms
[2020-01-31T22:06:36.771+0300][80.480s][debug][gc] GC(673) Reclaimed 531 empty regions
[2020-01-31T22:06:36.771+0300][80.481s][info ][gc] GC(673) Pause Remark 930M->399M(1026M) 0.622ms
[2020-01-31T22:06:36.807+0300][80.516s][info ][gc] GC(677) Pause Young (Normal) (G1 Evacuation Pause) 413M->414M(1026M) 29.279ms
[2020-01-31T22:06:37.020+0300][80.730s][info ][gc] GC(678) Pause Young (Normal) (G1 Evacuation Pause) 612M->612M(1026M) 127.775ms
[2020-01-31T22:06:37.202+0300][80.911s][info ][gc] GC(679) Pause Young (Normal) (G1 Evacuation Pause) 708M->709M(1026M) 84.702ms
[2020-01-31T22:06:37.334+0300][81.044s][info ][gc] GC(680) Pause Young (Normal) (G1 Evacuation Pause) 795M->795M(1026M) 57.748ms
[2020-01-31T22:06:37.351+0300][81.061s][info ][gc] GC(673) Pause Cleanup 833M->833M(1026M) 0.154ms
[2020-01-31T22:06:37.352+0300][81.062s][info ][gc] GC(673) Concurrent Cycle 804.955ms
[2020-01-31T22:06:37.401+0300][81.111s][info ][gc] GC(681) Pause Young (Normal) (G1 Evacuation Pause) 835M->836M(1026M) 48.950ms
[2020-01-31T22:06:37.435+0300][81.145s][info ][gc] GC(682) Pause Young (Concurrent Start) (G1 Humongous Allocation) 856M->857M(1026M) 15.532ms
[2020-01-31T22:06:37.435+0300][81.145s][info ][gc] GC(683) Concurrent Cycle
[2020-01-31T22:06:37.484+0300][81.194s][info ][gc] GC(684) Pause Young (Normal) (G1 Evacuation Pause) 921M->922M(1026M) 29.682ms
[2020-01-31T22:06:37.485+0300][81.195s][debug][gc] GC(683) Reclaimed 815 empty regions
[2020-01-31T22:06:37.486+0300][81.195s][info ][gc] GC(683) Pause Remark 923M->108M(1026M) 0.677ms
[2020-01-31T22:06:37.532+0300][81.242s][info ][gc] GC(685) Pause Young (Normal) (G1 Evacuation Pause) 151M->152M(1026M) 29.535ms
[2020-01-31T22:06:37.584+0300][81.293s][info ][gc] GC(683) Pause Cleanup 261M->261M(1026M) 0.185ms
[2020-01-31T22:06:37.585+0300][81.294s][info ][gc] GC(683) Concurrent Cycle 149.483ms
[2020-01-31T22:06:37.823+0300][81.532s][info ][gc] GC(686) Pause Young (Normal) (G1 Evacuation Pause) 432M->432M(1026M) 166.451ms
[2020-01-31T22:06:38.021+0300][81.730s][info ][gc] GC(687) Pause Young (Normal) (G1 Evacuation Pause) 624M->625M(1026M) 114.374ms
[2020-01-31T22:06:38.120+0300][81.829s][info ][gc] GC(688) Pause Young (Concurrent Start) (G1 Evacuation Pause) 717M->717M(1026M) 62.605ms
[2020-01-31T22:06:38.120+0300][81.829s][info ][gc] GC(689) Concurrent Cycle
[2020-01-31T22:06:38.223+0300][81.932s][info ][gc] GC(690) Pause Young (Normal) (G1 Evacuation Pause) 800M->801M(1026M) 42.932ms
[2020-01-31T22:06:38.271+0300][81.980s][info ][gc] GC(691) Pause Young (Normal) (G1 Evacuation Pause) 842M->843M(1026M) 30.643ms
[2020-01-31T22:06:38.330+0300][82.039s][info ][gc] GC(692) Pause Young (Normal) (G1 Evacuation Pause) 907M->908M(1026M) 29.411ms
[2020-01-31T22:06:38.347+0300][82.056s][debug][gc] GC(689) Reclaimed 544 empty regions
[2020-01-31T22:06:38.347+0300][82.056s][info ][gc] GC(689) Pause Remark 949M->405M(1026M) 0.623ms
[2020-01-31T22:06:38.378+0300][82.087s][info ][gc] GC(693) Pause Young (Normal) (G1 Evacuation Pause) 408M->409M(1026M) 29.329ms
[2020-01-31T22:06:38.566+0300][82.276s][info ][gc] GC(694) Pause Young (Normal) (G1 Evacuation Pause) 609M->610M(1026M) 103.178ms
[2020-01-31T22:06:38.740+0300][82.450s][info ][gc] GC(695) Pause Young (Normal) (G1 Evacuation Pause) 707M->707M(1026M) 86.601ms
[2020-01-31T22:06:38.865+0300][82.574s][info ][gc] GC(696) Pause Young (Normal) (G1 Evacuation Pause) 793M->794M(1026M) 62.143ms
[2020-01-31T22:06:38.945+0300][82.654s][info ][gc] GC(697) Pause Young (Normal) (G1 Evacuation Pause) 834M->835M(1026M) 48.527ms
[2020-01-31T22:06:38.959+0300][82.669s][info ][gc] GC(689) Pause Cleanup 835M->835M(1026M) 0.173ms
[2020-01-31T22:06:38.960+0300][82.670s][info ][gc] GC(689) Concurrent Cycle 840.570ms
[2020-01-31T22:06:39.009+0300][82.718s][info ][gc] GC(698) Pause Young (Concurrent Start) (G1 Humongous Allocation) 855M->856M(1026M) 27.436ms
[2020-01-31T22:06:39.009+0300][82.718s][info ][gc] GC(699) Concurrent Cycle
[2020-01-31T22:06:39.058+0300][82.767s][info ][gc] GC(700) Pause Young (Normal) (G1 Evacuation Pause) 920M->920M(1026M) 29.914ms
[2020-01-31T22:06:39.060+0300][82.769s][debug][gc] GC(699) Reclaimed 813 empty regions
[2020-01-31T22:06:39.060+0300][82.769s][info ][gc] GC(699) Pause Remark 923M->110M(1026M) 0.658ms
[2020-01-31T22:06:39.105+0300][82.815s][info ][gc] GC(701) Pause Young (Normal) (G1 Evacuation Pause) 151M->152M(1026M) 29.890ms
[2020-01-31T22:06:39.157+0300][82.867s][info ][gc] GC(699) Pause Cleanup 269M->269M(1026M) 0.127ms
[2020-01-31T22:06:39.158+0300][82.868s][info ][gc] GC(699) Concurrent Cycle 149.426ms
[2020-01-31T22:06:39.361+0300][83.070s][info ][gc] GC(702) Pause Young (Normal) (G1 Evacuation Pause) 432M->433M(1026M) 134.875ms
[2020-01-31T22:06:39.543+0300][83.252s][info ][gc] GC(703) Pause Young (Normal) (G1 Evacuation Pause) 625M->626M(1026M) 100.106ms
[2020-01-31T22:06:39.643+0300][83.352s][info ][gc] GC(704) Pause Young (Concurrent Start) (G1 Evacuation Pause) 717M->718M(1026M) 63.974ms
[2020-01-31T22:06:39.643+0300][83.352s][info ][gc] GC(705) Concurrent Cycle
[2020-01-31T22:06:39.745+0300][83.455s][info ][gc] GC(706) Pause Young (Normal) (G1 Evacuation Pause) 801M->802M(1026M) 43.462ms
[2020-01-31T22:06:39.791+0300][83.500s][info ][gc] GC(707) Pause Young (Normal) (G1 Evacuation Pause) 843M->844M(1026M) 28.751ms
[2020-01-31T22:06:39.853+0300][83.563s][info ][gc] GC(708) Pause Young (Normal) (G1 Evacuation Pause) 908M->909M(1026M) 32.315ms
[2020-01-31T22:06:39.871+0300][83.580s][debug][gc] GC(705) Reclaimed 542 empty regions
[2020-01-31T22:06:39.871+0300][83.580s][info ][gc] GC(705) Pause Remark 933M->391M(1026M) 0.782ms
[2020-01-31T22:06:39.917+0300][83.627s][info ][gc] GC(709) Pause Young (Normal) (G1 Evacuation Pause) 411M->412M(1026M) 37.187ms
[2020-01-31T22:06:40.113+0300][83.822s][info ][gc] GC(710) Pause Young (Normal) (G1 Evacuation Pause) 610M->611M(1026M) 104.863ms
[2020-01-31T22:06:40.283+0300][83.992s][info ][gc] GC(711) Pause Young (Normal) (G1 Evacuation Pause) 707M->708M(1026M) 90.455ms
[2020-01-31T22:06:40.417+0300][84.127s][info ][gc] GC(712) Pause Young (Normal) (G1 Evacuation Pause) 794M->795M(1026M) 58.756ms
[2020-01-31T22:06:40.443+0300][84.153s][info ][gc] GC(705) Pause Cleanup 831M->831M(1026M) 0.189ms
[2020-01-31T22:06:40.444+0300][84.154s][info ][gc] GC(705) Concurrent Cycle 801.926ms
[2020-01-31T22:06:40.493+0300][84.203s][info ][gc] GC(713) Pause Young (Normal) (G1 Evacuation Pause) 835M->836M(1026M) 47.375ms
[2020-01-31T22:06:40.536+0300][84.246s][info ][gc] GC(714) Pause Young (Concurrent Start) (G1 Humongous Allocation) 860M->861M(1026M) 22.855ms
[2020-01-31T22:06:40.536+0300][84.246s][info ][gc] GC(715) Concurrent Cycle
[2020-01-31T22:06:40.560+0300][84.269s][debug][gc] GC(715) Reclaimed 812 empty regions
[2020-01-31T22:06:40.560+0300][84.269s][info ][gc] GC(715) Pause Remark 923M->111M(1026M) 0.871ms
[2020-01-31T22:06:40.591+0300][84.301s][info ][gc] GC(716) Pause Young (Normal) (G1 Evacuation Pause) 113M->107M(1026M) 30.546ms
[2020-01-31T22:06:40.629+0300][84.338s][info ][gc] GC(715) Pause Cleanup 178M->178M(1026M) 0.116ms
[2020-01-31T22:06:40.629+0300][84.339s][info ][gc] GC(715) Concurrent Cycle 92.985ms
[2020-01-31T22:06:40.860+0300][84.570s][info ][gc] GC(717) Pause Young (Normal) (G1 Evacuation Pause) 401M->401M(1026M) 145.240ms
[2020-01-31T22:06:41.067+0300][84.776s][info ][gc] GC(718) Pause Young (Normal) (G1 Evacuation Pause) 603M->603M(1026M) 112.472ms
[2020-01-31T22:06:41.172+0300][84.882s][info ][gc] GC(719) Pause Young (Concurrent Start) (G1 Evacuation Pause) 702M->703M(1026M) 67.023ms
[2020-01-31T22:06:41.173+0300][84.882s][info ][gc] GC(720) Concurrent Cycle
[2020-01-31T22:06:41.283+0300][84.993s][info ][gc] GC(721) Pause Young (Normal) (G1 Evacuation Pause) 790M->791M(1026M) 45.783ms
[2020-01-31T22:06:41.332+0300][85.042s][info ][gc] GC(722) Pause Young (Normal) (G1 Evacuation Pause) 831M->832M(1026M) 31.968ms
[2020-01-31T22:06:41.345+0300][85.054s][debug][gc] GC(720) Reclaimed 538 empty regions
[2020-01-31T22:06:41.345+0300][85.055s][info ][gc] GC(720) Pause Remark 855M->317M(1026M) 0.806ms
[2020-01-31T22:06:41.402+0300][85.111s][info ][gc] GC(723) Pause Young (Normal) (G1 Evacuation Pause) 358M->359M(1026M) 39.055ms
[2020-01-31T22:06:41.593+0300][85.302s][info ][gc] GC(724) Pause Young (Normal) (G1 Evacuation Pause) 554M->555M(1026M) 108.354ms
[2020-01-31T22:06:41.800+0300][85.509s][info ][gc] GC(725) Pause Young (Normal) (G1 Evacuation Pause) 689M->690M(1026M) 93.593ms
[2020-01-31T22:06:41.809+0300][85.518s][info ][gc] GC(720) Pause Cleanup 690M->690M(1026M) 0.166ms
[2020-01-31T22:06:41.809+0300][85.518s][info ][gc] GC(720) Concurrent Cycle 636.356ms
[2020-01-31T22:06:41.888+0300][85.598s][info ][gc] GC(726) Pause Young (Concurrent Start) (G1 Humongous Allocation) 723M->724M(1026M) 55.064ms
[2020-01-31T22:06:41.888+0300][85.598s][info ][gc] GC(727) Concurrent Cycle
[2020-01-31T22:06:41.976+0300][85.686s][info ][gc] GC(728) Pause Young (Normal) (G1 Evacuation Pause) 805M->806M(1026M) 55.251ms
[2020-01-31T22:06:41.978+0300][85.687s][debug][gc] GC(727) Reclaimed 655 empty regions
[2020-01-31T22:06:41.978+0300][85.687s][info ][gc] GC(727) Pause Remark 808M->153M(1026M) 0.727ms
[2020-01-31T22:06:42.025+0300][85.734s][info ][gc] GC(729) Pause Young (Normal) (G1 Evacuation Pause) 192M->192M(1026M) 30.311ms
[2020-01-31T22:06:42.106+0300][85.816s][info ][gc] GC(727) Pause Cleanup 381M->381M(1026M) 0.117ms
[2020-01-31T22:06:42.107+0300][85.817s][info ][gc] GC(727) Concurrent Cycle 218.684ms
[2020-01-31T22:06:42.291+0300][86.000s][info ][gc] GC(730) Pause Young (Normal) (G1 Evacuation Pause) 459M->460M(1026M) 153.544ms
[2020-01-31T22:06:42.464+0300][86.174s][info ][gc] GC(731) Pause Young (Concurrent Start) (G1 Humongous Allocation) 610M->610M(1026M) 101.375ms
[2020-01-31T22:06:42.464+0300][86.174s][info ][gc] GC(732) Concurrent Cycle
[2020-01-31T22:06:42.612+0300][86.321s][info ][gc] GC(733) Pause Young (Normal) (G1 Evacuation Pause) 726M->728M(1026M) 63.826ms
[2020-01-31T22:06:42.617+0300][86.327s][debug][gc] GC(732) Reclaimed 433 empty regions
[2020-01-31T22:06:42.617+0300][86.327s][info ][gc] GC(732) Pause Remark 740M->307M(1026M) 0.599ms
[2020-01-31T22:06:42.706+0300][86.415s][info ][gc] GC(734) Pause Young (Normal) (G1 Evacuation Pause) 375M->376M(1026M) 56.998ms
[2020-01-31T22:06:42.900+0300][86.609s][info ][gc] GC(735) Pause Young (Normal) (G1 Evacuation Pause) 566M->566M(1026M) 105.018ms
[2020-01-31T22:06:42.995+0300][86.705s][info ][gc] GC(732) Pause Cleanup 681M->681M(1026M) 0.143ms
[2020-01-31T22:06:42.996+0300][86.706s][info ][gc] GC(732) Concurrent Cycle 531.739ms
[2020-01-31T22:06:43.085+0300][86.795s][info ][gc] GC(736) Pause Young (Normal) (G1 Evacuation Pause) 696M->697M(1026M) 82.886ms
[2020-01-31T22:06:43.131+0300][86.841s][info ][gc] GC(737) Pause Young (Concurrent Start) (G1 Humongous Allocation) 720M->721M(1026M) 24.683ms
[2020-01-31T22:06:43.131+0300][86.841s][info ][gc] GC(738) Concurrent Cycle
[2020-01-31T22:06:43.159+0300][86.868s][debug][gc] GC(738) Reclaimed 663 empty regions
[2020-01-31T22:06:43.159+0300][86.869s][info ][gc] GC(738) Pause Remark 792M->129M(1026M) 0.752ms
[2020-01-31T22:06:43.200+0300][86.910s][info ][gc] GC(739) Pause Young (Normal) (G1 Evacuation Pause) 140M->130M(1026M) 36.560ms
[2020-01-31T22:06:43.238+0300][86.947s][info ][gc] GC(738) Pause Cleanup 213M->213M(1026M) 0.132ms
[2020-01-31T22:06:43.238+0300][86.948s][info ][gc] GC(738) Concurrent Cycle 106.752ms
[2020-01-31T22:06:43.467+0300][87.177s][info ][gc] GC(740) Pause Young (Normal) (G1 Evacuation Pause) 417M->418M(1026M) 145.969ms
[2020-01-31T22:06:43.658+0300][87.367s][info ][gc] GC(741) Pause Young (Normal) (G1 Evacuation Pause) 615M->615M(1026M) 104.692ms
[2020-01-31T22:06:43.766+0300][87.475s][info ][gc] GC(742) Pause Young (Concurrent Start) (G1 Evacuation Pause) 710M->711M(1026M) 70.896ms
[2020-01-31T22:06:43.766+0300][87.476s][info ][gc] GC(743) Concurrent Cycle
[2020-01-31T22:06:43.878+0300][87.587s][info ][gc] GC(744) Pause Young (Normal) (G1 Evacuation Pause) 796M->797M(1026M) 46.700ms
[2020-01-31T22:06:43.928+0300][87.638s][info ][gc] GC(745) Pause Young (Normal) (G1 Evacuation Pause) 838M->839M(1026M) 30.598ms
[2020-01-31T22:06:43.948+0300][87.658s][debug][gc] GC(743) Reclaimed 544 empty regions
[2020-01-31T22:06:43.948+0300][87.658s][info ][gc] GC(743) Pause Remark 860M->316M(1026M) 0.648ms
[2020-01-31T22:06:43.990+0300][87.700s][info ][gc] GC(746) Pause Young (Normal) (G1 Evacuation Pause) 359M->360M(1026M) 30.712ms
[2020-01-31T22:06:44.188+0300][87.897s][info ][gc] GC(747) Pause Young (Normal) (G1 Evacuation Pause) 555M->556M(1026M) 107.167ms
[2020-01-31T22:06:44.372+0300][88.082s][info ][gc] GC(748) Pause Young (Normal) (G1 Evacuation Pause) 690M->690M(1026M) 93.566ms
[2020-01-31T22:06:44.399+0300][88.109s][info ][gc] GC(743) Pause Cleanup 690M->690M(1026M) 0.146ms
[2020-01-31T22:06:44.400+0300][88.109s][info ][gc] GC(743) Concurrent Cycle 633.767ms
[2020-01-31T22:06:44.471+0300][88.180s][info ][gc] GC(749) Pause Young (Concurrent Start) (G1 Humongous Allocation) 723M->723M(1026M) 45.869ms
[2020-01-31T22:06:44.471+0300][88.180s][info ][gc] GC(750) Concurrent Cycle
[2020-01-31T22:06:44.538+0300][88.247s][info ][gc] GC(751) Pause Young (Normal) (G1 Evacuation Pause) 804M->806M(1026M) 40.401ms
[2020-01-31T22:06:44.544+0300][88.253s][debug][gc] GC(750) Reclaimed 655 empty regions
[2020-01-31T22:06:44.544+0300][88.253s][info ][gc] GC(750) Pause Remark 819M->164M(1026M) 0.768ms
[2020-01-31T22:06:44.584+0300][88.293s][info ][gc] GC(752) Pause Young (Normal) (G1 Evacuation Pause) 192M->193M(1026M) 28.963ms
[2020-01-31T22:06:44.669+0300][88.379s][info ][gc] GC(750) Pause Cleanup 381M->381M(1026M) 0.118ms
[2020-01-31T22:06:44.670+0300][88.380s][info ][gc] GC(750) Concurrent Cycle 199.795ms
[2020-01-31T22:06:44.831+0300][88.540s][info ][gc] GC(753) Pause Young (Normal) (G1 Evacuation Pause) 460M->460M(1026M) 129.207ms
[2020-01-31T22:06:44.992+0300][88.702s][info ][gc] GC(754) Pause Young (Concurrent Start) (G1 Humongous Allocation) 610M->611M(1026M) 87.685ms
[2020-01-31T22:06:44.993+0300][88.702s][info ][gc] GC(755) Concurrent Cycle
[2020-01-31T22:06:45.139+0300][88.849s][info ][gc] GC(756) Pause Young (Normal) (G1 Evacuation Pause) 727M->727M(1026M) 63.255ms
[2020-01-31T22:06:45.148+0300][88.858s][debug][gc] GC(755) Reclaimed 433 empty regions
[2020-01-31T22:06:45.148+0300][88.858s][info ][gc] GC(755) Pause Remark 736M->303M(1026M) 3.258ms
[2020-01-31T22:06:45.242+0300][88.951s][info ][gc] GC(757) Pause Young (Normal) (G1 Evacuation Pause) 374M->375M(1026M) 45.560ms
[2020-01-31T22:06:45.438+0300][89.147s][info ][gc] GC(758) Pause Young (Normal) (G1 Evacuation Pause) 565M->566M(1026M) 108.767ms
[2020-01-31T22:06:45.525+0300][89.234s][info ][gc] GC(755) Pause Cleanup 631M->631M(1026M) 0.235ms
[2020-01-31T22:06:45.526+0300][89.235s][info ][gc] GC(755) Concurrent Cycle 533.595ms
[2020-01-31T22:06:45.640+0300][89.349s][info ][gc] GC(759) Pause Young (Normal) (G1 Evacuation Pause) 697M->698M(1026M) 88.275ms
[2020-01-31T22:06:45.686+0300][89.396s][info ][gc] GC(760) Pause Young (Concurrent Start) (G1 Humongous Allocation) 720M->721M(1026M) 27.679ms
[2020-01-31T22:06:45.686+0300][89.396s][info ][gc] GC(761) Concurrent Cycle
[2020-01-31T22:06:45.713+0300][89.423s][debug][gc] GC(761) Reclaimed 664 empty regions
[2020-01-31T22:06:45.714+0300][89.423s][info ][gc] GC(761) Pause Remark 784M->120M(1026M) 0.892ms
[2020-01-31T22:06:45.778+0300][89.487s][info ][gc] GC(762) Pause Young (Normal) (G1 Evacuation Pause) 139M->128M(1026M) 52.023ms
[2020-01-31T22:06:45.805+0300][89.514s][info ][gc] GC(761) Pause Cleanup 151M->151M(1026M) 0.111ms
[2020-01-31T22:06:45.806+0300][89.515s][info ][gc] GC(761) Concurrent Cycle 119.526ms
[2020-01-31T22:06:46.100+0300][89.810s][info ][gc] GC(763) Pause Young (Normal) (G1 Evacuation Pause) 415M->416M(1026M) 174.168ms
[2020-01-31T22:06:46.299+0300][90.009s][info ][gc] GC(764) Pause Young (Normal) (G1 Evacuation Pause) 613M->614M(1026M) 112.069ms
[2020-01-31T22:06:46.427+0300][90.137s][info ][gc] GC(765) Pause Young (Concurrent Start) (G1 Evacuation Pause) 710M->710M(1026M) 88.643ms
[2020-01-31T22:06:46.427+0300][90.137s][info ][gc] GC(766) Concurrent Cycle
[2020-01-31T22:06:46.535+0300][90.244s][info ][gc] GC(767) Pause Young (Normal) (G1 Evacuation Pause) 795M->796M(1026M) 44.449ms
[2020-01-31T22:06:46.580+0300][90.290s][info ][gc] GC(768) Pause Young (Normal) (G1 Evacuation Pause) 837M->838M(1026M) 28.599ms
[2020-01-31T22:06:46.602+0300][90.312s][debug][gc] GC(766) Reclaimed 540 empty regions
[2020-01-31T22:06:46.602+0300][90.312s][info ][gc] GC(766) Pause Remark 884M->344M(1026M) 0.669ms
[2020-01-31T22:06:46.641+0300][90.350s][info ][gc] GC(769) Pause Young (Normal) (G1 Evacuation Pause) 362M->363M(1026M) 30.583ms
[2020-01-31T22:06:46.833+0300][90.543s][info ][gc] GC(770) Pause Young (Normal) (G1 Evacuation Pause) 557M->557M(1026M) 109.269ms
[2020-01-31T22:06:47.025+0300][90.734s][info ][gc] GC(771) Pause Young (Normal) (G1 Evacuation Pause) 690M->691M(1026M) 88.891ms
[2020-01-31T22:06:47.063+0300][90.772s][info ][gc] GC(766) Pause Cleanup 724M->724M(1026M) 0.159ms
[2020-01-31T22:06:47.064+0300][90.773s][info ][gc] GC(766) Concurrent Cycle 636.024ms
[2020-01-31T22:06:47.122+0300][90.831s][info ][gc] GC(772) Pause Young (Concurrent Start) (G1 Humongous Allocation) 724M->725M(1026M) 50.095ms
[2020-01-31T22:06:47.122+0300][90.831s][info ][gc] GC(773) Concurrent Cycle
[2020-01-31T22:06:47.196+0300][90.906s][info ][gc] GC(774) Pause Young (Normal) (G1 Evacuation Pause) 806M->806M(1026M) 47.082ms
[2020-01-31T22:06:47.202+0300][90.911s][debug][gc] GC(773) Reclaimed 654 empty regions
[2020-01-31T22:06:47.202+0300][90.911s][info ][gc] GC(773) Pause Remark 818M->164M(1026M) 0.678ms
[2020-01-31T22:06:47.244+0300][90.953s][info ][gc] GC(775) Pause Young (Normal) (G1 Evacuation Pause) 194M->195M(1026M) 29.732ms
[2020-01-31T22:06:47.329+0300][91.039s][info ][gc] GC(773) Pause Cleanup 393M->393M(1026M) 0.122ms
[2020-01-31T22:06:47.330+0300][91.039s][info ][gc] GC(773) Concurrent Cycle 208.559ms
[2020-01-31T22:06:47.485+0300][91.194s][info ][gc] GC(776) Pause Young (Normal) (G1 Evacuation Pause) 461M->462M(1026M) 127.834ms
[2020-01-31T22:06:47.653+0300][91.362s][info ][gc] GC(777) Pause Young (Concurrent Start) (G1 Humongous Allocation) 612M->612M(1026M) 95.216ms
[2020-01-31T22:06:47.653+0300][91.362s][info ][gc] GC(778) Concurrent Cycle
[2020-01-31T22:06:47.800+0300][91.510s][info ][gc] GC(779) Pause Young (Normal) (G1 Evacuation Pause) 728M->729M(1026M) 63.771ms
[2020-01-31T22:06:47.806+0300][91.516s][debug][gc] GC(778) Reclaimed 431 empty regions
[2020-01-31T22:06:47.806+0300][91.516s][info ][gc] GC(778) Pause Remark 742M->311M(1026M) 0.636ms
[2020-01-31T22:06:47.880+0300][91.589s][info ][gc] GC(780) Pause Young (Normal) (G1 Evacuation Pause) 377M->378M(1026M) 43.081ms
[2020-01-31T22:06:48.070+0300][91.780s][info ][gc] GC(781) Pause Young (Normal) (G1 Evacuation Pause) 567M->568M(1026M) 111.673ms
[2020-01-31T22:06:48.177+0300][91.886s][info ][gc] GC(778) Pause Cleanup 667M->667M(1026M) 0.141ms
[2020-01-31T22:06:48.177+0300][91.887s][info ][gc] GC(778) Concurrent Cycle 524.865ms
[2020-01-31T22:06:48.282+0300][91.991s][info ][gc] GC(782) Pause Young (Normal) (G1 Evacuation Pause) 698M->698M(1026M) 90.325ms
[2020-01-31T22:06:48.330+0300][92.039s][info ][gc] GC(783) Pause Young (Concurrent Start) (G1 Humongous Allocation) 723M->724M(1026M) 25.921ms
[2020-01-31T22:06:48.330+0300][92.039s][info ][gc] GC(784) Concurrent Cycle
[2020-01-31T22:06:48.397+0300][92.106s][info ][gc] GC(785) Pause Young (Normal) (G1 Evacuation Pause) 805M->806M(1026M) 40.703ms
[2020-01-31T22:06:48.398+0300][92.108s][debug][gc] GC(784) Reclaimed 658 empty regions
[2020-01-31T22:06:48.399+0300][92.108s][info ][gc] GC(784) Pause Remark 808M->150M(1026M) 0.687ms
[2020-01-31T22:06:48.445+0300][92.155s][info ][gc] GC(786) Pause Young (Normal) (G1 Evacuation Pause) 190M->190M(1026M) 30.197ms
[2020-01-31T22:06:48.520+0300][92.230s][info ][gc] GC(784) Pause Cleanup 357M->357M(1026M) 0.139ms
[2020-01-31T22:06:48.521+0300][92.231s][info ][gc] GC(784) Concurrent Cycle 191.614ms
[2020-01-31T22:06:48.694+0300][92.403s][info ][gc] GC(787) Pause Young (Normal) (G1 Evacuation Pause) 458M->459M(1026M) 131.592ms
[2020-01-31T22:06:48.850+0300][92.560s][info ][gc] GC(788) Pause Young (Concurrent Start) (G1 Humongous Allocation) 607M->607M(1026M) 85.288ms
[2020-01-31T22:06:48.850+0300][92.560s][info ][gc] GC(789) Concurrent Cycle
[2020-01-31T22:06:48.997+0300][92.707s][info ][gc] GC(790) Pause Young (Normal) (G1 Evacuation Pause) 724M->725M(1026M) 64.989ms
[2020-01-31T22:06:49.003+0300][92.713s][debug][gc] GC(789) Reclaimed 425 empty regions
[2020-01-31T22:06:49.003+0300][92.713s][info ][gc] GC(789) Pause Remark 736M->311M(1026M) 0.621ms
[2020-01-31T22:06:49.080+0300][92.789s][info ][gc] GC(791) Pause Young (Normal) (G1 Evacuation Pause) 381M->381M(1026M) 44.234ms
[2020-01-31T22:06:49.271+0300][92.981s][info ][gc] GC(792) Pause Young (Normal) (G1 Evacuation Pause) 569M->569M(1026M) 110.277ms
[2020-01-31T22:06:49.451+0300][93.161s][info ][gc] GC(793) Pause Young (Normal) (G1 Evacuation Pause) 698M->699M(1026M) 89.152ms
[2020-01-31T22:06:49.466+0300][93.175s][info ][gc] GC(789) Pause Cleanup 699M->699M(1026M) 0.157ms
[2020-01-31T22:06:49.467+0300][93.176s][info ][gc] GC(789) Concurrent Cycle 616.231ms
[2020-01-31T22:06:49.533+0300][93.242s][info ][gc] GC(794) Pause Young (Concurrent Start) (G1 Humongous Allocation) 723M->723M(1026M) 44.853ms
[2020-01-31T22:06:49.533+0300][93.242s][info ][gc] GC(795) Concurrent Cycle
[2020-01-31T22:06:49.598+0300][93.308s][info ][gc] GC(796) Pause Young (Normal) (G1 Evacuation Pause) 804M->806M(1026M) 39.916ms
[2020-01-31T22:06:49.599+0300][93.309s][debug][gc] GC(795) Reclaimed 658 empty regions
[2020-01-31T22:06:49.599+0300][93.309s][info ][gc] GC(795) Pause Remark 808M->150M(1026M) 0.781ms
[2020-01-31T22:06:49.645+0300][93.354s][info ][gc] GC(797) Pause Young (Normal) (G1 Evacuation Pause) 190M->191M(1026M) 29.110ms
[2020-01-31T22:06:49.720+0300][93.429s][info ][gc] GC(795) Pause Cleanup 358M->358M(1026M) 0.128ms
[2020-01-31T22:06:49.720+0300][93.430s][info ][gc] GC(795) Concurrent Cycle 187.755ms
[2020-01-31T22:06:49.886+0300][93.595s][info ][gc] GC(798) Pause Young (Normal) (G1 Evacuation Pause) 458M->459M(1026M) 126.536ms
[2020-01-31T22:06:50.046+0300][93.756s][info ][gc] GC(799) Pause Young (Concurrent Start) (G1 Humongous Allocation) 608M->608M(1026M) 87.052ms
[2020-01-31T22:06:50.046+0300][93.756s][info ][gc] GC(800) Concurrent Cycle
[2020-01-31T22:06:50.193+0300][93.902s][info ][gc] GC(801) Pause Young (Normal) (G1 Evacuation Pause) 725M->727M(1026M) 64.099ms
[2020-01-31T22:06:50.199+0300][93.908s][debug][gc] GC(800) Reclaimed 425 empty regions
[2020-01-31T22:06:50.199+0300][93.908s][info ][gc] GC(800) Pause Remark 740M->315M(1026M) 0.671ms
[2020-01-31T22:06:50.274+0300][93.983s][info ][gc] GC(802) Pause Young (Normal) (G1 Evacuation Pause) 382M->382M(1026M) 43.819ms
[2020-01-31T22:06:50.459+0300][94.169s][info ][gc] GC(803) Pause Young (Normal) (G1 Evacuation Pause) 570M->571M(1026M) 107.441ms
[2020-01-31T22:06:50.638+0300][94.348s][info ][gc] GC(804) Pause Young (Normal) (G1 Evacuation Pause) 700M->701M(1026M) 87.516ms
[2020-01-31T22:06:50.654+0300][94.364s][info ][gc] GC(800) Pause Cleanup 701M->701M(1026M) 0.163ms
[2020-01-31T22:06:50.655+0300][94.365s][info ][gc] GC(800) Concurrent Cycle 608.887ms
[2020-01-31T22:06:50.720+0300][94.430s][info ][gc] GC(805) Pause Young (Concurrent Start) (G1 Humongous Allocation) 726M->727M(1026M) 43.788ms
[2020-01-31T22:06:50.721+0300][94.430s][info ][gc] GC(806) Concurrent Cycle
[2020-01-31T22:06:50.786+0300][94.495s][info ][gc] GC(807) Pause Young (Normal) (G1 Evacuation Pause) 807M->808M(1026M) 39.772ms
[2020-01-31T22:06:50.788+0300][94.498s][debug][gc] GC(806) Reclaimed 660 empty regions
[2020-01-31T22:06:50.788+0300][94.498s][info ][gc] GC(806) Pause Remark 812M->152M(1026M) 0.651ms
[2020-01-31T22:06:50.832+0300][94.542s][info ][gc] GC(808) Pause Young (Normal) (G1 Evacuation Pause) 190M->190M(1026M) 28.936ms
[2020-01-31T22:06:50.907+0300][94.617s][info ][gc] GC(806) Pause Cleanup 362M->362M(1026M) 0.122ms
[2020-01-31T22:06:50.908+0300][94.617s][info ][gc] GC(806) Concurrent Cycle 187.413ms
[2020-01-31T22:06:51.075+0300][94.784s][info ][gc] GC(809) Pause Young (Normal) (G1 Evacuation Pause) 458M->459M(1026M) 128.115ms
[2020-01-31T22:06:51.234+0300][94.943s][info ][gc] GC(810) Pause Young (Concurrent Start) (G1 Humongous Allocation) 608M->609M(1026M) 87.085ms
[2020-01-31T22:06:51.234+0300][94.944s][info ][gc] GC(811) Concurrent Cycle
[2020-01-31T22:06:51.382+0300][95.091s][info ][gc] GC(812) Pause Young (Normal) (G1 Evacuation Pause) 726M->727M(1026M) 64.343ms
[2020-01-31T22:06:51.388+0300][95.097s][debug][gc] GC(811) Reclaimed 425 empty regions
[2020-01-31T22:06:51.388+0300][95.097s][info ][gc] GC(811) Pause Remark 739M->314M(1026M) 0.634ms
[2020-01-31T22:06:51.463+0300][95.172s][info ][gc] GC(813) Pause Young (Normal) (G1 Evacuation Pause) 382M->383M(1026M) 44.522ms
[2020-01-31T22:06:51.649+0300][95.359s][info ][gc] GC(814) Pause Young (Normal) (G1 Evacuation Pause) 570M->571M(1026M) 107.766ms
[2020-01-31T22:06:51.838+0300][95.548s][info ][gc] GC(815) Pause Young (Normal) (G1 Evacuation Pause) 700M->700M(1026M) 90.866ms
[2020-01-31T22:06:51.854+0300][95.564s][info ][gc] GC(811) Pause Cleanup 701M->701M(1026M) 0.171ms
[2020-01-31T22:06:51.854+0300][95.564s][info ][gc] GC(811) Concurrent Cycle 620.779ms
[2020-01-31T22:06:51.925+0300][95.635s][info ][gc] GC(816) Pause Young (Concurrent Start) (G1 Humongous Allocation) 726M->727M(1026M) 45.712ms
[2020-01-31T22:06:51.925+0300][95.635s][info ][gc] GC(817) Concurrent Cycle
[2020-01-31T22:06:51.991+0300][95.700s][info ][gc] GC(818) Pause Young (Normal) (G1 Evacuation Pause) 807M->808M(1026M) 39.594ms
[2020-01-31T22:06:51.994+0300][95.704s][debug][gc] GC(817) Reclaimed 659 empty regions
[2020-01-31T22:06:51.994+0300][95.704s][info ][gc] GC(817) Pause Remark 814M->155M(1026M) 0.861ms
[2020-01-31T22:06:52.039+0300][95.748s][info ][gc] GC(819) Pause Young (Normal) (G1 Evacuation Pause) 191M->191M(1026M) 29.857ms
[2020-01-31T22:06:52.116+0300][95.825s][info ][gc] GC(817) Pause Cleanup 367M->367M(1026M) 0.120ms
[2020-01-31T22:06:52.117+0300][95.826s][info ][gc] GC(817) Concurrent Cycle 190.679ms
[2020-01-31T22:06:52.281+0300][95.991s][info ][gc] GC(820) Pause Young (Normal) (G1 Evacuation Pause) 458M->459M(1026M) 129.141ms
[2020-01-31T22:06:52.442+0300][96.152s][info ][gc] GC(821) Pause Young (Concurrent Start) (G1 Humongous Allocation) 609M->609M(1026M) 88.950ms
[2020-01-31T22:06:52.442+0300][96.152s][info ][gc] GC(822) Concurrent Cycle
[2020-01-31T22:06:52.591+0300][96.301s][info ][gc] GC(823) Pause Young (Normal) (G1 Evacuation Pause) 726M->726M(1026M) 65.209ms
[2020-01-31T22:06:52.597+0300][96.306s][debug][gc] GC(822) Reclaimed 425 empty regions
[2020-01-31T22:06:52.597+0300][96.306s][info ][gc] GC(822) Pause Remark 738M->313M(1026M) 0.615ms
[2020-01-31T22:06:52.671+0300][96.380s][info ][gc] GC(824) Pause Young (Normal) (G1 Evacuation Pause) 381M->382M(1026M) 43.783ms
[2020-01-31T22:06:52.865+0300][96.574s][info ][gc] GC(825) Pause Young (Normal) (G1 Evacuation Pause) 570M->570M(1026M) 115.279ms
[2020-01-31T22:06:53.057+0300][96.766s][info ][gc] GC(826) Pause Young (Normal) (G1 Evacuation Pause) 699M->700M(1026M) 91.247ms
[2020-01-31T22:06:53.068+0300][96.778s][info ][gc] GC(822) Pause Cleanup 701M->701M(1026M) 0.157ms
[2020-01-31T22:06:53.069+0300][96.778s][info ][gc] GC(822) Concurrent Cycle 626.782ms
[2020-01-31T22:06:53.142+0300][96.852s][info ][gc] GC(827) Pause Young (Concurrent Start) (G1 Humongous Allocation) 725M->726M(1026M) 50.758ms
[2020-01-31T22:06:53.143+0300][96.852s][info ][gc] GC(828) Concurrent Cycle
[2020-01-31T22:06:53.212+0300][96.921s][info ][gc] GC(829) Pause Young (Normal) (G1 Evacuation Pause) 806M->806M(1026M) 43.469ms
[2020-01-31T22:06:53.215+0300][96.924s][debug][gc] GC(828) Reclaimed 659 empty regions
[2020-01-31T22:06:53.215+0300][96.924s][info ][gc] GC(828) Pause Remark 810M->151M(1026M) 0.946ms
[2020-01-31T22:06:53.261+0300][96.971s][info ][gc] GC(830) Pause Young (Normal) (G1 Evacuation Pause) 189M->190M(1026M) 31.175ms
[2020-01-31T22:06:53.336+0300][97.046s][info ][gc] GC(828) Pause Cleanup 337M->337M(1026M) 0.118ms
[2020-01-31T22:06:53.337+0300][97.046s][info ][gc] GC(828) Concurrent Cycle 194.361ms
[2020-01-31T22:06:53.518+0300][97.228s][info ][gc] GC(831) Pause Young (Normal) (G1 Evacuation Pause) 458M->458M(1026M) 139.886ms
[2020-01-31T22:06:53.728+0300][97.437s][info ][gc] GC(832) Pause Young (Concurrent Start) (G1 Humongous Allocation) 607M->608M(1026M) 125.894ms
[2020-01-31T22:06:53.728+0300][97.437s][info ][gc] GC(833) Concurrent Cycle
[2020-01-31T22:06:53.881+0300][97.591s][info ][gc] GC(834) Pause Young (Normal) (G1 Evacuation Pause) 725M->726M(1026M) 69.429ms
[2020-01-31T22:06:53.887+0300][97.597s][debug][gc] GC(833) Reclaimed 424 empty regions
[2020-01-31T22:06:53.887+0300][97.597s][info ][gc] GC(833) Pause Remark 739M->315M(1026M) 0.756ms
[2020-01-31T22:06:53.966+0300][97.675s][info ][gc] GC(835) Pause Young (Normal) (G1 Evacuation Pause) 382M->383M(1026M) 48.447ms
[2020-01-31T22:06:54.160+0300][97.869s][info ][gc] GC(836) Pause Young (Normal) (G1 Evacuation Pause) 570M->571M(1026M) 110.079ms
[2020-01-31T22:06:54.344+0300][98.054s][info ][gc] GC(837) Pause Young (Normal) (G1 Evacuation Pause) 700M->700M(1026M) 84.904ms
[2020-01-31T22:06:54.354+0300][98.064s][info ][gc] GC(833) Pause Cleanup 701M->701M(1026M) 0.159ms
[2020-01-31T22:06:54.355+0300][98.065s][info ][gc] GC(833) Concurrent Cycle 627.658ms
[2020-01-31T22:06:54.429+0300][98.138s][info ][gc] GC(838) Pause Young (Concurrent Start) (G1 Humongous Allocation) 726M->726M(1026M) 52.072ms
[2020-01-31T22:06:54.429+0300][98.138s][info ][gc] GC(839) Concurrent Cycle
[2020-01-31T22:06:54.458+0300][98.168s][debug][gc] GC(839) Reclaimed 659 empty regions
[2020-01-31T22:06:54.458+0300][98.168s][info ][gc] GC(839) Pause Remark 772M->113M(1026M) 0.827ms
[2020-01-31T22:06:54.524+0300][98.234s][info ][gc] GC(840) Pause Young (Normal) (G1 Evacuation Pause) 147M->137M(1026M) 43.750ms
[2020-01-31T22:06:54.549+0300][98.258s][info ][gc] GC(839) Pause Cleanup 192M->192M(1026M) 0.119ms
[2020-01-31T22:06:54.550+0300][98.259s][info ][gc] GC(839) Concurrent Cycle 120.537ms
[2020-01-31T22:06:54.821+0300][98.530s][info ][gc] GC(841) Pause Young (Normal) (G1 Evacuation Pause) 421M->422M(1026M) 139.528ms
[2020-01-31T22:06:55.013+0300][98.723s][info ][gc] GC(842) Pause Young (Normal) (G1 Evacuation Pause) 618M->618M(1026M) 105.169ms
[2020-01-31T22:06:55.123+0300][98.832s][info ][gc] GC(843) Pause Young (Concurrent Start) (G1 Evacuation Pause) 712M->713M(1026M) 70.978ms
[2020-01-31T22:06:55.123+0300][98.832s][info ][gc] GC(844) Concurrent Cycle
[2020-01-31T22:06:55.229+0300][98.938s][info ][gc] GC(845) Pause Young (Normal) (G1 Evacuation Pause) 798M->798M(1026M) 44.582ms
[2020-01-31T22:06:55.274+0300][98.983s][info ][gc] GC(846) Pause Young (Normal) (G1 Evacuation Pause) 839M->840M(1026M) 28.147ms
[2020-01-31T22:06:55.286+0300][98.995s][debug][gc] GC(844) Reclaimed 546 empty regions
[2020-01-31T22:06:55.286+0300][98.995s][info ][gc] GC(844) Pause Remark 869M->323M(1026M) 0.660ms
[2020-01-31T22:06:55.334+0300][99.043s][info ][gc] GC(847) Pause Young (Normal) (G1 Evacuation Pause) 358M->359M(1026M) 31.109ms
[2020-01-31T22:06:55.525+0300][99.235s][info ][gc] GC(848) Pause Young (Normal) (G1 Evacuation Pause) 554M->555M(1026M) 108.424ms
[2020-01-31T22:06:55.711+0300][99.420s][info ][gc] GC(849) Pause Young (Normal) (G1 Evacuation Pause) 689M->690M(1026M) 95.087ms
[2020-01-31T22:06:55.730+0300][99.439s][info ][gc] GC(844) Pause Cleanup 691M->691M(1026M) 0.148ms
[2020-01-31T22:06:55.731+0300][99.440s][info ][gc] GC(844) Concurrent Cycle 607.933ms
[2020-01-31T22:06:55.809+0300][99.519s][info ][gc] GC(850) Pause Young (Concurrent Start) (G1 Humongous Allocation) 730M->730M(1026M) 51.963ms
[2020-01-31T22:06:55.809+0300][99.519s][info ][gc] GC(851) Concurrent Cycle
[2020-01-31T22:06:55.878+0300][99.588s][info ][gc] GC(852) Pause Young (Normal) (G1 Evacuation Pause) 809M->810M(1026M) 39.323ms
[2020-01-31T22:06:55.885+0300][99.595s][debug][gc] GC(851) Reclaimed 648 empty regions
[2020-01-31T22:06:55.885+0300][99.595s][info ][gc] GC(851) Pause Remark 824M->176M(1026M) 0.815ms
[2020-01-31T22:06:55.927+0300][99.636s][info ][gc] GC(853) Pause Young (Normal) (G1 Evacuation Pause) 204M->205M(1026M) 29.797ms
[2020-01-31T22:06:56.021+0300][99.730s][info ][gc] GC(851) Pause Cleanup 377M->377M(1026M) 0.121ms
[2020-01-31T22:06:56.022+0300][99.731s][info ][gc] GC(851) Concurrent Cycle 212.319ms
[2020-01-31T22:06:56.233+0300][99.942s][info ][gc] GC(854) Pause Young (Normal) (G1 Evacuation Pause) 468M->469M(1026M) 166.028ms
[2020-01-31T22:06:56.427+0300][100.136s][info ][gc] GC(855) Pause Young (Concurrent Start) (G1 Humongous Allocation) 624M->624M(1026M) 116.947ms
[2020-01-31T22:06:56.427+0300][100.136s][info ][gc] GC(856) Concurrent Cycle
[2020-01-31T22:06:56.576+0300][100.285s][info ][gc] GC(857) Pause Young (Normal) (G1 Evacuation Pause) 736M->737M(1026M) 63.600ms
[2020-01-31T22:06:56.582+0300][100.291s][debug][gc] GC(856) Reclaimed 436 empty regions
[2020-01-31T22:06:56.582+0300][100.292s][info ][gc] GC(856) Pause Remark 750M->314M(1026M) 1.069ms
[2020-01-31T22:06:56.654+0300][100.364s][info ][gc] GC(858) Pause Young (Normal) (G1 Evacuation Pause) 378M->379M(1026M) 42.560ms
[2020-01-31T22:06:56.838+0300][100.547s][info ][gc] GC(859) Pause Young (Normal) (G1 Evacuation Pause) 568M->568M(1026M) 103.044ms
[2020-01-31T22:06:57.019+0300][100.728s][info ][gc] GC(860) Pause Young (Normal) (G1 Evacuation Pause) 698M->699M(1026M) 86.409ms
[2020-01-31T22:06:57.030+0300][100.739s][info ][gc] GC(856) Pause Cleanup 699M->699M(1026M) 0.146ms
[2020-01-31T22:06:57.031+0300][100.740s][info ][gc] GC(856) Concurrent Cycle 604.134ms
[2020-01-31T22:06:57.103+0300][100.812s][info ][gc] GC(861) Pause Young (Concurrent Start) (G1 Humongous Allocation) 730M->731M(1026M) 47.870ms
[2020-01-31T22:06:57.103+0300][100.812s][info ][gc] GC(862) Concurrent Cycle
[2020-01-31T22:06:57.167+0300][100.876s][info ][gc] GC(863) Pause Young (Normal) (G1 Evacuation Pause) 810M->811M(1026M) 38.845ms
[2020-01-31T22:06:57.173+0300][100.882s][debug][gc] GC(862) Reclaimed 658 empty regions
[2020-01-31T22:06:57.173+0300][100.882s][info ][gc] GC(862) Pause Remark 824M->166M(1026M) 0.764ms
[2020-01-31T22:06:57.221+0300][100.930s][info ][gc] GC(864) Pause Young (Normal) (G1 Evacuation Pause) 195M->196M(1026M) 35.722ms
[2020-01-31T22:06:57.302+0300][101.012s][info ][gc] GC(862) Pause Cleanup 381M->381M(1026M) 0.119ms
[2020-01-31T22:06:57.303+0300][101.013s][info ][gc] GC(862) Concurrent Cycle 200.858ms
[2020-01-31T22:06:57.463+0300][101.173s][info ][gc] GC(865) Pause Young (Normal) (G1 Evacuation Pause) 462M->462M(1026M) 128.382ms
[2020-01-31T22:06:57.625+0300][101.334s][info ][gc] GC(866) Pause Young (Concurrent Start) (G1 Humongous Allocation) 614M->615M(1026M) 88.237ms
[2020-01-31T22:06:57.625+0300][101.334s][info ][gc] GC(867) Concurrent Cycle
[2020-01-31T22:06:57.777+0300][101.487s][info ][gc] GC(868) Pause Young (Normal) (G1 Evacuation Pause) 730M->730M(1026M) 68.301ms
[2020-01-31T22:06:57.783+0300][101.493s][debug][gc] GC(867) Reclaimed 428 empty regions
[2020-01-31T22:06:57.783+0300][101.493s][info ][gc] GC(867) Pause Remark 743M->315M(1026M) 0.672ms
[2020-01-31T22:06:57.856+0300][101.566s][info ][gc] GC(869) Pause Young (Normal) (G1 Evacuation Pause) 381M->382M(1026M) 43.398ms
[2020-01-31T22:06:58.067+0300][101.777s][info ][gc] GC(870) Pause Young (Normal) (G1 Evacuation Pause) 570M->571M(1026M) 107.029ms
[2020-01-31T22:06:58.151+0300][101.860s][info ][gc] GC(867) Pause Cleanup 671M->671M(1026M) 0.147ms
[2020-01-31T22:06:58.152+0300][101.861s][info ][gc] GC(867) Concurrent Cycle 527.182ms
[2020-01-31T22:06:58.248+0300][101.957s][info ][gc] GC(871) Pause Young (Normal) (G1 Evacuation Pause) 700M->701M(1026M) 84.340ms
[2020-01-31T22:06:58.294+0300][102.004s][info ][gc] GC(872) Pause Young (Concurrent Start) (G1 Humongous Allocation) 729M->729M(1026M) 25.728ms
[2020-01-31T22:06:58.294+0300][102.004s][info ][gc] GC(873) Concurrent Cycle
[2020-01-31T22:06:58.359+0300][102.068s][info ][gc] GC(874) Pause Young (Normal) (G1 Evacuation Pause) 808M->809M(1026M) 39.288ms
[2020-01-31T22:06:58.364+0300][102.073s][debug][gc] GC(873) Reclaimed 660 empty regions
[2020-01-31T22:06:58.364+0300][102.073s][info ][gc] GC(873) Pause Remark 819M->159M(1026M) 0.740ms
[2020-01-31T22:06:58.408+0300][102.118s][info ][gc] GC(875) Pause Young (Normal) (G1 Evacuation Pause) 191M->192M(1026M) 29.483ms
[2020-01-31T22:06:58.485+0300][102.195s][info ][gc] GC(873) Pause Cleanup 361M->361M(1026M) 0.132ms
[2020-01-31T22:06:58.486+0300][102.196s][info ][gc] GC(873) Concurrent Cycle 191.284ms
[2020-01-31T22:06:58.655+0300][102.365s][info ][gc] GC(876) Pause Young (Normal) (G1 Evacuation Pause) 459M->460M(1026M) 131.001ms
[2020-01-31T22:06:58.844+0300][102.553s][info ][gc] GC(877) Pause Young (Concurrent Start) (G1 Humongous Allocation) 611M->612M(1026M) 91.275ms
[2020-01-31T22:06:58.844+0300][102.553s][info ][gc] GC(878) Concurrent Cycle
[2020-01-31T22:06:58.995+0300][102.704s][info ][gc] GC(879) Pause Young (Normal) (G1 Evacuation Pause) 728M->728M(1026M) 67.079ms
[2020-01-31T22:06:59.000+0300][102.710s][debug][gc] GC(878) Reclaimed 426 empty regions
[2020-01-31T22:06:59.000+0300][102.710s][info ][gc] GC(878) Pause Remark 737M->311M(1026M) 0.637ms
[2020-01-31T22:06:59.080+0300][102.789s][info ][gc] GC(880) Pause Young (Normal) (G1 Evacuation Pause) 382M->383M(1026M) 43.726ms
[2020-01-31T22:06:59.264+0300][102.974s][info ][gc] GC(881) Pause Young (Normal) (G1 Evacuation Pause) 571M->572M(1026M) 104.372ms
[2020-01-31T22:06:59.442+0300][103.151s][info ][gc] GC(882) Pause Young (Normal) (G1 Evacuation Pause) 701M->702M(1026M) 87.668ms
[2020-01-31T22:06:59.457+0300][103.166s][info ][gc] GC(878) Pause Cleanup 702M->702M(1026M) 0.150ms
[2020-01-31T22:06:59.458+0300][103.167s][info ][gc] GC(878) Concurrent Cycle 613.900ms
[2020-01-31T22:06:59.523+0300][103.232s][info ][gc] GC(883) Pause Young (Concurrent Start) (G1 Humongous Allocation) 728M->728M(1026M) 43.808ms
[2020-01-31T22:06:59.523+0300][103.232s][info ][gc] GC(884) Concurrent Cycle
[2020-01-31T22:06:59.586+0300][103.296s][info ][gc] GC(885) Pause Young (Normal) (G1 Evacuation Pause) 808M->810M(1026M) 39.389ms
[2020-01-31T22:06:59.590+0300][103.300s][debug][gc] GC(884) Reclaimed 661 empty regions
[2020-01-31T22:06:59.590+0300][103.300s][info ][gc] GC(884) Pause Remark 816M->155M(1026M) 0.667ms
[2020-01-31T22:06:59.634+0300][103.344s][info ][gc] GC(886) Pause Young (Normal) (G1 Evacuation Pause) 191M->191M(1026M) 30.448ms
[2020-01-31T22:06:59.720+0300][103.429s][info ][gc] GC(884) Pause Cleanup 292M->292M(1026M) 0.124ms
[2020-01-31T22:06:59.721+0300][103.430s][info ][gc] GC(884) Concurrent Cycle 198.417ms
[2020-01-31T22:06:59.918+0300][103.627s][info ][gc] GC(887) Pause Young (Normal) (G1 Evacuation Pause) 458M->459M(1026M) 128.664ms
[2020-01-31T22:07:00.077+0300][103.786s][info ][gc] GC(888) Pause Young (Concurrent Start) (G1 Humongous Allocation) 609M->610M(1026M) 86.650ms
[2020-01-31T22:07:00.077+0300][103.786s][info ][gc] GC(889) Concurrent Cycle
[2020-01-31T22:07:00.224+0300][103.934s][info ][gc] GC(890) Pause Young (Normal) (G1 Evacuation Pause) 727M->728M(1026M) 64.338ms
[2020-01-31T22:07:00.230+0300][103.939s][debug][gc] GC(889) Reclaimed 425 empty regions
[2020-01-31T22:07:00.230+0300][103.939s][info ][gc] GC(889) Pause Remark 741M->316M(1026M) 0.668ms
[2020-01-31T22:07:00.305+0300][104.014s][info ][gc] GC(891) Pause Young (Normal) (G1 Evacuation Pause) 383M->383M(1026M) 44.788ms
[2020-01-31T22:07:00.494+0300][104.203s][info ][gc] GC(892) Pause Young (Normal) (G1 Evacuation Pause) 570M->571M(1026M) 105.475ms
[2020-01-31T22:07:00.679+0300][104.389s][info ][gc] GC(893) Pause Young (Normal) (G1 Evacuation Pause) 700M->700M(1026M) 91.705ms
[2020-01-31T22:07:00.696+0300][104.405s][info ][gc] GC(889) Pause Cleanup 701M->701M(1026M) 0.163ms
[2020-01-31T22:07:00.697+0300][104.406s][info ][gc] GC(889) Concurrent Cycle 620.312ms
[2020-01-31T22:07:00.765+0300][104.475s][info ][gc] GC(894) Pause Young (Concurrent Start) (G1 Humongous Allocation) 726M->727M(1026M) 42.074ms
[2020-01-31T22:07:00.765+0300][104.475s][info ][gc] GC(895) Concurrent Cycle
[2020-01-31T22:07:00.795+0300][104.504s][debug][gc] GC(895) Reclaimed 659 empty regions
[2020-01-31T22:07:00.795+0300][104.505s][info ][gc] GC(895) Pause Remark 794M->135M(1026M) 0.926ms
[2020-01-31T22:07:00.840+0300][104.549s][info ][gc] GC(896) Pause Young (Normal) (G1 Evacuation Pause) 148M->139M(1026M) 38.080ms
[2020-01-31T22:07:00.877+0300][104.587s][info ][gc] GC(895) Pause Cleanup 194M->194M(1026M) 0.113ms
[2020-01-31T22:07:00.878+0300][104.587s][info ][gc] GC(895) Concurrent Cycle 112.514ms
[2020-01-31T22:07:01.110+0300][104.820s][info ][gc] GC(897) Pause Young (Normal) (G1 Evacuation Pause) 423M->423M(1026M) 143.847ms
[2020-01-31T22:07:01.300+0300][105.009s][info ][gc] GC(898) Pause Young (Normal) (G1 Evacuation Pause) 618M->619M(1026M) 105.020ms
[2020-01-31T22:07:01.401+0300][105.111s][info ][gc] GC(899) Pause Young (Concurrent Start) (G1 Evacuation Pause) 713M->714M(1026M) 63.797ms
[2020-01-31T22:07:01.402+0300][105.111s][info ][gc] GC(900) Concurrent Cycle
[2020-01-31T22:07:01.512+0300][105.221s][info ][gc] GC(901) Pause Young (Normal) (G1 Evacuation Pause) 798M->799M(1026M) 49.171ms
[2020-01-31T22:07:01.563+0300][105.272s][info ][gc] GC(902) Pause Young (Normal) (G1 Evacuation Pause) 840M->841M(1026M) 29.641ms
[2020-01-31T22:07:01.570+0300][105.279s][debug][gc] GC(900) Reclaimed 548 empty regions
[2020-01-31T22:07:01.570+0300][105.279s][info ][gc] GC(900) Pause Remark 856M->308M(1026M) 0.882ms
[2020-01-31T22:07:01.633+0300][105.342s][info ][gc] GC(903) Pause Young (Normal) (G1 Evacuation Pause) 357M->358M(1026M) 38.573ms
[2020-01-31T22:07:01.858+0300][105.568s][info ][gc] GC(904) Pause Young (Normal) (G1 Evacuation Pause) 554M->554M(1026M) 112.640ms
[2020-01-31T22:07:01.936+0300][105.646s][info ][gc] GC(900) Pause Cleanup 594M->594M(1026M) 0.155ms
[2020-01-31T22:07:01.937+0300][105.647s][info ][gc] GC(900) Concurrent Cycle 536.110ms
[2020-01-31T22:07:01.997+0300][105.707s][info ][gc] GC(905) Pause Young (Concurrent Start) (G1 Humongous Allocation) 594M->594M(1026M) 51.273ms
[2020-01-31T22:07:01.997+0300][105.707s][info ][gc] GC(906) Concurrent Cycle
[2020-01-31T22:07:02.036+0300][105.746s][debug][gc] GC(906) Reclaimed 506 empty regions
[2020-01-31T22:07:02.036+0300][105.746s][info ][gc] GC(906) Pause Remark 696M->190M(1026M) 0.689ms
[2020-01-31T22:07:02.116+0300][105.826s][info ][gc] GC(907) Pause Young (Normal) (G1 Evacuation Pause) 209M->192M(1026M) 71.664ms
[2020-01-31T22:07:02.165+0300][105.875s][info ][gc] GC(906) Pause Cleanup 241M->241M(1026M) 0.118ms
[2020-01-31T22:07:02.168+0300][105.878s][info ][gc] GC(906) Concurrent Cycle 170.919ms
[2020-01-31T22:07:02.458+0300][106.167s][info ][gc] GC(908) Pause Young (Normal) (G1 Evacuation Pause) 459M->460M(1026M) 138.670ms
[2020-01-31T22:07:02.640+0300][106.349s][info ][gc] GC(909) Pause Young (Concurrent Start) (G1 Humongous Allocation) 611M->612M(1026M) 107.582ms
[2020-01-31T22:07:02.640+0300][106.349s][info ][gc] GC(910) Concurrent Cycle
[2020-01-31T22:07:02.799+0300][106.509s][info ][gc] GC(911) Pause Young (Normal) (G1 Evacuation Pause) 728M->729M(1026M) 72.752ms
[2020-01-31T22:07:02.805+0300][106.515s][debug][gc] GC(910) Reclaimed 424 empty regions
[2020-01-31T22:07:02.805+0300][106.515s][info ][gc] GC(910) Pause Remark 740M->316M(1026M) 0.627ms
[2020-01-31T22:07:02.888+0300][106.598s][info ][gc] GC(912) Pause Young (Normal) (G1 Evacuation Pause) 385M->386M(1026M) 51.186ms
[2020-01-31T22:07:03.115+0300][106.825s][info ][gc] GC(913) Pause Young (Normal) (G1 Evacuation Pause) 573M->574M(1026M) 135.458ms
[2020-01-31T22:07:03.209+0300][106.918s][info ][gc] GC(910) Pause Cleanup 633M->633M(1026M) 0.136ms
[2020-01-31T22:07:03.210+0300][106.919s][info ][gc] GC(910) Concurrent Cycle 570.185ms
[2020-01-31T22:07:03.316+0300][107.026s][info ][gc] GC(914) Pause Young (Normal) (G1 Evacuation Pause) 702M->703M(1026M) 79.851ms
[2020-01-31T22:07:03.364+0300][107.074s][info ][gc] GC(915) Pause Young (Concurrent Start) (G1 Humongous Allocation) 731M->731M(1026M) 25.760ms
[2020-01-31T22:07:03.364+0300][107.074s][info ][gc] GC(916) Concurrent Cycle
[2020-01-31T22:07:03.429+0300][107.138s][info ][gc] GC(917) Pause Young (Normal) (G1 Evacuation Pause) 810M->811M(1026M) 39.467ms
[2020-01-31T22:07:03.433+0300][107.143s][debug][gc] GC(916) Reclaimed 661 empty regions
[2020-01-31T22:07:03.433+0300][107.143s][info ][gc] GC(916) Pause Remark 822M->161M(1026M) 0.674ms
[2020-01-31T22:07:03.476+0300][107.185s][info ][gc] GC(918) Pause Young (Normal) (G1 Evacuation Pause) 192M->193M(1026M) 29.963ms
[2020-01-31T22:07:03.555+0300][107.264s][info ][gc] GC(916) Pause Cleanup 372M->372M(1026M) 0.122ms
[2020-01-31T22:07:03.556+0300][107.265s][info ][gc] GC(916) Concurrent Cycle 191.577ms
[2020-01-31T22:07:03.725+0300][107.434s][info ][gc] GC(919) Pause Young (Normal) (G1 Evacuation Pause) 460M->460M(1026M) 135.062ms
[2020-01-31T22:07:03.884+0300][107.593s][info ][gc] GC(920) Pause Young (Concurrent Start) (G1 Humongous Allocation) 611M->612M(1026M) 86.800ms
[2020-01-31T22:07:03.884+0300][107.593s][info ][gc] GC(921) Concurrent Cycle
[2020-01-31T22:07:04.033+0300][107.743s][info ][gc] GC(922) Pause Young (Normal) (G1 Evacuation Pause) 728M->729M(1026M) 65.388ms
[2020-01-31T22:07:04.039+0300][107.749s][debug][gc] GC(921) Reclaimed 425 empty regions
[2020-01-31T22:07:04.039+0300][107.749s][info ][gc] GC(921) Pause Remark 741M->316M(1026M) 0.746ms
[2020-01-31T22:07:04.116+0300][107.825s][info ][gc] GC(923) Pause Young (Normal) (G1 Evacuation Pause) 384M->385M(1026M) 45.594ms
[2020-01-31T22:07:04.309+0300][108.019s][info ][gc] GC(924) Pause Young (Normal) (G1 Evacuation Pause) 572M->573M(1026M) 112.050ms
[2020-01-31T22:07:04.418+0300][108.127s][info ][gc] GC(921) Pause Cleanup 692M->692M(1026M) 0.129ms
[2020-01-31T22:07:04.419+0300][108.128s][info ][gc] GC(921) Concurrent Cycle 534.525ms
[2020-01-31T22:07:04.508+0300][108.217s][info ][gc] GC(925) Pause Young (Normal) (G1 Evacuation Pause) 701M->701M(1026M) 85.260ms
[2020-01-31T22:07:04.554+0300][108.263s][info ][gc] GC(926) Pause Young (Concurrent Start) (G1 Humongous Allocation) 729M->730M(1026M) 25.371ms
[2020-01-31T22:07:04.554+0300][108.263s][info ][gc] GC(927) Concurrent Cycle
[2020-01-31T22:07:04.619+0300][108.328s][info ][gc] GC(928) Pause Young (Normal) (G1 Evacuation Pause) 809M->809M(1026M) 39.139ms
[2020-01-31T22:07:04.623+0300][108.332s][debug][gc] GC(927) Reclaimed 659 empty regions
[2020-01-31T22:07:04.623+0300][108.332s][info ][gc] GC(927) Pause Remark 818M->159M(1026M) 0.782ms
[2020-01-31T22:07:04.666+0300][108.375s][info ][gc] GC(929) Pause Young (Normal) (G1 Evacuation Pause) 192M->193M(1026M) 29.939ms
[2020-01-31T22:07:04.745+0300][108.454s][info ][gc] GC(927) Pause Cleanup 362M->362M(1026M) 0.118ms
[2020-01-31T22:07:04.746+0300][108.455s][info ][gc] GC(927) Concurrent Cycle 192.121ms
[2020-01-31T22:07:04.919+0300][108.629s][info ][gc] GC(930) Pause Young (Normal) (G1 Evacuation Pause) 460M->461M(1026M) 133.790ms
[2020-01-31T22:07:05.090+0300][108.800s][info ][gc] GC(931) Pause Young (Concurrent Start) (G1 Humongous Allocation) 612M->612M(1026M) 98.055ms
[2020-01-31T22:07:05.090+0300][108.800s][info ][gc] GC(932) Concurrent Cycle
[2020-01-31T22:07:05.242+0300][108.951s][info ][gc] GC(933) Pause Young (Normal) (G1 Evacuation Pause) 728M->729M(1026M) 65.683ms
[2020-01-31T22:07:05.248+0300][108.957s][debug][gc] GC(932) Reclaimed 426 empty regions
[2020-01-31T22:07:05.248+0300][108.957s][info ][gc] GC(932) Pause Remark 736M->310M(1026M) 0.629ms
[2020-01-31T22:07:05.324+0300][109.034s][info ][gc] GC(934) Pause Young (Normal) (G1 Evacuation Pause) 382M->383M(1026M) 44.132ms
[2020-01-31T22:07:05.515+0300][109.224s][info ][gc] GC(935) Pause Young (Normal) (G1 Evacuation Pause) 570M->571M(1026M) 106.287ms
[2020-01-31T22:07:05.696+0300][109.406s][info ][gc] GC(936) Pause Young (Normal) (G1 Evacuation Pause) 700M->701M(1026M) 94.649ms
[2020-01-31T22:07:05.718+0300][109.428s][info ][gc] GC(932) Pause Cleanup 701M->701M(1026M) 0.151ms
[2020-01-31T22:07:05.719+0300][109.429s][info ][gc] GC(932) Concurrent Cycle 628.806ms
[2020-01-31T22:07:05.792+0300][109.501s][info ][gc] GC(937) Pause Young (Concurrent Start) (G1 Humongous Allocation) 729M->729M(1026M) 44.767ms
[2020-01-31T22:07:05.792+0300][109.501s][info ][gc] GC(938) Concurrent Cycle
[2020-01-31T22:07:05.859+0300][109.569s][info ][gc] GC(939) Pause Young (Normal) (G1 Evacuation Pause) 808M->809M(1026M) 39.681ms
[2020-01-31T22:07:05.861+0300][109.571s][debug][gc] GC(938) Reclaimed 659 empty regions
[2020-01-31T22:07:05.861+0300][109.571s][info ][gc] GC(938) Pause Remark 813M->154M(1026M) 0.678ms
[2020-01-31T22:07:05.905+0300][109.615s][info ][gc] GC(940) Pause Young (Normal) (G1 Evacuation Pause) 192M->193M(1026M) 28.894ms
[2020-01-31T22:07:05.982+0300][109.691s][info ][gc] GC(938) Pause Cleanup 368M->368M(1026M) 0.122ms
[2020-01-31T22:07:05.983+0300][109.692s][info ][gc] GC(938) Concurrent Cycle 191.011ms
[2020-01-31T22:07:06.153+0300][109.862s][info ][gc] GC(941) Pause Young (Normal) (G1 Evacuation Pause) 460M->460M(1026M) 134.255ms
[2020-01-31T22:07:06.316+0300][110.026s][info ][gc] GC(942) Pause Young (Concurrent Start) (G1 Humongous Allocation) 611M->612M(1026M) 90.600ms
[2020-01-31T22:07:06.316+0300][110.026s][info ][gc] GC(943) Concurrent Cycle
[2020-01-31T22:07:06.466+0300][110.176s][info ][gc] GC(944) Pause Young (Normal) (G1 Evacuation Pause) 728M->729M(1026M) 65.303ms
[2020-01-31T22:07:06.472+0300][110.181s][debug][gc] GC(943) Reclaimed 425 empty regions
[2020-01-31T22:07:06.472+0300][110.181s][info ][gc] GC(943) Pause Remark 742M->317M(1026M) 0.622ms
[2020-01-31T22:07:06.546+0300][110.255s][info ][gc] GC(945) Pause Young (Normal) (G1 Evacuation Pause) 383M->384M(1026M) 43.246ms
[2020-01-31T22:07:06.731+0300][110.441s][info ][gc] GC(946) Pause Young (Normal) (G1 Evacuation Pause) 571M->572M(1026M) 104.880ms
[2020-01-31T22:07:06.913+0300][110.622s][info ][gc] GC(947) Pause Young (Normal) (G1 Evacuation Pause) 700M->701M(1026M) 94.480ms
[2020-01-31T22:07:06.930+0300][110.639s][info ][gc] GC(943) Pause Cleanup 701M->701M(1026M) 0.154ms
[2020-01-31T22:07:06.930+0300][110.639s][info ][gc] GC(943) Concurrent Cycle 613.121ms
[2020-01-31T22:07:07.012+0300][110.722s][info ][gc] GC(948) Pause Young (Concurrent Start) (G1 Humongous Allocation) 730M->731M(1026M) 58.081ms
[2020-01-31T22:07:07.012+0300][110.722s][info ][gc] GC(949) Concurrent Cycle
[2020-01-31T22:07:07.080+0300][110.789s][info ][gc] GC(950) Pause Young (Normal) (G1 Evacuation Pause) 810M->811M(1026M) 41.392ms
[2020-01-31T22:07:07.084+0300][110.794s][debug][gc] GC(949) Reclaimed 658 empty regions
[2020-01-31T22:07:07.084+0300][110.794s][info ][gc] GC(949) Pause Remark 819M->161M(1026M) 0.750ms
[2020-01-31T22:07:07.129+0300][110.838s][info ][gc] GC(951) Pause Young (Normal) (G1 Evacuation Pause) 195M->196M(1026M) 30.719ms
[2020-01-31T22:07:07.207+0300][110.917s][info ][gc] GC(949) Pause Cleanup 372M->372M(1026M) 0.121ms
[2020-01-31T22:07:07.208+0300][110.918s][info ][gc] GC(949) Concurrent Cycle 196.138ms
[2020-01-31T22:07:07.371+0300][111.080s][info ][gc] GC(952) Pause Young (Normal) (G1 Evacuation Pause) 462M->462M(1026M) 127.647ms
[2020-01-31T22:07:07.531+0300][111.241s][info ][gc] GC(953) Pause Young (Concurrent Start) (G1 Humongous Allocation) 614M->615M(1026M) 87.149ms
[2020-01-31T22:07:07.532+0300][111.241s][info ][gc] GC(954) Concurrent Cycle
[2020-01-31T22:07:07.679+0300][111.389s][info ][gc] GC(955) Pause Young (Normal) (G1 Evacuation Pause) 730M->731M(1026M) 63.502ms
[2020-01-31T22:07:07.685+0300][111.395s][debug][gc] GC(954) Reclaimed 426 empty regions
[2020-01-31T22:07:07.685+0300][111.395s][info ][gc] GC(954) Pause Remark 743M->317M(1026M) 0.624ms
[2020-01-31T22:07:07.760+0300][111.469s][info ][gc] GC(956) Pause Young (Normal) (G1 Evacuation Pause) 384M->385M(1026M) 43.824ms
[2020-01-31T22:07:07.950+0300][111.659s][info ][gc] GC(957) Pause Young (Normal) (G1 Evacuation Pause) 572M->573M(1026M) 108.059ms
[2020-01-31T22:07:08.130+0300][111.839s][info ][gc] GC(958) Pause Young (Normal) (G1 Evacuation Pause) 701M->702M(1026M) 89.460ms
[2020-01-31T22:07:08.148+0300][111.858s][info ][gc] GC(954) Pause Cleanup 702M->702M(1026M) 0.168ms
[2020-01-31T22:07:08.152+0300][111.862s][info ][gc] GC(954) Concurrent Cycle 621.316ms
[2020-01-31T22:07:08.220+0300][111.930s][info ][gc] GC(959) Pause Young (Concurrent Start) (G1 Humongous Allocation) 732M->733M(1026M) 43.449ms
[2020-01-31T22:07:08.220+0300][111.930s][info ][gc] GC(960) Concurrent Cycle
[2020-01-31T22:07:08.286+0300][111.996s][info ][gc] GC(961) Pause Young (Normal) (G1 Evacuation Pause) 811M->812M(1026M) 38.784ms
[2020-01-31T22:07:08.290+0300][112.000s][debug][gc] GC(960) Reclaimed 658 empty regions
[2020-01-31T22:07:08.290+0300][112.000s][info ][gc] GC(960) Pause Remark 820M->162M(1026M) 0.664ms
[2020-01-31T22:07:08.335+0300][112.044s][info ][gc] GC(962) Pause Young (Normal) (G1 Evacuation Pause) 196M->197M(1026M) 30.111ms
[2020-01-31T22:07:08.419+0300][112.128s][info ][gc] GC(960) Pause Cleanup 341M->341M(1026M) 0.122ms
[2020-01-31T22:07:08.420+0300][112.129s][info ][gc] GC(960) Concurrent Cycle 199.330ms
[2020-01-31T22:07:08.645+0300][112.354s][info ][gc] GC(963) Pause Young (Normal) (G1 Evacuation Pause) 463M->464M(1026M) 141.074ms
[2020-01-31T22:07:08.814+0300][112.523s][info ][gc] GC(964) Pause Young (Concurrent Start) (G1 Humongous Allocation) 617M->618M(1026M) 91.935ms
[2020-01-31T22:07:08.814+0300][112.523s][info ][gc] GC(965) Concurrent Cycle
[2020-01-31T22:07:08.964+0300][112.673s][info ][gc] GC(966) Pause Young (Normal) (G1 Evacuation Pause) 732M->733M(1026M) 63.637ms
[2020-01-31T22:07:08.970+0300][112.679s][debug][gc] GC(965) Reclaimed 427 empty regions
[2020-01-31T22:07:08.970+0300][112.679s][info ][gc] GC(965) Pause Remark 744M->317M(1026M) 0.772ms
[2020-01-31T22:07:09.063+0300][112.772s][info ][gc] GC(967) Pause Young (Normal) (G1 Evacuation Pause) 384M->385M(1026M) 50.105ms
[2020-01-31T22:07:09.288+0300][112.997s][info ][gc] GC(968) Pause Young (Normal) (G1 Evacuation Pause) 572M->573M(1026M) 106.870ms
[2020-01-31T22:07:09.346+0300][113.055s][info ][gc] GC(965) Pause Cleanup 598M->598M(1026M) 0.134ms
[2020-01-31T22:07:09.346+0300][113.056s][info ][gc] GC(965) Concurrent Cycle 532.690ms
[2020-01-31T22:07:09.401+0300][113.110s][info ][gc] GC(969) Pause Young (Concurrent Start) (G1 Humongous Allocation) 598M->598M(1026M) 47.254ms
[2020-01-31T22:07:09.401+0300][113.110s][info ][gc] GC(970) Concurrent Cycle
[2020-01-31T22:07:09.432+0300][113.141s][debug][gc] GC(970) Reclaimed 523 empty regions
[2020-01-31T22:07:09.432+0300][113.142s][info ][gc] GC(970) Pause Remark 642M->119M(1026M) 0.789ms
[2020-01-31T22:07:09.476+0300][113.186s][info ][gc] GC(970) Pause Cleanup 180M->180M(1026M) 0.105ms
[2020-01-31T22:07:09.477+0300][113.187s][info ][gc] GC(970) Concurrent Cycle 76.845ms
[2020-01-31T22:07:09.546+0300][113.255s][info ][gc] GC(971) Pause Young (Normal) (G1 Evacuation Pause) 195M->179M(1026M) 63.046ms
[2020-01-31T22:07:09.851+0300][113.561s][info ][gc] GC(972) Pause Young (Normal) (G1 Evacuation Pause) 461M->462M(1026M) 138.590ms
[2020-01-31T22:07:10.036+0300][113.745s][info ][gc] GC(973) Pause Young (Concurrent Start) (G1 Humongous Allocation) 599M->599M(1026M) 93.244ms
[2020-01-31T22:07:10.036+0300][113.745s][info ][gc] GC(974) Concurrent Cycle
[2020-01-31T22:07:10.189+0300][113.899s][info ][gc] GC(975) Pause Young (Normal) (G1 Evacuation Pause) 719M->720M(1026M) 68.210ms
[2020-01-31T22:07:10.195+0300][113.904s][debug][gc] GC(974) Reclaimed 422 empty regions
[2020-01-31T22:07:10.195+0300][113.904s][info ][gc] GC(974) Pause Remark 731M->309M(1026M) 0.667ms
[2020-01-31T22:07:10.279+0300][113.988s][info ][gc] GC(976) Pause Young (Normal) (G1 Evacuation Pause) 380M->381M(1026M) 46.479ms
[2020-01-31T22:07:10.556+0300][114.266s][info ][gc] GC(977) Pause Young (Normal) (G1 Evacuation Pause) 569M->570M(1026M) 108.164ms
[2020-01-31T22:07:10.576+0300][114.285s][info ][gc] GC(974) Pause Cleanup 570M->570M(1026M) 0.150ms
[2020-01-31T22:07:10.576+0300][114.286s][info ][gc] GC(974) Concurrent Cycle 540.657ms
[2020-01-31T22:07:10.642+0300][114.351s][info ][gc] GC(978) Pause Young (Concurrent Start) (G1 Humongous Allocation) 584M->586M(1026M) 43.953ms
[2020-01-31T22:07:10.642+0300][114.351s][info ][gc] GC(979) Concurrent Cycle
[2020-01-31T22:07:10.668+0300][114.377s][debug][gc] GC(979) Reclaimed 520 empty regions
[2020-01-31T22:07:10.668+0300][114.377s][info ][gc] GC(979) Pause Remark 661M->141M(1026M) 0.798ms
[2020-01-31T22:07:10.757+0300][114.466s][info ][gc] GC(980) Pause Young (Normal) (G1 Evacuation Pause) 190M->176M(1026M) 62.236ms
[2020-01-31T22:07:10.767+0300][114.476s][info ][gc] GC(979) Pause Cleanup 187M->187M(1026M) 0.125ms
[2020-01-31T22:07:10.767+0300][114.477s][info ][gc] GC(979) Concurrent Cycle 126.000ms
[2020-01-31T22:07:11.029+0300][114.738s][info ][gc] GC(981) Pause Young (Normal) (G1 Evacuation Pause) 448M->448M(1026M) 137.246ms
[2020-01-31T22:07:11.210+0300][114.920s][info ][gc] GC(982) Pause Young (Normal) (G1 Evacuation Pause) 635M->636M(1026M) 98.514ms
[2020-01-31T22:07:11.310+0300][115.019s][info ][gc] GC(983) Pause Young (Concurrent Start) (G1 Evacuation Pause) 725M->725M(1026M) 62.929ms
[2020-01-31T22:07:11.310+0300][115.020s][info ][gc] GC(984) Concurrent Cycle
[2020-01-31T22:07:11.410+0300][115.120s][info ][gc] GC(985) Pause Young (Normal) (G1 Evacuation Pause) 805M->806M(1026M) 41.495ms
[2020-01-31T22:07:11.455+0300][115.164s][info ][gc] GC(986) Pause Young (Normal) (G1 Evacuation Pause) 847M->848M(1026M) 27.660ms
[2020-01-31T22:07:11.514+0300][115.223s][info ][gc] GC(987) Pause Young (Normal) (G1 Evacuation Pause) 912M->913M(1026M) 29.593ms
[2020-01-31T22:07:11.567+0300][115.276s][info ][gc] GC(988) Pause Young (Normal) (G1 Evacuation Pause) 957M->958M(1026M) 32.396ms
[2020-01-31T22:07:11.569+0300][115.279s][debug][gc] GC(984) Reclaimed 539 empty regions
[2020-01-31T22:07:11.569+0300][115.279s][info ][gc] GC(984) Pause Remark 960M->421M(1026M) 0.769ms
[2020-01-31T22:07:11.629+0300][115.339s][info ][gc] GC(989) Pause Young (Normal) (G1 Evacuation Pause) 483M->484M(1026M) 31.457ms
[2020-01-31T22:07:11.795+0300][115.504s][info ][gc] GC(990) Pause Young (Normal) (G1 Evacuation Pause) 640M->641M(1026M) 89.670ms
[2020-01-31T22:07:11.949+0300][115.658s][info ][gc] GC(991) Pause Young (Normal) (G1 Evacuation Pause) 728M->729M(1026M) 95.504ms
[2020-01-31T22:07:12.067+0300][115.776s][info ][gc] GC(992) Pause Young (Normal) (G1 Evacuation Pause) 809M->809M(1026M) 61.997ms
[2020-01-31T22:07:12.168+0300][115.878s][info ][gc] GC(993) Pause Young (Normal) (G1 Evacuation Pause) 850M->851M(1026M) 41.550ms
[2020-01-31T22:07:12.201+0300][115.911s][info ][gc] GC(984) Pause Cleanup 913M->913M(1026M) 0.163ms
[2020-01-31T22:07:12.202+0300][115.912s][info ][gc] GC(984) Concurrent Cycle 892.384ms
[2020-01-31T22:07:12.247+0300][115.956s][info ][gc] GC(994) Pause Young (Normal) (G1 Evacuation Pause) 915M->916M(1026M) 44.042ms
[2020-01-31T22:07:12.297+0300][116.007s][info ][gc] GC(995) Pause Young (Concurrent Start) (G1 Evacuation Pause) 960M->961M(1026M) 31.293ms
[2020-01-31T22:07:12.297+0300][116.007s][info ][gc] GC(996) Concurrent Cycle
[2020-01-31T22:07:12.397+0300][116.106s][info ][gc] GC(997) To-space exhausted
[2020-01-31T22:07:12.397+0300][116.106s][info ][gc] GC(997) Pause Young (Normal) (G1 Evacuation Pause) 1005M->1011M(1026M) 72.158ms
[2020-01-31T22:07:12.421+0300][116.131s][info ][gc] GC(998) Pause Young (Normal) (G1 Humongous Allocation) 1012M->1013M(1026M) 13.669ms
[2020-01-31T22:07:12.422+0300][116.131s][debug][gc] GC(999) Clear Next Bitmap 0.412ms
[2020-01-31T22:07:12.428+0300][116.137s][info ][gc] GC(999) Pause Full (G1 Humongous Allocation) 1013M->2M(1026M) 6.308ms
[2020-01-31T22:07:12.428+0300][116.137s][info ][gc] GC(996) Concurrent Cycle 130.550ms
[2020-01-31T22:07:12.736+0300][116.445s][info ][gc] GC(1000) Pause Young (Normal) (G1 Evacuation Pause) 351M->351M(1026M) 157.920ms
[2020-01-31T22:07:12.954+0300][116.664s][info ][gc] GC(1001) Pause Young (Normal) (G1 Evacuation Pause) 569M->570M(1026M) 121.215ms
[2020-01-31T22:07:13.084+0300][116.793s][info ][gc] GC(1002) Pause Young (Concurrent Start) (G1 Humongous Allocation) 677M->677M(1026M) 72.847ms
[2020-01-31T22:07:13.084+0300][116.793s][info ][gc] GC(1003) Concurrent Cycle
[2020-01-31T22:07:13.208+0300][116.917s][info ][gc] GC(1004) Pause Young (Normal) (G1 Evacuation Pause) 773M->774M(1026M) 52.797ms
[2020-01-31T22:07:13.214+0300][116.923s][debug][gc] GC(1003) Reclaimed 537 empty regions
[2020-01-31T22:07:13.214+0300][116.923s][info ][gc] GC(1003) Pause Remark 785M->248M(1026M) 0.757ms
[2020-01-31T22:07:13.274+0300][116.984s][info ][gc] GC(1005) Pause Young (Normal) (G1 Evacuation Pause) 302M->303M(1026M) 35.830ms
[2020-01-31T22:07:13.517+0300][117.226s][info ][gc] GC(1006) Pause Young (Normal) (G1 Evacuation Pause) 515M->516M(1026M) 119.066ms
[2020-01-31T22:07:13.560+0300][117.270s][info ][gc] GC(1003) Pause Cleanup 516M->516M(1026M) 0.177ms
[2020-01-31T22:07:13.561+0300][117.271s][info ][gc] GC(1003) Concurrent Cycle 477.516ms
[2020-01-31T22:07:13.635+0300][117.345s][info ][gc] GC(1007) Pause Young (Concurrent Start) (G1 Humongous Allocation) 547M->548M(1026M) 48.977ms
[2020-01-31T22:07:13.635+0300][117.345s][info ][gc] GC(1008) Concurrent Cycle
[2020-01-31T22:07:13.672+0300][117.382s][debug][gc] GC(1008) Reclaimed 484 empty regions
[2020-01-31T22:07:13.672+0300][117.382s][info ][gc] GC(1008) Pause Remark 641M->157M(1026M) 0.816ms
[2020-01-31T22:07:13.735+0300][117.444s][info ][gc] GC(1008) Pause Cleanup 158M->158M(1026M) 0.113ms
[2020-01-31T22:07:13.736+0300][117.445s][info ][gc] GC(1008) Concurrent Cycle 100.509ms
[2020-01-31T22:07:13.842+0300][117.551s][info ][gc] GC(1009) Pause Young (Normal) (G1 Evacuation Pause) 220M->202M(1026M) 75.495ms
[2020-01-31T22:07:14.157+0300][117.867s][info ][gc] GC(1010) Pause Young (Normal) (G1 Evacuation Pause) 475M->476M(1026M) 140.182ms
[2020-01-31T22:07:14.294+0300][118.004s][info ][gc] GC(1011) Pause Young (Concurrent Start) (G1 Humongous Allocation) 586M->586M(1026M) 79.589ms
[2020-01-31T22:07:14.294+0300][118.004s][info ][gc] GC(1012) Concurrent Cycle
[2020-01-31T22:07:14.441+0300][118.151s][info ][gc] GC(1013) Pause Young (Normal) (G1 Evacuation Pause) 710M->711M(1026M) 71.289ms
[2020-01-31T22:07:14.447+0300][118.157s][debug][gc] GC(1012) Reclaimed 437 empty regions
[2020-01-31T22:07:14.447+0300][118.157s][info ][gc] GC(1012) Pause Remark 721M->284M(1026M) 0.634ms
[2020-01-31T22:07:14.528+0300][118.238s][info ][gc] GC(1014) Pause Young (Normal) (G1 Evacuation Pause) 359M->360M(1026M) 47.014ms
[2020-01-31T22:07:14.721+0300][118.430s][info ][gc] GC(1015) Pause Young (Normal) (G1 Evacuation Pause) 555M->556M(1026M) 109.846ms
[2020-01-31T22:07:14.812+0300][118.521s][info ][gc] GC(1012) Pause Cleanup 651M->651M(1026M) 0.118ms
[2020-01-31T22:07:14.812+0300][118.522s][info ][gc] GC(1012) Concurrent Cycle 517.959ms
[2020-01-31T22:07:14.913+0300][118.622s][info ][gc] GC(1016) Pause Young (Normal) (G1 Evacuation Pause) 690M->691M(1026M) 85.172ms
[2020-01-31T22:07:14.934+0300][118.644s][info ][gc] GC(1017) Pause Young (Concurrent Start) (G1 Humongous Allocation) 692M->694M(1026M) 11.824ms
[2020-01-31T22:07:14.934+0300][118.644s][info ][gc] GC(1018) Concurrent Cycle
[2020-01-31T22:07:14.951+0300][118.661s][debug][gc] GC(1018) Reclaimed 666 empty regions
[2020-01-31T22:07:14.951+0300][118.661s][info ][gc] GC(1018) Pause Remark 750M->84M(1026M) 0.648ms
[2020-01-31T22:07:15.008+0300][118.718s][info ][gc] GC(1019) Pause Young (Normal) (G1 Evacuation Pause) 118M->116M(1026M) 43.332ms
[2020-01-31T22:07:15.026+0300][118.736s][info ][gc] GC(1018) Pause Cleanup 158M->158M(1026M) 0.096ms
[2020-01-31T22:07:15.027+0300][118.737s][info ][gc] GC(1018) Concurrent Cycle 92.298ms
[2020-01-31T22:07:15.282+0300][118.991s][info ][gc] GC(1020) Pause Young (Normal) (G1 Evacuation Pause) 407M->407M(1026M) 147.866ms
[2020-01-31T22:07:15.488+0300][119.198s][info ][gc] GC(1021) Pause Young (Normal) (G1 Evacuation Pause) 607M->608M(1026M) 120.659ms
[2020-01-31T22:07:15.599+0300][119.309s][info ][gc] GC(1022) Pause Young (Concurrent Start) (G1 Humongous Allocation) 701M->702M(1026M) 63.739ms
[2020-01-31T22:07:15.600+0300][119.309s][info ][gc] GC(1023) Concurrent Cycle
[2020-01-31T22:07:15.707+0300][119.417s][info ][gc] GC(1024) Pause Young (Normal) (G1 Evacuation Pause) 790M->791M(1026M) 45.919ms
[2020-01-31T22:07:15.713+0300][119.422s][debug][gc] GC(1023) Reclaimed 575 empty regions
[2020-01-31T22:07:15.713+0300][119.423s][info ][gc] GC(1023) Pause Remark 804M->229M(1026M) 0.643ms
[2020-01-31T22:07:15.753+0300][119.463s][info ][gc] GC(1025) Pause Young (Normal) (G1 Evacuation Pause) 256M->257M(1026M) 29.370ms
[2020-01-31T22:07:15.986+0300][119.695s][info ][gc] GC(1026) Pause Young (Normal) (G1 Evacuation Pause) 504M->505M(1026M) 127.056ms
[2020-01-31T22:07:16.032+0300][119.742s][info ][gc] GC(1023) Pause Cleanup 505M->505M(1026M) 0.129ms
[2020-01-31T22:07:16.033+0300][119.743s][info ][gc] GC(1023) Concurrent Cycle 433.961ms
[2020-01-31T22:07:16.112+0300][119.821s][info ][gc] GC(1027) Pause Young (Concurrent Start) (G1 Humongous Allocation) 534M->535M(1026M) 54.919ms
[2020-01-31T22:07:16.112+0300][119.821s][info ][gc] GC(1028) Concurrent Cycle
[2020-01-31T22:07:16.147+0300][119.856s][debug][gc] GC(1028) Reclaimed 470 empty regions
[2020-01-31T22:07:16.147+0300][119.856s][info ][gc] GC(1028) Pause Remark 637M->167M(1026M) 0.627ms
[2020-01-31T22:07:16.243+0300][119.952s][info ][gc] GC(1029) Pause Young (Normal) (G1 Evacuation Pause) 225M->206M(1026M) 69.353ms
[2020-01-31T22:07:16.261+0300][119.970s][info ][gc] GC(1028) Pause Cleanup 245M->245M(1026M) 0.105ms
[2020-01-31T22:07:16.261+0300][119.970s][info ][gc] GC(1028) Concurrent Cycle 149.371ms
[2020-01-31T22:07:16.489+0300][120.198s][info ][gc] GC(1030) Pause Young (Normal) (G1 Evacuation Pause) 449M->450M(1026M) 137.799ms
[2020-01-31T22:07:16.669+0300][120.379s][info ][gc] GC(1031) Pause Young (Normal) (G1 Evacuation Pause) 637M->638M(1026M) 99.274ms
[2020-01-31T22:07:16.771+0300][120.480s][info ][gc] GC(1032) Pause Young (Concurrent Start) (G1 Humongous Allocation) 721M->722M(1026M) 57.820ms
[2020-01-31T22:07:16.771+0300][120.480s][info ][gc] GC(1033) Concurrent Cycle
[2020-01-31T22:07:16.867+0300][120.577s][info ][gc] GC(1034) Pause Young (Normal) (G1 Evacuation Pause) 804M->805M(1026M) 41.839ms
[2020-01-31T22:07:16.873+0300][120.583s][debug][gc] GC(1033) Reclaimed 607 empty regions
[2020-01-31T22:07:16.873+0300][120.583s][info ][gc] GC(1033) Pause Remark 818M->211M(1026M) 0.663ms
[2020-01-31T22:07:16.914+0300][120.623s][info ][gc] GC(1035) Pause Young (Normal) (G1 Evacuation Pause) 239M->240M(1026M) 29.249ms
[2020-01-31T22:07:17.149+0300][120.859s][info ][gc] GC(1036) Pause Young (Normal) (G1 Evacuation Pause) 492M->493M(1026M) 124.942ms
[2020-01-31T22:07:17.184+0300][120.894s][info ][gc] GC(1033) Pause Cleanup 493M->493M(1026M) 0.133ms
[2020-01-31T22:07:17.185+0300][120.895s][info ][gc] GC(1033) Concurrent Cycle 415.061ms
[2020-01-31T22:07:17.262+0300][120.971s][info ][gc] GC(1037) Pause Young (Concurrent Start) (G1 Humongous Allocation) 522M->522M(1026M) 52.910ms
[2020-01-31T22:07:17.262+0300][120.971s][info ][gc] GC(1038) Concurrent Cycle
[2020-01-31T22:07:17.297+0300][121.007s][debug][gc] GC(1038) Reclaimed 457 empty regions
[2020-01-31T22:07:17.297+0300][121.007s][info ][gc] GC(1038) Pause Remark 628M->171M(1026M) 0.619ms
[2020-01-31T22:07:17.395+0300][121.105s][info ][gc] GC(1039) Pause Young (Normal) (G1 Evacuation Pause) 229M->209M(1026M) 71.847ms
[2020-01-31T22:07:17.413+0300][121.123s][info ][gc] GC(1038) Pause Cleanup 249M->249M(1026M) 0.112ms
[2020-01-31T22:07:17.414+0300][121.124s][info ][gc] GC(1038) Concurrent Cycle 152.663ms
[2020-01-31T22:07:17.652+0300][121.362s][info ][gc] GC(1040) Pause Young (Normal) (G1 Evacuation Pause) 471M->472M(1026M) 139.634ms
[2020-01-31T22:07:17.787+0300][121.497s][info ][gc] GC(1041) Pause Young (Concurrent Start) (G1 Humongous Allocation) 585M->586M(1026M) 79.788ms
[2020-01-31T22:07:17.787+0300][121.497s][info ][gc] GC(1042) Concurrent Cycle
[2020-01-31T22:07:17.951+0300][121.660s][info ][gc] GC(1043) Pause Young (Normal) (G1 Evacuation Pause) 710M->711M(1026M) 88.769ms
[2020-01-31T22:07:17.957+0300][121.666s][debug][gc] GC(1042) Reclaimed 433 empty regions
[2020-01-31T22:07:17.957+0300][121.666s][info ][gc] GC(1042) Pause Remark 721M->288M(1026M) 0.643ms
[2020-01-31T22:07:18.038+0300][121.748s][info ][gc] GC(1044) Pause Young (Normal) (G1 Evacuation Pause) 363M->364M(1026M) 47.769ms
[2020-01-31T22:07:18.227+0300][121.936s][info ][gc] GC(1045) Pause Young (Normal) (G1 Evacuation Pause) 558M->559M(1026M) 106.530ms
[2020-01-31T22:07:18.319+0300][122.029s][info ][gc] GC(1042) Pause Cleanup 670M->670M(1026M) 0.137ms
[2020-01-31T22:07:18.320+0300][122.030s][info ][gc] GC(1042) Concurrent Cycle 533.202ms
[2020-01-31T22:07:18.410+0300][122.120s][info ][gc] GC(1046) Pause Young (Normal) (G1 Evacuation Pause) 692M->692M(1026M) 81.585ms
[2020-01-31T22:07:18.434+0300][122.143s][info ][gc] GC(1047) Pause Young (Concurrent Start) (G1 Humongous Allocation) 695M->697M(1026M) 11.474ms
[2020-01-31T22:07:18.434+0300][122.143s][info ][gc] GC(1048) Concurrent Cycle
[2020-01-31T22:07:18.451+0300][122.160s][debug][gc] GC(1048) Reclaimed 666 empty regions
[2020-01-31T22:07:18.451+0300][122.160s][info ][gc] GC(1048) Pause Remark 755M->89M(1026M) 0.732ms
[2020-01-31T22:07:18.504+0300][122.213s][info ][gc] GC(1049) Pause Young (Normal) (G1 Evacuation Pause) 121M->117M(1026M) 40.176ms
[2020-01-31T22:07:18.523+0300][122.233s][info ][gc] GC(1048) Pause Cleanup 162M->162M(1026M) 0.098ms
[2020-01-31T22:07:18.523+0300][122.233s][info ][gc] GC(1048) Concurrent Cycle 89.935ms
[2020-01-31T22:07:18.769+0300][122.479s][info ][gc] GC(1050) Pause Young (Normal) (G1 Evacuation Pause) 408M->409M(1026M) 143.881ms
[2020-01-31T22:07:18.960+0300][122.670s][info ][gc] GC(1051) Pause Young (Normal) (G1 Evacuation Pause) 609M->609M(1026M) 106.444ms
[2020-01-31T22:07:19.071+0300][122.781s][info ][gc] GC(1052) Pause Young (Concurrent Start) (G1 Humongous Allocation) 702M->702M(1026M) 63.274ms
[2020-01-31T22:07:19.071+0300][122.781s][info ][gc] GC(1053) Concurrent Cycle
[2020-01-31T22:07:19.179+0300][122.888s][info ][gc] GC(1054) Pause Young (Normal) (G1 Evacuation Pause) 790M->791M(1026M) 46.461ms
[2020-01-31T22:07:19.185+0300][122.894s][debug][gc] GC(1053) Reclaimed 576 empty regions
[2020-01-31T22:07:19.185+0300][122.894s][info ][gc] GC(1053) Pause Remark 804M->228M(1026M) 0.648ms
[2020-01-31T22:07:19.225+0300][122.934s][info ][gc] GC(1055) Pause Young (Normal) (G1 Evacuation Pause) 255M->256M(1026M) 29.221ms
[2020-01-31T22:07:19.469+0300][123.179s][info ][gc] GC(1056) Pause Young (Normal) (G1 Evacuation Pause) 503M->504M(1026M) 124.386ms
[2020-01-31T22:07:19.516+0300][123.226s][info ][gc] GC(1053) Pause Cleanup 504M->504M(1026M) 0.123ms
[2020-01-31T22:07:19.517+0300][123.227s][info ][gc] GC(1053) Concurrent Cycle 446.432ms
[2020-01-31T22:07:19.590+0300][123.299s][info ][gc] GC(1057) Pause Young (Concurrent Start) (G1 Humongous Allocation) 533M->534M(1026M) 48.686ms
[2020-01-31T22:07:19.590+0300][123.299s][info ][gc] GC(1058) Concurrent Cycle
[2020-01-31T22:07:19.625+0300][123.334s][debug][gc] GC(1058) Reclaimed 469 empty regions
[2020-01-31T22:07:19.625+0300][123.334s][info ][gc] GC(1058) Pause Remark 636M->167M(1026M) 0.650ms
[2020-01-31T22:07:19.721+0300][123.430s][info ][gc] GC(1059) Pause Young (Normal) (G1 Evacuation Pause) 225M->207M(1026M) 69.505ms
[2020-01-31T22:07:19.739+0300][123.448s][info ][gc] GC(1058) Pause Cleanup 249M->249M(1026M) 0.104ms
[2020-01-31T22:07:19.740+0300][123.449s][info ][gc] GC(1058) Concurrent Cycle 149.879ms
[2020-01-31T22:07:19.956+0300][123.666s][info ][gc] GC(1060) Pause Young (Normal) (G1 Evacuation Pause) 450M->450M(1026M) 133.647ms
[2020-01-31T22:07:20.146+0300][123.855s][info ][gc] GC(1061) Pause Young (Normal) (G1 Evacuation Pause) 636M->637M(1026M) 98.749ms
[2020-01-31T22:07:20.247+0300][123.957s][info ][gc] GC(1062) Pause Young (Concurrent Start) (G1 Humongous Allocation) 721M->721M(1026M) 58.468ms
[2020-01-31T22:07:20.247+0300][123.957s][info ][gc] GC(1063) Concurrent Cycle
[2020-01-31T22:07:20.347+0300][124.056s][info ][gc] GC(1064) Pause Young (Normal) (G1 Evacuation Pause) 803M->804M(1026M) 42.759ms
[2020-01-31T22:07:20.353+0300][124.063s][debug][gc] GC(1063) Reclaimed 606 empty regions
[2020-01-31T22:07:20.353+0300][124.063s][info ][gc] GC(1063) Pause Remark 817M->211M(1026M) 0.663ms
[2020-01-31T22:07:20.398+0300][124.107s][info ][gc] GC(1065) Pause Young (Normal) (G1 Evacuation Pause) 239M->239M(1026M) 32.516ms
[2020-01-31T22:07:20.633+0300][124.342s][info ][gc] GC(1066) Pause Young (Normal) (G1 Evacuation Pause) 491M->492M(1026M) 125.607ms
[2020-01-31T22:07:20.666+0300][124.375s][info ][gc] GC(1063) Pause Cleanup 492M->492M(1026M) 0.131ms
[2020-01-31T22:07:20.667+0300][124.376s][info ][gc] GC(1063) Concurrent Cycle 418.791ms
[2020-01-31T22:07:20.743+0300][124.452s][info ][gc] GC(1067) Pause Young (Concurrent Start) (G1 Humongous Allocation) 521M->522M(1026M) 53.580ms
[2020-01-31T22:07:20.743+0300][124.452s][info ][gc] GC(1068) Concurrent Cycle
[2020-01-31T22:07:20.779+0300][124.488s][debug][gc] GC(1068) Reclaimed 456 empty regions
[2020-01-31T22:07:20.779+0300][124.488s][info ][gc] GC(1068) Pause Remark 627M->171M(1026M) 0.622ms
[2020-01-31T22:07:20.877+0300][124.587s][info ][gc] GC(1069) Pause Young (Normal) (G1 Evacuation Pause) 230M->210M(1026M) 71.473ms
[2020-01-31T22:07:20.894+0300][124.604s][info ][gc] GC(1068) Pause Cleanup 239M->239M(1026M) 0.105ms
[2020-01-31T22:07:20.895+0300][124.605s][info ][gc] GC(1068) Concurrent Cycle 152.416ms
[2020-01-31T22:07:21.130+0300][124.839s][info ][gc] GC(1070) Pause Young (Normal) (G1 Evacuation Pause) 472M->472M(1026M) 134.370ms
[2020-01-31T22:07:21.262+0300][124.972s][info ][gc] GC(1071) Pause Young (Concurrent Start) (G1 Humongous Allocation) 585M->586M(1026M) 78.117ms
[2020-01-31T22:07:21.262+0300][124.972s][info ][gc] GC(1072) Concurrent Cycle
[2020-01-31T22:07:21.405+0300][125.115s][info ][gc] GC(1073) Pause Young (Normal) (G1 Evacuation Pause) 710M->711M(1026M) 67.865ms
[2020-01-31T22:07:21.411+0300][125.121s][debug][gc] GC(1072) Reclaimed 433 empty regions
[2020-01-31T22:07:21.412+0300][125.121s][info ][gc] GC(1072) Pause Remark 723M->290M(1026M) 0.657ms
[2020-01-31T22:07:21.492+0300][125.201s][info ][gc] GC(1074) Pause Young (Normal) (G1 Evacuation Pause) 363M->364M(1026M) 46.621ms
[2020-01-31T22:07:21.681+0300][125.391s][info ][gc] GC(1075) Pause Young (Normal) (G1 Evacuation Pause) 558M->558M(1026M) 106.916ms
[2020-01-31T22:07:21.773+0300][125.483s][info ][gc] GC(1072) Pause Cleanup 667M->667M(1026M) 0.132ms
[2020-01-31T22:07:21.773+0300][125.483s][info ][gc] GC(1072) Concurrent Cycle 511.652ms
[2020-01-31T22:07:21.864+0300][125.574s][info ][gc] GC(1076) Pause Young (Normal) (G1 Evacuation Pause) 691M->692M(1026M) 81.483ms
[2020-01-31T22:07:21.889+0300][125.598s][info ][gc] GC(1077) Pause Young (Concurrent Start) (G1 Humongous Allocation) 695M->696M(1026M) 11.923ms
[2020-01-31T22:07:21.889+0300][125.598s][info ][gc] GC(1078) Concurrent Cycle
[2020-01-31T22:07:21.906+0300][125.615s][debug][gc] GC(1078) Reclaimed 666 empty regions
[2020-01-31T22:07:21.906+0300][125.615s][info ][gc] GC(1078) Pause Remark 755M->89M(1026M) 0.652ms
[2020-01-31T22:07:21.958+0300][125.668s][info ][gc] GC(1079) Pause Young (Normal) (G1 Evacuation Pause) 120M->117M(1026M) 40.463ms
[2020-01-31T22:07:21.978+0300][125.688s][info ][gc] GC(1078) Pause Cleanup 162M->162M(1026M) 0.091ms
[2020-01-31T22:07:21.979+0300][125.689s][info ][gc] GC(1078) Concurrent Cycle 90.381ms
[2020-01-31T22:07:22.227+0300][125.936s][info ][gc] GC(1080) Pause Young (Normal) (G1 Evacuation Pause) 408M->408M(1026M) 144.881ms
[2020-01-31T22:07:22.418+0300][126.128s][info ][gc] GC(1081) Pause Young (Normal) (G1 Evacuation Pause) 608M->609M(1026M) 105.374ms
[2020-01-31T22:07:22.529+0300][126.238s][info ][gc] GC(1082) Pause Young (Concurrent Start) (G1 Humongous Allocation) 702M->702M(1026M) 64.037ms
[2020-01-31T22:07:22.529+0300][126.238s][info ][gc] GC(1083) Concurrent Cycle
[2020-01-31T22:07:22.637+0300][126.346s][info ][gc] GC(1084) Pause Young (Normal) (G1 Evacuation Pause) 790M->791M(1026M) 46.296ms
[2020-01-31T22:07:22.642+0300][126.351s][debug][gc] GC(1083) Reclaimed 576 empty regions
[2020-01-31T22:07:22.642+0300][126.352s][info ][gc] GC(1083) Pause Remark 804M->228M(1026M) 0.648ms
[2020-01-31T22:07:22.682+0300][126.392s][info ][gc] GC(1085) Pause Young (Normal) (G1 Evacuation Pause) 255M->256M(1026M) 29.215ms
[2020-01-31T22:07:22.912+0300][126.622s][info ][gc] GC(1086) Pause Young (Normal) (G1 Evacuation Pause) 503M->504M(1026M) 123.303ms
[2020-01-31T22:07:22.955+0300][126.664s][info ][gc] GC(1083) Pause Cleanup 505M->505M(1026M) 0.120ms
[2020-01-31T22:07:22.956+0300][126.665s][info ][gc] GC(1083) Concurrent Cycle 427.207ms
[2020-01-31T22:07:23.034+0300][126.743s][info ][gc] GC(1087) Pause Young (Concurrent Start) (G1 Humongous Allocation) 534M->534M(1026M) 55.452ms
[2020-01-31T22:07:23.034+0300][126.743s][info ][gc] GC(1088) Concurrent Cycle
[2020-01-31T22:07:23.069+0300][126.778s][debug][gc] GC(1088) Reclaimed 469 empty regions
[2020-01-31T22:07:23.069+0300][126.778s][info ][gc] GC(1088) Pause Remark 636M->167M(1026M) 0.637ms
[2020-01-31T22:07:23.167+0300][126.876s][info ][gc] GC(1089) Pause Young (Normal) (G1 Evacuation Pause) 225M->206M(1026M) 71.884ms
[2020-01-31T22:07:23.185+0300][126.894s][info ][gc] GC(1088) Pause Cleanup 239M->239M(1026M) 0.106ms
[2020-01-31T22:07:23.185+0300][126.895s][info ][gc] GC(1088) Concurrent Cycle 152.367ms
[2020-01-31T22:07:23.408+0300][127.117s][info ][gc] GC(1090) Pause Young (Normal) (G1 Evacuation Pause) 449M->450M(1026M) 132.877ms
[2020-01-31T22:07:23.589+0300][127.298s][info ][gc] GC(1091) Pause Young (Normal) (G1 Evacuation Pause) 637M->638M(1026M) 100.371ms
[2020-01-31T22:07:23.695+0300][127.404s][info ][gc] GC(1092) Pause Young (Concurrent Start) (G1 Humongous Allocation) 721M->721M(1026M) 60.417ms
[2020-01-31T22:07:23.695+0300][127.405s][info ][gc] GC(1093) Concurrent Cycle
[2020-01-31T22:07:23.795+0300][127.505s][info ][gc] GC(1094) Pause Young (Normal) (G1 Evacuation Pause) 803M->804M(1026M) 44.270ms
[2020-01-31T22:07:23.801+0300][127.511s][debug][gc] GC(1093) Reclaimed 607 empty regions
[2020-01-31T22:07:23.801+0300][127.511s][info ][gc] GC(1093) Pause Remark 817M->210M(1026M) 0.705ms
[2020-01-31T22:07:23.843+0300][127.553s][info ][gc] GC(1095) Pause Young (Normal) (G1 Evacuation Pause) 238M->239M(1026M) 29.938ms
[2020-01-31T22:07:24.082+0300][127.791s][info ][gc] GC(1096) Pause Young (Normal) (G1 Evacuation Pause) 491M->492M(1026M) 130.555ms
[2020-01-31T22:07:24.131+0300][127.840s][info ][gc] GC(1093) Pause Cleanup 492M->492M(1026M) 0.122ms
[2020-01-31T22:07:24.131+0300][127.841s][info ][gc] GC(1093) Concurrent Cycle 436.486ms
[2020-01-31T22:07:24.207+0300][127.916s][info ][gc] GC(1097) Pause Young (Concurrent Start) (G1 Humongous Allocation) 521M->522M(1026M) 50.778ms
[2020-01-31T22:07:24.207+0300][127.916s][info ][gc] GC(1098) Concurrent Cycle
[2020-01-31T22:07:24.242+0300][127.951s][debug][gc] GC(1098) Reclaimed 456 empty regions
[2020-01-31T22:07:24.242+0300][127.951s][info ][gc] GC(1098) Pause Remark 627M->171M(1026M) 0.627ms
[2020-01-31T22:07:24.341+0300][128.050s][info ][gc] GC(1099) Pause Young (Normal) (G1 Evacuation Pause) 230M->210M(1026M) 71.926ms
[2020-01-31T22:07:24.359+0300][128.068s][info ][gc] GC(1098) Pause Cleanup 250M->250M(1026M) 0.111ms
[2020-01-31T22:07:24.360+0300][128.069s][info ][gc] GC(1098) Concurrent Cycle 152.716ms
[2020-01-31T22:07:24.594+0300][128.304s][info ][gc] GC(1100) Pause Young (Normal) (G1 Evacuation Pause) 472M->472M(1026M) 134.934ms
[2020-01-31T22:07:24.728+0300][128.437s][info ][gc] GC(1101) Pause Young (Concurrent Start) (G1 Humongous Allocation) 585M->586M(1026M) 78.024ms
[2020-01-31T22:07:24.728+0300][128.437s][info ][gc] GC(1102) Concurrent Cycle
[2020-01-31T22:07:24.871+0300][128.580s][info ][gc] GC(1103) Pause Young (Normal) (G1 Evacuation Pause) 710M->711M(1026M) 68.683ms
[2020-01-31T22:07:24.877+0300][128.586s][debug][gc] GC(1102) Reclaimed 433 empty regions
[2020-01-31T22:07:24.877+0300][128.586s][info ][gc] GC(1102) Pause Remark 722M->289M(1026M) 0.690ms
[2020-01-31T22:07:24.968+0300][128.677s][info ][gc] GC(1104) Pause Young (Normal) (G1 Evacuation Pause) 363M->364M(1026M) 50.648ms
[2020-01-31T22:07:25.210+0300][128.920s][info ][gc] GC(1105) Pause Young (Normal) (G1 Evacuation Pause) 557M->558M(1026M) 115.895ms
[2020-01-31T22:07:25.266+0300][128.975s][info ][gc] GC(1102) Pause Cleanup 558M->558M(1026M) 0.123ms
[2020-01-31T22:07:25.266+0300][128.976s][info ][gc] GC(1102) Concurrent Cycle 539.139ms
[2020-01-31T22:07:25.311+0300][129.021s][info ][gc] GC(1106) Pause Young (Concurrent Start) (G1 Humongous Allocation) 560M->561M(1026M) 33.464ms
[2020-01-31T22:07:25.311+0300][129.021s][info ][gc] GC(1107) Concurrent Cycle
[2020-01-31T22:07:25.331+0300][129.040s][debug][gc] GC(1107) Reclaimed 527 empty regions
[2020-01-31T22:07:25.331+0300][129.040s][info ][gc] GC(1107) Pause Remark 620M->93M(1026M) 0.785ms
[2020-01-31T22:07:25.433+0300][129.143s][info ][gc] GC(1108) Pause Young (Normal) (G1 Evacuation Pause) 166M->164M(1026M) 69.672ms
[2020-01-31T22:07:25.438+0300][129.148s][info ][gc] GC(1107) Pause Cleanup 167M->167M(1026M) 0.107ms
[2020-01-31T22:07:25.439+0300][129.149s][info ][gc] GC(1107) Concurrent Cycle 127.925ms
[2020-01-31T22:07:25.724+0300][129.433s][info ][gc] GC(1109) Pause Young (Normal) (G1 Evacuation Pause) 460M->461M(1026M) 148.676ms
[2020-01-31T22:07:25.895+0300][129.604s][info ][gc] GC(1110) Pause Young (Normal) (G1 Evacuation Pause) 624M->624M(1026M) 100.678ms
[2020-01-31T22:07:26.011+0300][129.721s][info ][gc] GC(1111) Pause Young (Concurrent Start) (G1 Humongous Allocation) 707M->708M(1026M) 68.227ms
[2020-01-31T22:07:26.011+0300][129.721s][info ][gc] GC(1112) Concurrent Cycle
[2020-01-31T22:07:26.120+0300][129.829s][info ][gc] GC(1113) Pause Young (Normal) (G1 Evacuation Pause) 794M->795M(1026M) 46.064ms
[2020-01-31T22:07:26.126+0300][129.835s][debug][gc] GC(1112) Reclaimed 594 empty regions
[2020-01-31T22:07:26.126+0300][129.835s][info ][gc] GC(1112) Pause Remark 805M->211M(1026M) 0.655ms
[2020-01-31T22:07:26.170+0300][129.880s][info ][gc] GC(1114) Pause Young (Normal) (G1 Evacuation Pause) 241M->242M(1026M) 31.873ms
[2020-01-31T22:07:26.408+0300][130.117s][info ][gc] GC(1115) Pause Young (Normal) (G1 Evacuation Pause) 494M->494M(1026M) 125.787ms
[2020-01-31T22:07:26.441+0300][130.151s][info ][gc] GC(1112) Pause Cleanup 495M->495M(1026M) 0.133ms
[2020-01-31T22:07:26.442+0300][130.151s][info ][gc] GC(1112) Concurrent Cycle 430.426ms
[2020-01-31T22:07:26.520+0300][130.229s][info ][gc] GC(1116) Pause Young (Concurrent Start) (G1 Humongous Allocation) 521M->521M(1026M) 53.941ms
[2020-01-31T22:07:26.520+0300][130.229s][info ][gc] GC(1117) Concurrent Cycle
[2020-01-31T22:07:26.552+0300][130.262s][debug][gc] GC(1117) Reclaimed 458 empty regions
[2020-01-31T22:07:26.552+0300][130.262s][info ][gc] GC(1117) Pause Remark 619M->161M(1026M) 0.626ms
[2020-01-31T22:07:26.657+0300][130.366s][info ][gc] GC(1118) Pause Young (Normal) (G1 Evacuation Pause) 227M->207M(1026M) 74.316ms
[2020-01-31T22:07:26.669+0300][130.379s][info ][gc] GC(1117) Pause Cleanup 230M->230M(1026M) 0.105ms
[2020-01-31T22:07:26.670+0300][130.379s][info ][gc] GC(1117) Concurrent Cycle 150.846ms
[2020-01-31T22:07:26.912+0300][130.622s][info ][gc] GC(1119) Pause Young (Normal) (G1 Evacuation Pause) 469M->470M(1026M) 136.076ms
[2020-01-31T22:07:27.076+0300][130.785s][info ][gc] GC(1120) Pause Young (Normal) (G1 Evacuation Pause) 631M->632M(1026M) 95.478ms
[2020-01-31T22:07:27.179+0300][130.889s][info ][gc] GC(1121) Pause Young (Concurrent Start) (G1 Humongous Allocation) 718M->719M(1026M) 59.409ms
[2020-01-31T22:07:27.179+0300][130.889s][info ][gc] GC(1122) Concurrent Cycle
[2020-01-31T22:07:27.278+0300][130.988s][info ][gc] GC(1123) Pause Young (Normal) (G1 Evacuation Pause) 802M->803M(1026M) 42.453ms
[2020-01-31T22:07:27.284+0300][130.994s][debug][gc] GC(1122) Reclaimed 602 empty regions
[2020-01-31T22:07:27.284+0300][130.994s][info ][gc] GC(1122) Pause Remark 816M->214M(1026M) 0.646ms
[2020-01-31T22:07:27.327+0300][131.036s][info ][gc] GC(1124) Pause Young (Normal) (G1 Evacuation Pause) 242M->242M(1026M) 31.060ms
[2020-01-31T22:07:27.558+0300][131.268s][info ][gc] GC(1125) Pause Young (Normal) (G1 Evacuation Pause) 493M->494M(1026M) 124.875ms
[2020-01-31T22:07:27.596+0300][131.305s][info ][gc] GC(1122) Pause Cleanup 494M->494M(1026M) 0.146ms
[2020-01-31T22:07:27.597+0300][131.306s][info ][gc] GC(1122) Concurrent Cycle 416.762ms
[2020-01-31T22:07:27.674+0300][131.384s][info ][gc] GC(1126) Pause Young (Concurrent Start) (G1 Humongous Allocation) 523M->524M(1026M) 52.113ms
[2020-01-31T22:07:27.674+0300][131.384s][info ][gc] GC(1127) Concurrent Cycle
[2020-01-31T22:07:27.710+0300][131.419s][debug][gc] GC(1127) Reclaimed 458 empty regions
[2020-01-31T22:07:27.710+0300][131.419s][info ][gc] GC(1127) Pause Remark 625M->167M(1026M) 0.635ms
[2020-01-31T22:07:27.810+0300][131.520s][info ][gc] GC(1128) Pause Young (Normal) (G1 Evacuation Pause) 230M->209M(1026M) 71.794ms
[2020-01-31T22:07:27.826+0300][131.536s][info ][gc] GC(1127) Pause Cleanup 245M->245M(1026M) 0.107ms
[2020-01-31T22:07:27.827+0300][131.536s][info ][gc] GC(1127) Concurrent Cycle 152.518ms
[2020-01-31T22:07:28.059+0300][131.769s][info ][gc] GC(1129) Pause Young (Normal) (G1 Evacuation Pause) 471M->472M(1026M) 135.124ms
[2020-01-31T22:07:28.195+0300][131.904s][info ][gc] GC(1130) Pause Young (Concurrent Start) (G1 Humongous Allocation) 585M->585M(1026M) 79.422ms
[2020-01-31T22:07:28.195+0300][131.904s][info ][gc] GC(1131) Concurrent Cycle
[2020-01-31T22:07:28.339+0300][132.049s][info ][gc] GC(1132) Pause Young (Normal) (G1 Evacuation Pause) 709M->710M(1026M) 69.309ms
[2020-01-31T22:07:28.346+0300][132.055s][debug][gc] GC(1131) Reclaimed 433 empty regions
[2020-01-31T22:07:28.346+0300][132.055s][info ][gc] GC(1131) Pause Remark 720M->287M(1026M) 0.650ms
[2020-01-31T22:07:28.426+0300][132.136s][info ][gc] GC(1133) Pause Young (Normal) (G1 Evacuation Pause) 362M->363M(1026M) 47.617ms
[2020-01-31T22:07:28.621+0300][132.330s][info ][gc] GC(1134) Pause Young (Normal) (G1 Evacuation Pause) 557M->558M(1026M) 106.870ms
[2020-01-31T22:07:28.707+0300][132.416s][info ][gc] GC(1131) Pause Cleanup 647M->647M(1026M) 0.117ms
[2020-01-31T22:07:28.708+0300][132.417s][info ][gc] GC(1131) Concurrent Cycle 513.191ms
[2020-01-31T22:07:28.805+0300][132.515s][info ][gc] GC(1135) Pause Young (Normal) (G1 Evacuation Pause) 691M->692M(1026M) 81.318ms
[2020-01-31T22:07:28.828+0300][132.538s][info ][gc] GC(1136) Pause Young (Concurrent Start) (G1 Humongous Allocation) 695M->696M(1026M) 11.530ms
[2020-01-31T22:07:28.828+0300][132.538s][info ][gc] GC(1137) Concurrent Cycle
[2020-01-31T22:07:28.845+0300][132.555s][debug][gc] GC(1137) Reclaimed 666 empty regions
[2020-01-31T22:07:28.845+0300][132.555s][info ][gc] GC(1137) Pause Remark 754M->88M(1026M) 0.651ms
[2020-01-31T22:07:28.898+0300][132.608s][info ][gc] GC(1138) Pause Young (Normal) (G1 Evacuation Pause) 120M->117M(1026M) 40.138ms
[2020-01-31T22:07:28.917+0300][132.627s][info ][gc] GC(1137) Pause Cleanup 160M->160M(1026M) 0.097ms
[2020-01-31T22:07:28.918+0300][132.628s][info ][gc] GC(1137) Concurrent Cycle 89.710ms
[2020-01-31T22:07:29.198+0300][132.907s][info ][gc] GC(1139) Pause Young (Normal) (G1 Evacuation Pause) 408M->408M(1026M) 176.084ms
[2020-01-31T22:07:29.388+0300][133.098s][info ][gc] GC(1140) Pause Young (Normal) (G1 Evacuation Pause) 608M->609M(1026M) 105.546ms
[2020-01-31T22:07:29.499+0300][133.208s][info ][gc] GC(1141) Pause Young (Concurrent Start) (G1 Humongous Allocation) 702M->702M(1026M) 63.579ms
[2020-01-31T22:07:29.499+0300][133.208s][info ][gc] GC(1142) Concurrent Cycle
[2020-01-31T22:07:29.606+0300][133.316s][info ][gc] GC(1143) Pause Young (Normal) (G1 Evacuation Pause) 790M->791M(1026M) 46.348ms
[2020-01-31T22:07:29.612+0300][133.322s][debug][gc] GC(1142) Reclaimed 576 empty regions
[2020-01-31T22:07:29.612+0300][133.322s][info ][gc] GC(1142) Pause Remark 804M->228M(1026M) 0.660ms
[2020-01-31T22:07:29.652+0300][133.362s][info ][gc] GC(1144) Pause Young (Normal) (G1 Evacuation Pause) 255M->256M(1026M) 29.546ms
[2020-01-31T22:07:29.887+0300][133.596s][info ][gc] GC(1145) Pause Young (Normal) (G1 Evacuation Pause) 503M->504M(1026M) 122.924ms
[2020-01-31T22:07:29.926+0300][133.635s][info ][gc] GC(1142) Pause Cleanup 504M->504M(1026M) 0.134ms
[2020-01-31T22:07:29.927+0300][133.636s][info ][gc] GC(1142) Concurrent Cycle 427.620ms
[2020-01-31T22:07:30.002+0300][133.712s][info ][gc] GC(1146) Pause Young (Concurrent Start) (G1 Humongous Allocation) 533M->534M(1026M) 53.733ms
[2020-01-31T22:07:30.003+0300][133.712s][info ][gc] GC(1147) Concurrent Cycle
[2020-01-31T22:07:30.037+0300][133.747s][debug][gc] GC(1147) Reclaimed 469 empty regions
[2020-01-31T22:07:30.038+0300][133.747s][info ][gc] GC(1147) Pause Remark 637M->168M(1026M) 0.630ms
[2020-01-31T22:07:30.133+0300][133.843s][info ][gc] GC(1148) Pause Young (Normal) (G1 Evacuation Pause) 226M->207M(1026M) 69.779ms
[2020-01-31T22:07:30.152+0300][133.861s][info ][gc] GC(1147) Pause Cleanup 249M->249M(1026M) 0.104ms
[2020-01-31T22:07:30.153+0300][133.862s][info ][gc] GC(1147) Concurrent Cycle 150.144ms
[2020-01-31T22:07:30.368+0300][134.078s][info ][gc] GC(1149) Pause Young (Normal) (G1 Evacuation Pause) 449M->450M(1026M) 131.491ms
[2020-01-31T22:07:30.545+0300][134.255s][info ][gc] GC(1150) Pause Young (Normal) (G1 Evacuation Pause) 637M->637M(1026M) 96.374ms
[2020-01-31T22:07:30.647+0300][134.356s][info ][gc] GC(1151) Pause Young (Concurrent Start) (G1 Humongous Allocation) 721M->722M(1026M) 58.199ms
[2020-01-31T22:07:30.647+0300][134.356s][info ][gc] GC(1152) Concurrent Cycle
[2020-01-31T22:07:30.743+0300][134.453s][info ][gc] GC(1153) Pause Young (Normal) (G1 Evacuation Pause) 804M->805M(1026M) 41.865ms
[2020-01-31T22:07:30.750+0300][134.460s][debug][gc] GC(1152) Reclaimed 606 empty regions
[2020-01-31T22:07:30.750+0300][134.460s][info ][gc] GC(1152) Pause Remark 819M->213M(1026M) 0.744ms
[2020-01-31T22:07:30.791+0300][134.501s][info ][gc] GC(1154) Pause Young (Normal) (G1 Evacuation Pause) 240M->241M(1026M) 29.852ms
[2020-01-31T22:07:31.028+0300][134.737s][info ][gc] GC(1155) Pause Young (Normal) (G1 Evacuation Pause) 493M->493M(1026M) 128.455ms
[2020-01-31T22:07:31.065+0300][134.775s][info ][gc] GC(1152) Pause Cleanup 494M->494M(1026M) 0.127ms
[2020-01-31T22:07:31.065+0300][134.775s][info ][gc] GC(1152) Concurrent Cycle 419.223ms
[2020-01-31T22:07:31.140+0300][134.850s][info ][gc] GC(1156) Pause Young (Concurrent Start) (G1 Humongous Allocation) 523M->523M(1026M) 51.402ms
[2020-01-31T22:07:31.140+0300][134.850s][info ][gc] GC(1157) Concurrent Cycle
[2020-01-31T22:07:31.176+0300][134.886s][debug][gc] GC(1157) Reclaimed 457 empty regions
[2020-01-31T22:07:31.176+0300][134.886s][info ][gc] GC(1157) Pause Remark 627M->170M(1026M) 0.656ms
[2020-01-31T22:07:31.275+0300][134.984s][info ][gc] GC(1158) Pause Young (Normal) (G1 Evacuation Pause) 230M->210M(1026M) 71.460ms
[2020-01-31T22:07:31.293+0300][135.002s][info ][gc] GC(1157) Pause Cleanup 225M->225M(1026M) 0.110ms
[2020-01-31T22:07:31.293+0300][135.003s][info ][gc] GC(1157) Concurrent Cycle 152.916ms
[2020-01-31T22:07:31.532+0300][135.242s][info ][gc] GC(1159) Pause Young (Normal) (G1 Evacuation Pause) 472M->472M(1026M) 133.425ms
[2020-01-31T22:07:31.665+0300][135.374s][info ][gc] GC(1160) Pause Young (Concurrent Start) (G1 Humongous Allocation) 585M->586M(1026M) 77.979ms
[2020-01-31T22:07:31.665+0300][135.374s][info ][gc] GC(1161) Concurrent Cycle
[2020-01-31T22:07:31.808+0300][135.518s][info ][gc] GC(1162) Pause Young (Normal) (G1 Evacuation Pause) 710M->711M(1026M) 69.156ms
[2020-01-31T22:07:31.814+0300][135.524s][debug][gc] GC(1161) Reclaimed 432 empty regions
[2020-01-31T22:07:31.814+0300][135.524s][info ][gc] GC(1161) Pause Remark 722M->290M(1026M) 0.651ms
[2020-01-31T22:07:31.893+0300][135.602s][info ][gc] GC(1163) Pause Young (Normal) (G1 Evacuation Pause) 364M->364M(1026M) 46.550ms
[2020-01-31T22:07:32.081+0300][135.790s][info ][gc] GC(1164) Pause Young (Normal) (G1 Evacuation Pause) 557M->558M(1026M) 107.189ms
[2020-01-31T22:07:32.176+0300][135.886s][info ][gc] GC(1161) Pause Cleanup 667M->667M(1026M) 0.132ms
[2020-01-31T22:07:32.177+0300][135.887s][info ][gc] GC(1161) Concurrent Cycle 512.485ms
[2020-01-31T22:07:32.266+0300][135.975s][info ][gc] GC(1165) Pause Young (Normal) (G1 Evacuation Pause) 691M->692M(1026M) 79.707ms
[2020-01-31T22:07:32.290+0300][136.000s][info ][gc] GC(1166) Pause Young (Concurrent Start) (G1 Humongous Allocation) 696M->697M(1026M) 12.483ms
[2020-01-31T22:07:32.290+0300][136.000s][info ][gc] GC(1167) Concurrent Cycle
[2020-01-31T22:07:32.307+0300][136.017s][debug][gc] GC(1167) Reclaimed 666 empty regions
[2020-01-31T22:07:32.307+0300][136.017s][info ][gc] GC(1167) Pause Remark 755M->89M(1026M) 0.660ms
[2020-01-31T22:07:32.359+0300][136.069s][info ][gc] GC(1168) Pause Young (Normal) (G1 Evacuation Pause) 120M->116M(1026M) 39.702ms
[2020-01-31T22:07:32.378+0300][136.088s][info ][gc] GC(1167) Pause Cleanup 162M->162M(1026M) 0.095ms
[2020-01-31T22:07:32.379+0300][136.088s][info ][gc] GC(1167) Concurrent Cycle 88.449ms
[2020-01-31T22:07:32.624+0300][136.334s][info ][gc] GC(1169) Pause Young (Normal) (G1 Evacuation Pause) 407M->408M(1026M) 143.621ms
[2020-01-31T22:07:32.844+0300][136.553s][info ][gc] GC(1170) Pause Young (Normal) (G1 Evacuation Pause) 608M->608M(1026M) 134.992ms
[2020-01-31T22:07:32.961+0300][136.671s][info ][gc] GC(1171) Pause Young (Concurrent Start) (G1 Humongous Allocation) 702M->702M(1026M) 67.376ms
[2020-01-31T22:07:32.961+0300][136.671s][info ][gc] GC(1172) Concurrent Cycle
[2020-01-31T22:07:33.069+0300][136.778s][info ][gc] GC(1173) Pause Young (Normal) (G1 Evacuation Pause) 790M->791M(1026M) 45.971ms
[2020-01-31T22:07:33.075+0300][136.784s][debug][gc] GC(1172) Reclaimed 574 empty regions
[2020-01-31T22:07:33.075+0300][136.784s][info ][gc] GC(1172) Pause Remark 805M->231M(1026M) 0.653ms
[2020-01-31T22:07:33.115+0300][136.824s][info ][gc] GC(1174) Pause Young (Normal) (G1 Evacuation Pause) 257M->258M(1026M) 29.356ms
[2020-01-31T22:07:33.344+0300][137.054s][info ][gc] GC(1175) Pause Young (Normal) (G1 Evacuation Pause) 504M->505M(1026M) 123.520ms
[2020-01-31T22:07:33.388+0300][137.098s][info ][gc] GC(1172) Pause Cleanup 515M->515M(1026M) 0.128ms
[2020-01-31T22:07:33.389+0300][137.099s][info ][gc] GC(1172) Concurrent Cycle 428.415ms
[2020-01-31T22:07:33.460+0300][137.170s][info ][gc] GC(1176) Pause Young (Concurrent Start) (G1 Humongous Allocation) 536M->536M(1026M) 52.747ms
[2020-01-31T22:07:33.461+0300][137.170s][info ][gc] GC(1177) Concurrent Cycle
[2020-01-31T22:07:33.496+0300][137.206s][debug][gc] GC(1177) Reclaimed 469 empty regions
[2020-01-31T22:07:33.496+0300][137.206s][info ][gc] GC(1177) Pause Remark 641M->172M(1026M) 0.647ms
[2020-01-31T22:07:33.590+0300][137.300s][info ][gc] GC(1178) Pause Young (Normal) (G1 Evacuation Pause) 227M->209M(1026M) 69.355ms
[2020-01-31T22:07:33.612+0300][137.321s][info ][gc] GC(1177) Pause Cleanup 257M->257M(1026M) 0.105ms
[2020-01-31T22:07:33.612+0300][137.322s][info ][gc] GC(1177) Concurrent Cycle 151.432ms
[2020-01-31T22:07:33.825+0300][137.535s][info ][gc] GC(1179) Pause Young (Normal) (G1 Evacuation Pause) 451M->452M(1026M) 132.405ms
[2020-01-31T22:07:33.972+0300][137.682s][info ][gc] GC(1180) Pause Young (Concurrent Start) (G1 Humongous Allocation) 589M->589M(1026M) 79.580ms
[2020-01-31T22:07:33.972+0300][137.682s][info ][gc] GC(1181) Concurrent Cycle
[2020-01-31T22:07:34.117+0300][137.826s][info ][gc] GC(1182) Pause Young (Normal) (G1 Evacuation Pause) 712M->713M(1026M) 67.652ms
[2020-01-31T22:07:34.122+0300][137.832s][debug][gc] GC(1181) Reclaimed 433 empty regions
[2020-01-31T22:07:34.122+0300][137.832s][info ][gc] GC(1181) Pause Remark 725M->292M(1026M) 0.711ms
[2020-01-31T22:07:34.200+0300][137.909s][info ][gc] GC(1183) Pause Young (Normal) (G1 Evacuation Pause) 364M->365M(1026M) 46.105ms
[2020-01-31T22:07:34.388+0300][138.097s][info ][gc] GC(1184) Pause Young (Normal) (G1 Evacuation Pause) 558M->558M(1026M) 107.072ms
[2020-01-31T22:07:34.486+0300][138.196s][info ][gc] GC(1181) Pause Cleanup 689M->689M(1026M) 0.133ms
[2020-01-31T22:07:34.486+0300][138.196s][info ][gc] GC(1181) Concurrent Cycle 514.577ms
[2020-01-31T22:07:34.571+0300][138.281s][info ][gc] GC(1185) Pause Young (Normal) (G1 Evacuation Pause) 691M->692M(1026M) 84.258ms
[2020-01-31T22:07:34.598+0300][138.308s][info ][gc] GC(1186) Pause Young (Concurrent Start) (G1 Humongous Allocation) 698M->699M(1026M) 13.282ms
[2020-01-31T22:07:34.598+0300][138.308s][info ][gc] GC(1187) Concurrent Cycle
[2020-01-31T22:07:34.616+0300][138.325s][debug][gc] GC(1187) Reclaimed 666 empty regions
[2020-01-31T22:07:34.616+0300][138.325s][info ][gc] GC(1187) Pause Remark 759M->93M(1026M) 0.658ms
[2020-01-31T22:07:34.667+0300][138.377s][info ][gc] GC(1188) Pause Young (Normal) (G1 Evacuation Pause) 122M->117M(1026M) 39.622ms
[2020-01-31T22:07:34.686+0300][138.396s][info ][gc] GC(1187) Pause Cleanup 163M->163M(1026M) 0.094ms
[2020-01-31T22:07:34.687+0300][138.397s][info ][gc] GC(1187) Concurrent Cycle 89.354ms
[2020-01-31T22:07:34.935+0300][138.644s][info ][gc] GC(1189) Pause Young (Normal) (G1 Evacuation Pause) 408M->408M(1026M) 146.460ms
[2020-01-31T22:07:35.125+0300][138.835s][info ][gc] GC(1190) Pause Young (Normal) (G1 Evacuation Pause) 608M->609M(1026M) 105.553ms
[2020-01-31T22:07:35.241+0300][138.950s][info ][gc] GC(1191) Pause Young (Concurrent Start) (G1 Humongous Allocation) 703M->703M(1026M) 66.834ms
[2020-01-31T22:07:35.241+0300][138.950s][info ][gc] GC(1192) Concurrent Cycle
[2020-01-31T22:07:35.348+0300][139.057s][info ][gc] GC(1193) Pause Young (Normal) (G1 Evacuation Pause) 790M->791M(1026M) 45.690ms
[2020-01-31T22:07:35.354+0300][139.063s][debug][gc] GC(1192) Reclaimed 575 empty regions
[2020-01-31T22:07:35.354+0300][139.063s][info ][gc] GC(1192) Pause Remark 804M->229M(1026M) 0.656ms
[2020-01-31T22:07:35.395+0300][139.104s][info ][gc] GC(1194) Pause Young (Normal) (G1 Evacuation Pause) 256M->257M(1026M) 29.683ms
[2020-01-31T22:07:35.623+0300][139.333s][info ][gc] GC(1195) Pause Young (Normal) (G1 Evacuation Pause) 504M->504M(1026M) 123.786ms
[2020-01-31T22:07:35.668+0300][139.377s][info ][gc] GC(1192) Pause Cleanup 505M->505M(1026M) 0.148ms
[2020-01-31T22:07:35.668+0300][139.378s][info ][gc] GC(1192) Concurrent Cycle 427.640ms
[2020-01-31T22:07:35.743+0300][139.452s][info ][gc] GC(1196) Pause Young (Concurrent Start) (G1 Humongous Allocation) 535M->535M(1026M) 52.448ms
[2020-01-31T22:07:35.743+0300][139.452s][info ][gc] GC(1197) Concurrent Cycle
[2020-01-31T22:07:35.779+0300][139.488s][debug][gc] GC(1197) Reclaimed 468 empty regions
[2020-01-31T22:07:35.779+0300][139.488s][info ][gc] GC(1197) Pause Remark 641M->173M(1026M) 0.639ms
[2020-01-31T22:07:35.873+0300][139.583s][info ][gc] GC(1198) Pause Young (Normal) (G1 Evacuation Pause) 227M->208M(1026M) 69.561ms
[2020-01-31T22:07:35.893+0300][139.603s][info ][gc] GC(1197) Pause Cleanup 253M->253M(1026M) 0.105ms
[2020-01-31T22:07:35.894+0300][139.603s][info ][gc] GC(1197) Concurrent Cycle 151.171ms
[2020-01-31T22:07:36.110+0300][139.819s][info ][gc] GC(1199) Pause Young (Normal) (G1 Evacuation Pause) 450M->451M(1026M) 132.620ms
[2020-01-31T22:07:36.258+0300][139.968s][info ][gc] GC(1200) Pause Young (Concurrent Start) (G1 Humongous Allocation) 588M->588M(1026M) 80.672ms
[2020-01-31T22:07:36.259+0300][139.968s][info ][gc] GC(1201) Concurrent Cycle
[2020-01-31T22:07:36.404+0300][140.114s][info ][gc] GC(1202) Pause Young (Normal) (G1 Evacuation Pause) 711M->712M(1026M) 69.324ms
[2020-01-31T22:07:36.410+0300][140.120s][debug][gc] GC(1201) Reclaimed 432 empty regions
[2020-01-31T22:07:36.410+0300][140.120s][info ][gc] GC(1201) Pause Remark 724M->292M(1026M) 0.704ms
[2020-01-31T22:07:36.491+0300][140.200s][info ][gc] GC(1203) Pause Young (Normal) (G1 Evacuation Pause) 365M->366M(1026M) 47.394ms
[2020-01-31T22:07:36.684+0300][140.393s][info ][gc] GC(1204) Pause Young (Normal) (G1 Evacuation Pause) 559M->559M(1026M) 110.153ms
[2020-01-31T22:07:36.777+0300][140.486s][info ][gc] GC(1201) Pause Cleanup 664M->664M(1026M) 0.134ms
[2020-01-31T22:07:36.778+0300][140.487s][info ][gc] GC(1201) Concurrent Cycle 518.609ms
[2020-01-31T22:07:36.869+0300][140.579s][info ][gc] GC(1205) Pause Young (Normal) (G1 Evacuation Pause) 691M->692M(1026M) 81.777ms
[2020-01-31T22:07:36.896+0300][140.605s][info ][gc] GC(1206) Pause Young (Concurrent Start) (G1 Humongous Allocation) 698M->699M(1026M) 13.211ms
[2020-01-31T22:07:36.896+0300][140.605s][info ][gc] GC(1207) Concurrent Cycle
[2020-01-31T22:07:36.913+0300][140.623s][debug][gc] GC(1207) Reclaimed 666 empty regions
[2020-01-31T22:07:36.913+0300][140.623s][info ][gc] GC(1207) Pause Remark 761M->95M(1026M) 0.657ms
[2020-01-31T22:07:36.964+0300][140.674s][info ][gc] GC(1208) Pause Young (Normal) (G1 Evacuation Pause) 122M->117M(1026M) 39.599ms
[2020-01-31T22:07:36.985+0300][140.694s][info ][gc] GC(1207) Pause Cleanup 163M->163M(1026M) 0.103ms
[2020-01-31T22:07:36.985+0300][140.695s][info ][gc] GC(1207) Concurrent Cycle 89.663ms
[2020-01-31T22:07:37.231+0300][140.941s][info ][gc] GC(1209) Pause Young (Normal) (G1 Evacuation Pause) 408M->408M(1026M) 145.387ms
[2020-01-31T22:07:37.423+0300][141.133s][info ][gc] GC(1210) Pause Young (Normal) (G1 Evacuation Pause) 608M->609M(1026M) 105.848ms
[2020-01-31T22:07:37.535+0300][141.244s][info ][gc] GC(1211) Pause Young (Concurrent Start) (G1 Humongous Allocation) 703M->703M(1026M) 64.382ms
[2020-01-31T22:07:37.535+0300][141.245s][info ][gc] GC(1212) Concurrent Cycle
[2020-01-31T22:07:37.643+0300][141.352s][info ][gc] GC(1213) Pause Young (Normal) (G1 Evacuation Pause) 791M->792M(1026M) 46.033ms
[2020-01-31T22:07:37.649+0300][141.358s][debug][gc] GC(1212) Reclaimed 575 empty regions
[2020-01-31T22:07:37.649+0300][141.358s][info ][gc] GC(1212) Pause Remark 805M->230M(1026M) 0.647ms
[2020-01-31T22:07:37.688+0300][141.398s][info ][gc] GC(1214) Pause Young (Normal) (G1 Evacuation Pause) 257M->258M(1026M) 28.898ms
[2020-01-31T22:07:37.919+0300][141.628s][info ][gc] GC(1215) Pause Young (Normal) (G1 Evacuation Pause) 505M->505M(1026M) 124.034ms
[2020-01-31T22:07:37.963+0300][141.672s][info ][gc] GC(1212) Pause Cleanup 509M->509M(1026M) 0.133ms
[2020-01-31T22:07:37.963+0300][141.673s][info ][gc] GC(1212) Concurrent Cycle 428.031ms
[2020-01-31T22:07:38.039+0300][141.748s][info ][gc] GC(1216) Pause Young (Concurrent Start) (G1 Humongous Allocation) 535M->536M(1026M) 54.566ms
[2020-01-31T22:07:38.039+0300][141.748s][info ][gc] GC(1217) Concurrent Cycle
[2020-01-31T22:07:38.074+0300][141.784s][debug][gc] GC(1217) Reclaimed 469 empty regions
[2020-01-31T22:07:38.074+0300][141.784s][info ][gc] GC(1217) Pause Remark 640M->171M(1026M) 0.638ms
[2020-01-31T22:07:38.170+0300][141.879s][info ][gc] GC(1218) Pause Young (Normal) (G1 Evacuation Pause) 227M->208M(1026M) 69.623ms
[2020-01-31T22:07:38.189+0300][141.898s][info ][gc] GC(1217) Pause Cleanup 252M->252M(1026M) 0.110ms
[2020-01-31T22:07:38.190+0300][141.899s][info ][gc] GC(1217) Concurrent Cycle 150.548ms
[2020-01-31T22:07:38.405+0300][142.114s][info ][gc] GC(1219) Pause Young (Normal) (G1 Evacuation Pause) 450M->451M(1026M) 132.688ms
[2020-01-31T22:07:38.551+0300][142.260s][info ][gc] GC(1220) Pause Young (Concurrent Start) (G1 Humongous Allocation) 588M->588M(1026M) 78.753ms
[2020-01-31T22:07:38.551+0300][142.260s][info ][gc] GC(1221) Concurrent Cycle
[2020-01-31T22:07:38.695+0300][142.405s][info ][gc] GC(1222) Pause Young (Normal) (G1 Evacuation Pause) 712M->713M(1026M) 68.388ms
[2020-01-31T22:07:38.701+0300][142.410s][debug][gc] GC(1221) Reclaimed 432 empty regions
[2020-01-31T22:07:38.701+0300][142.411s][info ][gc] GC(1221) Pause Remark 724M->292M(1026M) 0.647ms
[2020-01-31T22:07:38.779+0300][142.489s][info ][gc] GC(1223) Pause Young (Normal) (G1 Evacuation Pause) 366M->367M(1026M) 46.502ms
[2020-01-31T22:07:38.969+0300][142.678s][info ][gc] GC(1224) Pause Young (Normal) (G1 Evacuation Pause) 560M->561M(1026M) 108.891ms
[2020-01-31T22:07:39.069+0300][142.779s][info ][gc] GC(1221) Pause Cleanup 668M->668M(1026M) 0.140ms
[2020-01-31T22:07:39.070+0300][142.780s][info ][gc] GC(1221) Concurrent Cycle 519.787ms
[2020-01-31T22:07:39.187+0300][142.897s][info ][gc] GC(1225) Pause Young (Normal) (G1 Evacuation Pause) 693M->693M(1026M) 106.942ms
[2020-01-31T22:07:39.215+0300][142.924s][info ][gc] GC(1226) Pause Young (Concurrent Start) (G1 Humongous Allocation) 698M->699M(1026M) 13.351ms
[2020-01-31T22:07:39.215+0300][142.924s][info ][gc] GC(1227) Concurrent Cycle
[2020-01-31T22:07:39.233+0300][142.942s][debug][gc] GC(1227) Reclaimed 667 empty regions
[2020-01-31T22:07:39.233+0300][142.942s][info ][gc] GC(1227) Pause Remark 757M->90M(1026M) 0.671ms
[2020-01-31T22:07:39.290+0300][143.000s][info ][gc] GC(1228) Pause Young (Normal) (G1 Evacuation Pause) 121M->116M(1026M) 44.197ms
[2020-01-31T22:07:39.308+0300][143.017s][info ][gc] GC(1227) Pause Cleanup 160M->160M(1026M) 0.095ms
[2020-01-31T22:07:39.309+0300][143.018s][info ][gc] GC(1227) Concurrent Cycle 93.831ms
[2020-01-31T22:07:39.559+0300][143.269s][info ][gc] GC(1229) Pause Young (Normal) (G1 Evacuation Pause) 407M->408M(1026M) 146.966ms
[2020-01-31T22:07:39.754+0300][143.464s][info ][gc] GC(1230) Pause Young (Normal) (G1 Evacuation Pause) 608M->609M(1026M) 108.243ms
[2020-01-31T22:07:39.871+0300][143.580s][info ][gc] GC(1231) Pause Young (Concurrent Start) (G1 Humongous Allocation) 702M->703M(1026M) 66.893ms
[2020-01-31T22:07:39.871+0300][143.580s][info ][gc] GC(1232) Concurrent Cycle
[2020-01-31T22:07:39.979+0300][143.689s][info ][gc] GC(1233) Pause Young (Normal) (G1 Evacuation Pause) 791M->792M(1026M) 47.174ms
[2020-01-31T22:07:39.985+0300][143.695s][debug][gc] GC(1232) Reclaimed 575 empty regions
[2020-01-31T22:07:39.985+0300][143.695s][info ][gc] GC(1232) Pause Remark 804M->229M(1026M) 0.647ms
[2020-01-31T22:07:40.027+0300][143.737s][info ][gc] GC(1234) Pause Young (Normal) (G1 Evacuation Pause) 257M->258M(1026M) 30.063ms
[2020-01-31T22:07:40.265+0300][143.974s][info ][gc] GC(1235) Pause Young (Normal) (G1 Evacuation Pause) 505M->505M(1026M) 126.521ms
[2020-01-31T22:07:40.309+0300][144.018s][info ][gc] GC(1232) Pause Cleanup 506M->506M(1026M) 0.149ms
[2020-01-31T22:07:40.309+0300][144.019s][info ][gc] GC(1232) Concurrent Cycle 438.969ms
[2020-01-31T22:07:40.385+0300][144.095s][info ][gc] GC(1236) Pause Young (Concurrent Start) (G1 Humongous Allocation) 535M->535M(1026M) 53.643ms
[2020-01-31T22:07:40.386+0300][144.095s][info ][gc] GC(1237) Concurrent Cycle
[2020-01-31T22:07:40.420+0300][144.130s][debug][gc] GC(1237) Reclaimed 469 empty regions
[2020-01-31T22:07:40.421+0300][144.130s][info ][gc] GC(1237) Pause Remark 633M->164M(1026M) 0.653ms
[2020-01-31T22:07:40.520+0300][144.230s][info ][gc] GC(1238) Pause Young (Normal) (G1 Evacuation Pause) 226M->207M(1026M) 71.932ms
[2020-01-31T22:07:40.537+0300][144.246s][info ][gc] GC(1237) Pause Cleanup 237M->237M(1026M) 0.119ms
[2020-01-31T22:07:40.537+0300][144.247s][info ][gc] GC(1237) Concurrent Cycle 152.458ms
[2020-01-31T22:07:40.771+0300][144.480s][info ][gc] GC(1239) Pause Young (Normal) (G1 Evacuation Pause) 450M->450M(1026M) 141.627ms
[2020-01-31T22:07:40.961+0300][144.671s][info ][gc] GC(1240) Pause Young (Normal) (G1 Evacuation Pause) 637M->638M(1026M) 108.819ms
[2020-01-31T22:07:41.066+0300][144.776s][info ][gc] GC(1241) Pause Young (Concurrent Start) (G1 Humongous Allocation) 721M->722M(1026M) 59.974ms
[2020-01-31T22:07:41.066+0300][144.776s][info ][gc] GC(1242) Concurrent Cycle
[2020-01-31T22:07:41.163+0300][144.873s][info ][gc] GC(1243) Pause Young (Normal) (G1 Evacuation Pause) 803M->804M(1026M) 41.556ms
[2020-01-31T22:07:41.169+0300][144.879s][debug][gc] GC(1242) Reclaimed 606 empty regions
[2020-01-31T22:07:41.169+0300][144.879s][info ][gc] GC(1242) Pause Remark 817M->211M(1026M) 0.665ms
[2020-01-31T22:07:41.209+0300][144.919s][info ][gc] GC(1244) Pause Young (Normal) (G1 Evacuation Pause) 239M->240M(1026M) 28.799ms
[2020-01-31T22:07:41.452+0300][145.162s][info ][gc] GC(1245) Pause Young (Normal) (G1 Evacuation Pause) 492M->493M(1026M) 133.064ms
[2020-01-31T22:07:41.496+0300][145.206s][info ][gc] GC(1242) Pause Cleanup 493M->493M(1026M) 0.128ms
[2020-01-31T22:07:41.497+0300][145.206s][info ][gc] GC(1242) Concurrent Cycle 430.638ms
[2020-01-31T22:07:41.573+0300][145.282s][info ][gc] GC(1246) Pause Young (Concurrent Start) (G1 Humongous Allocation) 523M->524M(1026M) 51.297ms
[2020-01-31T22:07:41.573+0300][145.282s][info ][gc] GC(1247) Concurrent Cycle
[2020-01-31T22:07:41.610+0300][145.318s][debug][gc] GC(1247) Reclaimed 456 empty regions
[2020-01-31T22:07:41.610+0300][145.319s][info ][gc] GC(1247) Pause Remark 626M->170M(1026M) 0.656ms
[2020-01-31T22:07:41.714+0300][145.423s][info ][gc] GC(1248) Pause Young (Normal) (G1 Evacuation Pause) 232M->212M(1026M) 77.830ms
[2020-01-31T22:07:41.733+0300][145.443s][info ][gc] GC(1247) Pause Cleanup 221M->221M(1026M) 0.106ms
[2020-01-31T22:07:41.734+0300][145.444s][info ][gc] GC(1247) Concurrent Cycle 161.552ms
[2020-01-31T22:07:41.999+0300][145.709s][info ][gc] GC(1249) Pause Young (Normal) (G1 Evacuation Pause) 473M->473M(1026M) 144.891ms
[2020-01-31T22:07:42.133+0300][145.842s][info ][gc] GC(1250) Pause Young (Concurrent Start) (G1 Humongous Allocation) 587M->588M(1026M) 78.019ms
[2020-01-31T22:07:42.133+0300][145.842s][info ][gc] GC(1251) Concurrent Cycle
[2020-01-31T22:07:42.284+0300][145.993s][info ][gc] GC(1252) Pause Young (Normal) (G1 Evacuation Pause) 712M->713M(1026M) 74.728ms
[2020-01-31T22:07:42.290+0300][145.999s][debug][gc] GC(1251) Reclaimed 434 empty regions
[2020-01-31T22:07:42.290+0300][145.999s][info ][gc] GC(1251) Pause Remark 724M->290M(1026M) 0.797ms
[2020-01-31T22:07:42.371+0300][146.081s][info ][gc] GC(1253) Pause Young (Normal) (G1 Evacuation Pause) 364M->365M(1026M) 49.335ms
[2020-01-31T22:07:42.562+0300][146.272s][info ][gc] GC(1254) Pause Young (Normal) (G1 Evacuation Pause) 558M->558M(1026M) 108.003ms
[2020-01-31T22:07:42.658+0300][146.367s][info ][gc] GC(1251) Pause Cleanup 658M->658M(1026M) 0.133ms
[2020-01-31T22:07:42.659+0300][146.368s][info ][gc] GC(1251) Concurrent Cycle 525.712ms
[2020-01-31T22:07:42.752+0300][146.462s][info ][gc] GC(1255) Pause Young (Normal) (G1 Evacuation Pause) 691M->692M(1026M) 81.883ms
[2020-01-31T22:07:42.778+0300][146.487s][info ][gc] GC(1256) Pause Young (Concurrent Start) (G1 Humongous Allocation) 696M->697M(1026M) 12.968ms
[2020-01-31T22:07:42.778+0300][146.488s][info ][gc] GC(1257) Concurrent Cycle
[2020-01-31T22:07:42.794+0300][146.504s][debug][gc] GC(1257) Reclaimed 666 empty regions
[2020-01-31T22:07:42.795+0300][146.504s][info ][gc] GC(1257) Pause Remark 755M->89M(1026M) 0.670ms
[2020-01-31T22:07:42.847+0300][146.557s][info ][gc] GC(1258) Pause Young (Normal) (G1 Evacuation Pause) 120M->116M(1026M) 40.102ms
[2020-01-31T22:07:42.866+0300][146.576s][info ][gc] GC(1257) Pause Cleanup 162M->162M(1026M) 0.109ms
[2020-01-31T22:07:42.867+0300][146.577s][info ][gc] GC(1257) Concurrent Cycle 89.092ms
[2020-01-31T22:07:43.116+0300][146.825s][info ][gc] GC(1259) Pause Young (Normal) (G1 Evacuation Pause) 407M->408M(1026M) 145.988ms
[2020-01-31T22:07:43.309+0300][147.019s][info ][gc] GC(1260) Pause Young (Normal) (G1 Evacuation Pause) 608M->609M(1026M) 108.561ms
[2020-01-31T22:07:43.421+0300][147.131s][info ][gc] GC(1261) Pause Young (Concurrent Start) (G1 Humongous Allocation) 702M->703M(1026M) 64.550ms
[2020-01-31T22:07:43.421+0300][147.131s][info ][gc] GC(1262) Concurrent Cycle
[2020-01-31T22:07:43.529+0300][147.239s][info ][gc] GC(1263) Pause Young (Normal) (G1 Evacuation Pause) 790M->791M(1026M) 45.820ms
[2020-01-31T22:07:43.535+0300][147.245s][debug][gc] GC(1262) Reclaimed 575 empty regions
[2020-01-31T22:07:43.535+0300][147.245s][info ][gc] GC(1262) Pause Remark 804M->229M(1026M) 0.659ms
[2020-01-31T22:07:43.576+0300][147.286s][info ][gc] GC(1264) Pause Young (Normal) (G1 Evacuation Pause) 256M->257M(1026M) 29.941ms
[2020-01-31T22:07:43.808+0300][147.517s][info ][gc] GC(1265) Pause Young (Normal) (G1 Evacuation Pause) 504M->504M(1026M) 125.862ms
[2020-01-31T22:07:43.853+0300][147.562s][info ][gc] GC(1262) Pause Cleanup 505M->505M(1026M) 0.124ms
[2020-01-31T22:07:43.853+0300][147.562s][info ][gc] GC(1262) Concurrent Cycle 431.314ms
[2020-01-31T22:07:43.929+0300][147.639s][info ][gc] GC(1266) Pause Young (Concurrent Start) (G1 Humongous Allocation) 535M->535M(1026M) 52.326ms
[2020-01-31T22:07:43.929+0300][147.639s][info ][gc] GC(1267) Concurrent Cycle
[2020-01-31T22:07:43.965+0300][147.675s][debug][gc] GC(1267) Reclaimed 468 empty regions
[2020-01-31T22:07:43.965+0300][147.675s][info ][gc] GC(1267) Pause Remark 633M->165M(1026M) 0.763ms
[2020-01-31T22:07:44.074+0300][147.784s][info ][gc] GC(1268) Pause Young (Normal) (G1 Evacuation Pause) 227M->209M(1026M) 74.450ms
[2020-01-31T22:07:44.086+0300][147.796s][info ][gc] GC(1267) Pause Cleanup 230M->230M(1026M) 0.109ms
[2020-01-31T22:07:44.087+0300][147.797s][info ][gc] GC(1267) Concurrent Cycle 157.904ms
[2020-01-31T22:07:44.325+0300][148.035s][info ][gc] GC(1269) Pause Young (Normal) (G1 Evacuation Pause) 451M->452M(1026M) 139.136ms
[2020-01-31T22:07:44.474+0300][148.183s][info ][gc] GC(1270) Pause Young (Concurrent Start) (G1 Humongous Allocation) 589M->589M(1026M) 79.809ms
[2020-01-31T22:07:44.474+0300][148.183s][info ][gc] GC(1271) Concurrent Cycle
[2020-01-31T22:07:44.619+0300][148.328s][info ][gc] GC(1272) Pause Young (Normal) (G1 Evacuation Pause) 712M->714M(1026M) 67.765ms
[2020-01-31T22:07:44.623+0300][148.333s][debug][gc] GC(1271) Reclaimed 433 empty regions
[2020-01-31T22:07:44.623+0300][148.333s][info ][gc] GC(1271) Pause Remark 726M->293M(1026M) 0.636ms
[2020-01-31T22:07:44.702+0300][148.412s][info ][gc] GC(1273) Pause Young (Normal) (G1 Evacuation Pause) 365M->365M(1026M) 48.134ms
[2020-01-31T22:07:44.899+0300][148.608s][info ][gc] GC(1274) Pause Young (Normal) (G1 Evacuation Pause) 558M->559M(1026M) 111.891ms
[2020-01-31T22:07:44.993+0300][148.702s][info ][gc] GC(1271) Pause Cleanup 657M->657M(1026M) 0.183ms
[2020-01-31T22:07:44.994+0300][148.703s][info ][gc] GC(1271) Concurrent Cycle 520.231ms
[2020-01-31T22:07:45.089+0300][148.798s][info ][gc] GC(1275) Pause Young (Normal) (G1 Evacuation Pause) 691M->692M(1026M) 81.836ms
[2020-01-31T22:07:45.118+0300][148.827s][info ][gc] GC(1276) Pause Young (Concurrent Start) (G1 Humongous Allocation) 699M->700M(1026M) 14.987ms
[2020-01-31T22:07:45.118+0300][148.827s][info ][gc] GC(1277) Concurrent Cycle
[2020-01-31T22:07:45.137+0300][148.846s][debug][gc] GC(1277) Reclaimed 666 empty regions
[2020-01-31T22:07:45.137+0300][148.846s][info ][gc] GC(1277) Pause Remark 762M->96M(1026M) 0.667ms
[2020-01-31T22:07:45.187+0300][148.897s][info ][gc] GC(1278) Pause Young (Normal) (G1 Evacuation Pause) 122M->115M(1026M) 39.985ms
[2020-01-31T22:07:45.208+0300][148.917s][info ][gc] GC(1277) Pause Cleanup 162M->162M(1026M) 0.107ms
[2020-01-31T22:07:45.208+0300][148.918s][info ][gc] GC(1277) Concurrent Cycle 90.829ms
[2020-01-31T22:07:45.458+0300][149.167s][info ][gc] GC(1279) Pause Young (Normal) (G1 Evacuation Pause) 407M->408M(1026M) 146.279ms
[2020-01-31T22:07:45.651+0300][149.360s][info ][gc] GC(1280) Pause Young (Normal) (G1 Evacuation Pause) 608M->609M(1026M) 107.388ms
[2020-01-31T22:07:45.763+0300][149.472s][info ][gc] GC(1281) Pause Young (Concurrent Start) (G1 Humongous Allocation) 702M->703M(1026M) 64.683ms
[2020-01-31T22:07:45.763+0300][149.472s][info ][gc] GC(1282) Concurrent Cycle
[2020-01-31T22:07:45.870+0300][149.580s][info ][gc] GC(1283) Pause Young (Normal) (G1 Evacuation Pause) 791M->792M(1026M) 45.925ms
[2020-01-31T22:07:45.876+0300][149.586s][debug][gc] GC(1282) Reclaimed 575 empty regions
[2020-01-31T22:07:45.876+0300][149.586s][info ][gc] GC(1282) Pause Remark 805M->230M(1026M) 0.703ms
[2020-01-31T22:07:45.918+0300][149.627s][info ][gc] GC(1284) Pause Young (Normal) (G1 Evacuation Pause) 257M->258M(1026M) 30.119ms
[2020-01-31T22:07:46.149+0300][149.859s][info ][gc] GC(1285) Pause Young (Normal) (G1 Evacuation Pause) 505M->505M(1026M) 124.787ms
[2020-01-31T22:07:46.193+0300][149.903s][info ][gc] GC(1282) Pause Cleanup 506M->506M(1026M) 0.124ms
[2020-01-31T22:07:46.194+0300][149.903s][info ][gc] GC(1282) Concurrent Cycle 431.017ms
[2020-01-31T22:07:46.269+0300][149.978s][info ][gc] GC(1286) Pause Young (Concurrent Start) (G1 Humongous Allocation) 535M->535M(1026M) 50.833ms
[2020-01-31T22:07:46.269+0300][149.978s][info ][gc] GC(1287) Concurrent Cycle
[2020-01-31T22:07:46.303+0300][150.012s][debug][gc] GC(1287) Reclaimed 469 empty regions
[2020-01-31T22:07:46.304+0300][150.013s][info ][gc] GC(1287) Pause Remark 638M->169M(1026M) 0.645ms
[2020-01-31T22:07:46.404+0300][150.114s][info ][gc] GC(1288) Pause Young (Normal) (G1 Evacuation Pause) 226M->207M(1026M) 75.420ms
[2020-01-31T22:07:46.423+0300][150.133s][info ][gc] GC(1287) Pause Cleanup 244M->244M(1026M) 0.164ms
[2020-01-31T22:07:46.424+0300][150.134s][info ][gc] GC(1287) Concurrent Cycle 155.907ms
[2020-01-31T22:07:46.659+0300][150.368s][info ][gc] GC(1289) Pause Young (Normal) (G1 Evacuation Pause) 449M->450M(1026M) 130.867ms
[2020-01-31T22:07:46.835+0300][150.544s][info ][gc] GC(1290) Pause Young (Normal) (G1 Evacuation Pause) 637M->637M(1026M) 96.391ms
[2020-01-31T22:07:46.938+0300][150.647s][info ][gc] GC(1291) Pause Young (Concurrent Start) (G1 Humongous Allocation) 722M->722M(1026M) 59.082ms
[2020-01-31T22:07:46.938+0300][150.647s][info ][gc] GC(1292) Concurrent Cycle
[2020-01-31T22:07:47.036+0300][150.745s][info ][gc] GC(1293) Pause Young (Normal) (G1 Evacuation Pause) 803M->804M(1026M) 41.919ms
[2020-01-31T22:07:47.042+0300][150.751s][debug][gc] GC(1292) Reclaimed 605 empty regions
[2020-01-31T22:07:47.042+0300][150.751s][info ][gc] GC(1292) Pause Remark 817M->212M(1026M) 0.679ms
[2020-01-31T22:07:47.082+0300][150.792s][info ][gc] GC(1294) Pause Young (Normal) (G1 Evacuation Pause) 240M->241M(1026M) 29.644ms
[2020-01-31T22:07:47.316+0300][151.025s][info ][gc] GC(1295) Pause Young (Normal) (G1 Evacuation Pause) 493M->494M(1026M) 125.647ms
[2020-01-31T22:07:47.348+0300][151.057s][info ][gc] GC(1292) Pause Cleanup 495M->495M(1026M) 0.135ms
[2020-01-31T22:07:47.349+0300][151.058s][info ][gc] GC(1292) Concurrent Cycle 410.649ms
[2020-01-31T22:07:47.438+0300][151.147s][info ][gc] GC(1296) Pause Young (Concurrent Start) (G1 Humongous Allocation) 525M->525M(1026M) 63.014ms
[2020-01-31T22:07:47.438+0300][151.147s][info ][gc] GC(1297) Concurrent Cycle
[2020-01-31T22:07:47.473+0300][151.183s][debug][gc] GC(1297) Reclaimed 457 empty regions
[2020-01-31T22:07:47.473+0300][151.183s][info ][gc] GC(1297) Pause Remark 629M->172M(1026M) 0.818ms
[2020-01-31T22:07:47.573+0300][151.283s][info ][gc] GC(1298) Pause Young (Normal) (G1 Evacuation Pause) 231M->211M(1026M) 71.870ms
[2020-01-31T22:07:47.591+0300][151.301s][info ][gc] GC(1297) Pause Cleanup 249M->249M(1026M) 0.105ms
[2020-01-31T22:07:47.592+0300][151.302s][info ][gc] GC(1297) Concurrent Cycle 154.863ms
[2020-01-31T22:07:47.882+0300][151.592s][info ][gc] GC(1299) Pause Young (Normal) (G1 Evacuation Pause) 473M->473M(1026M) 145.535ms
[2020-01-31T22:07:48.026+0300][151.736s][info ][gc] GC(1300) Pause Young (Concurrent Start) (G1 Humongous Allocation) 587M->588M(1026M) 85.908ms
[2020-01-31T22:07:48.026+0300][151.736s][info ][gc] GC(1301) Concurrent Cycle
[2020-01-31T22:07:48.173+0300][151.882s][info ][gc] GC(1302) Pause Young (Normal) (G1 Evacuation Pause) 712M->712M(1026M) 69.718ms
[2020-01-31T22:07:48.178+0300][151.888s][debug][gc] GC(1301) Reclaimed 434 empty regions
[2020-01-31T22:07:48.178+0300][151.888s][info ][gc] GC(1301) Pause Remark 723M->289M(1026M) 0.634ms
[2020-01-31T22:07:48.259+0300][151.968s][info ][gc] GC(1303) Pause Young (Normal) (G1 Evacuation Pause) 363M->364M(1026M) 48.305ms
[2020-01-31T22:07:48.499+0300][152.209s][info ][gc] GC(1304) Pause Young (Normal) (G1 Evacuation Pause) 558M->558M(1026M) 111.473ms
[2020-01-31T22:07:48.546+0300][152.256s][info ][gc] GC(1301) Pause Cleanup 560M->560M(1026M) 0.144ms
[2020-01-31T22:07:48.547+0300][152.257s][info ][gc] GC(1301) Concurrent Cycle 520.877ms
[2020-01-31T22:07:48.588+0300][152.297s][info ][gc] GC(1305) Pause Young (Concurrent Start) (G1 Humongous Allocation) 560M->561M(1026M) 36.183ms
[2020-01-31T22:07:48.588+0300][152.297s][info ][gc] GC(1306) Concurrent Cycle
[2020-01-31T22:07:48.608+0300][152.317s][debug][gc] GC(1306) Reclaimed 525 empty regions
[2020-01-31T22:07:48.608+0300][152.317s][info ][gc] GC(1306) Pause Remark 625M->100M(1026M) 0.638ms
[2020-01-31T22:07:48.702+0300][152.411s][info ][gc] GC(1307) Pause Young (Normal) (G1 Evacuation Pause) 168M->168M(1026M) 67.298ms
[2020-01-31T22:07:48.712+0300][152.421s][info ][gc] GC(1306) Pause Cleanup 171M->171M(1026M) 0.093ms
[2020-01-31T22:07:48.712+0300][152.421s][info ][gc] GC(1306) Concurrent Cycle 124.068ms
[2020-01-31T22:07:48.972+0300][152.682s][info ][gc] GC(1308) Pause Young (Normal) (G1 Evacuation Pause) 463M->463M(1026M) 141.335ms
[2020-01-31T22:07:49.138+0300][152.848s][info ][gc] GC(1309) Pause Young (Normal) (G1 Evacuation Pause) 625M->626M(1026M) 97.598ms
[2020-01-31T22:07:49.243+0300][152.952s][info ][gc] GC(1310) Pause Young (Concurrent Start) (G1 Humongous Allocation) 710M->711M(1026M) 60.002ms
[2020-01-31T22:07:49.243+0300][152.952s][info ][gc] GC(1311) Concurrent Cycle
[2020-01-31T22:07:49.347+0300][153.057s][info ][gc] GC(1312) Pause Young (Normal) (G1 Evacuation Pause) 796M->797M(1026M) 48.755ms
[2020-01-31T22:07:49.354+0300][153.064s][debug][gc] GC(1311) Reclaimed 595 empty regions
[2020-01-31T22:07:49.354+0300][153.064s][info ][gc] GC(1311) Pause Remark 808M->213M(1026M) 0.830ms
[2020-01-31T22:07:49.400+0300][153.109s][info ][gc] GC(1313) Pause Young (Normal) (G1 Evacuation Pause) 243M->244M(1026M) 30.792ms
[2020-01-31T22:07:49.634+0300][153.343s][info ][gc] GC(1314) Pause Young (Normal) (G1 Evacuation Pause) 495M->495M(1026M) 122.772ms
[2020-01-31T22:07:49.670+0300][153.379s][info ][gc] GC(1311) Pause Cleanup 496M->496M(1026M) 0.122ms
[2020-01-31T22:07:49.671+0300][153.380s][info ][gc] GC(1311) Concurrent Cycle 427.665ms
[2020-01-31T22:07:49.741+0300][153.451s][info ][gc] GC(1315) Pause Young (Concurrent Start) (G1 Humongous Allocation) 523M->524M(1026M) 49.777ms
[2020-01-31T22:07:49.742+0300][153.451s][info ][gc] GC(1316) Concurrent Cycle
[2020-01-31T22:07:49.777+0300][153.486s][debug][gc] GC(1316) Reclaimed 458 empty regions
[2020-01-31T22:07:49.777+0300][153.486s][info ][gc] GC(1316) Pause Remark 628M->170M(1026M) 0.639ms
[2020-01-31T22:07:49.878+0300][153.587s][info ][gc] GC(1317) Pause Young (Normal) (G1 Evacuation Pause) 230M->211M(1026M) 72.747ms
[2020-01-31T22:07:49.893+0300][153.603s][info ][gc] GC(1316) Pause Cleanup 246M->246M(1026M) 0.106ms
[2020-01-31T22:07:49.894+0300][153.604s][info ][gc] GC(1316) Concurrent Cycle 152.434ms
[2020-01-31T22:07:50.131+0300][153.841s][info ][gc] GC(1318) Pause Young (Normal) (G1 Evacuation Pause) 473M->473M(1026M) 136.217ms
[2020-01-31T22:07:50.264+0300][153.974s][info ][gc] GC(1319) Pause Young (Concurrent Start) (G1 Humongous Allocation) 586M->587M(1026M) 78.120ms
[2020-01-31T22:07:50.264+0300][153.974s][info ][gc] GC(1320) Concurrent Cycle
[2020-01-31T22:07:50.407+0300][154.117s][info ][gc] GC(1321) Pause Young (Normal) (G1 Evacuation Pause) 711M->712M(1026M) 68.233ms
[2020-01-31T22:07:50.413+0300][154.122s][debug][gc] GC(1320) Reclaimed 434 empty regions
[2020-01-31T22:07:50.413+0300][154.122s][info ][gc] GC(1320) Pause Remark 723M->289M(1026M) 0.653ms
[2020-01-31T22:07:50.491+0300][154.201s][info ][gc] GC(1322) Pause Young (Normal) (G1 Evacuation Pause) 363M->364M(1026M) 47.065ms
[2020-01-31T22:07:50.681+0300][154.391s][info ][gc] GC(1323) Pause Young (Normal) (G1 Evacuation Pause) 558M->559M(1026M) 108.072ms
[2020-01-31T22:07:50.775+0300][154.484s][info ][gc] GC(1320) Pause Cleanup 667M->667M(1026M) 0.146ms
[2020-01-31T22:07:50.776+0300][154.485s][info ][gc] GC(1320) Concurrent Cycle 510.885ms
[2020-01-31T22:07:50.866+0300][154.576s][info ][gc] GC(1324) Pause Young (Normal) (G1 Evacuation Pause) 692M->693M(1026M) 81.397ms
[2020-01-31T22:07:50.889+0300][154.599s][info ][gc] GC(1325) Pause Young (Concurrent Start) (G1 Humongous Allocation) 696M->697M(1026M) 11.668ms
[2020-01-31T22:07:50.889+0300][154.599s][info ][gc] GC(1326) Concurrent Cycle
[2020-01-31T22:07:50.906+0300][154.616s][debug][gc] GC(1326) Reclaimed 665 empty regions
[2020-01-31T22:07:50.906+0300][154.616s][info ][gc] GC(1326) Pause Remark 756M->91M(1026M) 0.667ms
[2020-01-31T22:07:50.959+0300][154.668s][info ][gc] GC(1327) Pause Young (Normal) (G1 Evacuation Pause) 121M->119M(1026M) 40.021ms
[2020-01-31T22:07:50.979+0300][154.688s][info ][gc] GC(1326) Pause Cleanup 165M->165M(1026M) 0.097ms
[2020-01-31T22:07:50.979+0300][154.689s][info ][gc] GC(1326) Concurrent Cycle 89.668ms
[2020-01-31T22:07:51.226+0300][154.936s][info ][gc] GC(1328) Pause Young (Normal) (G1 Evacuation Pause) 409M->409M(1026M) 145.233ms
[2020-01-31T22:07:51.418+0300][155.127s][info ][gc] GC(1329) Pause Young (Normal) (G1 Evacuation Pause) 608M->609M(1026M) 105.938ms
[2020-01-31T22:07:51.530+0300][155.240s][info ][gc] GC(1330) Pause Young (Concurrent Start) (G1 Humongous Allocation) 704M->705M(1026M) 64.641ms
[2020-01-31T22:07:51.530+0300][155.240s][info ][gc] GC(1331) Concurrent Cycle
[2020-01-31T22:07:51.639+0300][155.349s][info ][gc] GC(1332) Pause Young (Normal) (G1 Evacuation Pause) 792M->793M(1026M) 45.775ms
[2020-01-31T22:07:51.645+0300][155.355s][debug][gc] GC(1331) Reclaimed 574 empty regions
[2020-01-31T22:07:51.645+0300][155.355s][info ][gc] GC(1331) Pause Remark 806M->232M(1026M) 0.655ms
[2020-01-31T22:07:51.686+0300][155.395s][info ][gc] GC(1333) Pause Young (Normal) (G1 Evacuation Pause) 259M->260M(1026M) 29.448ms
[2020-01-31T22:07:51.829+0300][155.539s][info ][gc] GC(1331) Pause Cleanup 403M->403M(1026M) 0.127ms
[2020-01-31T22:07:51.830+0300][155.540s][info ][gc] GC(1331) Concurrent Cycle 299.894ms
