[2020-01-31T08:50:23.701+0300][0.014s][info][gc] Using Parallel
[2020-01-31T08:50:24.310+0300][0.623s][info][gc] GC(0) Pause Young (Allocation Failure) 257M->108M(983M) 154.060ms
[2020-01-31T08:50:24.478+0300][0.790s][info][gc] GC(1) Pause Young (Allocation Failure) 365M->157M(983M) 115.171ms
[2020-01-31T08:50:24.657+0300][0.969s][info][gc] GC(2) Pause Young (Allocation Failure) 414M->192M(983M) 122.491ms
[2020-01-31T08:50:24.780+0300][1.093s][info][gc] GC(3) Pause Young (Allocation Failure) 449M->210M(983M) 68.377ms
[2020-01-31T08:50:24.892+0300][1.204s][info][gc] GC(4) Pause Young (Allocation Failure) 467M->212M(983M) 57.432ms
[2020-01-31T08:50:24.991+0300][1.303s][info][gc] GC(5) Pause Young (Allocation Failure) 469M->204M(840M) 43.210ms
[2020-01-31T08:50:25.036+0300][1.348s][info][gc] GC(6) Pause Young (Allocation Failure) 308M->172M(912M) 21.128ms
[2020-01-31T08:50:25.110+0300][1.423s][info][gc] GC(7) Pause Young (Allocation Failure) 286M->286M(912M) 62.902ms
[2020-01-31T08:50:25.184+0300][1.497s][info][gc] GC(8) Pause Young (Allocation Failure) 400M->266M(912M) 50.699ms
[2020-01-31T08:50:25.248+0300][1.560s][info][gc] GC(9) Pause Young (Allocation Failure) 380M->247M(912M) 40.942ms
[2020-01-31T08:50:25.300+0300][1.612s][info][gc] GC(10) Pause Young (Allocation Failure) 361M->227M(912M) 29.004ms
[2020-01-31T08:50:25.342+0300][1.654s][info][gc] GC(11) Pause Young (Allocation Failure) 341M->207M(912M) 19.437ms
[2020-01-31T08:50:25.364+0300][1.676s][info][gc] GC(12) Pause Young (Allocation Failure) 308M->172M(912M) 0.519ms
[2020-01-31T08:50:25.436+0300][1.749s][info][gc] GC(13) Pause Young (Allocation Failure) 286M->286M(912M) 59.779ms
[2020-01-31T08:50:25.512+0300][1.825s][info][gc] GC(14) Pause Young (Allocation Failure) 400M->267M(912M) 52.163ms
[2020-01-31T08:50:25.585+0300][1.897s][info][gc] GC(15) Pause Young (Allocation Failure) 381M->246M(912M) 48.530ms
[2020-01-31T08:50:25.644+0300][1.956s][info][gc] GC(16) Pause Young (Allocation Failure) 360M->227M(912M) 36.004ms
[2020-01-31T08:50:25.689+0300][2.001s][info][gc] GC(17) Pause Young (Allocation Failure) 341M->207M(912M) 21.642ms
[2020-01-31T08:50:25.715+0300][2.027s][info][gc] GC(18) Pause Young (Allocation Failure) 307M->172M(912M) 1.883ms
[2020-01-31T08:50:25.820+0300][2.133s][info][gc] GC(19) Pause Young (Allocation Failure) 286M->286M(912M) 93.957ms
[2020-01-31T08:50:25.944+0300][2.256s][info][gc] GC(20) Pause Young (Allocation Failure) 400M->266M(912M) 87.784ms
[2020-01-31T08:50:26.025+0300][2.337s][info][gc] GC(21) Pause Young (Allocation Failure) 380M->247M(912M) 54.658ms
[2020-01-31T08:50:26.086+0300][2.398s][info][gc] GC(22) Pause Young (Allocation Failure) 361M->227M(912M) 36.107ms
[2020-01-31T08:50:26.136+0300][2.448s][info][gc] GC(23) Pause Young (Allocation Failure) 341M->206M(912M) 20.979ms
[2020-01-31T08:50:26.161+0300][2.473s][info][gc] GC(24) Pause Young (Allocation Failure) 308M->173M(912M) 1.007ms
[2020-01-31T08:50:26.254+0300][2.566s][info][gc] GC(25) Pause Young (Allocation Failure) 287M->287M(912M) 79.387ms
[2020-01-31T08:50:26.337+0300][2.649s][info][gc] GC(26) Pause Young (Allocation Failure) 401M->265M(912M) 54.440ms
[2020-01-31T08:50:26.403+0300][2.715s][info][gc] GC(27) Pause Young (Allocation Failure) 379M->244M(912M) 38.895ms
[2020-01-31T08:50:26.520+0300][2.832s][info][gc] GC(28) Pause Young (Allocation Failure) 358M->223M(912M) 87.910ms
[2020-01-31T08:50:26.600+0300][2.912s][info][gc] GC(29) Pause Young (Allocation Failure) 337M->203M(912M) 16.870ms
[2020-01-31T08:50:26.624+0300][2.936s][info][gc] GC(30) Pause Young (Allocation Failure) 308M->173M(912M) 0.774ms
[2020-01-31T08:50:26.697+0300][3.009s][info][gc] GC(31) Pause Young (Allocation Failure) 287M->287M(912M) 60.754ms
[2020-01-31T08:50:26.771+0300][3.083s][info][gc] GC(32) Pause Young (Allocation Failure) 401M->267M(912M) 50.382ms
[2020-01-31T08:50:26.836+0300][3.148s][info][gc] GC(33) Pause Young (Allocation Failure) 381M->248M(912M) 40.939ms
[2020-01-31T08:50:26.889+0300][3.201s][info][gc] GC(34) Pause Young (Allocation Failure) 362M->228M(912M) 29.288ms
[2020-01-31T08:50:26.931+0300][3.244s][info][gc] GC(35) Pause Young (Allocation Failure) 342M->209M(912M) 19.834ms
[2020-01-31T08:50:26.954+0300][3.267s][info][gc] GC(36) Pause Young (Allocation Failure) 309M->173M(912M) 0.503ms
[2020-01-31T08:50:27.029+0300][3.342s][info][gc] GC(37) Pause Young (Allocation Failure) 287M->287M(912M) 62.751ms
[2020-01-31T08:50:27.104+0300][3.417s][info][gc] GC(38) Pause Young (Allocation Failure) 401M->268M(912M) 51.691ms
[2020-01-31T08:50:27.177+0300][3.489s][info][gc] GC(39) Pause Young (Allocation Failure) 382M->248M(912M) 48.889ms
[2020-01-31T08:50:27.233+0300][3.545s][info][gc] GC(40) Pause Young (Allocation Failure) 362M->228M(912M) 33.082ms
[2020-01-31T08:50:27.277+0300][3.589s][info][gc] GC(41) Pause Young (Allocation Failure) 342M->209M(912M) 20.422ms
[2020-01-31T08:50:27.299+0300][3.612s][info][gc] GC(42) Pause Young (Allocation Failure) 309M->173M(912M) 0.486ms
[2020-01-31T08:50:27.376+0300][3.689s][info][gc] GC(43) Pause Young (Allocation Failure) 287M->287M(912M) 63.455ms
[2020-01-31T08:50:27.453+0300][3.765s][info][gc] GC(44) Pause Young (Allocation Failure) 401M->268M(912M) 53.219ms
[2020-01-31T08:50:27.534+0300][3.847s][info][gc] GC(45) Pause Young (Allocation Failure) 382M->248M(912M) 53.129ms
[2020-01-31T08:50:27.595+0300][3.907s][info][gc] GC(46) Pause Young (Allocation Failure) 362M->228M(912M) 35.859ms
[2020-01-31T08:50:27.639+0300][3.951s][info][gc] GC(47) Pause Young (Allocation Failure) 342M->209M(912M) 19.677ms
[2020-01-31T08:50:27.662+0300][3.974s][info][gc] GC(48) Pause Young (Allocation Failure) 309M->173M(912M) 0.489ms
[2020-01-31T08:50:27.739+0300][4.052s][info][gc] GC(49) Pause Young (Allocation Failure) 287M->287M(912M) 65.237ms
[2020-01-31T08:50:27.819+0300][4.131s][info][gc] GC(50) Pause Young (Allocation Failure) 401M->268M(912M) 57.049ms
[2020-01-31T08:50:27.885+0300][4.197s][info][gc] GC(51) Pause Young (Allocation Failure) 382M->248M(912M) 42.524ms
[2020-01-31T08:50:27.938+0300][4.250s][info][gc] GC(52) Pause Young (Allocation Failure) 362M->229M(912M) 30.233ms
[2020-01-31T08:50:27.991+0300][4.303s][info][gc] GC(53) Pause Young (Allocation Failure) 343M->209M(912M) 29.453ms
[2020-01-31T08:50:28.085+0300][4.398s][info][gc] GC(54) Pause Young (Allocation Failure) 307M->173M(912M) 3.262ms
[2020-01-31T08:50:28.190+0300][4.503s][info][gc] GC(55) Pause Young (Allocation Failure) 287M->287M(912M) 89.573ms
[2020-01-31T08:50:28.278+0300][4.591s][info][gc] GC(56) Pause Young (Allocation Failure) 401M->268M(912M) 64.006ms
[2020-01-31T08:50:28.351+0300][4.663s][info][gc] GC(57) Pause Young (Allocation Failure) 382M->248M(912M) 48.407ms
[2020-01-31T08:50:28.403+0300][4.715s][info][gc] GC(58) Pause Young (Allocation Failure) 362M->229M(912M) 29.070ms
[2020-01-31T08:50:28.459+0300][4.772s][info][gc] GC(59) Pause Young (Allocation Failure) 343M->209M(912M) 25.494ms
[2020-01-31T08:50:28.482+0300][4.795s][info][gc] GC(60) Pause Young (Allocation Failure) 309M->174M(912M) 0.834ms
[2020-01-31T08:50:28.555+0300][4.867s][info][gc] GC(61) Pause Young (Allocation Failure) 288M->288M(912M) 59.322ms
[2020-01-31T08:50:28.629+0300][4.942s][info][gc] GC(62) Pause Young (Allocation Failure) 402M->268M(912M) 50.604ms
[2020-01-31T08:50:28.693+0300][5.005s][info][gc] GC(63) Pause Young (Allocation Failure) 382M->249M(912M) 40.635ms
[2020-01-31T08:50:28.746+0300][5.058s][info][gc] GC(64) Pause Young (Allocation Failure) 363M->229M(912M) 30.130ms
[2020-01-31T08:50:28.788+0300][5.100s][info][gc] GC(65) Pause Young (Allocation Failure) 343M->209M(912M) 19.550ms
[2020-01-31T08:50:28.811+0300][5.123s][info][gc] GC(66) Pause Young (Allocation Failure) 307M->174M(912M) 0.881ms
[2020-01-31T08:50:28.883+0300][5.196s][info][gc] GC(67) Pause Young (Allocation Failure) 288M->288M(912M) 60.039ms
[2020-01-31T08:50:28.957+0300][5.269s][info][gc] GC(68) Pause Young (Allocation Failure) 402M->268M(912M) 50.230ms
[2020-01-31T08:50:29.023+0300][5.335s][info][gc] GC(69) Pause Young (Allocation Failure) 382M->249M(912M) 42.556ms
[2020-01-31T08:50:29.076+0300][5.388s][info][gc] GC(70) Pause Young (Allocation Failure) 363M->229M(912M) 30.134ms
[2020-01-31T08:50:29.119+0300][5.431s][info][gc] GC(71) Pause Young (Allocation Failure) 343M->209M(912M) 19.811ms
[2020-01-31T08:50:29.142+0300][5.454s][info][gc] GC(72) Pause Young (Allocation Failure) 307M->174M(912M) 0.492ms
[2020-01-31T08:50:29.213+0300][5.526s][info][gc] GC(73) Pause Young (Allocation Failure) 288M->288M(912M) 59.575ms
[2020-01-31T08:50:29.286+0300][5.599s][info][gc] GC(74) Pause Young (Allocation Failure) 402M->268M(912M) 50.626ms
[2020-01-31T08:50:29.349+0300][5.662s][info][gc] GC(75) Pause Young (Allocation Failure) 382M->249M(912M) 39.069ms
[2020-01-31T08:50:29.403+0300][5.715s][info][gc] GC(76) Pause Young (Allocation Failure) 363M->229M(912M) 30.061ms
[2020-01-31T08:50:29.455+0300][5.767s][info][gc] GC(77) Pause Young (Allocation Failure) 343M->209M(912M) 24.067ms
[2020-01-31T08:50:29.478+0300][5.790s][info][gc] GC(78) Pause Young (Allocation Failure) 309M->174M(912M) 0.490ms
[2020-01-31T08:50:29.554+0300][5.867s][info][gc] GC(79) Pause Young (Allocation Failure) 288M->288M(912M) 63.919ms
[2020-01-31T08:50:29.628+0300][5.941s][info][gc] GC(80) Pause Young (Allocation Failure) 402M->268M(912M) 51.842ms
[2020-01-31T08:50:29.691+0300][6.004s][info][gc] GC(81) Pause Young (Allocation Failure) 382M->249M(912M) 39.989ms
[2020-01-31T08:50:29.743+0300][6.056s][info][gc] GC(82) Pause Young (Allocation Failure) 363M->229M(912M) 29.472ms
[2020-01-31T08:50:29.787+0300][6.099s][info][gc] GC(83) Pause Young (Allocation Failure) 343M->210M(912M) 20.442ms
[2020-01-31T08:50:29.810+0300][6.123s][info][gc] GC(84) Pause Young (Allocation Failure) 308M->174M(912M) 0.862ms
[2020-01-31T08:50:29.883+0300][6.195s][info][gc] GC(85) Pause Young (Allocation Failure) 288M->288M(912M) 59.828ms
[2020-01-31T08:50:29.954+0300][6.267s][info][gc] GC(86) Pause Young (Allocation Failure) 402M->268M(912M) 49.728ms
[2020-01-31T08:50:30.019+0300][6.332s][info][gc] GC(87) Pause Young (Allocation Failure) 382M->249M(912M) 41.782ms
[2020-01-31T08:50:30.071+0300][6.384s][info][gc] GC(88) Pause Young (Allocation Failure) 363M->229M(912M) 29.384ms
[2020-01-31T08:50:30.114+0300][6.427s][info][gc] GC(89) Pause Young (Allocation Failure) 343M->210M(912M) 19.897ms
[2020-01-31T08:50:30.138+0300][6.451s][info][gc] GC(90) Pause Young (Allocation Failure) 308M->174M(912M) 0.864ms
[2020-01-31T08:50:30.211+0300][6.524s][info][gc] GC(91) Pause Young (Allocation Failure) 288M->288M(912M) 60.275ms
[2020-01-31T08:50:30.286+0300][6.598s][info][gc] GC(92) Pause Young (Allocation Failure) 402M->269M(912M) 51.121ms
[2020-01-31T08:50:30.348+0300][6.661s][info][gc] GC(93) Pause Young (Allocation Failure) 383M->249M(912M) 40.603ms
[2020-01-31T08:50:30.400+0300][6.712s][info][gc] GC(94) Pause Young (Allocation Failure) 363M->229M(912M) 28.937ms
[2020-01-31T08:50:30.450+0300][6.763s][info][gc] GC(95) Pause Young (Allocation Failure) 343M->210M(912M) 26.914ms
[2020-01-31T08:50:30.475+0300][6.788s][info][gc] GC(96) Pause Young (Allocation Failure) 310M->174M(912M) 0.836ms
[2020-01-31T08:50:30.550+0300][6.863s][info][gc] GC(97) Pause Young (Allocation Failure) 288M->288M(912M) 62.082ms
[2020-01-31T08:50:30.623+0300][6.935s][info][gc] GC(98) Pause Young (Allocation Failure) 402M->269M(912M) 49.673ms
[2020-01-31T08:50:30.685+0300][6.998s][info][gc] GC(99) Pause Young (Allocation Failure) 383M->249M(912M) 40.236ms
[2020-01-31T08:50:30.738+0300][7.051s][info][gc] GC(100) Pause Young (Allocation Failure) 363M->229M(912M) 30.151ms
[2020-01-31T08:50:30.783+0300][7.095s][info][gc] GC(101) Pause Young (Allocation Failure) 343M->210M(912M) 22.120ms
[2020-01-31T08:50:30.807+0300][7.119s][info][gc] GC(102) Pause Young (Allocation Failure) 308M->174M(912M) 1.054ms
[2020-01-31T08:50:30.889+0300][7.201s][info][gc] GC(103) Pause Young (Allocation Failure) 288M->288M(912M) 69.427ms
[2020-01-31T08:50:30.962+0300][7.274s][info][gc] GC(104) Pause Young (Allocation Failure) 402M->269M(912M) 50.166ms
[2020-01-31T08:50:31.025+0300][7.337s][info][gc] GC(105) Pause Young (Allocation Failure) 383M->249M(912M) 40.904ms
[2020-01-31T08:50:31.076+0300][7.389s][info][gc] GC(106) Pause Young (Allocation Failure) 363M->230M(912M) 29.692ms
[2020-01-31T08:50:31.118+0300][7.431s][info][gc] GC(107) Pause Young (Allocation Failure) 344M->210M(912M) 19.085ms
[2020-01-31T08:50:31.141+0300][7.454s][info][gc] GC(108) Pause Young (Allocation Failure) 308M->174M(912M) 0.809ms
[2020-01-31T08:50:31.214+0300][7.526s][info][gc] GC(109) Pause Young (Allocation Failure) 288M->288M(912M) 60.108ms
[2020-01-31T08:50:31.288+0300][7.600s][info][gc] GC(110) Pause Young (Allocation Failure) 402M->269M(912M) 50.959ms
[2020-01-31T08:50:31.353+0300][7.665s][info][gc] GC(111) Pause Young (Allocation Failure) 383M->249M(912M) 40.426ms
[2020-01-31T08:50:31.405+0300][7.717s][info][gc] GC(112) Pause Young (Allocation Failure) 363M->230M(912M) 29.263ms
[2020-01-31T08:50:31.452+0300][7.765s][info][gc] GC(113) Pause Young (Allocation Failure) 344M->210M(912M) 24.283ms
[2020-01-31T08:50:31.479+0300][7.792s][info][gc] GC(114) Pause Young (Allocation Failure) 310M->174M(912M) 0.858ms
[2020-01-31T08:50:31.569+0300][7.882s][info][gc] GC(115) Pause Young (Allocation Failure) 288M->288M(912M) 75.964ms
[2020-01-31T08:50:31.641+0300][7.954s][info][gc] GC(116) Pause Young (Allocation Failure) 402M->269M(912M) 49.998ms
[2020-01-31T08:50:31.704+0300][8.016s][info][gc] GC(117) Pause Young (Allocation Failure) 383M->249M(912M) 39.684ms
[2020-01-31T08:50:31.757+0300][8.069s][info][gc] GC(118) Pause Young (Allocation Failure) 363M->230M(912M) 30.391ms
[2020-01-31T08:50:31.799+0300][8.112s][info][gc] GC(119) Pause Young (Allocation Failure) 344M->210M(912M) 19.977ms
[2020-01-31T08:50:31.822+0300][8.135s][info][gc] GC(120) Pause Young (Allocation Failure) 308M->174M(912M) 0.499ms
[2020-01-31T08:50:31.895+0300][8.207s][info][gc] GC(121) Pause Young (Allocation Failure) 288M->288M(912M) 59.743ms
[2020-01-31T08:50:31.967+0300][8.280s][info][gc] GC(122) Pause Young (Allocation Failure) 402M->269M(912M) 49.901ms
[2020-01-31T08:50:32.032+0300][8.344s][info][gc] GC(123) Pause Young (Allocation Failure) 383M->249M(912M) 41.684ms
[2020-01-31T08:50:32.085+0300][8.397s][info][gc] GC(124) Pause Young (Allocation Failure) 363M->230M(912M) 30.378ms
[2020-01-31T08:50:32.128+0300][8.440s][info][gc] GC(125) Pause Young (Allocation Failure) 344M->210M(912M) 19.652ms
[2020-01-31T08:50:32.151+0300][8.463s][info][gc] GC(126) Pause Young (Allocation Failure) 308M->174M(912M) 0.499ms
[2020-01-31T08:50:32.221+0300][8.533s][info][gc] GC(127) Pause Young (Allocation Failure) 288M->288M(912M) 58.148ms
[2020-01-31T08:50:32.298+0300][8.611s][info][gc] GC(128) Pause Young (Allocation Failure) 402M->269M(912M) 53.819ms
[2020-01-31T08:50:32.361+0300][8.673s][info][gc] GC(129) Pause Young (Allocation Failure) 383M->249M(912M) 39.602ms
[2020-01-31T08:50:32.412+0300][8.725s][info][gc] GC(130) Pause Young (Allocation Failure) 363M->230M(912M) 28.793ms
[2020-01-31T08:50:32.464+0300][8.776s][info][gc] GC(131) Pause Young (Allocation Failure) 344M->210M(912M) 28.470ms
[2020-01-31T08:50:32.491+0300][8.804s][info][gc] GC(132) Pause Young (Allocation Failure) 310M->175M(912M) 0.887ms
[2020-01-31T08:50:32.570+0300][8.883s][info][gc] GC(133) Pause Young (Allocation Failure) 289M->289M(912M) 66.653ms
[2020-01-31T08:50:32.642+0300][8.955s][info][gc] GC(134) Pause Young (Allocation Failure) 403M->269M(912M) 49.011ms
[2020-01-31T08:50:32.704+0300][9.017s][info][gc] GC(135) Pause Young (Allocation Failure) 383M->250M(912M) 39.052ms
[2020-01-31T08:50:32.755+0300][9.068s][info][gc] GC(136) Pause Young (Allocation Failure) 364M->230M(912M) 28.625ms
[2020-01-31T08:50:32.798+0300][9.110s][info][gc] GC(137) Pause Young (Allocation Failure) 344M->210M(912M) 19.757ms
[2020-01-31T08:50:32.821+0300][9.133s][info][gc] GC(138) Pause Young (Allocation Failure) 308M->175M(912M) 0.495ms
[2020-01-31T08:50:32.892+0300][9.204s][info][gc] GC(139) Pause Young (Allocation Failure) 289M->289M(912M) 58.417ms
[2020-01-31T08:50:32.963+0300][9.276s][info][gc] GC(140) Pause Young (Allocation Failure) 403M->269M(912M) 49.035ms
[2020-01-31T08:50:33.027+0300][9.339s][info][gc] GC(141) Pause Young (Allocation Failure) 383M->250M(912M) 40.119ms
[2020-01-31T08:50:33.079+0300][9.392s][info][gc] GC(142) Pause Young (Allocation Failure) 364M->230M(912M) 29.461ms
[2020-01-31T08:50:33.121+0300][9.433s][info][gc] GC(143) Pause Young (Allocation Failure) 344M->210M(912M) 19.523ms
[2020-01-31T08:50:33.143+0300][9.455s][info][gc] GC(144) Pause Young (Allocation Failure) 308M->175M(912M) 0.499ms
[2020-01-31T08:50:33.214+0300][9.526s][info][gc] GC(145) Pause Young (Allocation Failure) 289M->289M(912M) 58.534ms
[2020-01-31T08:50:33.286+0300][9.599s][info][gc] GC(146) Pause Young (Allocation Failure) 403M->269M(912M) 49.752ms
[2020-01-31T08:50:33.349+0300][9.662s][info][gc] GC(147) Pause Young (Allocation Failure) 383M->250M(912M) 40.599ms
[2020-01-31T08:50:33.401+0300][9.714s][info][gc] GC(148) Pause Young (Allocation Failure) 364M->230M(912M) 29.414ms
[2020-01-31T08:50:33.448+0300][9.761s][info][gc] GC(149) Pause Young (Allocation Failure) 344M->210M(912M) 23.441ms
[2020-01-31T08:50:33.476+0300][9.789s][info][gc] GC(150) Pause Young (Allocation Failure) 311M->175M(912M) 0.506ms
[2020-01-31T08:50:33.549+0300][9.861s][info][gc] GC(151) Pause Young (Allocation Failure) 289M->289M(912M) 60.646ms
[2020-01-31T08:50:33.621+0300][9.933s][info][gc] GC(152) Pause Young (Allocation Failure) 403M->269M(912M) 48.606ms
[2020-01-31T08:50:33.682+0300][9.995s][info][gc] GC(153) Pause Young (Allocation Failure) 383M->250M(912M) 38.984ms
[2020-01-31T08:50:33.734+0300][10.047s][info][gc] GC(154) Pause Young (Allocation Failure) 364M->230M(912M) 29.572ms
[2020-01-31T08:50:33.780+0300][10.092s][info][gc] GC(155) Pause Young (Allocation Failure) 344M->211M(912M) 22.392ms
[2020-01-31T08:50:33.804+0300][10.116s][info][gc] GC(156) Pause Young (Allocation Failure) 309M->175M(912M) 1.136ms
[2020-01-31T08:50:33.881+0300][10.194s][info][gc] GC(157) Pause Young (Allocation Failure) 289M->289M(912M) 64.631ms
[2020-01-31T08:50:33.953+0300][10.265s][info][gc] GC(158) Pause Young (Allocation Failure) 403M->269M(912M) 48.977ms
[2020-01-31T08:50:34.018+0300][10.330s][info][gc] GC(159) Pause Young (Allocation Failure) 383M->250M(912M) 42.035ms
[2020-01-31T08:50:34.069+0300][10.382s][info][gc] GC(160) Pause Young (Allocation Failure) 364M->230M(912M) 29.214ms
[2020-01-31T08:50:34.111+0300][10.423s][info][gc] GC(161) Pause Young (Allocation Failure) 344M->211M(912M) 19.315ms
[2020-01-31T08:50:34.134+0300][10.447s][info][gc] GC(162) Pause Young (Allocation Failure) 309M->175M(912M) 0.488ms
[2020-01-31T08:50:34.205+0300][10.517s][info][gc] GC(163) Pause Young (Allocation Failure) 289M->289M(912M) 58.503ms
[2020-01-31T08:50:34.278+0300][10.590s][info][gc] GC(164) Pause Young (Allocation Failure) 403M->270M(912M) 49.829ms
[2020-01-31T08:50:34.349+0300][10.661s][info][gc] GC(165) Pause Young (Allocation Failure) 384M->250M(912M) 48.216ms
[2020-01-31T08:50:34.400+0300][10.713s][info][gc] GC(166) Pause Young (Allocation Failure) 364M->230M(912M) 29.705ms
[2020-01-31T08:50:34.448+0300][10.761s][info][gc] GC(167) Pause Young (Allocation Failure) 344M->211M(912M) 19.249ms
[2020-01-31T08:50:34.475+0300][10.788s][info][gc] GC(168) Pause Young (Allocation Failure) 309M->175M(912M) 0.499ms
[2020-01-31T08:50:34.547+0300][10.860s][info][gc] GC(169) Pause Young (Allocation Failure) 289M->289M(912M) 59.490ms
[2020-01-31T08:50:34.619+0300][10.932s][info][gc] GC(170) Pause Young (Allocation Failure) 403M->270M(912M) 48.929ms
[2020-01-31T08:50:34.681+0300][10.993s][info][gc] GC(171) Pause Young (Allocation Failure) 384M->250M(912M) 38.983ms
[2020-01-31T08:50:34.734+0300][11.046s][info][gc] GC(172) Pause Young (Allocation Failure) 364M->230M(912M) 29.913ms
[2020-01-31T08:50:34.775+0300][11.088s][info][gc] GC(173) Pause Young (Allocation Failure) 344M->211M(912M) 19.310ms
[2020-01-31T08:50:34.797+0300][11.110s][info][gc] GC(174) Pause Young (Allocation Failure) 309M->175M(912M) 0.497ms
[2020-01-31T08:50:34.868+0300][11.181s][info][gc] GC(175) Pause Young (Allocation Failure) 289M->289M(912M) 58.774ms
[2020-01-31T08:50:34.940+0300][11.252s][info][gc] GC(176) Pause Young (Allocation Failure) 403M->270M(912M) 48.527ms
[2020-01-31T08:50:35.005+0300][11.317s][info][gc] GC(177) Pause Young (Allocation Failure) 384M->250M(912M) 41.863ms
[2020-01-31T08:50:35.057+0300][11.370s][info][gc] GC(178) Pause Young (Allocation Failure) 364M->231M(912M) 29.420ms
[2020-01-31T08:50:35.100+0300][11.413s][info][gc] GC(179) Pause Young (Allocation Failure) 345M->211M(912M) 20.097ms
[2020-01-31T08:50:35.124+0300][11.436s][info][gc] GC(180) Pause Young (Allocation Failure) 309M->175M(912M) 0.955ms
[2020-01-31T08:50:35.193+0300][11.506s][info][gc] GC(181) Pause Young (Allocation Failure) 289M->289M(912M) 58.013ms
[2020-01-31T08:50:35.266+0300][11.578s][info][gc] GC(182) Pause Young (Allocation Failure) 403M->270M(912M) 49.799ms
[2020-01-31T08:50:35.327+0300][11.640s][info][gc] GC(183) Pause Young (Allocation Failure) 384M->250M(912M) 39.129ms
[2020-01-31T08:50:35.380+0300][11.692s][info][gc] GC(184) Pause Young (Allocation Failure) 364M->231M(912M) 30.192ms
[2020-01-31T08:50:35.422+0300][11.734s][info][gc] GC(185) Pause Young (Allocation Failure) 345M->211M(912M) 19.745ms
[2020-01-31T08:50:35.447+0300][11.759s][info][gc] GC(186) Pause Young (Allocation Failure) 309M->175M(912M) 0.911ms
[2020-01-31T08:50:35.535+0300][11.847s][info][gc] GC(187) Pause Young (Allocation Failure) 289M->289M(912M) 75.157ms
[2020-01-31T08:50:35.620+0300][11.932s][info][gc] GC(188) Pause Young (Allocation Failure) 403M->270M(912M) 61.752ms
[2020-01-31T08:50:35.688+0300][12.001s][info][gc] GC(189) Pause Young (Allocation Failure) 384M->250M(912M) 44.716ms
[2020-01-31T08:50:35.739+0300][12.052s][info][gc] GC(190) Pause Young (Allocation Failure) 364M->231M(912M) 28.671ms
[2020-01-31T08:50:35.782+0300][12.094s][info][gc] GC(191) Pause Young (Allocation Failure) 345M->211M(912M) 19.377ms
[2020-01-31T08:50:35.805+0300][12.117s][info][gc] GC(192) Pause Young (Allocation Failure) 309M->175M(912M) 0.503ms
[2020-01-31T08:50:35.876+0300][12.188s][info][gc] GC(193) Pause Young (Allocation Failure) 289M->289M(912M) 58.441ms
[2020-01-31T08:50:35.946+0300][12.259s][info][gc] GC(194) Pause Young (Allocation Failure) 403M->270M(912M) 49.051ms
[2020-01-31T08:50:36.010+0300][12.322s][info][gc] GC(195) Pause Young (Allocation Failure) 384M->250M(912M) 40.539ms
[2020-01-31T08:50:36.062+0300][12.374s][info][gc] GC(196) Pause Young (Allocation Failure) 364M->231M(912M) 29.190ms
[2020-01-31T08:50:36.103+0300][12.416s][info][gc] GC(197) Pause Young (Allocation Failure) 345M->211M(912M) 19.176ms
[2020-01-31T08:50:36.126+0300][12.438s][info][gc] GC(198) Pause Young (Allocation Failure) 309M->175M(912M) 0.571ms
[2020-01-31T08:50:36.198+0300][12.510s][info][gc] GC(199) Pause Young (Allocation Failure) 289M->290M(912M) 59.774ms
[2020-01-31T08:50:36.274+0300][12.587s][info][gc] GC(200) Pause Young (Allocation Failure) 404M->270M(912M) 53.532ms
[2020-01-31T08:50:36.336+0300][12.649s][info][gc] GC(201) Pause Young (Allocation Failure) 384M->250M(912M) 39.152ms
[2020-01-31T08:50:36.388+0300][12.701s][info][gc] GC(202) Pause Young (Allocation Failure) 364M->231M(912M) 29.688ms
[2020-01-31T08:50:36.432+0300][12.744s][info][gc] GC(203) Pause Young (Allocation Failure) 345M->211M(912M) 20.589ms
[2020-01-31T08:50:36.459+0300][12.772s][info][gc] GC(204) Pause Young (Allocation Failure) 309M->176M(912M) 0.842ms
[2020-01-31T08:50:36.530+0300][12.842s][info][gc] GC(205) Pause Young (Allocation Failure) 290M->290M(912M) 58.349ms
[2020-01-31T08:50:36.602+0300][12.914s][info][gc] GC(206) Pause Young (Allocation Failure) 404M->270M(912M) 48.793ms
[2020-01-31T08:50:36.665+0300][12.978s][info][gc] GC(207) Pause Young (Allocation Failure) 384M->251M(912M) 40.882ms
[2020-01-31T08:50:36.718+0300][13.030s][info][gc] GC(208) Pause Young (Allocation Failure) 365M->231M(912M) 30.061ms
[2020-01-31T08:50:36.760+0300][13.072s][info][gc] GC(209) Pause Young (Allocation Failure) 345M->211M(912M) 19.221ms
[2020-01-31T08:50:36.782+0300][13.095s][info][gc] GC(210) Pause Young (Allocation Failure) 309M->176M(912M) 0.500ms
[2020-01-31T08:50:36.853+0300][13.165s][info][gc] GC(211) Pause Young (Allocation Failure) 290M->290M(912M) 58.654ms
[2020-01-31T08:50:36.929+0300][13.242s][info][gc] GC(212) Pause Young (Allocation Failure) 404M->270M(912M) 53.650ms
[2020-01-31T08:50:36.991+0300][13.303s][info][gc] GC(213) Pause Young (Allocation Failure) 384M->251M(912M) 38.780ms
[2020-01-31T08:50:37.041+0300][13.354s][info][gc] GC(214) Pause Young (Allocation Failure) 365M->231M(912M) 28.832ms
[2020-01-31T08:50:37.084+0300][13.396s][info][gc] GC(215) Pause Young (Allocation Failure) 345M->211M(912M) 19.256ms
[2020-01-31T08:50:37.106+0300][13.419s][info][gc] GC(216) Pause Young (Allocation Failure) 309M->176M(912M) 0.498ms
[2020-01-31T08:50:37.178+0300][13.490s][info][gc] GC(217) Pause Young (Allocation Failure) 290M->290M(912M) 59.541ms
[2020-01-31T08:50:37.250+0300][13.562s][info][gc] GC(218) Pause Young (Allocation Failure) 404M->270M(912M) 49.668ms
[2020-01-31T08:50:37.312+0300][13.624s][info][gc] GC(219) Pause Young (Allocation Failure) 384M->251M(912M) 38.630ms
[2020-01-31T08:50:37.363+0300][13.676s][info][gc] GC(220) Pause Young (Allocation Failure) 365M->231M(912M) 28.889ms
[2020-01-31T08:50:37.405+0300][13.718s][info][gc] GC(221) Pause Young (Allocation Failure) 345M->211M(912M) 20.040ms
[2020-01-31T08:50:37.428+0300][13.741s][info][gc] GC(222) Pause Young (Allocation Failure) 309M->176M(912M) 0.880ms
[2020-01-31T08:50:37.505+0300][13.817s][info][gc] GC(223) Pause Young (Allocation Failure) 290M->290M(912M) 61.428ms
[2020-01-31T08:50:37.577+0300][13.890s][info][gc] GC(224) Pause Young (Allocation Failure) 404M->270M(912M) 48.830ms
[2020-01-31T08:50:37.644+0300][13.956s][info][gc] GC(225) Pause Young (Allocation Failure) 384M->251M(912M) 44.150ms
[2020-01-31T08:50:37.696+0300][14.008s][info][gc] GC(226) Pause Young (Allocation Failure) 365M->231M(912M) 29.380ms
[2020-01-31T08:50:37.738+0300][14.050s][info][gc] GC(227) Pause Young (Allocation Failure) 345M->211M(912M) 19.127ms
[2020-01-31T08:50:37.761+0300][14.073s][info][gc] GC(228) Pause Young (Allocation Failure) 312M->176M(912M) 0.491ms
[2020-01-31T08:50:37.831+0300][14.144s][info][gc] GC(229) Pause Young (Allocation Failure) 290M->290M(912M) 58.828ms
[2020-01-31T08:50:37.906+0300][14.218s][info][gc] GC(230) Pause Young (Allocation Failure) 404M->270M(912M) 51.052ms
[2020-01-31T08:50:37.968+0300][14.280s][info][gc] GC(231) Pause Young (Allocation Failure) 384M->251M(912M) 38.589ms
[2020-01-31T08:50:38.020+0300][14.332s][info][gc] GC(232) Pause Young (Allocation Failure) 365M->231M(912M) 29.523ms
[2020-01-31T08:50:38.062+0300][14.374s][info][gc] GC(233) Pause Young (Allocation Failure) 345M->212M(912M) 19.454ms
[2020-01-31T08:50:38.084+0300][14.396s][info][gc] GC(234) Pause Young (Allocation Failure) 310M->176M(912M) 0.502ms
[2020-01-31T08:50:38.155+0300][14.468s][info][gc] GC(235) Pause Young (Allocation Failure) 290M->290M(912M) 59.994ms
[2020-01-31T08:50:38.228+0300][14.541s][info][gc] GC(236) Pause Young (Allocation Failure) 404M->271M(912M) 49.576ms
[2020-01-31T08:50:38.290+0300][14.602s][info][gc] GC(237) Pause Young (Allocation Failure) 385M->251M(912M) 38.815ms
[2020-01-31T08:50:38.341+0300][14.654s][info][gc] GC(238) Pause Young (Allocation Failure) 365M->231M(912M) 28.719ms
[2020-01-31T08:50:38.385+0300][14.698s][info][gc] GC(239) Pause Young (Allocation Failure) 345M->212M(912M) 20.919ms
[2020-01-31T08:50:38.408+0300][14.720s][info][gc] GC(240) Pause Young (Allocation Failure) 310M->176M(912M) 0.499ms
[2020-01-31T08:50:38.480+0300][14.792s][info][gc] GC(241) Pause Young (Allocation Failure) 290M->290M(912M) 59.123ms
[2020-01-31T08:50:38.567+0300][14.880s][info][gc] GC(242) Pause Young (Allocation Failure) 404M->270M(912M) 62.452ms
[2020-01-31T08:50:38.631+0300][14.943s][info][gc] GC(243) Pause Young (Allocation Failure) 384M->251M(912M) 40.069ms
[2020-01-31T08:50:38.682+0300][14.995s][info][gc] GC(244) Pause Young (Allocation Failure) 365M->231M(912M) 28.764ms
[2020-01-31T08:50:38.725+0300][15.037s][info][gc] GC(245) Pause Young (Allocation Failure) 345M->212M(912M) 19.313ms
[2020-01-31T08:50:38.747+0300][15.059s][info][gc] GC(246) Pause Young (Allocation Failure) 312M->176M(912M) 0.500ms
[2020-01-31T08:50:38.819+0300][15.131s][info][gc] GC(247) Pause Young (Allocation Failure) 290M->290M(912M) 59.284ms
[2020-01-31T08:50:38.890+0300][15.203s][info][gc] GC(248) Pause Young (Allocation Failure) 404M->271M(912M) 49.693ms
[2020-01-31T08:50:38.953+0300][15.266s][info][gc] GC(249) Pause Young (Allocation Failure) 385M->251M(912M) 39.384ms
[2020-01-31T08:50:39.005+0300][15.318s][info][gc] GC(250) Pause Young (Allocation Failure) 365M->232M(912M) 29.669ms
[2020-01-31T08:50:39.048+0300][15.360s][info][gc] GC(251) Pause Young (Allocation Failure) 346M->212M(912M) 19.361ms
[2020-01-31T08:50:39.070+0300][15.383s][info][gc] GC(252) Pause Young (Allocation Failure) 310M->176M(912M) 0.503ms
[2020-01-31T08:50:39.142+0300][15.454s][info][gc] GC(253) Pause Young (Allocation Failure) 290M->290M(912M) 59.511ms
[2020-01-31T08:50:39.214+0300][15.526s][info][gc] GC(254) Pause Young (Allocation Failure) 404M->271M(912M) 49.418ms
[2020-01-31T08:50:39.276+0300][15.589s][info][gc] GC(255) Pause Young (Allocation Failure) 385M->251M(912M) 39.732ms
[2020-01-31T08:50:39.327+0300][15.640s][info][gc] GC(256) Pause Young (Allocation Failure) 365M->232M(912M) 28.685ms
[2020-01-31T08:50:39.370+0300][15.682s][info][gc] GC(257) Pause Young (Allocation Failure) 346M->212M(912M) 19.251ms
[2020-01-31T08:50:39.392+0300][15.705s][info][gc] GC(258) Pause Young (Allocation Failure) 310M->176M(912M) 0.493ms
[2020-01-31T08:50:39.464+0300][15.776s][info][gc] GC(259) Pause Young (Allocation Failure) 290M->290M(912M) 58.954ms
[2020-01-31T08:50:39.547+0300][15.859s][info][gc] GC(260) Pause Young (Allocation Failure) 404M->271M(912M) 56.483ms
[2020-01-31T08:50:39.610+0300][15.922s][info][gc] GC(261) Pause Young (Allocation Failure) 385M->251M(912M) 39.633ms
[2020-01-31T08:50:39.660+0300][15.973s][info][gc] GC(262) Pause Young (Allocation Failure) 365M->232M(912M) 28.820ms
[2020-01-31T08:50:39.703+0300][16.015s][info][gc] GC(263) Pause Young (Allocation Failure) 346M->212M(912M) 19.326ms
[2020-01-31T08:50:39.725+0300][16.038s][info][gc] GC(264) Pause Young (Allocation Failure) 312M->176M(912M) 0.506ms
[2020-01-31T08:50:39.796+0300][16.108s][info][gc] GC(265) Pause Young (Allocation Failure) 290M->290M(912M) 58.412ms
[2020-01-31T08:50:39.868+0300][16.181s][info][gc] GC(266) Pause Young (Allocation Failure) 404M->271M(912M) 49.611ms
[2020-01-31T08:50:39.930+0300][16.242s][info][gc] GC(267) Pause Young (Allocation Failure) 385M->251M(912M) 39.250ms
[2020-01-31T08:50:39.981+0300][16.293s][info][gc] GC(268) Pause Young (Allocation Failure) 365M->232M(912M) 28.714ms
[2020-01-31T08:50:40.023+0300][16.336s][info][gc] GC(269) Pause Young (Allocation Failure) 346M->212M(912M) 19.381ms
[2020-01-31T08:50:40.045+0300][16.358s][info][gc] GC(270) Pause Young (Allocation Failure) 310M->176M(912M) 0.510ms
[2020-01-31T08:50:40.118+0300][16.431s][info][gc] GC(271) Pause Young (Allocation Failure) 290M->290M(912M) 60.616ms
[2020-01-31T08:50:40.191+0300][16.503s][info][gc] GC(272) Pause Young (Allocation Failure) 404M->271M(912M) 50.119ms
[2020-01-31T08:50:40.253+0300][16.565s][info][gc] GC(273) Pause Young (Allocation Failure) 385M->251M(912M) 39.578ms
[2020-01-31T08:50:40.304+0300][16.617s][info][gc] GC(274) Pause Young (Allocation Failure) 365M->232M(912M) 28.856ms
[2020-01-31T08:50:40.347+0300][16.659s][info][gc] GC(275) Pause Young (Allocation Failure) 346M->212M(912M) 19.445ms
[2020-01-31T08:50:40.369+0300][16.681s][info][gc] GC(276) Pause Young (Allocation Failure) 310M->177M(912M) 0.500ms
[2020-01-31T08:50:40.442+0300][16.755s][info][gc] GC(277) Pause Young (Allocation Failure) 291M->291M(912M) 61.026ms
[2020-01-31T08:50:40.516+0300][16.829s][info][gc] GC(278) Pause Young (Allocation Failure) 405M->271M(912M) 49.147ms
[2020-01-31T08:50:40.579+0300][16.891s][info][gc] GC(279) Pause Young (Allocation Failure) 385M->251M(912M) 40.008ms
[2020-01-31T08:50:40.630+0300][16.943s][info][gc] GC(280) Pause Young (Allocation Failure) 365M->232M(912M) 28.601ms
[2020-01-31T08:50:40.672+0300][16.984s][info][gc] GC(281) Pause Young (Allocation Failure) 346M->212M(912M) 18.735ms
[2020-01-31T08:50:40.695+0300][17.007s][info][gc] GC(282) Pause Young (Allocation Failure) 312M->177M(912M) 0.498ms
[2020-01-31T08:50:40.765+0300][17.078s][info][gc] GC(283) Pause Young (Allocation Failure) 291M->291M(912M) 58.406ms
[2020-01-31T08:50:40.841+0300][17.153s][info][gc] GC(284) Pause Young (Allocation Failure) 405M->271M(912M) 52.494ms
[2020-01-31T08:50:40.905+0300][17.217s][info][gc] GC(285) Pause Young (Allocation Failure) 385M->252M(912M) 40.672ms
[2020-01-31T08:50:40.957+0300][17.270s][info][gc] GC(286) Pause Young (Allocation Failure) 366M->232M(912M) 29.739ms
[2020-01-31T08:50:41.001+0300][17.313s][info][gc] GC(287) Pause Young (Allocation Failure) 346M->212M(912M) 20.261ms
[2020-01-31T08:50:41.024+0300][17.336s][info][gc] GC(288) Pause Young (Allocation Failure) 310M->177M(912M) 0.513ms
[2020-01-31T08:50:41.096+0300][17.408s][info][gc] GC(289) Pause Young (Allocation Failure) 291M->291M(912M) 59.607ms
[2020-01-31T08:50:41.167+0300][17.480s][info][gc] GC(290) Pause Young (Allocation Failure) 405M->271M(912M) 49.452ms
[2020-01-31T08:50:41.229+0300][17.542s][info][gc] GC(291) Pause Young (Allocation Failure) 385M->252M(912M) 38.822ms
[2020-01-31T08:50:41.280+0300][17.593s][info][gc] GC(292) Pause Young (Allocation Failure) 366M->232M(912M) 28.680ms
[2020-01-31T08:50:41.323+0300][17.635s][info][gc] GC(293) Pause Young (Allocation Failure) 346M->213M(912M) 19.451ms
[2020-01-31T08:50:41.346+0300][17.658s][info][gc] GC(294) Pause Young (Allocation Failure) 311M->177M(912M) 0.502ms
[2020-01-31T08:50:41.417+0300][17.729s][info][gc] GC(295) Pause Young (Allocation Failure) 291M->291M(912M) 58.572ms
[2020-01-31T08:50:41.496+0300][17.808s][info][gc] GC(296) Pause Young (Allocation Failure) 405M->271M(912M) 53.943ms
[2020-01-31T08:50:41.558+0300][17.871s][info][gc] GC(297) Pause Young (Allocation Failure) 385M->252M(912M) 40.185ms
[2020-01-31T08:50:41.610+0300][17.922s][info][gc] GC(298) Pause Young (Allocation Failure) 366M->232M(912M) 29.020ms
[2020-01-31T08:50:41.656+0300][17.969s][info][gc] GC(299) Pause Young (Allocation Failure) 346M->212M(912M) 19.230ms
[2020-01-31T08:50:41.679+0300][17.992s][info][gc] GC(300) Pause Young (Allocation Failure) 313M->177M(912M) 0.500ms
[2020-01-31T08:50:41.750+0300][18.062s][info][gc] GC(301) Pause Young (Allocation Failure) 291M->291M(912M) 58.789ms
[2020-01-31T08:50:41.823+0300][18.135s][info][gc] GC(302) Pause Young (Allocation Failure) 405M->271M(912M) 49.790ms
[2020-01-31T08:50:41.884+0300][18.197s][info][gc] GC(303) Pause Young (Allocation Failure) 385M->252M(912M) 39.267ms
[2020-01-31T08:50:41.935+0300][18.248s][info][gc] GC(304) Pause Young (Allocation Failure) 366M->232M(912M) 28.731ms
[2020-01-31T08:50:41.978+0300][18.290s][info][gc] GC(305) Pause Young (Allocation Failure) 346M->213M(912M) 19.458ms
[2020-01-31T08:50:42.001+0300][18.314s][info][gc] GC(306) Pause Young (Allocation Failure) 311M->177M(912M) 0.502ms
[2020-01-31T08:50:42.080+0300][18.392s][info][gc] GC(307) Pause Young (Allocation Failure) 291M->291M(912M) 66.029ms
[2020-01-31T08:50:42.155+0300][18.467s][info][gc] GC(308) Pause Young (Allocation Failure) 405M->272M(912M) 52.325ms
[2020-01-31T08:50:42.217+0300][18.529s][info][gc] GC(309) Pause Young (Allocation Failure) 386M->252M(912M) 38.918ms
[2020-01-31T08:50:42.267+0300][18.580s][info][gc] GC(310) Pause Young (Allocation Failure) 366M->232M(912M) 28.790ms
[2020-01-31T08:50:42.310+0300][18.623s][info][gc] GC(311) Pause Young (Allocation Failure) 346M->213M(912M) 19.529ms
[2020-01-31T08:50:42.332+0300][18.645s][info][gc] GC(312) Pause Young (Allocation Failure) 311M->177M(912M) 0.924ms
[2020-01-31T08:50:42.403+0300][18.716s][info][gc] GC(313) Pause Young (Allocation Failure) 291M->291M(912M) 58.368ms
[2020-01-31T08:50:42.494+0300][18.806s][info][gc] GC(314) Pause Young (Allocation Failure) 405M->272M(912M) 67.112ms
[2020-01-31T08:50:42.568+0300][18.880s][info][gc] GC(315) Pause Young (Allocation Failure) 386M->252M(912M) 48.442ms
[2020-01-31T08:50:42.626+0300][18.939s][info][gc] GC(316) Pause Young (Allocation Failure) 366M->232M(912M) 35.079ms
[2020-01-31T08:50:42.671+0300][18.984s][info][gc] GC(317) Pause Young (Allocation Failure) 346M->213M(912M) 22.009ms
[2020-01-31T08:50:42.695+0300][19.008s][info][gc] GC(318) Pause Young (Allocation Failure) 313M->177M(912M) 0.855ms
[2020-01-31T08:50:42.768+0300][19.081s][info][gc] GC(319) Pause Young (Allocation Failure) 291M->291M(912M) 60.157ms
[2020-01-31T08:50:42.842+0300][19.154s][info][gc] GC(320) Pause Young (Allocation Failure) 405M->272M(912M) 50.374ms
[2020-01-31T08:50:42.904+0300][19.216s][info][gc] GC(321) Pause Young (Allocation Failure) 386M->252M(912M) 39.019ms
[2020-01-31T08:50:42.956+0300][19.268s][info][gc] GC(322) Pause Young (Allocation Failure) 366M->232M(912M) 29.454ms
[2020-01-31T08:50:42.999+0300][19.312s][info][gc] GC(323) Pause Young (Allocation Failure) 346M->213M(912M) 20.459ms
[2020-01-31T08:50:43.025+0300][19.338s][info][gc] GC(324) Pause Young (Allocation Failure) 311M->177M(912M) 3.026ms
[2020-01-31T08:50:43.097+0300][19.410s][info][gc] GC(325) Pause Young (Allocation Failure) 291M->291M(912M) 59.275ms
[2020-01-31T08:50:43.170+0300][19.482s][info][gc] GC(326) Pause Young (Allocation Failure) 405M->272M(912M) 48.866ms
[2020-01-31T08:50:43.234+0300][19.546s][info][gc] GC(327) Pause Young (Allocation Failure) 386M->252M(912M) 41.651ms
[2020-01-31T08:50:43.288+0300][19.600s][info][gc] GC(328) Pause Young (Allocation Failure) 366M->233M(912M) 29.945ms
[2020-01-31T08:50:43.331+0300][19.643s][info][gc] GC(329) Pause Young (Allocation Failure) 347M->213M(912M) 19.472ms
[2020-01-31T08:50:43.354+0300][19.666s][info][gc] GC(330) Pause Young (Allocation Failure) 311M->177M(912M) 0.507ms
[2020-01-31T08:50:43.424+0300][19.737s][info][gc] GC(331) Pause Young (Allocation Failure) 291M->291M(912M) 58.633ms
[2020-01-31T08:50:43.507+0300][19.820s][info][gc] GC(332) Pause Young (Allocation Failure) 405M->270M(912M) 56.411ms
[2020-01-31T08:50:43.570+0300][19.882s][info][gc] GC(333) Pause Young (Allocation Failure) 384M->251M(912M) 38.301ms
[2020-01-31T08:50:43.621+0300][19.934s][info][gc] GC(334) Pause Young (Allocation Failure) 365M->231M(912M) 28.733ms
[2020-01-31T08:50:43.663+0300][19.975s][info][gc] GC(335) Pause Young (Allocation Failure) 345M->212M(912M) 18.604ms
[2020-01-31T08:50:43.686+0300][19.998s][info][gc] GC(336) Pause Young (Allocation Failure) 312M->177M(912M) 0.505ms
[2020-01-31T08:50:43.759+0300][20.071s][info][gc] GC(337) Pause Young (Allocation Failure) 291M->291M(912M) 60.493ms
[2020-01-31T08:50:43.832+0300][20.144s][info][gc] GC(338) Pause Young (Allocation Failure) 405M->272M(912M) 49.653ms
[2020-01-31T08:50:43.895+0300][20.207s][info][gc] GC(339) Pause Young (Allocation Failure) 386M->252M(912M) 39.351ms
[2020-01-31T08:50:43.948+0300][20.260s][info][gc] GC(340) Pause Young (Allocation Failure) 366M->233M(912M) 29.665ms
[2020-01-31T08:50:43.990+0300][20.302s][info][gc] GC(341) Pause Young (Allocation Failure) 347M->213M(912M) 19.233ms
[2020-01-31T08:50:44.014+0300][20.326s][info][gc] GC(342) Pause Young (Allocation Failure) 311M->177M(912M) 0.967ms
[2020-01-31T08:50:44.085+0300][20.397s][info][gc] GC(343) Pause Young (Allocation Failure) 291M->291M(912M) 58.770ms
[2020-01-31T08:50:44.159+0300][20.471s][info][gc] GC(344) Pause Young (Allocation Failure) 405M->272M(912M) 50.784ms
[2020-01-31T08:50:44.227+0300][20.540s][info][gc] GC(345) Pause Young (Allocation Failure) 386M->252M(912M) 44.980ms
[2020-01-31T08:50:44.281+0300][20.594s][info][gc] GC(346) Pause Young (Allocation Failure) 366M->233M(912M) 30.296ms
[2020-01-31T08:50:44.324+0300][20.636s][info][gc] GC(347) Pause Young (Allocation Failure) 347M->213M(912M) 19.264ms
[2020-01-31T08:50:44.347+0300][20.659s][info][gc] GC(348) Pause Young (Allocation Failure) 311M->178M(912M) 0.509ms
[2020-01-31T08:50:44.418+0300][20.730s][info][gc] GC(349) Pause Young (Allocation Failure) 292M->292M(912M) 58.457ms
[2020-01-31T08:50:44.495+0300][20.808s][info][gc] GC(350) Pause Young (Allocation Failure) 406M->272M(912M) 52.706ms
[2020-01-31T08:50:44.558+0300][20.871s][info][gc] GC(351) Pause Young (Allocation Failure) 386M->252M(912M) 38.936ms
[2020-01-31T08:50:44.611+0300][20.924s][info][gc] GC(352) Pause Young (Allocation Failure) 366M->233M(912M) 29.348ms
[2020-01-31T08:50:44.654+0300][20.967s][info][gc] GC(353) Pause Young (Allocation Failure) 347M->213M(912M) 19.638ms
[2020-01-31T08:50:44.677+0300][20.990s][info][gc] GC(354) Pause Young (Allocation Failure) 313M->178M(912M) 0.552ms
[2020-01-31T08:50:44.751+0300][21.063s][info][gc] GC(355) Pause Young (Allocation Failure) 292M->292M(912M) 61.290ms
[2020-01-31T08:50:44.825+0300][21.137s][info][gc] GC(356) Pause Young (Allocation Failure) 406M->272M(912M) 49.921ms
[2020-01-31T08:50:44.887+0300][21.200s][info][gc] GC(357) Pause Young (Allocation Failure) 386M->253M(912M) 39.313ms
[2020-01-31T08:50:44.939+0300][21.252s][info][gc] GC(358) Pause Young (Allocation Failure) 367M->233M(912M) 29.477ms
[2020-01-31T08:50:44.982+0300][21.295s][info][gc] GC(359) Pause Young (Allocation Failure) 347M->213M(912M) 19.632ms
[2020-01-31T08:50:45.006+0300][21.319s][info][gc] GC(360) Pause Young (Allocation Failure) 311M->178M(912M) 0.913ms
[2020-01-31T08:50:45.078+0300][21.390s][info][gc] GC(361) Pause Young (Allocation Failure) 292M->292M(912M) 58.518ms
[2020-01-31T08:50:45.151+0300][21.463s][info][gc] GC(362) Pause Young (Allocation Failure) 406M->272M(912M) 49.438ms
[2020-01-31T08:50:45.217+0300][21.529s][info][gc] GC(363) Pause Young (Allocation Failure) 386M->253M(912M) 42.806ms
[2020-01-31T08:50:45.269+0300][21.582s][info][gc] GC(364) Pause Young (Allocation Failure) 367M->233M(912M) 29.568ms
[2020-01-31T08:50:45.312+0300][21.625s][info][gc] GC(365) Pause Young (Allocation Failure) 347M->213M(912M) 19.761ms
[2020-01-31T08:50:45.336+0300][21.649s][info][gc] GC(366) Pause Young (Allocation Failure) 312M->178M(912M) 0.503ms
[2020-01-31T08:50:45.407+0300][21.720s][info][gc] GC(367) Pause Young (Allocation Failure) 292M->292M(912M) 58.381ms
[2020-01-31T08:50:45.484+0300][21.796s][info][gc] GC(368) Pause Young (Allocation Failure) 406M->272M(912M) 52.178ms
[2020-01-31T08:50:45.548+0300][21.860s][info][gc] GC(369) Pause Young (Allocation Failure) 386M->253M(912M) 38.951ms
[2020-01-31T08:50:45.600+0300][21.912s][info][gc] GC(370) Pause Young (Allocation Failure) 367M->233M(912M) 28.620ms
[2020-01-31T08:50:45.642+0300][21.954s][info][gc] GC(371) Pause Young (Allocation Failure) 347M->213M(912M) 19.269ms
[2020-01-31T08:50:45.664+0300][21.977s][info][gc] GC(372) Pause Young (Allocation Failure) 314M->178M(912M) 0.842ms
[2020-01-31T08:50:45.736+0300][22.049s][info][gc] GC(373) Pause Young (Allocation Failure) 292M->292M(912M) 59.231ms
[2020-01-31T08:50:45.809+0300][22.121s][info][gc] GC(374) Pause Young (Allocation Failure) 406M->272M(912M) 50.328ms
[2020-01-31T08:50:45.871+0300][22.183s][info][gc] GC(375) Pause Young (Allocation Failure) 386M->253M(912M) 38.940ms
[2020-01-31T08:50:45.922+0300][22.235s][info][gc] GC(376) Pause Young (Allocation Failure) 367M->233M(912M) 28.794ms
[2020-01-31T08:50:45.965+0300][22.277s][info][gc] GC(377) Pause Young (Allocation Failure) 347M->214M(912M) 19.728ms
[2020-01-31T08:50:45.988+0300][22.300s][info][gc] GC(378) Pause Young (Allocation Failure) 312M->178M(912M) 0.496ms
[2020-01-31T08:50:46.064+0300][22.376s][info][gc] GC(379) Pause Young (Allocation Failure) 292M->292M(912M) 63.779ms
[2020-01-31T08:50:46.135+0300][22.448s][info][gc] GC(380) Pause Young (Allocation Failure) 406M->273M(912M) 48.534ms
[2020-01-31T08:50:46.199+0300][22.511s][info][gc] GC(381) Pause Young (Allocation Failure) 387M->253M(912M) 40.636ms
[2020-01-31T08:50:46.256+0300][22.568s][info][gc] GC(382) Pause Young (Allocation Failure) 367M->233M(912M) 34.000ms
[2020-01-31T08:50:46.297+0300][22.610s][info][gc] GC(383) Pause Young (Allocation Failure) 347M->214M(912M) 19.241ms
[2020-01-31T08:50:46.320+0300][22.632s][info][gc] GC(384) Pause Young (Allocation Failure) 312M->178M(912M) 0.503ms
[2020-01-31T08:50:46.390+0300][22.703s][info][gc] GC(385) Pause Young (Allocation Failure) 292M->292M(912M) 58.379ms
[2020-01-31T08:50:46.470+0300][22.782s][info][gc] GC(386) Pause Young (Allocation Failure) 406M->273M(912M) 57.214ms
[2020-01-31T08:50:46.548+0300][22.860s][info][gc] GC(387) Pause Young (Allocation Failure) 387M->253M(912M) 50.383ms
[2020-01-31T08:50:46.606+0300][22.918s][info][gc] GC(388) Pause Young (Allocation Failure) 367M->233M(912M) 34.782ms
[2020-01-31T08:50:46.652+0300][22.964s][info][gc] GC(389) Pause Young (Allocation Failure) 347M->214M(912M) 22.248ms
[2020-01-31T08:50:46.675+0300][22.987s][info][gc] GC(390) Pause Young (Allocation Failure) 314M->178M(912M) 1.066ms
[2020-01-31T08:50:46.746+0300][23.059s][info][gc] GC(391) Pause Young (Allocation Failure) 292M->292M(912M) 58.926ms
[2020-01-31T08:50:46.817+0300][23.130s][info][gc] GC(392) Pause Young (Allocation Failure) 406M->273M(912M) 48.991ms
[2020-01-31T08:50:46.880+0300][23.193s][info][gc] GC(393) Pause Young (Allocation Failure) 387M->253M(912M) 40.143ms
[2020-01-31T08:50:46.931+0300][23.244s][info][gc] GC(394) Pause Young (Allocation Failure) 367M->234M(912M) 28.715ms
[2020-01-31T08:50:46.974+0300][23.286s][info][gc] GC(395) Pause Young (Allocation Failure) 348M->214M(912M) 19.461ms
[2020-01-31T08:50:46.997+0300][23.309s][info][gc] GC(396) Pause Young (Allocation Failure) 312M->178M(912M) 0.500ms
[2020-01-31T08:50:47.068+0300][23.380s][info][gc] GC(397) Pause Young (Allocation Failure) 292M->292M(912M) 58.615ms
[2020-01-31T08:50:47.139+0300][23.452s][info][gc] GC(398) Pause Young (Allocation Failure) 406M->273M(912M) 49.532ms
[2020-01-31T08:50:47.201+0300][23.514s][info][gc] GC(399) Pause Young (Allocation Failure) 387M->253M(912M) 38.986ms
[2020-01-31T08:50:47.253+0300][23.566s][info][gc] GC(400) Pause Young (Allocation Failure) 367M->234M(912M) 28.539ms
[2020-01-31T08:50:47.295+0300][23.608s][info][gc] GC(401) Pause Young (Allocation Failure) 348M->214M(912M) 19.251ms
[2020-01-31T08:50:47.318+0300][23.630s][info][gc] GC(402) Pause Young (Allocation Failure) 312M->178M(912M) 0.504ms
[2020-01-31T08:50:47.391+0300][23.703s][info][gc] GC(403) Pause Young (Allocation Failure) 292M->292M(912M) 60.582ms
[2020-01-31T08:50:47.464+0300][23.776s][info][gc] GC(404) Pause Young (Allocation Failure) 406M->273M(912M) 50.229ms
[2020-01-31T08:50:47.531+0300][23.844s][info][gc] GC(405) Pause Young (Allocation Failure) 387M->253M(912M) 42.707ms
[2020-01-31T08:50:47.582+0300][23.895s][info][gc] GC(406) Pause Young (Allocation Failure) 367M->234M(912M) 28.553ms
[2020-01-31T08:50:47.625+0300][23.937s][info][gc] GC(407) Pause Young (Allocation Failure) 348M->214M(912M) 19.372ms
[2020-01-31T08:50:47.647+0300][23.960s][info][gc] GC(408) Pause Young (Allocation Failure) 314M->178M(912M) 0.876ms
[2020-01-31T08:50:47.718+0300][24.031s][info][gc] GC(409) Pause Young (Allocation Failure) 292M->292M(912M) 58.442ms
[2020-01-31T08:50:47.791+0300][24.103s][info][gc] GC(410) Pause Young (Allocation Failure) 406M->273M(912M) 49.175ms
[2020-01-31T08:50:47.853+0300][24.165s][info][gc] GC(411) Pause Young (Allocation Failure) 387M->253M(912M) 39.848ms
[2020-01-31T08:50:47.904+0300][24.217s][info][gc] GC(412) Pause Young (Allocation Failure) 367M->234M(912M) 29.286ms
[2020-01-31T08:50:47.945+0300][24.258s][info][gc] GC(413) Pause Young (Allocation Failure) 348M->214M(912M) 19.043ms
[2020-01-31T08:50:47.968+0300][24.281s][info][gc] GC(414) Pause Young (Allocation Failure) 312M->178M(912M) 0.503ms
[2020-01-31T08:50:48.040+0300][24.352s][info][gc] GC(415) Pause Young (Allocation Failure) 292M->292M(912M) 59.218ms
[2020-01-31T08:50:48.113+0300][24.425s][info][gc] GC(416) Pause Young (Allocation Failure) 406M->273M(912M) 49.566ms
[2020-01-31T08:50:48.176+0300][24.488s][info][gc] GC(417) Pause Young (Allocation Failure) 387M->253M(912M) 40.536ms
[2020-01-31T08:50:48.227+0300][24.539s][info][gc] GC(418) Pause Young (Allocation Failure) 367M->234M(912M) 28.660ms
[2020-01-31T08:50:48.269+0300][24.581s][info][gc] GC(419) Pause Young (Allocation Failure) 348M->214M(912M) 19.256ms
[2020-01-31T08:50:48.291+0300][24.604s][info][gc] GC(420) Pause Young (Allocation Failure) 312M->178M(912M) 0.503ms
[2020-01-31T08:50:48.363+0300][24.675s][info][gc] GC(421) Pause Young (Allocation Failure) 292M->293M(912M) 59.534ms
[2020-01-31T08:50:48.436+0300][24.748s][info][gc] GC(422) Pause Young (Allocation Failure) 407M->273M(912M) 49.928ms
[2020-01-31T08:50:48.504+0300][24.816s][info][gc] GC(423) Pause Young (Allocation Failure) 387M->252M(912M) 44.017ms
[2020-01-31T08:50:48.555+0300][24.867s][info][gc] GC(424) Pause Young (Allocation Failure) 366M->232M(912M) 27.939ms
[2020-01-31T08:50:48.597+0300][24.909s][info][gc] GC(425) Pause Young (Allocation Failure) 346M->213M(912M) 19.074ms
[2020-01-31T08:50:48.619+0300][24.932s][info][gc] GC(426) Pause Young (Allocation Failure) 312M->179M(912M) 0.814ms
[2020-01-31T08:50:48.690+0300][25.003s][info][gc] GC(427) Pause Young (Allocation Failure) 293M->293M(912M) 58.640ms
[2020-01-31T08:50:48.762+0300][25.075s][info][gc] GC(428) Pause Young (Allocation Failure) 407M->273M(912M) 48.726ms
[2020-01-31T08:50:48.825+0300][25.138s][info][gc] GC(429) Pause Young (Allocation Failure) 387M->254M(912M) 40.185ms
[2020-01-31T08:50:48.877+0300][25.189s][info][gc] GC(430) Pause Young (Allocation Failure) 368M->234M(912M) 29.369ms
[2020-01-31T08:50:48.919+0300][25.232s][info][gc] GC(431) Pause Young (Allocation Failure) 348M->214M(912M) 19.175ms
[2020-01-31T08:50:48.942+0300][25.254s][info][gc] GC(432) Pause Young (Allocation Failure) 312M->179M(912M) 0.504ms
[2020-01-31T08:50:49.013+0300][25.326s][info][gc] GC(433) Pause Young (Allocation Failure) 293M->293M(912M) 59.487ms
[2020-01-31T08:50:49.087+0300][25.400s][info][gc] GC(434) Pause Young (Allocation Failure) 407M->273M(912M) 50.237ms
[2020-01-31T08:50:49.150+0300][25.463s][info][gc] GC(435) Pause Young (Allocation Failure) 387M->254M(912M) 40.358ms
[2020-01-31T08:50:49.201+0300][25.514s][info][gc] GC(436) Pause Young (Allocation Failure) 368M->234M(912M) 28.785ms
[2020-01-31T08:50:49.244+0300][25.556s][info][gc] GC(437) Pause Young (Allocation Failure) 348M->214M(912M) 19.565ms
[2020-01-31T08:50:49.267+0300][25.579s][info][gc] GC(438) Pause Young (Allocation Failure) 313M->179M(912M) 0.504ms
[2020-01-31T08:50:49.339+0300][25.651s][info][gc] GC(439) Pause Young (Allocation Failure) 293M->293M(912M) 59.641ms
[2020-01-31T08:50:49.411+0300][25.724s][info][gc] GC(440) Pause Young (Allocation Failure) 407M->273M(912M) 49.569ms
[2020-01-31T08:50:49.476+0300][25.788s][info][gc] GC(441) Pause Young (Allocation Failure) 387M->254M(912M) 40.605ms
[2020-01-31T08:50:49.529+0300][25.842s][info][gc] GC(442) Pause Young (Allocation Failure) 368M->234M(912M) 29.357ms
[2020-01-31T08:50:49.572+0300][25.885s][info][gc] GC(443) Pause Young (Allocation Failure) 348M->214M(912M) 20.214ms
[2020-01-31T08:50:49.595+0300][25.908s][info][gc] GC(444) Pause Young (Allocation Failure) 315M->179M(912M) 0.833ms
[2020-01-31T08:50:49.667+0300][25.979s][info][gc] GC(445) Pause Young (Allocation Failure) 293M->293M(912M) 58.819ms
[2020-01-31T08:50:49.737+0300][26.050s][info][gc] GC(446) Pause Young (Allocation Failure) 407M->273M(912M) 48.738ms
[2020-01-31T08:50:49.800+0300][26.113s][info][gc] GC(447) Pause Young (Allocation Failure) 387M->254M(912M) 39.944ms
[2020-01-31T08:50:49.851+0300][26.164s][info][gc] GC(448) Pause Young (Allocation Failure) 368M->234M(912M) 28.862ms
[2020-01-31T08:50:49.893+0300][26.206s][info][gc] GC(449) Pause Young (Allocation Failure) 348M->215M(912M) 18.907ms
[2020-01-31T08:50:49.916+0300][26.229s][info][gc] GC(450) Pause Young (Allocation Failure) 313M->179M(912M) 0.509ms
[2020-01-31T08:50:49.987+0300][26.299s][info][gc] GC(451) Pause Young (Allocation Failure) 293M->293M(912M) 58.620ms
[2020-01-31T08:50:50.061+0300][26.373s][info][gc] GC(452) Pause Young (Allocation Failure) 407M->273M(912M) 49.720ms
[2020-01-31T08:50:50.123+0300][26.436s][info][gc] GC(453) Pause Young (Allocation Failure) 387M->254M(912M) 39.239ms
[2020-01-31T08:50:50.175+0300][26.487s][info][gc] GC(454) Pause Young (Allocation Failure) 368M->234M(912M) 28.935ms
[2020-01-31T08:50:50.217+0300][26.529s][info][gc] GC(455) Pause Young (Allocation Failure) 348M->215M(912M) 19.239ms
[2020-01-31T08:50:50.239+0300][26.552s][info][gc] GC(456) Pause Young (Allocation Failure) 313M->179M(912M) 0.503ms
[2020-01-31T08:50:50.316+0300][26.628s][info][gc] GC(457) Pause Young (Allocation Failure) 293M->293M(912M) 64.529ms
[2020-01-31T08:50:50.388+0300][26.700s][info][gc] GC(458) Pause Young (Allocation Failure) 407M->274M(912M) 49.349ms
[2020-01-31T08:50:50.450+0300][26.762s][info][gc] GC(459) Pause Young (Allocation Failure) 388M->254M(912M) 39.155ms
[2020-01-31T08:50:50.506+0300][26.819s][info][gc] GC(460) Pause Young (Allocation Failure) 368M->234M(912M) 32.065ms
[2020-01-31T08:50:50.549+0300][26.861s][info][gc] GC(461) Pause Young (Allocation Failure) 348M->215M(912M) 19.358ms
[2020-01-31T08:50:50.572+0300][26.884s][info][gc] GC(462) Pause Young (Allocation Failure) 315M->179M(912M) 0.970ms
[2020-01-31T08:50:50.643+0300][26.956s][info][gc] GC(463) Pause Young (Allocation Failure) 293M->293M(912M) 58.639ms
[2020-01-31T08:50:50.715+0300][27.027s][info][gc] GC(464) Pause Young (Allocation Failure) 407M->274M(912M) 48.725ms
[2020-01-31T08:50:50.779+0300][27.091s][info][gc] GC(465) Pause Young (Allocation Failure) 388M->254M(912M) 40.586ms
[2020-01-31T08:50:50.831+0300][27.143s][info][gc] GC(466) Pause Young (Allocation Failure) 368M->234M(912M) 29.490ms
[2020-01-31T08:50:50.873+0300][27.186s][info][gc] GC(467) Pause Young (Allocation Failure) 348M->215M(912M) 19.443ms
[2020-01-31T08:50:50.895+0300][27.208s][info][gc] GC(468) Pause Young (Allocation Failure) 313M->179M(912M) 0.505ms
[2020-01-31T08:50:50.966+0300][27.278s][info][gc] GC(469) Pause Young (Allocation Failure) 293M->293M(912M) 58.494ms
[2020-01-31T08:50:51.039+0300][27.352s][info][gc] GC(470) Pause Young (Allocation Failure) 407M->274M(912M) 49.935ms
[2020-01-31T08:50:51.101+0300][27.414s][info][gc] GC(471) Pause Young (Allocation Failure) 388M->254M(912M) 39.325ms
[2020-01-31T08:50:51.152+0300][27.465s][info][gc] GC(472) Pause Young (Allocation Failure) 368M->235M(912M) 28.693ms
[2020-01-31T08:50:51.195+0300][27.507s][info][gc] GC(473) Pause Young (Allocation Failure) 349M->215M(912M) 19.344ms
[2020-01-31T08:50:51.217+0300][27.529s][info][gc] GC(474) Pause Young (Allocation Failure) 313M->179M(912M) 0.570ms
[2020-01-31T08:50:51.288+0300][27.601s][info][gc] GC(475) Pause Young (Allocation Failure) 293M->293M(912M) 59.654ms
[2020-01-31T08:50:51.361+0300][27.673s][info][gc] GC(476) Pause Young (Allocation Failure) 407M->274M(912M) 49.424ms
[2020-01-31T08:50:51.423+0300][27.735s][info][gc] GC(477) Pause Young (Allocation Failure) 388M->254M(912M) 38.836ms
[2020-01-31T08:50:51.476+0300][27.789s][info][gc] GC(478) Pause Young (Allocation Failure) 368M->235M(912M) 30.402ms
[2020-01-31T08:50:51.521+0300][27.833s][info][gc] GC(479) Pause Young (Allocation Failure) 349M->215M(912M) 21.878ms
[2020-01-31T08:50:51.545+0300][27.858s][info][gc] GC(480) Pause Young (Allocation Failure) 315M->179M(912M) 0.845ms
[2020-01-31T08:50:51.625+0300][27.938s][info][gc] GC(481) Pause Young (Allocation Failure) 293M->293M(912M) 68.154ms
[2020-01-31T08:50:51.697+0300][28.010s][info][gc] GC(482) Pause Young (Allocation Failure) 407M->274M(912M) 49.113ms
[2020-01-31T08:50:51.759+0300][28.072s][info][gc] GC(483) Pause Young (Allocation Failure) 388M->254M(912M) 39.269ms
[2020-01-31T08:50:51.812+0300][28.124s][info][gc] GC(484) Pause Young (Allocation Failure) 368M->235M(912M) 29.761ms
[2020-01-31T08:50:51.854+0300][28.166s][info][gc] GC(485) Pause Young (Allocation Failure) 349M->215M(912M) 19.340ms
[2020-01-31T08:50:51.876+0300][28.188s][info][gc] GC(486) Pause Young (Allocation Failure) 313M->179M(912M) 0.502ms
[2020-01-31T08:50:51.947+0300][28.259s][info][gc] GC(487) Pause Young (Allocation Failure) 293M->293M(912M) 58.642ms
[2020-01-31T08:50:52.019+0300][28.332s][info][gc] GC(488) Pause Young (Allocation Failure) 407M->274M(912M) 50.402ms
[2020-01-31T08:50:52.082+0300][28.394s][info][gc] GC(489) Pause Young (Allocation Failure) 388M->254M(912M) 39.506ms
[2020-01-31T08:50:52.134+0300][28.447s][info][gc] GC(490) Pause Young (Allocation Failure) 368M->235M(912M) 29.478ms
[2020-01-31T08:50:52.177+0300][28.489s][info][gc] GC(491) Pause Young (Allocation Failure) 349M->215M(912M) 19.312ms
[2020-01-31T08:50:52.199+0300][28.511s][info][gc] GC(492) Pause Young (Allocation Failure) 313M->179M(912M) 0.512ms
[2020-01-31T08:50:52.271+0300][28.583s][info][gc] GC(493) Pause Young (Allocation Failure) 293M->294M(912M) 59.527ms
[2020-01-31T08:50:52.343+0300][28.655s][info][gc] GC(494) Pause Young (Allocation Failure) 408M->274M(912M) 49.675ms
[2020-01-31T08:50:52.404+0300][28.717s][info][gc] GC(495) Pause Young (Allocation Failure) 388M->254M(912M) 39.336ms
[2020-01-31T08:50:52.455+0300][28.768s][info][gc] GC(496) Pause Young (Allocation Failure) 368M->235M(912M) 28.740ms
[2020-01-31T08:50:52.505+0300][28.817s][info][gc] GC(497) Pause Young (Allocation Failure) 349M->215M(912M) 19.425ms
[2020-01-31T08:50:52.528+0300][28.841s][info][gc] GC(498) Pause Young (Allocation Failure) 315M->180M(912M) 0.833ms
[2020-01-31T08:50:52.599+0300][28.911s][info][gc] GC(499) Pause Young (Allocation Failure) 294M->294M(912M) 58.308ms
[2020-01-31T08:50:52.670+0300][28.982s][info][gc] GC(500) Pause Young (Allocation Failure) 408M->274M(912M) 48.926ms
[2020-01-31T08:50:52.732+0300][29.045s][info][gc] GC(501) Pause Young (Allocation Failure) 388M->255M(912M) 40.013ms
[2020-01-31T08:50:52.784+0300][29.097s][info][gc] GC(502) Pause Young (Allocation Failure) 369M->235M(912M) 29.761ms
[2020-01-31T08:50:52.826+0300][29.139s][info][gc] GC(503) Pause Young (Allocation Failure) 349M->215M(912M) 19.146ms
[2020-01-31T08:50:52.849+0300][29.162s][info][gc] GC(504) Pause Young (Allocation Failure) 313M->180M(912M) 0.507ms
[2020-01-31T08:50:52.920+0300][29.232s][info][gc] GC(505) Pause Young (Allocation Failure) 294M->294M(912M) 58.624ms
[2020-01-31T08:50:52.993+0300][29.305s][info][gc] GC(506) Pause Young (Allocation Failure) 408M->274M(912M) 49.905ms
[2020-01-31T08:50:53.055+0300][29.367s][info][gc] GC(507) Pause Young (Allocation Failure) 388M->255M(912M) 39.161ms
[2020-01-31T08:50:53.106+0300][29.418s][info][gc] GC(508) Pause Young (Allocation Failure) 369M->235M(912M) 28.912ms
[2020-01-31T08:50:53.148+0300][29.460s][info][gc] GC(509) Pause Young (Allocation Failure) 349M->215M(912M) 19.368ms
[2020-01-31T08:50:53.170+0300][29.483s][info][gc] GC(510) Pause Young (Allocation Failure) 313M->180M(912M) 0.506ms
[2020-01-31T08:50:53.242+0300][29.555s][info][gc] GC(511) Pause Young (Allocation Failure) 294M->294M(912M) 59.549ms
[2020-01-31T08:50:53.324+0300][29.636s][info][gc] GC(512) Pause Young (Allocation Failure) 408M->274M(912M) 58.308ms
[2020-01-31T08:50:53.395+0300][29.707s][info][gc] GC(513) Pause Young (Allocation Failure) 388M->255M(912M) 47.682ms
[2020-01-31T08:50:53.453+0300][29.765s][info][gc] GC(514) Pause Young (Allocation Failure) 369M->235M(912M) 35.549ms
[2020-01-31T08:50:53.499+0300][29.812s][info][gc] GC(515) Pause Young (Allocation Failure) 349M->215M(912M) 19.666ms
[2020-01-31T08:50:53.522+0300][29.835s][info][gc] GC(516) Pause Young (Allocation Failure) 316M->180M(912M) 0.505ms
[2020-01-31T08:50:53.593+0300][29.905s][info][gc] GC(517) Pause Young (Allocation Failure) 294M->294M(912M) 58.519ms
[2020-01-31T08:50:53.665+0300][29.977s][info][gc] GC(518) Pause Young (Allocation Failure) 408M->274M(912M) 49.211ms
[2020-01-31T08:50:53.728+0300][30.040s][info][gc] GC(519) Pause Young (Allocation Failure) 388M->255M(912M) 39.806ms
[2020-01-31T08:50:53.780+0300][30.092s][info][gc] GC(520) Pause Young (Allocation Failure) 369M->235M(912M) 29.192ms
[2020-01-31T08:50:53.822+0300][30.134s][info][gc] GC(521) Pause Young (Allocation Failure) 349M->216M(912M) 19.280ms
[2020-01-31T08:50:53.843+0300][30.156s][info][gc] GC(522) Pause Young (Allocation Failure) 314M->180M(912M) 0.507ms
[2020-01-31T08:50:53.915+0300][30.228s][info][gc] GC(523) Pause Young (Allocation Failure) 294M->294M(912M) 59.964ms
[2020-01-31T08:50:53.988+0300][30.301s][info][gc] GC(524) Pause Young (Allocation Failure) 408M->274M(912M) 49.681ms
[2020-01-31T08:50:54.050+0300][30.362s][info][gc] GC(525) Pause Young (Allocation Failure) 388M->255M(912M) 38.957ms
[2020-01-31T08:50:54.102+0300][30.415s][info][gc] GC(526) Pause Young (Allocation Failure) 369M->235M(912M) 29.732ms
[2020-01-31T08:50:54.145+0300][30.457s][info][gc] GC(527) Pause Young (Allocation Failure) 349M->216M(912M) 19.635ms
[2020-01-31T08:50:54.168+0300][30.481s][info][gc] GC(528) Pause Young (Allocation Failure) 314M->180M(912M) 0.850ms
[2020-01-31T08:50:54.238+0300][30.551s][info][gc] GC(529) Pause Young (Allocation Failure) 294M->294M(912M) 58.443ms
[2020-01-31T08:50:54.310+0300][30.623s][info][gc] GC(530) Pause Young (Allocation Failure) 408M->275M(912M) 48.955ms
[2020-01-31T08:50:54.374+0300][30.686s][info][gc] GC(531) Pause Young (Allocation Failure) 389M->255M(912M) 40.331ms
[2020-01-31T08:50:54.426+0300][30.739s][info][gc] GC(532) Pause Young (Allocation Failure) 369M->235M(912M) 29.573ms
[2020-01-31T08:50:54.471+0300][30.784s][info][gc] GC(533) Pause Young (Allocation Failure) 349M->216M(912M) 22.013ms
[2020-01-31T08:50:54.495+0300][30.808s][info][gc] GC(534) Pause Young (Allocation Failure) 314M->180M(912M) 0.880ms
[2020-01-31T08:50:54.570+0300][30.882s][info][gc] GC(535) Pause Young (Allocation Failure) 294M->294M(912M) 61.588ms
[2020-01-31T08:50:54.643+0300][30.956s][info][gc] GC(536) Pause Young (Allocation Failure) 408M->275M(912M) 51.350ms
[2020-01-31T08:50:54.706+0300][31.018s][info][gc] GC(537) Pause Young (Allocation Failure) 389M->255M(912M) 39.479ms
[2020-01-31T08:50:54.758+0300][31.071s][info][gc] GC(538) Pause Young (Allocation Failure) 369M->235M(912M) 29.525ms
[2020-01-31T08:50:54.801+0300][31.113s][info][gc] GC(539) Pause Young (Allocation Failure) 349M->216M(912M) 19.504ms
[2020-01-31T08:50:54.823+0300][31.135s][info][gc] GC(540) Pause Young (Allocation Failure) 314M->180M(912M) 0.506ms
[2020-01-31T08:50:54.895+0300][31.207s][info][gc] GC(541) Pause Young (Allocation Failure) 294M->294M(912M) 59.364ms
[2020-01-31T08:50:54.966+0300][31.279s][info][gc] GC(542) Pause Young (Allocation Failure) 408M->275M(912M) 50.000ms
[2020-01-31T08:50:55.028+0300][31.341s][info][gc] GC(543) Pause Young (Allocation Failure) 389M->255M(912M) 39.154ms
[2020-01-31T08:50:55.079+0300][31.392s][info][gc] GC(544) Pause Young (Allocation Failure) 369M->236M(912M) 28.770ms
[2020-01-31T08:50:55.122+0300][31.434s][info][gc] GC(545) Pause Young (Allocation Failure) 350M->216M(912M) 19.593ms
[2020-01-31T08:50:55.145+0300][31.458s][info][gc] GC(546) Pause Young (Allocation Failure) 314M->180M(912M) 0.509ms
[2020-01-31T08:50:55.216+0300][31.529s][info][gc] GC(547) Pause Young (Allocation Failure) 294M->294M(912M) 58.674ms
[2020-01-31T08:50:55.288+0300][31.600s][info][gc] GC(548) Pause Young (Allocation Failure) 408M->275M(912M) 48.844ms
[2020-01-31T08:50:55.351+0300][31.664s][info][gc] GC(549) Pause Young (Allocation Failure) 389M->255M(912M) 40.958ms
[2020-01-31T08:50:55.410+0300][31.723s][info][gc] GC(550) Pause Young (Allocation Failure) 369M->236M(912M) 35.793ms
[2020-01-31T08:50:55.464+0300][31.777s][info][gc] GC(551) Pause Young (Allocation Failure) 350M->216M(912M) 28.579ms
[2020-01-31T08:50:55.488+0300][31.801s][info][gc] GC(552) Pause Young (Allocation Failure) 314M->180M(912M) 0.508ms
[2020-01-31T08:50:55.559+0300][31.872s][info][gc] GC(553) Pause Young (Allocation Failure) 294M->294M(912M) 58.740ms
[2020-01-31T08:50:55.632+0300][31.944s][info][gc] GC(554) Pause Young (Allocation Failure) 408M->275M(912M) 49.430ms
[2020-01-31T08:50:55.694+0300][32.006s][info][gc] GC(555) Pause Young (Allocation Failure) 389M->255M(912M) 38.949ms
[2020-01-31T08:50:55.744+0300][32.057s][info][gc] GC(556) Pause Young (Allocation Failure) 369M->236M(912M) 28.869ms
[2020-01-31T08:50:55.787+0300][32.100s][info][gc] GC(557) Pause Young (Allocation Failure) 350M->216M(912M) 19.516ms
[2020-01-31T08:50:55.810+0300][32.123s][info][gc] GC(558) Pause Young (Allocation Failure) 314M->180M(912M) 0.503ms
[2020-01-31T08:50:55.882+0300][32.194s][info][gc] GC(559) Pause Young (Allocation Failure) 294M->294M(912M) 59.254ms
[2020-01-31T08:50:55.953+0300][32.266s][info][gc] GC(560) Pause Young (Allocation Failure) 408M->275M(912M) 48.968ms
[2020-01-31T08:50:56.017+0300][32.329s][info][gc] GC(561) Pause Young (Allocation Failure) 389M->255M(912M) 40.697ms
[2020-01-31T08:50:56.068+0300][32.380s][info][gc] GC(562) Pause Young (Allocation Failure) 369M->236M(912M) 28.767ms
[2020-01-31T08:50:56.110+0300][32.423s][info][gc] GC(563) Pause Young (Allocation Failure) 350M->216M(912M) 19.626ms
[2020-01-31T08:50:56.133+0300][32.446s][info][gc] GC(564) Pause Young (Allocation Failure) 314M->180M(912M) 0.507ms
[2020-01-31T08:50:56.204+0300][32.516s][info][gc] GC(565) Pause Young (Allocation Failure) 294M->294M(912M) 58.515ms
[2020-01-31T08:50:56.280+0300][32.592s][info][gc] GC(566) Pause Young (Allocation Failure) 408M->275M(912M) 52.900ms
[2020-01-31T08:50:56.341+0300][32.653s][info][gc] GC(567) Pause Young (Allocation Failure) 389M->255M(912M) 38.972ms
[2020-01-31T08:50:56.392+0300][32.705s][info][gc] GC(568) Pause Young (Allocation Failure) 369M->236M(912M) 28.744ms
[2020-01-31T08:50:56.435+0300][32.747s][info][gc] GC(569) Pause Young (Allocation Failure) 350M->216M(912M) 19.905ms
[2020-01-31T08:50:56.459+0300][32.772s][info][gc] GC(570) Pause Young (Allocation Failure) 314M->181M(912M) 0.855ms
[2020-01-31T08:50:56.536+0300][32.849s][info][gc] GC(571) Pause Young (Allocation Failure) 295M->295M(912M) 63.619ms
[2020-01-31T08:50:56.608+0300][32.921s][info][gc] GC(572) Pause Young (Allocation Failure) 409M->275M(912M) 49.632ms
[2020-01-31T08:50:56.672+0300][32.984s][info][gc] GC(573) Pause Young (Allocation Failure) 389M->256M(912M) 40.592ms
[2020-01-31T08:50:56.723+0300][33.036s][info][gc] GC(574) Pause Young (Allocation Failure) 370M->236M(912M) 28.781ms
[2020-01-31T08:50:56.766+0300][33.078s][info][gc] GC(575) Pause Young (Allocation Failure) 350M->216M(912M) 19.549ms
[2020-01-31T08:50:56.789+0300][33.101s][info][gc] GC(576) Pause Young (Allocation Failure) 314M->181M(912M) 0.505ms
[2020-01-31T08:50:56.859+0300][33.172s][info][gc] GC(577) Pause Young (Allocation Failure) 295M->295M(912M) 58.616ms
[2020-01-31T08:50:56.931+0300][33.244s][info][gc] GC(578) Pause Young (Allocation Failure) 409M->275M(912M) 48.584ms
[2020-01-31T08:50:56.995+0300][33.307s][info][gc] GC(579) Pause Young (Allocation Failure) 389M->256M(912M) 40.887ms
[2020-01-31T08:50:57.047+0300][33.359s][info][gc] GC(580) Pause Young (Allocation Failure) 370M->236M(912M) 29.435ms
[2020-01-31T08:50:57.089+0300][33.401s][info][gc] GC(581) Pause Young (Allocation Failure) 350M->216M(912M) 19.313ms
[2020-01-31T08:50:57.111+0300][33.423s][info][gc] GC(582) Pause Young (Allocation Failure) 314M->181M(912M) 0.509ms
[2020-01-31T08:50:57.182+0300][33.494s][info][gc] GC(583) Pause Young (Allocation Failure) 295M->295M(912M) 58.636ms
[2020-01-31T08:50:57.253+0300][33.566s][info][gc] GC(584) Pause Young (Allocation Failure) 409M->275M(912M) 49.560ms
[2020-01-31T08:50:57.315+0300][33.628s][info][gc] GC(585) Pause Young (Allocation Failure) 389M->256M(912M) 38.844ms
[2020-01-31T08:50:57.367+0300][33.680s][info][gc] GC(586) Pause Young (Allocation Failure) 370M->236M(912M) 29.645ms
[2020-01-31T08:50:57.410+0300][33.722s][info][gc] GC(587) Pause Young (Allocation Failure) 350M->217M(912M) 19.406ms
[2020-01-31T08:50:57.433+0300][33.745s][info][gc] GC(588) Pause Young (Allocation Failure) 315M->181M(912M) 1.346ms
[2020-01-31T08:50:57.524+0300][33.836s][info][gc] GC(589) Pause Young (Allocation Failure) 295M->295M(912M) 76.945ms
[2020-01-31T08:50:57.610+0300][33.923s][info][gc] GC(590) Pause Young (Allocation Failure) 409M->275M(912M) 62.271ms
[2020-01-31T08:50:57.673+0300][33.986s][info][gc] GC(591) Pause Young (Allocation Failure) 389M->256M(912M) 40.091ms
[2020-01-31T08:50:57.724+0300][34.037s][info][gc] GC(592) Pause Young (Allocation Failure) 370M->236M(912M) 28.751ms
[2020-01-31T08:50:57.766+0300][34.079s][info][gc] GC(593) Pause Young (Allocation Failure) 350M->216M(912M) 19.095ms
[2020-01-31T08:50:57.789+0300][34.101s][info][gc] GC(594) Pause Young (Allocation Failure) 317M->181M(912M) 0.504ms
[2020-01-31T08:50:57.860+0300][34.172s][info][gc] GC(595) Pause Young (Allocation Failure) 295M->295M(912M) 58.706ms
[2020-01-31T08:50:57.932+0300][34.244s][info][gc] GC(596) Pause Young (Allocation Failure) 409M->275M(912M) 48.853ms
[2020-01-31T08:50:57.996+0300][34.309s][info][gc] GC(597) Pause Young (Allocation Failure) 389M->256M(912M) 41.733ms
[2020-01-31T08:50:58.048+0300][34.361s][info][gc] GC(598) Pause Young (Allocation Failure) 370M->236M(912M) 29.438ms
[2020-01-31T08:50:58.090+0300][34.402s][info][gc] GC(599) Pause Young (Allocation Failure) 350M->217M(912M) 19.356ms
[2020-01-31T08:50:58.112+0300][34.425s][info][gc] GC(600) Pause Young (Allocation Failure) 315M->181M(912M) 0.504ms
[2020-01-31T08:50:58.183+0300][34.495s][info][gc] GC(601) Pause Young (Allocation Failure) 295M->295M(912M) 58.704ms
[2020-01-31T08:50:58.256+0300][34.568s][info][gc] GC(602) Pause Young (Allocation Failure) 409M->276M(912M) 49.732ms
[2020-01-31T08:50:58.317+0300][34.629s][info][gc] GC(603) Pause Young (Allocation Failure) 390M->256M(912M) 39.303ms
[2020-01-31T08:50:58.369+0300][34.682s][info][gc] GC(604) Pause Young (Allocation Failure) 370M->236M(912M) 29.650ms
[2020-01-31T08:50:58.412+0300][34.724s][info][gc] GC(605) Pause Young (Allocation Failure) 350M->217M(912M) 19.423ms
[2020-01-31T08:50:58.435+0300][34.747s][info][gc] GC(606) Pause Young (Allocation Failure) 315M->181M(912M) 0.956ms
[2020-01-31T08:50:58.514+0300][34.827s][info][gc] GC(607) Pause Young (Allocation Failure) 295M->295M(912M) 66.316ms
[2020-01-31T08:50:58.587+0300][34.899s][info][gc] GC(608) Pause Young (Allocation Failure) 409M->276M(912M) 49.616ms
[2020-01-31T08:50:58.649+0300][34.961s][info][gc] GC(609) Pause Young (Allocation Failure) 390M->256M(912M) 38.876ms
[2020-01-31T08:50:58.701+0300][35.013s][info][gc] GC(610) Pause Young (Allocation Failure) 370M->236M(912M) 29.706ms
[2020-01-31T08:50:58.743+0300][35.055s][info][gc] GC(611) Pause Young (Allocation Failure) 350M->217M(912M) 19.349ms
[2020-01-31T08:50:58.765+0300][35.078s][info][gc] GC(612) Pause Young (Allocation Failure) 317M->181M(912M) 0.503ms
[2020-01-31T08:50:58.837+0300][35.150s][info][gc] GC(613) Pause Young (Allocation Failure) 295M->295M(912M) 59.202ms
[2020-01-31T08:50:58.909+0300][35.221s][info][gc] GC(614) Pause Young (Allocation Failure) 409M->276M(912M) 49.604ms
[2020-01-31T08:50:58.972+0300][35.284s][info][gc] GC(615) Pause Young (Allocation Failure) 390M->256M(912M) 39.997ms
[2020-01-31T08:50:59.024+0300][35.336s][info][gc] GC(616) Pause Young (Allocation Failure) 370M->237M(912M) 29.506ms
[2020-01-31T08:50:59.067+0300][35.379s][info][gc] GC(617) Pause Young (Allocation Failure) 351M->217M(912M) 19.424ms
[2020-01-31T08:50:59.089+0300][35.402s][info][gc] GC(618) Pause Young (Allocation Failure) 315M->181M(912M) 0.512ms
[2020-01-31T08:50:59.160+0300][35.473s][info][gc] GC(619) Pause Young (Allocation Failure) 295M->295M(912M) 58.344ms
[2020-01-31T08:50:59.233+0300][35.546s][info][gc] GC(620) Pause Young (Allocation Failure) 409M->276M(912M) 50.442ms
[2020-01-31T08:50:59.296+0300][35.608s][info][gc] GC(621) Pause Young (Allocation Failure) 390M->256M(912M) 39.595ms
[2020-01-31T08:50:59.347+0300][35.660s][info][gc] GC(622) Pause Young (Allocation Failure) 370M->237M(912M) 28.830ms
[2020-01-31T08:50:59.390+0300][35.702s][info][gc] GC(623) Pause Young (Allocation Failure) 351M->217M(912M) 19.431ms
[2020-01-31T08:50:59.413+0300][35.725s][info][gc] GC(624) Pause Young (Allocation Failure) 315M->181M(912M) 0.504ms
[2020-01-31T08:50:59.484+0300][35.797s][info][gc] GC(625) Pause Young (Allocation Failure) 295M->295M(912M) 59.789ms
[2020-01-31T08:50:59.570+0300][35.883s][info][gc] GC(626) Pause Young (Allocation Failure) 409M->276M(912M) 56.072ms
[2020-01-31T08:50:59.632+0300][35.944s][info][gc] GC(627) Pause Young (Allocation Failure) 390M->256M(912M) 38.416ms
[2020-01-31T08:50:59.684+0300][35.997s][info][gc] GC(628) Pause Young (Allocation Failure) 370M->237M(912M) 29.762ms
[2020-01-31T08:50:59.728+0300][36.040s][info][gc] GC(629) Pause Young (Allocation Failure) 351M->217M(912M) 19.118ms
[2020-01-31T08:50:59.750+0300][36.062s][info][gc] GC(630) Pause Young (Allocation Failure) 317M->181M(912M) 0.507ms
[2020-01-31T08:50:59.822+0300][36.134s][info][gc] GC(631) Pause Young (Allocation Failure) 295M->295M(912M) 59.214ms
[2020-01-31T08:50:59.895+0300][36.207s][info][gc] GC(632) Pause Young (Allocation Failure) 409M->276M(912M) 51.049ms
[2020-01-31T08:50:59.965+0300][36.277s][info][gc] GC(633) Pause Young (Allocation Failure) 390M->256M(912M) 46.531ms
[2020-01-31T08:51:00.018+0300][36.330s][info][gc] GC(634) Pause Young (Allocation Failure) 370M->237M(912M) 30.197ms
[2020-01-31T08:51:00.062+0300][36.374s][info][gc] GC(635) Pause Young (Allocation Failure) 351M->217M(912M) 19.227ms
[2020-01-31T08:51:00.085+0300][36.397s][info][gc] GC(636) Pause Young (Allocation Failure) 315M->181M(912M) 0.507ms
[2020-01-31T08:51:00.156+0300][36.468s][info][gc] GC(637) Pause Young (Allocation Failure) 295M->295M(912M) 58.701ms
[2020-01-31T08:51:00.227+0300][36.540s][info][gc] GC(638) Pause Young (Allocation Failure) 409M->276M(912M) 49.779ms
[2020-01-31T08:51:00.290+0300][36.603s][info][gc] GC(639) Pause Young (Allocation Failure) 390M->256M(912M) 40.191ms
[2020-01-31T08:51:00.342+0300][36.655s][info][gc] GC(640) Pause Young (Allocation Failure) 370M->237M(912M) 28.894ms
[2020-01-31T08:51:00.385+0300][36.697s][info][gc] GC(641) Pause Young (Allocation Failure) 351M->217M(912M) 19.399ms
[2020-01-31T08:51:00.407+0300][36.719s][info][gc] GC(642) Pause Young (Allocation Failure) 315M->182M(912M) 0.508ms
[2020-01-31T08:51:00.481+0300][36.793s][info][gc] GC(643) Pause Young (Allocation Failure) 296M->296M(912M) 61.587ms
[2020-01-31T08:51:00.555+0300][36.868s][info][gc] GC(644) Pause Young (Allocation Failure) 410M->276M(912M) 49.832ms
[2020-01-31T08:51:00.617+0300][36.930s][info][gc] GC(645) Pause Young (Allocation Failure) 390M->256M(912M) 39.181ms
[2020-01-31T08:51:00.669+0300][36.981s][info][gc] GC(646) Pause Young (Allocation Failure) 370M->237M(912M) 29.134ms
[2020-01-31T08:51:00.711+0300][37.024s][info][gc] GC(647) Pause Young (Allocation Failure) 351M->217M(912M) 19.882ms
[2020-01-31T08:51:00.734+0300][37.047s][info][gc] GC(648) Pause Young (Allocation Failure) 317M->182M(912M) 0.508ms
[2020-01-31T08:51:00.806+0300][37.118s][info][gc] GC(649) Pause Young (Allocation Failure) 296M->296M(912M) 58.956ms
[2020-01-31T08:51:00.877+0300][37.190s][info][gc] GC(650) Pause Young (Allocation Failure) 410M->276M(912M) 48.927ms
[2020-01-31T08:51:00.940+0300][37.252s][info][gc] GC(651) Pause Young (Allocation Failure) 390M->257M(912M) 40.105ms
[2020-01-31T08:51:00.991+0300][37.303s][info][gc] GC(652) Pause Young (Allocation Failure) 371M->237M(912M) 28.825ms
[2020-01-31T08:51:01.034+0300][37.346s][info][gc] GC(653) Pause Young (Allocation Failure) 351M->217M(912M) 19.257ms
[2020-01-31T08:51:01.056+0300][37.369s][info][gc] GC(654) Pause Young (Allocation Failure) 315M->182M(912M) 0.842ms
[2020-01-31T08:51:01.127+0300][37.440s][info][gc] GC(655) Pause Young (Allocation Failure) 296M->296M(912M) 58.460ms
[2020-01-31T08:51:01.200+0300][37.513s][info][gc] GC(656) Pause Young (Allocation Failure) 410M->276M(912M) 49.619ms
[2020-01-31T08:51:01.262+0300][37.574s][info][gc] GC(657) Pause Young (Allocation Failure) 390M->257M(912M) 38.656ms
[2020-01-31T08:51:01.314+0300][37.626s][info][gc] GC(658) Pause Young (Allocation Failure) 371M->237M(912M) 29.607ms
[2020-01-31T08:51:01.356+0300][37.669s][info][gc] GC(659) Pause Young (Allocation Failure) 351M->218M(912M) 19.430ms
[2020-01-31T08:51:01.378+0300][37.691s][info][gc] GC(660) Pause Young (Allocation Failure) 315M->182M(912M) 0.508ms
[2020-01-31T08:51:01.452+0300][37.764s][info][gc] GC(661) Pause Young (Allocation Failure) 296M->296M(912M) 61.322ms
[2020-01-31T08:51:01.539+0300][37.851s][info][gc] GC(662) Pause Young (Allocation Failure) 410M->276M(912M) 62.081ms
[2020-01-31T08:51:01.610+0300][37.923s][info][gc] GC(663) Pause Young (Allocation Failure) 390M->257M(912M) 48.047ms
[2020-01-31T08:51:01.669+0300][37.981s][info][gc] GC(664) Pause Young (Allocation Failure) 371M->237M(912M) 35.404ms
[2020-01-31T08:51:01.712+0300][38.025s][info][gc] GC(665) Pause Young (Allocation Failure) 351M->218M(912M) 20.472ms
[2020-01-31T08:51:01.735+0300][38.048s][info][gc] GC(666) Pause Young (Allocation Failure) 318M->182M(912M) 0.519ms
[2020-01-31T08:51:01.806+0300][38.119s][info][gc] GC(667) Pause Young (Allocation Failure) 296M->296M(912M) 59.022ms
[2020-01-31T08:51:01.878+0300][38.191s][info][gc] GC(668) Pause Young (Allocation Failure) 410M->277M(912M) 49.145ms
[2020-01-31T08:51:01.942+0300][38.254s][info][gc] GC(669) Pause Young (Allocation Failure) 391M->257M(912M) 40.076ms
[2020-01-31T08:51:01.994+0300][38.306s][info][gc] GC(670) Pause Young (Allocation Failure) 371M->237M(912M) 29.142ms
[2020-01-31T08:51:02.036+0300][38.349s][info][gc] GC(671) Pause Young (Allocation Failure) 351M->218M(912M) 19.229ms
[2020-01-31T08:51:02.059+0300][38.371s][info][gc] GC(672) Pause Young (Allocation Failure) 316M->182M(912M) 0.510ms
[2020-01-31T08:51:02.130+0300][38.443s][info][gc] GC(673) Pause Young (Allocation Failure) 296M->296M(912M) 59.756ms
[2020-01-31T08:51:02.203+0300][38.516s][info][gc] GC(674) Pause Young (Allocation Failure) 410M->277M(912M) 49.734ms
[2020-01-31T08:51:02.265+0300][38.577s][info][gc] GC(675) Pause Young (Allocation Failure) 391M->257M(912M) 38.966ms
[2020-01-31T08:51:02.316+0300][38.629s][info][gc] GC(676) Pause Young (Allocation Failure) 371M->237M(912M) 28.803ms
[2020-01-31T08:51:02.359+0300][38.671s][info][gc] GC(677) Pause Young (Allocation Failure) 351M->218M(912M) 19.441ms
[2020-01-31T08:51:02.381+0300][38.693s][info][gc] GC(678) Pause Young (Allocation Failure) 316M->182M(912M) 0.512ms
[2020-01-31T08:51:02.452+0300][38.765s][info][gc] GC(679) Pause Young (Allocation Failure) 296M->296M(912M) 59.568ms
[2020-01-31T08:51:02.526+0300][38.839s][info][gc] GC(680) Pause Young (Allocation Failure) 410M->277M(912M) 48.782ms
[2020-01-31T08:51:02.591+0300][38.904s][info][gc] GC(681) Pause Young (Allocation Failure) 391M->257M(912M) 42.480ms
[2020-01-31T08:51:02.644+0300][38.956s][info][gc] GC(682) Pause Young (Allocation Failure) 371M->237M(912M) 29.079ms
[2020-01-31T08:51:02.686+0300][38.999s][info][gc] GC(683) Pause Young (Allocation Failure) 351M->218M(912M) 19.144ms
[2020-01-31T08:51:02.709+0300][39.021s][info][gc] GC(684) Pause Young (Allocation Failure) 318M->182M(912M) 0.509ms
[2020-01-31T08:51:02.781+0300][39.093s][info][gc] GC(685) Pause Young (Allocation Failure) 296M->296M(912M) 59.042ms
[2020-01-31T08:51:02.858+0300][39.171s][info][gc] GC(686) Pause Young (Allocation Failure) 410M->277M(912M) 55.078ms
[2020-01-31T08:51:02.923+0300][39.236s][info][gc] GC(687) Pause Young (Allocation Failure) 391M->257M(912M) 42.057ms
[2020-01-31T08:51:02.975+0300][39.287s][info][gc] GC(688) Pause Young (Allocation Failure) 371M->238M(912M) 28.908ms
[2020-01-31T08:51:03.016+0300][39.329s][info][gc] GC(689) Pause Young (Allocation Failure) 352M->218M(912M) 19.176ms
[2020-01-31T08:51:03.039+0300][39.351s][info][gc] GC(690) Pause Young (Allocation Failure) 316M->182M(912M) 0.502ms
[2020-01-31T08:51:03.111+0300][39.423s][info][gc] GC(691) Pause Young (Allocation Failure) 296M->296M(912M) 59.549ms
[2020-01-31T08:51:03.183+0300][39.495s][info][gc] GC(692) Pause Young (Allocation Failure) 410M->277M(912M) 49.887ms
[2020-01-31T08:51:03.244+0300][39.557s][info][gc] GC(693) Pause Young (Allocation Failure) 391M->257M(912M) 39.286ms
[2020-01-31T08:51:03.296+0300][39.608s][info][gc] GC(694) Pause Young (Allocation Failure) 371M->238M(912M) 29.031ms
[2020-01-31T08:51:03.338+0300][39.650s][info][gc] GC(695) Pause Young (Allocation Failure) 352M->218M(912M) 19.522ms
[2020-01-31T08:51:03.361+0300][39.674s][info][gc] GC(696) Pause Young (Allocation Failure) 316M->182M(912M) 0.508ms
[2020-01-31T08:51:03.433+0300][39.745s][info][gc] GC(697) Pause Young (Allocation Failure) 296M->296M(912M) 59.103ms
[2020-01-31T08:51:03.518+0300][39.830s][info][gc] GC(698) Pause Young (Allocation Failure) 410M->277M(912M) 61.731ms
[2020-01-31T08:51:03.590+0300][39.903s][info][gc] GC(699) Pause Young (Allocation Failure) 391M->257M(912M) 48.891ms
[2020-01-31T08:51:03.650+0300][39.962s][info][gc] GC(700) Pause Young (Allocation Failure) 371M->238M(912M) 35.482ms
[2020-01-31T08:51:03.694+0300][40.006s][info][gc] GC(701) Pause Young (Allocation Failure) 352M->218M(912M) 21.212ms
[2020-01-31T08:51:03.716+0300][40.029s][info][gc] GC(702) Pause Young (Allocation Failure) 318M->182M(912M) 0.832ms
[2020-01-31T08:51:03.788+0300][40.100s][info][gc] GC(703) Pause Young (Allocation Failure) 296M->296M(912M) 58.487ms
[2020-01-31T08:51:03.860+0300][40.172s][info][gc] GC(704) Pause Young (Allocation Failure) 410M->277M(912M) 49.411ms
[2020-01-31T08:51:03.923+0300][40.235s][info][gc] GC(705) Pause Young (Allocation Failure) 391M->257M(912M) 39.662ms
[2020-01-31T08:51:03.973+0300][40.286s][info][gc] GC(706) Pause Young (Allocation Failure) 371M->238M(912M) 28.840ms
[2020-01-31T08:51:04.016+0300][40.328s][info][gc] GC(707) Pause Young (Allocation Failure) 352M->218M(912M) 19.307ms
[2020-01-31T08:51:04.039+0300][40.352s][info][gc] GC(708) Pause Young (Allocation Failure) 316M->182M(912M) 0.507ms
[2020-01-31T08:51:04.111+0300][40.424s][info][gc] GC(709) Pause Young (Allocation Failure) 296M->297M(912M) 59.961ms
[2020-01-31T08:51:04.184+0300][40.497s][info][gc] GC(710) Pause Young (Allocation Failure) 411M->277M(912M) 49.828ms
[2020-01-31T08:51:04.246+0300][40.558s][info][gc] GC(711) Pause Young (Allocation Failure) 391M->257M(912M) 39.165ms
[2020-01-31T08:51:04.298+0300][40.610s][info][gc] GC(712) Pause Young (Allocation Failure) 371M->238M(912M) 28.955ms
[2020-01-31T08:51:04.339+0300][40.652s][info][gc] GC(713) Pause Young (Allocation Failure) 352M->218M(912M) 19.594ms
[2020-01-31T08:51:04.362+0300][40.675s][info][gc] GC(714) Pause Young (Allocation Failure) 316M->183M(912M) 0.522ms
[2020-01-31T08:51:04.434+0300][40.747s][info][gc] GC(715) Pause Young (Allocation Failure) 297M->297M(912M) 59.482ms
[2020-01-31T08:51:04.510+0300][40.823s][info][gc] GC(716) Pause Young (Allocation Failure) 411M->277M(912M) 51.926ms
[2020-01-31T08:51:04.574+0300][40.886s][info][gc] GC(717) Pause Young (Allocation Failure) 391M->257M(912M) 39.831ms
[2020-01-31T08:51:04.626+0300][40.939s][info][gc] GC(718) Pause Young (Allocation Failure) 371M->238M(912M) 29.470ms
[2020-01-31T08:51:04.669+0300][40.981s][info][gc] GC(719) Pause Young (Allocation Failure) 352M->218M(912M) 19.578ms
[2020-01-31T08:51:04.691+0300][41.004s][info][gc] GC(720) Pause Young (Allocation Failure) 319M->183M(912M) 0.510ms
[2020-01-31T08:51:04.764+0300][41.076s][info][gc] GC(721) Pause Young (Allocation Failure) 297M->297M(912M) 60.270ms
[2020-01-31T08:51:04.836+0300][41.149s][info][gc] GC(722) Pause Young (Allocation Failure) 411M->277M(912M) 49.679ms
[2020-01-31T08:51:04.898+0300][41.211s][info][gc] GC(723) Pause Young (Allocation Failure) 391M->258M(912M) 39.310ms
[2020-01-31T08:51:04.949+0300][41.262s][info][gc] GC(724) Pause Young (Allocation Failure) 372M->238M(912M) 28.701ms
[2020-01-31T08:51:04.992+0300][41.304s][info][gc] GC(725) Pause Young (Allocation Failure) 352M->219M(912M) 19.425ms
[2020-01-31T08:51:05.016+0300][41.328s][info][gc] GC(726) Pause Young (Allocation Failure) 316M->183M(912M) 0.941ms
[2020-01-31T08:51:05.089+0300][41.402s][info][gc] GC(727) Pause Young (Allocation Failure) 297M->297M(912M) 61.744ms
[2020-01-31T08:51:05.161+0300][41.474s][info][gc] GC(728) Pause Young (Allocation Failure) 411M->277M(912M) 49.690ms
[2020-01-31T08:51:05.223+0300][41.536s][info][gc] GC(729) Pause Young (Allocation Failure) 391M->258M(912M) 39.053ms
[2020-01-31T08:51:05.275+0300][41.587s][info][gc] GC(730) Pause Young (Allocation Failure) 372M->238M(912M) 29.009ms
[2020-01-31T08:51:05.317+0300][41.629s][info][gc] GC(731) Pause Young (Allocation Failure) 352M->219M(912M) 19.386ms
[2020-01-31T08:51:05.339+0300][41.651s][info][gc] GC(732) Pause Young (Allocation Failure) 317M->183M(912M) 0.509ms
[2020-01-31T08:51:05.410+0300][41.722s][info][gc] GC(733) Pause Young (Allocation Failure) 297M->297M(912M) 58.643ms
[2020-01-31T08:51:05.489+0300][41.801s][info][gc] GC(734) Pause Young (Allocation Failure) 411M->277M(912M) 56.064ms
[2020-01-31T08:51:05.557+0300][41.869s][info][gc] GC(735) Pause Young (Allocation Failure) 391M->258M(912M) 44.792ms
[2020-01-31T08:51:05.608+0300][41.921s][info][gc] GC(736) Pause Young (Allocation Failure) 372M->238M(912M) 28.758ms
[2020-01-31T08:51:05.650+0300][41.963s][info][gc] GC(737) Pause Young (Allocation Failure) 352M->219M(912M) 19.199ms
[2020-01-31T08:51:05.674+0300][41.986s][info][gc] GC(738) Pause Young (Allocation Failure) 319M->183M(912M) 0.519ms
[2020-01-31T08:51:05.747+0300][42.059s][info][gc] GC(739) Pause Young (Allocation Failure) 297M->297M(912M) 60.256ms
[2020-01-31T08:51:05.819+0300][42.132s][info][gc] GC(740) Pause Young (Allocation Failure) 411M->278M(912M) 49.874ms
[2020-01-31T08:51:05.881+0300][42.193s][info][gc] GC(741) Pause Young (Allocation Failure) 392M->258M(912M) 39.549ms
[2020-01-31T08:51:05.932+0300][42.245s][info][gc] GC(742) Pause Young (Allocation Failure) 372M->238M(912M) 28.788ms
[2020-01-31T08:51:05.975+0300][42.287s][info][gc] GC(743) Pause Young (Allocation Failure) 352M->219M(912M) 19.315ms
[2020-01-31T08:51:05.999+0300][42.311s][info][gc] GC(744) Pause Young (Allocation Failure) 317M->183M(912M) 0.994ms
[2020-01-31T08:51:06.071+0300][42.383s][info][gc] GC(745) Pause Young (Allocation Failure) 297M->297M(912M) 59.803ms
[2020-01-31T08:51:06.143+0300][42.455s][info][gc] GC(746) Pause Young (Allocation Failure) 411M->278M(912M) 49.800ms
[2020-01-31T08:51:06.204+0300][42.517s][info][gc] GC(747) Pause Young (Allocation Failure) 392M->258M(912M) 39.152ms
[2020-01-31T08:51:06.256+0300][42.568s][info][gc] GC(748) Pause Young (Allocation Failure) 372M->238M(912M) 28.897ms
[2020-01-31T08:51:06.298+0300][42.611s][info][gc] GC(749) Pause Young (Allocation Failure) 352M->219M(912M) 19.821ms
[2020-01-31T08:51:06.321+0300][42.634s][info][gc] GC(750) Pause Young (Allocation Failure) 317M->183M(912M) 0.509ms
[2020-01-31T08:51:06.392+0300][42.705s][info][gc] GC(751) Pause Young (Allocation Failure) 297M->297M(912M) 58.603ms
[2020-01-31T08:51:06.465+0300][42.777s][info][gc] GC(752) Pause Young (Allocation Failure) 411M->278M(912M) 49.811ms
[2020-01-31T08:51:06.529+0300][42.841s][info][gc] GC(753) Pause Young (Allocation Failure) 392M->258M(912M) 40.345ms
[2020-01-31T08:51:06.580+0300][42.893s][info][gc] GC(754) Pause Young (Allocation Failure) 372M->238M(912M) 29.553ms
[2020-01-31T08:51:06.623+0300][42.936s][info][gc] GC(755) Pause Young (Allocation Failure) 352M->219M(912M) 19.594ms
[2020-01-31T08:51:06.646+0300][42.959s][info][gc] GC(756) Pause Young (Allocation Failure) 319M->183M(912M) 0.506ms
[2020-01-31T08:51:06.717+0300][43.030s][info][gc] GC(757) Pause Young (Allocation Failure) 297M->297M(912M) 58.674ms
[2020-01-31T08:51:06.790+0300][43.102s][info][gc] GC(758) Pause Young (Allocation Failure) 411M->278M(912M) 50.220ms
[2020-01-31T08:51:06.853+0300][43.165s][info][gc] GC(759) Pause Young (Allocation Failure) 392M->258M(912M) 39.566ms
[2020-01-31T08:51:06.905+0300][43.217s][info][gc] GC(760) Pause Young (Allocation Failure) 372M->239M(912M) 29.745ms
[2020-01-31T08:51:06.947+0300][43.260s][info][gc] GC(761) Pause Young (Allocation Failure) 353M->219M(912M) 19.304ms
[2020-01-31T08:51:06.969+0300][43.282s][info][gc] GC(762) Pause Young (Allocation Failure) 317M->183M(912M) 0.509ms
[2020-01-31T08:51:07.043+0300][43.356s][info][gc] GC(763) Pause Young (Allocation Failure) 297M->297M(912M) 61.386ms
[2020-01-31T08:51:07.116+0300][43.428s][info][gc] GC(764) Pause Young (Allocation Failure) 411M->278M(912M) 49.485ms
[2020-01-31T08:51:07.178+0300][43.490s][info][gc] GC(765) Pause Young (Allocation Failure) 392M->258M(912M) 39.148ms
[2020-01-31T08:51:07.230+0300][43.542s][info][gc] GC(766) Pause Young (Allocation Failure) 372M->239M(912M) 29.600ms
[2020-01-31T08:51:07.273+0300][43.585s][info][gc] GC(767) Pause Young (Allocation Failure) 353M->219M(912M) 19.486ms
[2020-01-31T08:51:07.296+0300][43.608s][info][gc] GC(768) Pause Young (Allocation Failure) 317M->183M(912M) 0.513ms
[2020-01-31T08:51:07.366+0300][43.679s][info][gc] GC(769) Pause Young (Allocation Failure) 297M->297M(912M) 58.369ms
[2020-01-31T08:51:07.438+0300][43.750s][info][gc] GC(770) Pause Young (Allocation Failure) 411M->278M(912M) 49.521ms
[2020-01-31T08:51:07.502+0300][43.814s][info][gc] GC(771) Pause Young (Allocation Failure) 392M->258M(912M) 40.428ms
[2020-01-31T08:51:07.555+0300][43.867s][info][gc] GC(772) Pause Young (Allocation Failure) 372M->239M(912M) 29.132ms
[2020-01-31T08:51:07.598+0300][43.910s][info][gc] GC(773) Pause Young (Allocation Failure) 353M->219M(912M) 19.402ms
[2020-01-31T08:51:07.620+0300][43.932s][info][gc] GC(774) Pause Young (Allocation Failure) 319M->183M(912M) 0.514ms
[2020-01-31T08:51:07.690+0300][44.003s][info][gc] GC(775) Pause Young (Allocation Failure) 297M->297M(912M) 58.428ms
[2020-01-31T08:51:07.762+0300][44.075s][info][gc] GC(776) Pause Young (Allocation Failure) 411M->278M(912M) 49.347ms
[2020-01-31T08:51:07.824+0300][44.137s][info][gc] GC(777) Pause Young (Allocation Failure) 392M->258M(912M) 38.715ms
[2020-01-31T08:51:07.876+0300][44.189s][info][gc] GC(778) Pause Young (Allocation Failure) 372M->239M(912M) 29.607ms
[2020-01-31T08:51:07.919+0300][44.231s][info][gc] GC(779) Pause Young (Allocation Failure) 353M->219M(912M) 19.631ms
[2020-01-31T08:51:07.942+0300][44.254s][info][gc] GC(780) Pause Young (Allocation Failure) 317M->183M(912M) 0.513ms
[2020-01-31T08:51:08.016+0300][44.329s][info][gc] GC(781) Pause Young (Allocation Failure) 297M->298M(912M) 62.167ms
[2020-01-31T08:51:08.094+0300][44.407s][info][gc] GC(782) Pause Young (Allocation Failure) 412M->278M(912M) 55.854ms
[2020-01-31T08:51:08.156+0300][44.469s][info][gc] GC(783) Pause Young (Allocation Failure) 392M->259M(912M) 39.158ms
[2020-01-31T08:51:08.208+0300][44.521s][info][gc] GC(784) Pause Young (Allocation Failure) 373M->239M(912M) 29.821ms
[2020-01-31T08:51:08.251+0300][44.563s][info][gc] GC(785) Pause Young (Allocation Failure) 353M->219M(912M) 19.336ms
[2020-01-31T08:51:08.273+0300][44.586s][info][gc] GC(786) Pause Young (Allocation Failure) 317M->184M(912M) 0.621ms
[2020-01-31T08:51:08.345+0300][44.657s][info][gc] GC(787) Pause Young (Allocation Failure) 298M->298M(912M) 59.674ms
[2020-01-31T08:51:08.417+0300][44.729s][info][gc] GC(788) Pause Young (Allocation Failure) 412M->278M(912M) 48.886ms
[2020-01-31T08:51:08.483+0300][44.796s][info][gc] GC(789) Pause Young (Allocation Failure) 392M->259M(912M) 43.122ms
[2020-01-31T08:51:08.537+0300][44.850s][info][gc] GC(790) Pause Young (Allocation Failure) 373M->239M(912M) 30.300ms
[2020-01-31T08:51:08.580+0300][44.892s][info][gc] GC(791) Pause Young (Allocation Failure) 353M->219M(912M) 19.364ms
[2020-01-31T08:51:08.602+0300][44.915s][info][gc] GC(792) Pause Young (Allocation Failure) 319M->184M(912M) 0.512ms
[2020-01-31T08:51:08.673+0300][44.985s][info][gc] GC(793) Pause Young (Allocation Failure) 298M->298M(912M) 58.375ms
[2020-01-31T08:51:08.745+0300][45.057s][info][gc] GC(794) Pause Young (Allocation Failure) 412M->278M(912M) 49.611ms
[2020-01-31T08:51:08.807+0300][45.120s][info][gc] GC(795) Pause Young (Allocation Failure) 392M->259M(912M) 39.944ms
[2020-01-31T08:51:08.859+0300][45.171s][info][gc] GC(796) Pause Young (Allocation Failure) 373M->239M(912M) 28.902ms
[2020-01-31T08:51:08.901+0300][45.213s][info][gc] GC(797) Pause Young (Allocation Failure) 353M->220M(912M) 19.300ms
[2020-01-31T08:51:08.923+0300][45.236s][info][gc] GC(798) Pause Young (Allocation Failure) 317M->184M(912M) 0.515ms
[2020-01-31T08:51:09.009+0300][45.322s][info][gc] GC(799) Pause Young (Allocation Failure) 298M->298M(912M) 73.774ms
[2020-01-31T08:51:09.094+0300][45.406s][info][gc] GC(800) Pause Young (Allocation Failure) 412M->278M(912M) 60.809ms
[2020-01-31T08:51:09.156+0300][45.468s][info][gc] GC(801) Pause Young (Allocation Failure) 392M->259M(912M) 39.109ms
[2020-01-31T08:51:09.207+0300][45.520s][info][gc] GC(802) Pause Young (Allocation Failure) 373M->239M(912M) 29.718ms
[2020-01-31T08:51:09.250+0300][45.562s][info][gc] GC(803) Pause Young (Allocation Failure) 353M->220M(912M) 19.262ms
[2020-01-31T08:51:09.272+0300][45.585s][info][gc] GC(804) Pause Young (Allocation Failure) 318M->184M(912M) 0.510ms
[2020-01-31T08:51:09.343+0300][45.656s][info][gc] GC(805) Pause Young (Allocation Failure) 298M->298M(912M) 59.072ms
[2020-01-31T08:51:09.415+0300][45.728s][info][gc] GC(806) Pause Young (Allocation Failure) 412M->278M(912M) 49.081ms
[2020-01-31T08:51:09.484+0300][45.797s][info][gc] GC(807) Pause Young (Allocation Failure) 392M->259M(912M) 45.836ms
[2020-01-31T08:51:09.538+0300][45.850s][info][gc] GC(808) Pause Young (Allocation Failure) 373M->239M(912M) 29.520ms
[2020-01-31T08:51:09.580+0300][45.893s][info][gc] GC(809) Pause Young (Allocation Failure) 353M->220M(912M) 19.654ms
[2020-01-31T08:51:09.603+0300][45.916s][info][gc] GC(810) Pause Young (Allocation Failure) 320M->184M(912M) 0.508ms
[2020-01-31T08:51:09.674+0300][45.986s][info][gc] GC(811) Pause Young (Allocation Failure) 298M->298M(912M) 58.402ms
[2020-01-31T08:51:09.747+0300][46.059s][info][gc] GC(812) Pause Young (Allocation Failure) 412M->279M(912M) 50.090ms
[2020-01-31T08:51:09.812+0300][46.124s][info][gc] GC(813) Pause Young (Allocation Failure) 393M->259M(912M) 41.309ms
[2020-01-31T08:51:09.863+0300][46.176s][info][gc] GC(814) Pause Young (Allocation Failure) 373M->239M(912M) 28.799ms
[2020-01-31T08:51:09.906+0300][46.218s][info][gc] GC(815) Pause Young (Allocation Failure) 353M->220M(912M) 19.464ms
[2020-01-31T08:51:09.928+0300][46.241s][info][gc] GC(816) Pause Young (Allocation Failure) 318M->184M(912M) 0.510ms
[2020-01-31T08:51:10.002+0300][46.315s][info][gc] GC(817) Pause Young (Allocation Failure) 298M->298M(912M) 61.463ms
[2020-01-31T08:51:10.074+0300][46.387s][info][gc] GC(818) Pause Young (Allocation Failure) 412M->279M(912M) 49.328ms
[2020-01-31T08:51:10.136+0300][46.449s][info][gc] GC(819) Pause Young (Allocation Failure) 393M->259M(912M) 39.050ms
[2020-01-31T08:51:10.188+0300][46.501s][info][gc] GC(820) Pause Young (Allocation Failure) 373M->239M(912M) 29.651ms
[2020-01-31T08:51:10.231+0300][46.543s][info][gc] GC(821) Pause Young (Allocation Failure) 353M->220M(912M) 19.497ms
[2020-01-31T08:51:10.253+0300][46.565s][info][gc] GC(822) Pause Young (Allocation Failure) 318M->184M(912M) 0.518ms
[2020-01-31T08:51:10.323+0300][46.636s][info][gc] GC(823) Pause Young (Allocation Failure) 298M->298M(912M) 58.636ms
[2020-01-31T08:51:10.395+0300][46.708s][info][gc] GC(824) Pause Young (Allocation Failure) 412M->279M(912M) 48.853ms
[2020-01-31T08:51:10.458+0300][46.770s][info][gc] GC(825) Pause Young (Allocation Failure) 393M->259M(912M) 39.899ms
[2020-01-31T08:51:10.513+0300][46.825s][info][gc] GC(826) Pause Young (Allocation Failure) 373M->239M(912M) 30.334ms
[2020-01-31T08:51:10.556+0300][46.868s][info][gc] GC(827) Pause Young (Allocation Failure) 353M->220M(912M) 19.561ms
[2020-01-31T08:51:10.579+0300][46.891s][info][gc] GC(828) Pause Young (Allocation Failure) 320M->184M(912M) 0.521ms
[2020-01-31T08:51:10.650+0300][46.962s][info][gc] GC(829) Pause Young (Allocation Failure) 298M->298M(912M) 58.338ms
[2020-01-31T08:51:10.726+0300][47.038s][info][gc] GC(830) Pause Young (Allocation Failure) 412M->279M(912M) 53.860ms
[2020-01-31T08:51:10.788+0300][47.100s][info][gc] GC(831) Pause Young (Allocation Failure) 393M->259M(912M) 39.296ms
[2020-01-31T08:51:10.839+0300][47.152s][info][gc] GC(832) Pause Young (Allocation Failure) 373M->240M(912M) 28.692ms
[2020-01-31T08:51:10.882+0300][47.194s][info][gc] GC(833) Pause Young (Allocation Failure) 354M->220M(912M) 19.286ms
[2020-01-31T08:51:10.904+0300][47.216s][info][gc] GC(834) Pause Young (Allocation Failure) 318M->184M(912M) 0.513ms
[2020-01-31T08:51:10.976+0300][47.288s][info][gc] GC(835) Pause Young (Allocation Failure) 298M->298M(912M) 59.565ms
[2020-01-31T08:51:11.047+0300][47.360s][info][gc] GC(836) Pause Young (Allocation Failure) 412M->279M(912M) 49.778ms
[2020-01-31T08:51:11.109+0300][47.422s][info][gc] GC(837) Pause Young (Allocation Failure) 393M->259M(912M) 39.021ms
[2020-01-31T08:51:11.161+0300][47.474s][info][gc] GC(838) Pause Young (Allocation Failure) 373M->240M(912M) 29.581ms
[2020-01-31T08:51:11.204+0300][47.516s][info][gc] GC(839) Pause Young (Allocation Failure) 354M->220M(912M) 19.348ms
[2020-01-31T08:51:11.226+0300][47.539s][info][gc] GC(840) Pause Young (Allocation Failure) 318M->184M(912M) 0.510ms
[2020-01-31T08:51:11.297+0300][47.609s][info][gc] GC(841) Pause Young (Allocation Failure) 298M->298M(912M) 58.661ms
[2020-01-31T08:51:11.369+0300][47.681s][info][gc] GC(842) Pause Young (Allocation Failure) 412M->279M(912M) 48.866ms
[2020-01-31T08:51:11.432+0300][47.745s][info][gc] GC(843) Pause Young (Allocation Failure) 393M->259M(912M) 41.087ms
[2020-01-31T08:51:11.489+0300][47.801s][info][gc] GC(844) Pause Young (Allocation Failure) 373M->240M(912M) 32.682ms
[2020-01-31T08:51:11.532+0300][47.844s][info][gc] GC(845) Pause Young (Allocation Failure) 354M->220M(912M) 19.548ms
[2020-01-31T08:51:11.554+0300][47.867s][info][gc] GC(846) Pause Young (Allocation Failure) 320M->184M(912M) 0.522ms
[2020-01-31T08:51:11.625+0300][47.937s][info][gc] GC(847) Pause Young (Allocation Failure) 298M->298M(912M) 58.556ms
[2020-01-31T08:51:11.697+0300][48.009s][info][gc] GC(848) Pause Young (Allocation Failure) 412M->279M(912M) 49.376ms
[2020-01-31T08:51:11.759+0300][48.071s][info][gc] GC(849) Pause Young (Allocation Failure) 393M->259M(912M) 38.930ms
[2020-01-31T08:51:11.810+0300][48.123s][info][gc] GC(850) Pause Young (Allocation Failure) 373M->240M(912M) 28.979ms
[2020-01-31T08:51:11.852+0300][48.164s][info][gc] GC(851) Pause Young (Allocation Failure) 354M->220M(912M) 19.233ms
[2020-01-31T08:51:11.874+0300][48.187s][info][gc] GC(852) Pause Young (Allocation Failure) 318M->184M(912M) 0.510ms
[2020-01-31T08:51:11.946+0300][48.259s][info][gc] GC(853) Pause Young (Allocation Failure) 298M->299M(912M) 59.985ms
[2020-01-31T08:51:12.020+0300][48.332s][info][gc] GC(854) Pause Young (Allocation Failure) 413M->279M(912M) 50.581ms
[2020-01-31T08:51:12.082+0300][48.394s][info][gc] GC(855) Pause Young (Allocation Failure) 393M->259M(912M) 39.042ms
[2020-01-31T08:51:12.134+0300][48.446s][info][gc] GC(856) Pause Young (Allocation Failure) 373M->240M(912M) 29.657ms
[2020-01-31T08:51:12.176+0300][48.489s][info][gc] GC(857) Pause Young (Allocation Failure) 354M->220M(912M) 19.679ms
[2020-01-31T08:51:12.199+0300][48.512s][info][gc] GC(858) Pause Young (Allocation Failure) 318M->185M(912M) 0.591ms
[2020-01-31T08:51:12.270+0300][48.583s][info][gc] GC(859) Pause Young (Allocation Failure) 299M->299M(912M) 58.502ms
[2020-01-31T08:51:12.342+0300][48.654s][info][gc] GC(860) Pause Young (Allocation Failure) 413M->279M(912M) 48.397ms
[2020-01-31T08:51:12.405+0300][48.718s][info][gc] GC(861) Pause Young (Allocation Failure) 393M->260M(912M) 40.210ms
[2020-01-31T08:51:12.457+0300][48.769s][info][gc] GC(862) Pause Young (Allocation Failure) 374M->240M(912M) 29.587ms
[2020-01-31T08:51:12.501+0300][48.813s][info][gc] GC(863) Pause Young (Allocation Failure) 354M->220M(912M) 19.285ms
[2020-01-31T08:51:12.523+0300][48.835s][info][gc] GC(864) Pause Young (Allocation Failure) 320M->185M(912M) 0.515ms
[2020-01-31T08:51:12.593+0300][48.906s][info][gc] GC(865) Pause Young (Allocation Failure) 299M->299M(912M) 58.491ms
[2020-01-31T08:51:12.665+0300][48.978s][info][gc] GC(866) Pause Young (Allocation Failure) 413M->279M(912M) 49.204ms
[2020-01-31T08:51:12.728+0300][49.040s][info][gc] GC(867) Pause Young (Allocation Failure) 393M->260M(912M) 39.423ms
[2020-01-31T08:51:12.779+0300][49.091s][info][gc] GC(868) Pause Young (Allocation Failure) 374M->240M(912M) 28.495ms
[2020-01-31T08:51:12.822+0300][49.134s][info][gc] GC(869) Pause Young (Allocation Failure) 354M->220M(912M) 19.233ms
[2020-01-31T08:51:12.845+0300][49.157s][info][gc] GC(870) Pause Young (Allocation Failure) 318M->185M(912M) 0.520ms
[2020-01-31T08:51:12.916+0300][49.229s][info][gc] GC(871) Pause Young (Allocation Failure) 299M->299M(912M) 59.475ms
[2020-01-31T08:51:12.988+0300][49.301s][info][gc] GC(872) Pause Young (Allocation Failure) 413M->279M(912M) 49.696ms
[2020-01-31T08:51:13.050+0300][49.363s][info][gc] GC(873) Pause Young (Allocation Failure) 393M->260M(912M) 38.938ms
[2020-01-31T08:51:13.102+0300][49.415s][info][gc] GC(874) Pause Young (Allocation Failure) 374M->240M(912M) 29.556ms
[2020-01-31T08:51:13.145+0300][49.457s][info][gc] GC(875) Pause Young (Allocation Failure) 354M->221M(912M) 19.556ms
[2020-01-31T08:51:13.168+0300][49.480s][info][gc] GC(876) Pause Young (Allocation Failure) 318M->185M(912M) 0.513ms
[2020-01-31T08:51:13.239+0300][49.551s][info][gc] GC(877) Pause Young (Allocation Failure) 299M->299M(912M) 58.692ms
[2020-01-31T08:51:13.311+0300][49.624s][info][gc] GC(878) Pause Young (Allocation Failure) 413M->279M(912M) 49.194ms
[2020-01-31T08:51:13.373+0300][49.686s][info][gc] GC(879) Pause Young (Allocation Failure) 393M->260M(912M) 40.009ms
[2020-01-31T08:51:13.425+0300][49.738s][info][gc] GC(880) Pause Young (Allocation Failure) 374M->240M(912M) 29.873ms
[2020-01-31T08:51:13.468+0300][49.780s][info][gc] GC(881) Pause Young (Allocation Failure) 354M->221M(912M) 19.404ms
[2020-01-31T08:51:13.491+0300][49.803s][info][gc] GC(882) Pause Young (Allocation Failure) 319M->185M(912M) 0.514ms
[2020-01-31T08:51:13.563+0300][49.875s][info][gc] GC(883) Pause Young (Allocation Failure) 299M->299M(912M) 59.302ms
[2020-01-31T08:51:13.635+0300][49.947s][info][gc] GC(884) Pause Young (Allocation Failure) 413M->279M(912M) 49.466ms
[2020-01-31T08:51:13.697+0300][50.010s][info][gc] GC(885) Pause Young (Allocation Failure) 393M->260M(912M) 39.405ms
[2020-01-31T08:51:13.749+0300][50.061s][info][gc] GC(886) Pause Young (Allocation Failure) 374M->240M(912M) 28.894ms
[2020-01-31T08:51:13.791+0300][50.104s][info][gc] GC(887) Pause Young (Allocation Failure) 354M->221M(912M) 19.706ms
[2020-01-31T08:51:13.815+0300][50.127s][info][gc] GC(888) Pause Young (Allocation Failure) 319M->185M(912M) 0.996ms
[2020-01-31T08:51:13.888+0300][50.201s][info][gc] GC(889) Pause Young (Allocation Failure) 299M->299M(912M) 61.654ms
[2020-01-31T08:51:13.961+0300][50.273s][info][gc] GC(890) Pause Young (Allocation Failure) 413M->280M(912M) 49.754ms
[2020-01-31T08:51:14.024+0300][50.336s][info][gc] GC(891) Pause Young (Allocation Failure) 394M->260M(912M) 39.625ms
[2020-01-31T08:51:14.075+0300][50.387s][info][gc] GC(892) Pause Young (Allocation Failure) 374M->240M(912M) 28.986ms
[2020-01-31T08:51:14.117+0300][50.430s][info][gc] GC(893) Pause Young (Allocation Failure) 354M->221M(912M) 19.424ms
[2020-01-31T08:51:14.140+0300][50.453s][info][gc] GC(894) Pause Young (Allocation Failure) 319M->185M(912M) 0.529ms
[2020-01-31T08:51:14.212+0300][50.524s][info][gc] GC(895) Pause Young (Allocation Failure) 299M->299M(912M) 58.871ms
[2020-01-31T08:51:14.283+0300][50.595s][info][gc] GC(896) Pause Young (Allocation Failure) 413M->280M(912M) 48.840ms
[2020-01-31T08:51:14.346+0300][50.658s][info][gc] GC(897) Pause Young (Allocation Failure) 394M->260M(912M) 39.845ms
[2020-01-31T08:51:14.398+0300][50.710s][info][gc] GC(898) Pause Young (Allocation Failure) 374M->240M(912M) 29.566ms
[2020-01-31T08:51:14.440+0300][50.753s][info][gc] GC(899) Pause Young (Allocation Failure) 354M->221M(912M) 19.894ms
[2020-01-31T08:51:14.464+0300][50.777s][info][gc] GC(900) Pause Young (Allocation Failure) 319M->185M(912M) 0.883ms
[2020-01-31T08:51:14.540+0300][50.853s][info][gc] GC(901) Pause Young (Allocation Failure) 299M->299M(912M) 62.768ms
[2020-01-31T08:51:14.614+0300][50.926s][info][gc] GC(902) Pause Young (Allocation Failure) 413M->280M(912M) 50.178ms
[2020-01-31T08:51:14.676+0300][50.988s][info][gc] GC(903) Pause Young (Allocation Failure) 394M->260M(912M) 39.416ms
[2020-01-31T08:51:14.727+0300][51.040s][info][gc] GC(904) Pause Young (Allocation Failure) 374M->240M(912M) 28.822ms
[2020-01-31T08:51:14.770+0300][51.081s][info][gc] GC(905) Pause Young (Allocation Failure) 354M->221M(912M) 19.239ms
[2020-01-31T08:51:14.791+0300][51.104s][info][gc] GC(906) Pause Young (Allocation Failure) 321M->185M(912M) 0.518ms
[2020-01-31T08:51:14.865+0300][51.178s][info][gc] GC(907) Pause Young (Allocation Failure) 299M->299M(912M) 61.462ms
[2020-01-31T08:51:14.937+0300][51.249s][info][gc] GC(908) Pause Young (Allocation Failure) 413M->280M(912M) 49.446ms
[2020-01-31T08:51:15.000+0300][51.312s][info][gc] GC(909) Pause Young (Allocation Failure) 394M->260M(912M) 39.998ms
[2020-01-31T08:51:15.052+0300][51.365s][info][gc] GC(910) Pause Young (Allocation Failure) 374M->241M(912M) 28.716ms
[2020-01-31T08:51:15.095+0300][51.407s][info][gc] GC(911) Pause Young (Allocation Failure) 355M->221M(912M) 19.429ms
[2020-01-31T08:51:15.117+0300][51.429s][info][gc] GC(912) Pause Young (Allocation Failure) 319M->185M(912M) 0.516ms
[2020-01-31T08:51:15.188+0300][51.501s][info][gc] GC(913) Pause Young (Allocation Failure) 299M->299M(912M) 59.503ms
[2020-01-31T08:51:15.260+0300][51.573s][info][gc] GC(914) Pause Young (Allocation Failure) 413M->280M(912M) 48.776ms
[2020-01-31T08:51:15.323+0300][51.635s][info][gc] GC(915) Pause Young (Allocation Failure) 394M->260M(912M) 39.781ms
[2020-01-31T08:51:15.375+0300][51.687s][info][gc] GC(916) Pause Young (Allocation Failure) 374M->241M(912M) 29.448ms
[2020-01-31T08:51:15.418+0300][51.730s][info][gc] GC(917) Pause Young (Allocation Failure) 355M->221M(912M) 19.300ms
[2020-01-31T08:51:15.441+0300][51.753s][info][gc] GC(918) Pause Young (Allocation Failure) 319M->185M(912M) 1.190ms
[2020-01-31T08:51:15.512+0300][51.824s][info][gc] GC(919) Pause Young (Allocation Failure) 299M->299M(912M) 58.451ms
[2020-01-31T08:51:15.586+0300][51.898s][info][gc] GC(920) Pause Young (Allocation Failure) 413M->280M(912M) 50.372ms
[2020-01-31T08:51:15.647+0300][51.960s][info][gc] GC(921) Pause Young (Allocation Failure) 394M->260M(912M) 39.397ms
[2020-01-31T08:51:15.699+0300][52.012s][info][gc] GC(922) Pause Young (Allocation Failure) 374M->241M(912M) 28.734ms
[2020-01-31T08:51:15.741+0300][52.054s][info][gc] GC(923) Pause Young (Allocation Failure) 355M->221M(912M) 19.203ms
[2020-01-31T08:51:15.764+0300][52.077s][info][gc] GC(924) Pause Young (Allocation Failure) 321M->185M(912M) 0.857ms
[2020-01-31T08:51:15.836+0300][52.149s][info][gc] GC(925) Pause Young (Allocation Failure) 299M->299M(912M) 59.736ms
[2020-01-31T08:51:15.909+0300][52.222s][info][gc] GC(926) Pause Young (Allocation Failure) 413M->280M(912M) 49.832ms
[2020-01-31T08:51:15.970+0300][52.283s][info][gc] GC(927) Pause Young (Allocation Failure) 394M->260M(912M) 39.059ms
[2020-01-31T08:51:16.022+0300][52.335s][info][gc] GC(928) Pause Young (Allocation Failure) 374M->241M(912M) 29.532ms
[2020-01-31T08:51:16.065+0300][52.377s][info][gc] GC(929) Pause Young (Allocation Failure) 355M->221M(912M) 19.417ms
[2020-01-31T08:51:16.087+0300][52.400s][info][gc] GC(930) Pause Young (Allocation Failure) 319M->185M(912M) 0.518ms
[2020-01-31T08:51:16.158+0300][52.470s][info][gc] GC(931) Pause Young (Allocation Failure) 299M->300M(912M) 58.637ms
[2020-01-31T08:51:16.230+0300][52.542s][info][gc] GC(932) Pause Young (Allocation Failure) 414M->280M(912M) 49.013ms
[2020-01-31T08:51:16.292+0300][52.605s][info][gc] GC(933) Pause Young (Allocation Failure) 394M->261M(912M) 39.907ms
[2020-01-31T08:51:16.344+0300][52.657s][info][gc] GC(934) Pause Young (Allocation Failure) 375M->241M(912M) 29.382ms
[2020-01-31T08:51:16.386+0300][52.698s][info][gc] GC(935) Pause Young (Allocation Failure) 355M->221M(912M) 19.311ms
[2020-01-31T08:51:16.408+0300][52.721s][info][gc] GC(936) Pause Young (Allocation Failure) 319M->186M(912M) 0.517ms
[2020-01-31T08:51:16.480+0300][52.792s][info][gc] GC(937) Pause Young (Allocation Failure) 300M->300M(912M) 59.321ms
[2020-01-31T08:51:16.553+0300][52.866s][info][gc] GC(938) Pause Young (Allocation Failure) 414M->280M(912M) 49.648ms
[2020-01-31T08:51:16.616+0300][52.928s][info][gc] GC(939) Pause Young (Allocation Failure) 394M->260M(912M) 39.474ms
[2020-01-31T08:51:16.666+0300][52.979s][info][gc] GC(940) Pause Young (Allocation Failure) 374M->241M(912M) 28.570ms
[2020-01-31T08:51:16.709+0300][53.021s][info][gc] GC(941) Pause Young (Allocation Failure) 355M->221M(912M) 19.331ms
[2020-01-31T08:51:16.731+0300][53.044s][info][gc] GC(942) Pause Young (Allocation Failure) 321M->186M(912M) 0.874ms
[2020-01-31T08:51:16.803+0300][53.115s][info][gc] GC(943) Pause Young (Allocation Failure) 300M->300M(912M) 59.282ms
[2020-01-31T08:51:16.876+0300][53.189s][info][gc] GC(944) Pause Young (Allocation Failure) 414M->280M(912M) 50.686ms
[2020-01-31T08:51:16.938+0300][53.250s][info][gc] GC(945) Pause Young (Allocation Failure) 394M->261M(912M) 39.045ms
[2020-01-31T08:51:16.989+0300][53.301s][info][gc] GC(946) Pause Young (Allocation Failure) 375M->241M(912M) 28.644ms
[2020-01-31T08:51:17.031+0300][53.344s][info][gc] GC(947) Pause Young (Allocation Failure) 355M->221M(912M) 19.474ms
[2020-01-31T08:51:17.054+0300][53.367s][info][gc] GC(948) Pause Young (Allocation Failure) 319M->186M(912M) 0.523ms
[2020-01-31T08:51:17.125+0300][53.438s][info][gc] GC(949) Pause Young (Allocation Failure) 300M->300M(912M) 58.372ms
[2020-01-31T08:51:17.196+0300][53.509s][info][gc] GC(950) Pause Young (Allocation Failure) 414M->280M(912M) 48.840ms
[2020-01-31T08:51:17.260+0300][53.572s][info][gc] GC(951) Pause Young (Allocation Failure) 394M->261M(912M) 40.488ms
[2020-01-31T08:51:17.313+0300][53.625s][info][gc] GC(952) Pause Young (Allocation Failure) 375M->241M(912M) 30.251ms
[2020-01-31T08:51:17.355+0300][53.667s][info][gc] GC(953) Pause Young (Allocation Failure) 355M->222M(912M) 19.412ms
[2020-01-31T08:51:17.377+0300][53.689s][info][gc] GC(954) Pause Young (Allocation Failure) 319M->186M(912M) 0.520ms
[2020-01-31T08:51:17.447+0300][53.760s][info][gc] GC(955) Pause Young (Allocation Failure) 300M->300M(912M) 58.881ms
[2020-01-31T08:51:17.521+0300][53.833s][info][gc] GC(956) Pause Young (Allocation Failure) 414M->280M(912M) 49.500ms
[2020-01-31T08:51:17.585+0300][53.897s][info][gc] GC(957) Pause Young (Allocation Failure) 394M->261M(912M) 39.449ms
[2020-01-31T08:51:17.636+0300][53.949s][info][gc] GC(958) Pause Young (Allocation Failure) 375M->241M(912M) 28.657ms
[2020-01-31T08:51:17.679+0300][53.991s][info][gc] GC(959) Pause Young (Allocation Failure) 355M->222M(912M) 19.308ms
[2020-01-31T08:51:17.701+0300][54.013s][info][gc] GC(960) Pause Young (Allocation Failure) 322M->186M(912M) 0.514ms
[2020-01-31T08:51:17.774+0300][54.087s][info][gc] GC(961) Pause Young (Allocation Failure) 300M->300M(912M) 61.548ms
[2020-01-31T08:51:17.846+0300][54.159s][info][gc] GC(962) Pause Young (Allocation Failure) 414M->280M(912M) 49.857ms
[2020-01-31T08:51:17.909+0300][54.221s][info][gc] GC(963) Pause Young (Allocation Failure) 394M->261M(912M) 39.309ms
[2020-01-31T08:51:17.960+0300][54.273s][info][gc] GC(964) Pause Young (Allocation Failure) 375M->241M(912M) 28.725ms
[2020-01-31T08:51:18.004+0300][54.316s][info][gc] GC(965) Pause Young (Allocation Failure) 355M->222M(912M) 20.213ms
[2020-01-31T08:51:18.027+0300][54.339s][info][gc] GC(966) Pause Young (Allocation Failure) 320M->186M(912M) 0.517ms
[2020-01-31T08:51:18.099+0300][54.411s][info][gc] GC(967) Pause Young (Allocation Failure) 300M->300M(912M) 58.924ms
[2020-01-31T08:51:18.169+0300][54.482s][info][gc] GC(968) Pause Young (Allocation Failure) 414M->281M(912M) 48.748ms
[2020-01-31T08:51:18.233+0300][54.545s][info][gc] GC(969) Pause Young (Allocation Failure) 395M->261M(912M) 40.692ms
[2020-01-31T08:51:18.286+0300][54.598s][info][gc] GC(970) Pause Young (Allocation Failure) 375M->241M(912M) 29.948ms
[2020-01-31T08:51:18.328+0300][54.640s][info][gc] GC(971) Pause Young (Allocation Failure) 355M->222M(912M) 19.277ms
[2020-01-31T08:51:18.351+0300][54.663s][info][gc] GC(972) Pause Young (Allocation Failure) 320M->186M(912M) 0.517ms
[2020-01-31T08:51:18.422+0300][54.735s][info][gc] GC(973) Pause Young (Allocation Failure) 300M->300M(912M) 59.191ms
[2020-01-31T08:51:18.511+0300][54.823s][info][gc] GC(974) Pause Young (Allocation Failure) 414M->281M(912M) 60.998ms
[2020-01-31T08:51:18.572+0300][54.885s][info][gc] GC(975) Pause Young (Allocation Failure) 395M->261M(912M) 39.086ms
[2020-01-31T08:51:18.623+0300][54.936s][info][gc] GC(976) Pause Young (Allocation Failure) 375M->241M(912M) 28.764ms
[2020-01-31T08:51:18.666+0300][54.978s][info][gc] GC(977) Pause Young (Allocation Failure) 355M->222M(912M) 19.324ms
[2020-01-31T08:51:18.688+0300][55.001s][info][gc] GC(978) Pause Young (Allocation Failure) 322M->186M(912M) 0.507ms
[2020-01-31T08:51:18.761+0300][55.073s][info][gc] GC(979) Pause Young (Allocation Failure) 300M->300M(912M) 60.232ms
[2020-01-31T08:51:18.833+0300][55.145s][info][gc] GC(980) Pause Young (Allocation Failure) 414M->281M(912M) 50.010ms
[2020-01-31T08:51:18.896+0300][55.209s][info][gc] GC(981) Pause Young (Allocation Failure) 395M->261M(912M) 40.712ms
[2020-01-31T08:51:18.948+0300][55.261s][info][gc] GC(982) Pause Young (Allocation Failure) 375M->242M(912M) 29.507ms
[2020-01-31T08:51:18.991+0300][55.304s][info][gc] GC(983) Pause Young (Allocation Failure) 356M->222M(912M) 19.500ms
[2020-01-31T08:51:19.014+0300][55.327s][info][gc] GC(984) Pause Young (Allocation Failure) 320M->186M(912M) 0.891ms
[2020-01-31T08:51:19.086+0300][55.399s][info][gc] GC(985) Pause Young (Allocation Failure) 300M->300M(912M) 59.275ms
[2020-01-31T08:51:19.158+0300][55.470s][info][gc] GC(986) Pause Young (Allocation Failure) 414M->281M(912M) 48.787ms
[2020-01-31T08:51:19.221+0300][55.533s][info][gc] GC(987) Pause Young (Allocation Failure) 395M->261M(912M) 39.644ms
[2020-01-31T08:51:19.272+0300][55.585s][info][gc] GC(988) Pause Young (Allocation Failure) 375M->242M(912M) 29.597ms
[2020-01-31T08:51:19.315+0300][55.628s][info][gc] GC(989) Pause Young (Allocation Failure) 356M->222M(912M) 19.394ms
[2020-01-31T08:51:19.337+0300][55.650s][info][gc] GC(990) Pause Young (Allocation Failure) 320M->186M(912M) 0.519ms
[2020-01-31T08:51:19.408+0300][55.720s][info][gc] GC(991) Pause Young (Allocation Failure) 300M->300M(912M) 58.346ms
[2020-01-31T08:51:19.481+0300][55.793s][info][gc] GC(992) Pause Young (Allocation Failure) 414M->281M(912M) 50.053ms
[2020-01-31T08:51:19.551+0300][55.863s][info][gc] GC(993) Pause Young (Allocation Failure) 395M->261M(912M) 45.021ms
[2020-01-31T08:51:19.602+0300][55.914s][info][gc] GC(994) Pause Young (Allocation Failure) 375M->242M(912M) 28.691ms
[2020-01-31T08:51:19.644+0300][55.957s][info][gc] GC(995) Pause Young (Allocation Failure) 356M->222M(912M) 19.325ms
[2020-01-31T08:51:19.666+0300][55.979s][info][gc] GC(996) Pause Young (Allocation Failure) 322M->186M(912M) 0.515ms
[2020-01-31T08:51:19.739+0300][56.052s][info][gc] GC(997) Pause Young (Allocation Failure) 300M->300M(912M) 60.112ms
[2020-01-31T08:51:19.811+0300][56.124s][info][gc] GC(998) Pause Young (Allocation Failure) 414M->281M(912M) 49.958ms
[2020-01-31T08:51:19.873+0300][56.186s][info][gc] GC(999) Pause Young (Allocation Failure) 395M->261M(912M) 39.292ms
[2020-01-31T08:51:19.926+0300][56.238s][info][gc] GC(1000) Pause Young (Allocation Failure) 375M->242M(912M) 29.848ms
[2020-01-31T08:51:19.968+0300][56.280s][info][gc] GC(1001) Pause Young (Allocation Failure) 356M->222M(912M) 19.222ms
[2020-01-31T08:51:19.990+0300][56.302s][info][gc] GC(1002) Pause Young (Allocation Failure) 320M->186M(912M) 0.627ms
[2020-01-31T08:51:20.061+0300][56.373s][info][gc] GC(1003) Pause Young (Allocation Failure) 300M->301M(912M) 58.773ms
[2020-01-31T08:51:20.133+0300][56.446s][info][gc] GC(1004) Pause Young (Allocation Failure) 415M->281M(912M) 48.585ms
[2020-01-31T08:51:20.197+0300][56.509s][info][gc] GC(1005) Pause Young (Allocation Failure) 395M->261M(912M) 40.916ms
[2020-01-31T08:51:20.250+0300][56.562s][info][gc] GC(1006) Pause Young (Allocation Failure) 375M->242M(912M) 29.981ms
[2020-01-31T08:51:20.292+0300][56.604s][info][gc] GC(1007) Pause Young (Allocation Failure) 356M->222M(912M) 19.229ms
[2020-01-31T08:51:20.314+0300][56.626s][info][gc] GC(1008) Pause Young (Allocation Failure) 320M->187M(912M) 0.520ms
[2020-01-31T08:51:20.385+0300][56.697s][info][gc] GC(1009) Pause Young (Allocation Failure) 301M->301M(912M) 58.628ms
[2020-01-31T08:51:20.457+0300][56.770s][info][gc] GC(1010) Pause Young (Allocation Failure) 415M->281M(912M) 50.228ms
[2020-01-31T08:51:20.520+0300][56.833s][info][gc] GC(1011) Pause Young (Allocation Failure) 395M->262M(912M) 39.839ms
[2020-01-31T08:51:20.572+0300][56.885s][info][gc] GC(1012) Pause Young (Allocation Failure) 376M->242M(912M) 28.636ms
[2020-01-31T08:51:20.615+0300][56.927s][info][gc] GC(1013) Pause Young (Allocation Failure) 356M->222M(912M) 19.373ms
[2020-01-31T08:51:20.637+0300][56.949s][info][gc] GC(1014) Pause Young (Allocation Failure) 322M->187M(912M) 0.514ms
[2020-01-31T08:51:20.709+0300][57.021s][info][gc] GC(1015) Pause Young (Allocation Failure) 301M->301M(912M) 59.612ms
[2020-01-31T08:51:20.781+0300][57.094s][info][gc] GC(1016) Pause Young (Allocation Failure) 415M->281M(912M) 50.149ms
[2020-01-31T08:51:20.842+0300][57.155s][info][gc] GC(1017) Pause Young (Allocation Failure) 395M->262M(912M) 39.016ms
[2020-01-31T08:51:20.893+0300][57.206s][info][gc] GC(1018) Pause Young (Allocation Failure) 376M->242M(912M) 28.727ms
[2020-01-31T08:51:20.936+0300][57.249s][info][gc] GC(1019) Pause Young (Allocation Failure) 356M->222M(912M) 19.922ms
[2020-01-31T08:51:20.959+0300][57.272s][info][gc] GC(1020) Pause Young (Allocation Failure) 320M->187M(912M) 0.516ms
[2020-01-31T08:51:21.031+0300][57.343s][info][gc] GC(1021) Pause Young (Allocation Failure) 301M->301M(912M) 59.514ms
[2020-01-31T08:51:21.103+0300][57.415s][info][gc] GC(1022) Pause Young (Allocation Failure) 415M->281M(912M) 48.743ms
[2020-01-31T08:51:21.166+0300][57.479s][info][gc] GC(1023) Pause Young (Allocation Failure) 395M->262M(912M) 40.928ms
[2020-01-31T08:51:21.218+0300][57.530s][info][gc] GC(1024) Pause Young (Allocation Failure) 376M->242M(912M) 29.000ms
[2020-01-31T08:51:21.260+0300][57.572s][info][gc] GC(1025) Pause Young (Allocation Failure) 356M->223M(912M) 19.436ms
[2020-01-31T08:51:21.282+0300][57.595s][info][gc] GC(1026) Pause Young (Allocation Failure) 320M->187M(912M) 0.517ms
[2020-01-31T08:51:21.353+0300][57.665s][info][gc] GC(1027) Pause Young (Allocation Failure) 301M->301M(912M) 58.636ms
[2020-01-31T08:51:21.426+0300][57.738s][info][gc] GC(1028) Pause Young (Allocation Failure) 415M->281M(912M) 49.803ms
[2020-01-31T08:51:21.489+0300][57.801s][info][gc] GC(1029) Pause Young (Allocation Failure) 395M->262M(912M) 39.666ms
[2020-01-31T08:51:21.539+0300][57.852s][info][gc] GC(1030) Pause Young (Allocation Failure) 376M->242M(912M) 28.797ms
[2020-01-31T08:51:21.581+0300][57.894s][info][gc] GC(1031) Pause Young (Allocation Failure) 356M->222M(912M) 19.229ms
[2020-01-31T08:51:21.604+0300][57.917s][info][gc] GC(1032) Pause Young (Allocation Failure) 323M->187M(912M) 0.521ms
[2020-01-31T08:51:21.676+0300][57.989s][info][gc] GC(1033) Pause Young (Allocation Failure) 301M->301M(912M) 60.051ms
[2020-01-31T08:51:21.749+0300][58.062s][info][gc] GC(1034) Pause Young (Allocation Failure) 415M->281M(912M) 49.603ms
[2020-01-31T08:51:21.811+0300][58.123s][info][gc] GC(1035) Pause Young (Allocation Failure) 395M->262M(912M) 39.264ms
[2020-01-31T08:51:21.862+0300][58.174s][info][gc] GC(1036) Pause Young (Allocation Failure) 376M->242M(912M) 28.695ms
[2020-01-31T08:51:21.904+0300][58.217s][info][gc] GC(1037) Pause Young (Allocation Failure) 356M->223M(912M) 19.431ms
[2020-01-31T08:51:21.927+0300][58.240s][info][gc] GC(1038) Pause Young (Allocation Failure) 321M->187M(912M) 0.513ms
[2020-01-31T08:51:21.999+0300][58.312s][info][gc] GC(1039) Pause Young (Allocation Failure) 301M->301M(912M) 59.391ms
[2020-01-31T08:51:22.071+0300][58.384s][info][gc] GC(1040) Pause Young (Allocation Failure) 415M->282M(912M) 48.843ms
[2020-01-31T08:51:22.134+0300][58.446s][info][gc] GC(1041) Pause Young (Allocation Failure) 396M->262M(912M) 39.757ms
[2020-01-31T08:51:22.186+0300][58.499s][info][gc] GC(1042) Pause Young (Allocation Failure) 376M->242M(912M) 29.715ms
[2020-01-31T08:51:22.229+0300][58.541s][info][gc] GC(1043) Pause Young (Allocation Failure) 356M->223M(912M) 19.254ms
[2020-01-31T08:51:22.251+0300][58.563s][info][gc] GC(1044) Pause Young (Allocation Failure) 321M->187M(912M) 0.526ms
[2020-01-31T08:51:22.321+0300][58.634s][info][gc] GC(1045) Pause Young (Allocation Failure) 301M->301M(912M) 58.848ms
[2020-01-31T08:51:22.394+0300][58.707s][info][gc] GC(1046) Pause Young (Allocation Failure) 415M->282M(912M) 49.619ms
[2020-01-31T08:51:22.457+0300][58.769s][info][gc] GC(1047) Pause Young (Allocation Failure) 396M->262M(912M) 39.543ms
[2020-01-31T08:51:22.509+0300][58.822s][info][gc] GC(1048) Pause Young (Allocation Failure) 376M->242M(912M) 29.692ms
[2020-01-31T08:51:22.551+0300][58.864s][info][gc] GC(1049) Pause Young (Allocation Failure) 356M->223M(912M) 19.171ms
[2020-01-31T08:51:22.574+0300][58.886s][info][gc] GC(1050) Pause Young (Allocation Failure) 323M->187M(912M) 0.519ms
[2020-01-31T08:51:22.645+0300][58.958s][info][gc] GC(1051) Pause Young (Allocation Failure) 301M->301M(912M) 59.384ms
[2020-01-31T08:51:22.717+0300][59.030s][info][gc] GC(1052) Pause Young (Allocation Failure) 415M->282M(912M) 49.401ms
[2020-01-31T08:51:22.779+0300][59.092s][info][gc] GC(1053) Pause Young (Allocation Failure) 396M->262M(912M) 38.955ms
[2020-01-31T08:51:22.832+0300][59.145s][info][gc] GC(1054) Pause Young (Allocation Failure) 376M->243M(912M) 28.636ms
[2020-01-31T08:51:22.875+0300][59.187s][info][gc] GC(1055) Pause Young (Allocation Failure) 357M->223M(912M) 19.585ms
[2020-01-31T08:51:22.899+0300][59.211s][info][gc] GC(1056) Pause Young (Allocation Failure) 321M->187M(912M) 0.963ms
[2020-01-31T08:51:22.971+0300][59.283s][info][gc] GC(1057) Pause Young (Allocation Failure) 301M->301M(912M) 59.941ms
[2020-01-31T08:51:23.042+0300][59.355s][info][gc] GC(1058) Pause Young (Allocation Failure) 415M->282M(912M) 48.937ms
[2020-01-31T08:51:23.105+0300][59.418s][info][gc] GC(1059) Pause Young (Allocation Failure) 396M->262M(912M) 39.975ms
[2020-01-31T08:51:23.158+0300][59.471s][info][gc] GC(1060) Pause Young (Allocation Failure) 376M->243M(912M) 30.285ms
[2020-01-31T08:51:23.201+0300][59.513s][info][gc] GC(1061) Pause Young (Allocation Failure) 357M->223M(912M) 19.323ms
[2020-01-31T08:51:23.223+0300][59.536s][info][gc] GC(1062) Pause Young (Allocation Failure) 321M->187M(912M) 0.623ms
[2020-01-31T08:51:23.294+0300][59.606s][info][gc] GC(1063) Pause Young (Allocation Failure) 301M->301M(912M) 58.511ms
[2020-01-31T08:51:23.366+0300][59.678s][info][gc] GC(1064) Pause Young (Allocation Failure) 415M->282M(912M) 49.667ms
[2020-01-31T08:51:23.427+0300][59.740s][info][gc] GC(1065) Pause Young (Allocation Failure) 396M->262M(912M) 39.338ms
[2020-01-31T08:51:23.486+0300][59.799s][info][gc] GC(1066) Pause Young (Allocation Failure) 376M->243M(912M) 35.228ms
[2020-01-31T08:51:23.528+0300][59.841s][info][gc] GC(1067) Pause Young (Allocation Failure) 357M->223M(912M) 19.218ms
[2020-01-31T08:51:23.551+0300][59.864s][info][gc] GC(1068) Pause Young (Allocation Failure) 323M->187M(912M) 0.516ms
[2020-01-31T08:51:23.625+0300][59.938s][info][gc] GC(1069) Pause Young (Allocation Failure) 301M->301M(912M) 61.914ms
[2020-01-31T08:51:23.699+0300][60.011s][info][gc] GC(1070) Pause Young (Allocation Failure) 415M->282M(912M) 49.696ms
[2020-01-31T08:51:23.759+0300][60.072s][info][gc] GC(1071) Pause Young (Allocation Failure) 396M->262M(912M) 39.182ms
[2020-01-31T08:51:23.810+0300][60.123s][info][gc] GC(1072) Pause Young (Allocation Failure) 376M->243M(912M) 28.700ms
[2020-01-31T08:51:23.853+0300][60.165s][info][gc] GC(1073) Pause Young (Allocation Failure) 357M->223M(912M) 19.409ms
[2020-01-31T08:51:23.875+0300][60.188s][info][gc] GC(1074) Pause Young (Allocation Failure) 321M->187M(912M) 0.520ms
[2020-01-31T08:51:23.948+0300][60.260s][info][gc] GC(1075) Pause Young (Allocation Failure) 301M->302M(912M) 60.114ms
[2020-01-31T08:51:24.020+0300][60.332s][info][gc] GC(1076) Pause Young (Allocation Failure) 416M->282M(912M) 49.699ms
[2020-01-31T08:51:24.084+0300][60.396s][info][gc] GC(1077) Pause Young (Allocation Failure) 396M->262M(912M) 40.550ms
[2020-01-31T08:51:24.135+0300][60.448s][info][gc] GC(1078) Pause Young (Allocation Failure) 376M->243M(912M) 29.632ms
[2020-01-31T08:51:24.180+0300][60.493s][info][gc] GC(1079) Pause Young (Allocation Failure) 357M->223M(912M) 21.880ms
[2020-01-31T08:51:24.203+0300][60.516s][info][gc] GC(1080) Pause Young (Allocation Failure) 321M->188M(912M) 0.519ms
[2020-01-31T08:51:24.274+0300][60.587s][info][gc] GC(1081) Pause Young (Allocation Failure) 302M->302M(912M) 58.379ms
[2020-01-31T08:51:24.347+0300][60.659s][info][gc] GC(1082) Pause Young (Allocation Failure) 416M->282M(912M) 50.519ms
[2020-01-31T08:51:24.409+0300][60.721s][info][gc] GC(1083) Pause Young (Allocation Failure) 396M->263M(912M) 39.186ms
[2020-01-31T08:51:24.461+0300][60.773s][info][gc] GC(1084) Pause Young (Allocation Failure) 377M->243M(912M) 29.691ms
[2020-01-31T08:51:24.506+0300][60.819s][info][gc] GC(1085) Pause Young (Allocation Failure) 357M->223M(912M) 22.281ms
[2020-01-31T08:51:24.530+0300][60.843s][info][gc] GC(1086) Pause Young (Allocation Failure) 321M->188M(912M) 0.891ms
[2020-01-31T08:51:24.618+0300][60.931s][info][gc] GC(1087) Pause Young (Allocation Failure) 302M->302M(912M) 74.894ms
[2020-01-31T08:51:24.691+0300][61.004s][info][gc] GC(1088) Pause Young (Allocation Failure) 416M->282M(912M) 49.547ms
[2020-01-31T08:51:24.753+0300][61.065s][info][gc] GC(1089) Pause Young (Allocation Failure) 396M->263M(912M) 39.039ms
[2020-01-31T08:51:24.804+0300][61.117s][info][gc] GC(1090) Pause Young (Allocation Failure) 377M->243M(912M) 28.812ms
[2020-01-31T08:51:24.847+0300][61.159s][info][gc] GC(1091) Pause Young (Allocation Failure) 357M->223M(912M) 19.564ms
[2020-01-31T08:51:24.870+0300][61.182s][info][gc] GC(1092) Pause Young (Allocation Failure) 321M->188M(912M) 0.521ms
[2020-01-31T08:51:24.940+0300][61.253s][info][gc] GC(1093) Pause Young (Allocation Failure) 302M->302M(912M) 58.281ms
[2020-01-31T08:51:25.013+0300][61.326s][info][gc] GC(1094) Pause Young (Allocation Failure) 416M->282M(912M) 50.992ms
[2020-01-31T08:51:25.076+0300][61.389s][info][gc] GC(1095) Pause Young (Allocation Failure) 396M->263M(912M) 40.089ms
[2020-01-31T08:51:25.128+0300][61.440s][info][gc] GC(1096) Pause Young (Allocation Failure) 377M->243M(912M) 29.323ms
[2020-01-31T08:51:25.170+0300][61.482s][info][gc] GC(1097) Pause Young (Allocation Failure) 357M->224M(912M) 19.422ms
[2020-01-31T08:51:25.192+0300][61.504s][info][gc] GC(1098) Pause Young (Allocation Failure) 321M->188M(912M) 0.521ms
[2020-01-31T08:51:25.262+0300][61.575s][info][gc] GC(1099) Pause Young (Allocation Failure) 302M->302M(912M) 58.488ms
[2020-01-31T08:51:25.335+0300][61.648s][info][gc] GC(1100) Pause Young (Allocation Failure) 416M->282M(912M) 50.262ms
[2020-01-31T08:51:25.397+0300][61.710s][info][gc] GC(1101) Pause Young (Allocation Failure) 396M->263M(912M) 39.193ms
[2020-01-31T08:51:25.449+0300][61.761s][info][gc] GC(1102) Pause Young (Allocation Failure) 377M->243M(912M) 29.233ms
[2020-01-31T08:51:25.496+0300][61.808s][info][gc] GC(1103) Pause Young (Allocation Failure) 357M->224M(912M) 23.310ms
[2020-01-31T08:51:25.521+0300][61.834s][info][gc] GC(1104) Pause Young (Allocation Failure) 322M->188M(912M) 0.899ms
[2020-01-31T08:51:25.608+0300][61.920s][info][gc] GC(1105) Pause Young (Allocation Failure) 302M->302M(912M) 73.382ms
[2020-01-31T08:51:25.679+0300][61.991s][info][gc] GC(1106) Pause Young (Allocation Failure) 416M->282M(912M) 48.943ms
[2020-01-31T08:51:25.740+0300][62.053s][info][gc] GC(1107) Pause Young (Allocation Failure) 396M->263M(912M) 38.987ms
[2020-01-31T08:51:25.792+0300][62.104s][info][gc] GC(1108) Pause Young (Allocation Failure) 377M->243M(912M) 29.002ms
[2020-01-31T08:51:25.834+0300][62.146s][info][gc] GC(1109) Pause Young (Allocation Failure) 357M->224M(912M) 19.266ms
[2020-01-31T08:51:25.856+0300][62.168s][info][gc] GC(1110) Pause Young (Allocation Failure) 322M->188M(912M) 0.520ms
[2020-01-31T08:51:25.927+0300][62.239s][info][gc] GC(1111) Pause Young (Allocation Failure) 302M->302M(912M) 58.451ms
[2020-01-31T08:51:26.000+0300][62.313s][info][gc] GC(1112) Pause Young (Allocation Failure) 416M->283M(912M) 50.165ms
[2020-01-31T08:51:26.063+0300][62.376s][info][gc] GC(1113) Pause Young (Allocation Failure) 397M->263M(912M) 40.111ms
[2020-01-31T08:51:26.116+0300][62.428s][info][gc] GC(1114) Pause Young (Allocation Failure) 377M->243M(912M) 28.936ms
[2020-01-31T08:51:26.158+0300][62.470s][info][gc] GC(1115) Pause Young (Allocation Failure) 357M->224M(912M) 19.464ms
[2020-01-31T08:51:26.180+0300][62.493s][info][gc] GC(1116) Pause Young (Allocation Failure) 322M->188M(912M) 0.522ms
[2020-01-31T08:51:26.251+0300][62.563s][info][gc] GC(1117) Pause Young (Allocation Failure) 302M->302M(912M) 58.378ms
[2020-01-31T08:51:26.323+0300][62.636s][info][gc] GC(1118) Pause Young (Allocation Failure) 416M->283M(912M) 49.744ms
[2020-01-31T08:51:26.385+0300][62.698s][info][gc] GC(1119) Pause Young (Allocation Failure) 397M->263M(912M) 39.616ms
[2020-01-31T08:51:26.438+0300][62.751s][info][gc] GC(1120) Pause Young (Allocation Failure) 377M->243M(912M) 29.994ms
[2020-01-31T08:51:26.481+0300][62.793s][info][gc] GC(1121) Pause Young (Allocation Failure) 357M->224M(912M) 19.492ms
[2020-01-31T08:51:26.504+0300][62.817s][info][gc] GC(1122) Pause Young (Allocation Failure) 324M->188M(912M) 0.510ms
[2020-01-31T08:51:26.577+0300][62.889s][info][gc] GC(1123) Pause Young (Allocation Failure) 302M->302M(912M) 60.692ms
[2020-01-31T08:51:26.649+0300][62.961s][info][gc] GC(1124) Pause Young (Allocation Failure) 416M->283M(912M) 49.566ms
[2020-01-31T08:51:26.711+0300][63.023s][info][gc] GC(1125) Pause Young (Allocation Failure) 397M->263M(912M) 39.011ms
[2020-01-31T08:51:26.761+0300][63.074s][info][gc] GC(1126) Pause Young (Allocation Failure) 377M->244M(912M) 28.777ms
[2020-01-31T08:51:26.804+0300][63.116s][info][gc] GC(1127) Pause Young (Allocation Failure) 358M->224M(912M) 19.288ms
[2020-01-31T08:51:26.826+0300][63.139s][info][gc] GC(1128) Pause Young (Allocation Failure) 322M->188M(912M) 0.522ms
[2020-01-31T08:51:26.897+0300][63.210s][info][gc] GC(1129) Pause Young (Allocation Failure) 302M->302M(912M) 58.532ms
[2020-01-31T08:51:26.972+0300][63.284s][info][gc] GC(1130) Pause Young (Allocation Failure) 416M->283M(912M) 50.568ms
[2020-01-31T08:51:27.035+0300][63.347s][info][gc] GC(1131) Pause Young (Allocation Failure) 397M->263M(912M) 39.873ms
[2020-01-31T08:51:27.086+0300][63.398s][info][gc] GC(1132) Pause Young (Allocation Failure) 377M->244M(912M) 28.612ms
[2020-01-31T08:51:27.128+0300][63.441s][info][gc] GC(1133) Pause Young (Allocation Failure) 358M->224M(912M) 19.248ms
[2020-01-31T08:51:27.150+0300][63.463s][info][gc] GC(1134) Pause Young (Allocation Failure) 322M->188M(912M) 0.519ms
[2020-01-31T08:51:27.221+0300][63.533s][info][gc] GC(1135) Pause Young (Allocation Failure) 302M->302M(912M) 58.380ms
[2020-01-31T08:51:27.295+0300][63.607s][info][gc] GC(1136) Pause Young (Allocation Failure) 416M->283M(912M) 51.215ms
[2020-01-31T08:51:27.358+0300][63.670s][info][gc] GC(1137) Pause Young (Allocation Failure) 397M->263M(912M) 39.529ms
[2020-01-31T08:51:27.410+0300][63.722s][info][gc] GC(1138) Pause Young (Allocation Failure) 377M->244M(912M) 28.873ms
[2020-01-31T08:51:27.452+0300][63.764s][info][gc] GC(1139) Pause Young (Allocation Failure) 358M->224M(912M) 19.463ms
[2020-01-31T08:51:27.475+0300][63.787s][info][gc] GC(1140) Pause Young (Allocation Failure) 322M->188M(912M) 0.573ms
[2020-01-31T08:51:27.547+0300][63.860s][info][gc] GC(1141) Pause Young (Allocation Failure) 302M->302M(912M) 60.669ms
[2020-01-31T08:51:27.620+0300][63.932s][info][gc] GC(1142) Pause Young (Allocation Failure) 416M->283M(912M) 49.328ms
[2020-01-31T08:51:27.681+0300][63.993s][info][gc] GC(1143) Pause Young (Allocation Failure) 397M->263M(912M) 39.038ms
[2020-01-31T08:51:27.734+0300][64.046s][info][gc] GC(1144) Pause Young (Allocation Failure) 377M->244M(912M) 29.958ms
[2020-01-31T08:51:27.776+0300][64.088s][info][gc] GC(1145) Pause Young (Allocation Failure) 358M->224M(912M) 19.422ms
[2020-01-31T08:51:27.798+0300][64.110s][info][gc] GC(1146) Pause Young (Allocation Failure) 324M->188M(912M) 0.514ms
[2020-01-31T08:51:27.868+0300][64.181s][info][gc] GC(1147) Pause Young (Allocation Failure) 302M->302M(912M) 58.558ms
[2020-01-31T08:51:27.940+0300][64.253s][info][gc] GC(1148) Pause Young (Allocation Failure) 416M->283M(912M) 48.873ms
[2020-01-31T08:51:28.005+0300][64.318s][info][gc] GC(1149) Pause Young (Allocation Failure) 397M->263M(912M) 42.038ms
[2020-01-31T08:51:28.058+0300][64.371s][info][gc] GC(1150) Pause Young (Allocation Failure) 377M->244M(912M) 29.439ms
[2020-01-31T08:51:28.100+0300][64.413s][info][gc] GC(1151) Pause Young (Allocation Failure) 358M->224M(912M) 19.273ms
[2020-01-31T08:51:28.123+0300][64.435s][info][gc] GC(1152) Pause Young (Allocation Failure) 322M->188M(912M) 0.523ms
[2020-01-31T08:51:28.194+0300][64.506s][info][gc] GC(1153) Pause Young (Allocation Failure) 302M->303M(912M) 58.272ms
[2020-01-31T08:51:28.265+0300][64.578s][info][gc] GC(1154) Pause Young (Allocation Failure) 417M->283M(912M) 49.730ms
[2020-01-31T08:51:28.330+0300][64.643s][info][gc] GC(1155) Pause Young (Allocation Failure) 397M->264M(912M) 39.781ms
[2020-01-31T08:51:28.382+0300][64.695s][info][gc] GC(1156) Pause Young (Allocation Failure) 378M->244M(912M) 29.596ms
[2020-01-31T08:51:28.425+0300][64.737s][info][gc] GC(1157) Pause Young (Allocation Failure) 358M->224M(912M) 19.397ms
[2020-01-31T08:51:28.448+0300][64.760s][info][gc] GC(1158) Pause Young (Allocation Failure) 322M->189M(912M) 0.943ms
[2020-01-31T08:51:28.520+0300][64.832s][info][gc] GC(1159) Pause Young (Allocation Failure) 303M->303M(912M) 59.587ms
[2020-01-31T08:51:28.596+0300][64.908s][info][gc] GC(1160) Pause Young (Allocation Failure) 417M->283M(912M) 52.270ms
[2020-01-31T08:51:28.657+0300][64.969s][info][gc] GC(1161) Pause Young (Allocation Failure) 397M->263M(912M) 38.611ms
[2020-01-31T08:51:28.709+0300][65.022s][info][gc] GC(1162) Pause Young (Allocation Failure) 377M->244M(912M) 29.463ms
[2020-01-31T08:51:28.751+0300][65.064s][info][gc] GC(1163) Pause Young (Allocation Failure) 358M->224M(912M) 18.843ms
[2020-01-31T08:51:28.775+0300][65.087s][info][gc] GC(1164) Pause Young (Allocation Failure) 325M->189M(912M) 0.979ms
[2020-01-31T08:51:28.846+0300][65.158s][info][gc] GC(1165) Pause Young (Allocation Failure) 303M->303M(912M) 58.826ms
[2020-01-31T08:51:28.917+0300][65.229s][info][gc] GC(1166) Pause Young (Allocation Failure) 417M->283M(912M) 48.863ms
[2020-01-31T08:51:28.981+0300][65.293s][info][gc] GC(1167) Pause Young (Allocation Failure) 397M->264M(912M) 41.202ms
[2020-01-31T08:51:29.033+0300][65.346s][info][gc] GC(1168) Pause Young (Allocation Failure) 378M->244M(912M) 30.198ms
[2020-01-31T08:51:29.075+0300][65.387s][info][gc] GC(1169) Pause Young (Allocation Failure) 358M->224M(912M) 19.403ms
[2020-01-31T08:51:29.097+0300][65.410s][info][gc] GC(1170) Pause Young (Allocation Failure) 322M->189M(912M) 0.528ms
[2020-01-31T08:51:29.168+0300][65.480s][info][gc] GC(1171) Pause Young (Allocation Failure) 303M->303M(912M) 58.504ms
[2020-01-31T08:51:29.241+0300][65.553s][info][gc] GC(1172) Pause Young (Allocation Failure) 417M->283M(912M) 50.208ms
[2020-01-31T08:51:29.303+0300][65.615s][info][gc] GC(1173) Pause Young (Allocation Failure) 397M->264M(912M) 39.197ms
[2020-01-31T08:51:29.355+0300][65.667s][info][gc] GC(1174) Pause Young (Allocation Failure) 378M->244M(912M) 29.710ms
[2020-01-31T08:51:29.397+0300][65.710s][info][gc] GC(1175) Pause Young (Allocation Failure) 358M->225M(912M) 19.370ms
[2020-01-31T08:51:29.419+0300][65.732s][info][gc] GC(1176) Pause Young (Allocation Failure) 322M->189M(912M) 0.519ms
[2020-01-31T08:51:29.492+0300][65.804s][info][gc] GC(1177) Pause Young (Allocation Failure) 303M->303M(912M) 60.243ms
[2020-01-31T08:51:29.564+0300][65.877s][info][gc] GC(1178) Pause Young (Allocation Failure) 417M->283M(912M) 49.382ms
[2020-01-31T08:51:29.625+0300][65.938s][info][gc] GC(1179) Pause Young (Allocation Failure) 397M->264M(912M) 38.342ms
[2020-01-31T08:51:29.679+0300][65.991s][info][gc] GC(1180) Pause Young (Allocation Failure) 378M->244M(912M) 28.942ms
[2020-01-31T08:51:29.721+0300][66.033s][info][gc] GC(1181) Pause Young (Allocation Failure) 358M->225M(912M) 19.312ms
[2020-01-31T08:51:29.742+0300][66.055s][info][gc] GC(1182) Pause Young (Allocation Failure) 325M->189M(912M) 0.521ms
[2020-01-31T08:51:29.814+0300][66.126s][info][gc] GC(1183) Pause Young (Allocation Failure) 303M->303M(912M) 59.103ms
[2020-01-31T08:51:29.885+0300][66.198s][info][gc] GC(1184) Pause Young (Allocation Failure) 417M->283M(912M) 48.849ms
[2020-01-31T08:51:29.948+0300][66.260s][info][gc] GC(1185) Pause Young (Allocation Failure) 397M->264M(912M) 39.732ms
[2020-01-31T08:51:30.002+0300][66.314s][info][gc] GC(1186) Pause Young (Allocation Failure) 378M->244M(912M) 31.600ms
[2020-01-31T08:51:30.045+0300][66.357s][info][gc] GC(1187) Pause Young (Allocation Failure) 358M->225M(912M) 19.466ms
[2020-01-31T08:51:30.067+0300][66.379s][info][gc] GC(1188) Pause Young (Allocation Failure) 323M->189M(912M) 0.522ms
[2020-01-31T08:51:30.137+0300][66.450s][info][gc] GC(1189) Pause Young (Allocation Failure) 303M->303M(912M) 58.385ms
[2020-01-31T08:51:30.210+0300][66.523s][info][gc] GC(1190) Pause Young (Allocation Failure) 417M->284M(912M) 50.178ms
[2020-01-31T08:51:30.272+0300][66.584s][info][gc] GC(1191) Pause Young (Allocation Failure) 398M->264M(912M) 38.916ms
