[2020-01-29T21:56:11.971+0300][0.009s][debug][gc] ConcGCThreads: 0
[2020-01-29T21:56:11.971+0300][0.009s][debug][gc] ParallelGCThreads: 4
[2020-01-29T21:56:11.971+0300][0.009s][info ][gc] Using Concurrent Mark Sweep
[2020-01-29T21:56:12.367+0300][0.406s][info ][gc] GC(0) Pause Young (Allocation Failure) 68M->72M(247M) 186.967ms
[2020-01-29T21:56:12.462+0300][0.501s][info ][gc] GC(1) Pause Young (Allocation Failure) 140M->150M(247M) 83.183ms
[2020-01-29T21:56:12.464+0300][0.502s][info ][gc] GC(2) Pause Initial Mark 151M->151M(247M) 1.211ms
[2020-01-29T21:56:12.464+0300][0.503s][info ][gc] GC(2) Concurrent Mark
[2020-01-29T21:56:12.487+0300][0.525s][info ][gc] GC(3) Pause Young (Allocation Failure) 218M->218M(247M) 0.043ms
[2020-01-29T21:56:12.584+0300][0.623s][debug][gc] GC(2) Concurrent active time: 118.472ms
[2020-01-29T21:56:12.584+0300][0.623s][info ][gc] GC(2) Concurrent Mark 119.846ms
[2020-01-29T21:56:12.584+0300][0.623s][debug][gc] GC(4) Concurrent mode failure
[2020-01-29T21:56:12.685+0300][0.724s][info ][gc] GC(4) Pause Full (Allocation Failure) 218M->56M(247M) 198.374ms
[2020-01-29T21:56:12.753+0300][0.792s][info ][gc] GC(5) Pause Young (Allocation Failure) 124M->144M(247M) 59.424ms
[2020-01-29T21:56:12.754+0300][0.793s][info ][gc] GC(6) Pause Initial Mark 145M->145M(247M) 1.148ms
[2020-01-29T21:56:12.754+0300][0.793s][info ][gc] GC(6) Concurrent Mark
[2020-01-29T21:56:12.781+0300][0.820s][info ][gc] GC(7) Pause Young (Allocation Failure) 212M->212M(247M) 0.045ms
[2020-01-29T21:56:12.872+0300][0.911s][debug][gc] GC(6) Concurrent active time: 117.288ms
[2020-01-29T21:56:12.872+0300][0.911s][info ][gc] GC(6) Concurrent Mark 117.517ms
[2020-01-29T21:56:12.872+0300][0.911s][debug][gc] GC(8) Concurrent mode failure
[2020-01-29T21:56:12.973+0300][1.012s][info ][gc] GC(8) Pause Full (Allocation Failure) 212M->58M(247M) 191.716ms
[2020-01-29T21:56:13.049+0300][1.088s][info ][gc] GC(9) Pause Young (Allocation Failure) 126M->145M(247M) 62.784ms
[2020-01-29T21:56:13.052+0300][1.090s][info ][gc] GC(10) Pause Initial Mark 146M->146M(247M) 2.176ms
[2020-01-29T21:56:13.052+0300][1.091s][info ][gc] GC(10) Concurrent Mark
[2020-01-29T21:56:13.074+0300][1.112s][info ][gc] GC(11) Pause Young (Allocation Failure) 213M->213M(247M) 0.044ms
[2020-01-29T21:56:13.171+0300][1.210s][debug][gc] GC(10) Concurrent active time: 118.713ms
[2020-01-29T21:56:13.171+0300][1.210s][info ][gc] GC(10) Concurrent Mark 118.937ms
[2020-01-29T21:56:13.171+0300][1.210s][debug][gc] GC(12) Concurrent mode failure
[2020-01-29T21:56:13.274+0300][1.312s][info ][gc] GC(12) Pause Full (Allocation Failure) 213M->59M(247M) 200.041ms
[2020-01-29T21:56:13.361+0300][1.399s][info ][gc] GC(13) Pause Young (Allocation Failure) 127M->147M(247M) 75.935ms
[2020-01-29T21:56:13.363+0300][1.402s][info ][gc] GC(14) Pause Initial Mark 147M->147M(247M) 2.177ms
[2020-01-29T21:56:13.363+0300][1.402s][info ][gc] GC(14) Concurrent Mark
[2020-01-29T21:56:13.382+0300][1.420s][info ][gc] GC(15) Pause Young (Allocation Failure) 216M->216M(247M) 0.042ms
[2020-01-29T21:56:13.480+0300][1.519s][debug][gc] GC(14) Concurrent active time: 116.948ms
[2020-01-29T21:56:13.480+0300][1.519s][info ][gc] GC(14) Concurrent Mark 117.155ms
[2020-01-29T21:56:13.480+0300][1.519s][debug][gc] GC(16) Concurrent mode failure
[2020-01-29T21:56:13.586+0300][1.624s][info ][gc] GC(16) Pause Full (Allocation Failure) 216M->62M(247M) 203.475ms
[2020-01-29T21:56:13.652+0300][1.690s][info ][gc] GC(17) Pause Young (Allocation Failure) 130M->150M(247M) 57.868ms
[2020-01-29T21:56:13.654+0300][1.692s][info ][gc] GC(18) Pause Initial Mark 150M->150M(247M) 1.643ms
[2020-01-29T21:56:13.654+0300][1.692s][info ][gc] GC(18) Concurrent Mark
[2020-01-29T21:56:13.671+0300][1.710s][info ][gc] GC(19) Pause Young (Allocation Failure) 218M->218M(247M) 0.042ms
[2020-01-29T21:56:13.771+0300][1.810s][debug][gc] GC(18) Concurrent active time: 118.010ms
[2020-01-29T21:56:13.772+0300][1.810s][info ][gc] GC(18) Concurrent Mark 118.229ms
[2020-01-29T21:56:13.772+0300][1.810s][debug][gc] GC(20) Concurrent mode failure
[2020-01-29T21:56:13.880+0300][1.918s][info ][gc] GC(20) Pause Full (Allocation Failure) 218M->64M(247M) 208.040ms
[2020-01-29T21:56:13.944+0300][1.982s][info ][gc] GC(21) Pause Young (Allocation Failure) 133M->153M(247M) 55.205ms
[2020-01-29T21:56:13.945+0300][1.983s][info ][gc] GC(22) Pause Initial Mark 154M->154M(247M) 1.143ms
[2020-01-29T21:56:13.945+0300][1.983s][info ][gc] GC(22) Concurrent Mark
[2020-01-29T21:56:13.964+0300][2.002s][info ][gc] GC(23) Pause Young (Allocation Failure) 221M->221M(247M) 0.044ms
[2020-01-29T21:56:14.065+0300][2.104s][debug][gc] GC(22) Concurrent active time: 120.791ms
[2020-01-29T21:56:14.065+0300][2.104s][info ][gc] GC(22) Concurrent Mark 121.004ms
[2020-01-29T21:56:14.065+0300][2.104s][debug][gc] GC(24) Concurrent mode failure
[2020-01-29T21:56:14.178+0300][2.216s][info ][gc] GC(24) Pause Full (Allocation Failure) 221M->67M(247M) 214.261ms
[2020-01-29T21:56:14.298+0300][2.337s][info ][gc] GC(25) Pause Young (Allocation Failure) 136M->155M(247M) 101.415ms
[2020-01-29T21:56:14.309+0300][2.348s][info ][gc] GC(26) Pause Initial Mark 174M->174M(247M) 10.231ms
[2020-01-29T21:56:14.310+0300][2.348s][info ][gc] GC(26) Concurrent Mark
[2020-01-29T21:56:14.312+0300][2.351s][debug][gc] GC(26) Concurrent active time: 2.633ms
[2020-01-29T21:56:14.312+0300][2.351s][info ][gc] GC(26) Concurrent Mark 2.717ms
[2020-01-29T21:56:14.312+0300][2.351s][info ][gc] GC(26) Concurrent Preclean
[2020-01-29T21:56:14.312+0300][2.351s][debug][gc] GC(26) Concurrent active time: 0.156ms
[2020-01-29T21:56:14.312+0300][2.351s][info ][gc] GC(26) Concurrent Preclean 0.186ms
[2020-01-29T21:56:14.312+0300][2.351s][info ][gc] GC(26) Concurrent Abortable Preclean
[2020-01-29T21:56:14.312+0300][2.351s][debug][gc] GC(26) Concurrent active time: 0.005ms
[2020-01-29T21:56:14.313+0300][2.351s][info ][gc] GC(26) Concurrent Abortable Preclean 0.032ms
[2020-01-29T21:56:14.313+0300][2.351s][debug][gc] GC(26) YG occupancy: 44900 K (78656 K)
[2020-01-29T21:56:14.329+0300][2.368s][info ][gc] GC(26) Pause Remark 191M->191M(247M) 16.599ms
[2020-01-29T21:56:14.329+0300][2.368s][info ][gc] GC(26) Concurrent Sweep
[2020-01-29T21:56:14.334+0300][2.373s][info ][gc] GC(27) Pause Young (Allocation Failure) 196M->196M(247M) 0.044ms
[2020-01-29T21:56:14.398+0300][2.436s][debug][gc] GC(26) Concurrent active time: 68.069ms
[2020-01-29T21:56:14.398+0300][2.436s][info ][gc] GC(26) Concurrent Sweep 68.280ms
[2020-01-29T21:56:14.398+0300][2.436s][debug][gc] GC(28) Concurrent mode failure
[2020-01-29T21:56:14.489+0300][2.528s][info ][gc] GC(28) Pause Full (Allocation Failure) 196M->70M(247M) 154.962ms
[2020-01-29T21:56:14.584+0300][2.623s][info ][gc] GC(29) Pause Young (Allocation Failure) 136M->154M(247M) 76.289ms
[2020-01-29T21:56:14.594+0300][2.632s][info ][gc] GC(30) Pause Initial Mark 173M->173M(247M) 8.809ms
[2020-01-29T21:56:14.594+0300][2.632s][info ][gc] GC(30) Concurrent Mark
[2020-01-29T21:56:14.596+0300][2.635s][debug][gc] GC(30) Concurrent active time: 2.554ms
[2020-01-29T21:56:14.596+0300][2.635s][info ][gc] GC(30) Concurrent Mark 2.614ms
[2020-01-29T21:56:14.596+0300][2.635s][info ][gc] GC(30) Concurrent Preclean
[2020-01-29T21:56:14.597+0300][2.635s][debug][gc] GC(30) Concurrent active time: 0.158ms
[2020-01-29T21:56:14.597+0300][2.635s][info ][gc] GC(30) Concurrent Preclean 0.190ms
[2020-01-29T21:56:14.597+0300][2.635s][info ][gc] GC(30) Concurrent Abortable Preclean
[2020-01-29T21:56:14.597+0300][2.635s][debug][gc] GC(30) Concurrent active time: 0.004ms
[2020-01-29T21:56:14.597+0300][2.635s][info ][gc] GC(30) Concurrent Abortable Preclean 0.031ms
[2020-01-29T21:56:14.597+0300][2.635s][debug][gc] GC(30) YG occupancy: 51776 K (78656 K)
[2020-01-29T21:56:14.607+0300][2.645s][info ][gc] GC(30) Pause Remark 196M->196M(247M) 10.094ms
[2020-01-29T21:56:14.607+0300][2.645s][info ][gc] GC(30) Concurrent Sweep
[2020-01-29T21:56:14.610+0300][2.649s][info ][gc] GC(31) Pause Young (Allocation Failure) 197M->197M(247M) 0.045ms
[2020-01-29T21:56:14.682+0300][2.720s][debug][gc] GC(30) Concurrent active time: 74.470ms
[2020-01-29T21:56:14.682+0300][2.720s][info ][gc] GC(30) Concurrent Sweep 74.717ms
[2020-01-29T21:56:14.682+0300][2.720s][debug][gc] GC(32) Concurrent mode failure
[2020-01-29T21:56:14.777+0300][2.815s][info ][gc] GC(32) Pause Full (Allocation Failure) 197M->70M(247M) 166.268ms
[2020-01-29T21:56:14.850+0300][2.888s][info ][gc] GC(33) Pause Young (Allocation Failure) 136M->154M(247M) 54.124ms
[2020-01-29T21:56:14.859+0300][2.897s][info ][gc] GC(34) Pause Initial Mark 173M->173M(247M) 8.809ms
[2020-01-29T21:56:14.859+0300][2.897s][info ][gc] GC(34) Concurrent Mark
[2020-01-29T21:56:14.861+0300][2.900s][debug][gc] GC(34) Concurrent active time: 2.405ms
[2020-01-29T21:56:14.861+0300][2.900s][info ][gc] GC(34) Concurrent Mark 2.462ms
[2020-01-29T21:56:14.861+0300][2.900s][info ][gc] GC(34) Concurrent Preclean
[2020-01-29T21:56:14.861+0300][2.900s][debug][gc] GC(34) Concurrent active time: 0.149ms
[2020-01-29T21:56:14.861+0300][2.900s][info ][gc] GC(34) Concurrent Preclean 0.180ms
[2020-01-29T21:56:14.861+0300][2.900s][info ][gc] GC(34) Concurrent Abortable Preclean
[2020-01-29T21:56:14.861+0300][2.900s][debug][gc] GC(34) Concurrent active time: 0.004ms
[2020-01-29T21:56:14.861+0300][2.900s][info ][gc] GC(34) Concurrent Abortable Preclean 0.030ms
[2020-01-29T21:56:14.861+0300][2.900s][debug][gc] GC(34) YG occupancy: 51750 K (78656 K)
[2020-01-29T21:56:14.871+0300][2.910s][info ][gc] GC(34) Pause Remark 196M->196M(247M) 10.213ms
[2020-01-29T21:56:14.872+0300][2.910s][info ][gc] GC(34) Concurrent Sweep
[2020-01-29T21:56:14.875+0300][2.914s][info ][gc] GC(35) Pause Young (Allocation Failure) 198M->198M(247M) 0.042ms
[2020-01-29T21:56:14.941+0300][2.979s][debug][gc] GC(34) Concurrent active time: 68.771ms
[2020-01-29T21:56:14.941+0300][2.979s][info ][gc] GC(34) Concurrent Sweep 68.967ms
[2020-01-29T21:56:14.941+0300][2.979s][debug][gc] GC(36) Concurrent mode failure
[2020-01-29T21:56:15.035+0300][3.073s][info ][gc] GC(36) Pause Full (Allocation Failure) 198M->70M(247M) 158.742ms
[2020-01-29T21:56:15.108+0300][3.147s][info ][gc] GC(37) Pause Young (Allocation Failure) 136M->154M(247M) 55.243ms
[2020-01-29T21:56:15.118+0300][3.157s][info ][gc] GC(38) Pause Initial Mark 173M->173M(247M) 8.851ms
[2020-01-29T21:56:15.118+0300][3.157s][info ][gc] GC(38) Concurrent Mark
[2020-01-29T21:56:15.121+0300][3.159s][debug][gc] GC(38) Concurrent active time: 2.535ms
[2020-01-29T21:56:15.121+0300][3.159s][info ][gc] GC(38) Concurrent Mark 2.598ms
[2020-01-29T21:56:15.121+0300][3.159s][info ][gc] GC(38) Concurrent Preclean
[2020-01-29T21:56:15.121+0300][3.159s][debug][gc] GC(38) Concurrent active time: 0.154ms
[2020-01-29T21:56:15.121+0300][3.159s][info ][gc] GC(38) Concurrent Preclean 0.186ms
[2020-01-29T21:56:15.121+0300][3.160s][info ][gc] GC(38) Concurrent Abortable Preclean
[2020-01-29T21:56:15.121+0300][3.160s][debug][gc] GC(38) Concurrent active time: 0.004ms
[2020-01-29T21:56:15.121+0300][3.160s][info ][gc] GC(38) Concurrent Abortable Preclean 0.031ms
[2020-01-29T21:56:15.121+0300][3.160s][debug][gc] GC(38) YG occupancy: 50483 K (78656 K)
[2020-01-29T21:56:15.129+0300][3.170s][info ][gc] GC(38) Pause Remark 195M->195M(247M) 10.231ms
[2020-01-29T21:56:15.129+0300][3.170s][info ][gc] GC(38) Concurrent Sweep
[2020-01-29T21:56:15.134+0300][3.173s][info ][gc] GC(39) Pause Young (Allocation Failure) 198M->198M(247M) 0.041ms
[2020-01-29T21:56:15.199+0300][3.239s][debug][gc] GC(38) Concurrent active time: 69.363ms
[2020-01-29T21:56:15.199+0300][3.239s][info ][gc] GC(38) Concurrent Sweep 69.548ms
[2020-01-29T21:56:15.199+0300][3.239s][debug][gc] GC(40) Concurrent mode failure
[2020-01-29T21:56:15.289+0300][3.332s][info ][gc] GC(40) Pause Full (Allocation Failure) 198M->70M(247M) 158.162ms
[2020-01-29T21:56:15.359+0300][3.400s][info ][gc] GC(41) Pause Young (Allocation Failure) 136M->154M(247M) 53.004ms
[2020-01-29T21:56:15.372+0300][3.410s][info ][gc] GC(42) Pause Initial Mark 174M->174M(247M) 8.840ms
[2020-01-29T21:56:15.372+0300][3.410s][info ][gc] GC(42) Concurrent Mark
[2020-01-29T21:56:15.374+0300][3.413s][debug][gc] GC(42) Concurrent active time: 2.569ms
[2020-01-29T21:56:15.374+0300][3.413s][info ][gc] GC(42) Concurrent Mark 2.642ms
[2020-01-29T21:56:15.374+0300][3.413s][info ][gc] GC(42) Concurrent Preclean
[2020-01-29T21:56:15.374+0300][3.413s][debug][gc] GC(42) Concurrent active time: 0.152ms
[2020-01-29T21:56:15.374+0300][3.413s][info ][gc] GC(42) Concurrent Preclean 0.184ms
[2020-01-29T21:56:15.374+0300][3.413s][info ][gc] GC(42) Concurrent Abortable Preclean
[2020-01-29T21:56:15.374+0300][3.413s][debug][gc] GC(42) Concurrent active time: 0.004ms
[2020-01-29T21:56:15.374+0300][3.413s][info ][gc] GC(42) Concurrent Abortable Preclean 0.031ms
[2020-01-29T21:56:15.374+0300][3.413s][debug][gc] GC(42) YG occupancy: 47585 K (78656 K)
[2020-01-29T21:56:15.384+0300][3.423s][info ][gc] GC(42) Pause Remark 192M->192M(247M) 10.017ms
[2020-01-29T21:56:15.384+0300][3.423s][info ][gc] GC(42) Concurrent Sweep
[2020-01-29T21:56:15.389+0300][3.429s][info ][gc] GC(43) Pause Young (Allocation Failure) 194M->194M(247M) 0.048ms
[2020-01-29T21:56:15.450+0300][3.491s][debug][gc] GC(42) Concurrent active time: 67.622ms
[2020-01-29T21:56:15.450+0300][3.491s][info ][gc] GC(42) Concurrent Sweep 67.861ms
[2020-01-29T21:56:15.450+0300][3.491s][debug][gc] GC(44) Concurrent mode failure
[2020-01-29T21:56:15.544+0300][3.582s][info ][gc] GC(44) Pause Full (Allocation Failure) 194M->69M(247M) 153.590ms
[2020-01-29T21:56:15.614+0300][3.655s][info ][gc] GC(45) Pause Young (Allocation Failure) 136M->155M(247M) 52.976ms
[2020-01-29T21:56:15.624+0300][3.665s][info ][gc] GC(46) Pause Initial Mark 174M->174M(247M) 8.835ms
[2020-01-29T21:56:15.624+0300][3.665s][info ][gc] GC(46) Concurrent Mark
[2020-01-29T21:56:15.629+0300][3.668s][debug][gc] GC(46) Concurrent active time: 2.442ms
[2020-01-29T21:56:15.629+0300][3.668s][info ][gc] GC(46) Concurrent Mark 2.504ms
[2020-01-29T21:56:15.629+0300][3.668s][info ][gc] GC(46) Concurrent Preclean
[2020-01-29T21:56:15.629+0300][3.668s][debug][gc] GC(46) Concurrent active time: 0.154ms
[2020-01-29T21:56:15.629+0300][3.668s][info ][gc] GC(46) Concurrent Preclean 0.187ms
[2020-01-29T21:56:15.629+0300][3.668s][info ][gc] GC(46) Concurrent Abortable Preclean
[2020-01-29T21:56:15.629+0300][3.668s][debug][gc] GC(46) Concurrent active time: 0.004ms
[2020-01-29T21:56:15.629+0300][3.668s][info ][gc] GC(46) Concurrent Abortable Preclean 0.031ms
[2020-01-29T21:56:15.629+0300][3.668s][debug][gc] GC(46) YG occupancy: 50392 K (78656 K)
[2020-01-29T21:56:15.640+0300][3.678s][info ][gc] GC(46) Pause Remark 195M->195M(247M) 10.217ms
[2020-01-29T21:56:15.640+0300][3.678s][info ][gc] GC(46) Concurrent Sweep
[2020-01-29T21:56:15.640+0300][3.682s][info ][gc] GC(47) Pause Young (Allocation Failure) 198M->198M(247M) 0.040ms
[2020-01-29T21:56:15.705+0300][3.745s][debug][gc] GC(46) Concurrent active time: 66.930ms
[2020-01-29T21:56:15.705+0300][3.745s][info ][gc] GC(46) Concurrent Sweep 67.109ms
[2020-01-29T21:56:15.705+0300][3.745s][debug][gc] GC(48) Concurrent mode failure
[2020-01-29T21:56:15.799+0300][3.838s][info ][gc] GC(48) Pause Full (Allocation Failure) 198M->70M(247M) 155.864ms
[2020-01-29T21:56:15.880+0300][3.919s][info ][gc] GC(49) Pause Young (Allocation Failure) 136M->154M(247M) 56.785ms
[2020-01-29T21:56:15.890+0300][3.932s][info ][gc] GC(50) Pause Initial Mark 173M->173M(247M) 9.183ms
[2020-01-29T21:56:15.890+0300][3.932s][info ][gc] GC(50) Concurrent Mark
[2020-01-29T21:56:15.895+0300][3.934s][debug][gc] GC(50) Concurrent active time: 2.459ms
[2020-01-29T21:56:15.895+0300][3.934s][info ][gc] GC(50) Concurrent Mark 2.519ms
[2020-01-29T21:56:15.895+0300][3.934s][info ][gc] GC(50) Concurrent Preclean
[2020-01-29T21:56:15.895+0300][3.935s][debug][gc] GC(50) Concurrent active time: 0.162ms
[2020-01-29T21:56:15.895+0300][3.935s][info ][gc] GC(50) Concurrent Preclean 0.195ms
[2020-01-29T21:56:15.895+0300][3.935s][info ][gc] GC(50) Concurrent Abortable Preclean
[2020-01-29T21:56:15.895+0300][3.935s][debug][gc] GC(50) Concurrent active time: 0.004ms
[2020-01-29T21:56:15.895+0300][3.935s][info ][gc] GC(50) Concurrent Abortable Preclean 0.031ms
[2020-01-29T21:56:15.895+0300][3.935s][debug][gc] GC(50) YG occupancy: 40984 K (78656 K)
[2020-01-29T21:56:15.905+0300][3.945s][info ][gc] GC(50) Pause Remark 186M->186M(247M) 9.763ms
[2020-01-29T21:56:15.905+0300][3.945s][info ][gc] GC(50) Concurrent Sweep
[2020-01-29T21:56:15.910+0300][3.952s][info ][gc] GC(51) Pause Young (Allocation Failure) 191M->191M(247M) 0.038ms
[2020-01-29T21:56:15.974+0300][4.012s][debug][gc] GC(50) Concurrent active time: 67.566ms
[2020-01-29T21:56:15.974+0300][4.012s][info ][gc] GC(50) Concurrent Sweep 67.796ms
[2020-01-29T21:56:15.974+0300][4.012s][debug][gc] GC(52) Concurrent mode failure
[2020-01-29T21:56:16.065+0300][4.105s][info ][gc] GC(52) Pause Full (Allocation Failure) 191M->69M(247M) 153.296ms
[2020-01-29T21:56:16.135+0300][4.176s][info ][gc] GC(53) Pause Young (Allocation Failure) 136M->155M(247M) 53.459ms
[2020-01-29T21:56:16.148+0300][4.186s][info ][gc] GC(54) Pause Initial Mark 174M->174M(247M) 9.076ms
[2020-01-29T21:56:16.148+0300][4.186s][info ][gc] GC(54) Concurrent Mark
[2020-01-29T21:56:16.151+0300][4.189s][debug][gc] GC(54) Concurrent active time: 2.559ms
[2020-01-29T21:56:16.151+0300][4.189s][info ][gc] GC(54) Concurrent Mark 2.621ms
[2020-01-29T21:56:16.151+0300][4.189s][info ][gc] GC(54) Concurrent Preclean
[2020-01-29T21:56:16.151+0300][4.189s][debug][gc] GC(54) Concurrent active time: 0.160ms
[2020-01-29T21:56:16.151+0300][4.189s][info ][gc] GC(54) Concurrent Preclean 0.192ms
[2020-01-29T21:56:16.151+0300][4.189s][info ][gc] GC(54) Concurrent Abortable Preclean
[2020-01-29T21:56:16.151+0300][4.189s][debug][gc] GC(54) Concurrent active time: 0.004ms
[2020-01-29T21:56:16.151+0300][4.189s][info ][gc] GC(54) Concurrent Abortable Preclean 0.031ms
[2020-01-29T21:56:16.151+0300][4.189s][debug][gc] GC(54) YG occupancy: 51680 K (78656 K)
[2020-01-29T21:56:16.162+0300][4.200s][info ][gc] GC(54) Pause Remark 197M->197M(247M) 11.194ms
[2020-01-29T21:56:16.162+0300][4.200s][info ][gc] GC(54) Concurrent Sweep
[2020-01-29T21:56:16.166+0300][4.204s][info ][gc] GC(55) Pause Young (Allocation Failure) 200M->200M(247M) 0.041ms
[2020-01-29T21:56:16.236+0300][4.275s][debug][gc] GC(54) Concurrent active time: 74.432ms
[2020-01-29T21:56:16.236+0300][4.275s][info ][gc] GC(54) Concurrent Sweep 74.663ms
[2020-01-29T21:56:16.236+0300][4.275s][debug][gc] GC(56) Concurrent mode failure
[2020-01-29T21:56:16.330+0300][4.369s][info ][gc] GC(56) Pause Full (Allocation Failure) 200M->70M(247M) 165.006ms
[2020-01-29T21:56:16.404+0300][4.443s][info ][gc] GC(57) Pause Young (Allocation Failure) 137M->155M(247M) 55.736ms
[2020-01-29T21:56:16.414+0300][4.453s][info ][gc] GC(58) Pause Initial Mark 174M->174M(247M) 8.824ms
[2020-01-29T21:56:16.415+0300][4.453s][info ][gc] GC(58) Concurrent Mark
[2020-01-29T21:56:16.417+0300][4.456s][debug][gc] GC(58) Concurrent active time: 2.730ms
[2020-01-29T21:56:16.417+0300][4.456s][info ][gc] GC(58) Concurrent Mark 2.793ms
[2020-01-29T21:56:16.417+0300][4.456s][info ][gc] GC(58) Concurrent Preclean
[2020-01-29T21:56:16.418+0300][4.456s][debug][gc] GC(58) Concurrent active time: 0.172ms
[2020-01-29T21:56:16.418+0300][4.456s][info ][gc] GC(58) Concurrent Preclean 0.205ms
[2020-01-29T21:56:16.418+0300][4.456s][info ][gc] GC(58) Concurrent Abortable Preclean
[2020-01-29T21:56:16.418+0300][4.456s][debug][gc] GC(58) Concurrent active time: 0.004ms
[2020-01-29T21:56:16.418+0300][4.456s][info ][gc] GC(58) Concurrent Abortable Preclean 0.031ms
[2020-01-29T21:56:16.418+0300][4.456s][debug][gc] GC(58) YG occupancy: 54484 K (78656 K)
[2020-01-29T21:56:16.428+0300][4.467s][info ][gc] GC(58) Pause Remark 199M->199M(247M) 10.445ms
[2020-01-29T21:56:16.428+0300][4.467s][info ][gc] GC(58) Concurrent Sweep
[2020-01-29T21:56:16.431+0300][4.470s][info ][gc] GC(59) Pause Young (Allocation Failure) 198M->198M(247M) 0.042ms
[2020-01-29T21:56:16.502+0300][4.540s][debug][gc] GC(58) Concurrent active time: 73.203ms
[2020-01-29T21:56:16.502+0300][4.540s][info ][gc] GC(58) Concurrent Sweep 73.437ms
[2020-01-29T21:56:16.502+0300][4.540s][debug][gc] GC(60) Concurrent mode failure
[2020-01-29T21:56:16.594+0300][4.633s][info ][gc] GC(60) Pause Full (Allocation Failure) 198M->70M(247M) 163.043ms
[2020-01-29T21:56:16.668+0300][4.707s][info ][gc] GC(61) Pause Young (Allocation Failure) 137M->155M(247M) 54.770ms
[2020-01-29T21:56:16.679+0300][4.718s][info ][gc] GC(62) Pause Initial Mark 174M->174M(247M) 8.841ms
[2020-01-29T21:56:16.679+0300][4.718s][info ][gc] GC(62) Concurrent Mark
[2020-01-29T21:56:16.682+0300][4.721s][debug][gc] GC(62) Concurrent active time: 2.840ms
[2020-01-29T21:56:16.682+0300][4.721s][info ][gc] GC(62) Concurrent Mark 2.901ms
[2020-01-29T21:56:16.682+0300][4.721s][info ][gc] GC(62) Concurrent Preclean
[2020-01-29T21:56:16.682+0300][4.721s][debug][gc] GC(62) Concurrent active time: 0.161ms
[2020-01-29T21:56:16.682+0300][4.721s][info ][gc] GC(62) Concurrent Preclean 0.193ms
[2020-01-29T21:56:16.682+0300][4.721s][info ][gc] GC(62) Concurrent Abortable Preclean
[2020-01-29T21:56:16.682+0300][4.721s][debug][gc] GC(62) Concurrent active time: 0.004ms
[2020-01-29T21:56:16.682+0300][4.721s][info ][gc] GC(62) Concurrent Abortable Preclean 0.031ms
[2020-01-29T21:56:16.682+0300][4.721s][debug][gc] GC(62) YG occupancy: 55737 K (78656 K)
[2020-01-29T21:56:16.693+0300][4.732s][info ][gc] GC(62) Pause Remark 201M->201M(247M) 10.682ms
[2020-01-29T21:56:16.693+0300][4.732s][info ][gc] GC(62) Concurrent Sweep
[2020-01-29T21:56:16.696+0300][4.735s][info ][gc] GC(63) Pause Young (Allocation Failure) 201M->201M(247M) 0.046ms
[2020-01-29T21:56:16.770+0300][4.808s][debug][gc] GC(62) Concurrent active time: 76.286ms
[2020-01-29T21:56:16.770+0300][4.808s][info ][gc] GC(62) Concurrent Sweep 76.501ms
[2020-01-29T21:56:16.770+0300][4.808s][debug][gc] GC(64) Concurrent mode failure
[2020-01-29T21:56:16.863+0300][4.901s][info ][gc] GC(64) Pause Full (Allocation Failure) 201M->70M(247M) 166.381ms
[2020-01-29T21:56:16.939+0300][4.977s][info ][gc] GC(65) Pause Young (Allocation Failure) 138M->155M(247M) 56.500ms
[2020-01-29T21:56:16.949+0300][4.987s][info ][gc] GC(66) Pause Initial Mark 174M->174M(247M) 8.843ms
[2020-01-29T21:56:16.949+0300][4.987s][info ][gc] GC(66) Concurrent Mark
[2020-01-29T21:56:16.952+0300][4.990s][debug][gc] GC(66) Concurrent active time: 2.909ms
[2020-01-29T21:56:16.952+0300][4.990s][info ][gc] GC(66) Concurrent Mark 2.980ms
[2020-01-29T21:56:16.952+0300][4.990s][info ][gc] GC(66) Concurrent Preclean
[2020-01-29T21:56:16.953+0300][4.991s][debug][gc] GC(66) Concurrent active time: 0.192ms
[2020-01-29T21:56:16.953+0300][4.991s][info ][gc] GC(66) Concurrent Preclean 0.223ms
[2020-01-29T21:56:16.953+0300][4.991s][info ][gc] GC(66) Concurrent Abortable Preclean
[2020-01-29T21:56:16.953+0300][4.991s][debug][gc] GC(66) Concurrent active time: 0.004ms
[2020-01-29T21:56:16.953+0300][4.991s][info ][gc] GC(66) Concurrent Abortable Preclean 0.030ms
[2020-01-29T21:56:16.953+0300][4.991s][debug][gc] GC(66) YG occupancy: 54402 K (78656 K)
[2020-01-29T21:56:16.962+0300][5.001s][info ][gc] GC(66) Pause Remark 199M->199M(247M) 10.337ms
[2020-01-29T21:56:16.962+0300][5.001s][info ][gc] GC(66) Concurrent Sweep
[2020-01-29T21:56:16.967+0300][5.006s][info ][gc] GC(67) Pause Young (Allocation Failure) 198M->198M(247M) 0.040ms
[2020-01-29T21:56:17.036+0300][5.074s][debug][gc] GC(66) Concurrent active time: 72.897ms
[2020-01-29T21:56:17.036+0300][5.074s][info ][gc] GC(66) Concurrent Sweep 73.277ms
[2020-01-29T21:56:17.036+0300][5.074s][debug][gc] GC(68) Concurrent mode failure
[2020-01-29T21:56:17.130+0300][5.169s][info ][gc] GC(68) Pause Full (Allocation Failure) 198M->70M(247M) 163.034ms
[2020-01-29T21:56:17.207+0300][5.246s][info ][gc] GC(69) Pause Young (Allocation Failure) 136M->155M(247M) 56.711ms
[2020-01-29T21:56:17.218+0300][5.256s][info ][gc] GC(70) Pause Initial Mark 174M->174M(247M) 8.873ms
[2020-01-29T21:56:17.218+0300][5.256s][info ][gc] GC(70) Concurrent Mark
[2020-01-29T21:56:17.221+0300][5.260s][debug][gc] GC(70) Concurrent active time: 3.484ms
[2020-01-29T21:56:17.221+0300][5.260s][info ][gc] GC(70) Concurrent Mark 3.559ms
[2020-01-29T21:56:17.221+0300][5.260s][info ][gc] GC(70) Concurrent Preclean
[2020-01-29T21:56:17.222+0300][5.260s][debug][gc] GC(70) Concurrent active time: 0.196ms
[2020-01-29T21:56:17.222+0300][5.260s][info ][gc] GC(70) Concurrent Preclean 0.229ms
[2020-01-29T21:56:17.222+0300][5.260s][info ][gc] GC(70) Concurrent Abortable Preclean
[2020-01-29T21:56:17.222+0300][5.260s][debug][gc] GC(70) Concurrent active time: 0.004ms
[2020-01-29T21:56:17.222+0300][5.260s][info ][gc] GC(70) Concurrent Abortable Preclean 0.030ms
[2020-01-29T21:56:17.222+0300][5.260s][debug][gc] GC(70) YG occupancy: 54510 K (78656 K)
[2020-01-29T21:56:17.235+0300][5.273s][info ][gc] GC(70) Pause Remark 200M->200M(247M) 13.273ms
[2020-01-29T21:56:17.235+0300][5.273s][info ][gc] GC(70) Concurrent Sweep
[2020-01-29T21:56:17.239+0300][5.278s][info ][gc] GC(71) Pause Young (Allocation Failure) 199M->199M(247M) 0.042ms
[2020-01-29T21:56:17.315+0300][5.353s][debug][gc] GC(70) Concurrent active time: 79.465ms
[2020-01-29T21:56:17.315+0300][5.353s][info ][gc] GC(70) Concurrent Sweep 79.734ms
[2020-01-29T21:56:17.315+0300][5.353s][debug][gc] GC(72) Concurrent mode failure
[2020-01-29T21:56:17.409+0300][5.448s][info ][gc] GC(72) Pause Full (Allocation Failure) 199M->70M(247M) 169.816ms
[2020-01-29T21:56:17.482+0300][5.520s][info ][gc] GC(73) Pause Young (Allocation Failure) 136M->155M(247M) 53.363ms
[2020-01-29T21:56:17.491+0300][5.529s][info ][gc] GC(74) Pause Initial Mark 174M->174M(247M) 8.825ms
[2020-01-29T21:56:17.491+0300][5.529s][info ][gc] GC(74) Concurrent Mark
[2020-01-29T21:56:17.494+0300][5.532s][debug][gc] GC(74) Concurrent active time: 3.038ms
[2020-01-29T21:56:17.494+0300][5.533s][info ][gc] GC(74) Concurrent Mark 3.101ms
[2020-01-29T21:56:17.494+0300][5.533s][info ][gc] GC(74) Concurrent Preclean
[2020-01-29T21:56:17.495+0300][5.533s][debug][gc] GC(74) Concurrent active time: 0.169ms
[2020-01-29T21:56:17.495+0300][5.533s][info ][gc] GC(74) Concurrent Preclean 0.202ms
[2020-01-29T21:56:17.495+0300][5.533s][info ][gc] GC(74) Concurrent Abortable Preclean
[2020-01-29T21:56:17.495+0300][5.533s][debug][gc] GC(74) Concurrent active time: 0.004ms
[2020-01-29T21:56:17.495+0300][5.533s][info ][gc] GC(74) Concurrent Abortable Preclean 0.031ms
[2020-01-29T21:56:17.495+0300][5.533s][debug][gc] GC(74) YG occupancy: 57102 K (78656 K)
[2020-01-29T21:56:17.505+0300][5.543s][info ][gc] GC(74) Pause Remark 202M->202M(247M) 10.543ms
[2020-01-29T21:56:17.505+0300][5.543s][info ][gc] GC(74) Concurrent Sweep
[2020-01-29T21:56:17.508+0300][5.546s][info ][gc] GC(75) Pause Young (Allocation Failure) 201M->201M(247M) 0.039ms
[2020-01-29T21:56:17.578+0300][5.617s][debug][gc] GC(74) Concurrent active time: 73.046ms
[2020-01-29T21:56:17.578+0300][5.617s][info ][gc] GC(74) Concurrent Sweep 73.269ms
[2020-01-29T21:56:17.578+0300][5.617s][debug][gc] GC(76) Concurrent mode failure
[2020-01-29T21:56:17.674+0300][5.712s][info ][gc] GC(76) Pause Full (Allocation Failure) 201M->70M(247M) 165.417ms
[2020-01-29T21:56:17.745+0300][5.784s][info ][gc] GC(77) Pause Young (Allocation Failure) 136M->155M(247M) 54.152ms
[2020-01-29T21:56:17.755+0300][5.794s][info ][gc] GC(78) Pause Initial Mark 174M->174M(247M) 8.846ms
[2020-01-29T21:56:17.755+0300][5.794s][info ][gc] GC(78) Concurrent Mark
[2020-01-29T21:56:17.758+0300][5.797s][debug][gc] GC(78) Concurrent active time: 2.998ms
[2020-01-29T21:56:17.758+0300][5.797s][info ][gc] GC(78) Concurrent Mark 3.059ms
[2020-01-29T21:56:17.758+0300][5.797s][info ][gc] GC(78) Concurrent Preclean
[2020-01-29T21:56:17.758+0300][5.797s][debug][gc] GC(78) Concurrent active time: 0.155ms
[2020-01-29T21:56:17.758+0300][5.797s][info ][gc] GC(78) Concurrent Preclean 0.187ms
[2020-01-29T21:56:17.758+0300][5.797s][info ][gc] GC(78) Concurrent Abortable Preclean
[2020-01-29T21:56:17.758+0300][5.797s][debug][gc] GC(78) Concurrent active time: 0.004ms
[2020-01-29T21:56:17.758+0300][5.797s][info ][gc] GC(78) Concurrent Abortable Preclean 0.030ms
[2020-01-29T21:56:17.758+0300][5.797s][debug][gc] GC(78) YG occupancy: 57189 K (78656 K)
[2020-01-29T21:56:17.769+0300][5.808s][info ][gc] GC(78) Pause Remark 202M->202M(247M) 10.486ms
[2020-01-29T21:56:17.769+0300][5.808s][info ][gc] GC(78) Concurrent Sweep
[2020-01-29T21:56:17.772+0300][5.811s][info ][gc] GC(79) Pause Young (Allocation Failure) 200M->200M(247M) 0.045ms
[2020-01-29T21:56:17.838+0300][5.876s][debug][gc] GC(78) Concurrent active time: 68.442ms
[2020-01-29T21:56:17.838+0300][5.876s][info ][gc] GC(78) Concurrent Sweep 68.692ms
[2020-01-29T21:56:17.838+0300][5.876s][debug][gc] GC(80) Concurrent mode failure
[2020-01-29T21:56:17.932+0300][5.971s][info ][gc] GC(80) Pause Full (Allocation Failure) 200M->70M(247M) 160.056ms
[2020-01-29T21:56:18.008+0300][6.046s][info ][gc] GC(81) Pause Young (Allocation Failure) 137M->155M(247M) 55.893ms
[2020-01-29T21:56:18.017+0300][6.055s][info ][gc] GC(82) Pause Initial Mark 174M->174M(247M) 8.815ms
[2020-01-29T21:56:18.017+0300][6.055s][info ][gc] GC(82) Concurrent Mark
[2020-01-29T21:56:18.020+0300][6.058s][debug][gc] GC(82) Concurrent active time: 3.081ms
[2020-01-29T21:56:18.020+0300][6.059s][info ][gc] GC(82) Concurrent Mark 3.145ms
[2020-01-29T21:56:18.020+0300][6.059s][info ][gc] GC(82) Concurrent Preclean
[2020-01-29T21:56:18.021+0300][6.059s][debug][gc] GC(82) Concurrent active time: 0.165ms
[2020-01-29T21:56:18.021+0300][6.059s][info ][gc] GC(82) Concurrent Preclean 0.200ms
[2020-01-29T21:56:18.021+0300][6.059s][info ][gc] GC(82) Concurrent Abortable Preclean
[2020-01-29T21:56:18.021+0300][6.059s][debug][gc] GC(82) Concurrent active time: 0.005ms
[2020-01-29T21:56:18.021+0300][6.059s][info ][gc] GC(82) Concurrent Abortable Preclean 0.032ms
[2020-01-29T21:56:18.021+0300][6.059s][debug][gc] GC(82) YG occupancy: 57225 K (78656 K)
[2020-01-29T21:56:18.031+0300][6.069s][info ][gc] GC(82) Pause Remark 202M->202M(247M) 10.476ms
[2020-01-29T21:56:18.031+0300][6.069s][info ][gc] GC(82) Concurrent Sweep
[2020-01-29T21:56:18.034+0300][6.072s][info ][gc] GC(83) Pause Young (Allocation Failure) 200M->200M(247M) 0.041ms
[2020-01-29T21:56:18.101+0300][6.140s][debug][gc] GC(82) Concurrent active time: 70.093ms
[2020-01-29T21:56:18.101+0300][6.140s][info ][gc] GC(82) Concurrent Sweep 70.313ms
[2020-01-29T21:56:18.101+0300][6.140s][debug][gc] GC(84) Concurrent mode failure
[2020-01-29T21:56:18.195+0300][6.234s][info ][gc] GC(84) Pause Full (Allocation Failure) 200M->70M(247M) 161.382ms
[2020-01-29T21:56:18.273+0300][6.311s][info ][gc] GC(85) Pause Young (Allocation Failure) 137M->155M(247M) 59.225ms
[2020-01-29T21:56:18.283+0300][6.321s][info ][gc] GC(86) Pause Initial Mark 174M->174M(247M) 8.824ms
[2020-01-29T21:56:18.283+0300][6.321s][info ][gc] GC(86) Concurrent Mark
[2020-01-29T21:56:18.286+0300][6.324s][debug][gc] GC(86) Concurrent active time: 3.135ms
[2020-01-29T21:56:18.286+0300][6.325s][info ][gc] GC(86) Concurrent Mark 3.210ms
[2020-01-29T21:56:18.286+0300][6.325s][info ][gc] GC(86) Concurrent Preclean
[2020-01-29T21:56:18.286+0300][6.325s][debug][gc] GC(86) Concurrent active time: 0.216ms
[2020-01-29T21:56:18.286+0300][6.325s][info ][gc] GC(86) Concurrent Preclean 0.270ms
[2020-01-29T21:56:18.286+0300][6.325s][info ][gc] GC(86) Concurrent Abortable Preclean
[2020-01-29T21:56:18.286+0300][6.325s][debug][gc] GC(86) Concurrent active time: 0.003ms
[2020-01-29T21:56:18.286+0300][6.325s][info ][gc] GC(86) Concurrent Abortable Preclean 0.032ms
[2020-01-29T21:56:18.286+0300][6.325s][debug][gc] GC(86) YG occupancy: 43683 K (78656 K)
[2020-01-29T21:56:18.297+0300][6.335s][info ][gc] GC(86) Pause Remark 189M->189M(247M) 10.013ms
[2020-01-29T21:56:18.297+0300][6.335s][info ][gc] GC(86) Concurrent Sweep
[2020-01-29T21:56:18.302+0300][6.340s][info ][gc] GC(87) Pause Young (Allocation Failure) 196M->196M(247M) 0.044ms
[2020-01-29T21:56:18.366+0300][6.404s][debug][gc] GC(86) Concurrent active time: 68.732ms
[2020-01-29T21:56:18.366+0300][6.404s][info ][gc] GC(86) Concurrent Sweep 69.046ms
[2020-01-29T21:56:18.366+0300][6.404s][debug][gc] GC(88) Concurrent mode failure
[2020-01-29T21:56:18.467+0300][6.506s][info ][gc] GC(88) Pause Full (Allocation Failure) 196M->70M(247M) 165.147ms
[2020-01-29T21:56:18.546+0300][6.584s][info ][gc] GC(89) Pause Young (Allocation Failure) 137M->155M(247M) 58.870ms
[2020-01-29T21:56:18.555+0300][6.594s][info ][gc] GC(90) Pause Initial Mark 174M->174M(247M) 8.813ms
[2020-01-29T21:56:18.555+0300][6.594s][info ][gc] GC(90) Concurrent Mark
[2020-01-29T21:56:18.558+0300][6.597s][debug][gc] GC(90) Concurrent active time: 3.009ms
[2020-01-29T21:56:18.558+0300][6.597s][info ][gc] GC(90) Concurrent Mark 3.066ms
[2020-01-29T21:56:18.558+0300][6.597s][info ][gc] GC(90) Concurrent Preclean
[2020-01-29T21:56:18.558+0300][6.597s][debug][gc] GC(90) Concurrent active time: 0.154ms
[2020-01-29T21:56:18.559+0300][6.597s][info ][gc] GC(90) Concurrent Preclean 0.189ms
[2020-01-29T21:56:18.559+0300][6.597s][info ][gc] GC(90) Concurrent Abortable Preclean
[2020-01-29T21:56:18.559+0300][6.597s][debug][gc] GC(90) Concurrent active time: 0.004ms
[2020-01-29T21:56:18.559+0300][6.597s][info ][gc] GC(90) Concurrent Abortable Preclean 0.031ms
[2020-01-29T21:56:18.559+0300][6.597s][debug][gc] GC(90) YG occupancy: 55788 K (78656 K)
[2020-01-29T21:56:18.569+0300][6.608s][info ][gc] GC(90) Pause Remark 201M->201M(247M) 10.583ms
[2020-01-29T21:56:18.569+0300][6.608s][info ][gc] GC(90) Concurrent Sweep
[2020-01-29T21:56:18.572+0300][6.611s][info ][gc] GC(91) Pause Young (Allocation Failure) 201M->201M(247M) 0.038ms
[2020-01-29T21:56:18.640+0300][6.678s][debug][gc] GC(90) Concurrent active time: 70.172ms
[2020-01-29T21:56:18.640+0300][6.678s][info ][gc] GC(90) Concurrent Sweep 70.406ms
[2020-01-29T21:56:18.640+0300][6.678s][debug][gc] GC(92) Concurrent mode failure
[2020-01-29T21:56:18.734+0300][6.772s][info ][gc] GC(92) Pause Full (Allocation Failure) 201M->70M(247M) 161.369ms
[2020-01-29T21:56:18.809+0300][6.847s][info ][gc] GC(93) Pause Young (Allocation Failure) 137M->155M(247M) 56.279ms
[2020-01-29T21:56:18.819+0300][6.857s][info ][gc] GC(94) Pause Initial Mark 174M->174M(247M) 8.863ms
[2020-01-29T21:56:18.819+0300][6.857s][info ][gc] GC(94) Concurrent Mark
[2020-01-29T21:56:18.822+0300][6.860s][debug][gc] GC(94) Concurrent active time: 3.022ms
[2020-01-29T21:56:18.822+0300][6.860s][info ][gc] GC(94) Concurrent Mark 3.085ms
[2020-01-29T21:56:18.822+0300][6.860s][info ][gc] GC(94) Concurrent Preclean
[2020-01-29T21:56:18.822+0300][6.860s][debug][gc] GC(94) Concurrent active time: 0.157ms
[2020-01-29T21:56:18.822+0300][6.860s][info ][gc] GC(94) Concurrent Preclean 0.191ms
[2020-01-29T21:56:18.822+0300][6.860s][info ][gc] GC(94) Concurrent Abortable Preclean
[2020-01-29T21:56:18.822+0300][6.860s][debug][gc] GC(94) Concurrent active time: 0.004ms
[2020-01-29T21:56:18.822+0300][6.860s][info ][gc] GC(94) Concurrent Abortable Preclean 0.031ms
[2020-01-29T21:56:18.822+0300][6.860s][debug][gc] GC(94) YG occupancy: 55835 K (78656 K)
[2020-01-29T21:56:18.833+0300][6.871s][info ][gc] GC(94) Pause Remark 201M->201M(247M) 10.734ms
[2020-01-29T21:56:18.833+0300][6.871s][info ][gc] GC(94) Concurrent Sweep
[2020-01-29T21:56:18.836+0300][6.874s][info ][gc] GC(95) Pause Young (Allocation Failure) 200M->200M(247M) 0.041ms
[2020-01-29T21:56:18.903+0300][6.941s][debug][gc] GC(94) Concurrent active time: 70.067ms
[2020-01-29T21:56:18.903+0300][6.941s][info ][gc] GC(94) Concurrent Sweep 70.421ms
[2020-01-29T21:56:18.903+0300][6.941s][debug][gc] GC(96) Concurrent mode failure
[2020-01-29T21:56:18.997+0300][7.035s][info ][gc] GC(96) Pause Full (Allocation Failure) 200M->70M(247M) 161.376ms
[2020-01-29T21:56:19.068+0300][7.107s][info ][gc] GC(97) Pause Young (Allocation Failure) 137M->155M(247M) 52.602ms
[2020-01-29T21:56:19.078+0300][7.116s][info ][gc] GC(98) Pause Initial Mark 174M->174M(247M) 8.820ms
[2020-01-29T21:56:19.078+0300][7.116s][info ][gc] GC(98) Concurrent Mark
[2020-01-29T21:56:19.081+0300][7.119s][debug][gc] GC(98) Concurrent active time: 3.002ms
[2020-01-29T21:56:19.081+0300][7.119s][info ][gc] GC(98) Concurrent Mark 3.062ms
[2020-01-29T21:56:19.081+0300][7.119s][info ][gc] GC(98) Concurrent Preclean
[2020-01-29T21:56:19.081+0300][7.120s][debug][gc] GC(98) Concurrent active time: 0.155ms
[2020-01-29T21:56:19.081+0300][7.120s][info ][gc] GC(98) Concurrent Preclean 0.189ms
[2020-01-29T21:56:19.081+0300][7.120s][info ][gc] GC(98) Concurrent Abortable Preclean
[2020-01-29T21:56:19.081+0300][7.120s][debug][gc] GC(98) Concurrent active time: 0.004ms
[2020-01-29T21:56:19.081+0300][7.120s][info ][gc] GC(98) Concurrent Abortable Preclean 0.031ms
[2020-01-29T21:56:19.081+0300][7.120s][debug][gc] GC(98) YG occupancy: 57235 K (78656 K)
[2020-01-29T21:56:19.091+0300][7.130s][info ][gc] GC(98) Pause Remark 202M->202M(247M) 10.516ms
[2020-01-29T21:56:19.091+0300][7.130s][info ][gc] GC(98) Concurrent Sweep
[2020-01-29T21:56:19.094+0300][7.133s][info ][gc] GC(99) Pause Young (Allocation Failure) 200M->200M(247M) 0.040ms
[2020-01-29T21:56:19.161+0300][7.200s][debug][gc] GC(98) Concurrent active time: 69.504ms
[2020-01-29T21:56:19.161+0300][7.200s][info ][gc] GC(98) Concurrent Sweep 69.737ms
[2020-01-29T21:56:19.161+0300][7.200s][debug][gc] GC(100) Concurrent mode failure
[2020-01-29T21:56:19.254+0300][7.293s][info ][gc] GC(100) Pause Full (Allocation Failure) 200M->70M(247M) 159.753ms
[2020-01-29T21:56:19.350+0300][7.389s][info ][gc] GC(101) Pause Young (Allocation Failure) 137M->155M(247M) 77.626ms
[2020-01-29T21:56:19.360+0300][7.399s][info ][gc] GC(102) Pause Initial Mark 174M->174M(247M) 8.839ms
[2020-01-29T21:56:19.360+0300][7.399s][info ][gc] GC(102) Concurrent Mark
[2020-01-29T21:56:19.363+0300][7.402s][debug][gc] GC(102) Concurrent active time: 3.028ms
[2020-01-29T21:56:19.363+0300][7.402s][info ][gc] GC(102) Concurrent Mark 3.078ms
[2020-01-29T21:56:19.363+0300][7.402s][info ][gc] GC(102) Concurrent Preclean
[2020-01-29T21:56:19.363+0300][7.402s][debug][gc] GC(102) Concurrent active time: 0.158ms
[2020-01-29T21:56:19.363+0300][7.402s][info ][gc] GC(102) Concurrent Preclean 0.190ms
[2020-01-29T21:56:19.363+0300][7.402s][info ][gc] GC(102) Concurrent Abortable Preclean
[2020-01-29T21:56:19.363+0300][7.402s][debug][gc] GC(102) Concurrent active time: 0.004ms
[2020-01-29T21:56:19.363+0300][7.402s][info ][gc] GC(102) Concurrent Abortable Preclean 0.031ms
[2020-01-29T21:56:19.364+0300][7.402s][debug][gc] GC(102) YG occupancy: 57189 K (78656 K)
[2020-01-29T21:56:19.374+0300][7.413s][info ][gc] GC(102) Pause Remark 202M->202M(247M) 10.723ms
[2020-01-29T21:56:19.374+0300][7.413s][info ][gc] GC(102) Concurrent Sweep
[2020-01-29T21:56:19.377+0300][7.416s][info ][gc] GC(103) Pause Young (Allocation Failure) 200M->200M(247M) 0.042ms
[2020-01-29T21:56:19.445+0300][7.483s][debug][gc] GC(102) Concurrent active time: 70.386ms
[2020-01-29T21:56:19.445+0300][7.484s][info ][gc] GC(102) Concurrent Sweep 70.627ms
[2020-01-29T21:56:19.445+0300][7.484s][debug][gc] GC(104) Concurrent mode failure
[2020-01-29T21:56:19.541+0300][7.579s][info ][gc] GC(104) Pause Full (Allocation Failure) 200M->70M(247M) 163.168ms
[2020-01-29T21:56:19.611+0300][7.650s][info ][gc] GC(105) Pause Young (Allocation Failure) 137M->155M(247M) 52.460ms
[2020-01-29T21:56:19.621+0300][7.660s][info ][gc] GC(106) Pause Initial Mark 174M->174M(247M) 8.830ms
[2020-01-29T21:56:19.621+0300][7.660s][info ][gc] GC(106) Concurrent Mark
[2020-01-29T21:56:19.624+0300][7.663s][debug][gc] GC(106) Concurrent active time: 3.056ms
[2020-01-29T21:56:19.624+0300][7.663s][info ][gc] GC(106) Concurrent Mark 3.118ms
[2020-01-29T21:56:19.624+0300][7.663s][info ][gc] GC(106) Concurrent Preclean
[2020-01-29T21:56:19.624+0300][7.663s][debug][gc] GC(106) Concurrent active time: 0.157ms
[2020-01-29T21:56:19.624+0300][7.663s][info ][gc] GC(106) Concurrent Preclean 0.188ms
[2020-01-29T21:56:19.624+0300][7.663s][info ][gc] GC(106) Concurrent Abortable Preclean
[2020-01-29T21:56:19.624+0300][7.663s][debug][gc] GC(106) Concurrent active time: 0.004ms
[2020-01-29T21:56:19.624+0300][7.663s][info ][gc] GC(106) Concurrent Abortable Preclean 0.030ms
[2020-01-29T21:56:19.624+0300][7.663s][debug][gc] GC(106) YG occupancy: 57224 K (78656 K)
[2020-01-29T21:56:19.635+0300][7.674s][info ][gc] GC(106) Pause Remark 202M->202M(247M) 10.564ms
[2020-01-29T21:56:19.635+0300][7.674s][info ][gc] GC(106) Concurrent Sweep
[2020-01-29T21:56:19.638+0300][7.677s][info ][gc] GC(107) Pause Young (Allocation Failure) 200M->200M(247M) 0.039ms
[2020-01-29T21:56:19.705+0300][7.744s][debug][gc] GC(106) Concurrent active time: 69.786ms
[2020-01-29T21:56:19.705+0300][7.744s][info ][gc] GC(106) Concurrent Sweep 70.018ms
[2020-01-29T21:56:19.705+0300][7.744s][debug][gc] GC(108) Concurrent mode failure
[2020-01-29T21:56:19.800+0300][7.838s][info ][gc] GC(108) Pause Full (Allocation Failure) 200M->70M(247M) 161.441ms
[2020-01-29T21:56:19.871+0300][7.910s][info ][gc] GC(109) Pause Young (Allocation Failure) 137M->155M(247M) 52.708ms
[2020-01-29T21:56:19.881+0300][7.919s][info ][gc] GC(110) Pause Initial Mark 174M->174M(247M) 8.873ms
[2020-01-29T21:56:19.881+0300][7.919s][info ][gc] GC(110) Concurrent Mark
[2020-01-29T21:56:19.884+0300][7.923s][debug][gc] GC(110) Concurrent active time: 3.004ms
[2020-01-29T21:56:19.884+0300][7.923s][info ][gc] GC(110) Concurrent Mark 3.060ms
[2020-01-29T21:56:19.884+0300][7.923s][info ][gc] GC(110) Concurrent Preclean
[2020-01-29T21:56:19.885+0300][7.923s][debug][gc] GC(110) Concurrent active time: 0.155ms
[2020-01-29T21:56:19.885+0300][7.923s][info ][gc] GC(110) Concurrent Preclean 0.186ms
[2020-01-29T21:56:19.885+0300][7.923s][info ][gc] GC(110) Concurrent Abortable Preclean
[2020-01-29T21:56:19.885+0300][7.923s][debug][gc] GC(110) Concurrent active time: 0.004ms
[2020-01-29T21:56:19.885+0300][7.923s][info ][gc] GC(110) Concurrent Abortable Preclean 0.030ms
[2020-01-29T21:56:19.885+0300][7.923s][debug][gc] GC(110) YG occupancy: 57239 K (78656 K)
[2020-01-29T21:56:19.895+0300][7.933s][info ][gc] GC(110) Pause Remark 202M->202M(247M) 10.586ms
[2020-01-29T21:56:19.895+0300][7.933s][info ][gc] GC(110) Concurrent Sweep
[2020-01-29T21:56:19.898+0300][7.936s][info ][gc] GC(111) Pause Young (Allocation Failure) 200M->200M(247M) 0.040ms
[2020-01-29T21:56:19.965+0300][8.003s][debug][gc] GC(110) Concurrent active time: 69.005ms
[2020-01-29T21:56:19.965+0300][8.003s][info ][gc] GC(110) Concurrent Sweep 69.237ms
[2020-01-29T21:56:19.965+0300][8.003s][debug][gc] GC(112) Concurrent mode failure
[2020-01-29T21:56:20.058+0300][8.097s][info ][gc] GC(112) Pause Full (Allocation Failure) 200M->70M(247M) 160.432ms
[2020-01-29T21:56:20.130+0300][8.168s][info ][gc] GC(113) Pause Young (Allocation Failure) 137M->155M(247M) 52.720ms
[2020-01-29T21:56:20.140+0300][8.178s][info ][gc] GC(114) Pause Initial Mark 174M->174M(247M) 8.855ms
[2020-01-29T21:56:20.140+0300][8.178s][info ][gc] GC(114) Concurrent Mark
[2020-01-29T21:56:20.143+0300][8.181s][debug][gc] GC(114) Concurrent active time: 2.999ms
[2020-01-29T21:56:20.143+0300][8.181s][info ][gc] GC(114) Concurrent Mark 3.058ms
[2020-01-29T21:56:20.143+0300][8.181s][info ][gc] GC(114) Concurrent Preclean
[2020-01-29T21:56:20.143+0300][8.181s][debug][gc] GC(114) Concurrent active time: 0.157ms
[2020-01-29T21:56:20.143+0300][8.181s][info ][gc] GC(114) Concurrent Preclean 0.190ms
[2020-01-29T21:56:20.143+0300][8.181s][info ][gc] GC(114) Concurrent Abortable Preclean
[2020-01-29T21:56:20.143+0300][8.181s][debug][gc] GC(114) Concurrent active time: 0.004ms
[2020-01-29T21:56:20.143+0300][8.181s][info ][gc] GC(114) Concurrent Abortable Preclean 0.031ms
[2020-01-29T21:56:20.143+0300][8.182s][debug][gc] GC(114) YG occupancy: 57245 K (78656 K)
[2020-01-29T21:56:20.154+0300][8.192s][info ][gc] GC(114) Pause Remark 202M->202M(247M) 10.633ms
[2020-01-29T21:56:20.154+0300][8.192s][info ][gc] GC(114) Concurrent Sweep
[2020-01-29T21:56:20.157+0300][8.195s][info ][gc] GC(115) Pause Young (Allocation Failure) 200M->200M(247M) 0.041ms
[2020-01-29T21:56:20.224+0300][8.263s][debug][gc] GC(114) Concurrent active time: 70.179ms
[2020-01-29T21:56:20.224+0300][8.263s][info ][gc] GC(114) Concurrent Sweep 70.418ms
[2020-01-29T21:56:20.224+0300][8.263s][debug][gc] GC(116) Concurrent mode failure
[2020-01-29T21:56:20.318+0300][8.356s][info ][gc] GC(116) Pause Full (Allocation Failure) 200M->70M(247M) 161.210ms
[2020-01-29T21:56:20.390+0300][8.428s][info ][gc] GC(117) Pause Young (Allocation Failure) 137M->155M(247M) 52.006ms
[2020-01-29T21:56:20.400+0300][8.438s][info ][gc] GC(118) Pause Initial Mark 174M->174M(247M) 8.854ms
[2020-01-29T21:56:20.400+0300][8.438s][info ][gc] GC(118) Concurrent Mark
[2020-01-29T21:56:20.403+0300][8.441s][debug][gc] GC(118) Concurrent active time: 3.022ms
[2020-01-29T21:56:20.403+0300][8.441s][info ][gc] GC(118) Concurrent Mark 3.083ms
[2020-01-29T21:56:20.403+0300][8.441s][info ][gc] GC(118) Concurrent Preclean
[2020-01-29T21:56:20.403+0300][8.441s][debug][gc] GC(118) Concurrent active time: 0.158ms
[2020-01-29T21:56:20.403+0300][8.441s][info ][gc] GC(118) Concurrent Preclean 0.188ms
[2020-01-29T21:56:20.403+0300][8.441s][info ][gc] GC(118) Concurrent Abortable Preclean
[2020-01-29T21:56:20.403+0300][8.441s][debug][gc] GC(118) Concurrent active time: 0.004ms
[2020-01-29T21:56:20.403+0300][8.441s][info ][gc] GC(118) Concurrent Abortable Preclean 0.031ms
[2020-01-29T21:56:20.403+0300][8.441s][debug][gc] GC(118) YG occupancy: 55844 K (78656 K)
[2020-01-29T21:56:20.414+0300][8.452s][info ][gc] GC(118) Pause Remark 201M->201M(247M) 10.587ms
[2020-01-29T21:56:20.414+0300][8.452s][info ][gc] GC(118) Concurrent Sweep
[2020-01-29T21:56:20.416+0300][8.455s][info ][gc] GC(119) Pause Young (Allocation Failure) 200M->200M(247M) 0.039ms
[2020-01-29T21:56:20.482+0300][8.521s][debug][gc] GC(118) Concurrent active time: 68.426ms
[2020-01-29T21:56:20.482+0300][8.521s][info ][gc] GC(118) Concurrent Sweep 68.664ms
[2020-01-29T21:56:20.483+0300][8.521s][debug][gc] GC(120) Concurrent mode failure
[2020-01-29T21:56:20.576+0300][8.614s][info ][gc] GC(120) Pause Full (Allocation Failure) 200M->70M(247M) 159.597ms
[2020-01-29T21:56:20.650+0300][8.689s][info ][gc] GC(121) Pause Young (Allocation Failure) 137M->155M(247M) 56.294ms
[2020-01-29T21:56:20.660+0300][8.698s][info ][gc] GC(122) Pause Initial Mark 174M->174M(247M) 8.836ms
[2020-01-29T21:56:20.660+0300][8.698s][info ][gc] GC(122) Concurrent Mark
[2020-01-29T21:56:20.663+0300][8.701s][debug][gc] GC(122) Concurrent active time: 2.999ms
[2020-01-29T21:56:20.663+0300][8.701s][info ][gc] GC(122) Concurrent Mark 3.057ms
[2020-01-29T21:56:20.663+0300][8.701s][info ][gc] GC(122) Concurrent Preclean
[2020-01-29T21:56:20.663+0300][8.702s][debug][gc] GC(122) Concurrent active time: 0.158ms
[2020-01-29T21:56:20.663+0300][8.702s][info ][gc] GC(122) Concurrent Preclean 0.190ms
[2020-01-29T21:56:20.663+0300][8.702s][info ][gc] GC(122) Concurrent Abortable Preclean
[2020-01-29T21:56:20.664+0300][8.702s][debug][gc] GC(122) Concurrent active time: 0.005ms
[2020-01-29T21:56:20.664+0300][8.702s][info ][gc] GC(122) Concurrent Abortable Preclean 0.032ms
[2020-01-29T21:56:20.664+0300][8.702s][debug][gc] GC(122) YG occupancy: 57239 K (78656 K)
[2020-01-29T21:56:20.674+0300][8.712s][info ][gc] GC(122) Pause Remark 202M->202M(247M) 10.605ms
[2020-01-29T21:56:20.674+0300][8.712s][info ][gc] GC(122) Concurrent Sweep
[2020-01-29T21:56:20.677+0300][8.715s][info ][gc] GC(123) Pause Young (Allocation Failure) 200M->200M(247M) 0.042ms
[2020-01-29T21:56:20.743+0300][8.781s][debug][gc] GC(122) Concurrent active time: 68.761ms
[2020-01-29T21:56:20.743+0300][8.781s][info ][gc] GC(122) Concurrent Sweep 69.001ms
[2020-01-29T21:56:20.743+0300][8.781s][debug][gc] GC(124) Concurrent mode failure
[2020-01-29T21:56:20.836+0300][8.875s][info ][gc] GC(124) Pause Full (Allocation Failure) 200M->70M(247M) 159.919ms
[2020-01-29T21:56:20.909+0300][8.947s][info ][gc] GC(125) Pause Young (Allocation Failure) 137M->155M(247M) 53.389ms
[2020-01-29T21:56:20.917+0300][8.956s][info ][gc] GC(126) Pause Initial Mark 174M->174M(247M) 8.832ms
[2020-01-29T21:56:20.917+0300][8.956s][info ][gc] GC(126) Concurrent Mark
[2020-01-29T21:56:20.920+0300][8.959s][debug][gc] GC(126) Concurrent active time: 3.016ms
[2020-01-29T21:56:20.920+0300][8.959s][info ][gc] GC(126) Concurrent Mark 3.078ms
[2020-01-29T21:56:20.920+0300][8.959s][info ][gc] GC(126) Concurrent Preclean
[2020-01-29T21:56:20.921+0300][8.960s][debug][gc] GC(126) Concurrent active time: 0.162ms
[2020-01-29T21:56:20.921+0300][8.960s][info ][gc] GC(126) Concurrent Preclean 0.193ms
[2020-01-29T21:56:20.921+0300][8.960s][info ][gc] GC(126) Concurrent Abortable Preclean
[2020-01-29T21:56:20.921+0300][8.960s][debug][gc] GC(126) Concurrent active time: 0.004ms
[2020-01-29T21:56:20.921+0300][8.960s][info ][gc] GC(126) Concurrent Abortable Preclean 0.031ms
[2020-01-29T21:56:20.921+0300][8.960s][debug][gc] GC(126) YG occupancy: 55865 K (78656 K)
[2020-01-29T21:56:20.931+0300][8.970s][info ][gc] GC(126) Pause Remark 201M->201M(247M) 10.518ms
[2020-01-29T21:56:20.931+0300][8.970s][info ][gc] GC(126) Concurrent Sweep
[2020-01-29T21:56:20.934+0300][8.973s][info ][gc] GC(127) Pause Young (Allocation Failure) 200M->200M(247M) 0.040ms
[2020-01-29T21:56:21.001+0300][9.039s][debug][gc] GC(126) Concurrent active time: 68.434ms
[2020-01-29T21:56:21.001+0300][9.039s][info ][gc] GC(126) Concurrent Sweep 68.662ms
[2020-01-29T21:56:21.001+0300][9.039s][debug][gc] GC(128) Concurrent mode failure
[2020-01-29T21:56:21.095+0300][9.133s][info ][gc] GC(128) Pause Full (Allocation Failure) 200M->70M(247M) 159.853ms
[2020-01-29T21:56:21.166+0300][9.205s][info ][gc] GC(129) Pause Young (Allocation Failure) 137M->155M(247M) 53.326ms
[2020-01-29T21:56:21.176+0300][9.215s][info ][gc] GC(130) Pause Initial Mark 174M->174M(247M) 8.824ms
[2020-01-29T21:56:21.176+0300][9.215s][info ][gc] GC(130) Concurrent Mark
[2020-01-29T21:56:21.179+0300][9.218s][debug][gc] GC(130) Concurrent active time: 3.015ms
[2020-01-29T21:56:21.179+0300][9.218s][info ][gc] GC(130) Concurrent Mark 3.071ms
[2020-01-29T21:56:21.179+0300][9.218s][info ][gc] GC(130) Concurrent Preclean
[2020-01-29T21:56:21.179+0300][9.218s][debug][gc] GC(130) Concurrent active time: 0.159ms
[2020-01-29T21:56:21.179+0300][9.218s][info ][gc] GC(130) Concurrent Preclean 0.188ms
[2020-01-29T21:56:21.179+0300][9.218s][info ][gc] GC(130) Concurrent Abortable Preclean
[2020-01-29T21:56:21.179+0300][9.218s][debug][gc] GC(130) Concurrent active time: 0.004ms
[2020-01-29T21:56:21.179+0300][9.218s][info ][gc] GC(130) Concurrent Abortable Preclean 0.030ms
[2020-01-29T21:56:21.179+0300][9.218s][debug][gc] GC(130) YG occupancy: 54489 K (78656 K)
[2020-01-29T21:56:21.190+0300][9.228s][info ][gc] GC(130) Pause Remark 200M->200M(247M) 10.491ms
[2020-01-29T21:56:21.190+0300][9.228s][info ][gc] GC(130) Concurrent Sweep
[2020-01-29T21:56:21.193+0300][9.231s][info ][gc] GC(131) Pause Young (Allocation Failure) 200M->200M(247M) 0.040ms
[2020-01-29T21:56:21.258+0300][9.297s][debug][gc] GC(130) Concurrent active time: 67.929ms
[2020-01-29T21:56:21.258+0300][9.297s][info ][gc] GC(130) Concurrent Sweep 68.157ms
[2020-01-29T21:56:21.258+0300][9.297s][debug][gc] GC(132) Concurrent mode failure
[2020-01-29T21:56:21.352+0300][9.390s][info ][gc] GC(132) Pause Full (Allocation Failure) 200M->70M(247M) 158.902ms
[2020-01-29T21:56:21.429+0300][9.467s][info ][gc] GC(133) Pause Young (Allocation Failure) 137M->155M(247M) 53.960ms
[2020-01-29T21:56:21.438+0300][9.477s][info ][gc] GC(134) Pause Initial Mark 174M->174M(247M) 8.842ms
[2020-01-29T21:56:21.438+0300][9.477s][info ][gc] GC(134) Concurrent Mark
[2020-01-29T21:56:21.442+0300][9.480s][debug][gc] GC(134) Concurrent active time: 3.032ms
[2020-01-29T21:56:21.442+0300][9.480s][info ][gc] GC(134) Concurrent Mark 3.092ms
[2020-01-29T21:56:21.442+0300][9.480s][info ][gc] GC(134) Concurrent Preclean
[2020-01-29T21:56:21.442+0300][9.480s][debug][gc] GC(134) Concurrent active time: 0.158ms
[2020-01-29T21:56:21.442+0300][9.480s][info ][gc] GC(134) Concurrent Preclean 0.190ms
[2020-01-29T21:56:21.442+0300][9.480s][info ][gc] GC(134) Concurrent Abortable Preclean
[2020-01-29T21:56:21.442+0300][9.480s][debug][gc] GC(134) Concurrent active time: 0.004ms
[2020-01-29T21:56:21.442+0300][9.480s][info ][gc] GC(134) Concurrent Abortable Preclean 0.030ms
[2020-01-29T21:56:21.442+0300][9.480s][debug][gc] GC(134) YG occupancy: 57222 K (78656 K)
[2020-01-29T21:56:21.453+0300][9.491s][info ][gc] GC(134) Pause Remark 202M->202M(247M) 10.779ms
[2020-01-29T21:56:21.453+0300][9.491s][info ][gc] GC(134) Concurrent Sweep
[2020-01-29T21:56:21.455+0300][9.493s][info ][gc] GC(135) Pause Young (Allocation Failure) 200M->200M(247M) 0.040ms
[2020-01-29T21:56:21.523+0300][9.562s][debug][gc] GC(134) Concurrent active time: 70.632ms
[2020-01-29T21:56:21.523+0300][9.562s][info ][gc] GC(134) Concurrent Sweep 70.866ms
[2020-01-29T21:56:21.523+0300][9.562s][debug][gc] GC(136) Concurrent mode failure
[2020-01-29T21:56:21.617+0300][9.656s][info ][gc] GC(136) Pause Full (Allocation Failure) 200M->70M(247M) 162.318ms
[2020-01-29T21:56:21.690+0300][9.728s][info ][gc] GC(137) Pause Young (Allocation Failure) 137M->155M(247M) 54.318ms
[2020-01-29T21:56:21.700+0300][9.738s][info ][gc] GC(138) Pause Initial Mark 174M->174M(247M) 8.814ms
[2020-01-29T21:56:21.700+0300][9.738s][info ][gc] GC(138) Concurrent Mark
[2020-01-29T21:56:21.703+0300][9.741s][debug][gc] GC(138) Concurrent active time: 3.059ms
[2020-01-29T21:56:21.703+0300][9.741s][info ][gc] GC(138) Concurrent Mark 3.117ms
[2020-01-29T21:56:21.703+0300][9.741s][info ][gc] GC(138) Concurrent Preclean
[2020-01-29T21:56:21.703+0300][9.741s][debug][gc] GC(138) Concurrent active time: 0.157ms
[2020-01-29T21:56:21.703+0300][9.741s][info ][gc] GC(138) Concurrent Preclean 0.189ms
[2020-01-29T21:56:21.703+0300][9.741s][info ][gc] GC(138) Concurrent Abortable Preclean
[2020-01-29T21:56:21.703+0300][9.741s][debug][gc] GC(138) Concurrent active time: 0.004ms
[2020-01-29T21:56:21.703+0300][9.741s][info ][gc] GC(138) Concurrent Abortable Preclean 0.031ms
[2020-01-29T21:56:21.703+0300][9.741s][debug][gc] GC(138) YG occupancy: 57239 K (78656 K)
[2020-01-29T21:56:21.714+0300][9.752s][info ][gc] GC(138) Pause Remark 202M->202M(247M) 10.576ms
[2020-01-29T21:56:21.714+0300][9.752s][info ][gc] GC(138) Concurrent Sweep
[2020-01-29T21:56:21.716+0300][9.755s][info ][gc] GC(139) Pause Young (Allocation Failure) 200M->200M(247M) 0.039ms
[2020-01-29T21:56:21.783+0300][9.821s][debug][gc] GC(138) Concurrent active time: 69.021ms
[2020-01-29T21:56:21.783+0300][9.821s][info ][gc] GC(138) Concurrent Sweep 69.256ms
[2020-01-29T21:56:21.783+0300][9.821s][debug][gc] GC(140) Concurrent mode failure
[2020-01-29T21:56:21.876+0300][9.915s][info ][gc] GC(140) Pause Full (Allocation Failure) 200M->70M(247M) 159.769ms
[2020-01-29T21:56:21.947+0300][9.985s][info ][gc] GC(141) Pause Young (Allocation Failure) 137M->155M(247M) 52.825ms
[2020-01-29T21:56:21.956+0300][9.995s][info ][gc] GC(142) Pause Initial Mark 174M->174M(247M) 8.835ms
[2020-01-29T21:56:21.956+0300][9.995s][info ][gc] GC(142) Concurrent Mark
[2020-01-29T21:56:21.959+0300][9.998s][debug][gc] GC(142) Concurrent active time: 3.029ms
[2020-01-29T21:56:21.959+0300][9.998s][info ][gc] GC(142) Concurrent Mark 3.085ms
[2020-01-29T21:56:21.959+0300][9.998s][info ][gc] GC(142) Concurrent Preclean
[2020-01-29T21:56:21.959+0300][9.998s][debug][gc] GC(142) Concurrent active time: 0.155ms
[2020-01-29T21:56:21.959+0300][9.998s][info ][gc] GC(142) Concurrent Preclean 0.187ms
[2020-01-29T21:56:21.959+0300][9.998s][info ][gc] GC(142) Concurrent Abortable Preclean
[2020-01-29T21:56:21.959+0300][9.998s][debug][gc] GC(142) Concurrent active time: 0.004ms
[2020-01-29T21:56:21.960+0300][9.998s][info ][gc] GC(142) Concurrent Abortable Preclean 0.032ms
[2020-01-29T21:56:21.960+0300][9.998s][debug][gc] GC(142) YG occupancy: 57246 K (78656 K)
[2020-01-29T21:56:21.970+0300][10.009s][info ][gc] GC(142) Pause Remark 202M->202M(247M) 10.698ms
[2020-01-29T21:56:21.970+0300][10.009s][info ][gc] GC(142) Concurrent Sweep
[2020-01-29T21:56:21.973+0300][10.012s][info ][gc] GC(143) Pause Young (Allocation Failure) 200M->200M(247M) 0.041ms
[2020-01-29T21:56:22.040+0300][10.078s][debug][gc] GC(142) Concurrent active time: 69.049ms
[2020-01-29T21:56:22.040+0300][10.078s][info ][gc] GC(142) Concurrent Sweep 69.283ms
[2020-01-29T21:56:22.040+0300][10.078s][debug][gc] GC(144) Concurrent mode failure
[2020-01-29T21:56:22.134+0300][10.172s][info ][gc] GC(144) Pause Full (Allocation Failure) 200M->70M(247M) 160.640ms
[2020-01-29T21:56:22.205+0300][10.243s][info ][gc] GC(145) Pause Young (Allocation Failure) 137M->155M(247M) 52.731ms
[2020-01-29T21:56:22.215+0300][10.253s][info ][gc] GC(146) Pause Initial Mark 174M->174M(247M) 8.849ms
[2020-01-29T21:56:22.215+0300][10.253s][info ][gc] GC(146) Concurrent Mark
[2020-01-29T21:56:22.218+0300][10.256s][debug][gc] GC(146) Concurrent active time: 3.031ms
[2020-01-29T21:56:22.218+0300][10.256s][info ][gc] GC(146) Concurrent Mark 3.093ms
[2020-01-29T21:56:22.218+0300][10.256s][info ][gc] GC(146) Concurrent Preclean
[2020-01-29T21:56:22.219+0300][10.257s][debug][gc] GC(146) Concurrent active time: 0.157ms
[2020-01-29T21:56:22.219+0300][10.257s][info ][gc] GC(146) Concurrent Preclean 0.189ms
[2020-01-29T21:56:22.219+0300][10.257s][info ][gc] GC(146) Concurrent Abortable Preclean
[2020-01-29T21:56:22.219+0300][10.257s][debug][gc] GC(146) Concurrent active time: 0.004ms
[2020-01-29T21:56:22.219+0300][10.257s][info ][gc] GC(146) Concurrent Abortable Preclean 0.031ms
[2020-01-29T21:56:22.219+0300][10.257s][debug][gc] GC(146) YG occupancy: 57249 K (78656 K)
[2020-01-29T21:56:22.228+0300][10.267s][info ][gc] GC(146) Pause Remark 202M->202M(247M) 10.571ms
[2020-01-29T21:56:22.228+0300][10.267s][info ][gc] GC(146) Concurrent Sweep
[2020-01-29T21:56:22.231+0300][10.270s][info ][gc] GC(147) Pause Young (Allocation Failure) 200M->200M(247M) 0.040ms
[2020-01-29T21:56:22.298+0300][10.337s][debug][gc] GC(146) Concurrent active time: 69.066ms
[2020-01-29T21:56:22.298+0300][10.337s][info ][gc] GC(146) Concurrent Sweep 69.360ms
[2020-01-29T21:56:22.298+0300][10.337s][debug][gc] GC(148) Concurrent mode failure
[2020-01-29T21:56:22.392+0300][10.431s][info ][gc] GC(148) Pause Full (Allocation Failure) 200M->70M(247M) 160.874ms
[2020-01-29T21:56:22.466+0300][10.504s][info ][gc] GC(149) Pause Young (Allocation Failure) 137M->155M(247M) 53.904ms
[2020-01-29T21:56:22.475+0300][10.514s][info ][gc] GC(150) Pause Initial Mark 174M->174M(247M) 8.852ms
[2020-01-29T21:56:22.475+0300][10.514s][info ][gc] GC(150) Concurrent Mark
[2020-01-29T21:56:22.478+0300][10.517s][debug][gc] GC(150) Concurrent active time: 3.015ms
[2020-01-29T21:56:22.478+0300][10.517s][info ][gc] GC(150) Concurrent Mark 3.074ms
[2020-01-29T21:56:22.478+0300][10.517s][info ][gc] GC(150) Concurrent Preclean
[2020-01-29T21:56:22.479+0300][10.517s][debug][gc] GC(150) Concurrent active time: 0.157ms
[2020-01-29T21:56:22.479+0300][10.517s][info ][gc] GC(150) Concurrent Preclean 0.188ms
[2020-01-29T21:56:22.479+0300][10.517s][info ][gc] GC(150) Concurrent Abortable Preclean
[2020-01-29T21:56:22.479+0300][10.517s][debug][gc] GC(150) Concurrent active time: 0.004ms
[2020-01-29T21:56:22.479+0300][10.517s][info ][gc] GC(150) Concurrent Abortable Preclean 0.031ms
[2020-01-29T21:56:22.479+0300][10.518s][debug][gc] GC(150) YG occupancy: 57224 K (78656 K)
[2020-01-29T21:56:22.489+0300][10.528s][info ][gc] GC(150) Pause Remark 202M->202M(247M) 10.581ms
[2020-01-29T21:56:22.489+0300][10.528s][info ][gc] GC(150) Concurrent Sweep
[2020-01-29T21:56:22.492+0300][10.531s][info ][gc] GC(151) Pause Young (Allocation Failure) 200M->200M(247M) 0.041ms
[2020-01-29T21:56:22.563+0300][10.601s][debug][gc] GC(150) Concurrent active time: 72.743ms
[2020-01-29T21:56:22.563+0300][10.601s][info ][gc] GC(150) Concurrent Sweep 72.976ms
[2020-01-29T21:56:22.563+0300][10.601s][debug][gc] GC(152) Concurrent mode failure
[2020-01-29T21:56:22.657+0300][10.696s][info ][gc] GC(152) Pause Full (Allocation Failure) 200M->70M(247M) 164.727ms
[2020-01-29T21:56:22.729+0300][10.768s][info ][gc] GC(153) Pause Young (Allocation Failure) 137M->155M(247M) 53.270ms
[2020-01-29T21:56:22.739+0300][10.777s][info ][gc] GC(154) Pause Initial Mark 174M->174M(247M) 8.822ms
[2020-01-29T21:56:22.739+0300][10.777s][info ][gc] GC(154) Concurrent Mark
[2020-01-29T21:56:22.742+0300][10.780s][debug][gc] GC(154) Concurrent active time: 3.006ms
[2020-01-29T21:56:22.742+0300][10.780s][info ][gc] GC(154) Concurrent Mark 3.067ms
[2020-01-29T21:56:22.742+0300][10.780s][info ][gc] GC(154) Concurrent Preclean
[2020-01-29T21:56:22.742+0300][10.781s][debug][gc] GC(154) Concurrent active time: 0.156ms
[2020-01-29T21:56:22.742+0300][10.781s][info ][gc] GC(154) Concurrent Preclean 0.186ms
[2020-01-29T21:56:22.742+0300][10.781s][info ][gc] GC(154) Concurrent Abortable Preclean
[2020-01-29T21:56:22.742+0300][10.781s][debug][gc] GC(154) Concurrent active time: 0.004ms
[2020-01-29T21:56:22.742+0300][10.781s][info ][gc] GC(154) Concurrent Abortable Preclean 0.030ms
[2020-01-29T21:56:22.742+0300][10.781s][debug][gc] GC(154) YG occupancy: 57240 K (78656 K)
[2020-01-29T21:56:22.753+0300][10.791s][info ][gc] GC(154) Pause Remark 202M->202M(247M) 10.735ms
[2020-01-29T21:56:22.753+0300][10.791s][info ][gc] GC(154) Concurrent Sweep
[2020-01-29T21:56:22.756+0300][10.794s][info ][gc] GC(155) Pause Young (Allocation Failure) 200M->200M(247M) 0.040ms
[2020-01-29T21:56:22.821+0300][10.859s][debug][gc] GC(154) Concurrent active time: 67.571ms
[2020-01-29T21:56:22.821+0300][10.859s][info ][gc] GC(154) Concurrent Sweep 67.804ms
[2020-01-29T21:56:22.821+0300][10.859s][debug][gc] GC(156) Concurrent mode failure
[2020-01-29T21:56:22.915+0300][10.953s][info ][gc] GC(156) Pause Full (Allocation Failure) 200M->70M(247M) 159.010ms
[2020-01-29T21:56:22.986+0300][11.025s][info ][gc] GC(157) Pause Young (Allocation Failure) 137M->155M(247M) 52.982ms
[2020-01-29T21:56:22.995+0300][11.034s][info ][gc] GC(158) Pause Initial Mark 174M->174M(247M) 8.814ms
[2020-01-29T21:56:22.995+0300][11.034s][info ][gc] GC(158) Concurrent Mark
[2020-01-29T21:56:22.998+0300][11.037s][debug][gc] GC(158) Concurrent active time: 3.010ms
[2020-01-29T21:56:22.998+0300][11.037s][info ][gc] GC(158) Concurrent Mark 3.064ms
[2020-01-29T21:56:22.998+0300][11.037s][info ][gc] GC(158) Concurrent Preclean
[2020-01-29T21:56:22.999+0300][11.037s][debug][gc] GC(158) Concurrent active time: 0.158ms
[2020-01-29T21:56:22.999+0300][11.038s][info ][gc] GC(158) Concurrent Preclean 0.189ms
[2020-01-29T21:56:22.999+0300][11.038s][info ][gc] GC(158) Concurrent Abortable Preclean
[2020-01-29T21:56:22.999+0300][11.038s][debug][gc] GC(158) Concurrent active time: 0.004ms
[2020-01-29T21:56:22.999+0300][11.038s][info ][gc] GC(158) Concurrent Abortable Preclean 0.030ms
[2020-01-29T21:56:22.999+0300][11.038s][debug][gc] GC(158) YG occupancy: 57246 K (78656 K)
[2020-01-29T21:56:23.010+0300][11.048s][info ][gc] GC(158) Pause Remark 202M->202M(247M) 10.867ms
[2020-01-29T21:56:23.010+0300][11.049s][info ][gc] GC(158) Concurrent Sweep
[2020-01-29T21:56:23.012+0300][11.051s][info ][gc] GC(159) Pause Young (Allocation Failure) 200M->200M(247M) 0.042ms
[2020-01-29T21:56:23.078+0300][11.117s][debug][gc] GC(158) Concurrent active time: 68.346ms
[2020-01-29T21:56:23.078+0300][11.117s][info ][gc] GC(158) Concurrent Sweep 68.595ms
[2020-01-29T21:56:23.078+0300][11.117s][debug][gc] GC(160) Concurrent mode failure
[2020-01-29T21:56:23.172+0300][11.211s][info ][gc] GC(160) Pause Full (Allocation Failure) 200M->70M(247M) 159.623ms
[2020-01-29T21:56:23.244+0300][11.282s][info ][gc] GC(161) Pause Young (Allocation Failure) 137M->155M(247M) 52.925ms
[2020-01-29T21:56:23.253+0300][11.292s][info ][gc] GC(162) Pause Initial Mark 174M->174M(247M) 8.817ms
[2020-01-29T21:56:23.253+0300][11.292s][info ][gc] GC(162) Concurrent Mark
[2020-01-29T21:56:23.257+0300][11.295s][debug][gc] GC(162) Concurrent active time: 3.113ms
[2020-01-29T21:56:23.257+0300][11.295s][info ][gc] GC(162) Concurrent Mark 3.252ms
[2020-01-29T21:56:23.257+0300][11.295s][info ][gc] GC(162) Concurrent Preclean
[2020-01-29T21:56:23.257+0300][11.295s][debug][gc] GC(162) Concurrent active time: 0.173ms
[2020-01-29T21:56:23.257+0300][11.295s][info ][gc] GC(162) Concurrent Preclean 0.206ms
[2020-01-29T21:56:23.257+0300][11.295s][info ][gc] GC(162) Concurrent Abortable Preclean
[2020-01-29T21:56:23.257+0300][11.295s][debug][gc] GC(162) Concurrent active time: 0.004ms
[2020-01-29T21:56:23.257+0300][11.295s][info ][gc] GC(162) Concurrent Abortable Preclean 0.080ms
[2020-01-29T21:56:23.257+0300][11.295s][debug][gc] GC(162) YG occupancy: 49065 K (78656 K)
[2020-01-29T21:56:23.267+0300][11.306s][info ][gc] GC(162) Pause Remark 194M->194M(247M) 10.298ms
[2020-01-29T21:56:23.267+0300][11.306s][info ][gc] GC(162) Concurrent Sweep
[2020-01-29T21:56:23.274+0300][11.312s][info ][gc] GC(163) Pause Young (Allocation Failure) 194M->194M(247M) 0.045ms
[2020-01-29T21:56:23.336+0300][11.374s][debug][gc] GC(162) Concurrent active time: 68.479ms
[2020-01-29T21:56:23.336+0300][11.374s][info ][gc] GC(162) Concurrent Sweep 68.805ms
[2020-01-29T21:56:23.336+0300][11.374s][debug][gc] GC(164) Concurrent mode failure
[2020-01-29T21:56:23.430+0300][11.468s][info ][gc] GC(164) Pause Full (Allocation Failure) 194M->70M(247M) 156.033ms
[2020-01-29T21:56:23.513+0300][11.551s][info ][gc] GC(165) Pause Young (Allocation Failure) 137M->155M(247M) 64.324ms
[2020-01-29T21:56:23.523+0300][11.561s][info ][gc] GC(166) Pause Initial Mark 174M->174M(247M) 8.850ms
[2020-01-29T21:56:23.523+0300][11.561s][info ][gc] GC(166) Concurrent Mark
[2020-01-29T21:56:23.526+0300][11.564s][debug][gc] GC(166) Concurrent active time: 3.126ms
[2020-01-29T21:56:23.526+0300][11.564s][info ][gc] GC(166) Concurrent Mark 3.191ms
[2020-01-29T21:56:23.526+0300][11.564s][info ][gc] GC(166) Concurrent Preclean
[2020-01-29T21:56:23.526+0300][11.564s][debug][gc] GC(166) Concurrent active time: 0.161ms
[2020-01-29T21:56:23.526+0300][11.564s][info ][gc] GC(166) Concurrent Preclean 0.194ms
[2020-01-29T21:56:23.526+0300][11.564s][info ][gc] GC(166) Concurrent Abortable Preclean
[2020-01-29T21:56:23.526+0300][11.564s][debug][gc] GC(166) Concurrent active time: 0.004ms
[2020-01-29T21:56:23.526+0300][11.564s][info ][gc] GC(166) Concurrent Abortable Preclean 0.031ms
[2020-01-29T21:56:23.526+0300][11.564s][debug][gc] GC(166) YG occupancy: 57250 K (78656 K)
[2020-01-29T21:56:23.537+0300][11.575s][info ][gc] GC(166) Pause Remark 202M->202M(247M) 10.592ms
[2020-01-29T21:56:23.537+0300][11.575s][info ][gc] GC(166) Concurrent Sweep
[2020-01-29T21:56:23.540+0300][11.578s][info ][gc] GC(167) Pause Young (Allocation Failure) 200M->200M(247M) 0.041ms
[2020-01-29T21:56:23.606+0300][11.645s][debug][gc] GC(166) Concurrent active time: 69.711ms
[2020-01-29T21:56:23.606+0300][11.645s][info ][gc] GC(166) Concurrent Sweep 69.949ms
[2020-01-29T21:56:23.606+0300][11.645s][debug][gc] GC(168) Concurrent mode failure
[2020-01-29T21:56:23.701+0300][11.740s][info ][gc] GC(168) Pause Full (Allocation Failure) 200M->70M(247M) 161.602ms
[2020-01-29T21:56:23.773+0300][11.811s][info ][gc] GC(169) Pause Young (Allocation Failure) 137M->155M(247M) 53.060ms
[2020-01-29T21:56:23.782+0300][11.821s][info ][gc] GC(170) Pause Initial Mark 174M->174M(247M) 8.833ms
[2020-01-29T21:56:23.782+0300][11.821s][info ][gc] GC(170) Concurrent Mark
[2020-01-29T21:56:23.785+0300][11.824s][debug][gc] GC(170) Concurrent active time: 3.024ms
[2020-01-29T21:56:23.786+0300][11.824s][info ][gc] GC(170) Concurrent Mark 3.083ms
[2020-01-29T21:56:23.786+0300][11.824s][info ][gc] GC(170) Concurrent Preclean
[2020-01-29T21:56:23.786+0300][11.824s][debug][gc] GC(170) Concurrent active time: 0.155ms
[2020-01-29T21:56:23.786+0300][11.824s][info ][gc] GC(170) Concurrent Preclean 0.188ms
[2020-01-29T21:56:23.786+0300][11.824s][info ][gc] GC(170) Concurrent Abortable Preclean
[2020-01-29T21:56:23.786+0300][11.824s][debug][gc] GC(170) Concurrent active time: 0.004ms
[2020-01-29T21:56:23.786+0300][11.824s][info ][gc] GC(170) Concurrent Abortable Preclean 0.030ms
[2020-01-29T21:56:23.786+0300][11.824s][debug][gc] GC(170) YG occupancy: 57250 K (78656 K)
[2020-01-29T21:56:23.797+0300][11.835s][info ][gc] GC(170) Pause Remark 202M->202M(247M) 10.731ms
[2020-01-29T21:56:23.797+0300][11.835s][info ][gc] GC(170) Concurrent Sweep
[2020-01-29T21:56:23.799+0300][11.838s][info ][gc] GC(171) Pause Young (Allocation Failure) 200M->200M(247M) 0.040ms
[2020-01-29T21:56:23.866+0300][11.904s][debug][gc] GC(170) Concurrent active time: 68.633ms
[2020-01-29T21:56:23.866+0300][11.904s][info ][gc] GC(170) Concurrent Sweep 68.869ms
[2020-01-29T21:56:23.866+0300][11.904s][debug][gc] GC(172) Concurrent mode failure
[2020-01-29T21:56:23.959+0300][11.997s][info ][gc] GC(172) Pause Full (Allocation Failure) 200M->70M(247M) 159.501ms
[2020-01-29T21:56:24.029+0300][12.068s][info ][gc] GC(173) Pause Young (Allocation Failure) 137M->155M(247M) 52.215ms
[2020-01-29T21:56:24.039+0300][12.078s][info ][gc] GC(174) Pause Initial Mark 174M->174M(247M) 8.831ms
[2020-01-29T21:56:24.039+0300][12.078s][info ][gc] GC(174) Concurrent Mark
[2020-01-29T21:56:24.042+0300][12.081s][debug][gc] GC(174) Concurrent active time: 3.012ms
[2020-01-29T21:56:24.042+0300][12.081s][info ][gc] GC(174) Concurrent Mark 3.066ms
[2020-01-29T21:56:24.042+0300][12.081s][info ][gc] GC(174) Concurrent Preclean
[2020-01-29T21:56:24.042+0300][12.081s][debug][gc] GC(174) Concurrent active time: 0.153ms
[2020-01-29T21:56:24.042+0300][12.081s][info ][gc] GC(174) Concurrent Preclean 0.184ms
[2020-01-29T21:56:24.042+0300][12.081s][info ][gc] GC(174) Concurrent Abortable Preclean
[2020-01-29T21:56:24.042+0300][12.081s][debug][gc] GC(174) Concurrent active time: 0.004ms
[2020-01-29T21:56:24.042+0300][12.081s][info ][gc] GC(174) Concurrent Abortable Preclean 0.031ms
[2020-01-29T21:56:24.043+0300][12.081s][debug][gc] GC(174) YG occupancy: 57251 K (78656 K)
[2020-01-29T21:56:24.053+0300][12.092s][info ][gc] GC(174) Pause Remark 202M->202M(247M) 10.705ms
[2020-01-29T21:56:24.053+0300][12.092s][info ][gc] GC(174) Concurrent Sweep
[2020-01-29T21:56:24.056+0300][12.095s][info ][gc] GC(175) Pause Young (Allocation Failure) 200M->200M(247M) 0.040ms
[2020-01-29T21:56:24.122+0300][12.161s][debug][gc] GC(174) Concurrent active time: 69.059ms
[2020-01-29T21:56:24.122+0300][12.161s][info ][gc] GC(174) Concurrent Sweep 69.289ms
[2020-01-29T21:56:24.122+0300][12.161s][debug][gc] GC(176) Concurrent mode failure
[2020-01-29T21:56:24.217+0300][12.255s][info ][gc] GC(176) Pause Full (Allocation Failure) 200M->70M(247M) 160.354ms
[2020-01-29T21:56:24.317+0300][12.356s][info ][gc] GC(177) Pause Young (Allocation Failure) 137M->155M(247M) 79.494ms
[2020-01-29T21:56:24.327+0300][12.366s][info ][gc] GC(178) Pause Initial Mark 174M->174M(247M) 8.813ms
[2020-01-29T21:56:24.327+0300][12.366s][info ][gc] GC(178) Concurrent Mark
[2020-01-29T21:56:24.331+0300][12.370s][debug][gc] GC(178) Concurrent active time: 3.086ms
[2020-01-29T21:56:24.331+0300][12.370s][info ][gc] GC(178) Concurrent Mark 3.921ms
[2020-01-29T21:56:24.331+0300][12.370s][info ][gc] GC(178) Concurrent Preclean
[2020-01-29T21:56:24.331+0300][12.370s][debug][gc] GC(178) Concurrent active time: 0.184ms
[2020-01-29T21:56:24.331+0300][12.370s][info ][gc] GC(178) Concurrent Preclean 0.217ms
[2020-01-29T21:56:24.331+0300][12.370s][info ][gc] GC(178) Concurrent Abortable Preclean
[2020-01-29T21:56:24.331+0300][12.370s][debug][gc] GC(178) Concurrent active time: 0.005ms
[2020-01-29T21:56:24.331+0300][12.370s][info ][gc] GC(178) Concurrent Abortable Preclean 0.031ms
[2020-01-29T21:56:24.331+0300][12.370s][debug][gc] GC(178) YG occupancy: 43582 K (78656 K)
[2020-01-29T21:56:24.342+0300][12.381s][info ][gc] GC(178) Pause Remark 189M->189M(247M) 10.570ms
[2020-01-29T21:56:24.342+0300][12.381s][info ][gc] GC(178) Concurrent Sweep
[2020-01-29T21:56:24.347+0300][12.385s][info ][gc] GC(179) Pause Young (Allocation Failure) 197M->197M(247M) 0.046ms
[2020-01-29T21:56:24.412+0300][12.450s][debug][gc] GC(178) Concurrent active time: 69.213ms
[2020-01-29T21:56:24.412+0300][12.450s][info ][gc] GC(178) Concurrent Sweep 69.481ms
[2020-01-29T21:56:24.412+0300][12.450s][debug][gc] GC(180) Concurrent mode failure
[2020-01-29T21:56:24.507+0300][12.545s][info ][gc] GC(180) Pause Full (Allocation Failure) 197M->70M(247M) 159.940ms
[2020-01-29T21:56:24.578+0300][12.617s][info ][gc] GC(181) Pause Young (Allocation Failure) 137M->155M(247M) 52.739ms
[2020-01-29T21:56:24.588+0300][12.626s][info ][gc] GC(182) Pause Initial Mark 174M->174M(247M) 8.832ms
[2020-01-29T21:56:24.588+0300][12.626s][info ][gc] GC(182) Concurrent Mark
[2020-01-29T21:56:24.591+0300][12.629s][debug][gc] GC(182) Concurrent active time: 3.013ms
[2020-01-29T21:56:24.591+0300][12.629s][info ][gc] GC(182) Concurrent Mark 3.073ms
[2020-01-29T21:56:24.591+0300][12.629s][info ][gc] GC(182) Concurrent Preclean
[2020-01-29T21:56:24.591+0300][12.630s][debug][gc] GC(182) Concurrent active time: 0.156ms
[2020-01-29T21:56:24.591+0300][12.630s][info ][gc] GC(182) Concurrent Preclean 0.186ms
[2020-01-29T21:56:24.591+0300][12.630s][info ][gc] GC(182) Concurrent Abortable Preclean
[2020-01-29T21:56:24.591+0300][12.630s][debug][gc] GC(182) Concurrent active time: 0.003ms
[2020-01-29T21:56:24.591+0300][12.630s][info ][gc] GC(182) Concurrent Abortable Preclean 0.030ms
[2020-01-29T21:56:24.591+0300][12.630s][debug][gc] GC(182) YG occupancy: 57251 K (78656 K)
[2020-01-29T21:56:24.602+0300][12.640s][info ][gc] GC(182) Pause Remark 202M->202M(247M) 10.619ms
[2020-01-29T21:56:24.602+0300][12.640s][info ][gc] GC(182) Concurrent Sweep
[2020-01-29T21:56:24.605+0300][12.643s][info ][gc] GC(183) Pause Young (Allocation Failure) 200M->200M(247M) 0.040ms
[2020-01-29T21:56:24.671+0300][12.710s][debug][gc] GC(182) Concurrent active time: 69.483ms
[2020-01-29T21:56:24.671+0300][12.710s][info ][gc] GC(182) Concurrent Sweep 69.715ms
[2020-01-29T21:56:24.671+0300][12.710s][debug][gc] GC(184) Concurrent mode failure
[2020-01-29T21:56:24.765+0300][12.804s][info ][gc] GC(184) Pause Full (Allocation Failure) 200M->70M(247M) 161.059ms
[2020-01-29T21:56:24.837+0300][12.875s][info ][gc] GC(185) Pause Young (Allocation Failure) 137M->155M(247M) 52.887ms
[2020-01-29T21:56:24.846+0300][12.885s][info ][gc] GC(186) Pause Initial Mark 174M->174M(247M) 8.821ms
[2020-01-29T21:56:24.846+0300][12.885s][info ][gc] GC(186) Concurrent Mark
[2020-01-29T21:56:24.849+0300][12.888s][debug][gc] GC(186) Concurrent active time: 3.009ms
[2020-01-29T21:56:24.849+0300][12.888s][info ][gc] GC(186) Concurrent Mark 3.065ms
[2020-01-29T21:56:24.849+0300][12.888s][info ][gc] GC(186) Concurrent Preclean
[2020-01-29T21:56:24.850+0300][12.888s][debug][gc] GC(186) Concurrent active time: 0.156ms
[2020-01-29T21:56:24.850+0300][12.888s][info ][gc] GC(186) Concurrent Preclean 0.188ms
[2020-01-29T21:56:24.850+0300][12.888s][info ][gc] GC(186) Concurrent Abortable Preclean
[2020-01-29T21:56:24.850+0300][12.888s][debug][gc] GC(186) Concurrent active time: 0.004ms
[2020-01-29T21:56:24.850+0300][12.888s][info ][gc] GC(186) Concurrent Abortable Preclean 0.030ms
[2020-01-29T21:56:24.850+0300][12.888s][debug][gc] GC(186) YG occupancy: 57251 K (78656 K)
[2020-01-29T21:56:24.860+0300][12.899s][info ][gc] GC(186) Pause Remark 202M->202M(247M) 10.809ms
[2020-01-29T21:56:24.861+0300][12.899s][info ][gc] GC(186) Concurrent Sweep
[2020-01-29T21:56:24.863+0300][12.902s][info ][gc] GC(187) Pause Young (Allocation Failure) 200M->200M(247M) 0.041ms
[2020-01-29T21:56:24.930+0300][12.969s][debug][gc] GC(186) Concurrent active time: 69.410ms
[2020-01-29T21:56:24.930+0300][12.969s][info ][gc] GC(186) Concurrent Sweep 69.640ms
[2020-01-29T21:56:24.930+0300][12.969s][debug][gc] GC(188) Concurrent mode failure
[2020-01-29T21:56:25.024+0300][13.062s][info ][gc] GC(188) Pause Full (Allocation Failure) 200M->70M(247M) 160.636ms
[2020-01-29T21:56:25.094+0300][13.133s][info ][gc] GC(189) Pause Young (Allocation Failure) 137M->155M(247M) 52.672ms
[2020-01-29T21:56:25.104+0300][13.143s][info ][gc] GC(190) Pause Initial Mark 174M->174M(247M) 8.835ms
[2020-01-29T21:56:25.104+0300][13.143s][info ][gc] GC(190) Concurrent Mark
[2020-01-29T21:56:25.107+0300][13.146s][debug][gc] GC(190) Concurrent active time: 3.023ms
[2020-01-29T21:56:25.107+0300][13.146s][info ][gc] GC(190) Concurrent Mark 3.083ms
[2020-01-29T21:56:25.107+0300][13.146s][info ][gc] GC(190) Concurrent Preclean
[2020-01-29T21:56:25.108+0300][13.146s][debug][gc] GC(190) Concurrent active time: 0.159ms
[2020-01-29T21:56:25.108+0300][13.146s][info ][gc] GC(190) Concurrent Preclean 0.191ms
[2020-01-29T21:56:25.108+0300][13.146s][info ][gc] GC(190) Concurrent Abortable Preclean
[2020-01-29T21:56:25.108+0300][13.147s][debug][gc] GC(190) Concurrent active time: 0.004ms
[2020-01-29T21:56:25.108+0300][13.147s][info ][gc] GC(190) Concurrent Abortable Preclean 0.033ms
[2020-01-29T21:56:25.108+0300][13.147s][debug][gc] GC(190) YG occupancy: 57252 K (78656 K)
[2020-01-29T21:56:25.118+0300][13.157s][info ][gc] GC(190) Pause Remark 202M->202M(247M) 10.641ms
[2020-01-29T21:56:25.119+0300][13.157s][info ][gc] GC(190) Concurrent Sweep
[2020-01-29T21:56:25.121+0300][13.160s][info ][gc] GC(191) Pause Young (Allocation Failure) 200M->200M(247M) 0.042ms
[2020-01-29T21:56:25.189+0300][13.227s][debug][gc] GC(190) Concurrent active time: 69.602ms
[2020-01-29T21:56:25.189+0300][13.227s][info ][gc] GC(190) Concurrent Sweep 69.844ms
[2020-01-29T21:56:25.189+0300][13.227s][debug][gc] GC(192) Concurrent mode failure
[2020-01-29T21:56:25.282+0300][13.321s][info ][gc] GC(192) Pause Full (Allocation Failure) 200M->70M(247M) 161.019ms
[2020-01-29T21:56:25.358+0300][13.397s][info ][gc] GC(193) Pause Young (Allocation Failure) 137M->155M(247M) 53.481ms
[2020-01-29T21:56:25.368+0300][13.406s][info ][gc] GC(194) Pause Initial Mark 174M->174M(247M) 8.834ms
[2020-01-29T21:56:25.368+0300][13.406s][info ][gc] GC(194) Concurrent Mark
[2020-01-29T21:56:25.371+0300][13.410s][debug][gc] GC(194) Concurrent active time: 3.116ms
[2020-01-29T21:56:25.371+0300][13.410s][info ][gc] GC(194) Concurrent Mark 3.182ms
[2020-01-29T21:56:25.371+0300][13.410s][info ][gc] GC(194) Concurrent Preclean
[2020-01-29T21:56:25.371+0300][13.410s][debug][gc] GC(194) Concurrent active time: 0.167ms
[2020-01-29T21:56:25.371+0300][13.410s][info ][gc] GC(194) Concurrent Preclean 0.201ms
[2020-01-29T21:56:25.371+0300][13.410s][info ][gc] GC(194) Concurrent Abortable Preclean
[2020-01-29T21:56:25.371+0300][13.410s][debug][gc] GC(194) Concurrent active time: 0.003ms
[2020-01-29T21:56:25.371+0300][13.410s][info ][gc] GC(194) Concurrent Abortable Preclean 0.030ms
[2020-01-29T21:56:25.371+0300][13.410s][debug][gc] GC(194) YG occupancy: 57230 K (78656 K)
[2020-01-29T21:56:25.382+0300][13.421s][info ][gc] GC(194) Pause Remark 202M->202M(247M) 10.958ms
[2020-01-29T21:56:25.382+0300][13.421s][info ][gc] GC(194) Concurrent Sweep
[2020-01-29T21:56:25.385+0300][13.424s][info ][gc] GC(195) Pause Young (Allocation Failure) 200M->200M(247M) 0.041ms
[2020-01-29T21:56:25.454+0300][13.492s][debug][gc] GC(194) Concurrent active time: 71.205ms
[2020-01-29T21:56:25.454+0300][13.492s][info ][gc] GC(194) Concurrent Sweep 71.438ms
[2020-01-29T21:56:25.454+0300][13.492s][debug][gc] GC(196) Concurrent mode failure
[2020-01-29T21:56:25.549+0300][13.587s][info ][gc] GC(196) Pause Full (Allocation Failure) 200M->70M(247M) 162.942ms
[2020-01-29T21:56:25.619+0300][13.658s][info ][gc] GC(197) Pause Young (Allocation Failure) 137M->155M(247M) 52.786ms
[2020-01-29T21:56:25.630+0300][13.668s][info ][gc] GC(198) Pause Initial Mark 174M->174M(247M) 8.829ms
[2020-01-29T21:56:25.630+0300][13.668s][info ][gc] GC(198) Concurrent Mark
[2020-01-29T21:56:25.633+0300][13.671s][debug][gc] GC(198) Concurrent active time: 3.046ms
[2020-01-29T21:56:25.633+0300][13.671s][info ][gc] GC(198) Concurrent Mark 3.107ms
[2020-01-29T21:56:25.633+0300][13.671s][info ][gc] GC(198) Concurrent Preclean
[2020-01-29T21:56:25.633+0300][13.671s][debug][gc] GC(198) Concurrent active time: 0.161ms
[2020-01-29T21:56:25.633+0300][13.671s][info ][gc] GC(198) Concurrent Preclean 0.194ms
[2020-01-29T21:56:25.633+0300][13.671s][info ][gc] GC(198) Concurrent Abortable Preclean
[2020-01-29T21:56:25.633+0300][13.671s][debug][gc] GC(198) Concurrent active time: 0.004ms
[2020-01-29T21:56:25.633+0300][13.671s][info ][gc] GC(198) Concurrent Abortable Preclean 0.030ms
[2020-01-29T21:56:25.633+0300][13.672s][debug][gc] GC(198) YG occupancy: 57247 K (78656 K)
[2020-01-29T21:56:25.644+0300][13.682s][info ][gc] GC(198) Pause Remark 202M->202M(247M) 10.713ms
[2020-01-29T21:56:25.644+0300][13.682s][info ][gc] GC(198) Concurrent Sweep
[2020-01-29T21:56:25.647+0300][13.685s][info ][gc] GC(199) Pause Young (Allocation Failure) 200M->200M(247M) 0.040ms
[2020-01-29T21:56:25.714+0300][13.752s][debug][gc] GC(198) Concurrent active time: 69.684ms
[2020-01-29T21:56:25.714+0300][13.752s][info ][gc] GC(198) Concurrent Sweep 69.915ms
[2020-01-29T21:56:25.714+0300][13.752s][debug][gc] GC(200) Concurrent mode failure
[2020-01-29T21:56:25.807+0300][13.845s][info ][gc] GC(200) Pause Full (Allocation Failure) 200M->70M(247M) 160.234ms
[2020-01-29T21:56:25.878+0300][13.917s][info ][gc] GC(201) Pause Young (Allocation Failure) 137M->155M(247M) 52.809ms
[2020-01-29T21:56:25.888+0300][13.926s][info ][gc] GC(202) Pause Initial Mark 174M->174M(247M) 8.824ms
[2020-01-29T21:56:25.888+0300][13.927s][info ][gc] GC(202) Concurrent Mark
[2020-01-29T21:56:25.891+0300][13.930s][debug][gc] GC(202) Concurrent active time: 3.028ms
[2020-01-29T21:56:25.891+0300][13.930s][info ][gc] GC(202) Concurrent Mark 3.082ms
[2020-01-29T21:56:25.891+0300][13.930s][info ][gc] GC(202) Concurrent Preclean
[2020-01-29T21:56:25.891+0300][13.930s][debug][gc] GC(202) Concurrent active time: 0.158ms
[2020-01-29T21:56:25.891+0300][13.930s][info ][gc] GC(202) Concurrent Preclean 0.189ms
[2020-01-29T21:56:25.891+0300][13.930s][info ][gc] GC(202) Concurrent Abortable Preclean
[2020-01-29T21:56:25.891+0300][13.930s][debug][gc] GC(202) Concurrent active time: 0.003ms
[2020-01-29T21:56:25.891+0300][13.930s][info ][gc] GC(202) Concurrent Abortable Preclean 0.030ms
[2020-01-29T21:56:25.891+0300][13.930s][debug][gc] GC(202) YG occupancy: 57249 K (78656 K)
[2020-01-29T21:56:25.902+0300][13.941s][info ][gc] GC(202) Pause Remark 202M->202M(247M) 10.649ms
[2020-01-29T21:56:25.902+0300][13.941s][info ][gc] GC(202) Concurrent Sweep
[2020-01-29T21:56:25.905+0300][13.943s][info ][gc] GC(203) Pause Young (Allocation Failure) 200M->200M(247M) 0.041ms
[2020-01-29T21:56:25.971+0300][14.009s][debug][gc] GC(202) Concurrent active time: 68.380ms
[2020-01-29T21:56:25.971+0300][14.009s][info ][gc] GC(202) Concurrent Sweep 68.629ms
[2020-01-29T21:56:25.971+0300][14.009s][debug][gc] GC(204) Concurrent mode failure
[2020-01-29T21:56:26.065+0300][14.104s][info ][gc] GC(204) Pause Full (Allocation Failure) 200M->70M(247M) 160.448ms
[2020-01-29T21:56:26.137+0300][14.176s][info ][gc] GC(205) Pause Young (Allocation Failure) 137M->155M(247M) 53.314ms
[2020-01-29T21:56:26.147+0300][14.185s][info ][gc] GC(206) Pause Initial Mark 174M->174M(247M) 8.857ms
[2020-01-29T21:56:26.147+0300][14.185s][info ][gc] GC(206) Concurrent Mark
[2020-01-29T21:56:26.150+0300][14.188s][debug][gc] GC(206) Concurrent active time: 3.018ms
[2020-01-29T21:56:26.150+0300][14.188s][info ][gc] GC(206) Concurrent Mark 3.076ms
[2020-01-29T21:56:26.150+0300][14.188s][info ][gc] GC(206) Concurrent Preclean
[2020-01-29T21:56:26.150+0300][14.189s][debug][gc] GC(206) Concurrent active time: 0.157ms
[2020-01-29T21:56:26.150+0300][14.189s][info ][gc] GC(206) Concurrent Preclean 0.189ms
[2020-01-29T21:56:26.150+0300][14.189s][info ][gc] GC(206) Concurrent Abortable Preclean
[2020-01-29T21:56:26.150+0300][14.189s][debug][gc] GC(206) Concurrent active time: 0.004ms
[2020-01-29T21:56:26.150+0300][14.189s][info ][gc] GC(206) Concurrent Abortable Preclean 0.030ms
[2020-01-29T21:56:26.150+0300][14.189s][debug][gc] GC(206) YG occupancy: 57251 K (78656 K)
[2020-01-29T21:56:26.161+0300][14.199s][info ][gc] GC(206) Pause Remark 202M->202M(247M) 10.632ms
[2020-01-29T21:56:26.161+0300][14.199s][info ][gc] GC(206) Concurrent Sweep
[2020-01-29T21:56:26.163+0300][14.202s][info ][gc] GC(207) Pause Young (Allocation Failure) 200M->200M(247M) 0.040ms
[2020-01-29T21:56:26.230+0300][14.268s][debug][gc] GC(206) Concurrent active time: 68.459ms
[2020-01-29T21:56:26.230+0300][14.268s][info ][gc] GC(206) Concurrent Sweep 68.691ms
[2020-01-29T21:56:26.230+0300][14.268s][debug][gc] GC(208) Concurrent mode failure
[2020-01-29T21:56:26.323+0300][14.361s][info ][gc] GC(208) Pause Full (Allocation Failure) 200M->70M(247M) 158.909ms
[2020-01-29T21:56:26.435+0300][14.474s][info ][gc] GC(209) Pause Young (Allocation Failure) 137M->155M(247M) 93.590ms
[2020-01-29T21:56:26.445+0300][14.484s][info ][gc] GC(210) Pause Initial Mark 174M->174M(247M) 8.819ms
[2020-01-29T21:56:26.445+0300][14.484s][info ][gc] GC(210) Concurrent Mark
[2020-01-29T21:56:26.448+0300][14.487s][debug][gc] GC(210) Concurrent active time: 3.080ms
[2020-01-29T21:56:26.448+0300][14.487s][info ][gc] GC(210) Concurrent Mark 3.147ms
[2020-01-29T21:56:26.448+0300][14.487s][info ][gc] GC(210) Concurrent Preclean
[2020-01-29T21:56:26.448+0300][14.487s][debug][gc] GC(210) Concurrent active time: 0.165ms
[2020-01-29T21:56:26.448+0300][14.487s][info ][gc] GC(210) Concurrent Preclean 0.200ms
[2020-01-29T21:56:26.448+0300][14.487s][info ][gc] GC(210) Concurrent Abortable Preclean
[2020-01-29T21:56:26.448+0300][14.487s][debug][gc] GC(210) Concurrent active time: 0.004ms
[2020-01-29T21:56:26.449+0300][14.487s][info ][gc] GC(210) Concurrent Abortable Preclean 0.032ms
[2020-01-29T21:56:26.449+0300][14.487s][debug][gc] GC(210) YG occupancy: 55853 K (78656 K)
[2020-01-29T21:56:26.462+0300][14.501s][info ][gc] GC(210) Pause Remark 201M->201M(247M) 13.607ms
[2020-01-29T21:56:26.462+0300][14.501s][info ][gc] GC(210) Concurrent Sweep
[2020-01-29T21:56:26.465+0300][14.504s][info ][gc] GC(211) Pause Young (Allocation Failure) 200M->200M(247M) 0.044ms
[2020-01-29T21:56:26.532+0300][14.570s][debug][gc] GC(210) Concurrent active time: 69.223ms
[2020-01-29T21:56:26.532+0300][14.570s][info ][gc] GC(210) Concurrent Sweep 69.485ms
[2020-01-29T21:56:26.532+0300][14.571s][debug][gc] GC(212) Concurrent mode failure
[2020-01-29T21:56:26.628+0300][14.666s][info ][gc] GC(212) Pause Full (Allocation Failure) 200M->70M(247M) 162.154ms
[2020-01-29T21:56:26.699+0300][14.737s][info ][gc] GC(213) Pause Young (Allocation Failure) 137M->155M(247M) 52.529ms
[2020-01-29T21:56:26.709+0300][14.747s][info ][gc] GC(214) Pause Initial Mark 174M->174M(247M) 8.823ms
[2020-01-29T21:56:26.709+0300][14.747s][info ][gc] GC(214) Concurrent Mark
[2020-01-29T21:56:26.712+0300][14.750s][debug][gc] GC(214) Concurrent active time: 3.046ms
[2020-01-29T21:56:26.712+0300][14.750s][info ][gc] GC(214) Concurrent Mark 3.100ms
[2020-01-29T21:56:26.712+0300][14.750s][info ][gc] GC(214) Concurrent Preclean
[2020-01-29T21:56:26.712+0300][14.750s][debug][gc] GC(214) Concurrent active time: 0.159ms
[2020-01-29T21:56:26.712+0300][14.750s][info ][gc] GC(214) Concurrent Preclean 0.189ms
[2020-01-29T21:56:26.712+0300][14.750s][info ][gc] GC(214) Concurrent Abortable Preclean
[2020-01-29T21:56:26.712+0300][14.750s][debug][gc] GC(214) Concurrent active time: 0.004ms
[2020-01-29T21:56:26.712+0300][14.750s][info ][gc] GC(214) Concurrent Abortable Preclean 0.031ms
[2020-01-29T21:56:26.712+0300][14.750s][debug][gc] GC(214) YG occupancy: 57244 K (78656 K)
[2020-01-29T21:56:26.723+0300][14.761s][info ][gc] GC(214) Pause Remark 202M->202M(247M) 10.682ms
[2020-01-29T21:56:26.723+0300][14.761s][info ][gc] GC(214) Concurrent Sweep
[2020-01-29T21:56:26.726+0300][14.764s][info ][gc] GC(215) Pause Young (Allocation Failure) 200M->200M(247M) 0.041ms
[2020-01-29T21:56:26.792+0300][14.831s][debug][gc] GC(214) Concurrent active time: 69.919ms
[2020-01-29T21:56:26.792+0300][14.831s][info ][gc] GC(214) Concurrent Sweep 70.153ms
[2020-01-29T21:56:26.792+0300][14.831s][debug][gc] GC(216) Concurrent mode failure
[2020-01-29T21:56:26.888+0300][14.926s][info ][gc] GC(216) Pause Full (Allocation Failure) 200M->70M(247M) 162.245ms
[2020-01-29T21:56:26.959+0300][14.998s][info ][gc] GC(217) Pause Young (Allocation Failure) 137M->155M(247M) 53.018ms
[2020-01-29T21:56:26.968+0300][15.007s][info ][gc] GC(218) Pause Initial Mark 174M->174M(247M) 8.810ms
[2020-01-29T21:56:26.969+0300][15.007s][info ][gc] GC(218) Concurrent Mark
[2020-01-29T21:56:26.972+0300][15.010s][debug][gc] GC(218) Concurrent active time: 3.022ms
[2020-01-29T21:56:26.972+0300][15.010s][info ][gc] GC(218) Concurrent Mark 3.081ms
[2020-01-29T21:56:26.972+0300][15.010s][info ][gc] GC(218) Concurrent Preclean
[2020-01-29T21:56:26.972+0300][15.011s][debug][gc] GC(218) Concurrent active time: 0.159ms
[2020-01-29T21:56:26.972+0300][15.011s][info ][gc] GC(218) Concurrent Preclean 0.197ms
[2020-01-29T21:56:26.972+0300][15.011s][info ][gc] GC(218) Concurrent Abortable Preclean
[2020-01-29T21:56:26.972+0300][15.011s][debug][gc] GC(218) Concurrent active time: 0.004ms
[2020-01-29T21:56:26.972+0300][15.011s][info ][gc] GC(218) Concurrent Abortable Preclean 0.030ms
[2020-01-29T21:56:26.972+0300][15.011s][debug][gc] GC(218) YG occupancy: 57249 K (78656 K)
[2020-01-29T21:56:26.983+0300][15.022s][info ][gc] GC(218) Pause Remark 202M->202M(247M) 10.707ms
[2020-01-29T21:56:26.983+0300][15.022s][info ][gc] GC(218) Concurrent Sweep
[2020-01-29T21:56:26.985+0300][15.024s][info ][gc] GC(219) Pause Young (Allocation Failure) 200M->200M(247M) 0.040ms
[2020-01-29T21:56:27.052+0300][15.091s][debug][gc] GC(218) Concurrent active time: 68.864ms
[2020-01-29T21:56:27.052+0300][15.091s][info ][gc] GC(218) Concurrent Sweep 69.097ms
[2020-01-29T21:56:27.052+0300][15.091s][debug][gc] GC(220) Concurrent mode failure
[2020-01-29T21:56:27.147+0300][15.185s][info ][gc] GC(220) Pause Full (Allocation Failure) 200M->70M(247M) 161.046ms
[2020-01-29T21:56:27.219+0300][15.257s][info ][gc] GC(221) Pause Young (Allocation Failure) 137M->155M(247M) 53.216ms
[2020-01-29T21:56:27.229+0300][15.267s][info ][gc] GC(222) Pause Initial Mark 174M->174M(247M) 8.823ms
[2020-01-29T21:56:27.229+0300][15.267s][info ][gc] GC(222) Concurrent Mark
[2020-01-29T21:56:27.232+0300][15.270s][debug][gc] GC(222) Concurrent active time: 3.006ms
[2020-01-29T21:56:27.232+0300][15.270s][info ][gc] GC(222) Concurrent Mark 3.063ms
[2020-01-29T21:56:27.232+0300][15.270s][info ][gc] GC(222) Concurrent Preclean
[2020-01-29T21:56:27.232+0300][15.270s][debug][gc] GC(222) Concurrent active time: 0.156ms
[2020-01-29T21:56:27.232+0300][15.270s][info ][gc] GC(222) Concurrent Preclean 0.187ms
[2020-01-29T21:56:27.232+0300][15.270s][info ][gc] GC(222) Concurrent Abortable Preclean
[2020-01-29T21:56:27.232+0300][15.270s][debug][gc] GC(222) Concurrent active time: 0.004ms
[2020-01-29T21:56:27.232+0300][15.270s][info ][gc] GC(222) Concurrent Abortable Preclean 0.030ms
[2020-01-29T21:56:27.232+0300][15.270s][debug][gc] GC(222) YG occupancy: 57251 K (78656 K)
[2020-01-29T21:56:27.243+0300][15.281s][info ][gc] GC(222) Pause Remark 202M->202M(247M) 10.644ms
[2020-01-29T21:56:27.243+0300][15.281s][info ][gc] GC(222) Concurrent Sweep
[2020-01-29T21:56:27.245+0300][15.284s][info ][gc] GC(223) Pause Young (Allocation Failure) 200M->200M(247M) 0.040ms
[2020-01-29T21:56:27.312+0300][15.351s][debug][gc] GC(222) Concurrent active time: 69.811ms
[2020-01-29T21:56:27.312+0300][15.351s][info ][gc] GC(222) Concurrent Sweep 70.046ms
[2020-01-29T21:56:27.312+0300][15.351s][debug][gc] GC(224) Concurrent mode failure
[2020-01-29T21:56:27.406+0300][15.445s][info ][gc] GC(224) Pause Full (Allocation Failure) 200M->70M(247M) 161.601ms
[2020-01-29T21:56:27.486+0300][15.524s][info ][gc] GC(225) Pause Young (Allocation Failure) 137M->155M(247M) 54.172ms
[2020-01-29T21:56:27.495+0300][15.534s][info ][gc] GC(226) Pause Initial Mark 174M->174M(247M) 8.888ms
[2020-01-29T21:56:27.495+0300][15.534s][info ][gc] GC(226) Concurrent Mark
[2020-01-29T21:56:27.498+0300][15.537s][debug][gc] GC(226) Concurrent active time: 3.021ms
[2020-01-29T21:56:27.498+0300][15.537s][info ][gc] GC(226) Concurrent Mark 3.078ms
[2020-01-29T21:56:27.498+0300][15.537s][info ][gc] GC(226) Concurrent Preclean
[2020-01-29T21:56:27.498+0300][15.537s][debug][gc] GC(226) Concurrent active time: 0.157ms
[2020-01-29T21:56:27.498+0300][15.537s][info ][gc] GC(226) Concurrent Preclean 0.188ms
[2020-01-29T21:56:27.498+0300][15.537s][info ][gc] GC(226) Concurrent Abortable Preclean
[2020-01-29T21:56:27.498+0300][15.537s][debug][gc] GC(226) Concurrent active time: 0.004ms
[2020-01-29T21:56:27.498+0300][15.537s][info ][gc] GC(226) Concurrent Abortable Preclean 0.031ms
[2020-01-29T21:56:27.499+0300][15.538s][debug][gc] GC(226) YG occupancy: 57231 K (78656 K)
[2020-01-29T21:56:27.509+0300][15.548s][info ][gc] GC(226) Pause Remark 202M->202M(247M) 10.725ms
[2020-01-29T21:56:27.509+0300][15.548s][info ][gc] GC(226) Concurrent Sweep
[2020-01-29T21:56:27.512+0300][15.551s][info ][gc] GC(227) Pause Young (Allocation Failure) 200M->200M(247M) 0.041ms
[2020-01-29T21:56:27.582+0300][15.621s][debug][gc] GC(226) Concurrent active time: 72.388ms
[2020-01-29T21:56:27.582+0300][15.621s][info ][gc] GC(226) Concurrent Sweep 72.640ms
[2020-01-29T21:56:27.582+0300][15.621s][debug][gc] GC(228) Concurrent mode failure
[2020-01-29T21:56:27.677+0300][15.715s][info ][gc] GC(228) Pause Full (Allocation Failure) 200M->70M(247M) 164.240ms
[2020-01-29T21:56:27.750+0300][15.788s][info ][gc] GC(229) Pause Young (Allocation Failure) 137M->155M(247M) 54.163ms
[2020-01-29T21:56:27.760+0300][15.798s][info ][gc] GC(230) Pause Initial Mark 174M->174M(247M) 8.825ms
[2020-01-29T21:56:27.760+0300][15.798s][info ][gc] GC(230) Concurrent Mark
[2020-01-29T21:56:27.763+0300][15.801s][debug][gc] GC(230) Concurrent active time: 3.009ms
[2020-01-29T21:56:27.763+0300][15.801s][info ][gc] GC(230) Concurrent Mark 3.067ms
[2020-01-29T21:56:27.763+0300][15.801s][info ][gc] GC(230) Concurrent Preclean
[2020-01-29T21:56:27.763+0300][15.801s][debug][gc] GC(230) Concurrent active time: 0.156ms
[2020-01-29T21:56:27.763+0300][15.801s][info ][gc] GC(230) Concurrent Preclean 0.188ms
[2020-01-29T21:56:27.763+0300][15.801s][info ][gc] GC(230) Concurrent Abortable Preclean
[2020-01-29T21:56:27.763+0300][15.801s][debug][gc] GC(230) Concurrent active time: 0.004ms
[2020-01-29T21:56:27.763+0300][15.801s][info ][gc] GC(230) Concurrent Abortable Preclean 0.030ms
[2020-01-29T21:56:27.763+0300][15.801s][debug][gc] GC(230) YG occupancy: 57244 K (78656 K)
[2020-01-29T21:56:27.774+0300][15.812s][info ][gc] GC(230) Pause Remark 202M->202M(247M) 10.875ms
[2020-01-29T21:56:27.774+0300][15.812s][info ][gc] GC(230) Concurrent Sweep
[2020-01-29T21:56:27.777+0300][15.815s][info ][gc] GC(231) Pause Young (Allocation Failure) 200M->200M(247M) 0.041ms
[2020-01-29T21:56:27.843+0300][15.882s][debug][gc] GC(230) Concurrent active time: 69.137ms
[2020-01-29T21:56:27.844+0300][15.882s][info ][gc] GC(230) Concurrent Sweep 69.383ms
[2020-01-29T21:56:27.844+0300][15.882s][debug][gc] GC(232) Concurrent mode failure
[2020-01-29T21:56:27.937+0300][15.976s][info ][gc] GC(232) Pause Full (Allocation Failure) 200M->70M(247M) 161.021ms
[2020-01-29T21:56:28.009+0300][16.047s][info ][gc] GC(233) Pause Young (Allocation Failure) 137M->155M(247M) 52.882ms
[2020-01-29T21:56:28.018+0300][16.057s][info ][gc] GC(234) Pause Initial Mark 174M->174M(247M) 8.812ms
[2020-01-29T21:56:28.018+0300][16.057s][info ][gc] GC(234) Concurrent Mark
[2020-01-29T21:56:28.021+0300][16.060s][debug][gc] GC(234) Concurrent active time: 3.071ms
[2020-01-29T21:56:28.021+0300][16.060s][info ][gc] GC(234) Concurrent Mark 3.133ms
[2020-01-29T21:56:28.021+0300][16.060s][info ][gc] GC(234) Concurrent Preclean
[2020-01-29T21:56:28.022+0300][16.060s][debug][gc] GC(234) Concurrent active time: 0.165ms
[2020-01-29T21:56:28.022+0300][16.060s][info ][gc] GC(234) Concurrent Preclean 0.200ms
[2020-01-29T21:56:28.022+0300][16.060s][info ][gc] GC(234) Concurrent Abortable Preclean
[2020-01-29T21:56:28.022+0300][16.060s][debug][gc] GC(234) Concurrent active time: 0.004ms
[2020-01-29T21:56:28.022+0300][16.060s][info ][gc] GC(234) Concurrent Abortable Preclean 0.031ms
[2020-01-29T21:56:28.022+0300][16.060s][debug][gc] GC(234) YG occupancy: 57249 K (78656 K)
[2020-01-29T21:56:28.032+0300][16.071s][info ][gc] GC(234) Pause Remark 202M->202M(247M) 10.673ms
[2020-01-29T21:56:28.032+0300][16.071s][info ][gc] GC(234) Concurrent Sweep
[2020-01-29T21:56:28.035+0300][16.074s][info ][gc] GC(235) Pause Young (Allocation Failure) 200M->200M(247M) 0.040ms
[2020-01-29T21:56:28.101+0300][16.139s][debug][gc] GC(234) Concurrent active time: 68.353ms
[2020-01-29T21:56:28.101+0300][16.140s][info ][gc] GC(234) Concurrent Sweep 68.581ms
[2020-01-29T21:56:28.101+0300][16.140s][debug][gc] GC(236) Concurrent mode failure
[2020-01-29T21:56:28.195+0300][16.233s][info ][gc] GC(236) Pause Full (Allocation Failure) 200M->70M(247M) 159.310ms
[2020-01-29T21:56:28.265+0300][16.304s][info ][gc] GC(237) Pause Young (Allocation Failure) 137M->155M(247M) 52.654ms
[2020-01-29T21:56:28.275+0300][16.314s][info ][gc] GC(238) Pause Initial Mark 174M->174M(247M) 8.850ms
[2020-01-29T21:56:28.275+0300][16.314s][info ][gc] GC(238) Concurrent Mark
[2020-01-29T21:56:28.278+0300][16.317s][debug][gc] GC(238) Concurrent active time: 3.121ms
[2020-01-29T21:56:28.278+0300][16.317s][info ][gc] GC(238) Concurrent Mark 3.299ms
[2020-01-29T21:56:28.278+0300][16.317s][info ][gc] GC(238) Concurrent Preclean
[2020-01-29T21:56:28.279+0300][16.318s][debug][gc] GC(238) Concurrent active time: 0.175ms
[2020-01-29T21:56:28.279+0300][16.318s][info ][gc] GC(238) Concurrent Preclean 0.207ms
[2020-01-29T21:56:28.279+0300][16.318s][info ][gc] GC(238) Concurrent Abortable Preclean
[2020-01-29T21:56:28.279+0300][16.318s][debug][gc] GC(238) Concurrent active time: 0.003ms
[2020-01-29T21:56:28.279+0300][16.318s][info ][gc] GC(238) Concurrent Abortable Preclean 0.029ms
[2020-01-29T21:56:28.279+0300][16.318s][debug][gc] GC(238) YG occupancy: 38049 K (78656 K)
[2020-01-29T21:56:28.289+0300][16.328s][info ][gc] GC(238) Pause Remark 184M->184M(247M) 10.224ms
[2020-01-29T21:56:28.289+0300][16.328s][info ][gc] GC(238) Concurrent Sweep
[2020-01-29T21:56:28.295+0300][16.333s][info ][gc] GC(239) Pause Young (Allocation Failure) 195M->195M(247M) 0.047ms
[2020-01-29T21:56:28.357+0300][16.395s][debug][gc] GC(238) Concurrent active time: 66.456ms
[2020-01-29T21:56:28.357+0300][16.395s][info ][gc] GC(238) Concurrent Sweep 66.773ms
[2020-01-29T21:56:28.357+0300][16.395s][debug][gc] GC(240) Concurrent mode failure
[2020-01-29T21:56:28.450+0300][16.489s][info ][gc] GC(240) Pause Full (Allocation Failure) 195M->70M(247M) 155.228ms
[2020-01-29T21:56:28.524+0300][16.563s][info ][gc] GC(241) Pause Young (Allocation Failure) 137M->155M(247M) 55.736ms
[2020-01-29T21:56:28.534+0300][16.573s][info ][gc] GC(242) Pause Initial Mark 174M->174M(247M) 8.821ms
[2020-01-29T21:56:28.534+0300][16.573s][info ][gc] GC(242) Concurrent Mark
[2020-01-29T21:56:28.537+0300][16.576s][debug][gc] GC(242) Concurrent active time: 3.054ms
[2020-01-29T21:56:28.537+0300][16.576s][info ][gc] GC(242) Concurrent Mark 3.113ms
[2020-01-29T21:56:28.537+0300][16.576s][info ][gc] GC(242) Concurrent Preclean
[2020-01-29T21:56:28.537+0300][16.576s][debug][gc] GC(242) Concurrent active time: 0.160ms
[2020-01-29T21:56:28.537+0300][16.576s][info ][gc] GC(242) Concurrent Preclean 0.193ms
[2020-01-29T21:56:28.538+0300][16.576s][info ][gc] GC(242) Concurrent Abortable Preclean
[2020-01-29T21:56:28.538+0300][16.576s][debug][gc] GC(242) Concurrent active time: 0.004ms
[2020-01-29T21:56:28.538+0300][16.576s][info ][gc] GC(242) Concurrent Abortable Preclean 0.030ms
[2020-01-29T21:56:28.538+0300][16.576s][debug][gc] GC(242) YG occupancy: 57251 K (78656 K)
[2020-01-29T21:56:28.548+0300][16.587s][info ][gc] GC(242) Pause Remark 202M->202M(247M) 10.678ms
[2020-01-29T21:56:28.548+0300][16.587s][info ][gc] GC(242) Concurrent Sweep
[2020-01-29T21:56:28.551+0300][16.590s][info ][gc] GC(243) Pause Young (Allocation Failure) 200M->200M(247M) 0.041ms
[2020-01-29T21:56:28.618+0300][16.656s][debug][gc] GC(242) Concurrent active time: 68.923ms
[2020-01-29T21:56:28.618+0300][16.656s][info ][gc] GC(242) Concurrent Sweep 69.161ms
[2020-01-29T21:56:28.618+0300][16.656s][debug][gc] GC(244) Concurrent mode failure
[2020-01-29T21:56:28.713+0300][16.751s][info ][gc] GC(244) Pause Full (Allocation Failure) 200M->70M(247M) 161.010ms
[2020-01-29T21:56:28.783+0300][16.821s][info ][gc] GC(245) Pause Young (Allocation Failure) 137M->155M(247M) 52.512ms
[2020-01-29T21:56:28.793+0300][16.831s][info ][gc] GC(246) Pause Initial Mark 174M->174M(247M) 8.821ms
[2020-01-29T21:56:28.793+0300][16.831s][info ][gc] GC(246) Concurrent Mark
[2020-01-29T21:56:28.796+0300][16.834s][debug][gc] GC(246) Concurrent active time: 3.038ms
[2020-01-29T21:56:28.796+0300][16.834s][info ][gc] GC(246) Concurrent Mark 3.104ms
[2020-01-29T21:56:28.796+0300][16.834s][info ][gc] GC(246) Concurrent Preclean
[2020-01-29T21:56:28.796+0300][16.834s][debug][gc] GC(246) Concurrent active time: 0.158ms
[2020-01-29T21:56:28.796+0300][16.834s][info ][gc] GC(246) Concurrent Preclean 0.190ms
[2020-01-29T21:56:28.796+0300][16.834s][info ][gc] GC(246) Concurrent Abortable Preclean
[2020-01-29T21:56:28.796+0300][16.834s][debug][gc] GC(246) Concurrent active time: 0.004ms
[2020-01-29T21:56:28.796+0300][16.834s][info ][gc] GC(246) Concurrent Abortable Preclean 0.030ms
[2020-01-29T21:56:28.796+0300][16.834s][debug][gc] GC(246) YG occupancy: 57252 K (78656 K)
[2020-01-29T21:56:28.806+0300][16.845s][info ][gc] GC(246) Pause Remark 202M->202M(247M) 10.665ms
[2020-01-29T21:56:28.806+0300][16.845s][info ][gc] GC(246) Concurrent Sweep
[2020-01-29T21:56:28.809+0300][16.848s][info ][gc] GC(247) Pause Young (Allocation Failure) 200M->200M(247M) 0.040ms
[2020-01-29T21:56:28.876+0300][16.914s][debug][gc] GC(246) Concurrent active time: 68.813ms
[2020-01-29T21:56:28.876+0300][16.914s][info ][gc] GC(246) Concurrent Sweep 69.040ms
[2020-01-29T21:56:28.876+0300][16.914s][debug][gc] GC(248) Concurrent mode failure
[2020-01-29T21:56:28.969+0300][17.008s][info ][gc] GC(248) Pause Full (Allocation Failure) 200M->70M(247M) 159.954ms
[2020-01-29T21:56:29.040+0300][17.078s][info ][gc] GC(249) Pause Young (Allocation Failure) 137M->155M(247M) 52.194ms
[2020-01-29T21:56:29.049+0300][17.088s][info ][gc] GC(250) Pause Initial Mark 174M->174M(247M) 8.821ms
[2020-01-29T21:56:29.049+0300][17.088s][info ][gc] GC(250) Concurrent Mark
[2020-01-29T21:56:29.052+0300][17.091s][debug][gc] GC(250) Concurrent active time: 3.042ms
[2020-01-29T21:56:29.052+0300][17.091s][info ][gc] GC(250) Concurrent Mark 3.101ms
[2020-01-29T21:56:29.052+0300][17.091s][info ][gc] GC(250) Concurrent Preclean
[2020-01-29T21:56:29.052+0300][17.091s][debug][gc] GC(250) Concurrent active time: 0.157ms
[2020-01-29T21:56:29.052+0300][17.091s][info ][gc] GC(250) Concurrent Preclean 0.189ms
[2020-01-29T21:56:29.052+0300][17.091s][info ][gc] GC(250) Concurrent Abortable Preclean
[2020-01-29T21:56:29.052+0300][17.091s][debug][gc] GC(250) Concurrent active time: 0.004ms
[2020-01-29T21:56:29.052+0300][17.091s][info ][gc] GC(250) Concurrent Abortable Preclean 0.030ms
[2020-01-29T21:56:29.052+0300][17.091s][debug][gc] GC(250) YG occupancy: 57252 K (78656 K)
[2020-01-29T21:56:29.063+0300][17.102s][info ][gc] GC(250) Pause Remark 202M->202M(247M) 10.623ms
[2020-01-29T21:56:29.063+0300][17.102s][info ][gc] GC(250) Concurrent Sweep
[2020-01-29T21:56:29.066+0300][17.105s][info ][gc] GC(251) Pause Young (Allocation Failure) 200M->200M(247M) 0.039ms
[2020-01-29T21:56:29.134+0300][17.172s][debug][gc] GC(250) Concurrent active time: 70.033ms
[2020-01-29T21:56:29.134+0300][17.172s][info ][gc] GC(250) Concurrent Sweep 70.269ms
[2020-01-29T21:56:29.134+0300][17.172s][debug][gc] GC(252) Concurrent mode failure
[2020-01-29T21:56:29.228+0300][17.267s][info ][gc] GC(252) Pause Full (Allocation Failure) 200M->70M(247M) 162.025ms
[2020-01-29T21:56:29.300+0300][17.338s][info ][gc] GC(253) Pause Young (Allocation Failure) 137M->155M(247M) 53.594ms
[2020-01-29T21:56:29.310+0300][17.348s][info ][gc] GC(254) Pause Initial Mark 174M->174M(247M) 8.834ms
[2020-01-29T21:56:29.312+0300][17.350s][info ][gc] GC(254) Concurrent Mark
[2020-01-29T21:56:29.316+0300][17.354s][debug][gc] GC(254) Concurrent active time: 3.377ms
[2020-01-29T21:56:29.316+0300][17.354s][info ][gc] GC(254) Concurrent Mark 3.467ms
[2020-01-29T21:56:29.316+0300][17.354s][info ][gc] GC(254) Concurrent Preclean
[2020-01-29T21:56:29.316+0300][17.354s][debug][gc] GC(254) Concurrent active time: 0.184ms
[2020-01-29T21:56:29.316+0300][17.354s][info ][gc] GC(254) Concurrent Preclean 0.217ms
[2020-01-29T21:56:29.316+0300][17.354s][info ][gc] GC(254) Concurrent Abortable Preclean
[2020-01-29T21:56:29.316+0300][17.354s][debug][gc] GC(254) Concurrent active time: 0.004ms
[2020-01-29T21:56:29.316+0300][17.354s][info ][gc] GC(254) Concurrent Abortable Preclean 0.034ms
[2020-01-29T21:56:29.316+0300][17.354s][debug][gc] GC(254) YG occupancy: 53255 K (78656 K)
[2020-01-29T21:56:29.327+0300][17.365s][info ][gc] GC(254) Pause Remark 198M->198M(247M) 10.758ms
[2020-01-29T21:56:29.327+0300][17.365s][info ][gc] GC(254) Concurrent Sweep
[2020-01-29T21:56:29.330+0300][17.368s][info ][gc] GC(255) Pause Young (Allocation Failure) 199M->199M(247M) 0.042ms
[2020-01-29T21:56:29.394+0300][17.433s][debug][gc] GC(254) Concurrent active time: 67.996ms
[2020-01-29T21:56:29.394+0300][17.433s][info ][gc] GC(254) Concurrent Sweep 68.246ms
[2020-01-29T21:56:29.394+0300][17.433s][debug][gc] GC(256) Concurrent mode failure
[2020-01-29T21:56:29.489+0300][17.528s][info ][gc] GC(256) Pause Full (Allocation Failure) 199M->70M(247M) 159.681ms
[2020-01-29T21:56:29.560+0300][17.599s][info ][gc] GC(257) Pause Young (Allocation Failure) 137M->155M(247M) 52.614ms
[2020-01-29T21:56:29.570+0300][17.609s][info ][gc] GC(258) Pause Initial Mark 174M->174M(247M) 8.895ms
[2020-01-29T21:56:29.570+0300][17.609s][info ][gc] GC(258) Concurrent Mark
[2020-01-29T21:56:29.573+0300][17.612s][debug][gc] GC(258) Concurrent active time: 3.074ms
[2020-01-29T21:56:29.573+0300][17.612s][info ][gc] GC(258) Concurrent Mark 3.136ms
[2020-01-29T21:56:29.573+0300][17.612s][info ][gc] GC(258) Concurrent Preclean
[2020-01-29T21:56:29.574+0300][17.612s][debug][gc] GC(258) Concurrent active time: 0.161ms
[2020-01-29T21:56:29.574+0300][17.612s][info ][gc] GC(258) Concurrent Preclean 0.194ms
[2020-01-29T21:56:29.574+0300][17.612s][info ][gc] GC(258) Concurrent Abortable Preclean
[2020-01-29T21:56:29.574+0300][17.612s][debug][gc] GC(258) Concurrent active time: 0.004ms
[2020-01-29T21:56:29.574+0300][17.612s][info ][gc] GC(258) Concurrent Abortable Preclean 0.031ms
[2020-01-29T21:56:29.574+0300][17.612s][debug][gc] GC(258) YG occupancy: 57252 K (78656 K)
[2020-01-29T21:56:29.584+0300][17.623s][info ][gc] GC(258) Pause Remark 202M->202M(247M) 10.710ms
[2020-01-29T21:56:29.584+0300][17.623s][info ][gc] GC(258) Concurrent Sweep
[2020-01-29T21:56:29.587+0300][17.626s][info ][gc] GC(259) Pause Young (Allocation Failure) 202M->202M(247M) 0.040ms
[2020-01-29T21:56:29.654+0300][17.693s][debug][gc] GC(258) Concurrent active time: 69.563ms
[2020-01-29T21:56:29.654+0300][17.693s][info ][gc] GC(258) Concurrent Sweep 69.799ms
[2020-01-29T21:56:29.655+0300][17.693s][debug][gc] GC(260) Concurrent mode failure
[2020-01-29T21:56:29.748+0300][17.787s][info ][gc] GC(260) Pause Full (Allocation Failure) 202M->70M(247M) 161.403ms
[2020-01-29T21:56:29.819+0300][17.858s][info ][gc] GC(261) Pause Young (Allocation Failure) 137M->155M(247M) 52.509ms
[2020-01-29T21:56:29.829+0300][17.868s][info ][gc] GC(262) Pause Initial Mark 174M->174M(247M) 8.822ms
[2020-01-29T21:56:29.829+0300][17.868s][info ][gc] GC(262) Concurrent Mark
[2020-01-29T21:56:29.832+0300][17.871s][debug][gc] GC(262) Concurrent active time: 3.058ms
[2020-01-29T21:56:29.832+0300][17.871s][info ][gc] GC(262) Concurrent Mark 3.109ms
[2020-01-29T21:56:29.832+0300][17.871s][info ][gc] GC(262) Concurrent Preclean
[2020-01-29T21:56:29.832+0300][17.871s][debug][gc] GC(262) Concurrent active time: 0.156ms
[2020-01-29T21:56:29.832+0300][17.871s][info ][gc] GC(262) Concurrent Preclean 0.188ms
[2020-01-29T21:56:29.832+0300][17.871s][info ][gc] GC(262) Concurrent Abortable Preclean
[2020-01-29T21:56:29.832+0300][17.871s][debug][gc] GC(262) Concurrent active time: 0.004ms
[2020-01-29T21:56:29.832+0300][17.871s][info ][gc] GC(262) Concurrent Abortable Preclean 0.030ms
[2020-01-29T21:56:29.832+0300][17.871s][debug][gc] GC(262) YG occupancy: 57252 K (78656 K)
[2020-01-29T21:56:29.843+0300][17.882s][info ][gc] GC(262) Pause Remark 202M->202M(247M) 10.650ms
[2020-01-29T21:56:29.843+0300][17.882s][info ][gc] GC(262) Concurrent Sweep
[2020-01-29T21:56:29.846+0300][17.884s][info ][gc] GC(263) Pause Young (Allocation Failure) 200M->200M(247M) 0.040ms
[2020-01-29T21:56:29.913+0300][17.952s][debug][gc] GC(262) Concurrent active time: 69.753ms
[2020-01-29T21:56:29.913+0300][17.952s][info ][gc] GC(262) Concurrent Sweep 69.999ms
[2020-01-29T21:56:29.913+0300][17.952s][debug][gc] GC(264) Concurrent mode failure
[2020-01-29T21:56:30.007+0300][18.046s][info ][gc] GC(264) Pause Full (Allocation Failure) 200M->70M(247M) 161.100ms
[2020-01-29T21:56:30.080+0300][18.118s][info ][gc] GC(265) Pause Young (Allocation Failure) 137M->155M(247M) 54.026ms
[2020-01-29T21:56:30.090+0300][18.128s][info ][gc] GC(266) Pause Initial Mark 174M->174M(247M) 8.815ms
[2020-01-29T21:56:30.090+0300][18.128s][info ][gc] GC(266) Concurrent Mark
[2020-01-29T21:56:30.093+0300][18.131s][debug][gc] GC(266) Concurrent active time: 3.027ms
[2020-01-29T21:56:30.093+0300][18.131s][info ][gc] GC(266) Concurrent Mark 3.085ms
[2020-01-29T21:56:30.093+0300][18.131s][info ][gc] GC(266) Concurrent Preclean
[2020-01-29T21:56:30.093+0300][18.131s][debug][gc] GC(266) Concurrent active time: 0.154ms
[2020-01-29T21:56:30.093+0300][18.131s][info ][gc] GC(266) Concurrent Preclean 0.186ms
[2020-01-29T21:56:30.093+0300][18.131s][info ][gc] GC(266) Concurrent Abortable Preclean
[2020-01-29T21:56:30.093+0300][18.131s][debug][gc] GC(266) Concurrent active time: 0.004ms
[2020-01-29T21:56:30.093+0300][18.131s][info ][gc] GC(266) Concurrent Abortable Preclean 0.030ms
[2020-01-29T21:56:30.093+0300][18.131s][debug][gc] GC(266) YG occupancy: 57254 K (78656 K)
[2020-01-29T21:56:30.104+0300][18.142s][info ][gc] GC(266) Pause Remark 202M->202M(247M) 10.832ms
[2020-01-29T21:56:30.104+0300][18.142s][info ][gc] GC(266) Concurrent Sweep
[2020-01-29T21:56:30.107+0300][18.145s][info ][gc] GC(267) Pause Young (Allocation Failure) 200M->200M(247M) 0.040ms
[2020-01-29T21:56:30.172+0300][18.211s][debug][gc] GC(266) Concurrent active time: 68.522ms
[2020-01-29T21:56:30.172+0300][18.211s][info ][gc] GC(266) Concurrent Sweep 68.760ms
[2020-01-29T21:56:30.172+0300][18.211s][debug][gc] GC(268) Concurrent mode failure
[2020-01-29T21:56:30.266+0300][18.305s][info ][gc] GC(268) Pause Full (Allocation Failure) 200M->70M(247M) 160.083ms
[2020-01-29T21:56:30.366+0300][18.404s][info ][gc] GC(269) Pause Young (Allocation Failure) 137M->155M(247M) 80.935ms
[2020-01-29T21:56:30.375+0300][18.414s][info ][gc] GC(270) Pause Initial Mark 174M->174M(247M) 8.836ms
[2020-01-29T21:56:30.375+0300][18.414s][info ][gc] GC(270) Concurrent Mark
[2020-01-29T21:56:30.378+0300][18.417s][debug][gc] GC(270) Concurrent active time: 3.038ms
[2020-01-29T21:56:30.379+0300][18.417s][info ][gc] GC(270) Concurrent Mark 3.103ms
[2020-01-29T21:56:30.379+0300][18.417s][info ][gc] GC(270) Concurrent Preclean
[2020-01-29T21:56:30.379+0300][18.417s][debug][gc] GC(270) Concurrent active time: 0.156ms
[2020-01-29T21:56:30.379+0300][18.417s][info ][gc] GC(270) Concurrent Preclean 0.187ms
[2020-01-29T21:56:30.379+0300][18.417s][info ][gc] GC(270) Concurrent Abortable Preclean
[2020-01-29T21:56:30.379+0300][18.417s][debug][gc] GC(270) Concurrent active time: 0.004ms
[2020-01-29T21:56:30.379+0300][18.417s][info ][gc] GC(270) Concurrent Abortable Preclean 0.030ms
[2020-01-29T21:56:30.379+0300][18.417s][debug][gc] GC(270) YG occupancy: 57225 K (78656 K)
[2020-01-29T21:56:30.390+0300][18.428s][info ][gc] GC(270) Pause Remark 202M->202M(247M) 10.671ms
[2020-01-29T21:56:30.390+0300][18.428s][info ][gc] GC(270) Concurrent Sweep
[2020-01-29T21:56:30.392+0300][18.430s][info ][gc] GC(271) Pause Young (Allocation Failure) 200M->200M(247M) 0.040ms
[2020-01-29T21:56:30.460+0300][18.498s][debug][gc] GC(270) Concurrent active time: 69.992ms
[2020-01-29T21:56:30.460+0300][18.498s][info ][gc] GC(270) Concurrent Sweep 70.222ms
[2020-01-29T21:56:30.460+0300][18.498s][debug][gc] GC(272) Concurrent mode failure
[2020-01-29T21:56:30.555+0300][18.594s][info ][gc] GC(272) Pause Full (Allocation Failure) 200M->70M(247M) 163.635ms
[2020-01-29T21:56:30.626+0300][18.665s][info ][gc] GC(273) Pause Young (Allocation Failure) 137M->155M(247M) 52.688ms
[2020-01-29T21:56:30.636+0300][18.675s][info ][gc] GC(274) Pause Initial Mark 174M->174M(247M) 8.835ms
[2020-01-29T21:56:30.636+0300][18.675s][info ][gc] GC(274) Concurrent Mark
[2020-01-29T21:56:30.639+0300][18.678s][debug][gc] GC(274) Concurrent active time: 2.997ms
[2020-01-29T21:56:30.639+0300][18.678s][info ][gc] GC(274) Concurrent Mark 3.054ms
[2020-01-29T21:56:30.639+0300][18.678s][info ][gc] GC(274) Concurrent Preclean
[2020-01-29T21:56:30.639+0300][18.678s][debug][gc] GC(274) Concurrent active time: 0.154ms
[2020-01-29T21:56:30.639+0300][18.678s][info ][gc] GC(274) Concurrent Preclean 0.186ms
[2020-01-29T21:56:30.639+0300][18.678s][info ][gc] GC(274) Concurrent Abortable Preclean
[2020-01-29T21:56:30.639+0300][18.678s][debug][gc] GC(274) Concurrent active time: 0.004ms
[2020-01-29T21:56:30.639+0300][18.678s][info ][gc] GC(274) Concurrent Abortable Preclean 0.031ms
[2020-01-29T21:56:30.639+0300][18.678s][debug][gc] GC(274) YG occupancy: 57241 K (78656 K)
[2020-01-29T21:56:30.650+0300][18.689s][info ][gc] GC(274) Pause Remark 202M->202M(247M) 10.681ms
[2020-01-29T21:56:30.650+0300][18.689s][info ][gc] GC(274) Concurrent Sweep
[2020-01-29T21:56:30.653+0300][18.691s][info ][gc] GC(275) Pause Young (Allocation Failure) 200M->200M(247M) 0.040ms
[2020-01-29T21:56:30.720+0300][18.758s][debug][gc] GC(274) Concurrent active time: 69.414ms
[2020-01-29T21:56:30.720+0300][18.758s][info ][gc] GC(274) Concurrent Sweep 69.644ms
[2020-01-29T21:56:30.720+0300][18.758s][debug][gc] GC(276) Concurrent mode failure
[2020-01-29T21:56:30.814+0300][18.852s][info ][gc] GC(276) Pause Full (Allocation Failure) 200M->70M(247M) 160.991ms
[2020-01-29T21:56:30.885+0300][18.924s][info ][gc] GC(277) Pause Young (Allocation Failure) 137M->155M(247M) 52.964ms
[2020-01-29T21:56:30.894+0300][18.933s][info ][gc] GC(278) Pause Initial Mark 174M->174M(247M) 8.838ms
[2020-01-29T21:56:30.894+0300][18.933s][info ][gc] GC(278) Concurrent Mark
[2020-01-29T21:56:30.898+0300][18.936s][debug][gc] GC(278) Concurrent active time: 3.038ms
[2020-01-29T21:56:30.898+0300][18.937s][info ][gc] GC(278) Concurrent Mark 3.101ms
[2020-01-29T21:56:30.898+0300][18.937s][info ][gc] GC(278) Concurrent Preclean
[2020-01-29T21:56:30.898+0300][18.937s][debug][gc] GC(278) Concurrent active time: 0.156ms
[2020-01-29T21:56:30.898+0300][18.937s][info ][gc] GC(278) Concurrent Preclean 0.188ms
[2020-01-29T21:56:30.898+0300][18.937s][info ][gc] GC(278) Concurrent Abortable Preclean
[2020-01-29T21:56:30.898+0300][18.937s][debug][gc] GC(278) Concurrent active time: 0.004ms
[2020-01-29T21:56:30.898+0300][18.937s][info ][gc] GC(278) Concurrent Abortable Preclean 0.031ms
[2020-01-29T21:56:30.898+0300][18.937s][debug][gc] GC(278) YG occupancy: 57248 K (78656 K)
[2020-01-29T21:56:30.909+0300][18.947s][info ][gc] GC(278) Pause Remark 202M->202M(247M) 10.657ms
[2020-01-29T21:56:30.909+0300][18.948s][info ][gc] GC(278) Concurrent Sweep
[2020-01-29T21:56:30.911+0300][18.950s][info ][gc] GC(279) Pause Young (Allocation Failure) 200M->200M(247M) 0.041ms
[2020-01-29T21:56:30.977+0300][19.016s][debug][gc] GC(278) Concurrent active time: 67.980ms
[2020-01-29T21:56:30.977+0300][19.016s][info ][gc] GC(278) Concurrent Sweep 68.212ms
[2020-01-29T21:56:30.977+0300][19.016s][debug][gc] GC(280) Concurrent mode failure
[2020-01-29T21:56:31.070+0300][19.109s][info ][gc] GC(280) Pause Full (Allocation Failure) 200M->70M(247M) 158.708ms
[2020-01-29T21:56:31.143+0300][19.181s][info ][gc] GC(281) Pause Young (Allocation Failure) 137M->155M(247M) 53.062ms
[2020-01-29T21:56:31.153+0300][19.191s][info ][gc] GC(282) Pause Initial Mark 174M->174M(247M) 8.884ms
[2020-01-29T21:56:31.153+0300][19.191s][info ][gc] GC(282) Concurrent Mark
[2020-01-29T21:56:31.156+0300][19.194s][debug][gc] GC(282) Concurrent active time: 3.040ms
[2020-01-29T21:56:31.156+0300][19.194s][info ][gc] GC(282) Concurrent Mark 3.100ms
[2020-01-29T21:56:31.156+0300][19.194s][info ][gc] GC(282) Concurrent Preclean
[2020-01-29T21:56:31.156+0300][19.194s][debug][gc] GC(282) Concurrent active time: 0.158ms
[2020-01-29T21:56:31.156+0300][19.194s][info ][gc] GC(282) Concurrent Preclean 0.196ms
[2020-01-29T21:56:31.156+0300][19.194s][info ][gc] GC(282) Concurrent Abortable Preclean
[2020-01-29T21:56:31.156+0300][19.194s][debug][gc] GC(282) Concurrent active time: 0.004ms
[2020-01-29T21:56:31.156+0300][19.194s][info ][gc] GC(282) Concurrent Abortable Preclean 0.030ms
[2020-01-29T21:56:31.156+0300][19.194s][debug][gc] GC(282) YG occupancy: 57251 K (78656 K)
[2020-01-29T21:56:31.167+0300][19.205s][info ][gc] GC(282) Pause Remark 202M->202M(247M) 10.659ms
[2020-01-29T21:56:31.167+0300][19.205s][info ][gc] GC(282) Concurrent Sweep
[2020-01-29T21:56:31.169+0300][19.208s][info ][gc] GC(283) Pause Young (Allocation Failure) 200M->200M(247M) 0.040ms
[2020-01-29T21:56:31.235+0300][19.273s][debug][gc] GC(282) Concurrent active time: 68.276ms
[2020-01-29T21:56:31.235+0300][19.273s][info ][gc] GC(282) Concurrent Sweep 68.506ms
[2020-01-29T21:56:31.235+0300][19.273s][debug][gc] GC(284) Concurrent mode failure
[2020-01-29T21:56:31.328+0300][19.367s][info ][gc] GC(284) Pause Full (Allocation Failure) 200M->70M(247M) 159.616ms
[2020-01-29T21:56:31.402+0300][19.440s][info ][gc] GC(285) Pause Young (Allocation Failure) 137M->155M(247M) 53.955ms
[2020-01-29T21:56:31.411+0300][19.450s][info ][gc] GC(286) Pause Initial Mark 174M->174M(247M) 8.845ms
[2020-01-29T21:56:31.411+0300][19.450s][info ][gc] GC(286) Concurrent Mark
[2020-01-29T21:56:31.415+0300][19.453s][debug][gc] GC(286) Concurrent active time: 3.034ms
[2020-01-29T21:56:31.415+0300][19.453s][info ][gc] GC(286) Concurrent Mark 3.092ms
[2020-01-29T21:56:31.415+0300][19.453s][info ][gc] GC(286) Concurrent Preclean
[2020-01-29T21:56:31.415+0300][19.453s][debug][gc] GC(286) Concurrent active time: 0.154ms
[2020-01-29T21:56:31.415+0300][19.453s][info ][gc] GC(286) Concurrent Preclean 0.186ms
[2020-01-29T21:56:31.415+0300][19.453s][info ][gc] GC(286) Concurrent Abortable Preclean
[2020-01-29T21:56:31.415+0300][19.453s][debug][gc] GC(286) Concurrent active time: 0.004ms
[2020-01-29T21:56:31.415+0300][19.453s][info ][gc] GC(286) Concurrent Abortable Preclean 0.030ms
[2020-01-29T21:56:31.415+0300][19.453s][debug][gc] GC(286) YG occupancy: 57230 K (78656 K)
[2020-01-29T21:56:31.426+0300][19.464s][info ][gc] GC(286) Pause Remark 202M->202M(247M) 10.758ms
[2020-01-29T21:56:31.426+0300][19.464s][info ][gc] GC(286) Concurrent Sweep
[2020-01-29T21:56:31.428+0300][19.467s][info ][gc] GC(287) Pause Young (Allocation Failure) 200M->200M(247M) 0.041ms
[2020-01-29T21:56:31.497+0300][19.535s][debug][gc] GC(286) Concurrent active time: 70.375ms
[2020-01-29T21:56:31.497+0300][19.535s][info ][gc] GC(286) Concurrent Sweep 70.607ms
[2020-01-29T21:56:31.497+0300][19.535s][debug][gc] GC(288) Concurrent mode failure
[2020-01-29T21:56:31.591+0300][19.629s][info ][gc] GC(288) Pause Full (Allocation Failure) 200M->70M(247M) 161.929ms
[2020-01-29T21:56:31.663+0300][19.702s][info ][gc] GC(289) Pause Young (Allocation Failure) 137M->155M(247M) 54.000ms
[2020-01-29T21:56:31.673+0300][19.711s][info ][gc] GC(290) Pause Initial Mark 174M->174M(247M) 8.827ms
[2020-01-29T21:56:31.673+0300][19.711s][info ][gc] GC(290) Concurrent Mark
[2020-01-29T21:56:31.676+0300][19.714s][debug][gc] GC(290) Concurrent active time: 3.082ms
[2020-01-29T21:56:31.676+0300][19.714s][info ][gc] GC(290) Concurrent Mark 3.145ms
[2020-01-29T21:56:31.676+0300][19.714s][info ][gc] GC(290) Concurrent Preclean
[2020-01-29T21:56:31.676+0300][19.715s][debug][gc] GC(290) Concurrent active time: 0.160ms
[2020-01-29T21:56:31.676+0300][19.715s][info ][gc] GC(290) Concurrent Preclean 0.193ms
[2020-01-29T21:56:31.676+0300][19.715s][info ][gc] GC(290) Concurrent Abortable Preclean
[2020-01-29T21:56:31.676+0300][19.715s][debug][gc] GC(290) Concurrent active time: 0.004ms
[2020-01-29T21:56:31.676+0300][19.715s][info ][gc] GC(290) Concurrent Abortable Preclean 0.031ms
[2020-01-29T21:56:31.676+0300][19.715s][debug][gc] GC(290) YG occupancy: 57243 K (78656 K)
[2020-01-29T21:56:31.687+0300][19.726s][info ][gc] GC(290) Pause Remark 202M->202M(247M) 10.839ms
[2020-01-29T21:56:31.687+0300][19.726s][info ][gc] GC(290) Concurrent Sweep
[2020-01-29T21:56:31.690+0300][19.728s][info ][gc] GC(291) Pause Young (Allocation Failure) 200M->200M(247M) 0.039ms
[2020-01-29T21:56:31.757+0300][19.795s][debug][gc] GC(290) Concurrent active time: 69.299ms
[2020-01-29T21:56:31.757+0300][19.795s][info ][gc] GC(290) Concurrent Sweep 69.528ms
[2020-01-29T21:56:31.757+0300][19.795s][debug][gc] GC(292) Concurrent mode failure
[2020-01-29T21:56:31.850+0300][19.889s][info ][gc] GC(292) Pause Full (Allocation Failure) 200M->70M(247M) 160.533ms
[2020-01-29T21:56:31.922+0300][19.961s][info ][gc] GC(293) Pause Young (Allocation Failure) 137M->155M(247M) 53.620ms
[2020-01-29T21:56:31.933+0300][19.971s][info ][gc] GC(294) Pause Initial Mark 174M->174M(247M) 8.849ms
[2020-01-29T21:56:31.933+0300][19.971s][info ][gc] GC(294) Concurrent Mark
[2020-01-29T21:56:31.936+0300][19.974s][debug][gc] GC(294) Concurrent active time: 3.026ms
[2020-01-29T21:56:31.936+0300][19.974s][info ][gc] GC(294) Concurrent Mark 3.080ms
[2020-01-29T21:56:31.936+0300][19.974s][info ][gc] GC(294) Concurrent Preclean
[2020-01-29T21:56:31.936+0300][19.975s][debug][gc] GC(294) Concurrent active time: 0.160ms
[2020-01-29T21:56:31.936+0300][19.975s][info ][gc] GC(294) Concurrent Preclean 0.191ms
[2020-01-29T21:56:31.936+0300][19.975s][info ][gc] GC(294) Concurrent Abortable Preclean
[2020-01-29T21:56:31.936+0300][19.975s][debug][gc] GC(294) Concurrent active time: 0.004ms
[2020-01-29T21:56:31.936+0300][19.975s][info ][gc] GC(294) Concurrent Abortable Preclean 0.031ms
[2020-01-29T21:56:31.936+0300][19.975s][debug][gc] GC(294) YG occupancy: 57248 K (78656 K)
[2020-01-29T21:56:31.947+0300][19.985s][info ][gc] GC(294) Pause Remark 202M->202M(247M) 10.679ms
[2020-01-29T21:56:31.947+0300][19.985s][info ][gc] GC(294) Concurrent Sweep
[2020-01-29T21:56:31.949+0300][19.988s][info ][gc] GC(295) Pause Young (Allocation Failure) 200M->200M(247M) 0.040ms
[2020-01-29T21:56:32.016+0300][20.055s][debug][gc] GC(294) Concurrent active time: 69.274ms
[2020-01-29T21:56:32.016+0300][20.055s][info ][gc] GC(294) Concurrent Sweep 69.510ms
[2020-01-29T21:56:32.016+0300][20.055s][debug][gc] GC(296) Concurrent mode failure
[2020-01-29T21:56:32.111+0300][20.149s][info ][gc] GC(296) Pause Full (Allocation Failure) 200M->70M(247M) 161.032ms
[2020-01-29T21:56:32.184+0300][20.222s][info ][gc] GC(297) Pause Young (Allocation Failure) 137M->155M(247M) 54.677ms
[2020-01-29T21:56:32.193+0300][20.232s][info ][gc] GC(298) Pause Initial Mark 174M->174M(247M) 8.819ms
[2020-01-29T21:56:32.194+0300][20.232s][info ][gc] GC(298) Concurrent Mark
[2020-01-29T21:56:32.197+0300][20.235s][debug][gc] GC(298) Concurrent active time: 3.017ms
[2020-01-29T21:56:32.197+0300][20.235s][info ][gc] GC(298) Concurrent Mark 3.074ms
[2020-01-29T21:56:32.197+0300][20.235s][info ][gc] GC(298) Concurrent Preclean
[2020-01-29T21:56:32.197+0300][20.235s][debug][gc] GC(298) Concurrent active time: 0.157ms
[2020-01-29T21:56:32.197+0300][20.235s][info ][gc] GC(298) Concurrent Preclean 0.187ms
[2020-01-29T21:56:32.197+0300][20.235s][info ][gc] GC(298) Concurrent Abortable Preclean
[2020-01-29T21:56:32.197+0300][20.235s][debug][gc] GC(298) Concurrent active time: 0.004ms
[2020-01-29T21:56:32.197+0300][20.235s][info ][gc] GC(298) Concurrent Abortable Preclean 0.030ms
[2020-01-29T21:56:32.197+0300][20.235s][debug][gc] GC(298) YG occupancy: 57251 K (78656 K)
[2020-01-29T21:56:32.208+0300][20.246s][info ][gc] GC(298) Pause Remark 202M->202M(247M) 10.658ms
[2020-01-29T21:56:32.208+0300][20.246s][info ][gc] GC(298) Concurrent Sweep
[2020-01-29T21:56:32.210+0300][20.249s][info ][gc] GC(299) Pause Young (Allocation Failure) 200M->200M(247M) 0.038ms
[2020-01-29T21:56:32.276+0300][20.315s][debug][gc] GC(298) Concurrent active time: 68.975ms
[2020-01-29T21:56:32.277+0300][20.315s][info ][gc] GC(298) Concurrent Sweep 69.202ms
[2020-01-29T21:56:32.277+0300][20.315s][debug][gc] GC(300) Concurrent mode failure
[2020-01-29T21:56:32.371+0300][20.409s][info ][gc] GC(300) Pause Full (Allocation Failure) 200M->70M(247M) 160.249ms
[2020-01-29T21:56:32.443+0300][20.482s][info ][gc] GC(301) Pause Young (Allocation Failure) 137M->155M(247M) 53.257ms
[2020-01-29T21:56:32.453+0300][20.491s][info ][gc] GC(302) Pause Initial Mark 174M->174M(247M) 8.821ms
[2020-01-29T21:56:32.453+0300][20.492s][info ][gc] GC(302) Concurrent Mark
[2020-01-29T21:56:32.456+0300][20.495s][debug][gc] GC(302) Concurrent active time: 3.034ms
[2020-01-29T21:56:32.456+0300][20.495s][info ][gc] GC(302) Concurrent Mark 3.095ms
[2020-01-29T21:56:32.456+0300][20.495s][info ][gc] GC(302) Concurrent Preclean
[2020-01-29T21:56:32.456+0300][20.495s][debug][gc] GC(302) Concurrent active time: 0.153ms
[2020-01-29T21:56:32.456+0300][20.495s][info ][gc] GC(302) Concurrent Preclean 0.184ms
[2020-01-29T21:56:32.456+0300][20.495s][info ][gc] GC(302) Concurrent Abortable Preclean
[2020-01-29T21:56:32.456+0300][20.495s][debug][gc] GC(302) Concurrent active time: 0.004ms
[2020-01-29T21:56:32.456+0300][20.495s][info ][gc] GC(302) Concurrent Abortable Preclean 0.030ms
[2020-01-29T21:56:32.456+0300][20.495s][debug][gc] GC(302) YG occupancy: 57230 K (78656 K)
[2020-01-29T21:56:32.467+0300][20.506s][info ][gc] GC(302) Pause Remark 202M->202M(247M) 10.697ms
[2020-01-29T21:56:32.467+0300][20.506s][info ][gc] GC(302) Concurrent Sweep
[2020-01-29T21:56:32.470+0300][20.508s][info ][gc] GC(303) Pause Young (Allocation Failure) 200M->200M(247M) 0.040ms
[2020-01-29T21:56:32.539+0300][20.577s][debug][gc] GC(302) Concurrent active time: 70.858ms
[2020-01-29T21:56:32.539+0300][20.577s][info ][gc] GC(302) Concurrent Sweep 71.096ms
[2020-01-29T21:56:32.539+0300][20.577s][debug][gc] GC(304) Concurrent mode failure
[2020-01-29T21:56:32.632+0300][20.671s][info ][gc] GC(304) Pause Full (Allocation Failure) 200M->70M(247M) 162.412ms
[2020-01-29T21:56:32.703+0300][20.742s][info ][gc] GC(305) Pause Young (Allocation Failure) 137M->155M(247M) 52.428ms
[2020-01-29T21:56:32.713+0300][20.751s][info ][gc] GC(306) Pause Initial Mark 174M->174M(247M) 8.813ms
[2020-01-29T21:56:32.713+0300][20.751s][info ][gc] GC(306) Concurrent Mark
[2020-01-29T21:56:32.716+0300][20.754s][debug][gc] GC(306) Concurrent active time: 3.027ms
[2020-01-29T21:56:32.716+0300][20.754s][info ][gc] GC(306) Concurrent Mark 3.085ms
[2020-01-29T21:56:32.716+0300][20.754s][info ][gc] GC(306) Concurrent Preclean
[2020-01-29T21:56:32.716+0300][20.755s][debug][gc] GC(306) Concurrent active time: 0.155ms
[2020-01-29T21:56:32.716+0300][20.755s][info ][gc] GC(306) Concurrent Preclean 0.187ms
[2020-01-29T21:56:32.716+0300][20.755s][info ][gc] GC(306) Concurrent Abortable Preclean
[2020-01-29T21:56:32.716+0300][20.755s][debug][gc] GC(306) Concurrent active time: 0.004ms
[2020-01-29T21:56:32.716+0300][20.755s][info ][gc] GC(306) Concurrent Abortable Preclean 0.031ms
[2020-01-29T21:56:32.716+0300][20.755s][debug][gc] GC(306) YG occupancy: 57243 K (78656 K)
[2020-01-29T21:56:32.727+0300][20.765s][info ][gc] GC(306) Pause Remark 202M->202M(247M) 10.696ms
[2020-01-29T21:56:32.727+0300][20.766s][info ][gc] GC(306) Concurrent Sweep
[2020-01-29T21:56:32.730+0300][20.768s][info ][gc] GC(307) Pause Young (Allocation Failure) 200M->200M(247M) 0.040ms
[2020-01-29T21:56:32.796+0300][20.834s][debug][gc] GC(306) Concurrent active time: 68.575ms
[2020-01-29T21:56:32.796+0300][20.834s][info ][gc] GC(306) Concurrent Sweep 68.808ms
[2020-01-29T21:56:32.796+0300][20.834s][debug][gc] GC(308) Concurrent mode failure
[2020-01-29T21:56:32.890+0300][20.928s][info ][gc] GC(308) Pause Full (Allocation Failure) 200M->70M(247M) 160.183ms
[2020-01-29T21:56:32.961+0300][21.000s][info ][gc] GC(309) Pause Young (Allocation Failure) 137M->155M(247M) 53.491ms
[2020-01-29T21:56:32.971+0300][21.010s][info ][gc] GC(310) Pause Initial Mark 174M->174M(247M) 8.810ms
[2020-01-29T21:56:32.971+0300][21.010s][info ][gc] GC(310) Concurrent Mark
[2020-01-29T21:56:32.974+0300][21.013s][debug][gc] GC(310) Concurrent active time: 3.010ms
[2020-01-29T21:56:32.974+0300][21.013s][info ][gc] GC(310) Concurrent Mark 3.067ms
[2020-01-29T21:56:32.974+0300][21.013s][info ][gc] GC(310) Concurrent Preclean
[2020-01-29T21:56:32.974+0300][21.013s][debug][gc] GC(310) Concurrent active time: 0.155ms
[2020-01-29T21:56:32.974+0300][21.013s][info ][gc] GC(310) Concurrent Preclean 0.190ms
[2020-01-29T21:56:32.974+0300][21.013s][info ][gc] GC(310) Concurrent Abortable Preclean
[2020-01-29T21:56:32.974+0300][21.013s][debug][gc] GC(310) Concurrent active time: 0.003ms
[2020-01-29T21:56:32.974+0300][21.013s][info ][gc] GC(310) Concurrent Abortable Preclean 0.030ms
[2020-01-29T21:56:32.974+0300][21.013s][debug][gc] GC(310) YG occupancy: 57248 K (78656 K)
[2020-01-29T21:56:32.985+0300][21.024s][info ][gc] GC(310) Pause Remark 202M->202M(247M) 10.719ms
[2020-01-29T21:56:32.985+0300][21.024s][info ][gc] GC(310) Concurrent Sweep
[2020-01-29T21:56:32.988+0300][21.027s][info ][gc] GC(311) Pause Young (Allocation Failure) 200M->200M(247M) 0.040ms
[2020-01-29T21:56:33.054+0300][21.093s][debug][gc] GC(310) Concurrent active time: 68.718ms
[2020-01-29T21:56:33.054+0300][21.093s][info ][gc] GC(310) Concurrent Sweep 68.947ms
[2020-01-29T21:56:33.054+0300][21.093s][debug][gc] GC(312) Concurrent mode failure
[2020-01-29T21:56:33.149+0300][21.188s][info ][gc] GC(312) Pause Full (Allocation Failure) 200M->70M(247M) 160.815ms
[2020-01-29T21:56:33.221+0300][21.259s][info ][gc] GC(313) Pause Young (Allocation Failure) 137M->155M(247M) 52.959ms
[2020-01-29T21:56:33.230+0300][21.269s][info ][gc] GC(314) Pause Initial Mark 174M->174M(247M) 8.821ms
[2020-01-29T21:56:33.230+0300][21.269s][info ][gc] GC(314) Concurrent Mark
[2020-01-29T21:56:33.233+0300][21.272s][debug][gc] GC(314) Concurrent active time: 3.016ms
[2020-01-29T21:56:33.233+0300][21.272s][info ][gc] GC(314) Concurrent Mark 3.073ms
[2020-01-29T21:56:33.233+0300][21.272s][info ][gc] GC(314) Concurrent Preclean
[2020-01-29T21:56:33.234+0300][21.272s][debug][gc] GC(314) Concurrent active time: 0.157ms
[2020-01-29T21:56:33.234+0300][21.272s][info ][gc] GC(314) Concurrent Preclean 0.188ms
[2020-01-29T21:56:33.234+0300][21.272s][info ][gc] GC(314) Concurrent Abortable Preclean
[2020-01-29T21:56:33.234+0300][21.272s][debug][gc] GC(314) Concurrent active time: 0.004ms
[2020-01-29T21:56:33.234+0300][21.272s][info ][gc] GC(314) Concurrent Abortable Preclean 0.031ms
[2020-01-29T21:56:33.234+0300][21.272s][debug][gc] GC(314) YG occupancy: 57250 K (78656 K)
[2020-01-29T21:56:33.244+0300][21.283s][info ][gc] GC(314) Pause Remark 202M->202M(247M) 10.672ms
[2020-01-29T21:56:33.244+0300][21.283s][info ][gc] GC(314) Concurrent Sweep
[2020-01-29T21:56:33.247+0300][21.285s][info ][gc] GC(315) Pause Young (Allocation Failure) 200M->200M(247M) 0.041ms
[2020-01-29T21:56:33.314+0300][21.352s][debug][gc] GC(314) Concurrent active time: 69.229ms
[2020-01-29T21:56:33.314+0300][21.352s][info ][gc] GC(314) Concurrent Sweep 69.464ms
[2020-01-29T21:56:33.314+0300][21.352s][debug][gc] GC(316) Concurrent mode failure
[2020-01-29T21:56:33.407+0300][21.445s][info ][gc] GC(316) Pause Full (Allocation Failure) 200M->70M(247M) 159.959ms
[2020-01-29T21:56:33.483+0300][21.521s][info ][gc] GC(317) Pause Young (Allocation Failure) 137M->155M(247M) 55.480ms
[2020-01-29T21:56:33.493+0300][21.531s][info ][gc] GC(318) Pause Initial Mark 174M->174M(247M) 8.816ms
[2020-01-29T21:56:33.493+0300][21.531s][info ][gc] GC(318) Concurrent Mark
[2020-01-29T21:56:33.496+0300][21.534s][debug][gc] GC(318) Concurrent active time: 3.110ms
[2020-01-29T21:56:33.496+0300][21.534s][info ][gc] GC(318) Concurrent Mark 3.169ms
[2020-01-29T21:56:33.496+0300][21.534s][info ][gc] GC(318) Concurrent Preclean
[2020-01-29T21:56:33.496+0300][21.534s][debug][gc] GC(318) Concurrent active time: 0.159ms
[2020-01-29T21:56:33.496+0300][21.534s][info ][gc] GC(318) Concurrent Preclean 0.191ms
[2020-01-29T21:56:33.496+0300][21.534s][info ][gc] GC(318) Concurrent Abortable Preclean
[2020-01-29T21:56:33.496+0300][21.534s][debug][gc] GC(318) Concurrent active time: 0.004ms
[2020-01-29T21:56:33.496+0300][21.534s][info ][gc] GC(318) Concurrent Abortable Preclean 0.030ms
[2020-01-29T21:56:33.496+0300][21.534s][debug][gc] GC(318) YG occupancy: 57226 K (78656 K)
[2020-01-29T21:56:33.506+0300][21.545s][info ][gc] GC(318) Pause Remark 202M->202M(247M) 10.750ms
[2020-01-29T21:56:33.506+0300][21.545s][info ][gc] GC(318) Concurrent Sweep
[2020-01-29T21:56:33.509+0300][21.548s][info ][gc] GC(319) Pause Young (Allocation Failure) 200M->200M(247M) 0.041ms
[2020-01-29T21:56:33.580+0300][21.619s][debug][gc] GC(318) Concurrent active time: 73.394ms
[2020-01-29T21:56:33.580+0300][21.619s][info ][gc] GC(318) Concurrent Sweep 73.627ms
[2020-01-29T21:56:33.580+0300][21.619s][debug][gc] GC(320) Concurrent mode failure
[2020-01-29T21:56:33.675+0300][21.714s][info ][gc] GC(320) Pause Full (Allocation Failure) 200M->70M(247M) 165.714ms
[2020-01-29T21:56:33.748+0300][21.786s][info ][gc] GC(321) Pause Young (Allocation Failure) 137M->155M(247M) 54.050ms
[2020-01-29T21:56:33.757+0300][21.796s][info ][gc] GC(322) Pause Initial Mark 174M->174M(247M) 8.819ms
[2020-01-29T21:56:33.757+0300][21.796s][info ][gc] GC(322) Concurrent Mark
[2020-01-29T21:56:33.760+0300][21.799s][debug][gc] GC(322) Concurrent active time: 3.015ms
[2020-01-29T21:56:33.761+0300][21.799s][info ][gc] GC(322) Concurrent Mark 3.072ms
[2020-01-29T21:56:33.761+0300][21.799s][info ][gc] GC(322) Concurrent Preclean
[2020-01-29T21:56:33.761+0300][21.799s][debug][gc] GC(322) Concurrent active time: 0.154ms
[2020-01-29T21:56:33.761+0300][21.799s][info ][gc] GC(322) Concurrent Preclean 0.185ms
[2020-01-29T21:56:33.761+0300][21.799s][info ][gc] GC(322) Concurrent Abortable Preclean
[2020-01-29T21:56:33.761+0300][21.799s][debug][gc] GC(322) Concurrent active time: 0.004ms
[2020-01-29T21:56:33.761+0300][21.799s][info ][gc] GC(322) Concurrent Abortable Preclean 0.030ms
[2020-01-29T21:56:33.761+0300][21.799s][debug][gc] GC(322) YG occupancy: 57241 K (78656 K)
[2020-01-29T21:56:33.771+0300][21.810s][info ][gc] GC(322) Pause Remark 202M->202M(247M) 10.644ms
[2020-01-29T21:56:33.772+0300][21.810s][info ][gc] GC(322) Concurrent Sweep
[2020-01-29T21:56:33.774+0300][21.812s][info ][gc] GC(323) Pause Young (Allocation Failure) 200M->200M(247M) 0.040ms
[2020-01-29T21:56:33.841+0300][21.880s][debug][gc] GC(322) Concurrent active time: 69.500ms
[2020-01-29T21:56:33.841+0300][21.880s][info ][gc] GC(322) Concurrent Sweep 69.734ms
[2020-01-29T21:56:33.841+0300][21.880s][debug][gc] GC(324) Concurrent mode failure
[2020-01-29T21:56:33.936+0300][21.974s][info ][gc] GC(324) Pause Full (Allocation Failure) 200M->70M(247M) 161.440ms
[2020-01-29T21:56:34.007+0300][22.046s][info ][gc] GC(325) Pause Young (Allocation Failure) 137M->155M(247M) 53.250ms
[2020-01-29T21:56:34.017+0300][22.056s][info ][gc] GC(326) Pause Initial Mark 174M->174M(247M) 8.875ms
[2020-01-29T21:56:34.017+0300][22.056s][info ][gc] GC(326) Concurrent Mark
[2020-01-29T21:56:34.020+0300][22.059s][debug][gc] GC(326) Concurrent active time: 3.026ms
[2020-01-29T21:56:34.020+0300][22.059s][info ][gc] GC(326) Concurrent Mark 3.086ms
[2020-01-29T21:56:34.020+0300][22.059s][info ][gc] GC(326) Concurrent Preclean
[2020-01-29T21:56:34.021+0300][22.059s][debug][gc] GC(326) Concurrent active time: 0.165ms
[2020-01-29T21:56:34.021+0300][22.059s][info ][gc] GC(326) Concurrent Preclean 0.198ms
[2020-01-29T21:56:34.021+0300][22.059s][info ][gc] GC(326) Concurrent Abortable Preclean
[2020-01-29T21:56:34.021+0300][22.059s][debug][gc] GC(326) Concurrent active time: 0.005ms
[2020-01-29T21:56:34.021+0300][22.059s][info ][gc] GC(326) Concurrent Abortable Preclean 0.031ms
[2020-01-29T21:56:34.021+0300][22.059s][debug][gc] GC(326) YG occupancy: 57247 K (78656 K)
[2020-01-29T21:56:34.032+0300][22.070s][info ][gc] GC(326) Pause Remark 202M->202M(247M) 10.685ms
[2020-01-29T21:56:34.032+0300][22.070s][info ][gc] GC(326) Concurrent Sweep
[2020-01-29T21:56:34.034+0300][22.073s][info ][gc] GC(327) Pause Young (Allocation Failure) 200M->200M(247M) 0.039ms
[2020-01-29T21:56:34.100+0300][22.139s][debug][gc] GC(326) Concurrent active time: 68.966ms
[2020-01-29T21:56:34.100+0300][22.139s][info ][gc] GC(326) Concurrent Sweep 69.195ms
[2020-01-29T21:56:34.100+0300][22.139s][debug][gc] GC(328) Concurrent mode failure
[2020-01-29T21:56:34.196+0300][22.234s][info ][gc] GC(328) Pause Full (Allocation Failure) 200M->70M(247M) 161.028ms
[2020-01-29T21:56:34.267+0300][22.306s][info ][gc] GC(329) Pause Young (Allocation Failure) 137M->155M(247M) 53.743ms
[2020-01-29T21:56:34.277+0300][22.316s][info ][gc] GC(330) Pause Initial Mark 174M->174M(247M) 8.830ms
[2020-01-29T21:56:34.277+0300][22.316s][info ][gc] GC(330) Concurrent Mark
[2020-01-29T21:56:34.280+0300][22.319s][debug][gc] GC(330) Concurrent active time: 3.024ms
[2020-01-29T21:56:34.280+0300][22.319s][info ][gc] GC(330) Concurrent Mark 3.082ms
[2020-01-29T21:56:34.280+0300][22.319s][info ][gc] GC(330) Concurrent Preclean
[2020-01-29T21:56:34.280+0300][22.319s][debug][gc] GC(330) Concurrent active time: 0.161ms
[2020-01-29T21:56:34.280+0300][22.319s][info ][gc] GC(330) Concurrent Preclean 0.192ms
[2020-01-29T21:56:34.280+0300][22.319s][info ][gc] GC(330) Concurrent Abortable Preclean
[2020-01-29T21:56:34.280+0300][22.319s][debug][gc] GC(330) Concurrent active time: 0.004ms
[2020-01-29T21:56:34.280+0300][22.319s][info ][gc] GC(330) Concurrent Abortable Preclean 0.031ms
[2020-01-29T21:56:34.281+0300][22.319s][debug][gc] GC(330) YG occupancy: 57250 K (78656 K)
[2020-01-29T21:56:34.291+0300][22.330s][info ][gc] GC(330) Pause Remark 202M->202M(247M) 10.831ms
[2020-01-29T21:56:34.291+0300][22.330s][info ][gc] GC(330) Concurrent Sweep
[2020-01-29T21:56:34.298+0300][22.337s][info ][gc] GC(331) Pause Young (Allocation Failure) 196M->196M(247M) 0.042ms
[2020-01-29T21:56:34.361+0300][22.400s][debug][gc] GC(330) Concurrent active time: 69.030ms
[2020-01-29T21:56:34.361+0300][22.400s][info ][gc] GC(330) Concurrent Sweep 69.399ms
[2020-01-29T21:56:34.361+0300][22.400s][debug][gc] GC(332) Concurrent mode failure
[2020-01-29T21:56:34.455+0300][22.494s][info ][gc] GC(332) Pause Full (Allocation Failure) 196M->70M(247M) 156.871ms
[2020-01-29T21:56:34.528+0300][22.567s][info ][gc] GC(333) Pause Young (Allocation Failure) 137M->155M(247M) 54.539ms
[2020-01-29T21:56:34.538+0300][22.576s][info ][gc] GC(334) Pause Initial Mark 174M->174M(247M) 8.852ms
[2020-01-29T21:56:34.538+0300][22.576s][info ][gc] GC(334) Concurrent Mark
[2020-01-29T21:56:34.541+0300][22.579s][debug][gc] GC(334) Concurrent active time: 3.013ms
[2020-01-29T21:56:34.541+0300][22.579s][info ][gc] GC(334) Concurrent Mark 3.070ms
[2020-01-29T21:56:34.541+0300][22.579s][info ][gc] GC(334) Concurrent Preclean
[2020-01-29T21:56:34.541+0300][22.580s][debug][gc] GC(334) Concurrent active time: 0.154ms
[2020-01-29T21:56:34.541+0300][22.580s][info ][gc] GC(334) Concurrent Preclean 0.186ms
[2020-01-29T21:56:34.541+0300][22.580s][info ][gc] GC(334) Concurrent Abortable Preclean
[2020-01-29T21:56:34.541+0300][22.580s][debug][gc] GC(334) Concurrent active time: 0.004ms
[2020-01-29T21:56:34.541+0300][22.580s][info ][gc] GC(334) Concurrent Abortable Preclean 0.030ms
[2020-01-29T21:56:34.541+0300][22.580s][debug][gc] GC(334) YG occupancy: 57253 K (78656 K)
[2020-01-29T21:56:34.552+0300][22.590s][info ][gc] GC(334) Pause Remark 202M->202M(247M) 10.750ms
[2020-01-29T21:56:34.552+0300][22.590s][info ][gc] GC(334) Concurrent Sweep
[2020-01-29T21:56:34.555+0300][22.593s][info ][gc] GC(335) Pause Young (Allocation Failure) 200M->200M(247M) 0.040ms
[2020-01-29T21:56:34.621+0300][22.659s][debug][gc] GC(334) Concurrent active time: 68.098ms
[2020-01-29T21:56:34.621+0300][22.659s][info ][gc] GC(334) Concurrent Sweep 68.331ms
[2020-01-29T21:56:34.621+0300][22.659s][debug][gc] GC(336) Concurrent mode failure
[2020-01-29T21:56:34.713+0300][22.752s][info ][gc] GC(336) Pause Full (Allocation Failure) 200M->70M(247M) 158.932ms
[2020-01-29T21:56:34.785+0300][22.824s][info ][gc] GC(337) Pause Young (Allocation Failure) 137M->155M(247M) 53.415ms
[2020-01-29T21:56:34.795+0300][22.833s][info ][gc] GC(338) Pause Initial Mark 174M->174M(247M) 8.826ms
[2020-01-29T21:56:34.795+0300][22.833s][info ][gc] GC(338) Concurrent Mark
[2020-01-29T21:56:34.798+0300][22.836s][debug][gc] GC(338) Concurrent active time: 3.022ms
[2020-01-29T21:56:34.798+0300][22.836s][info ][gc] GC(338) Concurrent Mark 3.134ms
[2020-01-29T21:56:34.798+0300][22.836s][info ][gc] GC(338) Concurrent Preclean
[2020-01-29T21:56:34.798+0300][22.837s][debug][gc] GC(338) Concurrent active time: 0.155ms
[2020-01-29T21:56:34.798+0300][22.837s][info ][gc] GC(338) Concurrent Preclean 0.186ms
[2020-01-29T21:56:34.798+0300][22.837s][info ][gc] GC(338) Concurrent Abortable Preclean
[2020-01-29T21:56:34.798+0300][22.837s][debug][gc] GC(338) Concurrent active time: 0.003ms
[2020-01-29T21:56:34.798+0300][22.837s][info ][gc] GC(338) Concurrent Abortable Preclean 0.030ms
[2020-01-29T21:56:34.798+0300][22.837s][debug][gc] GC(338) YG occupancy: 57253 K (78656 K)
[2020-01-29T21:56:34.809+0300][22.848s][info ][gc] GC(338) Pause Remark 202M->202M(247M) 10.722ms
[2020-01-29T21:56:34.809+0300][22.848s][info ][gc] GC(338) Concurrent Sweep
[2020-01-29T21:56:34.812+0300][22.850s][info ][gc] GC(339) Pause Young (Allocation Failure) 200M->200M(247M) 0.040ms
[2020-01-29T21:56:34.879+0300][22.917s][debug][gc] GC(338) Concurrent active time: 69.207ms
[2020-01-29T21:56:34.879+0300][22.917s][info ][gc] GC(338) Concurrent Sweep 69.439ms
[2020-01-29T21:56:34.879+0300][22.917s][debug][gc] GC(340) Concurrent mode failure
[2020-01-29T21:56:34.973+0300][23.011s][info ][gc] GC(340) Pause Full (Allocation Failure) 200M->70M(247M) 160.864ms
[2020-01-29T21:56:35.045+0300][23.084s][info ][gc] GC(341) Pause Young (Allocation Failure) 137M->155M(247M) 54.484ms
[2020-01-29T21:56:35.055+0300][23.094s][info ][gc] GC(342) Pause Initial Mark 174M->174M(247M) 8.845ms
[2020-01-29T21:56:35.055+0300][23.094s][info ][gc] GC(342) Concurrent Mark
[2020-01-29T21:56:35.058+0300][23.097s][debug][gc] GC(342) Concurrent active time: 3.044ms
[2020-01-29T21:56:35.058+0300][23.097s][info ][gc] GC(342) Concurrent Mark 3.106ms
[2020-01-29T21:56:35.058+0300][23.097s][info ][gc] GC(342) Concurrent Preclean
[2020-01-29T21:56:35.058+0300][23.097s][debug][gc] GC(342) Concurrent active time: 0.158ms
[2020-01-29T21:56:35.058+0300][23.097s][info ][gc] GC(342) Concurrent Preclean 0.191ms
[2020-01-29T21:56:35.058+0300][23.097s][info ][gc] GC(342) Concurrent Abortable Preclean
[2020-01-29T21:56:35.058+0300][23.097s][debug][gc] GC(342) Concurrent active time: 0.004ms
[2020-01-29T21:56:35.058+0300][23.097s][info ][gc] GC(342) Concurrent Abortable Preclean 0.031ms
[2020-01-29T21:56:35.058+0300][23.097s][debug][gc] GC(342) YG occupancy: 57253 K (78656 K)
[2020-01-29T21:56:35.069+0300][23.108s][info ][gc] GC(342) Pause Remark 202M->202M(247M) 10.813ms
[2020-01-29T21:56:35.069+0300][23.108s][info ][gc] GC(342) Concurrent Sweep
[2020-01-29T21:56:35.072+0300][23.111s][info ][gc] GC(343) Pause Young (Allocation Failure) 200M->200M(247M) 0.041ms
[2020-01-29T21:56:35.139+0300][23.178s][debug][gc] GC(342) Concurrent active time: 69.270ms
[2020-01-29T21:56:35.139+0300][23.178s][info ][gc] GC(342) Concurrent Sweep 69.510ms
[2020-01-29T21:56:35.139+0300][23.178s][debug][gc] GC(344) Concurrent mode failure
[2020-01-29T21:56:35.233+0300][23.271s][info ][gc] GC(344) Pause Full (Allocation Failure) 200M->70M(247M) 160.325ms
[2020-01-29T21:56:35.305+0300][23.343s][info ][gc] GC(345) Pause Young (Allocation Failure) 137M->155M(247M) 53.471ms
[2020-01-29T21:56:35.315+0300][23.353s][info ][gc] GC(346) Pause Initial Mark 174M->174M(247M) 8.825ms
[2020-01-29T21:56:35.315+0300][23.353s][info ][gc] GC(346) Concurrent Mark
[2020-01-29T21:56:35.319+0300][23.357s][debug][gc] GC(346) Concurrent active time: 3.297ms
[2020-01-29T21:56:35.319+0300][23.357s][info ][gc] GC(346) Concurrent Mark 3.460ms
[2020-01-29T21:56:35.319+0300][23.357s][info ][gc] GC(346) Concurrent Preclean
[2020-01-29T21:56:35.319+0300][23.357s][debug][gc] GC(346) Concurrent active time: 0.172ms
[2020-01-29T21:56:35.319+0300][23.357s][info ][gc] GC(346) Concurrent Preclean 0.204ms
[2020-01-29T21:56:35.319+0300][23.357s][info ][gc] GC(346) Concurrent Abortable Preclean
[2020-01-29T21:56:35.319+0300][23.357s][debug][gc] GC(346) Concurrent active time: 0.003ms
[2020-01-29T21:56:35.319+0300][23.357s][info ][gc] GC(346) Concurrent Abortable Preclean 0.035ms
[2020-01-29T21:56:35.319+0300][23.357s][debug][gc] GC(346) YG occupancy: 50466 K (78656 K)
[2020-01-29T21:56:35.332+0300][23.370s][info ][gc] GC(346) Pause Remark 196M->196M(247M) 13.134ms
[2020-01-29T21:56:35.333+0300][23.372s][info ][gc] GC(346) Concurrent Sweep
[2020-01-29T21:56:35.337+0300][23.375s][info ][gc] GC(347) Pause Young (Allocation Failure) 200M->200M(247M) 0.043ms
[2020-01-29T21:56:35.403+0300][23.442s][debug][gc] GC(346) Concurrent active time: 69.805ms
[2020-01-29T21:56:35.403+0300][23.442s][info ][gc] GC(346) Concurrent Sweep 70.087ms
[2020-01-29T21:56:35.403+0300][23.442s][debug][gc] GC(348) Concurrent mode failure
[2020-01-29T21:56:35.497+0300][23.536s][info ][gc] GC(348) Pause Full (Allocation Failure) 200M->70M(247M) 160.815ms
[2020-01-29T21:56:35.568+0300][23.607s][info ][gc] GC(349) Pause Young (Allocation Failure) 137M->155M(247M) 52.771ms
[2020-01-29T21:56:35.578+0300][23.617s][info ][gc] GC(350) Pause Initial Mark 174M->174M(247M) 8.817ms
[2020-01-29T21:56:35.578+0300][23.617s][info ][gc] GC(350) Concurrent Mark
[2020-01-29T21:56:35.581+0300][23.620s][debug][gc] GC(350) Concurrent active time: 3.082ms
[2020-01-29T21:56:35.581+0300][23.620s][info ][gc] GC(350) Concurrent Mark 3.144ms
[2020-01-29T21:56:35.581+0300][23.620s][info ][gc] GC(350) Concurrent Preclean
[2020-01-29T21:56:35.581+0300][23.620s][debug][gc] GC(350) Concurrent active time: 0.160ms
[2020-01-29T21:56:35.582+0300][23.620s][info ][gc] GC(350) Concurrent Preclean 0.195ms
[2020-01-29T21:56:35.582+0300][23.620s][info ][gc] GC(350) Concurrent Abortable Preclean
[2020-01-29T21:56:35.582+0300][23.620s][debug][gc] GC(350) Concurrent active time: 0.004ms
[2020-01-29T21:56:35.582+0300][23.620s][info ][gc] GC(350) Concurrent Abortable Preclean 0.031ms
[2020-01-29T21:56:35.582+0300][23.620s][debug][gc] GC(350) YG occupancy: 57253 K (78656 K)
[2020-01-29T21:56:35.592+0300][23.631s][info ][gc] GC(350) Pause Remark 202M->202M(247M) 10.711ms
[2020-01-29T21:56:35.592+0300][23.631s][info ][gc] GC(350) Concurrent Sweep
[2020-01-29T21:56:35.595+0300][23.633s][info ][gc] GC(351) Pause Young (Allocation Failure) 201M->201M(247M) 0.038ms
[2020-01-29T21:56:35.660+0300][23.699s][debug][gc] GC(350) Concurrent active time: 68.090ms
[2020-01-29T21:56:35.660+0300][23.699s][info ][gc] GC(350) Concurrent Sweep 68.321ms
[2020-01-29T21:56:35.660+0300][23.699s][debug][gc] GC(352) Concurrent mode failure
[2020-01-29T21:56:35.755+0300][23.793s][info ][gc] GC(352) Pause Full (Allocation Failure) 201M->70M(247M) 159.446ms
[2020-01-29T21:56:35.825+0300][23.864s][info ][gc] GC(353) Pause Young (Allocation Failure) 137M->155M(247M) 52.637ms
[2020-01-29T21:56:35.835+0300][23.874s][info ][gc] GC(354) Pause Initial Mark 174M->174M(247M) 8.814ms
[2020-01-29T21:56:35.835+0300][23.874s][info ][gc] GC(354) Concurrent Mark
[2020-01-29T21:56:35.838+0300][23.877s][debug][gc] GC(354) Concurrent active time: 3.023ms
[2020-01-29T21:56:35.838+0300][23.877s][info ][gc] GC(354) Concurrent Mark 3.079ms
[2020-01-29T21:56:35.838+0300][23.877s][info ][gc] GC(354) Concurrent Preclean
[2020-01-29T21:56:35.838+0300][23.877s][debug][gc] GC(354) Concurrent active time: 0.155ms
[2020-01-29T21:56:35.838+0300][23.877s][info ][gc] GC(354) Concurrent Preclean 0.186ms
[2020-01-29T21:56:35.838+0300][23.877s][info ][gc] GC(354) Concurrent Abortable Preclean
[2020-01-29T21:56:35.838+0300][23.877s][debug][gc] GC(354) Concurrent active time: 0.004ms
[2020-01-29T21:56:35.838+0300][23.877s][info ][gc] GC(354) Concurrent Abortable Preclean 0.031ms
[2020-01-29T21:56:35.838+0300][23.877s][debug][gc] GC(354) YG occupancy: 57253 K (78656 K)
[2020-01-29T21:56:35.849+0300][23.888s][info ][gc] GC(354) Pause Remark 202M->202M(247M) 10.685ms
[2020-01-29T21:56:35.849+0300][23.888s][info ][gc] GC(354) Concurrent Sweep
[2020-01-29T21:56:35.852+0300][23.891s][info ][gc] GC(355) Pause Young (Allocation Failure) 200M->200M(247M) 0.039ms
[2020-01-29T21:56:35.920+0300][23.959s][debug][gc] GC(354) Concurrent active time: 70.370ms
[2020-01-29T21:56:35.920+0300][23.959s][info ][gc] GC(354) Concurrent Sweep 70.716ms
[2020-01-29T21:56:35.920+0300][23.959s][debug][gc] GC(356) Concurrent mode failure
[2020-01-29T21:56:36.015+0300][24.053s][info ][gc] GC(356) Pause Full (Allocation Failure) 200M->70M(247M) 162.465ms
[2020-01-29T21:56:36.087+0300][24.125s][info ][gc] GC(357) Pause Young (Allocation Failure) 137M->155M(247M) 52.855ms
[2020-01-29T21:56:36.096+0300][24.134s][info ][gc] GC(358) Pause Initial Mark 174M->174M(247M) 8.861ms
[2020-01-29T21:56:36.096+0300][24.135s][info ][gc] GC(358) Concurrent Mark
[2020-01-29T21:56:36.100+0300][24.138s][debug][gc] GC(358) Concurrent active time: 3.070ms
[2020-01-29T21:56:36.100+0300][24.138s][info ][gc] GC(358) Concurrent Mark 3.133ms
[2020-01-29T21:56:36.100+0300][24.138s][info ][gc] GC(358) Concurrent Preclean
[2020-01-29T21:56:36.100+0300][24.138s][debug][gc] GC(358) Concurrent active time: 0.163ms
[2020-01-29T21:56:36.100+0300][24.138s][info ][gc] GC(358) Concurrent Preclean 0.196ms
[2020-01-29T21:56:36.100+0300][24.138s][info ][gc] GC(358) Concurrent Abortable Preclean
[2020-01-29T21:56:36.100+0300][24.138s][debug][gc] GC(358) Concurrent active time: 0.004ms
[2020-01-29T21:56:36.100+0300][24.138s][info ][gc] GC(358) Concurrent Abortable Preclean 0.031ms
[2020-01-29T21:56:36.100+0300][24.138s][debug][gc] GC(358) YG occupancy: 57252 K (78656 K)
[2020-01-29T21:56:36.111+0300][24.149s][info ][gc] GC(358) Pause Remark 202M->202M(247M) 10.707ms
[2020-01-29T21:56:36.111+0300][24.149s][info ][gc] GC(358) Concurrent Sweep
[2020-01-29T21:56:36.113+0300][24.151s][info ][gc] GC(359) Pause Young (Allocation Failure) 200M->200M(247M) 0.039ms
[2020-01-29T21:56:36.179+0300][24.218s][debug][gc] GC(358) Concurrent active time: 68.655ms
[2020-01-29T21:56:36.179+0300][24.218s][info ][gc] GC(358) Concurrent Sweep 68.901ms
[2020-01-29T21:56:36.179+0300][24.218s][debug][gc] GC(360) Concurrent mode failure
[2020-01-29T21:56:36.272+0300][24.311s][info ][gc] GC(360) Pause Full (Allocation Failure) 200M->70M(247M) 159.314ms
[2020-01-29T21:56:36.355+0300][24.393s][info ][gc] GC(361) Pause Young (Allocation Failure) 137M->155M(247M) 64.018ms
[2020-01-29T21:56:36.364+0300][24.403s][info ][gc] GC(362) Pause Initial Mark 174M->174M(247M) 8.823ms
[2020-01-29T21:56:36.364+0300][24.403s][info ][gc] GC(362) Concurrent Mark
[2020-01-29T21:56:36.368+0300][24.406s][debug][gc] GC(362) Concurrent active time: 3.206ms
[2020-01-29T21:56:36.368+0300][24.406s][info ][gc] GC(362) Concurrent Mark 3.273ms
[2020-01-29T21:56:36.368+0300][24.406s][info ][gc] GC(362) Concurrent Preclean
[2020-01-29T21:56:36.368+0300][24.406s][debug][gc] GC(362) Concurrent active time: 0.163ms
[2020-01-29T21:56:36.368+0300][24.406s][info ][gc] GC(362) Concurrent Preclean 0.196ms
[2020-01-29T21:56:36.368+0300][24.406s][info ][gc] GC(362) Concurrent Abortable Preclean
[2020-01-29T21:56:36.368+0300][24.406s][debug][gc] GC(362) Concurrent active time: 0.004ms
[2020-01-29T21:56:36.368+0300][24.406s][info ][gc] GC(362) Concurrent Abortable Preclean 0.031ms
[2020-01-29T21:56:36.368+0300][24.406s][debug][gc] GC(362) YG occupancy: 57230 K (78656 K)
[2020-01-29T21:56:36.379+0300][24.417s][info ][gc] GC(362) Pause Remark 202M->202M(247M) 10.716ms
[2020-01-29T21:56:36.379+0300][24.417s][info ][gc] GC(362) Concurrent Sweep
[2020-01-29T21:56:36.382+0300][24.420s][info ][gc] GC(363) Pause Young (Allocation Failure) 201M->201M(247M) 0.039ms
[2020-01-29T21:56:36.449+0300][24.487s][debug][gc] GC(362) Concurrent active time: 69.739ms
[2020-01-29T21:56:36.449+0300][24.487s][info ][gc] GC(362) Concurrent Sweep 69.984ms
[2020-01-29T21:56:36.449+0300][24.487s][debug][gc] GC(364) Concurrent mode failure
[2020-01-29T21:56:36.543+0300][24.582s][info ][gc] GC(364) Pause Full (Allocation Failure) 201M->70M(247M) 161.717ms
[2020-01-29T21:56:36.615+0300][24.653s][info ][gc] GC(365) Pause Young (Allocation Failure) 137M->155M(247M) 52.423ms
[2020-01-29T21:56:36.625+0300][24.663s][info ][gc] GC(366) Pause Initial Mark 174M->174M(247M) 8.922ms
[2020-01-29T21:56:36.625+0300][24.663s][info ][gc] GC(366) Concurrent Mark
[2020-01-29T21:56:36.628+0300][24.666s][debug][gc] GC(366) Concurrent active time: 3.029ms
[2020-01-29T21:56:36.628+0300][24.666s][info ][gc] GC(366) Concurrent Mark 3.085ms
[2020-01-29T21:56:36.628+0300][24.666s][info ][gc] GC(366) Concurrent Preclean
[2020-01-29T21:56:36.628+0300][24.666s][debug][gc] GC(366) Concurrent active time: 0.157ms
[2020-01-29T21:56:36.628+0300][24.666s][info ][gc] GC(366) Concurrent Preclean 0.189ms
[2020-01-29T21:56:36.628+0300][24.666s][info ][gc] GC(366) Concurrent Abortable Preclean
[2020-01-29T21:56:36.628+0300][24.666s][debug][gc] GC(366) Concurrent active time: 0.004ms
[2020-01-29T21:56:36.628+0300][24.666s][info ][gc] GC(366) Concurrent Abortable Preclean 0.030ms
[2020-01-29T21:56:36.628+0300][24.666s][debug][gc] GC(366) YG occupancy: 57241 K (78656 K)
[2020-01-29T21:56:36.639+0300][24.677s][info ][gc] GC(366) Pause Remark 202M->202M(247M) 10.726ms
[2020-01-29T21:56:36.639+0300][24.677s][info ][gc] GC(366) Concurrent Sweep
[2020-01-29T21:56:36.642+0300][24.680s][info ][gc] GC(367) Pause Young (Allocation Failure) 200M->200M(247M) 0.045ms
[2020-01-29T21:56:36.708+0300][24.747s][debug][gc] GC(366) Concurrent active time: 69.946ms
[2020-01-29T21:56:36.708+0300][24.747s][info ][gc] GC(366) Concurrent Sweep 70.182ms
[2020-01-29T21:56:36.708+0300][24.747s][debug][gc] GC(368) Concurrent mode failure
[2020-01-29T21:56:36.803+0300][24.841s][info ][gc] GC(368) Pause Full (Allocation Failure) 200M->70M(247M) 161.762ms
[2020-01-29T21:56:36.874+0300][24.913s][info ][gc] GC(369) Pause Young (Allocation Failure) 137M->155M(247M) 52.353ms
[2020-01-29T21:56:36.884+0300][24.922s][info ][gc] GC(370) Pause Initial Mark 174M->174M(247M) 8.823ms
[2020-01-29T21:56:36.884+0300][24.923s][info ][gc] GC(370) Concurrent Mark
[2020-01-29T21:56:36.887+0300][24.926s][debug][gc] GC(370) Concurrent active time: 3.046ms
[2020-01-29T21:56:36.887+0300][24.926s][info ][gc] GC(370) Concurrent Mark 3.105ms
[2020-01-29T21:56:36.887+0300][24.926s][info ][gc] GC(370) Concurrent Preclean
[2020-01-29T21:56:36.887+0300][24.926s][debug][gc] GC(370) Concurrent active time: 0.158ms
[2020-01-29T21:56:36.887+0300][24.926s][info ][gc] GC(370) Concurrent Preclean 0.190ms
[2020-01-29T21:56:36.887+0300][24.926s][info ][gc] GC(370) Concurrent Abortable Preclean
[2020-01-29T21:56:36.887+0300][24.926s][debug][gc] GC(370) Concurrent active time: 0.004ms
[2020-01-29T21:56:36.887+0300][24.926s][info ][gc] GC(370) Concurrent Abortable Preclean 0.030ms
[2020-01-29T21:56:36.887+0300][24.926s][debug][gc] GC(370) YG occupancy: 57246 K (78656 K)
[2020-01-29T21:56:36.898+0300][24.937s][info ][gc] GC(370) Pause Remark 202M->202M(247M) 10.765ms
[2020-01-29T21:56:36.898+0300][24.937s][info ][gc] GC(370) Concurrent Sweep
[2020-01-29T21:56:36.901+0300][24.939s][info ][gc] GC(371) Pause Young (Allocation Failure) 200M->200M(247M) 0.041ms
[2020-01-29T21:56:36.968+0300][25.006s][debug][gc] GC(370) Concurrent active time: 69.439ms
[2020-01-29T21:56:36.968+0300][25.006s][info ][gc] GC(370) Concurrent Sweep 69.674ms
[2020-01-29T21:56:36.968+0300][25.006s][debug][gc] GC(372) Concurrent mode failure
[2020-01-29T21:56:37.063+0300][25.101s][info ][gc] GC(372) Pause Full (Allocation Failure) 200M->70M(247M) 161.546ms
[2020-01-29T21:56:37.136+0300][25.174s][info ][gc] GC(373) Pause Young (Allocation Failure) 137M->155M(247M) 54.581ms
[2020-01-29T21:56:37.146+0300][25.184s][info ][gc] GC(374) Pause Initial Mark 174M->174M(247M) 8.840ms
[2020-01-29T21:56:37.146+0300][25.184s][info ][gc] GC(374) Concurrent Mark
[2020-01-29T21:56:37.149+0300][25.187s][debug][gc] GC(374) Concurrent active time: 3.024ms
[2020-01-29T21:56:37.149+0300][25.187s][info ][gc] GC(374) Concurrent Mark 3.083ms
[2020-01-29T21:56:37.149+0300][25.187s][info ][gc] GC(374) Concurrent Preclean
[2020-01-29T21:56:37.149+0300][25.187s][debug][gc] GC(374) Concurrent active time: 0.158ms
[2020-01-29T21:56:37.149+0300][25.187s][info ][gc] GC(374) Concurrent Preclean 0.195ms
[2020-01-29T21:56:37.149+0300][25.187s][info ][gc] GC(374) Concurrent Abortable Preclean
[2020-01-29T21:56:37.149+0300][25.187s][debug][gc] GC(374) Concurrent active time: 0.004ms
[2020-01-29T21:56:37.149+0300][25.187s][info ][gc] GC(374) Concurrent Abortable Preclean 0.030ms
[2020-01-29T21:56:37.149+0300][25.187s][debug][gc] GC(374) YG occupancy: 57248 K (78656 K)
[2020-01-29T21:56:37.160+0300][25.198s][info ][gc] GC(374) Pause Remark 202M->202M(247M) 10.730ms
[2020-01-29T21:56:37.160+0300][25.198s][info ][gc] GC(374) Concurrent Sweep
[2020-01-29T21:56:37.162+0300][25.201s][info ][gc] GC(375) Pause Young (Allocation Failure) 200M->200M(247M) 0.039ms
[2020-01-29T21:56:37.230+0300][25.269s][debug][gc] GC(374) Concurrent active time: 70.402ms
[2020-01-29T21:56:37.230+0300][25.269s][info ][gc] GC(374) Concurrent Sweep 70.633ms
[2020-01-29T21:56:37.230+0300][25.269s][debug][gc] GC(376) Concurrent mode failure
[2020-01-29T21:56:37.323+0300][25.362s][info ][gc] GC(376) Pause Full (Allocation Failure) 200M->70M(247M) 161.433ms
[2020-01-29T21:56:37.401+0300][25.439s][info ][gc] GC(377) Pause Young (Allocation Failure) 137M->155M(247M) 54.913ms
[2020-01-29T21:56:37.411+0300][25.449s][info ][gc] GC(378) Pause Initial Mark 174M->174M(247M) 9.069ms
[2020-01-29T21:56:37.411+0300][25.449s][info ][gc] GC(378) Concurrent Mark
[2020-01-29T21:56:37.414+0300][25.452s][debug][gc] GC(378) Concurrent active time: 3.060ms
[2020-01-29T21:56:37.414+0300][25.452s][info ][gc] GC(378) Concurrent Mark 3.123ms
[2020-01-29T21:56:37.414+0300][25.452s][info ][gc] GC(378) Concurrent Preclean
[2020-01-29T21:56:37.414+0300][25.452s][debug][gc] GC(378) Concurrent active time: 0.157ms
[2020-01-29T21:56:37.414+0300][25.453s][info ][gc] GC(378) Concurrent Preclean 0.190ms
[2020-01-29T21:56:37.414+0300][25.453s][info ][gc] GC(378) Concurrent Abortable Preclean
[2020-01-29T21:56:37.414+0300][25.453s][debug][gc] GC(378) Concurrent active time: 0.004ms
[2020-01-29T21:56:37.414+0300][25.453s][info ][gc] GC(378) Concurrent Abortable Preclean 0.030ms
[2020-01-29T21:56:37.415+0300][25.453s][debug][gc] GC(378) YG occupancy: 57229 K (78656 K)
[2020-01-29T21:56:37.425+0300][25.463s][info ][gc] GC(378) Pause Remark 202M->202M(247M) 10.745ms
[2020-01-29T21:56:37.425+0300][25.463s][info ][gc] GC(378) Concurrent Sweep
[2020-01-29T21:56:37.428+0300][25.466s][info ][gc] GC(379) Pause Young (Allocation Failure) 200M->200M(247M) 0.041ms
[2020-01-29T21:56:37.494+0300][25.533s][debug][gc] GC(378) Concurrent active time: 69.381ms
[2020-01-29T21:56:37.494+0300][25.533s][info ][gc] GC(378) Concurrent Sweep 69.618ms
[2020-01-29T21:56:37.494+0300][25.533s][debug][gc] GC(380) Concurrent mode failure
[2020-01-29T21:56:37.589+0300][25.627s][info ][gc] GC(380) Pause Full (Allocation Failure) 200M->70M(247M) 161.281ms
[2020-01-29T21:56:37.661+0300][25.699s][info ][gc] GC(381) Pause Young (Allocation Failure) 137M->155M(247M) 53.184ms
[2020-01-29T21:56:37.671+0300][25.709s][info ][gc] GC(382) Pause Initial Mark 174M->174M(247M) 8.855ms
[2020-01-29T21:56:37.671+0300][25.709s][info ][gc] GC(382) Concurrent Mark
[2020-01-29T21:56:37.674+0300][25.712s][debug][gc] GC(382) Concurrent active time: 3.026ms
[2020-01-29T21:56:37.674+0300][25.712s][info ][gc] GC(382) Concurrent Mark 3.084ms
[2020-01-29T21:56:37.674+0300][25.712s][info ][gc] GC(382) Concurrent Preclean
[2020-01-29T21:56:37.674+0300][25.712s][debug][gc] GC(382) Concurrent active time: 0.156ms
[2020-01-29T21:56:37.674+0300][25.712s][info ][gc] GC(382) Concurrent Preclean 0.187ms
[2020-01-29T21:56:37.674+0300][25.712s][info ][gc] GC(382) Concurrent Abortable Preclean
[2020-01-29T21:56:37.674+0300][25.712s][debug][gc] GC(382) Concurrent active time: 0.004ms
[2020-01-29T21:56:37.674+0300][25.712s][info ][gc] GC(382) Concurrent Abortable Preclean 0.030ms
[2020-01-29T21:56:37.674+0300][25.713s][debug][gc] GC(382) YG occupancy: 57241 K (78656 K)
[2020-01-29T21:56:37.685+0300][25.723s][info ][gc] GC(382) Pause Remark 202M->202M(247M) 10.715ms
[2020-01-29T21:56:37.685+0300][25.723s][info ][gc] GC(382) Concurrent Sweep
[2020-01-29T21:56:37.688+0300][25.726s][info ][gc] GC(383) Pause Young (Allocation Failure) 200M->200M(247M) 0.040ms
[2020-01-29T21:56:37.756+0300][25.794s][debug][gc] GC(382) Concurrent active time: 70.364ms
[2020-01-29T21:56:37.756+0300][25.794s][info ][gc] GC(382) Concurrent Sweep 70.603ms
[2020-01-29T21:56:37.756+0300][25.794s][debug][gc] GC(384) Concurrent mode failure
[2020-01-29T21:56:37.849+0300][25.888s][info ][gc] GC(384) Pause Full (Allocation Failure) 200M->70M(247M) 161.533ms
[2020-01-29T21:56:37.920+0300][25.959s][info ][gc] GC(385) Pause Young (Allocation Failure) 137M->155M(247M) 52.739ms
[2020-01-29T21:56:37.930+0300][25.969s][info ][gc] GC(386) Pause Initial Mark 174M->174M(247M) 8.859ms
[2020-01-29T21:56:37.930+0300][25.969s][info ][gc] GC(386) Concurrent Mark
[2020-01-29T21:56:37.933+0300][25.972s][debug][gc] GC(386) Concurrent active time: 3.034ms
[2020-01-29T21:56:37.933+0300][25.972s][info ][gc] GC(386) Concurrent Mark 3.094ms
[2020-01-29T21:56:37.933+0300][25.972s][info ][gc] GC(386) Concurrent Preclean
[2020-01-29T21:56:37.934+0300][25.972s][debug][gc] GC(386) Concurrent active time: 0.161ms
[2020-01-29T21:56:37.934+0300][25.972s][info ][gc] GC(386) Concurrent Preclean 0.192ms
[2020-01-29T21:56:37.934+0300][25.972s][info ][gc] GC(386) Concurrent Abortable Preclean
[2020-01-29T21:56:37.934+0300][25.972s][debug][gc] GC(386) Concurrent active time: 0.004ms
[2020-01-29T21:56:37.934+0300][25.972s][info ][gc] GC(386) Concurrent Abortable Preclean 0.031ms
[2020-01-29T21:56:37.934+0300][25.972s][debug][gc] GC(386) YG occupancy: 57246 K (78656 K)
[2020-01-29T21:56:37.945+0300][25.983s][info ][gc] GC(386) Pause Remark 202M->202M(247M) 10.807ms
[2020-01-29T21:56:37.945+0300][25.983s][info ][gc] GC(386) Concurrent Sweep
[2020-01-29T21:56:37.948+0300][25.986s][info ][gc] GC(387) Pause Young (Allocation Failure) 199M->199M(247M) 0.045ms
[2020-01-29T21:56:38.013+0300][26.052s][debug][gc] GC(386) Concurrent active time: 68.356ms
[2020-01-29T21:56:38.013+0300][26.052s][info ][gc] GC(386) Concurrent Sweep 68.627ms
[2020-01-29T21:56:38.013+0300][26.052s][debug][gc] GC(388) Concurrent mode failure
[2020-01-29T21:56:38.108+0300][26.146s][info ][gc] GC(388) Pause Full (Allocation Failure) 199M->70M(247M) 159.930ms
[2020-01-29T21:56:38.180+0300][26.218s][info ][gc] GC(389) Pause Young (Allocation Failure) 137M->155M(247M) 53.489ms
[2020-01-29T21:56:38.190+0300][26.228s][info ][gc] GC(390) Pause Initial Mark 174M->174M(247M) 8.845ms
[2020-01-29T21:56:38.190+0300][26.228s][info ][gc] GC(390) Concurrent Mark
[2020-01-29T21:56:38.194+0300][26.232s][debug][gc] GC(390) Concurrent active time: 3.197ms
[2020-01-29T21:56:38.194+0300][26.232s][info ][gc] GC(390) Concurrent Mark 3.254ms
[2020-01-29T21:56:38.194+0300][26.232s][info ][gc] GC(390) Concurrent Preclean
[2020-01-29T21:56:38.194+0300][26.232s][debug][gc] GC(390) Concurrent active time: 0.173ms
[2020-01-29T21:56:38.194+0300][26.232s][info ][gc] GC(390) Concurrent Preclean 0.207ms
[2020-01-29T21:56:38.194+0300][26.232s][info ][gc] GC(390) Concurrent Abortable Preclean
[2020-01-29T21:56:38.194+0300][26.232s][debug][gc] GC(390) Concurrent active time: 0.004ms
[2020-01-29T21:56:38.194+0300][26.232s][info ][gc] GC(390) Concurrent Abortable Preclean 0.032ms
[2020-01-29T21:56:38.194+0300][26.232s][debug][gc] GC(390) YG occupancy: 57250 K (78656 K)
[2020-01-29T21:56:38.204+0300][26.243s][info ][gc] GC(390) Pause Remark 202M->202M(247M) 10.761ms
[2020-01-29T21:56:38.204+0300][26.243s][info ][gc] GC(390) Concurrent Sweep
[2020-01-29T21:56:38.206+0300][26.245s][info ][gc] GC(391) Pause Young (Allocation Failure) 200M->200M(247M) 0.042ms
[2020-01-29T21:56:38.273+0300][26.312s][debug][gc] GC(390) Concurrent active time: 68.721ms
[2020-01-29T21:56:38.273+0300][26.312s][info ][gc] GC(390) Concurrent Sweep 68.967ms
[2020-01-29T21:56:38.273+0300][26.312s][debug][gc] GC(392) Concurrent mode failure
[2020-01-29T21:56:38.368+0300][26.406s][info ][gc] GC(392) Pause Full (Allocation Failure) 200M->70M(247M) 160.564ms
[2020-01-29T21:56:38.441+0300][26.480s][info ][gc] GC(393) Pause Young (Allocation Failure) 137M->155M(247M) 53.346ms
[2020-01-29T21:56:38.451+0300][26.490s][info ][gc] GC(394) Pause Initial Mark 174M->174M(247M) 8.841ms
[2020-01-29T21:56:38.451+0300][26.490s][info ][gc] GC(394) Concurrent Mark
[2020-01-29T21:56:38.454+0300][26.493s][debug][gc] GC(394) Concurrent active time: 3.023ms
[2020-01-29T21:56:38.454+0300][26.493s][info ][gc] GC(394) Concurrent Mark 3.081ms
[2020-01-29T21:56:38.454+0300][26.493s][info ][gc] GC(394) Concurrent Preclean
[2020-01-29T21:56:38.454+0300][26.493s][debug][gc] GC(394) Concurrent active time: 0.157ms
[2020-01-29T21:56:38.454+0300][26.493s][info ][gc] GC(394) Concurrent Preclean 0.189ms
[2020-01-29T21:56:38.454+0300][26.493s][info ][gc] GC(394) Concurrent Abortable Preclean
[2020-01-29T21:56:38.454+0300][26.493s][debug][gc] GC(394) Concurrent active time: 0.004ms
[2020-01-29T21:56:38.454+0300][26.493s][info ][gc] GC(394) Concurrent Abortable Preclean 0.031ms
[2020-01-29T21:56:38.454+0300][26.493s][debug][gc] GC(394) YG occupancy: 57226 K (78656 K)
[2020-01-29T21:56:38.465+0300][26.504s][info ][gc] GC(394) Pause Remark 202M->202M(247M) 10.771ms
[2020-01-29T21:56:38.465+0300][26.504s][info ][gc] GC(394) Concurrent Sweep
[2020-01-29T21:56:38.468+0300][26.507s][info ][gc] GC(395) Pause Young (Allocation Failure) 200M->200M(247M) 0.041ms
[2020-01-29T21:56:38.534+0300][26.573s][debug][gc] GC(394) Concurrent active time: 68.517ms
[2020-01-29T21:56:38.534+0300][26.573s][info ][gc] GC(394) Concurrent Sweep 68.770ms
[2020-01-29T21:56:38.534+0300][26.573s][debug][gc] GC(396) Concurrent mode failure
[2020-01-29T21:56:38.629+0300][26.668s][info ][gc] GC(396) Pause Full (Allocation Failure) 200M->70M(247M) 161.007ms
[2020-01-29T21:56:38.701+0300][26.739s][info ][gc] GC(397) Pause Young (Allocation Failure) 137M->155M(247M) 53.618ms
[2020-01-29T21:56:38.711+0300][26.749s][info ][gc] GC(398) Pause Initial Mark 174M->174M(247M) 8.840ms
[2020-01-29T21:56:38.711+0300][26.749s][info ][gc] GC(398) Concurrent Mark
[2020-01-29T21:56:38.714+0300][26.752s][debug][gc] GC(398) Concurrent active time: 3.018ms
[2020-01-29T21:56:38.714+0300][26.752s][info ][gc] GC(398) Concurrent Mark 3.073ms
[2020-01-29T21:56:38.714+0300][26.752s][info ][gc] GC(398) Concurrent Preclean
[2020-01-29T21:56:38.714+0300][26.752s][debug][gc] GC(398) Concurrent active time: 0.155ms
[2020-01-29T21:56:38.714+0300][26.752s][info ][gc] GC(398) Concurrent Preclean 0.186ms
[2020-01-29T21:56:38.714+0300][26.752s][info ][gc] GC(398) Concurrent Abortable Preclean
[2020-01-29T21:56:38.714+0300][26.752s][debug][gc] GC(398) Concurrent active time: 0.004ms
[2020-01-29T21:56:38.714+0300][26.752s][info ][gc] GC(398) Concurrent Abortable Preclean 0.030ms
[2020-01-29T21:56:38.714+0300][26.753s][debug][gc] GC(398) YG occupancy: 57239 K (78656 K)
[2020-01-29T21:56:38.725+0300][26.763s][info ][gc] GC(398) Pause Remark 202M->202M(247M) 10.776ms
[2020-01-29T21:56:38.725+0300][26.763s][info ][gc] GC(398) Concurrent Sweep
[2020-01-29T21:56:38.728+0300][26.766s][info ][gc] GC(399) Pause Young (Allocation Failure) 200M->200M(247M) 0.040ms
[2020-01-29T21:56:38.793+0300][26.832s][debug][gc] GC(398) Concurrent active time: 68.811ms
[2020-01-29T21:56:38.794+0300][26.832s][info ][gc] GC(398) Concurrent Sweep 69.045ms
[2020-01-29T21:56:38.794+0300][26.832s][debug][gc] GC(400) Concurrent mode failure
[2020-01-29T21:56:38.887+0300][26.926s][info ][gc] GC(400) Pause Full (Allocation Failure) 200M->70M(247M) 159.875ms
[2020-01-29T21:56:38.958+0300][26.997s][info ][gc] GC(401) Pause Young (Allocation Failure) 137M->155M(247M) 53.307ms
[2020-01-29T21:56:38.968+0300][27.007s][info ][gc] GC(402) Pause Initial Mark 174M->174M(247M) 8.832ms
[2020-01-29T21:56:38.968+0300][27.007s][info ][gc] GC(402) Concurrent Mark
[2020-01-29T21:56:38.971+0300][27.010s][debug][gc] GC(402) Concurrent active time: 3.044ms
[2020-01-29T21:56:38.971+0300][27.010s][info ][gc] GC(402) Concurrent Mark 3.104ms
[2020-01-29T21:56:38.971+0300][27.010s][info ][gc] GC(402) Concurrent Preclean
[2020-01-29T21:56:38.972+0300][27.011s][debug][gc] GC(402) Concurrent active time: 0.187ms
[2020-01-29T21:56:38.972+0300][27.011s][info ][gc] GC(402) Concurrent Preclean 0.220ms
[2020-01-29T21:56:38.972+0300][27.011s][info ][gc] GC(402) Concurrent Abortable Preclean
[2020-01-29T21:56:38.972+0300][27.011s][debug][gc] GC(402) Concurrent active time: 0.004ms
[2020-01-29T21:56:38.972+0300][27.011s][info ][gc] GC(402) Concurrent Abortable Preclean 0.030ms
[2020-01-29T21:56:38.972+0300][27.011s][debug][gc] GC(402) YG occupancy: 57247 K (78656 K)
[2020-01-29T21:56:38.983+0300][27.022s][info ][gc] GC(402) Pause Remark 202M->202M(247M) 11.250ms
[2020-01-29T21:56:38.983+0300][27.022s][info ][gc] GC(402) Concurrent Sweep
[2020-01-29T21:56:38.986+0300][27.025s][info ][gc] GC(403) Pause Young (Allocation Failure) 200M->200M(247M) 0.040ms
[2020-01-29T21:56:39.053+0300][27.091s][debug][gc] GC(402) Concurrent active time: 69.025ms
[2020-01-29T21:56:39.053+0300][27.091s][info ][gc] GC(402) Concurrent Sweep 69.262ms
[2020-01-29T21:56:39.053+0300][27.091s][debug][gc] GC(404) Concurrent mode failure
[2020-01-29T21:56:39.146+0300][27.185s][info ][gc] GC(404) Pause Full (Allocation Failure) 200M->70M(247M) 160.414ms
[2020-01-29T21:56:39.218+0300][27.257s][info ][gc] GC(405) Pause Young (Allocation Failure) 137M->155M(247M) 53.382ms
[2020-01-29T21:56:39.228+0300][27.266s][info ][gc] GC(406) Pause Initial Mark 174M->174M(247M) 8.829ms
[2020-01-29T21:56:39.228+0300][27.267s][info ][gc] GC(406) Concurrent Mark
[2020-01-29T21:56:39.231+0300][27.270s][debug][gc] GC(406) Concurrent active time: 3.019ms
[2020-01-29T21:56:39.231+0300][27.270s][info ][gc] GC(406) Concurrent Mark 3.075ms
[2020-01-29T21:56:39.231+0300][27.270s][info ][gc] GC(406) Concurrent Preclean
[2020-01-29T21:56:39.231+0300][27.270s][debug][gc] GC(406) Concurrent active time: 0.156ms
[2020-01-29T21:56:39.231+0300][27.270s][info ][gc] GC(406) Concurrent Preclean 0.188ms
[2020-01-29T21:56:39.231+0300][27.270s][info ][gc] GC(406) Concurrent Abortable Preclean
[2020-01-29T21:56:39.231+0300][27.270s][debug][gc] GC(406) Concurrent active time: 0.003ms
[2020-01-29T21:56:39.231+0300][27.270s][info ][gc] GC(406) Concurrent Abortable Preclean 0.030ms
[2020-01-29T21:56:39.231+0300][27.270s][debug][gc] GC(406) YG occupancy: 57249 K (78656 K)
[2020-01-29T21:56:39.242+0300][27.281s][info ][gc] GC(406) Pause Remark 202M->202M(247M) 10.728ms
[2020-01-29T21:56:39.242+0300][27.281s][info ][gc] GC(406) Concurrent Sweep
[2020-01-29T21:56:39.245+0300][27.283s][info ][gc] GC(407) Pause Young (Allocation Failure) 201M->201M(247M) 0.040ms
[2020-01-29T21:56:39.311+0300][27.350s][debug][gc] GC(406) Concurrent active time: 68.743ms
[2020-01-29T21:56:39.311+0300][27.350s][info ][gc] GC(406) Concurrent Sweep 68.970ms
[2020-01-29T21:56:39.311+0300][27.350s][debug][gc] GC(408) Concurrent mode failure
[2020-01-29T21:56:39.406+0300][27.444s][info ][gc] GC(408) Pause Full (Allocation Failure) 201M->70M(247M) 160.614ms
[2020-01-29T21:56:39.480+0300][27.518s][info ][gc] GC(409) Pause Young (Allocation Failure) 137M->155M(247M) 53.265ms
[2020-01-29T21:56:39.490+0300][27.528s][info ][gc] GC(410) Pause Initial Mark 174M->174M(247M) 8.823ms
[2020-01-29T21:56:39.490+0300][27.528s][info ][gc] GC(410) Concurrent Mark
[2020-01-29T21:56:39.493+0300][27.531s][debug][gc] GC(410) Concurrent active time: 3.034ms
[2020-01-29T21:56:39.493+0300][27.531s][info ][gc] GC(410) Concurrent Mark 3.091ms
[2020-01-29T21:56:39.493+0300][27.531s][info ][gc] GC(410) Concurrent Preclean
[2020-01-29T21:56:39.493+0300][27.531s][debug][gc] GC(410) Concurrent active time: 0.157ms
[2020-01-29T21:56:39.493+0300][27.531s][info ][gc] GC(410) Concurrent Preclean 0.188ms
[2020-01-29T21:56:39.493+0300][27.531s][info ][gc] GC(410) Concurrent Abortable Preclean
[2020-01-29T21:56:39.493+0300][27.531s][debug][gc] GC(410) Concurrent active time: 0.004ms
[2020-01-29T21:56:39.493+0300][27.531s][info ][gc] GC(410) Concurrent Abortable Preclean 0.030ms
[2020-01-29T21:56:39.493+0300][27.531s][debug][gc] GC(410) YG occupancy: 57230 K (78656 K)
[2020-01-29T21:56:39.504+0300][27.542s][info ][gc] GC(410) Pause Remark 202M->202M(247M) 10.769ms
[2020-01-29T21:56:39.504+0300][27.542s][info ][gc] GC(410) Concurrent Sweep
[2020-01-29T21:56:39.507+0300][27.545s][info ][gc] GC(411) Pause Young (Allocation Failure) 200M->200M(247M) 0.039ms
[2020-01-29T21:56:39.572+0300][27.611s][debug][gc] GC(410) Concurrent active time: 69.002ms
[2020-01-29T21:56:39.572+0300][27.611s][info ][gc] GC(410) Concurrent Sweep 69.236ms
[2020-01-29T21:56:39.572+0300][27.611s][debug][gc] GC(412) Concurrent mode failure
[2020-01-29T21:56:39.667+0300][27.705s][info ][gc] GC(412) Pause Full (Allocation Failure) 200M->70M(247M) 160.748ms
[2020-01-29T21:56:39.739+0300][27.778s][info ][gc] GC(413) Pause Young (Allocation Failure) 137M->155M(247M) 53.524ms
[2020-01-29T21:56:39.749+0300][27.787s][info ][gc] GC(414) Pause Initial Mark 174M->174M(247M) 8.841ms
[2020-01-29T21:56:39.749+0300][27.787s][info ][gc] GC(414) Concurrent Mark
[2020-01-29T21:56:39.752+0300][27.791s][debug][gc] GC(414) Concurrent active time: 3.047ms
[2020-01-29T21:56:39.752+0300][27.791s][info ][gc] GC(414) Concurrent Mark 3.109ms
[2020-01-29T21:56:39.752+0300][27.791s][info ][gc] GC(414) Concurrent Preclean
[2020-01-29T21:56:39.752+0300][27.791s][debug][gc] GC(414) Concurrent active time: 0.162ms
[2020-01-29T21:56:39.752+0300][27.791s][info ][gc] GC(414) Concurrent Preclean 0.195ms
[2020-01-29T21:56:39.752+0300][27.791s][info ][gc] GC(414) Concurrent Abortable Preclean
[2020-01-29T21:56:39.752+0300][27.791s][debug][gc] GC(414) Concurrent active time: 0.004ms
[2020-01-29T21:56:39.752+0300][27.791s][info ][gc] GC(414) Concurrent Abortable Preclean 0.031ms
[2020-01-29T21:56:39.753+0300][27.791s][debug][gc] GC(414) YG occupancy: 57241 K (78656 K)
[2020-01-29T21:56:39.763+0300][27.802s][info ][gc] GC(414) Pause Remark 202M->202M(247M) 10.780ms
[2020-01-29T21:56:39.763+0300][27.802s][info ][gc] GC(414) Concurrent Sweep
[2020-01-29T21:56:39.766+0300][27.804s][info ][gc] GC(415) Pause Young (Allocation Failure) 200M->200M(247M) 0.040ms
[2020-01-29T21:56:39.833+0300][27.871s][debug][gc] GC(414) Concurrent active time: 68.871ms
[2020-01-29T21:56:39.833+0300][27.871s][info ][gc] GC(414) Concurrent Sweep 69.107ms
[2020-01-29T21:56:39.833+0300][27.871s][debug][gc] GC(416) Concurrent mode failure
[2020-01-29T21:56:39.926+0300][27.965s][info ][gc] GC(416) Pause Full (Allocation Failure) 200M->70M(247M) 160.631ms
[2020-01-29T21:56:39.998+0300][28.036s][info ][gc] GC(417) Pause Young (Allocation Failure) 137M->155M(247M) 53.006ms
[2020-01-29T21:56:40.008+0300][28.046s][info ][gc] GC(418) Pause Initial Mark 174M->174M(247M) 8.861ms
[2020-01-29T21:56:40.008+0300][28.046s][info ][gc] GC(418) Concurrent Mark
[2020-01-29T21:56:40.011+0300][28.049s][debug][gc] GC(418) Concurrent active time: 3.085ms
[2020-01-29T21:56:40.011+0300][28.050s][info ][gc] GC(418) Concurrent Mark 3.142ms
[2020-01-29T21:56:40.011+0300][28.050s][info ][gc] GC(418) Concurrent Preclean
[2020-01-29T21:56:40.011+0300][28.050s][debug][gc] GC(418) Concurrent active time: 0.162ms
[2020-01-29T21:56:40.011+0300][28.050s][info ][gc] GC(418) Concurrent Preclean 0.194ms
[2020-01-29T21:56:40.011+0300][28.050s][info ][gc] GC(418) Concurrent Abortable Preclean
[2020-01-29T21:56:40.011+0300][28.050s][debug][gc] GC(418) Concurrent active time: 0.004ms
[2020-01-29T21:56:40.011+0300][28.050s][info ][gc] GC(418) Concurrent Abortable Preclean 0.031ms
[2020-01-29T21:56:40.011+0300][28.050s][debug][gc] GC(418) YG occupancy: 57246 K (78656 K)
[2020-01-29T21:56:40.023+0300][28.062s][info ][gc] GC(418) Pause Remark 202M->202M(247M) 12.073ms
[2020-01-29T21:56:40.023+0300][28.062s][info ][gc] GC(418) Concurrent Sweep
[2020-01-29T21:56:40.026+0300][28.065s][info ][gc] GC(419) Pause Young (Allocation Failure) 200M->200M(247M) 0.041ms
[2020-01-29T21:56:40.093+0300][28.132s][debug][gc] GC(418) Concurrent active time: 69.437ms
[2020-01-29T21:56:40.093+0300][28.132s][info ][gc] GC(418) Concurrent Sweep 69.686ms
[2020-01-29T21:56:40.093+0300][28.132s][debug][gc] GC(420) Concurrent mode failure
[2020-01-29T21:56:40.188+0300][28.226s][info ][gc] GC(420) Pause Full (Allocation Failure) 200M->70M(247M) 161.501ms
[2020-01-29T21:56:40.259+0300][28.297s][info ][gc] GC(421) Pause Young (Allocation Failure) 137M->155M(247M) 52.785ms
[2020-01-29T21:56:40.268+0300][28.307s][info ][gc] GC(422) Pause Initial Mark 174M->174M(247M) 8.818ms
[2020-01-29T21:56:40.268+0300][28.307s][info ][gc] GC(422) Concurrent Mark
[2020-01-29T21:56:40.271+0300][28.310s][debug][gc] GC(422) Concurrent active time: 3.112ms
[2020-01-29T21:56:40.271+0300][28.310s][info ][gc] GC(422) Concurrent Mark 3.179ms
[2020-01-29T21:56:40.271+0300][28.310s][info ][gc] GC(422) Concurrent Preclean
[2020-01-29T21:56:40.272+0300][28.311s][debug][gc] GC(422) Concurrent active time: 0.171ms
[2020-01-29T21:56:40.272+0300][28.311s][info ][gc] GC(422) Concurrent Preclean 0.205ms
[2020-01-29T21:56:40.272+0300][28.311s][info ][gc] GC(422) Concurrent Abortable Preclean
[2020-01-29T21:56:40.272+0300][28.311s][debug][gc] GC(422) Concurrent active time: 0.004ms
[2020-01-29T21:56:40.272+0300][28.311s][info ][gc] GC(422) Concurrent Abortable Preclean 0.031ms
[2020-01-29T21:56:40.272+0300][28.311s][debug][gc] GC(422) YG occupancy: 57251 K (78656 K)
[2020-01-29T21:56:40.282+0300][28.321s][info ][gc] GC(422) Pause Remark 202M->202M(247M) 10.757ms
[2020-01-29T21:56:40.283+0300][28.321s][info ][gc] GC(422) Concurrent Sweep
[2020-01-29T21:56:40.285+0300][28.324s][info ][gc] GC(423) Pause Young (Allocation Failure) 200M->200M(247M) 0.042ms
[2020-01-29T21:56:40.354+0300][28.392s][debug][gc] GC(422) Concurrent active time: 70.716ms
[2020-01-29T21:56:40.354+0300][28.392s][info ][gc] GC(422) Concurrent Sweep 70.971ms
[2020-01-29T21:56:40.354+0300][28.392s][debug][gc] GC(424) Concurrent mode failure
[2020-01-29T21:56:40.449+0300][28.487s][info ][gc] GC(424) Pause Full (Allocation Failure) 200M->70M(247M) 162.704ms
[2020-01-29T21:56:40.526+0300][28.564s][info ][gc] GC(425) Pause Young (Allocation Failure) 137M->155M(247M) 56.994ms
[2020-01-29T21:56:40.536+0300][28.574s][info ][gc] GC(426) Pause Initial Mark 174M->174M(247M) 8.822ms
[2020-01-29T21:56:40.536+0300][28.574s][info ][gc] GC(426) Concurrent Mark
[2020-01-29T21:56:40.539+0300][28.577s][debug][gc] GC(426) Concurrent active time: 3.005ms
[2020-01-29T21:56:40.539+0300][28.577s][info ][gc] GC(426) Concurrent Mark 3.062ms
[2020-01-29T21:56:40.539+0300][28.577s][info ][gc] GC(426) Concurrent Preclean
[2020-01-29T21:56:40.539+0300][28.577s][debug][gc] GC(426) Concurrent active time: 0.151ms
[2020-01-29T21:56:40.539+0300][28.577s][info ][gc] GC(426) Concurrent Preclean 0.182ms
[2020-01-29T21:56:40.539+0300][28.577s][info ][gc] GC(426) Concurrent Abortable Preclean
[2020-01-29T21:56:40.539+0300][28.577s][debug][gc] GC(426) Concurrent active time: 0.004ms
[2020-01-29T21:56:40.539+0300][28.577s][info ][gc] GC(426) Concurrent Abortable Preclean 0.030ms
[2020-01-29T21:56:40.539+0300][28.577s][debug][gc] GC(426) YG occupancy: 57229 K (78656 K)
[2020-01-29T21:56:40.550+0300][28.588s][info ][gc] GC(426) Pause Remark 202M->202M(247M) 10.739ms
[2020-01-29T21:56:40.550+0300][28.588s][info ][gc] GC(426) Concurrent Sweep
[2020-01-29T21:56:40.553+0300][28.591s][info ][gc] GC(427) Pause Young (Allocation Failure) 201M->201M(247M) 0.038ms
[2020-01-29T21:56:40.619+0300][28.657s][debug][gc] GC(426) Concurrent active time: 68.521ms
[2020-01-29T21:56:40.619+0300][28.657s][info ][gc] GC(426) Concurrent Sweep 68.750ms
[2020-01-29T21:56:40.619+0300][28.657s][debug][gc] GC(428) Concurrent mode failure
[2020-01-29T21:56:40.713+0300][28.752s][info ][gc] GC(428) Pause Full (Allocation Failure) 201M->70M(247M) 160.767ms
[2020-01-29T21:56:40.786+0300][28.825s][info ][gc] GC(429) Pause Young (Allocation Failure) 137M->155M(247M) 54.467ms
[2020-01-29T21:56:40.796+0300][28.834s][info ][gc] GC(430) Pause Initial Mark 174M->174M(247M) 8.837ms
[2020-01-29T21:56:40.796+0300][28.835s][info ][gc] GC(430) Concurrent Mark
[2020-01-29T21:56:40.799+0300][28.838s][debug][gc] GC(430) Concurrent active time: 3.016ms
[2020-01-29T21:56:40.799+0300][28.838s][info ][gc] GC(430) Concurrent Mark 3.077ms
[2020-01-29T21:56:40.799+0300][28.838s][info ][gc] GC(430) Concurrent Preclean
[2020-01-29T21:56:40.799+0300][28.838s][debug][gc] GC(430) Concurrent active time: 0.155ms
[2020-01-29T21:56:40.799+0300][28.838s][info ][gc] GC(430) Concurrent Preclean 0.186ms
[2020-01-29T21:56:40.799+0300][28.838s][info ][gc] GC(430) Concurrent Abortable Preclean
[2020-01-29T21:56:40.799+0300][28.838s][debug][gc] GC(430) Concurrent active time: 0.004ms
[2020-01-29T21:56:40.799+0300][28.838s][info ][gc] GC(430) Concurrent Abortable Preclean 0.030ms
[2020-01-29T21:56:40.799+0300][28.838s][debug][gc] GC(430) YG occupancy: 57241 K (78656 K)
[2020-01-29T21:56:40.810+0300][28.849s][info ][gc] GC(430) Pause Remark 202M->202M(247M) 10.755ms
[2020-01-29T21:56:40.810+0300][28.849s][info ][gc] GC(430) Concurrent Sweep
[2020-01-29T21:56:40.813+0300][28.851s][info ][gc] GC(431) Pause Young (Allocation Failure) 200M->200M(247M) 0.041ms
[2020-01-29T21:56:40.879+0300][28.917s][debug][gc] GC(430) Concurrent active time: 68.379ms
[2020-01-29T21:56:40.879+0300][28.917s][info ][gc] GC(430) Concurrent Sweep 68.614ms
[2020-01-29T21:56:40.879+0300][28.917s][debug][gc] GC(432) Concurrent mode failure
[2020-01-29T21:56:40.973+0300][29.011s][info ][gc] GC(432) Pause Full (Allocation Failure) 200M->70M(247M) 159.894ms
[2020-01-29T21:56:41.044+0300][29.083s][info ][gc] GC(433) Pause Young (Allocation Failure) 137M->155M(247M) 53.673ms
[2020-01-29T21:56:41.054+0300][29.093s][info ][gc] GC(434) Pause Initial Mark 174M->174M(247M) 8.863ms
[2020-01-29T21:56:41.054+0300][29.093s][info ][gc] GC(434) Concurrent Mark
[2020-01-29T21:56:41.057+0300][29.096s][debug][gc] GC(434) Concurrent active time: 3.028ms
[2020-01-29T21:56:41.057+0300][29.096s][info ][gc] GC(434) Concurrent Mark 3.086ms
[2020-01-29T21:56:41.058+0300][29.096s][info ][gc] GC(434) Concurrent Preclean
[2020-01-29T21:56:41.058+0300][29.097s][debug][gc] GC(434) Concurrent active time: 0.158ms
[2020-01-29T21:56:41.058+0300][29.097s][info ][gc] GC(434) Concurrent Preclean 0.188ms
[2020-01-29T21:56:41.058+0300][29.097s][info ][gc] GC(434) Concurrent Abortable Preclean
[2020-01-29T21:56:41.058+0300][29.097s][debug][gc] GC(434) Concurrent active time: 0.004ms
[2020-01-29T21:56:41.058+0300][29.097s][info ][gc] GC(434) Concurrent Abortable Preclean 0.031ms
[2020-01-29T21:56:41.058+0300][29.097s][debug][gc] GC(434) YG occupancy: 57246 K (78656 K)
[2020-01-29T21:56:41.069+0300][29.108s][info ][gc] GC(434) Pause Remark 202M->202M(247M) 10.843ms
[2020-01-29T21:56:41.069+0300][29.108s][info ][gc] GC(434) Concurrent Sweep
[2020-01-29T21:56:41.071+0300][29.110s][info ][gc] GC(435) Pause Young (Allocation Failure) 200M->200M(247M) 0.041ms
[2020-01-29T21:56:41.139+0300][29.177s][debug][gc] GC(434) Concurrent active time: 69.624ms
[2020-01-29T21:56:41.139+0300][29.177s][info ][gc] GC(434) Concurrent Sweep 69.857ms
[2020-01-29T21:56:41.139+0300][29.177s][debug][gc] GC(436) Concurrent mode failure
[2020-01-29T21:56:41.233+0300][29.272s][info ][gc] GC(436) Pause Full (Allocation Failure) 200M->70M(247M) 161.364ms
[2020-01-29T21:56:41.306+0300][29.344s][info ][gc] GC(437) Pause Young (Allocation Failure) 137M->155M(247M) 54.553ms
[2020-01-29T21:56:41.316+0300][29.354s][info ][gc] GC(438) Pause Initial Mark 174M->174M(247M) 8.824ms
[2020-01-29T21:56:41.316+0300][29.354s][info ][gc] GC(438) Concurrent Mark
[2020-01-29T21:56:41.319+0300][29.358s][debug][gc] GC(438) Concurrent active time: 3.286ms
[2020-01-29T21:56:41.319+0300][29.358s][info ][gc] GC(438) Concurrent Mark 3.438ms
[2020-01-29T21:56:41.319+0300][29.358s][info ][gc] GC(438) Concurrent Preclean
[2020-01-29T21:56:41.320+0300][29.358s][debug][gc] GC(438) Concurrent active time: 0.216ms
[2020-01-29T21:56:41.320+0300][29.358s][info ][gc] GC(438) Concurrent Preclean 0.264ms
[2020-01-29T21:56:41.320+0300][29.358s][info ][gc] GC(438) Concurrent Abortable Preclean
[2020-01-29T21:56:41.320+0300][29.358s][debug][gc] GC(438) Concurrent active time: 0.004ms
[2020-01-29T21:56:41.320+0300][29.358s][info ][gc] GC(438) Concurrent Abortable Preclean 0.040ms
[2020-01-29T21:56:41.320+0300][29.358s][debug][gc] GC(438) YG occupancy: 42203 K (78656 K)
[2020-01-29T21:56:41.330+0300][29.369s][info ][gc] GC(438) Pause Remark 188M->188M(247M) 10.645ms
[2020-01-29T21:56:41.330+0300][29.369s][info ][gc] GC(438) Concurrent Sweep
[2020-01-29T21:56:41.335+0300][29.373s][info ][gc] GC(439) Pause Young (Allocation Failure) 196M->196M(247M) 0.042ms
[2020-01-29T21:56:41.397+0300][29.436s][debug][gc] GC(438) Concurrent active time: 66.633ms
[2020-01-29T21:56:41.397+0300][29.436s][info ][gc] GC(438) Concurrent Sweep 66.886ms
[2020-01-29T21:56:41.397+0300][29.436s][debug][gc] GC(440) Concurrent mode failure
[2020-01-29T21:56:41.491+0300][29.530s][info ][gc] GC(440) Pause Full (Allocation Failure) 196M->70M(247M) 156.424ms
[2020-01-29T21:56:41.564+0300][29.602s][info ][gc] GC(441) Pause Young (Allocation Failure) 137M->155M(247M) 53.424ms
[2020-01-29T21:56:41.573+0300][29.611s][info ][gc] GC(442) Pause Initial Mark 174M->174M(247M) 8.826ms
[2020-01-29T21:56:41.573+0300][29.611s][info ][gc] GC(442) Concurrent Mark
[2020-01-29T21:56:41.576+0300][29.614s][debug][gc] GC(442) Concurrent active time: 3.015ms
[2020-01-29T21:56:41.576+0300][29.614s][info ][gc] GC(442) Concurrent Mark 3.074ms
[2020-01-29T21:56:41.576+0300][29.614s][info ][gc] GC(442) Concurrent Preclean
[2020-01-29T21:56:41.577+0300][29.615s][debug][gc] GC(442) Concurrent active time: 0.158ms
[2020-01-29T21:56:41.577+0300][29.615s][info ][gc] GC(442) Concurrent Preclean 0.188ms
[2020-01-29T21:56:41.577+0300][29.615s][info ][gc] GC(442) Concurrent Abortable Preclean
[2020-01-29T21:56:41.577+0300][29.615s][debug][gc] GC(442) Concurrent active time: 0.004ms
[2020-01-29T21:56:41.577+0300][29.615s][info ][gc] GC(442) Concurrent Abortable Preclean 0.030ms
[2020-01-29T21:56:41.577+0300][29.615s][debug][gc] GC(442) YG occupancy: 57249 K (78656 K)
[2020-01-29T21:56:41.587+0300][29.625s][info ][gc] GC(442) Pause Remark 202M->202M(247M) 10.741ms
[2020-01-29T21:56:41.588+0300][29.625s][info ][gc] GC(442) Concurrent Sweep
[2020-01-29T21:56:41.589+0300][29.628s][info ][gc] GC(443) Pause Young (Allocation Failure) 201M->201M(247M) 0.038ms
[2020-01-29T21:56:41.656+0300][29.695s][debug][gc] GC(442) Concurrent active time: 69.522ms
[2020-01-29T21:56:41.656+0300][29.695s][info ][gc] GC(442) Concurrent Sweep 69.745ms
[2020-01-29T21:56:41.656+0300][29.695s][debug][gc] GC(444) Concurrent mode failure
[2020-01-29T21:56:41.751+0300][29.789s][info ][gc] GC(444) Pause Full (Allocation Failure) 201M->70M(247M) 161.096ms
[2020-01-29T21:56:41.824+0300][29.862s][info ][gc] GC(445) Pause Young (Allocation Failure) 137M->155M(247M) 54.065ms
[2020-01-29T21:56:41.833+0300][29.872s][info ][gc] GC(446) Pause Initial Mark 174M->174M(247M) 8.833ms
[2020-01-29T21:56:41.834+0300][29.872s][info ][gc] GC(446) Concurrent Mark
[2020-01-29T21:56:41.837+0300][29.875s][debug][gc] GC(446) Concurrent active time: 3.035ms
[2020-01-29T21:56:41.837+0300][29.875s][info ][gc] GC(446) Concurrent Mark 3.092ms
[2020-01-29T21:56:41.837+0300][29.875s][info ][gc] GC(446) Concurrent Preclean
[2020-01-29T21:56:41.837+0300][29.875s][debug][gc] GC(446) Concurrent active time: 0.158ms
[2020-01-29T21:56:41.837+0300][29.875s][info ][gc] GC(446) Concurrent Preclean 0.190ms
[2020-01-29T21:56:41.837+0300][29.875s][info ][gc] GC(446) Concurrent Abortable Preclean
[2020-01-29T21:56:41.837+0300][29.875s][debug][gc] GC(446) Concurrent active time: 0.004ms
[2020-01-29T21:56:41.837+0300][29.875s][info ][gc] GC(446) Concurrent Abortable Preclean 0.031ms
[2020-01-29T21:56:41.837+0300][29.875s][debug][gc] GC(446) YG occupancy: 57249 K (78656 K)
[2020-01-29T21:56:41.848+0300][29.886s][info ][gc] GC(446) Pause Remark 202M->202M(247M) 10.755ms
[2020-01-29T21:56:41.848+0300][29.886s][info ][gc] GC(446) Concurrent Sweep
[2020-01-29T21:56:41.850+0300][29.889s][info ][gc] GC(447) Pause Young (Allocation Failure) 200M->200M(247M) 0.040ms
[2020-01-29T21:56:41.918+0300][29.956s][debug][gc] GC(446) Concurrent active time: 69.655ms
[2020-01-29T21:56:41.918+0300][29.956s][info ][gc] GC(446) Concurrent Sweep 69.896ms
[2020-01-29T21:56:41.918+0300][29.956s][debug][gc] GC(448) Concurrent mode failure
[2020-01-29T21:56:42.012+0300][30.050s][info ][gc] GC(448) Pause Full (Allocation Failure) 200M->70M(247M) 161.670ms
[2020-01-29T21:56:42.083+0300][30.121s][info ][gc] GC(449) Pause Young (Allocation Failure) 137M->155M(247M) 53.002ms
[2020-01-29T21:56:42.093+0300][30.131s][info ][gc] GC(450) Pause Initial Mark 174M->174M(247M) 8.848ms
[2020-01-29T21:56:42.093+0300][30.131s][info ][gc] GC(450) Concurrent Mark
[2020-01-29T21:56:42.096+0300][30.134s][debug][gc] GC(450) Concurrent active time: 3.031ms
[2020-01-29T21:56:42.096+0300][30.134s][info ][gc] GC(450) Concurrent Mark 3.088ms
[2020-01-29T21:56:42.096+0300][30.134s][info ][gc] GC(450) Concurrent Preclean
[2020-01-29T21:56:42.096+0300][30.135s][debug][gc] GC(450) Concurrent active time: 0.158ms
[2020-01-29T21:56:42.096+0300][30.135s][info ][gc] GC(450) Concurrent Preclean 0.189ms
[2020-01-29T21:56:42.096+0300][30.135s][info ][gc] GC(450) Concurrent Abortable Preclean
[2020-01-29T21:56:42.096+0300][30.135s][debug][gc] GC(450) Concurrent active time: 0.004ms
[2020-01-29T21:56:42.096+0300][30.135s][info ][gc] GC(450) Concurrent Abortable Preclean 0.030ms
[2020-01-29T21:56:42.096+0300][30.135s][debug][gc] GC(450) YG occupancy: 57249 K (78656 K)
[2020-01-29T21:56:42.107+0300][30.145s][info ][gc] GC(450) Pause Remark 202M->202M(247M) 10.755ms
[2020-01-29T21:56:42.107+0300][30.145s][info ][gc] GC(450) Concurrent Sweep
[2020-01-29T21:56:42.110+0300][30.148s][info ][gc] GC(451) Pause Young (Allocation Failure) 200M->200M(247M) 0.045ms
[2020-01-29T21:56:42.176+0300][30.215s][debug][gc] GC(450) Concurrent active time: 68.844ms
[2020-01-29T21:56:42.176+0300][30.215s][info ][gc] GC(450) Concurrent Sweep 69.083ms
[2020-01-29T21:56:42.176+0300][30.215s][debug][gc] GC(452) Concurrent mode failure
[2020-01-29T21:56:42.270+0300][30.308s][info ][gc] GC(452) Pause Full (Allocation Failure) 200M->70M(247M) 159.786ms
[2020-01-29T21:56:42.342+0300][30.381s][info ][gc] GC(453) Pause Young (Allocation Failure) 137M->155M(247M) 54.442ms
[2020-01-29T21:56:42.352+0300][30.391s][info ][gc] GC(454) Pause Initial Mark 174M->174M(247M) 8.832ms
[2020-01-29T21:56:42.352+0300][30.391s][info ][gc] GC(454) Concurrent Mark
[2020-01-29T21:56:42.355+0300][30.394s][debug][gc] GC(454) Concurrent active time: 3.166ms
[2020-01-29T21:56:42.355+0300][30.394s][info ][gc] GC(454) Concurrent Mark 3.321ms
[2020-01-29T21:56:42.355+0300][30.394s][info ][gc] GC(454) Concurrent Preclean
[2020-01-29T21:56:42.355+0300][30.394s][debug][gc] GC(454) Concurrent active time: 0.167ms
[2020-01-29T21:56:42.355+0300][30.394s][info ][gc] GC(454) Concurrent Preclean 0.200ms
[2020-01-29T21:56:42.355+0300][30.394s][info ][gc] GC(454) Concurrent Abortable Preclean
[2020-01-29T21:56:42.355+0300][30.394s][debug][gc] GC(454) Concurrent active time: 0.004ms
[2020-01-29T21:56:42.356+0300][30.394s][info ][gc] GC(454) Concurrent Abortable Preclean 0.032ms
[2020-01-29T21:56:42.356+0300][30.395s][debug][gc] GC(454) YG occupancy: 32535 K (78656 K)
[2020-01-29T21:56:42.366+0300][30.405s][info ][gc] GC(454) Pause Remark 178M->178M(247M) 10.011ms
[2020-01-29T21:56:42.366+0300][30.405s][info ][gc] GC(454) Concurrent Sweep
[2020-01-29T21:56:42.373+0300][30.412s][info ][gc] GC(455) Pause Young (Allocation Failure) 191M->191M(247M) 0.044ms
[2020-01-29T21:56:42.434+0300][30.472s][debug][gc] GC(454) Concurrent active time: 67.394ms
[2020-01-29T21:56:42.434+0300][30.472s][info ][gc] GC(454) Concurrent Sweep 67.659ms
[2020-01-29T21:56:42.434+0300][30.472s][debug][gc] GC(456) Concurrent mode failure
[2020-01-29T21:56:42.527+0300][30.565s][info ][gc] GC(456) Pause Full (Allocation Failure) 191M->70M(247M) 153.438ms
[2020-01-29T21:56:42.599+0300][30.637s][info ][gc] GC(457) Pause Young (Allocation Failure) 137M->155M(247M) 53.048ms
[2020-01-29T21:56:42.608+0300][30.647s][info ][gc] GC(458) Pause Initial Mark 174M->174M(247M) 8.817ms
[2020-01-29T21:56:42.608+0300][30.647s][info ][gc] GC(458) Concurrent Mark
[2020-01-29T21:56:42.612+0300][30.650s][debug][gc] GC(458) Concurrent active time: 3.022ms
[2020-01-29T21:56:42.612+0300][30.650s][info ][gc] GC(458) Concurrent Mark 3.081ms
[2020-01-29T21:56:42.612+0300][30.650s][info ][gc] GC(458) Concurrent Preclean
[2020-01-29T21:56:42.612+0300][30.650s][debug][gc] GC(458) Concurrent active time: 0.156ms
[2020-01-29T21:56:42.612+0300][30.650s][info ][gc] GC(458) Concurrent Preclean 0.188ms
[2020-01-29T21:56:42.612+0300][30.650s][info ][gc] GC(458) Concurrent Abortable Preclean
[2020-01-29T21:56:42.612+0300][30.650s][debug][gc] GC(458) Concurrent active time: 0.003ms
[2020-01-29T21:56:42.612+0300][30.650s][info ][gc] GC(458) Concurrent Abortable Preclean 0.030ms
[2020-01-29T21:56:42.612+0300][30.650s][debug][gc] GC(458) YG occupancy: 57249 K (78656 K)
[2020-01-29T21:56:42.623+0300][30.661s][info ][gc] GC(458) Pause Remark 202M->202M(247M) 10.795ms
[2020-01-29T21:56:42.623+0300][30.661s][info ][gc] GC(458) Concurrent Sweep
[2020-01-29T21:56:42.625+0300][30.664s][info ][gc] GC(459) Pause Young (Allocation Failure) 200M->200M(247M) 0.051ms
[2020-01-29T21:56:42.693+0300][30.731s][debug][gc] GC(458) Concurrent active time: 69.456ms
[2020-01-29T21:56:42.693+0300][30.731s][info ][gc] GC(458) Concurrent Sweep 69.824ms
[2020-01-29T21:56:42.693+0300][30.731s][debug][gc] GC(460) Concurrent mode failure
[2020-01-29T21:56:42.786+0300][30.825s][info ][gc] GC(460) Pause Full (Allocation Failure) 200M->70M(247M) 161.255ms
[2020-01-29T21:56:42.858+0300][30.897s][info ][gc] GC(461) Pause Young (Allocation Failure) 137M->155M(247M) 53.224ms
[2020-01-29T21:56:42.868+0300][30.906s][info ][gc] GC(462) Pause Initial Mark 174M->174M(247M) 8.844ms
[2020-01-29T21:56:42.868+0300][30.906s][info ][gc] GC(462) Concurrent Mark
[2020-01-29T21:56:42.871+0300][30.909s][debug][gc] GC(462) Concurrent active time: 3.050ms
[2020-01-29T21:56:42.871+0300][30.909s][info ][gc] GC(462) Concurrent Mark 3.107ms
[2020-01-29T21:56:42.871+0300][30.909s][info ][gc] GC(462) Concurrent Preclean
[2020-01-29T21:56:42.871+0300][30.910s][debug][gc] GC(462) Concurrent active time: 0.158ms
[2020-01-29T21:56:42.871+0300][30.910s][info ][gc] GC(462) Concurrent Preclean 0.191ms
[2020-01-29T21:56:42.871+0300][30.910s][info ][gc] GC(462) Concurrent Abortable Preclean
[2020-01-29T21:56:42.871+0300][30.910s][debug][gc] GC(462) Concurrent active time: 0.004ms
[2020-01-29T21:56:42.871+0300][30.910s][info ][gc] GC(462) Concurrent Abortable Preclean 0.031ms
[2020-01-29T21:56:42.871+0300][30.910s][debug][gc] GC(462) YG occupancy: 57249 K (78656 K)
[2020-01-29T21:56:42.882+0300][30.921s][info ][gc] GC(462) Pause Remark 202M->202M(247M) 10.958ms
[2020-01-29T21:56:42.882+0300][30.921s][info ][gc] GC(462) Concurrent Sweep
[2020-01-29T21:56:42.885+0300][30.923s][info ][gc] GC(463) Pause Young (Allocation Failure) 200M->200M(247M) 0.040ms
[2020-01-29T21:56:42.952+0300][30.990s][debug][gc] GC(462) Concurrent active time: 69.339ms
[2020-01-29T21:56:42.952+0300][30.990s][info ][gc] GC(462) Concurrent Sweep 69.579ms
[2020-01-29T21:56:42.952+0300][30.990s][debug][gc] GC(464) Concurrent mode failure
[2020-01-29T21:56:43.046+0300][31.085s][info ][gc] GC(464) Pause Full (Allocation Failure) 200M->70M(247M) 161.217ms
[2020-01-29T21:56:43.117+0300][31.156s][info ][gc] GC(465) Pause Young (Allocation Failure) 137M->155M(247M) 53.119ms
[2020-01-29T21:56:43.125+0300][31.166s][info ][gc] GC(466) Pause Initial Mark 174M->174M(247M) 8.840ms
[2020-01-29T21:56:43.125+0300][31.166s][info ][gc] GC(466) Concurrent Mark
[2020-01-29T21:56:43.130+0300][31.169s][debug][gc] GC(466) Concurrent active time: 3.035ms
[2020-01-29T21:56:43.130+0300][31.169s][info ][gc] GC(466) Concurrent Mark 3.092ms
[2020-01-29T21:56:43.130+0300][31.169s][info ][gc] GC(466) Concurrent Preclean
[2020-01-29T21:56:43.130+0300][31.169s][debug][gc] GC(466) Concurrent active time: 0.156ms
[2020-01-29T21:56:43.130+0300][31.169s][info ][gc] GC(466) Concurrent Preclean 0.192ms
[2020-01-29T21:56:43.130+0300][31.169s][info ][gc] GC(466) Concurrent Abortable Preclean
[2020-01-29T21:56:43.130+0300][31.169s][debug][gc] GC(466) Concurrent active time: 0.004ms
[2020-01-29T21:56:43.130+0300][31.169s][info ][gc] GC(466) Concurrent Abortable Preclean 0.031ms
[2020-01-29T21:56:43.130+0300][31.169s][debug][gc] GC(466) YG occupancy: 57249 K (78656 K)
[2020-01-29T21:56:43.140+0300][31.180s][info ][gc] GC(466) Pause Remark 202M->202M(247M) 10.760ms
[2020-01-29T21:56:43.140+0300][31.180s][info ][gc] GC(466) Concurrent Sweep
[2020-01-29T21:56:43.140+0300][31.182s][info ][gc] GC(467) Pause Young (Allocation Failure) 200M->200M(247M) 0.040ms
[2020-01-29T21:56:43.210+0300][31.248s][debug][gc] GC(466) Concurrent active time: 68.042ms
[2020-01-29T21:56:43.210+0300][31.248s][info ][gc] GC(466) Concurrent Sweep 68.274ms
[2020-01-29T21:56:43.210+0300][31.248s][debug][gc] GC(468) Concurrent mode failure
[2020-01-29T21:56:43.300+0300][31.341s][info ][gc] GC(468) Pause Full (Allocation Failure) 200M->70M(247M) 158.800ms
[2020-01-29T21:56:43.375+0300][31.414s][info ][gc] GC(469) Pause Young (Allocation Failure) 137M->155M(247M) 56.148ms
[2020-01-29T21:56:43.385+0300][31.427s][info ][gc] GC(470) Pause Initial Mark 174M->174M(247M) 9.361ms
[2020-01-29T21:56:43.385+0300][31.427s][info ][gc] GC(470) Concurrent Mark
[2020-01-29T21:56:43.390+0300][31.430s][debug][gc] GC(470) Concurrent active time: 3.106ms
[2020-01-29T21:56:43.390+0300][31.430s][info ][gc] GC(470) Concurrent Mark 3.173ms
[2020-01-29T21:56:43.390+0300][31.430s][info ][gc] GC(470) Concurrent Preclean
[2020-01-29T21:56:43.390+0300][31.430s][debug][gc] GC(470) Concurrent active time: 0.176ms
[2020-01-29T21:56:43.390+0300][31.430s][info ][gc] GC(470) Concurrent Preclean 0.212ms
[2020-01-29T21:56:43.390+0300][31.430s][info ][gc] GC(470) Concurrent Abortable Preclean
[2020-01-29T21:56:43.390+0300][31.430s][debug][gc] GC(470) Concurrent active time: 0.005ms
[2020-01-29T21:56:43.390+0300][31.430s][info ][gc] GC(470) Concurrent Abortable Preclean 0.031ms
[2020-01-29T21:56:43.390+0300][31.430s][debug][gc] GC(470) YG occupancy: 57386 K (78656 K)
[2020-01-29T21:56:43.400+0300][31.441s][info ][gc] GC(470) Pause Remark 203M->203M(247M) 10.921ms
[2020-01-29T21:56:43.400+0300][31.441s][info ][gc] GC(470) Concurrent Sweep
[2020-01-29T21:56:43.405+0300][31.444s][info ][gc] GC(471) Pause Young (Allocation Failure) 200M->200M(247M) 0.041ms
[2020-01-29T21:56:43.469+0300][31.512s][debug][gc] GC(470) Concurrent active time: 70.497ms
[2020-01-29T21:56:43.469+0300][31.512s][info ][gc] GC(470) Concurrent Sweep 70.744ms
[2020-01-29T21:56:43.469+0300][31.512s][debug][gc] GC(472) Concurrent mode failure
[2020-01-29T21:56:43.567+0300][31.606s][info ][gc] GC(472) Pause Full (Allocation Failure) 200M->70M(247M) 161.499ms
[2020-01-29T21:56:43.640+0300][31.681s][info ][gc] GC(473) Pause Young (Allocation Failure) 137M->155M(247M) 53.474ms
[2020-01-29T21:56:43.652+0300][31.691s][info ][gc] GC(474) Pause Initial Mark 174M->174M(247M) 8.832ms
[2020-01-29T21:56:43.652+0300][31.691s][info ][gc] GC(474) Concurrent Mark
[2020-01-29T21:56:43.655+0300][31.694s][debug][gc] GC(474) Concurrent active time: 3.077ms
[2020-01-29T21:56:43.655+0300][31.694s][info ][gc] GC(474) Concurrent Mark 3.136ms
[2020-01-29T21:56:43.655+0300][31.694s][info ][gc] GC(474) Concurrent Preclean
[2020-01-29T21:56:43.655+0300][31.694s][debug][gc] GC(474) Concurrent active time: 0.158ms
[2020-01-29T21:56:43.655+0300][31.694s][info ][gc] GC(474) Concurrent Preclean 0.189ms
[2020-01-29T21:56:43.655+0300][31.694s][info ][gc] GC(474) Concurrent Abortable Preclean
[2020-01-29T21:56:43.655+0300][31.694s][debug][gc] GC(474) Concurrent active time: 0.004ms
[2020-01-29T21:56:43.655+0300][31.694s][info ][gc] GC(474) Concurrent Abortable Preclean 0.031ms
[2020-01-29T21:56:43.655+0300][31.694s][debug][gc] GC(474) YG occupancy: 57250 K (78656 K)
[2020-01-29T21:56:43.666+0300][31.705s][info ][gc] GC(474) Pause Remark 202M->202M(247M) 10.742ms
[2020-01-29T21:56:43.666+0300][31.705s][info ][gc] GC(474) Concurrent Sweep
[2020-01-29T21:56:43.669+0300][31.708s][info ][gc] GC(475) Pause Young (Allocation Failure) 200M->200M(247M) 0.041ms
[2020-01-29T21:56:43.735+0300][31.774s][debug][gc] GC(474) Concurrent active time: 68.678ms
[2020-01-29T21:56:43.735+0300][31.774s][info ][gc] GC(474) Concurrent Sweep 68.912ms
[2020-01-29T21:56:43.735+0300][31.774s][debug][gc] GC(476) Concurrent mode failure
[2020-01-29T21:56:43.830+0300][31.868s][info ][gc] GC(476) Pause Full (Allocation Failure) 200M->70M(247M) 160.321ms
[2020-01-29T21:56:43.899+0300][31.941s][info ][gc] GC(477) Pause Young (Allocation Failure) 137M->155M(247M) 52.790ms
[2020-01-29T21:56:43.912+0300][31.950s][info ][gc] GC(478) Pause Initial Mark 174M->174M(247M) 8.863ms
[2020-01-29T21:56:43.912+0300][31.951s][info ][gc] GC(478) Concurrent Mark
[2020-01-29T21:56:43.915+0300][31.954s][debug][gc] GC(478) Concurrent active time: 3.024ms
[2020-01-29T21:56:43.915+0300][31.954s][info ][gc] GC(478) Concurrent Mark 3.081ms
[2020-01-29T21:56:43.916+0300][31.954s][info ][gc] GC(478) Concurrent Preclean
[2020-01-29T21:56:43.916+0300][31.954s][debug][gc] GC(478) Concurrent active time: 0.159ms
[2020-01-29T21:56:43.916+0300][31.954s][info ][gc] GC(478) Concurrent Preclean 0.191ms
[2020-01-29T21:56:43.916+0300][31.954s][info ][gc] GC(478) Concurrent Abortable Preclean
[2020-01-29T21:56:43.916+0300][31.954s][debug][gc] GC(478) Concurrent active time: 0.004ms
[2020-01-29T21:56:43.916+0300][31.954s][info ][gc] GC(478) Concurrent Abortable Preclean 0.030ms
[2020-01-29T21:56:43.916+0300][31.954s][debug][gc] GC(478) YG occupancy: 57250 K (78656 K)
[2020-01-29T21:56:43.924+0300][31.965s][info ][gc] GC(478) Pause Remark 202M->202M(247M) 10.767ms
[2020-01-29T21:56:43.924+0300][31.965s][info ][gc] GC(478) Concurrent Sweep
[2020-01-29T21:56:43.924+0300][31.967s][info ][gc] GC(479) Pause Young (Allocation Failure) 200M->200M(247M) 0.041ms
[2020-01-29T21:56:43.995+0300][32.034s][debug][gc] GC(478) Concurrent active time: 69.478ms
[2020-01-29T21:56:43.995+0300][32.034s][info ][gc] GC(478) Concurrent Sweep 69.718ms
[2020-01-29T21:56:43.995+0300][32.034s][debug][gc] GC(480) Concurrent mode failure
[2020-01-29T21:56:44.090+0300][32.128s][info ][gc] GC(480) Pause Full (Allocation Failure) 200M->70M(247M) 160.854ms
[2020-01-29T21:56:44.162+0300][32.200s][info ][gc] GC(481) Pause Young (Allocation Failure) 137M->155M(247M) 53.053ms
[2020-01-29T21:56:44.171+0300][32.210s][info ][gc] GC(482) Pause Initial Mark 174M->174M(247M) 8.826ms
[2020-01-29T21:56:44.172+0300][32.210s][info ][gc] GC(482) Concurrent Mark
[2020-01-29T21:56:44.175+0300][32.213s][debug][gc] GC(482) Concurrent active time: 3.025ms
[2020-01-29T21:56:44.175+0300][32.213s][info ][gc] GC(482) Concurrent Mark 3.084ms
[2020-01-29T21:56:44.175+0300][32.213s][info ][gc] GC(482) Concurrent Preclean
[2020-01-29T21:56:44.175+0300][32.213s][debug][gc] GC(482) Concurrent active time: 0.154ms
[2020-01-29T21:56:44.175+0300][32.213s][info ][gc] GC(482) Concurrent Preclean 0.186ms
[2020-01-29T21:56:44.175+0300][32.213s][info ][gc] GC(482) Concurrent Abortable Preclean
[2020-01-29T21:56:44.175+0300][32.213s][debug][gc] GC(482) Concurrent active time: 0.004ms
[2020-01-29T21:56:44.175+0300][32.213s][info ][gc] GC(482) Concurrent Abortable Preclean 0.030ms
[2020-01-29T21:56:44.175+0300][32.213s][debug][gc] GC(482) YG occupancy: 57250 K (78656 K)
[2020-01-29T21:56:44.186+0300][32.224s][info ][gc] GC(482) Pause Remark 202M->202M(247M) 10.809ms
[2020-01-29T21:56:44.186+0300][32.224s][info ][gc] GC(482) Concurrent Sweep
[2020-01-29T21:56:44.189+0300][32.227s][info ][gc] GC(483) Pause Young (Allocation Failure) 200M->200M(247M) 0.040ms
[2020-01-29T21:56:44.255+0300][32.293s][debug][gc] GC(482) Concurrent active time: 68.912ms
[2020-01-29T21:56:44.255+0300][32.293s][info ][gc] GC(482) Concurrent Sweep 69.149ms
[2020-01-29T21:56:44.255+0300][32.293s][debug][gc] GC(484) Concurrent mode failure
[2020-01-29T21:56:44.348+0300][32.387s][info ][gc] GC(484) Pause Full (Allocation Failure) 200M->70M(247M) 159.975ms
[2020-01-29T21:56:44.422+0300][32.460s][info ][gc] GC(485) Pause Young (Allocation Failure) 137M->155M(247M) 54.383ms
[2020-01-29T21:56:44.432+0300][32.470s][info ][gc] GC(486) Pause Initial Mark 174M->174M(247M) 8.812ms
[2020-01-29T21:56:44.432+0300][32.470s][info ][gc] GC(486) Concurrent Mark
[2020-01-29T21:56:44.435+0300][32.473s][debug][gc] GC(486) Concurrent active time: 3.136ms
[2020-01-29T21:56:44.435+0300][32.473s][info ][gc] GC(486) Concurrent Mark 3.198ms
[2020-01-29T21:56:44.435+0300][32.473s][info ][gc] GC(486) Concurrent Preclean
[2020-01-29T21:56:44.435+0300][32.473s][debug][gc] GC(486) Concurrent active time: 0.168ms
[2020-01-29T21:56:44.435+0300][32.473s][info ][gc] GC(486) Concurrent Preclean 0.199ms
[2020-01-29T21:56:44.435+0300][32.473s][info ][gc] GC(486) Concurrent Abortable Preclean
[2020-01-29T21:56:44.435+0300][32.473s][debug][gc] GC(486) Concurrent active time: 0.004ms
[2020-01-29T21:56:44.435+0300][32.473s][info ][gc] GC(486) Concurrent Abortable Preclean 0.030ms
[2020-01-29T21:56:44.435+0300][32.473s][debug][gc] GC(486) YG occupancy: 57266 K (78656 K)
[2020-01-29T21:56:44.446+0300][32.484s][info ][gc] GC(486) Pause Remark 202M->202M(247M) 10.727ms
[2020-01-29T21:56:44.446+0300][32.484s][info ][gc] GC(486) Concurrent Sweep
[2020-01-29T21:56:44.448+0300][32.487s][info ][gc] GC(487) Pause Young (Allocation Failure) 200M->200M(247M) 0.041ms
[2020-01-29T21:56:44.515+0300][32.553s][debug][gc] GC(486) Concurrent active time: 68.800ms
[2020-01-29T21:56:44.515+0300][32.553s][info ][gc] GC(486) Concurrent Sweep 69.040ms
[2020-01-29T21:56:44.515+0300][32.553s][debug][gc] GC(488) Concurrent mode failure
[2020-01-29T21:56:44.609+0300][32.648s][info ][gc] GC(488) Pause Full (Allocation Failure) 200M->70M(247M) 160.822ms
[2020-01-29T21:56:44.680+0300][32.719s][info ][gc] GC(489) Pause Young (Allocation Failure) 137M->155M(247M) 53.221ms
[2020-01-29T21:56:44.690+0300][32.729s][info ][gc] GC(490) Pause Initial Mark 174M->174M(247M) 8.828ms
[2020-01-29T21:56:44.690+0300][32.729s][info ][gc] GC(490) Concurrent Mark
[2020-01-29T21:56:44.693+0300][32.732s][debug][gc] GC(490) Concurrent active time: 3.022ms
[2020-01-29T21:56:44.693+0300][32.732s][info ][gc] GC(490) Concurrent Mark 3.077ms
[2020-01-29T21:56:44.693+0300][32.732s][info ][gc] GC(490) Concurrent Preclean
[2020-01-29T21:56:44.694+0300][32.732s][debug][gc] GC(490) Concurrent active time: 0.156ms
[2020-01-29T21:56:44.694+0300][32.732s][info ][gc] GC(490) Concurrent Preclean 0.187ms
[2020-01-29T21:56:44.694+0300][32.732s][info ][gc] GC(490) Concurrent Abortable Preclean
[2020-01-29T21:56:44.694+0300][32.732s][debug][gc] GC(490) Concurrent active time: 0.003ms
[2020-01-29T21:56:44.694+0300][32.732s][info ][gc] GC(490) Concurrent Abortable Preclean 0.030ms
[2020-01-29T21:56:44.694+0300][32.733s][debug][gc] GC(490) YG occupancy: 57243 K (78656 K)
[2020-01-29T21:56:44.704+0300][32.743s][info ][gc] GC(490) Pause Remark 202M->202M(247M) 10.770ms
[2020-01-29T21:56:44.704+0300][32.743s][info ][gc] GC(490) Concurrent Sweep
[2020-01-29T21:56:44.707+0300][32.746s][info ][gc] GC(491) Pause Young (Allocation Failure) 200M->200M(247M) 0.040ms
[2020-01-29T21:56:44.775+0300][32.813s][debug][gc] GC(490) Concurrent active time: 69.762ms
[2020-01-29T21:56:44.775+0300][32.813s][info ][gc] GC(490) Concurrent Sweep 70.000ms
[2020-01-29T21:56:44.775+0300][32.813s][debug][gc] GC(492) Concurrent mode failure
[2020-01-29T21:56:44.868+0300][32.907s][info ][gc] GC(492) Pause Full (Allocation Failure) 200M->70M(247M) 160.824ms
[2020-01-29T21:56:44.940+0300][32.979s][info ][gc] GC(493) Pause Young (Allocation Failure) 137M->155M(247M) 53.091ms
[2020-01-29T21:56:44.950+0300][32.988s][info ][gc] GC(494) Pause Initial Mark 174M->174M(247M) 8.859ms
[2020-01-29T21:56:44.950+0300][32.988s][info ][gc] GC(494) Concurrent Mark
[2020-01-29T21:56:44.953+0300][32.991s][debug][gc] GC(494) Concurrent active time: 3.043ms
[2020-01-29T21:56:44.953+0300][32.991s][info ][gc] GC(494) Concurrent Mark 3.102ms
[2020-01-29T21:56:44.953+0300][32.991s][info ][gc] GC(494) Concurrent Preclean
[2020-01-29T21:56:44.953+0300][32.992s][debug][gc] GC(494) Concurrent active time: 0.158ms
[2020-01-29T21:56:44.953+0300][32.992s][info ][gc] GC(494) Concurrent Preclean 0.191ms
[2020-01-29T21:56:44.953+0300][32.992s][info ][gc] GC(494) Concurrent Abortable Preclean
[2020-01-29T21:56:44.953+0300][32.992s][debug][gc] GC(494) Concurrent active time: 0.004ms
[2020-01-29T21:56:44.953+0300][32.992s][info ][gc] GC(494) Concurrent Abortable Preclean 0.030ms
[2020-01-29T21:56:44.953+0300][32.992s][debug][gc] GC(494) YG occupancy: 57247 K (78656 K)
[2020-01-29T21:56:44.964+0300][33.003s][info ][gc] GC(494) Pause Remark 202M->202M(247M) 10.799ms
[2020-01-29T21:56:44.964+0300][33.003s][info ][gc] GC(494) Concurrent Sweep
[2020-01-29T21:56:44.967+0300][33.005s][info ][gc] GC(495) Pause Young (Allocation Failure) 200M->200M(247M) 0.041ms
[2020-01-29T21:56:45.034+0300][33.072s][debug][gc] GC(494) Concurrent active time: 69.622ms
[2020-01-29T21:56:45.034+0300][33.072s][info ][gc] GC(494) Concurrent Sweep 69.859ms
[2020-01-29T21:56:45.034+0300][33.073s][debug][gc] GC(496) Concurrent mode failure
[2020-01-29T21:56:45.129+0300][33.167s][info ][gc] GC(496) Pause Full (Allocation Failure) 200M->70M(247M) 161.604ms
[2020-01-29T21:56:45.201+0300][33.239s][info ][gc] GC(497) Pause Young (Allocation Failure) 137M->155M(247M) 52.866ms
[2020-01-29T21:56:45.210+0300][33.248s][info ][gc] GC(498) Pause Initial Mark 174M->174M(247M) 8.839ms
[2020-01-29T21:56:45.210+0300][33.248s][info ][gc] GC(498) Concurrent Mark
[2020-01-29T21:56:45.213+0300][33.251s][debug][gc] GC(498) Concurrent active time: 3.021ms
[2020-01-29T21:56:45.213+0300][33.251s][info ][gc] GC(498) Concurrent Mark 3.076ms
[2020-01-29T21:56:45.213+0300][33.251s][info ][gc] GC(498) Concurrent Preclean
[2020-01-29T21:56:45.214+0300][33.251s][debug][gc] GC(498) Concurrent active time: 0.157ms
[2020-01-29T21:56:45.214+0300][33.252s][info ][gc] GC(498) Concurrent Preclean 0.188ms
[2020-01-29T21:56:45.214+0300][33.252s][info ][gc] GC(498) Concurrent Abortable Preclean
[2020-01-29T21:56:45.214+0300][33.252s][debug][gc] GC(498) Concurrent active time: 0.004ms
[2020-01-29T21:56:45.214+0300][33.252s][info ][gc] GC(498) Concurrent Abortable Preclean 0.030ms
[2020-01-29T21:56:45.214+0300][33.252s][debug][gc] GC(498) YG occupancy: 57249 K (78656 K)
[2020-01-29T21:56:45.223+0300][33.262s][info ][gc] GC(498) Pause Remark 202M->202M(247M) 10.796ms
[2020-01-29T21:56:45.224+0300][33.262s][info ][gc] GC(498) Concurrent Sweep
[2020-01-29T21:56:45.226+0300][33.265s][info ][gc] GC(499) Pause Young (Allocation Failure) 200M->200M(247M) 0.041ms
[2020-01-29T21:56:45.293+0300][33.332s][debug][gc] GC(498) Concurrent active time: 69.142ms
[2020-01-29T21:56:45.293+0300][33.332s][info ][gc] GC(498) Concurrent Sweep 69.386ms
[2020-01-29T21:56:45.293+0300][33.332s][debug][gc] GC(500) Concurrent mode failure
[2020-01-29T21:56:45.388+0300][33.426s][info ][gc] GC(500) Pause Full (Allocation Failure) 200M->70M(247M) 160.945ms
[2020-01-29T21:56:45.460+0300][33.498s][info ][gc] GC(501) Pause Young (Allocation Failure) 137M->155M(247M) 52.856ms
[2020-01-29T21:56:45.469+0300][33.508s][info ][gc] GC(502) Pause Initial Mark 174M->174M(247M) 8.823ms
[2020-01-29T21:56:45.469+0300][33.508s][info ][gc] GC(502) Concurrent Mark
[2020-01-29T21:56:45.473+0300][33.511s][debug][gc] GC(502) Concurrent active time: 3.092ms
[2020-01-29T21:56:45.473+0300][33.511s][info ][gc] GC(502) Concurrent Mark 3.158ms
[2020-01-29T21:56:45.473+0300][33.511s][info ][gc] GC(502) Concurrent Preclean
[2020-01-29T21:56:45.473+0300][33.511s][debug][gc] GC(502) Concurrent active time: 0.160ms
[2020-01-29T21:56:45.473+0300][33.511s][info ][gc] GC(502) Concurrent Preclean 0.189ms
[2020-01-29T21:56:45.473+0300][33.511s][info ][gc] GC(502) Concurrent Abortable Preclean
[2020-01-29T21:56:45.473+0300][33.511s][debug][gc] GC(502) Concurrent active time: 0.004ms
[2020-01-29T21:56:45.473+0300][33.511s][info ][gc] GC(502) Concurrent Abortable Preclean 0.030ms
[2020-01-29T21:56:45.473+0300][33.511s][debug][gc] GC(502) YG occupancy: 57229 K (78656 K)
[2020-01-29T21:56:45.484+0300][33.522s][info ][gc] GC(502) Pause Remark 202M->202M(247M) 10.753ms
[2020-01-29T21:56:45.484+0300][33.522s][info ][gc] GC(502) Concurrent Sweep
[2020-01-29T21:56:45.486+0300][33.525s][info ][gc] GC(503) Pause Young (Allocation Failure) 200M->200M(247M) 0.041ms
[2020-01-29T21:56:45.553+0300][33.591s][debug][gc] GC(502) Concurrent active time: 68.618ms
[2020-01-29T21:56:45.553+0300][33.591s][info ][gc] GC(502) Concurrent Sweep 68.858ms
[2020-01-29T21:56:45.553+0300][33.591s][debug][gc] GC(504) Concurrent mode failure
[2020-01-29T21:56:45.647+0300][33.685s][info ][gc] GC(504) Pause Full (Allocation Failure) 200M->70M(247M) 160.614ms
[2020-01-29T21:56:45.719+0300][33.758s][info ][gc] GC(505) Pause Young (Allocation Failure) 137M->155M(247M) 53.758ms
[2020-01-29T21:56:45.729+0300][33.767s][info ][gc] GC(506) Pause Initial Mark 174M->174M(247M) 8.825ms
[2020-01-29T21:56:45.729+0300][33.767s][info ][gc] GC(506) Concurrent Mark
[2020-01-29T21:56:45.732+0300][33.770s][debug][gc] GC(506) Concurrent active time: 3.007ms
[2020-01-29T21:56:45.732+0300][33.770s][info ][gc] GC(506) Concurrent Mark 3.062ms
[2020-01-29T21:56:45.732+0300][33.770s][info ][gc] GC(506) Concurrent Preclean
[2020-01-29T21:56:45.732+0300][33.770s][debug][gc] GC(506) Concurrent active time: 0.153ms
[2020-01-29T21:56:45.732+0300][33.770s][info ][gc] GC(506) Concurrent Preclean 0.184ms
[2020-01-29T21:56:45.732+0300][33.770s][info ][gc] GC(506) Concurrent Abortable Preclean
[2020-01-29T21:56:45.732+0300][33.771s][debug][gc] GC(506) Concurrent active time: 0.004ms
[2020-01-29T21:56:45.732+0300][33.771s][info ][gc] GC(506) Concurrent Abortable Preclean 0.030ms
[2020-01-29T21:56:45.732+0300][33.771s][debug][gc] GC(506) YG occupancy: 57241 K (78656 K)
[2020-01-29T21:56:45.743+0300][33.781s][info ][gc] GC(506) Pause Remark 202M->202M(247M) 10.768ms
[2020-01-29T21:56:45.743+0300][33.781s][info ][gc] GC(506) Concurrent Sweep
[2020-01-29T21:56:45.746+0300][33.784s][info ][gc] GC(507) Pause Young (Allocation Failure) 200M->200M(247M) 0.040ms
[2020-01-29T21:56:45.811+0300][33.850s][debug][gc] GC(506) Concurrent active time: 68.079ms
[2020-01-29T21:56:45.811+0300][33.850s][info ][gc] GC(506) Concurrent Sweep 68.307ms
[2020-01-29T21:56:45.811+0300][33.850s][debug][gc] GC(508) Concurrent mode failure
[2020-01-29T21:56:45.905+0300][33.943s][info ][gc] GC(508) Pause Full (Allocation Failure) 200M->70M(247M) 159.287ms
[2020-01-29T21:56:45.978+0300][34.016s][info ][gc] GC(509) Pause Young (Allocation Failure) 137M->155M(247M) 53.953ms
[2020-01-29T21:56:45.987+0300][34.026s][info ][gc] GC(510) Pause Initial Mark 174M->174M(247M) 8.839ms
[2020-01-29T21:56:45.987+0300][34.026s][info ][gc] GC(510) Concurrent Mark
[2020-01-29T21:56:45.990+0300][34.029s][debug][gc] GC(510) Concurrent active time: 3.021ms
[2020-01-29T21:56:45.990+0300][34.029s][info ][gc] GC(510) Concurrent Mark 3.077ms
[2020-01-29T21:56:45.990+0300][34.029s][info ][gc] GC(510) Concurrent Preclean
[2020-01-29T21:56:45.991+0300][34.029s][debug][gc] GC(510) Concurrent active time: 0.157ms
[2020-01-29T21:56:45.991+0300][34.029s][info ][gc] GC(510) Concurrent Preclean 0.189ms
[2020-01-29T21:56:45.991+0300][34.029s][info ][gc] GC(510) Concurrent Abortable Preclean
[2020-01-29T21:56:45.991+0300][34.029s][debug][gc] GC(510) Concurrent active time: 0.004ms
[2020-01-29T21:56:45.991+0300][34.029s][info ][gc] GC(510) Concurrent Abortable Preclean 0.031ms
[2020-01-29T21:56:45.991+0300][34.029s][debug][gc] GC(510) YG occupancy: 57246 K (78656 K)
[2020-01-29T21:56:46.002+0300][34.040s][info ][gc] GC(510) Pause Remark 202M->202M(247M) 10.956ms
[2020-01-29T21:56:46.002+0300][34.040s][info ][gc] GC(510) Concurrent Sweep
[2020-01-29T21:56:46.004+0300][34.043s][info ][gc] GC(511) Pause Young (Allocation Failure) 200M->200M(247M) 0.040ms
[2020-01-29T21:56:46.071+0300][34.109s][debug][gc] GC(510) Concurrent active time: 68.563ms
[2020-01-29T21:56:46.071+0300][34.109s][info ][gc] GC(510) Concurrent Sweep 68.811ms
[2020-01-29T21:56:46.071+0300][34.109s][debug][gc] GC(512) Concurrent mode failure
[2020-01-29T21:56:46.164+0300][34.203s][info ][gc] GC(512) Pause Full (Allocation Failure) 200M->70M(247M) 160.181ms
[2020-01-29T21:56:46.236+0300][34.274s][info ][gc] GC(513) Pause Young (Allocation Failure) 137M->155M(247M) 52.801ms
[2020-01-29T21:56:46.245+0300][34.284s][info ][gc] GC(514) Pause Initial Mark 174M->174M(247M) 8.839ms
[2020-01-29T21:56:46.245+0300][34.284s][info ][gc] GC(514) Concurrent Mark
[2020-01-29T21:56:46.249+0300][34.287s][debug][gc] GC(514) Concurrent active time: 3.034ms
[2020-01-29T21:56:46.249+0300][34.287s][info ][gc] GC(514) Concurrent Mark 3.091ms
[2020-01-29T21:56:46.249+0300][34.287s][info ][gc] GC(514) Concurrent Preclean
[2020-01-29T21:56:46.249+0300][34.287s][debug][gc] GC(514) Concurrent active time: 0.158ms
[2020-01-29T21:56:46.249+0300][34.287s][info ][gc] GC(514) Concurrent Preclean 0.188ms
[2020-01-29T21:56:46.249+0300][34.287s][info ][gc] GC(514) Concurrent Abortable Preclean
[2020-01-29T21:56:46.249+0300][34.287s][debug][gc] GC(514) Concurrent active time: 0.004ms
[2020-01-29T21:56:46.249+0300][34.287s][info ][gc] GC(514) Concurrent Abortable Preclean 0.030ms
[2020-01-29T21:56:46.249+0300][34.288s][debug][gc] GC(514) YG occupancy: 57248 K (78656 K)
[2020-01-29T21:56:46.260+0300][34.298s][info ][gc] GC(514) Pause Remark 202M->202M(247M) 10.831ms
[2020-01-29T21:56:46.260+0300][34.298s][info ][gc] GC(514) Concurrent Sweep
[2020-01-29T21:56:46.263+0300][34.301s][info ][gc] GC(515) Pause Young (Allocation Failure) 200M->200M(247M) 0.044ms
[2020-01-29T21:56:46.330+0300][34.368s][debug][gc] GC(514) Concurrent active time: 69.711ms
[2020-01-29T21:56:46.330+0300][34.368s][info ][gc] GC(514) Concurrent Sweep 69.978ms
[2020-01-29T21:56:46.330+0300][34.368s][debug][gc] GC(516) Concurrent mode failure
[2020-01-29T21:56:46.423+0300][34.462s][info ][gc] GC(516) Pause Full (Allocation Failure) 200M->70M(247M) 160.714ms
[2020-01-29T21:56:46.498+0300][34.536s][info ][gc] GC(517) Pause Young (Allocation Failure) 137M->155M(247M) 55.086ms
[2020-01-29T21:56:46.507+0300][34.546s][info ][gc] GC(518) Pause Initial Mark 174M->174M(247M) 8.819ms
[2020-01-29T21:56:46.507+0300][34.546s][info ][gc] GC(518) Concurrent Mark
[2020-01-29T21:56:46.511+0300][34.549s][debug][gc] GC(518) Concurrent active time: 3.078ms
[2020-01-29T21:56:46.511+0300][34.549s][info ][gc] GC(518) Concurrent Mark 3.138ms
[2020-01-29T21:56:46.511+0300][34.549s][info ][gc] GC(518) Concurrent Preclean
[2020-01-29T21:56:46.511+0300][34.549s][debug][gc] GC(518) Concurrent active time: 0.161ms
[2020-01-29T21:56:46.511+0300][34.549s][info ][gc] GC(518) Concurrent Preclean 0.194ms
[2020-01-29T21:56:46.511+0300][34.549s][info ][gc] GC(518) Concurrent Abortable Preclean
[2020-01-29T21:56:46.511+0300][34.549s][debug][gc] GC(518) Concurrent active time: 0.004ms
[2020-01-29T21:56:46.511+0300][34.549s][info ][gc] GC(518) Concurrent Abortable Preclean 0.031ms
[2020-01-29T21:56:46.511+0300][34.549s][debug][gc] GC(518) YG occupancy: 55852 K (78656 K)
[2020-01-29T21:56:46.522+0300][34.560s][info ][gc] GC(518) Pause Remark 201M->201M(247M) 10.952ms
[2020-01-29T21:56:46.522+0300][34.560s][info ][gc] GC(518) Concurrent Sweep
[2020-01-29T21:56:46.525+0300][34.563s][info ][gc] GC(519) Pause Young (Allocation Failure) 200M->200M(247M) 0.041ms
[2020-01-29T21:56:46.591+0300][34.630s][debug][gc] GC(518) Concurrent active time: 69.169ms
[2020-01-29T21:56:46.591+0300][34.630s][info ][gc] GC(518) Concurrent Sweep 69.407ms
[2020-01-29T21:56:46.591+0300][34.630s][debug][gc] GC(520) Concurrent mode failure
[2020-01-29T21:56:46.686+0300][34.724s][info ][gc] GC(520) Pause Full (Allocation Failure) 200M->70M(247M) 160.757ms
[2020-01-29T21:56:46.756+0300][34.795s][info ][gc] GC(521) Pause Young (Allocation Failure) 137M->155M(247M) 52.748ms
[2020-01-29T21:56:46.767+0300][34.805s][info ][gc] GC(522) Pause Initial Mark 174M->174M(247M) 8.817ms
[2020-01-29T21:56:46.767+0300][34.805s][info ][gc] GC(522) Concurrent Mark
[2020-01-29T21:56:46.770+0300][34.808s][debug][gc] GC(522) Concurrent active time: 3.033ms
[2020-01-29T21:56:46.770+0300][34.808s][info ][gc] GC(522) Concurrent Mark 3.096ms
[2020-01-29T21:56:46.770+0300][34.808s][info ][gc] GC(522) Concurrent Preclean
[2020-01-29T21:56:46.770+0300][34.808s][debug][gc] GC(522) Concurrent active time: 0.157ms
[2020-01-29T21:56:46.770+0300][34.808s][info ][gc] GC(522) Concurrent Preclean 0.188ms
[2020-01-29T21:56:46.770+0300][34.808s][info ][gc] GC(522) Concurrent Abortable Preclean
[2020-01-29T21:56:46.770+0300][34.808s][debug][gc] GC(522) Concurrent active time: 0.004ms
[2020-01-29T21:56:46.770+0300][34.808s][info ][gc] GC(522) Concurrent Abortable Preclean 0.031ms
[2020-01-29T21:56:46.770+0300][34.808s][debug][gc] GC(522) YG occupancy: 57241 K (78656 K)
[2020-01-29T21:56:46.781+0300][34.819s][info ][gc] GC(522) Pause Remark 202M->202M(247M) 10.771ms
[2020-01-29T21:56:46.781+0300][34.819s][info ][gc] GC(522) Concurrent Sweep
[2020-01-29T21:56:46.784+0300][34.822s][info ][gc] GC(523) Pause Young (Allocation Failure) 201M->201M(247M) 0.042ms
[2020-01-29T21:56:46.850+0300][34.888s][debug][gc] GC(522) Concurrent active time: 68.908ms
[2020-01-29T21:56:46.850+0300][34.888s][info ][gc] GC(522) Concurrent Sweep 69.161ms
[2020-01-29T21:56:46.850+0300][34.888s][debug][gc] GC(524) Concurrent mode failure
[2020-01-29T21:56:46.943+0300][34.982s][info ][gc] GC(524) Pause Full (Allocation Failure) 201M->70M(247M) 160.153ms
[2020-01-29T21:56:47.014+0300][35.053s][info ][gc] GC(525) Pause Young (Allocation Failure) 137M->155M(247M) 52.459ms
[2020-01-29T21:56:47.024+0300][35.063s][info ][gc] GC(526) Pause Initial Mark 174M->174M(247M) 8.840ms
[2020-01-29T21:56:47.024+0300][35.063s][info ][gc] GC(526) Concurrent Mark
[2020-01-29T21:56:47.027+0300][35.066s][debug][gc] GC(526) Concurrent active time: 3.035ms
[2020-01-29T21:56:47.027+0300][35.066s][info ][gc] GC(526) Concurrent Mark 3.097ms
[2020-01-29T21:56:47.027+0300][35.066s][info ][gc] GC(526) Concurrent Preclean
[2020-01-29T21:56:47.027+0300][35.066s][debug][gc] GC(526) Concurrent active time: 0.158ms
[2020-01-29T21:56:47.027+0300][35.066s][info ][gc] GC(526) Concurrent Preclean 0.190ms
[2020-01-29T21:56:47.027+0300][35.066s][info ][gc] GC(526) Concurrent Abortable Preclean
[2020-01-29T21:56:47.027+0300][35.066s][debug][gc] GC(526) Concurrent active time: 0.004ms
[2020-01-29T21:56:47.027+0300][35.066s][info ][gc] GC(526) Concurrent Abortable Preclean 0.031ms
[2020-01-29T21:56:47.027+0300][35.066s][debug][gc] GC(526) YG occupancy: 57246 K (78656 K)
[2020-01-29T21:56:47.038+0300][35.077s][info ][gc] GC(526) Pause Remark 202M->202M(247M) 10.788ms
[2020-01-29T21:56:47.038+0300][35.077s][info ][gc] GC(526) Concurrent Sweep
[2020-01-29T21:56:47.041+0300][35.080s][info ][gc] GC(527) Pause Young (Allocation Failure) 200M->200M(247M) 0.040ms
[2020-01-29T21:56:47.108+0300][35.146s][debug][gc] GC(526) Concurrent active time: 69.266ms
[2020-01-29T21:56:47.108+0300][35.146s][info ][gc] GC(526) Concurrent Sweep 69.502ms
[2020-01-29T21:56:47.108+0300][35.146s][debug][gc] GC(528) Concurrent mode failure
[2020-01-29T21:56:47.202+0300][35.241s][info ][gc] GC(528) Pause Full (Allocation Failure) 200M->70M(247M) 161.104ms
[2020-01-29T21:56:47.273+0300][35.311s][info ][gc] GC(529) Pause Young (Allocation Failure) 137M->155M(247M) 52.686ms
[2020-01-29T21:56:47.283+0300][35.321s][info ][gc] GC(530) Pause Initial Mark 174M->174M(247M) 8.856ms
[2020-01-29T21:56:47.283+0300][35.321s][info ][gc] GC(530) Concurrent Mark
[2020-01-29T21:56:47.285+0300][35.324s][debug][gc] GC(530) Concurrent active time: 3.022ms
[2020-01-29T21:56:47.285+0300][35.324s][info ][gc] GC(530) Concurrent Mark 3.078ms
[2020-01-29T21:56:47.285+0300][35.324s][info ][gc] GC(530) Concurrent Preclean
[2020-01-29T21:56:47.286+0300][35.324s][debug][gc] GC(530) Concurrent active time: 0.159ms
[2020-01-29T21:56:47.286+0300][35.325s][info ][gc] GC(530) Concurrent Preclean 0.191ms
[2020-01-29T21:56:47.286+0300][35.325s][info ][gc] GC(530) Concurrent Abortable Preclean
[2020-01-29T21:56:47.286+0300][35.325s][debug][gc] GC(530) Concurrent active time: 0.004ms
[2020-01-29T21:56:47.286+0300][35.325s][info ][gc] GC(530) Concurrent Abortable Preclean 0.039ms
[2020-01-29T21:56:47.286+0300][35.325s][debug][gc] GC(530) YG occupancy: 57248 K (78656 K)
[2020-01-29T21:56:47.296+0300][35.335s][info ][gc] GC(530) Pause Remark 202M->202M(247M) 10.766ms
[2020-01-29T21:56:47.297+0300][35.335s][info ][gc] GC(530) Concurrent Sweep
[2020-01-29T21:56:47.299+0300][35.338s][info ][gc] GC(531) Pause Young (Allocation Failure) 200M->200M(247M) 0.040ms
[2020-01-29T21:56:47.366+0300][35.404s][debug][gc] GC(530) Concurrent active time: 68.719ms
[2020-01-29T21:56:47.366+0300][35.404s][info ][gc] GC(530) Concurrent Sweep 68.967ms
[2020-01-29T21:56:47.366+0300][35.404s][debug][gc] GC(532) Concurrent mode failure
[2020-01-29T21:56:47.461+0300][35.499s][info ][gc] GC(532) Pause Full (Allocation Failure) 200M->70M(247M) 161.261ms
[2020-01-29T21:56:47.536+0300][35.575s][info ][gc] GC(533) Pause Young (Allocation Failure) 137M->155M(247M) 55.651ms
[2020-01-29T21:56:47.546+0300][35.585s][info ][gc] GC(534) Pause Initial Mark 174M->174M(247M) 8.844ms
[2020-01-29T21:56:47.546+0300][35.585s][info ][gc] GC(534) Concurrent Mark
[2020-01-29T21:56:47.549+0300][35.588s][debug][gc] GC(534) Concurrent active time: 3.012ms
[2020-01-29T21:56:47.549+0300][35.588s][info ][gc] GC(534) Concurrent Mark 3.069ms
[2020-01-29T21:56:47.549+0300][35.588s][info ][gc] GC(534) Concurrent Preclean
[2020-01-29T21:56:47.550+0300][35.588s][debug][gc] GC(534) Concurrent active time: 0.160ms
[2020-01-29T21:56:47.550+0300][35.588s][info ][gc] GC(534) Concurrent Preclean 0.192ms
[2020-01-29T21:56:47.550+0300][35.588s][info ][gc] GC(534) Concurrent Abortable Preclean
[2020-01-29T21:56:47.550+0300][35.588s][debug][gc] GC(534) Concurrent active time: 0.004ms
[2020-01-29T21:56:47.550+0300][35.588s][info ][gc] GC(534) Concurrent Abortable Preclean 0.031ms
[2020-01-29T21:56:47.550+0300][35.588s][debug][gc] GC(534) YG occupancy: 57229 K (78656 K)
[2020-01-29T21:56:47.561+0300][35.599s][info ][gc] GC(534) Pause Remark 202M->202M(247M) 10.866ms
[2020-01-29T21:56:47.561+0300][35.599s][info ][gc] GC(534) Concurrent Sweep
[2020-01-29T21:56:47.563+0300][35.602s][info ][gc] GC(535) Pause Young (Allocation Failure) 200M->200M(247M) 0.041ms
[2020-01-29T21:56:47.629+0300][35.668s][debug][gc] GC(534) Concurrent active time: 68.444ms
[2020-01-29T21:56:47.629+0300][35.668s][info ][gc] GC(534) Concurrent Sweep 68.786ms
[2020-01-29T21:56:47.629+0300][35.668s][debug][gc] GC(536) Concurrent mode failure
[2020-01-29T21:56:47.723+0300][35.762s][info ][gc] GC(536) Pause Full (Allocation Failure) 200M->70M(247M) 160.469ms
[2020-01-29T21:56:47.794+0300][35.833s][info ][gc] GC(537) Pause Young (Allocation Failure) 137M->155M(247M) 52.460ms
[2020-01-29T21:56:47.804+0300][35.843s][info ][gc] GC(538) Pause Initial Mark 174M->174M(247M) 8.852ms
[2020-01-29T21:56:47.804+0300][35.843s][info ][gc] GC(538) Concurrent Mark
[2020-01-29T21:56:47.807+0300][35.846s][debug][gc] GC(538) Concurrent active time: 3.032ms
[2020-01-29T21:56:47.807+0300][35.846s][info ][gc] GC(538) Concurrent Mark 3.089ms
[2020-01-29T21:56:47.807+0300][35.846s][info ][gc] GC(538) Concurrent Preclean
[2020-01-29T21:56:47.807+0300][35.846s][debug][gc] GC(538) Concurrent active time: 0.156ms
[2020-01-29T21:56:47.807+0300][35.846s][info ][gc] GC(538) Concurrent Preclean 0.189ms
[2020-01-29T21:56:47.807+0300][35.846s][info ][gc] GC(538) Concurrent Abortable Preclean
[2020-01-29T21:56:47.807+0300][35.846s][debug][gc] GC(538) Concurrent active time: 0.004ms
[2020-01-29T21:56:47.807+0300][35.846s][info ][gc] GC(538) Concurrent Abortable Preclean 0.030ms
[2020-01-29T21:56:47.807+0300][35.846s][debug][gc] GC(538) YG occupancy: 57242 K (78656 K)
[2020-01-29T21:56:47.818+0300][35.857s][info ][gc] GC(538) Pause Remark 202M->202M(247M) 10.845ms
[2020-01-29T21:56:47.818+0300][35.857s][info ][gc] GC(538) Concurrent Sweep
[2020-01-29T21:56:47.821+0300][35.860s][info ][gc] GC(539) Pause Young (Allocation Failure) 200M->200M(247M) 0.042ms
[2020-01-29T21:56:47.888+0300][35.926s][debug][gc] GC(538) Concurrent active time: 68.951ms
[2020-01-29T21:56:47.888+0300][35.926s][info ][gc] GC(538) Concurrent Sweep 69.210ms
[2020-01-29T21:56:47.888+0300][35.926s][debug][gc] GC(540) Concurrent mode failure
[2020-01-29T21:56:47.982+0300][36.021s][info ][gc] GC(540) Pause Full (Allocation Failure) 200M->70M(247M) 160.983ms
[2020-01-29T21:56:48.053+0300][36.092s][info ][gc] GC(541) Pause Young (Allocation Failure) 137M->155M(247M) 53.076ms
[2020-01-29T21:56:48.062+0300][36.101s][info ][gc] GC(542) Pause Initial Mark 174M->174M(247M) 8.846ms
[2020-01-29T21:56:48.063+0300][36.101s][info ][gc] GC(542) Concurrent Mark
[2020-01-29T21:56:48.066+0300][36.105s][debug][gc] GC(542) Concurrent active time: 3.026ms
[2020-01-29T21:56:48.066+0300][36.105s][info ][gc] GC(542) Concurrent Mark 3.081ms
[2020-01-29T21:56:48.066+0300][36.105s][info ][gc] GC(542) Concurrent Preclean
[2020-01-29T21:56:48.066+0300][36.105s][debug][gc] GC(542) Concurrent active time: 0.158ms
[2020-01-29T21:56:48.066+0300][36.105s][info ][gc] GC(542) Concurrent Preclean 0.189ms
[2020-01-29T21:56:48.066+0300][36.105s][info ][gc] GC(542) Concurrent Abortable Preclean
[2020-01-29T21:56:48.066+0300][36.105s][debug][gc] GC(542) Concurrent active time: 0.004ms
[2020-01-29T21:56:48.066+0300][36.105s][info ][gc] GC(542) Concurrent Abortable Preclean 0.030ms
[2020-01-29T21:56:48.066+0300][36.105s][debug][gc] GC(542) YG occupancy: 57247 K (78656 K)
[2020-01-29T21:56:48.077+0300][36.116s][info ][gc] GC(542) Pause Remark 202M->202M(247M) 10.855ms
[2020-01-29T21:56:48.077+0300][36.116s][info ][gc] GC(542) Concurrent Sweep
[2020-01-29T21:56:48.080+0300][36.118s][info ][gc] GC(543) Pause Young (Allocation Failure) 200M->200M(247M) 0.042ms
[2020-01-29T21:56:48.146+0300][36.184s][debug][gc] GC(542) Concurrent active time: 68.241ms
[2020-01-29T21:56:48.146+0300][36.184s][info ][gc] GC(542) Concurrent Sweep 68.490ms
[2020-01-29T21:56:48.146+0300][36.184s][debug][gc] GC(544) Concurrent mode failure
[2020-01-29T21:56:48.240+0300][36.279s][info ][gc] GC(544) Pause Full (Allocation Failure) 200M->70M(247M) 160.026ms
[2020-01-29T21:56:48.312+0300][36.350s][info ][gc] GC(545) Pause Young (Allocation Failure) 137M->155M(247M) 53.772ms
[2020-01-29T21:56:48.322+0300][36.360s][info ][gc] GC(546) Pause Initial Mark 174M->174M(247M) 8.838ms
[2020-01-29T21:56:48.322+0300][36.360s][info ][gc] GC(546) Concurrent Mark
[2020-01-29T21:56:48.325+0300][36.363s][debug][gc] GC(546) Concurrent active time: 3.018ms
[2020-01-29T21:56:48.325+0300][36.363s][info ][gc] GC(546) Concurrent Mark 3.074ms
[2020-01-29T21:56:48.325+0300][36.363s][info ][gc] GC(546) Concurrent Preclean
[2020-01-29T21:56:48.325+0300][36.363s][debug][gc] GC(546) Concurrent active time: 0.157ms
[2020-01-29T21:56:48.325+0300][36.363s][info ][gc] GC(546) Concurrent Preclean 0.188ms
[2020-01-29T21:56:48.325+0300][36.363s][info ][gc] GC(546) Concurrent Abortable Preclean
[2020-01-29T21:56:48.325+0300][36.363s][debug][gc] GC(546) Concurrent active time: 0.004ms
[2020-01-29T21:56:48.325+0300][36.363s][info ][gc] GC(546) Concurrent Abortable Preclean 0.031ms
[2020-01-29T21:56:48.325+0300][36.364s][debug][gc] GC(546) YG occupancy: 57249 K (78656 K)
[2020-01-29T21:56:48.336+0300][36.374s][info ][gc] GC(546) Pause Remark 202M->202M(247M) 10.813ms
[2020-01-29T21:56:48.336+0300][36.374s][info ][gc] GC(546) Concurrent Sweep
[2020-01-29T21:56:48.339+0300][36.377s][info ][gc] GC(547) Pause Young (Allocation Failure) 200M->200M(247M) 0.041ms
[2020-01-29T21:56:48.404+0300][36.443s][debug][gc] GC(546) Concurrent active time: 68.271ms
[2020-01-29T21:56:48.404+0300][36.443s][info ][gc] GC(546) Concurrent Sweep 68.509ms
[2020-01-29T21:56:48.404+0300][36.443s][debug][gc] GC(548) Concurrent mode failure
[2020-01-29T21:56:48.499+0300][36.537s][info ][gc] GC(548) Pause Full (Allocation Failure) 200M->70M(247M) 160.332ms
[2020-01-29T21:56:48.572+0300][36.610s][info ][gc] GC(549) Pause Young (Allocation Failure) 137M->155M(247M) 53.080ms
[2020-01-29T21:56:48.582+0300][36.620s][info ][gc] GC(550) Pause Initial Mark 174M->174M(247M) 8.814ms
[2020-01-29T21:56:48.582+0300][36.620s][info ][gc] GC(550) Concurrent Mark
[2020-01-29T21:56:48.585+0300][36.623s][debug][gc] GC(550) Concurrent active time: 3.017ms
[2020-01-29T21:56:48.585+0300][36.623s][info ][gc] GC(550) Concurrent Mark 3.074ms
[2020-01-29T21:56:48.585+0300][36.623s][info ][gc] GC(550) Concurrent Preclean
[2020-01-29T21:56:48.585+0300][36.623s][debug][gc] GC(550) Concurrent active time: 0.157ms
[2020-01-29T21:56:48.585+0300][36.623s][info ][gc] GC(550) Concurrent Preclean 0.188ms
[2020-01-29T21:56:48.585+0300][36.623s][info ][gc] GC(550) Concurrent Abortable Preclean
[2020-01-29T21:56:48.585+0300][36.623s][debug][gc] GC(550) Concurrent active time: 0.004ms
[2020-01-29T21:56:48.585+0300][36.623s][info ][gc] GC(550) Concurrent Abortable Preclean 0.030ms
[2020-01-29T21:56:48.585+0300][36.623s][debug][gc] GC(550) YG occupancy: 57227 K (78656 K)
[2020-01-29T21:56:48.596+0300][36.634s][info ][gc] GC(550) Pause Remark 202M->202M(247M) 10.828ms
[2020-01-29T21:56:48.596+0300][36.634s][info ][gc] GC(550) Concurrent Sweep
[2020-01-29T21:56:48.599+0300][36.637s][info ][gc] GC(551) Pause Young (Allocation Failure) 200M->200M(247M) 0.040ms
[2020-01-29T21:56:48.665+0300][36.704s][debug][gc] GC(550) Concurrent active time: 69.778ms
[2020-01-29T21:56:48.665+0300][36.704s][info ][gc] GC(550) Concurrent Sweep 70.021ms
[2020-01-29T21:56:48.666+0300][36.704s][debug][gc] GC(552) Concurrent mode failure
[2020-01-29T21:56:48.760+0300][36.799s][info ][gc] GC(552) Pause Full (Allocation Failure) 200M->70M(247M) 162.025ms
[2020-01-29T21:56:48.832+0300][36.871s][info ][gc] GC(553) Pause Young (Allocation Failure) 137M->155M(247M) 53.497ms
[2020-01-29T21:56:48.842+0300][36.880s][info ][gc] GC(554) Pause Initial Mark 174M->174M(247M) 8.821ms
[2020-01-29T21:56:48.842+0300][36.880s][info ][gc] GC(554) Concurrent Mark
[2020-01-29T21:56:48.845+0300][36.883s][debug][gc] GC(554) Concurrent active time: 3.034ms
[2020-01-29T21:56:48.845+0300][36.883s][info ][gc] GC(554) Concurrent Mark 3.093ms
[2020-01-29T21:56:48.845+0300][36.883s][info ][gc] GC(554) Concurrent Preclean
[2020-01-29T21:56:48.845+0300][36.884s][debug][gc] GC(554) Concurrent active time: 0.157ms
[2020-01-29T21:56:48.845+0300][36.884s][info ][gc] GC(554) Concurrent Preclean 0.189ms
[2020-01-29T21:56:48.845+0300][36.884s][info ][gc] GC(554) Concurrent Abortable Preclean
[2020-01-29T21:56:48.845+0300][36.884s][debug][gc] GC(554) Concurrent active time: 0.004ms
[2020-01-29T21:56:48.845+0300][36.884s][info ][gc] GC(554) Concurrent Abortable Preclean 0.031ms
[2020-01-29T21:56:48.845+0300][36.884s][debug][gc] GC(554) YG occupancy: 57240 K (78656 K)
[2020-01-29T21:56:48.856+0300][36.894s][info ][gc] GC(554) Pause Remark 202M->202M(247M) 10.808ms
[2020-01-29T21:56:48.856+0300][36.894s][info ][gc] GC(554) Concurrent Sweep
[2020-01-29T21:56:48.859+0300][36.897s][info ][gc] GC(555) Pause Young (Allocation Failure) 200M->200M(247M) 0.040ms
[2020-01-29T21:56:48.925+0300][36.963s][debug][gc] GC(554) Concurrent active time: 68.560ms
[2020-01-29T21:56:48.925+0300][36.963s][info ][gc] GC(554) Concurrent Sweep 68.798ms
[2020-01-29T21:56:48.925+0300][36.963s][debug][gc] GC(556) Concurrent mode failure
[2020-01-29T21:56:49.019+0300][37.058s][info ][gc] GC(556) Pause Full (Allocation Failure) 200M->70M(247M) 160.987ms
[2020-01-29T21:56:49.090+0300][37.129s][info ][gc] GC(557) Pause Young (Allocation Failure) 137M->155M(247M) 52.732ms
[2020-01-29T21:56:49.100+0300][37.139s][info ][gc] GC(558) Pause Initial Mark 174M->174M(247M) 8.869ms
[2020-01-29T21:56:49.100+0300][37.139s][info ][gc] GC(558) Concurrent Mark
[2020-01-29T21:56:49.103+0300][37.142s][debug][gc] GC(558) Concurrent active time: 3.014ms
[2020-01-29T21:56:49.103+0300][37.142s][info ][gc] GC(558) Concurrent Mark 3.074ms
[2020-01-29T21:56:49.103+0300][37.142s][info ][gc] GC(558) Concurrent Preclean
[2020-01-29T21:56:49.104+0300][37.142s][debug][gc] GC(558) Concurrent active time: 0.161ms
[2020-01-29T21:56:49.104+0300][37.142s][info ][gc] GC(558) Concurrent Preclean 0.196ms
[2020-01-29T21:56:49.104+0300][37.142s][info ][gc] GC(558) Concurrent Abortable Preclean
[2020-01-29T21:56:49.104+0300][37.142s][debug][gc] GC(558) Concurrent active time: 0.004ms
[2020-01-29T21:56:49.104+0300][37.142s][info ][gc] GC(558) Concurrent Abortable Preclean 0.031ms
[2020-01-29T21:56:49.104+0300][37.142s][debug][gc] GC(558) YG occupancy: 57246 K (78656 K)
[2020-01-29T21:56:49.115+0300][37.153s][info ][gc] GC(558) Pause Remark 202M->202M(247M) 10.841ms
[2020-01-29T21:56:49.115+0300][37.153s][info ][gc] GC(558) Concurrent Sweep
[2020-01-29T21:56:49.117+0300][37.156s][info ][gc] GC(559) Pause Young (Allocation Failure) 200M->200M(247M) 0.045ms
[2020-01-29T21:56:49.185+0300][37.224s][debug][gc] GC(558) Concurrent active time: 70.081ms
[2020-01-29T21:56:49.185+0300][37.224s][info ][gc] GC(558) Concurrent Sweep 70.357ms
[2020-01-29T21:56:49.185+0300][37.224s][debug][gc] GC(560) Concurrent mode failure
[2020-01-29T21:56:49.280+0300][37.319s][info ][gc] GC(560) Pause Full (Allocation Failure) 200M->70M(247M) 162.503ms
[2020-01-29T21:56:49.378+0300][37.417s][info ][gc] GC(561) Pause Young (Allocation Failure) 137M->155M(247M) 80.063ms
[2020-01-29T21:56:49.388+0300][37.427s][info ][gc] GC(562) Pause Initial Mark 174M->174M(247M) 8.844ms
[2020-01-29T21:56:49.388+0300][37.427s][info ][gc] GC(562) Concurrent Mark
[2020-01-29T21:56:49.391+0300][37.430s][debug][gc] GC(562) Concurrent active time: 3.080ms
[2020-01-29T21:56:49.391+0300][37.430s][info ][gc] GC(562) Concurrent Mark 3.253ms
[2020-01-29T21:56:49.391+0300][37.430s][info ][gc] GC(562) Concurrent Preclean
[2020-01-29T21:56:49.392+0300][37.431s][debug][gc] GC(562) Concurrent active time: 0.186ms
[2020-01-29T21:56:49.392+0300][37.431s][info ][gc] GC(562) Concurrent Preclean 0.221ms
[2020-01-29T21:56:49.392+0300][37.431s][info ][gc] GC(562) Concurrent Abortable Preclean
[2020-01-29T21:56:49.392+0300][37.431s][debug][gc] GC(562) Concurrent active time: 0.004ms
[2020-01-29T21:56:49.392+0300][37.431s][info ][gc] GC(562) Concurrent Abortable Preclean 0.030ms
[2020-01-29T21:56:49.392+0300][37.431s][debug][gc] GC(562) YG occupancy: 33918 K (78656 K)
[2020-01-29T21:56:49.402+0300][37.441s][info ][gc] GC(562) Pause Remark 180M->180M(247M) 10.138ms
[2020-01-29T21:56:49.402+0300][37.441s][info ][gc] GC(562) Concurrent Sweep
[2020-01-29T21:56:49.409+0300][37.447s][info ][gc] GC(563) Pause Young (Allocation Failure) 193M->193M(247M) 0.044ms
[2020-01-29T21:56:49.471+0300][37.510s][debug][gc] GC(562) Concurrent active time: 68.450ms
[2020-01-29T21:56:49.471+0300][37.510s][info ][gc] GC(562) Concurrent Sweep 68.729ms
[2020-01-29T21:56:49.471+0300][37.510s][debug][gc] GC(564) Concurrent mode failure
[2020-01-29T21:56:49.567+0300][37.605s][info ][gc] GC(564) Pause Full (Allocation Failure) 193M->70M(247M) 157.957ms
[2020-01-29T21:56:49.638+0300][37.676s][info ][gc] GC(565) Pause Young (Allocation Failure) 137M->155M(247M) 52.515ms
[2020-01-29T21:56:49.648+0300][37.686s][info ][gc] GC(566) Pause Initial Mark 174M->174M(247M) 8.834ms
[2020-01-29T21:56:49.648+0300][37.686s][info ][gc] GC(566) Concurrent Mark
[2020-01-29T21:56:49.651+0300][37.689s][debug][gc] GC(566) Concurrent active time: 3.007ms
[2020-01-29T21:56:49.651+0300][37.689s][info ][gc] GC(566) Concurrent Mark 3.066ms
[2020-01-29T21:56:49.651+0300][37.689s][info ][gc] GC(566) Concurrent Preclean
[2020-01-29T21:56:49.651+0300][37.689s][debug][gc] GC(566) Concurrent active time: 0.156ms
[2020-01-29T21:56:49.651+0300][37.690s][info ][gc] GC(566) Concurrent Preclean 0.188ms
[2020-01-29T21:56:49.651+0300][37.690s][info ][gc] GC(566) Concurrent Abortable Preclean
[2020-01-29T21:56:49.651+0300][37.690s][debug][gc] GC(566) Concurrent active time: 0.004ms
[2020-01-29T21:56:49.651+0300][37.690s][info ][gc] GC(566) Concurrent Abortable Preclean 0.031ms
[2020-01-29T21:56:49.651+0300][37.690s][debug][gc] GC(566) YG occupancy: 57249 K (78656 K)
[2020-01-29T21:56:49.662+0300][37.701s][info ][gc] GC(566) Pause Remark 202M->202M(247M) 11.009ms
[2020-01-29T21:56:49.663+0300][37.701s][info ][gc] GC(566) Concurrent Sweep
[2020-01-29T21:56:49.665+0300][37.703s][info ][gc] GC(567) Pause Young (Allocation Failure) 200M->200M(247M) 0.040ms
[2020-01-29T21:56:49.732+0300][37.771s][debug][gc] GC(566) Concurrent active time: 70.015ms
[2020-01-29T21:56:49.732+0300][37.771s][info ][gc] GC(566) Concurrent Sweep 70.251ms
[2020-01-29T21:56:49.732+0300][37.771s][debug][gc] GC(568) Concurrent mode failure
[2020-01-29T21:56:49.827+0300][37.865s][info ][gc] GC(568) Pause Full (Allocation Failure) 200M->70M(247M) 162.132ms
[2020-01-29T21:56:49.899+0300][37.937s][info ][gc] GC(569) Pause Young (Allocation Failure) 137M->155M(247M) 53.641ms
[2020-01-29T21:56:49.909+0300][37.947s][info ][gc] GC(570) Pause Initial Mark 174M->174M(247M) 8.867ms
[2020-01-29T21:56:49.909+0300][37.947s][info ][gc] GC(570) Concurrent Mark
[2020-01-29T21:56:49.912+0300][37.950s][debug][gc] GC(570) Concurrent active time: 3.031ms
[2020-01-29T21:56:49.912+0300][37.950s][info ][gc] GC(570) Concurrent Mark 3.087ms
[2020-01-29T21:56:49.912+0300][37.950s][info ][gc] GC(570) Concurrent Preclean
[2020-01-29T21:56:49.913+0300][37.951s][debug][gc] GC(570) Concurrent active time: 0.161ms
[2020-01-29T21:56:49.913+0300][37.951s][info ][gc] GC(570) Concurrent Preclean 0.193ms
[2020-01-29T21:56:49.913+0300][37.951s][info ][gc] GC(570) Concurrent Abortable Preclean
[2020-01-29T21:56:49.913+0300][37.951s][debug][gc] GC(570) Concurrent active time: 0.004ms
[2020-01-29T21:56:49.913+0300][37.951s][info ][gc] GC(570) Concurrent Abortable Preclean 0.031ms
[2020-01-29T21:56:49.913+0300][37.951s][debug][gc] GC(570) YG occupancy: 57250 K (78656 K)
[2020-01-29T21:56:49.922+0300][37.961s][info ][gc] GC(570) Pause Remark 202M->202M(247M) 10.821ms
[2020-01-29T21:56:49.923+0300][37.962s][info ][gc] GC(570) Concurrent Sweep
[2020-01-29T21:56:49.925+0300][37.964s][info ][gc] GC(571) Pause Young (Allocation Failure) 200M->200M(247M) 0.042ms
[2020-01-29T21:56:49.993+0300][38.031s][debug][gc] GC(570) Concurrent active time: 69.633ms
[2020-01-29T21:56:49.993+0300][38.031s][info ][gc] GC(570) Concurrent Sweep 69.885ms
[2020-01-29T21:56:49.993+0300][38.031s][debug][gc] GC(572) Concurrent mode failure
[2020-01-29T21:56:50.088+0300][38.126s][info ][gc] GC(572) Pause Full (Allocation Failure) 200M->70M(247M) 162.156ms
[2020-01-29T21:56:50.162+0300][38.200s][info ][gc] GC(573) Pause Young (Allocation Failure) 137M->155M(247M) 53.182ms
[2020-01-29T21:56:50.172+0300][38.210s][info ][gc] GC(574) Pause Initial Mark 174M->174M(247M) 8.863ms
[2020-01-29T21:56:50.172+0300][38.210s][info ][gc] GC(574) Concurrent Mark
[2020-01-29T21:56:50.175+0300][38.213s][debug][gc] GC(574) Concurrent active time: 3.030ms
[2020-01-29T21:56:50.175+0300][38.213s][info ][gc] GC(574) Concurrent Mark 3.087ms
[2020-01-29T21:56:50.175+0300][38.213s][info ][gc] GC(574) Concurrent Preclean
[2020-01-29T21:56:50.175+0300][38.213s][debug][gc] GC(574) Concurrent active time: 0.157ms
[2020-01-29T21:56:50.175+0300][38.213s][info ][gc] GC(574) Concurrent Preclean 0.189ms
[2020-01-29T21:56:50.175+0300][38.213s][info ][gc] GC(574) Concurrent Abortable Preclean
[2020-01-29T21:56:50.175+0300][38.213s][debug][gc] GC(574) Concurrent active time: 0.004ms
[2020-01-29T21:56:50.175+0300][38.213s][info ][gc] GC(574) Concurrent Abortable Preclean 0.031ms
[2020-01-29T21:56:50.175+0300][38.214s][debug][gc] GC(574) YG occupancy: 57250 K (78656 K)
[2020-01-29T21:56:50.186+0300][38.224s][info ][gc] GC(574) Pause Remark 202M->202M(247M) 10.929ms
[2020-01-29T21:56:50.186+0300][38.225s][info ][gc] GC(574) Concurrent Sweep
[2020-01-29T21:56:50.189+0300][38.227s][info ][gc] GC(575) Pause Young (Allocation Failure) 200M->200M(247M) 0.040ms
[2020-01-29T21:56:50.257+0300][38.295s][debug][gc] GC(574) Concurrent active time: 70.159ms
[2020-01-29T21:56:50.257+0300][38.295s][info ][gc] GC(574) Concurrent Sweep 70.399ms
[2020-01-29T21:56:50.257+0300][38.295s][debug][gc] GC(576) Concurrent mode failure
[2020-01-29T21:56:50.351+0300][38.390s][info ][gc] GC(576) Pause Full (Allocation Failure) 200M->70M(247M) 162.296ms
[2020-01-29T21:56:50.424+0300][38.463s][info ][gc] GC(577) Pause Young (Allocation Failure) 137M->155M(247M) 54.710ms
[2020-01-29T21:56:50.434+0300][38.472s][info ][gc] GC(578) Pause Initial Mark 174M->174M(247M) 8.816ms
[2020-01-29T21:56:50.434+0300][38.472s][info ][gc] GC(578) Concurrent Mark
[2020-01-29T21:56:50.437+0300][38.476s][debug][gc] GC(578) Concurrent active time: 3.314ms
[2020-01-29T21:56:50.437+0300][38.476s][info ][gc] GC(578) Concurrent Mark 3.465ms
[2020-01-29T21:56:50.437+0300][38.476s][info ][gc] GC(578) Concurrent Preclean
[2020-01-29T21:56:50.437+0300][38.476s][debug][gc] GC(578) Concurrent active time: 0.166ms
[2020-01-29T21:56:50.437+0300][38.476s][info ][gc] GC(578) Concurrent Preclean 0.199ms
[2020-01-29T21:56:50.437+0300][38.476s][info ][gc] GC(578) Concurrent Abortable Preclean
[2020-01-29T21:56:50.437+0300][38.476s][debug][gc] GC(578) Concurrent active time: 0.004ms
[2020-01-29T21:56:50.437+0300][38.476s][info ][gc] GC(578) Concurrent Abortable Preclean 0.030ms
[2020-01-29T21:56:50.437+0300][38.476s][debug][gc] GC(578) YG occupancy: 55970 K (78656 K)
[2020-01-29T21:56:50.448+0300][38.487s][info ][gc] GC(578) Pause Remark 201M->201M(247M) 10.762ms
[2020-01-29T21:56:50.448+0300][38.487s][info ][gc] GC(578) Concurrent Sweep
[2020-01-29T21:56:50.451+0300][38.490s][info ][gc] GC(579) Pause Young (Allocation Failure) 200M->200M(247M) 0.041ms
[2020-01-29T21:56:50.518+0300][38.557s][debug][gc] GC(578) Concurrent active time: 69.921ms
[2020-01-29T21:56:50.518+0300][38.557s][info ][gc] GC(578) Concurrent Sweep 70.160ms
[2020-01-29T21:56:50.518+0300][38.557s][debug][gc] GC(580) Concurrent mode failure
[2020-01-29T21:56:50.613+0300][38.651s][info ][gc] GC(580) Pause Full (Allocation Failure) 200M->70M(247M) 161.540ms
[2020-01-29T21:56:50.684+0300][38.722s][info ][gc] GC(581) Pause Young (Allocation Failure) 137M->155M(247M) 52.453ms
[2020-01-29T21:56:50.693+0300][38.732s][info ][gc] GC(582) Pause Initial Mark 174M->174M(247M) 8.816ms
[2020-01-29T21:56:50.693+0300][38.732s][info ][gc] GC(582) Concurrent Mark
[2020-01-29T21:56:50.696+0300][38.735s][debug][gc] GC(582) Concurrent active time: 3.027ms
[2020-01-29T21:56:50.696+0300][38.735s][info ][gc] GC(582) Concurrent Mark 3.085ms
[2020-01-29T21:56:50.696+0300][38.735s][info ][gc] GC(582) Concurrent Preclean
[2020-01-29T21:56:50.696+0300][38.735s][debug][gc] GC(582) Concurrent active time: 0.157ms
[2020-01-29T21:56:50.696+0300][38.735s][info ][gc] GC(582) Concurrent Preclean 0.188ms
[2020-01-29T21:56:50.696+0300][38.735s][info ][gc] GC(582) Concurrent Abortable Preclean
[2020-01-29T21:56:50.696+0300][38.735s][debug][gc] GC(582) Concurrent active time: 0.004ms
[2020-01-29T21:56:50.696+0300][38.735s][info ][gc] GC(582) Concurrent Abortable Preclean 0.031ms
[2020-01-29T21:56:50.696+0300][38.735s][debug][gc] GC(582) YG occupancy: 57247 K (78656 K)
[2020-01-29T21:56:50.707+0300][38.746s][info ][gc] GC(582) Pause Remark 202M->202M(247M) 10.825ms
[2020-01-29T21:56:50.707+0300][38.746s][info ][gc] GC(582) Concurrent Sweep
[2020-01-29T21:56:50.710+0300][38.749s][info ][gc] GC(583) Pause Young (Allocation Failure) 200M->200M(247M) 0.041ms
[2020-01-29T21:56:50.776+0300][38.815s][debug][gc] GC(582) Concurrent active time: 68.677ms
[2020-01-29T21:56:50.776+0300][38.815s][info ][gc] GC(582) Concurrent Sweep 68.914ms
[2020-01-29T21:56:50.776+0300][38.815s][debug][gc] GC(584) Concurrent mode failure
[2020-01-29T21:56:50.870+0300][38.909s][info ][gc] GC(584) Pause Full (Allocation Failure) 200M->70M(247M) 160.037ms
[2020-01-29T21:56:50.942+0300][38.980s][info ][gc] GC(585) Pause Young (Allocation Failure) 137M->155M(247M) 52.965ms
[2020-01-29T21:56:50.951+0300][38.990s][info ][gc] GC(586) Pause Initial Mark 174M->174M(247M) 8.813ms
[2020-01-29T21:56:50.951+0300][38.990s][info ][gc] GC(586) Concurrent Mark
[2020-01-29T21:56:50.954+0300][38.993s][debug][gc] GC(586) Concurrent active time: 3.036ms
[2020-01-29T21:56:50.954+0300][38.993s][info ][gc] GC(586) Concurrent Mark 3.100ms
[2020-01-29T21:56:50.954+0300][38.993s][info ][gc] GC(586) Concurrent Preclean
[2020-01-29T21:56:50.955+0300][38.993s][debug][gc] GC(586) Concurrent active time: 0.162ms
[2020-01-29T21:56:50.955+0300][38.993s][info ][gc] GC(586) Concurrent Preclean 0.193ms
[2020-01-29T21:56:50.955+0300][38.993s][info ][gc] GC(586) Concurrent Abortable Preclean
[2020-01-29T21:56:50.955+0300][38.993s][debug][gc] GC(586) Concurrent active time: 0.004ms
[2020-01-29T21:56:50.955+0300][38.993s][info ][gc] GC(586) Concurrent Abortable Preclean 0.031ms
[2020-01-29T21:56:50.955+0300][38.993s][debug][gc] GC(586) YG occupancy: 55868 K (78656 K)
[2020-01-29T21:56:50.966+0300][39.004s][info ][gc] GC(586) Pause Remark 201M->201M(247M) 10.787ms
[2020-01-29T21:56:50.966+0300][39.004s][info ][gc] GC(586) Concurrent Sweep
[2020-01-29T21:56:50.968+0300][39.007s][info ][gc] GC(587) Pause Young (Allocation Failure) 200M->200M(247M) 0.039ms
[2020-01-29T21:56:51.035+0300][39.073s][debug][gc] GC(586) Concurrent active time: 68.643ms
[2020-01-29T21:56:51.035+0300][39.073s][info ][gc] GC(586) Concurrent Sweep 68.884ms
[2020-01-29T21:56:51.035+0300][39.073s][debug][gc] GC(588) Concurrent mode failure
[2020-01-29T21:56:51.128+0300][39.167s][info ][gc] GC(588) Pause Full (Allocation Failure) 200M->70M(247M) 160.053ms
[2020-01-29T21:56:51.199+0300][39.238s][info ][gc] GC(589) Pause Young (Allocation Failure) 137M->155M(247M) 52.759ms
[2020-01-29T21:56:51.209+0300][39.248s][info ][gc] GC(590) Pause Initial Mark 174M->174M(247M) 8.815ms
[2020-01-29T21:56:51.209+0300][39.248s][info ][gc] GC(590) Concurrent Mark
[2020-01-29T21:56:51.212+0300][39.251s][debug][gc] GC(590) Concurrent active time: 3.024ms
[2020-01-29T21:56:51.212+0300][39.251s][info ][gc] GC(590) Concurrent Mark 3.082ms
[2020-01-29T21:56:51.212+0300][39.251s][info ][gc] GC(590) Concurrent Preclean
[2020-01-29T21:56:51.212+0300][39.251s][debug][gc] GC(590) Concurrent active time: 0.156ms
[2020-01-29T21:56:51.212+0300][39.251s][info ][gc] GC(590) Concurrent Preclean 0.188ms
[2020-01-29T21:56:51.212+0300][39.251s][info ][gc] GC(590) Concurrent Abortable Preclean
[2020-01-29T21:56:51.212+0300][39.251s][debug][gc] GC(590) Concurrent active time: 0.004ms
[2020-01-29T21:56:51.212+0300][39.251s][info ][gc] GC(590) Concurrent Abortable Preclean 0.030ms
[2020-01-29T21:56:51.213+0300][39.251s][debug][gc] GC(590) YG occupancy: 57249 K (78656 K)
[2020-01-29T21:56:51.224+0300][39.262s][info ][gc] GC(590) Pause Remark 202M->202M(247M) 11.012ms
[2020-01-29T21:56:51.224+0300][39.262s][info ][gc] GC(590) Concurrent Sweep
[2020-01-29T21:56:51.226+0300][39.265s][info ][gc] GC(591) Pause Young (Allocation Failure) 200M->200M(247M) 0.041ms
[2020-01-29T21:56:51.293+0300][39.332s][debug][gc] GC(590) Concurrent active time: 69.281ms
[2020-01-29T21:56:51.293+0300][39.332s][info ][gc] GC(590) Concurrent Sweep 69.522ms
[2020-01-29T21:56:51.293+0300][39.332s][debug][gc] GC(592) Concurrent mode failure
[2020-01-29T21:56:51.389+0300][39.427s][info ][gc] GC(592) Pause Full (Allocation Failure) 200M->70M(247M) 161.866ms
[2020-01-29T21:56:51.499+0300][39.538s][info ][gc] GC(593) Pause Young (Allocation Failure) 137M->155M(247M) 90.081ms
[2020-01-29T21:56:51.508+0300][39.547s][info ][gc] GC(594) Pause Initial Mark 174M->174M(247M) 8.816ms
[2020-01-29T21:56:51.509+0300][39.547s][info ][gc] GC(594) Concurrent Mark
[2020-01-29T21:56:51.512+0300][39.550s][debug][gc] GC(594) Concurrent active time: 3.041ms
[2020-01-29T21:56:51.512+0300][39.550s][info ][gc] GC(594) Concurrent Mark 3.100ms
[2020-01-29T21:56:51.512+0300][39.550s][info ][gc] GC(594) Concurrent Preclean
[2020-01-29T21:56:51.512+0300][39.551s][debug][gc] GC(594) Concurrent active time: 0.156ms
[2020-01-29T21:56:51.512+0300][39.551s][info ][gc] GC(594) Concurrent Preclean 0.187ms
[2020-01-29T21:56:51.512+0300][39.551s][info ][gc] GC(594) Concurrent Abortable Preclean
[2020-01-29T21:56:51.512+0300][39.551s][debug][gc] GC(594) Concurrent active time: 0.003ms
[2020-01-29T21:56:51.512+0300][39.551s][info ][gc] GC(594) Concurrent Abortable Preclean 0.035ms
[2020-01-29T21:56:51.512+0300][39.551s][debug][gc] GC(594) YG occupancy: 57229 K (78656 K)
[2020-01-29T21:56:51.523+0300][39.562s][info ][gc] GC(594) Pause Remark 202M->202M(247M) 10.805ms
[2020-01-29T21:56:51.523+0300][39.562s][info ][gc] GC(594) Concurrent Sweep
[2020-01-29T21:56:51.526+0300][39.564s][info ][gc] GC(595) Pause Young (Allocation Failure) 200M->200M(247M) 0.042ms
[2020-01-29T21:56:51.594+0300][39.633s][debug][gc] GC(594) Concurrent active time: 71.014ms
[2020-01-29T21:56:51.594+0300][39.633s][info ][gc] GC(594) Concurrent Sweep 71.268ms
[2020-01-29T21:56:51.594+0300][39.633s][debug][gc] GC(596) Concurrent mode failure
[2020-01-29T21:56:51.689+0300][39.728s][info ][gc] GC(596) Pause Full (Allocation Failure) 200M->70M(247M) 163.269ms
[2020-01-29T21:56:51.761+0300][39.799s][info ][gc] GC(597) Pause Young (Allocation Failure) 137M->155M(247M) 52.856ms
[2020-01-29T21:56:51.770+0300][39.808s][info ][gc] GC(598) Pause Initial Mark 174M->174M(247M) 8.824ms
[2020-01-29T21:56:51.770+0300][39.808s][info ][gc] GC(598) Concurrent Mark
[2020-01-29T21:56:51.773+0300][39.811s][debug][gc] GC(598) Concurrent active time: 3.040ms
[2020-01-29T21:56:51.773+0300][39.811s][info ][gc] GC(598) Concurrent Mark 3.102ms
[2020-01-29T21:56:51.773+0300][39.811s][info ][gc] GC(598) Concurrent Preclean
[2020-01-29T21:56:51.774+0300][39.812s][debug][gc] GC(598) Concurrent active time: 0.161ms
[2020-01-29T21:56:51.774+0300][39.812s][info ][gc] GC(598) Concurrent Preclean 0.195ms
[2020-01-29T21:56:51.774+0300][39.812s][info ][gc] GC(598) Concurrent Abortable Preclean
[2020-01-29T21:56:51.774+0300][39.812s][debug][gc] GC(598) Concurrent active time: 0.005ms
[2020-01-29T21:56:51.774+0300][39.812s][info ][gc] GC(598) Concurrent Abortable Preclean 0.032ms
[2020-01-29T21:56:51.774+0300][39.812s][debug][gc] GC(598) YG occupancy: 57241 K (78656 K)
[2020-01-29T21:56:51.785+0300][39.823s][info ][gc] GC(598) Pause Remark 202M->202M(247M) 10.904ms
[2020-01-29T21:56:51.785+0300][39.823s][info ][gc] GC(598) Concurrent Sweep
[2020-01-29T21:56:51.787+0300][39.825s][info ][gc] GC(599) Pause Young (Allocation Failure) 200M->200M(247M) 0.040ms
[2020-01-29T21:56:51.854+0300][39.892s][debug][gc] GC(598) Concurrent active time: 69.511ms
[2020-01-29T21:56:51.854+0300][39.892s][info ][gc] GC(598) Concurrent Sweep 69.749ms
[2020-01-29T21:56:51.854+0300][39.892s][debug][gc] GC(600) Concurrent mode failure
[2020-01-29T21:56:51.949+0300][39.988s][info ][gc] GC(600) Pause Full (Allocation Failure) 200M->70M(247M) 162.221ms
[2020-01-29T21:56:52.020+0300][40.059s][info ][gc] GC(601) Pause Young (Allocation Failure) 137M->155M(247M) 52.820ms
[2020-01-29T21:56:52.030+0300][40.069s][info ][gc] GC(602) Pause Initial Mark 174M->174M(247M) 8.824ms
[2020-01-29T21:56:52.030+0300][40.069s][info ][gc] GC(602) Concurrent Mark
[2020-01-29T21:56:52.033+0300][40.072s][debug][gc] GC(602) Concurrent active time: 3.018ms
[2020-01-29T21:56:52.033+0300][40.072s][info ][gc] GC(602) Concurrent Mark 3.073ms
[2020-01-29T21:56:52.033+0300][40.072s][info ][gc] GC(602) Concurrent Preclean
[2020-01-29T21:56:52.033+0300][40.072s][debug][gc] GC(602) Concurrent active time: 0.154ms
[2020-01-29T21:56:52.033+0300][40.072s][info ][gc] GC(602) Concurrent Preclean 0.185ms
[2020-01-29T21:56:52.033+0300][40.072s][info ][gc] GC(602) Concurrent Abortable Preclean
[2020-01-29T21:56:52.033+0300][40.072s][debug][gc] GC(602) Concurrent active time: 0.004ms
[2020-01-29T21:56:52.033+0300][40.072s][info ][gc] GC(602) Concurrent Abortable Preclean 0.031ms
[2020-01-29T21:56:52.033+0300][40.072s][debug][gc] GC(602) YG occupancy: 57246 K (78656 K)
[2020-01-29T21:56:52.044+0300][40.083s][info ][gc] GC(602) Pause Remark 202M->202M(247M) 10.814ms
[2020-01-29T21:56:52.044+0300][40.083s][info ][gc] GC(602) Concurrent Sweep
[2020-01-29T21:56:52.047+0300][40.086s][info ][gc] GC(603) Pause Young (Allocation Failure) 200M->200M(247M) 0.040ms
[2020-01-29T21:56:52.114+0300][40.152s][debug][gc] GC(602) Concurrent active time: 69.203ms
[2020-01-29T21:56:52.114+0300][40.152s][info ][gc] GC(602) Concurrent Sweep 69.497ms
[2020-01-29T21:56:52.114+0300][40.152s][debug][gc] GC(604) Concurrent mode failure
[2020-01-29T21:56:52.208+0300][40.247s][info ][gc] GC(604) Pause Full (Allocation Failure) 200M->70M(247M) 161.535ms
[2020-01-29T21:56:52.279+0300][40.318s][info ][gc] GC(605) Pause Young (Allocation Failure) 137M->155M(247M) 52.794ms
[2020-01-29T21:56:52.289+0300][40.328s][info ][gc] GC(606) Pause Initial Mark 174M->174M(247M) 8.814ms
[2020-01-29T21:56:52.289+0300][40.328s][info ][gc] GC(606) Concurrent Mark
[2020-01-29T21:56:52.292+0300][40.331s][debug][gc] GC(606) Concurrent active time: 3.015ms
[2020-01-29T21:56:52.292+0300][40.331s][info ][gc] GC(606) Concurrent Mark 3.072ms
[2020-01-29T21:56:52.292+0300][40.331s][info ][gc] GC(606) Concurrent Preclean
[2020-01-29T21:56:52.292+0300][40.331s][debug][gc] GC(606) Concurrent active time: 0.154ms
[2020-01-29T21:56:52.292+0300][40.331s][info ][gc] GC(606) Concurrent Preclean 0.185ms
[2020-01-29T21:56:52.292+0300][40.331s][info ][gc] GC(606) Concurrent Abortable Preclean
[2020-01-29T21:56:52.292+0300][40.331s][debug][gc] GC(606) Concurrent active time: 0.003ms
[2020-01-29T21:56:52.292+0300][40.331s][info ][gc] GC(606) Concurrent Abortable Preclean 0.030ms
[2020-01-29T21:56:52.293+0300][40.331s][debug][gc] GC(606) YG occupancy: 57250 K (78656 K)
[2020-01-29T21:56:52.303+0300][40.342s][info ][gc] GC(606) Pause Remark 202M->202M(247M) 10.780ms
[2020-01-29T21:56:52.303+0300][40.342s][info ][gc] GC(606) Concurrent Sweep
[2020-01-29T21:56:52.306+0300][40.345s][info ][gc] GC(607) Pause Young (Allocation Failure) 200M->200M(247M) 0.040ms
[2020-01-29T21:56:52.373+0300][40.411s][debug][gc] GC(606) Concurrent active time: 69.094ms
[2020-01-29T21:56:52.373+0300][40.411s][info ][gc] GC(606) Concurrent Sweep 69.334ms
[2020-01-29T21:56:52.373+0300][40.411s][debug][gc] GC(608) Concurrent mode failure
[2020-01-29T21:56:52.468+0300][40.506s][info ][gc] GC(608) Pause Full (Allocation Failure) 200M->70M(247M) 161.081ms
[2020-01-29T21:56:52.544+0300][40.582s][info ][gc] GC(609) Pause Young (Allocation Failure) 137M->155M(247M) 54.959ms
[2020-01-29T21:56:52.553+0300][40.591s][info ][gc] GC(610) Pause Initial Mark 174M->174M(247M) 8.825ms
[2020-01-29T21:56:52.553+0300][40.591s][info ][gc] GC(610) Concurrent Mark
[2020-01-29T21:56:52.556+0300][40.594s][debug][gc] GC(610) Concurrent active time: 3.034ms
[2020-01-29T21:56:52.556+0300][40.594s][info ][gc] GC(610) Concurrent Mark 3.092ms
[2020-01-29T21:56:52.557+0300][40.595s][info ][gc] GC(610) Concurrent Preclean
[2020-01-29T21:56:52.557+0300][40.595s][debug][gc] GC(610) Concurrent active time: 0.153ms
[2020-01-29T21:56:52.557+0300][40.595s][info ][gc] GC(610) Concurrent Preclean 0.185ms
[2020-01-29T21:56:52.557+0300][40.595s][info ][gc] GC(610) Concurrent Abortable Preclean
[2020-01-29T21:56:52.557+0300][40.595s][debug][gc] GC(610) Concurrent active time: 0.004ms
[2020-01-29T21:56:52.557+0300][40.595s][info ][gc] GC(610) Concurrent Abortable Preclean 0.030ms
[2020-01-29T21:56:52.557+0300][40.595s][debug][gc] GC(610) YG occupancy: 57230 K (78656 K)
[2020-01-29T21:56:52.567+0300][40.606s][info ][gc] GC(610) Pause Remark 202M->202M(247M) 10.826ms
[2020-01-29T21:56:52.567+0300][40.606s][info ][gc] GC(610) Concurrent Sweep
[2020-01-29T21:56:52.569+0300][40.608s][info ][gc] GC(611) Pause Young (Allocation Failure) 200M->200M(247M) 0.040ms
[2020-01-29T21:56:52.637+0300][40.676s][debug][gc] GC(610) Concurrent active time: 69.744ms
[2020-01-29T21:56:52.637+0300][40.676s][info ][gc] GC(610) Concurrent Sweep 69.977ms
[2020-01-29T21:56:52.637+0300][40.676s][debug][gc] GC(612) Concurrent mode failure
[2020-01-29T21:56:52.732+0300][40.770s][info ][gc] GC(612) Pause Full (Allocation Failure) 200M->70M(247M) 161.737ms
[2020-01-29T21:56:52.803+0300][40.841s][info ][gc] GC(613) Pause Young (Allocation Failure) 137M->155M(247M) 52.928ms
[2020-01-29T21:56:52.812+0300][40.851s][info ][gc] GC(614) Pause Initial Mark 174M->174M(247M) 8.814ms
[2020-01-29T21:56:52.812+0300][40.851s][info ][gc] GC(614) Concurrent Mark
[2020-01-29T21:56:52.815+0300][40.854s][debug][gc] GC(614) Concurrent active time: 3.026ms
[2020-01-29T21:56:52.815+0300][40.854s][info ][gc] GC(614) Concurrent Mark 3.086ms
[2020-01-29T21:56:52.815+0300][40.854s][info ][gc] GC(614) Concurrent Preclean
[2020-01-29T21:56:52.816+0300][40.854s][debug][gc] GC(614) Concurrent active time: 0.162ms
[2020-01-29T21:56:52.816+0300][40.854s][info ][gc] GC(614) Concurrent Preclean 0.192ms
[2020-01-29T21:56:52.816+0300][40.854s][info ][gc] GC(614) Concurrent Abortable Preclean
[2020-01-29T21:56:52.816+0300][40.854s][debug][gc] GC(614) Concurrent active time: 0.003ms
[2020-01-29T21:56:52.816+0300][40.854s][info ][gc] GC(614) Concurrent Abortable Preclean 0.030ms
[2020-01-29T21:56:52.816+0300][40.854s][debug][gc] GC(614) YG occupancy: 57242 K (78656 K)
[2020-01-29T21:56:52.827+0300][40.865s][info ][gc] GC(614) Pause Remark 202M->202M(247M) 10.820ms
[2020-01-29T21:56:52.827+0300][40.865s][info ][gc] GC(614) Concurrent Sweep
[2020-01-29T21:56:52.829+0300][40.868s][info ][gc] GC(615) Pause Young (Allocation Failure) 200M->200M(247M) 0.043ms
[2020-01-29T21:56:52.896+0300][40.934s][debug][gc] GC(614) Concurrent active time: 68.929ms
[2020-01-29T21:56:52.896+0300][40.934s][info ][gc] GC(614) Concurrent Sweep 69.268ms
[2020-01-29T21:56:52.896+0300][40.934s][debug][gc] GC(616) Concurrent mode failure
[2020-01-29T21:56:52.990+0300][41.029s][info ][gc] GC(616) Pause Full (Allocation Failure) 200M->70M(247M) 161.084ms
[2020-01-29T21:56:53.062+0300][41.100s][info ][gc] GC(617) Pause Young (Allocation Failure) 137M->155M(247M) 52.949ms
[2020-01-29T21:56:53.072+0300][41.110s][info ][gc] GC(618) Pause Initial Mark 174M->174M(247M) 8.848ms
[2020-01-29T21:56:53.072+0300][41.110s][info ][gc] GC(618) Concurrent Mark
[2020-01-29T21:56:53.075+0300][41.113s][debug][gc] GC(618) Concurrent active time: 3.029ms
[2020-01-29T21:56:53.075+0300][41.113s][info ][gc] GC(618) Concurrent Mark 3.086ms
[2020-01-29T21:56:53.075+0300][41.113s][info ][gc] GC(618) Concurrent Preclean
[2020-01-29T21:56:53.075+0300][41.113s][debug][gc] GC(618) Concurrent active time: 0.158ms
[2020-01-29T21:56:53.075+0300][41.113s][info ][gc] GC(618) Concurrent Preclean 0.189ms
[2020-01-29T21:56:53.075+0300][41.113s][info ][gc] GC(618) Concurrent Abortable Preclean
[2020-01-29T21:56:53.075+0300][41.113s][debug][gc] GC(618) Concurrent active time: 0.004ms
[2020-01-29T21:56:53.075+0300][41.113s][info ][gc] GC(618) Concurrent Abortable Preclean 0.031ms
[2020-01-29T21:56:53.075+0300][41.113s][debug][gc] GC(618) YG occupancy: 57247 K (78656 K)
[2020-01-29T21:56:53.086+0300][41.124s][info ][gc] GC(618) Pause Remark 202M->202M(247M) 10.845ms
[2020-01-29T21:56:53.086+0300][41.124s][info ][gc] GC(618) Concurrent Sweep
[2020-01-29T21:56:53.089+0300][41.127s][info ][gc] GC(619) Pause Young (Allocation Failure) 200M->200M(247M) 0.041ms
[2020-01-29T21:56:53.154+0300][41.193s][debug][gc] GC(618) Concurrent active time: 68.710ms
[2020-01-29T21:56:53.154+0300][41.193s][info ][gc] GC(618) Concurrent Sweep 68.960ms
[2020-01-29T21:56:53.154+0300][41.193s][debug][gc] GC(620) Concurrent mode failure
[2020-01-29T21:56:53.249+0300][41.288s][info ][gc] GC(620) Pause Full (Allocation Failure) 200M->70M(247M) 161.208ms
[2020-01-29T21:56:53.320+0300][41.359s][info ][gc] GC(621) Pause Young (Allocation Failure) 137M->155M(247M) 52.645ms
[2020-01-29T21:56:53.330+0300][41.368s][info ][gc] GC(622) Pause Initial Mark 174M->174M(247M) 8.826ms
[2020-01-29T21:56:53.330+0300][41.368s][info ][gc] GC(622) Concurrent Mark
[2020-01-29T21:56:53.333+0300][41.371s][debug][gc] GC(622) Concurrent active time: 3.016ms
[2020-01-29T21:56:53.333+0300][41.372s][info ][gc] GC(622) Concurrent Mark 3.074ms
[2020-01-29T21:56:53.333+0300][41.372s][info ][gc] GC(622) Concurrent Preclean
[2020-01-29T21:56:53.333+0300][41.372s][debug][gc] GC(622) Concurrent active time: 0.156ms
[2020-01-29T21:56:53.333+0300][41.372s][info ][gc] GC(622) Concurrent Preclean 0.188ms
[2020-01-29T21:56:53.333+0300][41.372s][info ][gc] GC(622) Concurrent Abortable Preclean
[2020-01-29T21:56:53.333+0300][41.372s][debug][gc] GC(622) Concurrent active time: 0.004ms
[2020-01-29T21:56:53.333+0300][41.372s][info ][gc] GC(622) Concurrent Abortable Preclean 0.031ms
[2020-01-29T21:56:53.333+0300][41.372s][debug][gc] GC(622) YG occupancy: 57249 K (78656 K)
[2020-01-29T21:56:53.344+0300][41.383s][info ][gc] GC(622) Pause Remark 202M->202M(247M) 10.796ms
[2020-01-29T21:56:53.344+0300][41.383s][info ][gc] GC(622) Concurrent Sweep
[2020-01-29T21:56:53.347+0300][41.385s][info ][gc] GC(623) Pause Young (Allocation Failure) 200M->200M(247M) 0.041ms
[2020-01-29T21:56:53.414+0300][41.452s][debug][gc] GC(622) Concurrent active time: 68.973ms
[2020-01-29T21:56:53.414+0300][41.452s][info ][gc] GC(622) Concurrent Sweep 69.208ms
[2020-01-29T21:56:53.414+0300][41.452s][debug][gc] GC(624) Concurrent mode failure
[2020-01-29T21:56:53.507+0300][41.546s][info ][gc] GC(624) Pause Full (Allocation Failure) 200M->70M(247M) 160.355ms
[2020-01-29T21:56:53.581+0300][41.619s][info ][gc] GC(625) Pause Young (Allocation Failure) 137M->155M(247M) 53.006ms
[2020-01-29T21:56:53.590+0300][41.629s][info ][gc] GC(626) Pause Initial Mark 174M->174M(247M) 8.820ms
[2020-01-29T21:56:53.590+0300][41.629s][info ][gc] GC(626) Concurrent Mark
[2020-01-29T21:56:53.594+0300][41.632s][debug][gc] GC(626) Concurrent active time: 3.014ms
[2020-01-29T21:56:53.594+0300][41.632s][info ][gc] GC(626) Concurrent Mark 3.072ms
[2020-01-29T21:56:53.594+0300][41.632s][info ][gc] GC(626) Concurrent Preclean
[2020-01-29T21:56:53.594+0300][41.632s][debug][gc] GC(626) Concurrent active time: 0.155ms
[2020-01-29T21:56:53.594+0300][41.632s][info ][gc] GC(626) Concurrent Preclean 0.186ms
[2020-01-29T21:56:53.594+0300][41.632s][info ][gc] GC(626) Concurrent Abortable Preclean
[2020-01-29T21:56:53.594+0300][41.632s][debug][gc] GC(626) Concurrent active time: 0.004ms
[2020-01-29T21:56:53.594+0300][41.632s][info ][gc] GC(626) Concurrent Abortable Preclean 0.030ms
[2020-01-29T21:56:53.594+0300][41.632s][debug][gc] GC(626) YG occupancy: 57230 K (78656 K)
[2020-01-29T21:56:53.605+0300][41.643s][info ][gc] GC(626) Pause Remark 202M->202M(247M) 10.804ms
[2020-01-29T21:56:53.605+0300][41.643s][info ][gc] GC(626) Concurrent Sweep
[2020-01-29T21:56:53.607+0300][41.646s][info ][gc] GC(627) Pause Young (Allocation Failure) 200M->200M(247M) 0.040ms
[2020-01-29T21:56:53.673+0300][41.712s][debug][gc] GC(626) Concurrent active time: 68.606ms
[2020-01-29T21:56:53.673+0300][41.712s][info ][gc] GC(626) Concurrent Sweep 68.847ms
[2020-01-29T21:56:53.673+0300][41.712s][debug][gc] GC(628) Concurrent mode failure
[2020-01-29T21:56:53.768+0300][41.807s][info ][gc] GC(628) Pause Full (Allocation Failure) 200M->70M(247M) 160.903ms
[2020-01-29T21:56:53.842+0300][41.880s][info ][gc] GC(629) Pause Young (Allocation Failure) 137M->155M(247M) 54.674ms
[2020-01-29T21:56:53.851+0300][41.890s][info ][gc] GC(630) Pause Initial Mark 174M->174M(247M) 8.809ms
[2020-01-29T21:56:53.852+0300][41.890s][info ][gc] GC(630) Concurrent Mark
[2020-01-29T21:56:53.855+0300][41.893s][debug][gc] GC(630) Concurrent active time: 3.043ms
[2020-01-29T21:56:53.855+0300][41.893s][info ][gc] GC(630) Concurrent Mark 3.102ms
[2020-01-29T21:56:53.855+0300][41.893s][info ][gc] GC(630) Concurrent Preclean
[2020-01-29T21:56:53.855+0300][41.893s][debug][gc] GC(630) Concurrent active time: 0.154ms
[2020-01-29T21:56:53.855+0300][41.893s][info ][gc] GC(630) Concurrent Preclean 0.185ms
[2020-01-29T21:56:53.855+0300][41.893s][info ][gc] GC(630) Concurrent Abortable Preclean
[2020-01-29T21:56:53.855+0300][41.893s][debug][gc] GC(630) Concurrent active time: 0.004ms
[2020-01-29T21:56:53.855+0300][41.893s][info ][gc] GC(630) Concurrent Abortable Preclean 0.030ms
[2020-01-29T21:56:53.855+0300][41.893s][debug][gc] GC(630) YG occupancy: 57241 K (78656 K)
[2020-01-29T21:56:53.866+0300][41.904s][info ][gc] GC(630) Pause Remark 202M->202M(247M) 10.817ms
[2020-01-29T21:56:53.866+0300][41.904s][info ][gc] GC(630) Concurrent Sweep
[2020-01-29T21:56:53.869+0300][41.907s][info ][gc] GC(631) Pause Young (Allocation Failure) 200M->200M(247M) 0.043ms
[2020-01-29T21:56:53.934+0300][41.973s][debug][gc] GC(630) Concurrent active time: 69.164ms
[2020-01-29T21:56:53.934+0300][41.973s][info ][gc] GC(630) Concurrent Sweep 69.434ms
[2020-01-29T21:56:53.934+0300][41.973s][debug][gc] GC(632) Concurrent mode failure
[2020-01-29T21:56:54.028+0300][42.067s][info ][gc] GC(632) Pause Full (Allocation Failure) 200M->70M(247M) 160.265ms
[2020-01-29T21:56:54.100+0300][42.138s][info ][gc] GC(633) Pause Young (Allocation Failure) 137M->155M(247M) 53.116ms
[2020-01-29T21:56:54.110+0300][42.148s][info ][gc] GC(634) Pause Initial Mark 174M->174M(247M) 8.830ms
[2020-01-29T21:56:54.110+0300][42.148s][info ][gc] GC(634) Concurrent Mark
[2020-01-29T21:56:54.113+0300][42.151s][debug][gc] GC(634) Concurrent active time: 3.024ms
[2020-01-29T21:56:54.113+0300][42.151s][info ][gc] GC(634) Concurrent Mark 3.082ms
[2020-01-29T21:56:54.113+0300][42.151s][info ][gc] GC(634) Concurrent Preclean
[2020-01-29T21:56:54.113+0300][42.151s][debug][gc] GC(634) Concurrent active time: 0.155ms
[2020-01-29T21:56:54.113+0300][42.151s][info ][gc] GC(634) Concurrent Preclean 0.186ms
[2020-01-29T21:56:54.113+0300][42.151s][info ][gc] GC(634) Concurrent Abortable Preclean
[2020-01-29T21:56:54.113+0300][42.151s][debug][gc] GC(634) Concurrent active time: 0.004ms
[2020-01-29T21:56:54.113+0300][42.151s][info ][gc] GC(634) Concurrent Abortable Preclean 0.030ms
[2020-01-29T21:56:54.113+0300][42.151s][debug][gc] GC(634) YG occupancy: 57246 K (78656 K)
[2020-01-29T21:56:54.124+0300][42.162s][info ][gc] GC(634) Pause Remark 202M->202M(247M) 10.899ms
[2020-01-29T21:56:54.124+0300][42.162s][info ][gc] GC(634) Concurrent Sweep
[2020-01-29T21:56:54.127+0300][42.165s][info ][gc] GC(635) Pause Young (Allocation Failure) 200M->200M(247M) 0.041ms
[2020-01-29T21:56:54.195+0300][42.233s][debug][gc] GC(634) Concurrent active time: 70.691ms
[2020-01-29T21:56:54.195+0300][42.233s][info ][gc] GC(634) Concurrent Sweep 70.935ms
[2020-01-29T21:56:54.195+0300][42.233s][debug][gc] GC(636) Concurrent mode failure
[2020-01-29T21:56:54.288+0300][42.327s][info ][gc] GC(636) Pause Full (Allocation Failure) 200M->70M(247M) 161.823ms
[2020-01-29T21:56:54.360+0300][42.399s][info ][gc] GC(637) Pause Young (Allocation Failure) 137M->155M(247M) 53.124ms
[2020-01-29T21:56:54.370+0300][42.408s][info ][gc] GC(638) Pause Initial Mark 174M->174M(247M) 8.885ms
[2020-01-29T21:56:54.370+0300][42.408s][info ][gc] GC(638) Concurrent Mark
[2020-01-29T21:56:54.374+0300][42.412s][debug][gc] GC(638) Concurrent active time: 3.202ms
[2020-01-29T21:56:54.374+0300][42.412s][info ][gc] GC(638) Concurrent Mark 3.851ms
[2020-01-29T21:56:54.374+0300][42.412s][info ][gc] GC(638) Concurrent Preclean
[2020-01-29T21:56:54.374+0300][42.413s][debug][gc] GC(638) Concurrent active time: 0.191ms
[2020-01-29T21:56:54.374+0300][42.413s][info ][gc] GC(638) Concurrent Preclean 0.230ms
[2020-01-29T21:56:54.374+0300][42.413s][info ][gc] GC(638) Concurrent Abortable Preclean
[2020-01-29T21:56:54.374+0300][42.413s][debug][gc] GC(638) Concurrent active time: 0.005ms
[2020-01-29T21:56:54.374+0300][42.413s][info ][gc] GC(638) Concurrent Abortable Preclean 0.033ms
[2020-01-29T21:56:54.374+0300][42.413s][debug][gc] GC(638) YG occupancy: 38059 K (78656 K)
[2020-01-29T21:56:54.386+0300][42.424s][info ][gc] GC(638) Pause Remark 184M->184M(247M) 11.548ms
[2020-01-29T21:56:54.386+0300][42.425s][info ][gc] GC(638) Concurrent Sweep
[2020-01-29T21:56:54.391+0300][42.430s][info ][gc] GC(639) Pause Young (Allocation Failure) 195M->195M(247M) 0.043ms
[2020-01-29T21:56:54.454+0300][42.492s][debug][gc] GC(638) Concurrent active time: 67.352ms
[2020-01-29T21:56:54.454+0300][42.492s][info ][gc] GC(638) Concurrent Sweep 67.633ms
[2020-01-29T21:56:54.454+0300][42.492s][debug][gc] GC(640) Concurrent mode failure
[2020-01-29T21:56:54.548+0300][42.586s][info ][gc] GC(640) Pause Full (Allocation Failure) 195M->70M(247M) 156.578ms
[2020-01-29T21:56:54.649+0300][42.688s][info ][gc] GC(641) Pause Young (Allocation Failure) 137M->155M(247M) 82.863ms
[2020-01-29T21:56:54.658+0300][42.697s][info ][gc] GC(642) Pause Initial Mark 174M->174M(247M) 8.824ms
[2020-01-29T21:56:54.659+0300][42.697s][info ][gc] GC(642) Concurrent Mark
[2020-01-29T21:56:54.662+0300][42.701s][debug][gc] GC(642) Concurrent active time: 3.188ms
[2020-01-29T21:56:54.662+0300][42.701s][info ][gc] GC(642) Concurrent Mark 3.255ms
[2020-01-29T21:56:54.662+0300][42.701s][info ][gc] GC(642) Concurrent Preclean
[2020-01-29T21:56:54.662+0300][42.701s][debug][gc] GC(642) Concurrent active time: 0.159ms
[2020-01-29T21:56:54.662+0300][42.701s][info ][gc] GC(642) Concurrent Preclean 0.192ms
[2020-01-29T21:56:54.662+0300][42.701s][info ][gc] GC(642) Concurrent Abortable Preclean
[2020-01-29T21:56:54.662+0300][42.701s][debug][gc] GC(642) Concurrent active time: 0.004ms
[2020-01-29T21:56:54.662+0300][42.701s][info ][gc] GC(642) Concurrent Abortable Preclean 0.030ms
[2020-01-29T21:56:54.662+0300][42.701s][debug][gc] GC(642) YG occupancy: 57249 K (78656 K)
[2020-01-29T21:56:54.673+0300][42.712s][info ][gc] GC(642) Pause Remark 202M->202M(247M) 10.932ms
[2020-01-29T21:56:54.673+0300][42.712s][info ][gc] GC(642) Concurrent Sweep
[2020-01-29T21:56:54.676+0300][42.715s][info ][gc] GC(643) Pause Young (Allocation Failure) 201M->201M(247M) 0.040ms
[2020-01-29T21:56:54.744+0300][42.783s][debug][gc] GC(642) Concurrent active time: 70.303ms
[2020-01-29T21:56:54.744+0300][42.783s][info ][gc] GC(642) Concurrent Sweep 70.548ms
[2020-01-29T21:56:54.744+0300][42.783s][debug][gc] GC(644) Concurrent mode failure
[2020-01-29T21:56:54.839+0300][42.878s][info ][gc] GC(644) Pause Full (Allocation Failure) 201M->70M(247M) 163.078ms
[2020-01-29T21:56:54.911+0300][42.950s][info ][gc] GC(645) Pause Young (Allocation Failure) 137M->155M(247M) 53.362ms
[2020-01-29T21:56:54.921+0300][42.959s][info ][gc] GC(646) Pause Initial Mark 174M->174M(247M) 8.847ms
[2020-01-29T21:56:54.921+0300][42.960s][info ][gc] GC(646) Concurrent Mark
[2020-01-29T21:56:54.924+0300][42.963s][debug][gc] GC(646) Concurrent active time: 3.075ms
[2020-01-29T21:56:54.924+0300][42.963s][info ][gc] GC(646) Concurrent Mark 3.139ms
[2020-01-29T21:56:54.924+0300][42.963s][info ][gc] GC(646) Concurrent Preclean
[2020-01-29T21:56:54.924+0300][42.963s][debug][gc] GC(646) Concurrent active time: 0.166ms
[2020-01-29T21:56:54.924+0300][42.963s][info ][gc] GC(646) Concurrent Preclean 0.198ms
[2020-01-29T21:56:54.924+0300][42.963s][info ][gc] GC(646) Concurrent Abortable Preclean
[2020-01-29T21:56:54.924+0300][42.963s][debug][gc] GC(646) Concurrent active time: 0.004ms
[2020-01-29T21:56:54.924+0300][42.963s][info ][gc] GC(646) Concurrent Abortable Preclean 0.031ms
[2020-01-29T21:56:54.924+0300][42.963s][debug][gc] GC(646) YG occupancy: 57252 K (78656 K)
[2020-01-29T21:56:54.935+0300][42.974s][info ][gc] GC(646) Pause Remark 202M->202M(247M) 10.860ms
[2020-01-29T21:56:54.935+0300][42.974s][info ][gc] GC(646) Concurrent Sweep
[2020-01-29T21:56:54.938+0300][42.977s][info ][gc] GC(647) Pause Young (Allocation Failure) 200M->200M(247M) 0.042ms
[2020-01-29T21:56:55.005+0300][43.044s][debug][gc] GC(646) Concurrent active time: 69.606ms
[2020-01-29T21:56:55.005+0300][43.044s][info ][gc] GC(646) Concurrent Sweep 69.854ms
[2020-01-29T21:56:55.005+0300][43.044s][debug][gc] GC(648) Concurrent mode failure
[2020-01-29T21:56:55.101+0300][43.139s][info ][gc] GC(648) Pause Full (Allocation Failure) 200M->70M(247M) 162.252ms
[2020-01-29T21:56:55.174+0300][43.212s][info ][gc] GC(649) Pause Young (Allocation Failure) 137M->155M(247M) 53.918ms
[2020-01-29T21:56:55.183+0300][43.221s][info ][gc] GC(650) Pause Initial Mark 174M->174M(247M) 8.842ms
[2020-01-29T21:56:55.183+0300][43.221s][info ][gc] GC(650) Concurrent Mark
[2020-01-29T21:56:55.186+0300][43.224s][debug][gc] GC(650) Concurrent active time: 3.023ms
[2020-01-29T21:56:55.186+0300][43.224s][info ][gc] GC(650) Concurrent Mark 3.081ms
[2020-01-29T21:56:55.186+0300][43.224s][info ][gc] GC(650) Concurrent Preclean
[2020-01-29T21:56:55.187+0300][43.225s][debug][gc] GC(650) Concurrent active time: 0.160ms
[2020-01-29T21:56:55.187+0300][43.225s][info ][gc] GC(650) Concurrent Preclean 0.195ms
[2020-01-29T21:56:55.187+0300][43.225s][info ][gc] GC(650) Concurrent Abortable Preclean
[2020-01-29T21:56:55.187+0300][43.225s][debug][gc] GC(650) Concurrent active time: 0.004ms
[2020-01-29T21:56:55.187+0300][43.225s][info ][gc] GC(650) Concurrent Abortable Preclean 0.031ms
[2020-01-29T21:56:55.187+0300][43.225s][debug][gc] GC(650) YG occupancy: 57249 K (78656 K)
[2020-01-29T21:56:55.197+0300][43.236s][info ][gc] GC(650) Pause Remark 202M->202M(247M) 10.809ms
[2020-01-29T21:56:55.197+0300][43.236s][info ][gc] GC(650) Concurrent Sweep
[2020-01-29T21:56:55.199+0300][43.238s][info ][gc] GC(651) Pause Young (Allocation Failure) 200M->200M(247M) 0.041ms
[2020-01-29T21:56:55.267+0300][43.305s][debug][gc] GC(650) Concurrent active time: 69.677ms
[2020-01-29T21:56:55.267+0300][43.306s][info ][gc] GC(650) Concurrent Sweep 69.919ms
[2020-01-29T21:56:55.267+0300][43.306s][debug][gc] GC(652) Concurrent mode failure
[2020-01-29T21:56:55.362+0300][43.400s][info ][gc] GC(652) Pause Full (Allocation Failure) 200M->70M(247M) 161.525ms
[2020-01-29T21:56:55.435+0300][43.474s][info ][gc] GC(653) Pause Young (Allocation Failure) 137M->155M(247M) 54.069ms
[2020-01-29T21:56:55.445+0300][43.483s][info ][gc] GC(654) Pause Initial Mark 174M->174M(247M) 8.816ms
[2020-01-29T21:56:55.445+0300][43.483s][info ][gc] GC(654) Concurrent Mark
[2020-01-29T21:56:55.448+0300][43.487s][debug][gc] GC(654) Concurrent active time: 3.137ms
[2020-01-29T21:56:55.448+0300][43.487s][info ][gc] GC(654) Concurrent Mark 3.336ms
[2020-01-29T21:56:55.449+0300][43.487s][info ][gc] GC(654) Concurrent Preclean
[2020-01-29T21:56:55.449+0300][43.487s][debug][gc] GC(654) Concurrent active time: 0.169ms
[2020-01-29T21:56:55.449+0300][43.487s][info ][gc] GC(654) Concurrent Preclean 0.202ms
[2020-01-29T21:56:55.449+0300][43.487s][info ][gc] GC(654) Concurrent Abortable Preclean
[2020-01-29T21:56:55.449+0300][43.487s][debug][gc] GC(654) Concurrent active time: 0.004ms
[2020-01-29T21:56:55.449+0300][43.487s][info ][gc] GC(654) Concurrent Abortable Preclean 0.030ms
[2020-01-29T21:56:55.449+0300][43.487s][debug][gc] GC(654) YG occupancy: 46312 K (78656 K)
[2020-01-29T21:56:55.460+0300][43.498s][info ][gc] GC(654) Pause Remark 192M->192M(247M) 10.773ms
[2020-01-29T21:56:55.460+0300][43.498s][info ][gc] GC(654) Concurrent Sweep
[2020-01-29T21:56:55.464+0300][43.502s][info ][gc] GC(655) Pause Young (Allocation Failure) 197M->197M(247M) 0.044ms
[2020-01-29T21:56:55.528+0300][43.566s][debug][gc] GC(654) Concurrent active time: 68.099ms
[2020-01-29T21:56:55.528+0300][43.566s][info ][gc] GC(654) Concurrent Sweep 68.359ms
[2020-01-29T21:56:55.528+0300][43.566s][debug][gc] GC(656) Concurrent mode failure
[2020-01-29T21:56:55.621+0300][43.660s][info ][gc] GC(656) Pause Full (Allocation Failure) 197M->70M(247M) 157.867ms
[2020-01-29T21:56:55.693+0300][43.731s][info ][gc] GC(657) Pause Young (Allocation Failure) 137M->155M(247M) 52.979ms
[2020-01-29T21:56:55.702+0300][43.741s][info ][gc] GC(658) Pause Initial Mark 174M->174M(247M) 8.823ms
[2020-01-29T21:56:55.702+0300][43.741s][info ][gc] GC(658) Concurrent Mark
[2020-01-29T21:56:55.705+0300][43.744s][debug][gc] GC(658) Concurrent active time: 3.050ms
[2020-01-29T21:56:55.705+0300][43.744s][info ][gc] GC(658) Concurrent Mark 3.110ms
[2020-01-29T21:56:55.706+0300][43.744s][info ][gc] GC(658) Concurrent Preclean
[2020-01-29T21:56:55.706+0300][43.744s][debug][gc] GC(658) Concurrent active time: 0.155ms
[2020-01-29T21:56:55.706+0300][43.744s][info ][gc] GC(658) Concurrent Preclean 0.187ms
[2020-01-29T21:56:55.706+0300][43.744s][info ][gc] GC(658) Concurrent Abortable Preclean
[2020-01-29T21:56:55.706+0300][43.744s][debug][gc] GC(658) Concurrent active time: 0.004ms
[2020-01-29T21:56:55.706+0300][43.744s][info ][gc] GC(658) Concurrent Abortable Preclean 0.030ms
[2020-01-29T21:56:55.706+0300][43.744s][debug][gc] GC(658) YG occupancy: 57247 K (78656 K)
[2020-01-29T21:56:55.717+0300][43.755s][info ][gc] GC(658) Pause Remark 202M->202M(247M) 10.880ms
[2020-01-29T21:56:55.717+0300][43.755s][info ][gc] GC(658) Concurrent Sweep
[2020-01-29T21:56:55.719+0300][43.758s][info ][gc] GC(659) Pause Young (Allocation Failure) 201M->201M(247M) 0.039ms
[2020-01-29T21:56:55.786+0300][43.824s][debug][gc] GC(658) Concurrent active time: 68.579ms
[2020-01-29T21:56:55.786+0300][43.824s][info ][gc] GC(658) Concurrent Sweep 68.819ms
[2020-01-29T21:56:55.786+0300][43.824s][debug][gc] GC(660) Concurrent mode failure
[2020-01-29T21:56:55.881+0300][43.919s][info ][gc] GC(660) Pause Full (Allocation Failure) 201M->70M(247M) 161.078ms
[2020-01-29T21:56:55.952+0300][43.991s][info ][gc] GC(661) Pause Young (Allocation Failure) 137M->155M(247M) 53.495ms
[2020-01-29T21:56:55.962+0300][44.001s][info ][gc] GC(662) Pause Initial Mark 174M->174M(247M) 8.844ms
[2020-01-29T21:56:55.962+0300][44.001s][info ][gc] GC(662) Concurrent Mark
[2020-01-29T21:56:55.965+0300][44.004s][debug][gc] GC(662) Concurrent active time: 3.034ms
[2020-01-29T21:56:55.965+0300][44.004s][info ][gc] GC(662) Concurrent Mark 3.095ms
[2020-01-29T21:56:55.965+0300][44.004s][info ][gc] GC(662) Concurrent Preclean
[2020-01-29T21:56:55.965+0300][44.004s][debug][gc] GC(662) Concurrent active time: 0.158ms
[2020-01-29T21:56:55.965+0300][44.004s][info ][gc] GC(662) Concurrent Preclean 0.189ms
[2020-01-29T21:56:55.965+0300][44.004s][info ][gc] GC(662) Concurrent Abortable Preclean
[2020-01-29T21:56:55.965+0300][44.004s][debug][gc] GC(662) Concurrent active time: 0.004ms
[2020-01-29T21:56:55.965+0300][44.004s][info ][gc] GC(662) Concurrent Abortable Preclean 0.031ms
[2020-01-29T21:56:55.965+0300][44.004s][debug][gc] GC(662) YG occupancy: 57249 K (78656 K)
[2020-01-29T21:56:55.976+0300][44.015s][info ][gc] GC(662) Pause Remark 202M->202M(247M) 10.925ms
[2020-01-29T21:56:55.976+0300][44.015s][info ][gc] GC(662) Concurrent Sweep
[2020-01-29T21:56:55.979+0300][44.018s][info ][gc] GC(663) Pause Young (Allocation Failure) 200M->200M(247M) 0.039ms
[2020-01-29T21:56:56.046+0300][44.084s][debug][gc] GC(662) Concurrent active time: 68.852ms
[2020-01-29T21:56:56.046+0300][44.084s][info ][gc] GC(662) Concurrent Sweep 69.090ms
[2020-01-29T21:56:56.046+0300][44.084s][debug][gc] GC(664) Concurrent mode failure
[2020-01-29T21:56:56.141+0300][44.179s][info ][gc] GC(664) Pause Full (Allocation Failure) 200M->70M(247M) 161.246ms
[2020-01-29T21:56:56.213+0300][44.252s][info ][gc] GC(665) Pause Young (Allocation Failure) 137M->155M(247M) 53.684ms
[2020-01-29T21:56:56.223+0300][44.261s][info ][gc] GC(666) Pause Initial Mark 174M->174M(247M) 8.847ms
[2020-01-29T21:56:56.223+0300][44.261s][info ][gc] GC(666) Concurrent Mark
[2020-01-29T21:56:56.226+0300][44.264s][debug][gc] GC(666) Concurrent active time: 3.039ms
[2020-01-29T21:56:56.226+0300][44.264s][info ][gc] GC(666) Concurrent Mark 3.097ms
[2020-01-29T21:56:56.226+0300][44.265s][info ][gc] GC(666) Concurrent Preclean
[2020-01-29T21:56:56.226+0300][44.265s][debug][gc] GC(666) Concurrent active time: 0.160ms
[2020-01-29T21:56:56.226+0300][44.265s][info ][gc] GC(666) Concurrent Preclean 0.191ms
[2020-01-29T21:56:56.226+0300][44.265s][info ][gc] GC(666) Concurrent Abortable Preclean
[2020-01-29T21:56:56.227+0300][44.265s][debug][gc] GC(666) Concurrent active time: 0.004ms
[2020-01-29T21:56:56.227+0300][44.265s][info ][gc] GC(666) Concurrent Abortable Preclean 0.033ms
[2020-01-29T21:56:56.227+0300][44.265s][debug][gc] GC(666) YG occupancy: 57249 K (78656 K)
[2020-01-29T21:56:56.238+0300][44.276s][info ][gc] GC(666) Pause Remark 202M->202M(247M) 10.936ms
[2020-01-29T21:56:56.238+0300][44.276s][info ][gc] GC(666) Concurrent Sweep
[2020-01-29T21:56:56.240+0300][44.278s][info ][gc] GC(667) Pause Young (Allocation Failure) 200M->200M(247M) 0.041ms
[2020-01-29T21:56:56.307+0300][44.345s][debug][gc] GC(666) Concurrent active time: 69.055ms
[2020-01-29T21:56:56.307+0300][44.345s][info ][gc] GC(666) Concurrent Sweep 69.294ms
[2020-01-29T21:56:56.307+0300][44.345s][debug][gc] GC(668) Concurrent mode failure
[2020-01-29T21:56:56.401+0300][44.439s][info ][gc] GC(668) Pause Full (Allocation Failure) 200M->70M(247M) 160.894ms
[2020-01-29T21:56:56.475+0300][44.513s][info ][gc] GC(669) Pause Young (Allocation Failure) 137M->155M(247M) 54.006ms
[2020-01-29T21:56:56.485+0300][44.523s][info ][gc] GC(670) Pause Initial Mark 174M->174M(247M) 8.994ms
[2020-01-29T21:56:56.485+0300][44.523s][info ][gc] GC(670) Concurrent Mark
[2020-01-29T21:56:56.488+0300][44.526s][debug][gc] GC(670) Concurrent active time: 3.230ms
[2020-01-29T21:56:56.488+0300][44.526s][info ][gc] GC(670) Concurrent Mark 3.295ms
[2020-01-29T21:56:56.488+0300][44.526s][info ][gc] GC(670) Concurrent Preclean
[2020-01-29T21:56:56.488+0300][44.526s][debug][gc] GC(670) Concurrent active time: 0.155ms
[2020-01-29T21:56:56.488+0300][44.526s][info ][gc] GC(670) Concurrent Preclean 0.185ms
[2020-01-29T21:56:56.488+0300][44.526s][info ][gc] GC(670) Concurrent Abortable Preclean
[2020-01-29T21:56:56.488+0300][44.526s][debug][gc] GC(670) Concurrent active time: 0.004ms
[2020-01-29T21:56:56.488+0300][44.526s][info ][gc] GC(670) Concurrent Abortable Preclean 0.031ms
[2020-01-29T21:56:56.488+0300][44.526s][debug][gc] GC(670) YG occupancy: 58608 K (78656 K)
[2020-01-29T21:56:56.499+0300][44.537s][info ][gc] GC(670) Pause Remark 204M->204M(247M) 10.949ms
[2020-01-29T21:56:56.499+0300][44.537s][info ][gc] GC(670) Concurrent Sweep
[2020-01-29T21:56:56.502+0300][44.540s][info ][gc] GC(671) Pause Young (Allocation Failure) 201M->201M(247M) 0.040ms
[2020-01-29T21:56:56.570+0300][44.609s][debug][gc] GC(670) Concurrent active time: 70.994ms
[2020-01-29T21:56:56.570+0300][44.609s][info ][gc] GC(670) Concurrent Sweep 71.234ms
[2020-01-29T21:56:56.570+0300][44.609s][debug][gc] GC(672) Concurrent mode failure
[2020-01-29T21:56:56.664+0300][44.703s][info ][gc] GC(672) Pause Full (Allocation Failure) 201M->70M(247M) 162.813ms
[2020-01-29T21:56:56.736+0300][44.775s][info ][gc] GC(673) Pause Young (Allocation Failure) 137M->155M(247M) 53.549ms
[2020-01-29T21:56:56.746+0300][44.784s][info ][gc] GC(674) Pause Initial Mark 174M->174M(247M) 8.812ms
[2020-01-29T21:56:56.746+0300][44.784s][info ][gc] GC(674) Concurrent Mark
[2020-01-29T21:56:56.749+0300][44.787s][debug][gc] GC(674) Concurrent active time: 3.031ms
[2020-01-29T21:56:56.749+0300][44.787s][info ][gc] GC(674) Concurrent Mark 3.084ms
[2020-01-29T21:56:56.749+0300][44.787s][info ][gc] GC(674) Concurrent Preclean
[2020-01-29T21:56:56.749+0300][44.788s][debug][gc] GC(674) Concurrent active time: 0.153ms
[2020-01-29T21:56:56.749+0300][44.788s][info ][gc] GC(674) Concurrent Preclean 0.184ms
[2020-01-29T21:56:56.749+0300][44.788s][info ][gc] GC(674) Concurrent Abortable Preclean
[2020-01-29T21:56:56.749+0300][44.788s][debug][gc] GC(674) Concurrent active time: 0.003ms
[2020-01-29T21:56:56.749+0300][44.788s][info ][gc] GC(674) Concurrent Abortable Preclean 0.030ms
[2020-01-29T21:56:56.749+0300][44.788s][debug][gc] GC(674) YG occupancy: 57242 K (78656 K)
[2020-01-29T21:56:56.761+0300][44.799s][info ][gc] GC(674) Pause Remark 202M->202M(247M) 11.062ms
[2020-01-29T21:56:56.761+0300][44.799s][info ][gc] GC(674) Concurrent Sweep
[2020-01-29T21:56:56.763+0300][44.802s][info ][gc] GC(675) Pause Young (Allocation Failure) 200M->200M(247M) 0.039ms
[2020-01-29T21:56:56.829+0300][44.867s][debug][gc] GC(674) Concurrent active time: 67.682ms
[2020-01-29T21:56:56.829+0300][44.867s][info ][gc] GC(674) Concurrent Sweep 67.911ms
[2020-01-29T21:56:56.829+0300][44.867s][debug][gc] GC(676) Concurrent mode failure
[2020-01-29T21:56:56.922+0300][44.961s][info ][gc] GC(676) Pause Full (Allocation Failure) 200M->70M(247M) 159.464ms
[2020-01-29T21:56:56.994+0300][45.033s][info ][gc] GC(677) Pause Young (Allocation Failure) 137M->155M(247M) 53.324ms
[2020-01-29T21:56:57.004+0300][45.042s][info ][gc] GC(678) Pause Initial Mark 174M->174M(247M) 8.833ms
[2020-01-29T21:56:57.004+0300][45.042s][info ][gc] GC(678) Concurrent Mark
[2020-01-29T21:56:57.007+0300][45.045s][debug][gc] GC(678) Concurrent active time: 3.040ms
[2020-01-29T21:56:57.007+0300][45.045s][info ][gc] GC(678) Concurrent Mark 3.101ms
[2020-01-29T21:56:57.007+0300][45.045s][info ][gc] GC(678) Concurrent Preclean
[2020-01-29T21:56:57.007+0300][45.046s][debug][gc] GC(678) Concurrent active time: 0.156ms
[2020-01-29T21:56:57.007+0300][45.046s][info ][gc] GC(678) Concurrent Preclean 0.187ms
[2020-01-29T21:56:57.007+0300][45.046s][info ][gc] GC(678) Concurrent Abortable Preclean
[2020-01-29T21:56:57.007+0300][45.046s][debug][gc] GC(678) Concurrent active time: 0.004ms
[2020-01-29T21:56:57.007+0300][45.046s][info ][gc] GC(678) Concurrent Abortable Preclean 0.031ms
[2020-01-29T21:56:57.007+0300][45.046s][debug][gc] GC(678) YG occupancy: 57247 K (78656 K)
[2020-01-29T21:56:57.018+0300][45.057s][info ][gc] GC(678) Pause Remark 202M->202M(247M) 10.940ms
[2020-01-29T21:56:57.018+0300][45.057s][info ][gc] GC(678) Concurrent Sweep
[2020-01-29T21:56:57.021+0300][45.059s][info ][gc] GC(679) Pause Young (Allocation Failure) 200M->200M(247M) 0.042ms
[2020-01-29T21:56:57.088+0300][45.126s][debug][gc] GC(678) Concurrent active time: 68.957ms
[2020-01-29T21:56:57.088+0300][45.126s][info ][gc] GC(678) Concurrent Sweep 69.215ms
[2020-01-29T21:56:57.088+0300][45.126s][debug][gc] GC(680) Concurrent mode failure
[2020-01-29T21:56:57.183+0300][45.221s][info ][gc] GC(680) Pause Full (Allocation Failure) 200M->70M(247M) 161.254ms
[2020-01-29T21:56:57.255+0300][45.293s][info ][gc] GC(681) Pause Young (Allocation Failure) 137M->155M(247M) 54.666ms
[2020-01-29T21:56:57.264+0300][45.303s][info ][gc] GC(682) Pause Initial Mark 174M->174M(247M) 8.845ms
[2020-01-29T21:56:57.264+0300][45.303s][info ][gc] GC(682) Concurrent Mark
[2020-01-29T21:56:57.267+0300][45.306s][debug][gc] GC(682) Concurrent active time: 3.025ms
[2020-01-29T21:56:57.267+0300][45.306s][info ][gc] GC(682) Concurrent Mark 3.083ms
[2020-01-29T21:56:57.267+0300][45.306s][info ][gc] GC(682) Concurrent Preclean
[2020-01-29T21:56:57.267+0300][45.306s][debug][gc] GC(682) Concurrent active time: 0.158ms
[2020-01-29T21:56:57.267+0300][45.306s][info ][gc] GC(682) Concurrent Preclean 0.189ms
[2020-01-29T21:56:57.267+0300][45.306s][info ][gc] GC(682) Concurrent Abortable Preclean
[2020-01-29T21:56:57.267+0300][45.306s][debug][gc] GC(682) Concurrent active time: 0.004ms
[2020-01-29T21:56:57.267+0300][45.306s][info ][gc] GC(682) Concurrent Abortable Preclean 0.030ms
[2020-01-29T21:56:57.268+0300][45.307s][debug][gc] GC(682) YG occupancy: 57249 K (78656 K)
[2020-01-29T21:56:57.278+0300][45.317s][info ][gc] GC(682) Pause Remark 202M->202M(247M) 10.896ms
[2020-01-29T21:56:57.279+0300][45.317s][info ][gc] GC(682) Concurrent Sweep
[2020-01-29T21:56:57.281+0300][45.320s][info ][gc] GC(683) Pause Young (Allocation Failure) 200M->200M(247M) 0.040ms
[2020-01-29T21:56:57.348+0300][45.386s][debug][gc] GC(682) Concurrent active time: 68.710ms
[2020-01-29T21:56:57.348+0300][45.386s][info ][gc] GC(682) Concurrent Sweep 68.947ms
[2020-01-29T21:56:57.348+0300][45.386s][debug][gc] GC(684) Concurrent mode failure
[2020-01-29T21:56:57.442+0300][45.480s][info ][gc] GC(684) Pause Full (Allocation Failure) 200M->70M(247M) 160.231ms
[2020-01-29T21:56:57.516+0300][45.555s][info ][gc] GC(685) Pause Young (Allocation Failure) 137M->155M(247M) 54.730ms
[2020-01-29T21:56:57.526+0300][45.564s][info ][gc] GC(686) Pause Initial Mark 174M->174M(247M) 8.816ms
[2020-01-29T21:56:57.526+0300][45.564s][info ][gc] GC(686) Concurrent Mark
[2020-01-29T21:56:57.529+0300][45.567s][debug][gc] GC(686) Concurrent active time: 3.035ms
[2020-01-29T21:56:57.529+0300][45.567s][info ][gc] GC(686) Concurrent Mark 3.092ms
[2020-01-29T21:56:57.529+0300][45.567s][info ][gc] GC(686) Concurrent Preclean
[2020-01-29T21:56:57.529+0300][45.568s][debug][gc] GC(686) Concurrent active time: 0.157ms
[2020-01-29T21:56:57.529+0300][45.568s][info ][gc] GC(686) Concurrent Preclean 0.188ms
[2020-01-29T21:56:57.529+0300][45.568s][info ][gc] GC(686) Concurrent Abortable Preclean
[2020-01-29T21:56:57.529+0300][45.568s][debug][gc] GC(686) Concurrent active time: 0.004ms
[2020-01-29T21:56:57.529+0300][45.568s][info ][gc] GC(686) Concurrent Abortable Preclean 0.036ms
[2020-01-29T21:56:57.530+0300][45.568s][debug][gc] GC(686) YG occupancy: 57229 K (78656 K)
[2020-01-29T21:56:57.540+0300][45.579s][info ][gc] GC(686) Pause Remark 202M->202M(247M) 10.867ms
[2020-01-29T21:56:57.540+0300][45.579s][info ][gc] GC(686) Concurrent Sweep
[2020-01-29T21:56:57.543+0300][45.581s][info ][gc] GC(687) Pause Young (Allocation Failure) 200M->200M(247M) 0.039ms
[2020-01-29T21:56:57.610+0300][45.648s][debug][gc] GC(686) Concurrent active time: 69.489ms
[2020-01-29T21:56:57.610+0300][45.648s][info ][gc] GC(686) Concurrent Sweep 69.724ms
[2020-01-29T21:56:57.610+0300][45.648s][debug][gc] GC(688) Concurrent mode failure
[2020-01-29T21:56:57.705+0300][45.743s][info ][gc] GC(688) Pause Full (Allocation Failure) 200M->70M(247M) 162.076ms
[2020-01-29T21:56:57.776+0300][45.814s][info ][gc] GC(689) Pause Young (Allocation Failure) 137M->155M(247M) 52.512ms
[2020-01-29T21:56:57.786+0300][45.824s][info ][gc] GC(690) Pause Initial Mark 174M->174M(247M) 8.878ms
[2020-01-29T21:56:57.786+0300][45.824s][info ][gc] GC(690) Concurrent Mark
[2020-01-29T21:56:57.789+0300][45.827s][debug][gc] GC(690) Concurrent active time: 3.025ms
[2020-01-29T21:56:57.789+0300][45.827s][info ][gc] GC(690) Concurrent Mark 3.081ms
[2020-01-29T21:56:57.789+0300][45.827s][info ][gc] GC(690) Concurrent Preclean
[2020-01-29T21:56:57.789+0300][45.827s][debug][gc] GC(690) Concurrent active time: 0.155ms
[2020-01-29T21:56:57.789+0300][45.827s][info ][gc] GC(690) Concurrent Preclean 0.187ms
[2020-01-29T21:56:57.789+0300][45.827s][info ][gc] GC(690) Concurrent Abortable Preclean
[2020-01-29T21:56:57.789+0300][45.827s][debug][gc] GC(690) Concurrent active time: 0.004ms
[2020-01-29T21:56:57.789+0300][45.827s][info ][gc] GC(690) Concurrent Abortable Preclean 0.030ms
[2020-01-29T21:56:57.789+0300][45.828s][debug][gc] GC(690) YG occupancy: 57241 K (78656 K)
[2020-01-29T21:56:57.800+0300][45.838s][info ][gc] GC(690) Pause Remark 202M->202M(247M) 10.877ms
[2020-01-29T21:56:57.800+0300][45.838s][info ][gc] GC(690) Concurrent Sweep
[2020-01-29T21:56:57.803+0300][45.841s][info ][gc] GC(691) Pause Young (Allocation Failure) 200M->200M(247M) 0.041ms
[2020-01-29T21:56:57.868+0300][45.906s][debug][gc] GC(690) Concurrent active time: 67.795ms
[2020-01-29T21:56:57.868+0300][45.906s][info ][gc] GC(690) Concurrent Sweep 68.036ms
[2020-01-29T21:56:57.868+0300][45.907s][debug][gc] GC(692) Concurrent mode failure
[2020-01-29T21:56:57.963+0300][46.001s][info ][gc] GC(692) Pause Full (Allocation Failure) 200M->70M(247M) 160.095ms
[2020-01-29T21:56:58.035+0300][46.074s][info ][gc] GC(693) Pause Young (Allocation Failure) 137M->155M(247M) 53.466ms
[2020-01-29T21:56:58.044+0300][46.083s][info ][gc] GC(694) Pause Initial Mark 174M->174M(247M) 8.813ms
[2020-01-29T21:56:58.044+0300][46.083s][info ][gc] GC(694) Concurrent Mark
[2020-01-29T21:56:58.047+0300][46.086s][debug][gc] GC(694) Concurrent active time: 3.024ms
[2020-01-29T21:56:58.047+0300][46.086s][info ][gc] GC(694) Concurrent Mark 3.079ms
[2020-01-29T21:56:58.047+0300][46.086s][info ][gc] GC(694) Concurrent Preclean
[2020-01-29T21:56:58.048+0300][46.086s][debug][gc] GC(694) Concurrent active time: 0.153ms
[2020-01-29T21:56:58.048+0300][46.086s][info ][gc] GC(694) Concurrent Preclean 0.185ms
[2020-01-29T21:56:58.048+0300][46.086s][info ][gc] GC(694) Concurrent Abortable Preclean
[2020-01-29T21:56:58.048+0300][46.087s][debug][gc] GC(694) Concurrent active time: 0.004ms
[2020-01-29T21:56:58.048+0300][46.087s][info ][gc] GC(694) Concurrent Abortable Preclean 0.030ms
[2020-01-29T21:56:58.048+0300][46.087s][debug][gc] GC(694) YG occupancy: 57246 K (78656 K)
[2020-01-29T21:56:58.059+0300][46.097s][info ][gc] GC(694) Pause Remark 202M->202M(247M) 10.863ms
[2020-01-29T21:56:58.059+0300][46.097s][info ][gc] GC(694) Concurrent Sweep
[2020-01-29T21:56:58.061+0300][46.100s][info ][gc] GC(695) Pause Young (Allocation Failure) 200M->200M(247M) 0.041ms
[2020-01-29T21:56:58.129+0300][46.167s][debug][gc] GC(694) Concurrent active time: 69.522ms
[2020-01-29T21:56:58.129+0300][46.167s][info ][gc] GC(694) Concurrent Sweep 69.765ms
[2020-01-29T21:56:58.129+0300][46.167s][debug][gc] GC(696) Concurrent mode failure
[2020-01-29T21:56:58.223+0300][46.261s][info ][gc] GC(696) Pause Full (Allocation Failure) 200M->70M(247M) 160.836ms
[2020-01-29T21:56:58.293+0300][46.332s][info ][gc] GC(697) Pause Young (Allocation Failure) 137M->155M(247M) 52.604ms
[2020-01-29T21:56:58.303+0300][46.341s][info ][gc] GC(698) Pause Initial Mark 174M->174M(247M) 8.837ms
[2020-01-29T21:56:58.303+0300][46.341s][info ][gc] GC(698) Concurrent Mark
[2020-01-29T21:56:58.306+0300][46.344s][debug][gc] GC(698) Concurrent active time: 3.087ms
[2020-01-29T21:56:58.306+0300][46.344s][info ][gc] GC(698) Concurrent Mark 3.150ms
[2020-01-29T21:56:58.306+0300][46.344s][info ][gc] GC(698) Concurrent Preclean
[2020-01-29T21:56:58.306+0300][46.345s][debug][gc] GC(698) Concurrent active time: 0.162ms
[2020-01-29T21:56:58.306+0300][46.345s][info ][gc] GC(698) Concurrent Preclean 0.195ms
[2020-01-29T21:56:58.306+0300][46.345s][info ][gc] GC(698) Concurrent Abortable Preclean
[2020-01-29T21:56:58.307+0300][46.345s][debug][gc] GC(698) Concurrent active time: 0.006ms
[2020-01-29T21:56:58.307+0300][46.345s][info ][gc] GC(698) Concurrent Abortable Preclean 0.033ms
[2020-01-29T21:56:58.307+0300][46.345s][debug][gc] GC(698) YG occupancy: 57249 K (78656 K)
[2020-01-29T21:56:58.317+0300][46.356s][info ][gc] GC(698) Pause Remark 202M->202M(247M) 10.864ms
[2020-01-29T21:56:58.318+0300][46.356s][info ][gc] GC(698) Concurrent Sweep
[2020-01-29T21:56:58.320+0300][46.358s][info ][gc] GC(699) Pause Young (Allocation Failure) 200M->200M(247M) 0.042ms
[2020-01-29T21:56:58.387+0300][46.426s][debug][gc] GC(698) Concurrent active time: 69.650ms
[2020-01-29T21:56:58.387+0300][46.426s][info ][gc] GC(698) Concurrent Sweep 69.893ms
[2020-01-29T21:56:58.387+0300][46.426s][debug][gc] GC(700) Concurrent mode failure
[2020-01-29T21:56:58.482+0300][46.521s][info ][gc] GC(700) Pause Full (Allocation Failure) 200M->70M(247M) 162.085ms
[2020-01-29T21:56:58.555+0300][46.593s][info ][gc] GC(701) Pause Young (Allocation Failure) 137M->155M(247M) 53.255ms
[2020-01-29T21:56:58.565+0300][46.603s][info ][gc] GC(702) Pause Initial Mark 174M->174M(247M) 8.823ms
[2020-01-29T21:56:58.565+0300][46.603s][info ][gc] GC(702) Concurrent Mark
[2020-01-29T21:56:58.568+0300][46.606s][debug][gc] GC(702) Concurrent active time: 3.030ms
[2020-01-29T21:56:58.568+0300][46.606s][info ][gc] GC(702) Concurrent Mark 3.088ms
[2020-01-29T21:56:58.568+0300][46.606s][info ][gc] GC(702) Concurrent Preclean
[2020-01-29T21:56:58.568+0300][46.606s][debug][gc] GC(702) Concurrent active time: 0.152ms
[2020-01-29T21:56:58.568+0300][46.606s][info ][gc] GC(702) Concurrent Preclean 0.183ms
[2020-01-29T21:56:58.568+0300][46.606s][info ][gc] GC(702) Concurrent Abortable Preclean
[2020-01-29T21:56:58.568+0300][46.606s][debug][gc] GC(702) Concurrent active time: 0.004ms
[2020-01-29T21:56:58.568+0300][46.606s][info ][gc] GC(702) Concurrent Abortable Preclean 0.030ms
[2020-01-29T21:56:58.568+0300][46.607s][debug][gc] GC(702) YG occupancy: 57226 K (78656 K)
[2020-01-29T21:56:58.579+0300][46.618s][info ][gc] GC(702) Pause Remark 202M->202M(247M) 11.045ms
[2020-01-29T21:56:58.579+0300][46.618s][info ][gc] GC(702) Concurrent Sweep
[2020-01-29T21:56:58.582+0300][46.620s][info ][gc] GC(703) Pause Young (Allocation Failure) 200M->200M(247M) 0.041ms
[2020-01-29T21:56:58.648+0300][46.686s][debug][gc] GC(702) Concurrent active time: 68.648ms
[2020-01-29T21:56:58.648+0300][46.687s][info ][gc] GC(702) Concurrent Sweep 68.887ms
[2020-01-29T21:56:58.648+0300][46.687s][debug][gc] GC(704) Concurrent mode failure
[2020-01-29T21:56:58.743+0300][46.781s][info ][gc] GC(704) Pause Full (Allocation Failure) 200M->70M(247M) 160.959ms
[2020-01-29T21:56:58.814+0300][46.853s][info ][gc] GC(705) Pause Young (Allocation Failure) 137M->155M(247M) 53.361ms
[2020-01-29T21:56:58.824+0300][46.863s][info ][gc] GC(706) Pause Initial Mark 174M->174M(247M) 8.901ms
[2020-01-29T21:56:58.824+0300][46.863s][info ][gc] GC(706) Concurrent Mark
[2020-01-29T21:56:58.827+0300][46.866s][debug][gc] GC(706) Concurrent active time: 3.031ms
[2020-01-29T21:56:58.827+0300][46.866s][info ][gc] GC(706) Concurrent Mark 3.090ms
[2020-01-29T21:56:58.827+0300][46.866s][info ][gc] GC(706) Concurrent Preclean
[2020-01-29T21:56:58.827+0300][46.866s][debug][gc] GC(706) Concurrent active time: 0.153ms
[2020-01-29T21:56:58.827+0300][46.866s][info ][gc] GC(706) Concurrent Preclean 0.185ms
[2020-01-29T21:56:58.827+0300][46.866s][info ][gc] GC(706) Concurrent Abortable Preclean
[2020-01-29T21:56:58.827+0300][46.866s][debug][gc] GC(706) Concurrent active time: 0.004ms
[2020-01-29T21:56:58.827+0300][46.866s][info ][gc] GC(706) Concurrent Abortable Preclean 0.030ms
[2020-01-29T21:56:58.827+0300][46.866s][debug][gc] GC(706) YG occupancy: 57240 K (78656 K)
[2020-01-29T21:56:58.838+0300][46.877s][info ][gc] GC(706) Pause Remark 202M->202M(247M) 10.844ms
[2020-01-29T21:56:58.838+0300][46.877s][info ][gc] GC(706) Concurrent Sweep
[2020-01-29T21:56:58.841+0300][46.880s][info ][gc] GC(707) Pause Young (Allocation Failure) 200M->200M(247M) 0.042ms
[2020-01-29T21:56:58.908+0300][46.947s][debug][gc] GC(706) Concurrent active time: 69.211ms
[2020-01-29T21:56:58.909+0300][46.947s][info ][gc] GC(706) Concurrent Sweep 69.458ms
[2020-01-29T21:56:58.909+0300][46.947s][debug][gc] GC(708) Concurrent mode failure
[2020-01-29T21:56:59.003+0300][47.041s][info ][gc] GC(708) Pause Full (Allocation Failure) 200M->70M(247M) 161.566ms
[2020-01-29T21:56:59.075+0300][47.116s][info ][gc] GC(709) Pause Young (Allocation Failure) 137M->155M(247M) 53.434ms
[2020-01-29T21:56:59.087+0300][47.126s][info ][gc] GC(710) Pause Initial Mark 174M->174M(247M) 8.851ms
[2020-01-29T21:56:59.087+0300][47.126s][info ][gc] GC(710) Concurrent Mark
[2020-01-29T21:56:59.090+0300][47.129s][debug][gc] GC(710) Concurrent active time: 3.050ms
[2020-01-29T21:56:59.090+0300][47.129s][info ][gc] GC(710) Concurrent Mark 3.115ms
[2020-01-29T21:56:59.090+0300][47.129s][info ][gc] GC(710) Concurrent Preclean
[2020-01-29T21:56:59.091+0300][47.129s][debug][gc] GC(710) Concurrent active time: 0.160ms
[2020-01-29T21:56:59.091+0300][47.129s][info ][gc] GC(710) Concurrent Preclean 0.190ms
[2020-01-29T21:56:59.091+0300][47.129s][info ][gc] GC(710) Concurrent Abortable Preclean
[2020-01-29T21:56:59.091+0300][47.129s][debug][gc] GC(710) Concurrent active time: 0.004ms
[2020-01-29T21:56:59.091+0300][47.129s][info ][gc] GC(710) Concurrent Abortable Preclean 0.031ms
[2020-01-29T21:56:59.091+0300][47.129s][debug][gc] GC(710) YG occupancy: 57246 K (78656 K)
[2020-01-29T21:56:59.102+0300][47.140s][info ][gc] GC(710) Pause Remark 202M->202M(247M) 10.942ms
[2020-01-29T21:56:59.102+0300][47.140s][info ][gc] GC(710) Concurrent Sweep
[2020-01-29T21:56:59.104+0300][47.143s][info ][gc] GC(711) Pause Young (Allocation Failure) 200M->200M(247M) 0.041ms
[2020-01-29T21:56:59.172+0300][47.210s][debug][gc] GC(710) Concurrent active time: 69.524ms
[2020-01-29T21:56:59.172+0300][47.210s][info ][gc] GC(710) Concurrent Sweep 69.772ms
[2020-01-29T21:56:59.172+0300][47.210s][debug][gc] GC(712) Concurrent mode failure
[2020-01-29T21:56:59.266+0300][47.304s][info ][gc] GC(712) Pause Full (Allocation Failure) 200M->70M(247M) 161.511ms
[2020-01-29T21:56:59.336+0300][47.375s][info ][gc] GC(713) Pause Young (Allocation Failure) 137M->155M(247M) 52.573ms
[2020-01-29T21:56:59.346+0300][47.385s][info ][gc] GC(714) Pause Initial Mark 174M->174M(247M) 8.890ms
[2020-01-29T21:56:59.346+0300][47.385s][info ][gc] GC(714) Concurrent Mark
[2020-01-29T21:56:59.349+0300][47.388s][debug][gc] GC(714) Concurrent active time: 3.019ms
[2020-01-29T21:56:59.349+0300][47.388s][info ][gc] GC(714) Concurrent Mark 3.075ms
[2020-01-29T21:56:59.349+0300][47.388s][info ][gc] GC(714) Concurrent Preclean
[2020-01-29T21:56:59.350+0300][47.388s][debug][gc] GC(714) Concurrent active time: 0.158ms
[2020-01-29T21:56:59.350+0300][47.388s][info ][gc] GC(714) Concurrent Preclean 0.190ms
[2020-01-29T21:56:59.350+0300][47.388s][info ][gc] GC(714) Concurrent Abortable Preclean
[2020-01-29T21:56:59.350+0300][47.388s][debug][gc] GC(714) Concurrent active time: 0.004ms
[2020-01-29T21:56:59.350+0300][47.388s][info ][gc] GC(714) Concurrent Abortable Preclean 0.033ms
[2020-01-29T21:56:59.350+0300][47.388s][debug][gc] GC(714) YG occupancy: 57248 K (78656 K)
[2020-01-29T21:56:59.361+0300][47.399s][info ][gc] GC(714) Pause Remark 202M->202M(247M) 10.898ms
[2020-01-29T21:56:59.361+0300][47.399s][info ][gc] GC(714) Concurrent Sweep
[2020-01-29T21:56:59.364+0300][47.402s][info ][gc] GC(715) Pause Young (Allocation Failure) 200M->200M(247M) 0.056ms
[2020-01-29T21:56:59.433+0300][47.472s][debug][gc] GC(714) Concurrent active time: 72.192ms
[2020-01-29T21:56:59.433+0300][47.472s][info ][gc] GC(714) Concurrent Sweep 72.482ms
[2020-01-29T21:56:59.433+0300][47.472s][debug][gc] GC(716) Concurrent mode failure
[2020-01-29T21:56:59.527+0300][47.566s][info ][gc] GC(716) Pause Full (Allocation Failure) 200M->70M(247M) 163.641ms
[2020-01-29T21:56:59.600+0300][47.638s][info ][gc] GC(717) Pause Young (Allocation Failure) 137M->155M(247M) 53.517ms
[2020-01-29T21:56:59.609+0300][47.647s][info ][gc] GC(718) Pause Initial Mark 174M->174M(247M) 8.819ms
[2020-01-29T21:56:59.609+0300][47.647s][info ][gc] GC(718) Concurrent Mark
[2020-01-29T21:56:59.612+0300][47.651s][debug][gc] GC(718) Concurrent active time: 3.015ms
[2020-01-29T21:56:59.612+0300][47.651s][info ][gc] GC(718) Concurrent Mark 3.069ms
[2020-01-29T21:56:59.612+0300][47.651s][info ][gc] GC(718) Concurrent Preclean
[2020-01-29T21:56:59.613+0300][47.651s][debug][gc] GC(718) Concurrent active time: 0.166ms
[2020-01-29T21:56:59.613+0300][47.651s][info ][gc] GC(718) Concurrent Preclean 0.198ms
[2020-01-29T21:56:59.613+0300][47.651s][info ][gc] GC(718) Concurrent Abortable Preclean
[2020-01-29T21:56:59.613+0300][47.651s][debug][gc] GC(718) Concurrent active time: 0.004ms
[2020-01-29T21:56:59.613+0300][47.651s][info ][gc] GC(718) Concurrent Abortable Preclean 0.030ms
[2020-01-29T21:56:59.613+0300][47.651s][debug][gc] GC(718) YG occupancy: 57233 K (78656 K)
[2020-01-29T21:56:59.624+0300][47.662s][info ][gc] GC(718) Pause Remark 202M->202M(247M) 10.925ms
[2020-01-29T21:56:59.624+0300][47.662s][info ][gc] GC(718) Concurrent Sweep
[2020-01-29T21:56:59.626+0300][47.665s][info ][gc] GC(719) Pause Young (Allocation Failure) 200M->200M(247M) 0.041ms
[2020-01-29T21:56:59.692+0300][47.731s][debug][gc] GC(718) Concurrent active time: 69.074ms
[2020-01-29T21:56:59.692+0300][47.731s][info ][gc] GC(718) Concurrent Sweep 69.322ms
[2020-01-29T21:56:59.692+0300][47.731s][debug][gc] GC(720) Concurrent mode failure
[2020-01-29T21:56:59.787+0300][47.826s][info ][gc] GC(720) Pause Full (Allocation Failure) 200M->70M(247M) 161.561ms
[2020-01-29T21:56:59.863+0300][47.901s][info ][gc] GC(721) Pause Young (Allocation Failure) 137M->155M(247M) 57.014ms
[2020-01-29T21:56:59.872+0300][47.911s][info ][gc] GC(722) Pause Initial Mark 174M->174M(247M) 8.850ms
[2020-01-29T21:56:59.872+0300][47.911s][info ][gc] GC(722) Concurrent Mark
[2020-01-29T21:56:59.876+0300][47.914s][debug][gc] GC(722) Concurrent active time: 3.040ms
[2020-01-29T21:56:59.876+0300][47.914s][info ][gc] GC(722) Concurrent Mark 3.097ms
[2020-01-29T21:56:59.876+0300][47.914s][info ][gc] GC(722) Concurrent Preclean
[2020-01-29T21:56:59.876+0300][47.914s][debug][gc] GC(722) Concurrent active time: 0.158ms
[2020-01-29T21:56:59.876+0300][47.914s][info ][gc] GC(722) Concurrent Preclean 0.189ms
[2020-01-29T21:56:59.876+0300][47.914s][info ][gc] GC(722) Concurrent Abortable Preclean
[2020-01-29T21:56:59.876+0300][47.914s][debug][gc] GC(722) Concurrent active time: 0.004ms
[2020-01-29T21:56:59.876+0300][47.914s][info ][gc] GC(722) Concurrent Abortable Preclean 0.031ms
[2020-01-29T21:56:59.876+0300][47.914s][debug][gc] GC(722) YG occupancy: 57242 K (78656 K)
[2020-01-29T21:56:59.887+0300][47.925s][info ][gc] GC(722) Pause Remark 202M->202M(247M) 11.025ms
[2020-01-29T21:56:59.887+0300][47.925s][info ][gc] GC(722) Concurrent Sweep
[2020-01-29T21:56:59.890+0300][47.928s][info ][gc] GC(723) Pause Young (Allocation Failure) 200M->200M(247M) 0.040ms
[2020-01-29T21:56:59.956+0300][47.995s][debug][gc] GC(722) Concurrent active time: 69.079ms
[2020-01-29T21:56:59.956+0300][47.995s][info ][gc] GC(722) Concurrent Sweep 69.320ms
[2020-01-29T21:56:59.956+0300][47.995s][debug][gc] GC(724) Concurrent mode failure
[2020-01-29T21:57:00.050+0300][48.089s][info ][gc] GC(724) Pause Full (Allocation Failure) 200M->70M(247M) 161.085ms
[2020-01-29T21:57:00.124+0300][48.162s][info ][gc] GC(725) Pause Young (Allocation Failure) 137M->155M(247M) 54.708ms
[2020-01-29T21:57:00.126+0300][48.172s][info ][gc] GC(726) Pause Initial Mark 174M->174M(247M) 8.809ms
[2020-01-29T21:57:00.126+0300][48.172s][info ][gc] GC(726) Concurrent Mark
[2020-01-29T21:57:00.134+0300][48.175s][debug][gc] GC(726) Concurrent active time: 3.044ms
[2020-01-29T21:57:00.134+0300][48.175s][info ][gc] GC(726) Concurrent Mark 3.107ms
[2020-01-29T21:57:00.134+0300][48.175s][info ][gc] GC(726) Concurrent Preclean
[2020-01-29T21:57:00.134+0300][48.175s][debug][gc] GC(726) Concurrent active time: 0.160ms
[2020-01-29T21:57:00.134+0300][48.175s][info ][gc] GC(726) Concurrent Preclean 0.192ms
[2020-01-29T21:57:00.134+0300][48.175s][info ][gc] GC(726) Concurrent Abortable Preclean
[2020-01-29T21:57:00.134+0300][48.175s][debug][gc] GC(726) Concurrent active time: 0.004ms
[2020-01-29T21:57:00.134+0300][48.175s][info ][gc] GC(726) Concurrent Abortable Preclean 0.031ms
[2020-01-29T21:57:00.134+0300][48.175s][debug][gc] GC(726) YG occupancy: 57246 K (78656 K)
[2020-01-29T21:57:00.145+0300][48.186s][info ][gc] GC(726) Pause Remark 202M->202M(247M) 10.894ms
[2020-01-29T21:57:00.145+0300][48.186s][info ][gc] GC(726) Concurrent Sweep
[2020-01-29T21:57:00.150+0300][48.189s][info ][gc] GC(727) Pause Young (Allocation Failure) 201M->201M(247M) 0.040ms
[2020-01-29T21:57:00.215+0300][48.256s][debug][gc] GC(726) Concurrent active time: 69.850ms
[2020-01-29T21:57:00.215+0300][48.256s][info ][gc] GC(726) Concurrent Sweep 70.081ms
[2020-01-29T21:57:00.215+0300][48.256s][debug][gc] GC(728) Concurrent mode failure
[2020-01-29T21:57:00.309+0300][48.351s][info ][gc] GC(728) Pause Full (Allocation Failure) 201M->70M(247M) 161.615ms
[2020-01-29T21:57:00.389+0300][48.431s][info ][gc] GC(729) Pause Young (Allocation Failure) 137M->155M(247M) 53.999ms
[2020-01-29T21:57:00.401+0300][48.441s][info ][gc] GC(730) Pause Initial Mark 174M->174M(247M) 8.870ms
[2020-01-29T21:57:00.401+0300][48.442s][info ][gc] GC(730) Concurrent Mark
[2020-01-29T21:57:00.405+0300][48.445s][debug][gc] GC(730) Concurrent active time: 3.312ms
[2020-01-29T21:57:00.405+0300][48.445s][info ][gc] GC(730) Concurrent Mark 3.500ms
[2020-01-29T21:57:00.405+0300][48.445s][info ][gc] GC(730) Concurrent Preclean
[2020-01-29T21:57:00.405+0300][48.445s][debug][gc] GC(730) Concurrent active time: 0.192ms
[2020-01-29T21:57:00.405+0300][48.445s][info ][gc] GC(730) Concurrent Preclean 0.224ms
[2020-01-29T21:57:00.405+0300][48.445s][info ][gc] GC(730) Concurrent Abortable Preclean
[2020-01-29T21:57:00.405+0300][48.445s][debug][gc] GC(730) Concurrent active time: 0.004ms
[2020-01-29T21:57:00.405+0300][48.445s][info ][gc] GC(730) Concurrent Abortable Preclean 0.031ms
[2020-01-29T21:57:00.405+0300][48.445s][debug][gc] GC(730) YG occupancy: 56003 K (78656 K)
[2020-01-29T21:57:00.415+0300][48.457s][info ][gc] GC(730) Pause Remark 201M->201M(247M) 11.144ms
[2020-01-29T21:57:00.415+0300][48.457s][info ][gc] GC(730) Concurrent Sweep
[2020-01-29T21:57:00.420+0300][48.460s][info ][gc] GC(731) Pause Young (Allocation Failure) 199M->199M(247M) 0.044ms
[2020-01-29T21:57:00.485+0300][48.525s][debug][gc] GC(730) Concurrent active time: 68.327ms
[2020-01-29T21:57:00.485+0300][48.525s][info ][gc] GC(730) Concurrent Sweep 68.601ms
[2020-01-29T21:57:00.485+0300][48.525s][debug][gc] GC(732) Concurrent mode failure
[2020-01-29T21:57:00.580+0300][48.619s][info ][gc] GC(732) Pause Full (Allocation Failure) 199M->70M(247M) 159.412ms
[2020-01-29T21:57:00.659+0300][48.700s][info ][gc] GC(733) Pause Young (Allocation Failure) 137M->155M(247M) 52.434ms
[2020-01-29T21:57:00.671+0300][48.710s][info ][gc] GC(734) Pause Initial Mark 174M->174M(247M) 8.837ms
[2020-01-29T21:57:00.671+0300][48.710s][info ][gc] GC(734) Concurrent Mark
[2020-01-29T21:57:00.675+0300][48.713s][debug][gc] GC(734) Concurrent active time: 3.046ms
[2020-01-29T21:57:00.675+0300][48.713s][info ][gc] GC(734) Concurrent Mark 3.107ms
[2020-01-29T21:57:00.675+0300][48.713s][info ][gc] GC(734) Concurrent Preclean
[2020-01-29T21:57:00.675+0300][48.713s][debug][gc] GC(734) Concurrent active time: 0.156ms
[2020-01-29T21:57:00.675+0300][48.713s][info ][gc] GC(734) Concurrent Preclean 0.189ms
[2020-01-29T21:57:00.675+0300][48.713s][info ][gc] GC(734) Concurrent Abortable Preclean
[2020-01-29T21:57:00.675+0300][48.713s][debug][gc] GC(734) Concurrent active time: 0.004ms
[2020-01-29T21:57:00.675+0300][48.713s][info ][gc] GC(734) Concurrent Abortable Preclean 0.031ms
[2020-01-29T21:57:00.675+0300][48.713s][debug][gc] GC(734) YG occupancy: 57249 K (78656 K)
[2020-01-29T21:57:00.685+0300][48.724s][info ][gc] GC(734) Pause Remark 202M->202M(247M) 10.995ms
[2020-01-29T21:57:00.685+0300][48.724s][info ][gc] GC(734) Concurrent Sweep
[2020-01-29T21:57:00.685+0300][48.727s][info ][gc] GC(735) Pause Young (Allocation Failure) 201M->201M(247M) 0.040ms
[2020-01-29T21:57:00.755+0300][48.793s][debug][gc] GC(734) Concurrent active time: 68.497ms
[2020-01-29T21:57:00.755+0300][48.793s][info ][gc] GC(734) Concurrent Sweep 68.727ms
[2020-01-29T21:57:00.755+0300][48.793s][debug][gc] GC(736) Concurrent mode failure
[2020-01-29T21:57:00.845+0300][48.887s][info ][gc] GC(736) Pause Full (Allocation Failure) 201M->70M(247M) 159.754ms
[2020-01-29T21:57:00.920+0300][48.961s][info ][gc] GC(737) Pause Young (Allocation Failure) 137M->155M(247M) 53.987ms
[2020-01-29T21:57:00.930+0300][48.971s][info ][gc] GC(738) Pause Initial Mark 174M->174M(247M) 8.818ms
[2020-01-29T21:57:00.930+0300][48.971s][info ][gc] GC(738) Concurrent Mark
[2020-01-29T21:57:00.935+0300][48.974s][debug][gc] GC(738) Concurrent active time: 3.064ms
[2020-01-29T21:57:00.935+0300][48.974s][info ][gc] GC(738) Concurrent Mark 3.122ms
[2020-01-29T21:57:00.935+0300][48.974s][info ][gc] GC(738) Concurrent Preclean
[2020-01-29T21:57:00.935+0300][48.975s][debug][gc] GC(738) Concurrent active time: 0.159ms
[2020-01-29T21:57:00.935+0300][48.975s][info ][gc] GC(738) Concurrent Preclean 0.190ms
[2020-01-29T21:57:00.935+0300][48.975s][info ][gc] GC(738) Concurrent Abortable Preclean
[2020-01-29T21:57:00.935+0300][48.975s][debug][gc] GC(738) Concurrent active time: 0.004ms
[2020-01-29T21:57:00.935+0300][48.975s][info ][gc] GC(738) Concurrent Abortable Preclean 0.031ms
[2020-01-29T21:57:00.935+0300][48.975s][debug][gc] GC(738) YG occupancy: 57249 K (78656 K)
[2020-01-29T21:57:00.945+0300][48.986s][info ][gc] GC(738) Pause Remark 202M->202M(247M) 10.901ms
[2020-01-29T21:57:00.945+0300][48.986s][info ][gc] GC(738) Concurrent Sweep
[2020-01-29T21:57:00.950+0300][48.988s][info ][gc] GC(739) Pause Young (Allocation Failure) 200M->200M(247M) 0.040ms
[2020-01-29T21:57:01.015+0300][49.055s][debug][gc] GC(738) Concurrent active time: 69.203ms
[2020-01-29T21:57:01.015+0300][49.055s][info ][gc] GC(738) Concurrent Sweep 69.437ms
[2020-01-29T21:57:01.015+0300][49.055s][debug][gc] GC(740) Concurrent mode failure
[2020-01-29T21:57:01.111+0300][49.149s][info ][gc] GC(740) Pause Full (Allocation Failure) 200M->70M(247M) 160.602ms
[2020-01-29T21:57:01.183+0300][49.221s][info ][gc] GC(741) Pause Young (Allocation Failure) 137M->155M(247M) 53.608ms
[2020-01-29T21:57:01.193+0300][49.231s][info ][gc] GC(742) Pause Initial Mark 174M->174M(247M) 8.857ms
[2020-01-29T21:57:01.193+0300][49.231s][info ][gc] GC(742) Concurrent Mark
[2020-01-29T21:57:01.196+0300][49.234s][debug][gc] GC(742) Concurrent active time: 3.021ms
[2020-01-29T21:57:01.196+0300][49.234s][info ][gc] GC(742) Concurrent Mark 3.078ms
[2020-01-29T21:57:01.196+0300][49.234s][info ][gc] GC(742) Concurrent Preclean
[2020-01-29T21:57:01.196+0300][49.234s][debug][gc] GC(742) Concurrent active time: 0.156ms
[2020-01-29T21:57:01.196+0300][49.234s][info ][gc] GC(742) Concurrent Preclean 0.196ms
[2020-01-29T21:57:01.196+0300][49.235s][info ][gc] GC(742) Concurrent Abortable Preclean
[2020-01-29T21:57:01.196+0300][49.235s][debug][gc] GC(742) Concurrent active time: 0.004ms
[2020-01-29T21:57:01.197+0300][49.235s][info ][gc] GC(742) Concurrent Abortable Preclean 0.031ms
[2020-01-29T21:57:01.197+0300][49.235s][debug][gc] GC(742) YG occupancy: 57251 K (78656 K)
[2020-01-29T21:57:01.207+0300][49.246s][info ][gc] GC(742) Pause Remark 202M->202M(247M) 10.897ms
[2020-01-29T21:57:01.208+0300][49.246s][info ][gc] GC(742) Concurrent Sweep
[2020-01-29T21:57:01.210+0300][49.248s][info ][gc] GC(743) Pause Young (Allocation Failure) 200M->200M(247M) 0.039ms
[2020-01-29T21:57:01.276+0300][49.314s][debug][gc] GC(742) Concurrent active time: 68.686ms
[2020-01-29T21:57:01.276+0300][49.314s][info ][gc] GC(742) Concurrent Sweep 68.921ms
[2020-01-29T21:57:01.276+0300][49.315s][debug][gc] GC(744) Concurrent mode failure
[2020-01-29T21:57:01.371+0300][49.409s][info ][gc] GC(744) Pause Full (Allocation Failure) 200M->70M(247M) 160.937ms
[2020-01-29T21:57:01.452+0300][49.490s][info ][gc] GC(745) Pause Young (Allocation Failure) 137M->155M(247M) 62.587ms
[2020-01-29T21:57:01.462+0300][49.500s][info ][gc] GC(746) Pause Initial Mark 174M->174M(247M) 8.839ms
[2020-01-29T21:57:01.462+0300][49.500s][info ][gc] GC(746) Concurrent Mark
[2020-01-29T21:57:01.465+0300][49.503s][debug][gc] GC(746) Concurrent active time: 3.165ms
[2020-01-29T21:57:01.465+0300][49.503s][info ][gc] GC(746) Concurrent Mark 3.319ms
[2020-01-29T21:57:01.465+0300][49.503s][info ][gc] GC(746) Concurrent Preclean
[2020-01-29T21:57:01.465+0300][49.504s][debug][gc] GC(746) Concurrent active time: 0.168ms
[2020-01-29T21:57:01.465+0300][49.504s][info ][gc] GC(746) Concurrent Preclean 0.201ms
[2020-01-29T21:57:01.465+0300][49.504s][info ][gc] GC(746) Concurrent Abortable Preclean
[2020-01-29T21:57:01.465+0300][49.504s][debug][gc] GC(746) Concurrent active time: 0.004ms
[2020-01-29T21:57:01.465+0300][49.504s][info ][gc] GC(746) Concurrent Abortable Preclean 0.032ms
[2020-01-29T21:57:01.465+0300][49.504s][debug][gc] GC(746) YG occupancy: 55974 K (78656 K)
[2020-01-29T21:57:01.476+0300][49.515s][info ][gc] GC(746) Pause Remark 201M->201M(247M) 11.070ms
[2020-01-29T21:57:01.477+0300][49.515s][info ][gc] GC(746) Concurrent Sweep
[2020-01-29T21:57:01.479+0300][49.518s][info ][gc] GC(747) Pause Young (Allocation Failure) 200M->200M(247M) 0.041ms
[2020-01-29T21:57:01.547+0300][49.585s][debug][gc] GC(746) Concurrent active time: 69.966ms
[2020-01-29T21:57:01.547+0300][49.585s][info ][gc] GC(746) Concurrent Sweep 70.209ms
[2020-01-29T21:57:01.547+0300][49.585s][debug][gc] GC(748) Concurrent mode failure
[2020-01-29T21:57:01.641+0300][49.680s][info ][gc] GC(748) Pause Full (Allocation Failure) 200M->70M(247M) 162.286ms
[2020-01-29T21:57:01.713+0300][49.751s][info ][gc] GC(749) Pause Young (Allocation Failure) 137M->155M(247M) 52.936ms
[2020-01-29T21:57:01.722+0300][49.761s][info ][gc] GC(750) Pause Initial Mark 174M->174M(247M) 8.818ms
[2020-01-29T21:57:01.722+0300][49.761s][info ][gc] GC(750) Concurrent Mark
[2020-01-29T21:57:01.725+0300][49.764s][debug][gc] GC(750) Concurrent active time: 3.054ms
[2020-01-29T21:57:01.725+0300][49.764s][info ][gc] GC(750) Concurrent Mark 3.115ms
[2020-01-29T21:57:01.725+0300][49.764s][info ][gc] GC(750) Concurrent Preclean
[2020-01-29T21:57:01.726+0300][49.764s][debug][gc] GC(750) Concurrent active time: 0.159ms
[2020-01-29T21:57:01.726+0300][49.764s][info ][gc] GC(750) Concurrent Preclean 0.192ms
[2020-01-29T21:57:01.726+0300][49.764s][info ][gc] GC(750) Concurrent Abortable Preclean
[2020-01-29T21:57:01.726+0300][49.764s][debug][gc] GC(750) Concurrent active time: 0.004ms
[2020-01-29T21:57:01.726+0300][49.764s][info ][gc] GC(750) Concurrent Abortable Preclean 0.031ms
[2020-01-29T21:57:01.726+0300][49.764s][debug][gc] GC(750) YG occupancy: 57248 K (78656 K)
[2020-01-29T21:57:01.737+0300][49.775s][info ][gc] GC(750) Pause Remark 202M->202M(247M) 10.934ms
[2020-01-29T21:57:01.737+0300][49.775s][info ][gc] GC(750) Concurrent Sweep
[2020-01-29T21:57:01.739+0300][49.778s][info ][gc] GC(751) Pause Young (Allocation Failure) 200M->200M(247M) 0.040ms
[2020-01-29T21:57:01.806+0300][49.845s][debug][gc] GC(750) Concurrent active time: 69.269ms
[2020-01-29T21:57:01.806+0300][49.845s][info ][gc] GC(750) Concurrent Sweep 69.510ms
[2020-01-29T21:57:01.807+0300][49.845s][debug][gc] GC(752) Concurrent mode failure
[2020-01-29T21:57:01.902+0300][49.940s][info ][gc] GC(752) Pause Full (Allocation Failure) 200M->70M(247M) 161.906ms
[2020-01-29T21:57:01.972+0300][50.011s][info ][gc] GC(753) Pause Young (Allocation Failure) 137M->155M(247M) 52.767ms
[2020-01-29T21:57:01.982+0300][50.021s][info ][gc] GC(754) Pause Initial Mark 174M->174M(247M) 8.819ms
[2020-01-29T21:57:01.982+0300][50.021s][info ][gc] GC(754) Concurrent Mark
[2020-01-29T21:57:01.985+0300][50.024s][debug][gc] GC(754) Concurrent active time: 3.045ms
[2020-01-29T21:57:01.985+0300][50.024s][info ][gc] GC(754) Concurrent Mark 3.102ms
[2020-01-29T21:57:01.985+0300][50.024s][info ][gc] GC(754) Concurrent Preclean
[2020-01-29T21:57:01.985+0300][50.024s][debug][gc] GC(754) Concurrent active time: 0.155ms
[2020-01-29T21:57:01.985+0300][50.024s][info ][gc] GC(754) Concurrent Preclean 0.185ms
[2020-01-29T21:57:01.985+0300][50.024s][info ][gc] GC(754) Concurrent Abortable Preclean
[2020-01-29T21:57:01.986+0300][50.024s][debug][gc] GC(754) Concurrent active time: 0.005ms
[2020-01-29T21:57:01.986+0300][50.024s][info ][gc] GC(754) Concurrent Abortable Preclean 0.032ms
[2020-01-29T21:57:01.986+0300][50.024s][debug][gc] GC(754) YG occupancy: 58630 K (78656 K)
[2020-01-29T21:57:01.997+0300][50.035s][info ][gc] GC(754) Pause Remark 204M->204M(247M) 10.932ms
[2020-01-29T21:57:01.997+0300][50.035s][info ][gc] GC(754) Concurrent Sweep
[2020-01-29T21:57:01.999+0300][50.038s][info ][gc] GC(755) Pause Young (Allocation Failure) 200M->200M(247M) 0.039ms
[2020-01-29T21:57:02.066+0300][50.105s][debug][gc] GC(754) Concurrent active time: 69.451ms
[2020-01-29T21:57:02.066+0300][50.105s][info ][gc] GC(754) Concurrent Sweep 69.682ms
[2020-01-29T21:57:02.066+0300][50.105s][debug][gc] GC(756) Concurrent mode failure
[2020-01-29T21:57:02.161+0300][50.199s][info ][gc] GC(756) Pause Full (Allocation Failure) 200M->70M(247M) 161.674ms
[2020-01-29T21:57:02.232+0300][50.270s][info ][gc] GC(757) Pause Young (Allocation Failure) 137M->155M(247M) 52.837ms
[2020-01-29T21:57:02.242+0300][50.280s][info ][gc] GC(758) Pause Initial Mark 174M->174M(247M) 8.833ms
[2020-01-29T21:57:02.242+0300][50.280s][info ][gc] GC(758) Concurrent Mark
[2020-01-29T21:57:02.245+0300][50.283s][debug][gc] GC(758) Concurrent active time: 3.057ms
[2020-01-29T21:57:02.245+0300][50.283s][info ][gc] GC(758) Concurrent Mark 3.113ms
[2020-01-29T21:57:02.245+0300][50.283s][info ][gc] GC(758) Concurrent Preclean
[2020-01-29T21:57:02.245+0300][50.283s][debug][gc] GC(758) Concurrent active time: 0.155ms
[2020-01-29T21:57:02.245+0300][50.283s][info ][gc] GC(758) Concurrent Preclean 0.185ms
[2020-01-29T21:57:02.245+0300][50.283s][info ][gc] GC(758) Concurrent Abortable Preclean
[2020-01-29T21:57:02.245+0300][50.283s][debug][gc] GC(758) Concurrent active time: 0.004ms
[2020-01-29T21:57:02.245+0300][50.283s][info ][gc] GC(758) Concurrent Abortable Preclean 0.030ms
[2020-01-29T21:57:02.245+0300][50.283s][debug][gc] GC(758) YG occupancy: 57250 K (78656 K)
[2020-01-29T21:57:02.256+0300][50.294s][info ][gc] GC(758) Pause Remark 202M->202M(247M) 10.920ms
[2020-01-29T21:57:02.256+0300][50.294s][info ][gc] GC(758) Concurrent Sweep
[2020-01-29T21:57:02.259+0300][50.297s][info ][gc] GC(759) Pause Young (Allocation Failure) 200M->200M(247M) 0.041ms
[2020-01-29T21:57:02.325+0300][50.363s][debug][gc] GC(758) Concurrent active time: 68.834ms
[2020-01-29T21:57:02.325+0300][50.363s][info ][gc] GC(758) Concurrent Sweep 69.075ms
[2020-01-29T21:57:02.325+0300][50.364s][debug][gc] GC(760) Concurrent mode failure
[2020-01-29T21:57:02.419+0300][50.458s][info ][gc] GC(760) Pause Full (Allocation Failure) 200M->70M(247M) 161.179ms
[2020-01-29T21:57:02.491+0300][50.530s][info ][gc] GC(761) Pause Young (Allocation Failure) 137M->155M(247M) 52.323ms
[2020-01-29T21:57:02.501+0300][50.539s][info ][gc] GC(762) Pause Initial Mark 174M->174M(247M) 8.910ms
[2020-01-29T21:57:02.501+0300][50.539s][info ][gc] GC(762) Concurrent Mark
[2020-01-29T21:57:02.504+0300][50.543s][debug][gc] GC(762) Concurrent active time: 3.152ms
[2020-01-29T21:57:02.504+0300][50.543s][info ][gc] GC(762) Concurrent Mark 3.216ms
[2020-01-29T21:57:02.504+0300][50.543s][info ][gc] GC(762) Concurrent Preclean
[2020-01-29T21:57:02.504+0300][50.543s][debug][gc] GC(762) Concurrent active time: 0.156ms
[2020-01-29T21:57:02.504+0300][50.543s][info ][gc] GC(762) Concurrent Preclean 0.186ms
[2020-01-29T21:57:02.504+0300][50.543s][info ][gc] GC(762) Concurrent Abortable Preclean
[2020-01-29T21:57:02.504+0300][50.543s][debug][gc] GC(762) Concurrent active time: 0.004ms
[2020-01-29T21:57:02.504+0300][50.543s][info ][gc] GC(762) Concurrent Abortable Preclean 0.030ms
[2020-01-29T21:57:02.504+0300][50.543s][debug][gc] GC(762) YG occupancy: 58609 K (78656 K)
[2020-01-29T21:57:02.515+0300][50.554s][info ][gc] GC(762) Pause Remark 204M->204M(247M) 10.947ms
[2020-01-29T21:57:02.515+0300][50.554s][info ][gc] GC(762) Concurrent Sweep
[2020-01-29T21:57:02.518+0300][50.557s][info ][gc] GC(763) Pause Young (Allocation Failure) 200M->200M(247M) 0.040ms
[2020-01-29T21:57:02.585+0300][50.624s][debug][gc] GC(762) Concurrent active time: 69.644ms
[2020-01-29T21:57:02.586+0300][50.624s][info ][gc] GC(762) Concurrent Sweep 69.881ms
[2020-01-29T21:57:02.586+0300][50.624s][debug][gc] GC(764) Concurrent mode failure
[2020-01-29T21:57:02.680+0300][50.718s][info ][gc] GC(764) Pause Full (Allocation Failure) 200M->70M(247M) 161.407ms
[2020-01-29T21:57:02.751+0300][50.790s][info ][gc] GC(765) Pause Young (Allocation Failure) 137M->155M(247M) 53.608ms
[2020-01-29T21:57:02.761+0300][50.800s][info ][gc] GC(766) Pause Initial Mark 174M->174M(247M) 8.815ms
[2020-01-29T21:57:02.761+0300][50.800s][info ][gc] GC(766) Concurrent Mark
[2020-01-29T21:57:02.764+0300][50.803s][debug][gc] GC(766) Concurrent active time: 3.028ms
[2020-01-29T21:57:02.764+0300][50.803s][info ][gc] GC(766) Concurrent Mark 3.084ms
[2020-01-29T21:57:02.764+0300][50.803s][info ][gc] GC(766) Concurrent Preclean
[2020-01-29T21:57:02.764+0300][50.803s][debug][gc] GC(766) Concurrent active time: 0.152ms
[2020-01-29T21:57:02.764+0300][50.803s][info ][gc] GC(766) Concurrent Preclean 0.184ms
[2020-01-29T21:57:02.764+0300][50.803s][info ][gc] GC(766) Concurrent Abortable Preclean
[2020-01-29T21:57:02.764+0300][50.803s][debug][gc] GC(766) Concurrent active time: 0.003ms
[2020-01-29T21:57:02.764+0300][50.803s][info ][gc] GC(766) Concurrent Abortable Preclean 0.030ms
[2020-01-29T21:57:02.764+0300][50.803s][debug][gc] GC(766) YG occupancy: 57241 K (78656 K)
[2020-01-29T21:57:02.776+0300][50.814s][info ][gc] GC(766) Pause Remark 202M->202M(247M) 11.000ms
[2020-01-29T21:57:02.776+0300][50.814s][info ][gc] GC(766) Concurrent Sweep
[2020-01-29T21:57:02.778+0300][50.817s][info ][gc] GC(767) Pause Young (Allocation Failure) 200M->200M(247M) 0.040ms
[2020-01-29T21:57:02.845+0300][50.883s][debug][gc] GC(766) Concurrent active time: 68.627ms
[2020-01-29T21:57:02.845+0300][50.883s][info ][gc] GC(766) Concurrent Sweep 68.957ms
[2020-01-29T21:57:02.845+0300][50.883s][debug][gc] GC(768) Concurrent mode failure
[2020-01-29T21:57:02.939+0300][50.977s][info ][gc] GC(768) Pause Full (Allocation Failure) 200M->70M(247M) 159.968ms
[2020-01-29T21:57:03.010+0300][51.048s][info ][gc] GC(769) Pause Young (Allocation Failure) 137M->155M(247M) 53.513ms
[2020-01-29T21:57:03.020+0300][51.058s][info ][gc] GC(770) Pause Initial Mark 174M->174M(247M) 8.821ms
[2020-01-29T21:57:03.020+0300][51.058s][info ][gc] GC(770) Concurrent Mark
[2020-01-29T21:57:03.023+0300][51.061s][debug][gc] GC(770) Concurrent active time: 3.047ms
[2020-01-29T21:57:03.023+0300][51.061s][info ][gc] GC(770) Concurrent Mark 3.150ms
[2020-01-29T21:57:03.023+0300][51.061s][info ][gc] GC(770) Concurrent Preclean
[2020-01-29T21:57:03.023+0300][51.061s][debug][gc] GC(770) Concurrent active time: 0.157ms
[2020-01-29T21:57:03.023+0300][51.061s][info ][gc] GC(770) Concurrent Preclean 0.186ms
[2020-01-29T21:57:03.023+0300][51.061s][info ][gc] GC(770) Concurrent Abortable Preclean
[2020-01-29T21:57:03.023+0300][51.061s][debug][gc] GC(770) Concurrent active time: 0.004ms
[2020-01-29T21:57:03.023+0300][51.061s][info ][gc] GC(770) Concurrent Abortable Preclean 0.030ms
[2020-01-29T21:57:03.023+0300][51.062s][debug][gc] GC(770) YG occupancy: 57246 K (78656 K)
[2020-01-29T21:57:03.034+0300][51.072s][info ][gc] GC(770) Pause Remark 202M->202M(247M) 10.933ms
[2020-01-29T21:57:03.034+0300][51.073s][info ][gc] GC(770) Concurrent Sweep
[2020-01-29T21:57:03.037+0300][51.075s][info ][gc] GC(771) Pause Young (Allocation Failure) 200M->200M(247M) 0.041ms
[2020-01-29T21:57:03.104+0300][51.142s][debug][gc] GC(770) Concurrent active time: 69.007ms
[2020-01-29T21:57:03.104+0300][51.142s][info ][gc] GC(770) Concurrent Sweep 69.254ms
[2020-01-29T21:57:03.104+0300][51.142s][debug][gc] GC(772) Concurrent mode failure
[2020-01-29T21:57:03.199+0300][51.237s][info ][gc] GC(772) Pause Full (Allocation Failure) 200M->70M(247M) 162.149ms
[2020-01-29T21:57:03.271+0300][51.309s][info ][gc] GC(773) Pause Young (Allocation Failure) 137M->155M(247M) 53.092ms
[2020-01-29T21:57:03.281+0300][51.319s][info ][gc] GC(774) Pause Initial Mark 174M->174M(247M) 8.815ms
[2020-01-29T21:57:03.281+0300][51.319s][info ][gc] GC(774) Concurrent Mark
[2020-01-29T21:57:03.284+0300][51.322s][debug][gc] GC(774) Concurrent active time: 3.054ms
[2020-01-29T21:57:03.284+0300][51.322s][info ][gc] GC(774) Concurrent Mark 3.113ms
[2020-01-29T21:57:03.284+0300][51.322s][info ][gc] GC(774) Concurrent Preclean
[2020-01-29T21:57:03.284+0300][51.322s][debug][gc] GC(774) Concurrent active time: 0.159ms
[2020-01-29T21:57:03.284+0300][51.322s][info ][gc] GC(774) Concurrent Preclean 0.190ms
[2020-01-29T21:57:03.284+0300][51.322s][info ][gc] GC(774) Concurrent Abortable Preclean
[2020-01-29T21:57:03.284+0300][51.322s][debug][gc] GC(774) Concurrent active time: 0.004ms
[2020-01-29T21:57:03.284+0300][51.322s][info ][gc] GC(774) Concurrent Abortable Preclean 0.031ms
[2020-01-29T21:57:03.284+0300][51.322s][debug][gc] GC(774) YG occupancy: 57251 K (78656 K)
[2020-01-29T21:57:03.294+0300][51.333s][info ][gc] GC(774) Pause Remark 202M->202M(247M) 10.956ms
[2020-01-29T21:57:03.294+0300][51.333s][info ][gc] GC(774) Concurrent Sweep
[2020-01-29T21:57:03.297+0300][51.336s][info ][gc] GC(775) Pause Young (Allocation Failure) 200M->200M(247M) 0.040ms
[2020-01-29T21:57:03.363+0300][51.402s][debug][gc] GC(774) Concurrent active time: 68.919ms
[2020-01-29T21:57:03.363+0300][51.402s][info ][gc] GC(774) Concurrent Sweep 69.156ms
[2020-01-29T21:57:03.363+0300][51.402s][debug][gc] GC(776) Concurrent mode failure
[2020-01-29T21:57:03.457+0300][51.496s][info ][gc] GC(776) Pause Full (Allocation Failure) 200M->70M(247M) 160.249ms
[2020-01-29T21:57:03.532+0300][51.570s][info ][gc] GC(777) Pause Young (Allocation Failure) 137M->155M(247M) 54.944ms
[2020-01-29T21:57:03.542+0300][51.580s][info ][gc] GC(778) Pause Initial Mark 174M->174M(247M) 8.931ms
[2020-01-29T21:57:03.542+0300][51.580s][info ][gc] GC(778) Concurrent Mark
[2020-01-29T21:57:03.545+0300][51.583s][debug][gc] GC(778) Concurrent active time: 3.029ms
[2020-01-29T21:57:03.545+0300][51.583s][info ][gc] GC(778) Concurrent Mark 3.086ms
[2020-01-29T21:57:03.545+0300][51.583s][info ][gc] GC(778) Concurrent Preclean
[2020-01-29T21:57:03.545+0300][51.583s][debug][gc] GC(778) Concurrent active time: 0.151ms
[2020-01-29T21:57:03.545+0300][51.583s][info ][gc] GC(778) Concurrent Preclean 0.180ms
[2020-01-29T21:57:03.545+0300][51.583s][info ][gc] GC(778) Concurrent Abortable Preclean
[2020-01-29T21:57:03.545+0300][51.583s][debug][gc] GC(778) Concurrent active time: 0.004ms
[2020-01-29T21:57:03.545+0300][51.583s][info ][gc] GC(778) Concurrent Abortable Preclean 0.078ms
[2020-01-29T21:57:03.545+0300][51.583s][debug][gc] GC(778) YG occupancy: 57229 K (78656 K)
[2020-01-29T21:57:03.556+0300][51.594s][info ][gc] GC(778) Pause Remark 202M->202M(247M) 10.913ms
[2020-01-29T21:57:03.556+0300][51.594s][info ][gc] GC(778) Concurrent Sweep
[2020-01-29T21:57:03.559+0300][51.597s][info ][gc] GC(779) Pause Young (Allocation Failure) 200M->200M(247M) 0.041ms
[2020-01-29T21:57:03.625+0300][51.664s][debug][gc] GC(778) Concurrent active time: 69.303ms
[2020-01-29T21:57:03.625+0300][51.664s][info ][gc] GC(778) Concurrent Sweep 69.543ms
[2020-01-29T21:57:03.625+0300][51.664s][debug][gc] GC(780) Concurrent mode failure
[2020-01-29T21:57:03.719+0300][51.758s][info ][gc] GC(780) Pause Full (Allocation Failure) 200M->70M(247M) 161.230ms
[2020-01-29T21:57:03.790+0300][51.829s][info ][gc] GC(781) Pause Young (Allocation Failure) 137M->155M(247M) 52.733ms
[2020-01-29T21:57:03.800+0300][51.839s][info ][gc] GC(782) Pause Initial Mark 174M->174M(247M) 8.826ms
[2020-01-29T21:57:03.800+0300][51.839s][info ][gc] GC(782) Concurrent Mark
[2020-01-29T21:57:03.803+0300][51.842s][debug][gc] GC(782) Concurrent active time: 3.089ms
[2020-01-29T21:57:03.803+0300][51.842s][info ][gc] GC(782) Concurrent Mark 3.143ms
[2020-01-29T21:57:03.803+0300][51.842s][info ][gc] GC(782) Concurrent Preclean
[2020-01-29T21:57:03.803+0300][51.842s][debug][gc] GC(782) Concurrent active time: 0.158ms
[2020-01-29T21:57:03.803+0300][51.842s][info ][gc] GC(782) Concurrent Preclean 0.189ms
[2020-01-29T21:57:03.803+0300][51.842s][info ][gc] GC(782) Concurrent Abortable Preclean
[2020-01-29T21:57:03.803+0300][51.842s][debug][gc] GC(782) Concurrent active time: 0.004ms
[2020-01-29T21:57:03.803+0300][51.842s][info ][gc] GC(782) Concurrent Abortable Preclean 0.030ms
[2020-01-29T21:57:03.804+0300][51.842s][debug][gc] GC(782) YG occupancy: 58621 K (78656 K)
[2020-01-29T21:57:03.815+0300][51.853s][info ][gc] GC(782) Pause Remark 204M->204M(247M) 10.969ms
[2020-01-29T21:57:03.815+0300][51.853s][info ][gc] GC(782) Concurrent Sweep
[2020-01-29T21:57:03.818+0300][51.856s][info ][gc] GC(783) Pause Young (Allocation Failure) 200M->200M(247M) 0.041ms
[2020-01-29T21:57:03.884+0300][51.923s][debug][gc] GC(782) Concurrent active time: 69.563ms
[2020-01-29T21:57:03.884+0300][51.923s][info ][gc] GC(782) Concurrent Sweep 69.802ms
[2020-01-29T21:57:03.884+0300][51.923s][debug][gc] GC(784) Concurrent mode failure
[2020-01-29T21:57:03.978+0300][52.017s][info ][gc] GC(784) Pause Full (Allocation Failure) 200M->70M(247M) 161.239ms
[2020-01-29T21:57:04.050+0300][52.089s][info ][gc] GC(785) Pause Young (Allocation Failure) 137M->155M(247M) 53.535ms
[2020-01-29T21:57:04.060+0300][52.098s][info ][gc] GC(786) Pause Initial Mark 174M->174M(247M) 8.825ms
[2020-01-29T21:57:04.060+0300][52.098s][info ][gc] GC(786) Concurrent Mark
[2020-01-29T21:57:04.063+0300][52.101s][debug][gc] GC(786) Concurrent active time: 3.010ms
[2020-01-29T21:57:04.063+0300][52.101s][info ][gc] GC(786) Concurrent Mark 3.063ms
[2020-01-29T21:57:04.063+0300][52.101s][info ][gc] GC(786) Concurrent Preclean
[2020-01-29T21:57:04.063+0300][52.102s][debug][gc] GC(786) Concurrent active time: 0.154ms
[2020-01-29T21:57:04.063+0300][52.102s][info ][gc] GC(786) Concurrent Preclean 0.186ms
[2020-01-29T21:57:04.063+0300][52.102s][info ][gc] GC(786) Concurrent Abortable Preclean
[2020-01-29T21:57:04.063+0300][52.102s][debug][gc] GC(786) Concurrent active time: 0.003ms
[2020-01-29T21:57:04.063+0300][52.102s][info ][gc] GC(786) Concurrent Abortable Preclean 0.030ms
[2020-01-29T21:57:04.063+0300][52.102s][debug][gc] GC(786) YG occupancy: 57246 K (78656 K)
[2020-01-29T21:57:04.074+0300][52.113s][info ][gc] GC(786) Pause Remark 202M->202M(247M) 10.918ms
[2020-01-29T21:57:04.074+0300][52.113s][info ][gc] GC(786) Concurrent Sweep
[2020-01-29T21:57:04.077+0300][52.115s][info ][gc] GC(787) Pause Young (Allocation Failure) 200M->200M(247M) 0.046ms
[2020-01-29T21:57:04.144+0300][52.182s][debug][gc] GC(786) Concurrent active time: 69.253ms
[2020-01-29T21:57:04.144+0300][52.182s][info ][gc] GC(786) Concurrent Sweep 69.520ms
[2020-01-29T21:57:04.144+0300][52.182s][debug][gc] GC(788) Concurrent mode failure
[2020-01-29T21:57:04.238+0300][52.277s][info ][gc] GC(788) Pause Full (Allocation Failure) 200M->70M(247M) 161.468ms
[2020-01-29T21:57:04.310+0300][52.348s][info ][gc] GC(789) Pause Young (Allocation Failure) 137M->155M(247M) 52.926ms
[2020-01-29T21:57:04.319+0300][52.358s][info ][gc] GC(790) Pause Initial Mark 174M->174M(247M) 8.817ms
[2020-01-29T21:57:04.319+0300][52.358s][info ][gc] GC(790) Concurrent Mark
[2020-01-29T21:57:04.322+0300][52.361s][debug][gc] GC(790) Concurrent active time: 3.030ms
[2020-01-29T21:57:04.322+0300][52.361s][info ][gc] GC(790) Concurrent Mark 3.090ms
[2020-01-29T21:57:04.322+0300][52.361s][info ][gc] GC(790) Concurrent Preclean
[2020-01-29T21:57:04.323+0300][52.361s][debug][gc] GC(790) Concurrent active time: 0.169ms
[2020-01-29T21:57:04.323+0300][52.361s][info ][gc] GC(790) Concurrent Preclean 0.201ms
[2020-01-29T21:57:04.323+0300][52.361s][info ][gc] GC(790) Concurrent Abortable Preclean
[2020-01-29T21:57:04.323+0300][52.361s][debug][gc] GC(790) Concurrent active time: 0.004ms
[2020-01-29T21:57:04.323+0300][52.361s][info ][gc] GC(790) Concurrent Abortable Preclean 0.031ms
[2020-01-29T21:57:04.323+0300][52.361s][debug][gc] GC(790) YG occupancy: 57248 K (78656 K)
[2020-01-29T21:57:04.334+0300][52.372s][info ][gc] GC(790) Pause Remark 202M->202M(247M) 10.933ms
[2020-01-29T21:57:04.334+0300][52.372s][info ][gc] GC(790) Concurrent Sweep
[2020-01-29T21:57:04.336+0300][52.375s][info ][gc] GC(791) Pause Young (Allocation Failure) 200M->200M(247M) 0.041ms
[2020-01-29T21:57:04.403+0300][52.442s][debug][gc] GC(790) Concurrent active time: 68.934ms
[2020-01-29T21:57:04.403+0300][52.442s][info ][gc] GC(790) Concurrent Sweep 69.171ms
[2020-01-29T21:57:04.403+0300][52.442s][debug][gc] GC(792) Concurrent mode failure
[2020-01-29T21:57:04.498+0300][52.537s][info ][gc] GC(792) Pause Full (Allocation Failure) 200M->70M(247M) 161.416ms
[2020-01-29T21:57:04.572+0300][52.611s][info ][gc] GC(793) Pause Young (Allocation Failure) 137M->155M(247M) 53.745ms
[2020-01-29T21:57:04.582+0300][52.620s][info ][gc] GC(794) Pause Initial Mark 174M->174M(247M) 8.844ms
[2020-01-29T21:57:04.582+0300][52.620s][info ][gc] GC(794) Concurrent Mark
[2020-01-29T21:57:04.585+0300][52.623s][debug][gc] GC(794) Concurrent active time: 3.013ms
[2020-01-29T21:57:04.585+0300][52.623s][info ][gc] GC(794) Concurrent Mark 3.068ms
[2020-01-29T21:57:04.585+0300][52.623s][info ][gc] GC(794) Concurrent Preclean
[2020-01-29T21:57:04.585+0300][52.623s][debug][gc] GC(794) Concurrent active time: 0.158ms
[2020-01-29T21:57:04.585+0300][52.623s][info ][gc] GC(794) Concurrent Preclean 0.188ms
[2020-01-29T21:57:04.585+0300][52.623s][info ][gc] GC(794) Concurrent Abortable Preclean
[2020-01-29T21:57:04.585+0300][52.624s][debug][gc] GC(794) Concurrent active time: 0.004ms
[2020-01-29T21:57:04.585+0300][52.624s][info ][gc] GC(794) Concurrent Abortable Preclean 0.031ms
[2020-01-29T21:57:04.586+0300][52.624s][debug][gc] GC(794) YG occupancy: 57229 K (78656 K)
[2020-01-29T21:57:04.597+0300][52.635s][info ][gc] GC(794) Pause Remark 202M->202M(247M) 10.925ms
[2020-01-29T21:57:04.597+0300][52.635s][info ][gc] GC(794) Concurrent Sweep
[2020-01-29T21:57:04.599+0300][52.637s][info ][gc] GC(795) Pause Young (Allocation Failure) 200M->200M(247M) 0.041ms
[2020-01-29T21:57:04.665+0300][52.704s][debug][gc] GC(794) Concurrent active time: 68.972ms
[2020-01-29T21:57:04.665+0300][52.704s][info ][gc] GC(794) Concurrent Sweep 69.211ms
[2020-01-29T21:57:04.665+0300][52.704s][debug][gc] GC(796) Concurrent mode failure
[2020-01-29T21:57:04.761+0300][52.799s][info ][gc] GC(796) Pause Full (Allocation Failure) 200M->70M(247M) 161.732ms
[2020-01-29T21:57:04.832+0300][52.871s][info ][gc] GC(797) Pause Young (Allocation Failure) 137M->155M(247M) 53.292ms
[2020-01-29T21:57:04.842+0300][52.880s][info ][gc] GC(798) Pause Initial Mark 174M->174M(247M) 8.814ms
[2020-01-29T21:57:04.842+0300][52.881s][info ][gc] GC(798) Concurrent Mark
[2020-01-29T21:57:04.845+0300][52.884s][debug][gc] GC(798) Concurrent active time: 3.013ms
[2020-01-29T21:57:04.845+0300][52.884s][info ][gc] GC(798) Concurrent Mark 3.070ms
[2020-01-29T21:57:04.845+0300][52.884s][info ][gc] GC(798) Concurrent Preclean
[2020-01-29T21:57:04.845+0300][52.884s][debug][gc] GC(798) Concurrent active time: 0.161ms
[2020-01-29T21:57:04.845+0300][52.884s][info ][gc] GC(798) Concurrent Preclean 0.192ms
[2020-01-29T21:57:04.845+0300][52.884s][info ][gc] GC(798) Concurrent Abortable Preclean
[2020-01-29T21:57:04.845+0300][52.884s][debug][gc] GC(798) Concurrent active time: 0.003ms
[2020-01-29T21:57:04.845+0300][52.884s][info ][gc] GC(798) Concurrent Abortable Preclean 0.030ms
[2020-01-29T21:57:04.845+0300][52.884s][debug][gc] GC(798) YG occupancy: 57241 K (78656 K)
[2020-01-29T21:57:04.856+0300][52.895s][info ][gc] GC(798) Pause Remark 202M->202M(247M) 10.977ms
[2020-01-29T21:57:04.856+0300][52.895s][info ][gc] GC(798) Concurrent Sweep
[2020-01-29T21:57:04.859+0300][52.898s][info ][gc] GC(799) Pause Young (Allocation Failure) 200M->200M(247M) 0.040ms
[2020-01-29T21:57:04.925+0300][52.964s][debug][gc] GC(798) Concurrent active time: 68.593ms
[2020-01-29T21:57:04.925+0300][52.964s][info ][gc] GC(798) Concurrent Sweep 68.835ms
[2020-01-29T21:57:04.925+0300][52.964s][debug][gc] GC(800) Concurrent mode failure
[2020-01-29T21:57:05.021+0300][53.059s][info ][gc] GC(800) Pause Full (Allocation Failure) 200M->70M(247M) 161.830ms
[2020-01-29T21:57:05.092+0300][53.130s][info ][gc] GC(801) Pause Young (Allocation Failure) 137M->155M(247M) 52.514ms
[2020-01-29T21:57:05.102+0300][53.140s][info ][gc] GC(802) Pause Initial Mark 174M->174M(247M) 8.848ms
[2020-01-29T21:57:05.102+0300][53.140s][info ][gc] GC(802) Concurrent Mark
[2020-01-29T21:57:05.105+0300][53.143s][debug][gc] GC(802) Concurrent active time: 3.039ms
[2020-01-29T21:57:05.105+0300][53.143s][info ][gc] GC(802) Concurrent Mark 3.097ms
[2020-01-29T21:57:05.105+0300][53.143s][info ][gc] GC(802) Concurrent Preclean
[2020-01-29T21:57:05.105+0300][53.144s][debug][gc] GC(802) Concurrent active time: 0.157ms
[2020-01-29T21:57:05.105+0300][53.144s][info ][gc] GC(802) Concurrent Preclean 0.188ms
[2020-01-29T21:57:05.105+0300][53.144s][info ][gc] GC(802) Concurrent Abortable Preclean
[2020-01-29T21:57:05.106+0300][53.144s][debug][gc] GC(802) Concurrent active time: 0.004ms
[2020-01-29T21:57:05.106+0300][53.144s][info ][gc] GC(802) Concurrent Abortable Preclean 0.032ms
[2020-01-29T21:57:05.106+0300][53.144s][debug][gc] GC(802) YG occupancy: 57245 K (78656 K)
[2020-01-29T21:57:05.117+0300][53.155s][info ][gc] GC(802) Pause Remark 202M->202M(247M) 10.955ms
[2020-01-29T21:57:05.117+0300][53.155s][info ][gc] GC(802) Concurrent Sweep
[2020-01-29T21:57:05.119+0300][53.158s][info ][gc] GC(803) Pause Young (Allocation Failure) 200M->200M(247M) 0.042ms
[2020-01-29T21:57:05.186+0300][53.225s][debug][gc] GC(802) Concurrent active time: 69.972ms
[2020-01-29T21:57:05.186+0300][53.225s][info ][gc] GC(802) Concurrent Sweep 70.223ms
[2020-01-29T21:57:05.186+0300][53.225s][debug][gc] GC(804) Concurrent mode failure
[2020-01-29T21:57:05.281+0300][53.319s][info ][gc] GC(804) Pause Full (Allocation Failure) 200M->70M(247M) 161.820ms
[2020-01-29T21:57:05.353+0300][53.391s][info ][gc] GC(805) Pause Young (Allocation Failure) 137M->155M(247M) 53.169ms
[2020-01-29T21:57:05.362+0300][53.401s][info ][gc] GC(806) Pause Initial Mark 174M->174M(247M) 8.820ms
[2020-01-29T21:57:05.362+0300][53.401s][info ][gc] GC(806) Concurrent Mark
[2020-01-29T21:57:05.365+0300][53.404s][debug][gc] GC(806) Concurrent active time: 3.090ms
[2020-01-29T21:57:05.365+0300][53.404s][info ][gc] GC(806) Concurrent Mark 3.154ms
[2020-01-29T21:57:05.365+0300][53.404s][info ][gc] GC(806) Concurrent Preclean
[2020-01-29T21:57:05.366+0300][53.404s][debug][gc] GC(806) Concurrent active time: 0.170ms
[2020-01-29T21:57:05.366+0300][53.405s][info ][gc] GC(806) Concurrent Preclean 0.203ms
[2020-01-29T21:57:05.366+0300][53.405s][info ][gc] GC(806) Concurrent Abortable Preclean
[2020-01-29T21:57:05.366+0300][53.405s][debug][gc] GC(806) Concurrent active time: 0.005ms
[2020-01-29T21:57:05.366+0300][53.405s][info ][gc] GC(806) Concurrent Abortable Preclean 0.034ms
[2020-01-29T21:57:05.366+0300][53.405s][debug][gc] GC(806) YG occupancy: 57248 K (78656 K)
[2020-01-29T21:57:05.377+0300][53.416s][info ][gc] GC(806) Pause Remark 202M->202M(247M) 10.961ms
[2020-01-29T21:57:05.377+0300][53.416s][info ][gc] GC(806) Concurrent Sweep
[2020-01-29T21:57:05.380+0300][53.418s][info ][gc] GC(807) Pause Young (Allocation Failure) 200M->200M(247M) 0.045ms
[2020-01-29T21:57:05.447+0300][53.485s][debug][gc] GC(806) Concurrent active time: 69.195ms
[2020-01-29T21:57:05.447+0300][53.485s][info ][gc] GC(806) Concurrent Sweep 69.475ms
[2020-01-29T21:57:05.447+0300][53.485s][debug][gc] GC(808) Concurrent mode failure
[2020-01-29T21:57:05.542+0300][53.580s][info ][gc] GC(808) Pause Full (Allocation Failure) 200M->70M(247M) 161.505ms
[2020-01-29T21:57:05.613+0300][53.651s][info ][gc] GC(809) Pause Young (Allocation Failure) 137M->155M(247M) 52.928ms
[2020-01-29T21:57:05.622+0300][53.661s][info ][gc] GC(810) Pause Initial Mark 174M->174M(247M) 8.856ms
[2020-01-29T21:57:05.622+0300][53.661s][info ][gc] GC(810) Concurrent Mark
[2020-01-29T21:57:05.625+0300][53.664s][debug][gc] GC(810) Concurrent active time: 3.031ms
[2020-01-29T21:57:05.626+0300][53.664s][info ][gc] GC(810) Concurrent Mark 3.091ms
[2020-01-29T21:57:05.626+0300][53.664s][info ][gc] GC(810) Concurrent Preclean
[2020-01-29T21:57:05.626+0300][53.664s][debug][gc] GC(810) Concurrent active time: 0.157ms
[2020-01-29T21:57:05.626+0300][53.664s][info ][gc] GC(810) Concurrent Preclean 0.188ms
[2020-01-29T21:57:05.626+0300][53.664s][info ][gc] GC(810) Concurrent Abortable Preclean
[2020-01-29T21:57:05.626+0300][53.665s][debug][gc] GC(810) Concurrent active time: 0.004ms
[2020-01-29T21:57:05.626+0300][53.665s][info ][gc] GC(810) Concurrent Abortable Preclean 0.031ms
[2020-01-29T21:57:05.626+0300][53.665s][debug][gc] GC(810) YG occupancy: 57234 K (78656 K)
[2020-01-29T21:57:05.637+0300][53.676s][info ][gc] GC(810) Pause Remark 202M->202M(247M) 10.936ms
[2020-01-29T21:57:05.637+0300][53.676s][info ][gc] GC(810) Concurrent Sweep
[2020-01-29T21:57:05.640+0300][53.678s][info ][gc] GC(811) Pause Young (Allocation Failure) 201M->201M(247M) 0.045ms
[2020-01-29T21:57:05.708+0300][53.746s][debug][gc] GC(810) Concurrent active time: 70.600ms
[2020-01-29T21:57:05.708+0300][53.746s][info ][gc] GC(810) Concurrent Sweep 70.847ms
[2020-01-29T21:57:05.708+0300][53.746s][debug][gc] GC(812) Concurrent mode failure
[2020-01-29T21:57:05.803+0300][53.841s][info ][gc] GC(812) Pause Full (Allocation Failure) 201M->70M(247M) 162.823ms
[2020-01-29T21:57:05.874+0300][53.912s][info ][gc] GC(813) Pause Young (Allocation Failure) 137M->155M(247M) 52.630ms
[2020-01-29T21:57:05.884+0300][53.922s][info ][gc] GC(814) Pause Initial Mark 174M->174M(247M) 8.967ms
[2020-01-29T21:57:05.884+0300][53.922s][info ][gc] GC(814) Concurrent Mark
[2020-01-29T21:57:05.887+0300][53.925s][debug][gc] GC(814) Concurrent active time: 3.035ms
[2020-01-29T21:57:05.887+0300][53.925s][info ][gc] GC(814) Concurrent Mark 3.090ms
[2020-01-29T21:57:05.887+0300][53.925s][info ][gc] GC(814) Concurrent Preclean
[2020-01-29T21:57:05.888+0300][53.926s][debug][gc] GC(814) Concurrent active time: 0.159ms
[2020-01-29T21:57:05.888+0300][53.926s][info ][gc] GC(814) Concurrent Preclean 0.190ms
[2020-01-29T21:57:05.888+0300][53.926s][info ][gc] GC(814) Concurrent Abortable Preclean
[2020-01-29T21:57:05.888+0300][53.926s][debug][gc] GC(814) Concurrent active time: 0.004ms
[2020-01-29T21:57:05.888+0300][53.926s][info ][gc] GC(814) Concurrent Abortable Preclean 0.031ms
[2020-01-29T21:57:05.888+0300][53.926s][debug][gc] GC(814) YG occupancy: 57243 K (78656 K)
[2020-01-29T21:57:05.899+0300][53.937s][info ][gc] GC(814) Pause Remark 202M->202M(247M) 10.935ms
[2020-01-29T21:57:05.899+0300][53.937s][info ][gc] GC(814) Concurrent Sweep
[2020-01-29T21:57:05.901+0300][53.939s][info ][gc] GC(815) Pause Young (Allocation Failure) 200M->200M(247M) 0.040ms
[2020-01-29T21:57:05.967+0300][54.006s][debug][gc] GC(814) Concurrent active time: 69.006ms
[2020-01-29T21:57:05.967+0300][54.006s][info ][gc] GC(814) Concurrent Sweep 69.245ms
[2020-01-29T21:57:05.967+0300][54.006s][debug][gc] GC(816) Concurrent mode failure
[2020-01-29T21:57:06.062+0300][54.101s][info ][gc] GC(816) Pause Full (Allocation Failure) 200M->70M(247M) 161.399ms
[2020-01-29T21:57:06.134+0300][54.173s][info ][gc] GC(817) Pause Young (Allocation Failure) 137M->155M(247M) 53.556ms
[2020-01-29T21:57:06.144+0300][54.182s][info ][gc] GC(818) Pause Initial Mark 174M->174M(247M) 8.833ms
[2020-01-29T21:57:06.144+0300][54.182s][info ][gc] GC(818) Concurrent Mark
[2020-01-29T21:57:06.147+0300][54.185s][debug][gc] GC(818) Concurrent active time: 3.023ms
[2020-01-29T21:57:06.147+0300][54.185s][info ][gc] GC(818) Concurrent Mark 3.082ms
[2020-01-29T21:57:06.147+0300][54.185s][info ][gc] GC(818) Concurrent Preclean
[2020-01-29T21:57:06.147+0300][54.186s][debug][gc] GC(818) Concurrent active time: 0.156ms
[2020-01-29T21:57:06.147+0300][54.186s][info ][gc] GC(818) Concurrent Preclean 0.188ms
[2020-01-29T21:57:06.147+0300][54.186s][info ][gc] GC(818) Concurrent Abortable Preclean
[2020-01-29T21:57:06.147+0300][54.186s][debug][gc] GC(818) Concurrent active time: 0.004ms
[2020-01-29T21:57:06.147+0300][54.186s][info ][gc] GC(818) Concurrent Abortable Preclean 0.031ms
[2020-01-29T21:57:06.147+0300][54.186s][debug][gc] GC(818) YG occupancy: 57247 K (78656 K)
[2020-01-29T21:57:06.158+0300][54.197s][info ][gc] GC(818) Pause Remark 202M->202M(247M) 10.925ms
[2020-01-29T21:57:06.158+0300][54.197s][info ][gc] GC(818) Concurrent Sweep
[2020-01-29T21:57:06.161+0300][54.199s][info ][gc] GC(819) Pause Young (Allocation Failure) 200M->200M(247M) 0.040ms
[2020-01-29T21:57:06.228+0300][54.266s][debug][gc] GC(818) Concurrent active time: 69.350ms
[2020-01-29T21:57:06.228+0300][54.266s][info ][gc] GC(818) Concurrent Sweep 69.587ms
[2020-01-29T21:57:06.228+0300][54.266s][debug][gc] GC(820) Concurrent mode failure
[2020-01-29T21:57:06.322+0300][54.361s][info ][gc] GC(820) Pause Full (Allocation Failure) 200M->70M(247M) 161.102ms
[2020-01-29T21:57:06.393+0300][54.431s][info ][gc] GC(821) Pause Young (Allocation Failure) 137M->155M(247M) 52.916ms
[2020-01-29T21:57:06.403+0300][54.441s][info ][gc] GC(822) Pause Initial Mark 174M->174M(247M) 8.841ms
[2020-01-29T21:57:06.403+0300][54.441s][info ][gc] GC(822) Concurrent Mark
[2020-01-29T21:57:06.407+0300][54.445s][debug][gc] GC(822) Concurrent active time: 3.138ms
[2020-01-29T21:57:06.407+0300][54.445s][info ][gc] GC(822) Concurrent Mark 4.363ms
[2020-01-29T21:57:06.407+0300][54.445s][info ][gc] GC(822) Concurrent Preclean
[2020-01-29T21:57:06.407+0300][54.445s][debug][gc] GC(822) Concurrent active time: 0.184ms
[2020-01-29T21:57:06.407+0300][54.445s][info ][gc] GC(822) Concurrent Preclean 0.219ms
[2020-01-29T21:57:06.407+0300][54.445s][info ][gc] GC(822) Concurrent Abortable Preclean
[2020-01-29T21:57:06.407+0300][54.445s][debug][gc] GC(822) Concurrent active time: 0.005ms
[2020-01-29T21:57:06.407+0300][54.445s][info ][gc] GC(822) Concurrent Abortable Preclean 0.031ms
[2020-01-29T21:57:06.407+0300][54.446s][debug][gc] GC(822) YG occupancy: 44964 K (78656 K)
[2020-01-29T21:57:06.420+0300][54.458s][info ][gc] GC(822) Pause Remark 190M->190M(247M) 12.661ms
[2020-01-29T21:57:06.420+0300][54.458s][info ][gc] GC(822) Concurrent Sweep
[2020-01-29T21:57:06.424+0300][54.462s][info ][gc] GC(823) Pause Young (Allocation Failure) 197M->197M(247M) 0.045ms
[2020-01-29T21:57:06.487+0300][54.526s][debug][gc] GC(822) Concurrent active time: 67.558ms
[2020-01-29T21:57:06.487+0300][54.526s][info ][gc] GC(822) Concurrent Sweep 67.827ms
[2020-01-29T21:57:06.487+0300][54.526s][debug][gc] GC(824) Concurrent mode failure
[2020-01-29T21:57:06.582+0300][54.621s][info ][gc] GC(824) Pause Full (Allocation Failure) 197M->70M(247M) 158.588ms
[2020-01-29T21:57:06.653+0300][54.692s][info ][gc] GC(825) Pause Young (Allocation Failure) 137M->155M(247M) 52.656ms
[2020-01-29T21:57:06.663+0300][54.702s][info ][gc] GC(826) Pause Initial Mark 174M->174M(247M) 8.864ms
[2020-01-29T21:57:06.663+0300][54.702s][info ][gc] GC(826) Concurrent Mark
[2020-01-29T21:57:06.666+0300][54.705s][debug][gc] GC(826) Concurrent active time: 3.030ms
[2020-01-29T21:57:06.666+0300][54.705s][info ][gc] GC(826) Concurrent Mark 3.087ms
[2020-01-29T21:57:06.666+0300][54.705s][info ][gc] GC(826) Concurrent Preclean
[2020-01-29T21:57:06.667+0300][54.705s][debug][gc] GC(826) Concurrent active time: 0.160ms
[2020-01-29T21:57:06.667+0300][54.705s][info ][gc] GC(826) Concurrent Preclean 0.192ms
[2020-01-29T21:57:06.667+0300][54.705s][info ][gc] GC(826) Concurrent Abortable Preclean
[2020-01-29T21:57:06.667+0300][54.705s][debug][gc] GC(826) Concurrent active time: 0.004ms
[2020-01-29T21:57:06.667+0300][54.705s][info ][gc] GC(826) Concurrent Abortable Preclean 0.031ms
[2020-01-29T21:57:06.667+0300][54.705s][debug][gc] GC(826) YG occupancy: 57250 K (78656 K)
[2020-01-29T21:57:06.678+0300][54.716s][info ][gc] GC(826) Pause Remark 202M->202M(247M) 10.963ms
[2020-01-29T21:57:06.678+0300][54.716s][info ][gc] GC(826) Concurrent Sweep
[2020-01-29T21:57:06.680+0300][54.719s][info ][gc] GC(827) Pause Young (Allocation Failure) 201M->201M(247M) 0.039ms
[2020-01-29T21:57:06.746+0300][54.785s][debug][gc] GC(826) Concurrent active time: 68.357ms
[2020-01-29T21:57:06.746+0300][54.785s][info ][gc] GC(826) Concurrent Sweep 68.592ms
[2020-01-29T21:57:06.746+0300][54.785s][debug][gc] GC(828) Concurrent mode failure
[2020-01-29T21:57:06.840+0300][54.878s][info ][gc] GC(828) Pause Full (Allocation Failure) 201M->70M(247M) 159.699ms
[2020-01-29T21:57:06.912+0300][54.950s][info ][gc] GC(829) Pause Young (Allocation Failure) 137M->155M(247M) 53.225ms
[2020-01-29T21:57:06.922+0300][54.960s][info ][gc] GC(830) Pause Initial Mark 174M->174M(247M) 8.835ms
[2020-01-29T21:57:06.922+0300][54.960s][info ][gc] GC(830) Concurrent Mark
[2020-01-29T21:57:06.925+0300][54.963s][debug][gc] GC(830) Concurrent active time: 3.013ms
[2020-01-29T21:57:06.925+0300][54.963s][info ][gc] GC(830) Concurrent Mark 3.067ms
[2020-01-29T21:57:06.925+0300][54.963s][info ][gc] GC(830) Concurrent Preclean
[2020-01-29T21:57:06.925+0300][54.963s][debug][gc] GC(830) Concurrent active time: 0.156ms
[2020-01-29T21:57:06.925+0300][54.963s][info ][gc] GC(830) Concurrent Preclean 0.188ms
[2020-01-29T21:57:06.925+0300][54.963s][info ][gc] GC(830) Concurrent Abortable Preclean
[2020-01-29T21:57:06.925+0300][54.963s][debug][gc] GC(830) Concurrent active time: 0.004ms
[2020-01-29T21:57:06.925+0300][54.963s][info ][gc] GC(830) Concurrent Abortable Preclean 0.032ms
[2020-01-29T21:57:06.925+0300][54.963s][debug][gc] GC(830) YG occupancy: 57250 K (78656 K)
[2020-01-29T21:57:06.936+0300][54.974s][info ][gc] GC(830) Pause Remark 202M->202M(247M) 11.029ms
[2020-01-29T21:57:06.936+0300][54.974s][info ][gc] GC(830) Concurrent Sweep
[2020-01-29T21:57:06.938+0300][54.977s][info ][gc] GC(831) Pause Young (Allocation Failure) 200M->200M(247M) 0.040ms
[2020-01-29T21:57:07.005+0300][55.044s][debug][gc] GC(830) Concurrent active time: 69.266ms
[2020-01-29T21:57:07.005+0300][55.044s][info ][gc] GC(830) Concurrent Sweep 69.500ms
[2020-01-29T21:57:07.005+0300][55.044s][debug][gc] GC(832) Concurrent mode failure
[2020-01-29T21:57:07.100+0300][55.139s][info ][gc] GC(832) Pause Full (Allocation Failure) 200M->70M(247M) 161.624ms
[2020-01-29T21:57:07.172+0300][55.211s][info ][gc] GC(833) Pause Young (Allocation Failure) 137M->155M(247M) 53.528ms
[2020-01-29T21:57:07.182+0300][55.221s][info ][gc] GC(834) Pause Initial Mark 174M->174M(247M) 8.810ms
[2020-01-29T21:57:07.182+0300][55.221s][info ][gc] GC(834) Concurrent Mark
[2020-01-29T21:57:07.185+0300][55.224s][debug][gc] GC(834) Concurrent active time: 3.047ms
[2020-01-29T21:57:07.185+0300][55.224s][info ][gc] GC(834) Concurrent Mark 3.104ms
[2020-01-29T21:57:07.185+0300][55.224s][info ][gc] GC(834) Concurrent Preclean
[2020-01-29T21:57:07.185+0300][55.224s][debug][gc] GC(834) Concurrent active time: 0.163ms
[2020-01-29T21:57:07.186+0300][55.224s][info ][gc] GC(834) Concurrent Preclean 0.205ms
[2020-01-29T21:57:07.186+0300][55.224s][info ][gc] GC(834) Concurrent Abortable Preclean
[2020-01-29T21:57:07.186+0300][55.224s][debug][gc] GC(834) Concurrent active time: 0.004ms
[2020-01-29T21:57:07.186+0300][55.224s][info ][gc] GC(834) Concurrent Abortable Preclean 0.031ms
[2020-01-29T21:57:07.186+0300][55.224s][debug][gc] GC(834) YG occupancy: 57250 K (78656 K)
[2020-01-29T21:57:07.197+0300][55.235s][info ][gc] GC(834) Pause Remark 202M->202M(247M) 10.973ms
[2020-01-29T21:57:07.197+0300][55.235s][info ][gc] GC(834) Concurrent Sweep
[2020-01-29T21:57:07.199+0300][55.238s][info ][gc] GC(835) Pause Young (Allocation Failure) 200M->200M(247M) 0.040ms
[2020-01-29T21:57:07.267+0300][55.306s][debug][gc] GC(834) Concurrent active time: 70.068ms
[2020-01-29T21:57:07.267+0300][55.306s][info ][gc] GC(834) Concurrent Sweep 70.304ms
[2020-01-29T21:57:07.267+0300][55.306s][debug][gc] GC(836) Concurrent mode failure
[2020-01-29T21:57:07.361+0300][55.399s][info ][gc] GC(836) Pause Full (Allocation Failure) 200M->70M(247M) 161.218ms
[2020-01-29T21:57:07.434+0300][55.472s][info ][gc] GC(837) Pause Young (Allocation Failure) 137M->155M(247M) 54.716ms
[2020-01-29T21:57:07.443+0300][55.482s][info ][gc] GC(838) Pause Initial Mark 174M->174M(247M) 8.831ms
[2020-01-29T21:57:07.444+0300][55.483s][info ][gc] GC(838) Concurrent Mark
[2020-01-29T21:57:07.447+0300][55.486s][debug][gc] GC(838) Concurrent active time: 3.387ms
[2020-01-29T21:57:07.447+0300][55.486s][info ][gc] GC(838) Concurrent Mark 3.535ms
[2020-01-29T21:57:07.447+0300][55.486s][info ][gc] GC(838) Concurrent Preclean
[2020-01-29T21:57:07.447+0300][55.486s][debug][gc] GC(838) Concurrent active time: 0.174ms
[2020-01-29T21:57:07.447+0300][55.486s][info ][gc] GC(838) Concurrent Preclean 0.209ms
[2020-01-29T21:57:07.447+0300][55.486s][info ][gc] GC(838) Concurrent Abortable Preclean
[2020-01-29T21:57:07.447+0300][55.486s][debug][gc] GC(838) Concurrent active time: 0.004ms
[2020-01-29T21:57:07.447+0300][55.486s][info ][gc] GC(838) Concurrent Abortable Preclean 0.031ms
[2020-01-29T21:57:07.447+0300][55.486s][debug][gc] GC(838) YG occupancy: 46342 K (78656 K)
[2020-01-29T21:57:07.458+0300][55.497s][info ][gc] GC(838) Pause Remark 192M->192M(247M) 10.751ms
[2020-01-29T21:57:07.458+0300][55.497s][info ][gc] GC(838) Concurrent Sweep
[2020-01-29T21:57:07.462+0300][55.501s][info ][gc] GC(839) Pause Young (Allocation Failure) 197M->197M(247M) 0.042ms
[2020-01-29T21:57:07.527+0300][55.565s][debug][gc] GC(838) Concurrent active time: 67.874ms
[2020-01-29T21:57:07.527+0300][55.565s][info ][gc] GC(838) Concurrent Sweep 68.131ms
[2020-01-29T21:57:07.527+0300][55.565s][debug][gc] GC(840) Concurrent mode failure
[2020-01-29T21:57:07.621+0300][55.660s][info ][gc] GC(840) Pause Full (Allocation Failure) 197M->70M(247M) 158.659ms
[2020-01-29T21:57:07.692+0300][55.730s][info ][gc] GC(841) Pause Young (Allocation Failure) 137M->155M(247M) 52.347ms
[2020-01-29T21:57:07.702+0300][55.740s][info ][gc] GC(842) Pause Initial Mark 174M->174M(247M) 8.850ms
[2020-01-29T21:57:07.702+0300][55.740s][info ][gc] GC(842) Concurrent Mark
[2020-01-29T21:57:07.705+0300][55.743s][debug][gc] GC(842) Concurrent active time: 3.028ms
[2020-01-29T21:57:07.705+0300][55.743s][info ][gc] GC(842) Concurrent Mark 3.089ms
[2020-01-29T21:57:07.705+0300][55.743s][info ][gc] GC(842) Concurrent Preclean
[2020-01-29T21:57:07.705+0300][55.743s][debug][gc] GC(842) Concurrent active time: 0.157ms
[2020-01-29T21:57:07.705+0300][55.743s][info ][gc] GC(842) Concurrent Preclean 0.189ms
[2020-01-29T21:57:07.705+0300][55.743s][info ][gc] GC(842) Concurrent Abortable Preclean
[2020-01-29T21:57:07.705+0300][55.743s][debug][gc] GC(842) Concurrent active time: 0.004ms
[2020-01-29T21:57:07.705+0300][55.743s][info ][gc] GC(842) Concurrent Abortable Preclean 0.031ms
[2020-01-29T21:57:07.705+0300][55.744s][debug][gc] GC(842) YG occupancy: 57250 K (78656 K)
[2020-01-29T21:57:07.716+0300][55.755s][info ][gc] GC(842) Pause Remark 202M->202M(247M) 10.966ms
[2020-01-29T21:57:07.716+0300][55.755s][info ][gc] GC(842) Concurrent Sweep
[2020-01-29T21:57:07.719+0300][55.757s][info ][gc] GC(843) Pause Young (Allocation Failure) 200M->200M(247M) 0.041ms
[2020-01-29T21:57:07.786+0300][55.824s][debug][gc] GC(842) Concurrent active time: 68.906ms
[2020-01-29T21:57:07.786+0300][55.824s][info ][gc] GC(842) Concurrent Sweep 69.142ms
[2020-01-29T21:57:07.786+0300][55.824s][debug][gc] GC(844) Concurrent mode failure
[2020-01-29T21:57:07.879+0300][55.918s][info ][gc] GC(844) Pause Full (Allocation Failure) 200M->70M(247M) 160.549ms
[2020-01-29T21:57:07.951+0300][55.989s][info ][gc] GC(845) Pause Young (Allocation Failure) 137M->155M(247M) 52.658ms
[2020-01-29T21:57:07.961+0300][55.999s][info ][gc] GC(846) Pause Initial Mark 174M->174M(247M) 8.849ms
[2020-01-29T21:57:07.961+0300][55.999s][info ][gc] GC(846) Concurrent Mark
[2020-01-29T21:57:07.964+0300][56.002s][debug][gc] GC(846) Concurrent active time: 3.017ms
[2020-01-29T21:57:07.964+0300][56.002s][info ][gc] GC(846) Concurrent Mark 3.073ms
[2020-01-29T21:57:07.964+0300][56.002s][info ][gc] GC(846) Concurrent Preclean
[2020-01-29T21:57:07.964+0300][56.002s][debug][gc] GC(846) Concurrent active time: 0.157ms
[2020-01-29T21:57:07.964+0300][56.002s][info ][gc] GC(846) Concurrent Preclean 0.188ms
[2020-01-29T21:57:07.964+0300][56.002s][info ][gc] GC(846) Concurrent Abortable Preclean
[2020-01-29T21:57:07.964+0300][56.002s][debug][gc] GC(846) Concurrent active time: 0.004ms
[2020-01-29T21:57:07.964+0300][56.002s][info ][gc] GC(846) Concurrent Abortable Preclean 0.030ms
[2020-01-29T21:57:07.964+0300][56.002s][debug][gc] GC(846) YG occupancy: 57250 K (78656 K)
[2020-01-29T21:57:07.975+0300][56.013s][info ][gc] GC(846) Pause Remark 202M->202M(247M) 10.944ms
[2020-01-29T21:57:07.975+0300][56.013s][info ][gc] GC(846) Concurrent Sweep
[2020-01-29T21:57:07.978+0300][56.016s][info ][gc] GC(847) Pause Young (Allocation Failure) 201M->201M(247M) 0.042ms
[2020-01-29T21:57:08.045+0300][56.083s][debug][gc] GC(846) Concurrent active time: 69.788ms
[2020-01-29T21:57:08.045+0300][56.083s][info ][gc] GC(846) Concurrent Sweep 70.083ms
[2020-01-29T21:57:08.045+0300][56.083s][debug][gc] GC(848) Concurrent mode failure
[2020-01-29T21:57:08.140+0300][56.178s][info ][gc] GC(848) Pause Full (Allocation Failure) 201M->70M(247M) 161.916ms
[2020-01-29T21:57:08.210+0300][56.249s][info ][gc] GC(849) Pause Young (Allocation Failure) 137M->155M(247M) 53.424ms
[2020-01-29T21:57:08.220+0300][56.259s][info ][gc] GC(850) Pause Initial Mark 174M->174M(247M) 8.814ms
[2020-01-29T21:57:08.220+0300][56.259s][info ][gc] GC(850) Concurrent Mark
[2020-01-29T21:57:08.223+0300][56.262s][debug][gc] GC(850) Concurrent active time: 3.107ms
[2020-01-29T21:57:08.223+0300][56.262s][info ][gc] GC(850) Concurrent Mark 3.167ms
[2020-01-29T21:57:08.223+0300][56.262s][info ][gc] GC(850) Concurrent Preclean
[2020-01-29T21:57:08.223+0300][56.262s][debug][gc] GC(850) Concurrent active time: 0.160ms
[2020-01-29T21:57:08.223+0300][56.262s][info ][gc] GC(850) Concurrent Preclean 0.192ms
[2020-01-29T21:57:08.223+0300][56.262s][info ][gc] GC(850) Concurrent Abortable Preclean
[2020-01-29T21:57:08.223+0300][56.262s][debug][gc] GC(850) Concurrent active time: 0.004ms
[2020-01-29T21:57:08.223+0300][56.262s][info ][gc] GC(850) Concurrent Abortable Preclean 0.031ms
[2020-01-29T21:57:08.223+0300][56.262s][debug][gc] GC(850) YG occupancy: 57250 K (78656 K)
[2020-01-29T21:57:08.234+0300][56.273s][info ][gc] GC(850) Pause Remark 202M->202M(247M) 10.912ms
[2020-01-29T21:57:08.234+0300][56.273s][info ][gc] GC(850) Concurrent Sweep
[2020-01-29T21:57:08.237+0300][56.276s][info ][gc] GC(851) Pause Young (Allocation Failure) 200M->200M(247M) 0.041ms
[2020-01-29T21:57:08.305+0300][56.344s][debug][gc] GC(850) Concurrent active time: 70.382ms
[2020-01-29T21:57:08.305+0300][56.344s][info ][gc] GC(850) Concurrent Sweep 70.635ms
[2020-01-29T21:57:08.305+0300][56.344s][debug][gc] GC(852) Concurrent mode failure
[2020-01-29T21:57:08.400+0300][56.439s][info ][gc] GC(852) Pause Full (Allocation Failure) 200M->70M(247M) 162.576ms
[2020-01-29T21:57:08.496+0300][56.534s][info ][gc] GC(853) Pause Young (Allocation Failure) 137M->155M(247M) 76.902ms
[2020-01-29T21:57:08.505+0300][56.543s][info ][gc] GC(854) Pause Initial Mark 174M->174M(247M) 8.811ms
[2020-01-29T21:57:08.505+0300][56.543s][info ][gc] GC(854) Concurrent Mark
[2020-01-29T21:57:08.508+0300][56.547s][debug][gc] GC(854) Concurrent active time: 3.112ms
[2020-01-29T21:57:08.508+0300][56.547s][info ][gc] GC(854) Concurrent Mark 3.180ms
[2020-01-29T21:57:08.509+0300][56.547s][info ][gc] GC(854) Concurrent Preclean
[2020-01-29T21:57:08.509+0300][56.547s][debug][gc] GC(854) Concurrent active time: 0.158ms
[2020-01-29T21:57:08.509+0300][56.547s][info ][gc] GC(854) Concurrent Preclean 0.190ms
[2020-01-29T21:57:08.509+0300][56.547s][info ][gc] GC(854) Concurrent Abortable Preclean
[2020-01-29T21:57:08.509+0300][56.547s][debug][gc] GC(854) Concurrent active time: 0.004ms
[2020-01-29T21:57:08.509+0300][56.547s][info ][gc] GC(854) Concurrent Abortable Preclean 0.031ms
[2020-01-29T21:57:08.509+0300][56.547s][debug][gc] GC(854) YG occupancy: 57227 K (78656 K)
[2020-01-29T21:57:08.520+0300][56.558s][info ][gc] GC(854) Pause Remark 202M->202M(247M) 11.029ms
[2020-01-29T21:57:08.520+0300][56.558s][info ][gc] GC(854) Concurrent Sweep
[2020-01-29T21:57:08.523+0300][56.561s][info ][gc] GC(855) Pause Young (Allocation Failure) 200M->200M(247M) 0.042ms
[2020-01-29T21:57:08.589+0300][56.628s][debug][gc] GC(854) Concurrent active time: 69.514ms
[2020-01-29T21:57:08.589+0300][56.628s][info ][gc] GC(854) Concurrent Sweep 69.802ms
[2020-01-29T21:57:08.589+0300][56.628s][debug][gc] GC(856) Concurrent mode failure
[2020-01-29T21:57:08.685+0300][56.723s][info ][gc] GC(856) Pause Full (Allocation Failure) 200M->70M(247M) 162.421ms
[2020-01-29T21:57:08.757+0300][56.796s][info ][gc] GC(857) Pause Young (Allocation Failure) 137M->155M(247M) 53.652ms
[2020-01-29T21:57:08.766+0300][56.805s][info ][gc] GC(858) Pause Initial Mark 174M->174M(247M) 8.817ms
[2020-01-29T21:57:08.767+0300][56.806s][info ][gc] GC(858) Concurrent Mark
[2020-01-29T21:57:08.770+0300][56.809s][debug][gc] GC(858) Concurrent active time: 3.204ms
[2020-01-29T21:57:08.770+0300][56.809s][info ][gc] GC(858) Concurrent Mark 3.265ms
[2020-01-29T21:57:08.770+0300][56.809s][info ][gc] GC(858) Concurrent Preclean
[2020-01-29T21:57:08.770+0300][56.809s][debug][gc] GC(858) Concurrent active time: 0.155ms
[2020-01-29T21:57:08.770+0300][56.809s][info ][gc] GC(858) Concurrent Preclean 0.188ms
[2020-01-29T21:57:08.770+0300][56.809s][info ][gc] GC(858) Concurrent Abortable Preclean
[2020-01-29T21:57:08.770+0300][56.809s][debug][gc] GC(858) Concurrent active time: 0.004ms
[2020-01-29T21:57:08.770+0300][56.809s][info ][gc] GC(858) Concurrent Abortable Preclean 0.030ms
[2020-01-29T21:57:08.770+0300][56.809s][debug][gc] GC(858) YG occupancy: 58620 K (78656 K)
[2020-01-29T21:57:08.781+0300][56.820s][info ][gc] GC(858) Pause Remark 204M->204M(247M) 10.956ms
[2020-01-29T21:57:08.781+0300][56.820s][info ][gc] GC(858) Concurrent Sweep
[2020-01-29T21:57:08.784+0300][56.823s][info ][gc] GC(859) Pause Young (Allocation Failure) 201M->201M(247M) 0.041ms
[2020-01-29T21:57:08.852+0300][56.891s][debug][gc] GC(858) Concurrent active time: 70.256ms
[2020-01-29T21:57:08.852+0300][56.891s][info ][gc] GC(858) Concurrent Sweep 70.501ms
[2020-01-29T21:57:08.852+0300][56.891s][debug][gc] GC(860) Concurrent mode failure
[2020-01-29T21:57:08.947+0300][56.986s][info ][gc] GC(860) Pause Full (Allocation Failure) 201M->70M(247M) 163.240ms
[2020-01-29T21:57:09.018+0300][57.057s][info ][gc] GC(861) Pause Young (Allocation Failure) 137M->155M(247M) 52.581ms
[2020-01-29T21:57:09.028+0300][57.066s][info ][gc] GC(862) Pause Initial Mark 174M->174M(247M) 8.931ms
[2020-01-29T21:57:09.028+0300][57.066s][info ][gc] GC(862) Concurrent Mark
[2020-01-29T21:57:09.031+0300][57.069s][debug][gc] GC(862) Concurrent active time: 3.019ms
[2020-01-29T21:57:09.031+0300][57.069s][info ][gc] GC(862) Concurrent Mark 3.077ms
[2020-01-29T21:57:09.031+0300][57.069s][info ][gc] GC(862) Concurrent Preclean
[2020-01-29T21:57:09.031+0300][57.070s][debug][gc] GC(862) Concurrent active time: 0.155ms
[2020-01-29T21:57:09.031+0300][57.070s][info ][gc] GC(862) Concurrent Preclean 0.185ms
[2020-01-29T21:57:09.031+0300][57.070s][info ][gc] GC(862) Concurrent Abortable Preclean
[2020-01-29T21:57:09.031+0300][57.070s][debug][gc] GC(862) Concurrent active time: 0.004ms
[2020-01-29T21:57:09.031+0300][57.070s][info ][gc] GC(862) Concurrent Abortable Preclean 0.031ms
[2020-01-29T21:57:09.031+0300][57.070s][debug][gc] GC(862) YG occupancy: 57245 K (78656 K)
[2020-01-29T21:57:09.042+0300][57.081s][info ][gc] GC(862) Pause Remark 202M->202M(247M) 10.961ms
[2020-01-29T21:57:09.042+0300][57.081s][info ][gc] GC(862) Concurrent Sweep
[2020-01-29T21:57:09.045+0300][57.083s][info ][gc] GC(863) Pause Young (Allocation Failure) 200M->200M(247M) 0.040ms
[2020-01-29T21:57:09.112+0300][57.150s][debug][gc] GC(862) Concurrent active time: 68.944ms
[2020-01-29T21:57:09.112+0300][57.150s][info ][gc] GC(862) Concurrent Sweep 69.177ms
[2020-01-29T21:57:09.112+0300][57.150s][debug][gc] GC(864) Concurrent mode failure
[2020-01-29T21:57:09.205+0300][57.244s][info ][gc] GC(864) Pause Full (Allocation Failure) 200M->70M(247M) 160.832ms
[2020-01-29T21:57:09.277+0300][57.315s][info ][gc] GC(865) Pause Young (Allocation Failure) 137M->155M(247M) 52.910ms
[2020-01-29T21:57:09.286+0300][57.325s][info ][gc] GC(866) Pause Initial Mark 174M->174M(247M) 8.814ms
[2020-01-29T21:57:09.286+0300][57.325s][info ][gc] GC(866) Concurrent Mark
[2020-01-29T21:57:09.290+0300][57.328s][debug][gc] GC(866) Concurrent active time: 3.031ms
[2020-01-29T21:57:09.290+0300][57.328s][info ][gc] GC(866) Concurrent Mark 3.086ms
[2020-01-29T21:57:09.290+0300][57.328s][info ][gc] GC(866) Concurrent Preclean
[2020-01-29T21:57:09.290+0300][57.328s][debug][gc] GC(866) Concurrent active time: 0.155ms
[2020-01-29T21:57:09.290+0300][57.328s][info ][gc] GC(866) Concurrent Preclean 0.185ms
[2020-01-29T21:57:09.290+0300][57.328s][info ][gc] GC(866) Concurrent Abortable Preclean
[2020-01-29T21:57:09.290+0300][57.328s][debug][gc] GC(866) Concurrent active time: 0.003ms
[2020-01-29T21:57:09.290+0300][57.328s][info ][gc] GC(866) Concurrent Abortable Preclean 0.030ms
[2020-01-29T21:57:09.290+0300][57.328s][debug][gc] GC(866) YG occupancy: 57248 K (78656 K)
[2020-01-29T21:57:09.301+0300][57.339s][info ][gc] GC(866) Pause Remark 202M->202M(247M) 10.901ms
[2020-01-29T21:57:09.301+0300][57.339s][info ][gc] GC(866) Concurrent Sweep
[2020-01-29T21:57:09.304+0300][57.342s][info ][gc] GC(867) Pause Young (Allocation Failure) 200M->200M(247M) 0.040ms
[2020-01-29T21:57:09.370+0300][57.408s][debug][gc] GC(866) Concurrent active time: 68.632ms
[2020-01-29T21:57:09.370+0300][57.408s][info ][gc] GC(866) Concurrent Sweep 68.869ms
[2020-01-29T21:57:09.370+0300][57.408s][debug][gc] GC(868) Concurrent mode failure
[2020-01-29T21:57:09.465+0300][57.503s][info ][gc] GC(868) Pause Full (Allocation Failure) 200M->70M(247M) 160.883ms
[2020-01-29T21:57:09.539+0300][57.578s][info ][gc] GC(869) Pause Young (Allocation Failure) 137M->155M(247M) 55.287ms
[2020-01-29T21:57:09.549+0300][57.587s][info ][gc] GC(870) Pause Initial Mark 174M->174M(247M) 8.821ms
[2020-01-29T21:57:09.549+0300][57.588s][info ][gc] GC(870) Concurrent Mark
[2020-01-29T21:57:09.552+0300][57.591s][debug][gc] GC(870) Concurrent active time: 3.019ms
[2020-01-29T21:57:09.552+0300][57.591s][info ][gc] GC(870) Concurrent Mark 3.074ms
[2020-01-29T21:57:09.552+0300][57.591s][info ][gc] GC(870) Concurrent Preclean
[2020-01-29T21:57:09.552+0300][57.591s][debug][gc] GC(870) Concurrent active time: 0.153ms
[2020-01-29T21:57:09.552+0300][57.591s][info ][gc] GC(870) Concurrent Preclean 0.184ms
[2020-01-29T21:57:09.552+0300][57.591s][info ][gc] GC(870) Concurrent Abortable Preclean
[2020-01-29T21:57:09.552+0300][57.591s][debug][gc] GC(870) Concurrent active time: 0.004ms
[2020-01-29T21:57:09.552+0300][57.591s][info ][gc] GC(870) Concurrent Abortable Preclean 0.035ms
[2020-01-29T21:57:09.552+0300][57.591s][debug][gc] GC(870) YG occupancy: 57228 K (78656 K)
[2020-01-29T21:57:09.563+0300][57.602s][info ][gc] GC(870) Pause Remark 202M->202M(247M) 10.946ms
[2020-01-29T21:57:09.563+0300][57.602s][info ][gc] GC(870) Concurrent Sweep
[2020-01-29T21:57:09.566+0300][57.605s][info ][gc] GC(871) Pause Young (Allocation Failure) 200M->200M(247M) 0.040ms
[2020-01-29T21:57:09.632+0300][57.671s][debug][gc] GC(870) Concurrent active time: 68.595ms
[2020-01-29T21:57:09.632+0300][57.671s][info ][gc] GC(870) Concurrent Sweep 68.833ms
[2020-01-29T21:57:09.632+0300][57.671s][debug][gc] GC(872) Concurrent mode failure
[2020-01-29T21:57:09.727+0300][57.766s][info ][gc] GC(872) Pause Full (Allocation Failure) 200M->70M(247M) 161.509ms
[2020-01-29T21:57:09.800+0300][57.838s][info ][gc] GC(873) Pause Young (Allocation Failure) 137M->155M(247M) 53.479ms
[2020-01-29T21:57:09.809+0300][57.848s][info ][gc] GC(874) Pause Initial Mark 174M->174M(247M) 8.835ms
[2020-01-29T21:57:09.809+0300][57.848s][info ][gc] GC(874) Concurrent Mark
[2020-01-29T21:57:09.812+0300][57.851s][debug][gc] GC(874) Concurrent active time: 3.011ms
[2020-01-29T21:57:09.812+0300][57.851s][info ][gc] GC(874) Concurrent Mark 3.064ms
[2020-01-29T21:57:09.812+0300][57.851s][info ][gc] GC(874) Concurrent Preclean
[2020-01-29T21:57:09.813+0300][57.851s][debug][gc] GC(874) Concurrent active time: 0.169ms
[2020-01-29T21:57:09.813+0300][57.851s][info ][gc] GC(874) Concurrent Preclean 0.200ms
[2020-01-29T21:57:09.813+0300][57.851s][info ][gc] GC(874) Concurrent Abortable Preclean
[2020-01-29T21:57:09.813+0300][57.851s][debug][gc] GC(874) Concurrent active time: 0.004ms
[2020-01-29T21:57:09.813+0300][57.851s][info ][gc] GC(874) Concurrent Abortable Preclean 0.030ms
[2020-01-29T21:57:09.813+0300][57.851s][debug][gc] GC(874) YG occupancy: 57240 K (78656 K)
[2020-01-29T21:57:09.824+0300][57.862s][info ][gc] GC(874) Pause Remark 202M->202M(247M) 10.964ms
[2020-01-29T21:57:09.824+0300][57.862s][info ][gc] GC(874) Concurrent Sweep
[2020-01-29T21:57:09.826+0300][57.865s][info ][gc] GC(875) Pause Young (Allocation Failure) 200M->200M(247M) 0.041ms
[2020-01-29T21:57:09.892+0300][57.931s][debug][gc] GC(874) Concurrent active time: 68.462ms
[2020-01-29T21:57:09.892+0300][57.931s][info ][gc] GC(874) Concurrent Sweep 68.706ms
[2020-01-29T21:57:09.892+0300][57.931s][debug][gc] GC(876) Concurrent mode failure
[2020-01-29T21:57:09.986+0300][58.025s][info ][gc] GC(876) Pause Full (Allocation Failure) 200M->70M(247M) 160.362ms
[2020-01-29T21:57:10.058+0300][58.096s][info ][gc] GC(877) Pause Young (Allocation Failure) 137M->155M(247M) 52.972ms
[2020-01-29T21:57:10.067+0300][58.106s][info ][gc] GC(878) Pause Initial Mark 174M->174M(247M) 8.843ms
[2020-01-29T21:57:10.068+0300][58.106s][info ][gc] GC(878) Concurrent Mark
[2020-01-29T21:57:10.071+0300][58.109s][debug][gc] GC(878) Concurrent active time: 3.041ms
[2020-01-29T21:57:10.071+0300][58.109s][info ][gc] GC(878) Concurrent Mark 3.100ms
[2020-01-29T21:57:10.071+0300][58.109s][info ][gc] GC(878) Concurrent Preclean
[2020-01-29T21:57:10.071+0300][58.109s][debug][gc] GC(878) Concurrent active time: 0.164ms
[2020-01-29T21:57:10.071+0300][58.109s][info ][gc] GC(878) Concurrent Preclean 0.195ms
[2020-01-29T21:57:10.071+0300][58.109s][info ][gc] GC(878) Concurrent Abortable Preclean
[2020-01-29T21:57:10.071+0300][58.109s][debug][gc] GC(878) Concurrent active time: 0.004ms
[2020-01-29T21:57:10.071+0300][58.109s][info ][gc] GC(878) Concurrent Abortable Preclean 0.030ms
[2020-01-29T21:57:10.071+0300][58.109s][debug][gc] GC(878) YG occupancy: 57247 K (78656 K)
[2020-01-29T21:57:10.082+0300][58.120s][info ][gc] GC(878) Pause Remark 202M->202M(247M) 10.945ms
[2020-01-29T21:57:10.082+0300][58.120s][info ][gc] GC(878) Concurrent Sweep
[2020-01-29T21:57:10.085+0300][58.123s][info ][gc] GC(879) Pause Young (Allocation Failure) 200M->200M(247M) 0.041ms
[2020-01-29T21:57:10.152+0300][58.190s][debug][gc] GC(878) Concurrent active time: 69.496ms
[2020-01-29T21:57:10.152+0300][58.190s][info ][gc] GC(878) Concurrent Sweep 69.746ms
[2020-01-29T21:57:10.152+0300][58.190s][debug][gc] GC(880) Concurrent mode failure
[2020-01-29T21:57:10.248+0300][58.286s][info ][gc] GC(880) Pause Full (Allocation Failure) 200M->70M(247M) 162.467ms
[2020-01-29T21:57:10.318+0300][58.357s][info ][gc] GC(881) Pause Young (Allocation Failure) 137M->155M(247M) 53.705ms
[2020-01-29T21:57:10.328+0300][58.366s][info ][gc] GC(882) Pause Initial Mark 174M->174M(247M) 8.828ms
[2020-01-29T21:57:10.328+0300][58.366s][info ][gc] GC(882) Concurrent Mark
[2020-01-29T21:57:10.331+0300][58.369s][debug][gc] GC(882) Concurrent active time: 3.032ms
[2020-01-29T21:57:10.331+0300][58.369s][info ][gc] GC(882) Concurrent Mark 3.090ms
[2020-01-29T21:57:10.331+0300][58.369s][info ][gc] GC(882) Concurrent Preclean
[2020-01-29T21:57:10.331+0300][58.370s][debug][gc] GC(882) Concurrent active time: 0.156ms
[2020-01-29T21:57:10.331+0300][58.370s][info ][gc] GC(882) Concurrent Preclean 0.187ms
[2020-01-29T21:57:10.331+0300][58.370s][info ][gc] GC(882) Concurrent Abortable Preclean
[2020-01-29T21:57:10.331+0300][58.370s][debug][gc] GC(882) Concurrent active time: 0.004ms
[2020-01-29T21:57:10.331+0300][58.370s][info ][gc] GC(882) Concurrent Abortable Preclean 0.030ms
[2020-01-29T21:57:10.332+0300][58.370s][debug][gc] GC(882) YG occupancy: 57249 K (78656 K)
[2020-01-29T21:57:10.343+0300][58.381s][info ][gc] GC(882) Pause Remark 202M->202M(247M) 11.242ms
[2020-01-29T21:57:10.343+0300][58.381s][info ][gc] GC(882) Concurrent Sweep
[2020-01-29T21:57:10.345+0300][58.384s][info ][gc] GC(883) Pause Young (Allocation Failure) 200M->200M(247M) 0.040ms
[2020-01-29T21:57:10.412+0300][58.451s][debug][gc] GC(882) Concurrent active time: 69.386ms
[2020-01-29T21:57:10.412+0300][58.451s][info ][gc] GC(882) Concurrent Sweep 69.636ms
[2020-01-29T21:57:10.412+0300][58.451s][debug][gc] GC(884) Concurrent mode failure
[2020-01-29T21:57:10.507+0300][58.546s][info ][gc] GC(884) Pause Full (Allocation Failure) 200M->70M(247M) 161.973ms
[2020-01-29T21:57:10.582+0300][58.620s][info ][gc] GC(885) Pause Young (Allocation Failure) 137M->155M(247M) 54.810ms
[2020-01-29T21:57:10.592+0300][58.630s][info ][gc] GC(886) Pause Initial Mark 174M->174M(247M) 8.812ms
[2020-01-29T21:57:10.592+0300][58.630s][info ][gc] GC(886) Concurrent Mark
[2020-01-29T21:57:10.595+0300][58.633s][debug][gc] GC(886) Concurrent active time: 3.033ms
[2020-01-29T21:57:10.595+0300][58.633s][info ][gc] GC(886) Concurrent Mark 3.088ms
[2020-01-29T21:57:10.595+0300][58.633s][info ][gc] GC(886) Concurrent Preclean
[2020-01-29T21:57:10.595+0300][58.633s][debug][gc] GC(886) Concurrent active time: 0.154ms
[2020-01-29T21:57:10.595+0300][58.633s][info ][gc] GC(886) Concurrent Preclean 0.185ms
[2020-01-29T21:57:10.595+0300][58.633s][info ][gc] GC(886) Concurrent Abortable Preclean
[2020-01-29T21:57:10.595+0300][58.633s][debug][gc] GC(886) Concurrent active time: 0.003ms
[2020-01-29T21:57:10.595+0300][58.633s][info ][gc] GC(886) Concurrent Abortable Preclean 0.030ms
[2020-01-29T21:57:10.595+0300][58.633s][debug][gc] GC(886) YG occupancy: 57230 K (78656 K)
[2020-01-29T21:57:10.606+0300][58.644s][info ][gc] GC(886) Pause Remark 202M->202M(247M) 10.978ms
[2020-01-29T21:57:10.606+0300][58.644s][info ][gc] GC(886) Concurrent Sweep
[2020-01-29T21:57:10.609+0300][58.647s][info ][gc] GC(887) Pause Young (Allocation Failure) 200M->200M(247M) 0.040ms
[2020-01-29T21:57:10.676+0300][58.715s][debug][gc] GC(886) Concurrent active time: 70.645ms
[2020-01-29T21:57:10.676+0300][58.715s][info ][gc] GC(886) Concurrent Sweep 70.882ms
[2020-01-29T21:57:10.676+0300][58.715s][debug][gc] GC(888) Concurrent mode failure
[2020-01-29T21:57:10.771+0300][58.810s][info ][gc] GC(888) Pause Full (Allocation Failure) 200M->70M(247M) 163.177ms
[2020-01-29T21:57:10.843+0300][58.881s][info ][gc] GC(889) Pause Young (Allocation Failure) 137M->155M(247M) 53.046ms
[2020-01-29T21:57:10.852+0300][58.891s][info ][gc] GC(890) Pause Initial Mark 174M->174M(247M) 8.843ms
[2020-01-29T21:57:10.852+0300][58.891s][info ][gc] GC(890) Concurrent Mark
[2020-01-29T21:57:10.856+0300][58.894s][debug][gc] GC(890) Concurrent active time: 3.026ms
[2020-01-29T21:57:10.856+0300][58.894s][info ][gc] GC(890) Concurrent Mark 3.083ms
[2020-01-29T21:57:10.856+0300][58.894s][info ][gc] GC(890) Concurrent Preclean
[2020-01-29T21:57:10.856+0300][58.894s][debug][gc] GC(890) Concurrent active time: 0.158ms
[2020-01-29T21:57:10.856+0300][58.894s][info ][gc] GC(890) Concurrent Preclean 0.189ms
[2020-01-29T21:57:10.856+0300][58.894s][info ][gc] GC(890) Concurrent Abortable Preclean
[2020-01-29T21:57:10.856+0300][58.894s][debug][gc] GC(890) Concurrent active time: 0.004ms
[2020-01-29T21:57:10.856+0300][58.894s][info ][gc] GC(890) Concurrent Abortable Preclean 0.031ms
[2020-01-29T21:57:10.856+0300][58.894s][debug][gc] GC(890) YG occupancy: 57242 K (78656 K)
[2020-01-29T21:57:10.867+0300][58.905s][info ][gc] GC(890) Pause Remark 202M->202M(247M) 10.965ms
[2020-01-29T21:57:10.867+0300][58.905s][info ][gc] GC(890) Concurrent Sweep
[2020-01-29T21:57:10.870+0300][58.908s][info ][gc] GC(891) Pause Young (Allocation Failure) 200M->200M(247M) 0.041ms
[2020-01-29T21:57:10.935+0300][58.974s][debug][gc] GC(890) Concurrent active time: 68.668ms
[2020-01-29T21:57:10.935+0300][58.974s][info ][gc] GC(890) Concurrent Sweep 68.916ms
[2020-01-29T21:57:10.935+0300][58.974s][debug][gc] GC(892) Concurrent mode failure
[2020-01-29T21:57:11.029+0300][59.068s][info ][gc] GC(892) Pause Full (Allocation Failure) 200M->70M(247M) 160.437ms
[2020-01-29T21:57:11.095+0300][59.135s][info ][gc] GC(893) Pause Young (Allocation Failure) 137M->155M(247M) 52.634ms
[2020-01-29T21:57:11.107+0300][59.146s][info ][gc] GC(894) Pause Initial Mark 174M->174M(247M) 8.825ms
[2020-01-29T21:57:11.107+0300][59.146s][info ][gc] GC(894) Concurrent Mark
[2020-01-29T21:57:11.111+0300][59.149s][debug][gc] GC(894) Concurrent active time: 3.022ms
[2020-01-29T21:57:11.111+0300][59.149s][info ][gc] GC(894) Concurrent Mark 3.076ms
[2020-01-29T21:57:11.111+0300][59.149s][info ][gc] GC(894) Concurrent Preclean
[2020-01-29T21:57:11.111+0300][59.150s][debug][gc] GC(894) Concurrent active time: 0.157ms
[2020-01-29T21:57:11.111+0300][59.150s][info ][gc] GC(894) Concurrent Preclean 0.188ms
[2020-01-29T21:57:11.111+0300][59.150s][info ][gc] GC(894) Concurrent Abortable Preclean
[2020-01-29T21:57:11.111+0300][59.150s][debug][gc] GC(894) Concurrent active time: 0.004ms
[2020-01-29T21:57:11.111+0300][59.150s][info ][gc] GC(894) Concurrent Abortable Preclean 0.030ms
[2020-01-29T21:57:11.111+0300][59.150s][debug][gc] GC(894) YG occupancy: 57246 K (78656 K)
[2020-01-29T21:57:11.122+0300][59.161s][info ][gc] GC(894) Pause Remark 202M->202M(247M) 10.946ms
[2020-01-29T21:57:11.122+0300][59.161s][info ][gc] GC(894) Concurrent Sweep
[2020-01-29T21:57:11.125+0300][59.163s][info ][gc] GC(895) Pause Young (Allocation Failure) 200M->200M(247M) 0.041ms
[2020-01-29T21:57:11.192+0300][59.231s][debug][gc] GC(894) Concurrent active time: 70.055ms
[2020-01-29T21:57:11.192+0300][59.231s][info ][gc] GC(894) Concurrent Sweep 70.302ms
[2020-01-29T21:57:11.192+0300][59.231s][debug][gc] GC(896) Concurrent mode failure
[2020-01-29T21:57:11.287+0300][59.326s][info ][gc] GC(896) Pause Full (Allocation Failure) 200M->70M(247M) 162.258ms
[2020-01-29T21:57:11.359+0300][59.397s][info ][gc] GC(897) Pause Young (Allocation Failure) 137M->155M(247M) 53.000ms
[2020-01-29T21:57:11.368+0300][59.406s][info ][gc] GC(898) Pause Initial Mark 174M->174M(247M) 8.820ms
[2020-01-29T21:57:11.368+0300][59.406s][info ][gc] GC(898) Concurrent Mark
[2020-01-29T21:57:11.371+0300][59.410s][debug][gc] GC(898) Concurrent active time: 3.039ms
[2020-01-29T21:57:11.371+0300][59.410s][info ][gc] GC(898) Concurrent Mark 3.100ms
[2020-01-29T21:57:11.371+0300][59.410s][info ][gc] GC(898) Concurrent Preclean
[2020-01-29T21:57:11.372+0300][59.410s][debug][gc] GC(898) Concurrent active time: 0.163ms
[2020-01-29T21:57:11.372+0300][59.410s][info ][gc] GC(898) Concurrent Preclean 0.201ms
[2020-01-29T21:57:11.372+0300][59.410s][info ][gc] GC(898) Concurrent Abortable Preclean
[2020-01-29T21:57:11.372+0300][59.410s][debug][gc] GC(898) Concurrent active time: 0.004ms
[2020-01-29T21:57:11.372+0300][59.410s][info ][gc] GC(898) Concurrent Abortable Preclean 0.031ms
[2020-01-29T21:57:11.372+0300][59.410s][debug][gc] GC(898) YG occupancy: 57249 K (78656 K)
[2020-01-29T21:57:11.383+0300][59.421s][info ][gc] GC(898) Pause Remark 202M->202M(247M) 11.103ms
[2020-01-29T21:57:11.383+0300][59.421s][info ][gc] GC(898) Concurrent Sweep
[2020-01-29T21:57:11.386+0300][59.424s][info ][gc] GC(899) Pause Young (Allocation Failure) 201M->201M(247M) 0.041ms
[2020-01-29T21:57:11.451+0300][59.490s][debug][gc] GC(898) Concurrent active time: 69.091ms
[2020-01-29T21:57:11.451+0300][59.490s][info ][gc] GC(898) Concurrent Sweep 69.348ms
[2020-01-29T21:57:11.452+0300][59.490s][debug][gc] GC(900) Concurrent mode failure
[2020-01-29T21:57:11.547+0300][59.586s][info ][gc] GC(900) Pause Full (Allocation Failure) 201M->70M(247M) 161.769ms
[2020-01-29T21:57:11.621+0300][59.659s][info ][gc] GC(901) Pause Young (Allocation Failure) 137M->155M(247M) 54.173ms
[2020-01-29T21:57:11.631+0300][59.669s][info ][gc] GC(902) Pause Initial Mark 174M->174M(247M) 8.835ms
[2020-01-29T21:57:11.631+0300][59.669s][info ][gc] GC(902) Concurrent Mark
[2020-01-29T21:57:11.634+0300][59.672s][debug][gc] GC(902) Concurrent active time: 3.039ms
[2020-01-29T21:57:11.634+0300][59.672s][info ][gc] GC(902) Concurrent Mark 3.094ms
[2020-01-29T21:57:11.634+0300][59.672s][info ][gc] GC(902) Concurrent Preclean
[2020-01-29T21:57:11.634+0300][59.672s][debug][gc] GC(902) Concurrent active time: 0.157ms
[2020-01-29T21:57:11.634+0300][59.672s][info ][gc] GC(902) Concurrent Preclean 0.188ms
[2020-01-29T21:57:11.634+0300][59.672s][info ][gc] GC(902) Concurrent Abortable Preclean
[2020-01-29T21:57:11.634+0300][59.672s][debug][gc] GC(902) Concurrent active time: 0.004ms
[2020-01-29T21:57:11.634+0300][59.672s][info ][gc] GC(902) Concurrent Abortable Preclean 0.030ms
[2020-01-29T21:57:11.634+0300][59.672s][debug][gc] GC(902) YG occupancy: 57230 K (78656 K)
[2020-01-29T21:57:11.645+0300][59.683s][info ][gc] GC(902) Pause Remark 202M->202M(247M) 10.947ms
[2020-01-29T21:57:11.645+0300][59.683s][info ][gc] GC(902) Concurrent Sweep
[2020-01-29T21:57:11.648+0300][59.686s][info ][gc] GC(903) Pause Young (Allocation Failure) 200M->200M(247M) 0.041ms
[2020-01-29T21:57:11.715+0300][59.753s][debug][gc] GC(902) Concurrent active time: 69.480ms
[2020-01-29T21:57:11.715+0300][59.753s][info ][gc] GC(902) Concurrent Sweep 69.723ms
[2020-01-29T21:57:11.715+0300][59.753s][debug][gc] GC(904) Concurrent mode failure
[2020-01-29T21:57:11.810+0300][59.849s][info ][gc] GC(904) Pause Full (Allocation Failure) 200M->70M(247M) 162.543ms
[2020-01-29T21:57:11.882+0300][59.921s][info ][gc] GC(905) Pause Young (Allocation Failure) 137M->155M(247M) 53.677ms
[2020-01-29T21:57:11.892+0300][59.931s][info ][gc] GC(906) Pause Initial Mark 174M->174M(247M) 8.852ms
[2020-01-29T21:57:11.892+0300][59.931s][info ][gc] GC(906) Concurrent Mark
[2020-01-29T21:57:11.895+0300][59.934s][debug][gc] GC(906) Concurrent active time: 3.055ms
[2020-01-29T21:57:11.895+0300][59.934s][info ][gc] GC(906) Concurrent Mark 3.111ms
[2020-01-29T21:57:11.895+0300][59.934s][info ][gc] GC(906) Concurrent Preclean
[2020-01-29T21:57:11.896+0300][59.934s][debug][gc] GC(906) Concurrent active time: 0.160ms
[2020-01-29T21:57:11.896+0300][59.934s][info ][gc] GC(906) Concurrent Preclean 0.191ms
[2020-01-29T21:57:11.896+0300][59.934s][info ][gc] GC(906) Concurrent Abortable Preclean
[2020-01-29T21:57:11.896+0300][59.934s][debug][gc] GC(906) Concurrent active time: 0.004ms
[2020-01-29T21:57:11.896+0300][59.934s][info ][gc] GC(906) Concurrent Abortable Preclean 0.031ms
[2020-01-29T21:57:11.896+0300][59.934s][debug][gc] GC(906) YG occupancy: 57241 K (78656 K)
[2020-01-29T21:57:11.907+0300][59.945s][info ][gc] GC(906) Pause Remark 202M->202M(247M) 10.946ms
[2020-01-29T21:57:11.907+0300][59.945s][info ][gc] GC(906) Concurrent Sweep
[2020-01-29T21:57:11.909+0300][59.948s][info ][gc] GC(907) Pause Young (Allocation Failure) 200M->200M(247M) 0.040ms
[2020-01-29T21:57:11.976+0300][60.014s][debug][gc] GC(906) Concurrent active time: 68.855ms
[2020-01-29T21:57:11.976+0300][60.014s][info ][gc] GC(906) Concurrent Sweep 69.096ms
[2020-01-29T21:57:11.976+0300][60.015s][debug][gc] GC(908) Concurrent mode failure
[2020-01-29T21:57:12.072+0300][60.110s][info ][gc] GC(908) Pause Full (Allocation Failure) 200M->70M(247M) 162.062ms
[2020-01-29T21:57:12.143+0300][60.182s][info ][gc] GC(909) Pause Young (Allocation Failure) 137M->155M(247M) 52.740ms
[2020-01-29T21:57:12.153+0300][60.191s][info ][gc] GC(910) Pause Initial Mark 174M->174M(247M) 8.836ms
[2020-01-29T21:57:12.153+0300][60.191s][info ][gc] GC(910) Concurrent Mark
[2020-01-29T21:57:12.156+0300][60.194s][debug][gc] GC(910) Concurrent active time: 3.034ms
[2020-01-29T21:57:12.156+0300][60.194s][info ][gc] GC(910) Concurrent Mark 3.091ms
[2020-01-29T21:57:12.156+0300][60.194s][info ][gc] GC(910) Concurrent Preclean
[2020-01-29T21:57:12.156+0300][60.194s][debug][gc] GC(910) Concurrent active time: 0.157ms
[2020-01-29T21:57:12.156+0300][60.195s][info ][gc] GC(910) Concurrent Preclean 0.188ms
[2020-01-29T21:57:12.156+0300][60.195s][info ][gc] GC(910) Concurrent Abortable Preclean
[2020-01-29T21:57:12.156+0300][60.195s][debug][gc] GC(910) Concurrent active time: 0.004ms
[2020-01-29T21:57:12.157+0300][60.195s][info ][gc] GC(910) Concurrent Abortable Preclean 0.032ms
[2020-01-29T21:57:12.157+0300][60.195s][debug][gc] GC(910) YG occupancy: 57246 K (78656 K)
[2020-01-29T21:57:12.168+0300][60.206s][info ][gc] GC(910) Pause Remark 202M->202M(247M) 10.959ms
[2020-01-29T21:57:12.168+0300][60.206s][info ][gc] GC(910) Concurrent Sweep
[2020-01-29T21:57:12.170+0300][60.208s][info ][gc] GC(911) Pause Young (Allocation Failure) 200M->200M(247M) 0.040ms
[2020-01-29T21:57:12.236+0300][60.275s][debug][gc] GC(910) Concurrent active time: 68.903ms
[2020-01-29T21:57:12.236+0300][60.275s][info ][gc] GC(910) Concurrent Sweep 69.138ms
[2020-01-29T21:57:12.236+0300][60.275s][debug][gc] GC(912) Concurrent mode failure
[2020-01-29T21:57:12.331+0300][60.369s][info ][gc] GC(912) Pause Full (Allocation Failure) 200M->70M(247M) 161.116ms
[2020-01-29T21:57:12.402+0300][60.440s][info ][gc] GC(913) Pause Young (Allocation Failure) 137M->155M(247M) 52.756ms
[2020-01-29T21:57:12.412+0300][60.450s][info ][gc] GC(914) Pause Initial Mark 174M->174M(247M) 8.843ms
[2020-01-29T21:57:12.412+0300][60.450s][info ][gc] GC(914) Concurrent Mark
[2020-01-29T21:57:12.415+0300][60.453s][debug][gc] GC(914) Concurrent active time: 3.023ms
[2020-01-29T21:57:12.415+0300][60.453s][info ][gc] GC(914) Concurrent Mark 3.076ms
[2020-01-29T21:57:12.415+0300][60.453s][info ][gc] GC(914) Concurrent Preclean
[2020-01-29T21:57:12.415+0300][60.453s][debug][gc] GC(914) Concurrent active time: 0.155ms
[2020-01-29T21:57:12.415+0300][60.453s][info ][gc] GC(914) Concurrent Preclean 0.186ms
[2020-01-29T21:57:12.415+0300][60.453s][info ][gc] GC(914) Concurrent Abortable Preclean
[2020-01-29T21:57:12.415+0300][60.453s][debug][gc] GC(914) Concurrent active time: 0.004ms
[2020-01-29T21:57:12.415+0300][60.453s][info ][gc] GC(914) Concurrent Abortable Preclean 0.030ms
[2020-01-29T21:57:12.415+0300][60.453s][debug][gc] GC(914) YG occupancy: 57248 K (78656 K)
[2020-01-29T21:57:12.429+0300][60.467s][info ][gc] GC(914) Pause Remark 202M->202M(247M) 13.435ms
[2020-01-29T21:57:12.429+0300][60.467s][info ][gc] GC(914) Concurrent Sweep
[2020-01-29T21:57:12.432+0300][60.471s][info ][gc] GC(915) Pause Young (Allocation Failure) 200M->200M(247M) 0.044ms
[2020-01-29T21:57:12.499+0300][60.537s][debug][gc] GC(914) Concurrent active time: 69.388ms
[2020-01-29T21:57:12.499+0300][60.537s][info ][gc] GC(914) Concurrent Sweep 69.757ms
[2020-01-29T21:57:12.499+0300][60.537s][debug][gc] GC(916) Concurrent mode failure
[2020-01-29T21:57:12.593+0300][60.632s][info ][gc] GC(916) Pause Full (Allocation Failure) 200M->70M(247M) 160.678ms
[2020-01-29T21:57:12.665+0300][60.704s][info ][gc] GC(917) Pause Young (Allocation Failure) 137M->155M(247M) 53.223ms
[2020-01-29T21:57:12.675+0300][60.713s][info ][gc] GC(918) Pause Initial Mark 174M->174M(247M) 8.870ms
[2020-01-29T21:57:12.675+0300][60.713s][info ][gc] GC(918) Concurrent Mark
[2020-01-29T21:57:12.678+0300][60.717s][debug][gc] GC(918) Concurrent active time: 3.026ms
[2020-01-29T21:57:12.678+0300][60.717s][info ][gc] GC(918) Concurrent Mark 3.086ms
[2020-01-29T21:57:12.678+0300][60.717s][info ][gc] GC(918) Concurrent Preclean
[2020-01-29T21:57:12.678+0300][60.717s][debug][gc] GC(918) Concurrent active time: 0.156ms
[2020-01-29T21:57:12.678+0300][60.717s][info ][gc] GC(918) Concurrent Preclean 0.187ms
[2020-01-29T21:57:12.678+0300][60.717s][info ][gc] GC(918) Concurrent Abortable Preclean
[2020-01-29T21:57:12.678+0300][60.717s][debug][gc] GC(918) Concurrent active time: 0.004ms
[2020-01-29T21:57:12.678+0300][60.717s][info ][gc] GC(918) Concurrent Abortable Preclean 0.030ms
[2020-01-29T21:57:12.678+0300][60.717s][debug][gc] GC(918) YG occupancy: 57249 K (78656 K)
[2020-01-29T21:57:12.689+0300][60.728s][info ][gc] GC(918) Pause Remark 202M->202M(247M) 11.001ms
[2020-01-29T21:57:12.689+0300][60.728s][info ][gc] GC(918) Concurrent Sweep
[2020-01-29T21:57:12.692+0300][60.731s][info ][gc] GC(919) Pause Young (Allocation Failure) 200M->200M(247M) 0.040ms
[2020-01-29T21:57:12.759+0300][60.797s][debug][gc] GC(918) Concurrent active time: 69.175ms
[2020-01-29T21:57:12.759+0300][60.797s][info ][gc] GC(918) Concurrent Sweep 69.410ms
[2020-01-29T21:57:12.759+0300][60.797s][debug][gc] GC(920) Concurrent mode failure
[2020-01-29T21:57:12.854+0300][60.892s][info ][gc] GC(920) Pause Full (Allocation Failure) 200M->70M(247M) 161.513ms
[2020-01-29T21:57:12.925+0300][60.963s][info ][gc] GC(921) Pause Young (Allocation Failure) 137M->155M(247M) 52.537ms
[2020-01-29T21:57:12.934+0300][60.973s][info ][gc] GC(922) Pause Initial Mark 174M->174M(247M) 9.198ms
[2020-01-29T21:57:12.934+0300][60.973s][info ][gc] GC(922) Concurrent Mark
[2020-01-29T21:57:12.938+0300][60.977s][debug][gc] GC(922) Concurrent active time: 3.032ms
[2020-01-29T21:57:12.938+0300][60.977s][info ][gc] GC(922) Concurrent Mark 3.089ms
[2020-01-29T21:57:12.938+0300][60.977s][info ][gc] GC(922) Concurrent Preclean
[2020-01-29T21:57:12.938+0300][60.977s][debug][gc] GC(922) Concurrent active time: 0.157ms
[2020-01-29T21:57:12.938+0300][60.977s][info ][gc] GC(922) Concurrent Preclean 0.187ms
[2020-01-29T21:57:12.938+0300][60.977s][info ][gc] GC(922) Concurrent Abortable Preclean
[2020-01-29T21:57:12.938+0300][60.977s][debug][gc] GC(922) Concurrent active time: 0.004ms
[2020-01-29T21:57:12.938+0300][60.977s][info ][gc] GC(922) Concurrent Abortable Preclean 0.030ms
[2020-01-29T21:57:12.938+0300][60.977s][debug][gc] GC(922) YG occupancy: 57249 K (78656 K)
[2020-01-29T21:57:12.949+0300][60.988s][info ][gc] GC(922) Pause Remark 202M->202M(247M) 10.960ms
[2020-01-29T21:57:12.949+0300][60.988s][info ][gc] GC(922) Concurrent Sweep
[2020-01-29T21:57:12.952+0300][60.991s][info ][gc] GC(923) Pause Young (Allocation Failure) 200M->200M(247M) 0.041ms
[2020-01-29T21:57:13.018+0300][61.057s][debug][gc] GC(922) Concurrent active time: 68.635ms
[2020-01-29T21:57:13.018+0300][61.057s][info ][gc] GC(922) Concurrent Sweep 69.077ms
[2020-01-29T21:57:13.018+0300][61.057s][debug][gc] GC(924) Concurrent mode failure
[2020-01-29T21:57:13.114+0300][61.152s][info ][gc] GC(924) Pause Full (Allocation Failure) 200M->70M(247M) 161.750ms
[2020-01-29T21:57:13.186+0300][61.224s][info ][gc] GC(925) Pause Young (Allocation Failure) 137M->155M(247M) 53.299ms
[2020-01-29T21:57:13.196+0300][61.234s][info ][gc] GC(926) Pause Initial Mark 174M->174M(247M) 8.813ms
[2020-01-29T21:57:13.196+0300][61.234s][info ][gc] GC(926) Concurrent Mark
[2020-01-29T21:57:13.199+0300][61.237s][debug][gc] GC(926) Concurrent active time: 3.009ms
[2020-01-29T21:57:13.199+0300][61.237s][info ][gc] GC(926) Concurrent Mark 3.064ms
[2020-01-29T21:57:13.199+0300][61.237s][info ][gc] GC(926) Concurrent Preclean
[2020-01-29T21:57:13.199+0300][61.237s][debug][gc] GC(926) Concurrent active time: 0.155ms
[2020-01-29T21:57:13.199+0300][61.237s][info ][gc] GC(926) Concurrent Preclean 0.187ms
[2020-01-29T21:57:13.199+0300][61.237s][info ][gc] GC(926) Concurrent Abortable Preclean
[2020-01-29T21:57:13.199+0300][61.237s][debug][gc] GC(926) Concurrent active time: 0.003ms
[2020-01-29T21:57:13.199+0300][61.237s][info ][gc] GC(926) Concurrent Abortable Preclean 0.030ms
[2020-01-29T21:57:13.199+0300][61.237s][debug][gc] GC(926) YG occupancy: 57249 K (78656 K)
[2020-01-29T21:57:13.210+0300][61.248s][info ][gc] GC(926) Pause Remark 202M->202M(247M) 10.934ms
[2020-01-29T21:57:13.210+0300][61.248s][info ][gc] GC(926) Concurrent Sweep
[2020-01-29T21:57:13.213+0300][61.251s][info ][gc] GC(927) Pause Young (Allocation Failure) 200M->200M(247M) 0.041ms
[2020-01-29T21:57:13.280+0300][61.318s][debug][gc] GC(926) Concurrent active time: 69.033ms
[2020-01-29T21:57:13.280+0300][61.318s][info ][gc] GC(926) Concurrent Sweep 69.277ms
[2020-01-29T21:57:13.280+0300][61.318s][debug][gc] GC(928) Concurrent mode failure
[2020-01-29T21:57:13.374+0300][61.412s][info ][gc] GC(928) Pause Full (Allocation Failure) 200M->70M(247M) 161.228ms
[2020-01-29T21:57:13.447+0300][61.485s][info ][gc] GC(929) Pause Young (Allocation Failure) 137M->155M(247M) 55.137ms
[2020-01-29T21:57:13.458+0300][61.496s][info ][gc] GC(930) Pause Initial Mark 174M->174M(247M) 9.102ms
[2020-01-29T21:57:13.458+0300][61.497s][info ][gc] GC(930) Concurrent Mark
[2020-01-29T21:57:13.462+0300][61.500s][debug][gc] GC(930) Concurrent active time: 3.202ms
[2020-01-29T21:57:13.462+0300][61.500s][info ][gc] GC(930) Concurrent Mark 3.278ms
[2020-01-29T21:57:13.462+0300][61.500s][info ][gc] GC(930) Concurrent Preclean
[2020-01-29T21:57:13.462+0300][61.500s][debug][gc] GC(930) Concurrent active time: 0.185ms
[2020-01-29T21:57:13.462+0300][61.500s][info ][gc] GC(930) Concurrent Preclean 0.220ms
[2020-01-29T21:57:13.462+0300][61.501s][info ][gc] GC(930) Concurrent Abortable Preclean
[2020-01-29T21:57:13.462+0300][61.501s][debug][gc] GC(930) Concurrent active time: 0.004ms
[2020-01-29T21:57:13.462+0300][61.501s][info ][gc] GC(930) Concurrent Abortable Preclean 0.032ms
[2020-01-29T21:57:13.462+0300][61.501s][debug][gc] GC(930) YG occupancy: 57384 K (78656 K)
[2020-01-29T21:57:13.473+0300][61.512s][info ][gc] GC(930) Pause Remark 203M->203M(247M) 11.062ms
[2020-01-29T21:57:13.473+0300][61.512s][info ][gc] GC(930) Concurrent Sweep
[2020-01-29T21:57:13.476+0300][61.514s][info ][gc] GC(931) Pause Young (Allocation Failure) 200M->200M(247M) 0.040ms
[2020-01-29T21:57:13.543+0300][61.582s][debug][gc] GC(930) Concurrent active time: 69.706ms
[2020-01-29T21:57:13.543+0300][61.582s][info ][gc] GC(930) Concurrent Sweep 69.957ms
[2020-01-29T21:57:13.543+0300][61.582s][debug][gc] GC(932) Concurrent mode failure
[2020-01-29T21:57:13.638+0300][61.676s][info ][gc] GC(932) Pause Full (Allocation Failure) 200M->70M(247M) 161.379ms
[2020-01-29T21:57:13.710+0300][61.748s][info ][gc] GC(933) Pause Young (Allocation Failure) 137M->155M(247M) 53.523ms
[2020-01-29T21:57:13.719+0300][61.758s][info ][gc] GC(934) Pause Initial Mark 174M->174M(247M) 8.817ms
[2020-01-29T21:57:13.719+0300][61.758s][info ][gc] GC(934) Concurrent Mark
[2020-01-29T21:57:13.723+0300][61.761s][debug][gc] GC(934) Concurrent active time: 3.041ms
[2020-01-29T21:57:13.723+0300][61.761s][info ][gc] GC(934) Concurrent Mark 3.100ms
[2020-01-29T21:57:13.723+0300][61.761s][info ][gc] GC(934) Concurrent Preclean
[2020-01-29T21:57:13.723+0300][61.761s][debug][gc] GC(934) Concurrent active time: 0.156ms
[2020-01-29T21:57:13.723+0300][61.761s][info ][gc] GC(934) Concurrent Preclean 0.188ms
[2020-01-29T21:57:13.723+0300][61.761s][info ][gc] GC(934) Concurrent Abortable Preclean
[2020-01-29T21:57:13.723+0300][61.761s][debug][gc] GC(934) Concurrent active time: 0.004ms
[2020-01-29T21:57:13.723+0300][61.761s][info ][gc] GC(934) Concurrent Abortable Preclean 0.031ms
[2020-01-29T21:57:13.723+0300][61.761s][debug][gc] GC(934) YG occupancy: 57249 K (78656 K)
[2020-01-29T21:57:13.734+0300][61.772s][info ][gc] GC(934) Pause Remark 202M->202M(247M) 11.099ms
[2020-01-29T21:57:13.734+0300][61.772s][info ][gc] GC(934) Concurrent Sweep
[2020-01-29T21:57:13.737+0300][61.775s][info ][gc] GC(935) Pause Young (Allocation Failure) 200M->200M(247M) 0.041ms
[2020-01-29T21:57:13.803+0300][61.841s][debug][gc] GC(934) Concurrent active time: 68.555ms
[2020-01-29T21:57:13.803+0300][61.841s][info ][gc] GC(934) Concurrent Sweep 68.799ms
[2020-01-29T21:57:13.803+0300][61.841s][debug][gc] GC(936) Concurrent mode failure
[2020-01-29T21:57:13.897+0300][61.936s][info ][gc] GC(936) Pause Full (Allocation Failure) 200M->70M(247M) 161.213ms
[2020-01-29T21:57:13.971+0300][62.009s][info ][gc] GC(937) Pause Young (Allocation Failure) 137M->155M(247M) 53.844ms
[2020-01-29T21:57:13.981+0300][62.019s][info ][gc] GC(938) Pause Initial Mark 174M->174M(247M) 8.877ms
[2020-01-29T21:57:13.981+0300][62.019s][info ][gc] GC(938) Concurrent Mark
[2020-01-29T21:57:13.984+0300][62.022s][debug][gc] GC(938) Concurrent active time: 3.021ms
[2020-01-29T21:57:13.984+0300][62.022s][info ][gc] GC(938) Concurrent Mark 3.076ms
[2020-01-29T21:57:13.984+0300][62.022s][info ][gc] GC(938) Concurrent Preclean
[2020-01-29T21:57:13.984+0300][62.023s][debug][gc] GC(938) Concurrent active time: 0.157ms
[2020-01-29T21:57:13.984+0300][62.023s][info ][gc] GC(938) Concurrent Preclean 0.187ms
[2020-01-29T21:57:13.984+0300][62.023s][info ][gc] GC(938) Concurrent Abortable Preclean
[2020-01-29T21:57:13.984+0300][62.023s][debug][gc] GC(938) Concurrent active time: 0.004ms
[2020-01-29T21:57:13.984+0300][62.023s][info ][gc] GC(938) Concurrent Abortable Preclean 0.030ms
[2020-01-29T21:57:13.984+0300][62.023s][debug][gc] GC(938) YG occupancy: 57249 K (78656 K)
[2020-01-29T21:57:13.995+0300][62.034s][info ][gc] GC(938) Pause Remark 202M->202M(247M) 10.956ms
[2020-01-29T21:57:13.995+0300][62.034s][info ][gc] GC(938) Concurrent Sweep
[2020-01-29T21:57:13.998+0300][62.036s][info ][gc] GC(939) Pause Young (Allocation Failure) 200M->200M(247M) 0.041ms
[2020-01-29T21:57:14.066+0300][62.104s][debug][gc] GC(938) Concurrent active time: 70.631ms
[2020-01-29T21:57:14.066+0300][62.104s][info ][gc] GC(938) Concurrent Sweep 70.866ms
[2020-01-29T21:57:14.066+0300][62.105s][debug][gc] GC(940) Concurrent mode failure
[2020-01-29T21:57:14.160+0300][62.198s][info ][gc] GC(940) Pause Full (Allocation Failure) 200M->70M(247M) 162.050ms
[2020-01-29T21:57:14.230+0300][62.269s][info ][gc] GC(941) Pause Young (Allocation Failure) 137M->155M(247M) 52.758ms
[2020-01-29T21:57:14.240+0300][62.279s][info ][gc] GC(942) Pause Initial Mark 174M->174M(247M) 8.822ms
[2020-01-29T21:57:14.240+0300][62.279s][info ][gc] GC(942) Concurrent Mark
[2020-01-29T21:57:14.243+0300][62.282s][debug][gc] GC(942) Concurrent active time: 3.006ms
[2020-01-29T21:57:14.243+0300][62.282s][info ][gc] GC(942) Concurrent Mark 3.063ms
[2020-01-29T21:57:14.243+0300][62.282s][info ][gc] GC(942) Concurrent Preclean
[2020-01-29T21:57:14.243+0300][62.282s][debug][gc] GC(942) Concurrent active time: 0.154ms
[2020-01-29T21:57:14.243+0300][62.282s][info ][gc] GC(942) Concurrent Preclean 0.186ms
[2020-01-29T21:57:14.243+0300][62.282s][info ][gc] GC(942) Concurrent Abortable Preclean
[2020-01-29T21:57:14.243+0300][62.282s][debug][gc] GC(942) Concurrent active time: 0.003ms
[2020-01-29T21:57:14.243+0300][62.282s][info ][gc] GC(942) Concurrent Abortable Preclean 0.030ms
[2020-01-29T21:57:14.244+0300][62.282s][debug][gc] GC(942) YG occupancy: 57249 K (78656 K)
[2020-01-29T21:57:14.255+0300][62.293s][info ][gc] GC(942) Pause Remark 202M->202M(247M) 10.981ms
[2020-01-29T21:57:14.255+0300][62.293s][info ][gc] GC(942) Concurrent Sweep
[2020-01-29T21:57:14.257+0300][62.296s][info ][gc] GC(943) Pause Young (Allocation Failure) 200M->200M(247M) 0.041ms
[2020-01-29T21:57:14.324+0300][62.362s][debug][gc] GC(942) Concurrent active time: 68.841ms
[2020-01-29T21:57:14.324+0300][62.362s][info ][gc] GC(942) Concurrent Sweep 69.079ms
[2020-01-29T21:57:14.324+0300][62.362s][debug][gc] GC(944) Concurrent mode failure
[2020-01-29T21:57:14.419+0300][62.457s][info ][gc] GC(944) Pause Full (Allocation Failure) 200M->70M(247M) 161.396ms
[2020-01-29T21:57:14.499+0300][62.538s][info ][gc] GC(945) Pause Young (Allocation Failure) 137M->155M(247M) 61.659ms
[2020-01-29T21:57:14.509+0300][62.548s][info ][gc] GC(946) Pause Initial Mark 174M->174M(247M) 8.825ms
[2020-01-29T21:57:14.509+0300][62.548s][info ][gc] GC(946) Concurrent Mark
[2020-01-29T21:57:14.512+0300][62.551s][debug][gc] GC(946) Concurrent active time: 3.045ms
[2020-01-29T21:57:14.512+0300][62.551s][info ][gc] GC(946) Concurrent Mark 3.104ms
[2020-01-29T21:57:14.512+0300][62.551s][info ][gc] GC(946) Concurrent Preclean
[2020-01-29T21:57:14.512+0300][62.551s][debug][gc] GC(946) Concurrent active time: 0.154ms
[2020-01-29T21:57:14.512+0300][62.551s][info ][gc] GC(946) Concurrent Preclean 0.186ms
[2020-01-29T21:57:14.512+0300][62.551s][info ][gc] GC(946) Concurrent Abortable Preclean
[2020-01-29T21:57:14.512+0300][62.551s][debug][gc] GC(946) Concurrent active time: 0.004ms
[2020-01-29T21:57:14.512+0300][62.551s][info ][gc] GC(946) Concurrent Abortable Preclean 0.031ms
[2020-01-29T21:57:14.512+0300][62.551s][debug][gc] GC(946) YG occupancy: 57231 K (78656 K)
[2020-01-29T21:57:14.523+0300][62.562s][info ][gc] GC(946) Pause Remark 202M->202M(247M) 10.983ms
[2020-01-29T21:57:14.524+0300][62.562s][info ][gc] GC(946) Concurrent Sweep
[2020-01-29T21:57:14.526+0300][62.565s][info ][gc] GC(947) Pause Young (Allocation Failure) 200M->200M(247M) 0.041ms
[2020-01-29T21:57:14.595+0300][62.634s][debug][gc] GC(946) Concurrent active time: 71.311ms
[2020-01-29T21:57:14.595+0300][62.634s][info ][gc] GC(946) Concurrent Sweep 71.548ms
[2020-01-29T21:57:14.595+0300][62.634s][debug][gc] GC(948) Concurrent mode failure
[2020-01-29T21:57:14.691+0300][62.729s][info ][gc] GC(948) Pause Full (Allocation Failure) 200M->70M(247M) 164.145ms
[2020-01-29T21:57:14.762+0300][62.800s][info ][gc] GC(949) Pause Young (Allocation Failure) 137M->155M(247M) 52.294ms
[2020-01-29T21:57:14.772+0300][62.810s][info ][gc] GC(950) Pause Initial Mark 174M->174M(247M) 8.829ms
[2020-01-29T21:57:14.772+0300][62.810s][info ][gc] GC(950) Concurrent Mark
[2020-01-29T21:57:14.775+0300][62.813s][debug][gc] GC(950) Concurrent active time: 3.116ms
[2020-01-29T21:57:14.775+0300][62.813s][info ][gc] GC(950) Concurrent Mark 3.177ms
[2020-01-29T21:57:14.775+0300][62.813s][info ][gc] GC(950) Concurrent Preclean
[2020-01-29T21:57:14.775+0300][62.813s][debug][gc] GC(950) Concurrent active time: 0.162ms
[2020-01-29T21:57:14.775+0300][62.813s][info ][gc] GC(950) Concurrent Preclean 0.193ms
[2020-01-29T21:57:14.775+0300][62.813s][info ][gc] GC(950) Concurrent Abortable Preclean
[2020-01-29T21:57:14.775+0300][62.813s][debug][gc] GC(950) Concurrent active time: 0.004ms
[2020-01-29T21:57:14.775+0300][62.813s][info ][gc] GC(950) Concurrent Abortable Preclean 0.031ms
[2020-01-29T21:57:14.775+0300][62.813s][debug][gc] GC(950) YG occupancy: 58622 K (78656 K)
[2020-01-29T21:57:14.786+0300][62.824s][info ][gc] GC(950) Pause Remark 204M->204M(247M) 10.993ms
[2020-01-29T21:57:14.786+0300][62.824s][info ][gc] GC(950) Concurrent Sweep
[2020-01-29T21:57:14.789+0300][62.827s][info ][gc] GC(951) Pause Young (Allocation Failure) 200M->200M(247M) 0.043ms
[2020-01-29T21:57:14.855+0300][62.894s][debug][gc] GC(950) Concurrent active time: 69.068ms
[2020-01-29T21:57:14.855+0300][62.894s][info ][gc] GC(950) Concurrent Sweep 69.323ms
[2020-01-29T21:57:14.855+0300][62.894s][debug][gc] GC(952) Concurrent mode failure
[2020-01-29T21:57:14.950+0300][62.988s][info ][gc] GC(952) Pause Full (Allocation Failure) 200M->70M(247M) 161.261ms
[2020-01-29T21:57:15.020+0300][63.059s][info ][gc] GC(953) Pause Young (Allocation Failure) 137M->155M(247M) 52.441ms
[2020-01-29T21:57:15.030+0300][63.069s][info ][gc] GC(954) Pause Initial Mark 174M->174M(247M) 8.891ms
[2020-01-29T21:57:15.030+0300][63.069s][info ][gc] GC(954) Concurrent Mark
[2020-01-29T21:57:15.033+0300][63.072s][debug][gc] GC(954) Concurrent active time: 3.037ms
[2020-01-29T21:57:15.033+0300][63.072s][info ][gc] GC(954) Concurrent Mark 3.103ms
[2020-01-29T21:57:15.033+0300][63.072s][info ][gc] GC(954) Concurrent Preclean
[2020-01-29T21:57:15.033+0300][63.072s][debug][gc] GC(954) Concurrent active time: 0.157ms
[2020-01-29T21:57:15.033+0300][63.072s][info ][gc] GC(954) Concurrent Preclean 0.189ms
[2020-01-29T21:57:15.033+0300][63.072s][info ][gc] GC(954) Concurrent Abortable Preclean
[2020-01-29T21:57:15.033+0300][63.072s][debug][gc] GC(954) Concurrent active time: 0.004ms
[2020-01-29T21:57:15.033+0300][63.072s][info ][gc] GC(954) Concurrent Abortable Preclean 0.030ms
[2020-01-29T21:57:15.034+0300][63.072s][debug][gc] GC(954) YG occupancy: 57247 K (78656 K)
[2020-01-29T21:57:15.045+0300][63.083s][info ][gc] GC(954) Pause Remark 202M->202M(247M) 10.983ms
[2020-01-29T21:57:15.045+0300][63.083s][info ][gc] GC(954) Concurrent Sweep
[2020-01-29T21:57:15.047+0300][63.086s][info ][gc] GC(955) Pause Young (Allocation Failure) 200M->200M(247M) 0.041ms
[2020-01-29T21:57:15.114+0300][63.153s][debug][gc] GC(954) Concurrent active time: 68.866ms
[2020-01-29T21:57:15.114+0300][63.153s][info ][gc] GC(954) Concurrent Sweep 69.103ms
[2020-01-29T21:57:15.114+0300][63.153s][debug][gc] GC(956) Concurrent mode failure
[2020-01-29T21:57:15.209+0300][63.248s][info ][gc] GC(956) Pause Full (Allocation Failure) 200M->70M(247M) 161.464ms
[2020-01-29T21:57:15.280+0300][63.319s][info ][gc] GC(957) Pause Young (Allocation Failure) 137M->155M(247M) 52.772ms
[2020-01-29T21:57:15.290+0300][63.329s][info ][gc] GC(958) Pause Initial Mark 174M->174M(247M) 8.850ms
[2020-01-29T21:57:15.290+0300][63.329s][info ][gc] GC(958) Concurrent Mark
[2020-01-29T21:57:15.293+0300][63.332s][debug][gc] GC(958) Concurrent active time: 3.013ms
[2020-01-29T21:57:15.293+0300][63.332s][info ][gc] GC(958) Concurrent Mark 3.070ms
[2020-01-29T21:57:15.293+0300][63.332s][info ][gc] GC(958) Concurrent Preclean
[2020-01-29T21:57:15.294+0300][63.332s][debug][gc] GC(958) Concurrent active time: 0.159ms
[2020-01-29T21:57:15.294+0300][63.332s][info ][gc] GC(958) Concurrent Preclean 0.190ms
[2020-01-29T21:57:15.294+0300][63.332s][info ][gc] GC(958) Concurrent Abortable Preclean
[2020-01-29T21:57:15.294+0300][63.332s][debug][gc] GC(958) Concurrent active time: 0.004ms
[2020-01-29T21:57:15.294+0300][63.332s][info ][gc] GC(958) Concurrent Abortable Preclean 0.030ms
[2020-01-29T21:57:15.294+0300][63.332s][debug][gc] GC(958) YG occupancy: 57249 K (78656 K)
[2020-01-29T21:57:15.305+0300][63.343s][info ][gc] GC(958) Pause Remark 202M->202M(247M) 10.961ms
[2020-01-29T21:57:15.305+0300][63.343s][info ][gc] GC(958) Concurrent Sweep
[2020-01-29T21:57:15.307+0300][63.346s][info ][gc] GC(959) Pause Young (Allocation Failure) 200M->200M(247M) 0.040ms
[2020-01-29T21:57:15.374+0300][63.412s][debug][gc] GC(958) Concurrent active time: 68.725ms
[2020-01-29T21:57:15.374+0300][63.412s][info ][gc] GC(958) Concurrent Sweep 68.969ms
[2020-01-29T21:57:15.374+0300][63.412s][debug][gc] GC(960) Concurrent mode failure
[2020-01-29T21:57:15.468+0300][63.506s][info ][gc] GC(960) Pause Full (Allocation Failure) 200M->70M(247M) 160.724ms
[2020-01-29T21:57:15.546+0300][63.584s][info ][gc] GC(961) Pause Young (Allocation Failure) 137M->155M(247M) 58.058ms
[2020-01-29T21:57:15.555+0300][63.594s][info ][gc] GC(962) Pause Initial Mark 174M->174M(247M) 8.843ms
[2020-01-29T21:57:15.555+0300][63.594s][info ][gc] GC(962) Concurrent Mark
[2020-01-29T21:57:15.559+0300][63.597s][debug][gc] GC(962) Concurrent active time: 3.035ms
[2020-01-29T21:57:15.559+0300][63.597s][info ][gc] GC(962) Concurrent Mark 3.093ms
[2020-01-29T21:57:15.559+0300][63.597s][info ][gc] GC(962) Concurrent Preclean
[2020-01-29T21:57:15.559+0300][63.597s][debug][gc] GC(962) Concurrent active time: 0.155ms
[2020-01-29T21:57:15.559+0300][63.597s][info ][gc] GC(962) Concurrent Preclean 0.186ms
[2020-01-29T21:57:15.559+0300][63.597s][info ][gc] GC(962) Concurrent Abortable Preclean
[2020-01-29T21:57:15.559+0300][63.597s][debug][gc] GC(962) Concurrent active time: 0.003ms
[2020-01-29T21:57:15.559+0300][63.597s][info ][gc] GC(962) Concurrent Abortable Preclean 0.038ms
[2020-01-29T21:57:15.559+0300][63.597s][debug][gc] GC(962) YG occupancy: 57230 K (78656 K)
[2020-01-29T21:57:15.570+0300][63.608s][info ][gc] GC(962) Pause Remark 202M->202M(247M) 10.973ms
[2020-01-29T21:57:15.570+0300][63.608s][info ][gc] GC(962) Concurrent Sweep
[2020-01-29T21:57:15.573+0300][63.611s][info ][gc] GC(963) Pause Young (Allocation Failure) 200M->200M(247M) 0.042ms
[2020-01-29T21:57:15.638+0300][63.677s][debug][gc] GC(962) Concurrent active time: 68.634ms
[2020-01-29T21:57:15.639+0300][63.677s][info ][gc] GC(962) Concurrent Sweep 68.876ms
[2020-01-29T21:57:15.639+0300][63.677s][debug][gc] GC(964) Concurrent mode failure
[2020-01-29T21:57:15.734+0300][63.772s][info ][gc] GC(964) Pause Full (Allocation Failure) 200M->70M(247M) 161.217ms
[2020-01-29T21:57:15.805+0300][63.843s][info ][gc] GC(965) Pause Young (Allocation Failure) 137M->155M(247M) 52.602ms
[2020-01-29T21:57:15.816+0300][63.855s][info ][gc] GC(966) Pause Initial Mark 174M->174M(247M) 8.821ms
[2020-01-29T21:57:15.816+0300][63.855s][info ][gc] GC(966) Concurrent Mark
[2020-01-29T21:57:15.819+0300][63.858s][debug][gc] GC(966) Concurrent active time: 3.011ms
[2020-01-29T21:57:15.820+0300][63.858s][info ][gc] GC(966) Concurrent Mark 3.067ms
[2020-01-29T21:57:15.820+0300][63.858s][info ][gc] GC(966) Concurrent Preclean
[2020-01-29T21:57:15.820+0300][63.858s][debug][gc] GC(966) Concurrent active time: 0.155ms
[2020-01-29T21:57:15.820+0300][63.858s][info ][gc] GC(966) Concurrent Preclean 0.186ms
[2020-01-29T21:57:15.820+0300][63.858s][info ][gc] GC(966) Concurrent Abortable Preclean
[2020-01-29T21:57:15.820+0300][63.858s][debug][gc] GC(966) Concurrent active time: 0.003ms
[2020-01-29T21:57:15.820+0300][63.858s][info ][gc] GC(966) Concurrent Abortable Preclean 0.030ms
[2020-01-29T21:57:15.820+0300][63.858s][debug][gc] GC(966) YG occupancy: 57242 K (78656 K)
[2020-01-29T21:57:15.831+0300][63.869s][info ][gc] GC(966) Pause Remark 202M->202M(247M) 11.150ms
[2020-01-29T21:57:15.831+0300][63.869s][info ][gc] GC(966) Concurrent Sweep
[2020-01-29T21:57:15.834+0300][63.872s][info ][gc] GC(967) Pause Young (Allocation Failure) 200M->200M(247M) 0.041ms
[2020-01-29T21:57:15.900+0300][63.938s][debug][gc] GC(966) Concurrent active time: 68.796ms
[2020-01-29T21:57:15.900+0300][63.938s][info ][gc] GC(966) Concurrent Sweep 69.031ms
[2020-01-29T21:57:15.900+0300][63.938s][debug][gc] GC(968) Concurrent mode failure
[2020-01-29T21:57:15.996+0300][64.035s][info ][gc] GC(968) Pause Full (Allocation Failure) 200M->70M(247M) 163.156ms
[2020-01-29T21:57:16.068+0300][64.106s][info ][gc] GC(969) Pause Young (Allocation Failure) 137M->155M(247M) 52.947ms
[2020-01-29T21:57:16.077+0300][64.116s][info ][gc] GC(970) Pause Initial Mark 174M->174M(247M) 8.846ms
[2020-01-29T21:57:16.077+0300][64.116s][info ][gc] GC(970) Concurrent Mark
[2020-01-29T21:57:16.080+0300][64.119s][debug][gc] GC(970) Concurrent active time: 3.051ms
[2020-01-29T21:57:16.081+0300][64.119s][info ][gc] GC(970) Concurrent Mark 3.111ms
[2020-01-29T21:57:16.081+0300][64.119s][info ][gc] GC(970) Concurrent Preclean
[2020-01-29T21:57:16.081+0300][64.119s][debug][gc] GC(970) Concurrent active time: 0.159ms
[2020-01-29T21:57:16.081+0300][64.119s][info ][gc] GC(970) Concurrent Preclean 0.191ms
[2020-01-29T21:57:16.081+0300][64.119s][info ][gc] GC(970) Concurrent Abortable Preclean
[2020-01-29T21:57:16.081+0300][64.119s][debug][gc] GC(970) Concurrent active time: 0.004ms
[2020-01-29T21:57:16.081+0300][64.119s][info ][gc] GC(970) Concurrent Abortable Preclean 0.030ms
[2020-01-29T21:57:16.081+0300][64.119s][debug][gc] GC(970) YG occupancy: 57246 K (78656 K)
[2020-01-29T21:57:16.092+0300][64.131s][info ][gc] GC(970) Pause Remark 202M->202M(247M) 11.065ms
[2020-01-29T21:57:16.092+0300][64.131s][info ][gc] GC(970) Concurrent Sweep
[2020-01-29T21:57:16.095+0300][64.133s][info ][gc] GC(971) Pause Young (Allocation Failure) 201M->201M(247M) 0.039ms
[2020-01-29T21:57:16.163+0300][64.202s][debug][gc] GC(970) Concurrent active time: 70.972ms
[2020-01-29T21:57:16.163+0300][64.202s][info ][gc] GC(970) Concurrent Sweep 71.226ms
[2020-01-29T21:57:16.163+0300][64.202s][debug][gc] GC(972) Concurrent mode failure
[2020-01-29T21:57:16.259+0300][64.297s][info ][gc] GC(972) Pause Full (Allocation Failure) 201M->70M(247M) 163.700ms
[2020-01-29T21:57:16.330+0300][64.369s][info ][gc] GC(973) Pause Young (Allocation Failure) 137M->155M(247M) 53.241ms
[2020-01-29T21:57:16.340+0300][64.379s][info ][gc] GC(974) Pause Initial Mark 174M->174M(247M) 8.821ms
[2020-01-29T21:57:16.340+0300][64.379s][info ][gc] GC(974) Concurrent Mark
[2020-01-29T21:57:16.343+0300][64.382s][debug][gc] GC(974) Concurrent active time: 3.089ms
[2020-01-29T21:57:16.343+0300][64.382s][info ][gc] GC(974) Concurrent Mark 3.148ms
[2020-01-29T21:57:16.343+0300][64.382s][info ][gc] GC(974) Concurrent Preclean
[2020-01-29T21:57:16.343+0300][64.382s][debug][gc] GC(974) Concurrent active time: 0.156ms
[2020-01-29T21:57:16.343+0300][64.382s][info ][gc] GC(974) Concurrent Preclean 0.188ms
[2020-01-29T21:57:16.343+0300][64.382s][info ][gc] GC(974) Concurrent Abortable Preclean
[2020-01-29T21:57:16.343+0300][64.382s][debug][gc] GC(974) Concurrent active time: 0.004ms
[2020-01-29T21:57:16.343+0300][64.382s][info ][gc] GC(974) Concurrent Abortable Preclean 0.031ms
[2020-01-29T21:57:16.343+0300][64.382s][debug][gc] GC(974) YG occupancy: 57249 K (78656 K)
[2020-01-29T21:57:16.354+0300][64.393s][info ][gc] GC(974) Pause Remark 202M->202M(247M) 11.136ms
[2020-01-29T21:57:16.354+0300][64.393s][info ][gc] GC(974) Concurrent Sweep
[2020-01-29T21:57:16.357+0300][64.396s][info ][gc] GC(975) Pause Young (Allocation Failure) 200M->200M(247M) 0.041ms
[2020-01-29T21:57:16.424+0300][64.463s][debug][gc] GC(974) Concurrent active time: 69.476ms
[2020-01-29T21:57:16.424+0300][64.463s][info ][gc] GC(974) Concurrent Sweep 69.715ms
[2020-01-29T21:57:16.424+0300][64.463s][debug][gc] GC(976) Concurrent mode failure
[2020-01-29T21:57:16.520+0300][64.558s][info ][gc] GC(976) Pause Full (Allocation Failure) 200M->70M(247M) 162.356ms
[2020-01-29T21:57:16.592+0300][64.631s][info ][gc] GC(977) Pause Young (Allocation Failure) 137M->155M(247M) 52.561ms
[2020-01-29T21:57:16.601+0300][64.640s][info ][gc] GC(978) Pause Initial Mark 174M->174M(247M) 8.815ms
[2020-01-29T21:57:16.601+0300][64.640s][info ][gc] GC(978) Concurrent Mark
[2020-01-29T21:57:16.604+0300][64.643s][debug][gc] GC(978) Concurrent active time: 3.039ms
[2020-01-29T21:57:16.605+0300][64.643s][info ][gc] GC(978) Concurrent Mark 3.102ms
[2020-01-29T21:57:16.605+0300][64.643s][info ][gc] GC(978) Concurrent Preclean
[2020-01-29T21:57:16.605+0300][64.643s][debug][gc] GC(978) Concurrent active time: 0.161ms
[2020-01-29T21:57:16.605+0300][64.643s][info ][gc] GC(978) Concurrent Preclean 0.193ms
[2020-01-29T21:57:16.605+0300][64.643s][info ][gc] GC(978) Concurrent Abortable Preclean
[2020-01-29T21:57:16.605+0300][64.643s][debug][gc] GC(978) Concurrent active time: 0.004ms
[2020-01-29T21:57:16.605+0300][64.644s][info ][gc] GC(978) Concurrent Abortable Preclean 0.030ms
[2020-01-29T21:57:16.605+0300][64.644s][debug][gc] GC(978) YG occupancy: 57229 K (78656 K)
[2020-01-29T21:57:16.616+0300][64.655s][info ][gc] GC(978) Pause Remark 202M->202M(247M) 10.994ms
[2020-01-29T21:57:16.616+0300][64.655s][info ][gc] GC(978) Concurrent Sweep
[2020-01-29T21:57:16.619+0300][64.658s][info ][gc] GC(979) Pause Young (Allocation Failure) 200M->200M(247M) 0.045ms
[2020-01-29T21:57:16.685+0300][64.723s][debug][gc] GC(978) Concurrent active time: 68.052ms
[2020-01-29T21:57:16.685+0300][64.723s][info ][gc] GC(978) Concurrent Sweep 68.433ms
[2020-01-29T21:57:16.685+0300][64.723s][debug][gc] GC(980) Concurrent mode failure
[2020-01-29T21:57:16.779+0300][64.818s][info ][gc] GC(980) Pause Full (Allocation Failure) 200M->70M(247M) 160.044ms
[2020-01-29T21:57:16.850+0300][64.889s][info ][gc] GC(981) Pause Young (Allocation Failure) 137M->155M(247M) 52.704ms
[2020-01-29T21:57:16.860+0300][64.899s][info ][gc] GC(982) Pause Initial Mark 174M->174M(247M) 8.845ms
[2020-01-29T21:57:16.860+0300][64.899s][info ][gc] GC(982) Concurrent Mark
[2020-01-29T21:57:16.863+0300][64.902s][debug][gc] GC(982) Concurrent active time: 3.044ms
[2020-01-29T21:57:16.863+0300][64.902s][info ][gc] GC(982) Concurrent Mark 3.102ms
[2020-01-29T21:57:16.863+0300][64.902s][info ][gc] GC(982) Concurrent Preclean
[2020-01-29T21:57:16.863+0300][64.902s][debug][gc] GC(982) Concurrent active time: 0.156ms
[2020-01-29T21:57:16.864+0300][64.902s][info ][gc] GC(982) Concurrent Preclean 0.190ms
[2020-01-29T21:57:16.864+0300][64.902s][info ][gc] GC(982) Concurrent Abortable Preclean
[2020-01-29T21:57:16.864+0300][64.902s][debug][gc] GC(982) Concurrent active time: 0.004ms
[2020-01-29T21:57:16.864+0300][64.902s][info ][gc] GC(982) Concurrent Abortable Preclean 0.031ms
[2020-01-29T21:57:16.864+0300][64.902s][debug][gc] GC(982) YG occupancy: 57241 K (78656 K)
[2020-01-29T21:57:16.875+0300][64.913s][info ][gc] GC(982) Pause Remark 202M->202M(247M) 11.028ms
[2020-01-29T21:57:16.875+0300][64.913s][info ][gc] GC(982) Concurrent Sweep
[2020-01-29T21:57:16.877+0300][64.916s][info ][gc] GC(983) Pause Young (Allocation Failure) 201M->201M(247M) 0.043ms
[2020-01-29T21:57:16.944+0300][64.982s][debug][gc] GC(982) Concurrent active time: 68.993ms
[2020-01-29T21:57:16.944+0300][64.982s][info ][gc] GC(982) Concurrent Sweep 69.237ms
[2020-01-29T21:57:16.944+0300][64.983s][debug][gc] GC(984) Concurrent mode failure
[2020-01-29T21:57:17.039+0300][65.077s][info ][gc] GC(984) Pause Full (Allocation Failure) 201M->70M(247M) 160.844ms
[2020-01-29T21:57:17.110+0300][65.149s][info ][gc] GC(985) Pause Young (Allocation Failure) 137M->155M(247M) 53.459ms
[2020-01-29T21:57:17.120+0300][65.159s][info ][gc] GC(986) Pause Initial Mark 174M->174M(247M) 8.872ms
[2020-01-29T21:57:17.120+0300][65.159s][info ][gc] GC(986) Concurrent Mark
[2020-01-29T21:57:17.122+0300][65.162s][debug][gc] GC(986) Concurrent active time: 3.031ms
[2020-01-29T21:57:17.122+0300][65.162s][info ][gc] GC(986) Concurrent Mark 3.093ms
[2020-01-29T21:57:17.124+0300][65.162s][info ][gc] GC(986) Concurrent Preclean
[2020-01-29T21:57:17.124+0300][65.162s][debug][gc] GC(986) Concurrent active time: 0.157ms
[2020-01-29T21:57:17.124+0300][65.162s][info ][gc] GC(986) Concurrent Preclean 0.188ms
[2020-01-29T21:57:17.124+0300][65.162s][info ][gc] GC(986) Concurrent Abortable Preclean
[2020-01-29T21:57:17.124+0300][65.162s][debug][gc] GC(986) Concurrent active time: 0.004ms
[2020-01-29T21:57:17.124+0300][65.162s][info ][gc] GC(986) Concurrent Abortable Preclean 0.030ms
[2020-01-29T21:57:17.124+0300][65.162s][debug][gc] GC(986) YG occupancy: 57244 K (78656 K)
[2020-01-29T21:57:17.134+0300][65.173s][info ][gc] GC(986) Pause Remark 202M->202M(247M) 10.967ms
[2020-01-29T21:57:17.134+0300][65.173s][info ][gc] GC(986) Concurrent Sweep
[2020-01-29T21:57:17.134+0300][65.176s][info ][gc] GC(987) Pause Young (Allocation Failure) 200M->200M(247M) 0.041ms
[2020-01-29T21:57:17.204+0300][65.242s][debug][gc] GC(986) Concurrent active time: 68.657ms
[2020-01-29T21:57:17.204+0300][65.242s][info ][gc] GC(986) Concurrent Sweep 68.889ms
[2020-01-29T21:57:17.204+0300][65.242s][debug][gc] GC(988) Concurrent mode failure
[2020-01-29T21:57:17.296+0300][65.336s][info ][gc] GC(988) Pause Full (Allocation Failure) 200M->70M(247M) 160.366ms
[2020-01-29T21:57:17.365+0300][65.406s][info ][gc] GC(989) Pause Young (Allocation Failure) 137M->155M(247M) 53.258ms
[2020-01-29T21:57:17.380+0300][65.421s][info ][gc] GC(990) Pause Initial Mark 174M->174M(247M) 8.799ms
[2020-01-29T21:57:17.380+0300][65.422s][info ][gc] GC(990) Concurrent Mark
[2020-01-29T21:57:17.385+0300][65.425s][debug][gc] GC(990) Concurrent active time: 3.027ms
[2020-01-29T21:57:17.385+0300][65.425s][info ][gc] GC(990) Concurrent Mark 3.085ms
[2020-01-29T21:57:17.385+0300][65.425s][info ][gc] GC(990) Concurrent Preclean
[2020-01-29T21:57:17.385+0300][65.425s][debug][gc] GC(990) Concurrent active time: 0.160ms
[2020-01-29T21:57:17.385+0300][65.425s][info ][gc] GC(990) Concurrent Preclean 0.197ms
[2020-01-29T21:57:17.385+0300][65.425s][info ][gc] GC(990) Concurrent Abortable Preclean
[2020-01-29T21:57:17.385+0300][65.425s][debug][gc] GC(990) Concurrent active time: 0.004ms
[2020-01-29T21:57:17.385+0300][65.425s][info ][gc] GC(990) Concurrent Abortable Preclean 0.031ms
[2020-01-29T21:57:17.385+0300][65.425s][debug][gc] GC(990) YG occupancy: 57247 K (78656 K)
[2020-01-29T21:57:17.396+0300][65.436s][info ][gc] GC(990) Pause Remark 202M->202M(247M) 10.992ms
[2020-01-29T21:57:17.396+0300][65.436s][info ][gc] GC(990) Concurrent Sweep
[2020-01-29T21:57:17.396+0300][65.439s][info ][gc] GC(991) Pause Young (Allocation Failure) 200M->200M(247M) 0.041ms
[2020-01-29T21:57:17.464+0300][65.505s][debug][gc] GC(990) Concurrent active time: 68.747ms
[2020-01-29T21:57:17.464+0300][65.505s][info ][gc] GC(990) Concurrent Sweep 68.979ms
[2020-01-29T21:57:17.464+0300][65.505s][debug][gc] GC(992) Concurrent mode failure
[2020-01-29T21:57:17.560+0300][65.599s][info ][gc] GC(992) Pause Full (Allocation Failure) 200M->70M(247M) 160.310ms
[2020-01-29T21:57:17.649+0300][65.687s][info ][gc] GC(993) Pause Young (Allocation Failure) 137M->155M(247M) 54.634ms
[2020-01-29T21:57:17.658+0300][65.697s][info ][gc] GC(994) Pause Initial Mark 174M->174M(247M) 8.821ms
[2020-01-29T21:57:17.658+0300][65.697s][info ][gc] GC(994) Concurrent Mark
[2020-01-29T21:57:17.661+0300][65.700s][debug][gc] GC(994) Concurrent active time: 3.021ms
[2020-01-29T21:57:17.661+0300][65.700s][info ][gc] GC(994) Concurrent Mark 3.078ms
[2020-01-29T21:57:17.661+0300][65.700s][info ][gc] GC(994) Concurrent Preclean
[2020-01-29T21:57:17.662+0300][65.700s][debug][gc] GC(994) Concurrent active time: 0.156ms
[2020-01-29T21:57:17.662+0300][65.700s][info ][gc] GC(994) Concurrent Preclean 0.187ms
[2020-01-29T21:57:17.662+0300][65.700s][info ][gc] GC(994) Concurrent Abortable Preclean
[2020-01-29T21:57:17.662+0300][65.700s][debug][gc] GC(994) Concurrent active time: 0.003ms
[2020-01-29T21:57:17.662+0300][65.700s][info ][gc] GC(994) Concurrent Abortable Preclean 0.030ms
[2020-01-29T21:57:17.662+0300][65.700s][debug][gc] GC(994) YG occupancy: 57229 K (78656 K)
[2020-01-29T21:57:17.671+0300][65.711s][info ][gc] GC(994) Pause Remark 202M->202M(247M) 10.946ms
[2020-01-29T21:57:17.671+0300][65.711s][info ][gc] GC(994) Concurrent Sweep
[2020-01-29T21:57:17.675+0300][65.714s][info ][gc] GC(995) Pause Young (Allocation Failure) 200M->200M(247M) 0.040ms
[2020-01-29T21:57:17.739+0300][65.782s][debug][gc] GC(994) Concurrent active time: 70.460ms
[2020-01-29T21:57:17.739+0300][65.782s][info ][gc] GC(994) Concurrent Sweep 70.695ms
[2020-01-29T21:57:17.739+0300][65.782s][debug][gc] GC(996) Concurrent mode failure
[2020-01-29T21:57:17.834+0300][65.877s][info ][gc] GC(996) Pause Full (Allocation Failure) 200M->70M(247M) 162.559ms
[2020-01-29T21:57:17.915+0300][65.954s][info ][gc] GC(997) Pause Young (Allocation Failure) 137M->155M(247M) 56.736ms
[2020-01-29T21:57:17.924+0300][65.964s][info ][gc] GC(998) Pause Initial Mark 174M->174M(247M) 8.831ms
[2020-01-29T21:57:17.924+0300][65.964s][info ][gc] GC(998) Concurrent Mark
[2020-01-29T21:57:17.924+0300][65.967s][debug][gc] GC(998) Concurrent active time: 3.015ms
[2020-01-29T21:57:17.924+0300][65.967s][info ][gc] GC(998) Concurrent Mark 3.074ms
[2020-01-29T21:57:17.924+0300][65.967s][info ][gc] GC(998) Concurrent Preclean
[2020-01-29T21:57:17.924+0300][65.967s][debug][gc] GC(998) Concurrent active time: 0.155ms
[2020-01-29T21:57:17.924+0300][65.967s][info ][gc] GC(998) Concurrent Preclean 0.186ms
[2020-01-29T21:57:17.924+0300][65.967s][info ][gc] GC(998) Concurrent Abortable Preclean
[2020-01-29T21:57:17.924+0300][65.967s][debug][gc] GC(998) Concurrent active time: 0.004ms
[2020-01-29T21:57:17.924+0300][65.967s][info ][gc] GC(998) Concurrent Abortable Preclean 0.031ms
[2020-01-29T21:57:17.924+0300][65.967s][debug][gc] GC(998) YG occupancy: 57241 K (78656 K)
[2020-01-29T21:57:17.939+0300][65.978s][info ][gc] GC(998) Pause Remark 202M->202M(247M) 10.961ms
[2020-01-29T21:57:17.939+0300][65.978s][info ][gc] GC(998) Concurrent Sweep
[2020-01-29T21:57:17.939+0300][65.981s][info ][gc] GC(999) Pause Young (Allocation Failure) 200M->200M(247M) 0.041ms
[2020-01-29T21:57:18.004+0300][66.047s][debug][gc] GC(998) Concurrent active time: 68.596ms
[2020-01-29T21:57:18.004+0300][66.047s][info ][gc] GC(998) Concurrent Sweep 68.834ms
[2020-01-29T21:57:18.004+0300][66.047s][debug][gc] GC(1000) Concurrent mode failure
[2020-01-29T21:57:18.103+0300][66.141s][info ][gc] GC(1000) Pause Full (Allocation Failure) 200M->70M(247M) 160.305ms
[2020-01-29T21:57:18.174+0300][66.212s][info ][gc] GC(1001) Pause Young (Allocation Failure) 137M->155M(247M) 52.613ms
[2020-01-29T21:57:18.184+0300][66.222s][info ][gc] GC(1002) Pause Initial Mark 174M->174M(247M) 8.823ms
[2020-01-29T21:57:18.184+0300][66.222s][info ][gc] GC(1002) Concurrent Mark
[2020-01-29T21:57:18.187+0300][66.225s][debug][gc] GC(1002) Concurrent active time: 3.026ms
[2020-01-29T21:57:18.187+0300][66.225s][info ][gc] GC(1002) Concurrent Mark 3.084ms
[2020-01-29T21:57:18.187+0300][66.225s][info ][gc] GC(1002) Concurrent Preclean
[2020-01-29T21:57:18.187+0300][66.225s][debug][gc] GC(1002) Concurrent active time: 0.155ms
[2020-01-29T21:57:18.187+0300][66.225s][info ][gc] GC(1002) Concurrent Preclean 0.187ms
[2020-01-29T21:57:18.187+0300][66.225s][info ][gc] GC(1002) Concurrent Abortable Preclean
[2020-01-29T21:57:18.187+0300][66.225s][debug][gc] GC(1002) Concurrent active time: 0.003ms
[2020-01-29T21:57:18.187+0300][66.225s][info ][gc] GC(1002) Concurrent Abortable Preclean 0.030ms
[2020-01-29T21:57:18.187+0300][66.226s][debug][gc] GC(1002) YG occupancy: 57246 K (78656 K)
[2020-01-29T21:57:18.198+0300][66.237s][info ][gc] GC(1002) Pause Remark 202M->202M(247M) 10.980ms
[2020-01-29T21:57:18.198+0300][66.237s][info ][gc] GC(1002) Concurrent Sweep
[2020-01-29T21:57:18.201+0300][66.239s][info ][gc] GC(1003) Pause Young (Allocation Failure) 200M->200M(247M) 0.040ms
[2020-01-29T21:57:18.267+0300][66.306s][debug][gc] GC(1002) Concurrent active time: 68.908ms
[2020-01-29T21:57:18.267+0300][66.306s][info ][gc] GC(1002) Concurrent Sweep 69.209ms
[2020-01-29T21:57:18.267+0300][66.306s][debug][gc] GC(1004) Concurrent mode failure
[2020-01-29T21:57:18.361+0300][66.400s][info ][gc] GC(1004) Pause Full (Allocation Failure) 200M->70M(247M) 160.859ms
[2020-01-29T21:57:18.433+0300][66.471s][info ][gc] GC(1005) Pause Young (Allocation Failure) 137M->155M(247M) 53.199ms
[2020-01-29T21:57:18.443+0300][66.481s][info ][gc] GC(1006) Pause Initial Mark 174M->174M(247M) 8.821ms
[2020-01-29T21:57:18.443+0300][66.481s][info ][gc] GC(1006) Concurrent Mark
[2020-01-29T21:57:18.446+0300][66.485s][debug][gc] GC(1006) Concurrent active time: 3.340ms
[2020-01-29T21:57:18.446+0300][66.485s][info ][gc] GC(1006) Concurrent Mark 3.586ms
[2020-01-29T21:57:18.446+0300][66.485s][info ][gc] GC(1006) Concurrent Preclean
[2020-01-29T21:57:18.446+0300][66.485s][debug][gc] GC(1006) Concurrent active time: 0.183ms
[2020-01-29T21:57:18.446+0300][66.485s][info ][gc] GC(1006) Concurrent Preclean 0.213ms
[2020-01-29T21:57:18.446+0300][66.485s][info ][gc] GC(1006) Concurrent Abortable Preclean
[2020-01-29T21:57:18.446+0300][66.485s][debug][gc] GC(1006) Concurrent active time: 0.004ms
[2020-01-29T21:57:18.446+0300][66.485s][info ][gc] GC(1006) Concurrent Abortable Preclean 0.031ms
[2020-01-29T21:57:18.447+0300][66.485s][debug][gc] GC(1006) YG occupancy: 51878 K (78656 K)
[2020-01-29T21:57:18.458+0300][66.496s][info ][gc] GC(1006) Pause Remark 197M->197M(247M) 10.962ms
[2020-01-29T21:57:18.458+0300][66.496s][info ][gc] GC(1006) Concurrent Sweep
[2020-01-29T21:57:18.461+0300][66.499s][info ][gc] GC(1007) Pause Young (Allocation Failure) 199M->199M(247M) 0.043ms
[2020-01-29T21:57:18.527+0300][66.565s][debug][gc] GC(1006) Concurrent active time: 68.722ms
[2020-01-29T21:57:18.527+0300][66.565s][info ][gc] GC(1006) Concurrent Sweep 68.982ms
[2020-01-29T21:57:18.527+0300][66.565s][debug][gc] GC(1008) Concurrent mode failure
[2020-01-29T21:57:18.620+0300][66.659s][info ][gc] GC(1008) Pause Full (Allocation Failure) 199M->70M(247M) 159.331ms
[2020-01-29T21:57:18.692+0300][66.730s][info ][gc] GC(1009) Pause Young (Allocation Failure) 137M->155M(247M) 52.929ms
[2020-01-29T21:57:18.701+0300][66.740s][info ][gc] GC(1010) Pause Initial Mark 174M->174M(247M) 8.815ms
[2020-01-29T21:57:18.701+0300][66.740s][info ][gc] GC(1010) Concurrent Mark
[2020-01-29T21:57:18.704+0300][66.743s][debug][gc] GC(1010) Concurrent active time: 3.046ms
[2020-01-29T21:57:18.704+0300][66.743s][info ][gc] GC(1010) Concurrent Mark 3.106ms
[2020-01-29T21:57:18.704+0300][66.743s][info ][gc] GC(1010) Concurrent Preclean
[2020-01-29T21:57:18.705+0300][66.743s][debug][gc] GC(1010) Concurrent active time: 0.158ms
[2020-01-29T21:57:18.705+0300][66.743s][info ][gc] GC(1010) Concurrent Preclean 0.189ms
[2020-01-29T21:57:18.705+0300][66.743s][info ][gc] GC(1010) Concurrent Abortable Preclean
[2020-01-29T21:57:18.705+0300][66.743s][debug][gc] GC(1010) Concurrent active time: 0.004ms
[2020-01-29T21:57:18.705+0300][66.743s][info ][gc] GC(1010) Concurrent Abortable Preclean 0.030ms
[2020-01-29T21:57:18.705+0300][66.743s][debug][gc] GC(1010) YG occupancy: 57248 K (78656 K)
[2020-01-29T21:57:18.716+0300][66.754s][info ][gc] GC(1010) Pause Remark 202M->202M(247M) 11.001ms
[2020-01-29T21:57:18.716+0300][66.754s][info ][gc] GC(1010) Concurrent Sweep
[2020-01-29T21:57:18.718+0300][66.757s][info ][gc] GC(1011) Pause Young (Allocation Failure) 200M->200M(247M) 0.040ms
[2020-01-29T21:57:18.786+0300][66.824s][debug][gc] GC(1010) Concurrent active time: 69.731ms
[2020-01-29T21:57:18.786+0300][66.824s][info ][gc] GC(1010) Concurrent Sweep 69.969ms
[2020-01-29T21:57:18.786+0300][66.824s][debug][gc] GC(1012) Concurrent mode failure
[2020-01-29T21:57:18.881+0300][66.919s][info ][gc] GC(1012) Pause Full (Allocation Failure) 200M->70M(247M) 161.833ms
[2020-01-29T21:57:18.953+0300][66.991s][info ][gc] GC(1013) Pause Young (Allocation Failure) 137M->155M(247M) 53.328ms
[2020-01-29T21:57:18.963+0300][67.001s][info ][gc] GC(1014) Pause Initial Mark 174M->174M(247M) 8.829ms
[2020-01-29T21:57:18.963+0300][67.001s][info ][gc] GC(1014) Concurrent Mark
[2020-01-29T21:57:18.966+0300][67.004s][debug][gc] GC(1014) Concurrent active time: 3.042ms
[2020-01-29T21:57:18.966+0300][67.004s][info ][gc] GC(1014) Concurrent Mark 3.099ms
[2020-01-29T21:57:18.966+0300][67.004s][info ][gc] GC(1014) Concurrent Preclean
[2020-01-29T21:57:18.966+0300][67.004s][debug][gc] GC(1014) Concurrent active time: 0.157ms
[2020-01-29T21:57:18.966+0300][67.004s][info ][gc] GC(1014) Concurrent Preclean 0.189ms
[2020-01-29T21:57:18.966+0300][67.004s][info ][gc] GC(1014) Concurrent Abortable Preclean
[2020-01-29T21:57:18.966+0300][67.004s][debug][gc] GC(1014) Concurrent active time: 0.004ms
[2020-01-29T21:57:18.966+0300][67.004s][info ][gc] GC(1014) Concurrent Abortable Preclean 0.030ms
[2020-01-29T21:57:18.966+0300][67.004s][debug][gc] GC(1014) YG occupancy: 57251 K (78656 K)
[2020-01-29T21:57:18.976+0300][67.015s][info ][gc] GC(1014) Pause Remark 202M->202M(247M) 11.136ms
[2020-01-29T21:57:18.976+0300][67.015s][info ][gc] GC(1014) Concurrent Sweep
[2020-01-29T21:57:18.979+0300][67.018s][info ][gc] GC(1015) Pause Young (Allocation Failure) 201M->201M(247M) 0.040ms
[2020-01-29T21:57:19.046+0300][67.084s][debug][gc] GC(1014) Concurrent active time: 68.627ms
[2020-01-29T21:57:19.046+0300][67.084s][info ][gc] GC(1014) Concurrent Sweep 68.867ms
[2020-01-29T21:57:19.046+0300][67.084s][debug][gc] GC(1016) Concurrent mode failure
[2020-01-29T21:57:19.141+0300][67.179s][info ][gc] GC(1016) Pause Full (Allocation Failure) 201M->70M(247M) 160.902ms
[2020-01-29T21:57:19.212+0300][67.251s][info ][gc] GC(1017) Pause Young (Allocation Failure) 137M->155M(247M) 53.713ms
[2020-01-29T21:57:19.222+0300][67.261s][info ][gc] GC(1018) Pause Initial Mark 174M->174M(247M) 8.850ms
[2020-01-29T21:57:19.222+0300][67.261s][info ][gc] GC(1018) Concurrent Mark
[2020-01-29T21:57:19.225+0300][67.264s][debug][gc] GC(1018) Concurrent active time: 3.037ms
[2020-01-29T21:57:19.225+0300][67.264s][info ][gc] GC(1018) Concurrent Mark 3.094ms
[2020-01-29T21:57:19.225+0300][67.264s][info ][gc] GC(1018) Concurrent Preclean
[2020-01-29T21:57:19.225+0300][67.264s][debug][gc] GC(1018) Concurrent active time: 0.159ms
[2020-01-29T21:57:19.225+0300][67.264s][info ][gc] GC(1018) Concurrent Preclean 0.190ms
[2020-01-29T21:57:19.225+0300][67.264s][info ][gc] GC(1018) Concurrent Abortable Preclean
[2020-01-29T21:57:19.225+0300][67.264s][debug][gc] GC(1018) Concurrent active time: 0.004ms
[2020-01-29T21:57:19.225+0300][67.264s][info ][gc] GC(1018) Concurrent Abortable Preclean 0.031ms
[2020-01-29T21:57:19.226+0300][67.264s][debug][gc] GC(1018) YG occupancy: 57250 K (78656 K)
[2020-01-29T21:57:19.237+0300][67.276s][info ][gc] GC(1018) Pause Remark 202M->202M(247M) 11.140ms
[2020-01-29T21:57:19.237+0300][67.276s][info ][gc] GC(1018) Concurrent Sweep
[2020-01-29T21:57:19.239+0300][67.278s][info ][gc] GC(1019) Pause Young (Allocation Failure) 200M->200M(247M) 0.040ms
[2020-01-29T21:57:19.306+0300][67.344s][debug][gc] GC(1018) Concurrent active time: 68.395ms
[2020-01-29T21:57:19.306+0300][67.344s][info ][gc] GC(1018) Concurrent Sweep 68.635ms
[2020-01-29T21:57:19.306+0300][67.344s][debug][gc] GC(1020) Concurrent mode failure
[2020-01-29T21:57:19.400+0300][67.438s][info ][gc] GC(1020) Pause Full (Allocation Failure) 200M->70M(247M) 160.194ms
[2020-01-29T21:57:19.480+0300][67.518s][info ][gc] GC(1021) Pause Young (Allocation Failure) 137M->155M(247M) 55.920ms
[2020-01-29T21:57:19.489+0300][67.527s][info ][gc] GC(1022) Pause Initial Mark 174M->174M(247M) 8.817ms
[2020-01-29T21:57:19.489+0300][67.527s][info ][gc] GC(1022) Concurrent Mark
[2020-01-29T21:57:19.493+0300][67.531s][debug][gc] GC(1022) Concurrent active time: 3.326ms
[2020-01-29T21:57:19.493+0300][67.531s][info ][gc] GC(1022) Concurrent Mark 3.490ms
[2020-01-29T21:57:19.493+0300][67.531s][info ][gc] GC(1022) Concurrent Preclean
[2020-01-29T21:57:19.493+0300][67.531s][debug][gc] GC(1022) Concurrent active time: 0.209ms
[2020-01-29T21:57:19.493+0300][67.531s][info ][gc] GC(1022) Concurrent Preclean 0.244ms
[2020-01-29T21:57:19.493+0300][67.531s][info ][gc] GC(1022) Concurrent Abortable Preclean
[2020-01-29T21:57:19.493+0300][67.531s][debug][gc] GC(1022) Concurrent active time: 0.005ms
[2020-01-29T21:57:19.493+0300][67.531s][info ][gc] GC(1022) Concurrent Abortable Preclean 0.032ms
[2020-01-29T21:57:19.493+0300][67.531s][debug][gc] GC(1022) YG occupancy: 54624 K (78656 K)
[2020-01-29T21:57:19.505+0300][67.543s][info ][gc] GC(1022) Pause Remark 200M->200M(247M) 11.713ms
[2020-01-29T21:57:19.505+0300][67.543s][info ][gc] GC(1022) Concurrent Sweep
[2020-01-29T21:57:19.508+0300][67.546s][info ][gc] GC(1023) Pause Young (Allocation Failure) 199M->199M(247M) 0.043ms
[2020-01-29T21:57:19.572+0300][67.610s][debug][gc] GC(1022) Concurrent active time: 67.065ms
[2020-01-29T21:57:19.572+0300][67.610s][info ][gc] GC(1022) Concurrent Sweep 67.325ms
[2020-01-29T21:57:19.572+0300][67.610s][debug][gc] GC(1024) Concurrent mode failure
[2020-01-29T21:57:19.666+0300][67.705s][info ][gc] GC(1024) Pause Full (Allocation Failure) 199M->70M(247M) 158.341ms
[2020-01-29T21:57:19.738+0300][67.777s][info ][gc] GC(1025) Pause Young (Allocation Failure) 137M->155M(247M) 54.258ms
[2020-01-29T21:57:19.748+0300][67.787s][info ][gc] GC(1026) Pause Initial Mark 174M->174M(247M) 8.823ms
[2020-01-29T21:57:19.748+0300][67.787s][info ][gc] GC(1026) Concurrent Mark
[2020-01-29T21:57:19.751+0300][67.790s][debug][gc] GC(1026) Concurrent active time: 3.024ms
[2020-01-29T21:57:19.751+0300][67.790s][info ][gc] GC(1026) Concurrent Mark 3.081ms
[2020-01-29T21:57:19.751+0300][67.790s][info ][gc] GC(1026) Concurrent Preclean
[2020-01-29T21:57:19.751+0300][67.790s][debug][gc] GC(1026) Concurrent active time: 0.154ms
[2020-01-29T21:57:19.751+0300][67.790s][info ][gc] GC(1026) Concurrent Preclean 0.185ms
[2020-01-29T21:57:19.751+0300][67.790s][info ][gc] GC(1026) Concurrent Abortable Preclean
[2020-01-29T21:57:19.751+0300][67.790s][debug][gc] GC(1026) Concurrent active time: 0.004ms
[2020-01-29T21:57:19.751+0300][67.790s][info ][gc] GC(1026) Concurrent Abortable Preclean 0.035ms
[2020-01-29T21:57:19.752+0300][67.790s][debug][gc] GC(1026) YG occupancy: 57250 K (78656 K)
[2020-01-29T21:57:19.763+0300][67.801s][info ][gc] GC(1026) Pause Remark 202M->202M(247M) 11.018ms
[2020-01-29T21:57:19.763+0300][67.801s][info ][gc] GC(1026) Concurrent Sweep
[2020-01-29T21:57:19.765+0300][67.804s][info ][gc] GC(1027) Pause Young (Allocation Failure) 200M->200M(247M) 0.040ms
[2020-01-29T21:57:19.833+0300][67.871s][debug][gc] GC(1026) Concurrent active time: 69.512ms
[2020-01-29T21:57:19.833+0300][67.871s][info ][gc] GC(1026) Concurrent Sweep 69.747ms
[2020-01-29T21:57:19.833+0300][67.871s][debug][gc] GC(1028) Concurrent mode failure
[2020-01-29T21:57:19.926+0300][67.965s][info ][gc] GC(1028) Pause Full (Allocation Failure) 200M->70M(247M) 161.148ms
[2020-01-29T21:57:19.997+0300][68.036s][info ][gc] GC(1029) Pause Young (Allocation Failure) 137M->155M(247M) 52.611ms
[2020-01-29T21:57:20.007+0300][68.046s][info ][gc] GC(1030) Pause Initial Mark 174M->174M(247M) 8.834ms
[2020-01-29T21:57:20.007+0300][68.046s][info ][gc] GC(1030) Concurrent Mark
[2020-01-29T21:57:20.010+0300][68.049s][debug][gc] GC(1030) Concurrent active time: 3.027ms
[2020-01-29T21:57:20.010+0300][68.049s][info ][gc] GC(1030) Concurrent Mark 3.084ms
[2020-01-29T21:57:20.010+0300][68.049s][info ][gc] GC(1030) Concurrent Preclean
[2020-01-29T21:57:20.010+0300][68.049s][debug][gc] GC(1030) Concurrent active time: 0.156ms
[2020-01-29T21:57:20.010+0300][68.049s][info ][gc] GC(1030) Concurrent Preclean 0.186ms
[2020-01-29T21:57:20.010+0300][68.049s][info ][gc] GC(1030) Concurrent Abortable Preclean
[2020-01-29T21:57:20.010+0300][68.049s][debug][gc] GC(1030) Concurrent active time: 0.004ms
[2020-01-29T21:57:20.010+0300][68.049s][info ][gc] GC(1030) Concurrent Abortable Preclean 0.030ms
[2020-01-29T21:57:20.010+0300][68.049s][debug][gc] GC(1030) YG occupancy: 57250 K (78656 K)
[2020-01-29T21:57:20.021+0300][68.060s][info ][gc] GC(1030) Pause Remark 202M->202M(247M) 11.003ms
[2020-01-29T21:57:20.021+0300][68.060s][info ][gc] GC(1030) Concurrent Sweep
[2020-01-29T21:57:20.024+0300][68.063s][info ][gc] GC(1031) Pause Young (Allocation Failure) 200M->200M(247M) 0.041ms
[2020-01-29T21:57:20.091+0300][68.130s][debug][gc] GC(1030) Concurrent active time: 69.250ms
[2020-01-29T21:57:20.091+0300][68.130s][info ][gc] GC(1030) Concurrent Sweep 69.492ms
[2020-01-29T21:57:20.091+0300][68.130s][debug][gc] GC(1032) Concurrent mode failure
[2020-01-29T21:57:20.187+0300][68.225s][info ][gc] GC(1032) Pause Full (Allocation Failure) 200M->70M(247M) 162.076ms
[2020-01-29T21:57:20.258+0300][68.296s][info ][gc] GC(1033) Pause Young (Allocation Failure) 137M->155M(247M) 53.271ms
[2020-01-29T21:57:20.268+0300][68.306s][info ][gc] GC(1034) Pause Initial Mark 174M->174M(247M) 8.894ms
[2020-01-29T21:57:20.268+0300][68.306s][info ][gc] GC(1034) Concurrent Mark
[2020-01-29T21:57:20.271+0300][68.309s][debug][gc] GC(1034) Concurrent active time: 3.045ms
[2020-01-29T21:57:20.271+0300][68.309s][info ][gc] GC(1034) Concurrent Mark 3.103ms
[2020-01-29T21:57:20.271+0300][68.309s][info ][gc] GC(1034) Concurrent Preclean
[2020-01-29T21:57:20.271+0300][68.309s][debug][gc] GC(1034) Concurrent active time: 0.160ms
[2020-01-29T21:57:20.271+0300][68.309s][info ][gc] GC(1034) Concurrent Preclean 0.191ms
[2020-01-29T21:57:20.271+0300][68.309s][info ][gc] GC(1034) Concurrent Abortable Preclean
[2020-01-29T21:57:20.271+0300][68.309s][debug][gc] GC(1034) Concurrent active time: 0.004ms
[2020-01-29T21:57:20.271+0300][68.309s][info ][gc] GC(1034) Concurrent Abortable Preclean 0.030ms
[2020-01-29T21:57:20.271+0300][68.309s][debug][gc] GC(1034) YG occupancy: 57250 K (78656 K)
[2020-01-29T21:57:20.282+0300][68.320s][info ][gc] GC(1034) Pause Remark 202M->202M(247M) 11.006ms
[2020-01-29T21:57:20.282+0300][68.320s][info ][gc] GC(1034) Concurrent Sweep
[2020-01-29T21:57:20.285+0300][68.323s][info ][gc] GC(1035) Pause Young (Allocation Failure) 200M->200M(247M) 0.041ms
[2020-01-29T21:57:20.351+0300][68.390s][debug][gc] GC(1034) Concurrent active time: 69.474ms
[2020-01-29T21:57:20.351+0300][68.390s][info ][gc] GC(1034) Concurrent Sweep 69.715ms
[2020-01-29T21:57:20.351+0300][68.390s][debug][gc] GC(1036) Concurrent mode failure
[2020-01-29T21:57:20.446+0300][68.485s][info ][gc] GC(1036) Pause Full (Allocation Failure) 200M->70M(247M) 161.721ms
[2020-01-29T21:57:20.523+0300][68.561s][info ][gc] GC(1037) Pause Young (Allocation Failure) 137M->155M(247M) 58.105ms
[2020-01-29T21:57:20.532+0300][68.571s][info ][gc] GC(1038) Pause Initial Mark 174M->174M(247M) 8.811ms
[2020-01-29T21:57:20.532+0300][68.571s][info ][gc] GC(1038) Concurrent Mark
[2020-01-29T21:57:20.536+0300][68.574s][debug][gc] GC(1038) Concurrent active time: 3.043ms
[2020-01-29T21:57:20.536+0300][68.574s][info ][gc] GC(1038) Concurrent Mark 3.103ms
[2020-01-29T21:57:20.536+0300][68.574s][info ][gc] GC(1038) Concurrent Preclean
[2020-01-29T21:57:20.536+0300][68.574s][debug][gc] GC(1038) Concurrent active time: 0.159ms
[2020-01-29T21:57:20.536+0300][68.574s][info ][gc] GC(1038) Concurrent Preclean 0.193ms
[2020-01-29T21:57:20.536+0300][68.574s][info ][gc] GC(1038) Concurrent Abortable Preclean
[2020-01-29T21:57:20.536+0300][68.574s][debug][gc] GC(1038) Concurrent active time: 0.004ms
[2020-01-29T21:57:20.536+0300][68.574s][info ][gc] GC(1038) Concurrent Abortable Preclean 0.030ms
[2020-01-29T21:57:20.536+0300][68.574s][debug][gc] GC(1038) YG occupancy: 57230 K (78656 K)
[2020-01-29T21:57:20.547+0300][68.585s][info ][gc] GC(1038) Pause Remark 202M->202M(247M) 10.992ms
[2020-01-29T21:57:20.547+0300][68.585s][info ][gc] GC(1038) Concurrent Sweep
[2020-01-29T21:57:20.550+0300][68.588s][info ][gc] GC(1039) Pause Young (Allocation Failure) 200M->200M(247M) 0.041ms
[2020-01-29T21:57:20.616+0300][68.654s][debug][gc] GC(1038) Concurrent active time: 68.293ms
[2020-01-29T21:57:20.616+0300][68.654s][info ][gc] GC(1038) Concurrent Sweep 68.533ms
[2020-01-29T21:57:20.616+0300][68.654s][debug][gc] GC(1040) Concurrent mode failure
[2020-01-29T21:57:20.710+0300][68.749s][info ][gc] GC(1040) Pause Full (Allocation Failure) 200M->70M(247M) 161.086ms
[2020-01-29T21:57:20.781+0300][68.820s][info ][gc] GC(1041) Pause Young (Allocation Failure) 137M->155M(247M) 52.774ms
[2020-01-29T21:57:20.791+0300][68.830s][info ][gc] GC(1042) Pause Initial Mark 174M->174M(247M) 8.815ms
[2020-01-29T21:57:20.791+0300][68.830s][info ][gc] GC(1042) Concurrent Mark
[2020-01-29T21:57:20.794+0300][68.833s][debug][gc] GC(1042) Concurrent active time: 3.006ms
[2020-01-29T21:57:20.794+0300][68.833s][info ][gc] GC(1042) Concurrent Mark 3.063ms
[2020-01-29T21:57:20.794+0300][68.833s][info ][gc] GC(1042) Concurrent Preclean
[2020-01-29T21:57:20.794+0300][68.833s][debug][gc] GC(1042) Concurrent active time: 0.155ms
[2020-01-29T21:57:20.794+0300][68.833s][info ][gc] GC(1042) Concurrent Preclean 0.186ms
[2020-01-29T21:57:20.794+0300][68.833s][info ][gc] GC(1042) Concurrent Abortable Preclean
[2020-01-29T21:57:20.794+0300][68.833s][debug][gc] GC(1042) Concurrent active time: 0.004ms
[2020-01-29T21:57:20.794+0300][68.833s][info ][gc] GC(1042) Concurrent Abortable Preclean 0.030ms
[2020-01-29T21:57:20.795+0300][68.833s][debug][gc] GC(1042) YG occupancy: 57241 K (78656 K)
[2020-01-29T21:57:20.806+0300][68.844s][info ][gc] GC(1042) Pause Remark 202M->202M(247M) 10.995ms
[2020-01-29T21:57:20.806+0300][68.844s][info ][gc] GC(1042) Concurrent Sweep
[2020-01-29T21:57:20.808+0300][68.847s][info ][gc] GC(1043) Pause Young (Allocation Failure) 200M->200M(247M) 0.039ms
[2020-01-29T21:57:20.877+0300][68.915s][debug][gc] GC(1042) Concurrent active time: 70.583ms
[2020-01-29T21:57:20.877+0300][68.915s][info ][gc] GC(1042) Concurrent Sweep 70.814ms
[2020-01-29T21:57:20.877+0300][68.915s][debug][gc] GC(1044) Concurrent mode failure
[2020-01-29T21:57:20.972+0300][69.010s][info ][gc] GC(1044) Pause Full (Allocation Failure) 200M->70M(247M) 162.843ms
[2020-01-29T21:57:21.042+0300][69.081s][info ][gc] GC(1045) Pause Young (Allocation Failure) 137M->155M(247M) 53.646ms
[2020-01-29T21:57:21.052+0300][69.091s][info ][gc] GC(1046) Pause Initial Mark 174M->174M(247M) 8.825ms
[2020-01-29T21:57:21.052+0300][69.091s][info ][gc] GC(1046) Concurrent Mark
[2020-01-29T21:57:21.055+0300][69.094s][debug][gc] GC(1046) Concurrent active time: 3.060ms
[2020-01-29T21:57:21.055+0300][69.094s][info ][gc] GC(1046) Concurrent Mark 3.118ms
[2020-01-29T21:57:21.055+0300][69.094s][info ][gc] GC(1046) Concurrent Preclean
[2020-01-29T21:57:21.055+0300][69.094s][debug][gc] GC(1046) Concurrent active time: 0.156ms
[2020-01-29T21:57:21.055+0300][69.094s][info ][gc] GC(1046) Concurrent Preclean 0.188ms
[2020-01-29T21:57:21.055+0300][69.094s][info ][gc] GC(1046) Concurrent Abortable Preclean
[2020-01-29T21:57:21.055+0300][69.094s][debug][gc] GC(1046) Concurrent active time: 0.004ms
[2020-01-29T21:57:21.055+0300][69.094s][info ][gc] GC(1046) Concurrent Abortable Preclean 0.030ms
[2020-01-29T21:57:21.055+0300][69.094s][debug][gc] GC(1046) YG occupancy: 57246 K (78656 K)
[2020-01-29T21:57:21.067+0300][69.105s][info ][gc] GC(1046) Pause Remark 202M->202M(247M) 10.998ms
[2020-01-29T21:57:21.067+0300][69.105s][info ][gc] GC(1046) Concurrent Sweep
[2020-01-29T21:57:21.069+0300][69.108s][info ][gc] GC(1047) Pause Young (Allocation Failure) 200M->200M(247M) 0.040ms
[2020-01-29T21:57:21.137+0300][69.175s][debug][gc] GC(1046) Concurrent active time: 69.416ms
[2020-01-29T21:57:21.137+0300][69.175s][info ][gc] GC(1046) Concurrent Sweep 69.649ms
[2020-01-29T21:57:21.137+0300][69.175s][debug][gc] GC(1048) Concurrent mode failure
[2020-01-29T21:57:21.231+0300][69.269s][info ][gc] GC(1048) Pause Full (Allocation Failure) 200M->70M(247M) 161.234ms
[2020-01-29T21:57:21.304+0300][69.342s][info ][gc] GC(1049) Pause Young (Allocation Failure) 137M->155M(247M) 54.269ms
[2020-01-29T21:57:21.314+0300][69.352s][info ][gc] GC(1050) Pause Initial Mark 174M->174M(247M) 8.837ms
[2020-01-29T21:57:21.314+0300][69.352s][info ][gc] GC(1050) Concurrent Mark
[2020-01-29T21:57:21.316+0300][69.355s][debug][gc] GC(1050) Concurrent active time: 3.024ms
[2020-01-29T21:57:21.316+0300][69.355s][info ][gc] GC(1050) Concurrent Mark 3.079ms
[2020-01-29T21:57:21.316+0300][69.355s][info ][gc] GC(1050) Concurrent Preclean
[2020-01-29T21:57:21.316+0300][69.355s][debug][gc] GC(1050) Concurrent active time: 0.156ms
[2020-01-29T21:57:21.316+0300][69.355s][info ][gc] GC(1050) Concurrent Preclean 0.187ms
[2020-01-29T21:57:21.317+0300][69.355s][info ][gc] GC(1050) Concurrent Abortable Preclean
[2020-01-29T21:57:21.317+0300][69.355s][debug][gc] GC(1050) Concurrent active time: 0.004ms
[2020-01-29T21:57:21.317+0300][69.355s][info ][gc] GC(1050) Concurrent Abortable Preclean 0.030ms
[2020-01-29T21:57:21.317+0300][69.355s][debug][gc] GC(1050) YG occupancy: 57248 K (78656 K)
[2020-01-29T21:57:21.328+0300][69.366s][info ][gc] GC(1050) Pause Remark 202M->202M(247M) 11.100ms
[2020-01-29T21:57:21.328+0300][69.367s][info ][gc] GC(1050) Concurrent Sweep
[2020-01-29T21:57:21.330+0300][69.369s][info ][gc] GC(1051) Pause Young (Allocation Failure) 200M->200M(247M) 0.040ms
[2020-01-29T21:57:21.398+0300][69.436s][debug][gc] GC(1050) Concurrent active time: 69.415ms
[2020-01-29T21:57:21.398+0300][69.436s][info ][gc] GC(1050) Concurrent Sweep 69.658ms
[2020-01-29T21:57:21.398+0300][69.436s][debug][gc] GC(1052) Concurrent mode failure
[2020-01-29T21:57:21.491+0300][69.530s][info ][gc] GC(1052) Pause Full (Allocation Failure) 200M->70M(247M) 161.096ms
[2020-01-29T21:57:21.565+0300][69.604s][info ][gc] GC(1053) Pause Young (Allocation Failure) 137M->155M(247M) 53.216ms
[2020-01-29T21:57:21.575+0300][69.613s][info ][gc] GC(1054) Pause Initial Mark 174M->174M(247M) 8.829ms
[2020-01-29T21:57:21.575+0300][69.613s][info ][gc] GC(1054) Concurrent Mark
[2020-01-29T21:57:21.578+0300][69.616s][debug][gc] GC(1054) Concurrent active time: 3.038ms
[2020-01-29T21:57:21.578+0300][69.616s][info ][gc] GC(1054) Concurrent Mark 3.099ms
[2020-01-29T21:57:21.578+0300][69.616s][info ][gc] GC(1054) Concurrent Preclean
[2020-01-29T21:57:21.578+0300][69.616s][debug][gc] GC(1054) Concurrent active time: 0.158ms
[2020-01-29T21:57:21.578+0300][69.616s][info ][gc] GC(1054) Concurrent Preclean 0.197ms
[2020-01-29T21:57:21.578+0300][69.617s][info ][gc] GC(1054) Concurrent Abortable Preclean
[2020-01-29T21:57:21.578+0300][69.617s][debug][gc] GC(1054) Concurrent active time: 0.004ms
[2020-01-29T21:57:21.578+0300][69.617s][info ][gc] GC(1054) Concurrent Abortable Preclean 0.030ms
[2020-01-29T21:57:21.579+0300][69.617s][debug][gc] GC(1054) YG occupancy: 57229 K (78656 K)
[2020-01-29T21:57:21.590+0300][69.628s][info ][gc] GC(1054) Pause Remark 202M->202M(247M) 10.987ms
[2020-01-29T21:57:21.590+0300][69.628s][info ][gc] GC(1054) Concurrent Sweep
[2020-01-29T21:57:21.592+0300][69.630s][info ][gc] GC(1055) Pause Young (Allocation Failure) 200M->200M(247M) 0.040ms
[2020-01-29T21:57:21.658+0300][69.697s][debug][gc] GC(1054) Concurrent active time: 68.809ms
[2020-01-29T21:57:21.658+0300][69.697s][info ][gc] GC(1054) Concurrent Sweep 69.042ms
[2020-01-29T21:57:21.658+0300][69.697s][debug][gc] GC(1056) Concurrent mode failure
[2020-01-29T21:57:21.754+0300][69.792s][info ][gc] GC(1056) Pause Full (Allocation Failure) 200M->70M(247M) 161.991ms
[2020-01-29T21:57:21.826+0300][69.864s][info ][gc] GC(1057) Pause Young (Allocation Failure) 137M->155M(247M) 53.032ms
[2020-01-29T21:57:21.835+0300][69.874s][info ][gc] GC(1058) Pause Initial Mark 174M->174M(247M) 8.817ms
[2020-01-29T21:57:21.835+0300][69.874s][info ][gc] GC(1058) Concurrent Mark
[2020-01-29T21:57:21.838+0300][69.877s][debug][gc] GC(1058) Concurrent active time: 3.040ms
[2020-01-29T21:57:21.838+0300][69.877s][info ][gc] GC(1058) Concurrent Mark 3.100ms
[2020-01-29T21:57:21.839+0300][69.877s][info ][gc] GC(1058) Concurrent Preclean
[2020-01-29T21:57:21.839+0300][69.877s][debug][gc] GC(1058) Concurrent active time: 0.155ms
[2020-01-29T21:57:21.839+0300][69.877s][info ][gc] GC(1058) Concurrent Preclean 0.184ms
[2020-01-29T21:57:21.839+0300][69.877s][info ][gc] GC(1058) Concurrent Abortable Preclean
[2020-01-29T21:57:21.839+0300][69.877s][debug][gc] GC(1058) Concurrent active time: 0.004ms
[2020-01-29T21:57:21.839+0300][69.877s][info ][gc] GC(1058) Concurrent Abortable Preclean 0.030ms
[2020-01-29T21:57:21.839+0300][69.877s][debug][gc] GC(1058) YG occupancy: 57241 K (78656 K)
[2020-01-29T21:57:21.850+0300][69.888s][info ][gc] GC(1058) Pause Remark 202M->202M(247M) 10.987ms
[2020-01-29T21:57:21.850+0300][69.888s][info ][gc] GC(1058) Concurrent Sweep
[2020-01-29T21:57:21.853+0300][69.891s][info ][gc] GC(1059) Pause Young (Allocation Failure) 200M->200M(247M) 0.040ms
[2020-01-29T21:57:21.919+0300][69.957s][debug][gc] GC(1058) Concurrent active time: 68.406ms
[2020-01-29T21:57:21.919+0300][69.957s][info ][gc] GC(1058) Concurrent Sweep 68.647ms
[2020-01-29T21:57:21.919+0300][69.957s][debug][gc] GC(1060) Concurrent mode failure
[2020-01-29T21:57:22.013+0300][70.052s][info ][gc] GC(1060) Pause Full (Allocation Failure) 200M->70M(247M) 161.033ms
[2020-01-29T21:57:22.084+0300][70.123s][info ][gc] GC(1061) Pause Young (Allocation Failure) 137M->155M(247M) 52.407ms
[2020-01-29T21:57:22.094+0300][70.133s][info ][gc] GC(1062) Pause Initial Mark 174M->174M(247M) 8.825ms
[2020-01-29T21:57:22.094+0300][70.133s][info ][gc] GC(1062) Concurrent Mark
[2020-01-29T21:57:22.097+0300][70.136s][debug][gc] GC(1062) Concurrent active time: 3.113ms
[2020-01-29T21:57:22.097+0300][70.136s][info ][gc] GC(1062) Concurrent Mark 3.174ms
[2020-01-29T21:57:22.097+0300][70.136s][info ][gc] GC(1062) Concurrent Preclean
[2020-01-29T21:57:22.097+0300][70.136s][debug][gc] GC(1062) Concurrent active time: 0.161ms
[2020-01-29T21:57:22.097+0300][70.136s][info ][gc] GC(1062) Concurrent Preclean 0.193ms
[2020-01-29T21:57:22.097+0300][70.136s][info ][gc] GC(1062) Concurrent Abortable Preclean
[2020-01-29T21:57:22.097+0300][70.136s][debug][gc] GC(1062) Concurrent active time: 0.004ms
[2020-01-29T21:57:22.097+0300][70.136s][info ][gc] GC(1062) Concurrent Abortable Preclean 0.030ms
[2020-01-29T21:57:22.097+0300][70.136s][debug][gc] GC(1062) YG occupancy: 57246 K (78656 K)
[2020-01-29T21:57:22.108+0300][70.147s][info ][gc] GC(1062) Pause Remark 202M->202M(247M) 10.961ms
[2020-01-29T21:57:22.108+0300][70.147s][info ][gc] GC(1062) Concurrent Sweep
[2020-01-29T21:57:22.111+0300][70.150s][info ][gc] GC(1063) Pause Young (Allocation Failure) 200M->200M(247M) 0.039ms
[2020-01-29T21:57:22.179+0300][70.217s][debug][gc] GC(1062) Concurrent active time: 69.709ms
[2020-01-29T21:57:22.179+0300][70.217s][info ][gc] GC(1062) Concurrent Sweep 69.947ms
[2020-01-29T21:57:22.179+0300][70.217s][debug][gc] GC(1064) Concurrent mode failure
[2020-01-29T21:57:22.274+0300][70.312s][info ][gc] GC(1064) Pause Full (Allocation Failure) 200M->70M(247M) 162.107ms
[2020-01-29T21:57:22.346+0300][70.384s][info ][gc] GC(1065) Pause Young (Allocation Failure) 137M->155M(247M) 52.954ms
[2020-01-29T21:57:22.356+0300][70.394s][info ][gc] GC(1066) Pause Initial Mark 174M->174M(247M) 8.850ms
[2020-01-29T21:57:22.356+0300][70.394s][info ][gc] GC(1066) Concurrent Mark
[2020-01-29T21:57:22.359+0300][70.397s][debug][gc] GC(1066) Concurrent active time: 3.019ms
[2020-01-29T21:57:22.359+0300][70.397s][info ][gc] GC(1066) Concurrent Mark 3.073ms
[2020-01-29T21:57:22.359+0300][70.397s][info ][gc] GC(1066) Concurrent Preclean
[2020-01-29T21:57:22.359+0300][70.397s][debug][gc] GC(1066) Concurrent active time: 0.157ms
[2020-01-29T21:57:22.359+0300][70.397s][info ][gc] GC(1066) Concurrent Preclean 0.188ms
[2020-01-29T21:57:22.359+0300][70.397s][info ][gc] GC(1066) Concurrent Abortable Preclean
[2020-01-29T21:57:22.359+0300][70.397s][debug][gc] GC(1066) Concurrent active time: 0.004ms
[2020-01-29T21:57:22.359+0300][70.397s][info ][gc] GC(1066) Concurrent Abortable Preclean 0.030ms
[2020-01-29T21:57:22.359+0300][70.397s][debug][gc] GC(1066) YG occupancy: 57248 K (78656 K)
[2020-01-29T21:57:22.369+0300][70.408s][info ][gc] GC(1066) Pause Remark 202M->202M(247M) 11.183ms
[2020-01-29T21:57:22.369+0300][70.408s][info ][gc] GC(1066) Concurrent Sweep
[2020-01-29T21:57:22.372+0300][70.411s][info ][gc] GC(1067) Pause Young (Allocation Failure) 200M->200M(247M) 0.041ms
[2020-01-29T21:57:22.439+0300][70.477s][debug][gc] GC(1066) Concurrent active time: 68.703ms
[2020-01-29T21:57:22.439+0300][70.477s][info ][gc] GC(1066) Concurrent Sweep 68.950ms
[2020-01-29T21:57:22.439+0300][70.477s][debug][gc] GC(1068) Concurrent mode failure
[2020-01-29T21:57:22.534+0300][70.572s][info ][gc] GC(1068) Pause Full (Allocation Failure) 200M->70M(247M) 161.150ms
[2020-01-29T21:57:22.606+0300][70.644s][info ][gc] GC(1069) Pause Young (Allocation Failure) 137M->155M(247M) 52.941ms
[2020-01-29T21:57:22.615+0300][70.654s][info ][gc] GC(1070) Pause Initial Mark 174M->174M(247M) 8.839ms
[2020-01-29T21:57:22.615+0300][70.654s][info ][gc] GC(1070) Concurrent Mark
[2020-01-29T21:57:22.619+0300][70.657s][debug][gc] GC(1070) Concurrent active time: 3.141ms
[2020-01-29T21:57:22.619+0300][70.657s][info ][gc] GC(1070) Concurrent Mark 3.204ms
[2020-01-29T21:57:22.619+0300][70.657s][info ][gc] GC(1070) Concurrent Preclean
[2020-01-29T21:57:22.619+0300][70.658s][debug][gc] GC(1070) Concurrent active time: 0.155ms
[2020-01-29T21:57:22.619+0300][70.658s][info ][gc] GC(1070) Concurrent Preclean 0.189ms
[2020-01-29T21:57:22.619+0300][70.658s][info ][gc] GC(1070) Concurrent Abortable Preclean
[2020-01-29T21:57:22.619+0300][70.658s][debug][gc] GC(1070) Concurrent active time: 0.004ms
[2020-01-29T21:57:22.619+0300][70.658s][info ][gc] GC(1070) Concurrent Abortable Preclean 0.032ms
[2020-01-29T21:57:22.619+0300][70.658s][debug][gc] GC(1070) YG occupancy: 57229 K (78656 K)
[2020-01-29T21:57:22.630+0300][70.669s][info ][gc] GC(1070) Pause Remark 202M->202M(247M) 10.988ms
[2020-01-29T21:57:22.630+0300][70.669s][info ][gc] GC(1070) Concurrent Sweep
[2020-01-29T21:57:22.633+0300][70.671s][info ][gc] GC(1071) Pause Young (Allocation Failure) 200M->200M(247M) 0.041ms
[2020-01-29T21:57:22.700+0300][70.739s][debug][gc] GC(1070) Concurrent active time: 69.635ms
[2020-01-29T21:57:22.700+0300][70.739s][info ][gc] GC(1070) Concurrent Sweep 69.875ms
[2020-01-29T21:57:22.700+0300][70.739s][debug][gc] GC(1072) Concurrent mode failure
[2020-01-29T21:57:22.795+0300][70.834s][info ][gc] GC(1072) Pause Full (Allocation Failure) 200M->70M(247M) 162.173ms
[2020-01-29T21:57:22.868+0300][70.906s][info ][gc] GC(1073) Pause Young (Allocation Failure) 137M->155M(247M) 54.636ms
[2020-01-29T21:57:22.878+0300][70.916s][info ][gc] GC(1074) Pause Initial Mark 174M->174M(247M) 8.844ms
[2020-01-29T21:57:22.878+0300][70.916s][info ][gc] GC(1074) Concurrent Mark
[2020-01-29T21:57:22.881+0300][70.919s][debug][gc] GC(1074) Concurrent active time: 3.027ms
[2020-01-29T21:57:22.881+0300][70.919s][info ][gc] GC(1074) Concurrent Mark 3.081ms
[2020-01-29T21:57:22.881+0300][70.919s][info ][gc] GC(1074) Concurrent Preclean
[2020-01-29T21:57:22.881+0300][70.919s][debug][gc] GC(1074) Concurrent active time: 0.156ms
[2020-01-29T21:57:22.881+0300][70.919s][info ][gc] GC(1074) Concurrent Preclean 0.187ms
[2020-01-29T21:57:22.881+0300][70.919s][info ][gc] GC(1074) Concurrent Abortable Preclean
[2020-01-29T21:57:22.881+0300][70.919s][debug][gc] GC(1074) Concurrent active time: 0.004ms
[2020-01-29T21:57:22.881+0300][70.919s][info ][gc] GC(1074) Concurrent Abortable Preclean 0.030ms
[2020-01-29T21:57:22.881+0300][70.920s][debug][gc] GC(1074) YG occupancy: 57240 K (78656 K)
[2020-01-29T21:57:22.892+0300][70.931s][info ][gc] GC(1074) Pause Remark 202M->202M(247M) 10.965ms
[2020-01-29T21:57:22.893+0300][70.931s][info ][gc] GC(1074) Concurrent Sweep
[2020-01-29T21:57:22.895+0300][70.933s][info ][gc] GC(1075) Pause Young (Allocation Failure) 200M->200M(247M) 0.040ms
[2020-01-29T21:57:22.961+0300][70.999s][debug][gc] GC(1074) Concurrent active time: 68.719ms
[2020-01-29T21:57:22.961+0300][71.000s][info ][gc] GC(1074) Concurrent Sweep 68.964ms
[2020-01-29T21:57:22.961+0300][71.000s][debug][gc] GC(1076) Concurrent mode failure
[2020-01-29T21:57:23.056+0300][71.094s][info ][gc] GC(1076) Pause Full (Allocation Failure) 200M->70M(247M) 161.280ms
[2020-01-29T21:57:23.128+0300][71.166s][info ][gc] GC(1077) Pause Young (Allocation Failure) 137M->155M(247M) 53.331ms
[2020-01-29T21:57:23.138+0300][71.176s][info ][gc] GC(1078) Pause Initial Mark 174M->174M(247M) 8.873ms
[2020-01-29T21:57:23.142+0300][71.180s][info ][gc] GC(1078) Concurrent Mark
[2020-01-29T21:57:23.145+0300][71.183s][debug][gc] GC(1078) Concurrent active time: 3.124ms
[2020-01-29T21:57:23.145+0300][71.183s][info ][gc] GC(1078) Concurrent Mark 3.201ms
[2020-01-29T21:57:23.145+0300][71.183s][info ][gc] GC(1078) Concurrent Preclean
[2020-01-29T21:57:23.145+0300][71.183s][debug][gc] GC(1078) Concurrent active time: 0.158ms
[2020-01-29T21:57:23.145+0300][71.183s][info ][gc] GC(1078) Concurrent Preclean 0.191ms
[2020-01-29T21:57:23.145+0300][71.183s][info ][gc] GC(1078) Concurrent Abortable Preclean
[2020-01-29T21:57:23.145+0300][71.183s][debug][gc] GC(1078) Concurrent active time: 0.004ms
[2020-01-29T21:57:23.145+0300][71.183s][info ][gc] GC(1078) Concurrent Abortable Preclean 0.030ms
[2020-01-29T21:57:23.145+0300][71.183s][debug][gc] GC(1078) YG occupancy: 58626 K (78656 K)
[2020-01-29T21:57:23.156+0300][71.195s][info ][gc] GC(1078) Pause Remark 204M->204M(247M) 11.292ms
[2020-01-29T21:57:23.156+0300][71.195s][info ][gc] GC(1078) Concurrent Sweep
[2020-01-29T21:57:23.159+0300][71.197s][info ][gc] GC(1079) Pause Young (Allocation Failure) 200M->200M(247M) 0.044ms
[2020-01-29T21:57:23.225+0300][71.264s][debug][gc] GC(1078) Concurrent active time: 69.399ms
[2020-01-29T21:57:23.225+0300][71.264s][info ][gc] GC(1078) Concurrent Sweep 69.714ms
[2020-01-29T21:57:23.225+0300][71.265s][debug][gc] GC(1080) Concurrent mode failure
[2020-01-29T21:57:23.319+0300][71.359s][info ][gc] GC(1080) Pause Full (Allocation Failure) 200M->70M(247M) 161.515ms
[2020-01-29T21:57:23.405+0300][71.446s][info ][gc] GC(1081) Pause Young (Allocation Failure) 137M->155M(247M) 53.034ms
[2020-01-29T21:57:23.417+0300][71.455s][info ][gc] GC(1082) Pause Initial Mark 174M->174M(247M) 8.854ms
[2020-01-29T21:57:23.417+0300][71.455s][info ][gc] GC(1082) Concurrent Mark
[2020-01-29T21:57:23.420+0300][71.458s][debug][gc] GC(1082) Concurrent active time: 3.036ms
[2020-01-29T21:57:23.420+0300][71.458s][info ][gc] GC(1082) Concurrent Mark 3.095ms
[2020-01-29T21:57:23.420+0300][71.458s][info ][gc] GC(1082) Concurrent Preclean
[2020-01-29T21:57:23.420+0300][71.459s][debug][gc] GC(1082) Concurrent active time: 0.157ms
[2020-01-29T21:57:23.420+0300][71.459s][info ][gc] GC(1082) Concurrent Preclean 0.189ms
[2020-01-29T21:57:23.420+0300][71.459s][info ][gc] GC(1082) Concurrent Abortable Preclean
[2020-01-29T21:57:23.420+0300][71.459s][debug][gc] GC(1082) Concurrent active time: 0.004ms
[2020-01-29T21:57:23.420+0300][71.459s][info ][gc] GC(1082) Concurrent Abortable Preclean 0.031ms
[2020-01-29T21:57:23.420+0300][71.459s][debug][gc] GC(1082) YG occupancy: 57250 K (78656 K)
[2020-01-29T21:57:23.427+0300][71.470s][info ][gc] GC(1082) Pause Remark 202M->202M(247M) 10.964ms
[2020-01-29T21:57:23.427+0300][71.470s][info ][gc] GC(1082) Concurrent Sweep
[2020-01-29T21:57:23.434+0300][71.472s][info ][gc] GC(1083) Pause Young (Allocation Failure) 200M->200M(247M) 0.050ms
[2020-01-29T21:57:23.500+0300][71.539s][debug][gc] GC(1082) Concurrent active time: 68.586ms
[2020-01-29T21:57:23.500+0300][71.539s][info ][gc] GC(1082) Concurrent Sweep 68.838ms
[2020-01-29T21:57:23.500+0300][71.539s][debug][gc] GC(1084) Concurrent mode failure
[2020-01-29T21:57:23.595+0300][71.634s][info ][gc] GC(1084) Pause Full (Allocation Failure) 200M->70M(247M) 161.221ms
[2020-01-29T21:57:23.695+0300][71.736s][info ][gc] GC(1085) Pause Young (Allocation Failure) 137M->155M(247M) 73.229ms
[2020-01-29T21:57:23.707+0300][71.745s][info ][gc] GC(1086) Pause Initial Mark 174M->174M(247M) 8.832ms
[2020-01-29T21:57:23.707+0300][71.745s][info ][gc] GC(1086) Concurrent Mark
[2020-01-29T21:57:23.710+0300][71.748s][debug][gc] GC(1086) Concurrent active time: 3.014ms
[2020-01-29T21:57:23.710+0300][71.748s][info ][gc] GC(1086) Concurrent Mark 3.067ms
[2020-01-29T21:57:23.710+0300][71.748s][info ][gc] GC(1086) Concurrent Preclean
[2020-01-29T21:57:23.710+0300][71.749s][debug][gc] GC(1086) Concurrent active time: 0.156ms
[2020-01-29T21:57:23.710+0300][71.749s][info ][gc] GC(1086) Concurrent Preclean 0.187ms
[2020-01-29T21:57:23.710+0300][71.749s][info ][gc] GC(1086) Concurrent Abortable Preclean
[2020-01-29T21:57:23.710+0300][71.749s][debug][gc] GC(1086) Concurrent active time: 0.002ms
[2020-01-29T21:57:23.710+0300][71.749s][info ][gc] GC(1086) Concurrent Abortable Preclean 0.029ms
[2020-01-29T21:57:23.711+0300][71.749s][debug][gc] GC(1086) YG occupancy: 57230 K (78656 K)
[2020-01-29T21:57:23.722+0300][71.760s][info ][gc] GC(1086) Pause Remark 202M->202M(247M) 10.988ms
[2020-01-29T21:57:23.722+0300][71.760s][info ][gc] GC(1086) Concurrent Sweep
[2020-01-29T21:57:23.724+0300][71.762s][info ][gc] GC(1087) Pause Young (Allocation Failure) 200M->200M(247M) 0.041ms
[2020-01-29T21:57:23.789+0300][71.829s][debug][gc] GC(1086) Concurrent active time: 69.060ms
[2020-01-29T21:57:23.789+0300][71.829s][info ][gc] GC(1086) Concurrent Sweep 69.306ms
[2020-01-29T21:57:23.789+0300][71.829s][debug][gc] GC(1088) Concurrent mode failure
[2020-01-29T21:57:23.884+0300][71.924s][info ][gc] GC(1088) Pause Full (Allocation Failure) 200M->70M(247M) 161.725ms
[2020-01-29T21:57:23.960+0300][72.001s][info ][gc] GC(1089) Pause Young (Allocation Failure) 137M->155M(247M) 53.355ms
[2020-01-29T21:57:23.971+0300][72.011s][info ][gc] GC(1090) Pause Initial Mark 174M->174M(247M) 8.821ms
[2020-01-29T21:57:23.971+0300][72.011s][info ][gc] GC(1090) Concurrent Mark
[2020-01-29T21:57:23.975+0300][72.014s][debug][gc] GC(1090) Concurrent active time: 3.053ms
[2020-01-29T21:57:23.975+0300][72.014s][info ][gc] GC(1090) Concurrent Mark 3.109ms
[2020-01-29T21:57:23.975+0300][72.014s][info ][gc] GC(1090) Concurrent Preclean
[2020-01-29T21:57:23.975+0300][72.014s][debug][gc] GC(1090) Concurrent active time: 0.157ms
[2020-01-29T21:57:23.975+0300][72.014s][info ][gc] GC(1090) Concurrent Preclean 0.189ms
[2020-01-29T21:57:23.975+0300][72.014s][info ][gc] GC(1090) Concurrent Abortable Preclean
[2020-01-29T21:57:23.975+0300][72.014s][debug][gc] GC(1090) Concurrent active time: 0.004ms
[2020-01-29T21:57:23.975+0300][72.014s][info ][gc] GC(1090) Concurrent Abortable Preclean 0.034ms
[2020-01-29T21:57:23.975+0300][72.014s][debug][gc] GC(1090) YG occupancy: 57242 K (78656 K)
[2020-01-29T21:57:23.985+0300][72.025s][info ][gc] GC(1090) Pause Remark 202M->202M(247M) 11.105ms
[2020-01-29T21:57:23.985+0300][72.025s][info ][gc] GC(1090) Concurrent Sweep
[2020-01-29T21:57:23.990+0300][72.028s][info ][gc] GC(1091) Pause Young (Allocation Failure) 200M->200M(247M) 0.040ms
[2020-01-29T21:57:24.055+0300][72.094s][debug][gc] GC(1090) Concurrent active time: 68.561ms
[2020-01-29T21:57:24.055+0300][72.094s][info ][gc] GC(1090) Concurrent Sweep 68.795ms
[2020-01-29T21:57:24.055+0300][72.094s][debug][gc] GC(1092) Concurrent mode failure
[2020-01-29T21:57:24.151+0300][72.190s][info ][gc] GC(1092) Pause Full (Allocation Failure) 200M->70M(247M) 161.735ms
[2020-01-29T21:57:24.222+0300][72.261s][info ][gc] GC(1093) Pause Young (Allocation Failure) 137M->155M(247M) 53.072ms
[2020-01-29T21:57:24.231+0300][72.270s][info ][gc] GC(1094) Pause Initial Mark 174M->174M(247M) 8.817ms
[2020-01-29T21:57:24.231+0300][72.270s][info ][gc] GC(1094) Concurrent Mark
[2020-01-29T21:57:24.235+0300][72.273s][debug][gc] GC(1094) Concurrent active time: 3.032ms
[2020-01-29T21:57:24.235+0300][72.273s][info ][gc] GC(1094) Concurrent Mark 3.087ms
[2020-01-29T21:57:24.235+0300][72.274s][info ][gc] GC(1094) Concurrent Preclean
[2020-01-29T21:57:24.235+0300][72.274s][debug][gc] GC(1094) Concurrent active time: 0.159ms
[2020-01-29T21:57:24.235+0300][72.274s][info ][gc] GC(1094) Concurrent Preclean 0.189ms
[2020-01-29T21:57:24.235+0300][72.274s][info ][gc] GC(1094) Concurrent Abortable Preclean
[2020-01-29T21:57:24.235+0300][72.274s][debug][gc] GC(1094) Concurrent active time: 0.003ms
[2020-01-29T21:57:24.235+0300][72.274s][info ][gc] GC(1094) Concurrent Abortable Preclean 0.030ms
[2020-01-29T21:57:24.235+0300][72.274s][debug][gc] GC(1094) YG occupancy: 57247 K (78656 K)
[2020-01-29T21:57:24.246+0300][72.285s][info ][gc] GC(1094) Pause Remark 202M->202M(247M) 10.988ms
[2020-01-29T21:57:24.246+0300][72.285s][info ][gc] GC(1094) Concurrent Sweep
[2020-01-29T21:57:24.249+0300][72.287s][info ][gc] GC(1095) Pause Young (Allocation Failure) 200M->200M(247M) 0.040ms
[2020-01-29T21:57:24.316+0300][72.354s][debug][gc] GC(1094) Concurrent active time: 69.198ms
[2020-01-29T21:57:24.316+0300][72.354s][info ][gc] GC(1094) Concurrent Sweep 69.430ms
[2020-01-29T21:57:24.316+0300][72.354s][debug][gc] GC(1096) Concurrent mode failure
[2020-01-29T21:57:24.411+0300][72.449s][info ][gc] GC(1096) Pause Full (Allocation Failure) 200M->70M(247M) 161.828ms
[2020-01-29T21:57:24.482+0300][72.521s][info ][gc] GC(1097) Pause Young (Allocation Failure) 137M->155M(247M) 52.624ms
[2020-01-29T21:57:24.492+0300][72.530s][info ][gc] GC(1098) Pause Initial Mark 174M->174M(247M) 8.833ms
[2020-01-29T21:57:24.494+0300][72.532s][info ][gc] GC(1098) Concurrent Mark
[2020-01-29T21:57:24.497+0300][72.535s][debug][gc] GC(1098) Concurrent active time: 3.174ms
[2020-01-29T21:57:24.497+0300][72.535s][info ][gc] GC(1098) Concurrent Mark 3.257ms
[2020-01-29T21:57:24.497+0300][72.535s][info ][gc] GC(1098) Concurrent Preclean
[2020-01-29T21:57:24.497+0300][72.535s][debug][gc] GC(1098) Concurrent active time: 0.178ms
[2020-01-29T21:57:24.497+0300][72.535s][info ][gc] GC(1098) Concurrent Preclean 0.211ms
[2020-01-29T21:57:24.497+0300][72.535s][info ][gc] GC(1098) Concurrent Abortable Preclean
[2020-01-29T21:57:24.497+0300][72.535s][debug][gc] GC(1098) Concurrent active time: 0.004ms
[2020-01-29T21:57:24.497+0300][72.535s][info ][gc] GC(1098) Concurrent Abortable Preclean 0.031ms
[2020-01-29T21:57:24.497+0300][72.535s][debug][gc] GC(1098) YG occupancy: 56005 K (78656 K)
[2020-01-29T21:57:24.513+0300][72.551s][info ][gc] GC(1098) Pause Remark 201M->201M(247M) 15.345ms
[2020-01-29T21:57:24.513+0300][72.551s][info ][gc] GC(1098) Concurrent Sweep
[2020-01-29T21:57:24.516+0300][72.554s][info ][gc] GC(1099) Pause Young (Allocation Failure) 200M->200M(247M) 0.043ms
[2020-01-29T21:57:24.582+0300][72.620s][debug][gc] GC(1098) Concurrent active time: 68.840ms
[2020-01-29T21:57:24.582+0300][72.620s][info ][gc] GC(1098) Concurrent Sweep 69.092ms
[2020-01-29T21:57:24.582+0300][72.620s][debug][gc] GC(1100) Concurrent mode failure
[2020-01-29T21:57:24.676+0300][72.715s][info ][gc] GC(1100) Pause Full (Allocation Failure) 200M->70M(247M) 161.199ms
[2020-01-29T21:57:24.748+0300][72.787s][info ][gc] GC(1101) Pause Young (Allocation Failure) 137M->155M(247M) 53.263ms
[2020-01-29T21:57:24.758+0300][72.796s][info ][gc] GC(1102) Pause Initial Mark 174M->174M(247M) 8.856ms
[2020-01-29T21:57:24.758+0300][72.796s][info ][gc] GC(1102) Concurrent Mark
[2020-01-29T21:57:24.761+0300][72.799s][debug][gc] GC(1102) Concurrent active time: 3.026ms
[2020-01-29T21:57:24.761+0300][72.799s][info ][gc] GC(1102) Concurrent Mark 3.083ms
[2020-01-29T21:57:24.761+0300][72.799s][info ][gc] GC(1102) Concurrent Preclean
[2020-01-29T21:57:24.761+0300][72.800s][debug][gc] GC(1102) Concurrent active time: 0.156ms
[2020-01-29T21:57:24.761+0300][72.800s][info ][gc] GC(1102) Concurrent Preclean 0.188ms
[2020-01-29T21:57:24.761+0300][72.800s][info ][gc] GC(1102) Concurrent Abortable Preclean
[2020-01-29T21:57:24.761+0300][72.800s][debug][gc] GC(1102) Concurrent active time: 0.004ms
[2020-01-29T21:57:24.761+0300][72.800s][info ][gc] GC(1102) Concurrent Abortable Preclean 0.030ms
[2020-01-29T21:57:24.761+0300][72.800s][debug][gc] GC(1102) YG occupancy: 57250 K (78656 K)
[2020-01-29T21:57:24.772+0300][72.811s][info ][gc] GC(1102) Pause Remark 202M->202M(247M) 10.974ms
[2020-01-29T21:57:24.772+0300][72.811s][info ][gc] GC(1102) Concurrent Sweep
[2020-01-29T21:57:24.775+0300][72.813s][info ][gc] GC(1103) Pause Young (Allocation Failure) 202M->202M(247M) 0.040ms
[2020-01-29T21:57:24.841+0300][72.879s][debug][gc] GC(1102) Concurrent active time: 68.522ms
[2020-01-29T21:57:24.841+0300][72.879s][info ][gc] GC(1102) Concurrent Sweep 68.758ms
[2020-01-29T21:57:24.841+0300][72.879s][debug][gc] GC(1104) Concurrent mode failure
[2020-01-29T21:57:24.936+0300][72.974s][info ][gc] GC(1104) Pause Full (Allocation Failure) 202M->70M(247M) 160.811ms
[2020-01-29T21:57:25.008+0300][73.046s][info ][gc] GC(1105) Pause Young (Allocation Failure) 137M->155M(247M) 53.857ms
[2020-01-29T21:57:25.017+0300][73.056s][info ][gc] GC(1106) Pause Initial Mark 174M->174M(247M) 8.813ms
[2020-01-29T21:57:25.017+0300][73.056s][info ][gc] GC(1106) Concurrent Mark
[2020-01-29T21:57:25.020+0300][73.059s][debug][gc] GC(1106) Concurrent active time: 3.010ms
[2020-01-29T21:57:25.020+0300][73.059s][info ][gc] GC(1106) Concurrent Mark 3.066ms
[2020-01-29T21:57:25.020+0300][73.059s][info ][gc] GC(1106) Concurrent Preclean
[2020-01-29T21:57:25.020+0300][73.059s][debug][gc] GC(1106) Concurrent active time: 0.153ms
[2020-01-29T21:57:25.021+0300][73.059s][info ][gc] GC(1106) Concurrent Preclean 0.186ms
[2020-01-29T21:57:25.021+0300][73.059s][info ][gc] GC(1106) Concurrent Abortable Preclean
[2020-01-29T21:57:25.021+0300][73.059s][debug][gc] GC(1106) Concurrent active time: 0.004ms
[2020-01-29T21:57:25.021+0300][73.059s][info ][gc] GC(1106) Concurrent Abortable Preclean 0.032ms
[2020-01-29T21:57:25.021+0300][73.059s][debug][gc] GC(1106) YG occupancy: 57250 K (78656 K)
[2020-01-29T21:57:25.032+0300][73.070s][info ][gc] GC(1106) Pause Remark 202M->202M(247M) 11.008ms
[2020-01-29T21:57:25.032+0300][73.071s][info ][gc] GC(1106) Concurrent Sweep
[2020-01-29T21:57:25.034+0300][73.073s][info ][gc] GC(1107) Pause Young (Allocation Failure) 200M->200M(247M) 0.040ms
[2020-01-29T21:57:25.102+0300][73.140s][debug][gc] GC(1106) Concurrent active time: 69.506ms
[2020-01-29T21:57:25.102+0300][73.140s][info ][gc] GC(1106) Concurrent Sweep 69.751ms
[2020-01-29T21:57:25.102+0300][73.140s][debug][gc] GC(1108) Concurrent mode failure
[2020-01-29T21:57:25.197+0300][73.235s][info ][gc] GC(1108) Pause Full (Allocation Failure) 200M->70M(247M) 161.731ms
[2020-01-29T21:57:25.267+0300][73.306s][info ][gc] GC(1109) Pause Young (Allocation Failure) 137M->155M(247M) 52.643ms
[2020-01-29T21:57:25.277+0300][73.315s][info ][gc] GC(1110) Pause Initial Mark 174M->174M(247M) 8.814ms
[2020-01-29T21:57:25.277+0300][73.315s][info ][gc] GC(1110) Concurrent Mark
[2020-01-29T21:57:25.280+0300][73.318s][debug][gc] GC(1110) Concurrent active time: 3.038ms
[2020-01-29T21:57:25.280+0300][73.318s][info ][gc] GC(1110) Concurrent Mark 3.095ms
[2020-01-29T21:57:25.280+0300][73.318s][info ][gc] GC(1110) Concurrent Preclean
[2020-01-29T21:57:25.280+0300][73.318s][debug][gc] GC(1110) Concurrent active time: 0.155ms
[2020-01-29T21:57:25.280+0300][73.318s][info ][gc] GC(1110) Concurrent Preclean 0.186ms
[2020-01-29T21:57:25.280+0300][73.318s][info ][gc] GC(1110) Concurrent Abortable Preclean
[2020-01-29T21:57:25.280+0300][73.318s][debug][gc] GC(1110) Concurrent active time: 0.004ms
[2020-01-29T21:57:25.280+0300][73.318s][info ][gc] GC(1110) Concurrent Abortable Preclean 0.030ms
[2020-01-29T21:57:25.280+0300][73.319s][debug][gc] GC(1110) YG occupancy: 57250 K (78656 K)
[2020-01-29T21:57:25.291+0300][73.330s][info ][gc] GC(1110) Pause Remark 202M->202M(247M) 10.958ms
[2020-01-29T21:57:25.291+0300][73.330s][info ][gc] GC(1110) Concurrent Sweep
[2020-01-29T21:57:25.294+0300][73.332s][info ][gc] GC(1111) Pause Young (Allocation Failure) 200M->200M(247M) 0.040ms
[2020-01-29T21:57:25.360+0300][73.399s][debug][gc] GC(1110) Concurrent active time: 68.897ms
[2020-01-29T21:57:25.360+0300][73.399s][info ][gc] GC(1110) Concurrent Sweep 69.131ms
[2020-01-29T21:57:25.360+0300][73.399s][debug][gc] GC(1112) Concurrent mode failure
[2020-01-29T21:57:25.455+0300][73.493s][info ][gc] GC(1112) Pause Full (Allocation Failure) 200M->70M(247M) 161.143ms
[2020-01-29T21:57:25.528+0300][73.566s][info ][gc] GC(1113) Pause Young (Allocation Failure) 137M->155M(247M) 54.182ms
[2020-01-29T21:57:25.537+0300][73.575s][info ][gc] GC(1114) Pause Initial Mark 174M->174M(247M) 8.824ms
[2020-01-29T21:57:25.537+0300][73.576s][info ][gc] GC(1114) Concurrent Mark
[2020-01-29T21:57:25.540+0300][73.579s][debug][gc] GC(1114) Concurrent active time: 3.256ms
[2020-01-29T21:57:25.540+0300][73.579s][info ][gc] GC(1114) Concurrent Mark 3.331ms
[2020-01-29T21:57:25.540+0300][73.579s][info ][gc] GC(1114) Concurrent Preclean
[2020-01-29T21:57:25.541+0300][73.579s][debug][gc] GC(1114) Concurrent active time: 0.178ms
[2020-01-29T21:57:25.541+0300][73.579s][info ][gc] GC(1114) Concurrent Preclean 0.216ms
[2020-01-29T21:57:25.541+0300][73.579s][info ][gc] GC(1114) Concurrent Abortable Preclean
[2020-01-29T21:57:25.541+0300][73.579s][debug][gc] GC(1114) Concurrent active time: 0.005ms
[2020-01-29T21:57:25.541+0300][73.579s][info ][gc] GC(1114) Concurrent Abortable Preclean 0.033ms
[2020-01-29T21:57:25.541+0300][73.579s][debug][gc] GC(1114) YG occupancy: 57266 K (78656 K)
[2020-01-29T21:57:25.552+0300][73.590s][info ][gc] GC(1114) Pause Remark 202M->202M(247M) 11.178ms
[2020-01-29T21:57:25.552+0300][73.590s][info ][gc] GC(1114) Concurrent Sweep
[2020-01-29T21:57:25.555+0300][73.594s][info ][gc] GC(1115) Pause Young (Allocation Failure) 200M->200M(247M) 0.044ms
[2020-01-29T21:57:25.622+0300][73.660s][debug][gc] GC(1114) Concurrent active time: 69.439ms
[2020-01-29T21:57:25.622+0300][73.660s][info ][gc] GC(1114) Concurrent Sweep 69.728ms
[2020-01-29T21:57:25.622+0300][73.660s][debug][gc] GC(1116) Concurrent mode failure
[2020-01-29T21:57:25.716+0300][73.755s][info ][gc] GC(1116) Pause Full (Allocation Failure) 200M->70M(247M) 161.334ms
[2020-01-29T21:57:25.787+0300][73.826s][info ][gc] GC(1117) Pause Young (Allocation Failure) 137M->155M(247M) 52.999ms
[2020-01-29T21:57:25.797+0300][73.836s][info ][gc] GC(1118) Pause Initial Mark 174M->174M(247M) 8.814ms
[2020-01-29T21:57:25.797+0300][73.836s][info ][gc] GC(1118) Concurrent Mark
[2020-01-29T21:57:25.800+0300][73.839s][debug][gc] GC(1118) Concurrent active time: 3.015ms
[2020-01-29T21:57:25.800+0300][73.839s][info ][gc] GC(1118) Concurrent Mark 3.075ms
[2020-01-29T21:57:25.800+0300][73.839s][info ][gc] GC(1118) Concurrent Preclean
[2020-01-29T21:57:25.800+0300][73.839s][debug][gc] GC(1118) Concurrent active time: 0.155ms
[2020-01-29T21:57:25.800+0300][73.839s][info ][gc] GC(1118) Concurrent Preclean 0.186ms
[2020-01-29T21:57:25.800+0300][73.839s][info ][gc] GC(1118) Concurrent Abortable Preclean
[2020-01-29T21:57:25.800+0300][73.839s][debug][gc] GC(1118) Concurrent active time: 0.004ms
[2020-01-29T21:57:25.800+0300][73.839s][info ][gc] GC(1118) Concurrent Abortable Preclean 0.030ms
[2020-01-29T21:57:25.800+0300][73.839s][debug][gc] GC(1118) YG occupancy: 57243 K (78656 K)
[2020-01-29T21:57:25.811+0300][73.850s][info ][gc] GC(1118) Pause Remark 202M->202M(247M) 11.000ms
[2020-01-29T21:57:25.811+0300][73.850s][info ][gc] GC(1118) Concurrent Sweep
[2020-01-29T21:57:25.814+0300][73.853s][info ][gc] GC(1119) Pause Young (Allocation Failure) 200M->200M(247M) 0.041ms
[2020-01-29T21:57:25.882+0300][73.920s][debug][gc] GC(1118) Concurrent active time: 69.389ms
[2020-01-29T21:57:25.882+0300][73.920s][info ][gc] GC(1118) Concurrent Sweep 69.622ms
[2020-01-29T21:57:25.882+0300][73.920s][debug][gc] GC(1120) Concurrent mode failure
[2020-01-29T21:57:25.975+0300][74.014s][info ][gc] GC(1120) Pause Full (Allocation Failure) 200M->70M(247M) 161.272ms
[2020-01-29T21:57:26.048+0300][74.086s][info ][gc] GC(1121) Pause Young (Allocation Failure) 137M->155M(247M) 54.121ms
[2020-01-29T21:57:26.057+0300][74.096s][info ][gc] GC(1122) Pause Initial Mark 174M->174M(247M) 8.811ms
[2020-01-29T21:57:26.057+0300][74.096s][info ][gc] GC(1122) Concurrent Mark
[2020-01-29T21:57:26.061+0300][74.099s][debug][gc] GC(1122) Concurrent active time: 3.036ms
[2020-01-29T21:57:26.061+0300][74.099s][info ][gc] GC(1122) Concurrent Mark 3.093ms
[2020-01-29T21:57:26.061+0300][74.099s][info ][gc] GC(1122) Concurrent Preclean
[2020-01-29T21:57:26.061+0300][74.099s][debug][gc] GC(1122) Concurrent active time: 0.154ms
[2020-01-29T21:57:26.061+0300][74.099s][info ][gc] GC(1122) Concurrent Preclean 0.185ms
[2020-01-29T21:57:26.061+0300][74.099s][info ][gc] GC(1122) Concurrent Abortable Preclean
[2020-01-29T21:57:26.061+0300][74.099s][debug][gc] GC(1122) Concurrent active time: 0.004ms
[2020-01-29T21:57:26.061+0300][74.099s][info ][gc] GC(1122) Concurrent Abortable Preclean 0.030ms
[2020-01-29T21:57:26.061+0300][74.099s][debug][gc] GC(1122) YG occupancy: 57247 K (78656 K)
[2020-01-29T21:57:26.072+0300][74.110s][info ][gc] GC(1122) Pause Remark 202M->202M(247M) 10.974ms
[2020-01-29T21:57:26.072+0300][74.110s][info ][gc] GC(1122) Concurrent Sweep
[2020-01-29T21:57:26.075+0300][74.113s][info ][gc] GC(1123) Pause Young (Allocation Failure) 200M->200M(247M) 0.042ms
[2020-01-29T21:57:26.141+0300][74.180s][debug][gc] GC(1122) Concurrent active time: 69.032ms
[2020-01-29T21:57:26.141+0300][74.180s][info ][gc] GC(1122) Concurrent Sweep 69.289ms
[2020-01-29T21:57:26.141+0300][74.180s][debug][gc] GC(1124) Concurrent mode failure
[2020-01-29T21:57:26.237+0300][74.275s][info ][gc] GC(1124) Pause Full (Allocation Failure) 200M->70M(247M) 161.736ms
[2020-01-29T21:57:26.308+0300][74.347s][info ][gc] GC(1125) Pause Young (Allocation Failure) 137M->155M(247M) 53.215ms
[2020-01-29T21:57:26.318+0300][74.357s][info ][gc] GC(1126) Pause Initial Mark 174M->174M(247M) 8.820ms
[2020-01-29T21:57:26.318+0300][74.357s][info ][gc] GC(1126) Concurrent Mark
[2020-01-29T21:57:26.321+0300][74.360s][debug][gc] GC(1126) Concurrent active time: 3.058ms
[2020-01-29T21:57:26.321+0300][74.360s][info ][gc] GC(1126) Concurrent Mark 3.118ms
[2020-01-29T21:57:26.321+0300][74.360s][info ][gc] GC(1126) Concurrent Preclean
[2020-01-29T21:57:26.321+0300][74.360s][debug][gc] GC(1126) Concurrent active time: 0.158ms
[2020-01-29T21:57:26.321+0300][74.360s][info ][gc] GC(1126) Concurrent Preclean 0.190ms
[2020-01-29T21:57:26.321+0300][74.360s][info ][gc] GC(1126) Concurrent Abortable Preclean
[2020-01-29T21:57:26.321+0300][74.360s][debug][gc] GC(1126) Concurrent active time: 0.004ms
[2020-01-29T21:57:26.321+0300][74.360s][info ][gc] GC(1126) Concurrent Abortable Preclean 0.035ms
[2020-01-29T21:57:26.321+0300][74.360s][debug][gc] GC(1126) YG occupancy: 57248 K (78656 K)
[2020-01-29T21:57:26.332+0300][74.371s][info ][gc] GC(1126) Pause Remark 202M->202M(247M) 10.982ms
[2020-01-29T21:57:26.332+0300][74.371s][info ][gc] GC(1126) Concurrent Sweep
[2020-01-29T21:57:26.335+0300][74.374s][info ][gc] GC(1127) Pause Young (Allocation Failure) 200M->200M(247M) 0.041ms
[2020-01-29T21:57:26.402+0300][74.441s][debug][gc] GC(1126) Concurrent active time: 69.206ms
[2020-01-29T21:57:26.402+0300][74.441s][info ][gc] GC(1126) Concurrent Sweep 69.446ms
[2020-01-29T21:57:26.402+0300][74.441s][debug][gc] GC(1128) Concurrent mode failure
[2020-01-29T21:57:26.497+0300][74.536s][info ][gc] GC(1128) Pause Full (Allocation Failure) 200M->70M(247M) 161.928ms
[2020-01-29T21:57:26.571+0300][74.609s][info ][gc] GC(1129) Pause Young (Allocation Failure) 137M->155M(247M) 53.843ms
[2020-01-29T21:57:26.580+0300][74.618s][info ][gc] GC(1130) Pause Initial Mark 174M->174M(247M) 8.814ms
[2020-01-29T21:57:26.580+0300][74.618s][info ][gc] GC(1130) Concurrent Mark
[2020-01-29T21:57:26.583+0300][74.621s][debug][gc] GC(1130) Concurrent active time: 3.031ms
[2020-01-29T21:57:26.583+0300][74.621s][info ][gc] GC(1130) Concurrent Mark 3.086ms
[2020-01-29T21:57:26.583+0300][74.621s][info ][gc] GC(1130) Concurrent Preclean
[2020-01-29T21:57:26.583+0300][74.622s][debug][gc] GC(1130) Concurrent active time: 0.154ms
[2020-01-29T21:57:26.583+0300][74.622s][info ][gc] GC(1130) Concurrent Preclean 0.183ms
[2020-01-29T21:57:26.583+0300][74.622s][info ][gc] GC(1130) Concurrent Abortable Preclean
[2020-01-29T21:57:26.584+0300][74.622s][debug][gc] GC(1130) Concurrent active time: 0.005ms
[2020-01-29T21:57:26.584+0300][74.622s][info ][gc] GC(1130) Concurrent Abortable Preclean 0.032ms
[2020-01-29T21:57:26.584+0300][74.622s][debug][gc] GC(1130) YG occupancy: 57229 K (78656 K)
[2020-01-29T21:57:26.595+0300][74.633s][info ][gc] GC(1130) Pause Remark 202M->202M(247M) 11.223ms
[2020-01-29T21:57:26.595+0300][74.633s][info ][gc] GC(1130) Concurrent Sweep
[2020-01-29T21:57:26.598+0300][74.636s][info ][gc] GC(1131) Pause Young (Allocation Failure) 200M->200M(247M) 0.041ms
[2020-01-29T21:57:26.664+0300][74.703s][debug][gc] GC(1130) Concurrent active time: 69.598ms
[2020-01-29T21:57:26.664+0300][74.703s][info ][gc] GC(1130) Concurrent Sweep 69.842ms
[2020-01-29T21:57:26.664+0300][74.703s][debug][gc] GC(1132) Concurrent mode failure
[2020-01-29T21:57:26.759+0300][74.798s][info ][gc] GC(1132) Pause Full (Allocation Failure) 200M->70M(247M) 162.123ms
[2020-01-29T21:57:26.831+0300][74.869s][info ][gc] GC(1133) Pause Young (Allocation Failure) 137M->155M(247M) 52.825ms
[2020-01-29T21:57:26.840+0300][74.879s][info ][gc] GC(1134) Pause Initial Mark 174M->174M(247M) 8.825ms
[2020-01-29T21:57:26.840+0300][74.879s][info ][gc] GC(1134) Concurrent Mark
[2020-01-29T21:57:26.843+0300][74.882s][debug][gc] GC(1134) Concurrent active time: 3.020ms
[2020-01-29T21:57:26.843+0300][74.882s][info ][gc] GC(1134) Concurrent Mark 3.074ms
[2020-01-29T21:57:26.843+0300][74.882s][info ][gc] GC(1134) Concurrent Preclean
[2020-01-29T21:57:26.843+0300][74.882s][debug][gc] GC(1134) Concurrent active time: 0.155ms
[2020-01-29T21:57:26.843+0300][74.882s][info ][gc] GC(1134) Concurrent Preclean 0.187ms
[2020-01-29T21:57:26.843+0300][74.882s][info ][gc] GC(1134) Concurrent Abortable Preclean
[2020-01-29T21:57:26.843+0300][74.882s][debug][gc] GC(1134) Concurrent active time: 0.003ms
[2020-01-29T21:57:26.844+0300][74.882s][info ][gc] GC(1134) Concurrent Abortable Preclean 0.031ms
[2020-01-29T21:57:26.844+0300][74.882s][debug][gc] GC(1134) YG occupancy: 57241 K (78656 K)
[2020-01-29T21:57:26.855+0300][74.893s][info ][gc] GC(1134) Pause Remark 202M->202M(247M) 11.035ms
[2020-01-29T21:57:26.855+0300][74.893s][info ][gc] GC(1134) Concurrent Sweep
[2020-01-29T21:57:26.857+0300][74.896s][info ][gc] GC(1135) Pause Young (Allocation Failure) 200M->200M(247M) 0.041ms
[2020-01-29T21:57:26.925+0300][74.963s][debug][gc] GC(1134) Concurrent active time: 69.952ms
[2020-01-29T21:57:26.925+0300][74.963s][info ][gc] GC(1134) Concurrent Sweep 70.199ms
[2020-01-29T21:57:26.925+0300][74.963s][debug][gc] GC(1136) Concurrent mode failure
[2020-01-29T21:57:27.021+0300][75.059s][info ][gc] GC(1136) Pause Full (Allocation Failure) 200M->70M(247M) 162.989ms
[2020-01-29T21:57:27.092+0300][75.131s][info ][gc] GC(1137) Pause Young (Allocation Failure) 137M->155M(247M) 53.081ms
[2020-01-29T21:57:27.102+0300][75.140s][info ][gc] GC(1138) Pause Initial Mark 174M->174M(247M) 8.864ms
[2020-01-29T21:57:27.102+0300][75.141s][info ][gc] GC(1138) Concurrent Mark
[2020-01-29T21:57:27.105+0300][75.144s][debug][gc] GC(1138) Concurrent active time: 3.065ms
[2020-01-29T21:57:27.105+0300][75.144s][info ][gc] GC(1138) Concurrent Mark 3.124ms
[2020-01-29T21:57:27.105+0300][75.144s][info ][gc] GC(1138) Concurrent Preclean
[2020-01-29T21:57:27.105+0300][75.144s][debug][gc] GC(1138) Concurrent active time: 0.159ms
[2020-01-29T21:57:27.105+0300][75.144s][info ][gc] GC(1138) Concurrent Preclean 0.191ms
[2020-01-29T21:57:27.105+0300][75.144s][info ][gc] GC(1138) Concurrent Abortable Preclean
[2020-01-29T21:57:27.105+0300][75.144s][debug][gc] GC(1138) Concurrent active time: 0.004ms
[2020-01-29T21:57:27.105+0300][75.144s][info ][gc] GC(1138) Concurrent Abortable Preclean 0.031ms
[2020-01-29T21:57:27.105+0300][75.144s][debug][gc] GC(1138) YG occupancy: 57246 K (78656 K)
[2020-01-29T21:57:27.116+0300][75.155s][info ][gc] GC(1138) Pause Remark 202M->202M(247M) 10.986ms
[2020-01-29T21:57:27.116+0300][75.155s][info ][gc] GC(1138) Concurrent Sweep
[2020-01-29T21:57:27.119+0300][75.158s][info ][gc] GC(1139) Pause Young (Allocation Failure) 200M->200M(247M) 0.043ms
[2020-01-29T21:57:27.186+0300][75.225s][debug][gc] GC(1138) Concurrent active time: 69.798ms
[2020-01-29T21:57:27.186+0300][75.225s][info ][gc] GC(1138) Concurrent Sweep 70.058ms
[2020-01-29T21:57:27.186+0300][75.225s][debug][gc] GC(1140) Concurrent mode failure
[2020-01-29T21:57:27.281+0300][75.320s][info ][gc] GC(1140) Pause Full (Allocation Failure) 200M->70M(247M) 161.986ms
[2020-01-29T21:57:27.354+0300][75.392s][info ][gc] GC(1141) Pause Young (Allocation Failure) 137M->155M(247M) 53.433ms
[2020-01-29T21:57:27.363+0300][75.401s][info ][gc] GC(1142) Pause Initial Mark 174M->174M(247M) 8.821ms
[2020-01-29T21:57:27.363+0300][75.401s][info ][gc] GC(1142) Concurrent Mark
[2020-01-29T21:57:27.366+0300][75.405s][debug][gc] GC(1142) Concurrent active time: 3.081ms
[2020-01-29T21:57:27.366+0300][75.405s][info ][gc] GC(1142) Concurrent Mark 3.148ms
[2020-01-29T21:57:27.366+0300][75.405s][info ][gc] GC(1142) Concurrent Preclean
[2020-01-29T21:57:27.367+0300][75.405s][debug][gc] GC(1142) Concurrent active time: 0.178ms
[2020-01-29T21:57:27.367+0300][75.405s][info ][gc] GC(1142) Concurrent Preclean 0.211ms
[2020-01-29T21:57:27.367+0300][75.405s][info ][gc] GC(1142) Concurrent Abortable Preclean
[2020-01-29T21:57:27.367+0300][75.405s][debug][gc] GC(1142) Concurrent active time: 0.005ms
[2020-01-29T21:57:27.367+0300][75.405s][info ][gc] GC(1142) Concurrent Abortable Preclean 0.032ms
[2020-01-29T21:57:27.367+0300][75.405s][debug][gc] GC(1142) YG occupancy: 57248 K (78656 K)
[2020-01-29T21:57:27.378+0300][75.416s][info ][gc] GC(1142) Pause Remark 202M->202M(247M) 10.999ms
[2020-01-29T21:57:27.378+0300][75.416s][info ][gc] GC(1142) Concurrent Sweep
[2020-01-29T21:57:27.381+0300][75.419s][info ][gc] GC(1143) Pause Young (Allocation Failure) 200M->200M(247M) 0.045ms
[2020-01-29T21:57:27.447+0300][75.485s][debug][gc] GC(1142) Concurrent active time: 69.282ms
[2020-01-29T21:57:27.447+0300][75.485s][info ][gc] GC(1142) Concurrent Sweep 69.529ms
[2020-01-29T21:57:27.447+0300][75.486s][debug][gc] GC(1144) Concurrent mode failure
[2020-01-29T21:57:27.542+0300][75.580s][info ][gc] GC(1144) Pause Full (Allocation Failure) 200M->70M(247M) 161.676ms
[2020-01-29T21:57:27.614+0300][75.653s][info ][gc] GC(1145) Pause Young (Allocation Failure) 137M->155M(247M) 53.384ms
[2020-01-29T21:57:27.624+0300][75.662s][info ][gc] GC(1146) Pause Initial Mark 174M->174M(247M) 8.833ms
[2020-01-29T21:57:27.624+0300][75.662s][info ][gc] GC(1146) Concurrent Mark
[2020-01-29T21:57:27.627+0300][75.665s][debug][gc] GC(1146) Concurrent active time: 3.028ms
[2020-01-29T21:57:27.627+0300][75.665s][info ][gc] GC(1146) Concurrent Mark 3.086ms
[2020-01-29T21:57:27.627+0300][75.665s][info ][gc] GC(1146) Concurrent Preclean
[2020-01-29T21:57:27.627+0300][75.666s][debug][gc] GC(1146) Concurrent active time: 0.157ms
[2020-01-29T21:57:27.627+0300][75.666s][info ][gc] GC(1146) Concurrent Preclean 0.188ms
[2020-01-29T21:57:27.627+0300][75.666s][info ][gc] GC(1146) Concurrent Abortable Preclean
[2020-01-29T21:57:27.627+0300][75.666s][debug][gc] GC(1146) Concurrent active time: 0.004ms
[2020-01-29T21:57:27.627+0300][75.666s][info ][gc] GC(1146) Concurrent Abortable Preclean 0.030ms
[2020-01-29T21:57:27.627+0300][75.666s][debug][gc] GC(1146) YG occupancy: 57229 K (78656 K)
[2020-01-29T21:57:27.638+0300][75.677s][info ][gc] GC(1146) Pause Remark 202M->202M(247M) 10.999ms
[2020-01-29T21:57:27.638+0300][75.677s][info ][gc] GC(1146) Concurrent Sweep
[2020-01-29T21:57:27.641+0300][75.679s][info ][gc] GC(1147) Pause Young (Allocation Failure) 200M->200M(247M) 0.040ms
[2020-01-29T21:57:27.707+0300][75.745s][debug][gc] GC(1146) Concurrent active time: 67.876ms
[2020-01-29T21:57:27.707+0300][75.745s][info ][gc] GC(1146) Concurrent Sweep 68.106ms
[2020-01-29T21:57:27.707+0300][75.745s][debug][gc] GC(1148) Concurrent mode failure
[2020-01-29T21:57:27.801+0300][75.840s][info ][gc] GC(1148) Pause Full (Allocation Failure) 200M->70M(247M) 160.280ms
[2020-01-29T21:57:27.873+0300][75.912s][info ][gc] GC(1149) Pause Young (Allocation Failure) 137M->155M(247M) 53.661ms
[2020-01-29T21:57:27.883+0300][75.922s][info ][gc] GC(1150) Pause Initial Mark 174M->174M(247M) 8.828ms
[2020-01-29T21:57:27.883+0300][75.922s][info ][gc] GC(1150) Concurrent Mark
[2020-01-29T21:57:27.886+0300][75.925s][debug][gc] GC(1150) Concurrent active time: 3.028ms
[2020-01-29T21:57:27.886+0300][75.925s][info ][gc] GC(1150) Concurrent Mark 3.088ms
[2020-01-29T21:57:27.886+0300][75.925s][info ][gc] GC(1150) Concurrent Preclean
[2020-01-29T21:57:27.886+0300][75.925s][debug][gc] GC(1150) Concurrent active time: 0.158ms
[2020-01-29T21:57:27.886+0300][75.925s][info ][gc] GC(1150) Concurrent Preclean 0.190ms
[2020-01-29T21:57:27.886+0300][75.925s][info ][gc] GC(1150) Concurrent Abortable Preclean
[2020-01-29T21:57:27.886+0300][75.925s][debug][gc] GC(1150) Concurrent active time: 0.004ms
[2020-01-29T21:57:27.886+0300][75.925s][info ][gc] GC(1150) Concurrent Abortable Preclean 0.031ms
[2020-01-29T21:57:27.886+0300][75.925s][debug][gc] GC(1150) YG occupancy: 57242 K (78656 K)
[2020-01-29T21:57:27.898+0300][75.936s][info ][gc] GC(1150) Pause Remark 202M->202M(247M) 11.001ms
[2020-01-29T21:57:27.898+0300][75.936s][info ][gc] GC(1150) Concurrent Sweep
[2020-01-29T21:57:27.900+0300][75.939s][info ][gc] GC(1151) Pause Young (Allocation Failure) 200M->200M(247M) 0.040ms
[2020-01-29T21:57:27.967+0300][76.005s][debug][gc] GC(1150) Concurrent active time: 68.834ms
[2020-01-29T21:57:27.967+0300][76.005s][info ][gc] GC(1150) Concurrent Sweep 69.067ms
[2020-01-29T21:57:27.967+0300][76.005s][debug][gc] GC(1152) Concurrent mode failure
[2020-01-29T21:57:28.062+0300][76.100s][info ][gc] GC(1152) Pause Full (Allocation Failure) 200M->70M(247M) 160.967ms
[2020-01-29T21:57:28.133+0300][76.171s][info ][gc] GC(1153) Pause Young (Allocation Failure) 137M->155M(247M) 53.503ms
[2020-01-29T21:57:28.143+0300][76.181s][info ][gc] GC(1154) Pause Initial Mark 174M->174M(247M) 8.840ms
[2020-01-29T21:57:28.143+0300][76.181s][info ][gc] GC(1154) Concurrent Mark
[2020-01-29T21:57:28.146+0300][76.184s][debug][gc] GC(1154) Concurrent active time: 3.042ms
[2020-01-29T21:57:28.146+0300][76.184s][info ][gc] GC(1154) Concurrent Mark 3.100ms
[2020-01-29T21:57:28.146+0300][76.184s][info ][gc] GC(1154) Concurrent Preclean
[2020-01-29T21:57:28.146+0300][76.184s][debug][gc] GC(1154) Concurrent active time: 0.158ms
[2020-01-29T21:57:28.146+0300][76.184s][info ][gc] GC(1154) Concurrent Preclean 0.195ms
[2020-01-29T21:57:28.146+0300][76.184s][info ][gc] GC(1154) Concurrent Abortable Preclean
[2020-01-29T21:57:28.146+0300][76.184s][debug][gc] GC(1154) Concurrent active time: 0.004ms
[2020-01-29T21:57:28.146+0300][76.184s][info ][gc] GC(1154) Concurrent Abortable Preclean 0.031ms
[2020-01-29T21:57:28.146+0300][76.184s][debug][gc] GC(1154) YG occupancy: 57247 K (78656 K)
[2020-01-29T21:57:28.157+0300][76.195s][info ][gc] GC(1154) Pause Remark 202M->202M(247M) 10.991ms
[2020-01-29T21:57:28.157+0300][76.195s][info ][gc] GC(1154) Concurrent Sweep
[2020-01-29T21:57:28.160+0300][76.198s][info ][gc] GC(1155) Pause Young (Allocation Failure) 200M->200M(247M) 0.041ms
[2020-01-29T21:57:28.226+0300][76.265s][debug][gc] GC(1154) Concurrent active time: 68.975ms
[2020-01-29T21:57:28.226+0300][76.265s][info ][gc] GC(1154) Concurrent Sweep 69.213ms
[2020-01-29T21:57:28.226+0300][76.265s][debug][gc] GC(1156) Concurrent mode failure
[2020-01-29T21:57:28.321+0300][76.359s][info ][gc] GC(1156) Pause Full (Allocation Failure) 200M->70M(247M) 161.192ms
[2020-01-29T21:57:28.392+0300][76.431s][info ][gc] GC(1157) Pause Young (Allocation Failure) 137M->155M(247M) 53.395ms
[2020-01-29T21:57:28.402+0300][76.441s][info ][gc] GC(1158) Pause Initial Mark 174M->174M(247M) 8.833ms
[2020-01-29T21:57:28.402+0300][76.441s][info ][gc] GC(1158) Concurrent Mark
[2020-01-29T21:57:28.405+0300][76.444s][debug][gc] GC(1158) Concurrent active time: 3.039ms
[2020-01-29T21:57:28.405+0300][76.444s][info ][gc] GC(1158) Concurrent Mark 3.101ms
[2020-01-29T21:57:28.405+0300][76.444s][info ][gc] GC(1158) Concurrent Preclean
[2020-01-29T21:57:28.405+0300][76.444s][debug][gc] GC(1158) Concurrent active time: 0.157ms
[2020-01-29T21:57:28.405+0300][76.444s][info ][gc] GC(1158) Concurrent Preclean 0.190ms
[2020-01-29T21:57:28.405+0300][76.444s][info ][gc] GC(1158) Concurrent Abortable Preclean
[2020-01-29T21:57:28.405+0300][76.444s][debug][gc] GC(1158) Concurrent active time: 0.004ms
[2020-01-29T21:57:28.405+0300][76.444s][info ][gc] GC(1158) Concurrent Abortable Preclean 0.030ms
[2020-01-29T21:57:28.405+0300][76.444s][debug][gc] GC(1158) YG occupancy: 57249 K (78656 K)
[2020-01-29T21:57:28.416+0300][76.455s][info ][gc] GC(1158) Pause Remark 202M->202M(247M) 11.004ms
[2020-01-29T21:57:28.416+0300][76.455s][info ][gc] GC(1158) Concurrent Sweep
[2020-01-29T21:57:28.419+0300][76.458s][info ][gc] GC(1159) Pause Young (Allocation Failure) 200M->200M(247M) 0.040ms
[2020-01-29T21:57:28.486+0300][76.524s][debug][gc] GC(1158) Concurrent active time: 68.801ms
[2020-01-29T21:57:28.486+0300][76.524s][info ][gc] GC(1158) Concurrent Sweep 69.098ms
[2020-01-29T21:57:28.486+0300][76.524s][debug][gc] GC(1160) Concurrent mode failure
[2020-01-29T21:57:28.581+0300][76.620s][info ][gc] GC(1160) Pause Full (Allocation Failure) 200M->70M(247M) 161.516ms
[2020-01-29T21:57:28.654+0300][76.692s][info ][gc] GC(1161) Pause Young (Allocation Failure) 137M->155M(247M) 52.902ms
[2020-01-29T21:57:28.663+0300][76.701s][info ][gc] GC(1162) Pause Initial Mark 174M->174M(247M) 8.828ms
[2020-01-29T21:57:28.663+0300][76.701s][info ][gc] GC(1162) Concurrent Mark
[2020-01-29T21:57:28.666+0300][76.705s][debug][gc] GC(1162) Concurrent active time: 3.034ms
[2020-01-29T21:57:28.666+0300][76.705s][info ][gc] GC(1162) Concurrent Mark 3.092ms
[2020-01-29T21:57:28.666+0300][76.705s][info ][gc] GC(1162) Concurrent Preclean
[2020-01-29T21:57:28.667+0300][76.705s][debug][gc] GC(1162) Concurrent active time: 0.158ms
[2020-01-29T21:57:28.667+0300][76.705s][info ][gc] GC(1162) Concurrent Preclean 0.190ms
[2020-01-29T21:57:28.667+0300][76.705s][info ][gc] GC(1162) Concurrent Abortable Preclean
[2020-01-29T21:57:28.667+0300][76.705s][debug][gc] GC(1162) Concurrent active time: 0.004ms
[2020-01-29T21:57:28.667+0300][76.705s][info ][gc] GC(1162) Concurrent Abortable Preclean 0.030ms
[2020-01-29T21:57:28.667+0300][76.705s][debug][gc] GC(1162) YG occupancy: 57227 K (78656 K)
[2020-01-29T21:57:28.678+0300][76.716s][info ][gc] GC(1162) Pause Remark 202M->202M(247M) 11.033ms
[2020-01-29T21:57:28.678+0300][76.716s][info ][gc] GC(1162) Concurrent Sweep
[2020-01-29T21:57:28.680+0300][76.719s][info ][gc] GC(1163) Pause Young (Allocation Failure) 200M->200M(247M) 0.040ms
[2020-01-29T21:57:28.745+0300][76.784s][debug][gc] GC(1162) Concurrent active time: 67.845ms
[2020-01-29T21:57:28.745+0300][76.784s][info ][gc] GC(1162) Concurrent Sweep 68.090ms
[2020-01-29T21:57:28.745+0300][76.784s][debug][gc] GC(1164) Concurrent mode failure
[2020-01-29T21:57:28.841+0300][76.879s][info ][gc] GC(1164) Pause Full (Allocation Failure) 200M->70M(247M) 160.415ms
[2020-01-29T21:57:28.911+0300][76.950s][info ][gc] GC(1165) Pause Young (Allocation Failure) 137M->155M(247M) 52.409ms
[2020-01-29T21:57:28.921+0300][76.959s][info ][gc] GC(1166) Pause Initial Mark 174M->174M(247M) 8.847ms
[2020-01-29T21:57:28.921+0300][76.959s][info ][gc] GC(1166) Concurrent Mark
[2020-01-29T21:57:28.924+0300][76.962s][debug][gc] GC(1166) Concurrent active time: 3.048ms
[2020-01-29T21:57:28.924+0300][76.962s][info ][gc] GC(1166) Concurrent Mark 3.106ms
[2020-01-29T21:57:28.924+0300][76.962s][info ][gc] GC(1166) Concurrent Preclean
[2020-01-29T21:57:28.924+0300][76.963s][debug][gc] GC(1166) Concurrent active time: 0.159ms
[2020-01-29T21:57:28.924+0300][76.963s][info ][gc] GC(1166) Concurrent Preclean 0.188ms
[2020-01-29T21:57:28.924+0300][76.963s][info ][gc] GC(1166) Concurrent Abortable Preclean
[2020-01-29T21:57:28.924+0300][76.963s][debug][gc] GC(1166) Concurrent active time: 0.004ms
[2020-01-29T21:57:28.924+0300][76.963s][info ][gc] GC(1166) Concurrent Abortable Preclean 0.031ms
[2020-01-29T21:57:28.924+0300][76.963s][debug][gc] GC(1166) YG occupancy: 57240 K (78656 K)
[2020-01-29T21:57:28.935+0300][76.974s][info ][gc] GC(1166) Pause Remark 202M->202M(247M) 11.048ms
[2020-01-29T21:57:28.935+0300][76.974s][info ][gc] GC(1166) Concurrent Sweep
[2020-01-29T21:57:28.938+0300][76.976s][info ][gc] GC(1167) Pause Young (Allocation Failure) 200M->200M(247M) 0.040ms
[2020-01-29T21:57:29.004+0300][77.042s][debug][gc] GC(1166) Concurrent active time: 68.357ms
[2020-01-29T21:57:29.004+0300][77.042s][info ][gc] GC(1166) Concurrent Sweep 68.593ms
[2020-01-29T21:57:29.004+0300][77.042s][debug][gc] GC(1168) Concurrent mode failure
[2020-01-29T21:57:29.100+0300][77.138s][info ][gc] GC(1168) Pause Full (Allocation Failure) 200M->70M(247M) 161.023ms
[2020-01-29T21:57:29.170+0300][77.209s][info ][gc] GC(1169) Pause Young (Allocation Failure) 137M->155M(247M) 53.705ms
[2020-01-29T21:57:29.180+0300][77.219s][info ][gc] GC(1170) Pause Initial Mark 174M->174M(247M) 8.830ms
[2020-01-29T21:57:29.180+0300][77.219s][info ][gc] GC(1170) Concurrent Mark
[2020-01-29T21:57:29.183+0300][77.222s][debug][gc] GC(1170) Concurrent active time: 3.026ms
[2020-01-29T21:57:29.183+0300][77.222s][info ][gc] GC(1170) Concurrent Mark 3.084ms
[2020-01-29T21:57:29.183+0300][77.222s][info ][gc] GC(1170) Concurrent Preclean
[2020-01-29T21:57:29.184+0300][77.222s][debug][gc] GC(1170) Concurrent active time: 0.158ms
[2020-01-29T21:57:29.184+0300][77.222s][info ][gc] GC(1170) Concurrent Preclean 0.190ms
[2020-01-29T21:57:29.184+0300][77.222s][info ][gc] GC(1170) Concurrent Abortable Preclean
[2020-01-29T21:57:29.184+0300][77.222s][debug][gc] GC(1170) Concurrent active time: 0.004ms
[2020-01-29T21:57:29.184+0300][77.222s][info ][gc] GC(1170) Concurrent Abortable Preclean 0.031ms
[2020-01-29T21:57:29.184+0300][77.222s][debug][gc] GC(1170) YG occupancy: 57246 K (78656 K)
[2020-01-29T21:57:29.195+0300][77.233s][info ][gc] GC(1170) Pause Remark 202M->202M(247M) 10.993ms
[2020-01-29T21:57:29.195+0300][77.234s][info ][gc] GC(1170) Concurrent Sweep
[2020-01-29T21:57:29.197+0300][77.236s][info ][gc] GC(1171) Pause Young (Allocation Failure) 200M->200M(247M) 0.041ms
[2020-01-29T21:57:29.264+0300][77.302s][debug][gc] GC(1170) Concurrent active time: 68.734ms
[2020-01-29T21:57:29.264+0300][77.302s][info ][gc] GC(1170) Concurrent Sweep 68.974ms
[2020-01-29T21:57:29.264+0300][77.303s][debug][gc] GC(1172) Concurrent mode failure
[2020-01-29T21:57:29.358+0300][77.397s][info ][gc] GC(1172) Pause Full (Allocation Failure) 200M->70M(247M) 160.566ms
[2020-01-29T21:57:29.430+0300][77.468s][info ][gc] GC(1173) Pause Young (Allocation Failure) 137M->155M(247M) 53.527ms
[2020-01-29T21:57:29.440+0300][77.478s][info ][gc] GC(1174) Pause Initial Mark 174M->174M(247M) 8.820ms
[2020-01-29T21:57:29.440+0300][77.478s][info ][gc] GC(1174) Concurrent Mark
[2020-01-29T21:57:29.443+0300][77.481s][debug][gc] GC(1174) Concurrent active time: 3.022ms
[2020-01-29T21:57:29.443+0300][77.481s][info ][gc] GC(1174) Concurrent Mark 3.078ms
[2020-01-29T21:57:29.443+0300][77.481s][info ][gc] GC(1174) Concurrent Preclean
[2020-01-29T21:57:29.443+0300][77.481s][debug][gc] GC(1174) Concurrent active time: 0.155ms
[2020-01-29T21:57:29.443+0300][77.481s][info ][gc] GC(1174) Concurrent Preclean 0.186ms
[2020-01-29T21:57:29.443+0300][77.481s][info ][gc] GC(1174) Concurrent Abortable Preclean
[2020-01-29T21:57:29.443+0300][77.481s][debug][gc] GC(1174) Concurrent active time: 0.003ms
[2020-01-29T21:57:29.443+0300][77.481s][info ][gc] GC(1174) Concurrent Abortable Preclean 0.030ms
[2020-01-29T21:57:29.443+0300][77.482s][debug][gc] GC(1174) YG occupancy: 57248 K (78656 K)
[2020-01-29T21:57:29.455+0300][77.493s][info ][gc] GC(1174) Pause Remark 202M->202M(247M) 11.020ms
[2020-01-29T21:57:29.455+0300][77.493s][info ][gc] GC(1174) Concurrent Sweep
[2020-01-29T21:57:29.457+0300][77.495s][info ][gc] GC(1175) Pause Young (Allocation Failure) 200M->200M(247M) 0.041ms
[2020-01-29T21:57:29.523+0300][77.562s][debug][gc] GC(1174) Concurrent active time: 68.926ms
[2020-01-29T21:57:29.523+0300][77.562s][info ][gc] GC(1174) Concurrent Sweep 69.170ms
[2020-01-29T21:57:29.523+0300][77.562s][debug][gc] GC(1176) Concurrent mode failure
[2020-01-29T21:57:29.618+0300][77.656s][info ][gc] GC(1176) Pause Full (Allocation Failure) 200M->70M(247M) 161.168ms
[2020-01-29T21:57:29.693+0300][77.732s][info ][gc] GC(1177) Pause Young (Allocation Failure) 137M->155M(247M) 55.724ms
[2020-01-29T21:57:29.703+0300][77.741s][info ][gc] GC(1178) Pause Initial Mark 174M->174M(247M) 8.818ms
[2020-01-29T21:57:29.703+0300][77.741s][info ][gc] GC(1178) Concurrent Mark
[2020-01-29T21:57:29.706+0300][77.745s][debug][gc] GC(1178) Concurrent active time: 3.019ms
[2020-01-29T21:57:29.706+0300][77.745s][info ][gc] GC(1178) Concurrent Mark 3.077ms
[2020-01-29T21:57:29.706+0300][77.745s][info ][gc] GC(1178) Concurrent Preclean
[2020-01-29T21:57:29.706+0300][77.745s][debug][gc] GC(1178) Concurrent active time: 0.156ms
[2020-01-29T21:57:29.706+0300][77.745s][info ][gc] GC(1178) Concurrent Preclean 0.188ms
[2020-01-29T21:57:29.706+0300][77.745s][info ][gc] GC(1178) Concurrent Abortable Preclean
[2020-01-29T21:57:29.706+0300][77.745s][debug][gc] GC(1178) Concurrent active time: 0.004ms
[2020-01-29T21:57:29.706+0300][77.745s][info ][gc] GC(1178) Concurrent Abortable Preclean 0.030ms
[2020-01-29T21:57:29.707+0300][77.745s][debug][gc] GC(1178) YG occupancy: 57229 K (78656 K)
[2020-01-29T21:57:29.718+0300][77.756s][info ][gc] GC(1178) Pause Remark 202M->202M(247M) 11.001ms
[2020-01-29T21:57:29.718+0300][77.756s][info ][gc] GC(1178) Concurrent Sweep
[2020-01-29T21:57:29.720+0300][77.759s][info ][gc] GC(1179) Pause Young (Allocation Failure) 200M->200M(247M) 0.040ms
[2020-01-29T21:57:29.788+0300][77.826s][debug][gc] GC(1178) Concurrent active time: 70.251ms
[2020-01-29T21:57:29.788+0300][77.826s][info ][gc] GC(1178) Concurrent Sweep 70.487ms
[2020-01-29T21:57:29.788+0300][77.826s][debug][gc] GC(1180) Concurrent mode failure
[2020-01-29T21:57:29.882+0300][77.921s][info ][gc] GC(1180) Pause Full (Allocation Failure) 200M->70M(247M) 162.091ms
[2020-01-29T21:57:29.954+0300][77.992s][info ][gc] GC(1181) Pause Young (Allocation Failure) 137M->155M(247M) 53.020ms
[2020-01-29T21:57:29.963+0300][78.002s][info ][gc] GC(1182) Pause Initial Mark 174M->174M(247M) 8.825ms
[2020-01-29T21:57:29.963+0300][78.002s][info ][gc] GC(1182) Concurrent Mark
[2020-01-29T21:57:29.967+0300][78.005s][debug][gc] GC(1182) Concurrent active time: 3.036ms
[2020-01-29T21:57:29.967+0300][78.005s][info ][gc] GC(1182) Concurrent Mark 3.098ms
[2020-01-29T21:57:29.967+0300][78.005s][info ][gc] GC(1182) Concurrent Preclean
[2020-01-29T21:57:29.967+0300][78.005s][debug][gc] GC(1182) Concurrent active time: 0.156ms
[2020-01-29T21:57:29.967+0300][78.005s][info ][gc] GC(1182) Concurrent Preclean 0.188ms
[2020-01-29T21:57:29.967+0300][78.005s][info ][gc] GC(1182) Concurrent Abortable Preclean
[2020-01-29T21:57:29.967+0300][78.005s][debug][gc] GC(1182) Concurrent active time: 0.003ms
[2020-01-29T21:57:29.967+0300][78.005s][info ][gc] GC(1182) Concurrent Abortable Preclean 0.030ms
[2020-01-29T21:57:29.967+0300][78.005s][debug][gc] GC(1182) YG occupancy: 57241 K (78656 K)
[2020-01-29T21:57:29.978+0300][78.017s][info ][gc] GC(1182) Pause Remark 202M->202M(247M) 11.037ms
[2020-01-29T21:57:29.978+0300][78.017s][info ][gc] GC(1182) Concurrent Sweep
[2020-01-29T21:57:29.981+0300][78.019s][info ][gc] GC(1183) Pause Young (Allocation Failure) 200M->200M(247M) 0.040ms
[2020-01-29T21:57:30.047+0300][78.085s][debug][gc] GC(1182) Concurrent active time: 68.135ms
[2020-01-29T21:57:30.047+0300][78.085s][info ][gc] GC(1182) Concurrent Sweep 68.371ms
[2020-01-29T21:57:30.047+0300][78.085s][debug][gc] GC(1184) Concurrent mode failure
[2020-01-29T21:57:30.140+0300][78.179s][info ][gc] GC(1184) Pause Full (Allocation Failure) 200M->70M(247M) 159.898ms
[2020-01-29T21:57:30.212+0300][78.250s][info ][gc] GC(1185) Pause Young (Allocation Failure) 137M->155M(247M) 53.134ms
[2020-01-29T21:57:30.222+0300][78.260s][info ][gc] GC(1186) Pause Initial Mark 174M->174M(247M) 8.813ms
[2020-01-29T21:57:30.222+0300][78.260s][info ][gc] GC(1186) Concurrent Mark
[2020-01-29T21:57:30.225+0300][78.263s][debug][gc] GC(1186) Concurrent active time: 3.029ms
[2020-01-29T21:57:30.225+0300][78.263s][info ][gc] GC(1186) Concurrent Mark 3.084ms
[2020-01-29T21:57:30.225+0300][78.263s][info ][gc] GC(1186) Concurrent Preclean
[2020-01-29T21:57:30.225+0300][78.263s][debug][gc] GC(1186) Concurrent active time: 0.155ms
[2020-01-29T21:57:30.225+0300][78.263s][info ][gc] GC(1186) Concurrent Preclean 0.186ms
[2020-01-29T21:57:30.225+0300][78.263s][info ][gc] GC(1186) Concurrent Abortable Preclean
[2020-01-29T21:57:30.225+0300][78.263s][debug][gc] GC(1186) Concurrent active time: 0.004ms
[2020-01-29T21:57:30.225+0300][78.263s][info ][gc] GC(1186) Concurrent Abortable Preclean 0.031ms
[2020-01-29T21:57:30.225+0300][78.263s][debug][gc] GC(1186) YG occupancy: 57246 K (78656 K)
[2020-01-29T21:57:30.236+0300][78.275s][info ][gc] GC(1186) Pause Remark 202M->202M(247M) 11.133ms
[2020-01-29T21:57:30.236+0300][78.275s][info ][gc] GC(1186) Concurrent Sweep
[2020-01-29T21:57:30.239+0300][78.277s][info ][gc] GC(1187) Pause Young (Allocation Failure) 200M->200M(247M) 0.040ms
[2020-01-29T21:57:30.305+0300][78.343s][debug][gc] GC(1186) Concurrent active time: 68.621ms
[2020-01-29T21:57:30.305+0300][78.344s][info ][gc] GC(1186) Concurrent Sweep 68.855ms
[2020-01-29T21:57:30.305+0300][78.344s][debug][gc] GC(1188) Concurrent mode failure
[2020-01-29T21:57:30.400+0300][78.438s][info ][gc] GC(1188) Pause Full (Allocation Failure) 200M->70M(247M) 160.971ms
[2020-01-29T21:57:30.472+0300][78.510s][info ][gc] GC(1189) Pause Young (Allocation Failure) 137M->155M(247M) 53.812ms
[2020-01-29T21:57:30.482+0300][78.520s][info ][gc] GC(1190) Pause Initial Mark 174M->174M(247M) 8.844ms
[2020-01-29T21:57:30.482+0300][78.520s][info ][gc] GC(1190) Concurrent Mark
[2020-01-29T21:57:30.485+0300][78.523s][debug][gc] GC(1190) Concurrent active time: 3.163ms
[2020-01-29T21:57:30.485+0300][78.523s][info ][gc] GC(1190) Concurrent Mark 3.310ms
[2020-01-29T21:57:30.485+0300][78.523s][info ][gc] GC(1190) Concurrent Preclean
[2020-01-29T21:57:30.485+0300][78.524s][debug][gc] GC(1190) Concurrent active time: 0.182ms
[2020-01-29T21:57:30.485+0300][78.524s][info ][gc] GC(1190) Concurrent Preclean 0.215ms
[2020-01-29T21:57:30.485+0300][78.524s][info ][gc] GC(1190) Concurrent Abortable Preclean
[2020-01-29T21:57:30.485+0300][78.524s][debug][gc] GC(1190) Concurrent active time: 0.004ms
[2020-01-29T21:57:30.485+0300][78.524s][info ][gc] GC(1190) Concurrent Abortable Preclean 0.034ms
[2020-01-29T21:57:30.485+0300][78.524s][debug][gc] GC(1190) YG occupancy: 57357 K (78656 K)
[2020-01-29T21:57:30.497+0300][78.535s][info ][gc] GC(1190) Pause Remark 203M->203M(247M) 11.003ms
[2020-01-29T21:57:30.497+0300][78.535s][info ][gc] GC(1190) Concurrent Sweep
[2020-01-29T21:57:30.499+0300][78.538s][info ][gc] GC(1191) Pause Young (Allocation Failure) 200M->200M(247M) 0.045ms
[2020-01-29T21:57:30.566+0300][78.604s][debug][gc] GC(1190) Concurrent active time: 68.836ms
[2020-01-29T21:57:30.566+0300][78.604s][info ][gc] GC(1190) Concurrent Sweep 69.122ms
[2020-01-29T21:57:30.566+0300][78.604s][debug][gc] GC(1192) Concurrent mode failure
[2020-01-29T21:57:30.660+0300][78.698s][info ][gc] GC(1192) Pause Full (Allocation Failure) 200M->70M(247M) 160.265ms
[2020-01-29T21:57:30.730+0300][78.769s][info ][gc] GC(1193) Pause Young (Allocation Failure) 137M->155M(247M) 52.560ms
[2020-01-29T21:57:30.740+0300][78.779s][info ][gc] GC(1194) Pause Initial Mark 174M->174M(247M) 8.822ms
[2020-01-29T21:57:30.740+0300][78.779s][info ][gc] GC(1194) Concurrent Mark
[2020-01-29T21:57:30.743+0300][78.782s][debug][gc] GC(1194) Concurrent active time: 3.013ms
[2020-01-29T21:57:30.743+0300][78.782s][info ][gc] GC(1194) Concurrent Mark 3.067ms
[2020-01-29T21:57:30.743+0300][78.782s][info ][gc] GC(1194) Concurrent Preclean
[2020-01-29T21:57:30.743+0300][78.782s][debug][gc] GC(1194) Concurrent active time: 0.155ms
[2020-01-29T21:57:30.743+0300][78.782s][info ][gc] GC(1194) Concurrent Preclean 0.185ms
[2020-01-29T21:57:30.743+0300][78.782s][info ][gc] GC(1194) Concurrent Abortable Preclean
[2020-01-29T21:57:30.743+0300][78.782s][debug][gc] GC(1194) Concurrent active time: 0.004ms
[2020-01-29T21:57:30.743+0300][78.782s][info ][gc] GC(1194) Concurrent Abortable Preclean 0.030ms
[2020-01-29T21:57:30.743+0300][78.782s][debug][gc] GC(1194) YG occupancy: 57249 K (78656 K)
[2020-01-29T21:57:30.754+0300][78.793s][info ][gc] GC(1194) Pause Remark 202M->202M(247M) 11.050ms
[2020-01-29T21:57:30.754+0300][78.793s][info ][gc] GC(1194) Concurrent Sweep
[2020-01-29T21:57:30.757+0300][78.796s][info ][gc] GC(1195) Pause Young (Allocation Failure) 200M->200M(247M) 0.040ms
[2020-01-29T21:57:30.824+0300][78.862s][debug][gc] GC(1194) Concurrent active time: 69.197ms
[2020-01-29T21:57:30.824+0300][78.863s][info ][gc] GC(1194) Concurrent Sweep 69.436ms
[2020-01-29T21:57:30.824+0300][78.863s][debug][gc] GC(1196) Concurrent mode failure
[2020-01-29T21:57:30.919+0300][78.958s][info ][gc] GC(1196) Pause Full (Allocation Failure) 200M->70M(247M) 161.799ms
[2020-01-29T21:57:30.991+0300][79.029s][info ][gc] GC(1197) Pause Young (Allocation Failure) 137M->155M(247M) 53.241ms
[2020-01-29T21:57:31.001+0300][79.039s][info ][gc] GC(1198) Pause Initial Mark 174M->174M(247M) 8.866ms
[2020-01-29T21:57:31.001+0300][79.039s][info ][gc] GC(1198) Concurrent Mark
[2020-01-29T21:57:31.004+0300][79.042s][debug][gc] GC(1198) Concurrent active time: 3.030ms
[2020-01-29T21:57:31.004+0300][79.042s][info ][gc] GC(1198) Concurrent Mark 3.088ms
[2020-01-29T21:57:31.004+0300][79.042s][info ][gc] GC(1198) Concurrent Preclean
[2020-01-29T21:57:31.004+0300][79.043s][debug][gc] GC(1198) Concurrent active time: 0.157ms
[2020-01-29T21:57:31.004+0300][79.043s][info ][gc] GC(1198) Concurrent Preclean 0.188ms
[2020-01-29T21:57:31.004+0300][79.043s][info ][gc] GC(1198) Concurrent Abortable Preclean
[2020-01-29T21:57:31.004+0300][79.043s][debug][gc] GC(1198) Concurrent active time: 0.004ms
[2020-01-29T21:57:31.004+0300][79.043s][info ][gc] GC(1198) Concurrent Abortable Preclean 0.031ms
[2020-01-29T21:57:31.004+0300][79.043s][debug][gc] GC(1198) YG occupancy: 57249 K (78656 K)
[2020-01-29T21:57:31.015+0300][79.054s][info ][gc] GC(1198) Pause Remark 202M->202M(247M) 11.002ms
[2020-01-29T21:57:31.015+0300][79.054s][info ][gc] GC(1198) Concurrent Sweep
[2020-01-29T21:57:31.018+0300][79.056s][info ][gc] GC(1199) Pause Young (Allocation Failure) 200M->200M(247M) 0.042ms
[2020-01-29T21:57:31.084+0300][79.123s][debug][gc] GC(1198) Concurrent active time: 68.787ms
[2020-01-29T21:57:31.085+0300][79.123s][info ][gc] GC(1198) Concurrent Sweep 69.074ms
[2020-01-29T21:57:31.085+0300][79.123s][debug][gc] GC(1200) Concurrent mode failure
[2020-01-29T21:57:31.179+0300][79.218s][info ][gc] GC(1200) Pause Full (Allocation Failure) 200M->70M(247M) 161.492ms
[2020-01-29T21:57:31.251+0300][79.290s][info ][gc] GC(1201) Pause Young (Allocation Failure) 137M->155M(247M) 53.160ms
[2020-01-29T21:57:31.261+0300][79.299s][info ][gc] GC(1202) Pause Initial Mark 174M->174M(247M) 8.811ms
[2020-01-29T21:57:31.261+0300][79.299s][info ][gc] GC(1202) Concurrent Mark
[2020-01-29T21:57:31.264+0300][79.302s][debug][gc] GC(1202) Concurrent active time: 3.040ms
[2020-01-29T21:57:31.264+0300][79.302s][info ][gc] GC(1202) Concurrent Mark 3.097ms
[2020-01-29T21:57:31.264+0300][79.302s][info ][gc] GC(1202) Concurrent Preclean
[2020-01-29T21:57:31.264+0300][79.303s][debug][gc] GC(1202) Concurrent active time: 0.154ms
[2020-01-29T21:57:31.264+0300][79.303s][info ][gc] GC(1202) Concurrent Preclean 0.184ms
[2020-01-29T21:57:31.264+0300][79.303s][info ][gc] GC(1202) Concurrent Abortable Preclean
[2020-01-29T21:57:31.264+0300][79.303s][debug][gc] GC(1202) Concurrent active time: 0.003ms
[2020-01-29T21:57:31.264+0300][79.303s][info ][gc] GC(1202) Concurrent Abortable Preclean 0.030ms
[2020-01-29T21:57:31.264+0300][79.303s][debug][gc] GC(1202) YG occupancy: 57249 K (78656 K)
[2020-01-29T21:57:31.275+0300][79.314s][info ][gc] GC(1202) Pause Remark 202M->202M(247M) 11.038ms
[2020-01-29T21:57:31.275+0300][79.314s][info ][gc] GC(1202) Concurrent Sweep
[2020-01-29T21:57:31.278+0300][79.316s][info ][gc] GC(1203) Pause Young (Allocation Failure) 200M->200M(247M) 0.041ms
[2020-01-29T21:57:31.344+0300][79.382s][debug][gc] GC(1202) Concurrent active time: 68.315ms
[2020-01-29T21:57:31.344+0300][79.382s][info ][gc] GC(1202) Concurrent Sweep 68.557ms
[2020-01-29T21:57:31.344+0300][79.382s][debug][gc] GC(1204) Concurrent mode failure
[2020-01-29T21:57:31.439+0300][79.477s][info ][gc] GC(1204) Pause Full (Allocation Failure) 200M->70M(247M) 160.755ms
[2020-01-29T21:57:31.515+0300][79.554s][info ][gc] GC(1205) Pause Young (Allocation Failure) 137M->155M(247M) 57.745ms
[2020-01-29T21:57:31.525+0300][79.563s][info ][gc] GC(1206) Pause Initial Mark 174M->174M(247M) 8.837ms
[2020-01-29T21:57:31.525+0300][79.564s][info ][gc] GC(1206) Concurrent Mark
[2020-01-29T21:57:31.529+0300][79.567s][debug][gc] GC(1206) Concurrent active time: 3.337ms
[2020-01-29T21:57:31.529+0300][79.567s][info ][gc] GC(1206) Concurrent Mark 3.527ms
[2020-01-29T21:57:31.529+0300][79.567s][info ][gc] GC(1206) Concurrent Preclean
[2020-01-29T21:57:31.529+0300][79.567s][debug][gc] GC(1206) Concurrent active time: 0.183ms
[2020-01-29T21:57:31.529+0300][79.567s][info ][gc] GC(1206) Concurrent Preclean 0.218ms
[2020-01-29T21:57:31.529+0300][79.567s][info ][gc] GC(1206) Concurrent Abortable Preclean
[2020-01-29T21:57:31.529+0300][79.567s][debug][gc] GC(1206) Concurrent active time: 0.004ms
[2020-01-29T21:57:31.529+0300][79.567s][info ][gc] GC(1206) Concurrent Abortable Preclean 0.031ms
[2020-01-29T21:57:31.529+0300][79.567s][debug][gc] GC(1206) YG occupancy: 56003 K (78656 K)
[2020-01-29T21:57:31.541+0300][79.579s][info ][gc] GC(1206) Pause Remark 201M->201M(247M) 11.814ms
[2020-01-29T21:57:31.541+0300][79.579s][info ][gc] GC(1206) Concurrent Sweep
[2020-01-29T21:57:31.544+0300][79.582s][info ][gc] GC(1207) Pause Young (Allocation Failure) 200M->200M(247M) 0.043ms
[2020-01-29T21:57:31.609+0300][79.648s][debug][gc] GC(1206) Concurrent active time: 68.012ms
[2020-01-29T21:57:31.609+0300][79.648s][info ][gc] GC(1206) Concurrent Sweep 68.270ms
[2020-01-29T21:57:31.609+0300][79.648s][debug][gc] GC(1208) Concurrent mode failure
[2020-01-29T21:57:31.704+0300][79.742s][info ][gc] GC(1208) Pause Full (Allocation Failure) 200M->70M(247M) 160.232ms
[2020-01-29T21:57:31.776+0300][79.815s][info ][gc] GC(1209) Pause Young (Allocation Failure) 137M->155M(247M) 53.465ms
[2020-01-29T21:57:31.786+0300][79.824s][info ][gc] GC(1210) Pause Initial Mark 174M->174M(247M) 8.815ms
[2020-01-29T21:57:31.786+0300][79.824s][info ][gc] GC(1210) Concurrent Mark
[2020-01-29T21:57:31.789+0300][79.827s][debug][gc] GC(1210) Concurrent active time: 3.034ms
[2020-01-29T21:57:31.789+0300][79.827s][info ][gc] GC(1210) Concurrent Mark 3.091ms
[2020-01-29T21:57:31.789+0300][79.827s][info ][gc] GC(1210) Concurrent Preclean
[2020-01-29T21:57:31.789+0300][79.827s][debug][gc] GC(1210) Concurrent active time: 0.156ms
[2020-01-29T21:57:31.789+0300][79.827s][info ][gc] GC(1210) Concurrent Preclean 0.187ms
[2020-01-29T21:57:31.789+0300][79.827s][info ][gc] GC(1210) Concurrent Abortable Preclean
[2020-01-29T21:57:31.789+0300][79.827s][debug][gc] GC(1210) Concurrent active time: 0.004ms
[2020-01-29T21:57:31.789+0300][79.828s][info ][gc] GC(1210) Concurrent Abortable Preclean 0.031ms
[2020-01-29T21:57:31.789+0300][79.828s][debug][gc] GC(1210) YG occupancy: 57249 K (78656 K)
[2020-01-29T21:57:31.800+0300][79.839s][info ][gc] GC(1210) Pause Remark 202M->202M(247M) 10.972ms
[2020-01-29T21:57:31.800+0300][79.839s][info ][gc] GC(1210) Concurrent Sweep
[2020-01-29T21:57:31.803+0300][79.841s][info ][gc] GC(1211) Pause Young (Allocation Failure) 200M->200M(247M) 0.040ms
[2020-01-29T21:57:31.869+0300][79.907s][debug][gc] GC(1210) Concurrent active time: 68.548ms
[2020-01-29T21:57:31.869+0300][79.907s][info ][gc] GC(1210) Concurrent Sweep 68.786ms
[2020-01-29T21:57:31.869+0300][79.907s][debug][gc] GC(1212) Concurrent mode failure
[2020-01-29T21:57:31.963+0300][80.002s][info ][gc] GC(1212) Pause Full (Allocation Failure) 200M->70M(247M) 160.827ms
[2020-01-29T21:57:32.035+0300][80.074s][info ][gc] GC(1213) Pause Young (Allocation Failure) 137M->155M(247M) 53.684ms
[2020-01-29T21:57:32.045+0300][80.084s][info ][gc] GC(1214) Pause Initial Mark 174M->174M(247M) 8.820ms
[2020-01-29T21:57:32.045+0300][80.084s][info ][gc] GC(1214) Concurrent Mark
[2020-01-29T21:57:32.048+0300][80.087s][debug][gc] GC(1214) Concurrent active time: 3.024ms
[2020-01-29T21:57:32.048+0300][80.087s][info ][gc] GC(1214) Concurrent Mark 3.077ms
[2020-01-29T21:57:32.048+0300][80.087s][info ][gc] GC(1214) Concurrent Preclean
[2020-01-29T21:57:32.048+0300][80.087s][debug][gc] GC(1214) Concurrent active time: 0.154ms
[2020-01-29T21:57:32.048+0300][80.087s][info ][gc] GC(1214) Concurrent Preclean 0.185ms
[2020-01-29T21:57:32.048+0300][80.087s][info ][gc] GC(1214) Concurrent Abortable Preclean
[2020-01-29T21:57:32.048+0300][80.087s][debug][gc] GC(1214) Concurrent active time: 0.003ms
[2020-01-29T21:57:32.048+0300][80.087s][info ][gc] GC(1214) Concurrent Abortable Preclean 0.030ms
[2020-01-29T21:57:32.048+0300][80.087s][debug][gc] GC(1214) YG occupancy: 57249 K (78656 K)
[2020-01-29T21:57:32.059+0300][80.098s][info ][gc] GC(1214) Pause Remark 202M->202M(247M) 10.977ms
[2020-01-29T21:57:32.059+0300][80.098s][info ][gc] GC(1214) Concurrent Sweep
[2020-01-29T21:57:32.062+0300][80.101s][info ][gc] GC(1215) Pause Young (Allocation Failure) 200M->200M(247M) 0.040ms
[2020-01-29T21:57:32.131+0300][80.169s][debug][gc] GC(1214) Concurrent active time: 70.923ms
[2020-01-29T21:57:32.131+0300][80.169s][info ][gc] GC(1214) Concurrent Sweep 71.155ms
[2020-01-29T21:57:32.131+0300][80.169s][debug][gc] GC(1216) Concurrent mode failure
[2020-01-29T21:57:32.226+0300][80.264s][info ][gc] GC(1216) Pause Full (Allocation Failure) 200M->70M(247M) 163.600ms
[2020-01-29T21:57:32.299+0300][80.337s][info ][gc] GC(1217) Pause Young (Allocation Failure) 137M->155M(247M) 53.400ms
[2020-01-29T21:57:32.307+0300][80.346s][info ][gc] GC(1218) Pause Initial Mark 174M->174M(247M) 8.849ms
[2020-01-29T21:57:32.307+0300][80.346s][info ][gc] GC(1218) Concurrent Mark
[2020-01-29T21:57:32.311+0300][80.349s][debug][gc] GC(1218) Concurrent active time: 3.019ms
[2020-01-29T21:57:32.311+0300][80.350s][info ][gc] GC(1218) Concurrent Mark 3.073ms
[2020-01-29T21:57:32.311+0300][80.350s][info ][gc] GC(1218) Concurrent Preclean
[2020-01-29T21:57:32.311+0300][80.350s][debug][gc] GC(1218) Concurrent active time: 0.157ms
[2020-01-29T21:57:32.311+0300][80.350s][info ][gc] GC(1218) Concurrent Preclean 0.189ms
[2020-01-29T21:57:32.311+0300][80.350s][info ][gc] GC(1218) Concurrent Abortable Preclean
[2020-01-29T21:57:32.311+0300][80.350s][debug][gc] GC(1218) Concurrent active time: 0.003ms
[2020-01-29T21:57:32.311+0300][80.350s][info ][gc] GC(1218) Concurrent Abortable Preclean 0.030ms
[2020-01-29T21:57:32.311+0300][80.350s][debug][gc] GC(1218) YG occupancy: 57251 K (78656 K)
[2020-01-29T21:57:32.322+0300][80.361s][info ][gc] GC(1218) Pause Remark 202M->202M(247M) 11.146ms
[2020-01-29T21:57:32.322+0300][80.361s][info ][gc] GC(1218) Concurrent Sweep
[2020-01-29T21:57:32.325+0300][80.364s][info ][gc] GC(1219) Pause Young (Allocation Failure) 200M->200M(247M) 0.040ms
[2020-01-29T21:57:32.390+0300][80.429s][debug][gc] GC(1218) Concurrent active time: 67.909ms
[2020-01-29T21:57:32.390+0300][80.429s][info ][gc] GC(1218) Concurrent Sweep 68.148ms
[2020-01-29T21:57:32.390+0300][80.429s][debug][gc] GC(1220) Concurrent mode failure
[2020-01-29T21:57:32.485+0300][80.523s][info ][gc] GC(1220) Pause Full (Allocation Failure) 200M->70M(247M) 159.814ms
[2020-01-29T21:57:32.569+0300][80.608s][info ][gc] GC(1221) Pause Young (Allocation Failure) 137M->155M(247M) 65.530ms
[2020-01-29T21:57:32.579+0300][80.617s][info ][gc] GC(1222) Pause Initial Mark 174M->174M(247M) 8.837ms
[2020-01-29T21:57:32.579+0300][80.617s][info ][gc] GC(1222) Concurrent Mark
[2020-01-29T21:57:32.582+0300][80.620s][debug][gc] GC(1222) Concurrent active time: 3.076ms
[2020-01-29T21:57:32.582+0300][80.620s][info ][gc] GC(1222) Concurrent Mark 3.139ms
[2020-01-29T21:57:32.582+0300][80.620s][info ][gc] GC(1222) Concurrent Preclean
[2020-01-29T21:57:32.582+0300][80.621s][debug][gc] GC(1222) Concurrent active time: 0.160ms
[2020-01-29T21:57:32.582+0300][80.621s][info ][gc] GC(1222) Concurrent Preclean 0.193ms
[2020-01-29T21:57:32.582+0300][80.621s][info ][gc] GC(1222) Concurrent Abortable Preclean
[2020-01-29T21:57:32.582+0300][80.621s][debug][gc] GC(1222) Concurrent active time: 0.004ms
[2020-01-29T21:57:32.582+0300][80.621s][info ][gc] GC(1222) Concurrent Abortable Preclean 0.031ms
[2020-01-29T21:57:32.582+0300][80.621s][debug][gc] GC(1222) YG occupancy: 57230 K (78656 K)
[2020-01-29T21:57:32.594+0300][80.632s][info ][gc] GC(1222) Pause Remark 202M->202M(247M) 11.023ms
[2020-01-29T21:57:32.594+0300][80.632s][info ][gc] GC(1222) Concurrent Sweep
[2020-01-29T21:57:32.596+0300][80.635s][info ][gc] GC(1223) Pause Young (Allocation Failure) 200M->200M(247M) 0.042ms
[2020-01-29T21:57:32.665+0300][80.703s][debug][gc] GC(1222) Concurrent active time: 70.483ms
[2020-01-29T21:57:32.665+0300][80.703s][info ][gc] GC(1222) Concurrent Sweep 70.911ms
[2020-01-29T21:57:32.665+0300][80.703s][debug][gc] GC(1224) Concurrent mode failure
[2020-01-29T21:57:32.759+0300][80.798s][info ][gc] GC(1224) Pause Full (Allocation Failure) 200M->70M(247M) 163.459ms
[2020-01-29T21:57:32.848+0300][80.887s][info ][gc] GC(1225) Pause Young (Allocation Failure) 137M->155M(247M) 70.668ms
[2020-01-29T21:57:32.858+0300][80.897s][info ][gc] GC(1226) Pause Initial Mark 174M->174M(247M) 8.853ms
[2020-01-29T21:57:32.858+0300][80.897s][info ][gc] GC(1226) Concurrent Mark
[2020-01-29T21:57:32.862+0300][80.900s][debug][gc] GC(1226) Concurrent active time: 3.146ms
[2020-01-29T21:57:32.862+0300][80.900s][info ][gc] GC(1226) Concurrent Mark 3.200ms
[2020-01-29T21:57:32.862+0300][80.900s][info ][gc] GC(1226) Concurrent Preclean
[2020-01-29T21:57:32.862+0300][80.900s][debug][gc] GC(1226) Concurrent active time: 0.158ms
[2020-01-29T21:57:32.862+0300][80.900s][info ][gc] GC(1226) Concurrent Preclean 0.191ms
[2020-01-29T21:57:32.862+0300][80.900s][info ][gc] GC(1226) Concurrent Abortable Preclean
[2020-01-29T21:57:32.862+0300][80.900s][debug][gc] GC(1226) Concurrent active time: 0.002ms
[2020-01-29T21:57:32.862+0300][80.900s][info ][gc] GC(1226) Concurrent Abortable Preclean 0.078ms
[2020-01-29T21:57:32.862+0300][80.900s][debug][gc] GC(1226) YG occupancy: 58622 K (78656 K)
[2020-01-29T21:57:32.873+0300][80.911s][info ][gc] GC(1226) Pause Remark 204M->204M(247M) 11.045ms
[2020-01-29T21:57:32.873+0300][80.912s][info ][gc] GC(1226) Concurrent Sweep
[2020-01-29T21:57:32.876+0300][80.914s][info ][gc] GC(1227) Pause Young (Allocation Failure) 200M->200M(247M) 0.041ms
[2020-01-29T21:57:32.943+0300][80.981s][debug][gc] GC(1226) Concurrent active time: 69.103ms
[2020-01-29T21:57:32.943+0300][80.981s][info ][gc] GC(1226) Concurrent Sweep 69.351ms
[2020-01-29T21:57:32.943+0300][80.981s][debug][gc] GC(1228) Concurrent mode failure
[2020-01-29T21:57:33.039+0300][81.077s][info ][gc] GC(1228) Pause Full (Allocation Failure) 200M->70M(247M) 162.429ms
[2020-01-29T21:57:33.108+0300][81.147s][info ][gc] GC(1229) Pause Young (Allocation Failure) 137M->155M(247M) 52.718ms
[2020-01-29T21:57:33.118+0300][81.157s][info ][gc] GC(1230) Pause Initial Mark 174M->174M(247M) 8.829ms
[2020-01-29T21:57:33.118+0300][81.157s][info ][gc] GC(1230) Concurrent Mark
[2020-01-29T21:57:33.122+0300][81.160s][debug][gc] GC(1230) Concurrent active time: 3.043ms
[2020-01-29T21:57:33.122+0300][81.160s][info ][gc] GC(1230) Concurrent Mark 3.103ms
[2020-01-29T21:57:33.122+0300][81.160s][info ][gc] GC(1230) Concurrent Preclean
[2020-01-29T21:57:33.122+0300][81.160s][debug][gc] GC(1230) Concurrent active time: 0.159ms
[2020-01-29T21:57:33.122+0300][81.160s][info ][gc] GC(1230) Concurrent Preclean 0.192ms
[2020-01-29T21:57:33.122+0300][81.160s][info ][gc] GC(1230) Concurrent Abortable Preclean
[2020-01-29T21:57:33.122+0300][81.160s][debug][gc] GC(1230) Concurrent active time: 0.005ms
[2020-01-29T21:57:33.122+0300][81.160s][info ][gc] GC(1230) Concurrent Abortable Preclean 0.031ms
[2020-01-29T21:57:33.122+0300][81.160s][debug][gc] GC(1230) YG occupancy: 57247 K (78656 K)
[2020-01-29T21:57:33.130+0300][81.172s][info ][gc] GC(1230) Pause Remark 202M->202M(247M) 11.113ms
[2020-01-29T21:57:33.130+0300][81.172s][info ][gc] GC(1230) Concurrent Sweep
[2020-01-29T21:57:33.135+0300][81.174s][info ][gc] GC(1231) Pause Young (Allocation Failure) 200M->200M(247M) 0.040ms
[2020-01-29T21:57:33.199+0300][81.241s][debug][gc] GC(1230) Concurrent active time: 68.999ms
[2020-01-29T21:57:33.199+0300][81.241s][info ][gc] GC(1230) Concurrent Sweep 69.238ms
[2020-01-29T21:57:33.199+0300][81.241s][debug][gc] GC(1232) Concurrent mode failure
[2020-01-29T21:57:33.295+0300][81.336s][info ][gc] GC(1232) Pause Full (Allocation Failure) 200M->70M(247M) 161.391ms
[2020-01-29T21:57:33.383+0300][81.421s][info ][gc] GC(1233) Pause Young (Allocation Failure) 137M->155M(247M) 53.635ms
[2020-01-29T21:57:33.389+0300][81.431s][info ][gc] GC(1234) Pause Initial Mark 174M->174M(247M) 8.819ms
[2020-01-29T21:57:33.389+0300][81.431s][info ][gc] GC(1234) Concurrent Mark
[2020-01-29T21:57:33.394+0300][81.434s][debug][gc] GC(1234) Concurrent active time: 3.054ms
[2020-01-29T21:57:33.394+0300][81.434s][info ][gc] GC(1234) Concurrent Mark 3.112ms
[2020-01-29T21:57:33.394+0300][81.434s][info ][gc] GC(1234) Concurrent Preclean
[2020-01-29T21:57:33.394+0300][81.434s][debug][gc] GC(1234) Concurrent active time: 0.158ms
[2020-01-29T21:57:33.394+0300][81.434s][info ][gc] GC(1234) Concurrent Preclean 0.190ms
[2020-01-29T21:57:33.394+0300][81.434s][info ][gc] GC(1234) Concurrent Abortable Preclean
[2020-01-29T21:57:33.394+0300][81.434s][debug][gc] GC(1234) Concurrent active time: 0.004ms
[2020-01-29T21:57:33.394+0300][81.434s][info ][gc] GC(1234) Concurrent Abortable Preclean 0.031ms
[2020-01-29T21:57:33.394+0300][81.434s][debug][gc] GC(1234) YG occupancy: 57249 K (78656 K)
[2020-01-29T21:57:33.404+0300][81.445s][info ][gc] GC(1234) Pause Remark 202M->202M(247M) 10.966ms
[2020-01-29T21:57:33.404+0300][81.445s][info ][gc] GC(1234) Concurrent Sweep
[2020-01-29T21:57:33.409+0300][81.448s][info ][gc] GC(1235) Pause Young (Allocation Failure) 200M->200M(247M) 0.041ms
[2020-01-29T21:57:33.474+0300][81.514s][debug][gc] GC(1234) Concurrent active time: 68.735ms
[2020-01-29T21:57:33.474+0300][81.515s][info ][gc] GC(1234) Concurrent Sweep 69.118ms
[2020-01-29T21:57:33.474+0300][81.515s][debug][gc] GC(1236) Concurrent mode failure
[2020-01-29T21:57:33.569+0300][81.610s][info ][gc] GC(1236) Pause Full (Allocation Failure) 200M->70M(247M) 161.428ms
[2020-01-29T21:57:33.649+0300][81.690s][info ][gc] GC(1237) Pause Young (Allocation Failure) 137M->155M(247M) 52.731ms
[2020-01-29T21:57:33.662+0300][81.700s][info ][gc] GC(1238) Pause Initial Mark 174M->174M(247M) 8.851ms
[2020-01-29T21:57:33.662+0300][81.700s][info ][gc] GC(1238) Concurrent Mark
[2020-01-29T21:57:33.665+0300][81.703s][debug][gc] GC(1238) Concurrent active time: 3.018ms
[2020-01-29T21:57:33.665+0300][81.703s][info ][gc] GC(1238) Concurrent Mark 3.075ms
[2020-01-29T21:57:33.665+0300][81.703s][info ][gc] GC(1238) Concurrent Preclean
[2020-01-29T21:57:33.665+0300][81.703s][debug][gc] GC(1238) Concurrent active time: 0.156ms
[2020-01-29T21:57:33.665+0300][81.703s][info ][gc] GC(1238) Concurrent Preclean 0.188ms
[2020-01-29T21:57:33.665+0300][81.703s][info ][gc] GC(1238) Concurrent Abortable Preclean
[2020-01-29T21:57:33.665+0300][81.704s][debug][gc] GC(1238) Concurrent active time: 0.004ms
[2020-01-29T21:57:33.665+0300][81.704s][info ][gc] GC(1238) Concurrent Abortable Preclean 0.030ms
[2020-01-29T21:57:33.665+0300][81.704s][debug][gc] GC(1238) YG occupancy: 57230 K (78656 K)
[2020-01-29T21:57:33.675+0300][81.715s][info ][gc] GC(1238) Pause Remark 202M->202M(247M) 11.024ms
[2020-01-29T21:57:33.675+0300][81.715s][info ][gc] GC(1238) Concurrent Sweep
[2020-01-29T21:57:33.675+0300][81.717s][info ][gc] GC(1239) Pause Young (Allocation Failure) 200M->200M(247M) 0.040ms
[2020-01-29T21:57:33.744+0300][81.783s][debug][gc] GC(1238) Concurrent active time: 68.563ms
[2020-01-29T21:57:33.744+0300][81.783s][info ][gc] GC(1238) Concurrent Sweep 68.811ms
[2020-01-29T21:57:33.744+0300][81.784s][debug][gc] GC(1240) Concurrent mode failure
[2020-01-29T21:57:33.839+0300][81.878s][info ][gc] GC(1240) Pause Full (Allocation Failure) 200M->70M(247M) 161.128ms
[2020-01-29T21:57:33.909+0300][81.951s][info ][gc] GC(1241) Pause Young (Allocation Failure) 137M->155M(247M) 53.294ms
[2020-01-29T21:57:33.921+0300][81.962s][info ][gc] GC(1242) Pause Initial Mark 174M->174M(247M) 8.843ms
[2020-01-29T21:57:33.921+0300][81.962s][info ][gc] GC(1242) Concurrent Mark
[2020-01-29T21:57:33.924+0300][81.965s][debug][gc] GC(1242) Concurrent active time: 3.023ms
[2020-01-29T21:57:33.924+0300][81.965s][info ][gc] GC(1242) Concurrent Mark 3.078ms
[2020-01-29T21:57:33.924+0300][81.965s][info ][gc] GC(1242) Concurrent Preclean
[2020-01-29T21:57:33.924+0300][81.965s][debug][gc] GC(1242) Concurrent active time: 0.158ms
[2020-01-29T21:57:33.924+0300][81.965s][info ][gc] GC(1242) Concurrent Preclean 0.189ms
[2020-01-29T21:57:33.924+0300][81.965s][info ][gc] GC(1242) Concurrent Abortable Preclean
[2020-01-29T21:57:33.924+0300][81.965s][debug][gc] GC(1242) Concurrent active time: 0.004ms
[2020-01-29T21:57:33.924+0300][81.965s][info ][gc] GC(1242) Concurrent Abortable Preclean 0.031ms
[2020-01-29T21:57:33.924+0300][81.965s][debug][gc] GC(1242) YG occupancy: 57241 K (78656 K)
[2020-01-29T21:57:33.934+0300][81.976s][info ][gc] GC(1242) Pause Remark 202M->202M(247M) 11.186ms
[2020-01-29T21:57:33.934+0300][81.976s][info ][gc] GC(1242) Concurrent Sweep
[2020-01-29T21:57:33.939+0300][81.979s][info ][gc] GC(1243) Pause Young (Allocation Failure) 200M->200M(247M) 0.042ms
[2020-01-29T21:57:34.005+0300][82.045s][debug][gc] GC(1242) Concurrent active time: 67.955ms
[2020-01-29T21:57:34.005+0300][82.045s][info ][gc] GC(1242) Concurrent Sweep 68.199ms
[2020-01-29T21:57:34.005+0300][82.045s][debug][gc] GC(1244) Concurrent mode failure
[2020-01-29T21:57:34.100+0300][82.139s][info ][gc] GC(1244) Pause Full (Allocation Failure) 200M->70M(247M) 160.100ms
[2020-01-29T21:57:34.172+0300][82.211s][info ][gc] GC(1245) Pause Young (Allocation Failure) 137M->155M(247M) 53.370ms
[2020-01-29T21:57:34.182+0300][82.221s][info ][gc] GC(1246) Pause Initial Mark 174M->174M(247M) 8.813ms
[2020-01-29T21:57:34.182+0300][82.221s][info ][gc] GC(1246) Concurrent Mark
[2020-01-29T21:57:34.185+0300][82.224s][debug][gc] GC(1246) Concurrent active time: 3.044ms
[2020-01-29T21:57:34.185+0300][82.224s][info ][gc] GC(1246) Concurrent Mark 3.100ms
[2020-01-29T21:57:34.185+0300][82.224s][info ][gc] GC(1246) Concurrent Preclean
[2020-01-29T21:57:34.185+0300][82.224s][debug][gc] GC(1246) Concurrent active time: 0.154ms
[2020-01-29T21:57:34.185+0300][82.224s][info ][gc] GC(1246) Concurrent Preclean 0.186ms
[2020-01-29T21:57:34.185+0300][82.224s][info ][gc] GC(1246) Concurrent Abortable Preclean
[2020-01-29T21:57:34.185+0300][82.224s][debug][gc] GC(1246) Concurrent active time: 0.004ms
[2020-01-29T21:57:34.185+0300][82.224s][info ][gc] GC(1246) Concurrent Abortable Preclean 0.030ms
[2020-01-29T21:57:34.185+0300][82.224s][debug][gc] GC(1246) YG occupancy: 58626 K (78656 K)
[2020-01-29T21:57:34.197+0300][82.235s][info ][gc] GC(1246) Pause Remark 204M->204M(247M) 11.001ms
[2020-01-29T21:57:34.197+0300][82.235s][info ][gc] GC(1246) Concurrent Sweep
[2020-01-29T21:57:34.199+0300][82.238s][info ][gc] GC(1247) Pause Young (Allocation Failure) 200M->200M(247M) 0.040ms
[2020-01-29T21:57:34.266+0300][82.304s][debug][gc] GC(1246) Concurrent active time: 68.727ms
[2020-01-29T21:57:34.266+0300][82.304s][info ][gc] GC(1246) Concurrent Sweep 68.961ms
[2020-01-29T21:57:34.266+0300][82.304s][debug][gc] GC(1248) Concurrent mode failure
[2020-01-29T21:57:34.360+0300][82.399s][info ][gc] GC(1248) Pause Full (Allocation Failure) 200M->70M(247M) 160.774ms
[2020-01-29T21:57:34.432+0300][82.470s][info ][gc] GC(1249) Pause Young (Allocation Failure) 137M->155M(247M) 53.341ms
[2020-01-29T21:57:34.442+0300][82.480s][info ][gc] GC(1250) Pause Initial Mark 174M->174M(247M) 8.816ms
[2020-01-29T21:57:34.442+0300][82.480s][info ][gc] GC(1250) Concurrent Mark
[2020-01-29T21:57:34.444+0300][82.483s][debug][gc] GC(1250) Concurrent active time: 3.026ms
[2020-01-29T21:57:34.444+0300][82.483s][info ][gc] GC(1250) Concurrent Mark 3.084ms
[2020-01-29T21:57:34.444+0300][82.483s][info ][gc] GC(1250) Concurrent Preclean
[2020-01-29T21:57:34.444+0300][82.483s][debug][gc] GC(1250) Concurrent active time: 0.155ms
[2020-01-29T21:57:34.444+0300][82.483s][info ][gc] GC(1250) Concurrent Preclean 0.188ms
[2020-01-29T21:57:34.444+0300][82.483s][info ][gc] GC(1250) Concurrent Abortable Preclean
[2020-01-29T21:57:34.444+0300][82.483s][debug][gc] GC(1250) Concurrent active time: 0.003ms
[2020-01-29T21:57:34.444+0300][82.483s][info ][gc] GC(1250) Concurrent Abortable Preclean 0.030ms
[2020-01-29T21:57:34.444+0300][82.483s][debug][gc] GC(1250) YG occupancy: 57248 K (78656 K)
[2020-01-29T21:57:34.455+0300][82.494s][info ][gc] GC(1250) Pause Remark 202M->202M(247M) 11.148ms
[2020-01-29T21:57:34.455+0300][82.494s][info ][gc] GC(1250) Concurrent Sweep
[2020-01-29T21:57:34.458+0300][82.497s][info ][gc] GC(1251) Pause Young (Allocation Failure) 200M->200M(247M) 0.040ms
[2020-01-29T21:57:34.525+0300][82.563s][debug][gc] GC(1250) Concurrent active time: 68.666ms
[2020-01-29T21:57:34.525+0300][82.563s][info ][gc] GC(1250) Concurrent Sweep 68.898ms
[2020-01-29T21:57:34.525+0300][82.563s][debug][gc] GC(1252) Concurrent mode failure
[2020-01-29T21:57:34.619+0300][82.657s][info ][gc] GC(1252) Pause Full (Allocation Failure) 200M->70M(247M) 160.435ms
[2020-01-29T21:57:34.692+0300][82.730s][info ][gc] GC(1253) Pause Young (Allocation Failure) 137M->155M(247M) 53.385ms
[2020-01-29T21:57:34.701+0300][82.740s][info ][gc] GC(1254) Pause Initial Mark 174M->174M(247M) 8.825ms
[2020-01-29T21:57:34.701+0300][82.740s][info ][gc] GC(1254) Concurrent Mark
[2020-01-29T21:57:34.704+0300][82.743s][debug][gc] GC(1254) Concurrent active time: 3.105ms
[2020-01-29T21:57:34.704+0300][82.743s][info ][gc] GC(1254) Concurrent Mark 3.167ms
[2020-01-29T21:57:34.704+0300][82.743s][info ][gc] GC(1254) Concurrent Preclean
[2020-01-29T21:57:34.705+0300][82.743s][debug][gc] GC(1254) Concurrent active time: 0.162ms
[2020-01-29T21:57:34.705+0300][82.743s][info ][gc] GC(1254) Concurrent Preclean 0.241ms
[2020-01-29T21:57:34.705+0300][82.744s][info ][gc] GC(1254) Concurrent Abortable Preclean
[2020-01-29T21:57:34.705+0300][82.744s][debug][gc] GC(1254) Concurrent active time: 0.004ms
[2020-01-29T21:57:34.705+0300][82.744s][info ][gc] GC(1254) Concurrent Abortable Preclean 0.031ms
[2020-01-29T21:57:34.705+0300][82.744s][debug][gc] GC(1254) YG occupancy: 55850 K (78656 K)
[2020-01-29T21:57:34.716+0300][82.755s][info ][gc] GC(1254) Pause Remark 201M->201M(247M) 10.970ms
[2020-01-29T21:57:34.716+0300][82.755s][info ][gc] GC(1254) Concurrent Sweep
[2020-01-29T21:57:34.719+0300][82.757s][info ][gc] GC(1255) Pause Young (Allocation Failure) 200M->200M(247M) 0.153ms
[2020-01-29T21:57:34.786+0300][82.824s][debug][gc] GC(1254) Concurrent active time: 69.306ms
[2020-01-29T21:57:34.786+0300][82.824s][info ][gc] GC(1254) Concurrent Sweep 69.655ms
[2020-01-29T21:57:34.786+0300][82.824s][debug][gc] GC(1256) Concurrent mode failure
[2020-01-29T21:57:34.880+0300][82.919s][info ][gc] GC(1256) Pause Full (Allocation Failure) 200M->70M(247M) 161.570ms
[2020-01-29T21:57:34.955+0300][82.993s][info ][gc] GC(1257) Pause Young (Allocation Failure) 137M->155M(247M) 54.953ms
[2020-01-29T21:57:34.964+0300][83.002s][info ][gc] GC(1258) Pause Initial Mark 174M->174M(247M) 8.852ms
[2020-01-29T21:57:34.964+0300][83.003s][info ][gc] GC(1258) Concurrent Mark
[2020-01-29T21:57:34.967+0300][83.006s][debug][gc] GC(1258) Concurrent active time: 3.029ms
[2020-01-29T21:57:34.968+0300][83.006s][info ][gc] GC(1258) Concurrent Mark 3.087ms
[2020-01-29T21:57:34.968+0300][83.006s][info ][gc] GC(1258) Concurrent Preclean
[2020-01-29T21:57:34.968+0300][83.006s][debug][gc] GC(1258) Concurrent active time: 0.157ms
[2020-01-29T21:57:34.968+0300][83.006s][info ][gc] GC(1258) Concurrent Preclean 0.186ms
[2020-01-29T21:57:34.968+0300][83.006s][info ][gc] GC(1258) Concurrent Abortable Preclean
[2020-01-29T21:57:34.968+0300][83.006s][debug][gc] GC(1258) Concurrent active time: 0.004ms
[2020-01-29T21:57:34.968+0300][83.006s][info ][gc] GC(1258) Concurrent Abortable Preclean 0.031ms
[2020-01-29T21:57:34.968+0300][83.006s][debug][gc] GC(1258) YG occupancy: 57241 K (78656 K)
[2020-01-29T21:57:34.978+0300][83.017s][info ][gc] GC(1258) Pause Remark 202M->202M(247M) 11.026ms
[2020-01-29T21:57:34.978+0300][83.017s][info ][gc] GC(1258) Concurrent Sweep
[2020-01-29T21:57:34.978+0300][83.020s][info ][gc] GC(1259) Pause Young (Allocation Failure) 200M->200M(247M) 0.042ms
[2020-01-29T21:57:35.045+0300][83.087s][debug][gc] GC(1258) Concurrent active time: 69.940ms
[2020-01-29T21:57:35.045+0300][83.087s][info ][gc] GC(1258) Concurrent Sweep 70.180ms
[2020-01-29T21:57:35.045+0300][83.087s][debug][gc] GC(1260) Concurrent mode failure
[2020-01-29T21:57:35.143+0300][83.182s][info ][gc] GC(1260) Pause Full (Allocation Failure) 200M->70M(247M) 161.934ms
[2020-01-29T21:57:35.214+0300][83.253s][info ][gc] GC(1261) Pause Young (Allocation Failure) 137M->155M(247M) 52.724ms
[2020-01-29T21:57:35.224+0300][83.262s][info ][gc] GC(1262) Pause Initial Mark 174M->174M(247M) 8.830ms
[2020-01-29T21:57:35.224+0300][83.262s][info ][gc] GC(1262) Concurrent Mark
[2020-01-29T21:57:35.227+0300][83.266s][debug][gc] GC(1262) Concurrent active time: 3.031ms
[2020-01-29T21:57:35.227+0300][83.266s][info ][gc] GC(1262) Concurrent Mark 3.087ms
[2020-01-29T21:57:35.227+0300][83.266s][info ][gc] GC(1262) Concurrent Preclean
[2020-01-29T21:57:35.228+0300][83.266s][debug][gc] GC(1262) Concurrent active time: 0.158ms
[2020-01-29T21:57:35.228+0300][83.266s][info ][gc] GC(1262) Concurrent Preclean 0.189ms
[2020-01-29T21:57:35.228+0300][83.266s][info ][gc] GC(1262) Concurrent Abortable Preclean
[2020-01-29T21:57:35.228+0300][83.266s][debug][gc] GC(1262) Concurrent active time: 0.004ms
[2020-01-29T21:57:35.228+0300][83.266s][info ][gc] GC(1262) Concurrent Abortable Preclean 0.030ms
[2020-01-29T21:57:35.228+0300][83.266s][debug][gc] GC(1262) YG occupancy: 57246 K (78656 K)
[2020-01-29T21:57:35.239+0300][83.277s][info ][gc] GC(1262) Pause Remark 202M->202M(247M) 11.038ms
[2020-01-29T21:57:35.239+0300][83.277s][info ][gc] GC(1262) Concurrent Sweep
[2020-01-29T21:57:35.241+0300][83.280s][info ][gc] GC(1263) Pause Young (Allocation Failure) 200M->200M(247M) 0.040ms
[2020-01-29T21:57:35.308+0300][83.347s][debug][gc] GC(1262) Concurrent active time: 69.707ms
[2020-01-29T21:57:35.308+0300][83.347s][info ][gc] GC(1262) Concurrent Sweep 69.947ms
[2020-01-29T21:57:35.308+0300][83.347s][debug][gc] GC(1264) Concurrent mode failure
[2020-01-29T21:57:35.402+0300][83.441s][info ][gc] GC(1264) Pause Full (Allocation Failure) 200M->70M(247M) 161.195ms
[2020-01-29T21:57:35.474+0300][83.512s][info ][gc] GC(1265) Pause Young (Allocation Failure) 137M->155M(247M) 52.945ms
[2020-01-29T21:57:35.483+0300][83.522s][info ][gc] GC(1266) Pause Initial Mark 174M->174M(247M) 8.822ms
[2020-01-29T21:57:35.483+0300][83.522s][info ][gc] GC(1266) Concurrent Mark
[2020-01-29T21:57:35.486+0300][83.525s][debug][gc] GC(1266) Concurrent active time: 3.024ms
[2020-01-29T21:57:35.486+0300][83.525s][info ][gc] GC(1266) Concurrent Mark 3.082ms
[2020-01-29T21:57:35.486+0300][83.525s][info ][gc] GC(1266) Concurrent Preclean
[2020-01-29T21:57:35.487+0300][83.525s][debug][gc] GC(1266) Concurrent active time: 0.158ms
[2020-01-29T21:57:35.487+0300][83.525s][info ][gc] GC(1266) Concurrent Preclean 0.190ms
[2020-01-29T21:57:35.487+0300][83.525s][info ][gc] GC(1266) Concurrent Abortable Preclean
[2020-01-29T21:57:35.487+0300][83.525s][debug][gc] GC(1266) Concurrent active time: 0.003ms
[2020-01-29T21:57:35.487+0300][83.525s][info ][gc] GC(1266) Concurrent Abortable Preclean 0.030ms
[2020-01-29T21:57:35.487+0300][83.525s][debug][gc] GC(1266) YG occupancy: 57248 K (78656 K)
[2020-01-29T21:57:35.498+0300][83.536s][info ][gc] GC(1266) Pause Remark 202M->202M(247M) 11.023ms
[2020-01-29T21:57:35.498+0300][83.536s][info ][gc] GC(1266) Concurrent Sweep
[2020-01-29T21:57:35.500+0300][83.539s][info ][gc] GC(1267) Pause Young (Allocation Failure) 200M->200M(247M) 0.041ms
[2020-01-29T21:57:35.567+0300][83.605s][debug][gc] GC(1266) Concurrent active time: 68.724ms
[2020-01-29T21:57:35.567+0300][83.605s][info ][gc] GC(1266) Concurrent Sweep 68.966ms
[2020-01-29T21:57:35.567+0300][83.605s][debug][gc] GC(1268) Concurrent mode failure
[2020-01-29T21:57:35.661+0300][83.699s][info ][gc] GC(1268) Pause Full (Allocation Failure) 200M->70M(247M) 160.089ms
[2020-01-29T21:57:35.734+0300][83.773s][info ][gc] GC(1269) Pause Young (Allocation Failure) 137M->155M(247M) 54.464ms
[2020-01-29T21:57:35.744+0300][83.783s][info ][gc] GC(1270) Pause Initial Mark 174M->174M(247M) 8.819ms
[2020-01-29T21:57:35.744+0300][83.783s][info ][gc] GC(1270) Concurrent Mark
[2020-01-29T21:57:35.747+0300][83.786s][debug][gc] GC(1270) Concurrent active time: 3.026ms
[2020-01-29T21:57:35.747+0300][83.786s][info ][gc] GC(1270) Concurrent Mark 3.084ms
[2020-01-29T21:57:35.747+0300][83.786s][info ][gc] GC(1270) Concurrent Preclean
[2020-01-29T21:57:35.747+0300][83.786s][debug][gc] GC(1270) Concurrent active time: 0.156ms
[2020-01-29T21:57:35.747+0300][83.786s][info ][gc] GC(1270) Concurrent Preclean 0.187ms
[2020-01-29T21:57:35.747+0300][83.786s][info ][gc] GC(1270) Concurrent Abortable Preclean
[2020-01-29T21:57:35.747+0300][83.786s][debug][gc] GC(1270) Concurrent active time: 0.003ms
[2020-01-29T21:57:35.747+0300][83.786s][info ][gc] GC(1270) Concurrent Abortable Preclean 0.030ms
[2020-01-29T21:57:35.747+0300][83.786s][debug][gc] GC(1270) YG occupancy: 57229 K (78656 K)
[2020-01-29T21:57:35.758+0300][83.797s][info ][gc] GC(1270) Pause Remark 202M->202M(247M) 10.993ms
[2020-01-29T21:57:35.758+0300][83.797s][info ][gc] GC(1270) Concurrent Sweep
[2020-01-29T21:57:35.761+0300][83.800s][info ][gc] GC(1271) Pause Young (Allocation Failure) 200M->200M(247M) 0.040ms
[2020-01-29T21:57:35.828+0300][83.866s][debug][gc] GC(1270) Concurrent active time: 69.090ms
[2020-01-29T21:57:35.828+0300][83.866s][info ][gc] GC(1270) Concurrent Sweep 69.329ms
[2020-01-29T21:57:35.828+0300][83.866s][debug][gc] GC(1272) Concurrent mode failure
[2020-01-29T21:57:35.922+0300][83.961s][info ][gc] GC(1272) Pause Full (Allocation Failure) 200M->70M(247M) 161.484ms
[2020-01-29T21:57:35.993+0300][84.032s][info ][gc] GC(1273) Pause Young (Allocation Failure) 137M->155M(247M) 52.752ms
[2020-01-29T21:57:36.004+0300][84.042s][info ][gc] GC(1274) Pause Initial Mark 174M->174M(247M) 8.832ms
[2020-01-29T21:57:36.004+0300][84.042s][info ][gc] GC(1274) Concurrent Mark
[2020-01-29T21:57:36.007+0300][84.045s][debug][gc] GC(1274) Concurrent active time: 3.036ms
[2020-01-29T21:57:36.007+0300][84.045s][info ][gc] GC(1274) Concurrent Mark 3.094ms
[2020-01-29T21:57:36.007+0300][84.045s][info ][gc] GC(1274) Concurrent Preclean
[2020-01-29T21:57:36.007+0300][84.045s][debug][gc] GC(1274) Concurrent active time: 0.160ms
[2020-01-29T21:57:36.007+0300][84.045s][info ][gc] GC(1274) Concurrent Preclean 0.192ms
[2020-01-29T21:57:36.007+0300][84.045s][info ][gc] GC(1274) Concurrent Abortable Preclean
[2020-01-29T21:57:36.007+0300][84.045s][debug][gc] GC(1274) Concurrent active time: 0.004ms
[2020-01-29T21:57:36.007+0300][84.045s][info ][gc] GC(1274) Concurrent Abortable Preclean 0.031ms
[2020-01-29T21:57:36.007+0300][84.045s][debug][gc] GC(1274) YG occupancy: 57240 K (78656 K)
[2020-01-29T21:57:36.018+0300][84.056s][info ][gc] GC(1274) Pause Remark 202M->202M(247M) 10.997ms
[2020-01-29T21:57:36.018+0300][84.056s][info ][gc] GC(1274) Concurrent Sweep
[2020-01-29T21:57:36.021+0300][84.059s][info ][gc] GC(1275) Pause Young (Allocation Failure) 200M->200M(247M) 0.042ms
[2020-01-29T21:57:36.086+0300][84.125s][debug][gc] GC(1274) Concurrent active time: 68.755ms
[2020-01-29T21:57:36.086+0300][84.125s][info ][gc] GC(1274) Concurrent Sweep 68.998ms
[2020-01-29T21:57:36.086+0300][84.125s][debug][gc] GC(1276) Concurrent mode failure
[2020-01-29T21:57:36.181+0300][84.219s][info ][gc] GC(1276) Pause Full (Allocation Failure) 200M->70M(247M) 160.187ms
[2020-01-29T21:57:36.252+0300][84.291s][info ][gc] GC(1277) Pause Young (Allocation Failure) 137M->155M(247M) 53.245ms
[2020-01-29T21:57:36.262+0300][84.300s][info ][gc] GC(1278) Pause Initial Mark 174M->174M(247M) 8.814ms
[2020-01-29T21:57:36.262+0300][84.301s][info ][gc] GC(1278) Concurrent Mark
[2020-01-29T21:57:36.265+0300][84.304s][debug][gc] GC(1278) Concurrent active time: 3.029ms
[2020-01-29T21:57:36.265+0300][84.304s][info ][gc] GC(1278) Concurrent Mark 3.086ms
[2020-01-29T21:57:36.265+0300][84.304s][info ][gc] GC(1278) Concurrent Preclean
[2020-01-29T21:57:36.265+0300][84.304s][debug][gc] GC(1278) Concurrent active time: 0.158ms
[2020-01-29T21:57:36.265+0300][84.304s][info ][gc] GC(1278) Concurrent Preclean 0.188ms
[2020-01-29T21:57:36.265+0300][84.304s][info ][gc] GC(1278) Concurrent Abortable Preclean
[2020-01-29T21:57:36.265+0300][84.304s][debug][gc] GC(1278) Concurrent active time: 0.003ms
[2020-01-29T21:57:36.265+0300][84.304s][info ][gc] GC(1278) Concurrent Abortable Preclean 0.030ms
[2020-01-29T21:57:36.265+0300][84.304s][debug][gc] GC(1278) YG occupancy: 57245 K (78656 K)
[2020-01-29T21:57:36.276+0300][84.315s][info ][gc] GC(1278) Pause Remark 202M->202M(247M) 10.977ms
[2020-01-29T21:57:36.276+0300][84.315s][info ][gc] GC(1278) Concurrent Sweep
[2020-01-29T21:57:36.279+0300][84.318s][info ][gc] GC(1279) Pause Young (Allocation Failure) 200M->200M(247M) 0.040ms
[2020-01-29T21:57:36.345+0300][84.384s][debug][gc] GC(1278) Concurrent active time: 68.412ms
[2020-01-29T21:57:36.345+0300][84.384s][info ][gc] GC(1278) Concurrent Sweep 68.656ms
[2020-01-29T21:57:36.345+0300][84.384s][debug][gc] GC(1280) Concurrent mode failure
[2020-01-29T21:57:36.439+0300][84.478s][info ][gc] GC(1280) Pause Full (Allocation Failure) 200M->70M(247M) 160.050ms
[2020-01-29T21:57:36.517+0300][84.556s][info ][gc] GC(1281) Pause Young (Allocation Failure) 137M->155M(247M) 59.561ms
[2020-01-29T21:57:36.527+0300][84.565s][info ][gc] GC(1282) Pause Initial Mark 174M->174M(247M) 8.813ms
[2020-01-29T21:57:36.527+0300][84.565s][info ][gc] GC(1282) Concurrent Mark
[2020-01-29T21:57:36.531+0300][84.569s][debug][gc] GC(1282) Concurrent active time: 3.273ms
[2020-01-29T21:57:36.531+0300][84.569s][info ][gc] GC(1282) Concurrent Mark 3.472ms
[2020-01-29T21:57:36.531+0300][84.569s][info ][gc] GC(1282) Concurrent Preclean
[2020-01-29T21:57:36.531+0300][84.569s][debug][gc] GC(1282) Concurrent active time: 0.186ms
[2020-01-29T21:57:36.531+0300][84.569s][info ][gc] GC(1282) Concurrent Preclean 0.217ms
[2020-01-29T21:57:36.531+0300][84.569s][info ][gc] GC(1282) Concurrent Abortable Preclean
[2020-01-29T21:57:36.531+0300][84.569s][debug][gc] GC(1282) Concurrent active time: 0.005ms
[2020-01-29T21:57:36.531+0300][84.569s][info ][gc] GC(1282) Concurrent Abortable Preclean 0.031ms
[2020-01-29T21:57:36.531+0300][84.569s][debug][gc] GC(1282) YG occupancy: 49103 K (78656 K)
[2020-01-29T21:57:36.542+0300][84.580s][info ][gc] GC(1282) Pause Remark 194M->194M(247M) 11.204ms
[2020-01-29T21:57:36.542+0300][84.580s][info ][gc] GC(1282) Concurrent Sweep
[2020-01-29T21:57:36.546+0300][84.584s][info ][gc] GC(1283) Pause Young (Allocation Failure) 198M->198M(247M) 0.045ms
[2020-01-29T21:57:36.609+0300][84.648s][debug][gc] GC(1282) Concurrent active time: 67.244ms
[2020-01-29T21:57:36.609+0300][84.648s][info ][gc] GC(1282) Concurrent Sweep 67.515ms
[2020-01-29T21:57:36.609+0300][84.648s][debug][gc] GC(1284) Concurrent mode failure
[2020-01-29T21:57:36.704+0300][84.743s][info ][gc] GC(1284) Pause Full (Allocation Failure) 198M->70M(247M) 158.874ms
[2020-01-29T21:57:36.777+0300][84.815s][info ][gc] GC(1285) Pause Young (Allocation Failure) 137M->155M(247M) 53.802ms
[2020-01-29T21:57:36.786+0300][84.825s][info ][gc] GC(1286) Pause Initial Mark 174M->174M(247M) 8.823ms
[2020-01-29T21:57:36.786+0300][84.825s][info ][gc] GC(1286) Concurrent Mark
[2020-01-29T21:57:36.789+0300][84.828s][debug][gc] GC(1286) Concurrent active time: 3.082ms
[2020-01-29T21:57:36.789+0300][84.828s][info ][gc] GC(1286) Concurrent Mark 3.145ms
[2020-01-29T21:57:36.789+0300][84.828s][info ][gc] GC(1286) Concurrent Preclean
[2020-01-29T21:57:36.789+0300][84.828s][debug][gc] GC(1286) Concurrent active time: 0.159ms
[2020-01-29T21:57:36.790+0300][84.828s][info ][gc] GC(1286) Concurrent Preclean 0.195ms
[2020-01-29T21:57:36.790+0300][84.828s][info ][gc] GC(1286) Concurrent Abortable Preclean
[2020-01-29T21:57:36.790+0300][84.828s][debug][gc] GC(1286) Concurrent active time: 0.004ms
[2020-01-29T21:57:36.790+0300][84.828s][info ][gc] GC(1286) Concurrent Abortable Preclean 0.031ms
[2020-01-29T21:57:36.790+0300][84.828s][debug][gc] GC(1286) YG occupancy: 57250 K (78656 K)
[2020-01-29T21:57:36.801+0300][84.839s][info ][gc] GC(1286) Pause Remark 202M->202M(247M) 10.992ms
[2020-01-29T21:57:36.801+0300][84.839s][info ][gc] GC(1286) Concurrent Sweep
[2020-01-29T21:57:36.804+0300][84.842s][info ][gc] GC(1287) Pause Young (Allocation Failure) 201M->201M(247M) 0.042ms
[2020-01-29T21:57:36.870+0300][84.909s][debug][gc] GC(1286) Concurrent active time: 69.648ms
[2020-01-29T21:57:36.870+0300][84.909s][info ][gc] GC(1286) Concurrent Sweep 70.060ms
[2020-01-29T21:57:36.870+0300][84.909s][debug][gc] GC(1288) Concurrent mode failure
[2020-01-29T21:57:36.966+0300][85.004s][info ][gc] GC(1288) Pause Full (Allocation Failure) 201M->70M(247M) 162.049ms
[2020-01-29T21:57:37.052+0300][85.091s][info ][gc] GC(1289) Pause Young (Allocation Failure) 137M->155M(247M) 68.335ms
[2020-01-29T21:57:37.062+0300][85.101s][info ][gc] GC(1290) Pause Initial Mark 175M->175M(247M) 8.814ms
[2020-01-29T21:57:37.062+0300][85.101s][info ][gc] GC(1290) Concurrent Mark
[2020-01-29T21:57:37.065+0300][85.104s][debug][gc] GC(1290) Concurrent active time: 3.172ms
[2020-01-29T21:57:37.065+0300][85.104s][info ][gc] GC(1290) Concurrent Mark 3.236ms
[2020-01-29T21:57:37.065+0300][85.104s][info ][gc] GC(1290) Concurrent Preclean
[2020-01-29T21:57:37.065+0300][85.104s][debug][gc] GC(1290) Concurrent active time: 0.162ms
[2020-01-29T21:57:37.065+0300][85.104s][info ][gc] GC(1290) Concurrent Preclean 0.192ms
[2020-01-29T21:57:37.065+0300][85.104s][info ][gc] GC(1290) Concurrent Abortable Preclean
[2020-01-29T21:57:37.065+0300][85.104s][debug][gc] GC(1290) Concurrent active time: 0.004ms
[2020-01-29T21:57:37.065+0300][85.104s][info ][gc] GC(1290) Concurrent Abortable Preclean 0.037ms
[2020-01-29T21:57:37.065+0300][85.104s][debug][gc] GC(1290) YG occupancy: 57250 K (78656 K)
[2020-01-29T21:57:37.076+0300][85.115s][info ][gc] GC(1290) Pause Remark 202M->202M(247M) 11.033ms
[2020-01-29T21:57:37.077+0300][85.115s][info ][gc] GC(1290) Concurrent Sweep
[2020-01-29T21:57:37.079+0300][85.118s][info ][gc] GC(1291) Pause Young (Allocation Failure) 200M->200M(247M) 0.041ms
[2020-01-29T21:57:37.147+0300][85.186s][debug][gc] GC(1290) Concurrent active time: 70.028ms
[2020-01-29T21:57:37.147+0300][85.186s][info ][gc] GC(1290) Concurrent Sweep 70.282ms
[2020-01-29T21:57:37.147+0300][85.186s][debug][gc] GC(1292) Concurrent mode failure
[2020-01-29T21:57:37.243+0300][85.281s][info ][gc] GC(1292) Pause Full (Allocation Failure) 200M->70M(247M) 162.916ms
[2020-01-29T21:57:37.315+0300][85.353s][info ][gc] GC(1293) Pause Young (Allocation Failure) 137M->155M(247M) 52.832ms
[2020-01-29T21:57:37.324+0300][85.363s][info ][gc] GC(1294) Pause Initial Mark 174M->174M(247M) 8.866ms
[2020-01-29T21:57:37.324+0300][85.363s][info ][gc] GC(1294) Concurrent Mark
[2020-01-29T21:57:37.328+0300][85.366s][debug][gc] GC(1294) Concurrent active time: 3.055ms
[2020-01-29T21:57:37.328+0300][85.366s][info ][gc] GC(1294) Concurrent Mark 3.111ms
[2020-01-29T21:57:37.328+0300][85.366s][info ][gc] GC(1294) Concurrent Preclean
[2020-01-29T21:57:37.328+0300][85.366s][debug][gc] GC(1294) Concurrent active time: 0.158ms
[2020-01-29T21:57:37.328+0300][85.366s][info ][gc] GC(1294) Concurrent Preclean 0.190ms
[2020-01-29T21:57:37.328+0300][85.366s][info ][gc] GC(1294) Concurrent Abortable Preclean
[2020-01-29T21:57:37.328+0300][85.366s][debug][gc] GC(1294) Concurrent active time: 0.004ms
[2020-01-29T21:57:37.328+0300][85.366s][info ][gc] GC(1294) Concurrent Abortable Preclean 0.031ms
[2020-01-29T21:57:37.328+0300][85.366s][debug][gc] GC(1294) YG occupancy: 57251 K (78656 K)
[2020-01-29T21:57:37.339+0300][85.377s][info ][gc] GC(1294) Pause Remark 202M->202M(247M) 11.360ms
[2020-01-29T21:57:37.339+0300][85.377s][info ][gc] GC(1294) Concurrent Sweep
[2020-01-29T21:57:37.342+0300][85.380s][info ][gc] GC(1295) Pause Young (Allocation Failure) 200M->200M(247M) 0.041ms
[2020-01-29T21:57:37.410+0300][85.449s][debug][gc] GC(1294) Concurrent active time: 71.015ms
[2020-01-29T21:57:37.410+0300][85.449s][info ][gc] GC(1294) Concurrent Sweep 71.255ms
[2020-01-29T21:57:37.410+0300][85.449s][debug][gc] GC(1296) Concurrent mode failure
[2020-01-29T21:57:37.505+0300][85.543s][info ][gc] GC(1296) Pause Full (Allocation Failure) 200M->70M(247M) 163.344ms
[2020-01-29T21:57:37.580+0300][85.618s][info ][gc] GC(1297) Pause Young (Allocation Failure) 137M->155M(247M) 56.231ms
[2020-01-29T21:57:37.590+0300][85.628s][info ][gc] GC(1298) Pause Initial Mark 174M->174M(247M) 8.812ms
[2020-01-29T21:57:37.590+0300][85.628s][info ][gc] GC(1298) Concurrent Mark
[2020-01-29T21:57:37.593+0300][85.631s][debug][gc] GC(1298) Concurrent active time: 3.028ms
[2020-01-29T21:57:37.593+0300][85.631s][info ][gc] GC(1298) Concurrent Mark 3.086ms
[2020-01-29T21:57:37.593+0300][85.631s][info ][gc] GC(1298) Concurrent Preclean
[2020-01-29T21:57:37.593+0300][85.631s][debug][gc] GC(1298) Concurrent active time: 0.153ms
[2020-01-29T21:57:37.593+0300][85.631s][info ][gc] GC(1298) Concurrent Preclean 0.184ms
[2020-01-29T21:57:37.593+0300][85.631s][info ][gc] GC(1298) Concurrent Abortable Preclean
[2020-01-29T21:57:37.593+0300][85.631s][debug][gc] GC(1298) Concurrent active time: 0.003ms
[2020-01-29T21:57:37.593+0300][85.631s][info ][gc] GC(1298) Concurrent Abortable Preclean 0.030ms
[2020-01-29T21:57:37.593+0300][85.631s][debug][gc] GC(1298) YG occupancy: 57231 K (78656 K)
[2020-01-29T21:57:37.604+0300][85.643s][info ][gc] GC(1298) Pause Remark 202M->202M(247M) 11.102ms
[2020-01-29T21:57:37.604+0300][85.643s][info ][gc] GC(1298) Concurrent Sweep
[2020-01-29T21:57:37.607+0300][85.645s][info ][gc] GC(1299) Pause Young (Allocation Failure) 200M->200M(247M) 0.043ms
[2020-01-29T21:57:37.674+0300][85.712s][debug][gc] GC(1298) Concurrent active time: 69.144ms
[2020-01-29T21:57:37.674+0300][85.712s][info ][gc] GC(1298) Concurrent Sweep 69.407ms
[2020-01-29T21:57:37.674+0300][85.712s][debug][gc] GC(1300) Concurrent mode failure
[2020-01-29T21:57:37.768+0300][85.806s][info ][gc] GC(1300) Pause Full (Allocation Failure) 200M->70M(247M) 161.018ms
[2020-01-29T21:57:37.840+0300][85.878s][info ][gc] GC(1301) Pause Young (Allocation Failure) 137M->155M(247M) 53.539ms
[2020-01-29T21:57:37.849+0300][85.888s][info ][gc] GC(1302) Pause Initial Mark 174M->174M(247M) 8.827ms
[2020-01-29T21:57:37.849+0300][85.888s][info ][gc] GC(1302) Concurrent Mark
[2020-01-29T21:57:37.852+0300][85.891s][debug][gc] GC(1302) Concurrent active time: 3.016ms
[2020-01-29T21:57:37.852+0300][85.891s][info ][gc] GC(1302) Concurrent Mark 3.072ms
[2020-01-29T21:57:37.852+0300][85.891s][info ][gc] GC(1302) Concurrent Preclean
[2020-01-29T21:57:37.853+0300][85.891s][debug][gc] GC(1302) Concurrent active time: 0.159ms
[2020-01-29T21:57:37.853+0300][85.891s][info ][gc] GC(1302) Concurrent Preclean 0.191ms
[2020-01-29T21:57:37.853+0300][85.891s][info ][gc] GC(1302) Concurrent Abortable Preclean
[2020-01-29T21:57:37.853+0300][85.891s][debug][gc] GC(1302) Concurrent active time: 0.003ms
[2020-01-29T21:57:37.853+0300][85.891s][info ][gc] GC(1302) Concurrent Abortable Preclean 0.030ms
[2020-01-29T21:57:37.853+0300][85.891s][debug][gc] GC(1302) YG occupancy: 57242 K (78656 K)
[2020-01-29T21:57:37.864+0300][85.902s][info ][gc] GC(1302) Pause Remark 202M->202M(247M) 11.061ms
[2020-01-29T21:57:37.864+0300][85.902s][info ][gc] GC(1302) Concurrent Sweep
[2020-01-29T21:57:37.867+0300][85.905s][info ][gc] GC(1303) Pause Young (Allocation Failure) 200M->200M(247M) 0.043ms
[2020-01-29T21:57:37.935+0300][85.973s][debug][gc] GC(1302) Concurrent active time: 70.421ms
[2020-01-29T21:57:37.935+0300][85.973s][info ][gc] GC(1302) Concurrent Sweep 70.674ms
[2020-01-29T21:57:37.935+0300][85.973s][debug][gc] GC(1304) Concurrent mode failure
[2020-01-29T21:57:38.029+0300][86.068s][info ][gc] GC(1304) Pause Full (Allocation Failure) 200M->70M(247M) 162.929ms
[2020-01-29T21:57:38.102+0300][86.140s][info ][gc] GC(1305) Pause Young (Allocation Failure) 137M->155M(247M) 54.060ms
[2020-01-29T21:57:38.112+0300][86.150s][info ][gc] GC(1306) Pause Initial Mark 174M->174M(247M) 8.854ms
[2020-01-29T21:57:38.112+0300][86.150s][info ][gc] GC(1306) Concurrent Mark
[2020-01-29T21:57:38.115+0300][86.153s][debug][gc] GC(1306) Concurrent active time: 3.040ms
[2020-01-29T21:57:38.115+0300][86.154s][info ][gc] GC(1306) Concurrent Mark 3.093ms
[2020-01-29T21:57:38.115+0300][86.154s][info ][gc] GC(1306) Concurrent Preclean
[2020-01-29T21:57:38.115+0300][86.154s][debug][gc] GC(1306) Concurrent active time: 0.160ms
[2020-01-29T21:57:38.115+0300][86.154s][info ][gc] GC(1306) Concurrent Preclean 0.191ms
[2020-01-29T21:57:38.115+0300][86.154s][info ][gc] GC(1306) Concurrent Abortable Preclean
[2020-01-29T21:57:38.115+0300][86.154s][debug][gc] GC(1306) Concurrent active time: 0.004ms
[2020-01-29T21:57:38.115+0300][86.154s][info ][gc] GC(1306) Concurrent Abortable Preclean 0.031ms
[2020-01-29T21:57:38.115+0300][86.154s][debug][gc] GC(1306) YG occupancy: 57247 K (78656 K)
[2020-01-29T21:57:38.124+0300][86.165s][info ][gc] GC(1306) Pause Remark 202M->202M(247M) 11.032ms
[2020-01-29T21:57:38.124+0300][86.165s][info ][gc] GC(1306) Concurrent Sweep
[2020-01-29T21:57:38.129+0300][86.168s][info ][gc] GC(1307) Pause Young (Allocation Failure) 201M->201M(247M) 0.041ms
[2020-01-29T21:57:38.194+0300][86.234s][debug][gc] GC(1306) Concurrent active time: 68.666ms
[2020-01-29T21:57:38.194+0300][86.234s][info ][gc] GC(1306) Concurrent Sweep 68.904ms
[2020-01-29T21:57:38.194+0300][86.234s][debug][gc] GC(1308) Concurrent mode failure
[2020-01-29T21:57:38.289+0300][86.328s][info ][gc] GC(1308) Pause Full (Allocation Failure) 201M->70M(247M) 160.312ms
[2020-01-29T21:57:38.355+0300][86.397s][info ][gc] GC(1309) Pause Young (Allocation Failure) 137M->155M(247M) 54.175ms
[2020-01-29T21:57:38.369+0300][86.407s][info ][gc] GC(1310) Pause Initial Mark 174M->174M(247M) 8.859ms
[2020-01-29T21:57:38.369+0300][86.407s][info ][gc] GC(1310) Concurrent Mark
[2020-01-29T21:57:38.371+0300][86.410s][debug][gc] GC(1310) Concurrent active time: 3.054ms
[2020-01-29T21:57:38.371+0300][86.410s][info ][gc] GC(1310) Concurrent Mark 3.116ms
[2020-01-29T21:57:38.371+0300][86.410s][info ][gc] GC(1310) Concurrent Preclean
[2020-01-29T21:57:38.371+0300][86.411s][debug][gc] GC(1310) Concurrent active time: 0.158ms
[2020-01-29T21:57:38.371+0300][86.411s][info ][gc] GC(1310) Concurrent Preclean 0.191ms
[2020-01-29T21:57:38.371+0300][86.411s][info ][gc] GC(1310) Concurrent Abortable Preclean
[2020-01-29T21:57:38.371+0300][86.411s][debug][gc] GC(1310) Concurrent active time: 0.004ms
[2020-01-29T21:57:38.371+0300][86.411s][info ][gc] GC(1310) Concurrent Abortable Preclean 0.031ms
[2020-01-29T21:57:38.371+0300][86.411s][debug][gc] GC(1310) YG occupancy: 57249 K (78656 K)
[2020-01-29T21:57:38.379+0300][86.422s][info ][gc] GC(1310) Pause Remark 202M->202M(247M) 10.987ms
[2020-01-29T21:57:38.379+0300][86.422s][info ][gc] GC(1310) Concurrent Sweep
[2020-01-29T21:57:38.384+0300][86.424s][info ][gc] GC(1311) Pause Young (Allocation Failure) 200M->200M(247M) 0.042ms
[2020-01-29T21:57:38.455+0300][86.493s][debug][gc] GC(1310) Concurrent active time: 70.704ms
[2020-01-29T21:57:38.455+0300][86.493s][info ][gc] GC(1310) Concurrent Sweep 71.020ms
[2020-01-29T21:57:38.455+0300][86.493s][debug][gc] GC(1312) Concurrent mode failure
[2020-01-29T21:57:38.544+0300][86.587s][info ][gc] GC(1312) Pause Full (Allocation Failure) 200M->70M(247M) 162.770ms
[2020-01-29T21:57:38.614+0300][86.657s][info ][gc] GC(1313) Pause Young (Allocation Failure) 137M->155M(247M) 54.359ms
[2020-01-29T21:57:38.630+0300][86.671s][info ][gc] GC(1314) Pause Initial Mark 174M->174M(247M) 8.844ms
[2020-01-29T21:57:38.630+0300][86.671s][info ][gc] GC(1314) Concurrent Mark
[2020-01-29T21:57:38.635+0300][86.675s][debug][gc] GC(1314) Concurrent active time: 3.042ms
[2020-01-29T21:57:38.635+0300][86.675s][info ][gc] GC(1314) Concurrent Mark 3.102ms
[2020-01-29T21:57:38.635+0300][86.675s][info ][gc] GC(1314) Concurrent Preclean
[2020-01-29T21:57:38.635+0300][86.675s][debug][gc] GC(1314) Concurrent active time: 0.160ms
[2020-01-29T21:57:38.635+0300][86.675s][info ][gc] GC(1314) Concurrent Preclean 0.192ms
[2020-01-29T21:57:38.635+0300][86.675s][info ][gc] GC(1314) Concurrent Abortable Preclean
[2020-01-29T21:57:38.635+0300][86.675s][debug][gc] GC(1314) Concurrent active time: 0.005ms
[2020-01-29T21:57:38.635+0300][86.675s][info ][gc] GC(1314) Concurrent Abortable Preclean 0.032ms
[2020-01-29T21:57:38.635+0300][86.675s][debug][gc] GC(1314) YG occupancy: 57227 K (78656 K)
[2020-01-29T21:57:38.645+0300][86.686s][info ][gc] GC(1314) Pause Remark 202M->202M(247M) 11.004ms
[2020-01-29T21:57:38.645+0300][86.686s][info ][gc] GC(1314) Concurrent Sweep
[2020-01-29T21:57:38.650+0300][86.689s][info ][gc] GC(1315) Pause Young (Allocation Failure) 200M->200M(247M) 0.041ms
[2020-01-29T21:57:38.714+0300][86.756s][debug][gc] GC(1314) Concurrent active time: 69.567ms
[2020-01-29T21:57:38.714+0300][86.756s][info ][gc] GC(1314) Concurrent Sweep 69.800ms
[2020-01-29T21:57:38.714+0300][86.756s][debug][gc] GC(1316) Concurrent mode failure
[2020-01-29T21:57:38.806+0300][86.850s][info ][gc] GC(1316) Pause Full (Allocation Failure) 200M->70M(247M) 161.488ms
[2020-01-29T21:57:38.894+0300][86.936s][info ][gc] GC(1317) Pause Young (Allocation Failure) 137M->155M(247M) 53.026ms
[2020-01-29T21:57:38.906+0300][86.945s][info ][gc] GC(1318) Pause Initial Mark 174M->174M(247M) 8.830ms
[2020-01-29T21:57:38.907+0300][86.945s][info ][gc] GC(1318) Concurrent Mark
[2020-01-29T21:57:38.910+0300][86.948s][debug][gc] GC(1318) Concurrent active time: 3.021ms
[2020-01-29T21:57:38.910+0300][86.948s][info ][gc] GC(1318) Concurrent Mark 3.076ms
[2020-01-29T21:57:38.910+0300][86.948s][info ][gc] GC(1318) Concurrent Preclean
[2020-01-29T21:57:38.910+0300][86.949s][debug][gc] GC(1318) Concurrent active time: 0.155ms
[2020-01-29T21:57:38.910+0300][86.949s][info ][gc] GC(1318) Concurrent Preclean 0.187ms
[2020-01-29T21:57:38.910+0300][86.949s][info ][gc] GC(1318) Concurrent Abortable Preclean
[2020-01-29T21:57:38.910+0300][86.949s][debug][gc] GC(1318) Concurrent active time: 0.003ms
[2020-01-29T21:57:38.910+0300][86.949s][info ][gc] GC(1318) Concurrent Abortable Preclean 0.030ms
[2020-01-29T21:57:38.910+0300][86.949s][debug][gc] GC(1318) YG occupancy: 57241 K (78656 K)
[2020-01-29T21:57:38.922+0300][86.960s][info ][gc] GC(1318) Pause Remark 202M->202M(247M) 11.013ms
[2020-01-29T21:57:38.922+0300][86.960s][info ][gc] GC(1318) Concurrent Sweep
[2020-01-29T21:57:38.922+0300][86.962s][info ][gc] GC(1319) Pause Young (Allocation Failure) 200M->200M(247M) 0.040ms
[2020-01-29T21:57:38.990+0300][87.030s][debug][gc] GC(1318) Concurrent active time: 69.735ms
[2020-01-29T21:57:38.990+0300][87.030s][info ][gc] GC(1318) Concurrent Sweep 69.984ms
[2020-01-29T21:57:38.990+0300][87.030s][debug][gc] GC(1320) Concurrent mode failure
[2020-01-29T21:57:39.085+0300][87.125s][info ][gc] GC(1320) Pause Full (Allocation Failure) 200M->70M(247M) 162.233ms
[2020-01-29T21:57:39.158+0300][87.196s][info ][gc] GC(1321) Pause Young (Allocation Failure) 137M->155M(247M) 53.459ms
[2020-01-29T21:57:39.168+0300][87.206s][info ][gc] GC(1322) Pause Initial Mark 174M->174M(247M) 8.833ms
[2020-01-29T21:57:39.168+0300][87.206s][info ][gc] GC(1322) Concurrent Mark
[2020-01-29T21:57:39.171+0300][87.209s][debug][gc] GC(1322) Concurrent active time: 3.015ms
[2020-01-29T21:57:39.171+0300][87.209s][info ][gc] GC(1322) Concurrent Mark 3.075ms
[2020-01-29T21:57:39.171+0300][87.209s][info ][gc] GC(1322) Concurrent Preclean
[2020-01-29T21:57:39.171+0300][87.209s][debug][gc] GC(1322) Concurrent active time: 0.156ms
[2020-01-29T21:57:39.171+0300][87.209s][info ][gc] GC(1322) Concurrent Preclean 0.188ms
[2020-01-29T21:57:39.171+0300][87.209s][info ][gc] GC(1322) Concurrent Abortable Preclean
[2020-01-29T21:57:39.171+0300][87.209s][debug][gc] GC(1322) Concurrent active time: 0.004ms
[2020-01-29T21:57:39.171+0300][87.209s][info ][gc] GC(1322) Concurrent Abortable Preclean 0.031ms
[2020-01-29T21:57:39.171+0300][87.209s][debug][gc] GC(1322) YG occupancy: 57246 K (78656 K)
[2020-01-29T21:57:39.183+0300][87.221s][info ][gc] GC(1322) Pause Remark 202M->202M(247M) 11.233ms
[2020-01-29T21:57:39.183+0300][87.221s][info ][gc] GC(1322) Concurrent Sweep
[2020-01-29T21:57:39.185+0300][87.223s][info ][gc] GC(1323) Pause Young (Allocation Failure) 200M->200M(247M) 0.040ms
[2020-01-29T21:57:39.251+0300][87.290s][debug][gc] GC(1322) Concurrent active time: 69.367ms
[2020-01-29T21:57:39.251+0300][87.290s][info ][gc] GC(1322) Concurrent Sweep 69.606ms
[2020-01-29T21:57:39.251+0300][87.290s][debug][gc] GC(1324) Concurrent mode failure
[2020-01-29T21:57:39.347+0300][87.386s][info ][gc] GC(1324) Pause Full (Allocation Failure) 200M->70M(247M) 162.393ms
[2020-01-29T21:57:39.418+0300][87.457s][info ][gc] GC(1325) Pause Young (Allocation Failure) 137M->155M(247M) 52.486ms
[2020-01-29T21:57:39.428+0300][87.466s][info ][gc] GC(1326) Pause Initial Mark 174M->174M(247M) 8.846ms
[2020-01-29T21:57:39.428+0300][87.466s][info ][gc] GC(1326) Concurrent Mark
[2020-01-29T21:57:39.431+0300][87.469s][debug][gc] GC(1326) Concurrent active time: 3.017ms
[2020-01-29T21:57:39.431+0300][87.469s][info ][gc] GC(1326) Concurrent Mark 3.071ms
[2020-01-29T21:57:39.431+0300][87.469s][info ][gc] GC(1326) Concurrent Preclean
[2020-01-29T21:57:39.431+0300][87.470s][debug][gc] GC(1326) Concurrent active time: 0.158ms
[2020-01-29T21:57:39.431+0300][87.470s][info ][gc] GC(1326) Concurrent Preclean 0.189ms
[2020-01-29T21:57:39.431+0300][87.470s][info ][gc] GC(1326) Concurrent Abortable Preclean
[2020-01-29T21:57:39.431+0300][87.470s][debug][gc] GC(1326) Concurrent active time: 0.004ms
[2020-01-29T21:57:39.431+0300][87.470s][info ][gc] GC(1326) Concurrent Abortable Preclean 0.030ms
[2020-01-29T21:57:39.431+0300][87.470s][debug][gc] GC(1326) YG occupancy: 57248 K (78656 K)
[2020-01-29T21:57:39.442+0300][87.481s][info ][gc] GC(1326) Pause Remark 202M->202M(247M) 11.035ms
[2020-01-29T21:57:39.442+0300][87.481s][info ][gc] GC(1326) Concurrent Sweep
[2020-01-29T21:57:39.445+0300][87.483s][info ][gc] GC(1327) Pause Young (Allocation Failure) 200M->200M(247M) 0.039ms
[2020-01-29T21:57:39.512+0300][87.551s][debug][gc] GC(1326) Concurrent active time: 69.604ms
[2020-01-29T21:57:39.513+0300][87.551s][info ][gc] GC(1326) Concurrent Sweep 69.843ms
[2020-01-29T21:57:39.513+0300][87.551s][debug][gc] GC(1328) Concurrent mode failure
[2020-01-29T21:57:39.607+0300][87.646s][info ][gc] GC(1328) Pause Full (Allocation Failure) 200M->70M(247M) 162.119ms
[2020-01-29T21:57:39.681+0300][87.719s][info ][gc] GC(1329) Pause Young (Allocation Failure) 137M->155M(247M) 54.882ms
[2020-01-29T21:57:39.690+0300][87.729s][info ][gc] GC(1330) Pause Initial Mark 174M->174M(247M) 8.839ms
[2020-01-29T21:57:39.690+0300][87.729s][info ][gc] GC(1330) Concurrent Mark
[2020-01-29T21:57:39.693+0300][87.732s][debug][gc] GC(1330) Concurrent active time: 3.026ms
[2020-01-29T21:57:39.693+0300][87.732s][info ][gc] GC(1330) Concurrent Mark 3.082ms
[2020-01-29T21:57:39.693+0300][87.732s][info ][gc] GC(1330) Concurrent Preclean
[2020-01-29T21:57:39.694+0300][87.732s][debug][gc] GC(1330) Concurrent active time: 0.159ms
[2020-01-29T21:57:39.694+0300][87.732s][info ][gc] GC(1330) Concurrent Preclean 0.188ms
[2020-01-29T21:57:39.694+0300][87.732s][info ][gc] GC(1330) Concurrent Abortable Preclean
[2020-01-29T21:57:39.694+0300][87.732s][debug][gc] GC(1330) Concurrent active time: 0.004ms
[2020-01-29T21:57:39.694+0300][87.732s][info ][gc] GC(1330) Concurrent Abortable Preclean 0.030ms
[2020-01-29T21:57:39.694+0300][87.732s][debug][gc] GC(1330) YG occupancy: 57229 K (78656 K)
[2020-01-29T21:57:39.705+0300][87.743s][info ][gc] GC(1330) Pause Remark 202M->202M(247M) 11.023ms
[2020-01-29T21:57:39.705+0300][87.743s][info ][gc] GC(1330) Concurrent Sweep
[2020-01-29T21:57:39.707+0300][87.746s][info ][gc] GC(1331) Pause Young (Allocation Failure) 200M->200M(247M) 0.041ms
[2020-01-29T21:57:39.774+0300][87.812s][debug][gc] GC(1330) Concurrent active time: 68.648ms
[2020-01-29T21:57:39.774+0300][87.812s][info ][gc] GC(1330) Concurrent Sweep 68.898ms
[2020-01-29T21:57:39.774+0300][87.812s][debug][gc] GC(1332) Concurrent mode failure
[2020-01-29T21:57:39.869+0300][87.908s][info ][gc] GC(1332) Pause Full (Allocation Failure) 200M->70M(247M) 161.524ms
[2020-01-29T21:57:39.940+0300][87.979s][info ][gc] GC(1333) Pause Young (Allocation Failure) 137M->155M(247M) 53.390ms
[2020-01-29T21:57:39.950+0300][87.989s][info ][gc] GC(1334) Pause Initial Mark 174M->174M(247M) 8.823ms
[2020-01-29T21:57:39.950+0300][87.989s][info ][gc] GC(1334) Concurrent Mark
[2020-01-29T21:57:39.953+0300][87.992s][debug][gc] GC(1334) Concurrent active time: 3.071ms
[2020-01-29T21:57:39.953+0300][87.992s][info ][gc] GC(1334) Concurrent Mark 3.132ms
[2020-01-29T21:57:39.953+0300][87.992s][info ][gc] GC(1334) Concurrent Preclean
[2020-01-29T21:57:39.953+0300][87.992s][debug][gc] GC(1334) Concurrent active time: 0.158ms
[2020-01-29T21:57:39.953+0300][87.992s][info ][gc] GC(1334) Concurrent Preclean 0.190ms
[2020-01-29T21:57:39.953+0300][87.992s][info ][gc] GC(1334) Concurrent Abortable Preclean
[2020-01-29T21:57:39.953+0300][87.992s][debug][gc] GC(1334) Concurrent active time: 0.004ms
[2020-01-29T21:57:39.953+0300][87.992s][info ][gc] GC(1334) Concurrent Abortable Preclean 0.030ms
[2020-01-29T21:57:39.953+0300][87.992s][debug][gc] GC(1334) YG occupancy: 57241 K (78656 K)
[2020-01-29T21:57:39.964+0300][88.003s][info ][gc] GC(1334) Pause Remark 202M->202M(247M) 10.962ms
[2020-01-29T21:57:39.964+0300][88.003s][info ][gc] GC(1334) Concurrent Sweep
[2020-01-29T21:57:39.967+0300][88.006s][info ][gc] GC(1335) Pause Young (Allocation Failure) 200M->200M(247M) 0.041ms
[2020-01-29T21:57:40.033+0300][88.072s][debug][gc] GC(1334) Concurrent active time: 68.798ms
[2020-01-29T21:57:40.033+0300][88.072s][info ][gc] GC(1334) Concurrent Sweep 69.041ms
[2020-01-29T21:57:40.033+0300][88.072s][debug][gc] GC(1336) Concurrent mode failure
[2020-01-29T21:57:40.129+0300][88.167s][info ][gc] GC(1336) Pause Full (Allocation Failure) 200M->70M(247M) 161.224ms
[2020-01-29T21:57:40.200+0300][88.238s][info ][gc] GC(1337) Pause Young (Allocation Failure) 137M->155M(247M) 52.863ms
[2020-01-29T21:57:40.209+0300][88.247s][info ][gc] GC(1338) Pause Initial Mark 174M->174M(247M) 8.825ms
[2020-01-29T21:57:40.209+0300][88.247s][info ][gc] GC(1338) Concurrent Mark
[2020-01-29T21:57:40.212+0300][88.251s][debug][gc] GC(1338) Concurrent active time: 3.023ms
[2020-01-29T21:57:40.212+0300][88.251s][info ][gc] GC(1338) Concurrent Mark 3.076ms
[2020-01-29T21:57:40.212+0300][88.251s][info ][gc] GC(1338) Concurrent Preclean
[2020-01-29T21:57:40.212+0300][88.251s][debug][gc] GC(1338) Concurrent active time: 0.157ms
[2020-01-29T21:57:40.213+0300][88.251s][info ][gc] GC(1338) Concurrent Preclean 0.189ms
[2020-01-29T21:57:40.213+0300][88.251s][info ][gc] GC(1338) Concurrent Abortable Preclean
[2020-01-29T21:57:40.213+0300][88.251s][debug][gc] GC(1338) Concurrent active time: 0.003ms
[2020-01-29T21:57:40.213+0300][88.251s][info ][gc] GC(1338) Concurrent Abortable Preclean 0.030ms
[2020-01-29T21:57:40.213+0300][88.251s][debug][gc] GC(1338) YG occupancy: 57246 K (78656 K)
[2020-01-29T21:57:40.224+0300][88.262s][info ][gc] GC(1338) Pause Remark 202M->202M(247M) 11.008ms
[2020-01-29T21:57:40.224+0300][88.262s][info ][gc] GC(1338) Concurrent Sweep
[2020-01-29T21:57:40.226+0300][88.265s][info ][gc] GC(1339) Pause Young (Allocation Failure) 200M->200M(247M) 0.041ms
[2020-01-29T21:57:40.293+0300][88.331s][debug][gc] GC(1338) Concurrent active time: 68.532ms
[2020-01-29T21:57:40.293+0300][88.331s][info ][gc] GC(1338) Concurrent Sweep 68.770ms
[2020-01-29T21:57:40.293+0300][88.331s][debug][gc] GC(1340) Concurrent mode failure
[2020-01-29T21:57:40.386+0300][88.425s][info ][gc] GC(1340) Pause Full (Allocation Failure) 200M->70M(247M) 160.672ms
[2020-01-29T21:57:40.458+0300][88.496s][info ][gc] GC(1341) Pause Young (Allocation Failure) 137M->155M(247M) 53.139ms
[2020-01-29T21:57:40.468+0300][88.506s][info ][gc] GC(1342) Pause Initial Mark 174M->174M(247M) 8.810ms
[2020-01-29T21:57:40.468+0300][88.506s][info ][gc] GC(1342) Concurrent Mark
[2020-01-29T21:57:40.471+0300][88.509s][debug][gc] GC(1342) Concurrent active time: 3.024ms
[2020-01-29T21:57:40.471+0300][88.509s][info ][gc] GC(1342) Concurrent Mark 3.080ms
[2020-01-29T21:57:40.471+0300][88.509s][info ][gc] GC(1342) Concurrent Preclean
[2020-01-29T21:57:40.471+0300][88.509s][debug][gc] GC(1342) Concurrent active time: 0.155ms
[2020-01-29T21:57:40.471+0300][88.509s][info ][gc] GC(1342) Concurrent Preclean 0.186ms
[2020-01-29T21:57:40.471+0300][88.509s][info ][gc] GC(1342) Concurrent Abortable Preclean
[2020-01-29T21:57:40.471+0300][88.509s][debug][gc] GC(1342) Concurrent active time: 0.003ms
[2020-01-29T21:57:40.471+0300][88.509s][info ][gc] GC(1342) Concurrent Abortable Preclean 0.030ms
[2020-01-29T21:57:40.471+0300][88.510s][debug][gc] GC(1342) YG occupancy: 57248 K (78656 K)
[2020-01-29T21:57:40.483+0300][88.521s][info ][gc] GC(1342) Pause Remark 202M->202M(247M) 11.030ms
[2020-01-29T21:57:40.483+0300][88.521s][info ][gc] GC(1342) Concurrent Sweep
[2020-01-29T21:57:40.485+0300][88.523s][info ][gc] GC(1343) Pause Young (Allocation Failure) 200M->200M(247M) 0.050ms
[2020-01-29T21:57:40.552+0300][88.590s][debug][gc] GC(1342) Concurrent active time: 69.260ms
[2020-01-29T21:57:40.552+0300][88.590s][info ][gc] GC(1342) Concurrent Sweep 69.508ms
[2020-01-29T21:57:40.552+0300][88.590s][debug][gc] GC(1344) Concurrent mode failure
[2020-01-29T21:57:40.646+0300][88.684s][info ][gc] GC(1344) Pause Full (Allocation Failure) 200M->70M(247M) 161.115ms
[2020-01-29T21:57:40.718+0300][88.757s][info ][gc] GC(1345) Pause Young (Allocation Failure) 137M->155M(247M) 54.036ms
[2020-01-29T21:57:40.728+0300][88.767s][info ][gc] GC(1346) Pause Initial Mark 174M->174M(247M) 8.856ms
[2020-01-29T21:57:40.728+0300][88.767s][info ][gc] GC(1346) Concurrent Mark
[2020-01-29T21:57:40.731+0300][88.770s][debug][gc] GC(1346) Concurrent active time: 3.018ms
[2020-01-29T21:57:40.731+0300][88.770s][info ][gc] GC(1346) Concurrent Mark 3.073ms
[2020-01-29T21:57:40.731+0300][88.770s][info ][gc] GC(1346) Concurrent Preclean
[2020-01-29T21:57:40.731+0300][88.770s][debug][gc] GC(1346) Concurrent active time: 0.156ms
[2020-01-29T21:57:40.731+0300][88.770s][info ][gc] GC(1346) Concurrent Preclean 0.186ms
[2020-01-29T21:57:40.731+0300][88.770s][info ][gc] GC(1346) Concurrent Abortable Preclean
[2020-01-29T21:57:40.731+0300][88.770s][debug][gc] GC(1346) Concurrent active time: 0.004ms
[2020-01-29T21:57:40.731+0300][88.770s][info ][gc] GC(1346) Concurrent Abortable Preclean 0.030ms
[2020-01-29T21:57:40.731+0300][88.770s][debug][gc] GC(1346) YG occupancy: 57229 K (78656 K)
[2020-01-29T21:57:40.743+0300][88.781s][info ][gc] GC(1346) Pause Remark 202M->202M(247M) 11.135ms
[2020-01-29T21:57:40.743+0300][88.781s][info ][gc] GC(1346) Concurrent Sweep
[2020-01-29T21:57:40.745+0300][88.784s][info ][gc] GC(1347) Pause Young (Allocation Failure) 200M->200M(247M) 0.041ms
[2020-01-29T21:57:40.812+0300][88.851s][debug][gc] GC(1346) Concurrent active time: 68.984ms
[2020-01-29T21:57:40.812+0300][88.851s][info ][gc] GC(1346) Concurrent Sweep 69.222ms
[2020-01-29T21:57:40.812+0300][88.851s][debug][gc] GC(1348) Concurrent mode failure
[2020-01-29T21:57:40.908+0300][88.946s][info ][gc] GC(1348) Pause Full (Allocation Failure) 200M->70M(247M) 161.804ms
[2020-01-29T21:57:40.978+0300][89.017s][info ][gc] GC(1349) Pause Young (Allocation Failure) 137M->155M(247M) 52.710ms
[2020-01-29T21:57:40.988+0300][89.026s][info ][gc] GC(1350) Pause Initial Mark 174M->174M(247M) 8.822ms
[2020-01-29T21:57:40.988+0300][89.026s][info ][gc] GC(1350) Concurrent Mark
[2020-01-29T21:57:40.991+0300][89.029s][debug][gc] GC(1350) Concurrent active time: 3.021ms
[2020-01-29T21:57:40.991+0300][89.029s][info ][gc] GC(1350) Concurrent Mark 3.073ms
[2020-01-29T21:57:40.991+0300][89.029s][info ][gc] GC(1350) Concurrent Preclean
[2020-01-29T21:57:40.991+0300][89.030s][debug][gc] GC(1350) Concurrent active time: 0.154ms
[2020-01-29T21:57:40.991+0300][89.030s][info ][gc] GC(1350) Concurrent Preclean 0.185ms
[2020-01-29T21:57:40.991+0300][89.030s][info ][gc] GC(1350) Concurrent Abortable Preclean
[2020-01-29T21:57:40.991+0300][89.030s][debug][gc] GC(1350) Concurrent active time: 0.003ms
[2020-01-29T21:57:40.991+0300][89.030s][info ][gc] GC(1350) Concurrent Abortable Preclean 0.030ms
[2020-01-29T21:57:40.991+0300][89.030s][debug][gc] GC(1350) YG occupancy: 57241 K (78656 K)
[2020-01-29T21:57:41.002+0300][89.041s][info ][gc] GC(1350) Pause Remark 202M->202M(247M) 10.997ms
[2020-01-29T21:57:41.003+0300][89.041s][info ][gc] GC(1350) Concurrent Sweep
[2020-01-29T21:57:41.006+0300][89.044s][info ][gc] GC(1351) Pause Young (Allocation Failure) 199M->199M(247M) 0.056ms
[2020-01-29T21:57:41.070+0300][89.109s][debug][gc] GC(1350) Concurrent active time: 67.854ms
[2020-01-29T21:57:41.070+0300][89.109s][info ][gc] GC(1350) Concurrent Sweep 68.162ms
[2020-01-29T21:57:41.070+0300][89.109s][debug][gc] GC(1352) Concurrent mode failure
[2020-01-29T21:57:41.165+0300][89.204s][info ][gc] GC(1352) Pause Full (Allocation Failure) 199M->70M(247M) 160.042ms
[2020-01-29T21:57:41.236+0300][89.275s][info ][gc] GC(1353) Pause Young (Allocation Failure) 137M->155M(247M) 52.799ms
[2020-01-29T21:57:41.246+0300][89.285s][info ][gc] GC(1354) Pause Initial Mark 174M->174M(247M) 8.816ms
[2020-01-29T21:57:41.246+0300][89.285s][info ][gc] GC(1354) Concurrent Mark
[2020-01-29T21:57:41.249+0300][89.288s][debug][gc] GC(1354) Concurrent active time: 3.016ms
[2020-01-29T21:57:41.249+0300][89.288s][info ][gc] GC(1354) Concurrent Mark 3.071ms
[2020-01-29T21:57:41.249+0300][89.288s][info ][gc] GC(1354) Concurrent Preclean
[2020-01-29T21:57:41.249+0300][89.288s][debug][gc] GC(1354) Concurrent active time: 0.152ms
[2020-01-29T21:57:41.249+0300][89.288s][info ][gc] GC(1354) Concurrent Preclean 0.188ms
[2020-01-29T21:57:41.249+0300][89.288s][info ][gc] GC(1354) Concurrent Abortable Preclean
[2020-01-29T21:57:41.249+0300][89.288s][debug][gc] GC(1354) Concurrent active time: 0.003ms
[2020-01-29T21:57:41.250+0300][89.288s][info ][gc] GC(1354) Concurrent Abortable Preclean 0.031ms
[2020-01-29T21:57:41.250+0300][89.288s][debug][gc] GC(1354) YG occupancy: 57248 K (78656 K)
[2020-01-29T21:57:41.261+0300][89.299s][info ][gc] GC(1354) Pause Remark 202M->202M(247M) 11.013ms
[2020-01-29T21:57:41.261+0300][89.299s][info ][gc] GC(1354) Concurrent Sweep
[2020-01-29T21:57:41.263+0300][89.302s][info ][gc] GC(1355) Pause Young (Allocation Failure) 200M->200M(247M) 0.040ms
[2020-01-29T21:57:41.332+0300][89.370s][debug][gc] GC(1354) Concurrent active time: 70.535ms
[2020-01-29T21:57:41.332+0300][89.370s][info ][gc] GC(1354) Concurrent Sweep 70.767ms
[2020-01-29T21:57:41.332+0300][89.370s][debug][gc] GC(1356) Concurrent mode failure
[2020-01-29T21:57:41.426+0300][89.464s][info ][gc] GC(1356) Pause Full (Allocation Failure) 200M->70M(247M) 162.334ms
[2020-01-29T21:57:41.499+0300][89.537s][info ][gc] GC(1357) Pause Young (Allocation Failure) 137M->155M(247M) 54.973ms
[2020-01-29T21:57:41.508+0300][89.547s][info ][gc] GC(1358) Pause Initial Mark 174M->174M(247M) 8.823ms
[2020-01-29T21:57:41.508+0300][89.547s][info ][gc] GC(1358) Concurrent Mark
[2020-01-29T21:57:41.511+0300][89.550s][debug][gc] GC(1358) Concurrent active time: 3.014ms
[2020-01-29T21:57:41.511+0300][89.550s][info ][gc] GC(1358) Concurrent Mark 3.067ms
[2020-01-29T21:57:41.511+0300][89.550s][info ][gc] GC(1358) Concurrent Preclean
[2020-01-29T21:57:41.512+0300][89.550s][debug][gc] GC(1358) Concurrent active time: 0.156ms
[2020-01-29T21:57:41.512+0300][89.550s][info ][gc] GC(1358) Concurrent Preclean 0.187ms
[2020-01-29T21:57:41.512+0300][89.550s][info ][gc] GC(1358) Concurrent Abortable Preclean
[2020-01-29T21:57:41.512+0300][89.550s][debug][gc] GC(1358) Concurrent active time: 0.003ms
[2020-01-29T21:57:41.512+0300][89.550s][info ][gc] GC(1358) Concurrent Abortable Preclean 0.030ms
[2020-01-29T21:57:41.512+0300][89.550s][debug][gc] GC(1358) YG occupancy: 57249 K (78656 K)
[2020-01-29T21:57:41.523+0300][89.562s][info ][gc] GC(1358) Pause Remark 202M->202M(247M) 11.132ms
[2020-01-29T21:57:41.523+0300][89.562s][info ][gc] GC(1358) Concurrent Sweep
[2020-01-29T21:57:41.527+0300][89.566s][info ][gc] GC(1359) Pause Young (Allocation Failure) 199M->199M(247M) 0.041ms
[2020-01-29T21:57:41.594+0300][89.633s][debug][gc] GC(1358) Concurrent active time: 70.655ms
[2020-01-29T21:57:41.594+0300][89.633s][info ][gc] GC(1358) Concurrent Sweep 71.001ms
[2020-01-29T21:57:41.594+0300][89.633s][debug][gc] GC(1360) Concurrent mode failure
[2020-01-29T21:57:41.690+0300][89.729s][info ][gc] GC(1360) Pause Full (Allocation Failure) 199M->70M(247M) 163.192ms
[2020-01-29T21:57:41.764+0300][89.803s][info ][gc] GC(1361) Pause Young (Allocation Failure) 137M->155M(247M) 54.306ms
[2020-01-29T21:57:41.774+0300][89.813s][info ][gc] GC(1362) Pause Initial Mark 174M->174M(247M) 8.884ms
[2020-01-29T21:57:41.774+0300][89.813s][info ][gc] GC(1362) Concurrent Mark
[2020-01-29T21:57:41.777+0300][89.816s][debug][gc] GC(1362) Concurrent active time: 3.031ms
[2020-01-29T21:57:41.777+0300][89.816s][info ][gc] GC(1362) Concurrent Mark 3.087ms
[2020-01-29T21:57:41.777+0300][89.816s][info ][gc] GC(1362) Concurrent Preclean
[2020-01-29T21:57:41.777+0300][89.816s][debug][gc] GC(1362) Concurrent active time: 0.155ms
[2020-01-29T21:57:41.777+0300][89.816s][info ][gc] GC(1362) Concurrent Preclean 0.186ms
[2020-01-29T21:57:41.777+0300][89.816s][info ][gc] GC(1362) Concurrent Abortable Preclean
[2020-01-29T21:57:41.777+0300][89.816s][debug][gc] GC(1362) Concurrent active time: 0.004ms
[2020-01-29T21:57:41.777+0300][89.816s][info ][gc] GC(1362) Concurrent Abortable Preclean 0.030ms
[2020-01-29T21:57:41.777+0300][89.816s][debug][gc] GC(1362) YG occupancy: 57245 K (78656 K)
[2020-01-29T21:57:41.789+0300][89.827s][info ][gc] GC(1362) Pause Remark 202M->202M(247M) 11.068ms
[2020-01-29T21:57:41.789+0300][89.827s][info ][gc] GC(1362) Concurrent Sweep
[2020-01-29T21:57:41.791+0300][89.830s][info ][gc] GC(1363) Pause Young (Allocation Failure) 200M->200M(247M) 0.040ms
[2020-01-29T21:57:41.857+0300][89.896s][debug][gc] GC(1362) Concurrent active time: 68.473ms
[2020-01-29T21:57:41.857+0300][89.896s][info ][gc] GC(1362) Concurrent Sweep 68.710ms
[2020-01-29T21:57:41.857+0300][89.896s][debug][gc] GC(1364) Concurrent mode failure
[2020-01-29T21:57:41.953+0300][89.991s][info ][gc] GC(1364) Pause Full (Allocation Failure) 200M->70M(247M) 161.239ms
[2020-01-29T21:57:42.025+0300][90.064s][info ][gc] GC(1365) Pause Young (Allocation Failure) 137M->155M(247M) 53.903ms
[2020-01-29T21:57:42.034+0300][90.073s][info ][gc] GC(1366) Pause Initial Mark 174M->174M(247M) 8.861ms
[2020-01-29T21:57:42.035+0300][90.073s][info ][gc] GC(1366) Concurrent Mark
[2020-01-29T21:57:42.038+0300][90.076s][debug][gc] GC(1366) Concurrent active time: 3.028ms
[2020-01-29T21:57:42.038+0300][90.077s][info ][gc] GC(1366) Concurrent Mark 3.083ms
[2020-01-29T21:57:42.038+0300][90.077s][info ][gc] GC(1366) Concurrent Preclean
[2020-01-29T21:57:42.038+0300][90.077s][debug][gc] GC(1366) Concurrent active time: 0.156ms
[2020-01-29T21:57:42.038+0300][90.077s][info ][gc] GC(1366) Concurrent Preclean 0.187ms
[2020-01-29T21:57:42.038+0300][90.077s][info ][gc] GC(1366) Concurrent Abortable Preclean
[2020-01-29T21:57:42.038+0300][90.077s][debug][gc] GC(1366) Concurrent active time: 0.004ms
[2020-01-29T21:57:42.038+0300][90.077s][info ][gc] GC(1366) Concurrent Abortable Preclean 0.030ms
[2020-01-29T21:57:42.038+0300][90.077s][debug][gc] GC(1366) YG occupancy: 57248 K (78656 K)
[2020-01-29T21:57:42.049+0300][90.088s][info ][gc] GC(1366) Pause Remark 202M->202M(247M) 11.011ms
[2020-01-29T21:57:42.049+0300][90.088s][info ][gc] GC(1366) Concurrent Sweep
[2020-01-29T21:57:42.052+0300][90.091s][info ][gc] GC(1367) Pause Young (Allocation Failure) 200M->200M(247M) 0.040ms
[2020-01-29T21:57:42.119+0300][90.157s][debug][gc] GC(1366) Concurrent active time: 69.156ms
[2020-01-29T21:57:42.119+0300][90.157s][info ][gc] GC(1366) Concurrent Sweep 69.398ms
[2020-01-29T21:57:42.119+0300][90.157s][debug][gc] GC(1368) Concurrent mode failure
[2020-01-29T21:57:42.214+0300][90.253s][info ][gc] GC(1368) Pause Full (Allocation Failure) 200M->70M(247M) 161.991ms
[2020-01-29T21:57:42.285+0300][90.323s][info ][gc] GC(1369) Pause Young (Allocation Failure) 137M->155M(247M) 52.896ms
[2020-01-29T21:57:42.294+0300][90.333s][info ][gc] GC(1370) Pause Initial Mark 174M->174M(247M) 8.835ms
[2020-01-29T21:57:42.294+0300][90.333s][info ][gc] GC(1370) Concurrent Mark
[2020-01-29T21:57:42.298+0300][90.336s][debug][gc] GC(1370) Concurrent active time: 3.044ms
[2020-01-29T21:57:42.298+0300][90.336s][info ][gc] GC(1370) Concurrent Mark 3.102ms
[2020-01-29T21:57:42.298+0300][90.336s][info ][gc] GC(1370) Concurrent Preclean
[2020-01-29T21:57:42.298+0300][90.336s][debug][gc] GC(1370) Concurrent active time: 0.156ms
[2020-01-29T21:57:42.298+0300][90.336s][info ][gc] GC(1370) Concurrent Preclean 0.188ms
[2020-01-29T21:57:42.298+0300][90.337s][info ][gc] GC(1370) Concurrent Abortable Preclean
[2020-01-29T21:57:42.298+0300][90.337s][debug][gc] GC(1370) Concurrent active time: 0.004ms
[2020-01-29T21:57:42.298+0300][90.337s][info ][gc] GC(1370) Concurrent Abortable Preclean 0.031ms
[2020-01-29T21:57:42.298+0300][90.337s][debug][gc] GC(1370) YG occupancy: 57250 K (78656 K)
[2020-01-29T21:57:42.309+0300][90.348s][info ][gc] GC(1370) Pause Remark 202M->202M(247M) 11.037ms
[2020-01-29T21:57:42.309+0300][90.348s][info ][gc] GC(1370) Concurrent Sweep
[2020-01-29T21:57:42.312+0300][90.350s][info ][gc] GC(1371) Pause Young (Allocation Failure) 200M->200M(247M) 0.040ms
[2020-01-29T21:57:42.379+0300][90.417s][debug][gc] GC(1370) Concurrent active time: 69.237ms
[2020-01-29T21:57:42.379+0300][90.417s][info ][gc] GC(1370) Concurrent Sweep 69.474ms
[2020-01-29T21:57:42.379+0300][90.417s][debug][gc] GC(1372) Concurrent mode failure
[2020-01-29T21:57:42.473+0300][90.512s][info ][gc] GC(1372) Pause Full (Allocation Failure) 200M->70M(247M) 161.244ms
[2020-01-29T21:57:42.549+0300][90.587s][info ][gc] GC(1373) Pause Young (Allocation Failure) 137M->155M(247M) 57.052ms
[2020-01-29T21:57:42.558+0300][90.597s][info ][gc] GC(1374) Pause Initial Mark 174M->174M(247M) 8.811ms
[2020-01-29T21:57:42.559+0300][90.597s][info ][gc] GC(1374) Concurrent Mark
[2020-01-29T21:57:42.562+0300][90.601s][debug][gc] GC(1374) Concurrent active time: 3.350ms
[2020-01-29T21:57:42.562+0300][90.601s][info ][gc] GC(1374) Concurrent Mark 3.523ms
[2020-01-29T21:57:42.562+0300][90.601s][info ][gc] GC(1374) Concurrent Preclean
[2020-01-29T21:57:42.562+0300][90.601s][debug][gc] GC(1374) Concurrent active time: 0.183ms
[2020-01-29T21:57:42.562+0300][90.601s][info ][gc] GC(1374) Concurrent Preclean 0.217ms
[2020-01-29T21:57:42.562+0300][90.601s][info ][gc] GC(1374) Concurrent Abortable Preclean
[2020-01-29T21:57:42.562+0300][90.601s][debug][gc] GC(1374) Concurrent active time: 0.005ms
[2020-01-29T21:57:42.562+0300][90.601s][info ][gc] GC(1374) Concurrent Abortable Preclean 0.032ms
[2020-01-29T21:57:42.563+0300][90.601s][debug][gc] GC(1374) YG occupancy: 54623 K (78656 K)
[2020-01-29T21:57:42.574+0300][90.612s][info ][gc] GC(1374) Pause Remark 200M->200M(247M) 11.118ms
[2020-01-29T21:57:42.574+0300][90.612s][info ][gc] GC(1374) Concurrent Sweep
[2020-01-29T21:57:42.577+0300][90.615s][info ][gc] GC(1375) Pause Young (Allocation Failure) 199M->199M(247M) 0.043ms
[2020-01-29T21:57:42.643+0300][90.681s][debug][gc] GC(1374) Concurrent active time: 68.835ms
[2020-01-29T21:57:42.643+0300][90.681s][info ][gc] GC(1374) Concurrent Sweep 69.094ms
[2020-01-29T21:57:42.643+0300][90.681s][debug][gc] GC(1376) Concurrent mode failure
[2020-01-29T21:57:42.738+0300][90.776s][info ][gc] GC(1376) Pause Full (Allocation Failure) 199M->70M(247M) 160.976ms
[2020-01-29T21:57:42.809+0300][90.848s][info ][gc] GC(1377) Pause Young (Allocation Failure) 137M->155M(247M) 53.355ms
[2020-01-29T21:57:42.819+0300][90.858s][info ][gc] GC(1378) Pause Initial Mark 174M->174M(247M) 8.841ms
[2020-01-29T21:57:42.819+0300][90.858s][info ][gc] GC(1378) Concurrent Mark
[2020-01-29T21:57:42.822+0300][90.861s][debug][gc] GC(1378) Concurrent active time: 3.050ms
[2020-01-29T21:57:42.822+0300][90.861s][info ][gc] GC(1378) Concurrent Mark 3.110ms
[2020-01-29T21:57:42.822+0300][90.861s][info ][gc] GC(1378) Concurrent Preclean
[2020-01-29T21:57:42.822+0300][90.861s][debug][gc] GC(1378) Concurrent active time: 0.158ms
[2020-01-29T21:57:42.822+0300][90.861s][info ][gc] GC(1378) Concurrent Preclean 0.191ms
[2020-01-29T21:57:42.822+0300][90.861s][info ][gc] GC(1378) Concurrent Abortable Preclean
[2020-01-29T21:57:42.822+0300][90.861s][debug][gc] GC(1378) Concurrent active time: 0.004ms
[2020-01-29T21:57:42.822+0300][90.861s][info ][gc] GC(1378) Concurrent Abortable Preclean 0.031ms
[2020-01-29T21:57:42.822+0300][90.861s][debug][gc] GC(1378) YG occupancy: 57250 K (78656 K)
[2020-01-29T21:57:42.833+0300][90.872s][info ][gc] GC(1378) Pause Remark 202M->202M(247M) 11.178ms
[2020-01-29T21:57:42.834+0300][90.872s][info ][gc] GC(1378) Concurrent Sweep
[2020-01-29T21:57:42.836+0300][90.875s][info ][gc] GC(1379) Pause Young (Allocation Failure) 200M->200M(247M) 0.039ms
[2020-01-29T21:57:42.903+0300][90.942s][debug][gc] GC(1378) Concurrent active time: 69.132ms
[2020-01-29T21:57:42.903+0300][90.942s][info ][gc] GC(1378) Concurrent Sweep 69.369ms
[2020-01-29T21:57:42.903+0300][90.942s][debug][gc] GC(1380) Concurrent mode failure
[2020-01-29T21:57:42.998+0300][91.037s][info ][gc] GC(1380) Pause Full (Allocation Failure) 200M->70M(247M) 161.487ms
[2020-01-29T21:57:43.072+0300][91.110s][info ][gc] GC(1381) Pause Young (Allocation Failure) 137M->155M(247M) 55.579ms
[2020-01-29T21:57:43.082+0300][91.120s][info ][gc] GC(1382) Pause Initial Mark 174M->174M(247M) 8.824ms
[2020-01-29T21:57:43.082+0300][91.120s][info ][gc] GC(1382) Concurrent Mark
[2020-01-29T21:57:43.085+0300][91.123s][debug][gc] GC(1382) Concurrent active time: 3.096ms
[2020-01-29T21:57:43.085+0300][91.123s][info ][gc] GC(1382) Concurrent Mark 3.163ms
[2020-01-29T21:57:43.085+0300][91.123s][info ][gc] GC(1382) Concurrent Preclean
[2020-01-29T21:57:43.085+0300][91.123s][debug][gc] GC(1382) Concurrent active time: 0.164ms
[2020-01-29T21:57:43.085+0300][91.123s][info ][gc] GC(1382) Concurrent Preclean 0.196ms
[2020-01-29T21:57:43.085+0300][91.123s][info ][gc] GC(1382) Concurrent Abortable Preclean
[2020-01-29T21:57:43.085+0300][91.123s][debug][gc] GC(1382) Concurrent active time: 0.004ms
[2020-01-29T21:57:43.085+0300][91.124s][info ][gc] GC(1382) Concurrent Abortable Preclean 0.031ms
[2020-01-29T21:57:43.085+0300][91.124s][debug][gc] GC(1382) YG occupancy: 57250 K (78656 K)
[2020-01-29T21:57:43.097+0300][91.135s][info ][gc] GC(1382) Pause Remark 202M->202M(247M) 11.004ms
[2020-01-29T21:57:43.097+0300][91.135s][info ][gc] GC(1382) Concurrent Sweep
[2020-01-29T21:57:43.099+0300][91.137s][info ][gc] GC(1383) Pause Young (Allocation Failure) 200M->200M(247M) 0.039ms
[2020-01-29T21:57:43.164+0300][91.203s][debug][gc] GC(1382) Concurrent active time: 67.722ms
[2020-01-29T21:57:43.164+0300][91.203s][info ][gc] GC(1382) Concurrent Sweep 67.956ms
[2020-01-29T21:57:43.164+0300][91.203s][debug][gc] GC(1384) Concurrent mode failure
[2020-01-29T21:57:43.259+0300][91.297s][info ][gc] GC(1384) Pause Full (Allocation Failure) 200M->70M(247M) 159.646ms
[2020-01-29T21:57:43.330+0300][91.369s][info ][gc] GC(1385) Pause Young (Allocation Failure) 137M->155M(247M) 53.456ms
[2020-01-29T21:57:43.340+0300][91.379s][info ][gc] GC(1386) Pause Initial Mark 174M->174M(247M) 8.824ms
[2020-01-29T21:57:43.340+0300][91.379s][info ][gc] GC(1386) Concurrent Mark
[2020-01-29T21:57:43.344+0300][91.382s][debug][gc] GC(1386) Concurrent active time: 3.114ms
[2020-01-29T21:57:43.344+0300][91.382s][info ][gc] GC(1386) Concurrent Mark 3.183ms
[2020-01-29T21:57:43.344+0300][91.382s][info ][gc] GC(1386) Concurrent Preclean
[2020-01-29T21:57:43.344+0300][91.382s][debug][gc] GC(1386) Concurrent active time: 0.159ms
[2020-01-29T21:57:43.344+0300][91.382s][info ][gc] GC(1386) Concurrent Preclean 0.191ms
[2020-01-29T21:57:43.344+0300][91.382s][info ][gc] GC(1386) Concurrent Abortable Preclean
[2020-01-29T21:57:43.344+0300][91.382s][debug][gc] GC(1386) Concurrent active time: 0.003ms
[2020-01-29T21:57:43.344+0300][91.382s][info ][gc] GC(1386) Concurrent Abortable Preclean 0.030ms
[2020-01-29T21:57:43.344+0300][91.382s][debug][gc] GC(1386) YG occupancy: 57250 K (78656 K)
[2020-01-29T21:57:43.355+0300][91.393s][info ][gc] GC(1386) Pause Remark 202M->202M(247M) 11.003ms
[2020-01-29T21:57:43.355+0300][91.393s][info ][gc] GC(1386) Concurrent Sweep
[2020-01-29T21:57:43.358+0300][91.396s][info ][gc] GC(1387) Pause Young (Allocation Failure) 201M->201M(247M) 0.039ms
[2020-01-29T21:57:43.424+0300][91.462s][debug][gc] GC(1386) Concurrent active time: 68.888ms
[2020-01-29T21:57:43.424+0300][91.463s][info ][gc] GC(1386) Concurrent Sweep 69.126ms
[2020-01-29T21:57:43.424+0300][91.463s][debug][gc] GC(1388) Concurrent mode failure
[2020-01-29T21:57:43.518+0300][91.557s][info ][gc] GC(1388) Pause Full (Allocation Failure) 201M->70M(247M) 161.116ms
[2020-01-29T21:57:43.609+0300][91.648s][info ][gc] GC(1389) Pause Young (Allocation Failure) 137M->155M(247M) 72.096ms
[2020-01-29T21:57:43.618+0300][91.657s][info ][gc] GC(1390) Pause Initial Mark 174M->174M(247M) 8.825ms
[2020-01-29T21:57:43.619+0300][91.657s][info ][gc] GC(1390) Concurrent Mark
[2020-01-29T21:57:43.622+0300][91.660s][debug][gc] GC(1390) Concurrent active time: 3.032ms
[2020-01-29T21:57:43.622+0300][91.660s][info ][gc] GC(1390) Concurrent Mark 3.092ms
[2020-01-29T21:57:43.622+0300][91.660s][info ][gc] GC(1390) Concurrent Preclean
[2020-01-29T21:57:43.622+0300][91.660s][debug][gc] GC(1390) Concurrent active time: 0.158ms
[2020-01-29T21:57:43.622+0300][91.661s][info ][gc] GC(1390) Concurrent Preclean 0.190ms
[2020-01-29T21:57:43.622+0300][91.661s][info ][gc] GC(1390) Concurrent Abortable Preclean
[2020-01-29T21:57:43.622+0300][91.661s][debug][gc] GC(1390) Concurrent active time: 0.003ms
[2020-01-29T21:57:43.622+0300][91.661s][info ][gc] GC(1390) Concurrent Abortable Preclean 0.038ms
[2020-01-29T21:57:43.622+0300][91.661s][debug][gc] GC(1390) YG occupancy: 57230 K (78656 K)
[2020-01-29T21:57:43.633+0300][91.672s][info ][gc] GC(1390) Pause Remark 202M->202M(247M) 11.201ms
[2020-01-29T21:57:43.633+0300][91.672s][info ][gc] GC(1390) Concurrent Sweep
[2020-01-29T21:57:43.636+0300][91.675s][info ][gc] GC(1391) Pause Young (Allocation Failure) 200M->200M(247M) 0.040ms
[2020-01-29T21:57:43.703+0300][91.741s][debug][gc] GC(1390) Concurrent active time: 69.112ms
[2020-01-29T21:57:43.703+0300][91.741s][info ][gc] GC(1390) Concurrent Sweep 69.419ms
[2020-01-29T21:57:43.703+0300][91.741s][debug][gc] GC(1392) Concurrent mode failure
[2020-01-29T21:57:43.799+0300][91.837s][info ][gc] GC(1392) Pause Full (Allocation Failure) 200M->70M(247M) 162.328ms
[2020-01-29T21:57:43.870+0300][91.909s][info ][gc] GC(1393) Pause Young (Allocation Failure) 137M->155M(247M) 53.061ms
[2020-01-29T21:57:43.880+0300][91.919s][info ][gc] GC(1394) Pause Initial Mark 174M->174M(247M) 8.847ms
[2020-01-29T21:57:43.880+0300][91.919s][info ][gc] GC(1394) Concurrent Mark
[2020-01-29T21:57:43.883+0300][91.922s][debug][gc] GC(1394) Concurrent active time: 3.022ms
[2020-01-29T21:57:43.883+0300][91.922s][info ][gc] GC(1394) Concurrent Mark 3.078ms
[2020-01-29T21:57:43.883+0300][91.922s][info ][gc] GC(1394) Concurrent Preclean
[2020-01-29T21:57:43.883+0300][91.922s][debug][gc] GC(1394) Concurrent active time: 0.156ms
[2020-01-29T21:57:43.883+0300][91.922s][info ][gc] GC(1394) Concurrent Preclean 0.187ms
[2020-01-29T21:57:43.883+0300][91.922s][info ][gc] GC(1394) Concurrent Abortable Preclean
[2020-01-29T21:57:43.884+0300][91.922s][debug][gc] GC(1394) Concurrent active time: 0.004ms
[2020-01-29T21:57:43.884+0300][91.922s][info ][gc] GC(1394) Concurrent Abortable Preclean 0.032ms
[2020-01-29T21:57:43.884+0300][91.922s][debug][gc] GC(1394) YG occupancy: 57242 K (78656 K)
[2020-01-29T21:57:43.895+0300][91.933s][info ][gc] GC(1394) Pause Remark 202M->202M(247M) 11.149ms
[2020-01-29T21:57:43.895+0300][91.933s][info ][gc] GC(1394) Concurrent Sweep
[2020-01-29T21:57:43.898+0300][91.936s][info ][gc] GC(1395) Pause Young (Allocation Failure) 200M->200M(247M) 0.041ms
[2020-01-29T21:57:43.965+0300][92.003s][debug][gc] GC(1394) Concurrent active time: 69.909ms
[2020-01-29T21:57:43.965+0300][92.003s][info ][gc] GC(1394) Concurrent Sweep 70.155ms
[2020-01-29T21:57:43.965+0300][92.003s][debug][gc] GC(1396) Concurrent mode failure
[2020-01-29T21:57:44.060+0300][92.098s][info ][gc] GC(1396) Pause Full (Allocation Failure) 200M->70M(247M) 162.037ms
[2020-01-29T21:57:44.131+0300][92.170s][info ][gc] GC(1397) Pause Young (Allocation Failure) 137M->155M(247M) 53.542ms
[2020-01-29T21:57:44.141+0300][92.180s][info ][gc] GC(1398) Pause Initial Mark 174M->174M(247M) 8.832ms
[2020-01-29T21:57:44.141+0300][92.180s][info ][gc] GC(1398) Concurrent Mark
[2020-01-29T21:57:44.145+0300][92.183s][debug][gc] GC(1398) Concurrent active time: 3.012ms
[2020-01-29T21:57:44.145+0300][92.183s][info ][gc] GC(1398) Concurrent Mark 3.069ms
[2020-01-29T21:57:44.145+0300][92.183s][info ][gc] GC(1398) Concurrent Preclean
[2020-01-29T21:57:44.145+0300][92.183s][debug][gc] GC(1398) Concurrent active time: 0.154ms
[2020-01-29T21:57:44.145+0300][92.183s][info ][gc] GC(1398) Concurrent Preclean 0.186ms
[2020-01-29T21:57:44.145+0300][92.183s][info ][gc] GC(1398) Concurrent Abortable Preclean
[2020-01-29T21:57:44.145+0300][92.183s][debug][gc] GC(1398) Concurrent active time: 0.003ms
[2020-01-29T21:57:44.145+0300][92.183s][info ][gc] GC(1398) Concurrent Abortable Preclean 0.030ms
[2020-01-29T21:57:44.145+0300][92.183s][debug][gc] GC(1398) YG occupancy: 57247 K (78656 K)
[2020-01-29T21:57:44.156+0300][92.194s][info ][gc] GC(1398) Pause Remark 202M->202M(247M) 11.021ms
[2020-01-29T21:57:44.156+0300][92.194s][info ][gc] GC(1398) Concurrent Sweep
[2020-01-29T21:57:44.159+0300][92.197s][info ][gc] GC(1399) Pause Young (Allocation Failure) 200M->200M(247M) 0.040ms
[2020-01-29T21:57:44.225+0300][92.263s][debug][gc] GC(1398) Concurrent active time: 69.021ms
[2020-01-29T21:57:44.225+0300][92.263s][info ][gc] GC(1398) Concurrent Sweep 69.261ms
[2020-01-29T21:57:44.225+0300][92.264s][debug][gc] GC(1400) Concurrent mode failure
[2020-01-29T21:57:44.320+0300][92.359s][info ][gc] GC(1400) Pause Full (Allocation Failure) 200M->70M(247M) 162.166ms
[2020-01-29T21:57:44.392+0300][92.431s][info ][gc] GC(1401) Pause Young (Allocation Failure) 137M->155M(247M) 53.559ms
[2020-01-29T21:57:44.402+0300][92.441s][info ][gc] GC(1402) Pause Initial Mark 174M->174M(247M) 8.824ms
[2020-01-29T21:57:44.402+0300][92.441s][info ][gc] GC(1402) Concurrent Mark
[2020-01-29T21:57:44.405+0300][92.444s][debug][gc] GC(1402) Concurrent active time: 3.047ms
[2020-01-29T21:57:44.405+0300][92.444s][info ][gc] GC(1402) Concurrent Mark 3.107ms
[2020-01-29T21:57:44.405+0300][92.444s][info ][gc] GC(1402) Concurrent Preclean
[2020-01-29T21:57:44.405+0300][92.444s][debug][gc] GC(1402) Concurrent active time: 0.164ms
[2020-01-29T21:57:44.405+0300][92.444s][info ][gc] GC(1402) Concurrent Preclean 0.196ms
[2020-01-29T21:57:44.405+0300][92.444s][info ][gc] GC(1402) Concurrent Abortable Preclean
[2020-01-29T21:57:44.405+0300][92.444s][debug][gc] GC(1402) Concurrent active time: 0.004ms
[2020-01-29T21:57:44.405+0300][92.444s][info ][gc] GC(1402) Concurrent Abortable Preclean 0.031ms
[2020-01-29T21:57:44.405+0300][92.444s][debug][gc] GC(1402) YG occupancy: 57249 K (78656 K)
[2020-01-29T21:57:44.416+0300][92.455s][info ][gc] GC(1402) Pause Remark 202M->202M(247M) 11.031ms
[2020-01-29T21:57:44.417+0300][92.455s][info ][gc] GC(1402) Concurrent Sweep
[2020-01-29T21:57:44.419+0300][92.458s][info ][gc] GC(1403) Pause Young (Allocation Failure) 200M->200M(247M) 0.039ms
[2020-01-29T21:57:44.486+0300][92.524s][debug][gc] GC(1402) Concurrent active time: 68.946ms
[2020-01-29T21:57:44.486+0300][92.524s][info ][gc] GC(1402) Concurrent Sweep 69.180ms
[2020-01-29T21:57:44.486+0300][92.524s][debug][gc] GC(1404) Concurrent mode failure
[2020-01-29T21:57:44.581+0300][92.619s][info ][gc] GC(1404) Pause Full (Allocation Failure) 200M->70M(247M) 161.000ms
[2020-01-29T21:57:44.681+0300][92.720s][info ][gc] GC(1405) Pause Young (Allocation Failure) 137M->155M(247M) 81.166ms
[2020-01-29T21:57:44.691+0300][92.729s][info ][gc] GC(1406) Pause Initial Mark 174M->174M(247M) 8.822ms
[2020-01-29T21:57:44.691+0300][92.729s][info ][gc] GC(1406) Concurrent Mark
[2020-01-29T21:57:44.694+0300][92.733s][debug][gc] GC(1406) Concurrent active time: 3.054ms
[2020-01-29T21:57:44.694+0300][92.733s][info ][gc] GC(1406) Concurrent Mark 3.110ms
[2020-01-29T21:57:44.694+0300][92.733s][info ][gc] GC(1406) Concurrent Preclean
[2020-01-29T21:57:44.694+0300][92.733s][debug][gc] GC(1406) Concurrent active time: 0.158ms
[2020-01-29T21:57:44.694+0300][92.733s][info ][gc] GC(1406) Concurrent Preclean 0.189ms
[2020-01-29T21:57:44.694+0300][92.733s][info ][gc] GC(1406) Concurrent Abortable Preclean
[2020-01-29T21:57:44.694+0300][92.733s][debug][gc] GC(1406) Concurrent active time: 0.004ms
[2020-01-29T21:57:44.694+0300][92.733s][info ][gc] GC(1406) Concurrent Abortable Preclean 0.030ms
[2020-01-29T21:57:44.694+0300][92.733s][debug][gc] GC(1406) YG occupancy: 57229 K (78656 K)
[2020-01-29T21:57:44.705+0300][92.744s][info ][gc] GC(1406) Pause Remark 202M->202M(247M) 11.007ms
[2020-01-29T21:57:44.705+0300][92.744s][info ][gc] GC(1406) Concurrent Sweep
[2020-01-29T21:57:44.708+0300][92.747s][info ][gc] GC(1407) Pause Young (Allocation Failure) 200M->200M(247M) 0.040ms
[2020-01-29T21:57:44.775+0300][92.813s][debug][gc] GC(1406) Concurrent active time: 69.171ms
[2020-01-29T21:57:44.775+0300][92.813s][info ][gc] GC(1406) Concurrent Sweep 69.408ms
[2020-01-29T21:57:44.775+0300][92.813s][debug][gc] GC(1408) Concurrent mode failure
[2020-01-29T21:57:44.871+0300][92.909s][info ][gc] GC(1408) Pause Full (Allocation Failure) 200M->70M(247M) 162.790ms
[2020-01-29T21:57:44.943+0300][92.981s][info ][gc] GC(1409) Pause Young (Allocation Failure) 137M->155M(247M) 53.095ms
[2020-01-29T21:57:44.953+0300][92.991s][info ][gc] GC(1410) Pause Initial Mark 174M->174M(247M) 8.897ms
[2020-01-29T21:57:44.953+0300][92.991s][info ][gc] GC(1410) Concurrent Mark
[2020-01-29T21:57:44.956+0300][92.994s][debug][gc] GC(1410) Concurrent active time: 3.043ms
[2020-01-29T21:57:44.956+0300][92.994s][info ][gc] GC(1410) Concurrent Mark 3.100ms
[2020-01-29T21:57:44.956+0300][92.994s][info ][gc] GC(1410) Concurrent Preclean
[2020-01-29T21:57:44.956+0300][92.994s][debug][gc] GC(1410) Concurrent active time: 0.160ms
[2020-01-29T21:57:44.956+0300][92.994s][info ][gc] GC(1410) Concurrent Preclean 0.192ms
[2020-01-29T21:57:44.956+0300][92.994s][info ][gc] GC(1410) Concurrent Abortable Preclean
[2020-01-29T21:57:44.956+0300][92.994s][debug][gc] GC(1410) Concurrent active time: 0.004ms
[2020-01-29T21:57:44.956+0300][92.994s][info ][gc] GC(1410) Concurrent Abortable Preclean 0.031ms
[2020-01-29T21:57:44.956+0300][92.994s][debug][gc] GC(1410) YG occupancy: 57241 K (78656 K)
[2020-01-29T21:57:44.967+0300][93.005s][info ][gc] GC(1410) Pause Remark 202M->202M(247M) 11.034ms
[2020-01-29T21:57:44.967+0300][93.005s][info ][gc] GC(1410) Concurrent Sweep
[2020-01-29T21:57:44.970+0300][93.008s][info ][gc] GC(1411) Pause Young (Allocation Failure) 200M->200M(247M) 0.040ms
[2020-01-29T21:57:45.036+0300][93.075s][debug][gc] GC(1410) Concurrent active time: 69.509ms
[2020-01-29T21:57:45.036+0300][93.075s][info ][gc] GC(1410) Concurrent Sweep 69.743ms
[2020-01-29T21:57:45.036+0300][93.075s][debug][gc] GC(1412) Concurrent mode failure
[2020-01-29T21:57:45.132+0300][93.170s][info ][gc] GC(1412) Pause Full (Allocation Failure) 200M->70M(247M) 162.348ms
[2020-01-29T21:57:45.203+0300][93.242s][info ][gc] GC(1413) Pause Young (Allocation Failure) 137M->155M(247M) 53.544ms
[2020-01-29T21:57:45.213+0300][93.252s][info ][gc] GC(1414) Pause Initial Mark 174M->174M(247M) 8.824ms
[2020-01-29T21:57:45.213+0300][93.252s][info ][gc] GC(1414) Concurrent Mark
[2020-01-29T21:57:45.216+0300][93.255s][debug][gc] GC(1414) Concurrent active time: 3.026ms
[2020-01-29T21:57:45.216+0300][93.255s][info ][gc] GC(1414) Concurrent Mark 3.079ms
[2020-01-29T21:57:45.216+0300][93.255s][info ][gc] GC(1414) Concurrent Preclean
[2020-01-29T21:57:45.216+0300][93.255s][debug][gc] GC(1414) Concurrent active time: 0.156ms
[2020-01-29T21:57:45.216+0300][93.255s][info ][gc] GC(1414) Concurrent Preclean 0.186ms
[2020-01-29T21:57:45.216+0300][93.255s][info ][gc] GC(1414) Concurrent Abortable Preclean
[2020-01-29T21:57:45.216+0300][93.255s][debug][gc] GC(1414) Concurrent active time: 0.003ms
[2020-01-29T21:57:45.216+0300][93.255s][info ][gc] GC(1414) Concurrent Abortable Preclean 0.029ms
[2020-01-29T21:57:45.216+0300][93.255s][debug][gc] GC(1414) YG occupancy: 57246 K (78656 K)
[2020-01-29T21:57:45.227+0300][93.266s][info ][gc] GC(1414) Pause Remark 202M->202M(247M) 11.068ms
[2020-01-29T21:57:45.227+0300][93.266s][info ][gc] GC(1414) Concurrent Sweep
[2020-01-29T21:57:45.230+0300][93.269s][info ][gc] GC(1415) Pause Young (Allocation Failure) 200M->200M(247M) 0.041ms
[2020-01-29T21:57:45.297+0300][93.336s][debug][gc] GC(1414) Concurrent active time: 69.105ms
[2020-01-29T21:57:45.297+0300][93.336s][info ][gc] GC(1414) Concurrent Sweep 69.344ms
[2020-01-29T21:57:45.297+0300][93.336s][debug][gc] GC(1416) Concurrent mode failure
[2020-01-29T21:57:45.392+0300][93.430s][info ][gc] GC(1416) Pause Full (Allocation Failure) 200M->70M(247M) 161.245ms
[2020-01-29T21:57:45.464+0300][93.503s][info ][gc] GC(1417) Pause Young (Allocation Failure) 137M->155M(247M) 53.597ms
[2020-01-29T21:57:45.474+0300][93.512s][info ][gc] GC(1418) Pause Initial Mark 174M->174M(247M) 8.831ms
[2020-01-29T21:57:45.474+0300][93.512s][info ][gc] GC(1418) Concurrent Mark
[2020-01-29T21:57:45.477+0300][93.515s][debug][gc] GC(1418) Concurrent active time: 3.060ms
[2020-01-29T21:57:45.477+0300][93.515s][info ][gc] GC(1418) Concurrent Mark 3.120ms
[2020-01-29T21:57:45.477+0300][93.515s][info ][gc] GC(1418) Concurrent Preclean
[2020-01-29T21:57:45.477+0300][93.515s][debug][gc] GC(1418) Concurrent active time: 0.156ms
[2020-01-29T21:57:45.477+0300][93.516s][info ][gc] GC(1418) Concurrent Preclean 0.196ms
[2020-01-29T21:57:45.477+0300][93.516s][info ][gc] GC(1418) Concurrent Abortable Preclean
[2020-01-29T21:57:45.477+0300][93.516s][debug][gc] GC(1418) Concurrent active time: 0.004ms
[2020-01-29T21:57:45.477+0300][93.516s][info ][gc] GC(1418) Concurrent Abortable Preclean 0.031ms
[2020-01-29T21:57:45.477+0300][93.516s][debug][gc] GC(1418) YG occupancy: 57248 K (78656 K)
[2020-01-29T21:57:45.489+0300][93.527s][info ][gc] GC(1418) Pause Remark 202M->202M(247M) 11.098ms
[2020-01-29T21:57:45.489+0300][93.527s][info ][gc] GC(1418) Concurrent Sweep
[2020-01-29T21:57:45.491+0300][93.529s][info ][gc] GC(1419) Pause Young (Allocation Failure) 200M->200M(247M) 0.041ms
[2020-01-29T21:57:45.557+0300][93.595s][debug][gc] GC(1418) Concurrent active time: 68.451ms
[2020-01-29T21:57:45.557+0300][93.595s][info ][gc] GC(1418) Concurrent Sweep 68.691ms
[2020-01-29T21:57:45.557+0300][93.596s][debug][gc] GC(1420) Concurrent mode failure
[2020-01-29T21:57:45.652+0300][93.690s][info ][gc] GC(1420) Pause Full (Allocation Failure) 200M->70M(247M) 161.001ms
[2020-01-29T21:57:45.725+0300][93.764s][info ][gc] GC(1421) Pause Young (Allocation Failure) 137M->155M(247M) 53.781ms
[2020-01-29T21:57:45.735+0300][93.773s][info ][gc] GC(1422) Pause Initial Mark 174M->174M(247M) 8.811ms
[2020-01-29T21:57:45.735+0300][93.773s][info ][gc] GC(1422) Concurrent Mark
[2020-01-29T21:57:45.738+0300][93.776s][debug][gc] GC(1422) Concurrent active time: 3.041ms
[2020-01-29T21:57:45.738+0300][93.776s][info ][gc] GC(1422) Concurrent Mark 3.100ms
[2020-01-29T21:57:45.738+0300][93.776s][info ][gc] GC(1422) Concurrent Preclean
[2020-01-29T21:57:45.738+0300][93.777s][debug][gc] GC(1422) Concurrent active time: 0.155ms
[2020-01-29T21:57:45.738+0300][93.777s][info ][gc] GC(1422) Concurrent Preclean 0.187ms
[2020-01-29T21:57:45.738+0300][93.777s][info ][gc] GC(1422) Concurrent Abortable Preclean
[2020-01-29T21:57:45.738+0300][93.777s][debug][gc] GC(1422) Concurrent active time: 0.003ms
[2020-01-29T21:57:45.738+0300][93.777s][info ][gc] GC(1422) Concurrent Abortable Preclean 0.030ms
[2020-01-29T21:57:45.738+0300][93.777s][debug][gc] GC(1422) YG occupancy: 57231 K (78656 K)
[2020-01-29T21:57:45.749+0300][93.788s][info ][gc] GC(1422) Pause Remark 202M->202M(247M) 11.034ms
[2020-01-29T21:57:45.749+0300][93.788s][info ][gc] GC(1422) Concurrent Sweep
[2020-01-29T21:57:45.752+0300][93.790s][info ][gc] GC(1423) Pause Young (Allocation Failure) 200M->200M(247M) 0.040ms
[2020-01-29T21:57:45.818+0300][93.857s][debug][gc] GC(1422) Concurrent active time: 69.245ms
[2020-01-29T21:57:45.818+0300][93.857s][info ][gc] GC(1422) Concurrent Sweep 69.477ms
[2020-01-29T21:57:45.818+0300][93.857s][debug][gc] GC(1424) Concurrent mode failure
[2020-01-29T21:57:45.915+0300][93.953s][info ][gc] GC(1424) Pause Full (Allocation Failure) 200M->70M(247M) 162.121ms
[2020-01-29T21:57:45.985+0300][94.024s][info ][gc] GC(1425) Pause Young (Allocation Failure) 137M->155M(247M) 53.574ms
[2020-01-29T21:57:45.995+0300][94.034s][info ][gc] GC(1426) Pause Initial Mark 174M->174M(247M) 8.822ms
[2020-01-29T21:57:45.995+0300][94.034s][info ][gc] GC(1426) Concurrent Mark
[2020-01-29T21:57:45.998+0300][94.037s][debug][gc] GC(1426) Concurrent active time: 3.009ms
[2020-01-29T21:57:45.998+0300][94.037s][info ][gc] GC(1426) Concurrent Mark 3.060ms
[2020-01-29T21:57:45.998+0300][94.037s][info ][gc] GC(1426) Concurrent Preclean
[2020-01-29T21:57:45.998+0300][94.037s][debug][gc] GC(1426) Concurrent active time: 0.156ms
[2020-01-29T21:57:45.998+0300][94.037s][info ][gc] GC(1426) Concurrent Preclean 0.186ms
[2020-01-29T21:57:45.998+0300][94.037s][info ][gc] GC(1426) Concurrent Abortable Preclean
[2020-01-29T21:57:45.998+0300][94.037s][debug][gc] GC(1426) Concurrent active time: 0.004ms
[2020-01-29T21:57:45.998+0300][94.037s][info ][gc] GC(1426) Concurrent Abortable Preclean 0.030ms
[2020-01-29T21:57:45.998+0300][94.037s][debug][gc] GC(1426) YG occupancy: 57242 K (78656 K)
[2020-01-29T21:57:46.009+0300][94.048s][info ][gc] GC(1426) Pause Remark 202M->202M(247M) 11.025ms
[2020-01-29T21:57:46.009+0300][94.048s][info ][gc] GC(1426) Concurrent Sweep
[2020-01-29T21:57:46.012+0300][94.051s][info ][gc] GC(1427) Pause Young (Allocation Failure) 200M->200M(247M) 0.040ms
[2020-01-29T21:57:46.079+0300][94.118s][debug][gc] GC(1426) Concurrent active time: 69.420ms
[2020-01-29T21:57:46.079+0300][94.118s][info ][gc] GC(1426) Concurrent Sweep 69.665ms
[2020-01-29T21:57:46.079+0300][94.118s][debug][gc] GC(1428) Concurrent mode failure
[2020-01-29T21:57:46.176+0300][94.215s][info ][gc] GC(1428) Pause Full (Allocation Failure) 200M->70M(247M) 163.935ms
[2020-01-29T21:57:46.248+0300][94.286s][info ][gc] GC(1429) Pause Young (Allocation Failure) 137M->155M(247M) 53.317ms
[2020-01-29T21:57:46.258+0300][94.296s][info ][gc] GC(1430) Pause Initial Mark 174M->174M(247M) 8.817ms
[2020-01-29T21:57:46.258+0300][94.296s][info ][gc] GC(1430) Concurrent Mark
[2020-01-29T21:57:46.261+0300][94.299s][debug][gc] GC(1430) Concurrent active time: 3.025ms
[2020-01-29T21:57:46.261+0300][94.299s][info ][gc] GC(1430) Concurrent Mark 3.081ms
[2020-01-29T21:57:46.261+0300][94.299s][info ][gc] GC(1430) Concurrent Preclean
[2020-01-29T21:57:46.261+0300][94.299s][debug][gc] GC(1430) Concurrent active time: 0.157ms
[2020-01-29T21:57:46.261+0300][94.299s][info ][gc] GC(1430) Concurrent Preclean 0.189ms
[2020-01-29T21:57:46.261+0300][94.299s][info ][gc] GC(1430) Concurrent Abortable Preclean
[2020-01-29T21:57:46.261+0300][94.299s][debug][gc] GC(1430) Concurrent active time: 0.004ms
[2020-01-29T21:57:46.261+0300][94.299s][info ][gc] GC(1430) Concurrent Abortable Preclean 0.031ms
[2020-01-29T21:57:46.261+0300][94.299s][debug][gc] GC(1430) YG occupancy: 57247 K (78656 K)
[2020-01-29T21:57:46.272+0300][94.311s][info ][gc] GC(1430) Pause Remark 202M->202M(247M) 11.159ms
[2020-01-29T21:57:46.272+0300][94.311s][info ][gc] GC(1430) Concurrent Sweep
[2020-01-29T21:57:46.275+0300][94.313s][info ][gc] GC(1431) Pause Young (Allocation Failure) 200M->200M(247M) 0.040ms
[2020-01-29T21:57:46.341+0300][94.380s][debug][gc] GC(1430) Concurrent active time: 69.162ms
[2020-01-29T21:57:46.341+0300][94.380s][info ][gc] GC(1430) Concurrent Sweep 69.417ms
[2020-01-29T21:57:46.341+0300][94.380s][debug][gc] GC(1432) Concurrent mode failure
[2020-01-29T21:57:46.436+0300][94.474s][info ][gc] GC(1432) Pause Full (Allocation Failure) 200M->70M(247M) 160.959ms
[2020-01-29T21:57:46.510+0300][94.549s][info ][gc] GC(1433) Pause Young (Allocation Failure) 137M->155M(247M) 56.760ms
[2020-01-29T21:57:46.520+0300][94.559s][info ][gc] GC(1434) Pause Initial Mark 174M->174M(247M) 8.816ms
[2020-01-29T21:57:46.520+0300][94.559s][info ][gc] GC(1434) Concurrent Mark
[2020-01-29T21:57:46.523+0300][94.562s][debug][gc] GC(1434) Concurrent active time: 3.040ms
[2020-01-29T21:57:46.523+0300][94.562s][info ][gc] GC(1434) Concurrent Mark 3.101ms
[2020-01-29T21:57:46.523+0300][94.562s][info ][gc] GC(1434) Concurrent Preclean
[2020-01-29T21:57:46.523+0300][94.562s][debug][gc] GC(1434) Concurrent active time: 0.156ms
[2020-01-29T21:57:46.523+0300][94.562s][info ][gc] GC(1434) Concurrent Preclean 0.188ms
[2020-01-29T21:57:46.523+0300][94.562s][info ][gc] GC(1434) Concurrent Abortable Preclean
[2020-01-29T21:57:46.523+0300][94.562s][debug][gc] GC(1434) Concurrent active time: 0.004ms
[2020-01-29T21:57:46.523+0300][94.562s][info ][gc] GC(1434) Concurrent Abortable Preclean 0.031ms
[2020-01-29T21:57:46.524+0300][94.562s][debug][gc] GC(1434) YG occupancy: 57249 K (78656 K)
[2020-01-29T21:57:46.535+0300][94.573s][info ][gc] GC(1434) Pause Remark 202M->202M(247M) 11.057ms
[2020-01-29T21:57:46.535+0300][94.573s][info ][gc] GC(1434) Concurrent Sweep
[2020-01-29T21:57:46.540+0300][94.579s][info ][gc] GC(1435) Pause Young (Allocation Failure) 197M->197M(247M) 0.043ms
[2020-01-29T21:57:46.605+0300][94.643s][debug][gc] GC(1434) Concurrent active time: 69.682ms
[2020-01-29T21:57:46.605+0300][94.643s][info ][gc] GC(1434) Concurrent Sweep 70.119ms
[2020-01-29T21:57:46.605+0300][94.643s][debug][gc] GC(1436) Concurrent mode failure
[2020-01-29T21:57:46.700+0300][94.738s][info ][gc] GC(1436) Pause Full (Allocation Failure) 197M->70M(247M) 159.126ms
[2020-01-29T21:57:46.770+0300][94.809s][info ][gc] GC(1437) Pause Young (Allocation Failure) 137M->155M(247M) 52.729ms
[2020-01-29T21:57:46.780+0300][94.819s][info ][gc] GC(1438) Pause Initial Mark 174M->174M(247M) 8.823ms
[2020-01-29T21:57:46.780+0300][94.819s][info ][gc] GC(1438) Concurrent Mark
[2020-01-29T21:57:46.783+0300][94.822s][debug][gc] GC(1438) Concurrent active time: 3.024ms
[2020-01-29T21:57:46.783+0300][94.822s][info ][gc] GC(1438) Concurrent Mark 3.076ms
[2020-01-29T21:57:46.783+0300][94.822s][info ][gc] GC(1438) Concurrent Preclean
[2020-01-29T21:57:46.783+0300][94.822s][debug][gc] GC(1438) Concurrent active time: 0.153ms
[2020-01-29T21:57:46.783+0300][94.822s][info ][gc] GC(1438) Concurrent Preclean 0.184ms
[2020-01-29T21:57:46.783+0300][94.822s][info ][gc] GC(1438) Concurrent Abortable Preclean
[2020-01-29T21:57:46.783+0300][94.822s][debug][gc] GC(1438) Concurrent active time: 0.003ms
[2020-01-29T21:57:46.783+0300][94.822s][info ][gc] GC(1438) Concurrent Abortable Preclean 0.030ms
[2020-01-29T21:57:46.784+0300][94.822s][debug][gc] GC(1438) YG occupancy: 57250 K (78656 K)
[2020-01-29T21:57:46.795+0300][94.834s][info ][gc] GC(1438) Pause Remark 202M->202M(247M) 11.221ms
[2020-01-29T21:57:46.795+0300][94.834s][info ][gc] GC(1438) Concurrent Sweep
[2020-01-29T21:57:46.797+0300][94.836s][info ][gc] GC(1439) Pause Young (Allocation Failure) 200M->200M(247M) 0.041ms
[2020-01-29T21:57:46.865+0300][94.903s][debug][gc] GC(1438) Concurrent active time: 69.692ms
[2020-01-29T21:57:46.865+0300][94.903s][info ][gc] GC(1438) Concurrent Sweep 69.938ms
[2020-01-29T21:57:46.865+0300][94.904s][debug][gc] GC(1440) Concurrent mode failure
[2020-01-29T21:57:46.959+0300][94.998s][info ][gc] GC(1440) Pause Full (Allocation Failure) 200M->70M(247M) 161.700ms
[2020-01-29T21:57:47.035+0300][95.076s][info ][gc] GC(1441) Pause Young (Allocation Failure) 137M->155M(247M) 53.766ms
[2020-01-29T21:57:47.047+0300][95.086s][info ][gc] GC(1442) Pause Initial Mark 174M->174M(247M) 8.822ms
[2020-01-29T21:57:47.047+0300][95.086s][info ][gc] GC(1442) Concurrent Mark
[2020-01-29T21:57:47.050+0300][95.089s][debug][gc] GC(1442) Concurrent active time: 3.046ms
[2020-01-29T21:57:47.050+0300][95.089s][info ][gc] GC(1442) Concurrent Mark 3.101ms
[2020-01-29T21:57:47.050+0300][95.089s][info ][gc] GC(1442) Concurrent Preclean
[2020-01-29T21:57:47.050+0300][95.089s][debug][gc] GC(1442) Concurrent active time: 0.159ms
[2020-01-29T21:57:47.050+0300][95.089s][info ][gc] GC(1442) Concurrent Preclean 0.190ms
[2020-01-29T21:57:47.050+0300][95.089s][info ][gc] GC(1442) Concurrent Abortable Preclean
[2020-01-29T21:57:47.050+0300][95.089s][debug][gc] GC(1442) Concurrent active time: 0.004ms
[2020-01-29T21:57:47.051+0300][95.089s][info ][gc] GC(1442) Concurrent Abortable Preclean 0.032ms
[2020-01-29T21:57:47.051+0300][95.089s][debug][gc] GC(1442) YG occupancy: 57250 K (78656 K)
[2020-01-29T21:57:47.062+0300][95.100s][info ][gc] GC(1442) Pause Remark 202M->202M(247M) 11.066ms
[2020-01-29T21:57:47.062+0300][95.100s][info ][gc] GC(1442) Concurrent Sweep
[2020-01-29T21:57:47.064+0300][95.103s][info ][gc] GC(1443) Pause Young (Allocation Failure) 200M->200M(247M) 0.040ms
[2020-01-29T21:57:47.131+0300][95.169s][debug][gc] GC(1442) Concurrent active time: 68.703ms
[2020-01-29T21:57:47.131+0300][95.169s][info ][gc] GC(1442) Concurrent Sweep 68.955ms
[2020-01-29T21:57:47.131+0300][95.169s][debug][gc] GC(1444) Concurrent mode failure
[2020-01-29T21:57:47.225+0300][95.264s][info ][gc] GC(1444) Pause Full (Allocation Failure) 200M->70M(247M) 160.725ms
[2020-01-29T21:57:47.297+0300][95.335s][info ][gc] GC(1445) Pause Young (Allocation Failure) 137M->155M(247M) 53.051ms
[2020-01-29T21:57:47.306+0300][95.345s][info ][gc] GC(1446) Pause Initial Mark 174M->174M(247M) 8.818ms
[2020-01-29T21:57:47.306+0300][95.345s][info ][gc] GC(1446) Concurrent Mark
[2020-01-29T21:57:47.309+0300][95.348s][debug][gc] GC(1446) Concurrent active time: 3.011ms
[2020-01-29T21:57:47.309+0300][95.348s][info ][gc] GC(1446) Concurrent Mark 3.070ms
[2020-01-29T21:57:47.309+0300][95.348s][info ][gc] GC(1446) Concurrent Preclean
[2020-01-29T21:57:47.310+0300][95.348s][debug][gc] GC(1446) Concurrent active time: 0.157ms
[2020-01-29T21:57:47.310+0300][95.348s][info ][gc] GC(1446) Concurrent Preclean 0.189ms
[2020-01-29T21:57:47.310+0300][95.348s][info ][gc] GC(1446) Concurrent Abortable Preclean
[2020-01-29T21:57:47.310+0300][95.348s][debug][gc] GC(1446) Concurrent active time: 0.003ms
[2020-01-29T21:57:47.310+0300][95.348s][info ][gc] GC(1446) Concurrent Abortable Preclean 0.031ms
[2020-01-29T21:57:47.310+0300][95.348s][debug][gc] GC(1446) YG occupancy: 57250 K (78656 K)
[2020-01-29T21:57:47.321+0300][95.359s][info ][gc] GC(1446) Pause Remark 202M->202M(247M) 11.040ms
[2020-01-29T21:57:47.321+0300][95.359s][info ][gc] GC(1446) Concurrent Sweep
[2020-01-29T21:57:47.324+0300][95.362s][info ][gc] GC(1447) Pause Young (Allocation Failure) 200M->200M(247M) 0.045ms
[2020-01-29T21:57:47.391+0300][95.429s][debug][gc] GC(1446) Concurrent active time: 69.726ms
[2020-01-29T21:57:47.391+0300][95.429s][info ][gc] GC(1446) Concurrent Sweep 69.970ms
[2020-01-29T21:57:47.391+0300][95.429s][debug][gc] GC(1448) Concurrent mode failure
[2020-01-29T21:57:47.486+0300][95.524s][info ][gc] GC(1448) Pause Full (Allocation Failure) 200M->70M(247M) 161.910ms
[2020-01-29T21:57:47.558+0300][95.597s][info ][gc] GC(1449) Pause Young (Allocation Failure) 137M->155M(247M) 53.989ms
[2020-01-29T21:57:47.568+0300][95.607s][info ][gc] GC(1450) Pause Initial Mark 174M->174M(247M) 8.820ms
[2020-01-29T21:57:47.568+0300][95.607s][info ][gc] GC(1450) Concurrent Mark
[2020-01-29T21:57:47.572+0300][95.610s][debug][gc] GC(1450) Concurrent active time: 3.310ms
[2020-01-29T21:57:47.572+0300][95.610s][info ][gc] GC(1450) Concurrent Mark 3.494ms
[2020-01-29T21:57:47.572+0300][95.610s][info ][gc] GC(1450) Concurrent Preclean
[2020-01-29T21:57:47.572+0300][95.611s][debug][gc] GC(1450) Concurrent active time: 0.183ms
[2020-01-29T21:57:47.572+0300][95.611s][info ][gc] GC(1450) Concurrent Preclean 0.217ms
[2020-01-29T21:57:47.572+0300][95.611s][info ][gc] GC(1450) Concurrent Abortable Preclean
[2020-01-29T21:57:47.572+0300][95.611s][debug][gc] GC(1450) Concurrent active time: 0.004ms
[2020-01-29T21:57:47.572+0300][95.611s][info ][gc] GC(1450) Concurrent Abortable Preclean 0.031ms
[2020-01-29T21:57:47.572+0300][95.611s][debug][gc] GC(1450) YG occupancy: 50484 K (78656 K)
[2020-01-29T21:57:47.583+0300][95.622s][info ][gc] GC(1450) Pause Remark 196M->196M(247M) 10.844ms
[2020-01-29T21:57:47.583+0300][95.622s][info ][gc] GC(1450) Concurrent Sweep
[2020-01-29T21:57:47.587+0300][95.625s][info ][gc] GC(1451) Pause Young (Allocation Failure) 198M->198M(247M) 0.045ms
[2020-01-29T21:57:47.651+0300][95.690s][debug][gc] GC(1450) Concurrent active time: 68.137ms
[2020-01-29T21:57:47.651+0300][95.690s][info ][gc] GC(1450) Concurrent Sweep 68.413ms
[2020-01-29T21:57:47.651+0300][95.690s][debug][gc] GC(1452) Concurrent mode failure
[2020-01-29T21:57:47.745+0300][95.784s][info ][gc] GC(1452) Pause Full (Allocation Failure) 198M->70M(247M) 158.800ms
[2020-01-29T21:57:47.816+0300][95.855s][info ][gc] GC(1453) Pause Young (Allocation Failure) 137M->155M(247M) 52.423ms
[2020-01-29T21:57:47.826+0300][95.865s][info ][gc] GC(1454) Pause Initial Mark 174M->174M(247M) 8.856ms
[2020-01-29T21:57:47.826+0300][95.865s][info ][gc] GC(1454) Concurrent Mark
[2020-01-29T21:57:47.829+0300][95.868s][debug][gc] GC(1454) Concurrent active time: 3.022ms
[2020-01-29T21:57:47.829+0300][95.868s][info ][gc] GC(1454) Concurrent Mark 3.078ms
[2020-01-29T21:57:47.829+0300][95.868s][info ][gc] GC(1454) Concurrent Preclean
[2020-01-29T21:57:47.829+0300][95.868s][debug][gc] GC(1454) Concurrent active time: 0.154ms
[2020-01-29T21:57:47.829+0300][95.868s][info ][gc] GC(1454) Concurrent Preclean 0.185ms
[2020-01-29T21:57:47.829+0300][95.868s][info ][gc] GC(1454) Concurrent Abortable Preclean
[2020-01-29T21:57:47.829+0300][95.868s][debug][gc] GC(1454) Concurrent active time: 0.004ms
[2020-01-29T21:57:47.829+0300][95.868s][info ][gc] GC(1454) Concurrent Abortable Preclean 0.034ms
[2020-01-29T21:57:47.829+0300][95.868s][debug][gc] GC(1454) YG occupancy: 57250 K (78656 K)
[2020-01-29T21:57:47.841+0300][95.879s][info ][gc] GC(1454) Pause Remark 202M->202M(247M) 11.176ms
[2020-01-29T21:57:47.841+0300][95.879s][info ][gc] GC(1454) Concurrent Sweep
[2020-01-29T21:57:47.843+0300][95.882s][info ][gc] GC(1455) Pause Young (Allocation Failure) 200M->200M(247M) 0.040ms
[2020-01-29T21:57:47.909+0300][95.948s][debug][gc] GC(1454) Concurrent active time: 68.104ms
[2020-01-29T21:57:47.909+0300][95.948s][info ][gc] GC(1454) Concurrent Sweep 68.339ms
[2020-01-29T21:57:47.909+0300][95.948s][debug][gc] GC(1456) Concurrent mode failure
[2020-01-29T21:57:48.004+0300][96.043s][info ][gc] GC(1456) Pause Full (Allocation Failure) 200M->70M(247M) 160.765ms
[2020-01-29T21:57:48.081+0300][96.119s][info ][gc] GC(1457) Pause Young (Allocation Failure) 137M->155M(247M) 58.241ms
[2020-01-29T21:57:48.091+0300][96.129s][info ][gc] GC(1458) Pause Initial Mark 174M->174M(247M) 8.896ms
[2020-01-29T21:57:48.091+0300][96.129s][info ][gc] GC(1458) Concurrent Mark
[2020-01-29T21:57:48.094+0300][96.132s][debug][gc] GC(1458) Concurrent active time: 3.027ms
[2020-01-29T21:57:48.094+0300][96.132s][info ][gc] GC(1458) Concurrent Mark 3.082ms
[2020-01-29T21:57:48.094+0300][96.132s][info ][gc] GC(1458) Concurrent Preclean
[2020-01-29T21:57:48.094+0300][96.132s][debug][gc] GC(1458) Concurrent active time: 0.157ms
[2020-01-29T21:57:48.094+0300][96.132s][info ][gc] GC(1458) Concurrent Preclean 0.188ms
[2020-01-29T21:57:48.094+0300][96.132s][info ][gc] GC(1458) Concurrent Abortable Preclean
[2020-01-29T21:57:48.094+0300][96.132s][debug][gc] GC(1458) Concurrent active time: 0.004ms
[2020-01-29T21:57:48.094+0300][96.132s][info ][gc] GC(1458) Concurrent Abortable Preclean 0.031ms
[2020-01-29T21:57:48.094+0300][96.132s][debug][gc] GC(1458) YG occupancy: 57250 K (78656 K)
[2020-01-29T21:57:48.105+0300][96.143s][info ][gc] GC(1458) Pause Remark 202M->202M(247M) 11.038ms
[2020-01-29T21:57:48.105+0300][96.143s][info ][gc] GC(1458) Concurrent Sweep
[2020-01-29T21:57:48.108+0300][96.146s][info ][gc] GC(1459) Pause Young (Allocation Failure) 200M->200M(247M) 0.040ms
[2020-01-29T21:57:48.173+0300][96.212s][debug][gc] GC(1458) Concurrent active time: 68.192ms
[2020-01-29T21:57:48.173+0300][96.212s][info ][gc] GC(1458) Concurrent Sweep 68.449ms
[2020-01-29T21:57:48.173+0300][96.212s][debug][gc] GC(1460) Concurrent mode failure
[2020-01-29T21:57:48.269+0300][96.307s][info ][gc] GC(1460) Pause Full (Allocation Failure) 200M->70M(247M) 161.117ms
[2020-01-29T21:57:48.341+0300][96.380s][info ][gc] GC(1461) Pause Young (Allocation Failure) 137M->155M(247M) 53.688ms
[2020-01-29T21:57:48.351+0300][96.390s][info ][gc] GC(1462) Pause Initial Mark 174M->174M(247M) 8.907ms
[2020-01-29T21:57:48.351+0300][96.390s][info ][gc] GC(1462) Concurrent Mark
[2020-01-29T21:57:48.354+0300][96.393s][debug][gc] GC(1462) Concurrent active time: 3.031ms
[2020-01-29T21:57:48.355+0300][96.393s][info ][gc] GC(1462) Concurrent Mark 3.093ms
[2020-01-29T21:57:48.355+0300][96.393s][info ][gc] GC(1462) Concurrent Preclean
[2020-01-29T21:57:48.355+0300][96.393s][debug][gc] GC(1462) Concurrent active time: 0.158ms
[2020-01-29T21:57:48.355+0300][96.393s][info ][gc] GC(1462) Concurrent Preclean 0.189ms
[2020-01-29T21:57:48.355+0300][96.393s][info ][gc] GC(1462) Concurrent Abortable Preclean
[2020-01-29T21:57:48.355+0300][96.393s][debug][gc] GC(1462) Concurrent active time: 0.004ms
[2020-01-29T21:57:48.355+0300][96.393s][info ][gc] GC(1462) Concurrent Abortable Preclean 0.031ms
[2020-01-29T21:57:48.355+0300][96.393s][debug][gc] GC(1462) YG occupancy: 57250 K (78656 K)
[2020-01-29T21:57:48.366+0300][96.404s][info ][gc] GC(1462) Pause Remark 202M->202M(247M) 11.050ms
[2020-01-29T21:57:48.366+0300][96.404s][info ][gc] GC(1462) Concurrent Sweep
[2020-01-29T21:57:48.369+0300][96.407s][info ][gc] GC(1463) Pause Young (Allocation Failure) 200M->200M(247M) 0.045ms
[2020-01-29T21:57:48.436+0300][96.474s][debug][gc] GC(1462) Concurrent active time: 69.692ms
[2020-01-29T21:57:48.436+0300][96.474s][info ][gc] GC(1462) Concurrent Sweep 69.958ms
[2020-01-29T21:57:48.436+0300][96.474s][debug][gc] GC(1464) Concurrent mode failure
[2020-01-29T21:57:48.531+0300][96.569s][info ][gc] GC(1464) Pause Full (Allocation Failure) 200M->70M(247M) 162.458ms
[2020-01-29T21:57:48.613+0300][96.651s][info ][gc] GC(1465) Pause Young (Allocation Failure) 137M->155M(247M) 63.024ms
[2020-01-29T21:57:48.622+0300][96.661s][info ][gc] GC(1466) Pause Initial Mark 174M->174M(247M) 8.845ms
[2020-01-29T21:57:48.622+0300][96.661s][info ][gc] GC(1466) Concurrent Mark
[2020-01-29T21:57:48.626+0300][96.664s][debug][gc] GC(1466) Concurrent active time: 3.044ms
[2020-01-29T21:57:48.626+0300][96.664s][info ][gc] GC(1466) Concurrent Mark 3.102ms
[2020-01-29T21:57:48.626+0300][96.664s][info ][gc] GC(1466) Concurrent Preclean
[2020-01-29T21:57:48.626+0300][96.664s][debug][gc] GC(1466) Concurrent active time: 0.159ms
[2020-01-29T21:57:48.626+0300][96.664s][info ][gc] GC(1466) Concurrent Preclean 0.191ms
[2020-01-29T21:57:48.626+0300][96.664s][info ][gc] GC(1466) Concurrent Abortable Preclean
[2020-01-29T21:57:48.626+0300][96.664s][debug][gc] GC(1466) Concurrent active time: 0.004ms
[2020-01-29T21:57:48.626+0300][96.664s][info ][gc] GC(1466) Concurrent Abortable Preclean 0.030ms
[2020-01-29T21:57:48.626+0300][96.664s][debug][gc] GC(1466) YG occupancy: 57228 K (78656 K)
[2020-01-29T21:57:48.637+0300][96.676s][info ][gc] GC(1466) Pause Remark 202M->202M(247M) 11.086ms
[2020-01-29T21:57:48.638+0300][96.676s][info ][gc] GC(1466) Concurrent Sweep
[2020-01-29T21:57:48.640+0300][96.678s][info ][gc] GC(1467) Pause Young (Allocation Failure) 200M->200M(247M) 0.040ms
[2020-01-29T21:57:48.707+0300][96.746s][debug][gc] GC(1466) Concurrent active time: 69.930ms
[2020-01-29T21:57:48.707+0300][96.746s][info ][gc] GC(1466) Concurrent Sweep 70.188ms
[2020-01-29T21:57:48.707+0300][96.746s][debug][gc] GC(1468) Concurrent mode failure
[2020-01-29T21:57:48.803+0300][96.841s][info ][gc] GC(1468) Pause Full (Allocation Failure) 200M->70M(247M) 162.475ms
[2020-01-29T21:57:48.873+0300][96.912s][info ][gc] GC(1469) Pause Young (Allocation Failure) 137M->155M(247M) 53.066ms
[2020-01-29T21:57:48.882+0300][96.921s][info ][gc] GC(1470) Pause Initial Mark 174M->174M(247M) 8.831ms
[2020-01-29T21:57:48.882+0300][96.921s][info ][gc] GC(1470) Concurrent Mark
[2020-01-29T21:57:48.886+0300][96.924s][debug][gc] GC(1470) Concurrent active time: 3.045ms
[2020-01-29T21:57:48.886+0300][96.924s][info ][gc] GC(1470) Concurrent Mark 3.099ms
[2020-01-29T21:57:48.886+0300][96.924s][info ][gc] GC(1470) Concurrent Preclean
[2020-01-29T21:57:48.886+0300][96.925s][debug][gc] GC(1470) Concurrent active time: 0.157ms
[2020-01-29T21:57:48.886+0300][96.925s][info ][gc] GC(1470) Concurrent Preclean 0.188ms
[2020-01-29T21:57:48.886+0300][96.925s][info ][gc] GC(1470) Concurrent Abortable Preclean
[2020-01-29T21:57:48.886+0300][96.925s][debug][gc] GC(1470) Concurrent active time: 0.004ms
[2020-01-29T21:57:48.886+0300][96.925s][info ][gc] GC(1470) Concurrent Abortable Preclean 0.030ms
[2020-01-29T21:57:48.886+0300][96.925s][debug][gc] GC(1470) YG occupancy: 57241 K (78656 K)
[2020-01-29T21:57:48.897+0300][96.936s][info ][gc] GC(1470) Pause Remark 202M->202M(247M) 11.021ms
[2020-01-29T21:57:48.897+0300][96.936s][info ][gc] GC(1470) Concurrent Sweep
[2020-01-29T21:57:48.900+0300][96.939s][info ][gc] GC(1471) Pause Young (Allocation Failure) 200M->200M(247M) 0.044ms
[2020-01-29T21:57:48.965+0300][97.004s][debug][gc] GC(1470) Concurrent active time: 68.082ms
[2020-01-29T21:57:48.966+0300][97.004s][info ][gc] GC(1470) Concurrent Sweep 68.351ms
[2020-01-29T21:57:48.966+0300][97.004s][debug][gc] GC(1472) Concurrent mode failure
[2020-01-29T21:57:49.061+0300][97.099s][info ][gc] GC(1472) Pause Full (Allocation Failure) 200M->70M(247M) 160.535ms
[2020-01-29T21:57:49.132+0300][97.171s][info ][gc] GC(1473) Pause Young (Allocation Failure) 137M->155M(247M) 52.769ms
[2020-01-29T21:57:49.142+0300][97.180s][info ][gc] GC(1474) Pause Initial Mark 174M->174M(247M) 8.831ms
[2020-01-29T21:57:49.142+0300][97.180s][info ][gc] GC(1474) Concurrent Mark
[2020-01-29T21:57:49.145+0300][97.183s][debug][gc] GC(1474) Concurrent active time: 3.014ms
[2020-01-29T21:57:49.145+0300][97.183s][info ][gc] GC(1474) Concurrent Mark 3.069ms
[2020-01-29T21:57:49.145+0300][97.183s][info ][gc] GC(1474) Concurrent Preclean
[2020-01-29T21:57:49.145+0300][97.184s][debug][gc] GC(1474) Concurrent active time: 0.159ms
[2020-01-29T21:57:49.145+0300][97.184s][info ][gc] GC(1474) Concurrent Preclean 0.190ms
[2020-01-29T21:57:49.145+0300][97.184s][info ][gc] GC(1474) Concurrent Abortable Preclean
[2020-01-29T21:57:49.145+0300][97.184s][debug][gc] GC(1474) Concurrent active time: 0.004ms
[2020-01-29T21:57:49.146+0300][97.184s][info ][gc] GC(1474) Concurrent Abortable Preclean 0.031ms
[2020-01-29T21:57:49.146+0300][97.184s][debug][gc] GC(1474) YG occupancy: 57246 K (78656 K)
[2020-01-29T21:57:49.157+0300][97.195s][info ][gc] GC(1474) Pause Remark 202M->202M(247M) 11.129ms
[2020-01-29T21:57:49.157+0300][97.195s][info ][gc] GC(1474) Concurrent Sweep
[2020-01-29T21:57:49.159+0300][97.198s][info ][gc] GC(1475) Pause Young (Allocation Failure) 200M->200M(247M) 0.040ms
[2020-01-29T21:57:49.225+0300][97.263s][debug][gc] GC(1474) Concurrent active time: 68.296ms
[2020-01-29T21:57:49.225+0300][97.264s][info ][gc] GC(1474) Concurrent Sweep 68.535ms
[2020-01-29T21:57:49.226+0300][97.264s][debug][gc] GC(1476) Concurrent mode failure
[2020-01-29T21:57:49.320+0300][97.359s][info ][gc] GC(1476) Pause Full (Allocation Failure) 200M->70M(247M) 160.996ms
[2020-01-29T21:57:49.393+0300][97.432s][info ][gc] GC(1477) Pause Young (Allocation Failure) 137M->155M(247M) 54.524ms
[2020-01-29T21:57:49.403+0300][97.441s][info ][gc] GC(1478) Pause Initial Mark 174M->174M(247M) 8.844ms
[2020-01-29T21:57:49.403+0300][97.442s][info ][gc] GC(1478) Concurrent Mark
[2020-01-29T21:57:49.406+0300][97.445s][debug][gc] GC(1478) Concurrent active time: 3.096ms
[2020-01-29T21:57:49.406+0300][97.445s][info ][gc] GC(1478) Concurrent Mark 3.152ms
[2020-01-29T21:57:49.406+0300][97.445s][info ][gc] GC(1478) Concurrent Preclean
[2020-01-29T21:57:49.406+0300][97.445s][debug][gc] GC(1478) Concurrent active time: 0.158ms
[2020-01-29T21:57:49.406+0300][97.445s][info ][gc] GC(1478) Concurrent Preclean 0.189ms
[2020-01-29T21:57:49.406+0300][97.445s][info ][gc] GC(1478) Concurrent Abortable Preclean
[2020-01-29T21:57:49.406+0300][97.445s][debug][gc] GC(1478) Concurrent active time: 0.004ms
[2020-01-29T21:57:49.406+0300][97.445s][info ][gc] GC(1478) Concurrent Abortable Preclean 0.031ms
[2020-01-29T21:57:49.406+0300][97.445s][debug][gc] GC(1478) YG occupancy: 57248 K (78656 K)
[2020-01-29T21:57:49.418+0300][97.456s][info ][gc] GC(1478) Pause Remark 202M->202M(247M) 11.043ms
[2020-01-29T21:57:49.418+0300][97.456s][info ][gc] GC(1478) Concurrent Sweep
[2020-01-29T21:57:49.420+0300][97.459s][info ][gc] GC(1479) Pause Young (Allocation Failure) 200M->200M(247M) 0.040ms
[2020-01-29T21:57:49.486+0300][97.525s][debug][gc] GC(1478) Concurrent active time: 68.833ms
[2020-01-29T21:57:49.486+0300][97.525s][info ][gc] GC(1478) Concurrent Sweep 69.069ms
[2020-01-29T21:57:49.486+0300][97.525s][debug][gc] GC(1480) Concurrent mode failure
[2020-01-29T21:57:49.582+0300][97.620s][info ][gc] GC(1480) Pause Full (Allocation Failure) 200M->70M(247M) 161.267ms
[2020-01-29T21:57:49.655+0300][97.694s][info ][gc] GC(1481) Pause Young (Allocation Failure) 137M->155M(247M) 54.274ms
[2020-01-29T21:57:49.665+0300][97.704s][info ][gc] GC(1482) Pause Initial Mark 174M->174M(247M) 8.827ms
[2020-01-29T21:57:49.665+0300][97.704s][info ][gc] GC(1482) Concurrent Mark
[2020-01-29T21:57:49.668+0300][97.707s][debug][gc] GC(1482) Concurrent active time: 3.066ms
[2020-01-29T21:57:49.668+0300][97.707s][info ][gc] GC(1482) Concurrent Mark 3.172ms
[2020-01-29T21:57:49.668+0300][97.707s][info ][gc] GC(1482) Concurrent Preclean
[2020-01-29T21:57:49.668+0300][97.707s][debug][gc] GC(1482) Concurrent active time: 0.159ms
[2020-01-29T21:57:49.668+0300][97.707s][info ][gc] GC(1482) Concurrent Preclean 0.188ms
[2020-01-29T21:57:49.668+0300][97.707s][info ][gc] GC(1482) Concurrent Abortable Preclean
[2020-01-29T21:57:49.668+0300][97.707s][debug][gc] GC(1482) Concurrent active time: 0.003ms
[2020-01-29T21:57:49.668+0300][97.707s][info ][gc] GC(1482) Concurrent Abortable Preclean 0.030ms
[2020-01-29T21:57:49.668+0300][97.707s][debug][gc] GC(1482) YG occupancy: 58608 K (78656 K)
[2020-01-29T21:57:49.679+0300][97.718s][info ][gc] GC(1482) Pause Remark 204M->204M(247M) 11.058ms
[2020-01-29T21:57:49.679+0300][97.718s][info ][gc] GC(1482) Concurrent Sweep
[2020-01-29T21:57:49.682+0300][97.721s][info ][gc] GC(1483) Pause Young (Allocation Failure) 200M->200M(247M) 0.040ms
[2020-01-29T21:57:49.749+0300][97.787s][debug][gc] GC(1482) Concurrent active time: 69.064ms
[2020-01-29T21:57:49.749+0300][97.787s][info ][gc] GC(1482) Concurrent Sweep 69.296ms
[2020-01-29T21:57:49.749+0300][97.788s][debug][gc] GC(1484) Concurrent mode failure
[2020-01-29T21:57:49.845+0300][97.883s][info ][gc] GC(1484) Pause Full (Allocation Failure) 200M->70M(247M) 162.310ms
[2020-01-29T21:57:49.917+0300][97.955s][info ][gc] GC(1485) Pause Young (Allocation Failure) 137M->155M(247M) 52.961ms
[2020-01-29T21:57:49.926+0300][97.965s][info ][gc] GC(1486) Pause Initial Mark 174M->174M(247M) 8.884ms
[2020-01-29T21:57:49.927+0300][97.965s][info ][gc] GC(1486) Concurrent Mark
[2020-01-29T21:57:49.930+0300][97.968s][debug][gc] GC(1486) Concurrent active time: 3.011ms
[2020-01-29T21:57:49.930+0300][97.968s][info ][gc] GC(1486) Concurrent Mark 3.064ms
[2020-01-29T21:57:49.930+0300][97.968s][info ][gc] GC(1486) Concurrent Preclean
[2020-01-29T21:57:49.930+0300][97.968s][debug][gc] GC(1486) Concurrent active time: 0.156ms
[2020-01-29T21:57:49.930+0300][97.968s][info ][gc] GC(1486) Concurrent Preclean 0.185ms
[2020-01-29T21:57:49.930+0300][97.968s][info ][gc] GC(1486) Concurrent Abortable Preclean
[2020-01-29T21:57:49.930+0300][97.968s][debug][gc] GC(1486) Concurrent active time: 0.004ms
[2020-01-29T21:57:49.930+0300][97.968s][info ][gc] GC(1486) Concurrent Abortable Preclean 0.030ms
[2020-01-29T21:57:49.930+0300][97.968s][debug][gc] GC(1486) YG occupancy: 57241 K (78656 K)
[2020-01-29T21:57:49.941+0300][97.979s][info ][gc] GC(1486) Pause Remark 202M->202M(247M) 11.030ms
[2020-01-29T21:57:49.941+0300][97.979s][info ][gc] GC(1486) Concurrent Sweep
[2020-01-29T21:57:49.944+0300][97.982s][info ][gc] GC(1487) Pause Young (Allocation Failure) 200M->200M(247M) 0.041ms
[2020-01-29T21:57:50.009+0300][98.048s][debug][gc] GC(1486) Concurrent active time: 68.589ms
[2020-01-29T21:57:50.009+0300][98.048s][info ][gc] GC(1486) Concurrent Sweep 68.842ms
[2020-01-29T21:57:50.009+0300][98.048s][debug][gc] GC(1488) Concurrent mode failure
[2020-01-29T21:57:50.104+0300][98.142s][info ][gc] GC(1488) Pause Full (Allocation Failure) 200M->70M(247M) 160.509ms
[2020-01-29T21:57:50.175+0300][98.213s][info ][gc] GC(1489) Pause Young (Allocation Failure) 137M->155M(247M) 52.906ms
[2020-01-29T21:57:50.184+0300][98.223s][info ][gc] GC(1490) Pause Initial Mark 174M->174M(247M) 8.821ms
[2020-01-29T21:57:50.184+0300][98.223s][info ][gc] GC(1490) Concurrent Mark
[2020-01-29T21:57:50.187+0300][98.226s][debug][gc] GC(1490) Concurrent active time: 3.032ms
[2020-01-29T21:57:50.187+0300][98.226s][info ][gc] GC(1490) Concurrent Mark 3.092ms
[2020-01-29T21:57:50.187+0300][98.226s][info ][gc] GC(1490) Concurrent Preclean
[2020-01-29T21:57:50.188+0300][98.226s][debug][gc] GC(1490) Concurrent active time: 0.156ms
[2020-01-29T21:57:50.188+0300][98.226s][info ][gc] GC(1490) Concurrent Preclean 0.188ms
[2020-01-29T21:57:50.188+0300][98.226s][info ][gc] GC(1490) Concurrent Abortable Preclean
[2020-01-29T21:57:50.188+0300][98.226s][debug][gc] GC(1490) Concurrent active time: 0.004ms
[2020-01-29T21:57:50.188+0300][98.226s][info ][gc] GC(1490) Concurrent Abortable Preclean 0.039ms
[2020-01-29T21:57:50.188+0300][98.226s][debug][gc] GC(1490) YG occupancy: 57248 K (78656 K)
[2020-01-29T21:57:50.199+0300][98.237s][info ][gc] GC(1490) Pause Remark 202M->202M(247M) 11.062ms
[2020-01-29T21:57:50.199+0300][98.237s][info ][gc] GC(1490) Concurrent Sweep
[2020-01-29T21:57:50.202+0300][98.240s][info ][gc] GC(1491) Pause Young (Allocation Failure) 200M->200M(247M) 0.039ms
[2020-01-29T21:57:50.268+0300][98.306s][debug][gc] GC(1490) Concurrent active time: 68.269ms
[2020-01-29T21:57:50.268+0300][98.306s][info ][gc] GC(1490) Concurrent Sweep 68.502ms
[2020-01-29T21:57:50.268+0300][98.306s][debug][gc] GC(1492) Concurrent mode failure
[2020-01-29T21:57:50.363+0300][98.401s][info ][gc] GC(1492) Pause Full (Allocation Failure) 200M->70M(247M) 160.691ms
[2020-01-29T21:57:50.434+0300][98.473s][info ][gc] GC(1493) Pause Young (Allocation Failure) 137M->155M(247M) 53.092ms
[2020-01-29T21:57:50.444+0300][98.482s][info ][gc] GC(1494) Pause Initial Mark 174M->174M(247M) 8.814ms
[2020-01-29T21:57:50.444+0300][98.482s][info ][gc] GC(1494) Concurrent Mark
[2020-01-29T21:57:50.447+0300][98.485s][debug][gc] GC(1494) Concurrent active time: 3.031ms
[2020-01-29T21:57:50.447+0300][98.485s][info ][gc] GC(1494) Concurrent Mark 3.088ms
[2020-01-29T21:57:50.447+0300][98.485s][info ][gc] GC(1494) Concurrent Preclean
[2020-01-29T21:57:50.447+0300][98.485s][debug][gc] GC(1494) Concurrent active time: 0.154ms
[2020-01-29T21:57:50.447+0300][98.486s][info ][gc] GC(1494) Concurrent Preclean 0.185ms
[2020-01-29T21:57:50.447+0300][98.486s][info ][gc] GC(1494) Concurrent Abortable Preclean
[2020-01-29T21:57:50.447+0300][98.486s][debug][gc] GC(1494) Concurrent active time: 0.004ms
[2020-01-29T21:57:50.447+0300][98.486s][info ][gc] GC(1494) Concurrent Abortable Preclean 0.030ms
[2020-01-29T21:57:50.447+0300][98.486s][debug][gc] GC(1494) YG occupancy: 57249 K (78656 K)
[2020-01-29T21:57:50.458+0300][98.497s][info ][gc] GC(1494) Pause Remark 202M->202M(247M) 11.058ms
[2020-01-29T21:57:50.458+0300][98.497s][info ][gc] GC(1494) Concurrent Sweep
[2020-01-29T21:57:50.461+0300][98.499s][info ][gc] GC(1495) Pause Young (Allocation Failure) 200M->200M(247M) 0.040ms
[2020-01-29T21:57:50.528+0300][98.566s][debug][gc] GC(1494) Concurrent active time: 69.164ms
[2020-01-29T21:57:50.528+0300][98.566s][info ][gc] GC(1494) Concurrent Sweep 69.401ms
[2020-01-29T21:57:50.528+0300][98.566s][debug][gc] GC(1496) Concurrent mode failure
[2020-01-29T21:57:50.621+0300][98.660s][info ][gc] GC(1496) Pause Full (Allocation Failure) 200M->70M(247M) 160.612ms
[2020-01-29T21:57:50.694+0300][98.732s][info ][gc] GC(1497) Pause Young (Allocation Failure) 137M->155M(247M) 53.112ms
[2020-01-29T21:57:50.704+0300][98.742s][info ][gc] GC(1498) Pause Initial Mark 174M->174M(247M) 9.008ms
[2020-01-29T21:57:50.704+0300][98.742s][info ][gc] GC(1498) Concurrent Mark
[2020-01-29T21:57:50.707+0300][98.745s][debug][gc] GC(1498) Concurrent active time: 3.034ms
[2020-01-29T21:57:50.707+0300][98.746s][info ][gc] GC(1498) Concurrent Mark 3.092ms
[2020-01-29T21:57:50.707+0300][98.746s][info ][gc] GC(1498) Concurrent Preclean
[2020-01-29T21:57:50.707+0300][98.746s][debug][gc] GC(1498) Concurrent active time: 0.156ms
[2020-01-29T21:57:50.707+0300][98.746s][info ][gc] GC(1498) Concurrent Preclean 0.188ms
[2020-01-29T21:57:50.707+0300][98.746s][info ][gc] GC(1498) Concurrent Abortable Preclean
[2020-01-29T21:57:50.707+0300][98.746s][debug][gc] GC(1498) Concurrent active time: 0.004ms
[2020-01-29T21:57:50.707+0300][98.746s][info ][gc] GC(1498) Concurrent Abortable Preclean 0.030ms
[2020-01-29T21:57:50.707+0300][98.746s][debug][gc] GC(1498) YG occupancy: 57230 K (78656 K)
[2020-01-29T21:57:50.718+0300][98.757s][info ][gc] GC(1498) Pause Remark 202M->202M(247M) 11.038ms
[2020-01-29T21:57:50.718+0300][98.757s][info ][gc] GC(1498) Concurrent Sweep
[2020-01-29T21:57:50.721+0300][98.760s][info ][gc] GC(1499) Pause Young (Allocation Failure) 200M->200M(247M) 0.042ms
[2020-01-29T21:57:50.788+0300][98.827s][debug][gc] GC(1498) Concurrent active time: 69.422ms
[2020-01-29T21:57:50.788+0300][98.827s][info ][gc] GC(1498) Concurrent Sweep 69.669ms
[2020-01-29T21:57:50.788+0300][98.827s][debug][gc] GC(1500) Concurrent mode failure
[2020-01-29T21:57:50.884+0300][98.922s][info ][gc] GC(1500) Pause Full (Allocation Failure) 200M->70M(247M) 162.199ms
[2020-01-29T21:57:50.955+0300][98.994s][info ][gc] GC(1501) Pause Young (Allocation Failure) 137M->155M(247M) 53.017ms
[2020-01-29T21:57:50.965+0300][99.003s][info ][gc] GC(1502) Pause Initial Mark 174M->174M(247M) 8.848ms
[2020-01-29T21:57:50.965+0300][99.003s][info ][gc] GC(1502) Concurrent Mark
[2020-01-29T21:57:50.968+0300][99.006s][debug][gc] GC(1502) Concurrent active time: 3.021ms
[2020-01-29T21:57:50.968+0300][99.006s][info ][gc] GC(1502) Concurrent Mark 3.076ms
[2020-01-29T21:57:50.968+0300][99.006s][info ][gc] GC(1502) Concurrent Preclean
[2020-01-29T21:57:50.968+0300][99.007s][debug][gc] GC(1502) Concurrent active time: 0.155ms
[2020-01-29T21:57:50.968+0300][99.007s][info ][gc] GC(1502) Concurrent Preclean 0.184ms
[2020-01-29T21:57:50.968+0300][99.007s][info ][gc] GC(1502) Concurrent Abortable Preclean
[2020-01-29T21:57:50.968+0300][99.007s][debug][gc] GC(1502) Concurrent active time: 0.004ms
[2020-01-29T21:57:50.968+0300][99.007s][info ][gc] GC(1502) Concurrent Abortable Preclean 0.031ms
[2020-01-29T21:57:50.968+0300][99.007s][debug][gc] GC(1502) YG occupancy: 57242 K (78656 K)
[2020-01-29T21:57:50.979+0300][99.018s][info ][gc] GC(1502) Pause Remark 202M->202M(247M) 11.044ms
[2020-01-29T21:57:50.980+0300][99.018s][info ][gc] GC(1502) Concurrent Sweep
[2020-01-29T21:57:50.982+0300][99.021s][info ][gc] GC(1503) Pause Young (Allocation Failure) 200M->200M(247M) 0.041ms
[2020-01-29T21:57:51.049+0300][99.087s][debug][gc] GC(1502) Concurrent active time: 69.141ms
[2020-01-29T21:57:51.049+0300][99.087s][info ][gc] GC(1502) Concurrent Sweep 69.383ms
[2020-01-29T21:57:51.049+0300][99.087s][debug][gc] GC(1504) Concurrent mode failure
[2020-01-29T21:57:51.143+0300][99.182s][info ][gc] GC(1504) Pause Full (Allocation Failure) 200M->70M(247M) 161.545ms
[2020-01-29T21:57:51.215+0300][99.254s][info ][gc] GC(1505) Pause Young (Allocation Failure) 137M->155M(247M) 53.539ms
[2020-01-29T21:57:51.225+0300][99.264s][info ][gc] GC(1506) Pause Initial Mark 174M->174M(247M) 8.814ms
[2020-01-29T21:57:51.225+0300][99.264s][info ][gc] GC(1506) Concurrent Mark
[2020-01-29T21:57:51.228+0300][99.267s][debug][gc] GC(1506) Concurrent active time: 3.025ms
[2020-01-29T21:57:51.228+0300][99.267s][info ][gc] GC(1506) Concurrent Mark 3.082ms
[2020-01-29T21:57:51.228+0300][99.267s][info ][gc] GC(1506) Concurrent Preclean
[2020-01-29T21:57:51.228+0300][99.267s][debug][gc] GC(1506) Concurrent active time: 0.154ms
[2020-01-29T21:57:51.228+0300][99.267s][info ][gc] GC(1506) Concurrent Preclean 0.184ms
[2020-01-29T21:57:51.228+0300][99.267s][info ][gc] GC(1506) Concurrent Abortable Preclean
[2020-01-29T21:57:51.228+0300][99.267s][debug][gc] GC(1506) Concurrent active time: 0.004ms
[2020-01-29T21:57:51.228+0300][99.267s][info ][gc] GC(1506) Concurrent Abortable Preclean 0.030ms
[2020-01-29T21:57:51.228+0300][99.267s][debug][gc] GC(1506) YG occupancy: 57247 K (78656 K)
[2020-01-29T21:57:51.240+0300][99.278s][info ][gc] GC(1506) Pause Remark 202M->202M(247M) 11.034ms
[2020-01-29T21:57:51.240+0300][99.278s][info ][gc] GC(1506) Concurrent Sweep
[2020-01-29T21:57:51.243+0300][99.281s][info ][gc] GC(1507) Pause Young (Allocation Failure) 200M->200M(247M) 0.038ms
[2020-01-29T21:57:51.309+0300][99.347s][debug][gc] GC(1506) Concurrent active time: 68.734ms
[2020-01-29T21:57:51.309+0300][99.347s][info ][gc] GC(1506) Concurrent Sweep 68.968ms
[2020-01-29T21:57:51.309+0300][99.347s][debug][gc] GC(1508) Concurrent mode failure
[2020-01-29T21:57:51.403+0300][99.442s][info ][gc] GC(1508) Pause Full (Allocation Failure) 200M->70M(247M) 161.147ms
[2020-01-29T21:57:51.474+0300][99.513s][info ][gc] GC(1509) Pause Young (Allocation Failure) 137M->155M(247M) 52.645ms
[2020-01-29T21:57:51.484+0300][99.523s][info ][gc] GC(1510) Pause Initial Mark 174M->174M(247M) 8.824ms
[2020-01-29T21:57:51.484+0300][99.523s][info ][gc] GC(1510) Concurrent Mark
[2020-01-29T21:57:51.487+0300][99.526s][debug][gc] GC(1510) Concurrent active time: 3.021ms
[2020-01-29T21:57:51.487+0300][99.526s][info ][gc] GC(1510) Concurrent Mark 3.077ms
[2020-01-29T21:57:51.487+0300][99.526s][info ][gc] GC(1510) Concurrent Preclean
[2020-01-29T21:57:51.487+0300][99.526s][debug][gc] GC(1510) Concurrent active time: 0.155ms
[2020-01-29T21:57:51.487+0300][99.526s][info ][gc] GC(1510) Concurrent Preclean 0.186ms
[2020-01-29T21:57:51.487+0300][99.526s][info ][gc] GC(1510) Concurrent Abortable Preclean
[2020-01-29T21:57:51.487+0300][99.526s][debug][gc] GC(1510) Concurrent active time: 0.004ms
[2020-01-29T21:57:51.487+0300][99.526s][info ][gc] GC(1510) Concurrent Abortable Preclean 0.030ms
[2020-01-29T21:57:51.487+0300][99.526s][debug][gc] GC(1510) YG occupancy: 57249 K (78656 K)
[2020-01-29T21:57:51.499+0300][99.537s][info ][gc] GC(1510) Pause Remark 202M->202M(247M) 11.060ms
[2020-01-29T21:57:51.499+0300][99.537s][info ][gc] GC(1510) Concurrent Sweep
[2020-01-29T21:57:51.501+0300][99.540s][info ][gc] GC(1511) Pause Young (Allocation Failure) 200M->200M(247M) 0.041ms
[2020-01-29T21:57:51.568+0300][99.606s][debug][gc] GC(1510) Concurrent active time: 68.914ms
[2020-01-29T21:57:51.568+0300][99.606s][info ][gc] GC(1510) Concurrent Sweep 69.148ms
[2020-01-29T21:57:51.568+0300][99.606s][debug][gc] GC(1512) Concurrent mode failure
[2020-01-29T21:57:51.664+0300][99.702s][info ][gc] GC(1512) Pause Full (Allocation Failure) 200M->70M(247M) 161.865ms
[2020-01-29T21:57:51.737+0300][99.776s][info ][gc] GC(1513) Pause Young (Allocation Failure) 137M->155M(247M) 55.031ms
[2020-01-29T21:57:51.746+0300][99.785s][info ][gc] GC(1514) Pause Initial Mark 174M->174M(247M) 8.823ms
[2020-01-29T21:57:51.746+0300][99.785s][info ][gc] GC(1514) Concurrent Mark
[2020-01-29T21:57:51.749+0300][99.788s][debug][gc] GC(1514) Concurrent active time: 3.015ms
[2020-01-29T21:57:51.749+0300][99.788s][info ][gc] GC(1514) Concurrent Mark 3.068ms
[2020-01-29T21:57:51.749+0300][99.788s][info ][gc] GC(1514) Concurrent Preclean
[2020-01-29T21:57:51.750+0300][99.788s][debug][gc] GC(1514) Concurrent active time: 0.162ms
[2020-01-29T21:57:51.750+0300][99.788s][info ][gc] GC(1514) Concurrent Preclean 0.193ms
[2020-01-29T21:57:51.750+0300][99.788s][info ][gc] GC(1514) Concurrent Abortable Preclean
[2020-01-29T21:57:51.750+0300][99.789s][debug][gc] GC(1514) Concurrent active time: 0.004ms
[2020-01-29T21:57:51.750+0300][99.789s][info ][gc] GC(1514) Concurrent Abortable Preclean 0.031ms
[2020-01-29T21:57:51.750+0300][99.789s][debug][gc] GC(1514) YG occupancy: 57230 K (78656 K)
[2020-01-29T21:57:51.761+0300][99.800s][info ][gc] GC(1514) Pause Remark 202M->202M(247M) 11.058ms
[2020-01-29T21:57:51.761+0300][99.800s][info ][gc] GC(1514) Concurrent Sweep
[2020-01-29T21:57:51.764+0300][99.802s][info ][gc] GC(1515) Pause Young (Allocation Failure) 200M->200M(247M) 0.041ms
[2020-01-29T21:57:51.830+0300][99.869s][debug][gc] GC(1514) Concurrent active time: 68.861ms
[2020-01-29T21:57:51.830+0300][99.869s][info ][gc] GC(1514) Concurrent Sweep 69.104ms
[2020-01-29T21:57:51.830+0300][99.869s][debug][gc] GC(1516) Concurrent mode failure
[2020-01-29T21:57:51.926+0300][99.964s][info ][gc] GC(1516) Pause Full (Allocation Failure) 200M->70M(247M) 161.541ms
[2020-01-29T21:57:51.997+0300][100.035s][info ][gc] GC(1517) Pause Young (Allocation Failure) 137M->155M(247M) 53.366ms
[2020-01-29T21:57:52.007+0300][100.045s][info ][gc] GC(1518) Pause Initial Mark 174M->174M(247M) 8.843ms
[2020-01-29T21:57:52.007+0300][100.045s][info ][gc] GC(1518) Concurrent Mark
[2020-01-29T21:57:52.010+0300][100.048s][debug][gc] GC(1518) Concurrent active time: 3.024ms
[2020-01-29T21:57:52.010+0300][100.048s][info ][gc] GC(1518) Concurrent Mark 3.076ms
[2020-01-29T21:57:52.010+0300][100.048s][info ][gc] GC(1518) Concurrent Preclean
[2020-01-29T21:57:52.010+0300][100.048s][debug][gc] GC(1518) Concurrent active time: 0.155ms
[2020-01-29T21:57:52.010+0300][100.048s][info ][gc] GC(1518) Concurrent Preclean 0.194ms
[2020-01-29T21:57:52.010+0300][100.048s][info ][gc] GC(1518) Concurrent Abortable Preclean
[2020-01-29T21:57:52.010+0300][100.048s][debug][gc] GC(1518) Concurrent active time: 0.004ms
[2020-01-29T21:57:52.010+0300][100.048s][info ][gc] GC(1518) Concurrent Abortable Preclean 0.030ms
[2020-01-29T21:57:52.010+0300][100.048s][debug][gc] GC(1518) YG occupancy: 57242 K (78656 K)
[2020-01-29T21:57:52.021+0300][100.059s][info ][gc] GC(1518) Pause Remark 202M->202M(247M) 11.051ms
[2020-01-29T21:57:52.021+0300][100.059s][info ][gc] GC(1518) Concurrent Sweep
[2020-01-29T21:57:52.024+0300][100.062s][info ][gc] GC(1519) Pause Young (Allocation Failure) 200M->200M(247M) 0.041ms
[2020-01-29T21:57:52.089+0300][100.128s][debug][gc] GC(1518) Concurrent active time: 67.845ms
[2020-01-29T21:57:52.089+0300][100.128s][info ][gc] GC(1518) Concurrent Sweep 68.086ms
[2020-01-29T21:57:52.089+0300][100.128s][debug][gc] GC(1520) Concurrent mode failure
[2020-01-29T21:57:52.184+0300][100.223s][info ][gc] GC(1520) Pause Full (Allocation Failure) 200M->70M(247M) 160.752ms
[2020-01-29T21:57:52.283+0300][100.322s][info ][gc] GC(1521) Pause Young (Allocation Failure) 137M->155M(247M) 80.517ms
[2020-01-29T21:57:52.293+0300][100.331s][info ][gc] GC(1522) Pause Initial Mark 174M->174M(247M) 8.832ms
[2020-01-29T21:57:52.293+0300][100.331s][info ][gc] GC(1522) Concurrent Mark
[2020-01-29T21:57:52.296+0300][100.335s][debug][gc] GC(1522) Concurrent active time: 3.082ms
[2020-01-29T21:57:52.296+0300][100.335s][info ][gc] GC(1522) Concurrent Mark 3.147ms
[2020-01-29T21:57:52.296+0300][100.335s][info ][gc] GC(1522) Concurrent Preclean
[2020-01-29T21:57:52.296+0300][100.335s][debug][gc] GC(1522) Concurrent active time: 0.160ms
[2020-01-29T21:57:52.296+0300][100.335s][info ][gc] GC(1522) Concurrent Preclean 0.193ms
[2020-01-29T21:57:52.296+0300][100.335s][info ][gc] GC(1522) Concurrent Abortable Preclean
[2020-01-29T21:57:52.296+0300][100.335s][debug][gc] GC(1522) Concurrent active time: 0.004ms
[2020-01-29T21:57:52.296+0300][100.335s][info ][gc] GC(1522) Concurrent Abortable Preclean 0.030ms
[2020-01-29T21:57:52.297+0300][100.335s][debug][gc] GC(1522) YG occupancy: 57247 K (78656 K)
[2020-01-29T21:57:52.308+0300][100.346s][info ][gc] GC(1522) Pause Remark 202M->202M(247M) 11.065ms
[2020-01-29T21:57:52.308+0300][100.346s][info ][gc] GC(1522) Concurrent Sweep
[2020-01-29T21:57:52.310+0300][100.349s][info ][gc] GC(1523) Pause Young (Allocation Failure) 200M->200M(247M) 0.042ms
[2020-01-29T21:57:52.378+0300][100.416s][debug][gc] GC(1522) Concurrent active time: 69.677ms
[2020-01-29T21:57:52.378+0300][100.416s][info ][gc] GC(1522) Concurrent Sweep 69.922ms
[2020-01-29T21:57:52.378+0300][100.416s][debug][gc] GC(1524) Concurrent mode failure
[2020-01-29T21:57:52.473+0300][100.512s][info ][gc] GC(1524) Pause Full (Allocation Failure) 200M->70M(247M) 162.998ms
[2020-01-29T21:57:52.546+0300][100.585s][info ][gc] GC(1525) Pause Young (Allocation Failure) 137M->155M(247M) 54.555ms
[2020-01-29T21:57:52.556+0300][100.595s][info ][gc] GC(1526) Pause Initial Mark 174M->174M(247M) 8.819ms
[2020-01-29T21:57:52.556+0300][100.595s][info ][gc] GC(1526) Concurrent Mark
[2020-01-29T21:57:52.560+0300][100.598s][debug][gc] GC(1526) Concurrent active time: 3.370ms
[2020-01-29T21:57:52.560+0300][100.598s][info ][gc] GC(1526) Concurrent Mark 3.550ms
[2020-01-29T21:57:52.560+0300][100.598s][info ][gc] GC(1526) Concurrent Preclean
[2020-01-29T21:57:52.560+0300][100.598s][debug][gc] GC(1526) Concurrent active time: 0.181ms
[2020-01-29T21:57:52.560+0300][100.598s][info ][gc] GC(1526) Concurrent Preclean 0.216ms
[2020-01-29T21:57:52.560+0300][100.599s][info ][gc] GC(1526) Concurrent Abortable Preclean
[2020-01-29T21:57:52.560+0300][100.599s][debug][gc] GC(1526) Concurrent active time: 0.005ms
[2020-01-29T21:57:52.560+0300][100.599s][info ][gc] GC(1526) Concurrent Abortable Preclean 0.031ms
[2020-01-29T21:57:52.560+0300][100.599s][debug][gc] GC(1526) YG occupancy: 56002 K (78656 K)
[2020-01-29T21:57:52.571+0300][100.610s][info ][gc] GC(1526) Pause Remark 201M->201M(247M) 11.171ms
[2020-01-29T21:57:52.571+0300][100.610s][info ][gc] GC(1526) Concurrent Sweep
[2020-01-29T21:57:52.574+0300][100.613s][info ][gc] GC(1527) Pause Young (Allocation Failure) 200M->200M(247M) 0.044ms
[2020-01-29T21:57:52.643+0300][100.681s][debug][gc] GC(1526) Concurrent active time: 71.188ms
[2020-01-29T21:57:52.643+0300][100.681s][info ][gc] GC(1526) Concurrent Sweep 71.535ms
[2020-01-29T21:57:52.643+0300][100.681s][debug][gc] GC(1528) Concurrent mode failure
[2020-01-29T21:57:52.738+0300][100.776s][info ][gc] GC(1528) Pause Full (Allocation Failure) 200M->70M(247M) 163.461ms
[2020-01-29T21:57:52.809+0300][100.847s][info ][gc] GC(1529) Pause Young (Allocation Failure) 137M->155M(247M) 53.154ms
[2020-01-29T21:57:52.817+0300][100.856s][info ][gc] GC(1530) Pause Initial Mark 174M->174M(247M) 8.815ms
[2020-01-29T21:57:52.818+0300][100.856s][info ][gc] GC(1530) Concurrent Mark
[2020-01-29T21:57:52.821+0300][100.860s][debug][gc] GC(1530) Concurrent active time: 3.048ms
[2020-01-29T21:57:52.821+0300][100.860s][info ][gc] GC(1530) Concurrent Mark 3.106ms
[2020-01-29T21:57:52.821+0300][100.860s][info ][gc] GC(1530) Concurrent Preclean
[2020-01-29T21:57:52.821+0300][100.860s][debug][gc] GC(1530) Concurrent active time: 0.157ms
[2020-01-29T21:57:52.821+0300][100.860s][info ][gc] GC(1530) Concurrent Preclean 0.188ms
[2020-01-29T21:57:52.821+0300][100.860s][info ][gc] GC(1530) Concurrent Abortable Preclean
[2020-01-29T21:57:52.821+0300][100.860s][debug][gc] GC(1530) Concurrent active time: 0.004ms
[2020-01-29T21:57:52.821+0300][100.860s][info ][gc] GC(1530) Concurrent Abortable Preclean 0.030ms
[2020-01-29T21:57:52.821+0300][100.860s][debug][gc] GC(1530) YG occupancy: 57249 K (78656 K)
[2020-01-29T21:57:52.832+0300][100.871s][info ][gc] GC(1530) Pause Remark 202M->202M(247M) 11.035ms
[2020-01-29T21:57:52.832+0300][100.871s][info ][gc] GC(1530) Concurrent Sweep
[2020-01-29T21:57:52.835+0300][100.874s][info ][gc] GC(1531) Pause Young (Allocation Failure) 200M->200M(247M) 0.040ms
[2020-01-29T21:57:52.902+0300][100.941s][debug][gc] GC(1530) Concurrent active time: 70.041ms
[2020-01-29T21:57:52.903+0300][100.941s][info ][gc] GC(1530) Concurrent Sweep 70.280ms
[2020-01-29T21:57:52.903+0300][100.941s][debug][gc] GC(1532) Concurrent mode failure
[2020-01-29T21:57:52.998+0300][101.036s][info ][gc] GC(1532) Pause Full (Allocation Failure) 200M->70M(247M) 162.759ms
[2020-01-29T21:57:53.071+0300][101.109s][info ][gc] GC(1533) Pause Young (Allocation Failure) 137M->155M(247M) 54.488ms
[2020-01-29T21:57:53.081+0300][101.119s][info ][gc] GC(1534) Pause Initial Mark 174M->174M(247M) 8.825ms
[2020-01-29T21:57:53.081+0300][101.119s][info ][gc] GC(1534) Concurrent Mark
[2020-01-29T21:57:53.084+0300][101.122s][debug][gc] GC(1534) Concurrent active time: 3.017ms
[2020-01-29T21:57:53.084+0300][101.122s][info ][gc] GC(1534) Concurrent Mark 3.072ms
[2020-01-29T21:57:53.084+0300][101.122s][info ][gc] GC(1534) Concurrent Preclean
[2020-01-29T21:57:53.084+0300][101.122s][debug][gc] GC(1534) Concurrent active time: 0.155ms
[2020-01-29T21:57:53.084+0300][101.122s][info ][gc] GC(1534) Concurrent Preclean 0.186ms
[2020-01-29T21:57:53.084+0300][101.122s][info ][gc] GC(1534) Concurrent Abortable Preclean
[2020-01-29T21:57:53.084+0300][101.122s][debug][gc] GC(1534) Concurrent active time: 0.004ms
[2020-01-29T21:57:53.084+0300][101.122s][info ][gc] GC(1534) Concurrent Abortable Preclean 0.030ms
[2020-01-29T21:57:53.084+0300][101.123s][debug][gc] GC(1534) YG occupancy: 57250 K (78656 K)
[2020-01-29T21:57:53.095+0300][101.134s][info ][gc] GC(1534) Pause Remark 202M->202M(247M) 11.018ms
[2020-01-29T21:57:53.095+0300][101.134s][info ][gc] GC(1534) Concurrent Sweep
[2020-01-29T21:57:53.098+0300][101.136s][info ][gc] GC(1535) Pause Young (Allocation Failure) 200M->200M(247M) 0.041ms
[2020-01-29T21:57:53.164+0300][101.202s][debug][gc] GC(1534) Concurrent active time: 68.516ms
[2020-01-29T21:57:53.164+0300][101.202s][info ][gc] GC(1534) Concurrent Sweep 68.761ms
[2020-01-29T21:57:53.164+0300][101.202s][debug][gc] GC(1536) Concurrent mode failure
[2020-01-29T21:57:53.258+0300][101.297s][info ][gc] GC(1536) Pause Full (Allocation Failure) 200M->70M(247M) 160.617ms
[2020-01-29T21:57:53.330+0300][101.369s][info ][gc] GC(1537) Pause Young (Allocation Failure) 137M->155M(247M) 53.410ms
[2020-01-29T21:57:53.340+0300][101.378s][info ][gc] GC(1538) Pause Initial Mark 174M->174M(247M) 8.812ms
[2020-01-29T21:57:53.340+0300][101.378s][info ][gc] GC(1538) Concurrent Mark
[2020-01-29T21:57:53.343+0300][101.381s][debug][gc] GC(1538) Concurrent active time: 3.028ms
[2020-01-29T21:57:53.343+0300][101.381s][info ][gc] GC(1538) Concurrent Mark 3.084ms
[2020-01-29T21:57:53.343+0300][101.381s][info ][gc] GC(1538) Concurrent Preclean
[2020-01-29T21:57:53.343+0300][101.382s][debug][gc] GC(1538) Concurrent active time: 0.153ms
[2020-01-29T21:57:53.343+0300][101.382s][info ][gc] GC(1538) Concurrent Preclean 0.183ms
[2020-01-29T21:57:53.343+0300][101.382s][info ][gc] GC(1538) Concurrent Abortable Preclean
[2020-01-29T21:57:53.343+0300][101.382s][debug][gc] GC(1538) Concurrent active time: 0.003ms
[2020-01-29T21:57:53.343+0300][101.382s][info ][gc] GC(1538) Concurrent Abortable Preclean 0.030ms
[2020-01-29T21:57:53.343+0300][101.382s][debug][gc] GC(1538) YG occupancy: 57250 K (78656 K)
[2020-01-29T21:57:53.354+0300][101.393s][info ][gc] GC(1538) Pause Remark 202M->202M(247M) 11.015ms
[2020-01-29T21:57:53.354+0300][101.393s][info ][gc] GC(1538) Concurrent Sweep
[2020-01-29T21:57:53.357+0300][101.395s][info ][gc] GC(1539) Pause Young (Allocation Failure) 200M->200M(247M) 0.040ms
[2020-01-29T21:57:53.424+0300][101.463s][debug][gc] GC(1538) Concurrent active time: 69.712ms
[2020-01-29T21:57:53.424+0300][101.463s][info ][gc] GC(1538) Concurrent Sweep 69.951ms
[2020-01-29T21:57:53.424+0300][101.463s][debug][gc] GC(1540) Concurrent mode failure
[2020-01-29T21:57:53.520+0300][101.558s][info ][gc] GC(1540) Pause Full (Allocation Failure) 200M->70M(247M) 162.558ms
[2020-01-29T21:57:53.592+0300][101.631s][info ][gc] GC(1541) Pause Young (Allocation Failure) 137M->155M(247M) 54.419ms
[2020-01-29T21:57:53.603+0300][101.641s][info ][gc] GC(1542) Pause Initial Mark 174M->174M(247M) 8.852ms
[2020-01-29T21:57:53.603+0300][101.642s][info ][gc] GC(1542) Concurrent Mark
[2020-01-29T21:57:53.606+0300][101.645s][debug][gc] GC(1542) Concurrent active time: 3.202ms
[2020-01-29T21:57:53.606+0300][101.645s][info ][gc] GC(1542) Concurrent Mark 3.352ms
[2020-01-29T21:57:53.606+0300][101.645s][info ][gc] GC(1542) Concurrent Preclean
[2020-01-29T21:57:53.606+0300][101.645s][debug][gc] GC(1542) Concurrent active time: 0.187ms
[2020-01-29T21:57:53.606+0300][101.645s][info ][gc] GC(1542) Concurrent Preclean 0.223ms
[2020-01-29T21:57:53.606+0300][101.645s][info ][gc] GC(1542) Concurrent Abortable Preclean
[2020-01-29T21:57:53.607+0300][101.645s][debug][gc] GC(1542) Concurrent active time: 0.005ms
[2020-01-29T21:57:53.607+0300][101.645s][info ][gc] GC(1542) Concurrent Abortable Preclean 0.033ms
[2020-01-29T21:57:53.607+0300][101.645s][debug][gc] GC(1542) YG occupancy: 57385 K (78656 K)
[2020-01-29T21:57:53.618+0300][101.657s][info ][gc] GC(1542) Pause Remark 203M->203M(247M) 11.047ms
[2020-01-29T21:57:53.618+0300][101.657s][info ][gc] GC(1542) Concurrent Sweep
[2020-01-29T21:57:53.621+0300][101.659s][info ][gc] GC(1543) Pause Young (Allocation Failure) 200M->200M(247M) 0.046ms
[2020-01-29T21:57:53.688+0300][101.726s][debug][gc] GC(1542) Concurrent active time: 69.357ms
[2020-01-29T21:57:53.688+0300][101.726s][info ][gc] GC(1542) Concurrent Sweep 69.648ms
[2020-01-29T21:57:53.688+0300][101.726s][debug][gc] GC(1544) Concurrent mode failure
[2020-01-29T21:57:53.783+0300][101.821s][info ][gc] GC(1544) Pause Full (Allocation Failure) 200M->70M(247M) 161.844ms
[2020-01-29T21:57:53.884+0300][101.922s][info ][gc] GC(1545) Pause Young (Allocation Failure) 137M->155M(247M) 81.911ms
[2020-01-29T21:57:53.893+0300][101.931s][info ][gc] GC(1546) Pause Initial Mark 174M->174M(247M) 8.815ms
[2020-01-29T21:57:53.893+0300][101.931s][info ][gc] GC(1546) Concurrent Mark
[2020-01-29T21:57:53.896+0300][101.935s][debug][gc] GC(1546) Concurrent active time: 3.076ms
[2020-01-29T21:57:53.896+0300][101.935s][info ][gc] GC(1546) Concurrent Mark 3.137ms
[2020-01-29T21:57:53.897+0300][101.935s][info ][gc] GC(1546) Concurrent Preclean
[2020-01-29T21:57:53.897+0300][101.935s][debug][gc] GC(1546) Concurrent active time: 0.159ms
[2020-01-29T21:57:53.897+0300][101.935s][info ][gc] GC(1546) Concurrent Preclean 0.191ms
[2020-01-29T21:57:53.897+0300][101.935s][info ][gc] GC(1546) Concurrent Abortable Preclean
[2020-01-29T21:57:53.897+0300][101.935s][debug][gc] GC(1546) Concurrent active time: 0.004ms
[2020-01-29T21:57:53.897+0300][101.935s][info ][gc] GC(1546) Concurrent Abortable Preclean 0.030ms
[2020-01-29T21:57:53.897+0300][101.935s][debug][gc] GC(1546) YG occupancy: 57250 K (78656 K)
[2020-01-29T21:57:53.908+0300][101.946s][info ][gc] GC(1546) Pause Remark 202M->202M(247M) 10.984ms
[2020-01-29T21:57:53.908+0300][101.946s][info ][gc] GC(1546) Concurrent Sweep
[2020-01-29T21:57:53.911+0300][101.949s][info ][gc] GC(1547) Pause Young (Allocation Failure) 200M->200M(247M) 0.041ms
[2020-01-29T21:57:53.976+0300][102.015s][debug][gc] GC(1546) Concurrent active time: 68.849ms
[2020-01-29T21:57:53.976+0300][102.015s][info ][gc] GC(1546) Concurrent Sweep 69.087ms
[2020-01-29T21:57:53.976+0300][102.015s][debug][gc] GC(1548) Concurrent mode failure
[2020-01-29T21:57:54.072+0300][102.111s][info ][gc] GC(1548) Pause Full (Allocation Failure) 200M->70M(247M) 162.379ms
[2020-01-29T21:57:54.144+0300][102.182s][info ][gc] GC(1549) Pause Young (Allocation Failure) 137M->155M(247M) 52.811ms
[2020-01-29T21:57:54.153+0300][102.192s][info ][gc] GC(1550) Pause Initial Mark 174M->174M(247M) 8.838ms
[2020-01-29T21:57:54.153+0300][102.192s][info ][gc] GC(1550) Concurrent Mark
[2020-01-29T21:57:54.156+0300][102.195s][debug][gc] GC(1550) Concurrent active time: 3.037ms
[2020-01-29T21:57:54.156+0300][102.195s][info ][gc] GC(1550) Concurrent Mark 3.096ms
[2020-01-29T21:57:54.156+0300][102.195s][info ][gc] GC(1550) Concurrent Preclean
[2020-01-29T21:57:54.156+0300][102.195s][debug][gc] GC(1550) Concurrent active time: 0.157ms
[2020-01-29T21:57:54.156+0300][102.195s][info ][gc] GC(1550) Concurrent Preclean 0.188ms
[2020-01-29T21:57:54.156+0300][102.195s][info ][gc] GC(1550) Concurrent Abortable Preclean
[2020-01-29T21:57:54.156+0300][102.195s][debug][gc] GC(1550) Concurrent active time: 0.004ms
[2020-01-29T21:57:54.156+0300][102.195s][info ][gc] GC(1550) Concurrent Abortable Preclean 0.031ms
[2020-01-29T21:57:54.156+0300][102.195s][debug][gc] GC(1550) YG occupancy: 57250 K (78656 K)
[2020-01-29T21:57:54.167+0300][102.206s][info ][gc] GC(1550) Pause Remark 202M->202M(247M) 11.044ms
[2020-01-29T21:57:54.167+0300][102.206s][info ][gc] GC(1550) Concurrent Sweep
[2020-01-29T21:57:54.170+0300][102.209s][info ][gc] GC(1551) Pause Young (Allocation Failure) 200M->200M(247M) 0.044ms
[2020-01-29T21:57:54.237+0300][102.276s][debug][gc] GC(1550) Concurrent active time: 69.695ms
[2020-01-29T21:57:54.237+0300][102.276s][info ][gc] GC(1550) Concurrent Sweep 69.956ms
[2020-01-29T21:57:54.237+0300][102.276s][debug][gc] GC(1552) Concurrent mode failure
[2020-01-29T21:57:54.333+0300][102.372s][info ][gc] GC(1552) Pause Full (Allocation Failure) 200M->70M(247M) 162.710ms
[2020-01-29T21:57:54.405+0300][102.444s][info ][gc] GC(1553) Pause Young (Allocation Failure) 137M->155M(247M) 53.266ms
[2020-01-29T21:57:54.415+0300][102.453s][info ][gc] GC(1554) Pause Initial Mark 174M->174M(247M) 8.824ms
[2020-01-29T21:57:54.415+0300][102.453s][info ][gc] GC(1554) Concurrent Mark
[2020-01-29T21:57:54.418+0300][102.456s][debug][gc] GC(1554) Concurrent active time: 3.026ms
[2020-01-29T21:57:54.418+0300][102.456s][info ][gc] GC(1554) Concurrent Mark 3.081ms
[2020-01-29T21:57:54.418+0300][102.456s][info ][gc] GC(1554) Concurrent Preclean
[2020-01-29T21:57:54.418+0300][102.457s][debug][gc] GC(1554) Concurrent active time: 0.153ms
[2020-01-29T21:57:54.418+0300][102.457s][info ][gc] GC(1554) Concurrent Preclean 0.189ms
[2020-01-29T21:57:54.418+0300][102.457s][info ][gc] GC(1554) Concurrent Abortable Preclean
[2020-01-29T21:57:54.418+0300][102.457s][debug][gc] GC(1554) Concurrent active time: 0.003ms
[2020-01-29T21:57:54.418+0300][102.457s][info ][gc] GC(1554) Concurrent Abortable Preclean 0.030ms
[2020-01-29T21:57:54.418+0300][102.457s][debug][gc] GC(1554) YG occupancy: 57249 K (78656 K)
[2020-01-29T21:57:54.429+0300][102.468s][info ][gc] GC(1554) Pause Remark 202M->202M(247M) 11.038ms
[2020-01-29T21:57:54.429+0300][102.468s][info ][gc] GC(1554) Concurrent Sweep
[2020-01-29T21:57:54.432+0300][102.471s][info ][gc] GC(1555) Pause Young (Allocation Failure) 200M->200M(247M) 0.041ms
[2020-01-29T21:57:54.499+0300][102.537s][debug][gc] GC(1554) Concurrent active time: 69.351ms
[2020-01-29T21:57:54.499+0300][102.537s][info ][gc] GC(1554) Concurrent Sweep 69.591ms
[2020-01-29T21:57:54.499+0300][102.538s][debug][gc] GC(1556) Concurrent mode failure
[2020-01-29T21:57:54.594+0300][102.633s][info ][gc] GC(1556) Pause Full (Allocation Failure) 200M->70M(247M) 162.006ms
[2020-01-29T21:57:54.668+0300][102.706s][info ][gc] GC(1557) Pause Young (Allocation Failure) 137M->155M(247M) 54.372ms
[2020-01-29T21:57:54.678+0300][102.716s][info ][gc] GC(1558) Pause Initial Mark 174M->174M(247M) 8.837ms
[2020-01-29T21:57:54.678+0300][102.716s][info ][gc] GC(1558) Concurrent Mark
[2020-01-29T21:57:54.681+0300][102.719s][debug][gc] GC(1558) Concurrent active time: 3.008ms
[2020-01-29T21:57:54.681+0300][102.719s][info ][gc] GC(1558) Concurrent Mark 3.066ms
[2020-01-29T21:57:54.681+0300][102.719s][info ][gc] GC(1558) Concurrent Preclean
[2020-01-29T21:57:54.681+0300][102.719s][debug][gc] GC(1558) Concurrent active time: 0.156ms
[2020-01-29T21:57:54.681+0300][102.719s][info ][gc] GC(1558) Concurrent Preclean 0.187ms
[2020-01-29T21:57:54.681+0300][102.719s][info ][gc] GC(1558) Concurrent Abortable Preclean
[2020-01-29T21:57:54.681+0300][102.719s][debug][gc] GC(1558) Concurrent active time: 0.004ms
[2020-01-29T21:57:54.681+0300][102.719s][info ][gc] GC(1558) Concurrent Abortable Preclean 0.030ms
[2020-01-29T21:57:54.681+0300][102.719s][debug][gc] GC(1558) YG occupancy: 57232 K (78656 K)
[2020-01-29T21:57:54.692+0300][102.730s][info ][gc] GC(1558) Pause Remark 202M->202M(247M) 11.284ms
[2020-01-29T21:57:54.692+0300][102.731s][info ][gc] GC(1558) Concurrent Sweep
[2020-01-29T21:57:54.694+0300][102.733s][info ][gc] GC(1559) Pause Young (Allocation Failure) 200M->200M(247M) 0.040ms
[2020-01-29T21:57:54.760+0300][102.799s][debug][gc] GC(1558) Concurrent active time: 68.533ms
[2020-01-29T21:57:54.761+0300][102.799s][info ][gc] GC(1558) Concurrent Sweep 68.785ms
[2020-01-29T21:57:54.761+0300][102.799s][debug][gc] GC(1560) Concurrent mode failure
[2020-01-29T21:57:54.856+0300][102.894s][info ][gc] GC(1560) Pause Full (Allocation Failure) 200M->70M(247M) 161.221ms
[2020-01-29T21:57:54.927+0300][102.966s][info ][gc] GC(1561) Pause Young (Allocation Failure) 137M->155M(247M) 52.772ms
[2020-01-29T21:57:54.937+0300][102.975s][info ][gc] GC(1562) Pause Initial Mark 174M->174M(247M) 8.824ms
[2020-01-29T21:57:54.937+0300][102.975s][info ][gc] GC(1562) Concurrent Mark
[2020-01-29T21:57:54.940+0300][102.979s][debug][gc] GC(1562) Concurrent active time: 3.034ms
[2020-01-29T21:57:54.940+0300][102.979s][info ][gc] GC(1562) Concurrent Mark 3.091ms
[2020-01-29T21:57:54.940+0300][102.979s][info ][gc] GC(1562) Concurrent Preclean
[2020-01-29T21:57:54.940+0300][102.979s][debug][gc] GC(1562) Concurrent active time: 0.157ms
[2020-01-29T21:57:54.940+0300][102.979s][info ][gc] GC(1562) Concurrent Preclean 0.188ms
[2020-01-29T21:57:54.940+0300][102.979s][info ][gc] GC(1562) Concurrent Abortable Preclean
[2020-01-29T21:57:54.940+0300][102.979s][debug][gc] GC(1562) Concurrent active time: 0.003ms
[2020-01-29T21:57:54.940+0300][102.979s][info ][gc] GC(1562) Concurrent Abortable Preclean 0.030ms
[2020-01-29T21:57:54.941+0300][102.979s][debug][gc] GC(1562) YG occupancy: 57242 K (78656 K)
[2020-01-29T21:57:54.952+0300][102.990s][info ][gc] GC(1562) Pause Remark 202M->202M(247M) 11.130ms
[2020-01-29T21:57:54.952+0300][102.990s][info ][gc] GC(1562) Concurrent Sweep
[2020-01-29T21:57:54.954+0300][102.993s][info ][gc] GC(1563) Pause Young (Allocation Failure) 200M->200M(247M) 0.040ms
[2020-01-29T21:57:55.021+0300][103.059s][debug][gc] GC(1562) Concurrent active time: 68.561ms
[2020-01-29T21:57:55.021+0300][103.059s][info ][gc] GC(1562) Concurrent Sweep 68.802ms
[2020-01-29T21:57:55.021+0300][103.059s][debug][gc] GC(1564) Concurrent mode failure
[2020-01-29T21:57:55.115+0300][103.154s][info ][gc] GC(1564) Pause Full (Allocation Failure) 200M->70M(247M) 161.086ms
[2020-01-29T21:57:55.187+0300][103.226s][info ][gc] GC(1565) Pause Young (Allocation Failure) 137M->155M(247M) 53.216ms
[2020-01-29T21:57:55.197+0300][103.235s][info ][gc] GC(1566) Pause Initial Mark 174M->174M(247M) 8.811ms
[2020-01-29T21:57:55.197+0300][103.235s][info ][gc] GC(1566) Concurrent Mark
[2020-01-29T21:57:55.200+0300][103.238s][debug][gc] GC(1566) Concurrent active time: 3.022ms
[2020-01-29T21:57:55.200+0300][103.238s][info ][gc] GC(1566) Concurrent Mark 3.076ms
[2020-01-29T21:57:55.200+0300][103.238s][info ][gc] GC(1566) Concurrent Preclean
[2020-01-29T21:57:55.200+0300][103.238s][debug][gc] GC(1566) Concurrent active time: 0.152ms
[2020-01-29T21:57:55.200+0300][103.238s][info ][gc] GC(1566) Concurrent Preclean 0.183ms
[2020-01-29T21:57:55.200+0300][103.238s][info ][gc] GC(1566) Concurrent Abortable Preclean
[2020-01-29T21:57:55.200+0300][103.238s][debug][gc] GC(1566) Concurrent active time: 0.003ms
[2020-01-29T21:57:55.200+0300][103.238s][info ][gc] GC(1566) Concurrent Abortable Preclean 0.029ms
[2020-01-29T21:57:55.200+0300][103.239s][debug][gc] GC(1566) YG occupancy: 57247 K (78656 K)
[2020-01-29T21:57:55.211+0300][103.250s][info ][gc] GC(1566) Pause Remark 202M->202M(247M) 11.141ms
[2020-01-29T21:57:55.211+0300][103.250s][info ][gc] GC(1566) Concurrent Sweep
[2020-01-29T21:57:55.214+0300][103.252s][info ][gc] GC(1567) Pause Young (Allocation Failure) 200M->200M(247M) 0.039ms
[2020-01-29T21:57:55.281+0300][103.320s][debug][gc] GC(1566) Concurrent active time: 69.848ms
[2020-01-29T21:57:55.281+0300][103.320s][info ][gc] GC(1566) Concurrent Sweep 70.082ms
[2020-01-29T21:57:55.281+0300][103.320s][debug][gc] GC(1568) Concurrent mode failure
[2020-01-29T21:57:55.376+0300][103.414s][info ][gc] GC(1568) Pause Full (Allocation Failure) 200M->70M(247M) 161.659ms
[2020-01-29T21:57:55.448+0300][103.486s][info ][gc] GC(1569) Pause Young (Allocation Failure) 137M->155M(247M) 53.817ms
[2020-01-29T21:57:55.457+0300][103.496s][info ][gc] GC(1570) Pause Initial Mark 174M->174M(247M) 8.817ms
[2020-01-29T21:57:55.457+0300][103.496s][info ][gc] GC(1570) Concurrent Mark
[2020-01-29T21:57:55.460+0300][103.499s][debug][gc] GC(1570) Concurrent active time: 3.029ms
[2020-01-29T21:57:55.460+0300][103.499s][info ][gc] GC(1570) Concurrent Mark 3.082ms
[2020-01-29T21:57:55.460+0300][103.499s][info ][gc] GC(1570) Concurrent Preclean
[2020-01-29T21:57:55.460+0300][103.499s][debug][gc] GC(1570) Concurrent active time: 0.155ms
[2020-01-29T21:57:55.460+0300][103.499s][info ][gc] GC(1570) Concurrent Preclean 0.186ms
[2020-01-29T21:57:55.460+0300][103.499s][info ][gc] GC(1570) Concurrent Abortable Preclean
[2020-01-29T21:57:55.460+0300][103.499s][debug][gc] GC(1570) Concurrent active time: 0.003ms
[2020-01-29T21:57:55.461+0300][103.499s][info ][gc] GC(1570) Concurrent Abortable Preclean 0.030ms
[2020-01-29T21:57:55.461+0300][103.499s][debug][gc] GC(1570) YG occupancy: 57249 K (78656 K)
[2020-01-29T21:57:55.472+0300][103.511s][info ][gc] GC(1570) Pause Remark 202M->202M(247M) 11.177ms
[2020-01-29T21:57:55.472+0300][103.511s][info ][gc] GC(1570) Concurrent Sweep
[2020-01-29T21:57:55.474+0300][103.513s][info ][gc] GC(1571) Pause Young (Allocation Failure) 200M->200M(247M) 0.039ms
[2020-01-29T21:57:55.541+0300][103.580s][debug][gc] GC(1570) Concurrent active time: 68.605ms
[2020-01-29T21:57:55.541+0300][103.580s][info ][gc] GC(1570) Concurrent Sweep 68.872ms
[2020-01-29T21:57:55.541+0300][103.580s][debug][gc] GC(1572) Concurrent mode failure
[2020-01-29T21:57:55.637+0300][103.675s][info ][gc] GC(1572) Pause Full (Allocation Failure) 200M->70M(247M) 161.761ms
[2020-01-29T21:57:55.717+0300][103.756s][info ][gc] GC(1573) Pause Young (Allocation Failure) 137M->155M(247M) 59.953ms
[2020-01-29T21:57:55.727+0300][103.766s][info ][gc] GC(1574) Pause Initial Mark 174M->174M(247M) 8.816ms
[2020-01-29T21:57:55.727+0300][103.766s][info ][gc] GC(1574) Concurrent Mark
[2020-01-29T21:57:55.730+0300][103.769s][debug][gc] GC(1574) Concurrent active time: 3.028ms
[2020-01-29T21:57:55.730+0300][103.769s][info ][gc] GC(1574) Concurrent Mark 3.086ms
[2020-01-29T21:57:55.730+0300][103.769s][info ][gc] GC(1574) Concurrent Preclean
[2020-01-29T21:57:55.730+0300][103.769s][debug][gc] GC(1574) Concurrent active time: 0.156ms
[2020-01-29T21:57:55.730+0300][103.769s][info ][gc] GC(1574) Concurrent Preclean 0.186ms
[2020-01-29T21:57:55.730+0300][103.769s][info ][gc] GC(1574) Concurrent Abortable Preclean
[2020-01-29T21:57:55.730+0300][103.769s][debug][gc] GC(1574) Concurrent active time: 0.004ms
[2020-01-29T21:57:55.730+0300][103.769s][info ][gc] GC(1574) Concurrent Abortable Preclean 0.031ms
[2020-01-29T21:57:55.730+0300][103.769s][debug][gc] GC(1574) YG occupancy: 57230 K (78656 K)
[2020-01-29T21:57:55.741+0300][103.780s][info ][gc] GC(1574) Pause Remark 202M->202M(247M) 11.041ms
[2020-01-29T21:57:55.741+0300][103.780s][info ][gc] GC(1574) Concurrent Sweep
[2020-01-29T21:57:55.744+0300][103.783s][info ][gc] GC(1575) Pause Young (Allocation Failure) 200M->200M(247M) 0.041ms
[2020-01-29T21:57:55.812+0300][103.850s][debug][gc] GC(1574) Concurrent active time: 69.759ms
[2020-01-29T21:57:55.812+0300][103.850s][info ][gc] GC(1574) Concurrent Sweep 69.997ms
[2020-01-29T21:57:55.812+0300][103.850s][debug][gc] GC(1576) Concurrent mode failure
[2020-01-29T21:57:55.907+0300][103.946s][info ][gc] GC(1576) Pause Full (Allocation Failure) 200M->70M(247M) 162.967ms
[2020-01-29T21:57:55.979+0300][104.018s][info ][gc] GC(1577) Pause Young (Allocation Failure) 137M->155M(247M) 53.710ms
[2020-01-29T21:57:55.989+0300][104.028s][info ][gc] GC(1578) Pause Initial Mark 174M->174M(247M) 8.817ms
[2020-01-29T21:57:55.989+0300][104.028s][info ][gc] GC(1578) Concurrent Mark
[2020-01-29T21:57:55.992+0300][104.031s][debug][gc] GC(1578) Concurrent active time: 3.006ms
[2020-01-29T21:57:55.992+0300][104.031s][info ][gc] GC(1578) Concurrent Mark 3.061ms
[2020-01-29T21:57:55.992+0300][104.031s][info ][gc] GC(1578) Concurrent Preclean
[2020-01-29T21:57:55.992+0300][104.031s][debug][gc] GC(1578) Concurrent active time: 0.155ms
[2020-01-29T21:57:55.992+0300][104.031s][info ][gc] GC(1578) Concurrent Preclean 0.186ms
[2020-01-29T21:57:55.992+0300][104.031s][info ][gc] GC(1578) Concurrent Abortable Preclean
[2020-01-29T21:57:55.992+0300][104.031s][debug][gc] GC(1578) Concurrent active time: 0.004ms
[2020-01-29T21:57:55.992+0300][104.031s][info ][gc] GC(1578) Concurrent Abortable Preclean 0.031ms
[2020-01-29T21:57:55.992+0300][104.031s][debug][gc] GC(1578) YG occupancy: 57242 K (78656 K)
[2020-01-29T21:57:56.004+0300][104.042s][info ][gc] GC(1578) Pause Remark 202M->202M(247M) 11.268ms
[2020-01-29T21:57:56.004+0300][104.042s][info ][gc] GC(1578) Concurrent Sweep
[2020-01-29T21:57:56.007+0300][104.045s][info ][gc] GC(1579) Pause Young (Allocation Failure) 200M->200M(247M) 0.044ms
[2020-01-29T21:57:56.074+0300][104.112s][debug][gc] GC(1578) Concurrent active time: 69.555ms
[2020-01-29T21:57:56.074+0300][104.112s][info ][gc] GC(1578) Concurrent Sweep 69.822ms
[2020-01-29T21:57:56.074+0300][104.112s][debug][gc] GC(1580) Concurrent mode failure
[2020-01-29T21:57:56.169+0300][104.207s][info ][gc] GC(1580) Pause Full (Allocation Failure) 200M->70M(247M) 162.102ms
[2020-01-29T21:57:56.240+0300][104.279s][info ][gc] GC(1581) Pause Young (Allocation Failure) 137M->155M(247M) 53.317ms
[2020-01-29T21:57:56.250+0300][104.288s][info ][gc] GC(1582) Pause Initial Mark 174M->174M(247M) 8.812ms
[2020-01-29T21:57:56.250+0300][104.288s][info ][gc] GC(1582) Concurrent Mark
[2020-01-29T21:57:56.253+0300][104.292s][debug][gc] GC(1582) Concurrent active time: 3.026ms
[2020-01-29T21:57:56.253+0300][104.292s][info ][gc] GC(1582) Concurrent Mark 3.081ms
[2020-01-29T21:57:56.253+0300][104.292s][info ][gc] GC(1582) Concurrent Preclean
[2020-01-29T21:57:56.253+0300][104.292s][debug][gc] GC(1582) Concurrent active time: 0.154ms
[2020-01-29T21:57:56.253+0300][104.292s][info ][gc] GC(1582) Concurrent Preclean 0.185ms
[2020-01-29T21:57:56.253+0300][104.292s][info ][gc] GC(1582) Concurrent Abortable Preclean
[2020-01-29T21:57:56.253+0300][104.292s][debug][gc] GC(1582) Concurrent active time: 0.003ms
[2020-01-29T21:57:56.253+0300][104.292s][info ][gc] GC(1582) Concurrent Abortable Preclean 0.030ms
[2020-01-29T21:57:56.253+0300][104.292s][debug][gc] GC(1582) YG occupancy: 57247 K (78656 K)
[2020-01-29T21:57:56.264+0300][104.303s][info ][gc] GC(1582) Pause Remark 202M->202M(247M) 11.040ms
[2020-01-29T21:57:56.264+0300][104.303s][info ][gc] GC(1582) Concurrent Sweep
[2020-01-29T21:57:56.267+0300][104.306s][info ][gc] GC(1583) Pause Young (Allocation Failure) 200M->200M(247M) 0.041ms
[2020-01-29T21:57:56.333+0300][104.372s][debug][gc] GC(1582) Concurrent active time: 68.588ms
[2020-01-29T21:57:56.333+0300][104.372s][info ][gc] GC(1582) Concurrent Sweep 68.823ms
[2020-01-29T21:57:56.333+0300][104.372s][debug][gc] GC(1584) Concurrent mode failure
[2020-01-29T21:57:56.428+0300][104.466s][info ][gc] GC(1584) Pause Full (Allocation Failure) 200M->70M(247M) 160.568ms
[2020-01-29T21:57:56.501+0300][104.539s][info ][gc] GC(1585) Pause Young (Allocation Failure) 137M->155M(247M) 54.507ms
[2020-01-29T21:57:56.511+0300][104.549s][info ][gc] GC(1586) Pause Initial Mark 174M->174M(247M) 8.853ms
[2020-01-29T21:57:56.511+0300][104.549s][info ][gc] GC(1586) Concurrent Mark
[2020-01-29T21:57:56.514+0300][104.552s][debug][gc] GC(1586) Concurrent active time: 3.016ms
[2020-01-29T21:57:56.514+0300][104.552s][info ][gc] GC(1586) Concurrent Mark 3.071ms
[2020-01-29T21:57:56.514+0300][104.552s][info ][gc] GC(1586) Concurrent Preclean
[2020-01-29T21:57:56.514+0300][104.553s][debug][gc] GC(1586) Concurrent active time: 0.156ms
[2020-01-29T21:57:56.514+0300][104.553s][info ][gc] GC(1586) Concurrent Preclean 0.186ms
[2020-01-29T21:57:56.514+0300][104.553s][info ][gc] GC(1586) Concurrent Abortable Preclean
[2020-01-29T21:57:56.514+0300][104.553s][debug][gc] GC(1586) Concurrent active time: 0.004ms
[2020-01-29T21:57:56.514+0300][104.553s][info ][gc] GC(1586) Concurrent Abortable Preclean 0.031ms
[2020-01-29T21:57:56.515+0300][104.553s][debug][gc] GC(1586) YG occupancy: 57249 K (78656 K)
[2020-01-29T21:57:56.526+0300][104.564s][info ][gc] GC(1586) Pause Remark 202M->202M(247M) 11.037ms
[2020-01-29T21:57:56.526+0300][104.564s][info ][gc] GC(1586) Concurrent Sweep
[2020-01-29T21:57:56.528+0300][104.566s][info ][gc] GC(1587) Pause Young (Allocation Failure) 200M->200M(247M) 0.040ms
[2020-01-29T21:57:56.594+0300][104.633s][debug][gc] GC(1586) Concurrent active time: 68.607ms
[2020-01-29T21:57:56.594+0300][104.633s][info ][gc] GC(1586) Concurrent Sweep 68.841ms
[2020-01-29T21:57:56.594+0300][104.633s][debug][gc] GC(1588) Concurrent mode failure
[2020-01-29T21:57:56.689+0300][104.728s][info ][gc] GC(1588) Pause Full (Allocation Failure) 200M->70M(247M) 161.332ms
[2020-01-29T21:57:56.762+0300][104.800s][info ][gc] GC(1589) Pause Young (Allocation Failure) 137M->155M(247M) 53.348ms
[2020-01-29T21:57:56.772+0300][104.810s][info ][gc] GC(1590) Pause Initial Mark 174M->174M(247M) 8.818ms
[2020-01-29T21:57:56.772+0300][104.810s][info ][gc] GC(1590) Concurrent Mark
[2020-01-29T21:57:56.775+0300][104.813s][debug][gc] GC(1590) Concurrent active time: 3.015ms
[2020-01-29T21:57:56.775+0300][104.813s][info ][gc] GC(1590) Concurrent Mark 3.072ms
[2020-01-29T21:57:56.775+0300][104.813s][info ][gc] GC(1590) Concurrent Preclean
[2020-01-29T21:57:56.775+0300][104.813s][debug][gc] GC(1590) Concurrent active time: 0.156ms
[2020-01-29T21:57:56.775+0300][104.813s][info ][gc] GC(1590) Concurrent Preclean 0.195ms
[2020-01-29T21:57:56.775+0300][104.813s][info ][gc] GC(1590) Concurrent Abortable Preclean
[2020-01-29T21:57:56.775+0300][104.813s][debug][gc] GC(1590) Concurrent active time: 0.004ms
[2020-01-29T21:57:56.775+0300][104.813s][info ][gc] GC(1590) Concurrent Abortable Preclean 0.031ms
[2020-01-29T21:57:56.775+0300][104.814s][debug][gc] GC(1590) YG occupancy: 57230 K (78656 K)
[2020-01-29T21:57:56.786+0300][104.825s][info ][gc] GC(1590) Pause Remark 202M->202M(247M) 11.050ms
[2020-01-29T21:57:56.786+0300][104.825s][info ][gc] GC(1590) Concurrent Sweep
[2020-01-29T21:57:56.789+0300][104.827s][info ][gc] GC(1591) Pause Young (Allocation Failure) 200M->200M(247M) 0.041ms
[2020-01-29T21:57:56.856+0300][104.894s][debug][gc] GC(1590) Concurrent active time: 68.942ms
[2020-01-29T21:57:56.856+0300][104.894s][info ][gc] GC(1590) Concurrent Sweep 69.180ms
[2020-01-29T21:57:56.856+0300][104.894s][debug][gc] GC(1592) Concurrent mode failure
[2020-01-29T21:57:56.950+0300][104.989s][info ][gc] GC(1592) Pause Full (Allocation Failure) 200M->70M(247M) 161.340ms
[2020-01-29T21:57:57.022+0300][105.060s][info ][gc] GC(1593) Pause Young (Allocation Failure) 137M->155M(247M) 52.943ms
[2020-01-29T21:57:57.031+0300][105.070s][info ][gc] GC(1594) Pause Initial Mark 174M->174M(247M) 8.836ms
[2020-01-29T21:57:57.031+0300][105.070s][info ][gc] GC(1594) Concurrent Mark
[2020-01-29T21:57:57.034+0300][105.073s][debug][gc] GC(1594) Concurrent active time: 3.039ms
[2020-01-29T21:57:57.034+0300][105.073s][info ][gc] GC(1594) Concurrent Mark 3.095ms
[2020-01-29T21:57:57.034+0300][105.073s][info ][gc] GC(1594) Concurrent Preclean
[2020-01-29T21:57:57.035+0300][105.073s][debug][gc] GC(1594) Concurrent active time: 0.166ms
[2020-01-29T21:57:57.035+0300][105.073s][info ][gc] GC(1594) Concurrent Preclean 0.198ms
[2020-01-29T21:57:57.035+0300][105.073s][info ][gc] GC(1594) Concurrent Abortable Preclean
[2020-01-29T21:57:57.035+0300][105.073s][debug][gc] GC(1594) Concurrent active time: 0.004ms
[2020-01-29T21:57:57.035+0300][105.073s][info ][gc] GC(1594) Concurrent Abortable Preclean 0.031ms
[2020-01-29T21:57:57.035+0300][105.074s][debug][gc] GC(1594) YG occupancy: 57242 K (78656 K)
[2020-01-29T21:57:57.046+0300][105.085s][info ][gc] GC(1594) Pause Remark 202M->202M(247M) 11.034ms
[2020-01-29T21:57:57.046+0300][105.085s][info ][gc] GC(1594) Concurrent Sweep
[2020-01-29T21:57:57.049+0300][105.087s][info ][gc] GC(1595) Pause Young (Allocation Failure) 200M->200M(247M) 0.044ms
[2020-01-29T21:57:57.115+0300][105.154s][debug][gc] GC(1594) Concurrent active time: 68.771ms
[2020-01-29T21:57:57.115+0300][105.154s][info ][gc] GC(1594) Concurrent Sweep 69.011ms
[2020-01-29T21:57:57.115+0300][105.154s][debug][gc] GC(1596) Concurrent mode failure
[2020-01-29T21:57:57.210+0300][105.248s][info ][gc] GC(1596) Pause Full (Allocation Failure) 200M->70M(247M) 161.065ms
[2020-01-29T21:57:57.281+0300][105.319s][info ][gc] GC(1597) Pause Young (Allocation Failure) 137M->155M(247M) 53.233ms
[2020-01-29T21:57:57.291+0300][105.329s][info ][gc] GC(1598) Pause Initial Mark 174M->174M(247M) 8.823ms
[2020-01-29T21:57:57.291+0300][105.329s][info ][gc] GC(1598) Concurrent Mark
[2020-01-29T21:57:57.294+0300][105.332s][debug][gc] GC(1598) Concurrent active time: 3.021ms
[2020-01-29T21:57:57.294+0300][105.332s][info ][gc] GC(1598) Concurrent Mark 3.077ms
[2020-01-29T21:57:57.294+0300][105.332s][info ][gc] GC(1598) Concurrent Preclean
[2020-01-29T21:57:57.294+0300][105.332s][debug][gc] GC(1598) Concurrent active time: 0.153ms
[2020-01-29T21:57:57.294+0300][105.332s][info ][gc] GC(1598) Concurrent Preclean 0.184ms
[2020-01-29T21:57:57.294+0300][105.332s][info ][gc] GC(1598) Concurrent Abortable Preclean
[2020-01-29T21:57:57.294+0300][105.332s][debug][gc] GC(1598) Concurrent active time: 0.003ms
[2020-01-29T21:57:57.294+0300][105.332s][info ][gc] GC(1598) Concurrent Abortable Preclean 0.030ms
[2020-01-29T21:57:57.295+0300][105.333s][debug][gc] GC(1598) YG occupancy: 57246 K (78656 K)
[2020-01-29T21:57:57.306+0300][105.344s][info ][gc] GC(1598) Pause Remark 202M->202M(247M) 11.025ms
[2020-01-29T21:57:57.306+0300][105.344s][info ][gc] GC(1598) Concurrent Sweep
[2020-01-29T21:57:57.308+0300][105.346s][info ][gc] GC(1599) Pause Young (Allocation Failure) 200M->200M(247M) 0.040ms
[2020-01-29T21:57:57.374+0300][105.413s][debug][gc] GC(1598) Concurrent active time: 69.215ms
[2020-01-29T21:57:57.374+0300][105.413s][info ][gc] GC(1598) Concurrent Sweep 69.452ms
[2020-01-29T21:57:57.374+0300][105.413s][debug][gc] GC(1600) Concurrent mode failure
[2020-01-29T21:57:57.469+0300][105.507s][info ][gc] GC(1600) Pause Full (Allocation Failure) 200M->70M(247M) 161.110ms
[2020-01-29T21:57:57.541+0300][105.580s][info ][gc] GC(1601) Pause Young (Allocation Failure) 137M->155M(247M) 53.663ms
[2020-01-29T21:57:57.551+0300][105.589s][info ][gc] GC(1602) Pause Initial Mark 174M->174M(247M) 8.814ms
[2020-01-29T21:57:57.551+0300][105.589s][info ][gc] GC(1602) Concurrent Mark
[2020-01-29T21:57:57.554+0300][105.592s][debug][gc] GC(1602) Concurrent active time: 3.020ms
[2020-01-29T21:57:57.554+0300][105.592s][info ][gc] GC(1602) Concurrent Mark 3.075ms
[2020-01-29T21:57:57.554+0300][105.593s][info ][gc] GC(1602) Concurrent Preclean
[2020-01-29T21:57:57.554+0300][105.593s][debug][gc] GC(1602) Concurrent active time: 0.154ms
[2020-01-29T21:57:57.554+0300][105.593s][info ][gc] GC(1602) Concurrent Preclean 0.184ms
[2020-01-29T21:57:57.554+0300][105.593s][info ][gc] GC(1602) Concurrent Abortable Preclean
[2020-01-29T21:57:57.554+0300][105.593s][debug][gc] GC(1602) Concurrent active time: 0.004ms
[2020-01-29T21:57:57.554+0300][105.593s][info ][gc] GC(1602) Concurrent Abortable Preclean 0.030ms
[2020-01-29T21:57:57.554+0300][105.593s][debug][gc] GC(1602) YG occupancy: 57248 K (78656 K)
[2020-01-29T21:57:57.566+0300][105.604s][info ][gc] GC(1602) Pause Remark 202M->202M(247M) 11.052ms
[2020-01-29T21:57:57.566+0300][105.604s][info ][gc] GC(1602) Concurrent Sweep
[2020-01-29T21:57:57.568+0300][105.607s][info ][gc] GC(1603) Pause Young (Allocation Failure) 200M->200M(247M) 0.037ms
[2020-01-29T21:57:57.636+0300][105.674s][debug][gc] GC(1602) Concurrent active time: 69.548ms
[2020-01-29T21:57:57.636+0300][105.674s][info ][gc] GC(1602) Concurrent Sweep 69.775ms
[2020-01-29T21:57:57.636+0300][105.674s][debug][gc] GC(1604) Concurrent mode failure
[2020-01-29T21:57:57.730+0300][105.769s][info ][gc] GC(1604) Pause Full (Allocation Failure) 200M->70M(247M) 162.268ms
[2020-01-29T21:57:57.804+0300][105.842s][info ][gc] GC(1605) Pause Young (Allocation Failure) 137M->155M(247M) 54.120ms
[2020-01-29T21:57:57.814+0300][105.852s][info ][gc] GC(1606) Pause Initial Mark 174M->174M(247M) 8.832ms
[2020-01-29T21:57:57.814+0300][105.852s][info ][gc] GC(1606) Concurrent Mark
[2020-01-29T21:57:57.817+0300][105.855s][debug][gc] GC(1606) Concurrent active time: 3.035ms
[2020-01-29T21:57:57.817+0300][105.855s][info ][gc] GC(1606) Concurrent Mark 3.093ms
[2020-01-29T21:57:57.817+0300][105.855s][info ][gc] GC(1606) Concurrent Preclean
[2020-01-29T21:57:57.817+0300][105.855s][debug][gc] GC(1606) Concurrent active time: 0.155ms
[2020-01-29T21:57:57.817+0300][105.855s][info ][gc] GC(1606) Concurrent Preclean 0.186ms
[2020-01-29T21:57:57.817+0300][105.856s][info ][gc] GC(1606) Concurrent Abortable Preclean
[2020-01-29T21:57:57.817+0300][105.856s][debug][gc] GC(1606) Concurrent active time: 0.004ms
[2020-01-29T21:57:57.817+0300][105.856s][info ][gc] GC(1606) Concurrent Abortable Preclean 0.030ms
[2020-01-29T21:57:57.817+0300][105.856s][debug][gc] GC(1606) YG occupancy: 57230 K (78656 K)
[2020-01-29T21:57:57.828+0300][105.867s][info ][gc] GC(1606) Pause Remark 202M->202M(247M) 11.193ms
[2020-01-29T21:57:57.828+0300][105.867s][info ][gc] GC(1606) Concurrent Sweep
[2020-01-29T21:57:57.831+0300][105.869s][info ][gc] GC(1607) Pause Young (Allocation Failure) 200M->200M(247M) 0.041ms
[2020-01-29T21:57:57.897+0300][105.935s][debug][gc] GC(1606) Concurrent active time: 68.242ms
[2020-01-29T21:57:57.897+0300][105.935s][info ][gc] GC(1606) Concurrent Sweep 68.486ms
[2020-01-29T21:57:57.897+0300][105.935s][debug][gc] GC(1608) Concurrent mode failure
[2020-01-29T21:57:57.992+0300][106.030s][info ][gc] GC(1608) Pause Full (Allocation Failure) 200M->70M(247M) 160.361ms
[2020-01-29T21:57:58.063+0300][106.102s][info ][gc] GC(1609) Pause Young (Allocation Failure) 137M->155M(247M) 52.994ms
[2020-01-29T21:57:58.073+0300][106.111s][info ][gc] GC(1610) Pause Initial Mark 174M->174M(247M) 8.987ms
[2020-01-29T21:57:58.073+0300][106.112s][info ][gc] GC(1610) Concurrent Mark
[2020-01-29T21:57:58.076+0300][106.115s][debug][gc] GC(1610) Concurrent active time: 3.113ms
[2020-01-29T21:57:58.076+0300][106.115s][info ][gc] GC(1610) Concurrent Mark 3.174ms
[2020-01-29T21:57:58.076+0300][106.115s][info ][gc] GC(1610) Concurrent Preclean
[2020-01-29T21:57:58.076+0300][106.115s][debug][gc] GC(1610) Concurrent active time: 0.170ms
[2020-01-29T21:57:58.076+0300][106.115s][info ][gc] GC(1610) Concurrent Preclean 0.203ms
[2020-01-29T21:57:58.076+0300][106.115s][info ][gc] GC(1610) Concurrent Abortable Preclean
[2020-01-29T21:57:58.076+0300][106.115s][debug][gc] GC(1610) Concurrent active time: 0.004ms
[2020-01-29T21:57:58.076+0300][106.115s][info ][gc] GC(1610) Concurrent Abortable Preclean 0.031ms
[2020-01-29T21:57:58.076+0300][106.115s][debug][gc] GC(1610) YG occupancy: 57241 K (78656 K)
[2020-01-29T21:57:58.087+0300][106.126s][info ][gc] GC(1610) Pause Remark 202M->202M(247M) 11.061ms
[2020-01-29T21:57:58.087+0300][106.126s][info ][gc] GC(1610) Concurrent Sweep
[2020-01-29T21:57:58.090+0300][106.129s][info ][gc] GC(1611) Pause Young (Allocation Failure) 200M->200M(247M) 0.041ms
[2020-01-29T21:57:58.157+0300][106.195s][debug][gc] GC(1610) Concurrent active time: 68.906ms
[2020-01-29T21:57:58.157+0300][106.195s][info ][gc] GC(1610) Concurrent Sweep 69.149ms
[2020-01-29T21:57:58.157+0300][106.195s][debug][gc] GC(1612) Concurrent mode failure
[2020-01-29T21:57:58.251+0300][106.290s][info ][gc] GC(1612) Pause Full (Allocation Failure) 200M->70M(247M) 161.428ms
[2020-01-29T21:57:58.323+0300][106.362s][info ][gc] GC(1613) Pause Young (Allocation Failure) 137M->155M(247M) 53.199ms
[2020-01-29T21:57:58.333+0300][106.372s][info ][gc] GC(1614) Pause Initial Mark 174M->174M(247M) 8.818ms
[2020-01-29T21:57:58.333+0300][106.372s][info ][gc] GC(1614) Concurrent Mark
[2020-01-29T21:57:58.336+0300][106.375s][debug][gc] GC(1614) Concurrent active time: 3.028ms
[2020-01-29T21:57:58.336+0300][106.375s][info ][gc] GC(1614) Concurrent Mark 3.087ms
[2020-01-29T21:57:58.336+0300][106.375s][info ][gc] GC(1614) Concurrent Preclean
[2020-01-29T21:57:58.336+0300][106.375s][debug][gc] GC(1614) Concurrent active time: 0.158ms
[2020-01-29T21:57:58.336+0300][106.375s][info ][gc] GC(1614) Concurrent Preclean 0.191ms
[2020-01-29T21:57:58.336+0300][106.375s][info ][gc] GC(1614) Concurrent Abortable Preclean
[2020-01-29T21:57:58.336+0300][106.375s][debug][gc] GC(1614) Concurrent active time: 0.004ms
[2020-01-29T21:57:58.336+0300][106.375s][info ][gc] GC(1614) Concurrent Abortable Preclean 0.030ms
[2020-01-29T21:57:58.336+0300][106.375s][debug][gc] GC(1614) YG occupancy: 57246 K (78656 K)
[2020-01-29T21:57:58.347+0300][106.386s][info ][gc] GC(1614) Pause Remark 202M->202M(247M) 11.014ms
[2020-01-29T21:57:58.347+0300][106.386s][info ][gc] GC(1614) Concurrent Sweep
[2020-01-29T21:57:58.350+0300][106.389s][info ][gc] GC(1615) Pause Young (Allocation Failure) 200M->200M(247M) 0.041ms
[2020-01-29T21:57:58.416+0300][106.455s][debug][gc] GC(1614) Concurrent active time: 68.573ms
[2020-01-29T21:57:58.416+0300][106.455s][info ][gc] GC(1614) Concurrent Sweep 68.814ms
[2020-01-29T21:57:58.416+0300][106.455s][debug][gc] GC(1616) Concurrent mode failure
[2020-01-29T21:57:58.512+0300][106.550s][info ][gc] GC(1616) Pause Full (Allocation Failure) 200M->70M(247M) 161.515ms
[2020-01-29T21:57:58.583+0300][106.622s][info ][gc] GC(1617) Pause Young (Allocation Failure) 137M->155M(247M) 52.807ms
[2020-01-29T21:57:58.593+0300][106.631s][info ][gc] GC(1618) Pause Initial Mark 174M->174M(247M) 8.833ms
[2020-01-29T21:57:58.593+0300][106.631s][info ][gc] GC(1618) Concurrent Mark
[2020-01-29T21:57:58.597+0300][106.635s][debug][gc] GC(1618) Concurrent active time: 3.361ms
[2020-01-29T21:57:58.597+0300][106.635s][info ][gc] GC(1618) Concurrent Mark 3.610ms
[2020-01-29T21:57:58.597+0300][106.635s][info ][gc] GC(1618) Concurrent Preclean
[2020-01-29T21:57:58.597+0300][106.635s][debug][gc] GC(1618) Concurrent active time: 0.238ms
[2020-01-29T21:57:58.597+0300][106.635s][info ][gc] GC(1618) Concurrent Preclean 0.271ms
[2020-01-29T21:57:58.597+0300][106.635s][info ][gc] GC(1618) Concurrent Abortable Preclean
[2020-01-29T21:57:58.597+0300][106.635s][debug][gc] GC(1618) Concurrent active time: 0.004ms
[2020-01-29T21:57:58.597+0300][106.635s][info ][gc] GC(1618) Concurrent Abortable Preclean 0.031ms
[2020-01-29T21:57:58.597+0300][106.635s][debug][gc] GC(1618) YG occupancy: 54639 K (78656 K)
[2020-01-29T21:57:58.608+0300][106.646s][info ][gc] GC(1618) Pause Remark 200M->200M(247M) 10.976ms
[2020-01-29T21:57:58.608+0300][106.647s][info ][gc] GC(1618) Concurrent Sweep
[2020-01-29T21:57:58.612+0300][106.650s][info ][gc] GC(1619) Pause Young (Allocation Failure) 199M->199M(247M) 0.043ms
[2020-01-29T21:57:58.675+0300][106.714s][debug][gc] GC(1618) Concurrent active time: 67.591ms
[2020-01-29T21:57:58.676+0300][106.714s][info ][gc] GC(1618) Concurrent Sweep 67.846ms
[2020-01-29T21:57:58.676+0300][106.714s][debug][gc] GC(1620) Concurrent mode failure
[2020-01-29T21:57:58.771+0300][106.809s][info ][gc] GC(1620) Pause Full (Allocation Failure) 199M->70M(247M) 159.502ms
[2020-01-29T21:57:58.841+0300][106.879s][info ][gc] GC(1621) Pause Young (Allocation Failure) 137M->155M(247M) 52.820ms
[2020-01-29T21:57:58.850+0300][106.889s][info ][gc] GC(1622) Pause Initial Mark 174M->174M(247M) 8.822ms
[2020-01-29T21:57:58.850+0300][106.889s][info ][gc] GC(1622) Concurrent Mark
[2020-01-29T21:57:58.853+0300][106.892s][debug][gc] GC(1622) Concurrent active time: 3.028ms
[2020-01-29T21:57:58.853+0300][106.892s][info ][gc] GC(1622) Concurrent Mark 3.082ms
[2020-01-29T21:57:58.853+0300][106.892s][info ][gc] GC(1622) Concurrent Preclean
[2020-01-29T21:57:58.853+0300][106.892s][debug][gc] GC(1622) Concurrent active time: 0.155ms
[2020-01-29T21:57:58.853+0300][106.892s][info ][gc] GC(1622) Concurrent Preclean 0.185ms
[2020-01-29T21:57:58.853+0300][106.892s][info ][gc] GC(1622) Concurrent Abortable Preclean
[2020-01-29T21:57:58.853+0300][106.892s][debug][gc] GC(1622) Concurrent active time: 0.003ms
[2020-01-29T21:57:58.853+0300][106.892s][info ][gc] GC(1622) Concurrent Abortable Preclean 0.030ms
[2020-01-29T21:57:58.854+0300][106.892s][debug][gc] GC(1622) YG occupancy: 57249 K (78656 K)
[2020-01-29T21:57:58.865+0300][106.903s][info ][gc] GC(1622) Pause Remark 202M->202M(247M) 11.041ms
[2020-01-29T21:57:58.865+0300][106.904s][info ][gc] GC(1622) Concurrent Sweep
[2020-01-29T21:57:58.867+0300][106.906s][info ][gc] GC(1623) Pause Young (Allocation Failure) 200M->200M(247M) 0.045ms
[2020-01-29T21:57:58.936+0300][106.974s][debug][gc] GC(1622) Concurrent active time: 70.446ms
[2020-01-29T21:57:58.936+0300][106.974s][info ][gc] GC(1622) Concurrent Sweep 70.738ms
[2020-01-29T21:57:58.936+0300][106.974s][debug][gc] GC(1624) Concurrent mode failure
[2020-01-29T21:57:59.030+0300][107.069s][info ][gc] GC(1624) Pause Full (Allocation Failure) 200M->70M(247M) 162.959ms
[2020-01-29T21:57:59.102+0300][107.141s][info ][gc] GC(1625) Pause Young (Allocation Failure) 137M->155M(247M) 53.552ms
[2020-01-29T21:57:59.112+0300][107.151s][info ][gc] GC(1626) Pause Initial Mark 174M->174M(247M) 8.850ms
[2020-01-29T21:57:59.112+0300][107.151s][info ][gc] GC(1626) Concurrent Mark
[2020-01-29T21:57:59.115+0300][107.154s][debug][gc] GC(1626) Concurrent active time: 3.045ms
[2020-01-29T21:57:59.115+0300][107.154s][info ][gc] GC(1626) Concurrent Mark 3.105ms
[2020-01-29T21:57:59.115+0300][107.154s][info ][gc] GC(1626) Concurrent Preclean
[2020-01-29T21:57:59.116+0300][107.154s][debug][gc] GC(1626) Concurrent active time: 0.161ms
[2020-01-29T21:57:59.116+0300][107.154s][info ][gc] GC(1626) Concurrent Preclean 0.247ms
[2020-01-29T21:57:59.116+0300][107.154s][info ][gc] GC(1626) Concurrent Abortable Preclean
[2020-01-29T21:57:59.116+0300][107.154s][debug][gc] GC(1626) Concurrent active time: 0.005ms
[2020-01-29T21:57:59.116+0300][107.154s][info ][gc] GC(1626) Concurrent Abortable Preclean 0.032ms
[2020-01-29T21:57:59.116+0300][107.154s][debug][gc] GC(1626) YG occupancy: 57251 K (78656 K)
[2020-01-29T21:57:59.127+0300][107.165s][info ][gc] GC(1626) Pause Remark 202M->202M(247M) 11.084ms
[2020-01-29T21:57:59.127+0300][107.165s][info ][gc] GC(1626) Concurrent Sweep
[2020-01-29T21:57:59.129+0300][107.168s][info ][gc] GC(1627) Pause Young (Allocation Failure) 201M->201M(247M) 0.041ms
[2020-01-29T21:57:59.196+0300][107.234s][debug][gc] GC(1626) Concurrent active time: 68.532ms
[2020-01-29T21:57:59.196+0300][107.234s][info ][gc] GC(1626) Concurrent Sweep 68.779ms
[2020-01-29T21:57:59.196+0300][107.234s][debug][gc] GC(1628) Concurrent mode failure
[2020-01-29T21:57:59.291+0300][107.329s][info ][gc] GC(1628) Pause Full (Allocation Failure) 201M->70M(247M) 161.129ms
[2020-01-29T21:57:59.363+0300][107.401s][info ][gc] GC(1629) Pause Young (Allocation Failure) 137M->155M(247M) 53.603ms
[2020-01-29T21:57:59.373+0300][107.411s][info ][gc] GC(1630) Pause Initial Mark 174M->174M(247M) 8.839ms
[2020-01-29T21:57:59.373+0300][107.411s][info ][gc] GC(1630) Concurrent Mark
[2020-01-29T21:57:59.376+0300][107.414s][debug][gc] GC(1630) Concurrent active time: 3.036ms
[2020-01-29T21:57:59.376+0300][107.414s][info ][gc] GC(1630) Concurrent Mark 3.095ms
[2020-01-29T21:57:59.376+0300][107.414s][info ][gc] GC(1630) Concurrent Preclean
[2020-01-29T21:57:59.376+0300][107.414s][debug][gc] GC(1630) Concurrent active time: 0.157ms
[2020-01-29T21:57:59.376+0300][107.414s][info ][gc] GC(1630) Concurrent Preclean 0.189ms
[2020-01-29T21:57:59.376+0300][107.414s][info ][gc] GC(1630) Concurrent Abortable Preclean
[2020-01-29T21:57:59.376+0300][107.414s][debug][gc] GC(1630) Concurrent active time: 0.004ms
[2020-01-29T21:57:59.376+0300][107.414s][info ][gc] GC(1630) Concurrent Abortable Preclean 0.031ms
[2020-01-29T21:57:59.376+0300][107.414s][debug][gc] GC(1630) YG occupancy: 57251 K (78656 K)
[2020-01-29T21:57:59.387+0300][107.426s][info ][gc] GC(1630) Pause Remark 202M->202M(247M) 11.211ms
[2020-01-29T21:57:59.387+0300][107.426s][info ][gc] GC(1630) Concurrent Sweep
[2020-01-29T21:57:59.389+0300][107.428s][info ][gc] GC(1631) Pause Young (Allocation Failure) 200M->200M(247M) 0.040ms
[2020-01-29T21:57:59.456+0300][107.494s][debug][gc] GC(1630) Concurrent active time: 68.638ms
[2020-01-29T21:57:59.456+0300][107.495s][info ][gc] GC(1630) Concurrent Sweep 68.888ms
[2020-01-29T21:57:59.456+0300][107.495s][debug][gc] GC(1632) Concurrent mode failure
[2020-01-29T21:57:59.550+0300][107.589s][info ][gc] GC(1632) Pause Full (Allocation Failure) 200M->70M(247M) 160.634ms
[2020-01-29T21:57:59.624+0300][107.662s][info ][gc] GC(1633) Pause Young (Allocation Failure) 137M->155M(247M) 53.822ms
[2020-01-29T21:57:59.634+0300][107.672s][info ][gc] GC(1634) Pause Initial Mark 174M->174M(247M) 8.832ms
[2020-01-29T21:57:59.634+0300][107.672s][info ][gc] GC(1634) Concurrent Mark
[2020-01-29T21:57:59.637+0300][107.675s][debug][gc] GC(1634) Concurrent active time: 3.459ms
[2020-01-29T21:57:59.637+0300][107.676s][info ][gc] GC(1634) Concurrent Mark 3.627ms
[2020-01-29T21:57:59.637+0300][107.676s][info ][gc] GC(1634) Concurrent Preclean
[2020-01-29T21:57:59.637+0300][107.676s][debug][gc] GC(1634) Concurrent active time: 0.181ms
[2020-01-29T21:57:59.637+0300][107.676s][info ][gc] GC(1634) Concurrent Preclean 0.215ms
[2020-01-29T21:57:59.638+0300][107.676s][info ][gc] GC(1634) Concurrent Abortable Preclean
[2020-01-29T21:57:59.638+0300][107.676s][debug][gc] GC(1634) Concurrent active time: 0.004ms
[2020-01-29T21:57:59.638+0300][107.676s][info ][gc] GC(1634) Concurrent Abortable Preclean 0.031ms
[2020-01-29T21:57:59.638+0300][107.676s][debug][gc] GC(1634) YG occupancy: 57385 K (78656 K)
[2020-01-29T21:57:59.649+0300][107.687s][info ][gc] GC(1634) Pause Remark 203M->203M(247M) 11.119ms
[2020-01-29T21:57:59.649+0300][107.687s][info ][gc] GC(1634) Concurrent Sweep
[2020-01-29T21:57:59.652+0300][107.690s][info ][gc] GC(1635) Pause Young (Allocation Failure) 200M->200M(247M) 0.044ms
[2020-01-29T21:57:59.720+0300][107.758s][debug][gc] GC(1634) Concurrent active time: 70.874ms
[2020-01-29T21:57:59.720+0300][107.758s][info ][gc] GC(1634) Concurrent Sweep 71.130ms
[2020-01-29T21:57:59.720+0300][107.758s][debug][gc] GC(1636) Concurrent mode failure
[2020-01-29T21:57:59.816+0300][107.855s][info ][gc] GC(1636) Pause Full (Allocation Failure) 200M->70M(247M) 164.845ms
[2020-01-29T21:57:59.889+0300][107.927s][info ][gc] GC(1637) Pause Young (Allocation Failure) 137M->155M(247M) 54.123ms
[2020-01-29T21:57:59.898+0300][107.937s][info ][gc] GC(1638) Pause Initial Mark 174M->174M(247M) 8.825ms
[2020-01-29T21:57:59.899+0300][107.937s][info ][gc] GC(1638) Concurrent Mark
[2020-01-29T21:57:59.902+0300][107.940s][debug][gc] GC(1638) Concurrent active time: 3.014ms
[2020-01-29T21:57:59.902+0300][107.940s][info ][gc] GC(1638) Concurrent Mark 3.069ms
[2020-01-29T21:57:59.902+0300][107.940s][info ][gc] GC(1638) Concurrent Preclean
[2020-01-29T21:57:59.902+0300][107.940s][debug][gc] GC(1638) Concurrent active time: 0.155ms
[2020-01-29T21:57:59.902+0300][107.940s][info ][gc] GC(1638) Concurrent Preclean 0.185ms
[2020-01-29T21:57:59.902+0300][107.940s][info ][gc] GC(1638) Concurrent Abortable Preclean
[2020-01-29T21:57:59.902+0300][107.940s][debug][gc] GC(1638) Concurrent active time: 0.004ms
[2020-01-29T21:57:59.902+0300][107.940s][info ][gc] GC(1638) Concurrent Abortable Preclean 0.030ms
[2020-01-29T21:57:59.902+0300][107.940s][debug][gc] GC(1638) YG occupancy: 57251 K (78656 K)
[2020-01-29T21:57:59.913+0300][107.951s][info ][gc] GC(1638) Pause Remark 202M->202M(247M) 11.019ms
[2020-01-29T21:57:59.913+0300][107.951s][info ][gc] GC(1638) Concurrent Sweep
[2020-01-29T21:57:59.916+0300][107.954s][info ][gc] GC(1639) Pause Young (Allocation Failure) 200M->200M(247M) 0.051ms
[2020-01-29T21:57:59.984+0300][108.023s][debug][gc] GC(1638) Concurrent active time: 71.860ms
[2020-01-29T21:57:59.984+0300][108.023s][info ][gc] GC(1638) Concurrent Sweep 72.112ms
[2020-01-29T21:57:59.984+0300][108.023s][debug][gc] GC(1640) Concurrent mode failure
[2020-01-29T21:58:00.080+0300][108.119s][info ][gc] GC(1640) Pause Full (Allocation Failure) 200M->70M(247M) 165.290ms
[2020-01-29T21:58:00.153+0300][108.192s][info ][gc] GC(1641) Pause Young (Allocation Failure) 137M->155M(247M) 54.226ms
[2020-01-29T21:58:00.163+0300][108.202s][info ][gc] GC(1642) Pause Initial Mark 174M->174M(247M) 8.861ms
[2020-01-29T21:58:00.163+0300][108.202s][info ][gc] GC(1642) Concurrent Mark
[2020-01-29T21:58:00.166+0300][108.205s][debug][gc] GC(1642) Concurrent active time: 3.019ms
[2020-01-29T21:58:00.166+0300][108.205s][info ][gc] GC(1642) Concurrent Mark 3.073ms
[2020-01-29T21:58:00.166+0300][108.205s][info ][gc] GC(1642) Concurrent Preclean
[2020-01-29T21:58:00.166+0300][108.205s][debug][gc] GC(1642) Concurrent active time: 0.157ms
[2020-01-29T21:58:00.166+0300][108.205s][info ][gc] GC(1642) Concurrent Preclean 0.188ms
[2020-01-29T21:58:00.166+0300][108.205s][info ][gc] GC(1642) Concurrent Abortable Preclean
[2020-01-29T21:58:00.166+0300][108.205s][debug][gc] GC(1642) Concurrent active time: 0.004ms
[2020-01-29T21:58:00.166+0300][108.205s][info ][gc] GC(1642) Concurrent Abortable Preclean 0.030ms
[2020-01-29T21:58:00.166+0300][108.205s][debug][gc] GC(1642) YG occupancy: 57251 K (78656 K)
[2020-01-29T21:58:00.177+0300][108.216s][info ][gc] GC(1642) Pause Remark 202M->202M(247M) 11.131ms
[2020-01-29T21:58:00.178+0300][108.216s][info ][gc] GC(1642) Concurrent Sweep
[2020-01-29T21:58:00.180+0300][108.219s][info ][gc] GC(1643) Pause Young (Allocation Failure) 200M->200M(247M) 0.041ms
[2020-01-29T21:58:00.246+0300][108.285s][debug][gc] GC(1642) Concurrent active time: 68.511ms
[2020-01-29T21:58:00.246+0300][108.285s][info ][gc] GC(1642) Concurrent Sweep 68.752ms
[2020-01-29T21:58:00.247+0300][108.285s][debug][gc] GC(1644) Concurrent mode failure
[2020-01-29T21:58:00.342+0300][108.380s][info ][gc] GC(1644) Pause Full (Allocation Failure) 200M->70M(247M) 161.438ms
[2020-01-29T21:58:00.414+0300][108.453s][info ][gc] GC(1645) Pause Young (Allocation Failure) 137M->155M(247M) 54.073ms
[2020-01-29T21:58:00.424+0300][108.462s][info ][gc] GC(1646) Pause Initial Mark 174M->174M(247M) 8.826ms
[2020-01-29T21:58:00.424+0300][108.463s][info ][gc] GC(1646) Concurrent Mark
[2020-01-29T21:58:00.427+0300][108.466s][debug][gc] GC(1646) Concurrent active time: 3.023ms
[2020-01-29T21:58:00.427+0300][108.466s][info ][gc] GC(1646) Concurrent Mark 3.081ms
[2020-01-29T21:58:00.427+0300][108.466s][info ][gc] GC(1646) Concurrent Preclean
[2020-01-29T21:58:00.427+0300][108.466s][debug][gc] GC(1646) Concurrent active time: 0.156ms
[2020-01-29T21:58:00.427+0300][108.466s][info ][gc] GC(1646) Concurrent Preclean 0.187ms
[2020-01-29T21:58:00.427+0300][108.466s][info ][gc] GC(1646) Concurrent Abortable Preclean
[2020-01-29T21:58:00.427+0300][108.466s][debug][gc] GC(1646) Concurrent active time: 0.004ms
[2020-01-29T21:58:00.427+0300][108.466s][info ][gc] GC(1646) Concurrent Abortable Preclean 0.031ms
[2020-01-29T21:58:00.427+0300][108.466s][debug][gc] GC(1646) YG occupancy: 57251 K (78656 K)
[2020-01-29T21:58:00.439+0300][108.477s][info ][gc] GC(1646) Pause Remark 202M->202M(247M) 11.048ms
[2020-01-29T21:58:00.439+0300][108.477s][info ][gc] GC(1646) Concurrent Sweep
[2020-01-29T21:58:00.441+0300][108.480s][info ][gc] GC(1647) Pause Young (Allocation Failure) 200M->200M(247M) 0.040ms
[2020-01-29T21:58:00.509+0300][108.548s][debug][gc] GC(1646) Concurrent active time: 70.986ms
[2020-01-29T21:58:00.510+0300][108.548s][info ][gc] GC(1646) Concurrent Sweep 71.221ms
[2020-01-29T21:58:00.510+0300][108.548s][debug][gc] GC(1648) Concurrent mode failure
[2020-01-29T21:58:00.604+0300][108.643s][info ][gc] GC(1648) Pause Full (Allocation Failure) 200M->70M(247M) 163.501ms
[2020-01-29T21:58:00.677+0300][108.716s][info ][gc] GC(1649) Pause Young (Allocation Failure) 137M->155M(247M) 53.725ms
[2020-01-29T21:58:00.687+0300][108.726s][info ][gc] GC(1650) Pause Initial Mark 174M->174M(247M) 8.827ms
[2020-01-29T21:58:00.687+0300][108.726s][info ][gc] GC(1650) Concurrent Mark
[2020-01-29T21:58:00.690+0300][108.729s][debug][gc] GC(1650) Concurrent active time: 3.023ms
[2020-01-29T21:58:00.690+0300][108.729s][info ][gc] GC(1650) Concurrent Mark 3.078ms
[2020-01-29T21:58:00.690+0300][108.729s][info ][gc] GC(1650) Concurrent Preclean
[2020-01-29T21:58:00.691+0300][108.729s][debug][gc] GC(1650) Concurrent active time: 0.160ms
[2020-01-29T21:58:00.691+0300][108.729s][info ][gc] GC(1650) Concurrent Preclean 0.192ms
[2020-01-29T21:58:00.691+0300][108.729s][info ][gc] GC(1650) Concurrent Abortable Preclean
[2020-01-29T21:58:00.691+0300][108.729s][debug][gc] GC(1650) Concurrent active time: 0.004ms
[2020-01-29T21:58:00.691+0300][108.729s][info ][gc] GC(1650) Concurrent Abortable Preclean 0.031ms
[2020-01-29T21:58:00.691+0300][108.729s][debug][gc] GC(1650) YG occupancy: 57231 K (78656 K)
[2020-01-29T21:58:00.702+0300][108.740s][info ][gc] GC(1650) Pause Remark 202M->202M(247M) 11.025ms
[2020-01-29T21:58:00.702+0300][108.740s][info ][gc] GC(1650) Concurrent Sweep
[2020-01-29T21:58:00.704+0300][108.743s][info ][gc] GC(1651) Pause Young (Allocation Failure) 200M->200M(247M) 0.041ms
[2020-01-29T21:58:00.771+0300][108.810s][debug][gc] GC(1650) Concurrent active time: 69.040ms
[2020-01-29T21:58:00.771+0300][108.810s][info ][gc] GC(1650) Concurrent Sweep 69.295ms
[2020-01-29T21:58:00.771+0300][108.810s][debug][gc] GC(1652) Concurrent mode failure
[2020-01-29T21:58:00.866+0300][108.905s][info ][gc] GC(1652) Pause Full (Allocation Failure) 200M->70M(247M) 161.608ms
[2020-01-29T21:58:00.939+0300][108.977s][info ][gc] GC(1653) Pause Young (Allocation Failure) 137M->155M(247M) 53.679ms
[2020-01-29T21:58:00.949+0300][108.987s][info ][gc] GC(1654) Pause Initial Mark 174M->174M(247M) 8.823ms
[2020-01-29T21:58:00.949+0300][108.987s][info ][gc] GC(1654) Concurrent Mark
[2020-01-29T21:58:00.952+0300][108.990s][debug][gc] GC(1654) Concurrent active time: 3.011ms
[2020-01-29T21:58:00.952+0300][108.990s][info ][gc] GC(1654) Concurrent Mark 3.064ms
[2020-01-29T21:58:00.952+0300][108.990s][info ][gc] GC(1654) Concurrent Preclean
[2020-01-29T21:58:00.952+0300][108.990s][debug][gc] GC(1654) Concurrent active time: 0.154ms
[2020-01-29T21:58:00.952+0300][108.990s][info ][gc] GC(1654) Concurrent Preclean 0.185ms
[2020-01-29T21:58:00.952+0300][108.990s][info ][gc] GC(1654) Concurrent Abortable Preclean
[2020-01-29T21:58:00.952+0300][108.990s][debug][gc] GC(1654) Concurrent active time: 0.003ms
[2020-01-29T21:58:00.952+0300][108.990s][info ][gc] GC(1654) Concurrent Abortable Preclean 0.030ms
[2020-01-29T21:58:00.952+0300][108.990s][debug][gc] GC(1654) YG occupancy: 57242 K (78656 K)
[2020-01-29T21:58:00.963+0300][109.001s][info ][gc] GC(1654) Pause Remark 202M->202M(247M) 11.002ms
[2020-01-29T21:58:00.963+0300][109.001s][info ][gc] GC(1654) Concurrent Sweep
[2020-01-29T21:58:00.966+0300][109.004s][info ][gc] GC(1655) Pause Young (Allocation Failure) 200M->200M(247M) 0.041ms
[2020-01-29T21:58:01.032+0300][109.071s][debug][gc] GC(1654) Concurrent active time: 69.289ms
[2020-01-29T21:58:01.032+0300][109.071s][info ][gc] GC(1654) Concurrent Sweep 69.535ms
[2020-01-29T21:58:01.032+0300][109.071s][debug][gc] GC(1656) Concurrent mode failure
[2020-01-29T21:58:01.128+0300][109.167s][info ][gc] GC(1656) Pause Full (Allocation Failure) 200M->70M(247M) 162.716ms
[2020-01-29T21:58:01.203+0300][109.241s][info ][gc] GC(1657) Pause Young (Allocation Failure) 137M->155M(247M) 54.087ms
[2020-01-29T21:58:01.213+0300][109.252s][info ][gc] GC(1658) Pause Initial Mark 174M->174M(247M) 8.856ms
[2020-01-29T21:58:01.213+0300][109.252s][info ][gc] GC(1658) Concurrent Mark
[2020-01-29T21:58:01.216+0300][109.255s][debug][gc] GC(1658) Concurrent active time: 3.118ms
[2020-01-29T21:58:01.217+0300][109.255s][info ][gc] GC(1658) Concurrent Mark 3.184ms
[2020-01-29T21:58:01.217+0300][109.255s][info ][gc] GC(1658) Concurrent Preclean
[2020-01-29T21:58:01.217+0300][109.255s][debug][gc] GC(1658) Concurrent active time: 0.163ms
[2020-01-29T21:58:01.217+0300][109.255s][info ][gc] GC(1658) Concurrent Preclean 0.196ms
[2020-01-29T21:58:01.217+0300][109.255s][info ][gc] GC(1658) Concurrent Abortable Preclean
[2020-01-29T21:58:01.217+0300][109.255s][debug][gc] GC(1658) Concurrent active time: 0.004ms
[2020-01-29T21:58:01.217+0300][109.255s][info ][gc] GC(1658) Concurrent Abortable Preclean 0.031ms
[2020-01-29T21:58:01.217+0300][109.255s][debug][gc] GC(1658) YG occupancy: 57247 K (78656 K)
[2020-01-29T21:58:01.229+0300][109.267s][info ][gc] GC(1658) Pause Remark 202M->202M(247M) 11.909ms
[2020-01-29T21:58:01.229+0300][109.267s][info ][gc] GC(1658) Concurrent Sweep
[2020-01-29T21:58:01.232+0300][109.270s][info ][gc] GC(1659) Pause Young (Allocation Failure) 200M->200M(247M) 0.041ms
[2020-01-29T21:58:01.299+0300][109.337s][debug][gc] GC(1658) Concurrent active time: 69.784ms
[2020-01-29T21:58:01.299+0300][109.337s][info ][gc] GC(1658) Concurrent Sweep 70.040ms
[2020-01-29T21:58:01.299+0300][109.337s][debug][gc] GC(1660) Concurrent mode failure
[2020-01-29T21:58:01.396+0300][109.435s][info ][gc] GC(1660) Pause Full (Allocation Failure) 200M->70M(247M) 164.643ms
[2020-01-29T21:58:01.473+0300][109.511s][info ][gc] GC(1661) Pause Young (Allocation Failure) 137M->155M(247M) 56.984ms
[2020-01-29T21:58:01.483+0300][109.521s][info ][gc] GC(1662) Pause Initial Mark 174M->174M(247M) 8.847ms
[2020-01-29T21:58:01.483+0300][109.521s][info ][gc] GC(1662) Concurrent Mark
[2020-01-29T21:58:01.486+0300][109.524s][debug][gc] GC(1662) Concurrent active time: 3.033ms
[2020-01-29T21:58:01.486+0300][109.524s][info ][gc] GC(1662) Concurrent Mark 3.093ms
[2020-01-29T21:58:01.486+0300][109.524s][info ][gc] GC(1662) Concurrent Preclean
[2020-01-29T21:58:01.486+0300][109.524s][debug][gc] GC(1662) Concurrent active time: 0.159ms
[2020-01-29T21:58:01.486+0300][109.525s][info ][gc] GC(1662) Concurrent Preclean 0.545ms
[2020-01-29T21:58:01.486+0300][109.525s][info ][gc] GC(1662) Concurrent Abortable Preclean
[2020-01-29T21:58:01.486+0300][109.525s][debug][gc] GC(1662) Concurrent active time: 0.005ms
[2020-01-29T21:58:01.486+0300][109.525s][info ][gc] GC(1662) Concurrent Abortable Preclean 0.033ms
[2020-01-29T21:58:01.487+0300][109.525s][debug][gc] GC(1662) YG occupancy: 57249 K (78656 K)
[2020-01-29T21:58:01.498+0300][109.536s][info ][gc] GC(1662) Pause Remark 202M->202M(247M) 11.091ms
[2020-01-29T21:58:01.498+0300][109.536s][info ][gc] GC(1662) Concurrent Sweep
[2020-01-29T21:58:01.500+0300][109.539s][info ][gc] GC(1663) Pause Young (Allocation Failure) 200M->200M(247M) 0.042ms
[2020-01-29T21:58:01.567+0300][109.605s][debug][gc] GC(1662) Concurrent active time: 69.176ms
[2020-01-29T21:58:01.567+0300][109.605s][info ][gc] GC(1662) Concurrent Sweep 69.428ms
[2020-01-29T21:58:01.567+0300][109.605s][debug][gc] GC(1664) Concurrent mode failure
[2020-01-29T21:58:01.662+0300][109.701s][info ][gc] GC(1664) Pause Full (Allocation Failure) 200M->70M(247M) 162.212ms
[2020-01-29T21:58:01.735+0300][109.774s][info ][gc] GC(1665) Pause Young (Allocation Failure) 137M->155M(247M) 53.483ms
[2020-01-29T21:58:01.745+0300][109.784s][info ][gc] GC(1666) Pause Initial Mark 174M->174M(247M) 8.845ms
[2020-01-29T21:58:01.745+0300][109.784s][info ][gc] GC(1666) Concurrent Mark
[2020-01-29T21:58:01.748+0300][109.787s][debug][gc] GC(1666) Concurrent active time: 3.060ms
[2020-01-29T21:58:01.748+0300][109.787s][info ][gc] GC(1666) Concurrent Mark 3.123ms
[2020-01-29T21:58:01.748+0300][109.787s][info ][gc] GC(1666) Concurrent Preclean
[2020-01-29T21:58:01.748+0300][109.787s][debug][gc] GC(1666) Concurrent active time: 0.157ms
[2020-01-29T21:58:01.748+0300][109.787s][info ][gc] GC(1666) Concurrent Preclean 0.190ms
[2020-01-29T21:58:01.748+0300][109.787s][info ][gc] GC(1666) Concurrent Abortable Preclean
[2020-01-29T21:58:01.748+0300][109.787s][debug][gc] GC(1666) Concurrent active time: 0.004ms
[2020-01-29T21:58:01.748+0300][109.787s][info ][gc] GC(1666) Concurrent Abortable Preclean 0.031ms
[2020-01-29T21:58:01.748+0300][109.787s][debug][gc] GC(1666) YG occupancy: 57230 K (78656 K)
[2020-01-29T21:58:01.760+0300][109.799s][info ][gc] GC(1666) Pause Remark 202M->202M(247M) 11.942ms
[2020-01-29T21:58:01.760+0300][109.799s][info ][gc] GC(1666) Concurrent Sweep
[2020-01-29T21:58:01.763+0300][109.802s][info ][gc] GC(1667) Pause Young (Allocation Failure) 200M->200M(247M) 0.042ms
[2020-01-29T21:58:01.829+0300][109.868s][debug][gc] GC(1666) Concurrent active time: 68.529ms
[2020-01-29T21:58:01.829+0300][109.868s][info ][gc] GC(1666) Concurrent Sweep 68.777ms
[2020-01-29T21:58:01.829+0300][109.868s][debug][gc] GC(1668) Concurrent mode failure
[2020-01-29T21:58:01.925+0300][109.963s][info ][gc] GC(1668) Pause Full (Allocation Failure) 200M->70M(247M) 161.174ms
[2020-01-29T21:58:02.000+0300][110.038s][info ][gc] GC(1669) Pause Young (Allocation Failure) 137M->155M(247M) 56.132ms
[2020-01-29T21:58:02.009+0300][110.048s][info ][gc] GC(1670) Pause Initial Mark 174M->174M(247M) 8.821ms
[2020-01-29T21:58:02.010+0300][110.048s][info ][gc] GC(1670) Concurrent Mark
[2020-01-29T21:58:02.013+0300][110.051s][debug][gc] GC(1670) Concurrent active time: 3.066ms
[2020-01-29T21:58:02.013+0300][110.051s][info ][gc] GC(1670) Concurrent Mark 3.129ms
[2020-01-29T21:58:02.013+0300][110.051s][info ][gc] GC(1670) Concurrent Preclean
[2020-01-29T21:58:02.013+0300][110.051s][debug][gc] GC(1670) Concurrent active time: 0.162ms
[2020-01-29T21:58:02.013+0300][110.051s][info ][gc] GC(1670) Concurrent Preclean 0.195ms
[2020-01-29T21:58:02.013+0300][110.051s][info ][gc] GC(1670) Concurrent Abortable Preclean
[2020-01-29T21:58:02.013+0300][110.051s][debug][gc] GC(1670) Concurrent active time: 0.004ms
[2020-01-29T21:58:02.013+0300][110.051s][info ][gc] GC(1670) Concurrent Abortable Preclean 0.031ms
[2020-01-29T21:58:02.013+0300][110.051s][debug][gc] GC(1670) YG occupancy: 57241 K (78656 K)
[2020-01-29T21:58:02.024+0300][110.062s][info ][gc] GC(1670) Pause Remark 202M->202M(247M) 11.085ms
[2020-01-29T21:58:02.024+0300][110.062s][info ][gc] GC(1670) Concurrent Sweep
[2020-01-29T21:58:02.027+0300][110.065s][info ][gc] GC(1671) Pause Young (Allocation Failure) 200M->200M(247M) 0.042ms
[2020-01-29T21:58:02.094+0300][110.132s][debug][gc] GC(1670) Concurrent active time: 68.985ms
[2020-01-29T21:58:02.094+0300][110.132s][info ][gc] GC(1670) Concurrent Sweep 69.236ms
[2020-01-29T21:58:02.094+0300][110.132s][debug][gc] GC(1672) Concurrent mode failure
[2020-01-29T21:58:02.189+0300][110.228s][info ][gc] GC(1672) Pause Full (Allocation Failure) 200M->70M(247M) 162.455ms
[2020-01-29T21:58:02.267+0300][110.305s][info ][gc] GC(1673) Pause Young (Allocation Failure) 137M->155M(247M) 59.352ms
[2020-01-29T21:58:02.277+0300][110.315s][info ][gc] GC(1674) Pause Initial Mark 174M->174M(247M) 8.949ms
[2020-01-29T21:58:02.277+0300][110.315s][info ][gc] GC(1674) Concurrent Mark
[2020-01-29T21:58:02.280+0300][110.318s][debug][gc] GC(1674) Concurrent active time: 3.026ms
[2020-01-29T21:58:02.280+0300][110.318s][info ][gc] GC(1674) Concurrent Mark 3.082ms
[2020-01-29T21:58:02.280+0300][110.318s][info ][gc] GC(1674) Concurrent Preclean
[2020-01-29T21:58:02.280+0300][110.318s][debug][gc] GC(1674) Concurrent active time: 0.157ms
[2020-01-29T21:58:02.280+0300][110.318s][info ][gc] GC(1674) Concurrent Preclean 0.187ms
[2020-01-29T21:58:02.280+0300][110.318s][info ][gc] GC(1674) Concurrent Abortable Preclean
[2020-01-29T21:58:02.280+0300][110.318s][debug][gc] GC(1674) Concurrent active time: 0.004ms
[2020-01-29T21:58:02.280+0300][110.318s][info ][gc] GC(1674) Concurrent Abortable Preclean 0.030ms
[2020-01-29T21:58:02.281+0300][110.319s][debug][gc] GC(1674) YG occupancy: 57246 K (78656 K)
[2020-01-29T21:58:02.292+0300][110.330s][info ][gc] GC(1674) Pause Remark 202M->202M(247M) 11.085ms
[2020-01-29T21:58:02.292+0300][110.330s][info ][gc] GC(1674) Concurrent Sweep
[2020-01-29T21:58:02.294+0300][110.332s][info ][gc] GC(1675) Pause Young (Allocation Failure) 200M->200M(247M) 0.043ms
[2020-01-29T21:58:02.361+0300][110.399s][debug][gc] GC(1674) Concurrent active time: 69.001ms
[2020-01-29T21:58:02.361+0300][110.399s][info ][gc] GC(1674) Concurrent Sweep 69.257ms
[2020-01-29T21:58:02.361+0300][110.399s][debug][gc] GC(1676) Concurrent mode failure
[2020-01-29T21:58:02.456+0300][110.495s][info ][gc] GC(1676) Pause Full (Allocation Failure) 200M->70M(247M) 162.512ms
[2020-01-29T21:58:02.530+0300][110.569s][info ][gc] GC(1677) Pause Young (Allocation Failure) 137M->155M(247M) 56.197ms
[2020-01-29T21:58:02.540+0300][110.579s][info ][gc] GC(1678) Pause Initial Mark 174M->174M(247M) 8.832ms
[2020-01-29T21:58:02.540+0300][110.579s][info ][gc] GC(1678) Concurrent Mark
[2020-01-29T21:58:02.543+0300][110.582s][debug][gc] GC(1678) Concurrent active time: 3.043ms
[2020-01-29T21:58:02.543+0300][110.582s][info ][gc] GC(1678) Concurrent Mark 3.103ms
[2020-01-29T21:58:02.543+0300][110.582s][info ][gc] GC(1678) Concurrent Preclean
[2020-01-29T21:58:02.543+0300][110.582s][debug][gc] GC(1678) Concurrent active time: 0.159ms
[2020-01-29T21:58:02.543+0300][110.582s][info ][gc] GC(1678) Concurrent Preclean 0.191ms
[2020-01-29T21:58:02.543+0300][110.582s][info ][gc] GC(1678) Concurrent Abortable Preclean
[2020-01-29T21:58:02.543+0300][110.582s][debug][gc] GC(1678) Concurrent active time: 0.004ms
[2020-01-29T21:58:02.543+0300][110.582s][info ][gc] GC(1678) Concurrent Abortable Preclean 0.031ms
[2020-01-29T21:58:02.543+0300][110.582s][debug][gc] GC(1678) YG occupancy: 57248 K (78656 K)
[2020-01-29T21:58:02.555+0300][110.593s][info ][gc] GC(1678) Pause Remark 202M->202M(247M) 11.090ms
[2020-01-29T21:58:02.555+0300][110.593s][info ][gc] GC(1678) Concurrent Sweep
[2020-01-29T21:58:02.557+0300][110.596s][info ][gc] GC(1679) Pause Young (Allocation Failure) 200M->200M(247M) 0.043ms
[2020-01-29T21:58:02.624+0300][110.663s][debug][gc] GC(1678) Concurrent active time: 68.839ms
[2020-01-29T21:58:02.624+0300][110.663s][info ][gc] GC(1678) Concurrent Sweep 69.094ms
[2020-01-29T21:58:02.624+0300][110.663s][debug][gc] GC(1680) Concurrent mode failure
[2020-01-29T21:58:02.719+0300][110.758s][info ][gc] GC(1680) Pause Full (Allocation Failure) 200M->70M(247M) 161.330ms
[2020-01-29T21:58:02.791+0300][110.830s][info ][gc] GC(1681) Pause Young (Allocation Failure) 137M->155M(247M) 53.763ms
[2020-01-29T21:58:02.801+0300][110.840s][info ][gc] GC(1682) Pause Initial Mark 174M->174M(247M) 8.819ms
[2020-01-29T21:58:02.801+0300][110.840s][info ][gc] GC(1682) Concurrent Mark
[2020-01-29T21:58:02.804+0300][110.843s][debug][gc] GC(1682) Concurrent active time: 3.048ms
[2020-01-29T21:58:02.804+0300][110.843s][info ][gc] GC(1682) Concurrent Mark 3.106ms
[2020-01-29T21:58:02.804+0300][110.843s][info ][gc] GC(1682) Concurrent Preclean
[2020-01-29T21:58:02.804+0300][110.843s][debug][gc] GC(1682) Concurrent active time: 0.157ms
[2020-01-29T21:58:02.804+0300][110.843s][info ][gc] GC(1682) Concurrent Preclean 0.188ms
[2020-01-29T21:58:02.804+0300][110.843s][info ][gc] GC(1682) Concurrent Abortable Preclean
[2020-01-29T21:58:02.804+0300][110.843s][debug][gc] GC(1682) Concurrent active time: 0.004ms
[2020-01-29T21:58:02.804+0300][110.843s][info ][gc] GC(1682) Concurrent Abortable Preclean 0.031ms
[2020-01-29T21:58:02.805+0300][110.843s][debug][gc] GC(1682) YG occupancy: 57229 K (78656 K)
[2020-01-29T21:58:02.816+0300][110.854s][info ][gc] GC(1682) Pause Remark 202M->202M(247M) 11.064ms
[2020-01-29T21:58:02.816+0300][110.854s][info ][gc] GC(1682) Concurrent Sweep
[2020-01-29T21:58:02.818+0300][110.857s][info ][gc] GC(1683) Pause Young (Allocation Failure) 200M->200M(247M) 0.040ms
[2020-01-29T21:58:02.884+0300][110.923s][debug][gc] GC(1682) Concurrent active time: 68.173ms
[2020-01-29T21:58:02.884+0300][110.923s][info ][gc] GC(1682) Concurrent Sweep 68.408ms
[2020-01-29T21:58:02.884+0300][110.923s][debug][gc] GC(1684) Concurrent mode failure
[2020-01-29T21:58:02.980+0300][111.018s][info ][gc] GC(1684) Pause Full (Allocation Failure) 200M->70M(247M) 161.526ms
[2020-01-29T21:58:03.055+0300][111.094s][info ][gc] GC(1685) Pause Young (Allocation Failure) 137M->155M(247M) 56.953ms
[2020-01-29T21:58:03.064+0300][111.103s][info ][gc] GC(1686) Pause Initial Mark 174M->174M(247M) 8.826ms
[2020-01-29T21:58:03.064+0300][111.103s][info ][gc] GC(1686) Concurrent Mark
[2020-01-29T21:58:03.067+0300][111.106s][debug][gc] GC(1686) Concurrent active time: 3.052ms
[2020-01-29T21:58:03.067+0300][111.106s][info ][gc] GC(1686) Concurrent Mark 3.107ms
[2020-01-29T21:58:03.067+0300][111.106s][info ][gc] GC(1686) Concurrent Preclean
[2020-01-29T21:58:03.068+0300][111.107s][debug][gc] GC(1686) Concurrent active time: 0.158ms
[2020-01-29T21:58:03.068+0300][111.107s][info ][gc] GC(1686) Concurrent Preclean 0.189ms
[2020-01-29T21:58:03.068+0300][111.107s][info ][gc] GC(1686) Concurrent Abortable Preclean
[2020-01-29T21:58:03.068+0300][111.107s][debug][gc] GC(1686) Concurrent active time: 0.004ms
[2020-01-29T21:58:03.068+0300][111.107s][info ][gc] GC(1686) Concurrent Abortable Preclean 0.030ms
[2020-01-29T21:58:03.068+0300][111.107s][debug][gc] GC(1686) YG occupancy: 57241 K (78656 K)
[2020-01-29T21:58:03.079+0300][111.118s][info ][gc] GC(1686) Pause Remark 202M->202M(247M) 11.173ms
[2020-01-29T21:58:03.079+0300][111.118s][info ][gc] GC(1686) Concurrent Sweep
[2020-01-29T21:58:03.082+0300][111.121s][info ][gc] GC(1687) Pause Young (Allocation Failure) 200M->200M(247M) 0.044ms
[2020-01-29T21:58:03.148+0300][111.187s][debug][gc] GC(1686) Concurrent active time: 68.989ms
[2020-01-29T21:58:03.149+0300][111.187s][info ][gc] GC(1686) Concurrent Sweep 69.258ms
[2020-01-29T21:58:03.149+0300][111.187s][debug][gc] GC(1688) Concurrent mode failure
[2020-01-29T21:58:03.244+0300][111.282s][info ][gc] GC(1688) Pause Full (Allocation Failure) 200M->70M(247M) 161.703ms
[2020-01-29T21:58:03.322+0300][111.360s][info ][gc] GC(1689) Pause Young (Allocation Failure) 137M->155M(247M) 58.799ms
[2020-01-29T21:58:03.331+0300][111.369s][info ][gc] GC(1690) Pause Initial Mark 174M->174M(247M) 8.838ms
[2020-01-29T21:58:03.331+0300][111.369s][info ][gc] GC(1690) Concurrent Mark
[2020-01-29T21:58:03.334+0300][111.373s][debug][gc] GC(1690) Concurrent active time: 3.075ms
[2020-01-29T21:58:03.334+0300][111.373s][info ][gc] GC(1690) Concurrent Mark 3.138ms
[2020-01-29T21:58:03.334+0300][111.373s][info ][gc] GC(1690) Concurrent Preclean
[2020-01-29T21:58:03.335+0300][111.373s][debug][gc] GC(1690) Concurrent active time: 0.162ms
[2020-01-29T21:58:03.335+0300][111.373s][info ][gc] GC(1690) Concurrent Preclean 0.195ms
[2020-01-29T21:58:03.335+0300][111.373s][info ][gc] GC(1690) Concurrent Abortable Preclean
[2020-01-29T21:58:03.335+0300][111.373s][debug][gc] GC(1690) Concurrent active time: 0.004ms
[2020-01-29T21:58:03.335+0300][111.373s][info ][gc] GC(1690) Concurrent Abortable Preclean 0.030ms
[2020-01-29T21:58:03.335+0300][111.373s][debug][gc] GC(1690) YG occupancy: 57246 K (78656 K)
[2020-01-29T21:58:03.346+0300][111.384s][info ][gc] GC(1690) Pause Remark 202M->202M(247M) 11.068ms
[2020-01-29T21:58:03.346+0300][111.384s][info ][gc] GC(1690) Concurrent Sweep
[2020-01-29T21:58:03.349+0300][111.387s][info ][gc] GC(1691) Pause Young (Allocation Failure) 200M->200M(247M) 0.046ms
[2020-01-29T21:58:03.415+0300][111.453s][debug][gc] GC(1690) Concurrent active time: 68.613ms
[2020-01-29T21:58:03.415+0300][111.453s][info ][gc] GC(1690) Concurrent Sweep 68.867ms
[2020-01-29T21:58:03.415+0300][111.453s][debug][gc] GC(1692) Concurrent mode failure
[2020-01-29T21:58:03.509+0300][111.548s][info ][gc] GC(1692) Pause Full (Allocation Failure) 200M->70M(247M) 161.346ms
[2020-01-29T21:58:03.582+0300][111.620s][info ][gc] GC(1693) Pause Young (Allocation Failure) 137M->155M(247M) 53.287ms
[2020-01-29T21:58:03.592+0300][111.630s][info ][gc] GC(1694) Pause Initial Mark 174M->174M(247M) 8.821ms
[2020-01-29T21:58:03.592+0300][111.630s][info ][gc] GC(1694) Concurrent Mark
[2020-01-29T21:58:03.595+0300][111.633s][debug][gc] GC(1694) Concurrent active time: 3.064ms
[2020-01-29T21:58:03.595+0300][111.633s][info ][gc] GC(1694) Concurrent Mark 3.123ms
[2020-01-29T21:58:03.595+0300][111.633s][info ][gc] GC(1694) Concurrent Preclean
[2020-01-29T21:58:03.595+0300][111.633s][debug][gc] GC(1694) Concurrent active time: 0.154ms
[2020-01-29T21:58:03.595+0300][111.633s][info ][gc] GC(1694) Concurrent Preclean 0.183ms
[2020-01-29T21:58:03.595+0300][111.633s][info ][gc] GC(1694) Concurrent Abortable Preclean
[2020-01-29T21:58:03.595+0300][111.633s][debug][gc] GC(1694) Concurrent active time: 0.004ms
[2020-01-29T21:58:03.595+0300][111.633s][info ][gc] GC(1694) Concurrent Abortable Preclean 0.030ms
[2020-01-29T21:58:03.595+0300][111.633s][debug][gc] GC(1694) YG occupancy: 57250 K (78656 K)
[2020-01-29T21:58:03.606+0300][111.644s][info ][gc] GC(1694) Pause Remark 202M->202M(247M) 11.050ms
[2020-01-29T21:58:03.606+0300][111.644s][info ][gc] GC(1694) Concurrent Sweep
[2020-01-29T21:58:03.609+0300][111.647s][info ][gc] GC(1695) Pause Young (Allocation Failure) 201M->201M(247M) 0.046ms
[2020-01-29T21:58:03.676+0300][111.715s][debug][gc] GC(1694) Concurrent active time: 70.629ms
[2020-01-29T21:58:03.676+0300][111.715s][info ][gc] GC(1694) Concurrent Sweep 70.996ms
[2020-01-29T21:58:03.676+0300][111.715s][debug][gc] GC(1696) Concurrent mode failure
[2020-01-29T21:58:03.773+0300][111.811s][info ][gc] GC(1696) Pause Full (Allocation Failure) 201M->70M(247M) 163.897ms
[2020-01-29T21:58:03.848+0300][111.887s][info ][gc] GC(1697) Pause Young (Allocation Failure) 137M->155M(247M) 56.550ms
[2020-01-29T21:58:03.857+0300][111.896s][info ][gc] GC(1698) Pause Initial Mark 174M->174M(247M) 8.914ms
[2020-01-29T21:58:03.858+0300][111.896s][info ][gc] GC(1698) Concurrent Mark
[2020-01-29T21:58:03.861+0300][111.899s][debug][gc] GC(1698) Concurrent active time: 3.017ms
[2020-01-29T21:58:03.861+0300][111.899s][info ][gc] GC(1698) Concurrent Mark 3.074ms
[2020-01-29T21:58:03.861+0300][111.900s][info ][gc] GC(1698) Concurrent Preclean
[2020-01-29T21:58:03.861+0300][111.900s][debug][gc] GC(1698) Concurrent active time: 0.157ms
[2020-01-29T21:58:03.861+0300][111.900s][info ][gc] GC(1698) Concurrent Preclean 0.196ms
[2020-01-29T21:58:03.861+0300][111.900s][info ][gc] GC(1698) Concurrent Abortable Preclean
[2020-01-29T21:58:03.861+0300][111.900s][debug][gc] GC(1698) Concurrent active time: 0.004ms
[2020-01-29T21:58:03.861+0300][111.900s][info ][gc] GC(1698) Concurrent Abortable Preclean 0.031ms
[2020-01-29T21:58:03.861+0300][111.900s][debug][gc] GC(1698) YG occupancy: 57250 K (78656 K)
[2020-01-29T21:58:03.872+0300][111.911s][info ][gc] GC(1698) Pause Remark 202M->202M(247M) 11.276ms
[2020-01-29T21:58:03.872+0300][111.911s][info ][gc] GC(1698) Concurrent Sweep
[2020-01-29T21:58:03.875+0300][111.914s][info ][gc] GC(1699) Pause Young (Allocation Failure) 200M->200M(247M) 0.041ms
[2020-01-29T21:58:03.942+0300][111.981s][debug][gc] GC(1698) Concurrent active time: 69.546ms
[2020-01-29T21:58:03.942+0300][111.981s][info ][gc] GC(1698) Concurrent Sweep 69.806ms
[2020-01-29T21:58:03.942+0300][111.981s][debug][gc] GC(1700) Concurrent mode failure
[2020-01-29T21:58:04.039+0300][112.077s][info ][gc] GC(1700) Pause Full (Allocation Failure) 200M->70M(247M) 163.093ms
[2020-01-29T21:58:04.110+0300][112.149s][info ][gc] GC(1701) Pause Young (Allocation Failure) 137M->155M(247M) 53.493ms
[2020-01-29T21:58:04.121+0300][112.159s][info ][gc] GC(1702) Pause Initial Mark 174M->174M(247M) 8.967ms
[2020-01-29T21:58:04.121+0300][112.159s][info ][gc] GC(1702) Concurrent Mark
[2020-01-29T21:58:04.124+0300][112.162s][debug][gc] GC(1702) Concurrent active time: 3.057ms
[2020-01-29T21:58:04.124+0300][112.162s][info ][gc] GC(1702) Concurrent Mark 3.119ms
[2020-01-29T21:58:04.124+0300][112.162s][info ][gc] GC(1702) Concurrent Preclean
[2020-01-29T21:58:04.124+0300][112.162s][debug][gc] GC(1702) Concurrent active time: 0.160ms
[2020-01-29T21:58:04.124+0300][112.162s][info ][gc] GC(1702) Concurrent Preclean 0.192ms
[2020-01-29T21:58:04.124+0300][112.162s][info ][gc] GC(1702) Concurrent Abortable Preclean
[2020-01-29T21:58:04.124+0300][112.162s][debug][gc] GC(1702) Concurrent active time: 0.004ms
[2020-01-29T21:58:04.124+0300][112.162s][info ][gc] GC(1702) Concurrent Abortable Preclean 0.031ms
[2020-01-29T21:58:04.124+0300][112.162s][debug][gc] GC(1702) YG occupancy: 57251 K (78656 K)
[2020-01-29T21:58:04.135+0300][112.173s][info ][gc] GC(1702) Pause Remark 202M->202M(247M) 11.047ms
[2020-01-29T21:58:04.135+0300][112.173s][info ][gc] GC(1702) Concurrent Sweep
[2020-01-29T21:58:04.138+0300][112.176s][info ][gc] GC(1703) Pause Young (Allocation Failure) 200M->200M(247M) 0.044ms
[2020-01-29T21:58:04.205+0300][112.244s][debug][gc] GC(1702) Concurrent active time: 69.826ms
[2020-01-29T21:58:04.205+0300][112.244s][info ][gc] GC(1702) Concurrent Sweep 70.092ms
[2020-01-29T21:58:04.205+0300][112.244s][debug][gc] GC(1704) Concurrent mode failure
[2020-01-29T21:58:04.299+0300][112.339s][info ][gc] GC(1704) Pause Full (Allocation Failure) 200M->70M(247M) 162.610ms
[2020-01-29T21:58:04.370+0300][112.409s][info ][gc] GC(1705) Pause Young (Allocation Failure) 137M->155M(247M) 55.998ms
[2020-01-29T21:58:04.379+0300][112.419s][info ][gc] GC(1706) Pause Initial Mark 174M->174M(247M) 8.859ms
[2020-01-29T21:58:04.379+0300][112.419s][info ][gc] GC(1706) Concurrent Mark
[2020-01-29T21:58:04.379+0300][112.422s][debug][gc] GC(1706) Concurrent active time: 3.022ms
[2020-01-29T21:58:04.379+0300][112.422s][info ][gc] GC(1706) Concurrent Mark 3.078ms
[2020-01-29T21:58:04.379+0300][112.422s][info ][gc] GC(1706) Concurrent Preclean
[2020-01-29T21:58:04.379+0300][112.422s][debug][gc] GC(1706) Concurrent active time: 0.157ms
[2020-01-29T21:58:04.379+0300][112.422s][info ][gc] GC(1706) Concurrent Preclean 0.187ms
[2020-01-29T21:58:04.379+0300][112.422s][info ][gc] GC(1706) Concurrent Abortable Preclean
[2020-01-29T21:58:04.379+0300][112.422s][debug][gc] GC(1706) Concurrent active time: 0.004ms
[2020-01-29T21:58:04.379+0300][112.422s][info ][gc] GC(1706) Concurrent Abortable Preclean 0.030ms
[2020-01-29T21:58:04.379+0300][112.422s][debug][gc] GC(1706) YG occupancy: 57251 K (78656 K)
[2020-01-29T21:58:04.394+0300][112.433s][info ][gc] GC(1706) Pause Remark 202M->202M(247M) 11.184ms
[2020-01-29T21:58:04.394+0300][112.433s][info ][gc] GC(1706) Concurrent Sweep
[2020-01-29T21:58:04.394+0300][112.436s][info ][gc] GC(1707) Pause Young (Allocation Failure) 201M->201M(247M) 0.041ms
[2020-01-29T21:58:04.459+0300][112.502s][debug][gc] GC(1706) Concurrent active time: 68.113ms
[2020-01-29T21:58:04.459+0300][112.502s][info ][gc] GC(1706) Concurrent Sweep 68.358ms
[2020-01-29T21:58:04.459+0300][112.502s][debug][gc] GC(1708) Concurrent mode failure
[2020-01-29T21:58:04.559+0300][112.601s][info ][gc] GC(1708) Pause Full (Allocation Failure) 201M->70M(247M) 164.951ms
[2020-01-29T21:58:04.641+0300][112.679s][info ][gc] GC(1709) Pause Young (Allocation Failure) 137M->155M(247M) 61.099ms
[2020-01-29T21:58:04.649+0300][112.688s][info ][gc] GC(1710) Pause Initial Mark 174M->174M(247M) 8.825ms
[2020-01-29T21:58:04.650+0300][112.689s][info ][gc] GC(1710) Concurrent Mark
[2020-01-29T21:58:04.653+0300][112.692s][debug][gc] GC(1710) Concurrent active time: 3.608ms
[2020-01-29T21:58:04.653+0300][112.692s][info ][gc] GC(1710) Concurrent Mark 3.764ms
[2020-01-29T21:58:04.653+0300][112.692s][info ][gc] GC(1710) Concurrent Preclean
[2020-01-29T21:58:04.654+0300][112.693s][debug][gc] GC(1710) Concurrent active time: 0.178ms
[2020-01-29T21:58:04.654+0300][112.693s][info ][gc] GC(1710) Concurrent Preclean 0.214ms
[2020-01-29T21:58:04.654+0300][112.693s][info ][gc] GC(1710) Concurrent Abortable Preclean
[2020-01-29T21:58:04.654+0300][112.693s][debug][gc] GC(1710) Concurrent active time: 0.004ms
[2020-01-29T21:58:04.654+0300][112.693s][info ][gc] GC(1710) Concurrent Abortable Preclean 0.031ms
[2020-01-29T21:58:04.654+0300][112.693s][debug][gc] GC(1710) YG occupancy: 53244 K (78656 K)
[2020-01-29T21:58:04.665+0300][112.704s][info ][gc] GC(1710) Pause Remark 199M->199M(247M) 11.001ms
[2020-01-29T21:58:04.665+0300][112.704s][info ][gc] GC(1710) Concurrent Sweep
[2020-01-29T21:58:04.668+0300][112.707s][info ][gc] GC(1711) Pause Young (Allocation Failure) 199M->199M(247M) 0.045ms
[2020-01-29T21:58:04.734+0300][112.773s][debug][gc] GC(1710) Concurrent active time: 68.732ms
[2020-01-29T21:58:04.734+0300][112.773s][info ][gc] GC(1710) Concurrent Sweep 69.097ms
[2020-01-29T21:58:04.734+0300][112.773s][debug][gc] GC(1712) Concurrent mode failure
[2020-01-29T21:58:04.829+0300][112.868s][info ][gc] GC(1712) Pause Full (Allocation Failure) 199M->70M(247M) 160.399ms
[2020-01-29T21:58:04.900+0300][112.938s][info ][gc] GC(1713) Pause Young (Allocation Failure) 137M->155M(247M) 55.818ms
[2020-01-29T21:58:04.910+0300][112.948s][info ][gc] GC(1714) Pause Initial Mark 174M->174M(247M) 8.858ms
[2020-01-29T21:58:04.910+0300][112.948s][info ][gc] GC(1714) Concurrent Mark
[2020-01-29T21:58:04.913+0300][112.951s][debug][gc] GC(1714) Concurrent active time: 3.065ms
[2020-01-29T21:58:04.913+0300][112.951s][info ][gc] GC(1714) Concurrent Mark 3.128ms
[2020-01-29T21:58:04.913+0300][112.951s][info ][gc] GC(1714) Concurrent Preclean
[2020-01-29T21:58:04.913+0300][112.951s][debug][gc] GC(1714) Concurrent active time: 0.160ms
[2020-01-29T21:58:04.913+0300][112.951s][info ][gc] GC(1714) Concurrent Preclean 0.190ms
[2020-01-29T21:58:04.913+0300][112.951s][info ][gc] GC(1714) Concurrent Abortable Preclean
[2020-01-29T21:58:04.913+0300][112.951s][debug][gc] GC(1714) Concurrent active time: 0.005ms
[2020-01-29T21:58:04.913+0300][112.951s][info ][gc] GC(1714) Concurrent Abortable Preclean 0.031ms
[2020-01-29T21:58:04.914+0300][112.952s][debug][gc] GC(1714) YG occupancy: 57251 K (78656 K)
[2020-01-29T21:58:04.924+0300][112.963s][info ][gc] GC(1714) Pause Remark 202M->202M(247M) 11.184ms
[2020-01-29T21:58:04.924+0300][112.963s][info ][gc] GC(1714) Concurrent Sweep
[2020-01-29T21:58:04.924+0300][112.966s][info ][gc] GC(1715) Pause Young (Allocation Failure) 200M->200M(247M) 0.042ms
[2020-01-29T21:58:04.994+0300][113.033s][debug][gc] GC(1714) Concurrent active time: 70.130ms
[2020-01-29T21:58:04.994+0300][113.033s][info ][gc] GC(1714) Concurrent Sweep 70.393ms
[2020-01-29T21:58:04.994+0300][113.033s][debug][gc] GC(1716) Concurrent mode failure
[2020-01-29T21:58:05.090+0300][113.129s][info ][gc] GC(1716) Pause Full (Allocation Failure) 200M->70M(247M) 163.163ms
[2020-01-29T21:58:05.165+0300][113.203s][info ][gc] GC(1717) Pause Young (Allocation Failure) 137M->155M(247M) 56.037ms
[2020-01-29T21:58:05.175+0300][113.213s][info ][gc] GC(1718) Pause Initial Mark 174M->174M(247M) 8.841ms
[2020-01-29T21:58:05.175+0300][113.213s][info ][gc] GC(1718) Concurrent Mark
[2020-01-29T21:58:05.177+0300][113.216s][debug][gc] GC(1718) Concurrent active time: 3.078ms
[2020-01-29T21:58:05.177+0300][113.216s][info ][gc] GC(1718) Concurrent Mark 3.135ms
[2020-01-29T21:58:05.177+0300][113.216s][info ][gc] GC(1718) Concurrent Preclean
[2020-01-29T21:58:05.177+0300][113.216s][debug][gc] GC(1718) Concurrent active time: 0.158ms
[2020-01-29T21:58:05.177+0300][113.216s][info ][gc] GC(1718) Concurrent Preclean 0.190ms
[2020-01-29T21:58:05.177+0300][113.216s][info ][gc] GC(1718) Concurrent Abortable Preclean
[2020-01-29T21:58:05.177+0300][113.216s][debug][gc] GC(1718) Concurrent active time: 0.004ms
[2020-01-29T21:58:05.177+0300][113.216s][info ][gc] GC(1718) Concurrent Abortable Preclean 0.031ms
[2020-01-29T21:58:05.178+0300][113.217s][debug][gc] GC(1718) YG occupancy: 57250 K (78656 K)
[2020-01-29T21:58:05.189+0300][113.228s][info ][gc] GC(1718) Pause Remark 202M->202M(247M) 11.068ms
[2020-01-29T21:58:05.189+0300][113.228s][info ][gc] GC(1718) Concurrent Sweep
[2020-01-29T21:58:05.191+0300][113.230s][info ][gc] GC(1719) Pause Young (Allocation Failure) 200M->200M(247M) 0.042ms
[2020-01-29T21:58:05.258+0300][113.297s][debug][gc] GC(1718) Concurrent active time: 68.929ms
[2020-01-29T21:58:05.258+0300][113.297s][info ][gc] GC(1718) Concurrent Sweep 69.192ms
[2020-01-29T21:58:05.258+0300][113.297s][debug][gc] GC(1720) Concurrent mode failure
[2020-01-29T21:58:05.355+0300][113.393s][info ][gc] GC(1720) Pause Full (Allocation Failure) 200M->70M(247M) 162.684ms
[2020-01-29T21:58:05.429+0300][113.467s][info ][gc] GC(1721) Pause Young (Allocation Failure) 137M->155M(247M) 56.095ms
[2020-01-29T21:58:05.439+0300][113.477s][info ][gc] GC(1722) Pause Initial Mark 174M->174M(247M) 8.853ms
[2020-01-29T21:58:05.439+0300][113.477s][info ][gc] GC(1722) Concurrent Mark
[2020-01-29T21:58:05.442+0300][113.480s][debug][gc] GC(1722) Concurrent active time: 3.027ms
[2020-01-29T21:58:05.442+0300][113.480s][info ][gc] GC(1722) Concurrent Mark 3.082ms
[2020-01-29T21:58:05.442+0300][113.480s][info ][gc] GC(1722) Concurrent Preclean
[2020-01-29T21:58:05.442+0300][113.480s][debug][gc] GC(1722) Concurrent active time: 0.172ms
[2020-01-29T21:58:05.442+0300][113.480s][info ][gc] GC(1722) Concurrent Preclean 0.204ms
[2020-01-29T21:58:05.442+0300][113.480s][info ][gc] GC(1722) Concurrent Abortable Preclean
[2020-01-29T21:58:05.442+0300][113.480s][debug][gc] GC(1722) Concurrent active time: 0.004ms
[2020-01-29T21:58:05.442+0300][113.480s][info ][gc] GC(1722) Concurrent Abortable Preclean 0.031ms
[2020-01-29T21:58:05.442+0300][113.480s][debug][gc] GC(1722) YG occupancy: 57250 K (78656 K)
[2020-01-29T21:58:05.454+0300][113.492s][info ][gc] GC(1722) Pause Remark 202M->202M(247M) 11.467ms
[2020-01-29T21:58:05.454+0300][113.492s][info ][gc] GC(1722) Concurrent Sweep
[2020-01-29T21:58:05.456+0300][113.495s][info ][gc] GC(1723) Pause Young (Allocation Failure) 200M->200M(247M) 0.041ms
[2020-01-29T21:58:05.523+0300][113.561s][debug][gc] GC(1722) Concurrent active time: 68.703ms
[2020-01-29T21:58:05.523+0300][113.561s][info ][gc] GC(1722) Concurrent Sweep 68.952ms
[2020-01-29T21:58:05.523+0300][113.561s][debug][gc] GC(1724) Concurrent mode failure
[2020-01-29T21:58:05.617+0300][113.656s][info ][gc] GC(1724) Pause Full (Allocation Failure) 200M->70M(247M) 160.943ms
[2020-01-29T21:58:05.690+0300][113.729s][info ][gc] GC(1725) Pause Young (Allocation Failure) 137M->155M(247M) 54.570ms
[2020-01-29T21:58:05.700+0300][113.739s][info ][gc] GC(1726) Pause Initial Mark 174M->174M(247M) 8.831ms
[2020-01-29T21:58:05.700+0300][113.739s][info ][gc] GC(1726) Concurrent Mark
[2020-01-29T21:58:05.704+0300][113.742s][debug][gc] GC(1726) Concurrent active time: 3.373ms
[2020-01-29T21:58:05.704+0300][113.742s][info ][gc] GC(1726) Concurrent Mark 3.533ms
[2020-01-29T21:58:05.704+0300][113.742s][info ][gc] GC(1726) Concurrent Preclean
[2020-01-29T21:58:05.704+0300][113.743s][debug][gc] GC(1726) Concurrent active time: 0.208ms
[2020-01-29T21:58:05.704+0300][113.743s][info ][gc] GC(1726) Concurrent Preclean 0.245ms
[2020-01-29T21:58:05.704+0300][113.743s][info ][gc] GC(1726) Concurrent Abortable Preclean
[2020-01-29T21:58:05.704+0300][113.743s][debug][gc] GC(1726) Concurrent active time: 0.005ms
[2020-01-29T21:58:05.704+0300][113.743s][info ][gc] GC(1726) Concurrent Abortable Preclean 0.032ms
[2020-01-29T21:58:05.704+0300][113.743s][debug][gc] GC(1726) YG occupancy: 56005 K (78656 K)
[2020-01-29T21:58:05.715+0300][113.754s][info ][gc] GC(1726) Pause Remark 201M->201M(247M) 11.045ms
[2020-01-29T21:58:05.715+0300][113.754s][info ][gc] GC(1726) Concurrent Sweep
[2020-01-29T21:58:05.719+0300][113.757s][info ][gc] GC(1727) Pause Young (Allocation Failure) 199M->199M(247M) 0.045ms
[2020-01-29T21:58:05.784+0300][113.823s][debug][gc] GC(1726) Concurrent active time: 68.549ms
[2020-01-29T21:58:05.784+0300][113.823s][info ][gc] GC(1726) Concurrent Sweep 68.827ms
[2020-01-29T21:58:05.784+0300][113.823s][debug][gc] GC(1728) Concurrent mode failure
[2020-01-29T21:58:05.880+0300][113.918s][info ][gc] GC(1728) Pause Full (Allocation Failure) 199M->70M(247M) 161.284ms
[2020-01-29T21:58:05.951+0300][113.990s][info ][gc] GC(1729) Pause Young (Allocation Failure) 137M->155M(247M) 53.735ms
[2020-01-29T21:58:05.961+0300][114.000s][info ][gc] GC(1730) Pause Initial Mark 174M->174M(247M) 8.821ms
[2020-01-29T21:58:05.961+0300][114.000s][info ][gc] GC(1730) Concurrent Mark
[2020-01-29T21:58:05.964+0300][114.003s][debug][gc] GC(1730) Concurrent active time: 3.105ms
[2020-01-29T21:58:05.964+0300][114.003s][info ][gc] GC(1730) Concurrent Mark 3.170ms
[2020-01-29T21:58:05.964+0300][114.003s][info ][gc] GC(1730) Concurrent Preclean
[2020-01-29T21:58:05.965+0300][114.004s][debug][gc] GC(1730) Concurrent active time: 0.165ms
[2020-01-29T21:58:05.965+0300][114.004s][info ][gc] GC(1730) Concurrent Preclean 0.198ms
[2020-01-29T21:58:05.965+0300][114.004s][info ][gc] GC(1730) Concurrent Abortable Preclean
[2020-01-29T21:58:05.965+0300][114.004s][debug][gc] GC(1730) Concurrent active time: 0.004ms
[2020-01-29T21:58:05.965+0300][114.004s][info ][gc] GC(1730) Concurrent Abortable Preclean 0.031ms
[2020-01-29T21:58:05.965+0300][114.004s][debug][gc] GC(1730) YG occupancy: 55870 K (78656 K)
[2020-01-29T21:58:05.976+0300][114.015s][info ][gc] GC(1730) Pause Remark 201M->201M(247M) 11.156ms
[2020-01-29T21:58:05.976+0300][114.015s][info ][gc] GC(1730) Concurrent Sweep
[2020-01-29T21:58:05.979+0300][114.018s][info ][gc] GC(1731) Pause Young (Allocation Failure) 200M->200M(247M) 0.044ms
[2020-01-29T21:58:06.048+0300][114.086s][debug][gc] GC(1730) Concurrent active time: 70.930ms
[2020-01-29T21:58:06.048+0300][114.086s][info ][gc] GC(1730) Concurrent Sweep 71.202ms
[2020-01-29T21:58:06.048+0300][114.086s][debug][gc] GC(1732) Concurrent mode failure
[2020-01-29T21:58:06.142+0300][114.181s][info ][gc] GC(1732) Pause Full (Allocation Failure) 200M->70M(247M) 163.286ms
[2020-01-29T21:58:06.215+0300][114.254s][info ][gc] GC(1733) Pause Young (Allocation Failure) 137M->155M(247M) 54.724ms
[2020-01-29T21:58:06.225+0300][114.264s][info ][gc] GC(1734) Pause Initial Mark 174M->174M(247M) 8.819ms
[2020-01-29T21:58:06.225+0300][114.264s][info ][gc] GC(1734) Concurrent Mark
[2020-01-29T21:58:06.228+0300][114.267s][debug][gc] GC(1734) Concurrent active time: 3.030ms
[2020-01-29T21:58:06.228+0300][114.267s][info ][gc] GC(1734) Concurrent Mark 3.084ms
[2020-01-29T21:58:06.228+0300][114.267s][info ][gc] GC(1734) Concurrent Preclean
[2020-01-29T21:58:06.228+0300][114.267s][debug][gc] GC(1734) Concurrent active time: 0.155ms
[2020-01-29T21:58:06.228+0300][114.267s][info ][gc] GC(1734) Concurrent Preclean 0.194ms
[2020-01-29T21:58:06.228+0300][114.267s][info ][gc] GC(1734) Concurrent Abortable Preclean
[2020-01-29T21:58:06.228+0300][114.267s][debug][gc] GC(1734) Concurrent active time: 0.004ms
[2020-01-29T21:58:06.228+0300][114.267s][info ][gc] GC(1734) Concurrent Abortable Preclean 0.031ms
[2020-01-29T21:58:06.229+0300][114.267s][debug][gc] GC(1734) YG occupancy: 57250 K (78656 K)
[2020-01-29T21:58:06.240+0300][114.278s][info ][gc] GC(1734) Pause Remark 202M->202M(247M) 11.020ms
[2020-01-29T21:58:06.240+0300][114.278s][info ][gc] GC(1734) Concurrent Sweep
[2020-01-29T21:58:06.242+0300][114.281s][info ][gc] GC(1735) Pause Young (Allocation Failure) 200M->200M(247M) 0.041ms
[2020-01-29T21:58:06.309+0300][114.347s][debug][gc] GC(1734) Concurrent active time: 69.037ms
[2020-01-29T21:58:06.309+0300][114.348s][info ][gc] GC(1734) Concurrent Sweep 69.273ms
[2020-01-29T21:58:06.309+0300][114.348s][debug][gc] GC(1736) Concurrent mode failure
[2020-01-29T21:58:06.404+0300][114.442s][info ][gc] GC(1736) Pause Full (Allocation Failure) 200M->70M(247M) 161.518ms
[2020-01-29T21:58:06.478+0300][114.516s][info ][gc] GC(1737) Pause Young (Allocation Failure) 137M->155M(247M) 55.008ms
[2020-01-29T21:58:06.487+0300][114.525s][info ][gc] GC(1738) Pause Initial Mark 174M->174M(247M) 8.852ms
[2020-01-29T21:58:06.487+0300][114.526s][info ][gc] GC(1738) Concurrent Mark
[2020-01-29T21:58:06.490+0300][114.529s][debug][gc] GC(1738) Concurrent active time: 3.034ms
[2020-01-29T21:58:06.490+0300][114.529s][info ][gc] GC(1738) Concurrent Mark 3.092ms
[2020-01-29T21:58:06.490+0300][114.529s][info ][gc] GC(1738) Concurrent Preclean
[2020-01-29T21:58:06.490+0300][114.529s][debug][gc] GC(1738) Concurrent active time: 0.157ms
[2020-01-29T21:58:06.490+0300][114.529s][info ][gc] GC(1738) Concurrent Preclean 0.188ms
[2020-01-29T21:58:06.490+0300][114.529s][info ][gc] GC(1738) Concurrent Abortable Preclean
[2020-01-29T21:58:06.490+0300][114.529s][debug][gc] GC(1738) Concurrent active time: 0.004ms
[2020-01-29T21:58:06.490+0300][114.529s][info ][gc] GC(1738) Concurrent Abortable Preclean 0.031ms
[2020-01-29T21:58:06.490+0300][114.529s][debug][gc] GC(1738) YG occupancy: 57250 K (78656 K)
[2020-01-29T21:58:06.501+0300][114.540s][info ][gc] GC(1738) Pause Remark 202M->202M(247M) 11.079ms
[2020-01-29T21:58:06.501+0300][114.540s][info ][gc] GC(1738) Concurrent Sweep
[2020-01-29T21:58:06.504+0300][114.543s][info ][gc] GC(1739) Pause Young (Allocation Failure) 200M->200M(247M) 0.042ms
[2020-01-29T21:58:06.572+0300][114.610s][debug][gc] GC(1738) Concurrent active time: 69.522ms
[2020-01-29T21:58:06.572+0300][114.610s][info ][gc] GC(1738) Concurrent Sweep 69.771ms
[2020-01-29T21:58:06.572+0300][114.610s][debug][gc] GC(1740) Concurrent mode failure
[2020-01-29T21:58:06.667+0300][114.705s][info ][gc] GC(1740) Pause Full (Allocation Failure) 200M->70M(247M) 162.482ms
[2020-01-29T21:58:06.746+0300][114.785s][info ][gc] GC(1741) Pause Young (Allocation Failure) 137M->155M(247M) 61.069ms
[2020-01-29T21:58:06.758+0300][114.796s][info ][gc] GC(1742) Pause Initial Mark 174M->174M(247M) 10.034ms
[2020-01-29T21:58:06.758+0300][114.797s][info ][gc] GC(1742) Concurrent Mark
[2020-01-29T21:58:06.761+0300][114.800s][debug][gc] GC(1742) Concurrent active time: 3.363ms
[2020-01-29T21:58:06.761+0300][114.800s][info ][gc] GC(1742) Concurrent Mark 3.433ms
[2020-01-29T21:58:06.761+0300][114.800s][info ][gc] GC(1742) Concurrent Preclean
[2020-01-29T21:58:06.762+0300][114.800s][debug][gc] GC(1742) Concurrent active time: 0.235ms
[2020-01-29T21:58:06.762+0300][114.800s][info ][gc] GC(1742) Concurrent Preclean 0.269ms
[2020-01-29T21:58:06.762+0300][114.800s][info ][gc] GC(1742) Concurrent Abortable Preclean
[2020-01-29T21:58:06.762+0300][114.800s][debug][gc] GC(1742) Concurrent active time: 0.003ms
[2020-01-29T21:58:06.762+0300][114.800s][info ][gc] GC(1742) Concurrent Abortable Preclean 0.030ms
[2020-01-29T21:58:06.762+0300][114.800s][debug][gc] GC(1742) YG occupancy: 53149 K (78656 K)
[2020-01-29T21:58:06.773+0300][114.812s][info ][gc] GC(1742) Pause Remark 198M->198M(247M) 11.667ms
[2020-01-29T21:58:06.774+0300][114.812s][info ][gc] GC(1742) Concurrent Sweep
[2020-01-29T21:58:06.779+0300][114.817s][info ][gc] GC(1743) Pause Young (Allocation Failure) 195M->195M(247M) 0.045ms
[2020-01-29T21:58:06.842+0300][114.880s][debug][gc] GC(1742) Concurrent active time: 67.591ms
[2020-01-29T21:58:06.842+0300][114.880s][info ][gc] GC(1742) Concurrent Sweep 67.889ms
[2020-01-29T21:58:06.842+0300][114.880s][debug][gc] GC(1744) Concurrent mode failure
[2020-01-29T21:58:06.937+0300][114.976s][info ][gc] GC(1744) Pause Full (Allocation Failure) 195M->70M(247M) 158.658ms
[2020-01-29T21:58:07.009+0300][115.048s][info ][gc] GC(1745) Pause Young (Allocation Failure) 137M->155M(247M) 53.373ms
[2020-01-29T21:58:07.019+0300][115.057s][info ][gc] GC(1746) Pause Initial Mark 174M->174M(247M) 8.815ms
[2020-01-29T21:58:07.019+0300][115.057s][info ][gc] GC(1746) Concurrent Mark
[2020-01-29T21:58:07.022+0300][115.060s][debug][gc] GC(1746) Concurrent active time: 3.060ms
[2020-01-29T21:58:07.022+0300][115.060s][info ][gc] GC(1746) Concurrent Mark 3.120ms
[2020-01-29T21:58:07.022+0300][115.060s][info ][gc] GC(1746) Concurrent Preclean
[2020-01-29T21:58:07.022+0300][115.061s][debug][gc] GC(1746) Concurrent active time: 0.158ms
[2020-01-29T21:58:07.022+0300][115.061s][info ][gc] GC(1746) Concurrent Preclean 0.190ms
[2020-01-29T21:58:07.022+0300][115.061s][info ][gc] GC(1746) Concurrent Abortable Preclean
[2020-01-29T21:58:07.022+0300][115.061s][debug][gc] GC(1746) Concurrent active time: 0.005ms
[2020-01-29T21:58:07.022+0300][115.061s][info ][gc] GC(1746) Concurrent Abortable Preclean 0.031ms
[2020-01-29T21:58:07.022+0300][115.061s][debug][gc] GC(1746) YG occupancy: 57237 K (78656 K)
[2020-01-29T21:58:07.033+0300][115.072s][info ][gc] GC(1746) Pause Remark 202M->202M(247M) 11.050ms
[2020-01-29T21:58:07.033+0300][115.072s][info ][gc] GC(1746) Concurrent Sweep
[2020-01-29T21:58:07.036+0300][115.075s][info ][gc] GC(1747) Pause Young (Allocation Failure) 200M->200M(247M) 0.041ms
[2020-01-29T21:58:07.104+0300][115.142s][debug][gc] GC(1746) Concurrent active time: 69.987ms
[2020-01-29T21:58:07.104+0300][115.142s][info ][gc] GC(1746) Concurrent Sweep 70.245ms
[2020-01-29T21:58:07.104+0300][115.142s][debug][gc] GC(1748) Concurrent mode failure
[2020-01-29T21:58:07.200+0300][115.238s][info ][gc] GC(1748) Pause Full (Allocation Failure) 200M->70M(247M) 163.409ms
[2020-01-29T21:58:07.273+0300][115.312s][info ][gc] GC(1749) Pause Young (Allocation Failure) 137M->155M(247M) 55.237ms
[2020-01-29T21:58:07.283+0300][115.321s][info ][gc] GC(1750) Pause Initial Mark 174M->174M(247M) 8.828ms
[2020-01-29T21:58:07.283+0300][115.322s][info ][gc] GC(1750) Concurrent Mark
[2020-01-29T21:58:07.286+0300][115.325s][debug][gc] GC(1750) Concurrent active time: 3.044ms
[2020-01-29T21:58:07.286+0300][115.325s][info ][gc] GC(1750) Concurrent Mark 3.113ms
[2020-01-29T21:58:07.286+0300][115.325s][info ][gc] GC(1750) Concurrent Preclean
[2020-01-29T21:58:07.286+0300][115.325s][debug][gc] GC(1750) Concurrent active time: 0.171ms
[2020-01-29T21:58:07.286+0300][115.325s][info ][gc] GC(1750) Concurrent Preclean 0.206ms
[2020-01-29T21:58:07.286+0300][115.325s][info ][gc] GC(1750) Concurrent Abortable Preclean
[2020-01-29T21:58:07.286+0300][115.325s][debug][gc] GC(1750) Concurrent active time: 0.004ms
[2020-01-29T21:58:07.286+0300][115.325s][info ][gc] GC(1750) Concurrent Abortable Preclean 0.031ms
[2020-01-29T21:58:07.286+0300][115.325s][debug][gc] GC(1750) YG occupancy: 35162 K (78656 K)
[2020-01-29T21:58:07.296+0300][115.335s][info ][gc] GC(1750) Pause Remark 181M->181M(247M) 10.375ms
[2020-01-29T21:58:07.297+0300][115.335s][info ][gc] GC(1750) Concurrent Sweep
[2020-01-29T21:58:07.303+0300][115.342s][info ][gc] GC(1751) Pause Young (Allocation Failure) 192M->192M(247M) 0.047ms
[2020-01-29T21:58:07.365+0300][115.404s][debug][gc] GC(1750) Concurrent active time: 68.422ms
[2020-01-29T21:58:07.365+0300][115.404s][info ][gc] GC(1750) Concurrent Sweep 68.716ms
[2020-01-29T21:58:07.365+0300][115.404s][debug][gc] GC(1752) Concurrent mode failure
[2020-01-29T21:58:07.460+0300][115.498s][info ][gc] GC(1752) Pause Full (Allocation Failure) 192M->70M(247M) 156.072ms
[2020-01-29T21:58:07.532+0300][115.571s][info ][gc] GC(1753) Pause Young (Allocation Failure) 137M->155M(247M) 54.115ms
[2020-01-29T21:58:07.542+0300][115.580s][info ][gc] GC(1754) Pause Initial Mark 174M->174M(247M) 8.843ms
[2020-01-29T21:58:07.542+0300][115.580s][info ][gc] GC(1754) Concurrent Mark
[2020-01-29T21:58:07.545+0300][115.583s][debug][gc] GC(1754) Concurrent active time: 3.037ms
[2020-01-29T21:58:07.545+0300][115.584s][info ][gc] GC(1754) Concurrent Mark 3.093ms
[2020-01-29T21:58:07.545+0300][115.584s][info ][gc] GC(1754) Concurrent Preclean
[2020-01-29T21:58:07.545+0300][115.584s][debug][gc] GC(1754) Concurrent active time: 0.159ms
[2020-01-29T21:58:07.545+0300][115.584s][info ][gc] GC(1754) Concurrent Preclean 0.190ms
[2020-01-29T21:58:07.545+0300][115.584s][info ][gc] GC(1754) Concurrent Abortable Preclean
[2020-01-29T21:58:07.545+0300][115.584s][debug][gc] GC(1754) Concurrent active time: 0.004ms
[2020-01-29T21:58:07.545+0300][115.584s][info ][gc] GC(1754) Concurrent Abortable Preclean 0.031ms
[2020-01-29T21:58:07.545+0300][115.584s][debug][gc] GC(1754) YG occupancy: 57247 K (78656 K)
[2020-01-29T21:58:07.556+0300][115.595s][info ][gc] GC(1754) Pause Remark 202M->202M(247M) 11.056ms
[2020-01-29T21:58:07.556+0300][115.595s][info ][gc] GC(1754) Concurrent Sweep
[2020-01-29T21:58:07.559+0300][115.598s][info ][gc] GC(1755) Pause Young (Allocation Failure) 200M->200M(247M) 0.040ms
[2020-01-29T21:58:07.625+0300][115.664s][debug][gc] GC(1754) Concurrent active time: 68.789ms
[2020-01-29T21:58:07.625+0300][115.664s][info ][gc] GC(1754) Concurrent Sweep 69.022ms
[2020-01-29T21:58:07.626+0300][115.664s][debug][gc] GC(1756) Concurrent mode failure
[2020-01-29T21:58:07.721+0300][115.759s][info ][gc] GC(1756) Pause Full (Allocation Failure) 200M->70M(247M) 161.819ms
[2020-01-29T21:58:07.793+0300][115.831s][info ][gc] GC(1757) Pause Young (Allocation Failure) 137M->155M(247M) 53.209ms
[2020-01-29T21:58:07.803+0300][115.841s][info ][gc] GC(1758) Pause Initial Mark 174M->174M(247M) 8.820ms
[2020-01-29T21:58:07.803+0300][115.841s][info ][gc] GC(1758) Concurrent Mark
[2020-01-29T21:58:07.806+0300][115.844s][debug][gc] GC(1758) Concurrent active time: 3.435ms
[2020-01-29T21:58:07.806+0300][115.844s][info ][gc] GC(1758) Concurrent Mark 3.507ms
[2020-01-29T21:58:07.806+0300][115.844s][info ][gc] GC(1758) Concurrent Preclean
[2020-01-29T21:58:07.806+0300][115.844s][debug][gc] GC(1758) Concurrent active time: 0.195ms
[2020-01-29T21:58:07.806+0300][115.844s][info ][gc] GC(1758) Concurrent Preclean 0.234ms
[2020-01-29T21:58:07.806+0300][115.844s][info ][gc] GC(1758) Concurrent Abortable Preclean
[2020-01-29T21:58:07.806+0300][115.844s][debug][gc] GC(1758) Concurrent active time: 0.005ms
[2020-01-29T21:58:07.806+0300][115.844s][info ][gc] GC(1758) Concurrent Abortable Preclean 0.032ms
[2020-01-29T21:58:07.807+0300][115.845s][debug][gc] GC(1758) YG occupancy: 55915 K (78656 K)
[2020-01-29T21:58:07.820+0300][115.859s][info ][gc] GC(1758) Pause Remark 201M->201M(247M) 14.660ms
[2020-01-29T21:58:07.820+0300][115.859s][info ][gc] GC(1758) Concurrent Sweep
[2020-01-29T21:58:07.823+0300][115.862s][info ][gc] GC(1759) Pause Young (Allocation Failure) 200M->200M(247M) 0.043ms
[2020-01-29T21:58:07.890+0300][115.928s][debug][gc] GC(1758) Concurrent active time: 68.794ms
[2020-01-29T21:58:07.890+0300][115.928s][info ][gc] GC(1758) Concurrent Sweep 69.139ms
[2020-01-29T21:58:07.890+0300][115.928s][debug][gc] GC(1760) Concurrent mode failure
[2020-01-29T21:58:07.985+0300][116.023s][info ][gc] GC(1760) Pause Full (Allocation Failure) 200M->70M(247M) 160.899ms
[2020-01-29T21:58:08.077+0300][116.115s][info ][gc] GC(1761) Pause Young (Allocation Failure) 137M->155M(247M) 72.877ms
[2020-01-29T21:58:08.087+0300][116.125s][info ][gc] GC(1762) Pause Initial Mark 174M->174M(247M) 9.264ms
[2020-01-29T21:58:08.087+0300][116.125s][info ][gc] GC(1762) Concurrent Mark
[2020-01-29T21:58:08.091+0300][116.129s][debug][gc] GC(1762) Concurrent active time: 3.285ms
[2020-01-29T21:58:08.091+0300][116.129s][info ][gc] GC(1762) Concurrent Mark 3.348ms
[2020-01-29T21:58:08.091+0300][116.129s][info ][gc] GC(1762) Concurrent Preclean
[2020-01-29T21:58:08.091+0300][116.129s][debug][gc] GC(1762) Concurrent active time: 0.210ms
[2020-01-29T21:58:08.091+0300][116.129s][info ][gc] GC(1762) Concurrent Preclean 0.252ms
[2020-01-29T21:58:08.091+0300][116.129s][info ][gc] GC(1762) Concurrent Abortable Preclean
[2020-01-29T21:58:08.091+0300][116.129s][debug][gc] GC(1762) Concurrent active time: 0.006ms
[2020-01-29T21:58:08.091+0300][116.129s][info ][gc] GC(1762) Concurrent Abortable Preclean 0.035ms
[2020-01-29T21:58:08.091+0300][116.129s][debug][gc] GC(1762) YG occupancy: 54490 K (78656 K)
[2020-01-29T21:58:08.103+0300][116.141s][info ][gc] GC(1762) Pause Remark 200M->200M(247M) 11.698ms
[2020-01-29T21:58:08.103+0300][116.141s][info ][gc] GC(1762) Concurrent Sweep
[2020-01-29T21:58:08.106+0300][116.144s][info ][gc] GC(1763) Pause Young (Allocation Failure) 199M->199M(247M) 0.045ms
[2020-01-29T21:58:08.172+0300][116.210s][debug][gc] GC(1762) Concurrent active time: 68.581ms
[2020-01-29T21:58:08.172+0300][116.210s][info ][gc] GC(1762) Concurrent Sweep 68.859ms
[2020-01-29T21:58:08.172+0300][116.210s][debug][gc] GC(1764) Concurrent mode failure
[2020-01-29T21:58:08.269+0300][116.308s][info ][gc] GC(1764) Pause Full (Allocation Failure) 199M->70M(247M) 163.237ms
[2020-01-29T21:58:08.350+0300][116.389s][info ][gc] GC(1765) Pause Young (Allocation Failure) 137M->155M(247M) 61.742ms
[2020-01-29T21:58:08.360+0300][116.398s][info ][gc] GC(1766) Pause Initial Mark 174M->174M(247M) 8.919ms
[2020-01-29T21:58:08.360+0300][116.398s][info ][gc] GC(1766) Concurrent Mark
[2020-01-29T21:58:08.363+0300][116.401s][debug][gc] GC(1766) Concurrent active time: 3.078ms
[2020-01-29T21:58:08.363+0300][116.402s][info ][gc] GC(1766) Concurrent Mark 3.143ms
[2020-01-29T21:58:08.363+0300][116.402s][info ][gc] GC(1766) Concurrent Preclean
[2020-01-29T21:58:08.363+0300][116.402s][debug][gc] GC(1766) Concurrent active time: 0.160ms
[2020-01-29T21:58:08.363+0300][116.402s][info ][gc] GC(1766) Concurrent Preclean 0.193ms
[2020-01-29T21:58:08.363+0300][116.402s][info ][gc] GC(1766) Concurrent Abortable Preclean
[2020-01-29T21:58:08.363+0300][116.402s][debug][gc] GC(1766) Concurrent active time: 0.005ms
[2020-01-29T21:58:08.363+0300][116.402s][info ][gc] GC(1766) Concurrent Abortable Preclean 0.032ms
[2020-01-29T21:58:08.363+0300][116.402s][debug][gc] GC(1766) YG occupancy: 57251 K (78656 K)
[2020-01-29T21:58:08.375+0300][116.414s][info ][gc] GC(1766) Pause Remark 202M->202M(247M) 11.890ms
[2020-01-29T21:58:08.375+0300][116.414s][info ][gc] GC(1766) Concurrent Sweep
[2020-01-29T21:58:08.378+0300][116.417s][info ][gc] GC(1767) Pause Young (Allocation Failure) 200M->200M(247M) 0.043ms
[2020-01-29T21:58:08.445+0300][116.484s][debug][gc] GC(1766) Concurrent active time: 69.589ms
[2020-01-29T21:58:08.445+0300][116.484s][info ][gc] GC(1766) Concurrent Sweep 69.852ms
[2020-01-29T21:58:08.445+0300][116.484s][debug][gc] GC(1768) Concurrent mode failure
[2020-01-29T21:58:08.540+0300][116.579s][info ][gc] GC(1768) Pause Full (Allocation Failure) 200M->70M(247M) 162.084ms
[2020-01-29T21:58:08.617+0300][116.655s][info ][gc] GC(1769) Pause Young (Allocation Failure) 137M->155M(247M) 57.900ms
[2020-01-29T21:58:08.627+0300][116.665s][info ][gc] GC(1770) Pause Initial Mark 174M->174M(247M) 9.558ms
[2020-01-29T21:58:08.627+0300][116.665s][info ][gc] GC(1770) Concurrent Mark
[2020-01-29T21:58:08.630+0300][116.669s][debug][gc] GC(1770) Concurrent active time: 3.091ms
[2020-01-29T21:58:08.630+0300][116.669s][info ][gc] GC(1770) Concurrent Mark 3.153ms
[2020-01-29T21:58:08.630+0300][116.669s][info ][gc] GC(1770) Concurrent Preclean
[2020-01-29T21:58:08.631+0300][116.669s][debug][gc] GC(1770) Concurrent active time: 0.163ms
[2020-01-29T21:58:08.631+0300][116.669s][info ][gc] GC(1770) Concurrent Preclean 0.269ms
[2020-01-29T21:58:08.631+0300][116.669s][info ][gc] GC(1770) Concurrent Abortable Preclean
[2020-01-29T21:58:08.631+0300][116.669s][debug][gc] GC(1770) Concurrent active time: 0.005ms
[2020-01-29T21:58:08.631+0300][116.669s][info ][gc] GC(1770) Concurrent Abortable Preclean 0.031ms
[2020-01-29T21:58:08.631+0300][116.669s][debug][gc] GC(1770) YG occupancy: 55870 K (78656 K)
[2020-01-29T21:58:08.642+0300][116.680s][info ][gc] GC(1770) Pause Remark 201M->201M(247M) 11.213ms
[2020-01-29T21:58:08.642+0300][116.680s][info ][gc] GC(1770) Concurrent Sweep
[2020-01-29T21:58:08.645+0300][116.683s][info ][gc] GC(1771) Pause Young (Allocation Failure) 200M->200M(247M) 0.043ms
[2020-01-29T21:58:08.711+0300][116.749s][debug][gc] GC(1770) Concurrent active time: 68.350ms
[2020-01-29T21:58:08.711+0300][116.749s][info ][gc] GC(1770) Concurrent Sweep 68.625ms
[2020-01-29T21:58:08.711+0300][116.749s][debug][gc] GC(1772) Concurrent mode failure
[2020-01-29T21:58:08.805+0300][116.844s][info ][gc] GC(1772) Pause Full (Allocation Failure) 200M->70M(247M) 160.976ms
[2020-01-29T21:58:08.880+0300][116.919s][info ][gc] GC(1773) Pause Young (Allocation Failure) 137M->155M(247M) 55.543ms
[2020-01-29T21:58:08.890+0300][116.929s][info ][gc] GC(1774) Pause Initial Mark 174M->174M(247M) 8.854ms
[2020-01-29T21:58:08.890+0300][116.929s][info ][gc] GC(1774) Concurrent Mark
[2020-01-29T21:58:08.893+0300][116.932s][debug][gc] GC(1774) Concurrent active time: 3.021ms
[2020-01-29T21:58:08.893+0300][116.932s][info ][gc] GC(1774) Concurrent Mark 3.079ms
[2020-01-29T21:58:08.893+0300][116.932s][info ][gc] GC(1774) Concurrent Preclean
[2020-01-29T21:58:08.893+0300][116.932s][debug][gc] GC(1774) Concurrent active time: 0.155ms
[2020-01-29T21:58:08.893+0300][116.932s][info ][gc] GC(1774) Concurrent Preclean 0.187ms
[2020-01-29T21:58:08.893+0300][116.932s][info ][gc] GC(1774) Concurrent Abortable Preclean
[2020-01-29T21:58:08.893+0300][116.932s][debug][gc] GC(1774) Concurrent active time: 0.004ms
[2020-01-29T21:58:08.893+0300][116.932s][info ][gc] GC(1774) Concurrent Abortable Preclean 0.031ms
[2020-01-29T21:58:08.894+0300][116.932s][debug][gc] GC(1774) YG occupancy: 57228 K (78656 K)
[2020-01-29T21:58:08.905+0300][116.943s][info ][gc] GC(1774) Pause Remark 202M->202M(247M) 11.111ms
[2020-01-29T21:58:08.905+0300][116.943s][info ][gc] GC(1774) Concurrent Sweep
[2020-01-29T21:58:08.907+0300][116.946s][info ][gc] GC(1775) Pause Young (Allocation Failure) 200M->200M(247M) 0.041ms
[2020-01-29T21:58:08.975+0300][117.013s][debug][gc] GC(1774) Concurrent active time: 69.408ms
[2020-01-29T21:58:08.975+0300][117.013s][info ][gc] GC(1774) Concurrent Sweep 69.754ms
[2020-01-29T21:58:08.975+0300][117.013s][debug][gc] GC(1776) Concurrent mode failure
[2020-01-29T21:58:09.070+0300][117.108s][info ][gc] GC(1776) Pause Full (Allocation Failure) 200M->70M(247M) 162.007ms
[2020-01-29T21:58:09.143+0300][117.182s][info ][gc] GC(1777) Pause Young (Allocation Failure) 137M->155M(247M) 55.220ms
[2020-01-29T21:58:09.153+0300][117.192s][info ][gc] GC(1778) Pause Initial Mark 174M->174M(247M) 8.840ms
[2020-01-29T21:58:09.153+0300][117.192s][info ][gc] GC(1778) Concurrent Mark
[2020-01-29T21:58:09.156+0300][117.195s][debug][gc] GC(1778) Concurrent active time: 3.035ms
[2020-01-29T21:58:09.156+0300][117.195s][info ][gc] GC(1778) Concurrent Mark 3.091ms
[2020-01-29T21:58:09.156+0300][117.195s][info ][gc] GC(1778) Concurrent Preclean
[2020-01-29T21:58:09.156+0300][117.195s][debug][gc] GC(1778) Concurrent active time: 0.157ms
[2020-01-29T21:58:09.156+0300][117.195s][info ][gc] GC(1778) Concurrent Preclean 0.189ms
[2020-01-29T21:58:09.156+0300][117.195s][info ][gc] GC(1778) Concurrent Abortable Preclean
[2020-01-29T21:58:09.156+0300][117.195s][debug][gc] GC(1778) Concurrent active time: 0.004ms
[2020-01-29T21:58:09.156+0300][117.195s][info ][gc] GC(1778) Concurrent Abortable Preclean 0.032ms
[2020-01-29T21:58:09.156+0300][117.195s][debug][gc] GC(1778) YG occupancy: 57241 K (78656 K)
[2020-01-29T21:58:09.167+0300][117.206s][info ][gc] GC(1778) Pause Remark 202M->202M(247M) 11.086ms
[2020-01-29T21:58:09.167+0300][117.206s][info ][gc] GC(1778) Concurrent Sweep
[2020-01-29T21:58:09.170+0300][117.209s][info ][gc] GC(1779) Pause Young (Allocation Failure) 200M->200M(247M) 0.045ms
[2020-01-29T21:58:09.237+0300][117.275s][debug][gc] GC(1778) Concurrent active time: 68.883ms
[2020-01-29T21:58:09.237+0300][117.275s][info ][gc] GC(1778) Concurrent Sweep 69.164ms
[2020-01-29T21:58:09.237+0300][117.275s][debug][gc] GC(1780) Concurrent mode failure
[2020-01-29T21:58:09.332+0300][117.370s][info ][gc] GC(1780) Pause Full (Allocation Failure) 200M->70M(247M) 161.218ms
[2020-01-29T21:58:09.407+0300][117.446s][info ][gc] GC(1781) Pause Young (Allocation Failure) 137M->155M(247M) 57.719ms
[2020-01-29T21:58:09.417+0300][117.456s][info ][gc] GC(1782) Pause Initial Mark 174M->174M(247M) 8.835ms
[2020-01-29T21:58:09.417+0300][117.456s][info ][gc] GC(1782) Concurrent Mark
[2020-01-29T21:58:09.420+0300][117.459s][debug][gc] GC(1782) Concurrent active time: 3.086ms
[2020-01-29T21:58:09.420+0300][117.459s][info ][gc] GC(1782) Concurrent Mark 3.148ms
[2020-01-29T21:58:09.420+0300][117.459s][info ][gc] GC(1782) Concurrent Preclean
[2020-01-29T21:58:09.421+0300][117.459s][debug][gc] GC(1782) Concurrent active time: 0.163ms
[2020-01-29T21:58:09.421+0300][117.459s][info ][gc] GC(1782) Concurrent Preclean 0.198ms
[2020-01-29T21:58:09.421+0300][117.459s][info ][gc] GC(1782) Concurrent Abortable Preclean
[2020-01-29T21:58:09.421+0300][117.459s][debug][gc] GC(1782) Concurrent active time: 0.004ms
[2020-01-29T21:58:09.421+0300][117.459s][info ][gc] GC(1782) Concurrent Abortable Preclean 0.031ms
[2020-01-29T21:58:09.421+0300][117.459s][debug][gc] GC(1782) YG occupancy: 55866 K (78656 K)
[2020-01-29T21:58:09.432+0300][117.471s][info ][gc] GC(1782) Pause Remark 201M->201M(247M) 11.187ms
[2020-01-29T21:58:09.432+0300][117.471s][info ][gc] GC(1782) Concurrent Sweep
[2020-01-29T21:58:09.435+0300][117.473s][info ][gc] GC(1783) Pause Young (Allocation Failure) 200M->200M(247M) 0.041ms
[2020-01-29T21:58:09.502+0300][117.540s][debug][gc] GC(1782) Concurrent active time: 69.435ms
[2020-01-29T21:58:09.502+0300][117.540s][info ][gc] GC(1782) Concurrent Sweep 69.680ms
[2020-01-29T21:58:09.502+0300][117.540s][debug][gc] GC(1784) Concurrent mode failure
[2020-01-29T21:58:09.597+0300][117.636s][info ][gc] GC(1784) Pause Full (Allocation Failure) 200M->70M(247M) 162.227ms
[2020-01-29T21:58:09.676+0300][117.714s][info ][gc] GC(1785) Pause Young (Allocation Failure) 137M->155M(247M) 59.370ms
[2020-01-29T21:58:09.686+0300][117.724s][info ][gc] GC(1786) Pause Initial Mark 174M->174M(247M) 9.154ms
[2020-01-29T21:58:09.688+0300][117.726s][info ][gc] GC(1786) Concurrent Mark
[2020-01-29T21:58:09.691+0300][117.729s][debug][gc] GC(1786) Concurrent active time: 3.094ms
[2020-01-29T21:58:09.691+0300][117.729s][info ][gc] GC(1786) Concurrent Mark 3.173ms
[2020-01-29T21:58:09.691+0300][117.729s][info ][gc] GC(1786) Concurrent Preclean
[2020-01-29T21:58:09.691+0300][117.729s][debug][gc] GC(1786) Concurrent active time: 0.167ms
[2020-01-29T21:58:09.691+0300][117.729s][info ][gc] GC(1786) Concurrent Preclean 0.198ms
[2020-01-29T21:58:09.691+0300][117.729s][info ][gc] GC(1786) Concurrent Abortable Preclean
[2020-01-29T21:58:09.691+0300][117.729s][debug][gc] GC(1786) Concurrent active time: 0.005ms
[2020-01-29T21:58:09.691+0300][117.729s][info ][gc] GC(1786) Concurrent Abortable Preclean 0.031ms
[2020-01-29T21:58:09.691+0300][117.729s][debug][gc] GC(1786) YG occupancy: 64150 K (78656 K)
[2020-01-29T21:58:09.705+0300][117.744s][info ][gc] GC(1786) Pause Remark 209M->209M(247M) 15.049ms
[2020-01-29T21:58:09.705+0300][117.744s][info ][gc] GC(1786) Concurrent Sweep
[2020-01-29T21:58:09.707+0300][117.746s][info ][gc] GC(1787) Pause Young (Allocation Failure) 202M->202M(247M) 0.044ms
[2020-01-29T21:58:09.776+0300][117.815s][debug][gc] GC(1786) Concurrent active time: 70.724ms
[2020-01-29T21:58:09.776+0300][117.815s][info ][gc] GC(1786) Concurrent Sweep 71.000ms
[2020-01-29T21:58:09.776+0300][117.815s][debug][gc] GC(1788) Concurrent mode failure
[2020-01-29T21:58:09.872+0300][117.911s][info ][gc] GC(1788) Pause Full (Allocation Failure) 202M->70M(247M) 164.566ms
[2020-01-29T21:58:09.948+0300][117.986s][info ][gc] GC(1789) Pause Young (Allocation Failure) 137M->155M(247M) 56.451ms
[2020-01-29T21:58:09.958+0300][117.996s][info ][gc] GC(1790) Pause Initial Mark 174M->174M(247M) 8.837ms
[2020-01-29T21:58:09.958+0300][117.996s][info ][gc] GC(1790) Concurrent Mark
[2020-01-29T21:58:09.961+0300][117.999s][debug][gc] GC(1790) Concurrent active time: 3.034ms
[2020-01-29T21:58:09.961+0300][117.999s][info ][gc] GC(1790) Concurrent Mark 3.093ms
[2020-01-29T21:58:09.961+0300][117.999s][info ][gc] GC(1790) Concurrent Preclean
[2020-01-29T21:58:09.961+0300][118.000s][debug][gc] GC(1790) Concurrent active time: 0.156ms
[2020-01-29T21:58:09.961+0300][118.000s][info ][gc] GC(1790) Concurrent Preclean 0.188ms
[2020-01-29T21:58:09.961+0300][118.000s][info ][gc] GC(1790) Concurrent Abortable Preclean
[2020-01-29T21:58:09.961+0300][118.000s][debug][gc] GC(1790) Concurrent active time: 0.004ms
[2020-01-29T21:58:09.961+0300][118.000s][info ][gc] GC(1790) Concurrent Abortable Preclean 0.031ms
[2020-01-29T21:58:09.961+0300][118.000s][debug][gc] GC(1790) YG occupancy: 57230 K (78656 K)
[2020-01-29T21:58:09.973+0300][118.011s][info ][gc] GC(1790) Pause Remark 202M->202M(247M) 11.127ms
[2020-01-29T21:58:09.973+0300][118.011s][info ][gc] GC(1790) Concurrent Sweep
[2020-01-29T21:58:09.975+0300][118.014s][info ][gc] GC(1791) Pause Young (Allocation Failure) 200M->200M(247M) 0.042ms
[2020-01-29T21:58:10.042+0300][118.080s][debug][gc] GC(1790) Concurrent active time: 69.315ms
[2020-01-29T21:58:10.042+0300][118.080s][info ][gc] GC(1790) Concurrent Sweep 69.567ms
[2020-01-29T21:58:10.042+0300][118.080s][debug][gc] GC(1792) Concurrent mode failure
[2020-01-29T21:58:10.138+0300][118.177s][info ][gc] GC(1792) Pause Full (Allocation Failure) 200M->70M(247M) 163.108ms
[2020-01-29T21:58:10.209+0300][118.248s][info ][gc] GC(1793) Pause Young (Allocation Failure) 137M->155M(247M) 52.550ms
[2020-01-29T21:58:10.219+0300][118.258s][info ][gc] GC(1794) Pause Initial Mark 174M->174M(247M) 8.835ms
[2020-01-29T21:58:10.219+0300][118.258s][info ][gc] GC(1794) Concurrent Mark
[2020-01-29T21:58:10.222+0300][118.261s][debug][gc] GC(1794) Concurrent active time: 3.071ms
[2020-01-29T21:58:10.222+0300][118.261s][info ][gc] GC(1794) Concurrent Mark 3.134ms
[2020-01-29T21:58:10.222+0300][118.261s][info ][gc] GC(1794) Concurrent Preclean
[2020-01-29T21:58:10.222+0300][118.261s][debug][gc] GC(1794) Concurrent active time: 0.161ms
[2020-01-29T21:58:10.222+0300][118.261s][info ][gc] GC(1794) Concurrent Preclean 0.192ms
[2020-01-29T21:58:10.222+0300][118.261s][info ][gc] GC(1794) Concurrent Abortable Preclean
[2020-01-29T21:58:10.222+0300][118.261s][debug][gc] GC(1794) Concurrent active time: 0.004ms
[2020-01-29T21:58:10.222+0300][118.261s][info ][gc] GC(1794) Concurrent Abortable Preclean 0.031ms
[2020-01-29T21:58:10.222+0300][118.261s][debug][gc] GC(1794) YG occupancy: 57242 K (78656 K)
[2020-01-29T21:58:10.234+0300][118.272s][info ][gc] GC(1794) Pause Remark 202M->202M(247M) 11.029ms
[2020-01-29T21:58:10.234+0300][118.272s][info ][gc] GC(1794) Concurrent Sweep
[2020-01-29T21:58:10.236+0300][118.275s][info ][gc] GC(1795) Pause Young (Allocation Failure) 200M->200M(247M) 0.041ms
[2020-01-29T21:58:10.302+0300][118.341s][debug][gc] GC(1794) Concurrent active time: 68.729ms
[2020-01-29T21:58:10.302+0300][118.341s][info ][gc] GC(1794) Concurrent Sweep 68.974ms
[2020-01-29T21:58:10.302+0300][118.341s][debug][gc] GC(1796) Concurrent mode failure
[2020-01-29T21:58:10.398+0300][118.437s][info ][gc] GC(1796) Pause Full (Allocation Failure) 200M->70M(247M) 161.702ms
[2020-01-29T21:58:10.469+0300][118.508s][info ][gc] GC(1797) Pause Young (Allocation Failure) 137M->155M(247M) 53.685ms
[2020-01-29T21:58:10.479+0300][118.518s][info ][gc] GC(1798) Pause Initial Mark 174M->174M(247M) 8.846ms
[2020-01-29T21:58:10.479+0300][118.518s][info ][gc] GC(1798) Concurrent Mark
[2020-01-29T21:58:10.482+0300][118.521s][debug][gc] GC(1798) Concurrent active time: 3.037ms
[2020-01-29T21:58:10.482+0300][118.521s][info ][gc] GC(1798) Concurrent Mark 3.099ms
[2020-01-29T21:58:10.482+0300][118.521s][info ][gc] GC(1798) Concurrent Preclean
[2020-01-29T21:58:10.482+0300][118.521s][debug][gc] GC(1798) Concurrent active time: 0.159ms
[2020-01-29T21:58:10.482+0300][118.521s][info ][gc] GC(1798) Concurrent Preclean 0.191ms
[2020-01-29T21:58:10.482+0300][118.521s][info ][gc] GC(1798) Concurrent Abortable Preclean
[2020-01-29T21:58:10.482+0300][118.521s][debug][gc] GC(1798) Concurrent active time: 0.004ms
[2020-01-29T21:58:10.483+0300][118.521s][info ][gc] GC(1798) Concurrent Abortable Preclean 0.032ms
[2020-01-29T21:58:10.483+0300][118.521s][debug][gc] GC(1798) YG occupancy: 57247 K (78656 K)
[2020-01-29T21:58:10.494+0300][118.533s][info ][gc] GC(1798) Pause Remark 202M->202M(247M) 11.036ms
[2020-01-29T21:58:10.494+0300][118.533s][info ][gc] GC(1798) Concurrent Sweep
[2020-01-29T21:58:10.496+0300][118.535s][info ][gc] GC(1799) Pause Young (Allocation Failure) 200M->200M(247M) 0.042ms
[2020-01-29T21:58:10.564+0300][118.603s][debug][gc] GC(1798) Concurrent active time: 70.320ms
[2020-01-29T21:58:10.564+0300][118.603s][info ][gc] GC(1798) Concurrent Sweep 70.578ms
[2020-01-29T21:58:10.564+0300][118.603s][debug][gc] GC(1800) Concurrent mode failure
[2020-01-29T21:58:10.659+0300][118.698s][info ][gc] GC(1800) Pause Full (Allocation Failure) 200M->70M(247M) 162.142ms
[2020-01-29T21:58:10.735+0300][118.774s][info ][gc] GC(1801) Pause Young (Allocation Failure) 137M->155M(247M) 57.648ms
[2020-01-29T21:58:10.745+0300][118.783s][info ][gc] GC(1802) Pause Initial Mark 174M->174M(247M) 8.826ms
[2020-01-29T21:58:10.745+0300][118.783s][info ][gc] GC(1802) Concurrent Mark
[2020-01-29T21:58:10.748+0300][118.786s][debug][gc] GC(1802) Concurrent active time: 3.046ms
[2020-01-29T21:58:10.748+0300][118.786s][info ][gc] GC(1802) Concurrent Mark 3.104ms
[2020-01-29T21:58:10.748+0300][118.786s][info ][gc] GC(1802) Concurrent Preclean
[2020-01-29T21:58:10.748+0300][118.787s][debug][gc] GC(1802) Concurrent active time: 0.158ms
[2020-01-29T21:58:10.748+0300][118.787s][info ][gc] GC(1802) Concurrent Preclean 0.190ms
[2020-01-29T21:58:10.748+0300][118.787s][info ][gc] GC(1802) Concurrent Abortable Preclean
[2020-01-29T21:58:10.748+0300][118.787s][debug][gc] GC(1802) Concurrent active time: 0.004ms
[2020-01-29T21:58:10.748+0300][118.787s][info ][gc] GC(1802) Concurrent Abortable Preclean 0.031ms
[2020-01-29T21:58:10.749+0300][118.787s][debug][gc] GC(1802) YG occupancy: 57249 K (78656 K)
[2020-01-29T21:58:10.760+0300][118.798s][info ][gc] GC(1802) Pause Remark 202M->202M(247M) 11.037ms
[2020-01-29T21:58:10.760+0300][118.798s][info ][gc] GC(1802) Concurrent Sweep
[2020-01-29T21:58:10.762+0300][118.801s][info ][gc] GC(1803) Pause Young (Allocation Failure) 200M->200M(247M) 0.041ms
[2020-01-29T21:58:10.829+0300][118.867s][debug][gc] GC(1802) Concurrent active time: 69.069ms
[2020-01-29T21:58:10.829+0300][118.867s][info ][gc] GC(1802) Concurrent Sweep 69.314ms
[2020-01-29T21:58:10.829+0300][118.867s][debug][gc] GC(1804) Concurrent mode failure
[2020-01-29T21:58:10.923+0300][118.962s][info ][gc] GC(1804) Pause Full (Allocation Failure) 200M->70M(247M) 161.362ms
[2020-01-29T21:58:10.997+0300][119.035s][info ][gc] GC(1805) Pause Young (Allocation Failure) 137M->155M(247M) 53.881ms
[2020-01-29T21:58:11.007+0300][119.045s][info ][gc] GC(1806) Pause Initial Mark 174M->174M(247M) 9.005ms
[2020-01-29T21:58:11.007+0300][119.045s][info ][gc] GC(1806) Concurrent Mark
[2020-01-29T21:58:11.010+0300][119.048s][debug][gc] GC(1806) Concurrent active time: 3.028ms
[2020-01-29T21:58:11.010+0300][119.048s][info ][gc] GC(1806) Concurrent Mark 3.081ms
[2020-01-29T21:58:11.010+0300][119.048s][info ][gc] GC(1806) Concurrent Preclean
[2020-01-29T21:58:11.010+0300][119.048s][debug][gc] GC(1806) Concurrent active time: 0.157ms
[2020-01-29T21:58:11.010+0300][119.048s][info ][gc] GC(1806) Concurrent Preclean 0.194ms
[2020-01-29T21:58:11.010+0300][119.048s][info ][gc] GC(1806) Concurrent Abortable Preclean
[2020-01-29T21:58:11.010+0300][119.048s][debug][gc] GC(1806) Concurrent active time: 0.004ms
[2020-01-29T21:58:11.010+0300][119.048s][info ][gc] GC(1806) Concurrent Abortable Preclean 0.030ms
[2020-01-29T21:58:11.010+0300][119.049s][debug][gc] GC(1806) YG occupancy: 57229 K (78656 K)
[2020-01-29T21:58:11.022+0300][119.060s][info ][gc] GC(1806) Pause Remark 202M->202M(247M) 11.442ms
[2020-01-29T21:58:11.022+0300][119.060s][info ][gc] GC(1806) Concurrent Sweep
[2020-01-29T21:58:11.024+0300][119.063s][info ][gc] GC(1807) Pause Young (Allocation Failure) 200M->200M(247M) 0.041ms
[2020-01-29T21:58:11.091+0300][119.129s][debug][gc] GC(1806) Concurrent active time: 69.240ms
[2020-01-29T21:58:11.091+0300][119.130s][info ][gc] GC(1806) Concurrent Sweep 69.484ms
[2020-01-29T21:58:11.091+0300][119.130s][debug][gc] GC(1808) Concurrent mode failure
[2020-01-29T21:58:11.189+0300][119.228s][info ][gc] GC(1808) Pause Full (Allocation Failure) 200M->70M(247M) 165.224ms
[2020-01-29T21:58:11.262+0300][119.301s][info ][gc] GC(1809) Pause Young (Allocation Failure) 137M->155M(247M) 55.182ms
[2020-01-29T21:58:11.272+0300][119.311s][info ][gc] GC(1810) Pause Initial Mark 174M->174M(247M) 8.837ms
[2020-01-29T21:58:11.272+0300][119.311s][info ][gc] GC(1810) Concurrent Mark
[2020-01-29T21:58:11.275+0300][119.314s][debug][gc] GC(1810) Concurrent active time: 3.071ms
[2020-01-29T21:58:11.275+0300][119.314s][info ][gc] GC(1810) Concurrent Mark 3.129ms
[2020-01-29T21:58:11.275+0300][119.314s][info ][gc] GC(1810) Concurrent Preclean
[2020-01-29T21:58:11.275+0300][119.314s][debug][gc] GC(1810) Concurrent active time: 0.160ms
[2020-01-29T21:58:11.275+0300][119.314s][info ][gc] GC(1810) Concurrent Preclean 0.192ms
[2020-01-29T21:58:11.275+0300][119.314s][info ][gc] GC(1810) Concurrent Abortable Preclean
[2020-01-29T21:58:11.275+0300][119.314s][debug][gc] GC(1810) Concurrent active time: 0.004ms
[2020-01-29T21:58:11.275+0300][119.314s][info ][gc] GC(1810) Concurrent Abortable Preclean 0.031ms
[2020-01-29T21:58:11.276+0300][119.314s][debug][gc] GC(1810) YG occupancy: 57241 K (78656 K)
[2020-01-29T21:58:11.287+0300][119.325s][info ][gc] GC(1810) Pause Remark 202M->202M(247M) 11.095ms
[2020-01-29T21:58:11.287+0300][119.326s][info ][gc] GC(1810) Concurrent Sweep
[2020-01-29T21:58:11.289+0300][119.328s][info ][gc] GC(1811) Pause Young (Allocation Failure) 200M->200M(247M) 0.043ms
[2020-01-29T21:58:11.356+0300][119.394s][debug][gc] GC(1810) Concurrent active time: 68.701ms
[2020-01-29T21:58:11.356+0300][119.394s][info ][gc] GC(1810) Concurrent Sweep 68.951ms
[2020-01-29T21:58:11.356+0300][119.394s][debug][gc] GC(1812) Concurrent mode failure
[2020-01-29T21:58:11.451+0300][119.490s][info ][gc] GC(1812) Pause Full (Allocation Failure) 200M->70M(247M) 161.436ms
[2020-01-29T21:58:11.527+0300][119.565s][info ][gc] GC(1813) Pause Young (Allocation Failure) 137M->155M(247M) 56.899ms
[2020-01-29T21:58:11.536+0300][119.574s][info ][gc] GC(1814) Pause Initial Mark 174M->174M(247M) 8.819ms
[2020-01-29T21:58:11.536+0300][119.574s][info ][gc] GC(1814) Concurrent Mark
[2020-01-29T21:58:11.539+0300][119.578s][debug][gc] GC(1814) Concurrent active time: 3.095ms
[2020-01-29T21:58:11.539+0300][119.578s][info ][gc] GC(1814) Concurrent Mark 3.154ms
[2020-01-29T21:58:11.539+0300][119.578s][info ][gc] GC(1814) Concurrent Preclean
[2020-01-29T21:58:11.540+0300][119.578s][debug][gc] GC(1814) Concurrent active time: 0.172ms
[2020-01-29T21:58:11.540+0300][119.578s][info ][gc] GC(1814) Concurrent Preclean 0.204ms
[2020-01-29T21:58:11.540+0300][119.578s][info ][gc] GC(1814) Concurrent Abortable Preclean
[2020-01-29T21:58:11.540+0300][119.578s][debug][gc] GC(1814) Concurrent active time: 0.004ms
[2020-01-29T21:58:11.540+0300][119.578s][info ][gc] GC(1814) Concurrent Abortable Preclean 0.030ms
[2020-01-29T21:58:11.540+0300][119.578s][debug][gc] GC(1814) YG occupancy: 57246 K (78656 K)
[2020-01-29T21:58:11.551+0300][119.589s][info ][gc] GC(1814) Pause Remark 202M->202M(247M) 11.046ms
[2020-01-29T21:58:11.551+0300][119.589s][info ][gc] GC(1814) Concurrent Sweep
[2020-01-29T21:58:11.554+0300][119.592s][info ][gc] GC(1815) Pause Young (Allocation Failure) 200M->200M(247M) 0.043ms
[2020-01-29T21:58:11.620+0300][119.659s][debug][gc] GC(1814) Concurrent active time: 69.553ms
[2020-01-29T21:58:11.620+0300][119.659s][info ][gc] GC(1814) Concurrent Sweep 69.816ms
[2020-01-29T21:58:11.620+0300][119.659s][debug][gc] GC(1816) Concurrent mode failure
[2020-01-29T21:58:11.715+0300][119.753s][info ][gc] GC(1816) Pause Full (Allocation Failure) 200M->70M(247M) 161.675ms
[2020-01-29T21:58:11.788+0300][119.827s][info ][gc] GC(1817) Pause Young (Allocation Failure) 137M->155M(247M) 54.717ms
[2020-01-29T21:58:11.798+0300][119.836s][info ][gc] GC(1818) Pause Initial Mark 174M->174M(247M) 8.824ms
[2020-01-29T21:58:11.798+0300][119.836s][info ][gc] GC(1818) Concurrent Mark
[2020-01-29T21:58:11.802+0300][119.840s][debug][gc] GC(1818) Concurrent active time: 3.288ms
[2020-01-29T21:58:11.802+0300][119.840s][info ][gc] GC(1818) Concurrent Mark 3.681ms
[2020-01-29T21:58:11.802+0300][119.840s][info ][gc] GC(1818) Concurrent Preclean
[2020-01-29T21:58:11.802+0300][119.840s][debug][gc] GC(1818) Concurrent active time: 0.189ms
[2020-01-29T21:58:11.802+0300][119.840s][info ][gc] GC(1818) Concurrent Preclean 0.227ms
[2020-01-29T21:58:11.802+0300][119.840s][info ][gc] GC(1818) Concurrent Abortable Preclean
[2020-01-29T21:58:11.802+0300][119.840s][debug][gc] GC(1818) Concurrent active time: 0.006ms
[2020-01-29T21:58:11.802+0300][119.840s][info ][gc] GC(1818) Concurrent Abortable Preclean 0.033ms
[2020-01-29T21:58:11.802+0300][119.841s][debug][gc] GC(1818) YG occupancy: 51862 K (78656 K)
[2020-01-29T21:58:11.813+0300][119.851s][info ][gc] GC(1818) Pause Remark 197M->197M(247M) 10.928ms
[2020-01-29T21:58:11.813+0300][119.852s][info ][gc] GC(1818) Concurrent Sweep
[2020-01-29T21:58:11.817+0300][119.856s][info ][gc] GC(1819) Pause Young (Allocation Failure) 197M->197M(247M) 0.045ms
[2020-01-29T21:58:11.882+0300][119.920s][debug][gc] GC(1818) Concurrent active time: 68.426ms
[2020-01-29T21:58:11.882+0300][119.920s][info ][gc] GC(1818) Concurrent Sweep 68.700ms
[2020-01-29T21:58:11.882+0300][119.920s][debug][gc] GC(1820) Concurrent mode failure
[2020-01-29T21:58:11.976+0300][120.015s][info ][gc] GC(1820) Pause Full (Allocation Failure) 197M->70M(247M) 159.404ms
[2020-01-29T21:58:12.048+0300][120.087s][info ][gc] GC(1821) Pause Young (Allocation Failure) 137M->155M(247M) 53.321ms
[2020-01-29T21:58:12.058+0300][120.096s][info ][gc] GC(1822) Pause Initial Mark 174M->174M(247M) 8.819ms
[2020-01-29T21:58:12.058+0300][120.096s][info ][gc] GC(1822) Concurrent Mark
[2020-01-29T21:58:12.061+0300][120.099s][debug][gc] GC(1822) Concurrent active time: 3.012ms
[2020-01-29T21:58:12.061+0300][120.099s][info ][gc] GC(1822) Concurrent Mark 3.069ms
[2020-01-29T21:58:12.061+0300][120.100s][info ][gc] GC(1822) Concurrent Preclean
[2020-01-29T21:58:12.061+0300][120.100s][debug][gc] GC(1822) Concurrent active time: 0.155ms
[2020-01-29T21:58:12.061+0300][120.100s][info ][gc] GC(1822) Concurrent Preclean 0.186ms
[2020-01-29T21:58:12.061+0300][120.100s][info ][gc] GC(1822) Concurrent Abortable Preclean
[2020-01-29T21:58:12.061+0300][120.100s][debug][gc] GC(1822) Concurrent active time: 0.004ms
[2020-01-29T21:58:12.062+0300][120.100s][info ][gc] GC(1822) Concurrent Abortable Preclean 0.032ms
[2020-01-29T21:58:12.062+0300][120.100s][debug][gc] GC(1822) YG occupancy: 57249 K (78656 K)
[2020-01-29T21:58:12.073+0300][120.111s][info ][gc] GC(1822) Pause Remark 202M->202M(247M) 11.162ms
[2020-01-29T21:58:12.073+0300][120.111s][info ][gc] GC(1822) Concurrent Sweep
[2020-01-29T21:58:12.075+0300][120.114s][info ][gc] GC(1823) Pause Young (Allocation Failure) 201M->201M(247M) 0.041ms
[2020-01-29T21:58:12.142+0300][120.180s][debug][gc] GC(1822) Concurrent active time: 69.246ms
[2020-01-29T21:58:12.142+0300][120.181s][info ][gc] GC(1822) Concurrent Sweep 69.490ms
[2020-01-29T21:58:12.143+0300][120.181s][debug][gc] GC(1824) Concurrent mode failure
[2020-01-29T21:58:12.237+0300][120.276s][info ][gc] GC(1824) Pause Full (Allocation Failure) 201M->70M(247M) 162.345ms
[2020-01-29T21:58:12.309+0300][120.347s][info ][gc] GC(1825) Pause Young (Allocation Failure) 137M->155M(247M) 52.819ms
[2020-01-29T21:58:12.318+0300][120.357s][info ][gc] GC(1826) Pause Initial Mark 174M->174M(247M) 8.829ms
[2020-01-29T21:58:12.318+0300][120.357s][info ][gc] GC(1826) Concurrent Mark
[2020-01-29T21:58:12.321+0300][120.360s][debug][gc] GC(1826) Concurrent active time: 3.035ms
[2020-01-29T21:58:12.321+0300][120.360s][info ][gc] GC(1826) Concurrent Mark 3.094ms
[2020-01-29T21:58:12.321+0300][120.360s][info ][gc] GC(1826) Concurrent Preclean
[2020-01-29T21:58:12.322+0300][120.360s][debug][gc] GC(1826) Concurrent active time: 0.158ms
[2020-01-29T21:58:12.322+0300][120.360s][info ][gc] GC(1826) Concurrent Preclean 0.192ms
[2020-01-29T21:58:12.322+0300][120.360s][info ][gc] GC(1826) Concurrent Abortable Preclean
[2020-01-29T21:58:12.322+0300][120.360s][debug][gc] GC(1826) Concurrent active time: 0.004ms
[2020-01-29T21:58:12.322+0300][120.360s][info ][gc] GC(1826) Concurrent Abortable Preclean 0.031ms
[2020-01-29T21:58:12.322+0300][120.360s][debug][gc] GC(1826) YG occupancy: 57249 K (78656 K)
[2020-01-29T21:58:12.333+0300][120.371s][info ][gc] GC(1826) Pause Remark 202M->202M(247M) 11.033ms
[2020-01-29T21:58:12.333+0300][120.371s][info ][gc] GC(1826) Concurrent Sweep
[2020-01-29T21:58:12.335+0300][120.374s][info ][gc] GC(1827) Pause Young (Allocation Failure) 200M->200M(247M) 0.041ms
[2020-01-29T21:58:12.402+0300][120.440s][debug][gc] GC(1826) Concurrent active time: 68.768ms
[2020-01-29T21:58:12.402+0300][120.440s][info ][gc] GC(1826) Concurrent Sweep 69.018ms
[2020-01-29T21:58:12.402+0300][120.440s][debug][gc] GC(1828) Concurrent mode failure
[2020-01-29T21:58:12.497+0300][120.535s][info ][gc] GC(1828) Pause Full (Allocation Failure) 200M->70M(247M) 160.850ms
[2020-01-29T21:58:12.569+0300][120.608s][info ][gc] GC(1829) Pause Young (Allocation Failure) 137M->155M(247M) 54.365ms
[2020-01-29T21:58:12.579+0300][120.618s][info ][gc] GC(1830) Pause Initial Mark 174M->174M(247M) 8.856ms
[2020-01-29T21:58:12.579+0300][120.618s][info ][gc] GC(1830) Concurrent Mark
[2020-01-29T21:58:12.582+0300][120.621s][debug][gc] GC(1830) Concurrent active time: 3.087ms
[2020-01-29T21:58:12.582+0300][120.621s][info ][gc] GC(1830) Concurrent Mark 3.152ms
[2020-01-29T21:58:12.582+0300][120.621s][info ][gc] GC(1830) Concurrent Preclean
[2020-01-29T21:58:12.582+0300][120.621s][debug][gc] GC(1830) Concurrent active time: 0.163ms
[2020-01-29T21:58:12.582+0300][120.621s][info ][gc] GC(1830) Concurrent Preclean 0.197ms
[2020-01-29T21:58:12.582+0300][120.621s][info ][gc] GC(1830) Concurrent Abortable Preclean
[2020-01-29T21:58:12.582+0300][120.621s][debug][gc] GC(1830) Concurrent active time: 0.004ms
[2020-01-29T21:58:12.582+0300][120.621s][info ][gc] GC(1830) Concurrent Abortable Preclean 0.031ms
[2020-01-29T21:58:12.582+0300][120.621s][debug][gc] GC(1830) YG occupancy: 57251 K (78656 K)
[2020-01-29T21:58:12.594+0300][120.633s][info ][gc] GC(1830) Pause Remark 202M->202M(247M) 11.518ms
[2020-01-29T21:58:12.594+0300][120.633s][info ][gc] GC(1830) Concurrent Sweep
[2020-01-29T21:58:12.597+0300][120.636s][info ][gc] GC(1831) Pause Young (Allocation Failure) 200M->200M(247M) 0.042ms
[2020-01-29T21:58:12.663+0300][120.701s][debug][gc] GC(1830) Concurrent active time: 68.385ms
[2020-01-29T21:58:12.663+0300][120.702s][info ][gc] GC(1830) Concurrent Sweep 68.627ms
[2020-01-29T21:58:12.663+0300][120.702s][debug][gc] GC(1832) Concurrent mode failure
[2020-01-29T21:58:12.758+0300][120.797s][info ][gc] GC(1832) Pause Full (Allocation Failure) 200M->70M(247M) 161.145ms
[2020-01-29T21:58:12.832+0300][120.871s][info ][gc] GC(1833) Pause Young (Allocation Failure) 137M->155M(247M) 55.686ms
[2020-01-29T21:58:12.842+0300][120.880s][info ][gc] GC(1834) Pause Initial Mark 174M->174M(247M) 8.819ms
[2020-01-29T21:58:12.842+0300][120.880s][info ][gc] GC(1834) Concurrent Mark
[2020-01-29T21:58:12.846+0300][120.884s][debug][gc] GC(1834) Concurrent active time: 3.395ms
[2020-01-29T21:58:12.846+0300][120.884s][info ][gc] GC(1834) Concurrent Mark 3.549ms
[2020-01-29T21:58:12.846+0300][120.884s][info ][gc] GC(1834) Concurrent Preclean
[2020-01-29T21:58:12.846+0300][120.884s][debug][gc] GC(1834) Concurrent active time: 0.203ms
[2020-01-29T21:58:12.846+0300][120.884s][info ][gc] GC(1834) Concurrent Preclean 0.237ms
[2020-01-29T21:58:12.846+0300][120.884s][info ][gc] GC(1834) Concurrent Abortable Preclean
[2020-01-29T21:58:12.846+0300][120.884s][debug][gc] GC(1834) Concurrent active time: 0.004ms
[2020-01-29T21:58:12.846+0300][120.884s][info ][gc] GC(1834) Concurrent Abortable Preclean 0.030ms
[2020-01-29T21:58:12.846+0300][120.884s][debug][gc] GC(1834) YG occupancy: 57386 K (78656 K)
[2020-01-29T21:58:12.857+0300][120.895s][info ][gc] GC(1834) Pause Remark 203M->203M(247M) 11.247ms
[2020-01-29T21:58:12.857+0300][120.896s][info ][gc] GC(1834) Concurrent Sweep
[2020-01-29T21:58:12.860+0300][120.898s][info ][gc] GC(1835) Pause Young (Allocation Failure) 200M->200M(247M) 0.043ms
[2020-01-29T21:58:12.926+0300][120.965s][debug][gc] GC(1834) Concurrent active time: 69.326ms
[2020-01-29T21:58:12.926+0300][120.965s][info ][gc] GC(1834) Concurrent Sweep 69.589ms
[2020-01-29T21:58:12.926+0300][120.965s][debug][gc] GC(1836) Concurrent mode failure
[2020-01-29T21:58:13.022+0300][121.061s][info ][gc] GC(1836) Pause Full (Allocation Failure) 200M->70M(247M) 162.273ms
[2020-01-29T21:58:13.094+0300][121.132s][info ][gc] GC(1837) Pause Young (Allocation Failure) 137M->155M(247M) 52.820ms
[2020-01-29T21:58:13.103+0300][121.142s][info ][gc] GC(1838) Pause Initial Mark 174M->174M(247M) 8.873ms
[2020-01-29T21:58:13.103+0300][121.142s][info ][gc] GC(1838) Concurrent Mark
[2020-01-29T21:58:13.107+0300][121.145s][debug][gc] GC(1838) Concurrent active time: 3.087ms
[2020-01-29T21:58:13.107+0300][121.145s][info ][gc] GC(1838) Concurrent Mark 3.156ms
[2020-01-29T21:58:13.107+0300][121.145s][info ][gc] GC(1838) Concurrent Preclean
[2020-01-29T21:58:13.107+0300][121.145s][debug][gc] GC(1838) Concurrent active time: 0.163ms
[2020-01-29T21:58:13.107+0300][121.145s][info ][gc] GC(1838) Concurrent Preclean 0.195ms
[2020-01-29T21:58:13.107+0300][121.145s][info ][gc] GC(1838) Concurrent Abortable Preclean
[2020-01-29T21:58:13.107+0300][121.145s][debug][gc] GC(1838) Concurrent active time: 0.004ms
[2020-01-29T21:58:13.107+0300][121.145s][info ][gc] GC(1838) Concurrent Abortable Preclean 0.030ms
[2020-01-29T21:58:13.107+0300][121.145s][debug][gc] GC(1838) YG occupancy: 57251 K (78656 K)
[2020-01-29T21:58:13.118+0300][121.157s][info ][gc] GC(1838) Pause Remark 202M->202M(247M) 11.258ms
[2020-01-29T21:58:13.118+0300][121.157s][info ][gc] GC(1838) Concurrent Sweep
[2020-01-29T21:58:13.121+0300][121.160s][info ][gc] GC(1839) Pause Young (Allocation Failure) 200M->200M(247M) 0.045ms
[2020-01-29T21:58:13.187+0300][121.226s][debug][gc] GC(1838) Concurrent active time: 68.777ms
[2020-01-29T21:58:13.188+0300][121.226s][info ][gc] GC(1838) Concurrent Sweep 69.051ms
[2020-01-29T21:58:13.188+0300][121.226s][debug][gc] GC(1840) Concurrent mode failure
[2020-01-29T21:58:13.283+0300][121.322s][info ][gc] GC(1840) Pause Full (Allocation Failure) 200M->70M(247M) 162.200ms
[2020-01-29T21:58:13.357+0300][121.396s][info ][gc] GC(1841) Pause Young (Allocation Failure) 137M->155M(247M) 55.540ms
[2020-01-29T21:58:13.367+0300][121.406s][info ][gc] GC(1842) Pause Initial Mark 174M->174M(247M) 8.872ms
[2020-01-29T21:58:13.367+0300][121.406s][info ][gc] GC(1842) Concurrent Mark
[2020-01-29T21:58:13.371+0300][121.410s][debug][gc] GC(1842) Concurrent active time: 3.900ms
[2020-01-29T21:58:13.371+0300][121.410s][info ][gc] GC(1842) Concurrent Mark 3.963ms
[2020-01-29T21:58:13.371+0300][121.410s][info ][gc] GC(1842) Concurrent Preclean
[2020-01-29T21:58:13.371+0300][121.410s][debug][gc] GC(1842) Concurrent active time: 0.175ms
[2020-01-29T21:58:13.371+0300][121.410s][info ][gc] GC(1842) Concurrent Preclean 0.213ms
[2020-01-29T21:58:13.371+0300][121.410s][info ][gc] GC(1842) Concurrent Abortable Preclean
[2020-01-29T21:58:13.371+0300][121.410s][debug][gc] GC(1842) Concurrent active time: 0.005ms
[2020-01-29T21:58:13.371+0300][121.410s][info ][gc] GC(1842) Concurrent Abortable Preclean 0.032ms
[2020-01-29T21:58:13.371+0300][121.410s][debug][gc] GC(1842) YG occupancy: 54490 K (78656 K)
[2020-01-29T21:58:13.383+0300][121.421s][info ][gc] GC(1842) Pause Remark 200M->200M(247M) 11.174ms
[2020-01-29T21:58:13.383+0300][121.421s][info ][gc] GC(1842) Concurrent Sweep
[2020-01-29T21:58:13.386+0300][121.425s][info ][gc] GC(1843) Pause Young (Allocation Failure) 199M->199M(247M) 0.042ms
[2020-01-29T21:58:13.455+0300][121.493s][debug][gc] GC(1842) Concurrent active time: 71.382ms
[2020-01-29T21:58:13.455+0300][121.493s][info ][gc] GC(1842) Concurrent Sweep 71.657ms
[2020-01-29T21:58:13.455+0300][121.493s][debug][gc] GC(1844) Concurrent mode failure
[2020-01-29T21:58:13.550+0300][121.589s][info ][gc] GC(1844) Pause Full (Allocation Failure) 199M->70M(247M) 164.300ms
[2020-01-29T21:58:13.624+0300][121.663s][info ][gc] GC(1845) Pause Young (Allocation Failure) 137M->155M(247M) 55.767ms
[2020-01-29T21:58:13.634+0300][121.673s][info ][gc] GC(1846) Pause Initial Mark 174M->174M(247M) 8.861ms
[2020-01-29T21:58:13.634+0300][121.673s][info ][gc] GC(1846) Concurrent Mark
[2020-01-29T21:58:13.638+0300][121.676s][debug][gc] GC(1846) Concurrent active time: 3.149ms
[2020-01-29T21:58:13.638+0300][121.676s][info ][gc] GC(1846) Concurrent Mark 3.213ms
[2020-01-29T21:58:13.638+0300][121.676s][info ][gc] GC(1846) Concurrent Preclean
[2020-01-29T21:58:13.638+0300][121.676s][debug][gc] GC(1846) Concurrent active time: 0.161ms
[2020-01-29T21:58:13.638+0300][121.676s][info ][gc] GC(1846) Concurrent Preclean 0.194ms
[2020-01-29T21:58:13.638+0300][121.676s][info ][gc] GC(1846) Concurrent Abortable Preclean
[2020-01-29T21:58:13.638+0300][121.676s][debug][gc] GC(1846) Concurrent active time: 0.004ms
[2020-01-29T21:58:13.638+0300][121.676s][info ][gc] GC(1846) Concurrent Abortable Preclean 0.031ms
[2020-01-29T21:58:13.638+0300][121.676s][debug][gc] GC(1846) YG occupancy: 57251 K (78656 K)
[2020-01-29T21:58:13.649+0300][121.687s][info ][gc] GC(1846) Pause Remark 202M->202M(247M) 11.038ms
[2020-01-29T21:58:13.649+0300][121.688s][info ][gc] GC(1846) Concurrent Sweep
[2020-01-29T21:58:13.652+0300][121.690s][info ][gc] GC(1847) Pause Young (Allocation Failure) 200M->200M(247M) 0.040ms
[2020-01-29T21:58:13.718+0300][121.756s][debug][gc] GC(1846) Concurrent active time: 68.675ms
[2020-01-29T21:58:13.718+0300][121.756s][info ][gc] GC(1846) Concurrent Sweep 68.912ms
[2020-01-29T21:58:13.718+0300][121.756s][debug][gc] GC(1848) Concurrent mode failure
[2020-01-29T21:58:13.814+0300][121.852s][info ][gc] GC(1848) Pause Full (Allocation Failure) 200M->70M(247M) 161.427ms
[2020-01-29T21:58:13.885+0300][121.923s][info ][gc] GC(1849) Pause Young (Allocation Failure) 137M->155M(247M) 53.910ms
[2020-01-29T21:58:13.894+0300][121.933s][info ][gc] GC(1850) Pause Initial Mark 174M->174M(247M) 8.850ms
[2020-01-29T21:58:13.894+0300][121.933s][info ][gc] GC(1850) Concurrent Mark
[2020-01-29T21:58:13.898+0300][121.937s][debug][gc] GC(1850) Concurrent active time: 3.367ms
[2020-01-29T21:58:13.898+0300][121.937s][info ][gc] GC(1850) Concurrent Mark 3.547ms
[2020-01-29T21:58:13.898+0300][121.937s][info ][gc] GC(1850) Concurrent Preclean
[2020-01-29T21:58:13.898+0300][121.937s][debug][gc] GC(1850) Concurrent active time: 0.182ms
[2020-01-29T21:58:13.898+0300][121.937s][info ][gc] GC(1850) Concurrent Preclean 0.213ms
[2020-01-29T21:58:13.898+0300][121.937s][info ][gc] GC(1850) Concurrent Abortable Preclean
[2020-01-29T21:58:13.898+0300][121.937s][debug][gc] GC(1850) Concurrent active time: 0.004ms
[2020-01-29T21:58:13.898+0300][121.937s][info ][gc] GC(1850) Concurrent Abortable Preclean 0.031ms
[2020-01-29T21:58:13.898+0300][121.937s][debug][gc] GC(1850) YG occupancy: 57386 K (78656 K)
[2020-01-29T21:58:13.910+0300][121.949s][info ][gc] GC(1850) Pause Remark 203M->203M(247M) 11.334ms
[2020-01-29T21:58:13.910+0300][121.949s][info ][gc] GC(1850) Concurrent Sweep
[2020-01-29T21:58:13.913+0300][121.951s][info ][gc] GC(1851) Pause Young (Allocation Failure) 200M->200M(247M) 0.052ms
[2020-01-29T21:58:13.980+0300][122.019s][debug][gc] GC(1850) Concurrent active time: 69.815ms
[2020-01-29T21:58:13.980+0300][122.019s][info ][gc] GC(1850) Concurrent Sweep 70.127ms
[2020-01-29T21:58:13.980+0300][122.019s][debug][gc] GC(1852) Concurrent mode failure
[2020-01-29T21:58:14.075+0300][122.113s][info ][gc] GC(1852) Pause Full (Allocation Failure) 200M->70M(247M) 161.945ms
[2020-01-29T21:58:14.149+0300][122.188s][info ][gc] GC(1853) Pause Young (Allocation Failure) 137M->155M(247M) 55.728ms
[2020-01-29T21:58:14.159+0300][122.197s][info ][gc] GC(1854) Pause Initial Mark 174M->174M(247M) 8.848ms
[2020-01-29T21:58:14.159+0300][122.197s][info ][gc] GC(1854) Concurrent Mark
[2020-01-29T21:58:14.162+0300][122.200s][debug][gc] GC(1854) Concurrent active time: 3.036ms
[2020-01-29T21:58:14.162+0300][122.200s][info ][gc] GC(1854) Concurrent Mark 3.095ms
[2020-01-29T21:58:14.162+0300][122.200s][info ][gc] GC(1854) Concurrent Preclean
[2020-01-29T21:58:14.162+0300][122.201s][debug][gc] GC(1854) Concurrent active time: 0.156ms
[2020-01-29T21:58:14.162+0300][122.201s][info ][gc] GC(1854) Concurrent Preclean 0.188ms
[2020-01-29T21:58:14.163+0300][122.201s][info ][gc] GC(1854) Concurrent Abortable Preclean
[2020-01-29T21:58:14.163+0300][122.201s][debug][gc] GC(1854) Concurrent active time: 0.004ms
[2020-01-29T21:58:14.163+0300][122.201s][info ][gc] GC(1854) Concurrent Abortable Preclean 0.030ms
[2020-01-29T21:58:14.163+0300][122.201s][debug][gc] GC(1854) YG occupancy: 57250 K (78656 K)
[2020-01-29T21:58:14.174+0300][122.212s][info ][gc] GC(1854) Pause Remark 202M->202M(247M) 11.097ms
[2020-01-29T21:58:14.174+0300][122.212s][info ][gc] GC(1854) Concurrent Sweep
[2020-01-29T21:58:14.177+0300][122.215s][info ][gc] GC(1855) Pause Young (Allocation Failure) 200M->200M(247M) 0.040ms
[2020-01-29T21:58:14.242+0300][122.281s][debug][gc] GC(1854) Concurrent active time: 68.960ms
[2020-01-29T21:58:14.242+0300][122.281s][info ][gc] GC(1854) Concurrent Sweep 69.216ms
[2020-01-29T21:58:14.242+0300][122.281s][debug][gc] GC(1856) Concurrent mode failure
[2020-01-29T21:58:14.337+0300][122.376s][info ][gc] GC(1856) Pause Full (Allocation Failure) 200M->70M(247M) 161.361ms
[2020-01-29T21:58:14.409+0300][122.447s][info ][gc] GC(1857) Pause Young (Allocation Failure) 137M->155M(247M) 53.333ms
[2020-01-29T21:58:14.418+0300][122.457s][info ][gc] GC(1858) Pause Initial Mark 174M->174M(247M) 8.839ms
[2020-01-29T21:58:14.418+0300][122.457s][info ][gc] GC(1858) Concurrent Mark
[2020-01-29T21:58:14.421+0300][122.460s][debug][gc] GC(1858) Concurrent active time: 3.048ms
[2020-01-29T21:58:14.421+0300][122.460s][info ][gc] GC(1858) Concurrent Mark 3.107ms
[2020-01-29T21:58:14.421+0300][122.460s][info ][gc] GC(1858) Concurrent Preclean
[2020-01-29T21:58:14.422+0300][122.461s][debug][gc] GC(1858) Concurrent active time: 0.159ms
[2020-01-29T21:58:14.422+0300][122.461s][info ][gc] GC(1858) Concurrent Preclean 0.191ms
[2020-01-29T21:58:14.422+0300][122.461s][info ][gc] GC(1858) Concurrent Abortable Preclean
[2020-01-29T21:58:14.422+0300][122.461s][debug][gc] GC(1858) Concurrent active time: 0.004ms
[2020-01-29T21:58:14.422+0300][122.461s][info ][gc] GC(1858) Concurrent Abortable Preclean 0.031ms
[2020-01-29T21:58:14.422+0300][122.461s][debug][gc] GC(1858) YG occupancy: 57250 K (78656 K)
[2020-01-29T21:58:14.433+0300][122.472s][info ][gc] GC(1858) Pause Remark 202M->202M(247M) 11.025ms
[2020-01-29T21:58:14.433+0300][122.472s][info ][gc] GC(1858) Concurrent Sweep
[2020-01-29T21:58:14.435+0300][122.474s][info ][gc] GC(1859) Pause Young (Allocation Failure) 200M->200M(247M) 0.040ms
[2020-01-29T21:58:14.502+0300][122.540s][debug][gc] GC(1858) Concurrent active time: 68.528ms
[2020-01-29T21:58:14.502+0300][122.541s][info ][gc] GC(1858) Concurrent Sweep 68.779ms
[2020-01-29T21:58:14.502+0300][122.541s][debug][gc] GC(1860) Concurrent mode failure
[2020-01-29T21:58:14.598+0300][122.636s][info ][gc] GC(1860) Pause Full (Allocation Failure) 200M->70M(247M) 161.656ms
[2020-01-29T21:58:14.672+0300][122.710s][info ][gc] GC(1861) Pause Young (Allocation Failure) 137M->155M(247M) 56.124ms
[2020-01-29T21:58:14.682+0300][122.720s][info ][gc] GC(1862) Pause Initial Mark 174M->174M(247M) 8.838ms
[2020-01-29T21:58:14.682+0300][122.720s][info ][gc] GC(1862) Concurrent Mark
[2020-01-29T21:58:14.685+0300][122.723s][debug][gc] GC(1862) Concurrent active time: 3.031ms
[2020-01-29T21:58:14.685+0300][122.723s][info ][gc] GC(1862) Concurrent Mark 3.090ms
[2020-01-29T21:58:14.685+0300][122.723s][info ][gc] GC(1862) Concurrent Preclean
[2020-01-29T21:58:14.685+0300][122.723s][debug][gc] GC(1862) Concurrent active time: 0.159ms
[2020-01-29T21:58:14.685+0300][122.723s][info ][gc] GC(1862) Concurrent Preclean 0.190ms
[2020-01-29T21:58:14.685+0300][122.723s][info ][gc] GC(1862) Concurrent Abortable Preclean
[2020-01-29T21:58:14.685+0300][122.723s][debug][gc] GC(1862) Concurrent active time: 0.004ms
[2020-01-29T21:58:14.685+0300][122.723s][info ][gc] GC(1862) Concurrent Abortable Preclean 0.030ms
[2020-01-29T21:58:14.685+0300][122.723s][debug][gc] GC(1862) YG occupancy: 57250 K (78656 K)
[2020-01-29T21:58:14.696+0300][122.734s][info ][gc] GC(1862) Pause Remark 202M->202M(247M) 11.053ms
[2020-01-29T21:58:14.696+0300][122.734s][info ][gc] GC(1862) Concurrent Sweep
[2020-01-29T21:58:14.699+0300][122.737s][info ][gc] GC(1863) Pause Young (Allocation Failure) 200M->200M(247M) 0.042ms
[2020-01-29T21:58:14.765+0300][122.803s][debug][gc] GC(1862) Concurrent active time: 68.229ms
[2020-01-29T21:58:14.765+0300][122.803s][info ][gc] GC(1862) Concurrent Sweep 68.483ms
[2020-01-29T21:58:14.765+0300][122.803s][debug][gc] GC(1864) Concurrent mode failure
[2020-01-29T21:58:14.860+0300][122.899s][info ][gc] GC(1864) Pause Full (Allocation Failure) 200M->70M(247M) 161.404ms
[2020-01-29T21:58:14.933+0300][122.972s][info ][gc] GC(1865) Pause Young (Allocation Failure) 137M->155M(247M) 54.657ms
[2020-01-29T21:58:14.943+0300][122.982s][info ][gc] GC(1866) Pause Initial Mark 174M->174M(247M) 8.834ms
[2020-01-29T21:58:14.943+0300][122.982s][info ][gc] GC(1866) Concurrent Mark
[2020-01-29T21:58:14.946+0300][122.985s][debug][gc] GC(1866) Concurrent active time: 3.270ms
[2020-01-29T21:58:14.946+0300][122.985s][info ][gc] GC(1866) Concurrent Mark 3.337ms
[2020-01-29T21:58:14.946+0300][122.985s][info ][gc] GC(1866) Concurrent Preclean
[2020-01-29T21:58:14.947+0300][122.985s][debug][gc] GC(1866) Concurrent active time: 0.179ms
[2020-01-29T21:58:14.947+0300][122.985s][info ][gc] GC(1866) Concurrent Preclean 0.210ms
[2020-01-29T21:58:14.947+0300][122.985s][info ][gc] GC(1866) Concurrent Abortable Preclean
[2020-01-29T21:58:14.947+0300][122.985s][debug][gc] GC(1866) Concurrent active time: 0.005ms
[2020-01-29T21:58:14.947+0300][122.985s][info ][gc] GC(1866) Concurrent Abortable Preclean 0.031ms
[2020-01-29T21:58:14.947+0300][122.985s][debug][gc] GC(1866) YG occupancy: 57267 K (78656 K)
[2020-01-29T21:58:14.958+0300][122.996s][info ][gc] GC(1866) Pause Remark 202M->202M(247M) 11.116ms
[2020-01-29T21:58:14.958+0300][122.996s][info ][gc] GC(1866) Concurrent Sweep
[2020-01-29T21:58:14.961+0300][122.999s][info ][gc] GC(1867) Pause Young (Allocation Failure) 200M->200M(247M) 0.044ms
[2020-01-29T21:58:15.028+0300][123.067s][debug][gc] GC(1866) Concurrent active time: 70.550ms
[2020-01-29T21:58:15.028+0300][123.067s][info ][gc] GC(1866) Concurrent Sweep 70.823ms
[2020-01-29T21:58:15.028+0300][123.067s][debug][gc] GC(1868) Concurrent mode failure
[2020-01-29T21:58:15.123+0300][123.161s][info ][gc] GC(1868) Pause Full (Allocation Failure) 200M->70M(247M) 162.173ms
[2020-01-29T21:58:15.196+0300][123.235s][info ][gc] GC(1869) Pause Young (Allocation Failure) 137M->155M(247M) 55.136ms
[2020-01-29T21:58:15.205+0300][123.244s][info ][gc] GC(1870) Pause Initial Mark 174M->174M(247M) 8.821ms
[2020-01-29T21:58:15.206+0300][123.244s][info ][gc] GC(1870) Concurrent Mark
[2020-01-29T21:58:15.209+0300][123.247s][debug][gc] GC(1870) Concurrent active time: 3.025ms
[2020-01-29T21:58:15.209+0300][123.247s][info ][gc] GC(1870) Concurrent Mark 3.082ms
[2020-01-29T21:58:15.209+0300][123.247s][info ][gc] GC(1870) Concurrent Preclean
[2020-01-29T21:58:15.209+0300][123.248s][debug][gc] GC(1870) Concurrent active time: 0.156ms
[2020-01-29T21:58:15.209+0300][123.248s][info ][gc] GC(1870) Concurrent Preclean 0.186ms
[2020-01-29T21:58:15.209+0300][123.248s][info ][gc] GC(1870) Concurrent Abortable Preclean
[2020-01-29T21:58:15.209+0300][123.248s][debug][gc] GC(1870) Concurrent active time: 0.004ms
[2020-01-29T21:58:15.209+0300][123.248s][info ][gc] GC(1870) Concurrent Abortable Preclean 0.030ms
[2020-01-29T21:58:15.209+0300][123.248s][debug][gc] GC(1870) YG occupancy: 57244 K (78656 K)
[2020-01-29T21:58:15.220+0300][123.259s][info ][gc] GC(1870) Pause Remark 202M->202M(247M) 11.072ms
[2020-01-29T21:58:15.220+0300][123.259s][info ][gc] GC(1870) Concurrent Sweep
[2020-01-29T21:58:15.223+0300][123.262s][info ][gc] GC(1871) Pause Young (Allocation Failure) 200M->200M(247M) 0.044ms
[2020-01-29T21:58:15.288+0300][123.327s][debug][gc] GC(1870) Concurrent active time: 67.727ms
[2020-01-29T21:58:15.288+0300][123.327s][info ][gc] GC(1870) Concurrent Sweep 67.990ms
[2020-01-29T21:58:15.288+0300][123.327s][debug][gc] GC(1872) Concurrent mode failure
[2020-01-29T21:58:15.384+0300][123.422s][info ][gc] GC(1872) Pause Full (Allocation Failure) 200M->70M(247M) 160.031ms
[2020-01-29T21:58:15.456+0300][123.495s][info ][gc] GC(1873) Pause Young (Allocation Failure) 137M->155M(247M) 54.647ms
[2020-01-29T21:58:15.466+0300][123.504s][info ][gc] GC(1874) Pause Initial Mark 174M->174M(247M) 8.821ms
[2020-01-29T21:58:15.466+0300][123.504s][info ][gc] GC(1874) Concurrent Mark
[2020-01-29T21:58:15.469+0300][123.507s][debug][gc] GC(1874) Concurrent active time: 3.031ms
[2020-01-29T21:58:15.469+0300][123.507s][info ][gc] GC(1874) Concurrent Mark 3.084ms
[2020-01-29T21:58:15.469+0300][123.507s][info ][gc] GC(1874) Concurrent Preclean
[2020-01-29T21:58:15.469+0300][123.507s][debug][gc] GC(1874) Concurrent active time: 0.155ms
[2020-01-29T21:58:15.469+0300][123.507s][info ][gc] GC(1874) Concurrent Preclean 0.186ms
[2020-01-29T21:58:15.469+0300][123.507s][info ][gc] GC(1874) Concurrent Abortable Preclean
[2020-01-29T21:58:15.469+0300][123.507s][debug][gc] GC(1874) Concurrent active time: 0.004ms
[2020-01-29T21:58:15.469+0300][123.507s][info ][gc] GC(1874) Concurrent Abortable Preclean 0.031ms
[2020-01-29T21:58:15.469+0300][123.508s][debug][gc] GC(1874) YG occupancy: 57247 K (78656 K)
[2020-01-29T21:58:15.481+0300][123.519s][info ][gc] GC(1874) Pause Remark 202M->202M(247M) 11.109ms
[2020-01-29T21:58:15.481+0300][123.519s][info ][gc] GC(1874) Concurrent Sweep
[2020-01-29T21:58:15.483+0300][123.521s][info ][gc] GC(1875) Pause Young (Allocation Failure) 200M->200M(247M) 0.041ms
[2020-01-29T21:58:15.549+0300][123.588s][debug][gc] GC(1874) Concurrent active time: 69.157ms
[2020-01-29T21:58:15.549+0300][123.588s][info ][gc] GC(1874) Concurrent Sweep 69.397ms
[2020-01-29T21:58:15.549+0300][123.588s][debug][gc] GC(1876) Concurrent mode failure
[2020-01-29T21:58:15.644+0300][123.683s][info ][gc] GC(1876) Pause Full (Allocation Failure) 200M->70M(247M) 161.667ms
[2020-01-29T21:58:15.717+0300][123.756s][info ][gc] GC(1877) Pause Young (Allocation Failure) 137M->155M(247M) 54.689ms
[2020-01-29T21:58:15.727+0300][123.766s][info ][gc] GC(1878) Pause Initial Mark 174M->174M(247M) 8.860ms
[2020-01-29T21:58:15.727+0300][123.766s][info ][gc] GC(1878) Concurrent Mark
[2020-01-29T21:58:15.730+0300][123.769s][debug][gc] GC(1878) Concurrent active time: 3.013ms
[2020-01-29T21:58:15.730+0300][123.769s][info ][gc] GC(1878) Concurrent Mark 3.066ms
[2020-01-29T21:58:15.730+0300][123.769s][info ][gc] GC(1878) Concurrent Preclean
[2020-01-29T21:58:15.730+0300][123.769s][debug][gc] GC(1878) Concurrent active time: 0.156ms
[2020-01-29T21:58:15.730+0300][123.769s][info ][gc] GC(1878) Concurrent Preclean 0.195ms
[2020-01-29T21:58:15.731+0300][123.769s][info ][gc] GC(1878) Concurrent Abortable Preclean
[2020-01-29T21:58:15.731+0300][123.769s][debug][gc] GC(1878) Concurrent active time: 0.004ms
[2020-01-29T21:58:15.731+0300][123.769s][info ][gc] GC(1878) Concurrent Abortable Preclean 0.031ms
[2020-01-29T21:58:15.731+0300][123.769s][debug][gc] GC(1878) YG occupancy: 57249 K (78656 K)
[2020-01-29T21:58:15.742+0300][123.781s][info ][gc] GC(1878) Pause Remark 202M->202M(247M) 11.557ms
[2020-01-29T21:58:15.742+0300][123.781s][info ][gc] GC(1878) Concurrent Sweep
[2020-01-29T21:58:15.745+0300][123.783s][info ][gc] GC(1879) Pause Young (Allocation Failure) 200M->200M(247M) 0.041ms
[2020-01-29T21:58:15.812+0300][123.850s][debug][gc] GC(1878) Concurrent active time: 69.102ms
[2020-01-29T21:58:15.812+0300][123.850s][info ][gc] GC(1878) Concurrent Sweep 69.363ms
[2020-01-29T21:58:15.812+0300][123.850s][debug][gc] GC(1880) Concurrent mode failure
[2020-01-29T21:58:15.906+0300][123.945s][info ][gc] GC(1880) Pause Full (Allocation Failure) 200M->70M(247M) 162.042ms
[2020-01-29T21:58:15.979+0300][124.018s][info ][gc] GC(1881) Pause Young (Allocation Failure) 137M->155M(247M) 54.427ms
[2020-01-29T21:58:15.989+0300][124.028s][info ][gc] GC(1882) Pause Initial Mark 174M->174M(247M) 8.819ms
[2020-01-29T21:58:15.989+0300][124.028s][info ][gc] GC(1882) Concurrent Mark
[2020-01-29T21:58:15.992+0300][124.031s][debug][gc] GC(1882) Concurrent active time: 3.232ms
[2020-01-29T21:58:15.992+0300][124.031s][info ][gc] GC(1882) Concurrent Mark 3.296ms
[2020-01-29T21:58:15.992+0300][124.031s][info ][gc] GC(1882) Concurrent Preclean
[2020-01-29T21:58:15.992+0300][124.031s][debug][gc] GC(1882) Concurrent active time: 0.178ms
[2020-01-29T21:58:15.992+0300][124.031s][info ][gc] GC(1882) Concurrent Preclean 0.212ms
[2020-01-29T21:58:15.992+0300][124.031s][info ][gc] GC(1882) Concurrent Abortable Preclean
[2020-01-29T21:58:15.992+0300][124.031s][debug][gc] GC(1882) Concurrent active time: 0.004ms
[2020-01-29T21:58:15.992+0300][124.031s][info ][gc] GC(1882) Concurrent Abortable Preclean 0.031ms
[2020-01-29T21:58:15.992+0300][124.031s][debug][gc] GC(1882) YG occupancy: 57266 K (78656 K)
[2020-01-29T21:58:16.004+0300][124.042s][info ][gc] GC(1882) Pause Remark 202M->202M(247M) 11.096ms
[2020-01-29T21:58:16.004+0300][124.042s][info ][gc] GC(1882) Concurrent Sweep
[2020-01-29T21:58:16.007+0300][124.045s][info ][gc] GC(1883) Pause Young (Allocation Failure) 200M->200M(247M) 0.044ms
[2020-01-29T21:58:16.072+0300][124.110s][debug][gc] GC(1882) Concurrent active time: 67.775ms
[2020-01-29T21:58:16.072+0300][124.110s][info ][gc] GC(1882) Concurrent Sweep 68.038ms
[2020-01-29T21:58:16.072+0300][124.110s][debug][gc] GC(1884) Concurrent mode failure
[2020-01-29T21:58:16.167+0300][124.206s][info ][gc] GC(1884) Pause Full (Allocation Failure) 200M->70M(247M) 160.062ms
[2020-01-29T21:58:16.240+0300][124.278s][info ][gc] GC(1885) Pause Young (Allocation Failure) 137M->155M(247M) 54.205ms
[2020-01-29T21:58:16.250+0300][124.288s][info ][gc] GC(1886) Pause Initial Mark 174M->174M(247M) 8.821ms
[2020-01-29T21:58:16.250+0300][124.288s][info ][gc] GC(1886) Concurrent Mark
[2020-01-29T21:58:16.253+0300][124.291s][debug][gc] GC(1886) Concurrent active time: 3.023ms
[2020-01-29T21:58:16.253+0300][124.291s][info ][gc] GC(1886) Concurrent Mark 3.075ms
[2020-01-29T21:58:16.253+0300][124.291s][info ][gc] GC(1886) Concurrent Preclean
[2020-01-29T21:58:16.253+0300][124.291s][debug][gc] GC(1886) Concurrent active time: 0.157ms
[2020-01-29T21:58:16.253+0300][124.291s][info ][gc] GC(1886) Concurrent Preclean 0.189ms
[2020-01-29T21:58:16.253+0300][124.291s][info ][gc] GC(1886) Concurrent Abortable Preclean
[2020-01-29T21:58:16.253+0300][124.291s][debug][gc] GC(1886) Concurrent active time: 0.003ms
[2020-01-29T21:58:16.253+0300][124.291s][info ][gc] GC(1886) Concurrent Abortable Preclean 0.030ms
[2020-01-29T21:58:16.253+0300][124.291s][debug][gc] GC(1886) YG occupancy: 57243 K (78656 K)
[2020-01-29T21:58:16.264+0300][124.302s][info ][gc] GC(1886) Pause Remark 202M->202M(247M) 11.043ms
[2020-01-29T21:58:16.264+0300][124.302s][info ][gc] GC(1886) Concurrent Sweep
[2020-01-29T21:58:16.267+0300][124.305s][info ][gc] GC(1887) Pause Young (Allocation Failure) 200M->200M(247M) 0.041ms
[2020-01-29T21:58:16.332+0300][124.371s][debug][gc] GC(1886) Concurrent active time: 68.448ms
[2020-01-29T21:58:16.332+0300][124.371s][info ][gc] GC(1886) Concurrent Sweep 68.686ms
[2020-01-29T21:58:16.332+0300][124.371s][debug][gc] GC(1888) Concurrent mode failure
[2020-01-29T21:58:16.428+0300][124.466s][info ][gc] GC(1888) Pause Full (Allocation Failure) 200M->70M(247M) 160.899ms
[2020-01-29T21:58:16.509+0300][124.548s][info ][gc] GC(1889) Pause Young (Allocation Failure) 137M->155M(247M) 63.204ms
[2020-01-29T21:58:16.519+0300][124.557s][info ][gc] GC(1890) Pause Initial Mark 174M->174M(247M) 8.856ms
[2020-01-29T21:58:16.519+0300][124.557s][info ][gc] GC(1890) Concurrent Mark
[2020-01-29T21:58:16.522+0300][124.561s][debug][gc] GC(1890) Concurrent active time: 3.141ms
[2020-01-29T21:58:16.522+0300][124.561s][info ][gc] GC(1890) Concurrent Mark 3.208ms
[2020-01-29T21:58:16.522+0300][124.561s][info ][gc] GC(1890) Concurrent Preclean
[2020-01-29T21:58:16.523+0300][124.561s][debug][gc] GC(1890) Concurrent active time: 0.168ms
[2020-01-29T21:58:16.523+0300][124.561s][info ][gc] GC(1890) Concurrent Preclean 0.201ms
[2020-01-29T21:58:16.523+0300][124.561s][info ][gc] GC(1890) Concurrent Abortable Preclean
[2020-01-29T21:58:16.523+0300][124.561s][debug][gc] GC(1890) Concurrent active time: 0.004ms
[2020-01-29T21:58:16.523+0300][124.561s][info ][gc] GC(1890) Concurrent Abortable Preclean 0.031ms
[2020-01-29T21:58:16.523+0300][124.561s][debug][gc] GC(1890) YG occupancy: 57247 K (78656 K)
[2020-01-29T21:58:16.535+0300][124.573s][info ][gc] GC(1890) Pause Remark 202M->202M(247M) 12.261ms
[2020-01-29T21:58:16.535+0300][124.573s][info ][gc] GC(1890) Concurrent Sweep
[2020-01-29T21:58:16.538+0300][124.576s][info ][gc] GC(1891) Pause Young (Allocation Failure) 200M->200M(247M) 0.045ms
[2020-01-29T21:58:16.605+0300][124.643s][debug][gc] GC(1890) Concurrent active time: 69.709ms
[2020-01-29T21:58:16.605+0300][124.643s][info ][gc] GC(1890) Concurrent Sweep 69.975ms
[2020-01-29T21:58:16.605+0300][124.643s][debug][gc] GC(1892) Concurrent mode failure
[2020-01-29T21:58:16.700+0300][124.739s][info ][gc] GC(1892) Pause Full (Allocation Failure) 200M->70M(247M) 162.700ms
[2020-01-29T21:58:16.771+0300][124.810s][info ][gc] GC(1893) Pause Young (Allocation Failure) 137M->155M(247M) 52.762ms
[2020-01-29T21:58:16.781+0300][124.820s][info ][gc] GC(1894) Pause Initial Mark 174M->174M(247M) 8.845ms
[2020-01-29T21:58:16.781+0300][124.820s][info ][gc] GC(1894) Concurrent Mark
[2020-01-29T21:58:16.784+0300][124.823s][debug][gc] GC(1894) Concurrent active time: 3.031ms
[2020-01-29T21:58:16.784+0300][124.823s][info ][gc] GC(1894) Concurrent Mark 3.092ms
[2020-01-29T21:58:16.784+0300][124.823s][info ][gc] GC(1894) Concurrent Preclean
[2020-01-29T21:58:16.784+0300][124.823s][debug][gc] GC(1894) Concurrent active time: 0.157ms
[2020-01-29T21:58:16.785+0300][124.823s][info ][gc] GC(1894) Concurrent Preclean 0.190ms
[2020-01-29T21:58:16.785+0300][124.823s][info ][gc] GC(1894) Concurrent Abortable Preclean
[2020-01-29T21:58:16.785+0300][124.823s][debug][gc] GC(1894) Concurrent active time: 0.004ms
[2020-01-29T21:58:16.785+0300][124.823s][info ][gc] GC(1894) Concurrent Abortable Preclean 0.031ms
[2020-01-29T21:58:16.785+0300][124.823s][debug][gc] GC(1894) YG occupancy: 57248 K (78656 K)
[2020-01-29T21:58:16.796+0300][124.834s][info ][gc] GC(1894) Pause Remark 202M->202M(247M) 11.063ms
[2020-01-29T21:58:16.796+0300][124.834s][info ][gc] GC(1894) Concurrent Sweep
[2020-01-29T21:58:16.798+0300][124.837s][info ][gc] GC(1895) Pause Young (Allocation Failure) 200M->200M(247M) 0.040ms
[2020-01-29T21:58:16.865+0300][124.903s][debug][gc] GC(1894) Concurrent active time: 68.594ms
[2020-01-29T21:58:16.865+0300][124.903s][info ][gc] GC(1894) Concurrent Sweep 68.838ms
[2020-01-29T21:58:16.865+0300][124.903s][debug][gc] GC(1896) Concurrent mode failure
[2020-01-29T21:58:16.961+0300][124.999s][info ][gc] GC(1896) Pause Full (Allocation Failure) 200M->70M(247M) 161.694ms
[2020-01-29T21:58:17.041+0300][125.080s][info ][gc] GC(1897) Pause Young (Allocation Failure) 137M->155M(247M) 62.565ms
[2020-01-29T21:58:17.051+0300][125.090s][info ][gc] GC(1898) Pause Initial Mark 174M->174M(247M) 8.817ms
[2020-01-29T21:58:17.051+0300][125.090s][info ][gc] GC(1898) Concurrent Mark
[2020-01-29T21:58:17.055+0300][125.094s][debug][gc] GC(1898) Concurrent active time: 3.543ms
[2020-01-29T21:58:17.055+0300][125.094s][info ][gc] GC(1898) Concurrent Mark 3.617ms
[2020-01-29T21:58:17.055+0300][125.094s][info ][gc] GC(1898) Concurrent Preclean
[2020-01-29T21:58:17.055+0300][125.094s][debug][gc] GC(1898) Concurrent active time: 0.203ms
[2020-01-29T21:58:17.055+0300][125.094s][info ][gc] GC(1898) Concurrent Preclean 0.239ms
[2020-01-29T21:58:17.055+0300][125.094s][info ][gc] GC(1898) Concurrent Abortable Preclean
[2020-01-29T21:58:17.055+0300][125.094s][debug][gc] GC(1898) Concurrent active time: 0.005ms
[2020-01-29T21:58:17.055+0300][125.094s][info ][gc] GC(1898) Concurrent Abortable Preclean 0.031ms
[2020-01-29T21:58:17.055+0300][125.094s][debug][gc] GC(1898) YG occupancy: 57276 K (78656 K)
[2020-01-29T21:58:17.066+0300][125.105s][info ][gc] GC(1898) Pause Remark 202M->202M(247M) 11.071ms
[2020-01-29T21:58:17.066+0300][125.105s][info ][gc] GC(1898) Concurrent Sweep
[2020-01-29T21:58:17.069+0300][125.108s][info ][gc] GC(1899) Pause Young (Allocation Failure) 200M->200M(247M) 0.042ms
[2020-01-29T21:58:17.138+0300][125.177s][debug][gc] GC(1898) Concurrent active time: 71.864ms
[2020-01-29T21:58:17.138+0300][125.177s][info ][gc] GC(1898) Concurrent Sweep 72.124ms
[2020-01-29T21:58:17.139+0300][125.177s][debug][gc] GC(1900) Concurrent mode failure
[2020-01-29T21:58:17.234+0300][125.272s][info ][gc] GC(1900) Pause Full (Allocation Failure) 200M->70M(247M) 164.248ms
[2020-01-29T21:58:17.307+0300][125.345s][info ][gc] GC(1901) Pause Young (Allocation Failure) 137M->155M(247M) 54.060ms
[2020-01-29T21:58:17.316+0300][125.355s][info ][gc] GC(1902) Pause Initial Mark 174M->174M(247M) 8.835ms
[2020-01-29T21:58:17.316+0300][125.355s][info ][gc] GC(1902) Concurrent Mark
[2020-01-29T21:58:17.320+0300][125.358s][debug][gc] GC(1902) Concurrent active time: 3.062ms
[2020-01-29T21:58:17.320+0300][125.358s][info ][gc] GC(1902) Concurrent Mark 3.119ms
[2020-01-29T21:58:17.320+0300][125.358s][info ][gc] GC(1902) Concurrent Preclean
[2020-01-29T21:58:17.320+0300][125.358s][debug][gc] GC(1902) Concurrent active time: 0.163ms
[2020-01-29T21:58:17.320+0300][125.358s][info ][gc] GC(1902) Concurrent Preclean 0.197ms
[2020-01-29T21:58:17.320+0300][125.358s][info ][gc] GC(1902) Concurrent Abortable Preclean
[2020-01-29T21:58:17.320+0300][125.358s][debug][gc] GC(1902) Concurrent active time: 0.003ms
[2020-01-29T21:58:17.320+0300][125.358s][info ][gc] GC(1902) Concurrent Abortable Preclean 0.030ms
[2020-01-29T21:58:17.320+0300][125.358s][debug][gc] GC(1902) YG occupancy: 57244 K (78656 K)
[2020-01-29T21:58:17.331+0300][125.369s][info ][gc] GC(1902) Pause Remark 202M->202M(247M) 11.041ms
[2020-01-29T21:58:17.331+0300][125.369s][info ][gc] GC(1902) Concurrent Sweep
[2020-01-29T21:58:17.334+0300][125.372s][info ][gc] GC(1903) Pause Young (Allocation Failure) 200M->200M(247M) 0.041ms
[2020-01-29T21:58:17.402+0300][125.440s][debug][gc] GC(1902) Concurrent active time: 70.221ms
[2020-01-29T21:58:17.402+0300][125.440s][info ][gc] GC(1902) Concurrent Sweep 70.462ms
[2020-01-29T21:58:17.402+0300][125.440s][debug][gc] GC(1904) Concurrent mode failure
[2020-01-29T21:58:17.498+0300][125.537s][info ][gc] GC(1904) Pause Full (Allocation Failure) 200M->70M(247M) 164.761ms
[2020-01-29T21:58:17.585+0300][125.623s][info ][gc] GC(1905) Pause Young (Allocation Failure) 137M->155M(247M) 67.864ms
[2020-01-29T21:58:17.595+0300][125.633s][info ][gc] GC(1906) Pause Initial Mark 174M->174M(247M) 8.889ms
[2020-01-29T21:58:17.595+0300][125.633s][info ][gc] GC(1906) Concurrent Mark
[2020-01-29T21:58:17.597+0300][125.636s][debug][gc] GC(1906) Concurrent active time: 3.254ms
[2020-01-29T21:58:17.598+0300][125.636s][info ][gc] GC(1906) Concurrent Mark 3.329ms
[2020-01-29T21:58:17.598+0300][125.637s][info ][gc] GC(1906) Concurrent Preclean
[2020-01-29T21:58:17.598+0300][125.637s][debug][gc] GC(1906) Concurrent active time: 0.164ms
[2020-01-29T21:58:17.598+0300][125.637s][info ][gc] GC(1906) Concurrent Preclean 0.195ms
[2020-01-29T21:58:17.598+0300][125.637s][info ][gc] GC(1906) Concurrent Abortable Preclean
[2020-01-29T21:58:17.598+0300][125.637s][debug][gc] GC(1906) Concurrent active time: 0.005ms
[2020-01-29T21:58:17.598+0300][125.637s][info ][gc] GC(1906) Concurrent Abortable Preclean 0.032ms
[2020-01-29T21:58:17.598+0300][125.637s][debug][gc] GC(1906) YG occupancy: 55868 K (78656 K)
[2020-01-29T21:58:17.611+0300][125.650s][info ][gc] GC(1906) Pause Remark 201M->201M(247M) 13.289ms
[2020-01-29T21:58:17.611+0300][125.650s][info ][gc] GC(1906) Concurrent Sweep
[2020-01-29T21:58:17.614+0300][125.653s][info ][gc] GC(1907) Pause Young (Allocation Failure) 200M->200M(247M) 0.039ms
[2020-01-29T21:58:17.682+0300][125.720s][debug][gc] GC(1906) Concurrent active time: 69.975ms
[2020-01-29T21:58:17.682+0300][125.720s][info ][gc] GC(1906) Concurrent Sweep 70.218ms
[2020-01-29T21:58:17.682+0300][125.720s][debug][gc] GC(1908) Concurrent mode failure
[2020-01-29T21:58:17.777+0300][125.815s][info ][gc] GC(1908) Pause Full (Allocation Failure) 200M->70M(247M) 162.326ms
[2020-01-29T21:58:17.851+0300][125.890s][info ][gc] GC(1909) Pause Young (Allocation Failure) 137M->155M(247M) 55.721ms
[2020-01-29T21:58:17.861+0300][125.900s][info ][gc] GC(1910) Pause Initial Mark 174M->174M(247M) 8.850ms
[2020-01-29T21:58:17.861+0300][125.900s][info ][gc] GC(1910) Concurrent Mark
[2020-01-29T21:58:17.865+0300][125.903s][debug][gc] GC(1910) Concurrent active time: 3.128ms
[2020-01-29T21:58:17.865+0300][125.903s][info ][gc] GC(1910) Concurrent Mark 3.284ms
[2020-01-29T21:58:17.865+0300][125.903s][info ][gc] GC(1910) Concurrent Preclean
[2020-01-29T21:58:17.865+0300][125.904s][debug][gc] GC(1910) Concurrent active time: 0.165ms
[2020-01-29T21:58:17.865+0300][125.904s][info ][gc] GC(1910) Concurrent Preclean 0.199ms
[2020-01-29T21:58:17.865+0300][125.904s][info ][gc] GC(1910) Concurrent Abortable Preclean
[2020-01-29T21:58:17.865+0300][125.904s][debug][gc] GC(1910) Concurrent active time: 0.004ms
[2020-01-29T21:58:17.865+0300][125.904s][info ][gc] GC(1910) Concurrent Abortable Preclean 0.031ms
[2020-01-29T21:58:17.865+0300][125.904s][debug][gc] GC(1910) YG occupancy: 57355 K (78656 K)
[2020-01-29T21:58:17.876+0300][125.915s][info ][gc] GC(1910) Pause Remark 203M->203M(247M) 11.078ms
[2020-01-29T21:58:17.876+0300][125.915s][info ][gc] GC(1910) Concurrent Sweep
[2020-01-29T21:58:17.879+0300][125.917s][info ][gc] GC(1911) Pause Young (Allocation Failure) 201M->201M(247M) 0.041ms
[2020-01-29T21:58:17.945+0300][125.984s][debug][gc] GC(1910) Concurrent active time: 68.964ms
[2020-01-29T21:58:17.945+0300][125.984s][info ][gc] GC(1910) Concurrent Sweep 69.208ms
[2020-01-29T21:58:17.946+0300][125.984s][debug][gc] GC(1912) Concurrent mode failure
[2020-01-29T21:58:18.045+0300][126.083s][info ][gc] GC(1912) Pause Full (Allocation Failure) 201M->70M(247M) 165.767ms
[2020-01-29T21:58:18.125+0300][126.163s][info ][gc] GC(1913) Pause Young (Allocation Failure) 137M->155M(247M) 61.116ms
[2020-01-29T21:58:18.135+0300][126.173s][info ][gc] GC(1914) Pause Initial Mark 174M->174M(247M) 9.019ms
[2020-01-29T21:58:18.135+0300][126.173s][info ][gc] GC(1914) Concurrent Mark
[2020-01-29T21:58:18.135+0300][126.176s][debug][gc] GC(1914) Concurrent active time: 3.115ms
[2020-01-29T21:58:18.135+0300][126.176s][info ][gc] GC(1914) Concurrent Mark 3.185ms
[2020-01-29T21:58:18.135+0300][126.176s][info ][gc] GC(1914) Concurrent Preclean
[2020-01-29T21:58:18.135+0300][126.176s][debug][gc] GC(1914) Concurrent active time: 0.162ms
[2020-01-29T21:58:18.135+0300][126.176s][info ][gc] GC(1914) Concurrent Preclean 0.247ms
[2020-01-29T21:58:18.135+0300][126.176s][info ][gc] GC(1914) Concurrent Abortable Preclean
[2020-01-29T21:58:18.135+0300][126.176s][debug][gc] GC(1914) Concurrent active time: 0.004ms
[2020-01-29T21:58:18.135+0300][126.176s][info ][gc] GC(1914) Concurrent Abortable Preclean 0.031ms
[2020-01-29T21:58:18.135+0300][126.177s][debug][gc] GC(1914) YG occupancy: 57246 K (78656 K)
[2020-01-29T21:58:18.145+0300][126.188s][info ][gc] GC(1914) Pause Remark 202M->202M(247M) 11.044ms
[2020-01-29T21:58:18.145+0300][126.188s][info ][gc] GC(1914) Concurrent Sweep
[2020-01-29T21:58:18.150+0300][126.190s][info ][gc] GC(1915) Pause Young (Allocation Failure) 201M->201M(247M) 0.042ms
[2020-01-29T21:58:18.218+0300][126.257s][debug][gc] GC(1914) Concurrent active time: 68.900ms
[2020-01-29T21:58:18.218+0300][126.257s][info ][gc] GC(1914) Concurrent Sweep 69.140ms
[2020-01-29T21:58:18.218+0300][126.257s][debug][gc] GC(1916) Concurrent mode failure
[2020-01-29T21:58:18.310+0300][126.351s][info ][gc] GC(1916) Pause Full (Allocation Failure) 201M->70M(247M) 160.884ms
[2020-01-29T21:58:18.384+0300][126.426s][info ][gc] GC(1917) Pause Young (Allocation Failure) 137M->155M(247M) 53.207ms
[2020-01-29T21:58:18.396+0300][126.436s][info ][gc] GC(1918) Pause Initial Mark 174M->174M(247M) 8.826ms
[2020-01-29T21:58:18.396+0300][126.436s][info ][gc] GC(1918) Concurrent Mark
[2020-01-29T21:58:18.396+0300][126.439s][debug][gc] GC(1918) Concurrent active time: 3.015ms
[2020-01-29T21:58:18.396+0300][126.439s][info ][gc] GC(1918) Concurrent Mark 3.070ms
[2020-01-29T21:58:18.396+0300][126.439s][info ][gc] GC(1918) Concurrent Preclean
[2020-01-29T21:58:18.396+0300][126.439s][debug][gc] GC(1918) Concurrent active time: 0.156ms
[2020-01-29T21:58:18.396+0300][126.439s][info ][gc] GC(1918) Concurrent Preclean 0.186ms
[2020-01-29T21:58:18.396+0300][126.439s][info ][gc] GC(1918) Concurrent Abortable Preclean
[2020-01-29T21:58:18.396+0300][126.439s][debug][gc] GC(1918) Concurrent active time: 0.003ms
[2020-01-29T21:58:18.396+0300][126.439s][info ][gc] GC(1918) Concurrent Abortable Preclean 0.030ms
[2020-01-29T21:58:18.396+0300][126.439s][debug][gc] GC(1918) YG occupancy: 57248 K (78656 K)
[2020-01-29T21:58:18.409+0300][126.450s][info ][gc] GC(1918) Pause Remark 202M->202M(247M) 11.071ms
[2020-01-29T21:58:18.409+0300][126.450s][info ][gc] GC(1918) Concurrent Sweep
[2020-01-29T21:58:18.415+0300][126.453s][info ][gc] GC(1919) Pause Young (Allocation Failure) 200M->200M(247M) 0.043ms
[2020-01-29T21:58:18.479+0300][126.521s][debug][gc] GC(1918) Concurrent active time: 70.884ms
[2020-01-29T21:58:18.479+0300][126.521s][info ][gc] GC(1918) Concurrent Sweep 71.147ms
[2020-01-29T21:58:18.479+0300][126.521s][debug][gc] GC(1920) Concurrent mode failure
[2020-01-29T21:58:18.575+0300][126.616s][info ][gc] GC(1920) Pause Full (Allocation Failure) 200M->70M(247M) 163.221ms
[2020-01-29T21:58:18.654+0300][126.696s][info ][gc] GC(1921) Pause Young (Allocation Failure) 137M->155M(247M) 53.354ms
[2020-01-29T21:58:18.667+0300][126.706s][info ][gc] GC(1922) Pause Initial Mark 174M->174M(247M) 8.832ms
[2020-01-29T21:58:18.667+0300][126.706s][info ][gc] GC(1922) Concurrent Mark
[2020-01-29T21:58:18.671+0300][126.709s][debug][gc] GC(1922) Concurrent active time: 3.042ms
[2020-01-29T21:58:18.671+0300][126.709s][info ][gc] GC(1922) Concurrent Mark 3.104ms
[2020-01-29T21:58:18.671+0300][126.709s][info ][gc] GC(1922) Concurrent Preclean
[2020-01-29T21:58:18.671+0300][126.709s][debug][gc] GC(1922) Concurrent active time: 0.174ms
[2020-01-29T21:58:18.671+0300][126.709s][info ][gc] GC(1922) Concurrent Preclean 0.207ms
[2020-01-29T21:58:18.671+0300][126.709s][info ][gc] GC(1922) Concurrent Abortable Preclean
[2020-01-29T21:58:18.671+0300][126.709s][debug][gc] GC(1922) Concurrent active time: 0.004ms
[2020-01-29T21:58:18.671+0300][126.709s][info ][gc] GC(1922) Concurrent Abortable Preclean 0.032ms
[2020-01-29T21:58:18.671+0300][126.709s][debug][gc] GC(1922) YG occupancy: 57249 K (78656 K)
[2020-01-29T21:58:18.679+0300][126.720s][info ][gc] GC(1922) Pause Remark 202M->202M(247M) 11.047ms
[2020-01-29T21:58:18.679+0300][126.720s][info ][gc] GC(1922) Concurrent Sweep
[2020-01-29T21:58:18.684+0300][126.723s][info ][gc] GC(1923) Pause Young (Allocation Failure) 200M->200M(247M) 0.040ms
[2020-01-29T21:58:18.750+0300][126.789s][debug][gc] GC(1922) Concurrent active time: 68.664ms
[2020-01-29T21:58:18.750+0300][126.789s][info ][gc] GC(1922) Concurrent Sweep 68.919ms
[2020-01-29T21:58:18.750+0300][126.789s][debug][gc] GC(1924) Concurrent mode failure
[2020-01-29T21:58:18.844+0300][126.884s][info ][gc] GC(1924) Pause Full (Allocation Failure) 200M->70M(247M) 161.249ms
[2020-01-29T21:58:18.925+0300][126.967s][info ][gc] GC(1925) Pause Young (Allocation Failure) 137M->155M(247M) 54.317ms
[2020-01-29T21:58:18.935+0300][126.976s][info ][gc] GC(1926) Pause Initial Mark 174M->174M(247M) 8.874ms
[2020-01-29T21:58:18.935+0300][126.977s][info ][gc] GC(1926) Concurrent Mark
[2020-01-29T21:58:18.940+0300][126.980s][debug][gc] GC(1926) Concurrent active time: 3.014ms
[2020-01-29T21:58:18.940+0300][126.980s][info ][gc] GC(1926) Concurrent Mark 3.070ms
[2020-01-29T21:58:18.940+0300][126.980s][info ][gc] GC(1926) Concurrent Preclean
[2020-01-29T21:58:18.940+0300][126.980s][debug][gc] GC(1926) Concurrent active time: 0.157ms
[2020-01-29T21:58:18.940+0300][126.980s][info ][gc] GC(1926) Concurrent Preclean 0.188ms
[2020-01-29T21:58:18.940+0300][126.980s][info ][gc] GC(1926) Concurrent Abortable Preclean
[2020-01-29T21:58:18.940+0300][126.980s][debug][gc] GC(1926) Concurrent active time: 0.004ms
[2020-01-29T21:58:18.940+0300][126.980s][info ][gc] GC(1926) Concurrent Abortable Preclean 0.030ms
[2020-01-29T21:58:18.940+0300][126.980s][debug][gc] GC(1926) YG occupancy: 57232 K (78656 K)
[2020-01-29T21:58:18.950+0300][126.991s][info ][gc] GC(1926) Pause Remark 202M->202M(247M) 11.139ms
[2020-01-29T21:58:18.950+0300][126.991s][info ][gc] GC(1926) Concurrent Sweep
[2020-01-29T21:58:18.954+0300][126.994s][info ][gc] GC(1927) Pause Young (Allocation Failure) 200M->200M(247M) 0.041ms
[2020-01-29T21:58:19.019+0300][127.061s][debug][gc] GC(1926) Concurrent active time: 69.405ms
[2020-01-29T21:58:19.019+0300][127.061s][info ][gc] GC(1926) Concurrent Sweep 69.759ms
[2020-01-29T21:58:19.019+0300][127.061s][debug][gc] GC(1928) Concurrent mode failure
[2020-01-29T21:58:19.118+0300][127.156s][info ][gc] GC(1928) Pause Full (Allocation Failure) 200M->70M(247M) 161.839ms
[2020-01-29T21:58:19.219+0300][127.258s][info ][gc] GC(1929) Pause Young (Allocation Failure) 137M->155M(247M) 82.990ms
[2020-01-29T21:58:19.228+0300][127.267s][info ][gc] GC(1930) Pause Initial Mark 174M->174M(247M) 8.823ms
[2020-01-29T21:58:19.229+0300][127.267s][info ][gc] GC(1930) Concurrent Mark
[2020-01-29T21:58:19.232+0300][127.271s][debug][gc] GC(1930) Concurrent active time: 3.543ms
[2020-01-29T21:58:19.232+0300][127.271s][info ][gc] GC(1930) Concurrent Mark 3.616ms
[2020-01-29T21:58:19.232+0300][127.271s][info ][gc] GC(1930) Concurrent Preclean
[2020-01-29T21:58:19.232+0300][127.271s][debug][gc] GC(1930) Concurrent active time: 0.165ms
[2020-01-29T21:58:19.232+0300][127.271s][info ][gc] GC(1930) Concurrent Preclean 0.197ms
[2020-01-29T21:58:19.232+0300][127.271s][info ][gc] GC(1930) Concurrent Abortable Preclean
[2020-01-29T21:58:19.232+0300][127.271s][debug][gc] GC(1930) Concurrent active time: 0.005ms
[2020-01-29T21:58:19.232+0300][127.271s][info ][gc] GC(1930) Concurrent Abortable Preclean 0.032ms
[2020-01-29T21:58:19.232+0300][127.271s][debug][gc] GC(1930) YG occupancy: 54478 K (78656 K)
[2020-01-29T21:58:19.244+0300][127.283s][info ][gc] GC(1930) Pause Remark 200M->200M(247M) 11.338ms
[2020-01-29T21:58:19.244+0300][127.283s][info ][gc] GC(1930) Concurrent Sweep
[2020-01-29T21:58:19.247+0300][127.286s][info ][gc] GC(1931) Pause Young (Allocation Failure) 199M->199M(247M) 0.041ms
[2020-01-29T21:58:19.315+0300][127.354s][debug][gc] GC(1930) Concurrent active time: 70.870ms
[2020-01-29T21:58:19.315+0300][127.354s][info ][gc] GC(1930) Concurrent Sweep 71.167ms
[2020-01-29T21:58:19.315+0300][127.354s][debug][gc] GC(1932) Concurrent mode failure
[2020-01-29T21:58:19.411+0300][127.449s][info ][gc] GC(1932) Pause Full (Allocation Failure) 199M->70M(247M) 163.640ms
[2020-01-29T21:58:19.487+0300][127.525s][info ][gc] GC(1933) Pause Young (Allocation Failure) 137M->155M(247M) 56.841ms
[2020-01-29T21:58:19.496+0300][127.534s][info ][gc] GC(1934) Pause Initial Mark 174M->174M(247M) 8.848ms
[2020-01-29T21:58:19.496+0300][127.534s][info ][gc] GC(1934) Concurrent Mark
[2020-01-29T21:58:19.499+0300][127.537s][debug][gc] GC(1934) Concurrent active time: 3.019ms
[2020-01-29T21:58:19.499+0300][127.537s][info ][gc] GC(1934) Concurrent Mark 3.073ms
[2020-01-29T21:58:19.499+0300][127.537s][info ][gc] GC(1934) Concurrent Preclean
[2020-01-29T21:58:19.500+0300][127.538s][debug][gc] GC(1934) Concurrent active time: 0.155ms
[2020-01-29T21:58:19.500+0300][127.538s][info ][gc] GC(1934) Concurrent Preclean 0.186ms
[2020-01-29T21:58:19.500+0300][127.538s][info ][gc] GC(1934) Concurrent Abortable Preclean
[2020-01-29T21:58:19.500+0300][127.538s][debug][gc] GC(1934) Concurrent active time: 0.003ms
[2020-01-29T21:58:19.500+0300][127.538s][info ][gc] GC(1934) Concurrent Abortable Preclean 0.030ms
[2020-01-29T21:58:19.500+0300][127.538s][debug][gc] GC(1934) YG occupancy: 57245 K (78656 K)
[2020-01-29T21:58:19.511+0300][127.549s][info ][gc] GC(1934) Pause Remark 202M->202M(247M) 11.045ms
[2020-01-29T21:58:19.511+0300][127.549s][info ][gc] GC(1934) Concurrent Sweep
[2020-01-29T21:58:19.513+0300][127.551s][info ][gc] GC(1935) Pause Young (Allocation Failure) 200M->200M(247M) 0.040ms
[2020-01-29T21:58:19.581+0300][127.619s][debug][gc] GC(1934) Concurrent active time: 70.453ms
[2020-01-29T21:58:19.581+0300][127.620s][info ][gc] GC(1934) Concurrent Sweep 70.697ms
[2020-01-29T21:58:19.581+0300][127.620s][debug][gc] GC(1936) Concurrent mode failure
[2020-01-29T21:58:19.679+0300][127.718s][info ][gc] GC(1936) Pause Full (Allocation Failure) 200M->70M(247M) 166.056ms
[2020-01-29T21:58:19.763+0300][127.801s][info ][gc] GC(1937) Pause Young (Allocation Failure) 137M->155M(247M) 63.839ms
[2020-01-29T21:58:19.773+0300][127.811s][info ][gc] GC(1938) Pause Initial Mark 174M->174M(247M) 8.862ms
[2020-01-29T21:58:19.773+0300][127.811s][info ][gc] GC(1938) Concurrent Mark
[2020-01-29T21:58:19.776+0300][127.814s][debug][gc] GC(1938) Concurrent active time: 3.095ms
[2020-01-29T21:58:19.776+0300][127.814s][info ][gc] GC(1938) Concurrent Mark 3.158ms
[2020-01-29T21:58:19.776+0300][127.814s][info ][gc] GC(1938) Concurrent Preclean
[2020-01-29T21:58:19.776+0300][127.814s][debug][gc] GC(1938) Concurrent active time: 0.167ms
[2020-01-29T21:58:19.776+0300][127.814s][info ][gc] GC(1938) Concurrent Preclean 0.202ms
[2020-01-29T21:58:19.776+0300][127.814s][info ][gc] GC(1938) Concurrent Abortable Preclean
[2020-01-29T21:58:19.776+0300][127.814s][debug][gc] GC(1938) Concurrent active time: 0.005ms
[2020-01-29T21:58:19.776+0300][127.814s][info ][gc] GC(1938) Concurrent Abortable Preclean 0.032ms
[2020-01-29T21:58:19.776+0300][127.814s][debug][gc] GC(1938) YG occupancy: 57248 K (78656 K)
[2020-01-29T21:58:19.790+0300][127.828s][info ][gc] GC(1938) Pause Remark 202M->202M(247M) 13.589ms
[2020-01-29T21:58:19.790+0300][127.828s][info ][gc] GC(1938) Concurrent Sweep
[2020-01-29T21:58:19.792+0300][127.831s][info ][gc] GC(1939) Pause Young (Allocation Failure) 200M->200M(247M) 0.041ms
[2020-01-29T21:58:19.860+0300][127.898s][debug][gc] GC(1938) Concurrent active time: 69.455ms
[2020-01-29T21:58:19.860+0300][127.898s][info ][gc] GC(1938) Concurrent Sweep 69.698ms
[2020-01-29T21:58:19.860+0300][127.898s][debug][gc] GC(1940) Concurrent mode failure
[2020-01-29T21:58:19.954+0300][127.993s][info ][gc] GC(1940) Pause Full (Allocation Failure) 200M->70M(247M) 162.362ms
[2020-01-29T21:58:20.028+0300][128.067s][info ][gc] GC(1941) Pause Young (Allocation Failure) 137M->155M(247M) 55.264ms
[2020-01-29T21:58:20.038+0300][128.076s][info ][gc] GC(1942) Pause Initial Mark 174M->174M(247M) 8.821ms
[2020-01-29T21:58:20.038+0300][128.076s][info ][gc] GC(1942) Concurrent Mark
[2020-01-29T21:58:20.041+0300][128.080s][debug][gc] GC(1942) Concurrent active time: 3.263ms
[2020-01-29T21:58:20.041+0300][128.080s][info ][gc] GC(1942) Concurrent Mark 3.333ms
[2020-01-29T21:58:20.041+0300][128.080s][info ][gc] GC(1942) Concurrent Preclean
[2020-01-29T21:58:20.041+0300][128.080s][debug][gc] GC(1942) Concurrent active time: 0.196ms
[2020-01-29T21:58:20.041+0300][128.080s][info ][gc] GC(1942) Concurrent Preclean 0.228ms
[2020-01-29T21:58:20.041+0300][128.080s][info ][gc] GC(1942) Concurrent Abortable Preclean
[2020-01-29T21:58:20.041+0300][128.080s][debug][gc] GC(1942) Concurrent active time: 0.004ms
[2020-01-29T21:58:20.041+0300][128.080s][info ][gc] GC(1942) Concurrent Abortable Preclean 0.031ms
[2020-01-29T21:58:20.041+0300][128.080s][debug][gc] GC(1942) YG occupancy: 57265 K (78656 K)
[2020-01-29T21:58:20.053+0300][128.091s][info ][gc] GC(1942) Pause Remark 202M->202M(247M) 11.152ms
[2020-01-29T21:58:20.053+0300][128.091s][info ][gc] GC(1942) Concurrent Sweep
[2020-01-29T21:58:20.056+0300][128.094s][info ][gc] GC(1943) Pause Young (Allocation Failure) 199M->199M(247M) 0.043ms
[2020-01-29T21:58:20.121+0300][128.160s][debug][gc] GC(1942) Concurrent active time: 68.171ms
[2020-01-29T21:58:20.121+0300][128.160s][info ][gc] GC(1942) Concurrent Sweep 68.454ms
[2020-01-29T21:58:20.121+0300][128.160s][debug][gc] GC(1944) Concurrent mode failure
[2020-01-29T21:58:20.216+0300][128.255s][info ][gc] GC(1944) Pause Full (Allocation Failure) 199M->70M(247M) 160.089ms
[2020-01-29T21:58:20.287+0300][128.326s][info ][gc] GC(1945) Pause Young (Allocation Failure) 137M->155M(247M) 53.780ms
[2020-01-29T21:58:20.297+0300][128.336s][info ][gc] GC(1946) Pause Initial Mark 174M->174M(247M) 8.829ms
[2020-01-29T21:58:20.297+0300][128.336s][info ][gc] GC(1946) Concurrent Mark
[2020-01-29T21:58:20.300+0300][128.339s][debug][gc] GC(1946) Concurrent active time: 3.019ms
[2020-01-29T21:58:20.300+0300][128.339s][info ][gc] GC(1946) Concurrent Mark 3.074ms
[2020-01-29T21:58:20.300+0300][128.339s][info ][gc] GC(1946) Concurrent Preclean
[2020-01-29T21:58:20.301+0300][128.339s][debug][gc] GC(1946) Concurrent active time: 0.158ms
[2020-01-29T21:58:20.301+0300][128.339s][info ][gc] GC(1946) Concurrent Preclean 0.188ms
[2020-01-29T21:58:20.301+0300][128.339s][info ][gc] GC(1946) Concurrent Abortable Preclean
[2020-01-29T21:58:20.301+0300][128.340s][debug][gc] GC(1946) Concurrent active time: 0.004ms
[2020-01-29T21:58:20.301+0300][128.340s][info ][gc] GC(1946) Concurrent Abortable Preclean 0.031ms
[2020-01-29T21:58:20.301+0300][128.340s][debug][gc] GC(1946) YG occupancy: 57243 K (78656 K)
[2020-01-29T21:58:20.312+0300][128.351s][info ][gc] GC(1946) Pause Remark 202M->202M(247M) 11.296ms
[2020-01-29T21:58:20.312+0300][128.351s][info ][gc] GC(1946) Concurrent Sweep
[2020-01-29T21:58:20.315+0300][128.354s][info ][gc] GC(1947) Pause Young (Allocation Failure) 200M->200M(247M) 0.042ms
[2020-01-29T21:58:20.384+0300][128.422s][debug][gc] GC(1946) Concurrent active time: 71.320ms
[2020-01-29T21:58:20.384+0300][128.423s][info ][gc] GC(1946) Concurrent Sweep 71.580ms
[2020-01-29T21:58:20.384+0300][128.423s][debug][gc] GC(1948) Concurrent mode failure
[2020-01-29T21:58:20.480+0300][128.518s][info ][gc] GC(1948) Pause Full (Allocation Failure) 200M->70M(247M) 164.628ms
[2020-01-29T21:58:20.554+0300][128.593s][info ][gc] GC(1949) Pause Young (Allocation Failure) 137M->155M(247M) 56.102ms
[2020-01-29T21:58:20.564+0300][128.603s][info ][gc] GC(1950) Pause Initial Mark 174M->174M(247M) 8.818ms
[2020-01-29T21:58:20.564+0300][128.603s][info ][gc] GC(1950) Concurrent Mark
[2020-01-29T21:58:20.567+0300][128.606s][debug][gc] GC(1950) Concurrent active time: 3.032ms
[2020-01-29T21:58:20.567+0300][128.606s][info ][gc] GC(1950) Concurrent Mark 3.086ms
[2020-01-29T21:58:20.567+0300][128.606s][info ][gc] GC(1950) Concurrent Preclean
[2020-01-29T21:58:20.567+0300][128.606s][debug][gc] GC(1950) Concurrent active time: 0.155ms
[2020-01-29T21:58:20.567+0300][128.606s][info ][gc] GC(1950) Concurrent Preclean 0.193ms
[2020-01-29T21:58:20.567+0300][128.606s][info ][gc] GC(1950) Concurrent Abortable Preclean
[2020-01-29T21:58:20.567+0300][128.606s][debug][gc] GC(1950) Concurrent active time: 0.003ms
[2020-01-29T21:58:20.567+0300][128.606s][info ][gc] GC(1950) Concurrent Abortable Preclean 0.030ms
[2020-01-29T21:58:20.567+0300][128.606s][debug][gc] GC(1950) YG occupancy: 57247 K (78656 K)
[2020-01-29T21:58:20.578+0300][128.617s][info ][gc] GC(1950) Pause Remark 202M->202M(247M) 11.038ms
[2020-01-29T21:58:20.579+0300][128.617s][info ][gc] GC(1950) Concurrent Sweep
[2020-01-29T21:58:20.581+0300][128.620s][info ][gc] GC(1951) Pause Young (Allocation Failure) 200M->200M(247M) 0.040ms
[2020-01-29T21:58:20.649+0300][128.687s][debug][gc] GC(1950) Concurrent active time: 69.255ms
[2020-01-29T21:58:20.649+0300][128.687s][info ][gc] GC(1950) Concurrent Sweep 69.489ms
[2020-01-29T21:58:20.649+0300][128.687s][debug][gc] GC(1952) Concurrent mode failure
[2020-01-29T21:58:20.743+0300][128.782s][info ][gc] GC(1952) Pause Full (Allocation Failure) 200M->70M(247M) 161.850ms
[2020-01-29T21:58:20.816+0300][128.854s][info ][gc] GC(1953) Pause Young (Allocation Failure) 137M->155M(247M) 53.857ms
[2020-01-29T21:58:20.825+0300][128.864s][info ][gc] GC(1954) Pause Initial Mark 174M->174M(247M) 8.858ms
[2020-01-29T21:58:20.825+0300][128.864s][info ][gc] GC(1954) Concurrent Mark
[2020-01-29T21:58:20.828+0300][128.867s][debug][gc] GC(1954) Concurrent active time: 3.015ms
[2020-01-29T21:58:20.828+0300][128.867s][info ][gc] GC(1954) Concurrent Mark 3.068ms
[2020-01-29T21:58:20.828+0300][128.867s][info ][gc] GC(1954) Concurrent Preclean
[2020-01-29T21:58:20.829+0300][128.867s][debug][gc] GC(1954) Concurrent active time: 0.159ms
[2020-01-29T21:58:20.829+0300][128.867s][info ][gc] GC(1954) Concurrent Preclean 0.190ms
[2020-01-29T21:58:20.829+0300][128.867s][info ][gc] GC(1954) Concurrent Abortable Preclean
[2020-01-29T21:58:20.829+0300][128.867s][debug][gc] GC(1954) Concurrent active time: 0.004ms
[2020-01-29T21:58:20.829+0300][128.867s][info ][gc] GC(1954) Concurrent Abortable Preclean 0.031ms
[2020-01-29T21:58:20.829+0300][128.867s][debug][gc] GC(1954) YG occupancy: 57249 K (78656 K)
[2020-01-29T21:58:20.840+0300][128.878s][info ][gc] GC(1954) Pause Remark 202M->202M(247M) 11.040ms
[2020-01-29T21:58:20.840+0300][128.878s][info ][gc] GC(1954) Concurrent Sweep
[2020-01-29T21:58:20.842+0300][128.881s][info ][gc] GC(1955) Pause Young (Allocation Failure) 200M->200M(247M) 0.040ms
[2020-01-29T21:58:20.909+0300][128.947s][debug][gc] GC(1954) Concurrent active time: 68.899ms
[2020-01-29T21:58:20.909+0300][128.947s][info ][gc] GC(1954) Concurrent Sweep 69.140ms
[2020-01-29T21:58:20.909+0300][128.948s][debug][gc] GC(1956) Concurrent mode failure
[2020-01-29T21:58:21.004+0300][129.042s][info ][gc] GC(1956) Pause Full (Allocation Failure) 200M->70M(247M) 161.477ms
[2020-01-29T21:58:21.076+0300][129.115s][info ][gc] GC(1957) Pause Young (Allocation Failure) 137M->155M(247M) 53.392ms
[2020-01-29T21:58:21.086+0300][129.125s][info ][gc] GC(1958) Pause Initial Mark 174M->174M(247M) 8.858ms
[2020-01-29T21:58:21.086+0300][129.125s][info ][gc] GC(1958) Concurrent Mark
[2020-01-29T21:58:21.090+0300][129.128s][debug][gc] GC(1958) Concurrent active time: 3.402ms
[2020-01-29T21:58:21.090+0300][129.128s][info ][gc] GC(1958) Concurrent Mark 3.487ms
[2020-01-29T21:58:21.090+0300][129.128s][info ][gc] GC(1958) Concurrent Preclean
[2020-01-29T21:58:21.090+0300][129.129s][debug][gc] GC(1958) Concurrent active time: 0.186ms
[2020-01-29T21:58:21.090+0300][129.129s][info ][gc] GC(1958) Concurrent Preclean 0.222ms
[2020-01-29T21:58:21.090+0300][129.129s][info ][gc] GC(1958) Concurrent Abortable Preclean
[2020-01-29T21:58:21.090+0300][129.129s][debug][gc] GC(1958) Concurrent active time: 0.004ms
[2020-01-29T21:58:21.090+0300][129.129s][info ][gc] GC(1958) Concurrent Abortable Preclean 0.031ms
[2020-01-29T21:58:21.090+0300][129.129s][debug][gc] GC(1958) YG occupancy: 55886 K (78656 K)
[2020-01-29T21:58:21.102+0300][129.140s][info ][gc] GC(1958) Pause Remark 201M->201M(247M) 11.567ms
[2020-01-29T21:58:21.102+0300][129.140s][info ][gc] GC(1958) Concurrent Sweep
[2020-01-29T21:58:21.105+0300][129.144s][info ][gc] GC(1959) Pause Young (Allocation Failure) 199M->199M(247M) 0.045ms
[2020-01-29T21:58:21.171+0300][129.209s][debug][gc] GC(1958) Concurrent active time: 68.650ms
[2020-01-29T21:58:21.171+0300][129.209s][info ][gc] GC(1958) Concurrent Sweep 68.933ms
[2020-01-29T21:58:21.171+0300][129.209s][debug][gc] GC(1960) Concurrent mode failure
[2020-01-29T21:58:21.266+0300][129.305s][info ][gc] GC(1960) Pause Full (Allocation Failure) 199M->70M(247M) 160.653ms
[2020-01-29T21:58:21.352+0300][129.390s][info ][gc] GC(1961) Pause Young (Allocation Failure) 137M->155M(247M) 66.555ms
[2020-01-29T21:58:21.363+0300][129.401s][info ][gc] GC(1962) Pause Initial Mark 174M->174M(247M) 9.194ms
[2020-01-29T21:58:21.363+0300][129.401s][info ][gc] GC(1962) Concurrent Mark
[2020-01-29T21:58:21.366+0300][129.404s][debug][gc] GC(1962) Concurrent active time: 3.359ms
[2020-01-29T21:58:21.366+0300][129.404s][info ][gc] GC(1962) Concurrent Mark 3.437ms
[2020-01-29T21:58:21.366+0300][129.404s][info ][gc] GC(1962) Concurrent Preclean
[2020-01-29T21:58:21.366+0300][129.404s][debug][gc] GC(1962) Concurrent active time: 0.173ms
[2020-01-29T21:58:21.366+0300][129.405s][info ][gc] GC(1962) Concurrent Preclean 0.205ms
[2020-01-29T21:58:21.366+0300][129.405s][info ][gc] GC(1962) Concurrent Abortable Preclean
[2020-01-29T21:58:21.366+0300][129.405s][debug][gc] GC(1962) Concurrent active time: 0.005ms
[2020-01-29T21:58:21.366+0300][129.405s][info ][gc] GC(1962) Concurrent Abortable Preclean 0.032ms
[2020-01-29T21:58:21.367+0300][129.405s][debug][gc] GC(1962) YG occupancy: 55863 K (78656 K)
[2020-01-29T21:58:21.378+0300][129.416s][info ][gc] GC(1962) Pause Remark 201M->201M(247M) 11.491ms
[2020-01-29T21:58:21.378+0300][129.416s][info ][gc] GC(1962) Concurrent Sweep
[2020-01-29T21:58:21.381+0300][129.419s][info ][gc] GC(1963) Pause Young (Allocation Failure) 200M->200M(247M) 0.046ms
[2020-01-29T21:58:21.446+0300][129.485s][debug][gc] GC(1962) Concurrent active time: 68.859ms
[2020-01-29T21:58:21.446+0300][129.485s][info ][gc] GC(1962) Concurrent Sweep 69.137ms
[2020-01-29T21:58:21.446+0300][129.485s][debug][gc] GC(1964) Concurrent mode failure
[2020-01-29T21:58:21.545+0300][129.583s][info ][gc] GC(1964) Pause Full (Allocation Failure) 200M->70M(247M) 163.529ms
[2020-01-29T21:58:21.623+0300][129.662s][info ][gc] GC(1965) Pause Young (Allocation Failure) 137M->155M(247M) 57.874ms
[2020-01-29T21:58:21.632+0300][129.671s][info ][gc] GC(1966) Pause Initial Mark 174M->174M(247M) 8.826ms
[2020-01-29T21:58:21.632+0300][129.671s][info ][gc] GC(1966) Concurrent Mark
[2020-01-29T21:58:21.635+0300][129.674s][debug][gc] GC(1966) Concurrent active time: 3.032ms
[2020-01-29T21:58:21.635+0300][129.674s][info ][gc] GC(1966) Concurrent Mark 3.087ms
[2020-01-29T21:58:21.635+0300][129.674s][info ][gc] GC(1966) Concurrent Preclean
[2020-01-29T21:58:21.636+0300][129.674s][debug][gc] GC(1966) Concurrent active time: 0.163ms
[2020-01-29T21:58:21.636+0300][129.674s][info ][gc] GC(1966) Concurrent Preclean 0.195ms
[2020-01-29T21:58:21.636+0300][129.674s][info ][gc] GC(1966) Concurrent Abortable Preclean
[2020-01-29T21:58:21.636+0300][129.674s][debug][gc] GC(1966) Concurrent active time: 0.005ms
[2020-01-29T21:58:21.636+0300][129.674s][info ][gc] GC(1966) Concurrent Abortable Preclean 0.031ms
[2020-01-29T21:58:21.636+0300][129.675s][debug][gc] GC(1966) YG occupancy: 55868 K (78656 K)
[2020-01-29T21:58:21.651+0300][129.690s][info ][gc] GC(1966) Pause Remark 201M->201M(247M) 15.156ms
[2020-01-29T21:58:21.651+0300][129.690s][info ][gc] GC(1966) Concurrent Sweep
[2020-01-29T21:58:21.654+0300][129.693s][info ][gc] GC(1967) Pause Young (Allocation Failure) 200M->200M(247M) 0.042ms
[2020-01-29T21:58:21.721+0300][129.760s][debug][gc] GC(1966) Concurrent active time: 69.626ms
[2020-01-29T21:58:21.721+0300][129.760s][info ][gc] GC(1966) Concurrent Sweep 69.880ms
[2020-01-29T21:58:21.721+0300][129.760s][debug][gc] GC(1968) Concurrent mode failure
[2020-01-29T21:58:21.817+0300][129.855s][info ][gc] GC(1968) Pause Full (Allocation Failure) 200M->70M(247M) 162.561ms
[2020-01-29T21:58:21.891+0300][129.929s][info ][gc] GC(1969) Pause Young (Allocation Failure) 137M->155M(247M) 55.127ms
[2020-01-29T21:58:21.901+0300][129.939s][info ][gc] GC(1970) Pause Initial Mark 174M->174M(247M) 8.823ms
[2020-01-29T21:58:21.901+0300][129.939s][info ][gc] GC(1970) Concurrent Mark
[2020-01-29T21:58:21.904+0300][129.942s][debug][gc] GC(1970) Concurrent active time: 3.202ms
[2020-01-29T21:58:21.904+0300][129.942s][info ][gc] GC(1970) Concurrent Mark 3.371ms
[2020-01-29T21:58:21.904+0300][129.942s][info ][gc] GC(1970) Concurrent Preclean
[2020-01-29T21:58:21.904+0300][129.942s][debug][gc] GC(1970) Concurrent active time: 0.227ms
[2020-01-29T21:58:21.904+0300][129.942s][info ][gc] GC(1970) Concurrent Preclean 0.260ms
[2020-01-29T21:58:21.904+0300][129.942s][info ][gc] GC(1970) Concurrent Abortable Preclean
[2020-01-29T21:58:21.904+0300][129.942s][debug][gc] GC(1970) Concurrent active time: 0.004ms
[2020-01-29T21:58:21.904+0300][129.942s][info ][gc] GC(1970) Concurrent Abortable Preclean 0.031ms
[2020-01-29T21:58:21.904+0300][129.943s][debug][gc] GC(1970) YG occupancy: 58736 K (78656 K)
[2020-01-29T21:58:21.915+0300][129.954s][info ][gc] GC(1970) Pause Remark 204M->204M(247M) 11.083ms
[2020-01-29T21:58:21.915+0300][129.954s][info ][gc] GC(1970) Concurrent Sweep
[2020-01-29T21:58:21.918+0300][129.956s][info ][gc] GC(1971) Pause Young (Allocation Failure) 200M->200M(247M) 0.040ms
[2020-01-29T21:58:21.984+0300][130.023s][debug][gc] GC(1970) Concurrent active time: 69.568ms
[2020-01-29T21:58:21.985+0300][130.023s][info ][gc] GC(1970) Concurrent Sweep 69.830ms
[2020-01-29T21:58:21.985+0300][130.024s][debug][gc] GC(1972) Concurrent mode failure
[2020-01-29T21:58:22.082+0300][130.120s][info ][gc] GC(1972) Pause Full (Allocation Failure) 200M->70M(247M) 163.776ms
[2020-01-29T21:58:22.158+0300][130.197s][info ][gc] GC(1973) Pause Young (Allocation Failure) 137M->155M(247M) 58.087ms
[2020-01-29T21:58:22.168+0300][130.206s][info ][gc] GC(1974) Pause Initial Mark 174M->174M(247M) 8.832ms
[2020-01-29T21:58:22.168+0300][130.206s][info ][gc] GC(1974) Concurrent Mark
[2020-01-29T21:58:22.171+0300][130.210s][debug][gc] GC(1974) Concurrent active time: 3.051ms
[2020-01-29T21:58:22.171+0300][130.210s][info ][gc] GC(1974) Concurrent Mark 3.115ms
[2020-01-29T21:58:22.171+0300][130.210s][info ][gc] GC(1974) Concurrent Preclean
[2020-01-29T21:58:22.171+0300][130.210s][debug][gc] GC(1974) Concurrent active time: 0.160ms
[2020-01-29T21:58:22.171+0300][130.210s][info ][gc] GC(1974) Concurrent Preclean 0.193ms
[2020-01-29T21:58:22.171+0300][130.210s][info ][gc] GC(1974) Concurrent Abortable Preclean
[2020-01-29T21:58:22.171+0300][130.210s][debug][gc] GC(1974) Concurrent active time: 0.004ms
[2020-01-29T21:58:22.171+0300][130.210s][info ][gc] GC(1974) Concurrent Abortable Preclean 0.030ms
[2020-01-29T21:58:22.171+0300][130.210s][debug][gc] GC(1974) YG occupancy: 57246 K (78656 K)
[2020-01-29T21:58:22.183+0300][130.221s][info ][gc] GC(1974) Pause Remark 202M->202M(247M) 11.058ms
[2020-01-29T21:58:22.183+0300][130.221s][info ][gc] GC(1974) Concurrent Sweep
[2020-01-29T21:58:22.185+0300][130.224s][info ][gc] GC(1975) Pause Young (Allocation Failure) 201M->201M(247M) 0.040ms
[2020-01-29T21:58:22.252+0300][130.290s][debug][gc] GC(1974) Concurrent active time: 69.167ms
[2020-01-29T21:58:22.252+0300][130.290s][info ][gc] GC(1974) Concurrent Sweep 69.404ms
[2020-01-29T21:58:22.252+0300][130.290s][debug][gc] GC(1976) Concurrent mode failure
[2020-01-29T21:58:22.348+0300][130.386s][info ][gc] GC(1976) Pause Full (Allocation Failure) 201M->70M(247M) 162.437ms
[2020-01-29T21:58:22.420+0300][130.458s][info ][gc] GC(1977) Pause Young (Allocation Failure) 137M->155M(247M) 53.066ms
[2020-01-29T21:58:22.429+0300][130.468s][info ][gc] GC(1978) Pause Initial Mark 174M->174M(247M) 8.829ms
[2020-01-29T21:58:22.430+0300][130.468s][info ][gc] GC(1978) Concurrent Mark
[2020-01-29T21:58:22.433+0300][130.471s][debug][gc] GC(1978) Concurrent active time: 3.016ms
[2020-01-29T21:58:22.433+0300][130.471s][info ][gc] GC(1978) Concurrent Mark 3.070ms
[2020-01-29T21:58:22.433+0300][130.471s][info ][gc] GC(1978) Concurrent Preclean
[2020-01-29T21:58:22.433+0300][130.471s][debug][gc] GC(1978) Concurrent active time: 0.156ms
[2020-01-29T21:58:22.433+0300][130.471s][info ][gc] GC(1978) Concurrent Preclean 0.187ms
[2020-01-29T21:58:22.433+0300][130.471s][info ][gc] GC(1978) Concurrent Abortable Preclean
[2020-01-29T21:58:22.433+0300][130.471s][debug][gc] GC(1978) Concurrent active time: 0.003ms
[2020-01-29T21:58:22.433+0300][130.471s][info ][gc] GC(1978) Concurrent Abortable Preclean 0.030ms
[2020-01-29T21:58:22.433+0300][130.471s][debug][gc] GC(1978) YG occupancy: 57249 K (78656 K)
[2020-01-29T21:58:22.444+0300][130.482s][info ][gc] GC(1978) Pause Remark 202M->202M(247M) 11.029ms
[2020-01-29T21:58:22.444+0300][130.482s][info ][gc] GC(1978) Concurrent Sweep
[2020-01-29T21:58:22.447+0300][130.485s][info ][gc] GC(1979) Pause Young (Allocation Failure) 201M->201M(247M) 0.041ms
[2020-01-29T21:58:22.514+0300][130.552s][debug][gc] GC(1978) Concurrent active time: 69.456ms
[2020-01-29T21:58:22.514+0300][130.552s][info ][gc] GC(1978) Concurrent Sweep 69.694ms
[2020-01-29T21:58:22.514+0300][130.552s][debug][gc] GC(1980) Concurrent mode failure
[2020-01-29T21:58:22.610+0300][130.648s][info ][gc] GC(1980) Pause Full (Allocation Failure) 201M->70M(247M) 163.375ms
[2020-01-29T21:58:22.687+0300][130.726s][info ][gc] GC(1981) Pause Young (Allocation Failure) 137M->155M(247M) 59.215ms
[2020-01-29T21:58:22.697+0300][130.735s][info ][gc] GC(1982) Pause Initial Mark 174M->174M(247M) 8.814ms
[2020-01-29T21:58:22.697+0300][130.735s][info ][gc] GC(1982) Concurrent Mark
[2020-01-29T21:58:22.700+0300][130.738s][debug][gc] GC(1982) Concurrent active time: 3.031ms
[2020-01-29T21:58:22.700+0300][130.738s][info ][gc] GC(1982) Concurrent Mark 3.086ms
[2020-01-29T21:58:22.700+0300][130.738s][info ][gc] GC(1982) Concurrent Preclean
[2020-01-29T21:58:22.700+0300][130.738s][debug][gc] GC(1982) Concurrent active time: 0.156ms
[2020-01-29T21:58:22.700+0300][130.738s][info ][gc] GC(1982) Concurrent Preclean 0.186ms
[2020-01-29T21:58:22.700+0300][130.738s][info ][gc] GC(1982) Concurrent Abortable Preclean
[2020-01-29T21:58:22.700+0300][130.738s][debug][gc] GC(1982) Concurrent active time: 0.004ms
[2020-01-29T21:58:22.700+0300][130.738s][info ][gc] GC(1982) Concurrent Abortable Preclean 0.030ms
[2020-01-29T21:58:22.700+0300][130.739s][debug][gc] GC(1982) YG occupancy: 57250 K (78656 K)
[2020-01-29T21:58:22.711+0300][130.750s][info ][gc] GC(1982) Pause Remark 202M->202M(247M) 11.059ms
[2020-01-29T21:58:22.711+0300][130.750s][info ][gc] GC(1982) Concurrent Sweep
[2020-01-29T21:58:22.714+0300][130.752s][info ][gc] GC(1983) Pause Young (Allocation Failure) 200M->200M(247M) 0.042ms
[2020-01-29T21:58:22.781+0300][130.819s][debug][gc] GC(1982) Concurrent active time: 69.453ms
[2020-01-29T21:58:22.781+0300][130.819s][info ][gc] GC(1982) Concurrent Sweep 69.697ms
[2020-01-29T21:58:22.781+0300][130.819s][debug][gc] GC(1984) Concurrent mode failure
[2020-01-29T21:58:22.877+0300][130.915s][info ][gc] GC(1984) Pause Full (Allocation Failure) 200M->70M(247M) 162.588ms
[2020-01-29T21:58:22.948+0300][130.987s][info ][gc] GC(1985) Pause Young (Allocation Failure) 137M->155M(247M) 53.705ms
[2020-01-29T21:58:22.958+0300][130.997s][info ][gc] GC(1986) Pause Initial Mark 174M->174M(247M) 8.817ms
[2020-01-29T21:58:22.958+0300][130.997s][info ][gc] GC(1986) Concurrent Mark
[2020-01-29T21:58:22.961+0300][131.000s][debug][gc] GC(1986) Concurrent active time: 3.018ms
[2020-01-29T21:58:22.961+0300][131.000s][info ][gc] GC(1986) Concurrent Mark 3.074ms
[2020-01-29T21:58:22.961+0300][131.000s][info ][gc] GC(1986) Concurrent Preclean
[2020-01-29T21:58:22.961+0300][131.000s][debug][gc] GC(1986) Concurrent active time: 0.153ms
[2020-01-29T21:58:22.961+0300][131.000s][info ][gc] GC(1986) Concurrent Preclean 0.191ms
[2020-01-29T21:58:22.961+0300][131.000s][info ][gc] GC(1986) Concurrent Abortable Preclean
[2020-01-29T21:58:22.961+0300][131.000s][debug][gc] GC(1986) Concurrent active time: 0.004ms
[2020-01-29T21:58:22.961+0300][131.000s][info ][gc] GC(1986) Concurrent Abortable Preclean 0.030ms
[2020-01-29T21:58:22.961+0300][131.000s][debug][gc] GC(1986) YG occupancy: 57235 K (78656 K)
[2020-01-29T21:58:22.973+0300][131.011s][info ][gc] GC(1986) Pause Remark 202M->202M(247M) 11.068ms
[2020-01-29T21:58:22.973+0300][131.012s][info ][gc] GC(1986) Concurrent Sweep
[2020-01-29T21:58:22.976+0300][131.015s][info ][gc] GC(1987) Pause Young (Allocation Failure) 199M->199M(247M) 0.047ms
[2020-01-29T21:58:23.041+0300][131.080s][debug][gc] GC(1986) Concurrent active time: 67.972ms
[2020-01-29T21:58:23.041+0300][131.080s][info ][gc] GC(1986) Concurrent Sweep 68.257ms
[2020-01-29T21:58:23.041+0300][131.080s][debug][gc] GC(1988) Concurrent mode failure
[2020-01-29T21:58:23.136+0300][131.174s][info ][gc] GC(1988) Pause Full (Allocation Failure) 199M->70M(247M) 159.624ms
[2020-01-29T21:58:23.233+0300][131.271s][info ][gc] GC(1989) Pause Young (Allocation Failure) 137M->155M(247M) 77.919ms
[2020-01-29T21:58:23.243+0300][131.281s][info ][gc] GC(1990) Pause Initial Mark 174M->174M(247M) 8.867ms
[2020-01-29T21:58:23.243+0300][131.281s][info ][gc] GC(1990) Concurrent Mark
[2020-01-29T21:58:23.246+0300][131.284s][debug][gc] GC(1990) Concurrent active time: 3.199ms
[2020-01-29T21:58:23.246+0300][131.284s][info ][gc] GC(1990) Concurrent Mark 3.266ms
[2020-01-29T21:58:23.246+0300][131.284s][info ][gc] GC(1990) Concurrent Preclean
[2020-01-29T21:58:23.246+0300][131.285s][debug][gc] GC(1990) Concurrent active time: 0.167ms
[2020-01-29T21:58:23.246+0300][131.285s][info ][gc] GC(1990) Concurrent Preclean 0.201ms
[2020-01-29T21:58:23.246+0300][131.285s][info ][gc] GC(1990) Concurrent Abortable Preclean
[2020-01-29T21:58:23.246+0300][131.285s][debug][gc] GC(1990) Concurrent active time: 0.004ms
[2020-01-29T21:58:23.246+0300][131.285s][info ][gc] GC(1990) Concurrent Abortable Preclean 0.031ms
[2020-01-29T21:58:23.247+0300][131.285s][debug][gc] GC(1990) YG occupancy: 57239 K (78656 K)
[2020-01-29T21:58:23.258+0300][131.296s][info ][gc] GC(1990) Pause Remark 202M->202M(247M) 11.191ms
[2020-01-29T21:58:23.258+0300][131.296s][info ][gc] GC(1990) Concurrent Sweep
[2020-01-29T21:58:23.261+0300][131.299s][info ][gc] GC(1991) Pause Young (Allocation Failure) 200M->200M(247M) 0.045ms
[2020-01-29T21:58:23.326+0300][131.365s][debug][gc] GC(1990) Concurrent active time: 69.139ms
[2020-01-29T21:58:23.326+0300][131.365s][info ][gc] GC(1990) Concurrent Sweep 69.408ms
[2020-01-29T21:58:23.326+0300][131.365s][debug][gc] GC(1992) Concurrent mode failure
[2020-01-29T21:58:23.422+0300][131.461s][info ][gc] GC(1992) Pause Full (Allocation Failure) 200M->70M(247M) 162.209ms
[2020-01-29T21:58:23.496+0300][131.534s][info ][gc] GC(1993) Pause Young (Allocation Failure) 137M->155M(247M) 54.906ms
[2020-01-29T21:58:23.505+0300][131.544s][info ][gc] GC(1994) Pause Initial Mark 174M->174M(247M) 8.810ms
[2020-01-29T21:58:23.505+0300][131.544s][info ][gc] GC(1994) Concurrent Mark
[2020-01-29T21:58:23.508+0300][131.547s][debug][gc] GC(1994) Concurrent active time: 3.036ms
[2020-01-29T21:58:23.508+0300][131.547s][info ][gc] GC(1994) Concurrent Mark 3.094ms
[2020-01-29T21:58:23.508+0300][131.547s][info ][gc] GC(1994) Concurrent Preclean
[2020-01-29T21:58:23.509+0300][131.547s][debug][gc] GC(1994) Concurrent active time: 0.160ms
[2020-01-29T21:58:23.509+0300][131.547s][info ][gc] GC(1994) Concurrent Preclean 0.191ms
[2020-01-29T21:58:23.509+0300][131.547s][info ][gc] GC(1994) Concurrent Abortable Preclean
[2020-01-29T21:58:23.509+0300][131.547s][debug][gc] GC(1994) Concurrent active time: 0.003ms
[2020-01-29T21:58:23.509+0300][131.547s][info ][gc] GC(1994) Concurrent Abortable Preclean 0.030ms
[2020-01-29T21:58:23.509+0300][131.547s][debug][gc] GC(1994) YG occupancy: 57246 K (78656 K)
[2020-01-29T21:58:23.520+0300][131.558s][info ][gc] GC(1994) Pause Remark 202M->202M(247M) 10.998ms
[2020-01-29T21:58:23.520+0300][131.558s][info ][gc] GC(1994) Concurrent Sweep
[2020-01-29T21:58:23.523+0300][131.561s][info ][gc] GC(1995) Pause Young (Allocation Failure) 200M->200M(247M) 0.044ms
[2020-01-29T21:58:23.590+0300][131.628s][debug][gc] GC(1994) Concurrent active time: 69.777ms
[2020-01-29T21:58:23.590+0300][131.628s][info ][gc] GC(1994) Concurrent Sweep 70.042ms
[2020-01-29T21:58:23.590+0300][131.628s][debug][gc] GC(1996) Concurrent mode failure
[2020-01-29T21:58:23.685+0300][131.724s][info ][gc] GC(1996) Pause Full (Allocation Failure) 200M->70M(247M) 162.766ms
[2020-01-29T21:58:23.759+0300][131.797s][info ][gc] GC(1997) Pause Young (Allocation Failure) 137M->155M(247M) 54.604ms
[2020-01-29T21:58:23.768+0300][131.807s][info ][gc] GC(1998) Pause Initial Mark 174M->174M(247M) 8.849ms
[2020-01-29T21:58:23.769+0300][131.807s][info ][gc] GC(1998) Concurrent Mark
[2020-01-29T21:58:23.772+0300][131.810s][debug][gc] GC(1998) Concurrent active time: 3.176ms
[2020-01-29T21:58:23.772+0300][131.810s][info ][gc] GC(1998) Concurrent Mark 3.241ms
[2020-01-29T21:58:23.772+0300][131.810s][info ][gc] GC(1998) Concurrent Preclean
[2020-01-29T21:58:23.772+0300][131.810s][debug][gc] GC(1998) Concurrent active time: 0.167ms
[2020-01-29T21:58:23.772+0300][131.810s][info ][gc] GC(1998) Concurrent Preclean 0.200ms
[2020-01-29T21:58:23.772+0300][131.810s][info ][gc] GC(1998) Concurrent Abortable Preclean
[2020-01-29T21:58:23.772+0300][131.810s][debug][gc] GC(1998) Concurrent active time: 0.004ms
[2020-01-29T21:58:23.772+0300][131.810s][info ][gc] GC(1998) Concurrent Abortable Preclean 0.031ms
[2020-01-29T21:58:23.772+0300][131.810s][debug][gc] GC(1998) YG occupancy: 57248 K (78656 K)
[2020-01-29T21:58:23.789+0300][131.827s][info ][gc] GC(1998) Pause Remark 202M->202M(247M) 16.379ms
[2020-01-29T21:58:23.789+0300][131.827s][info ][gc] GC(1998) Concurrent Sweep
[2020-01-29T21:58:23.792+0300][131.830s][info ][gc] GC(1999) Pause Young (Allocation Failure) 200M->200M(247M) 0.044ms
[2020-01-29T21:58:23.857+0300][131.896s][debug][gc] GC(1998) Concurrent active time: 68.515ms
[2020-01-29T21:58:23.857+0300][131.896s][info ][gc] GC(1998) Concurrent Sweep 68.789ms
[2020-01-29T21:58:23.857+0300][131.896s][debug][gc] GC(2000) Concurrent mode failure
[2020-01-29T21:58:23.953+0300][131.991s][info ][gc] GC(2000) Pause Full (Allocation Failure) 200M->70M(247M) 161.675ms
[2020-01-29T21:58:24.025+0300][132.064s][info ][gc] GC(2001) Pause Young (Allocation Failure) 137M->155M(247M) 53.515ms
[2020-01-29T21:58:24.035+0300][132.073s][info ][gc] GC(2002) Pause Initial Mark 174M->174M(247M) 8.821ms
[2020-01-29T21:58:24.035+0300][132.073s][info ][gc] GC(2002) Concurrent Mark
[2020-01-29T21:58:24.038+0300][132.077s][debug][gc] GC(2002) Concurrent active time: 3.029ms
[2020-01-29T21:58:24.039+0300][132.077s][info ][gc] GC(2002) Concurrent Mark 3.086ms
[2020-01-29T21:58:24.039+0300][132.077s][info ][gc] GC(2002) Concurrent Preclean
[2020-01-29T21:58:24.039+0300][132.077s][debug][gc] GC(2002) Concurrent active time: 0.154ms
[2020-01-29T21:58:24.039+0300][132.077s][info ][gc] GC(2002) Concurrent Preclean 0.185ms
[2020-01-29T21:58:24.039+0300][132.077s][info ][gc] GC(2002) Concurrent Abortable Preclean
[2020-01-29T21:58:24.039+0300][132.077s][debug][gc] GC(2002) Concurrent active time: 0.004ms
[2020-01-29T21:58:24.039+0300][132.077s][info ][gc] GC(2002) Concurrent Abortable Preclean 0.030ms
[2020-01-29T21:58:24.039+0300][132.077s][debug][gc] GC(2002) YG occupancy: 57234 K (78656 K)
[2020-01-29T21:58:24.050+0300][132.088s][info ][gc] GC(2002) Pause Remark 202M->202M(247M) 11.038ms
[2020-01-29T21:58:24.050+0300][132.088s][info ][gc] GC(2002) Concurrent Sweep
[2020-01-29T21:58:24.053+0300][132.091s][info ][gc] GC(2003) Pause Young (Allocation Failure) 200M->200M(247M) 0.039ms
[2020-01-29T21:58:24.119+0300][132.157s][debug][gc] GC(2002) Concurrent active time: 69.104ms
[2020-01-29T21:58:24.119+0300][132.157s][info ][gc] GC(2002) Concurrent Sweep 69.518ms
[2020-01-29T21:58:24.119+0300][132.157s][debug][gc] GC(2004) Concurrent mode failure
[2020-01-29T21:58:24.214+0300][132.252s][info ][gc] GC(2004) Pause Full (Allocation Failure) 200M->70M(247M) 161.747ms
[2020-01-29T21:58:24.288+0300][132.326s][info ][gc] GC(2005) Pause Young (Allocation Failure) 137M->155M(247M) 55.170ms
[2020-01-29T21:58:24.297+0300][132.336s][info ][gc] GC(2006) Pause Initial Mark 174M->174M(247M) 8.809ms
[2020-01-29T21:58:24.298+0300][132.336s][info ][gc] GC(2006) Concurrent Mark
[2020-01-29T21:58:24.301+0300][132.339s][debug][gc] GC(2006) Concurrent active time: 3.020ms
[2020-01-29T21:58:24.301+0300][132.339s][info ][gc] GC(2006) Concurrent Mark 3.075ms
[2020-01-29T21:58:24.301+0300][132.339s][info ][gc] GC(2006) Concurrent Preclean
[2020-01-29T21:58:24.301+0300][132.339s][debug][gc] GC(2006) Concurrent active time: 0.154ms
[2020-01-29T21:58:24.301+0300][132.339s][info ][gc] GC(2006) Concurrent Preclean 0.185ms
[2020-01-29T21:58:24.301+0300][132.339s][info ][gc] GC(2006) Concurrent Abortable Preclean
[2020-01-29T21:58:24.301+0300][132.339s][debug][gc] GC(2006) Concurrent active time: 0.004ms
[2020-01-29T21:58:24.301+0300][132.339s][info ][gc] GC(2006) Concurrent Abortable Preclean 0.031ms
[2020-01-29T21:58:24.301+0300][132.339s][debug][gc] GC(2006) YG occupancy: 57239 K (78656 K)
[2020-01-29T21:58:24.312+0300][132.351s][info ][gc] GC(2006) Pause Remark 202M->202M(247M) 11.294ms
[2020-01-29T21:58:24.312+0300][132.351s][info ][gc] GC(2006) Concurrent Sweep
[2020-01-29T21:58:24.315+0300][132.353s][info ][gc] GC(2007) Pause Young (Allocation Failure) 200M->200M(247M) 0.042ms
[2020-01-29T21:58:24.382+0300][132.420s][debug][gc] GC(2006) Concurrent active time: 68.990ms
[2020-01-29T21:58:24.382+0300][132.420s][info ][gc] GC(2006) Concurrent Sweep 69.242ms
[2020-01-29T21:58:24.382+0300][132.420s][debug][gc] GC(2008) Concurrent mode failure
[2020-01-29T21:58:24.476+0300][132.514s][info ][gc] GC(2008) Pause Full (Allocation Failure) 200M->70M(247M) 161.127ms
[2020-01-29T21:58:24.566+0300][132.604s][info ][gc] GC(2009) Pause Young (Allocation Failure) 137M->155M(247M) 71.999ms
[2020-01-29T21:58:24.576+0300][132.614s][info ][gc] GC(2010) Pause Initial Mark 174M->174M(247M) 9.046ms
[2020-01-29T21:58:24.576+0300][132.614s][info ][gc] GC(2010) Concurrent Mark
[2020-01-29T21:58:24.579+0300][132.618s][debug][gc] GC(2010) Concurrent active time: 3.162ms
[2020-01-29T21:58:24.579+0300][132.618s][info ][gc] GC(2010) Concurrent Mark 3.235ms
[2020-01-29T21:58:24.579+0300][132.618s][info ][gc] GC(2010) Concurrent Preclean
[2020-01-29T21:58:24.579+0300][132.618s][debug][gc] GC(2010) Concurrent active time: 0.164ms
[2020-01-29T21:58:24.579+0300][132.618s][info ][gc] GC(2010) Concurrent Preclean 0.198ms
[2020-01-29T21:58:24.579+0300][132.618s][info ][gc] GC(2010) Concurrent Abortable Preclean
[2020-01-29T21:58:24.579+0300][132.618s][debug][gc] GC(2010) Concurrent active time: 0.004ms
[2020-01-29T21:58:24.579+0300][132.618s][info ][gc] GC(2010) Concurrent Abortable Preclean 0.031ms
[2020-01-29T21:58:24.579+0300][132.618s][debug][gc] GC(2010) YG occupancy: 51725 K (78656 K)
[2020-01-29T21:58:24.591+0300][132.629s][info ][gc] GC(2010) Pause Remark 197M->197M(247M) 11.325ms
[2020-01-29T21:58:24.591+0300][132.629s][info ][gc] GC(2010) Concurrent Sweep
[2020-01-29T21:58:24.594+0300][132.633s][info ][gc] GC(2011) Pause Young (Allocation Failure) 199M->199M(247M) 0.044ms
[2020-01-29T21:58:24.660+0300][132.698s][debug][gc] GC(2010) Concurrent active time: 68.499ms
[2020-01-29T21:58:24.660+0300][132.698s][info ][gc] GC(2010) Concurrent Sweep 68.764ms
[2020-01-29T21:58:24.660+0300][132.698s][debug][gc] GC(2012) Concurrent mode failure
[2020-01-29T21:58:24.756+0300][132.794s][info ][gc] GC(2012) Pause Full (Allocation Failure) 199M->70M(247M) 161.668ms
[2020-01-29T21:58:24.827+0300][132.866s][info ][gc] GC(2013) Pause Young (Allocation Failure) 137M->155M(247M) 53.380ms
[2020-01-29T21:58:24.837+0300][132.876s][info ][gc] GC(2014) Pause Initial Mark 174M->174M(247M) 8.836ms
[2020-01-29T21:58:24.837+0300][132.876s][info ][gc] GC(2014) Concurrent Mark
[2020-01-29T21:58:24.840+0300][132.879s][debug][gc] GC(2014) Concurrent active time: 3.101ms
[2020-01-29T21:58:24.840+0300][132.879s][info ][gc] GC(2014) Concurrent Mark 3.161ms
[2020-01-29T21:58:24.840+0300][132.879s][info ][gc] GC(2014) Concurrent Preclean
[2020-01-29T21:58:24.840+0300][132.879s][debug][gc] GC(2014) Concurrent active time: 0.162ms
[2020-01-29T21:58:24.840+0300][132.879s][info ][gc] GC(2014) Concurrent Preclean 0.195ms
[2020-01-29T21:58:24.840+0300][132.879s][info ][gc] GC(2014) Concurrent Abortable Preclean
[2020-01-29T21:58:24.840+0300][132.879s][debug][gc] GC(2014) Concurrent active time: 0.004ms
[2020-01-29T21:58:24.840+0300][132.879s][info ][gc] GC(2014) Concurrent Abortable Preclean 0.031ms
[2020-01-29T21:58:24.840+0300][132.879s][debug][gc] GC(2014) YG occupancy: 57248 K (78656 K)
[2020-01-29T21:58:24.851+0300][132.890s][info ][gc] GC(2014) Pause Remark 202M->202M(247M) 11.055ms
[2020-01-29T21:58:24.851+0300][132.890s][info ][gc] GC(2014) Concurrent Sweep
[2020-01-29T21:58:24.854+0300][132.893s][info ][gc] GC(2015) Pause Young (Allocation Failure) 200M->200M(247M) 0.042ms
[2020-01-29T21:58:24.921+0300][132.959s][debug][gc] GC(2014) Concurrent active time: 68.823ms
[2020-01-29T21:58:24.921+0300][132.959s][info ][gc] GC(2014) Concurrent Sweep 69.082ms
[2020-01-29T21:58:24.921+0300][132.959s][debug][gc] GC(2016) Concurrent mode failure
[2020-01-29T21:58:25.016+0300][133.055s][info ][gc] GC(2016) Pause Full (Allocation Failure) 200M->70M(247M) 161.638ms
[2020-01-29T21:58:25.088+0300][133.127s][info ][gc] GC(2017) Pause Young (Allocation Failure) 137M->155M(247M) 52.709ms
[2020-01-29T21:58:25.098+0300][133.136s][info ][gc] GC(2018) Pause Initial Mark 174M->174M(247M) 8.848ms
[2020-01-29T21:58:25.098+0300][133.136s][info ][gc] GC(2018) Concurrent Mark
[2020-01-29T21:58:25.102+0300][133.140s][debug][gc] GC(2018) Concurrent active time: 3.276ms
[2020-01-29T21:58:25.102+0300][133.140s][info ][gc] GC(2018) Concurrent Mark 3.341ms
[2020-01-29T21:58:25.102+0300][133.140s][info ][gc] GC(2018) Concurrent Preclean
[2020-01-29T21:58:25.102+0300][133.140s][debug][gc] GC(2018) Concurrent active time: 0.197ms
[2020-01-29T21:58:25.102+0300][133.140s][info ][gc] GC(2018) Concurrent Preclean 0.231ms
[2020-01-29T21:58:25.102+0300][133.140s][info ][gc] GC(2018) Concurrent Abortable Preclean
[2020-01-29T21:58:25.102+0300][133.140s][debug][gc] GC(2018) Concurrent active time: 0.005ms
[2020-01-29T21:58:25.102+0300][133.140s][info ][gc] GC(2018) Concurrent Abortable Preclean 0.031ms
[2020-01-29T21:58:25.102+0300][133.140s][debug][gc] GC(2018) YG occupancy: 57266 K (78656 K)
[2020-01-29T21:58:25.113+0300][133.151s][info ][gc] GC(2018) Pause Remark 202M->202M(247M) 11.051ms
[2020-01-29T21:58:25.113+0300][133.151s][info ][gc] GC(2018) Concurrent Sweep
[2020-01-29T21:58:25.116+0300][133.154s][info ][gc] GC(2019) Pause Young (Allocation Failure) 200M->200M(247M) 0.045ms
[2020-01-29T21:58:25.182+0300][133.221s][debug][gc] GC(2018) Concurrent active time: 68.979ms
[2020-01-29T21:58:25.182+0300][133.221s][info ][gc] GC(2018) Concurrent Sweep 69.253ms
[2020-01-29T21:58:25.182+0300][133.221s][debug][gc] GC(2020) Concurrent mode failure
[2020-01-29T21:58:25.277+0300][133.316s][info ][gc] GC(2020) Pause Full (Allocation Failure) 200M->70M(247M) 161.377ms
[2020-01-29T21:58:25.350+0300][133.388s][info ][gc] GC(2021) Pause Young (Allocation Failure) 137M->155M(247M) 53.767ms
[2020-01-29T21:58:25.360+0300][133.398s][info ][gc] GC(2022) Pause Initial Mark 174M->174M(247M) 8.826ms
[2020-01-29T21:58:25.360+0300][133.398s][info ][gc] GC(2022) Concurrent Mark
[2020-01-29T21:58:25.363+0300][133.401s][debug][gc] GC(2022) Concurrent active time: 3.015ms
[2020-01-29T21:58:25.363+0300][133.401s][info ][gc] GC(2022) Concurrent Mark 3.070ms
[2020-01-29T21:58:25.363+0300][133.401s][info ][gc] GC(2022) Concurrent Preclean
[2020-01-29T21:58:25.363+0300][133.401s][debug][gc] GC(2022) Concurrent active time: 0.155ms
[2020-01-29T21:58:25.363+0300][133.401s][info ][gc] GC(2022) Concurrent Preclean 0.193ms
[2020-01-29T21:58:25.363+0300][133.401s][info ][gc] GC(2022) Concurrent Abortable Preclean
[2020-01-29T21:58:25.363+0300][133.401s][debug][gc] GC(2022) Concurrent active time: 0.004ms
[2020-01-29T21:58:25.363+0300][133.401s][info ][gc] GC(2022) Concurrent Abortable Preclean 0.031ms
[2020-01-29T21:58:25.363+0300][133.401s][debug][gc] GC(2022) YG occupancy: 57243 K (78656 K)
[2020-01-29T21:58:25.373+0300][133.412s][info ][gc] GC(2022) Pause Remark 202M->202M(247M) 11.300ms
[2020-01-29T21:58:25.373+0300][133.412s][info ][gc] GC(2022) Concurrent Sweep
[2020-01-29T21:58:25.376+0300][133.415s][info ][gc] GC(2023) Pause Young (Allocation Failure) 200M->200M(247M) 0.041ms
[2020-01-29T21:58:25.444+0300][133.483s][debug][gc] GC(2022) Concurrent active time: 69.987ms
[2020-01-29T21:58:25.444+0300][133.483s][info ][gc] GC(2022) Concurrent Sweep 70.231ms
[2020-01-29T21:58:25.444+0300][133.483s][debug][gc] GC(2024) Concurrent mode failure
[2020-01-29T21:58:25.538+0300][133.577s][info ][gc] GC(2024) Pause Full (Allocation Failure) 200M->70M(247M) 161.603ms
[2020-01-29T21:58:25.610+0300][133.648s][info ][gc] GC(2025) Pause Young (Allocation Failure) 137M->155M(247M) 53.064ms
[2020-01-29T21:58:25.620+0300][133.658s][info ][gc] GC(2026) Pause Initial Mark 174M->174M(247M) 8.875ms
[2020-01-29T21:58:25.620+0300][133.658s][info ][gc] GC(2026) Concurrent Mark
[2020-01-29T21:58:25.623+0300][133.661s][debug][gc] GC(2026) Concurrent active time: 3.049ms
[2020-01-29T21:58:25.623+0300][133.661s][info ][gc] GC(2026) Concurrent Mark 3.109ms
[2020-01-29T21:58:25.623+0300][133.661s][info ][gc] GC(2026) Concurrent Preclean
[2020-01-29T21:58:25.623+0300][133.661s][debug][gc] GC(2026) Concurrent active time: 0.158ms
[2020-01-29T21:58:25.623+0300][133.661s][info ][gc] GC(2026) Concurrent Preclean 0.191ms
[2020-01-29T21:58:25.623+0300][133.661s][info ][gc] GC(2026) Concurrent Abortable Preclean
[2020-01-29T21:58:25.623+0300][133.661s][debug][gc] GC(2026) Concurrent active time: 0.004ms
[2020-01-29T21:58:25.623+0300][133.661s][info ][gc] GC(2026) Concurrent Abortable Preclean 0.031ms
[2020-01-29T21:58:25.623+0300][133.661s][debug][gc] GC(2026) YG occupancy: 57247 K (78656 K)
[2020-01-29T21:58:25.634+0300][133.672s][info ][gc] GC(2026) Pause Remark 202M->202M(247M) 11.023ms
[2020-01-29T21:58:25.634+0300][133.673s][info ][gc] GC(2026) Concurrent Sweep
[2020-01-29T21:58:25.636+0300][133.675s][info ][gc] GC(2027) Pause Young (Allocation Failure) 200M->200M(247M) 0.041ms
[2020-01-29T21:58:25.703+0300][133.741s][debug][gc] GC(2026) Concurrent active time: 68.429ms
[2020-01-29T21:58:25.703+0300][133.741s][info ][gc] GC(2026) Concurrent Sweep 68.683ms
[2020-01-29T21:58:25.703+0300][133.741s][debug][gc] GC(2028) Concurrent mode failure
[2020-01-29T21:58:25.797+0300][133.835s][info ][gc] GC(2028) Pause Full (Allocation Failure) 200M->70M(247M) 159.830ms
[2020-01-29T21:58:25.869+0300][133.908s][info ][gc] GC(2029) Pause Young (Allocation Failure) 137M->155M(247M) 53.709ms
[2020-01-29T21:58:25.879+0300][133.918s][info ][gc] GC(2030) Pause Initial Mark 174M->174M(247M) 8.871ms
[2020-01-29T21:58:25.879+0300][133.918s][info ][gc] GC(2030) Concurrent Mark
[2020-01-29T21:58:25.883+0300][133.921s][debug][gc] GC(2030) Concurrent active time: 3.020ms
[2020-01-29T21:58:25.883+0300][133.921s][info ][gc] GC(2030) Concurrent Mark 3.077ms
[2020-01-29T21:58:25.883+0300][133.921s][info ][gc] GC(2030) Concurrent Preclean
[2020-01-29T21:58:25.883+0300][133.921s][debug][gc] GC(2030) Concurrent active time: 0.158ms
[2020-01-29T21:58:25.883+0300][133.921s][info ][gc] GC(2030) Concurrent Preclean 0.189ms
[2020-01-29T21:58:25.883+0300][133.921s][info ][gc] GC(2030) Concurrent Abortable Preclean
[2020-01-29T21:58:25.883+0300][133.921s][debug][gc] GC(2030) Concurrent active time: 0.004ms
[2020-01-29T21:58:25.883+0300][133.921s][info ][gc] GC(2030) Concurrent Abortable Preclean 0.030ms
[2020-01-29T21:58:25.883+0300][133.921s][debug][gc] GC(2030) YG occupancy: 57248 K (78656 K)
[2020-01-29T21:58:25.894+0300][133.933s][info ][gc] GC(2030) Pause Remark 202M->202M(247M) 11.514ms
[2020-01-29T21:58:25.894+0300][133.933s][info ][gc] GC(2030) Concurrent Sweep
[2020-01-29T21:58:25.897+0300][133.935s][info ][gc] GC(2031) Pause Young (Allocation Failure) 200M->200M(247M) 0.042ms
[2020-01-29T21:58:25.963+0300][134.002s][debug][gc] GC(2030) Concurrent active time: 69.401ms
[2020-01-29T21:58:25.963+0300][134.002s][info ][gc] GC(2030) Concurrent Sweep 69.740ms
[2020-01-29T21:58:25.963+0300][134.002s][debug][gc] GC(2032) Concurrent mode failure
[2020-01-29T21:58:26.058+0300][134.096s][info ][gc] GC(2032) Pause Full (Allocation Failure) 200M->70M(247M) 160.831ms
[2020-01-29T21:58:26.130+0300][134.168s][info ][gc] GC(2033) Pause Young (Allocation Failure) 137M->155M(247M) 53.074ms
[2020-01-29T21:58:26.140+0300][134.178s][info ][gc] GC(2034) Pause Initial Mark 174M->174M(247M) 8.969ms
[2020-01-29T21:58:26.140+0300][134.178s][info ][gc] GC(2034) Concurrent Mark
[2020-01-29T21:58:26.143+0300][134.181s][debug][gc] GC(2034) Concurrent active time: 3.276ms
[2020-01-29T21:58:26.143+0300][134.182s][info ][gc] GC(2034) Concurrent Mark 3.342ms
[2020-01-29T21:58:26.143+0300][134.182s][info ][gc] GC(2034) Concurrent Preclean
[2020-01-29T21:58:26.143+0300][134.182s][debug][gc] GC(2034) Concurrent active time: 0.190ms
[2020-01-29T21:58:26.143+0300][134.182s][info ][gc] GC(2034) Concurrent Preclean 0.225ms
[2020-01-29T21:58:26.143+0300][134.182s][info ][gc] GC(2034) Concurrent Abortable Preclean
[2020-01-29T21:58:26.143+0300][134.182s][debug][gc] GC(2034) Concurrent active time: 0.004ms
[2020-01-29T21:58:26.143+0300][134.182s][info ][gc] GC(2034) Concurrent Abortable Preclean 0.031ms
[2020-01-29T21:58:26.143+0300][134.182s][debug][gc] GC(2034) YG occupancy: 58664 K (78656 K)
[2020-01-29T21:58:26.155+0300][134.193s][info ][gc] GC(2034) Pause Remark 204M->204M(247M) 11.230ms
[2020-01-29T21:58:26.155+0300][134.193s][info ][gc] GC(2034) Concurrent Sweep
[2020-01-29T21:58:26.158+0300][134.196s][info ][gc] GC(2035) Pause Young (Allocation Failure) 200M->200M(247M) 0.043ms
[2020-01-29T21:58:26.224+0300][134.262s][debug][gc] GC(2034) Concurrent active time: 68.542ms
[2020-01-29T21:58:26.224+0300][134.262s][info ][gc] GC(2034) Concurrent Sweep 68.802ms
[2020-01-29T21:58:26.224+0300][134.262s][debug][gc] GC(2036) Concurrent mode failure
[2020-01-29T21:58:26.317+0300][134.356s][info ][gc] GC(2036) Pause Full (Allocation Failure) 200M->70M(247M) 160.435ms
[2020-01-29T21:58:26.390+0300][134.429s][info ][gc] GC(2037) Pause Young (Allocation Failure) 137M->155M(247M) 53.156ms
[2020-01-29T21:58:26.400+0300][134.438s][info ][gc] GC(2038) Pause Initial Mark 174M->174M(247M) 8.823ms
[2020-01-29T21:58:26.400+0300][134.438s][info ][gc] GC(2038) Concurrent Mark
[2020-01-29T21:58:26.403+0300][134.441s][debug][gc] GC(2038) Concurrent active time: 3.030ms
[2020-01-29T21:58:26.403+0300][134.441s][info ][gc] GC(2038) Concurrent Mark 3.088ms
[2020-01-29T21:58:26.403+0300][134.441s][info ][gc] GC(2038) Concurrent Preclean
[2020-01-29T21:58:26.403+0300][134.442s][debug][gc] GC(2038) Concurrent active time: 0.158ms
[2020-01-29T21:58:26.403+0300][134.442s][info ][gc] GC(2038) Concurrent Preclean 0.187ms
[2020-01-29T21:58:26.403+0300][134.442s][info ][gc] GC(2038) Concurrent Abortable Preclean
[2020-01-29T21:58:26.403+0300][134.442s][debug][gc] GC(2038) Concurrent active time: 0.004ms
[2020-01-29T21:58:26.403+0300][134.442s][info ][gc] GC(2038) Concurrent Abortable Preclean 0.030ms
[2020-01-29T21:58:26.403+0300][134.442s][debug][gc] GC(2038) YG occupancy: 55870 K (78656 K)
[2020-01-29T21:58:26.414+0300][134.453s][info ][gc] GC(2038) Pause Remark 201M->201M(247M) 10.997ms
[2020-01-29T21:58:26.414+0300][134.453s][info ][gc] GC(2038) Concurrent Sweep
[2020-01-29T21:58:26.417+0300][134.456s][info ][gc] GC(2039) Pause Young (Allocation Failure) 200M->200M(247M) 0.041ms
[2020-01-29T21:58:26.484+0300][134.522s][debug][gc] GC(2038) Concurrent active time: 69.066ms
[2020-01-29T21:58:26.484+0300][134.522s][info ][gc] GC(2038) Concurrent Sweep 69.327ms
[2020-01-29T21:58:26.484+0300][134.522s][debug][gc] GC(2040) Concurrent mode failure
[2020-01-29T21:58:26.579+0300][134.617s][info ][gc] GC(2040) Pause Full (Allocation Failure) 200M->70M(247M) 161.787ms
[2020-01-29T21:58:26.650+0300][134.689s][info ][gc] GC(2041) Pause Young (Allocation Failure) 137M->155M(247M) 53.304ms
[2020-01-29T21:58:26.660+0300][134.699s][info ][gc] GC(2042) Pause Initial Mark 174M->174M(247M) 8.836ms
[2020-01-29T21:58:26.660+0300][134.699s][info ][gc] GC(2042) Concurrent Mark
[2020-01-29T21:58:26.663+0300][134.702s][debug][gc] GC(2042) Concurrent active time: 3.011ms
[2020-01-29T21:58:26.663+0300][134.702s][info ][gc] GC(2042) Concurrent Mark 3.066ms
[2020-01-29T21:58:26.663+0300][134.702s][info ][gc] GC(2042) Concurrent Preclean
[2020-01-29T21:58:26.663+0300][134.702s][debug][gc] GC(2042) Concurrent active time: 0.154ms
[2020-01-29T21:58:26.663+0300][134.702s][info ][gc] GC(2042) Concurrent Preclean 0.186ms
[2020-01-29T21:58:26.664+0300][134.702s][info ][gc] GC(2042) Concurrent Abortable Preclean
[2020-01-29T21:58:26.664+0300][134.702s][debug][gc] GC(2042) Concurrent active time: 0.004ms
[2020-01-29T21:58:26.664+0300][134.702s][info ][gc] GC(2042) Concurrent Abortable Preclean 0.031ms
[2020-01-29T21:58:26.664+0300][134.702s][debug][gc] GC(2042) YG occupancy: 57251 K (78656 K)
[2020-01-29T21:58:26.675+0300][134.713s][info ][gc] GC(2042) Pause Remark 202M->202M(247M) 11.011ms
[2020-01-29T21:58:26.675+0300][134.713s][info ][gc] GC(2042) Concurrent Sweep
[2020-01-29T21:58:26.677+0300][134.716s][info ][gc] GC(2043) Pause Young (Allocation Failure) 200M->200M(247M) 0.041ms
[2020-01-29T21:58:26.743+0300][134.782s][debug][gc] GC(2042) Concurrent active time: 68.771ms
[2020-01-29T21:58:26.743+0300][134.782s][info ][gc] GC(2042) Concurrent Sweep 69.012ms
[2020-01-29T21:58:26.743+0300][134.782s][debug][gc] GC(2044) Concurrent mode failure
[2020-01-29T21:58:26.839+0300][134.878s][info ][gc] GC(2044) Pause Full (Allocation Failure) 200M->70M(247M) 161.800ms
[2020-01-29T21:58:26.910+0300][134.949s][info ][gc] GC(2045) Pause Young (Allocation Failure) 137M->155M(247M) 52.572ms
[2020-01-29T21:58:26.920+0300][134.958s][info ][gc] GC(2046) Pause Initial Mark 174M->174M(247M) 8.873ms
[2020-01-29T21:58:26.920+0300][134.959s][info ][gc] GC(2046) Concurrent Mark
[2020-01-29T21:58:26.923+0300][134.962s][debug][gc] GC(2046) Concurrent active time: 3.168ms
[2020-01-29T21:58:26.924+0300][134.962s][info ][gc] GC(2046) Concurrent Mark 3.324ms
[2020-01-29T21:58:26.924+0300][134.962s][info ][gc] GC(2046) Concurrent Preclean
[2020-01-29T21:58:26.924+0300][134.962s][debug][gc] GC(2046) Concurrent active time: 0.165ms
[2020-01-29T21:58:26.924+0300][134.962s][info ][gc] GC(2046) Concurrent Preclean 0.199ms
[2020-01-29T21:58:26.924+0300][134.962s][info ][gc] GC(2046) Concurrent Abortable Preclean
[2020-01-29T21:58:26.924+0300][134.962s][debug][gc] GC(2046) Concurrent active time: 0.004ms
[2020-01-29T21:58:26.924+0300][134.962s][info ][gc] GC(2046) Concurrent Abortable Preclean 0.031ms
[2020-01-29T21:58:26.924+0300][134.962s][debug][gc] GC(2046) YG occupancy: 57356 K (78656 K)
[2020-01-29T21:58:26.935+0300][134.973s][info ][gc] GC(2046) Pause Remark 203M->203M(247M) 11.087ms
[2020-01-29T21:58:26.935+0300][134.973s][info ][gc] GC(2046) Concurrent Sweep
[2020-01-29T21:58:26.938+0300][134.976s][info ][gc] GC(2047) Pause Young (Allocation Failure) 200M->200M(247M) 0.041ms
[2020-01-29T21:58:27.004+0300][135.043s][debug][gc] GC(2046) Concurrent active time: 69.016ms
[2020-01-29T21:58:27.004+0300][135.043s][info ][gc] GC(2046) Concurrent Sweep 69.261ms
[2020-01-29T21:58:27.004+0300][135.043s][debug][gc] GC(2048) Concurrent mode failure
[2020-01-29T21:58:27.099+0300][135.138s][info ][gc] GC(2048) Pause Full (Allocation Failure) 200M->70M(247M) 161.676ms
[2020-01-29T21:58:27.171+0300][135.210s][info ][gc] GC(2049) Pause Young (Allocation Failure) 137M->155M(247M) 53.388ms
[2020-01-29T21:58:27.181+0300][135.219s][info ][gc] GC(2050) Pause Initial Mark 174M->174M(247M) 8.820ms
[2020-01-29T21:58:27.181+0300][135.219s][info ][gc] GC(2050) Concurrent Mark
[2020-01-29T21:58:27.184+0300][135.223s][debug][gc] GC(2050) Concurrent active time: 3.274ms
[2020-01-29T21:58:27.184+0300][135.223s][info ][gc] GC(2050) Concurrent Mark 3.341ms
[2020-01-29T21:58:27.184+0300][135.223s][info ][gc] GC(2050) Concurrent Preclean
[2020-01-29T21:58:27.184+0300][135.223s][debug][gc] GC(2050) Concurrent active time: 0.197ms
[2020-01-29T21:58:27.184+0300][135.223s][info ][gc] GC(2050) Concurrent Preclean 0.232ms
[2020-01-29T21:58:27.184+0300][135.223s][info ][gc] GC(2050) Concurrent Abortable Preclean
[2020-01-29T21:58:27.184+0300][135.223s][debug][gc] GC(2050) Concurrent active time: 0.005ms
[2020-01-29T21:58:27.184+0300][135.223s][info ][gc] GC(2050) Concurrent Abortable Preclean 0.031ms
[2020-01-29T21:58:27.185+0300][135.223s][debug][gc] GC(2050) YG occupancy: 54522 K (78656 K)
[2020-01-29T21:58:27.196+0300][135.234s][info ][gc] GC(2050) Pause Remark 200M->200M(247M) 11.009ms
[2020-01-29T21:58:27.196+0300][135.234s][info ][gc] GC(2050) Concurrent Sweep
[2020-01-29T21:58:27.199+0300][135.237s][info ][gc] GC(2051) Pause Young (Allocation Failure) 199M->199M(247M) 0.042ms
[2020-01-29T21:58:27.264+0300][135.302s][debug][gc] GC(2050) Concurrent active time: 67.502ms
[2020-01-29T21:58:27.264+0300][135.302s][info ][gc] GC(2050) Concurrent Sweep 67.770ms
[2020-01-29T21:58:27.264+0300][135.302s][debug][gc] GC(2052) Concurrent mode failure
[2020-01-29T21:58:27.359+0300][135.397s][info ][gc] GC(2052) Pause Full (Allocation Failure) 199M->70M(247M) 159.429ms
[2020-01-29T21:58:27.431+0300][135.469s][info ][gc] GC(2053) Pause Young (Allocation Failure) 137M->155M(247M) 52.796ms
[2020-01-29T21:58:27.439+0300][135.478s][info ][gc] GC(2054) Pause Initial Mark 174M->174M(247M) 8.976ms
[2020-01-29T21:58:27.439+0300][135.478s][info ][gc] GC(2054) Concurrent Mark
[2020-01-29T21:58:27.442+0300][135.481s][debug][gc] GC(2054) Concurrent active time: 3.016ms
[2020-01-29T21:58:27.442+0300][135.481s][info ][gc] GC(2054) Concurrent Mark 3.071ms
[2020-01-29T21:58:27.442+0300][135.481s][info ][gc] GC(2054) Concurrent Preclean
[2020-01-29T21:58:27.443+0300][135.482s][debug][gc] GC(2054) Concurrent active time: 0.162ms
[2020-01-29T21:58:27.443+0300][135.482s][info ][gc] GC(2054) Concurrent Preclean 0.193ms
[2020-01-29T21:58:27.443+0300][135.482s][info ][gc] GC(2054) Concurrent Abortable Preclean
[2020-01-29T21:58:27.443+0300][135.482s][debug][gc] GC(2054) Concurrent active time: 0.004ms
[2020-01-29T21:58:27.443+0300][135.482s][info ][gc] GC(2054) Concurrent Abortable Preclean 0.031ms
[2020-01-29T21:58:27.443+0300][135.482s][debug][gc] GC(2054) YG occupancy: 57251 K (78656 K)
[2020-01-29T21:58:27.454+0300][135.493s][info ][gc] GC(2054) Pause Remark 202M->202M(247M) 11.035ms
[2020-01-29T21:58:27.454+0300][135.493s][info ][gc] GC(2054) Concurrent Sweep
[2020-01-29T21:58:27.457+0300][135.495s][info ][gc] GC(2055) Pause Young (Allocation Failure) 200M->200M(247M) 0.043ms
[2020-01-29T21:58:27.523+0300][135.562s][debug][gc] GC(2054) Concurrent active time: 69.017ms
[2020-01-29T21:58:27.523+0300][135.562s][info ][gc] GC(2054) Concurrent Sweep 69.266ms
[2020-01-29T21:58:27.523+0300][135.562s][debug][gc] GC(2056) Concurrent mode failure
[2020-01-29T21:58:27.618+0300][135.657s][info ][gc] GC(2056) Pause Full (Allocation Failure) 200M->70M(247M) 161.405ms
[2020-01-29T21:58:27.692+0300][135.731s][info ][gc] GC(2057) Pause Young (Allocation Failure) 137M->155M(247M) 55.008ms
[2020-01-29T21:58:27.701+0300][135.740s][info ][gc] GC(2058) Pause Initial Mark 174M->174M(247M) 8.814ms
[2020-01-29T21:58:27.701+0300][135.740s][info ][gc] GC(2058) Concurrent Mark
[2020-01-29T21:58:27.705+0300][135.743s][debug][gc] GC(2058) Concurrent active time: 3.106ms
[2020-01-29T21:58:27.705+0300][135.743s][info ][gc] GC(2058) Concurrent Mark 3.171ms
[2020-01-29T21:58:27.705+0300][135.743s][info ][gc] GC(2058) Concurrent Preclean
[2020-01-29T21:58:27.705+0300][135.744s][debug][gc] GC(2058) Concurrent active time: 0.159ms
[2020-01-29T21:58:27.705+0300][135.744s][info ][gc] GC(2058) Concurrent Preclean 0.198ms
[2020-01-29T21:58:27.705+0300][135.744s][info ][gc] GC(2058) Concurrent Abortable Preclean
[2020-01-29T21:58:27.705+0300][135.744s][debug][gc] GC(2058) Concurrent active time: 0.004ms
[2020-01-29T21:58:27.705+0300][135.744s][info ][gc] GC(2058) Concurrent Abortable Preclean 0.031ms
[2020-01-29T21:58:27.705+0300][135.744s][debug][gc] GC(2058) YG occupancy: 57250 K (78656 K)
[2020-01-29T21:58:27.716+0300][135.755s][info ][gc] GC(2058) Pause Remark 202M->202M(247M) 11.030ms
[2020-01-29T21:58:27.716+0300][135.755s][info ][gc] GC(2058) Concurrent Sweep
[2020-01-29T21:58:27.719+0300][135.758s][info ][gc] GC(2059) Pause Young (Allocation Failure) 200M->200M(247M) 0.040ms
[2020-01-29T21:58:27.785+0300][135.824s][debug][gc] GC(2058) Concurrent active time: 68.718ms
[2020-01-29T21:58:27.785+0300][135.824s][info ][gc] GC(2058) Concurrent Sweep 69.081ms
[2020-01-29T21:58:27.785+0300][135.824s][debug][gc] GC(2060) Concurrent mode failure
[2020-01-29T21:58:27.881+0300][135.919s][info ][gc] GC(2060) Pause Full (Allocation Failure) 200M->70M(247M) 161.735ms
[2020-01-29T21:58:27.953+0300][135.991s][info ][gc] GC(2061) Pause Young (Allocation Failure) 137M->155M(247M) 53.215ms
[2020-01-29T21:58:27.963+0300][136.001s][info ][gc] GC(2062) Pause Initial Mark 174M->174M(247M) 8.886ms
[2020-01-29T21:58:27.963+0300][136.001s][info ][gc] GC(2062) Concurrent Mark
[2020-01-29T21:58:27.966+0300][136.004s][debug][gc] GC(2062) Concurrent active time: 3.378ms
[2020-01-29T21:58:27.966+0300][136.005s][info ][gc] GC(2062) Concurrent Mark 3.530ms
[2020-01-29T21:58:27.966+0300][136.005s][info ][gc] GC(2062) Concurrent Preclean
[2020-01-29T21:58:27.967+0300][136.005s][debug][gc] GC(2062) Concurrent active time: 0.233ms
[2020-01-29T21:58:27.967+0300][136.005s][info ][gc] GC(2062) Concurrent Preclean 0.268ms
[2020-01-29T21:58:27.967+0300][136.005s][info ][gc] GC(2062) Concurrent Abortable Preclean
[2020-01-29T21:58:27.967+0300][136.005s][debug][gc] GC(2062) Concurrent active time: 0.005ms
[2020-01-29T21:58:27.967+0300][136.005s][info ][gc] GC(2062) Concurrent Abortable Preclean 0.031ms
[2020-01-29T21:58:27.967+0300][136.005s][debug][gc] GC(2062) YG occupancy: 58736 K (78656 K)
[2020-01-29T21:58:27.978+0300][136.016s][info ][gc] GC(2062) Pause Remark 204M->204M(247M) 11.093ms
[2020-01-29T21:58:27.978+0300][136.016s][info ][gc] GC(2062) Concurrent Sweep
[2020-01-29T21:58:27.981+0300][136.019s][info ][gc] GC(2063) Pause Young (Allocation Failure) 200M->200M(247M) 0.047ms
[2020-01-29T21:58:28.047+0300][136.086s][debug][gc] GC(2062) Concurrent active time: 69.280ms
[2020-01-29T21:58:28.047+0300][136.086s][info ][gc] GC(2062) Concurrent Sweep 69.556ms
[2020-01-29T21:58:28.047+0300][136.086s][debug][gc] GC(2064) Concurrent mode failure
[2020-01-29T21:58:28.145+0300][136.183s][info ][gc] GC(2064) Pause Full (Allocation Failure) 200M->70M(247M) 164.064ms
[2020-01-29T21:58:28.218+0300][136.257s][info ][gc] GC(2065) Pause Young (Allocation Failure) 137M->155M(247M) 54.045ms
[2020-01-29T21:58:28.228+0300][136.266s][info ][gc] GC(2066) Pause Initial Mark 174M->174M(247M) 8.939ms
[2020-01-29T21:58:28.228+0300][136.267s][info ][gc] GC(2066) Concurrent Mark
[2020-01-29T21:58:28.232+0300][136.270s][debug][gc] GC(2066) Concurrent active time: 3.451ms
[2020-01-29T21:58:28.232+0300][136.270s][info ][gc] GC(2066) Concurrent Mark 3.524ms
[2020-01-29T21:58:28.232+0300][136.270s][info ][gc] GC(2066) Concurrent Preclean
[2020-01-29T21:58:28.232+0300][136.270s][debug][gc] GC(2066) Concurrent active time: 0.200ms
[2020-01-29T21:58:28.232+0300][136.270s][info ][gc] GC(2066) Concurrent Preclean 0.236ms
[2020-01-29T21:58:28.232+0300][136.270s][info ][gc] GC(2066) Concurrent Abortable Preclean
[2020-01-29T21:58:28.232+0300][136.270s][debug][gc] GC(2066) Concurrent active time: 0.004ms
[2020-01-29T21:58:28.232+0300][136.270s][info ][gc] GC(2066) Concurrent Abortable Preclean 0.031ms
[2020-01-29T21:58:28.232+0300][136.270s][debug][gc] GC(2066) YG occupancy: 57282 K (78656 K)
[2020-01-29T21:58:28.243+0300][136.282s][info ][gc] GC(2066) Pause Remark 202M->202M(247M) 11.271ms
[2020-01-29T21:58:28.243+0300][136.282s][info ][gc] GC(2066) Concurrent Sweep
[2020-01-29T21:58:28.247+0300][136.285s][info ][gc] GC(2067) Pause Young (Allocation Failure) 200M->200M(247M) 0.047ms
[2020-01-29T21:58:28.313+0300][136.351s][debug][gc] GC(2066) Concurrent active time: 69.139ms
[2020-01-29T21:58:28.313+0300][136.351s][info ][gc] GC(2066) Concurrent Sweep 69.421ms
[2020-01-29T21:58:28.313+0300][136.351s][debug][gc] GC(2068) Concurrent mode failure
[2020-01-29T21:58:28.409+0300][136.448s][info ][gc] GC(2068) Pause Full (Allocation Failure) 200M->70M(247M) 162.727ms
[2020-01-29T21:58:28.505+0300][136.544s][info ][gc] GC(2069) Pause Young (Allocation Failure) 137M->155M(247M) 77.688ms
[2020-01-29T21:58:28.515+0300][136.554s][info ][gc] GC(2070) Pause Initial Mark 174M->174M(247M) 8.860ms
[2020-01-29T21:58:28.516+0300][136.554s][info ][gc] GC(2070) Concurrent Mark
[2020-01-29T21:58:28.519+0300][136.558s][debug][gc] GC(2070) Concurrent active time: 3.294ms
[2020-01-29T21:58:28.519+0300][136.558s][info ][gc] GC(2070) Concurrent Mark 3.364ms
[2020-01-29T21:58:28.519+0300][136.558s][info ][gc] GC(2070) Concurrent Preclean
[2020-01-29T21:58:28.519+0300][136.558s][debug][gc] GC(2070) Concurrent active time: 0.162ms
[2020-01-29T21:58:28.519+0300][136.558s][info ][gc] GC(2070) Concurrent Preclean 0.194ms
[2020-01-29T21:58:28.519+0300][136.558s][info ][gc] GC(2070) Concurrent Abortable Preclean
[2020-01-29T21:58:28.519+0300][136.558s][debug][gc] GC(2070) Concurrent active time: 0.004ms
[2020-01-29T21:58:28.519+0300][136.558s][info ][gc] GC(2070) Concurrent Abortable Preclean 0.031ms
[2020-01-29T21:58:28.519+0300][136.558s][debug][gc] GC(2070) YG occupancy: 57250 K (78656 K)
[2020-01-29T21:58:28.531+0300][136.569s][info ][gc] GC(2070) Pause Remark 202M->202M(247M) 11.302ms
[2020-01-29T21:58:28.531+0300][136.569s][info ][gc] GC(2070) Concurrent Sweep
[2020-01-29T21:58:28.534+0300][136.573s][info ][gc] GC(2071) Pause Young (Allocation Failure) 199M->199M(247M) 0.045ms
[2020-01-29T21:58:28.601+0300][136.639s][debug][gc] GC(2070) Concurrent active time: 69.389ms
[2020-01-29T21:58:28.601+0300][136.639s][info ][gc] GC(2070) Concurrent Sweep 69.681ms
[2020-01-29T21:58:28.601+0300][136.639s][debug][gc] GC(2072) Concurrent mode failure
[2020-01-29T21:58:28.697+0300][136.735s][info ][gc] GC(2072) Pause Full (Allocation Failure) 199M->70M(247M) 162.332ms
[2020-01-29T21:58:28.769+0300][136.807s][info ][gc] GC(2073) Pause Young (Allocation Failure) 137M->155M(247M) 53.737ms
[2020-01-29T21:58:28.779+0300][136.817s][info ][gc] GC(2074) Pause Initial Mark 174M->174M(247M) 8.841ms
[2020-01-29T21:58:28.779+0300][136.817s][info ][gc] GC(2074) Concurrent Mark
[2020-01-29T21:58:28.782+0300][136.820s][debug][gc] GC(2074) Concurrent active time: 3.012ms
[2020-01-29T21:58:28.782+0300][136.820s][info ][gc] GC(2074) Concurrent Mark 3.067ms
[2020-01-29T21:58:28.782+0300][136.820s][info ][gc] GC(2074) Concurrent Preclean
[2020-01-29T21:58:28.782+0300][136.821s][debug][gc] GC(2074) Concurrent active time: 0.156ms
[2020-01-29T21:58:28.782+0300][136.821s][info ][gc] GC(2074) Concurrent Preclean 0.188ms
[2020-01-29T21:58:28.782+0300][136.821s][info ][gc] GC(2074) Concurrent Abortable Preclean
[2020-01-29T21:58:28.782+0300][136.821s][debug][gc] GC(2074) Concurrent active time: 0.004ms
[2020-01-29T21:58:28.782+0300][136.821s][info ][gc] GC(2074) Concurrent Abortable Preclean 0.031ms
[2020-01-29T21:58:28.782+0300][136.821s][debug][gc] GC(2074) YG occupancy: 57250 K (78656 K)
[2020-01-29T21:58:28.794+0300][136.832s][info ][gc] GC(2074) Pause Remark 202M->202M(247M) 11.426ms
[2020-01-29T21:58:28.794+0300][136.832s][info ][gc] GC(2074) Concurrent Sweep
[2020-01-29T21:58:28.796+0300][136.835s][info ][gc] GC(2075) Pause Young (Allocation Failure) 200M->200M(247M) 0.040ms
[2020-01-29T21:58:28.863+0300][136.902s][debug][gc] GC(2074) Concurrent active time: 69.357ms
[2020-01-29T21:58:28.863+0300][136.902s][info ][gc] GC(2074) Concurrent Sweep 69.645ms
[2020-01-29T21:58:28.863+0300][136.902s][debug][gc] GC(2076) Concurrent mode failure
[2020-01-29T21:58:28.959+0300][136.998s][info ][gc] GC(2076) Pause Full (Allocation Failure) 200M->70M(247M) 162.749ms
[2020-01-29T21:58:29.032+0300][137.071s][info ][gc] GC(2077) Pause Young (Allocation Failure) 137M->155M(247M) 54.696ms
[2020-01-29T21:58:29.042+0300][137.081s][info ][gc] GC(2078) Pause Initial Mark 174M->174M(247M) 8.842ms
[2020-01-29T21:58:29.042+0300][137.081s][info ][gc] GC(2078) Concurrent Mark
[2020-01-29T21:58:29.045+0300][137.084s][debug][gc] GC(2078) Concurrent active time: 3.037ms
[2020-01-29T21:58:29.045+0300][137.084s][info ][gc] GC(2078) Concurrent Mark 3.091ms
[2020-01-29T21:58:29.045+0300][137.084s][info ][gc] GC(2078) Concurrent Preclean
[2020-01-29T21:58:29.046+0300][137.084s][debug][gc] GC(2078) Concurrent active time: 0.160ms
[2020-01-29T21:58:29.046+0300][137.084s][info ][gc] GC(2078) Concurrent Preclean 0.192ms
[2020-01-29T21:58:29.046+0300][137.084s][info ][gc] GC(2078) Concurrent Abortable Preclean
[2020-01-29T21:58:29.046+0300][137.084s][debug][gc] GC(2078) Concurrent active time: 0.004ms
[2020-01-29T21:58:29.046+0300][137.084s][info ][gc] GC(2078) Concurrent Abortable Preclean 0.031ms
[2020-01-29T21:58:29.046+0300][137.084s][debug][gc] GC(2078) YG occupancy: 57232 K (78656 K)
[2020-01-29T21:58:29.057+0300][137.096s][info ][gc] GC(2078) Pause Remark 202M->202M(247M) 11.087ms
[2020-01-29T21:58:29.057+0300][137.096s][info ][gc] GC(2078) Concurrent Sweep
[2020-01-29T21:58:29.060+0300][137.098s][info ][gc] GC(2079) Pause Young (Allocation Failure) 200M->200M(247M) 0.045ms
[2020-01-29T21:58:29.127+0300][137.165s][debug][gc] GC(2078) Concurrent active time: 69.386ms
[2020-01-29T21:58:29.127+0300][137.165s][info ][gc] GC(2078) Concurrent Sweep 69.632ms
[2020-01-29T21:58:29.127+0300][137.165s][debug][gc] GC(2080) Concurrent mode failure
[2020-01-29T21:58:29.223+0300][137.261s][info ][gc] GC(2080) Pause Full (Allocation Failure) 200M->70M(247M) 162.837ms
[2020-01-29T21:58:29.295+0300][137.333s][info ][gc] GC(2081) Pause Young (Allocation Failure) 137M->155M(247M) 53.376ms
[2020-01-29T21:58:29.305+0300][137.343s][info ][gc] GC(2082) Pause Initial Mark 174M->174M(247M) 8.881ms
[2020-01-29T21:58:29.305+0300][137.343s][info ][gc] GC(2082) Concurrent Mark
[2020-01-29T21:58:29.308+0300][137.346s][debug][gc] GC(2082) Concurrent active time: 3.033ms
[2020-01-29T21:58:29.308+0300][137.346s][info ][gc] GC(2082) Concurrent Mark 3.092ms
[2020-01-29T21:58:29.308+0300][137.346s][info ][gc] GC(2082) Concurrent Preclean
[2020-01-29T21:58:29.308+0300][137.346s][debug][gc] GC(2082) Concurrent active time: 0.156ms
[2020-01-29T21:58:29.308+0300][137.346s][info ][gc] GC(2082) Concurrent Preclean 0.189ms
[2020-01-29T21:58:29.308+0300][137.346s][info ][gc] GC(2082) Concurrent Abortable Preclean
[2020-01-29T21:58:29.308+0300][137.346s][debug][gc] GC(2082) Concurrent active time: 0.004ms
[2020-01-29T21:58:29.308+0300][137.346s][info ][gc] GC(2082) Concurrent Abortable Preclean 0.032ms
[2020-01-29T21:58:29.309+0300][137.347s][debug][gc] GC(2082) YG occupancy: 57238 K (78656 K)
[2020-01-29T21:58:29.320+0300][137.358s][info ][gc] GC(2082) Pause Remark 202M->202M(247M) 11.175ms
[2020-01-29T21:58:29.320+0300][137.358s][info ][gc] GC(2082) Concurrent Sweep
[2020-01-29T21:58:29.322+0300][137.360s][info ][gc] GC(2083) Pause Young (Allocation Failure) 200M->200M(247M) 0.040ms
[2020-01-29T21:58:29.389+0300][137.427s][debug][gc] GC(2082) Concurrent active time: 69.361ms
[2020-01-29T21:58:29.389+0300][137.427s][info ][gc] GC(2082) Concurrent Sweep 69.695ms
[2020-01-29T21:58:29.389+0300][137.427s][debug][gc] GC(2084) Concurrent mode failure
[2020-01-29T21:58:29.484+0300][137.522s][info ][gc] GC(2084) Pause Full (Allocation Failure) 200M->70M(247M) 161.965ms
[2020-01-29T21:58:29.556+0300][137.594s][info ][gc] GC(2085) Pause Young (Allocation Failure) 137M->155M(247M) 53.207ms
[2020-01-29T21:58:29.566+0300][137.604s][info ][gc] GC(2086) Pause Initial Mark 174M->174M(247M) 8.828ms
[2020-01-29T21:58:29.566+0300][137.604s][info ][gc] GC(2086) Concurrent Mark
[2020-01-29T21:58:29.569+0300][137.607s][debug][gc] GC(2086) Concurrent active time: 3.048ms
[2020-01-29T21:58:29.569+0300][137.607s][info ][gc] GC(2086) Concurrent Mark 3.107ms
[2020-01-29T21:58:29.569+0300][137.607s][info ][gc] GC(2086) Concurrent Preclean
[2020-01-29T21:58:29.569+0300][137.607s][debug][gc] GC(2086) Concurrent active time: 0.156ms
[2020-01-29T21:58:29.569+0300][137.607s][info ][gc] GC(2086) Concurrent Preclean 0.185ms
[2020-01-29T21:58:29.569+0300][137.607s][info ][gc] GC(2086) Concurrent Abortable Preclean
[2020-01-29T21:58:29.569+0300][137.607s][debug][gc] GC(2086) Concurrent active time: 0.004ms
[2020-01-29T21:58:29.569+0300][137.607s][info ][gc] GC(2086) Concurrent Abortable Preclean 0.031ms
[2020-01-29T21:58:29.569+0300][137.608s][debug][gc] GC(2086) YG occupancy: 58625 K (78656 K)
[2020-01-29T21:58:29.581+0300][137.619s][info ][gc] GC(2086) Pause Remark 204M->204M(247M) 11.439ms
[2020-01-29T21:58:29.581+0300][137.619s][info ][gc] GC(2086) Concurrent Sweep
[2020-01-29T21:58:29.583+0300][137.622s][info ][gc] GC(2087) Pause Young (Allocation Failure) 200M->200M(247M) 0.041ms
[2020-01-29T21:58:29.651+0300][137.689s][debug][gc] GC(2086) Concurrent active time: 69.916ms
[2020-01-29T21:58:29.651+0300][137.689s][info ][gc] GC(2086) Concurrent Sweep 70.168ms
[2020-01-29T21:58:29.651+0300][137.689s][debug][gc] GC(2088) Concurrent mode failure
[2020-01-29T21:58:29.745+0300][137.784s][info ][gc] GC(2088) Pause Full (Allocation Failure) 200M->70M(247M) 162.450ms
[2020-01-29T21:58:29.820+0300][137.859s][info ][gc] GC(2089) Pause Young (Allocation Failure) 137M->155M(247M) 56.191ms
[2020-01-29T21:58:29.830+0300][137.868s][info ][gc] GC(2090) Pause Initial Mark 174M->174M(247M) 8.813ms
[2020-01-29T21:58:29.830+0300][137.868s][info ][gc] GC(2090) Concurrent Mark
[2020-01-29T21:58:29.833+0300][137.871s][debug][gc] GC(2090) Concurrent active time: 3.054ms
[2020-01-29T21:58:29.833+0300][137.871s][info ][gc] GC(2090) Concurrent Mark 3.113ms
[2020-01-29T21:58:29.833+0300][137.871s][info ][gc] GC(2090) Concurrent Preclean
[2020-01-29T21:58:29.833+0300][137.872s][debug][gc] GC(2090) Concurrent active time: 0.157ms
[2020-01-29T21:58:29.833+0300][137.872s][info ][gc] GC(2090) Concurrent Preclean 0.189ms
[2020-01-29T21:58:29.833+0300][137.872s][info ][gc] GC(2090) Concurrent Abortable Preclean
[2020-01-29T21:58:29.833+0300][137.872s][debug][gc] GC(2090) Concurrent active time: 0.004ms
[2020-01-29T21:58:29.833+0300][137.872s][info ][gc] GC(2090) Concurrent Abortable Preclean 0.031ms
[2020-01-29T21:58:29.833+0300][137.872s][debug][gc] GC(2090) YG occupancy: 57248 K (78656 K)
[2020-01-29T21:58:29.844+0300][137.883s][info ][gc] GC(2090) Pause Remark 202M->202M(247M) 11.049ms
[2020-01-29T21:58:29.844+0300][137.883s][info ][gc] GC(2090) Concurrent Sweep
[2020-01-29T21:58:29.847+0300][137.885s][info ][gc] GC(2091) Pause Young (Allocation Failure) 200M->200M(247M) 0.042ms
[2020-01-29T21:58:29.916+0300][137.954s][debug][gc] GC(2090) Concurrent active time: 71.129ms
[2020-01-29T21:58:29.916+0300][137.954s][info ][gc] GC(2090) Concurrent Sweep 71.372ms
[2020-01-29T21:58:29.916+0300][137.954s][debug][gc] GC(2092) Concurrent mode failure
[2020-01-29T21:58:30.011+0300][138.049s][info ][gc] GC(2092) Pause Full (Allocation Failure) 200M->70M(247M) 163.351ms
[2020-01-29T21:58:30.082+0300][138.121s][info ][gc] GC(2093) Pause Young (Allocation Failure) 137M->155M(247M) 53.782ms
[2020-01-29T21:58:30.092+0300][138.131s][info ][gc] GC(2094) Pause Initial Mark 174M->174M(247M) 8.874ms
[2020-01-29T21:58:30.092+0300][138.131s][info ][gc] GC(2094) Concurrent Mark
[2020-01-29T21:58:30.095+0300][138.134s][debug][gc] GC(2094) Concurrent active time: 3.030ms
[2020-01-29T21:58:30.096+0300][138.134s][info ][gc] GC(2094) Concurrent Mark 3.090ms
[2020-01-29T21:58:30.096+0300][138.134s][info ][gc] GC(2094) Concurrent Preclean
[2020-01-29T21:58:30.096+0300][138.135s][debug][gc] GC(2094) Concurrent active time: 0.157ms
[2020-01-29T21:58:30.096+0300][138.135s][info ][gc] GC(2094) Concurrent Preclean 0.193ms
[2020-01-29T21:58:30.096+0300][138.135s][info ][gc] GC(2094) Concurrent Abortable Preclean
[2020-01-29T21:58:30.096+0300][138.135s][debug][gc] GC(2094) Concurrent active time: 0.003ms
[2020-01-29T21:58:30.096+0300][138.135s][info ][gc] GC(2094) Concurrent Abortable Preclean 0.030ms
[2020-01-29T21:58:30.096+0300][138.135s][debug][gc] GC(2094) YG occupancy: 57233 K (78656 K)
[2020-01-29T21:58:30.107+0300][138.146s][info ][gc] GC(2094) Pause Remark 202M->202M(247M) 11.031ms
[2020-01-29T21:58:30.107+0300][138.146s][info ][gc] GC(2094) Concurrent Sweep
[2020-01-29T21:58:30.110+0300][138.149s][info ][gc] GC(2095) Pause Young (Allocation Failure) 200M->200M(247M) 0.040ms
[2020-01-29T21:58:30.178+0300][138.217s][debug][gc] GC(2094) Concurrent active time: 70.992ms
[2020-01-29T21:58:30.178+0300][138.217s][info ][gc] GC(2094) Concurrent Sweep 71.231ms
[2020-01-29T21:58:30.178+0300][138.217s][debug][gc] GC(2096) Concurrent mode failure
[2020-01-29T21:58:30.274+0300][138.312s][info ][gc] GC(2096) Pause Full (Allocation Failure) 200M->70M(247M) 163.424ms
[2020-01-29T21:58:30.346+0300][138.384s][info ][gc] GC(2097) Pause Young (Allocation Failure) 137M->155M(247M) 53.422ms
[2020-01-29T21:58:30.355+0300][138.394s][info ][gc] GC(2098) Pause Initial Mark 174M->174M(247M) 8.817ms
[2020-01-29T21:58:30.355+0300][138.394s][info ][gc] GC(2098) Concurrent Mark
[2020-01-29T21:58:30.358+0300][138.397s][debug][gc] GC(2098) Concurrent active time: 3.032ms
[2020-01-29T21:58:30.358+0300][138.397s][info ][gc] GC(2098) Concurrent Mark 3.088ms
[2020-01-29T21:58:30.358+0300][138.397s][info ][gc] GC(2098) Concurrent Preclean
[2020-01-29T21:58:30.359+0300][138.397s][debug][gc] GC(2098) Concurrent active time: 0.158ms
[2020-01-29T21:58:30.359+0300][138.397s][info ][gc] GC(2098) Concurrent Preclean 0.190ms
[2020-01-29T21:58:30.359+0300][138.397s][info ][gc] GC(2098) Concurrent Abortable Preclean
[2020-01-29T21:58:30.359+0300][138.397s][debug][gc] GC(2098) Concurrent active time: 0.004ms
[2020-01-29T21:58:30.359+0300][138.397s][info ][gc] GC(2098) Concurrent Abortable Preclean 0.030ms
[2020-01-29T21:58:30.359+0300][138.397s][debug][gc] GC(2098) YG occupancy: 57238 K (78656 K)
[2020-01-29T21:58:30.370+0300][138.408s][info ][gc] GC(2098) Pause Remark 202M->202M(247M) 11.042ms
[2020-01-29T21:58:30.370+0300][138.409s][info ][gc] GC(2098) Concurrent Sweep
[2020-01-29T21:58:30.372+0300][138.411s][info ][gc] GC(2099) Pause Young (Allocation Failure) 200M->200M(247M) 0.041ms
[2020-01-29T21:58:30.440+0300][138.478s][debug][gc] GC(2098) Concurrent active time: 68.928ms
[2020-01-29T21:58:30.440+0300][138.478s][info ][gc] GC(2098) Concurrent Sweep 69.175ms
[2020-01-29T21:58:30.440+0300][138.478s][debug][gc] GC(2100) Concurrent mode failure
[2020-01-29T21:58:30.534+0300][138.573s][info ][gc] GC(2100) Pause Full (Allocation Failure) 200M->70M(247M) 162.049ms
[2020-01-29T21:58:30.607+0300][138.645s][info ][gc] GC(2101) Pause Young (Allocation Failure) 137M->155M(247M) 53.003ms
[2020-01-29T21:58:30.616+0300][138.655s][info ][gc] GC(2102) Pause Initial Mark 174M->174M(247M) 8.816ms
[2020-01-29T21:58:30.616+0300][138.655s][info ][gc] GC(2102) Concurrent Mark
[2020-01-29T21:58:30.619+0300][138.658s][debug][gc] GC(2102) Concurrent active time: 3.028ms
[2020-01-29T21:58:30.620+0300][138.658s][info ][gc] GC(2102) Concurrent Mark 3.083ms
[2020-01-29T21:58:30.620+0300][138.658s][info ][gc] GC(2102) Concurrent Preclean
[2020-01-29T21:58:30.620+0300][138.658s][debug][gc] GC(2102) Concurrent active time: 0.158ms
[2020-01-29T21:58:30.620+0300][138.658s][info ][gc] GC(2102) Concurrent Preclean 0.190ms
[2020-01-29T21:58:30.620+0300][138.658s][info ][gc] GC(2102) Concurrent Abortable Preclean
[2020-01-29T21:58:30.620+0300][138.658s][debug][gc] GC(2102) Concurrent active time: 0.004ms
[2020-01-29T21:58:30.620+0300][138.658s][info ][gc] GC(2102) Concurrent Abortable Preclean 0.031ms
[2020-01-29T21:58:30.620+0300][138.658s][debug][gc] GC(2102) YG occupancy: 57247 K (78656 K)
[2020-01-29T21:58:30.631+0300][138.669s][info ][gc] GC(2102) Pause Remark 202M->202M(247M) 11.005ms
[2020-01-29T21:58:30.631+0300][138.669s][info ][gc] GC(2102) Concurrent Sweep
[2020-01-29T21:58:30.634+0300][138.672s][info ][gc] GC(2103) Pause Young (Allocation Failure) 200M->200M(247M) 0.048ms
[2020-01-29T21:58:30.701+0300][138.739s][debug][gc] GC(2102) Concurrent active time: 69.755ms
[2020-01-29T21:58:30.701+0300][138.739s][info ][gc] GC(2102) Concurrent Sweep 70.003ms
[2020-01-29T21:58:30.701+0300][138.739s][debug][gc] GC(2104) Concurrent mode failure
[2020-01-29T21:58:30.797+0300][138.835s][info ][gc] GC(2104) Pause Full (Allocation Failure) 200M->70M(247M) 162.993ms
[2020-01-29T21:58:30.867+0300][138.906s][info ][gc] GC(2105) Pause Young (Allocation Failure) 137M->155M(247M) 52.343ms
[2020-01-29T21:58:30.877+0300][138.915s][info ][gc] GC(2106) Pause Initial Mark 174M->174M(247M) 8.817ms
[2020-01-29T21:58:30.877+0300][138.916s][info ][gc] GC(2106) Concurrent Mark
[2020-01-29T21:58:30.880+0300][138.919s][debug][gc] GC(2106) Concurrent active time: 3.015ms
[2020-01-29T21:58:30.880+0300][138.919s][info ][gc] GC(2106) Concurrent Mark 3.072ms
[2020-01-29T21:58:30.880+0300][138.919s][info ][gc] GC(2106) Concurrent Preclean
[2020-01-29T21:58:30.880+0300][138.919s][debug][gc] GC(2106) Concurrent active time: 0.154ms
[2020-01-29T21:58:30.880+0300][138.919s][info ][gc] GC(2106) Concurrent Preclean 0.185ms
[2020-01-29T21:58:30.880+0300][138.919s][info ][gc] GC(2106) Concurrent Abortable Preclean
[2020-01-29T21:58:30.880+0300][138.919s][debug][gc] GC(2106) Concurrent active time: 0.004ms
[2020-01-29T21:58:30.880+0300][138.919s][info ][gc] GC(2106) Concurrent Abortable Preclean 0.031ms
[2020-01-29T21:58:30.880+0300][138.919s][debug][gc] GC(2106) YG occupancy: 57249 K (78656 K)
[2020-01-29T21:58:30.891+0300][138.930s][info ][gc] GC(2106) Pause Remark 202M->202M(247M) 11.214ms
[2020-01-29T21:58:30.891+0300][138.930s][info ][gc] GC(2106) Concurrent Sweep
[2020-01-29T21:58:30.894+0300][138.933s][info ][gc] GC(2107) Pause Young (Allocation Failure) 200M->200M(247M) 0.041ms
[2020-01-29T21:58:30.961+0300][138.999s][debug][gc] GC(2106) Concurrent active time: 68.794ms
[2020-01-29T21:58:30.961+0300][138.999s][info ][gc] GC(2106) Concurrent Sweep 69.029ms
[2020-01-29T21:58:30.961+0300][138.999s][debug][gc] GC(2108) Concurrent mode failure
[2020-01-29T21:58:31.055+0300][139.093s][info ][gc] GC(2108) Pause Full (Allocation Failure) 200M->70M(247M) 160.555ms
[2020-01-29T21:58:31.126+0300][139.165s][info ][gc] GC(2109) Pause Young (Allocation Failure) 137M->155M(247M) 52.791ms
[2020-01-29T21:58:31.134+0300][139.174s][info ][gc] GC(2110) Pause Initial Mark 174M->174M(247M) 8.816ms
[2020-01-29T21:58:31.134+0300][139.174s][info ][gc] GC(2110) Concurrent Mark
[2020-01-29T21:58:31.139+0300][139.177s][debug][gc] GC(2110) Concurrent active time: 3.013ms
[2020-01-29T21:58:31.139+0300][139.177s][info ][gc] GC(2110) Concurrent Mark 3.071ms
[2020-01-29T21:58:31.139+0300][139.177s][info ][gc] GC(2110) Concurrent Preclean
[2020-01-29T21:58:31.139+0300][139.178s][debug][gc] GC(2110) Concurrent active time: 0.155ms
[2020-01-29T21:58:31.139+0300][139.178s][info ][gc] GC(2110) Concurrent Preclean 0.186ms
[2020-01-29T21:58:31.139+0300][139.178s][info ][gc] GC(2110) Concurrent Abortable Preclean
[2020-01-29T21:58:31.139+0300][139.178s][debug][gc] GC(2110) Concurrent active time: 0.004ms
[2020-01-29T21:58:31.139+0300][139.178s][info ][gc] GC(2110) Concurrent Abortable Preclean 0.031ms
[2020-01-29T21:58:31.139+0300][139.178s][debug][gc] GC(2110) YG occupancy: 57235 K (78656 K)
[2020-01-29T21:58:31.150+0300][139.189s][info ][gc] GC(2110) Pause Remark 202M->202M(247M) 11.163ms
[2020-01-29T21:58:31.150+0300][139.189s][info ][gc] GC(2110) Concurrent Sweep
[2020-01-29T21:58:31.154+0300][139.192s][info ][gc] GC(2111) Pause Young (Allocation Failure) 200M->200M(247M) 0.043ms
[2020-01-29T21:58:31.220+0300][139.258s][debug][gc] GC(2110) Concurrent active time: 68.933ms
[2020-01-29T21:58:31.220+0300][139.258s][info ][gc] GC(2110) Concurrent Sweep 69.181ms
[2020-01-29T21:58:31.220+0300][139.258s][debug][gc] GC(2112) Concurrent mode failure
[2020-01-29T21:58:31.310+0300][139.352s][info ][gc] GC(2112) Pause Full (Allocation Failure) 200M->70M(247M) 160.754ms
[2020-01-29T21:58:31.399+0300][139.440s][info ][gc] GC(2113) Pause Young (Allocation Failure) 137M->155M(247M) 52.679ms
[2020-01-29T21:58:31.409+0300][139.450s][info ][gc] GC(2114) Pause Initial Mark 174M->174M(247M) 8.832ms
[2020-01-29T21:58:31.409+0300][139.450s][info ][gc] GC(2114) Concurrent Mark
[2020-01-29T21:58:31.414+0300][139.453s][debug][gc] GC(2114) Concurrent active time: 3.015ms
[2020-01-29T21:58:31.414+0300][139.453s][info ][gc] GC(2114) Concurrent Mark 3.071ms
[2020-01-29T21:58:31.414+0300][139.453s][info ][gc] GC(2114) Concurrent Preclean
[2020-01-29T21:58:31.414+0300][139.453s][debug][gc] GC(2114) Concurrent active time: 0.155ms
[2020-01-29T21:58:31.414+0300][139.453s][info ][gc] GC(2114) Concurrent Preclean 0.187ms
[2020-01-29T21:58:31.414+0300][139.453s][info ][gc] GC(2114) Concurrent Abortable Preclean
[2020-01-29T21:58:31.414+0300][139.453s][debug][gc] GC(2114) Concurrent active time: 0.004ms
[2020-01-29T21:58:31.414+0300][139.453s][info ][gc] GC(2114) Concurrent Abortable Preclean 0.031ms
[2020-01-29T21:58:31.414+0300][139.453s][debug][gc] GC(2114) YG occupancy: 57239 K (78656 K)
[2020-01-29T21:58:31.424+0300][139.465s][info ][gc] GC(2114) Pause Remark 202M->202M(247M) 11.161ms
[2020-01-29T21:58:31.424+0300][139.465s][info ][gc] GC(2114) Concurrent Sweep
[2020-01-29T21:58:31.424+0300][139.467s][info ][gc] GC(2115) Pause Young (Allocation Failure) 200M->200M(247M) 0.041ms
[2020-01-29T21:58:31.495+0300][139.534s][debug][gc] GC(2114) Concurrent active time: 69.167ms
[2020-01-29T21:58:31.495+0300][139.534s][info ][gc] GC(2114) Concurrent Sweep 69.406ms
[2020-01-29T21:58:31.495+0300][139.534s][debug][gc] GC(2116) Concurrent mode failure
[2020-01-29T21:58:31.589+0300][139.628s][info ][gc] GC(2116) Pause Full (Allocation Failure) 200M->70M(247M) 161.114ms
[2020-01-29T21:58:31.659+0300][139.702s][info ][gc] GC(2117) Pause Young (Allocation Failure) 137M->155M(247M) 54.522ms
[2020-01-29T21:58:31.669+0300][139.712s][info ][gc] GC(2118) Pause Initial Mark 174M->174M(247M) 8.828ms
[2020-01-29T21:58:31.669+0300][139.712s][info ][gc] GC(2118) Concurrent Mark
[2020-01-29T21:58:31.674+0300][139.715s][debug][gc] GC(2118) Concurrent active time: 3.019ms
[2020-01-29T21:58:31.674+0300][139.715s][info ][gc] GC(2118) Concurrent Mark 3.075ms
[2020-01-29T21:58:31.674+0300][139.715s][info ][gc] GC(2118) Concurrent Preclean
[2020-01-29T21:58:31.674+0300][139.715s][debug][gc] GC(2118) Concurrent active time: 0.157ms
[2020-01-29T21:58:31.674+0300][139.715s][info ][gc] GC(2118) Concurrent Preclean 0.188ms
[2020-01-29T21:58:31.674+0300][139.715s][info ][gc] GC(2118) Concurrent Abortable Preclean
[2020-01-29T21:58:31.674+0300][139.715s][debug][gc] GC(2118) Concurrent active time: 0.004ms
[2020-01-29T21:58:31.674+0300][139.715s][info ][gc] GC(2118) Concurrent Abortable Preclean 0.031ms
[2020-01-29T21:58:31.674+0300][139.715s][debug][gc] GC(2118) YG occupancy: 57246 K (78656 K)
[2020-01-29T21:58:31.684+0300][139.726s][info ][gc] GC(2118) Pause Remark 202M->202M(247M) 11.016ms
[2020-01-29T21:58:31.684+0300][139.726s][info ][gc] GC(2118) Concurrent Sweep
[2020-01-29T21:58:31.689+0300][139.729s][info ][gc] GC(2119) Pause Young (Allocation Failure) 200M->200M(247M) 0.041ms
[2020-01-29T21:58:31.755+0300][139.794s][debug][gc] GC(2118) Concurrent active time: 68.175ms
[2020-01-29T21:58:31.755+0300][139.794s][info ][gc] GC(2118) Concurrent Sweep 68.415ms
[2020-01-29T21:58:31.755+0300][139.795s][debug][gc] GC(2120) Concurrent mode failure
[2020-01-29T21:58:31.850+0300][139.889s][info ][gc] GC(2120) Pause Full (Allocation Failure) 200M->70M(247M) 159.972ms
[2020-01-29T21:58:31.919+0300][139.960s][info ][gc] GC(2121) Pause Young (Allocation Failure) 137M->155M(247M) 52.618ms
[2020-01-29T21:58:31.932+0300][139.971s][info ][gc] GC(2122) Pause Initial Mark 174M->174M(247M) 8.815ms
[2020-01-29T21:58:31.932+0300][139.971s][info ][gc] GC(2122) Concurrent Mark
[2020-01-29T21:58:31.935+0300][139.974s][debug][gc] GC(2122) Concurrent active time: 3.036ms
[2020-01-29T21:58:31.936+0300][139.974s][info ][gc] GC(2122) Concurrent Mark 3.099ms
[2020-01-29T21:58:31.936+0300][139.974s][info ][gc] GC(2122) Concurrent Preclean
[2020-01-29T21:58:31.936+0300][139.974s][debug][gc] GC(2122) Concurrent active time: 0.171ms
[2020-01-29T21:58:31.936+0300][139.974s][info ][gc] GC(2122) Concurrent Preclean 0.201ms
[2020-01-29T21:58:31.936+0300][139.974s][info ][gc] GC(2122) Concurrent Abortable Preclean
[2020-01-29T21:58:31.936+0300][139.974s][debug][gc] GC(2122) Concurrent active time: 0.003ms
[2020-01-29T21:58:31.936+0300][139.974s][info ][gc] GC(2122) Concurrent Abortable Preclean 0.030ms
[2020-01-29T21:58:31.936+0300][139.974s][debug][gc] GC(2122) YG occupancy: 57249 K (78656 K)
[2020-01-29T21:58:31.947+0300][139.986s][info ][gc] GC(2122) Pause Remark 202M->202M(247M) 11.031ms
[2020-01-29T21:58:31.947+0300][139.986s][info ][gc] GC(2122) Concurrent Sweep
[2020-01-29T21:58:31.950+0300][139.988s][info ][gc] GC(2123) Pause Young (Allocation Failure) 200M->200M(247M) 0.040ms
[2020-01-29T21:58:32.014+0300][140.054s][debug][gc] GC(2122) Concurrent active time: 68.251ms
[2020-01-29T21:58:32.014+0300][140.054s][info ][gc] GC(2122) Concurrent Sweep 68.491ms
[2020-01-29T21:58:32.014+0300][140.054s][debug][gc] GC(2124) Concurrent mode failure
[2020-01-29T21:58:32.110+0300][140.148s][info ][gc] GC(2124) Pause Full (Allocation Failure) 200M->70M(247M) 160.138ms
[2020-01-29T21:58:32.182+0300][140.220s][info ][gc] GC(2125) Pause Young (Allocation Failure) 137M->155M(247M) 53.403ms
[2020-01-29T21:58:32.191+0300][140.230s][info ][gc] GC(2126) Pause Initial Mark 174M->174M(247M) 8.811ms
[2020-01-29T21:58:32.191+0300][140.230s][info ][gc] GC(2126) Concurrent Mark
[2020-01-29T21:58:32.194+0300][140.233s][debug][gc] GC(2126) Concurrent active time: 3.024ms
[2020-01-29T21:58:32.194+0300][140.233s][info ][gc] GC(2126) Concurrent Mark 3.077ms
[2020-01-29T21:58:32.194+0300][140.233s][info ][gc] GC(2126) Concurrent Preclean
[2020-01-29T21:58:32.194+0300][140.233s][debug][gc] GC(2126) Concurrent active time: 0.156ms
[2020-01-29T21:58:32.194+0300][140.233s][info ][gc] GC(2126) Concurrent Preclean 0.186ms
[2020-01-29T21:58:32.194+0300][140.233s][info ][gc] GC(2126) Concurrent Abortable Preclean
[2020-01-29T21:58:32.194+0300][140.233s][debug][gc] GC(2126) Concurrent active time: 0.003ms
[2020-01-29T21:58:32.194+0300][140.233s][info ][gc] GC(2126) Concurrent Abortable Preclean 0.030ms
[2020-01-29T21:58:32.194+0300][140.233s][debug][gc] GC(2126) YG occupancy: 57234 K (78656 K)
[2020-01-29T21:58:32.205+0300][140.244s][info ][gc] GC(2126) Pause Remark 202M->202M(247M) 11.064ms
[2020-01-29T21:58:32.205+0300][140.244s][info ][gc] GC(2126) Concurrent Sweep
[2020-01-29T21:58:32.208+0300][140.247s][info ][gc] GC(2127) Pause Young (Allocation Failure) 200M->200M(247M) 0.041ms
[2020-01-29T21:58:32.274+0300][140.313s][debug][gc] GC(2126) Concurrent active time: 68.253ms
[2020-01-29T21:58:32.274+0300][140.313s][info ][gc] GC(2126) Concurrent Sweep 68.493ms
[2020-01-29T21:58:32.274+0300][140.313s][debug][gc] GC(2128) Concurrent mode failure
[2020-01-29T21:58:32.371+0300][140.409s][info ][gc] GC(2128) Pause Full (Allocation Failure) 200M->70M(247M) 162.453ms
[2020-01-29T21:58:32.445+0300][140.484s][info ][gc] GC(2129) Pause Young (Allocation Failure) 137M->155M(247M) 55.726ms
[2020-01-29T21:58:32.455+0300][140.493s][info ][gc] GC(2130) Pause Initial Mark 174M->174M(247M) 8.827ms
[2020-01-29T21:58:32.455+0300][140.493s][info ][gc] GC(2130) Concurrent Mark
[2020-01-29T21:58:32.458+0300][140.496s][debug][gc] GC(2130) Concurrent active time: 3.027ms
[2020-01-29T21:58:32.458+0300][140.496s][info ][gc] GC(2130) Concurrent Mark 3.082ms
[2020-01-29T21:58:32.458+0300][140.496s][info ][gc] GC(2130) Concurrent Preclean
[2020-01-29T21:58:32.458+0300][140.497s][debug][gc] GC(2130) Concurrent active time: 0.155ms
[2020-01-29T21:58:32.458+0300][140.497s][info ][gc] GC(2130) Concurrent Preclean 0.192ms
[2020-01-29T21:58:32.458+0300][140.497s][info ][gc] GC(2130) Concurrent Abortable Preclean
[2020-01-29T21:58:32.458+0300][140.497s][debug][gc] GC(2130) Concurrent active time: 0.004ms
[2020-01-29T21:58:32.458+0300][140.497s][info ][gc] GC(2130) Concurrent Abortable Preclean 0.031ms
[2020-01-29T21:58:32.459+0300][140.497s][debug][gc] GC(2130) YG occupancy: 57239 K (78656 K)
[2020-01-29T21:58:32.470+0300][140.508s][info ][gc] GC(2130) Pause Remark 202M->202M(247M) 11.132ms
[2020-01-29T21:58:32.470+0300][140.508s][info ][gc] GC(2130) Concurrent Sweep
[2020-01-29T21:58:32.472+0300][140.511s][info ][gc] GC(2131) Pause Young (Allocation Failure) 200M->200M(247M) 0.040ms
[2020-01-29T21:58:32.540+0300][140.578s][debug][gc] GC(2130) Concurrent active time: 70.118ms
[2020-01-29T21:58:32.540+0300][140.578s][info ][gc] GC(2130) Concurrent Sweep 70.372ms
[2020-01-29T21:58:32.540+0300][140.578s][debug][gc] GC(2132) Concurrent mode failure
[2020-01-29T21:58:32.635+0300][140.673s][info ][gc] GC(2132) Pause Full (Allocation Failure) 200M->70M(247M) 162.773ms
[2020-01-29T21:58:32.707+0300][140.745s][info ][gc] GC(2133) Pause Young (Allocation Failure) 137M->155M(247M) 53.552ms
[2020-01-29T21:58:32.717+0300][140.755s][info ][gc] GC(2134) Pause Initial Mark 174M->174M(247M) 8.813ms
[2020-01-29T21:58:32.717+0300][140.755s][info ][gc] GC(2134) Concurrent Mark
[2020-01-29T21:58:32.720+0300][140.758s][debug][gc] GC(2134) Concurrent active time: 3.035ms
[2020-01-29T21:58:32.720+0300][140.758s][info ][gc] GC(2134) Concurrent Mark 3.092ms
[2020-01-29T21:58:32.720+0300][140.758s][info ][gc] GC(2134) Concurrent Preclean
[2020-01-29T21:58:32.720+0300][140.758s][debug][gc] GC(2134) Concurrent active time: 0.155ms
[2020-01-29T21:58:32.720+0300][140.758s][info ][gc] GC(2134) Concurrent Preclean 0.187ms
[2020-01-29T21:58:32.720+0300][140.758s][info ][gc] GC(2134) Concurrent Abortable Preclean
[2020-01-29T21:58:32.720+0300][140.758s][debug][gc] GC(2134) Concurrent active time: 0.004ms
[2020-01-29T21:58:32.720+0300][140.758s][info ][gc] GC(2134) Concurrent Abortable Preclean 0.031ms
[2020-01-29T21:58:32.720+0300][140.758s][debug][gc] GC(2134) YG occupancy: 57245 K (78656 K)
[2020-01-29T21:58:32.731+0300][140.769s][info ][gc] GC(2134) Pause Remark 202M->202M(247M) 11.002ms
[2020-01-29T21:58:32.731+0300][140.769s][info ][gc] GC(2134) Concurrent Sweep
[2020-01-29T21:58:32.734+0300][140.772s][info ][gc] GC(2135) Pause Young (Allocation Failure) 200M->200M(247M) 0.040ms
[2020-01-29T21:58:32.801+0300][140.839s][debug][gc] GC(2134) Concurrent active time: 69.445ms
[2020-01-29T21:58:32.801+0300][140.839s][info ][gc] GC(2134) Concurrent Sweep 69.680ms
[2020-01-29T21:58:32.801+0300][140.839s][debug][gc] GC(2136) Concurrent mode failure
[2020-01-29T21:58:32.895+0300][140.933s][info ][gc] GC(2136) Pause Full (Allocation Failure) 200M->70M(247M) 161.188ms
[2020-01-29T21:58:32.967+0300][141.006s][info ][gc] GC(2137) Pause Young (Allocation Failure) 137M->155M(247M) 53.477ms
[2020-01-29T21:58:32.976+0300][141.015s][info ][gc] GC(2138) Pause Initial Mark 174M->174M(247M) 8.826ms
[2020-01-29T21:58:32.976+0300][141.015s][info ][gc] GC(2138) Concurrent Mark
[2020-01-29T21:58:32.980+0300][141.019s][debug][gc] GC(2138) Concurrent active time: 3.224ms
[2020-01-29T21:58:32.980+0300][141.019s][info ][gc] GC(2138) Concurrent Mark 3.374ms
[2020-01-29T21:58:32.980+0300][141.019s][info ][gc] GC(2138) Concurrent Preclean
[2020-01-29T21:58:32.980+0300][141.019s][debug][gc] GC(2138) Concurrent active time: 0.172ms
[2020-01-29T21:58:32.980+0300][141.019s][info ][gc] GC(2138) Concurrent Preclean 0.206ms
[2020-01-29T21:58:32.980+0300][141.019s][info ][gc] GC(2138) Concurrent Abortable Preclean
[2020-01-29T21:58:32.980+0300][141.019s][debug][gc] GC(2138) Concurrent active time: 0.004ms
[2020-01-29T21:58:32.980+0300][141.019s][info ][gc] GC(2138) Concurrent Abortable Preclean 0.031ms
[2020-01-29T21:58:32.980+0300][141.019s][debug][gc] GC(2138) YG occupancy: 57354 K (78656 K)
[2020-01-29T21:58:32.991+0300][141.030s][info ][gc] GC(2138) Pause Remark 203M->203M(247M) 11.019ms
[2020-01-29T21:58:32.991+0300][141.030s][info ][gc] GC(2138) Concurrent Sweep
[2020-01-29T21:58:32.994+0300][141.033s][info ][gc] GC(2139) Pause Young (Allocation Failure) 200M->200M(247M) 0.043ms
[2020-01-29T21:58:33.060+0300][141.099s][debug][gc] GC(2138) Concurrent active time: 68.712ms
[2020-01-29T21:58:33.061+0300][141.099s][info ][gc] GC(2138) Concurrent Sweep 69.134ms
[2020-01-29T21:58:33.061+0300][141.099s][debug][gc] GC(2140) Concurrent mode failure
[2020-01-29T21:58:33.155+0300][141.193s][info ][gc] GC(2140) Pause Full (Allocation Failure) 200M->70M(247M) 160.230ms
[2020-01-29T21:58:33.227+0300][141.265s][info ][gc] GC(2141) Pause Young (Allocation Failure) 137M->155M(247M) 53.566ms
[2020-01-29T21:58:33.237+0300][141.275s][info ][gc] GC(2142) Pause Initial Mark 174M->174M(247M) 8.821ms
[2020-01-29T21:58:33.237+0300][141.275s][info ][gc] GC(2142) Concurrent Mark
[2020-01-29T21:58:33.240+0300][141.278s][debug][gc] GC(2142) Concurrent active time: 3.270ms
[2020-01-29T21:58:33.240+0300][141.278s][info ][gc] GC(2142) Concurrent Mark 3.338ms
[2020-01-29T21:58:33.240+0300][141.278s][info ][gc] GC(2142) Concurrent Preclean
[2020-01-29T21:58:33.240+0300][141.279s][debug][gc] GC(2142) Concurrent active time: 0.176ms
[2020-01-29T21:58:33.241+0300][141.279s][info ][gc] GC(2142) Concurrent Preclean 0.215ms
[2020-01-29T21:58:33.241+0300][141.279s][info ][gc] GC(2142) Concurrent Abortable Preclean
[2020-01-29T21:58:33.241+0300][141.279s][debug][gc] GC(2142) Concurrent active time: 0.004ms
[2020-01-29T21:58:33.241+0300][141.279s][info ][gc] GC(2142) Concurrent Abortable Preclean 0.032ms
[2020-01-29T21:58:33.241+0300][141.279s][debug][gc] GC(2142) YG occupancy: 57281 K (78656 K)
[2020-01-29T21:58:33.252+0300][141.290s][info ][gc] GC(2142) Pause Remark 202M->202M(247M) 11.061ms
[2020-01-29T21:58:33.252+0300][141.290s][info ][gc] GC(2142) Concurrent Sweep
[2020-01-29T21:58:33.255+0300][141.293s][info ][gc] GC(2143) Pause Young (Allocation Failure) 200M->200M(247M) 0.044ms
[2020-01-29T21:58:33.321+0300][141.360s][debug][gc] GC(2142) Concurrent active time: 69.462ms
[2020-01-29T21:58:33.321+0300][141.360s][info ][gc] GC(2142) Concurrent Sweep 69.734ms
[2020-01-29T21:58:33.321+0300][141.360s][debug][gc] GC(2144) Concurrent mode failure
[2020-01-29T21:58:33.416+0300][141.455s][info ][gc] GC(2144) Pause Full (Allocation Failure) 200M->70M(247M) 161.905ms
[2020-01-29T21:58:33.489+0300][141.527s][info ][gc] GC(2145) Pause Young (Allocation Failure) 137M->155M(247M) 54.209ms
[2020-01-29T21:58:33.499+0300][141.537s][info ][gc] GC(2146) Pause Initial Mark 174M->174M(247M) 8.847ms
[2020-01-29T21:58:33.499+0300][141.537s][info ][gc] GC(2146) Concurrent Mark
[2020-01-29T21:58:33.502+0300][141.540s][debug][gc] GC(2146) Concurrent active time: 3.025ms
[2020-01-29T21:58:33.502+0300][141.540s][info ][gc] GC(2146) Concurrent Mark 3.075ms
[2020-01-29T21:58:33.502+0300][141.540s][info ][gc] GC(2146) Concurrent Preclean
[2020-01-29T21:58:33.502+0300][141.540s][debug][gc] GC(2146) Concurrent active time: 0.155ms
[2020-01-29T21:58:33.502+0300][141.540s][info ][gc] GC(2146) Concurrent Preclean 0.185ms
[2020-01-29T21:58:33.502+0300][141.540s][info ][gc] GC(2146) Concurrent Abortable Preclean
[2020-01-29T21:58:33.502+0300][141.540s][debug][gc] GC(2146) Concurrent active time: 0.004ms
[2020-01-29T21:58:33.502+0300][141.540s][info ][gc] GC(2146) Concurrent Abortable Preclean 0.030ms
[2020-01-29T21:58:33.502+0300][141.541s][debug][gc] GC(2146) YG occupancy: 57250 K (78656 K)
[2020-01-29T21:58:33.513+0300][141.552s][info ][gc] GC(2146) Pause Remark 202M->202M(247M) 11.069ms
[2020-01-29T21:58:33.513+0300][141.552s][info ][gc] GC(2146) Concurrent Sweep
[2020-01-29T21:58:33.516+0300][141.554s][info ][gc] GC(2147) Pause Young (Allocation Failure) 200M->200M(247M) 0.042ms
[2020-01-29T21:58:33.583+0300][141.621s][debug][gc] GC(2146) Concurrent active time: 69.050ms
[2020-01-29T21:58:33.583+0300][141.621s][info ][gc] GC(2146) Concurrent Sweep 69.300ms
[2020-01-29T21:58:33.583+0300][141.621s][debug][gc] GC(2148) Concurrent mode failure
[2020-01-29T21:58:33.678+0300][141.716s][info ][gc] GC(2148) Pause Full (Allocation Failure) 200M->70M(247M) 161.332ms
[2020-01-29T21:58:33.747+0300][141.786s][info ][gc] GC(2149) Pause Young (Allocation Failure) 137M->155M(247M) 52.790ms
[2020-01-29T21:58:33.757+0300][141.796s][info ][gc] GC(2150) Pause Initial Mark 174M->174M(247M) 8.822ms
[2020-01-29T21:58:33.757+0300][141.796s][info ][gc] GC(2150) Concurrent Mark
[2020-01-29T21:58:33.760+0300][141.799s][debug][gc] GC(2150) Concurrent active time: 3.070ms
[2020-01-29T21:58:33.760+0300][141.799s][info ][gc] GC(2150) Concurrent Mark 3.137ms
[2020-01-29T21:58:33.760+0300][141.799s][info ][gc] GC(2150) Concurrent Preclean
[2020-01-29T21:58:33.761+0300][141.799s][debug][gc] GC(2150) Concurrent active time: 0.160ms
[2020-01-29T21:58:33.761+0300][141.799s][info ][gc] GC(2150) Concurrent Preclean 0.192ms
[2020-01-29T21:58:33.761+0300][141.799s][info ][gc] GC(2150) Concurrent Abortable Preclean
[2020-01-29T21:58:33.761+0300][141.799s][debug][gc] GC(2150) Concurrent active time: 0.005ms
[2020-01-29T21:58:33.761+0300][141.799s][info ][gc] GC(2150) Concurrent Abortable Preclean 0.032ms
[2020-01-29T21:58:33.761+0300][141.799s][debug][gc] GC(2150) YG occupancy: 57250 K (78656 K)
[2020-01-29T21:58:33.772+0300][141.811s][info ][gc] GC(2150) Pause Remark 202M->202M(247M) 11.041ms
[2020-01-29T21:58:33.772+0300][141.811s][info ][gc] GC(2150) Concurrent Sweep
[2020-01-29T21:58:33.774+0300][141.813s][info ][gc] GC(2151) Pause Young (Allocation Failure) 200M->200M(247M) 0.040ms
[2020-01-29T21:58:33.841+0300][141.880s][debug][gc] GC(2150) Concurrent active time: 69.280ms
[2020-01-29T21:58:33.842+0300][141.880s][info ][gc] GC(2150) Concurrent Sweep 69.524ms
[2020-01-29T21:58:33.842+0300][141.880s][debug][gc] GC(2152) Concurrent mode failure
[2020-01-29T21:58:33.937+0300][141.976s][info ][gc] GC(2152) Pause Full (Allocation Failure) 200M->70M(247M) 162.567ms
[2020-01-29T21:58:34.010+0300][142.048s][info ][gc] GC(2153) Pause Young (Allocation Failure) 137M->155M(247M) 54.046ms
[2020-01-29T21:58:34.020+0300][142.058s][info ][gc] GC(2154) Pause Initial Mark 174M->174M(247M) 8.880ms
[2020-01-29T21:58:34.020+0300][142.058s][info ][gc] GC(2154) Concurrent Mark
[2020-01-29T21:58:34.023+0300][142.062s][debug][gc] GC(2154) Concurrent active time: 3.148ms
[2020-01-29T21:58:34.023+0300][142.062s][info ][gc] GC(2154) Concurrent Mark 3.302ms
[2020-01-29T21:58:34.023+0300][142.062s][info ][gc] GC(2154) Concurrent Preclean
[2020-01-29T21:58:34.023+0300][142.062s][debug][gc] GC(2154) Concurrent active time: 0.165ms
[2020-01-29T21:58:34.023+0300][142.062s][info ][gc] GC(2154) Concurrent Preclean 0.197ms
[2020-01-29T21:58:34.023+0300][142.062s][info ][gc] GC(2154) Concurrent Abortable Preclean
[2020-01-29T21:58:34.023+0300][142.062s][debug][gc] GC(2154) Concurrent active time: 0.004ms
[2020-01-29T21:58:34.023+0300][142.062s][info ][gc] GC(2154) Concurrent Abortable Preclean 0.030ms
[2020-01-29T21:58:34.023+0300][142.062s][debug][gc] GC(2154) YG occupancy: 57355 K (78656 K)
[2020-01-29T21:58:34.034+0300][142.073s][info ][gc] GC(2154) Pause Remark 203M->203M(247M) 11.045ms
[2020-01-29T21:58:34.034+0300][142.073s][info ][gc] GC(2154) Concurrent Sweep
[2020-01-29T21:58:34.037+0300][142.076s][info ][gc] GC(2155) Pause Young (Allocation Failure) 201M->201M(247M) 0.041ms
[2020-01-29T21:58:34.106+0300][142.144s][debug][gc] GC(2154) Concurrent active time: 70.812ms
[2020-01-29T21:58:34.106+0300][142.144s][info ][gc] GC(2154) Concurrent Sweep 71.057ms
[2020-01-29T21:58:34.106+0300][142.144s][debug][gc] GC(2156) Concurrent mode failure
[2020-01-29T21:58:34.201+0300][142.239s][info ][gc] GC(2156) Pause Full (Allocation Failure) 201M->70M(247M) 163.465ms
[2020-01-29T21:58:34.272+0300][142.311s][info ][gc] GC(2157) Pause Young (Allocation Failure) 137M->155M(247M) 53.062ms
[2020-01-29T21:58:34.282+0300][142.321s][info ][gc] GC(2158) Pause Initial Mark 174M->174M(247M) 8.905ms
[2020-01-29T21:58:34.282+0300][142.321s][info ][gc] GC(2158) Concurrent Mark
[2020-01-29T21:58:34.285+0300][142.324s][debug][gc] GC(2158) Concurrent active time: 3.343ms
[2020-01-29T21:58:34.285+0300][142.324s][info ][gc] GC(2158) Concurrent Mark 3.409ms
[2020-01-29T21:58:34.285+0300][142.324s][info ][gc] GC(2158) Concurrent Preclean
[2020-01-29T21:58:34.285+0300][142.324s][debug][gc] GC(2158) Concurrent active time: 0.183ms
[2020-01-29T21:58:34.285+0300][142.324s][info ][gc] GC(2158) Concurrent Preclean 0.216ms
[2020-01-29T21:58:34.285+0300][142.324s][info ][gc] GC(2158) Concurrent Abortable Preclean
[2020-01-29T21:58:34.285+0300][142.324s][debug][gc] GC(2158) Concurrent active time: 0.004ms
[2020-01-29T21:58:34.285+0300][142.324s][info ][gc] GC(2158) Concurrent Abortable Preclean 0.031ms
[2020-01-29T21:58:34.285+0300][142.324s][debug][gc] GC(2158) YG occupancy: 54521 K (78656 K)
[2020-01-29T21:58:34.296+0300][142.335s][info ][gc] GC(2158) Pause Remark 200M->200M(247M) 10.995ms
[2020-01-29T21:58:34.297+0300][142.335s][info ][gc] GC(2158) Concurrent Sweep
[2020-01-29T21:58:34.300+0300][142.339s][info ][gc] GC(2159) Pause Young (Allocation Failure) 199M->199M(247M) 0.043ms
[2020-01-29T21:58:34.368+0300][142.406s][debug][gc] GC(2158) Concurrent active time: 70.307ms
[2020-01-29T21:58:34.368+0300][142.406s][info ][gc] GC(2158) Concurrent Sweep 70.588ms
[2020-01-29T21:58:34.368+0300][142.406s][debug][gc] GC(2160) Concurrent mode failure
[2020-01-29T21:58:34.463+0300][142.501s][info ][gc] GC(2160) Pause Full (Allocation Failure) 199M->70M(247M) 162.856ms
[2020-01-29T21:58:34.537+0300][142.575s][info ][gc] GC(2161) Pause Young (Allocation Failure) 137M->155M(247M) 54.844ms
[2020-01-29T21:58:34.546+0300][142.585s][info ][gc] GC(2162) Pause Initial Mark 174M->174M(247M) 8.838ms
[2020-01-29T21:58:34.546+0300][142.585s][info ][gc] GC(2162) Concurrent Mark
[2020-01-29T21:58:34.549+0300][142.588s][debug][gc] GC(2162) Concurrent active time: 3.020ms
[2020-01-29T21:58:34.549+0300][142.588s][info ][gc] GC(2162) Concurrent Mark 3.075ms
[2020-01-29T21:58:34.549+0300][142.588s][info ][gc] GC(2162) Concurrent Preclean
[2020-01-29T21:58:34.549+0300][142.588s][debug][gc] GC(2162) Concurrent active time: 0.157ms
[2020-01-29T21:58:34.549+0300][142.588s][info ][gc] GC(2162) Concurrent Preclean 0.187ms
[2020-01-29T21:58:34.549+0300][142.588s][info ][gc] GC(2162) Concurrent Abortable Preclean
[2020-01-29T21:58:34.549+0300][142.588s][debug][gc] GC(2162) Concurrent active time: 0.004ms
[2020-01-29T21:58:34.549+0300][142.588s][info ][gc] GC(2162) Concurrent Abortable Preclean 0.030ms
[2020-01-29T21:58:34.549+0300][142.588s][debug][gc] GC(2162) YG occupancy: 57250 K (78656 K)
[2020-01-29T21:58:34.560+0300][142.599s][info ][gc] GC(2162) Pause Remark 202M->202M(247M) 11.016ms
[2020-01-29T21:58:34.560+0300][142.599s][info ][gc] GC(2162) Concurrent Sweep
[2020-01-29T21:58:34.563+0300][142.602s][info ][gc] GC(2163) Pause Young (Allocation Failure) 200M->200M(247M) 0.040ms
[2020-01-29T21:58:34.629+0300][142.668s][debug][gc] GC(2162) Concurrent active time: 68.592ms
[2020-01-29T21:58:34.629+0300][142.668s][info ][gc] GC(2162) Concurrent Sweep 68.828ms
[2020-01-29T21:58:34.629+0300][142.668s][debug][gc] GC(2164) Concurrent mode failure
[2020-01-29T21:58:34.725+0300][142.763s][info ][gc] GC(2164) Pause Full (Allocation Failure) 200M->70M(247M) 161.621ms
[2020-01-29T21:58:34.798+0300][142.837s][info ][gc] GC(2165) Pause Young (Allocation Failure) 137M->155M(247M) 54.357ms
[2020-01-29T21:58:34.808+0300][142.846s][info ][gc] GC(2166) Pause Initial Mark 174M->174M(247M) 8.845ms
[2020-01-29T21:58:34.808+0300][142.846s][info ][gc] GC(2166) Concurrent Mark
[2020-01-29T21:58:34.811+0300][142.849s][debug][gc] GC(2166) Concurrent active time: 3.014ms
[2020-01-29T21:58:34.811+0300][142.849s][info ][gc] GC(2166) Concurrent Mark 3.071ms
[2020-01-29T21:58:34.811+0300][142.849s][info ][gc] GC(2166) Concurrent Preclean
[2020-01-29T21:58:34.811+0300][142.850s][debug][gc] GC(2166) Concurrent active time: 0.157ms
[2020-01-29T21:58:34.811+0300][142.850s][info ][gc] GC(2166) Concurrent Preclean 0.193ms
[2020-01-29T21:58:34.811+0300][142.850s][info ][gc] GC(2166) Concurrent Abortable Preclean
[2020-01-29T21:58:34.811+0300][142.850s][debug][gc] GC(2166) Concurrent active time: 0.004ms
[2020-01-29T21:58:34.811+0300][142.850s][info ][gc] GC(2166) Concurrent Abortable Preclean 0.031ms
[2020-01-29T21:58:34.811+0300][142.850s][debug][gc] GC(2166) YG occupancy: 57249 K (78656 K)
[2020-01-29T21:58:34.823+0300][142.861s][info ][gc] GC(2166) Pause Remark 202M->202M(247M) 11.328ms
[2020-01-29T21:58:34.823+0300][142.861s][info ][gc] GC(2166) Concurrent Sweep
[2020-01-29T21:58:34.825+0300][142.864s][info ][gc] GC(2167) Pause Young (Allocation Failure) 200M->200M(247M) 0.040ms
[2020-01-29T21:58:34.892+0300][142.930s][debug][gc] GC(2166) Concurrent active time: 68.542ms
[2020-01-29T21:58:34.892+0300][142.930s][info ][gc] GC(2166) Concurrent Sweep 68.780ms
[2020-01-29T21:58:34.892+0300][142.930s][debug][gc] GC(2168) Concurrent mode failure
[2020-01-29T21:58:34.987+0300][143.025s][info ][gc] GC(2168) Pause Full (Allocation Failure) 200M->70M(247M) 161.410ms
[2020-01-29T21:58:35.058+0300][143.097s][info ][gc] GC(2169) Pause Young (Allocation Failure) 137M->155M(247M) 53.545ms
[2020-01-29T21:58:35.068+0300][143.107s][info ][gc] GC(2170) Pause Initial Mark 174M->174M(247M) 8.873ms
[2020-01-29T21:58:35.068+0300][143.107s][info ][gc] GC(2170) Concurrent Mark
[2020-01-29T21:58:35.071+0300][143.110s][debug][gc] GC(2170) Concurrent active time: 3.128ms
[2020-01-29T21:58:35.071+0300][143.110s][info ][gc] GC(2170) Concurrent Mark 3.283ms
[2020-01-29T21:58:35.071+0300][143.110s][info ][gc] GC(2170) Concurrent Preclean
[2020-01-29T21:58:35.072+0300][143.110s][debug][gc] GC(2170) Concurrent active time: 0.165ms
[2020-01-29T21:58:35.072+0300][143.111s][info ][gc] GC(2170) Concurrent Preclean 0.211ms
[2020-01-29T21:58:35.072+0300][143.111s][info ][gc] GC(2170) Concurrent Abortable Preclean
[2020-01-29T21:58:35.072+0300][143.111s][debug][gc] GC(2170) Concurrent active time: 0.004ms
[2020-01-29T21:58:35.072+0300][143.111s][info ][gc] GC(2170) Concurrent Abortable Preclean 0.030ms
[2020-01-29T21:58:35.072+0300][143.111s][debug][gc] GC(2170) YG occupancy: 57357 K (78656 K)
[2020-01-29T21:58:35.083+0300][143.122s][info ][gc] GC(2170) Pause Remark 203M->203M(247M) 11.093ms
[2020-01-29T21:58:35.083+0300][143.122s][info ][gc] GC(2170) Concurrent Sweep
[2020-01-29T21:58:35.086+0300][143.125s][info ][gc] GC(2171) Pause Young (Allocation Failure) 200M->200M(247M) 0.042ms
[2020-01-29T21:58:35.153+0300][143.191s][debug][gc] GC(2170) Concurrent active time: 69.236ms
[2020-01-29T21:58:35.153+0300][143.191s][info ][gc] GC(2170) Concurrent Sweep 69.487ms
[2020-01-29T21:58:35.153+0300][143.191s][debug][gc] GC(2172) Concurrent mode failure
[2020-01-29T21:58:35.248+0300][143.286s][info ][gc] GC(2172) Pause Full (Allocation Failure) 200M->70M(247M) 161.685ms
[2020-01-29T21:58:35.321+0300][143.359s][info ][gc] GC(2173) Pause Young (Allocation Failure) 137M->155M(247M) 54.054ms
[2020-01-29T21:58:35.330+0300][143.369s][info ][gc] GC(2174) Pause Initial Mark 174M->174M(247M) 8.823ms
[2020-01-29T21:58:35.331+0300][143.369s][info ][gc] GC(2174) Concurrent Mark
[2020-01-29T21:58:35.334+0300][143.372s][debug][gc] GC(2174) Concurrent active time: 3.273ms
[2020-01-29T21:58:35.334+0300][143.372s][info ][gc] GC(2174) Concurrent Mark 3.337ms
[2020-01-29T21:58:35.334+0300][143.372s][info ][gc] GC(2174) Concurrent Preclean
[2020-01-29T21:58:35.334+0300][143.372s][debug][gc] GC(2174) Concurrent active time: 0.182ms
[2020-01-29T21:58:35.334+0300][143.372s][info ][gc] GC(2174) Concurrent Preclean 0.214ms
[2020-01-29T21:58:35.334+0300][143.372s][info ][gc] GC(2174) Concurrent Abortable Preclean
[2020-01-29T21:58:35.334+0300][143.372s][debug][gc] GC(2174) Concurrent active time: 0.005ms
[2020-01-29T21:58:35.334+0300][143.372s][info ][gc] GC(2174) Concurrent Abortable Preclean 0.032ms
[2020-01-29T21:58:35.334+0300][143.372s][debug][gc] GC(2174) YG occupancy: 57283 K (78656 K)
[2020-01-29T21:58:35.345+0300][143.383s][info ][gc] GC(2174) Pause Remark 202M->202M(247M) 11.091ms
[2020-01-29T21:58:35.345+0300][143.383s][info ][gc] GC(2174) Concurrent Sweep
[2020-01-29T21:58:35.348+0300][143.386s][info ][gc] GC(2175) Pause Young (Allocation Failure) 200M->200M(247M) 0.043ms
[2020-01-29T21:58:35.414+0300][143.453s][debug][gc] GC(2174) Concurrent active time: 69.344ms
[2020-01-29T21:58:35.414+0300][143.453s][info ][gc] GC(2174) Concurrent Sweep 69.609ms
[2020-01-29T21:58:35.414+0300][143.453s][debug][gc] GC(2176) Concurrent mode failure
[2020-01-29T21:58:35.510+0300][143.548s][info ][gc] GC(2176) Pause Full (Allocation Failure) 200M->70M(247M) 161.790ms
[2020-01-29T21:58:35.580+0300][143.619s][info ][gc] GC(2177) Pause Young (Allocation Failure) 137M->155M(247M) 53.150ms
[2020-01-29T21:58:35.590+0300][143.629s][info ][gc] GC(2178) Pause Initial Mark 174M->174M(247M) 8.816ms
[2020-01-29T21:58:35.590+0300][143.629s][info ][gc] GC(2178) Concurrent Mark
[2020-01-29T21:58:35.593+0300][143.632s][debug][gc] GC(2178) Concurrent active time: 3.040ms
[2020-01-29T21:58:35.593+0300][143.632s][info ][gc] GC(2178) Concurrent Mark 3.098ms
[2020-01-29T21:58:35.593+0300][143.632s][info ][gc] GC(2178) Concurrent Preclean
[2020-01-29T21:58:35.593+0300][143.632s][debug][gc] GC(2178) Concurrent active time: 0.158ms
[2020-01-29T21:58:35.593+0300][143.632s][info ][gc] GC(2178) Concurrent Preclean 0.190ms
[2020-01-29T21:58:35.593+0300][143.632s][info ][gc] GC(2178) Concurrent Abortable Preclean
[2020-01-29T21:58:35.593+0300][143.632s][debug][gc] GC(2178) Concurrent active time: 0.004ms
[2020-01-29T21:58:35.593+0300][143.632s][info ][gc] GC(2178) Concurrent Abortable Preclean 0.031ms
[2020-01-29T21:58:35.594+0300][143.632s][debug][gc] GC(2178) YG occupancy: 57251 K (78656 K)
[2020-01-29T21:58:35.605+0300][143.644s][info ][gc] GC(2178) Pause Remark 202M->202M(247M) 11.197ms
[2020-01-29T21:58:35.605+0300][143.644s][info ][gc] GC(2178) Concurrent Sweep
[2020-01-29T21:58:35.607+0300][143.646s][info ][gc] GC(2179) Pause Young (Allocation Failure) 200M->200M(247M) 0.040ms
[2020-01-29T21:58:35.675+0300][143.713s][debug][gc] GC(2178) Concurrent active time: 69.280ms
[2020-01-29T21:58:35.675+0300][143.713s][info ][gc] GC(2178) Concurrent Sweep 69.520ms
[2020-01-29T21:58:35.675+0300][143.713s][debug][gc] GC(2180) Concurrent mode failure
[2020-01-29T21:58:35.770+0300][143.809s][info ][gc] GC(2180) Pause Full (Allocation Failure) 200M->70M(247M) 162.345ms
[2020-01-29T21:58:35.843+0300][143.881s][info ][gc] GC(2181) Pause Young (Allocation Failure) 137M->155M(247M) 53.943ms
[2020-01-29T21:58:35.852+0300][143.891s][info ][gc] GC(2182) Pause Initial Mark 174M->174M(247M) 8.814ms
[2020-01-29T21:58:35.852+0300][143.891s][info ][gc] GC(2182) Concurrent Mark
[2020-01-29T21:58:35.855+0300][143.894s][debug][gc] GC(2182) Concurrent active time: 3.088ms
[2020-01-29T21:58:35.855+0300][143.894s][info ][gc] GC(2182) Concurrent Mark 3.151ms
[2020-01-29T21:58:35.855+0300][143.894s][info ][gc] GC(2182) Concurrent Preclean
[2020-01-29T21:58:35.856+0300][143.894s][debug][gc] GC(2182) Concurrent active time: 0.161ms
[2020-01-29T21:58:35.856+0300][143.894s][info ][gc] GC(2182) Concurrent Preclean 0.194ms
[2020-01-29T21:58:35.856+0300][143.894s][info ][gc] GC(2182) Concurrent Abortable Preclean
[2020-01-29T21:58:35.856+0300][143.894s][debug][gc] GC(2182) Concurrent active time: 0.004ms
[2020-01-29T21:58:35.856+0300][143.894s][info ][gc] GC(2182) Concurrent Abortable Preclean 0.031ms
[2020-01-29T21:58:35.856+0300][143.894s][debug][gc] GC(2182) YG occupancy: 57251 K (78656 K)
[2020-01-29T21:58:35.867+0300][143.905s][info ][gc] GC(2182) Pause Remark 202M->202M(247M) 10.998ms
[2020-01-29T21:58:35.867+0300][143.906s][info ][gc] GC(2182) Concurrent Sweep
[2020-01-29T21:58:35.869+0300][143.908s][info ][gc] GC(2183) Pause Young (Allocation Failure) 201M->201M(247M) 0.041ms
[2020-01-29T21:58:35.936+0300][143.975s][debug][gc] GC(2182) Concurrent active time: 69.012ms
[2020-01-29T21:58:35.936+0300][143.975s][info ][gc] GC(2182) Concurrent Sweep 69.260ms
[2020-01-29T21:58:35.936+0300][143.975s][debug][gc] GC(2184) Concurrent mode failure
[2020-01-29T21:58:36.032+0300][144.070s][info ][gc] GC(2184) Pause Full (Allocation Failure) 201M->70M(247M) 161.959ms
[2020-01-29T21:58:36.104+0300][144.142s][info ][gc] GC(2185) Pause Young (Allocation Failure) 137M->155M(247M) 53.574ms
[2020-01-29T21:58:36.110+0300][144.152s][info ][gc] GC(2186) Pause Initial Mark 174M->174M(247M) 8.890ms
[2020-01-29T21:58:36.110+0300][144.152s][info ][gc] GC(2186) Concurrent Mark
[2020-01-29T21:58:36.115+0300][144.156s][debug][gc] GC(2186) Concurrent active time: 3.162ms
[2020-01-29T21:58:36.115+0300][144.156s][info ][gc] GC(2186) Concurrent Mark 3.319ms
[2020-01-29T21:58:36.115+0300][144.156s][info ][gc] GC(2186) Concurrent Preclean
[2020-01-29T21:58:36.115+0300][144.156s][debug][gc] GC(2186) Concurrent active time: 0.166ms
[2020-01-29T21:58:36.115+0300][144.156s][info ][gc] GC(2186) Concurrent Preclean 0.200ms
[2020-01-29T21:58:36.115+0300][144.156s][info ][gc] GC(2186) Concurrent Abortable Preclean
[2020-01-29T21:58:36.115+0300][144.156s][debug][gc] GC(2186) Concurrent active time: 0.004ms
[2020-01-29T21:58:36.115+0300][144.156s][info ][gc] GC(2186) Concurrent Abortable Preclean 0.031ms
[2020-01-29T21:58:36.115+0300][144.156s][debug][gc] GC(2186) YG occupancy: 57356 K (78656 K)
[2020-01-29T21:58:36.125+0300][144.167s][info ][gc] GC(2186) Pause Remark 203M->203M(247M) 11.024ms
[2020-01-29T21:58:36.125+0300][144.167s][info ][gc] GC(2186) Concurrent Sweep
[2020-01-29T21:58:36.130+0300][144.170s][info ][gc] GC(2187) Pause Young (Allocation Failure) 200M->200M(247M) 0.041ms
[2020-01-29T21:58:36.195+0300][144.236s][debug][gc] GC(2186) Concurrent active time: 68.936ms
[2020-01-29T21:58:36.195+0300][144.236s][info ][gc] GC(2186) Concurrent Sweep 69.182ms
[2020-01-29T21:58:36.195+0300][144.236s][debug][gc] GC(2188) Concurrent mode failure
[2020-01-29T21:58:36.290+0300][144.330s][info ][gc] GC(2188) Pause Full (Allocation Failure) 200M->70M(247M) 160.710ms
[2020-01-29T21:58:36.357+0300][144.402s][info ][gc] GC(2189) Pause Young (Allocation Failure) 137M->155M(247M) 53.889ms
[2020-01-29T21:58:36.375+0300][144.416s][info ][gc] GC(2190) Pause Initial Mark 174M->174M(247M) 8.809ms
[2020-01-29T21:58:36.375+0300][144.417s][info ][gc] GC(2190) Concurrent Mark
[2020-01-29T21:58:36.380+0300][144.420s][debug][gc] GC(2190) Concurrent active time: 3.240ms
[2020-01-29T21:58:36.380+0300][144.420s][info ][gc] GC(2190) Concurrent Mark 3.309ms
[2020-01-29T21:58:36.380+0300][144.420s][info ][gc] GC(2190) Concurrent Preclean
[2020-01-29T21:58:36.380+0300][144.420s][debug][gc] GC(2190) Concurrent active time: 0.193ms
[2020-01-29T21:58:36.380+0300][144.420s][info ][gc] GC(2190) Concurrent Preclean 0.225ms
[2020-01-29T21:58:36.380+0300][144.420s][info ][gc] GC(2190) Concurrent Abortable Preclean
[2020-01-29T21:58:36.380+0300][144.420s][debug][gc] GC(2190) Concurrent active time: 0.004ms
[2020-01-29T21:58:36.380+0300][144.420s][info ][gc] GC(2190) Concurrent Abortable Preclean 0.031ms
[2020-01-29T21:58:36.380+0300][144.420s][debug][gc] GC(2190) YG occupancy: 57283 K (78656 K)
[2020-01-29T21:58:36.390+0300][144.432s][info ][gc] GC(2190) Pause Remark 202M->202M(247M) 11.612ms
[2020-01-29T21:58:36.390+0300][144.432s][info ][gc] GC(2190) Concurrent Sweep
[2020-01-29T21:58:36.395+0300][144.435s][info ][gc] GC(2191) Pause Young (Allocation Failure) 200M->200M(247M) 0.043ms
[2020-01-29T21:58:36.457+0300][144.503s][debug][gc] GC(2190) Concurrent active time: 70.486ms
[2020-01-29T21:58:36.457+0300][144.503s][info ][gc] GC(2190) Concurrent Sweep 70.763ms
[2020-01-29T21:58:36.457+0300][144.503s][debug][gc] GC(2192) Concurrent mode failure
[2020-01-29T21:58:36.557+0300][144.596s][info ][gc] GC(2192) Pause Full (Allocation Failure) 200M->70M(247M) 161.634ms
[2020-01-29T21:58:36.640+0300][144.681s][info ][gc] GC(2193) Pause Young (Allocation Failure) 137M->155M(247M) 53.269ms
[2020-01-29T21:58:36.653+0300][144.691s][info ][gc] GC(2194) Pause Initial Mark 174M->174M(247M) 8.827ms
[2020-01-29T21:58:36.653+0300][144.691s][info ][gc] GC(2194) Concurrent Mark
[2020-01-29T21:58:36.656+0300][144.694s][debug][gc] GC(2194) Concurrent active time: 3.057ms
[2020-01-29T21:58:36.656+0300][144.694s][info ][gc] GC(2194) Concurrent Mark 3.122ms
[2020-01-29T21:58:36.656+0300][144.694s][info ][gc] GC(2194) Concurrent Preclean
[2020-01-29T21:58:36.656+0300][144.695s][debug][gc] GC(2194) Concurrent active time: 0.159ms
[2020-01-29T21:58:36.656+0300][144.695s][info ][gc] GC(2194) Concurrent Preclean 0.190ms
[2020-01-29T21:58:36.656+0300][144.695s][info ][gc] GC(2194) Concurrent Abortable Preclean
[2020-01-29T21:58:36.656+0300][144.695s][debug][gc] GC(2194) Concurrent active time: 0.004ms
[2020-01-29T21:58:36.656+0300][144.695s][info ][gc] GC(2194) Concurrent Abortable Preclean 0.031ms
[2020-01-29T21:58:36.657+0300][144.695s][debug][gc] GC(2194) YG occupancy: 57250 K (78656 K)
[2020-01-29T21:58:36.665+0300][144.706s][info ][gc] GC(2194) Pause Remark 202M->202M(247M) 11.002ms
[2020-01-29T21:58:36.665+0300][144.706s][info ][gc] GC(2194) Concurrent Sweep
[2020-01-29T21:58:36.670+0300][144.708s][info ][gc] GC(2195) Pause Young (Allocation Failure) 200M->200M(247M) 0.041ms
[2020-01-29T21:58:36.735+0300][144.774s][debug][gc] GC(2194) Concurrent active time: 68.604ms
[2020-01-29T21:58:36.735+0300][144.775s][info ][gc] GC(2194) Concurrent Sweep 68.835ms
[2020-01-29T21:58:36.735+0300][144.775s][debug][gc] GC(2196) Concurrent mode failure
[2020-01-29T21:58:36.830+0300][144.869s][info ][gc] GC(2196) Pause Full (Allocation Failure) 200M->70M(247M) 160.991ms
[2020-01-29T21:58:36.900+0300][144.941s][info ][gc] GC(2197) Pause Young (Allocation Failure) 137M->155M(247M) 52.724ms
[2020-01-29T21:58:36.910+0300][144.951s][info ][gc] GC(2198) Pause Initial Mark 174M->174M(247M) 8.803ms
[2020-01-29T21:58:36.910+0300][144.951s][info ][gc] GC(2198) Concurrent Mark
[2020-01-29T21:58:36.915+0300][144.954s][debug][gc] GC(2198) Concurrent active time: 3.011ms
[2020-01-29T21:58:36.915+0300][144.954s][info ][gc] GC(2198) Concurrent Mark 3.066ms
[2020-01-29T21:58:36.915+0300][144.954s][info ][gc] GC(2198) Concurrent Preclean
[2020-01-29T21:58:36.915+0300][144.954s][debug][gc] GC(2198) Concurrent active time: 0.166ms
[2020-01-29T21:58:36.915+0300][144.954s][info ][gc] GC(2198) Concurrent Preclean 0.197ms
[2020-01-29T21:58:36.915+0300][144.954s][info ][gc] GC(2198) Concurrent Abortable Preclean
[2020-01-29T21:58:36.915+0300][144.954s][debug][gc] GC(2198) Concurrent active time: 0.003ms
[2020-01-29T21:58:36.915+0300][144.954s][info ][gc] GC(2198) Concurrent Abortable Preclean 0.030ms
[2020-01-29T21:58:36.915+0300][144.954s][debug][gc] GC(2198) YG occupancy: 57250 K (78656 K)
[2020-01-29T21:58:36.925+0300][144.965s][info ][gc] GC(2198) Pause Remark 202M->202M(247M) 11.092ms
[2020-01-29T21:58:36.925+0300][144.965s][info ][gc] GC(2198) Concurrent Sweep
[2020-01-29T21:58:36.925+0300][144.968s][info ][gc] GC(2199) Pause Young (Allocation Failure) 200M->200M(247M) 0.040ms
[2020-01-29T21:58:36.995+0300][145.034s][debug][gc] GC(2198) Concurrent active time: 69.086ms
[2020-01-29T21:58:36.995+0300][145.034s][info ][gc] GC(2198) Concurrent Sweep 69.316ms
[2020-01-29T21:58:36.995+0300][145.034s][debug][gc] GC(2200) Concurrent mode failure
[2020-01-29T21:58:37.091+0300][145.129s][info ][gc] GC(2200) Pause Full (Allocation Failure) 200M->70M(247M) 161.710ms
[2020-01-29T21:58:37.164+0300][145.202s][info ][gc] GC(2201) Pause Young (Allocation Failure) 137M->155M(247M) 54.290ms
[2020-01-29T21:58:37.174+0300][145.212s][info ][gc] GC(2202) Pause Initial Mark 174M->174M(247M) 8.849ms
[2020-01-29T21:58:37.174+0300][145.212s][info ][gc] GC(2202) Concurrent Mark
[2020-01-29T21:58:37.177+0300][145.215s][debug][gc] GC(2202) Concurrent active time: 3.029ms
[2020-01-29T21:58:37.177+0300][145.215s][info ][gc] GC(2202) Concurrent Mark 3.085ms
[2020-01-29T21:58:37.177+0300][145.215s][info ][gc] GC(2202) Concurrent Preclean
[2020-01-29T21:58:37.177+0300][145.215s][debug][gc] GC(2202) Concurrent active time: 0.158ms
[2020-01-29T21:58:37.177+0300][145.215s][info ][gc] GC(2202) Concurrent Preclean 0.239ms
[2020-01-29T21:58:37.177+0300][145.215s][info ][gc] GC(2202) Concurrent Abortable Preclean
[2020-01-29T21:58:37.177+0300][145.215s][debug][gc] GC(2202) Concurrent active time: 0.004ms
[2020-01-29T21:58:37.177+0300][145.215s][info ][gc] GC(2202) Concurrent Abortable Preclean 0.031ms
[2020-01-29T21:58:37.177+0300][145.215s][debug][gc] GC(2202) YG occupancy: 57235 K (78656 K)
[2020-01-29T21:58:37.188+0300][145.226s][info ][gc] GC(2202) Pause Remark 202M->202M(247M) 11.059ms
[2020-01-29T21:58:37.188+0300][145.227s][info ][gc] GC(2202) Concurrent Sweep
[2020-01-29T21:58:37.191+0300][145.229s][info ][gc] GC(2203) Pause Young (Allocation Failure) 200M->200M(247M) 0.040ms
[2020-01-29T21:58:37.258+0300][145.296s][debug][gc] GC(2202) Concurrent active time: 68.792ms
[2020-01-29T21:58:37.258+0300][145.296s][info ][gc] GC(2202) Concurrent Sweep 69.029ms
[2020-01-29T21:58:37.258+0300][145.296s][debug][gc] GC(2204) Concurrent mode failure
[2020-01-29T21:58:37.351+0300][145.390s][info ][gc] GC(2204) Pause Full (Allocation Failure) 200M->70M(247M) 160.948ms
[2020-01-29T21:58:37.441+0300][145.479s][info ][gc] GC(2205) Pause Young (Allocation Failure) 137M->155M(247M) 70.854ms
[2020-01-29T21:58:37.450+0300][145.489s][info ][gc] GC(2206) Pause Initial Mark 174M->174M(247M) 8.812ms
[2020-01-29T21:58:37.450+0300][145.489s][info ][gc] GC(2206) Concurrent Mark
[2020-01-29T21:58:37.453+0300][145.492s][debug][gc] GC(2206) Concurrent active time: 3.107ms
[2020-01-29T21:58:37.454+0300][145.492s][info ][gc] GC(2206) Concurrent Mark 3.176ms
[2020-01-29T21:58:37.454+0300][145.492s][info ][gc] GC(2206) Concurrent Preclean
[2020-01-29T21:58:37.454+0300][145.492s][debug][gc] GC(2206) Concurrent active time: 0.164ms
[2020-01-29T21:58:37.454+0300][145.492s][info ][gc] GC(2206) Concurrent Preclean 0.197ms
[2020-01-29T21:58:37.454+0300][145.492s][info ][gc] GC(2206) Concurrent Abortable Preclean
[2020-01-29T21:58:37.454+0300][145.492s][debug][gc] GC(2206) Concurrent active time: 0.004ms
[2020-01-29T21:58:37.454+0300][145.492s][info ][gc] GC(2206) Concurrent Abortable Preclean 0.031ms
[2020-01-29T21:58:37.454+0300][145.492s][debug][gc] GC(2206) YG occupancy: 57239 K (78656 K)
[2020-01-29T21:58:37.465+0300][145.503s][info ][gc] GC(2206) Pause Remark 202M->202M(247M) 11.043ms
[2020-01-29T21:58:37.465+0300][145.503s][info ][gc] GC(2206) Concurrent Sweep
[2020-01-29T21:58:37.468+0300][145.506s][info ][gc] GC(2207) Pause Young (Allocation Failure) 200M->200M(247M) 0.042ms
[2020-01-29T21:58:37.535+0300][145.573s][debug][gc] GC(2206) Concurrent active time: 69.400ms
[2020-01-29T21:58:37.535+0300][145.573s][info ][gc] GC(2206) Concurrent Sweep 69.646ms
[2020-01-29T21:58:37.535+0300][145.573s][debug][gc] GC(2208) Concurrent mode failure
[2020-01-29T21:58:37.631+0300][145.669s][info ][gc] GC(2208) Pause Full (Allocation Failure) 200M->70M(247M) 162.382ms
[2020-01-29T21:58:37.701+0300][145.740s][info ][gc] GC(2209) Pause Young (Allocation Failure) 137M->155M(247M) 53.103ms
[2020-01-29T21:58:37.710+0300][145.749s][info ][gc] GC(2210) Pause Initial Mark 174M->174M(247M) 8.816ms
[2020-01-29T21:58:37.710+0300][145.749s][info ][gc] GC(2210) Concurrent Mark
[2020-01-29T21:58:37.714+0300][145.752s][debug][gc] GC(2210) Concurrent active time: 3.027ms
[2020-01-29T21:58:37.714+0300][145.752s][info ][gc] GC(2210) Concurrent Mark 3.082ms
[2020-01-29T21:58:37.714+0300][145.752s][info ][gc] GC(2210) Concurrent Preclean
[2020-01-29T21:58:37.714+0300][145.753s][debug][gc] GC(2210) Concurrent active time: 0.152ms
[2020-01-29T21:58:37.714+0300][145.753s][info ][gc] GC(2210) Concurrent Preclean 0.184ms
[2020-01-29T21:58:37.714+0300][145.753s][info ][gc] GC(2210) Concurrent Abortable Preclean
[2020-01-29T21:58:37.714+0300][145.753s][debug][gc] GC(2210) Concurrent active time: 0.003ms
[2020-01-29T21:58:37.714+0300][145.753s][info ][gc] GC(2210) Concurrent Abortable Preclean 0.030ms
[2020-01-29T21:58:37.714+0300][145.753s][debug][gc] GC(2210) YG occupancy: 57245 K (78656 K)
[2020-01-29T21:58:37.725+0300][145.764s][info ][gc] GC(2210) Pause Remark 202M->202M(247M) 11.078ms
[2020-01-29T21:58:37.725+0300][145.764s][info ][gc] GC(2210) Concurrent Sweep
[2020-01-29T21:58:37.728+0300][145.766s][info ][gc] GC(2211) Pause Young (Allocation Failure) 200M->200M(247M) 0.041ms
[2020-01-29T21:58:37.796+0300][145.834s][debug][gc] GC(2210) Concurrent active time: 69.675ms
[2020-01-29T21:58:37.796+0300][145.834s][info ][gc] GC(2210) Concurrent Sweep 69.919ms
[2020-01-29T21:58:37.796+0300][145.834s][debug][gc] GC(2212) Concurrent mode failure
[2020-01-29T21:58:37.891+0300][145.929s][info ][gc] GC(2212) Pause Full (Allocation Failure) 200M->70M(247M) 162.736ms
[2020-01-29T21:58:37.964+0300][146.002s][info ][gc] GC(2213) Pause Young (Allocation Failure) 137M->155M(247M) 54.063ms
[2020-01-29T21:58:37.973+0300][146.012s][info ][gc] GC(2214) Pause Initial Mark 174M->174M(247M) 8.957ms
[2020-01-29T21:58:37.974+0300][146.012s][info ][gc] GC(2214) Concurrent Mark
[2020-01-29T21:58:37.977+0300][146.015s][debug][gc] GC(2214) Concurrent active time: 3.070ms
[2020-01-29T21:58:37.977+0300][146.015s][info ][gc] GC(2214) Concurrent Mark 3.126ms
[2020-01-29T21:58:37.977+0300][146.015s][info ][gc] GC(2214) Concurrent Preclean
[2020-01-29T21:58:37.977+0300][146.015s][debug][gc] GC(2214) Concurrent active time: 0.158ms
[2020-01-29T21:58:37.977+0300][146.015s][info ][gc] GC(2214) Concurrent Preclean 0.187ms
[2020-01-29T21:58:37.977+0300][146.015s][info ][gc] GC(2214) Concurrent Abortable Preclean
[2020-01-29T21:58:37.977+0300][146.015s][debug][gc] GC(2214) Concurrent active time: 0.004ms
[2020-01-29T21:58:37.977+0300][146.015s][info ][gc] GC(2214) Concurrent Abortable Preclean 0.031ms
[2020-01-29T21:58:37.977+0300][146.015s][debug][gc] GC(2214) YG occupancy: 57248 K (78656 K)
[2020-01-29T21:58:37.988+0300][146.026s][info ][gc] GC(2214) Pause Remark 202M->202M(247M) 11.068ms
[2020-01-29T21:58:37.988+0300][146.026s][info ][gc] GC(2214) Concurrent Sweep
[2020-01-29T21:58:37.991+0300][146.029s][info ][gc] GC(2215) Pause Young (Allocation Failure) 200M->200M(247M) 0.041ms
[2020-01-29T21:58:38.057+0300][146.096s][debug][gc] GC(2214) Concurrent active time: 69.444ms
[2020-01-29T21:58:38.057+0300][146.096s][info ][gc] GC(2214) Concurrent Sweep 69.697ms
[2020-01-29T21:58:38.057+0300][146.096s][debug][gc] GC(2216) Concurrent mode failure
[2020-01-29T21:58:38.152+0300][146.191s][info ][gc] GC(2216) Pause Full (Allocation Failure) 200M->70M(247M) 162.032ms
[2020-01-29T21:58:38.224+0300][146.262s][info ][gc] GC(2217) Pause Young (Allocation Failure) 137M->155M(247M) 53.333ms
[2020-01-29T21:58:38.234+0300][146.272s][info ][gc] GC(2218) Pause Initial Mark 174M->174M(247M) 8.827ms
[2020-01-29T21:58:38.234+0300][146.272s][info ][gc] GC(2218) Concurrent Mark
[2020-01-29T21:58:38.237+0300][146.275s][debug][gc] GC(2218) Concurrent active time: 3.040ms
[2020-01-29T21:58:38.237+0300][146.275s][info ][gc] GC(2218) Concurrent Mark 3.096ms
[2020-01-29T21:58:38.237+0300][146.275s][info ][gc] GC(2218) Concurrent Preclean
[2020-01-29T21:58:38.237+0300][146.275s][debug][gc] GC(2218) Concurrent active time: 0.159ms
[2020-01-29T21:58:38.237+0300][146.275s][info ][gc] GC(2218) Concurrent Preclean 0.189ms
[2020-01-29T21:58:38.237+0300][146.276s][info ][gc] GC(2218) Concurrent Abortable Preclean
[2020-01-29T21:58:38.237+0300][146.276s][debug][gc] GC(2218) Concurrent active time: 0.004ms
[2020-01-29T21:58:38.237+0300][146.276s][info ][gc] GC(2218) Concurrent Abortable Preclean 0.031ms
[2020-01-29T21:58:38.237+0300][146.276s][debug][gc] GC(2218) YG occupancy: 57234 K (78656 K)
[2020-01-29T21:58:38.248+0300][146.287s][info ][gc] GC(2218) Pause Remark 202M->202M(247M) 11.036ms
[2020-01-29T21:58:38.248+0300][146.287s][info ][gc] GC(2218) Concurrent Sweep
[2020-01-29T21:58:38.251+0300][146.289s][info ][gc] GC(2219) Pause Young (Allocation Failure) 200M->200M(247M) 0.041ms
[2020-01-29T21:58:38.319+0300][146.357s][debug][gc] GC(2218) Concurrent active time: 69.855ms
[2020-01-29T21:58:38.319+0300][146.357s][info ][gc] GC(2218) Concurrent Sweep 70.098ms
[2020-01-29T21:58:38.319+0300][146.357s][debug][gc] GC(2220) Concurrent mode failure
[2020-01-29T21:58:38.413+0300][146.452s][info ][gc] GC(2220) Pause Full (Allocation Failure) 200M->70M(247M) 162.455ms
[2020-01-29T21:58:38.486+0300][146.525s][info ][gc] GC(2221) Pause Young (Allocation Failure) 137M->155M(247M) 54.134ms
[2020-01-29T21:58:38.496+0300][146.535s][info ][gc] GC(2222) Pause Initial Mark 174M->174M(247M) 8.841ms
[2020-01-29T21:58:38.496+0300][146.535s][info ][gc] GC(2222) Concurrent Mark
[2020-01-29T21:58:38.499+0300][146.538s][debug][gc] GC(2222) Concurrent active time: 3.017ms
[2020-01-29T21:58:38.499+0300][146.538s][info ][gc] GC(2222) Concurrent Mark 3.069ms
[2020-01-29T21:58:38.499+0300][146.538s][info ][gc] GC(2222) Concurrent Preclean
[2020-01-29T21:58:38.499+0300][146.538s][debug][gc] GC(2222) Concurrent active time: 0.153ms
[2020-01-29T21:58:38.499+0300][146.538s][info ][gc] GC(2222) Concurrent Preclean 0.183ms
[2020-01-29T21:58:38.499+0300][146.538s][info ][gc] GC(2222) Concurrent Abortable Preclean
[2020-01-29T21:58:38.499+0300][146.538s][debug][gc] GC(2222) Concurrent active time: 0.003ms
[2020-01-29T21:58:38.499+0300][146.538s][info ][gc] GC(2222) Concurrent Abortable Preclean 0.030ms
[2020-01-29T21:58:38.499+0300][146.538s][debug][gc] GC(2222) YG occupancy: 57238 K (78656 K)
[2020-01-29T21:58:38.511+0300][146.549s][info ][gc] GC(2222) Pause Remark 202M->202M(247M) 11.130ms
[2020-01-29T21:58:38.511+0300][146.549s][info ][gc] GC(2222) Concurrent Sweep
[2020-01-29T21:58:38.513+0300][146.552s][info ][gc] GC(2223) Pause Young (Allocation Failure) 201M->201M(247M) 0.041ms
[2020-01-29T21:58:38.580+0300][146.618s][debug][gc] GC(2222) Concurrent active time: 68.516ms
[2020-01-29T21:58:38.580+0300][146.618s][info ][gc] GC(2222) Concurrent Sweep 68.755ms
[2020-01-29T21:58:38.580+0300][146.618s][debug][gc] GC(2224) Concurrent mode failure
[2020-01-29T21:58:38.675+0300][146.713s][info ][gc] GC(2224) Pause Full (Allocation Failure) 201M->70M(247M) 161.317ms
[2020-01-29T21:58:38.747+0300][146.785s][info ][gc] GC(2225) Pause Young (Allocation Failure) 137M->155M(247M) 54.046ms
[2020-01-29T21:58:38.757+0300][146.795s][info ][gc] GC(2226) Pause Initial Mark 174M->174M(247M) 8.840ms
[2020-01-29T21:58:38.757+0300][146.795s][info ][gc] GC(2226) Concurrent Mark
[2020-01-29T21:58:38.760+0300][146.798s][debug][gc] GC(2226) Concurrent active time: 3.164ms
[2020-01-29T21:58:38.760+0300][146.798s][info ][gc] GC(2226) Concurrent Mark 3.230ms
[2020-01-29T21:58:38.760+0300][146.798s][info ][gc] GC(2226) Concurrent Preclean
[2020-01-29T21:58:38.760+0300][146.799s][debug][gc] GC(2226) Concurrent active time: 0.162ms
[2020-01-29T21:58:38.760+0300][146.799s][info ][gc] GC(2226) Concurrent Preclean 0.195ms
[2020-01-29T21:58:38.760+0300][146.799s][info ][gc] GC(2226) Concurrent Abortable Preclean
[2020-01-29T21:58:38.760+0300][146.799s][debug][gc] GC(2226) Concurrent active time: 0.004ms
[2020-01-29T21:58:38.760+0300][146.799s][info ][gc] GC(2226) Concurrent Abortable Preclean 0.031ms
[2020-01-29T21:58:38.760+0300][146.799s][debug][gc] GC(2226) YG occupancy: 58625 K (78656 K)
[2020-01-29T21:58:38.771+0300][146.810s][info ][gc] GC(2226) Pause Remark 204M->204M(247M) 11.262ms
[2020-01-29T21:58:38.771+0300][146.810s][info ][gc] GC(2226) Concurrent Sweep
[2020-01-29T21:58:38.774+0300][146.813s][info ][gc] GC(2227) Pause Young (Allocation Failure) 200M->200M(247M) 0.041ms
[2020-01-29T21:58:38.841+0300][146.879s][debug][gc] GC(2226) Concurrent active time: 69.109ms
[2020-01-29T21:58:38.841+0300][146.879s][info ][gc] GC(2226) Concurrent Sweep 69.351ms
[2020-01-29T21:58:38.841+0300][146.879s][debug][gc] GC(2228) Concurrent mode failure
[2020-01-29T21:58:38.937+0300][146.975s][info ][gc] GC(2228) Pause Full (Allocation Failure) 200M->70M(247M) 162.019ms
[2020-01-29T21:58:39.011+0300][147.050s][info ][gc] GC(2229) Pause Young (Allocation Failure) 137M->155M(247M) 56.142ms
[2020-01-29T21:58:39.021+0300][147.060s][info ][gc] GC(2230) Pause Initial Mark 174M->174M(247M) 9.532ms
[2020-01-29T21:58:39.021+0300][147.060s][info ][gc] GC(2230) Concurrent Mark
[2020-01-29T21:58:39.024+0300][147.063s][debug][gc] GC(2230) Concurrent active time: 3.017ms
[2020-01-29T21:58:39.025+0300][147.063s][info ][gc] GC(2230) Concurrent Mark 3.080ms
[2020-01-29T21:58:39.025+0300][147.063s][info ][gc] GC(2230) Concurrent Preclean
[2020-01-29T21:58:39.025+0300][147.064s][debug][gc] GC(2230) Concurrent active time: 0.156ms
[2020-01-29T21:58:39.025+0300][147.064s][info ][gc] GC(2230) Concurrent Preclean 0.198ms
[2020-01-29T21:58:39.025+0300][147.064s][info ][gc] GC(2230) Concurrent Abortable Preclean
[2020-01-29T21:58:39.025+0300][147.064s][debug][gc] GC(2230) Concurrent active time: 0.005ms
[2020-01-29T21:58:39.025+0300][147.064s][info ][gc] GC(2230) Concurrent Abortable Preclean 0.032ms
[2020-01-29T21:58:39.025+0300][147.064s][debug][gc] GC(2230) YG occupancy: 57248 K (78656 K)
[2020-01-29T21:58:39.036+0300][147.075s][info ][gc] GC(2230) Pause Remark 202M->202M(247M) 11.298ms
[2020-01-29T21:58:39.036+0300][147.075s][info ][gc] GC(2230) Concurrent Sweep
[2020-01-29T21:58:39.039+0300][147.078s][info ][gc] GC(2231) Pause Young (Allocation Failure) 200M->200M(247M) 0.043ms
[2020-01-29T21:58:39.107+0300][147.146s][debug][gc] GC(2230) Concurrent active time: 70.551ms
[2020-01-29T21:58:39.107+0300][147.146s][info ][gc] GC(2230) Concurrent Sweep 70.816ms
[2020-01-29T21:58:39.107+0300][147.146s][debug][gc] GC(2232) Concurrent mode failure
[2020-01-29T21:58:39.205+0300][147.243s][info ][gc] GC(2232) Pause Full (Allocation Failure) 200M->70M(247M) 165.222ms
[2020-01-29T21:58:39.289+0300][147.327s][info ][gc] GC(2233) Pause Young (Allocation Failure) 137M->155M(247M) 65.030ms
[2020-01-29T21:58:39.299+0300][147.337s][info ][gc] GC(2234) Pause Initial Mark 174M->174M(247M) 8.830ms
[2020-01-29T21:58:39.299+0300][147.337s][info ][gc] GC(2234) Concurrent Mark
[2020-01-29T21:58:39.302+0300][147.340s][debug][gc] GC(2234) Concurrent active time: 3.089ms
[2020-01-29T21:58:39.302+0300][147.340s][info ][gc] GC(2234) Concurrent Mark 3.154ms
[2020-01-29T21:58:39.302+0300][147.340s][info ][gc] GC(2234) Concurrent Preclean
[2020-01-29T21:58:39.302+0300][147.340s][debug][gc] GC(2234) Concurrent active time: 0.159ms
[2020-01-29T21:58:39.302+0300][147.340s][info ][gc] GC(2234) Concurrent Preclean 0.191ms
[2020-01-29T21:58:39.302+0300][147.340s][info ][gc] GC(2234) Concurrent Abortable Preclean
[2020-01-29T21:58:39.302+0300][147.340s][debug][gc] GC(2234) Concurrent active time: 0.004ms
[2020-01-29T21:58:39.302+0300][147.340s][info ][gc] GC(2234) Concurrent Abortable Preclean 0.031ms
[2020-01-29T21:58:39.302+0300][147.340s][debug][gc] GC(2234) YG occupancy: 57231 K (78656 K)
[2020-01-29T21:58:39.313+0300][147.351s][info ][gc] GC(2234) Pause Remark 202M->202M(247M) 11.220ms
[2020-01-29T21:58:39.313+0300][147.351s][info ][gc] GC(2234) Concurrent Sweep
[2020-01-29T21:58:39.316+0300][147.354s][info ][gc] GC(2235) Pause Young (Allocation Failure) 200M->200M(247M) 0.042ms
[2020-01-29T21:58:39.382+0300][147.420s][debug][gc] GC(2234) Concurrent active time: 68.778ms
[2020-01-29T21:58:39.382+0300][147.420s][info ][gc] GC(2234) Concurrent Sweep 69.026ms
[2020-01-29T21:58:39.382+0300][147.420s][debug][gc] GC(2236) Concurrent mode failure
[2020-01-29T21:58:39.478+0300][147.516s][info ][gc] GC(2236) Pause Full (Allocation Failure) 200M->70M(247M) 161.603ms
[2020-01-29T21:58:39.557+0300][147.596s][info ][gc] GC(2237) Pause Young (Allocation Failure) 137M->155M(247M) 61.256ms
[2020-01-29T21:58:39.567+0300][147.606s][info ][gc] GC(2238) Pause Initial Mark 174M->174M(247M) 8.836ms
[2020-01-29T21:58:39.567+0300][147.606s][info ][gc] GC(2238) Concurrent Mark
[2020-01-29T21:58:39.570+0300][147.609s][debug][gc] GC(2238) Concurrent active time: 3.094ms
[2020-01-29T21:58:39.570+0300][147.609s][info ][gc] GC(2238) Concurrent Mark 3.169ms
[2020-01-29T21:58:39.570+0300][147.609s][info ][gc] GC(2238) Concurrent Preclean
[2020-01-29T21:58:39.570+0300][147.609s][debug][gc] GC(2238) Concurrent active time: 0.162ms
[2020-01-29T21:58:39.570+0300][147.609s][info ][gc] GC(2238) Concurrent Preclean 0.201ms
[2020-01-29T21:58:39.570+0300][147.609s][info ][gc] GC(2238) Concurrent Abortable Preclean
[2020-01-29T21:58:39.570+0300][147.609s][debug][gc] GC(2238) Concurrent active time: 0.004ms
[2020-01-29T21:58:39.570+0300][147.609s][info ][gc] GC(2238) Concurrent Abortable Preclean 0.031ms
[2020-01-29T21:58:39.570+0300][147.609s][debug][gc] GC(2238) YG occupancy: 57239 K (78656 K)
[2020-01-29T21:58:39.582+0300][147.620s][info ][gc] GC(2238) Pause Remark 202M->202M(247M) 11.113ms
[2020-01-29T21:58:39.582+0300][147.620s][info ][gc] GC(2238) Concurrent Sweep
[2020-01-29T21:58:39.584+0300][147.623s][info ][gc] GC(2239) Pause Young (Allocation Failure) 200M->200M(247M) 0.042ms
[2020-01-29T21:58:39.651+0300][147.689s][debug][gc] GC(2238) Concurrent active time: 68.605ms
[2020-01-29T21:58:39.651+0300][147.689s][info ][gc] GC(2238) Concurrent Sweep 68.855ms
[2020-01-29T21:58:39.651+0300][147.689s][debug][gc] GC(2240) Concurrent mode failure
[2020-01-29T21:58:39.746+0300][147.784s][info ][gc] GC(2240) Pause Full (Allocation Failure) 200M->70M(247M) 161.323ms
[2020-01-29T21:58:39.828+0300][147.866s][info ][gc] GC(2241) Pause Young (Allocation Failure) 137M->155M(247M) 63.154ms
[2020-01-29T21:58:39.837+0300][147.876s][info ][gc] GC(2242) Pause Initial Mark 174M->174M(247M) 8.822ms
[2020-01-29T21:58:39.838+0300][147.876s][info ][gc] GC(2242) Concurrent Mark
[2020-01-29T21:58:39.841+0300][147.879s][debug][gc] GC(2242) Concurrent active time: 3.061ms
[2020-01-29T21:58:39.841+0300][147.879s][info ][gc] GC(2242) Concurrent Mark 3.122ms
[2020-01-29T21:58:39.841+0300][147.879s][info ][gc] GC(2242) Concurrent Preclean
[2020-01-29T21:58:39.841+0300][147.879s][debug][gc] GC(2242) Concurrent active time: 0.159ms
[2020-01-29T21:58:39.841+0300][147.879s][info ][gc] GC(2242) Concurrent Preclean 0.191ms
[2020-01-29T21:58:39.841+0300][147.879s][info ][gc] GC(2242) Concurrent Abortable Preclean
[2020-01-29T21:58:39.841+0300][147.879s][debug][gc] GC(2242) Concurrent active time: 0.003ms
[2020-01-29T21:58:39.841+0300][147.879s][info ][gc] GC(2242) Concurrent Abortable Preclean 0.030ms
[2020-01-29T21:58:39.841+0300][147.879s][debug][gc] GC(2242) YG occupancy: 55865 K (78656 K)
[2020-01-29T21:58:39.852+0300][147.890s][info ][gc] GC(2242) Pause Remark 201M->201M(247M) 11.005ms
[2020-01-29T21:58:39.852+0300][147.890s][info ][gc] GC(2242) Concurrent Sweep
[2020-01-29T21:58:39.855+0300][147.893s][info ][gc] GC(2243) Pause Young (Allocation Failure) 200M->200M(247M) 0.043ms
[2020-01-29T21:58:39.919+0300][147.958s][debug][gc] GC(2242) Concurrent active time: 67.844ms
[2020-01-29T21:58:39.919+0300][147.958s][info ][gc] GC(2242) Concurrent Sweep 68.109ms
[2020-01-29T21:58:39.919+0300][147.958s][debug][gc] GC(2244) Concurrent mode failure
[2020-01-29T21:58:40.015+0300][148.053s][info ][gc] GC(2244) Pause Full (Allocation Failure) 200M->70M(247M) 160.156ms
[2020-01-29T21:58:40.086+0300][148.125s][info ][gc] GC(2245) Pause Young (Allocation Failure) 137M->155M(247M) 53.125ms
[2020-01-29T21:58:40.096+0300][148.135s][info ][gc] GC(2246) Pause Initial Mark 174M->174M(247M) 8.817ms
[2020-01-29T21:58:40.096+0300][148.135s][info ][gc] GC(2246) Concurrent Mark
[2020-01-29T21:58:40.099+0300][148.138s][debug][gc] GC(2246) Concurrent active time: 3.027ms
[2020-01-29T21:58:40.099+0300][148.138s][info ][gc] GC(2246) Concurrent Mark 3.085ms
[2020-01-29T21:58:40.099+0300][148.138s][info ][gc] GC(2246) Concurrent Preclean
[2020-01-29T21:58:40.099+0300][148.138s][debug][gc] GC(2246) Concurrent active time: 0.155ms
[2020-01-29T21:58:40.099+0300][148.138s][info ][gc] GC(2246) Concurrent Preclean 0.186ms
[2020-01-29T21:58:40.099+0300][148.138s][info ][gc] GC(2246) Concurrent Abortable Preclean
[2020-01-29T21:58:40.099+0300][148.138s][debug][gc] GC(2246) Concurrent active time: 0.004ms
[2020-01-29T21:58:40.100+0300][148.138s][info ][gc] GC(2246) Concurrent Abortable Preclean 0.031ms
[2020-01-29T21:58:40.100+0300][148.138s][debug][gc] GC(2246) YG occupancy: 57249 K (78656 K)
[2020-01-29T21:58:40.111+0300][148.149s][info ][gc] GC(2246) Pause Remark 202M->202M(247M) 11.112ms
[2020-01-29T21:58:40.111+0300][148.149s][info ][gc] GC(2246) Concurrent Sweep
[2020-01-29T21:58:40.114+0300][148.152s][info ][gc] GC(2247) Pause Young (Allocation Failure) 202M->202M(247M) 0.043ms
[2020-01-29T21:58:40.180+0300][148.219s][debug][gc] GC(2246) Concurrent active time: 69.295ms
[2020-01-29T21:58:40.180+0300][148.219s][info ][gc] GC(2246) Concurrent Sweep 69.626ms
[2020-01-29T21:58:40.180+0300][148.219s][debug][gc] GC(2248) Concurrent mode failure
[2020-01-29T21:58:40.276+0300][148.314s][info ][gc] GC(2248) Pause Full (Allocation Failure) 202M->70M(247M) 161.947ms
[2020-01-29T21:58:40.348+0300][148.386s][info ][gc] GC(2249) Pause Young (Allocation Failure) 137M->155M(247M) 53.817ms
[2020-01-29T21:58:40.357+0300][148.396s][info ][gc] GC(2250) Pause Initial Mark 174M->174M(247M) 8.838ms
[2020-01-29T21:58:40.357+0300][148.396s][info ][gc] GC(2250) Concurrent Mark
[2020-01-29T21:58:40.360+0300][148.399s][debug][gc] GC(2250) Concurrent active time: 3.024ms
[2020-01-29T21:58:40.360+0300][148.399s][info ][gc] GC(2250) Concurrent Mark 3.079ms
[2020-01-29T21:58:40.360+0300][148.399s][info ][gc] GC(2250) Concurrent Preclean
[2020-01-29T21:58:40.361+0300][148.399s][debug][gc] GC(2250) Concurrent active time: 0.159ms
[2020-01-29T21:58:40.361+0300][148.399s][info ][gc] GC(2250) Concurrent Preclean 0.189ms
[2020-01-29T21:58:40.361+0300][148.399s][info ][gc] GC(2250) Concurrent Abortable Preclean
[2020-01-29T21:58:40.361+0300][148.399s][debug][gc] GC(2250) Concurrent active time: 0.004ms
[2020-01-29T21:58:40.361+0300][148.399s][info ][gc] GC(2250) Concurrent Abortable Preclean 0.031ms
[2020-01-29T21:58:40.361+0300][148.399s][debug][gc] GC(2250) YG occupancy: 57250 K (78656 K)
[2020-01-29T21:58:40.372+0300][148.411s][info ][gc] GC(2250) Pause Remark 202M->202M(247M) 11.093ms
[2020-01-29T21:58:40.372+0300][148.411s][info ][gc] GC(2250) Concurrent Sweep
[2020-01-29T21:58:40.375+0300][148.413s][info ][gc] GC(2251) Pause Young (Allocation Failure) 200M->200M(247M) 0.045ms
[2020-01-29T21:58:40.444+0300][148.482s][debug][gc] GC(2250) Concurrent active time: 70.837ms
[2020-01-29T21:58:40.444+0300][148.482s][info ][gc] GC(2250) Concurrent Sweep 71.114ms
[2020-01-29T21:58:40.444+0300][148.482s][debug][gc] GC(2252) Concurrent mode failure
[2020-01-29T21:58:40.538+0300][148.577s][info ][gc] GC(2252) Pause Full (Allocation Failure) 200M->70M(247M) 163.587ms
[2020-01-29T21:58:40.610+0300][148.648s][info ][gc] GC(2253) Pause Young (Allocation Failure) 137M->155M(247M) 52.815ms
[2020-01-29T21:58:40.619+0300][148.658s][info ][gc] GC(2254) Pause Initial Mark 174M->174M(247M) 8.814ms
[2020-01-29T21:58:40.619+0300][148.658s][info ][gc] GC(2254) Concurrent Mark
[2020-01-29T21:58:40.622+0300][148.661s][debug][gc] GC(2254) Concurrent active time: 3.016ms
[2020-01-29T21:58:40.622+0300][148.661s][info ][gc] GC(2254) Concurrent Mark 3.071ms
[2020-01-29T21:58:40.622+0300][148.661s][info ][gc] GC(2254) Concurrent Preclean
[2020-01-29T21:58:40.622+0300][148.661s][debug][gc] GC(2254) Concurrent active time: 0.154ms
[2020-01-29T21:58:40.622+0300][148.661s][info ][gc] GC(2254) Concurrent Preclean 0.185ms
[2020-01-29T21:58:40.622+0300][148.661s][info ][gc] GC(2254) Concurrent Abortable Preclean
[2020-01-29T21:58:40.623+0300][148.661s][debug][gc] GC(2254) Concurrent active time: 0.005ms
[2020-01-29T21:58:40.623+0300][148.661s][info ][gc] GC(2254) Concurrent Abortable Preclean 0.043ms
[2020-01-29T21:58:40.623+0300][148.661s][debug][gc] GC(2254) YG occupancy: 57250 K (78656 K)
[2020-01-29T21:58:40.634+0300][148.672s][info ][gc] GC(2254) Pause Remark 202M->202M(247M) 11.144ms
[2020-01-29T21:58:40.634+0300][148.672s][info ][gc] GC(2254) Concurrent Sweep
[2020-01-29T21:58:40.636+0300][148.675s][info ][gc] GC(2255) Pause Young (Allocation Failure) 200M->200M(247M) 0.040ms
[2020-01-29T21:58:40.703+0300][148.742s][debug][gc] GC(2254) Concurrent active time: 69.287ms
[2020-01-29T21:58:40.704+0300][148.742s][info ][gc] GC(2254) Concurrent Sweep 69.533ms
[2020-01-29T21:58:40.704+0300][148.742s][debug][gc] GC(2256) Concurrent mode failure
[2020-01-29T21:58:40.798+0300][148.836s][info ][gc] GC(2256) Pause Full (Allocation Failure) 200M->70M(247M) 161.155ms
[2020-01-29T21:58:40.869+0300][148.908s][info ][gc] GC(2257) Pause Young (Allocation Failure) 137M->155M(247M) 52.911ms
[2020-01-29T21:58:40.878+0300][148.917s][info ][gc] GC(2258) Pause Initial Mark 174M->174M(247M) 8.819ms
[2020-01-29T21:58:40.878+0300][148.917s][info ][gc] GC(2258) Concurrent Mark
[2020-01-29T21:58:40.881+0300][148.920s][debug][gc] GC(2258) Concurrent active time: 3.014ms
[2020-01-29T21:58:40.881+0300][148.920s][info ][gc] GC(2258) Concurrent Mark 3.065ms
[2020-01-29T21:58:40.881+0300][148.920s][info ][gc] GC(2258) Concurrent Preclean
[2020-01-29T21:58:40.882+0300][148.920s][debug][gc] GC(2258) Concurrent active time: 0.157ms
[2020-01-29T21:58:40.882+0300][148.921s][info ][gc] GC(2258) Concurrent Preclean 0.187ms
[2020-01-29T21:58:40.882+0300][148.921s][info ][gc] GC(2258) Concurrent Abortable Preclean
[2020-01-29T21:58:40.882+0300][148.921s][debug][gc] GC(2258) Concurrent active time: 0.004ms
[2020-01-29T21:58:40.882+0300][148.921s][info ][gc] GC(2258) Concurrent Abortable Preclean 0.030ms
[2020-01-29T21:58:40.882+0300][148.921s][debug][gc] GC(2258) YG occupancy: 57251 K (78656 K)
[2020-01-29T21:58:40.893+0300][148.932s][info ][gc] GC(2258) Pause Remark 202M->202M(247M) 11.005ms
[2020-01-29T21:58:40.893+0300][148.932s][info ][gc] GC(2258) Concurrent Sweep
[2020-01-29T21:58:40.896+0300][148.934s][info ][gc] GC(2259) Pause Young (Allocation Failure) 200M->200M(247M) 0.045ms
[2020-01-29T21:58:40.962+0300][149.001s][debug][gc] GC(2258) Concurrent active time: 68.713ms
[2020-01-29T21:58:40.962+0300][149.001s][info ][gc] GC(2258) Concurrent Sweep 68.954ms
[2020-01-29T21:58:40.962+0300][149.001s][debug][gc] GC(2260) Concurrent mode failure
[2020-01-29T21:58:41.057+0300][149.096s][info ][gc] GC(2260) Pause Full (Allocation Failure) 200M->70M(247M) 161.187ms
[2020-01-29T21:58:41.130+0300][149.168s][info ][gc] GC(2261) Pause Young (Allocation Failure) 137M->155M(247M) 54.211ms
[2020-01-29T21:58:41.140+0300][149.178s][info ][gc] GC(2262) Pause Initial Mark 174M->174M(247M) 8.838ms
[2020-01-29T21:58:41.140+0300][149.178s][info ][gc] GC(2262) Concurrent Mark
[2020-01-29T21:58:41.143+0300][149.181s][debug][gc] GC(2262) Concurrent active time: 3.127ms
[2020-01-29T21:58:41.143+0300][149.181s][info ][gc] GC(2262) Concurrent Mark 3.282ms
[2020-01-29T21:58:41.143+0300][149.181s][info ][gc] GC(2262) Concurrent Preclean
[2020-01-29T21:58:41.143+0300][149.181s][debug][gc] GC(2262) Concurrent active time: 0.166ms
[2020-01-29T21:58:41.143+0300][149.181s][info ][gc] GC(2262) Concurrent Preclean 0.200ms
[2020-01-29T21:58:41.143+0300][149.181s][info ][gc] GC(2262) Concurrent Abortable Preclean
[2020-01-29T21:58:41.143+0300][149.181s][debug][gc] GC(2262) Concurrent active time: 0.005ms
[2020-01-29T21:58:41.143+0300][149.181s][info ][gc] GC(2262) Concurrent Abortable Preclean 0.031ms
[2020-01-29T21:58:41.143+0300][149.182s][debug][gc] GC(2262) YG occupancy: 57356 K (78656 K)
[2020-01-29T21:58:41.154+0300][149.193s][info ][gc] GC(2262) Pause Remark 203M->203M(247M) 11.215ms
[2020-01-29T21:58:41.154+0300][149.193s][info ][gc] GC(2262) Concurrent Sweep
[2020-01-29T21:58:41.154+0300][149.195s][info ][gc] GC(2263) Pause Young (Allocation Failure) 200M->200M(247M) 0.041ms
[2020-01-29T21:58:41.219+0300][149.261s][debug][gc] GC(2262) Concurrent active time: 68.097ms
[2020-01-29T21:58:41.219+0300][149.261s][info ][gc] GC(2262) Concurrent Sweep 68.335ms
[2020-01-29T21:58:41.219+0300][149.261s][debug][gc] GC(2264) Concurrent mode failure
[2020-01-29T21:58:41.315+0300][149.356s][info ][gc] GC(2264) Pause Full (Allocation Failure) 200M->70M(247M) 160.196ms
[2020-01-29T21:58:41.399+0300][149.442s][info ][gc] GC(2265) Pause Young (Allocation Failure) 137M->155M(247M) 54.000ms
[2020-01-29T21:58:41.409+0300][149.451s][info ][gc] GC(2266) Pause Initial Mark 174M->174M(247M) 8.832ms
[2020-01-29T21:58:41.409+0300][149.451s][info ][gc] GC(2266) Concurrent Mark
[2020-01-29T21:58:41.414+0300][149.455s][debug][gc] GC(2266) Concurrent active time: 3.241ms
[2020-01-29T21:58:41.414+0300][149.455s][info ][gc] GC(2266) Concurrent Mark 3.320ms
[2020-01-29T21:58:41.414+0300][149.455s][info ][gc] GC(2266) Concurrent Preclean
[2020-01-29T21:58:41.414+0300][149.455s][debug][gc] GC(2266) Concurrent active time: 0.199ms
[2020-01-29T21:58:41.414+0300][149.455s][info ][gc] GC(2266) Concurrent Preclean 0.234ms
[2020-01-29T21:58:41.414+0300][149.455s][info ][gc] GC(2266) Concurrent Abortable Preclean
[2020-01-29T21:58:41.414+0300][149.455s][debug][gc] GC(2266) Concurrent active time: 0.004ms
[2020-01-29T21:58:41.414+0300][149.455s][info ][gc] GC(2266) Concurrent Abortable Preclean 0.031ms
[2020-01-29T21:58:41.414+0300][149.455s][debug][gc] GC(2266) YG occupancy: 55902 K (78656 K)
[2020-01-29T21:58:41.424+0300][149.466s][info ][gc] GC(2266) Pause Remark 201M->201M(247M) 11.103ms
[2020-01-29T21:58:41.424+0300][149.466s][info ][gc] GC(2266) Concurrent Sweep
[2020-01-29T21:58:41.429+0300][149.469s][info ][gc] GC(2267) Pause Young (Allocation Failure) 200M->200M(247M) 0.043ms
[2020-01-29T21:58:41.494+0300][149.535s][debug][gc] GC(2266) Concurrent active time: 68.603ms
[2020-01-29T21:58:41.494+0300][149.535s][info ][gc] GC(2266) Concurrent Sweep 68.871ms
[2020-01-29T21:58:41.494+0300][149.535s][debug][gc] GC(2268) Concurrent mode failure
[2020-01-29T21:58:41.590+0300][149.630s][info ][gc] GC(2268) Pause Full (Allocation Failure) 200M->70M(247M) 160.365ms
[2020-01-29T21:58:41.659+0300][149.700s][info ][gc] GC(2269) Pause Young (Allocation Failure) 137M->155M(247M) 52.473ms
[2020-01-29T21:58:41.666+0300][149.710s][info ][gc] GC(2270) Pause Initial Mark 174M->174M(247M) 8.812ms
[2020-01-29T21:58:41.666+0300][149.710s][info ][gc] GC(2270) Concurrent Mark
[2020-01-29T21:58:41.675+0300][149.713s][debug][gc] GC(2270) Concurrent active time: 3.029ms
[2020-01-29T21:58:41.675+0300][149.713s][info ][gc] GC(2270) Concurrent Mark 3.084ms
[2020-01-29T21:58:41.675+0300][149.713s][info ][gc] GC(2270) Concurrent Preclean
[2020-01-29T21:58:41.675+0300][149.713s][debug][gc] GC(2270) Concurrent active time: 0.155ms
[2020-01-29T21:58:41.675+0300][149.713s][info ][gc] GC(2270) Concurrent Preclean 0.187ms
[2020-01-29T21:58:41.675+0300][149.713s][info ][gc] GC(2270) Concurrent Abortable Preclean
[2020-01-29T21:58:41.675+0300][149.713s][debug][gc] GC(2270) Concurrent active time: 0.004ms
[2020-01-29T21:58:41.675+0300][149.713s][info ][gc] GC(2270) Concurrent Abortable Preclean 0.031ms
[2020-01-29T21:58:41.675+0300][149.713s][debug][gc] GC(2270) YG occupancy: 57250 K (78656 K)
[2020-01-29T21:58:41.685+0300][149.725s][info ][gc] GC(2270) Pause Remark 202M->202M(247M) 11.257ms
[2020-01-29T21:58:41.685+0300][149.725s][info ][gc] GC(2270) Concurrent Sweep
[2020-01-29T21:58:41.685+0300][149.727s][info ][gc] GC(2271) Pause Young (Allocation Failure) 200M->200M(247M) 0.040ms
[2020-01-29T21:58:41.755+0300][149.794s][debug][gc] GC(2270) Concurrent active time: 69.110ms
[2020-01-29T21:58:41.755+0300][149.794s][info ][gc] GC(2270) Concurrent Sweep 69.359ms
[2020-01-29T21:58:41.755+0300][149.794s][debug][gc] GC(2272) Concurrent mode failure
[2020-01-29T21:58:41.849+0300][149.889s][info ][gc] GC(2272) Pause Full (Allocation Failure) 200M->70M(247M) 161.889ms
[2020-01-29T21:58:41.929+0300][149.971s][info ][gc] GC(2273) Pause Young (Allocation Failure) 137M->155M(247M) 53.444ms
[2020-01-29T21:58:41.942+0300][149.980s][info ][gc] GC(2274) Pause Initial Mark 174M->174M(247M) 8.818ms
[2020-01-29T21:58:41.942+0300][149.981s][info ][gc] GC(2274) Concurrent Mark
[2020-01-29T21:58:41.945+0300][149.984s][debug][gc] GC(2274) Concurrent active time: 3.236ms
[2020-01-29T21:58:41.945+0300][149.984s][info ][gc] GC(2274) Concurrent Mark 3.292ms
[2020-01-29T21:58:41.945+0300][149.984s][info ][gc] GC(2274) Concurrent Preclean
[2020-01-29T21:58:41.945+0300][149.984s][debug][gc] GC(2274) Concurrent active time: 0.158ms
[2020-01-29T21:58:41.946+0300][149.984s][info ][gc] GC(2274) Concurrent Preclean 0.197ms
[2020-01-29T21:58:41.946+0300][149.984s][info ][gc] GC(2274) Concurrent Abortable Preclean
[2020-01-29T21:58:41.946+0300][149.984s][debug][gc] GC(2274) Concurrent active time: 0.004ms
[2020-01-29T21:58:41.946+0300][149.984s][info ][gc] GC(2274) Concurrent Abortable Preclean 0.031ms
[2020-01-29T21:58:41.946+0300][149.984s][debug][gc] GC(2274) YG occupancy: 58631 K (78656 K)
[2020-01-29T21:58:41.954+0300][149.995s][info ][gc] GC(2274) Pause Remark 204M->204M(247M) 11.132ms
[2020-01-29T21:58:41.954+0300][149.995s][info ][gc] GC(2274) Concurrent Sweep
[2020-01-29T21:58:41.959+0300][149.998s][info ][gc] GC(2275) Pause Young (Allocation Failure) 201M->201M(247M) 0.039ms
[2020-01-29T21:58:42.024+0300][150.064s][debug][gc] GC(2274) Concurrent active time: 68.786ms
[2020-01-29T21:58:42.024+0300][150.064s][info ][gc] GC(2274) Concurrent Sweep 69.022ms
[2020-01-29T21:58:42.024+0300][150.064s][debug][gc] GC(2276) Concurrent mode failure
[2020-01-29T21:58:42.119+0300][150.159s][info ][gc] GC(2276) Pause Full (Allocation Failure) 201M->70M(247M) 161.434ms
[2020-01-29T21:58:42.199+0300][150.241s][info ][gc] GC(2277) Pause Young (Allocation Failure) 137M->155M(247M) 53.060ms
[2020-01-29T21:58:42.210+0300][150.250s][info ][gc] GC(2278) Pause Initial Mark 174M->174M(247M) 8.864ms
[2020-01-29T21:58:42.210+0300][150.250s][info ][gc] GC(2278) Concurrent Mark
[2020-01-29T21:58:42.215+0300][150.254s][debug][gc] GC(2278) Concurrent active time: 3.149ms
[2020-01-29T21:58:42.215+0300][150.254s][info ][gc] GC(2278) Concurrent Mark 3.301ms
[2020-01-29T21:58:42.215+0300][150.254s][info ][gc] GC(2278) Concurrent Preclean
[2020-01-29T21:58:42.215+0300][150.254s][debug][gc] GC(2278) Concurrent active time: 0.166ms
[2020-01-29T21:58:42.215+0300][150.254s][info ][gc] GC(2278) Concurrent Preclean 0.199ms
[2020-01-29T21:58:42.215+0300][150.254s][info ][gc] GC(2278) Concurrent Abortable Preclean
[2020-01-29T21:58:42.215+0300][150.254s][debug][gc] GC(2278) Concurrent active time: 0.004ms
[2020-01-29T21:58:42.215+0300][150.254s][info ][gc] GC(2278) Concurrent Abortable Preclean 0.031ms
[2020-01-29T21:58:42.215+0300][150.254s][debug][gc] GC(2278) YG occupancy: 58736 K (78656 K)
[2020-01-29T21:58:42.225+0300][150.265s][info ][gc] GC(2278) Pause Remark 204M->204M(247M) 11.008ms
[2020-01-29T21:58:42.225+0300][150.265s][info ][gc] GC(2278) Concurrent Sweep
[2020-01-29T21:58:42.230+0300][150.268s][info ][gc] GC(2279) Pause Young (Allocation Failure) 200M->200M(247M) 0.038ms
[2020-01-29T21:58:42.294+0300][150.335s][debug][gc] GC(2278) Concurrent active time: 69.346ms
[2020-01-29T21:58:42.294+0300][150.335s][info ][gc] GC(2278) Concurrent Sweep 69.578ms
[2020-01-29T21:58:42.294+0300][150.335s][debug][gc] GC(2280) Concurrent mode failure
[2020-01-29T21:58:42.389+0300][150.429s][info ][gc] GC(2280) Pause Full (Allocation Failure) 200M->70M(247M) 160.987ms
[2020-01-29T21:58:42.459+0300][150.500s][info ][gc] GC(2281) Pause Young (Allocation Failure) 137M->155M(247M) 52.887ms
[2020-01-29T21:58:42.469+0300][150.510s][info ][gc] GC(2282) Pause Initial Mark 174M->174M(247M) 8.840ms
[2020-01-29T21:58:42.469+0300][150.510s][info ][gc] GC(2282) Concurrent Mark
[2020-01-29T21:58:42.475+0300][150.513s][debug][gc] GC(2282) Concurrent active time: 3.299ms
[2020-01-29T21:58:42.475+0300][150.513s][info ][gc] GC(2282) Concurrent Mark 3.363ms
[2020-01-29T21:58:42.475+0300][150.513s][info ][gc] GC(2282) Concurrent Preclean
[2020-01-29T21:58:42.475+0300][150.514s][debug][gc] GC(2282) Concurrent active time: 0.181ms
[2020-01-29T21:58:42.475+0300][150.514s][info ][gc] GC(2282) Concurrent Preclean 0.215ms
[2020-01-29T21:58:42.475+0300][150.514s][info ][gc] GC(2282) Concurrent Abortable Preclean
[2020-01-29T21:58:42.475+0300][150.514s][debug][gc] GC(2282) Concurrent active time: 0.004ms
[2020-01-29T21:58:42.475+0300][150.514s][info ][gc] GC(2282) Concurrent Abortable Preclean 0.031ms
[2020-01-29T21:58:42.475+0300][150.514s][debug][gc] GC(2282) YG occupancy: 57282 K (78656 K)
[2020-01-29T21:58:42.485+0300][150.525s][info ][gc] GC(2282) Pause Remark 202M->202M(247M) 11.184ms
[2020-01-29T21:58:42.485+0300][150.525s][info ][gc] GC(2282) Concurrent Sweep
[2020-01-29T21:58:42.490+0300][150.528s][info ][gc] GC(2283) Pause Young (Allocation Failure) 200M->200M(247M) 0.042ms
[2020-01-29T21:58:42.554+0300][150.594s][debug][gc] GC(2282) Concurrent active time: 68.584ms
[2020-01-29T21:58:42.554+0300][150.594s][info ][gc] GC(2282) Concurrent Sweep 68.842ms
[2020-01-29T21:58:42.554+0300][150.594s][debug][gc] GC(2284) Concurrent mode failure
[2020-01-29T21:58:42.649+0300][150.688s][info ][gc] GC(2284) Pause Full (Allocation Failure) 200M->70M(247M) 160.320ms
[2020-01-29T21:58:42.719+0300][150.760s][info ][gc] GC(2285) Pause Young (Allocation Failure) 137M->155M(247M) 53.116ms
[2020-01-29T21:58:42.729+0300][150.770s][info ][gc] GC(2286) Pause Initial Mark 174M->174M(247M) 8.835ms
[2020-01-29T21:58:42.729+0300][150.770s][info ][gc] GC(2286) Concurrent Mark
[2020-01-29T21:58:42.734+0300][150.773s][debug][gc] GC(2286) Concurrent active time: 3.019ms
[2020-01-29T21:58:42.734+0300][150.773s][info ][gc] GC(2286) Concurrent Mark 3.072ms
[2020-01-29T21:58:42.734+0300][150.773s][info ][gc] GC(2286) Concurrent Preclean
[2020-01-29T21:58:42.734+0300][150.774s][debug][gc] GC(2286) Concurrent active time: 0.156ms
[2020-01-29T21:58:42.734+0300][150.774s][info ][gc] GC(2286) Concurrent Preclean 0.186ms
[2020-01-29T21:58:42.734+0300][150.774s][info ][gc] GC(2286) Concurrent Abortable Preclean
[2020-01-29T21:58:42.734+0300][150.774s][debug][gc] GC(2286) Concurrent active time: 0.005ms
[2020-01-29T21:58:42.734+0300][150.774s][info ][gc] GC(2286) Concurrent Abortable Preclean 0.031ms
[2020-01-29T21:58:42.734+0300][150.774s][debug][gc] GC(2286) YG occupancy: 57250 K (78656 K)
[2020-01-29T21:58:42.744+0300][150.785s][info ][gc] GC(2286) Pause Remark 202M->202M(247M) 11.036ms
[2020-01-29T21:58:42.744+0300][150.785s][info ][gc] GC(2286) Concurrent Sweep
[2020-01-29T21:58:42.749+0300][150.787s][info ][gc] GC(2287) Pause Young (Allocation Failure) 200M->200M(247M) 0.051ms
[2020-01-29T21:58:42.815+0300][150.854s][debug][gc] GC(2286) Concurrent active time: 69.325ms
[2020-01-29T21:58:42.815+0300][150.854s][info ][gc] GC(2286) Concurrent Sweep 69.573ms
[2020-01-29T21:58:42.815+0300][150.854s][debug][gc] GC(2288) Concurrent mode failure
[2020-01-29T21:58:42.910+0300][150.949s][info ][gc] GC(2288) Pause Full (Allocation Failure) 200M->70M(247M) 161.941ms
[2020-01-29T21:58:42.979+0300][151.021s][info ][gc] GC(2289) Pause Young (Allocation Failure) 137M->155M(247M) 52.787ms
[2020-01-29T21:58:42.992+0300][151.031s][info ][gc] GC(2290) Pause Initial Mark 174M->174M(247M) 8.830ms
[2020-01-29T21:58:42.992+0300][151.031s][info ][gc] GC(2290) Concurrent Mark
[2020-01-29T21:58:42.995+0300][151.034s][debug][gc] GC(2290) Concurrent active time: 3.023ms
[2020-01-29T21:58:42.995+0300][151.034s][info ][gc] GC(2290) Concurrent Mark 3.082ms
[2020-01-29T21:58:42.995+0300][151.034s][info ][gc] GC(2290) Concurrent Preclean
[2020-01-29T21:58:42.995+0300][151.034s][debug][gc] GC(2290) Concurrent active time: 0.163ms
[2020-01-29T21:58:42.995+0300][151.034s][info ][gc] GC(2290) Concurrent Preclean 0.191ms
[2020-01-29T21:58:42.995+0300][151.034s][info ][gc] GC(2290) Concurrent Abortable Preclean
[2020-01-29T21:58:42.995+0300][151.034s][debug][gc] GC(2290) Concurrent active time: 0.004ms
[2020-01-29T21:58:42.995+0300][151.034s][info ][gc] GC(2290) Concurrent Abortable Preclean 0.031ms
[2020-01-29T21:58:42.995+0300][151.034s][debug][gc] GC(2290) YG occupancy: 57250 K (78656 K)
[2020-01-29T21:58:43.005+0300][151.045s][info ][gc] GC(2290) Pause Remark 202M->202M(247M) 11.016ms
[2020-01-29T21:58:43.005+0300][151.045s][info ][gc] GC(2290) Concurrent Sweep
[2020-01-29T21:58:43.005+0300][151.048s][info ][gc] GC(2291) Pause Young (Allocation Failure) 200M->200M(247M) 0.040ms
[2020-01-29T21:58:43.074+0300][151.114s][debug][gc] GC(2290) Concurrent active time: 68.941ms
[2020-01-29T21:58:43.074+0300][151.114s][info ][gc] GC(2290) Concurrent Sweep 69.196ms
[2020-01-29T21:58:43.074+0300][151.114s][debug][gc] GC(2292) Concurrent mode failure
[2020-01-29T21:58:43.170+0300][151.209s][info ][gc] GC(2292) Pause Full (Allocation Failure) 200M->70M(247M) 161.294ms
[2020-01-29T21:58:43.243+0300][151.281s][info ][gc] GC(2293) Pause Young (Allocation Failure) 137M->155M(247M) 53.844ms
[2020-01-29T21:58:43.252+0300][151.291s][info ][gc] GC(2294) Pause Initial Mark 174M->174M(247M) 8.908ms
[2020-01-29T21:58:43.252+0300][151.291s][info ][gc] GC(2294) Concurrent Mark
[2020-01-29T21:58:43.256+0300][151.294s][debug][gc] GC(2294) Concurrent active time: 3.189ms
[2020-01-29T21:58:43.256+0300][151.294s][info ][gc] GC(2294) Concurrent Mark 3.340ms
[2020-01-29T21:58:43.256+0300][151.294s][info ][gc] GC(2294) Concurrent Preclean
[2020-01-29T21:58:43.256+0300][151.294s][debug][gc] GC(2294) Concurrent active time: 0.222ms
[2020-01-29T21:58:43.256+0300][151.295s][info ][gc] GC(2294) Concurrent Preclean 0.254ms
[2020-01-29T21:58:43.256+0300][151.295s][info ][gc] GC(2294) Concurrent Abortable Preclean
[2020-01-29T21:58:43.256+0300][151.295s][debug][gc] GC(2294) Concurrent active time: 0.004ms
[2020-01-29T21:58:43.256+0300][151.295s][info ][gc] GC(2294) Concurrent Abortable Preclean 0.031ms
[2020-01-29T21:58:43.256+0300][151.295s][debug][gc] GC(2294) YG occupancy: 58736 K (78656 K)
[2020-01-29T21:58:43.267+0300][151.306s][info ][gc] GC(2294) Pause Remark 204M->204M(247M) 11.080ms
[2020-01-29T21:58:43.267+0300][151.306s][info ][gc] GC(2294) Concurrent Sweep
[2020-01-29T21:58:43.270+0300][151.308s][info ][gc] GC(2295) Pause Young (Allocation Failure) 201M->201M(247M) 0.041ms
[2020-01-29T21:58:43.337+0300][151.375s][debug][gc] GC(2294) Concurrent active time: 69.154ms
[2020-01-29T21:58:43.337+0300][151.375s][info ][gc] GC(2294) Concurrent Sweep 69.400ms
[2020-01-29T21:58:43.337+0300][151.375s][debug][gc] GC(2296) Concurrent mode failure
[2020-01-29T21:58:43.431+0300][151.470s][info ][gc] GC(2296) Pause Full (Allocation Failure) 201M->70M(247M) 161.613ms
[2020-01-29T21:58:43.507+0300][151.546s][info ][gc] GC(2297) Pause Young (Allocation Failure) 137M->155M(247M) 57.906ms
[2020-01-29T21:58:43.517+0300][151.556s][info ][gc] GC(2298) Pause Initial Mark 174M->174M(247M) 8.863ms
[2020-01-29T21:58:43.517+0300][151.556s][info ][gc] GC(2298) Concurrent Mark
[2020-01-29T21:58:43.521+0300][151.560s][debug][gc] GC(2298) Concurrent active time: 3.292ms
[2020-01-29T21:58:43.521+0300][151.560s][info ][gc] GC(2298) Concurrent Mark 3.357ms
[2020-01-29T21:58:43.521+0300][151.560s][info ][gc] GC(2298) Concurrent Preclean
[2020-01-29T21:58:43.521+0300][151.560s][debug][gc] GC(2298) Concurrent active time: 0.173ms
[2020-01-29T21:58:43.521+0300][151.560s][info ][gc] GC(2298) Concurrent Preclean 0.204ms
[2020-01-29T21:58:43.521+0300][151.560s][info ][gc] GC(2298) Concurrent Abortable Preclean
[2020-01-29T21:58:43.521+0300][151.560s][debug][gc] GC(2298) Concurrent active time: 0.004ms
[2020-01-29T21:58:43.521+0300][151.560s][info ][gc] GC(2298) Concurrent Abortable Preclean 0.031ms
[2020-01-29T21:58:43.521+0300][151.560s][debug][gc] GC(2298) YG occupancy: 55901 K (78656 K)
[2020-01-29T21:58:43.532+0300][151.571s][info ][gc] GC(2298) Pause Remark 201M->201M(247M) 10.997ms
[2020-01-29T21:58:43.532+0300][151.571s][info ][gc] GC(2298) Concurrent Sweep
[2020-01-29T21:58:43.535+0300][151.574s][info ][gc] GC(2299) Pause Young (Allocation Failure) 200M->200M(247M) 0.045ms
[2020-01-29T21:58:43.600+0300][151.638s][debug][gc] GC(2298) Concurrent active time: 67.173ms
[2020-01-29T21:58:43.600+0300][151.639s][info ][gc] GC(2298) Concurrent Sweep 67.565ms
[2020-01-29T21:58:43.600+0300][151.639s][debug][gc] GC(2300) Concurrent mode failure
[2020-01-29T21:58:43.695+0300][151.734s][info ][gc] GC(2300) Pause Full (Allocation Failure) 200M->70M(247M) 159.512ms
[2020-01-29T21:58:43.767+0300][151.806s][info ][gc] GC(2301) Pause Young (Allocation Failure) 137M->155M(247M) 53.448ms
[2020-01-29T21:58:43.777+0300][151.816s][info ][gc] GC(2302) Pause Initial Mark 174M->174M(247M) 8.848ms
[2020-01-29T21:58:43.777+0300][151.816s][info ][gc] GC(2302) Concurrent Mark
[2020-01-29T21:58:43.780+0300][151.819s][debug][gc] GC(2302) Concurrent active time: 3.017ms
[2020-01-29T21:58:43.780+0300][151.819s][info ][gc] GC(2302) Concurrent Mark 3.075ms
[2020-01-29T21:58:43.780+0300][151.819s][info ][gc] GC(2302) Concurrent Preclean
[2020-01-29T21:58:43.780+0300][151.819s][debug][gc] GC(2302) Concurrent active time: 0.157ms
[2020-01-29T21:58:43.780+0300][151.819s][info ][gc] GC(2302) Concurrent Preclean 0.188ms
[2020-01-29T21:58:43.780+0300][151.819s][info ][gc] GC(2302) Concurrent Abortable Preclean
[2020-01-29T21:58:43.780+0300][151.819s][debug][gc] GC(2302) Concurrent active time: 0.004ms
[2020-01-29T21:58:43.780+0300][151.819s][info ][gc] GC(2302) Concurrent Abortable Preclean 0.030ms
[2020-01-29T21:58:43.780+0300][151.819s][debug][gc] GC(2302) YG occupancy: 57249 K (78656 K)
[2020-01-29T21:58:43.791+0300][151.830s][info ][gc] GC(2302) Pause Remark 202M->202M(247M) 11.012ms
[2020-01-29T21:58:43.791+0300][151.830s][info ][gc] GC(2302) Concurrent Sweep
[2020-01-29T21:58:43.794+0300][151.833s][info ][gc] GC(2303) Pause Young (Allocation Failure) 200M->200M(247M) 0.040ms
[2020-01-29T21:58:43.861+0300][151.899s][debug][gc] GC(2302) Concurrent active time: 68.701ms
[2020-01-29T21:58:43.861+0300][151.899s][info ][gc] GC(2302) Concurrent Sweep 68.935ms
[2020-01-29T21:58:43.861+0300][151.899s][debug][gc] GC(2304) Concurrent mode failure
[2020-01-29T21:58:43.955+0300][151.994s][info ][gc] GC(2304) Pause Full (Allocation Failure) 200M->70M(247M) 160.756ms
[2020-01-29T21:58:44.027+0300][152.065s][info ][gc] GC(2305) Pause Young (Allocation Failure) 137M->155M(247M) 52.852ms
[2020-01-29T21:58:44.036+0300][152.075s][info ][gc] GC(2306) Pause Initial Mark 174M->174M(247M) 8.908ms
[2020-01-29T21:58:44.037+0300][152.075s][info ][gc] GC(2306) Concurrent Mark
[2020-01-29T21:58:44.040+0300][152.078s][debug][gc] GC(2306) Concurrent active time: 3.027ms
[2020-01-29T21:58:44.040+0300][152.078s][info ][gc] GC(2306) Concurrent Mark 3.081ms
[2020-01-29T21:58:44.040+0300][152.078s][info ][gc] GC(2306) Concurrent Preclean
[2020-01-29T21:58:44.040+0300][152.078s][debug][gc] GC(2306) Concurrent active time: 0.157ms
[2020-01-29T21:58:44.040+0300][152.078s][info ][gc] GC(2306) Concurrent Preclean 0.187ms
[2020-01-29T21:58:44.040+0300][152.078s][info ][gc] GC(2306) Concurrent Abortable Preclean
[2020-01-29T21:58:44.040+0300][152.078s][debug][gc] GC(2306) Concurrent active time: 0.004ms
[2020-01-29T21:58:44.040+0300][152.078s][info ][gc] GC(2306) Concurrent Abortable Preclean 0.031ms
[2020-01-29T21:58:44.040+0300][152.078s][debug][gc] GC(2306) YG occupancy: 57251 K (78656 K)
[2020-01-29T21:58:44.051+0300][152.089s][info ][gc] GC(2306) Pause Remark 202M->202M(247M) 11.152ms
[2020-01-29T21:58:44.051+0300][152.089s][info ][gc] GC(2306) Concurrent Sweep
[2020-01-29T21:58:44.054+0300][152.092s][info ][gc] GC(2307) Pause Young (Allocation Failure) 200M->200M(247M) 0.039ms
[2020-01-29T21:58:44.119+0300][152.158s][debug][gc] GC(2306) Concurrent active time: 68.432ms
[2020-01-29T21:58:44.119+0300][152.158s][info ][gc] GC(2306) Concurrent Sweep 68.670ms
[2020-01-29T21:58:44.119+0300][152.158s][debug][gc] GC(2308) Concurrent mode failure
[2020-01-29T21:58:44.215+0300][152.253s][info ][gc] GC(2308) Pause Full (Allocation Failure) 200M->70M(247M) 161.498ms
[2020-01-29T21:58:44.287+0300][152.326s][info ][gc] GC(2309) Pause Young (Allocation Failure) 137M->155M(247M) 53.781ms
[2020-01-29T21:58:44.297+0300][152.335s][info ][gc] GC(2310) Pause Initial Mark 174M->174M(247M) 8.830ms
[2020-01-29T21:58:44.297+0300][152.336s][info ][gc] GC(2310) Concurrent Mark
[2020-01-29T21:58:44.301+0300][152.339s][debug][gc] GC(2310) Concurrent active time: 3.233ms
[2020-01-29T21:58:44.301+0300][152.339s][info ][gc] GC(2310) Concurrent Mark 3.427ms
[2020-01-29T21:58:44.301+0300][152.339s][info ][gc] GC(2310) Concurrent Preclean
[2020-01-29T21:58:44.301+0300][152.339s][debug][gc] GC(2310) Concurrent active time: 0.168ms
[2020-01-29T21:58:44.301+0300][152.339s][info ][gc] GC(2310) Concurrent Preclean 0.206ms
[2020-01-29T21:58:44.301+0300][152.339s][info ][gc] GC(2310) Concurrent Abortable Preclean
[2020-01-29T21:58:44.301+0300][152.339s][debug][gc] GC(2310) Concurrent active time: 0.004ms
[2020-01-29T21:58:44.301+0300][152.339s][info ][gc] GC(2310) Concurrent Abortable Preclean 0.031ms
[2020-01-29T21:58:44.301+0300][152.339s][debug][gc] GC(2310) YG occupancy: 58737 K (78656 K)
[2020-01-29T21:58:44.312+0300][152.351s][info ][gc] GC(2310) Pause Remark 204M->204M(247M) 11.104ms
[2020-01-29T21:58:44.312+0300][152.351s][info ][gc] GC(2310) Concurrent Sweep
[2020-01-29T21:58:44.315+0300][152.353s][info ][gc] GC(2311) Pause Young (Allocation Failure) 201M->201M(247M) 0.040ms
[2020-01-29T21:58:44.381+0300][152.419s][debug][gc] GC(2310) Concurrent active time: 68.697ms
[2020-01-29T21:58:44.381+0300][152.419s][info ][gc] GC(2310) Concurrent Sweep 68.941ms
[2020-01-29T21:58:44.381+0300][152.420s][debug][gc] GC(2312) Concurrent mode failure
[2020-01-29T21:58:44.475+0300][152.514s][info ][gc] GC(2312) Pause Full (Allocation Failure) 201M->70M(247M) 161.126ms
[2020-01-29T21:58:44.548+0300][152.586s][info ][gc] GC(2313) Pause Young (Allocation Failure) 137M->155M(247M) 53.699ms
[2020-01-29T21:58:44.558+0300][152.596s][info ][gc] GC(2314) Pause Initial Mark 174M->174M(247M) 8.918ms
[2020-01-29T21:58:44.558+0300][152.596s][info ][gc] GC(2314) Concurrent Mark
[2020-01-29T21:58:44.561+0300][152.599s][debug][gc] GC(2314) Concurrent active time: 3.264ms
[2020-01-29T21:58:44.561+0300][152.599s][info ][gc] GC(2314) Concurrent Mark 3.338ms
[2020-01-29T21:58:44.561+0300][152.599s][info ][gc] GC(2314) Concurrent Preclean
[2020-01-29T21:58:44.561+0300][152.600s][debug][gc] GC(2314) Concurrent active time: 0.175ms
[2020-01-29T21:58:44.561+0300][152.600s][info ][gc] GC(2314) Concurrent Preclean 0.211ms
[2020-01-29T21:58:44.561+0300][152.600s][info ][gc] GC(2314) Concurrent Abortable Preclean
[2020-01-29T21:58:44.561+0300][152.600s][debug][gc] GC(2314) Concurrent active time: 0.005ms
[2020-01-29T21:58:44.561+0300][152.600s][info ][gc] GC(2314) Concurrent Abortable Preclean 0.032ms
[2020-01-29T21:58:44.562+0300][152.600s][debug][gc] GC(2314) YG occupancy: 57283 K (78656 K)
[2020-01-29T21:58:44.573+0300][152.611s][info ][gc] GC(2314) Pause Remark 202M->202M(247M) 11.030ms
[2020-01-29T21:58:44.573+0300][152.611s][info ][gc] GC(2314) Concurrent Sweep
[2020-01-29T21:58:44.575+0300][152.614s][info ][gc] GC(2315) Pause Young (Allocation Failure) 200M->200M(247M) 0.045ms
[2020-01-29T21:58:44.642+0300][152.680s][debug][gc] GC(2314) Concurrent active time: 69.428ms
[2020-01-29T21:58:44.642+0300][152.681s][info ][gc] GC(2314) Concurrent Sweep 69.724ms
[2020-01-29T21:58:44.642+0300][152.681s][debug][gc] GC(2316) Concurrent mode failure
[2020-01-29T21:58:44.737+0300][152.775s][info ][gc] GC(2316) Pause Full (Allocation Failure) 200M->70M(247M) 161.563ms
[2020-01-29T21:58:44.808+0300][152.846s][info ][gc] GC(2317) Pause Young (Allocation Failure) 137M->155M(247M) 53.303ms
[2020-01-29T21:58:44.818+0300][152.856s][info ][gc] GC(2318) Pause Initial Mark 174M->174M(247M) 8.838ms
[2020-01-29T21:58:44.818+0300][152.856s][info ][gc] GC(2318) Concurrent Mark
[2020-01-29T21:58:44.821+0300][152.859s][debug][gc] GC(2318) Concurrent active time: 3.036ms
[2020-01-29T21:58:44.821+0300][152.859s][info ][gc] GC(2318) Concurrent Mark 3.090ms
[2020-01-29T21:58:44.821+0300][152.859s][info ][gc] GC(2318) Concurrent Preclean
[2020-01-29T21:58:44.821+0300][152.859s][debug][gc] GC(2318) Concurrent active time: 0.157ms
[2020-01-29T21:58:44.821+0300][152.860s][info ][gc] GC(2318) Concurrent Preclean 0.188ms
[2020-01-29T21:58:44.821+0300][152.860s][info ][gc] GC(2318) Concurrent Abortable Preclean
[2020-01-29T21:58:44.821+0300][152.860s][debug][gc] GC(2318) Concurrent active time: 0.004ms
[2020-01-29T21:58:44.821+0300][152.860s][info ][gc] GC(2318) Concurrent Abortable Preclean 0.031ms
[2020-01-29T21:58:44.821+0300][152.860s][debug][gc] GC(2318) YG occupancy: 57251 K (78656 K)
[2020-01-29T21:58:44.832+0300][152.871s][info ][gc] GC(2318) Pause Remark 202M->202M(247M) 11.049ms
[2020-01-29T21:58:44.832+0300][152.871s][info ][gc] GC(2318) Concurrent Sweep
[2020-01-29T21:58:44.835+0300][152.873s][info ][gc] GC(2319) Pause Young (Allocation Failure) 200M->200M(247M) 0.042ms
[2020-01-29T21:58:44.902+0300][152.940s][debug][gc] GC(2318) Concurrent active time: 68.996ms
[2020-01-29T21:58:44.902+0300][152.940s][info ][gc] GC(2318) Concurrent Sweep 69.236ms
[2020-01-29T21:58:44.902+0300][152.940s][debug][gc] GC(2320) Concurrent mode failure
[2020-01-29T21:58:44.996+0300][153.035s][info ][gc] GC(2320) Pause Full (Allocation Failure) 200M->70M(247M) 161.269ms
[2020-01-29T21:58:45.068+0300][153.107s][info ][gc] GC(2321) Pause Young (Allocation Failure) 137M->155M(247M) 53.578ms
[2020-01-29T21:58:45.078+0300][153.116s][info ][gc] GC(2322) Pause Initial Mark 174M->174M(247M) 8.832ms
[2020-01-29T21:58:45.078+0300][153.116s][info ][gc] GC(2322) Concurrent Mark
[2020-01-29T21:58:45.081+0300][153.119s][debug][gc] GC(2322) Concurrent active time: 3.042ms
[2020-01-29T21:58:45.081+0300][153.119s][info ][gc] GC(2322) Concurrent Mark 3.099ms
[2020-01-29T21:58:45.081+0300][153.119s][info ][gc] GC(2322) Concurrent Preclean
[2020-01-29T21:58:45.081+0300][153.119s][debug][gc] GC(2322) Concurrent active time: 0.157ms
[2020-01-29T21:58:45.081+0300][153.120s][info ][gc] GC(2322) Concurrent Preclean 0.189ms
[2020-01-29T21:58:45.081+0300][153.120s][info ][gc] GC(2322) Concurrent Abortable Preclean
[2020-01-29T21:58:45.081+0300][153.120s][debug][gc] GC(2322) Concurrent active time: 0.004ms
[2020-01-29T21:58:45.081+0300][153.120s][info ][gc] GC(2322) Concurrent Abortable Preclean 0.031ms
[2020-01-29T21:58:45.081+0300][153.120s][debug][gc] GC(2322) YG occupancy: 57251 K (78656 K)
[2020-01-29T21:58:45.092+0300][153.131s][info ][gc] GC(2322) Pause Remark 202M->202M(247M) 11.031ms
[2020-01-29T21:58:45.092+0300][153.131s][info ][gc] GC(2322) Concurrent Sweep
[2020-01-29T21:58:45.095+0300][153.133s][info ][gc] GC(2323) Pause Young (Allocation Failure) 200M->200M(247M) 0.040ms
[2020-01-29T21:58:45.162+0300][153.200s][debug][gc] GC(2322) Concurrent active time: 69.352ms
[2020-01-29T21:58:45.162+0300][153.200s][info ][gc] GC(2322) Concurrent Sweep 69.596ms
[2020-01-29T21:58:45.162+0300][153.200s][debug][gc] GC(2324) Concurrent mode failure
[2020-01-29T21:58:45.257+0300][153.296s][info ][gc] GC(2324) Pause Full (Allocation Failure) 200M->70M(247M) 162.224ms
[2020-01-29T21:58:45.329+0300][153.368s][info ][gc] GC(2325) Pause Young (Allocation Failure) 137M->155M(247M) 53.537ms
[2020-01-29T21:58:45.339+0300][153.377s][info ][gc] GC(2326) Pause Initial Mark 174M->174M(247M) 8.821ms
[2020-01-29T21:58:45.339+0300][153.378s][info ][gc] GC(2326) Concurrent Mark
[2020-01-29T21:58:45.342+0300][153.381s][debug][gc] GC(2326) Concurrent active time: 3.129ms
[2020-01-29T21:58:45.342+0300][153.381s][info ][gc] GC(2326) Concurrent Mark 3.282ms
[2020-01-29T21:58:45.342+0300][153.381s][info ][gc] GC(2326) Concurrent Preclean
[2020-01-29T21:58:45.342+0300][153.381s][debug][gc] GC(2326) Concurrent active time: 0.164ms
[2020-01-29T21:58:45.342+0300][153.381s][info ][gc] GC(2326) Concurrent Preclean 0.195ms
[2020-01-29T21:58:45.342+0300][153.381s][info ][gc] GC(2326) Concurrent Abortable Preclean
[2020-01-29T21:58:45.342+0300][153.381s][debug][gc] GC(2326) Concurrent active time: 0.004ms
[2020-01-29T21:58:45.342+0300][153.381s][info ][gc] GC(2326) Concurrent Abortable Preclean 0.031ms
[2020-01-29T21:58:45.343+0300][153.381s][debug][gc] GC(2326) YG occupancy: 57356 K (78656 K)
[2020-01-29T21:58:45.354+0300][153.392s][info ][gc] GC(2326) Pause Remark 203M->203M(247M) 11.044ms
[2020-01-29T21:58:45.354+0300][153.392s][info ][gc] GC(2326) Concurrent Sweep
[2020-01-29T21:58:45.356+0300][153.395s][info ][gc] GC(2327) Pause Young (Allocation Failure) 200M->200M(247M) 0.041ms
[2020-01-29T21:58:45.424+0300][153.462s][debug][gc] GC(2326) Concurrent active time: 69.520ms
[2020-01-29T21:58:45.424+0300][153.462s][info ][gc] GC(2326) Concurrent Sweep 69.773ms
[2020-01-29T21:58:45.424+0300][153.462s][debug][gc] GC(2328) Concurrent mode failure
[2020-01-29T21:58:45.519+0300][153.557s][info ][gc] GC(2328) Pause Full (Allocation Failure) 200M->70M(247M) 162.068ms
[2020-01-29T21:58:45.590+0300][153.629s][info ][gc] GC(2329) Pause Young (Allocation Failure) 137M->155M(247M) 53.566ms
[2020-01-29T21:58:45.600+0300][153.639s][info ][gc] GC(2330) Pause Initial Mark 174M->174M(247M) 8.845ms
[2020-01-29T21:58:45.600+0300][153.639s][info ][gc] GC(2330) Concurrent Mark
[2020-01-29T21:58:45.603+0300][153.642s][debug][gc] GC(2330) Concurrent active time: 3.271ms
[2020-01-29T21:58:45.603+0300][153.642s][info ][gc] GC(2330) Concurrent Mark 3.339ms
[2020-01-29T21:58:45.603+0300][153.642s][info ][gc] GC(2330) Concurrent Preclean
[2020-01-29T21:58:45.604+0300][153.642s][debug][gc] GC(2330) Concurrent active time: 0.178ms
[2020-01-29T21:58:45.604+0300][153.642s][info ][gc] GC(2330) Concurrent Preclean 0.217ms
[2020-01-29T21:58:45.604+0300][153.642s][info ][gc] GC(2330) Concurrent Abortable Preclean
[2020-01-29T21:58:45.604+0300][153.643s][debug][gc] GC(2330) Concurrent active time: 0.005ms
[2020-01-29T21:58:45.604+0300][153.643s][info ][gc] GC(2330) Concurrent Abortable Preclean 0.032ms
[2020-01-29T21:58:45.604+0300][153.643s][debug][gc] GC(2330) YG occupancy: 55902 K (78656 K)
[2020-01-29T21:58:45.615+0300][153.654s][info ][gc] GC(2330) Pause Remark 201M->201M(247M) 11.052ms
[2020-01-29T21:58:45.615+0300][153.654s][info ][gc] GC(2330) Concurrent Sweep
[2020-01-29T21:58:45.618+0300][153.657s][info ][gc] GC(2331) Pause Young (Allocation Failure) 200M->200M(247M) 0.042ms
[2020-01-29T21:58:45.684+0300][153.723s][debug][gc] GC(2330) Concurrent active time: 68.854ms
[2020-01-29T21:58:45.684+0300][153.723s][info ][gc] GC(2330) Concurrent Sweep 69.111ms
[2020-01-29T21:58:45.684+0300][153.723s][debug][gc] GC(2332) Concurrent mode failure
[2020-01-29T21:58:45.780+0300][153.818s][info ][gc] GC(2332) Pause Full (Allocation Failure) 200M->70M(247M) 161.490ms
[2020-01-29T21:58:45.851+0300][153.889s][info ][gc] GC(2333) Pause Young (Allocation Failure) 137M->155M(247M) 52.465ms
[2020-01-29T21:58:45.861+0300][153.899s][info ][gc] GC(2334) Pause Initial Mark 174M->174M(247M) 8.835ms
[2020-01-29T21:58:45.861+0300][153.899s][info ][gc] GC(2334) Concurrent Mark
[2020-01-29T21:58:45.864+0300][153.902s][debug][gc] GC(2334) Concurrent active time: 3.010ms
[2020-01-29T21:58:45.864+0300][153.902s][info ][gc] GC(2334) Concurrent Mark 3.063ms
[2020-01-29T21:58:45.864+0300][153.902s][info ][gc] GC(2334) Concurrent Preclean
[2020-01-29T21:58:45.864+0300][153.902s][debug][gc] GC(2334) Concurrent active time: 0.155ms
[2020-01-29T21:58:45.864+0300][153.902s][info ][gc] GC(2334) Concurrent Preclean 0.186ms
[2020-01-29T21:58:45.864+0300][153.902s][info ][gc] GC(2334) Concurrent Abortable Preclean
[2020-01-29T21:58:45.864+0300][153.902s][debug][gc] GC(2334) Concurrent active time: 0.003ms
[2020-01-29T21:58:45.864+0300][153.902s][info ][gc] GC(2334) Concurrent Abortable Preclean 0.030ms
[2020-01-29T21:58:45.864+0300][153.902s][debug][gc] GC(2334) YG occupancy: 57250 K (78656 K)
[2020-01-29T21:58:45.875+0300][153.913s][info ][gc] GC(2334) Pause Remark 202M->202M(247M) 11.030ms
[2020-01-29T21:58:45.875+0300][153.914s][info ][gc] GC(2334) Concurrent Sweep
[2020-01-29T21:58:45.878+0300][153.916s][info ][gc] GC(2335) Pause Young (Allocation Failure) 200M->200M(247M) 0.041ms
[2020-01-29T21:58:45.944+0300][153.983s][debug][gc] GC(2334) Concurrent active time: 69.411ms
[2020-01-29T21:58:45.944+0300][153.983s][info ][gc] GC(2334) Concurrent Sweep 69.649ms
[2020-01-29T21:58:45.944+0300][153.983s][debug][gc] GC(2336) Concurrent mode failure
[2020-01-29T21:58:46.039+0300][154.077s][info ][gc] GC(2336) Pause Full (Allocation Failure) 200M->70M(247M) 161.284ms
[2020-01-29T21:58:46.112+0300][154.150s][info ][gc] GC(2337) Pause Young (Allocation Failure) 137M->155M(247M) 53.497ms
[2020-01-29T21:58:46.120+0300][154.159s][info ][gc] GC(2338) Pause Initial Mark 174M->174M(247M) 8.806ms
[2020-01-29T21:58:46.120+0300][154.159s][info ][gc] GC(2338) Concurrent Mark
[2020-01-29T21:58:46.124+0300][154.163s][debug][gc] GC(2338) Concurrent active time: 3.014ms
[2020-01-29T21:58:46.124+0300][154.163s][info ][gc] GC(2338) Concurrent Mark 3.071ms
[2020-01-29T21:58:46.124+0300][154.163s][info ][gc] GC(2338) Concurrent Preclean
[2020-01-29T21:58:46.124+0300][154.163s][debug][gc] GC(2338) Concurrent active time: 0.154ms
[2020-01-29T21:58:46.124+0300][154.163s][info ][gc] GC(2338) Concurrent Preclean 0.185ms
[2020-01-29T21:58:46.124+0300][154.163s][info ][gc] GC(2338) Concurrent Abortable Preclean
[2020-01-29T21:58:46.124+0300][154.163s][debug][gc] GC(2338) Concurrent active time: 0.003ms
[2020-01-29T21:58:46.124+0300][154.163s][info ][gc] GC(2338) Concurrent Abortable Preclean 0.030ms
[2020-01-29T21:58:46.124+0300][154.163s][debug][gc] GC(2338) YG occupancy: 57250 K (78656 K)
[2020-01-29T21:58:46.134+0300][154.174s][info ][gc] GC(2338) Pause Remark 202M->202M(247M) 11.002ms
[2020-01-29T21:58:46.134+0300][154.174s][info ][gc] GC(2338) Concurrent Sweep
[2020-01-29T21:58:46.134+0300][154.177s][info ][gc] GC(2339) Pause Young (Allocation Failure) 200M->200M(247M) 0.041ms
[2020-01-29T21:58:46.204+0300][154.245s][debug][gc] GC(2338) Concurrent active time: 70.832ms
[2020-01-29T21:58:46.204+0300][154.245s][info ][gc] GC(2338) Concurrent Sweep 71.067ms
[2020-01-29T21:58:46.204+0300][154.245s][debug][gc] GC(2340) Concurrent mode failure
[2020-01-29T21:58:46.299+0300][154.340s][info ][gc] GC(2340) Pause Full (Allocation Failure) 200M->70M(247M) 163.085ms
[2020-01-29T21:58:46.384+0300][154.426s][info ][gc] GC(2341) Pause Young (Allocation Failure) 137M->155M(247M) 53.470ms
[2020-01-29T21:58:46.398+0300][154.436s][info ][gc] GC(2342) Pause Initial Mark 174M->174M(247M) 8.838ms
[2020-01-29T21:58:46.398+0300][154.436s][info ][gc] GC(2342) Concurrent Mark
[2020-01-29T21:58:46.401+0300][154.439s][debug][gc] GC(2342) Concurrent active time: 3.205ms
[2020-01-29T21:58:46.401+0300][154.439s][info ][gc] GC(2342) Concurrent Mark 3.348ms
[2020-01-29T21:58:46.401+0300][154.439s][info ][gc] GC(2342) Concurrent Preclean
[2020-01-29T21:58:46.401+0300][154.439s][debug][gc] GC(2342) Concurrent active time: 0.166ms
[2020-01-29T21:58:46.401+0300][154.439s][info ][gc] GC(2342) Concurrent Preclean 0.197ms
[2020-01-29T21:58:46.401+0300][154.439s][info ][gc] GC(2342) Concurrent Abortable Preclean
[2020-01-29T21:58:46.401+0300][154.439s][debug][gc] GC(2342) Concurrent active time: 0.004ms
[2020-01-29T21:58:46.401+0300][154.439s][info ][gc] GC(2342) Concurrent Abortable Preclean 0.031ms
[2020-01-29T21:58:46.401+0300][154.439s][debug][gc] GC(2342) YG occupancy: 57356 K (78656 K)
[2020-01-29T21:58:46.408+0300][154.451s][info ][gc] GC(2342) Pause Remark 203M->203M(247M) 11.235ms
[2020-01-29T21:58:46.408+0300][154.451s][info ][gc] GC(2342) Concurrent Sweep
[2020-01-29T21:58:46.414+0300][154.453s][info ][gc] GC(2343) Pause Young (Allocation Failure) 201M->201M(247M) 0.046ms
[2020-01-29T21:58:46.479+0300][154.520s][debug][gc] GC(2342) Concurrent active time: 69.395ms
[2020-01-29T21:58:46.479+0300][154.520s][info ][gc] GC(2342) Concurrent Sweep 69.657ms
[2020-01-29T21:58:46.479+0300][154.520s][debug][gc] GC(2344) Concurrent mode failure
[2020-01-29T21:58:46.575+0300][154.615s][info ][gc] GC(2344) Pause Full (Allocation Failure) 201M->70M(247M) 161.211ms
[2020-01-29T21:58:46.649+0300][154.691s][info ][gc] GC(2345) Pause Young (Allocation Failure) 137M->155M(247M) 52.963ms
[2020-01-29T21:58:46.659+0300][154.700s][info ][gc] GC(2346) Pause Initial Mark 174M->174M(247M) 8.853ms
[2020-01-29T21:58:46.659+0300][154.700s][info ][gc] GC(2346) Concurrent Mark
[2020-01-29T21:58:46.664+0300][154.704s][debug][gc] GC(2346) Concurrent active time: 3.302ms
[2020-01-29T21:58:46.664+0300][154.704s][info ][gc] GC(2346) Concurrent Mark 3.370ms
[2020-01-29T21:58:46.664+0300][154.704s][info ][gc] GC(2346) Concurrent Preclean
[2020-01-29T21:58:46.664+0300][154.704s][debug][gc] GC(2346) Concurrent active time: 0.229ms
[2020-01-29T21:58:46.664+0300][154.704s][info ][gc] GC(2346) Concurrent Preclean 0.401ms
[2020-01-29T21:58:46.664+0300][154.704s][info ][gc] GC(2346) Concurrent Abortable Preclean
[2020-01-29T21:58:46.664+0300][154.704s][debug][gc] GC(2346) Concurrent active time: 0.004ms
[2020-01-29T21:58:46.664+0300][154.704s][info ][gc] GC(2346) Concurrent Abortable Preclean 0.032ms
[2020-01-29T21:58:46.664+0300][154.704s][debug][gc] GC(2346) YG occupancy: 58663 K (78656 K)
[2020-01-29T21:58:46.674+0300][154.715s][info ][gc] GC(2346) Pause Remark 204M->204M(247M) 11.165ms
[2020-01-29T21:58:46.674+0300][154.716s][info ][gc] GC(2346) Concurrent Sweep
[2020-01-29T21:58:46.679+0300][154.718s][info ][gc] GC(2347) Pause Young (Allocation Failure) 200M->200M(247M) 0.042ms
[2020-01-29T21:58:46.744+0300][154.784s][debug][gc] GC(2346) Concurrent active time: 67.772ms
[2020-01-29T21:58:46.744+0300][154.784s][info ][gc] GC(2346) Concurrent Sweep 68.038ms
[2020-01-29T21:58:46.744+0300][154.784s][debug][gc] GC(2348) Concurrent mode failure
[2020-01-29T21:58:46.839+0300][154.878s][info ][gc] GC(2348) Pause Full (Allocation Failure) 200M->70M(247M) 159.892ms
[2020-01-29T21:58:46.910+0300][154.951s][info ][gc] GC(2349) Pause Young (Allocation Failure) 137M->155M(247M) 53.000ms
[2020-01-29T21:58:46.920+0300][154.960s][info ][gc] GC(2350) Pause Initial Mark 174M->174M(247M) 8.807ms
[2020-01-29T21:58:46.920+0300][154.960s][info ][gc] GC(2350) Concurrent Mark
[2020-01-29T21:58:46.925+0300][154.963s][debug][gc] GC(2350) Concurrent active time: 3.059ms
[2020-01-29T21:58:46.925+0300][154.964s][info ][gc] GC(2350) Concurrent Mark 3.115ms
[2020-01-29T21:58:46.925+0300][154.964s][info ][gc] GC(2350) Concurrent Preclean
[2020-01-29T21:58:46.925+0300][154.964s][debug][gc] GC(2350) Concurrent active time: 0.158ms
[2020-01-29T21:58:46.925+0300][154.964s][info ][gc] GC(2350) Concurrent Preclean 0.188ms
[2020-01-29T21:58:46.925+0300][154.964s][info ][gc] GC(2350) Concurrent Abortable Preclean
[2020-01-29T21:58:46.925+0300][154.964s][debug][gc] GC(2350) Concurrent active time: 0.004ms
[2020-01-29T21:58:46.925+0300][154.964s][info ][gc] GC(2350) Concurrent Abortable Preclean 0.030ms
[2020-01-29T21:58:46.925+0300][154.964s][debug][gc] GC(2350) YG occupancy: 57250 K (78656 K)
[2020-01-29T21:58:46.934+0300][154.975s][info ][gc] GC(2350) Pause Remark 202M->202M(247M) 11.126ms
[2020-01-29T21:58:46.934+0300][154.975s][info ][gc] GC(2350) Concurrent Sweep
[2020-01-29T21:58:46.939+0300][154.978s][info ][gc] GC(2351) Pause Young (Allocation Failure) 200M->200M(247M) 0.040ms
[2020-01-29T21:58:47.005+0300][155.044s][debug][gc] GC(2350) Concurrent active time: 68.819ms
[2020-01-29T21:58:47.005+0300][155.044s][info ][gc] GC(2350) Concurrent Sweep 69.050ms
[2020-01-29T21:58:47.005+0300][155.044s][debug][gc] GC(2352) Concurrent mode failure
[2020-01-29T21:58:47.100+0300][155.139s][info ][gc] GC(2352) Pause Full (Allocation Failure) 200M->70M(247M) 160.942ms
[2020-01-29T21:58:47.171+0300][155.210s][info ][gc] GC(2353) Pause Young (Allocation Failure) 137M->155M(247M) 53.031ms
[2020-01-29T21:58:47.180+0300][155.219s][info ][gc] GC(2354) Pause Initial Mark 174M->174M(247M) 8.819ms
[2020-01-29T21:58:47.181+0300][155.219s][info ][gc] GC(2354) Concurrent Mark
[2020-01-29T21:58:47.184+0300][155.223s][debug][gc] GC(2354) Concurrent active time: 3.033ms
[2020-01-29T21:58:47.184+0300][155.223s][info ][gc] GC(2354) Concurrent Mark 3.087ms
[2020-01-29T21:58:47.184+0300][155.223s][info ][gc] GC(2354) Concurrent Preclean
[2020-01-29T21:58:47.184+0300][155.223s][debug][gc] GC(2354) Concurrent active time: 0.155ms
[2020-01-29T21:58:47.184+0300][155.223s][info ][gc] GC(2354) Concurrent Preclean 0.186ms
[2020-01-29T21:58:47.184+0300][155.223s][info ][gc] GC(2354) Concurrent Abortable Preclean
[2020-01-29T21:58:47.184+0300][155.223s][debug][gc] GC(2354) Concurrent active time: 0.004ms
[2020-01-29T21:58:47.184+0300][155.223s][info ][gc] GC(2354) Concurrent Abortable Preclean 0.030ms
[2020-01-29T21:58:47.184+0300][155.223s][debug][gc] GC(2354) YG occupancy: 57248 K (78656 K)
[2020-01-29T21:58:47.195+0300][155.234s][info ][gc] GC(2354) Pause Remark 202M->202M(247M) 11.092ms
[2020-01-29T21:58:47.195+0300][155.234s][info ][gc] GC(2354) Concurrent Sweep
[2020-01-29T21:58:47.198+0300][155.237s][info ][gc] GC(2355) Pause Young (Allocation Failure) 201M->201M(247M) 0.039ms
[2020-01-29T21:58:47.266+0300][155.305s][debug][gc] GC(2354) Concurrent active time: 70.498ms
[2020-01-29T21:58:47.266+0300][155.305s][info ][gc] GC(2354) Concurrent Sweep 70.724ms
[2020-01-29T21:58:47.266+0300][155.305s][debug][gc] GC(2356) Concurrent mode failure
[2020-01-29T21:58:47.361+0300][155.400s][info ][gc] GC(2356) Pause Full (Allocation Failure) 201M->70M(247M) 163.113ms
[2020-01-29T21:58:47.448+0300][155.486s][info ][gc] GC(2357) Pause Young (Allocation Failure) 137M->155M(247M) 67.380ms
[2020-01-29T21:58:47.457+0300][155.496s][info ][gc] GC(2358) Pause Initial Mark 174M->174M(247M) 8.869ms
[2020-01-29T21:58:47.458+0300][155.496s][info ][gc] GC(2358) Concurrent Mark
[2020-01-29T21:58:47.461+0300][155.499s][debug][gc] GC(2358) Concurrent active time: 3.106ms
[2020-01-29T21:58:47.461+0300][155.499s][info ][gc] GC(2358) Concurrent Mark 3.171ms
[2020-01-29T21:58:47.461+0300][155.499s][info ][gc] GC(2358) Concurrent Preclean
[2020-01-29T21:58:47.461+0300][155.499s][debug][gc] GC(2358) Concurrent active time: 0.163ms
[2020-01-29T21:58:47.461+0300][155.499s][info ][gc] GC(2358) Concurrent Preclean 0.197ms
[2020-01-29T21:58:47.461+0300][155.499s][info ][gc] GC(2358) Concurrent Abortable Preclean
[2020-01-29T21:58:47.461+0300][155.499s][debug][gc] GC(2358) Concurrent active time: 0.004ms
[2020-01-29T21:58:47.461+0300][155.499s][info ][gc] GC(2358) Concurrent Abortable Preclean 0.030ms
[2020-01-29T21:58:47.461+0300][155.499s][debug][gc] GC(2358) YG occupancy: 57233 K (78656 K)
[2020-01-29T21:58:47.472+0300][155.510s][info ][gc] GC(2358) Pause Remark 202M->202M(247M) 11.064ms
[2020-01-29T21:58:47.472+0300][155.510s][info ][gc] GC(2358) Concurrent Sweep
[2020-01-29T21:58:47.475+0300][155.513s][info ][gc] GC(2359) Pause Young (Allocation Failure) 200M->200M(247M) 0.042ms
[2020-01-29T21:58:47.541+0300][155.579s][debug][gc] GC(2358) Concurrent active time: 68.691ms
[2020-01-29T21:58:47.541+0300][155.579s][info ][gc] GC(2358) Concurrent Sweep 68.941ms
[2020-01-29T21:58:47.541+0300][155.579s][debug][gc] GC(2360) Concurrent mode failure
[2020-01-29T21:58:47.636+0300][155.675s][info ][gc] GC(2360) Pause Full (Allocation Failure) 200M->70M(247M) 162.023ms
[2020-01-29T21:58:47.710+0300][155.748s][info ][gc] GC(2361) Pause Young (Allocation Failure) 137M->155M(247M) 54.063ms
[2020-01-29T21:58:47.720+0300][155.758s][info ][gc] GC(2362) Pause Initial Mark 174M->174M(247M) 8.852ms
[2020-01-29T21:58:47.720+0300][155.758s][info ][gc] GC(2362) Concurrent Mark
[2020-01-29T21:58:47.723+0300][155.761s][debug][gc] GC(2362) Concurrent active time: 3.020ms
[2020-01-29T21:58:47.723+0300][155.761s][info ][gc] GC(2362) Concurrent Mark 3.075ms
[2020-01-29T21:58:47.723+0300][155.761s][info ][gc] GC(2362) Concurrent Preclean
[2020-01-29T21:58:47.723+0300][155.761s][debug][gc] GC(2362) Concurrent active time: 0.157ms
[2020-01-29T21:58:47.723+0300][155.761s][info ][gc] GC(2362) Concurrent Preclean 0.188ms
[2020-01-29T21:58:47.723+0300][155.761s][info ][gc] GC(2362) Concurrent Abortable Preclean
[2020-01-29T21:58:47.723+0300][155.761s][debug][gc] GC(2362) Concurrent active time: 0.004ms
[2020-01-29T21:58:47.723+0300][155.761s][info ][gc] GC(2362) Concurrent Abortable Preclean 0.031ms
[2020-01-29T21:58:47.723+0300][155.761s][debug][gc] GC(2362) YG occupancy: 57238 K (78656 K)
[2020-01-29T21:58:47.735+0300][155.773s][info ][gc] GC(2362) Pause Remark 202M->202M(247M) 11.055ms
[2020-01-29T21:58:47.735+0300][155.773s][info ][gc] GC(2362) Concurrent Sweep
[2020-01-29T21:58:47.737+0300][155.775s][info ][gc] GC(2363) Pause Young (Allocation Failure) 200M->200M(247M) 0.041ms
[2020-01-29T21:58:47.803+0300][155.842s][debug][gc] GC(2362) Concurrent active time: 69.089ms
[2020-01-29T21:58:47.803+0300][155.842s][info ][gc] GC(2362) Concurrent Sweep 69.361ms
[2020-01-29T21:58:47.803+0300][155.842s][debug][gc] GC(2364) Concurrent mode failure
[2020-01-29T21:58:47.899+0300][155.938s][info ][gc] GC(2364) Pause Full (Allocation Failure) 200M->70M(247M) 162.243ms
[2020-01-29T21:58:47.970+0300][156.009s][info ][gc] GC(2365) Pause Young (Allocation Failure) 137M->155M(247M) 52.496ms
[2020-01-29T21:58:47.980+0300][156.018s][info ][gc] GC(2366) Pause Initial Mark 174M->174M(247M) 8.824ms
[2020-01-29T21:58:47.980+0300][156.018s][info ][gc] GC(2366) Concurrent Mark
[2020-01-29T21:58:47.983+0300][156.021s][debug][gc] GC(2366) Concurrent active time: 3.022ms
[2020-01-29T21:58:47.983+0300][156.021s][info ][gc] GC(2366) Concurrent Mark 3.076ms
[2020-01-29T21:58:47.983+0300][156.021s][info ][gc] GC(2366) Concurrent Preclean
[2020-01-29T21:58:47.983+0300][156.021s][debug][gc] GC(2366) Concurrent active time: 0.154ms
[2020-01-29T21:58:47.983+0300][156.021s][info ][gc] GC(2366) Concurrent Preclean 0.185ms
[2020-01-29T21:58:47.983+0300][156.021s][info ][gc] GC(2366) Concurrent Abortable Preclean
[2020-01-29T21:58:47.983+0300][156.022s][debug][gc] GC(2366) Concurrent active time: 0.003ms
[2020-01-29T21:58:47.983+0300][156.022s][info ][gc] GC(2366) Concurrent Abortable Preclean 0.029ms
[2020-01-29T21:58:47.983+0300][156.022s][debug][gc] GC(2366) YG occupancy: 57245 K (78656 K)
[2020-01-29T21:58:47.994+0300][156.033s][info ][gc] GC(2366) Pause Remark 202M->202M(247M) 11.050ms
[2020-01-29T21:58:47.994+0300][156.033s][info ][gc] GC(2366) Concurrent Sweep
[2020-01-29T21:58:47.997+0300][156.035s][info ][gc] GC(2367) Pause Young (Allocation Failure) 200M->200M(247M) 0.040ms
[2020-01-29T21:58:48.064+0300][156.102s][debug][gc] GC(2366) Concurrent active time: 69.066ms
[2020-01-29T21:58:48.064+0300][156.102s][info ][gc] GC(2366) Concurrent Sweep 69.295ms
[2020-01-29T21:58:48.064+0300][156.102s][debug][gc] GC(2368) Concurrent mode failure
[2020-01-29T21:58:48.158+0300][156.196s][info ][gc] GC(2368) Pause Full (Allocation Failure) 200M->70M(247M) 161.008ms
[2020-01-29T21:58:48.229+0300][156.268s][info ][gc] GC(2369) Pause Young (Allocation Failure) 137M->155M(247M) 53.728ms
[2020-01-29T21:58:48.239+0300][156.278s][info ][gc] GC(2370) Pause Initial Mark 174M->174M(247M) 8.815ms
[2020-01-29T21:58:48.239+0300][156.278s][info ][gc] GC(2370) Concurrent Mark
[2020-01-29T21:58:48.242+0300][156.281s][debug][gc] GC(2370) Concurrent active time: 3.019ms
[2020-01-29T21:58:48.242+0300][156.281s][info ][gc] GC(2370) Concurrent Mark 3.072ms
[2020-01-29T21:58:48.242+0300][156.281s][info ][gc] GC(2370) Concurrent Preclean
[2020-01-29T21:58:48.242+0300][156.281s][debug][gc] GC(2370) Concurrent active time: 0.155ms
[2020-01-29T21:58:48.242+0300][156.281s][info ][gc] GC(2370) Concurrent Preclean 0.186ms
[2020-01-29T21:58:48.242+0300][156.281s][info ][gc] GC(2370) Concurrent Abortable Preclean
[2020-01-29T21:58:48.242+0300][156.281s][debug][gc] GC(2370) Concurrent active time: 0.003ms
[2020-01-29T21:58:48.242+0300][156.281s][info ][gc] GC(2370) Concurrent Abortable Preclean 0.030ms
[2020-01-29T21:58:48.242+0300][156.281s][debug][gc] GC(2370) YG occupancy: 57248 K (78656 K)
[2020-01-29T21:58:48.253+0300][156.292s][info ][gc] GC(2370) Pause Remark 202M->202M(247M) 10.997ms
[2020-01-29T21:58:48.254+0300][156.292s][info ][gc] GC(2370) Concurrent Sweep
[2020-01-29T21:58:48.256+0300][156.295s][info ][gc] GC(2371) Pause Young (Allocation Failure) 200M->200M(247M) 0.042ms
[2020-01-29T21:58:48.324+0300][156.362s][debug][gc] GC(2370) Concurrent active time: 69.734ms
[2020-01-29T21:58:48.324+0300][156.362s][info ][gc] GC(2370) Concurrent Sweep 69.973ms
[2020-01-29T21:58:48.324+0300][156.362s][debug][gc] GC(2372) Concurrent mode failure
[2020-01-29T21:58:48.419+0300][156.457s][info ][gc] GC(2372) Pause Full (Allocation Failure) 200M->70M(247M) 162.582ms
[2020-01-29T21:58:48.490+0300][156.529s][info ][gc] GC(2373) Pause Young (Allocation Failure) 137M->155M(247M) 52.397ms
[2020-01-29T21:58:48.500+0300][156.539s][info ][gc] GC(2374) Pause Initial Mark 174M->174M(247M) 8.836ms
[2020-01-29T21:58:48.500+0300][156.539s][info ][gc] GC(2374) Concurrent Mark
[2020-01-29T21:58:48.503+0300][156.542s][debug][gc] GC(2374) Concurrent active time: 3.026ms
[2020-01-29T21:58:48.503+0300][156.542s][info ][gc] GC(2374) Concurrent Mark 3.087ms
[2020-01-29T21:58:48.503+0300][156.542s][info ][gc] GC(2374) Concurrent Preclean
[2020-01-29T21:58:48.503+0300][156.542s][debug][gc] GC(2374) Concurrent active time: 0.155ms
[2020-01-29T21:58:48.503+0300][156.542s][info ][gc] GC(2374) Concurrent Preclean 0.187ms
[2020-01-29T21:58:48.503+0300][156.542s][info ][gc] GC(2374) Concurrent Abortable Preclean
[2020-01-29T21:58:48.503+0300][156.542s][debug][gc] GC(2374) Concurrent active time: 0.004ms
[2020-01-29T21:58:48.503+0300][156.542s][info ][gc] GC(2374) Concurrent Abortable Preclean 0.031ms
[2020-01-29T21:58:48.503+0300][156.542s][debug][gc] GC(2374) YG occupancy: 57235 K (78656 K)
[2020-01-29T21:58:48.514+0300][156.553s][info ][gc] GC(2374) Pause Remark 202M->202M(247M) 11.046ms
[2020-01-29T21:58:48.514+0300][156.553s][info ][gc] GC(2374) Concurrent Sweep
[2020-01-29T21:58:48.517+0300][156.556s][info ][gc] GC(2375) Pause Young (Allocation Failure) 200M->200M(247M) 0.042ms
[2020-01-29T21:58:48.583+0300][156.622s][debug][gc] GC(2374) Concurrent active time: 68.407ms
[2020-01-29T21:58:48.583+0300][156.622s][info ][gc] GC(2374) Concurrent Sweep 68.642ms
[2020-01-29T21:58:48.583+0300][156.622s][debug][gc] GC(2376) Concurrent mode failure
[2020-01-29T21:58:48.678+0300][156.716s][info ][gc] GC(2376) Pause Full (Allocation Failure) 200M->70M(247M) 159.621ms
[2020-01-29T21:58:48.749+0300][156.787s][info ][gc] GC(2377) Pause Young (Allocation Failure) 137M->155M(247M) 52.767ms
[2020-01-29T21:58:48.759+0300][156.797s][info ][gc] GC(2378) Pause Initial Mark 174M->174M(247M) 8.861ms
[2020-01-29T21:58:48.759+0300][156.797s][info ][gc] GC(2378) Concurrent Mark
[2020-01-29T21:58:48.762+0300][156.800s][debug][gc] GC(2378) Concurrent active time: 3.022ms
[2020-01-29T21:58:48.762+0300][156.800s][info ][gc] GC(2378) Concurrent Mark 3.078ms
[2020-01-29T21:58:48.762+0300][156.800s][info ][gc] GC(2378) Concurrent Preclean
[2020-01-29T21:58:48.762+0300][156.800s][debug][gc] GC(2378) Concurrent active time: 0.155ms
[2020-01-29T21:58:48.762+0300][156.800s][info ][gc] GC(2378) Concurrent Preclean 0.188ms
[2020-01-29T21:58:48.762+0300][156.800s][info ][gc] GC(2378) Concurrent Abortable Preclean
[2020-01-29T21:58:48.762+0300][156.800s][debug][gc] GC(2378) Concurrent active time: 0.004ms
[2020-01-29T21:58:48.762+0300][156.800s][info ][gc] GC(2378) Concurrent Abortable Preclean 0.030ms
[2020-01-29T21:58:48.762+0300][156.801s][debug][gc] GC(2378) YG occupancy: 57239 K (78656 K)
[2020-01-29T21:58:48.773+0300][156.812s][info ][gc] GC(2378) Pause Remark 202M->202M(247M) 11.154ms
[2020-01-29T21:58:48.774+0300][156.812s][info ][gc] GC(2378) Concurrent Sweep
[2020-01-29T21:58:48.776+0300][156.814s][info ][gc] GC(2379) Pause Young (Allocation Failure) 200M->200M(247M) 0.042ms
[2020-01-29T21:58:48.843+0300][156.881s][debug][gc] GC(2378) Concurrent active time: 68.711ms
[2020-01-29T21:58:48.843+0300][156.881s][info ][gc] GC(2378) Concurrent Sweep 68.945ms
[2020-01-29T21:58:48.843+0300][156.881s][debug][gc] GC(2380) Concurrent mode failure
[2020-01-29T21:58:48.937+0300][156.976s][info ][gc] GC(2380) Pause Full (Allocation Failure) 200M->70M(247M) 161.341ms
[2020-01-29T21:58:49.009+0300][157.047s][info ][gc] GC(2381) Pause Young (Allocation Failure) 137M->155M(247M) 52.985ms
[2020-01-29T21:58:49.019+0300][157.057s][info ][gc] GC(2382) Pause Initial Mark 174M->174M(247M) 8.818ms
[2020-01-29T21:58:49.019+0300][157.057s][info ][gc] GC(2382) Concurrent Mark
[2020-01-29T21:58:49.022+0300][157.060s][debug][gc] GC(2382) Concurrent active time: 3.037ms
[2020-01-29T21:58:49.022+0300][157.060s][info ][gc] GC(2382) Concurrent Mark 3.094ms
[2020-01-29T21:58:49.022+0300][157.060s][info ][gc] GC(2382) Concurrent Preclean
[2020-01-29T21:58:49.022+0300][157.061s][debug][gc] GC(2382) Concurrent active time: 0.155ms
[2020-01-29T21:58:49.022+0300][157.061s][info ][gc] GC(2382) Concurrent Preclean 0.192ms
[2020-01-29T21:58:49.022+0300][157.061s][info ][gc] GC(2382) Concurrent Abortable Preclean
[2020-01-29T21:58:49.022+0300][157.061s][debug][gc] GC(2382) Concurrent active time: 0.003ms
[2020-01-29T21:58:49.022+0300][157.061s][info ][gc] GC(2382) Concurrent Abortable Preclean 0.030ms
[2020-01-29T21:58:49.022+0300][157.061s][debug][gc] GC(2382) YG occupancy: 57246 K (78656 K)
[2020-01-29T21:58:49.033+0300][157.072s][info ][gc] GC(2382) Pause Remark 202M->202M(247M) 11.047ms
[2020-01-29T21:58:49.033+0300][157.072s][info ][gc] GC(2382) Concurrent Sweep
[2020-01-29T21:58:49.036+0300][157.074s][info ][gc] GC(2383) Pause Young (Allocation Failure) 200M->200M(247M) 0.041ms
[2020-01-29T21:58:49.102+0300][157.141s][debug][gc] GC(2382) Concurrent active time: 68.682ms
[2020-01-29T21:58:49.102+0300][157.141s][info ][gc] GC(2382) Concurrent Sweep 68.911ms
[2020-01-29T21:58:49.102+0300][157.141s][debug][gc] GC(2384) Concurrent mode failure
[2020-01-29T21:58:49.199+0300][157.237s][info ][gc] GC(2384) Pause Full (Allocation Failure) 200M->70M(247M) 162.814ms
[2020-01-29T21:58:49.270+0300][157.308s][info ][gc] GC(2385) Pause Young (Allocation Failure) 137M->155M(247M) 53.209ms
[2020-01-29T21:58:49.280+0300][157.318s][info ][gc] GC(2386) Pause Initial Mark 174M->174M(247M) 8.835ms
[2020-01-29T21:58:49.280+0300][157.318s][info ][gc] GC(2386) Concurrent Mark
[2020-01-29T21:58:49.283+0300][157.321s][debug][gc] GC(2386) Concurrent active time: 2.963ms
[2020-01-29T21:58:49.283+0300][157.321s][info ][gc] GC(2386) Concurrent Mark 3.019ms
[2020-01-29T21:58:49.283+0300][157.321s][info ][gc] GC(2386) Concurrent Preclean
[2020-01-29T21:58:49.283+0300][157.321s][debug][gc] GC(2386) Concurrent active time: 0.158ms
[2020-01-29T21:58:49.283+0300][157.321s][info ][gc] GC(2386) Concurrent Preclean 0.189ms
[2020-01-29T21:58:49.283+0300][157.321s][info ][gc] GC(2386) Concurrent Abortable Preclean
[2020-01-29T21:58:49.283+0300][157.321s][debug][gc] GC(2386) Concurrent active time: 0.004ms
[2020-01-29T21:58:49.283+0300][157.321s][info ][gc] GC(2386) Concurrent Abortable Preclean 0.031ms
[2020-01-29T21:58:49.283+0300][157.321s][debug][gc] GC(2386) YG occupancy: 57249 K (78656 K)
[2020-01-29T21:58:49.294+0300][157.332s][info ][gc] GC(2386) Pause Remark 202M->202M(247M) 11.072ms
[2020-01-29T21:58:49.294+0300][157.332s][info ][gc] GC(2386) Concurrent Sweep
[2020-01-29T21:58:49.297+0300][157.335s][info ][gc] GC(2387) Pause Young (Allocation Failure) 200M->200M(247M) 0.042ms
[2020-01-29T21:58:49.363+0300][157.401s][debug][gc] GC(2386) Concurrent active time: 68.666ms
[2020-01-29T21:58:49.363+0300][157.401s][info ][gc] GC(2386) Concurrent Sweep 68.903ms
[2020-01-29T21:58:49.363+0300][157.401s][debug][gc] GC(2388) Concurrent mode failure
[2020-01-29T21:58:49.455+0300][157.495s][info ][gc] GC(2388) Pause Full (Allocation Failure) 200M->70M(247M) 159.907ms
[2020-01-29T21:58:49.544+0300][157.583s][info ][gc] GC(2389) Pause Young (Allocation Failure) 137M->155M(247M) 55.658ms
[2020-01-29T21:58:49.554+0300][157.593s][info ][gc] GC(2390) Pause Initial Mark 174M->174M(247M) 8.833ms
[2020-01-29T21:58:49.554+0300][157.593s][info ][gc] GC(2390) Concurrent Mark
[2020-01-29T21:58:49.554+0300][157.596s][debug][gc] GC(2390) Concurrent active time: 2.957ms
[2020-01-29T21:58:49.554+0300][157.596s][info ][gc] GC(2390) Concurrent Mark 3.015ms
[2020-01-29T21:58:49.554+0300][157.596s][info ][gc] GC(2390) Concurrent Preclean
[2020-01-29T21:58:49.554+0300][157.596s][debug][gc] GC(2390) Concurrent active time: 0.156ms
[2020-01-29T21:58:49.554+0300][157.596s][info ][gc] GC(2390) Concurrent Preclean 0.186ms
[2020-01-29T21:58:49.554+0300][157.596s][info ][gc] GC(2390) Concurrent Abortable Preclean
[2020-01-29T21:58:49.554+0300][157.596s][debug][gc] GC(2390) Concurrent active time: 0.004ms
[2020-01-29T21:58:49.554+0300][157.596s][info ][gc] GC(2390) Concurrent Abortable Preclean 0.030ms
[2020-01-29T21:58:49.554+0300][157.596s][debug][gc] GC(2390) YG occupancy: 57231 K (78656 K)
[2020-01-29T21:58:49.564+0300][157.607s][info ][gc] GC(2390) Pause Remark 202M->202M(247M) 11.024ms
[2020-01-29T21:58:49.564+0300][157.607s][info ][gc] GC(2390) Concurrent Sweep
[2020-01-29T21:58:49.570+0300][157.610s][info ][gc] GC(2391) Pause Young (Allocation Failure) 200M->200M(247M) 0.041ms
[2020-01-29T21:58:49.639+0300][157.678s][debug][gc] GC(2390) Concurrent active time: 70.422ms
[2020-01-29T21:58:49.639+0300][157.678s][info ][gc] GC(2390) Concurrent Sweep 70.705ms
[2020-01-29T21:58:49.639+0300][157.678s][debug][gc] GC(2392) Concurrent mode failure
[2020-01-29T21:58:49.734+0300][157.774s][info ][gc] GC(2392) Pause Full (Allocation Failure) 200M->70M(247M) 164.641ms
[2020-01-29T21:58:49.824+0300][157.862s][info ][gc] GC(2393) Pause Young (Allocation Failure) 137M->155M(247M) 54.805ms
[2020-01-29T21:58:49.834+0300][157.872s][info ][gc] GC(2394) Pause Initial Mark 174M->174M(247M) 8.893ms
[2020-01-29T21:58:49.834+0300][157.872s][info ][gc] GC(2394) Concurrent Mark
[2020-01-29T21:58:49.837+0300][157.875s][debug][gc] GC(2394) Concurrent active time: 3.071ms
[2020-01-29T21:58:49.837+0300][157.875s][info ][gc] GC(2394) Concurrent Mark 3.132ms
[2020-01-29T21:58:49.837+0300][157.875s][info ][gc] GC(2394) Concurrent Preclean
[2020-01-29T21:58:49.838+0300][157.876s][debug][gc] GC(2394) Concurrent active time: 0.175ms
[2020-01-29T21:58:49.838+0300][157.876s][info ][gc] GC(2394) Concurrent Preclean 0.205ms
[2020-01-29T21:58:49.838+0300][157.876s][info ][gc] GC(2394) Concurrent Abortable Preclean
[2020-01-29T21:58:49.838+0300][157.876s][debug][gc] GC(2394) Concurrent active time: 0.003ms
[2020-01-29T21:58:49.838+0300][157.876s][info ][gc] GC(2394) Concurrent Abortable Preclean 0.030ms
[2020-01-29T21:58:49.838+0300][157.876s][debug][gc] GC(2394) YG occupancy: 57237 K (78656 K)
[2020-01-29T21:58:49.849+0300][157.887s][info ][gc] GC(2394) Pause Remark 202M->202M(247M) 11.062ms
[2020-01-29T21:58:49.849+0300][157.887s][info ][gc] GC(2394) Concurrent Sweep
[2020-01-29T21:58:49.851+0300][157.889s][info ][gc] GC(2395) Pause Young (Allocation Failure) 201M->201M(247M) 0.040ms
[2020-01-29T21:58:49.917+0300][157.956s][debug][gc] GC(2394) Concurrent active time: 69.199ms
[2020-01-29T21:58:49.917+0300][157.956s][info ][gc] GC(2394) Concurrent Sweep 69.439ms
[2020-01-29T21:58:49.917+0300][157.956s][debug][gc] GC(2396) Concurrent mode failure
[2020-01-29T21:58:50.009+0300][158.050s][info ][gc] GC(2396) Pause Full (Allocation Failure) 201M->70M(247M) 160.980ms
[2020-01-29T21:58:50.079+0300][158.122s][info ][gc] GC(2397) Pause Young (Allocation Failure) 137M->155M(247M) 54.598ms
[2020-01-29T21:58:50.093+0300][158.132s][info ][gc] GC(2398) Pause Initial Mark 174M->174M(247M) 8.819ms
[2020-01-29T21:58:50.093+0300][158.132s][info ][gc] GC(2398) Concurrent Mark
[2020-01-29T21:58:50.096+0300][158.135s][debug][gc] GC(2398) Concurrent active time: 2.915ms
[2020-01-29T21:58:50.096+0300][158.135s][info ][gc] GC(2398) Concurrent Mark 2.972ms
[2020-01-29T21:58:50.096+0300][158.135s][info ][gc] GC(2398) Concurrent Preclean
[2020-01-29T21:58:50.096+0300][158.135s][debug][gc] GC(2398) Concurrent active time: 0.159ms
[2020-01-29T21:58:50.096+0300][158.135s][info ][gc] GC(2398) Concurrent Preclean 0.190ms
[2020-01-29T21:58:50.096+0300][158.135s][info ][gc] GC(2398) Concurrent Abortable Preclean
[2020-01-29T21:58:50.096+0300][158.135s][debug][gc] GC(2398) Concurrent active time: 0.004ms
[2020-01-29T21:58:50.096+0300][158.135s][info ][gc] GC(2398) Concurrent Abortable Preclean 0.030ms
[2020-01-29T21:58:50.097+0300][158.135s][debug][gc] GC(2398) YG occupancy: 55865 K (78656 K)
[2020-01-29T21:58:50.108+0300][158.146s][info ][gc] GC(2398) Pause Remark 201M->201M(247M) 11.016ms
[2020-01-29T21:58:50.108+0300][158.146s][info ][gc] GC(2398) Concurrent Sweep
[2020-01-29T21:58:50.110+0300][158.149s][info ][gc] GC(2399) Pause Young (Allocation Failure) 200M->200M(247M) 0.040ms
[2020-01-29T21:58:50.178+0300][158.216s][debug][gc] GC(2398) Concurrent active time: 69.795ms
[2020-01-29T21:58:50.178+0300][158.216s][info ][gc] GC(2398) Concurrent Sweep 70.025ms
[2020-01-29T21:58:50.178+0300][158.216s][debug][gc] GC(2400) Concurrent mode failure
[2020-01-29T21:58:50.273+0300][158.311s][info ][gc] GC(2400) Pause Full (Allocation Failure) 200M->70M(247M) 162.340ms
[2020-01-29T21:58:50.344+0300][158.383s][info ][gc] GC(2401) Pause Young (Allocation Failure) 137M->155M(247M) 53.524ms
[2020-01-29T21:58:50.354+0300][158.393s][info ][gc] GC(2402) Pause Initial Mark 174M->174M(247M) 8.827ms
[2020-01-29T21:58:50.354+0300][158.393s][info ][gc] GC(2402) Concurrent Mark
[2020-01-29T21:58:50.357+0300][158.396s][debug][gc] GC(2402) Concurrent active time: 3.015ms
[2020-01-29T21:58:50.357+0300][158.396s][info ][gc] GC(2402) Concurrent Mark 3.168ms
[2020-01-29T21:58:50.357+0300][158.396s][info ][gc] GC(2402) Concurrent Preclean
[2020-01-29T21:58:50.357+0300][158.396s][debug][gc] GC(2402) Concurrent active time: 0.164ms
[2020-01-29T21:58:50.357+0300][158.396s][info ][gc] GC(2402) Concurrent Preclean 0.197ms
[2020-01-29T21:58:50.357+0300][158.396s][info ][gc] GC(2402) Concurrent Abortable Preclean
[2020-01-29T21:58:50.357+0300][158.396s][debug][gc] GC(2402) Concurrent active time: 0.004ms
[2020-01-29T21:58:50.357+0300][158.396s][info ][gc] GC(2402) Concurrent Abortable Preclean 0.031ms
[2020-01-29T21:58:50.357+0300][158.396s][debug][gc] GC(2402) YG occupancy: 55976 K (78656 K)
[2020-01-29T21:58:50.368+0300][158.407s][info ][gc] GC(2402) Pause Remark 201M->201M(247M) 10.988ms
[2020-01-29T21:58:50.368+0300][158.407s][info ][gc] GC(2402) Concurrent Sweep
[2020-01-29T21:58:50.371+0300][158.410s][info ][gc] GC(2403) Pause Young (Allocation Failure) 200M->200M(247M) 0.041ms
[2020-01-29T21:58:50.438+0300][158.476s][debug][gc] GC(2402) Concurrent active time: 68.972ms
[2020-01-29T21:58:50.438+0300][158.476s][info ][gc] GC(2402) Concurrent Sweep 69.204ms
[2020-01-29T21:58:50.438+0300][158.476s][debug][gc] GC(2404) Concurrent mode failure
[2020-01-29T21:58:50.533+0300][158.572s][info ][gc] GC(2404) Pause Full (Allocation Failure) 200M->70M(247M) 161.511ms
[2020-01-29T21:58:50.605+0300][158.643s][info ][gc] GC(2405) Pause Young (Allocation Failure) 137M->155M(247M) 53.635ms
[2020-01-29T21:58:50.615+0300][158.653s][info ][gc] GC(2406) Pause Initial Mark 174M->174M(247M) 8.819ms
[2020-01-29T21:58:50.615+0300][158.653s][info ][gc] GC(2406) Concurrent Mark
[2020-01-29T21:58:50.618+0300][158.656s][debug][gc] GC(2406) Concurrent active time: 3.029ms
[2020-01-29T21:58:50.618+0300][158.656s][info ][gc] GC(2406) Concurrent Mark 3.101ms
[2020-01-29T21:58:50.618+0300][158.656s][info ][gc] GC(2406) Concurrent Preclean
[2020-01-29T21:58:50.618+0300][158.656s][debug][gc] GC(2406) Concurrent active time: 0.163ms
[2020-01-29T21:58:50.618+0300][158.656s][info ][gc] GC(2406) Concurrent Preclean 0.195ms
[2020-01-29T21:58:50.618+0300][158.656s][info ][gc] GC(2406) Concurrent Abortable Preclean
[2020-01-29T21:58:50.618+0300][158.656s][debug][gc] GC(2406) Concurrent active time: 0.004ms
[2020-01-29T21:58:50.618+0300][158.656s][info ][gc] GC(2406) Concurrent Abortable Preclean 0.032ms
[2020-01-29T21:58:50.619+0300][158.657s][debug][gc] GC(2406) YG occupancy: 32435 K (78656 K)
[2020-01-29T21:58:50.630+0300][158.668s][info ][gc] GC(2406) Pause Remark 178M->178M(247M) 11.354ms
[2020-01-29T21:58:50.630+0300][158.668s][info ][gc] GC(2406) Concurrent Sweep
[2020-01-29T21:58:50.636+0300][158.674s][info ][gc] GC(2407) Pause Young (Allocation Failure) 194M->194M(247M) 0.042ms
[2020-01-29T21:58:50.696+0300][158.735s][debug][gc] GC(2406) Concurrent active time: 67.093ms
[2020-01-29T21:58:50.697+0300][158.735s][info ][gc] GC(2406) Concurrent Sweep 67.347ms
[2020-01-29T21:58:50.697+0300][158.735s][debug][gc] GC(2408) Concurrent mode failure
[2020-01-29T21:58:50.792+0300][158.830s][info ][gc] GC(2408) Pause Full (Allocation Failure) 194M->70M(247M) 156.379ms
[2020-01-29T21:58:50.865+0300][158.904s][info ][gc] GC(2409) Pause Young (Allocation Failure) 137M->155M(247M) 55.420ms
[2020-01-29T21:58:50.874+0300][158.913s][info ][gc] GC(2410) Pause Initial Mark 174M->174M(247M) 8.848ms
[2020-01-29T21:58:50.874+0300][158.913s][info ][gc] GC(2410) Concurrent Mark
[2020-01-29T21:58:50.877+0300][158.916s][debug][gc] GC(2410) Concurrent active time: 2.891ms
[2020-01-29T21:58:50.877+0300][158.916s][info ][gc] GC(2410) Concurrent Mark 2.948ms
[2020-01-29T21:58:50.877+0300][158.916s][info ][gc] GC(2410) Concurrent Preclean
[2020-01-29T21:58:50.878+0300][158.916s][debug][gc] GC(2410) Concurrent active time: 0.158ms
[2020-01-29T21:58:50.878+0300][158.916s][info ][gc] GC(2410) Concurrent Preclean 0.190ms
[2020-01-29T21:58:50.878+0300][158.916s][info ][gc] GC(2410) Concurrent Abortable Preclean
[2020-01-29T21:58:50.878+0300][158.916s][debug][gc] GC(2410) Concurrent active time: 0.004ms
[2020-01-29T21:58:50.878+0300][158.917s][info ][gc] GC(2410) Concurrent Abortable Preclean 0.030ms
[2020-01-29T21:58:50.878+0300][158.917s][debug][gc] GC(2410) YG occupancy: 55869 K (78656 K)
[2020-01-29T21:58:50.889+0300][158.928s][info ][gc] GC(2410) Pause Remark 201M->201M(247M) 10.986ms
[2020-01-29T21:58:50.889+0300][158.928s][info ][gc] GC(2410) Concurrent Sweep
[2020-01-29T21:58:50.892+0300][158.930s][info ][gc] GC(2411) Pause Young (Allocation Failure) 200M->200M(247M) 0.043ms
[2020-01-29T21:58:50.958+0300][158.996s][debug][gc] GC(2410) Concurrent active time: 68.240ms
[2020-01-29T21:58:50.958+0300][158.996s][info ][gc] GC(2410) Concurrent Sweep 68.472ms
[2020-01-29T21:58:50.958+0300][158.996s][debug][gc] GC(2412) Concurrent mode failure
[2020-01-29T21:58:51.052+0300][159.091s][info ][gc] GC(2412) Pause Full (Allocation Failure) 200M->70M(247M) 160.556ms
[2020-01-29T21:58:51.123+0300][159.162s][info ][gc] GC(2413) Pause Young (Allocation Failure) 137M->155M(247M) 52.750ms
[2020-01-29T21:58:51.133+0300][159.172s][info ][gc] GC(2414) Pause Initial Mark 174M->174M(247M) 8.814ms
[2020-01-29T21:58:51.133+0300][159.172s][info ][gc] GC(2414) Concurrent Mark
[2020-01-29T21:58:51.136+0300][159.175s][debug][gc] GC(2414) Concurrent active time: 2.881ms
[2020-01-29T21:58:51.136+0300][159.175s][info ][gc] GC(2414) Concurrent Mark 2.939ms
[2020-01-29T21:58:51.136+0300][159.175s][info ][gc] GC(2414) Concurrent Preclean
[2020-01-29T21:58:51.136+0300][159.175s][debug][gc] GC(2414) Concurrent active time: 0.156ms
[2020-01-29T21:58:51.136+0300][159.175s][info ][gc] GC(2414) Concurrent Preclean 0.188ms
[2020-01-29T21:58:51.136+0300][159.175s][info ][gc] GC(2414) Concurrent Abortable Preclean
[2020-01-29T21:58:51.136+0300][159.175s][debug][gc] GC(2414) Concurrent active time: 0.003ms
[2020-01-29T21:58:51.136+0300][159.175s][info ][gc] GC(2414) Concurrent Abortable Preclean 0.030ms
[2020-01-29T21:58:51.136+0300][159.175s][debug][gc] GC(2414) YG occupancy: 55870 K (78656 K)
[2020-01-29T21:58:51.148+0300][159.186s][info ][gc] GC(2414) Pause Remark 201M->201M(247M) 10.995ms
[2020-01-29T21:58:51.148+0300][159.186s][info ][gc] GC(2414) Concurrent Sweep
[2020-01-29T21:58:51.150+0300][159.189s][info ][gc] GC(2415) Pause Young (Allocation Failure) 200M->200M(247M) 0.040ms
[2020-01-29T21:58:51.214+0300][159.255s][debug][gc] GC(2414) Concurrent active time: 68.672ms
[2020-01-29T21:58:51.214+0300][159.255s][info ][gc] GC(2414) Concurrent Sweep 68.900ms
[2020-01-29T21:58:51.214+0300][159.255s][debug][gc] GC(2416) Concurrent mode failure
[2020-01-29T21:58:51.310+0300][159.348s][info ][gc] GC(2416) Pause Full (Allocation Failure) 200M->70M(247M) 159.265ms
[2020-01-29T21:58:51.380+0300][159.421s][info ][gc] GC(2417) Pause Young (Allocation Failure) 137M->155M(247M) 53.660ms
[2020-01-29T21:58:51.394+0300][159.432s][info ][gc] GC(2418) Pause Initial Mark 174M->174M(247M) 8.832ms
[2020-01-29T21:58:51.394+0300][159.432s][info ][gc] GC(2418) Concurrent Mark
[2020-01-29T21:58:51.397+0300][159.435s][debug][gc] GC(2418) Concurrent active time: 2.994ms
[2020-01-29T21:58:51.397+0300][159.435s][info ][gc] GC(2418) Concurrent Mark 3.145ms
[2020-01-29T21:58:51.397+0300][159.435s][info ][gc] GC(2418) Concurrent Preclean
[2020-01-29T21:58:51.397+0300][159.435s][debug][gc] GC(2418) Concurrent active time: 0.164ms
[2020-01-29T21:58:51.397+0300][159.435s][info ][gc] GC(2418) Concurrent Preclean 0.199ms
[2020-01-29T21:58:51.397+0300][159.435s][info ][gc] GC(2418) Concurrent Abortable Preclean
[2020-01-29T21:58:51.397+0300][159.435s][debug][gc] GC(2418) Concurrent active time: 0.004ms
[2020-01-29T21:58:51.397+0300][159.435s][info ][gc] GC(2418) Concurrent Abortable Preclean 0.030ms
[2020-01-29T21:58:51.397+0300][159.435s][debug][gc] GC(2418) YG occupancy: 55978 K (78656 K)
[2020-01-29T21:58:51.405+0300][159.446s][info ][gc] GC(2418) Pause Remark 201M->201M(247M) 10.980ms
[2020-01-29T21:58:51.405+0300][159.446s][info ][gc] GC(2418) Concurrent Sweep
[2020-01-29T21:58:51.405+0300][159.449s][info ][gc] GC(2419) Pause Young (Allocation Failure) 200M->200M(247M) 0.041ms
[2020-01-29T21:58:51.475+0300][159.515s][debug][gc] GC(2418) Concurrent active time: 68.237ms
[2020-01-29T21:58:51.475+0300][159.515s][info ][gc] GC(2418) Concurrent Sweep 68.469ms
[2020-01-29T21:58:51.475+0300][159.515s][debug][gc] GC(2420) Concurrent mode failure
[2020-01-29T21:58:51.570+0300][159.609s][info ][gc] GC(2420) Pause Full (Allocation Failure) 200M->70M(247M) 160.206ms
[2020-01-29T21:58:51.654+0300][159.697s][info ][gc] GC(2421) Pause Young (Allocation Failure) 137M->155M(247M) 59.156ms
[2020-01-29T21:58:51.665+0300][159.707s][info ][gc] GC(2422) Pause Initial Mark 174M->174M(247M) 8.884ms
[2020-01-29T21:58:51.665+0300][159.707s][info ][gc] GC(2422) Concurrent Mark
[2020-01-29T21:58:51.670+0300][159.710s][debug][gc] GC(2422) Concurrent active time: 3.080ms
[2020-01-29T21:58:51.670+0300][159.710s][info ][gc] GC(2422) Concurrent Mark 3.155ms
[2020-01-29T21:58:51.670+0300][159.710s][info ][gc] GC(2422) Concurrent Preclean
[2020-01-29T21:58:51.670+0300][159.710s][debug][gc] GC(2422) Concurrent active time: 0.200ms
[2020-01-29T21:58:51.670+0300][159.710s][info ][gc] GC(2422) Concurrent Preclean 0.236ms
[2020-01-29T21:58:51.670+0300][159.710s][info ][gc] GC(2422) Concurrent Abortable Preclean
[2020-01-29T21:58:51.670+0300][159.710s][debug][gc] GC(2422) Concurrent active time: 0.005ms
[2020-01-29T21:58:51.670+0300][159.710s][info ][gc] GC(2422) Concurrent Abortable Preclean 0.032ms
[2020-01-29T21:58:51.670+0300][159.710s][debug][gc] GC(2422) YG occupancy: 57282 K (78656 K)
[2020-01-29T21:58:51.680+0300][159.722s][info ][gc] GC(2422) Pause Remark 202M->202M(247M) 11.785ms
[2020-01-29T21:58:51.680+0300][159.722s][info ][gc] GC(2422) Concurrent Sweep
[2020-01-29T21:58:51.685+0300][159.725s][info ][gc] GC(2423) Pause Young (Allocation Failure) 199M->199M(247M) 0.045ms
[2020-01-29T21:58:51.749+0300][159.790s][debug][gc] GC(2422) Concurrent active time: 67.703ms
[2020-01-29T21:58:51.749+0300][159.790s][info ][gc] GC(2422) Concurrent Sweep 67.971ms
[2020-01-29T21:58:51.749+0300][159.790s][debug][gc] GC(2424) Concurrent mode failure
[2020-01-29T21:58:51.845+0300][159.885s][info ][gc] GC(2424) Pause Full (Allocation Failure) 199M->70M(247M) 159.468ms
[2020-01-29T21:58:51.936+0300][159.974s][info ][gc] GC(2425) Pause Young (Allocation Failure) 137M->155M(247M) 56.517ms
[2020-01-29T21:58:51.945+0300][159.984s][info ][gc] GC(2426) Pause Initial Mark 174M->174M(247M) 8.838ms
[2020-01-29T21:58:51.945+0300][159.984s][info ][gc] GC(2426) Concurrent Mark
[2020-01-29T21:58:51.948+0300][159.987s][debug][gc] GC(2426) Concurrent active time: 2.897ms
[2020-01-29T21:58:51.948+0300][159.987s][info ][gc] GC(2426) Concurrent Mark 2.950ms
[2020-01-29T21:58:51.948+0300][159.987s][info ][gc] GC(2426) Concurrent Preclean
[2020-01-29T21:58:51.948+0300][159.987s][debug][gc] GC(2426) Concurrent active time: 0.157ms
[2020-01-29T21:58:51.948+0300][159.987s][info ][gc] GC(2426) Concurrent Preclean 0.187ms
[2020-01-29T21:58:51.948+0300][159.987s][info ][gc] GC(2426) Concurrent Abortable Preclean
[2020-01-29T21:58:51.948+0300][159.987s][debug][gc] GC(2426) Concurrent active time: 0.004ms
[2020-01-29T21:58:51.949+0300][159.987s][info ][gc] GC(2426) Concurrent Abortable Preclean 0.032ms
[2020-01-29T21:58:51.949+0300][159.987s][debug][gc] GC(2426) YG occupancy: 55869 K (78656 K)
[2020-01-29T21:58:51.960+0300][159.998s][info ][gc] GC(2426) Pause Remark 201M->201M(247M) 11.043ms
[2020-01-29T21:58:51.960+0300][159.998s][info ][gc] GC(2426) Concurrent Sweep
[2020-01-29T21:58:51.960+0300][160.001s][info ][gc] GC(2427) Pause Young (Allocation Failure) 200M->200M(247M) 0.040ms
[2020-01-29T21:58:52.030+0300][160.068s][debug][gc] GC(2426) Concurrent active time: 69.651ms
[2020-01-29T21:58:52.030+0300][160.068s][info ][gc] GC(2426) Concurrent Sweep 69.876ms
[2020-01-29T21:58:52.030+0300][160.068s][debug][gc] GC(2428) Concurrent mode failure
[2020-01-29T21:58:52.124+0300][160.162s][info ][gc] GC(2428) Pause Full (Allocation Failure) 200M->70M(247M) 161.263ms
[2020-01-29T21:58:52.197+0300][160.235s][info ][gc] GC(2429) Pause Young (Allocation Failure) 137M->155M(247M) 54.185ms
[2020-01-29T21:58:52.207+0300][160.245s][info ][gc] GC(2430) Pause Initial Mark 174M->174M(247M) 8.825ms
[2020-01-29T21:58:52.207+0300][160.245s][info ][gc] GC(2430) Concurrent Mark
[2020-01-29T21:58:52.210+0300][160.248s][debug][gc] GC(2430) Concurrent active time: 2.890ms
[2020-01-29T21:58:52.210+0300][160.248s][info ][gc] GC(2430) Concurrent Mark 2.943ms
[2020-01-29T21:58:52.210+0300][160.248s][info ][gc] GC(2430) Concurrent Preclean
[2020-01-29T21:58:52.210+0300][160.248s][debug][gc] GC(2430) Concurrent active time: 0.155ms
[2020-01-29T21:58:52.210+0300][160.248s][info ][gc] GC(2430) Concurrent Preclean 0.186ms
[2020-01-29T21:58:52.210+0300][160.248s][info ][gc] GC(2430) Concurrent Abortable Preclean
[2020-01-29T21:58:52.210+0300][160.248s][debug][gc] GC(2430) Concurrent active time: 0.004ms
[2020-01-29T21:58:52.210+0300][160.248s][info ][gc] GC(2430) Concurrent Abortable Preclean 0.030ms
[2020-01-29T21:58:52.210+0300][160.248s][debug][gc] GC(2430) YG occupancy: 55869 K (78656 K)
[2020-01-29T21:58:52.221+0300][160.259s][info ][gc] GC(2430) Pause Remark 201M->201M(247M) 11.175ms
[2020-01-29T21:58:52.221+0300][160.259s][info ][gc] GC(2430) Concurrent Sweep
[2020-01-29T21:58:52.224+0300][160.262s][info ][gc] GC(2431) Pause Young (Allocation Failure) 200M->200M(247M) 0.041ms
[2020-01-29T21:58:52.290+0300][160.328s][debug][gc] GC(2430) Concurrent active time: 68.845ms
[2020-01-29T21:58:52.290+0300][160.328s][info ][gc] GC(2430) Concurrent Sweep 69.076ms
[2020-01-29T21:58:52.290+0300][160.328s][debug][gc] GC(2432) Concurrent mode failure
[2020-01-29T21:58:52.385+0300][160.423s][info ][gc] GC(2432) Pause Full (Allocation Failure) 200M->70M(247M) 161.293ms
[2020-01-29T21:58:52.458+0300][160.496s][info ][gc] GC(2433) Pause Young (Allocation Failure) 137M->155M(247M) 54.272ms
[2020-01-29T21:58:52.467+0300][160.506s][info ][gc] GC(2434) Pause Initial Mark 174M->174M(247M) 8.814ms
[2020-01-29T21:58:52.467+0300][160.506s][info ][gc] GC(2434) Concurrent Mark
[2020-01-29T21:58:52.470+0300][160.509s][debug][gc] GC(2434) Concurrent active time: 2.895ms
[2020-01-29T21:58:52.470+0300][160.509s][info ][gc] GC(2434) Concurrent Mark 2.952ms
[2020-01-29T21:58:52.470+0300][160.509s][info ][gc] GC(2434) Concurrent Preclean
[2020-01-29T21:58:52.470+0300][160.509s][debug][gc] GC(2434) Concurrent active time: 0.156ms
[2020-01-29T21:58:52.470+0300][160.509s][info ][gc] GC(2434) Concurrent Preclean 0.187ms
[2020-01-29T21:58:52.470+0300][160.509s][info ][gc] GC(2434) Concurrent Abortable Preclean
[2020-01-29T21:58:52.470+0300][160.509s][debug][gc] GC(2434) Concurrent active time: 0.004ms
[2020-01-29T21:58:52.470+0300][160.509s][info ][gc] GC(2434) Concurrent Abortable Preclean 0.030ms
[2020-01-29T21:58:52.470+0300][160.509s][debug][gc] GC(2434) YG occupancy: 55854 K (78656 K)
[2020-01-29T21:58:52.481+0300][160.520s][info ][gc] GC(2434) Pause Remark 201M->201M(247M) 10.973ms
[2020-01-29T21:58:52.481+0300][160.520s][info ][gc] GC(2434) Concurrent Sweep
[2020-01-29T21:58:52.484+0300][160.523s][info ][gc] GC(2435) Pause Young (Allocation Failure) 200M->200M(247M) 0.039ms
[2020-01-29T21:58:52.551+0300][160.590s][debug][gc] GC(2434) Concurrent active time: 69.141ms
[2020-01-29T21:58:52.551+0300][160.590s][info ][gc] GC(2434) Concurrent Sweep 69.368ms
[2020-01-29T21:58:52.551+0300][160.590s][debug][gc] GC(2436) Concurrent mode failure
[2020-01-29T21:58:52.646+0300][160.685s][info ][gc] GC(2436) Pause Full (Allocation Failure) 200M->70M(247M) 161.767ms
[2020-01-29T21:58:52.722+0300][160.761s][info ][gc] GC(2437) Pause Young (Allocation Failure) 137M->155M(247M) 56.677ms
[2020-01-29T21:58:52.732+0300][160.770s][info ][gc] GC(2438) Pause Initial Mark 174M->174M(247M) 8.824ms
[2020-01-29T21:58:52.732+0300][160.770s][info ][gc] GC(2438) Concurrent Mark
[2020-01-29T21:58:52.735+0300][160.773s][debug][gc] GC(2438) Concurrent active time: 2.890ms
[2020-01-29T21:58:52.735+0300][160.773s][info ][gc] GC(2438) Concurrent Mark 2.945ms
[2020-01-29T21:58:52.735+0300][160.773s][info ][gc] GC(2438) Concurrent Preclean
[2020-01-29T21:58:52.735+0300][160.773s][debug][gc] GC(2438) Concurrent active time: 0.160ms
[2020-01-29T21:58:52.735+0300][160.773s][info ][gc] GC(2438) Concurrent Preclean 0.191ms
[2020-01-29T21:58:52.735+0300][160.773s][info ][gc] GC(2438) Concurrent Abortable Preclean
[2020-01-29T21:58:52.735+0300][160.773s][debug][gc] GC(2438) Concurrent active time: 0.004ms
[2020-01-29T21:58:52.735+0300][160.773s][info ][gc] GC(2438) Concurrent Abortable Preclean 0.031ms
[2020-01-29T21:58:52.735+0300][160.774s][debug][gc] GC(2438) YG occupancy: 55858 K (78656 K)
[2020-01-29T21:58:52.746+0300][160.785s][info ][gc] GC(2438) Pause Remark 201M->201M(247M) 10.984ms
[2020-01-29T21:58:52.746+0300][160.785s][info ][gc] GC(2438) Concurrent Sweep
[2020-01-29T21:58:52.749+0300][160.787s][info ][gc] GC(2439) Pause Young (Allocation Failure) 200M->200M(247M) 0.040ms
[2020-01-29T21:58:52.816+0300][160.854s][debug][gc] GC(2438) Concurrent active time: 69.131ms
[2020-01-29T21:58:52.816+0300][160.854s][info ][gc] GC(2438) Concurrent Sweep 69.361ms
[2020-01-29T21:58:52.816+0300][160.854s][debug][gc] GC(2440) Concurrent mode failure
[2020-01-29T21:58:52.910+0300][160.949s][info ][gc] GC(2440) Pause Full (Allocation Failure) 200M->70M(247M) 161.574ms
[2020-01-29T21:58:52.982+0300][161.021s][info ][gc] GC(2441) Pause Young (Allocation Failure) 137M->155M(247M) 53.367ms
[2020-01-29T21:58:52.992+0300][161.030s][info ][gc] GC(2442) Pause Initial Mark 174M->174M(247M) 8.838ms
[2020-01-29T21:58:52.992+0300][161.030s][info ][gc] GC(2442) Concurrent Mark
[2020-01-29T21:58:52.995+0300][161.033s][debug][gc] GC(2442) Concurrent active time: 2.910ms
[2020-01-29T21:58:52.995+0300][161.033s][info ][gc] GC(2442) Concurrent Mark 2.964ms
[2020-01-29T21:58:52.995+0300][161.033s][info ][gc] GC(2442) Concurrent Preclean
[2020-01-29T21:58:52.995+0300][161.034s][debug][gc] GC(2442) Concurrent active time: 0.157ms
[2020-01-29T21:58:52.995+0300][161.034s][info ][gc] GC(2442) Concurrent Preclean 0.187ms
[2020-01-29T21:58:52.995+0300][161.034s][info ][gc] GC(2442) Concurrent Abortable Preclean
[2020-01-29T21:58:52.995+0300][161.034s][debug][gc] GC(2442) Concurrent active time: 0.004ms
[2020-01-29T21:58:52.995+0300][161.034s][info ][gc] GC(2442) Concurrent Abortable Preclean 0.030ms
[2020-01-29T21:58:52.995+0300][161.034s][debug][gc] GC(2442) YG occupancy: 55867 K (78656 K)
[2020-01-29T21:58:53.006+0300][161.045s][info ][gc] GC(2442) Pause Remark 201M->201M(247M) 10.969ms
[2020-01-29T21:58:53.006+0300][161.045s][info ][gc] GC(2442) Concurrent Sweep
[2020-01-29T21:58:53.009+0300][161.048s][info ][gc] GC(2443) Pause Young (Allocation Failure) 200M->200M(247M) 0.044ms
[2020-01-29T21:58:53.076+0300][161.114s][debug][gc] GC(2442) Concurrent active time: 68.979ms
[2020-01-29T21:58:53.076+0300][161.114s][info ][gc] GC(2442) Concurrent Sweep 69.235ms
[2020-01-29T21:58:53.076+0300][161.114s][debug][gc] GC(2444) Concurrent mode failure
[2020-01-29T21:58:53.173+0300][161.211s][info ][gc] GC(2444) Pause Full (Allocation Failure) 200M->70M(247M) 163.132ms
[2020-01-29T21:58:53.245+0300][161.284s][info ][gc] GC(2445) Pause Young (Allocation Failure) 137M->155M(247M) 54.441ms
[2020-01-29T21:58:53.255+0300][161.294s][info ][gc] GC(2446) Pause Initial Mark 174M->174M(247M) 8.832ms
[2020-01-29T21:58:53.255+0300][161.294s][info ][gc] GC(2446) Concurrent Mark
[2020-01-29T21:58:53.258+0300][161.297s][debug][gc] GC(2446) Concurrent active time: 2.973ms
[2020-01-29T21:58:53.258+0300][161.297s][info ][gc] GC(2446) Concurrent Mark 3.040ms
[2020-01-29T21:58:53.258+0300][161.297s][info ][gc] GC(2446) Concurrent Preclean
[2020-01-29T21:58:53.258+0300][161.297s][debug][gc] GC(2446) Concurrent active time: 0.167ms
[2020-01-29T21:58:53.258+0300][161.297s][info ][gc] GC(2446) Concurrent Preclean 0.200ms
[2020-01-29T21:58:53.258+0300][161.297s][info ][gc] GC(2446) Concurrent Abortable Preclean
[2020-01-29T21:58:53.258+0300][161.297s][debug][gc] GC(2446) Concurrent active time: 0.005ms
[2020-01-29T21:58:53.258+0300][161.297s][info ][gc] GC(2446) Concurrent Abortable Preclean 0.032ms
[2020-01-29T21:58:53.258+0300][161.297s][debug][gc] GC(2446) YG occupancy: 55869 K (78656 K)
[2020-01-29T21:58:53.269+0300][161.308s][info ][gc] GC(2446) Pause Remark 201M->201M(247M) 11.135ms
[2020-01-29T21:58:53.269+0300][161.308s][info ][gc] GC(2446) Concurrent Sweep
[2020-01-29T21:58:53.272+0300][161.311s][info ][gc] GC(2447) Pause Young (Allocation Failure) 200M->200M(247M) 0.041ms
[2020-01-29T21:58:53.339+0300][161.377s][debug][gc] GC(2446) Concurrent active time: 68.560ms
[2020-01-29T21:58:53.339+0300][161.377s][info ][gc] GC(2446) Concurrent Sweep 68.792ms
[2020-01-29T21:58:53.339+0300][161.377s][debug][gc] GC(2448) Concurrent mode failure
[2020-01-29T21:58:53.434+0300][161.473s][info ][gc] GC(2448) Pause Full (Allocation Failure) 200M->70M(247M) 161.869ms
[2020-01-29T21:58:53.508+0300][161.546s][info ][gc] GC(2449) Pause Young (Allocation Failure) 137M->155M(247M) 54.865ms
[2020-01-29T21:58:53.517+0300][161.556s][info ][gc] GC(2450) Pause Initial Mark 174M->174M(247M) 8.827ms
[2020-01-29T21:58:53.517+0300][161.556s][info ][gc] GC(2450) Concurrent Mark
[2020-01-29T21:58:53.520+0300][161.559s][debug][gc] GC(2450) Concurrent active time: 2.875ms
[2020-01-29T21:58:53.520+0300][161.559s][info ][gc] GC(2450) Concurrent Mark 2.931ms
[2020-01-29T21:58:53.520+0300][161.559s][info ][gc] GC(2450) Concurrent Preclean
[2020-01-29T21:58:53.520+0300][161.559s][debug][gc] GC(2450) Concurrent active time: 0.157ms
[2020-01-29T21:58:53.520+0300][161.559s][info ][gc] GC(2450) Concurrent Preclean 0.188ms
[2020-01-29T21:58:53.520+0300][161.559s][info ][gc] GC(2450) Concurrent Abortable Preclean
[2020-01-29T21:58:53.520+0300][161.559s][debug][gc] GC(2450) Concurrent active time: 0.004ms
[2020-01-29T21:58:53.520+0300][161.559s][info ][gc] GC(2450) Concurrent Abortable Preclean 0.031ms
[2020-01-29T21:58:53.521+0300][161.559s][debug][gc] GC(2450) YG occupancy: 55854 K (78656 K)
[2020-01-29T21:58:53.532+0300][161.570s][info ][gc] GC(2450) Pause Remark 201M->201M(247M) 10.998ms
[2020-01-29T21:58:53.532+0300][161.570s][info ][gc] GC(2450) Concurrent Sweep
[2020-01-29T21:58:53.534+0300][161.573s][info ][gc] GC(2451) Pause Young (Allocation Failure) 200M->200M(247M) 0.039ms
[2020-01-29T21:58:53.601+0300][161.639s][debug][gc] GC(2450) Concurrent active time: 68.537ms
[2020-01-29T21:58:53.601+0300][161.639s][info ][gc] GC(2450) Concurrent Sweep 68.763ms
[2020-01-29T21:58:53.601+0300][161.639s][debug][gc] GC(2452) Concurrent mode failure
[2020-01-29T21:58:53.697+0300][161.735s][info ][gc] GC(2452) Pause Full (Allocation Failure) 200M->70M(247M) 161.960ms
[2020-01-29T21:58:53.773+0300][161.812s][info ][gc] GC(2453) Pause Young (Allocation Failure) 137M->155M(247M) 56.962ms
[2020-01-29T21:58:53.782+0300][161.821s][info ][gc] GC(2454) Pause Initial Mark 174M->174M(247M) 8.832ms
[2020-01-29T21:58:53.782+0300][161.821s][info ][gc] GC(2454) Concurrent Mark
[2020-01-29T21:58:53.785+0300][161.824s][debug][gc] GC(2454) Concurrent active time: 2.902ms
[2020-01-29T21:58:53.785+0300][161.824s][info ][gc] GC(2454) Concurrent Mark 2.961ms
[2020-01-29T21:58:53.785+0300][161.824s][info ][gc] GC(2454) Concurrent Preclean
[2020-01-29T21:58:53.786+0300][161.824s][debug][gc] GC(2454) Concurrent active time: 0.161ms
[2020-01-29T21:58:53.786+0300][161.824s][info ][gc] GC(2454) Concurrent Preclean 0.197ms
[2020-01-29T21:58:53.786+0300][161.825s][info ][gc] GC(2454) Concurrent Abortable Preclean
[2020-01-29T21:58:53.786+0300][161.825s][debug][gc] GC(2454) Concurrent active time: 0.004ms
[2020-01-29T21:58:53.786+0300][161.825s][info ][gc] GC(2454) Concurrent Abortable Preclean 0.031ms
[2020-01-29T21:58:53.786+0300][161.825s][debug][gc] GC(2454) YG occupancy: 55859 K (78656 K)
[2020-01-29T21:58:53.797+0300][161.836s][info ][gc] GC(2454) Pause Remark 201M->201M(247M) 11.058ms
[2020-01-29T21:58:53.797+0300][161.836s][info ][gc] GC(2454) Concurrent Sweep
[2020-01-29T21:58:53.800+0300][161.838s][info ][gc] GC(2455) Pause Young (Allocation Failure) 200M->200M(247M) 0.038ms
[2020-01-29T21:58:53.866+0300][161.905s][debug][gc] GC(2454) Concurrent active time: 68.731ms
[2020-01-29T21:58:53.866+0300][161.905s][info ][gc] GC(2454) Concurrent Sweep 68.951ms
[2020-01-29T21:58:53.866+0300][161.905s][debug][gc] GC(2456) Concurrent mode failure
[2020-01-29T21:58:53.961+0300][161.999s][info ][gc] GC(2456) Pause Full (Allocation Failure) 200M->70M(247M) 160.810ms
[2020-01-29T21:58:54.034+0300][162.073s][info ][gc] GC(2457) Pause Young (Allocation Failure) 137M->155M(247M) 54.561ms
[2020-01-29T21:58:54.044+0300][162.082s][info ][gc] GC(2458) Pause Initial Mark 174M->174M(247M) 8.909ms
[2020-01-29T21:58:54.044+0300][162.083s][info ][gc] GC(2458) Concurrent Mark
[2020-01-29T21:58:54.047+0300][162.085s][debug][gc] GC(2458) Concurrent active time: 2.890ms
[2020-01-29T21:58:54.047+0300][162.085s][info ][gc] GC(2458) Concurrent Mark 2.945ms
[2020-01-29T21:58:54.047+0300][162.085s][info ][gc] GC(2458) Concurrent Preclean
[2020-01-29T21:58:54.047+0300][162.086s][debug][gc] GC(2458) Concurrent active time: 0.159ms
[2020-01-29T21:58:54.047+0300][162.086s][info ][gc] GC(2458) Concurrent Preclean 0.190ms
[2020-01-29T21:58:54.047+0300][162.086s][info ][gc] GC(2458) Concurrent Abortable Preclean
[2020-01-29T21:58:54.047+0300][162.086s][debug][gc] GC(2458) Concurrent active time: 0.004ms
[2020-01-29T21:58:54.047+0300][162.086s][info ][gc] GC(2458) Concurrent Abortable Preclean 0.030ms
[2020-01-29T21:58:54.047+0300][162.086s][debug][gc] GC(2458) YG occupancy: 55866 K (78656 K)
[2020-01-29T21:58:54.058+0300][162.097s][info ][gc] GC(2458) Pause Remark 201M->201M(247M) 11.029ms
[2020-01-29T21:58:54.058+0300][162.097s][info ][gc] GC(2458) Concurrent Sweep
[2020-01-29T21:58:54.061+0300][162.100s][info ][gc] GC(2459) Pause Young (Allocation Failure) 200M->200M(247M) 0.039ms
[2020-01-29T21:58:54.127+0300][162.166s][debug][gc] GC(2458) Concurrent active time: 68.641ms
[2020-01-29T21:58:54.127+0300][162.166s][info ][gc] GC(2458) Concurrent Sweep 68.869ms
[2020-01-29T21:58:54.127+0300][162.166s][debug][gc] GC(2460) Concurrent mode failure
[2020-01-29T21:58:54.222+0300][162.261s][info ][gc] GC(2460) Pause Full (Allocation Failure) 200M->70M(247M) 161.533ms
[2020-01-29T21:58:54.294+0300][162.333s][info ][gc] GC(2461) Pause Young (Allocation Failure) 137M->155M(247M) 53.463ms
[2020-01-29T21:58:54.304+0300][162.343s][info ][gc] GC(2462) Pause Initial Mark 174M->174M(247M) 8.835ms
[2020-01-29T21:58:54.304+0300][162.343s][info ][gc] GC(2462) Concurrent Mark
[2020-01-29T21:58:54.307+0300][162.345s][debug][gc] GC(2462) Concurrent active time: 2.817ms
[2020-01-29T21:58:54.307+0300][162.345s][info ][gc] GC(2462) Concurrent Mark 2.874ms
[2020-01-29T21:58:54.307+0300][162.345s][info ][gc] GC(2462) Concurrent Preclean
[2020-01-29T21:58:54.307+0300][162.346s][debug][gc] GC(2462) Concurrent active time: 0.159ms
[2020-01-29T21:58:54.307+0300][162.346s][info ][gc] GC(2462) Concurrent Preclean 0.191ms
[2020-01-29T21:58:54.307+0300][162.346s][info ][gc] GC(2462) Concurrent Abortable Preclean
[2020-01-29T21:58:54.307+0300][162.346s][debug][gc] GC(2462) Concurrent active time: 0.004ms
[2020-01-29T21:58:54.307+0300][162.346s][info ][gc] GC(2462) Concurrent Abortable Preclean 0.030ms
[2020-01-29T21:58:54.307+0300][162.346s][debug][gc] GC(2462) YG occupancy: 54488 K (78656 K)
[2020-01-29T21:58:54.318+0300][162.357s][info ][gc] GC(2462) Pause Remark 199M->199M(247M) 10.966ms
[2020-01-29T21:58:54.318+0300][162.357s][info ][gc] GC(2462) Concurrent Sweep
[2020-01-29T21:58:54.321+0300][162.360s][info ][gc] GC(2463) Pause Young (Allocation Failure) 199M->199M(247M) 0.039ms
[2020-01-29T21:58:54.386+0300][162.424s][debug][gc] GC(2462) Concurrent active time: 67.367ms
[2020-01-29T21:58:54.386+0300][162.424s][info ][gc] GC(2462) Concurrent Sweep 67.595ms
[2020-01-29T21:58:54.386+0300][162.424s][debug][gc] GC(2464) Concurrent mode failure
[2020-01-29T21:58:54.482+0300][162.520s][info ][gc] GC(2464) Pause Full (Allocation Failure) 199M->70M(247M) 160.532ms
[2020-01-29T21:58:54.553+0300][162.592s][info ][gc] GC(2465) Pause Young (Allocation Failure) 137M->155M(247M) 53.524ms
[2020-01-29T21:58:54.563+0300][162.602s][info ][gc] GC(2466) Pause Initial Mark 174M->174M(247M) 8.829ms
[2020-01-29T21:58:54.563+0300][162.602s][info ][gc] GC(2466) Concurrent Mark
[2020-01-29T21:58:54.566+0300][162.605s][debug][gc] GC(2466) Concurrent active time: 2.737ms
[2020-01-29T21:58:54.566+0300][162.605s][info ][gc] GC(2466) Concurrent Mark 2.794ms
[2020-01-29T21:58:54.566+0300][162.605s][info ][gc] GC(2466) Concurrent Preclean
[2020-01-29T21:58:54.566+0300][162.605s][debug][gc] GC(2466) Concurrent active time: 0.160ms
[2020-01-29T21:58:54.566+0300][162.605s][info ][gc] GC(2466) Concurrent Preclean 0.192ms
[2020-01-29T21:58:54.566+0300][162.605s][info ][gc] GC(2466) Concurrent Abortable Preclean
[2020-01-29T21:58:54.566+0300][162.605s][debug][gc] GC(2466) Concurrent active time: 0.004ms
[2020-01-29T21:58:54.566+0300][162.605s][info ][gc] GC(2466) Concurrent Abortable Preclean 0.031ms
[2020-01-29T21:58:54.566+0300][162.605s][debug][gc] GC(2466) YG occupancy: 54475 K (78656 K)
[2020-01-29T21:58:54.577+0300][162.616s][info ][gc] GC(2466) Pause Remark 199M->199M(247M) 10.967ms
[2020-01-29T21:58:54.577+0300][162.616s][info ][gc] GC(2466) Concurrent Sweep
[2020-01-29T21:58:54.580+0300][162.619s][info ][gc] GC(2467) Pause Young (Allocation Failure) 199M->199M(247M) 0.041ms
[2020-01-29T21:58:54.646+0300][162.684s][debug][gc] GC(2466) Concurrent active time: 68.051ms
[2020-01-29T21:58:54.646+0300][162.684s][info ][gc] GC(2466) Concurrent Sweep 68.318ms
[2020-01-29T21:58:54.646+0300][162.684s][debug][gc] GC(2468) Concurrent mode failure
[2020-01-29T21:58:54.740+0300][162.779s][info ][gc] GC(2468) Pause Full (Allocation Failure) 199M->70M(247M) 159.856ms
[2020-01-29T21:58:54.817+0300][162.855s][info ][gc] GC(2469) Pause Young (Allocation Failure) 136M->155M(247M) 57.372ms
[2020-01-29T21:58:54.827+0300][162.865s][info ][gc] GC(2470) Pause Initial Mark 174M->174M(247M) 8.814ms
[2020-01-29T21:58:54.827+0300][162.865s][info ][gc] GC(2470) Concurrent Mark
[2020-01-29T21:58:54.830+0300][162.868s][debug][gc] GC(2470) Concurrent active time: 2.707ms
[2020-01-29T21:58:54.830+0300][162.868s][info ][gc] GC(2470) Concurrent Mark 2.765ms
[2020-01-29T21:58:54.830+0300][162.868s][info ][gc] GC(2470) Concurrent Preclean
[2020-01-29T21:58:54.830+0300][162.868s][debug][gc] GC(2470) Concurrent active time: 0.157ms
[2020-01-29T21:58:54.830+0300][162.868s][info ][gc] GC(2470) Concurrent Preclean 0.187ms
[2020-01-29T21:58:54.830+0300][162.868s][info ][gc] GC(2470) Concurrent Abortable Preclean
[2020-01-29T21:58:54.830+0300][162.868s][debug][gc] GC(2470) Concurrent active time: 0.003ms
[2020-01-29T21:58:54.830+0300][162.868s][info ][gc] GC(2470) Concurrent Abortable Preclean 0.030ms
[2020-01-29T21:58:54.830+0300][162.868s][debug][gc] GC(2470) YG occupancy: 54479 K (78656 K)
[2020-01-29T21:58:54.841+0300][162.879s][info ][gc] GC(2470) Pause Remark 199M->199M(247M) 10.907ms
[2020-01-29T21:58:54.841+0300][162.879s][info ][gc] GC(2470) Concurrent Sweep
[2020-01-29T21:58:54.844+0300][162.882s][info ][gc] GC(2471) Pause Young (Allocation Failure) 199M->199M(247M) 0.042ms
[2020-01-29T21:58:54.909+0300][162.948s][debug][gc] GC(2470) Concurrent active time: 68.507ms
[2020-01-29T21:58:54.909+0300][162.948s][info ][gc] GC(2470) Concurrent Sweep 68.745ms
[2020-01-29T21:58:54.909+0300][162.948s][debug][gc] GC(2472) Concurrent mode failure
[2020-01-29T21:58:55.003+0300][163.042s][info ][gc] GC(2472) Pause Full (Allocation Failure) 199M->70M(247M) 160.024ms
[2020-01-29T21:58:55.076+0300][163.114s][info ][gc] GC(2473) Pause Young (Allocation Failure) 136M->155M(247M) 54.232ms
[2020-01-29T21:58:55.086+0300][163.124s][info ][gc] GC(2474) Pause Initial Mark 174M->174M(247M) 8.878ms
[2020-01-29T21:58:55.086+0300][163.124s][info ][gc] GC(2474) Concurrent Mark
[2020-01-29T21:58:55.088+0300][163.127s][debug][gc] GC(2474) Concurrent active time: 2.686ms
[2020-01-29T21:58:55.088+0300][163.127s][info ][gc] GC(2474) Concurrent Mark 2.739ms
[2020-01-29T21:58:55.088+0300][163.127s][info ][gc] GC(2474) Concurrent Preclean
[2020-01-29T21:58:55.088+0300][163.127s][debug][gc] GC(2474) Concurrent active time: 0.157ms
[2020-01-29T21:58:55.088+0300][163.127s][info ][gc] GC(2474) Concurrent Preclean 0.187ms
[2020-01-29T21:58:55.088+0300][163.127s][info ][gc] GC(2474) Concurrent Abortable Preclean
[2020-01-29T21:58:55.088+0300][163.127s][debug][gc] GC(2474) Concurrent active time: 0.004ms
[2020-01-29T21:58:55.088+0300][163.127s][info ][gc] GC(2474) Concurrent Abortable Preclean 0.030ms
[2020-01-29T21:58:55.088+0300][163.127s][debug][gc] GC(2474) YG occupancy: 54485 K (78656 K)
[2020-01-29T21:58:55.099+0300][163.138s][info ][gc] GC(2474) Pause Remark 199M->199M(247M) 10.929ms
[2020-01-29T21:58:55.099+0300][163.138s][info ][gc] GC(2474) Concurrent Sweep
[2020-01-29T21:58:55.102+0300][163.141s][info ][gc] GC(2475) Pause Young (Allocation Failure) 199M->199M(247M) 0.039ms
[2020-01-29T21:58:55.168+0300][163.206s][debug][gc] GC(2474) Concurrent active time: 67.878ms
[2020-01-29T21:58:55.168+0300][163.207s][info ][gc] GC(2474) Concurrent Sweep 68.114ms
[2020-01-29T21:58:55.168+0300][163.207s][debug][gc] GC(2476) Concurrent mode failure
[2020-01-29T21:58:55.262+0300][163.301s][info ][gc] GC(2476) Pause Full (Allocation Failure) 199M->70M(247M) 159.295ms
[2020-01-29T21:58:55.335+0300][163.374s][info ][gc] GC(2477) Pause Young (Allocation Failure) 136M->155M(247M) 54.734ms
[2020-01-29T21:58:55.345+0300][163.383s][info ][gc] GC(2478) Pause Initial Mark 174M->174M(247M) 8.825ms
[2020-01-29T21:58:55.345+0300][163.383s][info ][gc] GC(2478) Concurrent Mark
[2020-01-29T21:58:55.348+0300][163.386s][debug][gc] GC(2478) Concurrent active time: 2.695ms
[2020-01-29T21:58:55.348+0300][163.386s][info ][gc] GC(2478) Concurrent Mark 2.750ms
[2020-01-29T21:58:55.348+0300][163.386s][info ][gc] GC(2478) Concurrent Preclean
[2020-01-29T21:58:55.348+0300][163.386s][debug][gc] GC(2478) Concurrent active time: 0.155ms
[2020-01-29T21:58:55.348+0300][163.386s][info ][gc] GC(2478) Concurrent Preclean 0.184ms
[2020-01-29T21:58:55.348+0300][163.386s][info ][gc] GC(2478) Concurrent Abortable Preclean
[2020-01-29T21:58:55.348+0300][163.386s][debug][gc] GC(2478) Concurrent active time: 0.003ms
[2020-01-29T21:58:55.348+0300][163.386s][info ][gc] GC(2478) Concurrent Abortable Preclean 0.030ms
[2020-01-29T21:58:55.348+0300][163.387s][debug][gc] GC(2478) YG occupancy: 54488 K (78656 K)
[2020-01-29T21:58:55.359+0300][163.397s][info ][gc] GC(2478) Pause Remark 199M->199M(247M) 10.902ms
[2020-01-29T21:58:55.359+0300][163.397s][info ][gc] GC(2478) Concurrent Sweep
[2020-01-29T21:58:55.362+0300][163.400s][info ][gc] GC(2479) Pause Young (Allocation Failure) 199M->199M(247M) 0.040ms
[2020-01-29T21:58:55.428+0300][163.466s][debug][gc] GC(2478) Concurrent active time: 68.425ms
[2020-01-29T21:58:55.428+0300][163.466s][info ][gc] GC(2478) Concurrent Sweep 68.657ms
[2020-01-29T21:58:55.428+0300][163.466s][debug][gc] GC(2480) Concurrent mode failure
[2020-01-29T21:58:55.522+0300][163.561s][info ][gc] GC(2480) Pause Full (Allocation Failure) 199M->70M(247M) 160.690ms
[2020-01-29T21:58:55.597+0300][163.635s][info ][gc] GC(2481) Pause Young (Allocation Failure) 137M->155M(247M) 54.319ms
[2020-01-29T21:58:55.606+0300][163.644s][info ][gc] GC(2482) Pause Initial Mark 174M->174M(247M) 8.813ms
[2020-01-29T21:58:55.606+0300][163.644s][info ][gc] GC(2482) Concurrent Mark
[2020-01-29T21:58:55.609+0300][163.647s][debug][gc] GC(2482) Concurrent active time: 2.682ms
[2020-01-29T21:58:55.609+0300][163.647s][info ][gc] GC(2482) Concurrent Mark 2.736ms
[2020-01-29T21:58:55.609+0300][163.647s][info ][gc] GC(2482) Concurrent Preclean
[2020-01-29T21:58:55.609+0300][163.647s][debug][gc] GC(2482) Concurrent active time: 0.154ms
[2020-01-29T21:58:55.609+0300][163.647s][info ][gc] GC(2482) Concurrent Preclean 0.183ms
[2020-01-29T21:58:55.609+0300][163.647s][info ][gc] GC(2482) Concurrent Abortable Preclean
[2020-01-29T21:58:55.609+0300][163.647s][debug][gc] GC(2482) Concurrent active time: 0.003ms
[2020-01-29T21:58:55.609+0300][163.647s][info ][gc] GC(2482) Concurrent Abortable Preclean 0.030ms
[2020-01-29T21:58:55.609+0300][163.647s][debug][gc] GC(2482) YG occupancy: 54474 K (78656 K)
[2020-01-29T21:58:55.620+0300][163.658s][info ][gc] GC(2482) Pause Remark 199M->199M(247M) 10.936ms
[2020-01-29T21:58:55.620+0300][163.658s][info ][gc] GC(2482) Concurrent Sweep
[2020-01-29T21:58:55.623+0300][163.661s][info ][gc] GC(2483) Pause Young (Allocation Failure) 199M->199M(247M) 0.040ms
[2020-01-29T21:58:55.689+0300][163.727s][debug][gc] GC(2482) Concurrent active time: 68.743ms
[2020-01-29T21:58:55.689+0300][163.727s][info ][gc] GC(2482) Concurrent Sweep 68.970ms
[2020-01-29T21:58:55.689+0300][163.727s][debug][gc] GC(2484) Concurrent mode failure
[2020-01-29T21:58:55.784+0300][163.823s][info ][gc] GC(2484) Pause Full (Allocation Failure) 199M->70M(247M) 161.772ms
[2020-01-29T21:58:55.858+0300][163.897s][info ][gc] GC(2485) Pause Young (Allocation Failure) 136M->155M(247M) 54.982ms
[2020-01-29T21:58:55.868+0300][163.907s][info ][gc] GC(2486) Pause Initial Mark 174M->174M(247M) 8.821ms
[2020-01-29T21:58:55.868+0300][163.907s][info ][gc] GC(2486) Concurrent Mark
[2020-01-29T21:58:55.871+0300][163.910s][debug][gc] GC(2486) Concurrent active time: 2.678ms
[2020-01-29T21:58:55.871+0300][163.910s][info ][gc] GC(2486) Concurrent Mark 2.730ms
[2020-01-29T21:58:55.871+0300][163.910s][info ][gc] GC(2486) Concurrent Preclean
[2020-01-29T21:58:55.871+0300][163.910s][debug][gc] GC(2486) Concurrent active time: 0.155ms
[2020-01-29T21:58:55.871+0300][163.910s][info ][gc] GC(2486) Concurrent Preclean 0.185ms
[2020-01-29T21:58:55.871+0300][163.910s][info ][gc] GC(2486) Concurrent Abortable Preclean
[2020-01-29T21:58:55.871+0300][163.910s][debug][gc] GC(2486) Concurrent active time: 0.004ms
[2020-01-29T21:58:55.871+0300][163.910s][info ][gc] GC(2486) Concurrent Abortable Preclean 0.030ms
[2020-01-29T21:58:55.871+0300][163.910s][debug][gc] GC(2486) YG occupancy: 54478 K (78656 K)
[2020-01-29T21:58:55.882+0300][163.921s][info ][gc] GC(2486) Pause Remark 199M->199M(247M) 10.975ms
[2020-01-29T21:58:55.882+0300][163.921s][info ][gc] GC(2486) Concurrent Sweep
[2020-01-29T21:58:55.885+0300][163.924s][info ][gc] GC(2487) Pause Young (Allocation Failure) 199M->199M(247M) 0.043ms
[2020-01-29T21:58:55.949+0300][163.988s][debug][gc] GC(2486) Concurrent active time: 66.588ms
[2020-01-29T21:58:55.949+0300][163.988s][info ][gc] GC(2486) Concurrent Sweep 66.823ms
[2020-01-29T21:58:55.949+0300][163.988s][debug][gc] GC(2488) Concurrent mode failure
[2020-01-29T21:58:56.044+0300][164.082s][info ][gc] GC(2488) Pause Full (Allocation Failure) 199M->70M(247M) 158.287ms
[2020-01-29T21:58:56.118+0300][164.156s][info ][gc] GC(2489) Pause Young (Allocation Failure) 136M->155M(247M) 55.131ms
[2020-01-29T21:58:56.124+0300][164.166s][info ][gc] GC(2490) Pause Initial Mark 174M->174M(247M) 8.844ms
[2020-01-29T21:58:56.124+0300][164.166s][info ][gc] GC(2490) Concurrent Mark
[2020-01-29T21:58:56.129+0300][164.169s][debug][gc] GC(2490) Concurrent active time: 2.661ms
[2020-01-29T21:58:56.129+0300][164.169s][info ][gc] GC(2490) Concurrent Mark 2.713ms
[2020-01-29T21:58:56.129+0300][164.169s][info ][gc] GC(2490) Concurrent Preclean
[2020-01-29T21:58:56.129+0300][164.169s][debug][gc] GC(2490) Concurrent active time: 0.155ms
[2020-01-29T21:58:56.129+0300][164.169s][info ][gc] GC(2490) Concurrent Preclean 0.189ms
[2020-01-29T21:58:56.129+0300][164.169s][info ][gc] GC(2490) Concurrent Abortable Preclean
[2020-01-29T21:58:56.129+0300][164.169s][debug][gc] GC(2490) Concurrent active time: 0.004ms
[2020-01-29T21:58:56.129+0300][164.169s][info ][gc] GC(2490) Concurrent Abortable Preclean 0.031ms
[2020-01-29T21:58:56.129+0300][164.169s][debug][gc] GC(2490) YG occupancy: 54485 K (78656 K)
[2020-01-29T21:58:56.139+0300][164.180s][info ][gc] GC(2490) Pause Remark 199M->199M(247M) 11.047ms
[2020-01-29T21:58:56.139+0300][164.180s][info ][gc] GC(2490) Concurrent Sweep
[2020-01-29T21:58:56.144+0300][164.183s][info ][gc] GC(2491) Pause Young (Allocation Failure) 199M->199M(247M) 0.040ms
[2020-01-29T21:58:56.209+0300][164.248s][debug][gc] GC(2490) Concurrent active time: 67.253ms
[2020-01-29T21:58:56.209+0300][164.248s][info ][gc] GC(2490) Concurrent Sweep 67.476ms
[2020-01-29T21:58:56.209+0300][164.248s][debug][gc] GC(2492) Concurrent mode failure
[2020-01-29T21:58:56.300+0300][164.342s][info ][gc] GC(2492) Pause Full (Allocation Failure) 199M->70M(247M) 158.953ms
[2020-01-29T21:58:56.370+0300][164.412s][info ][gc] GC(2493) Pause Young (Allocation Failure) 136M->155M(247M) 54.375ms
[2020-01-29T21:58:56.384+0300][164.422s][info ][gc] GC(2494) Pause Initial Mark 174M->174M(247M) 8.849ms
[2020-01-29T21:58:56.384+0300][164.422s][info ][gc] GC(2494) Concurrent Mark
[2020-01-29T21:58:56.387+0300][164.425s][debug][gc] GC(2494) Concurrent active time: 2.841ms
[2020-01-29T21:58:56.387+0300][164.425s][info ][gc] GC(2494) Concurrent Mark 2.999ms
[2020-01-29T21:58:56.387+0300][164.425s][info ][gc] GC(2494) Concurrent Preclean
[2020-01-29T21:58:56.387+0300][164.425s][debug][gc] GC(2494) Concurrent active time: 0.168ms
[2020-01-29T21:58:56.387+0300][164.425s][info ][gc] GC(2494) Concurrent Preclean 0.200ms
[2020-01-29T21:58:56.387+0300][164.425s][info ][gc] GC(2494) Concurrent Abortable Preclean
[2020-01-29T21:58:56.387+0300][164.425s][debug][gc] GC(2494) Concurrent active time: 0.004ms
[2020-01-29T21:58:56.387+0300][164.425s][info ][gc] GC(2494) Concurrent Abortable Preclean 0.031ms
[2020-01-29T21:58:56.387+0300][164.425s][debug][gc] GC(2494) YG occupancy: 53213 K (78656 K)
[2020-01-29T21:58:56.398+0300][164.436s][info ][gc] GC(2494) Pause Remark 198M->198M(247M) 10.919ms
[2020-01-29T21:58:56.398+0300][164.436s][info ][gc] GC(2494) Concurrent Sweep
[2020-01-29T21:58:56.402+0300][164.440s][info ][gc] GC(2495) Pause Young (Allocation Failure) 199M->199M(247M) 0.044ms
[2020-01-29T21:58:56.465+0300][164.503s][debug][gc] GC(2494) Concurrent active time: 66.765ms
[2020-01-29T21:58:56.465+0300][164.503s][info ][gc] GC(2494) Concurrent Sweep 66.999ms
[2020-01-29T21:58:56.465+0300][164.503s][debug][gc] GC(2496) Concurrent mode failure
[2020-01-29T21:58:56.555+0300][164.597s][info ][gc] GC(2496) Pause Full (Allocation Failure) 199M->70M(247M) 157.428ms
[2020-01-29T21:58:56.629+0300][164.671s][info ][gc] GC(2497) Pause Young (Allocation Failure) 136M->155M(247M) 53.151ms
[2020-01-29T21:58:56.643+0300][164.682s][info ][gc] GC(2498) Pause Initial Mark 174M->174M(247M) 8.825ms
[2020-01-29T21:58:56.643+0300][164.682s][info ][gc] GC(2498) Concurrent Mark
[2020-01-29T21:58:56.646+0300][164.685s][debug][gc] GC(2498) Concurrent active time: 2.870ms
[2020-01-29T21:58:56.646+0300][164.685s][info ][gc] GC(2498) Concurrent Mark 2.938ms
[2020-01-29T21:58:56.646+0300][164.685s][info ][gc] GC(2498) Concurrent Preclean
[2020-01-29T21:58:56.647+0300][164.686s][debug][gc] GC(2498) Concurrent active time: 0.185ms
[2020-01-29T21:58:56.647+0300][164.686s][info ][gc] GC(2498) Concurrent Preclean 0.218ms
[2020-01-29T21:58:56.647+0300][164.686s][info ][gc] GC(2498) Concurrent Abortable Preclean
[2020-01-29T21:58:56.647+0300][164.686s][debug][gc] GC(2498) Concurrent active time: 0.006ms
[2020-01-29T21:58:56.647+0300][164.686s][info ][gc] GC(2498) Concurrent Abortable Preclean 0.034ms
[2020-01-29T21:58:56.647+0300][164.686s][debug][gc] GC(2498) YG occupancy: 54520 K (78656 K)
[2020-01-29T21:58:56.656+0300][164.697s][info ][gc] GC(2498) Pause Remark 199M->199M(247M) 10.941ms
[2020-01-29T21:58:56.656+0300][164.697s][info ][gc] GC(2498) Concurrent Sweep
[2020-01-29T21:58:56.656+0300][164.700s][info ][gc] GC(2499) Pause Young (Allocation Failure) 199M->199M(247M) 0.042ms
[2020-01-29T21:58:56.725+0300][164.766s][debug][gc] GC(2498) Concurrent active time: 68.618ms
[2020-01-29T21:58:56.725+0300][164.766s][info ][gc] GC(2498) Concurrent Sweep 68.867ms
[2020-01-29T21:58:56.725+0300][164.766s][debug][gc] GC(2500) Concurrent mode failure
[2020-01-29T21:58:56.820+0300][164.859s][info ][gc] GC(2500) Pause Full (Allocation Failure) 199M->70M(247M) 159.206ms
[2020-01-29T21:58:56.893+0300][164.932s][info ][gc] GC(2501) Pause Young (Allocation Failure) 136M->155M(247M) 59.324ms
[2020-01-29T21:58:56.904+0300][164.942s][info ][gc] GC(2502) Pause Initial Mark 174M->174M(247M) 8.826ms
[2020-01-29T21:58:56.904+0300][164.942s][info ][gc] GC(2502) Concurrent Mark
[2020-01-29T21:58:56.905+0300][164.945s][debug][gc] GC(2502) Concurrent active time: 2.681ms
[2020-01-29T21:58:56.905+0300][164.945s][info ][gc] GC(2502) Concurrent Mark 2.732ms
[2020-01-29T21:58:56.905+0300][164.945s][info ][gc] GC(2502) Concurrent Preclean
[2020-01-29T21:58:56.905+0300][164.945s][debug][gc] GC(2502) Concurrent active time: 0.159ms
[2020-01-29T21:58:56.905+0300][164.945s][info ][gc] GC(2502) Concurrent Preclean 0.190ms
[2020-01-29T21:58:56.905+0300][164.945s][info ][gc] GC(2502) Concurrent Abortable Preclean
[2020-01-29T21:58:56.905+0300][164.945s][debug][gc] GC(2502) Concurrent active time: 0.004ms
[2020-01-29T21:58:56.905+0300][164.945s][info ][gc] GC(2502) Concurrent Abortable Preclean 0.030ms
[2020-01-29T21:58:56.905+0300][164.945s][debug][gc] GC(2502) YG occupancy: 53108 K (78656 K)
[2020-01-29T21:58:56.914+0300][164.956s][info ][gc] GC(2502) Pause Remark 198M->198M(247M) 10.886ms
[2020-01-29T21:58:56.914+0300][164.956s][info ][gc] GC(2502) Concurrent Sweep
[2020-01-29T21:58:56.920+0300][164.959s][info ][gc] GC(2503) Pause Young (Allocation Failure) 198M->198M(247M) 0.043ms
[2020-01-29T21:58:56.980+0300][165.023s][debug][gc] GC(2502) Concurrent active time: 66.363ms
[2020-01-29T21:58:56.985+0300][165.023s][info ][gc] GC(2502) Concurrent Sweep 66.613ms
[2020-01-29T21:58:56.985+0300][165.023s][debug][gc] GC(2504) Concurrent mode failure
[2020-01-29T21:58:57.075+0300][165.117s][info ][gc] GC(2504) Pause Full (Allocation Failure) 198M->70M(247M) 157.342ms
[2020-01-29T21:58:57.152+0300][165.190s][info ][gc] GC(2505) Pause Young (Allocation Failure) 136M->155M(247M) 55.020ms
[2020-01-29T21:58:57.161+0300][165.200s][info ][gc] GC(2506) Pause Initial Mark 174M->174M(247M) 8.842ms
[2020-01-29T21:58:57.161+0300][165.200s][info ][gc] GC(2506) Concurrent Mark
[2020-01-29T21:58:57.164+0300][165.202s][debug][gc] GC(2506) Concurrent active time: 2.665ms
[2020-01-29T21:58:57.164+0300][165.203s][info ][gc] GC(2506) Concurrent Mark 2.722ms
[2020-01-29T21:58:57.164+0300][165.203s][info ][gc] GC(2506) Concurrent Preclean
[2020-01-29T21:58:57.164+0300][165.203s][debug][gc] GC(2506) Concurrent active time: 0.156ms
[2020-01-29T21:58:57.164+0300][165.203s][info ][gc] GC(2506) Concurrent Preclean 0.187ms
[2020-01-29T21:58:57.164+0300][165.203s][info ][gc] GC(2506) Concurrent Abortable Preclean
[2020-01-29T21:58:57.164+0300][165.203s][debug][gc] GC(2506) Concurrent active time: 0.004ms
[2020-01-29T21:58:57.164+0300][165.203s][info ][gc] GC(2506) Concurrent Abortable Preclean 0.030ms
[2020-01-29T21:58:57.165+0300][165.203s][debug][gc] GC(2506) YG occupancy: 54489 K (78656 K)
[2020-01-29T21:58:57.175+0300][165.214s][info ][gc] GC(2506) Pause Remark 199M->199M(247M) 10.943ms
[2020-01-29T21:58:57.176+0300][165.214s][info ][gc] GC(2506) Concurrent Sweep
[2020-01-29T21:58:57.179+0300][165.217s][info ][gc] GC(2507) Pause Young (Allocation Failure) 199M->199M(247M) 0.042ms
[2020-01-29T21:58:57.243+0300][165.282s][debug][gc] GC(2506) Concurrent active time: 67.533ms
[2020-01-29T21:58:57.243+0300][165.282s][info ][gc] GC(2506) Concurrent Sweep 67.763ms
[2020-01-29T21:58:57.244+0300][165.282s][debug][gc] GC(2508) Concurrent mode failure
[2020-01-29T21:58:57.337+0300][165.376s][info ][gc] GC(2508) Pause Full (Allocation Failure) 199M->70M(247M) 159.078ms
[2020-01-29T21:58:57.410+0300][165.448s][info ][gc] GC(2509) Pause Young (Allocation Failure) 136M->155M(247M) 53.885ms
[2020-01-29T21:58:57.419+0300][165.458s][info ][gc] GC(2510) Pause Initial Mark 174M->174M(247M) 8.812ms
[2020-01-29T21:58:57.419+0300][165.458s][info ][gc] GC(2510) Concurrent Mark
[2020-01-29T21:58:57.422+0300][165.461s][debug][gc] GC(2510) Concurrent active time: 2.848ms
[2020-01-29T21:58:57.422+0300][165.461s][info ][gc] GC(2510) Concurrent Mark 3.025ms
[2020-01-29T21:58:57.422+0300][165.461s][info ][gc] GC(2510) Concurrent Preclean
[2020-01-29T21:58:57.423+0300][165.461s][debug][gc] GC(2510) Concurrent active time: 0.198ms
[2020-01-29T21:58:57.423+0300][165.461s][info ][gc] GC(2510) Concurrent Preclean 0.229ms
[2020-01-29T21:58:57.423+0300][165.461s][info ][gc] GC(2510) Concurrent Abortable Preclean
[2020-01-29T21:58:57.423+0300][165.461s][debug][gc] GC(2510) Concurrent active time: 0.004ms
[2020-01-29T21:58:57.423+0300][165.461s][info ][gc] GC(2510) Concurrent Abortable Preclean 0.030ms
[2020-01-29T21:58:57.423+0300][165.461s][debug][gc] GC(2510) YG occupancy: 53216 K (78656 K)
[2020-01-29T21:58:57.434+0300][165.472s][info ][gc] GC(2510) Pause Remark 198M->198M(247M) 10.867ms
[2020-01-29T21:58:57.434+0300][165.472s][info ][gc] GC(2510) Concurrent Sweep
[2020-01-29T21:58:57.437+0300][165.475s][info ][gc] GC(2511) Pause Young (Allocation Failure) 199M->199M(247M) 0.040ms
[2020-01-29T21:58:57.503+0300][165.541s][debug][gc] GC(2510) Concurrent active time: 68.484ms
[2020-01-29T21:58:57.503+0300][165.541s][info ][gc] GC(2510) Concurrent Sweep 68.721ms
[2020-01-29T21:58:57.503+0300][165.541s][debug][gc] GC(2512) Concurrent mode failure
[2020-01-29T21:58:57.598+0300][165.636s][info ][gc] GC(2512) Pause Full (Allocation Failure) 199M->70M(247M) 160.612ms
[2020-01-29T21:58:57.672+0300][165.711s][info ][gc] GC(2513) Pause Young (Allocation Failure) 136M->155M(247M) 56.151ms
[2020-01-29T21:58:57.682+0300][165.720s][info ][gc] GC(2514) Pause Initial Mark 174M->174M(247M) 8.821ms
[2020-01-29T21:58:57.682+0300][165.721s][info ][gc] GC(2514) Concurrent Mark
[2020-01-29T21:58:57.685+0300][165.723s][debug][gc] GC(2514) Concurrent active time: 2.932ms
[2020-01-29T21:58:57.685+0300][165.724s][info ][gc] GC(2514) Concurrent Mark 3.002ms
[2020-01-29T21:58:57.685+0300][165.724s][info ][gc] GC(2514) Concurrent Preclean
[2020-01-29T21:58:57.685+0300][165.724s][debug][gc] GC(2514) Concurrent active time: 0.191ms
[2020-01-29T21:58:57.685+0300][165.724s][info ][gc] GC(2514) Concurrent Preclean 0.231ms
[2020-01-29T21:58:57.685+0300][165.724s][info ][gc] GC(2514) Concurrent Abortable Preclean
[2020-01-29T21:58:57.685+0300][165.724s][debug][gc] GC(2514) Concurrent active time: 0.005ms
[2020-01-29T21:58:57.685+0300][165.724s][info ][gc] GC(2514) Concurrent Abortable Preclean 0.033ms
[2020-01-29T21:58:57.685+0300][165.724s][debug][gc] GC(2514) YG occupancy: 53142 K (78656 K)
[2020-01-29T21:58:57.696+0300][165.735s][info ][gc] GC(2514) Pause Remark 198M->198M(247M) 11.111ms
[2020-01-29T21:58:57.696+0300][165.735s][info ][gc] GC(2514) Concurrent Sweep
[2020-01-29T21:58:57.699+0300][165.738s][info ][gc] GC(2515) Pause Young (Allocation Failure) 199M->199M(247M) 0.044ms
[2020-01-29T21:58:57.763+0300][165.802s][debug][gc] GC(2514) Concurrent active time: 66.809ms
[2020-01-29T21:58:57.763+0300][165.802s][info ][gc] GC(2514) Concurrent Sweep 67.067ms
[2020-01-29T21:58:57.763+0300][165.802s][debug][gc] GC(2516) Concurrent mode failure
[2020-01-29T21:58:57.858+0300][165.896s][info ][gc] GC(2516) Pause Full (Allocation Failure) 199M->70M(247M) 158.157ms
[2020-01-29T21:58:57.934+0300][165.972s][info ][gc] GC(2517) Pause Young (Allocation Failure) 136M->155M(247M) 57.111ms
[2020-01-29T21:58:57.943+0300][165.982s][info ][gc] GC(2518) Pause Initial Mark 174M->174M(247M) 8.811ms
[2020-01-29T21:58:57.943+0300][165.982s][info ][gc] GC(2518) Concurrent Mark
[2020-01-29T21:58:57.946+0300][165.984s][debug][gc] GC(2518) Concurrent active time: 2.673ms
[2020-01-29T21:58:57.946+0300][165.984s][info ][gc] GC(2518) Concurrent Mark 2.734ms
[2020-01-29T21:58:57.946+0300][165.984s][info ][gc] GC(2518) Concurrent Preclean
[2020-01-29T21:58:57.946+0300][165.985s][debug][gc] GC(2518) Concurrent active time: 0.158ms
[2020-01-29T21:58:57.946+0300][165.985s][info ][gc] GC(2518) Concurrent Preclean 0.189ms
[2020-01-29T21:58:57.946+0300][165.985s][info ][gc] GC(2518) Concurrent Abortable Preclean
[2020-01-29T21:58:57.946+0300][165.985s][debug][gc] GC(2518) Concurrent active time: 0.004ms
[2020-01-29T21:58:57.946+0300][165.985s][info ][gc] GC(2518) Concurrent Abortable Preclean 0.030ms
[2020-01-29T21:58:57.947+0300][165.985s][debug][gc] GC(2518) YG occupancy: 54490 K (78656 K)
[2020-01-29T21:58:57.957+0300][165.996s][info ][gc] GC(2518) Pause Remark 199M->199M(247M) 10.934ms
[2020-01-29T21:58:57.958+0300][165.996s][info ][gc] GC(2518) Concurrent Sweep
[2020-01-29T21:58:57.961+0300][165.999s][info ][gc] GC(2519) Pause Young (Allocation Failure) 199M->199M(247M) 0.040ms
[2020-01-29T21:58:58.028+0300][166.066s][debug][gc] GC(2518) Concurrent active time: 70.314ms
[2020-01-29T21:58:58.028+0300][166.066s][info ][gc] GC(2518) Concurrent Sweep 70.546ms
[2020-01-29T21:58:58.028+0300][166.066s][debug][gc] GC(2520) Concurrent mode failure
[2020-01-29T21:58:58.121+0300][166.160s][info ][gc] GC(2520) Pause Full (Allocation Failure) 199M->70M(247M) 160.754ms
[2020-01-29T21:58:58.194+0300][166.232s][info ][gc] GC(2521) Pause Young (Allocation Failure) 136M->155M(247M) 54.588ms
[2020-01-29T21:58:58.203+0300][166.242s][info ][gc] GC(2522) Pause Initial Mark 174M->174M(247M) 8.840ms
[2020-01-29T21:58:58.204+0300][166.242s][info ][gc] GC(2522) Concurrent Mark
[2020-01-29T21:58:58.206+0300][166.245s][debug][gc] GC(2522) Concurrent active time: 2.714ms
[2020-01-29T21:58:58.206+0300][166.245s][info ][gc] GC(2522) Concurrent Mark 2.777ms
[2020-01-29T21:58:58.206+0300][166.245s][info ][gc] GC(2522) Concurrent Preclean
[2020-01-29T21:58:58.207+0300][166.245s][debug][gc] GC(2522) Concurrent active time: 0.161ms
[2020-01-29T21:58:58.207+0300][166.245s][info ][gc] GC(2522) Concurrent Preclean 0.194ms
[2020-01-29T21:58:58.207+0300][166.245s][info ][gc] GC(2522) Concurrent Abortable Preclean
[2020-01-29T21:58:58.207+0300][166.245s][debug][gc] GC(2522) Concurrent active time: 0.004ms
[2020-01-29T21:58:58.207+0300][166.245s][info ][gc] GC(2522) Concurrent Abortable Preclean 0.031ms
[2020-01-29T21:58:58.207+0300][166.245s][debug][gc] GC(2522) YG occupancy: 54490 K (78656 K)
[2020-01-29T21:58:58.218+0300][166.256s][info ][gc] GC(2522) Pause Remark 199M->199M(247M) 10.940ms
[2020-01-29T21:58:58.218+0300][166.256s][info ][gc] GC(2522) Concurrent Sweep
[2020-01-29T21:58:58.221+0300][166.259s][info ][gc] GC(2523) Pause Young (Allocation Failure) 199M->199M(247M) 0.039ms
[2020-01-29T21:58:58.285+0300][166.324s][debug][gc] GC(2522) Concurrent active time: 67.983ms
[2020-01-29T21:58:58.286+0300][166.324s][info ][gc] GC(2522) Concurrent Sweep 68.209ms
[2020-01-29T21:58:58.286+0300][166.324s][debug][gc] GC(2524) Concurrent mode failure
[2020-01-29T21:58:58.380+0300][166.419s][info ][gc] GC(2524) Pause Full (Allocation Failure) 199M->70M(247M) 159.609ms
[2020-01-29T21:58:58.454+0300][166.493s][info ][gc] GC(2525) Pause Young (Allocation Failure) 136M->155M(247M) 55.706ms
[2020-01-29T21:58:58.464+0300][166.503s][info ][gc] GC(2526) Pause Initial Mark 174M->174M(247M) 8.852ms
[2020-01-29T21:58:58.464+0300][166.503s][info ][gc] GC(2526) Concurrent Mark
[2020-01-29T21:58:58.467+0300][166.505s][debug][gc] GC(2526) Concurrent active time: 2.700ms
[2020-01-29T21:58:58.467+0300][166.505s][info ][gc] GC(2526) Concurrent Mark 2.759ms
[2020-01-29T21:58:58.467+0300][166.505s][info ][gc] GC(2526) Concurrent Preclean
[2020-01-29T21:58:58.467+0300][166.506s][debug][gc] GC(2526) Concurrent active time: 0.159ms
[2020-01-29T21:58:58.467+0300][166.506s][info ][gc] GC(2526) Concurrent Preclean 0.194ms
[2020-01-29T21:58:58.467+0300][166.506s][info ][gc] GC(2526) Concurrent Abortable Preclean
[2020-01-29T21:58:58.467+0300][166.506s][debug][gc] GC(2526) Concurrent active time: 0.004ms
[2020-01-29T21:58:58.467+0300][166.506s][info ][gc] GC(2526) Concurrent Abortable Preclean 0.030ms
[2020-01-29T21:58:58.467+0300][166.506s][debug][gc] GC(2526) YG occupancy: 54476 K (78656 K)
[2020-01-29T21:58:58.478+0300][166.517s][info ][gc] GC(2526) Pause Remark 199M->199M(247M) 10.921ms
[2020-01-29T21:58:58.478+0300][166.517s][info ][gc] GC(2526) Concurrent Sweep
[2020-01-29T21:58:58.481+0300][166.520s][info ][gc] GC(2527) Pause Young (Allocation Failure) 199M->199M(247M) 0.040ms
[2020-01-29T21:58:58.548+0300][166.586s][debug][gc] GC(2526) Concurrent active time: 68.884ms
[2020-01-29T21:58:58.548+0300][166.586s][info ][gc] GC(2526) Concurrent Sweep 69.110ms
[2020-01-29T21:58:58.548+0300][166.586s][debug][gc] GC(2528) Concurrent mode failure
[2020-01-29T21:58:58.641+0300][166.680s][info ][gc] GC(2528) Pause Full (Allocation Failure) 199M->70M(247M) 159.844ms
[2020-01-29T21:58:58.731+0300][166.770s][info ][gc] GC(2529) Pause Young (Allocation Failure) 136M->155M(247M) 71.647ms
[2020-01-29T21:58:58.741+0300][166.780s][info ][gc] GC(2530) Pause Initial Mark 174M->174M(247M) 8.814ms
[2020-01-29T21:58:58.741+0300][166.780s][info ][gc] GC(2530) Concurrent Mark
[2020-01-29T21:58:58.744+0300][166.782s][debug][gc] GC(2530) Concurrent active time: 2.673ms
[2020-01-29T21:58:58.744+0300][166.782s][info ][gc] GC(2530) Concurrent Mark 2.724ms
[2020-01-29T21:58:58.744+0300][166.782s][info ][gc] GC(2530) Concurrent Preclean
[2020-01-29T21:58:58.744+0300][166.783s][debug][gc] GC(2530) Concurrent active time: 0.155ms
[2020-01-29T21:58:58.744+0300][166.783s][info ][gc] GC(2530) Concurrent Preclean 0.185ms
[2020-01-29T21:58:58.744+0300][166.783s][info ][gc] GC(2530) Concurrent Abortable Preclean
[2020-01-29T21:58:58.744+0300][166.783s][debug][gc] GC(2530) Concurrent active time: 0.002ms
[2020-01-29T21:58:58.744+0300][166.783s][info ][gc] GC(2530) Concurrent Abortable Preclean 0.029ms
[2020-01-29T21:58:58.744+0300][166.783s][debug][gc] GC(2530) YG occupancy: 54480 K (78656 K)
[2020-01-29T21:58:58.755+0300][166.794s][info ][gc] GC(2530) Pause Remark 199M->199M(247M) 10.904ms
[2020-01-29T21:58:58.755+0300][166.794s][info ][gc] GC(2530) Concurrent Sweep
[2020-01-29T21:58:58.758+0300][166.797s][info ][gc] GC(2531) Pause Young (Allocation Failure) 199M->199M(247M) 0.044ms
[2020-01-29T21:58:58.823+0300][166.862s][debug][gc] GC(2530) Concurrent active time: 67.767ms
[2020-01-29T21:58:58.823+0300][166.862s][info ][gc] GC(2530) Concurrent Sweep 68.019ms
[2020-01-29T21:58:58.823+0300][166.862s][debug][gc] GC(2532) Concurrent mode failure
[2020-01-29T21:58:58.918+0300][166.956s][info ][gc] GC(2532) Pause Full (Allocation Failure) 199M->70M(247M) 159.237ms
[2020-01-29T21:58:58.989+0300][167.028s][info ][gc] GC(2533) Pause Young (Allocation Failure) 136M->155M(247M) 53.793ms
[2020-01-29T21:58:58.999+0300][167.038s][info ][gc] GC(2534) Pause Initial Mark 174M->174M(247M) 8.818ms
[2020-01-29T21:58:58.999+0300][167.038s][info ][gc] GC(2534) Concurrent Mark
[2020-01-29T21:58:59.002+0300][167.041s][debug][gc] GC(2534) Concurrent active time: 2.679ms
[2020-01-29T21:58:59.002+0300][167.041s][info ][gc] GC(2534) Concurrent Mark 2.732ms
[2020-01-29T21:58:59.002+0300][167.041s][info ][gc] GC(2534) Concurrent Preclean
[2020-01-29T21:58:59.002+0300][167.041s][debug][gc] GC(2534) Concurrent active time: 0.153ms
[2020-01-29T21:58:59.002+0300][167.041s][info ][gc] GC(2534) Concurrent Preclean 0.184ms
[2020-01-29T21:58:59.002+0300][167.041s][info ][gc] GC(2534) Concurrent Abortable Preclean
[2020-01-29T21:58:59.002+0300][167.041s][debug][gc] GC(2534) Concurrent active time: 0.003ms
[2020-01-29T21:58:59.002+0300][167.041s][info ][gc] GC(2534) Concurrent Abortable Preclean 0.030ms
[2020-01-29T21:58:59.002+0300][167.041s][debug][gc] GC(2534) YG occupancy: 54485 K (78656 K)
[2020-01-29T21:58:59.013+0300][167.052s][info ][gc] GC(2534) Pause Remark 199M->199M(247M) 10.945ms
[2020-01-29T21:58:59.013+0300][167.052s][info ][gc] GC(2534) Concurrent Sweep
[2020-01-29T21:58:59.016+0300][167.055s][info ][gc] GC(2535) Pause Young (Allocation Failure) 199M->199M(247M) 0.041ms
[2020-01-29T21:58:59.085+0300][167.123s][debug][gc] GC(2534) Concurrent active time: 70.798ms
[2020-01-29T21:58:59.085+0300][167.123s][info ][gc] GC(2534) Concurrent Sweep 71.033ms
[2020-01-29T21:58:59.085+0300][167.123s][debug][gc] GC(2536) Concurrent mode failure
[2020-01-29T21:58:59.179+0300][167.218s][info ][gc] GC(2536) Pause Full (Allocation Failure) 199M->70M(247M) 162.527ms
[2020-01-29T21:58:59.253+0300][167.292s][info ][gc] GC(2537) Pause Young (Allocation Failure) 136M->155M(247M) 55.684ms
[2020-01-29T21:58:59.263+0300][167.302s][info ][gc] GC(2538) Pause Initial Mark 174M->174M(247M) 8.916ms
[2020-01-29T21:58:59.263+0300][167.302s][info ][gc] GC(2538) Concurrent Mark
[2020-01-29T21:58:59.267+0300][167.305s][debug][gc] GC(2538) Concurrent active time: 2.698ms
[2020-01-29T21:58:59.267+0300][167.305s][info ][gc] GC(2538) Concurrent Mark 2.757ms
[2020-01-29T21:58:59.267+0300][167.305s][info ][gc] GC(2538) Concurrent Preclean
[2020-01-29T21:58:59.267+0300][167.305s][debug][gc] GC(2538) Concurrent active time: 0.164ms
[2020-01-29T21:58:59.267+0300][167.305s][info ][gc] GC(2538) Concurrent Preclean 0.195ms
[2020-01-29T21:58:59.267+0300][167.305s][info ][gc] GC(2538) Concurrent Abortable Preclean
[2020-01-29T21:58:59.267+0300][167.305s][debug][gc] GC(2538) Concurrent active time: 0.004ms
[2020-01-29T21:58:59.267+0300][167.305s][info ][gc] GC(2538) Concurrent Abortable Preclean 0.031ms
[2020-01-29T21:58:59.267+0300][167.305s][debug][gc] GC(2538) YG occupancy: 54488 K (78656 K)
[2020-01-29T21:58:59.278+0300][167.316s][info ][gc] GC(2538) Pause Remark 199M->199M(247M) 10.921ms
[2020-01-29T21:58:59.278+0300][167.316s][info ][gc] GC(2538) Concurrent Sweep
[2020-01-29T21:58:59.281+0300][167.319s][info ][gc] GC(2539) Pause Young (Allocation Failure) 199M->199M(247M) 0.039ms
[2020-01-29T21:58:59.346+0300][167.384s][debug][gc] GC(2538) Concurrent active time: 67.280ms
[2020-01-29T21:58:59.346+0300][167.384s][info ][gc] GC(2538) Concurrent Sweep 67.503ms
[2020-01-29T21:58:59.346+0300][167.384s][debug][gc] GC(2540) Concurrent mode failure
[2020-01-29T21:58:59.439+0300][167.478s][info ][gc] GC(2540) Pause Full (Allocation Failure) 199M->70M(247M) 158.538ms
[2020-01-29T21:58:59.517+0300][167.555s][info ][gc] GC(2541) Pause Young (Allocation Failure) 137M->155M(247M) 59.078ms
[2020-01-29T21:58:59.527+0300][167.565s][info ][gc] GC(2542) Pause Initial Mark 174M->174M(247M) 8.827ms
[2020-01-29T21:58:59.527+0300][167.565s][info ][gc] GC(2542) Concurrent Mark
[2020-01-29T21:58:59.529+0300][167.568s][debug][gc] GC(2542) Concurrent active time: 2.658ms
[2020-01-29T21:58:59.529+0300][167.568s][info ][gc] GC(2542) Concurrent Mark 2.713ms
[2020-01-29T21:58:59.529+0300][167.568s][info ][gc] GC(2542) Concurrent Preclean
[2020-01-29T21:58:59.530+0300][167.568s][debug][gc] GC(2542) Concurrent active time: 0.157ms
[2020-01-29T21:58:59.530+0300][167.568s][info ][gc] GC(2542) Concurrent Preclean 0.188ms
[2020-01-29T21:58:59.530+0300][167.568s][info ][gc] GC(2542) Concurrent Abortable Preclean
[2020-01-29T21:58:59.530+0300][167.568s][debug][gc] GC(2542) Concurrent active time: 0.004ms
[2020-01-29T21:58:59.530+0300][167.568s][info ][gc] GC(2542) Concurrent Abortable Preclean 0.030ms
[2020-01-29T21:58:59.530+0300][167.568s][debug][gc] GC(2542) YG occupancy: 54472 K (78656 K)
[2020-01-29T21:58:59.541+0300][167.579s][info ][gc] GC(2542) Pause Remark 199M->199M(247M) 10.946ms
[2020-01-29T21:58:59.541+0300][167.579s][info ][gc] GC(2542) Concurrent Sweep
[2020-01-29T21:58:59.544+0300][167.582s][info ][gc] GC(2543) Pause Young (Allocation Failure) 199M->199M(247M) 0.040ms
[2020-01-29T21:58:59.609+0300][167.647s][debug][gc] GC(2542) Concurrent active time: 67.487ms
[2020-01-29T21:58:59.609+0300][167.647s][info ][gc] GC(2542) Concurrent Sweep 67.776ms
[2020-01-29T21:58:59.609+0300][167.647s][debug][gc] GC(2544) Concurrent mode failure
[2020-01-29T21:58:59.703+0300][167.741s][info ][gc] GC(2544) Pause Full (Allocation Failure) 199M->70M(247M) 158.972ms
[2020-01-29T21:58:59.777+0300][167.815s][info ][gc] GC(2545) Pause Young (Allocation Failure) 136M->155M(247M) 55.754ms
[2020-01-29T21:58:59.787+0300][167.825s][info ][gc] GC(2546) Pause Initial Mark 174M->174M(247M) 8.824ms
[2020-01-29T21:58:59.787+0300][167.825s][info ][gc] GC(2546) Concurrent Mark
[2020-01-29T21:58:59.789+0300][167.828s][debug][gc] GC(2546) Concurrent active time: 2.670ms
[2020-01-29T21:58:59.789+0300][167.828s][info ][gc] GC(2546) Concurrent Mark 2.723ms
[2020-01-29T21:58:59.789+0300][167.828s][info ][gc] GC(2546) Concurrent Preclean
[2020-01-29T21:58:59.790+0300][167.828s][debug][gc] GC(2546) Concurrent active time: 0.159ms
[2020-01-29T21:58:59.790+0300][167.828s][info ][gc] GC(2546) Concurrent Preclean 0.189ms
[2020-01-29T21:58:59.790+0300][167.828s][info ][gc] GC(2546) Concurrent Abortable Preclean
[2020-01-29T21:58:59.790+0300][167.828s][debug][gc] GC(2546) Concurrent active time: 0.004ms
[2020-01-29T21:58:59.790+0300][167.828s][info ][gc] GC(2546) Concurrent Abortable Preclean 0.030ms
[2020-01-29T21:58:59.790+0300][167.828s][debug][gc] GC(2546) YG occupancy: 54478 K (78656 K)
[2020-01-29T21:58:59.801+0300][167.839s][info ][gc] GC(2546) Pause Remark 199M->199M(247M) 11.145ms
[2020-01-29T21:58:59.801+0300][167.839s][info ][gc] GC(2546) Concurrent Sweep
[2020-01-29T21:58:59.804+0300][167.842s][info ][gc] GC(2547) Pause Young (Allocation Failure) 199M->199M(247M) 0.042ms
[2020-01-29T21:58:59.868+0300][167.907s][debug][gc] GC(2546) Concurrent active time: 67.482ms
[2020-01-29T21:58:59.868+0300][167.907s][info ][gc] GC(2546) Concurrent Sweep 67.729ms
[2020-01-29T21:58:59.868+0300][167.907s][debug][gc] GC(2548) Concurrent mode failure
[2020-01-29T21:58:59.963+0300][168.001s][info ][gc] GC(2548) Pause Full (Allocation Failure) 199M->70M(247M) 158.901ms
[2020-01-29T21:59:00.037+0300][168.075s][info ][gc] GC(2549) Pause Young (Allocation Failure) 136M->155M(247M) 55.973ms
[2020-01-29T21:59:00.047+0300][168.085s][info ][gc] GC(2550) Pause Initial Mark 174M->174M(247M) 8.856ms
[2020-01-29T21:59:00.047+0300][168.085s][info ][gc] GC(2550) Concurrent Mark
[2020-01-29T21:59:00.049+0300][168.088s][debug][gc] GC(2550) Concurrent active time: 2.738ms
[2020-01-29T21:59:00.049+0300][168.088s][info ][gc] GC(2550) Concurrent Mark 2.796ms
[2020-01-29T21:59:00.049+0300][168.088s][info ][gc] GC(2550) Concurrent Preclean
[2020-01-29T21:59:00.050+0300][168.088s][debug][gc] GC(2550) Concurrent active time: 0.159ms
[2020-01-29T21:59:00.050+0300][168.088s][info ][gc] GC(2550) Concurrent Preclean 0.189ms
[2020-01-29T21:59:00.050+0300][168.088s][info ][gc] GC(2550) Concurrent Abortable Preclean
[2020-01-29T21:59:00.050+0300][168.088s][debug][gc] GC(2550) Concurrent active time: 0.004ms
[2020-01-29T21:59:00.050+0300][168.088s][info ][gc] GC(2550) Concurrent Abortable Preclean 0.031ms
[2020-01-29T21:59:00.050+0300][168.088s][debug][gc] GC(2550) YG occupancy: 54484 K (78656 K)
[2020-01-29T21:59:00.061+0300][168.099s][info ][gc] GC(2550) Pause Remark 199M->199M(247M) 10.929ms
[2020-01-29T21:59:00.061+0300][168.099s][info ][gc] GC(2550) Concurrent Sweep
[2020-01-29T21:59:00.064+0300][168.102s][info ][gc] GC(2551) Pause Young (Allocation Failure) 199M->199M(247M) 0.041ms
[2020-01-29T21:59:00.129+0300][168.168s][debug][gc] GC(2550) Concurrent active time: 68.493ms
[2020-01-29T21:59:00.129+0300][168.168s][info ][gc] GC(2550) Concurrent Sweep 68.724ms
[2020-01-29T21:59:00.129+0300][168.168s][debug][gc] GC(2552) Concurrent mode failure
[2020-01-29T21:59:00.223+0300][168.262s][info ][gc] GC(2552) Pause Full (Allocation Failure) 199M->70M(247M) 159.312ms
[2020-01-29T21:59:00.296+0300][168.334s][info ][gc] GC(2553) Pause Young (Allocation Failure) 136M->155M(247M) 54.145ms
[2020-01-29T21:59:00.306+0300][168.344s][info ][gc] GC(2554) Pause Initial Mark 174M->174M(247M) 8.866ms
[2020-01-29T21:59:00.306+0300][168.344s][info ][gc] GC(2554) Concurrent Mark
[2020-01-29T21:59:00.308+0300][168.347s][debug][gc] GC(2554) Concurrent active time: 2.669ms
[2020-01-29T21:59:00.309+0300][168.347s][info ][gc] GC(2554) Concurrent Mark 2.725ms
[2020-01-29T21:59:00.309+0300][168.347s][info ][gc] GC(2554) Concurrent Preclean
[2020-01-29T21:59:00.309+0300][168.347s][debug][gc] GC(2554) Concurrent active time: 0.157ms
[2020-01-29T21:59:00.309+0300][168.347s][info ][gc] GC(2554) Concurrent Preclean 0.188ms
[2020-01-29T21:59:00.309+0300][168.347s][info ][gc] GC(2554) Concurrent Abortable Preclean
[2020-01-29T21:59:00.309+0300][168.347s][debug][gc] GC(2554) Concurrent active time: 0.004ms
[2020-01-29T21:59:00.309+0300][168.347s][info ][gc] GC(2554) Concurrent Abortable Preclean 0.031ms
[2020-01-29T21:59:00.309+0300][168.347s][debug][gc] GC(2554) YG occupancy: 54487 K (78656 K)
[2020-01-29T21:59:00.320+0300][168.358s][info ][gc] GC(2554) Pause Remark 199M->199M(247M) 11.059ms
[2020-01-29T21:59:00.320+0300][168.358s][info ][gc] GC(2554) Concurrent Sweep
[2020-01-29T21:59:00.323+0300][168.361s][info ][gc] GC(2555) Pause Young (Allocation Failure) 199M->199M(247M) 0.040ms
[2020-01-29T21:59:00.388+0300][168.426s][debug][gc] GC(2554) Concurrent active time: 67.442ms
[2020-01-29T21:59:00.388+0300][168.426s][info ][gc] GC(2554) Concurrent Sweep 67.668ms
[2020-01-29T21:59:00.388+0300][168.426s][debug][gc] GC(2556) Concurrent mode failure
[2020-01-29T21:59:00.482+0300][168.520s][info ][gc] GC(2556) Pause Full (Allocation Failure) 199M->70M(247M) 158.854ms
[2020-01-29T21:59:00.554+0300][168.593s][info ][gc] GC(2557) Pause Young (Allocation Failure) 136M->155M(247M) 54.581ms
[2020-01-29T21:59:00.564+0300][168.603s][info ][gc] GC(2558) Pause Initial Mark 174M->174M(247M) 8.822ms
[2020-01-29T21:59:00.564+0300][168.603s][info ][gc] GC(2558) Concurrent Mark
[2020-01-29T21:59:00.567+0300][168.606s][debug][gc] GC(2558) Concurrent active time: 2.713ms
[2020-01-29T21:59:00.567+0300][168.606s][info ][gc] GC(2558) Concurrent Mark 2.772ms
[2020-01-29T21:59:00.567+0300][168.606s][info ][gc] GC(2558) Concurrent Preclean
[2020-01-29T21:59:00.567+0300][168.606s][debug][gc] GC(2558) Concurrent active time: 0.158ms
[2020-01-29T21:59:00.567+0300][168.606s][info ][gc] GC(2558) Concurrent Preclean 0.190ms
[2020-01-29T21:59:00.567+0300][168.606s][info ][gc] GC(2558) Concurrent Abortable Preclean
[2020-01-29T21:59:00.567+0300][168.606s][debug][gc] GC(2558) Concurrent active time: 0.004ms
[2020-01-29T21:59:00.567+0300][168.606s][info ][gc] GC(2558) Concurrent Abortable Preclean 0.031ms
[2020-01-29T21:59:00.567+0300][168.606s][debug][gc] GC(2558) YG occupancy: 54474 K (78656 K)
[2020-01-29T21:59:00.578+0300][168.617s][info ][gc] GC(2558) Pause Remark 199M->199M(247M) 10.958ms
[2020-01-29T21:59:00.578+0300][168.617s][info ][gc] GC(2558) Concurrent Sweep
[2020-01-29T21:59:00.581+0300][168.620s][info ][gc] GC(2559) Pause Young (Allocation Failure) 199M->199M(247M) 0.040ms
[2020-01-29T21:59:00.647+0300][168.685s][debug][gc] GC(2558) Concurrent active time: 68.124ms
[2020-01-29T21:59:00.647+0300][168.685s][info ][gc] GC(2558) Concurrent Sweep 68.348ms
[2020-01-29T21:59:00.647+0300][168.685s][debug][gc] GC(2560) Concurrent mode failure
[2020-01-29T21:59:00.741+0300][168.779s][info ][gc] GC(2560) Pause Full (Allocation Failure) 199M->70M(247M) 159.074ms
[2020-01-29T21:59:00.817+0300][168.855s][info ][gc] GC(2561) Pause Young (Allocation Failure) 136M->155M(247M) 56.793ms
[2020-01-29T21:59:00.826+0300][168.864s][info ][gc] GC(2562) Pause Initial Mark 174M->174M(247M) 8.820ms
[2020-01-29T21:59:00.826+0300][168.864s][info ][gc] GC(2562) Concurrent Mark
[2020-01-29T21:59:00.829+0300][168.867s][debug][gc] GC(2562) Concurrent active time: 2.688ms
[2020-01-29T21:59:00.829+0300][168.867s][info ][gc] GC(2562) Concurrent Mark 2.743ms
[2020-01-29T21:59:00.829+0300][168.867s][info ][gc] GC(2562) Concurrent Preclean
[2020-01-29T21:59:00.829+0300][168.867s][debug][gc] GC(2562) Concurrent active time: 0.155ms
[2020-01-29T21:59:00.829+0300][168.867s][info ][gc] GC(2562) Concurrent Preclean 0.192ms
[2020-01-29T21:59:00.829+0300][168.867s][info ][gc] GC(2562) Concurrent Abortable Preclean
[2020-01-29T21:59:00.829+0300][168.867s][debug][gc] GC(2562) Concurrent active time: 0.004ms
[2020-01-29T21:59:00.829+0300][168.867s][info ][gc] GC(2562) Concurrent Abortable Preclean 0.031ms
[2020-01-29T21:59:00.829+0300][168.867s][debug][gc] GC(2562) YG occupancy: 54478 K (78656 K)
[2020-01-29T21:59:00.840+0300][168.878s][info ][gc] GC(2562) Pause Remark 199M->199M(247M) 10.927ms
[2020-01-29T21:59:00.840+0300][168.878s][info ][gc] GC(2562) Concurrent Sweep
[2020-01-29T21:59:00.843+0300][168.881s][info ][gc] GC(2563) Pause Young (Allocation Failure) 199M->199M(247M) 0.040ms
[2020-01-29T21:59:00.907+0300][168.946s][debug][gc] GC(2562) Concurrent active time: 67.084ms
[2020-01-29T21:59:00.907+0300][168.946s][info ][gc] GC(2562) Concurrent Sweep 67.306ms
[2020-01-29T21:59:00.907+0300][168.946s][debug][gc] GC(2564) Concurrent mode failure
[2020-01-29T21:59:01.001+0300][169.040s][info ][gc] GC(2564) Pause Full (Allocation Failure) 199M->70M(247M) 158.350ms
[2020-01-29T21:59:01.074+0300][169.112s][info ][gc] GC(2565) Pause Young (Allocation Failure) 136M->155M(247M) 54.300ms
[2020-01-29T21:59:01.084+0300][169.122s][info ][gc] GC(2566) Pause Initial Mark 174M->174M(247M) 8.833ms
[2020-01-29T21:59:01.084+0300][169.122s][info ][gc] GC(2566) Concurrent Mark
[2020-01-29T21:59:01.086+0300][169.125s][debug][gc] GC(2566) Concurrent active time: 2.681ms
[2020-01-29T21:59:01.086+0300][169.125s][info ][gc] GC(2566) Concurrent Mark 2.739ms
[2020-01-29T21:59:01.086+0300][169.125s][info ][gc] GC(2566) Concurrent Preclean
[2020-01-29T21:59:01.087+0300][169.125s][debug][gc] GC(2566) Concurrent active time: 0.164ms
[2020-01-29T21:59:01.087+0300][169.125s][info ][gc] GC(2566) Concurrent Preclean 0.196ms
[2020-01-29T21:59:01.087+0300][169.125s][info ][gc] GC(2566) Concurrent Abortable Preclean
[2020-01-29T21:59:01.087+0300][169.125s][debug][gc] GC(2566) Concurrent active time: 0.004ms
[2020-01-29T21:59:01.087+0300][169.125s][info ][gc] GC(2566) Concurrent Abortable Preclean 0.031ms
[2020-01-29T21:59:01.087+0300][169.125s][debug][gc] GC(2566) YG occupancy: 54484 K (78656 K)
[2020-01-29T21:59:01.098+0300][169.136s][info ][gc] GC(2566) Pause Remark 199M->199M(247M) 10.963ms
[2020-01-29T21:59:01.098+0300][169.136s][info ][gc] GC(2566) Concurrent Sweep
[2020-01-29T21:59:01.101+0300][169.139s][info ][gc] GC(2567) Pause Young (Allocation Failure) 199M->199M(247M) 0.040ms
[2020-01-29T21:59:01.167+0300][169.205s][debug][gc] GC(2566) Concurrent active time: 68.312ms
[2020-01-29T21:59:01.167+0300][169.205s][info ][gc] GC(2566) Concurrent Sweep 68.536ms
[2020-01-29T21:59:01.167+0300][169.205s][debug][gc] GC(2568) Concurrent mode failure
[2020-01-29T21:59:01.259+0300][169.298s][info ][gc] GC(2568) Pause Full (Allocation Failure) 199M->70M(247M) 159.224ms
[2020-01-29T21:59:01.332+0300][169.371s][info ][gc] GC(2569) Pause Young (Allocation Failure) 136M->155M(247M) 54.614ms
[2020-01-29T21:59:01.342+0300][169.381s][info ][gc] GC(2570) Pause Initial Mark 174M->174M(247M) 8.884ms
[2020-01-29T21:59:01.342+0300][169.381s][info ][gc] GC(2570) Concurrent Mark
[2020-01-29T21:59:01.345+0300][169.384s][debug][gc] GC(2570) Concurrent active time: 2.703ms
[2020-01-29T21:59:01.345+0300][169.384s][info ][gc] GC(2570) Concurrent Mark 2.759ms
[2020-01-29T21:59:01.345+0300][169.384s][info ][gc] GC(2570) Concurrent Preclean
[2020-01-29T21:59:01.345+0300][169.384s][debug][gc] GC(2570) Concurrent active time: 0.158ms
[2020-01-29T21:59:01.345+0300][169.384s][info ][gc] GC(2570) Concurrent Preclean 0.189ms
[2020-01-29T21:59:01.345+0300][169.384s][info ][gc] GC(2570) Concurrent Abortable Preclean
[2020-01-29T21:59:01.345+0300][169.384s][debug][gc] GC(2570) Concurrent active time: 0.003ms
[2020-01-29T21:59:01.345+0300][169.384s][info ][gc] GC(2570) Concurrent Abortable Preclean 0.030ms
[2020-01-29T21:59:01.345+0300][169.384s][debug][gc] GC(2570) YG occupancy: 54487 K (78656 K)
[2020-01-29T21:59:01.356+0300][169.395s][info ][gc] GC(2570) Pause Remark 199M->199M(247M) 11.041ms
[2020-01-29T21:59:01.356+0300][169.395s][info ][gc] GC(2570) Concurrent Sweep
[2020-01-29T21:59:01.359+0300][169.398s][info ][gc] GC(2571) Pause Young (Allocation Failure) 199M->199M(247M) 0.040ms
[2020-01-29T21:59:01.423+0300][169.462s][debug][gc] GC(2570) Concurrent active time: 66.631ms
[2020-01-29T21:59:01.423+0300][169.462s][info ][gc] GC(2570) Concurrent Sweep 66.860ms
[2020-01-29T21:59:01.423+0300][169.462s][debug][gc] GC(2572) Concurrent mode failure
[2020-01-29T21:59:01.517+0300][169.556s][info ][gc] GC(2572) Pause Full (Allocation Failure) 199M->70M(247M) 158.072ms
[2020-01-29T21:59:01.591+0300][169.629s][info ][gc] GC(2573) Pause Young (Allocation Failure) 136M->155M(247M) 53.344ms
[2020-01-29T21:59:01.600+0300][169.638s][info ][gc] GC(2574) Pause Initial Mark 174M->174M(247M) 8.816ms
[2020-01-29T21:59:01.600+0300][169.638s][info ][gc] GC(2574) Concurrent Mark
[2020-01-29T21:59:01.603+0300][169.641s][debug][gc] GC(2574) Concurrent active time: 2.664ms
[2020-01-29T21:59:01.603+0300][169.641s][info ][gc] GC(2574) Concurrent Mark 2.718ms
[2020-01-29T21:59:01.603+0300][169.641s][info ][gc] GC(2574) Concurrent Preclean
[2020-01-29T21:59:01.603+0300][169.641s][debug][gc] GC(2574) Concurrent active time: 0.155ms
[2020-01-29T21:59:01.603+0300][169.641s][info ][gc] GC(2574) Concurrent Preclean 0.186ms
[2020-01-29T21:59:01.603+0300][169.641s][info ][gc] GC(2574) Concurrent Abortable Preclean
[2020-01-29T21:59:01.603+0300][169.641s][debug][gc] GC(2574) Concurrent active time: 0.003ms
[2020-01-29T21:59:01.603+0300][169.641s][info ][gc] GC(2574) Concurrent Abortable Preclean 0.030ms
[2020-01-29T21:59:01.603+0300][169.641s][debug][gc] GC(2574) YG occupancy: 54474 K (78656 K)
[2020-01-29T21:59:01.614+0300][169.653s][info ][gc] GC(2574) Pause Remark 199M->199M(247M) 11.564ms
[2020-01-29T21:59:01.614+0300][169.653s][info ][gc] GC(2574) Concurrent Sweep
[2020-01-29T21:59:01.617+0300][169.656s][info ][gc] GC(2575) Pause Young (Allocation Failure) 199M->199M(247M) 0.040ms
[2020-01-29T21:59:01.680+0300][169.719s][debug][gc] GC(2574) Concurrent active time: 66.219ms
[2020-01-29T21:59:01.681+0300][169.719s][info ][gc] GC(2574) Concurrent Sweep 66.452ms
[2020-01-29T21:59:01.681+0300][169.719s][debug][gc] GC(2576) Concurrent mode failure
[2020-01-29T21:59:01.774+0300][169.813s][info ][gc] GC(2576) Pause Full (Allocation Failure) 199M->70M(247M) 157.137ms
[2020-01-29T21:59:01.849+0300][169.887s][info ][gc] GC(2577) Pause Young (Allocation Failure) 136M->155M(247M) 55.194ms
[2020-01-29T21:59:01.859+0300][169.897s][info ][gc] GC(2578) Pause Initial Mark 174M->174M(247M) 8.812ms
[2020-01-29T21:59:01.859+0300][169.897s][info ][gc] GC(2578) Concurrent Mark
[2020-01-29T21:59:01.861+0300][169.900s][debug][gc] GC(2578) Concurrent active time: 2.648ms
[2020-01-29T21:59:01.861+0300][169.900s][info ][gc] GC(2578) Concurrent Mark 2.704ms
[2020-01-29T21:59:01.861+0300][169.900s][info ][gc] GC(2578) Concurrent Preclean
[2020-01-29T21:59:01.861+0300][169.900s][debug][gc] GC(2578) Concurrent active time: 0.154ms
[2020-01-29T21:59:01.861+0300][169.900s][info ][gc] GC(2578) Concurrent Preclean 0.186ms
[2020-01-29T21:59:01.862+0300][169.900s][info ][gc] GC(2578) Concurrent Abortable Preclean
[2020-01-29T21:59:01.862+0300][169.900s][debug][gc] GC(2578) Concurrent active time: 0.004ms
[2020-01-29T21:59:01.862+0300][169.900s][info ][gc] GC(2578) Concurrent Abortable Preclean 0.030ms
[2020-01-29T21:59:01.862+0300][169.900s][debug][gc] GC(2578) YG occupancy: 54480 K (78656 K)
[2020-01-29T21:59:01.873+0300][169.911s][info ][gc] GC(2578) Pause Remark 199M->199M(247M) 11.060ms
[2020-01-29T21:59:01.873+0300][169.911s][info ][gc] GC(2578) Concurrent Sweep
[2020-01-29T21:59:01.876+0300][169.914s][info ][gc] GC(2579) Pause Young (Allocation Failure) 199M->199M(247M) 0.040ms
[2020-01-29T21:59:01.941+0300][169.979s][debug][gc] GC(2578) Concurrent active time: 67.615ms
[2020-01-29T21:59:01.941+0300][169.979s][info ][gc] GC(2578) Concurrent Sweep 67.844ms
[2020-01-29T21:59:01.941+0300][169.979s][debug][gc] GC(2580) Concurrent mode failure
[2020-01-29T21:59:02.034+0300][170.073s][info ][gc] GC(2580) Pause Full (Allocation Failure) 199M->70M(247M) 158.467ms
[2020-01-29T21:59:02.107+0300][170.146s][info ][gc] GC(2581) Pause Young (Allocation Failure) 136M->155M(247M) 54.187ms
[2020-01-29T21:59:02.115+0300][170.155s][info ][gc] GC(2582) Pause Initial Mark 174M->174M(247M) 8.804ms
[2020-01-29T21:59:02.115+0300][170.155s][info ][gc] GC(2582) Concurrent Mark
[2020-01-29T21:59:02.120+0300][170.158s][debug][gc] GC(2582) Concurrent active time: 2.683ms
[2020-01-29T21:59:02.120+0300][170.158s][info ][gc] GC(2582) Concurrent Mark 2.735ms
[2020-01-29T21:59:02.120+0300][170.158s][info ][gc] GC(2582) Concurrent Preclean
[2020-01-29T21:59:02.120+0300][170.158s][debug][gc] GC(2582) Concurrent active time: 0.155ms
[2020-01-29T21:59:02.120+0300][170.158s][info ][gc] GC(2582) Concurrent Preclean 0.185ms
[2020-01-29T21:59:02.120+0300][170.158s][info ][gc] GC(2582) Concurrent Abortable Preclean
[2020-01-29T21:59:02.120+0300][170.158s][debug][gc] GC(2582) Concurrent active time: 0.004ms
[2020-01-29T21:59:02.120+0300][170.158s][info ][gc] GC(2582) Concurrent Abortable Preclean 0.030ms
[2020-01-29T21:59:02.120+0300][170.158s][debug][gc] GC(2582) YG occupancy: 54486 K (78656 K)
[2020-01-29T21:59:02.129+0300][170.169s][info ][gc] GC(2582) Pause Remark 199M->199M(247M) 10.933ms
[2020-01-29T21:59:02.129+0300][170.169s][info ][gc] GC(2582) Concurrent Sweep
[2020-01-29T21:59:02.134+0300][170.172s][info ][gc] GC(2583) Pause Young (Allocation Failure) 199M->199M(247M) 0.040ms
[2020-01-29T21:59:02.194+0300][170.237s][debug][gc] GC(2582) Concurrent active time: 67.244ms
[2020-01-29T21:59:02.194+0300][170.237s][info ][gc] GC(2582) Concurrent Sweep 67.472ms
[2020-01-29T21:59:02.194+0300][170.237s][debug][gc] GC(2584) Concurrent mode failure
[2020-01-29T21:59:02.289+0300][170.330s][info ][gc] GC(2584) Pause Full (Allocation Failure) 199M->70M(247M) 157.959ms
[2020-01-29T21:59:02.370+0300][170.412s][info ][gc] GC(2585) Pause Young (Allocation Failure) 136M->155M(247M) 54.362ms
[2020-01-29T21:59:02.383+0300][170.422s][info ][gc] GC(2586) Pause Initial Mark 174M->174M(247M) 8.842ms
[2020-01-29T21:59:02.383+0300][170.422s][info ][gc] GC(2586) Concurrent Mark
[2020-01-29T21:59:02.386+0300][170.425s][debug][gc] GC(2586) Concurrent active time: 2.783ms
[2020-01-29T21:59:02.386+0300][170.425s][info ][gc] GC(2586) Concurrent Mark 2.839ms
[2020-01-29T21:59:02.386+0300][170.425s][info ][gc] GC(2586) Concurrent Preclean
[2020-01-29T21:59:02.386+0300][170.425s][debug][gc] GC(2586) Concurrent active time: 0.163ms
[2020-01-29T21:59:02.386+0300][170.425s][info ][gc] GC(2586) Concurrent Preclean 0.194ms
[2020-01-29T21:59:02.386+0300][170.425s][info ][gc] GC(2586) Concurrent Abortable Preclean
[2020-01-29T21:59:02.386+0300][170.425s][debug][gc] GC(2586) Concurrent active time: 0.005ms
[2020-01-29T21:59:02.386+0300][170.425s][info ][gc] GC(2586) Concurrent Abortable Preclean 0.031ms
[2020-01-29T21:59:02.386+0300][170.425s][debug][gc] GC(2586) YG occupancy: 53108 K (78656 K)
[2020-01-29T21:59:02.397+0300][170.436s][info ][gc] GC(2586) Pause Remark 198M->198M(247M) 10.951ms
[2020-01-29T21:59:02.397+0300][170.436s][info ][gc] GC(2586) Concurrent Sweep
[2020-01-29T21:59:02.400+0300][170.439s][info ][gc] GC(2587) Pause Young (Allocation Failure) 200M->200M(247M) 0.042ms
[2020-01-29T21:59:02.464+0300][170.506s][debug][gc] GC(2586) Concurrent active time: 69.891ms
[2020-01-29T21:59:02.464+0300][170.506s][info ][gc] GC(2586) Concurrent Sweep 70.215ms
[2020-01-29T21:59:02.464+0300][170.506s][debug][gc] GC(2588) Concurrent mode failure
[2020-01-29T21:59:02.560+0300][170.600s][info ][gc] GC(2588) Pause Full (Allocation Failure) 200M->70M(247M) 160.473ms
[2020-01-29T21:59:02.629+0300][170.671s][info ][gc] GC(2589) Pause Young (Allocation Failure) 136M->155M(247M) 53.802ms
[2020-01-29T21:59:02.642+0300][170.681s][info ][gc] GC(2590) Pause Initial Mark 174M->174M(247M) 8.812ms
[2020-01-29T21:59:02.642+0300][170.681s][info ][gc] GC(2590) Concurrent Mark
[2020-01-29T21:59:02.645+0300][170.683s][debug][gc] GC(2590) Concurrent active time: 2.670ms
[2020-01-29T21:59:02.645+0300][170.683s][info ][gc] GC(2590) Concurrent Mark 2.728ms
[2020-01-29T21:59:02.645+0300][170.683s][info ][gc] GC(2590) Concurrent Preclean
[2020-01-29T21:59:02.645+0300][170.684s][debug][gc] GC(2590) Concurrent active time: 0.158ms
[2020-01-29T21:59:02.645+0300][170.684s][info ][gc] GC(2590) Concurrent Preclean 0.188ms
[2020-01-29T21:59:02.645+0300][170.684s][info ][gc] GC(2590) Concurrent Abortable Preclean
[2020-01-29T21:59:02.645+0300][170.684s][debug][gc] GC(2590) Concurrent active time: 0.003ms
[2020-01-29T21:59:02.645+0300][170.684s][info ][gc] GC(2590) Concurrent Abortable Preclean 0.030ms
[2020-01-29T21:59:02.645+0300][170.684s][debug][gc] GC(2590) YG occupancy: 54489 K (78656 K)
[2020-01-29T21:59:02.654+0300][170.695s][info ][gc] GC(2590) Pause Remark 199M->199M(247M) 10.937ms
[2020-01-29T21:59:02.654+0300][170.695s][info ][gc] GC(2590) Concurrent Sweep
[2020-01-29T21:59:02.659+0300][170.698s][info ][gc] GC(2591) Pause Young (Allocation Failure) 199M->199M(247M) 0.044ms
[2020-01-29T21:59:02.725+0300][170.764s][debug][gc] GC(2590) Concurrent active time: 69.423ms
[2020-01-29T21:59:02.725+0300][170.764s][info ][gc] GC(2590) Concurrent Sweep 69.684ms
[2020-01-29T21:59:02.725+0300][170.764s][debug][gc] GC(2592) Concurrent mode failure
[2020-01-29T21:59:02.819+0300][170.858s][info ][gc] GC(2592) Pause Full (Allocation Failure) 199M->70M(247M) 160.005ms
[2020-01-29T21:59:02.904+0300][170.942s][info ][gc] GC(2593) Pause Young (Allocation Failure) 136M->155M(247M) 55.092ms
[2020-01-29T21:59:02.909+0300][170.952s][info ][gc] GC(2594) Pause Initial Mark 174M->174M(247M) 8.801ms
[2020-01-29T21:59:02.909+0300][170.952s][info ][gc] GC(2594) Concurrent Mark
[2020-01-29T21:59:02.914+0300][170.955s][debug][gc] GC(2594) Concurrent active time: 2.673ms
[2020-01-29T21:59:02.914+0300][170.955s][info ][gc] GC(2594) Concurrent Mark 2.729ms
[2020-01-29T21:59:02.914+0300][170.955s][info ][gc] GC(2594) Concurrent Preclean
[2020-01-29T21:59:02.914+0300][170.955s][debug][gc] GC(2594) Concurrent active time: 0.156ms
[2020-01-29T21:59:02.914+0300][170.955s][info ][gc] GC(2594) Concurrent Preclean 0.187ms
[2020-01-29T21:59:02.914+0300][170.955s][info ][gc] GC(2594) Concurrent Abortable Preclean
[2020-01-29T21:59:02.914+0300][170.955s][debug][gc] GC(2594) Concurrent active time: 0.004ms
[2020-01-29T21:59:02.914+0300][170.955s][info ][gc] GC(2594) Concurrent Abortable Preclean 0.030ms
[2020-01-29T21:59:02.914+0300][170.955s][debug][gc] GC(2594) YG occupancy: 54490 K (78656 K)
[2020-01-29T21:59:02.924+0300][170.966s][info ][gc] GC(2594) Pause Remark 199M->199M(247M) 11.029ms
[2020-01-29T21:59:02.924+0300][170.966s][info ][gc] GC(2594) Concurrent Sweep
[2020-01-29T21:59:02.929+0300][170.969s][info ][gc] GC(2595) Pause Young (Allocation Failure) 199M->199M(247M) 0.041ms
[2020-01-29T21:59:02.994+0300][171.034s][debug][gc] GC(2594) Concurrent active time: 67.968ms
[2020-01-29T21:59:02.994+0300][171.034s][info ][gc] GC(2594) Concurrent Sweep 68.204ms
[2020-01-29T21:59:02.994+0300][171.034s][debug][gc] GC(2596) Concurrent mode failure
[2020-01-29T21:59:03.090+0300][171.128s][info ][gc] GC(2596) Pause Full (Allocation Failure) 199M->70M(247M) 158.888ms
[2020-01-29T21:59:03.165+0300][171.203s][info ][gc] GC(2597) Pause Young (Allocation Failure) 136M->155M(247M) 55.853ms
[2020-01-29T21:59:03.173+0300][171.212s][info ][gc] GC(2598) Pause Initial Mark 174M->174M(247M) 8.843ms
[2020-01-29T21:59:03.173+0300][171.212s][info ][gc] GC(2598) Concurrent Mark
[2020-01-29T21:59:03.176+0300][171.215s][debug][gc] GC(2598) Concurrent active time: 2.677ms
[2020-01-29T21:59:03.176+0300][171.215s][info ][gc] GC(2598) Concurrent Mark 2.733ms
[2020-01-29T21:59:03.176+0300][171.215s][info ][gc] GC(2598) Concurrent Preclean
[2020-01-29T21:59:03.176+0300][171.215s][debug][gc] GC(2598) Concurrent active time: 0.159ms
[2020-01-29T21:59:03.176+0300][171.215s][info ][gc] GC(2598) Concurrent Preclean 0.195ms
[2020-01-29T21:59:03.176+0300][171.215s][info ][gc] GC(2598) Concurrent Abortable Preclean
[2020-01-29T21:59:03.176+0300][171.215s][debug][gc] GC(2598) Concurrent active time: 0.004ms
[2020-01-29T21:59:03.176+0300][171.215s][info ][gc] GC(2598) Concurrent Abortable Preclean 0.031ms
[2020-01-29T21:59:03.177+0300][171.215s][debug][gc] GC(2598) YG occupancy: 54490 K (78656 K)
[2020-01-29T21:59:03.188+0300][171.227s][info ][gc] GC(2598) Pause Remark 199M->199M(247M) 11.255ms
[2020-01-29T21:59:03.188+0300][171.227s][info ][gc] GC(2598) Concurrent Sweep
[2020-01-29T21:59:03.191+0300][171.230s][info ][gc] GC(2599) Pause Young (Allocation Failure) 199M->199M(247M) 0.040ms
[2020-01-29T21:59:03.257+0300][171.296s][debug][gc] GC(2598) Concurrent active time: 68.624ms
[2020-01-29T21:59:03.257+0300][171.296s][info ][gc] GC(2598) Concurrent Sweep 68.852ms
[2020-01-29T21:59:03.257+0300][171.296s][debug][gc] GC(2600) Concurrent mode failure
[2020-01-29T21:59:03.351+0300][171.390s][info ][gc] GC(2600) Pause Full (Allocation Failure) 199M->70M(247M) 159.762ms
[2020-01-29T21:59:03.423+0300][171.462s][info ][gc] GC(2601) Pause Young (Allocation Failure) 136M->155M(247M) 54.021ms
[2020-01-29T21:59:03.433+0300][171.472s][info ][gc] GC(2602) Pause Initial Mark 174M->174M(247M) 8.977ms
[2020-01-29T21:59:03.433+0300][171.472s][info ][gc] GC(2602) Concurrent Mark
[2020-01-29T21:59:03.436+0300][171.475s][debug][gc] GC(2602) Concurrent active time: 2.805ms
[2020-01-29T21:59:03.436+0300][171.475s][info ][gc] GC(2602) Concurrent Mark 2.955ms
[2020-01-29T21:59:03.436+0300][171.475s][info ][gc] GC(2602) Concurrent Preclean
[2020-01-29T21:59:03.436+0300][171.475s][debug][gc] GC(2602) Concurrent active time: 0.166ms
[2020-01-29T21:59:03.436+0300][171.475s][info ][gc] GC(2602) Concurrent Preclean 0.198ms
[2020-01-29T21:59:03.436+0300][171.475s][info ][gc] GC(2602) Concurrent Abortable Preclean
[2020-01-29T21:59:03.436+0300][171.475s][debug][gc] GC(2602) Concurrent active time: 0.004ms
[2020-01-29T21:59:03.437+0300][171.475s][info ][gc] GC(2602) Concurrent Abortable Preclean 0.032ms
[2020-01-29T21:59:03.437+0300][171.475s][debug][gc] GC(2602) YG occupancy: 53218 K (78656 K)
[2020-01-29T21:59:03.447+0300][171.486s][info ][gc] GC(2602) Pause Remark 198M->198M(247M) 10.871ms
[2020-01-29T21:59:03.448+0300][171.486s][info ][gc] GC(2602) Concurrent Sweep
[2020-01-29T21:59:03.451+0300][171.489s][info ][gc] GC(2603) Pause Young (Allocation Failure) 199M->199M(247M) 0.040ms
[2020-01-29T21:59:03.517+0300][171.555s][debug][gc] GC(2602) Concurrent active time: 68.889ms
[2020-01-29T21:59:03.517+0300][171.555s][info ][gc] GC(2602) Concurrent Sweep 69.120ms
[2020-01-29T21:59:03.517+0300][171.555s][debug][gc] GC(2604) Concurrent mode failure
[2020-01-29T21:59:03.611+0300][171.649s][info ][gc] GC(2604) Pause Full (Allocation Failure) 199M->70M(247M) 159.764ms
[2020-01-29T21:59:03.685+0300][171.723s][info ][gc] GC(2605) Pause Young (Allocation Failure) 136M->155M(247M) 55.572ms
[2020-01-29T21:59:03.695+0300][171.733s][info ][gc] GC(2606) Pause Initial Mark 174M->174M(247M) 8.820ms
[2020-01-29T21:59:03.695+0300][171.733s][info ][gc] GC(2606) Concurrent Mark
[2020-01-29T21:59:03.698+0300][171.736s][debug][gc] GC(2606) Concurrent active time: 2.871ms
[2020-01-29T21:59:03.698+0300][171.736s][info ][gc] GC(2606) Concurrent Mark 2.941ms
[2020-01-29T21:59:03.698+0300][171.736s][info ][gc] GC(2606) Concurrent Preclean
[2020-01-29T21:59:03.698+0300][171.736s][debug][gc] GC(2606) Concurrent active time: 0.175ms
[2020-01-29T21:59:03.698+0300][171.736s][info ][gc] GC(2606) Concurrent Preclean 0.214ms
[2020-01-29T21:59:03.698+0300][171.736s][info ][gc] GC(2606) Concurrent Abortable Preclean
[2020-01-29T21:59:03.698+0300][171.736s][debug][gc] GC(2606) Concurrent active time: 0.006ms
[2020-01-29T21:59:03.698+0300][171.736s][info ][gc] GC(2606) Concurrent Abortable Preclean 0.033ms
[2020-01-29T21:59:03.698+0300][171.736s][debug][gc] GC(2606) YG occupancy: 54522 K (78656 K)
[2020-01-29T21:59:03.710+0300][171.748s][info ][gc] GC(2606) Pause Remark 199M->199M(247M) 11.444ms
[2020-01-29T21:59:03.710+0300][171.748s][info ][gc] GC(2606) Concurrent Sweep
[2020-01-29T21:59:03.713+0300][171.751s][info ][gc] GC(2607) Pause Young (Allocation Failure) 199M->199M(247M) 0.044ms
[2020-01-29T21:59:03.777+0300][171.816s][debug][gc] GC(2606) Concurrent active time: 67.767ms
[2020-01-29T21:59:03.777+0300][171.816s][info ][gc] GC(2606) Concurrent Sweep 68.017ms
[2020-01-29T21:59:03.777+0300][171.816s][debug][gc] GC(2608) Concurrent mode failure
[2020-01-29T21:59:03.871+0300][171.910s][info ][gc] GC(2608) Pause Full (Allocation Failure) 199M->70M(247M) 158.884ms
[2020-01-29T21:59:03.945+0300][171.983s][info ][gc] GC(2609) Pause Young (Allocation Failure) 136M->155M(247M) 55.156ms
[2020-01-29T21:59:03.955+0300][171.993s][info ][gc] GC(2610) Pause Initial Mark 174M->174M(247M) 8.826ms
[2020-01-29T21:59:03.955+0300][171.993s][info ][gc] GC(2610) Concurrent Mark
[2020-01-29T21:59:03.957+0300][171.996s][debug][gc] GC(2610) Concurrent active time: 2.688ms
[2020-01-29T21:59:03.957+0300][171.996s][info ][gc] GC(2610) Concurrent Mark 2.747ms
[2020-01-29T21:59:03.957+0300][171.996s][info ][gc] GC(2610) Concurrent Preclean
[2020-01-29T21:59:03.958+0300][171.996s][debug][gc] GC(2610) Concurrent active time: 0.158ms
[2020-01-29T21:59:03.958+0300][171.996s][info ][gc] GC(2610) Concurrent Preclean 0.189ms
[2020-01-29T21:59:03.958+0300][171.996s][info ][gc] GC(2610) Concurrent Abortable Preclean
[2020-01-29T21:59:03.958+0300][171.996s][debug][gc] GC(2610) Concurrent active time: 0.004ms
[2020-01-29T21:59:03.958+0300][171.996s][info ][gc] GC(2610) Concurrent Abortable Preclean 0.031ms
[2020-01-29T21:59:03.958+0300][171.996s][debug][gc] GC(2610) YG occupancy: 54489 K (78656 K)
[2020-01-29T21:59:03.969+0300][172.007s][info ][gc] GC(2610) Pause Remark 199M->199M(247M) 10.972ms
[2020-01-29T21:59:03.969+0300][172.007s][info ][gc] GC(2610) Concurrent Sweep
[2020-01-29T21:59:03.972+0300][172.010s][info ][gc] GC(2611) Pause Young (Allocation Failure) 199M->199M(247M) 0.040ms
[2020-01-29T21:59:04.036+0300][172.075s][debug][gc] GC(2610) Concurrent active time: 67.631ms
[2020-01-29T21:59:04.036+0300][172.075s][info ][gc] GC(2610) Concurrent Sweep 67.859ms
[2020-01-29T21:59:04.036+0300][172.075s][debug][gc] GC(2612) Concurrent mode failure
[2020-01-29T21:59:04.130+0300][172.169s][info ][gc] GC(2612) Pause Full (Allocation Failure) 199M->70M(247M) 158.513ms
[2020-01-29T21:59:04.203+0300][172.242s][info ][gc] GC(2613) Pause Young (Allocation Failure) 136M->155M(247M) 55.137ms
[2020-01-29T21:59:04.212+0300][172.251s][info ][gc] GC(2614) Pause Initial Mark 174M->174M(247M) 8.809ms
[2020-01-29T21:59:04.212+0300][172.251s][info ][gc] GC(2614) Concurrent Mark
[2020-01-29T21:59:04.215+0300][172.254s][debug][gc] GC(2614) Concurrent active time: 2.667ms
[2020-01-29T21:59:04.215+0300][172.254s][info ][gc] GC(2614) Concurrent Mark 2.724ms
[2020-01-29T21:59:04.215+0300][172.254s][info ][gc] GC(2614) Concurrent Preclean
[2020-01-29T21:59:04.215+0300][172.254s][debug][gc] GC(2614) Concurrent active time: 0.155ms
[2020-01-29T21:59:04.215+0300][172.254s][info ][gc] GC(2614) Concurrent Preclean 0.185ms
[2020-01-29T21:59:04.215+0300][172.254s][info ][gc] GC(2614) Concurrent Abortable Preclean
[2020-01-29T21:59:04.215+0300][172.254s][debug][gc] GC(2614) Concurrent active time: 0.003ms
[2020-01-29T21:59:04.215+0300][172.254s][info ][gc] GC(2614) Concurrent Abortable Preclean 0.030ms
[2020-01-29T21:59:04.216+0300][172.254s][debug][gc] GC(2614) YG occupancy: 54489 K (78656 K)
[2020-01-29T21:59:04.226+0300][172.265s][info ][gc] GC(2614) Pause Remark 199M->199M(247M) 10.907ms
[2020-01-29T21:59:04.227+0300][172.265s][info ][gc] GC(2614) Concurrent Sweep
[2020-01-29T21:59:04.230+0300][172.268s][info ][gc] GC(2615) Pause Young (Allocation Failure) 199M->199M(247M) 0.040ms
[2020-01-29T21:59:04.300+0300][172.338s][debug][gc] GC(2614) Concurrent active time: 73.052ms
[2020-01-29T21:59:04.300+0300][172.338s][info ][gc] GC(2614) Concurrent Sweep 73.285ms
[2020-01-29T21:59:04.300+0300][172.339s][debug][gc] GC(2616) Concurrent mode failure
[2020-01-29T21:59:04.395+0300][172.433s][info ][gc] GC(2616) Pause Full (Allocation Failure) 199M->70M(247M) 164.768ms
[2020-01-29T21:59:04.467+0300][172.505s][info ][gc] GC(2617) Pause Young (Allocation Failure) 136M->155M(247M) 53.597ms
[2020-01-29T21:59:04.477+0300][172.515s][info ][gc] GC(2618) Pause Initial Mark 174M->174M(247M) 8.845ms
[2020-01-29T21:59:04.477+0300][172.515s][info ][gc] GC(2618) Concurrent Mark
[2020-01-29T21:59:04.480+0300][172.518s][debug][gc] GC(2618) Concurrent active time: 2.666ms
[2020-01-29T21:59:04.480+0300][172.518s][info ][gc] GC(2618) Concurrent Mark 2.720ms
[2020-01-29T21:59:04.480+0300][172.518s][info ][gc] GC(2618) Concurrent Preclean
[2020-01-29T21:59:04.480+0300][172.518s][debug][gc] GC(2618) Concurrent active time: 0.155ms
[2020-01-29T21:59:04.480+0300][172.518s][info ][gc] GC(2618) Concurrent Preclean 0.185ms
[2020-01-29T21:59:04.480+0300][172.518s][info ][gc] GC(2618) Concurrent Abortable Preclean
[2020-01-29T21:59:04.480+0300][172.518s][debug][gc] GC(2618) Concurrent active time: 0.003ms
[2020-01-29T21:59:04.480+0300][172.518s][info ][gc] GC(2618) Concurrent Abortable Preclean 0.030ms
[2020-01-29T21:59:04.480+0300][172.518s][debug][gc] GC(2618) YG occupancy: 54475 K (78656 K)
[2020-01-29T21:59:04.490+0300][172.529s][info ][gc] GC(2618) Pause Remark 199M->199M(247M) 11.029ms
[2020-01-29T21:59:04.490+0300][172.529s][info ][gc] GC(2618) Concurrent Sweep
[2020-01-29T21:59:04.493+0300][172.532s][info ][gc] GC(2619) Pause Young (Allocation Failure) 199M->199M(247M) 0.041ms
[2020-01-29T21:59:04.559+0300][172.597s][debug][gc] GC(2618) Concurrent active time: 67.995ms
[2020-01-29T21:59:04.559+0300][172.597s][info ][gc] GC(2618) Concurrent Sweep 68.228ms
[2020-01-29T21:59:04.559+0300][172.597s][debug][gc] GC(2620) Concurrent mode failure
[2020-01-29T21:59:04.653+0300][172.691s][info ][gc] GC(2620) Pause Full (Allocation Failure) 199M->70M(247M) 159.099ms
[2020-01-29T21:59:04.749+0300][172.787s][info ][gc] GC(2621) Pause Young (Allocation Failure) 136M->155M(247M) 76.749ms
[2020-01-29T21:59:04.758+0300][172.796s][info ][gc] GC(2622) Pause Initial Mark 174M->174M(247M) 8.826ms
[2020-01-29T21:59:04.758+0300][172.796s][info ][gc] GC(2622) Concurrent Mark
[2020-01-29T21:59:04.761+0300][172.799s][debug][gc] GC(2622) Concurrent active time: 2.739ms
[2020-01-29T21:59:04.761+0300][172.799s][info ][gc] GC(2622) Concurrent Mark 2.804ms
[2020-01-29T21:59:04.761+0300][172.799s][info ][gc] GC(2622) Concurrent Preclean
[2020-01-29T21:59:04.761+0300][172.799s][debug][gc] GC(2622) Concurrent active time: 0.158ms
[2020-01-29T21:59:04.761+0300][172.799s][info ][gc] GC(2622) Concurrent Preclean 0.191ms
[2020-01-29T21:59:04.761+0300][172.799s][info ][gc] GC(2622) Concurrent Abortable Preclean
[2020-01-29T21:59:04.761+0300][172.799s][debug][gc] GC(2622) Concurrent active time: 0.004ms
[2020-01-29T21:59:04.761+0300][172.799s][info ][gc] GC(2622) Concurrent Abortable Preclean 0.031ms
[2020-01-29T21:59:04.761+0300][172.800s][debug][gc] GC(2622) YG occupancy: 54479 K (78656 K)
[2020-01-29T21:59:04.772+0300][172.811s][info ][gc] GC(2622) Pause Remark 199M->199M(247M) 10.965ms
[2020-01-29T21:59:04.772+0300][172.811s][info ][gc] GC(2622) Concurrent Sweep
[2020-01-29T21:59:04.775+0300][172.814s][info ][gc] GC(2623) Pause Young (Allocation Failure) 199M->199M(247M) 0.041ms
[2020-01-29T21:59:04.841+0300][172.879s][debug][gc] GC(2622) Concurrent active time: 68.597ms
[2020-01-29T21:59:04.841+0300][172.879s][info ][gc] GC(2622) Concurrent Sweep 68.851ms
[2020-01-29T21:59:04.841+0300][172.879s][debug][gc] GC(2624) Concurrent mode failure
[2020-01-29T21:59:04.936+0300][172.975s][info ][gc] GC(2624) Pause Full (Allocation Failure) 199M->70M(247M) 161.345ms
[2020-01-29T21:59:05.008+0300][173.047s][info ][gc] GC(2625) Pause Young (Allocation Failure) 136M->155M(247M) 53.672ms
[2020-01-29T21:59:05.018+0300][173.057s][info ][gc] GC(2626) Pause Initial Mark 174M->174M(247M) 8.837ms
[2020-01-29T21:59:05.018+0300][173.057s][info ][gc] GC(2626) Concurrent Mark
[2020-01-29T21:59:05.021+0300][173.059s][debug][gc] GC(2626) Concurrent active time: 2.664ms
[2020-01-29T21:59:05.021+0300][173.059s][info ][gc] GC(2626) Concurrent Mark 2.723ms
[2020-01-29T21:59:05.021+0300][173.059s][info ][gc] GC(2626) Concurrent Preclean
[2020-01-29T21:59:05.021+0300][173.060s][debug][gc] GC(2626) Concurrent active time: 0.156ms
[2020-01-29T21:59:05.021+0300][173.060s][info ][gc] GC(2626) Concurrent Preclean 0.186ms
[2020-01-29T21:59:05.021+0300][173.060s][info ][gc] GC(2626) Concurrent Abortable Preclean
[2020-01-29T21:59:05.021+0300][173.060s][debug][gc] GC(2626) Concurrent active time: 0.004ms
[2020-01-29T21:59:05.021+0300][173.060s][info ][gc] GC(2626) Concurrent Abortable Preclean 0.031ms
[2020-01-29T21:59:05.021+0300][173.060s][debug][gc] GC(2626) YG occupancy: 54485 K (78656 K)
[2020-01-29T21:59:05.032+0300][173.071s][info ][gc] GC(2626) Pause Remark 199M->199M(247M) 10.943ms
[2020-01-29T21:59:05.032+0300][173.071s][info ][gc] GC(2626) Concurrent Sweep
[2020-01-29T21:59:05.035+0300][173.074s][info ][gc] GC(2627) Pause Young (Allocation Failure) 199M->199M(247M) 0.039ms
[2020-01-29T21:59:05.100+0300][173.139s][debug][gc] GC(2626) Concurrent active time: 67.921ms
[2020-01-29T21:59:05.100+0300][173.139s][info ][gc] GC(2626) Concurrent Sweep 68.170ms
[2020-01-29T21:59:05.101+0300][173.139s][debug][gc] GC(2628) Concurrent mode failure
[2020-01-29T21:59:05.195+0300][173.233s][info ][gc] GC(2628) Pause Full (Allocation Failure) 199M->70M(247M) 159.826ms
[2020-01-29T21:59:05.267+0300][173.306s][info ][gc] GC(2629) Pause Young (Allocation Failure) 136M->155M(247M) 54.329ms
[2020-01-29T21:59:05.277+0300][173.316s][info ][gc] GC(2630) Pause Initial Mark 174M->174M(247M) 8.833ms
[2020-01-29T21:59:05.277+0300][173.316s][info ][gc] GC(2630) Concurrent Mark
[2020-01-29T21:59:05.280+0300][173.318s][debug][gc] GC(2630) Concurrent active time: 2.670ms
[2020-01-29T21:59:05.280+0300][173.318s][info ][gc] GC(2630) Concurrent Mark 2.726ms
[2020-01-29T21:59:05.280+0300][173.318s][info ][gc] GC(2630) Concurrent Preclean
[2020-01-29T21:59:05.280+0300][173.319s][debug][gc] GC(2630) Concurrent active time: 0.157ms
[2020-01-29T21:59:05.280+0300][173.319s][info ][gc] GC(2630) Concurrent Preclean 0.187ms
[2020-01-29T21:59:05.280+0300][173.319s][info ][gc] GC(2630) Concurrent Abortable Preclean
[2020-01-29T21:59:05.280+0300][173.319s][debug][gc] GC(2630) Concurrent active time: 0.004ms
[2020-01-29T21:59:05.280+0300][173.319s][info ][gc] GC(2630) Concurrent Abortable Preclean 0.030ms
[2020-01-29T21:59:05.280+0300][173.319s][debug][gc] GC(2630) YG occupancy: 54487 K (78656 K)
[2020-01-29T21:59:05.291+0300][173.330s][info ][gc] GC(2630) Pause Remark 199M->199M(247M) 11.419ms
[2020-01-29T21:59:05.291+0300][173.330s][info ][gc] GC(2630) Concurrent Sweep
[2020-01-29T21:59:05.294+0300][173.333s][info ][gc] GC(2631) Pause Young (Allocation Failure) 199M->199M(247M) 0.041ms
[2020-01-29T21:59:05.359+0300][173.398s][debug][gc] GC(2630) Concurrent active time: 67.733ms
[2020-01-29T21:59:05.359+0300][173.398s][info ][gc] GC(2630) Concurrent Sweep 67.964ms
[2020-01-29T21:59:05.360+0300][173.398s][debug][gc] GC(2632) Concurrent mode failure
[2020-01-29T21:59:05.453+0300][173.491s][info ][gc] GC(2632) Pause Full (Allocation Failure) 199M->70M(247M) 158.211ms
[2020-01-29T21:59:05.529+0300][173.567s][info ][gc] GC(2633) Pause Young (Allocation Failure) 136M->155M(247M) 57.310ms
[2020-01-29T21:59:05.538+0300][173.577s][info ][gc] GC(2634) Pause Initial Mark 174M->174M(247M) 8.880ms
[2020-01-29T21:59:05.538+0300][173.577s][info ][gc] GC(2634) Concurrent Mark
[2020-01-29T21:59:05.541+0300][173.580s][debug][gc] GC(2634) Concurrent active time: 2.665ms
[2020-01-29T21:59:05.541+0300][173.580s][info ][gc] GC(2634) Concurrent Mark 2.718ms
[2020-01-29T21:59:05.541+0300][173.580s][info ][gc] GC(2634) Concurrent Preclean
[2020-01-29T21:59:05.541+0300][173.580s][debug][gc] GC(2634) Concurrent active time: 0.157ms
[2020-01-29T21:59:05.541+0300][173.580s][info ][gc] GC(2634) Concurrent Preclean 0.239ms
[2020-01-29T21:59:05.541+0300][173.580s][info ][gc] GC(2634) Concurrent Abortable Preclean
[2020-01-29T21:59:05.541+0300][173.580s][debug][gc] GC(2634) Concurrent active time: 0.004ms
[2020-01-29T21:59:05.541+0300][173.580s][info ][gc] GC(2634) Concurrent Abortable Preclean 0.031ms
[2020-01-29T21:59:05.542+0300][173.580s][debug][gc] GC(2634) YG occupancy: 54474 K (78656 K)
[2020-01-29T21:59:05.553+0300][173.591s][info ][gc] GC(2634) Pause Remark 199M->199M(247M) 11.067ms
[2020-01-29T21:59:05.553+0300][173.591s][info ][gc] GC(2634) Concurrent Sweep
[2020-01-29T21:59:05.556+0300][173.594s][info ][gc] GC(2635) Pause Young (Allocation Failure) 199M->199M(247M) 0.039ms
[2020-01-29T21:59:05.620+0300][173.659s][debug][gc] GC(2634) Concurrent active time: 67.611ms
[2020-01-29T21:59:05.620+0300][173.659s][info ][gc] GC(2634) Concurrent Sweep 67.854ms
[2020-01-29T21:59:05.620+0300][173.659s][debug][gc] GC(2636) Concurrent mode failure
[2020-01-29T21:59:05.714+0300][173.753s][info ][gc] GC(2636) Pause Full (Allocation Failure) 199M->70M(247M) 158.279ms
[2020-01-29T21:59:05.787+0300][173.826s][info ][gc] GC(2637) Pause Young (Allocation Failure) 136M->155M(247M) 54.663ms
[2020-01-29T21:59:05.797+0300][173.836s][info ][gc] GC(2638) Pause Initial Mark 174M->174M(247M) 8.834ms
[2020-01-29T21:59:05.797+0300][173.836s][info ][gc] GC(2638) Concurrent Mark
[2020-01-29T21:59:05.800+0300][173.838s][debug][gc] GC(2638) Concurrent active time: 2.673ms
[2020-01-29T21:59:05.800+0300][173.838s][info ][gc] GC(2638) Concurrent Mark 2.726ms
[2020-01-29T21:59:05.800+0300][173.838s][info ][gc] GC(2638) Concurrent Preclean
[2020-01-29T21:59:05.800+0300][173.839s][debug][gc] GC(2638) Concurrent active time: 0.156ms
[2020-01-29T21:59:05.800+0300][173.839s][info ][gc] GC(2638) Concurrent Preclean 0.187ms
[2020-01-29T21:59:05.800+0300][173.839s][info ][gc] GC(2638) Concurrent Abortable Preclean
[2020-01-29T21:59:05.800+0300][173.839s][debug][gc] GC(2638) Concurrent active time: 0.004ms
[2020-01-29T21:59:05.800+0300][173.839s][info ][gc] GC(2638) Concurrent Abortable Preclean 0.030ms
[2020-01-29T21:59:05.800+0300][173.839s][debug][gc] GC(2638) YG occupancy: 54478 K (78656 K)
[2020-01-29T21:59:05.811+0300][173.850s][info ][gc] GC(2638) Pause Remark 199M->199M(247M) 10.903ms
[2020-01-29T21:59:05.811+0300][173.850s][info ][gc] GC(2638) Concurrent Sweep
[2020-01-29T21:59:05.814+0300][173.853s][info ][gc] GC(2639) Pause Young (Allocation Failure) 199M->199M(247M) 0.040ms
[2020-01-29T21:59:05.879+0300][173.918s][debug][gc] GC(2638) Concurrent active time: 67.701ms
[2020-01-29T21:59:05.879+0300][173.918s][info ][gc] GC(2638) Concurrent Sweep 67.931ms
[2020-01-29T21:59:05.879+0300][173.918s][debug][gc] GC(2640) Concurrent mode failure
[2020-01-29T21:59:05.974+0300][174.012s][info ][gc] GC(2640) Pause Full (Allocation Failure) 199M->70M(247M) 159.137ms
[2020-01-29T21:59:06.048+0300][174.086s][info ][gc] GC(2641) Pause Young (Allocation Failure) 136M->155M(247M) 55.992ms
[2020-01-29T21:59:06.057+0300][174.096s][info ][gc] GC(2642) Pause Initial Mark 174M->174M(247M) 8.835ms
[2020-01-29T21:59:06.057+0300][174.096s][info ][gc] GC(2642) Concurrent Mark
[2020-01-29T21:59:06.060+0300][174.099s][debug][gc] GC(2642) Concurrent active time: 2.682ms
[2020-01-29T21:59:06.060+0300][174.099s][info ][gc] GC(2642) Concurrent Mark 2.737ms
[2020-01-29T21:59:06.060+0300][174.099s][info ][gc] GC(2642) Concurrent Preclean
[2020-01-29T21:59:06.060+0300][174.099s][debug][gc] GC(2642) Concurrent active time: 0.158ms
[2020-01-29T21:59:06.060+0300][174.099s][info ][gc] GC(2642) Concurrent Preclean 0.189ms
[2020-01-29T21:59:06.060+0300][174.099s][info ][gc] GC(2642) Concurrent Abortable Preclean
[2020-01-29T21:59:06.060+0300][174.099s][debug][gc] GC(2642) Concurrent active time: 0.004ms
[2020-01-29T21:59:06.060+0300][174.099s][info ][gc] GC(2642) Concurrent Abortable Preclean 0.031ms
[2020-01-29T21:59:06.060+0300][174.099s][debug][gc] GC(2642) YG occupancy: 54484 K (78656 K)
[2020-01-29T21:59:06.071+0300][174.110s][info ][gc] GC(2642) Pause Remark 199M->199M(247M) 10.925ms
[2020-01-29T21:59:06.071+0300][174.110s][info ][gc] GC(2642) Concurrent Sweep
[2020-01-29T21:59:06.074+0300][174.113s][info ][gc] GC(2643) Pause Young (Allocation Failure) 199M->199M(247M) 0.041ms
[2020-01-29T21:59:06.141+0300][174.180s][debug][gc] GC(2642) Concurrent active time: 69.577ms
[2020-01-29T21:59:06.141+0300][174.180s][info ][gc] GC(2642) Concurrent Sweep 69.814ms
[2020-01-29T21:59:06.141+0300][174.180s][debug][gc] GC(2644) Concurrent mode failure
[2020-01-29T21:59:06.236+0300][174.274s][info ][gc] GC(2644) Pause Full (Allocation Failure) 199M->70M(247M) 160.751ms
[2020-01-29T21:59:06.309+0300][174.347s][info ][gc] GC(2645) Pause Young (Allocation Failure) 136M->155M(247M) 54.616ms
[2020-01-29T21:59:06.319+0300][174.357s][info ][gc] GC(2646) Pause Initial Mark 174M->174M(247M) 8.827ms
[2020-01-29T21:59:06.319+0300][174.357s][info ][gc] GC(2646) Concurrent Mark
[2020-01-29T21:59:06.322+0300][174.360s][debug][gc] GC(2646) Concurrent active time: 2.677ms
[2020-01-29T21:59:06.322+0300][174.360s][info ][gc] GC(2646) Concurrent Mark 2.734ms
[2020-01-29T21:59:06.322+0300][174.360s][info ][gc] GC(2646) Concurrent Preclean
[2020-01-29T21:59:06.322+0300][174.360s][debug][gc] GC(2646) Concurrent active time: 0.154ms
[2020-01-29T21:59:06.322+0300][174.360s][info ][gc] GC(2646) Concurrent Preclean 0.186ms
[2020-01-29T21:59:06.322+0300][174.360s][info ][gc] GC(2646) Concurrent Abortable Preclean
[2020-01-29T21:59:06.322+0300][174.360s][debug][gc] GC(2646) Concurrent active time: 0.004ms
[2020-01-29T21:59:06.322+0300][174.360s][info ][gc] GC(2646) Concurrent Abortable Preclean 0.030ms
[2020-01-29T21:59:06.322+0300][174.360s][debug][gc] GC(2646) YG occupancy: 54489 K (78656 K)
[2020-01-29T21:59:06.333+0300][174.371s][info ][gc] GC(2646) Pause Remark 199M->199M(247M) 10.914ms
[2020-01-29T21:59:06.333+0300][174.371s][info ][gc] GC(2646) Concurrent Sweep
[2020-01-29T21:59:06.336+0300][174.374s][info ][gc] GC(2647) Pause Young (Allocation Failure) 199M->199M(247M) 0.154ms
[2020-01-29T21:59:06.401+0300][174.440s][debug][gc] GC(2646) Concurrent active time: 68.820ms
[2020-01-29T21:59:06.401+0300][174.440s][info ][gc] GC(2646) Concurrent Sweep 69.164ms
[2020-01-29T21:59:06.401+0300][174.440s][debug][gc] GC(2648) Concurrent mode failure
[2020-01-29T21:59:06.496+0300][174.535s][info ][gc] GC(2648) Pause Full (Allocation Failure) 199M->70M(247M) 160.368ms
[2020-01-29T21:59:06.570+0300][174.609s][info ][gc] GC(2649) Pause Young (Allocation Failure) 136M->155M(247M) 54.986ms
[2020-01-29T21:59:06.579+0300][174.618s][info ][gc] GC(2650) Pause Initial Mark 174M->174M(247M) 8.842ms
[2020-01-29T21:59:06.579+0300][174.618s][info ][gc] GC(2650) Concurrent Mark
[2020-01-29T21:59:06.582+0300][174.621s][debug][gc] GC(2650) Concurrent active time: 2.666ms
[2020-01-29T21:59:06.582+0300][174.621s][info ][gc] GC(2650) Concurrent Mark 2.718ms
[2020-01-29T21:59:06.582+0300][174.621s][info ][gc] GC(2650) Concurrent Preclean
[2020-01-29T21:59:06.582+0300][174.621s][debug][gc] GC(2650) Concurrent active time: 0.155ms
[2020-01-29T21:59:06.582+0300][174.621s][info ][gc] GC(2650) Concurrent Preclean 0.185ms
[2020-01-29T21:59:06.582+0300][174.621s][info ][gc] GC(2650) Concurrent Abortable Preclean
[2020-01-29T21:59:06.582+0300][174.621s][debug][gc] GC(2650) Concurrent active time: 0.004ms
[2020-01-29T21:59:06.582+0300][174.621s][info ][gc] GC(2650) Concurrent Abortable Preclean 0.031ms
[2020-01-29T21:59:06.582+0300][174.621s][debug][gc] GC(2650) YG occupancy: 54475 K (78656 K)
[2020-01-29T21:59:06.593+0300][174.632s][info ][gc] GC(2650) Pause Remark 199M->199M(247M) 10.937ms
[2020-01-29T21:59:06.593+0300][174.632s][info ][gc] GC(2650) Concurrent Sweep
[2020-01-29T21:59:06.596+0300][174.635s][info ][gc] GC(2651) Pause Young (Allocation Failure) 199M->199M(247M) 0.040ms
[2020-01-29T21:59:06.660+0300][174.699s][debug][gc] GC(2650) Concurrent active time: 66.353ms
[2020-01-29T21:59:06.660+0300][174.699s][info ][gc] GC(2650) Concurrent Sweep 66.581ms
[2020-01-29T21:59:06.660+0300][174.699s][debug][gc] GC(2652) Concurrent mode failure
[2020-01-29T21:59:06.754+0300][174.793s][info ][gc] GC(2652) Pause Full (Allocation Failure) 199M->70M(247M) 157.419ms
[2020-01-29T21:59:06.829+0300][174.867s][info ][gc] GC(2653) Pause Young (Allocation Failure) 136M->155M(247M) 55.465ms
[2020-01-29T21:59:06.839+0300][174.877s][info ][gc] GC(2654) Pause Initial Mark 174M->174M(247M) 8.815ms
[2020-01-29T21:59:06.839+0300][174.877s][info ][gc] GC(2654) Concurrent Mark
[2020-01-29T21:59:06.842+0300][174.880s][debug][gc] GC(2654) Concurrent active time: 2.675ms
[2020-01-29T21:59:06.842+0300][174.880s][info ][gc] GC(2654) Concurrent Mark 2.729ms
[2020-01-29T21:59:06.842+0300][174.880s][info ][gc] GC(2654) Concurrent Preclean
[2020-01-29T21:59:06.842+0300][174.880s][debug][gc] GC(2654) Concurrent active time: 0.152ms
[2020-01-29T21:59:06.842+0300][174.880s][info ][gc] GC(2654) Concurrent Preclean 0.182ms
[2020-01-29T21:59:06.842+0300][174.880s][info ][gc] GC(2654) Concurrent Abortable Preclean
[2020-01-29T21:59:06.842+0300][174.880s][debug][gc] GC(2654) Concurrent active time: 0.003ms
[2020-01-29T21:59:06.842+0300][174.880s][info ][gc] GC(2654) Concurrent Abortable Preclean 0.030ms
[2020-01-29T21:59:06.842+0300][174.880s][debug][gc] GC(2654) YG occupancy: 54479 K (78656 K)
[2020-01-29T21:59:06.853+0300][174.891s][info ][gc] GC(2654) Pause Remark 199M->199M(247M) 11.049ms
[2020-01-29T21:59:06.853+0300][174.891s][info ][gc] GC(2654) Concurrent Sweep
[2020-01-29T21:59:06.856+0300][174.894s][info ][gc] GC(2655) Pause Young (Allocation Failure) 199M->199M(247M) 0.042ms
[2020-01-29T21:59:06.920+0300][174.959s][debug][gc] GC(2654) Concurrent active time: 67.190ms
[2020-01-29T21:59:06.920+0300][174.959s][info ][gc] GC(2654) Concurrent Sweep 67.428ms
[2020-01-29T21:59:06.920+0300][174.959s][debug][gc] GC(2656) Concurrent mode failure
[2020-01-29T21:59:07.014+0300][175.052s][info ][gc] GC(2656) Pause Full (Allocation Failure) 199M->70M(247M) 157.997ms
[2020-01-29T21:59:07.088+0300][175.126s][info ][gc] GC(2657) Pause Young (Allocation Failure) 136M->155M(247M) 54.909ms
[2020-01-29T21:59:07.097+0300][175.135s][info ][gc] GC(2658) Pause Initial Mark 174M->174M(247M) 8.822ms
[2020-01-29T21:59:07.097+0300][175.135s][info ][gc] GC(2658) Concurrent Mark
[2020-01-29T21:59:07.100+0300][175.138s][debug][gc] GC(2658) Concurrent active time: 2.683ms
[2020-01-29T21:59:07.100+0300][175.138s][info ][gc] GC(2658) Concurrent Mark 2.739ms
[2020-01-29T21:59:07.100+0300][175.138s][info ][gc] GC(2658) Concurrent Preclean
[2020-01-29T21:59:07.100+0300][175.138s][debug][gc] GC(2658) Concurrent active time: 0.154ms
[2020-01-29T21:59:07.100+0300][175.138s][info ][gc] GC(2658) Concurrent Preclean 0.185ms
[2020-01-29T21:59:07.100+0300][175.138s][info ][gc] GC(2658) Concurrent Abortable Preclean
[2020-01-29T21:59:07.100+0300][175.138s][debug][gc] GC(2658) Concurrent active time: 0.004ms
[2020-01-29T21:59:07.100+0300][175.138s][info ][gc] GC(2658) Concurrent Abortable Preclean 0.030ms
[2020-01-29T21:59:07.100+0300][175.138s][debug][gc] GC(2658) YG occupancy: 54485 K (78656 K)
[2020-01-29T21:59:07.111+0300][175.150s][info ][gc] GC(2658) Pause Remark 199M->199M(247M) 11.158ms
[2020-01-29T21:59:07.111+0300][175.150s][info ][gc] GC(2658) Concurrent Sweep
[2020-01-29T21:59:07.114+0300][175.153s][info ][gc] GC(2659) Pause Young (Allocation Failure) 199M->199M(247M) 0.041ms
[2020-01-29T21:59:07.180+0300][175.218s][debug][gc] GC(2658) Concurrent active time: 68.258ms
[2020-01-29T21:59:07.180+0300][175.218s][info ][gc] GC(2658) Concurrent Sweep 68.487ms
[2020-01-29T21:59:07.180+0300][175.218s][debug][gc] GC(2660) Concurrent mode failure
[2020-01-29T21:59:07.273+0300][175.311s][info ][gc] GC(2660) Pause Full (Allocation Failure) 199M->70M(247M) 158.731ms
[2020-01-29T21:59:07.345+0300][175.384s][info ][gc] GC(2661) Pause Young (Allocation Failure) 136M->155M(247M) 54.101ms
[2020-01-29T21:59:07.355+0300][175.394s][info ][gc] GC(2662) Pause Initial Mark 174M->174M(247M) 8.824ms
[2020-01-29T21:59:07.355+0300][175.394s][info ][gc] GC(2662) Concurrent Mark
[2020-01-29T21:59:07.358+0300][175.397s][debug][gc] GC(2662) Concurrent active time: 2.683ms
[2020-01-29T21:59:07.358+0300][175.397s][info ][gc] GC(2662) Concurrent Mark 2.742ms
[2020-01-29T21:59:07.358+0300][175.397s][info ][gc] GC(2662) Concurrent Preclean
[2020-01-29T21:59:07.358+0300][175.397s][debug][gc] GC(2662) Concurrent active time: 0.155ms
[2020-01-29T21:59:07.358+0300][175.397s][info ][gc] GC(2662) Concurrent Preclean 0.186ms
[2020-01-29T21:59:07.358+0300][175.397s][info ][gc] GC(2662) Concurrent Abortable Preclean
[2020-01-29T21:59:07.358+0300][175.397s][debug][gc] GC(2662) Concurrent active time: 0.004ms
[2020-01-29T21:59:07.358+0300][175.397s][info ][gc] GC(2662) Concurrent Abortable Preclean 0.030ms
[2020-01-29T21:59:07.358+0300][175.397s][debug][gc] GC(2662) YG occupancy: 54488 K (78656 K)
[2020-01-29T21:59:07.369+0300][175.408s][info ][gc] GC(2662) Pause Remark 199M->199M(247M) 11.103ms
[2020-01-29T21:59:07.369+0300][175.408s][info ][gc] GC(2662) Concurrent Sweep
[2020-01-29T21:59:07.373+0300][175.411s][info ][gc] GC(2663) Pause Young (Allocation Failure) 198M->198M(247M) 0.046ms
[2020-01-29T21:59:07.438+0300][175.476s][debug][gc] GC(2662) Concurrent active time: 68.197ms
[2020-01-29T21:59:07.438+0300][175.476s][info ][gc] GC(2662) Concurrent Sweep 68.466ms
[2020-01-29T21:59:07.438+0300][175.476s][debug][gc] GC(2664) Concurrent mode failure
[2020-01-29T21:59:07.532+0300][175.571s][info ][gc] GC(2664) Pause Full (Allocation Failure) 198M->70M(247M) 159.358ms
[2020-01-29T21:59:07.605+0300][175.644s][info ][gc] GC(2665) Pause Young (Allocation Failure) 136M->155M(247M) 53.727ms
[2020-01-29T21:59:07.615+0300][175.653s][info ][gc] GC(2666) Pause Initial Mark 174M->174M(247M) 8.844ms
[2020-01-29T21:59:07.615+0300][175.653s][info ][gc] GC(2666) Concurrent Mark
[2020-01-29T21:59:07.618+0300][175.656s][debug][gc] GC(2666) Concurrent active time: 2.668ms
[2020-01-29T21:59:07.618+0300][175.656s][info ][gc] GC(2666) Concurrent Mark 2.721ms
[2020-01-29T21:59:07.618+0300][175.656s][info ][gc] GC(2666) Concurrent Preclean
[2020-01-29T21:59:07.618+0300][175.656s][debug][gc] GC(2666) Concurrent active time: 0.157ms
[2020-01-29T21:59:07.618+0300][175.656s][info ][gc] GC(2666) Concurrent Preclean 0.187ms
[2020-01-29T21:59:07.618+0300][175.656s][info ][gc] GC(2666) Concurrent Abortable Preclean
[2020-01-29T21:59:07.618+0300][175.656s][debug][gc] GC(2666) Concurrent active time: 0.004ms
[2020-01-29T21:59:07.618+0300][175.656s][info ][gc] GC(2666) Concurrent Abortable Preclean 0.030ms
[2020-01-29T21:59:07.618+0300][175.656s][debug][gc] GC(2666) YG occupancy: 54475 K (78656 K)
[2020-01-29T21:59:07.629+0300][175.667s][info ][gc] GC(2666) Pause Remark 199M->199M(247M) 10.949ms
[2020-01-29T21:59:07.629+0300][175.667s][info ][gc] GC(2666) Concurrent Sweep
[2020-01-29T21:59:07.632+0300][175.670s][info ][gc] GC(2667) Pause Young (Allocation Failure) 199M->199M(247M) 0.040ms
[2020-01-29T21:59:07.697+0300][175.735s][debug][gc] GC(2666) Concurrent active time: 67.912ms
[2020-01-29T21:59:07.697+0300][175.736s][info ][gc] GC(2666) Concurrent Sweep 68.137ms
[2020-01-29T21:59:07.697+0300][175.736s][debug][gc] GC(2668) Concurrent mode failure
[2020-01-29T21:59:07.791+0300][175.830s][info ][gc] GC(2668) Pause Full (Allocation Failure) 199M->70M(247M) 159.169ms
[2020-01-29T21:59:07.866+0300][175.904s][info ][gc] GC(2669) Pause Young (Allocation Failure) 136M->155M(247M) 56.266ms
[2020-01-29T21:59:07.876+0300][175.914s][info ][gc] GC(2670) Pause Initial Mark 174M->174M(247M) 8.829ms
[2020-01-29T21:59:07.876+0300][175.914s][info ][gc] GC(2670) Concurrent Mark
[2020-01-29T21:59:07.878+0300][175.917s][debug][gc] GC(2670) Concurrent active time: 2.679ms
[2020-01-29T21:59:07.878+0300][175.917s][info ][gc] GC(2670) Concurrent Mark 2.734ms
[2020-01-29T21:59:07.878+0300][175.917s][info ][gc] GC(2670) Concurrent Preclean
[2020-01-29T21:59:07.879+0300][175.917s][debug][gc] GC(2670) Concurrent active time: 0.157ms
[2020-01-29T21:59:07.879+0300][175.917s][info ][gc] GC(2670) Concurrent Preclean 0.195ms
[2020-01-29T21:59:07.879+0300][175.917s][info ][gc] GC(2670) Concurrent Abortable Preclean
[2020-01-29T21:59:07.879+0300][175.917s][debug][gc] GC(2670) Concurrent active time: 0.004ms
[2020-01-29T21:59:07.879+0300][175.917s][info ][gc] GC(2670) Concurrent Abortable Preclean 0.031ms
[2020-01-29T21:59:07.879+0300][175.917s][debug][gc] GC(2670) YG occupancy: 54479 K (78656 K)
[2020-01-29T21:59:07.890+0300][175.928s][info ][gc] GC(2670) Pause Remark 199M->199M(247M) 10.906ms
[2020-01-29T21:59:07.890+0300][175.928s][info ][gc] GC(2670) Concurrent Sweep
[2020-01-29T21:59:07.893+0300][175.931s][info ][gc] GC(2671) Pause Young (Allocation Failure) 199M->199M(247M) 0.040ms
[2020-01-29T21:59:07.958+0300][175.996s][debug][gc] GC(2670) Concurrent active time: 67.517ms
[2020-01-29T21:59:07.958+0300][175.996s][info ][gc] GC(2670) Concurrent Sweep 67.742ms
[2020-01-29T21:59:07.958+0300][175.996s][debug][gc] GC(2672) Concurrent mode failure
[2020-01-29T21:59:08.052+0300][176.091s][info ][gc] GC(2672) Pause Full (Allocation Failure) 199M->70M(247M) 159.990ms
[2020-01-29T21:59:08.124+0300][176.163s][info ][gc] GC(2673) Pause Young (Allocation Failure) 136M->155M(247M) 53.682ms
[2020-01-29T21:59:08.134+0300][176.173s][info ][gc] GC(2674) Pause Initial Mark 174M->174M(247M) 8.864ms
[2020-01-29T21:59:08.134+0300][176.173s][info ][gc] GC(2674) Concurrent Mark
[2020-01-29T21:59:08.137+0300][176.176s][debug][gc] GC(2674) Concurrent active time: 2.696ms
[2020-01-29T21:59:08.137+0300][176.176s][info ][gc] GC(2674) Concurrent Mark 2.755ms
[2020-01-29T21:59:08.137+0300][176.176s][info ][gc] GC(2674) Concurrent Preclean
[2020-01-29T21:59:08.137+0300][176.176s][debug][gc] GC(2674) Concurrent active time: 0.159ms
[2020-01-29T21:59:08.137+0300][176.176s][info ][gc] GC(2674) Concurrent Preclean 0.190ms
[2020-01-29T21:59:08.137+0300][176.176s][info ][gc] GC(2674) Concurrent Abortable Preclean
[2020-01-29T21:59:08.137+0300][176.176s][debug][gc] GC(2674) Concurrent active time: 0.004ms
[2020-01-29T21:59:08.137+0300][176.176s][info ][gc] GC(2674) Concurrent Abortable Preclean 0.030ms
[2020-01-29T21:59:08.137+0300][176.176s][debug][gc] GC(2674) YG occupancy: 54485 K (78656 K)
[2020-01-29T21:59:08.148+0300][176.187s][info ][gc] GC(2674) Pause Remark 199M->199M(247M) 10.927ms
[2020-01-29T21:59:08.148+0300][176.187s][info ][gc] GC(2674) Concurrent Sweep
[2020-01-29T21:59:08.151+0300][176.190s][info ][gc] GC(2675) Pause Young (Allocation Failure) 199M->199M(247M) 0.040ms
[2020-01-29T21:59:08.215+0300][176.256s][debug][gc] GC(2674) Concurrent active time: 68.330ms
[2020-01-29T21:59:08.215+0300][176.256s][info ][gc] GC(2674) Concurrent Sweep 68.565ms
[2020-01-29T21:59:08.215+0300][176.256s][debug][gc] GC(2676) Concurrent mode failure
[2020-01-29T21:59:08.310+0300][176.349s][info ][gc] GC(2676) Pause Full (Allocation Failure) 199M->70M(247M) 159.153ms
[2020-01-29T21:59:08.379+0300][176.421s][info ][gc] GC(2677) Pause Young (Allocation Failure) 136M->155M(247M) 53.975ms
[2020-01-29T21:59:08.395+0300][176.433s][info ][gc] GC(2678) Pause Initial Mark 174M->174M(247M) 8.810ms
[2020-01-29T21:59:08.395+0300][176.433s][info ][gc] GC(2678) Concurrent Mark
[2020-01-29T21:59:08.397+0300][176.436s][debug][gc] GC(2678) Concurrent active time: 2.689ms
[2020-01-29T21:59:08.397+0300][176.436s][info ][gc] GC(2678) Concurrent Mark 2.743ms
[2020-01-29T21:59:08.397+0300][176.436s][info ][gc] GC(2678) Concurrent Preclean
[2020-01-29T21:59:08.397+0300][176.436s][debug][gc] GC(2678) Concurrent active time: 0.156ms
[2020-01-29T21:59:08.397+0300][176.436s][info ][gc] GC(2678) Concurrent Preclean 0.187ms
[2020-01-29T21:59:08.397+0300][176.436s][info ][gc] GC(2678) Concurrent Abortable Preclean
[2020-01-29T21:59:08.397+0300][176.436s][debug][gc] GC(2678) Concurrent active time: 0.004ms
[2020-01-29T21:59:08.397+0300][176.436s][info ][gc] GC(2678) Concurrent Abortable Preclean 0.030ms
[2020-01-29T21:59:08.397+0300][176.436s][debug][gc] GC(2678) YG occupancy: 54488 K (78656 K)
[2020-01-29T21:59:08.410+0300][176.448s][info ][gc] GC(2678) Pause Remark 199M->199M(247M) 11.431ms
[2020-01-29T21:59:08.410+0300][176.448s][info ][gc] GC(2678) Concurrent Sweep
[2020-01-29T21:59:08.413+0300][176.451s][info ][gc] GC(2679) Pause Young (Allocation Failure) 199M->199M(247M) 0.039ms
[2020-01-29T21:59:08.474+0300][176.517s][debug][gc] GC(2678) Concurrent active time: 68.833ms
[2020-01-29T21:59:08.474+0300][176.517s][info ][gc] GC(2678) Concurrent Sweep 69.064ms
[2020-01-29T21:59:08.474+0300][176.517s][debug][gc] GC(2680) Concurrent mode failure
[2020-01-29T21:59:08.569+0300][176.611s][info ][gc] GC(2680) Pause Full (Allocation Failure) 199M->70M(247M) 159.941ms
[2020-01-29T21:59:08.650+0300][176.692s][info ][gc] GC(2681) Pause Young (Allocation Failure) 136M->155M(247M) 54.927ms
[2020-01-29T21:59:08.660+0300][176.702s][info ][gc] GC(2682) Pause Initial Mark 174M->174M(247M) 8.841ms
[2020-01-29T21:59:08.660+0300][176.702s][info ][gc] GC(2682) Concurrent Mark
[2020-01-29T21:59:08.665+0300][176.705s][debug][gc] GC(2682) Concurrent active time: 2.679ms
[2020-01-29T21:59:08.665+0300][176.705s][info ][gc] GC(2682) Concurrent Mark 2.735ms
[2020-01-29T21:59:08.665+0300][176.705s][info ][gc] GC(2682) Concurrent Preclean
[2020-01-29T21:59:08.665+0300][176.705s][debug][gc] GC(2682) Concurrent active time: 0.158ms
[2020-01-29T21:59:08.665+0300][176.705s][info ][gc] GC(2682) Concurrent Preclean 0.188ms
[2020-01-29T21:59:08.665+0300][176.705s][info ][gc] GC(2682) Concurrent Abortable Preclean
[2020-01-29T21:59:08.665+0300][176.705s][debug][gc] GC(2682) Concurrent active time: 0.004ms
[2020-01-29T21:59:08.665+0300][176.705s][info ][gc] GC(2682) Concurrent Abortable Preclean 0.031ms
[2020-01-29T21:59:08.665+0300][176.705s][debug][gc] GC(2682) YG occupancy: 54474 K (78656 K)
[2020-01-29T21:59:08.675+0300][176.716s][info ][gc] GC(2682) Pause Remark 199M->199M(247M) 10.925ms
[2020-01-29T21:59:08.675+0300][176.716s][info ][gc] GC(2682) Concurrent Sweep
[2020-01-29T21:59:08.680+0300][176.719s][info ][gc] GC(2683) Pause Young (Allocation Failure) 199M->199M(247M) 0.042ms
[2020-01-29T21:59:08.744+0300][176.783s][debug][gc] GC(2682) Concurrent active time: 66.868ms
[2020-01-29T21:59:08.744+0300][176.783s][info ][gc] GC(2682) Concurrent Sweep 67.105ms
[2020-01-29T21:59:08.744+0300][176.783s][debug][gc] GC(2684) Concurrent mode failure
[2020-01-29T21:59:08.834+0300][176.877s][info ][gc] GC(2684) Pause Full (Allocation Failure) 199M->70M(247M) 157.650ms
[2020-01-29T21:59:08.915+0300][176.954s][info ][gc] GC(2685) Pause Young (Allocation Failure) 136M->155M(247M) 56.034ms
[2020-01-29T21:59:08.925+0300][176.963s][info ][gc] GC(2686) Pause Initial Mark 174M->174M(247M) 8.815ms
[2020-01-29T21:59:08.925+0300][176.963s][info ][gc] GC(2686) Concurrent Mark
[2020-01-29T21:59:08.925+0300][176.966s][debug][gc] GC(2686) Concurrent active time: 2.688ms
[2020-01-29T21:59:08.925+0300][176.966s][info ][gc] GC(2686) Concurrent Mark 2.743ms
[2020-01-29T21:59:08.925+0300][176.966s][info ][gc] GC(2686) Concurrent Preclean
[2020-01-29T21:59:08.925+0300][176.966s][debug][gc] GC(2686) Concurrent active time: 0.158ms
[2020-01-29T21:59:08.925+0300][176.966s][info ][gc] GC(2686) Concurrent Preclean 0.189ms
[2020-01-29T21:59:08.925+0300][176.966s][info ][gc] GC(2686) Concurrent Abortable Preclean
[2020-01-29T21:59:08.925+0300][176.966s][debug][gc] GC(2686) Concurrent active time: 0.004ms
[2020-01-29T21:59:08.925+0300][176.966s][info ][gc] GC(2686) Concurrent Abortable Preclean 0.030ms
[2020-01-29T21:59:08.925+0300][176.966s][debug][gc] GC(2686) YG occupancy: 54479 K (78656 K)
[2020-01-29T21:59:08.935+0300][176.977s][info ][gc] GC(2686) Pause Remark 199M->199M(247M) 10.926ms
[2020-01-29T21:59:08.935+0300][176.977s][info ][gc] GC(2686) Concurrent Sweep
[2020-01-29T21:59:08.940+0300][176.980s][info ][gc] GC(2687) Pause Young (Allocation Failure) 199M->199M(247M) 0.043ms
[2020-01-29T21:59:09.004+0300][177.045s][debug][gc] GC(2686) Concurrent active time: 67.213ms
[2020-01-29T21:59:09.004+0300][177.045s][info ][gc] GC(2686) Concurrent Sweep 67.449ms
[2020-01-29T21:59:09.004+0300][177.045s][debug][gc] GC(2688) Concurrent mode failure
[2020-01-29T21:59:09.099+0300][177.138s][info ][gc] GC(2688) Pause Full (Allocation Failure) 199M->70M(247M) 158.051ms
[2020-01-29T21:59:09.173+0300][177.212s][info ][gc] GC(2689) Pause Young (Allocation Failure) 136M->155M(247M) 55.357ms
[2020-01-29T21:59:09.183+0300][177.221s][info ][gc] GC(2690) Pause Initial Mark 174M->174M(247M) 8.821ms
[2020-01-29T21:59:09.183+0300][177.221s][info ][gc] GC(2690) Concurrent Mark
[2020-01-29T21:59:09.185+0300][177.224s][debug][gc] GC(2690) Concurrent active time: 2.687ms
[2020-01-29T21:59:09.185+0300][177.224s][info ][gc] GC(2690) Concurrent Mark 2.743ms
[2020-01-29T21:59:09.185+0300][177.224s][info ][gc] GC(2690) Concurrent Preclean
[2020-01-29T21:59:09.186+0300][177.224s][debug][gc] GC(2690) Concurrent active time: 0.158ms
[2020-01-29T21:59:09.186+0300][177.224s][info ][gc] GC(2690) Concurrent Preclean 0.190ms
[2020-01-29T21:59:09.186+0300][177.224s][info ][gc] GC(2690) Concurrent Abortable Preclean
[2020-01-29T21:59:09.186+0300][177.224s][debug][gc] GC(2690) Concurrent active time: 0.003ms
[2020-01-29T21:59:09.186+0300][177.224s][info ][gc] GC(2690) Concurrent Abortable Preclean 0.030ms
[2020-01-29T21:59:09.186+0300][177.224s][debug][gc] GC(2690) YG occupancy: 54485 K (78656 K)
[2020-01-29T21:59:09.197+0300][177.235s][info ][gc] GC(2690) Pause Remark 199M->199M(247M) 10.975ms
[2020-01-29T21:59:09.197+0300][177.235s][info ][gc] GC(2690) Concurrent Sweep
[2020-01-29T21:59:09.200+0300][177.238s][info ][gc] GC(2691) Pause Young (Allocation Failure) 199M->199M(247M) 0.040ms
[2020-01-29T21:59:09.265+0300][177.304s][debug][gc] GC(2690) Concurrent active time: 67.978ms
[2020-01-29T21:59:09.265+0300][177.304s][info ][gc] GC(2690) Concurrent Sweep 68.207ms
[2020-01-29T21:59:09.265+0300][177.304s][debug][gc] GC(2692) Concurrent mode failure
[2020-01-29T21:59:09.359+0300][177.398s][info ][gc] GC(2692) Pause Full (Allocation Failure) 199M->70M(247M) 159.034ms
[2020-01-29T21:59:09.432+0300][177.471s][info ][gc] GC(2693) Pause Young (Allocation Failure) 136M->155M(247M) 54.809ms
[2020-01-29T21:59:09.442+0300][177.480s][info ][gc] GC(2694) Pause Initial Mark 174M->174M(247M) 8.828ms
[2020-01-29T21:59:09.442+0300][177.480s][info ][gc] GC(2694) Concurrent Mark
[2020-01-29T21:59:09.445+0300][177.483s][debug][gc] GC(2694) Concurrent active time: 2.848ms
[2020-01-29T21:59:09.445+0300][177.483s][info ][gc] GC(2694) Concurrent Mark 3.063ms
[2020-01-29T21:59:09.445+0300][177.483s][info ][gc] GC(2694) Concurrent Preclean
[2020-01-29T21:59:09.445+0300][177.483s][debug][gc] GC(2694) Concurrent active time: 0.173ms
[2020-01-29T21:59:09.445+0300][177.483s][info ][gc] GC(2694) Concurrent Preclean 0.204ms
[2020-01-29T21:59:09.445+0300][177.483s][info ][gc] GC(2694) Concurrent Abortable Preclean
[2020-01-29T21:59:09.445+0300][177.483s][debug][gc] GC(2694) Concurrent active time: 0.004ms
[2020-01-29T21:59:09.445+0300][177.484s][info ][gc] GC(2694) Concurrent Abortable Preclean 0.031ms
[2020-01-29T21:59:09.445+0300][177.484s][debug][gc] GC(2694) YG occupancy: 49094 K (78656 K)
[2020-01-29T21:59:09.456+0300][177.494s][info ][gc] GC(2694) Pause Remark 194M->194M(247M) 10.798ms
[2020-01-29T21:59:09.456+0300][177.494s][info ][gc] GC(2694) Concurrent Sweep
[2020-01-29T21:59:09.460+0300][177.498s][info ][gc] GC(2695) Pause Young (Allocation Failure) 198M->198M(247M) 0.039ms
[2020-01-29T21:59:09.523+0300][177.562s][debug][gc] GC(2694) Concurrent active time: 67.461ms
[2020-01-29T21:59:09.523+0300][177.562s][info ][gc] GC(2694) Concurrent Sweep 67.698ms
[2020-01-29T21:59:09.523+0300][177.562s][debug][gc] GC(2696) Concurrent mode failure
[2020-01-29T21:59:09.618+0300][177.656s][info ][gc] GC(2696) Pause Full (Allocation Failure) 198M->70M(247M) 158.115ms
[2020-01-29T21:59:09.691+0300][177.730s][info ][gc] GC(2697) Pause Young (Allocation Failure) 136M->155M(247M) 54.975ms
[2020-01-29T21:59:09.700+0300][177.739s][info ][gc] GC(2698) Pause Initial Mark 174M->174M(247M) 8.833ms
[2020-01-29T21:59:09.700+0300][177.739s][info ][gc] GC(2698) Concurrent Mark
[2020-01-29T21:59:09.703+0300][177.742s][debug][gc] GC(2698) Concurrent active time: 2.879ms
[2020-01-29T21:59:09.703+0300][177.742s][info ][gc] GC(2698) Concurrent Mark 2.954ms
[2020-01-29T21:59:09.703+0300][177.742s][info ][gc] GC(2698) Concurrent Preclean
[2020-01-29T21:59:09.704+0300][177.742s][debug][gc] GC(2698) Concurrent active time: 0.193ms
[2020-01-29T21:59:09.704+0300][177.742s][info ][gc] GC(2698) Concurrent Preclean 0.232ms
[2020-01-29T21:59:09.704+0300][177.742s][info ][gc] GC(2698) Concurrent Abortable Preclean
[2020-01-29T21:59:09.704+0300][177.742s][debug][gc] GC(2698) Concurrent active time: 0.005ms
[2020-01-29T21:59:09.704+0300][177.742s][info ][gc] GC(2698) Concurrent Abortable Preclean 0.032ms
[2020-01-29T21:59:09.704+0300][177.743s][debug][gc] GC(2698) YG occupancy: 54520 K (78656 K)
[2020-01-29T21:59:09.715+0300][177.754s][info ][gc] GC(2698) Pause Remark 199M->199M(247M) 11.040ms
[2020-01-29T21:59:09.715+0300][177.754s][info ][gc] GC(2698) Concurrent Sweep
[2020-01-29T21:59:09.718+0300][177.757s][info ][gc] GC(2699) Pause Young (Allocation Failure) 199M->199M(247M) 0.043ms
[2020-01-29T21:59:09.783+0300][177.822s][debug][gc] GC(2698) Concurrent active time: 67.813ms
[2020-01-29T21:59:09.783+0300][177.822s][info ][gc] GC(2698) Concurrent Sweep 68.110ms
[2020-01-29T21:59:09.783+0300][177.822s][debug][gc] GC(2700) Concurrent mode failure
[2020-01-29T21:59:09.878+0300][177.916s][info ][gc] GC(2700) Pause Full (Allocation Failure) 199M->70M(247M) 159.079ms
[2020-01-29T21:59:09.952+0300][177.990s][info ][gc] GC(2701) Pause Young (Allocation Failure) 136M->155M(247M) 56.289ms
[2020-01-29T21:59:09.962+0300][178.000s][info ][gc] GC(2702) Pause Initial Mark 174M->174M(247M) 8.811ms
[2020-01-29T21:59:09.962+0300][178.000s][info ][gc] GC(2702) Concurrent Mark
[2020-01-29T21:59:09.964+0300][178.003s][debug][gc] GC(2702) Concurrent active time: 2.673ms
[2020-01-29T21:59:09.964+0300][178.003s][info ][gc] GC(2702) Concurrent Mark 2.727ms
[2020-01-29T21:59:09.964+0300][178.003s][info ][gc] GC(2702) Concurrent Preclean
[2020-01-29T21:59:09.965+0300][178.003s][debug][gc] GC(2702) Concurrent active time: 0.159ms
[2020-01-29T21:59:09.965+0300][178.003s][info ][gc] GC(2702) Concurrent Preclean 0.190ms
[2020-01-29T21:59:09.965+0300][178.003s][info ][gc] GC(2702) Concurrent Abortable Preclean
[2020-01-29T21:59:09.965+0300][178.003s][debug][gc] GC(2702) Concurrent active time: 0.004ms
[2020-01-29T21:59:09.965+0300][178.003s][info ][gc] GC(2702) Concurrent Abortable Preclean 0.031ms
[2020-01-29T21:59:09.965+0300][178.003s][debug][gc] GC(2702) YG occupancy: 54489 K (78656 K)
[2020-01-29T21:59:09.976+0300][178.014s][info ][gc] GC(2702) Pause Remark 199M->199M(247M) 10.913ms
[2020-01-29T21:59:09.976+0300][178.014s][info ][gc] GC(2702) Concurrent Sweep
[2020-01-29T21:59:09.979+0300][178.017s][info ][gc] GC(2703) Pause Young (Allocation Failure) 199M->199M(247M) 0.040ms
[2020-01-29T21:59:10.042+0300][178.081s][debug][gc] GC(2702) Concurrent active time: 67.228ms
[2020-01-29T21:59:10.042+0300][178.081s][info ][gc] GC(2702) Concurrent Sweep 67.465ms
[2020-01-29T21:59:10.042+0300][178.081s][debug][gc] GC(2704) Concurrent mode failure
[2020-01-29T21:59:10.137+0300][178.176s][info ][gc] GC(2704) Pause Full (Allocation Failure) 199M->70M(247M) 159.059ms
[2020-01-29T21:59:10.210+0300][178.248s][info ][gc] GC(2705) Pause Young (Allocation Failure) 136M->155M(247M) 54.211ms
[2020-01-29T21:59:10.220+0300][178.258s][info ][gc] GC(2706) Pause Initial Mark 174M->174M(247M) 8.821ms
[2020-01-29T21:59:10.220+0300][178.258s][info ][gc] GC(2706) Concurrent Mark
[2020-01-29T21:59:10.222+0300][178.261s][debug][gc] GC(2706) Concurrent active time: 2.661ms
[2020-01-29T21:59:10.222+0300][178.261s][info ][gc] GC(2706) Concurrent Mark 2.716ms
[2020-01-29T21:59:10.222+0300][178.261s][info ][gc] GC(2706) Concurrent Preclean
[2020-01-29T21:59:10.222+0300][178.261s][debug][gc] GC(2706) Concurrent active time: 0.154ms
[2020-01-29T21:59:10.223+0300][178.261s][info ][gc] GC(2706) Concurrent Preclean 0.190ms
[2020-01-29T21:59:10.223+0300][178.261s][info ][gc] GC(2706) Concurrent Abortable Preclean
[2020-01-29T21:59:10.223+0300][178.261s][debug][gc] GC(2706) Concurrent active time: 0.003ms
[2020-01-29T21:59:10.223+0300][178.261s][info ][gc] GC(2706) Concurrent Abortable Preclean 0.030ms
[2020-01-29T21:59:10.223+0300][178.261s][debug][gc] GC(2706) YG occupancy: 54489 K (78656 K)
[2020-01-29T21:59:10.234+0300][178.272s][info ][gc] GC(2706) Pause Remark 199M->199M(247M) 11.082ms
[2020-01-29T21:59:10.234+0300][178.272s][info ][gc] GC(2706) Concurrent Sweep
[2020-01-29T21:59:10.237+0300][178.275s][info ][gc] GC(2707) Pause Young (Allocation Failure) 199M->199M(247M) 0.040ms
[2020-01-29T21:59:10.303+0300][178.341s][debug][gc] GC(2706) Concurrent active time: 68.940ms
[2020-01-29T21:59:10.303+0300][178.341s][info ][gc] GC(2706) Concurrent Sweep 69.170ms
[2020-01-29T21:59:10.303+0300][178.341s][debug][gc] GC(2708) Concurrent mode failure
[2020-01-29T21:59:10.396+0300][178.435s][info ][gc] GC(2708) Pause Full (Allocation Failure) 199M->70M(247M) 160.208ms
[2020-01-29T21:59:10.469+0300][178.508s][info ][gc] GC(2709) Pause Young (Allocation Failure) 136M->155M(247M) 53.678ms
[2020-01-29T21:59:10.479+0300][178.518s][info ][gc] GC(2710) Pause Initial Mark 174M->174M(247M) 8.823ms
[2020-01-29T21:59:10.479+0300][178.518s][info ][gc] GC(2710) Concurrent Mark
[2020-01-29T21:59:10.482+0300][178.521s][debug][gc] GC(2710) Concurrent active time: 2.821ms
[2020-01-29T21:59:10.482+0300][178.521s][info ][gc] GC(2710) Concurrent Mark 2.971ms
[2020-01-29T21:59:10.482+0300][178.521s][info ][gc] GC(2710) Concurrent Preclean
[2020-01-29T21:59:10.482+0300][178.521s][debug][gc] GC(2710) Concurrent active time: 0.166ms
[2020-01-29T21:59:10.482+0300][178.521s][info ][gc] GC(2710) Concurrent Preclean 0.197ms
[2020-01-29T21:59:10.482+0300][178.521s][info ][gc] GC(2710) Concurrent Abortable Preclean
[2020-01-29T21:59:10.482+0300][178.521s][debug][gc] GC(2710) Concurrent active time: 0.004ms
[2020-01-29T21:59:10.482+0300][178.521s][info ][gc] GC(2710) Concurrent Abortable Preclean 0.030ms
[2020-01-29T21:59:10.482+0300][178.521s][debug][gc] GC(2710) YG occupancy: 54597 K (78656 K)
[2020-01-29T21:59:10.493+0300][178.532s][info ][gc] GC(2710) Pause Remark 199M->199M(247M) 10.957ms
[2020-01-29T21:59:10.494+0300][178.532s][info ][gc] GC(2710) Concurrent Sweep
[2020-01-29T21:59:10.497+0300][178.535s][info ][gc] GC(2711) Pause Young (Allocation Failure) 199M->199M(247M) 0.043ms
[2020-01-29T21:59:10.564+0300][178.602s][debug][gc] GC(2710) Concurrent active time: 69.473ms
[2020-01-29T21:59:10.564+0300][178.602s][info ][gc] GC(2710) Concurrent Sweep 69.712ms
[2020-01-29T21:59:10.564+0300][178.602s][debug][gc] GC(2712) Concurrent mode failure
[2020-01-29T21:59:10.657+0300][178.696s][info ][gc] GC(2712) Pause Full (Allocation Failure) 199M->70M(247M) 160.817ms
[2020-01-29T21:59:10.731+0300][178.769s][info ][gc] GC(2713) Pause Young (Allocation Failure) 136M->155M(247M) 55.106ms
[2020-01-29T21:59:10.741+0300][178.779s][info ][gc] GC(2714) Pause Initial Mark 174M->174M(247M) 8.973ms
[2020-01-29T21:59:10.741+0300][178.779s][info ][gc] GC(2714) Concurrent Mark
[2020-01-29T21:59:10.744+0300][178.782s][debug][gc] GC(2714) Concurrent active time: 2.862ms
[2020-01-29T21:59:10.744+0300][178.782s][info ][gc] GC(2714) Concurrent Mark 2.933ms
[2020-01-29T21:59:10.744+0300][178.782s][info ][gc] GC(2714) Concurrent Preclean
[2020-01-29T21:59:10.744+0300][178.782s][debug][gc] GC(2714) Concurrent active time: 0.180ms
[2020-01-29T21:59:10.744+0300][178.782s][info ][gc] GC(2714) Concurrent Preclean 0.212ms
[2020-01-29T21:59:10.744+0300][178.782s][info ][gc] GC(2714) Concurrent Abortable Preclean
[2020-01-29T21:59:10.744+0300][178.782s][debug][gc] GC(2714) Concurrent active time: 0.006ms
[2020-01-29T21:59:10.744+0300][178.782s][info ][gc] GC(2714) Concurrent Abortable Preclean 0.034ms
[2020-01-29T21:59:10.744+0300][178.783s][debug][gc] GC(2714) YG occupancy: 54523 K (78656 K)
[2020-01-29T21:59:10.759+0300][178.798s][info ][gc] GC(2714) Pause Remark 199M->199M(247M) 15.073ms
[2020-01-29T21:59:10.759+0300][178.798s][info ][gc] GC(2714) Concurrent Sweep
[2020-01-29T21:59:10.762+0300][178.801s][info ][gc] GC(2715) Pause Young (Allocation Failure) 199M->199M(247M) 0.042ms
[2020-01-29T21:59:10.827+0300][178.866s][debug][gc] GC(2714) Concurrent active time: 67.762ms
[2020-01-29T21:59:10.827+0300][178.866s][info ][gc] GC(2714) Concurrent Sweep 68.004ms
[2020-01-29T21:59:10.827+0300][178.866s][debug][gc] GC(2716) Concurrent mode failure
[2020-01-29T21:59:10.922+0300][178.960s][info ][gc] GC(2716) Pause Full (Allocation Failure) 199M->70M(247M) 159.704ms
[2020-01-29T21:59:10.998+0300][179.037s][info ][gc] GC(2717) Pause Young (Allocation Failure) 136M->155M(247M) 58.171ms
[2020-01-29T21:59:11.008+0300][179.046s][info ][gc] GC(2718) Pause Initial Mark 174M->174M(247M) 8.822ms
[2020-01-29T21:59:11.008+0300][179.046s][info ][gc] GC(2718) Concurrent Mark
[2020-01-29T21:59:11.010+0300][179.049s][debug][gc] GC(2718) Concurrent active time: 2.706ms
[2020-01-29T21:59:11.010+0300][179.049s][info ][gc] GC(2718) Concurrent Mark 2.765ms
[2020-01-29T21:59:11.010+0300][179.049s][info ][gc] GC(2718) Concurrent Preclean
[2020-01-29T21:59:11.011+0300][179.049s][debug][gc] GC(2718) Concurrent active time: 0.161ms
[2020-01-29T21:59:11.011+0300][179.049s][info ][gc] GC(2718) Concurrent Preclean 0.191ms
[2020-01-29T21:59:11.011+0300][179.049s][info ][gc] GC(2718) Concurrent Abortable Preclean
[2020-01-29T21:59:11.011+0300][179.049s][debug][gc] GC(2718) Concurrent active time: 0.005ms
[2020-01-29T21:59:11.011+0300][179.049s][info ][gc] GC(2718) Concurrent Abortable Preclean 0.031ms
[2020-01-29T21:59:11.011+0300][179.049s][debug][gc] GC(2718) YG occupancy: 54490 K (78656 K)
[2020-01-29T21:59:11.022+0300][179.060s][info ][gc] GC(2718) Pause Remark 199M->199M(247M) 10.899ms
[2020-01-29T21:59:11.022+0300][179.060s][info ][gc] GC(2718) Concurrent Sweep
[2020-01-29T21:59:11.025+0300][179.063s][info ][gc] GC(2719) Pause Young (Allocation Failure) 199M->199M(247M) 0.040ms
[2020-01-29T21:59:11.090+0300][179.128s][debug][gc] GC(2718) Concurrent active time: 67.676ms
[2020-01-29T21:59:11.090+0300][179.128s][info ][gc] GC(2718) Concurrent Sweep 67.906ms
[2020-01-29T21:59:11.090+0300][179.128s][debug][gc] GC(2720) Concurrent mode failure
[2020-01-29T21:59:11.184+0300][179.222s][info ][gc] GC(2720) Pause Full (Allocation Failure) 199M->70M(247M) 158.863ms
[2020-01-29T21:59:11.257+0300][179.296s][info ][gc] GC(2721) Pause Young (Allocation Failure) 136M->155M(247M) 54.946ms
[2020-01-29T21:59:11.267+0300][179.305s][info ][gc] GC(2722) Pause Initial Mark 174M->174M(247M) 8.828ms
[2020-01-29T21:59:11.267+0300][179.306s][info ][gc] GC(2722) Concurrent Mark
[2020-01-29T21:59:11.270+0300][179.308s][debug][gc] GC(2722) Concurrent active time: 2.683ms
[2020-01-29T21:59:11.270+0300][179.308s][info ][gc] GC(2722) Concurrent Mark 2.739ms
[2020-01-29T21:59:11.270+0300][179.308s][info ][gc] GC(2722) Concurrent Preclean
[2020-01-29T21:59:11.270+0300][179.308s][debug][gc] GC(2722) Concurrent active time: 0.156ms
[2020-01-29T21:59:11.270+0300][179.308s][info ][gc] GC(2722) Concurrent Preclean 0.187ms
[2020-01-29T21:59:11.270+0300][179.309s][info ][gc] GC(2722) Concurrent Abortable Preclean
[2020-01-29T21:59:11.270+0300][179.309s][debug][gc] GC(2722) Concurrent active time: 0.004ms
[2020-01-29T21:59:11.270+0300][179.309s][info ][gc] GC(2722) Concurrent Abortable Preclean 0.030ms
[2020-01-29T21:59:11.270+0300][179.309s][debug][gc] GC(2722) YG occupancy: 54490 K (78656 K)
[2020-01-29T21:59:11.281+0300][179.320s][info ][gc] GC(2722) Pause Remark 199M->199M(247M) 10.909ms
[2020-01-29T21:59:11.281+0300][179.320s][info ][gc] GC(2722) Concurrent Sweep
[2020-01-29T21:59:11.284+0300][179.323s][info ][gc] GC(2723) Pause Young (Allocation Failure) 199M->199M(247M) 0.040ms
[2020-01-29T21:59:11.349+0300][179.388s][debug][gc] GC(2722) Concurrent active time: 68.009ms
[2020-01-29T21:59:11.349+0300][179.388s][info ][gc] GC(2722) Concurrent Sweep 68.237ms
[2020-01-29T21:59:11.349+0300][179.388s][debug][gc] GC(2724) Concurrent mode failure
[2020-01-29T21:59:11.442+0300][179.481s][info ][gc] GC(2724) Pause Full (Allocation Failure) 199M->70M(247M) 158.493ms
[2020-01-29T21:59:11.516+0300][179.555s][info ][gc] GC(2725) Pause Young (Allocation Failure) 136M->155M(247M) 55.762ms
[2020-01-29T21:59:11.526+0300][179.565s][info ][gc] GC(2726) Pause Initial Mark 174M->174M(247M) 8.835ms
[2020-01-29T21:59:11.526+0300][179.565s][info ][gc] GC(2726) Concurrent Mark
[2020-01-29T21:59:11.529+0300][179.567s][debug][gc] GC(2726) Concurrent active time: 2.676ms
[2020-01-29T21:59:11.529+0300][179.567s][info ][gc] GC(2726) Concurrent Mark 2.732ms
[2020-01-29T21:59:11.529+0300][179.567s][info ][gc] GC(2726) Concurrent Preclean
[2020-01-29T21:59:11.529+0300][179.568s][debug][gc] GC(2726) Concurrent active time: 0.156ms
[2020-01-29T21:59:11.529+0300][179.568s][info ][gc] GC(2726) Concurrent Preclean 0.187ms
[2020-01-29T21:59:11.529+0300][179.568s][info ][gc] GC(2726) Concurrent Abortable Preclean
[2020-01-29T21:59:11.529+0300][179.568s][debug][gc] GC(2726) Concurrent active time: 0.003ms
[2020-01-29T21:59:11.529+0300][179.568s][info ][gc] GC(2726) Concurrent Abortable Preclean 0.030ms
[2020-01-29T21:59:11.529+0300][179.568s][debug][gc] GC(2726) YG occupancy: 54476 K (78656 K)
[2020-01-29T21:59:11.540+0300][179.579s][info ][gc] GC(2726) Pause Remark 199M->199M(247M) 10.912ms
[2020-01-29T21:59:11.540+0300][179.579s][info ][gc] GC(2726) Concurrent Sweep
[2020-01-29T21:59:11.543+0300][179.582s][info ][gc] GC(2727) Pause Young (Allocation Failure) 199M->199M(247M) 0.040ms
[2020-01-29T21:59:11.609+0300][179.648s][debug][gc] GC(2726) Concurrent active time: 68.694ms
[2020-01-29T21:59:11.609+0300][179.648s][info ][gc] GC(2726) Concurrent Sweep 68.919ms
[2020-01-29T21:59:11.609+0300][179.648s][debug][gc] GC(2728) Concurrent mode failure
[2020-01-29T21:59:11.704+0300][179.742s][info ][gc] GC(2728) Pause Full (Allocation Failure) 199M->70M(247M) 160.484ms
[2020-01-29T21:59:11.791+0300][179.830s][info ][gc] GC(2729) Pause Young (Allocation Failure) 136M->155M(247M) 69.255ms
[2020-01-29T21:59:11.801+0300][179.839s][info ][gc] GC(2730) Pause Initial Mark 174M->174M(247M) 8.829ms
[2020-01-29T21:59:11.801+0300][179.839s][info ][gc] GC(2730) Concurrent Mark
[2020-01-29T21:59:11.803+0300][179.842s][debug][gc] GC(2730) Concurrent active time: 2.677ms
[2020-01-29T21:59:11.803+0300][179.842s][info ][gc] GC(2730) Concurrent Mark 2.736ms
[2020-01-29T21:59:11.803+0300][179.842s][info ][gc] GC(2730) Concurrent Preclean
[2020-01-29T21:59:11.804+0300][179.842s][debug][gc] GC(2730) Concurrent active time: 0.159ms
[2020-01-29T21:59:11.804+0300][179.842s][info ][gc] GC(2730) Concurrent Preclean 0.191ms
[2020-01-29T21:59:11.804+0300][179.842s][info ][gc] GC(2730) Concurrent Abortable Preclean
[2020-01-29T21:59:11.804+0300][179.842s][debug][gc] GC(2730) Concurrent active time: 0.004ms
[2020-01-29T21:59:11.804+0300][179.842s][info ][gc] GC(2730) Concurrent Abortable Preclean 0.030ms
[2020-01-29T21:59:11.804+0300][179.843s][debug][gc] GC(2730) YG occupancy: 54479 K (78656 K)
[2020-01-29T21:59:11.815+0300][179.853s][info ][gc] GC(2730) Pause Remark 199M->199M(247M) 10.906ms
[2020-01-29T21:59:11.815+0300][179.853s][info ][gc] GC(2730) Concurrent Sweep
[2020-01-29T21:59:11.818+0300][179.856s][info ][gc] GC(2731) Pause Young (Allocation Failure) 199M->199M(247M) 0.040ms
[2020-01-29T21:59:11.883+0300][179.922s][debug][gc] GC(2730) Concurrent active time: 68.139ms
[2020-01-29T21:59:11.883+0300][179.922s][info ][gc] GC(2730) Concurrent Sweep 68.364ms
[2020-01-29T21:59:11.883+0300][179.922s][debug][gc] GC(2732) Concurrent mode failure
[2020-01-29T21:59:11.978+0300][180.016s][info ][gc] GC(2732) Pause Full (Allocation Failure) 199M->70M(247M) 160.002ms
[2020-01-29T21:59:12.050+0300][180.088s][info ][gc] GC(2733) Pause Young (Allocation Failure) 136M->155M(247M) 53.745ms
[2020-01-29T21:59:12.060+0300][180.098s][info ][gc] GC(2734) Pause Initial Mark 174M->174M(247M) 8.828ms
[2020-01-29T21:59:12.060+0300][180.098s][info ][gc] GC(2734) Concurrent Mark
[2020-01-29T21:59:12.063+0300][180.101s][debug][gc] GC(2734) Concurrent active time: 2.678ms
[2020-01-29T21:59:12.063+0300][180.101s][info ][gc] GC(2734) Concurrent Mark 2.735ms
[2020-01-29T21:59:12.063+0300][180.101s][info ][gc] GC(2734) Concurrent Preclean
[2020-01-29T21:59:12.063+0300][180.101s][debug][gc] GC(2734) Concurrent active time: 0.156ms
[2020-01-29T21:59:12.063+0300][180.101s][info ][gc] GC(2734) Concurrent Preclean 0.186ms
[2020-01-29T21:59:12.063+0300][180.101s][info ][gc] GC(2734) Concurrent Abortable Preclean
[2020-01-29T21:59:12.063+0300][180.101s][debug][gc] GC(2734) Concurrent active time: 0.004ms
[2020-01-29T21:59:12.063+0300][180.101s][info ][gc] GC(2734) Concurrent Abortable Preclean 0.031ms
[2020-01-29T21:59:12.063+0300][180.101s][debug][gc] GC(2734) YG occupancy: 54485 K (78656 K)
[2020-01-29T21:59:12.074+0300][180.112s][info ][gc] GC(2734) Pause Remark 199M->199M(247M) 11.121ms
[2020-01-29T21:59:12.074+0300][180.112s][info ][gc] GC(2734) Concurrent Sweep
[2020-01-29T21:59:12.078+0300][180.116s][info ][gc] GC(2735) Pause Young (Allocation Failure) 199M->199M(247M) 0.056ms
[2020-01-29T21:59:12.143+0300][180.182s][debug][gc] GC(2734) Concurrent active time: 69.103ms
[2020-01-29T21:59:12.143+0300][180.182s][info ][gc] GC(2734) Concurrent Sweep 69.360ms
[2020-01-29T21:59:12.143+0300][180.182s][debug][gc] GC(2736) Concurrent mode failure
[2020-01-29T21:59:12.238+0300][180.276s][info ][gc] GC(2736) Pause Full (Allocation Failure) 199M->70M(247M) 160.530ms
[2020-01-29T21:59:12.310+0300][180.348s][info ][gc] GC(2737) Pause Young (Allocation Failure) 136M->155M(247M) 53.876ms
[2020-01-29T21:59:12.319+0300][180.358s][info ][gc] GC(2738) Pause Initial Mark 174M->174M(247M) 8.832ms
[2020-01-29T21:59:12.319+0300][180.358s][info ][gc] GC(2738) Concurrent Mark
[2020-01-29T21:59:12.322+0300][180.361s][debug][gc] GC(2738) Concurrent active time: 2.670ms
[2020-01-29T21:59:12.322+0300][180.361s][info ][gc] GC(2738) Concurrent Mark 2.722ms
[2020-01-29T21:59:12.322+0300][180.361s][info ][gc] GC(2738) Concurrent Preclean
[2020-01-29T21:59:12.322+0300][180.361s][debug][gc] GC(2738) Concurrent active time: 0.156ms
[2020-01-29T21:59:12.322+0300][180.361s][info ][gc] GC(2738) Concurrent Preclean 0.187ms
[2020-01-29T21:59:12.322+0300][180.361s][info ][gc] GC(2738) Concurrent Abortable Preclean
[2020-01-29T21:59:12.322+0300][180.361s][debug][gc] GC(2738) Concurrent active time: 0.004ms
[2020-01-29T21:59:12.322+0300][180.361s][info ][gc] GC(2738) Concurrent Abortable Preclean 0.030ms
[2020-01-29T21:59:12.322+0300][180.361s][debug][gc] GC(2738) YG occupancy: 54488 K (78656 K)
[2020-01-29T21:59:12.333+0300][180.372s][info ][gc] GC(2738) Pause Remark 199M->199M(247M) 10.962ms
[2020-01-29T21:59:12.333+0300][180.372s][info ][gc] GC(2738) Concurrent Sweep
[2020-01-29T21:59:12.337+0300][180.375s][info ][gc] GC(2739) Pause Young (Allocation Failure) 199M->199M(247M) 0.040ms
[2020-01-29T21:59:12.404+0300][180.442s][debug][gc] GC(2738) Concurrent active time: 69.815ms
[2020-01-29T21:59:12.404+0300][180.442s][info ][gc] GC(2738) Concurrent Sweep 70.044ms
[2020-01-29T21:59:12.404+0300][180.442s][debug][gc] GC(2740) Concurrent mode failure
[2020-01-29T21:59:12.498+0300][180.537s][info ][gc] GC(2740) Pause Full (Allocation Failure) 199M->70M(247M) 161.255ms
[2020-01-29T21:59:12.571+0300][180.609s][info ][gc] GC(2741) Pause Young (Allocation Failure) 136M->155M(247M) 53.879ms
[2020-01-29T21:59:12.580+0300][180.619s][info ][gc] GC(2742) Pause Initial Mark 174M->174M(247M) 8.811ms
[2020-01-29T21:59:12.580+0300][180.619s][info ][gc] GC(2742) Concurrent Mark
[2020-01-29T21:59:12.583+0300][180.622s][debug][gc] GC(2742) Concurrent active time: 2.657ms
[2020-01-29T21:59:12.583+0300][180.622s][info ][gc] GC(2742) Concurrent Mark 2.710ms
[2020-01-29T21:59:12.583+0300][180.622s][info ][gc] GC(2742) Concurrent Preclean
[2020-01-29T21:59:12.583+0300][180.622s][debug][gc] GC(2742) Concurrent active time: 0.154ms
[2020-01-29T21:59:12.583+0300][180.622s][info ][gc] GC(2742) Concurrent Preclean 0.190ms
[2020-01-29T21:59:12.583+0300][180.622s][info ][gc] GC(2742) Concurrent Abortable Preclean
[2020-01-29T21:59:12.583+0300][180.622s][debug][gc] GC(2742) Concurrent active time: 0.003ms
[2020-01-29T21:59:12.583+0300][180.622s][info ][gc] GC(2742) Concurrent Abortable Preclean 0.030ms
[2020-01-29T21:59:12.583+0300][180.622s][debug][gc] GC(2742) YG occupancy: 54474 K (78656 K)
[2020-01-29T21:59:12.594+0300][180.633s][info ][gc] GC(2742) Pause Remark 199M->199M(247M) 10.931ms
[2020-01-29T21:59:12.594+0300][180.633s][info ][gc] GC(2742) Concurrent Sweep
[2020-01-29T21:59:12.597+0300][180.636s][info ][gc] GC(2743) Pause Young (Allocation Failure) 199M->199M(247M) 0.040ms
[2020-01-29T21:59:12.663+0300][180.701s][debug][gc] GC(2742) Concurrent active time: 68.118ms
[2020-01-29T21:59:12.663+0300][180.701s][info ][gc] GC(2742) Concurrent Sweep 68.345ms
[2020-01-29T21:59:12.663+0300][180.701s][debug][gc] GC(2744) Concurrent mode failure
[2020-01-29T21:59:12.757+0300][180.795s][info ][gc] GC(2744) Pause Full (Allocation Failure) 199M->70M(247M) 158.888ms
[2020-01-29T21:59:12.831+0300][180.869s][info ][gc] GC(2745) Pause Young (Allocation Failure) 136M->155M(247M) 55.658ms
[2020-01-29T21:59:12.841+0300][180.879s][info ][gc] GC(2746) Pause Initial Mark 174M->174M(247M) 8.841ms
[2020-01-29T21:59:12.841+0300][180.879s][info ][gc] GC(2746) Concurrent Mark
[2020-01-29T21:59:12.843+0300][180.882s][debug][gc] GC(2746) Concurrent active time: 2.679ms
[2020-01-29T21:59:12.843+0300][180.882s][info ][gc] GC(2746) Concurrent Mark 2.733ms
[2020-01-29T21:59:12.843+0300][180.882s][info ][gc] GC(2746) Concurrent Preclean
[2020-01-29T21:59:12.844+0300][180.882s][debug][gc] GC(2746) Concurrent active time: 0.160ms
[2020-01-29T21:59:12.844+0300][180.882s][info ][gc] GC(2746) Concurrent Preclean 0.189ms
[2020-01-29T21:59:12.844+0300][180.882s][info ][gc] GC(2746) Concurrent Abortable Preclean
[2020-01-29T21:59:12.844+0300][180.882s][debug][gc] GC(2746) Concurrent active time: 0.003ms
[2020-01-29T21:59:12.844+0300][180.882s][info ][gc] GC(2746) Concurrent Abortable Preclean 0.030ms
[2020-01-29T21:59:12.844+0300][180.882s][debug][gc] GC(2746) YG occupancy: 54479 K (78656 K)
[2020-01-29T21:59:12.855+0300][180.893s][info ][gc] GC(2746) Pause Remark 199M->199M(247M) 11.042ms
[2020-01-29T21:59:12.855+0300][180.893s][info ][gc] GC(2746) Concurrent Sweep
[2020-01-29T21:59:12.858+0300][180.896s][info ][gc] GC(2747) Pause Young (Allocation Failure) 199M->199M(247M) 0.041ms
[2020-01-29T21:59:12.922+0300][180.961s][debug][gc] GC(2746) Concurrent active time: 67.273ms
[2020-01-29T21:59:12.923+0300][180.961s][info ][gc] GC(2746) Concurrent Sweep 67.505ms
[2020-01-29T21:59:12.923+0300][180.961s][debug][gc] GC(2748) Concurrent mode failure
[2020-01-29T21:59:13.017+0300][181.055s][info ][gc] GC(2748) Pause Full (Allocation Failure) 199M->70M(247M) 158.761ms
[2020-01-29T21:59:13.089+0300][181.127s][info ][gc] GC(2749) Pause Young (Allocation Failure) 136M->155M(247M) 54.482ms
[2020-01-29T21:59:13.098+0300][181.137s][info ][gc] GC(2750) Pause Initial Mark 174M->174M(247M) 8.822ms
[2020-01-29T21:59:13.098+0300][181.137s][info ][gc] GC(2750) Concurrent Mark
[2020-01-29T21:59:13.101+0300][181.140s][debug][gc] GC(2750) Concurrent active time: 2.679ms
[2020-01-29T21:59:13.101+0300][181.140s][info ][gc] GC(2750) Concurrent Mark 2.733ms
[2020-01-29T21:59:13.101+0300][181.140s][info ][gc] GC(2750) Concurrent Preclean
[2020-01-29T21:59:13.101+0300][181.140s][debug][gc] GC(2750) Concurrent active time: 0.153ms
[2020-01-29T21:59:13.101+0300][181.140s][info ][gc] GC(2750) Concurrent Preclean 0.183ms
[2020-01-29T21:59:13.101+0300][181.140s][info ][gc] GC(2750) Concurrent Abortable Preclean
[2020-01-29T21:59:13.101+0300][181.140s][debug][gc] GC(2750) Concurrent active time: 0.003ms
[2020-01-29T21:59:13.101+0300][181.140s][info ][gc] GC(2750) Concurrent Abortable Preclean 0.030ms
[2020-01-29T21:59:13.101+0300][181.140s][debug][gc] GC(2750) YG occupancy: 54485 K (78656 K)
[2020-01-29T21:59:13.113+0300][181.151s][info ][gc] GC(2750) Pause Remark 199M->199M(247M) 11.121ms
[2020-01-29T21:59:13.113+0300][181.151s][info ][gc] GC(2750) Concurrent Sweep
[2020-01-29T21:59:13.116+0300][181.154s][info ][gc] GC(2751) Pause Young (Allocation Failure) 199M->199M(247M) 0.041ms
[2020-01-29T21:59:13.181+0300][181.219s][debug][gc] GC(2750) Concurrent active time: 67.837ms
[2020-01-29T21:59:13.181+0300][181.219s][info ][gc] GC(2750) Concurrent Sweep 68.066ms
[2020-01-29T21:59:13.181+0300][181.219s][debug][gc] GC(2752) Concurrent mode failure
[2020-01-29T21:59:13.275+0300][181.314s][info ][gc] GC(2752) Pause Full (Allocation Failure) 199M->70M(247M) 159.244ms
[2020-01-29T21:59:13.349+0300][181.388s][info ][gc] GC(2753) Pause Young (Allocation Failure) 136M->155M(247M) 55.412ms
[2020-01-29T21:59:13.359+0300][181.397s][info ][gc] GC(2754) Pause Initial Mark 174M->174M(247M) 8.826ms
[2020-01-29T21:59:13.359+0300][181.397s][info ][gc] GC(2754) Concurrent Mark
[2020-01-29T21:59:13.362+0300][181.400s][debug][gc] GC(2754) Concurrent active time: 2.671ms
[2020-01-29T21:59:13.362+0300][181.400s][info ][gc] GC(2754) Concurrent Mark 2.728ms
[2020-01-29T21:59:13.362+0300][181.400s][info ][gc] GC(2754) Concurrent Preclean
[2020-01-29T21:59:13.362+0300][181.400s][debug][gc] GC(2754) Concurrent active time: 0.156ms
[2020-01-29T21:59:13.362+0300][181.400s][info ][gc] GC(2754) Concurrent Preclean 0.187ms
[2020-01-29T21:59:13.362+0300][181.400s][info ][gc] GC(2754) Concurrent Abortable Preclean
[2020-01-29T21:59:13.362+0300][181.400s][debug][gc] GC(2754) Concurrent active time: 0.004ms
[2020-01-29T21:59:13.362+0300][181.400s][info ][gc] GC(2754) Concurrent Abortable Preclean 0.030ms
[2020-01-29T21:59:13.362+0300][181.400s][debug][gc] GC(2754) YG occupancy: 54487 K (78656 K)
[2020-01-29T21:59:13.372+0300][181.411s][info ][gc] GC(2754) Pause Remark 199M->199M(247M) 10.989ms
[2020-01-29T21:59:13.372+0300][181.411s][info ][gc] GC(2754) Concurrent Sweep
[2020-01-29T21:59:13.375+0300][181.414s][info ][gc] GC(2755) Pause Young (Allocation Failure) 199M->199M(247M) 0.041ms
[2020-01-29T21:59:13.438+0300][181.480s][debug][gc] GC(2754) Concurrent active time: 68.508ms
[2020-01-29T21:59:13.438+0300][181.480s][info ][gc] GC(2754) Concurrent Sweep 68.744ms
[2020-01-29T21:59:13.438+0300][181.480s][debug][gc] GC(2756) Concurrent mode failure
[2020-01-29T21:59:13.534+0300][181.573s][info ][gc] GC(2756) Pause Full (Allocation Failure) 199M->70M(247M) 158.720ms
[2020-01-29T21:59:13.600+0300][181.641s][info ][gc] GC(2757) Pause Young (Allocation Failure) 136M->155M(247M) 53.998ms
[2020-01-29T21:59:13.610+0300][181.651s][info ][gc] GC(2758) Pause Initial Mark 174M->174M(247M) 8.828ms
[2020-01-29T21:59:13.610+0300][181.651s][info ][gc] GC(2758) Concurrent Mark
[2020-01-29T21:59:13.615+0300][181.654s][debug][gc] GC(2758) Concurrent active time: 2.673ms
[2020-01-29T21:59:13.615+0300][181.654s][info ][gc] GC(2758) Concurrent Mark 2.731ms
[2020-01-29T21:59:13.615+0300][181.654s][info ][gc] GC(2758) Concurrent Preclean
[2020-01-29T21:59:13.615+0300][181.654s][debug][gc] GC(2758) Concurrent active time: 0.158ms
[2020-01-29T21:59:13.615+0300][181.654s][info ][gc] GC(2758) Concurrent Preclean 0.187ms
[2020-01-29T21:59:13.615+0300][181.654s][info ][gc] GC(2758) Concurrent Abortable Preclean
[2020-01-29T21:59:13.615+0300][181.654s][debug][gc] GC(2758) Concurrent active time: 0.004ms
[2020-01-29T21:59:13.615+0300][181.654s][info ][gc] GC(2758) Concurrent Abortable Preclean 0.031ms
[2020-01-29T21:59:13.615+0300][181.654s][debug][gc] GC(2758) YG occupancy: 54474 K (78656 K)
[2020-01-29T21:59:13.625+0300][181.665s][info ][gc] GC(2758) Pause Remark 199M->199M(247M) 11.077ms
[2020-01-29T21:59:13.625+0300][181.665s][info ][gc] GC(2758) Concurrent Sweep
[2020-01-29T21:59:13.630+0300][181.668s][info ][gc] GC(2759) Pause Young (Allocation Failure) 199M->199M(247M) 0.040ms
[2020-01-29T21:59:13.695+0300][181.733s][debug][gc] GC(2758) Concurrent active time: 67.655ms
[2020-01-29T21:59:13.695+0300][181.733s][info ][gc] GC(2758) Concurrent Sweep 67.883ms
[2020-01-29T21:59:13.695+0300][181.733s][debug][gc] GC(2760) Concurrent mode failure
[2020-01-29T21:59:13.789+0300][181.827s][info ][gc] GC(2760) Pause Full (Allocation Failure) 199M->70M(247M) 158.945ms
[2020-01-29T21:59:13.865+0300][181.903s][info ][gc] GC(2761) Pause Young (Allocation Failure) 136M->155M(247M) 55.475ms
[2020-01-29T21:59:13.875+0300][181.913s][info ][gc] GC(2762) Pause Initial Mark 174M->174M(247M) 8.853ms
[2020-01-29T21:59:13.875+0300][181.913s][info ][gc] GC(2762) Concurrent Mark
[2020-01-29T21:59:13.875+0300][181.916s][debug][gc] GC(2762) Concurrent active time: 2.669ms
[2020-01-29T21:59:13.875+0300][181.916s][info ][gc] GC(2762) Concurrent Mark 2.725ms
[2020-01-29T21:59:13.875+0300][181.916s][info ][gc] GC(2762) Concurrent Preclean
[2020-01-29T21:59:13.875+0300][181.916s][debug][gc] GC(2762) Concurrent active time: 0.154ms
[2020-01-29T21:59:13.875+0300][181.916s][info ][gc] GC(2762) Concurrent Preclean 0.185ms
[2020-01-29T21:59:13.875+0300][181.916s][info ][gc] GC(2762) Concurrent Abortable Preclean
[2020-01-29T21:59:13.875+0300][181.916s][debug][gc] GC(2762) Concurrent active time: 0.004ms
[2020-01-29T21:59:13.875+0300][181.916s][info ][gc] GC(2762) Concurrent Abortable Preclean 0.031ms
[2020-01-29T21:59:13.875+0300][181.916s][debug][gc] GC(2762) YG occupancy: 54478 K (78656 K)
[2020-01-29T21:59:13.885+0300][181.927s][info ][gc] GC(2762) Pause Remark 199M->199M(247M) 11.122ms
[2020-01-29T21:59:13.885+0300][181.927s][info ][gc] GC(2762) Concurrent Sweep
[2020-01-29T21:59:13.890+0300][181.930s][info ][gc] GC(2763) Pause Young (Allocation Failure) 199M->199M(247M) 0.042ms
[2020-01-29T21:59:13.954+0300][181.994s][debug][gc] GC(2762) Concurrent active time: 66.510ms
[2020-01-29T21:59:13.954+0300][181.994s][info ][gc] GC(2762) Concurrent Sweep 66.746ms
[2020-01-29T21:59:13.954+0300][181.994s][debug][gc] GC(2764) Concurrent mode failure
[2020-01-29T21:59:14.049+0300][182.088s][info ][gc] GC(2764) Pause Full (Allocation Failure) 199M->70M(247M) 157.741ms
[2020-01-29T21:59:14.119+0300][182.161s][info ][gc] GC(2765) Pause Young (Allocation Failure) 136M->155M(247M) 53.741ms
[2020-01-29T21:59:14.134+0300][182.173s][info ][gc] GC(2766) Pause Initial Mark 174M->174M(247M) 8.812ms
[2020-01-29T21:59:14.134+0300][182.173s][info ][gc] GC(2766) Concurrent Mark
[2020-01-29T21:59:14.137+0300][182.175s][debug][gc] GC(2766) Concurrent active time: 2.685ms
[2020-01-29T21:59:14.137+0300][182.176s][info ][gc] GC(2766) Concurrent Mark 2.744ms
[2020-01-29T21:59:14.137+0300][182.176s][info ][gc] GC(2766) Concurrent Preclean
[2020-01-29T21:59:14.137+0300][182.176s][debug][gc] GC(2766) Concurrent active time: 0.154ms
[2020-01-29T21:59:14.137+0300][182.176s][info ][gc] GC(2766) Concurrent Preclean 0.186ms
[2020-01-29T21:59:14.137+0300][182.176s][info ][gc] GC(2766) Concurrent Abortable Preclean
[2020-01-29T21:59:14.137+0300][182.176s][debug][gc] GC(2766) Concurrent active time: 0.004ms
[2020-01-29T21:59:14.137+0300][182.176s][info ][gc] GC(2766) Concurrent Abortable Preclean 0.030ms
[2020-01-29T21:59:14.138+0300][182.176s][debug][gc] GC(2766) YG occupancy: 54485 K (78656 K)
[2020-01-29T21:59:14.148+0300][182.187s][info ][gc] GC(2766) Pause Remark 199M->199M(247M) 10.900ms
[2020-01-29T21:59:14.148+0300][182.187s][info ][gc] GC(2766) Concurrent Sweep
[2020-01-29T21:59:14.151+0300][182.190s][info ][gc] GC(2767) Pause Young (Allocation Failure) 199M->199M(247M) 0.040ms
[2020-01-29T21:59:14.214+0300][182.254s][debug][gc] GC(2766) Concurrent active time: 67.393ms
[2020-01-29T21:59:14.214+0300][182.254s][info ][gc] GC(2766) Concurrent Sweep 67.620ms
[2020-01-29T21:59:14.214+0300][182.254s][debug][gc] GC(2768) Concurrent mode failure
[2020-01-29T21:59:14.309+0300][182.348s][info ][gc] GC(2768) Pause Full (Allocation Failure) 199M->70M(247M) 158.442ms
[2020-01-29T21:59:14.379+0300][182.422s][info ][gc] GC(2769) Pause Young (Allocation Failure) 136M->155M(247M) 54.431ms
[2020-01-29T21:59:14.395+0300][182.433s][info ][gc] GC(2770) Pause Initial Mark 174M->174M(247M) 8.819ms
[2020-01-29T21:59:14.395+0300][182.434s][info ][gc] GC(2770) Concurrent Mark
[2020-01-29T21:59:14.398+0300][182.436s][debug][gc] GC(2770) Concurrent active time: 2.743ms
[2020-01-29T21:59:14.398+0300][182.436s][info ][gc] GC(2770) Concurrent Mark 2.803ms
[2020-01-29T21:59:14.398+0300][182.436s][info ][gc] GC(2770) Concurrent Preclean
[2020-01-29T21:59:14.398+0300][182.437s][debug][gc] GC(2770) Concurrent active time: 0.163ms
[2020-01-29T21:59:14.398+0300][182.437s][info ][gc] GC(2770) Concurrent Preclean 0.195ms
[2020-01-29T21:59:14.398+0300][182.437s][info ][gc] GC(2770) Concurrent Abortable Preclean
[2020-01-29T21:59:14.398+0300][182.437s][debug][gc] GC(2770) Concurrent active time: 0.005ms
[2020-01-29T21:59:14.399+0300][182.437s][info ][gc] GC(2770) Concurrent Abortable Preclean 0.034ms
[2020-01-29T21:59:14.399+0300][182.437s][debug][gc] GC(2770) YG occupancy: 54487 K (78656 K)
[2020-01-29T21:59:14.409+0300][182.448s][info ][gc] GC(2770) Pause Remark 199M->199M(247M) 11.010ms
[2020-01-29T21:59:14.409+0300][182.448s][info ][gc] GC(2770) Concurrent Sweep
[2020-01-29T21:59:14.409+0300][182.451s][info ][gc] GC(2771) Pause Young (Allocation Failure) 199M->199M(247M) 0.041ms
[2020-01-29T21:59:14.474+0300][182.516s][debug][gc] GC(2770) Concurrent active time: 68.318ms
[2020-01-29T21:59:14.474+0300][182.516s][info ][gc] GC(2770) Concurrent Sweep 68.549ms
[2020-01-29T21:59:14.474+0300][182.516s][debug][gc] GC(2772) Concurrent mode failure
[2020-01-29T21:59:14.569+0300][182.610s][info ][gc] GC(2772) Pause Full (Allocation Failure) 199M->70M(247M) 158.985ms
[2020-01-29T21:59:14.649+0300][182.691s][info ][gc] GC(2773) Pause Young (Allocation Failure) 136M->155M(247M) 54.311ms
[2020-01-29T21:59:14.659+0300][182.701s][info ][gc] GC(2774) Pause Initial Mark 174M->174M(247M) 8.810ms
[2020-01-29T21:59:14.659+0300][182.701s][info ][gc] GC(2774) Concurrent Mark
[2020-01-29T21:59:14.664+0300][182.704s][debug][gc] GC(2774) Concurrent active time: 2.686ms
[2020-01-29T21:59:14.664+0300][182.704s][info ][gc] GC(2774) Concurrent Mark 2.738ms
[2020-01-29T21:59:14.664+0300][182.704s][info ][gc] GC(2774) Concurrent Preclean
[2020-01-29T21:59:14.664+0300][182.704s][debug][gc] GC(2774) Concurrent active time: 0.153ms
[2020-01-29T21:59:14.664+0300][182.704s][info ][gc] GC(2774) Concurrent Preclean 0.182ms
[2020-01-29T21:59:14.664+0300][182.704s][info ][gc] GC(2774) Concurrent Abortable Preclean
[2020-01-29T21:59:14.664+0300][182.704s][debug][gc] GC(2774) Concurrent active time: 0.003ms
[2020-01-29T21:59:14.664+0300][182.704s][info ][gc] GC(2774) Concurrent Abortable Preclean 0.030ms
[2020-01-29T21:59:14.664+0300][182.704s][debug][gc] GC(2774) YG occupancy: 54474 K (78656 K)
[2020-01-29T21:59:14.674+0300][182.715s][info ][gc] GC(2774) Pause Remark 199M->199M(247M) 10.858ms
[2020-01-29T21:59:14.674+0300][182.715s][info ][gc] GC(2774) Concurrent Sweep
[2020-01-29T21:59:14.679+0300][182.718s][info ][gc] GC(2775) Pause Young (Allocation Failure) 199M->199M(247M) 0.041ms
[2020-01-29T21:59:14.741+0300][182.782s][debug][gc] GC(2774) Concurrent active time: 66.639ms
[2020-01-29T21:59:14.741+0300][182.782s][info ][gc] GC(2774) Concurrent Sweep 66.864ms
[2020-01-29T21:59:14.741+0300][182.782s][debug][gc] GC(2776) Concurrent mode failure
[2020-01-29T21:59:14.834+0300][182.876s][info ][gc] GC(2776) Pause Full (Allocation Failure) 199M->70M(247M) 157.816ms
[2020-01-29T21:59:14.909+0300][182.952s][info ][gc] GC(2777) Pause Young (Allocation Failure) 136M->155M(247M) 54.477ms
[2020-01-29T21:59:14.919+0300][182.961s][info ][gc] GC(2778) Pause Initial Mark 174M->174M(247M) 8.849ms
[2020-01-29T21:59:14.919+0300][182.962s][info ][gc] GC(2778) Concurrent Mark
[2020-01-29T21:59:14.924+0300][182.964s][debug][gc] GC(2778) Concurrent active time: 2.738ms
[2020-01-29T21:59:14.924+0300][182.964s][info ][gc] GC(2778) Concurrent Mark 2.802ms
[2020-01-29T21:59:14.924+0300][182.964s][info ][gc] GC(2778) Concurrent Preclean
[2020-01-29T21:59:14.924+0300][182.965s][debug][gc] GC(2778) Concurrent active time: 0.161ms
[2020-01-29T21:59:14.924+0300][182.965s][info ][gc] GC(2778) Concurrent Preclean 0.241ms
[2020-01-29T21:59:14.924+0300][182.965s][info ][gc] GC(2778) Concurrent Abortable Preclean
[2020-01-29T21:59:14.924+0300][182.965s][debug][gc] GC(2778) Concurrent active time: 0.005ms
[2020-01-29T21:59:14.924+0300][182.965s][info ][gc] GC(2778) Concurrent Abortable Preclean 0.032ms
[2020-01-29T21:59:14.924+0300][182.965s][debug][gc] GC(2778) YG occupancy: 55858 K (78656 K)
[2020-01-29T21:59:14.934+0300][182.976s][info ][gc] GC(2778) Pause Remark 201M->201M(247M) 10.920ms
[2020-01-29T21:59:14.934+0300][182.976s][info ][gc] GC(2778) Concurrent Sweep
[2020-01-29T21:59:14.939+0300][182.979s][info ][gc] GC(2779) Pause Young (Allocation Failure) 199M->199M(247M) 0.042ms
[2020-01-29T21:59:15.004+0300][183.044s][debug][gc] GC(2778) Concurrent active time: 68.105ms
[2020-01-29T21:59:15.004+0300][183.044s][info ][gc] GC(2778) Concurrent Sweep 68.369ms
[2020-01-29T21:59:15.004+0300][183.044s][debug][gc] GC(2780) Concurrent mode failure
[2020-01-29T21:59:15.100+0300][183.138s][info ][gc] GC(2780) Pause Full (Allocation Failure) 199M->70M(247M) 159.537ms
[2020-01-29T21:59:15.172+0300][183.211s][info ][gc] GC(2781) Pause Young (Allocation Failure) 136M->155M(247M) 54.659ms
[2020-01-29T21:59:15.182+0300][183.221s][info ][gc] GC(2782) Pause Initial Mark 174M->174M(247M) 8.825ms
[2020-01-29T21:59:15.182+0300][183.221s][info ][gc] GC(2782) Concurrent Mark
[2020-01-29T21:59:15.185+0300][183.224s][debug][gc] GC(2782) Concurrent active time: 2.706ms
[2020-01-29T21:59:15.185+0300][183.224s][info ][gc] GC(2782) Concurrent Mark 2.762ms
[2020-01-29T21:59:15.185+0300][183.224s][info ][gc] GC(2782) Concurrent Preclean
[2020-01-29T21:59:15.185+0300][183.224s][debug][gc] GC(2782) Concurrent active time: 0.154ms
[2020-01-29T21:59:15.185+0300][183.224s][info ][gc] GC(2782) Concurrent Preclean 0.185ms
[2020-01-29T21:59:15.185+0300][183.224s][info ][gc] GC(2782) Concurrent Abortable Preclean
[2020-01-29T21:59:15.185+0300][183.224s][debug][gc] GC(2782) Concurrent active time: 0.003ms
[2020-01-29T21:59:15.185+0300][183.224s][info ][gc] GC(2782) Concurrent Abortable Preclean 0.030ms
[2020-01-29T21:59:15.185+0300][183.224s][debug][gc] GC(2782) YG occupancy: 54486 K (78656 K)
[2020-01-29T21:59:15.196+0300][183.235s][info ][gc] GC(2782) Pause Remark 199M->199M(247M) 10.928ms
[2020-01-29T21:59:15.196+0300][183.235s][info ][gc] GC(2782) Concurrent Sweep
[2020-01-29T21:59:15.199+0300][183.238s][info ][gc] GC(2783) Pause Young (Allocation Failure) 199M->199M(247M) 0.041ms
[2020-01-29T21:59:15.264+0300][183.303s][debug][gc] GC(2782) Concurrent active time: 67.917ms
[2020-01-29T21:59:15.264+0300][183.303s][info ][gc] GC(2782) Concurrent Sweep 68.159ms
[2020-01-29T21:59:15.264+0300][183.303s][debug][gc] GC(2784) Concurrent mode failure
[2020-01-29T21:59:15.358+0300][183.397s][info ][gc] GC(2784) Pause Full (Allocation Failure) 199M->70M(247M) 159.350ms
[2020-01-29T21:59:15.431+0300][183.470s][info ][gc] GC(2785) Pause Young (Allocation Failure) 136M->155M(247M) 54.186ms
[2020-01-29T21:59:15.441+0300][183.479s][info ][gc] GC(2786) Pause Initial Mark 174M->174M(247M) 8.818ms
[2020-01-29T21:59:15.441+0300][183.479s][info ][gc] GC(2786) Concurrent Mark
[2020-01-29T21:59:15.443+0300][183.482s][debug][gc] GC(2786) Concurrent active time: 2.780ms
[2020-01-29T21:59:15.444+0300][183.482s][info ][gc] GC(2786) Concurrent Mark 2.931ms
[2020-01-29T21:59:15.444+0300][183.482s][info ][gc] GC(2786) Concurrent Preclean
[2020-01-29T21:59:15.444+0300][183.482s][debug][gc] GC(2786) Concurrent active time: 0.165ms
[2020-01-29T21:59:15.444+0300][183.482s][info ][gc] GC(2786) Concurrent Preclean 0.199ms
[2020-01-29T21:59:15.444+0300][183.482s][info ][gc] GC(2786) Concurrent Abortable Preclean
[2020-01-29T21:59:15.444+0300][183.483s][debug][gc] GC(2786) Concurrent active time: 0.004ms
[2020-01-29T21:59:15.444+0300][183.483s][info ][gc] GC(2786) Concurrent Abortable Preclean 0.031ms
[2020-01-29T21:59:15.444+0300][183.483s][debug][gc] GC(2786) YG occupancy: 54597 K (78656 K)
[2020-01-29T21:59:15.455+0300][183.494s][info ][gc] GC(2786) Pause Remark 199M->199M(247M) 10.994ms
[2020-01-29T21:59:15.455+0300][183.494s][info ][gc] GC(2786) Concurrent Sweep
[2020-01-29T21:59:15.458+0300][183.497s][info ][gc] GC(2787) Pause Young (Allocation Failure) 199M->199M(247M) 0.040ms
[2020-01-29T21:59:15.523+0300][183.561s][debug][gc] GC(2786) Concurrent active time: 67.601ms
[2020-01-29T21:59:15.523+0300][183.561s][info ][gc] GC(2786) Concurrent Sweep 67.833ms
[2020-01-29T21:59:15.523+0300][183.561s][debug][gc] GC(2788) Concurrent mode failure
[2020-01-29T21:59:15.618+0300][183.656s][info ][gc] GC(2788) Pause Full (Allocation Failure) 199M->70M(247M) 159.188ms
[2020-01-29T21:59:15.690+0300][183.728s][info ][gc] GC(2789) Pause Young (Allocation Failure) 136M->155M(247M) 54.576ms
[2020-01-29T21:59:15.700+0300][183.738s][info ][gc] GC(2790) Pause Initial Mark 174M->174M(247M) 8.820ms
[2020-01-29T21:59:15.700+0300][183.738s][info ][gc] GC(2790) Concurrent Mark
[2020-01-29T21:59:15.703+0300][183.741s][debug][gc] GC(2790) Concurrent active time: 2.689ms
[2020-01-29T21:59:15.703+0300][183.741s][info ][gc] GC(2790) Concurrent Mark 2.744ms
[2020-01-29T21:59:15.703+0300][183.741s][info ][gc] GC(2790) Concurrent Preclean
[2020-01-29T21:59:15.703+0300][183.741s][debug][gc] GC(2790) Concurrent active time: 0.160ms
[2020-01-29T21:59:15.703+0300][183.741s][info ][gc] GC(2790) Concurrent Preclean 0.191ms
[2020-01-29T21:59:15.703+0300][183.741s][info ][gc] GC(2790) Concurrent Abortable Preclean
[2020-01-29T21:59:15.703+0300][183.741s][debug][gc] GC(2790) Concurrent active time: 0.003ms
[2020-01-29T21:59:15.703+0300][183.741s][info ][gc] GC(2790) Concurrent Abortable Preclean 0.030ms
[2020-01-29T21:59:15.703+0300][183.741s][debug][gc] GC(2790) YG occupancy: 54489 K (78656 K)
[2020-01-29T21:59:15.714+0300][183.752s][info ][gc] GC(2790) Pause Remark 199M->199M(247M) 10.907ms
[2020-01-29T21:59:15.714+0300][183.752s][info ][gc] GC(2790) Concurrent Sweep
[2020-01-29T21:59:15.717+0300][183.755s][info ][gc] GC(2791) Pause Young (Allocation Failure) 199M->199M(247M) 0.040ms
[2020-01-29T21:59:15.781+0300][183.820s][debug][gc] GC(2790) Concurrent active time: 67.801ms
[2020-01-29T21:59:15.781+0300][183.820s][info ][gc] GC(2790) Concurrent Sweep 68.027ms
[2020-01-29T21:59:15.781+0300][183.820s][debug][gc] GC(2792) Concurrent mode failure
[2020-01-29T21:59:15.875+0300][183.914s][info ][gc] GC(2792) Pause Full (Allocation Failure) 199M->70M(247M) 159.032ms
[2020-01-29T21:59:15.977+0300][184.016s][info ][gc] GC(2793) Pause Young (Allocation Failure) 136M->155M(247M) 82.760ms
[2020-01-29T21:59:15.987+0300][184.026s][info ][gc] GC(2794) Pause Initial Mark 174M->174M(247M) 8.837ms
[2020-01-29T21:59:15.987+0300][184.026s][info ][gc] GC(2794) Concurrent Mark
[2020-01-29T21:59:15.990+0300][184.028s][debug][gc] GC(2794) Concurrent active time: 2.784ms
[2020-01-29T21:59:15.990+0300][184.028s][info ][gc] GC(2794) Concurrent Mark 2.851ms
[2020-01-29T21:59:15.990+0300][184.028s][info ][gc] GC(2794) Concurrent Preclean
[2020-01-29T21:59:15.990+0300][184.029s][debug][gc] GC(2794) Concurrent active time: 0.166ms
[2020-01-29T21:59:15.990+0300][184.029s][info ][gc] GC(2794) Concurrent Preclean 0.201ms
[2020-01-29T21:59:15.990+0300][184.029s][info ][gc] GC(2794) Concurrent Abortable Preclean
[2020-01-29T21:59:15.990+0300][184.029s][debug][gc] GC(2794) Concurrent active time: 0.005ms
[2020-01-29T21:59:15.990+0300][184.029s][info ][gc] GC(2794) Concurrent Abortable Preclean 0.032ms
[2020-01-29T21:59:15.990+0300][184.029s][debug][gc] GC(2794) YG occupancy: 54485 K (78656 K)
[2020-01-29T21:59:16.001+0300][184.040s][info ][gc] GC(2794) Pause Remark 199M->199M(247M) 10.991ms
[2020-01-29T21:59:16.001+0300][184.040s][info ][gc] GC(2794) Concurrent Sweep
[2020-01-29T21:59:16.005+0300][184.043s][info ][gc] GC(2795) Pause Young (Allocation Failure) 198M->198M(247M) 0.045ms
[2020-01-29T21:59:16.070+0300][184.108s][debug][gc] GC(2794) Concurrent active time: 68.029ms
[2020-01-29T21:59:16.070+0300][184.108s][info ][gc] GC(2794) Concurrent Sweep 68.311ms
[2020-01-29T21:59:16.070+0300][184.108s][debug][gc] GC(2796) Concurrent mode failure
[2020-01-29T21:59:16.165+0300][184.204s][info ][gc] GC(2796) Pause Full (Allocation Failure) 198M->70M(247M) 160.315ms
[2020-01-29T21:59:16.238+0300][184.276s][info ][gc] GC(2797) Pause Young (Allocation Failure) 136M->155M(247M) 54.008ms
[2020-01-29T21:59:16.247+0300][184.286s][info ][gc] GC(2798) Pause Initial Mark 174M->174M(247M) 8.811ms
[2020-01-29T21:59:16.247+0300][184.286s][info ][gc] GC(2798) Concurrent Mark
[2020-01-29T21:59:16.250+0300][184.289s][debug][gc] GC(2798) Concurrent active time: 2.683ms
[2020-01-29T21:59:16.250+0300][184.289s][info ][gc] GC(2798) Concurrent Mark 2.735ms
[2020-01-29T21:59:16.250+0300][184.289s][info ][gc] GC(2798) Concurrent Preclean
[2020-01-29T21:59:16.250+0300][184.289s][debug][gc] GC(2798) Concurrent active time: 0.155ms
[2020-01-29T21:59:16.250+0300][184.289s][info ][gc] GC(2798) Concurrent Preclean 0.186ms
[2020-01-29T21:59:16.250+0300][184.289s][info ][gc] GC(2798) Concurrent Abortable Preclean
[2020-01-29T21:59:16.250+0300][184.289s][debug][gc] GC(2798) Concurrent active time: 0.003ms
[2020-01-29T21:59:16.250+0300][184.289s][info ][gc] GC(2798) Concurrent Abortable Preclean 0.030ms
[2020-01-29T21:59:16.250+0300][184.289s][debug][gc] GC(2798) YG occupancy: 54488 K (78656 K)
[2020-01-29T21:59:16.262+0300][184.300s][info ][gc] GC(2798) Pause Remark 199M->199M(247M) 11.155ms
[2020-01-29T21:59:16.262+0300][184.300s][info ][gc] GC(2798) Concurrent Sweep
[2020-01-29T21:59:16.265+0300][184.303s][info ][gc] GC(2799) Pause Young (Allocation Failure) 199M->199M(247M) 0.043ms
[2020-01-29T21:59:16.331+0300][184.370s][debug][gc] GC(2798) Concurrent active time: 69.147ms
[2020-01-29T21:59:16.331+0300][184.370s][info ][gc] GC(2798) Concurrent Sweep 69.391ms
[2020-01-29T21:59:16.331+0300][184.370s][debug][gc] GC(2800) Concurrent mode failure
[2020-01-29T21:59:16.426+0300][184.465s][info ][gc] GC(2800) Pause Full (Allocation Failure) 199M->70M(247M) 161.309ms
[2020-01-29T21:59:16.499+0300][184.538s][info ][gc] GC(2801) Pause Young (Allocation Failure) 136M->155M(247M) 55.590ms
[2020-01-29T21:59:16.509+0300][184.548s][info ][gc] GC(2802) Pause Initial Mark 174M->174M(247M) 8.828ms
[2020-01-29T21:59:16.509+0300][184.548s][info ][gc] GC(2802) Concurrent Mark
[2020-01-29T21:59:16.512+0300][184.551s][debug][gc] GC(2802) Concurrent active time: 2.658ms
[2020-01-29T21:59:16.512+0300][184.551s][info ][gc] GC(2802) Concurrent Mark 2.712ms
[2020-01-29T21:59:16.512+0300][184.551s][info ][gc] GC(2802) Concurrent Preclean
[2020-01-29T21:59:16.512+0300][184.551s][debug][gc] GC(2802) Concurrent active time: 0.155ms
[2020-01-29T21:59:16.512+0300][184.551s][info ][gc] GC(2802) Concurrent Preclean 0.186ms
[2020-01-29T21:59:16.512+0300][184.551s][info ][gc] GC(2802) Concurrent Abortable Preclean
[2020-01-29T21:59:16.512+0300][184.551s][debug][gc] GC(2802) Concurrent active time: 0.003ms
[2020-01-29T21:59:16.512+0300][184.551s][info ][gc] GC(2802) Concurrent Abortable Preclean 0.030ms
[2020-01-29T21:59:16.512+0300][184.551s][debug][gc] GC(2802) YG occupancy: 54475 K (78656 K)
[2020-01-29T21:59:16.523+0300][184.562s][info ][gc] GC(2802) Pause Remark 199M->199M(247M) 10.929ms
[2020-01-29T21:59:16.523+0300][184.562s][info ][gc] GC(2802) Concurrent Sweep
[2020-01-29T21:59:16.526+0300][184.565s][info ][gc] GC(2803) Pause Young (Allocation Failure) 199M->199M(247M) 0.041ms
[2020-01-29T21:59:16.590+0300][184.629s][debug][gc] GC(2802) Concurrent active time: 67.115ms
[2020-01-29T21:59:16.591+0300][184.629s][info ][gc] GC(2802) Concurrent Sweep 67.352ms
[2020-01-29T21:59:16.591+0300][184.629s][debug][gc] GC(2804) Concurrent mode failure
[2020-01-29T21:59:16.685+0300][184.723s][info ][gc] GC(2804) Pause Full (Allocation Failure) 199M->70M(247M) 158.325ms
[2020-01-29T21:59:16.759+0300][184.798s][info ][gc] GC(2805) Pause Young (Allocation Failure) 136M->155M(247M) 55.617ms
[2020-01-29T21:59:16.769+0300][184.807s][info ][gc] GC(2806) Pause Initial Mark 174M->174M(247M) 8.833ms
[2020-01-29T21:59:16.769+0300][184.807s][info ][gc] GC(2806) Concurrent Mark
[2020-01-29T21:59:16.772+0300][184.810s][debug][gc] GC(2806) Concurrent active time: 2.836ms
[2020-01-29T21:59:16.772+0300][184.810s][info ][gc] GC(2806) Concurrent Mark 2.911ms
[2020-01-29T21:59:16.772+0300][184.810s][info ][gc] GC(2806) Concurrent Preclean
[2020-01-29T21:59:16.772+0300][184.811s][debug][gc] GC(2806) Concurrent active time: 0.183ms
[2020-01-29T21:59:16.772+0300][184.811s][info ][gc] GC(2806) Concurrent Preclean 0.216ms
[2020-01-29T21:59:16.772+0300][184.811s][info ][gc] GC(2806) Concurrent Abortable Preclean
[2020-01-29T21:59:16.772+0300][184.811s][debug][gc] GC(2806) Concurrent active time: 0.005ms
[2020-01-29T21:59:16.772+0300][184.811s][info ][gc] GC(2806) Concurrent Abortable Preclean 0.033ms
[2020-01-29T21:59:16.772+0300][184.811s][debug][gc] GC(2806) YG occupancy: 53135 K (78656 K)
[2020-01-29T21:59:16.784+0300][184.822s][info ][gc] GC(2806) Pause Remark 198M->198M(247M) 11.009ms
[2020-01-29T21:59:16.784+0300][184.822s][info ][gc] GC(2806) Concurrent Sweep
[2020-01-29T21:59:16.787+0300][184.825s][info ][gc] GC(2807) Pause Young (Allocation Failure) 198M->198M(247M) 0.043ms
[2020-01-29T21:59:16.852+0300][184.890s][debug][gc] GC(2806) Concurrent active time: 67.489ms
[2020-01-29T21:59:16.852+0300][184.890s][info ][gc] GC(2806) Concurrent Sweep 67.805ms
[2020-01-29T21:59:16.852+0300][184.890s][debug][gc] GC(2808) Concurrent mode failure
[2020-01-29T21:59:16.945+0300][184.983s][info ][gc] GC(2808) Pause Full (Allocation Failure) 198M->70M(247M) 157.977ms
[2020-01-29T21:59:17.019+0300][185.057s][info ][gc] GC(2809) Pause Young (Allocation Failure) 136M->155M(247M) 56.219ms
[2020-01-29T21:59:17.029+0300][185.067s][info ][gc] GC(2810) Pause Initial Mark 174M->174M(247M) 8.894ms
[2020-01-29T21:59:17.029+0300][185.067s][info ][gc] GC(2810) Concurrent Mark
[2020-01-29T21:59:17.032+0300][185.070s][debug][gc] GC(2810) Concurrent active time: 2.670ms
[2020-01-29T21:59:17.032+0300][185.070s][info ][gc] GC(2810) Concurrent Mark 2.723ms
[2020-01-29T21:59:17.032+0300][185.070s][info ][gc] GC(2810) Concurrent Preclean
[2020-01-29T21:59:17.032+0300][185.070s][debug][gc] GC(2810) Concurrent active time: 0.159ms
[2020-01-29T21:59:17.032+0300][185.070s][info ][gc] GC(2810) Concurrent Preclean 0.189ms
[2020-01-29T21:59:17.032+0300][185.070s][info ][gc] GC(2810) Concurrent Abortable Preclean
[2020-01-29T21:59:17.032+0300][185.070s][debug][gc] GC(2810) Concurrent active time: 0.004ms
[2020-01-29T21:59:17.032+0300][185.070s][info ][gc] GC(2810) Concurrent Abortable Preclean 0.031ms
[2020-01-29T21:59:17.032+0300][185.070s][debug][gc] GC(2810) YG occupancy: 54487 K (78656 K)
[2020-01-29T21:59:17.043+0300][185.082s][info ][gc] GC(2810) Pause Remark 199M->199M(247M) 11.067ms
[2020-01-29T21:59:17.043+0300][185.082s][info ][gc] GC(2810) Concurrent Sweep
[2020-01-29T21:59:17.046+0300][185.085s][info ][gc] GC(2811) Pause Young (Allocation Failure) 199M->199M(247M) 0.040ms
[2020-01-29T21:59:17.111+0300][185.149s][debug][gc] GC(2810) Concurrent active time: 67.558ms
[2020-01-29T21:59:17.111+0300][185.149s][info ][gc] GC(2810) Concurrent Sweep 67.790ms
[2020-01-29T21:59:17.111+0300][185.149s][debug][gc] GC(2812) Concurrent mode failure
[2020-01-29T21:59:17.205+0300][185.243s][info ][gc] GC(2812) Pause Full (Allocation Failure) 199M->70M(247M) 158.385ms
[2020-01-29T21:59:17.277+0300][185.316s][info ][gc] GC(2813) Pause Young (Allocation Failure) 136M->155M(247M) 54.302ms
[2020-01-29T21:59:17.287+0300][185.325s][info ][gc] GC(2814) Pause Initial Mark 174M->174M(247M) 8.835ms
[2020-01-29T21:59:17.287+0300][185.326s][info ][gc] GC(2814) Concurrent Mark
[2020-01-29T21:59:17.289+0300][185.328s][debug][gc] GC(2814) Concurrent active time: 2.668ms
[2020-01-29T21:59:17.289+0300][185.328s][info ][gc] GC(2814) Concurrent Mark 2.722ms
[2020-01-29T21:59:17.289+0300][185.328s][info ][gc] GC(2814) Concurrent Preclean
[2020-01-29T21:59:17.290+0300][185.328s][debug][gc] GC(2814) Concurrent active time: 0.159ms
[2020-01-29T21:59:17.290+0300][185.329s][info ][gc] GC(2814) Concurrent Preclean 0.237ms
[2020-01-29T21:59:17.290+0300][185.329s][info ][gc] GC(2814) Concurrent Abortable Preclean
[2020-01-29T21:59:17.290+0300][185.329s][debug][gc] GC(2814) Concurrent active time: 0.004ms
[2020-01-29T21:59:17.290+0300][185.329s][info ][gc] GC(2814) Concurrent Abortable Preclean 0.030ms
[2020-01-29T21:59:17.290+0300][185.329s][debug][gc] GC(2814) YG occupancy: 54487 K (78656 K)
[2020-01-29T21:59:17.301+0300][185.340s][info ][gc] GC(2814) Pause Remark 199M->199M(247M) 10.931ms
[2020-01-29T21:59:17.301+0300][185.340s][info ][gc] GC(2814) Concurrent Sweep
[2020-01-29T21:59:17.304+0300][185.343s][info ][gc] GC(2815) Pause Young (Allocation Failure) 199M->199M(247M) 0.043ms
[2020-01-29T21:59:17.370+0300][185.408s][debug][gc] GC(2814) Concurrent active time: 68.311ms
[2020-01-29T21:59:17.370+0300][185.408s][info ][gc] GC(2814) Concurrent Sweep 68.560ms
[2020-01-29T21:59:17.370+0300][185.408s][debug][gc] GC(2816) Concurrent mode failure
[2020-01-29T21:59:17.463+0300][185.502s][info ][gc] GC(2816) Pause Full (Allocation Failure) 199M->70M(247M) 159.450ms
[2020-01-29T21:59:17.542+0300][185.581s][info ][gc] GC(2817) Pause Young (Allocation Failure) 136M->155M(247M) 59.296ms
[2020-01-29T21:59:17.552+0300][185.590s][info ][gc] GC(2818) Pause Initial Mark 174M->174M(247M) 8.826ms
[2020-01-29T21:59:17.552+0300][185.590s][info ][gc] GC(2818) Concurrent Mark
[2020-01-29T21:59:17.554+0300][185.593s][debug][gc] GC(2818) Concurrent active time: 2.681ms
[2020-01-29T21:59:17.554+0300][185.593s][info ][gc] GC(2818) Concurrent Mark 2.740ms
[2020-01-29T21:59:17.554+0300][185.593s][info ][gc] GC(2818) Concurrent Preclean
[2020-01-29T21:59:17.555+0300][185.593s][debug][gc] GC(2818) Concurrent active time: 0.170ms
[2020-01-29T21:59:17.555+0300][185.593s][info ][gc] GC(2818) Concurrent Preclean 0.202ms
[2020-01-29T21:59:17.555+0300][185.593s][info ][gc] GC(2818) Concurrent Abortable Preclean
[2020-01-29T21:59:17.555+0300][185.593s][debug][gc] GC(2818) Concurrent active time: 0.005ms
[2020-01-29T21:59:17.555+0300][185.593s][info ][gc] GC(2818) Concurrent Abortable Preclean 0.032ms
[2020-01-29T21:59:17.555+0300][185.593s][debug][gc] GC(2818) YG occupancy: 54474 K (78656 K)
[2020-01-29T21:59:17.566+0300][185.604s][info ][gc] GC(2818) Pause Remark 199M->199M(247M) 10.943ms
[2020-01-29T21:59:17.566+0300][185.604s][info ][gc] GC(2818) Concurrent Sweep
[2020-01-29T21:59:17.569+0300][185.607s][info ][gc] GC(2819) Pause Young (Allocation Failure) 199M->199M(247M) 0.041ms
[2020-01-29T21:59:17.633+0300][185.672s][debug][gc] GC(2818) Concurrent active time: 67.264ms
[2020-01-29T21:59:17.633+0300][185.672s][info ][gc] GC(2818) Concurrent Sweep 67.615ms
[2020-01-29T21:59:17.633+0300][185.672s][debug][gc] GC(2820) Concurrent mode failure
[2020-01-29T21:59:17.728+0300][185.766s][info ][gc] GC(2820) Pause Full (Allocation Failure) 199M->70M(247M) 158.839ms
[2020-01-29T21:59:17.821+0300][185.860s][info ][gc] GC(2821) Pause Young (Allocation Failure) 136M->155M(247M) 75.406ms
[2020-01-29T21:59:17.831+0300][185.869s][info ][gc] GC(2822) Pause Initial Mark 174M->174M(247M) 8.818ms
[2020-01-29T21:59:17.831+0300][185.869s][info ][gc] GC(2822) Concurrent Mark
[2020-01-29T21:59:17.834+0300][185.872s][debug][gc] GC(2822) Concurrent active time: 2.728ms
[2020-01-29T21:59:17.834+0300][185.872s][info ][gc] GC(2822) Concurrent Mark 2.789ms
[2020-01-29T21:59:17.834+0300][185.872s][info ][gc] GC(2822) Concurrent Preclean
[2020-01-29T21:59:17.834+0300][185.872s][debug][gc] GC(2822) Concurrent active time: 0.166ms
[2020-01-29T21:59:17.834+0300][185.872s][info ][gc] GC(2822) Concurrent Preclean 0.199ms
[2020-01-29T21:59:17.834+0300][185.872s][info ][gc] GC(2822) Concurrent Abortable Preclean
[2020-01-29T21:59:17.834+0300][185.872s][debug][gc] GC(2822) Concurrent active time: 0.004ms
[2020-01-29T21:59:17.834+0300][185.872s][info ][gc] GC(2822) Concurrent Abortable Preclean 0.030ms
[2020-01-29T21:59:17.834+0300][185.872s][debug][gc] GC(2822) YG occupancy: 54478 K (78656 K)
[2020-01-29T21:59:17.845+0300][185.883s][info ][gc] GC(2822) Pause Remark 199M->199M(247M) 10.963ms
[2020-01-29T21:59:17.845+0300][185.883s][info ][gc] GC(2822) Concurrent Sweep
[2020-01-29T21:59:17.848+0300][185.886s][info ][gc] GC(2823) Pause Young (Allocation Failure) 199M->199M(247M) 0.041ms
[2020-01-29T21:59:17.913+0300][185.952s][debug][gc] GC(2822) Concurrent active time: 68.006ms
[2020-01-29T21:59:17.913+0300][185.952s][info ][gc] GC(2822) Concurrent Sweep 68.240ms
[2020-01-29T21:59:17.913+0300][185.952s][debug][gc] GC(2824) Concurrent mode failure
[2020-01-29T21:59:18.008+0300][186.047s][info ][gc] GC(2824) Pause Full (Allocation Failure) 199M->70M(247M) 160.379ms
[2020-01-29T21:59:18.081+0300][186.119s][info ][gc] GC(2825) Pause Young (Allocation Failure) 136M->155M(247M) 53.979ms
[2020-01-29T21:59:18.091+0300][186.129s][info ][gc] GC(2826) Pause Initial Mark 174M->174M(247M) 8.845ms
[2020-01-29T21:59:18.091+0300][186.129s][info ][gc] GC(2826) Concurrent Mark
[2020-01-29T21:59:18.093+0300][186.132s][debug][gc] GC(2826) Concurrent active time: 2.674ms
[2020-01-29T21:59:18.093+0300][186.132s][info ][gc] GC(2826) Concurrent Mark 2.728ms
[2020-01-29T21:59:18.093+0300][186.132s][info ][gc] GC(2826) Concurrent Preclean
[2020-01-29T21:59:18.094+0300][186.132s][debug][gc] GC(2826) Concurrent active time: 0.163ms
[2020-01-29T21:59:18.094+0300][186.132s][info ][gc] GC(2826) Concurrent Preclean 0.193ms
[2020-01-29T21:59:18.094+0300][186.132s][info ][gc] GC(2826) Concurrent Abortable Preclean
[2020-01-29T21:59:18.094+0300][186.132s][debug][gc] GC(2826) Concurrent active time: 0.003ms
[2020-01-29T21:59:18.094+0300][186.132s][info ][gc] GC(2826) Concurrent Abortable Preclean 0.030ms
[2020-01-29T21:59:18.094+0300][186.132s][debug][gc] GC(2826) YG occupancy: 54485 K (78656 K)
[2020-01-29T21:59:18.105+0300][186.143s][info ][gc] GC(2826) Pause Remark 199M->199M(247M) 10.932ms
[2020-01-29T21:59:18.105+0300][186.143s][info ][gc] GC(2826) Concurrent Sweep
[2020-01-29T21:59:18.108+0300][186.146s][info ][gc] GC(2827) Pause Young (Allocation Failure) 199M->199M(247M) 0.040ms
[2020-01-29T21:59:18.174+0300][186.213s][debug][gc] GC(2826) Concurrent active time: 68.998ms
[2020-01-29T21:59:18.174+0300][186.213s][info ][gc] GC(2826) Concurrent Sweep 69.228ms
[2020-01-29T21:59:18.174+0300][186.213s][debug][gc] GC(2828) Concurrent mode failure
[2020-01-29T21:59:18.269+0300][186.307s][info ][gc] GC(2828) Pause Full (Allocation Failure) 199M->70M(247M) 160.923ms
[2020-01-29T21:59:18.342+0300][186.380s][info ][gc] GC(2829) Pause Young (Allocation Failure) 136M->155M(247M) 53.917ms
[2020-01-29T21:59:18.351+0300][186.389s][info ][gc] GC(2830) Pause Initial Mark 174M->174M(247M) 8.816ms
[2020-01-29T21:59:18.351+0300][186.389s][info ][gc] GC(2830) Concurrent Mark
[2020-01-29T21:59:18.353+0300][186.392s][debug][gc] GC(2830) Concurrent active time: 2.802ms
[2020-01-29T21:59:18.353+0300][186.392s][info ][gc] GC(2830) Concurrent Mark 2.870ms
[2020-01-29T21:59:18.353+0300][186.392s][info ][gc] GC(2830) Concurrent Preclean
[2020-01-29T21:59:18.353+0300][186.392s][debug][gc] GC(2830) Concurrent active time: 0.173ms
[2020-01-29T21:59:18.353+0300][186.392s][info ][gc] GC(2830) Concurrent Preclean 0.206ms
[2020-01-29T21:59:18.353+0300][186.392s][info ][gc] GC(2830) Concurrent Abortable Preclean
[2020-01-29T21:59:18.353+0300][186.392s][debug][gc] GC(2830) Concurrent active time: 0.004ms
[2020-01-29T21:59:18.353+0300][186.392s][info ][gc] GC(2830) Concurrent Abortable Preclean 0.031ms
[2020-01-29T21:59:18.353+0300][186.392s][debug][gc] GC(2830) YG occupancy: 54487 K (78656 K)
[2020-01-29T21:59:18.364+0300][186.403s][info ][gc] GC(2830) Pause Remark 199M->199M(247M) 10.983ms
[2020-01-29T21:59:18.365+0300][186.403s][info ][gc] GC(2830) Concurrent Sweep
[2020-01-29T21:59:18.368+0300][186.407s][info ][gc] GC(2831) Pause Young (Allocation Failure) 199M->199M(247M) 0.041ms
[2020-01-29T21:59:18.432+0300][186.471s][debug][gc] GC(2830) Concurrent active time: 67.265ms
[2020-01-29T21:59:18.432+0300][186.471s][info ][gc] GC(2830) Concurrent Sweep 67.503ms
[2020-01-29T21:59:18.432+0300][186.471s][debug][gc] GC(2832) Concurrent mode failure
[2020-01-29T21:59:18.527+0300][186.565s][info ][gc] GC(2832) Pause Full (Allocation Failure) 199M->70M(247M) 158.636ms
[2020-01-29T21:59:18.600+0300][186.638s][info ][gc] GC(2833) Pause Young (Allocation Failure) 136M->155M(247M) 53.918ms
[2020-01-29T21:59:18.609+0300][186.648s][info ][gc] GC(2834) Pause Initial Mark 174M->174M(247M) 8.839ms
[2020-01-29T21:59:18.610+0300][186.648s][info ][gc] GC(2834) Concurrent Mark
[2020-01-29T21:59:18.612+0300][186.651s][debug][gc] GC(2834) Concurrent active time: 2.658ms
[2020-01-29T21:59:18.612+0300][186.651s][info ][gc] GC(2834) Concurrent Mark 2.713ms
[2020-01-29T21:59:18.612+0300][186.651s][info ][gc] GC(2834) Concurrent Preclean
[2020-01-29T21:59:18.612+0300][186.651s][debug][gc] GC(2834) Concurrent active time: 0.160ms
[2020-01-29T21:59:18.612+0300][186.651s][info ][gc] GC(2834) Concurrent Preclean 0.192ms
[2020-01-29T21:59:18.612+0300][186.651s][info ][gc] GC(2834) Concurrent Abortable Preclean
[2020-01-29T21:59:18.612+0300][186.651s][debug][gc] GC(2834) Concurrent active time: 0.004ms
[2020-01-29T21:59:18.612+0300][186.651s][info ][gc] GC(2834) Concurrent Abortable Preclean 0.031ms
[2020-01-29T21:59:18.613+0300][186.651s][debug][gc] GC(2834) YG occupancy: 54474 K (78656 K)
[2020-01-29T21:59:18.624+0300][186.662s][info ][gc] GC(2834) Pause Remark 199M->199M(247M) 10.932ms
[2020-01-29T21:59:18.624+0300][186.662s][info ][gc] GC(2834) Concurrent Sweep
[2020-01-29T21:59:18.627+0300][186.665s][info ][gc] GC(2835) Pause Young (Allocation Failure) 199M->199M(247M) 0.040ms
[2020-01-29T21:59:18.692+0300][186.730s][debug][gc] GC(2834) Concurrent active time: 67.871ms
[2020-01-29T21:59:18.692+0300][186.730s][info ][gc] GC(2834) Concurrent Sweep 68.099ms
[2020-01-29T21:59:18.692+0300][186.730s][debug][gc] GC(2836) Concurrent mode failure
[2020-01-29T21:59:18.785+0300][186.824s][info ][gc] GC(2836) Pause Full (Allocation Failure) 199M->70M(247M) 159.006ms
[2020-01-29T21:59:18.859+0300][186.897s][info ][gc] GC(2837) Pause Young (Allocation Failure) 136M->155M(247M) 54.938ms
[2020-01-29T21:59:18.868+0300][186.907s][info ][gc] GC(2838) Pause Initial Mark 174M->174M(247M) 8.815ms
[2020-01-29T21:59:18.868+0300][186.907s][info ][gc] GC(2838) Concurrent Mark
[2020-01-29T21:59:18.871+0300][186.910s][debug][gc] GC(2838) Concurrent active time: 2.693ms
[2020-01-29T21:59:18.871+0300][186.910s][info ][gc] GC(2838) Concurrent Mark 2.753ms
[2020-01-29T21:59:18.871+0300][186.910s][info ][gc] GC(2838) Concurrent Preclean
[2020-01-29T21:59:18.871+0300][186.910s][debug][gc] GC(2838) Concurrent active time: 0.159ms
[2020-01-29T21:59:18.871+0300][186.910s][info ][gc] GC(2838) Concurrent Preclean 0.192ms
[2020-01-29T21:59:18.871+0300][186.910s][info ][gc] GC(2838) Concurrent Abortable Preclean
[2020-01-29T21:59:18.871+0300][186.910s][debug][gc] GC(2838) Concurrent active time: 0.005ms
[2020-01-29T21:59:18.871+0300][186.910s][info ][gc] GC(2838) Concurrent Abortable Preclean 0.031ms
[2020-01-29T21:59:18.871+0300][186.910s][debug][gc] GC(2838) YG occupancy: 54478 K (78656 K)
[2020-01-29T21:59:18.882+0300][186.921s][info ][gc] GC(2838) Pause Remark 199M->199M(247M) 10.939ms
[2020-01-29T21:59:18.882+0300][186.921s][info ][gc] GC(2838) Concurrent Sweep
[2020-01-29T21:59:18.885+0300][186.924s][info ][gc] GC(2839) Pause Young (Allocation Failure) 199M->199M(247M) 0.040ms
[2020-01-29T21:59:18.952+0300][186.990s][debug][gc] GC(2838) Concurrent active time: 68.707ms
[2020-01-29T21:59:18.952+0300][186.990s][info ][gc] GC(2838) Concurrent Sweep 68.936ms
[2020-01-29T21:59:18.952+0300][186.990s][debug][gc] GC(2840) Concurrent mode failure
[2020-01-29T21:59:19.046+0300][187.084s][info ][gc] GC(2840) Pause Full (Allocation Failure) 199M->70M(247M) 160.189ms
[2020-01-29T21:59:19.119+0300][187.158s][info ][gc] GC(2841) Pause Young (Allocation Failure) 136M->155M(247M) 54.871ms
[2020-01-29T21:59:19.129+0300][187.168s][info ][gc] GC(2842) Pause Initial Mark 174M->174M(247M) 8.847ms
[2020-01-29T21:59:19.129+0300][187.168s][info ][gc] GC(2842) Concurrent Mark
[2020-01-29T21:59:19.129+0300][187.171s][debug][gc] GC(2842) Concurrent active time: 2.652ms
[2020-01-29T21:59:19.129+0300][187.171s][info ][gc] GC(2842) Concurrent Mark 2.707ms
[2020-01-29T21:59:19.129+0300][187.171s][info ][gc] GC(2842) Concurrent Preclean
[2020-01-29T21:59:19.129+0300][187.171s][debug][gc] GC(2842) Concurrent active time: 0.160ms
[2020-01-29T21:59:19.129+0300][187.171s][info ][gc] GC(2842) Concurrent Preclean 0.191ms
[2020-01-29T21:59:19.129+0300][187.171s][info ][gc] GC(2842) Concurrent Abortable Preclean
[2020-01-29T21:59:19.129+0300][187.171s][debug][gc] GC(2842) Concurrent active time: 0.004ms
[2020-01-29T21:59:19.129+0300][187.171s][info ][gc] GC(2842) Concurrent Abortable Preclean 0.031ms
[2020-01-29T21:59:19.129+0300][187.171s][debug][gc] GC(2842) YG occupancy: 54484 K (78656 K)
[2020-01-29T21:59:19.139+0300][187.182s][info ][gc] GC(2842) Pause Remark 199M->199M(247M) 11.033ms
[2020-01-29T21:59:19.139+0300][187.182s][info ][gc] GC(2842) Concurrent Sweep
[2020-01-29T21:59:19.144+0300][187.185s][info ][gc] GC(2843) Pause Young (Allocation Failure) 199M->199M(247M) 0.043ms
[2020-01-29T21:59:19.210+0300][187.249s][debug][gc] GC(2842) Concurrent active time: 67.215ms
[2020-01-29T21:59:19.210+0300][187.249s][info ][gc] GC(2842) Concurrent Sweep 67.464ms
[2020-01-29T21:59:19.210+0300][187.250s][debug][gc] GC(2844) Concurrent mode failure
[2020-01-29T21:59:19.304+0300][187.343s][info ][gc] GC(2844) Pause Full (Allocation Failure) 199M->70M(247M) 158.136ms
[2020-01-29T21:59:19.374+0300][187.416s][info ][gc] GC(2845) Pause Young (Allocation Failure) 136M->155M(247M) 53.920ms
[2020-01-29T21:59:19.389+0300][187.428s][info ][gc] GC(2846) Pause Initial Mark 174M->174M(247M) 8.889ms
[2020-01-29T21:59:19.390+0300][187.428s][info ][gc] GC(2846) Concurrent Mark
[2020-01-29T21:59:19.392+0300][187.430s][debug][gc] GC(2846) Concurrent active time: 2.669ms
[2020-01-29T21:59:19.392+0300][187.430s][info ][gc] GC(2846) Concurrent Mark 2.727ms
[2020-01-29T21:59:19.392+0300][187.430s][info ][gc] GC(2846) Concurrent Preclean
[2020-01-29T21:59:19.392+0300][187.430s][debug][gc] GC(2846) Concurrent active time: 0.160ms
[2020-01-29T21:59:19.392+0300][187.431s][info ][gc] GC(2846) Concurrent Preclean 0.191ms
[2020-01-29T21:59:19.392+0300][187.431s][info ][gc] GC(2846) Concurrent Abortable Preclean
[2020-01-29T21:59:19.393+0300][187.431s][debug][gc] GC(2846) Concurrent active time: 0.005ms
[2020-01-29T21:59:19.393+0300][187.431s][info ][gc] GC(2846) Concurrent Abortable Preclean 0.032ms
[2020-01-29T21:59:19.393+0300][187.431s][debug][gc] GC(2846) YG occupancy: 54487 K (78656 K)
[2020-01-29T21:59:19.404+0300][187.442s][info ][gc] GC(2846) Pause Remark 199M->199M(247M) 11.000ms
[2020-01-29T21:59:19.404+0300][187.442s][info ][gc] GC(2846) Concurrent Sweep
[2020-01-29T21:59:19.404+0300][187.445s][info ][gc] GC(2847) Pause Young (Allocation Failure) 199M->199M(247M) 0.043ms
[2020-01-29T21:59:19.467+0300][187.510s][debug][gc] GC(2846) Concurrent active time: 67.777ms
[2020-01-29T21:59:19.467+0300][187.510s][info ][gc] GC(2846) Concurrent Sweep 68.027ms
[2020-01-29T21:59:19.467+0300][187.510s][debug][gc] GC(2848) Concurrent mode failure
[2020-01-29T21:59:19.564+0300][187.603s][info ][gc] GC(2848) Pause Full (Allocation Failure) 199M->70M(247M) 158.538ms
[2020-01-29T21:59:19.629+0300][187.671s][info ][gc] GC(2849) Pause Young (Allocation Failure) 137M->155M(247M) 53.580ms
[2020-01-29T21:59:19.642+0300][187.681s][info ][gc] GC(2850) Pause Initial Mark 174M->174M(247M) 8.837ms
[2020-01-29T21:59:19.642+0300][187.681s][info ][gc] GC(2850) Concurrent Mark
[2020-01-29T21:59:19.645+0300][187.683s][debug][gc] GC(2850) Concurrent active time: 2.652ms
[2020-01-29T21:59:19.645+0300][187.683s][info ][gc] GC(2850) Concurrent Mark 2.707ms
[2020-01-29T21:59:19.645+0300][187.683s][info ][gc] GC(2850) Concurrent Preclean
[2020-01-29T21:59:19.645+0300][187.684s][debug][gc] GC(2850) Concurrent active time: 0.170ms
[2020-01-29T21:59:19.645+0300][187.684s][info ][gc] GC(2850) Concurrent Preclean 0.205ms
[2020-01-29T21:59:19.645+0300][187.684s][info ][gc] GC(2850) Concurrent Abortable Preclean
[2020-01-29T21:59:19.645+0300][187.684s][debug][gc] GC(2850) Concurrent active time: 0.004ms
[2020-01-29T21:59:19.645+0300][187.684s][info ][gc] GC(2850) Concurrent Abortable Preclean 0.030ms
[2020-01-29T21:59:19.645+0300][187.684s][debug][gc] GC(2850) YG occupancy: 54473 K (78656 K)
[2020-01-29T21:59:19.654+0300][187.695s][info ][gc] GC(2850) Pause Remark 199M->199M(247M) 10.967ms
[2020-01-29T21:59:19.654+0300][187.695s][info ][gc] GC(2850) Concurrent Sweep
[2020-01-29T21:59:19.659+0300][187.698s][info ][gc] GC(2851) Pause Young (Allocation Failure) 199M->199M(247M) 0.041ms
[2020-01-29T21:59:19.724+0300][187.763s][debug][gc] GC(2850) Concurrent active time: 67.688ms
[2020-01-29T21:59:19.724+0300][187.763s][info ][gc] GC(2850) Concurrent Sweep 67.919ms
[2020-01-29T21:59:19.724+0300][187.763s][debug][gc] GC(2852) Concurrent mode failure
[2020-01-29T21:59:19.814+0300][187.856s][info ][gc] GC(2852) Pause Full (Allocation Failure) 199M->70M(247M) 158.722ms
[2020-01-29T21:59:19.889+0300][187.931s][info ][gc] GC(2853) Pause Young (Allocation Failure) 136M->155M(247M) 58.273ms
[2020-01-29T21:59:19.904+0300][187.942s][info ][gc] GC(2854) Pause Initial Mark 174M->174M(247M) 8.812ms
[2020-01-29T21:59:19.904+0300][187.943s][info ][gc] GC(2854) Concurrent Mark
[2020-01-29T21:59:19.904+0300][187.945s][debug][gc] GC(2854) Concurrent active time: 2.673ms
[2020-01-29T21:59:19.904+0300][187.945s][info ][gc] GC(2854) Concurrent Mark 2.729ms
[2020-01-29T21:59:19.904+0300][187.945s][info ][gc] GC(2854) Concurrent Preclean
[2020-01-29T21:59:19.904+0300][187.945s][debug][gc] GC(2854) Concurrent active time: 0.159ms
[2020-01-29T21:59:19.904+0300][187.945s][info ][gc] GC(2854) Concurrent Preclean 0.190ms
[2020-01-29T21:59:19.904+0300][187.945s][info ][gc] GC(2854) Concurrent Abortable Preclean
[2020-01-29T21:59:19.904+0300][187.945s][debug][gc] GC(2854) Concurrent active time: 0.004ms
[2020-01-29T21:59:19.904+0300][187.946s][info ][gc] GC(2854) Concurrent Abortable Preclean 0.030ms
[2020-01-29T21:59:19.904+0300][187.946s][debug][gc] GC(2854) YG occupancy: 54479 K (78656 K)
[2020-01-29T21:59:19.914+0300][187.956s][info ][gc] GC(2854) Pause Remark 199M->199M(247M) 10.888ms
[2020-01-29T21:59:19.914+0300][187.957s][info ][gc] GC(2854) Concurrent Sweep
[2020-01-29T21:59:19.919+0300][187.960s][info ][gc] GC(2855) Pause Young (Allocation Failure) 199M->199M(247M) 0.042ms
[2020-01-29T21:59:19.984+0300][188.024s][debug][gc] GC(2854) Concurrent active time: 67.546ms
[2020-01-29T21:59:19.984+0300][188.024s][info ][gc] GC(2854) Concurrent Sweep 67.886ms
[2020-01-29T21:59:19.984+0300][188.024s][debug][gc] GC(2856) Concurrent mode failure
[2020-01-29T21:59:20.080+0300][188.118s][info ][gc] GC(2856) Pause Full (Allocation Failure) 199M->70M(247M) 158.356ms
[2020-01-29T21:59:20.151+0300][188.190s][info ][gc] GC(2857) Pause Young (Allocation Failure) 136M->155M(247M) 53.556ms
[2020-01-29T21:59:20.161+0300][188.200s][info ][gc] GC(2858) Pause Initial Mark 174M->174M(247M) 8.844ms
[2020-01-29T21:59:20.161+0300][188.200s][info ][gc] GC(2858) Concurrent Mark
[2020-01-29T21:59:20.164+0300][188.203s][debug][gc] GC(2858) Concurrent active time: 2.677ms
[2020-01-29T21:59:20.164+0300][188.203s][info ][gc] GC(2858) Concurrent Mark 2.730ms
[2020-01-29T21:59:20.164+0300][188.203s][info ][gc] GC(2858) Concurrent Preclean
[2020-01-29T21:59:20.164+0300][188.203s][debug][gc] GC(2858) Concurrent active time: 0.159ms
[2020-01-29T21:59:20.164+0300][188.203s][info ][gc] GC(2858) Concurrent Preclean 0.189ms
[2020-01-29T21:59:20.164+0300][188.203s][info ][gc] GC(2858) Concurrent Abortable Preclean
[2020-01-29T21:59:20.164+0300][188.203s][debug][gc] GC(2858) Concurrent active time: 0.003ms
[2020-01-29T21:59:20.164+0300][188.203s][info ][gc] GC(2858) Concurrent Abortable Preclean 0.030ms
[2020-01-29T21:59:20.164+0300][188.203s][debug][gc] GC(2858) YG occupancy: 54485 K (78656 K)
[2020-01-29T21:59:20.175+0300][188.214s][info ][gc] GC(2858) Pause Remark 199M->199M(247M) 10.940ms
[2020-01-29T21:59:20.175+0300][188.214s][info ][gc] GC(2858) Concurrent Sweep
[2020-01-29T21:59:20.178+0300][188.217s][info ][gc] GC(2859) Pause Young (Allocation Failure) 199M->199M(247M) 0.040ms
[2020-01-29T21:59:20.244+0300][188.283s][debug][gc] GC(2858) Concurrent active time: 68.834ms
[2020-01-29T21:59:20.244+0300][188.283s][info ][gc] GC(2858) Concurrent Sweep 69.070ms
[2020-01-29T21:59:20.244+0300][188.283s][debug][gc] GC(2860) Concurrent mode failure
[2020-01-29T21:59:20.339+0300][188.378s][info ][gc] GC(2860) Pause Full (Allocation Failure) 199M->70M(247M) 160.623ms
[2020-01-29T21:59:20.412+0300][188.451s][info ][gc] GC(2861) Pause Young (Allocation Failure) 136M->155M(247M) 54.596ms
[2020-01-29T21:59:20.422+0300][188.460s][info ][gc] GC(2862) Pause Initial Mark 174M->174M(247M) 8.820ms
[2020-01-29T21:59:20.422+0300][188.460s][info ][gc] GC(2862) Concurrent Mark
[2020-01-29T21:59:20.425+0300][188.463s][debug][gc] GC(2862) Concurrent active time: 2.684ms
[2020-01-29T21:59:20.425+0300][188.463s][info ][gc] GC(2862) Concurrent Mark 2.738ms
[2020-01-29T21:59:20.425+0300][188.463s][info ][gc] GC(2862) Concurrent Preclean
[2020-01-29T21:59:20.425+0300][188.463s][debug][gc] GC(2862) Concurrent active time: 0.158ms
[2020-01-29T21:59:20.425+0300][188.463s][info ][gc] GC(2862) Concurrent Preclean 0.188ms
[2020-01-29T21:59:20.425+0300][188.463s][info ][gc] GC(2862) Concurrent Abortable Preclean
[2020-01-29T21:59:20.425+0300][188.463s][debug][gc] GC(2862) Concurrent active time: 0.003ms
[2020-01-29T21:59:20.425+0300][188.463s][info ][gc] GC(2862) Concurrent Abortable Preclean 0.030ms
[2020-01-29T21:59:20.425+0300][188.463s][debug][gc] GC(2862) YG occupancy: 54488 K (78656 K)
[2020-01-29T21:59:20.436+0300][188.474s][info ][gc] GC(2862) Pause Remark 199M->199M(247M) 10.938ms
[2020-01-29T21:59:20.436+0300][188.474s][info ][gc] GC(2862) Concurrent Sweep
[2020-01-29T21:59:20.439+0300][188.477s][info ][gc] GC(2863) Pause Young (Allocation Failure) 199M->199M(247M) 0.040ms
[2020-01-29T21:59:20.506+0300][188.544s][debug][gc] GC(2862) Concurrent active time: 69.208ms
[2020-01-29T21:59:20.506+0300][188.544s][info ][gc] GC(2862) Concurrent Sweep 69.435ms
[2020-01-29T21:59:20.506+0300][188.544s][debug][gc] GC(2864) Concurrent mode failure
[2020-01-29T21:59:20.599+0300][188.638s][info ][gc] GC(2864) Pause Full (Allocation Failure) 199M->70M(247M) 160.666ms
[2020-01-29T21:59:20.673+0300][188.711s][info ][gc] GC(2865) Pause Young (Allocation Failure) 136M->155M(247M) 53.940ms
[2020-01-29T21:59:20.682+0300][188.721s][info ][gc] GC(2866) Pause Initial Mark 174M->174M(247M) 8.835ms
[2020-01-29T21:59:20.682+0300][188.721s][info ][gc] GC(2866) Concurrent Mark
[2020-01-29T21:59:20.685+0300][188.724s][debug][gc] GC(2866) Concurrent active time: 2.688ms
[2020-01-29T21:59:20.685+0300][188.724s][info ][gc] GC(2866) Concurrent Mark 2.738ms
[2020-01-29T21:59:20.685+0300][188.724s][info ][gc] GC(2866) Concurrent Preclean
[2020-01-29T21:59:20.685+0300][188.724s][debug][gc] GC(2866) Concurrent active time: 0.161ms
[2020-01-29T21:59:20.685+0300][188.724s][info ][gc] GC(2866) Concurrent Preclean 0.192ms
[2020-01-29T21:59:20.685+0300][188.724s][info ][gc] GC(2866) Concurrent Abortable Preclean
[2020-01-29T21:59:20.685+0300][188.724s][debug][gc] GC(2866) Concurrent active time: 0.004ms
[2020-01-29T21:59:20.685+0300][188.724s][info ][gc] GC(2866) Concurrent Abortable Preclean 0.030ms
[2020-01-29T21:59:20.686+0300][188.724s][debug][gc] GC(2866) YG occupancy: 54475 K (78656 K)
[2020-01-29T21:59:20.697+0300][188.735s][info ][gc] GC(2866) Pause Remark 199M->199M(247M) 11.188ms
[2020-01-29T21:59:20.697+0300][188.735s][info ][gc] GC(2866) Concurrent Sweep
[2020-01-29T21:59:20.700+0300][188.738s][info ][gc] GC(2867) Pause Young (Allocation Failure) 199M->199M(247M) 0.041ms
[2020-01-29T21:59:20.765+0300][188.804s][debug][gc] GC(2866) Concurrent active time: 68.164ms
[2020-01-29T21:59:20.765+0300][188.804s][info ][gc] GC(2866) Concurrent Sweep 68.392ms
[2020-01-29T21:59:20.765+0300][188.804s][debug][gc] GC(2868) Concurrent mode failure
[2020-01-29T21:59:20.859+0300][188.897s][info ][gc] GC(2868) Pause Full (Allocation Failure) 199M->70M(247M) 158.767ms
[2020-01-29T21:59:20.971+0300][189.010s][info ][gc] GC(2869) Pause Young (Allocation Failure) 136M->155M(247M) 93.294ms
[2020-01-29T21:59:20.981+0300][189.019s][info ][gc] GC(2870) Pause Initial Mark 174M->174M(247M) 8.816ms
[2020-01-29T21:59:20.981+0300][189.019s][info ][gc] GC(2870) Concurrent Mark
[2020-01-29T21:59:20.983+0300][189.022s][debug][gc] GC(2870) Concurrent active time: 2.664ms
[2020-01-29T21:59:20.983+0300][189.022s][info ][gc] GC(2870) Concurrent Mark 2.717ms
[2020-01-29T21:59:20.983+0300][189.022s][info ][gc] GC(2870) Concurrent Preclean
[2020-01-29T21:59:20.984+0300][189.022s][debug][gc] GC(2870) Concurrent active time: 0.165ms
[2020-01-29T21:59:20.984+0300][189.022s][info ][gc] GC(2870) Concurrent Preclean 0.196ms
[2020-01-29T21:59:20.984+0300][189.022s][info ][gc] GC(2870) Concurrent Abortable Preclean
[2020-01-29T21:59:20.984+0300][189.022s][debug][gc] GC(2870) Concurrent active time: 0.003ms
[2020-01-29T21:59:20.984+0300][189.022s][info ][gc] GC(2870) Concurrent Abortable Preclean 0.030ms
[2020-01-29T21:59:20.984+0300][189.023s][debug][gc] GC(2870) YG occupancy: 54479 K (78656 K)
[2020-01-29T21:59:20.995+0300][189.033s][info ][gc] GC(2870) Pause Remark 199M->199M(247M) 10.910ms
[2020-01-29T21:59:20.995+0300][189.033s][info ][gc] GC(2870) Concurrent Sweep
[2020-01-29T21:59:20.998+0300][189.036s][info ][gc] GC(2871) Pause Young (Allocation Failure) 199M->199M(247M) 0.040ms
[2020-01-29T21:59:21.063+0300][189.102s][debug][gc] GC(2870) Concurrent active time: 68.113ms
[2020-01-29T21:59:21.063+0300][189.102s][info ][gc] GC(2870) Concurrent Sweep 68.344ms
[2020-01-29T21:59:21.063+0300][189.102s][debug][gc] GC(2872) Concurrent mode failure
[2020-01-29T21:59:21.159+0300][189.197s][info ][gc] GC(2872) Pause Full (Allocation Failure) 199M->70M(247M) 160.991ms
[2020-01-29T21:59:21.231+0300][189.270s][info ][gc] GC(2873) Pause Young (Allocation Failure) 136M->155M(247M) 53.801ms
[2020-01-29T21:59:21.241+0300][189.279s][info ][gc] GC(2874) Pause Initial Mark 174M->174M(247M) 8.821ms
[2020-01-29T21:59:21.241+0300][189.279s][info ][gc] GC(2874) Concurrent Mark
[2020-01-29T21:59:21.244+0300][189.282s][debug][gc] GC(2874) Concurrent active time: 2.671ms
[2020-01-29T21:59:21.244+0300][189.282s][info ][gc] GC(2874) Concurrent Mark 2.725ms
[2020-01-29T21:59:21.244+0300][189.282s][info ][gc] GC(2874) Concurrent Preclean
[2020-01-29T21:59:21.244+0300][189.282s][debug][gc] GC(2874) Concurrent active time: 0.158ms
[2020-01-29T21:59:21.244+0300][189.282s][info ][gc] GC(2874) Concurrent Preclean 0.189ms
[2020-01-29T21:59:21.244+0300][189.282s][info ][gc] GC(2874) Concurrent Abortable Preclean
[2020-01-29T21:59:21.244+0300][189.282s][debug][gc] GC(2874) Concurrent active time: 0.003ms
[2020-01-29T21:59:21.244+0300][189.282s][info ][gc] GC(2874) Concurrent Abortable Preclean 0.030ms
[2020-01-29T21:59:21.244+0300][189.282s][debug][gc] GC(2874) YG occupancy: 54485 K (78656 K)
[2020-01-29T21:59:21.255+0300][189.293s][info ][gc] GC(2874) Pause Remark 199M->199M(247M) 10.911ms
[2020-01-29T21:59:21.255+0300][189.293s][info ][gc] GC(2874) Concurrent Sweep
[2020-01-29T21:59:21.257+0300][189.296s][info ][gc] GC(2875) Pause Young (Allocation Failure) 199M->199M(247M) 0.045ms
[2020-01-29T21:59:21.324+0300][189.363s][debug][gc] GC(2874) Concurrent active time: 69.257ms
[2020-01-29T21:59:21.324+0300][189.363s][info ][gc] GC(2874) Concurrent Sweep 69.513ms
[2020-01-29T21:59:21.324+0300][189.363s][debug][gc] GC(2876) Concurrent mode failure
[2020-01-29T21:59:21.420+0300][189.458s][info ][gc] GC(2876) Pause Full (Allocation Failure) 199M->70M(247M) 161.744ms
[2020-01-29T21:59:21.490+0300][189.529s][info ][gc] GC(2877) Pause Young (Allocation Failure) 136M->155M(247M) 53.083ms
[2020-01-29T21:59:21.500+0300][189.539s][info ][gc] GC(2878) Pause Initial Mark 174M->174M(247M) 8.859ms
[2020-01-29T21:59:21.500+0300][189.539s][info ][gc] GC(2878) Concurrent Mark
[2020-01-29T21:59:21.503+0300][189.542s][debug][gc] GC(2878) Concurrent active time: 2.863ms
[2020-01-29T21:59:21.503+0300][189.542s][info ][gc] GC(2878) Concurrent Mark 3.017ms
[2020-01-29T21:59:21.503+0300][189.542s][info ][gc] GC(2878) Concurrent Preclean
[2020-01-29T21:59:21.503+0300][189.542s][debug][gc] GC(2878) Concurrent active time: 0.176ms
[2020-01-29T21:59:21.503+0300][189.542s][info ][gc] GC(2878) Concurrent Preclean 0.207ms
[2020-01-29T21:59:21.503+0300][189.542s][info ][gc] GC(2878) Concurrent Abortable Preclean
[2020-01-29T21:59:21.503+0300][189.542s][debug][gc] GC(2878) Concurrent active time: 0.004ms
[2020-01-29T21:59:21.503+0300][189.542s][info ][gc] GC(2878) Concurrent Abortable Preclean 0.031ms
[2020-01-29T21:59:21.503+0300][189.542s][debug][gc] GC(2878) YG occupancy: 53216 K (78656 K)
[2020-01-29T21:59:21.514+0300][189.553s][info ][gc] GC(2878) Pause Remark 198M->198M(247M) 10.970ms
[2020-01-29T21:59:21.514+0300][189.553s][info ][gc] GC(2878) Concurrent Sweep
[2020-01-29T21:59:21.518+0300][189.557s][info ][gc] GC(2879) Pause Young (Allocation Failure) 199M->199M(247M) 0.040ms
[2020-01-29T21:59:21.584+0300][189.622s][debug][gc] GC(2878) Concurrent active time: 68.252ms
[2020-01-29T21:59:21.584+0300][189.622s][info ][gc] GC(2878) Concurrent Sweep 68.492ms
[2020-01-29T21:59:21.584+0300][189.622s][debug][gc] GC(2880) Concurrent mode failure
[2020-01-29T21:59:21.676+0300][189.715s][info ][gc] GC(2880) Pause Full (Allocation Failure) 199M->70M(247M) 158.826ms
[2020-01-29T21:59:21.749+0300][189.788s][info ][gc] GC(2881) Pause Young (Allocation Failure) 136M->155M(247M) 54.708ms
[2020-01-29T21:59:21.759+0300][189.798s][info ][gc] GC(2882) Pause Initial Mark 174M->174M(247M) 8.835ms
[2020-01-29T21:59:21.759+0300][189.798s][info ][gc] GC(2882) Concurrent Mark
[2020-01-29T21:59:21.762+0300][189.801s][debug][gc] GC(2882) Concurrent active time: 2.905ms
[2020-01-29T21:59:21.762+0300][189.801s][info ][gc] GC(2882) Concurrent Mark 2.980ms
[2020-01-29T21:59:21.762+0300][189.801s][info ][gc] GC(2882) Concurrent Preclean
[2020-01-29T21:59:21.762+0300][189.801s][debug][gc] GC(2882) Concurrent active time: 0.190ms
[2020-01-29T21:59:21.762+0300][189.801s][info ][gc] GC(2882) Concurrent Preclean 0.228ms
[2020-01-29T21:59:21.762+0300][189.801s][info ][gc] GC(2882) Concurrent Abortable Preclean
[2020-01-29T21:59:21.762+0300][189.801s][debug][gc] GC(2882) Concurrent active time: 0.005ms
[2020-01-29T21:59:21.762+0300][189.801s][info ][gc] GC(2882) Concurrent Abortable Preclean 0.031ms
[2020-01-29T21:59:21.762+0300][189.801s][debug][gc] GC(2882) YG occupancy: 53141 K (78656 K)
[2020-01-29T21:59:21.777+0300][189.816s][info ][gc] GC(2882) Pause Remark 198M->198M(247M) 14.746ms
[2020-01-29T21:59:21.777+0300][189.816s][info ][gc] GC(2882) Concurrent Sweep
[2020-01-29T21:59:21.781+0300][189.819s][info ][gc] GC(2883) Pause Young (Allocation Failure) 198M->198M(247M) 0.044ms
[2020-01-29T21:59:21.846+0300][189.884s][debug][gc] GC(2882) Concurrent active time: 68.076ms
[2020-01-29T21:59:21.846+0300][189.884s][info ][gc] GC(2882) Concurrent Sweep 68.332ms
[2020-01-29T21:59:21.846+0300][189.884s][debug][gc] GC(2884) Concurrent mode failure
[2020-01-29T21:59:21.940+0300][189.979s][info ][gc] GC(2884) Pause Full (Allocation Failure) 198M->70M(247M) 159.263ms
[2020-01-29T21:59:22.012+0300][190.050s][info ][gc] GC(2885) Pause Young (Allocation Failure) 136M->155M(247M) 53.639ms
[2020-01-29T21:59:22.022+0300][190.060s][info ][gc] GC(2886) Pause Initial Mark 174M->174M(247M) 8.836ms
[2020-01-29T21:59:22.022+0300][190.060s][info ][gc] GC(2886) Concurrent Mark
[2020-01-29T21:59:22.025+0300][190.063s][debug][gc] GC(2886) Concurrent active time: 2.654ms
[2020-01-29T21:59:22.025+0300][190.063s][info ][gc] GC(2886) Concurrent Mark 2.706ms
[2020-01-29T21:59:22.025+0300][190.063s][info ][gc] GC(2886) Concurrent Preclean
[2020-01-29T21:59:22.025+0300][190.063s][debug][gc] GC(2886) Concurrent active time: 0.161ms
[2020-01-29T21:59:22.025+0300][190.063s][info ][gc] GC(2886) Concurrent Preclean 0.191ms
[2020-01-29T21:59:22.025+0300][190.063s][info ][gc] GC(2886) Concurrent Abortable Preclean
[2020-01-29T21:59:22.025+0300][190.063s][debug][gc] GC(2886) Concurrent active time: 0.004ms
[2020-01-29T21:59:22.025+0300][190.063s][info ][gc] GC(2886) Concurrent Abortable Preclean 0.033ms
[2020-01-29T21:59:22.025+0300][190.063s][debug][gc] GC(2886) YG occupancy: 54489 K (78656 K)
[2020-01-29T21:59:22.035+0300][190.074s][info ][gc] GC(2886) Pause Remark 199M->199M(247M) 10.959ms
[2020-01-29T21:59:22.035+0300][190.074s][info ][gc] GC(2886) Concurrent Sweep
[2020-01-29T21:59:22.038+0300][190.077s][info ][gc] GC(2887) Pause Young (Allocation Failure) 199M->199M(247M) 0.041ms
[2020-01-29T21:59:22.103+0300][190.142s][debug][gc] GC(2886) Concurrent active time: 67.386ms
[2020-01-29T21:59:22.103+0300][190.142s][info ][gc] GC(2886) Concurrent Sweep 67.617ms
[2020-01-29T21:59:22.103+0300][190.142s][debug][gc] GC(2888) Concurrent mode failure
[2020-01-29T21:59:22.197+0300][190.236s][info ][gc] GC(2888) Pause Full (Allocation Failure) 199M->70M(247M) 158.559ms
[2020-01-29T21:59:22.271+0300][190.309s][info ][gc] GC(2889) Pause Young (Allocation Failure) 136M->155M(247M) 54.853ms
[2020-01-29T21:59:22.280+0300][190.319s][info ][gc] GC(2890) Pause Initial Mark 174M->174M(247M) 8.857ms
[2020-01-29T21:59:22.280+0300][190.319s][info ][gc] GC(2890) Concurrent Mark
[2020-01-29T21:59:22.283+0300][190.321s][debug][gc] GC(2890) Concurrent active time: 2.657ms
[2020-01-29T21:59:22.283+0300][190.321s][info ][gc] GC(2890) Concurrent Mark 2.711ms
[2020-01-29T21:59:22.283+0300][190.321s][info ][gc] GC(2890) Concurrent Preclean
[2020-01-29T21:59:22.283+0300][190.322s][debug][gc] GC(2890) Concurrent active time: 0.161ms
[2020-01-29T21:59:22.283+0300][190.322s][info ][gc] GC(2890) Concurrent Preclean 0.190ms
[2020-01-29T21:59:22.283+0300][190.322s][info ][gc] GC(2890) Concurrent Abortable Preclean
[2020-01-29T21:59:22.283+0300][190.322s][debug][gc] GC(2890) Concurrent active time: 0.004ms
[2020-01-29T21:59:22.283+0300][190.322s][info ][gc] GC(2890) Concurrent Abortable Preclean 0.030ms
[2020-01-29T21:59:22.283+0300][190.322s][debug][gc] GC(2890) YG occupancy: 54489 K (78656 K)
[2020-01-29T21:59:22.294+0300][190.333s][info ][gc] GC(2890) Pause Remark 199M->199M(247M) 10.906ms
[2020-01-29T21:59:22.294+0300][190.333s][info ][gc] GC(2890) Concurrent Sweep
[2020-01-29T21:59:22.297+0300][190.336s][info ][gc] GC(2891) Pause Young (Allocation Failure) 199M->199M(247M) 0.041ms
[2020-01-29T21:59:22.362+0300][190.400s][debug][gc] GC(2890) Concurrent active time: 67.422ms
[2020-01-29T21:59:22.362+0300][190.400s][info ][gc] GC(2890) Concurrent Sweep 67.656ms
[2020-01-29T21:59:22.362+0300][190.400s][debug][gc] GC(2892) Concurrent mode failure
[2020-01-29T21:59:22.456+0300][190.495s][info ][gc] GC(2892) Pause Full (Allocation Failure) 199M->70M(247M) 158.821ms
[2020-01-29T21:59:22.536+0300][190.574s][info ][gc] GC(2893) Pause Young (Allocation Failure) 136M->155M(247M) 59.408ms
[2020-01-29T21:59:22.545+0300][190.583s][info ][gc] GC(2894) Pause Initial Mark 174M->174M(247M) 8.823ms
[2020-01-29T21:59:22.545+0300][190.583s][info ][gc] GC(2894) Concurrent Mark
[2020-01-29T21:59:22.548+0300][190.586s][debug][gc] GC(2894) Concurrent active time: 2.690ms
[2020-01-29T21:59:22.548+0300][190.586s][info ][gc] GC(2894) Concurrent Mark 2.749ms
[2020-01-29T21:59:22.548+0300][190.586s][info ][gc] GC(2894) Concurrent Preclean
[2020-01-29T21:59:22.548+0300][190.586s][debug][gc] GC(2894) Concurrent active time: 0.161ms
[2020-01-29T21:59:22.548+0300][190.586s][info ][gc] GC(2894) Concurrent Preclean 0.193ms
[2020-01-29T21:59:22.548+0300][190.586s][info ][gc] GC(2894) Concurrent Abortable Preclean
[2020-01-29T21:59:22.548+0300][190.586s][debug][gc] GC(2894) Concurrent active time: 0.004ms
[2020-01-29T21:59:22.548+0300][190.586s][info ][gc] GC(2894) Concurrent Abortable Preclean 0.030ms
[2020-01-29T21:59:22.548+0300][190.587s][debug][gc] GC(2894) YG occupancy: 54475 K (78656 K)
[2020-01-29T21:59:22.559+0300][190.598s][info ][gc] GC(2894) Pause Remark 199M->199M(247M) 11.002ms
[2020-01-29T21:59:22.559+0300][190.598s][info ][gc] GC(2894) Concurrent Sweep
[2020-01-29T21:59:22.563+0300][190.601s][info ][gc] GC(2895) Pause Young (Allocation Failure) 199M->199M(247M) 0.041ms
[2020-01-29T21:59:22.627+0300][190.665s][debug][gc] GC(2894) Concurrent active time: 67.735ms
[2020-01-29T21:59:22.627+0300][190.666s][info ][gc] GC(2894) Concurrent Sweep 67.976ms
[2020-01-29T21:59:22.627+0300][190.666s][debug][gc] GC(2896) Concurrent mode failure
[2020-01-29T21:59:22.721+0300][190.760s][info ][gc] GC(2896) Pause Full (Allocation Failure) 199M->70M(247M) 159.039ms
[2020-01-29T21:59:22.793+0300][190.832s][info ][gc] GC(2897) Pause Young (Allocation Failure) 136M->155M(247M) 53.518ms
[2020-01-29T21:59:22.803+0300][190.841s][info ][gc] GC(2898) Pause Initial Mark 174M->174M(247M) 8.843ms
[2020-01-29T21:59:22.803+0300][190.841s][info ][gc] GC(2898) Concurrent Mark
[2020-01-29T21:59:22.806+0300][190.844s][debug][gc] GC(2898) Concurrent active time: 2.866ms
[2020-01-29T21:59:22.806+0300][190.844s][info ][gc] GC(2898) Concurrent Mark 2.936ms
[2020-01-29T21:59:22.806+0300][190.844s][info ][gc] GC(2898) Concurrent Preclean
[2020-01-29T21:59:22.806+0300][190.845s][debug][gc] GC(2898) Concurrent active time: 0.188ms
[2020-01-29T21:59:22.806+0300][190.845s][info ][gc] GC(2898) Concurrent Preclean 0.227ms
[2020-01-29T21:59:22.806+0300][190.845s][info ][gc] GC(2898) Concurrent Abortable Preclean
[2020-01-29T21:59:22.806+0300][190.845s][debug][gc] GC(2898) Concurrent active time: 0.005ms
[2020-01-29T21:59:22.806+0300][190.845s][info ][gc] GC(2898) Concurrent Abortable Preclean 0.033ms
[2020-01-29T21:59:22.806+0300][190.845s][debug][gc] GC(2898) YG occupancy: 54515 K (78656 K)
[2020-01-29T21:59:22.821+0300][190.859s][info ][gc] GC(2898) Pause Remark 199M->199M(247M) 14.211ms
[2020-01-29T21:59:22.821+0300][190.859s][info ][gc] GC(2898) Concurrent Sweep
[2020-01-29T21:59:22.824+0300][190.862s][info ][gc] GC(2899) Pause Young (Allocation Failure) 199M->199M(247M) 0.042ms
[2020-01-29T21:59:22.890+0300][190.928s][debug][gc] GC(2898) Concurrent active time: 68.617ms
[2020-01-29T21:59:22.890+0300][190.928s][info ][gc] GC(2898) Concurrent Sweep 68.864ms
[2020-01-29T21:59:22.890+0300][190.928s][debug][gc] GC(2900) Concurrent mode failure
[2020-01-29T21:59:22.983+0300][191.022s][info ][gc] GC(2900) Pause Full (Allocation Failure) 199M->70M(247M) 160.078ms
[2020-01-29T21:59:23.060+0300][191.098s][info ][gc] GC(2901) Pause Young (Allocation Failure) 136M->155M(247M) 56.812ms
[2020-01-29T21:59:23.069+0300][191.107s][info ][gc] GC(2902) Pause Initial Mark 174M->174M(247M) 8.826ms
[2020-01-29T21:59:23.069+0300][191.107s][info ][gc] GC(2902) Concurrent Mark
[2020-01-29T21:59:23.072+0300][191.110s][debug][gc] GC(2902) Concurrent active time: 2.659ms
[2020-01-29T21:59:23.072+0300][191.110s][info ][gc] GC(2902) Concurrent Mark 2.716ms
[2020-01-29T21:59:23.072+0300][191.110s][info ][gc] GC(2902) Concurrent Preclean
[2020-01-29T21:59:23.072+0300][191.110s][debug][gc] GC(2902) Concurrent active time: 0.161ms
[2020-01-29T21:59:23.072+0300][191.110s][info ][gc] GC(2902) Concurrent Preclean 0.192ms
[2020-01-29T21:59:23.072+0300][191.110s][info ][gc] GC(2902) Concurrent Abortable Preclean
[2020-01-29T21:59:23.072+0300][191.110s][debug][gc] GC(2902) Concurrent active time: 0.004ms
[2020-01-29T21:59:23.072+0300][191.110s][info ][gc] GC(2902) Concurrent Abortable Preclean 0.030ms
[2020-01-29T21:59:23.072+0300][191.110s][debug][gc] GC(2902) YG occupancy: 54486 K (78656 K)
[2020-01-29T21:59:23.083+0300][191.122s][info ][gc] GC(2902) Pause Remark 199M->199M(247M) 11.099ms
[2020-01-29T21:59:23.083+0300][191.122s][info ][gc] GC(2902) Concurrent Sweep
[2020-01-29T21:59:23.086+0300][191.125s][info ][gc] GC(2903) Pause Young (Allocation Failure) 199M->199M(247M) 0.042ms
[2020-01-29T21:59:23.150+0300][191.189s][debug][gc] GC(2902) Concurrent active time: 67.156ms
[2020-01-29T21:59:23.151+0300][191.189s][info ][gc] GC(2902) Concurrent Sweep 67.395ms
[2020-01-29T21:59:23.151+0300][191.189s][debug][gc] GC(2904) Concurrent mode failure
[2020-01-29T21:59:23.244+0300][191.283s][info ][gc] GC(2904) Pause Full (Allocation Failure) 199M->70M(247M) 158.548ms
[2020-01-29T21:59:23.317+0300][191.355s][info ][gc] GC(2905) Pause Young (Allocation Failure) 136M->155M(247M) 53.989ms
[2020-01-29T21:59:23.327+0300][191.365s][info ][gc] GC(2906) Pause Initial Mark 174M->174M(247M) 8.815ms
[2020-01-29T21:59:23.327+0300][191.365s][info ][gc] GC(2906) Concurrent Mark
[2020-01-29T21:59:23.330+0300][191.368s][debug][gc] GC(2906) Concurrent active time: 2.668ms
[2020-01-29T21:59:23.330+0300][191.368s][info ][gc] GC(2906) Concurrent Mark 2.721ms
[2020-01-29T21:59:23.330+0300][191.368s][info ][gc] GC(2906) Concurrent Preclean
[2020-01-29T21:59:23.330+0300][191.368s][debug][gc] GC(2906) Concurrent active time: 0.159ms
[2020-01-29T21:59:23.330+0300][191.368s][info ][gc] GC(2906) Concurrent Preclean 0.189ms
[2020-01-29T21:59:23.330+0300][191.368s][info ][gc] GC(2906) Concurrent Abortable Preclean
[2020-01-29T21:59:23.330+0300][191.368s][debug][gc] GC(2906) Concurrent active time: 0.004ms
[2020-01-29T21:59:23.330+0300][191.368s][info ][gc] GC(2906) Concurrent Abortable Preclean 0.030ms
[2020-01-29T21:59:23.330+0300][191.368s][debug][gc] GC(2906) YG occupancy: 54488 K (78656 K)
[2020-01-29T21:59:23.341+0300][191.379s][info ][gc] GC(2906) Pause Remark 199M->199M(247M) 11.151ms
[2020-01-29T21:59:23.341+0300][191.379s][info ][gc] GC(2906) Concurrent Sweep
[2020-01-29T21:59:23.344+0300][191.382s][info ][gc] GC(2907) Pause Young (Allocation Failure) 199M->199M(247M) 0.039ms
[2020-01-29T21:59:23.407+0300][191.446s][debug][gc] GC(2906) Concurrent active time: 66.955ms
[2020-01-29T21:59:23.407+0300][191.446s][info ][gc] GC(2906) Concurrent Sweep 67.181ms
[2020-01-29T21:59:23.408+0300][191.446s][debug][gc] GC(2908) Concurrent mode failure
[2020-01-29T21:59:23.502+0300][191.540s][info ][gc] GC(2908) Pause Full (Allocation Failure) 199M->70M(247M) 158.164ms
[2020-01-29T21:59:23.575+0300][191.613s][info ][gc] GC(2909) Pause Young (Allocation Failure) 136M->155M(247M) 53.865ms
[2020-01-29T21:59:23.584+0300][191.623s][info ][gc] GC(2910) Pause Initial Mark 174M->174M(247M) 8.809ms
[2020-01-29T21:59:23.584+0300][191.623s][info ][gc] GC(2910) Concurrent Mark
[2020-01-29T21:59:23.587+0300][191.625s][debug][gc] GC(2910) Concurrent active time: 2.683ms
[2020-01-29T21:59:23.587+0300][191.625s][info ][gc] GC(2910) Concurrent Mark 2.741ms
[2020-01-29T21:59:23.587+0300][191.625s][info ][gc] GC(2910) Concurrent Preclean
[2020-01-29T21:59:23.587+0300][191.626s][debug][gc] GC(2910) Concurrent active time: 0.159ms
[2020-01-29T21:59:23.587+0300][191.626s][info ][gc] GC(2910) Concurrent Preclean 0.190ms
[2020-01-29T21:59:23.587+0300][191.626s][info ][gc] GC(2910) Concurrent Abortable Preclean
[2020-01-29T21:59:23.587+0300][191.626s][debug][gc] GC(2910) Concurrent active time: 0.003ms
[2020-01-29T21:59:23.587+0300][191.626s][info ][gc] GC(2910) Concurrent Abortable Preclean 0.030ms
[2020-01-29T21:59:23.587+0300][191.626s][debug][gc] GC(2910) YG occupancy: 54474 K (78656 K)
[2020-01-29T21:59:23.598+0300][191.637s][info ][gc] GC(2910) Pause Remark 199M->199M(247M) 10.931ms
[2020-01-29T21:59:23.598+0300][191.637s][info ][gc] GC(2910) Concurrent Sweep
[2020-01-29T21:59:23.601+0300][191.640s][info ][gc] GC(2911) Pause Young (Allocation Failure) 199M->199M(247M) 0.040ms
[2020-01-29T21:59:23.666+0300][191.704s][debug][gc] GC(2910) Concurrent active time: 67.472ms
[2020-01-29T21:59:23.666+0300][191.704s][info ][gc] GC(2910) Concurrent Sweep 67.697ms
[2020-01-29T21:59:23.666+0300][191.704s][debug][gc] GC(2912) Concurrent mode failure
[2020-01-29T21:59:23.759+0300][191.798s][info ][gc] GC(2912) Pause Full (Allocation Failure) 199M->70M(247M) 158.072ms
[2020-01-29T21:59:23.833+0300][191.872s][info ][gc] GC(2913) Pause Young (Allocation Failure) 136M->155M(247M) 55.631ms
[2020-01-29T21:59:23.843+0300][191.882s][info ][gc] GC(2914) Pause Initial Mark 174M->174M(247M) 8.824ms
[2020-01-29T21:59:23.843+0300][191.882s][info ][gc] GC(2914) Concurrent Mark
[2020-01-29T21:59:23.846+0300][191.885s][debug][gc] GC(2914) Concurrent active time: 2.926ms
[2020-01-29T21:59:23.846+0300][191.885s][info ][gc] GC(2914) Concurrent Mark 3.008ms
[2020-01-29T21:59:23.846+0300][191.885s][info ][gc] GC(2914) Concurrent Preclean
[2020-01-29T21:59:23.846+0300][191.885s][debug][gc] GC(2914) Concurrent active time: 0.180ms
[2020-01-29T21:59:23.846+0300][191.885s][info ][gc] GC(2914) Concurrent Preclean 0.215ms
[2020-01-29T21:59:23.846+0300][191.885s][info ][gc] GC(2914) Concurrent Abortable Preclean
[2020-01-29T21:59:23.846+0300][191.885s][debug][gc] GC(2914) Concurrent active time: 0.004ms
[2020-01-29T21:59:23.846+0300][191.885s][info ][gc] GC(2914) Concurrent Abortable Preclean 0.031ms
[2020-01-29T21:59:23.846+0300][191.885s][debug][gc] GC(2914) YG occupancy: 54515 K (78656 K)
[2020-01-29T21:59:23.857+0300][191.896s][info ][gc] GC(2914) Pause Remark 199M->199M(247M) 10.996ms
[2020-01-29T21:59:23.857+0300][191.896s][info ][gc] GC(2914) Concurrent Sweep
[2020-01-29T21:59:23.861+0300][191.899s][info ][gc] GC(2915) Pause Young (Allocation Failure) 199M->199M(247M) 0.043ms
[2020-01-29T21:59:23.925+0300][191.964s][debug][gc] GC(2914) Concurrent active time: 67.165ms
[2020-01-29T21:59:23.925+0300][191.964s][info ][gc] GC(2914) Concurrent Sweep 67.420ms
[2020-01-29T21:59:23.925+0300][191.964s][debug][gc] GC(2916) Concurrent mode failure
[2020-01-29T21:59:24.020+0300][192.058s][info ][gc] GC(2916) Pause Full (Allocation Failure) 199M->70M(247M) 158.932ms
[2020-01-29T21:59:24.093+0300][192.131s][info ][gc] GC(2917) Pause Young (Allocation Failure) 136M->155M(247M) 53.925ms
[2020-01-29T21:59:24.102+0300][192.140s][info ][gc] GC(2918) Pause Initial Mark 174M->174M(247M) 8.816ms
[2020-01-29T21:59:24.102+0300][192.140s][info ][gc] GC(2918) Concurrent Mark
[2020-01-29T21:59:24.105+0300][192.143s][debug][gc] GC(2918) Concurrent active time: 2.665ms
[2020-01-29T21:59:24.105+0300][192.143s][info ][gc] GC(2918) Concurrent Mark 2.723ms
[2020-01-29T21:59:24.105+0300][192.143s][info ][gc] GC(2918) Concurrent Preclean
[2020-01-29T21:59:24.105+0300][192.143s][debug][gc] GC(2918) Concurrent active time: 0.161ms
[2020-01-29T21:59:24.105+0300][192.143s][info ][gc] GC(2918) Concurrent Preclean 0.192ms
[2020-01-29T21:59:24.105+0300][192.143s][info ][gc] GC(2918) Concurrent Abortable Preclean
[2020-01-29T21:59:24.105+0300][192.143s][debug][gc] GC(2918) Concurrent active time: 0.004ms
[2020-01-29T21:59:24.105+0300][192.143s][info ][gc] GC(2918) Concurrent Abortable Preclean 0.031ms
[2020-01-29T21:59:24.105+0300][192.143s][debug][gc] GC(2918) YG occupancy: 54488 K (78656 K)
[2020-01-29T21:59:24.115+0300][192.154s][info ][gc] GC(2918) Pause Remark 199M->199M(247M) 10.940ms
[2020-01-29T21:59:24.115+0300][192.154s][info ][gc] GC(2918) Concurrent Sweep
[2020-01-29T21:59:24.118+0300][192.157s][info ][gc] GC(2919) Pause Young (Allocation Failure) 199M->199M(247M) 0.041ms
[2020-01-29T21:59:24.185+0300][192.224s][debug][gc] GC(2918) Concurrent active time: 69.447ms
[2020-01-29T21:59:24.185+0300][192.224s][info ][gc] GC(2918) Concurrent Sweep 69.792ms
[2020-01-29T21:59:24.185+0300][192.224s][debug][gc] GC(2920) Concurrent mode failure
[2020-01-29T21:59:24.279+0300][192.318s][info ][gc] GC(2920) Pause Full (Allocation Failure) 199M->70M(247M) 160.380ms
[2020-01-29T21:59:24.353+0300][192.391s][info ][gc] GC(2921) Pause Young (Allocation Failure) 136M->155M(247M) 55.255ms
[2020-01-29T21:59:24.363+0300][192.401s][info ][gc] GC(2922) Pause Initial Mark 174M->174M(247M) 8.864ms
[2020-01-29T21:59:24.363+0300][192.401s][info ][gc] GC(2922) Concurrent Mark
[2020-01-29T21:59:24.365+0300][192.404s][debug][gc] GC(2922) Concurrent active time: 2.678ms
[2020-01-29T21:59:24.365+0300][192.404s][info ][gc] GC(2922) Concurrent Mark 2.734ms
[2020-01-29T21:59:24.365+0300][192.404s][info ][gc] GC(2922) Concurrent Preclean
[2020-01-29T21:59:24.366+0300][192.404s][debug][gc] GC(2922) Concurrent active time: 0.164ms
[2020-01-29T21:59:24.366+0300][192.404s][info ][gc] GC(2922) Concurrent Preclean 0.195ms
[2020-01-29T21:59:24.366+0300][192.404s][info ][gc] GC(2922) Concurrent Abortable Preclean
[2020-01-29T21:59:24.366+0300][192.404s][debug][gc] GC(2922) Concurrent active time: 0.004ms
[2020-01-29T21:59:24.366+0300][192.404s][info ][gc] GC(2922) Concurrent Abortable Preclean 0.032ms
[2020-01-29T21:59:24.366+0300][192.404s][debug][gc] GC(2922) YG occupancy: 54489 K (78656 K)
[2020-01-29T21:59:24.377+0300][192.415s][info ][gc] GC(2922) Pause Remark 199M->199M(247M) 10.948ms
[2020-01-29T21:59:24.377+0300][192.415s][info ][gc] GC(2922) Concurrent Sweep
[2020-01-29T21:59:24.380+0300][192.418s][info ][gc] GC(2923) Pause Young (Allocation Failure) 199M->199M(247M) 0.040ms
[2020-01-29T21:59:24.446+0300][192.484s][debug][gc] GC(2922) Concurrent active time: 68.538ms
[2020-01-29T21:59:24.446+0300][192.484s][info ][gc] GC(2922) Concurrent Sweep 68.767ms
[2020-01-29T21:59:24.446+0300][192.484s][debug][gc] GC(2924) Concurrent mode failure
[2020-01-29T21:59:24.539+0300][192.578s][info ][gc] GC(2924) Pause Full (Allocation Failure) 199M->70M(247M) 159.425ms
[2020-01-29T21:59:24.612+0300][192.650s][info ][gc] GC(2925) Pause Young (Allocation Failure) 136M->155M(247M) 53.380ms
[2020-01-29T21:59:24.621+0300][192.659s][info ][gc] GC(2926) Pause Initial Mark 174M->174M(247M) 8.837ms
[2020-01-29T21:59:24.621+0300][192.659s][info ][gc] GC(2926) Concurrent Mark
[2020-01-29T21:59:24.624+0300][192.662s][debug][gc] GC(2926) Concurrent active time: 2.691ms
[2020-01-29T21:59:24.624+0300][192.662s][info ][gc] GC(2926) Concurrent Mark 2.747ms
[2020-01-29T21:59:24.624+0300][192.662s][info ][gc] GC(2926) Concurrent Preclean
[2020-01-29T21:59:24.624+0300][192.662s][debug][gc] GC(2926) Concurrent active time: 0.163ms
[2020-01-29T21:59:24.624+0300][192.662s][info ][gc] GC(2926) Concurrent Preclean 0.192ms
[2020-01-29T21:59:24.624+0300][192.662s][info ][gc] GC(2926) Concurrent Abortable Preclean
[2020-01-29T21:59:24.624+0300][192.662s][debug][gc] GC(2926) Concurrent active time: 0.004ms
[2020-01-29T21:59:24.624+0300][192.662s][info ][gc] GC(2926) Concurrent Abortable Preclean 0.031ms
[2020-01-29T21:59:24.624+0300][192.662s][debug][gc] GC(2926) YG occupancy: 54475 K (78656 K)
[2020-01-29T21:59:24.635+0300][192.673s][info ][gc] GC(2926) Pause Remark 199M->199M(247M) 10.979ms
[2020-01-29T21:59:24.635+0300][192.674s][info ][gc] GC(2926) Concurrent Sweep
[2020-01-29T21:59:24.638+0300][192.677s][info ][gc] GC(2927) Pause Young (Allocation Failure) 199M->199M(247M) 0.042ms
[2020-01-29T21:59:24.703+0300][192.741s][debug][gc] GC(2926) Concurrent active time: 67.697ms
[2020-01-29T21:59:24.703+0300][192.741s][info ][gc] GC(2926) Concurrent Sweep 67.941ms
[2020-01-29T21:59:24.703+0300][192.741s][debug][gc] GC(2928) Concurrent mode failure
[2020-01-29T21:59:24.797+0300][192.835s][info ][gc] GC(2928) Pause Full (Allocation Failure) 199M->70M(247M) 158.916ms
[2020-01-29T21:59:24.897+0300][192.936s][info ][gc] GC(2929) Pause Young (Allocation Failure) 136M->155M(247M) 81.716ms
[2020-01-29T21:59:24.907+0300][192.946s][info ][gc] GC(2930) Pause Initial Mark 174M->174M(247M) 8.823ms
[2020-01-29T21:59:24.907+0300][192.946s][info ][gc] GC(2930) Concurrent Mark
[2020-01-29T21:59:24.909+0300][192.948s][debug][gc] GC(2930) Concurrent active time: 2.666ms
[2020-01-29T21:59:24.909+0300][192.948s][info ][gc] GC(2930) Concurrent Mark 2.721ms
[2020-01-29T21:59:24.909+0300][192.948s][info ][gc] GC(2930) Concurrent Preclean
[2020-01-29T21:59:24.910+0300][192.948s][debug][gc] GC(2930) Concurrent active time: 0.163ms
[2020-01-29T21:59:24.910+0300][192.948s][info ][gc] GC(2930) Concurrent Preclean 0.193ms
[2020-01-29T21:59:24.910+0300][192.948s][info ][gc] GC(2930) Concurrent Abortable Preclean
[2020-01-29T21:59:24.910+0300][192.949s][debug][gc] GC(2930) Concurrent active time: 0.003ms
[2020-01-29T21:59:24.910+0300][192.949s][info ][gc] GC(2930) Concurrent Abortable Preclean 0.030ms
[2020-01-29T21:59:24.910+0300][192.949s][debug][gc] GC(2930) YG occupancy: 54479 K (78656 K)
[2020-01-29T21:59:24.921+0300][192.960s][info ][gc] GC(2930) Pause Remark 199M->199M(247M) 10.929ms
[2020-01-29T21:59:24.921+0300][192.960s][info ][gc] GC(2930) Concurrent Sweep
[2020-01-29T21:59:24.924+0300][192.963s][info ][gc] GC(2931) Pause Young (Allocation Failure) 199M->199M(247M) 0.040ms
[2020-01-29T21:59:24.990+0300][193.028s][debug][gc] GC(2930) Concurrent active time: 68.587ms
[2020-01-29T21:59:24.990+0300][193.028s][info ][gc] GC(2930) Concurrent Sweep 68.814ms
[2020-01-29T21:59:24.990+0300][193.028s][debug][gc] GC(2932) Concurrent mode failure
[2020-01-29T21:59:25.085+0300][193.123s][info ][gc] GC(2932) Pause Full (Allocation Failure) 199M->70M(247M) 160.771ms
[2020-01-29T21:59:25.157+0300][193.195s][info ][gc] GC(2933) Pause Young (Allocation Failure) 136M->155M(247M) 53.540ms
[2020-01-29T21:59:25.167+0300][193.205s][info ][gc] GC(2934) Pause Initial Mark 174M->174M(247M) 8.816ms
[2020-01-29T21:59:25.167+0300][193.205s][info ][gc] GC(2934) Concurrent Mark
[2020-01-29T21:59:25.170+0300][193.208s][debug][gc] GC(2934) Concurrent active time: 2.674ms
[2020-01-29T21:59:25.170+0300][193.208s][info ][gc] GC(2934) Concurrent Mark 2.731ms
[2020-01-29T21:59:25.170+0300][193.208s][info ][gc] GC(2934) Concurrent Preclean
[2020-01-29T21:59:25.170+0300][193.208s][debug][gc] GC(2934) Concurrent active time: 0.160ms
[2020-01-29T21:59:25.170+0300][193.208s][info ][gc] GC(2934) Concurrent Preclean 0.191ms
[2020-01-29T21:59:25.170+0300][193.208s][info ][gc] GC(2934) Concurrent Abortable Preclean
[2020-01-29T21:59:25.170+0300][193.208s][debug][gc] GC(2934) Concurrent active time: 0.003ms
[2020-01-29T21:59:25.170+0300][193.208s][info ][gc] GC(2934) Concurrent Abortable Preclean 0.030ms
[2020-01-29T21:59:25.170+0300][193.208s][debug][gc] GC(2934) YG occupancy: 54485 K (78656 K)
[2020-01-29T21:59:25.181+0300][193.219s][info ][gc] GC(2934) Pause Remark 199M->199M(247M) 10.926ms
[2020-01-29T21:59:25.181+0300][193.219s][info ][gc] GC(2934) Concurrent Sweep
[2020-01-29T21:59:25.184+0300][193.222s][info ][gc] GC(2935) Pause Young (Allocation Failure) 198M->198M(247M) 0.045ms
[2020-01-29T21:59:25.249+0300][193.288s][debug][gc] GC(2934) Concurrent active time: 68.323ms
[2020-01-29T21:59:25.249+0300][193.288s][info ][gc] GC(2934) Concurrent Sweep 68.578ms
[2020-01-29T21:59:25.249+0300][193.288s][debug][gc] GC(2936) Concurrent mode failure
[2020-01-29T21:59:25.344+0300][193.382s][info ][gc] GC(2936) Pause Full (Allocation Failure) 198M->70M(247M) 159.923ms
[2020-01-29T21:59:25.417+0300][193.455s][info ][gc] GC(2937) Pause Young (Allocation Failure) 136M->155M(247M) 54.899ms
[2020-01-29T21:59:25.425+0300][193.465s][info ][gc] GC(2938) Pause Initial Mark 174M->174M(247M) 8.849ms
[2020-01-29T21:59:25.425+0300][193.465s][info ][gc] GC(2938) Concurrent Mark
[2020-01-29T21:59:25.425+0300][193.467s][debug][gc] GC(2938) Concurrent active time: 2.667ms
[2020-01-29T21:59:25.425+0300][193.468s][info ][gc] GC(2938) Concurrent Mark 2.724ms
[2020-01-29T21:59:25.425+0300][193.468s][info ][gc] GC(2938) Concurrent Preclean
[2020-01-29T21:59:25.425+0300][193.468s][debug][gc] GC(2938) Concurrent active time: 0.159ms
[2020-01-29T21:59:25.425+0300][193.468s][info ][gc] GC(2938) Concurrent Preclean 0.189ms
[2020-01-29T21:59:25.425+0300][193.468s][info ][gc] GC(2938) Concurrent Abortable Preclean
[2020-01-29T21:59:25.425+0300][193.468s][debug][gc] GC(2938) Concurrent active time: 0.004ms
[2020-01-29T21:59:25.425+0300][193.468s][info ][gc] GC(2938) Concurrent Abortable Preclean 0.031ms
[2020-01-29T21:59:25.425+0300][193.468s][debug][gc] GC(2938) YG occupancy: 54488 K (78656 K)
[2020-01-29T21:59:25.440+0300][193.479s][info ][gc] GC(2938) Pause Remark 199M->199M(247M) 11.029ms
[2020-01-29T21:59:25.440+0300][193.479s][info ][gc] GC(2938) Concurrent Sweep
[2020-01-29T21:59:25.440+0300][193.482s][info ][gc] GC(2939) Pause Young (Allocation Failure) 199M->199M(247M) 0.043ms
[2020-01-29T21:59:25.504+0300][193.547s][debug][gc] GC(2938) Concurrent active time: 67.657ms
[2020-01-29T21:59:25.504+0300][193.547s][info ][gc] GC(2938) Concurrent Sweep 67.897ms
[2020-01-29T21:59:25.504+0300][193.547s][debug][gc] GC(2940) Concurrent mode failure
[2020-01-29T21:59:25.600+0300][193.640s][info ][gc] GC(2940) Pause Full (Allocation Failure) 199M->70M(247M) 158.298ms
[2020-01-29T21:59:25.670+0300][193.711s][info ][gc] GC(2941) Pause Young (Allocation Failure) 136M->155M(247M) 53.343ms
[2020-01-29T21:59:25.684+0300][193.722s][info ][gc] GC(2942) Pause Initial Mark 174M->174M(247M) 8.826ms
[2020-01-29T21:59:25.684+0300][193.723s][info ][gc] GC(2942) Concurrent Mark
[2020-01-29T21:59:25.687+0300][193.725s][debug][gc] GC(2942) Concurrent active time: 2.692ms
[2020-01-29T21:59:25.687+0300][193.725s][info ][gc] GC(2942) Concurrent Mark 2.755ms
[2020-01-29T21:59:25.687+0300][193.725s][info ][gc] GC(2942) Concurrent Preclean
[2020-01-29T21:59:25.687+0300][193.725s][debug][gc] GC(2942) Concurrent active time: 0.163ms
[2020-01-29T21:59:25.687+0300][193.725s][info ][gc] GC(2942) Concurrent Preclean 0.196ms
[2020-01-29T21:59:25.687+0300][193.726s][info ][gc] GC(2942) Concurrent Abortable Preclean
[2020-01-29T21:59:25.687+0300][193.726s][debug][gc] GC(2942) Concurrent active time: 0.004ms
[2020-01-29T21:59:25.687+0300][193.726s][info ][gc] GC(2942) Concurrent Abortable Preclean 0.031ms
[2020-01-29T21:59:25.688+0300][193.726s][debug][gc] GC(2942) YG occupancy: 53095 K (78656 K)
[2020-01-29T21:59:25.698+0300][193.737s][info ][gc] GC(2942) Pause Remark 198M->198M(247M) 10.902ms
[2020-01-29T21:59:25.699+0300][193.737s][info ][gc] GC(2942) Concurrent Sweep
[2020-01-29T21:59:25.702+0300][193.740s][info ][gc] GC(2943) Pause Young (Allocation Failure) 199M->199M(247M) 0.041ms
[2020-01-29T21:59:25.765+0300][193.804s][debug][gc] GC(2942) Concurrent active time: 67.259ms
[2020-01-29T21:59:25.765+0300][193.804s][info ][gc] GC(2942) Concurrent Sweep 67.488ms
[2020-01-29T21:59:25.765+0300][193.804s][debug][gc] GC(2944) Concurrent mode failure
[2020-01-29T21:59:25.855+0300][193.898s][info ][gc] GC(2944) Pause Full (Allocation Failure) 199M->70M(247M) 157.805ms
[2020-01-29T21:59:25.934+0300][193.974s][info ][gc] GC(2945) Pause Young (Allocation Failure) 136M->155M(247M) 55.979ms
[2020-01-29T21:59:25.945+0300][193.984s][info ][gc] GC(2946) Pause Initial Mark 174M->174M(247M) 8.821ms
[2020-01-29T21:59:25.945+0300][193.984s][info ][gc] GC(2946) Concurrent Mark
[2020-01-29T21:59:25.948+0300][193.986s][debug][gc] GC(2946) Concurrent active time: 2.658ms
[2020-01-29T21:59:25.948+0300][193.986s][info ][gc] GC(2946) Concurrent Mark 2.713ms
[2020-01-29T21:59:25.948+0300][193.986s][info ][gc] GC(2946) Concurrent Preclean
[2020-01-29T21:59:25.948+0300][193.987s][debug][gc] GC(2946) Concurrent active time: 0.161ms
[2020-01-29T21:59:25.948+0300][193.987s][info ][gc] GC(2946) Concurrent Preclean 0.190ms
[2020-01-29T21:59:25.948+0300][193.987s][info ][gc] GC(2946) Concurrent Abortable Preclean
[2020-01-29T21:59:25.948+0300][193.987s][debug][gc] GC(2946) Concurrent active time: 0.004ms
[2020-01-29T21:59:25.948+0300][193.987s][info ][gc] GC(2946) Concurrent Abortable Preclean 0.030ms
[2020-01-29T21:59:25.948+0300][193.987s][debug][gc] GC(2946) YG occupancy: 54479 K (78656 K)
[2020-01-29T21:59:25.960+0300][193.998s][info ][gc] GC(2946) Pause Remark 199M->199M(247M) 11.086ms
[2020-01-29T21:59:25.960+0300][193.998s][info ][gc] GC(2946) Concurrent Sweep
[2020-01-29T21:59:25.960+0300][194.001s][info ][gc] GC(2947) Pause Young (Allocation Failure) 199M->199M(247M) 0.040ms
[2020-01-29T21:59:26.024+0300][194.065s][debug][gc] GC(2946) Concurrent active time: 67.023ms
[2020-01-29T21:59:26.024+0300][194.065s][info ][gc] GC(2946) Concurrent Sweep 67.256ms
[2020-01-29T21:59:26.024+0300][194.065s][debug][gc] GC(2948) Concurrent mode failure
[2020-01-29T21:59:26.121+0300][194.159s][info ][gc] GC(2948) Pause Full (Allocation Failure) 199M->70M(247M) 158.205ms
[2020-01-29T21:59:26.194+0300][194.232s][info ][gc] GC(2949) Pause Young (Allocation Failure) 136M->155M(247M) 54.751ms
[2020-01-29T21:59:26.204+0300][194.242s][info ][gc] GC(2950) Pause Initial Mark 174M->174M(247M) 8.844ms
[2020-01-29T21:59:26.204+0300][194.242s][info ][gc] GC(2950) Concurrent Mark
[2020-01-29T21:59:26.207+0300][194.245s][debug][gc] GC(2950) Concurrent active time: 2.678ms
[2020-01-29T21:59:26.207+0300][194.245s][info ][gc] GC(2950) Concurrent Mark 2.735ms
[2020-01-29T21:59:26.207+0300][194.245s][info ][gc] GC(2950) Concurrent Preclean
[2020-01-29T21:59:26.207+0300][194.245s][debug][gc] GC(2950) Concurrent active time: 0.163ms
[2020-01-29T21:59:26.207+0300][194.245s][info ][gc] GC(2950) Concurrent Preclean 0.194ms
[2020-01-29T21:59:26.207+0300][194.245s][info ][gc] GC(2950) Concurrent Abortable Preclean
[2020-01-29T21:59:26.207+0300][194.245s][debug][gc] GC(2950) Concurrent active time: 0.004ms
[2020-01-29T21:59:26.207+0300][194.245s][info ][gc] GC(2950) Concurrent Abortable Preclean 0.031ms
[2020-01-29T21:59:26.207+0300][194.245s][debug][gc] GC(2950) YG occupancy: 54485 K (78656 K)
[2020-01-29T21:59:26.217+0300][194.256s][info ][gc] GC(2950) Pause Remark 199M->199M(247M) 10.911ms
[2020-01-29T21:59:26.217+0300][194.256s][info ][gc] GC(2950) Concurrent Sweep
[2020-01-29T21:59:26.220+0300][194.259s][info ][gc] GC(2951) Pause Young (Allocation Failure) 199M->199M(247M) 0.041ms
[2020-01-29T21:59:26.285+0300][194.324s][debug][gc] GC(2950) Concurrent active time: 67.524ms
[2020-01-29T21:59:26.285+0300][194.324s][info ][gc] GC(2950) Concurrent Sweep 67.754ms
[2020-01-29T21:59:26.285+0300][194.324s][debug][gc] GC(2952) Concurrent mode failure
[2020-01-29T21:59:26.380+0300][194.418s][info ][gc] GC(2952) Pause Full (Allocation Failure) 199M->70M(247M) 159.058ms
[2020-01-29T21:59:26.453+0300][194.492s][info ][gc] GC(2953) Pause Young (Allocation Failure) 136M->155M(247M) 55.245ms
[2020-01-29T21:59:26.463+0300][194.502s][info ][gc] GC(2954) Pause Initial Mark 174M->174M(247M) 8.820ms
[2020-01-29T21:59:26.463+0300][194.502s][info ][gc] GC(2954) Concurrent Mark
[2020-01-29T21:59:26.466+0300][194.505s][debug][gc] GC(2954) Concurrent active time: 2.665ms
[2020-01-29T21:59:26.466+0300][194.505s][info ][gc] GC(2954) Concurrent Mark 2.721ms
[2020-01-29T21:59:26.466+0300][194.505s][info ][gc] GC(2954) Concurrent Preclean
[2020-01-29T21:59:26.466+0300][194.505s][debug][gc] GC(2954) Concurrent active time: 0.159ms
[2020-01-29T21:59:26.466+0300][194.505s][info ][gc] GC(2954) Concurrent Preclean 0.189ms
[2020-01-29T21:59:26.466+0300][194.505s][info ][gc] GC(2954) Concurrent Abortable Preclean
[2020-01-29T21:59:26.466+0300][194.505s][debug][gc] GC(2954) Concurrent active time: 0.003ms
[2020-01-29T21:59:26.466+0300][194.505s][info ][gc] GC(2954) Concurrent Abortable Preclean 0.030ms
[2020-01-29T21:59:26.466+0300][194.505s][debug][gc] GC(2954) YG occupancy: 54488 K (78656 K)
[2020-01-29T21:59:26.477+0300][194.516s][info ][gc] GC(2954) Pause Remark 199M->199M(247M) 10.918ms
[2020-01-29T21:59:26.477+0300][194.516s][info ][gc] GC(2954) Concurrent Sweep
[2020-01-29T21:59:26.480+0300][194.519s][info ][gc] GC(2955) Pause Young (Allocation Failure) 199M->199M(247M) 0.040ms
[2020-01-29T21:59:26.545+0300][194.583s][debug][gc] GC(2954) Concurrent active time: 67.083ms
[2020-01-29T21:59:26.545+0300][194.584s][info ][gc] GC(2954) Concurrent Sweep 67.315ms
[2020-01-29T21:59:26.545+0300][194.584s][debug][gc] GC(2956) Concurrent mode failure
[2020-01-29T21:59:26.639+0300][194.678s][info ][gc] GC(2956) Pause Full (Allocation Failure) 199M->70M(247M) 158.363ms
[2020-01-29T21:59:26.712+0300][194.750s][info ][gc] GC(2957) Pause Young (Allocation Failure) 136M->155M(247M) 54.060ms
[2020-01-29T21:59:26.721+0300][194.760s][info ][gc] GC(2958) Pause Initial Mark 174M->174M(247M) 8.831ms
[2020-01-29T21:59:26.721+0300][194.760s][info ][gc] GC(2958) Concurrent Mark
[2020-01-29T21:59:26.724+0300][194.763s][debug][gc] GC(2958) Concurrent active time: 2.670ms
[2020-01-29T21:59:26.724+0300][194.763s][info ][gc] GC(2958) Concurrent Mark 2.723ms
[2020-01-29T21:59:26.724+0300][194.763s][info ][gc] GC(2958) Concurrent Preclean
[2020-01-29T21:59:26.724+0300][194.763s][debug][gc] GC(2958) Concurrent active time: 0.154ms
[2020-01-29T21:59:26.724+0300][194.763s][info ][gc] GC(2958) Concurrent Preclean 0.184ms
[2020-01-29T21:59:26.724+0300][194.763s][info ][gc] GC(2958) Concurrent Abortable Preclean
[2020-01-29T21:59:26.724+0300][194.763s][debug][gc] GC(2958) Concurrent active time: 0.004ms
[2020-01-29T21:59:26.724+0300][194.763s][info ][gc] GC(2958) Concurrent Abortable Preclean 0.031ms
[2020-01-29T21:59:26.724+0300][194.763s][debug][gc] GC(2958) YG occupancy: 54474 K (78656 K)
[2020-01-29T21:59:26.735+0300][194.774s][info ][gc] GC(2958) Pause Remark 199M->199M(247M) 10.913ms
[2020-01-29T21:59:26.735+0300][194.774s][info ][gc] GC(2958) Concurrent Sweep
[2020-01-29T21:59:26.738+0300][194.777s][info ][gc] GC(2959) Pause Young (Allocation Failure) 199M->199M(247M) 0.041ms
[2020-01-29T21:59:26.804+0300][194.842s][debug][gc] GC(2958) Concurrent active time: 68.246ms
[2020-01-29T21:59:26.804+0300][194.843s][info ][gc] GC(2958) Concurrent Sweep 68.477ms
[2020-01-29T21:59:26.804+0300][194.843s][debug][gc] GC(2960) Concurrent mode failure
[2020-01-29T21:59:26.898+0300][194.937s][info ][gc] GC(2960) Pause Full (Allocation Failure) 199M->70M(247M) 159.506ms
[2020-01-29T21:59:26.972+0300][195.011s][info ][gc] GC(2961) Pause Young (Allocation Failure) 136M->155M(247M) 55.772ms
[2020-01-29T21:59:26.982+0300][195.021s][info ][gc] GC(2962) Pause Initial Mark 174M->174M(247M) 8.841ms
[2020-01-29T21:59:26.982+0300][195.021s][info ][gc] GC(2962) Concurrent Mark
[2020-01-29T21:59:26.985+0300][195.024s][debug][gc] GC(2962) Concurrent active time: 2.708ms
[2020-01-29T21:59:26.985+0300][195.024s][info ][gc] GC(2962) Concurrent Mark 2.762ms
[2020-01-29T21:59:26.985+0300][195.024s][info ][gc] GC(2962) Concurrent Preclean
[2020-01-29T21:59:26.985+0300][195.024s][debug][gc] GC(2962) Concurrent active time: 0.163ms
[2020-01-29T21:59:26.985+0300][195.024s][info ][gc] GC(2962) Concurrent Preclean 0.194ms
[2020-01-29T21:59:26.985+0300][195.024s][info ][gc] GC(2962) Concurrent Abortable Preclean
[2020-01-29T21:59:26.985+0300][195.024s][debug][gc] GC(2962) Concurrent active time: 0.004ms
[2020-01-29T21:59:26.985+0300][195.024s][info ][gc] GC(2962) Concurrent Abortable Preclean 0.030ms
[2020-01-29T21:59:26.985+0300][195.024s][debug][gc] GC(2962) YG occupancy: 55858 K (78656 K)
[2020-01-29T21:59:26.996+0300][195.035s][info ][gc] GC(2962) Pause Remark 201M->201M(247M) 10.956ms
[2020-01-29T21:59:26.996+0300][195.035s][info ][gc] GC(2962) Concurrent Sweep
[2020-01-29T21:59:26.999+0300][195.038s][info ][gc] GC(2963) Pause Young (Allocation Failure) 199M->199M(247M) 0.040ms
[2020-01-29T21:59:27.065+0300][195.104s][debug][gc] GC(2962) Concurrent active time: 68.497ms
[2020-01-29T21:59:27.065+0300][195.104s][info ][gc] GC(2962) Concurrent Sweep 68.720ms
[2020-01-29T21:59:27.065+0300][195.104s][debug][gc] GC(2964) Concurrent mode failure
[2020-01-29T21:59:27.159+0300][195.198s][info ][gc] GC(2964) Pause Full (Allocation Failure) 199M->70M(247M) 160.054ms
[2020-01-29T21:59:27.232+0300][195.270s][info ][gc] GC(2965) Pause Young (Allocation Failure) 136M->155M(247M) 53.688ms
[2020-01-29T21:59:27.242+0300][195.280s][info ][gc] GC(2966) Pause Initial Mark 174M->174M(247M) 8.837ms
[2020-01-29T21:59:27.242+0300][195.280s][info ][gc] GC(2966) Concurrent Mark
[2020-01-29T21:59:27.244+0300][195.283s][debug][gc] GC(2966) Concurrent active time: 2.653ms
[2020-01-29T21:59:27.244+0300][195.283s][info ][gc] GC(2966) Concurrent Mark 2.705ms
[2020-01-29T21:59:27.244+0300][195.283s][info ][gc] GC(2966) Concurrent Preclean
[2020-01-29T21:59:27.245+0300][195.283s][debug][gc] GC(2966) Concurrent active time: 0.161ms
[2020-01-29T21:59:27.245+0300][195.283s][info ][gc] GC(2966) Concurrent Preclean 0.191ms
[2020-01-29T21:59:27.245+0300][195.283s][info ][gc] GC(2966) Concurrent Abortable Preclean
[2020-01-29T21:59:27.245+0300][195.283s][debug][gc] GC(2966) Concurrent active time: 0.004ms
[2020-01-29T21:59:27.245+0300][195.283s][info ][gc] GC(2966) Concurrent Abortable Preclean 0.030ms
[2020-01-29T21:59:27.245+0300][195.283s][debug][gc] GC(2966) YG occupancy: 54485 K (78656 K)
[2020-01-29T21:59:27.256+0300][195.294s][info ][gc] GC(2966) Pause Remark 199M->199M(247M) 10.950ms
[2020-01-29T21:59:27.256+0300][195.294s][info ][gc] GC(2966) Concurrent Sweep
[2020-01-29T21:59:27.259+0300][195.297s][info ][gc] GC(2967) Pause Young (Allocation Failure) 199M->199M(247M) 0.043ms
[2020-01-29T21:59:27.324+0300][195.362s][debug][gc] GC(2966) Concurrent active time: 67.650ms
[2020-01-29T21:59:27.324+0300][195.362s][info ][gc] GC(2966) Concurrent Sweep 67.901ms
[2020-01-29T21:59:27.324+0300][195.362s][debug][gc] GC(2968) Concurrent mode failure
[2020-01-29T21:59:27.417+0300][195.456s][info ][gc] GC(2968) Pause Full (Allocation Failure) 199M->70M(247M) 158.616ms
[2020-01-29T21:59:27.490+0300][195.528s][info ][gc] GC(2969) Pause Young (Allocation Failure) 136M->155M(247M) 54.145ms
[2020-01-29T21:59:27.499+0300][195.538s][info ][gc] GC(2970) Pause Initial Mark 174M->174M(247M) 8.830ms
[2020-01-29T21:59:27.500+0300][195.538s][info ][gc] GC(2970) Concurrent Mark
[2020-01-29T21:59:27.502+0300][195.541s][debug][gc] GC(2970) Concurrent active time: 2.780ms
[2020-01-29T21:59:27.502+0300][195.541s][info ][gc] GC(2970) Concurrent Mark 2.926ms
[2020-01-29T21:59:27.502+0300][195.541s][info ][gc] GC(2970) Concurrent Preclean
[2020-01-29T21:59:27.503+0300][195.541s][debug][gc] GC(2970) Concurrent active time: 0.181ms
[2020-01-29T21:59:27.503+0300][195.541s][info ][gc] GC(2970) Concurrent Preclean 0.214ms
[2020-01-29T21:59:27.503+0300][195.541s][info ][gc] GC(2970) Concurrent Abortable Preclean
[2020-01-29T21:59:27.503+0300][195.541s][debug][gc] GC(2970) Concurrent active time: 0.004ms
[2020-01-29T21:59:27.503+0300][195.541s][info ][gc] GC(2970) Concurrent Abortable Preclean 0.031ms
[2020-01-29T21:59:27.503+0300][195.541s][debug][gc] GC(2970) YG occupancy: 53216 K (78656 K)
[2020-01-29T21:59:27.514+0300][195.552s][info ][gc] GC(2970) Pause Remark 198M->198M(247M) 11.100ms
[2020-01-29T21:59:27.514+0300][195.553s][info ][gc] GC(2970) Concurrent Sweep
[2020-01-29T21:59:27.517+0300][195.556s][info ][gc] GC(2971) Pause Young (Allocation Failure) 199M->199M(247M) 0.041ms
[2020-01-29T21:59:27.582+0300][195.621s][debug][gc] GC(2970) Concurrent active time: 68.049ms
[2020-01-29T21:59:27.582+0300][195.621s][info ][gc] GC(2970) Concurrent Sweep 68.285ms
[2020-01-29T21:59:27.582+0300][195.621s][debug][gc] GC(2972) Concurrent mode failure
[2020-01-29T21:59:27.676+0300][195.714s][info ][gc] GC(2972) Pause Full (Allocation Failure) 199M->70M(247M) 158.348ms
[2020-01-29T21:59:27.749+0300][195.788s][info ][gc] GC(2973) Pause Young (Allocation Failure) 136M->155M(247M) 54.925ms
[2020-01-29T21:59:27.758+0300][195.797s][info ][gc] GC(2974) Pause Initial Mark 174M->174M(247M) 8.834ms
[2020-01-29T21:59:27.758+0300][195.797s][info ][gc] GC(2974) Concurrent Mark
[2020-01-29T21:59:27.761+0300][195.800s][debug][gc] GC(2974) Concurrent active time: 2.671ms
[2020-01-29T21:59:27.761+0300][195.800s][info ][gc] GC(2974) Concurrent Mark 2.726ms
[2020-01-29T21:59:27.761+0300][195.800s][info ][gc] GC(2974) Concurrent Preclean
[2020-01-29T21:59:27.761+0300][195.800s][debug][gc] GC(2974) Concurrent active time: 0.160ms
[2020-01-29T21:59:27.761+0300][195.800s][info ][gc] GC(2974) Concurrent Preclean 0.192ms
[2020-01-29T21:59:27.761+0300][195.800s][info ][gc] GC(2974) Concurrent Abortable Preclean
[2020-01-29T21:59:27.761+0300][195.800s][debug][gc] GC(2974) Concurrent active time: 0.004ms
[2020-01-29T21:59:27.761+0300][195.800s][info ][gc] GC(2974) Concurrent Abortable Preclean 0.030ms
[2020-01-29T21:59:27.761+0300][195.800s][debug][gc] GC(2974) YG occupancy: 54488 K (78656 K)
[2020-01-29T21:59:27.772+0300][195.811s][info ][gc] GC(2974) Pause Remark 199M->199M(247M) 10.945ms
[2020-01-29T21:59:27.772+0300][195.811s][info ][gc] GC(2974) Concurrent Sweep
[2020-01-29T21:59:27.775+0300][195.814s][info ][gc] GC(2975) Pause Young (Allocation Failure) 199M->199M(247M) 0.040ms
[2020-01-29T21:59:27.840+0300][195.879s][debug][gc] GC(2974) Concurrent active time: 67.481ms
[2020-01-29T21:59:27.840+0300][195.879s][info ][gc] GC(2974) Concurrent Sweep 67.706ms
[2020-01-29T21:59:27.840+0300][195.879s][debug][gc] GC(2976) Concurrent mode failure
[2020-01-29T21:59:27.935+0300][195.974s][info ][gc] GC(2976) Pause Full (Allocation Failure) 199M->70M(247M) 159.334ms
[2020-01-29T21:59:28.008+0300][196.046s][info ][gc] GC(2977) Pause Young (Allocation Failure) 136M->155M(247M) 54.354ms
[2020-01-29T21:59:28.018+0300][196.056s][info ][gc] GC(2978) Pause Initial Mark 174M->174M(247M) 8.825ms
[2020-01-29T21:59:28.018+0300][196.056s][info ][gc] GC(2978) Concurrent Mark
[2020-01-29T21:59:28.020+0300][196.059s][debug][gc] GC(2978) Concurrent active time: 2.674ms
[2020-01-29T21:59:28.021+0300][196.059s][info ][gc] GC(2978) Concurrent Mark 2.731ms
[2020-01-29T21:59:28.021+0300][196.059s][info ][gc] GC(2978) Concurrent Preclean
[2020-01-29T21:59:28.021+0300][196.059s][debug][gc] GC(2978) Concurrent active time: 0.160ms
[2020-01-29T21:59:28.021+0300][196.059s][info ][gc] GC(2978) Concurrent Preclean 0.191ms
[2020-01-29T21:59:28.021+0300][196.059s][info ][gc] GC(2978) Concurrent Abortable Preclean
[2020-01-29T21:59:28.021+0300][196.059s][debug][gc] GC(2978) Concurrent active time: 0.004ms
[2020-01-29T21:59:28.021+0300][196.059s][info ][gc] GC(2978) Concurrent Abortable Preclean 0.031ms
[2020-01-29T21:59:28.021+0300][196.059s][debug][gc] GC(2978) YG occupancy: 54484 K (78656 K)
[2020-01-29T21:59:28.032+0300][196.070s][info ][gc] GC(2978) Pause Remark 199M->199M(247M) 10.953ms
[2020-01-29T21:59:28.032+0300][196.070s][info ][gc] GC(2978) Concurrent Sweep
[2020-01-29T21:59:28.035+0300][196.073s][info ][gc] GC(2979) Pause Young (Allocation Failure) 199M->199M(247M) 0.040ms
[2020-01-29T21:59:28.098+0300][196.137s][debug][gc] GC(2978) Concurrent active time: 66.510ms
[2020-01-29T21:59:28.098+0300][196.137s][info ][gc] GC(2978) Concurrent Sweep 66.738ms
[2020-01-29T21:59:28.098+0300][196.137s][debug][gc] GC(2980) Concurrent mode failure
[2020-01-29T21:59:28.192+0300][196.231s][info ][gc] GC(2980) Pause Full (Allocation Failure) 199M->70M(247M) 158.102ms
[2020-01-29T21:59:28.265+0300][196.303s][info ][gc] GC(2981) Pause Young (Allocation Failure) 136M->155M(247M) 54.274ms
[2020-01-29T21:59:28.275+0300][196.313s][info ][gc] GC(2982) Pause Initial Mark 174M->174M(247M) 8.849ms
[2020-01-29T21:59:28.275+0300][196.313s][info ][gc] GC(2982) Concurrent Mark
[2020-01-29T21:59:28.278+0300][196.316s][debug][gc] GC(2982) Concurrent active time: 2.685ms
[2020-01-29T21:59:28.278+0300][196.316s][info ][gc] GC(2982) Concurrent Mark 2.741ms
[2020-01-29T21:59:28.278+0300][196.316s][info ][gc] GC(2982) Concurrent Preclean
[2020-01-29T21:59:28.278+0300][196.316s][debug][gc] GC(2982) Concurrent active time: 0.162ms
[2020-01-29T21:59:28.278+0300][196.316s][info ][gc] GC(2982) Concurrent Preclean 0.192ms
[2020-01-29T21:59:28.278+0300][196.316s][info ][gc] GC(2982) Concurrent Abortable Preclean
[2020-01-29T21:59:28.278+0300][196.316s][debug][gc] GC(2982) Concurrent active time: 0.004ms
[2020-01-29T21:59:28.278+0300][196.316s][info ][gc] GC(2982) Concurrent Abortable Preclean 0.031ms
[2020-01-29T21:59:28.278+0300][196.316s][debug][gc] GC(2982) YG occupancy: 54487 K (78656 K)
[2020-01-29T21:59:28.289+0300][196.327s][info ][gc] GC(2982) Pause Remark 199M->199M(247M) 10.904ms
[2020-01-29T21:59:28.289+0300][196.327s][info ][gc] GC(2982) Concurrent Sweep
[2020-01-29T21:59:28.292+0300][196.330s][info ][gc] GC(2983) Pause Young (Allocation Failure) 199M->199M(247M) 0.039ms
[2020-01-29T21:59:28.357+0300][196.395s][debug][gc] GC(2982) Concurrent active time: 67.625ms
[2020-01-29T21:59:28.357+0300][196.395s][info ][gc] GC(2982) Concurrent Sweep 67.850ms
[2020-01-29T21:59:28.357+0300][196.395s][debug][gc] GC(2984) Concurrent mode failure
[2020-01-29T21:59:28.452+0300][196.490s][info ][gc] GC(2984) Pause Full (Allocation Failure) 199M->70M(247M) 159.251ms
[2020-01-29T21:59:28.527+0300][196.566s][info ][gc] GC(2985) Pause Young (Allocation Failure) 136M->155M(247M) 58.302ms
[2020-01-29T21:59:28.537+0300][196.576s][info ][gc] GC(2986) Pause Initial Mark 174M->174M(247M) 8.832ms
[2020-01-29T21:59:28.537+0300][196.576s][info ][gc] GC(2986) Concurrent Mark
[2020-01-29T21:59:28.540+0300][196.579s][debug][gc] GC(2986) Concurrent active time: 2.819ms
[2020-01-29T21:59:28.540+0300][196.579s][info ][gc] GC(2986) Concurrent Mark 2.969ms
[2020-01-29T21:59:28.540+0300][196.579s][info ][gc] GC(2986) Concurrent Preclean
[2020-01-29T21:59:28.540+0300][196.579s][debug][gc] GC(2986) Concurrent active time: 0.173ms
[2020-01-29T21:59:28.540+0300][196.579s][info ][gc] GC(2986) Concurrent Preclean 0.206ms
[2020-01-29T21:59:28.540+0300][196.579s][info ][gc] GC(2986) Concurrent Abortable Preclean
[2020-01-29T21:59:28.540+0300][196.579s][debug][gc] GC(2986) Concurrent active time: 0.004ms
[2020-01-29T21:59:28.540+0300][196.579s][info ][gc] GC(2986) Concurrent Abortable Preclean 0.031ms
[2020-01-29T21:59:28.540+0300][196.579s][debug][gc] GC(2986) YG occupancy: 53218 K (78656 K)
[2020-01-29T21:59:28.551+0300][196.590s][info ][gc] GC(2986) Pause Remark 198M->198M(247M) 10.896ms
[2020-01-29T21:59:28.551+0300][196.590s][info ][gc] GC(2986) Concurrent Sweep
[2020-01-29T21:59:28.554+0300][196.593s][info ][gc] GC(2987) Pause Young (Allocation Failure) 198M->198M(247M) 0.040ms
[2020-01-29T21:59:28.620+0300][196.658s][debug][gc] GC(2986) Concurrent active time: 68.367ms
[2020-01-29T21:59:28.620+0300][196.658s][info ][gc] GC(2986) Concurrent Sweep 68.603ms
[2020-01-29T21:59:28.620+0300][196.658s][debug][gc] GC(2988) Concurrent mode failure
[2020-01-29T21:59:28.714+0300][196.753s][info ][gc] GC(2988) Pause Full (Allocation Failure) 198M->70M(247M) 159.650ms
[2020-01-29T21:59:28.787+0300][196.825s][info ][gc] GC(2989) Pause Young (Allocation Failure) 136M->155M(247M) 54.394ms
[2020-01-29T21:59:28.797+0300][196.835s][info ][gc] GC(2990) Pause Initial Mark 174M->174M(247M) 8.862ms
[2020-01-29T21:59:28.797+0300][196.835s][info ][gc] GC(2990) Concurrent Mark
[2020-01-29T21:59:28.800+0300][196.838s][debug][gc] GC(2990) Concurrent active time: 2.669ms
[2020-01-29T21:59:28.800+0300][196.838s][info ][gc] GC(2990) Concurrent Mark 2.724ms
[2020-01-29T21:59:28.800+0300][196.838s][info ][gc] GC(2990) Concurrent Preclean
[2020-01-29T21:59:28.800+0300][196.838s][debug][gc] GC(2990) Concurrent active time: 0.160ms
[2020-01-29T21:59:28.800+0300][196.838s][info ][gc] GC(2990) Concurrent Preclean 0.191ms
[2020-01-29T21:59:28.800+0300][196.838s][info ][gc] GC(2990) Concurrent Abortable Preclean
[2020-01-29T21:59:28.800+0300][196.838s][debug][gc] GC(2990) Concurrent active time: 0.004ms
[2020-01-29T21:59:28.800+0300][196.838s][info ][gc] GC(2990) Concurrent Abortable Preclean 0.031ms
[2020-01-29T21:59:28.800+0300][196.838s][debug][gc] GC(2990) YG occupancy: 54490 K (78656 K)
[2020-01-29T21:59:28.811+0300][196.849s][info ][gc] GC(2990) Pause Remark 199M->199M(247M) 11.032ms
[2020-01-29T21:59:28.811+0300][196.849s][info ][gc] GC(2990) Concurrent Sweep
[2020-01-29T21:59:28.814+0300][196.852s][info ][gc] GC(2991) Pause Young (Allocation Failure) 199M->199M(247M) 0.040ms
[2020-01-29T21:59:28.878+0300][196.917s][debug][gc] GC(2990) Concurrent active time: 67.508ms
[2020-01-29T21:59:28.878+0300][196.917s][info ][gc] GC(2990) Concurrent Sweep 67.737ms
[2020-01-29T21:59:28.878+0300][196.917s][debug][gc] GC(2992) Concurrent mode failure
[2020-01-29T21:59:28.972+0300][197.011s][info ][gc] GC(2992) Pause Full (Allocation Failure) 199M->70M(247M) 158.913ms
[2020-01-29T21:59:29.046+0300][197.084s][info ][gc] GC(2993) Pause Young (Allocation Failure) 136M->155M(247M) 54.036ms
[2020-01-29T21:59:29.055+0300][197.094s][info ][gc] GC(2994) Pause Initial Mark 174M->174M(247M) 8.831ms
[2020-01-29T21:59:29.055+0300][197.094s][info ][gc] GC(2994) Concurrent Mark
[2020-01-29T21:59:29.058+0300][197.097s][debug][gc] GC(2994) Concurrent active time: 2.694ms
[2020-01-29T21:59:29.058+0300][197.097s][info ][gc] GC(2994) Concurrent Mark 2.752ms
[2020-01-29T21:59:29.058+0300][197.097s][info ][gc] GC(2994) Concurrent Preclean
[2020-01-29T21:59:29.058+0300][197.097s][debug][gc] GC(2994) Concurrent active time: 0.165ms
[2020-01-29T21:59:29.058+0300][197.097s][info ][gc] GC(2994) Concurrent Preclean 0.195ms
[2020-01-29T21:59:29.058+0300][197.097s][info ][gc] GC(2994) Concurrent Abortable Preclean
[2020-01-29T21:59:29.058+0300][197.097s][debug][gc] GC(2994) Concurrent active time: 0.004ms
[2020-01-29T21:59:29.059+0300][197.097s][info ][gc] GC(2994) Concurrent Abortable Preclean 0.034ms
[2020-01-29T21:59:29.059+0300][197.097s][debug][gc] GC(2994) YG occupancy: 54486 K (78656 K)
[2020-01-29T21:59:29.070+0300][197.108s][info ][gc] GC(2994) Pause Remark 199M->199M(247M) 11.066ms
[2020-01-29T21:59:29.070+0300][197.108s][info ][gc] GC(2994) Concurrent Sweep
[2020-01-29T21:59:29.073+0300][197.111s][info ][gc] GC(2995) Pause Young (Allocation Failure) 199M->199M(247M) 0.040ms
[2020-01-29T21:59:29.137+0300][197.176s][debug][gc] GC(2994) Concurrent active time: 67.244ms
[2020-01-29T21:59:29.137+0300][197.176s][info ][gc] GC(2994) Concurrent Sweep 67.477ms
[2020-01-29T21:59:29.137+0300][197.176s][debug][gc] GC(2996) Concurrent mode failure
[2020-01-29T21:59:29.231+0300][197.269s][info ][gc] GC(2996) Pause Full (Allocation Failure) 199M->70M(247M) 158.349ms
[2020-01-29T21:59:29.303+0300][197.342s][info ][gc] GC(2997) Pause Young (Allocation Failure) 136M->155M(247M) 54.209ms
[2020-01-29T21:59:29.313+0300][197.351s][info ][gc] GC(2998) Pause Initial Mark 174M->174M(247M) 8.867ms
[2020-01-29T21:59:29.313+0300][197.352s][info ][gc] GC(2998) Concurrent Mark
[2020-01-29T21:59:29.315+0300][197.354s][debug][gc] GC(2998) Concurrent active time: 2.659ms
[2020-01-29T21:59:29.316+0300][197.354s][info ][gc] GC(2998) Concurrent Mark 2.714ms
[2020-01-29T21:59:29.316+0300][197.354s][info ][gc] GC(2998) Concurrent Preclean
[2020-01-29T21:59:29.316+0300][197.354s][debug][gc] GC(2998) Concurrent active time: 0.163ms
[2020-01-29T21:59:29.316+0300][197.354s][info ][gc] GC(2998) Concurrent Preclean 0.192ms
[2020-01-29T21:59:29.316+0300][197.354s][info ][gc] GC(2998) Concurrent Abortable Preclean
[2020-01-29T21:59:29.316+0300][197.354s][debug][gc] GC(2998) Concurrent active time: 0.003ms
[2020-01-29T21:59:29.316+0300][197.354s][info ][gc] GC(2998) Concurrent Abortable Preclean 0.030ms
[2020-01-29T21:59:29.316+0300][197.355s][debug][gc] GC(2998) YG occupancy: 54488 K (78656 K)
[2020-01-29T21:59:29.327+0300][197.366s][info ][gc] GC(2998) Pause Remark 199M->199M(247M) 10.964ms
[2020-01-29T21:59:29.327+0300][197.366s][info ][gc] GC(2998) Concurrent Sweep
[2020-01-29T21:59:29.330+0300][197.369s][info ][gc] GC(2999) Pause Young (Allocation Failure) 199M->199M(247M) 0.040ms
[2020-01-29T21:59:29.394+0300][197.433s][debug][gc] GC(2998) Concurrent active time: 67.064ms
[2020-01-29T21:59:29.394+0300][197.433s][info ][gc] GC(2998) Concurrent Sweep 67.288ms
[2020-01-29T21:59:29.394+0300][197.433s][debug][gc] GC(3000) Concurrent mode failure
[2020-01-29T21:59:29.488+0300][197.526s][info ][gc] GC(3000) Pause Full (Allocation Failure) 199M->70M(247M) 157.804ms
[2020-01-29T21:59:29.560+0300][197.598s][info ][gc] GC(3001) Pause Young (Allocation Failure) 137M->155M(247M) 53.700ms
[2020-01-29T21:59:29.570+0300][197.608s][info ][gc] GC(3002) Pause Initial Mark 174M->174M(247M) 8.832ms
[2020-01-29T21:59:29.570+0300][197.608s][info ][gc] GC(3002) Concurrent Mark
[2020-01-29T21:59:29.572+0300][197.611s][debug][gc] GC(3002) Concurrent active time: 2.655ms
[2020-01-29T21:59:29.572+0300][197.611s][info ][gc] GC(3002) Concurrent Mark 2.706ms
[2020-01-29T21:59:29.572+0300][197.611s][info ][gc] GC(3002) Concurrent Preclean
[2020-01-29T21:59:29.573+0300][197.611s][debug][gc] GC(3002) Concurrent active time: 0.162ms
[2020-01-29T21:59:29.573+0300][197.611s][info ][gc] GC(3002) Concurrent Preclean 0.192ms
[2020-01-29T21:59:29.573+0300][197.611s][info ][gc] GC(3002) Concurrent Abortable Preclean
[2020-01-29T21:59:29.573+0300][197.611s][debug][gc] GC(3002) Concurrent active time: 0.004ms
[2020-01-29T21:59:29.573+0300][197.611s][info ][gc] GC(3002) Concurrent Abortable Preclean 0.031ms
[2020-01-29T21:59:29.573+0300][197.611s][debug][gc] GC(3002) YG occupancy: 54472 K (78656 K)
[2020-01-29T21:59:29.584+0300][197.622s][info ][gc] GC(3002) Pause Remark 199M->199M(247M) 11.072ms
[2020-01-29T21:59:29.584+0300][197.622s][info ][gc] GC(3002) Concurrent Sweep
[2020-01-29T21:59:29.587+0300][197.625s][info ][gc] GC(3003) Pause Young (Allocation Failure) 199M->199M(247M) 0.040ms
[2020-01-29T21:59:29.652+0300][197.691s][debug][gc] GC(3002) Concurrent active time: 68.134ms
[2020-01-29T21:59:29.652+0300][197.691s][info ][gc] GC(3002) Concurrent Sweep 68.363ms
[2020-01-29T21:59:29.652+0300][197.691s][debug][gc] GC(3004) Concurrent mode failure
[2020-01-29T21:59:29.747+0300][197.785s][info ][gc] GC(3004) Pause Full (Allocation Failure) 199M->70M(247M) 159.340ms
[2020-01-29T21:59:29.818+0300][197.857s][info ][gc] GC(3005) Pause Young (Allocation Failure) 136M->155M(247M) 54.067ms
[2020-01-29T21:59:29.827+0300][197.866s][info ][gc] GC(3006) Pause Initial Mark 174M->174M(247M) 8.816ms
[2020-01-29T21:59:29.827+0300][197.866s][info ][gc] GC(3006) Concurrent Mark
[2020-01-29T21:59:29.830+0300][197.869s][debug][gc] GC(3006) Concurrent active time: 2.886ms
[2020-01-29T21:59:29.830+0300][197.869s][info ][gc] GC(3006) Concurrent Mark 2.955ms
[2020-01-29T21:59:29.830+0300][197.869s][info ][gc] GC(3006) Concurrent Preclean
[2020-01-29T21:59:29.831+0300][197.869s][debug][gc] GC(3006) Concurrent active time: 0.181ms
[2020-01-29T21:59:29.831+0300][197.869s][info ][gc] GC(3006) Concurrent Preclean 0.214ms
[2020-01-29T21:59:29.831+0300][197.869s][info ][gc] GC(3006) Concurrent Abortable Preclean
[2020-01-29T21:59:29.831+0300][197.870s][debug][gc] GC(3006) Concurrent active time: 0.005ms
[2020-01-29T21:59:29.831+0300][197.870s][info ][gc] GC(3006) Concurrent Abortable Preclean 0.031ms
[2020-01-29T21:59:29.831+0300][197.870s][debug][gc] GC(3006) YG occupancy: 54515 K (78656 K)
[2020-01-29T21:59:29.842+0300][197.881s][info ][gc] GC(3006) Pause Remark 199M->199M(247M) 10.990ms
[2020-01-29T21:59:29.842+0300][197.881s][info ][gc] GC(3006) Concurrent Sweep
[2020-01-29T21:59:29.845+0300][197.884s][info ][gc] GC(3007) Pause Young (Allocation Failure) 199M->199M(247M) 0.046ms
[2020-01-29T21:59:29.910+0300][197.949s][debug][gc] GC(3006) Concurrent active time: 68.045ms
[2020-01-29T21:59:29.910+0300][197.949s][info ][gc] GC(3006) Concurrent Sweep 68.310ms
[2020-01-29T21:59:29.910+0300][197.949s][debug][gc] GC(3008) Concurrent mode failure
[2020-01-29T21:59:30.004+0300][198.043s][info ][gc] GC(3008) Pause Full (Allocation Failure) 199M->70M(247M) 158.754ms
[2020-01-29T21:59:30.079+0300][198.117s][info ][gc] GC(3009) Pause Young (Allocation Failure) 136M->155M(247M) 55.831ms
[2020-01-29T21:59:30.088+0300][198.126s][info ][gc] GC(3010) Pause Initial Mark 174M->174M(247M) 8.812ms
[2020-01-29T21:59:30.088+0300][198.126s][info ][gc] GC(3010) Concurrent Mark
[2020-01-29T21:59:30.091+0300][198.129s][debug][gc] GC(3010) Concurrent active time: 2.672ms
[2020-01-29T21:59:30.091+0300][198.129s][info ][gc] GC(3010) Concurrent Mark 2.726ms
[2020-01-29T21:59:30.091+0300][198.129s][info ][gc] GC(3010) Concurrent Preclean
[2020-01-29T21:59:30.091+0300][198.129s][debug][gc] GC(3010) Concurrent active time: 0.158ms
[2020-01-29T21:59:30.091+0300][198.129s][info ][gc] GC(3010) Concurrent Preclean 0.189ms
[2020-01-29T21:59:30.091+0300][198.129s][info ][gc] GC(3010) Concurrent Abortable Preclean
[2020-01-29T21:59:30.091+0300][198.129s][debug][gc] GC(3010) Concurrent active time: 0.004ms
[2020-01-29T21:59:30.091+0300][198.129s][info ][gc] GC(3010) Concurrent Abortable Preclean 0.030ms
[2020-01-29T21:59:30.091+0300][198.129s][debug][gc] GC(3010) YG occupancy: 54487 K (78656 K)
[2020-01-29T21:59:30.102+0300][198.140s][info ][gc] GC(3010) Pause Remark 199M->199M(247M) 10.931ms
[2020-01-29T21:59:30.102+0300][198.140s][info ][gc] GC(3010) Concurrent Sweep
[2020-01-29T21:59:30.105+0300][198.143s][info ][gc] GC(3011) Pause Young (Allocation Failure) 199M->199M(247M) 0.041ms
[2020-01-29T21:59:30.170+0300][198.209s][debug][gc] GC(3010) Concurrent active time: 68.027ms
[2020-01-29T21:59:30.170+0300][198.209s][info ][gc] GC(3010) Concurrent Sweep 68.303ms
[2020-01-29T21:59:30.170+0300][198.209s][debug][gc] GC(3012) Concurrent mode failure
[2020-01-29T21:59:30.265+0300][198.303s][info ][gc] GC(3012) Pause Full (Allocation Failure) 199M->70M(247M) 159.561ms
[2020-01-29T21:59:30.339+0300][198.378s][info ][gc] GC(3013) Pause Young (Allocation Failure) 136M->155M(247M) 56.280ms
[2020-01-29T21:59:30.349+0300][198.388s][info ][gc] GC(3014) Pause Initial Mark 174M->174M(247M) 8.842ms
[2020-01-29T21:59:30.349+0300][198.388s][info ][gc] GC(3014) Concurrent Mark
[2020-01-29T21:59:30.352+0300][198.391s][debug][gc] GC(3014) Concurrent active time: 2.661ms
[2020-01-29T21:59:30.352+0300][198.391s][info ][gc] GC(3014) Concurrent Mark 2.715ms
[2020-01-29T21:59:30.352+0300][198.391s][info ][gc] GC(3014) Concurrent Preclean
[2020-01-29T21:59:30.352+0300][198.391s][debug][gc] GC(3014) Concurrent active time: 0.160ms
[2020-01-29T21:59:30.352+0300][198.391s][info ][gc] GC(3014) Concurrent Preclean 0.190ms
[2020-01-29T21:59:30.352+0300][198.391s][info ][gc] GC(3014) Concurrent Abortable Preclean
[2020-01-29T21:59:30.352+0300][198.391s][debug][gc] GC(3014) Concurrent active time: 0.004ms
[2020-01-29T21:59:30.352+0300][198.391s][info ][gc] GC(3014) Concurrent Abortable Preclean 0.031ms
[2020-01-29T21:59:30.353+0300][198.391s][debug][gc] GC(3014) YG occupancy: 54488 K (78656 K)
[2020-01-29T21:59:30.363+0300][198.402s][info ][gc] GC(3014) Pause Remark 199M->199M(247M) 10.943ms
[2020-01-29T21:59:30.364+0300][198.402s][info ][gc] GC(3014) Concurrent Sweep
[2020-01-29T21:59:30.367+0300][198.405s][info ][gc] GC(3015) Pause Young (Allocation Failure) 199M->199M(247M) 0.042ms
[2020-01-29T21:59:30.431+0300][198.470s][debug][gc] GC(3014) Concurrent active time: 67.594ms
[2020-01-29T21:59:30.431+0300][198.470s][info ][gc] GC(3014) Concurrent Sweep 67.846ms
[2020-01-29T21:59:30.431+0300][198.470s][debug][gc] GC(3016) Concurrent mode failure
[2020-01-29T21:59:30.525+0300][198.564s][info ][gc] GC(3016) Pause Full (Allocation Failure) 199M->70M(247M) 158.505ms
[2020-01-29T21:59:30.598+0300][198.636s][info ][gc] GC(3017) Pause Young (Allocation Failure) 136M->155M(247M) 54.119ms
[2020-01-29T21:59:30.608+0300][198.646s][info ][gc] GC(3018) Pause Initial Mark 174M->174M(247M) 8.816ms
[2020-01-29T21:59:30.608+0300][198.646s][info ][gc] GC(3018) Concurrent Mark
[2020-01-29T21:59:30.610+0300][198.649s][debug][gc] GC(3018) Concurrent active time: 2.660ms
[2020-01-29T21:59:30.610+0300][198.649s][info ][gc] GC(3018) Concurrent Mark 2.712ms
[2020-01-29T21:59:30.610+0300][198.649s][info ][gc] GC(3018) Concurrent Preclean
[2020-01-29T21:59:30.611+0300][198.649s][debug][gc] GC(3018) Concurrent active time: 0.161ms
[2020-01-29T21:59:30.611+0300][198.649s][info ][gc] GC(3018) Concurrent Preclean 0.191ms
[2020-01-29T21:59:30.611+0300][198.649s][info ][gc] GC(3018) Concurrent Abortable Preclean
[2020-01-29T21:59:30.611+0300][198.649s][debug][gc] GC(3018) Concurrent active time: 0.003ms
[2020-01-29T21:59:30.611+0300][198.649s][info ][gc] GC(3018) Concurrent Abortable Preclean 0.030ms
[2020-01-29T21:59:30.611+0300][198.649s][debug][gc] GC(3018) YG occupancy: 54474 K (78656 K)
[2020-01-29T21:59:30.622+0300][198.660s][info ][gc] GC(3018) Pause Remark 199M->199M(247M) 11.050ms
[2020-01-29T21:59:30.622+0300][198.660s][info ][gc] GC(3018) Concurrent Sweep
[2020-01-29T21:59:30.625+0300][198.663s][info ][gc] GC(3019) Pause Young (Allocation Failure) 199M->199M(247M) 0.041ms
[2020-01-29T21:59:30.690+0300][198.729s][debug][gc] GC(3018) Concurrent active time: 68.259ms
[2020-01-29T21:59:30.690+0300][198.729s][info ][gc] GC(3018) Concurrent Sweep 68.500ms
[2020-01-29T21:59:30.690+0300][198.729s][debug][gc] GC(3020) Concurrent mode failure
[2020-01-29T21:59:30.784+0300][198.822s][info ][gc] GC(3020) Pause Full (Allocation Failure) 199M->70M(247M) 159.369ms
[2020-01-29T21:59:30.858+0300][198.897s][info ][gc] GC(3021) Pause Young (Allocation Failure) 136M->155M(247M) 56.366ms
[2020-01-29T21:59:30.868+0300][198.906s][info ][gc] GC(3022) Pause Initial Mark 174M->174M(247M) 8.809ms
[2020-01-29T21:59:30.868+0300][198.906s][info ][gc] GC(3022) Concurrent Mark
[2020-01-29T21:59:30.871+0300][198.909s][debug][gc] GC(3022) Concurrent active time: 2.957ms
[2020-01-29T21:59:30.871+0300][198.909s][info ][gc] GC(3022) Concurrent Mark 3.034ms
[2020-01-29T21:59:30.871+0300][198.909s][info ][gc] GC(3022) Concurrent Preclean
[2020-01-29T21:59:30.871+0300][198.910s][debug][gc] GC(3022) Concurrent active time: 0.180ms
[2020-01-29T21:59:30.871+0300][198.910s][info ][gc] GC(3022) Concurrent Preclean 0.216ms
[2020-01-29T21:59:30.871+0300][198.910s][info ][gc] GC(3022) Concurrent Abortable Preclean
[2020-01-29T21:59:30.871+0300][198.910s][debug][gc] GC(3022) Concurrent active time: 0.005ms
[2020-01-29T21:59:30.871+0300][198.910s][info ][gc] GC(3022) Concurrent Abortable Preclean 0.032ms
[2020-01-29T21:59:30.871+0300][198.910s][debug][gc] GC(3022) YG occupancy: 54515 K (78656 K)
[2020-01-29T21:59:30.882+0300][198.921s][info ][gc] GC(3022) Pause Remark 199M->199M(247M) 10.993ms
[2020-01-29T21:59:30.882+0300][198.921s][info ][gc] GC(3022) Concurrent Sweep
[2020-01-29T21:59:30.885+0300][198.924s][info ][gc] GC(3023) Pause Young (Allocation Failure) 199M->199M(247M) 0.043ms
[2020-01-29T21:59:30.951+0300][198.989s][debug][gc] GC(3022) Concurrent active time: 67.971ms
[2020-01-29T21:59:30.951+0300][198.989s][info ][gc] GC(3022) Concurrent Sweep 68.228ms
[2020-01-29T21:59:30.951+0300][198.989s][debug][gc] GC(3024) Concurrent mode failure
[2020-01-29T21:59:31.045+0300][199.083s][info ][gc] GC(3024) Pause Full (Allocation Failure) 199M->70M(247M) 159.223ms
[2020-01-29T21:59:31.120+0300][199.158s][info ][gc] GC(3025) Pause Young (Allocation Failure) 136M->155M(247M) 56.869ms
[2020-01-29T21:59:31.129+0300][199.168s][info ][gc] GC(3026) Pause Initial Mark 174M->174M(247M) 8.820ms
[2020-01-29T21:59:31.129+0300][199.168s][info ][gc] GC(3026) Concurrent Mark
[2020-01-29T21:59:31.131+0300][199.171s][debug][gc] GC(3026) Concurrent active time: 2.640ms
[2020-01-29T21:59:31.131+0300][199.171s][info ][gc] GC(3026) Concurrent Mark 2.695ms
[2020-01-29T21:59:31.131+0300][199.171s][info ][gc] GC(3026) Concurrent Preclean
[2020-01-29T21:59:31.131+0300][199.171s][debug][gc] GC(3026) Concurrent active time: 0.157ms
[2020-01-29T21:59:31.131+0300][199.171s][info ][gc] GC(3026) Concurrent Preclean 0.187ms
[2020-01-29T21:59:31.131+0300][199.171s][info ][gc] GC(3026) Concurrent Abortable Preclean
[2020-01-29T21:59:31.131+0300][199.171s][debug][gc] GC(3026) Concurrent active time: 0.003ms
[2020-01-29T21:59:31.131+0300][199.171s][info ][gc] GC(3026) Concurrent Abortable Preclean 0.030ms
[2020-01-29T21:59:31.131+0300][199.171s][debug][gc] GC(3026) YG occupancy: 54487 K (78656 K)
[2020-01-29T21:59:31.144+0300][199.182s][info ][gc] GC(3026) Pause Remark 199M->199M(247M) 10.910ms
[2020-01-29T21:59:31.144+0300][199.182s][info ][gc] GC(3026) Concurrent Sweep
[2020-01-29T21:59:31.144+0300][199.185s][info ][gc] GC(3027) Pause Young (Allocation Failure) 199M->199M(247M) 0.040ms
[2020-01-29T21:59:31.209+0300][199.250s][debug][gc] GC(3026) Concurrent active time: 67.325ms
[2020-01-29T21:59:31.209+0300][199.250s][info ][gc] GC(3026) Concurrent Sweep 67.550ms
[2020-01-29T21:59:31.209+0300][199.250s][debug][gc] GC(3028) Concurrent mode failure
[2020-01-29T21:59:31.304+0300][199.343s][info ][gc] GC(3028) Pause Full (Allocation Failure) 199M->70M(247M) 158.025ms
[2020-01-29T21:59:31.370+0300][199.411s][info ][gc] GC(3029) Pause Young (Allocation Failure) 136M->155M(247M) 53.475ms
[2020-01-29T21:59:31.382+0300][199.421s][info ][gc] GC(3030) Pause Initial Mark 174M->174M(247M) 8.920ms
[2020-01-29T21:59:31.382+0300][199.421s][info ][gc] GC(3030) Concurrent Mark
[2020-01-29T21:59:31.385+0300][199.424s][debug][gc] GC(3030) Concurrent active time: 2.742ms
[2020-01-29T21:59:31.385+0300][199.424s][info ][gc] GC(3030) Concurrent Mark 2.797ms
[2020-01-29T21:59:31.385+0300][199.424s][info ][gc] GC(3030) Concurrent Preclean
[2020-01-29T21:59:31.385+0300][199.424s][debug][gc] GC(3030) Concurrent active time: 0.163ms
[2020-01-29T21:59:31.385+0300][199.424s][info ][gc] GC(3030) Concurrent Preclean 0.318ms
[2020-01-29T21:59:31.385+0300][199.424s][info ][gc] GC(3030) Concurrent Abortable Preclean
[2020-01-29T21:59:31.385+0300][199.424s][debug][gc] GC(3030) Concurrent active time: 0.004ms
[2020-01-29T21:59:31.385+0300][199.424s][info ][gc] GC(3030) Concurrent Abortable Preclean 0.033ms
[2020-01-29T21:59:31.385+0300][199.424s][debug][gc] GC(3030) YG occupancy: 55868 K (78656 K)
[2020-01-29T21:59:31.396+0300][199.435s][info ][gc] GC(3030) Pause Remark 201M->201M(247M) 10.994ms
[2020-01-29T21:59:31.396+0300][199.435s][info ][gc] GC(3030) Concurrent Sweep
[2020-01-29T21:59:31.399+0300][199.438s][info ][gc] GC(3031) Pause Young (Allocation Failure) 199M->199M(247M) 0.041ms
[2020-01-29T21:59:31.465+0300][199.504s][debug][gc] GC(3030) Concurrent active time: 68.340ms
[2020-01-29T21:59:31.465+0300][199.504s][info ][gc] GC(3030) Concurrent Sweep 68.585ms
[2020-01-29T21:59:31.465+0300][199.504s][debug][gc] GC(3032) Concurrent mode failure
[2020-01-29T21:59:31.560+0300][199.598s][info ][gc] GC(3032) Pause Full (Allocation Failure) 199M->70M(247M) 159.842ms
[2020-01-29T21:59:31.634+0300][199.673s][info ][gc] GC(3033) Pause Young (Allocation Failure) 136M->155M(247M) 55.232ms
[2020-01-29T21:59:31.644+0300][199.683s][info ][gc] GC(3034) Pause Initial Mark 174M->174M(247M) 8.831ms
[2020-01-29T21:59:31.644+0300][199.683s][info ][gc] GC(3034) Concurrent Mark
[2020-01-29T21:59:31.647+0300][199.686s][debug][gc] GC(3034) Concurrent active time: 2.688ms
[2020-01-29T21:59:31.647+0300][199.686s][info ][gc] GC(3034) Concurrent Mark 2.746ms
[2020-01-29T21:59:31.647+0300][199.686s][info ][gc] GC(3034) Concurrent Preclean
[2020-01-29T21:59:31.647+0300][199.686s][debug][gc] GC(3034) Concurrent active time: 0.162ms
[2020-01-29T21:59:31.647+0300][199.686s][info ][gc] GC(3034) Concurrent Preclean 0.193ms
[2020-01-29T21:59:31.647+0300][199.686s][info ][gc] GC(3034) Concurrent Abortable Preclean
[2020-01-29T21:59:31.647+0300][199.686s][debug][gc] GC(3034) Concurrent active time: 0.004ms
[2020-01-29T21:59:31.647+0300][199.686s][info ][gc] GC(3034) Concurrent Abortable Preclean 0.031ms
[2020-01-29T21:59:31.647+0300][199.686s][debug][gc] GC(3034) YG occupancy: 54474 K (78656 K)
[2020-01-29T21:59:31.654+0300][199.697s][info ][gc] GC(3034) Pause Remark 199M->199M(247M) 11.028ms
[2020-01-29T21:59:31.654+0300][199.697s][info ][gc] GC(3034) Concurrent Sweep
[2020-01-29T21:59:31.659+0300][199.700s][info ][gc] GC(3035) Pause Young (Allocation Failure) 199M->199M(247M) 0.041ms
[2020-01-29T21:59:31.724+0300][199.766s][debug][gc] GC(3034) Concurrent active time: 68.323ms
[2020-01-29T21:59:31.724+0300][199.766s][info ][gc] GC(3034) Concurrent Sweep 68.554ms
[2020-01-29T21:59:31.724+0300][199.766s][debug][gc] GC(3036) Concurrent mode failure
[2020-01-29T21:59:31.820+0300][199.860s][info ][gc] GC(3036) Pause Full (Allocation Failure) 199M->70M(247M) 159.774ms
[2020-01-29T21:59:31.900+0300][199.941s][info ][gc] GC(3037) Pause Young (Allocation Failure) 136M->155M(247M) 53.571ms
[2020-01-29T21:59:31.910+0300][199.951s][info ][gc] GC(3038) Pause Initial Mark 174M->174M(247M) 8.817ms
[2020-01-29T21:59:31.910+0300][199.951s][info ][gc] GC(3038) Concurrent Mark
[2020-01-29T21:59:31.915+0300][199.954s][debug][gc] GC(3038) Concurrent active time: 2.879ms
[2020-01-29T21:59:31.915+0300][199.954s][info ][gc] GC(3038) Concurrent Mark 2.950ms
[2020-01-29T21:59:31.915+0300][199.954s][info ][gc] GC(3038) Concurrent Preclean
[2020-01-29T21:59:31.915+0300][199.954s][debug][gc] GC(3038) Concurrent active time: 0.189ms
[2020-01-29T21:59:31.915+0300][199.954s][info ][gc] GC(3038) Concurrent Preclean 0.227ms
[2020-01-29T21:59:31.915+0300][199.954s][info ][gc] GC(3038) Concurrent Abortable Preclean
[2020-01-29T21:59:31.915+0300][199.954s][debug][gc] GC(3038) Concurrent active time: 0.005ms
[2020-01-29T21:59:31.915+0300][199.954s][info ][gc] GC(3038) Concurrent Abortable Preclean 0.032ms
[2020-01-29T21:59:31.915+0300][199.954s][debug][gc] GC(3038) YG occupancy: 54515 K (78656 K)
[2020-01-29T21:59:31.925+0300][199.966s][info ][gc] GC(3038) Pause Remark 199M->199M(247M) 11.143ms
[2020-01-29T21:59:31.925+0300][199.966s][info ][gc] GC(3038) Concurrent Sweep
[2020-01-29T21:59:31.930+0300][199.969s][info ][gc] GC(3039) Pause Young (Allocation Failure) 199M->199M(247M) 0.042ms
[2020-01-29T21:59:31.994+0300][200.034s][debug][gc] GC(3038) Concurrent active time: 67.748ms
[2020-01-29T21:59:31.994+0300][200.034s][info ][gc] GC(3038) Concurrent Sweep 67.999ms
[2020-01-29T21:59:31.994+0300][200.034s][debug][gc] GC(3040) Concurrent mode failure
[2020-01-29T21:59:32.085+0300][200.127s][info ][gc] GC(3040) Pause Full (Allocation Failure) 199M->70M(247M) 158.623ms
[2020-01-29T21:59:32.161+0300][200.200s][info ][gc] GC(3041) Pause Young (Allocation Failure) 136M->155M(247M) 53.565ms
[2020-01-29T21:59:32.171+0300][200.209s][info ][gc] GC(3042) Pause Initial Mark 174M->174M(247M) 8.817ms
[2020-01-29T21:59:32.171+0300][200.209s][info ][gc] GC(3042) Concurrent Mark
[2020-01-29T21:59:32.174+0300][200.212s][debug][gc] GC(3042) Concurrent active time: 2.660ms
[2020-01-29T21:59:32.174+0300][200.212s][info ][gc] GC(3042) Concurrent Mark 2.714ms
[2020-01-29T21:59:32.174+0300][200.212s][info ][gc] GC(3042) Concurrent Preclean
[2020-01-29T21:59:32.174+0300][200.212s][debug][gc] GC(3042) Concurrent active time: 0.161ms
[2020-01-29T21:59:32.174+0300][200.212s][info ][gc] GC(3042) Concurrent Preclean 0.191ms
[2020-01-29T21:59:32.174+0300][200.212s][info ][gc] GC(3042) Concurrent Abortable Preclean
[2020-01-29T21:59:32.174+0300][200.212s][debug][gc] GC(3042) Concurrent active time: 0.003ms
[2020-01-29T21:59:32.174+0300][200.212s][info ][gc] GC(3042) Concurrent Abortable Preclean 0.030ms
[2020-01-29T21:59:32.174+0300][200.212s][debug][gc] GC(3042) YG occupancy: 54486 K (78656 K)
[2020-01-29T21:59:32.185+0300][200.223s][info ][gc] GC(3042) Pause Remark 199M->199M(247M) 10.951ms
[2020-01-29T21:59:32.185+0300][200.223s][info ][gc] GC(3042) Concurrent Sweep
[2020-01-29T21:59:32.188+0300][200.226s][info ][gc] GC(3043) Pause Young (Allocation Failure) 199M->199M(247M) 0.041ms
[2020-01-29T21:59:32.253+0300][200.291s][debug][gc] GC(3042) Concurrent active time: 67.488ms
[2020-01-29T21:59:32.253+0300][200.291s][info ][gc] GC(3042) Concurrent Sweep 67.712ms
[2020-01-29T21:59:32.253+0300][200.291s][debug][gc] GC(3044) Concurrent mode failure
[2020-01-29T21:59:32.347+0300][200.385s][info ][gc] GC(3044) Pause Full (Allocation Failure) 199M->70M(247M) 159.117ms
[2020-01-29T21:59:32.421+0300][200.459s][info ][gc] GC(3045) Pause Young (Allocation Failure) 136M->155M(247M) 55.003ms
[2020-01-29T21:59:32.430+0300][200.469s][info ][gc] GC(3046) Pause Initial Mark 174M->174M(247M) 8.835ms
[2020-01-29T21:59:32.430+0300][200.469s][info ][gc] GC(3046) Concurrent Mark
[2020-01-29T21:59:32.433+0300][200.472s][debug][gc] GC(3046) Concurrent active time: 2.671ms
[2020-01-29T21:59:32.433+0300][200.472s][info ][gc] GC(3046) Concurrent Mark 2.725ms
[2020-01-29T21:59:32.433+0300][200.472s][info ][gc] GC(3046) Concurrent Preclean
[2020-01-29T21:59:32.433+0300][200.472s][debug][gc] GC(3046) Concurrent active time: 0.162ms
[2020-01-29T21:59:32.433+0300][200.472s][info ][gc] GC(3046) Concurrent Preclean 0.193ms
[2020-01-29T21:59:32.433+0300][200.472s][info ][gc] GC(3046) Concurrent Abortable Preclean
[2020-01-29T21:59:32.433+0300][200.472s][debug][gc] GC(3046) Concurrent active time: 0.004ms
[2020-01-29T21:59:32.433+0300][200.472s][info ][gc] GC(3046) Concurrent Abortable Preclean 0.030ms
[2020-01-29T21:59:32.433+0300][200.472s][debug][gc] GC(3046) YG occupancy: 54488 K (78656 K)
[2020-01-29T21:59:32.445+0300][200.483s][info ][gc] GC(3046) Pause Remark 199M->199M(247M) 11.051ms
[2020-01-29T21:59:32.445+0300][200.483s][info ][gc] GC(3046) Concurrent Sweep
[2020-01-29T21:59:32.448+0300][200.486s][info ][gc] GC(3047) Pause Young (Allocation Failure) 199M->199M(247M) 0.040ms
[2020-01-29T21:59:32.514+0300][200.552s][debug][gc] GC(3046) Concurrent active time: 68.787ms
[2020-01-29T21:59:32.514+0300][200.552s][info ][gc] GC(3046) Concurrent Sweep 69.020ms
[2020-01-29T21:59:32.514+0300][200.552s][debug][gc] GC(3048) Concurrent mode failure
[2020-01-29T21:59:32.608+0300][200.646s][info ][gc] GC(3048) Pause Full (Allocation Failure) 199M->70M(247M) 159.806ms
[2020-01-29T21:59:32.680+0300][200.719s][info ][gc] GC(3049) Pause Young (Allocation Failure) 136M->155M(247M) 54.383ms
[2020-01-29T21:59:32.690+0300][200.729s][info ][gc] GC(3050) Pause Initial Mark 174M->174M(247M) 8.821ms
[2020-01-29T21:59:32.690+0300][200.729s][info ][gc] GC(3050) Concurrent Mark
[2020-01-29T21:59:32.693+0300][200.732s][debug][gc] GC(3050) Concurrent active time: 2.650ms
[2020-01-29T21:59:32.693+0300][200.732s][info ][gc] GC(3050) Concurrent Mark 2.703ms
[2020-01-29T21:59:32.693+0300][200.732s][info ][gc] GC(3050) Concurrent Preclean
[2020-01-29T21:59:32.693+0300][200.732s][debug][gc] GC(3050) Concurrent active time: 0.160ms
[2020-01-29T21:59:32.693+0300][200.732s][info ][gc] GC(3050) Concurrent Preclean 0.190ms
[2020-01-29T21:59:32.693+0300][200.732s][info ][gc] GC(3050) Concurrent Abortable Preclean
[2020-01-29T21:59:32.693+0300][200.732s][debug][gc] GC(3050) Concurrent active time: 0.004ms
[2020-01-29T21:59:32.693+0300][200.732s][info ][gc] GC(3050) Concurrent Abortable Preclean 0.030ms
[2020-01-29T21:59:32.693+0300][200.732s][debug][gc] GC(3050) YG occupancy: 54474 K (78656 K)
[2020-01-29T21:59:32.704+0300][200.743s][info ][gc] GC(3050) Pause Remark 199M->199M(247M) 11.057ms
[2020-01-29T21:59:32.704+0300][200.743s][info ][gc] GC(3050) Concurrent Sweep
[2020-01-29T21:59:32.707+0300][200.746s][info ][gc] GC(3051) Pause Young (Allocation Failure) 199M->199M(247M) 0.040ms
[2020-01-29T21:59:32.772+0300][200.810s][debug][gc] GC(3050) Concurrent active time: 67.321ms
[2020-01-29T21:59:32.772+0300][200.811s][info ][gc] GC(3050) Concurrent Sweep 67.554ms
[2020-01-29T21:59:32.772+0300][200.811s][debug][gc] GC(3052) Concurrent mode failure
[2020-01-29T21:59:32.867+0300][200.905s][info ][gc] GC(3052) Pause Full (Allocation Failure) 199M->70M(247M) 159.046ms
[2020-01-29T21:59:32.940+0300][200.978s][info ][gc] GC(3053) Pause Young (Allocation Failure) 136M->155M(247M) 54.509ms
[2020-01-29T21:59:32.949+0300][200.988s][info ][gc] GC(3054) Pause Initial Mark 174M->174M(247M) 8.823ms
[2020-01-29T21:59:32.949+0300][200.988s][info ][gc] GC(3054) Concurrent Mark
[2020-01-29T21:59:32.952+0300][200.991s][debug][gc] GC(3054) Concurrent active time: 2.707ms
[2020-01-29T21:59:32.952+0300][200.991s][info ][gc] GC(3054) Concurrent Mark 2.762ms
[2020-01-29T21:59:32.952+0300][200.991s][info ][gc] GC(3054) Concurrent Preclean
[2020-01-29T21:59:32.952+0300][200.991s][debug][gc] GC(3054) Concurrent active time: 0.164ms
[2020-01-29T21:59:32.952+0300][200.991s][info ][gc] GC(3054) Concurrent Preclean 0.194ms
[2020-01-29T21:59:32.952+0300][200.991s][info ][gc] GC(3054) Concurrent Abortable Preclean
[2020-01-29T21:59:32.952+0300][200.991s][debug][gc] GC(3054) Concurrent active time: 0.004ms
[2020-01-29T21:59:32.952+0300][200.991s][info ][gc] GC(3054) Concurrent Abortable Preclean 0.031ms
[2020-01-29T21:59:32.952+0300][200.991s][debug][gc] GC(3054) YG occupancy: 54480 K (78656 K)
[2020-01-29T21:59:32.964+0300][201.002s][info ][gc] GC(3054) Pause Remark 199M->199M(247M) 11.114ms
[2020-01-29T21:59:32.964+0300][201.002s][info ][gc] GC(3054) Concurrent Sweep
[2020-01-29T21:59:32.967+0300][201.005s][info ][gc] GC(3055) Pause Young (Allocation Failure) 199M->199M(247M) 0.042ms
[2020-01-29T21:59:33.032+0300][201.071s][debug][gc] GC(3054) Concurrent active time: 68.033ms
[2020-01-29T21:59:33.032+0300][201.071s][info ][gc] GC(3054) Concurrent Sweep 68.271ms
[2020-01-29T21:59:33.032+0300][201.071s][debug][gc] GC(3056) Concurrent mode failure
[2020-01-29T21:59:33.126+0300][201.165s][info ][gc] GC(3056) Pause Full (Allocation Failure) 199M->70M(247M) 159.808ms
[2020-01-29T21:59:33.199+0300][201.237s][info ][gc] GC(3057) Pause Young (Allocation Failure) 136M->155M(247M) 53.859ms
[2020-01-29T21:59:33.208+0300][201.247s][info ][gc] GC(3058) Pause Initial Mark 174M->174M(247M) 8.815ms
[2020-01-29T21:59:33.208+0300][201.247s][info ][gc] GC(3058) Concurrent Mark
[2020-01-29T21:59:33.211+0300][201.249s][debug][gc] GC(3058) Concurrent active time: 2.663ms
[2020-01-29T21:59:33.211+0300][201.249s][info ][gc] GC(3058) Concurrent Mark 2.717ms
[2020-01-29T21:59:33.211+0300][201.249s][info ][gc] GC(3058) Concurrent Preclean
[2020-01-29T21:59:33.211+0300][201.250s][debug][gc] GC(3058) Concurrent active time: 0.159ms
[2020-01-29T21:59:33.211+0300][201.250s][info ][gc] GC(3058) Concurrent Preclean 0.188ms
[2020-01-29T21:59:33.211+0300][201.250s][info ][gc] GC(3058) Concurrent Abortable Preclean
[2020-01-29T21:59:33.211+0300][201.250s][debug][gc] GC(3058) Concurrent active time: 0.004ms
[2020-01-29T21:59:33.211+0300][201.250s][info ][gc] GC(3058) Concurrent Abortable Preclean 0.031ms
[2020-01-29T21:59:33.211+0300][201.250s][debug][gc] GC(3058) YG occupancy: 54486 K (78656 K)
[2020-01-29T21:59:33.222+0300][201.261s][info ][gc] GC(3058) Pause Remark 199M->199M(247M) 10.903ms
[2020-01-29T21:59:33.222+0300][201.261s][info ][gc] GC(3058) Concurrent Sweep
[2020-01-29T21:59:33.225+0300][201.264s][info ][gc] GC(3059) Pause Young (Allocation Failure) 199M->199M(247M) 0.041ms
[2020-01-29T21:59:33.291+0300][201.329s][debug][gc] GC(3058) Concurrent active time: 68.411ms
[2020-01-29T21:59:33.291+0300][201.329s][info ][gc] GC(3058) Concurrent Sweep 68.643ms
[2020-01-29T21:59:33.291+0300][201.329s][debug][gc] GC(3060) Concurrent mode failure
[2020-01-29T21:59:33.385+0300][201.423s][info ][gc] GC(3060) Pause Full (Allocation Failure) 199M->70M(247M) 159.664ms
[2020-01-29T21:59:33.458+0300][201.497s][info ][gc] GC(3061) Pause Young (Allocation Failure) 136M->155M(247M) 55.021ms
[2020-01-29T21:59:33.467+0300][201.506s][info ][gc] GC(3062) Pause Initial Mark 174M->174M(247M) 8.838ms
[2020-01-29T21:59:33.468+0300][201.506s][info ][gc] GC(3062) Concurrent Mark
[2020-01-29T21:59:33.470+0300][201.509s][debug][gc] GC(3062) Concurrent active time: 2.661ms
[2020-01-29T21:59:33.470+0300][201.509s][info ][gc] GC(3062) Concurrent Mark 2.718ms
[2020-01-29T21:59:33.470+0300][201.509s][info ][gc] GC(3062) Concurrent Preclean
[2020-01-29T21:59:33.470+0300][201.509s][debug][gc] GC(3062) Concurrent active time: 0.159ms
[2020-01-29T21:59:33.470+0300][201.509s][info ][gc] GC(3062) Concurrent Preclean 0.191ms
[2020-01-29T21:59:33.470+0300][201.509s][info ][gc] GC(3062) Concurrent Abortable Preclean
[2020-01-29T21:59:33.470+0300][201.509s][debug][gc] GC(3062) Concurrent active time: 0.004ms
[2020-01-29T21:59:33.471+0300][201.509s][info ][gc] GC(3062) Concurrent Abortable Preclean 0.031ms
[2020-01-29T21:59:33.471+0300][201.509s][debug][gc] GC(3062) YG occupancy: 54488 K (78656 K)
[2020-01-29T21:59:33.482+0300][201.520s][info ][gc] GC(3062) Pause Remark 199M->199M(247M) 10.925ms
[2020-01-29T21:59:33.482+0300][201.520s][info ][gc] GC(3062) Concurrent Sweep
[2020-01-29T21:59:33.485+0300][201.523s][info ][gc] GC(3063) Pause Young (Allocation Failure) 199M->199M(247M) 0.040ms
[2020-01-29T21:59:33.549+0300][201.588s][debug][gc] GC(3062) Concurrent active time: 67.534ms
[2020-01-29T21:59:33.550+0300][201.588s][info ][gc] GC(3062) Concurrent Sweep 67.765ms
[2020-01-29T21:59:33.550+0300][201.588s][debug][gc] GC(3064) Concurrent mode failure
[2020-01-29T21:59:33.643+0300][201.681s][info ][gc] GC(3064) Pause Full (Allocation Failure) 199M->70M(247M) 157.796ms
[2020-01-29T21:59:33.716+0300][201.754s][info ][gc] GC(3065) Pause Young (Allocation Failure) 136M->155M(247M) 54.332ms
[2020-01-29T21:59:33.726+0300][201.764s][info ][gc] GC(3066) Pause Initial Mark 174M->174M(247M) 8.822ms
[2020-01-29T21:59:33.726+0300][201.764s][info ][gc] GC(3066) Concurrent Mark
[2020-01-29T21:59:33.728+0300][201.767s][debug][gc] GC(3066) Concurrent active time: 2.697ms
[2020-01-29T21:59:33.729+0300][201.767s][info ][gc] GC(3066) Concurrent Mark 2.753ms
[2020-01-29T21:59:33.729+0300][201.767s][info ][gc] GC(3066) Concurrent Preclean
[2020-01-29T21:59:33.729+0300][201.767s][debug][gc] GC(3066) Concurrent active time: 0.158ms
[2020-01-29T21:59:33.729+0300][201.767s][info ][gc] GC(3066) Concurrent Preclean 0.189ms
[2020-01-29T21:59:33.729+0300][201.767s][info ][gc] GC(3066) Concurrent Abortable Preclean
[2020-01-29T21:59:33.729+0300][201.767s][debug][gc] GC(3066) Concurrent active time: 0.003ms
[2020-01-29T21:59:33.729+0300][201.767s][info ][gc] GC(3066) Concurrent Abortable Preclean 0.035ms
[2020-01-29T21:59:33.729+0300][201.767s][debug][gc] GC(3066) YG occupancy: 54475 K (78656 K)
[2020-01-29T21:59:33.740+0300][201.778s][info ][gc] GC(3066) Pause Remark 199M->199M(247M) 10.933ms
[2020-01-29T21:59:33.740+0300][201.778s][info ][gc] GC(3066) Concurrent Sweep
[2020-01-29T21:59:33.743+0300][201.781s][info ][gc] GC(3067) Pause Young (Allocation Failure) 199M->199M(247M) 0.041ms
[2020-01-29T21:59:33.808+0300][201.847s][debug][gc] GC(3066) Concurrent active time: 68.879ms
[2020-01-29T21:59:33.808+0300][201.847s][info ][gc] GC(3066) Concurrent Sweep 69.117ms
[2020-01-29T21:59:33.808+0300][201.847s][debug][gc] GC(3068) Concurrent mode failure
[2020-01-29T21:59:33.903+0300][201.942s][info ][gc] GC(3068) Pause Full (Allocation Failure) 199M->70M(247M) 160.660ms
[2020-01-29T21:59:33.977+0300][202.015s][info ][gc] GC(3069) Pause Young (Allocation Failure) 136M->155M(247M) 54.833ms
[2020-01-29T21:59:33.986+0300][202.025s][info ][gc] GC(3070) Pause Initial Mark 174M->174M(247M) 8.818ms
[2020-01-29T21:59:33.986+0300][202.025s][info ][gc] GC(3070) Concurrent Mark
[2020-01-29T21:59:33.989+0300][202.027s][debug][gc] GC(3070) Concurrent active time: 2.677ms
[2020-01-29T21:59:33.989+0300][202.027s][info ][gc] GC(3070) Concurrent Mark 2.734ms
[2020-01-29T21:59:33.989+0300][202.027s][info ][gc] GC(3070) Concurrent Preclean
[2020-01-29T21:59:33.989+0300][202.028s][debug][gc] GC(3070) Concurrent active time: 0.160ms
[2020-01-29T21:59:33.989+0300][202.028s][info ][gc] GC(3070) Concurrent Preclean 0.191ms
[2020-01-29T21:59:33.989+0300][202.028s][info ][gc] GC(3070) Concurrent Abortable Preclean
[2020-01-29T21:59:33.989+0300][202.028s][debug][gc] GC(3070) Concurrent active time: 0.004ms
[2020-01-29T21:59:33.989+0300][202.028s][info ][gc] GC(3070) Concurrent Abortable Preclean 0.030ms
[2020-01-29T21:59:33.989+0300][202.028s][debug][gc] GC(3070) YG occupancy: 54479 K (78656 K)
[2020-01-29T21:59:34.000+0300][202.039s][info ][gc] GC(3070) Pause Remark 199M->199M(247M) 10.993ms
[2020-01-29T21:59:34.000+0300][202.039s][info ][gc] GC(3070) Concurrent Sweep
[2020-01-29T21:59:34.003+0300][202.042s][info ][gc] GC(3071) Pause Young (Allocation Failure) 199M->199M(247M) 0.041ms
[2020-01-29T21:59:34.069+0300][202.107s][debug][gc] GC(3070) Concurrent active time: 68.140ms
[2020-01-29T21:59:34.069+0300][202.107s][info ][gc] GC(3070) Concurrent Sweep 68.371ms
[2020-01-29T21:59:34.069+0300][202.107s][debug][gc] GC(3072) Concurrent mode failure
[2020-01-29T21:59:34.164+0300][202.202s][info ][gc] GC(3072) Pause Full (Allocation Failure) 199M->70M(247M) 159.725ms
[2020-01-29T21:59:34.235+0300][202.274s][info ][gc] GC(3073) Pause Young (Allocation Failure) 136M->155M(247M) 54.460ms
[2020-01-29T21:59:34.245+0300][202.284s][info ][gc] GC(3074) Pause Initial Mark 174M->174M(247M) 8.813ms
[2020-01-29T21:59:34.245+0300][202.284s][info ][gc] GC(3074) Concurrent Mark
[2020-01-29T21:59:34.248+0300][202.286s][debug][gc] GC(3074) Concurrent active time: 2.674ms
[2020-01-29T21:59:34.248+0300][202.286s][info ][gc] GC(3074) Concurrent Mark 2.726ms
[2020-01-29T21:59:34.248+0300][202.286s][info ][gc] GC(3074) Concurrent Preclean
[2020-01-29T21:59:34.248+0300][202.286s][debug][gc] GC(3074) Concurrent active time: 0.158ms
[2020-01-29T21:59:34.248+0300][202.287s][info ][gc] GC(3074) Concurrent Preclean 0.188ms
[2020-01-29T21:59:34.248+0300][202.287s][info ][gc] GC(3074) Concurrent Abortable Preclean
[2020-01-29T21:59:34.248+0300][202.287s][debug][gc] GC(3074) Concurrent active time: 0.004ms
[2020-01-29T21:59:34.248+0300][202.287s][info ][gc] GC(3074) Concurrent Abortable Preclean 0.030ms
[2020-01-29T21:59:34.248+0300][202.287s][debug][gc] GC(3074) YG occupancy: 54485 K (78656 K)
[2020-01-29T21:59:34.259+0300][202.298s][info ][gc] GC(3074) Pause Remark 199M->199M(247M) 10.953ms
[2020-01-29T21:59:34.259+0300][202.298s][info ][gc] GC(3074) Concurrent Sweep
[2020-01-29T21:59:34.262+0300][202.301s][info ][gc] GC(3075) Pause Young (Allocation Failure) 199M->199M(247M) 0.041ms
[2020-01-29T21:59:34.329+0300][202.368s][debug][gc] GC(3074) Concurrent active time: 69.801ms
[2020-01-29T21:59:34.329+0300][202.368s][info ][gc] GC(3074) Concurrent Sweep 70.035ms
[2020-01-29T21:59:34.329+0300][202.368s][debug][gc] GC(3076) Concurrent mode failure
[2020-01-29T21:59:34.423+0300][202.462s][info ][gc] GC(3076) Pause Full (Allocation Failure) 199M->70M(247M) 160.978ms
[2020-01-29T21:59:34.498+0300][202.536s][info ][gc] GC(3077) Pause Young (Allocation Failure) 136M->155M(247M) 56.181ms
[2020-01-29T21:59:34.508+0300][202.546s][info ][gc] GC(3078) Pause Initial Mark 174M->174M(247M) 8.839ms
[2020-01-29T21:59:34.508+0300][202.546s][info ][gc] GC(3078) Concurrent Mark
[2020-01-29T21:59:34.511+0300][202.549s][debug][gc] GC(3078) Concurrent active time: 2.758ms
[2020-01-29T21:59:34.511+0300][202.549s][info ][gc] GC(3078) Concurrent Mark 2.823ms
[2020-01-29T21:59:34.511+0300][202.549s][info ][gc] GC(3078) Concurrent Preclean
[2020-01-29T21:59:34.511+0300][202.549s][debug][gc] GC(3078) Concurrent active time: 0.165ms
[2020-01-29T21:59:34.511+0300][202.549s][info ][gc] GC(3078) Concurrent Preclean 0.198ms
[2020-01-29T21:59:34.511+0300][202.549s][info ][gc] GC(3078) Concurrent Abortable Preclean
[2020-01-29T21:59:34.511+0300][202.549s][debug][gc] GC(3078) Concurrent active time: 0.005ms
[2020-01-29T21:59:34.511+0300][202.549s][info ][gc] GC(3078) Concurrent Abortable Preclean 0.031ms
[2020-01-29T21:59:34.511+0300][202.549s][debug][gc] GC(3078) YG occupancy: 54488 K (78656 K)
[2020-01-29T21:59:34.522+0300][202.560s][info ][gc] GC(3078) Pause Remark 199M->199M(247M) 10.953ms
[2020-01-29T21:59:34.522+0300][202.560s][info ][gc] GC(3078) Concurrent Sweep
[2020-01-29T21:59:34.525+0300][202.564s][info ][gc] GC(3079) Pause Young (Allocation Failure) 200M->200M(247M) 0.045ms
[2020-01-29T21:59:34.592+0300][202.630s][debug][gc] GC(3078) Concurrent active time: 69.509ms
[2020-01-29T21:59:34.592+0300][202.630s][info ][gc] GC(3078) Concurrent Sweep 69.848ms
[2020-01-29T21:59:34.592+0300][202.630s][debug][gc] GC(3080) Concurrent mode failure
[2020-01-29T21:59:34.686+0300][202.724s][info ][gc] GC(3080) Pause Full (Allocation Failure) 200M->70M(247M) 160.875ms
[2020-01-29T21:59:34.758+0300][202.797s][info ][gc] GC(3081) Pause Young (Allocation Failure) 136M->155M(247M) 53.949ms
[2020-01-29T21:59:34.768+0300][202.807s][info ][gc] GC(3082) Pause Initial Mark 174M->174M(247M) 8.830ms
[2020-01-29T21:59:34.768+0300][202.807s][info ][gc] GC(3082) Concurrent Mark
[2020-01-29T21:59:34.771+0300][202.809s][debug][gc] GC(3082) Concurrent active time: 2.660ms
[2020-01-29T21:59:34.771+0300][202.810s][info ][gc] GC(3082) Concurrent Mark 2.717ms
[2020-01-29T21:59:34.771+0300][202.810s][info ][gc] GC(3082) Concurrent Preclean
[2020-01-29T21:59:34.771+0300][202.810s][debug][gc] GC(3082) Concurrent active time: 0.161ms
[2020-01-29T21:59:34.771+0300][202.810s][info ][gc] GC(3082) Concurrent Preclean 0.191ms
[2020-01-29T21:59:34.771+0300][202.810s][info ][gc] GC(3082) Concurrent Abortable Preclean
[2020-01-29T21:59:34.771+0300][202.810s][debug][gc] GC(3082) Concurrent active time: 0.004ms
[2020-01-29T21:59:34.771+0300][202.810s][info ][gc] GC(3082) Concurrent Abortable Preclean 0.030ms
[2020-01-29T21:59:34.771+0300][202.810s][debug][gc] GC(3082) YG occupancy: 54489 K (78656 K)
[2020-01-29T21:59:34.782+0300][202.821s][info ][gc] GC(3082) Pause Remark 199M->199M(247M) 11.077ms
[2020-01-29T21:59:34.782+0300][202.821s][info ][gc] GC(3082) Concurrent Sweep
[2020-01-29T21:59:34.785+0300][202.824s][info ][gc] GC(3083) Pause Young (Allocation Failure) 199M->199M(247M) 0.040ms
[2020-01-29T21:59:34.851+0300][202.890s][debug][gc] GC(3082) Concurrent active time: 68.865ms
[2020-01-29T21:59:34.851+0300][202.890s][info ][gc] GC(3082) Concurrent Sweep 69.087ms
[2020-01-29T21:59:34.851+0300][202.890s][debug][gc] GC(3084) Concurrent mode failure
[2020-01-29T21:59:34.945+0300][202.983s][info ][gc] GC(3084) Pause Full (Allocation Failure) 199M->70M(247M) 159.301ms
[2020-01-29T21:59:35.019+0300][203.058s][info ][gc] GC(3085) Pause Young (Allocation Failure) 136M->155M(247M) 55.673ms
[2020-01-29T21:59:35.029+0300][203.068s][info ][gc] GC(3086) Pause Initial Mark 174M->174M(247M) 8.961ms
[2020-01-29T21:59:35.029+0300][203.068s][info ][gc] GC(3086) Concurrent Mark
[2020-01-29T21:59:35.032+0300][203.070s][debug][gc] GC(3086) Concurrent active time: 2.665ms
[2020-01-29T21:59:35.032+0300][203.070s][info ][gc] GC(3086) Concurrent Mark 2.719ms
[2020-01-29T21:59:35.032+0300][203.070s][info ][gc] GC(3086) Concurrent Preclean
[2020-01-29T21:59:35.032+0300][203.071s][debug][gc] GC(3086) Concurrent active time: 0.160ms
[2020-01-29T21:59:35.032+0300][203.071s][info ][gc] GC(3086) Concurrent Preclean 0.190ms
[2020-01-29T21:59:35.032+0300][203.071s][info ][gc] GC(3086) Concurrent Abortable Preclean
[2020-01-29T21:59:35.032+0300][203.071s][debug][gc] GC(3086) Concurrent active time: 0.004ms
[2020-01-29T21:59:35.032+0300][203.071s][info ][gc] GC(3086) Concurrent Abortable Preclean 0.031ms
[2020-01-29T21:59:35.032+0300][203.071s][debug][gc] GC(3086) YG occupancy: 54485 K (78656 K)
[2020-01-29T21:59:35.043+0300][203.082s][info ][gc] GC(3086) Pause Remark 199M->199M(247M) 10.934ms
[2020-01-29T21:59:35.043+0300][203.082s][info ][gc] GC(3086) Concurrent Sweep
[2020-01-29T21:59:35.046+0300][203.085s][info ][gc] GC(3087) Pause Young (Allocation Failure) 199M->199M(247M) 0.041ms
[2020-01-29T21:59:35.112+0300][203.150s][debug][gc] GC(3086) Concurrent active time: 67.712ms
[2020-01-29T21:59:35.112+0300][203.150s][info ][gc] GC(3086) Concurrent Sweep 68.014ms
[2020-01-29T21:59:35.112+0300][203.150s][debug][gc] GC(3088) Concurrent mode failure
[2020-01-29T21:59:35.204+0300][203.243s][info ][gc] GC(3088) Pause Full (Allocation Failure) 199M->70M(247M) 158.576ms
[2020-01-29T21:59:35.277+0300][203.315s][info ][gc] GC(3089) Pause Young (Allocation Failure) 136M->155M(247M) 54.232ms
[2020-01-29T21:59:35.287+0300][203.325s][info ][gc] GC(3090) Pause Initial Mark 174M->174M(247M) 8.836ms
[2020-01-29T21:59:35.287+0300][203.325s][info ][gc] GC(3090) Concurrent Mark
[2020-01-29T21:59:35.289+0300][203.328s][debug][gc] GC(3090) Concurrent active time: 2.662ms
[2020-01-29T21:59:35.289+0300][203.328s][info ][gc] GC(3090) Concurrent Mark 2.716ms
[2020-01-29T21:59:35.289+0300][203.328s][info ][gc] GC(3090) Concurrent Preclean
[2020-01-29T21:59:35.290+0300][203.328s][debug][gc] GC(3090) Concurrent active time: 0.163ms
[2020-01-29T21:59:35.290+0300][203.328s][info ][gc] GC(3090) Concurrent Preclean 0.193ms
[2020-01-29T21:59:35.290+0300][203.328s][info ][gc] GC(3090) Concurrent Abortable Preclean
[2020-01-29T21:59:35.290+0300][203.328s][debug][gc] GC(3090) Concurrent active time: 0.004ms
[2020-01-29T21:59:35.290+0300][203.328s][info ][gc] GC(3090) Concurrent Abortable Preclean 0.030ms
[2020-01-29T21:59:35.290+0300][203.328s][debug][gc] GC(3090) YG occupancy: 54487 K (78656 K)
[2020-01-29T21:59:35.301+0300][203.339s][info ][gc] GC(3090) Pause Remark 199M->199M(247M) 10.933ms
[2020-01-29T21:59:35.301+0300][203.339s][info ][gc] GC(3090) Concurrent Sweep
[2020-01-29T21:59:35.304+0300][203.342s][info ][gc] GC(3091) Pause Young (Allocation Failure) 199M->199M(247M) 0.042ms
[2020-01-29T21:59:35.368+0300][203.407s][debug][gc] GC(3090) Concurrent active time: 67.120ms
[2020-01-29T21:59:35.368+0300][203.407s][info ][gc] GC(3090) Concurrent Sweep 67.369ms
[2020-01-29T21:59:35.368+0300][203.407s][debug][gc] GC(3092) Concurrent mode failure
[2020-01-29T21:59:35.462+0300][203.500s][info ][gc] GC(3092) Pause Full (Allocation Failure) 199M->70M(247M) 158.029ms
[2020-01-29T21:59:35.537+0300][203.576s][info ][gc] GC(3093) Pause Young (Allocation Failure) 136M->155M(247M) 57.577ms
[2020-01-29T21:59:35.547+0300][203.586s][info ][gc] GC(3094) Pause Initial Mark 174M->174M(247M) 8.862ms
[2020-01-29T21:59:35.547+0300][203.586s][info ][gc] GC(3094) Concurrent Mark
[2020-01-29T21:59:35.550+0300][203.589s][debug][gc] GC(3094) Concurrent active time: 2.775ms
[2020-01-29T21:59:35.550+0300][203.589s][info ][gc] GC(3094) Concurrent Mark 2.978ms
[2020-01-29T21:59:35.550+0300][203.589s][info ][gc] GC(3094) Concurrent Preclean
[2020-01-29T21:59:35.550+0300][203.589s][debug][gc] GC(3094) Concurrent active time: 0.172ms
[2020-01-29T21:59:35.550+0300][203.589s][info ][gc] GC(3094) Concurrent Preclean 0.202ms
[2020-01-29T21:59:35.550+0300][203.589s][info ][gc] GC(3094) Concurrent Abortable Preclean
[2020-01-29T21:59:35.550+0300][203.589s][debug][gc] GC(3094) Concurrent active time: 0.004ms
[2020-01-29T21:59:35.550+0300][203.589s][info ][gc] GC(3094) Concurrent Abortable Preclean 0.031ms
[2020-01-29T21:59:35.551+0300][203.589s][debug][gc] GC(3094) YG occupancy: 54597 K (78656 K)
[2020-01-29T21:59:35.561+0300][203.600s][info ][gc] GC(3094) Pause Remark 199M->199M(247M) 10.944ms
[2020-01-29T21:59:35.562+0300][203.600s][info ][gc] GC(3094) Concurrent Sweep
[2020-01-29T21:59:35.564+0300][203.603s][info ][gc] GC(3095) Pause Young (Allocation Failure) 199M->199M(247M) 0.040ms
[2020-01-29T21:59:35.631+0300][203.670s][debug][gc] GC(3094) Concurrent active time: 69.567ms
[2020-01-29T21:59:35.632+0300][203.670s][info ][gc] GC(3094) Concurrent Sweep 69.812ms
[2020-01-29T21:59:35.632+0300][203.670s][debug][gc] GC(3096) Concurrent mode failure
[2020-01-29T21:59:35.726+0300][203.764s][info ][gc] GC(3096) Pause Full (Allocation Failure) 199M->70M(247M) 161.159ms
[2020-01-29T21:59:35.799+0300][203.837s][info ][gc] GC(3097) Pause Young (Allocation Failure) 136M->155M(247M) 54.202ms
[2020-01-29T21:59:35.809+0300][203.847s][info ][gc] GC(3098) Pause Initial Mark 174M->174M(247M) 8.834ms
[2020-01-29T21:59:35.809+0300][203.847s][info ][gc] GC(3098) Concurrent Mark
[2020-01-29T21:59:35.811+0300][203.850s][debug][gc] GC(3098) Concurrent active time: 2.660ms
[2020-01-29T21:59:35.812+0300][203.850s][info ][gc] GC(3098) Concurrent Mark 2.715ms
[2020-01-29T21:59:35.812+0300][203.850s][info ][gc] GC(3098) Concurrent Preclean
[2020-01-29T21:59:35.812+0300][203.850s][debug][gc] GC(3098) Concurrent active time: 0.162ms
[2020-01-29T21:59:35.812+0300][203.850s][info ][gc] GC(3098) Concurrent Preclean 0.193ms
[2020-01-29T21:59:35.812+0300][203.850s][info ][gc] GC(3098) Concurrent Abortable Preclean
[2020-01-29T21:59:35.812+0300][203.850s][debug][gc] GC(3098) Concurrent active time: 0.004ms
[2020-01-29T21:59:35.812+0300][203.850s][info ][gc] GC(3098) Concurrent Abortable Preclean 0.030ms
[2020-01-29T21:59:35.812+0300][203.850s][debug][gc] GC(3098) YG occupancy: 54489 K (78656 K)
[2020-01-29T21:59:35.823+0300][203.861s][info ][gc] GC(3098) Pause Remark 199M->199M(247M) 11.063ms
[2020-01-29T21:59:35.823+0300][203.861s][info ][gc] GC(3098) Concurrent Sweep
[2020-01-29T21:59:35.826+0300][203.864s][info ][gc] GC(3099) Pause Young (Allocation Failure) 199M->199M(247M) 0.040ms
[2020-01-29T21:59:35.891+0300][203.930s][debug][gc] GC(3098) Concurrent active time: 68.297ms
[2020-01-29T21:59:35.891+0300][203.930s][info ][gc] GC(3098) Concurrent Sweep 68.522ms
[2020-01-29T21:59:35.891+0300][203.930s][debug][gc] GC(3100) Concurrent mode failure
[2020-01-29T21:59:35.985+0300][204.024s][info ][gc] GC(3100) Pause Full (Allocation Failure) 199M->70M(247M) 159.577ms
[2020-01-29T21:59:36.058+0300][204.096s][info ][gc] GC(3101) Pause Young (Allocation Failure) 136M->155M(247M) 54.236ms
[2020-01-29T21:59:36.068+0300][204.106s][info ][gc] GC(3102) Pause Initial Mark 174M->174M(247M) 8.826ms
[2020-01-29T21:59:36.068+0300][204.106s][info ][gc] GC(3102) Concurrent Mark
[2020-01-29T21:59:36.070+0300][204.109s][debug][gc] GC(3102) Concurrent active time: 2.669ms
[2020-01-29T21:59:36.070+0300][204.109s][info ][gc] GC(3102) Concurrent Mark 2.725ms
[2020-01-29T21:59:36.070+0300][204.109s][info ][gc] GC(3102) Concurrent Preclean
[2020-01-29T21:59:36.071+0300][204.109s][debug][gc] GC(3102) Concurrent active time: 0.163ms
[2020-01-29T21:59:36.071+0300][204.109s][info ][gc] GC(3102) Concurrent Preclean 0.193ms
[2020-01-29T21:59:36.071+0300][204.109s][info ][gc] GC(3102) Concurrent Abortable Preclean
[2020-01-29T21:59:36.071+0300][204.109s][debug][gc] GC(3102) Concurrent active time: 0.004ms
[2020-01-29T21:59:36.071+0300][204.109s][info ][gc] GC(3102) Concurrent Abortable Preclean 0.035ms
[2020-01-29T21:59:36.071+0300][204.109s][debug][gc] GC(3102) YG occupancy: 54485 K (78656 K)
[2020-01-29T21:59:36.082+0300][204.120s][info ][gc] GC(3102) Pause Remark 199M->199M(247M) 10.991ms
[2020-01-29T21:59:36.082+0300][204.120s][info ][gc] GC(3102) Concurrent Sweep
[2020-01-29T21:59:36.085+0300][204.123s][info ][gc] GC(3103) Pause Young (Allocation Failure) 199M->199M(247M) 0.042ms
[2020-01-29T21:59:36.151+0300][204.189s][debug][gc] GC(3102) Concurrent active time: 68.361ms
[2020-01-29T21:59:36.151+0300][204.189s][info ][gc] GC(3102) Concurrent Sweep 68.606ms
[2020-01-29T21:59:36.151+0300][204.189s][debug][gc] GC(3104) Concurrent mode failure
[2020-01-29T21:59:36.245+0300][204.283s][info ][gc] GC(3104) Pause Full (Allocation Failure) 199M->70M(247M) 160.135ms
[2020-01-29T21:59:36.317+0300][204.355s][info ][gc] GC(3105) Pause Young (Allocation Failure) 136M->155M(247M) 53.913ms
[2020-01-29T21:59:36.326+0300][204.365s][info ][gc] GC(3106) Pause Initial Mark 174M->174M(247M) 8.817ms
[2020-01-29T21:59:36.326+0300][204.365s][info ][gc] GC(3106) Concurrent Mark
[2020-01-29T21:59:36.329+0300][204.368s][debug][gc] GC(3106) Concurrent active time: 2.671ms
[2020-01-29T21:59:36.329+0300][204.368s][info ][gc] GC(3106) Concurrent Mark 2.725ms
[2020-01-29T21:59:36.329+0300][204.368s][info ][gc] GC(3106) Concurrent Preclean
[2020-01-29T21:59:36.329+0300][204.368s][debug][gc] GC(3106) Concurrent active time: 0.159ms
[2020-01-29T21:59:36.329+0300][204.368s][info ][gc] GC(3106) Concurrent Preclean 0.188ms
[2020-01-29T21:59:36.329+0300][204.368s][info ][gc] GC(3106) Concurrent Abortable Preclean
[2020-01-29T21:59:36.329+0300][204.368s][debug][gc] GC(3106) Concurrent active time: 0.003ms
[2020-01-29T21:59:36.329+0300][204.368s][info ][gc] GC(3106) Concurrent Abortable Preclean 0.030ms
[2020-01-29T21:59:36.329+0300][204.368s][debug][gc] GC(3106) YG occupancy: 54487 K (78656 K)
[2020-01-29T21:59:36.340+0300][204.379s][info ][gc] GC(3106) Pause Remark 199M->199M(247M) 10.958ms
[2020-01-29T21:59:36.340+0300][204.379s][info ][gc] GC(3106) Concurrent Sweep
[2020-01-29T21:59:36.343+0300][204.382s][info ][gc] GC(3107) Pause Young (Allocation Failure) 199M->199M(247M) 0.040ms
[2020-01-29T21:59:36.408+0300][204.447s][debug][gc] GC(3106) Concurrent active time: 67.626ms
[2020-01-29T21:59:36.408+0300][204.447s][info ][gc] GC(3106) Concurrent Sweep 67.849ms
[2020-01-29T21:59:36.408+0300][204.447s][debug][gc] GC(3108) Concurrent mode failure
[2020-01-29T21:59:36.502+0300][204.540s][info ][gc] GC(3108) Pause Full (Allocation Failure) 199M->70M(247M) 158.121ms
[2020-01-29T21:59:36.575+0300][204.613s][info ][gc] GC(3109) Pause Young (Allocation Failure) 136M->155M(247M) 53.912ms
[2020-01-29T21:59:36.584+0300][204.622s][info ][gc] GC(3110) Pause Initial Mark 174M->174M(247M) 8.841ms
[2020-01-29T21:59:36.584+0300][204.622s][info ][gc] GC(3110) Concurrent Mark
[2020-01-29T21:59:36.587+0300][204.625s][debug][gc] GC(3110) Concurrent active time: 2.797ms
[2020-01-29T21:59:36.587+0300][204.625s][info ][gc] GC(3110) Concurrent Mark 2.947ms
[2020-01-29T21:59:36.587+0300][204.625s][info ][gc] GC(3110) Concurrent Preclean
[2020-01-29T21:59:36.588+0300][204.626s][debug][gc] GC(3110) Concurrent active time: 0.184ms
[2020-01-29T21:59:36.588+0300][204.626s][info ][gc] GC(3110) Concurrent Preclean 0.217ms
[2020-01-29T21:59:36.588+0300][204.626s][info ][gc] GC(3110) Concurrent Abortable Preclean
[2020-01-29T21:59:36.588+0300][204.626s][debug][gc] GC(3110) Concurrent active time: 0.004ms
[2020-01-29T21:59:36.588+0300][204.626s][info ][gc] GC(3110) Concurrent Abortable Preclean 0.030ms
[2020-01-29T21:59:36.588+0300][204.626s][debug][gc] GC(3110) YG occupancy: 54597 K (78656 K)
[2020-01-29T21:59:36.599+0300][204.637s][info ][gc] GC(3110) Pause Remark 199M->199M(247M) 10.918ms
[2020-01-29T21:59:36.599+0300][204.637s][info ][gc] GC(3110) Concurrent Sweep
[2020-01-29T21:59:36.602+0300][204.640s][info ][gc] GC(3111) Pause Young (Allocation Failure) 199M->199M(247M) 0.041ms
[2020-01-29T21:59:36.665+0300][204.704s][debug][gc] GC(3110) Concurrent active time: 66.717ms
[2020-01-29T21:59:36.665+0300][204.704s][info ][gc] GC(3110) Concurrent Sweep 66.950ms
[2020-01-29T21:59:36.665+0300][204.704s][debug][gc] GC(3112) Concurrent mode failure
[2020-01-29T21:59:36.758+0300][204.797s][info ][gc] GC(3112) Pause Full (Allocation Failure) 199M->70M(247M) 156.878ms
[2020-01-29T21:59:36.831+0300][204.869s][info ][gc] GC(3113) Pause Young (Allocation Failure) 136M->155M(247M) 53.874ms
[2020-01-29T21:59:36.840+0300][204.879s][info ][gc] GC(3114) Pause Initial Mark 174M->174M(247M) 8.813ms
[2020-01-29T21:59:36.840+0300][204.879s][info ][gc] GC(3114) Concurrent Mark
[2020-01-29T21:59:36.843+0300][204.881s][debug][gc] GC(3114) Concurrent active time: 2.661ms
[2020-01-29T21:59:36.843+0300][204.881s][info ][gc] GC(3114) Concurrent Mark 2.714ms
[2020-01-29T21:59:36.843+0300][204.881s][info ][gc] GC(3114) Concurrent Preclean
[2020-01-29T21:59:36.843+0300][204.881s][debug][gc] GC(3114) Concurrent active time: 0.156ms
[2020-01-29T21:59:36.843+0300][204.882s][info ][gc] GC(3114) Concurrent Preclean 0.186ms
[2020-01-29T21:59:36.843+0300][204.882s][info ][gc] GC(3114) Concurrent Abortable Preclean
[2020-01-29T21:59:36.843+0300][204.882s][debug][gc] GC(3114) Concurrent active time: 0.003ms
[2020-01-29T21:59:36.843+0300][204.882s][info ][gc] GC(3114) Concurrent Abortable Preclean 0.030ms
[2020-01-29T21:59:36.843+0300][204.882s][debug][gc] GC(3114) YG occupancy: 54489 K (78656 K)
[2020-01-29T21:59:36.854+0300][204.893s][info ][gc] GC(3114) Pause Remark 199M->199M(247M) 10.939ms
[2020-01-29T21:59:36.854+0300][204.893s][info ][gc] GC(3114) Concurrent Sweep
[2020-01-29T21:59:36.858+0300][204.896s][info ][gc] GC(3115) Pause Young (Allocation Failure) 198M->198M(247M) 0.043ms
[2020-01-29T21:59:36.922+0300][204.960s][debug][gc] GC(3114) Concurrent active time: 67.273ms
[2020-01-29T21:59:36.922+0300][204.960s][info ][gc] GC(3114) Concurrent Sweep 67.541ms
[2020-01-29T21:59:36.922+0300][204.960s][debug][gc] GC(3116) Concurrent mode failure
[2020-01-29T21:59:37.016+0300][205.054s][info ][gc] GC(3116) Pause Full (Allocation Failure) 198M->70M(247M) 158.545ms
[2020-01-29T21:59:37.088+0300][205.127s][info ][gc] GC(3117) Pause Young (Allocation Failure) 136M->155M(247M) 54.365ms
[2020-01-29T21:59:37.098+0300][205.137s][info ][gc] GC(3118) Pause Initial Mark 174M->174M(247M) 8.827ms
[2020-01-29T21:59:37.098+0300][205.137s][info ][gc] GC(3118) Concurrent Mark
[2020-01-29T21:59:37.101+0300][205.139s][debug][gc] GC(3118) Concurrent active time: 2.710ms
[2020-01-29T21:59:37.101+0300][205.139s][info ][gc] GC(3118) Concurrent Mark 2.769ms
[2020-01-29T21:59:37.101+0300][205.139s][info ][gc] GC(3118) Concurrent Preclean
[2020-01-29T21:59:37.101+0300][205.140s][debug][gc] GC(3118) Concurrent active time: 0.172ms
[2020-01-29T21:59:37.101+0300][205.140s][info ][gc] GC(3118) Concurrent Preclean 0.203ms
[2020-01-29T21:59:37.101+0300][205.140s][info ][gc] GC(3118) Concurrent Abortable Preclean
[2020-01-29T21:59:37.101+0300][205.140s][debug][gc] GC(3118) Concurrent active time: 0.004ms
[2020-01-29T21:59:37.101+0300][205.140s][info ][gc] GC(3118) Concurrent Abortable Preclean 0.030ms
[2020-01-29T21:59:37.101+0300][205.140s][debug][gc] GC(3118) YG occupancy: 54489 K (78656 K)
[2020-01-29T21:59:37.112+0300][205.151s][info ][gc] GC(3118) Pause Remark 199M->199M(247M) 10.960ms
[2020-01-29T21:59:37.112+0300][205.151s][info ][gc] GC(3118) Concurrent Sweep
[2020-01-29T21:59:37.115+0300][205.154s][info ][gc] GC(3119) Pause Young (Allocation Failure) 199M->199M(247M) 0.040ms
[2020-01-29T21:59:37.179+0300][205.218s][debug][gc] GC(3118) Concurrent active time: 66.905ms
[2020-01-29T21:59:37.179+0300][205.218s][info ][gc] GC(3118) Concurrent Sweep 67.134ms
[2020-01-29T21:59:37.180+0300][205.218s][debug][gc] GC(3120) Concurrent mode failure
[2020-01-29T21:59:37.274+0300][205.312s][info ][gc] GC(3120) Pause Full (Allocation Failure) 199M->70M(247M) 158.255ms
[2020-01-29T21:59:37.347+0300][205.385s][info ][gc] GC(3121) Pause Young (Allocation Failure) 136M->155M(247M) 54.410ms
[2020-01-29T21:59:37.357+0300][205.395s][info ][gc] GC(3122) Pause Initial Mark 174M->174M(247M) 8.829ms
[2020-01-29T21:59:37.357+0300][205.395s][info ][gc] GC(3122) Concurrent Mark
[2020-01-29T21:59:37.360+0300][205.397s][debug][gc] GC(3122) Concurrent active time: 2.683ms
[2020-01-29T21:59:37.360+0300][205.398s][info ][gc] GC(3122) Concurrent Mark 2.740ms
[2020-01-29T21:59:37.360+0300][205.398s][info ][gc] GC(3122) Concurrent Preclean
[2020-01-29T21:59:37.360+0300][205.398s][debug][gc] GC(3122) Concurrent active time: 0.160ms
[2020-01-29T21:59:37.360+0300][205.398s][info ][gc] GC(3122) Concurrent Preclean 0.192ms
[2020-01-29T21:59:37.360+0300][205.398s][info ][gc] GC(3122) Concurrent Abortable Preclean
[2020-01-29T21:59:37.360+0300][205.398s][debug][gc] GC(3122) Concurrent active time: 0.004ms
[2020-01-29T21:59:37.360+0300][205.398s][info ][gc] GC(3122) Concurrent Abortable Preclean 0.030ms
[2020-01-29T21:59:37.360+0300][205.398s][debug][gc] GC(3122) YG occupancy: 54491 K (78656 K)
[2020-01-29T21:59:37.371+0300][205.409s][info ][gc] GC(3122) Pause Remark 199M->199M(247M) 11.129ms
[2020-01-29T21:59:37.371+0300][205.409s][info ][gc] GC(3122) Concurrent Sweep
[2020-01-29T21:59:37.371+0300][205.412s][info ][gc] GC(3123) Pause Young (Allocation Failure) 199M->199M(247M) 0.044ms
[2020-01-29T21:59:37.440+0300][205.479s][debug][gc] GC(3122) Concurrent active time: 69.670ms
[2020-01-29T21:59:37.440+0300][205.479s][info ][gc] GC(3122) Concurrent Sweep 69.919ms
[2020-01-29T21:59:37.440+0300][205.479s][debug][gc] GC(3124) Concurrent mode failure
[2020-01-29T21:59:37.534+0300][205.573s][info ][gc] GC(3124) Pause Full (Allocation Failure) 199M->70M(247M) 160.685ms
[2020-01-29T21:59:37.599+0300][205.641s][info ][gc] GC(3125) Pause Young (Allocation Failure) 136M->155M(247M) 53.357ms
[2020-01-29T21:59:37.609+0300][205.651s][info ][gc] GC(3126) Pause Initial Mark 174M->174M(247M) 8.864ms
[2020-01-29T21:59:37.609+0300][205.651s][info ][gc] GC(3126) Concurrent Mark
[2020-01-29T21:59:37.614+0300][205.654s][debug][gc] GC(3126) Concurrent active time: 2.787ms
[2020-01-29T21:59:37.614+0300][205.654s][info ][gc] GC(3126) Concurrent Mark 2.936ms
[2020-01-29T21:59:37.614+0300][205.654s][info ][gc] GC(3126) Concurrent Preclean
[2020-01-29T21:59:37.614+0300][205.654s][debug][gc] GC(3126) Concurrent active time: 0.172ms
[2020-01-29T21:59:37.614+0300][205.654s][info ][gc] GC(3126) Concurrent Preclean 0.204ms
[2020-01-29T21:59:37.614+0300][205.654s][info ][gc] GC(3126) Concurrent Abortable Preclean
[2020-01-29T21:59:37.614+0300][205.654s][debug][gc] GC(3126) Concurrent active time: 0.004ms
[2020-01-29T21:59:37.614+0300][205.654s][info ][gc] GC(3126) Concurrent Abortable Preclean 0.031ms
[2020-01-29T21:59:37.614+0300][205.654s][debug][gc] GC(3126) YG occupancy: 54599 K (78656 K)
[2020-01-29T21:59:37.624+0300][205.665s][info ][gc] GC(3126) Pause Remark 199M->199M(247M) 11.098ms
[2020-01-29T21:59:37.624+0300][205.665s][info ][gc] GC(3126) Concurrent Sweep
[2020-01-29T21:59:37.629+0300][205.668s][info ][gc] GC(3127) Pause Young (Allocation Failure) 199M->199M(247M) 0.041ms
[2020-01-29T21:59:37.694+0300][205.732s][debug][gc] GC(3126) Concurrent active time: 67.112ms
[2020-01-29T21:59:37.694+0300][205.732s][info ][gc] GC(3126) Concurrent Sweep 67.346ms
[2020-01-29T21:59:37.694+0300][205.732s][debug][gc] GC(3128) Concurrent mode failure
[2020-01-29T21:59:37.784+0300][205.826s][info ][gc] GC(3128) Pause Full (Allocation Failure) 199M->70M(247M) 157.850ms
[2020-01-29T21:59:37.854+0300][205.896s][info ][gc] GC(3129) Pause Young (Allocation Failure) 136M->155M(247M) 53.726ms
[2020-01-29T21:59:37.866+0300][205.906s][info ][gc] GC(3130) Pause Initial Mark 174M->174M(247M) 8.822ms
[2020-01-29T21:59:37.866+0300][205.906s][info ][gc] GC(3130) Concurrent Mark
[2020-01-29T21:59:37.866+0300][205.909s][debug][gc] GC(3130) Concurrent active time: 2.878ms
[2020-01-29T21:59:37.866+0300][205.909s][info ][gc] GC(3130) Concurrent Mark 2.992ms
[2020-01-29T21:59:37.866+0300][205.909s][info ][gc] GC(3130) Concurrent Preclean
[2020-01-29T21:59:37.866+0300][205.909s][debug][gc] GC(3130) Concurrent active time: 0.195ms
[2020-01-29T21:59:37.866+0300][205.909s][info ][gc] GC(3130) Concurrent Preclean 0.232ms
[2020-01-29T21:59:37.866+0300][205.909s][info ][gc] GC(3130) Concurrent Abortable Preclean
[2020-01-29T21:59:37.866+0300][205.909s][debug][gc] GC(3130) Concurrent active time: 0.005ms
[2020-01-29T21:59:37.866+0300][205.909s][info ][gc] GC(3130) Concurrent Abortable Preclean 0.033ms
[2020-01-29T21:59:37.866+0300][205.909s][debug][gc] GC(3130) YG occupancy: 54522 K (78656 K)
[2020-01-29T21:59:37.879+0300][205.921s][info ][gc] GC(3130) Pause Remark 199M->199M(247M) 11.146ms
[2020-01-29T21:59:37.879+0300][205.921s][info ][gc] GC(3130) Concurrent Sweep
[2020-01-29T21:59:37.884+0300][205.924s][info ][gc] GC(3131) Pause Young (Allocation Failure) 199M->199M(247M) 0.044ms
[2020-01-29T21:59:37.951+0300][205.990s][debug][gc] GC(3130) Concurrent active time: 68.736ms
[2020-01-29T21:59:37.951+0300][205.990s][info ][gc] GC(3130) Concurrent Sweep 68.994ms
[2020-01-29T21:59:37.951+0300][205.990s][debug][gc] GC(3132) Concurrent mode failure
[2020-01-29T21:59:38.044+0300][206.083s][info ][gc] GC(3132) Pause Full (Allocation Failure) 199M->70M(247M) 159.109ms
[2020-01-29T21:59:38.130+0300][206.168s][info ][gc] GC(3133) Pause Young (Allocation Failure) 136M->155M(247M) 55.635ms
[2020-01-29T21:59:38.139+0300][206.178s][info ][gc] GC(3134) Pause Initial Mark 174M->174M(247M) 8.826ms
[2020-01-29T21:59:38.139+0300][206.178s][info ][gc] GC(3134) Concurrent Mark
[2020-01-29T21:59:38.142+0300][206.180s][debug][gc] GC(3134) Concurrent active time: 2.671ms
[2020-01-29T21:59:38.142+0300][206.180s][info ][gc] GC(3134) Concurrent Mark 2.723ms
[2020-01-29T21:59:38.142+0300][206.180s][info ][gc] GC(3134) Concurrent Preclean
[2020-01-29T21:59:38.142+0300][206.181s][debug][gc] GC(3134) Concurrent active time: 0.159ms
[2020-01-29T21:59:38.142+0300][206.181s][info ][gc] GC(3134) Concurrent Preclean 0.189ms
[2020-01-29T21:59:38.142+0300][206.181s][info ][gc] GC(3134) Concurrent Abortable Preclean
[2020-01-29T21:59:38.142+0300][206.181s][debug][gc] GC(3134) Concurrent active time: 0.003ms
[2020-01-29T21:59:38.142+0300][206.181s][info ][gc] GC(3134) Concurrent Abortable Preclean 0.030ms
[2020-01-29T21:59:38.142+0300][206.181s][debug][gc] GC(3134) YG occupancy: 54490 K (78656 K)
[2020-01-29T21:59:38.153+0300][206.192s][info ][gc] GC(3134) Pause Remark 199M->199M(247M) 10.926ms
[2020-01-29T21:59:38.153+0300][206.192s][info ][gc] GC(3134) Concurrent Sweep
[2020-01-29T21:59:38.154+0300][206.195s][info ][gc] GC(3135) Pause Young (Allocation Failure) 199M->199M(247M) 0.042ms
[2020-01-29T21:59:38.219+0300][206.259s][debug][gc] GC(3134) Concurrent active time: 67.545ms
[2020-01-29T21:59:38.219+0300][206.259s][info ][gc] GC(3134) Concurrent Sweep 67.786ms
[2020-01-29T21:59:38.219+0300][206.259s][debug][gc] GC(3136) Concurrent mode failure
[2020-01-29T21:59:38.315+0300][206.354s][info ][gc] GC(3136) Pause Full (Allocation Failure) 199M->70M(247M) 159.035ms
[2020-01-29T21:59:38.389+0300][206.427s][info ][gc] GC(3137) Pause Young (Allocation Failure) 136M->155M(247M) 54.418ms
[2020-01-29T21:59:38.398+0300][206.437s][info ][gc] GC(3138) Pause Initial Mark 174M->174M(247M) 8.821ms
[2020-01-29T21:59:38.398+0300][206.437s][info ][gc] GC(3138) Concurrent Mark
[2020-01-29T21:59:38.401+0300][206.439s][debug][gc] GC(3138) Concurrent active time: 2.664ms
[2020-01-29T21:59:38.401+0300][206.439s][info ][gc] GC(3138) Concurrent Mark 2.716ms
[2020-01-29T21:59:38.401+0300][206.439s][info ][gc] GC(3138) Concurrent Preclean
[2020-01-29T21:59:38.401+0300][206.440s][debug][gc] GC(3138) Concurrent active time: 0.160ms
[2020-01-29T21:59:38.401+0300][206.440s][info ][gc] GC(3138) Concurrent Preclean 0.190ms
[2020-01-29T21:59:38.401+0300][206.440s][info ][gc] GC(3138) Concurrent Abortable Preclean
[2020-01-29T21:59:38.401+0300][206.440s][debug][gc] GC(3138) Concurrent active time: 0.004ms
[2020-01-29T21:59:38.401+0300][206.440s][info ][gc] GC(3138) Concurrent Abortable Preclean 0.035ms
[2020-01-29T21:59:38.401+0300][206.440s][debug][gc] GC(3138) YG occupancy: 54490 K (78656 K)
[2020-01-29T21:59:38.407+0300][206.451s][info ][gc] GC(3138) Pause Remark 199M->199M(247M) 10.959ms
[2020-01-29T21:59:38.407+0300][206.451s][info ][gc] GC(3138) Concurrent Sweep
[2020-01-29T21:59:38.414+0300][206.454s][info ][gc] GC(3139) Pause Young (Allocation Failure) 199M->199M(247M) 0.043ms
[2020-01-29T21:59:38.479+0300][206.519s][debug][gc] GC(3138) Concurrent active time: 67.786ms
[2020-01-29T21:59:38.479+0300][206.519s][info ][gc] GC(3138) Concurrent Sweep 68.029ms
[2020-01-29T21:59:38.479+0300][206.519s][debug][gc] GC(3140) Concurrent mode failure
[2020-01-29T21:59:38.567+0300][206.613s][info ][gc] GC(3140) Pause Full (Allocation Failure) 199M->70M(247M) 158.676ms
[2020-01-29T21:59:38.654+0300][206.697s][info ][gc] GC(3141) Pause Young (Allocation Failure) 136M->155M(247M) 54.978ms
[2020-01-29T21:59:38.667+0300][206.707s][info ][gc] GC(3142) Pause Initial Mark 174M->174M(247M) 8.888ms
[2020-01-29T21:59:38.667+0300][206.707s][info ][gc] GC(3142) Concurrent Mark
[2020-01-29T21:59:38.667+0300][206.710s][debug][gc] GC(3142) Concurrent active time: 2.659ms
[2020-01-29T21:59:38.667+0300][206.710s][info ][gc] GC(3142) Concurrent Mark 2.714ms
[2020-01-29T21:59:38.667+0300][206.710s][info ][gc] GC(3142) Concurrent Preclean
[2020-01-29T21:59:38.667+0300][206.710s][debug][gc] GC(3142) Concurrent active time: 0.159ms
[2020-01-29T21:59:38.667+0300][206.710s][info ][gc] GC(3142) Concurrent Preclean 0.190ms
[2020-01-29T21:59:38.667+0300][206.710s][info ][gc] GC(3142) Concurrent Abortable Preclean
[2020-01-29T21:59:38.667+0300][206.710s][debug][gc] GC(3142) Concurrent active time: 0.004ms
[2020-01-29T21:59:38.667+0300][206.710s][info ][gc] GC(3142) Concurrent Abortable Preclean 0.031ms
[2020-01-29T21:59:38.667+0300][206.710s][debug][gc] GC(3142) YG occupancy: 54476 K (78656 K)
[2020-01-29T21:59:38.679+0300][206.721s][info ][gc] GC(3142) Pause Remark 199M->199M(247M) 10.910ms
[2020-01-29T21:59:38.679+0300][206.721s][info ][gc] GC(3142) Concurrent Sweep
[2020-01-29T21:59:38.685+0300][206.724s][info ][gc] GC(3143) Pause Young (Allocation Failure) 199M->199M(247M) 0.042ms
[2020-01-29T21:59:38.750+0300][206.789s][debug][gc] GC(3142) Concurrent active time: 68.047ms
[2020-01-29T21:59:38.750+0300][206.790s][info ][gc] GC(3142) Concurrent Sweep 68.288ms
[2020-01-29T21:59:38.750+0300][206.790s][debug][gc] GC(3144) Concurrent mode failure
[2020-01-29T21:59:38.844+0300][206.884s][info ][gc] GC(3144) Pause Full (Allocation Failure) 199M->70M(247M) 159.318ms
[2020-01-29T21:59:38.920+0300][206.959s][info ][gc] GC(3145) Pause Young (Allocation Failure) 136M->155M(247M) 56.164ms
[2020-01-29T21:59:38.930+0300][206.968s][info ][gc] GC(3146) Pause Initial Mark 174M->174M(247M) 8.827ms
[2020-01-29T21:59:38.930+0300][206.968s][info ][gc] GC(3146) Concurrent Mark
[2020-01-29T21:59:38.933+0300][206.971s][debug][gc] GC(3146) Concurrent active time: 2.845ms
[2020-01-29T21:59:38.933+0300][206.971s][info ][gc] GC(3146) Concurrent Mark 2.915ms
[2020-01-29T21:59:38.933+0300][206.971s][info ][gc] GC(3146) Concurrent Preclean
[2020-01-29T21:59:38.933+0300][206.972s][debug][gc] GC(3146) Concurrent active time: 0.190ms
[2020-01-29T21:59:38.933+0300][206.972s][info ][gc] GC(3146) Concurrent Preclean 0.227ms
[2020-01-29T21:59:38.933+0300][206.972s][info ][gc] GC(3146) Concurrent Abortable Preclean
[2020-01-29T21:59:38.933+0300][206.972s][debug][gc] GC(3146) Concurrent active time: 0.005ms
[2020-01-29T21:59:38.933+0300][206.972s][info ][gc] GC(3146) Concurrent Abortable Preclean 0.033ms
[2020-01-29T21:59:38.933+0300][206.972s][debug][gc] GC(3146) YG occupancy: 54516 K (78656 K)
[2020-01-29T21:59:38.945+0300][206.983s][info ][gc] GC(3146) Pause Remark 199M->199M(247M) 11.139ms
[2020-01-29T21:59:38.945+0300][206.983s][info ][gc] GC(3146) Concurrent Sweep
[2020-01-29T21:59:38.948+0300][206.986s][info ][gc] GC(3147) Pause Young (Allocation Failure) 199M->199M(247M) 0.043ms
[2020-01-29T21:59:39.009+0300][207.051s][debug][gc] GC(3146) Concurrent active time: 67.698ms
[2020-01-29T21:59:39.009+0300][207.051s][info ][gc] GC(3146) Concurrent Sweep 67.950ms
[2020-01-29T21:59:39.009+0300][207.051s][debug][gc] GC(3148) Concurrent mode failure
[2020-01-29T21:59:39.107+0300][207.145s][info ][gc] GC(3148) Pause Full (Allocation Failure) 199M->70M(247M) 158.484ms
[2020-01-29T21:59:39.177+0300][207.216s][info ][gc] GC(3149) Pause Young (Allocation Failure) 136M->155M(247M) 53.514ms
[2020-01-29T21:59:39.187+0300][207.226s][info ][gc] GC(3150) Pause Initial Mark 174M->174M(247M) 8.823ms
[2020-01-29T21:59:39.187+0300][207.226s][info ][gc] GC(3150) Concurrent Mark
[2020-01-29T21:59:39.190+0300][207.229s][debug][gc] GC(3150) Concurrent active time: 2.648ms
[2020-01-29T21:59:39.190+0300][207.229s][info ][gc] GC(3150) Concurrent Mark 2.699ms
[2020-01-29T21:59:39.190+0300][207.229s][info ][gc] GC(3150) Concurrent Preclean
[2020-01-29T21:59:39.190+0300][207.229s][debug][gc] GC(3150) Concurrent active time: 0.158ms
[2020-01-29T21:59:39.190+0300][207.229s][info ][gc] GC(3150) Concurrent Preclean 0.188ms
[2020-01-29T21:59:39.190+0300][207.229s][info ][gc] GC(3150) Concurrent Abortable Preclean
[2020-01-29T21:59:39.190+0300][207.229s][debug][gc] GC(3150) Concurrent active time: 0.003ms
[2020-01-29T21:59:39.190+0300][207.229s][info ][gc] GC(3150) Concurrent Abortable Preclean 0.030ms
[2020-01-29T21:59:39.190+0300][207.229s][debug][gc] GC(3150) YG occupancy: 54487 K (78656 K)
[2020-01-29T21:59:39.201+0300][207.240s][info ][gc] GC(3150) Pause Remark 199M->199M(247M) 10.923ms
[2020-01-29T21:59:39.201+0300][207.240s][info ][gc] GC(3150) Concurrent Sweep
[2020-01-29T21:59:39.204+0300][207.243s][info ][gc] GC(3151) Pause Young (Allocation Failure) 199M->199M(247M) 0.043ms
[2020-01-29T21:59:39.269+0300][207.308s][debug][gc] GC(3150) Concurrent active time: 67.819ms
[2020-01-29T21:59:39.269+0300][207.308s][info ][gc] GC(3150) Concurrent Sweep 68.066ms
[2020-01-29T21:59:39.269+0300][207.308s][debug][gc] GC(3152) Concurrent mode failure
[2020-01-29T21:59:39.364+0300][207.402s][info ][gc] GC(3152) Pause Full (Allocation Failure) 199M->70M(247M) 159.024ms
[2020-01-29T21:59:39.437+0300][207.475s][info ][gc] GC(3153) Pause Young (Allocation Failure) 136M->155M(247M) 54.129ms
[2020-01-29T21:59:39.447+0300][207.485s][info ][gc] GC(3154) Pause Initial Mark 174M->174M(247M) 8.809ms
[2020-01-29T21:59:39.447+0300][207.485s][info ][gc] GC(3154) Concurrent Mark
[2020-01-29T21:59:39.449+0300][207.488s][debug][gc] GC(3154) Concurrent active time: 2.666ms
[2020-01-29T21:59:39.449+0300][207.488s][info ][gc] GC(3154) Concurrent Mark 2.716ms
[2020-01-29T21:59:39.449+0300][207.488s][info ][gc] GC(3154) Concurrent Preclean
[2020-01-29T21:59:39.450+0300][207.488s][debug][gc] GC(3154) Concurrent active time: 0.161ms
[2020-01-29T21:59:39.450+0300][207.488s][info ][gc] GC(3154) Concurrent Preclean 0.190ms
[2020-01-29T21:59:39.450+0300][207.488s][info ][gc] GC(3154) Concurrent Abortable Preclean
[2020-01-29T21:59:39.450+0300][207.488s][debug][gc] GC(3154) Concurrent active time: 0.003ms
[2020-01-29T21:59:39.450+0300][207.488s][info ][gc] GC(3154) Concurrent Abortable Preclean 0.029ms
[2020-01-29T21:59:39.450+0300][207.488s][debug][gc] GC(3154) YG occupancy: 54488 K (78656 K)
[2020-01-29T21:59:39.461+0300][207.499s][info ][gc] GC(3154) Pause Remark 199M->199M(247M) 10.964ms
[2020-01-29T21:59:39.461+0300][207.499s][info ][gc] GC(3154) Concurrent Sweep
[2020-01-29T21:59:39.464+0300][207.502s][info ][gc] GC(3155) Pause Young (Allocation Failure) 199M->199M(247M) 0.040ms
[2020-01-29T21:59:39.530+0300][207.568s][debug][gc] GC(3154) Concurrent active time: 68.436ms
[2020-01-29T21:59:39.530+0300][207.568s][info ][gc] GC(3154) Concurrent Sweep 68.666ms
[2020-01-29T21:59:39.530+0300][207.568s][debug][gc] GC(3156) Concurrent mode failure
[2020-01-29T21:59:39.623+0300][207.661s][info ][gc] GC(3156) Pause Full (Allocation Failure) 199M->70M(247M) 159.391ms
[2020-01-29T21:59:39.696+0300][207.735s][info ][gc] GC(3157) Pause Young (Allocation Failure) 137M->155M(247M) 54.666ms
[2020-01-29T21:59:39.706+0300][207.745s][info ][gc] GC(3158) Pause Initial Mark 174M->174M(247M) 8.838ms
[2020-01-29T21:59:39.706+0300][207.745s][info ][gc] GC(3158) Concurrent Mark
[2020-01-29T21:59:39.709+0300][207.747s][debug][gc] GC(3158) Concurrent active time: 2.671ms
[2020-01-29T21:59:39.709+0300][207.747s][info ][gc] GC(3158) Concurrent Mark 2.727ms
[2020-01-29T21:59:39.709+0300][207.747s][info ][gc] GC(3158) Concurrent Preclean
[2020-01-29T21:59:39.709+0300][207.748s][debug][gc] GC(3158) Concurrent active time: 0.163ms
[2020-01-29T21:59:39.709+0300][207.748s][info ][gc] GC(3158) Concurrent Preclean 0.192ms
[2020-01-29T21:59:39.709+0300][207.748s][info ][gc] GC(3158) Concurrent Abortable Preclean
[2020-01-29T21:59:39.709+0300][207.748s][debug][gc] GC(3158) Concurrent active time: 0.004ms
[2020-01-29T21:59:39.709+0300][207.748s][info ][gc] GC(3158) Concurrent Abortable Preclean 0.031ms
[2020-01-29T21:59:39.709+0300][207.748s][debug][gc] GC(3158) YG occupancy: 54472 K (78656 K)
[2020-01-29T21:59:39.720+0300][207.759s][info ][gc] GC(3158) Pause Remark 199M->199M(247M) 10.899ms
[2020-01-29T21:59:39.720+0300][207.759s][info ][gc] GC(3158) Concurrent Sweep
[2020-01-29T21:59:39.723+0300][207.762s][info ][gc] GC(3159) Pause Young (Allocation Failure) 199M->199M(247M) 0.041ms
[2020-01-29T21:59:39.788+0300][207.827s][debug][gc] GC(3158) Concurrent active time: 67.707ms
[2020-01-29T21:59:39.788+0300][207.827s][info ][gc] GC(3158) Concurrent Sweep 67.934ms
[2020-01-29T21:59:39.788+0300][207.827s][debug][gc] GC(3160) Concurrent mode failure
[2020-01-29T21:59:39.883+0300][207.921s][info ][gc] GC(3160) Pause Full (Allocation Failure) 199M->70M(247M) 158.919ms
[2020-01-29T21:59:39.955+0300][207.994s][info ][gc] GC(3161) Pause Young (Allocation Failure) 136M->155M(247M) 55.252ms
[2020-01-29T21:59:39.965+0300][208.003s][info ][gc] GC(3162) Pause Initial Mark 174M->174M(247M) 8.815ms
[2020-01-29T21:59:39.965+0300][208.004s][info ][gc] GC(3162) Concurrent Mark
[2020-01-29T21:59:39.968+0300][208.007s][debug][gc] GC(3162) Concurrent active time: 2.988ms
[2020-01-29T21:59:39.968+0300][208.007s][info ][gc] GC(3162) Concurrent Mark 3.059ms
[2020-01-29T21:59:39.968+0300][208.007s][info ][gc] GC(3162) Concurrent Preclean
[2020-01-29T21:59:39.968+0300][208.007s][debug][gc] GC(3162) Concurrent active time: 0.181ms
[2020-01-29T21:59:39.968+0300][208.007s][info ][gc] GC(3162) Concurrent Preclean 0.214ms
[2020-01-29T21:59:39.968+0300][208.007s][info ][gc] GC(3162) Concurrent Abortable Preclean
[2020-01-29T21:59:39.968+0300][208.007s][debug][gc] GC(3162) Concurrent active time: 0.005ms
[2020-01-29T21:59:39.968+0300][208.007s][info ][gc] GC(3162) Concurrent Abortable Preclean 0.032ms
[2020-01-29T21:59:39.968+0300][208.007s][debug][gc] GC(3162) YG occupancy: 54514 K (78656 K)
[2020-01-29T21:59:39.979+0300][208.018s][info ][gc] GC(3162) Pause Remark 199M->199M(247M) 11.156ms
[2020-01-29T21:59:39.979+0300][208.018s][info ][gc] GC(3162) Concurrent Sweep
[2020-01-29T21:59:39.982+0300][208.021s][info ][gc] GC(3163) Pause Young (Allocation Failure) 199M->199M(247M) 0.043ms
[2020-01-29T21:59:40.047+0300][208.085s][debug][gc] GC(3162) Concurrent active time: 66.941ms
[2020-01-29T21:59:40.047+0300][208.085s][info ][gc] GC(3162) Concurrent Sweep 67.193ms
[2020-01-29T21:59:40.047+0300][208.085s][debug][gc] GC(3164) Concurrent mode failure
[2020-01-29T21:59:40.141+0300][208.180s][info ][gc] GC(3164) Pause Full (Allocation Failure) 199M->70M(247M) 158.324ms
[2020-01-29T21:59:40.214+0300][208.252s][info ][gc] GC(3165) Pause Young (Allocation Failure) 136M->155M(247M) 54.477ms
[2020-01-29T21:59:40.224+0300][208.262s][info ][gc] GC(3166) Pause Initial Mark 174M->174M(247M) 8.827ms
[2020-01-29T21:59:40.224+0300][208.262s][info ][gc] GC(3166) Concurrent Mark
[2020-01-29T21:59:40.227+0300][208.265s][debug][gc] GC(3166) Concurrent active time: 2.678ms
[2020-01-29T21:59:40.227+0300][208.265s][info ][gc] GC(3166) Concurrent Mark 2.781ms
[2020-01-29T21:59:40.227+0300][208.265s][info ][gc] GC(3166) Concurrent Preclean
[2020-01-29T21:59:40.227+0300][208.265s][debug][gc] GC(3166) Concurrent active time: 0.159ms
[2020-01-29T21:59:40.227+0300][208.265s][info ][gc] GC(3166) Concurrent Preclean 0.190ms
[2020-01-29T21:59:40.227+0300][208.265s][info ][gc] GC(3166) Concurrent Abortable Preclean
[2020-01-29T21:59:40.227+0300][208.265s][debug][gc] GC(3166) Concurrent active time: 0.003ms
[2020-01-29T21:59:40.227+0300][208.265s][info ][gc] GC(3166) Concurrent Abortable Preclean 0.030ms
[2020-01-29T21:59:40.227+0300][208.265s][debug][gc] GC(3166) YG occupancy: 54486 K (78656 K)
[2020-01-29T21:59:40.238+0300][208.276s][info ][gc] GC(3166) Pause Remark 199M->199M(247M) 10.934ms
[2020-01-29T21:59:40.238+0300][208.276s][info ][gc] GC(3166) Concurrent Sweep
[2020-01-29T21:59:40.241+0300][208.279s][info ][gc] GC(3167) Pause Young (Allocation Failure) 199M->199M(247M) 0.040ms
[2020-01-29T21:59:40.306+0300][208.345s][debug][gc] GC(3166) Concurrent active time: 68.619ms
[2020-01-29T21:59:40.306+0300][208.345s][info ][gc] GC(3166) Concurrent Sweep 68.930ms
[2020-01-29T21:59:40.306+0300][208.345s][debug][gc] GC(3168) Concurrent mode failure
[2020-01-29T21:59:40.401+0300][208.439s][info ][gc] GC(3168) Pause Full (Allocation Failure) 199M->70M(247M) 160.250ms
[2020-01-29T21:59:40.474+0300][208.512s][info ][gc] GC(3169) Pause Young (Allocation Failure) 136M->155M(247M) 54.663ms
[2020-01-29T21:59:40.484+0300][208.522s][info ][gc] GC(3170) Pause Initial Mark 174M->174M(247M) 8.825ms
[2020-01-29T21:59:40.484+0300][208.522s][info ][gc] GC(3170) Concurrent Mark
[2020-01-29T21:59:40.486+0300][208.525s][debug][gc] GC(3170) Concurrent active time: 2.676ms
[2020-01-29T21:59:40.486+0300][208.525s][info ][gc] GC(3170) Concurrent Mark 2.733ms
[2020-01-29T21:59:40.486+0300][208.525s][info ][gc] GC(3170) Concurrent Preclean
[2020-01-29T21:59:40.487+0300][208.525s][debug][gc] GC(3170) Concurrent active time: 0.164ms
[2020-01-29T21:59:40.487+0300][208.525s][info ][gc] GC(3170) Concurrent Preclean 0.195ms
[2020-01-29T21:59:40.487+0300][208.525s][info ][gc] GC(3170) Concurrent Abortable Preclean
[2020-01-29T21:59:40.487+0300][208.525s][debug][gc] GC(3170) Concurrent active time: 0.004ms
[2020-01-29T21:59:40.487+0300][208.525s][info ][gc] GC(3170) Concurrent Abortable Preclean 0.030ms
[2020-01-29T21:59:40.487+0300][208.525s][debug][gc] GC(3170) YG occupancy: 54488 K (78656 K)
[2020-01-29T21:59:40.498+0300][208.536s][info ][gc] GC(3170) Pause Remark 199M->199M(247M) 10.959ms
[2020-01-29T21:59:40.498+0300][208.536s][info ][gc] GC(3170) Concurrent Sweep
[2020-01-29T21:59:40.501+0300][208.539s][info ][gc] GC(3171) Pause Young (Allocation Failure) 199M->199M(247M) 0.040ms
[2020-01-29T21:59:40.566+0300][208.605s][debug][gc] GC(3170) Concurrent active time: 68.258ms
[2020-01-29T21:59:40.566+0300][208.605s][info ][gc] GC(3170) Concurrent Sweep 68.491ms
[2020-01-29T21:59:40.566+0300][208.605s][debug][gc] GC(3172) Concurrent mode failure
[2020-01-29T21:59:40.659+0300][208.698s][info ][gc] GC(3172) Pause Full (Allocation Failure) 199M->70M(247M) 158.788ms
[2020-01-29T21:59:40.732+0300][208.770s][info ][gc] GC(3173) Pause Young (Allocation Failure) 136M->155M(247M) 54.047ms
[2020-01-29T21:59:40.741+0300][208.780s][info ][gc] GC(3174) Pause Initial Mark 174M->174M(247M) 8.836ms
[2020-01-29T21:59:40.742+0300][208.780s][info ][gc] GC(3174) Concurrent Mark
[2020-01-29T21:59:40.744+0300][208.783s][debug][gc] GC(3174) Concurrent active time: 2.661ms
[2020-01-29T21:59:40.744+0300][208.783s][info ][gc] GC(3174) Concurrent Mark 2.717ms
[2020-01-29T21:59:40.744+0300][208.783s][info ][gc] GC(3174) Concurrent Preclean
[2020-01-29T21:59:40.744+0300][208.783s][debug][gc] GC(3174) Concurrent active time: 0.162ms
[2020-01-29T21:59:40.744+0300][208.783s][info ][gc] GC(3174) Concurrent Preclean 0.191ms
[2020-01-29T21:59:40.744+0300][208.783s][info ][gc] GC(3174) Concurrent Abortable Preclean
[2020-01-29T21:59:40.745+0300][208.783s][debug][gc] GC(3174) Concurrent active time: 0.004ms
[2020-01-29T21:59:40.745+0300][208.783s][info ][gc] GC(3174) Concurrent Abortable Preclean 0.037ms
[2020-01-29T21:59:40.745+0300][208.783s][debug][gc] GC(3174) YG occupancy: 54474 K (78656 K)
[2020-01-29T21:59:40.756+0300][208.794s][info ][gc] GC(3174) Pause Remark 199M->199M(247M) 10.958ms
[2020-01-29T21:59:40.756+0300][208.794s][info ][gc] GC(3174) Concurrent Sweep
[2020-01-29T21:59:40.759+0300][208.797s][info ][gc] GC(3175) Pause Young (Allocation Failure) 199M->199M(247M) 0.046ms
[2020-01-29T21:59:40.824+0300][208.862s][debug][gc] GC(3174) Concurrent active time: 68.350ms
[2020-01-29T21:59:40.824+0300][208.863s][info ][gc] GC(3174) Concurrent Sweep 68.615ms
[2020-01-29T21:59:40.824+0300][208.863s][debug][gc] GC(3176) Concurrent mode failure
[2020-01-29T21:59:40.917+0300][208.956s][info ][gc] GC(3176) Pause Full (Allocation Failure) 199M->70M(247M) 159.049ms
[2020-01-29T21:59:40.992+0300][209.030s][info ][gc] GC(3177) Pause Young (Allocation Failure) 136M->155M(247M) 55.011ms
[2020-01-29T21:59:41.001+0300][209.040s][info ][gc] GC(3178) Pause Initial Mark 174M->174M(247M) 8.826ms
[2020-01-29T21:59:41.001+0300][209.040s][info ][gc] GC(3178) Concurrent Mark
[2020-01-29T21:59:41.004+0300][209.043s][debug][gc] GC(3178) Concurrent active time: 2.808ms
[2020-01-29T21:59:41.004+0300][209.043s][info ][gc] GC(3178) Concurrent Mark 2.876ms
[2020-01-29T21:59:41.004+0300][209.043s][info ][gc] GC(3178) Concurrent Preclean
[2020-01-29T21:59:41.005+0300][209.043s][debug][gc] GC(3178) Concurrent active time: 0.176ms
[2020-01-29T21:59:41.005+0300][209.043s][info ][gc] GC(3178) Concurrent Preclean 0.212ms
[2020-01-29T21:59:41.005+0300][209.043s][info ][gc] GC(3178) Concurrent Abortable Preclean
[2020-01-29T21:59:41.005+0300][209.043s][debug][gc] GC(3178) Concurrent active time: 0.005ms
[2020-01-29T21:59:41.005+0300][209.043s][info ][gc] GC(3178) Concurrent Abortable Preclean 0.032ms
[2020-01-29T21:59:41.005+0300][209.043s][debug][gc] GC(3178) YG occupancy: 54478 K (78656 K)
[2020-01-29T21:59:41.018+0300][209.056s][info ][gc] GC(3178) Pause Remark 199M->199M(247M) 12.802ms
[2020-01-29T21:59:41.018+0300][209.056s][info ][gc] GC(3178) Concurrent Sweep
[2020-01-29T21:59:41.021+0300][209.060s][info ][gc] GC(3179) Pause Young (Allocation Failure) 198M->198M(247M) 0.043ms
[2020-01-29T21:59:41.086+0300][209.124s][debug][gc] GC(3178) Concurrent active time: 67.894ms
[2020-01-29T21:59:41.086+0300][209.124s][info ][gc] GC(3178) Concurrent Sweep 68.148ms
[2020-01-29T21:59:41.086+0300][209.124s][debug][gc] GC(3180) Concurrent mode failure
[2020-01-29T21:59:41.180+0300][209.218s][info ][gc] GC(3180) Pause Full (Allocation Failure) 198M->70M(247M) 158.654ms
[2020-01-29T21:59:41.255+0300][209.293s][info ][gc] GC(3181) Pause Young (Allocation Failure) 136M->155M(247M) 56.845ms
[2020-01-29T21:59:41.264+0300][209.303s][info ][gc] GC(3182) Pause Initial Mark 174M->174M(247M) 8.824ms
[2020-01-29T21:59:41.264+0300][209.303s][info ][gc] GC(3182) Concurrent Mark
[2020-01-29T21:59:41.267+0300][209.306s][debug][gc] GC(3182) Concurrent active time: 2.750ms
[2020-01-29T21:59:41.267+0300][209.306s][info ][gc] GC(3182) Concurrent Mark 2.821ms
[2020-01-29T21:59:41.267+0300][209.306s][info ][gc] GC(3182) Concurrent Preclean
[2020-01-29T21:59:41.267+0300][209.306s][debug][gc] GC(3182) Concurrent active time: 0.167ms
[2020-01-29T21:59:41.267+0300][209.306s][info ][gc] GC(3182) Concurrent Preclean 0.201ms
[2020-01-29T21:59:41.267+0300][209.306s][info ][gc] GC(3182) Concurrent Abortable Preclean
[2020-01-29T21:59:41.267+0300][209.306s][debug][gc] GC(3182) Concurrent active time: 0.004ms
[2020-01-29T21:59:41.267+0300][209.306s][info ][gc] GC(3182) Concurrent Abortable Preclean 0.030ms
[2020-01-29T21:59:41.267+0300][209.306s][debug][gc] GC(3182) YG occupancy: 54484 K (78656 K)
[2020-01-29T21:59:41.278+0300][209.317s][info ][gc] GC(3182) Pause Remark 199M->199M(247M) 10.931ms
[2020-01-29T21:59:41.279+0300][209.317s][info ][gc] GC(3182) Concurrent Sweep
[2020-01-29T21:59:41.282+0300][209.321s][info ][gc] GC(3183) Pause Young (Allocation Failure) 199M->199M(247M) 0.043ms
[2020-01-29T21:59:41.348+0300][209.387s][debug][gc] GC(3182) Concurrent active time: 69.127ms
[2020-01-29T21:59:41.348+0300][209.387s][info ][gc] GC(3182) Concurrent Sweep 69.527ms
[2020-01-29T21:59:41.348+0300][209.387s][debug][gc] GC(3184) Concurrent mode failure
[2020-01-29T21:59:41.442+0300][209.481s][info ][gc] GC(3184) Pause Full (Allocation Failure) 199M->70M(247M) 160.181ms
[2020-01-29T21:59:41.531+0300][209.569s][info ][gc] GC(3185) Pause Young (Allocation Failure) 136M->155M(247M) 70.499ms
[2020-01-29T21:59:41.540+0300][209.579s][info ][gc] GC(3186) Pause Initial Mark 174M->174M(247M) 8.843ms
[2020-01-29T21:59:41.540+0300][209.579s][info ][gc] GC(3186) Concurrent Mark
[2020-01-29T21:59:41.543+0300][209.582s][debug][gc] GC(3186) Concurrent active time: 2.701ms
[2020-01-29T21:59:41.543+0300][209.582s][info ][gc] GC(3186) Concurrent Mark 2.762ms
[2020-01-29T21:59:41.543+0300][209.582s][info ][gc] GC(3186) Concurrent Preclean
[2020-01-29T21:59:41.543+0300][209.582s][debug][gc] GC(3186) Concurrent active time: 0.162ms
[2020-01-29T21:59:41.543+0300][209.582s][info ][gc] GC(3186) Concurrent Preclean 0.192ms
[2020-01-29T21:59:41.543+0300][209.582s][info ][gc] GC(3186) Concurrent Abortable Preclean
[2020-01-29T21:59:41.543+0300][209.582s][debug][gc] GC(3186) Concurrent active time: 0.004ms
[2020-01-29T21:59:41.543+0300][209.582s][info ][gc] GC(3186) Concurrent Abortable Preclean 0.030ms
[2020-01-29T21:59:41.544+0300][209.582s][debug][gc] GC(3186) YG occupancy: 54487 K (78656 K)
[2020-01-29T21:59:41.554+0300][209.593s][info ][gc] GC(3186) Pause Remark 199M->199M(247M) 10.914ms
[2020-01-29T21:59:41.555+0300][209.593s][info ][gc] GC(3186) Concurrent Sweep
[2020-01-29T21:59:41.558+0300][209.596s][info ][gc] GC(3187) Pause Young (Allocation Failure) 199M->199M(247M) 0.042ms
[2020-01-29T21:59:41.623+0300][209.662s][debug][gc] GC(3186) Concurrent active time: 68.424ms
[2020-01-29T21:59:41.623+0300][209.662s][info ][gc] GC(3186) Concurrent Sweep 68.674ms
[2020-01-29T21:59:41.623+0300][209.662s][debug][gc] GC(3188) Concurrent mode failure
[2020-01-29T21:59:41.719+0300][209.757s][info ][gc] GC(3188) Pause Full (Allocation Failure) 199M->70M(247M) 160.959ms
[2020-01-29T21:59:41.792+0300][209.830s][info ][gc] GC(3189) Pause Young (Allocation Failure) 136M->155M(247M) 53.141ms
[2020-01-29T21:59:41.802+0300][209.840s][info ][gc] GC(3190) Pause Initial Mark 174M->174M(247M) 8.852ms
[2020-01-29T21:59:41.802+0300][209.840s][info ][gc] GC(3190) Concurrent Mark
[2020-01-29T21:59:41.804+0300][209.842s][debug][gc] GC(3190) Concurrent active time: 2.656ms
[2020-01-29T21:59:41.804+0300][209.842s][info ][gc] GC(3190) Concurrent Mark 2.715ms
[2020-01-29T21:59:41.804+0300][209.842s][info ][gc] GC(3190) Concurrent Preclean
[2020-01-29T21:59:41.805+0300][209.843s][debug][gc] GC(3190) Concurrent active time: 0.165ms
[2020-01-29T21:59:41.805+0300][209.843s][info ][gc] GC(3190) Concurrent Preclean 0.196ms
[2020-01-29T21:59:41.805+0300][209.843s][info ][gc] GC(3190) Concurrent Abortable Preclean
[2020-01-29T21:59:41.805+0300][209.843s][debug][gc] GC(3190) Concurrent active time: 0.005ms
[2020-01-29T21:59:41.805+0300][209.843s][info ][gc] GC(3190) Concurrent Abortable Preclean 0.031ms
[2020-01-29T21:59:41.805+0300][209.843s][debug][gc] GC(3190) YG occupancy: 54476 K (78656 K)
[2020-01-29T21:59:41.815+0300][209.854s][info ][gc] GC(3190) Pause Remark 199M->199M(247M) 10.939ms
[2020-01-29T21:59:41.815+0300][209.854s][info ][gc] GC(3190) Concurrent Sweep
[2020-01-29T21:59:41.818+0300][209.857s][info ][gc] GC(3191) Pause Young (Allocation Failure) 199M->199M(247M) 0.040ms
[2020-01-29T21:59:41.883+0300][209.922s][debug][gc] GC(3190) Concurrent active time: 68.289ms
[2020-01-29T21:59:41.883+0300][209.922s][info ][gc] GC(3190) Concurrent Sweep 68.513ms
[2020-01-29T21:59:41.884+0300][209.922s][debug][gc] GC(3192) Concurrent mode failure
[2020-01-29T21:59:41.978+0300][210.017s][info ][gc] GC(3192) Pause Full (Allocation Failure) 199M->70M(247M) 160.077ms
[2020-01-29T21:59:42.053+0300][210.092s][info ][gc] GC(3193) Pause Young (Allocation Failure) 136M->155M(247M) 56.287ms
[2020-01-29T21:59:42.063+0300][210.101s][info ][gc] GC(3194) Pause Initial Mark 174M->174M(247M) 8.834ms
[2020-01-29T21:59:42.063+0300][210.102s][info ][gc] GC(3194) Concurrent Mark
[2020-01-29T21:59:42.065+0300][210.104s][debug][gc] GC(3194) Concurrent active time: 2.676ms
[2020-01-29T21:59:42.065+0300][210.104s][info ][gc] GC(3194) Concurrent Mark 2.735ms
[2020-01-29T21:59:42.066+0300][210.104s][info ][gc] GC(3194) Concurrent Preclean
[2020-01-29T21:59:42.066+0300][210.104s][debug][gc] GC(3194) Concurrent active time: 0.162ms
[2020-01-29T21:59:42.066+0300][210.104s][info ][gc] GC(3194) Concurrent Preclean 0.193ms
[2020-01-29T21:59:42.066+0300][210.104s][info ][gc] GC(3194) Concurrent Abortable Preclean
[2020-01-29T21:59:42.066+0300][210.105s][debug][gc] GC(3194) Concurrent active time: 0.004ms
[2020-01-29T21:59:42.066+0300][210.105s][info ][gc] GC(3194) Concurrent Abortable Preclean 0.030ms
[2020-01-29T21:59:42.066+0300][210.105s][debug][gc] GC(3194) YG occupancy: 54479 K (78656 K)
[2020-01-29T21:59:42.077+0300][210.116s][info ][gc] GC(3194) Pause Remark 199M->199M(247M) 10.943ms
[2020-01-29T21:59:42.077+0300][210.116s][info ][gc] GC(3194) Concurrent Sweep
[2020-01-29T21:59:42.080+0300][210.119s][info ][gc] GC(3195) Pause Young (Allocation Failure) 199M->199M(247M) 0.041ms
[2020-01-29T21:59:42.145+0300][210.183s][debug][gc] GC(3194) Concurrent active time: 66.914ms
[2020-01-29T21:59:42.145+0300][210.183s][info ][gc] GC(3194) Concurrent Sweep 67.149ms
[2020-01-29T21:59:42.145+0300][210.183s][debug][gc] GC(3196) Concurrent mode failure
[2020-01-29T21:59:42.239+0300][210.277s][info ][gc] GC(3196) Pause Full (Allocation Failure) 199M->70M(247M) 158.328ms
[2020-01-29T21:59:42.310+0300][210.348s][info ][gc] GC(3197) Pause Young (Allocation Failure) 136M->155M(247M) 53.640ms
[2020-01-29T21:59:42.320+0300][210.358s][info ][gc] GC(3198) Pause Initial Mark 174M->174M(247M) 8.832ms
[2020-01-29T21:59:42.320+0300][210.358s][info ][gc] GC(3198) Concurrent Mark
[2020-01-29T21:59:42.322+0300][210.361s][debug][gc] GC(3198) Concurrent active time: 2.648ms
[2020-01-29T21:59:42.322+0300][210.361s][info ][gc] GC(3198) Concurrent Mark 2.701ms
[2020-01-29T21:59:42.322+0300][210.361s][info ][gc] GC(3198) Concurrent Preclean
[2020-01-29T21:59:42.322+0300][210.361s][debug][gc] GC(3198) Concurrent active time: 0.159ms
[2020-01-29T21:59:42.322+0300][210.361s][info ][gc] GC(3198) Concurrent Preclean 0.188ms
[2020-01-29T21:59:42.323+0300][210.361s][info ][gc] GC(3198) Concurrent Abortable Preclean
[2020-01-29T21:59:42.323+0300][210.361s][debug][gc] GC(3198) Concurrent active time: 0.004ms
[2020-01-29T21:59:42.323+0300][210.361s][info ][gc] GC(3198) Concurrent Abortable Preclean 0.031ms
[2020-01-29T21:59:42.323+0300][210.361s][debug][gc] GC(3198) YG occupancy: 54486 K (78656 K)
[2020-01-29T21:59:42.334+0300][210.372s][info ][gc] GC(3198) Pause Remark 199M->199M(247M) 10.962ms
[2020-01-29T21:59:42.334+0300][210.372s][info ][gc] GC(3198) Concurrent Sweep
[2020-01-29T21:59:42.337+0300][210.375s][info ][gc] GC(3199) Pause Young (Allocation Failure) 199M->199M(247M) 0.041ms
[2020-01-29T21:59:42.401+0300][210.440s][debug][gc] GC(3198) Concurrent active time: 67.604ms
[2020-01-29T21:59:42.401+0300][210.440s][info ][gc] GC(3198) Concurrent Sweep 67.836ms
[2020-01-29T21:59:42.401+0300][210.440s][debug][gc] GC(3200) Concurrent mode failure
[2020-01-29T21:59:42.495+0300][210.534s][info ][gc] GC(3200) Pause Full (Allocation Failure) 199M->70M(247M) 158.863ms
[2020-01-29T21:59:42.567+0300][210.606s][info ][gc] GC(3201) Pause Young (Allocation Failure) 136M->155M(247M) 53.519ms
[2020-01-29T21:59:42.577+0300][210.615s][info ][gc] GC(3202) Pause Initial Mark 174M->174M(247M) 8.823ms
[2020-01-29T21:59:42.577+0300][210.615s][info ][gc] GC(3202) Concurrent Mark
[2020-01-29T21:59:42.580+0300][210.618s][debug][gc] GC(3202) Concurrent active time: 2.654ms
[2020-01-29T21:59:42.580+0300][210.618s][info ][gc] GC(3202) Concurrent Mark 2.763ms
[2020-01-29T21:59:42.580+0300][210.618s][info ][gc] GC(3202) Concurrent Preclean
[2020-01-29T21:59:42.580+0300][210.618s][debug][gc] GC(3202) Concurrent active time: 0.159ms
[2020-01-29T21:59:42.580+0300][210.618s][info ][gc] GC(3202) Concurrent Preclean 0.188ms
[2020-01-29T21:59:42.580+0300][210.618s][info ][gc] GC(3202) Concurrent Abortable Preclean
[2020-01-29T21:59:42.580+0300][210.618s][debug][gc] GC(3202) Concurrent active time: 0.003ms
[2020-01-29T21:59:42.580+0300][210.618s][info ][gc] GC(3202) Concurrent Abortable Preclean 0.030ms
[2020-01-29T21:59:42.580+0300][210.618s][debug][gc] GC(3202) YG occupancy: 54488 K (78656 K)
[2020-01-29T21:59:42.591+0300][210.629s][info ][gc] GC(3202) Pause Remark 199M->199M(247M) 11.021ms
[2020-01-29T21:59:42.591+0300][210.629s][info ][gc] GC(3202) Concurrent Sweep
[2020-01-29T21:59:42.594+0300][210.633s][info ][gc] GC(3203) Pause Young (Allocation Failure) 200M->200M(247M) 0.040ms
[2020-01-29T21:59:42.661+0300][210.699s][debug][gc] GC(3202) Concurrent active time: 69.195ms
[2020-01-29T21:59:42.661+0300][210.699s][info ][gc] GC(3202) Concurrent Sweep 69.496ms
[2020-01-29T21:59:42.661+0300][210.699s][debug][gc] GC(3204) Concurrent mode failure
[2020-01-29T21:59:42.753+0300][210.792s][info ][gc] GC(3204) Pause Full (Allocation Failure) 200M->70M(247M) 159.588ms
[2020-01-29T21:59:42.826+0300][210.864s][info ][gc] GC(3205) Pause Young (Allocation Failure) 136M->155M(247M) 53.944ms
[2020-01-29T21:59:42.836+0300][210.874s][info ][gc] GC(3206) Pause Initial Mark 174M->174M(247M) 8.934ms
[2020-01-29T21:59:42.836+0300][210.874s][info ][gc] GC(3206) Concurrent Mark
[2020-01-29T21:59:42.838+0300][210.877s][debug][gc] GC(3206) Concurrent active time: 2.669ms
[2020-01-29T21:59:42.838+0300][210.877s][info ][gc] GC(3206) Concurrent Mark 2.722ms
[2020-01-29T21:59:42.838+0300][210.877s][info ][gc] GC(3206) Concurrent Preclean
[2020-01-29T21:59:42.838+0300][210.877s][debug][gc] GC(3206) Concurrent active time: 0.161ms
[2020-01-29T21:59:42.838+0300][210.877s][info ][gc] GC(3206) Concurrent Preclean 0.191ms
[2020-01-29T21:59:42.839+0300][210.877s][info ][gc] GC(3206) Concurrent Abortable Preclean
[2020-01-29T21:59:42.839+0300][210.877s][debug][gc] GC(3206) Concurrent active time: 0.004ms
[2020-01-29T21:59:42.839+0300][210.877s][info ][gc] GC(3206) Concurrent Abortable Preclean 0.031ms
[2020-01-29T21:59:42.839+0300][210.877s][debug][gc] GC(3206) YG occupancy: 54489 K (78656 K)
[2020-01-29T21:59:42.850+0300][210.888s][info ][gc] GC(3206) Pause Remark 199M->199M(247M) 10.970ms
[2020-01-29T21:59:42.850+0300][210.888s][info ][gc] GC(3206) Concurrent Sweep
[2020-01-29T21:59:42.853+0300][210.891s][info ][gc] GC(3207) Pause Young (Allocation Failure) 199M->199M(247M) 0.042ms
[2020-01-29T21:59:42.918+0300][210.957s][debug][gc] GC(3206) Concurrent active time: 68.401ms
[2020-01-29T21:59:42.918+0300][210.957s][info ][gc] GC(3206) Concurrent Sweep 68.633ms
[2020-01-29T21:59:42.918+0300][210.957s][debug][gc] GC(3208) Concurrent mode failure
[2020-01-29T21:59:43.013+0300][211.052s][info ][gc] GC(3208) Pause Full (Allocation Failure) 199M->70M(247M) 160.203ms
[2020-01-29T21:59:43.087+0300][211.126s][info ][gc] GC(3209) Pause Young (Allocation Failure) 136M->155M(247M) 54.770ms
[2020-01-29T21:59:43.097+0300][211.135s][info ][gc] GC(3210) Pause Initial Mark 174M->174M(247M) 8.813ms
[2020-01-29T21:59:43.097+0300][211.135s][info ][gc] GC(3210) Concurrent Mark
[2020-01-29T21:59:43.100+0300][211.138s][debug][gc] GC(3210) Concurrent active time: 2.682ms
[2020-01-29T21:59:43.100+0300][211.138s][info ][gc] GC(3210) Concurrent Mark 2.735ms
[2020-01-29T21:59:43.100+0300][211.138s][info ][gc] GC(3210) Concurrent Preclean
[2020-01-29T21:59:43.100+0300][211.138s][debug][gc] GC(3210) Concurrent active time: 0.159ms
[2020-01-29T21:59:43.100+0300][211.138s][info ][gc] GC(3210) Concurrent Preclean 0.189ms
[2020-01-29T21:59:43.100+0300][211.138s][info ][gc] GC(3210) Concurrent Abortable Preclean
[2020-01-29T21:59:43.100+0300][211.138s][debug][gc] GC(3210) Concurrent active time: 0.004ms
[2020-01-29T21:59:43.100+0300][211.138s][info ][gc] GC(3210) Concurrent Abortable Preclean 0.033ms
[2020-01-29T21:59:43.100+0300][211.138s][debug][gc] GC(3210) YG occupancy: 54485 K (78656 K)
[2020-01-29T21:59:43.111+0300][211.149s][info ][gc] GC(3210) Pause Remark 199M->199M(247M) 10.963ms
[2020-01-29T21:59:43.111+0300][211.149s][info ][gc] GC(3210) Concurrent Sweep
[2020-01-29T21:59:43.114+0300][211.152s][info ][gc] GC(3211) Pause Young (Allocation Failure) 199M->199M(247M) 0.041ms
[2020-01-29T21:59:43.180+0300][211.219s][debug][gc] GC(3210) Concurrent active time: 69.183ms
[2020-01-29T21:59:43.180+0300][211.219s][info ][gc] GC(3210) Concurrent Sweep 69.413ms
[2020-01-29T21:59:43.180+0300][211.219s][debug][gc] GC(3212) Concurrent mode failure
[2020-01-29T21:59:43.274+0300][211.313s][info ][gc] GC(3212) Pause Full (Allocation Failure) 199M->70M(247M) 160.585ms
[2020-01-29T21:59:43.346+0300][211.385s][info ][gc] GC(3213) Pause Young (Allocation Failure) 136M->155M(247M) 53.825ms
[2020-01-29T21:59:43.356+0300][211.395s][info ][gc] GC(3214) Pause Initial Mark 174M->174M(247M) 8.829ms
[2020-01-29T21:59:43.356+0300][211.395s][info ][gc] GC(3214) Concurrent Mark
[2020-01-29T21:59:43.358+0300][211.397s][debug][gc] GC(3214) Concurrent active time: 2.681ms
[2020-01-29T21:59:43.359+0300][211.397s][info ][gc] GC(3214) Concurrent Mark 2.739ms
[2020-01-29T21:59:43.359+0300][211.397s][info ][gc] GC(3214) Concurrent Preclean
[2020-01-29T21:59:43.359+0300][211.398s][debug][gc] GC(3214) Concurrent active time: 0.161ms
[2020-01-29T21:59:43.359+0300][211.398s][info ][gc] GC(3214) Concurrent Preclean 0.191ms
[2020-01-29T21:59:43.359+0300][211.398s][info ][gc] GC(3214) Concurrent Abortable Preclean
[2020-01-29T21:59:43.359+0300][211.398s][debug][gc] GC(3214) Concurrent active time: 0.004ms
[2020-01-29T21:59:43.359+0300][211.398s][info ][gc] GC(3214) Concurrent Abortable Preclean 0.031ms
[2020-01-29T21:59:43.359+0300][211.398s][debug][gc] GC(3214) YG occupancy: 54488 K (78656 K)
[2020-01-29T21:59:43.370+0300][211.409s][info ][gc] GC(3214) Pause Remark 199M->199M(247M) 10.980ms
[2020-01-29T21:59:43.370+0300][211.409s][info ][gc] GC(3214) Concurrent Sweep
[2020-01-29T21:59:43.373+0300][211.412s][info ][gc] GC(3215) Pause Young (Allocation Failure) 199M->199M(247M) 0.046ms
[2020-01-29T21:59:43.438+0300][211.476s][debug][gc] GC(3214) Concurrent active time: 66.912ms
[2020-01-29T21:59:43.438+0300][211.476s][info ][gc] GC(3214) Concurrent Sweep 67.172ms
[2020-01-29T21:59:43.438+0300][211.476s][debug][gc] GC(3216) Concurrent mode failure
[2020-01-29T21:59:43.531+0300][211.570s][info ][gc] GC(3216) Pause Full (Allocation Failure) 199M->70M(247M) 157.914ms
[2020-01-29T21:59:43.604+0300][211.642s][info ][gc] GC(3217) Pause Young (Allocation Failure) 136M->155M(247M) 54.372ms
[2020-01-29T21:59:43.614+0300][211.652s][info ][gc] GC(3218) Pause Initial Mark 174M->174M(247M) 8.825ms
[2020-01-29T21:59:43.614+0300][211.652s][info ][gc] GC(3218) Concurrent Mark
[2020-01-29T21:59:43.617+0300][211.655s][debug][gc] GC(3218) Concurrent active time: 2.796ms
[2020-01-29T21:59:43.617+0300][211.655s][info ][gc] GC(3218) Concurrent Mark 2.954ms
[2020-01-29T21:59:43.617+0300][211.655s][info ][gc] GC(3218) Concurrent Preclean
[2020-01-29T21:59:43.617+0300][211.655s][debug][gc] GC(3218) Concurrent active time: 0.169ms
[2020-01-29T21:59:43.617+0300][211.655s][info ][gc] GC(3218) Concurrent Preclean 0.200ms
[2020-01-29T21:59:43.617+0300][211.655s][info ][gc] GC(3218) Concurrent Abortable Preclean
[2020-01-29T21:59:43.617+0300][211.655s][debug][gc] GC(3218) Concurrent active time: 0.005ms
[2020-01-29T21:59:43.617+0300][211.655s][info ][gc] GC(3218) Concurrent Abortable Preclean 0.031ms
[2020-01-29T21:59:43.617+0300][211.655s][debug][gc] GC(3218) YG occupancy: 54597 K (78656 K)
[2020-01-29T21:59:43.628+0300][211.666s][info ][gc] GC(3218) Pause Remark 199M->199M(247M) 10.929ms
[2020-01-29T21:59:43.628+0300][211.666s][info ][gc] GC(3218) Concurrent Sweep
[2020-01-29T21:59:43.631+0300][211.669s][info ][gc] GC(3219) Pause Young (Allocation Failure) 199M->199M(247M) 0.041ms
[2020-01-29T21:59:43.696+0300][211.735s][debug][gc] GC(3218) Concurrent active time: 68.959ms
[2020-01-29T21:59:43.696+0300][211.735s][info ][gc] GC(3218) Concurrent Sweep 69.187ms
[2020-01-29T21:59:43.696+0300][211.735s][debug][gc] GC(3220) Concurrent mode failure
[2020-01-29T21:59:43.791+0300][211.829s][info ][gc] GC(3220) Pause Full (Allocation Failure) 199M->70M(247M) 160.270ms
[2020-01-29T21:59:43.864+0300][211.902s][info ][gc] GC(3221) Pause Young (Allocation Failure) 136M->155M(247M) 54.138ms
[2020-01-29T21:59:43.874+0300][211.912s][info ][gc] GC(3222) Pause Initial Mark 174M->174M(247M) 8.846ms
[2020-01-29T21:59:43.874+0300][211.912s][info ][gc] GC(3222) Concurrent Mark
[2020-01-29T21:59:43.876+0300][211.915s][debug][gc] GC(3222) Concurrent active time: 2.661ms
[2020-01-29T21:59:43.876+0300][211.915s][info ][gc] GC(3222) Concurrent Mark 2.715ms
[2020-01-29T21:59:43.876+0300][211.915s][info ][gc] GC(3222) Concurrent Preclean
[2020-01-29T21:59:43.877+0300][211.915s][debug][gc] GC(3222) Concurrent active time: 0.162ms
[2020-01-29T21:59:43.877+0300][211.915s][info ][gc] GC(3222) Concurrent Preclean 0.194ms
[2020-01-29T21:59:43.877+0300][211.915s][info ][gc] GC(3222) Concurrent Abortable Preclean
[2020-01-29T21:59:43.877+0300][211.915s][debug][gc] GC(3222) Concurrent active time: 0.004ms
[2020-01-29T21:59:43.877+0300][211.915s][info ][gc] GC(3222) Concurrent Abortable Preclean 0.031ms
[2020-01-29T21:59:43.877+0300][211.915s][debug][gc] GC(3222) YG occupancy: 54489 K (78656 K)
[2020-01-29T21:59:43.888+0300][211.926s][info ][gc] GC(3222) Pause Remark 199M->199M(247M) 10.968ms
[2020-01-29T21:59:43.888+0300][211.926s][info ][gc] GC(3222) Concurrent Sweep
[2020-01-29T21:59:43.891+0300][211.929s][info ][gc] GC(3223) Pause Young (Allocation Failure) 199M->199M(247M) 0.042ms
[2020-01-29T21:59:43.955+0300][211.993s][debug][gc] GC(3222) Concurrent active time: 66.780ms
[2020-01-29T21:59:43.955+0300][211.993s][info ][gc] GC(3222) Concurrent Sweep 67.021ms
[2020-01-29T21:59:43.955+0300][211.993s][debug][gc] GC(3224) Concurrent mode failure
[2020-01-29T21:59:44.049+0300][212.087s][info ][gc] GC(3224) Pause Full (Allocation Failure) 199M->70M(247M) 158.277ms
[2020-01-29T21:59:44.122+0300][212.161s][info ][gc] GC(3225) Pause Young (Allocation Failure) 136M->155M(247M) 55.299ms
[2020-01-29T21:59:44.132+0300][212.171s][info ][gc] GC(3226) Pause Initial Mark 174M->174M(247M) 8.827ms
[2020-01-29T21:59:44.132+0300][212.171s][info ][gc] GC(3226) Concurrent Mark
[2020-01-29T21:59:44.135+0300][212.174s][debug][gc] GC(3226) Concurrent active time: 2.692ms
[2020-01-29T21:59:44.135+0300][212.174s][info ][gc] GC(3226) Concurrent Mark 2.747ms
[2020-01-29T21:59:44.135+0300][212.174s][info ][gc] GC(3226) Concurrent Preclean
[2020-01-29T21:59:44.135+0300][212.174s][debug][gc] GC(3226) Concurrent active time: 0.161ms
[2020-01-29T21:59:44.135+0300][212.174s][info ][gc] GC(3226) Concurrent Preclean 0.191ms
[2020-01-29T21:59:44.135+0300][212.174s][info ][gc] GC(3226) Concurrent Abortable Preclean
[2020-01-29T21:59:44.135+0300][212.174s][debug][gc] GC(3226) Concurrent active time: 0.004ms
[2020-01-29T21:59:44.135+0300][212.174s][info ][gc] GC(3226) Concurrent Abortable Preclean 0.031ms
[2020-01-29T21:59:44.135+0300][212.174s][debug][gc] GC(3226) YG occupancy: 54485 K (78656 K)
[2020-01-29T21:59:44.146+0300][212.185s][info ][gc] GC(3226) Pause Remark 199M->199M(247M) 10.915ms
[2020-01-29T21:59:44.146+0300][212.185s][info ][gc] GC(3226) Concurrent Sweep
[2020-01-29T21:59:44.149+0300][212.188s][info ][gc] GC(3227) Pause Young (Allocation Failure) 199M->199M(247M) 0.040ms
[2020-01-29T21:59:44.214+0300][212.253s][debug][gc] GC(3226) Concurrent active time: 67.478ms
[2020-01-29T21:59:44.214+0300][212.253s][info ][gc] GC(3226) Concurrent Sweep 67.720ms
[2020-01-29T21:59:44.214+0300][212.253s][debug][gc] GC(3228) Concurrent mode failure
[2020-01-29T21:59:44.305+0300][212.347s][info ][gc] GC(3228) Pause Full (Allocation Failure) 199M->70M(247M) 158.813ms
[2020-01-29T21:59:44.380+0300][212.421s][info ][gc] GC(3229) Pause Young (Allocation Failure) 136M->155M(247M) 53.186ms
[2020-01-29T21:59:44.392+0300][212.431s][info ][gc] GC(3230) Pause Initial Mark 174M->174M(247M) 8.835ms
[2020-01-29T21:59:44.392+0300][212.431s][info ][gc] GC(3230) Concurrent Mark
[2020-01-29T21:59:44.395+0300][212.434s][debug][gc] GC(3230) Concurrent active time: 2.661ms
[2020-01-29T21:59:44.395+0300][212.434s][info ][gc] GC(3230) Concurrent Mark 2.715ms
[2020-01-29T21:59:44.395+0300][212.434s][info ][gc] GC(3230) Concurrent Preclean
[2020-01-29T21:59:44.395+0300][212.434s][debug][gc] GC(3230) Concurrent active time: 0.167ms
[2020-01-29T21:59:44.395+0300][212.434s][info ][gc] GC(3230) Concurrent Preclean 0.197ms
[2020-01-29T21:59:44.395+0300][212.434s][info ][gc] GC(3230) Concurrent Abortable Preclean
[2020-01-29T21:59:44.395+0300][212.434s][debug][gc] GC(3230) Concurrent active time: 0.004ms
[2020-01-29T21:59:44.395+0300][212.434s][info ][gc] GC(3230) Concurrent Abortable Preclean 0.030ms
[2020-01-29T21:59:44.395+0300][212.434s][debug][gc] GC(3230) YG occupancy: 54487 K (78656 K)
[2020-01-29T21:59:44.404+0300][212.445s][info ][gc] GC(3230) Pause Remark 199M->199M(247M) 10.918ms
[2020-01-29T21:59:44.404+0300][212.445s][info ][gc] GC(3230) Concurrent Sweep
[2020-01-29T21:59:44.409+0300][212.448s][info ][gc] GC(3231) Pause Young (Allocation Failure) 199M->199M(247M) 0.040ms
[2020-01-29T21:59:44.474+0300][212.513s][debug][gc] GC(3230) Concurrent active time: 67.570ms
[2020-01-29T21:59:44.474+0300][212.513s][info ][gc] GC(3230) Concurrent Sweep 67.801ms
[2020-01-29T21:59:44.474+0300][212.513s][debug][gc] GC(3232) Concurrent mode failure
[2020-01-29T21:59:44.565+0300][212.606s][info ][gc] GC(3232) Pause Full (Allocation Failure) 199M->70M(247M) 158.371ms
[2020-01-29T21:59:44.644+0300][212.687s][info ][gc] GC(3233) Pause Young (Allocation Failure) 136M->155M(247M) 54.504ms
[2020-01-29T21:59:44.654+0300][212.697s][info ][gc] GC(3234) Pause Initial Mark 174M->174M(247M) 8.803ms
[2020-01-29T21:59:44.654+0300][212.697s][info ][gc] GC(3234) Concurrent Mark
[2020-01-29T21:59:44.659+0300][212.700s][debug][gc] GC(3234) Concurrent active time: 2.775ms
[2020-01-29T21:59:44.659+0300][212.700s][info ][gc] GC(3234) Concurrent Mark 2.926ms
[2020-01-29T21:59:44.659+0300][212.700s][info ][gc] GC(3234) Concurrent Preclean
[2020-01-29T21:59:44.659+0300][212.700s][debug][gc] GC(3234) Concurrent active time: 0.171ms
[2020-01-29T21:59:44.659+0300][212.700s][info ][gc] GC(3234) Concurrent Preclean 0.202ms
[2020-01-29T21:59:44.659+0300][212.700s][info ][gc] GC(3234) Concurrent Abortable Preclean
[2020-01-29T21:59:44.659+0300][212.700s][debug][gc] GC(3234) Concurrent active time: 0.004ms
[2020-01-29T21:59:44.659+0300][212.700s][info ][gc] GC(3234) Concurrent Abortable Preclean 0.030ms
[2020-01-29T21:59:44.659+0300][212.700s][debug][gc] GC(3234) YG occupancy: 54597 K (78656 K)
[2020-01-29T21:59:44.669+0300][212.711s][info ][gc] GC(3234) Pause Remark 199M->199M(247M) 10.938ms
[2020-01-29T21:59:44.669+0300][212.711s][info ][gc] GC(3234) Concurrent Sweep
[2020-01-29T21:59:44.674+0300][212.714s][info ][gc] GC(3235) Pause Young (Allocation Failure) 199M->199M(247M) 0.041ms
[2020-01-29T21:59:44.740+0300][212.780s][debug][gc] GC(3234) Concurrent active time: 68.172ms
[2020-01-29T21:59:44.740+0300][212.780s][info ][gc] GC(3234) Concurrent Sweep 68.409ms
[2020-01-29T21:59:44.740+0300][212.780s][debug][gc] GC(3236) Concurrent mode failure
[2020-01-29T21:59:44.834+0300][212.874s][info ][gc] GC(3236) Pause Full (Allocation Failure) 199M->70M(247M) 159.872ms
[2020-01-29T21:59:44.905+0300][212.946s][info ][gc] GC(3237) Pause Young (Allocation Failure) 136M->155M(247M) 53.930ms
[2020-01-29T21:59:44.915+0300][212.956s][info ][gc] GC(3238) Pause Initial Mark 174M->174M(247M) 8.860ms
[2020-01-29T21:59:44.915+0300][212.956s][info ][gc] GC(3238) Concurrent Mark
[2020-01-29T21:59:44.920+0300][212.959s][debug][gc] GC(3238) Concurrent active time: 2.905ms
[2020-01-29T21:59:44.920+0300][212.959s][info ][gc] GC(3238) Concurrent Mark 2.979ms
[2020-01-29T21:59:44.920+0300][212.959s][info ][gc] GC(3238) Concurrent Preclean
[2020-01-29T21:59:44.920+0300][212.959s][debug][gc] GC(3238) Concurrent active time: 0.180ms
[2020-01-29T21:59:44.920+0300][212.959s][info ][gc] GC(3238) Concurrent Preclean 0.214ms
[2020-01-29T21:59:44.920+0300][212.959s][info ][gc] GC(3238) Concurrent Abortable Preclean
[2020-01-29T21:59:44.920+0300][212.959s][debug][gc] GC(3238) Concurrent active time: 0.004ms
[2020-01-29T21:59:44.920+0300][212.959s][info ][gc] GC(3238) Concurrent Abortable Preclean 0.031ms
[2020-01-29T21:59:44.920+0300][212.959s][debug][gc] GC(3238) YG occupancy: 54521 K (78656 K)
[2020-01-29T21:59:44.930+0300][212.971s][info ][gc] GC(3238) Pause Remark 199M->199M(247M) 11.035ms
[2020-01-29T21:59:44.930+0300][212.971s][info ][gc] GC(3238) Concurrent Sweep
[2020-01-29T21:59:44.934+0300][212.974s][info ][gc] GC(3239) Pause Young (Allocation Failure) 199M->199M(247M) 0.043ms
[2020-01-29T21:59:44.998+0300][213.038s][debug][gc] GC(3238) Concurrent active time: 67.465ms
[2020-01-29T21:59:44.998+0300][213.038s][info ][gc] GC(3238) Concurrent Sweep 67.715ms
[2020-01-29T21:59:44.998+0300][213.038s][debug][gc] GC(3240) Concurrent mode failure
[2020-01-29T21:59:45.093+0300][213.132s][info ][gc] GC(3240) Pause Full (Allocation Failure) 199M->70M(247M) 158.324ms
[2020-01-29T21:59:45.172+0300][213.210s][info ][gc] GC(3241) Pause Young (Allocation Failure) 136M->155M(247M) 60.099ms
[2020-01-29T21:59:45.181+0300][213.220s][info ][gc] GC(3242) Pause Initial Mark 174M->174M(247M) 8.822ms
[2020-01-29T21:59:45.182+0300][213.220s][info ][gc] GC(3242) Concurrent Mark
[2020-01-29T21:59:45.184+0300][213.223s][debug][gc] GC(3242) Concurrent active time: 2.666ms
[2020-01-29T21:59:45.184+0300][213.223s][info ][gc] GC(3242) Concurrent Mark 2.722ms
[2020-01-29T21:59:45.184+0300][213.223s][info ][gc] GC(3242) Concurrent Preclean
[2020-01-29T21:59:45.184+0300][213.223s][debug][gc] GC(3242) Concurrent active time: 0.158ms
[2020-01-29T21:59:45.184+0300][213.223s][info ][gc] GC(3242) Concurrent Preclean 0.188ms
[2020-01-29T21:59:45.184+0300][213.223s][info ][gc] GC(3242) Concurrent Abortable Preclean
[2020-01-29T21:59:45.184+0300][213.223s][debug][gc] GC(3242) Concurrent active time: 0.004ms
[2020-01-29T21:59:45.185+0300][213.223s][info ][gc] GC(3242) Concurrent Abortable Preclean 0.031ms
[2020-01-29T21:59:45.185+0300][213.223s][debug][gc] GC(3242) YG occupancy: 54489 K (78656 K)
[2020-01-29T21:59:45.196+0300][213.234s][info ][gc] GC(3242) Pause Remark 199M->199M(247M) 10.921ms
[2020-01-29T21:59:45.196+0300][213.234s][info ][gc] GC(3242) Concurrent Sweep
[2020-01-29T21:59:45.199+0300][213.237s][info ][gc] GC(3243) Pause Young (Allocation Failure) 199M->199M(247M) 0.040ms
[2020-01-29T21:59:45.265+0300][213.303s][debug][gc] GC(3242) Concurrent active time: 68.798ms
[2020-01-29T21:59:45.265+0300][213.303s][info ][gc] GC(3242) Concurrent Sweep 69.075ms
[2020-01-29T21:59:45.265+0300][213.303s][debug][gc] GC(3244) Concurrent mode failure
[2020-01-29T21:59:45.360+0300][213.398s][info ][gc] GC(3244) Pause Full (Allocation Failure) 199M->70M(247M) 160.729ms
[2020-01-29T21:59:45.432+0300][213.470s][info ][gc] GC(3245) Pause Young (Allocation Failure) 136M->155M(247M) 53.820ms
[2020-01-29T21:59:45.442+0300][213.480s][info ][gc] GC(3246) Pause Initial Mark 174M->174M(247M) 8.861ms
[2020-01-29T21:59:45.442+0300][213.480s][info ][gc] GC(3246) Concurrent Mark
[2020-01-29T21:59:45.444+0300][213.483s][debug][gc] GC(3246) Concurrent active time: 2.669ms
[2020-01-29T21:59:45.444+0300][213.483s][info ][gc] GC(3246) Concurrent Mark 2.727ms
[2020-01-29T21:59:45.444+0300][213.483s][info ][gc] GC(3246) Concurrent Preclean
[2020-01-29T21:59:45.445+0300][213.483s][debug][gc] GC(3246) Concurrent active time: 0.164ms
[2020-01-29T21:59:45.445+0300][213.483s][info ][gc] GC(3246) Concurrent Preclean 0.195ms
[2020-01-29T21:59:45.445+0300][213.483s][info ][gc] GC(3246) Concurrent Abortable Preclean
[2020-01-29T21:59:45.445+0300][213.483s][debug][gc] GC(3246) Concurrent active time: 0.004ms
[2020-01-29T21:59:45.445+0300][213.483s][info ][gc] GC(3246) Concurrent Abortable Preclean 0.033ms
[2020-01-29T21:59:45.445+0300][213.484s][debug][gc] GC(3246) YG occupancy: 54489 K (78656 K)
[2020-01-29T21:59:45.456+0300][213.494s][info ][gc] GC(3246) Pause Remark 199M->199M(247M) 10.996ms
[2020-01-29T21:59:45.456+0300][213.495s][info ][gc] GC(3246) Concurrent Sweep
[2020-01-29T21:59:45.459+0300][213.498s][info ][gc] GC(3247) Pause Young (Allocation Failure) 199M->199M(247M) 0.042ms
[2020-01-29T21:59:45.526+0300][213.565s][debug][gc] GC(3246) Concurrent active time: 69.832ms
[2020-01-29T21:59:45.526+0300][213.565s][info ][gc] GC(3246) Concurrent Sweep 70.072ms
[2020-01-29T21:59:45.526+0300][213.565s][debug][gc] GC(3248) Concurrent mode failure
[2020-01-29T21:59:45.620+0300][213.659s][info ][gc] GC(3248) Pause Full (Allocation Failure) 199M->70M(247M) 160.971ms
[2020-01-29T21:59:45.694+0300][213.732s][info ][gc] GC(3249) Pause Young (Allocation Failure) 136M->155M(247M) 54.137ms
[2020-01-29T21:59:45.703+0300][213.742s][info ][gc] GC(3250) Pause Initial Mark 174M->174M(247M) 8.809ms
[2020-01-29T21:59:45.703+0300][213.742s][info ][gc] GC(3250) Concurrent Mark
[2020-01-29T21:59:45.706+0300][213.744s][debug][gc] GC(3250) Concurrent active time: 2.753ms
[2020-01-29T21:59:45.706+0300][213.744s][info ][gc] GC(3250) Concurrent Mark 2.818ms
[2020-01-29T21:59:45.706+0300][213.744s][info ][gc] GC(3250) Concurrent Preclean
[2020-01-29T21:59:45.707+0300][213.745s][debug][gc] GC(3250) Concurrent active time: 0.167ms
[2020-01-29T21:59:45.707+0300][213.745s][info ][gc] GC(3250) Concurrent Preclean 0.200ms
[2020-01-29T21:59:45.707+0300][213.745s][info ][gc] GC(3250) Concurrent Abortable Preclean
[2020-01-29T21:59:45.707+0300][213.745s][debug][gc] GC(3250) Concurrent active time: 0.004ms
[2020-01-29T21:59:45.707+0300][213.745s][info ][gc] GC(3250) Concurrent Abortable Preclean 0.030ms
[2020-01-29T21:59:45.707+0300][213.745s][debug][gc] GC(3250) YG occupancy: 53095 K (78656 K)
[2020-01-29T21:59:45.718+0300][213.756s][info ][gc] GC(3250) Pause Remark 198M->198M(247M) 10.922ms
[2020-01-29T21:59:45.718+0300][213.756s][info ][gc] GC(3250) Concurrent Sweep
[2020-01-29T21:59:45.721+0300][213.759s][info ][gc] GC(3251) Pause Young (Allocation Failure) 199M->199M(247M) 0.040ms
[2020-01-29T21:59:45.784+0300][213.823s][debug][gc] GC(3250) Concurrent active time: 67.464ms
[2020-01-29T21:59:45.785+0300][213.823s][info ][gc] GC(3250) Concurrent Sweep 67.692ms
[2020-01-29T21:59:45.785+0300][213.823s][debug][gc] GC(3252) Concurrent mode failure
[2020-01-29T21:59:45.878+0300][213.917s][info ][gc] GC(3252) Pause Full (Allocation Failure) 199M->70M(247M) 158.148ms
[2020-01-29T21:59:45.953+0300][213.992s][info ][gc] GC(3253) Pause Young (Allocation Failure) 136M->155M(247M) 56.544ms
[2020-01-29T21:59:45.963+0300][214.001s][info ][gc] GC(3254) Pause Initial Mark 174M->174M(247M) 8.847ms
[2020-01-29T21:59:45.963+0300][214.001s][info ][gc] GC(3254) Concurrent Mark
[2020-01-29T21:59:45.966+0300][214.004s][debug][gc] GC(3254) Concurrent active time: 2.870ms
[2020-01-29T21:59:45.966+0300][214.004s][info ][gc] GC(3254) Concurrent Mark 2.940ms
[2020-01-29T21:59:45.966+0300][214.004s][info ][gc] GC(3254) Concurrent Preclean
[2020-01-29T21:59:45.966+0300][214.005s][debug][gc] GC(3254) Concurrent active time: 0.194ms
[2020-01-29T21:59:45.966+0300][214.005s][info ][gc] GC(3254) Concurrent Preclean 0.234ms
[2020-01-29T21:59:45.966+0300][214.005s][info ][gc] GC(3254) Concurrent Abortable Preclean
[2020-01-29T21:59:45.966+0300][214.005s][debug][gc] GC(3254) Concurrent active time: 0.005ms
[2020-01-29T21:59:45.966+0300][214.005s][info ][gc] GC(3254) Concurrent Abortable Preclean 0.033ms
[2020-01-29T21:59:45.966+0300][214.005s][debug][gc] GC(3254) YG occupancy: 54515 K (78656 K)
[2020-01-29T21:59:45.981+0300][214.020s][info ][gc] GC(3254) Pause Remark 199M->199M(247M) 14.997ms
[2020-01-29T21:59:45.981+0300][214.020s][info ][gc] GC(3254) Concurrent Sweep
[2020-01-29T21:59:45.985+0300][214.023s][info ][gc] GC(3255) Pause Young (Allocation Failure) 199M->199M(247M) 0.044ms
[2020-01-29T21:59:46.050+0300][214.088s][debug][gc] GC(3254) Concurrent active time: 68.445ms
[2020-01-29T21:59:46.050+0300][214.089s][info ][gc] GC(3254) Concurrent Sweep 68.702ms
[2020-01-29T21:59:46.050+0300][214.089s][debug][gc] GC(3256) Concurrent mode failure
[2020-01-29T21:59:46.143+0300][214.182s][info ][gc] GC(3256) Pause Full (Allocation Failure) 199M->70M(247M) 158.716ms
[2020-01-29T21:59:46.215+0300][214.254s][info ][gc] GC(3257) Pause Young (Allocation Failure) 136M->155M(247M) 53.506ms
[2020-01-29T21:59:46.225+0300][214.264s][info ][gc] GC(3258) Pause Initial Mark 174M->174M(247M) 8.820ms
[2020-01-29T21:59:46.225+0300][214.264s][info ][gc] GC(3258) Concurrent Mark
[2020-01-29T21:59:46.228+0300][214.266s][debug][gc] GC(3258) Concurrent active time: 2.688ms
[2020-01-29T21:59:46.228+0300][214.266s][info ][gc] GC(3258) Concurrent Mark 2.742ms
[2020-01-29T21:59:46.228+0300][214.266s][info ][gc] GC(3258) Concurrent Preclean
[2020-01-29T21:59:46.228+0300][214.266s][debug][gc] GC(3258) Concurrent active time: 0.160ms
[2020-01-29T21:59:46.228+0300][214.267s][info ][gc] GC(3258) Concurrent Preclean 0.190ms
[2020-01-29T21:59:46.228+0300][214.267s][info ][gc] GC(3258) Concurrent Abortable Preclean
[2020-01-29T21:59:46.228+0300][214.267s][debug][gc] GC(3258) Concurrent active time: 0.003ms
[2020-01-29T21:59:46.228+0300][214.267s][info ][gc] GC(3258) Concurrent Abortable Preclean 0.030ms
[2020-01-29T21:59:46.228+0300][214.267s][debug][gc] GC(3258) YG occupancy: 54488 K (78656 K)
[2020-01-29T21:59:46.239+0300][214.278s][info ][gc] GC(3258) Pause Remark 199M->199M(247M) 10.953ms
[2020-01-29T21:59:46.239+0300][214.278s][info ][gc] GC(3258) Concurrent Sweep
[2020-01-29T21:59:46.242+0300][214.281s][info ][gc] GC(3259) Pause Young (Allocation Failure) 199M->199M(247M) 0.040ms
[2020-01-29T21:59:46.308+0300][214.347s][debug][gc] GC(3258) Concurrent active time: 69.004ms
[2020-01-29T21:59:46.308+0300][214.347s][info ][gc] GC(3258) Concurrent Sweep 69.231ms
[2020-01-29T21:59:46.308+0300][214.347s][debug][gc] GC(3260) Concurrent mode failure
[2020-01-29T21:59:46.402+0300][214.441s][info ][gc] GC(3260) Pause Full (Allocation Failure) 199M->70M(247M) 160.267ms
[2020-01-29T21:59:46.477+0300][214.515s][info ][gc] GC(3261) Pause Young (Allocation Failure) 136M->155M(247M) 55.387ms
[2020-01-29T21:59:46.487+0300][214.525s][info ][gc] GC(3262) Pause Initial Mark 174M->174M(247M) 8.814ms
[2020-01-29T21:59:46.487+0300][214.525s][info ][gc] GC(3262) Concurrent Mark
[2020-01-29T21:59:46.489+0300][214.527s][debug][gc] GC(3262) Concurrent active time: 2.679ms
[2020-01-29T21:59:46.489+0300][214.527s][info ][gc] GC(3262) Concurrent Mark 2.732ms
[2020-01-29T21:59:46.490+0300][214.528s][info ][gc] GC(3262) Concurrent Preclean
[2020-01-29T21:59:46.490+0300][214.528s][debug][gc] GC(3262) Concurrent active time: 0.160ms
[2020-01-29T21:59:46.490+0300][214.528s][info ][gc] GC(3262) Concurrent Preclean 0.188ms
[2020-01-29T21:59:46.490+0300][214.528s][info ][gc] GC(3262) Concurrent Abortable Preclean
[2020-01-29T21:59:46.490+0300][214.528s][debug][gc] GC(3262) Concurrent active time: 0.003ms
[2020-01-29T21:59:46.490+0300][214.528s][info ][gc] GC(3262) Concurrent Abortable Preclean 0.030ms
[2020-01-29T21:59:46.490+0300][214.528s][debug][gc] GC(3262) YG occupancy: 54489 K (78656 K)
[2020-01-29T21:59:46.502+0300][214.541s][info ][gc] GC(3262) Pause Remark 199M->199M(247M) 13.625ms
[2020-01-29T21:59:46.503+0300][214.541s][info ][gc] GC(3262) Concurrent Sweep
[2020-01-29T21:59:46.506+0300][214.545s][info ][gc] GC(3263) Pause Young (Allocation Failure) 199M->199M(247M) 0.040ms
[2020-01-29T21:59:46.571+0300][214.610s][debug][gc] GC(3262) Concurrent active time: 68.118ms
[2020-01-29T21:59:46.571+0300][214.610s][info ][gc] GC(3262) Concurrent Sweep 68.355ms
[2020-01-29T21:59:46.571+0300][214.610s][debug][gc] GC(3264) Concurrent mode failure
[2020-01-29T21:59:46.665+0300][214.704s][info ][gc] GC(3264) Pause Full (Allocation Failure) 199M->70M(247M) 159.343ms
[2020-01-29T21:59:46.739+0300][214.777s][info ][gc] GC(3265) Pause Young (Allocation Failure) 136M->155M(247M) 54.254ms
[2020-01-29T21:59:46.749+0300][214.787s][info ][gc] GC(3266) Pause Initial Mark 174M->174M(247M) 8.823ms
[2020-01-29T21:59:46.749+0300][214.787s][info ][gc] GC(3266) Concurrent Mark
[2020-01-29T21:59:46.751+0300][214.790s][debug][gc] GC(3266) Concurrent active time: 2.659ms
[2020-01-29T21:59:46.751+0300][214.790s][info ][gc] GC(3266) Concurrent Mark 2.711ms
[2020-01-29T21:59:46.751+0300][214.790s][info ][gc] GC(3266) Concurrent Preclean
[2020-01-29T21:59:46.752+0300][214.790s][debug][gc] GC(3266) Concurrent active time: 0.159ms
[2020-01-29T21:59:46.752+0300][214.790s][info ][gc] GC(3266) Concurrent Preclean 0.189ms
[2020-01-29T21:59:46.752+0300][214.790s][info ][gc] GC(3266) Concurrent Abortable Preclean
[2020-01-29T21:59:46.752+0300][214.790s][debug][gc] GC(3266) Concurrent active time: 0.003ms
[2020-01-29T21:59:46.752+0300][214.790s][info ][gc] GC(3266) Concurrent Abortable Preclean 0.030ms
[2020-01-29T21:59:46.752+0300][214.790s][debug][gc] GC(3266) YG occupancy: 54475 K (78656 K)
[2020-01-29T21:59:46.763+0300][214.801s][info ][gc] GC(3266) Pause Remark 199M->199M(247M) 11.002ms
[2020-01-29T21:59:46.763+0300][214.801s][info ][gc] GC(3266) Concurrent Sweep
[2020-01-29T21:59:46.766+0300][214.804s][info ][gc] GC(3267) Pause Young (Allocation Failure) 199M->199M(247M) 0.041ms
[2020-01-29T21:59:46.831+0300][214.869s][debug][gc] GC(3266) Concurrent active time: 67.925ms
[2020-01-29T21:59:46.831+0300][214.869s][info ][gc] GC(3266) Concurrent Sweep 68.158ms
[2020-01-29T21:59:46.831+0300][214.869s][debug][gc] GC(3268) Concurrent mode failure
[2020-01-29T21:59:46.924+0300][214.963s][info ][gc] GC(3268) Pause Full (Allocation Failure) 199M->70M(247M) 158.673ms
[2020-01-29T21:59:46.998+0300][215.036s][info ][gc] GC(3269) Pause Young (Allocation Failure) 136M->155M(247M) 54.942ms
[2020-01-29T21:59:47.008+0300][215.046s][info ][gc] GC(3270) Pause Initial Mark 174M->174M(247M) 9.073ms
[2020-01-29T21:59:47.008+0300][215.046s][info ][gc] GC(3270) Concurrent Mark
[2020-01-29T21:59:47.010+0300][215.049s][debug][gc] GC(3270) Concurrent active time: 2.660ms
[2020-01-29T21:59:47.010+0300][215.049s][info ][gc] GC(3270) Concurrent Mark 2.717ms
[2020-01-29T21:59:47.010+0300][215.049s][info ][gc] GC(3270) Concurrent Preclean
[2020-01-29T21:59:47.011+0300][215.049s][debug][gc] GC(3270) Concurrent active time: 0.166ms
[2020-01-29T21:59:47.011+0300][215.049s][info ][gc] GC(3270) Concurrent Preclean 0.196ms
[2020-01-29T21:59:47.011+0300][215.049s][info ][gc] GC(3270) Concurrent Abortable Preclean
[2020-01-29T21:59:47.011+0300][215.049s][debug][gc] GC(3270) Concurrent active time: 0.004ms
[2020-01-29T21:59:47.011+0300][215.049s][info ][gc] GC(3270) Concurrent Abortable Preclean 0.031ms
[2020-01-29T21:59:47.011+0300][215.049s][debug][gc] GC(3270) YG occupancy: 54479 K (78656 K)
[2020-01-29T21:59:47.022+0300][215.060s][info ][gc] GC(3270) Pause Remark 199M->199M(247M) 10.926ms
[2020-01-29T21:59:47.022+0300][215.060s][info ][gc] GC(3270) Concurrent Sweep
[2020-01-29T21:59:47.025+0300][215.063s][info ][gc] GC(3271) Pause Young (Allocation Failure) 199M->199M(247M) 0.040ms
[2020-01-29T21:59:47.090+0300][215.128s][debug][gc] GC(3270) Concurrent active time: 67.443ms
[2020-01-29T21:59:47.090+0300][215.128s][info ][gc] GC(3270) Concurrent Sweep 67.676ms
[2020-01-29T21:59:47.090+0300][215.128s][debug][gc] GC(3272) Concurrent mode failure
[2020-01-29T21:59:47.183+0300][215.222s][info ][gc] GC(3272) Pause Full (Allocation Failure) 199M->70M(247M) 158.256ms
[2020-01-29T21:59:47.255+0300][215.293s][info ][gc] GC(3273) Pause Young (Allocation Failure) 136M->155M(247M) 53.856ms
[2020-01-29T21:59:47.264+0300][215.303s][info ][gc] GC(3274) Pause Initial Mark 174M->174M(247M) 8.828ms
[2020-01-29T21:59:47.264+0300][215.303s][info ][gc] GC(3274) Concurrent Mark
[2020-01-29T21:59:47.267+0300][215.306s][debug][gc] GC(3274) Concurrent active time: 2.717ms
[2020-01-29T21:59:47.267+0300][215.306s][info ][gc] GC(3274) Concurrent Mark 2.784ms
[2020-01-29T21:59:47.267+0300][215.306s][info ][gc] GC(3274) Concurrent Preclean
[2020-01-29T21:59:47.267+0300][215.306s][debug][gc] GC(3274) Concurrent active time: 0.163ms
[2020-01-29T21:59:47.267+0300][215.306s][info ][gc] GC(3274) Concurrent Preclean 0.195ms
[2020-01-29T21:59:47.267+0300][215.306s][info ][gc] GC(3274) Concurrent Abortable Preclean
[2020-01-29T21:59:47.267+0300][215.306s][debug][gc] GC(3274) Concurrent active time: 0.004ms
[2020-01-29T21:59:47.267+0300][215.306s][info ][gc] GC(3274) Concurrent Abortable Preclean 0.031ms
[2020-01-29T21:59:47.267+0300][215.306s][debug][gc] GC(3274) YG occupancy: 54485 K (78656 K)
[2020-01-29T21:59:47.278+0300][215.317s][info ][gc] GC(3274) Pause Remark 199M->199M(247M) 11.010ms
[2020-01-29T21:59:47.278+0300][215.317s][info ][gc] GC(3274) Concurrent Sweep
[2020-01-29T21:59:47.281+0300][215.320s][info ][gc] GC(3275) Pause Young (Allocation Failure) 199M->199M(247M) 0.041ms
[2020-01-29T21:59:47.348+0300][215.387s][debug][gc] GC(3274) Concurrent active time: 69.001ms
[2020-01-29T21:59:47.348+0300][215.387s][info ][gc] GC(3274) Concurrent Sweep 69.222ms
[2020-01-29T21:59:47.348+0300][215.387s][debug][gc] GC(3276) Concurrent mode failure
[2020-01-29T21:59:47.443+0300][215.482s][info ][gc] GC(3276) Pause Full (Allocation Failure) 199M->70M(247M) 161.685ms
[2020-01-29T21:59:47.519+0300][215.558s][info ][gc] GC(3277) Pause Young (Allocation Failure) 136M->155M(247M) 57.718ms
[2020-01-29T21:59:47.529+0300][215.568s][info ][gc] GC(3278) Pause Initial Mark 174M->174M(247M) 8.837ms
[2020-01-29T21:59:47.529+0300][215.568s][info ][gc] GC(3278) Concurrent Mark
[2020-01-29T21:59:47.532+0300][215.571s][debug][gc] GC(3278) Concurrent active time: 2.645ms
[2020-01-29T21:59:47.532+0300][215.571s][info ][gc] GC(3278) Concurrent Mark 2.699ms
[2020-01-29T21:59:47.532+0300][215.571s][info ][gc] GC(3278) Concurrent Preclean
[2020-01-29T21:59:47.532+0300][215.571s][debug][gc] GC(3278) Concurrent active time: 0.160ms
[2020-01-29T21:59:47.532+0300][215.571s][info ][gc] GC(3278) Concurrent Preclean 0.191ms
[2020-01-29T21:59:47.532+0300][215.571s][info ][gc] GC(3278) Concurrent Abortable Preclean
[2020-01-29T21:59:47.532+0300][215.571s][debug][gc] GC(3278) Concurrent active time: 0.004ms
[2020-01-29T21:59:47.532+0300][215.571s][info ][gc] GC(3278) Concurrent Abortable Preclean 0.031ms
[2020-01-29T21:59:47.532+0300][215.571s][debug][gc] GC(3278) YG occupancy: 54488 K (78656 K)
[2020-01-29T21:59:47.543+0300][215.582s][info ][gc] GC(3278) Pause Remark 199M->199M(247M) 10.932ms
[2020-01-29T21:59:47.543+0300][215.582s][info ][gc] GC(3278) Concurrent Sweep
[2020-01-29T21:59:47.546+0300][215.585s][info ][gc] GC(3279) Pause Young (Allocation Failure) 199M->199M(247M) 0.039ms
[2020-01-29T21:59:47.612+0300][215.650s][debug][gc] GC(3278) Concurrent active time: 67.989ms
[2020-01-29T21:59:47.612+0300][215.650s][info ][gc] GC(3278) Concurrent Sweep 68.207ms
[2020-01-29T21:59:47.612+0300][215.650s][debug][gc] GC(3280) Concurrent mode failure
[2020-01-29T21:59:47.706+0300][215.745s][info ][gc] GC(3280) Pause Full (Allocation Failure) 199M->70M(247M) 159.595ms
[2020-01-29T21:59:47.779+0300][215.817s][info ][gc] GC(3281) Pause Young (Allocation Failure) 136M->155M(247M) 54.405ms
[2020-01-29T21:59:47.789+0300][215.827s][info ][gc] GC(3282) Pause Initial Mark 174M->174M(247M) 8.832ms
[2020-01-29T21:59:47.789+0300][215.827s][info ][gc] GC(3282) Concurrent Mark
[2020-01-29T21:59:47.792+0300][215.830s][debug][gc] GC(3282) Concurrent active time: 2.653ms
[2020-01-29T21:59:47.792+0300][215.830s][info ][gc] GC(3282) Concurrent Mark 2.707ms
[2020-01-29T21:59:47.792+0300][215.830s][info ][gc] GC(3282) Concurrent Preclean
[2020-01-29T21:59:47.792+0300][215.830s][debug][gc] GC(3282) Concurrent active time: 0.159ms
[2020-01-29T21:59:47.792+0300][215.830s][info ][gc] GC(3282) Concurrent Preclean 0.189ms
[2020-01-29T21:59:47.792+0300][215.830s][info ][gc] GC(3282) Concurrent Abortable Preclean
[2020-01-29T21:59:47.792+0300][215.830s][debug][gc] GC(3282) Concurrent active time: 0.004ms
[2020-01-29T21:59:47.792+0300][215.830s][info ][gc] GC(3282) Concurrent Abortable Preclean 0.033ms
[2020-01-29T21:59:47.792+0300][215.830s][debug][gc] GC(3282) YG occupancy: 54475 K (78656 K)
[2020-01-29T21:59:47.803+0300][215.841s][info ][gc] GC(3282) Pause Remark 199M->199M(247M) 11.344ms
[2020-01-29T21:59:47.803+0300][215.841s][info ][gc] GC(3282) Concurrent Sweep
[2020-01-29T21:59:47.805+0300][215.844s][info ][gc] GC(3283) Pause Young (Allocation Failure) 199M->199M(247M) 0.042ms
[2020-01-29T21:59:47.871+0300][215.909s][debug][gc] GC(3282) Concurrent active time: 67.909ms
[2020-01-29T21:59:47.871+0300][215.910s][info ][gc] GC(3282) Concurrent Sweep 68.148ms
[2020-01-29T21:59:47.871+0300][215.910s][debug][gc] GC(3284) Concurrent mode failure
[2020-01-29T21:59:47.965+0300][216.004s][info ][gc] GC(3284) Pause Full (Allocation Failure) 199M->70M(247M) 159.216ms
[2020-01-29T21:59:48.040+0300][216.079s][info ][gc] GC(3285) Pause Young (Allocation Failure) 136M->155M(247M) 56.936ms
[2020-01-29T21:59:48.050+0300][216.089s][info ][gc] GC(3286) Pause Initial Mark 174M->174M(247M) 8.863ms
[2020-01-29T21:59:48.050+0300][216.089s][info ][gc] GC(3286) Concurrent Mark
[2020-01-29T21:59:48.053+0300][216.092s][debug][gc] GC(3286) Concurrent active time: 2.688ms
[2020-01-29T21:59:48.053+0300][216.092s][info ][gc] GC(3286) Concurrent Mark 2.747ms
[2020-01-29T21:59:48.053+0300][216.092s][info ][gc] GC(3286) Concurrent Preclean
[2020-01-29T21:59:48.053+0300][216.092s][debug][gc] GC(3286) Concurrent active time: 0.174ms
[2020-01-29T21:59:48.053+0300][216.092s][info ][gc] GC(3286) Concurrent Preclean 0.206ms
[2020-01-29T21:59:48.053+0300][216.092s][info ][gc] GC(3286) Concurrent Abortable Preclean
[2020-01-29T21:59:48.053+0300][216.092s][debug][gc] GC(3286) Concurrent active time: 0.004ms
[2020-01-29T21:59:48.053+0300][216.092s][info ][gc] GC(3286) Concurrent Abortable Preclean 0.031ms
[2020-01-29T21:59:48.053+0300][216.092s][debug][gc] GC(3286) YG occupancy: 54479 K (78656 K)
[2020-01-29T21:59:48.064+0300][216.103s][info ][gc] GC(3286) Pause Remark 199M->199M(247M) 10.977ms
[2020-01-29T21:59:48.064+0300][216.103s][info ][gc] GC(3286) Concurrent Sweep
[2020-01-29T21:59:48.067+0300][216.106s][info ][gc] GC(3287) Pause Young (Allocation Failure) 199M->199M(247M) 0.042ms
[2020-01-29T21:59:48.133+0300][216.171s][debug][gc] GC(3286) Concurrent active time: 68.238ms
[2020-01-29T21:59:48.133+0300][216.171s][info ][gc] GC(3286) Concurrent Sweep 68.472ms
[2020-01-29T21:59:48.133+0300][216.172s][debug][gc] GC(3288) Concurrent mode failure
[2020-01-29T21:59:48.228+0300][216.266s][info ][gc] GC(3288) Pause Full (Allocation Failure) 199M->70M(247M) 159.856ms
[2020-01-29T21:59:48.299+0300][216.338s][info ][gc] GC(3289) Pause Young (Allocation Failure) 136M->155M(247M) 53.709ms
[2020-01-29T21:59:48.309+0300][216.347s][info ][gc] GC(3290) Pause Initial Mark 174M->174M(247M) 8.837ms
[2020-01-29T21:59:48.309+0300][216.347s][info ][gc] GC(3290) Concurrent Mark
[2020-01-29T21:59:48.312+0300][216.350s][debug][gc] GC(3290) Concurrent active time: 2.654ms
[2020-01-29T21:59:48.312+0300][216.350s][info ][gc] GC(3290) Concurrent Mark 2.706ms
[2020-01-29T21:59:48.312+0300][216.350s][info ][gc] GC(3290) Concurrent Preclean
[2020-01-29T21:59:48.312+0300][216.350s][debug][gc] GC(3290) Concurrent active time: 0.162ms
[2020-01-29T21:59:48.312+0300][216.350s][info ][gc] GC(3290) Concurrent Preclean 0.193ms
[2020-01-29T21:59:48.312+0300][216.350s][info ][gc] GC(3290) Concurrent Abortable Preclean
[2020-01-29T21:59:48.312+0300][216.350s][debug][gc] GC(3290) Concurrent active time: 0.004ms
[2020-01-29T21:59:48.312+0300][216.350s][info ][gc] GC(3290) Concurrent Abortable Preclean 0.030ms
[2020-01-29T21:59:48.312+0300][216.350s][debug][gc] GC(3290) YG occupancy: 54485 K (78656 K)
[2020-01-29T21:59:48.323+0300][216.362s][info ][gc] GC(3290) Pause Remark 199M->199M(247M) 11.198ms
[2020-01-29T21:59:48.323+0300][216.362s][info ][gc] GC(3290) Concurrent Sweep
[2020-01-29T21:59:48.326+0300][216.365s][info ][gc] GC(3291) Pause Young (Allocation Failure) 199M->199M(247M) 0.040ms
[2020-01-29T21:59:48.392+0300][216.430s][debug][gc] GC(3290) Concurrent active time: 68.702ms
[2020-01-29T21:59:48.392+0300][216.430s][info ][gc] GC(3290) Concurrent Sweep 68.932ms
[2020-01-29T21:59:48.392+0300][216.431s][debug][gc] GC(3292) Concurrent mode failure
[2020-01-29T21:59:48.486+0300][216.525s][info ][gc] GC(3292) Pause Full (Allocation Failure) 199M->70M(247M) 160.050ms
[2020-01-29T21:59:48.558+0300][216.597s][info ][gc] GC(3293) Pause Young (Allocation Failure) 136M->155M(247M) 53.435ms
[2020-01-29T21:59:48.568+0300][216.606s][info ][gc] GC(3294) Pause Initial Mark 174M->174M(247M) 8.827ms
[2020-01-29T21:59:48.568+0300][216.606s][info ][gc] GC(3294) Concurrent Mark
[2020-01-29T21:59:48.571+0300][216.609s][debug][gc] GC(3294) Concurrent active time: 2.664ms
[2020-01-29T21:59:48.571+0300][216.609s][info ][gc] GC(3294) Concurrent Mark 2.719ms
[2020-01-29T21:59:48.571+0300][216.609s][info ][gc] GC(3294) Concurrent Preclean
[2020-01-29T21:59:48.571+0300][216.609s][debug][gc] GC(3294) Concurrent active time: 0.160ms
[2020-01-29T21:59:48.571+0300][216.609s][info ][gc] GC(3294) Concurrent Preclean 0.191ms
[2020-01-29T21:59:48.571+0300][216.609s][info ][gc] GC(3294) Concurrent Abortable Preclean
[2020-01-29T21:59:48.571+0300][216.609s][debug][gc] GC(3294) Concurrent active time: 0.004ms
[2020-01-29T21:59:48.571+0300][216.609s][info ][gc] GC(3294) Concurrent Abortable Preclean 0.030ms
[2020-01-29T21:59:48.571+0300][216.609s][debug][gc] GC(3294) YG occupancy: 54488 K (78656 K)
[2020-01-29T21:59:48.582+0300][216.620s][info ][gc] GC(3294) Pause Remark 199M->199M(247M) 10.938ms
[2020-01-29T21:59:48.582+0300][216.620s][info ][gc] GC(3294) Concurrent Sweep
[2020-01-29T21:59:48.585+0300][216.623s][info ][gc] GC(3295) Pause Young (Allocation Failure) 199M->199M(247M) 0.040ms
[2020-01-29T21:59:48.650+0300][216.689s][debug][gc] GC(3294) Concurrent active time: 68.007ms
[2020-01-29T21:59:48.650+0300][216.689s][info ][gc] GC(3294) Concurrent Sweep 68.225ms
[2020-01-29T21:59:48.650+0300][216.689s][debug][gc] GC(3296) Concurrent mode failure
[2020-01-29T21:59:48.744+0300][216.782s][info ][gc] GC(3296) Pause Full (Allocation Failure) 199M->70M(247M) 158.716ms
[2020-01-29T21:59:48.830+0300][216.868s][info ][gc] GC(3297) Pause Young (Allocation Failure) 136M->155M(247M) 67.768ms
[2020-01-29T21:59:48.839+0300][216.878s][info ][gc] GC(3298) Pause Initial Mark 174M->174M(247M) 8.815ms
[2020-01-29T21:59:48.839+0300][216.878s][info ][gc] GC(3298) Concurrent Mark
[2020-01-29T21:59:48.842+0300][216.881s][debug][gc] GC(3298) Concurrent active time: 2.652ms
[2020-01-29T21:59:48.842+0300][216.881s][info ][gc] GC(3298) Concurrent Mark 2.703ms
[2020-01-29T21:59:48.842+0300][216.881s][info ][gc] GC(3298) Concurrent Preclean
[2020-01-29T21:59:48.842+0300][216.881s][debug][gc] GC(3298) Concurrent active time: 0.156ms
[2020-01-29T21:59:48.842+0300][216.881s][info ][gc] GC(3298) Concurrent Preclean 0.187ms
[2020-01-29T21:59:48.842+0300][216.881s][info ][gc] GC(3298) Concurrent Abortable Preclean
[2020-01-29T21:59:48.842+0300][216.881s][debug][gc] GC(3298) Concurrent active time: 0.003ms
[2020-01-29T21:59:48.842+0300][216.881s][info ][gc] GC(3298) Concurrent Abortable Preclean 0.030ms
[2020-01-29T21:59:48.842+0300][216.881s][debug][gc] GC(3298) YG occupancy: 54475 K (78656 K)
[2020-01-29T21:59:48.853+0300][216.892s][info ][gc] GC(3298) Pause Remark 199M->199M(247M) 11.030ms
[2020-01-29T21:59:48.853+0300][216.892s][info ][gc] GC(3298) Concurrent Sweep
[2020-01-29T21:59:48.856+0300][216.895s][info ][gc] GC(3299) Pause Young (Allocation Failure) 199M->199M(247M) 0.040ms
[2020-01-29T21:59:48.922+0300][216.960s][debug][gc] GC(3298) Concurrent active time: 68.048ms
[2020-01-29T21:59:48.922+0300][216.960s][info ][gc] GC(3298) Concurrent Sweep 68.270ms
[2020-01-29T21:59:48.922+0300][216.960s][debug][gc] GC(3300) Concurrent mode failure
[2020-01-29T21:59:49.016+0300][217.054s][info ][gc] GC(3300) Pause Full (Allocation Failure) 199M->70M(247M) 159.180ms
[2020-01-29T21:59:49.090+0300][217.128s][info ][gc] GC(3301) Pause Young (Allocation Failure) 136M->155M(247M) 55.432ms
[2020-01-29T21:59:49.100+0300][217.138s][info ][gc] GC(3302) Pause Initial Mark 174M->174M(247M) 8.863ms
[2020-01-29T21:59:49.100+0300][217.138s][info ][gc] GC(3302) Concurrent Mark
[2020-01-29T21:59:49.103+0300][217.141s][debug][gc] GC(3302) Concurrent active time: 2.661ms
[2020-01-29T21:59:49.103+0300][217.141s][info ][gc] GC(3302) Concurrent Mark 2.719ms
[2020-01-29T21:59:49.103+0300][217.141s][info ][gc] GC(3302) Concurrent Preclean
[2020-01-29T21:59:49.103+0300][217.141s][debug][gc] GC(3302) Concurrent active time: 0.163ms
[2020-01-29T21:59:49.103+0300][217.141s][info ][gc] GC(3302) Concurrent Preclean 0.194ms
[2020-01-29T21:59:49.103+0300][217.141s][info ][gc] GC(3302) Concurrent Abortable Preclean
[2020-01-29T21:59:49.103+0300][217.141s][debug][gc] GC(3302) Concurrent active time: 0.004ms
[2020-01-29T21:59:49.103+0300][217.141s][info ][gc] GC(3302) Concurrent Abortable Preclean 0.031ms
[2020-01-29T21:59:49.103+0300][217.141s][debug][gc] GC(3302) YG occupancy: 54479 K (78656 K)
[2020-01-29T21:59:49.114+0300][217.152s][info ][gc] GC(3302) Pause Remark 199M->199M(247M) 10.972ms
[2020-01-29T21:59:49.114+0300][217.152s][info ][gc] GC(3302) Concurrent Sweep
[2020-01-29T21:59:49.117+0300][217.155s][info ][gc] GC(3303) Pause Young (Allocation Failure) 199M->199M(247M) 0.041ms
[2020-01-29T21:59:49.182+0300][217.221s][debug][gc] GC(3302) Concurrent active time: 68.589ms
[2020-01-29T21:59:49.182+0300][217.221s][info ][gc] GC(3302) Concurrent Sweep 68.812ms
[2020-01-29T21:59:49.182+0300][217.221s][debug][gc] GC(3304) Concurrent mode failure
[2020-01-29T21:59:49.278+0300][217.316s][info ][gc] GC(3304) Pause Full (Allocation Failure) 199M->70M(247M) 160.822ms
[2020-01-29T21:59:49.350+0300][217.389s][info ][gc] GC(3305) Pause Young (Allocation Failure) 136M->155M(247M) 54.600ms
[2020-01-29T21:59:49.360+0300][217.398s][info ][gc] GC(3306) Pause Initial Mark 174M->174M(247M) 8.818ms
[2020-01-29T21:59:49.360+0300][217.398s][info ][gc] GC(3306) Concurrent Mark
[2020-01-29T21:59:49.363+0300][217.401s][debug][gc] GC(3306) Concurrent active time: 2.656ms
[2020-01-29T21:59:49.363+0300][217.401s][info ][gc] GC(3306) Concurrent Mark 2.709ms
[2020-01-29T21:59:49.363+0300][217.401s][info ][gc] GC(3306) Concurrent Preclean
[2020-01-29T21:59:49.363+0300][217.401s][debug][gc] GC(3306) Concurrent active time: 0.160ms
[2020-01-29T21:59:49.363+0300][217.401s][info ][gc] GC(3306) Concurrent Preclean 0.191ms
[2020-01-29T21:59:49.363+0300][217.401s][info ][gc] GC(3306) Concurrent Abortable Preclean
[2020-01-29T21:59:49.363+0300][217.401s][debug][gc] GC(3306) Concurrent active time: 0.004ms
[2020-01-29T21:59:49.363+0300][217.401s][info ][gc] GC(3306) Concurrent Abortable Preclean 0.030ms
[2020-01-29T21:59:49.363+0300][217.401s][debug][gc] GC(3306) YG occupancy: 54485 K (78656 K)
[2020-01-29T21:59:49.372+0300][217.412s][info ][gc] GC(3306) Pause Remark 199M->199M(247M) 10.959ms
[2020-01-29T21:59:49.372+0300][217.412s][info ][gc] GC(3306) Concurrent Sweep
[2020-01-29T21:59:49.374+0300][217.415s][info ][gc] GC(3307) Pause Young (Allocation Failure) 199M->199M(247M) 0.041ms
[2020-01-29T21:59:49.439+0300][217.482s][debug][gc] GC(3306) Concurrent active time: 69.345ms
[2020-01-29T21:59:49.439+0300][217.482s][info ][gc] GC(3306) Concurrent Sweep 69.577ms
[2020-01-29T21:59:49.439+0300][217.482s][debug][gc] GC(3308) Concurrent mode failure
[2020-01-29T21:59:49.534+0300][217.575s][info ][gc] GC(3308) Pause Full (Allocation Failure) 199M->70M(247M) 160.116ms
[2020-01-29T21:59:49.614+0300][217.656s][info ][gc] GC(3309) Pause Young (Allocation Failure) 136M->155M(247M) 53.813ms
[2020-01-29T21:59:49.627+0300][217.666s][info ][gc] GC(3310) Pause Initial Mark 174M->174M(247M) 8.811ms
[2020-01-29T21:59:49.627+0300][217.666s][info ][gc] GC(3310) Concurrent Mark
[2020-01-29T21:59:49.627+0300][217.669s][debug][gc] GC(3310) Concurrent active time: 2.780ms
[2020-01-29T21:59:49.627+0300][217.669s][info ][gc] GC(3310) Concurrent Mark 2.975ms
[2020-01-29T21:59:49.627+0300][217.669s][info ][gc] GC(3310) Concurrent Preclean
[2020-01-29T21:59:49.627+0300][217.669s][debug][gc] GC(3310) Concurrent active time: 0.169ms
[2020-01-29T21:59:49.627+0300][217.669s][info ][gc] GC(3310) Concurrent Preclean 0.201ms
[2020-01-29T21:59:49.627+0300][217.669s][info ][gc] GC(3310) Concurrent Abortable Preclean
[2020-01-29T21:59:49.627+0300][217.669s][debug][gc] GC(3310) Concurrent active time: 0.004ms
[2020-01-29T21:59:49.627+0300][217.669s][info ][gc] GC(3310) Concurrent Abortable Preclean 0.030ms
[2020-01-29T21:59:49.627+0300][217.669s][debug][gc] GC(3310) YG occupancy: 54607 K (78656 K)
[2020-01-29T21:59:49.639+0300][217.680s][info ][gc] GC(3310) Pause Remark 199M->199M(247M) 10.894ms
[2020-01-29T21:59:49.639+0300][217.680s][info ][gc] GC(3310) Concurrent Sweep
[2020-01-29T21:59:49.644+0300][217.683s][info ][gc] GC(3311) Pause Young (Allocation Failure) 199M->199M(247M) 0.040ms
[2020-01-29T21:59:49.709+0300][217.748s][debug][gc] GC(3310) Concurrent active time: 67.520ms
[2020-01-29T21:59:49.709+0300][217.748s][info ][gc] GC(3310) Concurrent Sweep 67.746ms
[2020-01-29T21:59:49.709+0300][217.748s][debug][gc] GC(3312) Concurrent mode failure
[2020-01-29T21:59:49.800+0300][217.842s][info ][gc] GC(3312) Pause Full (Allocation Failure) 199M->70M(247M) 159.150ms
[2020-01-29T21:59:49.874+0300][217.917s][info ][gc] GC(3313) Pause Young (Allocation Failure) 136M->155M(247M) 54.893ms
[2020-01-29T21:59:49.888+0300][217.927s][info ][gc] GC(3314) Pause Initial Mark 174M->174M(247M) 8.812ms
[2020-01-29T21:59:49.888+0300][217.927s][info ][gc] GC(3314) Concurrent Mark
[2020-01-29T21:59:49.891+0300][217.929s][debug][gc] GC(3314) Concurrent active time: 2.655ms
[2020-01-29T21:59:49.891+0300][217.929s][info ][gc] GC(3314) Concurrent Mark 2.706ms
[2020-01-29T21:59:49.891+0300][217.929s][info ][gc] GC(3314) Concurrent Preclean
[2020-01-29T21:59:49.891+0300][217.930s][debug][gc] GC(3314) Concurrent active time: 0.157ms
[2020-01-29T21:59:49.891+0300][217.930s][info ][gc] GC(3314) Concurrent Preclean 0.187ms
[2020-01-29T21:59:49.891+0300][217.930s][info ][gc] GC(3314) Concurrent Abortable Preclean
[2020-01-29T21:59:49.891+0300][217.930s][debug][gc] GC(3314) Concurrent active time: 0.003ms
[2020-01-29T21:59:49.891+0300][217.930s][info ][gc] GC(3314) Concurrent Abortable Preclean 0.030ms
[2020-01-29T21:59:49.891+0300][217.930s][debug][gc] GC(3314) YG occupancy: 54488 K (78656 K)
[2020-01-29T21:59:49.902+0300][217.941s][info ][gc] GC(3314) Pause Remark 199M->199M(247M) 10.921ms
[2020-01-29T21:59:49.902+0300][217.941s][info ][gc] GC(3314) Concurrent Sweep
[2020-01-29T21:59:49.904+0300][217.944s][info ][gc] GC(3315) Pause Young (Allocation Failure) 199M->199M(247M) 0.041ms
[2020-01-29T21:59:49.969+0300][218.009s][debug][gc] GC(3314) Concurrent active time: 67.658ms
[2020-01-29T21:59:49.969+0300][218.009s][info ][gc] GC(3314) Concurrent Sweep 67.885ms
[2020-01-29T21:59:49.969+0300][218.009s][debug][gc] GC(3316) Concurrent mode failure
[2020-01-29T21:59:50.060+0300][218.102s][info ][gc] GC(3316) Pause Full (Allocation Failure) 199M->70M(247M) 158.352ms
[2020-01-29T21:59:50.139+0300][218.179s][info ][gc] GC(3317) Pause Young (Allocation Failure) 136M->155M(247M) 61.569ms
[2020-01-29T21:59:50.151+0300][218.189s][info ][gc] GC(3318) Pause Initial Mark 174M->174M(247M) 8.920ms
[2020-01-29T21:59:50.151+0300][218.189s][info ][gc] GC(3318) Concurrent Mark
[2020-01-29T21:59:50.154+0300][218.192s][debug][gc] GC(3318) Concurrent active time: 2.720ms
[2020-01-29T21:59:50.154+0300][218.192s][info ][gc] GC(3318) Concurrent Mark 2.779ms
[2020-01-29T21:59:50.154+0300][218.192s][info ][gc] GC(3318) Concurrent Preclean
[2020-01-29T21:59:50.154+0300][218.192s][debug][gc] GC(3318) Concurrent active time: 0.165ms
[2020-01-29T21:59:50.154+0300][218.192s][info ][gc] GC(3318) Concurrent Preclean 0.196ms
[2020-01-29T21:59:50.154+0300][218.192s][info ][gc] GC(3318) Concurrent Abortable Preclean
[2020-01-29T21:59:50.154+0300][218.192s][debug][gc] GC(3318) Concurrent active time: 0.004ms
[2020-01-29T21:59:50.154+0300][218.192s][info ][gc] GC(3318) Concurrent Abortable Preclean 0.034ms
[2020-01-29T21:59:50.154+0300][218.193s][debug][gc] GC(3318) YG occupancy: 54484 K (78656 K)
[2020-01-29T21:59:50.165+0300][218.204s][info ][gc] GC(3318) Pause Remark 199M->199M(247M) 10.968ms
[2020-01-29T21:59:50.165+0300][218.204s][info ][gc] GC(3318) Concurrent Sweep
[2020-01-29T21:59:50.168+0300][218.207s][info ][gc] GC(3319) Pause Young (Allocation Failure) 199M->199M(247M) 0.041ms
[2020-01-29T21:59:50.233+0300][218.271s][debug][gc] GC(3318) Concurrent active time: 67.747ms
[2020-01-29T21:59:50.233+0300][218.272s][info ][gc] GC(3318) Concurrent Sweep 67.975ms
[2020-01-29T21:59:50.233+0300][218.272s][debug][gc] GC(3320) Concurrent mode failure
[2020-01-29T21:59:50.327+0300][218.366s][info ][gc] GC(3320) Pause Full (Allocation Failure) 199M->70M(247M) 159.375ms
[2020-01-29T21:59:50.399+0300][218.438s][info ][gc] GC(3321) Pause Young (Allocation Failure) 136M->155M(247M) 53.425ms
[2020-01-29T21:59:50.409+0300][218.448s][info ][gc] GC(3322) Pause Initial Mark 174M->174M(247M) 8.850ms
[2020-01-29T21:59:50.409+0300][218.448s][info ][gc] GC(3322) Concurrent Mark
[2020-01-29T21:59:50.412+0300][218.450s][debug][gc] GC(3322) Concurrent active time: 2.655ms
[2020-01-29T21:59:50.412+0300][218.450s][info ][gc] GC(3322) Concurrent Mark 2.708ms
[2020-01-29T21:59:50.412+0300][218.450s][info ][gc] GC(3322) Concurrent Preclean
[2020-01-29T21:59:50.412+0300][218.450s][debug][gc] GC(3322) Concurrent active time: 0.163ms
[2020-01-29T21:59:50.412+0300][218.450s][info ][gc] GC(3322) Concurrent Preclean 0.192ms
[2020-01-29T21:59:50.412+0300][218.450s][info ][gc] GC(3322) Concurrent Abortable Preclean
[2020-01-29T21:59:50.412+0300][218.451s][debug][gc] GC(3322) Concurrent active time: 0.004ms
[2020-01-29T21:59:50.412+0300][218.451s][info ][gc] GC(3322) Concurrent Abortable Preclean 0.030ms
[2020-01-29T21:59:50.412+0300][218.451s][debug][gc] GC(3322) YG occupancy: 54487 K (78656 K)
[2020-01-29T21:59:50.423+0300][218.462s][info ][gc] GC(3322) Pause Remark 199M->199M(247M) 10.951ms
[2020-01-29T21:59:50.423+0300][218.462s][info ][gc] GC(3322) Concurrent Sweep
[2020-01-29T21:59:50.426+0300][218.465s][info ][gc] GC(3323) Pause Young (Allocation Failure) 199M->199M(247M) 0.039ms
[2020-01-29T21:59:50.489+0300][218.529s][debug][gc] GC(3322) Concurrent active time: 66.981ms
[2020-01-29T21:59:50.489+0300][218.529s][info ][gc] GC(3322) Concurrent Sweep 67.244ms
[2020-01-29T21:59:50.489+0300][218.529s][debug][gc] GC(3324) Concurrent mode failure
[2020-01-29T21:59:50.584+0300][218.623s][info ][gc] GC(3324) Pause Full (Allocation Failure) 199M->70M(247M) 158.175ms
[2020-01-29T21:59:50.649+0300][218.691s][info ][gc] GC(3325) Pause Young (Allocation Failure) 136M->155M(247M) 53.871ms
[2020-01-29T21:59:50.660+0300][218.701s][info ][gc] GC(3326) Pause Initial Mark 174M->174M(247M) 8.823ms
[2020-01-29T21:59:50.660+0300][218.701s][info ][gc] GC(3326) Concurrent Mark
[2020-01-29T21:59:50.665+0300][218.704s][debug][gc] GC(3326) Concurrent active time: 2.842ms
[2020-01-29T21:59:50.665+0300][218.704s][info ][gc] GC(3326) Concurrent Mark 3.034ms
[2020-01-29T21:59:50.665+0300][218.704s][info ][gc] GC(3326) Concurrent Preclean
[2020-01-29T21:59:50.665+0300][218.704s][debug][gc] GC(3326) Concurrent active time: 0.183ms
[2020-01-29T21:59:50.665+0300][218.704s][info ][gc] GC(3326) Concurrent Preclean 0.214ms
[2020-01-29T21:59:50.665+0300][218.704s][info ][gc] GC(3326) Concurrent Abortable Preclean
[2020-01-29T21:59:50.665+0300][218.704s][debug][gc] GC(3326) Concurrent active time: 0.004ms
[2020-01-29T21:59:50.665+0300][218.704s][info ][gc] GC(3326) Concurrent Abortable Preclean 0.030ms
[2020-01-29T21:59:50.665+0300][218.705s][debug][gc] GC(3326) YG occupancy: 53211 K (78656 K)
[2020-01-29T21:59:50.675+0300][218.715s][info ][gc] GC(3326) Pause Remark 198M->198M(247M) 10.924ms
[2020-01-29T21:59:50.675+0300][218.716s][info ][gc] GC(3326) Concurrent Sweep
[2020-01-29T21:59:50.680+0300][218.719s][info ][gc] GC(3327) Pause Young (Allocation Failure) 198M->198M(247M) 0.041ms
[2020-01-29T21:59:50.744+0300][218.782s][debug][gc] GC(3326) Concurrent active time: 66.636ms
[2020-01-29T21:59:50.744+0300][218.782s][info ][gc] GC(3326) Concurrent Sweep 66.868ms
[2020-01-29T21:59:50.744+0300][218.782s][debug][gc] GC(3328) Concurrent mode failure
[2020-01-29T21:59:50.834+0300][218.876s][info ][gc] GC(3328) Pause Full (Allocation Failure) 198M->70M(247M) 157.034ms
[2020-01-29T21:59:50.909+0300][218.950s][info ][gc] GC(3329) Pause Young (Allocation Failure) 136M->155M(247M) 52.798ms
[2020-01-29T21:59:50.919+0300][218.960s][info ][gc] GC(3330) Pause Initial Mark 174M->174M(247M) 8.824ms
[2020-01-29T21:59:50.919+0300][218.960s][info ][gc] GC(3330) Concurrent Mark
[2020-01-29T21:59:50.924+0300][218.963s][debug][gc] GC(3330) Concurrent active time: 2.655ms
[2020-01-29T21:59:50.924+0300][218.963s][info ][gc] GC(3330) Concurrent Mark 2.708ms
[2020-01-29T21:59:50.924+0300][218.963s][info ][gc] GC(3330) Concurrent Preclean
[2020-01-29T21:59:50.924+0300][218.963s][debug][gc] GC(3330) Concurrent active time: 0.160ms
[2020-01-29T21:59:50.924+0300][218.963s][info ][gc] GC(3330) Concurrent Preclean 0.191ms
[2020-01-29T21:59:50.924+0300][218.963s][info ][gc] GC(3330) Concurrent Abortable Preclean
[2020-01-29T21:59:50.924+0300][218.963s][debug][gc] GC(3330) Concurrent active time: 0.004ms
[2020-01-29T21:59:50.924+0300][218.963s][info ][gc] GC(3330) Concurrent Abortable Preclean 0.030ms
[2020-01-29T21:59:50.924+0300][218.963s][debug][gc] GC(3330) YG occupancy: 54490 K (78656 K)
[2020-01-29T21:59:50.935+0300][218.974s][info ][gc] GC(3330) Pause Remark 199M->199M(247M) 10.959ms
[2020-01-29T21:59:50.935+0300][218.974s][info ][gc] GC(3330) Concurrent Sweep
[2020-01-29T21:59:50.935+0300][218.977s][info ][gc] GC(3331) Pause Young (Allocation Failure) 200M->200M(247M) 0.041ms
[2020-01-29T21:59:51.004+0300][219.044s][debug][gc] GC(3330) Concurrent active time: 70.018ms
[2020-01-29T21:59:51.004+0300][219.044s][info ][gc] GC(3330) Concurrent Sweep 70.252ms
[2020-01-29T21:59:51.004+0300][219.044s][debug][gc] GC(3332) Concurrent mode failure
[2020-01-29T21:59:51.099+0300][219.138s][info ][gc] GC(3332) Pause Full (Allocation Failure) 200M->70M(247M) 161.189ms
[2020-01-29T21:59:51.175+0300][219.214s][info ][gc] GC(3333) Pause Young (Allocation Failure) 136M->155M(247M) 56.102ms
[2020-01-29T21:59:51.185+0300][219.223s][info ][gc] GC(3334) Pause Initial Mark 174M->174M(247M) 8.843ms
[2020-01-29T21:59:51.185+0300][219.223s][info ][gc] GC(3334) Concurrent Mark
[2020-01-29T21:59:51.187+0300][219.226s][debug][gc] GC(3334) Concurrent active time: 2.783ms
[2020-01-29T21:59:51.187+0300][219.226s][info ][gc] GC(3334) Concurrent Mark 2.841ms
[2020-01-29T21:59:51.187+0300][219.226s][info ][gc] GC(3334) Concurrent Preclean
[2020-01-29T21:59:51.188+0300][219.226s][debug][gc] GC(3334) Concurrent active time: 0.165ms
[2020-01-29T21:59:51.188+0300][219.226s][info ][gc] GC(3334) Concurrent Preclean 0.195ms
[2020-01-29T21:59:51.188+0300][219.226s][info ][gc] GC(3334) Concurrent Abortable Preclean
[2020-01-29T21:59:51.188+0300][219.226s][debug][gc] GC(3334) Concurrent active time: 0.004ms
[2020-01-29T21:59:51.188+0300][219.226s][info ][gc] GC(3334) Concurrent Abortable Preclean 0.030ms
[2020-01-29T21:59:51.188+0300][219.226s][debug][gc] GC(3334) YG occupancy: 55866 K (78656 K)
[2020-01-29T21:59:51.199+0300][219.237s][info ][gc] GC(3334) Pause Remark 201M->201M(247M) 10.981ms
[2020-01-29T21:59:51.199+0300][219.237s][info ][gc] GC(3334) Concurrent Sweep
[2020-01-29T21:59:51.202+0300][219.240s][info ][gc] GC(3335) Pause Young (Allocation Failure) 199M->199M(247M) 0.040ms
[2020-01-29T21:59:51.268+0300][219.307s][debug][gc] GC(3334) Concurrent active time: 69.267ms
[2020-01-29T21:59:51.269+0300][219.307s][info ][gc] GC(3334) Concurrent Sweep 69.491ms
[2020-01-29T21:59:51.269+0300][219.307s][debug][gc] GC(3336) Concurrent mode failure
[2020-01-29T21:59:51.363+0300][219.402s][info ][gc] GC(3336) Pause Full (Allocation Failure) 199M->70M(247M) 161.291ms
[2020-01-29T21:59:51.436+0300][219.475s][info ][gc] GC(3337) Pause Young (Allocation Failure) 136M->155M(247M) 55.036ms
[2020-01-29T21:59:51.446+0300][219.484s][info ][gc] GC(3338) Pause Initial Mark 174M->174M(247M) 8.811ms
[2020-01-29T21:59:51.446+0300][219.484s][info ][gc] GC(3338) Concurrent Mark
[2020-01-29T21:59:51.449+0300][219.487s][debug][gc] GC(3338) Concurrent active time: 2.658ms
[2020-01-29T21:59:51.449+0300][219.487s][info ][gc] GC(3338) Concurrent Mark 2.712ms
[2020-01-29T21:59:51.449+0300][219.487s][info ][gc] GC(3338) Concurrent Preclean
[2020-01-29T21:59:51.449+0300][219.487s][debug][gc] GC(3338) Concurrent active time: 0.157ms
[2020-01-29T21:59:51.449+0300][219.487s][info ][gc] GC(3338) Concurrent Preclean 0.187ms
[2020-01-29T21:59:51.449+0300][219.487s][info ][gc] GC(3338) Concurrent Abortable Preclean
[2020-01-29T21:59:51.449+0300][219.487s][debug][gc] GC(3338) Concurrent active time: 0.003ms
[2020-01-29T21:59:51.449+0300][219.487s][info ][gc] GC(3338) Concurrent Abortable Preclean 0.030ms
[2020-01-29T21:59:51.449+0300][219.488s][debug][gc] GC(3338) YG occupancy: 54488 K (78656 K)
[2020-01-29T21:59:51.460+0300][219.498s][info ][gc] GC(3338) Pause Remark 199M->199M(247M) 10.947ms
[2020-01-29T21:59:51.460+0300][219.499s][info ][gc] GC(3338) Concurrent Sweep
[2020-01-29T21:59:51.463+0300][219.502s][info ][gc] GC(3339) Pause Young (Allocation Failure) 199M->199M(247M) 0.041ms
[2020-01-29T21:59:51.529+0300][219.567s][debug][gc] GC(3338) Concurrent active time: 68.286ms
[2020-01-29T21:59:51.529+0300][219.567s][info ][gc] GC(3338) Concurrent Sweep 68.509ms
[2020-01-29T21:59:51.529+0300][219.567s][debug][gc] GC(3340) Concurrent mode failure
[2020-01-29T21:59:51.622+0300][219.661s][info ][gc] GC(3340) Pause Full (Allocation Failure) 199M->70M(247M) 159.079ms
[2020-01-29T21:59:51.695+0300][219.733s][info ][gc] GC(3341) Pause Young (Allocation Failure) 136M->155M(247M) 53.937ms
[2020-01-29T21:59:51.704+0300][219.743s][info ][gc] GC(3342) Pause Initial Mark 174M->174M(247M) 8.818ms
[2020-01-29T21:59:51.704+0300][219.743s][info ][gc] GC(3342) Concurrent Mark
[2020-01-29T21:59:51.707+0300][219.745s][debug][gc] GC(3342) Concurrent active time: 2.665ms
[2020-01-29T21:59:51.707+0300][219.745s][info ][gc] GC(3342) Concurrent Mark 2.725ms
[2020-01-29T21:59:51.707+0300][219.745s][info ][gc] GC(3342) Concurrent Preclean
[2020-01-29T21:59:51.707+0300][219.746s][debug][gc] GC(3342) Concurrent active time: 0.159ms
[2020-01-29T21:59:51.707+0300][219.746s][info ][gc] GC(3342) Concurrent Preclean 0.192ms
[2020-01-29T21:59:51.707+0300][219.746s][info ][gc] GC(3342) Concurrent Abortable Preclean
[2020-01-29T21:59:51.707+0300][219.746s][debug][gc] GC(3342) Concurrent active time: 0.004ms
[2020-01-29T21:59:51.707+0300][219.746s][info ][gc] GC(3342) Concurrent Abortable Preclean 0.031ms
[2020-01-29T21:59:51.707+0300][219.746s][debug][gc] GC(3342) YG occupancy: 54476 K (78656 K)
[2020-01-29T21:59:51.718+0300][219.757s][info ][gc] GC(3342) Pause Remark 199M->199M(247M) 10.960ms
[2020-01-29T21:59:51.718+0300][219.757s][info ][gc] GC(3342) Concurrent Sweep
[2020-01-29T21:59:51.721+0300][219.760s][info ][gc] GC(3343) Pause Young (Allocation Failure) 199M->199M(247M) 0.040ms
[2020-01-29T21:59:51.789+0300][219.827s][debug][gc] GC(3342) Concurrent active time: 69.841ms
[2020-01-29T21:59:51.789+0300][219.827s][info ][gc] GC(3342) Concurrent Sweep 70.060ms
[2020-01-29T21:59:51.789+0300][219.827s][debug][gc] GC(3344) Concurrent mode failure
[2020-01-29T21:59:51.882+0300][219.921s][info ][gc] GC(3344) Pause Full (Allocation Failure) 199M->70M(247M) 161.626ms
[2020-01-29T21:59:51.957+0300][219.996s][info ][gc] GC(3345) Pause Young (Allocation Failure) 136M->155M(247M) 56.172ms
[2020-01-29T21:59:51.966+0300][220.005s][info ][gc] GC(3346) Pause Initial Mark 174M->174M(247M) 8.819ms
[2020-01-29T21:59:51.967+0300][220.005s][info ][gc] GC(3346) Concurrent Mark
[2020-01-29T21:59:51.970+0300][220.008s][debug][gc] GC(3346) Concurrent active time: 3.030ms
[2020-01-29T21:59:51.970+0300][220.008s][info ][gc] GC(3346) Concurrent Mark 3.114ms
[2020-01-29T21:59:51.970+0300][220.008s][info ][gc] GC(3346) Concurrent Preclean
[2020-01-29T21:59:51.970+0300][220.009s][debug][gc] GC(3346) Concurrent active time: 0.177ms
[2020-01-29T21:59:51.970+0300][220.009s][info ][gc] GC(3346) Concurrent Preclean 0.210ms
[2020-01-29T21:59:51.970+0300][220.009s][info ][gc] GC(3346) Concurrent Abortable Preclean
[2020-01-29T21:59:51.970+0300][220.009s][debug][gc] GC(3346) Concurrent active time: 0.004ms
[2020-01-29T21:59:51.970+0300][220.009s][info ][gc] GC(3346) Concurrent Abortable Preclean 0.031ms
[2020-01-29T21:59:51.970+0300][220.009s][debug][gc] GC(3346) YG occupancy: 55896 K (78656 K)
[2020-01-29T21:59:51.981+0300][220.020s][info ][gc] GC(3346) Pause Remark 201M->201M(247M) 11.152ms
[2020-01-29T21:59:51.981+0300][220.020s][info ][gc] GC(3346) Concurrent Sweep
[2020-01-29T21:59:51.984+0300][220.023s][info ][gc] GC(3347) Pause Young (Allocation Failure) 199M->199M(247M) 0.043ms
[2020-01-29T21:59:52.051+0300][220.089s][debug][gc] GC(3346) Concurrent active time: 69.269ms
[2020-01-29T21:59:52.051+0300][220.089s][info ][gc] GC(3346) Concurrent Sweep 69.511ms
[2020-01-29T21:59:52.051+0300][220.089s][debug][gc] GC(3348) Concurrent mode failure
[2020-01-29T21:59:52.145+0300][220.184s][info ][gc] GC(3348) Pause Full (Allocation Failure) 199M->70M(247M) 161.143ms
[2020-01-29T21:59:52.219+0300][220.258s][info ][gc] GC(3349) Pause Young (Allocation Failure) 136M->155M(247M) 54.791ms
[2020-01-29T21:59:52.229+0300][220.268s][info ][gc] GC(3350) Pause Initial Mark 174M->174M(247M) 8.835ms
[2020-01-29T21:59:52.229+0300][220.268s][info ][gc] GC(3350) Concurrent Mark
[2020-01-29T21:59:52.232+0300][220.270s][debug][gc] GC(3350) Concurrent active time: 2.646ms
[2020-01-29T21:59:52.232+0300][220.270s][info ][gc] GC(3350) Concurrent Mark 2.701ms
[2020-01-29T21:59:52.232+0300][220.270s][info ][gc] GC(3350) Concurrent Preclean
[2020-01-29T21:59:52.232+0300][220.271s][debug][gc] GC(3350) Concurrent active time: 0.160ms
[2020-01-29T21:59:52.232+0300][220.271s][info ][gc] GC(3350) Concurrent Preclean 0.190ms
[2020-01-29T21:59:52.232+0300][220.271s][info ][gc] GC(3350) Concurrent Abortable Preclean
[2020-01-29T21:59:52.232+0300][220.271s][debug][gc] GC(3350) Concurrent active time: 0.004ms
[2020-01-29T21:59:52.232+0300][220.271s][info ][gc] GC(3350) Concurrent Abortable Preclean 0.030ms
[2020-01-29T21:59:52.232+0300][220.271s][debug][gc] GC(3350) YG occupancy: 54487 K (78656 K)
[2020-01-29T21:59:52.243+0300][220.282s][info ][gc] GC(3350) Pause Remark 199M->199M(247M) 10.911ms
[2020-01-29T21:59:52.243+0300][220.282s][info ][gc] GC(3350) Concurrent Sweep
[2020-01-29T21:59:52.246+0300][220.285s][info ][gc] GC(3351) Pause Young (Allocation Failure) 199M->199M(247M) 0.040ms
[2020-01-29T21:59:52.310+0300][220.349s][debug][gc] GC(3350) Concurrent active time: 66.637ms
[2020-01-29T21:59:52.310+0300][220.349s][info ][gc] GC(3350) Concurrent Sweep 66.858ms
[2020-01-29T21:59:52.310+0300][220.349s][debug][gc] GC(3352) Concurrent mode failure
[2020-01-29T21:59:52.404+0300][220.443s][info ][gc] GC(3352) Pause Full (Allocation Failure) 199M->70M(247M) 158.070ms
[2020-01-29T21:59:52.477+0300][220.516s][info ][gc] GC(3353) Pause Young (Allocation Failure) 136M->155M(247M) 54.727ms
[2020-01-29T21:59:52.487+0300][220.525s][info ][gc] GC(3354) Pause Initial Mark 174M->174M(247M) 8.816ms
[2020-01-29T21:59:52.487+0300][220.525s][info ][gc] GC(3354) Concurrent Mark
[2020-01-29T21:59:52.490+0300][220.528s][debug][gc] GC(3354) Concurrent active time: 2.687ms
[2020-01-29T21:59:52.490+0300][220.528s][info ][gc] GC(3354) Concurrent Mark 2.744ms
[2020-01-29T21:59:52.490+0300][220.528s][info ][gc] GC(3354) Concurrent Preclean
[2020-01-29T21:59:52.490+0300][220.528s][debug][gc] GC(3354) Concurrent active time: 0.160ms
[2020-01-29T21:59:52.490+0300][220.528s][info ][gc] GC(3354) Concurrent Preclean 0.191ms
[2020-01-29T21:59:52.490+0300][220.528s][info ][gc] GC(3354) Concurrent Abortable Preclean
[2020-01-29T21:59:52.490+0300][220.528s][debug][gc] GC(3354) Concurrent active time: 0.003ms
[2020-01-29T21:59:52.490+0300][220.528s][info ][gc] GC(3354) Concurrent Abortable Preclean 0.035ms
[2020-01-29T21:59:52.490+0300][220.528s][debug][gc] GC(3354) YG occupancy: 54489 K (78656 K)
[2020-01-29T21:59:52.504+0300][220.542s][info ][gc] GC(3354) Pause Remark 199M->199M(247M) 13.660ms
[2020-01-29T21:59:52.504+0300][220.542s][info ][gc] GC(3354) Concurrent Sweep
[2020-01-29T21:59:52.507+0300][220.545s][info ][gc] GC(3355) Pause Young (Allocation Failure) 199M->199M(247M) 0.042ms
[2020-01-29T21:59:52.572+0300][220.610s][debug][gc] GC(3354) Concurrent active time: 67.889ms
[2020-01-29T21:59:52.572+0300][220.610s][info ][gc] GC(3354) Concurrent Sweep 68.120ms
[2020-01-29T21:59:52.572+0300][220.610s][debug][gc] GC(3356) Concurrent mode failure
[2020-01-29T21:59:52.665+0300][220.704s][info ][gc] GC(3356) Pause Full (Allocation Failure) 199M->70M(247M) 159.068ms
[2020-01-29T21:59:52.740+0300][220.779s][info ][gc] GC(3357) Pause Young (Allocation Failure) 136M->155M(247M) 55.668ms
[2020-01-29T21:59:52.750+0300][220.789s][info ][gc] GC(3358) Pause Initial Mark 174M->174M(247M) 8.824ms
[2020-01-29T21:59:52.750+0300][220.789s][info ][gc] GC(3358) Concurrent Mark
[2020-01-29T21:59:52.753+0300][220.791s][debug][gc] GC(3358) Concurrent active time: 2.671ms
[2020-01-29T21:59:52.753+0300][220.791s][info ][gc] GC(3358) Concurrent Mark 2.731ms
[2020-01-29T21:59:52.753+0300][220.791s][info ][gc] GC(3358) Concurrent Preclean
[2020-01-29T21:59:52.753+0300][220.792s][debug][gc] GC(3358) Concurrent active time: 0.161ms
[2020-01-29T21:59:52.753+0300][220.792s][info ][gc] GC(3358) Concurrent Preclean 0.192ms
[2020-01-29T21:59:52.753+0300][220.792s][info ][gc] GC(3358) Concurrent Abortable Preclean
[2020-01-29T21:59:52.753+0300][220.792s][debug][gc] GC(3358) Concurrent active time: 0.003ms
[2020-01-29T21:59:52.753+0300][220.792s][info ][gc] GC(3358) Concurrent Abortable Preclean 0.030ms
[2020-01-29T21:59:52.753+0300][220.792s][debug][gc] GC(3358) YG occupancy: 54476 K (78656 K)
[2020-01-29T21:59:52.764+0300][220.803s][info ][gc] GC(3358) Pause Remark 199M->199M(247M) 10.989ms
[2020-01-29T21:59:52.764+0300][220.803s][info ][gc] GC(3358) Concurrent Sweep
[2020-01-29T21:59:52.767+0300][220.806s][info ][gc] GC(3359) Pause Young (Allocation Failure) 199M->199M(247M) 0.043ms
[2020-01-29T21:59:52.832+0300][220.871s][debug][gc] GC(3358) Concurrent active time: 67.909ms
[2020-01-29T21:59:52.832+0300][220.871s][info ][gc] GC(3358) Concurrent Sweep 68.146ms
[2020-01-29T21:59:52.833+0300][220.871s][debug][gc] GC(3360) Concurrent mode failure
[2020-01-29T21:59:52.927+0300][220.965s][info ][gc] GC(3360) Pause Full (Allocation Failure) 199M->70M(247M) 159.197ms
[2020-01-29T21:59:53.000+0300][221.039s][info ][gc] GC(3361) Pause Young (Allocation Failure) 136M->155M(247M) 55.193ms
[2020-01-29T21:59:53.010+0300][221.049s][info ][gc] GC(3362) Pause Initial Mark 174M->174M(247M) 8.855ms
[2020-01-29T21:59:53.010+0300][221.049s][info ][gc] GC(3362) Concurrent Mark
[2020-01-29T21:59:53.013+0300][221.052s][debug][gc] GC(3362) Concurrent active time: 2.929ms
[2020-01-29T21:59:53.013+0300][221.052s][info ][gc] GC(3362) Concurrent Mark 3.002ms
[2020-01-29T21:59:53.013+0300][221.052s][info ][gc] GC(3362) Concurrent Preclean
[2020-01-29T21:59:53.013+0300][221.052s][debug][gc] GC(3362) Concurrent active time: 0.183ms
[2020-01-29T21:59:53.013+0300][221.052s][info ][gc] GC(3362) Concurrent Preclean 0.218ms
[2020-01-29T21:59:53.013+0300][221.052s][info ][gc] GC(3362) Concurrent Abortable Preclean
[2020-01-29T21:59:53.013+0300][221.052s][debug][gc] GC(3362) Concurrent active time: 0.005ms
[2020-01-29T21:59:53.013+0300][221.052s][info ][gc] GC(3362) Concurrent Abortable Preclean 0.032ms
[2020-01-29T21:59:53.013+0300][221.052s][debug][gc] GC(3362) YG occupancy: 54516 K (78656 K)
[2020-01-29T21:59:53.028+0300][221.067s][info ][gc] GC(3362) Pause Remark 199M->199M(247M) 15.080ms
[2020-01-29T21:59:53.028+0300][221.067s][info ][gc] GC(3362) Concurrent Sweep
[2020-01-29T21:59:53.031+0300][221.070s][info ][gc] GC(3363) Pause Young (Allocation Failure) 199M->199M(247M) 0.041ms
[2020-01-29T21:59:53.096+0300][221.135s][debug][gc] GC(3362) Concurrent active time: 67.692ms
[2020-01-29T21:59:53.096+0300][221.135s][info ][gc] GC(3362) Concurrent Sweep 67.923ms
[2020-01-29T21:59:53.096+0300][221.135s][debug][gc] GC(3364) Concurrent mode failure
[2020-01-29T21:59:53.191+0300][221.229s][info ][gc] GC(3364) Pause Full (Allocation Failure) 199M->70M(247M) 159.298ms
[2020-01-29T21:59:53.262+0300][221.300s][info ][gc] GC(3365) Pause Young (Allocation Failure) 136M->155M(247M) 52.783ms
[2020-01-29T21:59:53.272+0300][221.310s][info ][gc] GC(3366) Pause Initial Mark 174M->174M(247M) 8.874ms
[2020-01-29T21:59:53.272+0300][221.310s][info ][gc] GC(3366) Concurrent Mark
[2020-01-29T21:59:53.275+0300][221.313s][debug][gc] GC(3366) Concurrent active time: 2.758ms
[2020-01-29T21:59:53.275+0300][221.313s][info ][gc] GC(3366) Concurrent Mark 2.824ms
[2020-01-29T21:59:53.275+0300][221.313s][info ][gc] GC(3366) Concurrent Preclean
[2020-01-29T21:59:53.275+0300][221.313s][debug][gc] GC(3366) Concurrent active time: 0.172ms
[2020-01-29T21:59:53.275+0300][221.313s][info ][gc] GC(3366) Concurrent Preclean 0.205ms
[2020-01-29T21:59:53.275+0300][221.313s][info ][gc] GC(3366) Concurrent Abortable Preclean
[2020-01-29T21:59:53.275+0300][221.313s][debug][gc] GC(3366) Concurrent active time: 0.004ms
[2020-01-29T21:59:53.275+0300][221.313s][info ][gc] GC(3366) Concurrent Abortable Preclean 0.031ms
[2020-01-29T21:59:53.275+0300][221.313s][debug][gc] GC(3366) YG occupancy: 54487 K (78656 K)
[2020-01-29T21:59:53.289+0300][221.327s][info ][gc] GC(3366) Pause Remark 199M->199M(247M) 13.883ms
[2020-01-29T21:59:53.289+0300][221.327s][info ][gc] GC(3366) Concurrent Sweep
[2020-01-29T21:59:53.292+0300][221.330s][info ][gc] GC(3367) Pause Young (Allocation Failure) 199M->199M(247M) 0.048ms
[2020-01-29T21:59:53.356+0300][221.395s][debug][gc] GC(3366) Concurrent active time: 67.337ms
[2020-01-29T21:59:53.356+0300][221.395s][info ][gc] GC(3366) Concurrent Sweep 67.599ms
[2020-01-29T21:59:53.356+0300][221.395s][debug][gc] GC(3368) Concurrent mode failure
[2020-01-29T21:59:53.450+0300][221.489s][info ][gc] GC(3368) Pause Full (Allocation Failure) 199M->70M(247M) 158.363ms
[2020-01-29T21:59:53.528+0300][221.566s][info ][gc] GC(3369) Pause Young (Allocation Failure) 136M->155M(247M) 59.036ms
[2020-01-29T21:59:53.537+0300][221.576s][info ][gc] GC(3370) Pause Initial Mark 174M->174M(247M) 8.821ms
[2020-01-29T21:59:53.537+0300][221.576s][info ][gc] GC(3370) Concurrent Mark
[2020-01-29T21:59:53.540+0300][221.579s][debug][gc] GC(3370) Concurrent active time: 2.664ms
[2020-01-29T21:59:53.540+0300][221.579s][info ][gc] GC(3370) Concurrent Mark 2.721ms
[2020-01-29T21:59:53.540+0300][221.579s][info ][gc] GC(3370) Concurrent Preclean
[2020-01-29T21:59:53.540+0300][221.579s][debug][gc] GC(3370) Concurrent active time: 0.161ms
[2020-01-29T21:59:53.540+0300][221.579s][info ][gc] GC(3370) Concurrent Preclean 0.190ms
[2020-01-29T21:59:53.540+0300][221.579s][info ][gc] GC(3370) Concurrent Abortable Preclean
[2020-01-29T21:59:53.540+0300][221.579s][debug][gc] GC(3370) Concurrent active time: 0.004ms
[2020-01-29T21:59:53.540+0300][221.579s][info ][gc] GC(3370) Concurrent Abortable Preclean 0.031ms
[2020-01-29T21:59:53.541+0300][221.579s][debug][gc] GC(3370) YG occupancy: 54488 K (78656 K)
[2020-01-29T21:59:53.551+0300][221.590s][info ][gc] GC(3370) Pause Remark 199M->199M(247M) 10.912ms
[2020-01-29T21:59:53.551+0300][221.590s][info ][gc] GC(3370) Concurrent Sweep
[2020-01-29T21:59:53.555+0300][221.593s][info ][gc] GC(3371) Pause Young (Allocation Failure) 199M->199M(247M) 0.048ms
[2020-01-29T21:59:53.620+0300][221.658s][debug][gc] GC(3370) Concurrent active time: 68.150ms
[2020-01-29T21:59:53.620+0300][221.658s][info ][gc] GC(3370) Concurrent Sweep 68.384ms
[2020-01-29T21:59:53.620+0300][221.658s][debug][gc] GC(3372) Concurrent mode failure
[2020-01-29T21:59:53.714+0300][221.752s][info ][gc] GC(3372) Pause Full (Allocation Failure) 199M->70M(247M) 159.300ms
[2020-01-29T21:59:53.788+0300][221.826s][info ][gc] GC(3373) Pause Young (Allocation Failure) 136M->155M(247M) 55.670ms
[2020-01-29T21:59:53.798+0300][221.836s][info ][gc] GC(3374) Pause Initial Mark 174M->174M(247M) 8.854ms
[2020-01-29T21:59:53.798+0300][221.836s][info ][gc] GC(3374) Concurrent Mark
[2020-01-29T21:59:53.800+0300][221.839s][debug][gc] GC(3374) Concurrent active time: 2.662ms
[2020-01-29T21:59:53.800+0300][221.839s][info ][gc] GC(3374) Concurrent Mark 2.718ms
[2020-01-29T21:59:53.800+0300][221.839s][info ][gc] GC(3374) Concurrent Preclean
[2020-01-29T21:59:53.801+0300][221.839s][debug][gc] GC(3374) Concurrent active time: 0.162ms
[2020-01-29T21:59:53.801+0300][221.839s][info ][gc] GC(3374) Concurrent Preclean 0.194ms
[2020-01-29T21:59:53.801+0300][221.839s][info ][gc] GC(3374) Concurrent Abortable Preclean
[2020-01-29T21:59:53.801+0300][221.839s][debug][gc] GC(3374) Concurrent active time: 0.005ms
[2020-01-29T21:59:53.801+0300][221.839s][info ][gc] GC(3374) Concurrent Abortable Preclean 0.031ms
[2020-01-29T21:59:53.801+0300][221.839s][debug][gc] GC(3374) YG occupancy: 54475 K (78656 K)
[2020-01-29T21:59:53.812+0300][221.850s][info ][gc] GC(3374) Pause Remark 199M->199M(247M) 11.215ms
[2020-01-29T21:59:53.812+0300][221.850s][info ][gc] GC(3374) Concurrent Sweep
[2020-01-29T21:59:53.815+0300][221.853s][info ][gc] GC(3375) Pause Young (Allocation Failure) 199M->199M(247M) 0.040ms
[2020-01-29T21:59:53.879+0300][221.918s][debug][gc] GC(3374) Concurrent active time: 67.545ms
[2020-01-29T21:59:53.880+0300][221.918s][info ][gc] GC(3374) Concurrent Sweep 67.769ms
[2020-01-29T21:59:53.880+0300][221.918s][debug][gc] GC(3376) Concurrent mode failure
[2020-01-29T21:59:53.972+0300][222.011s][info ][gc] GC(3376) Pause Full (Allocation Failure) 199M->70M(247M) 157.638ms
[2020-01-29T21:59:54.058+0300][222.097s][info ][gc] GC(3377) Pause Young (Allocation Failure) 136M->155M(247M) 67.638ms
[2020-01-29T21:59:54.068+0300][222.107s][info ][gc] GC(3378) Pause Initial Mark 174M->174M(247M) 8.826ms
[2020-01-29T21:59:54.068+0300][222.107s][info ][gc] GC(3378) Concurrent Mark
[2020-01-29T21:59:54.071+0300][222.109s][debug][gc] GC(3378) Concurrent active time: 2.662ms
[2020-01-29T21:59:54.071+0300][222.109s][info ][gc] GC(3378) Concurrent Mark 2.714ms
[2020-01-29T21:59:54.071+0300][222.109s][info ][gc] GC(3378) Concurrent Preclean
[2020-01-29T21:59:54.071+0300][222.110s][debug][gc] GC(3378) Concurrent active time: 0.161ms
[2020-01-29T21:59:54.071+0300][222.110s][info ][gc] GC(3378) Concurrent Preclean 0.192ms
[2020-01-29T21:59:54.071+0300][222.110s][info ][gc] GC(3378) Concurrent Abortable Preclean
[2020-01-29T21:59:54.071+0300][222.110s][debug][gc] GC(3378) Concurrent active time: 0.004ms
[2020-01-29T21:59:54.071+0300][222.110s][info ][gc] GC(3378) Concurrent Abortable Preclean 0.031ms
[2020-01-29T21:59:54.071+0300][222.110s][debug][gc] GC(3378) YG occupancy: 54479 K (78656 K)
[2020-01-29T21:59:54.082+0300][222.121s][info ][gc] GC(3378) Pause Remark 199M->199M(247M) 10.960ms
[2020-01-29T21:59:54.082+0300][222.121s][info ][gc] GC(3378) Concurrent Sweep
[2020-01-29T21:59:54.085+0300][222.124s][info ][gc] GC(3379) Pause Young (Allocation Failure) 199M->199M(247M) 0.040ms
[2020-01-29T21:59:54.151+0300][222.189s][debug][gc] GC(3378) Concurrent active time: 68.158ms
[2020-01-29T21:59:54.151+0300][222.189s][info ][gc] GC(3378) Concurrent Sweep 68.382ms
[2020-01-29T21:59:54.151+0300][222.189s][debug][gc] GC(3380) Concurrent mode failure
[2020-01-29T21:59:54.246+0300][222.284s][info ][gc] GC(3380) Pause Full (Allocation Failure) 199M->70M(247M) 160.252ms
[2020-01-29T21:59:54.317+0300][222.356s][info ][gc] GC(3381) Pause Young (Allocation Failure) 136M->155M(247M) 53.633ms
[2020-01-29T21:59:54.327+0300][222.366s][info ][gc] GC(3382) Pause Initial Mark 174M->174M(247M) 8.836ms
[2020-01-29T21:59:54.327+0300][222.366s][info ][gc] GC(3382) Concurrent Mark
[2020-01-29T21:59:54.330+0300][222.369s][debug][gc] GC(3382) Concurrent active time: 2.653ms
[2020-01-29T21:59:54.330+0300][222.369s][info ][gc] GC(3382) Concurrent Mark 2.714ms
[2020-01-29T21:59:54.330+0300][222.369s][info ][gc] GC(3382) Concurrent Preclean
[2020-01-29T21:59:54.330+0300][222.369s][debug][gc] GC(3382) Concurrent active time: 0.160ms
[2020-01-29T21:59:54.330+0300][222.369s][info ][gc] GC(3382) Concurrent Preclean 0.189ms
[2020-01-29T21:59:54.330+0300][222.369s][info ][gc] GC(3382) Concurrent Abortable Preclean
[2020-01-29T21:59:54.330+0300][222.369s][debug][gc] GC(3382) Concurrent active time: 0.004ms
[2020-01-29T21:59:54.330+0300][222.369s][info ][gc] GC(3382) Concurrent Abortable Preclean 0.030ms
[2020-01-29T21:59:54.330+0300][222.369s][debug][gc] GC(3382) YG occupancy: 54485 K (78656 K)
[2020-01-29T21:59:54.341+0300][222.380s][info ][gc] GC(3382) Pause Remark 199M->199M(247M) 10.942ms
[2020-01-29T21:59:54.341+0300][222.380s][info ][gc] GC(3382) Concurrent Sweep
[2020-01-29T21:59:54.344+0300][222.383s][info ][gc] GC(3383) Pause Young (Allocation Failure) 199M->199M(247M) 0.041ms
[2020-01-29T21:59:54.409+0300][222.448s][debug][gc] GC(3382) Concurrent active time: 67.756ms
[2020-01-29T21:59:54.410+0300][222.448s][info ][gc] GC(3382) Concurrent Sweep 67.981ms
[2020-01-29T21:59:54.410+0300][222.448s][debug][gc] GC(3384) Concurrent mode failure
[2020-01-29T21:59:54.504+0300][222.542s][info ][gc] GC(3384) Pause Full (Allocation Failure) 199M->70M(247M) 159.236ms
[2020-01-29T21:59:54.577+0300][222.615s][info ][gc] GC(3385) Pause Young (Allocation Failure) 136M->155M(247M) 54.424ms
[2020-01-29T21:59:54.587+0300][222.625s][info ][gc] GC(3386) Pause Initial Mark 174M->174M(247M) 8.815ms
[2020-01-29T21:59:54.587+0300][222.625s][info ][gc] GC(3386) Concurrent Mark
[2020-01-29T21:59:54.590+0300][222.628s][debug][gc] GC(3386) Concurrent active time: 2.665ms
[2020-01-29T21:59:54.590+0300][222.628s][info ][gc] GC(3386) Concurrent Mark 2.721ms
[2020-01-29T21:59:54.590+0300][222.628s][info ][gc] GC(3386) Concurrent Preclean
[2020-01-29T21:59:54.590+0300][222.628s][debug][gc] GC(3386) Concurrent active time: 0.159ms
[2020-01-29T21:59:54.590+0300][222.628s][info ][gc] GC(3386) Concurrent Preclean 0.190ms
[2020-01-29T21:59:54.590+0300][222.628s][info ][gc] GC(3386) Concurrent Abortable Preclean
[2020-01-29T21:59:54.590+0300][222.628s][debug][gc] GC(3386) Concurrent active time: 0.003ms
[2020-01-29T21:59:54.590+0300][222.628s][info ][gc] GC(3386) Concurrent Abortable Preclean 0.030ms
[2020-01-29T21:59:54.590+0300][222.628s][debug][gc] GC(3386) YG occupancy: 54487 K (78656 K)
[2020-01-29T21:59:54.601+0300][222.639s][info ][gc] GC(3386) Pause Remark 199M->199M(247M) 10.940ms
[2020-01-29T21:59:54.601+0300][222.639s][info ][gc] GC(3386) Concurrent Sweep
[2020-01-29T21:59:54.604+0300][222.642s][info ][gc] GC(3387) Pause Young (Allocation Failure) 199M->199M(247M) 0.041ms
[2020-01-29T21:59:54.669+0300][222.708s][debug][gc] GC(3386) Concurrent active time: 68.408ms
[2020-01-29T21:59:54.669+0300][222.708s][info ][gc] GC(3386) Concurrent Sweep 68.631ms
[2020-01-29T21:59:54.669+0300][222.708s][debug][gc] GC(3388) Concurrent mode failure
[2020-01-29T21:59:54.764+0300][222.802s][info ][gc] GC(3388) Pause Full (Allocation Failure) 199M->70M(247M) 160.104ms
[2020-01-29T21:59:54.837+0300][222.876s][info ][gc] GC(3389) Pause Young (Allocation Failure) 136M->155M(247M) 54.308ms
[2020-01-29T21:59:54.847+0300][222.885s][info ][gc] GC(3390) Pause Initial Mark 174M->174M(247M) 8.812ms
[2020-01-29T21:59:54.847+0300][222.885s][info ][gc] GC(3390) Concurrent Mark
[2020-01-29T21:59:54.849+0300][222.888s][debug][gc] GC(3390) Concurrent active time: 2.647ms
[2020-01-29T21:59:54.849+0300][222.888s][info ][gc] GC(3390) Concurrent Mark 2.700ms
[2020-01-29T21:59:54.849+0300][222.888s][info ][gc] GC(3390) Concurrent Preclean
[2020-01-29T21:59:54.850+0300][222.888s][debug][gc] GC(3390) Concurrent active time: 0.163ms
[2020-01-29T21:59:54.850+0300][222.888s][info ][gc] GC(3390) Concurrent Preclean 0.193ms
[2020-01-29T21:59:54.850+0300][222.888s][info ][gc] GC(3390) Concurrent Abortable Preclean
[2020-01-29T21:59:54.850+0300][222.888s][debug][gc] GC(3390) Concurrent active time: 0.003ms
[2020-01-29T21:59:54.850+0300][222.888s][info ][gc] GC(3390) Concurrent Abortable Preclean 0.033ms
[2020-01-29T21:59:54.850+0300][222.888s][debug][gc] GC(3390) YG occupancy: 54474 K (78656 K)
[2020-01-29T21:59:54.861+0300][222.899s][info ][gc] GC(3390) Pause Remark 199M->199M(247M) 10.942ms
[2020-01-29T21:59:54.861+0300][222.899s][info ][gc] GC(3390) Concurrent Sweep
[2020-01-29T21:59:54.864+0300][222.902s][info ][gc] GC(3391) Pause Young (Allocation Failure) 199M->199M(247M) 0.042ms
[2020-01-29T21:59:54.928+0300][222.966s][debug][gc] GC(3390) Concurrent active time: 66.706ms
[2020-01-29T21:59:54.928+0300][222.966s][info ][gc] GC(3390) Concurrent Sweep 66.926ms
[2020-01-29T21:59:54.928+0300][222.966s][debug][gc] GC(3392) Concurrent mode failure
[2020-01-29T21:59:55.022+0300][223.060s][info ][gc] GC(3392) Pause Full (Allocation Failure) 199M->70M(247M) 157.894ms
[2020-01-29T21:59:55.094+0300][223.133s][info ][gc] GC(3393) Pause Young (Allocation Failure) 136M->155M(247M) 54.221ms
[2020-01-29T21:59:55.104+0300][223.143s][info ][gc] GC(3394) Pause Initial Mark 174M->174M(247M) 8.832ms
[2020-01-29T21:59:55.104+0300][223.143s][info ][gc] GC(3394) Concurrent Mark
[2020-01-29T21:59:55.107+0300][223.146s][debug][gc] GC(3394) Concurrent active time: 2.681ms
[2020-01-29T21:59:55.107+0300][223.146s][info ][gc] GC(3394) Concurrent Mark 2.738ms
[2020-01-29T21:59:55.107+0300][223.146s][info ][gc] GC(3394) Concurrent Preclean
[2020-01-29T21:59:55.107+0300][223.146s][debug][gc] GC(3394) Concurrent active time: 0.159ms
[2020-01-29T21:59:55.107+0300][223.146s][info ][gc] GC(3394) Concurrent Preclean 0.190ms
[2020-01-29T21:59:55.107+0300][223.146s][info ][gc] GC(3394) Concurrent Abortable Preclean
[2020-01-29T21:59:55.107+0300][223.146s][debug][gc] GC(3394) Concurrent active time: 0.004ms
[2020-01-29T21:59:55.107+0300][223.146s][info ][gc] GC(3394) Concurrent Abortable Preclean 0.030ms
[2020-01-29T21:59:55.107+0300][223.146s][debug][gc] GC(3394) YG occupancy: 54480 K (78656 K)
[2020-01-29T21:59:55.118+0300][223.157s][info ][gc] GC(3394) Pause Remark 199M->199M(247M) 10.937ms
[2020-01-29T21:59:55.118+0300][223.157s][info ][gc] GC(3394) Concurrent Sweep
[2020-01-29T21:59:55.121+0300][223.160s][info ][gc] GC(3395) Pause Young (Allocation Failure) 199M->199M(247M) 0.040ms
[2020-01-29T21:59:55.189+0300][223.228s][debug][gc] GC(3394) Concurrent active time: 70.844ms
[2020-01-29T21:59:55.189+0300][223.228s][info ][gc] GC(3394) Concurrent Sweep 71.064ms
[2020-01-29T21:59:55.189+0300][223.228s][debug][gc] GC(3396) Concurrent mode failure
[2020-01-29T21:59:55.283+0300][223.322s][info ][gc] GC(3396) Pause Full (Allocation Failure) 199M->70M(247M) 162.354ms
[2020-01-29T21:59:55.373+0300][223.411s][info ][gc] GC(3397) Pause Young (Allocation Failure) 136M->155M(247M) 69.896ms
[2020-01-29T21:59:55.383+0300][223.421s][info ][gc] GC(3398) Pause Initial Mark 174M->174M(247M) 8.883ms
[2020-01-29T21:59:55.383+0300][223.421s][info ][gc] GC(3398) Concurrent Mark
[2020-01-29T21:59:55.386+0300][223.424s][debug][gc] GC(3398) Concurrent active time: 2.833ms
[2020-01-29T21:59:55.386+0300][223.424s][info ][gc] GC(3398) Concurrent Mark 2.900ms
[2020-01-29T21:59:55.386+0300][223.424s][info ][gc] GC(3398) Concurrent Preclean
[2020-01-29T21:59:55.386+0300][223.424s][debug][gc] GC(3398) Concurrent active time: 0.291ms
[2020-01-29T21:59:55.386+0300][223.424s][info ][gc] GC(3398) Concurrent Preclean 0.328ms
[2020-01-29T21:59:55.386+0300][223.424s][info ][gc] GC(3398) Concurrent Abortable Preclean
[2020-01-29T21:59:55.386+0300][223.424s][debug][gc] GC(3398) Concurrent active time: 0.004ms
[2020-01-29T21:59:55.386+0300][223.424s][info ][gc] GC(3398) Concurrent Abortable Preclean 0.031ms
[2020-01-29T21:59:55.386+0300][223.425s][debug][gc] GC(3398) YG occupancy: 54486 K (78656 K)
[2020-01-29T21:59:55.397+0300][223.436s][info ][gc] GC(3398) Pause Remark 199M->199M(247M) 11.007ms
[2020-01-29T21:59:55.398+0300][223.436s][info ][gc] GC(3398) Concurrent Sweep
[2020-01-29T21:59:55.401+0300][223.439s][info ][gc] GC(3399) Pause Young (Allocation Failure) 199M->199M(247M) 0.045ms
[2020-01-29T21:59:55.466+0300][223.505s][debug][gc] GC(3398) Concurrent active time: 68.866ms
[2020-01-29T21:59:55.466+0300][223.505s][info ][gc] GC(3398) Concurrent Sweep 69.114ms
[2020-01-29T21:59:55.466+0300][223.505s][debug][gc] GC(3400) Concurrent mode failure
[2020-01-29T21:59:55.561+0300][223.599s][info ][gc] GC(3400) Pause Full (Allocation Failure) 199M->70M(247M) 160.694ms
[2020-01-29T21:59:55.633+0300][223.672s][info ][gc] GC(3401) Pause Young (Allocation Failure) 136M->155M(247M) 53.680ms
[2020-01-29T21:59:55.643+0300][223.682s][info ][gc] GC(3402) Pause Initial Mark 174M->174M(247M) 8.963ms
[2020-01-29T21:59:55.643+0300][223.682s][info ][gc] GC(3402) Concurrent Mark
[2020-01-29T21:59:55.646+0300][223.684s][debug][gc] GC(3402) Concurrent active time: 2.787ms
[2020-01-29T21:59:55.646+0300][223.685s][info ][gc] GC(3402) Concurrent Mark 2.934ms
[2020-01-29T21:59:55.646+0300][223.685s][info ][gc] GC(3402) Concurrent Preclean
[2020-01-29T21:59:55.646+0300][223.685s][debug][gc] GC(3402) Concurrent active time: 0.171ms
[2020-01-29T21:59:55.646+0300][223.685s][info ][gc] GC(3402) Concurrent Preclean 0.205ms
[2020-01-29T21:59:55.646+0300][223.685s][info ][gc] GC(3402) Concurrent Abortable Preclean
[2020-01-29T21:59:55.646+0300][223.685s][debug][gc] GC(3402) Concurrent active time: 0.005ms
[2020-01-29T21:59:55.646+0300][223.685s][info ][gc] GC(3402) Concurrent Abortable Preclean 0.031ms
[2020-01-29T21:59:55.646+0300][223.685s][debug][gc] GC(3402) YG occupancy: 54590 K (78656 K)
[2020-01-29T21:59:55.657+0300][223.696s][info ][gc] GC(3402) Pause Remark 199M->199M(247M) 10.988ms
[2020-01-29T21:59:55.657+0300][223.696s][info ][gc] GC(3402) Concurrent Sweep
[2020-01-29T21:59:55.660+0300][223.699s][info ][gc] GC(3403) Pause Young (Allocation Failure) 199M->199M(247M) 0.042ms
[2020-01-29T21:59:55.726+0300][223.765s][debug][gc] GC(3402) Concurrent active time: 68.607ms
[2020-01-29T21:59:55.726+0300][223.765s][info ][gc] GC(3402) Concurrent Sweep 68.832ms
[2020-01-29T21:59:55.726+0300][223.765s][debug][gc] GC(3404) Concurrent mode failure
[2020-01-29T21:59:55.820+0300][223.859s][info ][gc] GC(3404) Pause Full (Allocation Failure) 199M->70M(247M) 160.404ms
[2020-01-29T21:59:55.892+0300][223.931s][info ][gc] GC(3405) Pause Young (Allocation Failure) 136M->155M(247M) 53.172ms
[2020-01-29T21:59:55.902+0300][223.940s][info ][gc] GC(3406) Pause Initial Mark 174M->174M(247M) 8.822ms
[2020-01-29T21:59:55.902+0300][223.940s][info ][gc] GC(3406) Concurrent Mark
[2020-01-29T21:59:55.904+0300][223.943s][debug][gc] GC(3406) Concurrent active time: 2.704ms
[2020-01-29T21:59:55.904+0300][223.943s][info ][gc] GC(3406) Concurrent Mark 2.766ms
[2020-01-29T21:59:55.904+0300][223.943s][info ][gc] GC(3406) Concurrent Preclean
[2020-01-29T21:59:55.905+0300][223.943s][debug][gc] GC(3406) Concurrent active time: 0.164ms
[2020-01-29T21:59:55.905+0300][223.943s][info ][gc] GC(3406) Concurrent Preclean 0.197ms
[2020-01-29T21:59:55.905+0300][223.943s][info ][gc] GC(3406) Concurrent Abortable Preclean
[2020-01-29T21:59:55.905+0300][223.943s][debug][gc] GC(3406) Concurrent active time: 0.004ms
[2020-01-29T21:59:55.905+0300][223.943s][info ][gc] GC(3406) Concurrent Abortable Preclean 0.031ms
[2020-01-29T21:59:55.905+0300][223.943s][debug][gc] GC(3406) YG occupancy: 53109 K (78656 K)
[2020-01-29T21:59:55.916+0300][223.954s][info ][gc] GC(3406) Pause Remark 198M->198M(247M) 10.918ms
[2020-01-29T21:59:55.916+0300][223.954s][info ][gc] GC(3406) Concurrent Sweep
[2020-01-29T21:59:55.919+0300][223.957s][info ][gc] GC(3407) Pause Young (Allocation Failure) 199M->199M(247M) 0.042ms
[2020-01-29T21:59:55.984+0300][224.023s][debug][gc] GC(3406) Concurrent active time: 67.989ms
[2020-01-29T21:59:55.984+0300][224.023s][info ][gc] GC(3406) Concurrent Sweep 68.322ms
[2020-01-29T21:59:55.984+0300][224.023s][debug][gc] GC(3408) Concurrent mode failure
[2020-01-29T21:59:56.079+0300][224.118s][info ][gc] GC(3408) Pause Full (Allocation Failure) 199M->70M(247M) 160.044ms
[2020-01-29T21:59:56.155+0300][224.193s][info ][gc] GC(3409) Pause Young (Allocation Failure) 136M->155M(247M) 56.408ms
[2020-01-29T21:59:56.165+0300][224.203s][info ][gc] GC(3410) Pause Initial Mark 174M->174M(247M) 8.836ms
[2020-01-29T21:59:56.165+0300][224.203s][info ][gc] GC(3410) Concurrent Mark
[2020-01-29T21:59:56.168+0300][224.206s][debug][gc] GC(3410) Concurrent active time: 2.680ms
[2020-01-29T21:59:56.168+0300][224.206s][info ][gc] GC(3410) Concurrent Mark 2.740ms
[2020-01-29T21:59:56.168+0300][224.206s][info ][gc] GC(3410) Concurrent Preclean
[2020-01-29T21:59:56.168+0300][224.206s][debug][gc] GC(3410) Concurrent active time: 0.161ms
[2020-01-29T21:59:56.168+0300][224.206s][info ][gc] GC(3410) Concurrent Preclean 0.193ms
[2020-01-29T21:59:56.168+0300][224.206s][info ][gc] GC(3410) Concurrent Abortable Preclean
[2020-01-29T21:59:56.168+0300][224.206s][debug][gc] GC(3410) Concurrent active time: 0.004ms
[2020-01-29T21:59:56.168+0300][224.206s][info ][gc] GC(3410) Concurrent Abortable Preclean 0.031ms
[2020-01-29T21:59:56.168+0300][224.206s][debug][gc] GC(3410) YG occupancy: 54485 K (78656 K)
[2020-01-29T21:59:56.178+0300][224.217s][info ][gc] GC(3410) Pause Remark 199M->199M(247M) 10.929ms
[2020-01-29T21:59:56.178+0300][224.217s][info ][gc] GC(3410) Concurrent Sweep
[2020-01-29T21:59:56.181+0300][224.220s][info ][gc] GC(3411) Pause Young (Allocation Failure) 199M->199M(247M) 0.041ms
[2020-01-29T21:59:56.247+0300][224.286s][debug][gc] GC(3410) Concurrent active time: 68.410ms
[2020-01-29T21:59:56.247+0300][224.286s][info ][gc] GC(3410) Concurrent Sweep 68.632ms
[2020-01-29T21:59:56.247+0300][224.286s][debug][gc] GC(3412) Concurrent mode failure
[2020-01-29T21:59:56.342+0300][224.380s][info ][gc] GC(3412) Pause Full (Allocation Failure) 199M->70M(247M) 160.335ms
[2020-01-29T21:59:56.415+0300][224.453s][info ][gc] GC(3413) Pause Young (Allocation Failure) 136M->155M(247M) 53.807ms
[2020-01-29T21:59:56.424+0300][224.463s][info ][gc] GC(3414) Pause Initial Mark 174M->174M(247M) 8.861ms
[2020-01-29T21:59:56.424+0300][224.463s][info ][gc] GC(3414) Concurrent Mark
[2020-01-29T21:59:56.427+0300][224.465s][debug][gc] GC(3414) Concurrent active time: 2.662ms
[2020-01-29T21:59:56.427+0300][224.465s][info ][gc] GC(3414) Concurrent Mark 2.720ms
[2020-01-29T21:59:56.427+0300][224.465s][info ][gc] GC(3414) Concurrent Preclean
[2020-01-29T21:59:56.427+0300][224.466s][debug][gc] GC(3414) Concurrent active time: 0.161ms
[2020-01-29T21:59:56.427+0300][224.466s][info ][gc] GC(3414) Concurrent Preclean 0.191ms
[2020-01-29T21:59:56.427+0300][224.466s][info ][gc] GC(3414) Concurrent Abortable Preclean
[2020-01-29T21:59:56.427+0300][224.466s][debug][gc] GC(3414) Concurrent active time: 0.004ms
[2020-01-29T21:59:56.427+0300][224.466s][info ][gc] GC(3414) Concurrent Abortable Preclean 0.031ms
[2020-01-29T21:59:56.427+0300][224.466s][debug][gc] GC(3414) YG occupancy: 54488 K (78656 K)
[2020-01-29T21:59:56.438+0300][224.477s][info ][gc] GC(3414) Pause Remark 199M->199M(247M) 10.921ms
[2020-01-29T21:59:56.438+0300][224.477s][info ][gc] GC(3414) Concurrent Sweep
[2020-01-29T21:59:56.441+0300][224.480s][info ][gc] GC(3415) Pause Young (Allocation Failure) 199M->199M(247M) 0.041ms
[2020-01-29T21:59:56.506+0300][224.544s][debug][gc] GC(3414) Concurrent active time: 67.546ms
[2020-01-29T21:59:56.506+0300][224.545s][info ][gc] GC(3414) Concurrent Sweep 67.771ms
[2020-01-29T21:59:56.506+0300][224.545s][debug][gc] GC(3416) Concurrent mode failure
[2020-01-29T21:59:56.599+0300][224.638s][info ][gc] GC(3416) Pause Full (Allocation Failure) 199M->70M(247M) 158.139ms
[2020-01-29T21:59:56.674+0300][224.712s][info ][gc] GC(3417) Pause Young (Allocation Failure) 136M->155M(247M) 55.846ms
[2020-01-29T21:59:56.684+0300][224.722s][info ][gc] GC(3418) Pause Initial Mark 174M->174M(247M) 8.812ms
[2020-01-29T21:59:56.684+0300][224.722s][info ][gc] GC(3418) Concurrent Mark
[2020-01-29T21:59:56.687+0300][224.725s][debug][gc] GC(3418) Concurrent active time: 2.792ms
[2020-01-29T21:59:56.687+0300][224.725s][info ][gc] GC(3418) Concurrent Mark 2.957ms
[2020-01-29T21:59:56.687+0300][224.725s][info ][gc] GC(3418) Concurrent Preclean
[2020-01-29T21:59:56.687+0300][224.725s][debug][gc] GC(3418) Concurrent active time: 0.228ms
[2020-01-29T21:59:56.687+0300][224.725s][info ][gc] GC(3418) Concurrent Preclean 0.258ms
[2020-01-29T21:59:56.687+0300][224.725s][info ][gc] GC(3418) Concurrent Abortable Preclean
[2020-01-29T21:59:56.687+0300][224.725s][debug][gc] GC(3418) Concurrent active time: 0.004ms
[2020-01-29T21:59:56.687+0300][224.725s][info ][gc] GC(3418) Concurrent Abortable Preclean 0.030ms
[2020-01-29T21:59:56.687+0300][224.725s][debug][gc] GC(3418) YG occupancy: 53210 K (78656 K)
[2020-01-29T21:59:56.698+0300][224.736s][info ][gc] GC(3418) Pause Remark 198M->198M(247M) 10.879ms
[2020-01-29T21:59:56.698+0300][224.736s][info ][gc] GC(3418) Concurrent Sweep
[2020-01-29T21:59:56.701+0300][224.739s][info ][gc] GC(3419) Pause Young (Allocation Failure) 199M->199M(247M) 0.044ms
[2020-01-29T21:59:56.766+0300][224.805s][debug][gc] GC(3418) Concurrent active time: 68.439ms
[2020-01-29T21:59:56.766+0300][224.805s][info ][gc] GC(3418) Concurrent Sweep 68.671ms
[2020-01-29T21:59:56.766+0300][224.805s][debug][gc] GC(3420) Concurrent mode failure
[2020-01-29T21:59:56.860+0300][224.898s][info ][gc] GC(3420) Pause Full (Allocation Failure) 199M->70M(247M) 159.095ms
[2020-01-29T21:59:56.933+0300][224.972s][info ][gc] GC(3421) Pause Young (Allocation Failure) 136M->155M(247M) 54.650ms
[2020-01-29T21:59:56.943+0300][224.982s][info ][gc] GC(3422) Pause Initial Mark 174M->174M(247M) 8.955ms
[2020-01-29T21:59:56.943+0300][224.982s][info ][gc] GC(3422) Concurrent Mark
[2020-01-29T21:59:56.946+0300][224.984s][debug][gc] GC(3422) Concurrent active time: 2.674ms
[2020-01-29T21:59:56.946+0300][224.984s][info ][gc] GC(3422) Concurrent Mark 2.728ms
[2020-01-29T21:59:56.946+0300][224.984s][info ][gc] GC(3422) Concurrent Preclean
[2020-01-29T21:59:56.946+0300][224.984s][debug][gc] GC(3422) Concurrent active time: 0.160ms
[2020-01-29T21:59:56.946+0300][224.985s][info ][gc] GC(3422) Concurrent Preclean 0.190ms
[2020-01-29T21:59:56.946+0300][224.985s][info ][gc] GC(3422) Concurrent Abortable Preclean
[2020-01-29T21:59:56.946+0300][224.985s][debug][gc] GC(3422) Concurrent active time: 0.004ms
[2020-01-29T21:59:56.946+0300][224.985s][info ][gc] GC(3422) Concurrent Abortable Preclean 0.030ms
[2020-01-29T21:59:56.946+0300][224.985s][debug][gc] GC(3422) YG occupancy: 54489 K (78656 K)
[2020-01-29T21:59:56.957+0300][224.996s][info ][gc] GC(3422) Pause Remark 199M->199M(247M) 10.940ms
[2020-01-29T21:59:56.957+0300][224.996s][info ][gc] GC(3422) Concurrent Sweep
[2020-01-29T21:59:56.960+0300][224.999s][info ][gc] GC(3423) Pause Young (Allocation Failure) 199M->199M(247M) 0.042ms
[2020-01-29T21:59:57.025+0300][225.063s][debug][gc] GC(3422) Concurrent active time: 67.318ms
[2020-01-29T21:59:57.025+0300][225.063s][info ][gc] GC(3422) Concurrent Sweep 67.545ms
[2020-01-29T21:59:57.025+0300][225.063s][debug][gc] GC(3424) Concurrent mode failure
[2020-01-29T21:59:57.119+0300][225.158s][info ][gc] GC(3424) Pause Full (Allocation Failure) 199M->70M(247M) 159.119ms
[2020-01-29T21:59:57.195+0300][225.234s][info ][gc] GC(3425) Pause Young (Allocation Failure) 136M->155M(247M) 57.241ms
[2020-01-29T21:59:57.205+0300][225.243s][info ][gc] GC(3426) Pause Initial Mark 174M->174M(247M) 8.820ms
[2020-01-29T21:59:57.205+0300][225.243s][info ][gc] GC(3426) Concurrent Mark
[2020-01-29T21:59:57.207+0300][225.246s][debug][gc] GC(3426) Concurrent active time: 2.678ms
[2020-01-29T21:59:57.207+0300][225.246s][info ][gc] GC(3426) Concurrent Mark 2.735ms
[2020-01-29T21:59:57.208+0300][225.246s][info ][gc] GC(3426) Concurrent Preclean
[2020-01-29T21:59:57.208+0300][225.246s][debug][gc] GC(3426) Concurrent active time: 0.158ms
[2020-01-29T21:59:57.208+0300][225.246s][info ][gc] GC(3426) Concurrent Preclean 0.190ms
[2020-01-29T21:59:57.208+0300][225.246s][info ][gc] GC(3426) Concurrent Abortable Preclean
[2020-01-29T21:59:57.208+0300][225.246s][debug][gc] GC(3426) Concurrent active time: 0.004ms
[2020-01-29T21:59:57.208+0300][225.246s][info ][gc] GC(3426) Concurrent Abortable Preclean 0.034ms
[2020-01-29T21:59:57.208+0300][225.247s][debug][gc] GC(3426) YG occupancy: 54485 K (78656 K)
[2020-01-29T21:59:57.219+0300][225.258s][info ][gc] GC(3426) Pause Remark 199M->199M(247M) 11.161ms
[2020-01-29T21:59:57.219+0300][225.258s][info ][gc] GC(3426) Concurrent Sweep
[2020-01-29T21:59:57.222+0300][225.261s][info ][gc] GC(3427) Pause Young (Allocation Failure) 199M->199M(247M) 0.042ms
[2020-01-29T21:59:57.288+0300][225.326s][debug][gc] GC(3426) Concurrent active time: 67.846ms
[2020-01-29T21:59:57.288+0300][225.326s][info ][gc] GC(3426) Concurrent Sweep 68.067ms
[2020-01-29T21:59:57.288+0300][225.326s][debug][gc] GC(3428) Concurrent mode failure
[2020-01-29T21:59:57.382+0300][225.420s][info ][gc] GC(3428) Pause Full (Allocation Failure) 199M->70M(247M) 159.198ms
[2020-01-29T21:59:57.455+0300][225.493s][info ][gc] GC(3429) Pause Young (Allocation Failure) 136M->155M(247M) 54.082ms
[2020-01-29T21:59:57.465+0300][225.503s][info ][gc] GC(3430) Pause Initial Mark 174M->174M(247M) 8.869ms
[2020-01-29T21:59:57.465+0300][225.503s][info ][gc] GC(3430) Concurrent Mark
[2020-01-29T21:59:57.467+0300][225.505s][debug][gc] GC(3430) Concurrent active time: 2.713ms
[2020-01-29T21:59:57.467+0300][225.505s][info ][gc] GC(3430) Concurrent Mark 2.776ms
[2020-01-29T21:59:57.467+0300][225.505s][info ][gc] GC(3430) Concurrent Preclean
[2020-01-29T21:59:57.468+0300][225.506s][debug][gc] GC(3430) Concurrent active time: 0.180ms
[2020-01-29T21:59:57.468+0300][225.506s][info ][gc] GC(3430) Concurrent Preclean 0.214ms
[2020-01-29T21:59:57.468+0300][225.506s][info ][gc] GC(3430) Concurrent Abortable Preclean
[2020-01-29T21:59:57.468+0300][225.506s][debug][gc] GC(3430) Concurrent active time: 0.004ms
[2020-01-29T21:59:57.468+0300][225.506s][info ][gc] GC(3430) Concurrent Abortable Preclean 0.031ms
[2020-01-29T21:59:57.468+0300][225.506s][debug][gc] GC(3430) YG occupancy: 54488 K (78656 K)
[2020-01-29T21:59:57.479+0300][225.517s][info ][gc] GC(3430) Pause Remark 199M->199M(247M) 10.969ms
[2020-01-29T21:59:57.479+0300][225.517s][info ][gc] GC(3430) Concurrent Sweep
[2020-01-29T21:59:57.482+0300][225.520s][info ][gc] GC(3431) Pause Young (Allocation Failure) 199M->199M(247M) 0.042ms
[2020-01-29T21:59:57.546+0300][225.585s][debug][gc] GC(3430) Concurrent active time: 67.910ms
[2020-01-29T21:59:57.546+0300][225.585s][info ][gc] GC(3430) Concurrent Sweep 68.129ms
[2020-01-29T21:59:57.546+0300][225.585s][debug][gc] GC(3432) Concurrent mode failure
[2020-01-29T21:59:57.641+0300][225.679s][info ][gc] GC(3432) Pause Full (Allocation Failure) 199M->70M(247M) 159.334ms
[2020-01-29T21:59:57.713+0300][225.751s][info ][gc] GC(3433) Pause Young (Allocation Failure) 136M->155M(247M) 54.245ms
[2020-01-29T21:59:57.723+0300][225.761s][info ][gc] GC(3434) Pause Initial Mark 174M->174M(247M) 8.819ms
[2020-01-29T21:59:57.723+0300][225.761s][info ][gc] GC(3434) Concurrent Mark
[2020-01-29T21:59:57.725+0300][225.764s][debug][gc] GC(3434) Concurrent active time: 2.694ms
[2020-01-29T21:59:57.725+0300][225.764s][info ][gc] GC(3434) Concurrent Mark 2.749ms
[2020-01-29T21:59:57.725+0300][225.764s][info ][gc] GC(3434) Concurrent Preclean
[2020-01-29T21:59:57.726+0300][225.764s][debug][gc] GC(3434) Concurrent active time: 0.163ms
[2020-01-29T21:59:57.726+0300][225.764s][info ][gc] GC(3434) Concurrent Preclean 0.194ms
[2020-01-29T21:59:57.726+0300][225.764s][info ][gc] GC(3434) Concurrent Abortable Preclean
[2020-01-29T21:59:57.726+0300][225.764s][debug][gc] GC(3434) Concurrent active time: 0.004ms
[2020-01-29T21:59:57.726+0300][225.764s][info ][gc] GC(3434) Concurrent Abortable Preclean 0.030ms
[2020-01-29T21:59:57.726+0300][225.764s][debug][gc] GC(3434) YG occupancy: 54475 K (78656 K)
[2020-01-29T21:59:57.737+0300][225.775s][info ][gc] GC(3434) Pause Remark 199M->199M(247M) 11.039ms
[2020-01-29T21:59:57.737+0300][225.775s][info ][gc] GC(3434) Concurrent Sweep
[2020-01-29T21:59:57.740+0300][225.778s][info ][gc] GC(3435) Pause Young (Allocation Failure) 199M->199M(247M) 0.042ms
[2020-01-29T21:59:57.806+0300][225.844s][debug][gc] GC(3434) Concurrent active time: 68.732ms
[2020-01-29T21:59:57.806+0300][225.844s][info ][gc] GC(3434) Concurrent Sweep 68.955ms
[2020-01-29T21:59:57.806+0300][225.844s][debug][gc] GC(3436) Concurrent mode failure
[2020-01-29T21:59:57.900+0300][225.938s][info ][gc] GC(3436) Pause Full (Allocation Failure) 199M->70M(247M) 160.328ms
[2020-01-29T21:59:57.972+0300][226.011s][info ][gc] GC(3437) Pause Young (Allocation Failure) 136M->155M(247M) 54.647ms
[2020-01-29T21:59:57.982+0300][226.021s][info ][gc] GC(3438) Pause Initial Mark 174M->174M(247M) 8.816ms
[2020-01-29T21:59:57.982+0300][226.021s][info ][gc] GC(3438) Concurrent Mark
[2020-01-29T21:59:57.985+0300][226.024s][debug][gc] GC(3438) Concurrent active time: 2.933ms
[2020-01-29T21:59:57.985+0300][226.024s][info ][gc] GC(3438) Concurrent Mark 2.998ms
[2020-01-29T21:59:57.985+0300][226.024s][info ][gc] GC(3438) Concurrent Preclean
[2020-01-29T21:59:57.985+0300][226.024s][debug][gc] GC(3438) Concurrent active time: 0.182ms
[2020-01-29T21:59:57.985+0300][226.024s][info ][gc] GC(3438) Concurrent Preclean 0.218ms
[2020-01-29T21:59:57.985+0300][226.024s][info ][gc] GC(3438) Concurrent Abortable Preclean
[2020-01-29T21:59:57.985+0300][226.024s][debug][gc] GC(3438) Concurrent active time: 0.004ms
[2020-01-29T21:59:57.985+0300][226.024s][info ][gc] GC(3438) Concurrent Abortable Preclean 0.031ms
[2020-01-29T21:59:57.985+0300][226.024s][debug][gc] GC(3438) YG occupancy: 53135 K (78656 K)
[2020-01-29T21:59:57.996+0300][226.035s][info ][gc] GC(3438) Pause Remark 198M->198M(247M) 10.946ms
[2020-01-29T21:59:57.996+0300][226.035s][info ][gc] GC(3438) Concurrent Sweep
[2020-01-29T21:59:58.000+0300][226.038s][info ][gc] GC(3439) Pause Young (Allocation Failure) 199M->199M(247M) 0.046ms
[2020-01-29T21:59:58.064+0300][226.103s][debug][gc] GC(3438) Concurrent active time: 67.665ms
[2020-01-29T21:59:58.064+0300][226.103s][info ][gc] GC(3438) Concurrent Sweep 67.909ms
[2020-01-29T21:59:58.064+0300][226.103s][debug][gc] GC(3440) Concurrent mode failure
[2020-01-29T21:59:58.159+0300][226.197s][info ][gc] GC(3440) Pause Full (Allocation Failure) 199M->70M(247M) 158.775ms
[2020-01-29T21:59:58.232+0300][226.270s][info ][gc] GC(3441) Pause Young (Allocation Failure) 136M->155M(247M) 53.847ms
[2020-01-29T21:59:58.240+0300][226.279s][info ][gc] GC(3442) Pause Initial Mark 174M->174M(247M) 8.811ms
[2020-01-29T21:59:58.240+0300][226.279s][info ][gc] GC(3442) Concurrent Mark
[2020-01-29T21:59:58.243+0300][226.282s][debug][gc] GC(3442) Concurrent active time: 2.657ms
[2020-01-29T21:59:58.243+0300][226.282s][info ][gc] GC(3442) Concurrent Mark 2.710ms
[2020-01-29T21:59:58.243+0300][226.282s][info ][gc] GC(3442) Concurrent Preclean
[2020-01-29T21:59:58.243+0300][226.282s][debug][gc] GC(3442) Concurrent active time: 0.159ms
[2020-01-29T21:59:58.243+0300][226.282s][info ][gc] GC(3442) Concurrent Preclean 0.189ms
[2020-01-29T21:59:58.243+0300][226.282s][info ][gc] GC(3442) Concurrent Abortable Preclean
[2020-01-29T21:59:58.243+0300][226.282s][debug][gc] GC(3442) Concurrent active time: 0.003ms
[2020-01-29T21:59:58.243+0300][226.282s][info ][gc] GC(3442) Concurrent Abortable Preclean 0.030ms
[2020-01-29T21:59:58.243+0300][226.282s][debug][gc] GC(3442) YG occupancy: 54487 K (78656 K)
[2020-01-29T21:59:58.254+0300][226.293s][info ][gc] GC(3442) Pause Remark 199M->199M(247M) 10.968ms
[2020-01-29T21:59:58.254+0300][226.293s][info ][gc] GC(3442) Concurrent Sweep
[2020-01-29T21:59:58.257+0300][226.296s][info ][gc] GC(3443) Pause Young (Allocation Failure) 199M->199M(247M) 0.045ms
[2020-01-29T21:59:58.322+0300][226.361s][debug][gc] GC(3442) Concurrent active time: 67.621ms
[2020-01-29T21:59:58.322+0300][226.361s][info ][gc] GC(3442) Concurrent Sweep 67.874ms
[2020-01-29T21:59:58.322+0300][226.361s][debug][gc] GC(3444) Concurrent mode failure
[2020-01-29T21:59:58.417+0300][226.455s][info ][gc] GC(3444) Pause Full (Allocation Failure) 199M->70M(247M) 158.847ms
[2020-01-29T21:59:58.491+0300][226.529s][info ][gc] GC(3445) Pause Young (Allocation Failure) 136M->155M(247M) 55.470ms
[2020-01-29T21:59:58.501+0300][226.539s][info ][gc] GC(3446) Pause Initial Mark 174M->174M(247M) 8.941ms
[2020-01-29T21:59:58.501+0300][226.539s][info ][gc] GC(3446) Concurrent Mark
[2020-01-29T21:59:58.504+0300][226.542s][debug][gc] GC(3446) Concurrent active time: 2.873ms
[2020-01-29T21:59:58.504+0300][226.542s][info ][gc] GC(3446) Concurrent Mark 2.936ms
[2020-01-29T21:59:58.504+0300][226.542s][info ][gc] GC(3446) Concurrent Preclean
[2020-01-29T21:59:58.504+0300][226.542s][debug][gc] GC(3446) Concurrent active time: 0.165ms
[2020-01-29T21:59:58.504+0300][226.543s][info ][gc] GC(3446) Concurrent Preclean 0.197ms
[2020-01-29T21:59:58.504+0300][226.543s][info ][gc] GC(3446) Concurrent Abortable Preclean
[2020-01-29T21:59:58.504+0300][226.543s][debug][gc] GC(3446) Concurrent active time: 0.004ms
[2020-01-29T21:59:58.504+0300][226.543s][info ][gc] GC(3446) Concurrent Abortable Preclean 0.030ms
[2020-01-29T21:59:58.504+0300][226.543s][debug][gc] GC(3446) YG occupancy: 55868 K (78656 K)
[2020-01-29T21:59:58.515+0300][226.554s][info ][gc] GC(3446) Pause Remark 201M->201M(247M) 10.998ms
[2020-01-29T21:59:58.515+0300][226.554s][info ][gc] GC(3446) Concurrent Sweep
[2020-01-29T21:59:58.518+0300][226.557s][info ][gc] GC(3447) Pause Young (Allocation Failure) 199M->199M(247M) 0.044ms
[2020-01-29T21:59:58.584+0300][226.622s][debug][gc] GC(3446) Concurrent active time: 68.228ms
[2020-01-29T21:59:58.584+0300][226.622s][info ][gc] GC(3446) Concurrent Sweep 68.473ms
[2020-01-29T21:59:58.584+0300][226.622s][debug][gc] GC(3448) Concurrent mode failure
[2020-01-29T21:59:58.678+0300][226.716s][info ][gc] GC(3448) Pause Full (Allocation Failure) 199M->70M(247M) 159.155ms
[2020-01-29T21:59:58.751+0300][226.789s][info ][gc] GC(3449) Pause Young (Allocation Failure) 136M->155M(247M) 54.287ms
[2020-01-29T21:59:58.761+0300][226.799s][info ][gc] GC(3450) Pause Initial Mark 174M->174M(247M) 8.844ms
[2020-01-29T21:59:58.761+0300][226.799s][info ][gc] GC(3450) Concurrent Mark
[2020-01-29T21:59:58.763+0300][226.801s][debug][gc] GC(3450) Concurrent active time: 2.649ms
[2020-01-29T21:59:58.763+0300][226.801s][info ][gc] GC(3450) Concurrent Mark 2.706ms
[2020-01-29T21:59:58.763+0300][226.801s][info ][gc] GC(3450) Concurrent Preclean
[2020-01-29T21:59:58.764+0300][226.802s][debug][gc] GC(3450) Concurrent active time: 0.164ms
[2020-01-29T21:59:58.764+0300][226.802s][info ][gc] GC(3450) Concurrent Preclean 0.195ms
[2020-01-29T21:59:58.764+0300][226.802s][info ][gc] GC(3450) Concurrent Abortable Preclean
[2020-01-29T21:59:58.764+0300][226.802s][debug][gc] GC(3450) Concurrent active time: 0.004ms
[2020-01-29T21:59:58.764+0300][226.802s][info ][gc] GC(3450) Concurrent Abortable Preclean 0.030ms
[2020-01-29T21:59:58.764+0300][226.802s][debug][gc] GC(3450) YG occupancy: 54475 K (78656 K)
[2020-01-29T21:59:58.775+0300][226.813s][info ][gc] GC(3450) Pause Remark 199M->199M(247M) 10.955ms
[2020-01-29T21:59:58.775+0300][226.813s][info ][gc] GC(3450) Concurrent Sweep
[2020-01-29T21:59:58.777+0300][226.816s][info ][gc] GC(3451) Pause Young (Allocation Failure) 199M->199M(247M) 0.042ms
[2020-01-29T21:59:58.843+0300][226.881s][debug][gc] GC(3450) Concurrent active time: 68.203ms
[2020-01-29T21:59:58.843+0300][226.881s][info ][gc] GC(3450) Concurrent Sweep 68.447ms
[2020-01-29T21:59:58.843+0300][226.881s][debug][gc] GC(3452) Concurrent mode failure
[2020-01-29T21:59:58.936+0300][226.975s][info ][gc] GC(3452) Pause Full (Allocation Failure) 199M->70M(247M) 158.963ms
[2020-01-29T21:59:59.009+0300][227.048s][info ][gc] GC(3453) Pause Young (Allocation Failure) 136M->155M(247M) 54.886ms
[2020-01-29T21:59:59.019+0300][227.058s][info ][gc] GC(3454) Pause Initial Mark 174M->174M(247M) 8.829ms
[2020-01-29T21:59:59.019+0300][227.058s][info ][gc] GC(3454) Concurrent Mark
[2020-01-29T21:59:59.022+0300][227.061s][debug][gc] GC(3454) Concurrent active time: 2.841ms
[2020-01-29T21:59:59.022+0300][227.061s][info ][gc] GC(3454) Concurrent Mark 2.918ms
[2020-01-29T21:59:59.022+0300][227.061s][info ][gc] GC(3454) Concurrent Preclean
[2020-01-29T21:59:59.022+0300][227.061s][debug][gc] GC(3454) Concurrent active time: 0.195ms
[2020-01-29T21:59:59.022+0300][227.061s][info ][gc] GC(3454) Concurrent Preclean 0.234ms
[2020-01-29T21:59:59.022+0300][227.061s][info ][gc] GC(3454) Concurrent Abortable Preclean
[2020-01-29T21:59:59.022+0300][227.061s][debug][gc] GC(3454) Concurrent active time: 0.005ms
[2020-01-29T21:59:59.022+0300][227.061s][info ][gc] GC(3454) Concurrent Abortable Preclean 0.032ms
[2020-01-29T21:59:59.022+0300][227.061s][debug][gc] GC(3454) YG occupancy: 54515 K (78656 K)
[2020-01-29T21:59:59.033+0300][227.072s][info ][gc] GC(3454) Pause Remark 199M->199M(247M) 11.243ms
[2020-01-29T21:59:59.034+0300][227.072s][info ][gc] GC(3454) Concurrent Sweep
[2020-01-29T21:59:59.037+0300][227.076s][info ][gc] GC(3455) Pause Young (Allocation Failure) 198M->198M(247M) 0.046ms
[2020-01-29T21:59:59.101+0300][227.140s][debug][gc] GC(3454) Concurrent active time: 67.080ms
[2020-01-29T21:59:59.101+0300][227.140s][info ][gc] GC(3454) Concurrent Sweep 67.337ms
[2020-01-29T21:59:59.101+0300][227.140s][debug][gc] GC(3456) Concurrent mode failure
[2020-01-29T21:59:59.196+0300][227.234s][info ][gc] GC(3456) Pause Full (Allocation Failure) 198M->70M(247M) 158.167ms
[2020-01-29T21:59:59.268+0300][227.306s][info ][gc] GC(3457) Pause Young (Allocation Failure) 136M->155M(247M) 54.179ms
[2020-01-29T21:59:59.278+0300][227.316s][info ][gc] GC(3458) Pause Initial Mark 174M->174M(247M) 8.864ms
[2020-01-29T21:59:59.278+0300][227.316s][info ][gc] GC(3458) Concurrent Mark
[2020-01-29T21:59:59.280+0300][227.319s][debug][gc] GC(3458) Concurrent active time: 2.650ms
[2020-01-29T21:59:59.280+0300][227.319s][info ][gc] GC(3458) Concurrent Mark 2.706ms
[2020-01-29T21:59:59.281+0300][227.319s][info ][gc] GC(3458) Concurrent Preclean
[2020-01-29T21:59:59.281+0300][227.319s][debug][gc] GC(3458) Concurrent active time: 0.161ms
[2020-01-29T21:59:59.281+0300][227.319s][info ][gc] GC(3458) Concurrent Preclean 0.192ms
[2020-01-29T21:59:59.281+0300][227.319s][info ][gc] GC(3458) Concurrent Abortable Preclean
[2020-01-29T21:59:59.281+0300][227.319s][debug][gc] GC(3458) Concurrent active time: 0.004ms
[2020-01-29T21:59:59.281+0300][227.319s][info ][gc] GC(3458) Concurrent Abortable Preclean 0.031ms
[2020-01-29T21:59:59.281+0300][227.319s][debug][gc] GC(3458) YG occupancy: 54486 K (78656 K)
[2020-01-29T21:59:59.292+0300][227.330s][info ][gc] GC(3458) Pause Remark 199M->199M(247M) 10.954ms
[2020-01-29T21:59:59.292+0300][227.330s][info ][gc] GC(3458) Concurrent Sweep
[2020-01-29T21:59:59.295+0300][227.333s][info ][gc] GC(3459) Pause Young (Allocation Failure) 199M->199M(247M) 0.041ms
[2020-01-29T21:59:59.360+0300][227.398s][debug][gc] GC(3458) Concurrent active time: 68.189ms
[2020-01-29T21:59:59.360+0300][227.398s][info ][gc] GC(3458) Concurrent Sweep 68.407ms
[2020-01-29T21:59:59.360+0300][227.398s][debug][gc] GC(3460) Concurrent mode failure
[2020-01-29T21:59:59.454+0300][227.493s][info ][gc] GC(3460) Pause Full (Allocation Failure) 199M->70M(247M) 159.625ms
[2020-01-29T21:59:59.530+0300][227.569s][info ][gc] GC(3461) Pause Young (Allocation Failure) 136M->155M(247M) 57.435ms
[2020-01-29T21:59:59.540+0300][227.578s][info ][gc] GC(3462) Pause Initial Mark 174M->174M(247M) 8.853ms
[2020-01-29T21:59:59.540+0300][227.579s][info ][gc] GC(3462) Concurrent Mark
[2020-01-29T21:59:59.543+0300][227.581s][debug][gc] GC(3462) Concurrent active time: 2.646ms
[2020-01-29T21:59:59.543+0300][227.581s][info ][gc] GC(3462) Concurrent Mark 2.700ms
[2020-01-29T21:59:59.543+0300][227.581s][info ][gc] GC(3462) Concurrent Preclean
[2020-01-29T21:59:59.543+0300][227.581s][debug][gc] GC(3462) Concurrent active time: 0.163ms
[2020-01-29T21:59:59.543+0300][227.581s][info ][gc] GC(3462) Concurrent Preclean 0.194ms
[2020-01-29T21:59:59.543+0300][227.581s][info ][gc] GC(3462) Concurrent Abortable Preclean
[2020-01-29T21:59:59.543+0300][227.581s][debug][gc] GC(3462) Concurrent active time: 0.004ms
[2020-01-29T21:59:59.543+0300][227.581s][info ][gc] GC(3462) Concurrent Abortable Preclean 0.033ms
[2020-01-29T21:59:59.543+0300][227.582s][debug][gc] GC(3462) YG occupancy: 54490 K (78656 K)
[2020-01-29T21:59:59.554+0300][227.593s][info ][gc] GC(3462) Pause Remark 199M->199M(247M) 11.080ms
[2020-01-29T21:59:59.554+0300][227.593s][info ][gc] GC(3462) Concurrent Sweep
[2020-01-29T21:59:59.557+0300][227.596s][info ][gc] GC(3463) Pause Young (Allocation Failure) 199M->199M(247M) 0.042ms
[2020-01-29T21:59:59.621+0300][227.659s][debug][gc] GC(3462) Concurrent active time: 66.521ms
[2020-01-29T21:59:59.621+0300][227.659s][info ][gc] GC(3462) Concurrent Sweep 66.749ms
[2020-01-29T21:59:59.621+0300][227.659s][debug][gc] GC(3464) Concurrent mode failure
[2020-01-29T21:59:59.716+0300][227.754s][info ][gc] GC(3464) Pause Full (Allocation Failure) 199M->70M(247M) 157.862ms
[2020-01-29T21:59:59.788+0300][227.827s][info ][gc] GC(3465) Pause Young (Allocation Failure) 137M->155M(247M) 54.567ms
[2020-01-29T21:59:59.798+0300][227.837s][info ][gc] GC(3466) Pause Initial Mark 174M->174M(247M) 8.829ms
[2020-01-29T21:59:59.798+0300][227.837s][info ][gc] GC(3466) Concurrent Mark
[2020-01-29T21:59:59.801+0300][227.839s][debug][gc] GC(3466) Concurrent active time: 2.648ms
[2020-01-29T21:59:59.801+0300][227.839s][info ][gc] GC(3466) Concurrent Mark 2.700ms
[2020-01-29T21:59:59.801+0300][227.840s][info ][gc] GC(3466) Concurrent Preclean
[2020-01-29T21:59:59.801+0300][227.840s][debug][gc] GC(3466) Concurrent active time: 0.161ms
[2020-01-29T21:59:59.801+0300][227.840s][info ][gc] GC(3466) Concurrent Preclean 0.191ms
[2020-01-29T21:59:59.801+0300][227.840s][info ][gc] GC(3466) Concurrent Abortable Preclean
[2020-01-29T21:59:59.801+0300][227.840s][debug][gc] GC(3466) Concurrent active time: 0.004ms
[2020-01-29T21:59:59.801+0300][227.840s][info ][gc] GC(3466) Concurrent Abortable Preclean 0.031ms
[2020-01-29T21:59:59.801+0300][227.840s][debug][gc] GC(3466) YG occupancy: 54474 K (78656 K)
[2020-01-29T21:59:59.812+0300][227.851s][info ][gc] GC(3466) Pause Remark 199M->199M(247M) 10.928ms
[2020-01-29T21:59:59.812+0300][227.851s][info ][gc] GC(3466) Concurrent Sweep
[2020-01-29T21:59:59.815+0300][227.854s][info ][gc] GC(3467) Pause Young (Allocation Failure) 199M->199M(247M) 0.043ms
[2020-01-29T21:59:59.879+0300][227.918s][debug][gc] GC(3466) Concurrent active time: 66.920ms
[2020-01-29T21:59:59.879+0300][227.918s][info ][gc] GC(3466) Concurrent Sweep 67.150ms
[2020-01-29T21:59:59.879+0300][227.918s][debug][gc] GC(3468) Concurrent mode failure
[2020-01-29T21:59:59.973+0300][228.012s][info ][gc] GC(3468) Pause Full (Allocation Failure) 199M->70M(247M) 157.693ms
[2020-01-29T22:00:00.067+0300][228.105s][info ][gc] GC(3469) Pause Young (Allocation Failure) 136M->155M(247M) 75.494ms
[2020-01-29T22:00:00.077+0300][228.115s][info ][gc] GC(3470) Pause Initial Mark 174M->174M(247M) 8.849ms
[2020-01-29T22:00:00.077+0300][228.115s][info ][gc] GC(3470) Concurrent Mark
[2020-01-29T22:00:00.080+0300][228.118s][debug][gc] GC(3470) Concurrent active time: 2.784ms
[2020-01-29T22:00:00.080+0300][228.118s][info ][gc] GC(3470) Concurrent Mark 2.843ms
[2020-01-29T22:00:00.080+0300][228.118s][info ][gc] GC(3470) Concurrent Preclean
[2020-01-29T22:00:00.080+0300][228.118s][debug][gc] GC(3470) Concurrent active time: 0.161ms
[2020-01-29T22:00:00.080+0300][228.118s][info ][gc] GC(3470) Concurrent Preclean 0.192ms
[2020-01-29T22:00:00.080+0300][228.118s][info ][gc] GC(3470) Concurrent Abortable Preclean
[2020-01-29T22:00:00.080+0300][228.118s][debug][gc] GC(3470) Concurrent active time: 0.004ms
[2020-01-29T22:00:00.080+0300][228.118s][info ][gc] GC(3470) Concurrent Abortable Preclean 0.030ms
[2020-01-29T22:00:00.080+0300][228.118s][debug][gc] GC(3470) YG occupancy: 55859 K (78656 K)
[2020-01-29T22:00:00.091+0300][228.129s][info ][gc] GC(3470) Pause Remark 201M->201M(247M) 10.979ms
[2020-01-29T22:00:00.091+0300][228.129s][info ][gc] GC(3470) Concurrent Sweep
[2020-01-29T22:00:00.094+0300][228.132s][info ][gc] GC(3471) Pause Young (Allocation Failure) 199M->199M(247M) 0.044ms
[2020-01-29T22:00:00.160+0300][228.199s][debug][gc] GC(3470) Concurrent active time: 69.361ms
[2020-01-29T22:00:00.160+0300][228.199s][info ][gc] GC(3470) Concurrent Sweep 69.609ms
[2020-01-29T22:00:00.160+0300][228.199s][debug][gc] GC(3472) Concurrent mode failure
[2020-01-29T22:00:00.255+0300][228.294s][info ][gc] GC(3472) Pause Full (Allocation Failure) 199M->70M(247M) 161.143ms
[2020-01-29T22:00:00.326+0300][228.365s][info ][gc] GC(3473) Pause Young (Allocation Failure) 136M->155M(247M) 53.207ms
[2020-01-29T22:00:00.336+0300][228.375s][info ][gc] GC(3474) Pause Initial Mark 174M->174M(247M) 8.815ms
[2020-01-29T22:00:00.336+0300][228.375s][info ][gc] GC(3474) Concurrent Mark
[2020-01-29T22:00:00.339+0300][228.378s][debug][gc] GC(3474) Concurrent active time: 2.648ms
[2020-01-29T22:00:00.339+0300][228.378s][info ][gc] GC(3474) Concurrent Mark 2.702ms
[2020-01-29T22:00:00.339+0300][228.378s][info ][gc] GC(3474) Concurrent Preclean
[2020-01-29T22:00:00.339+0300][228.378s][debug][gc] GC(3474) Concurrent active time: 0.159ms
[2020-01-29T22:00:00.339+0300][228.378s][info ][gc] GC(3474) Concurrent Preclean 0.190ms
[2020-01-29T22:00:00.339+0300][228.378s][info ][gc] GC(3474) Concurrent Abortable Preclean
[2020-01-29T22:00:00.339+0300][228.378s][debug][gc] GC(3474) Concurrent active time: 0.004ms
[2020-01-29T22:00:00.339+0300][228.378s][info ][gc] GC(3474) Concurrent Abortable Preclean 0.030ms
[2020-01-29T22:00:00.339+0300][228.378s][debug][gc] GC(3474) YG occupancy: 54485 K (78656 K)
[2020-01-29T22:00:00.350+0300][228.389s][info ][gc] GC(3474) Pause Remark 199M->199M(247M) 11.098ms
[2020-01-29T22:00:00.350+0300][228.389s][info ][gc] GC(3474) Concurrent Sweep
[2020-01-29T22:00:00.353+0300][228.392s][info ][gc] GC(3475) Pause Young (Allocation Failure) 199M->199M(247M) 0.042ms
[2020-01-29T22:00:00.419+0300][228.458s][debug][gc] GC(3474) Concurrent active time: 68.269ms
[2020-01-29T22:00:00.419+0300][228.458s][info ][gc] GC(3474) Concurrent Sweep 68.492ms
[2020-01-29T22:00:00.419+0300][228.458s][debug][gc] GC(3476) Concurrent mode failure
[2020-01-29T22:00:00.513+0300][228.552s][info ][gc] GC(3476) Pause Full (Allocation Failure) 199M->70M(247M) 159.598ms
[2020-01-29T22:00:00.585+0300][228.623s][info ][gc] GC(3477) Pause Young (Allocation Failure) 136M->155M(247M) 53.292ms
[2020-01-29T22:00:00.594+0300][228.633s][info ][gc] GC(3478) Pause Initial Mark 174M->174M(247M) 8.911ms
[2020-01-29T22:00:00.594+0300][228.633s][info ][gc] GC(3478) Concurrent Mark
[2020-01-29T22:00:00.597+0300][228.636s][debug][gc] GC(3478) Concurrent active time: 2.634ms
[2020-01-29T22:00:00.597+0300][228.636s][info ][gc] GC(3478) Concurrent Mark 2.690ms
[2020-01-29T22:00:00.597+0300][228.636s][info ][gc] GC(3478) Concurrent Preclean
[2020-01-29T22:00:00.597+0300][228.636s][debug][gc] GC(3478) Concurrent active time: 0.158ms
[2020-01-29T22:00:00.597+0300][228.636s][info ][gc] GC(3478) Concurrent Preclean 0.187ms
[2020-01-29T22:00:00.597+0300][228.636s][info ][gc] GC(3478) Concurrent Abortable Preclean
[2020-01-29T22:00:00.597+0300][228.636s][debug][gc] GC(3478) Concurrent active time: 0.004ms
[2020-01-29T22:00:00.597+0300][228.636s][info ][gc] GC(3478) Concurrent Abortable Preclean 0.030ms
[2020-01-29T22:00:00.597+0300][228.636s][debug][gc] GC(3478) YG occupancy: 54488 K (78656 K)
[2020-01-29T22:00:00.608+0300][228.647s][info ][gc] GC(3478) Pause Remark 199M->199M(247M) 10.915ms
[2020-01-29T22:00:00.608+0300][228.647s][info ][gc] GC(3478) Concurrent Sweep
[2020-01-29T22:00:00.611+0300][228.650s][info ][gc] GC(3479) Pause Young (Allocation Failure) 199M->199M(247M) 0.041ms
[2020-01-29T22:00:00.677+0300][228.715s][debug][gc] GC(3478) Concurrent active time: 67.980ms
[2020-01-29T22:00:00.677+0300][228.715s][info ][gc] GC(3478) Concurrent Sweep 68.264ms
[2020-01-29T22:00:00.677+0300][228.715s][debug][gc] GC(3480) Concurrent mode failure
[2020-01-29T22:00:00.771+0300][228.809s][info ][gc] GC(3480) Pause Full (Allocation Failure) 199M->70M(247M) 158.877ms
[2020-01-29T22:00:00.844+0300][228.882s][info ][gc] GC(3481) Pause Young (Allocation Failure) 136M->155M(247M) 54.214ms
[2020-01-29T22:00:00.854+0300][228.892s][info ][gc] GC(3482) Pause Initial Mark 174M->174M(247M) 8.810ms
[2020-01-29T22:00:00.854+0300][228.892s][info ][gc] GC(3482) Concurrent Mark
[2020-01-29T22:00:00.856+0300][228.894s][debug][gc] GC(3482) Concurrent active time: 2.698ms
[2020-01-29T22:00:00.856+0300][228.894s][info ][gc] GC(3482) Concurrent Mark 2.756ms
[2020-01-29T22:00:00.856+0300][228.894s][info ][gc] GC(3482) Concurrent Preclean
[2020-01-29T22:00:00.857+0300][228.895s][debug][gc] GC(3482) Concurrent active time: 0.167ms
[2020-01-29T22:00:00.857+0300][228.895s][info ][gc] GC(3482) Concurrent Preclean 0.198ms
[2020-01-29T22:00:00.857+0300][228.895s][info ][gc] GC(3482) Concurrent Abortable Preclean
[2020-01-29T22:00:00.857+0300][228.895s][debug][gc] GC(3482) Concurrent active time: 0.004ms
[2020-01-29T22:00:00.857+0300][228.895s][info ][gc] GC(3482) Concurrent Abortable Preclean 0.031ms
[2020-01-29T22:00:00.857+0300][228.895s][debug][gc] GC(3482) YG occupancy: 54475 K (78656 K)
[2020-01-29T22:00:00.868+0300][228.906s][info ][gc] GC(3482) Pause Remark 199M->199M(247M) 10.954ms
[2020-01-29T22:00:00.868+0300][228.906s][info ][gc] GC(3482) Concurrent Sweep
[2020-01-29T22:00:00.871+0300][228.909s][info ][gc] GC(3483) Pause Young (Allocation Failure) 199M->199M(247M) 0.041ms
[2020-01-29T22:00:00.936+0300][228.975s][debug][gc] GC(3482) Concurrent active time: 68.628ms
[2020-01-29T22:00:00.936+0300][228.975s][info ][gc] GC(3482) Concurrent Sweep 68.855ms
[2020-01-29T22:00:00.936+0300][228.975s][debug][gc] GC(3484) Concurrent mode failure
[2020-01-29T22:00:01.030+0300][229.069s][info ][gc] GC(3484) Pause Full (Allocation Failure) 199M->70M(247M) 160.202ms
[2020-01-29T22:00:01.105+0300][229.143s][info ][gc] GC(3485) Pause Young (Allocation Failure) 136M->155M(247M) 55.386ms
[2020-01-29T22:00:01.114+0300][229.153s][info ][gc] GC(3486) Pause Initial Mark 174M->174M(247M) 8.844ms
[2020-01-29T22:00:01.114+0300][229.153s][info ][gc] GC(3486) Concurrent Mark
[2020-01-29T22:00:01.114+0300][229.156s][debug][gc] GC(3486) Concurrent active time: 2.727ms
[2020-01-29T22:00:01.114+0300][229.156s][info ][gc] GC(3486) Concurrent Mark 2.795ms
[2020-01-29T22:00:01.114+0300][229.156s][info ][gc] GC(3486) Concurrent Preclean
[2020-01-29T22:00:01.114+0300][229.156s][debug][gc] GC(3486) Concurrent active time: 0.166ms
[2020-01-29T22:00:01.114+0300][229.156s][info ][gc] GC(3486) Concurrent Preclean 0.197ms
[2020-01-29T22:00:01.114+0300][229.156s][info ][gc] GC(3486) Concurrent Abortable Preclean
[2020-01-29T22:00:01.114+0300][229.156s][debug][gc] GC(3486) Concurrent active time: 0.004ms
[2020-01-29T22:00:01.114+0300][229.156s][info ][gc] GC(3486) Concurrent Abortable Preclean 0.031ms
[2020-01-29T22:00:01.114+0300][229.157s][debug][gc] GC(3486) YG occupancy: 54479 K (78656 K)
[2020-01-29T22:00:01.129+0300][229.168s][info ][gc] GC(3486) Pause Remark 199M->199M(247M) 10.989ms
[2020-01-29T22:00:01.129+0300][229.168s][info ][gc] GC(3486) Concurrent Sweep
[2020-01-29T22:00:01.129+0300][229.171s][info ][gc] GC(3487) Pause Young (Allocation Failure) 199M->199M(247M) 0.044ms
[2020-01-29T22:00:01.194+0300][229.235s][debug][gc] GC(3486) Concurrent active time: 67.081ms
[2020-01-29T22:00:01.194+0300][229.235s][info ][gc] GC(3486) Concurrent Sweep 67.325ms
[2020-01-29T22:00:01.194+0300][229.235s][debug][gc] GC(3488) Concurrent mode failure
[2020-01-29T22:00:01.290+0300][229.328s][info ][gc] GC(3488) Pause Full (Allocation Failure) 199M->70M(247M) 157.742ms
[2020-01-29T22:00:01.359+0300][229.402s][info ][gc] GC(3489) Pause Young (Allocation Failure) 136M->155M(247M) 54.307ms
[2020-01-29T22:00:01.372+0300][229.411s][info ][gc] GC(3490) Pause Initial Mark 174M->174M(247M) 8.841ms
[2020-01-29T22:00:01.372+0300][229.411s][info ][gc] GC(3490) Concurrent Mark
[2020-01-29T22:00:01.374+0300][229.414s][debug][gc] GC(3490) Concurrent active time: 2.862ms
[2020-01-29T22:00:01.374+0300][229.414s][info ][gc] GC(3490) Concurrent Mark 2.934ms
[2020-01-29T22:00:01.374+0300][229.414s][info ][gc] GC(3490) Concurrent Preclean
[2020-01-29T22:00:01.374+0300][229.415s][debug][gc] GC(3490) Concurrent active time: 0.167ms
[2020-01-29T22:00:01.374+0300][229.415s][info ][gc] GC(3490) Concurrent Preclean 0.199ms
[2020-01-29T22:00:01.374+0300][229.415s][info ][gc] GC(3490) Concurrent Abortable Preclean
[2020-01-29T22:00:01.374+0300][229.415s][debug][gc] GC(3490) Concurrent active time: 0.005ms
[2020-01-29T22:00:01.374+0300][229.415s][info ][gc] GC(3490) Concurrent Abortable Preclean 0.031ms
[2020-01-29T22:00:01.374+0300][229.415s][debug][gc] GC(3490) YG occupancy: 54485 K (78656 K)
[2020-01-29T22:00:01.384+0300][229.426s][info ][gc] GC(3490) Pause Remark 199M->199M(247M) 10.935ms
[2020-01-29T22:00:01.384+0300][229.426s][info ][gc] GC(3490) Concurrent Sweep
[2020-01-29T22:00:01.390+0300][229.429s][info ][gc] GC(3491) Pause Young (Allocation Failure) 199M->199M(247M) 0.046ms
[2020-01-29T22:00:01.454+0300][229.493s][debug][gc] GC(3490) Concurrent active time: 66.928ms
[2020-01-29T22:00:01.454+0300][229.493s][info ][gc] GC(3490) Concurrent Sweep 67.192ms
[2020-01-29T22:00:01.454+0300][229.493s][debug][gc] GC(3492) Concurrent mode failure
[2020-01-29T22:00:01.544+0300][229.586s][info ][gc] GC(3492) Pause Full (Allocation Failure) 199M->70M(247M) 157.121ms
[2020-01-29T22:00:01.620+0300][229.661s][info ][gc] GC(3493) Pause Young (Allocation Failure) 136M->155M(247M) 53.196ms
[2020-01-29T22:00:01.630+0300][229.671s][info ][gc] GC(3494) Pause Initial Mark 174M->174M(247M) 8.843ms
[2020-01-29T22:00:01.630+0300][229.671s][info ][gc] GC(3494) Concurrent Mark
[2020-01-29T22:00:01.635+0300][229.673s][debug][gc] GC(3494) Concurrent active time: 2.669ms
[2020-01-29T22:00:01.635+0300][229.673s][info ][gc] GC(3494) Concurrent Mark 2.725ms
[2020-01-29T22:00:01.635+0300][229.673s][info ][gc] GC(3494) Concurrent Preclean
[2020-01-29T22:00:01.635+0300][229.674s][debug][gc] GC(3494) Concurrent active time: 0.162ms
[2020-01-29T22:00:01.635+0300][229.674s][info ][gc] GC(3494) Concurrent Preclean 0.194ms
[2020-01-29T22:00:01.635+0300][229.674s][info ][gc] GC(3494) Concurrent Abortable Preclean
[2020-01-29T22:00:01.635+0300][229.674s][debug][gc] GC(3494) Concurrent active time: 0.004ms
[2020-01-29T22:00:01.635+0300][229.674s][info ][gc] GC(3494) Concurrent Abortable Preclean 0.031ms
[2020-01-29T22:00:01.635+0300][229.674s][debug][gc] GC(3494) YG occupancy: 54488 K (78656 K)
[2020-01-29T22:00:01.645+0300][229.685s][info ][gc] GC(3494) Pause Remark 199M->199M(247M) 10.940ms
[2020-01-29T22:00:01.645+0300][229.685s][info ][gc] GC(3494) Concurrent Sweep
[2020-01-29T22:00:01.650+0300][229.688s][info ][gc] GC(3495) Pause Young (Allocation Failure) 199M->199M(247M) 0.042ms
[2020-01-29T22:00:01.714+0300][229.753s][debug][gc] GC(3494) Concurrent active time: 68.128ms
[2020-01-29T22:00:01.714+0300][229.753s][info ][gc] GC(3494) Concurrent Sweep 68.375ms
[2020-01-29T22:00:01.714+0300][229.753s][debug][gc] GC(3496) Concurrent mode failure
[2020-01-29T22:00:01.805+0300][229.847s][info ][gc] GC(3496) Pause Full (Allocation Failure) 199M->70M(247M) 159.272ms
[2020-01-29T22:00:01.884+0300][229.923s][info ][gc] GC(3497) Pause Young (Allocation Failure) 136M->155M(247M) 55.346ms
[2020-01-29T22:00:01.894+0300][229.933s][info ][gc] GC(3498) Pause Initial Mark 174M->174M(247M) 8.815ms
[2020-01-29T22:00:01.894+0300][229.933s][info ][gc] GC(3498) Concurrent Mark
[2020-01-29T22:00:01.897+0300][229.935s][debug][gc] GC(3498) Concurrent active time: 2.656ms
[2020-01-29T22:00:01.897+0300][229.935s][info ][gc] GC(3498) Concurrent Mark 2.710ms
[2020-01-29T22:00:01.897+0300][229.936s][info ][gc] GC(3498) Concurrent Preclean
[2020-01-29T22:00:01.897+0300][229.936s][debug][gc] GC(3498) Concurrent active time: 0.156ms
[2020-01-29T22:00:01.897+0300][229.936s][info ][gc] GC(3498) Concurrent Preclean 0.186ms
[2020-01-29T22:00:01.897+0300][229.936s][info ][gc] GC(3498) Concurrent Abortable Preclean
[2020-01-29T22:00:01.897+0300][229.936s][debug][gc] GC(3498) Concurrent active time: 0.004ms
[2020-01-29T22:00:01.897+0300][229.936s][info ][gc] GC(3498) Concurrent Abortable Preclean 0.033ms
[2020-01-29T22:00:01.897+0300][229.936s][debug][gc] GC(3498) YG occupancy: 54475 K (78656 K)
[2020-01-29T22:00:01.904+0300][229.947s][info ][gc] GC(3498) Pause Remark 199M->199M(247M) 10.944ms
[2020-01-29T22:00:01.904+0300][229.947s][info ][gc] GC(3498) Concurrent Sweep
[2020-01-29T22:00:01.909+0300][229.950s][info ][gc] GC(3499) Pause Young (Allocation Failure) 199M->199M(247M) 0.042ms
[2020-01-29T22:00:01.974+0300][230.015s][debug][gc] GC(3498) Concurrent active time: 67.735ms
[2020-01-29T22:00:01.974+0300][230.015s][info ][gc] GC(3498) Concurrent Sweep 67.960ms
[2020-01-29T22:00:01.974+0300][230.015s][debug][gc] GC(3500) Concurrent mode failure
[2020-01-29T22:00:02.070+0300][230.109s][info ][gc] GC(3500) Pause Full (Allocation Failure) 199M->70M(247M) 158.670ms
[2020-01-29T22:00:02.150+0300][230.188s][info ][gc] GC(3501) Pause Young (Allocation Failure) 136M->155M(247M) 65.459ms
[2020-01-29T22:00:02.160+0300][230.198s][info ][gc] GC(3502) Pause Initial Mark 174M->174M(247M) 8.818ms
[2020-01-29T22:00:02.160+0300][230.198s][info ][gc] GC(3502) Concurrent Mark
[2020-01-29T22:00:02.162+0300][230.201s][debug][gc] GC(3502) Concurrent active time: 2.676ms
[2020-01-29T22:00:02.162+0300][230.201s][info ][gc] GC(3502) Concurrent Mark 2.731ms
[2020-01-29T22:00:02.162+0300][230.201s][info ][gc] GC(3502) Concurrent Preclean
[2020-01-29T22:00:02.162+0300][230.201s][debug][gc] GC(3502) Concurrent active time: 0.161ms
[2020-01-29T22:00:02.162+0300][230.201s][info ][gc] GC(3502) Concurrent Preclean 0.192ms
[2020-01-29T22:00:02.162+0300][230.201s][info ][gc] GC(3502) Concurrent Abortable Preclean
[2020-01-29T22:00:02.162+0300][230.201s][debug][gc] GC(3502) Concurrent active time: 0.004ms
[2020-01-29T22:00:02.162+0300][230.201s][info ][gc] GC(3502) Concurrent Abortable Preclean 0.030ms
[2020-01-29T22:00:02.162+0300][230.201s][debug][gc] GC(3502) YG occupancy: 54479 K (78656 K)
[2020-01-29T22:00:02.173+0300][230.212s][info ][gc] GC(3502) Pause Remark 199M->199M(247M) 11.083ms
[2020-01-29T22:00:02.173+0300][230.212s][info ][gc] GC(3502) Concurrent Sweep
[2020-01-29T22:00:02.176+0300][230.215s][info ][gc] GC(3503) Pause Young (Allocation Failure) 199M->199M(247M) 0.042ms
[2020-01-29T22:00:02.241+0300][230.280s][debug][gc] GC(3502) Concurrent active time: 67.726ms
[2020-01-29T22:00:02.241+0300][230.280s][info ][gc] GC(3502) Concurrent Sweep 67.949ms
[2020-01-29T22:00:02.241+0300][230.280s][debug][gc] GC(3504) Concurrent mode failure
[2020-01-29T22:00:02.336+0300][230.375s][info ][gc] GC(3504) Pause Full (Allocation Failure) 199M->70M(247M) 159.464ms
[2020-01-29T22:00:02.408+0300][230.446s][info ][gc] GC(3505) Pause Young (Allocation Failure) 136M->155M(247M) 53.853ms
[2020-01-29T22:00:02.417+0300][230.456s][info ][gc] GC(3506) Pause Initial Mark 174M->174M(247M) 8.811ms
[2020-01-29T22:00:02.417+0300][230.456s][info ][gc] GC(3506) Concurrent Mark
[2020-01-29T22:00:02.420+0300][230.459s][debug][gc] GC(3506) Concurrent active time: 2.664ms
[2020-01-29T22:00:02.420+0300][230.459s][info ][gc] GC(3506) Concurrent Mark 2.718ms
[2020-01-29T22:00:02.420+0300][230.459s][info ][gc] GC(3506) Concurrent Preclean
[2020-01-29T22:00:02.420+0300][230.459s][debug][gc] GC(3506) Concurrent active time: 0.159ms
[2020-01-29T22:00:02.420+0300][230.459s][info ][gc] GC(3506) Concurrent Preclean 0.189ms
[2020-01-29T22:00:02.420+0300][230.459s][info ][gc] GC(3506) Concurrent Abortable Preclean
[2020-01-29T22:00:02.420+0300][230.459s][debug][gc] GC(3506) Concurrent active time: 0.004ms
[2020-01-29T22:00:02.420+0300][230.459s][info ][gc] GC(3506) Concurrent Abortable Preclean 0.031ms
[2020-01-29T22:00:02.420+0300][230.459s][debug][gc] GC(3506) YG occupancy: 54485 K (78656 K)
[2020-01-29T22:00:02.431+0300][230.470s][info ][gc] GC(3506) Pause Remark 199M->199M(247M) 10.899ms
[2020-01-29T22:00:02.431+0300][230.470s][info ][gc] GC(3506) Concurrent Sweep
[2020-01-29T22:00:02.434+0300][230.473s][info ][gc] GC(3507) Pause Young (Allocation Failure) 199M->199M(247M) 0.042ms
[2020-01-29T22:00:02.499+0300][230.538s][debug][gc] GC(3506) Concurrent active time: 67.690ms
[2020-01-29T22:00:02.499+0300][230.538s][info ][gc] GC(3506) Concurrent Sweep 67.912ms
[2020-01-29T22:00:02.499+0300][230.538s][debug][gc] GC(3508) Concurrent mode failure
[2020-01-29T22:00:02.594+0300][230.633s][info ][gc] GC(3508) Pause Full (Allocation Failure) 199M->70M(247M) 159.539ms
[2020-01-29T22:00:02.668+0300][230.706s][info ][gc] GC(3509) Pause Young (Allocation Failure) 136M->155M(247M) 54.817ms
[2020-01-29T22:00:02.677+0300][230.715s][info ][gc] GC(3510) Pause Initial Mark 174M->174M(247M) 8.830ms
[2020-01-29T22:00:02.677+0300][230.715s][info ][gc] GC(3510) Concurrent Mark
[2020-01-29T22:00:02.680+0300][230.718s][debug][gc] GC(3510) Concurrent active time: 2.762ms
[2020-01-29T22:00:02.680+0300][230.718s][info ][gc] GC(3510) Concurrent Mark 2.911ms
[2020-01-29T22:00:02.680+0300][230.718s][info ][gc] GC(3510) Concurrent Preclean
[2020-01-29T22:00:02.680+0300][230.719s][debug][gc] GC(3510) Concurrent active time: 0.171ms
[2020-01-29T22:00:02.680+0300][230.719s][info ][gc] GC(3510) Concurrent Preclean 0.203ms
[2020-01-29T22:00:02.680+0300][230.719s][info ][gc] GC(3510) Concurrent Abortable Preclean
[2020-01-29T22:00:02.680+0300][230.719s][debug][gc] GC(3510) Concurrent active time: 0.004ms
[2020-01-29T22:00:02.680+0300][230.719s][info ][gc] GC(3510) Concurrent Abortable Preclean 0.030ms
[2020-01-29T22:00:02.681+0300][230.719s][debug][gc] GC(3510) YG occupancy: 54589 K (78656 K)
[2020-01-29T22:00:02.692+0300][230.730s][info ][gc] GC(3510) Pause Remark 199M->199M(247M) 11.130ms
[2020-01-29T22:00:02.692+0300][230.730s][info ][gc] GC(3510) Concurrent Sweep
[2020-01-29T22:00:02.695+0300][230.733s][info ][gc] GC(3511) Pause Young (Allocation Failure) 199M->199M(247M) 0.040ms
[2020-01-29T22:00:02.759+0300][230.798s][debug][gc] GC(3510) Concurrent active time: 68.118ms
[2020-01-29T22:00:02.759+0300][230.798s][info ][gc] GC(3510) Concurrent Sweep 68.336ms
[2020-01-29T22:00:02.759+0300][230.798s][debug][gc] GC(3512) Concurrent mode failure
[2020-01-29T22:00:02.855+0300][230.893s][info ][gc] GC(3512) Pause Full (Allocation Failure) 199M->70M(247M) 159.952ms
[2020-01-29T22:00:02.926+0300][230.964s][info ][gc] GC(3513) Pause Young (Allocation Failure) 136M->155M(247M) 53.400ms
[2020-01-29T22:00:02.935+0300][230.974s][info ][gc] GC(3514) Pause Initial Mark 174M->174M(247M) 8.814ms
[2020-01-29T22:00:02.935+0300][230.974s][info ][gc] GC(3514) Concurrent Mark
[2020-01-29T22:00:02.938+0300][230.976s][debug][gc] GC(3514) Concurrent active time: 2.666ms
[2020-01-29T22:00:02.938+0300][230.976s][info ][gc] GC(3514) Concurrent Mark 2.722ms
[2020-01-29T22:00:02.938+0300][230.976s][info ][gc] GC(3514) Concurrent Preclean
[2020-01-29T22:00:02.938+0300][230.977s][debug][gc] GC(3514) Concurrent active time: 0.157ms
[2020-01-29T22:00:02.938+0300][230.977s][info ][gc] GC(3514) Concurrent Preclean 0.186ms
[2020-01-29T22:00:02.938+0300][230.977s][info ][gc] GC(3514) Concurrent Abortable Preclean
[2020-01-29T22:00:02.938+0300][230.977s][debug][gc] GC(3514) Concurrent active time: 0.004ms
[2020-01-29T22:00:02.938+0300][230.977s][info ][gc] GC(3514) Concurrent Abortable Preclean 0.030ms
[2020-01-29T22:00:02.938+0300][230.977s][debug][gc] GC(3514) YG occupancy: 54488 K (78656 K)
[2020-01-29T22:00:02.949+0300][230.988s][info ][gc] GC(3514) Pause Remark 199M->199M(247M) 10.994ms
[2020-01-29T22:00:02.949+0300][230.988s][info ][gc] GC(3514) Concurrent Sweep
[2020-01-29T22:00:02.952+0300][230.991s][info ][gc] GC(3515) Pause Young (Allocation Failure) 199M->199M(247M) 0.041ms
[2020-01-29T22:00:03.018+0300][231.057s][debug][gc] GC(3514) Concurrent active time: 68.596ms
[2020-01-29T22:00:03.018+0300][231.057s][info ][gc] GC(3514) Concurrent Sweep 68.940ms
[2020-01-29T22:00:03.018+0300][231.057s][debug][gc] GC(3516) Concurrent mode failure
[2020-01-29T22:00:03.111+0300][231.150s][info ][gc] GC(3516) Pause Full (Allocation Failure) 199M->70M(247M) 159.428ms
[2020-01-29T22:00:03.185+0300][231.224s][info ][gc] GC(3517) Pause Young (Allocation Failure) 136M->155M(247M) 54.669ms
[2020-01-29T22:00:03.197+0300][231.236s][info ][gc] GC(3518) Pause Initial Mark 174M->174M(247M) 8.826ms
[2020-01-29T22:00:03.197+0300][231.236s][info ][gc] GC(3518) Concurrent Mark
[2020-01-29T22:00:03.200+0300][231.239s][debug][gc] GC(3518) Concurrent active time: 2.657ms
[2020-01-29T22:00:03.200+0300][231.239s][info ][gc] GC(3518) Concurrent Mark 2.714ms
[2020-01-29T22:00:03.200+0300][231.239s][info ][gc] GC(3518) Concurrent Preclean
[2020-01-29T22:00:03.200+0300][231.239s][debug][gc] GC(3518) Concurrent active time: 0.160ms
[2020-01-29T22:00:03.200+0300][231.239s][info ][gc] GC(3518) Concurrent Preclean 0.190ms
[2020-01-29T22:00:03.200+0300][231.239s][info ][gc] GC(3518) Concurrent Abortable Preclean
[2020-01-29T22:00:03.200+0300][231.239s][debug][gc] GC(3518) Concurrent active time: 0.004ms
[2020-01-29T22:00:03.200+0300][231.239s][info ][gc] GC(3518) Concurrent Abortable Preclean 0.031ms
[2020-01-29T22:00:03.201+0300][231.239s][debug][gc] GC(3518) YG occupancy: 54484 K (78656 K)
[2020-01-29T22:00:03.211+0300][231.250s][info ][gc] GC(3518) Pause Remark 199M->199M(247M) 10.940ms
[2020-01-29T22:00:03.212+0300][231.250s][info ][gc] GC(3518) Concurrent Sweep
[2020-01-29T22:00:03.215+0300][231.253s][info ][gc] GC(3519) Pause Young (Allocation Failure) 199M->199M(247M) 0.043ms
[2020-01-29T22:00:03.280+0300][231.319s][debug][gc] GC(3518) Concurrent active time: 68.526ms
[2020-01-29T22:00:03.280+0300][231.319s][info ][gc] GC(3518) Concurrent Sweep 68.752ms
[2020-01-29T22:00:03.280+0300][231.319s][debug][gc] GC(3520) Concurrent mode failure
[2020-01-29T22:00:03.374+0300][231.412s][info ][gc] GC(3520) Pause Full (Allocation Failure) 199M->70M(247M) 159.032ms
[2020-01-29T22:00:03.446+0300][231.484s][info ][gc] GC(3521) Pause Young (Allocation Failure) 136M->155M(247M) 53.577ms
[2020-01-29T22:00:03.456+0300][231.494s][info ][gc] GC(3522) Pause Initial Mark 174M->174M(247M) 8.823ms
[2020-01-29T22:00:03.456+0300][231.494s][info ][gc] GC(3522) Concurrent Mark
[2020-01-29T22:00:03.459+0300][231.497s][debug][gc] GC(3522) Concurrent active time: 2.660ms
[2020-01-29T22:00:03.459+0300][231.497s][info ][gc] GC(3522) Concurrent Mark 2.714ms
[2020-01-29T22:00:03.459+0300][231.497s][info ][gc] GC(3522) Concurrent Preclean
[2020-01-29T22:00:03.459+0300][231.497s][debug][gc] GC(3522) Concurrent active time: 0.158ms
[2020-01-29T22:00:03.459+0300][231.497s][info ][gc] GC(3522) Concurrent Preclean 0.189ms
[2020-01-29T22:00:03.459+0300][231.497s][info ][gc] GC(3522) Concurrent Abortable Preclean
[2020-01-29T22:00:03.459+0300][231.497s][debug][gc] GC(3522) Concurrent active time: 0.004ms
[2020-01-29T22:00:03.459+0300][231.497s][info ][gc] GC(3522) Concurrent Abortable Preclean 0.030ms
[2020-01-29T22:00:03.459+0300][231.497s][debug][gc] GC(3522) YG occupancy: 54487 K (78656 K)
[2020-01-29T22:00:03.470+0300][231.508s][info ][gc] GC(3522) Pause Remark 199M->199M(247M) 10.917ms
[2020-01-29T22:00:03.470+0300][231.508s][info ][gc] GC(3522) Concurrent Sweep
[2020-01-29T22:00:03.473+0300][231.511s][info ][gc] GC(3523) Pause Young (Allocation Failure) 199M->199M(247M) 0.043ms
[2020-01-29T22:00:03.537+0300][231.575s][debug][gc] GC(3522) Concurrent active time: 67.157ms
[2020-01-29T22:00:03.537+0300][231.575s][info ][gc] GC(3522) Concurrent Sweep 67.391ms
[2020-01-29T22:00:03.537+0300][231.576s][debug][gc] GC(3524) Concurrent mode failure
[2020-01-29T22:00:03.631+0300][231.670s][info ][gc] GC(3524) Pause Full (Allocation Failure) 199M->70M(247M) 158.267ms
[2020-01-29T22:00:03.704+0300][231.742s][info ][gc] GC(3525) Pause Young (Allocation Failure) 136M->155M(247M) 54.206ms
[2020-01-29T22:00:03.714+0300][231.752s][info ][gc] GC(3526) Pause Initial Mark 174M->174M(247M) 8.829ms
[2020-01-29T22:00:03.714+0300][231.752s][info ][gc] GC(3526) Concurrent Mark
[2020-01-29T22:00:03.717+0300][231.755s][debug][gc] GC(3526) Concurrent active time: 2.826ms
[2020-01-29T22:00:03.717+0300][231.755s][info ][gc] GC(3526) Concurrent Mark 2.956ms
[2020-01-29T22:00:03.717+0300][231.755s][info ][gc] GC(3526) Concurrent Preclean
[2020-01-29T22:00:03.717+0300][231.755s][debug][gc] GC(3526) Concurrent active time: 0.170ms
[2020-01-29T22:00:03.717+0300][231.755s][info ][gc] GC(3526) Concurrent Preclean 0.201ms
[2020-01-29T22:00:03.717+0300][231.755s][info ][gc] GC(3526) Concurrent Abortable Preclean
[2020-01-29T22:00:03.717+0300][231.755s][debug][gc] GC(3526) Concurrent active time: 0.004ms
[2020-01-29T22:00:03.717+0300][231.755s][info ][gc] GC(3526) Concurrent Abortable Preclean 0.030ms
[2020-01-29T22:00:03.717+0300][231.755s][debug][gc] GC(3526) YG occupancy: 54590 K (78656 K)
[2020-01-29T22:00:03.728+0300][231.766s][info ][gc] GC(3526) Pause Remark 199M->199M(247M) 10.948ms
[2020-01-29T22:00:03.728+0300][231.766s][info ][gc] GC(3526) Concurrent Sweep
[2020-01-29T22:00:03.731+0300][231.769s][info ][gc] GC(3527) Pause Young (Allocation Failure) 199M->199M(247M) 0.041ms
[2020-01-29T22:00:03.796+0300][231.834s][debug][gc] GC(3526) Concurrent active time: 67.672ms
[2020-01-29T22:00:03.796+0300][231.834s][info ][gc] GC(3526) Concurrent Sweep 67.894ms
[2020-01-29T22:00:03.796+0300][231.834s][debug][gc] GC(3528) Concurrent mode failure
[2020-01-29T22:00:03.889+0300][231.927s][info ][gc] GC(3528) Pause Full (Allocation Failure) 199M->70M(247M) 158.190ms
[2020-01-29T22:00:03.960+0300][231.999s][info ][gc] GC(3529) Pause Young (Allocation Failure) 136M->155M(247M) 53.435ms
[2020-01-29T22:00:03.970+0300][232.008s][info ][gc] GC(3530) Pause Initial Mark 174M->174M(247M) 8.828ms
[2020-01-29T22:00:03.970+0300][232.008s][info ][gc] GC(3530) Concurrent Mark
[2020-01-29T22:00:03.973+0300][232.011s][debug][gc] GC(3530) Concurrent active time: 2.648ms
[2020-01-29T22:00:03.973+0300][232.011s][info ][gc] GC(3530) Concurrent Mark 2.703ms
[2020-01-29T22:00:03.973+0300][232.011s][info ][gc] GC(3530) Concurrent Preclean
[2020-01-29T22:00:03.973+0300][232.011s][debug][gc] GC(3530) Concurrent active time: 0.160ms
[2020-01-29T22:00:03.973+0300][232.011s][info ][gc] GC(3530) Concurrent Preclean 0.190ms
[2020-01-29T22:00:03.973+0300][232.011s][info ][gc] GC(3530) Concurrent Abortable Preclean
[2020-01-29T22:00:03.973+0300][232.011s][debug][gc] GC(3530) Concurrent active time: 0.004ms
[2020-01-29T22:00:03.973+0300][232.011s][info ][gc] GC(3530) Concurrent Abortable Preclean 0.031ms
[2020-01-29T22:00:03.973+0300][232.012s][debug][gc] GC(3530) YG occupancy: 54490 K (78656 K)
[2020-01-29T22:00:03.984+0300][232.022s][info ][gc] GC(3530) Pause Remark 199M->199M(247M) 10.915ms
[2020-01-29T22:00:03.984+0300][232.022s][info ][gc] GC(3530) Concurrent Sweep
[2020-01-29T22:00:03.987+0300][232.025s][info ][gc] GC(3531) Pause Young (Allocation Failure) 199M->199M(247M) 0.042ms
[2020-01-29T22:00:04.052+0300][232.090s][debug][gc] GC(3530) Concurrent active time: 67.671ms
[2020-01-29T22:00:04.052+0300][232.090s][info ][gc] GC(3530) Concurrent Sweep 67.898ms
[2020-01-29T22:00:04.052+0300][232.090s][debug][gc] GC(3532) Concurrent mode failure
[2020-01-29T22:00:04.146+0300][232.185s][info ][gc] GC(3532) Pause Full (Allocation Failure) 199M->70M(247M) 159.103ms
[2020-01-29T22:00:04.222+0300][232.260s][info ][gc] GC(3533) Pause Young (Allocation Failure) 136M->155M(247M) 56.247ms
[2020-01-29T22:00:04.231+0300][232.270s][info ][gc] GC(3534) Pause Initial Mark 174M->174M(247M) 8.816ms
[2020-01-29T22:00:04.231+0300][232.270s][info ][gc] GC(3534) Concurrent Mark
[2020-01-29T22:00:04.233+0300][232.272s][debug][gc] GC(3534) Concurrent active time: 2.661ms
[2020-01-29T22:00:04.233+0300][232.272s][info ][gc] GC(3534) Concurrent Mark 2.715ms
[2020-01-29T22:00:04.233+0300][232.272s][info ][gc] GC(3534) Concurrent Preclean
[2020-01-29T22:00:04.234+0300][232.273s][debug][gc] GC(3534) Concurrent active time: 0.161ms
[2020-01-29T22:00:04.234+0300][232.273s][info ][gc] GC(3534) Concurrent Preclean 0.191ms
[2020-01-29T22:00:04.234+0300][232.273s][info ][gc] GC(3534) Concurrent Abortable Preclean
[2020-01-29T22:00:04.234+0300][232.273s][debug][gc] GC(3534) Concurrent active time: 0.003ms
[2020-01-29T22:00:04.234+0300][232.273s][info ][gc] GC(3534) Concurrent Abortable Preclean 0.030ms
[2020-01-29T22:00:04.234+0300][232.273s][debug][gc] GC(3534) YG occupancy: 54486 K (78656 K)
[2020-01-29T22:00:04.245+0300][232.284s][info ][gc] GC(3534) Pause Remark 199M->199M(247M) 10.910ms
[2020-01-29T22:00:04.245+0300][232.284s][info ][gc] GC(3534) Concurrent Sweep
[2020-01-29T22:00:04.248+0300][232.287s][info ][gc] GC(3535) Pause Young (Allocation Failure) 199M->199M(247M) 0.042ms
[2020-01-29T22:00:04.313+0300][232.351s][debug][gc] GC(3534) Concurrent active time: 67.496ms
[2020-01-29T22:00:04.313+0300][232.351s][info ][gc] GC(3534) Concurrent Sweep 67.718ms
[2020-01-29T22:00:04.313+0300][232.351s][debug][gc] GC(3536) Concurrent mode failure
[2020-01-29T22:00:04.407+0300][232.446s][info ][gc] GC(3536) Pause Full (Allocation Failure) 199M->70M(247M) 158.818ms
[2020-01-29T22:00:04.481+0300][232.519s][info ][gc] GC(3537) Pause Young (Allocation Failure) 136M->155M(247M) 55.210ms
[2020-01-29T22:00:04.491+0300][232.529s][info ][gc] GC(3538) Pause Initial Mark 174M->174M(247M) 8.813ms
[2020-01-29T22:00:04.491+0300][232.529s][info ][gc] GC(3538) Concurrent Mark
[2020-01-29T22:00:04.493+0300][232.532s][debug][gc] GC(3538) Concurrent active time: 2.689ms
[2020-01-29T22:00:04.493+0300][232.532s][info ][gc] GC(3538) Concurrent Mark 2.746ms
[2020-01-29T22:00:04.493+0300][232.532s][info ][gc] GC(3538) Concurrent Preclean
[2020-01-29T22:00:04.494+0300][232.532s][debug][gc] GC(3538) Concurrent active time: 0.166ms
[2020-01-29T22:00:04.494+0300][232.532s][info ][gc] GC(3538) Concurrent Preclean 0.199ms
[2020-01-29T22:00:04.494+0300][232.532s][info ][gc] GC(3538) Concurrent Abortable Preclean
[2020-01-29T22:00:04.494+0300][232.532s][debug][gc] GC(3538) Concurrent active time: 0.004ms
[2020-01-29T22:00:04.494+0300][232.532s][info ][gc] GC(3538) Concurrent Abortable Preclean 0.031ms
[2020-01-29T22:00:04.494+0300][232.532s][debug][gc] GC(3538) YG occupancy: 54488 K (78656 K)
[2020-01-29T22:00:04.505+0300][232.543s][info ][gc] GC(3538) Pause Remark 199M->199M(247M) 10.947ms
[2020-01-29T22:00:04.505+0300][232.543s][info ][gc] GC(3538) Concurrent Sweep
[2020-01-29T22:00:04.507+0300][232.546s][info ][gc] GC(3539) Pause Young (Allocation Failure) 199M->199M(247M) 0.045ms
[2020-01-29T22:00:04.573+0300][232.611s][debug][gc] GC(3538) Concurrent active time: 68.147ms
[2020-01-29T22:00:04.573+0300][232.611s][info ][gc] GC(3538) Concurrent Sweep 68.391ms
[2020-01-29T22:00:04.573+0300][232.611s][debug][gc] GC(3540) Concurrent mode failure
[2020-01-29T22:00:04.666+0300][232.705s][info ][gc] GC(3540) Pause Full (Allocation Failure) 199M->70M(247M) 159.005ms
[2020-01-29T22:00:04.740+0300][232.778s][info ][gc] GC(3541) Pause Young (Allocation Failure) 136M->155M(247M) 54.517ms
[2020-01-29T22:00:04.749+0300][232.788s][info ][gc] GC(3542) Pause Initial Mark 174M->174M(247M) 8.827ms
[2020-01-29T22:00:04.750+0300][232.788s][info ][gc] GC(3542) Concurrent Mark
[2020-01-29T22:00:04.752+0300][232.790s][debug][gc] GC(3542) Concurrent active time: 2.640ms
[2020-01-29T22:00:04.752+0300][232.790s][info ][gc] GC(3542) Concurrent Mark 2.693ms
[2020-01-29T22:00:04.752+0300][232.790s][info ][gc] GC(3542) Concurrent Preclean
[2020-01-29T22:00:04.752+0300][232.791s][debug][gc] GC(3542) Concurrent active time: 0.160ms
[2020-01-29T22:00:04.752+0300][232.791s][info ][gc] GC(3542) Concurrent Preclean 0.190ms
[2020-01-29T22:00:04.752+0300][232.791s][info ][gc] GC(3542) Concurrent Abortable Preclean
[2020-01-29T22:00:04.752+0300][232.791s][debug][gc] GC(3542) Concurrent active time: 0.004ms
[2020-01-29T22:00:04.752+0300][232.791s][info ][gc] GC(3542) Concurrent Abortable Preclean 0.030ms
[2020-01-29T22:00:04.753+0300][232.791s][debug][gc] GC(3542) YG occupancy: 54476 K (78656 K)
[2020-01-29T22:00:04.764+0300][232.802s][info ][gc] GC(3542) Pause Remark 199M->199M(247M) 10.974ms
[2020-01-29T22:00:04.764+0300][232.802s][info ][gc] GC(3542) Concurrent Sweep
[2020-01-29T22:00:04.767+0300][232.805s][info ][gc] GC(3543) Pause Young (Allocation Failure) 199M->199M(247M) 0.043ms
[2020-01-29T22:00:04.831+0300][232.870s][debug][gc] GC(3542) Concurrent active time: 67.848ms
[2020-01-29T22:00:04.831+0300][232.870s][info ][gc] GC(3542) Concurrent Sweep 68.077ms
[2020-01-29T22:00:04.831+0300][232.870s][debug][gc] GC(3544) Concurrent mode failure
[2020-01-29T22:00:04.924+0300][232.963s][info ][gc] GC(3544) Pause Full (Allocation Failure) 199M->70M(247M) 158.193ms
[2020-01-29T22:00:04.997+0300][233.035s][info ][gc] GC(3545) Pause Young (Allocation Failure) 136M->155M(247M) 54.183ms
[2020-01-29T22:00:05.007+0300][233.045s][info ][gc] GC(3546) Pause Initial Mark 174M->174M(247M) 8.821ms
[2020-01-29T22:00:05.007+0300][233.045s][info ][gc] GC(3546) Concurrent Mark
[2020-01-29T22:00:05.010+0300][233.048s][debug][gc] GC(3546) Concurrent active time: 2.980ms
[2020-01-29T22:00:05.010+0300][233.048s][info ][gc] GC(3546) Concurrent Mark 3.045ms
[2020-01-29T22:00:05.010+0300][233.048s][info ][gc] GC(3546) Concurrent Preclean
[2020-01-29T22:00:05.010+0300][233.048s][debug][gc] GC(3546) Concurrent active time: 0.188ms
[2020-01-29T22:00:05.010+0300][233.048s][info ][gc] GC(3546) Concurrent Preclean 0.222ms
[2020-01-29T22:00:05.010+0300][233.048s][info ][gc] GC(3546) Concurrent Abortable Preclean
[2020-01-29T22:00:05.010+0300][233.048s][debug][gc] GC(3546) Concurrent active time: 0.006ms
[2020-01-29T22:00:05.010+0300][233.048s][info ][gc] GC(3546) Concurrent Abortable Preclean 0.034ms
[2020-01-29T22:00:05.010+0300][233.049s][debug][gc] GC(3546) YG occupancy: 54516 K (78656 K)
[2020-01-29T22:00:05.021+0300][233.060s][info ][gc] GC(3546) Pause Remark 199M->199M(247M) 11.036ms
[2020-01-29T22:00:05.021+0300][233.060s][info ][gc] GC(3546) Concurrent Sweep
[2020-01-29T22:00:05.024+0300][233.063s][info ][gc] GC(3547) Pause Young (Allocation Failure) 199M->199M(247M) 0.045ms
[2020-01-29T22:00:05.089+0300][233.127s][debug][gc] GC(3546) Concurrent active time: 67.041ms
[2020-01-29T22:00:05.089+0300][233.127s][info ][gc] GC(3546) Concurrent Sweep 67.293ms
[2020-01-29T22:00:05.089+0300][233.127s][debug][gc] GC(3548) Concurrent mode failure
[2020-01-29T22:00:05.182+0300][233.221s][info ][gc] GC(3548) Pause Full (Allocation Failure) 199M->70M(247M) 158.147ms
[2020-01-29T22:00:05.255+0300][233.294s][info ][gc] GC(3549) Pause Young (Allocation Failure) 136M->155M(247M) 54.060ms
[2020-01-29T22:00:05.265+0300][233.303s][info ][gc] GC(3550) Pause Initial Mark 174M->174M(247M) 8.883ms
[2020-01-29T22:00:05.265+0300][233.303s][info ][gc] GC(3550) Concurrent Mark
[2020-01-29T22:00:05.267+0300][233.306s][debug][gc] GC(3550) Concurrent active time: 2.690ms
[2020-01-29T22:00:05.267+0300][233.306s][info ][gc] GC(3550) Concurrent Mark 2.746ms
[2020-01-29T22:00:05.267+0300][233.306s][info ][gc] GC(3550) Concurrent Preclean
[2020-01-29T22:00:05.268+0300][233.306s][debug][gc] GC(3550) Concurrent active time: 0.164ms
[2020-01-29T22:00:05.268+0300][233.306s][info ][gc] GC(3550) Concurrent Preclean 0.193ms
[2020-01-29T22:00:05.268+0300][233.306s][info ][gc] GC(3550) Concurrent Abortable Preclean
[2020-01-29T22:00:05.268+0300][233.306s][debug][gc] GC(3550) Concurrent active time: 0.004ms
[2020-01-29T22:00:05.268+0300][233.306s][info ][gc] GC(3550) Concurrent Abortable Preclean 0.030ms
[2020-01-29T22:00:05.268+0300][233.306s][debug][gc] GC(3550) YG occupancy: 54487 K (78656 K)
[2020-01-29T22:00:05.279+0300][233.317s][info ][gc] GC(3550) Pause Remark 199M->199M(247M) 10.937ms
[2020-01-29T22:00:05.279+0300][233.317s][info ][gc] GC(3550) Concurrent Sweep
[2020-01-29T22:00:05.282+0300][233.320s][info ][gc] GC(3551) Pause Young (Allocation Failure) 199M->199M(247M) 0.042ms
[2020-01-29T22:00:05.347+0300][233.385s][debug][gc] GC(3550) Concurrent active time: 67.760ms
[2020-01-29T22:00:05.347+0300][233.385s][info ][gc] GC(3550) Concurrent Sweep 67.983ms
[2020-01-29T22:00:05.347+0300][233.385s][debug][gc] GC(3552) Concurrent mode failure
[2020-01-29T22:00:05.441+0300][233.479s][info ][gc] GC(3552) Pause Full (Allocation Failure) 199M->70M(247M) 158.567ms
[2020-01-29T22:00:05.519+0300][233.557s][info ][gc] GC(3553) Pause Young (Allocation Failure) 136M->155M(247M) 59.061ms
[2020-01-29T22:00:05.530+0300][233.568s][info ][gc] GC(3554) Pause Initial Mark 174M->174M(247M) 8.809ms
[2020-01-29T22:00:05.530+0300][233.568s][info ][gc] GC(3554) Concurrent Mark
[2020-01-29T22:00:05.533+0300][233.571s][debug][gc] GC(3554) Concurrent active time: 2.651ms
[2020-01-29T22:00:05.533+0300][233.571s][info ][gc] GC(3554) Concurrent Mark 2.707ms
[2020-01-29T22:00:05.533+0300][233.571s][info ][gc] GC(3554) Concurrent Preclean
[2020-01-29T22:00:05.533+0300][233.571s][debug][gc] GC(3554) Concurrent active time: 0.160ms
[2020-01-29T22:00:05.533+0300][233.571s][info ][gc] GC(3554) Concurrent Preclean 0.192ms
[2020-01-29T22:00:05.533+0300][233.571s][info ][gc] GC(3554) Concurrent Abortable Preclean
[2020-01-29T22:00:05.533+0300][233.571s][debug][gc] GC(3554) Concurrent active time: 0.004ms
[2020-01-29T22:00:05.533+0300][233.571s][info ][gc] GC(3554) Concurrent Abortable Preclean 0.030ms
[2020-01-29T22:00:05.533+0300][233.571s][debug][gc] GC(3554) YG occupancy: 54489 K (78656 K)
[2020-01-29T22:00:05.544+0300][233.582s][info ][gc] GC(3554) Pause Remark 199M->199M(247M) 10.941ms
[2020-01-29T22:00:05.544+0300][233.582s][info ][gc] GC(3554) Concurrent Sweep
[2020-01-29T22:00:05.547+0300][233.585s][info ][gc] GC(3555) Pause Young (Allocation Failure) 199M->199M(247M) 0.044ms
[2020-01-29T22:00:05.612+0300][233.651s][debug][gc] GC(3554) Concurrent active time: 68.370ms
[2020-01-29T22:00:05.612+0300][233.651s][info ][gc] GC(3554) Concurrent Sweep 68.615ms
[2020-01-29T22:00:05.612+0300][233.651s][debug][gc] GC(3556) Concurrent mode failure
[2020-01-29T22:00:05.707+0300][233.746s][info ][gc] GC(3556) Pause Full (Allocation Failure) 199M->70M(247M) 160.220ms
[2020-01-29T22:00:05.779+0300][233.818s][info ][gc] GC(3557) Pause Young (Allocation Failure) 136M->155M(247M) 53.715ms
[2020-01-29T22:00:05.789+0300][233.828s][info ][gc] GC(3558) Pause Initial Mark 174M->174M(247M) 8.841ms
[2020-01-29T22:00:05.789+0300][233.828s][info ][gc] GC(3558) Concurrent Mark
[2020-01-29T22:00:05.792+0300][233.830s][debug][gc] GC(3558) Concurrent active time: 2.697ms
[2020-01-29T22:00:05.792+0300][233.830s][info ][gc] GC(3558) Concurrent Mark 2.756ms
[2020-01-29T22:00:05.792+0300][233.830s][info ][gc] GC(3558) Concurrent Preclean
[2020-01-29T22:00:05.792+0300][233.831s][debug][gc] GC(3558) Concurrent active time: 0.163ms
[2020-01-29T22:00:05.792+0300][233.831s][info ][gc] GC(3558) Concurrent Preclean 0.195ms
[2020-01-29T22:00:05.792+0300][233.831s][info ][gc] GC(3558) Concurrent Abortable Preclean
[2020-01-29T22:00:05.792+0300][233.831s][debug][gc] GC(3558) Concurrent active time: 0.004ms
[2020-01-29T22:00:05.792+0300][233.831s][info ][gc] GC(3558) Concurrent Abortable Preclean 0.031ms
[2020-01-29T22:00:05.792+0300][233.831s][debug][gc] GC(3558) YG occupancy: 54476 K (78656 K)
[2020-01-29T22:00:05.804+0300][233.842s][info ][gc] GC(3558) Pause Remark 199M->199M(247M) 11.446ms
[2020-01-29T22:00:05.804+0300][233.842s][info ][gc] GC(3558) Concurrent Sweep
[2020-01-29T22:00:05.807+0300][233.845s][info ][gc] GC(3559) Pause Young (Allocation Failure) 199M->199M(247M) 0.042ms
[2020-01-29T22:00:05.872+0300][233.910s][debug][gc] GC(3558) Concurrent active time: 67.465ms
[2020-01-29T22:00:05.872+0300][233.910s][info ][gc] GC(3558) Concurrent Sweep 67.702ms
[2020-01-29T22:00:05.872+0300][233.910s][debug][gc] GC(3560) Concurrent mode failure
[2020-01-29T22:00:05.965+0300][234.004s][info ][gc] GC(3560) Pause Full (Allocation Failure) 199M->70M(247M) 158.345ms
[2020-01-29T22:00:06.039+0300][234.078s][info ][gc] GC(3561) Pause Young (Allocation Failure) 136M->155M(247M) 55.262ms
[2020-01-29T22:00:06.049+0300][234.087s][info ][gc] GC(3562) Pause Initial Mark 174M->174M(247M) 8.833ms
[2020-01-29T22:00:06.049+0300][234.087s][info ][gc] GC(3562) Concurrent Mark
[2020-01-29T22:00:06.052+0300][234.090s][debug][gc] GC(3562) Concurrent active time: 2.832ms
[2020-01-29T22:00:06.052+0300][234.090s][info ][gc] GC(3562) Concurrent Mark 2.908ms
[2020-01-29T22:00:06.052+0300][234.090s][info ][gc] GC(3562) Concurrent Preclean
[2020-01-29T22:00:06.052+0300][234.090s][debug][gc] GC(3562) Concurrent active time: 0.188ms
[2020-01-29T22:00:06.052+0300][234.091s][info ][gc] GC(3562) Concurrent Preclean 0.225ms
[2020-01-29T22:00:06.052+0300][234.091s][info ][gc] GC(3562) Concurrent Abortable Preclean
[2020-01-29T22:00:06.052+0300][234.091s][debug][gc] GC(3562) Concurrent active time: 0.005ms
[2020-01-29T22:00:06.052+0300][234.091s][info ][gc] GC(3562) Concurrent Abortable Preclean 0.031ms
[2020-01-29T22:00:06.052+0300][234.091s][debug][gc] GC(3562) YG occupancy: 54516 K (78656 K)
[2020-01-29T22:00:06.063+0300][234.102s][info ][gc] GC(3562) Pause Remark 199M->199M(247M) 11.144ms
[2020-01-29T22:00:06.063+0300][234.102s][info ][gc] GC(3562) Concurrent Sweep
[2020-01-29T22:00:06.066+0300][234.105s][info ][gc] GC(3563) Pause Young (Allocation Failure) 199M->199M(247M) 0.046ms
[2020-01-29T22:00:06.130+0300][234.168s][debug][gc] GC(3562) Concurrent active time: 66.409ms
[2020-01-29T22:00:06.130+0300][234.168s][info ][gc] GC(3562) Concurrent Sweep 66.663ms
[2020-01-29T22:00:06.130+0300][234.169s][debug][gc] GC(3564) Concurrent mode failure
[2020-01-29T22:00:06.224+0300][234.263s][info ][gc] GC(3564) Pause Full (Allocation Failure) 199M->70M(247M) 157.557ms
[2020-01-29T22:00:06.298+0300][234.336s][info ][gc] GC(3565) Pause Young (Allocation Failure) 136M->155M(247M) 54.187ms
[2020-01-29T22:00:06.308+0300][234.346s][info ][gc] GC(3566) Pause Initial Mark 174M->174M(247M) 8.847ms
[2020-01-29T22:00:06.308+0300][234.346s][info ][gc] GC(3566) Concurrent Mark
[2020-01-29T22:00:06.310+0300][234.349s][debug][gc] GC(3566) Concurrent active time: 2.641ms
[2020-01-29T22:00:06.310+0300][234.349s][info ][gc] GC(3566) Concurrent Mark 2.697ms
[2020-01-29T22:00:06.310+0300][234.349s][info ][gc] GC(3566) Concurrent Preclean
[2020-01-29T22:00:06.311+0300][234.349s][debug][gc] GC(3566) Concurrent active time: 0.160ms
[2020-01-29T22:00:06.311+0300][234.349s][info ][gc] GC(3566) Concurrent Preclean 0.189ms
[2020-01-29T22:00:06.311+0300][234.349s][info ][gc] GC(3566) Concurrent Abortable Preclean
[2020-01-29T22:00:06.311+0300][234.349s][debug][gc] GC(3566) Concurrent active time: 0.004ms
[2020-01-29T22:00:06.311+0300][234.349s][info ][gc] GC(3566) Concurrent Abortable Preclean 0.030ms
[2020-01-29T22:00:06.311+0300][234.349s][debug][gc] GC(3566) YG occupancy: 54487 K (78656 K)
[2020-01-29T22:00:06.322+0300][234.360s][info ][gc] GC(3566) Pause Remark 199M->199M(247M) 10.932ms
[2020-01-29T22:00:06.322+0300][234.360s][info ][gc] GC(3566) Concurrent Sweep
[2020-01-29T22:00:06.325+0300][234.363s][info ][gc] GC(3567) Pause Young (Allocation Failure) 199M->199M(247M) 0.041ms
[2020-01-29T22:00:06.390+0300][234.429s][debug][gc] GC(3566) Concurrent active time: 68.335ms
[2020-01-29T22:00:06.391+0300][234.429s][info ][gc] GC(3566) Concurrent Sweep 68.575ms
[2020-01-29T22:00:06.391+0300][234.429s][debug][gc] GC(3568) Concurrent mode failure
[2020-01-29T22:00:06.483+0300][234.522s][info ][gc] GC(3568) Pause Full (Allocation Failure) 199M->70M(247M) 159.055ms
[2020-01-29T22:00:06.557+0300][234.596s][info ][gc] GC(3569) Pause Young (Allocation Failure) 136M->155M(247M) 55.401ms
[2020-01-29T22:00:06.567+0300][234.606s][info ][gc] GC(3570) Pause Initial Mark 174M->174M(247M) 8.839ms
[2020-01-29T22:00:06.567+0300][234.606s][info ][gc] GC(3570) Concurrent Mark
[2020-01-29T22:00:06.570+0300][234.608s][debug][gc] GC(3570) Concurrent active time: 2.659ms
[2020-01-29T22:00:06.570+0300][234.608s][info ][gc] GC(3570) Concurrent Mark 2.715ms
[2020-01-29T22:00:06.570+0300][234.608s][info ][gc] GC(3570) Concurrent Preclean
[2020-01-29T22:00:06.570+0300][234.609s][debug][gc] GC(3570) Concurrent active time: 0.160ms
[2020-01-29T22:00:06.570+0300][234.609s][info ][gc] GC(3570) Concurrent Preclean 0.190ms
[2020-01-29T22:00:06.570+0300][234.609s][info ][gc] GC(3570) Concurrent Abortable Preclean
[2020-01-29T22:00:06.570+0300][234.609s][debug][gc] GC(3570) Concurrent active time: 0.004ms
[2020-01-29T22:00:06.570+0300][234.609s][info ][gc] GC(3570) Concurrent Abortable Preclean 0.033ms
[2020-01-29T22:00:06.570+0300][234.609s][debug][gc] GC(3570) YG occupancy: 54488 K (78656 K)
[2020-01-29T22:00:06.581+0300][234.620s][info ][gc] GC(3570) Pause Remark 199M->199M(247M) 10.914ms
[2020-01-29T22:00:06.581+0300][234.620s][info ][gc] GC(3570) Concurrent Sweep
[2020-01-29T22:00:06.584+0300][234.623s][info ][gc] GC(3571) Pause Young (Allocation Failure) 199M->199M(247M) 0.042ms
[2020-01-29T22:00:06.648+0300][234.687s][debug][gc] GC(3570) Concurrent active time: 66.821ms
[2020-01-29T22:00:06.648+0300][234.687s][info ][gc] GC(3570) Concurrent Sweep 67.041ms
[2020-01-29T22:00:06.648+0300][234.687s][debug][gc] GC(3572) Concurrent mode failure
[2020-01-29T22:00:06.741+0300][234.780s][info ][gc] GC(3572) Pause Full (Allocation Failure) 199M->70M(247M) 157.278ms
[2020-01-29T22:00:06.815+0300][234.853s][info ][gc] GC(3573) Pause Young (Allocation Failure) 136M->155M(247M) 54.628ms
[2020-01-29T22:00:06.825+0300][234.863s][info ][gc] GC(3574) Pause Initial Mark 174M->174M(247M) 8.817ms
[2020-01-29T22:00:06.825+0300][234.863s][info ][gc] GC(3574) Concurrent Mark
[2020-01-29T22:00:06.827+0300][234.865s][debug][gc] GC(3574) Concurrent active time: 2.668ms
[2020-01-29T22:00:06.827+0300][234.865s][info ][gc] GC(3574) Concurrent Mark 2.722ms
[2020-01-29T22:00:06.827+0300][234.865s][info ][gc] GC(3574) Concurrent Preclean
[2020-01-29T22:00:06.828+0300][234.866s][debug][gc] GC(3574) Concurrent active time: 0.166ms
[2020-01-29T22:00:06.828+0300][234.866s][info ][gc] GC(3574) Concurrent Preclean 0.197ms
[2020-01-29T22:00:06.828+0300][234.866s][info ][gc] GC(3574) Concurrent Abortable Preclean
[2020-01-29T22:00:06.828+0300][234.866s][debug][gc] GC(3574) Concurrent active time: 0.004ms
[2020-01-29T22:00:06.828+0300][234.866s][info ][gc] GC(3574) Concurrent Abortable Preclean 0.031ms
[2020-01-29T22:00:06.828+0300][234.866s][debug][gc] GC(3574) YG occupancy: 54475 K (78656 K)
[2020-01-29T22:00:06.839+0300][234.877s][info ][gc] GC(3574) Pause Remark 199M->199M(247M) 10.896ms
[2020-01-29T22:00:06.839+0300][234.877s][info ][gc] GC(3574) Concurrent Sweep
[2020-01-29T22:00:06.842+0300][234.880s][info ][gc] GC(3575) Pause Young (Allocation Failure) 199M->199M(247M) 0.042ms
[2020-01-29T22:00:06.905+0300][234.944s][debug][gc] GC(3574) Concurrent active time: 66.989ms
[2020-01-29T22:00:06.905+0300][234.944s][info ][gc] GC(3574) Concurrent Sweep 67.214ms
[2020-01-29T22:00:06.905+0300][234.944s][debug][gc] GC(3576) Concurrent mode failure
[2020-01-29T22:00:06.999+0300][235.038s][info ][gc] GC(3576) Pause Full (Allocation Failure) 199M->70M(247M) 158.031ms
[2020-01-29T22:00:07.071+0300][235.110s][info ][gc] GC(3577) Pause Young (Allocation Failure) 136M->155M(247M) 53.597ms
[2020-01-29T22:00:07.081+0300][235.119s][info ][gc] GC(3578) Pause Initial Mark 174M->174M(247M) 8.820ms
[2020-01-29T22:00:07.081+0300][235.119s][info ][gc] GC(3578) Concurrent Mark
[2020-01-29T22:00:07.084+0300][235.122s][debug][gc] GC(3578) Concurrent active time: 2.909ms
[2020-01-29T22:00:07.084+0300][235.122s][info ][gc] GC(3578) Concurrent Mark 2.982ms
[2020-01-29T22:00:07.084+0300][235.122s][info ][gc] GC(3578) Concurrent Preclean
[2020-01-29T22:00:07.084+0300][235.123s][debug][gc] GC(3578) Concurrent active time: 0.180ms
[2020-01-29T22:00:07.084+0300][235.123s][info ][gc] GC(3578) Concurrent Preclean 0.217ms
[2020-01-29T22:00:07.084+0300][235.123s][info ][gc] GC(3578) Concurrent Abortable Preclean
[2020-01-29T22:00:07.084+0300][235.123s][debug][gc] GC(3578) Concurrent active time: 0.005ms
[2020-01-29T22:00:07.084+0300][235.123s][info ][gc] GC(3578) Concurrent Abortable Preclean 0.032ms
[2020-01-29T22:00:07.084+0300][235.123s][debug][gc] GC(3578) YG occupancy: 54515 K (78656 K)
[2020-01-29T22:00:07.099+0300][235.137s][info ][gc] GC(3578) Pause Remark 199M->199M(247M) 14.448ms
[2020-01-29T22:00:07.099+0300][235.137s][info ][gc] GC(3578) Concurrent Sweep
[2020-01-29T22:00:07.102+0300][235.140s][info ][gc] GC(3579) Pause Young (Allocation Failure) 199M->199M(247M) 0.043ms
[2020-01-29T22:00:07.168+0300][235.206s][debug][gc] GC(3578) Concurrent active time: 68.631ms
[2020-01-29T22:00:07.168+0300][235.206s][info ][gc] GC(3578) Concurrent Sweep 68.867ms
[2020-01-29T22:00:07.168+0300][235.206s][debug][gc] GC(3580) Concurrent mode failure
[2020-01-29T22:00:07.261+0300][235.300s][info ][gc] GC(3580) Pause Full (Allocation Failure) 199M->70M(247M) 159.823ms
[2020-01-29T22:00:07.333+0300][235.372s][info ][gc] GC(3581) Pause Young (Allocation Failure) 136M->155M(247M) 53.249ms
[2020-01-29T22:00:07.343+0300][235.381s][info ][gc] GC(3582) Pause Initial Mark 174M->174M(247M) 8.834ms
[2020-01-29T22:00:07.343+0300][235.382s][info ][gc] GC(3582) Concurrent Mark
[2020-01-29T22:00:07.346+0300][235.384s][debug][gc] GC(3582) Concurrent active time: 2.658ms
[2020-01-29T22:00:07.346+0300][235.384s][info ][gc] GC(3582) Concurrent Mark 2.713ms
[2020-01-29T22:00:07.346+0300][235.384s][info ][gc] GC(3582) Concurrent Preclean
[2020-01-29T22:00:07.346+0300][235.384s][debug][gc] GC(3582) Concurrent active time: 0.161ms
[2020-01-29T22:00:07.346+0300][235.384s][info ][gc] GC(3582) Concurrent Preclean 0.192ms
[2020-01-29T22:00:07.346+0300][235.384s][info ][gc] GC(3582) Concurrent Abortable Preclean
[2020-01-29T22:00:07.346+0300][235.384s][debug][gc] GC(3582) Concurrent active time: 0.004ms
[2020-01-29T22:00:07.346+0300][235.384s][info ][gc] GC(3582) Concurrent Abortable Preclean 0.031ms
[2020-01-29T22:00:07.346+0300][235.385s][debug][gc] GC(3582) YG occupancy: 54487 K (78656 K)
[2020-01-29T22:00:07.357+0300][235.395s][info ][gc] GC(3582) Pause Remark 199M->199M(247M) 10.928ms
[2020-01-29T22:00:07.357+0300][235.396s][info ][gc] GC(3582) Concurrent Sweep
[2020-01-29T22:00:07.360+0300][235.399s][info ][gc] GC(3583) Pause Young (Allocation Failure) 199M->199M(247M) 0.042ms
[2020-01-29T22:00:07.424+0300][235.463s][debug][gc] GC(3582) Concurrent active time: 67.117ms
[2020-01-29T22:00:07.424+0300][235.463s][info ][gc] GC(3582) Concurrent Sweep 67.344ms
[2020-01-29T22:00:07.424+0300][235.463s][debug][gc] GC(3584) Concurrent mode failure
[2020-01-29T22:00:07.519+0300][235.557s][info ][gc] GC(3584) Pause Full (Allocation Failure) 199M->70M(247M) 158.356ms
[2020-01-29T22:00:07.591+0300][235.629s][info ][gc] GC(3585) Pause Young (Allocation Failure) 136M->155M(247M) 53.545ms
[2020-01-29T22:00:07.601+0300][235.639s][info ][gc] GC(3586) Pause Initial Mark 174M->174M(247M) 8.817ms
[2020-01-29T22:00:07.601+0300][235.639s][info ][gc] GC(3586) Concurrent Mark
[2020-01-29T22:00:07.604+0300][235.642s][debug][gc] GC(3586) Concurrent active time: 2.659ms
[2020-01-29T22:00:07.604+0300][235.642s][info ][gc] GC(3586) Concurrent Mark 2.715ms
[2020-01-29T22:00:07.604+0300][235.642s][info ][gc] GC(3586) Concurrent Preclean
[2020-01-29T22:00:07.604+0300][235.642s][debug][gc] GC(3586) Concurrent active time: 0.169ms
[2020-01-29T22:00:07.604+0300][235.642s][info ][gc] GC(3586) Concurrent Preclean 0.201ms
[2020-01-29T22:00:07.604+0300][235.642s][info ][gc] GC(3586) Concurrent Abortable Preclean
[2020-01-29T22:00:07.604+0300][235.642s][debug][gc] GC(3586) Concurrent active time: 0.005ms
[2020-01-29T22:00:07.604+0300][235.642s][info ][gc] GC(3586) Concurrent Abortable Preclean 0.032ms
[2020-01-29T22:00:07.604+0300][235.642s][debug][gc] GC(3586) YG occupancy: 54488 K (78656 K)
[2020-01-29T22:00:07.614+0300][235.653s][info ][gc] GC(3586) Pause Remark 199M->199M(247M) 10.975ms
[2020-01-29T22:00:07.614+0300][235.653s][info ][gc] GC(3586) Concurrent Sweep
[2020-01-29T22:00:07.617+0300][235.656s][info ][gc] GC(3587) Pause Young (Allocation Failure) 199M->199M(247M) 0.042ms
[2020-01-29T22:00:07.683+0300][235.722s][debug][gc] GC(3586) Concurrent active time: 68.566ms
[2020-01-29T22:00:07.683+0300][235.722s][info ][gc] GC(3586) Concurrent Sweep 68.791ms
[2020-01-29T22:00:07.683+0300][235.722s][debug][gc] GC(3588) Concurrent mode failure
[2020-01-29T22:00:07.778+0300][235.816s][info ][gc] GC(3588) Pause Full (Allocation Failure) 199M->70M(247M) 159.943ms
[2020-01-29T22:00:07.850+0300][235.889s][info ][gc] GC(3589) Pause Young (Allocation Failure) 136M->155M(247M) 54.158ms
[2020-01-29T22:00:07.860+0300][235.898s][info ][gc] GC(3590) Pause Initial Mark 174M->174M(247M) 8.828ms
[2020-01-29T22:00:07.860+0300][235.898s][info ][gc] GC(3590) Concurrent Mark
[2020-01-29T22:00:07.862+0300][235.901s][debug][gc] GC(3590) Concurrent active time: 2.658ms
[2020-01-29T22:00:07.862+0300][235.901s][info ][gc] GC(3590) Concurrent Mark 2.712ms
[2020-01-29T22:00:07.862+0300][235.901s][info ][gc] GC(3590) Concurrent Preclean
[2020-01-29T22:00:07.863+0300][235.901s][debug][gc] GC(3590) Concurrent active time: 0.175ms
[2020-01-29T22:00:07.863+0300][235.901s][info ][gc] GC(3590) Concurrent Preclean 0.206ms
[2020-01-29T22:00:07.863+0300][235.901s][info ][gc] GC(3590) Concurrent Abortable Preclean
[2020-01-29T22:00:07.863+0300][235.901s][debug][gc] GC(3590) Concurrent active time: 0.004ms
[2020-01-29T22:00:07.863+0300][235.901s][info ][gc] GC(3590) Concurrent Abortable Preclean 0.031ms
[2020-01-29T22:00:07.863+0300][235.902s][debug][gc] GC(3590) YG occupancy: 54475 K (78656 K)
[2020-01-29T22:00:07.874+0300][235.912s][info ][gc] GC(3590) Pause Remark 199M->199M(247M) 10.943ms
[2020-01-29T22:00:07.874+0300][235.913s][info ][gc] GC(3590) Concurrent Sweep
[2020-01-29T22:00:07.877+0300][235.916s][info ][gc] GC(3591) Pause Young (Allocation Failure) 199M->199M(247M) 0.042ms
[2020-01-29T22:00:07.943+0300][235.982s][debug][gc] GC(3590) Concurrent active time: 69.108ms
[2020-01-29T22:00:07.943+0300][235.982s][info ][gc] GC(3590) Concurrent Sweep 69.333ms
[2020-01-29T22:00:07.943+0300][235.982s][debug][gc] GC(3592) Concurrent mode failure
[2020-01-29T22:00:08.038+0300][236.076s][info ][gc] GC(3592) Pause Full (Allocation Failure) 199M->70M(247M) 160.777ms
[2020-01-29T22:00:08.113+0300][236.151s][info ][gc] GC(3593) Pause Young (Allocation Failure) 136M->155M(247M) 56.503ms
[2020-01-29T22:00:08.116+0300][236.161s][info ][gc] GC(3594) Pause Initial Mark 174M->174M(247M) 8.808ms
[2020-01-29T22:00:08.116+0300][236.161s][info ][gc] GC(3594) Concurrent Mark
[2020-01-29T22:00:08.125+0300][236.164s][debug][gc] GC(3594) Concurrent active time: 2.671ms
[2020-01-29T22:00:08.125+0300][236.164s][info ][gc] GC(3594) Concurrent Mark 2.726ms
[2020-01-29T22:00:08.125+0300][236.164s][info ][gc] GC(3594) Concurrent Preclean
[2020-01-29T22:00:08.125+0300][236.164s][debug][gc] GC(3594) Concurrent active time: 0.159ms
[2020-01-29T22:00:08.125+0300][236.164s][info ][gc] GC(3594) Concurrent Preclean 0.190ms
[2020-01-29T22:00:08.125+0300][236.164s][info ][gc] GC(3594) Concurrent Abortable Preclean
[2020-01-29T22:00:08.125+0300][236.164s][debug][gc] GC(3594) Concurrent active time: 0.003ms
[2020-01-29T22:00:08.125+0300][236.164s][info ][gc] GC(3594) Concurrent Abortable Preclean 0.030ms
[2020-01-29T22:00:08.125+0300][236.164s][debug][gc] GC(3594) YG occupancy: 54479 K (78656 K)
[2020-01-29T22:00:08.135+0300][236.175s][info ][gc] GC(3594) Pause Remark 199M->199M(247M) 11.028ms
[2020-01-29T22:00:08.135+0300][236.175s][info ][gc] GC(3594) Concurrent Sweep
[2020-01-29T22:00:08.140+0300][236.178s][info ][gc] GC(3595) Pause Young (Allocation Failure) 199M->199M(247M) 0.042ms
[2020-01-29T22:00:08.204+0300][236.244s][debug][gc] GC(3594) Concurrent active time: 68.296ms
[2020-01-29T22:00:08.204+0300][236.244s][info ][gc] GC(3594) Concurrent Sweep 68.519ms
[2020-01-29T22:00:08.204+0300][236.244s][debug][gc] GC(3596) Concurrent mode failure
[2020-01-29T22:00:08.295+0300][236.338s][info ][gc] GC(3596) Pause Full (Allocation Failure) 199M->70M(247M) 159.357ms
[2020-01-29T22:00:08.364+0300][236.406s][info ][gc] GC(3597) Pause Young (Allocation Failure) 136M->155M(247M) 53.767ms
[2020-01-29T22:00:08.374+0300][236.417s][info ][gc] GC(3598) Pause Initial Mark 174M->174M(247M) 8.832ms
[2020-01-29T22:00:08.374+0300][236.417s][info ][gc] GC(3598) Concurrent Mark
[2020-01-29T22:00:08.379+0300][236.419s][debug][gc] GC(3598) Concurrent active time: 2.635ms
[2020-01-29T22:00:08.379+0300][236.419s][info ][gc] GC(3598) Concurrent Mark 2.697ms
[2020-01-29T22:00:08.379+0300][236.419s][info ][gc] GC(3598) Concurrent Preclean
[2020-01-29T22:00:08.379+0300][236.419s][debug][gc] GC(3598) Concurrent active time: 0.159ms
[2020-01-29T22:00:08.379+0300][236.419s][info ][gc] GC(3598) Concurrent Preclean 0.189ms
[2020-01-29T22:00:08.379+0300][236.420s][info ][gc] GC(3598) Concurrent Abortable Preclean
[2020-01-29T22:00:08.379+0300][236.420s][debug][gc] GC(3598) Concurrent active time: 0.004ms
[2020-01-29T22:00:08.379+0300][236.420s][info ][gc] GC(3598) Concurrent Abortable Preclean 0.030ms
[2020-01-29T22:00:08.379+0300][236.420s][debug][gc] GC(3598) YG occupancy: 54486 K (78656 K)
[2020-01-29T22:00:08.389+0300][236.431s][info ][gc] GC(3598) Pause Remark 199M->199M(247M) 10.923ms
[2020-01-29T22:00:08.389+0300][236.431s][info ][gc] GC(3598) Concurrent Sweep
[2020-01-29T22:00:08.394+0300][236.434s][info ][gc] GC(3599) Pause Young (Allocation Failure) 198M->198M(247M) 0.045ms
[2020-01-29T22:00:08.460+0300][236.498s][debug][gc] GC(3598) Concurrent active time: 67.344ms
[2020-01-29T22:00:08.460+0300][236.498s][info ][gc] GC(3598) Concurrent Sweep 67.597ms
[2020-01-29T22:00:08.460+0300][236.498s][debug][gc] GC(3600) Concurrent mode failure
[2020-01-29T22:00:08.549+0300][236.592s][info ][gc] GC(3600) Pause Full (Allocation Failure) 198M->70M(247M) 158.190ms
[2020-01-29T22:00:08.624+0300][236.666s][info ][gc] GC(3601) Pause Young (Allocation Failure) 136M->155M(247M) 53.131ms
[2020-01-29T22:00:08.637+0300][236.675s][info ][gc] GC(3602) Pause Initial Mark 174M->174M(247M) 8.821ms
[2020-01-29T22:00:08.637+0300][236.675s][info ][gc] GC(3602) Concurrent Mark
[2020-01-29T22:00:08.640+0300][236.678s][debug][gc] GC(3602) Concurrent active time: 2.689ms
[2020-01-29T22:00:08.640+0300][236.678s][info ][gc] GC(3602) Concurrent Mark 2.746ms
[2020-01-29T22:00:08.640+0300][236.678s][info ][gc] GC(3602) Concurrent Preclean
[2020-01-29T22:00:08.640+0300][236.678s][debug][gc] GC(3602) Concurrent active time: 0.172ms
[2020-01-29T22:00:08.640+0300][236.678s][info ][gc] GC(3602) Concurrent Preclean 0.205ms
[2020-01-29T22:00:08.640+0300][236.678s][info ][gc] GC(3602) Concurrent Abortable Preclean
[2020-01-29T22:00:08.640+0300][236.678s][debug][gc] GC(3602) Concurrent active time: 0.004ms
[2020-01-29T22:00:08.640+0300][236.679s][info ][gc] GC(3602) Concurrent Abortable Preclean 0.031ms
[2020-01-29T22:00:08.640+0300][236.679s][debug][gc] GC(3602) YG occupancy: 54488 K (78656 K)
[2020-01-29T22:00:08.651+0300][236.690s][info ][gc] GC(3602) Pause Remark 199M->199M(247M) 10.985ms
[2020-01-29T22:00:08.651+0300][236.690s][info ][gc] GC(3602) Concurrent Sweep
[2020-01-29T22:00:08.654+0300][236.693s][info ][gc] GC(3603) Pause Young (Allocation Failure) 199M->199M(247M) 0.045ms
[2020-01-29T22:00:08.717+0300][236.758s][debug][gc] GC(3602) Concurrent active time: 68.085ms
[2020-01-29T22:00:08.717+0300][236.758s][info ][gc] GC(3602) Concurrent Sweep 68.332ms
[2020-01-29T22:00:08.717+0300][236.758s][debug][gc] GC(3604) Concurrent mode failure
[2020-01-29T22:00:08.809+0300][236.851s][info ][gc] GC(3604) Pause Full (Allocation Failure) 199M->70M(247M) 158.213ms
[2020-01-29T22:00:08.880+0300][236.921s][info ][gc] GC(3605) Pause Young (Allocation Failure) 136M->155M(247M) 53.058ms
[2020-01-29T22:00:08.893+0300][236.932s][info ][gc] GC(3606) Pause Initial Mark 174M->174M(247M) 8.812ms
[2020-01-29T22:00:08.893+0300][236.932s][info ][gc] GC(3606) Concurrent Mark
[2020-01-29T22:00:08.896+0300][236.935s][debug][gc] GC(3606) Concurrent active time: 2.666ms
[2020-01-29T22:00:08.896+0300][236.935s][info ][gc] GC(3606) Concurrent Mark 2.722ms
[2020-01-29T22:00:08.896+0300][236.935s][info ][gc] GC(3606) Concurrent Preclean
[2020-01-29T22:00:08.896+0300][236.935s][debug][gc] GC(3606) Concurrent active time: 0.161ms
[2020-01-29T22:00:08.896+0300][236.935s][info ][gc] GC(3606) Concurrent Preclean 0.191ms
[2020-01-29T22:00:08.896+0300][236.935s][info ][gc] GC(3606) Concurrent Abortable Preclean
[2020-01-29T22:00:08.896+0300][236.935s][debug][gc] GC(3606) Concurrent active time: 0.004ms
[2020-01-29T22:00:08.896+0300][236.935s][info ][gc] GC(3606) Concurrent Abortable Preclean 0.034ms
[2020-01-29T22:00:08.897+0300][236.935s][debug][gc] GC(3606) YG occupancy: 54476 K (78656 K)
[2020-01-29T22:00:08.904+0300][236.946s][info ][gc] GC(3606) Pause Remark 199M->199M(247M) 11.157ms
[2020-01-29T22:00:08.904+0300][236.947s][info ][gc] GC(3606) Concurrent Sweep
[2020-01-29T22:00:08.909+0300][236.949s][info ][gc] GC(3607) Pause Young (Allocation Failure) 199M->199M(247M) 0.043ms
[2020-01-29T22:00:08.975+0300][237.014s][debug][gc] GC(3606) Concurrent active time: 67.433ms
[2020-01-29T22:00:08.975+0300][237.014s][info ][gc] GC(3606) Concurrent Sweep 67.660ms
[2020-01-29T22:00:08.975+0300][237.014s][debug][gc] GC(3608) Concurrent mode failure
[2020-01-29T22:00:09.069+0300][237.108s][info ][gc] GC(3608) Pause Full (Allocation Failure) 199M->70M(247M) 158.050ms
[2020-01-29T22:00:09.140+0300][237.182s][info ][gc] GC(3609) Pause Young (Allocation Failure) 136M->155M(247M) 59.349ms
[2020-01-29T22:00:09.154+0300][237.192s][info ][gc] GC(3610) Pause Initial Mark 174M->174M(247M) 8.843ms
[2020-01-29T22:00:09.154+0300][237.192s][info ][gc] GC(3610) Concurrent Mark
[2020-01-29T22:00:09.156+0300][237.194s][debug][gc] GC(3610) Concurrent active time: 2.695ms
[2020-01-29T22:00:09.156+0300][237.194s][info ][gc] GC(3610) Concurrent Mark 2.755ms
[2020-01-29T22:00:09.156+0300][237.194s][info ][gc] GC(3610) Concurrent Preclean
[2020-01-29T22:00:09.157+0300][237.195s][debug][gc] GC(3610) Concurrent active time: 0.166ms
[2020-01-29T22:00:09.157+0300][237.195s][info ][gc] GC(3610) Concurrent Preclean 0.201ms
[2020-01-29T22:00:09.157+0300][237.195s][info ][gc] GC(3610) Concurrent Abortable Preclean
[2020-01-29T22:00:09.157+0300][237.195s][debug][gc] GC(3610) Concurrent active time: 0.004ms
[2020-01-29T22:00:09.157+0300][237.195s][info ][gc] GC(3610) Concurrent Abortable Preclean 0.031ms
[2020-01-29T22:00:09.157+0300][237.195s][debug][gc] GC(3610) YG occupancy: 54480 K (78656 K)
[2020-01-29T22:00:09.168+0300][237.206s][info ][gc] GC(3610) Pause Remark 199M->199M(247M) 10.926ms
[2020-01-29T22:00:09.168+0300][237.206s][info ][gc] GC(3610) Concurrent Sweep
[2020-01-29T22:00:09.171+0300][237.209s][info ][gc] GC(3611) Pause Young (Allocation Failure) 198M->198M(247M) 0.044ms
[2020-01-29T22:00:09.234+0300][237.273s][debug][gc] GC(3610) Concurrent active time: 67.325ms
[2020-01-29T22:00:09.234+0300][237.273s][info ][gc] GC(3610) Concurrent Sweep 67.565ms
[2020-01-29T22:00:09.234+0300][237.273s][debug][gc] GC(3612) Concurrent mode failure
[2020-01-29T22:00:09.329+0300][237.367s][info ][gc] GC(3612) Pause Full (Allocation Failure) 198M->70M(247M) 158.424ms
[2020-01-29T22:00:09.403+0300][237.441s][info ][gc] GC(3613) Pause Young (Allocation Failure) 136M->155M(247M) 55.018ms
[2020-01-29T22:00:09.413+0300][237.451s][info ][gc] GC(3614) Pause Initial Mark 174M->174M(247M) 8.832ms
[2020-01-29T22:00:09.413+0300][237.451s][info ][gc] GC(3614) Concurrent Mark
[2020-01-29T22:00:09.415+0300][237.454s][debug][gc] GC(3614) Concurrent active time: 2.663ms
[2020-01-29T22:00:09.415+0300][237.454s][info ][gc] GC(3614) Concurrent Mark 2.718ms
[2020-01-29T22:00:09.415+0300][237.454s][info ][gc] GC(3614) Concurrent Preclean
[2020-01-29T22:00:09.416+0300][237.454s][debug][gc] GC(3614) Concurrent active time: 0.163ms
[2020-01-29T22:00:09.416+0300][237.454s][info ][gc] GC(3614) Concurrent Preclean 0.194ms
[2020-01-29T22:00:09.416+0300][237.454s][info ][gc] GC(3614) Concurrent Abortable Preclean
[2020-01-29T22:00:09.416+0300][237.454s][debug][gc] GC(3614) Concurrent active time: 0.004ms
[2020-01-29T22:00:09.416+0300][237.454s][info ][gc] GC(3614) Concurrent Abortable Preclean 0.031ms
[2020-01-29T22:00:09.416+0300][237.454s][debug][gc] GC(3614) YG occupancy: 54486 K (78656 K)
[2020-01-29T22:00:09.427+0300][237.465s][info ][gc] GC(3614) Pause Remark 199M->199M(247M) 10.934ms
[2020-01-29T22:00:09.427+0300][237.465s][info ][gc] GC(3614) Concurrent Sweep
[2020-01-29T22:00:09.430+0300][237.468s][info ][gc] GC(3615) Pause Young (Allocation Failure) 199M->199M(247M) 0.041ms
[2020-01-29T22:00:09.494+0300][237.533s][debug][gc] GC(3614) Concurrent active time: 67.462ms
[2020-01-29T22:00:09.495+0300][237.533s][info ][gc] GC(3614) Concurrent Sweep 67.695ms
[2020-01-29T22:00:09.495+0300][237.533s][debug][gc] GC(3616) Concurrent mode failure
[2020-01-29T22:00:09.587+0300][237.626s][info ][gc] GC(3616) Pause Full (Allocation Failure) 199M->70M(247M) 158.093ms
[2020-01-29T22:00:09.659+0300][237.698s][info ][gc] GC(3617) Pause Young (Allocation Failure) 136M->155M(247M) 53.479ms
[2020-01-29T22:00:09.669+0300][237.708s][info ][gc] GC(3618) Pause Initial Mark 174M->174M(247M) 8.823ms
[2020-01-29T22:00:09.669+0300][237.708s][info ][gc] GC(3618) Concurrent Mark
[2020-01-29T22:00:09.672+0300][237.710s][debug][gc] GC(3618) Concurrent active time: 2.646ms
[2020-01-29T22:00:09.672+0300][237.710s][info ][gc] GC(3618) Concurrent Mark 2.702ms
[2020-01-29T22:00:09.672+0300][237.710s][info ][gc] GC(3618) Concurrent Preclean
[2020-01-29T22:00:09.672+0300][237.711s][debug][gc] GC(3618) Concurrent active time: 0.159ms
[2020-01-29T22:00:09.672+0300][237.711s][info ][gc] GC(3618) Concurrent Preclean 0.190ms
[2020-01-29T22:00:09.672+0300][237.711s][info ][gc] GC(3618) Concurrent Abortable Preclean
[2020-01-29T22:00:09.672+0300][237.711s][debug][gc] GC(3618) Concurrent active time: 0.004ms
[2020-01-29T22:00:09.672+0300][237.711s][info ][gc] GC(3618) Concurrent Abortable Preclean 0.030ms
[2020-01-29T22:00:09.672+0300][237.711s][debug][gc] GC(3618) YG occupancy: 54488 K (78656 K)
[2020-01-29T22:00:09.683+0300][237.722s][info ][gc] GC(3618) Pause Remark 199M->199M(247M) 11.105ms
[2020-01-29T22:00:09.683+0300][237.722s][info ][gc] GC(3618) Concurrent Sweep
[2020-01-29T22:00:09.686+0300][237.725s][info ][gc] GC(3619) Pause Young (Allocation Failure) 199M->199M(247M) 0.043ms
[2020-01-29T22:00:09.751+0300][237.789s][debug][gc] GC(3618) Concurrent active time: 67.118ms
[2020-01-29T22:00:09.751+0300][237.789s][info ][gc] GC(3618) Concurrent Sweep 67.352ms
[2020-01-29T22:00:09.751+0300][237.789s][debug][gc] GC(3620) Concurrent mode failure
[2020-01-29T22:00:09.845+0300][237.883s][info ][gc] GC(3620) Pause Full (Allocation Failure) 199M->70M(247M) 158.559ms
[2020-01-29T22:00:09.918+0300][237.956s][info ][gc] GC(3621) Pause Young (Allocation Failure) 137M->155M(247M) 54.292ms
[2020-01-29T22:00:09.928+0300][237.966s][info ][gc] GC(3622) Pause Initial Mark 174M->174M(247M) 8.838ms
[2020-01-29T22:00:09.928+0300][237.966s][info ][gc] GC(3622) Concurrent Mark
[2020-01-29T22:00:09.931+0300][237.969s][debug][gc] GC(3622) Concurrent active time: 2.652ms
[2020-01-29T22:00:09.931+0300][237.969s][info ][gc] GC(3622) Concurrent Mark 2.705ms
[2020-01-29T22:00:09.931+0300][237.969s][info ][gc] GC(3622) Concurrent Preclean
[2020-01-29T22:00:09.931+0300][237.969s][debug][gc] GC(3622) Concurrent active time: 0.161ms
[2020-01-29T22:00:09.931+0300][237.969s][info ][gc] GC(3622) Concurrent Preclean 0.191ms
[2020-01-29T22:00:09.931+0300][237.969s][info ][gc] GC(3622) Concurrent Abortable Preclean
[2020-01-29T22:00:09.931+0300][237.969s][debug][gc] GC(3622) Concurrent active time: 0.003ms
[2020-01-29T22:00:09.931+0300][237.969s][info ][gc] GC(3622) Concurrent Abortable Preclean 0.030ms
[2020-01-29T22:00:09.931+0300][237.969s][debug][gc] GC(3622) YG occupancy: 54473 K (78656 K)
[2020-01-29T22:00:09.942+0300][237.980s][info ][gc] GC(3622) Pause Remark 199M->199M(247M) 10.953ms
[2020-01-29T22:00:09.942+0300][237.980s][info ][gc] GC(3622) Concurrent Sweep
[2020-01-29T22:00:09.944+0300][237.983s][info ][gc] GC(3623) Pause Young (Allocation Failure) 199M->199M(247M) 0.042ms
[2020-01-29T22:00:10.008+0300][238.047s][debug][gc] GC(3622) Concurrent active time: 66.410ms
[2020-01-29T22:00:10.008+0300][238.047s][info ][gc] GC(3622) Concurrent Sweep 66.632ms
[2020-01-29T22:00:10.008+0300][238.047s][debug][gc] GC(3624) Concurrent mode failure
[2020-01-29T22:00:10.102+0300][238.141s][info ][gc] GC(3624) Pause Full (Allocation Failure) 199M->70M(247M) 157.710ms
[2020-01-29T22:00:10.215+0300][238.253s][info ][gc] GC(3625) Pause Young (Allocation Failure) 136M->155M(247M) 92.788ms
[2020-01-29T22:00:10.224+0300][238.262s][info ][gc] GC(3626) Pause Initial Mark 174M->174M(247M) 8.826ms
[2020-01-29T22:00:10.224+0300][238.263s][info ][gc] GC(3626) Concurrent Mark
[2020-01-29T22:00:10.227+0300][238.265s][debug][gc] GC(3626) Concurrent active time: 2.692ms
[2020-01-29T22:00:10.227+0300][238.265s][info ][gc] GC(3626) Concurrent Mark 2.749ms
[2020-01-29T22:00:10.227+0300][238.265s][info ][gc] GC(3626) Concurrent Preclean
[2020-01-29T22:00:10.227+0300][238.265s][debug][gc] GC(3626) Concurrent active time: 0.163ms
[2020-01-29T22:00:10.227+0300][238.265s][info ][gc] GC(3626) Concurrent Preclean 0.195ms
[2020-01-29T22:00:10.227+0300][238.265s][info ][gc] GC(3626) Concurrent Abortable Preclean
[2020-01-29T22:00:10.227+0300][238.266s][debug][gc] GC(3626) Concurrent active time: 0.004ms
[2020-01-29T22:00:10.227+0300][238.266s][info ][gc] GC(3626) Concurrent Abortable Preclean 0.031ms
[2020-01-29T22:00:10.227+0300][238.266s][debug][gc] GC(3626) YG occupancy: 54478 K (78656 K)
[2020-01-29T22:00:10.238+0300][238.277s][info ][gc] GC(3626) Pause Remark 199M->199M(247M) 10.913ms
[2020-01-29T22:00:10.238+0300][238.277s][info ][gc] GC(3626) Concurrent Sweep
[2020-01-29T22:00:10.241+0300][238.280s][info ][gc] GC(3627) Pause Young (Allocation Failure) 199M->199M(247M) 0.044ms
[2020-01-29T22:00:10.308+0300][238.346s][debug][gc] GC(3626) Concurrent active time: 69.671ms
[2020-01-29T22:00:10.308+0300][238.346s][info ][gc] GC(3626) Concurrent Sweep 69.906ms
[2020-01-29T22:00:10.308+0300][238.346s][debug][gc] GC(3628) Concurrent mode failure
[2020-01-29T22:00:10.403+0300][238.441s][info ][gc] GC(3628) Pause Full (Allocation Failure) 199M->70M(247M) 161.824ms
[2020-01-29T22:00:10.475+0300][238.514s][info ][gc] GC(3629) Pause Young (Allocation Failure) 136M->155M(247M) 53.446ms
[2020-01-29T22:00:10.485+0300][238.523s][info ][gc] GC(3630) Pause Initial Mark 174M->174M(247M) 8.812ms
[2020-01-29T22:00:10.485+0300][238.523s][info ][gc] GC(3630) Concurrent Mark
[2020-01-29T22:00:10.488+0300][238.526s][debug][gc] GC(3630) Concurrent active time: 2.688ms
[2020-01-29T22:00:10.488+0300][238.526s][info ][gc] GC(3630) Concurrent Mark 2.745ms
[2020-01-29T22:00:10.488+0300][238.526s][info ][gc] GC(3630) Concurrent Preclean
[2020-01-29T22:00:10.488+0300][238.526s][debug][gc] GC(3630) Concurrent active time: 0.160ms
[2020-01-29T22:00:10.488+0300][238.526s][info ][gc] GC(3630) Concurrent Preclean 0.192ms
[2020-01-29T22:00:10.488+0300][238.526s][info ][gc] GC(3630) Concurrent Abortable Preclean
[2020-01-29T22:00:10.488+0300][238.526s][debug][gc] GC(3630) Concurrent active time: 0.004ms
[2020-01-29T22:00:10.488+0300][238.526s][info ][gc] GC(3630) Concurrent Abortable Preclean 0.030ms
[2020-01-29T22:00:10.488+0300][238.526s][debug][gc] GC(3630) YG occupancy: 54485 K (78656 K)
[2020-01-29T22:00:10.501+0300][238.539s][info ][gc] GC(3630) Pause Remark 199M->199M(247M) 12.654ms
[2020-01-29T22:00:10.501+0300][238.539s][info ][gc] GC(3630) Concurrent Sweep
[2020-01-29T22:00:10.504+0300][238.542s][info ][gc] GC(3631) Pause Young (Allocation Failure) 199M->199M(247M) 0.044ms
[2020-01-29T22:00:10.569+0300][238.608s][debug][gc] GC(3630) Concurrent active time: 68.325ms
[2020-01-29T22:00:10.569+0300][238.608s][info ][gc] GC(3630) Concurrent Sweep 68.556ms
[2020-01-29T22:00:10.569+0300][238.608s][debug][gc] GC(3632) Concurrent mode failure
[2020-01-29T22:00:10.664+0300][238.702s][info ][gc] GC(3632) Pause Full (Allocation Failure) 199M->70M(247M) 160.312ms
[2020-01-29T22:00:10.737+0300][238.776s][info ][gc] GC(3633) Pause Young (Allocation Failure) 136M->155M(247M) 54.513ms
[2020-01-29T22:00:10.747+0300][238.785s][info ][gc] GC(3634) Pause Initial Mark 174M->174M(247M) 8.822ms
[2020-01-29T22:00:10.747+0300][238.785s][info ][gc] GC(3634) Concurrent Mark
[2020-01-29T22:00:10.750+0300][238.788s][debug][gc] GC(3634) Concurrent active time: 2.817ms
[2020-01-29T22:00:10.750+0300][238.788s][info ][gc] GC(3634) Concurrent Mark 2.975ms
[2020-01-29T22:00:10.750+0300][238.788s][info ][gc] GC(3634) Concurrent Preclean
[2020-01-29T22:00:10.750+0300][238.788s][debug][gc] GC(3634) Concurrent active time: 0.175ms
[2020-01-29T22:00:10.750+0300][238.788s][info ][gc] GC(3634) Concurrent Preclean 0.208ms
[2020-01-29T22:00:10.750+0300][238.788s][info ][gc] GC(3634) Concurrent Abortable Preclean
[2020-01-29T22:00:10.750+0300][238.789s][debug][gc] GC(3634) Concurrent active time: 0.004ms
[2020-01-29T22:00:10.750+0300][238.789s][info ][gc] GC(3634) Concurrent Abortable Preclean 0.031ms
[2020-01-29T22:00:10.750+0300][238.789s][debug][gc] GC(3634) YG occupancy: 53209 K (78656 K)
[2020-01-29T22:00:10.761+0300][238.800s][info ][gc] GC(3634) Pause Remark 198M->198M(247M) 11.152ms
[2020-01-29T22:00:10.762+0300][238.800s][info ][gc] GC(3634) Concurrent Sweep
[2020-01-29T22:00:10.765+0300][238.803s][info ][gc] GC(3635) Pause Young (Allocation Failure) 199M->199M(247M) 0.043ms
[2020-01-29T22:00:10.830+0300][238.868s][debug][gc] GC(3634) Concurrent active time: 68.135ms
[2020-01-29T22:00:10.830+0300][238.868s][info ][gc] GC(3634) Concurrent Sweep 68.367ms
[2020-01-29T22:00:10.830+0300][238.868s][debug][gc] GC(3636) Concurrent mode failure
[2020-01-29T22:00:10.923+0300][238.962s][info ][gc] GC(3636) Pause Full (Allocation Failure) 199M->70M(247M) 158.867ms
[2020-01-29T22:00:10.995+0300][239.034s][info ][gc] GC(3637) Pause Young (Allocation Failure) 136M->155M(247M) 53.544ms
[2020-01-29T22:00:11.005+0300][239.044s][info ][gc] GC(3638) Pause Initial Mark 174M->174M(247M) 8.823ms
[2020-01-29T22:00:11.005+0300][239.044s][info ][gc] GC(3638) Concurrent Mark
[2020-01-29T22:00:11.008+0300][239.046s][debug][gc] GC(3638) Concurrent active time: 2.743ms
[2020-01-29T22:00:11.008+0300][239.046s][info ][gc] GC(3638) Concurrent Mark 2.809ms
[2020-01-29T22:00:11.008+0300][239.046s][info ][gc] GC(3638) Concurrent Preclean
[2020-01-29T22:00:11.008+0300][239.047s][debug][gc] GC(3638) Concurrent active time: 0.173ms
[2020-01-29T22:00:11.008+0300][239.047s][info ][gc] GC(3638) Concurrent Preclean 0.206ms
[2020-01-29T22:00:11.008+0300][239.047s][info ][gc] GC(3638) Concurrent Abortable Preclean
[2020-01-29T22:00:11.008+0300][239.047s][debug][gc] GC(3638) Concurrent active time: 0.004ms
[2020-01-29T22:00:11.008+0300][239.047s][info ][gc] GC(3638) Concurrent Abortable Preclean 0.031ms
[2020-01-29T22:00:11.008+0300][239.047s][debug][gc] GC(3638) YG occupancy: 54488 K (78656 K)
[2020-01-29T22:00:11.019+0300][239.058s][info ][gc] GC(3638) Pause Remark 199M->199M(247M) 10.976ms
[2020-01-29T22:00:11.019+0300][239.058s][info ][gc] GC(3638) Concurrent Sweep
[2020-01-29T22:00:11.022+0300][239.061s][info ][gc] GC(3639) Pause Young (Allocation Failure) 199M->199M(247M) 0.042ms
[2020-01-29T22:00:11.088+0300][239.127s][debug][gc] GC(3638) Concurrent active time: 68.666ms
[2020-01-29T22:00:11.088+0300][239.127s][info ][gc] GC(3638) Concurrent Sweep 68.890ms
[2020-01-29T22:00:11.088+0300][239.127s][debug][gc] GC(3640) Concurrent mode failure
[2020-01-29T22:00:11.183+0300][239.221s][info ][gc] GC(3640) Pause Full (Allocation Failure) 199M->70M(247M) 160.106ms
[2020-01-29T22:00:11.258+0300][239.297s][info ][gc] GC(3641) Pause Young (Allocation Failure) 136M->155M(247M) 56.874ms
[2020-01-29T22:00:11.267+0300][239.306s][info ][gc] GC(3642) Pause Initial Mark 174M->174M(247M) 8.838ms
[2020-01-29T22:00:11.267+0300][239.306s][info ][gc] GC(3642) Concurrent Mark
[2020-01-29T22:00:11.270+0300][239.309s][debug][gc] GC(3642) Concurrent active time: 2.671ms
[2020-01-29T22:00:11.270+0300][239.309s][info ][gc] GC(3642) Concurrent Mark 2.730ms
[2020-01-29T22:00:11.270+0300][239.309s][info ][gc] GC(3642) Concurrent Preclean
[2020-01-29T22:00:11.270+0300][239.309s][debug][gc] GC(3642) Concurrent active time: 0.163ms
[2020-01-29T22:00:11.270+0300][239.309s][info ][gc] GC(3642) Concurrent Preclean 0.196ms
[2020-01-29T22:00:11.270+0300][239.309s][info ][gc] GC(3642) Concurrent Abortable Preclean
[2020-01-29T22:00:11.270+0300][239.309s][debug][gc] GC(3642) Concurrent active time: 0.004ms
[2020-01-29T22:00:11.270+0300][239.309s][info ][gc] GC(3642) Concurrent Abortable Preclean 0.036ms
[2020-01-29T22:00:11.270+0300][239.309s][debug][gc] GC(3642) YG occupancy: 54485 K (78656 K)
[2020-01-29T22:00:11.281+0300][239.320s][info ][gc] GC(3642) Pause Remark 199M->199M(247M) 10.954ms
[2020-01-29T22:00:11.281+0300][239.320s][info ][gc] GC(3642) Concurrent Sweep
[2020-01-29T22:00:11.284+0300][239.323s][info ][gc] GC(3643) Pause Young (Allocation Failure) 199M->199M(247M) 0.044ms
[2020-01-29T22:00:11.350+0300][239.389s][debug][gc] GC(3642) Concurrent active time: 68.158ms
[2020-01-29T22:00:11.350+0300][239.389s][info ][gc] GC(3642) Concurrent Sweep 68.391ms
[2020-01-29T22:00:11.350+0300][239.389s][debug][gc] GC(3644) Concurrent mode failure
[2020-01-29T22:00:11.445+0300][239.483s][info ][gc] GC(3644) Pause Full (Allocation Failure) 199M->70M(247M) 159.843ms
[2020-01-29T22:00:11.523+0300][239.562s][info ][gc] GC(3645) Pause Young (Allocation Failure) 136M->155M(247M) 59.781ms
[2020-01-29T22:00:11.533+0300][239.571s][info ][gc] GC(3646) Pause Initial Mark 174M->174M(247M) 8.834ms
[2020-01-29T22:00:11.533+0300][239.571s][info ][gc] GC(3646) Concurrent Mark
[2020-01-29T22:00:11.536+0300][239.574s][debug][gc] GC(3646) Concurrent active time: 2.680ms
[2020-01-29T22:00:11.536+0300][239.574s][info ][gc] GC(3646) Concurrent Mark 2.739ms
[2020-01-29T22:00:11.536+0300][239.574s][info ][gc] GC(3646) Concurrent Preclean
[2020-01-29T22:00:11.536+0300][239.574s][debug][gc] GC(3646) Concurrent active time: 0.168ms
[2020-01-29T22:00:11.536+0300][239.574s][info ][gc] GC(3646) Concurrent Preclean 0.200ms
[2020-01-29T22:00:11.536+0300][239.574s][info ][gc] GC(3646) Concurrent Abortable Preclean
[2020-01-29T22:00:11.536+0300][239.574s][debug][gc] GC(3646) Concurrent active time: 0.004ms
[2020-01-29T22:00:11.536+0300][239.574s][info ][gc] GC(3646) Concurrent Abortable Preclean 0.030ms
[2020-01-29T22:00:11.536+0300][239.575s][debug][gc] GC(3646) YG occupancy: 54487 K (78656 K)
[2020-01-29T22:00:11.547+0300][239.585s][info ][gc] GC(3646) Pause Remark 199M->199M(247M) 10.919ms
[2020-01-29T22:00:11.547+0300][239.585s][info ][gc] GC(3646) Concurrent Sweep
[2020-01-29T22:00:11.550+0300][239.588s][info ][gc] GC(3647) Pause Young (Allocation Failure) 199M->199M(247M) 0.041ms
[2020-01-29T22:00:11.616+0300][239.654s][debug][gc] GC(3646) Concurrent active time: 68.037ms
[2020-01-29T22:00:11.616+0300][239.654s][info ][gc] GC(3646) Concurrent Sweep 68.258ms
[2020-01-29T22:00:11.616+0300][239.654s][debug][gc] GC(3648) Concurrent mode failure
[2020-01-29T22:00:11.708+0300][239.747s][info ][gc] GC(3648) Pause Full (Allocation Failure) 199M->70M(247M) 158.527ms
[2020-01-29T22:00:11.780+0300][239.819s][info ][gc] GC(3649) Pause Young (Allocation Failure) 136M->155M(247M) 53.292ms
[2020-01-29T22:00:11.790+0300][239.828s][info ][gc] GC(3650) Pause Initial Mark 174M->174M(247M) 8.881ms
[2020-01-29T22:00:11.790+0300][239.828s][info ][gc] GC(3650) Concurrent Mark
[2020-01-29T22:00:11.793+0300][239.831s][debug][gc] GC(3650) Concurrent active time: 2.669ms
[2020-01-29T22:00:11.793+0300][239.831s][info ][gc] GC(3650) Concurrent Mark 2.726ms
[2020-01-29T22:00:11.793+0300][239.831s][info ][gc] GC(3650) Concurrent Preclean
[2020-01-29T22:00:11.793+0300][239.831s][debug][gc] GC(3650) Concurrent active time: 0.162ms
[2020-01-29T22:00:11.793+0300][239.831s][info ][gc] GC(3650) Concurrent Preclean 0.192ms
[2020-01-29T22:00:11.793+0300][239.831s][info ][gc] GC(3650) Concurrent Abortable Preclean
[2020-01-29T22:00:11.793+0300][239.831s][debug][gc] GC(3650) Concurrent active time: 0.004ms
[2020-01-29T22:00:11.793+0300][239.831s][info ][gc] GC(3650) Concurrent Abortable Preclean 0.031ms
[2020-01-29T22:00:11.793+0300][239.831s][debug][gc] GC(3650) YG occupancy: 54475 K (78656 K)
[2020-01-29T22:00:11.804+0300][239.842s][info ][gc] GC(3650) Pause Remark 199M->199M(247M) 10.998ms
[2020-01-29T22:00:11.804+0300][239.843s][info ][gc] GC(3650) Concurrent Sweep
[2020-01-29T22:00:11.807+0300][239.846s][info ][gc] GC(3651) Pause Young (Allocation Failure) 199M->199M(247M) 0.043ms
[2020-01-29T22:00:11.872+0300][239.910s][debug][gc] GC(3650) Concurrent active time: 67.758ms
[2020-01-29T22:00:11.872+0300][239.911s][info ][gc] GC(3650) Concurrent Sweep 67.989ms
[2020-01-29T22:00:11.872+0300][239.911s][debug][gc] GC(3652) Concurrent mode failure
[2020-01-29T22:00:11.968+0300][240.006s][info ][gc] GC(3652) Pause Full (Allocation Failure) 199M->70M(247M) 160.504ms
[2020-01-29T22:00:12.042+0300][240.080s][info ][gc] GC(3653) Pause Young (Allocation Failure) 136M->155M(247M) 55.310ms
[2020-01-29T22:00:12.051+0300][240.089s][info ][gc] GC(3654) Pause Initial Mark 174M->174M(247M) 8.821ms
[2020-01-29T22:00:12.051+0300][240.090s][info ][gc] GC(3654) Concurrent Mark
[2020-01-29T22:00:12.054+0300][240.093s][debug][gc] GC(3654) Concurrent active time: 2.960ms
[2020-01-29T22:00:12.054+0300][240.093s][info ][gc] GC(3654) Concurrent Mark 3.041ms
[2020-01-29T22:00:12.054+0300][240.093s][info ][gc] GC(3654) Concurrent Preclean
[2020-01-29T22:00:12.054+0300][240.093s][debug][gc] GC(3654) Concurrent active time: 0.190ms
[2020-01-29T22:00:12.054+0300][240.093s][info ][gc] GC(3654) Concurrent Preclean 0.226ms
[2020-01-29T22:00:12.054+0300][240.093s][info ][gc] GC(3654) Concurrent Abortable Preclean
[2020-01-29T22:00:12.054+0300][240.093s][debug][gc] GC(3654) Concurrent active time: 0.006ms
[2020-01-29T22:00:12.055+0300][240.093s][info ][gc] GC(3654) Concurrent Abortable Preclean 0.036ms
[2020-01-29T22:00:12.055+0300][240.093s][debug][gc] GC(3654) YG occupancy: 50375 K (78656 K)
[2020-01-29T22:00:12.066+0300][240.104s][info ][gc] GC(3654) Pause Remark 195M->195M(247M) 11.002ms
[2020-01-29T22:00:12.066+0300][240.104s][info ][gc] GC(3654) Concurrent Sweep
[2020-01-29T22:00:12.069+0300][240.108s][info ][gc] GC(3655) Pause Young (Allocation Failure) 198M->198M(247M) 0.047ms
[2020-01-29T22:00:12.133+0300][240.171s][debug][gc] GC(3654) Concurrent active time: 66.494ms
[2020-01-29T22:00:12.133+0300][240.171s][info ][gc] GC(3654) Concurrent Sweep 66.753ms
[2020-01-29T22:00:12.133+0300][240.171s][debug][gc] GC(3656) Concurrent mode failure
[2020-01-29T22:00:12.226+0300][240.264s][info ][gc] GC(3656) Pause Full (Allocation Failure) 198M->70M(247M) 156.638ms
[2020-01-29T22:00:12.298+0300][240.336s][info ][gc] GC(3657) Pause Young (Allocation Failure) 136M->155M(247M) 53.893ms
[2020-01-29T22:00:12.307+0300][240.346s][info ][gc] GC(3658) Pause Initial Mark 174M->174M(247M) 8.828ms
[2020-01-29T22:00:12.307+0300][240.346s][info ][gc] GC(3658) Concurrent Mark
[2020-01-29T22:00:12.310+0300][240.349s][debug][gc] GC(3658) Concurrent active time: 2.645ms
[2020-01-29T22:00:12.310+0300][240.349s][info ][gc] GC(3658) Concurrent Mark 2.701ms
[2020-01-29T22:00:12.310+0300][240.349s][info ][gc] GC(3658) Concurrent Preclean
[2020-01-29T22:00:12.310+0300][240.349s][debug][gc] GC(3658) Concurrent active time: 0.159ms
[2020-01-29T22:00:12.310+0300][240.349s][info ][gc] GC(3658) Concurrent Preclean 0.190ms
[2020-01-29T22:00:12.310+0300][240.349s][info ][gc] GC(3658) Concurrent Abortable Preclean
[2020-01-29T22:00:12.310+0300][240.349s][debug][gc] GC(3658) Concurrent active time: 0.004ms
[2020-01-29T22:00:12.310+0300][240.349s][info ][gc] GC(3658) Concurrent Abortable Preclean 0.031ms
[2020-01-29T22:00:12.310+0300][240.349s][debug][gc] GC(3658) YG occupancy: 54486 K (78656 K)
[2020-01-29T22:00:12.322+0300][240.360s][info ][gc] GC(3658) Pause Remark 199M->199M(247M) 11.104ms
[2020-01-29T22:00:12.322+0300][240.360s][info ][gc] GC(3658) Concurrent Sweep
[2020-01-29T22:00:12.325+0300][240.363s][info ][gc] GC(3659) Pause Young (Allocation Failure) 199M->199M(247M) 0.042ms
[2020-01-29T22:00:12.390+0300][240.429s][debug][gc] GC(3658) Concurrent active time: 68.077ms
[2020-01-29T22:00:12.390+0300][240.429s][info ][gc] GC(3658) Concurrent Sweep 68.299ms
[2020-01-29T22:00:12.390+0300][240.429s][debug][gc] GC(3660) Concurrent mode failure
[2020-01-29T22:00:12.485+0300][240.523s][info ][gc] GC(3660) Pause Full (Allocation Failure) 199M->70M(247M) 159.551ms
[2020-01-29T22:00:12.558+0300][240.596s][info ][gc] GC(3661) Pause Young (Allocation Failure) 136M->155M(247M) 54.464ms
[2020-01-29T22:00:12.568+0300][240.606s][info ][gc] GC(3662) Pause Initial Mark 174M->174M(247M) 8.827ms
[2020-01-29T22:00:12.568+0300][240.606s][info ][gc] GC(3662) Concurrent Mark
[2020-01-29T22:00:12.571+0300][240.609s][debug][gc] GC(3662) Concurrent active time: 2.664ms
[2020-01-29T22:00:12.571+0300][240.609s][info ][gc] GC(3662) Concurrent Mark 2.719ms
[2020-01-29T22:00:12.571+0300][240.609s][info ][gc] GC(3662) Concurrent Preclean
[2020-01-29T22:00:12.571+0300][240.609s][debug][gc] GC(3662) Concurrent active time: 0.161ms
[2020-01-29T22:00:12.571+0300][240.609s][info ][gc] GC(3662) Concurrent Preclean 0.192ms
[2020-01-29T22:00:12.571+0300][240.609s][info ][gc] GC(3662) Concurrent Abortable Preclean
[2020-01-29T22:00:12.571+0300][240.609s][debug][gc] GC(3662) Concurrent active time: 0.004ms
[2020-01-29T22:00:12.571+0300][240.609s][info ][gc] GC(3662) Concurrent Abortable Preclean 0.031ms
[2020-01-29T22:00:12.571+0300][240.609s][debug][gc] GC(3662) YG occupancy: 54488 K (78656 K)
[2020-01-29T22:00:12.581+0300][240.620s][info ][gc] GC(3662) Pause Remark 199M->199M(247M) 10.918ms
[2020-01-29T22:00:12.581+0300][240.620s][info ][gc] GC(3662) Concurrent Sweep
[2020-01-29T22:00:12.584+0300][240.623s][info ][gc] GC(3663) Pause Young (Allocation Failure) 199M->199M(247M) 0.042ms
[2020-01-29T22:00:12.649+0300][240.688s][debug][gc] GC(3662) Concurrent active time: 67.583ms
[2020-01-29T22:00:12.649+0300][240.688s][info ][gc] GC(3662) Concurrent Sweep 67.803ms
[2020-01-29T22:00:12.649+0300][240.688s][debug][gc] GC(3664) Concurrent mode failure
[2020-01-29T22:00:12.743+0300][240.781s][info ][gc] GC(3664) Pause Full (Allocation Failure) 199M->70M(247M) 158.392ms
[2020-01-29T22:00:12.816+0300][240.854s][info ][gc] GC(3665) Pause Young (Allocation Failure) 136M->155M(247M) 53.945ms
[2020-01-29T22:00:12.825+0300][240.864s][info ][gc] GC(3666) Pause Initial Mark 174M->174M(247M) 8.821ms
[2020-01-29T22:00:12.825+0300][240.864s][info ][gc] GC(3666) Concurrent Mark
[2020-01-29T22:00:12.828+0300][240.866s][debug][gc] GC(3666) Concurrent active time: 2.663ms
[2020-01-29T22:00:12.828+0300][240.866s][info ][gc] GC(3666) Concurrent Mark 2.714ms
[2020-01-29T22:00:12.828+0300][240.866s][info ][gc] GC(3666) Concurrent Preclean
[2020-01-29T22:00:12.828+0300][240.867s][debug][gc] GC(3666) Concurrent active time: 0.158ms
[2020-01-29T22:00:12.828+0300][240.867s][info ][gc] GC(3666) Concurrent Preclean 0.186ms
[2020-01-29T22:00:12.828+0300][240.867s][info ][gc] GC(3666) Concurrent Abortable Preclean
[2020-01-29T22:00:12.828+0300][240.867s][debug][gc] GC(3666) Concurrent active time: 0.003ms
[2020-01-29T22:00:12.828+0300][240.867s][info ][gc] GC(3666) Concurrent Abortable Preclean 0.030ms
[2020-01-29T22:00:12.828+0300][240.867s][debug][gc] GC(3666) YG occupancy: 54477 K (78656 K)
[2020-01-29T22:00:12.839+0300][240.878s][info ][gc] GC(3666) Pause Remark 199M->199M(247M) 10.935ms
[2020-01-29T22:00:12.839+0300][240.878s][info ][gc] GC(3666) Concurrent Sweep
[2020-01-29T22:00:12.842+0300][240.881s][info ][gc] GC(3667) Pause Young (Allocation Failure) 199M->199M(247M) 0.042ms
[2020-01-29T22:00:12.907+0300][240.945s][debug][gc] GC(3666) Concurrent active time: 67.529ms
[2020-01-29T22:00:12.907+0300][240.945s][info ][gc] GC(3666) Concurrent Sweep 67.766ms
[2020-01-29T22:00:12.907+0300][240.946s][debug][gc] GC(3668) Concurrent mode failure
[2020-01-29T22:00:13.001+0300][241.039s][info ][gc] GC(3668) Pause Full (Allocation Failure) 199M->70M(247M) 158.562ms
[2020-01-29T22:00:13.073+0300][241.112s][info ][gc] GC(3669) Pause Young (Allocation Failure) 136M->155M(247M) 54.729ms
[2020-01-29T22:00:13.083+0300][241.122s][info ][gc] GC(3670) Pause Initial Mark 174M->174M(247M) 8.829ms
[2020-01-29T22:00:13.083+0300][241.122s][info ][gc] GC(3670) Concurrent Mark
[2020-01-29T22:00:13.086+0300][241.125s][debug][gc] GC(3670) Concurrent active time: 2.857ms
[2020-01-29T22:00:13.086+0300][241.125s][info ][gc] GC(3670) Concurrent Mark 2.932ms
[2020-01-29T22:00:13.086+0300][241.125s][info ][gc] GC(3670) Concurrent Preclean
[2020-01-29T22:00:13.086+0300][241.125s][debug][gc] GC(3670) Concurrent active time: 0.187ms
[2020-01-29T22:00:13.086+0300][241.125s][info ][gc] GC(3670) Concurrent Preclean 0.221ms
[2020-01-29T22:00:13.086+0300][241.125s][info ][gc] GC(3670) Concurrent Abortable Preclean
[2020-01-29T22:00:13.086+0300][241.125s][debug][gc] GC(3670) Concurrent active time: 0.004ms
[2020-01-29T22:00:13.086+0300][241.125s][info ][gc] GC(3670) Concurrent Abortable Preclean 0.031ms
[2020-01-29T22:00:13.086+0300][241.125s][debug][gc] GC(3670) YG occupancy: 54516 K (78656 K)
[2020-01-29T22:00:13.097+0300][241.136s][info ][gc] GC(3670) Pause Remark 199M->199M(247M) 10.990ms
[2020-01-29T22:00:13.098+0300][241.136s][info ][gc] GC(3670) Concurrent Sweep
[2020-01-29T22:00:13.101+0300][241.139s][info ][gc] GC(3671) Pause Young (Allocation Failure) 199M->199M(247M) 0.045ms
[2020-01-29T22:00:13.165+0300][241.204s][debug][gc] GC(3670) Concurrent active time: 67.626ms
[2020-01-29T22:00:13.165+0300][241.204s][info ][gc] GC(3670) Concurrent Sweep 67.869ms
[2020-01-29T22:00:13.165+0300][241.204s][debug][gc] GC(3672) Concurrent mode failure
[2020-01-29T22:00:13.260+0300][241.298s][info ][gc] GC(3672) Pause Full (Allocation Failure) 199M->70M(247M) 158.778ms
[2020-01-29T22:00:13.332+0300][241.371s][info ][gc] GC(3673) Pause Young (Allocation Failure) 136M->155M(247M) 54.634ms
[2020-01-29T22:00:13.342+0300][241.381s][info ][gc] GC(3674) Pause Initial Mark 174M->174M(247M) 8.823ms
[2020-01-29T22:00:13.342+0300][241.381s][info ][gc] GC(3674) Concurrent Mark
[2020-01-29T22:00:13.345+0300][241.384s][debug][gc] GC(3674) Concurrent active time: 2.686ms
[2020-01-29T22:00:13.345+0300][241.384s][info ][gc] GC(3674) Concurrent Mark 2.742ms
[2020-01-29T22:00:13.345+0300][241.384s][info ][gc] GC(3674) Concurrent Preclean
[2020-01-29T22:00:13.345+0300][241.384s][debug][gc] GC(3674) Concurrent active time: 0.159ms
[2020-01-29T22:00:13.345+0300][241.384s][info ][gc] GC(3674) Concurrent Preclean 0.189ms
[2020-01-29T22:00:13.345+0300][241.384s][info ][gc] GC(3674) Concurrent Abortable Preclean
[2020-01-29T22:00:13.345+0300][241.384s][debug][gc] GC(3674) Concurrent active time: 0.004ms
[2020-01-29T22:00:13.345+0300][241.384s][info ][gc] GC(3674) Concurrent Abortable Preclean 0.030ms
[2020-01-29T22:00:13.345+0300][241.384s][debug][gc] GC(3674) YG occupancy: 54488 K (78656 K)
[2020-01-29T22:00:13.356+0300][241.395s][info ][gc] GC(3674) Pause Remark 199M->199M(247M) 10.954ms
[2020-01-29T22:00:13.356+0300][241.395s][info ][gc] GC(3674) Concurrent Sweep
[2020-01-29T22:00:13.359+0300][241.398s][info ][gc] GC(3675) Pause Young (Allocation Failure) 199M->199M(247M) 0.042ms
[2020-01-29T22:00:13.426+0300][241.465s][debug][gc] GC(3674) Concurrent active time: 69.301ms
[2020-01-29T22:00:13.426+0300][241.465s][info ][gc] GC(3674) Concurrent Sweep 69.525ms
[2020-01-29T22:00:13.426+0300][241.465s][debug][gc] GC(3676) Concurrent mode failure
[2020-01-29T22:00:13.520+0300][241.559s][info ][gc] GC(3676) Pause Full (Allocation Failure) 199M->70M(247M) 160.798ms
[2020-01-29T22:00:13.592+0300][241.630s][info ][gc] GC(3677) Pause Young (Allocation Failure) 136M->155M(247M) 53.196ms
[2020-01-29T22:00:13.602+0300][241.640s][info ][gc] GC(3678) Pause Initial Mark 174M->174M(247M) 8.810ms
[2020-01-29T22:00:13.602+0300][241.640s][info ][gc] GC(3678) Concurrent Mark
[2020-01-29T22:00:13.604+0300][241.643s][debug][gc] GC(3678) Concurrent active time: 2.664ms
[2020-01-29T22:00:13.604+0300][241.643s][info ][gc] GC(3678) Concurrent Mark 2.725ms
[2020-01-29T22:00:13.604+0300][241.643s][info ][gc] GC(3678) Concurrent Preclean
[2020-01-29T22:00:13.605+0300][241.643s][debug][gc] GC(3678) Concurrent active time: 0.164ms
[2020-01-29T22:00:13.605+0300][241.643s][info ][gc] GC(3678) Concurrent Preclean 0.196ms
[2020-01-29T22:00:13.605+0300][241.643s][info ][gc] GC(3678) Concurrent Abortable Preclean
[2020-01-29T22:00:13.605+0300][241.643s][debug][gc] GC(3678) Concurrent active time: 0.004ms
[2020-01-29T22:00:13.605+0300][241.643s][info ][gc] GC(3678) Concurrent Abortable Preclean 0.033ms
[2020-01-29T22:00:13.605+0300][241.643s][debug][gc] GC(3678) YG occupancy: 54489 K (78656 K)
[2020-01-29T22:00:13.616+0300][241.654s][info ][gc] GC(3678) Pause Remark 199M->199M(247M) 10.974ms
[2020-01-29T22:00:13.616+0300][241.654s][info ][gc] GC(3678) Concurrent Sweep
[2020-01-29T22:00:13.619+0300][241.657s][info ][gc] GC(3679) Pause Young (Allocation Failure) 199M->199M(247M) 0.042ms
[2020-01-29T22:00:13.684+0300][241.722s][debug][gc] GC(3678) Concurrent active time: 67.513ms
[2020-01-29T22:00:13.684+0300][241.722s][info ][gc] GC(3678) Concurrent Sweep 67.738ms
[2020-01-29T22:00:13.684+0300][241.722s][debug][gc] GC(3680) Concurrent mode failure
[2020-01-29T22:00:13.776+0300][241.815s][info ][gc] GC(3680) Pause Full (Allocation Failure) 199M->70M(247M) 157.791ms
[2020-01-29T22:00:13.881+0300][241.919s][info ][gc] GC(3681) Pause Young (Allocation Failure) 136M->155M(247M) 85.630ms
[2020-01-29T22:00:13.891+0300][241.930s][info ][gc] GC(3682) Pause Initial Mark 174M->174M(247M) 8.859ms
[2020-01-29T22:00:13.891+0300][241.930s][info ][gc] GC(3682) Concurrent Mark
[2020-01-29T22:00:13.894+0300][241.933s][debug][gc] GC(3682) Concurrent active time: 2.830ms
[2020-01-29T22:00:13.894+0300][241.933s][info ][gc] GC(3682) Concurrent Mark 2.890ms
[2020-01-29T22:00:13.894+0300][241.933s][info ][gc] GC(3682) Concurrent Preclean
[2020-01-29T22:00:13.894+0300][241.933s][debug][gc] GC(3682) Concurrent active time: 0.175ms
[2020-01-29T22:00:13.894+0300][241.933s][info ][gc] GC(3682) Concurrent Preclean 0.208ms
[2020-01-29T22:00:13.894+0300][241.933s][info ][gc] GC(3682) Concurrent Abortable Preclean
[2020-01-29T22:00:13.894+0300][241.933s][debug][gc] GC(3682) Concurrent active time: 0.004ms
[2020-01-29T22:00:13.894+0300][241.933s][info ][gc] GC(3682) Concurrent Abortable Preclean 0.031ms
[2020-01-29T22:00:13.895+0300][241.933s][debug][gc] GC(3682) YG occupancy: 53096 K (78656 K)
[2020-01-29T22:00:13.906+0300][241.944s][info ][gc] GC(3682) Pause Remark 198M->198M(247M) 11.018ms
[2020-01-29T22:00:13.906+0300][241.944s][info ][gc] GC(3682) Concurrent Sweep
[2020-01-29T22:00:13.909+0300][241.947s][info ][gc] GC(3683) Pause Young (Allocation Failure) 199M->199M(247M) 0.046ms
[2020-01-29T22:00:13.975+0300][242.013s][debug][gc] GC(3682) Concurrent active time: 68.890ms
[2020-01-29T22:00:13.975+0300][242.013s][info ][gc] GC(3682) Concurrent Sweep 69.243ms
[2020-01-29T22:00:13.975+0300][242.013s][debug][gc] GC(3684) Concurrent mode failure
[2020-01-29T22:00:14.071+0300][242.109s][info ][gc] GC(3684) Pause Full (Allocation Failure) 199M->70M(247M) 161.474ms
[2020-01-29T22:00:14.147+0300][242.186s][info ][gc] GC(3685) Pause Young (Allocation Failure) 136M->155M(247M) 57.310ms
[2020-01-29T22:00:14.157+0300][242.195s][info ][gc] GC(3686) Pause Initial Mark 174M->174M(247M) 8.821ms
[2020-01-29T22:00:14.157+0300][242.195s][info ][gc] GC(3686) Concurrent Mark
[2020-01-29T22:00:14.159+0300][242.198s][debug][gc] GC(3686) Concurrent active time: 2.656ms
[2020-01-29T22:00:14.159+0300][242.198s][info ][gc] GC(3686) Concurrent Mark 2.706ms
[2020-01-29T22:00:14.159+0300][242.198s][info ][gc] GC(3686) Concurrent Preclean
[2020-01-29T22:00:14.160+0300][242.198s][debug][gc] GC(3686) Concurrent active time: 0.165ms
[2020-01-29T22:00:14.160+0300][242.198s][info ][gc] GC(3686) Concurrent Preclean 0.196ms
[2020-01-29T22:00:14.160+0300][242.198s][info ][gc] GC(3686) Concurrent Abortable Preclean
[2020-01-29T22:00:14.160+0300][242.198s][debug][gc] GC(3686) Concurrent active time: 0.004ms
[2020-01-29T22:00:14.160+0300][242.198s][info ][gc] GC(3686) Concurrent Abortable Preclean 0.030ms
[2020-01-29T22:00:14.160+0300][242.199s][debug][gc] GC(3686) YG occupancy: 54480 K (78656 K)
[2020-01-29T22:00:14.171+0300][242.209s][info ][gc] GC(3686) Pause Remark 199M->199M(247M) 10.972ms
[2020-01-29T22:00:14.171+0300][242.210s][info ][gc] GC(3686) Concurrent Sweep
[2020-01-29T22:00:14.174+0300][242.213s][info ][gc] GC(3687) Pause Young (Allocation Failure) 199M->199M(247M) 0.041ms
[2020-01-29T22:00:14.239+0300][242.278s][debug][gc] GC(3686) Concurrent active time: 68.266ms
[2020-01-29T22:00:14.239+0300][242.278s][info ][gc] GC(3686) Concurrent Sweep 68.485ms
[2020-01-29T22:00:14.239+0300][242.278s][debug][gc] GC(3688) Concurrent mode failure
[2020-01-29T22:00:14.335+0300][242.373s][info ][gc] GC(3688) Pause Full (Allocation Failure) 199M->70M(247M) 160.335ms
[2020-01-29T22:00:14.407+0300][242.446s][info ][gc] GC(3689) Pause Young (Allocation Failure) 136M->155M(247M) 53.797ms
[2020-01-29T22:00:14.417+0300][242.455s][info ][gc] GC(3690) Pause Initial Mark 174M->174M(247M) 8.815ms
[2020-01-29T22:00:14.417+0300][242.455s][info ][gc] GC(3690) Concurrent Mark
[2020-01-29T22:00:14.420+0300][242.458s][debug][gc] GC(3690) Concurrent active time: 2.661ms
[2020-01-29T22:00:14.420+0300][242.458s][info ][gc] GC(3690) Concurrent Mark 2.715ms
[2020-01-29T22:00:14.420+0300][242.458s][info ][gc] GC(3690) Concurrent Preclean
[2020-01-29T22:00:14.420+0300][242.458s][debug][gc] GC(3690) Concurrent active time: 0.159ms
[2020-01-29T22:00:14.420+0300][242.458s][info ][gc] GC(3690) Concurrent Preclean 0.189ms
[2020-01-29T22:00:14.420+0300][242.458s][info ][gc] GC(3690) Concurrent Abortable Preclean
[2020-01-29T22:00:14.420+0300][242.458s][debug][gc] GC(3690) Concurrent active time: 0.004ms
[2020-01-29T22:00:14.420+0300][242.458s][info ][gc] GC(3690) Concurrent Abortable Preclean 0.031ms
[2020-01-29T22:00:14.420+0300][242.458s][debug][gc] GC(3690) YG occupancy: 54485 K (78656 K)
[2020-01-29T22:00:14.431+0300][242.469s][info ][gc] GC(3690) Pause Remark 199M->199M(247M) 10.944ms
[2020-01-29T22:00:14.431+0300][242.469s][info ][gc] GC(3690) Concurrent Sweep
[2020-01-29T22:00:14.434+0300][242.472s][info ][gc] GC(3691) Pause Young (Allocation Failure) 199M->199M(247M) 0.042ms
[2020-01-29T22:00:14.501+0300][242.539s][debug][gc] GC(3690) Concurrent active time: 69.933ms
[2020-01-29T22:00:14.501+0300][242.539s][info ][gc] GC(3690) Concurrent Sweep 70.156ms
[2020-01-29T22:00:14.501+0300][242.540s][debug][gc] GC(3692) Concurrent mode failure
[2020-01-29T22:00:14.596+0300][242.634s][info ][gc] GC(3692) Pause Full (Allocation Failure) 199M->70M(247M) 161.844ms
[2020-01-29T22:00:14.668+0300][242.706s][info ][gc] GC(3693) Pause Young (Allocation Failure) 136M->155M(247M) 54.263ms
[2020-01-29T22:00:14.678+0300][242.716s][info ][gc] GC(3694) Pause Initial Mark 174M->174M(247M) 8.821ms
[2020-01-29T22:00:14.678+0300][242.716s][info ][gc] GC(3694) Concurrent Mark
[2020-01-29T22:00:14.680+0300][242.719s][debug][gc] GC(3694) Concurrent active time: 2.651ms
[2020-01-29T22:00:14.680+0300][242.719s][info ][gc] GC(3694) Concurrent Mark 2.706ms
[2020-01-29T22:00:14.680+0300][242.719s][info ][gc] GC(3694) Concurrent Preclean
[2020-01-29T22:00:14.681+0300][242.719s][debug][gc] GC(3694) Concurrent active time: 0.167ms
[2020-01-29T22:00:14.681+0300][242.719s][info ][gc] GC(3694) Concurrent Preclean 0.199ms
[2020-01-29T22:00:14.681+0300][242.719s][info ][gc] GC(3694) Concurrent Abortable Preclean
[2020-01-29T22:00:14.681+0300][242.719s][debug][gc] GC(3694) Concurrent active time: 0.003ms
[2020-01-29T22:00:14.681+0300][242.719s][info ][gc] GC(3694) Concurrent Abortable Preclean 0.030ms
[2020-01-29T22:00:14.681+0300][242.719s][debug][gc] GC(3694) YG occupancy: 54488 K (78656 K)
[2020-01-29T22:00:14.692+0300][242.730s][info ][gc] GC(3694) Pause Remark 199M->199M(247M) 10.947ms
[2020-01-29T22:00:14.692+0300][242.730s][info ][gc] GC(3694) Concurrent Sweep
[2020-01-29T22:00:14.695+0300][242.733s][info ][gc] GC(3695) Pause Young (Allocation Failure) 199M->199M(247M) 0.042ms
[2020-01-29T22:00:14.759+0300][242.797s][debug][gc] GC(3694) Concurrent active time: 67.113ms
[2020-01-29T22:00:14.759+0300][242.797s][info ][gc] GC(3694) Concurrent Sweep 67.337ms
[2020-01-29T22:00:14.759+0300][242.797s][debug][gc] GC(3696) Concurrent mode failure
[2020-01-29T22:00:14.853+0300][242.891s][info ][gc] GC(3696) Pause Full (Allocation Failure) 199M->70M(247M) 158.337ms
[2020-01-29T22:00:14.925+0300][242.964s][info ][gc] GC(3697) Pause Young (Allocation Failure) 136M->155M(247M) 53.732ms
[2020-01-29T22:00:14.935+0300][242.973s][info ][gc] GC(3698) Pause Initial Mark 174M->174M(247M) 8.828ms
[2020-01-29T22:00:14.935+0300][242.973s][info ][gc] GC(3698) Concurrent Mark
[2020-01-29T22:00:14.938+0300][242.976s][debug][gc] GC(3698) Concurrent active time: 2.648ms
[2020-01-29T22:00:14.938+0300][242.976s][info ][gc] GC(3698) Concurrent Mark 2.704ms
[2020-01-29T22:00:14.938+0300][242.976s][info ][gc] GC(3698) Concurrent Preclean
[2020-01-29T22:00:14.938+0300][242.976s][debug][gc] GC(3698) Concurrent active time: 0.161ms
[2020-01-29T22:00:14.938+0300][242.976s][info ][gc] GC(3698) Concurrent Preclean 0.192ms
[2020-01-29T22:00:14.938+0300][242.976s][info ][gc] GC(3698) Concurrent Abortable Preclean
[2020-01-29T22:00:14.938+0300][242.976s][debug][gc] GC(3698) Concurrent active time: 0.004ms
[2020-01-29T22:00:14.938+0300][242.976s][info ][gc] GC(3698) Concurrent Abortable Preclean 0.030ms
[2020-01-29T22:00:14.938+0300][242.976s][debug][gc] GC(3698) YG occupancy: 53096 K (78656 K)
[2020-01-29T22:00:14.949+0300][242.987s][info ][gc] GC(3698) Pause Remark 198M->198M(247M) 10.941ms
[2020-01-29T22:00:14.949+0300][242.987s][info ][gc] GC(3698) Concurrent Sweep
[2020-01-29T22:00:14.952+0300][242.990s][info ][gc] GC(3699) Pause Young (Allocation Failure) 199M->199M(247M) 0.042ms
[2020-01-29T22:00:15.017+0300][243.055s][debug][gc] GC(3698) Concurrent active time: 67.465ms
[2020-01-29T22:00:15.017+0300][243.055s][info ][gc] GC(3698) Concurrent Sweep 67.695ms
[2020-01-29T22:00:15.017+0300][243.055s][debug][gc] GC(3700) Concurrent mode failure
[2020-01-29T22:00:15.111+0300][243.149s][info ][gc] GC(3700) Pause Full (Allocation Failure) 199M->70M(247M) 158.914ms
[2020-01-29T22:00:15.185+0300][243.223s][info ][gc] GC(3701) Pause Young (Allocation Failure) 136M->155M(247M) 54.979ms
[2020-01-29T22:00:15.194+0300][243.233s][info ][gc] GC(3702) Pause Initial Mark 174M->174M(247M) 8.818ms
[2020-01-29T22:00:15.194+0300][243.233s][info ][gc] GC(3702) Concurrent Mark
[2020-01-29T22:00:15.197+0300][243.236s][debug][gc] GC(3702) Concurrent active time: 2.663ms
[2020-01-29T22:00:15.197+0300][243.236s][info ][gc] GC(3702) Concurrent Mark 2.722ms
[2020-01-29T22:00:15.197+0300][243.236s][info ][gc] GC(3702) Concurrent Preclean
[2020-01-29T22:00:15.197+0300][243.236s][debug][gc] GC(3702) Concurrent active time: 0.163ms
[2020-01-29T22:00:15.197+0300][243.236s][info ][gc] GC(3702) Concurrent Preclean 0.195ms
[2020-01-29T22:00:15.197+0300][243.236s][info ][gc] GC(3702) Concurrent Abortable Preclean
[2020-01-29T22:00:15.197+0300][243.236s][debug][gc] GC(3702) Concurrent active time: 0.004ms
[2020-01-29T22:00:15.197+0300][243.236s][info ][gc] GC(3702) Concurrent Abortable Preclean 0.031ms
[2020-01-29T22:00:15.198+0300][243.236s][debug][gc] GC(3702) YG occupancy: 54479 K (78656 K)
[2020-01-29T22:00:15.209+0300][243.247s][info ][gc] GC(3702) Pause Remark 199M->199M(247M) 10.959ms
[2020-01-29T22:00:15.209+0300][243.247s][info ][gc] GC(3702) Concurrent Sweep
[2020-01-29T22:00:15.212+0300][243.250s][info ][gc] GC(3703) Pause Young (Allocation Failure) 199M->199M(247M) 0.042ms
[2020-01-29T22:00:15.276+0300][243.314s][debug][gc] GC(3702) Concurrent active time: 66.946ms
[2020-01-29T22:00:15.276+0300][243.314s][info ][gc] GC(3702) Concurrent Sweep 67.175ms
[2020-01-29T22:00:15.276+0300][243.314s][debug][gc] GC(3704) Concurrent mode failure
[2020-01-29T22:00:15.371+0300][243.409s][info ][gc] GC(3704) Pause Full (Allocation Failure) 199M->70M(247M) 159.031ms
[2020-01-29T22:00:15.443+0300][243.481s][info ][gc] GC(3705) Pause Young (Allocation Failure) 136M->155M(247M) 53.884ms
[2020-01-29T22:00:15.452+0300][243.491s][info ][gc] GC(3706) Pause Initial Mark 174M->174M(247M) 8.813ms
[2020-01-29T22:00:15.452+0300][243.491s][info ][gc] GC(3706) Concurrent Mark
[2020-01-29T22:00:15.455+0300][243.494s][debug][gc] GC(3706) Concurrent active time: 2.707ms
[2020-01-29T22:00:15.455+0300][243.494s][info ][gc] GC(3706) Concurrent Mark 2.776ms
[2020-01-29T22:00:15.455+0300][243.494s][info ][gc] GC(3706) Concurrent Preclean
[2020-01-29T22:00:15.455+0300][243.494s][debug][gc] GC(3706) Concurrent active time: 0.161ms
[2020-01-29T22:00:15.455+0300][243.494s][info ][gc] GC(3706) Concurrent Preclean 0.192ms
[2020-01-29T22:00:15.455+0300][243.494s][info ][gc] GC(3706) Concurrent Abortable Preclean
[2020-01-29T22:00:15.455+0300][243.494s][debug][gc] GC(3706) Concurrent active time: 0.004ms
[2020-01-29T22:00:15.455+0300][243.494s][info ][gc] GC(3706) Concurrent Abortable Preclean 0.030ms
[2020-01-29T22:00:15.455+0300][243.494s][debug][gc] GC(3706) YG occupancy: 54485 K (78656 K)
[2020-01-29T22:00:15.466+0300][243.505s][info ][gc] GC(3706) Pause Remark 199M->199M(247M) 10.916ms
[2020-01-29T22:00:15.466+0300][243.505s][info ][gc] GC(3706) Concurrent Sweep
[2020-01-29T22:00:15.469+0300][243.508s][info ][gc] GC(3707) Pause Young (Allocation Failure) 199M->199M(247M) 0.043ms
[2020-01-29T22:00:15.535+0300][243.573s][debug][gc] GC(3706) Concurrent active time: 67.898ms
[2020-01-29T22:00:15.535+0300][243.573s][info ][gc] GC(3706) Concurrent Sweep 68.131ms
[2020-01-29T22:00:15.535+0300][243.573s][debug][gc] GC(3708) Concurrent mode failure
[2020-01-29T22:00:15.629+0300][243.668s][info ][gc] GC(3708) Pause Full (Allocation Failure) 199M->70M(247M) 159.981ms
[2020-01-29T22:00:15.702+0300][243.740s][info ][gc] GC(3709) Pause Young (Allocation Failure) 136M->155M(247M) 54.004ms
[2020-01-29T22:00:15.712+0300][243.750s][info ][gc] GC(3710) Pause Initial Mark 174M->174M(247M) 8.819ms
[2020-01-29T22:00:15.712+0300][243.750s][info ][gc] GC(3710) Concurrent Mark
[2020-01-29T22:00:15.715+0300][243.753s][debug][gc] GC(3710) Concurrent active time: 2.662ms
[2020-01-29T22:00:15.715+0300][243.753s][info ][gc] GC(3710) Concurrent Mark 2.719ms
[2020-01-29T22:00:15.715+0300][243.753s][info ][gc] GC(3710) Concurrent Preclean
[2020-01-29T22:00:15.715+0300][243.753s][debug][gc] GC(3710) Concurrent active time: 0.159ms
[2020-01-29T22:00:15.715+0300][243.753s][info ][gc] GC(3710) Concurrent Preclean 0.192ms
[2020-01-29T22:00:15.715+0300][243.753s][info ][gc] GC(3710) Concurrent Abortable Preclean
[2020-01-29T22:00:15.715+0300][243.753s][debug][gc] GC(3710) Concurrent active time: 0.004ms
[2020-01-29T22:00:15.715+0300][243.753s][info ][gc] GC(3710) Concurrent Abortable Preclean 0.031ms
[2020-01-29T22:00:15.715+0300][243.753s][debug][gc] GC(3710) YG occupancy: 54487 K (78656 K)
[2020-01-29T22:00:15.726+0300][243.764s][info ][gc] GC(3710) Pause Remark 199M->199M(247M) 10.948ms
[2020-01-29T22:00:15.726+0300][243.764s][info ][gc] GC(3710) Concurrent Sweep
[2020-01-29T22:00:15.729+0300][243.767s][info ][gc] GC(3711) Pause Young (Allocation Failure) 200M->200M(247M) 0.043ms
[2020-01-29T22:00:15.796+0300][243.834s][debug][gc] GC(3710) Concurrent active time: 69.702ms
[2020-01-29T22:00:15.796+0300][243.834s][info ][gc] GC(3710) Concurrent Sweep 70.099ms
[2020-01-29T22:00:15.796+0300][243.834s][debug][gc] GC(3712) Concurrent mode failure
[2020-01-29T22:00:15.889+0300][243.927s][info ][gc] GC(3712) Pause Full (Allocation Failure) 200M->70M(247M) 159.865ms
[2020-01-29T22:00:15.963+0300][244.002s][info ][gc] GC(3713) Pause Young (Allocation Failure) 136M->155M(247M) 55.460ms
[2020-01-29T22:00:15.973+0300][244.011s][info ][gc] GC(3714) Pause Initial Mark 174M->174M(247M) 8.823ms
[2020-01-29T22:00:15.973+0300][244.012s][info ][gc] GC(3714) Concurrent Mark
[2020-01-29T22:00:15.976+0300][244.014s][debug][gc] GC(3714) Concurrent active time: 2.672ms
[2020-01-29T22:00:15.976+0300][244.014s][info ][gc] GC(3714) Concurrent Mark 2.729ms
[2020-01-29T22:00:15.976+0300][244.014s][info ][gc] GC(3714) Concurrent Preclean
[2020-01-29T22:00:15.976+0300][244.014s][debug][gc] GC(3714) Concurrent active time: 0.162ms
[2020-01-29T22:00:15.976+0300][244.014s][info ][gc] GC(3714) Concurrent Preclean 0.194ms
[2020-01-29T22:00:15.976+0300][244.014s][info ][gc] GC(3714) Concurrent Abortable Preclean
[2020-01-29T22:00:15.976+0300][244.015s][debug][gc] GC(3714) Concurrent active time: 0.004ms
[2020-01-29T22:00:15.976+0300][244.015s][info ][gc] GC(3714) Concurrent Abortable Preclean 0.038ms
[2020-01-29T22:00:15.976+0300][244.015s][debug][gc] GC(3714) YG occupancy: 54488 K (78656 K)
[2020-01-29T22:00:15.987+0300][244.026s][info ][gc] GC(3714) Pause Remark 199M->199M(247M) 10.960ms
[2020-01-29T22:00:15.987+0300][244.026s][info ][gc] GC(3714) Concurrent Sweep
[2020-01-29T22:00:15.990+0300][244.029s][info ][gc] GC(3715) Pause Young (Allocation Failure) 199M->199M(247M) 0.042ms
[2020-01-29T22:00:16.056+0300][244.094s][debug][gc] GC(3714) Concurrent active time: 68.221ms
[2020-01-29T22:00:16.056+0300][244.094s][info ][gc] GC(3714) Concurrent Sweep 68.441ms
[2020-01-29T22:00:16.056+0300][244.094s][debug][gc] GC(3716) Concurrent mode failure
[2020-01-29T22:00:16.150+0300][244.188s][info ][gc] GC(3716) Pause Full (Allocation Failure) 199M->70M(247M) 159.533ms
[2020-01-29T22:00:16.222+0300][244.261s][info ][gc] GC(3717) Pause Young (Allocation Failure) 136M->155M(247M) 54.391ms
[2020-01-29T22:00:16.232+0300][244.271s][info ][gc] GC(3718) Pause Initial Mark 174M->174M(247M) 8.843ms
[2020-01-29T22:00:16.232+0300][244.271s][info ][gc] GC(3718) Concurrent Mark
[2020-01-29T22:00:16.235+0300][244.274s][debug][gc] GC(3718) Concurrent active time: 2.891ms
[2020-01-29T22:00:16.235+0300][244.274s][info ][gc] GC(3718) Concurrent Mark 2.952ms
[2020-01-29T22:00:16.235+0300][244.274s][info ][gc] GC(3718) Concurrent Preclean
[2020-01-29T22:00:16.235+0300][244.274s][debug][gc] GC(3718) Concurrent active time: 0.175ms
[2020-01-29T22:00:16.235+0300][244.274s][info ][gc] GC(3718) Concurrent Preclean 0.208ms
[2020-01-29T22:00:16.235+0300][244.274s][info ][gc] GC(3718) Concurrent Abortable Preclean
[2020-01-29T22:00:16.235+0300][244.274s][debug][gc] GC(3718) Concurrent active time: 0.005ms
[2020-01-29T22:00:16.235+0300][244.274s][info ][gc] GC(3718) Concurrent Abortable Preclean 0.031ms
[2020-01-29T22:00:16.235+0300][244.274s][debug][gc] GC(3718) YG occupancy: 54484 K (78656 K)
[2020-01-29T22:00:16.246+0300][244.285s][info ][gc] GC(3718) Pause Remark 199M->199M(247M) 11.072ms
[2020-01-29T22:00:16.246+0300][244.285s][info ][gc] GC(3718) Concurrent Sweep
[2020-01-29T22:00:16.250+0300][244.288s][info ][gc] GC(3719) Pause Young (Allocation Failure) 199M->199M(247M) 0.048ms
[2020-01-29T22:00:16.314+0300][244.353s][debug][gc] GC(3718) Concurrent active time: 67.597ms
[2020-01-29T22:00:16.314+0300][244.353s][info ][gc] GC(3718) Concurrent Sweep 67.855ms
[2020-01-29T22:00:16.314+0300][244.353s][debug][gc] GC(3720) Concurrent mode failure
[2020-01-29T22:00:16.408+0300][244.447s][info ][gc] GC(3720) Pause Full (Allocation Failure) 199M->70M(247M) 158.395ms
[2020-01-29T22:00:16.481+0300][244.519s][info ][gc] GC(3721) Pause Young (Allocation Failure) 136M->155M(247M) 54.227ms
[2020-01-29T22:00:16.491+0300][244.529s][info ][gc] GC(3722) Pause Initial Mark 174M->174M(247M) 8.823ms
[2020-01-29T22:00:16.491+0300][244.529s][info ][gc] GC(3722) Concurrent Mark
[2020-01-29T22:00:16.493+0300][244.531s][debug][gc] GC(3722) Concurrent active time: 2.670ms
[2020-01-29T22:00:16.493+0300][244.531s][info ][gc] GC(3722) Concurrent Mark 2.725ms
[2020-01-29T22:00:16.493+0300][244.531s][info ][gc] GC(3722) Concurrent Preclean
[2020-01-29T22:00:16.494+0300][244.532s][debug][gc] GC(3722) Concurrent active time: 0.167ms
[2020-01-29T22:00:16.494+0300][244.532s][info ][gc] GC(3722) Concurrent Preclean 0.198ms
[2020-01-29T22:00:16.494+0300][244.532s][info ][gc] GC(3722) Concurrent Abortable Preclean
[2020-01-29T22:00:16.494+0300][244.532s][debug][gc] GC(3722) Concurrent active time: 0.003ms
[2020-01-29T22:00:16.494+0300][244.532s][info ][gc] GC(3722) Concurrent Abortable Preclean 0.030ms
[2020-01-29T22:00:16.494+0300][244.532s][debug][gc] GC(3722) YG occupancy: 54487 K (78656 K)
[2020-01-29T22:00:16.505+0300][244.543s][info ][gc] GC(3722) Pause Remark 199M->199M(247M) 11.147ms
[2020-01-29T22:00:16.505+0300][244.543s][info ][gc] GC(3722) Concurrent Sweep
[2020-01-29T22:00:16.508+0300][244.546s][info ][gc] GC(3723) Pause Young (Allocation Failure) 199M->199M(247M) 0.044ms
[2020-01-29T22:00:16.572+0300][244.611s][debug][gc] GC(3722) Concurrent active time: 67.517ms
[2020-01-29T22:00:16.572+0300][244.611s][info ][gc] GC(3722) Concurrent Sweep 67.766ms
[2020-01-29T22:00:16.572+0300][244.611s][debug][gc] GC(3724) Concurrent mode failure
[2020-01-29T22:00:16.666+0300][244.705s][info ][gc] GC(3724) Pause Full (Allocation Failure) 199M->70M(247M) 158.826ms
[2020-01-29T22:00:16.740+0300][244.778s][info ][gc] GC(3725) Pause Young (Allocation Failure) 136M->155M(247M) 55.246ms
[2020-01-29T22:00:16.750+0300][244.788s][info ][gc] GC(3726) Pause Initial Mark 174M->174M(247M) 8.832ms
[2020-01-29T22:00:16.750+0300][244.788s][info ][gc] GC(3726) Concurrent Mark
[2020-01-29T22:00:16.752+0300][244.791s][debug][gc] GC(3726) Concurrent active time: 2.768ms
[2020-01-29T22:00:16.753+0300][244.791s][info ][gc] GC(3726) Concurrent Mark 2.915ms
[2020-01-29T22:00:16.753+0300][244.791s][info ][gc] GC(3726) Concurrent Preclean
[2020-01-29T22:00:16.753+0300][244.791s][debug][gc] GC(3726) Concurrent active time: 0.163ms
[2020-01-29T22:00:16.753+0300][244.791s][info ][gc] GC(3726) Concurrent Preclean 0.193ms
[2020-01-29T22:00:16.753+0300][244.791s][info ][gc] GC(3726) Concurrent Abortable Preclean
[2020-01-29T22:00:16.753+0300][244.791s][debug][gc] GC(3726) Concurrent active time: 0.003ms
[2020-01-29T22:00:16.753+0300][244.791s][info ][gc] GC(3726) Concurrent Abortable Preclean 0.030ms
[2020-01-29T22:00:16.753+0300][244.791s][debug][gc] GC(3726) YG occupancy: 53209 K (78656 K)
[2020-01-29T22:00:16.764+0300][244.802s][info ][gc] GC(3726) Pause Remark 198M->198M(247M) 11.079ms
[2020-01-29T22:00:16.764+0300][244.802s][info ][gc] GC(3726) Concurrent Sweep
[2020-01-29T22:00:16.767+0300][244.806s][info ][gc] GC(3727) Pause Young (Allocation Failure) 199M->199M(247M) 0.043ms
[2020-01-29T22:00:16.832+0300][244.870s][debug][gc] GC(3726) Concurrent active time: 67.727ms
[2020-01-29T22:00:16.832+0300][244.870s][info ][gc] GC(3726) Concurrent Sweep 67.958ms
[2020-01-29T22:00:16.832+0300][244.870s][debug][gc] GC(3728) Concurrent mode failure
[2020-01-29T22:00:16.926+0300][244.964s][info ][gc] GC(3728) Pause Full (Allocation Failure) 199M->70M(247M) 158.713ms
[2020-01-29T22:00:16.999+0300][245.038s][info ][gc] GC(3729) Pause Young (Allocation Failure) 136M->155M(247M) 54.675ms
[2020-01-29T22:00:17.009+0300][245.047s][info ][gc] GC(3730) Pause Initial Mark 174M->174M(247M) 8.835ms
[2020-01-29T22:00:17.009+0300][245.047s][info ][gc] GC(3730) Concurrent Mark
[2020-01-29T22:00:17.012+0300][245.050s][debug][gc] GC(3730) Concurrent active time: 2.658ms
[2020-01-29T22:00:17.012+0300][245.050s][info ][gc] GC(3730) Concurrent Mark 2.712ms
[2020-01-29T22:00:17.012+0300][245.050s][info ][gc] GC(3730) Concurrent Preclean
[2020-01-29T22:00:17.012+0300][245.050s][debug][gc] GC(3730) Concurrent active time: 0.159ms
[2020-01-29T22:00:17.012+0300][245.050s][info ][gc] GC(3730) Concurrent Preclean 0.190ms
[2020-01-29T22:00:17.012+0300][245.050s][info ][gc] GC(3730) Concurrent Abortable Preclean
[2020-01-29T22:00:17.012+0300][245.050s][debug][gc] GC(3730) Concurrent active time: 0.004ms
[2020-01-29T22:00:17.012+0300][245.050s][info ][gc] GC(3730) Concurrent Abortable Preclean 0.030ms
[2020-01-29T22:00:17.012+0300][245.050s][debug][gc] GC(3730) YG occupancy: 54488 K (78656 K)
[2020-01-29T22:00:17.023+0300][245.061s][info ][gc] GC(3730) Pause Remark 199M->199M(247M) 10.915ms
[2020-01-29T22:00:17.023+0300][245.061s][info ][gc] GC(3730) Concurrent Sweep
[2020-01-29T22:00:17.026+0300][245.064s][info ][gc] GC(3731) Pause Young (Allocation Failure) 199M->199M(247M) 0.042ms
[2020-01-29T22:00:17.091+0300][245.129s][debug][gc] GC(3730) Concurrent active time: 67.563ms
[2020-01-29T22:00:17.091+0300][245.129s][info ][gc] GC(3730) Concurrent Sweep 67.785ms
[2020-01-29T22:00:17.091+0300][245.129s][debug][gc] GC(3732) Concurrent mode failure
[2020-01-29T22:00:17.184+0300][245.223s][info ][gc] GC(3732) Pause Full (Allocation Failure) 199M->70M(247M) 158.797ms
[2020-01-29T22:00:17.264+0300][245.303s][info ][gc] GC(3733) Pause Young (Allocation Failure) 136M->155M(247M) 60.523ms
[2020-01-29T22:00:17.274+0300][245.312s][info ][gc] GC(3734) Pause Initial Mark 174M->174M(247M) 8.841ms
[2020-01-29T22:00:17.274+0300][245.312s][info ][gc] GC(3734) Concurrent Mark
[2020-01-29T22:00:17.277+0300][245.315s][debug][gc] GC(3734) Concurrent active time: 2.676ms
[2020-01-29T22:00:17.277+0300][245.315s][info ][gc] GC(3734) Concurrent Mark 2.732ms
[2020-01-29T22:00:17.277+0300][245.315s][info ][gc] GC(3734) Concurrent Preclean
[2020-01-29T22:00:17.277+0300][245.315s][debug][gc] GC(3734) Concurrent active time: 0.166ms
[2020-01-29T22:00:17.277+0300][245.315s][info ][gc] GC(3734) Concurrent Preclean 0.198ms
[2020-01-29T22:00:17.277+0300][245.315s][info ][gc] GC(3734) Concurrent Abortable Preclean
[2020-01-29T22:00:17.277+0300][245.315s][debug][gc] GC(3734) Concurrent active time: 0.004ms
[2020-01-29T22:00:17.277+0300][245.315s][info ][gc] GC(3734) Concurrent Abortable Preclean 0.030ms
[2020-01-29T22:00:17.277+0300][245.316s][debug][gc] GC(3734) YG occupancy: 54498 K (78656 K)
[2020-01-29T22:00:17.288+0300][245.326s][info ][gc] GC(3734) Pause Remark 199M->199M(247M) 10.928ms
[2020-01-29T22:00:17.288+0300][245.327s][info ][gc] GC(3734) Concurrent Sweep
[2020-01-29T22:00:17.291+0300][245.330s][info ][gc] GC(3735) Pause Young (Allocation Failure) 199M->199M(247M) 0.042ms
[2020-01-29T22:00:17.355+0300][245.394s][debug][gc] GC(3734) Concurrent active time: 66.936ms
[2020-01-29T22:00:17.355+0300][245.394s][info ][gc] GC(3734) Concurrent Sweep 67.160ms
[2020-01-29T22:00:17.355+0300][245.394s][debug][gc] GC(3736) Concurrent mode failure
[2020-01-29T22:00:17.449+0300][245.488s][info ][gc] GC(3736) Pause Full (Allocation Failure) 199M->70M(247M) 158.062ms
[2020-01-29T22:00:17.521+0300][245.559s][info ][gc] GC(3737) Pause Young (Allocation Failure) 136M->155M(247M) 53.906ms
[2020-01-29T22:00:17.531+0300][245.569s][info ][gc] GC(3738) Pause Initial Mark 174M->174M(247M) 8.832ms
[2020-01-29T22:00:17.531+0300][245.569s][info ][gc] GC(3738) Concurrent Mark
[2020-01-29T22:00:17.533+0300][245.572s][debug][gc] GC(3738) Concurrent active time: 2.652ms
[2020-01-29T22:00:17.533+0300][245.572s][info ][gc] GC(3738) Concurrent Mark 2.705ms
[2020-01-29T22:00:17.533+0300][245.572s][info ][gc] GC(3738) Concurrent Preclean
[2020-01-29T22:00:17.533+0300][245.572s][debug][gc] GC(3738) Concurrent active time: 0.161ms
[2020-01-29T22:00:17.533+0300][245.572s][info ][gc] GC(3738) Concurrent Preclean 0.191ms
[2020-01-29T22:00:17.533+0300][245.572s][info ][gc] GC(3738) Concurrent Abortable Preclean
[2020-01-29T22:00:17.534+0300][245.572s][debug][gc] GC(3738) Concurrent active time: 0.004ms
[2020-01-29T22:00:17.534+0300][245.572s][info ][gc] GC(3738) Concurrent Abortable Preclean 0.032ms
[2020-01-29T22:00:17.534+0300][245.572s][debug][gc] GC(3738) YG occupancy: 54488 K (78656 K)
[2020-01-29T22:00:17.545+0300][245.583s][info ][gc] GC(3738) Pause Remark 199M->199M(247M) 10.951ms
[2020-01-29T22:00:17.545+0300][245.583s][info ][gc] GC(3738) Concurrent Sweep
[2020-01-29T22:00:17.548+0300][245.586s][info ][gc] GC(3739) Pause Young (Allocation Failure) 199M->199M(247M) 0.043ms
[2020-01-29T22:00:17.614+0300][245.652s][debug][gc] GC(3738) Concurrent active time: 68.803ms
[2020-01-29T22:00:17.614+0300][245.652s][info ][gc] GC(3738) Concurrent Sweep 69.026ms
[2020-01-29T22:00:17.614+0300][245.652s][debug][gc] GC(3740) Concurrent mode failure
[2020-01-29T22:00:17.708+0300][245.746s][info ][gc] GC(3740) Pause Full (Allocation Failure) 199M->70M(247M) 159.978ms
[2020-01-29T22:00:17.780+0300][245.818s][info ][gc] GC(3741) Pause Young (Allocation Failure) 136M->155M(247M) 53.932ms
[2020-01-29T22:00:17.789+0300][245.828s][info ][gc] GC(3742) Pause Initial Mark 174M->174M(247M) 8.829ms
[2020-01-29T22:00:17.789+0300][245.828s][info ][gc] GC(3742) Concurrent Mark
[2020-01-29T22:00:17.792+0300][245.831s][debug][gc] GC(3742) Concurrent active time: 2.655ms
[2020-01-29T22:00:17.792+0300][245.831s][info ][gc] GC(3742) Concurrent Mark 2.714ms
[2020-01-29T22:00:17.792+0300][245.831s][info ][gc] GC(3742) Concurrent Preclean
[2020-01-29T22:00:17.792+0300][245.831s][debug][gc] GC(3742) Concurrent active time: 0.159ms
[2020-01-29T22:00:17.792+0300][245.831s][info ][gc] GC(3742) Concurrent Preclean 0.189ms
[2020-01-29T22:00:17.792+0300][245.831s][info ][gc] GC(3742) Concurrent Abortable Preclean
[2020-01-29T22:00:17.792+0300][245.831s][debug][gc] GC(3742) Concurrent active time: 0.004ms
[2020-01-29T22:00:17.792+0300][245.831s][info ][gc] GC(3742) Concurrent Abortable Preclean 0.030ms
[2020-01-29T22:00:17.792+0300][245.831s][debug][gc] GC(3742) YG occupancy: 54476 K (78656 K)
[2020-01-29T22:00:17.803+0300][245.842s][info ][gc] GC(3742) Pause Remark 199M->199M(247M) 11.030ms
[2020-01-29T22:00:17.803+0300][245.842s][info ][gc] GC(3742) Concurrent Sweep
[2020-01-29T22:00:17.806+0300][245.845s][info ][gc] GC(3743) Pause Young (Allocation Failure) 199M->199M(247M) 0.042ms
[2020-01-29T22:00:17.873+0300][245.912s][debug][gc] GC(3742) Concurrent active time: 69.407ms
[2020-01-29T22:00:17.873+0300][245.912s][info ][gc] GC(3742) Concurrent Sweep 69.640ms
[2020-01-29T22:00:17.873+0300][245.912s][debug][gc] GC(3744) Concurrent mode failure
[2020-01-29T22:00:17.968+0300][246.006s][info ][gc] GC(3744) Pause Full (Allocation Failure) 199M->70M(247M) 161.222ms
[2020-01-29T22:00:18.040+0300][246.079s][info ][gc] GC(3745) Pause Young (Allocation Failure) 136M->155M(247M) 54.174ms
[2020-01-29T22:00:18.050+0300][246.089s][info ][gc] GC(3746) Pause Initial Mark 174M->174M(247M) 8.856ms
[2020-01-29T22:00:18.050+0300][246.089s][info ][gc] GC(3746) Concurrent Mark
[2020-01-29T22:00:18.053+0300][246.092s][debug][gc] GC(3746) Concurrent active time: 2.680ms
[2020-01-29T22:00:18.053+0300][246.092s][info ][gc] GC(3746) Concurrent Mark 2.737ms
[2020-01-29T22:00:18.053+0300][246.092s][info ][gc] GC(3746) Concurrent Preclean
[2020-01-29T22:00:18.053+0300][246.092s][debug][gc] GC(3746) Concurrent active time: 0.167ms
[2020-01-29T22:00:18.053+0300][246.092s][info ][gc] GC(3746) Concurrent Preclean 0.197ms
[2020-01-29T22:00:18.053+0300][246.092s][info ][gc] GC(3746) Concurrent Abortable Preclean
[2020-01-29T22:00:18.053+0300][246.092s][debug][gc] GC(3746) Concurrent active time: 0.004ms
[2020-01-29T22:00:18.053+0300][246.092s][info ][gc] GC(3746) Concurrent Abortable Preclean 0.030ms
[2020-01-29T22:00:18.053+0300][246.092s][debug][gc] GC(3746) YG occupancy: 54484 K (78656 K)
[2020-01-29T22:00:18.064+0300][246.103s][info ][gc] GC(3746) Pause Remark 199M->199M(247M) 11.053ms
[2020-01-29T22:00:18.064+0300][246.103s][info ][gc] GC(3746) Concurrent Sweep
[2020-01-29T22:00:18.067+0300][246.106s][info ][gc] GC(3747) Pause Young (Allocation Failure) 198M->198M(247M) 0.048ms
[2020-01-29T22:00:18.133+0300][246.172s][debug][gc] GC(3746) Concurrent active time: 68.410ms
[2020-01-29T22:00:18.133+0300][246.172s][info ][gc] GC(3746) Concurrent Sweep 68.685ms
[2020-01-29T22:00:18.133+0300][246.172s][debug][gc] GC(3748) Concurrent mode failure
[2020-01-29T22:00:18.227+0300][246.266s][info ][gc] GC(3748) Pause Full (Allocation Failure) 198M->70M(247M) 159.456ms
[2020-01-29T22:00:18.299+0300][246.338s][info ][gc] GC(3749) Pause Young (Allocation Failure) 136M->155M(247M) 53.583ms
[2020-01-29T22:00:18.309+0300][246.347s][info ][gc] GC(3750) Pause Initial Mark 174M->174M(247M) 8.841ms
[2020-01-29T22:00:18.309+0300][246.347s][info ][gc] GC(3750) Concurrent Mark
[2020-01-29T22:00:18.312+0300][246.350s][debug][gc] GC(3750) Concurrent active time: 2.644ms
[2020-01-29T22:00:18.312+0300][246.350s][info ][gc] GC(3750) Concurrent Mark 2.697ms
[2020-01-29T22:00:18.312+0300][246.350s][info ][gc] GC(3750) Concurrent Preclean
[2020-01-29T22:00:18.312+0300][246.350s][debug][gc] GC(3750) Concurrent active time: 0.160ms
[2020-01-29T22:00:18.312+0300][246.350s][info ][gc] GC(3750) Concurrent Preclean 0.191ms
[2020-01-29T22:00:18.312+0300][246.350s][info ][gc] GC(3750) Concurrent Abortable Preclean
[2020-01-29T22:00:18.312+0300][246.350s][debug][gc] GC(3750) Concurrent active time: 0.004ms
[2020-01-29T22:00:18.312+0300][246.350s][info ][gc] GC(3750) Concurrent Abortable Preclean 0.038ms
[2020-01-29T22:00:18.312+0300][246.350s][debug][gc] GC(3750) YG occupancy: 54487 K (78656 K)
[2020-01-29T22:00:18.323+0300][246.362s][info ][gc] GC(3750) Pause Remark 199M->199M(247M) 11.196ms
[2020-01-29T22:00:18.323+0300][246.362s][info ][gc] GC(3750) Concurrent Sweep
[2020-01-29T22:00:18.326+0300][246.365s][info ][gc] GC(3751) Pause Young (Allocation Failure) 199M->199M(247M) 0.042ms
[2020-01-29T22:00:18.390+0300][246.428s][debug][gc] GC(3750) Concurrent active time: 66.138ms
[2020-01-29T22:00:18.390+0300][246.428s][info ][gc] GC(3750) Concurrent Sweep 66.365ms
[2020-01-29T22:00:18.390+0300][246.428s][debug][gc] GC(3752) Concurrent mode failure
[2020-01-29T22:00:18.484+0300][246.522s][info ][gc] GC(3752) Pause Full (Allocation Failure) 199M->70M(247M) 157.413ms
[2020-01-29T22:00:18.558+0300][246.596s][info ][gc] GC(3753) Pause Young (Allocation Failure) 136M->155M(247M) 55.401ms
[2020-01-29T22:00:18.568+0300][246.606s][info ][gc] GC(3754) Pause Initial Mark 174M->174M(247M) 8.834ms
[2020-01-29T22:00:18.568+0300][246.606s][info ][gc] GC(3754) Concurrent Mark
[2020-01-29T22:00:18.571+0300][246.609s][debug][gc] GC(3754) Concurrent active time: 2.668ms
[2020-01-29T22:00:18.571+0300][246.609s][info ][gc] GC(3754) Concurrent Mark 2.723ms
[2020-01-29T22:00:18.571+0300][246.609s][info ][gc] GC(3754) Concurrent Preclean
[2020-01-29T22:00:18.571+0300][246.609s][debug][gc] GC(3754) Concurrent active time: 0.162ms
[2020-01-29T22:00:18.571+0300][246.609s][info ][gc] GC(3754) Concurrent Preclean 0.193ms
[2020-01-29T22:00:18.571+0300][246.609s][info ][gc] GC(3754) Concurrent Abortable Preclean
[2020-01-29T22:00:18.571+0300][246.609s][debug][gc] GC(3754) Concurrent active time: 0.004ms
[2020-01-29T22:00:18.571+0300][246.609s][info ][gc] GC(3754) Concurrent Abortable Preclean 0.030ms
[2020-01-29T22:00:18.571+0300][246.609s][debug][gc] GC(3754) YG occupancy: 54489 K (78656 K)
[2020-01-29T22:00:18.582+0300][246.620s][info ][gc] GC(3754) Pause Remark 199M->199M(247M) 10.980ms
[2020-01-29T22:00:18.582+0300][246.620s][info ][gc] GC(3754) Concurrent Sweep
[2020-01-29T22:00:18.585+0300][246.623s][info ][gc] GC(3755) Pause Young (Allocation Failure) 199M->199M(247M) 0.053ms
[2020-01-29T22:00:18.651+0300][246.689s][debug][gc] GC(3754) Concurrent active time: 69.115ms
[2020-01-29T22:00:18.651+0300][246.689s][info ][gc] GC(3754) Concurrent Sweep 69.357ms
[2020-01-29T22:00:18.651+0300][246.689s][debug][gc] GC(3756) Concurrent mode failure
[2020-01-29T22:00:18.745+0300][246.784s][info ][gc] GC(3756) Pause Full (Allocation Failure) 199M->70M(247M) 160.674ms
[2020-01-29T22:00:18.818+0300][246.856s][info ][gc] GC(3757) Pause Young (Allocation Failure) 136M->155M(247M) 54.369ms
[2020-01-29T22:00:18.828+0300][246.866s][info ][gc] GC(3758) Pause Initial Mark 174M->174M(247M) 8.823ms
[2020-01-29T22:00:18.828+0300][246.866s][info ][gc] GC(3758) Concurrent Mark
[2020-01-29T22:00:18.831+0300][246.869s][debug][gc] GC(3758) Concurrent active time: 2.650ms
[2020-01-29T22:00:18.831+0300][246.869s][info ][gc] GC(3758) Concurrent Mark 2.705ms
[2020-01-29T22:00:18.831+0300][246.869s][info ][gc] GC(3758) Concurrent Preclean
[2020-01-29T22:00:18.831+0300][246.869s][debug][gc] GC(3758) Concurrent active time: 0.160ms
[2020-01-29T22:00:18.831+0300][246.869s][info ][gc] GC(3758) Concurrent Preclean 0.191ms
[2020-01-29T22:00:18.831+0300][246.869s][info ][gc] GC(3758) Concurrent Abortable Preclean
[2020-01-29T22:00:18.831+0300][246.869s][debug][gc] GC(3758) Concurrent active time: 0.004ms
[2020-01-29T22:00:18.831+0300][246.869s][info ][gc] GC(3758) Concurrent Abortable Preclean 0.030ms
[2020-01-29T22:00:18.831+0300][246.869s][debug][gc] GC(3758) YG occupancy: 54476 K (78656 K)
[2020-01-29T22:00:18.842+0300][246.880s][info ][gc] GC(3758) Pause Remark 199M->199M(247M) 10.910ms
[2020-01-29T22:00:18.842+0300][246.880s][info ][gc] GC(3758) Concurrent Sweep
[2020-01-29T22:00:18.845+0300][246.883s][info ][gc] GC(3759) Pause Young (Allocation Failure) 199M->199M(247M) 0.043ms
[2020-01-29T22:00:18.912+0300][246.950s][debug][gc] GC(3758) Concurrent active time: 69.985ms
[2020-01-29T22:00:18.912+0300][246.950s][info ][gc] GC(3758) Concurrent Sweep 70.212ms
[2020-01-29T22:00:18.912+0300][246.950s][debug][gc] GC(3760) Concurrent mode failure
[2020-01-29T22:00:19.006+0300][247.045s][info ][gc] GC(3760) Pause Full (Allocation Failure) 199M->70M(247M) 161.329ms
[2020-01-29T22:00:19.080+0300][247.119s][info ][gc] GC(3761) Pause Young (Allocation Failure) 136M->155M(247M) 55.856ms
[2020-01-29T22:00:19.090+0300][247.129s][info ][gc] GC(3762) Pause Initial Mark 174M->174M(247M) 8.839ms
[2020-01-29T22:00:19.090+0300][247.129s][info ][gc] GC(3762) Concurrent Mark
[2020-01-29T22:00:19.093+0300][247.132s][debug][gc] GC(3762) Concurrent active time: 2.820ms
[2020-01-29T22:00:19.093+0300][247.132s][info ][gc] GC(3762) Concurrent Mark 2.892ms
[2020-01-29T22:00:19.093+0300][247.132s][info ][gc] GC(3762) Concurrent Preclean
[2020-01-29T22:00:19.093+0300][247.132s][debug][gc] GC(3762) Concurrent active time: 0.196ms
[2020-01-29T22:00:19.093+0300][247.132s][info ][gc] GC(3762) Concurrent Preclean 0.235ms
[2020-01-29T22:00:19.093+0300][247.132s][info ][gc] GC(3762) Concurrent Abortable Preclean
[2020-01-29T22:00:19.093+0300][247.132s][debug][gc] GC(3762) Concurrent active time: 0.005ms
[2020-01-29T22:00:19.093+0300][247.132s][info ][gc] GC(3762) Concurrent Abortable Preclean 0.033ms
[2020-01-29T22:00:19.093+0300][247.132s][debug][gc] GC(3762) YG occupancy: 54516 K (78656 K)
[2020-01-29T22:00:19.105+0300][247.143s][info ][gc] GC(3762) Pause Remark 199M->199M(247M) 11.340ms
[2020-01-29T22:00:19.105+0300][247.143s][info ][gc] GC(3762) Concurrent Sweep
[2020-01-29T22:00:19.108+0300][247.147s][info ][gc] GC(3763) Pause Young (Allocation Failure) 199M->199M(247M) 0.044ms
[2020-01-29T22:00:19.174+0300][247.212s][debug][gc] GC(3762) Concurrent active time: 68.412ms
[2020-01-29T22:00:19.174+0300][247.212s][info ][gc] GC(3762) Concurrent Sweep 68.661ms
[2020-01-29T22:00:19.174+0300][247.212s][debug][gc] GC(3764) Concurrent mode failure
[2020-01-29T22:00:19.268+0300][247.306s][info ][gc] GC(3764) Pause Full (Allocation Failure) 199M->70M(247M) 159.805ms
[2020-01-29T22:00:19.341+0300][247.380s][info ][gc] GC(3765) Pause Young (Allocation Failure) 136M->155M(247M) 54.344ms
[2020-01-29T22:00:19.351+0300][247.389s][info ][gc] GC(3766) Pause Initial Mark 174M->174M(247M) 8.814ms
[2020-01-29T22:00:19.351+0300][247.389s][info ][gc] GC(3766) Concurrent Mark
[2020-01-29T22:00:19.353+0300][247.392s][debug][gc] GC(3766) Concurrent active time: 2.678ms
[2020-01-29T22:00:19.353+0300][247.392s][info ][gc] GC(3766) Concurrent Mark 2.735ms
[2020-01-29T22:00:19.353+0300][247.392s][info ][gc] GC(3766) Concurrent Preclean
[2020-01-29T22:00:19.354+0300][247.392s][debug][gc] GC(3766) Concurrent active time: 0.166ms
[2020-01-29T22:00:19.354+0300][247.392s][info ][gc] GC(3766) Concurrent Preclean 0.197ms
[2020-01-29T22:00:19.354+0300][247.392s][info ][gc] GC(3766) Concurrent Abortable Preclean
[2020-01-29T22:00:19.354+0300][247.392s][debug][gc] GC(3766) Concurrent active time: 0.004ms
[2020-01-29T22:00:19.354+0300][247.392s][info ][gc] GC(3766) Concurrent Abortable Preclean 0.031ms
[2020-01-29T22:00:19.354+0300][247.392s][debug][gc] GC(3766) YG occupancy: 54487 K (78656 K)
[2020-01-29T22:00:19.365+0300][247.403s][info ][gc] GC(3766) Pause Remark 199M->199M(247M) 10.931ms
[2020-01-29T22:00:19.365+0300][247.403s][info ][gc] GC(3766) Concurrent Sweep
[2020-01-29T22:00:19.368+0300][247.406s][info ][gc] GC(3767) Pause Young (Allocation Failure) 199M->199M(247M) 0.042ms
[2020-01-29T22:00:19.433+0300][247.471s][debug][gc] GC(3766) Concurrent active time: 67.494ms
[2020-01-29T22:00:19.433+0300][247.471s][info ][gc] GC(3766) Concurrent Sweep 67.721ms
[2020-01-29T22:00:19.433+0300][247.471s][debug][gc] GC(3768) Concurrent mode failure
[2020-01-29T22:00:19.527+0300][247.565s][info ][gc] GC(3768) Pause Full (Allocation Failure) 199M->70M(247M) 158.803ms
[2020-01-29T22:00:19.598+0300][247.637s][info ][gc] GC(3769) Pause Young (Allocation Failure) 136M->155M(247M) 53.692ms
[2020-01-29T22:00:19.608+0300][247.647s][info ][gc] GC(3770) Pause Initial Mark 174M->174M(247M) 8.820ms
[2020-01-29T22:00:19.608+0300][247.647s][info ][gc] GC(3770) Concurrent Mark
[2020-01-29T22:00:19.611+0300][247.650s][debug][gc] GC(3770) Concurrent active time: 2.662ms
[2020-01-29T22:00:19.611+0300][247.650s][info ][gc] GC(3770) Concurrent Mark 2.716ms
[2020-01-29T22:00:19.611+0300][247.650s][info ][gc] GC(3770) Concurrent Preclean
[2020-01-29T22:00:19.611+0300][247.650s][debug][gc] GC(3770) Concurrent active time: 0.157ms
[2020-01-29T22:00:19.611+0300][247.650s][info ][gc] GC(3770) Concurrent Preclean 0.188ms
[2020-01-29T22:00:19.611+0300][247.650s][info ][gc] GC(3770) Concurrent Abortable Preclean
[2020-01-29T22:00:19.611+0300][247.650s][debug][gc] GC(3770) Concurrent active time: 0.003ms
[2020-01-29T22:00:19.611+0300][247.650s][info ][gc] GC(3770) Concurrent Abortable Preclean 0.030ms
[2020-01-29T22:00:19.611+0300][247.650s][debug][gc] GC(3770) YG occupancy: 54488 K (78656 K)
[2020-01-29T22:00:19.622+0300][247.661s][info ][gc] GC(3770) Pause Remark 199M->199M(247M) 10.967ms
[2020-01-29T22:00:19.622+0300][247.661s][info ][gc] GC(3770) Concurrent Sweep
[2020-01-29T22:00:19.625+0300][247.664s][info ][gc] GC(3771) Pause Young (Allocation Failure) 199M->199M(247M) 0.042ms
[2020-01-29T22:00:19.690+0300][247.728s][debug][gc] GC(3770) Concurrent active time: 66.941ms
[2020-01-29T22:00:19.690+0300][247.728s][info ][gc] GC(3770) Concurrent Sweep 67.162ms
[2020-01-29T22:00:19.690+0300][247.728s][debug][gc] GC(3772) Concurrent mode failure
[2020-01-29T22:00:19.784+0300][247.823s][info ][gc] GC(3772) Pause Full (Allocation Failure) 199M->70M(247M) 158.739ms
[2020-01-29T22:00:19.858+0300][247.897s][info ][gc] GC(3773) Pause Young (Allocation Failure) 137M->155M(247M) 54.736ms
[2020-01-29T22:00:19.868+0300][247.906s][info ][gc] GC(3774) Pause Initial Mark 174M->174M(247M) 8.821ms
[2020-01-29T22:00:19.868+0300][247.906s][info ][gc] GC(3774) Concurrent Mark
[2020-01-29T22:00:19.871+0300][247.909s][debug][gc] GC(3774) Concurrent active time: 2.666ms
[2020-01-29T22:00:19.871+0300][247.909s][info ][gc] GC(3774) Concurrent Mark 2.722ms
[2020-01-29T22:00:19.871+0300][247.909s][info ][gc] GC(3774) Concurrent Preclean
[2020-01-29T22:00:19.871+0300][247.909s][debug][gc] GC(3774) Concurrent active time: 0.161ms
[2020-01-29T22:00:19.871+0300][247.909s][info ][gc] GC(3774) Concurrent Preclean 0.192ms
[2020-01-29T22:00:19.871+0300][247.909s][info ][gc] GC(3774) Concurrent Abortable Preclean
[2020-01-29T22:00:19.871+0300][247.909s][debug][gc] GC(3774) Concurrent active time: 0.003ms
[2020-01-29T22:00:19.871+0300][247.909s][info ][gc] GC(3774) Concurrent Abortable Preclean 0.030ms
[2020-01-29T22:00:19.871+0300][247.909s][debug][gc] GC(3774) YG occupancy: 54473 K (78656 K)
[2020-01-29T22:00:19.882+0300][247.920s][info ][gc] GC(3774) Pause Remark 199M->199M(247M) 10.952ms
[2020-01-29T22:00:19.882+0300][247.920s][info ][gc] GC(3774) Concurrent Sweep
[2020-01-29T22:00:19.885+0300][247.923s][info ][gc] GC(3775) Pause Young (Allocation Failure) 199M->199M(247M) 0.042ms
[2020-01-29T22:00:19.950+0300][247.989s][debug][gc] GC(3774) Concurrent active time: 68.952ms
[2020-01-29T22:00:19.951+0300][247.989s][info ][gc] GC(3774) Concurrent Sweep 69.173ms
[2020-01-29T22:00:19.951+0300][247.989s][debug][gc] GC(3776) Concurrent mode failure
[2020-01-29T22:00:20.045+0300][248.083s][info ][gc] GC(3776) Pause Full (Allocation Failure) 199M->70M(247M) 159.928ms
[2020-01-29T22:00:20.117+0300][248.155s][info ][gc] GC(3777) Pause Young (Allocation Failure) 136M->155M(247M) 53.901ms
[2020-01-29T22:00:20.124+0300][248.165s][info ][gc] GC(3778) Pause Initial Mark 174M->174M(247M) 8.829ms
[2020-01-29T22:00:20.124+0300][248.165s][info ][gc] GC(3778) Concurrent Mark
[2020-01-29T22:00:20.129+0300][248.168s][debug][gc] GC(3778) Concurrent active time: 2.826ms
[2020-01-29T22:00:20.129+0300][248.168s][info ][gc] GC(3778) Concurrent Mark 2.905ms
[2020-01-29T22:00:20.129+0300][248.168s][info ][gc] GC(3778) Concurrent Preclean
[2020-01-29T22:00:20.129+0300][248.168s][debug][gc] GC(3778) Concurrent active time: 0.190ms
[2020-01-29T22:00:20.129+0300][248.168s][info ][gc] GC(3778) Concurrent Preclean 0.226ms
[2020-01-29T22:00:20.129+0300][248.168s][info ][gc] GC(3778) Concurrent Abortable Preclean
[2020-01-29T22:00:20.129+0300][248.168s][debug][gc] GC(3778) Concurrent active time: 0.004ms
[2020-01-29T22:00:20.129+0300][248.168s][info ][gc] GC(3778) Concurrent Abortable Preclean 0.031ms
[2020-01-29T22:00:20.129+0300][248.168s][debug][gc] GC(3778) YG occupancy: 54514 K (78656 K)
[2020-01-29T22:00:20.144+0300][248.182s][info ][gc] GC(3778) Pause Remark 199M->199M(247M) 13.945ms
[2020-01-29T22:00:20.144+0300][248.182s][info ][gc] GC(3778) Concurrent Sweep
[2020-01-29T22:00:20.144+0300][248.185s][info ][gc] GC(3779) Pause Young (Allocation Failure) 199M->199M(247M) 0.044ms
[2020-01-29T22:00:20.209+0300][248.249s][debug][gc] GC(3778) Concurrent active time: 66.965ms
[2020-01-29T22:00:20.209+0300][248.249s][info ][gc] GC(3778) Concurrent Sweep 67.204ms
[2020-01-29T22:00:20.209+0300][248.249s][debug][gc] GC(3780) Concurrent mode failure
[2020-01-29T22:00:20.304+0300][248.343s][info ][gc] GC(3780) Pause Full (Allocation Failure) 199M->70M(247M) 158.116ms
[2020-01-29T22:00:20.369+0300][248.411s][info ][gc] GC(3781) Pause Young (Allocation Failure) 136M->155M(247M) 53.527ms
[2020-01-29T22:00:20.382+0300][248.421s][info ][gc] GC(3782) Pause Initial Mark 174M->174M(247M) 8.824ms
[2020-01-29T22:00:20.382+0300][248.421s][info ][gc] GC(3782) Concurrent Mark
[2020-01-29T22:00:20.385+0300][248.424s][debug][gc] GC(3782) Concurrent active time: 2.757ms
[2020-01-29T22:00:20.385+0300][248.424s][info ][gc] GC(3782) Concurrent Mark 2.813ms
[2020-01-29T22:00:20.385+0300][248.424s][info ][gc] GC(3782) Concurrent Preclean
[2020-01-29T22:00:20.385+0300][248.424s][debug][gc] GC(3782) Concurrent active time: 0.173ms
[2020-01-29T22:00:20.385+0300][248.424s][info ][gc] GC(3782) Concurrent Preclean 0.205ms
[2020-01-29T22:00:20.385+0300][248.424s][info ][gc] GC(3782) Concurrent Abortable Preclean
[2020-01-29T22:00:20.385+0300][248.424s][debug][gc] GC(3782) Concurrent active time: 0.005ms
[2020-01-29T22:00:20.385+0300][248.424s][info ][gc] GC(3782) Concurrent Abortable Preclean 0.032ms
[2020-01-29T22:00:20.385+0300][248.424s][debug][gc] GC(3782) YG occupancy: 54486 K (78656 K)
[2020-01-29T22:00:20.396+0300][248.435s][info ][gc] GC(3782) Pause Remark 199M->199M(247M) 10.935ms
[2020-01-29T22:00:20.396+0300][248.435s][info ][gc] GC(3782) Concurrent Sweep
[2020-01-29T22:00:20.399+0300][248.438s][info ][gc] GC(3783) Pause Young (Allocation Failure) 199M->199M(247M) 0.042ms
[2020-01-29T22:00:20.464+0300][248.504s][debug][gc] GC(3782) Concurrent active time: 68.857ms
[2020-01-29T22:00:20.464+0300][248.504s][info ][gc] GC(3782) Concurrent Sweep 69.084ms
[2020-01-29T22:00:20.464+0300][248.504s][debug][gc] GC(3784) Concurrent mode failure
[2020-01-29T22:00:20.559+0300][248.597s][info ][gc] GC(3784) Pause Full (Allocation Failure) 199M->70M(247M) 159.445ms
[2020-01-29T22:00:20.629+0300][248.672s][info ][gc] GC(3785) Pause Young (Allocation Failure) 136M->155M(247M) 54.503ms
[2020-01-29T22:00:20.645+0300][248.683s][info ][gc] GC(3786) Pause Initial Mark 174M->174M(247M) 8.817ms
[2020-01-29T22:00:20.645+0300][248.684s][info ][gc] GC(3786) Concurrent Mark
[2020-01-29T22:00:20.648+0300][248.686s][debug][gc] GC(3786) Concurrent active time: 2.642ms
[2020-01-29T22:00:20.648+0300][248.686s][info ][gc] GC(3786) Concurrent Mark 2.697ms
[2020-01-29T22:00:20.648+0300][248.686s][info ][gc] GC(3786) Concurrent Preclean
[2020-01-29T22:00:20.648+0300][248.686s][debug][gc] GC(3786) Concurrent active time: 0.160ms
[2020-01-29T22:00:20.648+0300][248.686s][info ][gc] GC(3786) Concurrent Preclean 0.189ms
[2020-01-29T22:00:20.648+0300][248.686s][info ][gc] GC(3786) Concurrent Abortable Preclean
[2020-01-29T22:00:20.648+0300][248.686s][debug][gc] GC(3786) Concurrent active time: 0.003ms
[2020-01-29T22:00:20.648+0300][248.687s][info ][gc] GC(3786) Concurrent Abortable Preclean 0.085ms
[2020-01-29T22:00:20.649+0300][248.687s][debug][gc] GC(3786) YG occupancy: 54488 K (78656 K)
[2020-01-29T22:00:20.659+0300][248.698s][info ][gc] GC(3786) Pause Remark 199M->199M(247M) 10.966ms
[2020-01-29T22:00:20.659+0300][248.698s][info ][gc] GC(3786) Concurrent Sweep
[2020-01-29T22:00:20.659+0300][248.701s][info ][gc] GC(3787) Pause Young (Allocation Failure) 199M->199M(247M) 0.042ms
[2020-01-29T22:00:20.724+0300][248.766s][debug][gc] GC(3786) Concurrent active time: 67.818ms
[2020-01-29T22:00:20.724+0300][248.766s][info ][gc] GC(3786) Concurrent Sweep 68.041ms
[2020-01-29T22:00:20.724+0300][248.766s][debug][gc] GC(3788) Concurrent mode failure
[2020-01-29T22:00:20.819+0300][248.860s][info ][gc] GC(3788) Pause Full (Allocation Failure) 199M->70M(247M) 159.361ms
[2020-01-29T22:00:20.899+0300][248.942s][info ][gc] GC(3789) Pause Young (Allocation Failure) 136M->155M(247M) 54.511ms
[2020-01-29T22:00:20.909+0300][248.952s][info ][gc] GC(3790) Pause Initial Mark 174M->174M(247M) 8.822ms
[2020-01-29T22:00:20.909+0300][248.952s][info ][gc] GC(3790) Concurrent Mark
[2020-01-29T22:00:20.914+0300][248.954s][debug][gc] GC(3790) Concurrent active time: 2.654ms
[2020-01-29T22:00:20.914+0300][248.954s][info ][gc] GC(3790) Concurrent Mark 2.707ms
[2020-01-29T22:00:20.914+0300][248.954s][info ][gc] GC(3790) Concurrent Preclean
[2020-01-29T22:00:20.914+0300][248.955s][debug][gc] GC(3790) Concurrent active time: 0.160ms
[2020-01-29T22:00:20.914+0300][248.955s][info ][gc] GC(3790) Concurrent Preclean 0.189ms
[2020-01-29T22:00:20.914+0300][248.955s][info ][gc] GC(3790) Concurrent Abortable Preclean
[2020-01-29T22:00:20.914+0300][248.955s][debug][gc] GC(3790) Concurrent active time: 0.003ms
[2020-01-29T22:00:20.914+0300][248.955s][info ][gc] GC(3790) Concurrent Abortable Preclean 0.030ms
[2020-01-29T22:00:20.914+0300][248.955s][debug][gc] GC(3790) YG occupancy: 54475 K (78656 K)
[2020-01-29T22:00:20.924+0300][248.966s][info ][gc] GC(3790) Pause Remark 199M->199M(247M) 10.922ms
[2020-01-29T22:00:20.924+0300][248.966s][info ][gc] GC(3790) Concurrent Sweep
[2020-01-29T22:00:20.929+0300][248.969s][info ][gc] GC(3791) Pause Young (Allocation Failure) 199M->199M(247M) 0.042ms
[2020-01-29T22:00:20.994+0300][249.033s][debug][gc] GC(3790) Concurrent active time: 67.322ms
[2020-01-29T22:00:20.994+0300][249.033s][info ][gc] GC(3790) Concurrent Sweep 67.544ms
[2020-01-29T22:00:20.994+0300][249.033s][debug][gc] GC(3792) Concurrent mode failure
[2020-01-29T22:00:21.084+0300][249.127s][info ][gc] GC(3792) Pause Full (Allocation Failure) 199M->70M(247M) 158.385ms
[2020-01-29T22:00:21.171+0300][249.209s][info ][gc] GC(3793) Pause Young (Allocation Failure) 136M->155M(247M) 63.777ms
[2020-01-29T22:00:21.180+0300][249.219s][info ][gc] GC(3794) Pause Initial Mark 174M->174M(247M) 8.813ms
[2020-01-29T22:00:21.180+0300][249.219s][info ][gc] GC(3794) Concurrent Mark
[2020-01-29T22:00:21.183+0300][249.222s][debug][gc] GC(3794) Concurrent active time: 2.660ms
[2020-01-29T22:00:21.183+0300][249.222s][info ][gc] GC(3794) Concurrent Mark 2.713ms
[2020-01-29T22:00:21.183+0300][249.222s][info ][gc] GC(3794) Concurrent Preclean
[2020-01-29T22:00:21.183+0300][249.222s][debug][gc] GC(3794) Concurrent active time: 0.158ms
[2020-01-29T22:00:21.183+0300][249.222s][info ][gc] GC(3794) Concurrent Preclean 0.188ms
[2020-01-29T22:00:21.183+0300][249.222s][info ][gc] GC(3794) Concurrent Abortable Preclean
[2020-01-29T22:00:21.183+0300][249.222s][debug][gc] GC(3794) Concurrent active time: 0.003ms
[2020-01-29T22:00:21.183+0300][249.222s][info ][gc] GC(3794) Concurrent Abortable Preclean 0.030ms
[2020-01-29T22:00:21.183+0300][249.222s][debug][gc] GC(3794) YG occupancy: 54479 K (78656 K)
[2020-01-29T22:00:21.194+0300][249.233s][info ][gc] GC(3794) Pause Remark 199M->199M(247M) 10.955ms
[2020-01-29T22:00:21.194+0300][249.233s][info ][gc] GC(3794) Concurrent Sweep
[2020-01-29T22:00:21.197+0300][249.236s][info ][gc] GC(3795) Pause Young (Allocation Failure) 199M->199M(247M) 0.042ms
[2020-01-29T22:00:21.262+0300][249.301s][debug][gc] GC(3794) Concurrent active time: 67.596ms
[2020-01-29T22:00:21.262+0300][249.301s][info ][gc] GC(3794) Concurrent Sweep 67.825ms
[2020-01-29T22:00:21.262+0300][249.301s][debug][gc] GC(3796) Concurrent mode failure
[2020-01-29T22:00:21.357+0300][249.395s][info ][gc] GC(3796) Pause Full (Allocation Failure) 199M->70M(247M) 159.104ms
[2020-01-29T22:00:21.429+0300][249.468s][info ][gc] GC(3797) Pause Young (Allocation Failure) 136M->155M(247M) 53.696ms
[2020-01-29T22:00:21.439+0300][249.477s][info ][gc] GC(3798) Pause Initial Mark 174M->174M(247M) 8.822ms
[2020-01-29T22:00:21.439+0300][249.477s][info ][gc] GC(3798) Concurrent Mark
[2020-01-29T22:00:21.442+0300][249.480s][debug][gc] GC(3798) Concurrent active time: 2.654ms
[2020-01-29T22:00:21.442+0300][249.480s][info ][gc] GC(3798) Concurrent Mark 2.705ms
[2020-01-29T22:00:21.442+0300][249.480s][info ][gc] GC(3798) Concurrent Preclean
[2020-01-29T22:00:21.442+0300][249.480s][debug][gc] GC(3798) Concurrent active time: 0.160ms
[2020-01-29T22:00:21.442+0300][249.480s][info ][gc] GC(3798) Concurrent Preclean 0.191ms
[2020-01-29T22:00:21.442+0300][249.480s][info ][gc] GC(3798) Concurrent Abortable Preclean
[2020-01-29T22:00:21.442+0300][249.480s][debug][gc] GC(3798) Concurrent active time: 0.004ms
[2020-01-29T22:00:21.442+0300][249.480s][info ][gc] GC(3798) Concurrent Abortable Preclean 0.030ms
[2020-01-29T22:00:21.442+0300][249.480s][debug][gc] GC(3798) YG occupancy: 54484 K (78656 K)
[2020-01-29T22:00:21.453+0300][249.491s][info ][gc] GC(3798) Pause Remark 199M->199M(247M) 11.060ms
[2020-01-29T22:00:21.453+0300][249.491s][info ][gc] GC(3798) Concurrent Sweep
[2020-01-29T22:00:21.456+0300][249.494s][info ][gc] GC(3799) Pause Young (Allocation Failure) 199M->199M(247M) 0.043ms
[2020-01-29T22:00:21.521+0300][249.559s][debug][gc] GC(3798) Concurrent active time: 67.420ms
[2020-01-29T22:00:21.521+0300][249.559s][info ][gc] GC(3798) Concurrent Sweep 67.654ms
[2020-01-29T22:00:21.521+0300][249.559s][debug][gc] GC(3800) Concurrent mode failure
[2020-01-29T22:00:21.614+0300][249.653s][info ][gc] GC(3800) Pause Full (Allocation Failure) 199M->70M(247M) 158.615ms
[2020-01-29T22:00:21.687+0300][249.726s][info ][gc] GC(3801) Pause Young (Allocation Failure) 136M->155M(247M) 54.696ms
[2020-01-29T22:00:21.697+0300][249.736s][info ][gc] GC(3802) Pause Initial Mark 174M->174M(247M) 8.824ms
[2020-01-29T22:00:21.697+0300][249.736s][info ][gc] GC(3802) Concurrent Mark
[2020-01-29T22:00:21.700+0300][249.738s][debug][gc] GC(3802) Concurrent active time: 2.657ms
[2020-01-29T22:00:21.700+0300][249.738s][info ][gc] GC(3802) Concurrent Mark 2.710ms
[2020-01-29T22:00:21.700+0300][249.738s][info ][gc] GC(3802) Concurrent Preclean
[2020-01-29T22:00:21.700+0300][249.739s][debug][gc] GC(3802) Concurrent active time: 0.159ms
[2020-01-29T22:00:21.700+0300][249.739s][info ][gc] GC(3802) Concurrent Preclean 0.189ms
[2020-01-29T22:00:21.700+0300][249.739s][info ][gc] GC(3802) Concurrent Abortable Preclean
[2020-01-29T22:00:21.700+0300][249.739s][debug][gc] GC(3802) Concurrent active time: 0.003ms
[2020-01-29T22:00:21.700+0300][249.739s][info ][gc] GC(3802) Concurrent Abortable Preclean 0.030ms
[2020-01-29T22:00:21.700+0300][249.739s][debug][gc] GC(3802) YG occupancy: 54489 K (78656 K)
[2020-01-29T22:00:21.711+0300][249.750s][info ][gc] GC(3802) Pause Remark 199M->199M(247M) 11.108ms
[2020-01-29T22:00:21.711+0300][249.750s][info ][gc] GC(3802) Concurrent Sweep
[2020-01-29T22:00:21.714+0300][249.753s][info ][gc] GC(3803) Pause Young (Allocation Failure) 199M->199M(247M) 0.041ms
[2020-01-29T22:00:21.780+0300][249.818s][debug][gc] GC(3802) Concurrent active time: 68.338ms
[2020-01-29T22:00:21.780+0300][249.818s][info ][gc] GC(3802) Concurrent Sweep 68.559ms
[2020-01-29T22:00:21.780+0300][249.818s][debug][gc] GC(3804) Concurrent mode failure
[2020-01-29T22:00:21.875+0300][249.913s][info ][gc] GC(3804) Pause Full (Allocation Failure) 199M->70M(247M) 159.824ms
[2020-01-29T22:00:21.948+0300][249.987s][info ][gc] GC(3805) Pause Young (Allocation Failure) 136M->155M(247M) 55.020ms
[2020-01-29T22:00:21.957+0300][249.996s][info ][gc] GC(3806) Pause Initial Mark 174M->174M(247M) 8.814ms
[2020-01-29T22:00:21.957+0300][249.996s][info ][gc] GC(3806) Concurrent Mark
[2020-01-29T22:00:21.960+0300][249.999s][debug][gc] GC(3806) Concurrent active time: 2.657ms
[2020-01-29T22:00:21.960+0300][249.999s][info ][gc] GC(3806) Concurrent Mark 2.710ms
[2020-01-29T22:00:21.960+0300][249.999s][info ][gc] GC(3806) Concurrent Preclean
[2020-01-29T22:00:21.960+0300][249.999s][debug][gc] GC(3806) Concurrent active time: 0.161ms
[2020-01-29T22:00:21.960+0300][249.999s][info ][gc] GC(3806) Concurrent Preclean 0.191ms
[2020-01-29T22:00:21.960+0300][249.999s][info ][gc] GC(3806) Concurrent Abortable Preclean
[2020-01-29T22:00:21.960+0300][249.999s][debug][gc] GC(3806) Concurrent active time: 0.003ms
[2020-01-29T22:00:21.960+0300][249.999s][info ][gc] GC(3806) Concurrent Abortable Preclean 0.030ms
[2020-01-29T22:00:21.960+0300][249.999s][debug][gc] GC(3806) YG occupancy: 54476 K (78656 K)
[2020-01-29T22:00:21.971+0300][250.010s][info ][gc] GC(3806) Pause Remark 199M->199M(247M) 10.959ms
[2020-01-29T22:00:21.971+0300][250.010s][info ][gc] GC(3806) Concurrent Sweep
[2020-01-29T22:00:21.974+0300][250.013s][info ][gc] GC(3807) Pause Young (Allocation Failure) 199M->199M(247M) 0.042ms
[2020-01-29T22:00:22.039+0300][250.078s][debug][gc] GC(3806) Concurrent active time: 67.283ms
[2020-01-29T22:00:22.039+0300][250.078s][info ][gc] GC(3806) Concurrent Sweep 67.527ms
[2020-01-29T22:00:22.039+0300][250.078s][debug][gc] GC(3808) Concurrent mode failure
[2020-01-29T22:00:22.134+0300][250.173s][info ][gc] GC(3808) Pause Full (Allocation Failure) 199M->70M(247M) 159.277ms
[2020-01-29T22:00:22.209+0300][250.247s][info ][gc] GC(3809) Pause Young (Allocation Failure) 136M->155M(247M) 56.061ms
[2020-01-29T22:00:22.219+0300][250.257s][info ][gc] GC(3810) Pause Initial Mark 174M->174M(247M) 8.821ms
[2020-01-29T22:00:22.219+0300][250.257s][info ][gc] GC(3810) Concurrent Mark
[2020-01-29T22:00:22.221+0300][250.259s][debug][gc] GC(3810) Concurrent active time: 2.646ms
[2020-01-29T22:00:22.221+0300][250.259s][info ][gc] GC(3810) Concurrent Mark 2.698ms
[2020-01-29T22:00:22.221+0300][250.259s][info ][gc] GC(3810) Concurrent Preclean
[2020-01-29T22:00:22.221+0300][250.260s][debug][gc] GC(3810) Concurrent active time: 0.162ms
[2020-01-29T22:00:22.221+0300][250.260s][info ][gc] GC(3810) Concurrent Preclean 0.192ms
[2020-01-29T22:00:22.221+0300][250.260s][info ][gc] GC(3810) Concurrent Abortable Preclean
[2020-01-29T22:00:22.222+0300][250.260s][debug][gc] GC(3810) Concurrent active time: 0.005ms
[2020-01-29T22:00:22.222+0300][250.260s][info ][gc] GC(3810) Concurrent Abortable Preclean 0.033ms
[2020-01-29T22:00:22.222+0300][250.260s][debug][gc] GC(3810) YG occupancy: 54480 K (78656 K)
[2020-01-29T22:00:22.233+0300][250.271s][info ][gc] GC(3810) Pause Remark 199M->199M(247M) 10.978ms
[2020-01-29T22:00:22.233+0300][250.271s][info ][gc] GC(3810) Concurrent Sweep
[2020-01-29T22:00:22.236+0300][250.274s][info ][gc] GC(3811) Pause Young (Allocation Failure) 199M->199M(247M) 0.042ms
[2020-01-29T22:00:22.300+0300][250.339s][debug][gc] GC(3810) Concurrent active time: 67.700ms
[2020-01-29T22:00:22.300+0300][250.339s][info ][gc] GC(3810) Concurrent Sweep 67.923ms
[2020-01-29T22:00:22.300+0300][250.339s][debug][gc] GC(3812) Concurrent mode failure
[2020-01-29T22:00:22.394+0300][250.433s][info ][gc] GC(3812) Pause Full (Allocation Failure) 199M->70M(247M) 159.225ms
[2020-01-29T22:00:22.467+0300][250.505s][info ][gc] GC(3813) Pause Young (Allocation Failure) 136M->155M(247M) 54.109ms
[2020-01-29T22:00:22.476+0300][250.515s][info ][gc] GC(3814) Pause Initial Mark 174M->174M(247M) 8.818ms
[2020-01-29T22:00:22.476+0300][250.515s][info ][gc] GC(3814) Concurrent Mark
[2020-01-29T22:00:22.479+0300][250.518s][debug][gc] GC(3814) Concurrent active time: 2.650ms
[2020-01-29T22:00:22.479+0300][250.518s][info ][gc] GC(3814) Concurrent Mark 2.747ms
[2020-01-29T22:00:22.479+0300][250.518s][info ][gc] GC(3814) Concurrent Preclean
[2020-01-29T22:00:22.479+0300][250.518s][debug][gc] GC(3814) Concurrent active time: 0.160ms
[2020-01-29T22:00:22.479+0300][250.518s][info ][gc] GC(3814) Concurrent Preclean 0.189ms
[2020-01-29T22:00:22.479+0300][250.518s][info ][gc] GC(3814) Concurrent Abortable Preclean
[2020-01-29T22:00:22.479+0300][250.518s][debug][gc] GC(3814) Concurrent active time: 0.003ms
[2020-01-29T22:00:22.479+0300][250.518s][info ][gc] GC(3814) Concurrent Abortable Preclean 0.030ms
[2020-01-29T22:00:22.480+0300][250.518s][debug][gc] GC(3814) YG occupancy: 54486 K (78656 K)
[2020-01-29T22:00:22.491+0300][250.529s][info ][gc] GC(3814) Pause Remark 199M->199M(247M) 10.983ms
[2020-01-29T22:00:22.491+0300][250.529s][info ][gc] GC(3814) Concurrent Sweep
[2020-01-29T22:00:22.494+0300][250.532s][info ][gc] GC(3815) Pause Young (Allocation Failure) 199M->199M(247M) 0.042ms
[2020-01-29T22:00:22.558+0300][250.596s][debug][gc] GC(3814) Concurrent active time: 67.199ms
[2020-01-29T22:00:22.558+0300][250.596s][info ][gc] GC(3814) Concurrent Sweep 67.435ms
[2020-01-29T22:00:22.558+0300][250.597s][debug][gc] GC(3816) Concurrent mode failure
[2020-01-29T22:00:22.653+0300][250.691s][info ][gc] GC(3816) Pause Full (Allocation Failure) 199M->70M(247M) 158.686ms
[2020-01-29T22:00:22.724+0300][250.763s][info ][gc] GC(3817) Pause Young (Allocation Failure) 136M->155M(247M) 53.303ms
[2020-01-29T22:00:22.734+0300][250.773s][info ][gc] GC(3818) Pause Initial Mark 174M->174M(247M) 8.857ms
[2020-01-29T22:00:22.734+0300][250.773s][info ][gc] GC(3818) Concurrent Mark
[2020-01-29T22:00:22.737+0300][250.776s][debug][gc] GC(3818) Concurrent active time: 2.780ms
[2020-01-29T22:00:22.737+0300][250.776s][info ][gc] GC(3818) Concurrent Mark 2.930ms
[2020-01-29T22:00:22.737+0300][250.776s][info ][gc] GC(3818) Concurrent Preclean
[2020-01-29T22:00:22.737+0300][250.776s][debug][gc] GC(3818) Concurrent active time: 0.170ms
[2020-01-29T22:00:22.737+0300][250.776s][info ][gc] GC(3818) Concurrent Preclean 0.200ms
[2020-01-29T22:00:22.737+0300][250.776s][info ][gc] GC(3818) Concurrent Abortable Preclean
[2020-01-29T22:00:22.737+0300][250.776s][debug][gc] GC(3818) Concurrent active time: 0.004ms
[2020-01-29T22:00:22.737+0300][250.776s][info ][gc] GC(3818) Concurrent Abortable Preclean 0.031ms
[2020-01-29T22:00:22.737+0300][250.776s][debug][gc] GC(3818) YG occupancy: 54590 K (78656 K)
[2020-01-29T22:00:22.748+0300][250.787s][info ][gc] GC(3818) Pause Remark 199M->199M(247M) 10.913ms
[2020-01-29T22:00:22.748+0300][250.787s][info ][gc] GC(3818) Concurrent Sweep
[2020-01-29T22:00:22.751+0300][250.790s][info ][gc] GC(3819) Pause Young (Allocation Failure) 199M->199M(247M) 0.042ms
[2020-01-29T22:00:22.815+0300][250.854s][debug][gc] GC(3818) Concurrent active time: 66.390ms
[2020-01-29T22:00:22.815+0300][250.854s][info ][gc] GC(3818) Concurrent Sweep 66.616ms
[2020-01-29T22:00:22.815+0300][250.854s][debug][gc] GC(3820) Concurrent mode failure
[2020-01-29T22:00:22.909+0300][250.948s][info ][gc] GC(3820) Pause Full (Allocation Failure) 199M->70M(247M) 157.643ms
[2020-01-29T22:00:22.982+0300][251.020s][info ][gc] GC(3821) Pause Young (Allocation Failure) 136M->155M(247M) 53.918ms
[2020-01-29T22:00:22.991+0300][251.029s][info ][gc] GC(3822) Pause Initial Mark 174M->174M(247M) 8.816ms
[2020-01-29T22:00:22.991+0300][251.029s][info ][gc] GC(3822) Concurrent Mark
[2020-01-29T22:00:22.994+0300][251.032s][debug][gc] GC(3822) Concurrent active time: 2.671ms
[2020-01-29T22:00:22.994+0300][251.032s][info ][gc] GC(3822) Concurrent Mark 2.727ms
[2020-01-29T22:00:22.994+0300][251.032s][info ][gc] GC(3822) Concurrent Preclean
[2020-01-29T22:00:22.994+0300][251.032s][debug][gc] GC(3822) Concurrent active time: 0.160ms
[2020-01-29T22:00:22.994+0300][251.032s][info ][gc] GC(3822) Concurrent Preclean 0.190ms
[2020-01-29T22:00:22.994+0300][251.032s][info ][gc] GC(3822) Concurrent Abortable Preclean
[2020-01-29T22:00:22.994+0300][251.032s][debug][gc] GC(3822) Concurrent active time: 0.004ms
[2020-01-29T22:00:22.994+0300][251.032s][info ][gc] GC(3822) Concurrent Abortable Preclean 0.084ms
[2020-01-29T22:00:22.994+0300][251.032s][debug][gc] GC(3822) YG occupancy: 54489 K (78656 K)
[2020-01-29T22:00:23.005+0300][251.044s][info ][gc] GC(3822) Pause Remark 199M->199M(247M) 11.058ms
[2020-01-29T22:00:23.005+0300][251.044s][info ][gc] GC(3822) Concurrent Sweep
[2020-01-29T22:00:23.008+0300][251.047s][info ][gc] GC(3823) Pause Young (Allocation Failure) 199M->199M(247M) 0.046ms
[2020-01-29T22:00:23.073+0300][251.112s][debug][gc] GC(3822) Concurrent active time: 67.885ms
[2020-01-29T22:00:23.073+0300][251.112s][info ][gc] GC(3822) Concurrent Sweep 68.134ms
[2020-01-29T22:00:23.073+0300][251.112s][debug][gc] GC(3824) Concurrent mode failure
[2020-01-29T22:00:23.167+0300][251.206s][info ][gc] GC(3824) Pause Full (Allocation Failure) 199M->70M(247M) 159.230ms
[2020-01-29T22:00:23.242+0300][251.281s][info ][gc] GC(3825) Pause Young (Allocation Failure) 136M->155M(247M) 56.574ms
[2020-01-29T22:00:23.252+0300][251.290s][info ][gc] GC(3826) Pause Initial Mark 174M->174M(247M) 8.828ms
[2020-01-29T22:00:23.252+0300][251.290s][info ][gc] GC(3826) Concurrent Mark
[2020-01-29T22:00:23.255+0300][251.293s][debug][gc] GC(3826) Concurrent active time: 2.678ms
[2020-01-29T22:00:23.255+0300][251.293s][info ][gc] GC(3826) Concurrent Mark 2.737ms
[2020-01-29T22:00:23.255+0300][251.293s][info ][gc] GC(3826) Concurrent Preclean
[2020-01-29T22:00:23.255+0300][251.293s][debug][gc] GC(3826) Concurrent active time: 0.163ms
[2020-01-29T22:00:23.255+0300][251.293s][info ][gc] GC(3826) Concurrent Preclean 0.194ms
[2020-01-29T22:00:23.255+0300][251.293s][info ][gc] GC(3826) Concurrent Abortable Preclean
[2020-01-29T22:00:23.255+0300][251.293s][debug][gc] GC(3826) Concurrent active time: 0.004ms
[2020-01-29T22:00:23.255+0300][251.293s][info ][gc] GC(3826) Concurrent Abortable Preclean 0.031ms
[2020-01-29T22:00:23.255+0300][251.294s][debug][gc] GC(3826) YG occupancy: 54485 K (78656 K)
[2020-01-29T22:00:23.266+0300][251.305s][info ][gc] GC(3826) Pause Remark 199M->199M(247M) 11.018ms
[2020-01-29T22:00:23.266+0300][251.305s][info ][gc] GC(3826) Concurrent Sweep
[2020-01-29T22:00:23.269+0300][251.308s][info ][gc] GC(3827) Pause Young (Allocation Failure) 199M->199M(247M) 0.043ms
[2020-01-29T22:00:23.334+0300][251.372s][debug][gc] GC(3826) Concurrent active time: 67.668ms
[2020-01-29T22:00:23.334+0300][251.372s][info ][gc] GC(3826) Concurrent Sweep 67.899ms
[2020-01-29T22:00:23.334+0300][251.373s][debug][gc] GC(3828) Concurrent mode failure
[2020-01-29T22:00:23.428+0300][251.467s][info ][gc] GC(3828) Pause Full (Allocation Failure) 199M->70M(247M) 158.796ms
[2020-01-29T22:00:23.500+0300][251.538s][info ][gc] GC(3829) Pause Young (Allocation Failure) 136M->155M(247M) 54.039ms
[2020-01-29T22:00:23.509+0300][251.548s][info ][gc] GC(3830) Pause Initial Mark 174M->174M(247M) 8.841ms
[2020-01-29T22:00:23.509+0300][251.548s][info ][gc] GC(3830) Concurrent Mark
[2020-01-29T22:00:23.512+0300][251.551s][debug][gc] GC(3830) Concurrent active time: 2.692ms
[2020-01-29T22:00:23.512+0300][251.551s][info ][gc] GC(3830) Concurrent Mark 2.755ms
[2020-01-29T22:00:23.512+0300][251.551s][info ][gc] GC(3830) Concurrent Preclean
[2020-01-29T22:00:23.512+0300][251.551s][debug][gc] GC(3830) Concurrent active time: 0.162ms
[2020-01-29T22:00:23.512+0300][251.551s][info ][gc] GC(3830) Concurrent Preclean 0.192ms
[2020-01-29T22:00:23.512+0300][251.551s][info ][gc] GC(3830) Concurrent Abortable Preclean
[2020-01-29T22:00:23.512+0300][251.551s][debug][gc] GC(3830) Concurrent active time: 0.004ms
[2020-01-29T22:00:23.512+0300][251.551s][info ][gc] GC(3830) Concurrent Abortable Preclean 0.031ms
[2020-01-29T22:00:23.512+0300][251.551s][debug][gc] GC(3830) YG occupancy: 54488 K (78656 K)
[2020-01-29T22:00:23.524+0300][251.562s][info ][gc] GC(3830) Pause Remark 199M->199M(247M) 10.986ms
[2020-01-29T22:00:23.524+0300][251.562s][info ][gc] GC(3830) Concurrent Sweep
[2020-01-29T22:00:23.527+0300][251.565s][info ][gc] GC(3831) Pause Young (Allocation Failure) 199M->199M(247M) 0.043ms
[2020-01-29T22:00:23.593+0300][251.632s][debug][gc] GC(3830) Concurrent active time: 69.079ms
[2020-01-29T22:00:23.593+0300][251.632s][info ][gc] GC(3830) Concurrent Sweep 69.311ms
[2020-01-29T22:00:23.593+0300][251.632s][debug][gc] GC(3832) Concurrent mode failure
[2020-01-29T22:00:23.687+0300][251.725s][info ][gc] GC(3832) Pause Full (Allocation Failure) 199M->70M(247M) 160.182ms
[2020-01-29T22:00:23.759+0300][251.797s][info ][gc] GC(3833) Pause Young (Allocation Failure) 136M->155M(247M) 53.713ms
[2020-01-29T22:00:23.769+0300][251.807s][info ][gc] GC(3834) Pause Initial Mark 174M->174M(247M) 8.830ms
[2020-01-29T22:00:23.769+0300][251.807s][info ][gc] GC(3834) Concurrent Mark
[2020-01-29T22:00:23.772+0300][251.810s][debug][gc] GC(3834) Concurrent active time: 2.786ms
[2020-01-29T22:00:23.772+0300][251.810s][info ][gc] GC(3834) Concurrent Mark 2.935ms
[2020-01-29T22:00:23.772+0300][251.810s][info ][gc] GC(3834) Concurrent Preclean
[2020-01-29T22:00:23.772+0300][251.810s][debug][gc] GC(3834) Concurrent active time: 0.226ms
[2020-01-29T22:00:23.772+0300][251.810s][info ][gc] GC(3834) Concurrent Preclean 0.256ms
[2020-01-29T22:00:23.772+0300][251.810s][info ][gc] GC(3834) Concurrent Abortable Preclean
[2020-01-29T22:00:23.772+0300][251.810s][debug][gc] GC(3834) Concurrent active time: 0.004ms
[2020-01-29T22:00:23.772+0300][251.810s][info ][gc] GC(3834) Concurrent Abortable Preclean 0.030ms
[2020-01-29T22:00:23.772+0300][251.811s][debug][gc] GC(3834) YG occupancy: 53210 K (78656 K)
[2020-01-29T22:00:23.783+0300][251.821s][info ][gc] GC(3834) Pause Remark 198M->198M(247M) 10.909ms
[2020-01-29T22:00:23.783+0300][251.821s][info ][gc] GC(3834) Concurrent Sweep
[2020-01-29T22:00:23.787+0300][251.825s][info ][gc] GC(3835) Pause Young (Allocation Failure) 199M->199M(247M) 0.042ms
[2020-01-29T22:00:23.850+0300][251.889s][debug][gc] GC(3834) Concurrent active time: 67.118ms
[2020-01-29T22:00:23.850+0300][251.889s][info ][gc] GC(3834) Concurrent Sweep 67.343ms
[2020-01-29T22:00:23.850+0300][251.889s][debug][gc] GC(3836) Concurrent mode failure
[2020-01-29T22:00:23.944+0300][251.983s][info ][gc] GC(3836) Pause Full (Allocation Failure) 199M->70M(247M) 157.974ms
[2020-01-29T22:00:24.016+0300][252.055s][info ][gc] GC(3837) Pause Young (Allocation Failure) 136M->155M(247M) 54.016ms
[2020-01-29T22:00:24.026+0300][252.065s][info ][gc] GC(3838) Pause Initial Mark 174M->174M(247M) 8.824ms
[2020-01-29T22:00:24.026+0300][252.065s][info ][gc] GC(3838) Concurrent Mark
[2020-01-29T22:00:24.029+0300][252.067s][debug][gc] GC(3838) Concurrent active time: 2.638ms
[2020-01-29T22:00:24.029+0300][252.067s][info ][gc] GC(3838) Concurrent Mark 2.692ms
[2020-01-29T22:00:24.029+0300][252.068s][info ][gc] GC(3838) Concurrent Preclean
[2020-01-29T22:00:24.029+0300][252.068s][debug][gc] GC(3838) Concurrent active time: 0.160ms
[2020-01-29T22:00:24.029+0300][252.068s][info ][gc] GC(3838) Concurrent Preclean 0.191ms
[2020-01-29T22:00:24.029+0300][252.068s][info ][gc] GC(3838) Concurrent Abortable Preclean
[2020-01-29T22:00:24.029+0300][252.068s][debug][gc] GC(3838) Concurrent active time: 0.004ms
[2020-01-29T22:00:24.029+0300][252.068s][info ][gc] GC(3838) Concurrent Abortable Preclean 0.030ms
[2020-01-29T22:00:24.029+0300][252.068s][debug][gc] GC(3838) YG occupancy: 54489 K (78656 K)
[2020-01-29T22:00:24.040+0300][252.079s][info ][gc] GC(3838) Pause Remark 199M->199M(247M) 10.983ms
[2020-01-29T22:00:24.040+0300][252.079s][info ][gc] GC(3838) Concurrent Sweep
[2020-01-29T22:00:24.043+0300][252.082s][info ][gc] GC(3839) Pause Young (Allocation Failure) 199M->199M(247M) 0.041ms
[2020-01-29T22:00:24.108+0300][252.147s][debug][gc] GC(3838) Concurrent active time: 67.500ms
[2020-01-29T22:00:24.108+0300][252.147s][info ][gc] GC(3838) Concurrent Sweep 67.715ms
[2020-01-29T22:00:24.108+0300][252.147s][debug][gc] GC(3840) Concurrent mode failure
[2020-01-29T22:00:24.202+0300][252.241s][info ][gc] GC(3840) Pause Full (Allocation Failure) 199M->70M(247M) 158.757ms
[2020-01-29T22:00:24.281+0300][252.319s][info ][gc] GC(3841) Pause Young (Allocation Failure) 136M->155M(247M) 59.475ms
[2020-01-29T22:00:24.291+0300][252.329s][info ][gc] GC(3842) Pause Initial Mark 174M->174M(247M) 8.850ms
[2020-01-29T22:00:24.291+0300][252.329s][info ][gc] GC(3842) Concurrent Mark
[2020-01-29T22:00:24.294+0300][252.332s][debug][gc] GC(3842) Concurrent active time: 2.660ms
[2020-01-29T22:00:24.294+0300][252.332s][info ][gc] GC(3842) Concurrent Mark 2.714ms
[2020-01-29T22:00:24.294+0300][252.332s][info ][gc] GC(3842) Concurrent Preclean
[2020-01-29T22:00:24.294+0300][252.332s][debug][gc] GC(3842) Concurrent active time: 0.163ms
[2020-01-29T22:00:24.294+0300][252.332s][info ][gc] GC(3842) Concurrent Preclean 0.193ms
[2020-01-29T22:00:24.294+0300][252.332s][info ][gc] GC(3842) Concurrent Abortable Preclean
[2020-01-29T22:00:24.294+0300][252.332s][debug][gc] GC(3842) Concurrent active time: 0.004ms
[2020-01-29T22:00:24.294+0300][252.332s][info ][gc] GC(3842) Concurrent Abortable Preclean 0.030ms
[2020-01-29T22:00:24.294+0300][252.332s][debug][gc] GC(3842) YG occupancy: 54485 K (78656 K)
[2020-01-29T22:00:24.305+0300][252.343s][info ][gc] GC(3842) Pause Remark 199M->199M(247M) 10.935ms
[2020-01-29T22:00:24.305+0300][252.343s][info ][gc] GC(3842) Concurrent Sweep
[2020-01-29T22:00:24.308+0300][252.346s][info ][gc] GC(3843) Pause Young (Allocation Failure) 199M->199M(247M) 0.043ms
[2020-01-29T22:00:24.373+0300][252.412s][debug][gc] GC(3842) Concurrent active time: 68.284ms
[2020-01-29T22:00:24.373+0300][252.412s][info ][gc] GC(3842) Concurrent Sweep 68.517ms
[2020-01-29T22:00:24.373+0300][252.412s][debug][gc] GC(3844) Concurrent mode failure
[2020-01-29T22:00:24.467+0300][252.506s][info ][gc] GC(3844) Pause Full (Allocation Failure) 199M->70M(247M) 159.540ms
[2020-01-29T22:00:24.546+0300][252.585s][info ][gc] GC(3845) Pause Young (Allocation Failure) 136M->155M(247M) 60.651ms
[2020-01-29T22:00:24.556+0300][252.595s][info ][gc] GC(3846) Pause Initial Mark 174M->174M(247M) 8.822ms
[2020-01-29T22:00:24.556+0300][252.595s][info ][gc] GC(3846) Concurrent Mark
[2020-01-29T22:00:24.559+0300][252.597s][debug][gc] GC(3846) Concurrent active time: 2.653ms
[2020-01-29T22:00:24.559+0300][252.597s][info ][gc] GC(3846) Concurrent Mark 2.709ms
[2020-01-29T22:00:24.559+0300][252.597s][info ][gc] GC(3846) Concurrent Preclean
[2020-01-29T22:00:24.559+0300][252.598s][debug][gc] GC(3846) Concurrent active time: 0.161ms
[2020-01-29T22:00:24.559+0300][252.598s][info ][gc] GC(3846) Concurrent Preclean 0.191ms
[2020-01-29T22:00:24.559+0300][252.598s][info ][gc] GC(3846) Concurrent Abortable Preclean
[2020-01-29T22:00:24.559+0300][252.598s][debug][gc] GC(3846) Concurrent active time: 0.004ms
[2020-01-29T22:00:24.559+0300][252.598s][info ][gc] GC(3846) Concurrent Abortable Preclean 0.030ms
[2020-01-29T22:00:24.559+0300][252.598s][debug][gc] GC(3846) YG occupancy: 54487 K (78656 K)
[2020-01-29T22:00:24.570+0300][252.609s][info ][gc] GC(3846) Pause Remark 199M->199M(247M) 11.062ms
[2020-01-29T22:00:24.570+0300][252.609s][info ][gc] GC(3846) Concurrent Sweep
[2020-01-29T22:00:24.573+0300][252.612s][info ][gc] GC(3847) Pause Young (Allocation Failure) 199M->199M(247M) 0.041ms
[2020-01-29T22:00:24.639+0300][252.677s][debug][gc] GC(3846) Concurrent active time: 68.446ms
[2020-01-29T22:00:24.639+0300][252.677s][info ][gc] GC(3846) Concurrent Sweep 68.666ms
[2020-01-29T22:00:24.639+0300][252.678s][debug][gc] GC(3848) Concurrent mode failure
[2020-01-29T22:00:24.734+0300][252.772s][info ][gc] GC(3848) Pause Full (Allocation Failure) 199M->70M(247M) 159.858ms
[2020-01-29T22:00:24.806+0300][252.845s][info ][gc] GC(3849) Pause Young (Allocation Failure) 136M->155M(247M) 54.446ms
[2020-01-29T22:00:24.816+0300][252.855s][info ][gc] GC(3850) Pause Initial Mark 174M->174M(247M) 8.849ms
[2020-01-29T22:00:24.816+0300][252.855s][info ][gc] GC(3850) Concurrent Mark
[2020-01-29T22:00:24.819+0300][252.857s][debug][gc] GC(3850) Concurrent active time: 2.663ms
[2020-01-29T22:00:24.819+0300][252.858s][info ][gc] GC(3850) Concurrent Mark 2.762ms
[2020-01-29T22:00:24.819+0300][252.858s][info ][gc] GC(3850) Concurrent Preclean
[2020-01-29T22:00:24.819+0300][252.858s][debug][gc] GC(3850) Concurrent active time: 0.167ms
[2020-01-29T22:00:24.819+0300][252.858s][info ][gc] GC(3850) Concurrent Preclean 0.195ms
[2020-01-29T22:00:24.819+0300][252.858s][info ][gc] GC(3850) Concurrent Abortable Preclean
[2020-01-29T22:00:24.819+0300][252.858s][debug][gc] GC(3850) Concurrent active time: 0.004ms
[2020-01-29T22:00:24.819+0300][252.858s][info ][gc] GC(3850) Concurrent Abortable Preclean 0.030ms
[2020-01-29T22:00:24.819+0300][252.858s][debug][gc] GC(3850) YG occupancy: 54475 K (78656 K)
[2020-01-29T22:00:24.830+0300][252.869s][info ][gc] GC(3850) Pause Remark 199M->199M(247M) 10.938ms
[2020-01-29T22:00:24.830+0300][252.869s][info ][gc] GC(3850) Concurrent Sweep
[2020-01-29T22:00:24.833+0300][252.872s][info ][gc] GC(3851) Pause Young (Allocation Failure) 199M->199M(247M) 0.042ms
[2020-01-29T22:00:24.899+0300][252.938s][debug][gc] GC(3850) Concurrent active time: 68.687ms
[2020-01-29T22:00:24.899+0300][252.938s][info ][gc] GC(3850) Concurrent Sweep 68.910ms
[2020-01-29T22:00:24.899+0300][252.938s][debug][gc] GC(3852) Concurrent mode failure
[2020-01-29T22:00:24.993+0300][253.032s][info ][gc] GC(3852) Pause Full (Allocation Failure) 199M->70M(247M) 159.769ms
[2020-01-29T22:00:25.066+0300][253.104s][info ][gc] GC(3853) Pause Young (Allocation Failure) 136M->155M(247M) 54.151ms
[2020-01-29T22:00:25.076+0300][253.114s][info ][gc] GC(3854) Pause Initial Mark 174M->174M(247M) 8.826ms
[2020-01-29T22:00:25.076+0300][253.114s][info ][gc] GC(3854) Concurrent Mark
[2020-01-29T22:00:25.078+0300][253.116s][debug][gc] GC(3854) Concurrent active time: 2.736ms
[2020-01-29T22:00:25.078+0300][253.117s][info ][gc] GC(3854) Concurrent Mark 2.799ms
[2020-01-29T22:00:25.078+0300][253.117s][info ][gc] GC(3854) Concurrent Preclean
[2020-01-29T22:00:25.079+0300][253.117s][debug][gc] GC(3854) Concurrent active time: 0.170ms
[2020-01-29T22:00:25.079+0300][253.117s][info ][gc] GC(3854) Concurrent Preclean 0.202ms
[2020-01-29T22:00:25.079+0300][253.117s][info ][gc] GC(3854) Concurrent Abortable Preclean
[2020-01-29T22:00:25.079+0300][253.117s][debug][gc] GC(3854) Concurrent active time: 0.004ms
[2020-01-29T22:00:25.079+0300][253.117s][info ][gc] GC(3854) Concurrent Abortable Preclean 0.031ms
[2020-01-29T22:00:25.079+0300][253.117s][debug][gc] GC(3854) YG occupancy: 54483 K (78656 K)
[2020-01-29T22:00:25.090+0300][253.128s][info ][gc] GC(3854) Pause Remark 199M->199M(247M) 10.962ms
[2020-01-29T22:00:25.090+0300][253.128s][info ][gc] GC(3854) Concurrent Sweep
[2020-01-29T22:00:25.093+0300][253.131s][info ][gc] GC(3855) Pause Young (Allocation Failure) 199M->199M(247M) 0.042ms
[2020-01-29T22:00:25.157+0300][253.196s][debug][gc] GC(3854) Concurrent active time: 67.489ms
[2020-01-29T22:00:25.157+0300][253.196s][info ][gc] GC(3854) Concurrent Sweep 67.710ms
[2020-01-29T22:00:25.157+0300][253.196s][debug][gc] GC(3856) Concurrent mode failure
[2020-01-29T22:00:25.251+0300][253.290s][info ][gc] GC(3856) Pause Full (Allocation Failure) 199M->70M(247M) 158.922ms
[2020-01-29T22:00:25.325+0300][253.363s][info ][gc] GC(3857) Pause Young (Allocation Failure) 136M->155M(247M) 54.254ms
[2020-01-29T22:00:25.335+0300][253.373s][info ][gc] GC(3858) Pause Initial Mark 174M->174M(247M) 8.820ms
[2020-01-29T22:00:25.335+0300][253.373s][info ][gc] GC(3858) Concurrent Mark
[2020-01-29T22:00:25.337+0300][253.376s][debug][gc] GC(3858) Concurrent active time: 2.642ms
[2020-01-29T22:00:25.337+0300][253.376s][info ][gc] GC(3858) Concurrent Mark 2.698ms
[2020-01-29T22:00:25.337+0300][253.376s][info ][gc] GC(3858) Concurrent Preclean
[2020-01-29T22:00:25.338+0300][253.376s][debug][gc] GC(3858) Concurrent active time: 0.160ms
[2020-01-29T22:00:25.338+0300][253.376s][info ][gc] GC(3858) Concurrent Preclean 0.193ms
[2020-01-29T22:00:25.338+0300][253.376s][info ][gc] GC(3858) Concurrent Abortable Preclean
[2020-01-29T22:00:25.338+0300][253.376s][debug][gc] GC(3858) Concurrent active time: 0.004ms
[2020-01-29T22:00:25.338+0300][253.376s][info ][gc] GC(3858) Concurrent Abortable Preclean 0.083ms
[2020-01-29T22:00:25.338+0300][253.376s][debug][gc] GC(3858) YG occupancy: 54482 K (78656 K)
[2020-01-29T22:00:25.349+0300][253.387s][info ][gc] GC(3858) Pause Remark 199M->199M(247M) 10.956ms
[2020-01-29T22:00:25.349+0300][253.387s][info ][gc] GC(3858) Concurrent Sweep
[2020-01-29T22:00:25.352+0300][253.390s][info ][gc] GC(3859) Pause Young (Allocation Failure) 199M->199M(247M) 0.043ms
[2020-01-29T22:00:25.417+0300][253.455s][debug][gc] GC(3858) Concurrent active time: 67.637ms
[2020-01-29T22:00:25.417+0300][253.455s][info ][gc] GC(3858) Concurrent Sweep 67.866ms
[2020-01-29T22:00:25.417+0300][253.455s][debug][gc] GC(3860) Concurrent mode failure
[2020-01-29T22:00:25.510+0300][253.549s][info ][gc] GC(3860) Pause Full (Allocation Failure) 199M->70M(247M) 159.106ms
[2020-01-29T22:00:25.584+0300][253.622s][info ][gc] GC(3861) Pause Young (Allocation Failure) 136M->155M(247M) 54.224ms
[2020-01-29T22:00:25.594+0300][253.632s][info ][gc] GC(3862) Pause Initial Mark 174M->174M(247M) 8.823ms
[2020-01-29T22:00:25.594+0300][253.632s][info ][gc] GC(3862) Concurrent Mark
[2020-01-29T22:00:25.597+0300][253.635s][debug][gc] GC(3862) Concurrent active time: 2.663ms
[2020-01-29T22:00:25.597+0300][253.635s][info ][gc] GC(3862) Concurrent Mark 2.719ms
[2020-01-29T22:00:25.597+0300][253.635s][info ][gc] GC(3862) Concurrent Preclean
[2020-01-29T22:00:25.597+0300][253.635s][debug][gc] GC(3862) Concurrent active time: 0.157ms
[2020-01-29T22:00:25.597+0300][253.635s][info ][gc] GC(3862) Concurrent Preclean 0.188ms
[2020-01-29T22:00:25.597+0300][253.635s][info ][gc] GC(3862) Concurrent Abortable Preclean
[2020-01-29T22:00:25.597+0300][253.635s][debug][gc] GC(3862) Concurrent active time: 0.003ms
[2020-01-29T22:00:25.597+0300][253.635s][info ][gc] GC(3862) Concurrent Abortable Preclean 0.030ms
[2020-01-29T22:00:25.597+0300][253.635s][debug][gc] GC(3862) YG occupancy: 54486 K (78656 K)
[2020-01-29T22:00:25.608+0300][253.646s][info ][gc] GC(3862) Pause Remark 199M->199M(247M) 11.013ms
[2020-01-29T22:00:25.608+0300][253.646s][info ][gc] GC(3862) Concurrent Sweep
[2020-01-29T22:00:25.611+0300][253.649s][info ][gc] GC(3863) Pause Young (Allocation Failure) 199M->199M(247M) 0.042ms
[2020-01-29T22:00:25.676+0300][253.715s][debug][gc] GC(3862) Concurrent active time: 68.379ms
[2020-01-29T22:00:25.676+0300][253.715s][info ][gc] GC(3862) Concurrent Sweep 68.606ms
[2020-01-29T22:00:25.676+0300][253.715s][debug][gc] GC(3864) Concurrent mode failure
[2020-01-29T22:00:25.770+0300][253.809s][info ][gc] GC(3864) Pause Full (Allocation Failure) 199M->70M(247M) 159.703ms
[2020-01-29T22:00:25.842+0300][253.881s][info ][gc] GC(3865) Pause Young (Allocation Failure) 136M->155M(247M) 53.613ms
[2020-01-29T22:00:25.852+0300][253.890s][info ][gc] GC(3866) Pause Initial Mark 174M->174M(247M) 8.822ms
[2020-01-29T22:00:25.852+0300][253.891s][info ][gc] GC(3866) Concurrent Mark
[2020-01-29T22:00:25.855+0300][253.893s][debug][gc] GC(3866) Concurrent active time: 2.682ms
[2020-01-29T22:00:25.855+0300][253.893s][info ][gc] GC(3866) Concurrent Mark 2.743ms
[2020-01-29T22:00:25.855+0300][253.893s][info ][gc] GC(3866) Concurrent Preclean
[2020-01-29T22:00:25.855+0300][253.893s][debug][gc] GC(3866) Concurrent active time: 0.170ms
[2020-01-29T22:00:25.855+0300][253.893s][info ][gc] GC(3866) Concurrent Preclean 0.202ms
[2020-01-29T22:00:25.855+0300][253.893s][info ][gc] GC(3866) Concurrent Abortable Preclean
[2020-01-29T22:00:25.855+0300][253.894s][debug][gc] GC(3866) Concurrent active time: 0.004ms
[2020-01-29T22:00:25.855+0300][253.894s][info ][gc] GC(3866) Concurrent Abortable Preclean 0.031ms
[2020-01-29T22:00:25.855+0300][253.894s][debug][gc] GC(3866) YG occupancy: 54474 K (78656 K)
[2020-01-29T22:00:25.866+0300][253.905s][info ][gc] GC(3866) Pause Remark 199M->199M(247M) 11.002ms
[2020-01-29T22:00:25.866+0300][253.905s][info ][gc] GC(3866) Concurrent Sweep
[2020-01-29T22:00:25.869+0300][253.908s][info ][gc] GC(3867) Pause Young (Allocation Failure) 199M->199M(247M) 0.042ms
[2020-01-29T22:00:25.935+0300][253.973s][debug][gc] GC(3866) Concurrent active time: 68.253ms
[2020-01-29T22:00:25.935+0300][253.973s][info ][gc] GC(3866) Concurrent Sweep 68.529ms
[2020-01-29T22:00:25.935+0300][253.973s][debug][gc] GC(3868) Concurrent mode failure
[2020-01-29T22:00:26.029+0300][254.067s][info ][gc] GC(3868) Pause Full (Allocation Failure) 199M->70M(247M) 159.703ms
[2020-01-29T22:00:26.100+0300][254.139s][info ][gc] GC(3869) Pause Young (Allocation Failure) 136M->155M(247M) 53.711ms
[2020-01-29T22:00:26.110+0300][254.149s][info ][gc] GC(3870) Pause Initial Mark 174M->174M(247M) 8.838ms
[2020-01-29T22:00:26.110+0300][254.149s][info ][gc] GC(3870) Concurrent Mark
[2020-01-29T22:00:26.113+0300][254.152s][debug][gc] GC(3870) Concurrent active time: 2.834ms
[2020-01-29T22:00:26.113+0300][254.152s][info ][gc] GC(3870) Concurrent Mark 2.900ms
[2020-01-29T22:00:26.113+0300][254.152s][info ][gc] GC(3870) Concurrent Preclean
[2020-01-29T22:00:26.113+0300][254.152s][debug][gc] GC(3870) Concurrent active time: 0.190ms
[2020-01-29T22:00:26.113+0300][254.152s][info ][gc] GC(3870) Concurrent Preclean 0.226ms
[2020-01-29T22:00:26.113+0300][254.152s][info ][gc] GC(3870) Concurrent Abortable Preclean
[2020-01-29T22:00:26.113+0300][254.152s][debug][gc] GC(3870) Concurrent active time: 0.005ms
[2020-01-29T22:00:26.113+0300][254.152s][info ][gc] GC(3870) Concurrent Abortable Preclean 0.032ms
[2020-01-29T22:00:26.114+0300][254.152s][debug][gc] GC(3870) YG occupancy: 54517 K (78656 K)
[2020-01-29T22:00:26.125+0300][254.164s][info ][gc] GC(3870) Pause Remark 199M->199M(247M) 11.193ms
[2020-01-29T22:00:26.125+0300][254.164s][info ][gc] GC(3870) Concurrent Sweep
[2020-01-29T22:00:26.128+0300][254.167s][info ][gc] GC(3871) Pause Young (Allocation Failure) 199M->199M(247M) 0.046ms
[2020-01-29T22:00:26.194+0300][254.233s][debug][gc] GC(3870) Concurrent active time: 68.722ms
[2020-01-29T22:00:26.194+0300][254.233s][info ][gc] GC(3870) Concurrent Sweep 68.971ms
[2020-01-29T22:00:26.194+0300][254.233s][debug][gc] GC(3872) Concurrent mode failure
[2020-01-29T22:00:26.287+0300][254.326s][info ][gc] GC(3872) Pause Full (Allocation Failure) 199M->70M(247M) 159.327ms
[2020-01-29T22:00:26.360+0300][254.398s][info ][gc] GC(3873) Pause Young (Allocation Failure) 136M->155M(247M) 54.033ms
[2020-01-29T22:00:26.370+0300][254.408s][info ][gc] GC(3874) Pause Initial Mark 174M->174M(247M) 8.842ms
[2020-01-29T22:00:26.370+0300][254.408s][info ][gc] GC(3874) Concurrent Mark
[2020-01-29T22:00:26.373+0300][254.411s][debug][gc] GC(3874) Concurrent active time: 2.661ms
[2020-01-29T22:00:26.373+0300][254.411s][info ][gc] GC(3874) Concurrent Mark 2.715ms
[2020-01-29T22:00:26.373+0300][254.411s][info ][gc] GC(3874) Concurrent Preclean
[2020-01-29T22:00:26.373+0300][254.411s][debug][gc] GC(3874) Concurrent active time: 0.161ms
[2020-01-29T22:00:26.373+0300][254.411s][info ][gc] GC(3874) Concurrent Preclean 0.191ms
[2020-01-29T22:00:26.373+0300][254.411s][info ][gc] GC(3874) Concurrent Abortable Preclean
[2020-01-29T22:00:26.373+0300][254.411s][debug][gc] GC(3874) Concurrent active time: 0.004ms
[2020-01-29T22:00:26.373+0300][254.411s][info ][gc] GC(3874) Concurrent Abortable Preclean 0.031ms
[2020-01-29T22:00:26.373+0300][254.411s][debug][gc] GC(3874) YG occupancy: 54488 K (78656 K)
[2020-01-29T22:00:26.384+0300][254.422s][info ][gc] GC(3874) Pause Remark 199M->199M(247M) 10.951ms
[2020-01-29T22:00:26.384+0300][254.422s][info ][gc] GC(3874) Concurrent Sweep
[2020-01-29T22:00:26.387+0300][254.425s][info ][gc] GC(3875) Pause Young (Allocation Failure) 199M->199M(247M) 0.043ms
[2020-01-29T22:00:26.451+0300][254.489s][debug][gc] GC(3874) Concurrent active time: 66.909ms
[2020-01-29T22:00:26.451+0300][254.489s][info ][gc] GC(3874) Concurrent Sweep 67.131ms
[2020-01-29T22:00:26.451+0300][254.489s][debug][gc] GC(3876) Concurrent mode failure
[2020-01-29T22:00:26.545+0300][254.584s][info ][gc] GC(3876) Pause Full (Allocation Failure) 199M->70M(247M) 158.871ms
[2020-01-29T22:00:26.619+0300][254.657s][info ][gc] GC(3877) Pause Young (Allocation Failure) 136M->155M(247M) 54.823ms
[2020-01-29T22:00:26.628+0300][254.667s][info ][gc] GC(3878) Pause Initial Mark 174M->174M(247M) 8.823ms
[2020-01-29T22:00:26.628+0300][254.667s][info ][gc] GC(3878) Concurrent Mark
[2020-01-29T22:00:26.630+0300][254.669s][debug][gc] GC(3878) Concurrent active time: 2.646ms
[2020-01-29T22:00:26.630+0300][254.669s][info ][gc] GC(3878) Concurrent Mark 2.698ms
[2020-01-29T22:00:26.630+0300][254.669s][info ][gc] GC(3878) Concurrent Preclean
[2020-01-29T22:00:26.631+0300][254.670s][debug][gc] GC(3878) Concurrent active time: 0.161ms
[2020-01-29T22:00:26.631+0300][254.670s][info ][gc] GC(3878) Concurrent Preclean 0.192ms
[2020-01-29T22:00:26.631+0300][254.670s][info ][gc] GC(3878) Concurrent Abortable Preclean
[2020-01-29T22:00:26.631+0300][254.670s][debug][gc] GC(3878) Concurrent active time: 0.003ms
[2020-01-29T22:00:26.631+0300][254.670s][info ][gc] GC(3878) Concurrent Abortable Preclean 0.030ms
[2020-01-29T22:00:26.631+0300][254.670s][debug][gc] GC(3878) YG occupancy: 54489 K (78656 K)
[2020-01-29T22:00:26.642+0300][254.681s][info ][gc] GC(3878) Pause Remark 199M->199M(247M) 10.945ms
[2020-01-29T22:00:26.642+0300][254.681s][info ][gc] GC(3878) Concurrent Sweep
[2020-01-29T22:00:26.645+0300][254.684s][info ][gc] GC(3879) Pause Young (Allocation Failure) 199M->199M(247M) 0.043ms
[2020-01-29T22:00:26.709+0300][254.748s][debug][gc] GC(3878) Concurrent active time: 67.316ms
[2020-01-29T22:00:26.709+0300][254.748s][info ][gc] GC(3878) Concurrent Sweep 67.549ms
[2020-01-29T22:00:26.709+0300][254.748s][debug][gc] GC(3880) Concurrent mode failure
[2020-01-29T22:00:26.804+0300][254.842s][info ][gc] GC(3880) Pause Full (Allocation Failure) 199M->70M(247M) 158.588ms
[2020-01-29T22:00:26.877+0300][254.915s][info ][gc] GC(3881) Pause Young (Allocation Failure) 136M->155M(247M) 54.205ms
[2020-01-29T22:00:26.887+0300][254.925s][info ][gc] GC(3882) Pause Initial Mark 174M->174M(247M) 8.820ms
[2020-01-29T22:00:26.887+0300][254.925s][info ][gc] GC(3882) Concurrent Mark
[2020-01-29T22:00:26.889+0300][254.928s][debug][gc] GC(3882) Concurrent active time: 2.648ms
[2020-01-29T22:00:26.889+0300][254.928s][info ][gc] GC(3882) Concurrent Mark 2.703ms
[2020-01-29T22:00:26.889+0300][254.928s][info ][gc] GC(3882) Concurrent Preclean
[2020-01-29T22:00:26.889+0300][254.928s][debug][gc] GC(3882) Concurrent active time: 0.156ms
[2020-01-29T22:00:26.889+0300][254.928s][info ][gc] GC(3882) Concurrent Preclean 0.186ms
[2020-01-29T22:00:26.890+0300][254.928s][info ][gc] GC(3882) Concurrent Abortable Preclean
[2020-01-29T22:00:26.890+0300][254.928s][debug][gc] GC(3882) Concurrent active time: 0.004ms
[2020-01-29T22:00:26.890+0300][254.928s][info ][gc] GC(3882) Concurrent Abortable Preclean 0.030ms
[2020-01-29T22:00:26.890+0300][254.928s][debug][gc] GC(3882) YG occupancy: 54476 K (78656 K)
[2020-01-29T22:00:26.901+0300][254.939s][info ][gc] GC(3882) Pause Remark 199M->199M(247M) 10.950ms
[2020-01-29T22:00:26.901+0300][254.939s][info ][gc] GC(3882) Concurrent Sweep
[2020-01-29T22:00:26.904+0300][254.942s][info ][gc] GC(3883) Pause Young (Allocation Failure) 199M->199M(247M) 0.043ms
[2020-01-29T22:00:26.969+0300][255.007s][debug][gc] GC(3882) Concurrent active time: 67.928ms
[2020-01-29T22:00:26.969+0300][255.007s][info ][gc] GC(3882) Concurrent Sweep 68.151ms
[2020-01-29T22:00:26.969+0300][255.007s][debug][gc] GC(3884) Concurrent mode failure
[2020-01-29T22:00:27.063+0300][255.101s][info ][gc] GC(3884) Pause Full (Allocation Failure) 199M->70M(247M) 159.486ms
[2020-01-29T22:00:27.150+0300][255.188s][info ][gc] GC(3885) Pause Young (Allocation Failure) 136M->155M(247M) 55.848ms
[2020-01-29T22:00:27.159+0300][255.198s][info ][gc] GC(3886) Pause Initial Mark 174M->174M(247M) 8.851ms
[2020-01-29T22:00:27.159+0300][255.198s][info ][gc] GC(3886) Concurrent Mark
[2020-01-29T22:00:27.162+0300][255.201s][debug][gc] GC(3886) Concurrent active time: 2.850ms
[2020-01-29T22:00:27.162+0300][255.201s][info ][gc] GC(3886) Concurrent Mark 2.935ms
[2020-01-29T22:00:27.162+0300][255.201s][info ][gc] GC(3886) Concurrent Preclean
[2020-01-29T22:00:27.163+0300][255.201s][debug][gc] GC(3886) Concurrent active time: 0.193ms
[2020-01-29T22:00:27.163+0300][255.201s][info ][gc] GC(3886) Concurrent Preclean 0.227ms
[2020-01-29T22:00:27.163+0300][255.201s][info ][gc] GC(3886) Concurrent Abortable Preclean
[2020-01-29T22:00:27.163+0300][255.201s][debug][gc] GC(3886) Concurrent active time: 0.005ms
[2020-01-29T22:00:27.163+0300][255.201s][info ][gc] GC(3886) Concurrent Abortable Preclean 0.032ms
[2020-01-29T22:00:27.163+0300][255.202s][debug][gc] GC(3886) YG occupancy: 54516 K (78656 K)
[2020-01-29T22:00:27.174+0300][255.213s][info ][gc] GC(3886) Pause Remark 199M->199M(247M) 11.064ms
[2020-01-29T22:00:27.174+0300][255.213s][info ][gc] GC(3886) Concurrent Sweep
[2020-01-29T22:00:27.177+0300][255.216s][info ][gc] GC(3887) Pause Young (Allocation Failure) 199M->199M(247M) 0.043ms
[2020-01-29T22:00:27.242+0300][255.281s][debug][gc] GC(3886) Concurrent active time: 67.865ms
[2020-01-29T22:00:27.242+0300][255.281s][info ][gc] GC(3886) Concurrent Sweep 68.109ms
[2020-01-29T22:00:27.242+0300][255.281s][debug][gc] GC(3888) Concurrent mode failure
[2020-01-29T22:00:27.337+0300][255.375s][info ][gc] GC(3888) Pause Full (Allocation Failure) 199M->70M(247M) 159.548ms
[2020-01-29T22:00:27.410+0300][255.448s][info ][gc] GC(3889) Pause Young (Allocation Failure) 136M->155M(247M) 53.925ms
[2020-01-29T22:00:27.419+0300][255.457s][info ][gc] GC(3890) Pause Initial Mark 174M->174M(247M) 8.837ms
[2020-01-29T22:00:27.419+0300][255.458s][info ][gc] GC(3890) Concurrent Mark
[2020-01-29T22:00:27.422+0300][255.460s][debug][gc] GC(3890) Concurrent active time: 2.642ms
[2020-01-29T22:00:27.422+0300][255.460s][info ][gc] GC(3890) Concurrent Mark 2.701ms
[2020-01-29T22:00:27.422+0300][255.460s][info ][gc] GC(3890) Concurrent Preclean
[2020-01-29T22:00:27.422+0300][255.461s][debug][gc] GC(3890) Concurrent active time: 0.161ms
[2020-01-29T22:00:27.422+0300][255.461s][info ][gc] GC(3890) Concurrent Preclean 0.192ms
[2020-01-29T22:00:27.422+0300][255.461s][info ][gc] GC(3890) Concurrent Abortable Preclean
[2020-01-29T22:00:27.422+0300][255.461s][debug][gc] GC(3890) Concurrent active time: 0.004ms
[2020-01-29T22:00:27.422+0300][255.461s][info ][gc] GC(3890) Concurrent Abortable Preclean 0.030ms
[2020-01-29T22:00:27.422+0300][255.461s][debug][gc] GC(3890) YG occupancy: 54487 K (78656 K)
[2020-01-29T22:00:27.433+0300][255.472s][info ][gc] GC(3890) Pause Remark 199M->199M(247M) 10.968ms
[2020-01-29T22:00:27.434+0300][255.472s][info ][gc] GC(3890) Concurrent Sweep
[2020-01-29T22:00:27.437+0300][255.475s][info ][gc] GC(3891) Pause Young (Allocation Failure) 199M->199M(247M) 0.042ms
[2020-01-29T22:00:27.500+0300][255.539s][debug][gc] GC(3890) Concurrent active time: 67.287ms
[2020-01-29T22:00:27.500+0300][255.539s][info ][gc] GC(3890) Concurrent Sweep 67.514ms
[2020-01-29T22:00:27.500+0300][255.539s][debug][gc] GC(3892) Concurrent mode failure
[2020-01-29T22:00:27.595+0300][255.634s][info ][gc] GC(3892) Pause Full (Allocation Failure) 199M->70M(247M) 159.042ms
[2020-01-29T22:00:27.668+0300][255.706s][info ][gc] GC(3893) Pause Young (Allocation Failure) 136M->155M(247M) 54.030ms
[2020-01-29T22:00:27.678+0300][255.716s][info ][gc] GC(3894) Pause Initial Mark 174M->174M(247M) 8.821ms
[2020-01-29T22:00:27.678+0300][255.716s][info ][gc] GC(3894) Concurrent Mark
[2020-01-29T22:00:27.681+0300][255.719s][debug][gc] GC(3894) Concurrent active time: 2.654ms
[2020-01-29T22:00:27.681+0300][255.719s][info ][gc] GC(3894) Concurrent Mark 2.705ms
[2020-01-29T22:00:27.681+0300][255.719s][info ][gc] GC(3894) Concurrent Preclean
[2020-01-29T22:00:27.681+0300][255.719s][debug][gc] GC(3894) Concurrent active time: 0.158ms
[2020-01-29T22:00:27.681+0300][255.719s][info ][gc] GC(3894) Concurrent Preclean 0.188ms
[2020-01-29T22:00:27.681+0300][255.719s][info ][gc] GC(3894) Concurrent Abortable Preclean
[2020-01-29T22:00:27.681+0300][255.719s][debug][gc] GC(3894) Concurrent active time: 0.003ms
[2020-01-29T22:00:27.681+0300][255.719s][info ][gc] GC(3894) Concurrent Abortable Preclean 0.038ms
[2020-01-29T22:00:27.681+0300][255.719s][debug][gc] GC(3894) YG occupancy: 54489 K (78656 K)
[2020-01-29T22:00:27.691+0300][255.730s][info ][gc] GC(3894) Pause Remark 199M->199M(247M) 10.936ms
[2020-01-29T22:00:27.691+0300][255.730s][info ][gc] GC(3894) Concurrent Sweep
[2020-01-29T22:00:27.694+0300][255.733s][info ][gc] GC(3895) Pause Young (Allocation Failure) 199M->199M(247M) 0.041ms
[2020-01-29T22:00:27.759+0300][255.797s][debug][gc] GC(3894) Concurrent active time: 67.220ms
[2020-01-29T22:00:27.759+0300][255.797s][info ][gc] GC(3894) Concurrent Sweep 67.443ms
[2020-01-29T22:00:27.759+0300][255.797s][debug][gc] GC(3896) Concurrent mode failure
[2020-01-29T22:00:27.853+0300][255.892s][info ][gc] GC(3896) Pause Full (Allocation Failure) 199M->70M(247M) 158.577ms
[2020-01-29T22:00:27.925+0300][255.963s][info ][gc] GC(3897) Pause Young (Allocation Failure) 136M->155M(247M) 53.423ms
[2020-01-29T22:00:27.935+0300][255.973s][info ][gc] GC(3898) Pause Initial Mark 174M->174M(247M) 8.821ms
[2020-01-29T22:00:27.935+0300][255.973s][info ][gc] GC(3898) Concurrent Mark
[2020-01-29T22:00:27.938+0300][255.976s][debug][gc] GC(3898) Concurrent active time: 2.668ms
[2020-01-29T22:00:27.938+0300][255.976s][info ][gc] GC(3898) Concurrent Mark 2.724ms
[2020-01-29T22:00:27.938+0300][255.976s][info ][gc] GC(3898) Concurrent Preclean
[2020-01-29T22:00:27.938+0300][255.976s][debug][gc] GC(3898) Concurrent active time: 0.158ms
[2020-01-29T22:00:27.938+0300][255.976s][info ][gc] GC(3898) Concurrent Preclean 0.189ms
[2020-01-29T22:00:27.938+0300][255.976s][info ][gc] GC(3898) Concurrent Abortable Preclean
[2020-01-29T22:00:27.938+0300][255.976s][debug][gc] GC(3898) Concurrent active time: 0.004ms
[2020-01-29T22:00:27.938+0300][255.976s][info ][gc] GC(3898) Concurrent Abortable Preclean 0.031ms
[2020-01-29T22:00:27.938+0300][255.976s][debug][gc] GC(3898) YG occupancy: 54476 K (78656 K)
[2020-01-29T22:00:27.949+0300][255.987s][info ][gc] GC(3898) Pause Remark 199M->199M(247M) 10.955ms
[2020-01-29T22:00:27.949+0300][255.987s][info ][gc] GC(3898) Concurrent Sweep
[2020-01-29T22:00:27.952+0300][255.990s][info ][gc] GC(3899) Pause Young (Allocation Failure) 199M->199M(247M) 0.041ms
[2020-01-29T22:00:28.016+0300][256.054s][debug][gc] GC(3898) Concurrent active time: 66.878ms
[2020-01-29T22:00:28.016+0300][256.054s][info ][gc] GC(3898) Concurrent Sweep 67.098ms
[2020-01-29T22:00:28.016+0300][256.054s][debug][gc] GC(3900) Concurrent mode failure
[2020-01-29T22:00:28.109+0300][256.148s][info ][gc] GC(3900) Pause Full (Allocation Failure) 199M->70M(247M) 157.874ms
[2020-01-29T22:00:28.183+0300][256.221s][info ][gc] GC(3901) Pause Young (Allocation Failure) 136M->155M(247M) 55.576ms
[2020-01-29T22:00:28.193+0300][256.231s][info ][gc] GC(3902) Pause Initial Mark 174M->174M(247M) 8.821ms
[2020-01-29T22:00:28.193+0300][256.231s][info ][gc] GC(3902) Concurrent Mark
[2020-01-29T22:00:28.196+0300][256.234s][debug][gc] GC(3902) Concurrent active time: 2.826ms
[2020-01-29T22:00:28.196+0300][256.234s][info ][gc] GC(3902) Concurrent Mark 2.893ms
[2020-01-29T22:00:28.196+0300][256.234s][info ][gc] GC(3902) Concurrent Preclean
[2020-01-29T22:00:28.196+0300][256.234s][debug][gc] GC(3902) Concurrent active time: 0.195ms
[2020-01-29T22:00:28.196+0300][256.234s][info ][gc] GC(3902) Concurrent Preclean 0.233ms
[2020-01-29T22:00:28.196+0300][256.234s][info ][gc] GC(3902) Concurrent Abortable Preclean
[2020-01-29T22:00:28.196+0300][256.234s][debug][gc] GC(3902) Concurrent active time: 0.005ms
[2020-01-29T22:00:28.196+0300][256.234s][info ][gc] GC(3902) Concurrent Abortable Preclean 0.032ms
[2020-01-29T22:00:28.196+0300][256.234s][debug][gc] GC(3902) YG occupancy: 53136 K (78656 K)
[2020-01-29T22:00:28.208+0300][256.246s][info ][gc] GC(3902) Pause Remark 198M->198M(247M) 11.735ms
[2020-01-29T22:00:28.208+0300][256.246s][info ][gc] GC(3902) Concurrent Sweep
[2020-01-29T22:00:28.211+0300][256.249s][info ][gc] GC(3903) Pause Young (Allocation Failure) 198M->198M(247M) 0.045ms
[2020-01-29T22:00:28.277+0300][256.315s][debug][gc] GC(3902) Concurrent active time: 68.915ms
[2020-01-29T22:00:28.277+0300][256.315s][info ][gc] GC(3902) Concurrent Sweep 69.161ms
[2020-01-29T22:00:28.277+0300][256.315s][debug][gc] GC(3904) Concurrent mode failure
[2020-01-29T22:00:28.370+0300][256.408s][info ][gc] GC(3904) Pause Full (Allocation Failure) 198M->70M(247M) 159.012ms
[2020-01-29T22:00:28.442+0300][256.481s][info ][gc] GC(3905) Pause Young (Allocation Failure) 136M->155M(247M) 54.057ms
[2020-01-29T22:00:28.452+0300][256.491s][info ][gc] GC(3906) Pause Initial Mark 174M->174M(247M) 8.848ms
[2020-01-29T22:00:28.452+0300][256.491s][info ][gc] GC(3906) Concurrent Mark
[2020-01-29T22:00:28.455+0300][256.494s][debug][gc] GC(3906) Concurrent active time: 2.698ms
[2020-01-29T22:00:28.455+0300][256.494s][info ][gc] GC(3906) Concurrent Mark 2.759ms
[2020-01-29T22:00:28.455+0300][256.494s][info ][gc] GC(3906) Concurrent Preclean
[2020-01-29T22:00:28.455+0300][256.494s][debug][gc] GC(3906) Concurrent active time: 0.163ms
[2020-01-29T22:00:28.455+0300][256.494s][info ][gc] GC(3906) Concurrent Preclean 0.195ms
[2020-01-29T22:00:28.455+0300][256.494s][info ][gc] GC(3906) Concurrent Abortable Preclean
[2020-01-29T22:00:28.455+0300][256.494s][debug][gc] GC(3906) Concurrent active time: 0.004ms
[2020-01-29T22:00:28.455+0300][256.494s][info ][gc] GC(3906) Concurrent Abortable Preclean 0.031ms
[2020-01-29T22:00:28.455+0300][256.494s][debug][gc] GC(3906) YG occupancy: 54487 K (78656 K)
[2020-01-29T22:00:28.466+0300][256.505s][info ][gc] GC(3906) Pause Remark 199M->199M(247M) 10.989ms
[2020-01-29T22:00:28.466+0300][256.505s][info ][gc] GC(3906) Concurrent Sweep
[2020-01-29T22:00:28.469+0300][256.508s][info ][gc] GC(3907) Pause Young (Allocation Failure) 199M->199M(247M) 0.042ms
[2020-01-29T22:00:28.535+0300][256.574s][debug][gc] GC(3906) Concurrent active time: 68.653ms
[2020-01-29T22:00:28.535+0300][256.574s][info ][gc] GC(3906) Concurrent Sweep 68.881ms
[2020-01-29T22:00:28.535+0300][256.574s][debug][gc] GC(3908) Concurrent mode failure
[2020-01-29T22:00:28.630+0300][256.668s][info ][gc] GC(3908) Pause Full (Allocation Failure) 199M->70M(247M) 159.754ms
[2020-01-29T22:00:28.702+0300][256.740s][info ][gc] GC(3909) Pause Young (Allocation Failure) 136M->155M(247M) 54.145ms
[2020-01-29T22:00:28.712+0300][256.750s][info ][gc] GC(3910) Pause Initial Mark 174M->174M(247M) 8.827ms
[2020-01-29T22:00:28.712+0300][256.750s][info ][gc] GC(3910) Concurrent Mark
[2020-01-29T22:00:28.714+0300][256.753s][debug][gc] GC(3910) Concurrent active time: 2.654ms
[2020-01-29T22:00:28.714+0300][256.753s][info ][gc] GC(3910) Concurrent Mark 2.710ms
[2020-01-29T22:00:28.714+0300][256.753s][info ][gc] GC(3910) Concurrent Preclean
[2020-01-29T22:00:28.715+0300][256.753s][debug][gc] GC(3910) Concurrent active time: 0.162ms
[2020-01-29T22:00:28.715+0300][256.753s][info ][gc] GC(3910) Concurrent Preclean 0.193ms
[2020-01-29T22:00:28.715+0300][256.753s][info ][gc] GC(3910) Concurrent Abortable Preclean
[2020-01-29T22:00:28.715+0300][256.753s][debug][gc] GC(3910) Concurrent active time: 0.004ms
[2020-01-29T22:00:28.715+0300][256.753s][info ][gc] GC(3910) Concurrent Abortable Preclean 0.030ms
[2020-01-29T22:00:28.715+0300][256.753s][debug][gc] GC(3910) YG occupancy: 54488 K (78656 K)
[2020-01-29T22:00:28.726+0300][256.764s][info ][gc] GC(3910) Pause Remark 199M->199M(247M) 10.973ms
[2020-01-29T22:00:28.726+0300][256.764s][info ][gc] GC(3910) Concurrent Sweep
[2020-01-29T22:00:28.729+0300][256.767s][info ][gc] GC(3911) Pause Young (Allocation Failure) 199M->199M(247M) 0.042ms
[2020-01-29T22:00:28.794+0300][256.832s][debug][gc] GC(3910) Concurrent active time: 67.482ms
[2020-01-29T22:00:28.794+0300][256.832s][info ][gc] GC(3910) Concurrent Sweep 67.705ms
[2020-01-29T22:00:28.794+0300][256.832s][debug][gc] GC(3912) Concurrent mode failure
[2020-01-29T22:00:28.886+0300][256.925s][info ][gc] GC(3912) Pause Full (Allocation Failure) 199M->70M(247M) 157.710ms
[2020-01-29T22:00:28.959+0300][256.998s][info ][gc] GC(3913) Pause Young (Allocation Failure) 136M->155M(247M) 54.488ms
[2020-01-29T22:00:28.969+0300][257.007s][info ][gc] GC(3914) Pause Initial Mark 174M->174M(247M) 8.821ms
[2020-01-29T22:00:28.969+0300][257.007s][info ][gc] GC(3914) Concurrent Mark
[2020-01-29T22:00:28.972+0300][257.010s][debug][gc] GC(3914) Concurrent active time: 2.652ms
[2020-01-29T22:00:28.972+0300][257.010s][info ][gc] GC(3914) Concurrent Mark 2.707ms
[2020-01-29T22:00:28.972+0300][257.010s][info ][gc] GC(3914) Concurrent Preclean
[2020-01-29T22:00:28.972+0300][257.010s][debug][gc] GC(3914) Concurrent active time: 0.159ms
[2020-01-29T22:00:28.972+0300][257.010s][info ][gc] GC(3914) Concurrent Preclean 0.191ms
[2020-01-29T22:00:28.972+0300][257.010s][info ][gc] GC(3914) Concurrent Abortable Preclean
[2020-01-29T22:00:28.972+0300][257.010s][debug][gc] GC(3914) Concurrent active time: 0.004ms
[2020-01-29T22:00:28.972+0300][257.010s][info ][gc] GC(3914) Concurrent Abortable Preclean 0.031ms
[2020-01-29T22:00:28.972+0300][257.010s][debug][gc] GC(3914) YG occupancy: 54475 K (78656 K)
[2020-01-29T22:00:28.983+0300][257.021s][info ][gc] GC(3914) Pause Remark 199M->199M(247M) 10.941ms
[2020-01-29T22:00:28.983+0300][257.021s][info ][gc] GC(3914) Concurrent Sweep
[2020-01-29T22:00:28.986+0300][257.024s][info ][gc] GC(3915) Pause Young (Allocation Failure) 199M->199M(247M) 0.041ms
[2020-01-29T22:00:29.050+0300][257.089s][debug][gc] GC(3914) Concurrent active time: 67.132ms
[2020-01-29T22:00:29.050+0300][257.089s][info ][gc] GC(3914) Concurrent Sweep 67.352ms
[2020-01-29T22:00:29.050+0300][257.089s][debug][gc] GC(3916) Concurrent mode failure
[2020-01-29T22:00:29.145+0300][257.183s][info ][gc] GC(3916) Pause Full (Allocation Failure) 199M->70M(247M) 158.939ms
[2020-01-29T22:00:29.237+0300][257.276s][info ][gc] GC(3917) Pause Young (Allocation Failure) 136M->155M(247M) 74.596ms
[2020-01-29T22:00:29.247+0300][257.286s][info ][gc] GC(3918) Pause Initial Mark 174M->174M(247M) 8.816ms
[2020-01-29T22:00:29.247+0300][257.286s][info ][gc] GC(3918) Concurrent Mark
[2020-01-29T22:00:29.250+0300][257.288s][debug][gc] GC(3918) Concurrent active time: 2.644ms
[2020-01-29T22:00:29.250+0300][257.288s][info ][gc] GC(3918) Concurrent Mark 2.697ms
[2020-01-29T22:00:29.250+0300][257.289s][info ][gc] GC(3918) Concurrent Preclean
[2020-01-29T22:00:29.250+0300][257.289s][debug][gc] GC(3918) Concurrent active time: 0.158ms
[2020-01-29T22:00:29.250+0300][257.289s][info ][gc] GC(3918) Concurrent Preclean 0.188ms
[2020-01-29T22:00:29.250+0300][257.289s][info ][gc] GC(3918) Concurrent Abortable Preclean
[2020-01-29T22:00:29.250+0300][257.289s][debug][gc] GC(3918) Concurrent active time: 0.003ms
[2020-01-29T22:00:29.250+0300][257.289s][info ][gc] GC(3918) Concurrent Abortable Preclean 0.029ms
[2020-01-29T22:00:29.250+0300][257.289s][debug][gc] GC(3918) YG occupancy: 54479 K (78656 K)
[2020-01-29T22:00:29.261+0300][257.300s][info ][gc] GC(3918) Pause Remark 199M->199M(247M) 10.961ms
[2020-01-29T22:00:29.261+0300][257.300s][info ][gc] GC(3918) Concurrent Sweep
[2020-01-29T22:00:29.264+0300][257.303s][info ][gc] GC(3919) Pause Young (Allocation Failure) 199M->199M(247M) 0.042ms
[2020-01-29T22:00:29.330+0300][257.369s][debug][gc] GC(3918) Concurrent active time: 68.763ms
[2020-01-29T22:00:29.330+0300][257.369s][info ][gc] GC(3918) Concurrent Sweep 68.992ms
[2020-01-29T22:00:29.330+0300][257.369s][debug][gc] GC(3920) Concurrent mode failure
[2020-01-29T22:00:29.425+0300][257.464s][info ][gc] GC(3920) Pause Full (Allocation Failure) 199M->70M(247M) 160.945ms
[2020-01-29T22:00:29.499+0300][257.537s][info ][gc] GC(3921) Pause Young (Allocation Failure) 136M->155M(247M) 55.153ms
[2020-01-29T22:00:29.509+0300][257.547s][info ][gc] GC(3922) Pause Initial Mark 174M->174M(247M) 8.840ms
[2020-01-29T22:00:29.509+0300][257.547s][info ][gc] GC(3922) Concurrent Mark
[2020-01-29T22:00:29.511+0300][257.549s][debug][gc] GC(3922) Concurrent active time: 2.676ms
[2020-01-29T22:00:29.511+0300][257.549s][info ][gc] GC(3922) Concurrent Mark 2.738ms
[2020-01-29T22:00:29.511+0300][257.549s][info ][gc] GC(3922) Concurrent Preclean
[2020-01-29T22:00:29.512+0300][257.550s][debug][gc] GC(3922) Concurrent active time: 0.166ms
[2020-01-29T22:00:29.512+0300][257.550s][info ][gc] GC(3922) Concurrent Preclean 0.195ms
[2020-01-29T22:00:29.512+0300][257.550s][info ][gc] GC(3922) Concurrent Abortable Preclean
[2020-01-29T22:00:29.512+0300][257.550s][debug][gc] GC(3922) Concurrent active time: 0.004ms
[2020-01-29T22:00:29.512+0300][257.550s][info ][gc] GC(3922) Concurrent Abortable Preclean 0.030ms
[2020-01-29T22:00:29.512+0300][257.550s][debug][gc] GC(3922) YG occupancy: 54485 K (78656 K)
[2020-01-29T22:00:29.523+0300][257.561s][info ][gc] GC(3922) Pause Remark 199M->199M(247M) 10.938ms
[2020-01-29T22:00:29.523+0300][257.561s][info ][gc] GC(3922) Concurrent Sweep
[2020-01-29T22:00:29.526+0300][257.564s][info ][gc] GC(3923) Pause Young (Allocation Failure) 199M->199M(247M) 0.040ms
[2020-01-29T22:00:29.591+0300][257.630s][debug][gc] GC(3922) Concurrent active time: 68.828ms
[2020-01-29T22:00:29.591+0300][257.630s][info ][gc] GC(3922) Concurrent Sweep 69.051ms
[2020-01-29T22:00:29.591+0300][257.630s][debug][gc] GC(3924) Concurrent mode failure
[2020-01-29T22:00:29.685+0300][257.724s][info ][gc] GC(3924) Pause Full (Allocation Failure) 199M->70M(247M) 160.205ms
[2020-01-29T22:00:29.758+0300][257.797s][info ][gc] GC(3925) Pause Young (Allocation Failure) 136M->155M(247M) 54.577ms
[2020-01-29T22:00:29.768+0300][257.807s][info ][gc] GC(3926) Pause Initial Mark 174M->174M(247M) 8.830ms
[2020-01-29T22:00:29.768+0300][257.807s][info ][gc] GC(3926) Concurrent Mark
[2020-01-29T22:00:29.771+0300][257.810s][debug][gc] GC(3926) Concurrent active time: 2.796ms
[2020-01-29T22:00:29.771+0300][257.810s][info ][gc] GC(3926) Concurrent Mark 3.001ms
[2020-01-29T22:00:29.771+0300][257.810s][info ][gc] GC(3926) Concurrent Preclean
[2020-01-29T22:00:29.771+0300][257.810s][debug][gc] GC(3926) Concurrent active time: 0.173ms
[2020-01-29T22:00:29.771+0300][257.810s][info ][gc] GC(3926) Concurrent Preclean 0.203ms
[2020-01-29T22:00:29.771+0300][257.810s][info ][gc] GC(3926) Concurrent Abortable Preclean
[2020-01-29T22:00:29.771+0300][257.810s][debug][gc] GC(3926) Concurrent active time: 0.004ms
[2020-01-29T22:00:29.771+0300][257.810s][info ][gc] GC(3926) Concurrent Abortable Preclean 0.030ms
[2020-01-29T22:00:29.771+0300][257.810s][debug][gc] GC(3926) YG occupancy: 54606 K (78656 K)
[2020-01-29T22:00:29.782+0300][257.821s][info ][gc] GC(3926) Pause Remark 199M->199M(247M) 10.982ms
[2020-01-29T22:00:29.782+0300][257.821s][info ][gc] GC(3926) Concurrent Sweep
[2020-01-29T22:00:29.785+0300][257.824s][info ][gc] GC(3927) Pause Young (Allocation Failure) 199M->199M(247M) 0.042ms
[2020-01-29T22:00:29.851+0300][257.889s][debug][gc] GC(3926) Concurrent active time: 68.229ms
[2020-01-29T22:00:29.851+0300][257.889s][info ][gc] GC(3926) Concurrent Sweep 68.450ms
[2020-01-29T22:00:29.851+0300][257.889s][debug][gc] GC(3928) Concurrent mode failure
[2020-01-29T22:00:29.945+0300][257.984s][info ][gc] GC(3928) Pause Full (Allocation Failure) 199M->70M(247M) 159.553ms
[2020-01-29T22:00:30.019+0300][258.057s][info ][gc] GC(3929) Pause Young (Allocation Failure) 136M->155M(247M) 54.960ms
[2020-01-29T22:00:30.028+0300][258.067s][info ][gc] GC(3930) Pause Initial Mark 174M->174M(247M) 8.817ms
[2020-01-29T22:00:30.028+0300][258.067s][info ][gc] GC(3930) Concurrent Mark
[2020-01-29T22:00:30.031+0300][258.069s][debug][gc] GC(3930) Concurrent active time: 2.640ms
[2020-01-29T22:00:30.031+0300][258.069s][info ][gc] GC(3930) Concurrent Mark 2.696ms
[2020-01-29T22:00:30.031+0300][258.069s][info ][gc] GC(3930) Concurrent Preclean
[2020-01-29T22:00:30.031+0300][258.070s][debug][gc] GC(3930) Concurrent active time: 0.159ms
[2020-01-29T22:00:30.031+0300][258.070s][info ][gc] GC(3930) Concurrent Preclean 0.188ms
[2020-01-29T22:00:30.031+0300][258.070s][info ][gc] GC(3930) Concurrent Abortable Preclean
[2020-01-29T22:00:30.031+0300][258.070s][debug][gc] GC(3930) Concurrent active time: 0.003ms
[2020-01-29T22:00:30.031+0300][258.070s][info ][gc] GC(3930) Concurrent Abortable Preclean 0.037ms
[2020-01-29T22:00:30.031+0300][258.070s][debug][gc] GC(3930) YG occupancy: 54488 K (78656 K)
[2020-01-29T22:00:30.042+0300][258.081s][info ][gc] GC(3930) Pause Remark 199M->199M(247M) 10.928ms
[2020-01-29T22:00:30.042+0300][258.081s][info ][gc] GC(3930) Concurrent Sweep
[2020-01-29T22:00:30.045+0300][258.084s][info ][gc] GC(3931) Pause Young (Allocation Failure) 199M->199M(247M) 0.042ms
[2020-01-29T22:00:30.110+0300][258.149s][debug][gc] GC(3930) Concurrent active time: 68.067ms
[2020-01-29T22:00:30.110+0300][258.149s][info ][gc] GC(3930) Concurrent Sweep 68.288ms
[2020-01-29T22:00:30.110+0300][258.149s][debug][gc] GC(3932) Concurrent mode failure
[2020-01-29T22:00:30.204+0300][258.243s][info ][gc] GC(3932) Pause Full (Allocation Failure) 199M->70M(247M) 159.281ms
[2020-01-29T22:00:30.279+0300][258.317s][info ][gc] GC(3933) Pause Young (Allocation Failure) 136M->155M(247M) 54.991ms
[2020-01-29T22:00:30.288+0300][258.327s][info ][gc] GC(3934) Pause Initial Mark 174M->174M(247M) 8.822ms
[2020-01-29T22:00:30.288+0300][258.327s][info ][gc] GC(3934) Concurrent Mark
[2020-01-29T22:00:30.291+0300][258.330s][debug][gc] GC(3934) Concurrent active time: 2.644ms
[2020-01-29T22:00:30.291+0300][258.330s][info ][gc] GC(3934) Concurrent Mark 2.696ms
[2020-01-29T22:00:30.291+0300][258.330s][info ][gc] GC(3934) Concurrent Preclean
[2020-01-29T22:00:30.291+0300][258.330s][debug][gc] GC(3934) Concurrent active time: 0.157ms
[2020-01-29T22:00:30.291+0300][258.330s][info ][gc] GC(3934) Concurrent Preclean 0.187ms
[2020-01-29T22:00:30.291+0300][258.330s][info ][gc] GC(3934) Concurrent Abortable Preclean
[2020-01-29T22:00:30.291+0300][258.330s][debug][gc] GC(3934) Concurrent active time: 0.003ms
[2020-01-29T22:00:30.291+0300][258.330s][info ][gc] GC(3934) Concurrent Abortable Preclean 0.030ms
[2020-01-29T22:00:30.291+0300][258.330s][debug][gc] GC(3934) YG occupancy: 54484 K (78656 K)
[2020-01-29T22:00:30.303+0300][258.341s][info ][gc] GC(3934) Pause Remark 199M->199M(247M) 11.194ms
[2020-01-29T22:00:30.303+0300][258.341s][info ][gc] GC(3934) Concurrent Sweep
[2020-01-29T22:00:30.306+0300][258.344s][info ][gc] GC(3935) Pause Young (Allocation Failure) 199M->199M(247M) 0.046ms
[2020-01-29T22:00:30.372+0300][258.410s][debug][gc] GC(3934) Concurrent active time: 68.542ms
[2020-01-29T22:00:30.372+0300][258.410s][info ][gc] GC(3934) Concurrent Sweep 68.792ms
[2020-01-29T22:00:30.372+0300][258.410s][debug][gc] GC(3936) Concurrent mode failure
[2020-01-29T22:00:30.466+0300][258.504s][info ][gc] GC(3936) Pause Full (Allocation Failure) 199M->70M(247M) 159.395ms
[2020-01-29T22:00:30.543+0300][258.581s][info ][gc] GC(3937) Pause Young (Allocation Failure) 136M->155M(247M) 58.817ms
[2020-01-29T22:00:30.552+0300][258.591s][info ][gc] GC(3938) Pause Initial Mark 174M->174M(247M) 8.865ms
[2020-01-29T22:00:30.553+0300][258.591s][info ][gc] GC(3938) Concurrent Mark
[2020-01-29T22:00:30.555+0300][258.594s][debug][gc] GC(3938) Concurrent active time: 2.689ms
[2020-01-29T22:00:30.555+0300][258.594s][info ][gc] GC(3938) Concurrent Mark 2.750ms
[2020-01-29T22:00:30.555+0300][258.594s][info ][gc] GC(3938) Concurrent Preclean
[2020-01-29T22:00:30.555+0300][258.594s][debug][gc] GC(3938) Concurrent active time: 0.163ms
[2020-01-29T22:00:30.555+0300][258.594s][info ][gc] GC(3938) Concurrent Preclean 0.194ms
[2020-01-29T22:00:30.555+0300][258.594s][info ][gc] GC(3938) Concurrent Abortable Preclean
[2020-01-29T22:00:30.556+0300][258.594s][debug][gc] GC(3938) Concurrent active time: 0.005ms
[2020-01-29T22:00:30.556+0300][258.594s][info ][gc] GC(3938) Concurrent Abortable Preclean 0.032ms
[2020-01-29T22:00:30.556+0300][258.594s][debug][gc] GC(3938) YG occupancy: 54489 K (78656 K)
[2020-01-29T22:00:30.567+0300][258.605s][info ][gc] GC(3938) Pause Remark 199M->199M(247M) 10.995ms
[2020-01-29T22:00:30.567+0300][258.606s][info ][gc] GC(3938) Concurrent Sweep
[2020-01-29T22:00:30.570+0300][258.609s][info ][gc] GC(3939) Pause Young (Allocation Failure) 199M->199M(247M) 0.043ms
[2020-01-29T22:00:30.635+0300][258.673s][debug][gc] GC(3938) Concurrent active time: 67.657ms
[2020-01-29T22:00:30.635+0300][258.673s][info ][gc] GC(3938) Concurrent Sweep 67.918ms
[2020-01-29T22:00:30.635+0300][258.673s][debug][gc] GC(3940) Concurrent mode failure
[2020-01-29T22:00:30.729+0300][258.767s][info ][gc] GC(3940) Pause Full (Allocation Failure) 199M->70M(247M) 158.804ms
[2020-01-29T22:00:30.802+0300][258.841s][info ][gc] GC(3941) Pause Young (Allocation Failure) 136M->155M(247M) 54.592ms
[2020-01-29T22:00:30.812+0300][258.850s][info ][gc] GC(3942) Pause Initial Mark 174M->174M(247M) 8.825ms
[2020-01-29T22:00:30.812+0300][258.850s][info ][gc] GC(3942) Concurrent Mark
[2020-01-29T22:00:30.815+0300][258.853s][debug][gc] GC(3942) Concurrent active time: 2.721ms
[2020-01-29T22:00:30.815+0300][258.853s][info ][gc] GC(3942) Concurrent Mark 2.781ms
[2020-01-29T22:00:30.815+0300][258.853s][info ][gc] GC(3942) Concurrent Preclean
[2020-01-29T22:00:30.815+0300][258.853s][debug][gc] GC(3942) Concurrent active time: 0.168ms
[2020-01-29T22:00:30.815+0300][258.853s][info ][gc] GC(3942) Concurrent Preclean 0.199ms
[2020-01-29T22:00:30.815+0300][258.853s][info ][gc] GC(3942) Concurrent Abortable Preclean
[2020-01-29T22:00:30.815+0300][258.853s][debug][gc] GC(3942) Concurrent active time: 0.004ms
[2020-01-29T22:00:30.815+0300][258.853s][info ][gc] GC(3942) Concurrent Abortable Preclean 0.031ms
[2020-01-29T22:00:30.815+0300][258.853s][debug][gc] GC(3942) YG occupancy: 54531 K (78656 K)
[2020-01-29T22:00:30.826+0300][258.864s][info ][gc] GC(3942) Pause Remark 199M->199M(247M) 10.982ms
[2020-01-29T22:00:30.826+0300][258.864s][info ][gc] GC(3942) Concurrent Sweep
[2020-01-29T22:00:30.829+0300][258.867s][info ][gc] GC(3943) Pause Young (Allocation Failure) 199M->199M(247M) 0.040ms
[2020-01-29T22:00:30.893+0300][258.932s][debug][gc] GC(3942) Concurrent active time: 67.764ms
[2020-01-29T22:00:30.893+0300][258.932s][info ][gc] GC(3942) Concurrent Sweep 67.986ms
[2020-01-29T22:00:30.894+0300][258.932s][debug][gc] GC(3944) Concurrent mode failure
[2020-01-29T22:00:30.987+0300][259.026s][info ][gc] GC(3944) Pause Full (Allocation Failure) 199M->70M(247M) 158.346ms
[2020-01-29T22:00:31.060+0300][259.098s][info ][gc] GC(3945) Pause Young (Allocation Failure) 136M->155M(247M) 53.977ms
[2020-01-29T22:00:31.070+0300][259.108s][info ][gc] GC(3946) Pause Initial Mark 174M->174M(247M) 8.835ms
[2020-01-29T22:00:31.070+0300][259.108s][info ][gc] GC(3946) Concurrent Mark
[2020-01-29T22:00:31.073+0300][259.111s][debug][gc] GC(3946) Concurrent active time: 2.661ms
[2020-01-29T22:00:31.073+0300][259.111s][info ][gc] GC(3946) Concurrent Mark 2.716ms
[2020-01-29T22:00:31.073+0300][259.111s][info ][gc] GC(3946) Concurrent Preclean
[2020-01-29T22:00:31.073+0300][259.111s][debug][gc] GC(3946) Concurrent active time: 0.161ms
[2020-01-29T22:00:31.073+0300][259.111s][info ][gc] GC(3946) Concurrent Preclean 0.191ms
[2020-01-29T22:00:31.073+0300][259.111s][info ][gc] GC(3946) Concurrent Abortable Preclean
[2020-01-29T22:00:31.073+0300][259.111s][debug][gc] GC(3946) Concurrent active time: 0.004ms
[2020-01-29T22:00:31.073+0300][259.111s][info ][gc] GC(3946) Concurrent Abortable Preclean 0.030ms
[2020-01-29T22:00:31.073+0300][259.111s][debug][gc] GC(3946) YG occupancy: 54487 K (78656 K)
[2020-01-29T22:00:31.083+0300][259.122s][info ][gc] GC(3946) Pause Remark 199M->199M(247M) 10.996ms
[2020-01-29T22:00:31.083+0300][259.122s][info ][gc] GC(3946) Concurrent Sweep
[2020-01-29T22:00:31.086+0300][259.125s][info ][gc] GC(3947) Pause Young (Allocation Failure) 199M->199M(247M) 0.041ms
[2020-01-29T22:00:31.151+0300][259.190s][debug][gc] GC(3946) Concurrent active time: 67.579ms
[2020-01-29T22:00:31.151+0300][259.190s][info ][gc] GC(3946) Concurrent Sweep 67.821ms
[2020-01-29T22:00:31.151+0300][259.190s][debug][gc] GC(3948) Concurrent mode failure
[2020-01-29T22:00:31.246+0300][259.284s][info ][gc] GC(3948) Pause Full (Allocation Failure) 199M->70M(247M) 159.465ms
[2020-01-29T22:00:31.322+0300][259.360s][info ][gc] GC(3949) Pause Young (Allocation Failure) 136M->155M(247M) 57.355ms
[2020-01-29T22:00:31.332+0300][259.370s][info ][gc] GC(3950) Pause Initial Mark 174M->174M(247M) 8.813ms
[2020-01-29T22:00:31.332+0300][259.370s][info ][gc] GC(3950) Concurrent Mark
[2020-01-29T22:00:31.334+0300][259.373s][debug][gc] GC(3950) Concurrent active time: 2.639ms
[2020-01-29T22:00:31.334+0300][259.373s][info ][gc] GC(3950) Concurrent Mark 2.690ms
[2020-01-29T22:00:31.334+0300][259.373s][info ][gc] GC(3950) Concurrent Preclean
[2020-01-29T22:00:31.335+0300][259.373s][debug][gc] GC(3950) Concurrent active time: 0.158ms
[2020-01-29T22:00:31.335+0300][259.373s][info ][gc] GC(3950) Concurrent Preclean 0.189ms
[2020-01-29T22:00:31.335+0300][259.373s][info ][gc] GC(3950) Concurrent Abortable Preclean
[2020-01-29T22:00:31.335+0300][259.373s][debug][gc] GC(3950) Concurrent active time: 0.004ms
[2020-01-29T22:00:31.335+0300][259.373s][info ][gc] GC(3950) Concurrent Abortable Preclean 0.030ms
[2020-01-29T22:00:31.335+0300][259.373s][debug][gc] GC(3950) YG occupancy: 54484 K (78656 K)
[2020-01-29T22:00:31.346+0300][259.384s][info ][gc] GC(3950) Pause Remark 199M->199M(247M) 10.949ms
[2020-01-29T22:00:31.346+0300][259.384s][info ][gc] GC(3950) Concurrent Sweep
[2020-01-29T22:00:31.349+0300][259.387s][info ][gc] GC(3951) Pause Young (Allocation Failure) 199M->199M(247M) 0.039ms
[2020-01-29T22:00:31.414+0300][259.452s][debug][gc] GC(3950) Concurrent active time: 68.112ms
[2020-01-29T22:00:31.414+0300][259.452s][info ][gc] GC(3950) Concurrent Sweep 68.331ms
[2020-01-29T22:00:31.414+0300][259.452s][debug][gc] GC(3952) Concurrent mode failure
[2020-01-29T22:00:31.508+0300][259.547s][info ][gc] GC(3952) Pause Full (Allocation Failure) 199M->70M(247M) 159.718ms
[2020-01-29T22:00:31.582+0300][259.620s][info ][gc] GC(3953) Pause Young (Allocation Failure) 136M->155M(247M) 55.084ms
[2020-01-29T22:00:31.592+0300][259.630s][info ][gc] GC(3954) Pause Initial Mark 174M->174M(247M) 8.839ms
[2020-01-29T22:00:31.592+0300][259.630s][info ][gc] GC(3954) Concurrent Mark
[2020-01-29T22:00:31.595+0300][259.633s][debug][gc] GC(3954) Concurrent active time: 2.653ms
[2020-01-29T22:00:31.595+0300][259.633s][info ][gc] GC(3954) Concurrent Mark 2.707ms
[2020-01-29T22:00:31.595+0300][259.633s][info ][gc] GC(3954) Concurrent Preclean
[2020-01-29T22:00:31.595+0300][259.633s][debug][gc] GC(3954) Concurrent active time: 0.159ms
[2020-01-29T22:00:31.595+0300][259.633s][info ][gc] GC(3954) Concurrent Preclean 0.190ms
[2020-01-29T22:00:31.595+0300][259.633s][info ][gc] GC(3954) Concurrent Abortable Preclean
[2020-01-29T22:00:31.595+0300][259.633s][debug][gc] GC(3954) Concurrent active time: 0.004ms
[2020-01-29T22:00:31.595+0300][259.633s][info ][gc] GC(3954) Concurrent Abortable Preclean 0.030ms
[2020-01-29T22:00:31.595+0300][259.633s][debug][gc] GC(3954) YG occupancy: 54487 K (78656 K)
[2020-01-29T22:00:31.606+0300][259.644s][info ][gc] GC(3954) Pause Remark 199M->199M(247M) 10.999ms
[2020-01-29T22:00:31.606+0300][259.644s][info ][gc] GC(3954) Concurrent Sweep
[2020-01-29T22:00:31.609+0300][259.647s][info ][gc] GC(3955) Pause Young (Allocation Failure) 199M->199M(247M) 0.040ms
[2020-01-29T22:00:31.674+0300][259.712s][debug][gc] GC(3954) Concurrent active time: 68.045ms
[2020-01-29T22:00:31.674+0300][259.712s][info ][gc] GC(3954) Concurrent Sweep 68.265ms
[2020-01-29T22:00:31.674+0300][259.713s][debug][gc] GC(3956) Concurrent mode failure
[2020-01-29T22:00:31.767+0300][259.806s][info ][gc] GC(3956) Pause Full (Allocation Failure) 199M->70M(247M) 158.816ms
[2020-01-29T22:00:31.840+0300][259.879s][info ][gc] GC(3957) Pause Young (Allocation Failure) 136M->155M(247M) 53.386ms
[2020-01-29T22:00:31.849+0300][259.888s][info ][gc] GC(3958) Pause Initial Mark 174M->174M(247M) 8.857ms
[2020-01-29T22:00:31.849+0300][259.888s][info ][gc] GC(3958) Concurrent Mark
[2020-01-29T22:00:31.852+0300][259.891s][debug][gc] GC(3958) Concurrent active time: 2.661ms
[2020-01-29T22:00:31.852+0300][259.891s][info ][gc] GC(3958) Concurrent Mark 2.721ms
[2020-01-29T22:00:31.852+0300][259.891s][info ][gc] GC(3958) Concurrent Preclean
[2020-01-29T22:00:31.852+0300][259.891s][debug][gc] GC(3958) Concurrent active time: 0.160ms
[2020-01-29T22:00:31.852+0300][259.891s][info ][gc] GC(3958) Concurrent Preclean 0.189ms
[2020-01-29T22:00:31.852+0300][259.891s][info ][gc] GC(3958) Concurrent Abortable Preclean
[2020-01-29T22:00:31.852+0300][259.891s][debug][gc] GC(3958) Concurrent active time: 0.004ms
[2020-01-29T22:00:31.852+0300][259.891s][info ][gc] GC(3958) Concurrent Abortable Preclean 0.030ms
[2020-01-29T22:00:31.852+0300][259.891s][debug][gc] GC(3958) YG occupancy: 54475 K (78656 K)
[2020-01-29T22:00:31.863+0300][259.902s][info ][gc] GC(3958) Pause Remark 199M->199M(247M) 10.948ms
[2020-01-29T22:00:31.863+0300][259.902s][info ][gc] GC(3958) Concurrent Sweep
[2020-01-29T22:00:31.866+0300][259.905s][info ][gc] GC(3959) Pause Young (Allocation Failure) 199M->199M(247M) 0.041ms
[2020-01-29T22:00:31.933+0300][259.972s][debug][gc] GC(3958) Concurrent active time: 69.217ms
[2020-01-29T22:00:31.933+0300][259.972s][info ][gc] GC(3958) Concurrent Sweep 69.455ms
[2020-01-29T22:00:31.933+0300][259.972s][debug][gc] GC(3960) Concurrent mode failure
[2020-01-29T22:00:32.028+0300][260.066s][info ][gc] GC(3960) Pause Full (Allocation Failure) 199M->70M(247M) 160.646ms
[2020-01-29T22:00:32.100+0300][260.138s][info ][gc] GC(3961) Pause Young (Allocation Failure) 136M->155M(247M) 54.116ms
[2020-01-29T22:00:32.110+0300][260.148s][info ][gc] GC(3962) Pause Initial Mark 174M->174M(247M) 8.820ms
[2020-01-29T22:00:32.110+0300][260.148s][info ][gc] GC(3962) Concurrent Mark
[2020-01-29T22:00:32.112+0300][260.151s][debug][gc] GC(3962) Concurrent active time: 2.640ms
[2020-01-29T22:00:32.112+0300][260.151s][info ][gc] GC(3962) Concurrent Mark 2.696ms
[2020-01-29T22:00:32.112+0300][260.151s][info ][gc] GC(3962) Concurrent Preclean
[2020-01-29T22:00:32.113+0300][260.151s][debug][gc] GC(3962) Concurrent active time: 0.161ms
[2020-01-29T22:00:32.113+0300][260.151s][info ][gc] GC(3962) Concurrent Preclean 0.192ms
[2020-01-29T22:00:32.113+0300][260.151s][info ][gc] GC(3962) Concurrent Abortable Preclean
[2020-01-29T22:00:32.113+0300][260.151s][debug][gc] GC(3962) Concurrent active time: 0.004ms
[2020-01-29T22:00:32.113+0300][260.151s][info ][gc] GC(3962) Concurrent Abortable Preclean 0.031ms
[2020-01-29T22:00:32.113+0300][260.151s][debug][gc] GC(3962) YG occupancy: 54483 K (78656 K)
[2020-01-29T22:00:32.124+0300][260.162s][info ][gc] GC(3962) Pause Remark 199M->199M(247M) 10.946ms
[2020-01-29T22:00:32.124+0300][260.162s][info ][gc] GC(3962) Concurrent Sweep
[2020-01-29T22:00:32.127+0300][260.165s][info ][gc] GC(3963) Pause Young (Allocation Failure) 199M->199M(247M) 0.040ms
[2020-01-29T22:00:32.192+0300][260.230s][debug][gc] GC(3962) Concurrent active time: 68.333ms
[2020-01-29T22:00:32.192+0300][260.230s][info ][gc] GC(3962) Concurrent Sweep 68.550ms
[2020-01-29T22:00:32.192+0300][260.230s][debug][gc] GC(3964) Concurrent mode failure
[2020-01-29T22:00:32.286+0300][260.325s][info ][gc] GC(3964) Pause Full (Allocation Failure) 199M->70M(247M) 159.837ms
[2020-01-29T22:00:32.360+0300][260.399s][info ][gc] GC(3965) Pause Young (Allocation Failure) 136M->155M(247M) 55.595ms
[2020-01-29T22:00:32.370+0300][260.408s][info ][gc] GC(3966) Pause Initial Mark 174M->174M(247M) 8.815ms
[2020-01-29T22:00:32.370+0300][260.408s][info ][gc] GC(3966) Concurrent Mark
[2020-01-29T22:00:32.373+0300][260.411s][debug][gc] GC(3966) Concurrent active time: 2.653ms
[2020-01-29T22:00:32.373+0300][260.411s][info ][gc] GC(3966) Concurrent Mark 2.706ms
[2020-01-29T22:00:32.373+0300][260.411s][info ][gc] GC(3966) Concurrent Preclean
[2020-01-29T22:00:32.373+0300][260.411s][debug][gc] GC(3966) Concurrent active time: 0.158ms
[2020-01-29T22:00:32.373+0300][260.411s][info ][gc] GC(3966) Concurrent Preclean 0.188ms
[2020-01-29T22:00:32.373+0300][260.411s][info ][gc] GC(3966) Concurrent Abortable Preclean
[2020-01-29T22:00:32.373+0300][260.411s][debug][gc] GC(3966) Concurrent active time: 0.003ms
[2020-01-29T22:00:32.373+0300][260.411s][info ][gc] GC(3966) Concurrent Abortable Preclean 0.038ms
[2020-01-29T22:00:32.373+0300][260.412s][debug][gc] GC(3966) YG occupancy: 54483 K (78656 K)
[2020-01-29T22:00:32.384+0300][260.422s][info ][gc] GC(3966) Pause Remark 199M->199M(247M) 10.958ms
[2020-01-29T22:00:32.384+0300][260.423s][info ][gc] GC(3966) Concurrent Sweep
[2020-01-29T22:00:32.387+0300][260.426s][info ][gc] GC(3967) Pause Young (Allocation Failure) 199M->199M(247M) 0.040ms
[2020-01-29T22:00:32.452+0300][260.491s][debug][gc] GC(3966) Concurrent active time: 67.793ms
[2020-01-29T22:00:32.452+0300][260.491s][info ][gc] GC(3966) Concurrent Sweep 68.015ms
[2020-01-29T22:00:32.452+0300][260.491s][debug][gc] GC(3968) Concurrent mode failure
[2020-01-29T22:00:32.547+0300][260.585s][info ][gc] GC(3968) Pause Full (Allocation Failure) 199M->70M(247M) 159.462ms
[2020-01-29T22:00:32.630+0300][260.669s][info ][gc] GC(3969) Pause Young (Allocation Failure) 136M->155M(247M) 65.537ms
[2020-01-29T22:00:32.640+0300][260.679s][info ][gc] GC(3970) Pause Initial Mark 174M->174M(247M) 8.858ms
[2020-01-29T22:00:32.640+0300][260.679s][info ][gc] GC(3970) Concurrent Mark
[2020-01-29T22:00:32.643+0300][260.682s][debug][gc] GC(3970) Concurrent active time: 2.781ms
[2020-01-29T22:00:32.643+0300][260.682s][info ][gc] GC(3970) Concurrent Mark 2.844ms
[2020-01-29T22:00:32.643+0300][260.682s][info ][gc] GC(3970) Concurrent Preclean
[2020-01-29T22:00:32.643+0300][260.682s][debug][gc] GC(3970) Concurrent active time: 0.165ms
[2020-01-29T22:00:32.643+0300][260.682s][info ][gc] GC(3970) Concurrent Preclean 0.197ms
[2020-01-29T22:00:32.643+0300][260.682s][info ][gc] GC(3970) Concurrent Abortable Preclean
[2020-01-29T22:00:32.643+0300][260.682s][debug][gc] GC(3970) Concurrent active time: 0.004ms
[2020-01-29T22:00:32.643+0300][260.682s][info ][gc] GC(3970) Concurrent Abortable Preclean 0.031ms
[2020-01-29T22:00:32.643+0300][260.682s][debug][gc] GC(3970) YG occupancy: 54487 K (78656 K)
[2020-01-29T22:00:32.654+0300][260.693s][info ][gc] GC(3970) Pause Remark 199M->199M(247M) 11.120ms
[2020-01-29T22:00:32.654+0300][260.693s][info ][gc] GC(3970) Concurrent Sweep
[2020-01-29T22:00:32.657+0300][260.696s][info ][gc] GC(3971) Pause Young (Allocation Failure) 199M->199M(247M) 0.041ms
[2020-01-29T22:00:32.725+0300][260.763s][debug][gc] GC(3970) Concurrent active time: 69.972ms
[2020-01-29T22:00:32.725+0300][260.763s][info ][gc] GC(3970) Concurrent Sweep 70.211ms
[2020-01-29T22:00:32.725+0300][260.763s][debug][gc] GC(3972) Concurrent mode failure
[2020-01-29T22:00:32.819+0300][260.858s][info ][gc] GC(3972) Pause Full (Allocation Failure) 199M->70M(247M) 161.828ms
[2020-01-29T22:00:32.892+0300][260.930s][info ][gc] GC(3973) Pause Young (Allocation Failure) 136M->155M(247M) 53.948ms
[2020-01-29T22:00:32.902+0300][260.940s][info ][gc] GC(3974) Pause Initial Mark 174M->174M(247M) 8.818ms
[2020-01-29T22:00:32.902+0300][260.940s][info ][gc] GC(3974) Concurrent Mark
[2020-01-29T22:00:32.905+0300][260.943s][debug][gc] GC(3974) Concurrent active time: 2.688ms
[2020-01-29T22:00:32.905+0300][260.943s][info ][gc] GC(3974) Concurrent Mark 2.747ms
[2020-01-29T22:00:32.905+0300][260.943s][info ][gc] GC(3974) Concurrent Preclean
[2020-01-29T22:00:32.905+0300][260.943s][debug][gc] GC(3974) Concurrent active time: 0.162ms
[2020-01-29T22:00:32.905+0300][260.943s][info ][gc] GC(3974) Concurrent Preclean 0.193ms
[2020-01-29T22:00:32.905+0300][260.943s][info ][gc] GC(3974) Concurrent Abortable Preclean
[2020-01-29T22:00:32.905+0300][260.943s][debug][gc] GC(3974) Concurrent active time: 0.004ms
[2020-01-29T22:00:32.905+0300][260.943s][info ][gc] GC(3974) Concurrent Abortable Preclean 0.031ms
[2020-01-29T22:00:32.905+0300][260.943s][debug][gc] GC(3974) YG occupancy: 54475 K (78656 K)
[2020-01-29T22:00:32.916+0300][260.954s][info ][gc] GC(3974) Pause Remark 199M->199M(247M) 11.006ms
[2020-01-29T22:00:32.916+0300][260.954s][info ][gc] GC(3974) Concurrent Sweep
[2020-01-29T22:00:32.919+0300][260.957s][info ][gc] GC(3975) Pause Young (Allocation Failure) 199M->199M(247M) 0.040ms
[2020-01-29T22:00:32.984+0300][261.023s][debug][gc] GC(3974) Concurrent active time: 68.912ms
[2020-01-29T22:00:32.984+0300][261.023s][info ][gc] GC(3974) Concurrent Sweep 69.139ms
[2020-01-29T22:00:32.984+0300][261.023s][debug][gc] GC(3976) Concurrent mode failure
[2020-01-29T22:00:33.079+0300][261.118s][info ][gc] GC(3976) Pause Full (Allocation Failure) 199M->70M(247M) 160.894ms
[2020-01-29T22:00:33.152+0300][261.190s][info ][gc] GC(3977) Pause Young (Allocation Failure) 136M->155M(247M) 54.188ms
[2020-01-29T22:00:33.162+0300][261.200s][info ][gc] GC(3978) Pause Initial Mark 174M->174M(247M) 8.812ms
[2020-01-29T22:00:33.162+0300][261.200s][info ][gc] GC(3978) Concurrent Mark
[2020-01-29T22:00:33.164+0300][261.203s][debug][gc] GC(3978) Concurrent active time: 2.692ms
[2020-01-29T22:00:33.164+0300][261.203s][info ][gc] GC(3978) Concurrent Mark 2.746ms
[2020-01-29T22:00:33.164+0300][261.203s][info ][gc] GC(3978) Concurrent Preclean
[2020-01-29T22:00:33.165+0300][261.203s][debug][gc] GC(3978) Concurrent active time: 0.165ms
[2020-01-29T22:00:33.165+0300][261.203s][info ][gc] GC(3978) Concurrent Preclean 0.195ms
[2020-01-29T22:00:33.165+0300][261.203s][info ][gc] GC(3978) Concurrent Abortable Preclean
[2020-01-29T22:00:33.165+0300][261.203s][debug][gc] GC(3978) Concurrent active time: 0.004ms
[2020-01-29T22:00:33.165+0300][261.203s][info ][gc] GC(3978) Concurrent Abortable Preclean 0.031ms
[2020-01-29T22:00:33.165+0300][261.203s][debug][gc] GC(3978) YG occupancy: 54483 K (78656 K)
[2020-01-29T22:00:33.176+0300][261.214s][info ][gc] GC(3978) Pause Remark 199M->199M(247M) 10.958ms
[2020-01-29T22:00:33.176+0300][261.214s][info ][gc] GC(3978) Concurrent Sweep
[2020-01-29T22:00:33.179+0300][261.217s][info ][gc] GC(3979) Pause Young (Allocation Failure) 199M->199M(247M) 0.045ms
[2020-01-29T22:00:33.245+0300][261.283s][debug][gc] GC(3978) Concurrent active time: 68.742ms
[2020-01-29T22:00:33.245+0300][261.283s][info ][gc] GC(3978) Concurrent Sweep 68.995ms
[2020-01-29T22:00:33.245+0300][261.283s][debug][gc] GC(3980) Concurrent mode failure
[2020-01-29T22:00:33.339+0300][261.378s][info ][gc] GC(3980) Pause Full (Allocation Failure) 199M->70M(247M) 160.326ms
[2020-01-29T22:00:33.412+0300][261.450s][info ][gc] GC(3981) Pause Young (Allocation Failure) 136M->155M(247M) 53.858ms
[2020-01-29T22:00:33.421+0300][261.459s][info ][gc] GC(3982) Pause Initial Mark 174M->174M(247M) 8.813ms
[2020-01-29T22:00:33.421+0300][261.459s][info ][gc] GC(3982) Concurrent Mark
[2020-01-29T22:00:33.424+0300][261.462s][debug][gc] GC(3982) Concurrent active time: 2.672ms
[2020-01-29T22:00:33.424+0300][261.462s][info ][gc] GC(3982) Concurrent Mark 2.728ms
[2020-01-29T22:00:33.424+0300][261.462s][info ][gc] GC(3982) Concurrent Preclean
[2020-01-29T22:00:33.424+0300][261.462s][debug][gc] GC(3982) Concurrent active time: 0.159ms
[2020-01-29T22:00:33.424+0300][261.462s][info ][gc] GC(3982) Concurrent Preclean 0.189ms
[2020-01-29T22:00:33.424+0300][261.462s][info ][gc] GC(3982) Concurrent Abortable Preclean
[2020-01-29T22:00:33.424+0300][261.462s][debug][gc] GC(3982) Concurrent active time: 0.004ms
[2020-01-29T22:00:33.424+0300][261.462s][info ][gc] GC(3982) Concurrent Abortable Preclean 0.030ms
[2020-01-29T22:00:33.424+0300][261.462s][debug][gc] GC(3982) YG occupancy: 54487 K (78656 K)
[2020-01-29T22:00:33.435+0300][261.473s][info ][gc] GC(3982) Pause Remark 199M->199M(247M) 10.984ms
[2020-01-29T22:00:33.435+0300][261.474s][info ][gc] GC(3982) Concurrent Sweep
[2020-01-29T22:00:33.438+0300][261.477s][info ][gc] GC(3983) Pause Young (Allocation Failure) 199M->199M(247M) 0.043ms
[2020-01-29T22:00:33.504+0300][261.542s][debug][gc] GC(3982) Concurrent active time: 68.510ms
[2020-01-29T22:00:33.504+0300][261.542s][info ][gc] GC(3982) Concurrent Sweep 68.731ms
[2020-01-29T22:00:33.504+0300][261.542s][debug][gc] GC(3984) Concurrent mode failure
[2020-01-29T22:00:33.597+0300][261.636s][info ][gc] GC(3984) Pause Full (Allocation Failure) 199M->70M(247M) 159.651ms
[2020-01-29T22:00:33.672+0300][261.710s][info ][gc] GC(3985) Pause Young (Allocation Failure) 136M->155M(247M) 55.590ms
[2020-01-29T22:00:33.681+0300][261.720s][info ][gc] GC(3986) Pause Initial Mark 174M->174M(247M) 8.845ms
[2020-01-29T22:00:33.682+0300][261.720s][info ][gc] GC(3986) Concurrent Mark
[2020-01-29T22:00:33.684+0300][261.722s][debug][gc] GC(3986) Concurrent active time: 2.632ms
[2020-01-29T22:00:33.684+0300][261.722s][info ][gc] GC(3986) Concurrent Mark 2.687ms
[2020-01-29T22:00:33.684+0300][261.722s][info ][gc] GC(3986) Concurrent Preclean
[2020-01-29T22:00:33.684+0300][261.722s][debug][gc] GC(3986) Concurrent active time: 0.158ms
[2020-01-29T22:00:33.684+0300][261.722s][info ][gc] GC(3986) Concurrent Preclean 0.188ms
[2020-01-29T22:00:33.684+0300][261.723s][info ][gc] GC(3986) Concurrent Abortable Preclean
[2020-01-29T22:00:33.684+0300][261.723s][debug][gc] GC(3986) Concurrent active time: 0.004ms
[2020-01-29T22:00:33.684+0300][261.723s][info ][gc] GC(3986) Concurrent Abortable Preclean 0.030ms
[2020-01-29T22:00:33.685+0300][261.723s][debug][gc] GC(3986) YG occupancy: 54488 K (78656 K)
[2020-01-29T22:00:33.696+0300][261.734s][info ][gc] GC(3986) Pause Remark 199M->199M(247M) 10.939ms
[2020-01-29T22:00:33.696+0300][261.734s][info ][gc] GC(3986) Concurrent Sweep
[2020-01-29T22:00:33.699+0300][261.737s][info ][gc] GC(3987) Pause Young (Allocation Failure) 199M->199M(247M) 0.042ms
[2020-01-29T22:00:33.763+0300][261.802s][debug][gc] GC(3986) Concurrent active time: 67.917ms
[2020-01-29T22:00:33.763+0300][261.802s][info ][gc] GC(3986) Concurrent Sweep 68.145ms
[2020-01-29T22:00:33.763+0300][261.802s][debug][gc] GC(3988) Concurrent mode failure
[2020-01-29T22:00:33.858+0300][261.896s][info ][gc] GC(3988) Pause Full (Allocation Failure) 199M->70M(247M) 159.466ms
[2020-01-29T22:00:33.930+0300][261.969s][info ][gc] GC(3989) Pause Young (Allocation Failure) 136M->155M(247M) 54.017ms
[2020-01-29T22:00:33.939+0300][261.978s][info ][gc] GC(3990) Pause Initial Mark 174M->174M(247M) 8.814ms
[2020-01-29T22:00:33.939+0300][261.978s][info ][gc] GC(3990) Concurrent Mark
[2020-01-29T22:00:33.942+0300][261.981s][debug][gc] GC(3990) Concurrent active time: 2.655ms
[2020-01-29T22:00:33.942+0300][261.981s][info ][gc] GC(3990) Concurrent Mark 2.709ms
[2020-01-29T22:00:33.942+0300][261.981s][info ][gc] GC(3990) Concurrent Preclean
[2020-01-29T22:00:33.942+0300][261.981s][debug][gc] GC(3990) Concurrent active time: 0.157ms
[2020-01-29T22:00:33.942+0300][261.981s][info ][gc] GC(3990) Concurrent Preclean 0.188ms
[2020-01-29T22:00:33.942+0300][261.981s][info ][gc] GC(3990) Concurrent Abortable Preclean
[2020-01-29T22:00:33.942+0300][261.981s][debug][gc] GC(3990) Concurrent active time: 0.003ms
[2020-01-29T22:00:33.942+0300][261.981s][info ][gc] GC(3990) Concurrent Abortable Preclean 0.030ms
[2020-01-29T22:00:33.942+0300][261.981s][debug][gc] GC(3990) YG occupancy: 54475 K (78656 K)
[2020-01-29T22:00:33.953+0300][261.992s][info ][gc] GC(3990) Pause Remark 199M->199M(247M) 11.004ms
[2020-01-29T22:00:33.953+0300][261.992s][info ][gc] GC(3990) Concurrent Sweep
[2020-01-29T22:00:33.957+0300][261.995s][info ][gc] GC(3991) Pause Young (Allocation Failure) 199M->199M(247M) 0.048ms
[2020-01-29T22:00:34.022+0300][262.060s][debug][gc] GC(3990) Concurrent active time: 67.842ms
[2020-01-29T22:00:34.022+0300][262.060s][info ][gc] GC(3990) Concurrent Sweep 68.086ms
[2020-01-29T22:00:34.022+0300][262.060s][debug][gc] GC(3992) Concurrent mode failure
[2020-01-29T22:00:34.117+0300][262.155s][info ][gc] GC(3992) Pause Full (Allocation Failure) 199M->70M(247M) 160.097ms
[2020-01-29T22:00:34.191+0300][262.229s][info ][gc] GC(3993) Pause Young (Allocation Failure) 136M->155M(247M) 55.038ms
[2020-01-29T22:00:34.201+0300][262.239s][info ][gc] GC(3994) Pause Initial Mark 174M->174M(247M) 8.812ms
[2020-01-29T22:00:34.201+0300][262.239s][info ][gc] GC(3994) Concurrent Mark
[2020-01-29T22:00:34.204+0300][262.242s][debug][gc] GC(3994) Concurrent active time: 2.880ms
[2020-01-29T22:00:34.204+0300][262.242s][info ][gc] GC(3994) Concurrent Mark 2.962ms
[2020-01-29T22:00:34.204+0300][262.242s][info ][gc] GC(3994) Concurrent Preclean
[2020-01-29T22:00:34.204+0300][262.242s][debug][gc] GC(3994) Concurrent active time: 0.208ms
[2020-01-29T22:00:34.204+0300][262.242s][info ][gc] GC(3994) Concurrent Preclean 0.247ms
[2020-01-29T22:00:34.204+0300][262.242s][info ][gc] GC(3994) Concurrent Abortable Preclean
[2020-01-29T22:00:34.204+0300][262.242s][debug][gc] GC(3994) Concurrent active time: 0.006ms
[2020-01-29T22:00:34.204+0300][262.242s][info ][gc] GC(3994) Concurrent Abortable Preclean 0.034ms
[2020-01-29T22:00:34.204+0300][262.242s][debug][gc] GC(3994) YG occupancy: 54515 K (78656 K)
[2020-01-29T22:00:34.219+0300][262.257s][info ][gc] GC(3994) Pause Remark 199M->199M(247M) 14.750ms
[2020-01-29T22:00:34.219+0300][262.257s][info ][gc] GC(3994) Concurrent Sweep
[2020-01-29T22:00:34.222+0300][262.260s][info ][gc] GC(3995) Pause Young (Allocation Failure) 199M->199M(247M) 0.046ms
[2020-01-29T22:00:34.286+0300][262.325s][debug][gc] GC(3994) Concurrent active time: 67.785ms
[2020-01-29T22:00:34.286+0300][262.325s][info ][gc] GC(3994) Concurrent Sweep 68.041ms
[2020-01-29T22:00:34.286+0300][262.325s][debug][gc] GC(3996) Concurrent mode failure
[2020-01-29T22:00:34.381+0300][262.420s][info ][gc] GC(3996) Pause Full (Allocation Failure) 199M->70M(247M) 159.514ms
