[2020-01-29T22:09:28.568+0300][0.007s][debug][gc] ConcGCThreads: 1 offset 8
[2020-01-29T22:09:28.568+0300][0.008s][debug][gc] ParallelGCThreads: 4
[2020-01-29T22:09:28.568+0300][0.008s][debug][gc] Initialize mark stack with 4096 chunks, maximum 16384
[2020-01-29T22:09:28.571+0300][0.011s][info ][gc] Using G1
[2020-01-29T22:09:28.582+0300][0.023s][info ][gc] Periodic GC disabled
[2020-01-29T22:09:28.775+0300][0.215s][info ][gc] GC(0) Pause Young (Normal) (G1 Evacuation Pause) 34M->29M(256M) 11.929ms
[2020-01-29T22:09:28.792+0300][0.232s][info ][gc] GC(1) Pause Young (Normal) (G1 Evacuation Pause) 39M->39M(256M) 12.393ms
[2020-01-29T22:09:28.804+0300][0.244s][info ][gc] GC(2) Pause Young (Normal) (G1 Evacuation Pause) 49M->50M(256M) 7.693ms
[2020-01-29T22:09:28.816+0300][0.256s][info ][gc] GC(3) Pause Young (Normal) (G1 Evacuation Pause) 60M->60M(256M) 7.892ms
[2020-01-29T22:09:28.840+0300][0.280s][info ][gc] GC(4) Pause Young (Normal) (G1 Evacuation Pause) 78M->78M(256M) 14.458ms
[2020-01-29T22:09:28.880+0300][0.320s][info ][gc] GC(5) Pause Young (Normal) (G1 Evacuation Pause) 105M->106M(256M) 21.727ms
[2020-01-29T22:09:28.931+0300][0.371s][info ][gc] GC(6) Pause Young (Concurrent Start) (G1 Humongous Allocation) 140M->141M(256M) 25.126ms
[2020-01-29T22:09:28.931+0300][0.371s][info ][gc] GC(7) Concurrent Cycle
[2020-01-29T22:09:28.972+0300][0.413s][info ][gc] GC(8) Pause Young (Normal) (G1 Evacuation Pause) 188M->185M(256M) 19.182ms
[2020-01-29T22:09:28.973+0300][0.414s][debug][gc] GC(7) Reclaimed 82 empty regions
[2020-01-29T22:09:28.973+0300][0.414s][info ][gc] GC(7) Pause Remark 186M->104M(256M) 0.312ms
[2020-01-29T22:09:28.988+0300][0.429s][info ][gc] GC(9) Pause Young (Normal) (G1 Evacuation Pause) 116M->117M(256M) 10.273ms
[2020-01-29T22:09:29.037+0300][0.478s][info ][gc] GC(10) Pause Young (Normal) (G1 Evacuation Pause) 152M->153M(256M) 22.193ms
[2020-01-29T22:09:29.084+0300][0.525s][info ][gc] GC(11) Pause Young (Normal) (G1 Evacuation Pause) 176M->177M(256M) 21.057ms
[2020-01-29T22:09:29.106+0300][0.547s][info ][gc] GC(7) Pause Cleanup 177M->177M(256M) 0.066ms
[2020-01-29T22:09:29.108+0300][0.548s][info ][gc] GC(7) Concurrent Cycle 177.779ms
[2020-01-29T22:09:29.128+0300][0.568s][info ][gc] GC(12) Pause Young (Prepare Mixed) (G1 Evacuation Pause) 193M->193M(256M) 13.639ms
[2020-01-29T22:09:29.172+0300][0.612s][info ][gc] GC(13) Pause Young (Mixed) (G1 Evacuation Pause) 222M->204M(256M) 9.817ms
[2020-01-29T22:09:29.189+0300][0.629s][info ][gc] GC(14) Pause Young (Concurrent Start) (G1 Evacuation Pause) 214M->215M(256M) 7.936ms
[2020-01-29T22:09:29.189+0300][0.629s][info ][gc] GC(15) Concurrent Cycle
[2020-01-29T22:09:29.205+0300][0.645s][info ][gc] GC(16) Pause Young (Normal) (G1 Evacuation Pause) 225M->226M(256M) 8.260ms
[2020-01-29T22:09:29.217+0300][0.657s][info ][gc] GC(17) Pause Young (Normal) (G1 Evacuation Pause) 236M->237M(256M) 8.067ms
[2020-01-29T22:09:29.236+0300][0.676s][info ][gc] GC(18) To-space exhausted
[2020-01-29T22:09:29.237+0300][0.677s][info ][gc] GC(18) Pause Young (Normal) (G1 Evacuation Pause) 247M->251M(256M) 12.613ms
[2020-01-29T22:09:29.257+0300][0.697s][info ][gc] GC(19) To-space exhausted
[2020-01-29T22:09:29.257+0300][0.697s][info ][gc] GC(19) Pause Young (Normal) (G1 Evacuation Pause) 256M->256M(256M) 15.716ms
[2020-01-29T22:09:29.258+0300][0.698s][debug][gc] GC(20) Clear Next Bitmap 0.058ms
[2020-01-29T22:09:29.298+0300][0.738s][info ][gc] GC(20) Pause Full (G1 Evacuation Pause) 256M->70M(256M) 40.316ms
[2020-01-29T22:09:29.298+0300][0.738s][info ][gc] GC(15) Concurrent Cycle 108.948ms
[2020-01-29T22:09:29.350+0300][0.790s][info ][gc] GC(21) Pause Young (Normal) (G1 Evacuation Pause) 119M->119M(256M) 28.173ms
[2020-01-29T22:09:29.381+0300][0.822s][info ][gc] GC(22) Pause Young (Concurrent Start) (G1 Humongous Allocation) 136M->137M(256M) 13.334ms
[2020-01-29T22:09:29.381+0300][0.822s][info ][gc] GC(23) Concurrent Cycle
[2020-01-29T22:09:29.397+0300][0.837s][debug][gc] GC(23) Reclaimed 107 empty regions
[2020-01-29T22:09:29.397+0300][0.837s][info ][gc] GC(23) Pause Remark 183M->78M(256M) 0.421ms
[2020-01-29T22:09:29.414+0300][0.855s][info ][gc] GC(24) Pause Young (Normal) (G1 Evacuation Pause) 80M->75M(256M) 16.457ms
[2020-01-29T22:09:29.443+0300][0.883s][info ][gc] GC(23) Pause Cleanup 123M->123M(256M) 0.049ms
[2020-01-29T22:09:29.473+0300][0.914s][info ][gc] GC(25) Pause Young (Normal) (G1 Evacuation Pause) 123M->124M(256M) 30.222ms
[2020-01-29T22:09:29.474+0300][0.915s][info ][gc] GC(23) Concurrent Cycle 93.214ms
[2020-01-29T22:09:29.508+0300][0.949s][info ][gc] GC(26) Pause Young (Normal) (G1 Evacuation Pause) 156M->157M(256M) 21.950ms
[2020-01-29T22:09:29.530+0300][0.970s][info ][gc] GC(27) Pause Young (Concurrent Start) (G1 Humongous Allocation) 164M->164M(256M) 8.132ms
[2020-01-29T22:09:29.530+0300][0.970s][info ][gc] GC(28) Concurrent Cycle
[2020-01-29T22:09:29.539+0300][0.980s][debug][gc] GC(28) Reclaimed 144 empty regions
[2020-01-29T22:09:29.539+0300][0.980s][info ][gc] GC(28) Pause Remark 200M->56M(256M) 0.339ms
[2020-01-29T22:09:29.556+0300][0.996s][info ][gc] GC(29) Pause Young (Normal) (G1 Evacuation Pause) 60M->57M(256M) 14.244ms
[2020-01-29T22:09:29.573+0300][1.014s][info ][gc] GC(28) Pause Cleanup 72M->72M(256M) 0.044ms
[2020-01-29T22:09:29.574+0300][1.014s][info ][gc] GC(28) Concurrent Cycle 43.832ms
[2020-01-29T22:09:29.631+0300][1.071s][info ][gc] GC(30) Pause Young (Normal) (G1 Evacuation Pause) 111M->112M(256M) 36.629ms
[2020-01-29T22:09:29.679+0300][1.118s][info ][gc] GC(31) Pause Young (Normal) (G1 Evacuation Pause) 148M->149M(256M) 31.918ms
[2020-01-29T22:09:29.701+0300][1.140s][info ][gc] GC(32) Pause Young (Concurrent Start) (G1 Humongous Allocation) 155M->156M(256M) 8.165ms
[2020-01-29T22:09:29.701+0300][1.141s][info ][gc] GC(33) Concurrent Cycle
[2020-01-29T22:09:29.710+0300][1.151s][debug][gc] GC(33) Reclaimed 129 empty regions
[2020-01-29T22:09:29.710+0300][1.151s][info ][gc] GC(33) Pause Remark 188M->59M(256M) 0.430ms
[2020-01-29T22:09:29.733+0300][1.174s][info ][gc] GC(34) Pause Young (Normal) (G1 Evacuation Pause) 69M->66M(256M) 17.635ms
[2020-01-29T22:09:29.745+0300][1.185s][info ][gc] GC(33) Pause Cleanup 73M->73M(256M) 0.052ms
[2020-01-29T22:09:29.745+0300][1.186s][info ][gc] GC(33) Concurrent Cycle 45.047ms
[2020-01-29T22:09:29.795+0300][1.235s][info ][gc] GC(35) Pause Young (Normal) (G1 Evacuation Pause) 117M->118M(256M) 31.655ms
[2020-01-29T22:09:29.833+0300][1.274s][info ][gc] GC(36) Pause Young (Normal) (G1 Evacuation Pause) 152M->152M(256M) 24.156ms
[2020-01-29T22:09:29.857+0300][1.298s][info ][gc] GC(37) Pause Young (Concurrent Start) (G1 Humongous Allocation) 160M->161M(256M) 9.745ms
[2020-01-29T22:09:29.857+0300][1.298s][info ][gc] GC(38) Concurrent Cycle
[2020-01-29T22:09:29.869+0300][1.309s][debug][gc] GC(38) Reclaimed 131 empty regions
[2020-01-29T22:09:29.869+0300][1.309s][info ][gc] GC(38) Pause Remark 200M->69M(256M) 0.427ms
[2020-01-29T22:09:29.885+0300][1.326s][info ][gc] GC(39) Pause Young (Normal) (G1 Evacuation Pause) 71M->68M(256M) 14.293ms
[2020-01-29T22:09:29.904+0300][1.344s][info ][gc] GC(38) Pause Cleanup 87M->87M(256M) 0.047ms
[2020-01-29T22:09:29.905+0300][1.345s][info ][gc] GC(38) Concurrent Cycle 47.025ms
[2020-01-29T22:09:29.953+0300][1.393s][info ][gc] GC(40) Pause Young (Prepare Mixed) (G1 Evacuation Pause) 118M->119M(256M) 34.291ms
[2020-01-29T22:09:30.025+0300][1.465s][info ][gc] GC(41) Pause Young (Mixed) (G1 Evacuation Pause) 124M->111M(256M) 54.718ms
[2020-01-29T22:09:30.063+0300][1.503s][info ][gc] GC(42) Pause Young (Normal) (G1 Evacuation Pause) 148M->148M(256M) 21.600ms
[2020-01-29T22:09:30.080+0300][1.520s][info ][gc] GC(43) Pause Young (Concurrent Start) (G1 Humongous Allocation) 150M->151M(256M) 5.243ms
[2020-01-29T22:09:30.080+0300][1.520s][info ][gc] GC(44) Concurrent Cycle
[2020-01-29T22:09:30.087+0300][1.527s][debug][gc] GC(44) Reclaimed 137 empty regions
[2020-01-29T22:09:30.087+0300][1.527s][info ][gc] GC(44) Pause Remark 185M->48M(256M) 0.429ms
[2020-01-29T22:09:30.105+0300][1.546s][info ][gc] GC(45) Pause Young (Normal) (G1 Evacuation Pause) 58M->57M(256M) 14.737ms
[2020-01-29T22:09:30.117+0300][1.558s][info ][gc] GC(44) Pause Cleanup 77M->77M(256M) 0.041ms
[2020-01-29T22:09:30.117+0300][1.558s][info ][gc] GC(44) Concurrent Cycle 38.332ms
[2020-01-29T22:09:30.163+0300][1.604s][info ][gc] GC(46) Pause Young (Normal) (G1 Evacuation Pause) 111M->112M(256M) 32.732ms
[2020-01-29T22:09:30.204+0300][1.644s][info ][gc] GC(47) Pause Young (Normal) (G1 Evacuation Pause) 148M->149M(256M) 25.313ms
[2020-01-29T22:09:30.222+0300][1.662s][info ][gc] GC(48) Pause Young (Concurrent Start) (G1 Humongous Allocation) 150M->151M(256M) 7.193ms
[2020-01-29T22:09:30.222+0300][1.662s][info ][gc] GC(49) Concurrent Cycle
[2020-01-29T22:09:30.230+0300][1.670s][debug][gc] GC(49) Reclaimed 136 empty regions
[2020-01-29T22:09:30.230+0300][1.670s][info ][gc] GC(49) Pause Remark 179M->43M(256M) 0.663ms
[2020-01-29T22:09:30.251+0300][1.692s][info ][gc] GC(50) Pause Young (Normal) (G1 Evacuation Pause) 59M->58M(256M) 14.712ms
[2020-01-29T22:09:30.260+0300][1.700s][info ][gc] GC(49) Pause Cleanup 65M->65M(256M) 0.042ms
[2020-01-29T22:09:30.260+0300][1.700s][info ][gc] GC(49) Concurrent Cycle 37.956ms
[2020-01-29T22:09:30.323+0300][1.763s][info ][gc] GC(51) Pause Young (Normal) (G1 Evacuation Pause) 111M->112M(256M) 32.589ms
[2020-01-29T22:09:30.370+0300][1.810s][info ][gc] GC(52) Pause Young (Normal) (G1 Evacuation Pause) 148M->149M(256M) 31.767ms
[2020-01-29T22:09:30.388+0300][1.829s][info ][gc] GC(53) Pause Young (Concurrent Start) (G1 Humongous Allocation) 150M->151M(256M) 6.738ms
[2020-01-29T22:09:30.388+0300][1.829s][info ][gc] GC(54) Concurrent Cycle
[2020-01-29T22:09:30.396+0300][1.837s][debug][gc] GC(54) Reclaimed 136 empty regions
[2020-01-29T22:09:30.396+0300][1.837s][info ][gc] GC(54) Pause Remark 187M->51M(256M) 0.392ms
[2020-01-29T22:09:30.415+0300][1.856s][info ][gc] GC(55) Pause Young (Normal) (G1 Evacuation Pause) 59M->58M(256M) 15.050ms
[2020-01-29T22:09:30.428+0300][1.868s][info ][gc] GC(54) Pause Cleanup 86M->86M(256M) 0.043ms
[2020-01-29T22:09:30.428+0300][1.869s][info ][gc] GC(54) Concurrent Cycle 39.945ms
[2020-01-29T22:09:30.483+0300][1.924s][info ][gc] GC(56) Pause Young (Normal) (G1 Evacuation Pause) 111M->112M(256M) 40.078ms
[2020-01-29T22:09:30.534+0300][1.975s][info ][gc] GC(57) Pause Young (Normal) (G1 Evacuation Pause) 148M->149M(256M) 29.853ms
[2020-01-29T22:09:30.551+0300][1.991s][info ][gc] GC(58) Pause Young (Concurrent Start) (G1 Humongous Allocation) 151M->151M(256M) 5.533ms
[2020-01-29T22:09:30.551+0300][1.991s][info ][gc] GC(59) Concurrent Cycle
[2020-01-29T22:09:30.560+0300][2.000s][debug][gc] GC(59) Reclaimed 135 empty regions
[2020-01-29T22:09:30.560+0300][2.000s][info ][gc] GC(59) Pause Remark 181M->46M(256M) 0.430ms
[2020-01-29T22:09:30.592+0300][2.032s][info ][gc] GC(60) Pause Young (Normal) (G1 Evacuation Pause) 60M->59M(256M) 18.039ms
[2020-01-29T22:09:30.598+0300][2.038s][info ][gc] GC(59) Pause Cleanup 60M->60M(256M) 0.041ms
[2020-01-29T22:09:30.598+0300][2.038s][info ][gc] GC(59) Concurrent Cycle 46.908ms
[2020-01-29T22:09:30.676+0300][2.117s][info ][gc] GC(61) Pause Young (Normal) (G1 Evacuation Pause) 112M->113M(256M) 35.727ms
[2020-01-29T22:09:30.731+0300][2.171s][info ][gc] GC(62) Pause Young (Normal) (G1 Evacuation Pause) 149M->150M(256M) 37.436ms
[2020-01-29T22:09:30.749+0300][2.190s][info ][gc] GC(63) Pause Young (Concurrent Start) (G1 Humongous Allocation) 152M->153M(256M) 6.827ms
[2020-01-29T22:09:30.750+0300][2.190s][info ][gc] GC(64) Concurrent Cycle
[2020-01-29T22:09:30.758+0300][2.198s][debug][gc] GC(64) Reclaimed 136 empty regions
[2020-01-29T22:09:30.758+0300][2.198s][info ][gc] GC(64) Pause Remark 183M->47M(256M) 0.404ms
[2020-01-29T22:09:30.787+0300][2.227s][info ][gc] GC(65) Pause Young (Normal) (G1 Evacuation Pause) 60M->59M(256M) 21.835ms
[2020-01-29T22:09:30.794+0300][2.235s][info ][gc] GC(64) Pause Cleanup 62M->62M(256M) 0.043ms
[2020-01-29T22:09:30.795+0300][2.235s][info ][gc] GC(64) Concurrent Cycle 45.127ms
[2020-01-29T22:09:30.868+0300][2.309s][info ][gc] GC(66) Pause Young (Normal) (G1 Evacuation Pause) 112M->113M(256M) 47.951ms
[2020-01-29T22:09:30.926+0300][2.366s][info ][gc] GC(67) Pause Young (Normal) (G1 Evacuation Pause) 149M->150M(256M) 39.774ms
[2020-01-29T22:09:30.947+0300][2.387s][info ][gc] GC(68) Pause Young (Concurrent Start) (G1 Humongous Allocation) 153M->154M(256M) 8.328ms
[2020-01-29T22:09:30.947+0300][2.387s][info ][gc] GC(69) Concurrent Cycle
[2020-01-29T22:09:30.956+0300][2.396s][debug][gc] GC(69) Reclaimed 135 empty regions
[2020-01-29T22:09:30.956+0300][2.396s][info ][gc] GC(69) Pause Remark 188M->53M(256M) 0.420ms
[2020-01-29T22:09:30.976+0300][2.415s][info ][gc] GC(70) Pause Young (Normal) (G1 Evacuation Pause) 62M->60M(256M) 15.859ms
[2020-01-29T22:09:30.989+0300][2.428s][info ][gc] GC(69) Pause Cleanup 91M->91M(256M) 0.044ms
[2020-01-29T22:09:30.989+0300][2.429s][info ][gc] GC(69) Concurrent Cycle 41.633ms
[2020-01-29T22:09:31.037+0300][2.478s][info ][gc] GC(71) Pause Young (Normal) (G1 Evacuation Pause) 113M->114M(256M) 37.073ms
[2020-01-29T22:09:31.083+0300][2.524s][info ][gc] GC(72) Pause Young (Normal) (G1 Evacuation Pause) 150M->151M(256M) 28.499ms
[2020-01-29T22:09:31.103+0300][2.544s][info ][gc] GC(73) Pause Young (Concurrent Start) (G1 Humongous Allocation) 153M->154M(256M) 7.815ms
[2020-01-29T22:09:31.103+0300][2.544s][info ][gc] GC(74) Concurrent Cycle
[2020-01-29T22:09:31.113+0300][2.553s][debug][gc] GC(74) Reclaimed 135 empty regions
[2020-01-29T22:09:31.113+0300][2.553s][info ][gc] GC(74) Pause Remark 186M->51M(256M) 0.816ms
[2020-01-29T22:09:31.138+0300][2.578s][info ][gc] GC(75) Pause Young (Normal) (G1 Evacuation Pause) 62M->60M(256M) 16.586ms
[2020-01-29T22:09:31.145+0300][2.585s][info ][gc] GC(74) Pause Cleanup 65M->65M(256M) 0.041ms
[2020-01-29T22:09:31.145+0300][2.586s][info ][gc] GC(74) Concurrent Cycle 41.906ms
[2020-01-29T22:09:31.209+0300][2.649s][info ][gc] GC(76) Pause Young (Normal) (G1 Evacuation Pause) 112M->114M(256M) 37.006ms
[2020-01-29T22:09:31.252+0300][2.692s][info ][gc] GC(77) Pause Young (Normal) (G1 Evacuation Pause) 150M->151M(256M) 27.431ms
[2020-01-29T22:09:31.271+0300][2.711s][info ][gc] GC(78) Pause Young (Concurrent Start) (G1 Humongous Allocation) 154M->156M(256M) 6.848ms
[2020-01-29T22:09:31.271+0300][2.711s][info ][gc] GC(79) Concurrent Cycle
[2020-01-29T22:09:31.280+0300][2.720s][debug][gc] GC(79) Reclaimed 134 empty regions
[2020-01-29T22:09:31.280+0300][2.720s][info ][gc] GC(79) Pause Remark 191M->57M(256M) 0.357ms
[2020-01-29T22:09:31.300+0300][2.740s][info ][gc] GC(80) Pause Young (Normal) (G1 Evacuation Pause) 65M->62M(256M) 15.586ms
[2020-01-29T22:09:31.313+0300][2.753s][info ][gc] GC(79) Pause Cleanup 94M->94M(256M) 0.038ms
[2020-01-29T22:09:31.313+0300][2.753s][info ][gc] GC(79) Concurrent Cycle 41.753ms
[2020-01-29T22:09:31.357+0300][2.797s][info ][gc] GC(81) Pause Young (Normal) (G1 Evacuation Pause) 114M->116M(256M) 35.947ms
[2020-01-29T22:09:31.394+0300][2.834s][info ][gc] GC(82) Pause Young (Normal) (G1 Evacuation Pause) 151M->151M(256M) 23.255ms
[2020-01-29T22:09:31.413+0300][2.853s][info ][gc] GC(83) Pause Young (Concurrent Start) (G1 Humongous Allocation) 156M->157M(256M) 7.194ms
[2020-01-29T22:09:31.413+0300][2.853s][info ][gc] GC(84) Concurrent Cycle
[2020-01-29T22:09:31.422+0300][2.863s][debug][gc] GC(84) Reclaimed 133 empty regions
[2020-01-29T22:09:31.422+0300][2.863s][info ][gc] GC(84) Pause Remark 197M->64M(256M) 0.360ms
[2020-01-29T22:09:31.438+0300][2.879s][info ][gc] GC(85) Pause Young (Normal) (G1 Evacuation Pause) 66M->63M(256M) 14.988ms
[2020-01-29T22:09:31.457+0300][2.897s][info ][gc] GC(84) Pause Cleanup 111M->111M(256M) 0.044ms
[2020-01-29T22:09:31.457+0300][2.898s][info ][gc] GC(84) Concurrent Cycle 44.121ms
[2020-01-29T22:09:31.497+0300][2.937s][info ][gc] GC(86) Pause Young (Normal) (G1 Evacuation Pause) 114M->115M(256M) 38.067ms
[2020-01-29T22:09:31.534+0300][2.974s][info ][gc] GC(87) Pause Young (Normal) (G1 Evacuation Pause) 150M->151M(256M) 23.527ms
[2020-01-29T22:09:31.556+0300][2.997s][info ][gc] GC(88) Pause Young (Concurrent Start) (G1 Humongous Allocation) 158M->159M(256M) 8.852ms
[2020-01-29T22:09:31.557+0300][2.997s][info ][gc] GC(89) Concurrent Cycle
[2020-01-29T22:09:31.582+0300][3.022s][info ][gc] GC(90) Pause Young (Normal) (G1 Evacuation Pause) 200M->201M(256M) 16.260ms
[2020-01-29T22:09:31.583+0300][3.024s][debug][gc] GC(89) Reclaimed 133 empty regions
[2020-01-29T22:09:31.583+0300][3.024s][info ][gc] GC(89) Pause Remark 203M->70M(256M) 0.330ms
[2020-01-29T22:09:31.594+0300][3.034s][info ][gc] GC(91) Pause Young (Normal) (G1 Evacuation Pause) 76M->78M(256M) 7.918ms
[2020-01-29T22:09:31.645+0300][3.085s][info ][gc] GC(92) Pause Young (Normal) (G1 Evacuation Pause) 125M->126M(256M) 32.091ms
[2020-01-29T22:09:31.700+0300][3.140s][info ][gc] GC(93) Pause Young (Normal) (G1 Evacuation Pause) 158M->158M(256M) 39.475ms
[2020-01-29T22:09:31.705+0300][3.145s][info ][gc] GC(89) Pause Cleanup 158M->158M(256M) 0.054ms
[2020-01-29T22:09:31.705+0300][3.145s][info ][gc] GC(89) Concurrent Cycle 148.200ms
[2020-01-29T22:09:31.735+0300][3.175s][info ][gc] GC(94) Pause Young (Concurrent Start) (G1 Humongous Allocation) 165M->166M(256M) 16.706ms
[2020-01-29T22:09:31.735+0300][3.175s][info ][gc] GC(95) Concurrent Cycle
[2020-01-29T22:09:31.760+0300][3.201s][info ][gc] GC(96) Pause Young (Normal) (G1 Evacuation Pause) 206M->207M(256M) 15.453ms
[2020-01-29T22:09:31.761+0300][3.201s][debug][gc] GC(95) Reclaimed 140 empty regions
[2020-01-29T22:09:31.761+0300][3.201s][info ][gc] GC(95) Pause Remark 207M->67M(256M) 0.374ms
[2020-01-29T22:09:31.772+0300][3.213s][info ][gc] GC(97) Pause Young (Normal) (G1 Evacuation Pause) 76M->77M(256M) 7.200ms
[2020-01-29T22:09:31.822+0300][3.262s][info ][gc] GC(98) Pause Young (Normal) (G1 Evacuation Pause) 124M->125M(256M) 31.139ms
[2020-01-29T22:09:31.873+0300][3.313s][info ][gc] GC(99) Pause Young (Normal) (G1 Evacuation Pause) 157M->158M(256M) 35.883ms
[2020-01-29T22:09:31.874+0300][3.314s][info ][gc] GC(95) Pause Cleanup 158M->158M(256M) 0.057ms
[2020-01-29T22:09:31.874+0300][3.315s][info ][gc] GC(95) Concurrent Cycle 139.417ms
[2020-01-29T22:09:31.907+0300][3.347s][info ][gc] GC(100) Pause Young (Concurrent Start) (G1 Humongous Allocation) 164M->166M(256M) 19.353ms
[2020-01-29T22:09:31.907+0300][3.347s][info ][gc] GC(101) Concurrent Cycle
[2020-01-29T22:09:31.932+0300][3.372s][info ][gc] GC(102) Pause Young (Normal) (G1 Evacuation Pause) 206M->207M(256M) 15.564ms
[2020-01-29T22:09:31.933+0300][3.373s][debug][gc] GC(101) Reclaimed 138 empty regions
[2020-01-29T22:09:31.933+0300][3.373s][info ][gc] GC(101) Pause Remark 208M->70M(256M) 0.339ms
[2020-01-29T22:09:31.943+0300][3.384s][info ][gc] GC(103) Pause Young (Normal) (G1 Evacuation Pause) 78M->79M(256M) 6.997ms
[2020-01-29T22:09:31.998+0300][3.438s][info ][gc] GC(104) Pause Young (Normal) (G1 Evacuation Pause) 126M->126M(256M) 35.977ms
[2020-01-29T22:09:32.046+0300][3.486s][info ][gc] GC(105) Pause Young (Normal) (G1 Evacuation Pause) 158M->159M(256M) 35.071ms
[2020-01-29T22:09:32.050+0300][3.490s][info ][gc] GC(101) Pause Cleanup 165M->165M(256M) 0.047ms
[2020-01-29T22:09:32.051+0300][3.491s][info ][gc] GC(101) Concurrent Cycle 143.200ms
[2020-01-29T22:09:32.098+0300][3.537s][info ][gc] GC(106) Pause Young (Prepare Mixed) (G1 Evacuation Pause) 201M->202M(256M) 31.150ms
[2020-01-29T22:09:32.192+0300][3.633s][info ][gc] GC(107) Pause Young (Mixed) (G1 Evacuation Pause) 210M->198M(256M) 91.583ms
[2020-01-29T22:09:32.205+0300][3.645s][info ][gc] GC(108) Pause Young (Concurrent Start) (G1 Evacuation Pause) 208M->208M(256M) 8.239ms
[2020-01-29T22:09:32.205+0300][3.645s][info ][gc] GC(109) Concurrent Cycle
[2020-01-29T22:09:32.219+0300][3.660s][info ][gc] GC(110) Pause Young (Normal) (G1 Evacuation Pause) 218M->219M(256M) 8.242ms
[2020-01-29T22:09:32.232+0300][3.673s][info ][gc] GC(111) Pause Young (Normal) (G1 Evacuation Pause) 229M->230M(256M) 8.089ms
[2020-01-29T22:09:32.244+0300][3.685s][info ][gc] GC(112) Pause Young (Normal) (G1 Evacuation Pause) 240M->241M(256M) 8.039ms
[2020-01-29T22:09:32.263+0300][3.703s][info ][gc] GC(113) To-space exhausted
[2020-01-29T22:09:32.263+0300][3.704s][info ][gc] GC(113) Pause Young (Normal) (G1 Evacuation Pause) 251M->254M(256M) 14.676ms
[2020-01-29T22:09:32.273+0300][3.713s][info ][gc] GC(114) To-space exhausted
[2020-01-29T22:09:32.273+0300][3.713s][info ][gc] GC(114) Pause Young (Normal) (G1 Evacuation Pause) 256M->256M(256M) 8.753ms
[2020-01-29T22:09:32.273+0300][3.713s][debug][gc] GC(115) Clear Next Bitmap 0.073ms
[2020-01-29T22:09:32.325+0300][3.765s][info ][gc] GC(115) Pause Full (G1 Evacuation Pause) 256M->96M(256M) 51.854ms
[2020-01-29T22:09:32.325+0300][3.765s][info ][gc] GC(109) Concurrent Cycle 120.274ms
[2020-01-29T22:09:32.375+0300][3.815s][info ][gc] GC(116) Pause Young (Concurrent Start) (G1 Humongous Allocation) 136M->136M(256M) 22.918ms
[2020-01-29T22:09:32.375+0300][3.815s][info ][gc] GC(117) Concurrent Cycle
[2020-01-29T22:09:32.417+0300][3.857s][info ][gc] GC(118) Pause Young (Normal) (G1 Evacuation Pause) 185M->185M(256M) 20.919ms
[2020-01-29T22:09:32.420+0300][3.860s][debug][gc] GC(117) Reclaimed 91 empty regions
[2020-01-29T22:09:32.420+0300][3.860s][info ][gc] GC(117) Pause Remark 194M->104M(256M) 0.366ms
[2020-01-29T22:09:32.434+0300][3.874s][info ][gc] GC(119) Pause Young (Normal) (G1 Evacuation Pause) 109M->110M(256M) 11.519ms
[2020-01-29T22:09:32.478+0300][3.918s][info ][gc] GC(120) Pause Young (Normal) (G1 Evacuation Pause) 147M->148M(256M) 28.760ms
[2020-01-29T22:09:32.522+0300][3.962s][info ][gc] GC(121) Pause Young (Normal) (G1 Evacuation Pause) 173M->174M(256M) 33.706ms
[2020-01-29T22:09:32.568+0300][4.008s][info ][gc] GC(122) Pause Young (Normal) (G1 Evacuation Pause) 211M->212M(256M) 28.374ms
[2020-01-29T22:09:32.596+0300][4.036s][info ][gc] GC(123) Pause Young (Normal) (G1 Evacuation Pause) 221M->222M(256M) 23.396ms
[2020-01-29T22:09:32.626+0300][4.066s][info ][gc] GC(124) Pause Young (Normal) (G1 Evacuation Pause) 232M->233M(256M) 25.489ms
[2020-01-29T22:09:32.632+0300][4.073s][info ][gc] GC(117) Pause Cleanup 243M->243M(256M) 0.053ms
[2020-01-29T22:09:32.632+0300][4.073s][info ][gc] GC(117) Concurrent Cycle 258.076ms
[2020-01-29T22:09:32.656+0300][4.097s][info ][gc] GC(125) To-space exhausted
[2020-01-29T22:09:32.656+0300][4.097s][info ][gc] GC(125) Pause Young (Normal) (G1 Evacuation Pause) 243M->244M(256M) 23.963ms
[2020-01-29T22:09:32.683+0300][4.124s][info ][gc] GC(126) To-space exhausted
[2020-01-29T22:09:32.683+0300][4.124s][info ][gc] GC(126) Pause Young (Concurrent Start) (G1 Evacuation Pause) 254M->255M(256M) 22.800ms
[2020-01-29T22:09:32.683+0300][4.124s][info ][gc] GC(128) Concurrent Cycle
[2020-01-29T22:09:32.684+0300][4.124s][debug][gc] GC(127) Clear Next Bitmap 0.075ms
[2020-01-29T22:09:32.718+0300][4.158s][info ][gc] GC(127) Pause Full (G1 Evacuation Pause) 255M->66M(256M) 34.193ms
[2020-01-29T22:09:32.718+0300][4.158s][info ][gc] GC(128) Concurrent Cycle 34.528ms
[2020-01-29T22:09:32.784+0300][4.224s][info ][gc] GC(129) Pause Young (Normal) (G1 Evacuation Pause) 120M->120M(256M) 43.429ms
[2020-01-29T22:09:32.815+0300][4.255s][info ][gc] GC(130) Pause Young (Concurrent Start) (G1 Humongous Allocation) 136M->137M(256M) 13.774ms
[2020-01-29T22:09:32.815+0300][4.255s][info ][gc] GC(131) Concurrent Cycle
[2020-01-29T22:09:32.848+0300][4.288s][info ][gc] GC(132) Pause Young (Normal) (G1 Evacuation Pause) 185M->186M(256M) 20.468ms
[2020-01-29T22:09:32.852+0300][4.292s][debug][gc] GC(131) Reclaimed 109 empty regions
[2020-01-29T22:09:32.852+0300][4.292s][info ][gc] GC(131) Pause Remark 194M->86M(256M) 0.349ms
[2020-01-29T22:09:32.866+0300][4.305s][info ][gc] GC(133) Pause Young (Normal) (G1 Evacuation Pause) 91M->92M(256M) 11.624ms
[2020-01-29T22:09:32.912+0300][4.353s][info ][gc] GC(134) Pause Young (Normal) (G1 Evacuation Pause) 134M->135M(256M) 30.716ms
[2020-01-29T22:09:32.960+0300][4.400s][info ][gc] GC(135) Pause Young (Normal) (G1 Evacuation Pause) 164M->165M(256M) 35.993ms
[2020-01-29T22:09:33.014+0300][4.454s][info ][gc] GC(136) Pause Young (Normal) (G1 Evacuation Pause) 205M->207M(256M) 34.219ms
[2020-01-29T22:09:33.016+0300][4.457s][info ][gc] GC(131) Pause Cleanup 209M->209M(256M) 0.052ms
[2020-01-29T22:09:33.017+0300][4.457s][info ][gc] GC(131) Concurrent Cycle 201.709ms
[2020-01-29T22:09:33.044+0300][4.485s][info ][gc] GC(137) Pause Young (Normal) (G1 Evacuation Pause) 215M->216M(256M) 25.271ms
[2020-01-29T22:09:33.057+0300][4.497s][info ][gc] GC(138) Pause Young (Concurrent Start) (G1 Evacuation Pause) 226M->227M(256M) 8.012ms
[2020-01-29T22:09:33.057+0300][4.497s][info ][gc] GC(139) Concurrent Cycle
[2020-01-29T22:09:33.071+0300][4.511s][info ][gc] GC(140) Pause Young (Normal) (G1 Evacuation Pause) 237M->238M(256M) 7.765ms
[2020-01-29T22:09:33.088+0300][4.528s][info ][gc] GC(141) To-space exhausted
[2020-01-29T22:09:33.088+0300][4.528s][info ][gc] GC(141) Pause Young (Normal) (G1 Evacuation Pause) 248M->252M(256M) 12.561ms
[2020-01-29T22:09:33.100+0300][4.540s][info ][gc] GC(142) To-space exhausted
[2020-01-29T22:09:33.100+0300][4.540s][info ][gc] GC(142) Pause Young (Normal) (G1 Evacuation Pause) 255M->255M(256M) 10.563ms
[2020-01-29T22:09:33.100+0300][4.540s][debug][gc] GC(143) Clear Next Bitmap 0.069ms
[2020-01-29T22:09:33.144+0300][4.584s][info ][gc] GC(143) Pause Full (G1 Evacuation Pause) 255M->79M(256M) 44.493ms
[2020-01-29T22:09:33.144+0300][4.585s][info ][gc] GC(139) Concurrent Cycle 87.700ms
[2020-01-29T22:09:33.191+0300][4.632s][info ][gc] GC(144) Pause Young (Normal) (G1 Evacuation Pause) 125M->125M(256M) 25.848ms
[2020-01-29T22:09:33.217+0300][4.657s][info ][gc] GC(145) Pause Young (Concurrent Start) (G1 Humongous Allocation) 136M->137M(256M) 10.463ms
[2020-01-29T22:09:33.217+0300][4.657s][info ][gc] GC(146) Concurrent Cycle
[2020-01-29T22:09:33.250+0300][4.690s][info ][gc] GC(147) Pause Young (Normal) (G1 Evacuation Pause) 185M->186M(256M) 20.104ms
[2020-01-29T22:09:33.251+0300][4.691s][debug][gc] GC(146) Reclaimed 116 empty regions
[2020-01-29T22:09:33.251+0300][4.691s][info ][gc] GC(146) Pause Remark 187M->72M(256M) 0.482ms
[2020-01-29T22:09:33.267+0300][4.707s][info ][gc] GC(148) Pause Young (Normal) (G1 Evacuation Pause) 83M->84M(256M) 10.837ms
[2020-01-29T22:09:33.317+0300][4.758s][info ][gc] GC(149) Pause Young (Normal) (G1 Evacuation Pause) 129M->130M(256M) 32.646ms
[2020-01-29T22:09:33.373+0300][4.813s][info ][gc] GC(150) Pause Young (Normal) (G1 Evacuation Pause) 160M->161M(256M) 39.104ms
[2020-01-29T22:09:33.382+0300][4.822s][info ][gc] GC(146) Pause Cleanup 161M->161M(256M) 0.051ms
[2020-01-29T22:09:33.383+0300][4.823s][info ][gc] GC(146) Concurrent Cycle 165.526ms
[2020-01-29T22:09:33.409+0300][4.849s][info ][gc] GC(151) Pause Young (Concurrent Start) (G1 Humongous Allocation) 162M->163M(256M) 21.491ms
[2020-01-29T22:09:33.409+0300][4.849s][info ][gc] GC(152) Concurrent Cycle
[2020-01-29T22:09:33.416+0300][4.856s][debug][gc] GC(152) Reclaimed 141 empty regions
[2020-01-29T22:09:33.416+0300][4.856s][info ][gc] GC(152) Pause Remark 197M->56M(256M) 0.507ms
[2020-01-29T22:09:33.433+0300][4.873s][info ][gc] GC(153) Pause Young (Normal) (G1 Evacuation Pause) 62M->62M(256M) 14.016ms
[2020-01-29T22:09:33.447+0300][4.886s][info ][gc] GC(152) Pause Cleanup 95M->95M(256M) 0.042ms
[2020-01-29T22:09:33.447+0300][4.887s][info ][gc] GC(152) Concurrent Cycle 37.594ms
[2020-01-29T22:09:33.492+0300][4.933s][info ][gc] GC(154) Pause Young (Prepare Mixed) (G1 Evacuation Pause) 114M->115M(256M) 38.627ms
[2020-01-29T22:09:33.537+0300][4.978s][info ][gc] GC(155) Pause Young (Mixed) (G1 Evacuation Pause) 120M->107M(256M) 42.740ms
[2020-01-29T22:09:33.585+0300][5.025s][info ][gc] GC(156) Pause Young (Concurrent Start) (G1 Humongous Allocation) 145M->145M(256M) 22.217ms
[2020-01-29T22:09:33.585+0300][5.025s][info ][gc] GC(157) Concurrent Cycle
[2020-01-29T22:09:33.625+0300][5.066s][info ][gc] GC(158) Pause Young (Normal) (G1 Evacuation Pause) 191M->191M(256M) 19.038ms
[2020-01-29T22:09:33.631+0300][5.071s][debug][gc] GC(157) Reclaimed 89 empty regions
[2020-01-29T22:09:33.631+0300][5.071s][info ][gc] GC(157) Pause Remark 200M->111M(256M) 0.384ms
[2020-01-29T22:09:33.641+0300][5.082s][info ][gc] GC(159) Pause Young (Normal) (G1 Evacuation Pause) 113M->114M(256M) 9.567ms
[2020-01-29T22:09:33.682+0300][5.122s][info ][gc] GC(160) Pause Young (Normal) (G1 Evacuation Pause) 149M->149M(256M) 25.546ms
[2020-01-29T22:09:33.728+0300][5.168s][info ][gc] GC(161) Pause Young (Normal) (G1 Evacuation Pause) 174M->175M(256M) 31.023ms
[2020-01-29T22:09:33.771+0300][5.211s][info ][gc] GC(162) Pause Young (Normal) (G1 Evacuation Pause) 191M->192M(256M) 35.362ms
[2020-01-29T22:09:33.827+0300][5.266s][info ][gc] GC(163) Pause Young (Normal) (G1 Evacuation Pause) 223M->223M(256M) 27.602ms
[2020-01-29T22:09:33.827+0300][5.267s][info ][gc] GC(157) Pause Cleanup 224M->224M(256M) 0.055ms
[2020-01-29T22:09:33.827+0300][5.267s][info ][gc] GC(157) Concurrent Cycle 241.659ms
[2020-01-29T22:09:33.858+0300][5.299s][info ][gc] GC(164) Pause Young (Prepare Mixed) (G1 Evacuation Pause) 233M->234M(256M) 26.882ms
[2020-01-29T22:09:34.090+0300][5.530s][info ][gc] GC(165) To-space exhausted
[2020-01-29T22:09:34.090+0300][5.530s][info ][gc] GC(165) Pause Young (Mixed) (G1 Evacuation Pause) 244M->235M(256M) 227.037ms
[2020-01-29T22:09:34.107+0300][5.547s][info ][gc] GC(166) To-space exhausted
[2020-01-29T22:09:34.107+0300][5.547s][info ][gc] GC(166) Pause Young (Concurrent Start) (G1 Evacuation Pause) 245M->253M(256M) 12.751ms
[2020-01-29T22:09:34.107+0300][5.547s][info ][gc] GC(167) Concurrent Cycle
[2020-01-29T22:09:34.119+0300][5.559s][info ][gc] GC(168) To-space exhausted
[2020-01-29T22:09:34.119+0300][5.559s][info ][gc] GC(168) Pause Young (Normal) (G1 Evacuation Pause) 255M->255M(256M) 6.807ms
[2020-01-29T22:09:34.119+0300][5.559s][debug][gc] GC(169) Clear Next Bitmap 0.088ms
[2020-01-29T22:09:34.149+0300][5.590s][info ][gc] GC(169) Pause Full (G1 Evacuation Pause) 255M->59M(256M) 30.288ms
[2020-01-29T22:09:34.149+0300][5.590s][info ][gc] GC(167) Concurrent Cycle 42.808ms
[2020-01-29T22:09:34.199+0300][5.640s][info ][gc] GC(170) Pause Young (Normal) (G1 Evacuation Pause) 112M->112M(256M) 29.117ms
[2020-01-29T22:09:34.249+0300][5.691s][info ][gc] GC(171) Pause Young (Concurrent Start) (G1 Humongous Allocation) 136M->137M(256M) 17.051ms
[2020-01-29T22:09:34.249+0300][5.691s][info ][gc] GC(172) Concurrent Cycle
[2020-01-29T22:09:34.284+0300][5.727s][info ][gc] GC(173) Pause Young (Normal) (G1 Evacuation Pause) 185M->186M(256M) 20.415ms
[2020-01-29T22:09:34.289+0300][5.731s][debug][gc] GC(172) Reclaimed 90 empty regions
[2020-01-29T22:09:34.289+0300][5.732s][info ][gc] GC(172) Pause Remark 196M->107M(256M) 0.380ms
[2020-01-29T22:09:34.299+0300][5.743s][info ][gc] GC(174) Pause Young (Normal) (G1 Evacuation Pause) 110M->111M(256M) 9.803ms
[2020-01-29T22:09:34.344+0300][5.784s][info ][gc] GC(175) Pause Young (Normal) (G1 Evacuation Pause) 147M->148M(256M) 27.076ms
[2020-01-29T22:09:34.384+0300][5.827s][info ][gc] GC(176) Pause Young (Normal) (G1 Evacuation Pause) 173M->174M(256M) 32.346ms
[2020-01-29T22:09:34.444+0300][5.884s][info ][gc] GC(177) Pause Young (Normal) (G1 Evacuation Pause) 211M->211M(256M) 33.617ms
[2020-01-29T22:09:34.474+0300][5.915s][info ][gc] GC(178) Pause Young (Normal) (G1 Evacuation Pause) 220M->221M(256M) 26.937ms
[2020-01-29T22:09:34.508+0300][5.948s][info ][gc] GC(179) Pause Young (Normal) (G1 Evacuation Pause) 231M->232M(256M) 29.039ms
[2020-01-29T22:09:34.509+0300][5.950s][info ][gc] GC(172) Pause Cleanup 233M->233M(256M) 0.054ms
[2020-01-29T22:09:34.509+0300][5.950s][info ][gc] GC(172) Concurrent Cycle 259.068ms
[2020-01-29T22:09:34.544+0300][5.984s][info ][gc] GC(180) Pause Young (Prepare Mixed) (G1 Evacuation Pause) 242M->243M(256M) 30.391ms
[2020-01-29T22:09:34.684+0300][6.126s][info ][gc] GC(181) To-space exhausted
[2020-01-29T22:09:34.684+0300][6.126s][info ][gc] GC(181) Pause Young (Mixed) (G1 Evacuation Pause) 253M->254M(256M) 138.165ms
[2020-01-29T22:09:34.695+0300][6.135s][info ][gc] GC(182) To-space exhausted
[2020-01-29T22:09:34.695+0300][6.135s][info ][gc] GC(182) Pause Young (Concurrent Start) (G1 Evacuation Pause) 255M->255M(256M) 7.639ms
[2020-01-29T22:09:34.695+0300][6.135s][info ][gc] GC(184) Concurrent Cycle
[2020-01-29T22:09:34.695+0300][6.135s][debug][gc] GC(183) Clear Next Bitmap 0.056ms
[2020-01-29T22:09:34.729+0300][6.169s][info ][gc] GC(183) Pause Full (G1 Evacuation Pause) 255M->64M(256M) 33.685ms
[2020-01-29T22:09:34.729+0300][6.169s][info ][gc] GC(184) Concurrent Cycle 34.032ms
[2020-01-29T22:09:34.779+0300][6.223s][info ][gc] GC(185) Pause Young (Normal) (G1 Evacuation Pause) 120M->120M(256M) 32.279ms
[2020-01-29T22:09:34.819+0300][6.262s][info ][gc] GC(186) Pause Young (Concurrent Start) (G1 Humongous Allocation) 136M->137M(256M) 13.310ms
[2020-01-29T22:09:34.819+0300][6.262s][info ][gc] GC(187) Concurrent Cycle
[2020-01-29T22:09:34.859+0300][6.299s][info ][gc] GC(188) Pause Young (Normal) (G1 Evacuation Pause) 185M->185M(256M) 21.355ms
[2020-01-29T22:09:34.859+0300][6.300s][debug][gc] GC(187) Reclaimed 105 empty regions
[2020-01-29T22:09:34.859+0300][6.300s][info ][gc] GC(187) Pause Remark 186M->83M(256M) 0.492ms
[2020-01-29T22:09:34.879+0300][6.319s][info ][gc] GC(189) Pause Young (Normal) (G1 Evacuation Pause) 95M->95M(256M) 11.500ms
[2020-01-29T22:09:34.929+0300][6.369s][info ][gc] GC(190) Pause Young (Normal) (G1 Evacuation Pause) 136M->137M(256M) 31.818ms
[2020-01-29T22:09:34.990+0300][6.431s][info ][gc] GC(191) Pause Young (Normal) (G1 Evacuation Pause) 165M->166M(256M) 46.321ms
[2020-01-29T22:09:34.998+0300][6.443s][info ][gc] GC(187) Pause Cleanup 172M->172M(256M) 0.051ms
[2020-01-29T22:09:34.998+0300][6.443s][info ][gc] GC(187) Concurrent Cycle 180.782ms
[2020-01-29T22:09:35.039+0300][6.479s][info ][gc] GC(192) Pause Young (Concurrent Start) (G1 Humongous Allocation) 172M->173M(256M) 25.002ms
[2020-01-29T22:09:35.039+0300][6.479s][info ][gc] GC(193) Concurrent Cycle
[2020-01-29T22:09:35.059+0300][6.503s][info ][gc] GC(194) Pause Young (Normal) (G1 Evacuation Pause) 210M->211M(256M) 16.005ms
[2020-01-29T22:09:35.064+0300][6.505s][debug][gc] GC(193) Reclaimed 140 empty regions
[2020-01-29T22:09:35.064+0300][6.505s][info ][gc] GC(193) Pause Remark 215M->75M(256M) 0.433ms
[2020-01-29T22:09:35.074+0300][6.516s][info ][gc] GC(195) Pause Young (Normal) (G1 Evacuation Pause) 80M->80M(256M) 8.192ms
[2020-01-29T22:09:35.134+0300][6.575s][info ][gc] GC(196) Pause Young (Normal) (G1 Evacuation Pause) 126M->127M(256M) 39.519ms
[2020-01-29T22:09:35.147+0300][6.588s][info ][gc] GC(193) Pause Cleanup 158M->158M(256M) 0.048ms
[2020-01-29T22:09:35.193+0300][6.634s][info ][gc] GC(197) Pause Young (Prepare Mixed) (G1 Evacuation Pause) 158M->159M(256M) 45.568ms
[2020-01-29T22:09:35.193+0300][6.634s][info ][gc] GC(193) Concurrent Cycle 154.998ms
[2020-01-29T22:09:35.302+0300][6.742s][info ][gc] GC(198) Pause Young (Mixed) (G1 Evacuation Pause) 166M->148M(256M) 105.114ms
[2020-01-29T22:09:35.323+0300][6.763s][info ][gc] GC(199) Pause Young (Concurrent Start) (G1 Humongous Allocation) 153M->154M(256M) 7.583ms
[2020-01-29T22:09:35.323+0300][6.763s][info ][gc] GC(200) Concurrent Cycle
[2020-01-29T22:09:35.332+0300][6.772s][debug][gc] GC(200) Reclaimed 137 empty regions
[2020-01-29T22:09:35.332+0300][6.772s][info ][gc] GC(200) Pause Remark 190M->53M(256M) 0.421ms
[2020-01-29T22:09:35.350+0300][6.790s][info ][gc] GC(201) Pause Young (Normal) (G1 Evacuation Pause) 60M->57M(256M) 15.484ms
[2020-01-29T22:09:35.361+0300][6.801s][info ][gc] GC(200) Pause Cleanup 76M->76M(256M) 0.038ms
[2020-01-29T22:09:35.361+0300][6.801s][info ][gc] GC(200) Concurrent Cycle 38.136ms
[2020-01-29T22:09:35.412+0300][6.851s][info ][gc] GC(202) Pause Young (Normal) (G1 Evacuation Pause) 110M->111M(256M) 36.673ms
[2020-01-29T22:09:35.457+0300][6.898s][info ][gc] GC(203) Pause Young (Concurrent Start) (G1 Evacuation Pause) 147M->148M(256M) 32.125ms
[2020-01-29T22:09:35.457+0300][6.898s][info ][gc] GC(204) Concurrent Cycle
[2020-01-29T22:09:35.518+0300][6.959s][info ][gc] GC(205) Pause Young (Normal) (G1 Evacuation Pause) 193M->194M(256M) 35.512ms
[2020-01-29T22:09:35.538+0300][6.978s][info ][gc] GC(206) Pause Young (Normal) (G1 Evacuation Pause) 204M->205M(256M) 12.550ms
[2020-01-29T22:09:35.558+0300][6.998s][info ][gc] GC(207) Pause Young (Normal) (G1 Evacuation Pause) 215M->216M(256M) 14.976ms
[2020-01-29T22:09:35.574+0300][7.014s][info ][gc] GC(208) Pause Young (Normal) (G1 Evacuation Pause) 226M->226M(256M) 8.432ms
[2020-01-29T22:09:35.596+0300][7.036s][info ][gc] GC(209) Pause Young (Normal) (G1 Evacuation Pause) 236M->237M(256M) 17.119ms
[2020-01-29T22:09:35.620+0300][7.060s][info ][gc] GC(210) To-space exhausted
[2020-01-29T22:09:35.620+0300][7.060s][info ][gc] GC(210) Pause Young (Normal) (G1 Evacuation Pause) 247M->250M(256M) 16.104ms
[2020-01-29T22:09:35.648+0300][7.088s][info ][gc] GC(211) To-space exhausted
[2020-01-29T22:09:35.648+0300][7.088s][info ][gc] GC(211) Pause Young (Normal) (G1 Evacuation Pause) 256M->256M(256M) 23.742ms
[2020-01-29T22:09:35.648+0300][7.088s][debug][gc] GC(212) Clear Next Bitmap 0.098ms
[2020-01-29T22:09:35.708+0300][7.148s][info ][gc] GC(212) Pause Full (G1 Evacuation Pause) 256M->99M(256M) 59.892ms
[2020-01-29T22:09:35.708+0300][7.148s][info ][gc] GC(204) Concurrent Cycle 250.364ms
[2020-01-29T22:09:35.755+0300][7.195s][info ][gc] GC(213) Pause Young (Concurrent Start) (G1 Humongous Allocation) 136M->136M(256M) 21.348ms
[2020-01-29T22:09:35.755+0300][7.195s][info ][gc] GC(214) Concurrent Cycle
[2020-01-29T22:09:35.794+0300][7.234s][info ][gc] GC(215) Pause Young (Normal) (G1 Evacuation Pause) 184M->185M(256M) 20.040ms
[2020-01-29T22:09:35.799+0300][7.238s][debug][gc] GC(214) Reclaimed 93 empty regions
[2020-01-29T22:09:35.799+0300][7.239s][info ][gc] GC(214) Pause Remark 194M->103M(256M) 0.453ms
[2020-01-29T22:09:35.812+0300][7.252s][info ][gc] GC(216) Pause Young (Normal) (G1 Evacuation Pause) 107M->108M(256M) 11.475ms
[2020-01-29T22:09:35.855+0300][7.296s][info ][gc] GC(217) Pause Young (Normal) (G1 Evacuation Pause) 145M->146M(256M) 28.844ms
[2020-01-29T22:09:35.910+0300][7.351s][info ][gc] GC(218) Pause Young (Normal) (G1 Evacuation Pause) 171M->172M(256M) 31.963ms
[2020-01-29T22:09:35.956+0300][7.397s][info ][gc] GC(219) Pause Young (Normal) (G1 Evacuation Pause) 209M->210M(256M) 27.032ms
[2020-01-29T22:09:35.959+0300][7.399s][info ][gc] GC(214) Pause Cleanup 217M->217M(256M) 0.046ms
[2020-01-29T22:09:35.959+0300][7.400s][info ][gc] GC(214) Concurrent Cycle 204.793ms
[2020-01-29T22:09:35.981+0300][7.421s][info ][gc] GC(220) Pause Young (Normal) (G1 Evacuation Pause) 219M->220M(256M) 21.218ms
[2020-01-29T22:09:35.993+0300][7.434s][info ][gc] GC(221) Pause Young (Concurrent Start) (G1 Evacuation Pause) 230M->230M(256M) 8.209ms
[2020-01-29T22:09:35.994+0300][7.434s][info ][gc] GC(222) Concurrent Cycle
[2020-01-29T22:09:36.010+0300][7.450s][info ][gc] GC(223) Pause Young (Normal) (G1 Evacuation Pause) 240M->241M(256M) 9.930ms
[2020-01-29T22:09:36.031+0300][7.471s][info ][gc] GC(224) To-space exhausted
[2020-01-29T22:09:36.031+0300][7.472s][info ][gc] GC(224) Pause Young (Normal) (G1 Evacuation Pause) 251M->254M(256M) 15.715ms
[2020-01-29T22:09:36.038+0300][7.479s][info ][gc] GC(225) To-space exhausted
[2020-01-29T22:09:36.039+0300][7.479s][info ][gc] GC(225) Pause Young (Normal) (G1 Evacuation Pause) 255M->255M(256M) 7.074ms
[2020-01-29T22:09:36.039+0300][7.479s][debug][gc] GC(226) Clear Next Bitmap 0.082ms
[2020-01-29T22:09:36.075+0300][7.515s][info ][gc] GC(226) Pause Full (G1 Evacuation Pause) 255M->66M(256M) 35.869ms
[2020-01-29T22:09:36.075+0300][7.515s][info ][gc] GC(222) Concurrent Cycle 81.659ms
[2020-01-29T22:09:36.125+0300][7.565s][info ][gc] GC(227) Pause Young (Normal) (G1 Evacuation Pause) 117M->117M(256M) 29.293ms
[2020-01-29T22:09:36.159+0300][7.598s][info ][gc] GC(228) Pause Young (Concurrent Start) (G1 Humongous Allocation) 137M->138M(256M) 15.949ms
[2020-01-29T22:09:36.159+0300][7.598s][info ][gc] GC(229) Concurrent Cycle
[2020-01-29T22:09:36.193+0300][7.633s][info ][gc] GC(230) Pause Young (Normal) (G1 Evacuation Pause) 185M->185M(256M) 20.546ms
[2020-01-29T22:09:36.196+0300][7.637s][debug][gc] GC(229) Reclaimed 105 empty regions
[2020-01-29T22:09:36.196+0300][7.637s][info ][gc] GC(229) Pause Remark 194M->92M(256M) 0.413ms
[2020-01-29T22:09:36.207+0300][7.648s][info ][gc] GC(231) Pause Young (Normal) (G1 Evacuation Pause) 95M->96M(256M) 9.697ms
[2020-01-29T22:09:36.254+0300][7.694s][info ][gc] GC(232) Pause Young (Normal) (G1 Evacuation Pause) 137M->138M(256M) 29.434ms
[2020-01-29T22:09:36.301+0300][7.741s][info ][gc] GC(233) Pause Young (Normal) (G1 Evacuation Pause) 166M->168M(256M) 35.459ms
[2020-01-29T22:09:36.352+0300][7.793s][info ][gc] GC(234) Pause Young (Normal) (G1 Evacuation Pause) 207M->208M(256M) 31.580ms
[2020-01-29T22:09:36.383+0300][7.823s][info ][gc] GC(235) Pause Young (Normal) (G1 Evacuation Pause) 217M->217M(256M) 25.698ms
[2020-01-29T22:09:36.384+0300][7.825s][info ][gc] GC(229) Pause Cleanup 222M->222M(256M) 0.046ms
[2020-01-29T22:09:36.385+0300][7.825s][info ][gc] GC(229) Concurrent Cycle 226.350ms
[2020-01-29T22:09:36.411+0300][7.851s][info ][gc] GC(236) Pause Young (Normal) (G1 Evacuation Pause) 227M->228M(256M) 24.127ms
[2020-01-29T22:09:36.423+0300][7.863s][info ][gc] GC(237) Pause Young (Concurrent Start) (G1 Evacuation Pause) 238M->238M(256M) 8.080ms
[2020-01-29T22:09:36.423+0300][7.863s][info ][gc] GC(238) Concurrent Cycle
[2020-01-29T22:09:36.443+0300][7.883s][info ][gc] GC(239) To-space exhausted
[2020-01-29T22:09:36.443+0300][7.883s][info ][gc] GC(239) Pause Young (Normal) (G1 Evacuation Pause) 248M->251M(256M) 13.763ms
[2020-01-29T22:09:36.456+0300][7.896s][info ][gc] GC(240) To-space exhausted
[2020-01-29T22:09:36.456+0300][7.896s][info ][gc] GC(240) Pause Young (Normal) (G1 Evacuation Pause) 255M->255M(256M) 11.645ms
[2020-01-29T22:09:36.457+0300][7.897s][debug][gc] GC(241) Clear Next Bitmap 0.075ms
[2020-01-29T22:09:36.501+0300][7.941s][info ][gc] GC(241) Pause Full (G1 Evacuation Pause) 255M->76M(256M) 44.490ms
[2020-01-29T22:09:36.501+0300][7.941s][info ][gc] GC(238) Concurrent Cycle 78.235ms
[2020-01-29T22:09:36.548+0300][7.988s][info ][gc] GC(242) Pause Young (Normal) (G1 Evacuation Pause) 124M->124M(256M) 27.735ms
[2020-01-29T22:09:36.574+0300][8.015s][info ][gc] GC(243) Pause Young (Concurrent Start) (G1 Humongous Allocation) 136M->137M(256M) 11.464ms
[2020-01-29T22:09:36.574+0300][8.015s][info ][gc] GC(244) Concurrent Cycle
[2020-01-29T22:09:36.607+0300][8.047s][info ][gc] GC(245) Pause Young (Normal) (G1 Evacuation Pause) 185M->186M(256M) 20.649ms
[2020-01-29T22:09:36.609+0300][8.049s][debug][gc] GC(244) Reclaimed 115 empty regions
[2020-01-29T22:09:36.609+0300][8.049s][info ][gc] GC(244) Pause Remark 189M->76M(256M) 0.427ms
[2020-01-29T22:09:36.623+0300][8.063s][info ][gc] GC(246) Pause Young (Normal) (G1 Evacuation Pause) 85M->86M(256M) 10.203ms
[2020-01-29T22:09:36.672+0300][8.112s][info ][gc] GC(247) Pause Young (Normal) (G1 Evacuation Pause) 130M->130M(256M) 31.656ms
[2020-01-29T22:09:36.725+0300][8.165s][info ][gc] GC(248) Pause Young (Normal) (G1 Evacuation Pause) 160M->161M(256M) 40.756ms
[2020-01-29T22:09:36.740+0300][8.180s][info ][gc] GC(244) Pause Cleanup 190M->190M(256M) 0.042ms
[2020-01-29T22:09:36.740+0300][8.180s][info ][gc] GC(244) Concurrent Cycle 165.477ms
[2020-01-29T22:09:36.777+0300][8.217s][info ][gc] GC(249) Pause Young (Normal) (G1 Evacuation Pause) 202M->203M(256M) 31.998ms
[2020-01-29T22:09:36.789+0300][8.229s][info ][gc] GC(250) Pause Young (Concurrent Start) (G1 Evacuation Pause) 211M->212M(256M) 8.903ms
[2020-01-29T22:09:36.789+0300][8.229s][info ][gc] GC(251) Concurrent Cycle
[2020-01-29T22:09:36.802+0300][8.243s][info ][gc] GC(252) Pause Young (Normal) (G1 Evacuation Pause) 222M->223M(256M) 7.216ms
[2020-01-29T22:09:36.815+0300][8.255s][info ][gc] GC(253) Pause Young (Normal) (G1 Evacuation Pause) 233M->234M(256M) 8.048ms
[2020-01-29T22:09:36.828+0300][8.268s][info ][gc] GC(254) To-space exhausted
[2020-01-29T22:09:36.828+0300][8.268s][info ][gc] GC(254) Pause Young (Normal) (G1 Evacuation Pause) 244M->245M(256M) 8.675ms
[2020-01-29T22:09:36.851+0300][8.291s][info ][gc] GC(255) To-space exhausted
[2020-01-29T22:09:36.851+0300][8.291s][info ][gc] GC(255) Pause Young (Normal) (G1 Evacuation Pause) 255M->255M(256M) 19.574ms
[2020-01-29T22:09:36.852+0300][8.291s][debug][gc] GC(256) Clear Next Bitmap 0.059ms
[2020-01-29T22:09:36.899+0300][8.339s][info ][gc] GC(256) Pause Full (G1 Evacuation Pause) 255M->89M(256M) 47.284ms
[2020-01-29T22:09:36.899+0300][8.339s][info ][gc] GC(251) Concurrent Cycle 109.959ms
[2020-01-29T22:09:36.942+0300][8.381s][info ][gc] GC(257) Pause Young (Normal) (G1 Evacuation Pause) 132M->132M(256M) 24.213ms
[2020-01-29T22:09:36.960+0300][8.401s][info ][gc] GC(258) Pause Young (Concurrent Start) (G1 Humongous Allocation) 137M->138M(256M) 6.739ms
[2020-01-29T22:09:36.960+0300][8.401s][info ][gc] GC(259) Concurrent Cycle
[2020-01-29T22:09:36.971+0300][8.411s][debug][gc] GC(259) Reclaimed 124 empty regions
[2020-01-29T22:09:36.971+0300][8.411s][info ][gc] GC(259) Pause Remark 179M->57M(256M) 0.520ms
[2020-01-29T22:09:36.990+0300][8.431s][info ][gc] GC(260) Pause Young (Normal) (G1 Evacuation Pause) 63M->59M(256M) 17.320ms
[2020-01-29T22:09:37.006+0300][8.447s][info ][gc] GC(259) Pause Cleanup 100M->100M(256M) 0.038ms
[2020-01-29T22:09:37.007+0300][8.447s][info ][gc] GC(259) Concurrent Cycle 46.162ms
[2020-01-29T22:09:37.052+0300][8.492s][info ][gc] GC(261) Pause Young (Normal) (G1 Evacuation Pause) 112M->112M(256M) 40.034ms
[2020-01-29T22:09:37.099+0300][8.540s][info ][gc] GC(262) Pause Young (Concurrent Start) (G1 Humongous Allocation) 147M->147M(256M) 23.815ms
[2020-01-29T22:09:37.100+0300][8.540s][info ][gc] GC(263) Concurrent Cycle
[2020-01-29T22:09:37.141+0300][8.581s][info ][gc] GC(264) Pause Young (Normal) (G1 Evacuation Pause) 192M->193M(256M) 18.753ms
[2020-01-29T22:09:37.145+0300][8.585s][debug][gc] GC(263) Reclaimed 95 empty regions
[2020-01-29T22:09:37.145+0300][8.585s][info ][gc] GC(263) Pause Remark 203M->108M(256M) 0.432ms
[2020-01-29T22:09:37.155+0300][8.595s][info ][gc] GC(265) Pause Young (Normal) (G1 Evacuation Pause) 109M->110M(256M) 9.475ms
[2020-01-29T22:09:37.197+0300][8.637s][info ][gc] GC(266) Pause Young (Normal) (G1 Evacuation Pause) 147M->148M(256M) 27.293ms
[2020-01-29T22:09:37.240+0300][8.679s][info ][gc] GC(267) Pause Young (Normal) (G1 Evacuation Pause) 173M->174M(256M) 32.242ms
[2020-01-29T22:09:37.292+0300][8.732s][info ][gc] GC(268) Pause Young (Normal) (G1 Evacuation Pause) 211M->212M(256M) 34.262ms
[2020-01-29T22:09:37.322+0300][8.763s][info ][gc] GC(269) Pause Young (Normal) (G1 Evacuation Pause) 221M->222M(256M) 27.458ms
[2020-01-29T22:09:37.356+0300][8.796s][info ][gc] GC(270) Pause Young (Normal) (G1 Evacuation Pause) 232M->233M(256M) 29.270ms
[2020-01-29T22:09:37.393+0300][8.833s][info ][gc] GC(271) To-space exhausted
[2020-01-29T22:09:37.393+0300][8.833s][info ][gc] GC(271) Pause Young (Normal) (G1 Evacuation Pause) 243M->245M(256M) 32.641ms
[2020-01-29T22:09:37.440+0300][8.880s][info ][gc] GC(272) To-space exhausted
[2020-01-29T22:09:37.440+0300][8.880s][info ][gc] GC(272) Pause Young (Normal) (G1 Evacuation Pause) 255M->255M(256M) 38.446ms
[2020-01-29T22:09:37.440+0300][8.881s][debug][gc] GC(273) Clear Next Bitmap 0.071ms
[2020-01-29T22:09:37.471+0300][8.912s][info ][gc] GC(273) Pause Full (G1 Evacuation Pause) 255M->60M(256M) 31.301ms
[2020-01-29T22:09:37.472+0300][8.912s][info ][gc] GC(263) Concurrent Cycle 372.244ms
[2020-01-29T22:09:37.521+0300][8.961s][info ][gc] GC(274) Pause Young (Normal) (G1 Evacuation Pause) 112M->113M(256M) 28.980ms
[2020-01-29T22:09:37.559+0300][8.999s][info ][gc] GC(275) Pause Young (Concurrent Start) (G1 Humongous Allocation) 137M->137M(256M) 17.320ms
[2020-01-29T22:09:37.559+0300][8.999s][info ][gc] GC(276) Concurrent Cycle
[2020-01-29T22:09:37.595+0300][9.035s][info ][gc] GC(277) Pause Young (Normal) (G1 Evacuation Pause) 184M->184M(256M) 19.814ms
[2020-01-29T22:09:37.599+0300][9.039s][debug][gc] GC(276) Reclaimed 103 empty regions
[2020-01-29T22:09:37.599+0300][9.039s][info ][gc] GC(276) Pause Remark 194M->94M(256M) 0.414ms
[2020-01-29T22:09:37.612+0300][9.052s][info ][gc] GC(278) Pause Young (Normal) (G1 Evacuation Pause) 97M->98M(256M) 11.588ms
[2020-01-29T22:09:37.659+0300][9.099s][info ][gc] GC(279) Pause Young (Normal) (G1 Evacuation Pause) 138M->140M(256M) 30.379ms
[2020-01-29T22:09:37.705+0300][9.145s][info ][gc] GC(280) Pause Young (Normal) (G1 Evacuation Pause) 167M->168M(256M) 35.037ms
[2020-01-29T22:09:37.758+0300][9.198s][info ][gc] GC(281) Pause Young (Normal) (G1 Evacuation Pause) 207M->207M(256M) 32.243ms
[2020-01-29T22:09:37.789+0300][9.230s][info ][gc] GC(282) Pause Young (Normal) (G1 Evacuation Pause) 216M->217M(256M) 26.992ms
[2020-01-29T22:09:37.794+0300][9.234s][info ][gc] GC(276) Pause Cleanup 224M->224M(256M) 0.055ms
[2020-01-29T22:09:37.794+0300][9.234s][info ][gc] GC(276) Concurrent Cycle 235.162ms
[2020-01-29T22:09:37.819+0300][9.259s][info ][gc] GC(283) Pause Young (Normal) (G1 Evacuation Pause) 227M->228M(256M) 23.589ms
[2020-01-29T22:09:37.831+0300][9.271s][info ][gc] GC(284) Pause Young (Concurrent Start) (G1 Evacuation Pause) 238M->239M(256M) 8.330ms
[2020-01-29T22:09:37.831+0300][9.272s][info ][gc] GC(285) Concurrent Cycle
[2020-01-29T22:09:37.851+0300][9.291s][info ][gc] GC(286) To-space exhausted
[2020-01-29T22:09:37.852+0300][9.291s][info ][gc] GC(286) Pause Young (Normal) (G1 Evacuation Pause) 249M->251M(256M) 13.517ms
[2020-01-29T22:09:37.873+0300][9.313s][info ][gc] GC(287) To-space exhausted
[2020-01-29T22:09:37.873+0300][9.313s][info ][gc] GC(287) Pause Young (Normal) (G1 Evacuation Pause) 255M->255M(256M) 15.363ms
[2020-01-29T22:09:37.873+0300][9.313s][debug][gc] GC(288) Clear Next Bitmap 0.091ms
[2020-01-29T22:09:37.927+0300][9.367s][info ][gc] GC(288) Pause Full (G1 Evacuation Pause) 255M->75M(256M) 54.398ms
[2020-01-29T22:09:37.934+0300][9.374s][info ][gc] GC(285) Concurrent Cycle 102.865ms
[2020-01-29T22:09:37.986+0300][9.426s][info ][gc] GC(289) Pause Young (Normal) (G1 Evacuation Pause) 123M->123M(256M) 35.812ms
[2020-01-29T22:09:38.014+0300][9.454s][info ][gc] GC(290) Pause Young (Concurrent Start) (G1 Humongous Allocation) 137M->138M(256M) 11.894ms
[2020-01-29T22:09:38.014+0300][9.454s][info ][gc] GC(291) Concurrent Cycle
[2020-01-29T22:09:38.046+0300][9.486s][info ][gc] GC(292) Pause Young (Normal) (G1 Evacuation Pause) 186M->187M(256M) 19.835ms
[2020-01-29T22:09:38.048+0300][9.489s][debug][gc] GC(291) Reclaimed 111 empty regions
[2020-01-29T22:09:38.049+0300][9.489s][info ][gc] GC(291) Pause Remark 192M->82M(256M) 0.498ms
[2020-01-29T22:09:38.063+0300][9.503s][info ][gc] GC(293) Pause Young (Normal) (G1 Evacuation Pause) 89M->90M(256M) 11.039ms
[2020-01-29T22:09:38.111+0300][9.551s][info ][gc] GC(294) Pause Young (Normal) (G1 Evacuation Pause) 133M->134M(256M) 31.430ms
[2020-01-29T22:09:38.165+0300][9.605s][info ][gc] GC(295) Pause Young (Normal) (G1 Evacuation Pause) 163M->164M(256M) 41.561ms
[2020-01-29T22:09:38.218+0300][9.658s][info ][gc] GC(296) Pause Young (Normal) (G1 Evacuation Pause) 204M->205M(256M) 33.527ms
[2020-01-29T22:09:38.219+0300][9.659s][info ][gc] GC(291) Pause Cleanup 206M->206M(256M) 0.050ms
[2020-01-29T22:09:38.219+0300][9.659s][info ][gc] GC(291) Concurrent Cycle 204.651ms
[2020-01-29T22:09:38.246+0300][9.686s][info ][gc] GC(297) Pause Young (Normal) (G1 Evacuation Pause) 213M->213M(256M) 24.941ms
[2020-01-29T22:09:38.259+0300][9.699s][info ][gc] GC(298) Pause Young (Concurrent Start) (G1 Evacuation Pause) 223M->224M(256M) 8.432ms
[2020-01-29T22:09:38.259+0300][9.699s][info ][gc] GC(299) Concurrent Cycle
[2020-01-29T22:09:38.272+0300][9.713s][info ][gc] GC(300) Pause Young (Normal) (G1 Evacuation Pause) 234M->236M(256M) 7.303ms
[2020-01-29T22:09:38.288+0300][9.728s][info ][gc] GC(301) To-space exhausted
[2020-01-29T22:09:38.288+0300][9.728s][info ][gc] GC(301) Pause Young (Normal) (G1 Evacuation Pause) 246M->249M(256M) 11.262ms
[2020-01-29T22:09:38.304+0300][9.744s][info ][gc] GC(302) To-space exhausted
[2020-01-29T22:09:38.304+0300][9.744s][info ][gc] GC(302) Pause Young (Normal) (G1 Evacuation Pause) 255M->255M(256M) 13.259ms
[2020-01-29T22:09:38.304+0300][9.744s][debug][gc] GC(303) Clear Next Bitmap 0.112ms
[2020-01-29T22:09:38.348+0300][9.789s][info ][gc] GC(303) Pause Full (G1 Evacuation Pause) 255M->82M(256M) 44.575ms
[2020-01-29T22:09:38.349+0300][9.789s][info ][gc] GC(299) Concurrent Cycle 90.544ms
[2020-01-29T22:09:38.394+0300][9.834s][info ][gc] GC(304) Pause Young (Normal) (G1 Evacuation Pause) 128M->128M(256M) 27.207ms
[2020-01-29T22:09:38.417+0300][9.857s][info ][gc] GC(305) Pause Young (Concurrent Start) (G1 Humongous Allocation) 136M->137M(256M) 9.461ms
[2020-01-29T22:09:38.417+0300][9.857s][info ][gc] GC(306) Concurrent Cycle
[2020-01-29T22:09:38.428+0300][9.869s][debug][gc] GC(306) Reclaimed 116 empty regions
[2020-01-29T22:09:38.429+0300][9.869s][info ][gc] GC(306) Pause Remark 183M->68M(256M) 0.451ms
[2020-01-29T22:09:38.448+0300][9.889s][info ][gc] GC(307) Pause Young (Normal) (G1 Evacuation Pause) 70M->67M(256M) 18.617ms
[2020-01-29T22:09:38.512+0300][9.952s][info ][gc] GC(308) Pause Young (Normal) (G1 Evacuation Pause) 118M->119M(256M) 43.250ms
[2020-01-29T22:09:38.514+0300][9.954s][info ][gc] GC(306) Pause Cleanup 124M->124M(256M) 0.121ms
[2020-01-29T22:09:38.514+0300][9.954s][info ][gc] GC(306) Concurrent Cycle 97.035ms
[2020-01-29T22:09:38.567+0300][10.007s][info ][gc] GC(309) Pause Young (Normal) (G1 Evacuation Pause) 153M->154M(256M) 41.497ms
[2020-01-29T22:09:38.584+0300][10.024s][info ][gc] GC(310) Pause Young (Concurrent Start) (G1 Humongous Allocation) 156M->157M(256M) 5.820ms
[2020-01-29T22:09:38.584+0300][10.024s][info ][gc] GC(311) Concurrent Cycle
[2020-01-29T22:09:38.593+0300][10.033s][debug][gc] GC(311) Reclaimed 140 empty regions
[2020-01-29T22:09:38.593+0300][10.033s][info ][gc] GC(311) Pause Remark 195M->55M(256M) 0.454ms
[2020-01-29T22:09:38.610+0300][10.049s][info ][gc] GC(312) Pause Young (Normal) (G1 Evacuation Pause) 59M->57M(256M) 14.817ms
[2020-01-29T22:09:38.626+0300][10.066s][info ][gc] GC(311) Pause Cleanup 98M->98M(256M) 0.041ms
[2020-01-29T22:09:38.626+0300][10.066s][info ][gc] GC(311) Concurrent Cycle 41.448ms
[2020-01-29T22:09:38.668+0300][10.109s][info ][gc] GC(313) Pause Young (Normal) (G1 Evacuation Pause) 110M->111M(256M) 38.065ms
[2020-01-29T22:09:38.706+0300][10.146s][info ][gc] GC(314) Pause Young (Concurrent Start) (G1 Evacuation Pause) 147M->148M(256M) 23.724ms
[2020-01-29T22:09:38.706+0300][10.147s][info ][gc] GC(315) Concurrent Cycle
[2020-01-29T22:09:38.748+0300][10.189s][info ][gc] GC(316) Pause Young (Normal) (G1 Evacuation Pause) 193M->194M(256M) 19.135ms
[2020-01-29T22:09:38.762+0300][10.202s][info ][gc] GC(317) Pause Young (Normal) (G1 Evacuation Pause) 204M->204M(256M) 9.223ms
[2020-01-29T22:09:38.774+0300][10.214s][info ][gc] GC(318) Pause Young (Normal) (G1 Evacuation Pause) 214M->215M(256M) 7.920ms
[2020-01-29T22:09:38.786+0300][10.226s][info ][gc] GC(319) Pause Young (Normal) (G1 Evacuation Pause) 225M->226M(256M) 7.951ms
[2020-01-29T22:09:38.798+0300][10.239s][info ][gc] GC(320) Pause Young (Normal) (G1 Evacuation Pause) 236M->237M(256M) 8.046ms
[2020-01-29T22:09:38.816+0300][10.255s][info ][gc] GC(321) To-space exhausted
[2020-01-29T22:09:38.816+0300][10.256s][info ][gc] GC(321) Pause Young (Normal) (G1 Evacuation Pause) 247M->250M(256M) 12.834ms
[2020-01-29T22:09:38.830+0300][10.270s][info ][gc] GC(322) To-space exhausted
[2020-01-29T22:09:38.830+0300][10.271s][info ][gc] GC(322) Pause Young (Normal) (G1 Evacuation Pause) 255M->255M(256M) 12.902ms
[2020-01-29T22:09:38.830+0300][10.271s][debug][gc] GC(323) Clear Next Bitmap 0.064ms
[2020-01-29T22:09:38.883+0300][10.324s][info ][gc] GC(323) Pause Full (G1 Evacuation Pause) 255M->97M(256M) 53.394ms
[2020-01-29T22:09:38.884+0300][10.324s][info ][gc] GC(315) Concurrent Cycle 177.763ms
[2020-01-29T22:09:38.935+0300][10.374s][info ][gc] GC(324) Pause Young (Concurrent Start) (G1 Humongous Allocation) 137M->136M(256M) 23.414ms
[2020-01-29T22:09:38.935+0300][10.374s][info ][gc] GC(325) Concurrent Cycle
[2020-01-29T22:09:38.976+0300][10.416s][info ][gc] GC(326) Pause Young (Normal) (G1 Evacuation Pause) 184M->185M(256M) 20.992ms
[2020-01-29T22:09:38.980+0300][10.420s][debug][gc] GC(325) Reclaimed 96 empty regions
[2020-01-29T22:09:38.980+0300][10.420s][info ][gc] GC(325) Pause Remark 195M->101M(256M) 0.569ms
[2020-01-29T22:09:38.994+0300][10.433s][info ][gc] GC(327) Pause Young (Normal) (G1 Evacuation Pause) 104M->105M(256M) 11.750ms
[2020-01-29T22:09:39.037+0300][10.477s][info ][gc] GC(328) Pause Young (Normal) (G1 Evacuation Pause) 143M->143M(256M) 28.903ms
[2020-01-29T22:09:39.081+0300][10.521s][info ][gc] GC(329) Pause Young (Normal) (G1 Evacuation Pause) 169M->170M(256M) 33.395ms
[2020-01-29T22:09:39.131+0300][10.571s][info ][gc] GC(330) Pause Young (Normal) (G1 Evacuation Pause) 208M->209M(256M) 31.387ms
[2020-01-29T22:09:39.160+0300][10.600s][info ][gc] GC(331) Pause Young (Normal) (G1 Evacuation Pause) 218M->219M(256M) 24.769ms
[2020-01-29T22:09:39.190+0300][10.630s][info ][gc] GC(332) Pause Young (Normal) (G1 Evacuation Pause) 229M->230M(256M) 26.171ms
[2020-01-29T22:09:39.225+0300][10.666s][info ][gc] GC(333) Pause Young (Normal) (G1 Evacuation Pause) 240M->241M(256M) 31.884ms
[2020-01-29T22:09:39.266+0300][10.706s][info ][gc] GC(334) To-space exhausted
[2020-01-29T22:09:39.266+0300][10.706s][info ][gc] GC(334) Pause Young (Normal) (G1 Evacuation Pause) 251M->255M(256M) 35.762ms
[2020-01-29T22:09:39.266+0300][10.707s][debug][gc] GC(335) Clear Next Bitmap 0.074ms
[2020-01-29T22:09:39.308+0300][10.748s][info ][gc] GC(335) Pause Full (G1 Evacuation Pause) 255M->69M(256M) 41.572ms
[2020-01-29T22:09:39.308+0300][10.748s][info ][gc] GC(325) Concurrent Cycle 373.895ms
[2020-01-29T22:09:39.357+0300][10.797s][info ][gc] GC(336) Pause Young (Normal) (G1 Evacuation Pause) 120M->120M(256M) 28.651ms
[2020-01-29T22:09:39.388+0300][10.828s][info ][gc] GC(337) Pause Young (Concurrent Start) (G1 Humongous Allocation) 137M->137M(256M) 14.058ms
[2020-01-29T22:09:39.388+0300][10.828s][info ][gc] GC(338) Concurrent Cycle
[2020-01-29T22:09:39.420+0300][10.860s][info ][gc] GC(339) Pause Young (Normal) (G1 Evacuation Pause) 185M->186M(256M) 19.902ms
[2020-01-29T22:09:39.424+0300][10.864s][debug][gc] GC(338) Reclaimed 109 empty regions
[2020-01-29T22:09:39.424+0300][10.864s][info ][gc] GC(338) Pause Remark 195M->87M(256M) 0.434ms
[2020-01-29T22:09:39.437+0300][10.877s][info ][gc] GC(340) Pause Young (Normal) (G1 Evacuation Pause) 91M->91M(256M) 11.359ms
[2020-01-29T22:09:39.486+0300][10.926s][info ][gc] GC(341) Pause Young (Normal) (G1 Evacuation Pause) 134M->135M(256M) 31.868ms
[2020-01-29T22:09:39.536+0300][10.975s][info ][gc] GC(342) Pause Young (Normal) (G1 Evacuation Pause) 164M->165M(256M) 36.893ms
[2020-01-29T22:09:39.588+0300][11.029s][info ][gc] GC(343) Pause Young (Normal) (G1 Evacuation Pause) 205M->206M(256M) 33.121ms
[2020-01-29T22:09:39.621+0300][11.061s][info ][gc] GC(344) Pause Young (Normal) (G1 Evacuation Pause) 214M->215M(256M) 28.373ms
[2020-01-29T22:09:39.622+0300][11.062s][info ][gc] GC(338) Pause Cleanup 218M->218M(256M) 0.045ms
[2020-01-29T22:09:39.622+0300][11.062s][info ][gc] GC(338) Concurrent Cycle 234.024ms
[2020-01-29T22:09:39.650+0300][11.090s][info ][gc] GC(345) Pause Young (Normal) (G1 Evacuation Pause) 225M->226M(256M) 25.410ms
[2020-01-29T22:09:39.663+0300][11.103s][info ][gc] GC(346) Pause Young (Concurrent Start) (G1 Evacuation Pause) 236M->236M(256M) 8.489ms
[2020-01-29T22:09:39.663+0300][11.103s][info ][gc] GC(347) Concurrent Cycle
[2020-01-29T22:09:39.680+0300][11.120s][info ][gc] GC(348) To-space exhausted
[2020-01-29T22:09:39.680+0300][11.120s][info ][gc] GC(348) Pause Young (Normal) (G1 Evacuation Pause) 246M->248M(256M) 10.929ms
[2020-01-29T22:09:39.699+0300][11.138s][info ][gc] GC(349) To-space exhausted
[2020-01-29T22:09:39.699+0300][11.139s][info ][gc] GC(349) Pause Young (Normal) (G1 Evacuation Pause) 255M->255M(256M) 15.406ms
[2020-01-29T22:09:39.699+0300][11.139s][debug][gc] GC(350) Clear Next Bitmap 0.056ms
[2020-01-29T22:09:39.744+0300][11.184s][info ][gc] GC(350) Pause Full (G1 Evacuation Pause) 255M->84M(256M) 45.330ms
[2020-01-29T22:09:39.744+0300][11.184s][info ][gc] GC(347) Concurrent Cycle 81.176ms
[2020-01-29T22:09:39.788+0300][11.228s][info ][gc] GC(351) Pause Young (Normal) (G1 Evacuation Pause) 129M->130M(256M) 26.526ms
[2020-01-29T22:09:39.811+0300][11.251s][info ][gc] GC(352) Pause Young (Concurrent Start) (G1 Humongous Allocation) 137M->137M(256M) 9.040ms
[2020-01-29T22:09:39.811+0300][11.251s][info ][gc] GC(353) Concurrent Cycle
[2020-01-29T22:09:39.822+0300][11.262s][debug][gc] GC(353) Reclaimed 121 empty regions
[2020-01-29T22:09:39.822+0300][11.262s][info ][gc] GC(353) Pause Remark 181M->62M(256M) 0.454ms
[2020-01-29T22:09:39.841+0300][11.281s][info ][gc] GC(354) Pause Young (Normal) (G1 Evacuation Pause) 66M->63M(256M) 17.748ms
[2020-01-29T22:09:39.860+0300][11.300s][info ][gc] GC(353) Pause Cleanup 93M->93M(256M) 0.044ms
[2020-01-29T22:09:39.860+0300][11.300s][info ][gc] GC(353) Concurrent Cycle 49.073ms
[2020-01-29T22:09:39.915+0300][11.354s][info ][gc] GC(355) Pause Young (Normal) (G1 Evacuation Pause) 115M->115M(256M) 44.703ms
[2020-01-29T22:09:39.952+0300][11.392s][info ][gc] GC(356) Pause Young (Concurrent Start) (G1 Evacuation Pause) 150M->151M(256M) 23.283ms
[2020-01-29T22:09:39.952+0300][11.392s][info ][gc] GC(357) Concurrent Cycle
[2020-01-29T22:09:39.992+0300][11.433s][info ][gc] GC(358) Pause Young (Normal) (G1 Evacuation Pause) 195M->196M(256M) 18.417ms
[2020-01-29T22:09:40.006+0300][11.446s][info ][gc] GC(359) Pause Young (Normal) (G1 Evacuation Pause) 206M->207M(256M) 9.115ms
[2020-01-29T22:09:40.018+0300][11.458s][info ][gc] GC(360) Pause Young (Normal) (G1 Evacuation Pause) 217M->217M(256M) 8.059ms
[2020-01-29T22:09:40.030+0300][11.471s][info ][gc] GC(361) Pause Young (Normal) (G1 Evacuation Pause) 227M->228M(256M) 8.190ms
[2020-01-29T22:09:40.042+0300][11.483s][info ][gc] GC(362) Pause Young (Normal) (G1 Evacuation Pause) 238M->239M(256M) 8.080ms
[2020-01-29T22:09:40.059+0300][11.500s][info ][gc] GC(363) To-space exhausted
[2020-01-29T22:09:40.059+0300][11.500s][info ][gc] GC(363) Pause Young (Normal) (G1 Evacuation Pause) 249M->251M(256M) 12.722ms
[2020-01-29T22:09:40.073+0300][11.513s][info ][gc] GC(364) To-space exhausted
[2020-01-29T22:09:40.073+0300][11.513s][info ][gc] GC(364) Pause Young (Normal) (G1 Evacuation Pause) 255M->255M(256M) 11.976ms
[2020-01-29T22:09:40.073+0300][11.513s][debug][gc] GC(365) Clear Next Bitmap 0.082ms
[2020-01-29T22:09:40.128+0300][11.567s][info ][gc] GC(365) Pause Full (G1 Evacuation Pause) 255M->99M(256M) 53.908ms
[2020-01-29T22:09:40.128+0300][11.568s][info ][gc] GC(357) Concurrent Cycle 175.885ms
[2020-01-29T22:09:40.169+0300][11.610s][info ][gc] GC(366) Pause Young (Concurrent Start) (G1 Humongous Allocation) 136M->136M(256M) 21.236ms
[2020-01-29T22:09:40.169+0300][11.610s][info ][gc] GC(367) Concurrent Cycle
[2020-01-29T22:09:40.209+0300][11.651s][info ][gc] GC(368) Pause Young (Normal) (G1 Evacuation Pause) 184M->185M(256M) 20.901ms
[2020-01-29T22:09:40.214+0300][11.655s][debug][gc] GC(367) Reclaimed 97 empty regions
[2020-01-29T22:09:40.214+0300][11.655s][info ][gc] GC(367) Pause Remark 195M->100M(256M) 0.458ms
[2020-01-29T22:09:40.224+0300][11.668s][info ][gc] GC(369) Pause Young (Normal) (G1 Evacuation Pause) 103M->104M(256M) 11.568ms
[2020-01-29T22:09:40.269+0300][11.712s][info ][gc] GC(370) Pause Young (Normal) (G1 Evacuation Pause) 143M->144M(256M) 28.892ms
[2020-01-29T22:09:40.314+0300][11.756s][info ][gc] GC(371) Pause Young (Normal) (G1 Evacuation Pause) 170M->171M(256M) 33.797ms
[2020-01-29T22:09:40.366+0300][11.806s][info ][gc] GC(372) Pause Young (Normal) (G1 Evacuation Pause) 209M->210M(256M) 30.561ms
[2020-01-29T22:09:40.395+0300][11.836s][info ][gc] GC(373) Pause Young (Normal) (G1 Evacuation Pause) 219M->219M(256M) 25.454ms
[2020-01-29T22:09:40.424+0300][11.866s][info ][gc] GC(374) Pause Young (Normal) (G1 Evacuation Pause) 229M->230M(256M) 25.459ms
[2020-01-29T22:09:40.454+0300][11.898s][info ][gc] GC(375) Pause Young (Normal) (G1 Evacuation Pause) 240M->240M(256M) 27.146ms
[2020-01-29T22:09:40.459+0300][11.901s][info ][gc] GC(367) Pause Cleanup 247M->247M(256M) 0.042ms
[2020-01-29T22:09:40.459+0300][11.901s][info ][gc] GC(367) Concurrent Cycle 290.815ms
[2020-01-29T22:09:40.494+0300][11.934s][info ][gc] GC(376) To-space exhausted
[2020-01-29T22:09:40.494+0300][11.934s][info ][gc] GC(376) Pause Young (Normal) (G1 Evacuation Pause) 250M->254M(256M) 31.854ms
[2020-01-29T22:09:40.499+0300][11.943s][info ][gc] GC(377) To-space exhausted
[2020-01-29T22:09:40.499+0300][11.943s][info ][gc] GC(377) Pause Young (Concurrent Start) (G1 Evacuation Pause) 255M->255M(256M) 8.561ms
[2020-01-29T22:09:40.499+0300][11.943s][info ][gc] GC(379) Concurrent Cycle
[2020-01-29T22:09:40.499+0300][11.943s][debug][gc] GC(378) Clear Next Bitmap 0.166ms
[2020-01-29T22:09:40.539+0300][11.979s][info ][gc] GC(378) Pause Full (G1 Evacuation Pause) 255M->70M(256M) 35.748ms
[2020-01-29T22:09:40.539+0300][11.979s][info ][gc] GC(379) Concurrent Cycle 36.087ms
[2020-01-29T22:09:40.589+0300][12.031s][info ][gc] GC(380) Pause Young (Normal) (G1 Evacuation Pause) 126M->126M(256M) 30.650ms
[2020-01-29T22:09:40.629+0300][12.069s][info ][gc] GC(381) Pause Young (Concurrent Start) (G1 Humongous Allocation) 136M->137M(256M) 10.752ms
[2020-01-29T22:09:40.629+0300][12.070s][info ][gc] GC(382) Concurrent Cycle
[2020-01-29T22:09:40.659+0300][12.102s][info ][gc] GC(383) Pause Young (Normal) (G1 Evacuation Pause) 185M->186M(256M) 19.937ms
[2020-01-29T22:09:40.659+0300][12.103s][debug][gc] GC(382) Reclaimed 116 empty regions
[2020-01-29T22:09:40.659+0300][12.103s][info ][gc] GC(382) Pause Remark 187M->72M(256M) 0.477ms
[2020-01-29T22:09:40.679+0300][12.120s][info ][gc] GC(384) Pause Young (Normal) (G1 Evacuation Pause) 84M->85M(256M) 11.653ms
[2020-01-29T22:09:40.729+0300][12.171s][info ][gc] GC(385) Pause Young (Normal) (G1 Evacuation Pause) 130M->130M(256M) 33.925ms
[2020-01-29T22:09:40.754+0300][12.197s][info ][gc] GC(382) Pause Cleanup 159M->159M(256M) 0.040ms
[2020-01-29T22:09:40.754+0300][12.197s][info ][gc] GC(382) Concurrent Cycle 127.900ms
[2020-01-29T22:09:40.794+0300][12.238s][info ][gc] GC(386) Pause Young (Concurrent Start) (G1 Humongous Allocation) 159M->160M(256M) 34.994ms
[2020-01-29T22:09:40.799+0300][12.239s][info ][gc] GC(387) Concurrent Cycle
[2020-01-29T22:09:40.829+0300][12.273s][info ][gc] GC(388) Pause Young (Normal) (G1 Evacuation Pause) 201M->202M(256M) 16.201ms
[2020-01-29T22:09:40.844+0300][12.284s][info ][gc] GC(389) Pause Young (Normal) (G1 Evacuation Pause) 210M->212M(256M) 7.669ms
[2020-01-29T22:09:40.844+0300][12.285s][debug][gc] GC(387) Reclaimed 120 empty regions
[2020-01-29T22:09:40.844+0300][12.285s][info ][gc] GC(387) Pause Remark 214M->94M(256M) 0.495ms
[2020-01-29T22:09:40.854+0300][12.296s][info ][gc] GC(390) Pause Young (Normal) (G1 Evacuation Pause) 102M->103M(256M) 7.848ms
[2020-01-29T22:09:40.899+0300][12.343s][info ][gc] GC(391) Pause Young (Normal) (G1 Evacuation Pause) 142M->142M(256M) 26.609ms
[2020-01-29T22:09:40.944+0300][12.386s][info ][gc] GC(392) Pause Young (Normal) (G1 Evacuation Pause) 169M->170M(256M) 32.334ms
[2020-01-29T22:09:40.994+0300][12.438s][info ][gc] GC(393) Pause Young (Normal) (G1 Evacuation Pause) 208M->209M(256M) 35.103ms
[2020-01-29T22:09:41.029+0300][12.470s][info ][gc] GC(394) Pause Young (Normal) (G1 Evacuation Pause) 218M->219M(256M) 28.762ms
[2020-01-29T22:09:41.064+0300][12.504s][info ][gc] GC(395) Pause Young (Normal) (G1 Evacuation Pause) 229M->230M(256M) 29.392ms
[2020-01-29T22:09:41.100+0300][12.540s][info ][gc] GC(396) Pause Young (Normal) (G1 Evacuation Pause) 240M->240M(256M) 31.654ms
[2020-01-29T22:09:41.106+0300][12.546s][info ][gc] GC(387) Pause Cleanup 245M->245M(256M) 0.052ms
[2020-01-29T22:09:41.106+0300][12.546s][info ][gc] GC(387) Concurrent Cycle 307.664ms
[2020-01-29T22:09:41.141+0300][12.582s][info ][gc] GC(397) To-space exhausted
[2020-01-29T22:09:41.141+0300][12.582s][info ][gc] GC(397) Pause Young (Normal) (G1 Evacuation Pause) 250M->254M(256M) 33.943ms
[2020-01-29T22:09:41.149+0300][12.591s][info ][gc] GC(398) To-space exhausted
[2020-01-29T22:09:41.149+0300][12.591s][info ][gc] GC(398) Pause Young (Concurrent Start) (G1 Evacuation Pause) 255M->255M(256M) 8.606ms
[2020-01-29T22:09:41.149+0300][12.591s][info ][gc] GC(400) Concurrent Cycle
[2020-01-29T22:09:41.149+0300][12.591s][debug][gc] GC(399) Clear Next Bitmap 0.064ms
[2020-01-29T22:09:41.187+0300][12.628s][info ][gc] GC(399) Pause Full (G1 Evacuation Pause) 255M->69M(256M) 36.401ms
[2020-01-29T22:09:41.188+0300][12.628s][info ][gc] GC(400) Concurrent Cycle 36.747ms
[2020-01-29T22:09:41.239+0300][12.680s][info ][gc] GC(401) Pause Young (Normal) (G1 Evacuation Pause) 124M->124M(256M) 30.727ms
[2020-01-29T22:09:41.264+0300][12.705s][info ][gc] GC(402) Pause Young (Concurrent Start) (G1 Humongous Allocation) 136M->137M(256M) 11.446ms
[2020-01-29T22:09:41.264+0300][12.705s][info ][gc] GC(403) Concurrent Cycle
[2020-01-29T22:09:41.294+0300][12.738s][info ][gc] GC(404) Pause Young (Normal) (G1 Evacuation Pause) 185M->186M(256M) 20.353ms
[2020-01-29T22:09:41.299+0300][12.741s][debug][gc] GC(403) Reclaimed 112 empty regions
[2020-01-29T22:09:41.299+0300][12.741s][info ][gc] GC(403) Pause Remark 191M->81M(256M) 0.473ms
[2020-01-29T22:09:41.314+0300][12.755s][info ][gc] GC(405) Pause Young (Normal) (G1 Evacuation Pause) 88M->89M(256M) 11.333ms
[2020-01-29T22:09:41.365+0300][12.804s][info ][gc] GC(406) Pause Young (Normal) (G1 Evacuation Pause) 132M->133M(256M) 32.191ms
[2020-01-29T22:09:41.413+0300][12.853s][info ][gc] GC(407) Pause Young (Normal) (G1 Evacuation Pause) 163M->164M(256M) 36.440ms
[2020-01-29T22:09:41.429+0300][12.872s][info ][gc] GC(403) Pause Cleanup 192M->192M(256M) 0.047ms
[2020-01-29T22:09:41.429+0300][12.872s][info ][gc] GC(403) Concurrent Cycle 167.042ms
[2020-01-29T22:09:41.464+0300][12.906s][info ][gc] GC(408) Pause Young (Normal) (G1 Evacuation Pause) 204M->205M(256M) 29.268ms
[2020-01-29T22:09:41.477+0300][12.917s][info ][gc] GC(409) Pause Young (Concurrent Start) (G1 Evacuation Pause) 213M->214M(256M) 7.525ms
[2020-01-29T22:09:41.477+0300][12.917s][info ][gc] GC(410) Concurrent Cycle
[2020-01-29T22:09:41.491+0300][12.931s][info ][gc] GC(411) Pause Young (Normal) (G1 Evacuation Pause) 224M->225M(256M) 7.894ms
[2020-01-29T22:09:41.504+0300][12.944s][info ][gc] GC(412) Pause Young (Normal) (G1 Evacuation Pause) 235M->237M(256M) 8.313ms
[2020-01-29T22:09:41.519+0300][12.960s][info ][gc] GC(413) To-space exhausted
[2020-01-29T22:09:41.519+0300][12.960s][info ][gc] GC(413) Pause Young (Normal) (G1 Evacuation Pause) 247M->249M(256M) 12.124ms
[2020-01-29T22:09:41.534+0300][12.976s][info ][gc] GC(414) To-space exhausted
[2020-01-29T22:09:41.534+0300][12.976s][info ][gc] GC(414) Pause Young (Normal) (G1 Evacuation Pause) 255M->255M(256M) 12.985ms
[2020-01-29T22:09:41.534+0300][12.976s][debug][gc] GC(415) Clear Next Bitmap 0.092ms
[2020-01-29T22:09:41.579+0300][13.021s][info ][gc] GC(415) Pause Full (G1 Evacuation Pause) 255M->84M(256M) 44.841ms
[2020-01-29T22:09:41.579+0300][13.021s][info ][gc] GC(410) Concurrent Cycle 104.280ms
[2020-01-29T22:09:41.621+0300][13.063s][info ][gc] GC(416) Pause Young (Normal) (G1 Evacuation Pause) 129M->130M(256M) 24.540ms
[2020-01-29T22:09:41.646+0300][13.086s][info ][gc] GC(417) Pause Young (Concurrent Start) (G1 Humongous Allocation) 137M->137M(256M) 9.028ms
[2020-01-29T22:09:41.646+0300][13.086s][info ][gc] GC(418) Concurrent Cycle
[2020-01-29T22:09:41.654+0300][13.097s][debug][gc] GC(418) Reclaimed 120 empty regions
[2020-01-29T22:09:41.654+0300][13.097s][info ][gc] GC(418) Pause Remark 181M->64M(256M) 0.468ms
[2020-01-29T22:09:41.674+0300][13.116s][info ][gc] GC(419) Pause Young (Normal) (G1 Evacuation Pause) 67M->63M(256M) 17.814ms
[2020-01-29T22:09:41.694+0300][13.136s][info ][gc] GC(418) Pause Cleanup 115M->115M(256M) 0.035ms
[2020-01-29T22:09:41.694+0300][13.137s][info ][gc] GC(418) Concurrent Cycle 50.668ms
[2020-01-29T22:09:41.734+0300][13.177s][info ][gc] GC(420) Pause Young (Normal) (G1 Evacuation Pause) 115M->116M(256M) 40.266ms
[2020-01-29T22:09:41.784+0300][13.227s][info ][gc] GC(421) Pause Young (Concurrent Start) (G1 Humongous Allocation) 151M->152M(256M) 23.726ms
[2020-01-29T22:09:41.784+0300][13.227s][info ][gc] GC(422) Concurrent Cycle
[2020-01-29T22:09:41.824+0300][13.268s][info ][gc] GC(423) Pause Young (Normal) (G1 Evacuation Pause) 196M->196M(256M) 18.392ms
[2020-01-29T22:09:41.829+0300][13.272s][debug][gc] GC(422) Reclaimed 103 empty regions
[2020-01-29T22:09:41.829+0300][13.272s][info ][gc] GC(422) Pause Remark 206M->103M(256M) 0.469ms
[2020-01-29T22:09:41.839+0300][13.282s][info ][gc] GC(424) Pause Young (Normal) (G1 Evacuation Pause) 103M->104M(256M) 9.389ms
[2020-01-29T22:09:41.884+0300][13.324s][info ][gc] GC(425) Pause Young (Normal) (G1 Evacuation Pause) 143M->144M(256M) 26.835ms
[2020-01-29T22:09:41.929+0300][13.371s][info ][gc] GC(426) Pause Young (Normal) (G1 Evacuation Pause) 170M->171M(256M) 32.696ms
[2020-01-29T22:09:41.989+0300][13.432s][info ][gc] GC(427) Pause Young (Normal) (G1 Evacuation Pause) 209M->210M(256M) 36.151ms
[2020-01-29T22:09:42.021+0300][13.461s][info ][gc] GC(428) Pause Young (Normal) (G1 Evacuation Pause) 219M->220M(256M) 24.810ms
[2020-01-29T22:09:42.051+0300][13.492s][info ][gc] GC(429) Pause Young (Normal) (G1 Evacuation Pause) 230M->230M(256M) 25.989ms
[2020-01-29T22:09:42.084+0300][13.524s][info ][gc] GC(430) Pause Young (Normal) (G1 Evacuation Pause) 240M->241M(256M) 27.469ms
[2020-01-29T22:09:42.084+0300][13.526s][info ][gc] GC(422) Pause Cleanup 245M->245M(256M) 0.045ms
[2020-01-29T22:09:42.084+0300][13.526s][info ][gc] GC(422) Concurrent Cycle 298.547ms
[2020-01-29T22:09:42.119+0300][13.560s][info ][gc] GC(431) To-space exhausted
[2020-01-29T22:09:42.119+0300][13.560s][info ][gc] GC(431) Pause Young (Normal) (G1 Evacuation Pause) 251M->254M(256M) 31.880ms
[2020-01-29T22:09:42.127+0300][13.568s][info ][gc] GC(432) To-space exhausted
[2020-01-29T22:09:42.127+0300][13.568s][info ][gc] GC(432) Pause Young (Concurrent Start) (G1 Evacuation Pause) 255M->255M(256M) 7.643ms
[2020-01-29T22:09:42.127+0300][13.568s][info ][gc] GC(434) Concurrent Cycle
[2020-01-29T22:09:42.128+0300][13.568s][debug][gc] GC(433) Clear Next Bitmap 0.061ms
[2020-01-29T22:09:42.159+0300][13.600s][info ][gc] GC(433) Pause Full (G1 Evacuation Pause) 255M->63M(256M) 31.681ms
[2020-01-29T22:09:42.159+0300][13.600s][info ][gc] GC(434) Concurrent Cycle 32.031ms
[2020-01-29T22:09:42.209+0300][13.652s][info ][gc] GC(435) Pause Young (Normal) (G1 Evacuation Pause) 120M->120M(256M) 30.391ms
[2020-01-29T22:09:42.244+0300][13.688s][info ][gc] GC(436) Pause Young (Concurrent Start) (G1 Humongous Allocation) 136M->138M(256M) 14.290ms
[2020-01-29T22:09:42.244+0300][13.688s][info ][gc] GC(437) Concurrent Cycle
[2020-01-29T22:09:42.279+0300][13.721s][info ][gc] GC(438) Pause Young (Normal) (G1 Evacuation Pause) 186M->187M(256M) 20.400ms
[2020-01-29T22:09:42.284+0300][13.725s][debug][gc] GC(437) Reclaimed 108 empty regions
[2020-01-29T22:09:42.284+0300][13.725s][info ][gc] GC(437) Pause Remark 196M->91M(256M) 0.459ms
[2020-01-29T22:09:42.294+0300][13.737s][info ][gc] GC(439) Pause Young (Normal) (G1 Evacuation Pause) 93M->94M(256M) 9.861ms
[2020-01-29T22:09:42.339+0300][13.783s][info ][gc] GC(440) Pause Young (Normal) (G1 Evacuation Pause) 136M->137M(256M) 29.762ms
[2020-01-29T22:09:42.389+0300][13.830s][info ][gc] GC(441) Pause Young (Normal) (G1 Evacuation Pause) 165M->166M(256M) 36.541ms
[2020-01-29T22:09:42.414+0300][13.857s][info ][gc] GC(437) Pause Cleanup 196M->196M(256M) 0.048ms
[2020-01-29T22:09:42.414+0300][13.857s][info ][gc] GC(437) Concurrent Cycle 169.458ms
[2020-01-29T22:09:42.454+0300][13.896s][info ][gc] GC(442) Pause Young (Normal) (G1 Evacuation Pause) 205M->205M(256M) 34.757ms
[2020-01-29T22:09:42.464+0300][13.906s][info ][gc] GC(443) Pause Young (Concurrent Start) (G1 Evacuation Pause) 214M->215M(256M) 6.679ms
[2020-01-29T22:09:42.464+0300][13.906s][info ][gc] GC(444) Concurrent Cycle
[2020-01-29T22:09:42.479+0300][13.920s][info ][gc] GC(445) Pause Young (Normal) (G1 Evacuation Pause) 225M->226M(256M) 8.173ms
[2020-01-29T22:09:42.489+0300][13.933s][info ][gc] GC(446) Pause Young (Normal) (G1 Evacuation Pause) 236M->237M(256M) 8.126ms
[2020-01-29T22:09:42.504+0300][13.948s][info ][gc] GC(447) To-space exhausted
[2020-01-29T22:09:42.504+0300][13.948s][info ][gc] GC(447) Pause Young (Normal) (G1 Evacuation Pause) 247M->250M(256M) 11.270ms
[2020-01-29T22:09:42.523+0300][13.963s][info ][gc] GC(448) To-space exhausted
[2020-01-29T22:09:42.523+0300][13.963s][info ][gc] GC(448) Pause Young (Normal) (G1 Evacuation Pause) 255M->255M(256M) 12.899ms
[2020-01-29T22:09:42.523+0300][13.963s][debug][gc] GC(449) Clear Next Bitmap 0.073ms
[2020-01-29T22:09:42.564+0300][14.004s][info ][gc] GC(449) Pause Full (G1 Evacuation Pause) 255M->79M(256M) 40.610ms
[2020-01-29T22:09:42.564+0300][14.004s][info ][gc] GC(444) Concurrent Cycle 98.302ms
[2020-01-29T22:09:42.604+0300][14.048s][info ][gc] GC(450) Pause Young (Normal) (G1 Evacuation Pause) 125M->126M(256M) 25.886ms
[2020-01-29T22:09:42.629+0300][14.069s][info ][gc] GC(451) Pause Young (Concurrent Start) (G1 Humongous Allocation) 137M->137M(256M) 10.362ms
[2020-01-29T22:09:42.629+0300][14.069s][info ][gc] GC(452) Concurrent Cycle
[2020-01-29T22:09:42.659+0300][14.101s][info ][gc] GC(453) Pause Young (Normal) (G1 Evacuation Pause) 185M->185M(256M) 19.815ms
[2020-01-29T22:09:42.659+0300][14.103s][debug][gc] GC(452) Reclaimed 115 empty regions
[2020-01-29T22:09:42.659+0300][14.103s][info ][gc] GC(452) Pause Remark 187M->74M(256M) 0.476ms
[2020-01-29T22:09:42.679+0300][14.120s][info ][gc] GC(454) Pause Young (Normal) (G1 Evacuation Pause) 85M->86M(256M) 11.537ms
[2020-01-29T22:09:42.729+0300][14.169s][info ][gc] GC(455) Pause Young (Normal) (G1 Evacuation Pause) 130M->131M(256M) 32.114ms
[2020-01-29T22:09:42.754+0300][14.197s][info ][gc] GC(452) Pause Cleanup 161M->161M(256M) 0.042ms
[2020-01-29T22:09:42.754+0300][14.197s][info ][gc] GC(452) Concurrent Cycle 127.511ms
[2020-01-29T22:09:42.799+0300][14.240s][info ][gc] GC(456) Pause Young (Concurrent Start) (G1 Humongous Allocation) 161M->162M(256M) 36.587ms
[2020-01-29T22:09:42.799+0300][14.240s][info ][gc] GC(457) Concurrent Cycle
[2020-01-29T22:09:42.834+0300][14.275s][info ][gc] GC(458) Pause Young (Normal) (G1 Evacuation Pause) 202M->203M(256M) 15.912ms
[2020-01-29T22:09:42.844+0300][14.286s][info ][gc] GC(459) Pause Young (Normal) (G1 Evacuation Pause) 211M->212M(256M) 7.603ms
[2020-01-29T22:09:42.844+0300][14.287s][debug][gc] GC(457) Reclaimed 118 empty regions
[2020-01-29T22:09:42.844+0300][14.287s][info ][gc] GC(457) Pause Remark 213M->95M(256M) 0.459ms
[2020-01-29T22:09:42.854+0300][14.299s][info ][gc] GC(460) Pause Young (Normal) (G1 Evacuation Pause) 104M->105M(256M) 8.170ms
[2020-01-29T22:09:42.899+0300][14.340s][info ][gc] GC(461) Pause Young (Normal) (G1 Evacuation Pause) 143M->143M(256M) 26.163ms
[2020-01-29T22:09:42.959+0300][14.402s][info ][gc] GC(462) Pause Young (Normal) (G1 Evacuation Pause) 169M->170M(256M) 31.907ms
[2020-01-29T22:09:43.014+0300][14.456s][info ][gc] GC(463) Pause Young (Normal) (G1 Evacuation Pause) 208M->209M(256M) 34.361ms
[2020-01-29T22:09:43.048+0300][14.488s][info ][gc] GC(464) Pause Young (Normal) (G1 Evacuation Pause) 218M->219M(256M) 27.673ms
[2020-01-29T22:09:43.079+0300][14.520s][info ][gc] GC(465) Pause Young (Normal) (G1 Evacuation Pause) 229M->229M(256M) 28.646ms
[2020-01-29T22:09:43.114+0300][14.555s][info ][gc] GC(466) Pause Young (Normal) (G1 Evacuation Pause) 239M->240M(256M) 30.690ms
[2020-01-29T22:09:43.120+0300][14.559s][info ][gc] GC(457) Pause Cleanup 249M->249M(256M) 0.048ms
[2020-01-29T22:09:43.120+0300][14.560s][info ][gc] GC(457) Concurrent Cycle 319.375ms
[2020-01-29T22:09:43.154+0300][14.594s][info ][gc] GC(467) To-space exhausted
[2020-01-29T22:09:43.154+0300][14.594s][info ][gc] GC(467) Pause Young (Normal) (G1 Evacuation Pause) 250M->253M(256M) 34.235ms
[2020-01-29T22:09:43.166+0300][14.607s][info ][gc] GC(468) To-space exhausted
[2020-01-29T22:09:43.166+0300][14.607s][info ][gc] GC(468) Pause Young (Concurrent Start) (G1 Evacuation Pause) 255M->255M(256M) 11.386ms
[2020-01-29T22:09:43.166+0300][14.607s][info ][gc] GC(470) Concurrent Cycle
[2020-01-29T22:09:43.167+0300][14.607s][debug][gc] GC(469) Clear Next Bitmap 0.081ms
[2020-01-29T22:09:43.207+0300][14.647s][info ][gc] GC(469) Pause Full (G1 Evacuation Pause) 255M->67M(256M) 40.402ms
[2020-01-29T22:09:43.207+0300][14.648s][info ][gc] GC(470) Concurrent Cycle 40.971ms
[2020-01-29T22:09:43.260+0300][14.700s][info ][gc] GC(471) Pause Young (Normal) (G1 Evacuation Pause) 122M->122M(256M) 30.701ms
[2020-01-29T22:09:43.289+0300][14.729s][info ][gc] GC(472) Pause Young (Concurrent Start) (G1 Humongous Allocation) 136M->137M(256M) 12.713ms
[2020-01-29T22:09:43.289+0300][14.729s][info ][gc] GC(473) Concurrent Cycle
[2020-01-29T22:09:43.322+0300][14.762s][info ][gc] GC(474) Pause Young (Normal) (G1 Evacuation Pause) 185M->186M(256M) 20.450ms
[2020-01-29T22:09:43.325+0300][14.765s][debug][gc] GC(473) Reclaimed 112 empty regions
[2020-01-29T22:09:43.325+0300][14.765s][info ][gc] GC(473) Pause Remark 193M->83M(256M) 0.479ms
[2020-01-29T22:09:43.337+0300][14.777s][info ][gc] GC(475) Pause Young (Normal) (G1 Evacuation Pause) 88M->89M(256M) 9.675ms
[2020-01-29T22:09:43.386+0300][14.825s][info ][gc] GC(476) Pause Young (Normal) (G1 Evacuation Pause) 132M->133M(256M) 31.257ms
[2020-01-29T22:09:43.433+0300][14.873s][info ][gc] GC(477) Pause Young (Normal) (G1 Evacuation Pause) 163M->164M(256M) 36.046ms
[2020-01-29T22:09:43.486+0300][14.926s][info ][gc] GC(478) Pause Young (Normal) (G1 Evacuation Pause) 204M->205M(256M) 33.039ms
[2020-01-29T22:09:43.488+0300][14.928s][info ][gc] GC(473) Pause Cleanup 208M->208M(256M) 0.043ms
[2020-01-29T22:09:43.488+0300][14.929s][info ][gc] GC(473) Concurrent Cycle 199.210ms
[2020-01-29T22:09:43.515+0300][14.956s][info ][gc] GC(479) Pause Young (Normal) (G1 Evacuation Pause) 213M->214M(256M) 25.414ms
[2020-01-29T22:09:43.528+0300][14.968s][info ][gc] GC(480) Pause Young (Concurrent Start) (G1 Evacuation Pause) 224M->224M(256M) 8.165ms
[2020-01-29T22:09:43.528+0300][14.968s][info ][gc] GC(481) Concurrent Cycle
[2020-01-29T22:09:43.542+0300][14.982s][info ][gc] GC(482) Pause Young (Normal) (G1 Evacuation Pause) 234M->235M(256M) 7.750ms
[2020-01-29T22:09:43.555+0300][14.996s][info ][gc] GC(483) To-space exhausted
[2020-01-29T22:09:43.556+0300][14.996s][info ][gc] GC(483) Pause Young (Normal) (G1 Evacuation Pause) 245M->248M(256M) 9.719ms
[2020-01-29T22:09:43.573+0300][15.014s][info ][gc] GC(484) To-space exhausted
[2020-01-29T22:09:43.573+0300][15.014s][info ][gc] GC(484) Pause Young (Normal) (G1 Evacuation Pause) 255M->255M(256M) 14.977ms
[2020-01-29T22:09:43.574+0300][15.014s][debug][gc] GC(485) Clear Next Bitmap 0.075ms
[2020-01-29T22:09:43.618+0300][15.058s][info ][gc] GC(485) Pause Full (G1 Evacuation Pause) 255M->84M(256M) 44.331ms
[2020-01-29T22:09:43.618+0300][15.058s][info ][gc] GC(481) Concurrent Cycle 90.458ms
[2020-01-29T22:09:43.660+0300][15.100s][info ][gc] GC(486) Pause Young (Normal) (G1 Evacuation Pause) 129M->129M(256M) 24.169ms
[2020-01-29T22:09:43.682+0300][15.122s][info ][gc] GC(487) Pause Young (Concurrent Start) (G1 Humongous Allocation) 136M->136M(256M) 8.946ms
[2020-01-29T22:09:43.682+0300][15.122s][info ][gc] GC(488) Concurrent Cycle
[2020-01-29T22:09:43.691+0300][15.132s][info ][gc] GC(489) Pause Young (Normal) (G1 Humongous Allocation) 136M->138M(256M) 2.998ms
[2020-01-29T22:09:43.692+0300][15.132s][debug][gc] GC(490) Clear Next Bitmap 0.091ms
[2020-01-29T22:09:43.694+0300][15.135s][info ][gc] GC(490) Pause Full (G1 Humongous Allocation) 138M->2M(256M) 2.986ms
[2020-01-29T22:09:43.695+0300][15.135s][info ][gc] GC(488) Concurrent Cycle 13.069ms
[2020-01-29T22:09:43.763+0300][15.203s][info ][gc] GC(491) Pause Young (Normal) (G1 Evacuation Pause) 94M->94M(256M) 39.400ms
[2020-01-29T22:09:43.807+0300][15.248s][info ][gc] GC(492) Pause Young (Concurrent Start) (G1 Evacuation Pause) 135M->136M(256M) 28.431ms
[2020-01-29T22:09:43.807+0300][15.248s][info ][gc] GC(493) Concurrent Cycle
[2020-01-29T22:09:43.855+0300][15.294s][info ][gc] GC(494) Pause Young (Normal) (G1 Evacuation Pause) 184M->185M(256M) 20.855ms
[2020-01-29T22:09:43.870+0300][15.310s][info ][gc] GC(495) Pause Young (Normal) (G1 Evacuation Pause) 198M->199M(256M) 10.489ms
[2020-01-29T22:09:43.881+0300][15.321s][info ][gc] GC(496) Pause Young (Normal) (G1 Evacuation Pause) 208M->209M(256M) 6.614ms
[2020-01-29T22:09:43.893+0300][15.333s][info ][gc] GC(497) Pause Young (Normal) (G1 Evacuation Pause) 219M->219M(256M) 7.638ms
[2020-01-29T22:09:43.908+0300][15.348s][info ][gc] GC(498) Pause Young (Normal) (G1 Evacuation Pause) 229M->229M(256M) 7.450ms
[2020-01-29T22:09:43.920+0300][15.360s][info ][gc] GC(499) Pause Young (Normal) (G1 Evacuation Pause) 239M->240M(256M) 7.943ms
[2020-01-29T22:09:43.940+0300][15.380s][info ][gc] GC(500) To-space exhausted
[2020-01-29T22:09:43.940+0300][15.380s][info ][gc] GC(500) Pause Young (Normal) (G1 Evacuation Pause) 250M->253M(256M) 15.627ms
[2020-01-29T22:09:43.947+0300][15.387s][info ][gc] GC(501) To-space exhausted
[2020-01-29T22:09:43.947+0300][15.388s][info ][gc] GC(501) Pause Young (Normal) (G1 Evacuation Pause) 254M->254M(256M) 7.058ms
[2020-01-29T22:09:43.948+0300][15.388s][debug][gc] GC(502) Clear Next Bitmap 0.087ms
[2020-01-29T22:09:44.008+0300][15.448s][info ][gc] GC(502) Pause Full (G1 Evacuation Pause) 254M->110M(256M) 60.485ms
[2020-01-29T22:09:44.008+0300][15.448s][info ][gc] GC(493) Concurrent Cycle 200.794ms
[2020-01-29T22:09:44.045+0300][15.485s][info ][gc] GC(503) Pause Young (Concurrent Start) (G1 Humongous Allocation) 136M->136M(256M) 15.230ms
[2020-01-29T22:09:44.045+0300][15.485s][info ][gc] GC(504) Concurrent Cycle
[2020-01-29T22:09:44.079+0300][15.518s][info ][gc] GC(505) Pause Young (Normal) (G1 Evacuation Pause) 184M->185M(256M) 19.800ms
[2020-01-29T22:09:44.083+0300][15.523s][debug][gc] GC(504) Reclaimed 103 empty regions
[2020-01-29T22:09:44.083+0300][15.523s][info ][gc] GC(504) Pause Remark 195M->95M(256M) 0.471ms
[2020-01-29T22:09:44.094+0300][15.534s][info ][gc] GC(506) Pause Young (Normal) (G1 Evacuation Pause) 97M->97M(256M) 9.772ms
[2020-01-29T22:09:44.142+0300][15.582s][info ][gc] GC(507) Pause Young (Normal) (G1 Evacuation Pause) 139M->140M(256M) 31.419ms
[2020-01-29T22:09:44.188+0300][15.629s][info ][gc] GC(508) Pause Young (Normal) (G1 Evacuation Pause) 167M->168M(256M) 35.855ms
[2020-01-29T22:09:44.240+0300][15.680s][info ][gc] GC(509) Pause Young (Normal) (G1 Evacuation Pause) 207M->208M(256M) 31.852ms
[2020-01-29T22:09:44.270+0300][15.711s][info ][gc] GC(510) Pause Young (Normal) (G1 Evacuation Pause) 217M->218M(256M) 26.133ms
[2020-01-29T22:09:44.273+0300][15.713s][info ][gc] GC(504) Pause Cleanup 225M->225M(256M) 0.045ms
[2020-01-29T22:09:44.273+0300][15.714s][info ][gc] GC(504) Concurrent Cycle 228.873ms
[2020-01-29T22:09:44.299+0300][15.739s][info ][gc] GC(511) Pause Young (Normal) (G1 Evacuation Pause) 228M->229M(256M) 24.372ms
[2020-01-29T22:09:44.311+0300][15.752s][info ][gc] GC(512) Pause Young (Concurrent Start) (G1 Evacuation Pause) 239M->240M(256M) 8.262ms
[2020-01-29T22:09:44.311+0300][15.752s][info ][gc] GC(513) Concurrent Cycle
[2020-01-29T22:09:44.332+0300][15.772s][info ][gc] GC(514) To-space exhausted
[2020-01-29T22:09:44.332+0300][15.772s][info ][gc] GC(514) Pause Young (Normal) (G1 Evacuation Pause) 250M->252M(256M) 14.360ms
[2020-01-29T22:09:44.344+0300][15.784s][info ][gc] GC(515) To-space exhausted
[2020-01-29T22:09:44.344+0300][15.784s][info ][gc] GC(515) Pause Young (Normal) (G1 Evacuation Pause) 255M->255M(256M) 10.335ms
[2020-01-29T22:09:44.344+0300][15.784s][debug][gc] GC(516) Clear Next Bitmap 0.065ms
[2020-01-29T22:09:44.386+0300][15.826s][info ][gc] GC(516) Pause Full (G1 Evacuation Pause) 255M->76M(256M) 41.634ms
[2020-01-29T22:09:44.386+0300][15.826s][info ][gc] GC(513) Concurrent Cycle 74.249ms
[2020-01-29T22:09:44.431+0300][15.871s][info ][gc] GC(517) Pause Young (Normal) (G1 Evacuation Pause) 124M->124M(256M) 26.218ms
[2020-01-29T22:09:44.457+0300][15.896s][info ][gc] GC(518) Pause Young (Concurrent Start) (G1 Humongous Allocation) 136M->137M(256M) 10.040ms
[2020-01-29T22:09:44.457+0300][15.897s][info ][gc] GC(519) Concurrent Cycle
[2020-01-29T22:09:44.489+0300][15.928s][info ][gc] GC(520) Pause Young (Normal) (G1 Evacuation Pause) 185M->186M(256M) 19.883ms
[2020-01-29T22:09:44.490+0300][15.930s][debug][gc] GC(519) Reclaimed 114 empty regions
[2020-01-29T22:09:44.490+0300][15.930s][info ][gc] GC(519) Pause Remark 189M->77M(256M) 0.451ms
[2020-01-29T22:09:44.505+0300][15.944s][info ][gc] GC(521) Pause Young (Normal) (G1 Evacuation Pause) 86M->87M(256M) 10.811ms
[2020-01-29T22:09:44.554+0300][15.994s][info ][gc] GC(522) Pause Young (Normal) (G1 Evacuation Pause) 131M->132M(256M) 32.474ms
[2020-01-29T22:09:44.603+0300][16.044s][info ][gc] GC(523) Pause Young (Normal) (G1 Evacuation Pause) 162M->163M(256M) 37.304ms
[2020-01-29T22:09:44.620+0300][16.061s][info ][gc] GC(519) Pause Cleanup 191M->191M(256M) 0.043ms
[2020-01-29T22:09:44.620+0300][16.061s][info ][gc] GC(519) Concurrent Cycle 164.291ms
[2020-01-29T22:09:44.656+0300][16.096s][info ][gc] GC(524) Pause Young (Normal) (G1 Evacuation Pause) 203M->204M(256M) 30.744ms
[2020-01-29T22:09:44.667+0300][16.107s][info ][gc] GC(525) Pause Young (Concurrent Start) (G1 Evacuation Pause) 212M->213M(256M) 7.591ms
[2020-01-29T22:09:44.667+0300][16.107s][info ][gc] GC(526) Concurrent Cycle
[2020-01-29T22:09:44.681+0300][16.121s][info ][gc] GC(527) Pause Young (Normal) (G1 Evacuation Pause) 223M->224M(256M) 8.118ms
[2020-01-29T22:09:44.693+0300][16.133s][info ][gc] GC(528) Pause Young (Normal) (G1 Evacuation Pause) 234M->235M(256M) 7.810ms
[2020-01-29T22:09:44.707+0300][16.147s][info ][gc] GC(529) To-space exhausted
[2020-01-29T22:09:44.707+0300][16.147s][info ][gc] GC(529) Pause Young (Normal) (G1 Evacuation Pause) 245M->248M(256M) 9.914ms
[2020-01-29T22:09:44.725+0300][16.165s][info ][gc] GC(530) To-space exhausted
[2020-01-29T22:09:44.725+0300][16.165s][info ][gc] GC(530) Pause Young (Normal) (G1 Evacuation Pause) 255M->255M(256M) 15.144ms
[2020-01-29T22:09:44.725+0300][16.166s][debug][gc] GC(531) Clear Next Bitmap 0.082ms
[2020-01-29T22:09:44.771+0300][16.211s][info ][gc] GC(531) Pause Full (G1 Evacuation Pause) 255M->85M(256M) 45.331ms
[2020-01-29T22:09:44.771+0300][16.211s][info ][gc] GC(526) Concurrent Cycle 104.035ms
[2020-01-29T22:09:44.813+0300][16.253s][info ][gc] GC(532) Pause Young (Normal) (G1 Evacuation Pause) 130M->130M(256M) 24.565ms
[2020-01-29T22:09:44.833+0300][16.273s][info ][gc] GC(533) Pause Young (Concurrent Start) (G1 Humongous Allocation) 136M->137M(256M) 6.816ms
[2020-01-29T22:09:44.833+0300][16.273s][info ][gc] GC(534) Concurrent Cycle
[2020-01-29T22:09:44.843+0300][16.284s][debug][gc] GC(534) Reclaimed 120 empty regions
[2020-01-29T22:09:44.843+0300][16.284s][info ][gc] GC(534) Pause Remark 180M->61M(256M) 0.469ms
[2020-01-29T22:09:44.863+0300][16.304s][info ][gc] GC(535) Pause Young (Normal) (G1 Evacuation Pause) 66M->63M(256M) 17.692ms
[2020-01-29T22:09:44.881+0300][16.322s][info ][gc] GC(534) Pause Cleanup 109M->109M(256M) 0.033ms
[2020-01-29T22:09:44.882+0300][16.322s][info ][gc] GC(534) Concurrent Cycle 48.498ms
[2020-01-29T22:09:44.926+0300][16.366s][info ][gc] GC(536) Pause Young (Normal) (G1 Evacuation Pause) 115M->115M(256M) 41.336ms
[2020-01-29T22:09:44.965+0300][16.405s][info ][gc] GC(537) Pause Young (Concurrent Start) (G1 Evacuation Pause) 150M->150M(256M) 23.880ms
[2020-01-29T22:09:44.965+0300][16.405s][info ][gc] GC(538) Concurrent Cycle
[2020-01-29T22:09:45.006+0300][16.446s][info ][gc] GC(539) Pause Young (Normal) (G1 Evacuation Pause) 194M->195M(256M) 18.376ms
[2020-01-29T22:09:45.020+0300][16.460s][info ][gc] GC(540) Pause Young (Normal) (G1 Evacuation Pause) 205M->205M(256M) 9.313ms
[2020-01-29T22:09:45.032+0300][16.472s][info ][gc] GC(541) Pause Young (Normal) (G1 Evacuation Pause) 215M->216M(256M) 8.076ms
[2020-01-29T22:09:45.045+0300][16.484s][info ][gc] GC(542) Pause Young (Normal) (G1 Evacuation Pause) 226M->227M(256M) 8.287ms
[2020-01-29T22:09:45.057+0300][16.496s][info ][gc] GC(543) Pause Young (Normal) (G1 Evacuation Pause) 237M->238M(256M) 7.977ms
[2020-01-29T22:09:45.074+0300][16.513s][info ][gc] GC(544) To-space exhausted
[2020-01-29T22:09:45.074+0300][16.513s][info ][gc] GC(544) Pause Young (Normal) (G1 Evacuation Pause) 248M->251M(256M) 12.755ms
[2020-01-29T22:09:45.086+0300][16.527s][info ][gc] GC(545) To-space exhausted
[2020-01-29T22:09:45.086+0300][16.527s][info ][gc] GC(545) Pause Young (Normal) (G1 Evacuation Pause) 255M->255M(256M) 11.869ms
[2020-01-29T22:09:45.086+0300][16.527s][debug][gc] GC(546) Clear Next Bitmap 0.069ms
[2020-01-29T22:09:45.140+0300][16.581s][info ][gc] GC(546) Pause Full (G1 Evacuation Pause) 255M->99M(256M) 53.581ms
[2020-01-29T22:09:45.140+0300][16.581s][info ][gc] GC(538) Concurrent Cycle 175.759ms
[2020-01-29T22:09:45.187+0300][16.627s][info ][gc] GC(547) Pause Young (Concurrent Start) (G1 Humongous Allocation) 136M->136M(256M) 21.202ms
[2020-01-29T22:09:45.187+0300][16.627s][info ][gc] GC(548) Concurrent Cycle
[2020-01-29T22:09:45.228+0300][16.668s][info ][gc] GC(549) Pause Young (Normal) (G1 Evacuation Pause) 184M->185M(256M) 20.882ms
[2020-01-29T22:09:45.232+0300][16.672s][debug][gc] GC(548) Reclaimed 96 empty regions
[2020-01-29T22:09:45.232+0300][16.672s][info ][gc] GC(548) Pause Remark 195M->100M(256M) 0.477ms
[2020-01-29T22:09:45.245+0300][16.686s][info ][gc] GC(550) Pause Young (Normal) (G1 Evacuation Pause) 104M->105M(256M) 11.547ms
[2020-01-29T22:09:45.289+0300][16.729s][info ][gc] GC(551) Pause Young (Normal) (G1 Evacuation Pause) 143M->143M(256M) 28.444ms
[2020-01-29T22:09:45.333+0300][16.773s][info ][gc] GC(552) Pause Young (Normal) (G1 Evacuation Pause) 169M->170M(256M) 33.331ms
[2020-01-29T22:09:45.387+0300][16.827s][info ][gc] GC(553) Pause Young (Normal) (G1 Evacuation Pause) 208M->209M(256M) 35.586ms
[2020-01-29T22:09:45.419+0300][16.859s][info ][gc] GC(554) Pause Young (Normal) (G1 Evacuation Pause) 218M->219M(256M) 28.070ms
[2020-01-29T22:09:45.454+0300][16.894s][info ][gc] GC(555) Pause Young (Normal) (G1 Evacuation Pause) 229M->230M(256M) 29.666ms
[2020-01-29T22:09:45.489+0300][16.929s][info ][gc] GC(556) Pause Young (Normal) (G1 Evacuation Pause) 240M->241M(256M) 31.032ms
[2020-01-29T22:09:45.492+0300][16.933s][info ][gc] GC(548) Pause Cleanup 248M->248M(256M) 0.045ms
[2020-01-29T22:09:45.493+0300][16.933s][info ][gc] GC(548) Concurrent Cycle 305.985ms
[2020-01-29T22:09:45.528+0300][16.969s][info ][gc] GC(557) To-space exhausted
[2020-01-29T22:09:45.528+0300][16.969s][info ][gc] GC(557) Pause Young (Normal) (G1 Evacuation Pause) 251M->254M(256M) 33.965ms
[2020-01-29T22:09:45.536+0300][16.976s][info ][gc] GC(558) To-space exhausted
[2020-01-29T22:09:45.536+0300][16.976s][info ][gc] GC(558) Pause Young (Concurrent Start) (G1 Evacuation Pause) 255M->255M(256M) 6.663ms
[2020-01-29T22:09:45.536+0300][16.976s][info ][gc] GC(560) Concurrent Cycle
[2020-01-29T22:09:45.536+0300][16.976s][debug][gc] GC(559) Clear Next Bitmap 0.062ms
[2020-01-29T22:09:45.571+0300][17.011s][info ][gc] GC(559) Pause Full (G1 Evacuation Pause) 255M->70M(256M) 34.767ms
[2020-01-29T22:09:45.571+0300][17.011s][info ][gc] GC(560) Concurrent Cycle 35.110ms
[2020-01-29T22:09:45.624+0300][17.064s][info ][gc] GC(561) Pause Young (Normal) (G1 Evacuation Pause) 126M->126M(256M) 30.826ms
[2020-01-29T22:09:45.649+0300][17.089s][info ][gc] GC(562) Pause Young (Concurrent Start) (G1 Humongous Allocation) 137M->137M(256M) 11.256ms
[2020-01-29T22:09:45.649+0300][17.089s][info ][gc] GC(563) Concurrent Cycle
[2020-01-29T22:09:45.682+0300][17.122s][info ][gc] GC(564) Pause Young (Normal) (G1 Evacuation Pause) 185M->186M(256M) 20.023ms
[2020-01-29T22:09:45.683+0300][17.123s][debug][gc] GC(563) Reclaimed 116 empty regions
[2020-01-29T22:09:45.683+0300][17.123s][info ][gc] GC(563) Pause Remark 187M->73M(256M) 0.483ms
[2020-01-29T22:09:45.700+0300][17.140s][info ][gc] GC(565) Pause Young (Normal) (G1 Evacuation Pause) 84M->85M(256M) 11.583ms
[2020-01-29T22:09:45.752+0300][17.192s][info ][gc] GC(566) Pause Young (Normal) (G1 Evacuation Pause) 130M->131M(256M) 33.785ms
[2020-01-29T22:09:45.815+0300][17.254s][info ][gc] GC(567) Pause Young (Normal) (G1 Evacuation Pause) 181M->183M(256M) 39.544ms
[2020-01-29T22:09:45.818+0300][17.258s][info ][gc] GC(563) Pause Cleanup 193M->193M(256M) 0.042ms
[2020-01-29T22:09:45.819+0300][17.258s][info ][gc] GC(563) Concurrent Cycle 169.269ms
[2020-01-29T22:09:45.851+0300][17.291s][info ][gc] GC(568) Pause Young (Normal) (G1 Evacuation Pause) 197M->198M(256M) 31.375ms
[2020-01-29T22:09:45.862+0300][17.303s][info ][gc] GC(569) Pause Young (Concurrent Start) (G1 Evacuation Pause) 207M->208M(256M) 7.803ms
[2020-01-29T22:09:45.862+0300][17.303s][info ][gc] GC(570) Concurrent Cycle
[2020-01-29T22:09:45.876+0300][17.316s][info ][gc] GC(571) Pause Young (Normal) (G1 Evacuation Pause) 218M->219M(256M) 7.102ms
[2020-01-29T22:09:45.887+0300][17.328s][info ][gc] GC(572) Pause Young (Normal) (G1 Evacuation Pause) 229M->229M(256M) 7.526ms
[2020-01-29T22:09:45.907+0300][17.347s][info ][gc] GC(573) Pause Young (Normal) (G1 Evacuation Pause) 239M->239M(256M) 8.565ms
[2020-01-29T22:09:45.929+0300][17.369s][info ][gc] GC(574) To-space exhausted
[2020-01-29T22:09:45.929+0300][17.369s][info ][gc] GC(574) Pause Young (Normal) (G1 Evacuation Pause) 249M->252M(256M) 14.606ms
[2020-01-29T22:09:45.941+0300][17.381s][info ][gc] GC(575) To-space exhausted
[2020-01-29T22:09:45.941+0300][17.381s][info ][gc] GC(575) Pause Young (Normal) (G1 Evacuation Pause) 255M->255M(256M) 10.625ms
[2020-01-29T22:09:45.941+0300][17.381s][debug][gc] GC(576) Clear Next Bitmap 0.088ms
[2020-01-29T22:09:45.988+0300][17.429s][info ][gc] GC(576) Pause Full (G1 Evacuation Pause) 255M->88M(256M) 47.443ms
[2020-01-29T22:09:45.989+0300][17.429s][info ][gc] GC(570) Concurrent Cycle 126.126ms
[2020-01-29T22:09:46.030+0300][17.470s][info ][gc] GC(577) Pause Young (Normal) (G1 Evacuation Pause) 132M->132M(256M) 24.401ms
[2020-01-29T22:09:46.050+0300][17.490s][info ][gc] GC(578) Pause Young (Concurrent Start) (G1 Humongous Allocation) 137M->137M(256M) 7.286ms
[2020-01-29T22:09:46.050+0300][17.490s][info ][gc] GC(579) Concurrent Cycle
[2020-01-29T22:09:46.060+0300][17.500s][debug][gc] GC(579) Reclaimed 123 empty regions
[2020-01-29T22:09:46.060+0300][17.500s][info ][gc] GC(579) Pause Remark 178M->58M(256M) 0.513ms
[2020-01-29T22:09:46.080+0300][17.520s][info ][gc] GC(580) Pause Young (Normal) (G1 Evacuation Pause) 64M->60M(256M) 17.273ms
[2020-01-29T22:09:46.095+0300][17.535s][info ][gc] GC(579) Pause Cleanup 100M->100M(256M) 0.039ms
[2020-01-29T22:09:46.096+0300][17.536s][info ][gc] GC(579) Concurrent Cycle 45.674ms
[2020-01-29T22:09:46.148+0300][17.588s][info ][gc] GC(581) Pause Young (Normal) (G1 Evacuation Pause) 113M->114M(256M) 46.913ms
[2020-01-29T22:09:46.196+0300][17.636s][info ][gc] GC(582) Pause Young (Concurrent Start) (G1 Humongous Allocation) 149M->150M(256M) 23.821ms
[2020-01-29T22:09:46.197+0300][17.636s][info ][gc] GC(583) Concurrent Cycle
[2020-01-29T22:09:46.236+0300][17.677s][info ][gc] GC(584) Pause Young (Normal) (G1 Evacuation Pause) 194M->194M(256M) 18.250ms
[2020-01-29T22:09:46.240+0300][17.681s][debug][gc] GC(583) Reclaimed 100 empty regions
[2020-01-29T22:09:46.240+0300][17.681s][info ][gc] GC(583) Pause Remark 204M->104M(256M) 0.494ms
[2020-01-29T22:09:46.250+0300][17.690s][info ][gc] GC(585) Pause Young (Normal) (G1 Evacuation Pause) 104M->105M(256M) 8.913ms
[2020-01-29T22:09:46.292+0300][17.733s][info ][gc] GC(586) Pause Young (Normal) (G1 Evacuation Pause) 143M->144M(256M) 26.793ms
[2020-01-29T22:09:46.335+0300][17.775s][info ][gc] GC(587) Pause Young (Normal) (G1 Evacuation Pause) 170M->170M(256M) 32.500ms
[2020-01-29T22:09:46.384+0300][17.824s][info ][gc] GC(588) Pause Young (Normal) (G1 Evacuation Pause) 208M->209M(256M) 29.939ms
[2020-01-29T22:09:46.413+0300][17.853s][info ][gc] GC(589) Pause Young (Normal) (G1 Evacuation Pause) 218M->219M(256M) 24.287ms
[2020-01-29T22:09:46.443+0300][17.883s][info ][gc] GC(590) Pause Young (Normal) (G1 Evacuation Pause) 229M->230M(256M) 25.749ms
[2020-01-29T22:09:46.474+0300][17.914s][info ][gc] GC(591) Pause Young (Normal) (G1 Evacuation Pause) 240M->241M(256M) 26.735ms
[2020-01-29T22:09:46.513+0300][17.953s][info ][gc] GC(592) To-space exhausted
[2020-01-29T22:09:46.513+0300][17.953s][info ][gc] GC(592) Pause Young (Normal) (G1 Evacuation Pause) 251M->255M(256M) 35.339ms
[2020-01-29T22:09:46.514+0300][17.953s][debug][gc] GC(593) Clear Next Bitmap 0.066ms
[2020-01-29T22:09:46.544+0300][17.984s][info ][gc] GC(593) Pause Full (G1 Evacuation Pause) 255M->62M(256M) 30.615ms
[2020-01-29T22:09:46.544+0300][17.984s][info ][gc] GC(583) Concurrent Cycle 348.036ms
[2020-01-29T22:09:46.594+0300][18.034s][info ][gc] GC(594) Pause Young (Normal) (G1 Evacuation Pause) 114M->114M(256M) 29.236ms
[2020-01-29T22:09:46.630+0300][18.070s][info ][gc] GC(595) Pause Young (Concurrent Start) (G1 Humongous Allocation) 137M->138M(256M) 17.011ms
[2020-01-29T22:09:46.630+0300][18.070s][info ][gc] GC(596) Concurrent Cycle
[2020-01-29T22:09:46.665+0300][18.105s][info ][gc] GC(597) Pause Young (Normal) (G1 Evacuation Pause) 185M->185M(256M) 19.731ms
[2020-01-29T22:09:46.669+0300][18.109s][debug][gc] GC(596) Reclaimed 104 empty regions
[2020-01-29T22:09:46.670+0300][18.109s][info ][gc] GC(596) Pause Remark 194M->93M(256M) 0.529ms
[2020-01-29T22:09:46.680+0300][18.120s][info ][gc] GC(598) Pause Young (Normal) (G1 Evacuation Pause) 96M->97M(256M) 9.588ms
[2020-01-29T22:09:46.726+0300][18.166s][info ][gc] GC(599) Pause Young (Normal) (G1 Evacuation Pause) 138M->139M(256M) 29.584ms
[2020-01-29T22:09:46.775+0300][18.214s][info ][gc] GC(600) Pause Young (Normal) (G1 Evacuation Pause) 167M->168M(256M) 37.210ms
[2020-01-29T22:09:46.829+0300][18.269s][info ][gc] GC(601) Pause Young (Normal) (G1 Evacuation Pause) 207M->208M(256M) 35.213ms
[2020-01-29T22:09:46.864+0300][18.304s][info ][gc] GC(602) Pause Young (Normal) (G1 Evacuation Pause) 217M->218M(256M) 27.374ms
[2020-01-29T22:09:46.868+0300][18.308s][info ][gc] GC(596) Pause Cleanup 228M->228M(256M) 0.050ms
[2020-01-29T22:09:46.894+0300][18.334s][info ][gc] GC(603) Pause Young (Normal) (G1 Evacuation Pause) 228M->229M(256M) 25.551ms
[2020-01-29T22:09:46.894+0300][18.334s][info ][gc] GC(596) Concurrent Cycle 264.597ms
[2020-01-29T22:09:46.905+0300][18.346s][info ][gc] GC(604) Pause Young (Normal) (G1 Evacuation Pause) 239M->239M(256M) 7.607ms
[2020-01-29T22:09:46.924+0300][18.364s][info ][gc] GC(605) To-space exhausted
[2020-01-29T22:09:46.924+0300][18.364s][info ][gc] GC(605) Pause Young (Concurrent Start) (G1 Evacuation Pause) 249M->255M(256M) 14.134ms
[2020-01-29T22:09:46.924+0300][18.364s][info ][gc] GC(607) Concurrent Cycle
[2020-01-29T22:09:46.925+0300][18.365s][debug][gc] GC(606) Clear Next Bitmap 0.079ms
[2020-01-29T22:09:46.962+0300][18.402s][info ][gc] GC(606) Pause Full (G1 Evacuation Pause) 255M->72M(256M) 37.919ms
[2020-01-29T22:09:46.962+0300][18.402s][info ][gc] GC(607) Concurrent Cycle 38.262ms
[2020-01-29T22:09:47.009+0300][18.449s][info ][gc] GC(608) Pause Young (Normal) (G1 Evacuation Pause) 121M->121M(256M) 27.304ms
[2020-01-29T22:09:47.039+0300][18.479s][info ][gc] GC(609) Pause Young (Concurrent Start) (G1 Humongous Allocation) 137M->138M(256M) 13.307ms
[2020-01-29T22:09:47.039+0300][18.479s][info ][gc] GC(610) Concurrent Cycle
[2020-01-29T22:09:47.071+0300][18.511s][info ][gc] GC(611) Pause Young (Normal) (G1 Evacuation Pause) 186M->187M(256M) 20.042ms
[2020-01-29T22:09:47.075+0300][18.515s][debug][gc] GC(610) Reclaimed 96 empty regions
[2020-01-29T22:09:47.075+0300][18.515s][info ][gc] GC(610) Pause Remark 195M->99M(256M) 0.525ms
[2020-01-29T22:09:47.087+0300][18.527s][info ][gc] GC(612) Pause Young (Normal) (G1 Evacuation Pause) 103M->104M(256M) 10.253ms
[2020-01-29T22:09:47.130+0300][18.571s][info ][gc] GC(613) Pause Young (Normal) (G1 Evacuation Pause) 142M->143M(256M) 28.439ms
[2020-01-29T22:09:47.174+0300][18.614s][info ][gc] GC(614) Pause Young (Normal) (G1 Evacuation Pause) 169M->170M(256M) 32.984ms
[2020-01-29T22:09:47.225+0300][18.665s][info ][gc] GC(615) Pause Young (Normal) (G1 Evacuation Pause) 208M->209M(256M) 31.345ms
[2020-01-29T22:09:47.259+0300][18.699s][info ][gc] GC(616) Pause Young (Normal) (G1 Evacuation Pause) 218M->218M(256M) 30.022ms
[2020-01-29T22:09:47.263+0300][18.703s][info ][gc] GC(610) Pause Cleanup 227M->227M(256M) 0.050ms
[2020-01-29T22:09:47.263+0300][18.703s][info ][gc] GC(610) Concurrent Cycle 224.325ms
[2020-01-29T22:09:47.291+0300][18.731s][info ][gc] GC(617) Pause Young (Prepare Mixed) (G1 Evacuation Pause) 228M->229M(256M) 27.414ms
[2020-01-29T22:09:47.436+0300][18.876s][info ][gc] GC(618) Pause Young (Mixed) (G1 Evacuation Pause) 239M->224M(256M) 140.502ms
[2020-01-29T22:09:47.448+0300][18.888s][info ][gc] GC(619) Pause Young (Concurrent Start) (G1 Evacuation Pause) 234M->235M(256M) 8.187ms
[2020-01-29T22:09:47.448+0300][18.888s][info ][gc] GC(620) Concurrent Cycle
[2020-01-29T22:09:47.464+0300][18.904s][info ][gc] GC(621) To-space exhausted
[2020-01-29T22:09:47.464+0300][18.904s][info ][gc] GC(621) Pause Young (Normal) (G1 Evacuation Pause) 245M->248M(256M) 9.501ms
[2020-01-29T22:09:47.482+0300][18.921s][info ][gc] GC(622) To-space exhausted
[2020-01-29T22:09:47.482+0300][18.921s][info ][gc] GC(622) Pause Young (Normal) (G1 Evacuation Pause) 255M->255M(256M) 14.621ms
[2020-01-29T22:09:47.482+0300][18.922s][debug][gc] GC(623) Clear Next Bitmap 0.080ms
[2020-01-29T22:09:47.529+0300][18.969s][info ][gc] GC(623) Pause Full (G1 Evacuation Pause) 255M->84M(256M) 47.103ms
[2020-01-29T22:09:47.529+0300][18.969s][info ][gc] GC(620) Concurrent Cycle 81.007ms
[2020-01-29T22:09:47.571+0300][19.011s][info ][gc] GC(624) Pause Young (Normal) (G1 Evacuation Pause) 129M->130M(256M) 24.595ms
[2020-01-29T22:09:47.592+0300][19.033s][info ][gc] GC(625) Pause Young (Concurrent Start) (G1 Humongous Allocation) 137M->137M(256M) 8.856ms
[2020-01-29T22:09:47.592+0300][19.033s][info ][gc] GC(626) Concurrent Cycle
[2020-01-29T22:09:47.603+0300][19.044s][debug][gc] GC(626) Reclaimed 117 empty regions
[2020-01-29T22:09:47.604+0300][19.044s][info ][gc] GC(626) Pause Remark 181M->67M(256M) 0.537ms
[2020-01-29T22:09:47.623+0300][19.063s][info ][gc] GC(627) Pause Young (Normal) (G1 Evacuation Pause) 70M->66M(256M) 17.642ms
[2020-01-29T22:09:47.643+0300][19.083s][info ][gc] GC(626) Pause Cleanup 117M->117M(256M) 0.037ms
[2020-01-29T22:09:47.643+0300][19.083s][info ][gc] GC(626) Concurrent Cycle 50.200ms
[2020-01-29T22:09:47.683+0300][19.123s][info ][gc] GC(628) Pause Young (Normal) (G1 Evacuation Pause) 117M->118M(256M) 39.704ms
[2020-01-29T22:09:47.720+0300][19.160s][info ][gc] GC(629) Pause Young (Concurrent Start) (G1 Evacuation Pause) 152M->153M(256M) 23.511ms
[2020-01-29T22:09:47.720+0300][19.160s][info ][gc] GC(630) Concurrent Cycle
[2020-01-29T22:09:47.760+0300][19.200s][info ][gc] GC(631) Pause Young (Normal) (G1 Evacuation Pause) 196M->197M(256M) 18.009ms
[2020-01-29T22:09:47.773+0300][19.213s][info ][gc] GC(632) Pause Young (Normal) (G1 Evacuation Pause) 207M->208M(256M) 9.189ms
[2020-01-29T22:09:47.785+0300][19.225s][info ][gc] GC(633) Pause Young (Normal) (G1 Evacuation Pause) 218M->218M(256M) 8.054ms
[2020-01-29T22:09:47.797+0300][19.237s][info ][gc] GC(634) Pause Young (Normal) (G1 Evacuation Pause) 228M->229M(256M) 8.079ms
[2020-01-29T22:09:47.810+0300][19.250s][info ][gc] GC(635) Pause Young (Normal) (G1 Evacuation Pause) 239M->240M(256M) 8.156ms
[2020-01-29T22:09:47.828+0300][19.268s][info ][gc] GC(636) To-space exhausted
[2020-01-29T22:09:47.828+0300][19.268s][info ][gc] GC(636) Pause Young (Normal) (G1 Evacuation Pause) 250M->252M(256M) 13.864ms
[2020-01-29T22:09:47.839+0300][19.279s][info ][gc] GC(637) To-space exhausted
[2020-01-29T22:09:47.839+0300][19.279s][info ][gc] GC(637) Pause Young (Normal) (G1 Evacuation Pause) 255M->255M(256M) 9.968ms
[2020-01-29T22:09:47.839+0300][19.279s][debug][gc] GC(638) Clear Next Bitmap 0.077ms
[2020-01-29T22:09:47.891+0300][19.331s][info ][gc] GC(638) Pause Full (G1 Evacuation Pause) 255M->95M(256M) 51.921ms
[2020-01-29T22:09:47.891+0300][19.331s][info ][gc] GC(630) Concurrent Cycle 170.930ms
[2020-01-29T22:09:47.941+0300][19.381s][info ][gc] GC(639) Pause Young (Concurrent Start) (G1 Humongous Allocation) 137M->136M(256M) 22.901ms
[2020-01-29T22:09:47.941+0300][19.381s][info ][gc] GC(640) Concurrent Cycle
[2020-01-29T22:09:47.983+0300][19.423s][info ][gc] GC(641) Pause Young (Normal) (G1 Evacuation Pause) 184M->185M(256M) 20.567ms
[2020-01-29T22:09:47.987+0300][19.428s][debug][gc] GC(640) Reclaimed 94 empty regions
[2020-01-29T22:09:47.987+0300][19.428s][info ][gc] GC(640) Pause Remark 195M->103M(256M) 0.591ms
[2020-01-29T22:09:48.001+0300][19.441s][info ][gc] GC(642) Pause Young (Normal) (G1 Evacuation Pause) 106M->107M(256M) 11.615ms
[2020-01-29T22:09:48.044+0300][19.484s][info ][gc] GC(643) Pause Young (Normal) (G1 Evacuation Pause) 145M->145M(256M) 28.319ms
[2020-01-29T22:09:48.087+0300][19.527s][info ][gc] GC(644) Pause Young (Normal) (G1 Evacuation Pause) 171M->172M(256M) 32.275ms
[2020-01-29T22:09:48.135+0300][19.575s][info ][gc] GC(645) Pause Young (Normal) (G1 Evacuation Pause) 209M->210M(256M) 29.153ms
[2020-01-29T22:09:48.163+0300][19.603s][info ][gc] GC(646) Pause Young (Normal) (G1 Evacuation Pause) 219M->220M(256M) 23.334ms
[2020-01-29T22:09:48.193+0300][19.632s][info ][gc] GC(647) Pause Young (Normal) (G1 Evacuation Pause) 230M->231M(256M) 24.922ms
[2020-01-29T22:09:48.223+0300][19.663s][info ][gc] GC(648) Pause Young (Normal) (G1 Evacuation Pause) 241M->242M(256M) 25.802ms
[2020-01-29T22:09:48.261+0300][19.701s][info ][gc] GC(649) To-space exhausted
[2020-01-29T22:09:48.261+0300][19.701s][info ][gc] GC(649) Pause Young (Normal) (G1 Evacuation Pause) 252M->255M(256M) 34.115ms
[2020-01-29T22:09:48.261+0300][19.701s][debug][gc] GC(650) Clear Next Bitmap 0.060ms
[2020-01-29T22:09:48.296+0300][19.736s][info ][gc] GC(650) Pause Full (G1 Evacuation Pause) 255M->68M(256M) 35.039ms
[2020-01-29T22:09:48.296+0300][19.737s][info ][gc] GC(640) Concurrent Cycle 355.335ms
[2020-01-29T22:09:48.344+0300][19.784s][info ][gc] GC(651) Pause Young (Normal) (G1 Evacuation Pause) 119M->119M(256M) 27.484ms
[2020-01-29T22:09:48.376+0300][19.816s][info ][gc] GC(652) Pause Young (Concurrent Start) (G1 Humongous Allocation) 137M->137M(256M) 14.187ms
[2020-01-29T22:09:48.376+0300][19.816s][info ][gc] GC(653) Concurrent Cycle
[2020-01-29T22:09:48.410+0300][19.850s][info ][gc] GC(654) Pause Young (Normal) (G1 Evacuation Pause) 185M->186M(256M) 20.543ms
[2020-01-29T22:09:48.414+0300][19.854s][debug][gc] GC(653) Reclaimed 109 empty regions
[2020-01-29T22:09:48.414+0300][19.854s][info ][gc] GC(653) Pause Remark 196M->89M(256M) 0.522ms
[2020-01-29T22:09:48.425+0300][19.865s][info ][gc] GC(655) Pause Young (Normal) (G1 Evacuation Pause) 91M->92M(256M) 9.849ms
[2020-01-29T22:09:48.472+0300][19.912s][info ][gc] GC(656) Pause Young (Normal) (G1 Evacuation Pause) 134M->134M(256M) 30.241ms
[2020-01-29T22:09:48.520+0300][19.960s][info ][gc] GC(657) Pause Young (Normal) (G1 Evacuation Pause) 163M->165M(256M) 37.145ms
[2020-01-29T22:09:48.574+0300][20.015s][info ][gc] GC(658) Pause Young (Normal) (G1 Evacuation Pause) 205M->206M(256M) 35.043ms
[2020-01-29T22:09:48.607+0300][20.047s][info ][gc] GC(659) Pause Young (Normal) (G1 Evacuation Pause) 214M->215M(256M) 29.137ms
[2020-01-29T22:09:48.641+0300][20.081s][info ][gc] GC(660) Pause Young (Normal) (G1 Evacuation Pause) 225M->226M(256M) 29.763ms
[2020-01-29T22:09:48.642+0300][20.082s][info ][gc] GC(653) Pause Cleanup 227M->227M(256M) 0.044ms
[2020-01-29T22:09:48.642+0300][20.082s][info ][gc] GC(653) Concurrent Cycle 266.513ms
[2020-01-29T22:09:48.673+0300][20.114s][info ][gc] GC(661) Pause Young (Normal) (G1 Evacuation Pause) 236M->237M(256M) 27.783ms
[2020-01-29T22:09:48.691+0300][20.131s][info ][gc] GC(662) To-space exhausted
[2020-01-29T22:09:48.691+0300][20.131s][info ][gc] GC(662) Pause Young (Concurrent Start) (G1 Evacuation Pause) 247M->250M(256M) 12.992ms
[2020-01-29T22:09:48.691+0300][20.131s][info ][gc] GC(663) Concurrent Cycle
[2020-01-29T22:09:48.707+0300][20.147s][info ][gc] GC(664) To-space exhausted
[2020-01-29T22:09:48.707+0300][20.147s][info ][gc] GC(664) Pause Young (Normal) (G1 Evacuation Pause) 255M->255M(256M) 12.324ms
[2020-01-29T22:09:48.708+0300][20.148s][debug][gc] GC(665) Clear Next Bitmap 0.094ms
[2020-01-29T22:09:48.749+0300][20.189s][info ][gc] GC(665) Pause Full (G1 Evacuation Pause) 255M->80M(256M) 41.447ms
[2020-01-29T22:09:48.749+0300][20.189s][info ][gc] GC(663) Concurrent Cycle 58.386ms
[2020-01-29T22:09:48.793+0300][20.233s][info ][gc] GC(666) Pause Young (Normal) (G1 Evacuation Pause) 126M->126M(256M) 25.967ms
[2020-01-29T22:09:48.818+0300][20.258s][info ][gc] GC(667) Pause Young (Concurrent Start) (G1 Humongous Allocation) 136M->137M(256M) 10.475ms
[2020-01-29T22:09:48.818+0300][20.258s][info ][gc] GC(668) Concurrent Cycle
[2020-01-29T22:09:48.850+0300][20.290s][info ][gc] GC(669) Pause Young (Normal) (G1 Evacuation Pause) 185M->186M(256M) 19.894ms
[2020-01-29T22:09:48.851+0300][20.291s][debug][gc] GC(668) Reclaimed 118 empty regions
[2020-01-29T22:09:48.851+0300][20.291s][info ][gc] GC(668) Pause Remark 186M->70M(256M) 0.562ms
[2020-01-29T22:09:48.865+0300][20.306s][info ][gc] GC(670) Pause Young (Normal) (G1 Evacuation Pause) 82M->83M(256M) 9.721ms
[2020-01-29T22:09:48.918+0300][20.358s][info ][gc] GC(671) Pause Young (Normal) (G1 Evacuation Pause) 128M->129M(256M) 34.282ms
[2020-01-29T22:09:48.944+0300][20.385s][info ][gc] GC(668) Pause Cleanup 160M->160M(256M) 0.043ms
[2020-01-29T22:09:48.945+0300][20.385s][info ][gc] GC(668) Concurrent Cycle 126.561ms
[2020-01-29T22:09:48.979+0300][20.419s][info ][gc] GC(672) Pause Young (Concurrent Start) (G1 Humongous Allocation) 160M->159M(256M) 34.356ms
[2020-01-29T22:09:48.980+0300][20.419s][info ][gc] GC(673) Concurrent Cycle
[2020-01-29T22:09:49.015+0300][20.454s][info ][gc] GC(674) Pause Young (Normal) (G1 Evacuation Pause) 200M->202M(256M) 16.283ms
[2020-01-29T22:09:49.025+0300][20.465s][info ][gc] GC(675) Pause Young (Normal) (G1 Evacuation Pause) 210M->210M(256M) 7.485ms
[2020-01-29T22:09:49.027+0300][20.466s][debug][gc] GC(673) Reclaimed 118 empty regions
[2020-01-29T22:09:49.027+0300][20.466s][info ][gc] GC(673) Pause Remark 212M->94M(256M) 0.541ms
[2020-01-29T22:09:49.038+0300][20.478s][info ][gc] GC(676) Pause Young (Normal) (G1 Evacuation Pause) 102M->103M(256M) 8.153ms
[2020-01-29T22:09:49.080+0300][20.520s][info ][gc] GC(677) Pause Young (Normal) (G1 Evacuation Pause) 142M->143M(256M) 26.322ms
[2020-01-29T22:09:49.122+0300][20.562s][info ][gc] GC(678) Pause Young (Normal) (G1 Evacuation Pause) 169M->171M(256M) 32.126ms
[2020-01-29T22:09:49.171+0300][20.611s][info ][gc] GC(679) Pause Young (Normal) (G1 Evacuation Pause) 209M->210M(256M) 29.783ms
[2020-01-29T22:09:49.198+0300][20.638s][info ][gc] GC(680) Pause Young (Normal) (G1 Evacuation Pause) 219M->220M(256M) 23.308ms
[2020-01-29T22:09:49.227+0300][20.667s][info ][gc] GC(681) Pause Young (Normal) (G1 Evacuation Pause) 230M->230M(256M) 24.784ms
[2020-01-29T22:09:49.258+0300][20.698s][info ][gc] GC(682) Pause Young (Normal) (G1 Evacuation Pause) 240M->241M(256M) 26.514ms
[2020-01-29T22:09:49.298+0300][20.738s][info ][gc] GC(683) To-space exhausted
[2020-01-29T22:09:49.298+0300][20.738s][info ][gc] GC(683) Pause Young (Normal) (G1 Evacuation Pause) 251M->255M(256M) 34.902ms
[2020-01-29T22:09:49.298+0300][20.738s][debug][gc] GC(684) Clear Next Bitmap 0.065ms
[2020-01-29T22:09:49.333+0300][20.773s][info ][gc] GC(684) Pause Full (G1 Evacuation Pause) 255M->67M(256M) 35.177ms
[2020-01-29T22:09:49.333+0300][20.773s][info ][gc] GC(673) Concurrent Cycle 353.878ms
[2020-01-29T22:09:49.380+0300][20.820s][info ][gc] GC(685) Pause Young (Normal) (G1 Evacuation Pause) 117M->118M(256M) 27.581ms
[2020-01-29T22:09:49.414+0300][20.853s][info ][gc] GC(686) Pause Young (Concurrent Start) (G1 Humongous Allocation) 137M->138M(256M) 15.077ms
[2020-01-29T22:09:49.414+0300][20.853s][info ][gc] GC(687) Concurrent Cycle
[2020-01-29T22:09:49.446+0300][20.886s][info ][gc] GC(688) Pause Young (Normal) (G1 Evacuation Pause) 185M->185M(256M) 19.258ms
[2020-01-29T22:09:49.450+0300][20.891s][debug][gc] GC(687) Reclaimed 108 empty regions
[2020-01-29T22:09:49.450+0300][20.891s][info ][gc] GC(687) Pause Remark 195M->90M(256M) 0.521ms
[2020-01-29T22:09:49.460+0300][20.901s][info ][gc] GC(689) Pause Young (Normal) (G1 Evacuation Pause) 92M->93M(256M) 9.206ms
[2020-01-29T22:09:49.507+0300][20.948s][info ][gc] GC(690) Pause Young (Normal) (G1 Evacuation Pause) 135M->137M(256M) 30.602ms
[2020-01-29T22:09:49.555+0300][20.995s][info ][gc] GC(691) Pause Young (Normal) (G1 Evacuation Pause) 165M->165M(256M) 36.354ms
[2020-01-29T22:09:49.611+0300][21.051s][info ][gc] GC(692) Pause Young (Normal) (G1 Evacuation Pause) 205M->207M(256M) 35.606ms
[2020-01-29T22:09:49.644+0300][21.084s][info ][gc] GC(693) Pause Young (Normal) (G1 Evacuation Pause) 215M->216M(256M) 29.742ms
[2020-01-29T22:09:49.678+0300][21.118s][info ][gc] GC(694) Pause Young (Normal) (G1 Evacuation Pause) 226M->227M(256M) 30.093ms
[2020-01-29T22:09:49.679+0300][21.119s][info ][gc] GC(687) Pause Cleanup 227M->227M(256M) 0.068ms
[2020-01-29T22:09:49.679+0300][21.119s][info ][gc] GC(687) Concurrent Cycle 265.626ms
[2020-01-29T22:09:49.714+0300][21.154s][info ][gc] GC(695) Pause Young (Normal) (G1 Evacuation Pause) 237M->237M(256M) 30.928ms
[2020-01-29T22:09:49.731+0300][21.171s][info ][gc] GC(696) To-space exhausted
[2020-01-29T22:09:49.731+0300][21.171s][info ][gc] GC(696) Pause Young (Concurrent Start) (G1 Evacuation Pause) 247M->251M(256M) 13.143ms
[2020-01-29T22:09:49.731+0300][21.171s][info ][gc] GC(697) Concurrent Cycle
[2020-01-29T22:09:49.747+0300][21.187s][info ][gc] GC(698) To-space exhausted
[2020-01-29T22:09:49.747+0300][21.187s][info ][gc] GC(698) Pause Young (Normal) (G1 Evacuation Pause) 255M->255M(256M) 11.372ms
[2020-01-29T22:09:49.747+0300][21.187s][debug][gc] GC(699) Clear Next Bitmap 0.095ms
[2020-01-29T22:09:49.788+0300][21.227s][info ][gc] GC(699) Pause Full (G1 Evacuation Pause) 255M->77M(256M) 40.407ms
[2020-01-29T22:09:49.788+0300][21.228s][info ][gc] GC(697) Concurrent Cycle 56.416ms
[2020-01-29T22:09:49.835+0300][21.275s][info ][gc] GC(700) Pause Young (Normal) (G1 Evacuation Pause) 124M->124M(256M) 29.111ms
[2020-01-29T22:09:49.864+0300][21.305s][info ][gc] GC(701) Pause Young (Concurrent Start) (G1 Humongous Allocation) 136M->137M(256M) 14.414ms
[2020-01-29T22:09:49.864+0300][21.305s][info ][gc] GC(702) Concurrent Cycle
[2020-01-29T22:09:49.901+0300][21.341s][info ][gc] GC(703) Pause Young (Normal) (G1 Evacuation Pause) 184M->185M(256M) 24.843ms
[2020-01-29T22:09:49.903+0300][21.343s][debug][gc] GC(702) Reclaimed 117 empty regions
[2020-01-29T22:09:49.903+0300][21.343s][info ][gc] GC(702) Pause Remark 188M->74M(256M) 0.615ms
[2020-01-29T22:09:49.918+0300][21.358s][info ][gc] GC(704) Pause Young (Normal) (G1 Evacuation Pause) 83M->84M(256M) 10.681ms
[2020-01-29T22:09:49.978+0300][21.417s][info ][gc] GC(705) Pause Young (Normal) (G1 Evacuation Pause) 129M->129M(256M) 31.754ms
[2020-01-29T22:09:50.028+0300][21.468s][info ][gc] GC(706) Pause Young (Normal) (G1 Evacuation Pause) 160M->161M(256M) 38.463ms
[2020-01-29T22:09:50.031+0300][21.472s][info ][gc] GC(702) Pause Cleanup 162M->162M(256M) 0.041ms
[2020-01-29T22:09:50.032+0300][21.472s][info ][gc] GC(702) Concurrent Cycle 167.559ms
[2020-01-29T22:09:50.060+0300][21.500s][info ][gc] GC(707) Pause Young (Concurrent Start) (G1 Humongous Allocation) 162M->163M(256M) 21.152ms
[2020-01-29T22:09:50.060+0300][21.500s][info ][gc] GC(708) Concurrent Cycle
[2020-01-29T22:09:50.068+0300][21.508s][debug][gc] GC(708) Reclaimed 147 empty regions
[2020-01-29T22:09:50.068+0300][21.508s][info ][gc] GC(708) Pause Remark 199M->52M(256M) 0.546ms
[2020-01-29T22:09:50.083+0300][21.523s][info ][gc] GC(709) Pause Young (Normal) (G1 Evacuation Pause) 56M->56M(256M) 13.560ms
[2020-01-29T22:09:50.099+0300][21.539s][info ][gc] GC(708) Pause Cleanup 96M->96M(256M) 0.042ms
[2020-01-29T22:09:50.099+0300][21.539s][info ][gc] GC(708) Concurrent Cycle 38.798ms
[2020-01-29T22:09:50.143+0300][21.583s][info ][gc] GC(710) Pause Young (Normal) (G1 Evacuation Pause) 110M->110M(256M) 38.544ms
[2020-01-29T22:09:50.182+0300][21.623s][info ][gc] GC(711) Pause Young (Concurrent Start) (G1 Evacuation Pause) 147M->148M(256M) 24.960ms
[2020-01-29T22:09:50.182+0300][21.623s][info ][gc] GC(712) Concurrent Cycle
[2020-01-29T22:09:50.226+0300][21.666s][info ][gc] GC(713) Pause Young (Normal) (G1 Evacuation Pause) 193M->193M(256M) 18.907ms
[2020-01-29T22:09:50.239+0300][21.679s][info ][gc] GC(714) Pause Young (Normal) (G1 Evacuation Pause) 204M->205M(256M) 8.971ms
[2020-01-29T22:09:50.251+0300][21.692s][info ][gc] GC(715) Pause Young (Normal) (G1 Evacuation Pause) 215M->216M(256M) 8.009ms
[2020-01-29T22:09:50.263+0300][21.704s][info ][gc] GC(716) Pause Young (Normal) (G1 Evacuation Pause) 226M->227M(256M) 8.233ms
[2020-01-29T22:09:50.276+0300][21.716s][info ][gc] GC(717) Pause Young (Normal) (G1 Evacuation Pause) 237M->238M(256M) 8.009ms
[2020-01-29T22:09:50.292+0300][21.732s][info ][gc] GC(718) To-space exhausted
[2020-01-29T22:09:50.292+0300][21.732s][info ][gc] GC(718) Pause Young (Normal) (G1 Evacuation Pause) 248M->251M(256M) 12.410ms
[2020-01-29T22:09:50.305+0300][21.745s][info ][gc] GC(719) To-space exhausted
[2020-01-29T22:09:50.305+0300][21.746s][info ][gc] GC(719) Pause Young (Normal) (G1 Evacuation Pause) 255M->255M(256M) 11.437ms
[2020-01-29T22:09:50.305+0300][21.746s][debug][gc] GC(720) Clear Next Bitmap 0.084ms
[2020-01-29T22:09:50.362+0300][21.802s][info ][gc] GC(720) Pause Full (G1 Evacuation Pause) 255M->97M(256M) 56.587ms
[2020-01-29T22:09:50.362+0300][21.803s][info ][gc] GC(712) Concurrent Cycle 179.466ms
[2020-01-29T22:09:50.409+0300][21.849s][info ][gc] GC(721) Pause Young (Concurrent Start) (G1 Humongous Allocation) 136M->136M(256M) 21.445ms
[2020-01-29T22:09:50.409+0300][21.849s][info ][gc] GC(722) Concurrent Cycle
[2020-01-29T22:09:50.451+0300][21.890s][info ][gc] GC(723) Pause Young (Normal) (G1 Evacuation Pause) 184M->185M(256M) 20.533ms
[2020-01-29T22:09:50.455+0300][21.895s][debug][gc] GC(722) Reclaimed 95 empty regions
[2020-01-29T22:09:50.455+0300][21.895s][info ][gc] GC(722) Pause Remark 195M->102M(256M) 0.584ms
[2020-01-29T22:09:50.468+0300][21.908s][info ][gc] GC(724) Pause Young (Normal) (G1 Evacuation Pause) 105M->106M(256M) 11.539ms
[2020-01-29T22:09:50.513+0300][21.952s][info ][gc] GC(725) Pause Young (Normal) (G1 Evacuation Pause) 144M->145M(256M) 29.439ms
[2020-01-29T22:09:50.555+0300][21.996s][info ][gc] GC(726) Pause Young (Normal) (G1 Evacuation Pause) 171M->172M(256M) 33.305ms
[2020-01-29T22:09:50.605+0300][22.045s][info ][gc] GC(727) Pause Young (Normal) (G1 Evacuation Pause) 209M->210M(256M) 31.137ms
[2020-01-29T22:09:50.634+0300][22.074s][info ][gc] GC(728) Pause Young (Normal) (G1 Evacuation Pause) 219M->220M(256M) 25.108ms
[2020-01-29T22:09:50.665+0300][22.105s][info ][gc] GC(729) Pause Young (Normal) (G1 Evacuation Pause) 230M->231M(256M) 26.354ms
[2020-01-29T22:09:50.697+0300][22.138s][info ][gc] GC(730) Pause Young (Normal) (G1 Evacuation Pause) 241M->242M(256M) 28.153ms
[2020-01-29T22:09:50.738+0300][22.178s][info ][gc] GC(731) To-space exhausted
[2020-01-29T22:09:50.738+0300][22.178s][info ][gc] GC(731) Pause Young (Normal) (G1 Evacuation Pause) 252M->255M(256M) 35.571ms
[2020-01-29T22:09:50.738+0300][22.178s][debug][gc] GC(732) Clear Next Bitmap 0.059ms
[2020-01-29T22:09:50.771+0300][22.212s][info ][gc] GC(732) Pause Full (G1 Evacuation Pause) 255M->68M(256M) 33.786ms
[2020-01-29T22:09:50.772+0300][22.212s][info ][gc] GC(722) Concurrent Cycle 362.946ms
[2020-01-29T22:09:50.819+0300][22.259s][info ][gc] GC(733) Pause Young (Normal) (G1 Evacuation Pause) 119M->119M(256M) 27.281ms
[2020-01-29T22:09:50.850+0300][22.291s][info ][gc] GC(734) Pause Young (Concurrent Start) (G1 Humongous Allocation) 137M->138M(256M) 13.846ms
[2020-01-29T22:09:50.850+0300][22.291s][info ][gc] GC(735) Concurrent Cycle
[2020-01-29T22:09:50.885+0300][22.324s][info ][gc] GC(736) Pause Young (Normal) (G1 Evacuation Pause) 186M->187M(256M) 20.430ms
[2020-01-29T22:09:50.889+0300][22.329s][debug][gc] GC(735) Reclaimed 109 empty regions
[2020-01-29T22:09:50.889+0300][22.329s][info ][gc] GC(735) Pause Remark 196M->88M(256M) 0.537ms
[2020-01-29T22:09:50.900+0300][22.340s][info ][gc] GC(737) Pause Young (Normal) (G1 Evacuation Pause) 91M->92M(256M) 9.575ms
[2020-01-29T22:09:50.946+0300][22.387s][info ][gc] GC(738) Pause Young (Normal) (G1 Evacuation Pause) 134M->135M(256M) 30.544ms
[2020-01-29T22:09:51.000+0300][22.440s][info ][gc] GC(739) Pause Young (Normal) (G1 Evacuation Pause) 164M->165M(256M) 36.902ms
[2020-01-29T22:09:51.052+0300][22.492s][info ][gc] GC(740) Pause Young (Normal) (G1 Evacuation Pause) 205M->206M(256M) 32.423ms
[2020-01-29T22:09:51.055+0300][22.495s][info ][gc] GC(735) Pause Cleanup 213M->213M(256M) 0.050ms
[2020-01-29T22:09:51.056+0300][22.495s][info ][gc] GC(735) Concurrent Cycle 204.568ms
[2020-01-29T22:09:51.081+0300][22.521s][info ][gc] GC(741) Pause Young (Normal) (G1 Evacuation Pause) 214M->215M(256M) 25.355ms
[2020-01-29T22:09:51.093+0300][22.533s][info ][gc] GC(742) Pause Young (Concurrent Start) (G1 Evacuation Pause) 225M->226M(256M) 8.091ms
[2020-01-29T22:09:51.093+0300][22.533s][info ][gc] GC(743) Concurrent Cycle
[2020-01-29T22:09:51.108+0300][22.548s][info ][gc] GC(744) Pause Young (Normal) (G1 Evacuation Pause) 236M->237M(256M) 8.151ms
[2020-01-29T22:09:51.123+0300][22.564s][info ][gc] GC(745) To-space exhausted
[2020-01-29T22:09:51.123+0300][22.564s][info ][gc] GC(745) Pause Young (Normal) (G1 Evacuation Pause) 247M->250M(256M) 12.177ms
[2020-01-29T22:09:51.138+0300][22.579s][info ][gc] GC(746) To-space exhausted
[2020-01-29T22:09:51.138+0300][22.579s][info ][gc] GC(746) Pause Young (Normal) (G1 Evacuation Pause) 255M->255M(256M) 12.846ms
[2020-01-29T22:09:51.138+0300][22.579s][debug][gc] GC(747) Clear Next Bitmap 0.081ms
[2020-01-29T22:09:51.184+0300][22.624s][info ][gc] GC(747) Pause Full (G1 Evacuation Pause) 255M->80M(256M) 45.165ms
[2020-01-29T22:09:51.184+0300][22.624s][info ][gc] GC(743) Concurrent Cycle 91.267ms
[2020-01-29T22:09:51.229+0300][22.669s][info ][gc] GC(748) Pause Young (Normal) (G1 Evacuation Pause) 127M->127M(256M) 26.692ms
[2020-01-29T22:09:51.253+0300][22.693s][info ][gc] GC(749) Pause Young (Concurrent Start) (G1 Humongous Allocation) 136M->138M(256M) 9.281ms
[2020-01-29T22:09:51.253+0300][22.693s][info ][gc] GC(750) Concurrent Cycle
[2020-01-29T22:09:51.266+0300][22.706s][debug][gc] GC(750) Reclaimed 116 empty regions
[2020-01-29T22:09:51.266+0300][22.706s][info ][gc] GC(750) Pause Remark 185M->71M(256M) 0.540ms
[2020-01-29T22:09:51.284+0300][22.724s][info ][gc] GC(751) Pause Young (Normal) (G1 Evacuation Pause) 71M->67M(256M) 17.753ms
[2020-01-29T22:09:51.346+0300][22.786s][info ][gc] GC(752) Pause Young (Normal) (G1 Evacuation Pause) 118M->119M(256M) 41.694ms
[2020-01-29T22:09:51.350+0300][22.790s][info ][gc] GC(750) Pause Cleanup 129M->129M(256M) 0.041ms
[2020-01-29T22:09:51.350+0300][22.791s][info ][gc] GC(750) Concurrent Cycle 97.313ms
[2020-01-29T22:09:51.402+0300][22.842s][info ][gc] GC(753) Pause Young (Normal) (G1 Evacuation Pause) 153M->154M(256M) 41.823ms
[2020-01-29T22:09:51.418+0300][22.858s][info ][gc] GC(754) Pause Young (Concurrent Start) (G1 Humongous Allocation) 156M->157M(256M) 5.618ms
[2020-01-29T22:09:51.418+0300][22.858s][info ][gc] GC(755) Concurrent Cycle
[2020-01-29T22:09:51.427+0300][22.867s][debug][gc] GC(755) Reclaimed 142 empty regions
[2020-01-29T22:09:51.427+0300][22.867s][info ][gc] GC(755) Pause Remark 196M->54M(256M) 0.549ms
[2020-01-29T22:09:51.443+0300][22.883s][info ][gc] GC(756) Pause Young (Normal) (G1 Evacuation Pause) 57M->56M(256M) 14.574ms
[2020-01-29T22:09:51.460+0300][22.900s][info ][gc] GC(755) Pause Cleanup 100M->100M(256M) 0.042ms
[2020-01-29T22:09:51.460+0300][22.900s][info ][gc] GC(755) Concurrent Cycle 41.832ms
[2020-01-29T22:09:51.504+0300][22.944s][info ][gc] GC(757) Pause Young (Normal) (G1 Evacuation Pause) 110M->111M(256M) 39.864ms
[2020-01-29T22:09:51.542+0300][22.982s][info ][gc] GC(758) Pause Young (Concurrent Start) (G1 Evacuation Pause) 147M->147M(256M) 24.445ms
[2020-01-29T22:09:51.542+0300][22.982s][info ][gc] GC(759) Concurrent Cycle
[2020-01-29T22:09:51.584+0300][23.025s][info ][gc] GC(760) Pause Young (Normal) (G1 Evacuation Pause) 192M->194M(256M) 18.919ms
[2020-01-29T22:09:51.597+0300][23.038s][info ][gc] GC(761) Pause Young (Normal) (G1 Evacuation Pause) 204M->205M(256M) 8.989ms
[2020-01-29T22:09:51.610+0300][23.050s][info ][gc] GC(762) Pause Young (Normal) (G1 Evacuation Pause) 215M->216M(256M) 8.167ms
[2020-01-29T22:09:51.622+0300][23.062s][info ][gc] GC(763) Pause Young (Normal) (G1 Evacuation Pause) 226M->227M(256M) 8.146ms
[2020-01-29T22:09:51.634+0300][23.074s][info ][gc] GC(764) Pause Young (Normal) (G1 Evacuation Pause) 237M->238M(256M) 8.028ms
[2020-01-29T22:09:51.650+0300][23.091s][info ][gc] GC(765) To-space exhausted
[2020-01-29T22:09:51.650+0300][23.091s][info ][gc] GC(765) Pause Young (Normal) (G1 Evacuation Pause) 248M->251M(256M) 12.351ms
[2020-01-29T22:09:51.664+0300][23.104s][info ][gc] GC(766) To-space exhausted
[2020-01-29T22:09:51.664+0300][23.104s][info ][gc] GC(766) Pause Young (Normal) (G1 Evacuation Pause) 255M->255M(256M) 11.505ms
[2020-01-29T22:09:51.664+0300][23.104s][debug][gc] GC(767) Clear Next Bitmap 0.099ms
[2020-01-29T22:09:51.717+0300][23.157s][info ][gc] GC(767) Pause Full (G1 Evacuation Pause) 255M->97M(256M) 53.238ms
[2020-01-29T22:09:51.717+0300][23.158s][info ][gc] GC(759) Concurrent Cycle 175.109ms
[2020-01-29T22:09:51.764+0300][23.204s][info ][gc] GC(768) Pause Young (Concurrent Start) (G1 Humongous Allocation) 136M->136M(256M) 21.514ms
[2020-01-29T22:09:51.764+0300][23.204s][info ][gc] GC(769) Concurrent Cycle
[2020-01-29T22:09:51.806+0300][23.246s][info ][gc] GC(770) Pause Young (Normal) (G1 Evacuation Pause) 184M->185M(256M) 20.859ms
[2020-01-29T22:09:51.810+0300][23.250s][debug][gc] GC(769) Reclaimed 95 empty regions
[2020-01-29T22:09:51.810+0300][23.250s][info ][gc] GC(769) Pause Remark 195M->102M(256M) 0.530ms
[2020-01-29T22:09:51.822+0300][23.262s][info ][gc] GC(771) Pause Young (Normal) (G1 Evacuation Pause) 105M->106M(256M) 10.739ms
[2020-01-29T22:09:51.866+0300][23.305s][info ][gc] GC(772) Pause Young (Normal) (G1 Evacuation Pause) 144M->145M(256M) 28.390ms
[2020-01-29T22:09:51.909+0300][23.349s][info ][gc] GC(773) Pause Young (Normal) (G1 Evacuation Pause) 171M->172M(256M) 33.026ms
[2020-01-29T22:09:51.959+0300][23.398s][info ][gc] GC(774) Pause Young (Normal) (G1 Evacuation Pause) 209M->210M(256M) 31.188ms
[2020-01-29T22:09:51.996+0300][23.436s][info ][gc] GC(775) Pause Young (Normal) (G1 Evacuation Pause) 219M->220M(256M) 24.064ms
[2020-01-29T22:09:52.001+0300][23.440s][info ][gc] GC(769) Pause Cleanup 223M->223M(256M) 0.048ms
[2020-01-29T22:09:52.001+0300][23.441s][info ][gc] GC(769) Concurrent Cycle 236.394ms
[2020-01-29T22:09:52.026+0300][23.466s][info ][gc] GC(776) Pause Young (Normal) (G1 Evacuation Pause) 230M->231M(256M) 22.589ms
[2020-01-29T22:09:52.042+0300][23.482s][info ][gc] GC(777) Pause Young (Concurrent Start) (G1 Evacuation Pause) 241M->242M(256M) 11.477ms
[2020-01-29T22:09:52.042+0300][23.482s][info ][gc] GC(778) Concurrent Cycle
[2020-01-29T22:09:52.064+0300][23.504s][info ][gc] GC(779) To-space exhausted
[2020-01-29T22:09:52.064+0300][23.504s][info ][gc] GC(779) Pause Young (Normal) (G1 Evacuation Pause) 252M->255M(256M) 16.232ms
[2020-01-29T22:09:52.064+0300][23.505s][debug][gc] GC(780) Clear Next Bitmap 0.086ms
[2020-01-29T22:09:52.098+0300][23.539s][info ][gc] GC(780) Pause Full (G1 Evacuation Pause) 255M->67M(256M) 34.194ms
[2020-01-29T22:09:52.098+0300][23.539s][info ][gc] GC(778) Concurrent Cycle 57.143ms
[2020-01-29T22:09:52.146+0300][23.586s][info ][gc] GC(781) Pause Young (Normal) (G1 Evacuation Pause) 118M->118M(256M) 27.691ms
[2020-01-29T22:09:52.178+0300][23.618s][info ][gc] GC(782) Pause Young (Concurrent Start) (G1 Humongous Allocation) 136M->137M(256M) 14.516ms
[2020-01-29T22:09:52.178+0300][23.619s][info ][gc] GC(783) Concurrent Cycle
[2020-01-29T22:09:52.213+0300][23.653s][info ][gc] GC(784) Pause Young (Normal) (G1 Evacuation Pause) 185M->186M(256M) 21.044ms
[2020-01-29T22:09:52.217+0300][23.658s][debug][gc] GC(783) Reclaimed 107 empty regions
[2020-01-29T22:09:52.217+0300][23.658s][info ][gc] GC(783) Pause Remark 194M->89M(256M) 0.535ms
[2020-01-29T22:09:52.232+0300][23.672s][info ][gc] GC(785) Pause Young (Normal) (G1 Evacuation Pause) 93M->94M(256M) 12.028ms
[2020-01-29T22:09:52.280+0300][23.720s][info ][gc] GC(786) Pause Young (Normal) (G1 Evacuation Pause) 136M->137M(256M) 31.282ms
[2020-01-29T22:09:52.328+0300][23.768s][info ][gc] GC(787) Pause Young (Normal) (G1 Evacuation Pause) 165M->166M(256M) 36.818ms
[2020-01-29T22:09:52.383+0300][23.823s][info ][gc] GC(788) Pause Young (Normal) (G1 Evacuation Pause) 205M->206M(256M) 36.576ms
[2020-01-29T22:09:52.419+0300][23.859s][info ][gc] GC(789) Pause Young (Normal) (G1 Evacuation Pause) 215M->216M(256M) 30.682ms
[2020-01-29T22:09:52.423+0300][23.863s][info ][gc] GC(783) Pause Cleanup 224M->224M(256M) 0.051ms
[2020-01-29T22:09:52.423+0300][23.863s][info ][gc] GC(783) Concurrent Cycle 244.644ms
[2020-01-29T22:09:52.452+0300][23.892s][info ][gc] GC(790) Pause Young (Normal) (G1 Evacuation Pause) 226M->227M(256M) 27.439ms
[2020-01-29T22:09:52.464+0300][23.905s][info ][gc] GC(791) Pause Young (Concurrent Start) (G1 Evacuation Pause) 237M->238M(256M) 8.182ms
[2020-01-29T22:09:52.464+0300][23.905s][info ][gc] GC(792) Concurrent Cycle
[2020-01-29T22:09:52.484+0300][23.924s][info ][gc] GC(793) To-space exhausted
[2020-01-29T22:09:52.484+0300][23.924s][info ][gc] GC(793) Pause Young (Normal) (G1 Evacuation Pause) 248M->251M(256M) 12.779ms
[2020-01-29T22:09:52.498+0300][23.938s][info ][gc] GC(794) To-space exhausted
[2020-01-29T22:09:52.498+0300][23.938s][info ][gc] GC(794) Pause Young (Normal) (G1 Evacuation Pause) 255M->255M(256M) 12.348ms
[2020-01-29T22:09:52.498+0300][23.938s][debug][gc] GC(795) Clear Next Bitmap 0.083ms
[2020-01-29T22:09:52.541+0300][23.980s][info ][gc] GC(795) Pause Full (G1 Evacuation Pause) 255M->80M(256M) 42.130ms
[2020-01-29T22:09:52.541+0300][23.981s][info ][gc] GC(792) Concurrent Cycle 75.893ms
[2020-01-29T22:09:52.585+0300][24.025s][info ][gc] GC(796) Pause Young (Normal) (G1 Evacuation Pause) 127M->127M(256M) 25.810ms
[2020-01-29T22:09:52.610+0300][24.050s][info ][gc] GC(797) Pause Young (Concurrent Start) (G1 Humongous Allocation) 137M->138M(256M) 10.332ms
[2020-01-29T22:09:52.610+0300][24.050s][info ][gc] GC(798) Concurrent Cycle
[2020-01-29T22:09:52.642+0300][24.082s][info ][gc] GC(799) Pause Young (Normal) (G1 Evacuation Pause) 186M->187M(256M) 20.029ms
[2020-01-29T22:09:52.643+0300][24.083s][debug][gc] GC(798) Reclaimed 117 empty regions
[2020-01-29T22:09:52.643+0300][24.083s][info ][gc] GC(798) Pause Remark 187M->71M(256M) 0.548ms
[2020-01-29T22:09:52.660+0300][24.100s][info ][gc] GC(800) Pause Young (Normal) (G1 Evacuation Pause) 83M->84M(256M) 11.524ms
[2020-01-29T22:09:52.712+0300][24.152s][info ][gc] GC(801) Pause Young (Normal) (G1 Evacuation Pause) 129M->130M(256M) 34.873ms
[2020-01-29T22:09:52.776+0300][24.216s][info ][gc] GC(802) Pause Young (Normal) (G1 Evacuation Pause) 180M->181M(256M) 39.692ms
[2020-01-29T22:09:52.778+0300][24.218s][info ][gc] GC(798) Pause Cleanup 186M->186M(256M) 0.042ms
[2020-01-29T22:09:52.778+0300][24.218s][info ][gc] GC(798) Concurrent Cycle 167.955ms
[2020-01-29T22:09:52.810+0300][24.251s][info ][gc] GC(803) Pause Young (Normal) (G1 Evacuation Pause) 196M->197M(256M) 28.790ms
[2020-01-29T22:09:52.823+0300][24.264s][info ][gc] GC(804) Pause Young (Concurrent Start) (G1 Evacuation Pause) 207M->208M(256M) 8.762ms
[2020-01-29T22:09:52.823+0300][24.264s][info ][gc] GC(805) Concurrent Cycle
[2020-01-29T22:09:52.838+0300][24.279s][info ][gc] GC(806) Pause Young (Normal) (G1 Evacuation Pause) 218M->218M(256M) 8.055ms
[2020-01-29T22:09:52.850+0300][24.291s][info ][gc] GC(807) Pause Young (Normal) (G1 Evacuation Pause) 228M->229M(256M) 8.149ms
[2020-01-29T22:09:52.863+0300][24.303s][info ][gc] GC(808) Pause Young (Normal) (G1 Evacuation Pause) 239M->240M(256M) 7.947ms
[2020-01-29T22:09:52.881+0300][24.322s][info ][gc] GC(809) To-space exhausted
[2020-01-29T22:09:52.881+0300][24.322s][info ][gc] GC(809) Pause Young (Normal) (G1 Evacuation Pause) 250M->253M(256M) 14.474ms
[2020-01-29T22:09:52.891+0300][24.331s][info ][gc] GC(810) To-space exhausted
[2020-01-29T22:09:52.891+0300][24.331s][info ][gc] GC(810) Pause Young (Normal) (G1 Evacuation Pause) 255M->255M(256M) 8.848ms
[2020-01-29T22:09:52.891+0300][24.332s][debug][gc] GC(811) Clear Next Bitmap 0.088ms
[2020-01-29T22:09:52.940+0300][24.380s][info ][gc] GC(811) Pause Full (G1 Evacuation Pause) 255M->89M(256M) 48.687ms
[2020-01-29T22:09:52.940+0300][24.381s][info ][gc] GC(805) Concurrent Cycle 116.668ms
[2020-01-29T22:09:52.980+0300][24.421s][info ][gc] GC(812) Pause Young (Normal) (G1 Evacuation Pause) 132M->132M(256M) 23.347ms
[2020-01-29T22:09:53.000+0300][24.440s][info ][gc] GC(813) Pause Young (Concurrent Start) (G1 Humongous Allocation) 136M->138M(256M) 7.314ms
[2020-01-29T22:09:53.000+0300][24.440s][info ][gc] GC(814) Concurrent Cycle
[2020-01-29T22:09:53.010+0300][24.450s][debug][gc] GC(814) Reclaimed 123 empty regions
[2020-01-29T22:09:53.010+0300][24.450s][info ][gc] GC(814) Pause Remark 179M->58M(256M) 0.573ms
[2020-01-29T22:09:53.030+0300][24.470s][info ][gc] GC(815) Pause Young (Normal) (G1 Evacuation Pause) 64M->60M(256M) 17.200ms
[2020-01-29T22:09:53.047+0300][24.487s][info ][gc] GC(814) Pause Cleanup 102M->102M(256M) 0.038ms
[2020-01-29T22:09:53.047+0300][24.487s][info ][gc] GC(814) Concurrent Cycle 46.655ms
[2020-01-29T22:09:53.091+0300][24.531s][info ][gc] GC(816) Pause Young (Normal) (G1 Evacuation Pause) 113M->113M(256M) 39.765ms
[2020-01-29T22:09:53.139+0300][24.578s][info ][gc] GC(817) Pause Young (Concurrent Start) (G1 Humongous Allocation) 148M->149M(256M) 23.874ms
[2020-01-29T22:09:53.139+0300][24.578s][info ][gc] GC(818) Concurrent Cycle
[2020-01-29T22:09:53.181+0300][24.620s][info ][gc] GC(819) Pause Young (Normal) (G1 Evacuation Pause) 194M->194M(256M) 19.175ms
[2020-01-29T22:09:53.184+0300][24.625s][debug][gc] GC(818) Reclaimed 96 empty regions
[2020-01-29T22:09:53.184+0300][24.625s][info ][gc] GC(818) Pause Remark 204M->108M(256M) 0.585ms
[2020-01-29T22:09:53.194+0300][24.635s][info ][gc] GC(820) Pause Young (Normal) (G1 Evacuation Pause) 108M->109M(256M) 9.403ms
[2020-01-29T22:09:53.236+0300][24.677s][info ][gc] GC(821) Pause Young (Normal) (G1 Evacuation Pause) 146M->147M(256M) 27.125ms
[2020-01-29T22:09:53.278+0300][24.719s][info ][gc] GC(822) Pause Young (Normal) (G1 Evacuation Pause) 172M->173M(256M) 31.790ms
[2020-01-29T22:09:53.314+0300][24.755s][info ][gc] GC(823) Pause Young (Normal) (G1 Evacuation Pause) 190M->191M(256M) 28.927ms
[2020-01-29T22:09:53.357+0300][24.797s][info ][gc] GC(824) Pause Young (Normal) (G1 Evacuation Pause) 222M->223M(256M) 26.475ms
[2020-01-29T22:09:53.386+0300][24.826s][info ][gc] GC(825) Pause Young (Normal) (G1 Evacuation Pause) 233M->234M(256M) 24.137ms
[2020-01-29T22:09:53.418+0300][24.858s][info ][gc] GC(826) To-space exhausted
[2020-01-29T22:09:53.418+0300][24.858s][info ][gc] GC(826) Pause Young (Normal) (G1 Evacuation Pause) 244M->246M(256M) 27.930ms
[2020-01-29T22:09:53.459+0300][24.899s][info ][gc] GC(827) To-space exhausted
[2020-01-29T22:09:53.459+0300][24.899s][info ][gc] GC(827) Pause Young (Normal) (G1 Evacuation Pause) 255M->255M(256M) 36.013ms
[2020-01-29T22:09:53.459+0300][24.899s][debug][gc] GC(828) Clear Next Bitmap 0.059ms
[2020-01-29T22:09:53.490+0300][24.930s][info ][gc] GC(828) Pause Full (G1 Evacuation Pause) 255M->61M(256M) 30.665ms
[2020-01-29T22:09:53.490+0300][24.930s][info ][gc] GC(818) Concurrent Cycle 351.865ms
[2020-01-29T22:09:53.540+0300][24.980s][info ][gc] GC(829) Pause Young (Normal) (G1 Evacuation Pause) 114M->114M(256M) 29.118ms
[2020-01-29T22:09:53.577+0300][25.017s][info ][gc] GC(830) Pause Young (Concurrent Start) (G1 Humongous Allocation) 137M->138M(256M) 16.924ms
[2020-01-29T22:09:53.577+0300][25.017s][info ][gc] GC(831) Concurrent Cycle
[2020-01-29T22:09:53.613+0300][25.053s][info ][gc] GC(832) Pause Young (Normal) (G1 Evacuation Pause) 186M->187M(256M) 20.437ms
[2020-01-29T22:09:53.617+0300][25.057s][debug][gc] GC(831) Reclaimed 103 empty regions
[2020-01-29T22:09:53.617+0300][25.057s][info ][gc] GC(831) Pause Remark 195M->93M(256M) 0.538ms
[2020-01-29T22:09:53.631+0300][25.071s][info ][gc] GC(833) Pause Young (Normal) (G1 Evacuation Pause) 97M->98M(256M) 11.469ms
[2020-01-29T22:09:53.677+0300][25.117s][info ][gc] GC(834) Pause Young (Normal) (G1 Evacuation Pause) 138M->139M(256M) 30.075ms
[2020-01-29T22:09:53.723+0300][25.163s][info ][gc] GC(835) Pause Young (Normal) (G1 Evacuation Pause) 167M->168M(256M) 35.293ms
[2020-01-29T22:09:53.779+0300][25.219s][info ][gc] GC(836) Pause Young (Normal) (G1 Evacuation Pause) 207M->207M(256M) 36.836ms
[2020-01-29T22:09:53.814+0300][25.255s][info ][gc] GC(837) Pause Young (Normal) (G1 Evacuation Pause) 216M->218M(256M) 31.559ms
[2020-01-29T22:09:53.850+0300][25.290s][info ][gc] GC(838) Pause Young (Normal) (G1 Evacuation Pause) 228M->229M(256M) 31.175ms
[2020-01-29T22:09:53.887+0300][25.327s][info ][gc] GC(839) Pause Young (Normal) (G1 Evacuation Pause) 239M->239M(256M) 32.297ms
[2020-01-29T22:09:53.887+0300][25.328s][info ][gc] GC(831) Pause Cleanup 240M->240M(256M) 0.043ms
[2020-01-29T22:09:53.888+0300][25.328s][info ][gc] GC(831) Concurrent Cycle 311.205ms
[2020-01-29T22:09:53.927+0300][25.367s][info ][gc] GC(840) To-space exhausted
[2020-01-29T22:09:53.927+0300][25.367s][info ][gc] GC(840) Pause Young (Normal) (G1 Evacuation Pause) 249M->252M(256M) 35.392ms
[2020-01-29T22:09:53.940+0300][25.380s][info ][gc] GC(841) To-space exhausted
[2020-01-29T22:09:53.940+0300][25.380s][info ][gc] GC(841) Pause Young (Concurrent Start) (G1 Evacuation Pause) 255M->255M(256M) 11.521ms
[2020-01-29T22:09:53.940+0300][25.380s][info ][gc] GC(843) Concurrent Cycle
[2020-01-29T22:09:53.940+0300][25.380s][debug][gc] GC(842) Clear Next Bitmap 0.067ms
[2020-01-29T22:09:53.982+0300][25.423s][info ][gc] GC(842) Pause Full (G1 Evacuation Pause) 255M->77M(256M) 42.711ms
[2020-01-29T22:09:53.983+0300][25.423s][info ][gc] GC(843) Concurrent Cycle 43.057ms
[2020-01-29T22:09:54.032+0300][25.472s][info ][gc] GC(844) Pause Young (Normal) (G1 Evacuation Pause) 129M->128M(256M) 28.774ms
[2020-01-29T22:09:54.056+0300][25.496s][info ][gc] GC(845) Pause Young (Concurrent Start) (G1 Humongous Allocation) 137M->138M(256M) 10.024ms
[2020-01-29T22:09:54.056+0300][25.496s][info ][gc] GC(846) Concurrent Cycle
[2020-01-29T22:09:54.069+0300][25.509s][debug][gc] GC(846) Reclaimed 117 empty regions
[2020-01-29T22:09:54.069+0300][25.509s][info ][gc] GC(846) Pause Remark 186M->70M(256M) 0.544ms
[2020-01-29T22:09:54.087+0300][25.527s][info ][gc] GC(847) Pause Young (Normal) (G1 Evacuation Pause) 70M->66M(256M) 17.903ms
[2020-01-29T22:09:54.148+0300][25.588s][info ][gc] GC(848) Pause Young (Normal) (G1 Evacuation Pause) 117M->118M(256M) 41.336ms
[2020-01-29T22:09:54.152+0300][25.592s][info ][gc] GC(846) Pause Cleanup 126M->126M(256M) 0.041ms
[2020-01-29T22:09:54.152+0300][25.593s][info ][gc] GC(846) Concurrent Cycle 96.559ms
[2020-01-29T22:09:54.201+0300][25.642s][info ][gc] GC(849) Pause Young (Normal) (G1 Evacuation Pause) 152M->153M(256M) 38.848ms
[2020-01-29T22:09:54.218+0300][25.658s][info ][gc] GC(850) Pause Young (Concurrent Start) (G1 Humongous Allocation) 155M->156M(256M) 5.594ms
[2020-01-29T22:09:54.218+0300][25.658s][info ][gc] GC(851) Concurrent Cycle
[2020-01-29T22:09:54.227+0300][25.667s][debug][gc] GC(851) Reclaimed 137 empty regions
[2020-01-29T22:09:54.227+0300][25.667s][info ][gc] GC(851) Pause Remark 194M->57M(256M) 0.603ms
[2020-01-29T22:09:54.243+0300][25.683s][info ][gc] GC(852) Pause Young (Normal) (G1 Evacuation Pause) 61M->60M(256M) 14.599ms
[2020-01-29T22:09:54.261+0300][25.701s][info ][gc] GC(851) Pause Cleanup 105M->105M(256M) 0.044ms
[2020-01-29T22:09:54.261+0300][25.701s][info ][gc] GC(851) Concurrent Cycle 42.530ms
[2020-01-29T22:09:54.301+0300][25.741s][info ][gc] GC(853) Pause Young (Normal) (G1 Evacuation Pause) 112M->113M(256M) 37.528ms
[2020-01-29T22:09:54.338+0300][25.779s][info ][gc] GC(854) Pause Young (Concurrent Start) (G1 Evacuation Pause) 149M->150M(256M) 23.982ms
[2020-01-29T22:09:54.339+0300][25.779s][info ][gc] GC(855) Concurrent Cycle
[2020-01-29T22:09:54.380+0300][25.820s][info ][gc] GC(856) Pause Young (Normal) (G1 Evacuation Pause) 194M->195M(256M) 18.552ms
[2020-01-29T22:09:54.392+0300][25.833s][info ][gc] GC(857) Pause Young (Normal) (G1 Evacuation Pause) 205M->205M(256M) 8.496ms
[2020-01-29T22:09:54.404+0300][25.845s][info ][gc] GC(858) Pause Young (Normal) (G1 Evacuation Pause) 215M->216M(256M) 7.580ms
[2020-01-29T22:09:54.416+0300][25.856s][info ][gc] GC(859) Pause Young (Normal) (G1 Evacuation Pause) 226M->227M(256M) 7.374ms
[2020-01-29T22:09:54.427+0300][25.868s][info ][gc] GC(860) Pause Young (Normal) (G1 Evacuation Pause) 237M->238M(256M) 7.371ms
[2020-01-29T22:09:54.443+0300][25.884s][info ][gc] GC(861) To-space exhausted
[2020-01-29T22:09:54.443+0300][25.884s][info ][gc] GC(861) Pause Young (Normal) (G1 Evacuation Pause) 248M->250M(256M) 12.021ms
[2020-01-29T22:09:54.459+0300][25.899s][info ][gc] GC(862) To-space exhausted
[2020-01-29T22:09:54.459+0300][25.899s][info ][gc] GC(862) Pause Young (Normal) (G1 Evacuation Pause) 255M->255M(256M) 13.603ms
[2020-01-29T22:09:54.459+0300][25.900s][debug][gc] GC(863) Clear Next Bitmap 0.073ms
[2020-01-29T22:09:54.513+0300][25.953s][info ][gc] GC(863) Pause Full (G1 Evacuation Pause) 255M->95M(256M) 53.509ms
[2020-01-29T22:09:54.513+0300][25.953s][info ][gc] GC(855) Concurrent Cycle 174.083ms
[2020-01-29T22:09:54.563+0300][26.003s][info ][gc] GC(864) Pause Young (Concurrent Start) (G1 Humongous Allocation) 136M->136M(256M) 22.870ms
[2020-01-29T22:09:54.563+0300][26.003s][info ][gc] GC(865) Concurrent Cycle
[2020-01-29T22:09:54.604+0300][26.044s][info ][gc] GC(866) Pause Young (Normal) (G1 Evacuation Pause) 184M->185M(256M) 20.377ms
[2020-01-29T22:09:54.609+0300][26.049s][debug][gc] GC(865) Reclaimed 94 empty regions
[2020-01-29T22:09:54.609+0300][26.049s][info ][gc] GC(865) Pause Remark 195M->103M(256M) 0.537ms
[2020-01-29T22:09:54.622+0300][26.062s][info ][gc] GC(867) Pause Young (Normal) (G1 Evacuation Pause) 106M->107M(256M) 11.405ms
[2020-01-29T22:09:54.665+0300][26.105s][info ][gc] GC(868) Pause Young (Normal) (G1 Evacuation Pause) 145M->146M(256M) 28.268ms
[2020-01-29T22:09:54.708+0300][26.148s][info ][gc] GC(869) Pause Young (Normal) (G1 Evacuation Pause) 171M->172M(256M) 33.120ms
[2020-01-29T22:09:54.758+0300][26.199s][info ][gc] GC(870) Pause Young (Normal) (G1 Evacuation Pause) 209M->210M(256M) 31.454ms
[2020-01-29T22:09:54.790+0300][26.230s][info ][gc] GC(871) Pause Young (Normal) (G1 Evacuation Pause) 219M->220M(256M) 26.289ms
[2020-01-29T22:09:54.821+0300][26.261s][info ][gc] GC(872) Pause Young (Normal) (G1 Evacuation Pause) 230M->231M(256M) 25.990ms
[2020-01-29T22:09:54.853+0300][26.293s][info ][gc] GC(873) Pause Young (Normal) (G1 Evacuation Pause) 241M->241M(256M) 27.422ms
[2020-01-29T22:09:54.856+0300][26.297s][info ][gc] GC(865) Pause Cleanup 250M->250M(256M) 0.045ms
[2020-01-29T22:09:54.857+0300][26.297s][info ][gc] GC(865) Concurrent Cycle 294.222ms
[2020-01-29T22:09:54.890+0300][26.330s][info ][gc] GC(874) To-space exhausted
[2020-01-29T22:09:54.890+0300][26.330s][info ][gc] GC(874) Pause Young (Normal) (G1 Evacuation Pause) 251M->255M(256M) 32.524ms
[2020-01-29T22:09:54.923+0300][26.363s][info ][gc] GC(875) Pause Full (G1 Evacuation Pause) 255M->67M(256M) 32.941ms
[2020-01-29T22:09:54.970+0300][26.410s][info ][gc] GC(876) Pause Young (Concurrent Start) (G1 Evacuation Pause) 117M->117M(256M) 27.610ms
[2020-01-29T22:09:54.970+0300][26.410s][info ][gc] GC(877) Concurrent Cycle
[2020-01-29T22:09:55.031+0300][26.471s][info ][gc] GC(878) Pause Young (Normal) (G1 Evacuation Pause) 171M->171M(256M) 24.147ms
[2020-01-29T22:09:55.051+0300][26.491s][info ][gc] GC(879) Pause Young (Normal) (G1 Evacuation Pause) 188M->189M(256M) 13.222ms
[2020-01-29T22:09:55.065+0300][26.504s][info ][gc] GC(880) Pause Young (Normal) (G1 Evacuation Pause) 200M->201M(256M) 8.543ms
[2020-01-29T22:09:55.077+0300][26.516s][info ][gc] GC(881) Pause Young (Normal) (G1 Evacuation Pause) 211M->211M(256M) 8.024ms
[2020-01-29T22:09:55.088+0300][26.529s][info ][gc] GC(882) Pause Young (Normal) (G1 Evacuation Pause) 221M->222M(256M) 8.319ms
[2020-01-29T22:09:55.100+0300][26.541s][info ][gc] GC(883) Pause Young (Normal) (G1 Evacuation Pause) 232M->233M(256M) 7.931ms
[2020-01-29T22:09:55.115+0300][26.556s][info ][gc] GC(884) To-space exhausted
[2020-01-29T22:09:55.115+0300][26.556s][info ][gc] GC(884) Pause Young (Normal) (G1 Evacuation Pause) 243M->246M(256M) 10.707ms
[2020-01-29T22:09:55.133+0300][26.574s][info ][gc] GC(885) To-space exhausted
[2020-01-29T22:09:55.133+0300][26.574s][info ][gc] GC(885) Pause Young (Normal) (G1 Evacuation Pause) 253M->253M(256M) 15.248ms
[2020-01-29T22:09:55.133+0300][26.574s][debug][gc] GC(886) Clear Next Bitmap 0.091ms
[2020-01-29T22:09:55.193+0300][26.634s][info ][gc] GC(886) Pause Full (G1 Evacuation Pause) 253M->110M(256M) 59.860ms
[2020-01-29T22:09:55.194+0300][26.634s][info ][gc] GC(877) Concurrent Cycle 223.831ms
[2020-01-29T22:09:55.230+0300][26.670s][info ][gc] GC(887) Pause Young (Concurrent Start) (G1 Humongous Allocation) 136M->136M(256M) 15.110ms
[2020-01-29T22:09:55.230+0300][26.670s][info ][gc] GC(888) Concurrent Cycle
[2020-01-29T22:09:55.264+0300][26.704s][info ][gc] GC(889) Pause Young (Normal) (G1 Evacuation Pause) 184M->185M(256M) 20.054ms
[2020-01-29T22:09:55.269+0300][26.709s][debug][gc] GC(888) Reclaimed 103 empty regions
[2020-01-29T22:09:55.269+0300][26.709s][info ][gc] GC(888) Pause Remark 196M->95M(256M) 0.559ms
[2020-01-29T22:09:55.279+0300][26.719s][info ][gc] GC(890) Pause Young (Normal) (G1 Evacuation Pause) 97M->98M(256M) 9.714ms
[2020-01-29T22:09:55.326+0300][26.766s][info ][gc] GC(891) Pause Young (Normal) (G1 Evacuation Pause) 140M->141M(256M) 29.864ms
[2020-01-29T22:09:55.370+0300][26.810s][info ][gc] GC(892) Pause Young (Normal) (G1 Evacuation Pause) 168M->169M(256M) 33.815ms
[2020-01-29T22:09:55.425+0300][26.865s][info ][gc] GC(893) Pause Young (Normal) (G1 Evacuation Pause) 207M->207M(256M) 35.609ms
[2020-01-29T22:09:55.459+0300][26.900s][info ][gc] GC(894) Pause Young (Normal) (G1 Evacuation Pause) 216M->217M(256M) 30.971ms
[2020-01-29T22:09:55.463+0300][26.904s][info ][gc] GC(888) Pause Cleanup 227M->227M(256M) 0.052ms
[2020-01-29T22:09:55.463+0300][26.904s][info ][gc] GC(888) Concurrent Cycle 233.782ms
[2020-01-29T22:09:55.492+0300][26.932s][info ][gc] GC(895) Pause Young (Normal) (G1 Evacuation Pause) 227M->228M(256M) 28.306ms
[2020-01-29T22:09:55.505+0300][26.945s][info ][gc] GC(896) Pause Young (Concurrent Start) (G1 Evacuation Pause) 238M->240M(256M) 8.441ms
[2020-01-29T22:09:55.505+0300][26.945s][info ][gc] GC(897) Concurrent Cycle
[2020-01-29T22:09:55.525+0300][26.965s][info ][gc] GC(898) To-space exhausted
[2020-01-29T22:09:55.525+0300][26.966s][info ][gc] GC(898) Pause Young (Normal) (G1 Evacuation Pause) 250M->252M(256M) 13.906ms
[2020-01-29T22:09:55.538+0300][26.978s][info ][gc] GC(899) To-space exhausted
[2020-01-29T22:09:55.538+0300][26.978s][info ][gc] GC(899) Pause Young (Normal) (G1 Evacuation Pause) 255M->255M(256M) 11.061ms
[2020-01-29T22:09:55.538+0300][26.978s][debug][gc] GC(900) Clear Next Bitmap 0.058ms
[2020-01-29T22:09:55.579+0300][27.018s][info ][gc] GC(900) Pause Full (G1 Evacuation Pause) 255M->76M(256M) 40.293ms
[2020-01-29T22:09:55.579+0300][27.019s][info ][gc] GC(897) Concurrent Cycle 73.506ms
[2020-01-29T22:09:55.624+0300][27.064s][info ][gc] GC(901) Pause Young (Normal) (G1 Evacuation Pause) 124M->124M(256M) 25.899ms
[2020-01-29T22:09:55.650+0300][27.091s][info ][gc] GC(902) Pause Young (Concurrent Start) (G1 Humongous Allocation) 137M->137M(256M) 11.886ms
[2020-01-29T22:09:55.651+0300][27.091s][info ][gc] GC(903) Concurrent Cycle
[2020-01-29T22:09:55.684+0300][27.124s][info ][gc] GC(904) Pause Young (Normal) (G1 Evacuation Pause) 185M->186M(256M) 20.023ms
[2020-01-29T22:09:55.686+0300][27.126s][debug][gc] GC(903) Reclaimed 115 empty regions
[2020-01-29T22:09:55.686+0300][27.126s][info ][gc] GC(903) Pause Remark 189M->76M(256M) 0.560ms
[2020-01-29T22:09:55.701+0300][27.141s][info ][gc] GC(905) Pause Young (Normal) (G1 Evacuation Pause) 85M->86M(256M) 11.647ms
[2020-01-29T22:09:55.755+0300][27.195s][info ][gc] GC(906) Pause Young (Normal) (G1 Evacuation Pause) 130M->131M(256M) 33.568ms
[2020-01-29T22:09:55.819+0300][27.258s][info ][gc] GC(907) Pause Young (Normal) (G1 Evacuation Pause) 181M->182M(256M) 39.920ms
[2020-01-29T22:09:55.823+0300][27.263s][info ][gc] GC(903) Pause Cleanup 193M->193M(256M) 0.043ms
[2020-01-29T22:09:55.823+0300][27.263s][info ][gc] GC(903) Concurrent Cycle 171.521ms
[2020-01-29T22:09:55.853+0300][27.293s][info ][gc] GC(908) Pause Young (Normal) (G1 Evacuation Pause) 196M->197M(256M) 29.415ms
[2020-01-29T22:09:55.866+0300][27.307s][info ][gc] GC(909) Pause Young (Concurrent Start) (G1 Evacuation Pause) 207M->208M(256M) 8.944ms
[2020-01-29T22:09:55.866+0300][27.307s][info ][gc] GC(910) Concurrent Cycle
[2020-01-29T22:09:55.881+0300][27.322s][info ][gc] GC(911) Pause Young (Normal) (G1 Evacuation Pause) 218M->219M(256M) 8.177ms
[2020-01-29T22:09:55.893+0300][27.334s][info ][gc] GC(912) Pause Young (Normal) (G1 Evacuation Pause) 229M->230M(256M) 8.092ms
[2020-01-29T22:09:55.905+0300][27.346s][info ][gc] GC(913) Pause Young (Normal) (G1 Evacuation Pause) 240M->241M(256M) 7.522ms
[2020-01-29T22:09:55.925+0300][27.365s][info ][gc] GC(914) To-space exhausted
[2020-01-29T22:09:55.925+0300][27.365s][info ][gc] GC(914) Pause Young (Normal) (G1 Evacuation Pause) 251M->254M(256M) 15.581ms
[2020-01-29T22:09:55.932+0300][27.373s][info ][gc] GC(915) To-space exhausted
[2020-01-29T22:09:55.932+0300][27.373s][info ][gc] GC(915) Pause Young (Normal) (G1 Evacuation Pause) 255M->255M(256M) 7.028ms
[2020-01-29T22:09:55.933+0300][27.373s][debug][gc] GC(916) Clear Next Bitmap 0.092ms
[2020-01-29T22:09:55.979+0300][27.419s][info ][gc] GC(916) Pause Full (G1 Evacuation Pause) 255M->86M(256M) 46.321ms
[2020-01-29T22:09:55.979+0300][27.420s][info ][gc] GC(910) Concurrent Cycle 112.977ms
[2020-01-29T22:09:56.028+0300][27.468s][info ][gc] GC(917) Pause Young (Normal) (G1 Evacuation Pause) 130M->130M(256M) 31.217ms
[2020-01-29T22:09:56.049+0300][27.489s][info ][gc] GC(918) Pause Young (Concurrent Start) (G1 Humongous Allocation) 136M->137M(256M) 7.767ms
[2020-01-29T22:09:56.049+0300][27.489s][info ][gc] GC(919) Concurrent Cycle
[2020-01-29T22:09:56.061+0300][27.501s][debug][gc] GC(919) Reclaimed 121 empty regions
[2020-01-29T22:09:56.061+0300][27.501s][info ][gc] GC(919) Pause Remark 182M->63M(256M) 0.545ms
[2020-01-29T22:09:56.080+0300][27.520s][info ][gc] GC(920) Pause Young (Normal) (G1 Evacuation Pause) 66M->62M(256M) 17.940ms
[2020-01-29T22:09:56.100+0300][27.540s][info ][gc] GC(919) Pause Cleanup 113M->113M(256M) 0.037ms
[2020-01-29T22:09:56.100+0300][27.540s][info ][gc] GC(919) Concurrent Cycle 50.645ms
[2020-01-29T22:09:56.141+0300][27.581s][info ][gc] GC(921) Pause Young (Normal) (G1 Evacuation Pause) 114M->115M(256M) 40.723ms
[2020-01-29T22:09:56.189+0300][27.629s][info ][gc] GC(922) Pause Young (Concurrent Start) (G1 Humongous Allocation) 150M->150M(256M) 23.759ms
[2020-01-29T22:09:56.189+0300][27.629s][info ][gc] GC(923) Concurrent Cycle
[2020-01-29T22:09:56.229+0300][27.670s][info ][gc] GC(924) Pause Young (Normal) (G1 Evacuation Pause) 194M->195M(256M) 18.209ms
[2020-01-29T22:09:56.234+0300][27.674s][debug][gc] GC(923) Reclaimed 98 empty regions
[2020-01-29T22:09:56.234+0300][27.674s][info ][gc] GC(923) Pause Remark 205M->107M(256M) 0.533ms
[2020-01-29T22:09:56.243+0300][27.684s][info ][gc] GC(925) Pause Young (Normal) (G1 Evacuation Pause) 107M->107M(256M) 9.516ms
[2020-01-29T22:09:56.285+0300][27.726s][info ][gc] GC(926) Pause Young (Normal) (G1 Evacuation Pause) 145M->146M(256M) 26.852ms
[2020-01-29T22:09:56.328+0300][27.768s][info ][gc] GC(927) Pause Young (Normal) (G1 Evacuation Pause) 171M->172M(256M) 32.244ms
[2020-01-29T22:09:56.366+0300][27.806s][info ][gc] GC(928) Pause Young (Normal) (G1 Evacuation Pause) 189M->191M(256M) 30.784ms
[2020-01-29T22:09:56.410+0300][27.850s][info ][gc] GC(929) Pause Young (Normal) (G1 Evacuation Pause) 222M->222M(256M) 28.498ms
[2020-01-29T22:09:56.441+0300][27.881s][info ][gc] GC(930) Pause Young (Normal) (G1 Evacuation Pause) 232M->233M(256M) 26.631ms
[2020-01-29T22:09:56.473+0300][27.913s][info ][gc] GC(931) To-space exhausted
[2020-01-29T22:09:56.473+0300][27.913s][info ][gc] GC(931) Pause Young (Normal) (G1 Evacuation Pause) 243M->244M(256M) 28.061ms
[2020-01-29T22:09:56.515+0300][27.955s][info ][gc] GC(932) To-space exhausted
[2020-01-29T22:09:56.515+0300][27.955s][info ][gc] GC(932) Pause Young (Normal) (G1 Evacuation Pause) 254M->255M(256M) 37.481ms
[2020-01-29T22:09:56.515+0300][27.955s][debug][gc] GC(933) Clear Next Bitmap 0.061ms
[2020-01-29T22:09:56.550+0300][27.989s][info ][gc] GC(933) Pause Full (G1 Evacuation Pause) 255M->62M(256M) 34.451ms
[2020-01-29T22:09:56.550+0300][27.990s][info ][gc] GC(923) Concurrent Cycle 360.524ms
[2020-01-29T22:09:56.599+0300][28.039s][info ][gc] GC(934) Pause Young (Normal) (G1 Evacuation Pause) 114M->114M(256M) 29.062ms
[2020-01-29T22:09:56.636+0300][28.076s][info ][gc] GC(935) Pause Young (Concurrent Start) (G1 Humongous Allocation) 137M->138M(256M) 17.131ms
[2020-01-29T22:09:56.636+0300][28.076s][info ][gc] GC(936) Concurrent Cycle
[2020-01-29T22:09:56.672+0300][28.112s][info ][gc] GC(937) Pause Young (Normal) (G1 Evacuation Pause) 186M->187M(256M) 20.553ms
[2020-01-29T22:09:56.677+0300][28.116s][debug][gc] GC(936) Reclaimed 104 empty regions
[2020-01-29T22:09:56.677+0300][28.117s][info ][gc] GC(936) Pause Remark 196M->93M(256M) 0.528ms
[2020-01-29T22:09:56.689+0300][28.129s][info ][gc] GC(938) Pause Young (Normal) (G1 Evacuation Pause) 96M->97M(256M) 11.155ms
[2020-01-29T22:09:56.735+0300][28.176s][info ][gc] GC(939) Pause Young (Normal) (G1 Evacuation Pause) 138M->139M(256M) 29.926ms
[2020-01-29T22:09:56.782+0300][28.222s][info ][gc] GC(940) Pause Young (Normal) (G1 Evacuation Pause) 167M->169M(256M) 35.654ms
[2020-01-29T22:09:56.835+0300][28.275s][info ][gc] GC(941) Pause Young (Normal) (G1 Evacuation Pause) 207M->208M(256M) 34.330ms
[2020-01-29T22:09:56.867+0300][28.307s][info ][gc] GC(942) Pause Young (Normal) (G1 Evacuation Pause) 217M->218M(256M) 27.613ms
[2020-01-29T22:09:56.902+0300][28.342s][info ][gc] GC(943) Pause Young (Normal) (G1 Evacuation Pause) 228M->228M(256M) 28.358ms
[2020-01-29T22:09:56.905+0300][28.344s][info ][gc] GC(936) Pause Cleanup 234M->234M(256M) 0.045ms
[2020-01-29T22:09:56.905+0300][28.345s][info ][gc] GC(936) Concurrent Cycle 268.844ms
[2020-01-29T22:09:56.933+0300][28.373s][info ][gc] GC(944) Pause Young (Normal) (G1 Evacuation Pause) 238M->239M(256M) 26.700ms
[2020-01-29T22:09:56.951+0300][28.391s][info ][gc] GC(945) To-space exhausted
[2020-01-29T22:09:56.951+0300][28.391s][info ][gc] GC(945) Pause Young (Concurrent Start) (G1 Evacuation Pause) 249M->251M(256M) 14.197ms
[2020-01-29T22:09:56.951+0300][28.391s][info ][gc] GC(946) Concurrent Cycle
[2020-01-29T22:09:56.966+0300][28.406s][info ][gc] GC(947) To-space exhausted
[2020-01-29T22:09:56.966+0300][28.406s][info ][gc] GC(947) Pause Young (Normal) (G1 Evacuation Pause) 255M->255M(256M) 11.847ms
[2020-01-29T22:09:56.966+0300][28.407s][debug][gc] GC(948) Clear Next Bitmap 0.085ms
[2020-01-29T22:09:57.011+0300][28.452s][info ][gc] GC(948) Pause Full (G1 Evacuation Pause) 255M->78M(256M) 45.209ms
[2020-01-29T22:09:57.012+0300][28.453s][info ][gc] GC(946) Concurrent Cycle 61.525ms
[2020-01-29T22:09:57.064+0300][28.505s][info ][gc] GC(949) Pause Young (Normal) (G1 Evacuation Pause) 126M->125M(256M) 26.082ms
[2020-01-29T22:09:57.090+0300][28.530s][info ][gc] GC(950) Pause Young (Concurrent Start) (G1 Humongous Allocation) 137M->138M(256M) 10.478ms
[2020-01-29T22:09:57.090+0300][28.530s][info ][gc] GC(951) Concurrent Cycle
[2020-01-29T22:09:57.131+0300][28.571s][info ][gc] GC(952) Pause Young (Normal) (G1 Evacuation Pause) 186M->187M(256M) 28.196ms
[2020-01-29T22:09:57.133+0300][28.573s][debug][gc] GC(951) Reclaimed 116 empty regions
[2020-01-29T22:09:57.133+0300][28.573s][info ][gc] GC(951) Pause Remark 189M->74M(256M) 0.668ms
[2020-01-29T22:09:57.156+0300][28.596s][info ][gc] GC(953) Pause Young (Normal) (G1 Evacuation Pause) 84M->85M(256M) 18.851ms
[2020-01-29T22:09:57.207+0300][28.648s][info ][gc] GC(954) Pause Young (Normal) (G1 Evacuation Pause) 130M->131M(256M) 32.784ms
[2020-01-29T22:09:57.271+0300][28.712s][info ][gc] GC(955) Pause Young (Normal) (G1 Evacuation Pause) 181M->182M(256M) 41.438ms
[2020-01-29T22:09:57.276+0300][28.716s][info ][gc] GC(951) Pause Cleanup 192M->192M(256M) 0.043ms
[2020-01-29T22:09:57.276+0300][28.716s][info ][gc] GC(951) Concurrent Cycle 186.033ms
[2020-01-29T22:09:57.307+0300][28.747s][info ][gc] GC(956) Pause Young (Normal) (G1 Evacuation Pause) 196M->196M(256M) 29.185ms
[2020-01-29T22:09:57.320+0300][28.760s][info ][gc] GC(957) Pause Young (Concurrent Start) (G1 Evacuation Pause) 206M->207M(256M) 8.858ms
[2020-01-29T22:09:57.320+0300][28.760s][info ][gc] GC(958) Concurrent Cycle
[2020-01-29T22:09:57.335+0300][28.775s][info ][gc] GC(959) Pause Young (Normal) (G1 Evacuation Pause) 217M->218M(256M) 8.103ms
[2020-01-29T22:09:57.347+0300][28.787s][info ][gc] GC(960) Pause Young (Normal) (G1 Evacuation Pause) 228M->229M(256M) 8.158ms
[2020-01-29T22:09:57.359+0300][28.800s][info ][gc] GC(961) Pause Young (Normal) (G1 Evacuation Pause) 239M->239M(256M) 8.136ms
[2020-01-29T22:09:57.376+0300][28.817s][info ][gc] GC(962) To-space exhausted
[2020-01-29T22:09:57.376+0300][28.817s][info ][gc] GC(962) Pause Young (Normal) (G1 Evacuation Pause) 249M->251M(256M) 13.239ms
[2020-01-29T22:09:57.390+0300][28.830s][info ][gc] GC(963) To-space exhausted
[2020-01-29T22:09:57.390+0300][28.830s][info ][gc] GC(963) Pause Young (Normal) (G1 Evacuation Pause) 255M->255M(256M) 11.752ms
[2020-01-29T22:09:57.390+0300][28.831s][debug][gc] GC(964) Clear Next Bitmap 0.084ms
[2020-01-29T22:09:57.443+0300][28.883s][info ][gc] GC(964) Pause Full (G1 Evacuation Pause) 255M->90M(256M) 52.468ms
[2020-01-29T22:09:57.443+0300][28.883s][info ][gc] GC(958) Concurrent Cycle 122.992ms
[2020-01-29T22:09:57.485+0300][28.924s][info ][gc] GC(965) Pause Young (Normal) (G1 Evacuation Pause) 133M->133M(256M) 24.464ms
[2020-01-29T22:09:57.501+0300][28.941s][info ][gc] GC(966) Pause Young (Concurrent Start) (G1 Humongous Allocation) 136M->137M(256M) 5.215ms
[2020-01-29T22:09:57.501+0300][28.941s][info ][gc] GC(967) Concurrent Cycle
[2020-01-29T22:09:57.510+0300][28.950s][debug][gc] GC(967) Reclaimed 125 empty regions
[2020-01-29T22:09:57.510+0300][28.950s][info ][gc] GC(967) Pause Remark 176M->54M(256M) 0.539ms
[2020-01-29T22:09:57.532+0300][28.972s][info ][gc] GC(968) Pause Young (Normal) (G1 Evacuation Pause) 62M->59M(256M) 17.970ms
[2020-01-29T22:09:57.546+0300][28.987s][info ][gc] GC(967) Pause Cleanup 95M->95M(256M) 0.036ms
[2020-01-29T22:09:57.547+0300][28.987s][info ][gc] GC(967) Concurrent Cycle 45.705ms
[2020-01-29T22:09:57.594+0300][29.034s][info ][gc] GC(969) Pause Young (Normal) (G1 Evacuation Pause) 112M->113M(256M) 39.957ms
[2020-01-29T22:09:57.641+0300][29.081s][info ][gc] GC(970) Pause Young (Concurrent Start) (G1 Humongous Allocation) 147M->147M(256M) 23.300ms
[2020-01-29T22:09:57.641+0300][29.081s][info ][gc] GC(971) Concurrent Cycle
[2020-01-29T22:09:57.682+0300][29.121s][info ][gc] GC(972) Pause Young (Normal) (G1 Evacuation Pause) 192M->193M(256M) 18.782ms
[2020-01-29T22:09:57.686+0300][29.126s][debug][gc] GC(971) Reclaimed 100 empty regions
[2020-01-29T22:09:57.686+0300][29.126s][info ][gc] GC(971) Pause Remark 203M->103M(256M) 0.520ms
[2020-01-29T22:09:57.696+0300][29.136s][info ][gc] GC(973) Pause Young (Normal) (G1 Evacuation Pause) 104M->105M(256M) 9.156ms
[2020-01-29T22:09:57.740+0300][29.181s][info ][gc] GC(974) Pause Young (Normal) (G1 Evacuation Pause) 143M->144M(256M) 29.710ms
[2020-01-29T22:09:57.784+0300][29.224s][info ][gc] GC(975) Pause Young (Normal) (G1 Evacuation Pause) 170M->171M(256M) 32.303ms
[2020-01-29T22:09:57.834+0300][29.274s][info ][gc] GC(976) Pause Young (Normal) (G1 Evacuation Pause) 209M->210M(256M) 30.968ms
[2020-01-29T22:09:57.863+0300][29.303s][info ][gc] GC(977) Pause Young (Normal) (G1 Evacuation Pause) 219M->220M(256M) 24.794ms
[2020-01-29T22:09:57.893+0300][29.333s][info ][gc] GC(978) Pause Young (Normal) (G1 Evacuation Pause) 230M->230M(256M) 26.009ms
[2020-01-29T22:09:57.925+0300][29.365s][info ][gc] GC(979) Pause Young (Normal) (G1 Evacuation Pause) 240M->241M(256M) 27.571ms
[2020-01-29T22:09:57.965+0300][29.405s][info ][gc] GC(980) To-space exhausted
[2020-01-29T22:09:57.965+0300][29.405s][info ][gc] GC(980) Pause Young (Normal) (G1 Evacuation Pause) 251M->255M(256M) 35.997ms
[2020-01-29T22:09:57.966+0300][29.406s][debug][gc] GC(981) Clear Next Bitmap 0.060ms
[2020-01-29T22:09:58.001+0300][29.441s][info ][gc] GC(981) Pause Full (G1 Evacuation Pause) 255M->64M(256M) 35.224ms
[2020-01-29T22:09:58.001+0300][29.441s][info ][gc] GC(971) Concurrent Cycle 360.077ms
[2020-01-29T22:09:58.050+0300][29.490s][info ][gc] GC(982) Pause Young (Normal) (G1 Evacuation Pause) 115M->115M(256M) 27.293ms
[2020-01-29T22:09:58.087+0300][29.526s][info ][gc] GC(983) Pause Young (Concurrent Start) (G1 Humongous Allocation) 137M->138M(256M) 17.171ms
[2020-01-29T22:09:58.087+0300][29.527s][info ][gc] GC(984) Concurrent Cycle
[2020-01-29T22:09:58.122+0300][29.562s][info ][gc] GC(985) Pause Young (Normal) (G1 Evacuation Pause) 186M->186M(256M) 20.334ms
[2020-01-29T22:09:58.126+0300][29.567s][debug][gc] GC(984) Reclaimed 104 empty regions
[2020-01-29T22:09:58.126+0300][29.567s][info ][gc] GC(984) Pause Remark 196M->94M(256M) 0.544ms
[2020-01-29T22:09:58.137+0300][29.578s][info ][gc] GC(986) Pause Young (Normal) (G1 Evacuation Pause) 96M->97M(256M) 9.916ms
[2020-01-29T22:09:58.184+0300][29.624s][info ][gc] GC(987) Pause Young (Normal) (G1 Evacuation Pause) 138M->139M(256M) 30.114ms
[2020-01-29T22:09:58.231+0300][29.671s][info ][gc] GC(988) Pause Young (Normal) (G1 Evacuation Pause) 167M->168M(256M) 35.918ms
[2020-01-29T22:09:58.288+0300][29.728s][info ][gc] GC(989) Pause Young (Normal) (G1 Evacuation Pause) 207M->208M(256M) 35.061ms
[2020-01-29T22:09:58.320+0300][29.761s][info ][gc] GC(990) Pause Young (Normal) (G1 Evacuation Pause) 217M->218M(256M) 29.000ms
[2020-01-29T22:09:58.355+0300][29.795s][info ][gc] GC(991) Pause Young (Normal) (G1 Evacuation Pause) 228M->229M(256M) 30.093ms
[2020-01-29T22:09:58.357+0300][29.797s][info ][gc] GC(984) Pause Cleanup 232M->232M(256M) 0.048ms
[2020-01-29T22:09:58.357+0300][29.797s][info ][gc] GC(984) Concurrent Cycle 270.324ms
[2020-01-29T22:09:58.388+0300][29.828s][info ][gc] GC(992) Pause Young (Normal) (G1 Evacuation Pause) 239M->240M(256M) 27.922ms
[2020-01-29T22:09:58.406+0300][29.847s][info ][gc] GC(993) To-space exhausted
[2020-01-29T22:09:58.407+0300][29.847s][info ][gc] GC(993) Pause Young (Concurrent Start) (G1 Evacuation Pause) 250M->253M(256M) 15.359ms
[2020-01-29T22:09:58.407+0300][29.847s][info ][gc] GC(994) Concurrent Cycle
[2020-01-29T22:09:58.418+0300][29.858s][info ][gc] GC(995) To-space exhausted
[2020-01-29T22:09:58.418+0300][29.858s][info ][gc] GC(995) Pause Young (Normal) (G1 Evacuation Pause) 255M->255M(256M) 8.542ms
[2020-01-29T22:09:58.418+0300][29.858s][debug][gc] GC(996) Clear Next Bitmap 0.085ms
[2020-01-29T22:09:58.458+0300][29.898s][info ][gc] GC(996) Pause Full (G1 Evacuation Pause) 255M->76M(256M) 40.100ms
[2020-01-29T22:09:58.458+0300][29.899s][info ][gc] GC(994) Concurrent Cycle 51.693ms
[2020-01-29T22:09:58.504+0300][29.945s][info ][gc] GC(997) Pause Young (Normal) (G1 Evacuation Pause) 124M->123M(256M) 27.334ms
[2020-01-29T22:09:58.533+0300][29.973s][info ][gc] GC(998) Pause Young (Concurrent Start) (G1 Humongous Allocation) 136M->137M(256M) 11.971ms
[2020-01-29T22:09:58.533+0300][29.973s][info ][gc] GC(999) Concurrent Cycle
[2020-01-29T22:09:58.565+0300][30.005s][info ][gc] GC(1000) Pause Young (Normal) (G1 Evacuation Pause) 185M->185M(256M) 19.945ms
[2020-01-29T22:09:58.567+0300][30.007s][debug][gc] GC(999) Reclaimed 114 empty regions
[2020-01-29T22:09:58.567+0300][30.007s][info ][gc] GC(999) Pause Remark 189M->77M(256M) 0.560ms
[2020-01-29T22:09:58.583+0300][30.023s][info ][gc] GC(1001) Pause Young (Normal) (G1 Evacuation Pause) 86M->87M(256M) 11.683ms
[2020-01-29T22:09:58.632+0300][30.072s][info ][gc] GC(1002) Pause Young (Normal) (G1 Evacuation Pause) 131M->131M(256M) 31.707ms
[2020-01-29T22:09:58.695+0300][30.136s][info ][gc] GC(1003) Pause Young (Normal) (G1 Evacuation Pause) 181M->182M(256M) 40.586ms
[2020-01-29T22:09:58.733+0300][30.174s][info ][gc] GC(1004) Pause Young (Normal) (G1 Evacuation Pause) 196M->197M(256M) 31.737ms
[2020-01-29T22:09:58.735+0300][30.175s][info ][gc] GC(999) Pause Cleanup 198M->198M(256M) 0.044ms
[2020-01-29T22:09:58.735+0300][30.175s][info ][gc] GC(999) Concurrent Cycle 202.810ms
[2020-01-29T22:09:58.765+0300][30.205s][info ][gc] GC(1005) Pause Young (Normal) (G1 Evacuation Pause) 207M->208M(256M) 25.629ms
[2020-01-29T22:09:58.777+0300][30.217s][info ][gc] GC(1006) Pause Young (Concurrent Start) (G1 Evacuation Pause) 218M->219M(256M) 8.320ms
[2020-01-29T22:09:58.777+0300][30.217s][info ][gc] GC(1007) Concurrent Cycle
[2020-01-29T22:09:58.791+0300][30.232s][info ][gc] GC(1008) Pause Young (Normal) (G1 Evacuation Pause) 229M->230M(256M) 8.094ms
[2020-01-29T22:09:58.804+0300][30.244s][info ][gc] GC(1009) Pause Young (Normal) (G1 Evacuation Pause) 240M->241M(256M) 8.086ms
[2020-01-29T22:09:58.823+0300][30.263s][info ][gc] GC(1010) To-space exhausted
[2020-01-29T22:09:58.823+0300][30.263s][info ][gc] GC(1010) Pause Young (Normal) (G1 Evacuation Pause) 251M->253M(256M) 14.739ms
[2020-01-29T22:09:58.831+0300][30.271s][info ][gc] GC(1011) To-space exhausted
[2020-01-29T22:09:58.831+0300][30.272s][info ][gc] GC(1011) Pause Young (Normal) (G1 Evacuation Pause) 255M->255M(256M) 7.597ms
[2020-01-29T22:09:58.832+0300][30.272s][debug][gc] GC(1012) Clear Next Bitmap 0.088ms
[2020-01-29T22:09:58.879+0300][30.319s][info ][gc] GC(1012) Pause Full (G1 Evacuation Pause) 255M->87M(256M) 47.322ms
[2020-01-29T22:09:58.879+0300][30.319s][info ][gc] GC(1007) Concurrent Cycle 101.822ms
[2020-01-29T22:09:58.920+0300][30.361s][info ][gc] GC(1013) Pause Young (Normal) (G1 Evacuation Pause) 131M->131M(256M) 24.372ms
[2020-01-29T22:09:58.940+0300][30.380s][info ][gc] GC(1014) Pause Young (Concurrent Start) (G1 Humongous Allocation) 136M->137M(256M) 7.130ms
[2020-01-29T22:09:58.940+0300][30.380s][info ][gc] GC(1015) Concurrent Cycle
[2020-01-29T22:09:58.950+0300][30.390s][debug][gc] GC(1015) Reclaimed 124 empty regions
[2020-01-29T22:09:58.950+0300][30.390s][info ][gc] GC(1015) Pause Remark 179M->58M(256M) 0.556ms
[2020-01-29T22:09:58.969+0300][30.410s][info ][gc] GC(1016) Pause Young (Normal) (G1 Evacuation Pause) 63M->59M(256M) 17.181ms
[2020-01-29T22:09:58.984+0300][30.424s][info ][gc] GC(1015) Pause Cleanup 67M->67M(256M) 0.063ms
[2020-01-29T22:09:58.985+0300][30.426s][info ][gc] GC(1015) Concurrent Cycle 45.593ms
[2020-01-29T22:09:59.051+0300][30.492s][info ][gc] GC(1017) Pause Young (Normal) (G1 Evacuation Pause) 112M->113M(256M) 43.623ms
[2020-01-29T22:09:59.100+0300][30.540s][info ][gc] GC(1018) Pause Young (Concurrent Start) (G1 Humongous Allocation) 149M->149M(256M) 24.273ms
[2020-01-29T22:09:59.100+0300][30.540s][info ][gc] GC(1019) Concurrent Cycle
[2020-01-29T22:09:59.142+0300][30.582s][info ][gc] GC(1020) Pause Young (Normal) (G1 Evacuation Pause) 194M->195M(256M) 18.983ms
[2020-01-29T22:09:59.147+0300][30.587s][debug][gc] GC(1019) Reclaimed 98 empty regions
[2020-01-29T22:09:59.147+0300][30.587s][info ][gc] GC(1019) Pause Remark 205M->107M(256M) 0.552ms
[2020-01-29T22:09:59.157+0300][30.596s][info ][gc] GC(1021) Pause Young (Normal) (G1 Evacuation Pause) 107M->108M(256M) 9.089ms
[2020-01-29T22:09:59.198+0300][30.638s][info ][gc] GC(1022) Pause Young (Normal) (G1 Evacuation Pause) 145M->146M(256M) 26.696ms
[2020-01-29T22:09:59.240+0300][30.680s][info ][gc] GC(1023) Pause Young (Normal) (G1 Evacuation Pause) 171M->172M(256M) 31.795ms
[2020-01-29T22:09:59.276+0300][30.716s][info ][gc] GC(1024) Pause Young (Normal) (G1 Evacuation Pause) 189M->191M(256M) 29.130ms
[2020-01-29T22:09:59.319+0300][30.759s][info ][gc] GC(1025) Pause Young (Normal) (G1 Evacuation Pause) 222M->222M(256M) 26.282ms
[2020-01-29T22:09:59.348+0300][30.788s][info ][gc] GC(1026) Pause Young (Normal) (G1 Evacuation Pause) 232M->233M(256M) 24.402ms
[2020-01-29T22:09:59.379+0300][30.818s][info ][gc] GC(1027) To-space exhausted
[2020-01-29T22:09:59.379+0300][30.819s][info ][gc] GC(1027) Pause Young (Normal) (G1 Evacuation Pause) 243M->244M(256M) 26.331ms
[2020-01-29T22:09:59.418+0300][30.858s][info ][gc] GC(1028) To-space exhausted
[2020-01-29T22:09:59.418+0300][30.858s][info ][gc] GC(1028) Pause Young (Normal) (G1 Evacuation Pause) 254M->255M(256M) 35.718ms
[2020-01-29T22:09:59.418+0300][30.859s][debug][gc] GC(1029) Clear Next Bitmap 0.058ms
[2020-01-29T22:09:59.449+0300][30.890s][info ][gc] GC(1029) Pause Full (G1 Evacuation Pause) 255M->62M(256M) 31.390ms
[2020-01-29T22:09:59.450+0300][30.890s][info ][gc] GC(1019) Concurrent Cycle 349.683ms
[2020-01-29T22:09:59.499+0300][30.940s][info ][gc] GC(1030) Pause Young (Normal) (G1 Evacuation Pause) 114M->114M(256M) 28.947ms
[2020-01-29T22:09:59.536+0300][30.976s][info ][gc] GC(1031) Pause Young (Concurrent Start) (G1 Humongous Allocation) 137M->138M(256M) 17.429ms
[2020-01-29T22:09:59.536+0300][30.976s][info ][gc] GC(1032) Concurrent Cycle
[2020-01-29T22:09:59.573+0300][31.013s][info ][gc] GC(1033) Pause Young (Normal) (G1 Evacuation Pause) 186M->187M(256M) 20.540ms
[2020-01-29T22:09:59.577+0300][31.017s][debug][gc] GC(1032) Reclaimed 103 empty regions
[2020-01-29T22:09:59.577+0300][31.017s][info ][gc] GC(1032) Pause Remark 196M->94M(256M) 0.550ms
[2020-01-29T22:09:59.590+0300][31.030s][info ][gc] GC(1034) Pause Young (Normal) (G1 Evacuation Pause) 97M->98M(256M) 11.431ms
[2020-01-29T22:09:59.636+0300][31.076s][info ][gc] GC(1035) Pause Young (Normal) (G1 Evacuation Pause) 138M->139M(256M) 30.088ms
[2020-01-29T22:09:59.683+0300][31.123s][info ][gc] GC(1036) Pause Young (Normal) (G1 Evacuation Pause) 167M->168M(256M) 35.547ms
[2020-01-29T22:09:59.735+0300][31.175s][info ][gc] GC(1037) Pause Young (Normal) (G1 Evacuation Pause) 207M->208M(256M) 33.643ms
[2020-01-29T22:09:59.768+0300][31.207s][info ][gc] GC(1038) Pause Young (Normal) (G1 Evacuation Pause) 217M->218M(256M) 27.583ms
[2020-01-29T22:09:59.800+0300][31.240s][info ][gc] GC(1039) Pause Young (Normal) (G1 Evacuation Pause) 228M->229M(256M) 27.757ms
[2020-01-29T22:09:59.803+0300][31.244s][info ][gc] GC(1032) Pause Cleanup 236M->236M(256M) 0.063ms
[2020-01-29T22:09:59.803+0300][31.244s][info ][gc] GC(1032) Concurrent Cycle 267.348ms
[2020-01-29T22:09:59.831+0300][31.271s][info ][gc] GC(1040) Pause Young (Normal) (G1 Evacuation Pause) 239M->240M(256M) 26.409ms
[2020-01-29T22:09:59.850+0300][31.291s][info ][gc] GC(1041) To-space exhausted
[2020-01-29T22:09:59.850+0300][31.291s][info ][gc] GC(1041) Pause Young (Concurrent Start) (G1 Evacuation Pause) 250M->252M(256M) 15.509ms
[2020-01-29T22:09:59.850+0300][31.291s][info ][gc] GC(1042) Concurrent Cycle
[2020-01-29T22:09:59.863+0300][31.304s][info ][gc] GC(1043) To-space exhausted
[2020-01-29T22:09:59.863+0300][31.304s][info ][gc] GC(1043) Pause Young (Normal) (G1 Evacuation Pause) 255M->255M(256M) 10.135ms
[2020-01-29T22:09:59.864+0300][31.304s][debug][gc] GC(1044) Clear Next Bitmap 0.088ms
[2020-01-29T22:09:59.903+0300][31.343s][info ][gc] GC(1044) Pause Full (G1 Evacuation Pause) 255M->77M(256M) 39.047ms
[2020-01-29T22:09:59.903+0300][31.343s][info ][gc] GC(1042) Concurrent Cycle 52.611ms
[2020-01-29T22:09:59.948+0300][31.388s][info ][gc] GC(1045) Pause Young (Normal) (G1 Evacuation Pause) 125M->124M(256M) 25.827ms
[2020-01-29T22:09:59.973+0300][31.414s][info ][gc] GC(1046) Pause Young (Concurrent Start) (G1 Humongous Allocation) 136M->138M(256M) 10.741ms
[2020-01-29T22:09:59.973+0300][31.414s][info ][gc] GC(1047) Concurrent Cycle
[2020-01-29T22:09:59.988+0300][31.428s][debug][gc] GC(1047) Reclaimed 116 empty regions
[2020-01-29T22:09:59.988+0300][31.428s][info ][gc] GC(1047) Pause Remark 167M->53M(256M) 0.821ms
[2020-01-29T22:10:00.014+0300][31.454s][info ][gc] GC(1048) Pause Young (Normal) (G1 Evacuation Pause) 71M->67M(256M) 18.290ms
[2020-01-29T22:10:00.031+0300][31.471s][info ][gc] GC(1047) Pause Cleanup 109M->109M(256M) 0.037ms
[2020-01-29T22:10:00.031+0300][31.471s][info ][gc] GC(1047) Concurrent Cycle 57.601ms
[2020-01-29T22:10:00.073+0300][31.513s][info ][gc] GC(1049) Pause Young (Normal) (G1 Evacuation Pause) 117M->118M(256M) 38.937ms
[2020-01-29T22:10:00.110+0300][31.550s][info ][gc] GC(1050) Pause Young (Concurrent Start) (G1 Evacuation Pause) 152M->153M(256M) 23.178ms
[2020-01-29T22:10:00.110+0300][31.550s][info ][gc] GC(1051) Concurrent Cycle
[2020-01-29T22:10:00.150+0300][31.590s][info ][gc] GC(1052) Pause Young (Normal) (G1 Evacuation Pause) 196M->197M(256M) 17.956ms
[2020-01-29T22:10:00.163+0300][31.603s][info ][gc] GC(1053) Pause Young (Normal) (G1 Evacuation Pause) 207M->207M(256M) 9.222ms
[2020-01-29T22:10:00.175+0300][31.615s][info ][gc] GC(1054) Pause Young (Normal) (G1 Evacuation Pause) 217M->218M(256M) 8.020ms
[2020-01-29T22:10:00.187+0300][31.627s][info ][gc] GC(1055) Pause Young (Normal) (G1 Evacuation Pause) 228M->230M(256M) 7.999ms
[2020-01-29T22:10:00.200+0300][31.640s][info ][gc] GC(1056) Pause Young (Normal) (G1 Evacuation Pause) 240M->241M(256M) 8.051ms
[2020-01-29T22:10:00.218+0300][31.658s][info ][gc] GC(1057) To-space exhausted
[2020-01-29T22:10:00.218+0300][31.658s][info ][gc] GC(1057) Pause Young (Normal) (G1 Evacuation Pause) 251M->253M(256M) 14.405ms
[2020-01-29T22:10:00.228+0300][31.668s][info ][gc] GC(1058) To-space exhausted
[2020-01-29T22:10:00.228+0300][31.668s][info ][gc] GC(1058) Pause Young (Normal) (G1 Evacuation Pause) 255M->255M(256M) 8.653ms
[2020-01-29T22:10:00.228+0300][31.668s][debug][gc] GC(1059) Clear Next Bitmap 0.089ms
[2020-01-29T22:10:00.278+0300][31.718s][info ][gc] GC(1059) Pause Full (G1 Evacuation Pause) 255M->93M(256M) 50.377ms
[2020-01-29T22:10:00.279+0300][31.719s][info ][gc] GC(1051) Concurrent Cycle 168.538ms
[2020-01-29T22:10:00.318+0300][31.758s][info ][gc] GC(1060) Pause Young (Normal) (G1 Evacuation Pause) 135M->135M(256M) 22.636ms
[2020-01-29T22:10:00.334+0300][31.774s][info ][gc] GC(1061) Pause Young (Concurrent Start) (G1 Humongous Allocation) 136M->138M(256M) 5.751ms
[2020-01-29T22:10:00.334+0300][31.774s][info ][gc] GC(1062) Concurrent Cycle
[2020-01-29T22:10:00.343+0300][31.782s][debug][gc] GC(1062) Reclaimed 127 empty regions
[2020-01-29T22:10:00.343+0300][31.782s][info ][gc] GC(1062) Pause Remark 175M->51M(256M) 0.556ms
[2020-01-29T22:10:00.363+0300][31.804s][info ][gc] GC(1063) Pause Young (Normal) (G1 Evacuation Pause) 60M->59M(256M) 17.139ms
[2020-01-29T22:10:00.377+0300][31.817s][info ][gc] GC(1062) Pause Cleanup 93M->93M(256M) 0.038ms
[2020-01-29T22:10:00.377+0300][31.817s][info ][gc] GC(1062) Concurrent Cycle 43.245ms
[2020-01-29T22:10:00.425+0300][31.865s][info ][gc] GC(1064) Pause Young (Normal) (G1 Evacuation Pause) 112M->113M(256M) 40.403ms
[2020-01-29T22:10:00.473+0300][31.913s][info ][gc] GC(1065) Pause Young (Concurrent Start) (G1 Humongous Allocation) 148M->149M(256M) 23.894ms
[2020-01-29T22:10:00.473+0300][31.913s][info ][gc] GC(1066) Concurrent Cycle
[2020-01-29T22:10:00.514+0300][31.955s][info ][gc] GC(1067) Pause Young (Normal) (G1 Evacuation Pause) 194M->194M(256M) 19.043ms
[2020-01-29T22:10:00.519+0300][31.959s][debug][gc] GC(1066) Reclaimed 100 empty regions
[2020-01-29T22:10:00.519+0300][31.959s][info ][gc] GC(1066) Pause Remark 204M->104M(256M) 0.545ms
[2020-01-29T22:10:00.529+0300][31.969s][info ][gc] GC(1068) Pause Young (Normal) (G1 Evacuation Pause) 104M->105M(256M) 9.434ms
[2020-01-29T22:10:00.570+0300][32.011s][info ][gc] GC(1069) Pause Young (Normal) (G1 Evacuation Pause) 143M->144M(256M) 26.859ms
[2020-01-29T22:10:00.613+0300][32.053s][info ][gc] GC(1070) Pause Young (Normal) (G1 Evacuation Pause) 170M->170M(256M) 32.060ms
[2020-01-29T22:10:00.663+0300][32.103s][info ][gc] GC(1071) Pause Young (Normal) (G1 Evacuation Pause) 208M->209M(256M) 30.172ms
[2020-01-29T22:10:00.692+0300][32.132s][info ][gc] GC(1072) Pause Young (Normal) (G1 Evacuation Pause) 218M->219M(256M) 24.742ms
[2020-01-29T22:10:00.722+0300][32.162s][info ][gc] GC(1073) Pause Young (Normal) (G1 Evacuation Pause) 229M->230M(256M) 25.456ms
[2020-01-29T22:10:00.753+0300][32.193s][info ][gc] GC(1074) Pause Young (Normal) (G1 Evacuation Pause) 240M->240M(256M) 27.246ms
[2020-01-29T22:10:00.791+0300][32.231s][info ][gc] GC(1075) To-space exhausted
[2020-01-29T22:10:00.791+0300][32.231s][info ][gc] GC(1075) Pause Young (Normal) (G1 Evacuation Pause) 250M->254M(256M) 33.770ms
[2020-01-29T22:10:00.820+0300][32.259s][info ][gc] GC(1076) To-space exhausted
[2020-01-29T22:10:00.820+0300][32.260s][info ][gc] GC(1076) Pause Young (Normal) (G1 Evacuation Pause) 255M->255M(256M) 27.400ms
[2020-01-29T22:10:00.820+0300][32.260s][debug][gc] GC(1077) Clear Next Bitmap 0.067ms
[2020-01-29T22:10:00.852+0300][32.292s][info ][gc] GC(1077) Pause Full (G1 Evacuation Pause) 255M->64M(256M) 31.917ms
[2020-01-29T22:10:00.852+0300][32.292s][info ][gc] GC(1066) Concurrent Cycle 378.924ms
[2020-01-29T22:10:00.901+0300][32.341s][info ][gc] GC(1078) Pause Young (Normal) (G1 Evacuation Pause) 116M->116M(256M) 29.124ms
[2020-01-29T22:10:00.935+0300][32.375s][info ][gc] GC(1079) Pause Young (Concurrent Start) (G1 Humongous Allocation) 137M->137M(256M) 15.293ms
[2020-01-29T22:10:00.935+0300][32.375s][info ][gc] GC(1080) Concurrent Cycle
[2020-01-29T22:10:00.970+0300][32.410s][info ][gc] GC(1081) Pause Young (Normal) (G1 Evacuation Pause) 185M->186M(256M) 20.365ms
[2020-01-29T22:10:00.974+0300][32.415s][debug][gc] GC(1080) Reclaimed 105 empty regions
[2020-01-29T22:10:00.975+0300][32.415s][info ][gc] GC(1080) Pause Remark 195M->91M(256M) 0.545ms
[2020-01-29T22:10:00.995+0300][32.435s][info ][gc] GC(1082) Pause Young (Normal) (G1 Evacuation Pause) 95M->95M(256M) 14.711ms
[2020-01-29T22:10:01.047+0300][32.487s][info ][gc] GC(1083) Pause Young (Normal) (G1 Evacuation Pause) 136M->137M(256M) 32.894ms
[2020-01-29T22:10:01.094+0300][32.535s][info ][gc] GC(1084) Pause Young (Normal) (G1 Evacuation Pause) 165M->166M(256M) 36.387ms
[2020-01-29T22:10:01.150+0300][32.590s][info ][gc] GC(1085) Pause Young (Normal) (G1 Evacuation Pause) 205M->206M(256M) 36.292ms
[2020-01-29T22:10:01.154+0300][32.594s][info ][gc] GC(1080) Pause Cleanup 215M->215M(256M) 0.042ms
[2020-01-29T22:10:01.181+0300][32.621s][info ][gc] GC(1086) Pause Young (Normal) (G1 Evacuation Pause) 215M->215M(256M) 26.238ms
[2020-01-29T22:10:01.181+0300][32.621s][info ][gc] GC(1080) Concurrent Cycle 245.540ms
[2020-01-29T22:10:01.193+0300][32.633s][info ][gc] GC(1087) Pause Young (Normal) (G1 Evacuation Pause) 225M->226M(256M) 8.463ms
[2020-01-29T22:10:01.205+0300][32.645s][info ][gc] GC(1088) Pause Young (Concurrent Start) (G1 Evacuation Pause) 236M->237M(256M) 8.173ms
[2020-01-29T22:10:01.205+0300][32.645s][info ][gc] GC(1089) Concurrent Cycle
[2020-01-29T22:10:01.223+0300][32.663s][info ][gc] GC(1090) To-space exhausted
[2020-01-29T22:10:01.223+0300][32.663s][info ][gc] GC(1090) Pause Young (Normal) (G1 Evacuation Pause) 247M->249M(256M) 11.820ms
[2020-01-29T22:10:01.239+0300][32.679s][info ][gc] GC(1091) To-space exhausted
[2020-01-29T22:10:01.239+0300][32.679s][info ][gc] GC(1091) Pause Young (Normal) (G1 Evacuation Pause) 255M->255M(256M) 13.104ms
[2020-01-29T22:10:01.239+0300][32.679s][debug][gc] GC(1092) Clear Next Bitmap 0.091ms
[2020-01-29T22:10:01.285+0300][32.725s][info ][gc] GC(1092) Pause Full (G1 Evacuation Pause) 255M->80M(256M) 46.298ms
[2020-01-29T22:10:01.286+0300][32.725s][info ][gc] GC(1089) Concurrent Cycle 80.352ms
[2020-01-29T22:10:01.329+0300][32.770s][info ][gc] GC(1093) Pause Young (Normal) (G1 Evacuation Pause) 127M->127M(256M) 26.133ms
[2020-01-29T22:10:01.353+0300][32.794s][info ][gc] GC(1094) Pause Young (Concurrent Start) (G1 Humongous Allocation) 136M->138M(256M) 9.465ms
[2020-01-29T22:10:01.353+0300][32.794s][info ][gc] GC(1095) Concurrent Cycle
[2020-01-29T22:10:01.366+0300][32.806s][debug][gc] GC(1095) Reclaimed 118 empty regions
[2020-01-29T22:10:01.366+0300][32.806s][info ][gc] GC(1095) Pause Remark 185M->68M(256M) 0.552ms
[2020-01-29T22:10:01.384+0300][32.825s][info ][gc] GC(1096) Pause Young (Normal) (G1 Evacuation Pause) 69M->66M(256M) 17.731ms
[2020-01-29T22:10:01.446+0300][32.886s][info ][gc] GC(1097) Pause Young (Normal) (G1 Evacuation Pause) 117M->118M(256M) 41.328ms
[2020-01-29T22:10:01.449+0300][32.890s][info ][gc] GC(1095) Pause Cleanup 127M->127M(256M) 0.038ms
[2020-01-29T22:10:01.450+0300][32.890s][info ][gc] GC(1095) Concurrent Cycle 96.183ms
[2020-01-29T22:10:01.501+0300][32.941s][info ][gc] GC(1098) Pause Young (Normal) (G1 Evacuation Pause) 152M->153M(256M) 41.184ms
[2020-01-29T22:10:01.517+0300][32.957s][info ][gc] GC(1099) Pause Young (Concurrent Start) (G1 Humongous Allocation) 155M->156M(256M) 5.590ms
[2020-01-29T22:10:01.517+0300][32.957s][info ][gc] GC(1100) Concurrent Cycle
[2020-01-29T22:10:01.526+0300][32.966s][debug][gc] GC(1100) Reclaimed 142 empty regions
[2020-01-29T22:10:01.526+0300][32.966s][info ][gc] GC(1100) Pause Remark 194M->52M(256M) 0.566ms
[2020-01-29T22:10:01.542+0300][32.982s][info ][gc] GC(1101) Pause Young (Normal) (G1 Evacuation Pause) 56M->54M(256M) 14.759ms
[2020-01-29T22:10:01.559+0300][32.999s][info ][gc] GC(1100) Pause Cleanup 97M->97M(256M) 0.037ms
[2020-01-29T22:10:01.559+0300][32.999s][info ][gc] GC(1100) Concurrent Cycle 41.817ms
[2020-01-29T22:10:01.603+0300][33.043s][info ][gc] GC(1102) Pause Young (Normal) (G1 Evacuation Pause) 108M->108M(256M) 38.903ms
[2020-01-29T22:10:01.643+0300][33.083s][info ][gc] GC(1103) Pause Young (Concurrent Start) (G1 Evacuation Pause) 145M->146M(256M) 25.378ms
[2020-01-29T22:10:01.643+0300][33.083s][info ][gc] GC(1104) Concurrent Cycle
[2020-01-29T22:10:01.684+0300][33.125s][info ][gc] GC(1105) Pause Young (Normal) (G1 Evacuation Pause) 191M->192M(256M) 18.780ms
[2020-01-29T22:10:01.698+0300][33.138s][info ][gc] GC(1106) Pause Young (Normal) (G1 Evacuation Pause) 203M->203M(256M) 9.046ms
[2020-01-29T22:10:01.710+0300][33.151s][info ][gc] GC(1107) Pause Young (Normal) (G1 Evacuation Pause) 213M->214M(256M) 8.117ms
[2020-01-29T22:10:01.722+0300][33.162s][info ][gc] GC(1108) Pause Young (Normal) (G1 Evacuation Pause) 224M->225M(256M) 7.782ms
[2020-01-29T22:10:01.734+0300][33.175s][info ][gc] GC(1109) Pause Young (Normal) (G1 Evacuation Pause) 235M->236M(256M) 7.893ms
[2020-01-29T22:10:01.749+0300][33.190s][info ][gc] GC(1110) To-space exhausted
[2020-01-29T22:10:01.749+0300][33.190s][info ][gc] GC(1110) Pause Young (Normal) (G1 Evacuation Pause) 246M->248M(256M) 10.893ms
[2020-01-29T22:10:01.768+0300][33.208s][info ][gc] GC(1111) To-space exhausted
[2020-01-29T22:10:01.768+0300][33.208s][info ][gc] GC(1111) Pause Young (Normal) (G1 Evacuation Pause) 255M->255M(256M) 15.195ms
[2020-01-29T22:10:01.768+0300][33.208s][debug][gc] GC(1112) Clear Next Bitmap 0.088ms
[2020-01-29T22:10:01.825+0300][33.265s][info ][gc] GC(1112) Pause Full (G1 Evacuation Pause) 255M->102M(256M) 56.750ms
[2020-01-29T22:10:01.825+0300][33.265s][info ][gc] GC(1104) Concurrent Cycle 182.577ms
[2020-01-29T22:10:01.868+0300][33.308s][info ][gc] GC(1113) Pause Young (Concurrent Start) (G1 Humongous Allocation) 136M->136M(256M) 19.363ms
[2020-01-29T22:10:01.868+0300][33.308s][info ][gc] GC(1114) Concurrent Cycle
[2020-01-29T22:10:01.906+0300][33.346s][info ][gc] GC(1115) Pause Young (Normal) (G1 Evacuation Pause) 184M->185M(256M) 19.793ms
[2020-01-29T22:10:01.910+0300][33.350s][debug][gc] GC(1114) Reclaimed 102 empty regions
[2020-01-29T22:10:01.910+0300][33.350s][info ][gc] GC(1114) Pause Remark 195M->96M(256M) 0.553ms
[2020-01-29T22:10:01.921+0300][33.361s][info ][gc] GC(1116) Pause Young (Normal) (G1 Evacuation Pause) 98M->99M(256M) 9.737ms
[2020-01-29T22:10:01.967+0300][33.407s][info ][gc] GC(1117) Pause Young (Normal) (G1 Evacuation Pause) 140M->141M(256M) 29.473ms
[2020-01-29T22:10:02.012+0300][33.452s][info ][gc] GC(1118) Pause Young (Normal) (G1 Evacuation Pause) 168M->169M(256M) 34.116ms
[2020-01-29T22:10:02.065+0300][33.505s][info ][gc] GC(1119) Pause Young (Normal) (G1 Evacuation Pause) 207M->207M(256M) 30.905ms
[2020-01-29T22:10:02.093+0300][33.534s][info ][gc] GC(1120) Pause Young (Normal) (G1 Evacuation Pause) 216M->217M(256M) 24.849ms
[2020-01-29T22:10:02.124+0300][33.564s][info ][gc] GC(1121) Pause Young (Normal) (G1 Evacuation Pause) 227M->228M(256M) 25.659ms
[2020-01-29T22:10:02.125+0300][33.566s][info ][gc] GC(1114) Pause Cleanup 231M->231M(256M) 0.045ms
[2020-01-29T22:10:02.126+0300][33.566s][info ][gc] GC(1114) Concurrent Cycle 257.814ms
[2020-01-29T22:10:02.154+0300][33.594s][info ][gc] GC(1122) Pause Young (Normal) (G1 Evacuation Pause) 238M->240M(256M) 24.473ms
[2020-01-29T22:10:02.173+0300][33.614s][info ][gc] GC(1123) To-space exhausted
[2020-01-29T22:10:02.173+0300][33.614s][info ][gc] GC(1123) Pause Young (Concurrent Start) (G1 Evacuation Pause) 250M->252M(256M) 15.587ms
[2020-01-29T22:10:02.173+0300][33.614s][info ][gc] GC(1124) Concurrent Cycle
[2020-01-29T22:10:02.186+0300][33.627s][info ][gc] GC(1125) To-space exhausted
[2020-01-29T22:10:02.186+0300][33.627s][info ][gc] GC(1125) Pause Young (Normal) (G1 Evacuation Pause) 255M->255M(256M) 10.177ms
[2020-01-29T22:10:02.187+0300][33.627s][debug][gc] GC(1126) Clear Next Bitmap 0.092ms
[2020-01-29T22:10:02.227+0300][33.667s][info ][gc] GC(1126) Pause Full (G1 Evacuation Pause) 255M->74M(256M) 40.184ms
[2020-01-29T22:10:02.227+0300][33.667s][info ][gc] GC(1124) Concurrent Cycle 53.688ms
[2020-01-29T22:10:02.274+0300][33.714s][info ][gc] GC(1127) Pause Young (Normal) (G1 Evacuation Pause) 123M->123M(256M) 27.570ms
[2020-01-29T22:10:02.303+0300][33.743s][info ][gc] GC(1128) Pause Young (Concurrent Start) (G1 Humongous Allocation) 137M->137M(256M) 12.424ms
[2020-01-29T22:10:02.303+0300][33.743s][info ][gc] GC(1129) Concurrent Cycle
[2020-01-29T22:10:02.335+0300][33.775s][info ][gc] GC(1130) Pause Young (Normal) (G1 Evacuation Pause) 185M->186M(256M) 19.816ms
[2020-01-29T22:10:02.338+0300][33.778s][debug][gc] GC(1129) Reclaimed 108 empty regions
[2020-01-29T22:10:02.338+0300][33.778s][info ][gc] GC(1129) Pause Remark 192M->86M(256M) 0.582ms
[2020-01-29T22:10:02.350+0300][33.790s][info ][gc] GC(1131) Pause Young (Normal) (G1 Evacuation Pause) 92M->93M(256M) 9.617ms
[2020-01-29T22:10:02.397+0300][33.838s][info ][gc] GC(1132) Pause Young (Normal) (G1 Evacuation Pause) 135M->136M(256M) 30.583ms
[2020-01-29T22:10:02.446+0300][33.887s][info ][gc] GC(1133) Pause Young (Normal) (G1 Evacuation Pause) 165M->166M(256M) 36.819ms
[2020-01-29T22:10:02.502+0300][33.942s][info ][gc] GC(1134) Pause Young (Normal) (G1 Evacuation Pause) 205M->206M(256M) 36.321ms
[2020-01-29T22:10:02.504+0300][33.944s][info ][gc] GC(1129) Pause Cleanup 212M->212M(256M) 0.046ms
[2020-01-29T22:10:02.504+0300][33.945s][info ][gc] GC(1129) Concurrent Cycle 201.648ms
[2020-01-29T22:10:02.533+0300][33.972s][info ][gc] GC(1135) Pause Young (Normal) (G1 Evacuation Pause) 215M->215M(256M) 26.533ms
[2020-01-29T22:10:02.545+0300][33.985s][info ][gc] GC(1136) Pause Young (Concurrent Start) (G1 Evacuation Pause) 225M->225M(256M) 8.322ms
[2020-01-29T22:10:02.545+0300][33.985s][info ][gc] GC(1137) Concurrent Cycle
[2020-01-29T22:10:02.559+0300][33.999s][info ][gc] GC(1138) Pause Young (Normal) (G1 Evacuation Pause) 235M->237M(256M) 8.147ms
[2020-01-29T22:10:02.576+0300][34.016s][info ][gc] GC(1139) To-space exhausted
[2020-01-29T22:10:02.576+0300][34.016s][info ][gc] GC(1139) Pause Young (Normal) (G1 Evacuation Pause) 247M->250M(256M) 12.227ms
[2020-01-29T22:10:02.590+0300][34.030s][info ][gc] GC(1140) To-space exhausted
[2020-01-29T22:10:02.591+0300][34.030s][info ][gc] GC(1140) Pause Young (Normal) (G1 Evacuation Pause) 255M->255M(256M) 12.602ms
[2020-01-29T22:10:02.591+0300][34.030s][debug][gc] GC(1141) Clear Next Bitmap 0.067ms
[2020-01-29T22:10:02.636+0300][34.076s][info ][gc] GC(1141) Pause Full (G1 Evacuation Pause) 255M->80M(256M) 45.769ms
[2020-01-29T22:10:02.636+0300][34.076s][info ][gc] GC(1137) Concurrent Cycle 91.632ms
[2020-01-29T22:10:02.680+0300][34.120s][info ][gc] GC(1142) Pause Young (Normal) (G1 Evacuation Pause) 126M->127M(256M) 26.035ms
[2020-01-29T22:10:02.705+0300][34.145s][info ][gc] GC(1143) Pause Young (Concurrent Start) (G1 Humongous Allocation) 137M->137M(256M) 10.524ms
[2020-01-29T22:10:02.705+0300][34.145s][info ][gc] GC(1144) Concurrent Cycle
[2020-01-29T22:10:02.737+0300][34.177s][info ][gc] GC(1145) Pause Young (Normal) (G1 Evacuation Pause) 185M->186M(256M) 19.887ms
[2020-01-29T22:10:02.738+0300][34.178s][debug][gc] GC(1144) Reclaimed 116 empty regions
[2020-01-29T22:10:02.738+0300][34.178s][info ][gc] GC(1144) Pause Remark 186M->72M(256M) 0.559ms
[2020-01-29T22:10:02.752+0300][34.192s][info ][gc] GC(1146) Pause Young (Normal) (G1 Evacuation Pause) 84M->85M(256M) 9.525ms
[2020-01-29T22:10:02.805+0300][34.244s][info ][gc] GC(1147) Pause Young (Normal) (G1 Evacuation Pause) 130M->131M(256M) 34.172ms
[2020-01-29T22:10:02.868+0300][34.308s][info ][gc] GC(1148) Pause Young (Normal) (G1 Evacuation Pause) 181M->182M(256M) 39.957ms
[2020-01-29T22:10:02.870+0300][34.310s][info ][gc] GC(1144) Pause Cleanup 186M->186M(256M) 0.050ms
[2020-01-29T22:10:02.870+0300][34.310s][info ][gc] GC(1144) Concurrent Cycle 165.354ms
[2020-01-29T22:10:02.903+0300][34.344s][info ][gc] GC(1149) Pause Young (Normal) (G1 Evacuation Pause) 196M->197M(256M) 29.264ms
[2020-01-29T22:10:02.916+0300][34.357s][info ][gc] GC(1150) Pause Young (Concurrent Start) (G1 Evacuation Pause) 207M->208M(256M) 8.857ms
[2020-01-29T22:10:02.916+0300][34.357s][info ][gc] GC(1151) Concurrent Cycle
[2020-01-29T22:10:02.931+0300][34.372s][info ][gc] GC(1152) Pause Young (Normal) (G1 Evacuation Pause) 218M->219M(256M) 8.098ms
[2020-01-29T22:10:02.943+0300][34.383s][info ][gc] GC(1153) Pause Young (Normal) (G1 Evacuation Pause) 229M->229M(256M) 7.830ms
[2020-01-29T22:10:02.955+0300][34.395s][info ][gc] GC(1154) Pause Young (Normal) (G1 Evacuation Pause) 239M->240M(256M) 7.714ms
[2020-01-29T22:10:02.974+0300][34.414s][info ][gc] GC(1155) To-space exhausted
[2020-01-29T22:10:02.974+0300][34.414s][info ][gc] GC(1155) Pause Young (Normal) (G1 Evacuation Pause) 250M->252M(256M) 14.647ms
[2020-01-29T22:10:02.986+0300][34.426s][info ][gc] GC(1156) To-space exhausted
[2020-01-29T22:10:02.986+0300][34.427s][info ][gc] GC(1156) Pause Young (Normal) (G1 Evacuation Pause) 255M->255M(256M) 11.119ms
[2020-01-29T22:10:02.987+0300][34.427s][debug][gc] GC(1157) Clear Next Bitmap 0.089ms
[2020-01-29T22:10:03.034+0300][34.474s][info ][gc] GC(1157) Pause Full (G1 Evacuation Pause) 255M->88M(256M) 47.467ms
[2020-01-29T22:10:03.035+0300][34.475s][info ][gc] GC(1151) Concurrent Cycle 117.884ms
[2020-01-29T22:10:03.080+0300][34.520s][info ][gc] GC(1158) Pause Young (Normal) (G1 Evacuation Pause) 132M->132M(256M) 24.021ms
[2020-01-29T22:10:03.100+0300][34.540s][info ][gc] GC(1159) Pause Young (Concurrent Start) (G1 Humongous Allocation) 136M->138M(256M) 7.226ms
[2020-01-29T22:10:03.100+0300][34.540s][info ][gc] GC(1160) Concurrent Cycle
[2020-01-29T22:10:03.110+0300][34.550s][debug][gc] GC(1160) Reclaimed 123 empty regions
[2020-01-29T22:10:03.110+0300][34.550s][info ][gc] GC(1160) Pause Remark 179M->58M(256M) 0.560ms
[2020-01-29T22:10:03.129+0300][34.569s][info ][gc] GC(1161) Pause Young (Normal) (G1 Evacuation Pause) 64M->60M(256M) 17.203ms
[2020-01-29T22:10:03.146+0300][34.586s][info ][gc] GC(1160) Pause Cleanup 102M->102M(256M) 0.035ms
[2020-01-29T22:10:03.146+0300][34.586s][info ][gc] GC(1160) Concurrent Cycle 46.335ms
[2020-01-29T22:10:03.190+0300][34.630s][info ][gc] GC(1162) Pause Young (Normal) (G1 Evacuation Pause) 113M->114M(256M) 39.846ms
[2020-01-29T22:10:03.237+0300][34.678s][info ][gc] GC(1163) Pause Young (Concurrent Start) (G1 Humongous Allocation) 149M->150M(256M) 23.715ms
[2020-01-29T22:10:03.237+0300][34.678s][info ][gc] GC(1164) Concurrent Cycle
[2020-01-29T22:10:03.279+0300][34.719s][info ][gc] GC(1165) Pause Young (Normal) (G1 Evacuation Pause) 194M->195M(256M) 19.015ms
[2020-01-29T22:10:03.283+0300][34.724s][debug][gc] GC(1164) Reclaimed 96 empty regions
[2020-01-29T22:10:03.284+0300][34.724s][info ][gc] GC(1164) Pause Remark 205M->109M(256M) 0.565ms
[2020-01-29T22:10:03.293+0300][34.734s][info ][gc] GC(1166) Pause Young (Normal) (G1 Evacuation Pause) 109M->110M(256M) 9.481ms
[2020-01-29T22:10:03.335+0300][34.775s][info ][gc] GC(1167) Pause Young (Normal) (G1 Evacuation Pause) 147M->147M(256M) 26.977ms
[2020-01-29T22:10:03.377+0300][34.817s][info ][gc] GC(1168) Pause Young (Normal) (G1 Evacuation Pause) 172M->173M(256M) 31.733ms
[2020-01-29T22:10:03.414+0300][34.854s][info ][gc] GC(1169) Pause Young (Normal) (G1 Evacuation Pause) 190M->191M(256M) 30.554ms
[2020-01-29T22:10:03.459+0300][34.899s][info ][gc] GC(1170) Pause Young (Normal) (G1 Evacuation Pause) 222M->224M(256M) 28.994ms
[2020-01-29T22:10:03.491+0300][34.931s][info ][gc] GC(1171) Pause Young (Normal) (G1 Evacuation Pause) 234M->235M(256M) 27.278ms
[2020-01-29T22:10:03.527+0300][34.967s][info ][gc] GC(1172) To-space exhausted
[2020-01-29T22:10:03.527+0300][34.967s][info ][gc] GC(1172) Pause Young (Normal) (G1 Evacuation Pause) 245M->249M(256M) 29.650ms
[2020-01-29T22:10:03.562+0300][35.003s][info ][gc] GC(1173) To-space exhausted
[2020-01-29T22:10:03.562+0300][35.003s][info ][gc] GC(1173) Pause Young (Normal) (G1 Evacuation Pause) 255M->255M(256M) 33.270ms
[2020-01-29T22:10:03.563+0300][35.003s][debug][gc] GC(1174) Clear Next Bitmap 0.057ms
[2020-01-29T22:10:03.591+0300][35.031s][info ][gc] GC(1174) Pause Full (G1 Evacuation Pause) 255M->57M(256M) 28.330ms
[2020-01-29T22:10:03.591+0300][35.032s][info ][gc] GC(1164) Concurrent Cycle 353.733ms
[2020-01-29T22:10:03.642+0300][35.082s][info ][gc] GC(1175) Pause Young (Normal) (G1 Evacuation Pause) 111M->111M(256M) 28.895ms
[2020-01-29T22:10:03.681+0300][35.121s][info ][gc] GC(1176) Pause Young (Concurrent Start) (G1 Humongous Allocation) 137M->137M(256M) 18.802ms
[2020-01-29T22:10:03.681+0300][35.121s][info ][gc] GC(1177) Concurrent Cycle
[2020-01-29T22:10:03.719+0300][35.159s][info ][gc] GC(1178) Pause Young (Normal) (G1 Evacuation Pause) 185M->187M(256M) 20.432ms
[2020-01-29T22:10:03.724+0300][35.163s][debug][gc] GC(1177) Reclaimed 101 empty regions
[2020-01-29T22:10:03.724+0300][35.164s][info ][gc] GC(1177) Pause Remark 196M->97M(256M) 0.567ms
[2020-01-29T22:10:03.735+0300][35.175s][info ][gc] GC(1179) Pause Young (Normal) (G1 Evacuation Pause) 99M->100M(256M) 9.850ms
[2020-01-29T22:10:03.780+0300][35.220s][info ][gc] GC(1180) Pause Young (Normal) (G1 Evacuation Pause) 140M->141M(256M) 30.057ms
[2020-01-29T22:10:03.824+0300][35.265s][info ][gc] GC(1181) Pause Young (Normal) (G1 Evacuation Pause) 168M->169M(256M) 33.485ms
[2020-01-29T22:10:03.879+0300][35.319s][info ][gc] GC(1182) Pause Young (Normal) (G1 Evacuation Pause) 207M->208M(256M) 35.483ms
[2020-01-29T22:10:03.913+0300][35.353s][info ][gc] GC(1183) Pause Young (Normal) (G1 Evacuation Pause) 217M->218M(256M) 28.919ms
[2020-01-29T22:10:03.947+0300][35.387s][info ][gc] GC(1184) Pause Young (Normal) (G1 Evacuation Pause) 228M->229M(256M) 29.714ms
[2020-01-29T22:10:03.983+0300][35.423s][info ][gc] GC(1185) Pause Young (Normal) (G1 Evacuation Pause) 239M->240M(256M) 31.219ms
[2020-01-29T22:10:03.998+0300][35.438s][info ][gc] GC(1177) Pause Cleanup 241M->241M(256M) 0.056ms
[2020-01-29T22:10:03.998+0300][35.438s][info ][gc] GC(1177) Concurrent Cycle 316.798ms
[2020-01-29T22:10:04.030+0300][35.470s][info ][gc] GC(1186) To-space exhausted
[2020-01-29T22:10:04.030+0300][35.470s][info ][gc] GC(1186) Pause Young (Normal) (G1 Evacuation Pause) 250M->253M(256M) 28.019ms
[2020-01-29T22:10:04.040+0300][35.480s][info ][gc] GC(1187) To-space exhausted
[2020-01-29T22:10:04.040+0300][35.480s][info ][gc] GC(1187) Pause Young (Concurrent Start) (G1 Evacuation Pause) 255M->255M(256M) 9.012ms
[2020-01-29T22:10:04.040+0300][35.480s][info ][gc] GC(1189) Concurrent Cycle
[2020-01-29T22:10:04.040+0300][35.480s][debug][gc] GC(1188) Clear Next Bitmap 0.083ms
[2020-01-29T22:10:04.078+0300][35.518s][info ][gc] GC(1188) Pause Full (G1 Evacuation Pause) 255M->72M(256M) 37.872ms
[2020-01-29T22:10:04.078+0300][35.518s][info ][gc] GC(1189) Concurrent Cycle 38.227ms
[2020-01-29T22:10:04.127+0300][35.568s][info ][gc] GC(1190) Pause Young (Normal) (G1 Evacuation Pause) 125M->125M(256M) 29.451ms
[2020-01-29T22:10:04.153+0300][35.594s][info ][gc] GC(1191) Pause Young (Concurrent Start) (G1 Humongous Allocation) 136M->137M(256M) 10.888ms
[2020-01-29T22:10:04.154+0300][35.594s][info ][gc] GC(1192) Concurrent Cycle
[2020-01-29T22:10:04.186+0300][35.627s][info ][gc] GC(1193) Pause Young (Normal) (G1 Evacuation Pause) 185M->185M(256M) 20.087ms
[2020-01-29T22:10:04.188+0300][35.629s][debug][gc] GC(1192) Reclaimed 113 empty regions
[2020-01-29T22:10:04.188+0300][35.629s][info ][gc] GC(1192) Pause Remark 188M->76M(256M) 0.574ms
[2020-01-29T22:10:04.204+0300][35.645s][info ][gc] GC(1194) Pause Young (Normal) (G1 Evacuation Pause) 87M->88M(256M) 11.798ms
[2020-01-29T22:10:04.255+0300][35.695s][info ][gc] GC(1195) Pause Young (Normal) (G1 Evacuation Pause) 132M->132M(256M) 32.615ms
[2020-01-29T22:10:04.318+0300][35.759s][info ][gc] GC(1196) Pause Young (Normal) (G1 Evacuation Pause) 182M->183M(256M) 40.373ms
[2020-01-29T22:10:04.357+0300][35.797s][info ][gc] GC(1197) Pause Young (Normal) (G1 Evacuation Pause) 197M->198M(256M) 32.135ms
[2020-01-29T22:10:04.357+0300][35.797s][info ][gc] GC(1192) Pause Cleanup 199M->199M(256M) 0.043ms
[2020-01-29T22:10:04.357+0300][35.798s][info ][gc] GC(1192) Concurrent Cycle 203.393ms
[2020-01-29T22:10:04.390+0300][35.830s][info ][gc] GC(1198) Pause Young (Normal) (G1 Evacuation Pause) 207M->208M(256M) 26.838ms
[2020-01-29T22:10:04.402+0300][35.842s][info ][gc] GC(1199) Pause Young (Concurrent Start) (G1 Evacuation Pause) 218M->219M(256M) 8.208ms
[2020-01-29T22:10:04.402+0300][35.842s][info ][gc] GC(1200) Concurrent Cycle
[2020-01-29T22:10:04.416+0300][35.856s][info ][gc] GC(1201) Pause Young (Normal) (G1 Evacuation Pause) 229M->230M(256M) 7.895ms
[2020-01-29T22:10:04.428+0300][35.868s][info ][gc] GC(1202) Pause Young (Normal) (G1 Evacuation Pause) 240M->240M(256M) 7.699ms
[2020-01-29T22:10:04.447+0300][35.887s][info ][gc] GC(1203) To-space exhausted
[2020-01-29T22:10:04.447+0300][35.887s][info ][gc] GC(1203) Pause Young (Normal) (G1 Evacuation Pause) 250M->253M(256M) 15.044ms
[2020-01-29T22:10:04.456+0300][35.897s][info ][gc] GC(1204) To-space exhausted
[2020-01-29T22:10:04.456+0300][35.897s][info ][gc] GC(1204) Pause Young (Normal) (G1 Evacuation Pause) 255M->255M(256M) 8.649ms
[2020-01-29T22:10:04.457+0300][35.897s][debug][gc] GC(1205) Clear Next Bitmap 0.078ms
[2020-01-29T22:10:04.505+0300][35.945s][info ][gc] GC(1205) Pause Full (G1 Evacuation Pause) 255M->86M(256M) 48.059ms
[2020-01-29T22:10:04.505+0300][35.945s][info ][gc] GC(1200) Concurrent Cycle 103.316ms
[2020-01-29T22:10:04.546+0300][35.986s][info ][gc] GC(1206) Pause Young (Normal) (G1 Evacuation Pause) 130M->130M(256M) 24.255ms
[2020-01-29T22:10:04.566+0300][36.006s][info ][gc] GC(1207) Pause Young (Concurrent Start) (G1 Humongous Allocation) 136M->137M(256M) 6.845ms
[2020-01-29T22:10:04.566+0300][36.006s][info ][gc] GC(1208) Concurrent Cycle
[2020-01-29T22:10:04.577+0300][36.017s][debug][gc] GC(1208) Reclaimed 121 empty regions
[2020-01-29T22:10:04.577+0300][36.017s][info ][gc] GC(1208) Pause Remark 180M->61M(256M) 0.576ms
[2020-01-29T22:10:04.597+0300][36.037s][info ][gc] GC(1209) Pause Young (Normal) (G1 Evacuation Pause) 66M->63M(256M) 17.780ms
[2020-01-29T22:10:04.615+0300][36.054s][info ][gc] GC(1208) Pause Cleanup 106M->106M(256M) 0.038ms
[2020-01-29T22:10:04.615+0300][36.055s][info ][gc] GC(1208) Concurrent Cycle 48.165ms
[2020-01-29T22:10:04.659+0300][36.098s][info ][gc] GC(1210) Pause Young (Normal) (G1 Evacuation Pause) 115M->116M(256M) 40.209ms
[2020-01-29T22:10:04.705+0300][36.146s][info ][gc] GC(1211) Pause Young (Concurrent Start) (G1 Humongous Allocation) 151M->152M(256M) 23.821ms
[2020-01-29T22:10:04.706+0300][36.146s][info ][gc] GC(1212) Concurrent Cycle
[2020-01-29T22:10:04.747+0300][36.187s][info ][gc] GC(1213) Pause Young (Normal) (G1 Evacuation Pause) 196M->197M(256M) 18.482ms
[2020-01-29T22:10:04.751+0300][36.192s][debug][gc] GC(1212) Reclaimed 102 empty regions
[2020-01-29T22:10:04.751+0300][36.192s][info ][gc] GC(1212) Pause Remark 206M->104M(256M) 0.565ms
[2020-01-29T22:10:04.761+0300][36.201s][info ][gc] GC(1214) Pause Young (Normal) (G1 Evacuation Pause) 105M->106M(256M) 9.363ms
[2020-01-29T22:10:04.803+0300][36.243s][info ][gc] GC(1215) Pause Young (Normal) (G1 Evacuation Pause) 144M->144M(256M) 26.836ms
[2020-01-29T22:10:04.846+0300][36.286s][info ][gc] GC(1216) Pause Young (Normal) (G1 Evacuation Pause) 170M->171M(256M) 32.210ms
[2020-01-29T22:10:04.893+0300][36.334s][info ][gc] GC(1217) Pause Young (Normal) (G1 Evacuation Pause) 209M->210M(256M) 29.264ms
[2020-01-29T22:10:04.922+0300][36.362s][info ][gc] GC(1218) Pause Young (Normal) (G1 Evacuation Pause) 219M->220M(256M) 24.542ms
[2020-01-29T22:10:04.952+0300][36.392s][info ][gc] GC(1219) Pause Young (Normal) (G1 Evacuation Pause) 230M->231M(256M) 25.176ms
[2020-01-29T22:10:04.983+0300][36.423s][info ][gc] GC(1220) Pause Young (Normal) (G1 Evacuation Pause) 241M->242M(256M) 26.391ms
[2020-01-29T22:10:04.995+0300][36.435s][info ][gc] GC(1212) Pause Cleanup 245M->245M(256M) 0.055ms
[2020-01-29T22:10:04.995+0300][36.435s][info ][gc] GC(1212) Concurrent Cycle 288.828ms
[2020-01-29T22:10:05.033+0300][36.473s][info ][gc] GC(1221) To-space exhausted
[2020-01-29T22:10:05.033+0300][36.473s][info ][gc] GC(1221) Pause Young (Normal) (G1 Evacuation Pause) 252M->255M(256M) 33.566ms
[2020-01-29T22:10:05.063+0300][36.503s][info ][gc] GC(1222) Pause Full (G1 Evacuation Pause) 255M->61M(256M) 30.280ms
[2020-01-29T22:10:05.112+0300][36.553s][info ][gc] GC(1223) Pause Young (Concurrent Start) (G1 Evacuation Pause) 113M->113M(256M) 29.285ms
[2020-01-29T22:10:05.112+0300][36.553s][info ][gc] GC(1224) Concurrent Cycle
[2020-01-29T22:10:05.165+0300][36.605s][info ][gc] GC(1225) Pause Young (Normal) (G1 Evacuation Pause) 168M->169M(256M) 25.123ms
[2020-01-29T22:10:05.186+0300][36.626s][info ][gc] GC(1226) Pause Young (Normal) (G1 Evacuation Pause) 187M->187M(256M) 13.324ms
[2020-01-29T22:10:05.200+0300][36.640s][info ][gc] GC(1227) Pause Young (Normal) (G1 Evacuation Pause) 199M->200M(256M) 8.660ms
[2020-01-29T22:10:05.212+0300][36.652s][info ][gc] GC(1228) Pause Young (Normal) (G1 Evacuation Pause) 210M->211M(256M) 7.778ms
[2020-01-29T22:10:05.224+0300][36.664s][info ][gc] GC(1229) Pause Young (Normal) (G1 Evacuation Pause) 221M->222M(256M) 7.835ms
[2020-01-29T22:10:05.236+0300][36.676s][info ][gc] GC(1230) Pause Young (Normal) (G1 Evacuation Pause) 232M->233M(256M) 7.704ms
[2020-01-29T22:10:05.249+0300][36.690s][info ][gc] GC(1231) To-space exhausted
[2020-01-29T22:10:05.249+0300][36.690s][info ][gc] GC(1231) Pause Young (Normal) (G1 Evacuation Pause) 243M->244M(256M) 9.320ms
[2020-01-29T22:10:05.272+0300][36.712s][info ][gc] GC(1232) To-space exhausted
[2020-01-29T22:10:05.272+0300][36.712s][info ][gc] GC(1232) Pause Young (Normal) (G1 Evacuation Pause) 254M->254M(256M) 18.738ms
[2020-01-29T22:10:05.272+0300][36.713s][debug][gc] GC(1233) Clear Next Bitmap 0.079ms
[2020-01-29T22:10:05.334+0300][36.774s][info ][gc] GC(1233) Pause Full (G1 Evacuation Pause) 254M->113M(256M) 61.070ms
[2020-01-29T22:10:05.334+0300][36.774s][info ][gc] GC(1224) Concurrent Cycle 220.977ms
[2020-01-29T22:10:05.367+0300][36.807s][info ][gc] GC(1234) Pause Young (Concurrent Start) (G1 Humongous Allocation) 136M->136M(256M) 13.426ms
[2020-01-29T22:10:05.367+0300][36.807s][info ][gc] GC(1235) Concurrent Cycle
[2020-01-29T22:10:05.400+0300][36.840s][info ][gc] GC(1236) Pause Young (Normal) (G1 Evacuation Pause) 185M->186M(256M) 20.309ms
[2020-01-29T22:10:05.405+0300][36.844s][debug][gc] GC(1235) Reclaimed 108 empty regions
[2020-01-29T22:10:05.405+0300][36.844s][info ][gc] GC(1235) Pause Remark 196M->89M(256M) 0.631ms
[2020-01-29T22:10:05.416+0300][36.855s][info ][gc] GC(1237) Pause Young (Normal) (G1 Evacuation Pause) 92M->93M(256M) 9.682ms
[2020-01-29T22:10:05.464+0300][36.905s][info ][gc] GC(1238) Pause Young (Normal) (G1 Evacuation Pause) 136M->137M(256M) 31.810ms
[2020-01-29T22:10:05.513+0300][36.953s][info ][gc] GC(1239) Pause Young (Normal) (G1 Evacuation Pause) 165M->166M(256M) 37.558ms
[2020-01-29T22:10:05.567+0300][37.007s][info ][gc] GC(1240) Pause Young (Normal) (G1 Evacuation Pause) 205M->206M(256M) 35.015ms
[2020-01-29T22:10:05.600+0300][37.040s][info ][gc] GC(1241) Pause Young (Normal) (G1 Evacuation Pause) 215M->215M(256M) 28.642ms
[2020-01-29T22:10:05.601+0300][37.042s][info ][gc] GC(1235) Pause Cleanup 216M->216M(256M) 0.045ms
[2020-01-29T22:10:05.602+0300][37.042s][info ][gc] GC(1235) Concurrent Cycle 234.794ms
[2020-01-29T22:10:05.643+0300][37.083s][info ][gc] GC(1242) Pause Young (Normal) (G1 Evacuation Pause) 225M->226M(256M) 37.050ms
[2020-01-29T22:10:05.655+0300][37.095s][info ][gc] GC(1243) Pause Young (Concurrent Start) (G1 Evacuation Pause) 236M->237M(256M) 7.588ms
[2020-01-29T22:10:05.655+0300][37.095s][info ][gc] GC(1244) Concurrent Cycle
[2020-01-29T22:10:05.673+0300][37.113s][info ][gc] GC(1245) To-space exhausted
[2020-01-29T22:10:05.673+0300][37.113s][info ][gc] GC(1245) Pause Young (Normal) (G1 Evacuation Pause) 247M->249M(256M) 11.691ms
[2020-01-29T22:10:05.691+0300][37.131s][info ][gc] GC(1246) To-space exhausted
[2020-01-29T22:10:05.691+0300][37.131s][info ][gc] GC(1246) Pause Young (Normal) (G1 Evacuation Pause) 255M->255M(256M) 15.247ms
[2020-01-29T22:10:05.691+0300][37.131s][debug][gc] GC(1247) Clear Next Bitmap 0.091ms
[2020-01-29T22:10:05.739+0300][37.179s][info ][gc] GC(1247) Pause Full (G1 Evacuation Pause) 255M->82M(256M) 47.536ms
[2020-01-29T22:10:05.739+0300][37.179s][info ][gc] GC(1244) Concurrent Cycle 84.022ms
[2020-01-29T22:10:05.784+0300][37.223s][info ][gc] GC(1248) Pause Young (Normal) (G1 Evacuation Pause) 128M->128M(256M) 26.112ms
[2020-01-29T22:10:05.806+0300][37.246s][info ][gc] GC(1249) Pause Young (Concurrent Start) (G1 Humongous Allocation) 136M->137M(256M) 8.832ms
[2020-01-29T22:10:05.806+0300][37.246s][info ][gc] GC(1250) Concurrent Cycle
[2020-01-29T22:10:05.817+0300][37.258s][debug][gc] GC(1250) Reclaimed 118 empty regions
[2020-01-29T22:10:05.817+0300][37.258s][info ][gc] GC(1250) Pause Remark 182M->66M(256M) 0.570ms
[2020-01-29T22:10:05.836+0300][37.277s][info ][gc] GC(1251) Pause Young (Normal) (G1 Evacuation Pause) 69M->66M(256M) 17.902ms
[2020-01-29T22:10:05.898+0300][37.339s][info ][gc] GC(1252) Pause Young (Normal) (G1 Evacuation Pause) 117M->117M(256M) 41.895ms
[2020-01-29T22:10:05.900+0300][37.340s][info ][gc] GC(1250) Pause Cleanup 120M->120M(256M) 0.040ms
[2020-01-29T22:10:05.900+0300][37.341s][info ][gc] GC(1250) Concurrent Cycle 94.384ms
[2020-01-29T22:10:05.955+0300][37.395s][info ][gc] GC(1253) Pause Young (Normal) (G1 Evacuation Pause) 152M->153M(256M) 40.429ms
[2020-01-29T22:10:05.971+0300][37.411s][info ][gc] GC(1254) Pause Young (Concurrent Start) (G1 Humongous Allocation) 154M->156M(256M) 5.589ms
[2020-01-29T22:10:05.971+0300][37.411s][info ][gc] GC(1255) Concurrent Cycle
[2020-01-29T22:10:05.979+0300][37.419s][debug][gc] GC(1255) Reclaimed 141 empty regions
[2020-01-29T22:10:05.979+0300][37.419s][info ][gc] GC(1255) Pause Remark 193M->52M(256M) 0.574ms
[2020-01-29T22:10:05.996+0300][37.436s][info ][gc] GC(1256) Pause Young (Normal) (G1 Evacuation Pause) 57M->57M(256M) 14.711ms
[2020-01-29T22:10:06.011+0300][37.451s][info ][gc] GC(1255) Pause Cleanup 92M->92M(256M) 0.045ms
[2020-01-29T22:10:06.011+0300][37.452s][info ][gc] GC(1255) Concurrent Cycle 40.589ms
[2020-01-29T22:10:06.058+0300][37.498s][info ][gc] GC(1257) Pause Young (Normal) (G1 Evacuation Pause) 110M->111M(256M) 39.383ms
[2020-01-29T22:10:06.101+0300][37.541s][info ][gc] GC(1258) Pause Young (Concurrent Start) (G1 Evacuation Pause) 147M->148M(256M) 29.072ms
[2020-01-29T22:10:06.101+0300][37.541s][info ][gc] GC(1259) Concurrent Cycle
[2020-01-29T22:10:06.143+0300][37.583s][info ][gc] GC(1260) Pause Young (Normal) (G1 Evacuation Pause) 193M->194M(256M) 19.052ms
[2020-01-29T22:10:06.156+0300][37.596s][info ][gc] GC(1261) Pause Young (Normal) (G1 Evacuation Pause) 204M->205M(256M) 8.997ms
[2020-01-29T22:10:06.168+0300][37.608s][info ][gc] GC(1262) Pause Young (Normal) (G1 Evacuation Pause) 215M->216M(256M) 7.298ms
[2020-01-29T22:10:06.179+0300][37.619s][info ][gc] GC(1263) Pause Young (Normal) (G1 Evacuation Pause) 226M->227M(256M) 7.474ms
[2020-01-29T22:10:06.191+0300][37.631s][info ][gc] GC(1264) Pause Young (Normal) (G1 Evacuation Pause) 237M->237M(256M) 7.266ms
[2020-01-29T22:10:06.207+0300][37.647s][info ][gc] GC(1265) To-space exhausted
[2020-01-29T22:10:06.207+0300][37.647s][info ][gc] GC(1265) Pause Young (Normal) (G1 Evacuation Pause) 247M->250M(256M) 12.183ms
[2020-01-29T22:10:06.221+0300][37.662s][info ][gc] GC(1266) To-space exhausted
[2020-01-29T22:10:06.222+0300][37.662s][info ][gc] GC(1266) Pause Young (Normal) (G1 Evacuation Pause) 255M->255M(256M) 12.603ms
[2020-01-29T22:10:06.222+0300][37.662s][debug][gc] GC(1267) Clear Next Bitmap 0.069ms
[2020-01-29T22:10:06.274+0300][37.713s][info ][gc] GC(1267) Pause Full (G1 Evacuation Pause) 255M->97M(256M) 51.734ms
[2020-01-29T22:10:06.274+0300][37.714s][info ][gc] GC(1259) Concurrent Cycle 172.289ms
[2020-01-29T22:10:06.322+0300][37.762s][info ][gc] GC(1268) Pause Young (Concurrent Start) (G1 Humongous Allocation) 136M->136M(256M) 22.049ms
[2020-01-29T22:10:06.322+0300][37.762s][info ][gc] GC(1269) Concurrent Cycle
[2020-01-29T22:10:06.364+0300][37.803s][info ][gc] GC(1270) Pause Young (Normal) (G1 Evacuation Pause) 184M->185M(256M) 20.690ms
[2020-01-29T22:10:06.368+0300][37.808s][debug][gc] GC(1269) Reclaimed 95 empty regions
[2020-01-29T22:10:06.368+0300][37.808s][info ][gc] GC(1269) Pause Remark 194M->101M(256M) 0.591ms
[2020-01-29T22:10:06.380+0300][37.821s][info ][gc] GC(1271) Pause Young (Normal) (G1 Evacuation Pause) 105M->106M(256M) 11.660ms
[2020-01-29T22:10:06.424+0300][37.864s][info ][gc] GC(1272) Pause Young (Normal) (G1 Evacuation Pause) 144M->144M(256M) 28.255ms
[2020-01-29T22:10:06.468+0300][37.908s][info ][gc] GC(1273) Pause Young (Normal) (G1 Evacuation Pause) 170M->171M(256M) 33.191ms
[2020-01-29T22:10:06.519+0300][37.959s][info ][gc] GC(1274) Pause Young (Normal) (G1 Evacuation Pause) 209M->210M(256M) 32.000ms
[2020-01-29T22:10:06.548+0300][37.989s][info ][gc] GC(1275) Pause Young (Normal) (G1 Evacuation Pause) 219M->219M(256M) 25.396ms
[2020-01-29T22:10:06.580+0300][38.020s][info ][gc] GC(1276) Pause Young (Normal) (G1 Evacuation Pause) 229M->230M(256M) 26.227ms
[2020-01-29T22:10:06.612+0300][38.052s][info ][gc] GC(1277) Pause Young (Normal) (G1 Evacuation Pause) 240M->241M(256M) 27.897ms
[2020-01-29T22:10:06.651+0300][38.092s][info ][gc] GC(1278) To-space exhausted
[2020-01-29T22:10:06.651+0300][38.092s][info ][gc] GC(1278) Pause Young (Normal) (G1 Evacuation Pause) 251M->255M(256M) 35.735ms
[2020-01-29T22:10:06.652+0300][38.092s][debug][gc] GC(1279) Clear Next Bitmap 0.054ms
[2020-01-29T22:10:06.686+0300][38.126s][info ][gc] GC(1279) Pause Full (G1 Evacuation Pause) 255M->69M(256M) 34.485ms
[2020-01-29T22:10:06.686+0300][38.127s][info ][gc] GC(1269) Concurrent Cycle 365.189ms
[2020-01-29T22:10:06.734+0300][38.174s][info ][gc] GC(1280) Pause Young (Normal) (G1 Evacuation Pause) 120M->120M(256M) 27.222ms
[2020-01-29T22:10:06.765+0300][38.205s][info ][gc] GC(1281) Pause Young (Concurrent Start) (G1 Humongous Allocation) 137M->138M(256M) 14.191ms
[2020-01-29T22:10:06.765+0300][38.205s][info ][gc] GC(1282) Concurrent Cycle
[2020-01-29T22:10:06.798+0300][38.238s][info ][gc] GC(1283) Pause Young (Normal) (G1 Evacuation Pause) 186M->186M(256M) 20.129ms
[2020-01-29T22:10:06.802+0300][38.242s][debug][gc] GC(1282) Reclaimed 110 empty regions
[2020-01-29T22:10:06.802+0300][38.242s][info ][gc] GC(1282) Pause Remark 196M->87M(256M) 0.579ms
[2020-01-29T22:10:06.813+0300][38.253s][info ][gc] GC(1284) Pause Young (Normal) (G1 Evacuation Pause) 90M->90M(256M) 9.872ms
[2020-01-29T22:10:06.862+0300][38.302s][info ][gc] GC(1285) Pause Young (Normal) (G1 Evacuation Pause) 133M->134M(256M) 31.542ms
[2020-01-29T22:10:06.911+0300][38.351s][info ][gc] GC(1286) Pause Young (Normal) (G1 Evacuation Pause) 163M->164M(256M) 37.175ms
[2020-01-29T22:10:06.962+0300][38.403s][info ][gc] GC(1287) Pause Young (Normal) (G1 Evacuation Pause) 204M->205M(256M) 32.514ms
[2020-01-29T22:10:06.994+0300][38.435s][info ][gc] GC(1288) Pause Young (Normal) (G1 Evacuation Pause) 213M->215M(256M) 27.909ms
[2020-01-29T22:10:07.000+0300][38.440s][info ][gc] GC(1282) Pause Cleanup 215M->215M(256M) 0.050ms
[2020-01-29T22:10:07.000+0300][38.441s][info ][gc] GC(1282) Concurrent Cycle 235.637ms
[2020-01-29T22:10:07.033+0300][38.473s][info ][gc] GC(1289) Pause Young (Normal) (G1 Evacuation Pause) 225M->225M(256M) 24.185ms
[2020-01-29T22:10:07.045+0300][38.486s][info ][gc] GC(1290) Pause Young (Concurrent Start) (G1 Evacuation Pause) 235M->236M(256M) 8.324ms
[2020-01-29T22:10:07.045+0300][38.486s][info ][gc] GC(1291) Concurrent Cycle
[2020-01-29T22:10:07.063+0300][38.503s][info ][gc] GC(1292) To-space exhausted
[2020-01-29T22:10:07.063+0300][38.503s][info ][gc] GC(1292) Pause Young (Normal) (G1 Evacuation Pause) 246M->248M(256M) 10.790ms
[2020-01-29T22:10:07.082+0300][38.522s][info ][gc] GC(1293) To-space exhausted
[2020-01-29T22:10:07.082+0300][38.522s][info ][gc] GC(1293) Pause Young (Normal) (G1 Evacuation Pause) 255M->255M(256M) 15.846ms
[2020-01-29T22:10:07.082+0300][38.522s][debug][gc] GC(1294) Clear Next Bitmap 0.076ms
[2020-01-29T22:10:07.126+0300][38.566s][info ][gc] GC(1294) Pause Full (G1 Evacuation Pause) 255M->83M(256M) 44.126ms
[2020-01-29T22:10:07.126+0300][38.566s][info ][gc] GC(1291) Concurrent Cycle 80.363ms
[2020-01-29T22:10:07.170+0300][38.610s][info ][gc] GC(1295) Pause Young (Normal) (G1 Evacuation Pause) 129M->129M(256M) 26.165ms
[2020-01-29T22:10:07.193+0300][38.633s][info ][gc] GC(1296) Pause Young (Concurrent Start) (G1 Humongous Allocation) 136M->137M(256M) 8.922ms
[2020-01-29T22:10:07.193+0300][38.633s][info ][gc] GC(1297) Concurrent Cycle
[2020-01-29T22:10:07.204+0300][38.644s][debug][gc] GC(1297) Reclaimed 118 empty regions
[2020-01-29T22:10:07.204+0300][38.644s][info ][gc] GC(1297) Pause Remark 182M->66M(256M) 0.619ms
[2020-01-29T22:10:07.224+0300][38.664s][info ][gc] GC(1298) Pause Young (Normal) (G1 Evacuation Pause) 69M->65M(256M) 18.589ms
[2020-01-29T22:10:07.286+0300][38.727s][info ][gc] GC(1299) Pause Young (Normal) (G1 Evacuation Pause) 116M->117M(256M) 42.049ms
[2020-01-29T22:10:07.287+0300][38.727s][info ][gc] GC(1297) Pause Cleanup 119M->119M(256M) 0.041ms
[2020-01-29T22:10:07.287+0300][38.728s][info ][gc] GC(1297) Concurrent Cycle 94.991ms
[2020-01-29T22:10:07.339+0300][38.779s][info ][gc] GC(1300) Pause Young (Normal) (G1 Evacuation Pause) 152M->153M(256M) 37.982ms
[2020-01-29T22:10:07.355+0300][38.795s][info ][gc] GC(1301) Pause Young (Concurrent Start) (G1 Humongous Allocation) 154M->156M(256M) 5.589ms
[2020-01-29T22:10:07.355+0300][38.795s][info ][gc] GC(1302) Concurrent Cycle
[2020-01-29T22:10:07.363+0300][38.803s][debug][gc] GC(1302) Reclaimed 141 empty regions
[2020-01-29T22:10:07.363+0300][38.803s][info ][gc] GC(1302) Pause Remark 193M->52M(256M) 0.576ms
[2020-01-29T22:10:07.380+0300][38.820s][info ][gc] GC(1303) Pause Young (Normal) (G1 Evacuation Pause) 57M->57M(256M) 14.591ms
[2020-01-29T22:10:07.396+0300][38.836s][info ][gc] GC(1302) Pause Cleanup 97M->97M(256M) 0.038ms
[2020-01-29T22:10:07.396+0300][38.836s][info ][gc] GC(1302) Concurrent Cycle 40.858ms
[2020-01-29T22:10:07.439+0300][38.879s][info ][gc] GC(1304) Pause Young (Normal) (G1 Evacuation Pause) 110M->111M(256M) 38.056ms
[2020-01-29T22:10:07.478+0300][38.917s][info ][gc] GC(1305) Pause Young (Concurrent Start) (G1 Evacuation Pause) 147M->148M(256M) 24.174ms
[2020-01-29T22:10:07.478+0300][38.917s][info ][gc] GC(1306) Concurrent Cycle
[2020-01-29T22:10:07.519+0300][38.959s][info ][gc] GC(1307) Pause Young (Normal) (G1 Evacuation Pause) 193M->194M(256M) 19.284ms
[2020-01-29T22:10:07.532+0300][38.972s][info ][gc] GC(1308) Pause Young (Normal) (G1 Evacuation Pause) 204M->204M(256M) 8.696ms
[2020-01-29T22:10:07.543+0300][38.984s][info ][gc] GC(1309) Pause Young (Normal) (G1 Evacuation Pause) 214M->216M(256M) 7.384ms
[2020-01-29T22:10:07.555+0300][38.996s][info ][gc] GC(1310) Pause Young (Normal) (G1 Evacuation Pause) 226M->226M(256M) 7.938ms
[2020-01-29T22:10:07.567+0300][39.007s][info ][gc] GC(1311) Pause Young (Normal) (G1 Evacuation Pause) 236M->238M(256M) 7.492ms
[2020-01-29T22:10:07.583+0300][39.024s][info ][gc] GC(1312) To-space exhausted
[2020-01-29T22:10:07.583+0300][39.024s][info ][gc] GC(1312) Pause Young (Normal) (G1 Evacuation Pause) 248M->251M(256M) 12.617ms
[2020-01-29T22:10:07.597+0300][39.038s][info ][gc] GC(1313) To-space exhausted
[2020-01-29T22:10:07.597+0300][39.038s][info ][gc] GC(1313) Pause Young (Normal) (G1 Evacuation Pause) 255M->255M(256M) 12.080ms
[2020-01-29T22:10:07.598+0300][39.038s][debug][gc] GC(1314) Clear Next Bitmap 0.074ms
[2020-01-29T22:10:07.650+0300][39.091s][info ][gc] GC(1314) Pause Full (G1 Evacuation Pause) 255M->96M(256M) 52.593ms
[2020-01-29T22:10:07.650+0300][39.091s][info ][gc] GC(1306) Concurrent Cycle 173.307ms
[2020-01-29T22:10:07.699+0300][39.140s][info ][gc] GC(1315) Pause Young (Concurrent Start) (G1 Humongous Allocation) 136M->136M(256M) 22.762ms
[2020-01-29T22:10:07.699+0300][39.140s][info ][gc] GC(1316) Concurrent Cycle
[2020-01-29T22:10:07.741+0300][39.181s][info ][gc] GC(1317) Pause Young (Normal) (G1 Evacuation Pause) 185M->186M(256M) 20.925ms
[2020-01-29T22:10:07.746+0300][39.186s][debug][gc] GC(1316) Reclaimed 92 empty regions
[2020-01-29T22:10:07.746+0300][39.186s][info ][gc] GC(1316) Pause Remark 196M->105M(256M) 0.568ms
[2020-01-29T22:10:07.759+0300][39.199s][info ][gc] GC(1318) Pause Young (Normal) (G1 Evacuation Pause) 108M->109M(256M) 11.570ms
[2020-01-29T22:10:07.802+0300][39.242s][info ][gc] GC(1319) Pause Young (Normal) (G1 Evacuation Pause) 146M->147M(256M) 28.550ms
[2020-01-29T22:10:07.845+0300][39.285s][info ][gc] GC(1320) Pause Young (Normal) (G1 Evacuation Pause) 172M->173M(256M) 32.903ms
[2020-01-29T22:10:07.892+0300][39.333s][info ][gc] GC(1321) Pause Young (Normal) (G1 Evacuation Pause) 210M->211M(256M) 29.486ms
[2020-01-29T22:10:07.921+0300][39.362s][info ][gc] GC(1322) Pause Young (Normal) (G1 Evacuation Pause) 220M->221M(256M) 24.634ms
[2020-01-29T22:10:07.951+0300][39.391s][info ][gc] GC(1323) Pause Young (Normal) (G1 Evacuation Pause) 231M->233M(256M) 25.041ms
[2020-01-29T22:10:07.982+0300][39.423s][info ][gc] GC(1324) To-space exhausted
[2020-01-29T22:10:07.982+0300][39.423s][info ][gc] GC(1324) Pause Young (Normal) (G1 Evacuation Pause) 243M->244M(256M) 27.250ms
[2020-01-29T22:10:08.023+0300][39.463s][info ][gc] GC(1325) To-space exhausted
[2020-01-29T22:10:08.023+0300][39.464s][info ][gc] GC(1325) Pause Young (Normal) (G1 Evacuation Pause) 254M->255M(256M) 36.762ms
[2020-01-29T22:10:08.023+0300][39.464s][debug][gc] GC(1326) Clear Next Bitmap 0.057ms
[2020-01-29T22:10:08.058+0300][39.498s][info ][gc] GC(1326) Pause Full (G1 Evacuation Pause) 255M->67M(256M) 34.417ms
[2020-01-29T22:10:08.058+0300][39.498s][info ][gc] GC(1316) Concurrent Cycle 358.826ms
[2020-01-29T22:10:08.112+0300][39.552s][info ][gc] GC(1327) Pause Young (Normal) (G1 Evacuation Pause) 119M->118M(256M) 31.968ms
[2020-01-29T22:10:08.146+0300][39.586s][info ][gc] GC(1328) Pause Young (Concurrent Start) (G1 Humongous Allocation) 137M->138M(256M) 15.281ms
[2020-01-29T22:10:08.146+0300][39.586s][info ][gc] GC(1329) Concurrent Cycle
[2020-01-29T22:10:08.180+0300][39.621s][info ][gc] GC(1330) Pause Young (Normal) (G1 Evacuation Pause) 186M->186M(256M) 21.502ms
[2020-01-29T22:10:08.185+0300][39.625s][debug][gc] GC(1329) Reclaimed 108 empty regions
[2020-01-29T22:10:08.185+0300][39.625s][info ][gc] GC(1329) Pause Remark 196M->90M(256M) 0.578ms
[2020-01-29T22:10:08.196+0300][39.636s][info ][gc] GC(1331) Pause Young (Normal) (G1 Evacuation Pause) 92M->93M(256M) 10.052ms
[2020-01-29T22:10:08.242+0300][39.683s][info ][gc] GC(1332) Pause Young (Normal) (G1 Evacuation Pause) 135M->136M(256M) 29.788ms
[2020-01-29T22:10:08.293+0300][39.734s][info ][gc] GC(1333) Pause Young (Normal) (G1 Evacuation Pause) 165M->166M(256M) 39.379ms
[2020-01-29T22:10:08.349+0300][39.789s][info ][gc] GC(1334) Pause Young (Normal) (G1 Evacuation Pause) 205M->206M(256M) 36.071ms
[2020-01-29T22:10:08.384+0300][39.824s][info ][gc] GC(1335) Pause Young (Normal) (G1 Evacuation Pause) 215M->215M(256M) 29.200ms
[2020-01-29T22:10:08.387+0300][39.827s][info ][gc] GC(1329) Pause Cleanup 223M->223M(256M) 0.046ms
[2020-01-29T22:10:08.388+0300][39.828s][info ][gc] GC(1329) Concurrent Cycle 241.628ms
[2020-01-29T22:10:08.416+0300][39.855s][info ][gc] GC(1336) Pause Young (Normal) (G1 Evacuation Pause) 225M->226M(256M) 27.143ms
[2020-01-29T22:10:08.428+0300][39.868s][info ][gc] GC(1337) Pause Young (Concurrent Start) (G1 Evacuation Pause) 236M->238M(256M) 8.215ms
[2020-01-29T22:10:08.428+0300][39.868s][info ][gc] GC(1338) Concurrent Cycle
[2020-01-29T22:10:08.446+0300][39.886s][info ][gc] GC(1339) To-space exhausted
[2020-01-29T22:10:08.446+0300][39.886s][info ][gc] GC(1339) Pause Young (Normal) (G1 Evacuation Pause) 248M->251M(256M) 12.179ms
[2020-01-29T22:10:08.459+0300][39.899s][info ][gc] GC(1340) To-space exhausted
[2020-01-29T22:10:08.459+0300][39.899s][info ][gc] GC(1340) Pause Young (Normal) (G1 Evacuation Pause) 255M->255M(256M) 11.536ms
[2020-01-29T22:10:08.459+0300][39.900s][debug][gc] GC(1341) Clear Next Bitmap 0.082ms
[2020-01-29T22:10:08.501+0300][39.942s][info ][gc] GC(1341) Pause Full (G1 Evacuation Pause) 255M->80M(256M) 42.456ms
[2020-01-29T22:10:08.502+0300][39.942s][info ][gc] GC(1338) Concurrent Cycle 74.501ms
[2020-01-29T22:10:08.546+0300][39.986s][info ][gc] GC(1342) Pause Young (Normal) (G1 Evacuation Pause) 127M->127M(256M) 25.678ms
[2020-01-29T22:10:08.571+0300][40.011s][info ][gc] GC(1343) Pause Young (Concurrent Start) (G1 Humongous Allocation) 137M->138M(256M) 10.355ms
[2020-01-29T22:10:08.571+0300][40.011s][info ][gc] GC(1344) Concurrent Cycle
[2020-01-29T22:10:08.584+0300][40.024s][debug][gc] GC(1344) Reclaimed 118 empty regions
[2020-01-29T22:10:08.584+0300][40.024s][info ][gc] GC(1344) Pause Remark 186M->69M(256M) 0.578ms
[2020-01-29T22:10:08.602+0300][40.042s][info ][gc] GC(1345) Pause Young (Normal) (G1 Evacuation Pause) 69M->65M(256M) 17.826ms
[2020-01-29T22:10:08.664+0300][40.104s][info ][gc] GC(1346) Pause Young (Normal) (G1 Evacuation Pause) 116M->117M(256M) 41.308ms
[2020-01-29T22:10:08.668+0300][40.109s][info ][gc] GC(1344) Pause Cleanup 129M->129M(256M) 0.038ms
[2020-01-29T22:10:08.668+0300][40.109s][info ][gc] GC(1344) Concurrent Cycle 97.663ms
[2020-01-29T22:10:08.719+0300][40.160s][info ][gc] GC(1347) Pause Young (Normal) (G1 Evacuation Pause) 152M->153M(256M) 41.854ms
[2020-01-29T22:10:08.736+0300][40.177s][info ][gc] GC(1348) Pause Young (Concurrent Start) (G1 Humongous Allocation) 154M->156M(256M) 5.732ms
[2020-01-29T22:10:08.736+0300][40.177s][info ][gc] GC(1349) Concurrent Cycle
[2020-01-29T22:10:08.744+0300][40.185s][debug][gc] GC(1349) Reclaimed 143 empty regions
[2020-01-29T22:10:08.744+0300][40.185s][info ][gc] GC(1349) Pause Remark 192M->49M(256M) 0.626ms
[2020-01-29T22:10:08.762+0300][40.203s][info ][gc] GC(1350) Pause Young (Normal) (G1 Evacuation Pause) 55M->54M(256M) 15.366ms
[2020-01-29T22:10:08.779+0300][40.219s][info ][gc] GC(1349) Pause Cleanup 95M->95M(256M) 0.038ms
[2020-01-29T22:10:08.779+0300][40.219s][info ][gc] GC(1349) Concurrent Cycle 42.099ms
[2020-01-29T22:10:08.823+0300][40.263s][info ][gc] GC(1351) Pause Young (Normal) (G1 Evacuation Pause) 108M->109M(256M) 38.697ms
[2020-01-29T22:10:08.862+0300][40.302s][info ][gc] GC(1352) Pause Young (Concurrent Start) (G1 Evacuation Pause) 146M->147M(256M) 25.313ms
[2020-01-29T22:10:08.862+0300][40.302s][info ][gc] GC(1353) Concurrent Cycle
[2020-01-29T22:10:08.904+0300][40.345s][info ][gc] GC(1354) Pause Young (Normal) (G1 Evacuation Pause) 192M->193M(256M) 18.798ms
[2020-01-29T22:10:08.918+0300][40.359s][info ][gc] GC(1355) Pause Young (Normal) (G1 Evacuation Pause) 204M->205M(256M) 9.087ms
[2020-01-29T22:10:08.930+0300][40.371s][info ][gc] GC(1356) Pause Young (Normal) (G1 Evacuation Pause) 215M->216M(256M) 8.104ms
[2020-01-29T22:10:08.943+0300][40.383s][info ][gc] GC(1357) Pause Young (Normal) (G1 Evacuation Pause) 226M->226M(256M) 8.155ms
[2020-01-29T22:10:08.955+0300][40.395s][info ][gc] GC(1358) Pause Young (Normal) (G1 Evacuation Pause) 236M->237M(256M) 8.143ms
[2020-01-29T22:10:08.971+0300][40.412s][info ][gc] GC(1359) To-space exhausted
[2020-01-29T22:10:08.971+0300][40.412s][info ][gc] GC(1359) Pause Young (Normal) (G1 Evacuation Pause) 247M->251M(256M) 12.382ms
[2020-01-29T22:10:08.985+0300][40.425s][info ][gc] GC(1360) To-space exhausted
[2020-01-29T22:10:08.985+0300][40.425s][info ][gc] GC(1360) Pause Young (Normal) (G1 Evacuation Pause) 255M->255M(256M) 11.466ms
[2020-01-29T22:10:08.985+0300][40.425s][debug][gc] GC(1361) Clear Next Bitmap 0.081ms
[2020-01-29T22:10:09.040+0300][40.480s][info ][gc] GC(1361) Pause Full (G1 Evacuation Pause) 255M->99M(256M) 55.359ms
[2020-01-29T22:10:09.041+0300][40.481s][info ][gc] GC(1353) Concurrent Cycle 178.253ms
[2020-01-29T22:10:09.089+0300][40.529s][info ][gc] GC(1362) Pause Young (Concurrent Start) (G1 Humongous Allocation) 137M->136M(256M) 20.969ms
[2020-01-29T22:10:09.089+0300][40.529s][info ][gc] GC(1363) Concurrent Cycle
[2020-01-29T22:10:09.128+0300][40.568s][info ][gc] GC(1364) Pause Young (Normal) (G1 Evacuation Pause) 184M->185M(256M) 19.862ms
[2020-01-29T22:10:09.132+0300][40.572s][debug][gc] GC(1363) Reclaimed 99 empty regions
[2020-01-29T22:10:09.132+0300][40.572s][info ][gc] GC(1363) Pause Remark 195M->99M(256M) 0.578ms
[2020-01-29T22:10:09.144+0300][40.584s][info ][gc] GC(1365) Pause Young (Normal) (G1 Evacuation Pause) 101M->102M(256M) 10.048ms
[2020-01-29T22:10:09.190+0300][40.630s][info ][gc] GC(1366) Pause Young (Normal) (G1 Evacuation Pause) 142M->143M(256M) 29.479ms
[2020-01-29T22:10:09.234+0300][40.674s][info ][gc] GC(1367) Pause Young (Normal) (G1 Evacuation Pause) 169M->170M(256M) 34.325ms
[2020-01-29T22:10:09.286+0300][40.727s][info ][gc] GC(1368) Pause Young (Normal) (G1 Evacuation Pause) 208M->209M(256M) 32.982ms
[2020-01-29T22:10:09.316+0300][40.757s][info ][gc] GC(1369) Pause Young (Normal) (G1 Evacuation Pause) 218M->220M(256M) 26.298ms
[2020-01-29T22:10:09.348+0300][40.788s][info ][gc] GC(1370) Pause Young (Normal) (G1 Evacuation Pause) 230M->231M(256M) 27.342ms
[2020-01-29T22:10:09.381+0300][40.822s][info ][gc] GC(1371) Pause Young (Normal) (G1 Evacuation Pause) 241M->242M(256M) 29.076ms
[2020-01-29T22:10:09.385+0300][40.825s][info ][gc] GC(1363) Pause Cleanup 250M->250M(256M) 0.043ms
[2020-01-29T22:10:09.385+0300][40.825s][info ][gc] GC(1363) Concurrent Cycle 296.660ms
[2020-01-29T22:10:09.421+0300][40.861s][info ][gc] GC(1372) To-space exhausted
[2020-01-29T22:10:09.421+0300][40.861s][info ][gc] GC(1372) Pause Young (Normal) (G1 Evacuation Pause) 252M->255M(256M) 35.149ms
[2020-01-29T22:10:09.459+0300][40.899s][info ][gc] GC(1373) Pause Full (G1 Evacuation Pause) 255M->70M(256M) 37.914ms
[2020-01-29T22:10:09.507+0300][40.947s][info ][gc] GC(1374) Pause Young (Concurrent Start) (G1 Evacuation Pause) 120M->120M(256M) 28.135ms
[2020-01-29T22:10:09.507+0300][40.947s][info ][gc] GC(1375) Concurrent Cycle
[2020-01-29T22:10:09.557+0300][40.997s][info ][gc] GC(1376) Pause Young (Normal) (G1 Evacuation Pause) 173M->174M(256M) 23.683ms
[2020-01-29T22:10:09.575+0300][41.016s][info ][gc] GC(1377) Pause Young (Normal) (G1 Evacuation Pause) 190M->191M(256M) 12.548ms
[2020-01-29T22:10:09.588+0300][41.029s][info ][gc] GC(1378) Pause Young (Normal) (G1 Evacuation Pause) 202M->203M(256M) 8.523ms
[2020-01-29T22:10:09.601+0300][41.041s][info ][gc] GC(1379) Pause Young (Normal) (G1 Evacuation Pause) 213M->214M(256M) 8.202ms
[2020-01-29T22:10:09.613+0300][41.053s][info ][gc] GC(1380) Pause Young (Normal) (G1 Evacuation Pause) 224M->225M(256M) 8.121ms
[2020-01-29T22:10:09.625+0300][41.065s][info ][gc] GC(1381) Pause Young (Normal) (G1 Evacuation Pause) 235M->236M(256M) 7.765ms
[2020-01-29T22:10:09.641+0300][41.082s][info ][gc] GC(1382) To-space exhausted
[2020-01-29T22:10:09.641+0300][41.082s][info ][gc] GC(1382) Pause Young (Normal) (G1 Evacuation Pause) 246M->249M(256M) 12.201ms
[2020-01-29T22:10:09.656+0300][41.097s][info ][gc] GC(1383) To-space exhausted
[2020-01-29T22:10:09.656+0300][41.097s][info ][gc] GC(1383) Pause Young (Normal) (G1 Evacuation Pause) 254M->254M(256M) 12.919ms
[2020-01-29T22:10:09.656+0300][41.097s][debug][gc] GC(1384) Clear Next Bitmap 0.074ms
[2020-01-29T22:10:09.718+0300][41.157s][info ][gc] GC(1384) Pause Full (G1 Evacuation Pause) 254M->109M(256M) 60.804ms
[2020-01-29T22:10:09.718+0300][41.158s][info ][gc] GC(1375) Concurrent Cycle 210.640ms
[2020-01-29T22:10:09.753+0300][41.193s][info ][gc] GC(1385) Pause Young (Concurrent Start) (G1 Humongous Allocation) 136M->136M(256M) 14.735ms
[2020-01-29T22:10:09.753+0300][41.193s][info ][gc] GC(1386) Concurrent Cycle
[2020-01-29T22:10:09.788+0300][41.228s][info ][gc] GC(1387) Pause Young (Normal) (G1 Evacuation Pause) 185M->186M(256M) 20.301ms
[2020-01-29T22:10:09.792+0300][41.232s][debug][gc] GC(1386) Reclaimed 108 empty regions
[2020-01-29T22:10:09.792+0300][41.232s][info ][gc] GC(1386) Pause Remark 196M->90M(256M) 0.578ms
[2020-01-29T22:10:09.804+0300][41.245s][info ][gc] GC(1388) Pause Young (Normal) (G1 Evacuation Pause) 92M->94M(256M) 11.155ms
[2020-01-29T22:10:09.853+0300][41.293s][info ][gc] GC(1389) Pause Young (Normal) (G1 Evacuation Pause) 137M->138M(256M) 31.436ms
[2020-01-29T22:10:09.901+0300][41.341s][info ][gc] GC(1390) Pause Young (Normal) (G1 Evacuation Pause) 166M->167M(256M) 36.511ms
[2020-01-29T22:10:09.952+0300][41.392s][info ][gc] GC(1391) Pause Young (Normal) (G1 Evacuation Pause) 206M->207M(256M) 31.804ms
[2020-01-29T22:10:09.982+0300][41.423s][info ][gc] GC(1392) Pause Young (Normal) (G1 Evacuation Pause) 216M->217M(256M) 26.263ms
[2020-01-29T22:10:09.984+0300][41.425s][info ][gc] GC(1386) Pause Cleanup 222M->222M(256M) 0.043ms
[2020-01-29T22:10:09.984+0300][41.425s][info ][gc] GC(1386) Concurrent Cycle 231.860ms
[2020-01-29T22:10:10.011+0300][41.451s][info ][gc] GC(1393) Pause Young (Normal) (G1 Evacuation Pause) 227M->227M(256M) 24.468ms
[2020-01-29T22:10:10.026+0300][41.467s][info ][gc] GC(1394) Pause Young (Concurrent Start) (G1 Evacuation Pause) 237M->237M(256M) 8.881ms
[2020-01-29T22:10:10.026+0300][41.467s][info ][gc] GC(1395) Concurrent Cycle
[2020-01-29T22:10:10.045+0300][41.486s][info ][gc] GC(1396) To-space exhausted
[2020-01-29T22:10:10.045+0300][41.486s][info ][gc] GC(1396) Pause Young (Normal) (G1 Evacuation Pause) 247M->252M(256M) 12.769ms
[2020-01-29T22:10:10.056+0300][41.497s][info ][gc] GC(1397) To-space exhausted
[2020-01-29T22:10:10.056+0300][41.497s][info ][gc] GC(1397) Pause Young (Normal) (G1 Evacuation Pause) 255M->255M(256M) 9.751ms
[2020-01-29T22:10:10.056+0300][41.497s][debug][gc] GC(1398) Clear Next Bitmap 0.072ms
[2020-01-29T22:10:10.099+0300][41.539s][info ][gc] GC(1398) Pause Full (G1 Evacuation Pause) 255M->79M(256M) 42.050ms
[2020-01-29T22:10:10.099+0300][41.539s][info ][gc] GC(1395) Concurrent Cycle 72.352ms
[2020-01-29T22:10:10.143+0300][41.583s][info ][gc] GC(1399) Pause Young (Normal) (G1 Evacuation Pause) 126M->126M(256M) 25.744ms
[2020-01-29T22:10:10.168+0300][41.608s][info ][gc] GC(1400) Pause Young (Concurrent Start) (G1 Humongous Allocation) 136M->137M(256M) 10.434ms
[2020-01-29T22:10:10.168+0300][41.608s][info ][gc] GC(1401) Concurrent Cycle
[2020-01-29T22:10:10.200+0300][41.640s][info ][gc] GC(1402) Pause Young (Normal) (G1 Evacuation Pause) 185M->185M(256M) 19.818ms
[2020-01-29T22:10:10.201+0300][41.641s][debug][gc] GC(1401) Reclaimed 115 empty regions
[2020-01-29T22:10:10.201+0300][41.641s][info ][gc] GC(1401) Pause Remark 187M->74M(256M) 0.565ms
[2020-01-29T22:10:10.217+0300][41.657s][info ][gc] GC(1403) Pause Young (Normal) (G1 Evacuation Pause) 85M->86M(256M) 11.455ms
[2020-01-29T22:10:10.270+0300][41.710s][info ][gc] GC(1404) Pause Young (Normal) (G1 Evacuation Pause) 130M->131M(256M) 34.442ms
[2020-01-29T22:10:10.336+0300][41.777s][info ][gc] GC(1405) Pause Young (Normal) (G1 Evacuation Pause) 181M->182M(256M) 43.437ms
[2020-01-29T22:10:10.340+0300][41.780s][info ][gc] GC(1401) Pause Cleanup 183M->183M(256M) 0.046ms
[2020-01-29T22:10:10.340+0300][41.781s][info ][gc] GC(1401) Concurrent Cycle 172.371ms
[2020-01-29T22:10:10.374+0300][41.814s][info ][gc] GC(1406) Pause Young (Normal) (G1 Evacuation Pause) 196M->198M(256M) 28.248ms
[2020-01-29T22:10:10.384+0300][41.824s][info ][gc] GC(1407) Pause Young (Concurrent Start) (G1 Evacuation Pause) 207M->208M(256M) 6.654ms
[2020-01-29T22:10:10.384+0300][41.825s][info ][gc] GC(1408) Concurrent Cycle
[2020-01-29T22:10:10.399+0300][41.839s][info ][gc] GC(1409) Pause Young (Normal) (G1 Evacuation Pause) 218M->219M(256M) 8.130ms
[2020-01-29T22:10:10.411+0300][41.851s][info ][gc] GC(1410) Pause Young (Normal) (G1 Evacuation Pause) 229M->229M(256M) 8.194ms
[2020-01-29T22:10:10.423+0300][41.863s][info ][gc] GC(1411) Pause Young (Normal) (G1 Evacuation Pause) 239M->240M(256M) 7.930ms
[2020-01-29T22:10:10.442+0300][41.882s][info ][gc] GC(1412) To-space exhausted
[2020-01-29T22:10:10.442+0300][41.882s][info ][gc] GC(1412) Pause Young (Normal) (G1 Evacuation Pause) 250M->253M(256M) 14.457ms
[2020-01-29T22:10:10.451+0300][41.891s][info ][gc] GC(1413) To-space exhausted
[2020-01-29T22:10:10.451+0300][41.891s][info ][gc] GC(1413) Pause Young (Normal) (G1 Evacuation Pause) 255M->255M(256M) 8.444ms
[2020-01-29T22:10:10.451+0300][41.891s][debug][gc] GC(1414) Clear Next Bitmap 0.087ms
[2020-01-29T22:10:10.498+0300][41.938s][info ][gc] GC(1414) Pause Full (G1 Evacuation Pause) 255M->86M(256M) 46.652ms
[2020-01-29T22:10:10.498+0300][41.938s][info ][gc] GC(1408) Concurrent Cycle 113.650ms
[2020-01-29T22:10:10.540+0300][41.980s][info ][gc] GC(1415) Pause Young (Normal) (G1 Evacuation Pause) 130M->130M(256M) 24.633ms
[2020-01-29T22:10:10.559+0300][42.000s][info ][gc] GC(1416) Pause Young (Concurrent Start) (G1 Humongous Allocation) 136M->137M(256M) 6.891ms
[2020-01-29T22:10:10.560+0300][42.000s][info ][gc] GC(1417) Concurrent Cycle
[2020-01-29T22:10:10.570+0300][42.010s][debug][gc] GC(1417) Reclaimed 121 empty regions
[2020-01-29T22:10:10.570+0300][42.010s][info ][gc] GC(1417) Pause Remark 180M->61M(256M) 0.710ms
[2020-01-29T22:10:10.590+0300][42.030s][info ][gc] GC(1418) Pause Young (Normal) (G1 Evacuation Pause) 66M->62M(256M) 17.855ms
[2020-01-29T22:10:10.608+0300][42.048s][info ][gc] GC(1417) Pause Cleanup 107M->107M(256M) 0.036ms
[2020-01-29T22:10:10.608+0300][42.048s][info ][gc] GC(1417) Concurrent Cycle 48.667ms
[2020-01-29T22:10:10.651+0300][42.091s][info ][gc] GC(1419) Pause Young (Normal) (G1 Evacuation Pause) 114M->116M(256M) 40.045ms
[2020-01-29T22:10:10.699+0300][42.139s][info ][gc] GC(1420) Pause Young (Concurrent Start) (G1 Humongous Allocation) 151M->151M(256M) 23.764ms
[2020-01-29T22:10:10.699+0300][42.139s][info ][gc] GC(1421) Concurrent Cycle
[2020-01-29T22:10:10.739+0300][42.180s][info ][gc] GC(1422) Pause Young (Normal) (G1 Evacuation Pause) 195M->196M(256M) 18.333ms
[2020-01-29T22:10:10.744+0300][42.184s][debug][gc] GC(1421) Reclaimed 102 empty regions
[2020-01-29T22:10:10.744+0300][42.184s][info ][gc] GC(1421) Pause Remark 205M->103M(256M) 0.572ms
[2020-01-29T22:10:10.754+0300][42.194s][info ][gc] GC(1423) Pause Young (Normal) (G1 Evacuation Pause) 104M->105M(256M) 9.452ms
[2020-01-29T22:10:10.796+0300][42.237s][info ][gc] GC(1424) Pause Young (Normal) (G1 Evacuation Pause) 143M->144M(256M) 27.275ms
[2020-01-29T22:10:10.839+0300][42.280s][info ][gc] GC(1425) Pause Young (Normal) (G1 Evacuation Pause) 170M->171M(256M) 32.586ms
[2020-01-29T22:10:10.887+0300][42.327s][info ][gc] GC(1426) Pause Young (Normal) (G1 Evacuation Pause) 209M->210M(256M) 28.972ms
[2020-01-29T22:10:10.915+0300][42.355s][info ][gc] GC(1427) Pause Young (Normal) (G1 Evacuation Pause) 219M->220M(256M) 23.957ms
[2020-01-29T22:10:10.944+0300][42.384s][info ][gc] GC(1428) Pause Young (Normal) (G1 Evacuation Pause) 230M->231M(256M) 25.077ms
[2020-01-29T22:10:10.978+0300][42.418s][info ][gc] GC(1429) Pause Young (Normal) (G1 Evacuation Pause) 241M->242M(256M) 30.030ms
[2020-01-29T22:10:11.018+0300][42.458s][info ][gc] GC(1430) To-space exhausted
[2020-01-29T22:10:11.018+0300][42.458s][info ][gc] GC(1430) Pause Young (Normal) (G1 Evacuation Pause) 252M->255M(256M) 34.874ms
[2020-01-29T22:10:11.018+0300][42.458s][debug][gc] GC(1431) Clear Next Bitmap 0.062ms
[2020-01-29T22:10:11.050+0300][42.489s][info ][gc] GC(1431) Pause Full (G1 Evacuation Pause) 255M->62M(256M) 31.071ms
[2020-01-29T22:10:11.050+0300][42.490s][info ][gc] GC(1421) Concurrent Cycle 350.582ms
[2020-01-29T22:10:11.099+0300][42.540s][info ][gc] GC(1432) Pause Young (Normal) (G1 Evacuation Pause) 114M->114M(256M) 28.695ms
[2020-01-29T22:10:11.136+0300][42.576s][info ][gc] GC(1433) Pause Young (Concurrent Start) (G1 Humongous Allocation) 137M->138M(256M) 17.319ms
[2020-01-29T22:10:11.136+0300][42.577s][info ][gc] GC(1434) Concurrent Cycle
[2020-01-29T22:10:11.172+0300][42.613s][info ][gc] GC(1435) Pause Young (Normal) (G1 Evacuation Pause) 185M->186M(256M) 20.113ms
[2020-01-29T22:10:11.177+0300][42.617s][debug][gc] GC(1434) Reclaimed 104 empty regions
[2020-01-29T22:10:11.177+0300][42.617s][info ][gc] GC(1434) Pause Remark 195M->93M(256M) 0.576ms
[2020-01-29T22:10:11.190+0300][42.630s][info ][gc] GC(1436) Pause Young (Normal) (G1 Evacuation Pause) 96M->97M(256M) 11.320ms
[2020-01-29T22:10:11.236+0300][42.676s][info ][gc] GC(1437) Pause Young (Normal) (G1 Evacuation Pause) 138M->139M(256M) 30.334ms
[2020-01-29T22:10:11.283+0300][42.723s][info ][gc] GC(1438) Pause Young (Normal) (G1 Evacuation Pause) 167M->168M(256M) 35.574ms
[2020-01-29T22:10:11.336+0300][42.776s][info ][gc] GC(1439) Pause Young (Normal) (G1 Evacuation Pause) 207M->208M(256M) 32.783ms
[2020-01-29T22:10:11.367+0300][42.807s][info ][gc] GC(1440) Pause Young (Normal) (G1 Evacuation Pause) 217M->218M(256M) 26.979ms
[2020-01-29T22:10:11.398+0300][42.839s][info ][gc] GC(1441) Pause Young (Normal) (G1 Evacuation Pause) 228M->229M(256M) 27.916ms
[2020-01-29T22:10:11.402+0300][42.842s][info ][gc] GC(1434) Pause Cleanup 238M->238M(256M) 0.047ms
[2020-01-29T22:10:11.402+0300][42.843s][info ][gc] GC(1434) Concurrent Cycle 266.212ms
[2020-01-29T22:10:11.429+0300][42.870s][info ][gc] GC(1442) Pause Young (Normal) (G1 Evacuation Pause) 239M->240M(256M) 26.633ms
[2020-01-29T22:10:11.449+0300][42.889s][info ][gc] GC(1443) To-space exhausted
[2020-01-29T22:10:11.449+0300][42.889s][info ][gc] GC(1443) Pause Young (Concurrent Start) (G1 Evacuation Pause) 250M->252M(256M) 15.227ms
[2020-01-29T22:10:11.449+0300][42.889s][info ][gc] GC(1444) Concurrent Cycle
[2020-01-29T22:10:11.462+0300][42.902s][info ][gc] GC(1445) To-space exhausted
[2020-01-29T22:10:11.462+0300][42.902s][info ][gc] GC(1445) Pause Young (Normal) (G1 Evacuation Pause) 255M->255M(256M) 10.354ms
[2020-01-29T22:10:11.462+0300][42.902s][debug][gc] GC(1446) Clear Next Bitmap 0.087ms
[2020-01-29T22:10:11.503+0300][42.943s][info ][gc] GC(1446) Pause Full (G1 Evacuation Pause) 255M->77M(256M) 41.062ms
[2020-01-29T22:10:11.504+0300][42.944s][info ][gc] GC(1444) Concurrent Cycle 54.745ms
[2020-01-29T22:10:11.550+0300][42.990s][info ][gc] GC(1447) Pause Young (Normal) (G1 Evacuation Pause) 125M->124M(256M) 26.762ms
[2020-01-29T22:10:11.575+0300][43.014s][info ][gc] GC(1448) Pause Young (Concurrent Start) (G1 Humongous Allocation) 136M->138M(256M) 10.009ms
[2020-01-29T22:10:11.575+0300][43.015s][info ][gc] GC(1449) Concurrent Cycle
[2020-01-29T22:10:11.607+0300][43.047s][info ][gc] GC(1450) Pause Young (Normal) (G1 Evacuation Pause) 186M->187M(256M) 19.887ms
[2020-01-29T22:10:11.609+0300][43.048s][debug][gc] GC(1449) Reclaimed 116 empty regions
[2020-01-29T22:10:11.609+0300][43.048s][info ][gc] GC(1449) Pause Remark 190M->75M(256M) 0.619ms
[2020-01-29T22:10:11.622+0300][43.062s][info ][gc] GC(1451) Pause Young (Normal) (G1 Evacuation Pause) 84M->85M(256M) 9.955ms
[2020-01-29T22:10:11.669+0300][43.114s][info ][gc] GC(1452) Pause Young (Normal) (G1 Evacuation Pause) 130M->131M(256M) 31.804ms
[2020-01-29T22:10:11.737+0300][43.177s][info ][gc] GC(1453) Pause Young (Normal) (G1 Evacuation Pause) 181M->182M(256M) 40.312ms
[2020-01-29T22:10:11.741+0300][43.181s][info ][gc] GC(1449) Pause Cleanup 191M->191M(256M) 0.041ms
[2020-01-29T22:10:11.741+0300][43.181s][info ][gc] GC(1449) Concurrent Cycle 166.600ms
[2020-01-29T22:10:11.772+0300][43.212s][info ][gc] GC(1454) Pause Young (Normal) (G1 Evacuation Pause) 196M->197M(256M) 29.139ms
[2020-01-29T22:10:11.785+0300][43.225s][info ][gc] GC(1455) Pause Young (Concurrent Start) (G1 Evacuation Pause) 207M->208M(256M) 8.855ms
[2020-01-29T22:10:11.785+0300][43.225s][info ][gc] GC(1456) Concurrent Cycle
[2020-01-29T22:10:11.800+0300][43.240s][info ][gc] GC(1457) Pause Young (Normal) (G1 Evacuation Pause) 218M->218M(256M) 8.059ms
[2020-01-29T22:10:11.809+0300][43.252s][info ][gc] GC(1458) Pause Young (Normal) (G1 Evacuation Pause) 228M->229M(256M) 8.119ms
[2020-01-29T22:10:11.824+0300][43.264s][info ][gc] GC(1459) Pause Young (Normal) (G1 Evacuation Pause) 239M->240M(256M) 7.997ms
[2020-01-29T22:10:11.839+0300][43.283s][info ][gc] GC(1460) To-space exhausted
[2020-01-29T22:10:11.839+0300][43.283s][info ][gc] GC(1460) Pause Young (Normal) (G1 Evacuation Pause) 250M->253M(256M) 14.396ms
[2020-01-29T22:10:11.849+0300][43.292s][info ][gc] GC(1461) To-space exhausted
[2020-01-29T22:10:11.849+0300][43.292s][info ][gc] GC(1461) Pause Young (Normal) (G1 Evacuation Pause) 255M->255M(256M) 8.368ms
[2020-01-29T22:10:11.849+0300][43.292s][debug][gc] GC(1462) Clear Next Bitmap 0.093ms
[2020-01-29T22:10:11.900+0300][43.344s][info ][gc] GC(1462) Pause Full (G1 Evacuation Pause) 255M->87M(256M) 51.383ms
[2020-01-29T22:10:11.904+0300][43.344s][info ][gc] GC(1456) Concurrent Cycle 118.760ms
[2020-01-29T22:10:11.944+0300][43.385s][info ][gc] GC(1463) Pause Young (Normal) (G1 Evacuation Pause) 131M->131M(256M) 24.084ms
[2020-01-29T22:10:11.964+0300][43.406s][info ][gc] GC(1464) Pause Young (Concurrent Start) (G1 Humongous Allocation) 136M->138M(256M) 7.251ms
[2020-01-29T22:10:11.964+0300][43.406s][info ][gc] GC(1465) Concurrent Cycle
[2020-01-29T22:10:11.974+0300][43.416s][debug][gc] GC(1465) Reclaimed 122 empty regions
[2020-01-29T22:10:11.974+0300][43.416s][info ][gc] GC(1465) Pause Remark 180M->59M(256M) 0.574ms
[2020-01-29T22:10:11.994+0300][43.436s][info ][gc] GC(1466) Pause Young (Normal) (G1 Evacuation Pause) 65M->61M(256M) 17.686ms
[2020-01-29T22:10:12.009+0300][43.453s][info ][gc] GC(1465) Pause Cleanup 104M->104M(256M) 0.036ms
[2020-01-29T22:10:12.009+0300][43.453s][info ][gc] GC(1465) Concurrent Cycle 46.937ms
[2020-01-29T22:10:12.054+0300][43.498s][info ][gc] GC(1467) Pause Young (Normal) (G1 Evacuation Pause) 114M->115M(256M) 40.848ms
[2020-01-29T22:10:12.112+0300][43.552s][info ][gc] GC(1468) Pause Young (Concurrent Start) (G1 Humongous Allocation) 150M->150M(256M) 23.177ms
[2020-01-29T22:10:12.112+0300][43.552s][info ][gc] GC(1469) Concurrent Cycle
[2020-01-29T22:10:12.153+0300][43.593s][info ][gc] GC(1470) Pause Young (Normal) (G1 Evacuation Pause) 194M->195M(256M) 19.026ms
[2020-01-29T22:10:12.158+0300][43.598s][debug][gc] GC(1469) Reclaimed 102 empty regions
[2020-01-29T22:10:12.158+0300][43.598s][info ][gc] GC(1469) Pause Remark 205M->103M(256M) 0.600ms
[2020-01-29T22:10:12.167+0300][43.607s][info ][gc] GC(1471) Pause Young (Normal) (G1 Evacuation Pause) 103M->104M(256M) 9.083ms
[2020-01-29T22:10:12.210+0300][43.650s][info ][gc] GC(1472) Pause Young (Normal) (G1 Evacuation Pause) 143M->144M(256M) 27.054ms
[2020-01-29T22:10:12.253+0300][43.693s][info ][gc] GC(1473) Pause Young (Normal) (G1 Evacuation Pause) 170M->171M(256M) 32.907ms
[2020-01-29T22:10:12.302+0300][43.742s][info ][gc] GC(1474) Pause Young (Normal) (G1 Evacuation Pause) 209M->210M(256M) 29.640ms
[2020-01-29T22:10:12.330+0300][43.770s][info ][gc] GC(1475) Pause Young (Normal) (G1 Evacuation Pause) 219M->220M(256M) 23.916ms
[2020-01-29T22:10:12.360+0300][43.800s][info ][gc] GC(1476) Pause Young (Normal) (G1 Evacuation Pause) 230M->231M(256M) 25.288ms
[2020-01-29T22:10:12.394+0300][43.834s][info ][gc] GC(1477) Pause Young (Normal) (G1 Evacuation Pause) 241M->242M(256M) 25.823ms
[2020-01-29T22:10:12.433+0300][43.873s][info ][gc] GC(1478) To-space exhausted
[2020-01-29T22:10:12.433+0300][43.873s][info ][gc] GC(1478) Pause Young (Normal) (G1 Evacuation Pause) 252M->255M(256M) 34.673ms
[2020-01-29T22:10:12.433+0300][43.874s][debug][gc] GC(1479) Clear Next Bitmap 0.053ms
[2020-01-29T22:10:12.465+0300][43.906s][info ][gc] GC(1479) Pause Full (G1 Evacuation Pause) 255M->63M(256M) 32.163ms
[2020-01-29T22:10:12.466+0300][43.906s][info ][gc] GC(1469) Concurrent Cycle 353.965ms
[2020-01-29T22:10:12.520+0300][43.960s][info ][gc] GC(1480) Pause Young (Normal) (G1 Evacuation Pause) 115M->115M(256M) 34.015ms
[2020-01-29T22:10:12.556+0300][43.996s][info ][gc] GC(1481) Pause Young (Concurrent Start) (G1 Humongous Allocation) 137M->138M(256M) 16.707ms
[2020-01-29T22:10:12.556+0300][43.996s][info ][gc] GC(1482) Concurrent Cycle
[2020-01-29T22:10:12.592+0300][44.032s][info ][gc] GC(1483) Pause Young (Normal) (G1 Evacuation Pause) 186M->187M(256M) 20.444ms
[2020-01-29T22:10:12.596+0300][44.036s][debug][gc] GC(1482) Reclaimed 104 empty regions
[2020-01-29T22:10:12.597+0300][44.036s][info ][gc] GC(1482) Pause Remark 196M->93M(256M) 0.581ms
[2020-01-29T22:10:12.610+0300][44.049s][info ][gc] GC(1484) Pause Young (Normal) (G1 Evacuation Pause) 96M->97M(256M) 11.475ms
[2020-01-29T22:10:12.656+0300][44.096s][info ][gc] GC(1485) Pause Young (Normal) (G1 Evacuation Pause) 138M->140M(256M) 30.040ms
[2020-01-29T22:10:12.700+0300][44.140s][info ][gc] GC(1486) Pause Young (Normal) (G1 Evacuation Pause) 167M->167M(256M) 33.995ms
[2020-01-29T22:10:12.755+0300][44.195s][info ][gc] GC(1487) Pause Young (Normal) (G1 Evacuation Pause) 206M->207M(256M) 35.686ms
[2020-01-29T22:10:12.789+0300][44.229s][info ][gc] GC(1488) Pause Young (Normal) (G1 Evacuation Pause) 216M->217M(256M) 30.057ms
[2020-01-29T22:10:12.824+0300][44.265s][info ][gc] GC(1489) Pause Young (Normal) (G1 Evacuation Pause) 227M->228M(256M) 30.037ms
[2020-01-29T22:10:12.827+0300][44.267s][info ][gc] GC(1482) Pause Cleanup 233M->233M(256M) 0.051ms
[2020-01-29T22:10:12.827+0300][44.267s][info ][gc] GC(1482) Concurrent Cycle 270.898ms
[2020-01-29T22:10:12.857+0300][44.297s][info ][gc] GC(1490) Pause Young (Normal) (G1 Evacuation Pause) 238M->239M(256M) 28.177ms
[2020-01-29T22:10:12.875+0300][44.315s][info ][gc] GC(1491) To-space exhausted
[2020-01-29T22:10:12.875+0300][44.315s][info ][gc] GC(1491) Pause Young (Concurrent Start) (G1 Evacuation Pause) 249M->251M(256M) 13.793ms
[2020-01-29T22:10:12.875+0300][44.315s][info ][gc] GC(1492) Concurrent Cycle
[2020-01-29T22:10:12.890+0300][44.330s][info ][gc] GC(1493) To-space exhausted
[2020-01-29T22:10:12.890+0300][44.331s][info ][gc] GC(1493) Pause Young (Normal) (G1 Evacuation Pause) 255M->255M(256M) 11.869ms
[2020-01-29T22:10:12.891+0300][44.331s][debug][gc] GC(1494) Clear Next Bitmap 0.087ms
[2020-01-29T22:10:12.931+0300][44.371s][info ][gc] GC(1494) Pause Full (G1 Evacuation Pause) 255M->78M(256M) 39.901ms
[2020-01-29T22:10:12.931+0300][44.371s][info ][gc] GC(1492) Concurrent Cycle 55.610ms
[2020-01-29T22:10:12.975+0300][44.415s][info ][gc] GC(1495) Pause Young (Normal) (G1 Evacuation Pause) 125M->125M(256M) 25.908ms
[2020-01-29T22:10:13.001+0300][44.441s][info ][gc] GC(1496) Pause Young (Concurrent Start) (G1 Humongous Allocation) 137M->138M(256M) 10.347ms
[2020-01-29T22:10:13.001+0300][44.441s][info ][gc] GC(1497) Concurrent Cycle
[2020-01-29T22:10:13.034+0300][44.474s][info ][gc] GC(1498) Pause Young (Normal) (G1 Evacuation Pause) 186M->187M(256M) 20.311ms
[2020-01-29T22:10:13.036+0300][44.475s][debug][gc] GC(1497) Reclaimed 116 empty regions
[2020-01-29T22:10:13.036+0300][44.475s][info ][gc] GC(1497) Pause Remark 187M->73M(256M) 0.635ms
[2020-01-29T22:10:13.056+0300][44.497s][info ][gc] GC(1499) Pause Young (Normal) (G1 Evacuation Pause) 84M->84M(256M) 13.350ms
[2020-01-29T22:10:13.109+0300][44.549s][info ][gc] GC(1500) Pause Young (Normal) (G1 Evacuation Pause) 129M->131M(256M) 34.083ms
[2020-01-29T22:10:13.154+0300][44.598s][info ][gc] GC(1501) Pause Young (Normal) (G1 Evacuation Pause) 161M->162M(256M) 36.879ms
[2020-01-29T22:10:13.169+0300][44.610s][info ][gc] GC(1497) Pause Cleanup 184M->184M(256M) 0.042ms
[2020-01-29T22:10:13.169+0300][44.610s][info ][gc] GC(1497) Concurrent Cycle 169.648ms
[2020-01-29T22:10:13.204+0300][44.647s][info ][gc] GC(1502) Pause Young (Normal) (G1 Evacuation Pause) 202M->203M(256M) 30.010ms
[2020-01-29T22:10:13.214+0300][44.658s][info ][gc] GC(1503) Pause Young (Concurrent Start) (G1 Evacuation Pause) 211M->212M(256M) 7.646ms
[2020-01-29T22:10:13.214+0300][44.658s][info ][gc] GC(1504) Concurrent Cycle
[2020-01-29T22:10:13.229+0300][44.672s][info ][gc] GC(1505) Pause Young (Normal) (G1 Evacuation Pause) 222M->223M(256M) 7.976ms
[2020-01-29T22:10:13.244+0300][44.684s][info ][gc] GC(1506) Pause Young (Normal) (G1 Evacuation Pause) 233M->234M(256M) 7.720ms
[2020-01-29T22:10:13.254+0300][44.697s][info ][gc] GC(1507) To-space exhausted
[2020-01-29T22:10:13.254+0300][44.697s][info ][gc] GC(1507) Pause Young (Normal) (G1 Evacuation Pause) 244M->245M(256M) 8.585ms
[2020-01-29T22:10:13.279+0300][44.720s][info ][gc] GC(1508) To-space exhausted
[2020-01-29T22:10:13.279+0300][44.720s][info ][gc] GC(1508) Pause Young (Normal) (G1 Evacuation Pause) 255M->255M(256M) 18.955ms
[2020-01-29T22:10:13.279+0300][44.720s][debug][gc] GC(1509) Clear Next Bitmap 0.082ms
[2020-01-29T22:10:13.324+0300][44.768s][info ][gc] GC(1509) Pause Full (G1 Evacuation Pause) 255M->89M(256M) 47.766ms
[2020-01-29T22:10:13.324+0300][44.768s][info ][gc] GC(1504) Concurrent Cycle 110.183ms
[2020-01-29T22:10:13.369+0300][44.810s][info ][gc] GC(1510) Pause Young (Normal) (G1 Evacuation Pause) 133M->133M(256M) 24.406ms
[2020-01-29T22:10:13.388+0300][44.828s][info ][gc] GC(1511) Pause Young (Concurrent Start) (G1 Humongous Allocation) 136M->138M(256M) 6.409ms
[2020-01-29T22:10:13.388+0300][44.828s][info ][gc] GC(1512) Concurrent Cycle
[2020-01-29T22:10:13.398+0300][44.838s][debug][gc] GC(1512) Reclaimed 123 empty regions
[2020-01-29T22:10:13.398+0300][44.838s][info ][gc] GC(1512) Pause Remark 178M->55M(256M) 0.604ms
[2020-01-29T22:10:13.419+0300][44.859s][info ][gc] GC(1513) Pause Young (Normal) (G1 Evacuation Pause) 63M->60M(256M) 17.759ms
[2020-01-29T22:10:13.434+0300][44.874s][info ][gc] GC(1512) Pause Cleanup 99M->99M(256M) 0.037ms
[2020-01-29T22:10:13.434+0300][44.875s][info ][gc] GC(1512) Concurrent Cycle 46.066ms
[2020-01-29T22:10:13.479+0300][44.920s][info ][gc] GC(1514) Pause Young (Normal) (G1 Evacuation Pause) 113M->114M(256M) 39.958ms
[2020-01-29T22:10:13.533+0300][44.978s][info ][gc] GC(1515) Pause Young (Concurrent Start) (G1 Humongous Allocation) 148M->149M(256M) 23.897ms
[2020-01-29T22:10:13.533+0300][44.978s][info ][gc] GC(1516) Concurrent Cycle
[2020-01-29T22:10:13.578+0300][45.018s][info ][gc] GC(1517) Pause Young (Normal) (G1 Evacuation Pause) 194M->195M(256M) 18.966ms
[2020-01-29T22:10:13.578+0300][45.023s][debug][gc] GC(1516) Reclaimed 102 empty regions
[2020-01-29T22:10:13.578+0300][45.023s][info ][gc] GC(1516) Pause Remark 205M->103M(256M) 0.583ms
[2020-01-29T22:10:13.592+0300][45.033s][info ][gc] GC(1518) Pause Young (Normal) (G1 Evacuation Pause) 103M->104M(256M) 9.394ms
[2020-01-29T22:10:13.634+0300][45.074s][info ][gc] GC(1519) Pause Young (Normal) (G1 Evacuation Pause) 143M->144M(256M) 26.549ms
[2020-01-29T22:10:13.677+0300][45.117s][info ][gc] GC(1520) Pause Young (Normal) (G1 Evacuation Pause) 170M->172M(256M) 32.684ms
[2020-01-29T22:10:13.726+0300][45.166s][info ][gc] GC(1521) Pause Young (Normal) (G1 Evacuation Pause) 209M->210M(256M) 31.436ms
[2020-01-29T22:10:13.756+0300][45.196s][info ][gc] GC(1522) Pause Young (Normal) (G1 Evacuation Pause) 219M->220M(256M) 25.959ms
[2020-01-29T22:10:13.783+0300][45.228s][info ][gc] GC(1523) Pause Young (Normal) (G1 Evacuation Pause) 230M->231M(256M) 26.952ms
[2020-01-29T22:10:13.819+0300][45.260s][info ][gc] GC(1524) Pause Young (Normal) (G1 Evacuation Pause) 241M->241M(256M) 27.973ms
[2020-01-29T22:10:13.861+0300][45.301s][info ][gc] GC(1525) To-space exhausted
[2020-01-29T22:10:13.861+0300][45.301s][info ][gc] GC(1525) Pause Young (Normal) (G1 Evacuation Pause) 251M->255M(256M) 36.306ms
[2020-01-29T22:10:13.861+0300][45.301s][debug][gc] GC(1526) Clear Next Bitmap 0.050ms
[2020-01-29T22:10:13.889+0300][45.331s][info ][gc] GC(1526) Pause Full (G1 Evacuation Pause) 255M->63M(256M) 30.720ms
[2020-01-29T22:10:13.889+0300][45.332s][info ][gc] GC(1516) Concurrent Cycle 354.111ms
[2020-01-29T22:10:13.939+0300][45.381s][info ][gc] GC(1527) Pause Young (Normal) (G1 Evacuation Pause) 115M->115M(256M) 28.946ms
[2020-01-29T22:10:13.974+0300][45.415s][info ][gc] GC(1528) Pause Young (Concurrent Start) (G1 Humongous Allocation) 137M->138M(256M) 16.923ms
[2020-01-29T22:10:13.974+0300][45.416s][info ][gc] GC(1529) Concurrent Cycle
[2020-01-29T22:10:14.008+0300][45.451s][info ][gc] GC(1530) Pause Young (Normal) (G1 Evacuation Pause) 185M->186M(256M) 20.087ms
[2020-01-29T22:10:14.013+0300][45.455s][debug][gc] GC(1529) Reclaimed 105 empty regions
[2020-01-29T22:10:14.013+0300][45.455s][info ][gc] GC(1529) Pause Remark 195M->92M(256M) 0.589ms
[2020-01-29T22:10:14.028+0300][45.469s][info ][gc] GC(1531) Pause Young (Normal) (G1 Evacuation Pause) 95M->96M(256M) 11.688ms
[2020-01-29T22:10:14.079+0300][45.521s][info ][gc] GC(1532) Pause Young (Normal) (G1 Evacuation Pause) 137M->138M(256M) 33.310ms
[2020-01-29T22:10:14.129+0300][45.569s][info ][gc] GC(1533) Pause Young (Normal) (G1 Evacuation Pause) 166M->167M(256M) 35.859ms
[2020-01-29T22:10:14.186+0300][45.625s][info ][gc] GC(1534) Pause Young (Normal) (G1 Evacuation Pause) 206M->207M(256M) 37.550ms
[2020-01-29T22:10:14.219+0300][45.659s][info ][gc] GC(1535) Pause Young (Normal) (G1 Evacuation Pause) 216M->217M(256M) 26.309ms
[2020-01-29T22:10:14.220+0300][45.659s][info ][gc] GC(1529) Pause Cleanup 218M->218M(256M) 0.049ms
[2020-01-29T22:10:14.220+0300][45.660s][info ][gc] GC(1529) Concurrent Cycle 244.138ms
[2020-01-29T22:10:14.246+0300][45.687s][info ][gc] GC(1536) Pause Young (Normal) (G1 Evacuation Pause) 227M->228M(256M) 23.706ms
[2020-01-29T22:10:14.258+0300][45.699s][info ][gc] GC(1537) Pause Young (Concurrent Start) (G1 Evacuation Pause) 238M->239M(256M) 8.258ms
[2020-01-29T22:10:14.258+0300][45.699s][info ][gc] GC(1538) Concurrent Cycle
[2020-01-29T22:10:14.278+0300][45.718s][info ][gc] GC(1539) To-space exhausted
[2020-01-29T22:10:14.278+0300][45.718s][info ][gc] GC(1539) Pause Young (Normal) (G1 Evacuation Pause) 249M->251M(256M) 13.104ms
[2020-01-29T22:10:14.292+0300][45.732s][info ][gc] GC(1540) To-space exhausted
[2020-01-29T22:10:14.292+0300][45.732s][info ][gc] GC(1540) Pause Young (Normal) (G1 Evacuation Pause) 255M->255M(256M) 12.027ms
[2020-01-29T22:10:14.292+0300][45.732s][debug][gc] GC(1541) Clear Next Bitmap 0.085ms
[2020-01-29T22:10:14.333+0300][45.773s][info ][gc] GC(1541) Pause Full (G1 Evacuation Pause) 255M->77M(256M) 41.151ms
[2020-01-29T22:10:14.333+0300][45.774s][info ][gc] GC(1538) Concurrent Cycle 74.629ms
[2020-01-29T22:10:14.377+0300][45.817s][info ][gc] GC(1542) Pause Young (Normal) (G1 Evacuation Pause) 124M->124M(256M) 25.543ms
[2020-01-29T22:10:14.403+0300][45.844s][info ][gc] GC(1543) Pause Young (Concurrent Start) (G1 Humongous Allocation) 136M->137M(256M) 10.765ms
[2020-01-29T22:10:14.403+0300][45.844s][info ][gc] GC(1544) Concurrent Cycle
[2020-01-29T22:10:14.436+0300][45.876s][info ][gc] GC(1545) Pause Young (Normal) (G1 Evacuation Pause) 185M->186M(256M) 20.055ms
[2020-01-29T22:10:14.438+0300][45.878s][debug][gc] GC(1544) Reclaimed 116 empty regions
[2020-01-29T22:10:14.438+0300][45.878s][info ][gc] GC(1544) Pause Remark 188M->75M(256M) 0.655ms
[2020-01-29T22:10:14.452+0300][45.892s][info ][gc] GC(1546) Pause Young (Normal) (G1 Evacuation Pause) 84M->85M(256M) 10.420ms
[2020-01-29T22:10:14.503+0300][45.944s][info ][gc] GC(1547) Pause Young (Normal) (G1 Evacuation Pause) 130M->131M(256M) 32.772ms
[2020-01-29T22:10:14.566+0300][46.006s][info ][gc] GC(1548) Pause Young (Normal) (G1 Evacuation Pause) 181M->182M(256M) 39.417ms
[2020-01-29T22:10:14.571+0300][46.012s][info ][gc] GC(1544) Pause Cleanup 195M->195M(256M) 0.042ms
[2020-01-29T22:10:14.571+0300][46.012s][info ][gc] GC(1544) Concurrent Cycle 168.123ms
[2020-01-29T22:10:14.600+0300][46.041s][info ][gc] GC(1549) Pause Young (Normal) (G1 Evacuation Pause) 196M->197M(256M) 28.420ms
[2020-01-29T22:10:14.613+0300][46.053s][info ][gc] GC(1550) Pause Young (Concurrent Start) (G1 Evacuation Pause) 207M->208M(256M) 8.817ms
[2020-01-29T22:10:14.613+0300][46.053s][info ][gc] GC(1551) Concurrent Cycle
[2020-01-29T22:10:14.628+0300][46.068s][info ][gc] GC(1552) Pause Young (Normal) (G1 Evacuation Pause) 218M->219M(256M) 8.051ms
[2020-01-29T22:10:14.640+0300][46.080s][info ][gc] GC(1553) Pause Young (Normal) (G1 Evacuation Pause) 229M->230M(256M) 7.957ms
[2020-01-29T22:10:14.652+0300][46.093s][info ][gc] GC(1554) Pause Young (Normal) (G1 Evacuation Pause) 240M->241M(256M) 8.032ms
[2020-01-29T22:10:14.671+0300][46.112s][info ][gc] GC(1555) To-space exhausted
[2020-01-29T22:10:14.672+0300][46.112s][info ][gc] GC(1555) Pause Young (Normal) (G1 Evacuation Pause) 251M->254M(256M) 15.319ms
[2020-01-29T22:10:14.679+0300][46.120s][info ][gc] GC(1556) To-space exhausted
[2020-01-29T22:10:14.679+0300][46.120s][info ][gc] GC(1556) Pause Young (Normal) (G1 Evacuation Pause) 255M->255M(256M) 7.115ms
[2020-01-29T22:10:14.680+0300][46.120s][debug][gc] GC(1557) Clear Next Bitmap 0.076ms
[2020-01-29T22:10:14.732+0300][46.172s][info ][gc] GC(1557) Pause Full (G1 Evacuation Pause) 255M->86M(256M) 52.413ms
[2020-01-29T22:10:14.733+0300][46.173s][info ][gc] GC(1551) Concurrent Cycle 119.203ms
[2020-01-29T22:10:14.774+0300][46.214s][info ][gc] GC(1558) Pause Young (Normal) (G1 Evacuation Pause) 130M->130M(256M) 24.180ms
[2020-01-29T22:10:14.795+0300][46.235s][info ][gc] GC(1559) Pause Young (Concurrent Start) (G1 Humongous Allocation) 136M->137M(256M) 8.186ms
[2020-01-29T22:10:14.795+0300][46.235s][info ][gc] GC(1560) Concurrent Cycle
[2020-01-29T22:10:14.806+0300][46.246s][debug][gc] GC(1560) Reclaimed 121 empty regions
[2020-01-29T22:10:14.806+0300][46.246s][info ][gc] GC(1560) Pause Remark 180M->62M(256M) 0.593ms
[2020-01-29T22:10:14.826+0300][46.266s][info ][gc] GC(1561) Pause Young (Normal) (G1 Evacuation Pause) 66M->62M(256M) 17.727ms
[2020-01-29T22:10:14.844+0300][46.284s][info ][gc] GC(1560) Pause Cleanup 109M->109M(256M) 0.041ms
[2020-01-29T22:10:14.844+0300][46.285s][info ][gc] GC(1560) Concurrent Cycle 49.049ms
[2020-01-29T22:10:14.887+0300][46.327s][info ][gc] GC(1562) Pause Young (Normal) (G1 Evacuation Pause) 114M->115M(256M) 40.447ms
[2020-01-29T22:10:14.936+0300][46.375s][info ][gc] GC(1563) Pause Young (Concurrent Start) (G1 Humongous Allocation) 150M->151M(256M) 23.892ms
[2020-01-29T22:10:14.936+0300][46.375s][info ][gc] GC(1564) Concurrent Cycle
[2020-01-29T22:10:14.977+0300][46.417s][info ][gc] GC(1565) Pause Young (Normal) (G1 Evacuation Pause) 195M->196M(256M) 18.569ms
[2020-01-29T22:10:14.980+0300][46.421s][debug][gc] GC(1564) Reclaimed 102 empty regions
[2020-01-29T22:10:14.980+0300][46.421s][info ][gc] GC(1564) Pause Remark 205M->103M(256M) 0.573ms
[2020-01-29T22:10:14.990+0300][46.431s][info ][gc] GC(1566) Pause Young (Normal) (G1 Evacuation Pause) 104M->105M(256M) 9.444ms
[2020-01-29T22:10:15.033+0300][46.473s][info ][gc] GC(1567) Pause Young (Normal) (G1 Evacuation Pause) 143M->144M(256M) 27.002ms
[2020-01-29T22:10:15.083+0300][46.523s][info ][gc] GC(1568) Pause Young (Normal) (G1 Evacuation Pause) 170M->170M(256M) 35.822ms
[2020-01-29T22:10:15.133+0300][46.573s][info ][gc] GC(1569) Pause Young (Normal) (G1 Evacuation Pause) 208M->209M(256M) 29.872ms
[2020-01-29T22:10:15.160+0300][46.600s][info ][gc] GC(1570) Pause Young (Normal) (G1 Evacuation Pause) 218M->219M(256M) 23.421ms
[2020-01-29T22:10:15.189+0300][46.629s][info ][gc] GC(1571) Pause Young (Normal) (G1 Evacuation Pause) 229M->230M(256M) 24.584ms
[2020-01-29T22:10:15.219+0300][46.659s][info ][gc] GC(1572) Pause Young (Normal) (G1 Evacuation Pause) 240M->240M(256M) 25.940ms
[2020-01-29T22:10:15.257+0300][46.697s][info ][gc] GC(1573) To-space exhausted
[2020-01-29T22:10:15.257+0300][46.697s][info ][gc] GC(1573) Pause Young (Normal) (G1 Evacuation Pause) 250M->254M(256M) 33.430ms
[2020-01-29T22:10:15.284+0300][46.724s][info ][gc] GC(1574) To-space exhausted
[2020-01-29T22:10:15.284+0300][46.724s][info ][gc] GC(1574) Pause Young (Normal) (G1 Evacuation Pause) 255M->255M(256M) 26.194ms
[2020-01-29T22:10:15.284+0300][46.724s][debug][gc] GC(1575) Clear Next Bitmap 0.063ms
[2020-01-29T22:10:15.319+0300][46.759s][info ][gc] GC(1575) Pause Full (G1 Evacuation Pause) 255M->62M(256M) 34.671ms
[2020-01-29T22:10:15.319+0300][46.759s][info ][gc] GC(1564) Concurrent Cycle 383.517ms
[2020-01-29T22:10:15.368+0300][46.808s][info ][gc] GC(1576) Pause Young (Normal) (G1 Evacuation Pause) 114M->114M(256M) 29.086ms
[2020-01-29T22:10:15.405+0300][46.845s][info ][gc] GC(1577) Pause Young (Concurrent Start) (G1 Humongous Allocation) 136M->137M(256M) 17.243ms
[2020-01-29T22:10:15.405+0300][46.845s][info ][gc] GC(1578) Concurrent Cycle
[2020-01-29T22:10:15.441+0300][46.881s][info ][gc] GC(1579) Pause Young (Normal) (G1 Evacuation Pause) 185M->186M(256M) 20.501ms
[2020-01-29T22:10:15.445+0300][46.886s][debug][gc] GC(1578) Reclaimed 105 empty regions
[2020-01-29T22:10:15.445+0300][46.886s][info ][gc] GC(1578) Pause Remark 195M->92M(256M) 0.587ms
[2020-01-29T22:10:15.458+0300][46.899s][info ][gc] GC(1580) Pause Young (Normal) (G1 Evacuation Pause) 95M->96M(256M) 11.441ms
[2020-01-29T22:10:15.505+0300][46.945s][info ][gc] GC(1581) Pause Young (Normal) (G1 Evacuation Pause) 137M->138M(256M) 30.495ms
[2020-01-29T22:10:15.552+0300][46.992s][info ][gc] GC(1582) Pause Young (Normal) (G1 Evacuation Pause) 166M->167M(256M) 35.790ms
[2020-01-29T22:10:15.604+0300][47.044s][info ][gc] GC(1583) Pause Young (Normal) (G1 Evacuation Pause) 206M->207M(256M) 33.380ms
[2020-01-29T22:10:15.636+0300][47.076s][info ][gc] GC(1584) Pause Young (Normal) (G1 Evacuation Pause) 216M->217M(256M) 26.994ms
[2020-01-29T22:10:15.669+0300][47.109s][info ][gc] GC(1585) Pause Young (Normal) (G1 Evacuation Pause) 227M->228M(256M) 27.545ms
[2020-01-29T22:10:15.672+0300][47.112s][info ][gc] GC(1578) Pause Cleanup 235M->235M(256M) 0.045ms
[2020-01-29T22:10:15.672+0300][47.112s][info ][gc] GC(1578) Concurrent Cycle 266.342ms
[2020-01-29T22:10:15.699+0300][47.139s][info ][gc] GC(1586) Pause Young (Normal) (G1 Evacuation Pause) 238M->239M(256M) 26.113ms
[2020-01-29T22:10:15.717+0300][47.158s][info ][gc] GC(1587) To-space exhausted
[2020-01-29T22:10:15.717+0300][47.158s][info ][gc] GC(1587) Pause Young (Concurrent Start) (G1 Evacuation Pause) 249M->251M(256M) 14.591ms
[2020-01-29T22:10:15.717+0300][47.158s][info ][gc] GC(1588) Concurrent Cycle
[2020-01-29T22:10:15.733+0300][47.173s][info ][gc] GC(1589) To-space exhausted
[2020-01-29T22:10:15.733+0300][47.173s][info ][gc] GC(1589) Pause Young (Normal) (G1 Evacuation Pause) 255M->255M(256M) 11.997ms
[2020-01-29T22:10:15.733+0300][47.173s][debug][gc] GC(1590) Clear Next Bitmap 0.090ms
[2020-01-29T22:10:15.774+0300][47.214s][info ][gc] GC(1590) Pause Full (G1 Evacuation Pause) 255M->79M(256M) 40.841ms
[2020-01-29T22:10:15.774+0300][47.214s][info ][gc] GC(1588) Concurrent Cycle 56.405ms
[2020-01-29T22:10:15.819+0300][47.259s][info ][gc] GC(1591) Pause Young (Normal) (G1 Evacuation Pause) 126M->126M(256M) 26.237ms
[2020-01-29T22:10:15.844+0300][47.284s][info ][gc] GC(1592) Pause Young (Concurrent Start) (G1 Humongous Allocation) 137M->138M(256M) 10.440ms
[2020-01-29T22:10:15.844+0300][47.284s][info ][gc] GC(1593) Concurrent Cycle
[2020-01-29T22:10:15.877+0300][47.316s][info ][gc] GC(1594) Pause Young (Normal) (G1 Evacuation Pause) 186M->186M(256M) 20.006ms
[2020-01-29T22:10:15.878+0300][47.318s][debug][gc] GC(1593) Reclaimed 118 empty regions
[2020-01-29T22:10:15.878+0300][47.318s][info ][gc] GC(1593) Pause Remark 188M->72M(256M) 0.576ms
[2020-01-29T22:10:15.892+0300][47.332s][info ][gc] GC(1595) Pause Young (Normal) (G1 Evacuation Pause) 82M->83M(256M) 9.721ms
[2020-01-29T22:10:15.942+0300][47.383s][info ][gc] GC(1596) Pause Young (Normal) (G1 Evacuation Pause) 128M->128M(256M) 33.364ms
[2020-01-29T22:10:16.006+0300][47.446s][info ][gc] GC(1597) Pause Young (Normal) (G1 Evacuation Pause) 179M->180M(256M) 39.992ms
[2020-01-29T22:10:16.009+0300][47.450s][info ][gc] GC(1593) Pause Cleanup 188M->188M(256M) 0.051ms
[2020-01-29T22:10:16.010+0300][47.450s][info ][gc] GC(1593) Concurrent Cycle 166.051ms
[2020-01-29T22:10:16.042+0300][47.483s][info ][gc] GC(1598) Pause Young (Normal) (G1 Evacuation Pause) 195M->196M(256M) 29.787ms
[2020-01-29T22:10:16.059+0300][47.499s][info ][gc] GC(1599) Pause Young (Concurrent Start) (G1 Evacuation Pause) 206M->207M(256M) 10.947ms
[2020-01-29T22:10:16.059+0300][47.499s][info ][gc] GC(1600) Concurrent Cycle
[2020-01-29T22:10:16.074+0300][47.515s][info ][gc] GC(1601) Pause Young (Normal) (G1 Evacuation Pause) 217M->217M(256M) 8.573ms
[2020-01-29T22:10:16.086+0300][47.527s][info ][gc] GC(1602) Pause Young (Normal) (G1 Evacuation Pause) 227M->228M(256M) 6.934ms
[2020-01-29T22:10:16.099+0300][47.539s][info ][gc] GC(1603) Pause Young (Normal) (G1 Evacuation Pause) 238M->239M(256M) 7.835ms
[2020-01-29T22:10:16.117+0300][47.557s][info ][gc] GC(1604) To-space exhausted
[2020-01-29T22:10:16.117+0300][47.557s][info ][gc] GC(1604) Pause Young (Normal) (G1 Evacuation Pause) 249M->252M(256M) 13.979ms
[2020-01-29T22:10:16.128+0300][47.568s][info ][gc] GC(1605) To-space exhausted
[2020-01-29T22:10:16.128+0300][47.568s][info ][gc] GC(1605) Pause Young (Normal) (G1 Evacuation Pause) 255M->255M(256M) 10.202ms
[2020-01-29T22:10:16.129+0300][47.569s][debug][gc] GC(1606) Clear Next Bitmap 0.087ms
[2020-01-29T22:10:16.177+0300][47.617s][info ][gc] GC(1606) Pause Full (G1 Evacuation Pause) 255M->90M(256M) 48.471ms
[2020-01-29T22:10:16.177+0300][47.617s][info ][gc] GC(1600) Concurrent Cycle 118.007ms
[2020-01-29T22:10:16.218+0300][47.658s][info ][gc] GC(1607) Pause Young (Normal) (G1 Evacuation Pause) 133M->133M(256M) 24.448ms
[2020-01-29T22:10:16.236+0300][47.676s][info ][gc] GC(1608) Pause Young (Concurrent Start) (G1 Humongous Allocation) 136M->138M(256M) 6.573ms
[2020-01-29T22:10:16.236+0300][47.677s][info ][gc] GC(1609) Concurrent Cycle
[2020-01-29T22:10:16.246+0300][47.686s][debug][gc] GC(1609) Reclaimed 124 empty regions
[2020-01-29T22:10:16.246+0300][47.686s][info ][gc] GC(1609) Pause Remark 177M->56M(256M) 0.596ms
[2020-01-29T22:10:16.267+0300][47.707s][info ][gc] GC(1610) Pause Young (Normal) (G1 Evacuation Pause) 63M->60M(256M) 18.083ms
[2020-01-29T22:10:16.282+0300][47.722s][info ][gc] GC(1609) Pause Cleanup 99M->99M(256M) 0.037ms
[2020-01-29T22:10:16.282+0300][47.723s][info ][gc] GC(1609) Concurrent Cycle 46.082ms
[2020-01-29T22:10:16.327+0300][47.768s][info ][gc] GC(1611) Pause Young (Normal) (G1 Evacuation Pause) 113M->114M(256M) 39.838ms
[2020-01-29T22:10:16.375+0300][47.816s][info ][gc] GC(1612) Pause Young (Concurrent Start) (G1 Humongous Allocation) 149M->149M(256M) 23.842ms
[2020-01-29T22:10:16.376+0300][47.816s][info ][gc] GC(1613) Concurrent Cycle
[2020-01-29T22:10:16.417+0300][47.857s][info ][gc] GC(1614) Pause Young (Normal) (G1 Evacuation Pause) 194M->195M(256M) 18.824ms
[2020-01-29T22:10:16.422+0300][47.862s][debug][gc] GC(1613) Reclaimed 100 empty regions
[2020-01-29T22:10:16.422+0300][47.862s][info ][gc] GC(1613) Pause Remark 205M->105M(256M) 0.736ms
[2020-01-29T22:10:16.434+0300][47.874s][info ][gc] GC(1615) Pause Young (Normal) (G1 Evacuation Pause) 105M->106M(256M) 11.623ms
[2020-01-29T22:10:16.476+0300][47.917s][info ][gc] GC(1616) Pause Young (Normal) (G1 Evacuation Pause) 144M->144M(256M) 26.911ms
[2020-01-29T22:10:16.520+0300][47.960s][info ][gc] GC(1617) Pause Young (Normal) (G1 Evacuation Pause) 170M->171M(256M) 32.792ms
[2020-01-29T22:10:16.569+0300][48.009s][info ][gc] GC(1618) Pause Young (Normal) (G1 Evacuation Pause) 209M->210M(256M) 29.846ms
[2020-01-29T22:10:16.597+0300][48.037s][info ][gc] GC(1619) Pause Young (Normal) (G1 Evacuation Pause) 219M->221M(256M) 23.772ms
[2020-01-29T22:10:16.627+0300][48.067s][info ][gc] GC(1620) Pause Young (Normal) (G1 Evacuation Pause) 231M->231M(256M) 25.262ms
[2020-01-29T22:10:16.658+0300][48.098s][info ][gc] GC(1621) Pause Young (Normal) (G1 Evacuation Pause) 241M->242M(256M) 26.670ms
[2020-01-29T22:10:16.699+0300][48.139s][info ][gc] GC(1622) To-space exhausted
[2020-01-29T22:10:16.699+0300][48.139s][info ][gc] GC(1622) Pause Young (Normal) (G1 Evacuation Pause) 252M->255M(256M) 37.092ms
[2020-01-29T22:10:16.699+0300][48.139s][debug][gc] GC(1623) Clear Next Bitmap 0.072ms
[2020-01-29T22:10:16.732+0300][48.172s][info ][gc] GC(1623) Pause Full (G1 Evacuation Pause) 255M->63M(256M) 32.831ms
[2020-01-29T22:10:16.732+0300][48.172s][info ][gc] GC(1613) Concurrent Cycle 356.432ms
[2020-01-29T22:10:16.780+0300][48.220s][info ][gc] GC(1624) Pause Young (Normal) (G1 Evacuation Pause) 114M->114M(256M) 28.093ms
[2020-01-29T22:10:16.817+0300][48.257s][info ][gc] GC(1625) Pause Young (Concurrent Start) (G1 Humongous Allocation) 137M->137M(256M) 16.939ms
[2020-01-29T22:10:16.817+0300][48.257s][info ][gc] GC(1626) Concurrent Cycle
[2020-01-29T22:10:16.852+0300][48.292s][info ][gc] GC(1627) Pause Young (Normal) (G1 Evacuation Pause) 184M->185M(256M) 19.862ms
[2020-01-29T22:10:16.857+0300][48.297s][debug][gc] GC(1626) Reclaimed 105 empty regions
[2020-01-29T22:10:16.857+0300][48.297s][info ][gc] GC(1626) Pause Remark 194M->92M(256M) 0.593ms
[2020-01-29T22:10:16.869+0300][48.310s][info ][gc] GC(1628) Pause Young (Normal) (G1 Evacuation Pause) 95M->96M(256M) 11.228ms
[2020-01-29T22:10:16.916+0300][48.356s][info ][gc] GC(1629) Pause Young (Normal) (G1 Evacuation Pause) 137M->138M(256M) 29.992ms
[2020-01-29T22:10:16.963+0300][48.403s][info ][gc] GC(1630) Pause Young (Normal) (G1 Evacuation Pause) 166M->167M(256M) 36.056ms
[2020-01-29T22:10:17.018+0300][48.457s][info ][gc] GC(1631) Pause Young (Normal) (G1 Evacuation Pause) 206M->207M(256M) 35.864ms
[2020-01-29T22:10:17.050+0300][48.491s][info ][gc] GC(1632) Pause Young (Normal) (G1 Evacuation Pause) 216M->217M(256M) 29.501ms
[2020-01-29T22:10:17.061+0300][48.501s][info ][gc] GC(1626) Pause Cleanup 225M->225M(256M) 0.074ms
[2020-01-29T22:10:17.061+0300][48.501s][info ][gc] GC(1626) Concurrent Cycle 244.524ms
[2020-01-29T22:10:17.090+0300][48.530s][info ][gc] GC(1633) Pause Young (Normal) (G1 Evacuation Pause) 227M->227M(256M) 28.488ms
[2020-01-29T22:10:17.102+0300][48.543s][info ][gc] GC(1634) Pause Young (Concurrent Start) (G1 Evacuation Pause) 237M->238M(256M) 8.221ms
[2020-01-29T22:10:17.102+0300][48.543s][info ][gc] GC(1635) Concurrent Cycle
[2020-01-29T22:10:17.121+0300][48.562s][info ][gc] GC(1636) To-space exhausted
[2020-01-29T22:10:17.122+0300][48.562s][info ][gc] GC(1636) Pause Young (Normal) (G1 Evacuation Pause) 248M->251M(256M) 12.301ms
[2020-01-29T22:10:17.135+0300][48.575s][info ][gc] GC(1637) To-space exhausted
[2020-01-29T22:10:17.135+0300][48.575s][info ][gc] GC(1637) Pause Young (Normal) (G1 Evacuation Pause) 255M->255M(256M) 11.468ms
[2020-01-29T22:10:17.135+0300][48.575s][debug][gc] GC(1638) Clear Next Bitmap 0.086ms
[2020-01-29T22:10:17.176+0300][48.615s][info ][gc] GC(1638) Pause Full (G1 Evacuation Pause) 255M->77M(256M) 40.119ms
[2020-01-29T22:10:17.176+0300][48.616s][info ][gc] GC(1635) Concurrent Cycle 72.734ms
[2020-01-29T22:10:17.221+0300][48.661s][info ][gc] GC(1639) Pause Young (Normal) (G1 Evacuation Pause) 125M->125M(256M) 26.434ms
[2020-01-29T22:10:17.246+0300][48.686s][info ][gc] GC(1640) Pause Young (Concurrent Start) (G1 Humongous Allocation) 136M->137M(256M) 10.103ms
[2020-01-29T22:10:17.246+0300][48.686s][info ][gc] GC(1641) Concurrent Cycle
[2020-01-29T22:10:17.279+0300][48.719s][info ][gc] GC(1642) Pause Young (Normal) (G1 Evacuation Pause) 185M->186M(256M) 20.126ms
[2020-01-29T22:10:17.280+0300][48.720s][debug][gc] GC(1641) Reclaimed 116 empty regions
[2020-01-29T22:10:17.280+0300][48.720s][info ][gc] GC(1641) Pause Remark 188M->74M(256M) 0.590ms
[2020-01-29T22:10:17.294+0300][48.734s][info ][gc] GC(1643) Pause Young (Normal) (G1 Evacuation Pause) 84M->85M(256M) 9.853ms
[2020-01-29T22:10:17.345+0300][48.785s][info ][gc] GC(1644) Pause Young (Normal) (G1 Evacuation Pause) 130M->130M(256M) 33.070ms
[2020-01-29T22:10:17.409+0300][48.849s][info ][gc] GC(1645) Pause Young (Normal) (G1 Evacuation Pause) 180M->181M(256M) 40.173ms
[2020-01-29T22:10:17.414+0300][48.854s][info ][gc] GC(1641) Pause Cleanup 192M->192M(256M) 0.043ms
[2020-01-29T22:10:17.414+0300][48.854s][info ][gc] GC(1641) Concurrent Cycle 167.395ms
[2020-01-29T22:10:17.444+0300][48.885s][info ][gc] GC(1646) Pause Young (Normal) (G1 Evacuation Pause) 196M->197M(256M) 29.601ms
[2020-01-29T22:10:17.457+0300][48.897s][info ][gc] GC(1647) Pause Young (Concurrent Start) (G1 Evacuation Pause) 207M->208M(256M) 8.190ms
[2020-01-29T22:10:17.457+0300][48.897s][info ][gc] GC(1648) Concurrent Cycle
[2020-01-29T22:10:17.471+0300][48.912s][info ][gc] GC(1649) Pause Young (Normal) (G1 Evacuation Pause) 218M->219M(256M) 7.450ms
[2020-01-29T22:10:17.483+0300][48.923s][info ][gc] GC(1650) Pause Young (Normal) (G1 Evacuation Pause) 229M->230M(256M) 7.638ms
[2020-01-29T22:10:17.496+0300][48.937s][info ][gc] GC(1651) Pause Young (Normal) (G1 Evacuation Pause) 240M->241M(256M) 9.201ms
[2020-01-29T22:10:17.516+0300][48.957s][info ][gc] GC(1652) To-space exhausted
[2020-01-29T22:10:17.517+0300][48.957s][info ][gc] GC(1652) Pause Young (Normal) (G1 Evacuation Pause) 251M->254M(256M) 16.127ms
[2020-01-29T22:10:17.524+0300][48.965s][info ][gc] GC(1653) To-space exhausted
[2020-01-29T22:10:17.524+0300][48.965s][info ][gc] GC(1653) Pause Young (Normal) (G1 Evacuation Pause) 255M->255M(256M) 7.089ms
[2020-01-29T22:10:17.524+0300][48.965s][debug][gc] GC(1654) Clear Next Bitmap 0.072ms
[2020-01-29T22:10:17.574+0300][49.015s][info ][gc] GC(1654) Pause Full (G1 Evacuation Pause) 255M->87M(256M) 49.941ms
[2020-01-29T22:10:17.575+0300][49.015s][info ][gc] GC(1648) Concurrent Cycle 117.548ms
[2020-01-29T22:10:17.616+0300][49.056s][info ][gc] GC(1655) Pause Young (Normal) (G1 Evacuation Pause) 131M->131M(256M) 24.328ms
[2020-01-29T22:10:17.636+0300][49.076s][info ][gc] GC(1656) Pause Young (Concurrent Start) (G1 Humongous Allocation) 136M->137M(256M) 7.252ms
[2020-01-29T22:10:17.636+0300][49.076s][info ][gc] GC(1657) Concurrent Cycle
[2020-01-29T22:10:17.646+0300][49.086s][debug][gc] GC(1657) Reclaimed 123 empty regions
[2020-01-29T22:10:17.646+0300][49.086s][info ][gc] GC(1657) Pause Remark 179M->59M(256M) 0.589ms
[2020-01-29T22:10:17.666+0300][49.106s][info ][gc] GC(1658) Pause Young (Normal) (G1 Evacuation Pause) 64M->60M(256M) 17.391ms
[2020-01-29T22:10:17.682+0300][49.122s][info ][gc] GC(1657) Pause Cleanup 100M->100M(256M) 0.035ms
[2020-01-29T22:10:17.682+0300][49.122s][info ][gc] GC(1657) Concurrent Cycle 46.332ms
[2020-01-29T22:10:17.727+0300][49.167s][info ][gc] GC(1659) Pause Young (Normal) (G1 Evacuation Pause) 113M->114M(256M) 39.821ms
[2020-01-29T22:10:17.775+0300][49.215s][info ][gc] GC(1660) Pause Young (Concurrent Start) (G1 Humongous Allocation) 149M->150M(256M) 23.822ms
[2020-01-29T22:10:17.775+0300][49.215s][info ][gc] GC(1661) Concurrent Cycle
[2020-01-29T22:10:17.816+0300][49.256s][info ][gc] GC(1662) Pause Young (Normal) (G1 Evacuation Pause) 194M->195M(256M) 18.317ms
[2020-01-29T22:10:17.820+0300][49.260s][debug][gc] GC(1661) Reclaimed 102 empty regions
[2020-01-29T22:10:17.820+0300][49.260s][info ][gc] GC(1661) Pause Remark 205M->103M(256M) 0.705ms
[2020-01-29T22:10:17.830+0300][49.271s][info ][gc] GC(1663) Pause Young (Normal) (G1 Evacuation Pause) 103M->103M(256M) 9.558ms
[2020-01-29T22:10:17.874+0300][49.314s][info ][gc] GC(1664) Pause Young (Normal) (G1 Evacuation Pause) 142M->143M(256M) 28.214ms
[2020-01-29T22:10:17.918+0300][49.358s][info ][gc] GC(1665) Pause Young (Normal) (G1 Evacuation Pause) 169M->170M(256M) 33.620ms
[2020-01-29T22:10:17.971+0300][49.411s][info ][gc] GC(1666) Pause Young (Normal) (G1 Evacuation Pause) 208M->208M(256M) 32.986ms
[2020-01-29T22:10:18.000+0300][49.441s][info ][gc] GC(1667) Pause Young (Normal) (G1 Evacuation Pause) 217M->218M(256M) 25.567ms
[2020-01-29T22:10:18.031+0300][49.472s][info ][gc] GC(1668) Pause Young (Normal) (G1 Evacuation Pause) 228M->229M(256M) 26.841ms
[2020-01-29T22:10:18.066+0300][49.506s][info ][gc] GC(1669) Pause Young (Normal) (G1 Evacuation Pause) 239M->240M(256M) 28.931ms
[2020-01-29T22:10:18.076+0300][49.516s][info ][gc] GC(1661) Pause Cleanup 242M->242M(256M) 0.059ms
[2020-01-29T22:10:18.076+0300][49.516s][info ][gc] GC(1661) Concurrent Cycle 300.863ms
[2020-01-29T22:10:18.110+0300][49.550s][info ][gc] GC(1670) To-space exhausted
[2020-01-29T22:10:18.111+0300][49.550s][info ][gc] GC(1670) Pause Young (Normal) (G1 Evacuation Pause) 250M->253M(256M) 30.963ms
[2020-01-29T22:10:18.121+0300][49.560s][info ][gc] GC(1671) To-space exhausted
[2020-01-29T22:10:18.121+0300][49.561s][info ][gc] GC(1671) Pause Young (Concurrent Start) (G1 Evacuation Pause) 255M->255M(256M) 9.198ms
[2020-01-29T22:10:18.121+0300][49.561s][info ][gc] GC(1673) Concurrent Cycle
[2020-01-29T22:10:18.121+0300][49.561s][debug][gc] GC(1672) Clear Next Bitmap 0.065ms
[2020-01-29T22:10:18.153+0300][49.593s][info ][gc] GC(1672) Pause Full (G1 Evacuation Pause) 255M->64M(256M) 32.341ms
[2020-01-29T22:10:18.154+0300][49.593s][info ][gc] GC(1673) Concurrent Cycle 32.700ms
[2020-01-29T22:10:18.205+0300][49.646s][info ][gc] GC(1674) Pause Young (Normal) (G1 Evacuation Pause) 120M->120M(256M) 30.661ms
[2020-01-29T22:10:18.237+0300][49.677s][info ][gc] GC(1675) Pause Young (Concurrent Start) (G1 Humongous Allocation) 136M->137M(256M) 14.040ms
[2020-01-29T22:10:18.237+0300][49.677s][info ][gc] GC(1676) Concurrent Cycle
[2020-01-29T22:10:18.270+0300][49.711s][info ][gc] GC(1677) Pause Young (Normal) (G1 Evacuation Pause) 185M->186M(256M) 21.236ms
[2020-01-29T22:10:18.275+0300][49.715s][debug][gc] GC(1676) Reclaimed 109 empty regions
[2020-01-29T22:10:18.275+0300][49.715s][info ][gc] GC(1676) Pause Remark 195M->88M(256M) 0.603ms
[2020-01-29T22:10:18.288+0300][49.728s][info ][gc] GC(1678) Pause Young (Normal) (G1 Evacuation Pause) 91M->92M(256M) 11.251ms
[2020-01-29T22:10:18.336+0300][49.776s][info ][gc] GC(1679) Pause Young (Normal) (G1 Evacuation Pause) 134M->136M(256M) 31.295ms
[2020-01-29T22:10:18.385+0300][49.825s][info ][gc] GC(1680) Pause Young (Normal) (G1 Evacuation Pause) 165M->166M(256M) 37.826ms
[2020-01-29T22:10:18.439+0300][49.879s][info ][gc] GC(1681) Pause Young (Normal) (G1 Evacuation Pause) 205M->206M(256M) 33.941ms
[2020-01-29T22:10:18.473+0300][49.913s][info ][gc] GC(1682) Pause Young (Normal) (G1 Evacuation Pause) 215M->216M(256M) 30.199ms
[2020-01-29T22:10:18.475+0300][49.915s][info ][gc] GC(1676) Pause Cleanup 220M->220M(256M) 0.048ms
[2020-01-29T22:10:18.475+0300][49.915s][info ][gc] GC(1676) Concurrent Cycle 237.965ms
[2020-01-29T22:10:18.504+0300][49.944s][info ][gc] GC(1683) Pause Young (Normal) (G1 Evacuation Pause) 226M->227M(256M) 25.983ms
[2020-01-29T22:10:18.517+0300][49.956s][info ][gc] GC(1684) Pause Young (Concurrent Start) (G1 Evacuation Pause) 237M->238M(256M) 8.273ms
[2020-01-29T22:10:18.517+0300][49.956s][info ][gc] GC(1685) Concurrent Cycle
[2020-01-29T22:10:18.535+0300][49.975s][info ][gc] GC(1686) To-space exhausted
[2020-01-29T22:10:18.536+0300][49.975s][info ][gc] GC(1686) Pause Young (Normal) (G1 Evacuation Pause) 248M->251M(256M) 12.553ms
[2020-01-29T22:10:18.549+0300][49.989s][info ][gc] GC(1687) To-space exhausted
[2020-01-29T22:10:18.549+0300][49.989s][info ][gc] GC(1687) Pause Young (Normal) (G1 Evacuation Pause) 255M->255M(256M) 12.149ms
[2020-01-29T22:10:18.550+0300][49.989s][debug][gc] GC(1688) Clear Next Bitmap 0.069ms
[2020-01-29T22:10:18.592+0300][50.033s][info ][gc] GC(1688) Pause Full (G1 Evacuation Pause) 255M->81M(256M) 43.300ms
[2020-01-29T22:10:18.592+0300][50.033s][info ][gc] GC(1685) Concurrent Cycle 76.395ms
[2020-01-29T22:10:18.636+0300][50.077s][info ][gc] GC(1689) Pause Young (Normal) (G1 Evacuation Pause) 127M->127M(256M) 26.107ms
[2020-01-29T22:10:18.661+0300][50.101s][info ][gc] GC(1690) Pause Young (Concurrent Start) (G1 Humongous Allocation) 137M->138M(256M) 10.406ms
[2020-01-29T22:10:18.661+0300][50.101s][info ][gc] GC(1691) Concurrent Cycle
[2020-01-29T22:10:18.694+0300][50.134s][info ][gc] GC(1692) Pause Young (Normal) (G1 Evacuation Pause) 186M->187M(256M) 20.789ms
[2020-01-29T22:10:18.695+0300][50.135s][debug][gc] GC(1691) Reclaimed 119 empty regions
[2020-01-29T22:10:18.695+0300][50.135s][info ][gc] GC(1691) Pause Remark 188M->71M(256M) 0.673ms
[2020-01-29T22:10:18.711+0300][50.152s][info ][gc] GC(1693) Pause Young (Normal) (G1 Evacuation Pause) 82M->83M(256M) 11.534ms
[2020-01-29T22:10:18.766+0300][50.206s][info ][gc] GC(1694) Pause Young (Normal) (G1 Evacuation Pause) 128M->129M(256M) 36.082ms
[2020-01-29T22:10:18.832+0300][50.272s][info ][gc] GC(1695) Pause Young (Normal) (G1 Evacuation Pause) 180M->181M(256M) 41.225ms
[2020-01-29T22:10:18.833+0300][50.273s][info ][gc] GC(1691) Pause Cleanup 184M->184M(256M) 0.041ms
[2020-01-29T22:10:18.833+0300][50.273s][info ][gc] GC(1691) Concurrent Cycle 171.424ms
[2020-01-29T22:10:18.868+0300][50.308s][info ][gc] GC(1696) Pause Young (Normal) (G1 Evacuation Pause) 196M->197M(256M) 30.179ms
[2020-01-29T22:10:18.881+0300][50.321s][info ][gc] GC(1697) Pause Young (Concurrent Start) (G1 Evacuation Pause) 207M->208M(256M) 8.753ms
[2020-01-29T22:10:18.881+0300][50.321s][info ][gc] GC(1698) Concurrent Cycle
[2020-01-29T22:10:18.896+0300][50.336s][info ][gc] GC(1699) Pause Young (Normal) (G1 Evacuation Pause) 218M->218M(256M) 8.042ms
[2020-01-29T22:10:18.908+0300][50.348s][info ][gc] GC(1700) Pause Young (Normal) (G1 Evacuation Pause) 228M->229M(256M) 8.173ms
[2020-01-29T22:10:18.921+0300][50.361s][info ][gc] GC(1701) Pause Young (Normal) (G1 Evacuation Pause) 239M->240M(256M) 8.374ms
[2020-01-29T22:10:18.939+0300][50.380s][info ][gc] GC(1702) To-space exhausted
[2020-01-29T22:10:18.939+0300][50.380s][info ][gc] GC(1702) Pause Young (Normal) (G1 Evacuation Pause) 250M->254M(256M) 14.905ms
[2020-01-29T22:10:18.946+0300][50.387s][info ][gc] GC(1703) To-space exhausted
[2020-01-29T22:10:18.946+0300][50.387s][info ][gc] GC(1703) Pause Young (Normal) (G1 Evacuation Pause) 255M->255M(256M) 6.692ms
[2020-01-29T22:10:18.946+0300][50.387s][debug][gc] GC(1704) Clear Next Bitmap 0.067ms
[2020-01-29T22:10:18.997+0300][50.437s][info ][gc] GC(1704) Pause Full (G1 Evacuation Pause) 255M->88M(256M) 50.407ms
[2020-01-29T22:10:18.998+0300][50.438s][info ][gc] GC(1698) Concurrent Cycle 116.959ms
[2020-01-29T22:10:19.039+0300][50.479s][info ][gc] GC(1705) Pause Young (Normal) (G1 Evacuation Pause) 132M->132M(256M) 24.593ms
[2020-01-29T22:10:19.059+0300][50.499s][info ][gc] GC(1706) Pause Young (Concurrent Start) (G1 Humongous Allocation) 137M->137M(256M) 7.499ms
[2020-01-29T22:10:19.059+0300][50.499s][info ][gc] GC(1707) Concurrent Cycle
[2020-01-29T22:10:19.069+0300][50.509s][debug][gc] GC(1707) Reclaimed 125 empty regions
[2020-01-29T22:10:19.069+0300][50.509s][info ][gc] GC(1707) Pause Remark 175M->52M(256M) 0.765ms
[2020-01-29T22:10:19.094+0300][50.534s][info ][gc] GC(1708) Pause Young (Normal) (G1 Evacuation Pause) 62M->58M(256M) 20.548ms
[2020-01-29T22:10:19.108+0300][50.548s][info ][gc] GC(1707) Pause Cleanup 94M->94M(256M) 0.034ms
[2020-01-29T22:10:19.108+0300][50.548s][info ][gc] GC(1707) Concurrent Cycle 49.486ms
[2020-01-29T22:10:19.157+0300][50.597s][info ][gc] GC(1709) Pause Young (Normal) (G1 Evacuation Pause) 112M->112M(256M) 41.565ms
[2020-01-29T22:10:19.204+0300][50.644s][info ][gc] GC(1710) Pause Young (Concurrent Start) (G1 Humongous Allocation) 146M->146M(256M) 23.089ms
[2020-01-29T22:10:19.204+0300][50.644s][info ][gc] GC(1711) Concurrent Cycle
[2020-01-29T22:10:19.246+0300][50.686s][info ][gc] GC(1712) Pause Young (Normal) (G1 Evacuation Pause) 191M->192M(256M) 20.322ms
[2020-01-29T22:10:19.250+0300][50.690s][debug][gc] GC(1711) Reclaimed 94 empty regions
[2020-01-29T22:10:19.250+0300][50.690s][info ][gc] GC(1711) Pause Remark 202M->108M(256M) 0.596ms
[2020-01-29T22:10:19.261+0300][50.700s][info ][gc] GC(1713) Pause Young (Normal) (G1 Evacuation Pause) 109M->110M(256M) 9.587ms
[2020-01-29T22:10:19.303+0300][50.743s][info ][gc] GC(1714) Pause Young (Normal) (G1 Evacuation Pause) 147M->148M(256M) 27.497ms
[2020-01-29T22:10:19.345+0300][50.786s][info ][gc] GC(1715) Pause Young (Normal) (G1 Evacuation Pause) 173M->175M(256M) 32.642ms
[2020-01-29T22:10:19.383+0300][50.823s][info ][gc] GC(1716) Pause Young (Normal) (G1 Evacuation Pause) 191M->192M(256M) 30.710ms
[2020-01-29T22:10:19.427+0300][50.867s][info ][gc] GC(1717) Pause Young (Normal) (G1 Evacuation Pause) 223M->224M(256M) 27.589ms
[2020-01-29T22:10:19.456+0300][50.896s][info ][gc] GC(1718) Pause Young (Normal) (G1 Evacuation Pause) 234M->235M(256M) 24.934ms
[2020-01-29T22:10:19.489+0300][50.929s][info ][gc] GC(1719) To-space exhausted
[2020-01-29T22:10:19.489+0300][50.929s][info ][gc] GC(1719) Pause Young (Normal) (G1 Evacuation Pause) 245M->247M(256M) 28.004ms
[2020-01-29T22:10:19.528+0300][50.968s][info ][gc] GC(1720) To-space exhausted
[2020-01-29T22:10:19.528+0300][50.968s][info ][gc] GC(1720) Pause Young (Normal) (G1 Evacuation Pause) 255M->255M(256M) 35.467ms
[2020-01-29T22:10:19.529+0300][50.969s][debug][gc] GC(1721) Clear Next Bitmap 0.064ms
[2020-01-29T22:10:19.560+0300][51.000s][info ][gc] GC(1721) Pause Full (G1 Evacuation Pause) 255M->60M(256M) 31.110ms
[2020-01-29T22:10:19.560+0300][51.000s][info ][gc] GC(1711) Concurrent Cycle 356.196ms
[2020-01-29T22:10:19.610+0300][51.051s][info ][gc] GC(1722) Pause Young (Normal) (G1 Evacuation Pause) 113M->113M(256M) 29.983ms
[2020-01-29T22:10:19.647+0300][51.088s][info ][gc] GC(1723) Pause Young (Concurrent Start) (G1 Humongous Allocation) 137M->137M(256M) 17.779ms
[2020-01-29T22:10:19.647+0300][51.088s][info ][gc] GC(1724) Concurrent Cycle
[2020-01-29T22:10:19.685+0300][51.125s][info ][gc] GC(1725) Pause Young (Normal) (G1 Evacuation Pause) 185M->186M(256M) 20.885ms
[2020-01-29T22:10:19.689+0300][51.130s][debug][gc] GC(1724) Reclaimed 102 empty regions
[2020-01-29T22:10:19.689+0300][51.130s][info ][gc] GC(1724) Pause Remark 194M->93M(256M) 0.603ms
[2020-01-29T22:10:19.703+0300][51.144s][info ][gc] GC(1726) Pause Young (Normal) (G1 Evacuation Pause) 98M->99M(256M) 11.456ms
[2020-01-29T22:10:19.750+0300][51.191s][info ][gc] GC(1727) Pause Young (Normal) (G1 Evacuation Pause) 139M->140M(256M) 30.709ms
[2020-01-29T22:10:19.797+0300][51.237s][info ][gc] GC(1728) Pause Young (Normal) (G1 Evacuation Pause) 167M->168M(256M) 35.468ms
[2020-01-29T22:10:19.854+0300][51.293s][info ][gc] GC(1729) Pause Young (Normal) (G1 Evacuation Pause) 207M->208M(256M) 36.997ms
[2020-01-29T22:10:19.888+0300][51.328s][info ][gc] GC(1730) Pause Young (Normal) (G1 Evacuation Pause) 217M->218M(256M) 30.141ms
[2020-01-29T22:10:19.925+0300][51.365s][info ][gc] GC(1731) Pause Young (Normal) (G1 Evacuation Pause) 228M->228M(256M) 29.349ms
[2020-01-29T22:10:19.926+0300][51.366s][info ][gc] GC(1724) Pause Cleanup 230M->230M(256M) 0.045ms
[2020-01-29T22:10:19.926+0300][51.366s][info ][gc] GC(1724) Concurrent Cycle 278.043ms
[2020-01-29T22:10:19.957+0300][51.397s][info ][gc] GC(1732) Pause Young (Normal) (G1 Evacuation Pause) 238M->239M(256M) 27.735ms
[2020-01-29T22:10:19.975+0300][51.415s][info ][gc] GC(1733) To-space exhausted
[2020-01-29T22:10:19.975+0300][51.415s][info ][gc] GC(1733) Pause Young (Concurrent Start) (G1 Evacuation Pause) 249M->251M(256M) 14.668ms
[2020-01-29T22:10:19.975+0300][51.415s][info ][gc] GC(1734) Concurrent Cycle
[2020-01-29T22:10:19.990+0300][51.430s][info ][gc] GC(1735) To-space exhausted
[2020-01-29T22:10:19.990+0300][51.430s][info ][gc] GC(1735) Pause Young (Normal) (G1 Evacuation Pause) 255M->255M(256M) 11.783ms
[2020-01-29T22:10:19.991+0300][51.430s][debug][gc] GC(1736) Clear Next Bitmap 0.084ms
[2020-01-29T22:10:20.030+0300][51.470s][info ][gc] GC(1736) Pause Full (G1 Evacuation Pause) 255M->77M(256M) 39.731ms
[2020-01-29T22:10:20.031+0300][51.470s][info ][gc] GC(1734) Concurrent Cycle 55.082ms
[2020-01-29T22:10:20.076+0300][51.517s][info ][gc] GC(1737) Pause Young (Normal) (G1 Evacuation Pause) 125M->125M(256M) 27.369ms
[2020-01-29T22:10:20.112+0300][51.553s][info ][gc] GC(1738) Pause Young (Concurrent Start) (G1 Humongous Allocation) 137M->138M(256M) 16.570ms
[2020-01-29T22:10:20.112+0300][51.553s][info ][gc] GC(1739) Concurrent Cycle
[2020-01-29T22:10:20.129+0300][51.570s][debug][gc] GC(1739) Reclaimed 117 empty regions
[2020-01-29T22:10:20.129+0300][51.570s][info ][gc] GC(1739) Pause Remark 185M->70M(256M) 0.745ms
[2020-01-29T22:10:20.150+0300][51.591s][info ][gc] GC(1740) Pause Young (Normal) (G1 Evacuation Pause) 70M->66M(256M) 20.444ms
[2020-01-29T22:10:20.212+0300][51.652s][info ][gc] GC(1741) Pause Young (Normal) (G1 Evacuation Pause) 117M->118M(256M) 41.665ms
[2020-01-29T22:10:20.218+0300][51.659s][info ][gc] GC(1739) Pause Cleanup 134M->134M(256M) 0.037ms
[2020-01-29T22:10:20.219+0300][51.659s][info ][gc] GC(1739) Concurrent Cycle 106.134ms
[2020-01-29T22:10:20.266+0300][51.706s][info ][gc] GC(1742) Pause Young (Normal) (G1 Evacuation Pause) 152M->153M(256M) 39.752ms
[2020-01-29T22:10:20.284+0300][51.724s][info ][gc] GC(1743) Pause Young (Concurrent Start) (G1 Humongous Allocation) 155M->156M(256M) 6.072ms
[2020-01-29T22:10:20.284+0300][51.724s][info ][gc] GC(1744) Concurrent Cycle
[2020-01-29T22:10:20.292+0300][51.733s][debug][gc] GC(1744) Reclaimed 141 empty regions
[2020-01-29T22:10:20.293+0300][51.733s][info ][gc] GC(1744) Pause Remark 194M->53M(256M) 0.605ms
[2020-01-29T22:10:20.310+0300][51.750s][info ][gc] GC(1745) Pause Young (Normal) (G1 Evacuation Pause) 57M->56M(256M) 15.361ms
[2020-01-29T22:10:20.326+0300][51.766s][info ][gc] GC(1744) Pause Cleanup 96M->96M(256M) 0.039ms
[2020-01-29T22:10:20.326+0300][51.766s][info ][gc] GC(1744) Concurrent Cycle 42.526ms
[2020-01-29T22:10:20.373+0300][51.813s][info ][gc] GC(1746) Pause Young (Normal) (G1 Evacuation Pause) 110M->111M(256M) 41.379ms
[2020-01-29T22:10:20.416+0300][51.856s][info ][gc] GC(1747) Pause Young (Concurrent Start) (G1 Evacuation Pause) 147M->148M(256M) 26.731ms
[2020-01-29T22:10:20.416+0300][51.856s][info ][gc] GC(1748) Concurrent Cycle
[2020-01-29T22:10:20.459+0300][51.899s][info ][gc] GC(1749) Pause Young (Normal) (G1 Evacuation Pause) 193M->194M(256M) 19.826ms
[2020-01-29T22:10:20.472+0300][51.912s][info ][gc] GC(1750) Pause Young (Normal) (G1 Evacuation Pause) 204M->204M(256M) 8.798ms
[2020-01-29T22:10:20.484+0300][51.925s][info ][gc] GC(1751) Pause Young (Normal) (G1 Evacuation Pause) 214M->215M(256M) 8.062ms
[2020-01-29T22:10:20.497+0300][51.938s][info ][gc] GC(1752) Pause Young (Normal) (G1 Evacuation Pause) 225M->226M(256M) 8.599ms
[2020-01-29T22:10:20.510+0300][51.950s][info ][gc] GC(1753) Pause Young (Normal) (G1 Evacuation Pause) 236M->237M(256M) 8.309ms
[2020-01-29T22:10:20.526+0300][51.967s][info ][gc] GC(1754) To-space exhausted
[2020-01-29T22:10:20.526+0300][51.967s][info ][gc] GC(1754) Pause Young (Normal) (G1 Evacuation Pause) 247M->251M(256M) 12.396ms
[2020-01-29T22:10:20.540+0300][51.981s][info ][gc] GC(1755) To-space exhausted
[2020-01-29T22:10:20.540+0300][51.981s][info ][gc] GC(1755) Pause Young (Normal) (G1 Evacuation Pause) 255M->255M(256M) 11.953ms
[2020-01-29T22:10:20.540+0300][51.981s][debug][gc] GC(1756) Clear Next Bitmap 0.064ms
[2020-01-29T22:10:20.597+0300][52.038s][info ][gc] GC(1756) Pause Full (G1 Evacuation Pause) 255M->97M(256M) 56.979ms
[2020-01-29T22:10:20.598+0300][52.038s][info ][gc] GC(1748) Concurrent Cycle 181.911ms
[2020-01-29T22:10:20.651+0300][52.091s][info ][gc] GC(1757) Pause Young (Concurrent Start) (G1 Humongous Allocation) 136M->136M(256M) 22.037ms
[2020-01-29T22:10:20.651+0300][52.091s][info ][gc] GC(1758) Concurrent Cycle
[2020-01-29T22:10:20.692+0300][52.132s][info ][gc] GC(1759) Pause Young (Normal) (G1 Evacuation Pause) 184M->185M(256M) 21.041ms
[2020-01-29T22:10:20.697+0300][52.137s][debug][gc] GC(1758) Reclaimed 96 empty regions
[2020-01-29T22:10:20.697+0300][52.137s][info ][gc] GC(1758) Pause Remark 194M->101M(256M) 0.598ms
[2020-01-29T22:10:20.710+0300][52.150s][info ][gc] GC(1760) Pause Young (Normal) (G1 Evacuation Pause) 104M->105M(256M) 11.562ms
[2020-01-29T22:10:20.754+0300][52.193s][info ][gc] GC(1761) Pause Young (Normal) (G1 Evacuation Pause) 143M->143M(256M) 28.233ms
[2020-01-29T22:10:20.798+0300][52.238s][info ][gc] GC(1762) Pause Young (Normal) (G1 Evacuation Pause) 169M->170M(256M) 33.518ms
[2020-01-29T22:10:20.847+0300][52.287s][info ][gc] GC(1763) Pause Young (Normal) (G1 Evacuation Pause) 208M->209M(256M) 30.688ms
[2020-01-29T22:10:20.875+0300][52.316s][info ][gc] GC(1764) Pause Young (Normal) (G1 Evacuation Pause) 218M->219M(256M) 24.754ms
[2020-01-29T22:10:20.905+0300][52.346s][info ][gc] GC(1765) Pause Young (Normal) (G1 Evacuation Pause) 229M->229M(256M) 25.815ms
[2020-01-29T22:10:20.937+0300][52.378s][info ][gc] GC(1766) Pause Young (Normal) (G1 Evacuation Pause) 239M->240M(256M) 27.196ms
[2020-01-29T22:10:20.976+0300][52.416s][info ][gc] GC(1767) To-space exhausted
[2020-01-29T22:10:20.976+0300][52.417s][info ][gc] GC(1767) Pause Young (Normal) (G1 Evacuation Pause) 250M->253M(256M) 34.359ms
[2020-01-29T22:10:21.006+0300][52.446s][info ][gc] GC(1768) To-space exhausted
[2020-01-29T22:10:21.006+0300][52.446s][info ][gc] GC(1768) Pause Young (Normal) (G1 Evacuation Pause) 255M->255M(256M) 28.806ms
[2020-01-29T22:10:21.006+0300][52.447s][debug][gc] GC(1769) Clear Next Bitmap 0.067ms
[2020-01-29T22:10:21.043+0300][52.483s][info ][gc] GC(1769) Pause Full (G1 Evacuation Pause) 255M->71M(256M) 36.747ms
[2020-01-29T22:10:21.044+0300][52.484s][info ][gc] GC(1758) Concurrent Cycle 392.759ms
[2020-01-29T22:10:21.092+0300][52.532s][info ][gc] GC(1770) Pause Young (Normal) (G1 Evacuation Pause) 121M->120M(256M) 28.674ms
[2020-01-29T22:10:21.124+0300][52.564s][info ][gc] GC(1771) Pause Young (Concurrent Start) (G1 Humongous Allocation) 137M->138M(256M) 15.404ms
[2020-01-29T22:10:21.124+0300][52.564s][info ][gc] GC(1772) Concurrent Cycle
[2020-01-29T22:10:21.156+0300][52.596s][info ][gc] GC(1773) Pause Young (Normal) (G1 Evacuation Pause) 185M->186M(256M) 19.839ms
[2020-01-29T22:10:21.161+0300][52.601s][debug][gc] GC(1772) Reclaimed 109 empty regions
[2020-01-29T22:10:21.161+0300][52.601s][info ][gc] GC(1772) Pause Remark 196M->89M(256M) 0.744ms
[2020-01-29T22:10:21.177+0300][52.617s][info ][gc] GC(1774) Pause Young (Normal) (G1 Evacuation Pause) 91M->92M(256M) 14.802ms
[2020-01-29T22:10:21.224+0300][52.664s][info ][gc] GC(1775) Pause Young (Normal) (G1 Evacuation Pause) 134M->135M(256M) 30.549ms
[2020-01-29T22:10:21.275+0300][52.715s][info ][gc] GC(1776) Pause Young (Normal) (G1 Evacuation Pause) 164M->164M(256M) 37.683ms
[2020-01-29T22:10:21.327+0300][52.767s][info ][gc] GC(1777) Pause Young (Normal) (G1 Evacuation Pause) 204M->206M(256M) 33.067ms
[2020-01-29T22:10:21.358+0300][52.798s][info ][gc] GC(1778) Pause Young (Normal) (G1 Evacuation Pause) 214M->215M(256M) 27.672ms
[2020-01-29T22:10:21.361+0300][52.801s][info ][gc] GC(1772) Pause Cleanup 220M->220M(256M) 0.053ms
[2020-01-29T22:10:21.361+0300][52.801s][info ][gc] GC(1772) Concurrent Cycle 237.225ms
[2020-01-29T22:10:21.387+0300][52.828s][info ][gc] GC(1779) Pause Young (Normal) (G1 Evacuation Pause) 225M->226M(256M) 24.672ms
[2020-01-29T22:10:21.399+0300][52.840s][info ][gc] GC(1780) Pause Young (Concurrent Start) (G1 Evacuation Pause) 236M->236M(256M) 8.369ms
[2020-01-29T22:10:21.400+0300][52.840s][info ][gc] GC(1781) Concurrent Cycle
[2020-01-29T22:10:21.417+0300][52.857s][info ][gc] GC(1782) To-space exhausted
[2020-01-29T22:10:21.417+0300][52.857s][info ][gc] GC(1782) Pause Young (Normal) (G1 Evacuation Pause) 246M->248M(256M) 10.609ms
[2020-01-29T22:10:21.435+0300][52.875s][info ][gc] GC(1783) To-space exhausted
[2020-01-29T22:10:21.435+0300][52.876s][info ][gc] GC(1783) Pause Young (Normal) (G1 Evacuation Pause) 255M->255M(256M) 15.443ms
[2020-01-29T22:10:21.435+0300][52.876s][debug][gc] GC(1784) Clear Next Bitmap 0.080ms
[2020-01-29T22:10:21.481+0300][52.921s][info ][gc] GC(1784) Pause Full (G1 Evacuation Pause) 255M->82M(256M) 45.144ms
[2020-01-29T22:10:21.481+0300][52.921s][info ][gc] GC(1781) Concurrent Cycle 80.898ms
[2020-01-29T22:10:21.525+0300][52.965s][info ][gc] GC(1785) Pause Young (Normal) (G1 Evacuation Pause) 128M->129M(256M) 25.955ms
[2020-01-29T22:10:21.547+0300][52.987s][info ][gc] GC(1786) Pause Young (Concurrent Start) (G1 Humongous Allocation) 137M->137M(256M) 8.723ms
[2020-01-29T22:10:21.547+0300][52.987s][info ][gc] GC(1787) Concurrent Cycle
[2020-01-29T22:10:21.559+0300][52.999s][debug][gc] GC(1787) Reclaimed 120 empty regions
[2020-01-29T22:10:21.559+0300][52.999s][info ][gc] GC(1787) Pause Remark 183M->65M(256M) 0.599ms
[2020-01-29T22:10:21.577+0300][53.018s][info ][gc] GC(1788) Pause Young (Normal) (G1 Evacuation Pause) 67M->64M(256M) 17.744ms
[2020-01-29T22:10:21.640+0300][53.081s][info ][gc] GC(1789) Pause Young (Normal) (G1 Evacuation Pause) 116M->116M(256M) 42.828ms
[2020-01-29T22:10:21.642+0300][53.082s][info ][gc] GC(1787) Pause Cleanup 120M->120M(256M) 0.042ms
[2020-01-29T22:10:21.642+0300][53.083s][info ][gc] GC(1787) Concurrent Cycle 95.440ms
[2020-01-29T22:10:21.707+0300][53.147s][info ][gc] GC(1790) Pause Young (Concurrent Start) (G1 Humongous Allocation) 151M->152M(256M) 41.101ms
[2020-01-29T22:10:21.707+0300][53.147s][info ][gc] GC(1791) Concurrent Cycle
[2020-01-29T22:10:21.748+0300][53.188s][info ][gc] GC(1792) Pause Young (Normal) (G1 Evacuation Pause) 196M->197M(256M) 18.418ms
[2020-01-29T22:10:21.752+0300][53.192s][debug][gc] GC(1791) Reclaimed 104 empty regions
[2020-01-29T22:10:21.752+0300][53.192s][info ][gc] GC(1791) Pause Remark 206M->102M(256M) 0.616ms
[2020-01-29T22:10:21.762+0300][53.202s][info ][gc] GC(1793) Pause Young (Normal) (G1 Evacuation Pause) 103M->104M(256M) 9.391ms
[2020-01-29T22:10:21.804+0300][53.244s][info ][gc] GC(1794) Pause Young (Normal) (G1 Evacuation Pause) 143M->144M(256M) 26.771ms
[2020-01-29T22:10:21.848+0300][53.288s][info ][gc] GC(1795) Pause Young (Normal) (G1 Evacuation Pause) 170M->172M(256M) 32.556ms
[2020-01-29T22:10:21.898+0300][53.338s][info ][gc] GC(1796) Pause Young (Normal) (G1 Evacuation Pause) 209M->209M(256M) 32.130ms
[2020-01-29T22:10:21.929+0300][53.368s][info ][gc] GC(1797) Pause Young (Normal) (G1 Evacuation Pause) 218M->219M(256M) 26.416ms
[2020-01-29T22:10:21.959+0300][53.400s][info ][gc] GC(1798) Pause Young (Normal) (G1 Evacuation Pause) 229M->230M(256M) 27.358ms
[2020-01-29T22:10:21.992+0300][53.433s][info ][gc] GC(1799) Pause Young (Normal) (G1 Evacuation Pause) 240M->241M(256M) 28.895ms
[2020-01-29T22:10:22.033+0300][53.473s][info ][gc] GC(1800) To-space exhausted
[2020-01-29T22:10:22.033+0300][53.473s][info ][gc] GC(1800) Pause Young (Normal) (G1 Evacuation Pause) 251M->255M(256M) 36.264ms
[2020-01-29T22:10:22.033+0300][53.474s][debug][gc] GC(1801) Clear Next Bitmap 0.061ms
[2020-01-29T22:10:22.064+0300][53.504s][info ][gc] GC(1801) Pause Full (G1 Evacuation Pause) 255M->62M(256M) 30.490ms
[2020-01-29T22:10:22.064+0300][53.504s][info ][gc] GC(1791) Concurrent Cycle 357.208ms
[2020-01-29T22:10:22.113+0300][53.553s][info ][gc] GC(1802) Pause Young (Normal) (G1 Evacuation Pause) 114M->113M(256M) 28.096ms
[2020-01-29T22:10:22.151+0300][53.591s][info ][gc] GC(1803) Pause Young (Concurrent Start) (G1 Humongous Allocation) 137M->138M(256M) 18.116ms
[2020-01-29T22:10:22.151+0300][53.591s][info ][gc] GC(1804) Concurrent Cycle
[2020-01-29T22:10:22.188+0300][53.628s][info ][gc] GC(1805) Pause Young (Normal) (G1 Evacuation Pause) 186M->187M(256M) 20.726ms
[2020-01-29T22:10:22.192+0300][53.633s][debug][gc] GC(1804) Reclaimed 102 empty regions
[2020-01-29T22:10:22.193+0300][53.633s][info ][gc] GC(1804) Pause Remark 197M->96M(256M) 0.733ms
[2020-01-29T22:10:22.208+0300][53.648s][info ][gc] GC(1806) Pause Young (Normal) (G1 Evacuation Pause) 98M->99M(256M) 13.964ms
[2020-01-29T22:10:22.260+0300][53.700s][info ][gc] GC(1807) Pause Young (Normal) (G1 Evacuation Pause) 139M->139M(256M) 36.045ms
[2020-01-29T22:10:22.308+0300][53.748s][info ][gc] GC(1808) Pause Young (Normal) (G1 Evacuation Pause) 167M->168M(256M) 35.537ms
[2020-01-29T22:10:22.357+0300][53.798s][info ][gc] GC(1809) Pause Young (Normal) (G1 Evacuation Pause) 207M->208M(256M) 31.287ms
[2020-01-29T22:10:22.389+0300][53.829s][info ][gc] GC(1810) Pause Young (Normal) (G1 Evacuation Pause) 217M->218M(256M) 26.235ms
[2020-01-29T22:10:22.419+0300][53.859s][info ][gc] GC(1811) Pause Young (Normal) (G1 Evacuation Pause) 228M->229M(256M) 26.512ms
[2020-01-29T22:10:22.451+0300][53.891s][info ][gc] GC(1812) Pause Young (Normal) (G1 Evacuation Pause) 239M->239M(256M) 27.916ms
[2020-01-29T22:10:22.452+0300][53.892s][info ][gc] GC(1804) Pause Cleanup 241M->241M(256M) 0.046ms
[2020-01-29T22:10:22.453+0300][53.892s][info ][gc] GC(1804) Concurrent Cycle 301.429ms
[2020-01-29T22:10:22.487+0300][53.927s][info ][gc] GC(1813) To-space exhausted
[2020-01-29T22:10:22.487+0300][53.927s][info ][gc] GC(1813) Pause Young (Normal) (G1 Evacuation Pause) 249M->252M(256M) 31.251ms
[2020-01-29T22:10:22.501+0300][53.940s][info ][gc] GC(1814) To-space exhausted
[2020-01-29T22:10:22.501+0300][53.941s][info ][gc] GC(1814) Pause Young (Concurrent Start) (G1 Evacuation Pause) 255M->255M(256M) 12.585ms
[2020-01-29T22:10:22.501+0300][53.941s][info ][gc] GC(1816) Concurrent Cycle
[2020-01-29T22:10:22.501+0300][53.941s][debug][gc] GC(1815) Clear Next Bitmap 0.084ms
[2020-01-29T22:10:22.544+0300][53.984s][info ][gc] GC(1815) Pause Full (G1 Evacuation Pause) 255M->77M(256M) 43.741ms
[2020-01-29T22:10:22.544+0300][53.985s][info ][gc] GC(1816) Concurrent Cycle 44.095ms
[2020-01-29T22:10:22.594+0300][54.034s][info ][gc] GC(1817) Pause Young (Normal) (G1 Evacuation Pause) 129M->128M(256M) 29.165ms
[2020-01-29T22:10:22.617+0300][54.057s][info ][gc] GC(1818) Pause Young (Concurrent Start) (G1 Humongous Allocation) 136M->137M(256M) 9.250ms
[2020-01-29T22:10:22.617+0300][54.057s][info ][gc] GC(1819) Concurrent Cycle
[2020-01-29T22:10:22.629+0300][54.070s][debug][gc] GC(1819) Reclaimed 117 empty regions
[2020-01-29T22:10:22.629+0300][54.070s][info ][gc] GC(1819) Pause Remark 185M->69M(256M) 0.606ms
[2020-01-29T22:10:22.648+0300][54.088s][info ][gc] GC(1820) Pause Young (Normal) (G1 Evacuation Pause) 69M->65M(256M) 17.823ms
[2020-01-29T22:10:22.709+0300][54.150s][info ][gc] GC(1821) Pause Young (Normal) (G1 Evacuation Pause) 116M->117M(256M) 41.595ms
[2020-01-29T22:10:22.713+0300][54.153s][info ][gc] GC(1819) Pause Cleanup 127M->127M(256M) 0.037ms
[2020-01-29T22:10:22.714+0300][54.154s][info ][gc] GC(1819) Concurrent Cycle 96.405ms
[2020-01-29T22:10:22.765+0300][54.205s][info ][gc] GC(1822) Pause Young (Normal) (G1 Evacuation Pause) 152M->153M(256M) 41.265ms
[2020-01-29T22:10:22.781+0300][54.221s][info ][gc] GC(1823) Pause Young (Concurrent Start) (G1 Humongous Allocation) 154M->157M(256M) 5.211ms
[2020-01-29T22:10:22.781+0300][54.221s][info ][gc] GC(1824) Concurrent Cycle
[2020-01-29T22:10:22.789+0300][54.229s][debug][gc] GC(1824) Reclaimed 143 empty regions
[2020-01-29T22:10:22.789+0300][54.229s][info ][gc] GC(1824) Pause Remark 193M->50M(256M) 0.610ms
[2020-01-29T22:10:22.806+0300][54.246s][info ][gc] GC(1825) Pause Young (Normal) (G1 Evacuation Pause) 56M->55M(256M) 14.771ms
[2020-01-29T22:10:22.822+0300][54.262s][info ][gc] GC(1824) Pause Cleanup 96M->96M(256M) 0.036ms
[2020-01-29T22:10:22.822+0300][54.262s][info ][gc] GC(1824) Concurrent Cycle 41.315ms
[2020-01-29T22:10:22.866+0300][54.306s][info ][gc] GC(1826) Pause Young (Normal) (G1 Evacuation Pause) 109M->110M(256M) 38.430ms
[2020-01-29T22:10:22.904+0300][54.345s][info ][gc] GC(1827) Pause Young (Concurrent Start) (G1 Evacuation Pause) 147M->147M(256M) 24.869ms
[2020-01-29T22:10:22.904+0300][54.345s][info ][gc] GC(1828) Concurrent Cycle
[2020-01-29T22:10:22.947+0300][54.388s][info ][gc] GC(1829) Pause Young (Normal) (G1 Evacuation Pause) 192M->194M(256M) 18.887ms
[2020-01-29T22:10:22.961+0300][54.401s][info ][gc] GC(1830) Pause Young (Normal) (G1 Evacuation Pause) 204M->205M(256M) 9.239ms
[2020-01-29T22:10:22.973+0300][54.413s][info ][gc] GC(1831) Pause Young (Normal) (G1 Evacuation Pause) 215M->216M(256M) 8.184ms
[2020-01-29T22:10:22.986+0300][54.425s][info ][gc] GC(1832) Pause Young (Normal) (G1 Evacuation Pause) 226M->227M(256M) 8.008ms
[2020-01-29T22:10:22.998+0300][54.438s][info ][gc] GC(1833) Pause Young (Normal) (G1 Evacuation Pause) 237M->237M(256M) 8.024ms
[2020-01-29T22:10:23.014+0300][54.453s][info ][gc] GC(1834) To-space exhausted
[2020-01-29T22:10:23.014+0300][54.453s][info ][gc] GC(1834) Pause Young (Normal) (G1 Evacuation Pause) 247M->249M(256M) 11.724ms
[2020-01-29T22:10:23.029+0300][54.469s][info ][gc] GC(1835) To-space exhausted
[2020-01-29T22:10:23.029+0300][54.469s][info ][gc] GC(1835) Pause Young (Normal) (G1 Evacuation Pause) 255M->255M(256M) 13.325ms
[2020-01-29T22:10:23.030+0300][54.469s][debug][gc] GC(1836) Clear Next Bitmap 0.072ms
[2020-01-29T22:10:23.088+0300][54.528s][info ][gc] GC(1836) Pause Full (G1 Evacuation Pause) 255M->100M(256M) 59.175ms
[2020-01-29T22:10:23.089+0300][54.529s][info ][gc] GC(1828) Concurrent Cycle 183.666ms
[2020-01-29T22:10:23.134+0300][54.574s][info ][gc] GC(1837) Pause Young (Concurrent Start) (G1 Humongous Allocation) 137M->136M(256M) 20.742ms
[2020-01-29T22:10:23.134+0300][54.574s][info ][gc] GC(1838) Concurrent Cycle
[2020-01-29T22:10:23.174+0300][54.614s][info ][gc] GC(1839) Pause Young (Normal) (G1 Evacuation Pause) 184M->185M(256M) 20.135ms
[2020-01-29T22:10:23.178+0300][54.618s][debug][gc] GC(1838) Reclaimed 99 empty regions
[2020-01-29T22:10:23.178+0300][54.618s][info ][gc] GC(1838) Pause Remark 195M->98M(256M) 0.609ms
[2020-01-29T22:10:23.191+0300][54.631s][info ][gc] GC(1840) Pause Young (Normal) (G1 Evacuation Pause) 101M->102M(256M) 11.407ms
[2020-01-29T22:10:23.237+0300][54.677s][info ][gc] GC(1841) Pause Young (Normal) (G1 Evacuation Pause) 142M->143M(256M) 29.895ms
[2020-01-29T22:10:23.281+0300][54.721s][info ][gc] GC(1842) Pause Young (Normal) (G1 Evacuation Pause) 169M->170M(256M) 33.660ms
[2020-01-29T22:10:23.333+0300][54.773s][info ][gc] GC(1843) Pause Young (Normal) (G1 Evacuation Pause) 208M->209M(256M) 30.758ms
[2020-01-29T22:10:23.362+0300][54.802s][info ][gc] GC(1844) Pause Young (Normal) (G1 Evacuation Pause) 218M->219M(256M) 24.989ms
[2020-01-29T22:10:23.393+0300][54.832s][info ][gc] GC(1845) Pause Young (Normal) (G1 Evacuation Pause) 229M->230M(256M) 26.126ms
[2020-01-29T22:10:23.425+0300][54.865s][info ][gc] GC(1846) Pause Young (Normal) (G1 Evacuation Pause) 240M->242M(256M) 27.779ms
[2020-01-29T22:10:23.426+0300][54.865s][info ][gc] GC(1838) Pause Cleanup 243M->243M(256M) 0.044ms
[2020-01-29T22:10:23.426+0300][54.866s][info ][gc] GC(1838) Concurrent Cycle 291.272ms
[2020-01-29T22:10:23.461+0300][54.902s][info ][gc] GC(1847) To-space exhausted
[2020-01-29T22:10:23.461+0300][54.902s][info ][gc] GC(1847) Pause Young (Normal) (G1 Evacuation Pause) 252M->255M(256M) 33.004ms
[2020-01-29T22:10:23.500+0300][54.940s][info ][gc] GC(1848) Pause Full (G1 Evacuation Pause) 255M->71M(256M) 38.009ms
[2020-01-29T22:10:23.547+0300][54.988s][info ][gc] GC(1849) Pause Young (Concurrent Start) (G1 Evacuation Pause) 121M->121M(256M) 27.562ms
[2020-01-29T22:10:23.547+0300][54.988s][info ][gc] GC(1850) Concurrent Cycle
[2020-01-29T22:10:23.598+0300][55.038s][info ][gc] GC(1851) Pause Young (Normal) (G1 Evacuation Pause) 174M->175M(256M) 23.714ms
[2020-01-29T22:10:23.617+0300][55.057s][info ][gc] GC(1852) Pause Young (Normal) (G1 Evacuation Pause) 191M->192M(256M) 12.786ms
[2020-01-29T22:10:23.630+0300][55.070s][info ][gc] GC(1853) Pause Young (Normal) (G1 Evacuation Pause) 202M->203M(256M) 8.744ms
[2020-01-29T22:10:23.642+0300][55.082s][info ][gc] GC(1854) Pause Young (Normal) (G1 Evacuation Pause) 213M->214M(256M) 8.231ms
[2020-01-29T22:10:23.655+0300][55.095s][info ][gc] GC(1855) Pause Young (Normal) (G1 Evacuation Pause) 224M->225M(256M) 8.208ms
[2020-01-29T22:10:23.667+0300][55.107s][info ][gc] GC(1856) Pause Young (Normal) (G1 Evacuation Pause) 235M->236M(256M) 8.270ms
[2020-01-29T22:10:23.683+0300][55.123s][info ][gc] GC(1857) To-space exhausted
[2020-01-29T22:10:23.683+0300][55.123s][info ][gc] GC(1857) Pause Young (Normal) (G1 Evacuation Pause) 246M->249M(256M) 12.261ms
[2020-01-29T22:10:23.698+0300][55.138s][info ][gc] GC(1858) To-space exhausted
[2020-01-29T22:10:23.698+0300][55.138s][info ][gc] GC(1858) Pause Young (Normal) (G1 Evacuation Pause) 254M->254M(256M) 12.524ms
[2020-01-29T22:10:23.698+0300][55.138s][debug][gc] GC(1859) Clear Next Bitmap 0.090ms
[2020-01-29T22:10:23.763+0300][55.202s][info ][gc] GC(1859) Pause Full (G1 Evacuation Pause) 254M->109M(256M) 64.257ms
[2020-01-29T22:10:23.763+0300][55.203s][info ][gc] GC(1850) Concurrent Cycle 214.952ms
[2020-01-29T22:10:23.799+0300][55.238s][info ][gc] GC(1860) Pause Young (Concurrent Start) (G1 Humongous Allocation) 136M->136M(256M) 14.999ms
[2020-01-29T22:10:23.799+0300][55.238s][info ][gc] GC(1861) Concurrent Cycle
[2020-01-29T22:10:23.832+0300][55.272s][info ][gc] GC(1862) Pause Young (Normal) (G1 Evacuation Pause) 184M->185M(256M) 19.751ms
[2020-01-29T22:10:23.836+0300][55.277s][debug][gc] GC(1861) Reclaimed 109 empty regions
[2020-01-29T22:10:23.836+0300][55.277s][info ][gc] GC(1861) Pause Remark 194M->88M(256M) 0.668ms
[2020-01-29T22:10:23.847+0300][55.288s][info ][gc] GC(1863) Pause Young (Normal) (G1 Evacuation Pause) 91M->91M(256M) 9.665ms
[2020-01-29T22:10:23.897+0300][55.338s][info ][gc] GC(1864) Pause Young (Normal) (G1 Evacuation Pause) 136M->138M(256M) 32.238ms
[2020-01-29T22:10:23.946+0300][55.386s][info ][gc] GC(1865) Pause Young (Normal) (G1 Evacuation Pause) 166M->167M(256M) 37.255ms
[2020-01-29T22:10:24.001+0300][55.440s][info ][gc] GC(1866) Pause Young (Normal) (G1 Evacuation Pause) 206M->207M(256M) 34.809ms
[2020-01-29T22:10:24.033+0300][55.473s][info ][gc] GC(1867) Pause Young (Normal) (G1 Evacuation Pause) 216M->216M(256M) 29.236ms
[2020-01-29T22:10:24.034+0300][55.474s][info ][gc] GC(1861) Pause Cleanup 218M->218M(256M) 0.049ms
[2020-01-29T22:10:24.034+0300][55.475s][info ][gc] GC(1861) Concurrent Cycle 236.323ms
[2020-01-29T22:10:24.065+0300][55.505s][info ][gc] GC(1868) Pause Young (Normal) (G1 Evacuation Pause) 226M->227M(256M) 27.201ms
[2020-01-29T22:10:24.077+0300][55.517s][info ][gc] GC(1869) Pause Young (Concurrent Start) (G1 Evacuation Pause) 237M->238M(256M) 8.230ms
[2020-01-29T22:10:24.077+0300][55.518s][info ][gc] GC(1870) Concurrent Cycle
[2020-01-29T22:10:24.096+0300][55.536s][info ][gc] GC(1871) To-space exhausted
[2020-01-29T22:10:24.096+0300][55.536s][info ][gc] GC(1871) Pause Young (Normal) (G1 Evacuation Pause) 248M->255M(256M) 12.453ms
[2020-01-29T22:10:24.096+0300][55.536s][debug][gc] GC(1872) Clear Next Bitmap 0.064ms
[2020-01-29T22:10:24.137+0300][55.577s][info ][gc] GC(1872) Pause Full (G1 Evacuation Pause) 255M->77M(256M) 40.780ms
[2020-01-29T22:10:24.138+0300][55.578s][info ][gc] GC(1870) Concurrent Cycle 60.114ms
[2020-01-29T22:10:24.182+0300][55.622s][info ][gc] GC(1873) Pause Young (Normal) (G1 Evacuation Pause) 124M->125M(256M) 26.109ms
[2020-01-29T22:10:24.208+0300][55.648s][info ][gc] GC(1874) Pause Young (Concurrent Start) (G1 Humongous Allocation) 138M->138M(256M) 11.587ms
[2020-01-29T22:10:24.208+0300][55.648s][info ][gc] GC(1875) Concurrent Cycle
[2020-01-29T22:10:24.240+0300][55.680s][info ][gc] GC(1876) Pause Young (Normal) (G1 Evacuation Pause) 185M->186M(256M) 19.719ms
[2020-01-29T22:10:24.243+0300][55.683s][debug][gc] GC(1875) Reclaimed 102 empty regions
[2020-01-29T22:10:24.243+0300][55.683s][info ][gc] GC(1875) Pause Remark 192M->90M(256M) 0.623ms
[2020-01-29T22:10:24.255+0300][55.695s][info ][gc] GC(1877) Pause Young (Normal) (G1 Evacuation Pause) 96M->97M(256M) 9.960ms
[2020-01-29T22:10:24.301+0300][55.741s][info ][gc] GC(1878) Pause Young (Normal) (G1 Evacuation Pause) 137M->138M(256M) 29.380ms
[2020-01-29T22:10:24.345+0300][55.785s][info ][gc] GC(1879) Pause Young (Normal) (G1 Evacuation Pause) 165M->166M(256M) 33.542ms
[2020-01-29T22:10:24.398+0300][55.838s][info ][gc] GC(1880) Pause Young (Normal) (G1 Evacuation Pause) 205M->206M(256M) 33.903ms
[2020-01-29T22:10:24.400+0300][55.840s][info ][gc] GC(1875) Pause Cleanup 212M->212M(256M) 0.047ms
[2020-01-29T22:10:24.400+0300][55.841s][info ][gc] GC(1875) Concurrent Cycle 192.282ms
[2020-01-29T22:10:24.429+0300][55.870s][info ][gc] GC(1881) Pause Young (Prepare Mixed) (G1 Evacuation Pause) 215M->216M(256M) 27.774ms
[2020-01-29T22:10:24.539+0300][55.979s][info ][gc] GC(1882) Pause Young (Mixed) (G1 Evacuation Pause) 226M->212M(256M) 105.154ms
[2020-01-29T22:10:24.551+0300][55.991s][info ][gc] GC(1883) Pause Young (Concurrent Start) (G1 Evacuation Pause) 222M->223M(256M) 8.311ms
[2020-01-29T22:10:24.551+0300][55.991s][info ][gc] GC(1884) Concurrent Cycle
[2020-01-29T22:10:24.565+0300][56.006s][info ][gc] GC(1885) Pause Young (Normal) (G1 Evacuation Pause) 233M->233M(256M) 8.152ms
[2020-01-29T22:10:24.579+0300][56.019s][info ][gc] GC(1886) To-space exhausted
[2020-01-29T22:10:24.579+0300][56.019s][info ][gc] GC(1886) Pause Young (Normal) (G1 Evacuation Pause) 243M->244M(256M) 9.022ms
[2020-01-29T22:10:24.600+0300][56.040s][info ][gc] GC(1887) To-space exhausted
[2020-01-29T22:10:24.600+0300][56.040s][info ][gc] GC(1887) Pause Young (Normal) (G1 Evacuation Pause) 254M->255M(256M) 17.229ms
[2020-01-29T22:10:24.600+0300][56.040s][debug][gc] GC(1888) Clear Next Bitmap 0.071ms
[2020-01-29T22:10:24.650+0300][56.090s][info ][gc] GC(1888) Pause Full (G1 Evacuation Pause) 255M->90M(256M) 50.078ms
[2020-01-29T22:10:24.651+0300][56.091s][info ][gc] GC(1884) Concurrent Cycle 99.503ms
[2020-01-29T22:10:24.692+0300][56.132s][info ][gc] GC(1889) Pause Young (Normal) (G1 Evacuation Pause) 133M->134M(256M) 24.278ms
[2020-01-29T22:10:24.708+0300][56.148s][info ][gc] GC(1890) Pause Young (Concurrent Start) (G1 Humongous Allocation) 137M->137M(256M) 5.286ms
[2020-01-29T22:10:24.708+0300][56.148s][info ][gc] GC(1891) Concurrent Cycle
[2020-01-29T22:10:24.717+0300][56.157s][debug][gc] GC(1891) Reclaimed 121 empty regions
[2020-01-29T22:10:24.717+0300][56.157s][info ][gc] GC(1891) Pause Remark 176M->57M(256M) 0.612ms
[2020-01-29T22:10:24.738+0300][56.179s][info ][gc] GC(1892) Pause Young (Normal) (G1 Evacuation Pause) 66M->64M(256M) 17.704ms
[2020-01-29T22:10:24.753+0300][56.193s][info ][gc] GC(1891) Pause Cleanup 102M->102M(256M) 0.044ms
[2020-01-29T22:10:24.753+0300][56.194s][info ][gc] GC(1891) Concurrent Cycle 45.436ms
[2020-01-29T22:10:24.798+0300][56.239s][info ][gc] GC(1893) Pause Young (Normal) (G1 Evacuation Pause) 116M->117M(256M) 39.760ms
[2020-01-29T22:10:24.846+0300][56.287s][info ][gc] GC(1894) Pause Young (Concurrent Start) (G1 Humongous Allocation) 152M->153M(256M) 23.492ms
[2020-01-29T22:10:24.846+0300][56.287s][info ][gc] GC(1895) Concurrent Cycle
[2020-01-29T22:10:24.886+0300][56.327s][info ][gc] GC(1896) Pause Young (Normal) (G1 Evacuation Pause) 196M->197M(256M) 18.027ms
[2020-01-29T22:10:24.891+0300][56.331s][debug][gc] GC(1895) Reclaimed 102 empty regions
[2020-01-29T22:10:24.891+0300][56.331s][info ][gc] GC(1895) Pause Remark 207M->105M(256M) 0.596ms
[2020-01-29T22:10:24.901+0300][56.341s][info ][gc] GC(1897) Pause Young (Normal) (G1 Evacuation Pause) 105M->106M(256M) 9.442ms
[2020-01-29T22:10:24.943+0300][56.383s][info ][gc] GC(1898) Pause Young (Normal) (G1 Evacuation Pause) 144M->144M(256M) 26.785ms
[2020-01-29T22:10:24.985+0300][56.425s][info ][gc] GC(1899) Pause Young (Normal) (G1 Evacuation Pause) 170M->171M(256M) 32.133ms
[2020-01-29T22:10:25.034+0300][56.474s][info ][gc] GC(1900) Pause Young (Normal) (G1 Evacuation Pause) 209M->210M(256M) 31.128ms
[2020-01-29T22:10:25.063+0300][56.503s][info ][gc] GC(1901) Pause Young (Normal) (G1 Evacuation Pause) 219M->220M(256M) 24.298ms
[2020-01-29T22:10:25.093+0300][56.533s][info ][gc] GC(1902) Pause Young (Normal) (G1 Evacuation Pause) 230M->231M(256M) 25.388ms
[2020-01-29T22:10:25.110+0300][56.549s][info ][gc] GC(1895) Pause Cleanup 232M->232M(256M) 0.073ms
[2020-01-29T22:10:25.110+0300][56.550s][info ][gc] GC(1895) Concurrent Cycle 263.003ms
[2020-01-29T22:10:25.139+0300][56.578s][info ][gc] GC(1903) Pause Young (Normal) (G1 Evacuation Pause) 241M->241M(256M) 24.362ms
[2020-01-29T22:10:25.159+0300][56.599s][info ][gc] GC(1904) To-space exhausted
[2020-01-29T22:10:25.159+0300][56.600s][info ][gc] GC(1904) Pause Young (Concurrent Start) (G1 Evacuation Pause) 251M->255M(256M) 17.232ms
[2020-01-29T22:10:25.159+0300][56.600s][info ][gc] GC(1906) Concurrent Cycle
[2020-01-29T22:10:25.160+0300][56.600s][debug][gc] GC(1905) Clear Next Bitmap 0.067ms
[2020-01-29T22:10:25.193+0300][56.634s][info ][gc] GC(1905) Pause Full (G1 Evacuation Pause) 255M->60M(256M) 34.240ms
[2020-01-29T22:10:25.194+0300][56.634s][info ][gc] GC(1906) Concurrent Cycle 34.589ms
[2020-01-29T22:10:25.243+0300][56.683s][info ][gc] GC(1907) Pause Young (Normal) (G1 Evacuation Pause) 112M->112M(256M) 29.029ms
[2020-01-29T22:10:25.281+0300][56.722s][info ][gc] GC(1908) Pause Young (Concurrent Start) (G1 Humongous Allocation) 136M->137M(256M) 17.752ms
[2020-01-29T22:10:25.281+0300][56.722s][info ][gc] GC(1909) Concurrent Cycle
[2020-01-29T22:10:25.319+0300][56.759s][info ][gc] GC(1910) Pause Young (Normal) (G1 Evacuation Pause) 185M->186M(256M) 20.526ms
[2020-01-29T22:10:25.323+0300][56.764s][debug][gc] GC(1909) Reclaimed 102 empty regions
[2020-01-29T22:10:25.323+0300][56.764s][info ][gc] GC(1909) Pause Remark 196M->96M(256M) 0.599ms
[2020-01-29T22:10:25.334+0300][56.775s][info ][gc] GC(1911) Pause Young (Normal) (G1 Evacuation Pause) 98M->100M(256M) 9.959ms
[2020-01-29T22:10:25.380+0300][56.820s][info ][gc] GC(1912) Pause Young (Normal) (G1 Evacuation Pause) 140M->141M(256M) 29.874ms
[2020-01-29T22:10:25.425+0300][56.865s][info ][gc] GC(1913) Pause Young (Normal) (G1 Evacuation Pause) 168M->169M(256M) 33.652ms
[2020-01-29T22:10:25.478+0300][56.918s][info ][gc] GC(1914) Pause Young (Normal) (G1 Evacuation Pause) 207M->208M(256M) 34.650ms
[2020-01-29T22:10:25.515+0300][56.954s][info ][gc] GC(1915) Pause Young (Normal) (G1 Evacuation Pause) 217M->218M(256M) 32.297ms
[2020-01-29T22:10:25.548+0300][56.989s][info ][gc] GC(1916) Pause Young (Normal) (G1 Evacuation Pause) 228M->229M(256M) 30.190ms
[2020-01-29T22:10:25.584+0300][57.025s][info ][gc] GC(1917) Pause Young (Normal) (G1 Evacuation Pause) 239M->240M(256M) 31.321ms
[2020-01-29T22:10:25.585+0300][57.025s][info ][gc] GC(1909) Pause Cleanup 240M->240M(256M) 0.044ms
[2020-01-29T22:10:25.585+0300][57.025s][info ][gc] GC(1909) Concurrent Cycle 303.661ms
[2020-01-29T22:10:25.623+0300][57.063s][info ][gc] GC(1918) To-space exhausted
[2020-01-29T22:10:25.623+0300][57.063s][info ][gc] GC(1918) Pause Young (Normal) (G1 Evacuation Pause) 250M->253M(256M) 33.201ms
[2020-01-29T22:10:25.633+0300][57.073s][info ][gc] GC(1919) To-space exhausted
[2020-01-29T22:10:25.633+0300][57.073s][info ][gc] GC(1919) Pause Young (Concurrent Start) (G1 Evacuation Pause) 255M->255M(256M) 9.166ms
[2020-01-29T22:10:25.633+0300][57.073s][info ][gc] GC(1921) Concurrent Cycle
[2020-01-29T22:10:25.633+0300][57.073s][debug][gc] GC(1920) Clear Next Bitmap 0.095ms
[2020-01-29T22:10:25.673+0300][57.113s][info ][gc] GC(1920) Pause Full (G1 Evacuation Pause) 255M->73M(256M) 40.284ms
[2020-01-29T22:10:25.673+0300][57.114s][info ][gc] GC(1921) Concurrent Cycle 40.626ms
[2020-01-29T22:10:25.723+0300][57.163s][info ][gc] GC(1922) Pause Young (Normal) (G1 Evacuation Pause) 126M->125M(256M) 29.003ms
[2020-01-29T22:10:25.748+0300][57.189s][info ][gc] GC(1923) Pause Young (Concurrent Start) (G1 Humongous Allocation) 136M->138M(256M) 10.822ms
[2020-01-29T22:10:25.748+0300][57.189s][info ][gc] GC(1924) Concurrent Cycle
[2020-01-29T22:10:25.781+0300][57.221s][info ][gc] GC(1925) Pause Young (Normal) (G1 Evacuation Pause) 186M->187M(256M) 19.971ms
[2020-01-29T22:10:25.782+0300][57.222s][debug][gc] GC(1924) Reclaimed 115 empty regions
[2020-01-29T22:10:25.782+0300][57.222s][info ][gc] GC(1924) Pause Remark 189M->76M(256M) 0.606ms
[2020-01-29T22:10:25.796+0300][57.236s][info ][gc] GC(1926) Pause Young (Normal) (G1 Evacuation Pause) 85M->86M(256M) 9.686ms
[2020-01-29T22:10:25.845+0300][57.285s][info ][gc] GC(1927) Pause Young (Normal) (G1 Evacuation Pause) 130M->131M(256M) 31.547ms
[2020-01-29T22:10:25.894+0300][57.334s][info ][gc] GC(1928) Pause Young (Normal) (G1 Evacuation Pause) 161M->161M(256M) 36.533ms
[2020-01-29T22:10:25.908+0300][57.348s][info ][gc] GC(1924) Pause Cleanup 188M->188M(256M) 0.043ms
[2020-01-29T22:10:25.908+0300][57.348s][info ][gc] GC(1924) Concurrent Cycle 159.853ms
[2020-01-29T22:10:25.944+0300][57.385s][info ][gc] GC(1929) Pause Young (Normal) (G1 Evacuation Pause) 202M->203M(256M) 31.005ms
[2020-01-29T22:10:25.955+0300][57.396s][info ][gc] GC(1930) Pause Young (Concurrent Start) (G1 Evacuation Pause) 211M->213M(256M) 7.708ms
[2020-01-29T22:10:25.956+0300][57.396s][info ][gc] GC(1931) Concurrent Cycle
[2020-01-29T22:10:25.970+0300][57.410s][info ][gc] GC(1932) Pause Young (Normal) (G1 Evacuation Pause) 223M->224M(256M) 7.980ms
[2020-01-29T22:10:25.982+0300][57.422s][info ][gc] GC(1933) Pause Young (Normal) (G1 Evacuation Pause) 234M->235M(256M) 7.851ms
[2020-01-29T22:10:25.996+0300][57.436s][info ][gc] GC(1934) To-space exhausted
[2020-01-29T22:10:25.996+0300][57.436s][info ][gc] GC(1934) Pause Young (Normal) (G1 Evacuation Pause) 245M->248M(256M) 9.824ms
[2020-01-29T22:10:26.014+0300][57.454s][info ][gc] GC(1935) To-space exhausted
[2020-01-29T22:10:26.014+0300][57.454s][info ][gc] GC(1935) Pause Young (Normal) (G1 Evacuation Pause) 255M->255M(256M) 14.933ms
[2020-01-29T22:10:26.014+0300][57.454s][debug][gc] GC(1936) Clear Next Bitmap 0.076ms
[2020-01-29T22:10:26.060+0300][57.500s][info ][gc] GC(1936) Pause Full (G1 Evacuation Pause) 255M->86M(256M) 46.305ms
[2020-01-29T22:10:26.060+0300][57.501s][info ][gc] GC(1931) Concurrent Cycle 104.695ms
[2020-01-29T22:10:26.102+0300][57.542s][info ][gc] GC(1937) Pause Young (Normal) (G1 Evacuation Pause) 130M->131M(256M) 24.563ms
[2020-01-29T22:10:26.126+0300][57.566s][info ][gc] GC(1938) Pause Young (Concurrent Start) (G1 Humongous Allocation) 137M->137M(256M) 9.146ms
[2020-01-29T22:10:26.126+0300][57.566s][info ][gc] GC(1939) Concurrent Cycle
[2020-01-29T22:10:26.136+0300][57.576s][debug][gc] GC(1939) Reclaimed 123 empty regions
[2020-01-29T22:10:26.136+0300][57.577s][info ][gc] GC(1939) Pause Remark 180M->59M(256M) 0.603ms
[2020-01-29T22:10:26.157+0300][57.597s][info ][gc] GC(1940) Pause Young (Normal) (G1 Evacuation Pause) 64M->60M(256M) 18.240ms
[2020-01-29T22:10:26.175+0300][57.615s][info ][gc] GC(1939) Pause Cleanup 103M->103M(256M) 0.036ms
[2020-01-29T22:10:26.175+0300][57.615s][info ][gc] GC(1939) Concurrent Cycle 48.845ms
[2020-01-29T22:10:26.220+0300][57.660s][info ][gc] GC(1941) Pause Young (Normal) (G1 Evacuation Pause) 113M->114M(256M) 40.944ms
[2020-01-29T22:10:26.267+0300][57.707s][info ][gc] GC(1942) Pause Young (Concurrent Start) (G1 Humongous Allocation) 148M->149M(256M) 23.500ms
[2020-01-29T22:10:26.267+0300][57.707s][info ][gc] GC(1943) Concurrent Cycle
[2020-01-29T22:10:26.307+0300][57.748s][info ][gc] GC(1944) Pause Young (Normal) (G1 Evacuation Pause) 194M->195M(256M) 18.837ms
[2020-01-29T22:10:26.312+0300][57.752s][debug][gc] GC(1943) Reclaimed 99 empty regions
[2020-01-29T22:10:26.312+0300][57.752s][info ][gc] GC(1943) Pause Remark 205M->106M(256M) 0.594ms
[2020-01-29T22:10:26.322+0300][57.762s][info ][gc] GC(1945) Pause Young (Normal) (G1 Evacuation Pause) 106M->107M(256M) 9.396ms
[2020-01-29T22:10:26.363+0300][57.804s][info ][gc] GC(1946) Pause Young (Normal) (G1 Evacuation Pause) 145M->145M(256M) 26.846ms
[2020-01-29T22:10:26.407+0300][57.847s][info ][gc] GC(1947) Pause Young (Normal) (G1 Evacuation Pause) 171M->172M(256M) 32.237ms
[2020-01-29T22:10:26.456+0300][57.896s][info ][gc] GC(1948) Pause Young (Normal) (G1 Evacuation Pause) 209M->210M(256M) 30.931ms
[2020-01-29T22:10:26.484+0300][57.925s][info ][gc] GC(1949) Pause Young (Normal) (G1 Evacuation Pause) 219M->220M(256M) 24.879ms
[2020-01-29T22:10:26.516+0300][57.956s][info ][gc] GC(1950) Pause Young (Normal) (G1 Evacuation Pause) 230M->231M(256M) 26.610ms
[2020-01-29T22:10:26.548+0300][57.988s][info ][gc] GC(1951) Pause Young (Normal) (G1 Evacuation Pause) 241M->242M(256M) 27.496ms
[2020-01-29T22:10:26.588+0300][58.028s][info ][gc] GC(1952) To-space exhausted
[2020-01-29T22:10:26.588+0300][58.028s][info ][gc] GC(1952) Pause Young (Normal) (G1 Evacuation Pause) 252M->255M(256M) 36.031ms
[2020-01-29T22:10:26.588+0300][58.028s][debug][gc] GC(1953) Clear Next Bitmap 0.065ms
[2020-01-29T22:10:26.620+0300][58.059s][info ][gc] GC(1953) Pause Full (G1 Evacuation Pause) 255M->62M(256M) 31.486ms
[2020-01-29T22:10:26.620+0300][58.060s][info ][gc] GC(1943) Concurrent Cycle 352.729ms
[2020-01-29T22:10:26.668+0300][58.109s][info ][gc] GC(1954) Pause Young (Normal) (G1 Evacuation Pause) 114M->114M(256M) 29.038ms
[2020-01-29T22:10:26.705+0300][58.146s][info ][gc] GC(1955) Pause Young (Concurrent Start) (G1 Humongous Allocation) 137M->137M(256M) 17.828ms
[2020-01-29T22:10:26.705+0300][58.146s][info ][gc] GC(1956) Concurrent Cycle
[2020-01-29T22:10:26.741+0300][58.182s][info ][gc] GC(1957) Pause Young (Normal) (G1 Evacuation Pause) 185M->186M(256M) 20.256ms
[2020-01-29T22:10:26.746+0300][58.186s][debug][gc] GC(1956) Reclaimed 103 empty regions
[2020-01-29T22:10:26.746+0300][58.186s][info ][gc] GC(1956) Pause Remark 195M->93M(256M) 0.594ms
[2020-01-29T22:10:26.759+0300][58.199s][info ][gc] GC(1958) Pause Young (Normal) (G1 Evacuation Pause) 97M->98M(256M) 11.308ms
[2020-01-29T22:10:26.804+0300][58.245s][info ][gc] GC(1959) Pause Young (Normal) (G1 Evacuation Pause) 138M->139M(256M) 29.987ms
[2020-01-29T22:10:26.851+0300][58.292s][info ][gc] GC(1960) Pause Young (Normal) (G1 Evacuation Pause) 167M->168M(256M) 35.785ms
[2020-01-29T22:10:26.907+0300][58.347s][info ][gc] GC(1961) Pause Young (Normal) (G1 Evacuation Pause) 207M->208M(256M) 35.798ms
[2020-01-29T22:10:26.941+0300][58.381s][info ][gc] GC(1962) Pause Young (Normal) (G1 Evacuation Pause) 217M->218M(256M) 29.977ms
[2020-01-29T22:10:26.975+0300][58.415s][info ][gc] GC(1963) Pause Young (Normal) (G1 Evacuation Pause) 228M->229M(256M) 30.011ms
[2020-01-29T22:10:26.977+0300][58.417s][info ][gc] GC(1956) Pause Cleanup 233M->233M(256M) 0.045ms
[2020-01-29T22:10:26.977+0300][58.417s][info ][gc] GC(1956) Concurrent Cycle 270.823ms
[2020-01-29T22:10:27.008+0300][58.447s][info ][gc] GC(1964) Pause Young (Normal) (G1 Evacuation Pause) 239M->239M(256M) 28.282ms
[2020-01-29T22:10:27.025+0300][58.466s][info ][gc] GC(1965) To-space exhausted
[2020-01-29T22:10:27.025+0300][58.466s][info ][gc] GC(1965) Pause Young (Concurrent Start) (G1 Evacuation Pause) 249M->251M(256M) 14.267ms
[2020-01-29T22:10:27.025+0300][58.466s][info ][gc] GC(1966) Concurrent Cycle
[2020-01-29T22:10:27.040+0300][58.481s][info ][gc] GC(1967) To-space exhausted
[2020-01-29T22:10:27.040+0300][58.481s][info ][gc] GC(1967) Pause Young (Normal) (G1 Evacuation Pause) 255M->255M(256M) 11.922ms
[2020-01-29T22:10:27.040+0300][58.481s][debug][gc] GC(1968) Clear Next Bitmap 0.090ms
[2020-01-29T22:10:27.081+0300][58.521s][info ][gc] GC(1968) Pause Full (G1 Evacuation Pause) 255M->78M(256M) 40.374ms
[2020-01-29T22:10:27.081+0300][58.522s][info ][gc] GC(1966) Concurrent Cycle 55.869ms
[2020-01-29T22:10:27.125+0300][58.566s][info ][gc] GC(1969) Pause Young (Normal) (G1 Evacuation Pause) 125M->124M(256M) 25.781ms
[2020-01-29T22:10:27.154+0300][58.594s][info ][gc] GC(1970) Pause Young (Concurrent Start) (G1 Humongous Allocation) 137M->138M(256M) 12.270ms
[2020-01-29T22:10:27.154+0300][58.594s][info ][gc] GC(1971) Concurrent Cycle
[2020-01-29T22:10:27.187+0300][58.627s][info ][gc] GC(1972) Pause Young (Normal) (G1 Evacuation Pause) 186M->187M(256M) 20.289ms
[2020-01-29T22:10:27.189+0300][58.630s][debug][gc] GC(1971) Reclaimed 114 empty regions
[2020-01-29T22:10:27.189+0300][58.630s][info ][gc] GC(1971) Pause Remark 192M->80M(256M) 0.597ms
[2020-01-29T22:10:27.202+0300][58.643s][info ][gc] GC(1973) Pause Young (Normal) (G1 Evacuation Pause) 87M->88M(256M) 10.050ms
[2020-01-29T22:10:27.252+0300][58.692s][info ][gc] GC(1974) Pause Young (Normal) (G1 Evacuation Pause) 132M->133M(256M) 32.240ms
[2020-01-29T22:10:27.302+0300][58.742s][info ][gc] GC(1975) Pause Young (Normal) (G1 Evacuation Pause) 163M->164M(256M) 37.808ms
[2020-01-29T22:10:27.319+0300][58.759s][info ][gc] GC(1971) Pause Cleanup 196M->196M(256M) 0.049ms
[2020-01-29T22:10:27.319+0300][58.759s][info ][gc] GC(1971) Concurrent Cycle 164.605ms
[2020-01-29T22:10:27.353+0300][58.792s][info ][gc] GC(1976) Pause Young (Normal) (G1 Evacuation Pause) 204M->205M(256M) 30.412ms
[2020-01-29T22:10:27.364+0300][58.803s][info ][gc] GC(1977) Pause Young (Concurrent Start) (G1 Evacuation Pause) 213M->214M(256M) 7.760ms
[2020-01-29T22:10:27.364+0300][58.803s][info ][gc] GC(1978) Concurrent Cycle
[2020-01-29T22:10:27.378+0300][58.818s][info ][gc] GC(1979) Pause Young (Normal) (G1 Evacuation Pause) 224M->225M(256M) 7.870ms
[2020-01-29T22:10:27.390+0300][58.829s][info ][gc] GC(1980) Pause Young (Normal) (G1 Evacuation Pause) 235M->236M(256M) 7.670ms
[2020-01-29T22:10:27.403+0300][58.844s][info ][gc] GC(1981) To-space exhausted
[2020-01-29T22:10:27.404+0300][58.844s][info ][gc] GC(1981) Pause Young (Normal) (G1 Evacuation Pause) 246M->248M(256M) 10.835ms
[2020-01-29T22:10:27.422+0300][58.862s][info ][gc] GC(1982) To-space exhausted
[2020-01-29T22:10:27.422+0300][58.862s][info ][gc] GC(1982) Pause Young (Normal) (G1 Evacuation Pause) 255M->255M(256M) 15.211ms
[2020-01-29T22:10:27.422+0300][58.863s][debug][gc] GC(1983) Clear Next Bitmap 0.078ms
[2020-01-29T22:10:27.470+0300][58.910s][info ][gc] GC(1983) Pause Full (G1 Evacuation Pause) 255M->85M(256M) 47.196ms
[2020-01-29T22:10:27.470+0300][58.910s][info ][gc] GC(1978) Concurrent Cycle 106.585ms
[2020-01-29T22:10:27.513+0300][58.953s][info ][gc] GC(1984) Pause Young (Normal) (G1 Evacuation Pause) 130M->131M(256M) 25.760ms
[2020-01-29T22:10:27.532+0300][58.973s][info ][gc] GC(1985) Pause Young (Concurrent Start) (G1 Humongous Allocation) 137M->137M(256M) 6.873ms
[2020-01-29T22:10:27.533+0300][58.973s][info ][gc] GC(1986) Concurrent Cycle
[2020-01-29T22:10:27.543+0300][58.984s][debug][gc] GC(1986) Reclaimed 122 empty regions
[2020-01-29T22:10:27.543+0300][58.984s][info ][gc] GC(1986) Pause Remark 180M->60M(256M) 0.601ms
[2020-01-29T22:10:27.564+0300][59.004s][info ][gc] GC(1987) Pause Young (Normal) (G1 Evacuation Pause) 65M->62M(256M) 17.941ms
[2020-01-29T22:10:27.581+0300][59.021s][info ][gc] GC(1986) Pause Cleanup 106M->106M(256M) 0.037ms
[2020-01-29T22:10:27.581+0300][59.021s][info ][gc] GC(1986) Concurrent Cycle 48.329ms
[2020-01-29T22:10:27.624+0300][59.065s][info ][gc] GC(1988) Pause Young (Normal) (G1 Evacuation Pause) 114M->115M(256M) 40.346ms
[2020-01-29T22:10:27.672+0300][59.112s][info ][gc] GC(1989) Pause Young (Concurrent Start) (G1 Humongous Allocation) 150M->150M(256M) 23.730ms
[2020-01-29T22:10:27.672+0300][59.112s][info ][gc] GC(1990) Concurrent Cycle
[2020-01-29T22:10:27.713+0300][59.153s][info ][gc] GC(1991) Pause Young (Normal) (G1 Evacuation Pause) 194M->195M(256M) 18.244ms
[2020-01-29T22:10:27.717+0300][59.157s][debug][gc] GC(1990) Reclaimed 102 empty regions
[2020-01-29T22:10:27.717+0300][59.157s][info ][gc] GC(1990) Pause Remark 204M->102M(256M) 0.609ms
[2020-01-29T22:10:27.727+0300][59.167s][info ][gc] GC(1992) Pause Young (Normal) (G1 Evacuation Pause) 103M->103M(256M) 9.163ms
[2020-01-29T22:10:27.771+0300][59.211s][info ][gc] GC(1993) Pause Young (Normal) (G1 Evacuation Pause) 142M->143M(256M) 28.194ms
[2020-01-29T22:10:27.813+0300][59.254s][info ][gc] GC(1994) Pause Young (Normal) (G1 Evacuation Pause) 169M->170M(256M) 32.782ms
[2020-01-29T22:10:27.865+0300][59.305s][info ][gc] GC(1995) Pause Young (Normal) (G1 Evacuation Pause) 208M->209M(256M) 32.434ms
[2020-01-29T22:10:27.895+0300][59.335s][info ][gc] GC(1996) Pause Young (Normal) (G1 Evacuation Pause) 218M->219M(256M) 25.563ms
[2020-01-29T22:10:27.926+0300][59.366s][info ][gc] GC(1997) Pause Young (Normal) (G1 Evacuation Pause) 229M->230M(256M) 26.631ms
[2020-01-29T22:10:27.959+0300][59.399s][info ][gc] GC(1998) Pause Young (Normal) (G1 Evacuation Pause) 240M->241M(256M) 28.521ms
[2020-01-29T22:10:27.999+0300][59.439s][info ][gc] GC(1999) To-space exhausted
[2020-01-29T22:10:27.999+0300][59.439s][info ][gc] GC(1999) Pause Young (Normal) (G1 Evacuation Pause) 251M->255M(256M) 36.246ms
[2020-01-29T22:10:27.999+0300][59.440s][debug][gc] GC(2000) Clear Next Bitmap 0.063ms
[2020-01-29T22:10:28.030+0300][59.470s][info ][gc] GC(2000) Pause Full (G1 Evacuation Pause) 255M->63M(256M) 30.886ms
[2020-01-29T22:10:28.030+0300][59.471s][info ][gc] GC(1990) Concurrent Cycle 358.272ms
[2020-01-29T22:10:28.078+0300][59.518s][info ][gc] GC(2001) Pause Young (Normal) (G1 Evacuation Pause) 114M->114M(256M) 28.030ms
[2020-01-29T22:10:28.115+0300][59.555s][info ][gc] GC(2002) Pause Young (Concurrent Start) (G1 Humongous Allocation) 137M->138M(256M) 17.134ms
[2020-01-29T22:10:28.115+0300][59.555s][info ][gc] GC(2003) Concurrent Cycle
[2020-01-29T22:10:28.152+0300][59.592s][info ][gc] GC(2004) Pause Young (Normal) (G1 Evacuation Pause) 185M->185M(256M) 21.313ms
[2020-01-29T22:10:28.156+0300][59.597s][debug][gc] GC(2003) Reclaimed 105 empty regions
[2020-01-29T22:10:28.156+0300][59.597s][info ][gc] GC(2003) Pause Remark 195M->93M(256M) 0.615ms
[2020-01-29T22:10:28.168+0300][59.609s][info ][gc] GC(2005) Pause Young (Normal) (G1 Evacuation Pause) 95M->95M(256M) 10.832ms
[2020-01-29T22:10:28.214+0300][59.655s][info ][gc] GC(2006) Pause Young (Normal) (G1 Evacuation Pause) 136M->137M(256M) 30.135ms
[2020-01-29T22:10:28.263+0300][59.703s][info ][gc] GC(2007) Pause Young (Normal) (G1 Evacuation Pause) 165M->167M(256M) 35.979ms
[2020-01-29T22:10:28.315+0300][59.755s][info ][gc] GC(2008) Pause Young (Normal) (G1 Evacuation Pause) 206M->207M(256M) 32.960ms
[2020-01-29T22:10:28.345+0300][59.785s][info ][gc] GC(2009) Pause Young (Normal) (G1 Evacuation Pause) 216M->217M(256M) 26.257ms
[2020-01-29T22:10:28.350+0300][59.790s][info ][gc] GC(2003) Pause Cleanup 225M->225M(256M) 0.050ms
[2020-01-29T22:10:28.350+0300][59.790s][info ][gc] GC(2003) Concurrent Cycle 235.149ms
[2020-01-29T22:10:28.374+0300][59.814s][info ][gc] GC(2010) Pause Young (Normal) (G1 Evacuation Pause) 227M->228M(256M) 22.743ms
[2020-01-29T22:10:28.387+0300][59.827s][info ][gc] GC(2011) Pause Young (Concurrent Start) (G1 Evacuation Pause) 238M->239M(256M) 9.521ms
[2020-01-29T22:10:28.387+0300][59.827s][info ][gc] GC(2012) Concurrent Cycle
[2020-01-29T22:10:28.410+0300][59.850s][info ][gc] GC(2013) To-space exhausted
[2020-01-29T22:10:28.410+0300][59.850s][info ][gc] GC(2013) Pause Young (Normal) (G1 Evacuation Pause) 249M->251M(256M) 16.513ms
[2020-01-29T22:10:28.424+0300][59.864s][info ][gc] GC(2014) To-space exhausted
[2020-01-29T22:10:28.424+0300][59.864s][info ][gc] GC(2014) Pause Young (Normal) (G1 Evacuation Pause) 255M->255M(256M) 11.651ms
[2020-01-29T22:10:28.424+0300][59.864s][debug][gc] GC(2015) Clear Next Bitmap 0.076ms
[2020-01-29T22:10:28.471+0300][59.910s][info ][gc] GC(2015) Pause Full (G1 Evacuation Pause) 255M->76M(256M) 46.560ms
[2020-01-29T22:10:28.471+0300][59.911s][info ][gc] GC(2012) Concurrent Cycle 83.410ms
[2020-01-29T22:10:28.517+0300][59.957s][info ][gc] GC(2016) Pause Young (Normal) (G1 Evacuation Pause) 124M->124M(256M) 27.188ms
[2020-01-29T22:10:28.542+0300][59.983s][info ][gc] GC(2017) Pause Young (Concurrent Start) (G1 Humongous Allocation) 136M->137M(256M) 10.865ms
[2020-01-29T22:10:28.543+0300][59.983s][info ][gc] GC(2018) Concurrent Cycle
[2020-01-29T22:10:28.575+0300][60.015s][info ][gc] GC(2019) Pause Young (Normal) (G1 Evacuation Pause) 185M->185M(256M) 19.805ms
[2020-01-29T22:10:28.577+0300][60.017s][debug][gc] GC(2018) Reclaimed 115 empty regions
[2020-01-29T22:10:28.577+0300][60.017s][info ][gc] GC(2018) Pause Remark 188M->75M(256M) 0.607ms
[2020-01-29T22:10:28.592+0300][60.033s][info ][gc] GC(2020) Pause Young (Normal) (G1 Evacuation Pause) 85M->86M(256M) 11.536ms
[2020-01-29T22:10:28.642+0300][60.083s][info ][gc] GC(2021) Pause Young (Normal) (G1 Evacuation Pause) 130M->131M(256M) 32.745ms
[2020-01-29T22:10:28.706+0300][60.147s][info ][gc] GC(2022) Pause Young (Normal) (G1 Evacuation Pause) 181M->182M(256M) 39.516ms
[2020-01-29T22:10:28.710+0300][60.150s][info ][gc] GC(2018) Pause Cleanup 191M->191M(256M) 0.043ms
[2020-01-29T22:10:28.710+0300][60.150s][info ][gc] GC(2018) Concurrent Cycle 166.987ms
[2020-01-29T22:10:28.741+0300][60.181s][info ][gc] GC(2023) Pause Young (Normal) (G1 Evacuation Pause) 196M->197M(256M) 28.592ms
[2020-01-29T22:10:28.754+0300][60.194s][info ][gc] GC(2024) Pause Young (Concurrent Start) (G1 Evacuation Pause) 207M->208M(256M) 8.849ms
[2020-01-29T22:10:28.754+0300][60.194s][info ][gc] GC(2025) Concurrent Cycle
[2020-01-29T22:10:28.769+0300][60.209s][info ][gc] GC(2026) Pause Young (Normal) (G1 Evacuation Pause) 218M->218M(256M) 8.067ms
[2020-01-29T22:10:28.781+0300][60.221s][info ][gc] GC(2027) Pause Young (Normal) (G1 Evacuation Pause) 228M->229M(256M) 8.163ms
[2020-01-29T22:10:28.793+0300][60.233s][info ][gc] GC(2028) Pause Young (Normal) (G1 Evacuation Pause) 239M->240M(256M) 8.257ms
[2020-01-29T22:10:28.812+0300][60.252s][info ][gc] GC(2029) To-space exhausted
[2020-01-29T22:10:28.813+0300][60.252s][info ][gc] GC(2029) Pause Young (Normal) (G1 Evacuation Pause) 250M->253M(256M) 15.072ms
[2020-01-29T22:10:28.822+0300][60.262s][info ][gc] GC(2030) To-space exhausted
[2020-01-29T22:10:28.822+0300][60.262s][info ][gc] GC(2030) Pause Young (Normal) (G1 Evacuation Pause) 255M->255M(256M) 8.528ms
[2020-01-29T22:10:28.822+0300][60.262s][debug][gc] GC(2031) Clear Next Bitmap 0.069ms
[2020-01-29T22:10:28.870+0300][60.310s][info ][gc] GC(2031) Pause Full (G1 Evacuation Pause) 255M->87M(256M) 47.777ms
[2020-01-29T22:10:28.870+0300][60.310s][info ][gc] GC(2025) Concurrent Cycle 116.383ms
[2020-01-29T22:10:28.911+0300][60.352s][info ][gc] GC(2032) Pause Young (Normal) (G1 Evacuation Pause) 131M->131M(256M) 24.356ms
[2020-01-29T22:10:28.931+0300][60.372s][info ][gc] GC(2033) Pause Young (Concurrent Start) (G1 Humongous Allocation) 136M->137M(256M) 7.301ms
[2020-01-29T22:10:28.931+0300][60.372s][info ][gc] GC(2034) Concurrent Cycle
[2020-01-29T22:10:28.941+0300][60.382s][debug][gc] GC(2034) Reclaimed 123 empty regions
[2020-01-29T22:10:28.941+0300][60.382s][info ][gc] GC(2034) Pause Remark 179M->59M(256M) 0.609ms
[2020-01-29T22:10:28.961+0300][60.402s][info ][gc] GC(2035) Pause Young (Normal) (G1 Evacuation Pause) 64M->60M(256M) 17.836ms
[2020-01-29T22:10:28.978+0300][60.418s][info ][gc] GC(2034) Pause Cleanup 102M->102M(256M) 0.035ms
[2020-01-29T22:10:28.978+0300][60.419s][info ][gc] GC(2034) Concurrent Cycle 46.990ms
[2020-01-29T22:10:29.023+0300][60.463s][info ][gc] GC(2036) Pause Young (Normal) (G1 Evacuation Pause) 113M->114M(256M) 40.270ms
[2020-01-29T22:10:29.070+0300][60.511s][info ][gc] GC(2037) Pause Young (Concurrent Start) (G1 Humongous Allocation) 148M->149M(256M) 23.690ms
[2020-01-29T22:10:29.070+0300][60.511s][info ][gc] GC(2038) Concurrent Cycle
[2020-01-29T22:10:29.112+0300][60.552s][info ][gc] GC(2039) Pause Young (Normal) (G1 Evacuation Pause) 194M->195M(256M) 19.582ms
[2020-01-29T22:10:29.117+0300][60.557s][debug][gc] GC(2038) Reclaimed 101 empty regions
[2020-01-29T22:10:29.117+0300][60.557s][info ][gc] GC(2038) Pause Remark 199M->98M(256M) 0.775ms
[2020-01-29T22:10:29.128+0300][60.568s][info ][gc] GC(2040) Pause Young (Normal) (G1 Evacuation Pause) 104M->104M(256M) 7.868ms
[2020-01-29T22:10:29.171+0300][60.611s][info ][gc] GC(2041) Pause Young (Normal) (G1 Evacuation Pause) 143M->143M(256M) 27.618ms
[2020-01-29T22:10:29.215+0300][60.655s][info ][gc] GC(2042) Pause Young (Normal) (G1 Evacuation Pause) 169M->170M(256M) 32.699ms
[2020-01-29T22:10:29.264+0300][60.704s][info ][gc] GC(2043) Pause Young (Normal) (G1 Evacuation Pause) 208M->209M(256M) 30.869ms
[2020-01-29T22:10:29.294+0300][60.735s][info ][gc] GC(2044) Pause Young (Normal) (G1 Evacuation Pause) 218M->219M(256M) 26.204ms
[2020-01-29T22:10:29.324+0300][60.764s][info ][gc] GC(2045) Pause Young (Normal) (G1 Evacuation Pause) 229M->230M(256M) 25.376ms
[2020-01-29T22:10:29.355+0300][60.795s][info ][gc] GC(2046) Pause Young (Normal) (G1 Evacuation Pause) 240M->241M(256M) 26.950ms
[2020-01-29T22:10:29.395+0300][60.835s][info ][gc] GC(2047) To-space exhausted
[2020-01-29T22:10:29.395+0300][60.835s][info ][gc] GC(2047) Pause Young (Normal) (G1 Evacuation Pause) 251M->255M(256M) 34.861ms
[2020-01-29T22:10:29.395+0300][60.835s][debug][gc] GC(2048) Clear Next Bitmap 0.053ms
[2020-01-29T22:10:29.427+0300][60.867s][info ][gc] GC(2048) Pause Full (G1 Evacuation Pause) 255M->63M(256M) 31.859ms
[2020-01-29T22:10:29.427+0300][60.867s][info ][gc] GC(2038) Concurrent Cycle 356.807ms
[2020-01-29T22:10:29.477+0300][60.917s][info ][gc] GC(2049) Pause Young (Normal) (G1 Evacuation Pause) 115M->115M(256M) 29.040ms
[2020-01-29T22:10:29.512+0300][60.952s][info ][gc] GC(2050) Pause Young (Concurrent Start) (G1 Humongous Allocation) 136M->137M(256M) 16.303ms
[2020-01-29T22:10:29.512+0300][60.952s][info ][gc] GC(2051) Concurrent Cycle
[2020-01-29T22:10:29.548+0300][60.988s][info ][gc] GC(2052) Pause Young (Normal) (G1 Evacuation Pause) 185M->186M(256M) 20.459ms
[2020-01-29T22:10:29.552+0300][60.992s][debug][gc] GC(2051) Reclaimed 105 empty regions
[2020-01-29T22:10:29.552+0300][60.992s][info ][gc] GC(2051) Pause Remark 195M->92M(256M) 0.603ms
[2020-01-29T22:10:29.565+0300][61.005s][info ][gc] GC(2053) Pause Young (Normal) (G1 Evacuation Pause) 95M->96M(256M) 11.293ms
[2020-01-29T22:10:29.612+0300][61.052s][info ][gc] GC(2054) Pause Young (Normal) (G1 Evacuation Pause) 137M->138M(256M) 30.511ms
[2020-01-29T22:10:29.659+0300][61.099s][info ][gc] GC(2055) Pause Young (Normal) (G1 Evacuation Pause) 166M->167M(256M) 35.965ms
[2020-01-29T22:10:29.710+0300][61.150s][info ][gc] GC(2056) Pause Young (Normal) (G1 Evacuation Pause) 206M->206M(256M) 31.858ms
[2020-01-29T22:10:29.740+0300][61.181s][info ][gc] GC(2057) Pause Young (Normal) (G1 Evacuation Pause) 215M->217M(256M) 27.144ms
[2020-01-29T22:10:29.772+0300][61.212s][info ][gc] GC(2058) Pause Young (Normal) (G1 Evacuation Pause) 227M->228M(256M) 27.003ms
[2020-01-29T22:10:29.773+0300][61.213s][info ][gc] GC(2051) Pause Cleanup 230M->230M(256M) 0.045ms
[2020-01-29T22:10:29.773+0300][61.214s][info ][gc] GC(2051) Concurrent Cycle 261.588ms
[2020-01-29T22:10:29.802+0300][61.243s][info ][gc] GC(2059) Pause Young (Normal) (G1 Evacuation Pause) 238M->239M(256M) 25.725ms
[2020-01-29T22:10:29.821+0300][61.261s][info ][gc] GC(2060) To-space exhausted
[2020-01-29T22:10:29.821+0300][61.261s][info ][gc] GC(2060) Pause Young (Concurrent Start) (G1 Evacuation Pause) 249M->251M(256M) 14.586ms
[2020-01-29T22:10:29.821+0300][61.261s][info ][gc] GC(2061) Concurrent Cycle
[2020-01-29T22:10:29.836+0300][61.276s][info ][gc] GC(2062) To-space exhausted
[2020-01-29T22:10:29.837+0300][61.276s][info ][gc] GC(2062) Pause Young (Normal) (G1 Evacuation Pause) 255M->255M(256M) 11.820ms
[2020-01-29T22:10:29.837+0300][61.276s][debug][gc] GC(2063) Clear Next Bitmap 0.093ms
[2020-01-29T22:10:29.877+0300][61.317s][info ][gc] GC(2063) Pause Full (G1 Evacuation Pause) 255M->79M(256M) 40.934ms
[2020-01-29T22:10:29.877+0300][61.318s][info ][gc] GC(2061) Concurrent Cycle 56.365ms
[2020-01-29T22:10:29.921+0300][61.362s][info ][gc] GC(2064) Pause Young (Normal) (G1 Evacuation Pause) 126M->126M(256M) 26.071ms
[2020-01-29T22:10:29.947+0300][61.387s][info ][gc] GC(2065) Pause Young (Concurrent Start) (G1 Humongous Allocation) 137M->138M(256M) 10.363ms
[2020-01-29T22:10:29.947+0300][61.387s][info ][gc] GC(2066) Concurrent Cycle
[2020-01-29T22:10:29.979+0300][61.420s][info ][gc] GC(2067) Pause Young (Normal) (G1 Evacuation Pause) 186M->187M(256M) 19.965ms
[2020-01-29T22:10:29.981+0300][61.421s][debug][gc] GC(2066) Reclaimed 117 empty regions
[2020-01-29T22:10:29.981+0300][61.421s][info ][gc] GC(2066) Pause Remark 188M->73M(256M) 0.598ms
[2020-01-29T22:10:29.995+0300][61.435s][info ][gc] GC(2068) Pause Young (Normal) (G1 Evacuation Pause) 83M->84M(256M) 9.641ms
[2020-01-29T22:10:30.046+0300][61.486s][info ][gc] GC(2069) Pause Young (Normal) (G1 Evacuation Pause) 129M->130M(256M) 33.665ms
[2020-01-29T22:10:30.110+0300][61.550s][info ][gc] GC(2070) Pause Young (Normal) (G1 Evacuation Pause) 180M->181M(256M) 40.284ms
[2020-01-29T22:10:30.113+0300][61.553s][info ][gc] GC(2066) Pause Cleanup 182M->182M(256M) 0.049ms
[2020-01-29T22:10:30.114+0300][61.554s][info ][gc] GC(2066) Concurrent Cycle 166.560ms
[2020-01-29T22:10:30.152+0300][61.592s][info ][gc] GC(2071) Pause Young (Normal) (G1 Evacuation Pause) 196M->196M(256M) 32.124ms
[2020-01-29T22:10:30.164+0300][61.605s][info ][gc] GC(2072) Pause Young (Concurrent Start) (G1 Evacuation Pause) 206M->207M(256M) 8.758ms
[2020-01-29T22:10:30.164+0300][61.605s][info ][gc] GC(2073) Concurrent Cycle
[2020-01-29T22:10:30.179+0300][61.620s][info ][gc] GC(2074) Pause Young (Normal) (G1 Evacuation Pause) 217M->218M(256M) 8.121ms
[2020-01-29T22:10:30.189+0300][61.632s][info ][gc] GC(2075) Pause Young (Normal) (G1 Evacuation Pause) 228M->229M(256M) 8.015ms
[2020-01-29T22:10:30.204+0300][61.644s][info ][gc] GC(2076) Pause Young (Normal) (G1 Evacuation Pause) 239M->240M(256M) 8.019ms
[2020-01-29T22:10:30.219+0300][61.662s][info ][gc] GC(2077) To-space exhausted
[2020-01-29T22:10:30.219+0300][61.662s][info ][gc] GC(2077) Pause Young (Normal) (G1 Evacuation Pause) 250M->252M(256M) 14.265ms
[2020-01-29T22:10:30.234+0300][61.674s][info ][gc] GC(2078) To-space exhausted
[2020-01-29T22:10:30.234+0300][61.674s][info ][gc] GC(2078) Pause Young (Normal) (G1 Evacuation Pause) 255M->255M(256M) 10.344ms
[2020-01-29T22:10:30.234+0300][61.674s][debug][gc] GC(2079) Clear Next Bitmap 0.086ms
[2020-01-29T22:10:30.279+0300][61.722s][info ][gc] GC(2079) Pause Full (G1 Evacuation Pause) 255M->89M(256M) 48.136ms
[2020-01-29T22:10:30.279+0300][61.722s][info ][gc] GC(2073) Concurrent Cycle 117.690ms
[2020-01-29T22:10:30.324+0300][61.764s][info ][gc] GC(2080) Pause Young (Normal) (G1 Evacuation Pause) 133M->133M(256M) 24.341ms
[2020-01-29T22:10:30.342+0300][61.783s][info ][gc] GC(2081) Pause Young (Concurrent Start) (G1 Humongous Allocation) 136M->137M(256M) 6.369ms
[2020-01-29T22:10:30.342+0300][61.783s][info ][gc] GC(2082) Concurrent Cycle
[2020-01-29T22:10:30.349+0300][61.792s][debug][gc] GC(2082) Reclaimed 123 empty regions
[2020-01-29T22:10:30.349+0300][61.792s][info ][gc] GC(2082) Pause Remark 177M->56M(256M) 0.605ms
[2020-01-29T22:10:30.369+0300][61.813s][info ][gc] GC(2083) Pause Young (Normal) (G1 Evacuation Pause) 64M->60M(256M) 17.614ms
[2020-01-29T22:10:30.384+0300][61.828s][info ][gc] GC(2082) Pause Cleanup 99M->99M(256M) 0.040ms
[2020-01-29T22:10:30.389+0300][61.828s][info ][gc] GC(2082) Concurrent Cycle 45.774ms
[2020-01-29T22:10:30.434+0300][61.874s][info ][gc] GC(2084) Pause Young (Normal) (G1 Evacuation Pause) 113M->114M(256M) 39.864ms
[2020-01-29T22:10:30.484+0300][61.927s][info ][gc] GC(2085) Pause Young (Concurrent Start) (G1 Humongous Allocation) 148M->148M(256M) 23.427ms
[2020-01-29T22:10:30.484+0300][61.927s][info ][gc] GC(2086) Concurrent Cycle
[2020-01-29T22:10:30.524+0300][61.968s][info ][gc] GC(2087) Pause Young (Normal) (G1 Evacuation Pause) 193M->195M(256M) 19.044ms
[2020-01-29T22:10:30.529+0300][61.973s][debug][gc] GC(2086) Reclaimed 100 empty regions
[2020-01-29T22:10:30.529+0300][61.973s][info ][gc] GC(2086) Pause Remark 205M->105M(256M) 0.594ms
[2020-01-29T22:10:30.539+0300][61.982s][info ][gc] GC(2088) Pause Young (Normal) (G1 Evacuation Pause) 105M->106M(256M) 9.380ms
[2020-01-29T22:10:30.584+0300][62.024s][info ][gc] GC(2089) Pause Young (Normal) (G1 Evacuation Pause) 144M->144M(256M) 26.718ms
[2020-01-29T22:10:30.627+0300][62.067s][info ][gc] GC(2090) Pause Young (Normal) (G1 Evacuation Pause) 170M->171M(256M) 32.081ms
[2020-01-29T22:10:30.677+0300][62.118s][info ][gc] GC(2091) Pause Young (Normal) (G1 Evacuation Pause) 209M->210M(256M) 31.880ms
[2020-01-29T22:10:30.708+0300][62.148s][info ][gc] GC(2092) Pause Young (Normal) (G1 Evacuation Pause) 219M->220M(256M) 26.374ms
[2020-01-29T22:10:30.734+0300][62.178s][info ][gc] GC(2093) Pause Young (Normal) (G1 Evacuation Pause) 230M->231M(256M) 26.433ms
[2020-01-29T22:10:30.769+0300][62.210s][info ][gc] GC(2094) Pause Young (Normal) (G1 Evacuation Pause) 241M->241M(256M) 27.711ms
[2020-01-29T22:10:30.810+0300][62.250s][info ][gc] GC(2095) To-space exhausted
[2020-01-29T22:10:30.810+0300][62.251s][info ][gc] GC(2095) Pause Young (Normal) (G1 Evacuation Pause) 251M->255M(256M) 35.971ms
[2020-01-29T22:10:30.810+0300][62.251s][debug][gc] GC(2096) Clear Next Bitmap 0.055ms
[2020-01-29T22:10:30.839+0300][62.282s][info ][gc] GC(2096) Pause Full (G1 Evacuation Pause) 255M->63M(256M) 31.118ms
[2020-01-29T22:10:30.839+0300][62.282s][info ][gc] GC(2086) Concurrent Cycle 355.084ms
[2020-01-29T22:10:30.889+0300][62.329s][info ][gc] GC(2097) Pause Young (Normal) (G1 Evacuation Pause) 114M->114M(256M) 27.535ms
[2020-01-29T22:10:30.924+0300][62.366s][info ][gc] GC(2098) Pause Young (Concurrent Start) (G1 Humongous Allocation) 137M->137M(256M) 17.044ms
[2020-01-29T22:10:30.924+0300][62.366s][info ][gc] GC(2099) Concurrent Cycle
[2020-01-29T22:10:30.959+0300][62.401s][info ][gc] GC(2100) Pause Young (Normal) (G1 Evacuation Pause) 184M->185M(256M) 19.939ms
[2020-01-29T22:10:30.964+0300][62.406s][debug][gc] GC(2099) Reclaimed 105 empty regions
[2020-01-29T22:10:30.964+0300][62.406s][info ][gc] GC(2099) Pause Remark 194M->92M(256M) 0.598ms
[2020-01-29T22:10:30.974+0300][62.418s][info ][gc] GC(2101) Pause Young (Normal) (G1 Evacuation Pause) 95M->96M(256M) 11.066ms
[2020-01-29T22:10:31.024+0300][62.464s][info ][gc] GC(2102) Pause Young (Normal) (G1 Evacuation Pause) 137M->138M(256M) 29.835ms
[2020-01-29T22:10:31.071+0300][62.511s][info ][gc] GC(2103) Pause Young (Normal) (G1 Evacuation Pause) 166M->167M(256M) 35.950ms
[2020-01-29T22:10:31.124+0300][62.564s][info ][gc] GC(2104) Pause Young (Normal) (G1 Evacuation Pause) 206M->207M(256M) 32.484ms
[2020-01-29T22:10:31.135+0300][62.575s][info ][gc] GC(2099) Pause Cleanup 208M->208M(256M) 0.056ms
[2020-01-29T22:10:31.135+0300][62.575s][info ][gc] GC(2099) Concurrent Cycle 209.100ms
[2020-01-29T22:10:31.164+0300][62.604s][info ][gc] GC(2105) Pause Young (Normal) (G1 Evacuation Pause) 216M->217M(256M) 25.432ms
[2020-01-29T22:10:31.176+0300][62.616s][info ][gc] GC(2106) Pause Young (Concurrent Start) (G1 Evacuation Pause) 227M->228M(256M) 8.258ms
[2020-01-29T22:10:31.176+0300][62.616s][info ][gc] GC(2107) Concurrent Cycle
[2020-01-29T22:10:31.191+0300][62.631s][info ][gc] GC(2108) Pause Young (Normal) (G1 Evacuation Pause) 238M->239M(256M) 8.170ms
[2020-01-29T22:10:31.208+0300][62.648s][info ][gc] GC(2109) To-space exhausted
[2020-01-29T22:10:31.208+0300][62.648s][info ][gc] GC(2109) Pause Young (Normal) (G1 Evacuation Pause) 249M->251M(256M) 13.214ms
[2020-01-29T22:10:31.222+0300][62.662s][info ][gc] GC(2110) To-space exhausted
[2020-01-29T22:10:31.222+0300][62.662s][info ][gc] GC(2110) Pause Young (Normal) (G1 Evacuation Pause) 255M->255M(256M) 12.058ms
[2020-01-29T22:10:31.222+0300][62.662s][debug][gc] GC(2111) Clear Next Bitmap 0.069ms
[2020-01-29T22:10:31.261+0300][62.702s][info ][gc] GC(2111) Pause Full (G1 Evacuation Pause) 255M->77M(256M) 40.309ms
[2020-01-29T22:10:31.262+0300][62.702s][info ][gc] GC(2107) Concurrent Cycle 86.265ms
[2020-01-29T22:10:31.306+0300][62.747s][info ][gc] GC(2112) Pause Young (Normal) (G1 Evacuation Pause) 124M->124M(256M) 26.164ms
[2020-01-29T22:10:31.333+0300][62.773s][info ][gc] GC(2113) Pause Young (Concurrent Start) (G1 Humongous Allocation) 136M->137M(256M) 10.913ms
[2020-01-29T22:10:31.333+0300][62.773s][info ][gc] GC(2114) Concurrent Cycle
[2020-01-29T22:10:31.365+0300][62.806s][info ][gc] GC(2115) Pause Young (Normal) (G1 Evacuation Pause) 185M->185M(256M) 20.060ms
[2020-01-29T22:10:31.367+0300][62.807s][debug][gc] GC(2114) Reclaimed 115 empty regions
[2020-01-29T22:10:31.367+0300][62.807s][info ][gc] GC(2114) Pause Remark 187M->74M(256M) 0.628ms
[2020-01-29T22:10:31.381+0300][62.821s][info ][gc] GC(2116) Pause Young (Normal) (G1 Evacuation Pause) 85M->85M(256M) 9.525ms
[2020-01-29T22:10:31.430+0300][62.870s][info ][gc] GC(2117) Pause Young (Normal) (G1 Evacuation Pause) 130M->131M(256M) 31.246ms
[2020-01-29T22:10:31.495+0300][62.935s][info ][gc] GC(2118) Pause Young (Normal) (G1 Evacuation Pause) 181M->182M(256M) 40.986ms
[2020-01-29T22:10:31.498+0300][62.938s][info ][gc] GC(2114) Pause Cleanup 189M->189M(256M) 0.042ms
[2020-01-29T22:10:31.498+0300][62.938s][info ][gc] GC(2114) Concurrent Cycle 164.897ms
[2020-01-29T22:10:31.530+0300][62.970s][info ][gc] GC(2119) Pause Young (Normal) (G1 Evacuation Pause) 196M->197M(256M) 29.252ms
[2020-01-29T22:10:31.543+0300][62.983s][info ][gc] GC(2120) Pause Young (Concurrent Start) (G1 Evacuation Pause) 207M->207M(256M) 9.312ms
[2020-01-29T22:10:31.543+0300][62.983s][info ][gc] GC(2121) Concurrent Cycle
[2020-01-29T22:10:31.558+0300][62.998s][info ][gc] GC(2122) Pause Young (Normal) (G1 Evacuation Pause) 217M->218M(256M) 7.662ms
[2020-01-29T22:10:31.569+0300][63.009s][info ][gc] GC(2123) Pause Young (Normal) (G1 Evacuation Pause) 228M->229M(256M) 7.370ms
[2020-01-29T22:10:31.581+0300][63.021s][info ][gc] GC(2124) Pause Young (Normal) (G1 Evacuation Pause) 239M->240M(256M) 7.563ms
[2020-01-29T22:10:31.601+0300][63.040s][info ][gc] GC(2125) To-space exhausted
[2020-01-29T22:10:31.601+0300][63.041s][info ][gc] GC(2125) Pause Young (Normal) (G1 Evacuation Pause) 250M->253M(256M) 15.741ms
[2020-01-29T22:10:31.609+0300][63.050s][info ][gc] GC(2126) To-space exhausted
[2020-01-29T22:10:31.609+0300][63.050s][info ][gc] GC(2126) Pause Young (Normal) (G1 Evacuation Pause) 255M->255M(256M) 8.514ms
[2020-01-29T22:10:31.610+0300][63.050s][debug][gc] GC(2127) Clear Next Bitmap 0.100ms
[2020-01-29T22:10:31.657+0300][63.098s][info ][gc] GC(2127) Pause Full (G1 Evacuation Pause) 255M->87M(256M) 47.648ms
[2020-01-29T22:10:31.657+0300][63.098s][info ][gc] GC(2121) Concurrent Cycle 114.884ms
[2020-01-29T22:10:31.699+0300][63.139s][info ][gc] GC(2128) Pause Young (Normal) (G1 Evacuation Pause) 131M->131M(256M) 24.278ms
[2020-01-29T22:10:31.719+0300][63.159s][info ][gc] GC(2129) Pause Young (Concurrent Start) (G1 Humongous Allocation) 136M->137M(256M) 7.512ms
[2020-01-29T22:10:31.719+0300][63.160s][info ][gc] GC(2130) Concurrent Cycle
[2020-01-29T22:10:31.729+0300][63.169s][debug][gc] GC(2130) Reclaimed 121 empty regions
[2020-01-29T22:10:31.729+0300][63.170s][info ][gc] GC(2130) Pause Remark 178M->60M(256M) 0.611ms
[2020-01-29T22:10:31.750+0300][63.190s][info ][gc] GC(2131) Pause Young (Normal) (G1 Evacuation Pause) 66M->62M(256M) 17.793ms
[2020-01-29T22:10:31.766+0300][63.206s][info ][gc] GC(2130) Pause Cleanup 102M->102M(256M) 0.040ms
[2020-01-29T22:10:31.766+0300][63.206s][info ][gc] GC(2130) Concurrent Cycle 46.693ms
[2020-01-29T22:10:31.810+0300][63.251s][info ][gc] GC(2132) Pause Young (Normal) (G1 Evacuation Pause) 114M->116M(256M) 39.831ms
[2020-01-29T22:10:31.859+0300][63.299s][info ][gc] GC(2133) Pause Young (Concurrent Start) (G1 Humongous Allocation) 151M->151M(256M) 24.424ms
[2020-01-29T22:10:31.859+0300][63.299s][info ][gc] GC(2134) Concurrent Cycle
[2020-01-29T22:10:31.900+0300][63.340s][info ][gc] GC(2135) Pause Young (Normal) (G1 Evacuation Pause) 195M->196M(256M) 18.371ms
[2020-01-29T22:10:31.904+0300][63.344s][debug][gc] GC(2134) Reclaimed 102 empty regions
[2020-01-29T22:10:31.904+0300][63.344s][info ][gc] GC(2134) Pause Remark 205M->103M(256M) 0.602ms
[2020-01-29T22:10:31.915+0300][63.354s][info ][gc] GC(2136) Pause Young (Normal) (G1 Evacuation Pause) 104M->104M(256M) 9.458ms
[2020-01-29T22:10:31.957+0300][63.397s][info ][gc] GC(2137) Pause Young (Normal) (G1 Evacuation Pause) 143M->144M(256M) 26.922ms
[2020-01-29T22:10:31.999+0300][63.440s][info ][gc] GC(2138) Pause Young (Normal) (G1 Evacuation Pause) 170M->171M(256M) 32.544ms
[2020-01-29T22:10:32.052+0300][63.492s][info ][gc] GC(2139) Pause Young (Normal) (G1 Evacuation Pause) 209M->210M(256M) 33.148ms
[2020-01-29T22:10:32.082+0300][63.522s][info ][gc] GC(2140) Pause Young (Normal) (G1 Evacuation Pause) 219M->220M(256M) 26.096ms
[2020-01-29T22:10:32.114+0300][63.554s][info ][gc] GC(2141) Pause Young (Normal) (G1 Evacuation Pause) 230M->231M(256M) 27.419ms
[2020-01-29T22:10:32.147+0300][63.588s][info ][gc] GC(2142) Pause Young (Normal) (G1 Evacuation Pause) 241M->242M(256M) 29.377ms
[2020-01-29T22:10:32.156+0300][63.596s][info ][gc] GC(2134) Pause Cleanup 248M->248M(256M) 0.056ms
[2020-01-29T22:10:32.156+0300][63.597s][info ][gc] GC(2134) Concurrent Cycle 297.591ms
[2020-01-29T22:10:32.194+0300][63.634s][info ][gc] GC(2143) To-space exhausted
[2020-01-29T22:10:32.194+0300][63.634s][info ][gc] GC(2143) Pause Young (Normal) (G1 Evacuation Pause) 252M->255M(256M) 35.728ms
[2020-01-29T22:10:32.228+0300][63.668s][info ][gc] GC(2144) Pause Full (G1 Evacuation Pause) 255M->62M(256M) 33.325ms
[2020-01-29T22:10:32.277+0300][63.717s][info ][gc] GC(2145) Pause Young (Concurrent Start) (G1 Evacuation Pause) 114M->114M(256M) 29.152ms
[2020-01-29T22:10:32.277+0300][63.717s][info ][gc] GC(2146) Concurrent Cycle
[2020-01-29T22:10:32.331+0300][63.771s][info ][gc] GC(2147) Pause Young (Normal) (G1 Evacuation Pause) 169M->170M(256M) 25.864ms
[2020-01-29T22:10:32.351+0300][63.791s][info ][gc] GC(2148) Pause Young (Normal) (G1 Evacuation Pause) 188M->189M(256M) 13.147ms
[2020-01-29T22:10:32.363+0300][63.804s][info ][gc] GC(2149) Pause Young (Normal) (G1 Evacuation Pause) 201M->202M(256M) 8.110ms
[2020-01-29T22:10:32.375+0300][63.816s][info ][gc] GC(2150) Pause Young (Normal) (G1 Evacuation Pause) 212M->213M(256M) 7.710ms
[2020-01-29T22:10:32.387+0300][63.828s][info ][gc] GC(2151) Pause Young (Normal) (G1 Evacuation Pause) 223M->223M(256M) 8.020ms
[2020-01-29T22:10:32.399+0300][63.840s][info ][gc] GC(2152) Pause Young (Normal) (G1 Evacuation Pause) 233M->234M(256M) 7.757ms
[2020-01-29T22:10:32.414+0300][63.854s][info ][gc] GC(2153) To-space exhausted
[2020-01-29T22:10:32.414+0300][63.854s][info ][gc] GC(2153) Pause Young (Normal) (G1 Evacuation Pause) 244M->247M(256M) 10.206ms
[2020-01-29T22:10:32.432+0300][63.872s][info ][gc] GC(2154) To-space exhausted
[2020-01-29T22:10:32.432+0300][63.872s][info ][gc] GC(2154) Pause Young (Normal) (G1 Evacuation Pause) 254M->254M(256M) 15.298ms
[2020-01-29T22:10:32.432+0300][63.873s][debug][gc] GC(2155) Clear Next Bitmap 0.080ms
[2020-01-29T22:10:32.507+0300][63.947s][info ][gc] GC(2155) Pause Full (G1 Evacuation Pause) 254M->111M(256M) 74.541ms
[2020-01-29T22:10:32.507+0300][63.947s][info ][gc] GC(2146) Concurrent Cycle 230.019ms
[2020-01-29T22:10:32.543+0300][63.983s][info ][gc] GC(2156) Pause Young (Concurrent Start) (G1 Humongous Allocation) 136M->136M(256M) 15.078ms
[2020-01-29T22:10:32.543+0300][63.983s][info ][gc] GC(2157) Concurrent Cycle
[2020-01-29T22:10:32.577+0300][64.017s][info ][gc] GC(2158) Pause Young (Normal) (G1 Evacuation Pause) 185M->187M(256M) 20.315ms
[2020-01-29T22:10:32.581+0300][64.021s][debug][gc] GC(2157) Reclaimed 109 empty regions
[2020-01-29T22:10:32.581+0300][64.021s][info ][gc] GC(2157) Pause Remark 196M->89M(256M) 0.595ms
[2020-01-29T22:10:32.592+0300][64.032s][info ][gc] GC(2159) Pause Young (Normal) (G1 Evacuation Pause) 91M->92M(256M) 9.666ms
[2020-01-29T22:10:32.641+0300][64.081s][info ][gc] GC(2160) Pause Young (Normal) (G1 Evacuation Pause) 136M->137M(256M) 31.514ms
[2020-01-29T22:10:32.690+0300][64.130s][info ][gc] GC(2161) Pause Young (Normal) (G1 Evacuation Pause) 165M->165M(256M) 37.483ms
[2020-01-29T22:10:32.741+0300][64.182s][info ][gc] GC(2162) Pause Young (Normal) (G1 Evacuation Pause) 205M->206M(256M) 32.176ms
[2020-01-29T22:10:32.745+0300][64.185s][info ][gc] GC(2157) Pause Cleanup 214M->214M(256M) 0.046ms
[2020-01-29T22:10:32.745+0300][64.185s][info ][gc] GC(2157) Concurrent Cycle 202.525ms
[2020-01-29T22:10:32.771+0300][64.212s][info ][gc] GC(2163) Pause Young (Normal) (G1 Evacuation Pause) 214M->214M(256M) 26.006ms
[2020-01-29T22:10:32.783+0300][64.224s][info ][gc] GC(2164) Pause Young (Concurrent Start) (G1 Evacuation Pause) 224M->225M(256M) 8.231ms
[2020-01-29T22:10:32.783+0300][64.224s][info ][gc] GC(2165) Concurrent Cycle
[2020-01-29T22:10:32.798+0300][64.238s][info ][gc] GC(2166) Pause Young (Normal) (G1 Evacuation Pause) 235M->236M(256M) 7.961ms
[2020-01-29T22:10:32.813+0300][64.253s][info ][gc] GC(2167) To-space exhausted
[2020-01-29T22:10:32.813+0300][64.253s][info ][gc] GC(2167) Pause Young (Normal) (G1 Evacuation Pause) 246M->249M(256M) 10.901ms
[2020-01-29T22:10:32.828+0300][64.269s][info ][gc] GC(2168) To-space exhausted
[2020-01-29T22:10:32.828+0300][64.269s][info ][gc] GC(2168) Pause Young (Normal) (G1 Evacuation Pause) 255M->255M(256M) 13.289ms
[2020-01-29T22:10:32.829+0300][64.269s][debug][gc] GC(2169) Clear Next Bitmap 0.091ms
[2020-01-29T22:10:32.874+0300][64.314s][info ][gc] GC(2169) Pause Full (G1 Evacuation Pause) 255M->83M(256M) 45.324ms
[2020-01-29T22:10:32.874+0300][64.315s][info ][gc] GC(2165) Concurrent Cycle 90.699ms
[2020-01-29T22:10:32.916+0300][64.356s][info ][gc] GC(2170) Pause Young (Normal) (G1 Evacuation Pause) 128M->128M(256M) 24.154ms
[2020-01-29T22:10:32.938+0300][64.378s][info ][gc] GC(2171) Pause Young (Concurrent Start) (G1 Humongous Allocation) 136M->137M(256M) 8.732ms
[2020-01-29T22:10:32.938+0300][64.378s][info ][gc] GC(2172) Concurrent Cycle
[2020-01-29T22:10:32.950+0300][64.390s][debug][gc] GC(2172) Reclaimed 120 empty regions
[2020-01-29T22:10:32.950+0300][64.390s][info ][gc] GC(2172) Pause Remark 183M->65M(256M) 0.606ms
[2020-01-29T22:10:32.969+0300][64.409s][info ][gc] GC(2173) Pause Young (Normal) (G1 Evacuation Pause) 67M->63M(256M) 17.828ms
[2020-01-29T22:10:32.990+0300][64.430s][info ][gc] GC(2172) Pause Cleanup 115M->115M(256M) 0.034ms
[2020-01-29T22:10:32.990+0300][64.430s][info ][gc] GC(2172) Concurrent Cycle 51.550ms
[2020-01-29T22:10:33.031+0300][64.471s][info ][gc] GC(2174) Pause Young (Normal) (G1 Evacuation Pause) 115M->117M(256M) 40.495ms
[2020-01-29T22:10:33.078+0300][64.519s][info ][gc] GC(2175) Pause Young (Concurrent Start) (G1 Humongous Allocation) 152M->152M(256M) 23.648ms
[2020-01-29T22:10:33.078+0300][64.519s][info ][gc] GC(2176) Concurrent Cycle
[2020-01-29T22:10:33.119+0300][64.559s][info ][gc] GC(2177) Pause Young (Normal) (G1 Evacuation Pause) 196M->197M(256M) 18.287ms
[2020-01-29T22:10:33.124+0300][64.564s][debug][gc] GC(2176) Reclaimed 104 empty regions
[2020-01-29T22:10:33.124+0300][64.564s][info ][gc] GC(2176) Pause Remark 207M->103M(256M) 0.592ms
[2020-01-29T22:10:33.133+0300][64.573s][info ][gc] GC(2178) Pause Young (Normal) (G1 Evacuation Pause) 103M->103M(256M) 8.925ms
[2020-01-29T22:10:33.184+0300][64.624s][info ][gc] GC(2179) Pause Young (Normal) (G1 Evacuation Pause) 142M->143M(256M) 29.242ms
[2020-01-29T22:10:33.227+0300][64.667s][info ][gc] GC(2180) Pause Young (Normal) (G1 Evacuation Pause) 169M->169M(256M) 32.764ms
[2020-01-29T22:10:33.282+0300][64.722s][info ][gc] GC(2181) Pause Young (Normal) (G1 Evacuation Pause) 207M->208M(256M) 35.810ms
[2020-01-29T22:10:33.314+0300][64.754s][info ][gc] GC(2182) Pause Young (Normal) (G1 Evacuation Pause) 217M->218M(256M) 28.343ms
[2020-01-29T22:10:33.348+0300][64.789s][info ][gc] GC(2183) Pause Young (Normal) (G1 Evacuation Pause) 228M->229M(256M) 30.385ms
[2020-01-29T22:10:33.384+0300][64.824s][info ][gc] GC(2184) Pause Young (Normal) (G1 Evacuation Pause) 239M->240M(256M) 31.050ms
[2020-01-29T22:10:33.387+0300][64.827s][info ][gc] GC(2176) Pause Cleanup 247M->247M(256M) 0.055ms
[2020-01-29T22:10:33.387+0300][64.827s][info ][gc] GC(2176) Concurrent Cycle 308.867ms
[2020-01-29T22:10:33.423+0300][64.863s][info ][gc] GC(2185) To-space exhausted
[2020-01-29T22:10:33.423+0300][64.864s][info ][gc] GC(2185) Pause Young (Normal) (G1 Evacuation Pause) 250M->253M(256M) 34.571ms
[2020-01-29T22:10:33.433+0300][64.873s][info ][gc] GC(2186) To-space exhausted
[2020-01-29T22:10:33.433+0300][64.873s][info ][gc] GC(2186) Pause Young (Concurrent Start) (G1 Evacuation Pause) 255M->255M(256M) 8.889ms
[2020-01-29T22:10:33.433+0300][64.873s][info ][gc] GC(2188) Concurrent Cycle
[2020-01-29T22:10:33.433+0300][64.873s][debug][gc] GC(2187) Clear Next Bitmap 0.097ms
[2020-01-29T22:10:33.469+0300][64.909s][info ][gc] GC(2187) Pause Full (G1 Evacuation Pause) 255M->64M(256M) 35.558ms
[2020-01-29T22:10:33.469+0300][64.909s][info ][gc] GC(2188) Concurrent Cycle 35.897ms
[2020-01-29T22:10:33.524+0300][64.964s][info ][gc] GC(2189) Pause Young (Normal) (G1 Evacuation Pause) 121M->121M(256M) 32.310ms
[2020-01-29T22:10:33.553+0300][64.994s][info ][gc] GC(2190) Pause Young (Concurrent Start) (G1 Humongous Allocation) 136M->137M(256M) 12.996ms
[2020-01-29T22:10:33.553+0300][64.994s][info ][gc] GC(2191) Concurrent Cycle
[2020-01-29T22:10:33.586+0300][65.026s][info ][gc] GC(2192) Pause Young (Normal) (G1 Evacuation Pause) 185M->186M(256M) 20.255ms
[2020-01-29T22:10:33.590+0300][65.031s][debug][gc] GC(2191) Reclaimed 110 empty regions
[2020-01-29T22:10:33.590+0300][65.031s][info ][gc] GC(2191) Pause Remark 196M->87M(256M) 0.611ms
[2020-01-29T22:10:33.601+0300][65.042s][info ][gc] GC(2193) Pause Young (Normal) (G1 Evacuation Pause) 90M->91M(256M) 9.649ms
[2020-01-29T22:10:33.650+0300][65.090s][info ][gc] GC(2194) Pause Young (Normal) (G1 Evacuation Pause) 134M->135M(256M) 31.722ms
[2020-01-29T22:10:33.698+0300][65.139s][info ][gc] GC(2195) Pause Young (Normal) (G1 Evacuation Pause) 164M->166M(256M) 36.429ms
[2020-01-29T22:10:33.750+0300][65.190s][info ][gc] GC(2196) Pause Young (Normal) (G1 Evacuation Pause) 205M->206M(256M) 31.988ms
[2020-01-29T22:10:33.753+0300][65.193s][info ][gc] GC(2191) Pause Cleanup 212M->212M(256M) 0.045ms
[2020-01-29T22:10:33.753+0300][65.193s][info ][gc] GC(2191) Concurrent Cycle 199.817ms
[2020-01-29T22:10:33.778+0300][65.218s][info ][gc] GC(2197) Pause Young (Normal) (G1 Evacuation Pause) 215M->215M(256M) 23.639ms
[2020-01-29T22:10:33.790+0300][65.230s][info ][gc] GC(2198) Pause Young (Concurrent Start) (G1 Evacuation Pause) 225M->226M(256M) 8.087ms
[2020-01-29T22:10:33.790+0300][65.230s][info ][gc] GC(2199) Concurrent Cycle
[2020-01-29T22:10:33.805+0300][65.245s][info ][gc] GC(2200) Pause Young (Normal) (G1 Evacuation Pause) 236M->237M(256M) 8.226ms
[2020-01-29T22:10:33.821+0300][65.261s][info ][gc] GC(2201) To-space exhausted
[2020-01-29T22:10:33.821+0300][65.261s][info ][gc] GC(2201) Pause Young (Normal) (G1 Evacuation Pause) 247M->250M(256M) 11.831ms
[2020-01-29T22:10:33.836+0300][65.275s][info ][gc] GC(2202) To-space exhausted
[2020-01-29T22:10:33.836+0300][65.275s][info ][gc] GC(2202) Pause Young (Normal) (G1 Evacuation Pause) 255M->255M(256M) 12.644ms
[2020-01-29T22:10:33.836+0300][65.276s][debug][gc] GC(2203) Clear Next Bitmap 0.079ms
[2020-01-29T22:10:33.883+0300][65.323s][info ][gc] GC(2203) Pause Full (G1 Evacuation Pause) 255M->81M(256M) 47.856ms
[2020-01-29T22:10:33.883+0300][65.324s][info ][gc] GC(2199) Concurrent Cycle 93.421ms
[2020-01-29T22:10:33.929+0300][65.370s][info ][gc] GC(2204) Pause Young (Normal) (G1 Evacuation Pause) 127M->128M(256M) 27.668ms
[2020-01-29T22:10:33.952+0300][65.392s][info ][gc] GC(2205) Pause Young (Concurrent Start) (G1 Humongous Allocation) 137M->136M(256M) 8.316ms
[2020-01-29T22:10:33.952+0300][65.392s][info ][gc] GC(2206) Concurrent Cycle
[2020-01-29T22:10:33.964+0300][65.405s][debug][gc] GC(2206) Reclaimed 119 empty regions
[2020-01-29T22:10:33.964+0300][65.405s][info ][gc] GC(2206) Pause Remark 182M->65M(256M) 0.666ms
[2020-01-29T22:10:33.983+0300][65.424s][info ][gc] GC(2207) Pause Young (Normal) (G1 Evacuation Pause) 67M->64M(256M) 17.844ms
[2020-01-29T22:10:34.046+0300][65.486s][info ][gc] GC(2208) Pause Young (Normal) (G1 Evacuation Pause) 116M->117M(256M) 42.364ms
[2020-01-29T22:10:34.049+0300][65.489s][info ][gc] GC(2206) Pause Cleanup 123M->123M(256M) 0.039ms
[2020-01-29T22:10:34.049+0300][65.489s][info ][gc] GC(2206) Concurrent Cycle 96.520ms
[2020-01-29T22:10:34.112+0300][65.552s][info ][gc] GC(2209) Pause Young (Concurrent Start) (G1 Humongous Allocation) 152M->153M(256M) 41.242ms
[2020-01-29T22:10:34.112+0300][65.552s][info ][gc] GC(2210) Concurrent Cycle
[2020-01-29T22:10:34.148+0300][65.593s][info ][gc] GC(2211) Pause Young (Normal) (G1 Evacuation Pause) 196M->197M(256M) 18.322ms
[2020-01-29T22:10:34.154+0300][65.597s][debug][gc] GC(2210) Reclaimed 105 empty regions
[2020-01-29T22:10:34.154+0300][65.597s][info ][gc] GC(2210) Pause Remark 205M->100M(256M) 0.812ms
[2020-01-29T22:10:34.169+0300][65.611s][info ][gc] GC(2212) Pause Young (Normal) (G1 Evacuation Pause) 102M->102M(256M) 10.517ms
[2020-01-29T22:10:34.214+0300][65.654s][info ][gc] GC(2213) Pause Young (Normal) (G1 Evacuation Pause) 141M->142M(256M) 27.518ms
[2020-01-29T22:10:34.259+0300][65.699s][info ][gc] GC(2214) Pause Young (Normal) (G1 Evacuation Pause) 169M->170M(256M) 33.849ms
[2020-01-29T22:10:34.314+0300][65.757s][info ][gc] GC(2215) Pause Young (Normal) (G1 Evacuation Pause) 208M->209M(256M) 31.691ms
[2020-01-29T22:10:34.346+0300][65.786s][info ][gc] GC(2216) Pause Young (Normal) (G1 Evacuation Pause) 218M->218M(256M) 25.130ms
[2020-01-29T22:10:34.351+0300][65.792s][info ][gc] GC(2210) Pause Cleanup 226M->226M(256M) 0.047ms
[2020-01-29T22:10:34.351+0300][65.792s][info ][gc] GC(2210) Concurrent Cycle 239.972ms
[2020-01-29T22:10:34.376+0300][65.816s][info ][gc] GC(2217) Pause Young (Normal) (G1 Evacuation Pause) 228M->229M(256M) 23.036ms
[2020-01-29T22:10:34.384+0300][65.828s][info ][gc] GC(2218) Pause Young (Concurrent Start) (G1 Evacuation Pause) 239M->240M(256M) 8.278ms
[2020-01-29T22:10:34.384+0300][65.828s][info ][gc] GC(2219) Concurrent Cycle
[2020-01-29T22:10:34.404+0300][65.848s][info ][gc] GC(2220) To-space exhausted
[2020-01-29T22:10:34.404+0300][65.848s][info ][gc] GC(2220) Pause Young (Normal) (G1 Evacuation Pause) 250M->252M(256M) 13.793ms
[2020-01-29T22:10:34.419+0300][65.860s][info ][gc] GC(2221) To-space exhausted
[2020-01-29T22:10:34.419+0300][65.860s][info ][gc] GC(2221) Pause Young (Normal) (G1 Evacuation Pause) 255M->255M(256M) 10.155ms
[2020-01-29T22:10:34.419+0300][65.860s][debug][gc] GC(2222) Clear Next Bitmap 0.094ms
[2020-01-29T22:10:34.453+0300][65.893s][info ][gc] GC(2222) Pause Full (G1 Evacuation Pause) 255M->65M(256M) 33.065ms
[2020-01-29T22:10:34.453+0300][65.893s][info ][gc] GC(2219) Concurrent Cycle 65.012ms
[2020-01-29T22:10:34.499+0300][65.943s][info ][gc] GC(2223) Pause Young (Normal) (G1 Evacuation Pause) 117M->117M(256M) 29.438ms
[2020-01-29T22:10:34.544+0300][65.984s][info ][gc] GC(2224) Pause Young (Concurrent Start) (G1 Humongous Allocation) 136M->137M(256M) 15.347ms
[2020-01-29T22:10:34.544+0300][65.984s][info ][gc] GC(2225) Concurrent Cycle
[2020-01-29T22:10:34.574+0300][66.018s][info ][gc] GC(2226) Pause Young (Normal) (G1 Evacuation Pause) 185M->186M(256M) 20.288ms
[2020-01-29T22:10:34.579+0300][66.023s][debug][gc] GC(2225) Reclaimed 105 empty regions
[2020-01-29T22:10:34.579+0300][66.023s][info ][gc] GC(2225) Pause Remark 196M->91M(256M) 0.616ms
[2020-01-29T22:10:34.594+0300][66.036s][info ][gc] GC(2227) Pause Young (Normal) (G1 Evacuation Pause) 95M->96M(256M) 11.506ms
[2020-01-29T22:10:34.639+0300][66.083s][info ][gc] GC(2228) Pause Young (Normal) (G1 Evacuation Pause) 137M->138M(256M) 30.388ms
[2020-01-29T22:10:34.689+0300][66.131s][info ][gc] GC(2229) Pause Young (Normal) (G1 Evacuation Pause) 166M->167M(256M) 36.210ms
[2020-01-29T22:10:34.714+0300][66.156s][info ][gc] GC(2225) Pause Cleanup 195M->195M(256M) 0.045ms
[2020-01-29T22:10:34.714+0300][66.156s][info ][gc] GC(2225) Concurrent Cycle 172.040ms
[2020-01-29T22:10:34.749+0300][66.193s][info ][gc] GC(2230) Pause Young (Normal) (G1 Evacuation Pause) 206M->207M(256M) 32.481ms
[2020-01-29T22:10:34.759+0300][66.203s][info ][gc] GC(2231) Pause Young (Concurrent Start) (G1 Evacuation Pause) 216M->217M(256M) 6.605ms
[2020-01-29T22:10:34.759+0300][66.203s][info ][gc] GC(2232) Concurrent Cycle
[2020-01-29T22:10:34.774+0300][66.217s][info ][gc] GC(2233) Pause Young (Normal) (G1 Evacuation Pause) 227M->227M(256M) 8.173ms
[2020-01-29T22:10:34.789+0300][66.230s][info ][gc] GC(2234) Pause Young (Normal) (G1 Evacuation Pause) 237M->238M(256M) 8.061ms
[2020-01-29T22:10:34.804+0300][66.247s][info ][gc] GC(2235) To-space exhausted
[2020-01-29T22:10:34.804+0300][66.247s][info ][gc] GC(2235) Pause Young (Normal) (G1 Evacuation Pause) 248M->251M(256M) 12.840ms
[2020-01-29T22:10:34.820+0300][66.260s][info ][gc] GC(2236) To-space exhausted
[2020-01-29T22:10:34.820+0300][66.260s][info ][gc] GC(2236) Pause Young (Normal) (G1 Evacuation Pause) 255M->255M(256M) 11.867ms
[2020-01-29T22:10:34.820+0300][66.260s][debug][gc] GC(2237) Clear Next Bitmap 0.057ms
[2020-01-29T22:10:34.862+0300][66.302s][info ][gc] GC(2237) Pause Full (G1 Evacuation Pause) 255M->79M(256M) 41.885ms
[2020-01-29T22:10:34.862+0300][66.303s][info ][gc] GC(2232) Concurrent Cycle 99.579ms
[2020-01-29T22:10:34.904+0300][66.347s][info ][gc] GC(2238) Pause Young (Normal) (G1 Evacuation Pause) 126M->126M(256M) 26.369ms
[2020-01-29T22:10:34.929+0300][66.369s][info ][gc] GC(2239) Pause Young (Concurrent Start) (G1 Humongous Allocation) 137M->137M(256M) 10.316ms
[2020-01-29T22:10:34.929+0300][66.369s][info ][gc] GC(2240) Concurrent Cycle
[2020-01-29T22:10:34.959+0300][66.401s][info ][gc] GC(2241) Pause Young (Normal) (G1 Evacuation Pause) 185M->186M(256M) 19.939ms
[2020-01-29T22:10:34.959+0300][66.402s][debug][gc] GC(2240) Reclaimed 118 empty regions
[2020-01-29T22:10:34.959+0300][66.402s][info ][gc] GC(2240) Pause Remark 187M->70M(256M) 0.598ms
[2020-01-29T22:10:34.974+0300][66.418s][info ][gc] GC(2242) Pause Young (Normal) (G1 Evacuation Pause) 82M->83M(256M) 11.571ms
[2020-01-29T22:10:35.024+0300][66.468s][info ][gc] GC(2243) Pause Young (Normal) (G1 Evacuation Pause) 128M->130M(256M) 31.827ms
[2020-01-29T22:10:35.054+0300][66.494s][info ][gc] GC(2240) Pause Cleanup 159M->159M(256M) 0.045ms
[2020-01-29T22:10:35.054+0300][66.494s][info ][gc] GC(2240) Concurrent Cycle 124.975ms
[2020-01-29T22:10:35.099+0300][66.540s][info ][gc] GC(2244) Pause Young (Concurrent Start) (G1 Humongous Allocation) 159M->160M(256M) 36.595ms
[2020-01-29T22:10:35.099+0300][66.540s][info ][gc] GC(2245) Concurrent Cycle
[2020-01-29T22:10:35.134+0300][66.575s][info ][gc] GC(2246) Pause Young (Normal) (G1 Evacuation Pause) 201M->202M(256M) 16.465ms
[2020-01-29T22:10:35.139+0300][66.580s][debug][gc] GC(2245) Reclaimed 120 empty regions
[2020-01-29T22:10:35.140+0300][66.580s][info ][gc] GC(2245) Pause Remark 206M->86M(256M) 0.800ms
[2020-01-29T22:10:35.153+0300][66.593s][info ][gc] GC(2247) Pause Young (Normal) (G1 Evacuation Pause) 90M->90M(256M) 9.550ms
[2020-01-29T22:10:35.201+0300][66.641s][info ][gc] GC(2248) Pause Young (Normal) (G1 Evacuation Pause) 133M->135M(256M) 29.127ms
[2020-01-29T22:10:35.249+0300][66.689s][info ][gc] GC(2249) Pause Young (Normal) (G1 Evacuation Pause) 164M->165M(256M) 35.212ms
[2020-01-29T22:10:35.305+0300][66.745s][info ][gc] GC(2250) Pause Young (Normal) (G1 Evacuation Pause) 205M->206M(256M) 35.971ms
[2020-01-29T22:10:35.308+0300][66.747s][info ][gc] GC(2245) Pause Cleanup 211M->211M(256M) 0.052ms
[2020-01-29T22:10:35.308+0300][66.748s][info ][gc] GC(2245) Concurrent Cycle 207.606ms
[2020-01-29T22:10:35.336+0300][66.776s][info ][gc] GC(2251) Pause Young (Normal) (G1 Evacuation Pause) 214M->215M(256M) 26.722ms
[2020-01-29T22:10:35.348+0300][66.788s][info ][gc] GC(2252) Pause Young (Concurrent Start) (G1 Evacuation Pause) 225M->226M(256M) 8.180ms
[2020-01-29T22:10:35.348+0300][66.788s][info ][gc] GC(2253) Concurrent Cycle
[2020-01-29T22:10:35.362+0300][66.802s][info ][gc] GC(2254) Pause Young (Normal) (G1 Evacuation Pause) 236M->237M(256M) 7.968ms
[2020-01-29T22:10:35.378+0300][66.818s][info ][gc] GC(2255) To-space exhausted
[2020-01-29T22:10:35.379+0300][66.818s][info ][gc] GC(2255) Pause Young (Normal) (G1 Evacuation Pause) 247M->249M(256M) 11.783ms
[2020-01-29T22:10:35.395+0300][66.834s][info ][gc] GC(2256) To-space exhausted
[2020-01-29T22:10:35.395+0300][66.834s][info ][gc] GC(2256) Pause Young (Normal) (G1 Evacuation Pause) 255M->255M(256M) 13.517ms
[2020-01-29T22:10:35.395+0300][66.834s][debug][gc] GC(2257) Clear Next Bitmap 0.072ms
[2020-01-29T22:10:35.434+0300][66.874s][info ][gc] GC(2257) Pause Full (G1 Evacuation Pause) 255M->71M(256M) 40.015ms
[2020-01-29T22:10:35.434+0300][66.875s][info ][gc] GC(2253) Concurrent Cycle 86.740ms
[2020-01-29T22:10:35.481+0300][66.922s][info ][gc] GC(2258) Pause Young (Normal) (G1 Evacuation Pause) 120M->120M(256M) 27.996ms
[2020-01-29T22:10:35.513+0300][66.953s][info ][gc] GC(2259) Pause Young (Concurrent Start) (G1 Humongous Allocation) 136M->137M(256M) 13.929ms
[2020-01-29T22:10:35.513+0300][66.953s][info ][gc] GC(2260) Concurrent Cycle
[2020-01-29T22:10:35.546+0300][66.986s][info ][gc] GC(2261) Pause Young (Normal) (G1 Evacuation Pause) 185M->186M(256M) 20.361ms
[2020-01-29T22:10:35.550+0300][66.990s][debug][gc] GC(2260) Reclaimed 110 empty regions
[2020-01-29T22:10:35.550+0300][66.991s][info ][gc] GC(2260) Pause Remark 196M->88M(256M) 0.668ms
[2020-01-29T22:10:35.561+0300][67.002s][info ][gc] GC(2262) Pause Young (Normal) (G1 Evacuation Pause) 90M->91M(256M) 9.900ms
[2020-01-29T22:10:35.611+0300][67.052s][info ][gc] GC(2263) Pause Young (Normal) (G1 Evacuation Pause) 134M->135M(256M) 31.248ms
[2020-01-29T22:10:35.661+0300][67.101s][info ][gc] GC(2264) Pause Young (Normal) (G1 Evacuation Pause) 164M->164M(256M) 37.308ms
[2020-01-29T22:10:35.713+0300][67.153s][info ][gc] GC(2265) Pause Young (Normal) (G1 Evacuation Pause) 204M->205M(256M) 32.844ms
[2020-01-29T22:10:35.716+0300][67.156s][info ][gc] GC(2260) Pause Cleanup 210M->210M(256M) 0.045ms
[2020-01-29T22:10:35.716+0300][67.156s][info ][gc] GC(2260) Concurrent Cycle 203.085ms
[2020-01-29T22:10:35.742+0300][67.182s][info ][gc] GC(2266) Pause Young (Normal) (G1 Evacuation Pause) 213M->214M(256M) 25.056ms
[2020-01-29T22:10:35.755+0300][67.194s][info ][gc] GC(2267) Pause Young (Concurrent Start) (G1 Evacuation Pause) 224M->225M(256M) 8.140ms
[2020-01-29T22:10:35.755+0300][67.194s][info ][gc] GC(2268) Concurrent Cycle
[2020-01-29T22:10:35.769+0300][67.208s][info ][gc] GC(2269) Pause Young (Normal) (G1 Evacuation Pause) 235M->236M(256M) 7.784ms
[2020-01-29T22:10:35.783+0300][67.223s][info ][gc] GC(2270) To-space exhausted
[2020-01-29T22:10:35.783+0300][67.224s][info ][gc] GC(2270) Pause Young (Normal) (G1 Evacuation Pause) 246M->248M(256M) 11.026ms
[2020-01-29T22:10:35.801+0300][67.242s][info ][gc] GC(2271) To-space exhausted
[2020-01-29T22:10:35.801+0300][67.242s][info ][gc] GC(2271) Pause Young (Normal) (G1 Evacuation Pause) 255M->255M(256M) 15.502ms
[2020-01-29T22:10:35.802+0300][67.242s][debug][gc] GC(2272) Clear Next Bitmap 0.088ms
[2020-01-29T22:10:35.846+0300][67.287s][info ][gc] GC(2272) Pause Full (G1 Evacuation Pause) 255M->83M(256M) 44.578ms
[2020-01-29T22:10:35.846+0300][67.287s][info ][gc] GC(2268) Concurrent Cycle 92.582ms
[2020-01-29T22:10:35.889+0300][67.329s][info ][gc] GC(2273) Pause Young (Normal) (G1 Evacuation Pause) 128M->129M(256M) 24.608ms
[2020-01-29T22:10:35.911+0300][67.352s][info ][gc] GC(2274) Pause Young (Concurrent Start) (G1 Humongous Allocation) 137M->137M(256M) 8.734ms
[2020-01-29T22:10:35.911+0300][67.352s][info ][gc] GC(2275) Concurrent Cycle
[2020-01-29T22:10:35.923+0300][67.363s][debug][gc] GC(2275) Reclaimed 120 empty regions
[2020-01-29T22:10:35.923+0300][67.363s][info ][gc] GC(2275) Pause Remark 183M->65M(256M) 0.618ms
[2020-01-29T22:10:35.942+0300][67.382s][info ][gc] GC(2276) Pause Young (Normal) (G1 Evacuation Pause) 67M->64M(256M) 17.817ms
[2020-01-29T22:10:36.005+0300][67.445s][info ][gc] GC(2277) Pause Young (Normal) (G1 Evacuation Pause) 116M->117M(256M) 42.267ms
[2020-01-29T22:10:36.005+0300][67.445s][info ][gc] GC(2275) Pause Cleanup 118M->118M(256M) 0.043ms
[2020-01-29T22:10:36.006+0300][67.446s][info ][gc] GC(2275) Concurrent Cycle 93.995ms
[2020-01-29T22:10:36.070+0300][67.510s][info ][gc] GC(2278) Pause Young (Concurrent Start) (G1 Humongous Allocation) 152M->153M(256M) 40.146ms
[2020-01-29T22:10:36.070+0300][67.510s][info ][gc] GC(2279) Concurrent Cycle
[2020-01-29T22:10:36.110+0300][67.550s][info ][gc] GC(2280) Pause Young (Normal) (G1 Evacuation Pause) 196M->197M(256M) 17.845ms
[2020-01-29T22:10:36.114+0300][67.554s][debug][gc] GC(2279) Reclaimed 105 empty regions
[2020-01-29T22:10:36.114+0300][67.554s][info ][gc] GC(2279) Pause Remark 206M->101M(256M) 0.599ms
[2020-01-29T22:10:36.124+0300][67.564s][info ][gc] GC(2281) Pause Young (Normal) (G1 Evacuation Pause) 102M->103M(256M) 9.430ms
[2020-01-29T22:10:36.172+0300][67.612s][info ][gc] GC(2282) Pause Young (Normal) (G1 Evacuation Pause) 142M->142M(256M) 32.205ms
[2020-01-29T22:10:36.215+0300][67.656s][info ][gc] GC(2283) Pause Young (Normal) (G1 Evacuation Pause) 169M->170M(256M) 32.392ms
[2020-01-29T22:10:36.267+0300][67.707s][info ][gc] GC(2284) Pause Young (Normal) (G1 Evacuation Pause) 208M->209M(256M) 33.030ms
[2020-01-29T22:10:36.297+0300][67.737s][info ][gc] GC(2285) Pause Young (Normal) (G1 Evacuation Pause) 218M->218M(256M) 25.516ms
[2020-01-29T22:10:36.328+0300][67.768s][info ][gc] GC(2286) Pause Young (Normal) (G1 Evacuation Pause) 228M->229M(256M) 27.221ms
[2020-01-29T22:10:36.360+0300][67.800s][info ][gc] GC(2287) Pause Young (Normal) (G1 Evacuation Pause) 239M->240M(256M) 27.944ms
[2020-01-29T22:10:36.399+0300][67.839s][info ][gc] GC(2288) To-space exhausted
[2020-01-29T22:10:36.399+0300][67.839s][info ][gc] GC(2288) Pause Young (Normal) (G1 Evacuation Pause) 250M->252M(256M) 34.778ms
[2020-01-29T22:10:36.432+0300][67.872s][info ][gc] GC(2289) To-space exhausted
[2020-01-29T22:10:36.432+0300][67.872s][info ][gc] GC(2289) Pause Young (Normal) (G1 Evacuation Pause) 255M->255M(256M) 31.200ms
[2020-01-29T22:10:36.432+0300][67.872s][debug][gc] GC(2290) Clear Next Bitmap 0.065ms
[2020-01-29T22:10:36.465+0300][67.905s][info ][gc] GC(2290) Pause Full (G1 Evacuation Pause) 255M->65M(256M) 33.051ms
[2020-01-29T22:10:36.465+0300][67.905s][info ][gc] GC(2279) Concurrent Cycle 395.496ms
[2020-01-29T22:10:36.515+0300][67.955s][info ][gc] GC(2291) Pause Young (Normal) (G1 Evacuation Pause) 117M->117M(256M) 29.088ms
[2020-01-29T22:10:36.548+0300][67.989s][info ][gc] GC(2292) Pause Young (Concurrent Start) (G1 Humongous Allocation) 137M->137M(256M) 15.693ms
[2020-01-29T22:10:36.548+0300][67.989s][info ][gc] GC(2293) Concurrent Cycle
[2020-01-29T22:10:36.583+0300][68.023s][info ][gc] GC(2294) Pause Young (Normal) (G1 Evacuation Pause) 185M->186M(256M) 20.209ms
[2020-01-29T22:10:36.587+0300][68.028s][debug][gc] GC(2293) Reclaimed 106 empty regions
[2020-01-29T22:10:36.587+0300][68.028s][info ][gc] GC(2293) Pause Remark 196M->91M(256M) 0.613ms
[2020-01-29T22:10:36.600+0300][68.041s][info ][gc] GC(2295) Pause Young (Normal) (G1 Evacuation Pause) 94M->95M(256M) 11.524ms
[2020-01-29T22:10:36.647+0300][68.087s][info ][gc] GC(2296) Pause Young (Normal) (G1 Evacuation Pause) 136M->137M(256M) 29.953ms
[2020-01-29T22:10:36.694+0300][68.134s][info ][gc] GC(2297) Pause Young (Normal) (G1 Evacuation Pause) 165M->165M(256M) 35.234ms
[2020-01-29T22:10:36.746+0300][68.187s][info ][gc] GC(2298) Pause Young (Normal) (G1 Evacuation Pause) 205M->206M(256M) 31.977ms
[2020-01-29T22:10:36.777+0300][68.217s][info ][gc] GC(2299) Pause Young (Normal) (G1 Evacuation Pause) 214M->215M(256M) 26.793ms
[2020-01-29T22:10:36.779+0300][68.219s][info ][gc] GC(2293) Pause Cleanup 217M->217M(256M) 0.048ms
[2020-01-29T22:10:36.779+0300][68.219s][info ][gc] GC(2293) Concurrent Cycle 230.169ms
[2020-01-29T22:10:36.806+0300][68.246s][info ][gc] GC(2300) Pause Young (Normal) (G1 Evacuation Pause) 225M->226M(256M) 23.648ms
[2020-01-29T22:10:36.818+0300][68.258s][info ][gc] GC(2301) Pause Young (Concurrent Start) (G1 Evacuation Pause) 236M->238M(256M) 8.306ms
[2020-01-29T22:10:36.818+0300][68.258s][info ][gc] GC(2302) Concurrent Cycle
[2020-01-29T22:10:36.837+0300][68.277s][info ][gc] GC(2303) To-space exhausted
[2020-01-29T22:10:36.837+0300][68.277s][info ][gc] GC(2303) Pause Young (Normal) (G1 Evacuation Pause) 248M->251M(256M) 12.736ms
[2020-01-29T22:10:36.851+0300][68.291s][info ][gc] GC(2304) To-space exhausted
[2020-01-29T22:10:36.851+0300][68.291s][info ][gc] GC(2304) Pause Young (Normal) (G1 Evacuation Pause) 255M->255M(256M) 11.591ms
[2020-01-29T22:10:36.851+0300][68.291s][debug][gc] GC(2305) Clear Next Bitmap 0.059ms
[2020-01-29T22:10:36.894+0300][68.335s][info ][gc] GC(2305) Pause Full (G1 Evacuation Pause) 255M->79M(256M) 44.079ms
[2020-01-29T22:10:36.895+0300][68.335s][info ][gc] GC(2302) Concurrent Cycle 77.166ms
[2020-01-29T22:10:36.940+0300][68.380s][info ][gc] GC(2306) Pause Young (Normal) (G1 Evacuation Pause) 126M->126M(256M) 25.844ms
[2020-01-29T22:10:36.965+0300][68.405s][info ][gc] GC(2307) Pause Young (Concurrent Start) (G1 Humongous Allocation) 137M->137M(256M) 10.342ms
[2020-01-29T22:10:36.965+0300][68.405s][info ][gc] GC(2308) Concurrent Cycle
[2020-01-29T22:10:36.997+0300][68.437s][info ][gc] GC(2309) Pause Young (Normal) (G1 Evacuation Pause) 184M->185M(256M) 19.321ms
[2020-01-29T22:10:36.998+0300][68.438s][debug][gc] GC(2308) Reclaimed 117 empty regions
[2020-01-29T22:10:36.998+0300][68.438s][info ][gc] GC(2308) Pause Remark 186M->71M(256M) 0.625ms
[2020-01-29T22:10:37.014+0300][68.455s][info ][gc] GC(2310) Pause Young (Normal) (G1 Evacuation Pause) 83M->84M(256M) 11.135ms
[2020-01-29T22:10:37.067+0300][68.508s][info ][gc] GC(2311) Pause Young (Normal) (G1 Evacuation Pause) 129M->130M(256M) 34.533ms
[2020-01-29T22:10:37.091+0300][68.532s][info ][gc] GC(2308) Pause Cleanup 180M->180M(256M) 0.051ms
[2020-01-29T22:10:37.092+0300][68.532s][info ][gc] GC(2308) Concurrent Cycle 126.352ms
[2020-01-29T22:10:37.129+0300][68.569s][info ][gc] GC(2312) Pause Young (Normal) (G1 Evacuation Pause) 180M->181M(256M) 36.946ms
[2020-01-29T22:10:37.146+0300][68.586s][info ][gc] GC(2313) Pause Young (Concurrent Start) (G1 Evacuation Pause) 196M->197M(256M) 11.162ms
[2020-01-29T22:10:37.146+0300][68.586s][info ][gc] GC(2314) Concurrent Cycle
[2020-01-29T22:10:37.168+0300][68.608s][info ][gc] GC(2315) Pause Young (Normal) (G1 Evacuation Pause) 207M->207M(256M) 9.858ms
[2020-01-29T22:10:37.180+0300][68.619s][info ][gc] GC(2316) Pause Young (Normal) (G1 Evacuation Pause) 217M->218M(256M) 7.099ms
[2020-01-29T22:10:37.191+0300][68.631s][info ][gc] GC(2317) Pause Young (Normal) (G1 Evacuation Pause) 228M->229M(256M) 7.329ms
[2020-01-29T22:10:37.203+0300][68.643s][info ][gc] GC(2318) Pause Young (Normal) (G1 Evacuation Pause) 239M->240M(256M) 7.601ms
[2020-01-29T22:10:37.222+0300][68.662s][info ][gc] GC(2319) To-space exhausted
[2020-01-29T22:10:37.222+0300][68.662s][info ][gc] GC(2319) Pause Young (Normal) (G1 Evacuation Pause) 250M->252M(256M) 14.429ms
[2020-01-29T22:10:37.224+0300][68.663s][debug][gc] GC(2314) Reclaimed 150 empty regions
[2020-01-29T22:10:37.224+0300][68.663s][info ][gc] GC(2314) Pause Remark 254M->104M(256M) 0.650ms
[2020-01-29T22:10:37.238+0300][68.677s][info ][gc] GC(2320) Pause Young (Normal) (G1 Evacuation Pause) 112M->113M(256M) 10.242ms
[2020-01-29T22:10:37.281+0300][68.722s][info ][gc] GC(2321) Pause Young (Normal) (G1 Evacuation Pause) 149M->149M(256M) 27.663ms
[2020-01-29T22:10:37.337+0300][68.777s][info ][gc] GC(2322) Pause Young (Normal) (G1 Evacuation Pause) 194M->196M(256M) 33.718ms
[2020-01-29T22:10:37.369+0300][68.809s][info ][gc] GC(2323) Pause Young (Normal) (G1 Evacuation Pause) 206M->207M(256M) 27.986ms
[2020-01-29T22:10:37.400+0300][68.841s][info ][gc] GC(2324) Pause Young (Normal) (G1 Evacuation Pause) 217M->218M(256M) 27.156ms
[2020-01-29T22:10:37.433+0300][68.873s][info ][gc] GC(2325) Pause Young (Normal) (G1 Evacuation Pause) 228M->229M(256M) 28.234ms
[2020-01-29T22:10:37.468+0300][68.908s][info ][gc] GC(2326) Pause Young (Normal) (G1 Evacuation Pause) 239M->240M(256M) 29.277ms
[2020-01-29T22:10:37.510+0300][68.950s][info ][gc] GC(2327) To-space exhausted
[2020-01-29T22:10:37.510+0300][68.950s][info ][gc] GC(2327) Pause Young (Normal) (G1 Evacuation Pause) 250M->254M(256M) 37.032ms
[2020-01-29T22:10:37.540+0300][68.980s][info ][gc] GC(2328) To-space exhausted
[2020-01-29T22:10:37.540+0300][68.980s][info ][gc] GC(2328) Pause Young (Normal) (G1 Evacuation Pause) 255M->255M(256M) 28.842ms
[2020-01-29T22:10:37.540+0300][68.980s][debug][gc] GC(2329) Clear Next Bitmap 0.073ms
[2020-01-29T22:10:37.595+0300][69.035s][info ][gc] GC(2329) Pause Full (G1 Evacuation Pause) 255M->93M(256M) 55.437ms
[2020-01-29T22:10:37.596+0300][69.036s][info ][gc] GC(2314) Concurrent Cycle 449.362ms
[2020-01-29T22:10:37.637+0300][69.076s][info ][gc] GC(2330) Pause Young (Normal) (G1 Evacuation Pause) 135M->135M(256M) 23.787ms
[2020-01-29T22:10:37.653+0300][69.094s][info ][gc] GC(2331) Pause Young (Concurrent Start) (G1 Humongous Allocation) 136M->137M(256M) 5.624ms
[2020-01-29T22:10:37.653+0300][69.094s][info ][gc] GC(2332) Concurrent Cycle
[2020-01-29T22:10:37.662+0300][69.102s][debug][gc] GC(2332) Reclaimed 125 empty regions
[2020-01-29T22:10:37.662+0300][69.102s][info ][gc] GC(2332) Pause Remark 173M->50M(256M) 0.639ms
[2020-01-29T22:10:37.685+0300][69.125s][info ][gc] GC(2333) Pause Young (Normal) (G1 Evacuation Pause) 61M->60M(256M) 17.708ms
[2020-01-29T22:10:37.696+0300][69.137s][info ][gc] GC(2332) Pause Cleanup 86M->86M(256M) 0.038ms
[2020-01-29T22:10:37.696+0300][69.137s][info ][gc] GC(2332) Concurrent Cycle 43.007ms
[2020-01-29T22:10:37.748+0300][69.188s][info ][gc] GC(2334) Pause Young (Normal) (G1 Evacuation Pause) 113M->114M(256M) 39.323ms
[2020-01-29T22:10:37.797+0300][69.237s][info ][gc] GC(2335) Pause Young (Concurrent Start) (G1 Humongous Allocation) 148M->148M(256M) 24.228ms
[2020-01-29T22:10:37.797+0300][69.237s][info ][gc] GC(2336) Concurrent Cycle
[2020-01-29T22:10:37.837+0300][69.278s][info ][gc] GC(2337) Pause Young (Normal) (G1 Evacuation Pause) 193M->194M(256M) 19.514ms
[2020-01-29T22:10:37.842+0300][69.283s][debug][gc] GC(2336) Reclaimed 100 empty regions
[2020-01-29T22:10:37.842+0300][69.283s][info ][gc] GC(2336) Pause Remark 202M->102M(256M) 0.632ms
[2020-01-29T22:10:37.853+0300][69.293s][info ][gc] GC(2338) Pause Young (Normal) (G1 Evacuation Pause) 104M->105M(256M) 9.428ms
[2020-01-29T22:10:37.901+0300][69.341s][info ][gc] GC(2339) Pause Young (Normal) (G1 Evacuation Pause) 143M->145M(256M) 27.470ms
[2020-01-29T22:10:37.947+0300][69.387s][info ][gc] GC(2340) Pause Young (Normal) (G1 Evacuation Pause) 171M->172M(256M) 32.723ms
[2020-01-29T22:10:37.998+0300][69.438s][info ][gc] GC(2341) Pause Young (Normal) (G1 Evacuation Pause) 209M->210M(256M) 29.802ms
[2020-01-29T22:10:38.029+0300][69.469s][info ][gc] GC(2342) Pause Young (Normal) (G1 Evacuation Pause) 219M->220M(256M) 22.152ms
[2020-01-29T22:10:38.032+0300][69.472s][info ][gc] GC(2336) Pause Cleanup 227M->227M(256M) 0.053ms
[2020-01-29T22:10:38.032+0300][69.472s][info ][gc] GC(2336) Concurrent Cycle 235.581ms
[2020-01-29T22:10:38.056+0300][69.496s][info ][gc] GC(2343) Pause Young (Normal) (G1 Evacuation Pause) 230M->232M(256M) 22.494ms
[2020-01-29T22:10:38.069+0300][69.509s][info ][gc] GC(2344) Pause Young (Concurrent Start) (G1 Evacuation Pause) 242M->242M(256M) 8.131ms
[2020-01-29T22:10:38.069+0300][69.509s][info ][gc] GC(2345) Concurrent Cycle
[2020-01-29T22:10:38.092+0300][69.532s][info ][gc] GC(2346) To-space exhausted
[2020-01-29T22:10:38.093+0300][69.533s][info ][gc] GC(2346) Pause Young (Normal) (G1 Evacuation Pause) 252M->255M(256M) 16.278ms
[2020-01-29T22:10:38.093+0300][69.533s][debug][gc] GC(2347) Clear Next Bitmap 0.060ms
[2020-01-29T22:10:38.123+0300][69.563s][info ][gc] GC(2347) Pause Full (G1 Evacuation Pause) 255M->62M(256M) 30.527ms
[2020-01-29T22:10:38.124+0300][69.563s][info ][gc] GC(2345) Concurrent Cycle 53.968ms
[2020-01-29T22:10:38.173+0300][69.614s][info ][gc] GC(2348) Pause Young (Normal) (G1 Evacuation Pause) 114M->114M(256M) 29.149ms
[2020-01-29T22:10:38.212+0300][69.652s][info ][gc] GC(2349) Pause Young (Concurrent Start) (G1 Humongous Allocation) 137M->138M(256M) 16.889ms
[2020-01-29T22:10:38.212+0300][69.652s][info ][gc] GC(2350) Concurrent Cycle
[2020-01-29T22:10:38.249+0300][69.689s][info ][gc] GC(2351) Pause Young (Normal) (G1 Evacuation Pause) 186M->187M(256M) 21.012ms
[2020-01-29T22:10:38.254+0300][69.694s][debug][gc] GC(2350) Reclaimed 104 empty regions
[2020-01-29T22:10:38.254+0300][69.694s][info ][gc] GC(2350) Pause Remark 196M->94M(256M) 0.667ms
[2020-01-29T22:10:38.265+0300][69.705s][info ][gc] GC(2352) Pause Young (Normal) (G1 Evacuation Pause) 96M->98M(256M) 9.566ms
[2020-01-29T22:10:38.312+0300][69.752s][info ][gc] GC(2353) Pause Young (Normal) (G1 Evacuation Pause) 138M->139M(256M) 30.040ms
[2020-01-29T22:10:38.358+0300][69.799s][info ][gc] GC(2354) Pause Young (Normal) (G1 Evacuation Pause) 167M->168M(256M) 35.279ms
[2020-01-29T22:10:38.411+0300][69.851s][info ][gc] GC(2355) Pause Young (Normal) (G1 Evacuation Pause) 207M->208M(256M) 32.719ms
[2020-01-29T22:10:38.442+0300][69.882s][info ][gc] GC(2356) Pause Young (Normal) (G1 Evacuation Pause) 217M->218M(256M) 26.781ms
[2020-01-29T22:10:38.475+0300][69.915s][info ][gc] GC(2357) Pause Young (Normal) (G1 Evacuation Pause) 228M->229M(256M) 27.683ms
[2020-01-29T22:10:38.476+0300][69.916s][info ][gc] GC(2350) Pause Cleanup 231M->231M(256M) 0.053ms
[2020-01-29T22:10:38.476+0300][69.916s][info ][gc] GC(2350) Concurrent Cycle 263.676ms
[2020-01-29T22:10:38.506+0300][69.946s][info ][gc] GC(2358) Pause Young (Normal) (G1 Evacuation Pause) 239M->240M(256M) 26.710ms
[2020-01-29T22:10:38.525+0300][69.965s][info ][gc] GC(2359) To-space exhausted
[2020-01-29T22:10:38.525+0300][69.965s][info ][gc] GC(2359) Pause Young (Concurrent Start) (G1 Evacuation Pause) 250M->253M(256M) 15.129ms
[2020-01-29T22:10:38.525+0300][69.965s][info ][gc] GC(2360) Concurrent Cycle
[2020-01-29T22:10:38.536+0300][69.976s][info ][gc] GC(2361) To-space exhausted
[2020-01-29T22:10:38.536+0300][69.976s][info ][gc] GC(2361) Pause Young (Normal) (G1 Evacuation Pause) 255M->255M(256M) 8.527ms
[2020-01-29T22:10:38.536+0300][69.977s][debug][gc] GC(2362) Clear Next Bitmap 0.097ms
[2020-01-29T22:10:38.583+0300][70.024s][info ][gc] GC(2362) Pause Full (G1 Evacuation Pause) 255M->75M(256M) 47.309ms
[2020-01-29T22:10:38.584+0300][70.024s][info ][gc] GC(2360) Concurrent Cycle 59.281ms
[2020-01-29T22:10:38.628+0300][70.069s][info ][gc] GC(2363) Pause Young (Normal) (G1 Evacuation Pause) 123M->122M(256M) 25.799ms
[2020-01-29T22:10:38.657+0300][70.097s][info ][gc] GC(2364) Pause Young (Concurrent Start) (G1 Humongous Allocation) 136M->138M(256M) 11.938ms
[2020-01-29T22:10:38.657+0300][70.097s][info ][gc] GC(2365) Concurrent Cycle
[2020-01-29T22:10:38.688+0300][70.128s][info ][gc] GC(2366) Pause Young (Normal) (G1 Evacuation Pause) 185M->186M(256M) 19.456ms
[2020-01-29T22:10:38.691+0300][70.131s][debug][gc] GC(2365) Reclaimed 115 empty regions
[2020-01-29T22:10:38.691+0300][70.131s][info ][gc] GC(2365) Pause Remark 192M->80M(256M) 0.610ms
[2020-01-29T22:10:38.702+0300][70.143s][info ][gc] GC(2367) Pause Young (Normal) (G1 Evacuation Pause) 85M->86M(256M) 9.038ms
[2020-01-29T22:10:38.750+0300][70.191s][info ][gc] GC(2368) Pause Young (Normal) (G1 Evacuation Pause) 130M->131M(256M) 30.962ms
[2020-01-29T22:10:38.800+0300][70.241s][info ][gc] GC(2369) Pause Young (Normal) (G1 Evacuation Pause) 161M->162M(256M) 37.671ms
[2020-01-29T22:10:38.819+0300][70.260s][info ][gc] GC(2365) Pause Cleanup 202M->202M(256M) 0.041ms
[2020-01-29T22:10:38.851+0300][70.290s][info ][gc] GC(2370) Pause Young (Normal) (G1 Evacuation Pause) 202M->203M(256M) 30.323ms
[2020-01-29T22:10:38.851+0300][70.291s][info ][gc] GC(2365) Concurrent Cycle 193.646ms
[2020-01-29T22:10:38.861+0300][70.301s][info ][gc] GC(2371) Pause Young (Normal) (G1 Evacuation Pause) 211M->213M(256M) 7.402ms
[2020-01-29T22:10:38.873+0300][70.313s][info ][gc] GC(2372) Pause Young (Concurrent Start) (G1 Evacuation Pause) 223M->224M(256M) 8.171ms
[2020-01-29T22:10:38.873+0300][70.313s][info ][gc] GC(2373) Concurrent Cycle
[2020-01-29T22:10:38.888+0300][70.327s][info ][gc] GC(2374) Pause Young (Normal) (G1 Evacuation Pause) 234M->235M(256M) 7.834ms
[2020-01-29T22:10:38.902+0300][70.341s][info ][gc] GC(2375) To-space exhausted
[2020-01-29T22:10:38.902+0300][70.341s][info ][gc] GC(2375) Pause Young (Normal) (G1 Evacuation Pause) 245M->248M(256M) 9.845ms
[2020-01-29T22:10:38.918+0300][70.359s][info ][gc] GC(2376) To-space exhausted
[2020-01-29T22:10:38.919+0300][70.359s][info ][gc] GC(2376) Pause Young (Normal) (G1 Evacuation Pause) 255M->255M(256M) 14.962ms
[2020-01-29T22:10:38.919+0300][70.359s][debug][gc] GC(2377) Clear Next Bitmap 0.077ms
[2020-01-29T22:10:38.964+0300][70.404s][info ][gc] GC(2377) Pause Full (G1 Evacuation Pause) 255M->84M(256M) 44.663ms
[2020-01-29T22:10:38.964+0300][70.404s][info ][gc] GC(2373) Concurrent Cycle 91.005ms
[2020-01-29T22:10:39.007+0300][70.447s][info ][gc] GC(2378) Pause Young (Normal) (G1 Evacuation Pause) 129M->129M(256M) 25.056ms
[2020-01-29T22:10:39.028+0300][70.468s][info ][gc] GC(2379) Pause Young (Concurrent Start) (G1 Humongous Allocation) 136M->136M(256M) 8.870ms
[2020-01-29T22:10:39.028+0300][70.468s][info ][gc] GC(2380) Concurrent Cycle
[2020-01-29T22:10:39.039+0300][70.479s][debug][gc] GC(2380) Reclaimed 121 empty regions
[2020-01-29T22:10:39.039+0300][70.479s][info ][gc] GC(2380) Pause Remark 180M->61M(256M) 0.617ms
[2020-01-29T22:10:39.059+0300][70.499s][info ][gc] GC(2381) Pause Young (Normal) (G1 Evacuation Pause) 65M->61M(256M) 17.761ms
[2020-01-29T22:10:39.078+0300][70.518s][info ][gc] GC(2380) Pause Cleanup 110M->110M(256M) 0.035ms
[2020-01-29T22:10:39.078+0300][70.518s][info ][gc] GC(2380) Concurrent Cycle 49.905ms
[2020-01-29T22:10:39.120+0300][70.560s][info ][gc] GC(2382) Pause Young (Normal) (G1 Evacuation Pause) 113M->115M(256M) 40.262ms
[2020-01-29T22:10:39.167+0300][70.607s][info ][gc] GC(2383) Pause Young (Concurrent Start) (G1 Humongous Allocation) 150M->150M(256M) 23.854ms
[2020-01-29T22:10:39.168+0300][70.608s][info ][gc] GC(2384) Concurrent Cycle
[2020-01-29T22:10:39.210+0300][70.650s][info ][gc] GC(2385) Pause Young (Normal) (G1 Evacuation Pause) 194M->194M(256M) 19.889ms
[2020-01-29T22:10:39.215+0300][70.655s][debug][gc] GC(2384) Reclaimed 102 empty regions
[2020-01-29T22:10:39.215+0300][70.655s][info ][gc] GC(2384) Pause Remark 204M->102M(256M) 0.617ms
[2020-01-29T22:10:39.225+0300][70.665s][info ][gc] GC(2386) Pause Young (Normal) (G1 Evacuation Pause) 102M->103M(256M) 9.635ms
[2020-01-29T22:10:39.268+0300][70.707s][info ][gc] GC(2387) Pause Young (Normal) (G1 Evacuation Pause) 142M->143M(256M) 27.219ms
[2020-01-29T22:10:39.310+0300][70.750s][info ][gc] GC(2388) Pause Young (Normal) (G1 Evacuation Pause) 169M->170M(256M) 32.660ms
[2020-01-29T22:10:39.359+0300][70.800s][info ][gc] GC(2389) Pause Young (Normal) (G1 Evacuation Pause) 208M->209M(256M) 31.119ms
[2020-01-29T22:10:39.390+0300][70.830s][info ][gc] GC(2390) Pause Young (Normal) (G1 Evacuation Pause) 218M->220M(256M) 26.363ms
[2020-01-29T22:10:39.421+0300][70.861s][info ][gc] GC(2391) Pause Young (Normal) (G1 Evacuation Pause) 230M->231M(256M) 26.260ms
[2020-01-29T22:10:39.452+0300][70.893s][info ][gc] GC(2392) Pause Young (Normal) (G1 Evacuation Pause) 241M->242M(256M) 27.431ms
[2020-01-29T22:10:39.493+0300][70.933s][info ][gc] GC(2393) To-space exhausted
[2020-01-29T22:10:39.493+0300][70.933s][info ][gc] GC(2393) Pause Young (Normal) (G1 Evacuation Pause) 252M->255M(256M) 36.512ms
[2020-01-29T22:10:39.493+0300][70.934s][debug][gc] GC(2394) Clear Next Bitmap 0.064ms
[2020-01-29T22:10:39.525+0300][70.965s][info ][gc] GC(2394) Pause Full (G1 Evacuation Pause) 255M->62M(256M) 31.297ms
[2020-01-29T22:10:39.525+0300][70.965s][info ][gc] GC(2384) Concurrent Cycle 357.522ms
[2020-01-29T22:10:39.574+0300][71.014s][info ][gc] GC(2395) Pause Young (Normal) (G1 Evacuation Pause) 114M->114M(256M) 29.066ms
[2020-01-29T22:10:39.611+0300][71.051s][info ][gc] GC(2396) Pause Young (Concurrent Start) (G1 Humongous Allocation) 136M->137M(256M) 17.103ms
[2020-01-29T22:10:39.611+0300][71.051s][info ][gc] GC(2397) Concurrent Cycle
[2020-01-29T22:10:39.647+0300][71.087s][info ][gc] GC(2398) Pause Young (Normal) (G1 Evacuation Pause) 185M->186M(256M) 20.487ms
[2020-01-29T22:10:39.652+0300][71.091s][debug][gc] GC(2397) Reclaimed 104 empty regions
[2020-01-29T22:10:39.652+0300][71.091s][info ][gc] GC(2397) Pause Remark 196M->93M(256M) 0.624ms
[2020-01-29T22:10:39.664+0300][71.104s][info ][gc] GC(2399) Pause Young (Normal) (G1 Evacuation Pause) 96M->97M(256M) 11.311ms
[2020-01-29T22:10:39.710+0300][71.151s][info ][gc] GC(2400) Pause Young (Normal) (G1 Evacuation Pause) 138M->139M(256M) 29.977ms
[2020-01-29T22:10:39.757+0300][71.198s][info ][gc] GC(2401) Pause Young (Normal) (G1 Evacuation Pause) 167M->168M(256M) 35.841ms
[2020-01-29T22:10:39.812+0300][71.252s][info ][gc] GC(2402) Pause Young (Normal) (G1 Evacuation Pause) 207M->209M(256M) 35.561ms
[2020-01-29T22:10:39.845+0300][71.285s][info ][gc] GC(2403) Pause Young (Normal) (G1 Evacuation Pause) 218M->218M(256M) 28.625ms
[2020-01-29T22:10:39.880+0300][71.320s][info ][gc] GC(2404) Pause Young (Normal) (G1 Evacuation Pause) 228M->229M(256M) 29.820ms
[2020-01-29T22:10:39.881+0300][71.321s][info ][gc] GC(2397) Pause Cleanup 230M->230M(256M) 0.045ms
[2020-01-29T22:10:39.881+0300][71.321s][info ][gc] GC(2397) Concurrent Cycle 270.501ms
[2020-01-29T22:10:39.912+0300][71.352s][info ][gc] GC(2405) Pause Young (Normal) (G1 Evacuation Pause) 239M->240M(256M) 27.765ms
[2020-01-29T22:10:39.931+0300][71.371s][info ][gc] GC(2406) To-space exhausted
[2020-01-29T22:10:39.931+0300][71.371s][info ][gc] GC(2406) Pause Young (Concurrent Start) (G1 Evacuation Pause) 250M->252M(256M) 14.895ms
[2020-01-29T22:10:39.931+0300][71.371s][info ][gc] GC(2407) Concurrent Cycle
[2020-01-29T22:10:39.945+0300][71.385s][info ][gc] GC(2408) To-space exhausted
[2020-01-29T22:10:39.945+0300][71.385s][info ][gc] GC(2408) Pause Young (Normal) (G1 Evacuation Pause) 255M->255M(256M) 10.450ms
[2020-01-29T22:10:39.945+0300][71.385s][debug][gc] GC(2409) Clear Next Bitmap 0.094ms
[2020-01-29T22:10:39.985+0300][71.425s][info ][gc] GC(2409) Pause Full (G1 Evacuation Pause) 255M->78M(256M) 40.224ms
[2020-01-29T22:10:39.986+0300][71.425s][info ][gc] GC(2407) Concurrent Cycle 53.986ms
[2020-01-29T22:10:40.030+0300][71.470s][info ][gc] GC(2410) Pause Young (Normal) (G1 Evacuation Pause) 125M->124M(256M) 25.900ms
[2020-01-29T22:10:40.055+0300][71.496s][info ][gc] GC(2411) Pause Young (Concurrent Start) (G1 Humongous Allocation) 136M->137M(256M) 10.292ms
[2020-01-29T22:10:40.055+0300][71.496s][info ][gc] GC(2412) Concurrent Cycle
[2020-01-29T22:10:40.087+0300][71.528s][info ][gc] GC(2413) Pause Young (Normal) (G1 Evacuation Pause) 185M->186M(256M) 20.077ms
[2020-01-29T22:10:40.089+0300][71.530s][debug][gc] GC(2412) Reclaimed 115 empty regions
[2020-01-29T22:10:40.089+0300][71.530s][info ][gc] GC(2412) Pause Remark 187M->74M(256M) 0.678ms
[2020-01-29T22:10:40.105+0300][71.546s][info ][gc] GC(2414) Pause Young (Normal) (G1 Evacuation Pause) 85M->86M(256M) 11.608ms
[2020-01-29T22:10:40.156+0300][71.596s][info ][gc] GC(2415) Pause Young (Normal) (G1 Evacuation Pause) 130M->131M(256M) 32.995ms
[2020-01-29T22:10:40.205+0300][71.645s][info ][gc] GC(2416) Pause Young (Normal) (G1 Evacuation Pause) 161M->162M(256M) 36.768ms
[2020-01-29T22:10:40.220+0300][71.660s][info ][gc] GC(2412) Pause Cleanup 187M->187M(256M) 0.046ms
[2020-01-29T22:10:40.220+0300][71.660s][info ][gc] GC(2412) Concurrent Cycle 164.628ms
[2020-01-29T22:10:40.257+0300][71.697s][info ][gc] GC(2417) Pause Young (Normal) (G1 Evacuation Pause) 202M->202M(256M) 31.170ms
[2020-01-29T22:10:40.268+0300][71.708s][info ][gc] GC(2418) Pause Young (Concurrent Start) (G1 Evacuation Pause) 210M->211M(256M) 8.097ms
[2020-01-29T22:10:40.268+0300][71.708s][info ][gc] GC(2419) Concurrent Cycle
[2020-01-29T22:10:40.283+0300][71.723s][info ][gc] GC(2420) Pause Young (Normal) (G1 Evacuation Pause) 221M->222M(256M) 7.946ms
[2020-01-29T22:10:40.295+0300][71.735s][info ][gc] GC(2421) Pause Young (Normal) (G1 Evacuation Pause) 232M->233M(256M) 7.869ms
[2020-01-29T22:10:40.308+0300][71.747s][info ][gc] GC(2422) To-space exhausted
[2020-01-29T22:10:40.308+0300][71.748s][info ][gc] GC(2422) Pause Young (Normal) (G1 Evacuation Pause) 243M->244M(256M) 8.706ms
[2020-01-29T22:10:40.330+0300][71.770s][info ][gc] GC(2423) To-space exhausted
[2020-01-29T22:10:40.330+0300][71.770s][info ][gc] GC(2423) Pause Young (Normal) (G1 Evacuation Pause) 254M->255M(256M) 18.172ms
[2020-01-29T22:10:40.330+0300][71.770s][debug][gc] GC(2424) Clear Next Bitmap 0.058ms
[2020-01-29T22:10:40.379+0300][71.818s][info ][gc] GC(2424) Pause Full (G1 Evacuation Pause) 255M->89M(256M) 48.179ms
[2020-01-29T22:10:40.379+0300][71.819s][info ][gc] GC(2419) Concurrent Cycle 110.143ms
[2020-01-29T22:10:40.419+0300][71.860s][info ][gc] GC(2425) Pause Young (Normal) (G1 Evacuation Pause) 132M->132M(256M) 24.350ms
[2020-01-29T22:10:40.439+0300][71.879s][info ][gc] GC(2426) Pause Young (Concurrent Start) (G1 Humongous Allocation) 137M->138M(256M) 7.196ms
[2020-01-29T22:10:40.439+0300][71.879s][info ][gc] GC(2427) Concurrent Cycle
[2020-01-29T22:10:40.449+0300][71.890s][debug][gc] GC(2427) Reclaimed 124 empty regions
[2020-01-29T22:10:40.449+0300][71.890s][info ][gc] GC(2427) Pause Remark 179M->58M(256M) 0.633ms
[2020-01-29T22:10:40.469+0300][71.909s][info ][gc] GC(2428) Pause Young (Normal) (G1 Evacuation Pause) 63M->60M(256M) 17.323ms
[2020-01-29T22:10:40.485+0300][71.925s][info ][gc] GC(2427) Pause Cleanup 101M->101M(256M) 0.039ms
[2020-01-29T22:10:40.486+0300][71.926s][info ][gc] GC(2427) Concurrent Cycle 46.077ms
[2020-01-29T22:10:40.531+0300][71.971s][info ][gc] GC(2429) Pause Young (Normal) (G1 Evacuation Pause) 113M->114M(256M) 40.862ms
[2020-01-29T22:10:40.580+0300][72.020s][info ][gc] GC(2430) Pause Young (Concurrent Start) (G1 Humongous Allocation) 149M->150M(256M) 24.451ms
[2020-01-29T22:10:40.580+0300][72.020s][info ][gc] GC(2431) Concurrent Cycle
[2020-01-29T22:10:40.621+0300][72.061s][info ][gc] GC(2432) Pause Young (Normal) (G1 Evacuation Pause) 194M->194M(256M) 18.558ms
[2020-01-29T22:10:40.625+0300][72.066s][debug][gc] GC(2431) Reclaimed 102 empty regions
[2020-01-29T22:10:40.625+0300][72.066s][info ][gc] GC(2431) Pause Remark 204M->102M(256M) 0.602ms
[2020-01-29T22:10:40.635+0300][72.075s][info ][gc] GC(2433) Pause Young (Normal) (G1 Evacuation Pause) 102M->103M(256M) 8.721ms
[2020-01-29T22:10:40.677+0300][72.117s][info ][gc] GC(2434) Pause Young (Normal) (G1 Evacuation Pause) 142M->143M(256M) 26.703ms
[2020-01-29T22:10:40.721+0300][72.160s][info ][gc] GC(2435) Pause Young (Normal) (G1 Evacuation Pause) 169M->170M(256M) 32.977ms
[2020-01-29T22:10:40.771+0300][72.211s][info ][gc] GC(2436) Pause Young (Normal) (G1 Evacuation Pause) 208M->209M(256M) 31.922ms
[2020-01-29T22:10:40.800+0300][72.241s][info ][gc] GC(2437) Pause Young (Normal) (G1 Evacuation Pause) 218M->219M(256M) 25.396ms
[2020-01-29T22:10:40.831+0300][72.271s][info ][gc] GC(2438) Pause Young (Normal) (G1 Evacuation Pause) 229M->230M(256M) 26.544ms
[2020-01-29T22:10:40.863+0300][72.303s][info ][gc] GC(2439) Pause Young (Normal) (G1 Evacuation Pause) 240M->241M(256M) 28.091ms
[2020-01-29T22:10:40.903+0300][72.344s][info ][gc] GC(2440) To-space exhausted
[2020-01-29T22:10:40.903+0300][72.344s][info ][gc] GC(2440) Pause Young (Normal) (G1 Evacuation Pause) 251M->255M(256M) 35.805ms
[2020-01-29T22:10:40.904+0300][72.344s][debug][gc] GC(2441) Clear Next Bitmap 0.058ms
[2020-01-29T22:10:40.935+0300][72.375s][info ][gc] GC(2441) Pause Full (G1 Evacuation Pause) 255M->63M(256M) 31.039ms
[2020-01-29T22:10:40.935+0300][72.375s][info ][gc] GC(2431) Concurrent Cycle 354.836ms
[2020-01-29T22:10:40.984+0300][72.425s][info ][gc] GC(2442) Pause Young (Normal) (G1 Evacuation Pause) 115M->115M(256M) 29.148ms
[2020-01-29T22:10:41.021+0300][72.461s][info ][gc] GC(2443) Pause Young (Concurrent Start) (G1 Humongous Allocation) 137M->138M(256M) 17.002ms
[2020-01-29T22:10:41.021+0300][72.461s][info ][gc] GC(2444) Concurrent Cycle
[2020-01-29T22:10:41.056+0300][72.496s][info ][gc] GC(2445) Pause Young (Normal) (G1 Evacuation Pause) 186M->187M(256M) 20.605ms
[2020-01-29T22:10:41.061+0300][72.501s][debug][gc] GC(2444) Reclaimed 105 empty regions
[2020-01-29T22:10:41.061+0300][72.501s][info ][gc] GC(2444) Pause Remark 196M->93M(256M) 0.599ms
[2020-01-29T22:10:41.072+0300][72.512s][info ][gc] GC(2446) Pause Young (Normal) (G1 Evacuation Pause) 95M->96M(256M) 9.795ms
[2020-01-29T22:10:41.118+0300][72.557s][info ][gc] GC(2447) Pause Young (Normal) (G1 Evacuation Pause) 137M->138M(256M) 29.433ms
[2020-01-29T22:10:41.164+0300][72.604s][info ][gc] GC(2448) Pause Young (Normal) (G1 Evacuation Pause) 166M->167M(256M) 35.785ms
[2020-01-29T22:10:41.221+0300][72.661s][info ][gc] GC(2449) Pause Young (Normal) (G1 Evacuation Pause) 206M->207M(256M) 33.356ms
[2020-01-29T22:10:41.251+0300][72.691s][info ][gc] GC(2450) Pause Young (Normal) (G1 Evacuation Pause) 216M->217M(256M) 26.194ms
[2020-01-29T22:10:41.253+0300][72.693s][info ][gc] GC(2444) Pause Cleanup 221M->221M(256M) 0.053ms
[2020-01-29T22:10:41.253+0300][72.694s][info ][gc] GC(2444) Concurrent Cycle 232.934ms
[2020-01-29T22:10:41.280+0300][72.721s][info ][gc] GC(2451) Pause Young (Normal) (G1 Evacuation Pause) 227M->227M(256M) 24.346ms
[2020-01-29T22:10:41.293+0300][72.733s][info ][gc] GC(2452) Pause Young (Concurrent Start) (G1 Evacuation Pause) 237M->238M(256M) 8.322ms
[2020-01-29T22:10:41.293+0300][72.733s][info ][gc] GC(2453) Concurrent Cycle
[2020-01-29T22:10:41.311+0300][72.752s][info ][gc] GC(2454) To-space exhausted
[2020-01-29T22:10:41.312+0300][72.752s][info ][gc] GC(2454) Pause Young (Normal) (G1 Evacuation Pause) 248M->251M(256M) 12.561ms
[2020-01-29T22:10:41.325+0300][72.765s][info ][gc] GC(2455) To-space exhausted
[2020-01-29T22:10:41.325+0300][72.765s][info ][gc] GC(2455) Pause Young (Normal) (G1 Evacuation Pause) 255M->255M(256M) 11.518ms
[2020-01-29T22:10:41.325+0300][72.765s][debug][gc] GC(2456) Clear Next Bitmap 0.082ms
[2020-01-29T22:10:41.365+0300][72.805s][info ][gc] GC(2456) Pause Full (G1 Evacuation Pause) 255M->77M(256M) 40.284ms
[2020-01-29T22:10:41.366+0300][72.806s][info ][gc] GC(2453) Concurrent Cycle 72.678ms
[2020-01-29T22:10:41.410+0300][72.850s][info ][gc] GC(2457) Pause Young (Normal) (G1 Evacuation Pause) 124M->124M(256M) 25.629ms
[2020-01-29T22:10:41.436+0300][72.876s][info ][gc] GC(2458) Pause Young (Concurrent Start) (G1 Humongous Allocation) 136M->137M(256M) 11.004ms
[2020-01-29T22:10:41.436+0300][72.876s][info ][gc] GC(2459) Concurrent Cycle
[2020-01-29T22:10:41.468+0300][72.908s][info ][gc] GC(2460) Pause Young (Normal) (G1 Evacuation Pause) 185M->185M(256M) 19.830ms
[2020-01-29T22:10:41.470+0300][72.910s][debug][gc] GC(2459) Reclaimed 113 empty regions
[2020-01-29T22:10:41.470+0300][72.910s][info ][gc] GC(2459) Pause Remark 189M->78M(256M) 0.740ms
[2020-01-29T22:10:41.484+0300][72.923s][info ][gc] GC(2461) Pause Young (Normal) (G1 Evacuation Pause) 87M->88M(256M) 9.603ms
[2020-01-29T22:10:41.533+0300][72.973s][info ][gc] GC(2462) Pause Young (Normal) (G1 Evacuation Pause) 132M->133M(256M) 32.330ms
[2020-01-29T22:10:41.582+0300][73.022s][info ][gc] GC(2463) Pause Young (Normal) (G1 Evacuation Pause) 163M->164M(256M) 37.244ms
[2020-01-29T22:10:41.598+0300][73.039s][info ][gc] GC(2459) Pause Cleanup 198M->198M(256M) 0.045ms
[2020-01-29T22:10:41.599+0300][73.039s][info ][gc] GC(2459) Concurrent Cycle 163.454ms
[2020-01-29T22:10:41.632+0300][73.072s][info ][gc] GC(2464) Pause Young (Normal) (G1 Evacuation Pause) 204M->205M(256M) 30.398ms
[2020-01-29T22:10:41.642+0300][73.083s][info ][gc] GC(2465) Pause Young (Concurrent Start) (G1 Evacuation Pause) 213M->215M(256M) 7.564ms
[2020-01-29T22:10:41.642+0300][73.083s][info ][gc] GC(2466) Concurrent Cycle
[2020-01-29T22:10:41.657+0300][73.097s][info ][gc] GC(2467) Pause Young (Normal) (G1 Evacuation Pause) 225M->225M(256M) 7.952ms
[2020-01-29T22:10:41.669+0300][73.109s][info ][gc] GC(2468) Pause Young (Normal) (G1 Evacuation Pause) 235M->236M(256M) 7.761ms
[2020-01-29T22:10:41.684+0300][73.124s][info ][gc] GC(2469) To-space exhausted
[2020-01-29T22:10:41.684+0300][73.124s][info ][gc] GC(2469) Pause Young (Normal) (G1 Evacuation Pause) 246M->248M(256M) 10.849ms
[2020-01-29T22:10:41.704+0300][73.144s][info ][gc] GC(2470) To-space exhausted
[2020-01-29T22:10:41.704+0300][73.144s][info ][gc] GC(2470) Pause Young (Normal) (G1 Evacuation Pause) 255M->255M(256M) 17.338ms
[2020-01-29T22:10:41.704+0300][73.144s][debug][gc] GC(2471) Clear Next Bitmap 0.070ms
[2020-01-29T22:10:41.754+0300][73.195s][info ][gc] GC(2471) Pause Full (G1 Evacuation Pause) 255M->85M(256M) 50.191ms
[2020-01-29T22:10:41.755+0300][73.195s][info ][gc] GC(2466) Concurrent Cycle 112.029ms
[2020-01-29T22:10:41.801+0300][73.241s][info ][gc] GC(2472) Pause Young (Normal) (G1 Evacuation Pause) 130M->131M(256M) 28.978ms
[2020-01-29T22:10:41.821+0300][73.261s][info ][gc] GC(2473) Pause Young (Concurrent Start) (G1 Humongous Allocation) 137M->137M(256M) 6.787ms
[2020-01-29T22:10:41.821+0300][73.261s][info ][gc] GC(2474) Concurrent Cycle
[2020-01-29T22:10:41.832+0300][73.272s][debug][gc] GC(2474) Reclaimed 120 empty regions
[2020-01-29T22:10:41.832+0300][73.272s][info ][gc] GC(2474) Pause Remark 180M->62M(256M) 0.618ms
[2020-01-29T22:10:41.852+0300][73.292s][info ][gc] GC(2475) Pause Young (Normal) (G1 Evacuation Pause) 67M->63M(256M) 18.176ms
[2020-01-29T22:10:41.870+0300][73.310s][info ][gc] GC(2474) Pause Cleanup 105M->105M(256M) 0.038ms
[2020-01-29T22:10:41.870+0300][73.310s][info ][gc] GC(2474) Concurrent Cycle 48.386ms
[2020-01-29T22:10:41.913+0300][73.354s][info ][gc] GC(2476) Pause Young (Normal) (G1 Evacuation Pause) 115M->116M(256M) 40.245ms
[2020-01-29T22:10:41.962+0300][73.402s][info ][gc] GC(2477) Pause Young (Concurrent Start) (G1 Humongous Allocation) 151M->151M(256M) 23.620ms
[2020-01-29T22:10:41.962+0300][73.402s][info ][gc] GC(2478) Concurrent Cycle
[2020-01-29T22:10:42.002+0300][73.442s][info ][gc] GC(2479) Pause Young (Normal) (G1 Evacuation Pause) 195M->196M(256M) 18.236ms
[2020-01-29T22:10:42.007+0300][73.447s][debug][gc] GC(2478) Reclaimed 102 empty regions
[2020-01-29T22:10:42.007+0300][73.447s][info ][gc] GC(2478) Pause Remark 206M->104M(256M) 0.598ms
[2020-01-29T22:10:42.017+0300][73.457s][info ][gc] GC(2480) Pause Young (Normal) (G1 Evacuation Pause) 104M->105M(256M) 9.483ms
[2020-01-29T22:10:42.058+0300][73.499s][info ][gc] GC(2481) Pause Young (Normal) (G1 Evacuation Pause) 143M->144M(256M) 26.900ms
[2020-01-29T22:10:42.101+0300][73.541s][info ][gc] GC(2482) Pause Young (Normal) (G1 Evacuation Pause) 170M->171M(256M) 32.181ms
[2020-01-29T22:10:42.155+0300][73.596s][info ][gc] GC(2483) Pause Young (Normal) (G1 Evacuation Pause) 209M->209M(256M) 35.321ms
[2020-01-29T22:10:42.191+0300][73.631s][info ][gc] GC(2484) Pause Young (Normal) (G1 Evacuation Pause) 218M->219M(256M) 27.464ms
[2020-01-29T22:10:42.227+0300][73.667s][info ][gc] GC(2485) Pause Young (Normal) (G1 Evacuation Pause) 229M->230M(256M) 31.221ms
[2020-01-29T22:10:42.265+0300][73.705s][info ][gc] GC(2486) Pause Young (Normal) (G1 Evacuation Pause) 240M->241M(256M) 33.363ms
[2020-01-29T22:10:42.270+0300][73.709s][info ][gc] GC(2478) Pause Cleanup 251M->251M(256M) 0.053ms
[2020-01-29T22:10:42.270+0300][73.710s][info ][gc] GC(2478) Concurrent Cycle 307.811ms
[2020-01-29T22:10:42.302+0300][73.745s][info ][gc] GC(2487) To-space exhausted
[2020-01-29T22:10:42.302+0300][73.745s][info ][gc] GC(2487) Pause Young (Normal) (G1 Evacuation Pause) 251M->255M(256M) 34.625ms
[2020-01-29T22:10:42.337+0300][73.778s][info ][gc] GC(2488) Pause Full (G1 Evacuation Pause) 255M->61M(256M) 32.978ms
[2020-01-29T22:10:42.387+0300][73.827s][info ][gc] GC(2489) Pause Young (Concurrent Start) (G1 Evacuation Pause) 113M->113M(256M) 29.147ms
[2020-01-29T22:10:42.387+0300][73.827s][info ][gc] GC(2490) Concurrent Cycle
[2020-01-29T22:10:42.450+0300][73.893s][info ][gc] GC(2491) Pause Young (Normal) (G1 Evacuation Pause) 169M->170M(256M) 25.543ms
[2020-01-29T22:10:42.473+0300][73.913s][info ][gc] GC(2492) Pause Young (Normal) (G1 Evacuation Pause) 188M->189M(256M) 13.010ms
[2020-01-29T22:10:42.487+0300][73.929s][info ][gc] GC(2493) Pause Young (Normal) (G1 Evacuation Pause) 201M->202M(256M) 11.209ms
[2020-01-29T22:10:42.497+0300][73.941s][info ][gc] GC(2494) Pause Young (Normal) (G1 Evacuation Pause) 212M->213M(256M) 7.600ms
[2020-01-29T22:10:42.512+0300][73.953s][info ][gc] GC(2495) Pause Young (Normal) (G1 Evacuation Pause) 223M->224M(256M) 7.537ms
[2020-01-29T22:10:42.522+0300][73.965s][info ][gc] GC(2496) Pause Young (Normal) (G1 Evacuation Pause) 234M->235M(256M) 7.718ms
[2020-01-29T22:10:42.537+0300][73.980s][info ][gc] GC(2497) To-space exhausted
[2020-01-29T22:10:42.537+0300][73.980s][info ][gc] GC(2497) Pause Young (Normal) (G1 Evacuation Pause) 245M->247M(256M) 10.965ms
[2020-01-29T22:10:42.557+0300][73.998s][info ][gc] GC(2498) To-space exhausted
[2020-01-29T22:10:42.557+0300][73.998s][info ][gc] GC(2498) Pause Young (Normal) (G1 Evacuation Pause) 254M->254M(256M) 15.179ms
[2020-01-29T22:10:42.557+0300][73.998s][debug][gc] GC(2499) Clear Next Bitmap 0.068ms
[2020-01-29T22:10:42.622+0300][74.063s][info ][gc] GC(2499) Pause Full (G1 Evacuation Pause) 254M->111M(256M) 65.537ms
[2020-01-29T22:10:42.622+0300][74.064s][info ][gc] GC(2490) Concurrent Cycle 236.279ms
[2020-01-29T22:10:42.657+0300][74.097s][info ][gc] GC(2500) Pause Young (Concurrent Start) (G1 Humongous Allocation) 136M->136M(256M) 14.977ms
[2020-01-29T22:10:42.657+0300][74.097s][info ][gc] GC(2501) Concurrent Cycle
[2020-01-29T22:10:42.687+0300][74.130s][info ][gc] GC(2502) Pause Young (Normal) (G1 Evacuation Pause) 185M->186M(256M) 20.247ms
[2020-01-29T22:10:42.692+0300][74.135s][debug][gc] GC(2501) Reclaimed 109 empty regions
[2020-01-29T22:10:42.692+0300][74.135s][info ][gc] GC(2501) Pause Remark 196M->89M(256M) 0.608ms
[2020-01-29T22:10:42.702+0300][74.146s][info ][gc] GC(2503) Pause Young (Normal) (G1 Evacuation Pause) 91M->92M(256M) 9.866ms
[2020-01-29T22:10:42.750+0300][74.195s][info ][gc] GC(2504) Pause Young (Normal) (G1 Evacuation Pause) 136M->136M(256M) 31.637ms
[2020-01-29T22:10:42.804+0300][74.243s][info ][gc] GC(2505) Pause Young (Normal) (G1 Evacuation Pause) 165M->166M(256M) 36.650ms
[2020-01-29T22:10:42.825+0300][74.265s][info ][gc] GC(2501) Pause Cleanup 194M->194M(256M) 0.042ms
[2020-01-29T22:10:42.825+0300][74.265s][info ][gc] GC(2501) Concurrent Cycle 168.717ms
[2020-01-29T22:10:42.857+0300][74.298s][info ][gc] GC(2506) Pause Young (Normal) (G1 Evacuation Pause) 205M->206M(256M) 28.262ms
[2020-01-29T22:10:42.867+0300][74.309s][info ][gc] GC(2507) Pause Young (Concurrent Start) (G1 Evacuation Pause) 215M->215M(256M) 6.952ms
[2020-01-29T22:10:42.867+0300][74.309s][info ][gc] GC(2508) Concurrent Cycle
[2020-01-29T22:10:42.882+0300][74.324s][info ][gc] GC(2509) Pause Young (Normal) (G1 Evacuation Pause) 225M->226M(256M) 8.170ms
[2020-01-29T22:10:42.892+0300][74.336s][info ][gc] GC(2510) Pause Young (Normal) (G1 Evacuation Pause) 236M->237M(256M) 8.100ms
[2020-01-29T22:10:42.912+0300][74.352s][info ][gc] GC(2511) To-space exhausted
[2020-01-29T22:10:42.912+0300][74.352s][info ][gc] GC(2511) Pause Young (Normal) (G1 Evacuation Pause) 247M->251M(256M) 12.276ms
[2020-01-29T22:10:42.922+0300][74.365s][info ][gc] GC(2512) To-space exhausted
[2020-01-29T22:10:42.922+0300][74.365s][info ][gc] GC(2512) Pause Young (Normal) (G1 Evacuation Pause) 255M->255M(256M) 11.314ms
[2020-01-29T22:10:42.922+0300][74.365s][debug][gc] GC(2513) Clear Next Bitmap 0.077ms
[2020-01-29T22:10:42.968+0300][74.408s][info ][gc] GC(2513) Pause Full (G1 Evacuation Pause) 255M->83M(256M) 42.993ms
[2020-01-29T22:10:42.968+0300][74.409s][info ][gc] GC(2508) Concurrent Cycle 99.616ms
[2020-01-29T22:10:43.012+0300][74.453s][info ][gc] GC(2514) Pause Young (Normal) (G1 Evacuation Pause) 129M->128M(256M) 26.329ms
[2020-01-29T22:10:43.037+0300][74.480s][info ][gc] GC(2515) Pause Young (Concurrent Start) (G1 Humongous Allocation) 136M->138M(256M) 8.557ms
[2020-01-29T22:10:43.037+0300][74.480s][info ][gc] GC(2516) Concurrent Cycle
[2020-01-29T22:10:43.051+0300][74.492s][debug][gc] GC(2516) Reclaimed 120 empty regions
[2020-01-29T22:10:43.051+0300][74.492s][info ][gc] GC(2516) Pause Remark 183M->65M(256M) 0.600ms
[2020-01-29T22:10:43.067+0300][74.511s][info ][gc] GC(2517) Pause Young (Normal) (G1 Evacuation Pause) 67M->63M(256M) 17.737ms
[2020-01-29T22:10:43.133+0300][74.573s][info ][gc] GC(2518) Pause Young (Normal) (G1 Evacuation Pause) 115M->116M(256M) 42.244ms
[2020-01-29T22:10:43.134+0300][74.575s][info ][gc] GC(2516) Pause Cleanup 119M->119M(256M) 0.042ms
[2020-01-29T22:10:43.134+0300][74.575s][info ][gc] GC(2516) Concurrent Cycle 94.438ms
[2020-01-29T22:10:43.197+0300][74.637s][info ][gc] GC(2519) Pause Young (Normal) (G1 Evacuation Pause) 151M->152M(256M) 41.127ms
[2020-01-29T22:10:43.201+0300][74.642s][info ][gc] GC(2520) Pause Young (Concurrent Start) (G1 Humongous Allocation) 152M->154M(256M) 4.017ms
[2020-01-29T22:10:43.201+0300][74.642s][info ][gc] GC(2521) Concurrent Cycle
[2020-01-29T22:10:43.210+0300][74.650s][debug][gc] GC(2521) Reclaimed 141 empty regions
[2020-01-29T22:10:43.210+0300][74.650s][info ][gc] GC(2521) Pause Remark 179M->38M(256M) 1.089ms
[2020-01-29T22:10:43.240+0300][74.680s][info ][gc] GC(2522) Pause Young (Normal) (G1 Evacuation Pause) 56M->56M(256M) 22.467ms
[2020-01-29T22:10:43.248+0300][74.688s][info ][gc] GC(2521) Pause Cleanup 76M->76M(256M) 0.037ms
[2020-01-29T22:10:43.249+0300][74.689s][info ][gc] GC(2521) Concurrent Cycle 46.972ms
[2020-01-29T22:10:43.307+0300][74.747s][info ][gc] GC(2523) Pause Young (Normal) (G1 Evacuation Pause) 110M->111M(256M) 41.854ms
[2020-01-29T22:10:43.346+0300][74.786s][info ][gc] GC(2524) Pause Young (Concurrent Start) (G1 Evacuation Pause) 147M->148M(256M) 25.027ms
[2020-01-29T22:10:43.346+0300][74.786s][info ][gc] GC(2525) Concurrent Cycle
[2020-01-29T22:10:43.388+0300][74.828s][info ][gc] GC(2526) Pause Young (Normal) (G1 Evacuation Pause) 193M->194M(256M) 19.010ms
[2020-01-29T22:10:43.402+0300][74.843s][info ][gc] GC(2527) Pause Young (Normal) (G1 Evacuation Pause) 204M->204M(256M) 9.229ms
[2020-01-29T22:10:43.416+0300][74.857s][info ][gc] GC(2528) Pause Young (Normal) (G1 Evacuation Pause) 214M->215M(256M) 8.048ms
[2020-01-29T22:10:43.428+0300][74.869s][info ][gc] GC(2529) Pause Young (Normal) (G1 Evacuation Pause) 225M->226M(256M) 8.169ms
[2020-01-29T22:10:43.441+0300][74.881s][info ][gc] GC(2530) Pause Young (Normal) (G1 Evacuation Pause) 236M->237M(256M) 8.363ms
[2020-01-29T22:10:43.456+0300][74.897s][info ][gc] GC(2531) To-space exhausted
[2020-01-29T22:10:43.457+0300][74.897s][info ][gc] GC(2531) Pause Young (Normal) (G1 Evacuation Pause) 247M->248M(256M) 11.321ms
[2020-01-29T22:10:43.475+0300][74.915s][info ][gc] GC(2532) To-space exhausted
[2020-01-29T22:10:43.475+0300][74.915s][info ][gc] GC(2532) Pause Young (Normal) (G1 Evacuation Pause) 255M->255M(256M) 15.475ms
[2020-01-29T22:10:43.475+0300][74.916s][debug][gc] GC(2533) Clear Next Bitmap 0.064ms
[2020-01-29T22:10:43.532+0300][74.973s][info ][gc] GC(2533) Pause Full (G1 Evacuation Pause) 255M->101M(256M) 57.317ms
[2020-01-29T22:10:43.533+0300][74.973s][info ][gc] GC(2525) Concurrent Cycle 187.257ms
[2020-01-29T22:10:43.576+0300][75.017s][info ][gc] GC(2534) Pause Young (Concurrent Start) (G1 Humongous Allocation) 136M->136M(256M) 19.759ms
[2020-01-29T22:10:43.576+0300][75.017s][info ][gc] GC(2535) Concurrent Cycle
[2020-01-29T22:10:43.615+0300][75.055s][info ][gc] GC(2536) Pause Young (Normal) (G1 Evacuation Pause) 184M->185M(256M) 19.801ms
[2020-01-29T22:10:43.619+0300][75.059s][debug][gc] GC(2535) Reclaimed 100 empty regions
[2020-01-29T22:10:43.619+0300][75.060s][info ][gc] GC(2535) Pause Remark 194M->97M(256M) 0.618ms
[2020-01-29T22:10:43.633+0300][75.073s][info ][gc] GC(2537) Pause Young (Normal) (G1 Evacuation Pause) 100M->101M(256M) 11.526ms
[2020-01-29T22:10:43.679+0300][75.119s][info ][gc] GC(2538) Pause Young (Normal) (G1 Evacuation Pause) 141M->142M(256M) 30.256ms
[2020-01-29T22:10:43.725+0300][75.164s][info ][gc] GC(2539) Pause Young (Normal) (G1 Evacuation Pause) 169M->169M(256M) 34.436ms
[2020-01-29T22:10:43.774+0300][75.214s][info ][gc] GC(2540) Pause Young (Normal) (G1 Evacuation Pause) 207M->208M(256M) 31.454ms
[2020-01-29T22:10:43.804+0300][75.244s][info ][gc] GC(2541) Pause Young (Normal) (G1 Evacuation Pause) 217M->217M(256M) 25.528ms
[2020-01-29T22:10:43.834+0300][75.274s][info ][gc] GC(2542) Pause Young (Normal) (G1 Evacuation Pause) 227M->228M(256M) 26.380ms
[2020-01-29T22:10:43.838+0300][75.278s][info ][gc] GC(2535) Pause Cleanup 235M->235M(256M) 0.045ms
[2020-01-29T22:10:43.838+0300][75.278s][info ][gc] GC(2535) Concurrent Cycle 261.553ms
[2020-01-29T22:10:43.870+0300][75.310s][info ][gc] GC(2543) Pause Young (Normal) (G1 Evacuation Pause) 238M->238M(256M) 30.730ms
[2020-01-29T22:10:43.888+0300][75.328s][info ][gc] GC(2544) To-space exhausted
[2020-01-29T22:10:43.888+0300][75.328s][info ][gc] GC(2544) Pause Young (Concurrent Start) (G1 Evacuation Pause) 248M->251M(256M) 13.956ms
[2020-01-29T22:10:43.888+0300][75.328s][info ][gc] GC(2545) Concurrent Cycle
[2020-01-29T22:10:43.904+0300][75.343s][info ][gc] GC(2546) To-space exhausted
[2020-01-29T22:10:43.904+0300][75.343s][info ][gc] GC(2546) Pause Young (Normal) (G1 Evacuation Pause) 255M->255M(256M) 11.400ms
[2020-01-29T22:10:43.904+0300][75.344s][debug][gc] GC(2547) Clear Next Bitmap 0.092ms
[2020-01-29T22:10:43.948+0300][75.387s][info ][gc] GC(2547) Pause Full (G1 Evacuation Pause) 255M->76M(256M) 43.940ms
[2020-01-29T22:10:43.948+0300][75.388s][info ][gc] GC(2545) Concurrent Cycle 59.434ms
[2020-01-29T22:10:43.992+0300][75.433s][info ][gc] GC(2548) Pause Young (Normal) (G1 Evacuation Pause) 124M->124M(256M) 26.498ms
[2020-01-29T22:10:44.020+0300][75.460s][info ][gc] GC(2549) Pause Young (Concurrent Start) (G1 Humongous Allocation) 137M->137M(256M) 11.940ms
[2020-01-29T22:10:44.020+0300][75.460s][info ][gc] GC(2550) Concurrent Cycle
[2020-01-29T22:10:44.052+0300][75.492s][info ][gc] GC(2551) Pause Young (Normal) (G1 Evacuation Pause) 185M->186M(256M) 19.883ms
[2020-01-29T22:10:44.054+0300][75.494s][debug][gc] GC(2550) Reclaimed 115 empty regions
[2020-01-29T22:10:44.054+0300][75.494s][info ][gc] GC(2550) Pause Remark 190M->77M(256M) 0.613ms
[2020-01-29T22:10:44.069+0300][75.510s][info ][gc] GC(2552) Pause Young (Normal) (G1 Evacuation Pause) 85M->86M(256M) 11.583ms
[2020-01-29T22:10:44.119+0300][75.559s][info ][gc] GC(2553) Pause Young (Normal) (G1 Evacuation Pause) 130M->131M(256M) 32.388ms
[2020-01-29T22:10:44.184+0300][75.624s][info ][gc] GC(2554) Pause Young (Normal) (G1 Evacuation Pause) 181M->182M(256M) 40.914ms
[2020-01-29T22:10:44.189+0300][75.629s][info ][gc] GC(2550) Pause Cleanup 193M->193M(256M) 0.045ms
[2020-01-29T22:10:44.189+0300][75.629s][info ][gc] GC(2550) Concurrent Cycle 168.924ms
[2020-01-29T22:10:44.219+0300][75.659s][info ][gc] GC(2555) Pause Young (Normal) (G1 Evacuation Pause) 196M->196M(256M) 29.087ms
[2020-01-29T22:10:44.234+0300][75.674s][info ][gc] GC(2556) Pause Young (Concurrent Start) (G1 Evacuation Pause) 206M->208M(256M) 10.594ms
[2020-01-29T22:10:44.234+0300][75.674s][info ][gc] GC(2557) Concurrent Cycle
[2020-01-29T22:10:44.248+0300][75.688s][info ][gc] GC(2558) Pause Young (Normal) (G1 Evacuation Pause) 218M->219M(256M) 7.188ms
[2020-01-29T22:10:44.260+0300][75.700s][info ][gc] GC(2559) Pause Young (Normal) (G1 Evacuation Pause) 229M->230M(256M) 7.952ms
[2020-01-29T22:10:44.272+0300][75.713s][info ][gc] GC(2560) Pause Young (Normal) (G1 Evacuation Pause) 240M->241M(256M) 8.567ms
[2020-01-29T22:10:44.292+0300][75.732s][info ][gc] GC(2561) To-space exhausted
[2020-01-29T22:10:44.292+0300][75.732s][info ][gc] GC(2561) Pause Young (Normal) (G1 Evacuation Pause) 251M->254M(256M) 15.077ms
[2020-01-29T22:10:44.299+0300][75.739s][info ][gc] GC(2562) To-space exhausted
[2020-01-29T22:10:44.299+0300][75.739s][info ][gc] GC(2562) Pause Young (Normal) (G1 Evacuation Pause) 255M->255M(256M) 6.853ms
[2020-01-29T22:10:44.299+0300][75.740s][debug][gc] GC(2563) Clear Next Bitmap 0.075ms
[2020-01-29T22:10:44.347+0300][75.787s][info ][gc] GC(2563) Pause Full (G1 Evacuation Pause) 255M->86M(256M) 47.651ms
[2020-01-29T22:10:44.347+0300][75.787s][info ][gc] GC(2557) Concurrent Cycle 113.493ms
[2020-01-29T22:10:44.389+0300][75.830s][info ][gc] GC(2564) Pause Young (Normal) (G1 Evacuation Pause) 131M->131M(256M) 24.745ms
[2020-01-29T22:10:44.409+0300][75.849s][info ][gc] GC(2565) Pause Young (Concurrent Start) (G1 Humongous Allocation) 136M->138M(256M) 7.161ms
[2020-01-29T22:10:44.409+0300][75.849s][info ][gc] GC(2566) Concurrent Cycle
[2020-01-29T22:10:44.419+0300][75.860s][debug][gc] GC(2566) Reclaimed 121 empty regions
[2020-01-29T22:10:44.419+0300][75.860s][info ][gc] GC(2566) Pause Remark 181M->61M(256M) 0.606ms
[2020-01-29T22:10:44.439+0300][75.880s][info ][gc] GC(2567) Pause Young (Normal) (G1 Evacuation Pause) 66M->62M(256M) 17.714ms
[2020-01-29T22:10:44.456+0300][75.897s][info ][gc] GC(2566) Pause Cleanup 105M->105M(256M) 0.036ms
[2020-01-29T22:10:44.456+0300][75.897s][info ][gc] GC(2566) Concurrent Cycle 47.470ms
[2020-01-29T22:10:44.501+0300][75.941s][info ][gc] GC(2568) Pause Young (Normal) (G1 Evacuation Pause) 114M->115M(256M) 40.363ms
[2020-01-29T22:10:44.548+0300][75.989s][info ][gc] GC(2569) Pause Young (Concurrent Start) (G1 Humongous Allocation) 150M->151M(256M) 23.770ms
[2020-01-29T22:10:44.548+0300][75.989s][info ][gc] GC(2570) Concurrent Cycle
[2020-01-29T22:10:44.590+0300][76.030s][info ][gc] GC(2571) Pause Young (Normal) (G1 Evacuation Pause) 195M->196M(256M) 18.479ms
[2020-01-29T22:10:44.594+0300][76.034s][debug][gc] GC(2570) Reclaimed 102 empty regions
[2020-01-29T22:10:44.594+0300][76.034s][info ][gc] GC(2570) Pause Remark 205M->103M(256M) 0.611ms
[2020-01-29T22:10:44.604+0300][76.044s][info ][gc] GC(2572) Pause Young (Normal) (G1 Evacuation Pause) 104M->105M(256M) 9.436ms
[2020-01-29T22:10:44.646+0300][76.086s][info ][gc] GC(2573) Pause Young (Normal) (G1 Evacuation Pause) 143M->144M(256M) 26.974ms
[2020-01-29T22:10:44.689+0300][76.129s][info ][gc] GC(2574) Pause Young (Normal) (G1 Evacuation Pause) 170M->171M(256M) 32.483ms
[2020-01-29T22:10:44.740+0300][76.180s][info ][gc] GC(2575) Pause Young (Normal) (G1 Evacuation Pause) 209M->210M(256M) 32.631ms
[2020-01-29T22:10:44.771+0300][76.211s][info ][gc] GC(2576) Pause Young (Normal) (G1 Evacuation Pause) 219M->220M(256M) 26.651ms
[2020-01-29T22:10:44.803+0300][76.243s][info ][gc] GC(2577) Pause Young (Normal) (G1 Evacuation Pause) 230M->231M(256M) 27.621ms
[2020-01-29T22:10:44.836+0300][76.276s][info ][gc] GC(2578) Pause Young (Normal) (G1 Evacuation Pause) 241M->242M(256M) 27.723ms
[2020-01-29T22:10:44.876+0300][76.316s][info ][gc] GC(2579) To-space exhausted
[2020-01-29T22:10:44.876+0300][76.316s][info ][gc] GC(2579) Pause Young (Normal) (G1 Evacuation Pause) 252M->255M(256M) 35.531ms
[2020-01-29T22:10:44.876+0300][76.316s][debug][gc] GC(2580) Clear Next Bitmap 0.062ms
[2020-01-29T22:10:44.907+0300][76.348s][info ][gc] GC(2580) Pause Full (G1 Evacuation Pause) 255M->62M(256M) 31.954ms
[2020-01-29T22:10:44.907+0300][76.348s][info ][gc] GC(2570) Concurrent Cycle 358.860ms
[2020-01-29T22:10:44.957+0300][76.397s][info ][gc] GC(2581) Pause Young (Normal) (G1 Evacuation Pause) 114M->114M(256M) 29.011ms
[2020-01-29T22:10:44.994+0300][76.434s][info ][gc] GC(2582) Pause Young (Concurrent Start) (G1 Humongous Allocation) 137M->138M(256M) 16.893ms
[2020-01-29T22:10:44.994+0300][76.434s][info ][gc] GC(2583) Concurrent Cycle
[2020-01-29T22:10:45.030+0300][76.470s][info ][gc] GC(2584) Pause Young (Normal) (G1 Evacuation Pause) 186M->187M(256M) 20.540ms
[2020-01-29T22:10:45.035+0300][76.475s][debug][gc] GC(2583) Reclaimed 103 empty regions
[2020-01-29T22:10:45.035+0300][76.475s][info ][gc] GC(2583) Pause Remark 196M->94M(256M) 0.606ms
[2020-01-29T22:10:45.048+0300][76.488s][info ][gc] GC(2585) Pause Young (Normal) (G1 Evacuation Pause) 97M->98M(256M) 11.432ms
[2020-01-29T22:10:45.094+0300][76.534s][info ][gc] GC(2586) Pause Young (Normal) (G1 Evacuation Pause) 138M->139M(256M) 30.201ms
[2020-01-29T22:10:45.140+0300][76.580s][info ][gc] GC(2587) Pause Young (Normal) (G1 Evacuation Pause) 167M->168M(256M) 34.823ms
[2020-01-29T22:10:45.191+0300][76.631s][info ][gc] GC(2588) Pause Young (Normal) (G1 Evacuation Pause) 207M->208M(256M) 30.528ms
[2020-01-29T22:10:45.200+0300][76.640s][info ][gc] GC(2583) Pause Cleanup 212M->212M(256M) 0.045ms
[2020-01-29T22:10:45.200+0300][76.640s][info ][gc] GC(2583) Concurrent Cycle 205.774ms
[2020-01-29T22:10:45.224+0300][76.663s][info ][gc] GC(2589) Pause Young (Normal) (G1 Evacuation Pause) 217M->217M(256M) 21.708ms
[2020-01-29T22:10:45.238+0300][76.677s][info ][gc] GC(2590) Pause Young (Concurrent Start) (G1 Evacuation Pause) 227M->228M(256M) 9.881ms
[2020-01-29T22:10:45.238+0300][76.677s][info ][gc] GC(2591) Concurrent Cycle
[2020-01-29T22:10:45.251+0300][76.691s][info ][gc] GC(2592) Pause Young (Normal) (G1 Evacuation Pause) 238M->239M(256M) 6.930ms
[2020-01-29T22:10:45.269+0300][76.709s][info ][gc] GC(2593) To-space exhausted
[2020-01-29T22:10:45.269+0300][76.709s][info ][gc] GC(2593) Pause Young (Normal) (G1 Evacuation Pause) 249M->252M(256M) 13.991ms
[2020-01-29T22:10:45.280+0300][76.720s][info ][gc] GC(2594) To-space exhausted
[2020-01-29T22:10:45.280+0300][76.721s][info ][gc] GC(2594) Pause Young (Normal) (G1 Evacuation Pause) 255M->255M(256M) 10.215ms
[2020-01-29T22:10:45.280+0300][76.721s][debug][gc] GC(2595) Clear Next Bitmap 0.075ms
[2020-01-29T22:10:45.325+0300][76.766s][info ][gc] GC(2595) Pause Full (G1 Evacuation Pause) 255M->76M(256M) 45.080ms
[2020-01-29T22:10:45.325+0300][76.766s][info ][gc] GC(2591) Concurrent Cycle 88.534ms
[2020-01-29T22:10:45.370+0300][76.810s][info ][gc] GC(2596) Pause Young (Normal) (G1 Evacuation Pause) 124M->124M(256M) 25.912ms
[2020-01-29T22:10:45.397+0300][76.837s][info ][gc] GC(2597) Pause Young (Concurrent Start) (G1 Humongous Allocation) 136M->136M(256M) 11.491ms
[2020-01-29T22:10:45.397+0300][76.837s][info ][gc] GC(2598) Concurrent Cycle
[2020-01-29T22:10:45.429+0300][76.870s][info ][gc] GC(2599) Pause Young (Normal) (G1 Evacuation Pause) 184M->186M(256M) 20.007ms
[2020-01-29T22:10:45.431+0300][76.872s][debug][gc] GC(2598) Reclaimed 114 empty regions
[2020-01-29T22:10:45.431+0300][76.872s][info ][gc] GC(2598) Pause Remark 189M->78M(256M) 0.620ms
[2020-01-29T22:10:45.446+0300][76.886s][info ][gc] GC(2600) Pause Young (Normal) (G1 Evacuation Pause) 86M->87M(256M) 10.514ms
[2020-01-29T22:10:45.497+0300][76.937s][info ][gc] GC(2601) Pause Young (Normal) (G1 Evacuation Pause) 131M->132M(256M) 33.399ms
[2020-01-29T22:10:45.546+0300][76.986s][info ][gc] GC(2602) Pause Young (Normal) (G1 Evacuation Pause) 162M->163M(256M) 37.330ms
[2020-01-29T22:10:45.562+0300][77.002s][info ][gc] GC(2598) Pause Cleanup 194M->194M(256M) 0.044ms
[2020-01-29T22:10:45.563+0300][77.003s][info ][gc] GC(2598) Concurrent Cycle 165.058ms
[2020-01-29T22:10:45.596+0300][77.036s][info ][gc] GC(2603) Pause Young (Normal) (G1 Evacuation Pause) 203M->204M(256M) 30.332ms
[2020-01-29T22:10:45.607+0300][77.047s][info ][gc] GC(2604) Pause Young (Concurrent Start) (G1 Evacuation Pause) 212M->213M(256M) 7.710ms
[2020-01-29T22:10:45.607+0300][77.047s][info ][gc] GC(2605) Concurrent Cycle
[2020-01-29T22:10:45.622+0300][77.061s][info ][gc] GC(2606) Pause Young (Normal) (G1 Evacuation Pause) 223M->224M(256M) 7.900ms
[2020-01-29T22:10:45.634+0300][77.073s][info ][gc] GC(2607) Pause Young (Normal) (G1 Evacuation Pause) 234M->235M(256M) 7.888ms
[2020-01-29T22:10:45.647+0300][77.087s][info ][gc] GC(2608) To-space exhausted
[2020-01-29T22:10:45.647+0300][77.087s][info ][gc] GC(2608) Pause Young (Normal) (G1 Evacuation Pause) 245M->248M(256M) 9.148ms
[2020-01-29T22:10:45.665+0300][77.106s][info ][gc] GC(2609) To-space exhausted
[2020-01-29T22:10:45.665+0300][77.106s][info ][gc] GC(2609) Pause Young (Normal) (G1 Evacuation Pause) 255M->255M(256M) 15.784ms
[2020-01-29T22:10:45.665+0300][77.106s][debug][gc] GC(2610) Clear Next Bitmap 0.068ms
[2020-01-29T22:10:45.722+0300][77.162s][info ][gc] GC(2610) Pause Full (G1 Evacuation Pause) 255M->85M(256M) 55.980ms
[2020-01-29T22:10:45.722+0300][77.162s][info ][gc] GC(2605) Concurrent Cycle 114.928ms
[2020-01-29T22:10:45.764+0300][77.204s][info ][gc] GC(2611) Pause Young (Normal) (G1 Evacuation Pause) 130M->131M(256M) 24.107ms
[2020-01-29T22:10:45.783+0300][77.223s][info ][gc] GC(2612) Pause Young (Concurrent Start) (G1 Humongous Allocation) 137M->137M(256M) 6.806ms
[2020-01-29T22:10:45.783+0300][77.223s][info ][gc] GC(2613) Concurrent Cycle
[2020-01-29T22:10:45.794+0300][77.234s][debug][gc] GC(2613) Reclaimed 122 empty regions
[2020-01-29T22:10:45.794+0300][77.234s][info ][gc] GC(2613) Pause Remark 181M->61M(256M) 0.618ms
[2020-01-29T22:10:45.814+0300][77.254s][info ][gc] GC(2614) Pause Young (Normal) (G1 Evacuation Pause) 65M->62M(256M) 17.838ms
[2020-01-29T22:10:45.831+0300][77.271s][info ][gc] GC(2613) Pause Cleanup 106M->106M(256M) 0.036ms
[2020-01-29T22:10:45.831+0300][77.272s][info ][gc] GC(2613) Concurrent Cycle 48.254ms
[2020-01-29T22:10:45.875+0300][77.315s][info ][gc] GC(2615) Pause Young (Normal) (G1 Evacuation Pause) 114M->115M(256M) 40.154ms
[2020-01-29T22:10:45.924+0300][77.364s][info ][gc] GC(2616) Pause Young (Concurrent Start) (G1 Humongous Allocation) 150M->151M(256M) 23.908ms
[2020-01-29T22:10:45.924+0300][77.364s][info ][gc] GC(2617) Concurrent Cycle
[2020-01-29T22:10:45.965+0300][77.405s][info ][gc] GC(2618) Pause Young (Normal) (G1 Evacuation Pause) 195M->196M(256M) 18.479ms
[2020-01-29T22:10:45.969+0300][77.409s][debug][gc] GC(2617) Reclaimed 102 empty regions
[2020-01-29T22:10:45.969+0300][77.409s][info ][gc] GC(2617) Pause Remark 206M->104M(256M) 0.608ms
[2020-01-29T22:10:45.979+0300][77.419s][info ][gc] GC(2619) Pause Young (Normal) (G1 Evacuation Pause) 104M->104M(256M) 9.441ms
[2020-01-29T22:10:46.022+0300][77.462s][info ][gc] GC(2620) Pause Young (Normal) (G1 Evacuation Pause) 143M->144M(256M) 27.312ms
[2020-01-29T22:10:46.064+0300][77.504s][info ][gc] GC(2621) Pause Young (Normal) (G1 Evacuation Pause) 170M->171M(256M) 32.655ms
[2020-01-29T22:10:46.116+0300][77.556s][info ][gc] GC(2622) Pause Young (Normal) (G1 Evacuation Pause) 209M->210M(256M) 33.495ms
[2020-01-29T22:10:46.148+0300][77.589s][info ][gc] GC(2623) Pause Young (Normal) (G1 Evacuation Pause) 219M->220M(256M) 26.623ms
[2020-01-29T22:10:46.180+0300][77.620s][info ][gc] GC(2624) Pause Young (Normal) (G1 Evacuation Pause) 230M->230M(256M) 27.713ms
[2020-01-29T22:10:46.213+0300][77.653s][info ][gc] GC(2625) Pause Young (Normal) (G1 Evacuation Pause) 240M->240M(256M) 27.797ms
[2020-01-29T22:10:46.252+0300][77.693s][info ][gc] GC(2626) To-space exhausted
[2020-01-29T22:10:46.253+0300][77.693s][info ][gc] GC(2626) Pause Young (Normal) (G1 Evacuation Pause) 250M->255M(256M) 34.102ms
[2020-01-29T22:10:46.253+0300][77.693s][debug][gc] GC(2627) Clear Next Bitmap 0.064ms
[2020-01-29T22:10:46.286+0300][77.726s][info ][gc] GC(2627) Pause Full (G1 Evacuation Pause) 255M->62M(256M) 32.842ms
[2020-01-29T22:10:46.286+0300][77.726s][info ][gc] GC(2617) Concurrent Cycle 362.417ms
[2020-01-29T22:10:46.335+0300][77.776s][info ][gc] GC(2628) Pause Young (Normal) (G1 Evacuation Pause) 114M->114M(256M) 28.574ms
[2020-01-29T22:10:46.372+0300][77.814s][info ][gc] GC(2629) Pause Young (Concurrent Start) (G1 Humongous Allocation) 136M->137M(256M) 17.054ms
[2020-01-29T22:10:46.372+0300][77.814s][info ][gc] GC(2630) Concurrent Cycle
[2020-01-29T22:10:46.407+0300][77.850s][info ][gc] GC(2631) Pause Young (Normal) (G1 Evacuation Pause) 184M->185M(256M) 20.784ms
[2020-01-29T22:10:46.412+0300][77.855s][debug][gc] GC(2630) Reclaimed 103 empty regions
[2020-01-29T22:10:46.412+0300][77.855s][info ][gc] GC(2630) Pause Remark 194M->94M(256M) 0.615ms
[2020-01-29T22:10:46.427+0300][77.867s][info ][gc] GC(2632) Pause Young (Normal) (G1 Evacuation Pause) 97M->98M(256M) 11.052ms
[2020-01-29T22:10:46.472+0300][77.914s][info ][gc] GC(2633) Pause Young (Normal) (G1 Evacuation Pause) 138M->139M(256M) 30.256ms
[2020-01-29T22:10:46.517+0300][77.959s][info ][gc] GC(2634) Pause Young (Normal) (G1 Evacuation Pause) 167M->168M(256M) 33.673ms
[2020-01-29T22:10:46.567+0300][78.012s][info ][gc] GC(2635) Pause Young (Normal) (G1 Evacuation Pause) 207M->208M(256M) 28.869ms
[2020-01-29T22:10:46.597+0300][78.037s][info ][gc] GC(2636) Pause Young (Normal) (G1 Evacuation Pause) 217M->218M(256M) 21.697ms
[2020-01-29T22:10:46.598+0300][78.038s][info ][gc] GC(2630) Pause Cleanup 218M->218M(256M) 0.057ms
[2020-01-29T22:10:46.598+0300][78.039s][info ][gc] GC(2630) Concurrent Cycle 224.717ms
[2020-01-29T22:10:46.625+0300][78.065s][info ][gc] GC(2637) Pause Young (Normal) (G1 Evacuation Pause) 228M->229M(256M) 20.738ms
[2020-01-29T22:10:46.637+0300][78.078s][info ][gc] GC(2638) Pause Young (Concurrent Start) (G1 Evacuation Pause) 239M->239M(256M) 8.222ms
[2020-01-29T22:10:46.637+0300][78.078s][info ][gc] GC(2639) Concurrent Cycle
[2020-01-29T22:10:46.655+0300][78.097s][info ][gc] GC(2640) To-space exhausted
[2020-01-29T22:10:46.655+0300][78.097s][info ][gc] GC(2640) Pause Young (Normal) (G1 Evacuation Pause) 249M->251M(256M) 12.896ms
[2020-01-29T22:10:46.670+0300][78.110s][info ][gc] GC(2641) To-space exhausted
[2020-01-29T22:10:46.670+0300][78.110s][info ][gc] GC(2641) Pause Young (Normal) (G1 Evacuation Pause) 255M->255M(256M) 11.321ms
[2020-01-29T22:10:46.670+0300][78.110s][debug][gc] GC(2642) Clear Next Bitmap 0.083ms
[2020-01-29T22:10:46.712+0300][78.156s][info ][gc] GC(2642) Pause Full (G1 Evacuation Pause) 255M->77M(256M) 46.300ms
[2020-01-29T22:10:46.712+0300][78.156s][info ][gc] GC(2639) Concurrent Cycle 78.828ms
[2020-01-29T22:10:46.757+0300][78.202s][info ][gc] GC(2643) Pause Young (Normal) (G1 Evacuation Pause) 125M->124M(256M) 26.438ms
[2020-01-29T22:10:46.797+0300][78.237s][info ][gc] GC(2644) Pause Young (Concurrent Start) (G1 Humongous Allocation) 136M->138M(256M) 10.213ms
[2020-01-29T22:10:46.797+0300][78.237s][info ][gc] GC(2645) Concurrent Cycle
[2020-01-29T22:10:46.827+0300][78.270s][info ][gc] GC(2646) Pause Young (Normal) (G1 Evacuation Pause) 186M->187M(256M) 20.030ms
[2020-01-29T22:10:46.827+0300][78.271s][debug][gc] GC(2645) Reclaimed 115 empty regions
[2020-01-29T22:10:46.827+0300][78.271s][info ][gc] GC(2645) Pause Remark 187M->74M(256M) 0.624ms
[2020-01-29T22:10:46.842+0300][78.286s][info ][gc] GC(2647) Pause Young (Normal) (G1 Evacuation Pause) 85M->87M(256M) 10.081ms
[2020-01-29T22:10:46.889+0300][78.336s][info ][gc] GC(2648) Pause Young (Normal) (G1 Evacuation Pause) 131M->132M(256M) 32.663ms
[2020-01-29T22:10:46.942+0300][78.385s][info ][gc] GC(2649) Pause Young (Normal) (G1 Evacuation Pause) 162M->162M(256M) 36.349ms
[2020-01-29T22:10:46.959+0300][78.399s][info ][gc] GC(2645) Pause Cleanup 196M->196M(256M) 0.067ms
[2020-01-29T22:10:46.959+0300][78.399s][info ][gc] GC(2645) Concurrent Cycle 161.435ms
[2020-01-29T22:10:46.992+0300][78.432s][info ][gc] GC(2650) Pause Young (Normal) (G1 Evacuation Pause) 202M->203M(256M) 31.188ms
[2020-01-29T22:10:47.002+0300][78.446s][info ][gc] GC(2651) Pause Young (Concurrent Start) (G1 Evacuation Pause) 211M->212M(256M) 10.777ms
[2020-01-29T22:10:47.002+0300][78.446s][info ][gc] GC(2652) Concurrent Cycle
[2020-01-29T22:10:47.019+0300][78.459s][info ][gc] GC(2653) Pause Young (Normal) (G1 Evacuation Pause) 222M->223M(256M) 6.943ms
[2020-01-29T22:10:47.032+0300][78.473s][info ][gc] GC(2654) Pause Young (Normal) (G1 Evacuation Pause) 233M->234M(256M) 7.648ms
[2020-01-29T22:10:47.042+0300][78.486s][info ][gc] GC(2655) To-space exhausted
[2020-01-29T22:10:47.042+0300][78.486s][info ][gc] GC(2655) Pause Young (Normal) (G1 Evacuation Pause) 244M->246M(256M) 8.767ms
[2020-01-29T22:10:47.062+0300][78.506s][info ][gc] GC(2656) To-space exhausted
[2020-01-29T22:10:47.062+0300][78.506s][info ][gc] GC(2656) Pause Young (Normal) (G1 Evacuation Pause) 255M->255M(256M) 16.821ms
[2020-01-29T22:10:47.067+0300][78.506s][debug][gc] GC(2657) Clear Next Bitmap 0.090ms
[2020-01-29T22:10:47.113+0300][78.554s][info ][gc] GC(2657) Pause Full (G1 Evacuation Pause) 255M->87M(256M) 47.268ms
[2020-01-29T22:10:47.113+0300][78.554s][info ][gc] GC(2652) Concurrent Cycle 107.654ms
[2020-01-29T22:10:47.156+0300][78.596s][info ][gc] GC(2658) Pause Young (Normal) (G1 Evacuation Pause) 131M->132M(256M) 24.515ms
[2020-01-29T22:10:47.175+0300][78.615s][info ][gc] GC(2659) Pause Young (Concurrent Start) (G1 Humongous Allocation) 137M->138M(256M) 7.091ms
[2020-01-29T22:10:47.175+0300][78.615s][info ][gc] GC(2660) Concurrent Cycle
[2020-01-29T22:10:47.185+0300][78.625s][debug][gc] GC(2660) Reclaimed 123 empty regions
[2020-01-29T22:10:47.185+0300][78.625s][info ][gc] GC(2660) Pause Remark 180M->59M(256M) 0.623ms
[2020-01-29T22:10:47.204+0300][78.644s][info ][gc] GC(2661) Pause Young (Normal) (G1 Evacuation Pause) 64M->60M(256M) 17.217ms
[2020-01-29T22:10:47.221+0300][78.661s][info ][gc] GC(2660) Pause Cleanup 102M->102M(256M) 0.037ms
[2020-01-29T22:10:47.221+0300][78.661s][info ][gc] GC(2660) Concurrent Cycle 46.069ms
[2020-01-29T22:10:47.266+0300][78.706s][info ][gc] GC(2662) Pause Young (Normal) (G1 Evacuation Pause) 113M->114M(256M) 40.603ms
[2020-01-29T22:10:47.315+0300][78.755s][info ][gc] GC(2663) Pause Young (Concurrent Start) (G1 Humongous Allocation) 149M->149M(256M) 23.980ms
[2020-01-29T22:10:47.315+0300][78.755s][info ][gc] GC(2664) Concurrent Cycle
[2020-01-29T22:10:47.356+0300][78.796s][info ][gc] GC(2665) Pause Young (Normal) (G1 Evacuation Pause) 194M->195M(256M) 18.831ms
[2020-01-29T22:10:47.361+0300][78.801s][debug][gc] GC(2664) Reclaimed 97 empty regions
[2020-01-29T22:10:47.361+0300][78.801s][info ][gc] GC(2664) Pause Remark 205M->108M(256M) 0.624ms
[2020-01-29T22:10:47.371+0300][78.810s][info ][gc] GC(2666) Pause Young (Normal) (G1 Evacuation Pause) 108M->109M(256M) 9.429ms
[2020-01-29T22:10:47.412+0300][78.852s][info ][gc] GC(2667) Pause Young (Normal) (G1 Evacuation Pause) 146M->147M(256M) 27.330ms
[2020-01-29T22:10:47.454+0300][78.895s][info ][gc] GC(2668) Pause Young (Normal) (G1 Evacuation Pause) 172M->173M(256M) 32.374ms
[2020-01-29T22:10:47.491+0300][78.931s][info ][gc] GC(2669) Pause Young (Normal) (G1 Evacuation Pause) 190M->191M(256M) 29.052ms
[2020-01-29T22:10:47.534+0300][78.974s][info ][gc] GC(2670) Pause Young (Normal) (G1 Evacuation Pause) 222M->223M(256M) 27.359ms
[2020-01-29T22:10:47.564+0300][79.005s][info ][gc] GC(2671) Pause Young (Normal) (G1 Evacuation Pause) 233M->234M(256M) 25.833ms
[2020-01-29T22:10:47.597+0300][79.037s][info ][gc] GC(2672) To-space exhausted
[2020-01-29T22:10:47.597+0300][79.037s][info ][gc] GC(2672) Pause Young (Normal) (G1 Evacuation Pause) 244M->245M(256M) 28.533ms
[2020-01-29T22:10:47.640+0300][79.080s][info ][gc] GC(2673) To-space exhausted
[2020-01-29T22:10:47.640+0300][79.080s][info ][gc] GC(2673) Pause Young (Normal) (G1 Evacuation Pause) 255M->255M(256M) 38.856ms
[2020-01-29T22:10:47.640+0300][79.081s][debug][gc] GC(2674) Clear Next Bitmap 0.052ms
[2020-01-29T22:10:47.672+0300][79.112s][info ][gc] GC(2674) Pause Full (G1 Evacuation Pause) 255M->62M(256M) 31.462ms
[2020-01-29T22:10:47.672+0300][79.112s][info ][gc] GC(2664) Concurrent Cycle 357.638ms
[2020-01-29T22:10:47.722+0300][79.162s][info ][gc] GC(2675) Pause Young (Normal) (G1 Evacuation Pause) 114M->114M(256M) 29.204ms
[2020-01-29T22:10:47.759+0300][79.198s][info ][gc] GC(2676) Pause Young (Concurrent Start) (G1 Humongous Allocation) 137M->138M(256M) 17.044ms
[2020-01-29T22:10:47.759+0300][79.198s][info ][gc] GC(2677) Concurrent Cycle
[2020-01-29T22:10:47.794+0300][79.235s][info ][gc] GC(2678) Pause Young (Normal) (G1 Evacuation Pause) 186M->187M(256M) 20.535ms
[2020-01-29T22:10:47.799+0300][79.239s][debug][gc] GC(2677) Reclaimed 104 empty regions
[2020-01-29T22:10:47.799+0300][79.239s][info ][gc] GC(2677) Pause Remark 196M->94M(256M) 0.612ms
[2020-01-29T22:10:47.810+0300][79.250s][info ][gc] GC(2679) Pause Young (Normal) (G1 Evacuation Pause) 96M->98M(256M) 9.733ms
[2020-01-29T22:10:47.855+0300][79.295s][info ][gc] GC(2680) Pause Young (Normal) (G1 Evacuation Pause) 138M->138M(256M) 29.671ms
[2020-01-29T22:10:47.902+0300][79.342s][info ][gc] GC(2681) Pause Young (Normal) (G1 Evacuation Pause) 166M->167M(256M) 35.562ms
[2020-01-29T22:10:47.956+0300][79.397s][info ][gc] GC(2682) Pause Young (Normal) (G1 Evacuation Pause) 206M->207M(256M) 34.887ms
[2020-01-29T22:10:47.990+0300][79.430s][info ][gc] GC(2683) Pause Young (Normal) (G1 Evacuation Pause) 216M->218M(256M) 29.605ms
[2020-01-29T22:10:48.025+0300][79.465s][info ][gc] GC(2684) Pause Young (Normal) (G1 Evacuation Pause) 228M->229M(256M) 30.225ms
[2020-01-29T22:10:48.026+0300][79.466s][info ][gc] GC(2677) Pause Cleanup 232M->232M(256M) 0.056ms
[2020-01-29T22:10:48.027+0300][79.467s][info ][gc] GC(2677) Concurrent Cycle 268.103ms
[2020-01-29T22:10:48.058+0300][79.498s][info ][gc] GC(2685) Pause Young (Normal) (G1 Evacuation Pause) 239M->239M(256M) 28.306ms
[2020-01-29T22:10:48.076+0300][79.516s][info ][gc] GC(2686) To-space exhausted
[2020-01-29T22:10:48.076+0300][79.516s][info ][gc] GC(2686) Pause Young (Concurrent Start) (G1 Evacuation Pause) 249M->251M(256M) 14.327ms
[2020-01-29T22:10:48.076+0300][79.516s][info ][gc] GC(2687) Concurrent Cycle
[2020-01-29T22:10:48.091+0300][79.530s][info ][gc] GC(2688) To-space exhausted
[2020-01-29T22:10:48.091+0300][79.530s][info ][gc] GC(2688) Pause Young (Normal) (G1 Evacuation Pause) 255M->255M(256M) 11.279ms
[2020-01-29T22:10:48.091+0300][79.531s][debug][gc] GC(2689) Clear Next Bitmap 0.089ms
[2020-01-29T22:10:48.133+0300][79.573s][info ][gc] GC(2689) Pause Full (G1 Evacuation Pause) 255M->77M(256M) 42.468ms
[2020-01-29T22:10:48.134+0300][79.573s][info ][gc] GC(2687) Concurrent Cycle 57.329ms
[2020-01-29T22:10:48.180+0300][79.621s][info ][gc] GC(2690) Pause Young (Normal) (G1 Evacuation Pause) 125M->125M(256M) 28.962ms
[2020-01-29T22:10:48.206+0300][79.646s][info ][gc] GC(2691) Pause Young (Concurrent Start) (G1 Humongous Allocation) 137M->138M(256M) 10.149ms
[2020-01-29T22:10:48.206+0300][79.646s][info ][gc] GC(2692) Concurrent Cycle
[2020-01-29T22:10:48.239+0300][79.679s][info ][gc] GC(2693) Pause Young (Normal) (G1 Evacuation Pause) 186M->186M(256M) 20.349ms
[2020-01-29T22:10:48.240+0300][79.681s][debug][gc] GC(2692) Reclaimed 116 empty regions
[2020-01-29T22:10:48.240+0300][79.681s][info ][gc] GC(2692) Pause Remark 188M->74M(256M) 0.630ms
[2020-01-29T22:10:48.255+0300][79.696s][info ][gc] GC(2694) Pause Young (Normal) (G1 Evacuation Pause) 84M->85M(256M) 11.000ms
[2020-01-29T22:10:48.308+0300][79.748s][info ][gc] GC(2695) Pause Young (Normal) (G1 Evacuation Pause) 130M->130M(256M) 34.374ms
[2020-01-29T22:10:48.372+0300][79.812s][info ][gc] GC(2696) Pause Young (Normal) (G1 Evacuation Pause) 180M->181M(256M) 40.584ms
[2020-01-29T22:10:48.376+0300][79.816s][info ][gc] GC(2692) Pause Cleanup 189M->189M(256M) 0.043ms
[2020-01-29T22:10:48.376+0300][79.816s][info ][gc] GC(2692) Concurrent Cycle 169.625ms
[2020-01-29T22:10:48.408+0300][79.848s][info ][gc] GC(2697) Pause Young (Normal) (G1 Evacuation Pause) 196M->197M(256M) 29.112ms
[2020-01-29T22:10:48.421+0300][79.861s][info ][gc] GC(2698) Pause Young (Concurrent Start) (G1 Evacuation Pause) 207M->208M(256M) 8.881ms
[2020-01-29T22:10:48.421+0300][79.861s][info ][gc] GC(2699) Concurrent Cycle
[2020-01-29T22:10:48.436+0300][79.876s][info ][gc] GC(2700) Pause Young (Normal) (G1 Evacuation Pause) 218M->218M(256M) 8.217ms
[2020-01-29T22:10:48.448+0300][79.888s][info ][gc] GC(2701) Pause Young (Normal) (G1 Evacuation Pause) 228M->229M(256M) 8.048ms
[2020-01-29T22:10:48.461+0300][79.900s][info ][gc] GC(2702) Pause Young (Normal) (G1 Evacuation Pause) 239M->239M(256M) 8.249ms
[2020-01-29T22:10:48.477+0300][79.917s][info ][gc] GC(2703) To-space exhausted
[2020-01-29T22:10:48.477+0300][79.917s][info ][gc] GC(2703) Pause Young (Normal) (G1 Evacuation Pause) 249M->251M(256M) 12.705ms
[2020-01-29T22:10:48.491+0300][79.931s][info ][gc] GC(2704) To-space exhausted
[2020-01-29T22:10:48.491+0300][79.931s][info ][gc] GC(2704) Pause Young (Normal) (G1 Evacuation Pause) 255M->255M(256M) 11.766ms
[2020-01-29T22:10:48.491+0300][79.931s][debug][gc] GC(2705) Clear Next Bitmap 0.074ms
[2020-01-29T22:10:48.541+0300][79.981s][info ][gc] GC(2705) Pause Full (G1 Evacuation Pause) 255M->90M(256M) 49.955ms
[2020-01-29T22:10:48.541+0300][79.981s][info ][gc] GC(2699) Concurrent Cycle 120.254ms
[2020-01-29T22:10:48.582+0300][80.022s][info ][gc] GC(2706) Pause Young (Normal) (G1 Evacuation Pause) 133M->133M(256M) 24.410ms
[2020-01-29T22:10:48.598+0300][80.039s][info ][gc] GC(2707) Pause Young (Concurrent Start) (G1 Humongous Allocation) 136M->137M(256M) 5.283ms
[2020-01-29T22:10:48.598+0300][80.039s][info ][gc] GC(2708) Concurrent Cycle
[2020-01-29T22:10:48.607+0300][80.048s][debug][gc] GC(2708) Reclaimed 125 empty regions
[2020-01-29T22:10:48.607+0300][80.048s][info ][gc] GC(2708) Pause Remark 176M->53M(256M) 0.665ms
[2020-01-29T22:10:48.629+0300][80.070s][info ][gc] GC(2709) Pause Young (Normal) (G1 Evacuation Pause) 62M->60M(256M) 17.867ms
[2020-01-29T22:10:48.643+0300][80.083s][info ][gc] GC(2708) Pause Cleanup 94M->94M(256M) 0.036ms
[2020-01-29T22:10:48.643+0300][80.083s][info ][gc] GC(2708) Concurrent Cycle 44.521ms
[2020-01-29T22:10:48.691+0300][80.131s][info ][gc] GC(2710) Pause Young (Normal) (G1 Evacuation Pause) 113M->114M(256M) 39.950ms
[2020-01-29T22:10:48.737+0300][80.178s][info ][gc] GC(2711) Pause Young (Concurrent Start) (G1 Humongous Allocation) 148M->148M(256M) 23.423ms
[2020-01-29T22:10:48.737+0300][80.178s][info ][gc] GC(2712) Concurrent Cycle
[2020-01-29T22:10:48.778+0300][80.218s][info ][gc] GC(2713) Pause Young (Normal) (G1 Evacuation Pause) 193M->195M(256M) 18.784ms
[2020-01-29T22:10:48.782+0300][80.223s][debug][gc] GC(2712) Reclaimed 101 empty regions
[2020-01-29T22:10:48.782+0300][80.223s][info ][gc] GC(2712) Pause Remark 204M->103M(256M) 0.616ms
[2020-01-29T22:10:48.792+0300][80.233s][info ][gc] GC(2714) Pause Young (Normal) (G1 Evacuation Pause) 104M->104M(256M) 9.408ms
[2020-01-29T22:10:48.835+0300][80.275s][info ][gc] GC(2715) Pause Young (Normal) (G1 Evacuation Pause) 143M->144M(256M) 26.597ms
[2020-01-29T22:10:48.878+0300][80.318s][info ][gc] GC(2716) Pause Young (Normal) (G1 Evacuation Pause) 170M->171M(256M) 32.670ms
[2020-01-29T22:10:48.928+0300][80.369s][info ][gc] GC(2717) Pause Young (Normal) (G1 Evacuation Pause) 209M->210M(256M) 30.213ms
[2020-01-29T22:10:48.957+0300][80.397s][info ][gc] GC(2718) Pause Young (Normal) (G1 Evacuation Pause) 219M->220M(256M) 24.459ms
[2020-01-29T22:10:48.986+0300][80.426s][info ][gc] GC(2719) Pause Young (Normal) (G1 Evacuation Pause) 230M->231M(256M) 25.249ms
[2020-01-29T22:10:49.017+0300][80.457s][info ][gc] GC(2720) Pause Young (Normal) (G1 Evacuation Pause) 241M->242M(256M) 26.725ms
[2020-01-29T22:10:49.056+0300][80.496s][info ][gc] GC(2721) To-space exhausted
[2020-01-29T22:10:49.056+0300][80.496s][info ][gc] GC(2721) Pause Young (Normal) (G1 Evacuation Pause) 252M->255M(256M) 34.703ms
[2020-01-29T22:10:49.056+0300][80.496s][debug][gc] GC(2722) Clear Next Bitmap 0.064ms
[2020-01-29T22:10:49.088+0300][80.528s][info ][gc] GC(2722) Pause Full (G1 Evacuation Pause) 255M->64M(256M) 32.157ms
[2020-01-29T22:10:49.088+0300][80.529s][info ][gc] GC(2712) Concurrent Cycle 350.917ms
[2020-01-29T22:10:49.136+0300][80.576s][info ][gc] GC(2723) Pause Young (Normal) (G1 Evacuation Pause) 115M->115M(256M) 27.471ms
[2020-01-29T22:10:49.172+0300][80.611s][info ][gc] GC(2724) Pause Young (Concurrent Start) (G1 Humongous Allocation) 137M->138M(256M) 16.904ms
[2020-01-29T22:10:49.172+0300][80.612s][info ][gc] GC(2725) Concurrent Cycle
[2020-01-29T22:10:49.207+0300][80.646s][info ][gc] GC(2726) Pause Young (Normal) (G1 Evacuation Pause) 185M->185M(256M) 19.531ms
[2020-01-29T22:10:49.211+0300][80.651s][debug][gc] GC(2725) Reclaimed 106 empty regions
[2020-01-29T22:10:49.211+0300][80.651s][info ][gc] GC(2725) Pause Remark 194M->91M(256M) 0.625ms
[2020-01-29T22:10:49.222+0300][80.662s][info ][gc] GC(2727) Pause Young (Normal) (G1 Evacuation Pause) 94M->95M(256M) 9.787ms
[2020-01-29T22:10:49.268+0300][80.708s][info ][gc] GC(2728) Pause Young (Normal) (G1 Evacuation Pause) 136M->137M(256M) 29.851ms
[2020-01-29T22:10:49.317+0300][80.758s][info ][gc] GC(2729) Pause Young (Normal) (G1 Evacuation Pause) 165M->165M(256M) 38.217ms
[2020-01-29T22:10:49.373+0300][80.814s][info ][gc] GC(2730) Pause Young (Normal) (G1 Evacuation Pause) 205M->206M(256M) 36.686ms
[2020-01-29T22:10:49.408+0300][80.849s][info ][gc] GC(2731) Pause Young (Normal) (G1 Evacuation Pause) 214M->215M(256M) 30.690ms
[2020-01-29T22:10:49.411+0300][80.851s][info ][gc] GC(2725) Pause Cleanup 219M->219M(256M) 0.054ms
[2020-01-29T22:10:49.411+0300][80.852s][info ][gc] GC(2725) Concurrent Cycle 240.166ms
[2020-01-29T22:10:49.441+0300][80.881s][info ][gc] GC(2732) Pause Young (Normal) (G1 Evacuation Pause) 225M->227M(256M) 26.496ms
[2020-01-29T22:10:49.453+0300][80.893s][info ][gc] GC(2733) Pause Young (Concurrent Start) (G1 Evacuation Pause) 237M->238M(256M) 8.320ms
[2020-01-29T22:10:49.453+0300][80.894s][info ][gc] GC(2734) Concurrent Cycle
[2020-01-29T22:10:49.472+0300][80.912s][info ][gc] GC(2735) To-space exhausted
[2020-01-29T22:10:49.472+0300][80.912s][info ][gc] GC(2735) Pause Young (Normal) (G1 Evacuation Pause) 248M->250M(256M) 12.336ms
[2020-01-29T22:10:49.487+0300][80.927s][info ][gc] GC(2736) To-space exhausted
[2020-01-29T22:10:49.487+0300][80.927s][info ][gc] GC(2736) Pause Young (Normal) (G1 Evacuation Pause) 255M->255M(256M) 12.793ms
[2020-01-29T22:10:49.487+0300][80.927s][debug][gc] GC(2737) Clear Next Bitmap 0.073ms
[2020-01-29T22:10:49.528+0300][80.968s][info ][gc] GC(2737) Pause Full (G1 Evacuation Pause) 255M->77M(256M) 41.002ms
[2020-01-29T22:10:49.528+0300][80.968s][info ][gc] GC(2734) Concurrent Cycle 74.853ms
[2020-01-29T22:10:49.574+0300][81.013s][info ][gc] GC(2738) Pause Young (Normal) (G1 Evacuation Pause) 125M->125M(256M) 26.479ms
[2020-01-29T22:10:49.599+0300][81.039s][info ][gc] GC(2739) Pause Young (Concurrent Start) (G1 Humongous Allocation) 136M->137M(256M) 10.221ms
[2020-01-29T22:10:49.599+0300][81.039s][info ][gc] GC(2740) Concurrent Cycle
[2020-01-29T22:10:49.631+0300][81.071s][info ][gc] GC(2741) Pause Young (Normal) (G1 Evacuation Pause) 185M->186M(256M) 20.062ms
[2020-01-29T22:10:49.633+0300][81.073s][debug][gc] GC(2740) Reclaimed 115 empty regions
[2020-01-29T22:10:49.633+0300][81.073s][info ][gc] GC(2740) Pause Remark 189M->76M(256M) 0.623ms
[2020-01-29T22:10:49.647+0300][81.086s][info ][gc] GC(2742) Pause Young (Normal) (G1 Evacuation Pause) 85M->86M(256M) 9.620ms
[2020-01-29T22:10:49.695+0300][81.135s][info ][gc] GC(2743) Pause Young (Normal) (G1 Evacuation Pause) 130M->131M(256M) 31.474ms
[2020-01-29T22:10:49.744+0300][81.184s][info ][gc] GC(2744) Pause Young (Normal) (G1 Evacuation Pause) 161M->162M(256M) 36.904ms
[2020-01-29T22:10:49.759+0300][81.199s][info ][gc] GC(2740) Pause Cleanup 189M->189M(256M) 0.043ms
[2020-01-29T22:10:49.759+0300][81.199s][info ][gc] GC(2740) Concurrent Cycle 160.160ms
[2020-01-29T22:10:49.797+0300][81.237s][info ][gc] GC(2745) Pause Young (Normal) (G1 Evacuation Pause) 202M->203M(256M) 33.043ms
[2020-01-29T22:10:49.808+0300][81.248s][info ][gc] GC(2746) Pause Young (Concurrent Start) (G1 Evacuation Pause) 211M->212M(256M) 7.534ms
[2020-01-29T22:10:49.808+0300][81.248s][info ][gc] GC(2747) Concurrent Cycle
[2020-01-29T22:10:49.822+0300][81.262s][info ][gc] GC(2748) Pause Young (Normal) (G1 Evacuation Pause) 222M->223M(256M) 7.877ms
[2020-01-29T22:10:49.834+0300][81.274s][info ][gc] GC(2749) Pause Young (Normal) (G1 Evacuation Pause) 233M->234M(256M) 7.852ms
[2020-01-29T22:10:49.848+0300][81.288s][info ][gc] GC(2750) To-space exhausted
[2020-01-29T22:10:49.848+0300][81.288s][info ][gc] GC(2750) Pause Young (Normal) (G1 Evacuation Pause) 244M->246M(256M) 9.896ms
[2020-01-29T22:10:49.870+0300][81.310s][info ][gc] GC(2751) To-space exhausted
[2020-01-29T22:10:49.870+0300][81.310s][info ][gc] GC(2751) Pause Young (Normal) (G1 Evacuation Pause) 255M->255M(256M) 17.919ms
[2020-01-29T22:10:49.870+0300][81.310s][debug][gc] GC(2752) Clear Next Bitmap 0.160ms
[2020-01-29T22:10:49.920+0300][81.360s][info ][gc] GC(2752) Pause Full (G1 Evacuation Pause) 255M->87M(256M) 50.083ms
[2020-01-29T22:10:49.921+0300][81.361s][info ][gc] GC(2747) Concurrent Cycle 112.468ms
[2020-01-29T22:10:49.962+0300][81.402s][info ][gc] GC(2753) Pause Young (Normal) (G1 Evacuation Pause) 131M->132M(256M) 24.314ms
[2020-01-29T22:10:49.982+0300][81.422s][info ][gc] GC(2754) Pause Young (Concurrent Start) (G1 Humongous Allocation) 137M->138M(256M) 7.273ms
[2020-01-29T22:10:49.982+0300][81.422s][info ][gc] GC(2755) Concurrent Cycle
[2020-01-29T22:10:49.992+0300][81.432s][debug][gc] GC(2755) Reclaimed 123 empty regions
[2020-01-29T22:10:49.992+0300][81.432s][info ][gc] GC(2755) Pause Remark 180M->59M(256M) 0.620ms
[2020-01-29T22:10:50.012+0300][81.452s][info ][gc] GC(2756) Pause Young (Normal) (G1 Evacuation Pause) 64M->60M(256M) 17.506ms
[2020-01-29T22:10:50.028+0300][81.467s][info ][gc] GC(2755) Pause Cleanup 99M->99M(256M) 0.035ms
[2020-01-29T22:10:50.028+0300][81.468s][info ][gc] GC(2755) Concurrent Cycle 45.867ms
[2020-01-29T22:10:50.072+0300][81.513s][info ][gc] GC(2757) Pause Young (Normal) (G1 Evacuation Pause) 113M->113M(256M) 40.063ms
[2020-01-29T22:10:50.121+0300][81.562s][info ][gc] GC(2758) Pause Young (Concurrent Start) (G1 Humongous Allocation) 148M->149M(256M) 24.593ms
[2020-01-29T22:10:50.121+0300][81.562s][info ][gc] GC(2759) Concurrent Cycle
[2020-01-29T22:10:50.163+0300][81.603s][info ][gc] GC(2760) Pause Young (Normal) (G1 Evacuation Pause) 194M->194M(256M) 18.879ms
[2020-01-29T22:10:50.167+0300][81.607s][debug][gc] GC(2759) Reclaimed 101 empty regions
[2020-01-29T22:10:50.167+0300][81.607s][info ][gc] GC(2759) Pause Remark 204M->103M(256M) 0.609ms
[2020-01-29T22:10:50.177+0300][81.618s][info ][gc] GC(2761) Pause Young (Normal) (G1 Evacuation Pause) 103M->104M(256M) 9.453ms
[2020-01-29T22:10:50.221+0300][81.661s][info ][gc] GC(2762) Pause Young (Normal) (G1 Evacuation Pause) 143M->143M(256M) 28.337ms
[2020-01-29T22:10:50.265+0300][81.705s][info ][gc] GC(2763) Pause Young (Normal) (G1 Evacuation Pause) 169M->170M(256M) 33.168ms
[2020-01-29T22:10:50.321+0300][81.761s][info ][gc] GC(2764) Pause Young (Normal) (G1 Evacuation Pause) 208M->209M(256M) 35.430ms
[2020-01-29T22:10:50.353+0300][81.793s][info ][gc] GC(2765) Pause Young (Normal) (G1 Evacuation Pause) 218M->219M(256M) 28.610ms
[2020-01-29T22:10:50.387+0300][81.827s][info ][gc] GC(2766) Pause Young (Normal) (G1 Evacuation Pause) 229M->229M(256M) 29.057ms
[2020-01-29T22:10:50.421+0300][81.862s][info ][gc] GC(2767) Pause Young (Normal) (G1 Evacuation Pause) 239M->240M(256M) 30.596ms
[2020-01-29T22:10:50.463+0300][81.903s][info ][gc] GC(2768) To-space exhausted
[2020-01-29T22:10:50.463+0300][81.903s][info ][gc] GC(2768) Pause Young (Normal) (G1 Evacuation Pause) 250M->253M(256M) 34.419ms
[2020-01-29T22:10:50.464+0300][81.905s][info ][gc] GC(2759) Pause Cleanup 254M->254M(256M) 0.049ms
[2020-01-29T22:10:50.465+0300][81.905s][info ][gc] GC(2759) Concurrent Cycle 343.553ms
[2020-01-29T22:10:50.491+0300][81.932s][info ][gc] GC(2769) To-space exhausted
[2020-01-29T22:10:50.491+0300][81.932s][info ][gc] GC(2769) Pause Young (Normal) (G1 Evacuation Pause) 255M->255M(256M) 25.555ms
[2020-01-29T22:10:50.529+0300][81.969s][info ][gc] GC(2770) Pause Full (G1 Evacuation Pause) 255M->65M(256M) 37.424ms
[2020-01-29T22:10:50.583+0300][82.023s][info ][gc] GC(2771) Pause Young (Concurrent Start) (G1 Evacuation Pause) 121M->121M(256M) 31.200ms
[2020-01-29T22:10:50.583+0300][82.023s][info ][gc] GC(2772) Concurrent Cycle
[2020-01-29T22:10:50.637+0300][82.077s][info ][gc] GC(2773) Pause Young (Normal) (G1 Evacuation Pause) 176M->177M(256M) 24.864ms
[2020-01-29T22:10:50.656+0300][82.096s][info ][gc] GC(2774) Pause Young (Normal) (G1 Evacuation Pause) 193M->194M(256M) 12.821ms
[2020-01-29T22:10:50.669+0300][82.108s][info ][gc] GC(2775) Pause Young (Normal) (G1 Evacuation Pause) 204M->205M(256M) 8.240ms
[2020-01-29T22:10:50.680+0300][82.120s][info ][gc] GC(2776) Pause Young (Normal) (G1 Evacuation Pause) 215M->215M(256M) 7.466ms
[2020-01-29T22:10:50.692+0300][82.132s][info ][gc] GC(2777) Pause Young (Normal) (G1 Evacuation Pause) 225M->226M(256M) 7.596ms
[2020-01-29T22:10:50.704+0300][82.144s][info ][gc] GC(2778) Pause Young (Normal) (G1 Evacuation Pause) 236M->238M(256M) 7.912ms
[2020-01-29T22:10:50.722+0300][82.162s][info ][gc] GC(2779) To-space exhausted
[2020-01-29T22:10:50.722+0300][82.162s][info ][gc] GC(2779) Pause Young (Normal) (G1 Evacuation Pause) 248M->250M(256M) 13.567ms
[2020-01-29T22:10:50.735+0300][82.175s][info ][gc] GC(2780) To-space exhausted
[2020-01-29T22:10:50.735+0300][82.175s][info ][gc] GC(2780) Pause Young (Normal) (G1 Evacuation Pause) 254M->254M(256M) 11.612ms
[2020-01-29T22:10:50.735+0300][82.175s][debug][gc] GC(2781) Clear Next Bitmap 0.084ms
[2020-01-29T22:10:50.796+0300][82.237s][info ][gc] GC(2781) Pause Full (G1 Evacuation Pause) 254M->111M(256M) 61.902ms
[2020-01-29T22:10:50.797+0300][82.237s][info ][gc] GC(2772) Concurrent Cycle 214.455ms
[2020-01-29T22:10:50.832+0300][82.272s][info ][gc] GC(2782) Pause Young (Concurrent Start) (G1 Humongous Allocation) 136M->136M(256M) 15.001ms
[2020-01-29T22:10:50.832+0300][82.272s][info ][gc] GC(2783) Concurrent Cycle
[2020-01-29T22:10:50.865+0300][82.306s][info ][gc] GC(2784) Pause Young (Normal) (G1 Evacuation Pause) 185M->186M(256M) 20.195ms
[2020-01-29T22:10:50.870+0300][82.310s][debug][gc] GC(2783) Reclaimed 110 empty regions
[2020-01-29T22:10:50.870+0300][82.310s][info ][gc] GC(2783) Pause Remark 195M->88M(256M) 0.672ms
[2020-01-29T22:10:50.883+0300][82.324s][info ][gc] GC(2785) Pause Young (Normal) (G1 Evacuation Pause) 91M->93M(256M) 11.407ms
[2020-01-29T22:10:50.935+0300][82.375s][info ][gc] GC(2786) Pause Young (Normal) (G1 Evacuation Pause) 138M->139M(256M) 33.590ms
[2020-01-29T22:10:50.998+0300][82.438s][info ][gc] GC(2787) Pause Young (Normal) (G1 Evacuation Pause) 187M->187M(256M) 39.008ms
[2020-01-29T22:10:51.034+0300][82.474s][info ][gc] GC(2788) Pause Young (Normal) (G1 Evacuation Pause) 200M->202M(256M) 30.480ms
[2020-01-29T22:10:51.064+0300][82.504s][info ][gc] GC(2789) Pause Young (Normal) (G1 Evacuation Pause) 211M->211M(256M) 25.887ms
[2020-01-29T22:10:51.066+0300][82.506s][info ][gc] GC(2783) Pause Cleanup 214M->214M(256M) 0.040ms
[2020-01-29T22:10:51.066+0300][82.506s][info ][gc] GC(2783) Concurrent Cycle 233.528ms
[2020-01-29T22:10:51.092+0300][82.532s][info ][gc] GC(2790) Pause Young (Normal) (G1 Evacuation Pause) 221M->221M(256M) 23.553ms
[2020-01-29T22:10:51.104+0300][82.544s][info ][gc] GC(2791) Pause Young (Concurrent Start) (G1 Evacuation Pause) 231M->232M(256M) 8.290ms
[2020-01-29T22:10:51.105+0300][82.544s][info ][gc] GC(2792) Concurrent Cycle
[2020-01-29T22:10:51.119+0300][82.559s][info ][gc] GC(2793) Pause Young (Normal) (G1 Evacuation Pause) 242M->242M(256M) 7.988ms
[2020-01-29T22:10:51.139+0300][82.579s][info ][gc] GC(2794) To-space exhausted
[2020-01-29T22:10:51.139+0300][82.579s][info ][gc] GC(2794) Pause Young (Normal) (G1 Evacuation Pause) 252M->255M(256M) 15.857ms
[2020-01-29T22:10:51.139+0300][82.579s][debug][gc] GC(2795) Clear Next Bitmap 0.067ms
[2020-01-29T22:10:51.183+0300][82.623s][info ][gc] GC(2795) Pause Full (G1 Evacuation Pause) 255M->83M(256M) 44.701ms
[2020-01-29T22:10:51.183+0300][82.624s][info ][gc] GC(2792) Concurrent Cycle 79.392ms
[2020-01-29T22:10:51.225+0300][82.666s][info ][gc] GC(2796) Pause Young (Normal) (G1 Evacuation Pause) 128M->128M(256M) 24.251ms
[2020-01-29T22:10:51.248+0300][82.689s][info ][gc] GC(2797) Pause Young (Concurrent Start) (G1 Humongous Allocation) 137M->137M(256M) 8.889ms
[2020-01-29T22:10:51.249+0300][82.689s][info ][gc] GC(2798) Concurrent Cycle
[2020-01-29T22:10:51.261+0300][82.701s][debug][gc] GC(2798) Reclaimed 119 empty regions
[2020-01-29T22:10:51.261+0300][82.701s][info ][gc] GC(2798) Pause Remark 184M->67M(256M) 0.614ms
[2020-01-29T22:10:51.279+0300][82.720s][info ][gc] GC(2799) Pause Young (Normal) (G1 Evacuation Pause) 68M->65M(256M) 17.767ms
[2020-01-29T22:10:51.344+0300][82.784s][info ][gc] GC(2800) Pause Young (Normal) (G1 Evacuation Pause) 117M->118M(256M) 43.309ms
[2020-01-29T22:10:51.346+0300][82.786s][info ][gc] GC(2798) Pause Cleanup 122M->122M(256M) 0.046ms
[2020-01-29T22:10:51.346+0300][82.786s][info ][gc] GC(2798) Concurrent Cycle 97.359ms
[2020-01-29T22:10:51.397+0300][82.837s][info ][gc] GC(2801) Pause Young (Normal) (G1 Evacuation Pause) 152M->152M(256M) 38.889ms
[2020-01-29T22:10:51.413+0300][82.853s][info ][gc] GC(2802) Pause Young (Concurrent Start) (G1 Humongous Allocation) 153M->155M(256M) 5.545ms
[2020-01-29T22:10:51.413+0300][82.853s][info ][gc] GC(2803) Concurrent Cycle
[2020-01-29T22:10:51.421+0300][82.861s][debug][gc] GC(2803) Reclaimed 137 empty regions
[2020-01-29T22:10:51.421+0300][82.861s][info ][gc] GC(2803) Pause Remark 192M->55M(256M) 0.624ms
[2020-01-29T22:10:51.438+0300][82.878s][info ][gc] GC(2804) Pause Young (Normal) (G1 Evacuation Pause) 60M->60M(256M) 14.746ms
[2020-01-29T22:10:51.454+0300][82.894s][info ][gc] GC(2803) Pause Cleanup 101M->101M(256M) 0.043ms
[2020-01-29T22:10:51.454+0300][82.894s][info ][gc] GC(2803) Concurrent Cycle 41.119ms
[2020-01-29T22:10:51.497+0300][82.937s][info ][gc] GC(2805) Pause Young (Normal) (G1 Evacuation Pause) 112M->112M(256M) 38.254ms
[2020-01-29T22:10:51.534+0300][82.974s][info ][gc] GC(2806) Pause Young (Concurrent Start) (G1 Evacuation Pause) 148M->149M(256M) 23.209ms
[2020-01-29T22:10:51.534+0300][82.974s][info ][gc] GC(2807) Concurrent Cycle
[2020-01-29T22:10:51.576+0300][83.016s][info ][gc] GC(2808) Pause Young (Normal) (G1 Evacuation Pause) 194M->195M(256M) 19.133ms
[2020-01-29T22:10:51.589+0300][83.029s][info ][gc] GC(2809) Pause Young (Normal) (G1 Evacuation Pause) 205M->206M(256M) 9.203ms
[2020-01-29T22:10:51.602+0300][83.042s][info ][gc] GC(2810) Pause Young (Normal) (G1 Evacuation Pause) 216M->216M(256M) 8.121ms
[2020-01-29T22:10:51.614+0300][83.054s][info ][gc] GC(2811) Pause Young (Normal) (G1 Evacuation Pause) 226M->227M(256M) 8.192ms
[2020-01-29T22:10:51.627+0300][83.066s][info ][gc] GC(2812) Pause Young (Normal) (G1 Evacuation Pause) 237M->237M(256M) 8.054ms
[2020-01-29T22:10:51.643+0300][83.083s][info ][gc] GC(2813) To-space exhausted
[2020-01-29T22:10:51.643+0300][83.083s][info ][gc] GC(2813) Pause Young (Normal) (G1 Evacuation Pause) 247M->250M(256M) 12.631ms
[2020-01-29T22:10:51.657+0300][83.097s][info ][gc] GC(2814) To-space exhausted
[2020-01-29T22:10:51.657+0300][83.097s][info ][gc] GC(2814) Pause Young (Normal) (G1 Evacuation Pause) 255M->255M(256M) 12.024ms
[2020-01-29T22:10:51.658+0300][83.098s][debug][gc] GC(2815) Clear Next Bitmap 0.083ms
[2020-01-29T22:10:51.711+0300][83.151s][info ][gc] GC(2815) Pause Full (G1 Evacuation Pause) 255M->96M(256M) 53.127ms
[2020-01-29T22:10:51.711+0300][83.151s][info ][gc] GC(2807) Concurrent Cycle 176.322ms
[2020-01-29T22:10:51.758+0300][83.199s][info ][gc] GC(2816) Pause Young (Concurrent Start) (G1 Humongous Allocation) 136M->136M(256M) 22.627ms
[2020-01-29T22:10:51.758+0300][83.199s][info ][gc] GC(2817) Concurrent Cycle
[2020-01-29T22:10:51.800+0300][83.241s][info ][gc] GC(2818) Pause Young (Normal) (G1 Evacuation Pause) 184M->185M(256M) 20.933ms
[2020-01-29T22:10:51.805+0300][83.245s][debug][gc] GC(2817) Reclaimed 95 empty regions
[2020-01-29T22:10:51.805+0300][83.245s][info ][gc] GC(2817) Pause Remark 195M->102M(256M) 0.621ms
[2020-01-29T22:10:51.818+0300][83.258s][info ][gc] GC(2819) Pause Young (Normal) (G1 Evacuation Pause) 105M->106M(256M) 11.556ms
[2020-01-29T22:10:51.862+0300][83.302s][info ][gc] GC(2820) Pause Young (Normal) (G1 Evacuation Pause) 144M->145M(256M) 28.771ms
[2020-01-29T22:10:51.907+0300][83.347s][info ][gc] GC(2821) Pause Young (Normal) (G1 Evacuation Pause) 171M->173M(256M) 33.651ms
[2020-01-29T22:10:51.956+0300][83.396s][info ][gc] GC(2822) Pause Young (Normal) (G1 Evacuation Pause) 210M->211M(256M) 29.365ms
[2020-01-29T22:10:51.984+0300][83.424s][info ][gc] GC(2823) Pause Young (Normal) (G1 Evacuation Pause) 220M->221M(256M) 24.065ms
[2020-01-29T22:10:52.014+0300][83.454s][info ][gc] GC(2824) Pause Young (Normal) (G1 Evacuation Pause) 231M->231M(256M) 25.511ms
[2020-01-29T22:10:52.046+0300][83.486s][info ][gc] GC(2825) Pause Young (Normal) (G1 Evacuation Pause) 241M->243M(256M) 27.724ms
[2020-01-29T22:10:52.048+0300][83.488s][info ][gc] GC(2817) Pause Cleanup 246M->246M(256M) 0.047ms
[2020-01-29T22:10:52.048+0300][83.488s][info ][gc] GC(2817) Concurrent Cycle 288.914ms
[2020-01-29T22:10:52.084+0300][83.523s][info ][gc] GC(2826) To-space exhausted
[2020-01-29T22:10:52.084+0300][83.523s][info ][gc] GC(2826) Pause Young (Normal) (G1 Evacuation Pause) 253M->255M(256M) 33.025ms
[2020-01-29T22:10:52.117+0300][83.558s][info ][gc] GC(2827) Pause Full (G1 Evacuation Pause) 255M->68M(256M) 34.335ms
[2020-01-29T22:10:52.166+0300][83.606s][info ][gc] GC(2828) Pause Young (Concurrent Start) (G1 Evacuation Pause) 119M->119M(256M) 27.522ms
[2020-01-29T22:10:52.166+0300][83.606s][info ][gc] GC(2829) Concurrent Cycle
[2020-01-29T22:10:52.218+0300][83.657s][info ][gc] GC(2830) Pause Young (Normal) (G1 Evacuation Pause) 173M->173M(256M) 24.173ms
[2020-01-29T22:10:52.237+0300][83.678s][info ][gc] GC(2831) Pause Young (Normal) (G1 Evacuation Pause) 189M->190M(256M) 13.477ms
[2020-01-29T22:10:52.250+0300][83.691s][info ][gc] GC(2832) Pause Young (Normal) (G1 Evacuation Pause) 201M->202M(256M) 8.517ms
[2020-01-29T22:10:52.263+0300][83.703s][info ][gc] GC(2833) Pause Young (Normal) (G1 Evacuation Pause) 212M->213M(256M) 7.772ms
[2020-01-29T22:10:52.277+0300][83.718s][info ][gc] GC(2834) Pause Young (Normal) (G1 Evacuation Pause) 223M->224M(256M) 10.538ms
[2020-01-29T22:10:52.291+0300][83.731s][info ][gc] GC(2835) Pause Young (Normal) (G1 Evacuation Pause) 234M->234M(256M) 8.910ms
[2020-01-29T22:10:52.305+0300][83.745s][info ][gc] GC(2836) To-space exhausted
[2020-01-29T22:10:52.305+0300][83.745s][info ][gc] GC(2836) Pause Young (Normal) (G1 Evacuation Pause) 244M->247M(256M) 10.240ms
[2020-01-29T22:10:52.323+0300][83.763s][info ][gc] GC(2837) To-space exhausted
[2020-01-29T22:10:52.323+0300][83.763s][info ][gc] GC(2837) Pause Young (Normal) (G1 Evacuation Pause) 254M->254M(256M) 14.728ms
[2020-01-29T22:10:52.323+0300][83.763s][debug][gc] GC(2838) Clear Next Bitmap 0.058ms
[2020-01-29T22:10:52.392+0300][83.832s][info ][gc] GC(2838) Pause Full (G1 Evacuation Pause) 254M->111M(256M) 68.419ms
[2020-01-29T22:10:52.392+0300][83.832s][info ][gc] GC(2829) Concurrent Cycle 225.592ms
[2020-01-29T22:10:52.428+0300][83.868s][info ][gc] GC(2839) Pause Young (Concurrent Start) (G1 Humongous Allocation) 136M->137M(256M) 15.326ms
[2020-01-29T22:10:52.428+0300][83.868s][info ][gc] GC(2840) Concurrent Cycle
[2020-01-29T22:10:52.463+0300][83.902s][info ][gc] GC(2841) Pause Young (Normal) (G1 Evacuation Pause) 186M->186M(256M) 20.907ms
[2020-01-29T22:10:52.468+0300][83.907s][debug][gc] GC(2840) Reclaimed 105 empty regions
[2020-01-29T22:10:52.468+0300][83.907s][info ][gc] GC(2840) Pause Remark 195M->92M(256M) 0.682ms
[2020-01-29T22:10:52.487+0300][83.928s][info ][gc] GC(2842) Pause Young (Normal) (G1 Evacuation Pause) 95M->96M(256M) 10.283ms
[2020-01-29T22:10:52.537+0300][83.977s][info ][gc] GC(2843) Pause Young (Normal) (G1 Evacuation Pause) 139M->140M(256M) 31.592ms
[2020-01-29T22:10:52.584+0300][84.024s][info ][gc] GC(2844) Pause Young (Normal) (G1 Evacuation Pause) 167M->168M(256M) 35.551ms
[2020-01-29T22:10:52.635+0300][84.075s][info ][gc] GC(2845) Pause Young (Normal) (G1 Evacuation Pause) 207M->207M(256M) 31.707ms
[2020-01-29T22:10:52.638+0300][84.079s][info ][gc] GC(2840) Pause Cleanup 216M->216M(256M) 0.049ms
[2020-01-29T22:10:52.639+0300][84.079s][info ][gc] GC(2840) Concurrent Cycle 211.014ms
[2020-01-29T22:10:52.663+0300][84.103s][info ][gc] GC(2846) Pause Young (Normal) (G1 Evacuation Pause) 216M->217M(256M) 23.898ms
[2020-01-29T22:10:52.675+0300][84.115s][info ][gc] GC(2847) Pause Young (Concurrent Start) (G1 Evacuation Pause) 227M->228M(256M) 8.385ms
[2020-01-29T22:10:52.675+0300][84.115s][info ][gc] GC(2848) Concurrent Cycle
[2020-01-29T22:10:52.690+0300][84.130s][info ][gc] GC(2849) Pause Young (Normal) (G1 Evacuation Pause) 238M->239M(256M) 8.300ms
[2020-01-29T22:10:52.707+0300][84.147s][info ][gc] GC(2850) To-space exhausted
[2020-01-29T22:10:52.707+0300][84.147s][info ][gc] GC(2850) Pause Young (Normal) (G1 Evacuation Pause) 249M->251M(256M) 12.823ms
[2020-01-29T22:10:52.721+0300][84.161s][info ][gc] GC(2851) To-space exhausted
[2020-01-29T22:10:52.721+0300][84.161s][info ][gc] GC(2851) Pause Young (Normal) (G1 Evacuation Pause) 255M->255M(256M) 11.637ms
[2020-01-29T22:10:52.721+0300][84.161s][debug][gc] GC(2852) Clear Next Bitmap 0.060ms
[2020-01-29T22:10:52.767+0300][84.207s][info ][gc] GC(2852) Pause Full (G1 Evacuation Pause) 255M->80M(256M) 45.925ms
[2020-01-29T22:10:52.767+0300][84.207s][info ][gc] GC(2848) Concurrent Cycle 91.632ms
[2020-01-29T22:10:52.812+0300][84.252s][info ][gc] GC(2853) Pause Young (Normal) (G1 Evacuation Pause) 127M->126M(256M) 26.106ms
[2020-01-29T22:10:52.837+0300][84.277s][info ][gc] GC(2854) Pause Young (Concurrent Start) (G1 Humongous Allocation) 136M->138M(256M) 10.445ms
[2020-01-29T22:10:52.837+0300][84.277s][info ][gc] GC(2855) Concurrent Cycle
[2020-01-29T22:10:52.868+0300][84.309s][info ][gc] GC(2856) Pause Young (Normal) (G1 Evacuation Pause) 186M->187M(256M) 19.832ms
[2020-01-29T22:10:52.869+0300][84.310s][debug][gc] GC(2855) Reclaimed 118 empty regions
[2020-01-29T22:10:52.869+0300][84.310s][info ][gc] GC(2855) Pause Remark 187M->71M(256M) 0.633ms
[2020-01-29T22:10:52.883+0300][84.324s][info ][gc] GC(2857) Pause Young (Normal) (G1 Evacuation Pause) 82M->83M(256M) 9.631ms
[2020-01-29T22:10:52.937+0300][84.377s][info ][gc] GC(2858) Pause Young (Normal) (G1 Evacuation Pause) 128M->129M(256M) 34.543ms
[2020-01-29T22:10:52.959+0300][84.400s][info ][gc] GC(2855) Pause Cleanup 159M->159M(256M) 0.040ms
[2020-01-29T22:10:52.960+0300][84.400s][info ][gc] GC(2855) Concurrent Cycle 123.112ms
[2020-01-29T22:10:52.999+0300][84.439s][info ][gc] GC(2859) Pause Young (Normal) (G1 Evacuation Pause) 180M->181M(256M) 37.892ms
[2020-01-29T22:10:53.016+0300][84.456s][info ][gc] GC(2860) Pause Young (Concurrent Start) (G1 Evacuation Pause) 196M->197M(256M) 10.970ms
[2020-01-29T22:10:53.016+0300][84.456s][info ][gc] GC(2861) Concurrent Cycle
[2020-01-29T22:10:53.035+0300][84.475s][info ][gc] GC(2862) Pause Young (Normal) (G1 Evacuation Pause) 207M->208M(256M) 8.755ms
[2020-01-29T22:10:53.047+0300][84.488s][info ][gc] GC(2863) Pause Young (Normal) (G1 Evacuation Pause) 218M->219M(256M) 8.120ms
[2020-01-29T22:10:53.060+0300][84.500s][info ][gc] GC(2864) Pause Young (Normal) (G1 Evacuation Pause) 229M->230M(256M) 8.056ms
[2020-01-29T22:10:53.072+0300][84.512s][info ][gc] GC(2865) Pause Young (Normal) (G1 Evacuation Pause) 240M->241M(256M) 8.175ms
[2020-01-29T22:10:53.090+0300][84.530s][info ][gc] GC(2866) To-space exhausted
[2020-01-29T22:10:53.091+0300][84.531s][info ][gc] GC(2866) Pause Young (Normal) (G1 Evacuation Pause) 251M->254M(256M) 14.639ms
[2020-01-29T22:10:53.099+0300][84.539s][info ][gc] GC(2867) To-space exhausted
[2020-01-29T22:10:53.099+0300][84.539s][info ][gc] GC(2867) Pause Young (Normal) (G1 Evacuation Pause) 255M->255M(256M) 7.936ms
[2020-01-29T22:10:53.099+0300][84.539s][debug][gc] GC(2868) Clear Next Bitmap 0.071ms
[2020-01-29T22:10:53.156+0300][84.595s][info ][gc] GC(2868) Pause Full (G1 Evacuation Pause) 255M->88M(256M) 56.153ms
[2020-01-29T22:10:53.156+0300][84.596s][info ][gc] GC(2861) Concurrent Cycle 139.640ms
[2020-01-29T22:10:53.198+0300][84.637s][info ][gc] GC(2869) Pause Young (Normal) (G1 Evacuation Pause) 132M->132M(256M) 24.370ms
[2020-01-29T22:10:53.217+0300][84.657s][info ][gc] GC(2870) Pause Young (Concurrent Start) (G1 Humongous Allocation) 137M->137M(256M) 7.313ms
[2020-01-29T22:10:53.217+0300][84.657s][info ][gc] GC(2871) Concurrent Cycle
[2020-01-29T22:10:53.226+0300][84.667s][debug][gc] GC(2871) Reclaimed 125 empty regions
[2020-01-29T22:10:53.226+0300][84.667s][info ][gc] GC(2871) Pause Remark 178M->55M(256M) 0.633ms
[2020-01-29T22:10:53.247+0300][84.687s][info ][gc] GC(2872) Pause Young (Normal) (G1 Evacuation Pause) 62M->58M(256M) 17.831ms
[2020-01-29T22:10:53.262+0300][84.703s][info ][gc] GC(2871) Pause Cleanup 98M->98M(256M) 0.032ms
[2020-01-29T22:10:53.263+0300][84.703s][info ][gc] GC(2871) Concurrent Cycle 46.474ms
[2020-01-29T22:10:53.331+0300][84.771s][info ][gc] GC(2873) Pause Young (Normal) (G1 Evacuation Pause) 112M->113M(256M) 62.606ms
[2020-01-29T22:10:53.384+0300][84.824s][info ][gc] GC(2874) Pause Young (Concurrent Start) (G1 Humongous Allocation) 146M->147M(256M) 29.304ms
[2020-01-29T22:10:53.384+0300][84.824s][info ][gc] GC(2875) Concurrent Cycle
[2020-01-29T22:10:53.432+0300][84.872s][info ][gc] GC(2876) Pause Young (Normal) (G1 Evacuation Pause) 192M->193M(256M) 26.806ms
[2020-01-29T22:10:53.437+0300][84.877s][debug][gc] GC(2875) Reclaimed 98 empty regions
[2020-01-29T22:10:53.437+0300][84.877s][info ][gc] GC(2875) Pause Remark 202M->104M(256M) 0.842ms
[2020-01-29T22:10:53.449+0300][84.889s][info ][gc] GC(2877) Pause Young (Normal) (G1 Evacuation Pause) 106M->106M(256M) 10.207ms
[2020-01-29T22:10:53.492+0300][84.932s][info ][gc] GC(2878) Pause Young (Normal) (G1 Evacuation Pause) 144M->145M(256M) 28.269ms
[2020-01-29T22:10:53.535+0300][84.975s][info ][gc] GC(2879) Pause Young (Normal) (G1 Evacuation Pause) 171M->171M(256M) 32.678ms
[2020-01-29T22:10:53.588+0300][85.028s][info ][gc] GC(2880) Pause Young (Normal) (G1 Evacuation Pause) 209M->210M(256M) 34.023ms
[2020-01-29T22:10:53.622+0300][85.062s][info ][gc] GC(2881) Pause Young (Normal) (G1 Evacuation Pause) 219M->220M(256M) 29.291ms
[2020-01-29T22:10:53.654+0300][85.094s][info ][gc] GC(2882) Pause Young (Normal) (G1 Evacuation Pause) 230M->231M(256M) 28.673ms
[2020-01-29T22:10:53.689+0300][85.129s][info ][gc] GC(2883) Pause Young (Normal) (G1 Evacuation Pause) 241M->242M(256M) 30.337ms
[2020-01-29T22:10:53.732+0300][85.172s][info ][gc] GC(2884) To-space exhausted
[2020-01-29T22:10:53.732+0300][85.172s][info ][gc] GC(2884) Pause Young (Normal) (G1 Evacuation Pause) 252M->255M(256M) 36.073ms
[2020-01-29T22:10:53.732+0300][85.172s][debug][gc] GC(2885) Clear Next Bitmap 0.057ms
[2020-01-29T22:10:53.764+0300][85.204s][info ][gc] GC(2885) Pause Full (G1 Evacuation Pause) 255M->64M(256M) 32.108ms
[2020-01-29T22:10:53.765+0300][85.204s][info ][gc] GC(2875) Concurrent Cycle 380.181ms
[2020-01-29T22:10:53.812+0300][85.253s][info ][gc] GC(2886) Pause Young (Normal) (G1 Evacuation Pause) 115M->115M(256M) 28.473ms
[2020-01-29T22:10:53.849+0300][85.289s][info ][gc] GC(2887) Pause Young (Concurrent Start) (G1 Humongous Allocation) 137M->138M(256M) 17.220ms
[2020-01-29T22:10:53.849+0300][85.289s][info ][gc] GC(2888) Concurrent Cycle
[2020-01-29T22:10:53.886+0300][85.326s][info ][gc] GC(2889) Pause Young (Normal) (G1 Evacuation Pause) 186M->187M(256M) 21.507ms
[2020-01-29T22:10:53.891+0300][85.331s][debug][gc] GC(2888) Reclaimed 105 empty regions
[2020-01-29T22:10:53.891+0300][85.331s][info ][gc] GC(2888) Pause Remark 195M->92M(256M) 0.615ms
[2020-01-29T22:10:53.905+0300][85.345s][info ][gc] GC(2890) Pause Young (Normal) (G1 Evacuation Pause) 95M->96M(256M) 12.067ms
[2020-01-29T22:10:53.951+0300][85.390s][info ][gc] GC(2891) Pause Young (Normal) (G1 Evacuation Pause) 137M->139M(256M) 29.511ms
[2020-01-29T22:10:53.994+0300][85.435s][info ][gc] GC(2892) Pause Young (Normal) (G1 Evacuation Pause) 167M->168M(256M) 33.117ms
[2020-01-29T22:10:54.044+0300][85.484s][info ][gc] GC(2893) Pause Young (Normal) (G1 Evacuation Pause) 207M->208M(256M) 29.873ms
[2020-01-29T22:10:54.071+0300][85.511s][info ][gc] GC(2894) Pause Young (Normal) (G1 Evacuation Pause) 217M->217M(256M) 23.431ms
[2020-01-29T22:10:54.104+0300][85.544s][info ][gc] GC(2895) Pause Young (Normal) (G1 Evacuation Pause) 227M->228M(256M) 28.431ms
[2020-01-29T22:10:54.104+0300][85.545s][info ][gc] GC(2888) Pause Cleanup 230M->230M(256M) 0.049ms
[2020-01-29T22:10:54.105+0300][85.545s][info ][gc] GC(2888) Concurrent Cycle 255.617ms
[2020-01-29T22:10:54.131+0300][85.572s][info ][gc] GC(2896) Pause Young (Normal) (G1 Evacuation Pause) 238M->239M(256M) 23.285ms
[2020-01-29T22:10:54.147+0300][85.589s][info ][gc] GC(2897) To-space exhausted
[2020-01-29T22:10:54.147+0300][85.589s][info ][gc] GC(2897) Pause Young (Concurrent Start) (G1 Evacuation Pause) 249M->251M(256M) 13.758ms
[2020-01-29T22:10:54.147+0300][85.589s][info ][gc] GC(2898) Concurrent Cycle
[2020-01-29T22:10:54.162+0300][85.604s][info ][gc] GC(2899) To-space exhausted
[2020-01-29T22:10:54.162+0300][85.604s][info ][gc] GC(2899) Pause Young (Normal) (G1 Evacuation Pause) 255M->255M(256M) 11.075ms
[2020-01-29T22:10:54.162+0300][85.604s][debug][gc] GC(2900) Clear Next Bitmap 0.098ms
[2020-01-29T22:10:54.212+0300][85.653s][info ][gc] GC(2900) Pause Full (G1 Evacuation Pause) 255M->78M(256M) 48.665ms
[2020-01-29T22:10:54.212+0300][85.653s][info ][gc] GC(2898) Concurrent Cycle 63.556ms
[2020-01-29T22:10:54.257+0300][85.697s][info ][gc] GC(2901) Pause Young (Normal) (G1 Evacuation Pause) 125M->124M(256M) 25.801ms
[2020-01-29T22:10:54.292+0300][85.733s][info ][gc] GC(2902) Pause Young (Concurrent Start) (G1 Humongous Allocation) 137M->137M(256M) 10.806ms
[2020-01-29T22:10:54.292+0300][85.733s][info ][gc] GC(2903) Concurrent Cycle
[2020-01-29T22:10:54.327+0300][85.769s][info ][gc] GC(2904) Pause Young (Normal) (G1 Evacuation Pause) 185M->186M(256M) 23.268ms
[2020-01-29T22:10:54.327+0300][85.771s][debug][gc] GC(2903) Reclaimed 115 empty regions
[2020-01-29T22:10:54.327+0300][85.771s][info ][gc] GC(2903) Pause Remark 189M->76M(256M) 0.629ms
[2020-01-29T22:10:54.342+0300][85.786s][info ][gc] GC(2905) Pause Young (Normal) (G1 Evacuation Pause) 85M->86M(256M) 11.064ms
[2020-01-29T22:10:54.392+0300][85.836s][info ][gc] GC(2906) Pause Young (Normal) (G1 Evacuation Pause) 130M->131M(256M) 32.830ms
[2020-01-29T22:10:54.458+0300][85.898s][info ][gc] GC(2907) Pause Young (Normal) (G1 Evacuation Pause) 181M->182M(256M) 40.536ms
[2020-01-29T22:10:54.463+0300][85.903s][info ][gc] GC(2903) Pause Cleanup 193M->193M(256M) 0.043ms
[2020-01-29T22:10:54.463+0300][85.904s][info ][gc] GC(2903) Concurrent Cycle 170.889ms
[2020-01-29T22:10:54.494+0300][85.934s][info ][gc] GC(2908) Pause Young (Normal) (G1 Evacuation Pause) 196M->196M(256M) 29.227ms
[2020-01-29T22:10:54.507+0300][85.947s][info ][gc] GC(2909) Pause Young (Concurrent Start) (G1 Evacuation Pause) 206M->207M(256M) 8.894ms
[2020-01-29T22:10:54.507+0300][85.947s][info ][gc] GC(2910) Concurrent Cycle
[2020-01-29T22:10:54.522+0300][85.962s][info ][gc] GC(2911) Pause Young (Normal) (G1 Evacuation Pause) 217M->218M(256M) 8.259ms
[2020-01-29T22:10:54.532+0300][85.974s][info ][gc] GC(2912) Pause Young (Normal) (G1 Evacuation Pause) 228M->229M(256M) 8.173ms
[2020-01-29T22:10:54.542+0300][85.986s][info ][gc] GC(2913) Pause Young (Normal) (G1 Evacuation Pause) 239M->240M(256M) 7.945ms
[2020-01-29T22:10:54.562+0300][86.004s][info ][gc] GC(2914) To-space exhausted
[2020-01-29T22:10:54.562+0300][86.004s][info ][gc] GC(2914) Pause Young (Normal) (G1 Evacuation Pause) 250M->253M(256M) 13.551ms
[2020-01-29T22:10:54.571+0300][86.013s][info ][gc] GC(2915) To-space exhausted
[2020-01-29T22:10:54.571+0300][86.013s][info ][gc] GC(2915) Pause Young (Normal) (G1 Evacuation Pause) 255M->255M(256M) 8.352ms
[2020-01-29T22:10:54.571+0300][86.013s][debug][gc] GC(2916) Clear Next Bitmap 0.089ms
[2020-01-29T22:10:54.627+0300][86.067s][info ][gc] GC(2916) Pause Full (G1 Evacuation Pause) 255M->87M(256M) 53.334ms
[2020-01-29T22:10:54.627+0300][86.067s][info ][gc] GC(2910) Concurrent Cycle 119.989ms
[2020-01-29T22:10:54.667+0300][86.109s][info ][gc] GC(2917) Pause Young (Normal) (G1 Evacuation Pause) 131M->131M(256M) 24.452ms
[2020-01-29T22:10:54.687+0300][86.129s][info ][gc] GC(2918) Pause Young (Concurrent Start) (G1 Humongous Allocation) 136M->137M(256M) 7.249ms
[2020-01-29T22:10:54.687+0300][86.129s][info ][gc] GC(2919) Concurrent Cycle
[2020-01-29T22:10:54.697+0300][86.139s][debug][gc] GC(2919) Reclaimed 123 empty regions
[2020-01-29T22:10:54.697+0300][86.139s][info ][gc] GC(2919) Pause Remark 179M->58M(256M) 0.638ms
[2020-01-29T22:10:54.717+0300][86.160s][info ][gc] GC(2920) Pause Young (Normal) (G1 Evacuation Pause) 64M->61M(256M) 17.893ms
[2020-01-29T22:10:54.732+0300][86.175s][info ][gc] GC(2919) Pause Cleanup 100M->100M(256M) 0.041ms
[2020-01-29T22:10:54.732+0300][86.176s][info ][gc] GC(2919) Concurrent Cycle 46.605ms
[2020-01-29T22:10:54.777+0300][86.221s][info ][gc] GC(2921) Pause Young (Normal) (G1 Evacuation Pause) 114M->114M(256M) 39.833ms
[2020-01-29T22:10:54.837+0300][86.280s][info ][gc] GC(2922) Pause Young (Concurrent Start) (G1 Humongous Allocation) 148M->149M(256M) 23.651ms
[2020-01-29T22:10:54.837+0300][86.280s][info ][gc] GC(2923) Concurrent Cycle
[2020-01-29T22:10:54.881+0300][86.321s][info ][gc] GC(2924) Pause Young (Normal) (G1 Evacuation Pause) 194M->194M(256M) 19.009ms
[2020-01-29T22:10:54.883+0300][86.326s][debug][gc] GC(2923) Reclaimed 102 empty regions
[2020-01-29T22:10:54.883+0300][86.326s][info ][gc] GC(2923) Pause Remark 203M->101M(256M) 0.622ms
[2020-01-29T22:10:54.892+0300][86.336s][info ][gc] GC(2925) Pause Young (Normal) (G1 Evacuation Pause) 102M->104M(256M) 9.577ms
[2020-01-29T22:10:54.937+0300][86.379s][info ][gc] GC(2926) Pause Young (Normal) (G1 Evacuation Pause) 143M->144M(256M) 26.809ms
[2020-01-29T22:10:54.982+0300][86.422s][info ][gc] GC(2927) Pause Young (Normal) (G1 Evacuation Pause) 170M->171M(256M) 32.683ms
[2020-01-29T22:10:55.032+0300][86.473s][info ][gc] GC(2928) Pause Young (Normal) (G1 Evacuation Pause) 209M->210M(256M) 29.598ms
[2020-01-29T22:10:55.057+0300][86.501s][info ][gc] GC(2929) Pause Young (Normal) (G1 Evacuation Pause) 219M->220M(256M) 23.110ms
[2020-01-29T22:10:55.087+0300][86.530s][info ][gc] GC(2930) Pause Young (Normal) (G1 Evacuation Pause) 230M->231M(256M) 24.476ms
[2020-01-29T22:10:55.121+0300][86.562s][info ][gc] GC(2931) Pause Young (Normal) (G1 Evacuation Pause) 241M->242M(256M) 25.103ms
[2020-01-29T22:10:55.121+0300][86.564s][info ][gc] GC(2923) Pause Cleanup 245M->245M(256M) 0.051ms
[2020-01-29T22:10:55.121+0300][86.564s][info ][gc] GC(2923) Concurrent Cycle 283.735ms
[2020-01-29T22:10:55.158+0300][86.598s][info ][gc] GC(2932) To-space exhausted
[2020-01-29T22:10:55.158+0300][86.598s][info ][gc] GC(2932) Pause Young (Normal) (G1 Evacuation Pause) 252M->255M(256M) 31.239ms
[2020-01-29T22:10:55.196+0300][86.636s][info ][gc] GC(2933) Pause Full (G1 Evacuation Pause) 255M->64M(256M) 37.733ms
[2020-01-29T22:10:55.244+0300][86.684s][info ][gc] GC(2934) Pause Young (Concurrent Start) (G1 Evacuation Pause) 115M->115M(256M) 27.572ms
[2020-01-29T22:10:55.244+0300][86.684s][info ][gc] GC(2935) Concurrent Cycle
[2020-01-29T22:10:55.296+0300][86.736s][info ][gc] GC(2936) Pause Young (Normal) (G1 Evacuation Pause) 170M->171M(256M) 25.213ms
[2020-01-29T22:10:55.321+0300][86.761s][info ][gc] GC(2937) Pause Young (Normal) (G1 Evacuation Pause) 188M->189M(256M) 17.226ms
[2020-01-29T22:10:55.335+0300][86.776s][info ][gc] GC(2938) Pause Young (Normal) (G1 Evacuation Pause) 201M->202M(256M) 8.479ms
[2020-01-29T22:10:55.347+0300][86.788s][info ][gc] GC(2939) Pause Young (Normal) (G1 Evacuation Pause) 212M->213M(256M) 8.009ms
[2020-01-29T22:10:55.360+0300][86.801s][info ][gc] GC(2940) Pause Young (Normal) (G1 Evacuation Pause) 223M->223M(256M) 7.998ms
[2020-01-29T22:10:55.373+0300][86.813s][info ][gc] GC(2941) Pause Young (Normal) (G1 Evacuation Pause) 233M->234M(256M) 8.184ms
[2020-01-29T22:10:55.387+0300][86.828s][info ][gc] GC(2942) To-space exhausted
[2020-01-29T22:10:55.387+0300][86.828s][info ][gc] GC(2942) Pause Young (Normal) (G1 Evacuation Pause) 244M->247M(256M) 10.313ms
[2020-01-29T22:10:55.405+0300][86.845s][info ][gc] GC(2943) To-space exhausted
[2020-01-29T22:10:55.405+0300][86.845s][info ][gc] GC(2943) Pause Young (Normal) (G1 Evacuation Pause) 254M->254M(256M) 14.686ms
[2020-01-29T22:10:55.405+0300][86.845s][debug][gc] GC(2944) Clear Next Bitmap 0.059ms
[2020-01-29T22:10:55.465+0300][86.906s][info ][gc] GC(2944) Pause Full (G1 Evacuation Pause) 254M->110M(256M) 60.311ms
[2020-01-29T22:10:55.466+0300][86.906s][info ][gc] GC(2935) Concurrent Cycle 222.103ms
[2020-01-29T22:10:55.503+0300][86.944s][info ][gc] GC(2945) Pause Young (Concurrent Start) (G1 Humongous Allocation) 136M->136M(256M) 16.869ms
[2020-01-29T22:10:55.504+0300][86.944s][info ][gc] GC(2946) Concurrent Cycle
[2020-01-29T22:10:55.538+0300][86.978s][info ][gc] GC(2947) Pause Young (Normal) (G1 Evacuation Pause) 185M->186M(256M) 20.579ms
[2020-01-29T22:10:55.543+0300][86.983s][debug][gc] GC(2946) Reclaimed 108 empty regions
[2020-01-29T22:10:55.543+0300][86.983s][info ][gc] GC(2946) Pause Remark 197M->90M(256M) 0.619ms
[2020-01-29T22:10:55.554+0300][86.994s][info ][gc] GC(2948) Pause Young (Normal) (G1 Evacuation Pause) 92M->92M(256M) 10.041ms
[2020-01-29T22:10:55.603+0300][87.043s][info ][gc] GC(2949) Pause Young (Normal) (G1 Evacuation Pause) 136M->137M(256M) 31.469ms
[2020-01-29T22:10:55.651+0300][87.091s][info ][gc] GC(2950) Pause Young (Normal) (G1 Evacuation Pause) 165M->166M(256M) 36.762ms
[2020-01-29T22:10:55.706+0300][87.146s][info ][gc] GC(2951) Pause Young (Normal) (G1 Evacuation Pause) 205M->206M(256M) 35.595ms
[2020-01-29T22:10:55.741+0300][87.181s][info ][gc] GC(2952) Pause Young (Normal) (G1 Evacuation Pause) 215M->216M(256M) 31.291ms
[2020-01-29T22:10:55.742+0300][87.182s][info ][gc] GC(2946) Pause Cleanup 218M->218M(256M) 0.040ms
[2020-01-29T22:10:55.742+0300][87.182s][info ][gc] GC(2946) Concurrent Cycle 238.487ms
[2020-01-29T22:10:55.773+0300][87.213s][info ][gc] GC(2953) Pause Young (Normal) (G1 Evacuation Pause) 226M->227M(256M) 27.452ms
[2020-01-29T22:10:55.785+0300][87.225s][info ][gc] GC(2954) Pause Young (Concurrent Start) (G1 Evacuation Pause) 237M->238M(256M) 8.265ms
[2020-01-29T22:10:55.785+0300][87.225s][info ][gc] GC(2955) Concurrent Cycle
[2020-01-29T22:10:55.804+0300][87.244s][info ][gc] GC(2956) To-space exhausted
[2020-01-29T22:10:55.804+0300][87.244s][info ][gc] GC(2956) Pause Young (Normal) (G1 Evacuation Pause) 248M->251M(256M) 12.312ms
[2020-01-29T22:10:55.817+0300][87.257s][info ][gc] GC(2957) To-space exhausted
[2020-01-29T22:10:55.817+0300][87.257s][info ][gc] GC(2957) Pause Young (Normal) (G1 Evacuation Pause) 255M->255M(256M) 11.665ms
[2020-01-29T22:10:55.817+0300][87.257s][debug][gc] GC(2958) Clear Next Bitmap 0.079ms
[2020-01-29T22:10:55.863+0300][87.303s][info ][gc] GC(2958) Pause Full (G1 Evacuation Pause) 255M->82M(256M) 45.981ms
[2020-01-29T22:10:55.864+0300][87.303s][info ][gc] GC(2955) Concurrent Cycle 78.478ms
[2020-01-29T22:10:55.906+0300][87.347s][info ][gc] GC(2959) Pause Young (Normal) (G1 Evacuation Pause) 128M->128M(256M) 25.907ms
[2020-01-29T22:10:55.929+0300][87.370s][info ][gc] GC(2960) Pause Young (Concurrent Start) (G1 Humongous Allocation) 137M->137M(256M) 8.380ms
[2020-01-29T22:10:55.929+0300][87.370s][info ][gc] GC(2961) Concurrent Cycle
[2020-01-29T22:10:55.941+0300][87.382s][debug][gc] GC(2961) Reclaimed 119 empty regions
[2020-01-29T22:10:55.941+0300][87.382s][info ][gc] GC(2961) Pause Remark 183M->65M(256M) 0.611ms
[2020-01-29T22:10:55.961+0300][87.401s][info ][gc] GC(2962) Pause Young (Normal) (G1 Evacuation Pause) 67M->64M(256M) 17.934ms
[2020-01-29T22:10:56.024+0300][87.464s][info ][gc] GC(2963) Pause Young (Normal) (G1 Evacuation Pause) 116M->117M(256M) 42.767ms
[2020-01-29T22:10:56.026+0300][87.466s][info ][gc] GC(2961) Pause Cleanup 121M->121M(256M) 0.040ms
[2020-01-29T22:10:56.026+0300][87.466s][info ][gc] GC(2961) Concurrent Cycle 96.661ms
[2020-01-29T22:10:56.090+0300][87.530s][info ][gc] GC(2964) Pause Young (Concurrent Start) (G1 Humongous Allocation) 152M->153M(256M) 41.329ms
[2020-01-29T22:10:56.090+0300][87.530s][info ][gc] GC(2965) Concurrent Cycle
[2020-01-29T22:10:56.131+0300][87.571s][info ][gc] GC(2966) Pause Young (Normal) (G1 Evacuation Pause) 196M->197M(256M) 17.878ms
[2020-01-29T22:10:56.135+0300][87.575s][debug][gc] GC(2965) Reclaimed 105 empty regions
[2020-01-29T22:10:56.135+0300][87.575s][info ][gc] GC(2965) Pause Remark 207M->102M(256M) 0.616ms
[2020-01-29T22:10:56.145+0300][87.585s][info ][gc] GC(2967) Pause Young (Normal) (G1 Evacuation Pause) 102M->103M(256M) 9.555ms
[2020-01-29T22:10:56.188+0300][87.628s][info ][gc] GC(2968) Pause Young (Normal) (G1 Evacuation Pause) 142M->143M(256M) 27.255ms
[2020-01-29T22:10:56.231+0300][87.671s][info ][gc] GC(2969) Pause Young (Normal) (G1 Evacuation Pause) 169M->170M(256M) 32.770ms
[2020-01-29T22:10:56.281+0300][87.721s][info ][gc] GC(2970) Pause Young (Normal) (G1 Evacuation Pause) 208M->208M(256M) 30.200ms
[2020-01-29T22:10:56.309+0300][87.749s][info ][gc] GC(2971) Pause Young (Normal) (G1 Evacuation Pause) 217M->218M(256M) 23.998ms
[2020-01-29T22:10:56.347+0300][87.788s][info ][gc] GC(2972) Pause Young (Normal) (G1 Evacuation Pause) 228M->229M(256M) 34.617ms
[2020-01-29T22:10:56.388+0300][87.828s][info ][gc] GC(2973) Pause Young (Normal) (G1 Evacuation Pause) 239M->240M(256M) 36.170ms
[2020-01-29T22:10:56.433+0300][87.873s][info ][gc] GC(2974) To-space exhausted
[2020-01-29T22:10:56.433+0300][87.873s][info ][gc] GC(2974) Pause Young (Normal) (G1 Evacuation Pause) 250M->253M(256M) 37.949ms
[2020-01-29T22:10:56.434+0300][87.874s][info ][gc] GC(2965) Pause Cleanup 254M->254M(256M) 0.046ms
[2020-01-29T22:10:56.434+0300][87.874s][info ][gc] GC(2965) Concurrent Cycle 343.722ms
[2020-01-29T22:10:56.465+0300][87.906s][info ][gc] GC(2975) To-space exhausted
[2020-01-29T22:10:56.465+0300][87.906s][info ][gc] GC(2975) Pause Young (Normal) (G1 Evacuation Pause) 255M->255M(256M) 31.202ms
[2020-01-29T22:10:56.507+0300][87.948s][info ][gc] GC(2976) Pause Full (G1 Evacuation Pause) 255M->63M(256M) 41.892ms
[2020-01-29T22:10:56.575+0300][88.016s][info ][gc] GC(2977) Pause Young (Concurrent Start) (G1 Evacuation Pause) 121M->121M(256M) 44.512ms
[2020-01-29T22:10:56.575+0300][88.016s][info ][gc] GC(2978) Concurrent Cycle
[2020-01-29T22:10:56.637+0300][88.077s][info ][gc] GC(2979) Pause Young (Normal) (G1 Evacuation Pause) 176M->176M(256M) 31.101ms
[2020-01-29T22:10:56.661+0300][88.101s][info ][gc] GC(2980) Pause Young (Normal) (G1 Evacuation Pause) 192M->193M(256M) 16.428ms
[2020-01-29T22:10:56.676+0300][88.116s][info ][gc] GC(2981) Pause Young (Normal) (G1 Evacuation Pause) 203M->204M(256M) 10.763ms
[2020-01-29T22:10:56.688+0300][88.129s][info ][gc] GC(2982) Pause Young (Normal) (G1 Evacuation Pause) 214M->215M(256M) 8.362ms
[2020-01-29T22:10:56.699+0300][88.139s][info ][gc] GC(2983) Pause Young (Normal) (G1 Evacuation Pause) 225M->226M(256M) 6.614ms
[2020-01-29T22:10:56.711+0300][88.151s][info ][gc] GC(2984) Pause Young (Normal) (G1 Evacuation Pause) 236M->237M(256M) 7.853ms
[2020-01-29T22:10:56.728+0300][88.168s][info ][gc] GC(2985) To-space exhausted
[2020-01-29T22:10:56.728+0300][88.168s][info ][gc] GC(2985) Pause Young (Normal) (G1 Evacuation Pause) 247M->250M(256M) 13.175ms
[2020-01-29T22:10:56.741+0300][88.181s][info ][gc] GC(2986) To-space exhausted
[2020-01-29T22:10:56.741+0300][88.181s][info ][gc] GC(2986) Pause Young (Normal) (G1 Evacuation Pause) 254M->254M(256M) 11.265ms
[2020-01-29T22:10:56.742+0300][88.182s][debug][gc] GC(2987) Clear Next Bitmap 0.092ms
[2020-01-29T22:10:56.802+0300][88.242s][info ][gc] GC(2987) Pause Full (G1 Evacuation Pause) 254M->111M(256M) 60.488ms
[2020-01-29T22:10:56.802+0300][88.242s][info ][gc] GC(2978) Concurrent Cycle 226.661ms
[2020-01-29T22:10:56.837+0300][88.277s][info ][gc] GC(2988) Pause Young (Concurrent Start) (G1 Humongous Allocation) 137M->136M(256M) 15.098ms
[2020-01-29T22:10:56.837+0300][88.277s][info ][gc] GC(2989) Concurrent Cycle
[2020-01-29T22:10:56.871+0300][88.311s][info ][gc] GC(2990) Pause Young (Normal) (G1 Evacuation Pause) 185M->186M(256M) 20.533ms
[2020-01-29T22:10:56.875+0300][88.316s][debug][gc] GC(2989) Reclaimed 109 empty regions
[2020-01-29T22:10:56.875+0300][88.316s][info ][gc] GC(2989) Pause Remark 196M->88M(256M) 0.619ms
[2020-01-29T22:10:56.886+0300][88.327s][info ][gc] GC(2991) Pause Young (Normal) (G1 Evacuation Pause) 91M->91M(256M) 9.707ms
[2020-01-29T22:10:56.938+0300][88.378s][info ][gc] GC(2992) Pause Young (Normal) (G1 Evacuation Pause) 137M->138M(256M) 33.242ms
[2020-01-29T22:10:57.002+0300][88.441s][info ][gc] GC(2993) Pause Young (Normal) (G1 Evacuation Pause) 186M->187M(256M) 41.044ms
[2020-01-29T22:10:57.039+0300][88.479s][info ][gc] GC(2994) Pause Young (Normal) (G1 Evacuation Pause) 200M->201M(256M) 31.988ms
[2020-01-29T22:10:57.070+0300][88.510s][info ][gc] GC(2995) Pause Young (Normal) (G1 Evacuation Pause) 210M->211M(256M) 27.749ms
[2020-01-29T22:10:57.074+0300][88.514s][info ][gc] GC(2989) Pause Cleanup 212M->212M(256M) 0.043ms
[2020-01-29T22:10:57.074+0300][88.514s][info ][gc] GC(2989) Concurrent Cycle 236.697ms
[2020-01-29T22:10:57.101+0300][88.541s][info ][gc] GC(2996) Pause Young (Normal) (G1 Evacuation Pause) 221M->222M(256M) 22.759ms
[2020-01-29T22:10:57.114+0300][88.554s][info ][gc] GC(2997) Pause Young (Concurrent Start) (G1 Evacuation Pause) 232M->232M(256M) 8.281ms
[2020-01-29T22:10:57.114+0300][88.554s][info ][gc] GC(2998) Concurrent Cycle
[2020-01-29T22:10:57.127+0300][88.568s][info ][gc] GC(2999) Pause Young (Normal) (G1 Evacuation Pause) 242M->243M(256M) 8.305ms
[2020-01-29T22:10:57.147+0300][88.588s][info ][gc] GC(3000) To-space exhausted
[2020-01-29T22:10:57.147+0300][88.588s][info ][gc] GC(3000) Pause Young (Normal) (G1 Evacuation Pause) 253M->255M(256M) 15.768ms
[2020-01-29T22:10:57.147+0300][88.589s][debug][gc] GC(3001) Clear Next Bitmap 0.095ms
[2020-01-29T22:10:57.197+0300][88.638s][info ][gc] GC(3001) Pause Full (G1 Evacuation Pause) 255M->83M(256M) 49.509ms
[2020-01-29T22:10:57.197+0300][88.638s][info ][gc] GC(2998) Concurrent Cycle 84.515ms
[2020-01-29T22:10:57.242+0300][88.682s][info ][gc] GC(3002) Pause Young (Normal) (G1 Evacuation Pause) 129M->130M(256M) 26.134ms
[2020-01-29T22:10:57.272+0300][88.716s][info ][gc] GC(3003) Pause Young (Concurrent Start) (G1 Humongous Allocation) 138M->138M(256M) 8.900ms
[2020-01-29T22:10:57.272+0300][88.716s][info ][gc] GC(3004) Concurrent Cycle
[2020-01-29T22:10:57.287+0300][88.727s][debug][gc] GC(3004) Reclaimed 121 empty regions
[2020-01-29T22:10:57.287+0300][88.727s][info ][gc] GC(3004) Pause Remark 182M->63M(256M) 0.663ms
[2020-01-29T22:10:57.302+0300][88.747s][info ][gc] GC(3005) Pause Young (Normal) (G1 Evacuation Pause) 66M->61M(256M) 17.733ms
[2020-01-29T22:10:57.322+0300][88.766s][info ][gc] GC(3004) Pause Cleanup 111M->111M(256M) 0.035ms
[2020-01-29T22:10:57.322+0300][88.766s][info ][gc] GC(3004) Concurrent Cycle 50.061ms
[2020-01-29T22:10:57.367+0300][88.808s][info ][gc] GC(3006) Pause Young (Normal) (G1 Evacuation Pause) 114M->115M(256M) 40.925ms
[2020-01-29T22:10:57.410+0300][88.851s][info ][gc] GC(3007) Pause Young (Concurrent Start) (G1 Humongous Allocation) 149M->150M(256M) 24.363ms
[2020-01-29T22:10:57.410+0300][88.851s][info ][gc] GC(3008) Concurrent Cycle
[2020-01-29T22:10:57.452+0300][88.892s][info ][gc] GC(3009) Pause Young (Normal) (G1 Evacuation Pause) 194M->195M(256M) 18.474ms
[2020-01-29T22:10:57.452+0300][88.897s][debug][gc] GC(3008) Reclaimed 101 empty regions
[2020-01-29T22:10:57.452+0300][88.897s][info ][gc] GC(3008) Pause Remark 205M->104M(256M) 0.610ms
[2020-01-29T22:10:57.462+0300][88.906s][info ][gc] GC(3010) Pause Young (Normal) (G1 Evacuation Pause) 104M->104M(256M) 9.398ms
[2020-01-29T22:10:57.511+0300][88.950s][info ][gc] GC(3011) Pause Young (Normal) (G1 Evacuation Pause) 143M->144M(256M) 28.838ms
[2020-01-29T22:10:57.553+0300][88.994s][info ][gc] GC(3012) Pause Young (Normal) (G1 Evacuation Pause) 170M->171M(256M) 32.581ms
[2020-01-29T22:10:57.602+0300][89.043s][info ][gc] GC(3013) Pause Young (Normal) (G1 Evacuation Pause) 209M->210M(256M) 29.973ms
[2020-01-29T22:10:57.630+0300][89.070s][info ][gc] GC(3014) Pause Young (Normal) (G1 Evacuation Pause) 219M->221M(256M) 23.488ms
[2020-01-29T22:10:57.657+0300][89.099s][info ][gc] GC(3015) Pause Young (Normal) (G1 Evacuation Pause) 231M->231M(256M) 24.665ms
[2020-01-29T22:10:57.687+0300][89.130s][info ][gc] GC(3016) Pause Young (Normal) (G1 Evacuation Pause) 241M->242M(256M) 26.051ms
[2020-01-29T22:10:57.727+0300][89.168s][info ][gc] GC(3017) To-space exhausted
[2020-01-29T22:10:57.727+0300][89.168s][info ][gc] GC(3017) Pause Young (Normal) (G1 Evacuation Pause) 252M->255M(256M) 33.907ms
[2020-01-29T22:10:57.727+0300][89.168s][debug][gc] GC(3018) Clear Next Bitmap 0.056ms
[2020-01-29T22:10:57.757+0300][89.199s][info ][gc] GC(3018) Pause Full (G1 Evacuation Pause) 255M->63M(256M) 31.396ms
[2020-01-29T22:10:57.757+0300][89.199s][info ][gc] GC(3008) Concurrent Cycle 348.056ms
[2020-01-29T22:10:57.807+0300][89.249s][info ][gc] GC(3019) Pause Young (Normal) (G1 Evacuation Pause) 115M->115M(256M) 28.907ms
[2020-01-29T22:10:57.857+0300][89.299s][info ][gc] GC(3020) Pause Young (Concurrent Start) (G1 Humongous Allocation) 137M->138M(256M) 16.901ms
[2020-01-29T22:10:57.857+0300][89.299s][info ][gc] GC(3021) Concurrent Cycle
[2020-01-29T22:10:57.892+0300][89.334s][info ][gc] GC(3022) Pause Young (Normal) (G1 Evacuation Pause) 185M->186M(256M) 19.999ms
[2020-01-29T22:10:57.897+0300][89.338s][debug][gc] GC(3021) Reclaimed 105 empty regions
[2020-01-29T22:10:57.897+0300][89.338s][info ][gc] GC(3021) Pause Remark 195M->92M(256M) 0.615ms
[2020-01-29T22:10:57.911+0300][89.352s][info ][gc] GC(3023) Pause Young (Normal) (G1 Evacuation Pause) 95M->96M(256M) 11.704ms
[2020-01-29T22:10:57.957+0300][89.398s][info ][gc] GC(3024) Pause Young (Normal) (G1 Evacuation Pause) 137M->138M(256M) 29.955ms
[2020-01-29T22:10:58.002+0300][89.445s][info ][gc] GC(3025) Pause Young (Normal) (G1 Evacuation Pause) 166M->167M(256M) 35.971ms
[2020-01-29T22:10:58.062+0300][89.504s][info ][gc] GC(3026) Pause Young (Normal) (G1 Evacuation Pause) 206M->207M(256M) 35.277ms
[2020-01-29T22:10:58.067+0300][89.507s][info ][gc] GC(3021) Pause Cleanup 215M->215M(256M) 0.059ms
[2020-01-29T22:10:58.067+0300][89.507s][info ][gc] GC(3021) Concurrent Cycle 208.277ms
[2020-01-29T22:10:58.092+0300][89.533s][info ][gc] GC(3027) Pause Young (Normal) (G1 Evacuation Pause) 216M->217M(256M) 25.832ms
[2020-01-29T22:10:58.105+0300][89.546s][info ][gc] GC(3028) Pause Young (Concurrent Start) (G1 Evacuation Pause) 227M->228M(256M) 8.326ms
[2020-01-29T22:10:58.106+0300][89.546s][info ][gc] GC(3029) Concurrent Cycle
[2020-01-29T22:10:58.120+0300][89.560s][info ][gc] GC(3030) Pause Young (Normal) (G1 Evacuation Pause) 238M->239M(256M) 8.191ms
[2020-01-29T22:10:58.137+0300][89.577s][info ][gc] GC(3031) To-space exhausted
[2020-01-29T22:10:58.137+0300][89.577s][info ][gc] GC(3031) Pause Young (Normal) (G1 Evacuation Pause) 249M->251M(256M) 12.525ms
[2020-01-29T22:10:58.150+0300][89.591s][info ][gc] GC(3032) To-space exhausted
[2020-01-29T22:10:58.151+0300][89.591s][info ][gc] GC(3032) Pause Young (Normal) (G1 Evacuation Pause) 255M->255M(256M) 12.008ms
[2020-01-29T22:10:58.151+0300][89.591s][debug][gc] GC(3033) Clear Next Bitmap 0.077ms
[2020-01-29T22:10:58.195+0300][89.635s][info ][gc] GC(3033) Pause Full (G1 Evacuation Pause) 255M->78M(256M) 43.901ms
[2020-01-29T22:10:58.195+0300][89.635s][info ][gc] GC(3029) Concurrent Cycle 89.186ms
[2020-01-29T22:10:58.240+0300][89.679s][info ][gc] GC(3034) Pause Young (Normal) (G1 Evacuation Pause) 126M->126M(256M) 25.883ms
[2020-01-29T22:10:58.265+0300][89.705s][info ][gc] GC(3035) Pause Young (Concurrent Start) (G1 Humongous Allocation) 137M->137M(256M) 10.357ms
[2020-01-29T22:10:58.265+0300][89.705s][info ][gc] GC(3036) Concurrent Cycle
[2020-01-29T22:10:58.298+0300][89.737s][info ][gc] GC(3037) Pause Young (Normal) (G1 Evacuation Pause) 185M->186M(256M) 20.045ms
[2020-01-29T22:10:58.299+0300][89.739s][debug][gc] GC(3036) Reclaimed 117 empty regions
[2020-01-29T22:10:58.299+0300][89.739s][info ][gc] GC(3036) Pause Remark 188M->72M(256M) 0.619ms
[2020-01-29T22:10:58.315+0300][89.755s][info ][gc] GC(3038) Pause Young (Normal) (G1 Evacuation Pause) 82M->83M(256M) 11.644ms
[2020-01-29T22:10:58.373+0300][89.813s][info ][gc] GC(3039) Pause Young (Normal) (G1 Evacuation Pause) 128M->129M(256M) 39.355ms
[2020-01-29T22:10:58.397+0300][89.838s][info ][gc] GC(3036) Pause Cleanup 180M->180M(256M) 0.038ms
[2020-01-29T22:10:58.435+0300][89.876s][info ][gc] GC(3040) Pause Young (Normal) (G1 Evacuation Pause) 180M->181M(256M) 37.881ms
[2020-01-29T22:10:58.435+0300][89.876s][info ][gc] GC(3036) Concurrent Cycle 170.984ms
[2020-01-29T22:10:58.452+0300][89.893s][info ][gc] GC(3041) Pause Young (Normal) (G1 Evacuation Pause) 196M->197M(256M) 10.830ms
[2020-01-29T22:10:58.465+0300][89.905s][info ][gc] GC(3042) Pause Young (Concurrent Start) (G1 Evacuation Pause) 207M->208M(256M) 8.803ms
[2020-01-29T22:10:58.465+0300][89.905s][info ][gc] GC(3043) Concurrent Cycle
[2020-01-29T22:10:58.480+0300][89.920s][info ][gc] GC(3044) Pause Young (Normal) (G1 Evacuation Pause) 218M->219M(256M) 8.109ms
[2020-01-29T22:10:58.492+0300][89.933s][info ][gc] GC(3045) Pause Young (Normal) (G1 Evacuation Pause) 229M->230M(256M) 7.989ms
[2020-01-29T22:10:58.505+0300][89.945s][info ][gc] GC(3046) Pause Young (Normal) (G1 Evacuation Pause) 240M->241M(256M) 8.035ms
[2020-01-29T22:10:58.524+0300][89.964s][info ][gc] GC(3047) To-space exhausted
[2020-01-29T22:10:58.524+0300][89.965s][info ][gc] GC(3047) Pause Young (Normal) (G1 Evacuation Pause) 251M->254M(256M) 15.418ms
[2020-01-29T22:10:58.532+0300][89.972s][info ][gc] GC(3048) To-space exhausted
[2020-01-29T22:10:58.532+0300][89.972s][info ][gc] GC(3048) Pause Young (Normal) (G1 Evacuation Pause) 255M->255M(256M) 6.810ms
[2020-01-29T22:10:58.532+0300][89.972s][debug][gc] GC(3049) Clear Next Bitmap 0.071ms
[2020-01-29T22:10:58.581+0300][90.021s][info ][gc] GC(3049) Pause Full (G1 Evacuation Pause) 255M->89M(256M) 48.560ms
[2020-01-29T22:10:58.581+0300][90.021s][info ][gc] GC(3043) Concurrent Cycle 115.448ms
[2020-01-29T22:10:58.622+0300][90.062s][info ][gc] GC(3050) Pause Young (Normal) (G1 Evacuation Pause) 132M->132M(256M) 24.607ms
[2020-01-29T22:10:58.642+0300][90.082s][info ][gc] GC(3051) Pause Young (Concurrent Start) (G1 Humongous Allocation) 136M->137M(256M) 7.221ms
[2020-01-29T22:10:58.642+0300][90.082s][info ][gc] GC(3052) Concurrent Cycle
[2020-01-29T22:10:58.651+0300][90.091s][debug][gc] GC(3052) Reclaimed 124 empty regions
[2020-01-29T22:10:58.651+0300][90.091s][info ][gc] GC(3052) Pause Remark 177M->56M(256M) 0.625ms
[2020-01-29T22:10:58.672+0300][90.112s][info ][gc] GC(3053) Pause Young (Normal) (G1 Evacuation Pause) 63M->59M(256M) 17.794ms
[2020-01-29T22:10:58.688+0300][90.128s][info ][gc] GC(3052) Pause Cleanup 98M->98M(256M) 0.037ms
[2020-01-29T22:10:58.688+0300][90.128s][info ][gc] GC(3052) Concurrent Cycle 46.048ms
[2020-01-29T22:10:58.733+0300][90.173s][info ][gc] GC(3054) Pause Young (Normal) (G1 Evacuation Pause) 112M->113M(256M) 40.184ms
[2020-01-29T22:10:58.781+0300][90.221s][info ][gc] GC(3055) Pause Young (Concurrent Start) (G1 Humongous Allocation) 147M->148M(256M) 23.314ms
[2020-01-29T22:10:58.781+0300][90.221s][info ][gc] GC(3056) Concurrent Cycle
[2020-01-29T22:10:58.822+0300][90.262s][info ][gc] GC(3057) Pause Young (Normal) (G1 Evacuation Pause) 193M->194M(256M) 19.243ms
[2020-01-29T22:10:58.827+0300][90.267s][debug][gc] GC(3056) Reclaimed 101 empty regions
[2020-01-29T22:10:58.827+0300][90.267s][info ][gc] GC(3056) Pause Remark 204M->103M(256M) 0.628ms
[2020-01-29T22:10:58.836+0300][90.276s][info ][gc] GC(3058) Pause Young (Normal) (G1 Evacuation Pause) 103M->103M(256M) 8.918ms
[2020-01-29T22:10:58.878+0300][90.318s][info ][gc] GC(3059) Pause Young (Normal) (G1 Evacuation Pause) 142M->143M(256M) 26.890ms
[2020-01-29T22:10:58.921+0300][90.361s][info ][gc] GC(3060) Pause Young (Normal) (G1 Evacuation Pause) 169M->170M(256M) 32.808ms
[2020-01-29T22:10:58.970+0300][90.411s][info ][gc] GC(3061) Pause Young (Normal) (G1 Evacuation Pause) 208M->209M(256M) 30.435ms
[2020-01-29T22:10:58.999+0300][90.439s][info ][gc] GC(3062) Pause Young (Normal) (G1 Evacuation Pause) 218M->219M(256M) 24.385ms
[2020-01-29T22:10:59.029+0300][90.469s][info ][gc] GC(3063) Pause Young (Normal) (G1 Evacuation Pause) 229M->230M(256M) 25.703ms
[2020-01-29T22:10:59.059+0300][90.500s][info ][gc] GC(3064) Pause Young (Normal) (G1 Evacuation Pause) 240M->241M(256M) 26.696ms
[2020-01-29T22:10:59.099+0300][90.539s][info ][gc] GC(3065) To-space exhausted
[2020-01-29T22:10:59.099+0300][90.539s][info ][gc] GC(3065) Pause Young (Normal) (G1 Evacuation Pause) 251M->255M(256M) 35.129ms
[2020-01-29T22:10:59.099+0300][90.539s][debug][gc] GC(3066) Clear Next Bitmap 0.080ms
[2020-01-29T22:10:59.135+0300][90.575s][info ][gc] GC(3066) Pause Full (G1 Evacuation Pause) 255M->64M(256M) 35.631ms
[2020-01-29T22:10:59.135+0300][90.575s][info ][gc] GC(3056) Concurrent Cycle 353.914ms
[2020-01-29T22:10:59.182+0300][90.622s][info ][gc] GC(3067) Pause Young (Normal) (G1 Evacuation Pause) 115M->115M(256M) 27.366ms
[2020-01-29T22:10:59.218+0300][90.659s][info ][gc] GC(3068) Pause Young (Concurrent Start) (G1 Humongous Allocation) 137M->138M(256M) 17.134ms
[2020-01-29T22:10:59.218+0300][90.659s][info ][gc] GC(3069) Concurrent Cycle
[2020-01-29T22:10:59.253+0300][90.694s][info ][gc] GC(3070) Pause Young (Normal) (G1 Evacuation Pause) 185M->186M(256M) 19.898ms
[2020-01-29T22:10:59.258+0300][90.698s][debug][gc] GC(3069) Reclaimed 105 empty regions
[2020-01-29T22:10:59.258+0300][90.698s][info ][gc] GC(3069) Pause Remark 195M->92M(256M) 0.639ms
[2020-01-29T22:10:59.270+0300][90.710s][info ][gc] GC(3071) Pause Young (Normal) (G1 Evacuation Pause) 95M->96M(256M) 10.158ms
[2020-01-29T22:10:59.316+0300][90.756s][info ][gc] GC(3072) Pause Young (Normal) (G1 Evacuation Pause) 137M->138M(256M) 30.038ms
[2020-01-29T22:10:59.365+0300][90.805s][info ][gc] GC(3073) Pause Young (Normal) (G1 Evacuation Pause) 166M->167M(256M) 38.125ms
[2020-01-29T22:10:59.421+0300][90.861s][info ][gc] GC(3074) Pause Young (Normal) (G1 Evacuation Pause) 206M->207M(256M) 36.299ms
[2020-01-29T22:10:59.454+0300][90.894s][info ][gc] GC(3075) Pause Young (Normal) (G1 Evacuation Pause) 216M->216M(256M) 28.790ms
[2020-01-29T22:10:59.487+0300][90.927s][info ][gc] GC(3076) Pause Young (Normal) (G1 Evacuation Pause) 226M->227M(256M) 28.986ms
[2020-01-29T22:10:59.487+0300][90.928s][info ][gc] GC(3069) Pause Cleanup 227M->227M(256M) 0.047ms
[2020-01-29T22:10:59.487+0300][90.928s][info ][gc] GC(3069) Concurrent Cycle 269.262ms
[2020-01-29T22:10:59.520+0300][90.960s][info ][gc] GC(3077) Pause Young (Normal) (G1 Evacuation Pause) 237M->237M(256M) 28.451ms
[2020-01-29T22:10:59.537+0300][90.977s][info ][gc] GC(3078) To-space exhausted
[2020-01-29T22:10:59.537+0300][90.977s][info ][gc] GC(3078) Pause Young (Concurrent Start) (G1 Evacuation Pause) 247M->250M(256M) 13.252ms
[2020-01-29T22:10:59.537+0300][90.977s][info ][gc] GC(3079) Concurrent Cycle
[2020-01-29T22:10:59.554+0300][90.994s][info ][gc] GC(3080) To-space exhausted
[2020-01-29T22:10:59.554+0300][90.994s][info ][gc] GC(3080) Pause Young (Normal) (G1 Evacuation Pause) 255M->255M(256M) 12.005ms
[2020-01-29T22:10:59.554+0300][90.994s][debug][gc] GC(3081) Clear Next Bitmap 0.098ms
[2020-01-29T22:10:59.595+0300][91.035s][info ][gc] GC(3081) Pause Full (G1 Evacuation Pause) 255M->78M(256M) 41.270ms
[2020-01-29T22:10:59.595+0300][91.035s][info ][gc] GC(3079) Concurrent Cycle 57.879ms
[2020-01-29T22:10:59.640+0300][91.080s][info ][gc] GC(3082) Pause Young (Normal) (G1 Evacuation Pause) 125M->125M(256M) 25.900ms
[2020-01-29T22:10:59.664+0300][91.104s][info ][gc] GC(3083) Pause Young (Concurrent Start) (G1 Humongous Allocation) 136M->137M(256M) 10.165ms
[2020-01-29T22:10:59.664+0300][91.104s][info ][gc] GC(3084) Concurrent Cycle
[2020-01-29T22:10:59.696+0300][91.137s][info ][gc] GC(3085) Pause Young (Normal) (G1 Evacuation Pause) 185M->186M(256M) 20.001ms
[2020-01-29T22:10:59.698+0300][91.138s][debug][gc] GC(3084) Reclaimed 116 empty regions
[2020-01-29T22:10:59.698+0300][91.138s][info ][gc] GC(3084) Pause Remark 189M->75M(256M) 0.609ms
[2020-01-29T22:10:59.713+0300][91.154s][info ][gc] GC(3086) Pause Young (Normal) (G1 Evacuation Pause) 84M->85M(256M) 11.590ms
[2020-01-29T22:10:59.763+0300][91.203s][info ][gc] GC(3087) Pause Young (Normal) (G1 Evacuation Pause) 130M->131M(256M) 31.543ms
[2020-01-29T22:10:59.825+0300][91.265s][info ][gc] GC(3088) Pause Young (Normal) (G1 Evacuation Pause) 181M->181M(256M) 39.095ms
[2020-01-29T22:10:59.828+0300][91.268s][info ][gc] GC(3084) Pause Cleanup 188M->188M(256M) 0.048ms
[2020-01-29T22:10:59.828+0300][91.269s][info ][gc] GC(3084) Concurrent Cycle 164.131ms
[2020-01-29T22:10:59.860+0300][91.300s][info ][gc] GC(3089) Pause Young (Normal) (G1 Evacuation Pause) 196M->197M(256M) 28.177ms
[2020-01-29T22:10:59.873+0300][91.313s][info ][gc] GC(3090) Pause Young (Concurrent Start) (G1 Evacuation Pause) 207M->208M(256M) 8.945ms
[2020-01-29T22:10:59.873+0300][91.313s][info ][gc] GC(3091) Concurrent Cycle
[2020-01-29T22:10:59.888+0300][91.328s][info ][gc] GC(3092) Pause Young (Normal) (G1 Evacuation Pause) 218M->219M(256M) 8.021ms
[2020-01-29T22:10:59.900+0300][91.340s][info ][gc] GC(3093) Pause Young (Normal) (G1 Evacuation Pause) 229M->230M(256M) 8.143ms
[2020-01-29T22:10:59.912+0300][91.352s][info ][gc] GC(3094) Pause Young (Normal) (G1 Evacuation Pause) 240M->241M(256M) 8.168ms
[2020-01-29T22:10:59.933+0300][91.373s][info ][gc] GC(3095) To-space exhausted
[2020-01-29T22:10:59.933+0300][91.373s][info ][gc] GC(3095) Pause Young (Normal) (G1 Evacuation Pause) 251M->254M(256M) 16.153ms
[2020-01-29T22:10:59.940+0300][91.380s][info ][gc] GC(3096) To-space exhausted
[2020-01-29T22:10:59.941+0300][91.380s][info ][gc] GC(3096) Pause Young (Normal) (G1 Evacuation Pause) 255M->255M(256M) 7.012ms
[2020-01-29T22:10:59.941+0300][91.381s][debug][gc] GC(3097) Clear Next Bitmap 0.072ms
[2020-01-29T22:10:59.988+0300][91.428s][info ][gc] GC(3097) Pause Full (G1 Evacuation Pause) 255M->88M(256M) 47.472ms
[2020-01-29T22:10:59.988+0300][91.428s][info ][gc] GC(3091) Concurrent Cycle 115.153ms
[2020-01-29T22:11:00.029+0300][91.470s][info ][gc] GC(3098) Pause Young (Normal) (G1 Evacuation Pause) 132M->132M(256M) 24.469ms
[2020-01-29T22:11:00.049+0300][91.490s][info ][gc] GC(3099) Pause Young (Concurrent Start) (G1 Humongous Allocation) 136M->137M(256M) 7.429ms
[2020-01-29T22:11:00.049+0300][91.490s][info ][gc] GC(3100) Concurrent Cycle
[2020-01-29T22:11:00.059+0300][91.500s][debug][gc] GC(3100) Reclaimed 124 empty regions
[2020-01-29T22:11:00.059+0300][91.500s][info ][gc] GC(3100) Pause Remark 177M->56M(256M) 0.627ms
[2020-01-29T22:11:00.080+0300][91.521s][info ][gc] GC(3101) Pause Young (Normal) (G1 Evacuation Pause) 63M->60M(256M) 17.949ms
[2020-01-29T22:11:00.096+0300][91.536s][info ][gc] GC(3100) Pause Cleanup 99M->99M(256M) 0.042ms
[2020-01-29T22:11:00.096+0300][91.536s][info ][gc] GC(3100) Concurrent Cycle 46.542ms
[2020-01-29T22:11:00.142+0300][91.582s][info ][gc] GC(3102) Pause Young (Normal) (G1 Evacuation Pause) 113M->114M(256M) 40.464ms
[2020-01-29T22:11:00.189+0300][91.629s][info ][gc] GC(3103) Pause Young (Concurrent Start) (G1 Humongous Allocation) 148M->148M(256M) 23.537ms
[2020-01-29T22:11:00.189+0300][91.629s][info ][gc] GC(3104) Concurrent Cycle
[2020-01-29T22:11:00.230+0300][91.670s][info ][gc] GC(3105) Pause Young (Normal) (G1 Evacuation Pause) 193M->194M(256M) 18.832ms
[2020-01-29T22:11:00.243+0300][91.683s][info ][gc] GC(3106) Pause Young (Normal) (G1 Evacuation Pause) 204M->205M(256M) 9.187ms
[2020-01-29T22:11:00.244+0300][91.684s][debug][gc] GC(3104) Reclaimed 101 empty regions
[2020-01-29T22:11:00.244+0300][91.684s][info ][gc] GC(3104) Pause Remark 205M->104M(256M) 0.614ms
[2020-01-29T22:11:00.256+0300][91.696s][info ][gc] GC(3107) Pause Young (Normal) (G1 Evacuation Pause) 114M->114M(256M) 7.301ms
[2020-01-29T22:11:00.294+0300][91.734s][info ][gc] GC(3108) Pause Young (Normal) (G1 Evacuation Pause) 149M->150M(256M) 24.547ms
[2020-01-29T22:11:00.333+0300][91.773s][info ][gc] GC(3109) Pause Young (Normal) (G1 Evacuation Pause) 174M->175M(256M) 29.339ms
[2020-01-29T22:11:00.384+0300][91.823s][info ][gc] GC(3110) Pause Young (Normal) (G1 Evacuation Pause) 211M->212M(256M) 27.102ms
[2020-01-29T22:11:00.410+0300][91.851s][info ][gc] GC(3111) Pause Young (Normal) (G1 Evacuation Pause) 221M->222M(256M) 22.823ms
[2020-01-29T22:11:00.438+0300][91.878s][info ][gc] GC(3112) Pause Young (Normal) (G1 Evacuation Pause) 232M->233M(256M) 23.038ms
[2020-01-29T22:11:00.466+0300][91.906s][info ][gc] GC(3113) To-space exhausted
[2020-01-29T22:11:00.467+0300][91.907s][info ][gc] GC(3113) Pause Young (Normal) (G1 Evacuation Pause) 243M->244M(256M) 24.705ms
[2020-01-29T22:11:00.506+0300][91.946s][info ][gc] GC(3114) To-space exhausted
[2020-01-29T22:11:00.507+0300][91.946s][info ][gc] GC(3114) Pause Young (Normal) (G1 Evacuation Pause) 254M->255M(256M) 35.000ms
[2020-01-29T22:11:00.507+0300][91.947s][debug][gc] GC(3115) Clear Next Bitmap 0.080ms
[2020-01-29T22:11:00.544+0300][91.984s][info ][gc] GC(3115) Pause Full (G1 Evacuation Pause) 255M->65M(256M) 37.547ms
[2020-01-29T22:11:00.544+0300][91.984s][info ][gc] GC(3104) Concurrent Cycle 354.939ms
[2020-01-29T22:11:00.592+0300][92.033s][info ][gc] GC(3116) Pause Young (Normal) (G1 Evacuation Pause) 116M->116M(256M) 28.328ms
[2020-01-29T22:11:00.626+0300][92.066s][info ][gc] GC(3117) Pause Young (Concurrent Start) (G1 Humongous Allocation) 137M->137M(256M) 15.367ms
[2020-01-29T22:11:00.626+0300][92.066s][info ][gc] GC(3118) Concurrent Cycle
[2020-01-29T22:11:00.661+0300][92.101s][info ][gc] GC(3119) Pause Young (Normal) (G1 Evacuation Pause) 185M->186M(256M) 20.359ms
[2020-01-29T22:11:00.665+0300][92.105s][debug][gc] GC(3118) Reclaimed 106 empty regions
[2020-01-29T22:11:00.665+0300][92.105s][info ][gc] GC(3118) Pause Remark 196M->91M(256M) 0.616ms
[2020-01-29T22:11:00.676+0300][92.116s][info ][gc] GC(3120) Pause Young (Normal) (G1 Evacuation Pause) 94M->95M(256M) 9.835ms
[2020-01-29T22:11:00.723+0300][92.163s][info ][gc] GC(3121) Pause Young (Normal) (G1 Evacuation Pause) 136M->137M(256M) 29.812ms
[2020-01-29T22:11:00.769+0300][92.209s][info ][gc] GC(3122) Pause Young (Normal) (G1 Evacuation Pause) 165M->166M(256M) 35.591ms
[2020-01-29T22:11:00.823+0300][92.263s][info ][gc] GC(3123) Pause Young (Normal) (G1 Evacuation Pause) 205M->207M(256M) 35.027ms
[2020-01-29T22:11:00.855+0300][92.296s][info ][gc] GC(3124) Pause Young (Normal) (G1 Evacuation Pause) 216M->217M(256M) 28.746ms
[2020-01-29T22:11:00.889+0300][92.329s][info ][gc] GC(3125) Pause Young (Normal) (G1 Evacuation Pause) 227M->228M(256M) 29.378ms
[2020-01-29T22:11:00.889+0300][92.330s][info ][gc] GC(3118) Pause Cleanup 228M->228M(256M) 0.045ms
[2020-01-29T22:11:00.890+0300][92.330s][info ][gc] GC(3118) Concurrent Cycle 263.967ms
[2020-01-29T22:11:00.922+0300][92.362s][info ][gc] GC(3126) Pause Young (Normal) (G1 Evacuation Pause) 238M->238M(256M) 28.081ms
[2020-01-29T22:11:00.940+0300][92.380s][info ][gc] GC(3127) To-space exhausted
[2020-01-29T22:11:00.940+0300][92.380s][info ][gc] GC(3127) Pause Young (Concurrent Start) (G1 Evacuation Pause) 248M->251M(256M) 13.908ms
[2020-01-29T22:11:00.940+0300][92.380s][info ][gc] GC(3128) Concurrent Cycle
[2020-01-29T22:11:00.955+0300][92.396s][info ][gc] GC(3129) To-space exhausted
[2020-01-29T22:11:00.955+0300][92.396s][info ][gc] GC(3129) Pause Young (Normal) (G1 Evacuation Pause) 255M->255M(256M) 11.945ms
[2020-01-29T22:11:00.956+0300][92.396s][debug][gc] GC(3130) Clear Next Bitmap 0.068ms
[2020-01-29T22:11:01.005+0300][92.445s][info ][gc] GC(3130) Pause Full (G1 Evacuation Pause) 255M->78M(256M) 49.634ms
[2020-01-29T22:11:01.006+0300][92.446s][info ][gc] GC(3128) Concurrent Cycle 65.656ms
[2020-01-29T22:11:01.049+0300][92.490s][info ][gc] GC(3131) Pause Young (Normal) (G1 Evacuation Pause) 125M->125M(256M) 25.954ms
[2020-01-29T22:11:01.075+0300][92.515s][info ][gc] GC(3132) Pause Young (Concurrent Start) (G1 Humongous Allocation) 137M->138M(256M) 9.989ms
[2020-01-29T22:11:01.075+0300][92.515s][info ][gc] GC(3133) Concurrent Cycle
[2020-01-29T22:11:01.107+0300][92.547s][info ][gc] GC(3134) Pause Young (Normal) (G1 Evacuation Pause) 186M->186M(256M) 19.818ms
[2020-01-29T22:11:01.109+0300][92.549s][debug][gc] GC(3133) Reclaimed 116 empty regions
[2020-01-29T22:11:01.109+0300][92.549s][info ][gc] GC(3133) Pause Remark 189M->75M(256M) 0.654ms
[2020-01-29T22:11:01.122+0300][92.562s][info ][gc] GC(3135) Pause Young (Normal) (G1 Evacuation Pause) 84M->84M(256M) 9.571ms
[2020-01-29T22:11:01.173+0300][92.613s][info ][gc] GC(3136) Pause Young (Normal) (G1 Evacuation Pause) 129M->130M(256M) 33.214ms
[2020-01-29T22:11:01.243+0300][92.683s][info ][gc] GC(3137) Pause Young (Normal) (G1 Evacuation Pause) 180M->181M(256M) 44.732ms
[2020-01-29T22:11:01.245+0300][92.685s][info ][gc] GC(3133) Pause Cleanup 182M->182M(256M) 0.048ms
[2020-01-29T22:11:01.246+0300][92.686s][info ][gc] GC(3133) Concurrent Cycle 170.602ms
[2020-01-29T22:11:01.282+0300][92.722s][info ][gc] GC(3138) Pause Young (Normal) (G1 Evacuation Pause) 196M->197M(256M) 29.600ms
[2020-01-29T22:11:01.297+0300][92.737s][info ][gc] GC(3139) Pause Young (Concurrent Start) (G1 Evacuation Pause) 207M->207M(256M) 11.118ms
[2020-01-29T22:11:01.297+0300][92.737s][info ][gc] GC(3140) Concurrent Cycle
[2020-01-29T22:11:01.312+0300][92.752s][info ][gc] GC(3141) Pause Young (Normal) (G1 Evacuation Pause) 217M->218M(256M) 8.077ms
[2020-01-29T22:11:01.324+0300][92.764s][info ][gc] GC(3142) Pause Young (Normal) (G1 Evacuation Pause) 228M->229M(256M) 7.535ms
[2020-01-29T22:11:01.339+0300][92.779s][info ][gc] GC(3143) Pause Young (Normal) (G1 Evacuation Pause) 239M->240M(256M) 9.772ms
[2020-01-29T22:11:01.363+0300][92.803s][info ][gc] GC(3144) To-space exhausted
[2020-01-29T22:11:01.363+0300][92.803s][info ][gc] GC(3144) Pause Young (Normal) (G1 Evacuation Pause) 250M->252M(256M) 17.165ms
[2020-01-29T22:11:01.375+0300][92.815s][info ][gc] GC(3145) To-space exhausted
[2020-01-29T22:11:01.375+0300][92.815s][info ][gc] GC(3145) Pause Young (Normal) (G1 Evacuation Pause) 255M->255M(256M) 10.176ms
[2020-01-29T22:11:01.375+0300][92.815s][debug][gc] GC(3146) Clear Next Bitmap 0.060ms
[2020-01-29T22:11:01.427+0300][92.867s][info ][gc] GC(3146) Pause Full (G1 Evacuation Pause) 255M->89M(256M) 52.250ms
[2020-01-29T22:11:01.427+0300][92.867s][info ][gc] GC(3140) Concurrent Cycle 130.350ms
[2020-01-29T22:11:01.469+0300][92.909s][info ][gc] GC(3147) Pause Young (Normal) (G1 Evacuation Pause) 133M->133M(256M) 24.464ms
[2020-01-29T22:11:01.488+0300][92.928s][info ][gc] GC(3148) Pause Young (Concurrent Start) (G1 Humongous Allocation) 137M->137M(256M) 6.502ms
[2020-01-29T22:11:01.488+0300][92.928s][info ][gc] GC(3149) Concurrent Cycle
[2020-01-29T22:11:01.498+0300][92.937s][debug][gc] GC(3149) Reclaimed 122 empty regions
[2020-01-29T22:11:01.498+0300][92.937s][info ][gc] GC(3149) Pause Remark 177M->57M(256M) 0.631ms
[2020-01-29T22:11:01.519+0300][92.959s][info ][gc] GC(3150) Pause Young (Normal) (G1 Evacuation Pause) 65M->61M(256M) 17.771ms
[2020-01-29T22:11:01.534+0300][92.973s][info ][gc] GC(3149) Pause Cleanup 99M->99M(256M) 0.037ms
[2020-01-29T22:11:01.534+0300][92.974s][info ][gc] GC(3149) Concurrent Cycle 45.632ms
[2020-01-29T22:11:01.579+0300][93.019s][info ][gc] GC(3151) Pause Young (Normal) (G1 Evacuation Pause) 114M->115M(256M) 39.940ms
[2020-01-29T22:11:01.626+0300][93.067s][info ][gc] GC(3152) Pause Young (Concurrent Start) (G1 Humongous Allocation) 149M->150M(256M) 23.709ms
[2020-01-29T22:11:01.626+0300][93.067s][info ][gc] GC(3153) Concurrent Cycle
[2020-01-29T22:11:01.667+0300][93.107s][info ][gc] GC(3154) Pause Young (Normal) (G1 Evacuation Pause) 194M->194M(256M) 18.395ms
[2020-01-29T22:11:01.671+0300][93.111s][debug][gc] GC(3153) Reclaimed 101 empty regions
[2020-01-29T22:11:01.671+0300][93.111s][info ][gc] GC(3153) Pause Remark 203M->102M(256M) 0.621ms
[2020-01-29T22:11:01.681+0300][93.121s][info ][gc] GC(3155) Pause Young (Normal) (G1 Evacuation Pause) 103M->104M(256M) 9.255ms
[2020-01-29T22:11:01.724+0300][93.164s][info ][gc] GC(3156) Pause Young (Normal) (G1 Evacuation Pause) 143M->144M(256M) 26.869ms
[2020-01-29T22:11:01.766+0300][93.207s][info ][gc] GC(3157) Pause Young (Normal) (G1 Evacuation Pause) 170M->171M(256M) 32.609ms
[2020-01-29T22:11:01.817+0300][93.257s][info ][gc] GC(3158) Pause Young (Normal) (G1 Evacuation Pause) 209M->210M(256M) 30.964ms
[2020-01-29T22:11:01.845+0300][93.285s][info ][gc] GC(3159) Pause Young (Normal) (G1 Evacuation Pause) 219M->220M(256M) 24.273ms
[2020-01-29T22:11:01.875+0300][93.315s][info ][gc] GC(3160) Pause Young (Normal) (G1 Evacuation Pause) 230M->232M(256M) 25.475ms
[2020-01-29T22:11:01.906+0300][93.346s][info ][gc] GC(3161) Pause Young (Normal) (G1 Evacuation Pause) 242M->243M(256M) 26.576ms
[2020-01-29T22:11:01.946+0300][93.386s][info ][gc] GC(3162) To-space exhausted
[2020-01-29T22:11:01.946+0300][93.386s][info ][gc] GC(3162) Pause Young (Normal) (G1 Evacuation Pause) 253M->255M(256M) 35.951ms
[2020-01-29T22:11:01.946+0300][93.387s][debug][gc] GC(3163) Clear Next Bitmap 0.068ms
[2020-01-29T22:11:01.980+0300][93.420s][info ][gc] GC(3163) Pause Full (G1 Evacuation Pause) 255M->63M(256M) 33.553ms
[2020-01-29T22:11:01.980+0300][93.420s][info ][gc] GC(3153) Concurrent Cycle 353.468ms
[2020-01-29T22:11:02.030+0300][93.470s][info ][gc] GC(3164) Pause Young (Normal) (G1 Evacuation Pause) 115M->115M(256M) 29.389ms
[2020-01-29T22:11:02.066+0300][93.506s][info ][gc] GC(3165) Pause Young (Concurrent Start) (G1 Humongous Allocation) 137M->138M(256M) 16.987ms
[2020-01-29T22:11:02.066+0300][93.506s][info ][gc] GC(3166) Concurrent Cycle
[2020-01-29T22:11:02.101+0300][93.542s][info ][gc] GC(3167) Pause Young (Normal) (G1 Evacuation Pause) 186M->186M(256M) 20.431ms
[2020-01-29T22:11:02.106+0300][93.546s][debug][gc] GC(3166) Reclaimed 105 empty regions
[2020-01-29T22:11:02.106+0300][93.546s][info ][gc] GC(3166) Pause Remark 195M->92M(256M) 0.627ms
[2020-01-29T22:11:02.117+0300][93.557s][info ][gc] GC(3168) Pause Young (Normal) (G1 Evacuation Pause) 95M->96M(256M) 9.543ms
[2020-01-29T22:11:02.164+0300][93.604s][info ][gc] GC(3169) Pause Young (Normal) (G1 Evacuation Pause) 137M->138M(256M) 30.091ms
[2020-01-29T22:11:02.210+0300][93.650s][info ][gc] GC(3170) Pause Young (Normal) (G1 Evacuation Pause) 166M->167M(256M) 35.640ms
[2020-01-29T22:11:02.266+0300][93.705s][info ][gc] GC(3171) Pause Young (Normal) (G1 Evacuation Pause) 206M->207M(256M) 35.794ms
[2020-01-29T22:11:02.301+0300][93.741s][info ][gc] GC(3172) Pause Young (Normal) (G1 Evacuation Pause) 216M->217M(256M) 31.164ms
[2020-01-29T22:11:02.307+0300][93.747s][info ][gc] GC(3166) Pause Cleanup 218M->218M(256M) 0.050ms
[2020-01-29T22:11:02.307+0300][93.747s][info ][gc] GC(3166) Concurrent Cycle 241.052ms
[2020-01-29T22:11:02.342+0300][93.782s][info ][gc] GC(3173) Pause Young (Normal) (G1 Evacuation Pause) 227M->227M(256M) 30.806ms
[2020-01-29T22:11:02.355+0300][93.795s][info ][gc] GC(3174) Pause Young (Concurrent Start) (G1 Evacuation Pause) 237M->238M(256M) 9.672ms
[2020-01-29T22:11:02.355+0300][93.795s][info ][gc] GC(3175) Concurrent Cycle
[2020-01-29T22:11:02.376+0300][93.816s][info ][gc] GC(3176) To-space exhausted
[2020-01-29T22:11:02.376+0300][93.816s][info ][gc] GC(3176) Pause Young (Normal) (G1 Evacuation Pause) 248M->251M(256M) 14.377ms
[2020-01-29T22:11:02.389+0300][93.829s][info ][gc] GC(3177) To-space exhausted
[2020-01-29T22:11:02.389+0300][93.829s][info ][gc] GC(3177) Pause Young (Normal) (G1 Evacuation Pause) 255M->255M(256M) 11.371ms
[2020-01-29T22:11:02.390+0300][93.829s][debug][gc] GC(3178) Clear Next Bitmap 0.078ms
[2020-01-29T22:11:02.431+0300][93.871s][info ][gc] GC(3178) Pause Full (G1 Evacuation Pause) 255M->77M(256M) 41.178ms
[2020-01-29T22:11:02.431+0300][93.871s][info ][gc] GC(3175) Concurrent Cycle 75.362ms
[2020-01-29T22:11:02.476+0300][93.916s][info ][gc] GC(3179) Pause Young (Normal) (G1 Evacuation Pause) 125M->125M(256M) 26.369ms
[2020-01-29T22:11:02.502+0300][93.943s][info ][gc] GC(3180) Pause Young (Concurrent Start) (G1 Humongous Allocation) 136M->137M(256M) 11.320ms
[2020-01-29T22:11:02.502+0300][93.943s][info ][gc] GC(3181) Concurrent Cycle
[2020-01-29T22:11:02.534+0300][93.975s][info ][gc] GC(3182) Pause Young (Normal) (G1 Evacuation Pause) 185M->186M(256M) 19.931ms
[2020-01-29T22:11:02.536+0300][93.977s][debug][gc] GC(3181) Reclaimed 111 empty regions
[2020-01-29T22:11:02.536+0300][93.977s][info ][gc] GC(3181) Pause Remark 189M->78M(256M) 0.740ms
[2020-01-29T22:11:02.552+0300][93.992s][info ][gc] GC(3183) Pause Young (Normal) (G1 Evacuation Pause) 89M->90M(256M) 10.877ms
[2020-01-29T22:11:02.601+0300][94.041s][info ][gc] GC(3184) Pause Young (Normal) (G1 Evacuation Pause) 133M->134M(256M) 32.120ms
[2020-01-29T22:11:02.649+0300][94.089s][info ][gc] GC(3185) Pause Young (Normal) (G1 Evacuation Pause) 163M->164M(256M) 36.465ms
[2020-01-29T22:11:02.664+0300][94.104s][info ][gc] GC(3181) Pause Cleanup 193M->193M(256M) 0.048ms
[2020-01-29T22:11:02.664+0300][94.104s][info ][gc] GC(3181) Concurrent Cycle 161.865ms
[2020-01-29T22:11:02.699+0300][94.139s][info ][gc] GC(3186) Pause Young (Normal) (G1 Evacuation Pause) 204M->205M(256M) 30.400ms
[2020-01-29T22:11:02.710+0300][94.150s][info ][gc] GC(3187) Pause Young (Concurrent Start) (G1 Evacuation Pause) 213M->215M(256M) 7.612ms
[2020-01-29T22:11:02.710+0300][94.150s][info ][gc] GC(3188) Concurrent Cycle
[2020-01-29T22:11:02.725+0300][94.165s][info ][gc] GC(3189) Pause Young (Normal) (G1 Evacuation Pause) 225M->226M(256M) 8.267ms
[2020-01-29T22:11:02.737+0300][94.177s][info ][gc] GC(3190) Pause Young (Normal) (G1 Evacuation Pause) 236M->236M(256M) 7.887ms
[2020-01-29T22:11:02.752+0300][94.192s][info ][gc] GC(3191) To-space exhausted
[2020-01-29T22:11:02.752+0300][94.192s][info ][gc] GC(3191) Pause Young (Normal) (G1 Evacuation Pause) 246M->248M(256M) 10.660ms
[2020-01-29T22:11:02.770+0300][94.210s][info ][gc] GC(3192) To-space exhausted
[2020-01-29T22:11:02.770+0300][94.210s][info ][gc] GC(3192) Pause Young (Normal) (G1 Evacuation Pause) 255M->255M(256M) 15.173ms
[2020-01-29T22:11:02.770+0300][94.210s][debug][gc] GC(3193) Clear Next Bitmap 0.096ms
[2020-01-29T22:11:02.815+0300][94.256s][info ][gc] GC(3193) Pause Full (G1 Evacuation Pause) 255M->84M(256M) 45.668ms
[2020-01-29T22:11:02.816+0300][94.256s][info ][gc] GC(3188) Concurrent Cycle 105.713ms
[2020-01-29T22:11:02.857+0300][94.298s][info ][gc] GC(3194) Pause Young (Normal) (G1 Evacuation Pause) 129M->130M(256M) 24.346ms
[2020-01-29T22:11:02.879+0300][94.320s][info ][gc] GC(3195) Pause Young (Concurrent Start) (G1 Humongous Allocation) 137M->137M(256M) 8.842ms
[2020-01-29T22:11:02.879+0300][94.320s][info ][gc] GC(3196) Concurrent Cycle
[2020-01-29T22:11:02.891+0300][94.331s][debug][gc] GC(3196) Reclaimed 119 empty regions
[2020-01-29T22:11:02.891+0300][94.331s][info ][gc] GC(3196) Pause Remark 181M->64M(256M) 0.628ms
[2020-01-29T22:11:02.910+0300][94.350s][info ][gc] GC(3197) Pause Young (Normal) (G1 Evacuation Pause) 68M->64M(256M) 17.767ms
[2020-01-29T22:11:02.929+0300][94.370s][info ][gc] GC(3196) Pause Cleanup 114M->114M(256M) 0.042ms
[2020-01-29T22:11:02.930+0300][94.370s][info ][gc] GC(3196) Concurrent Cycle 50.536ms
[2020-01-29T22:11:02.971+0300][94.411s][info ][gc] GC(3198) Pause Young (Normal) (G1 Evacuation Pause) 116M->117M(256M) 40.575ms
[2020-01-29T22:11:03.020+0300][94.460s][info ][gc] GC(3199) Pause Young (Concurrent Start) (G1 Humongous Allocation) 152M->153M(256M) 23.848ms
[2020-01-29T22:11:03.020+0300][94.460s][info ][gc] GC(3200) Concurrent Cycle
[2020-01-29T22:11:03.059+0300][94.500s][info ][gc] GC(3201) Pause Young (Normal) (G1 Evacuation Pause) 196M->197M(256M) 17.990ms
[2020-01-29T22:11:03.064+0300][94.504s][debug][gc] GC(3200) Reclaimed 103 empty regions
[2020-01-29T22:11:03.064+0300][94.504s][info ][gc] GC(3200) Pause Remark 207M->104M(256M) 0.617ms
[2020-01-29T22:11:03.074+0300][94.514s][info ][gc] GC(3202) Pause Young (Normal) (G1 Evacuation Pause) 104M->105M(256M) 9.464ms
[2020-01-29T22:11:03.117+0300][94.557s][info ][gc] GC(3203) Pause Young (Normal) (G1 Evacuation Pause) 143M->144M(256M) 27.034ms
[2020-01-29T22:11:03.160+0300][94.600s][info ][gc] GC(3204) Pause Young (Normal) (G1 Evacuation Pause) 170M->171M(256M) 32.739ms
[2020-01-29T22:11:03.215+0300][94.655s][info ][gc] GC(3205) Pause Young (Normal) (G1 Evacuation Pause) 209M->210M(256M) 35.602ms
[2020-01-29T22:11:03.247+0300][94.687s][info ][gc] GC(3206) Pause Young (Normal) (G1 Evacuation Pause) 219M->220M(256M) 28.421ms
[2020-01-29T22:11:03.281+0300][94.721s][info ][gc] GC(3207) Pause Young (Normal) (G1 Evacuation Pause) 230M->230M(256M) 29.829ms
[2020-01-29T22:11:03.316+0300][94.756s][info ][gc] GC(3208) Pause Young (Normal) (G1 Evacuation Pause) 240M->240M(256M) 30.014ms
[2020-01-29T22:11:03.358+0300][94.798s][info ][gc] GC(3209) To-space exhausted
[2020-01-29T22:11:03.358+0300][94.798s][info ][gc] GC(3209) Pause Young (Normal) (G1 Evacuation Pause) 250M->254M(256M) 36.339ms
[2020-01-29T22:11:03.361+0300][94.801s][info ][gc] GC(3200) Pause Cleanup 255M->255M(256M) 0.061ms
[2020-01-29T22:11:03.362+0300][94.801s][info ][gc] GC(3200) Concurrent Cycle 341.709ms
[2020-01-29T22:11:03.390+0300][94.830s][info ][gc] GC(3210) To-space exhausted
[2020-01-29T22:11:03.390+0300][94.830s][info ][gc] GC(3210) Pause Young (Normal) (G1 Evacuation Pause) 255M->255M(256M) 28.147ms
[2020-01-29T22:11:03.422+0300][94.862s][info ][gc] GC(3211) Pause Full (G1 Evacuation Pause) 255M->61M(256M) 31.745ms
[2020-01-29T22:11:03.477+0300][94.917s][info ][gc] GC(3212) Pause Young (Concurrent Start) (G1 Evacuation Pause) 119M->119M(256M) 32.520ms
[2020-01-29T22:11:03.477+0300][94.917s][info ][gc] GC(3213) Concurrent Cycle
[2020-01-29T22:11:03.533+0300][94.974s][info ][gc] GC(3214) Pause Young (Normal) (G1 Evacuation Pause) 174M->174M(256M) 25.592ms
[2020-01-29T22:11:03.553+0300][94.994s][info ][gc] GC(3215) Pause Young (Normal) (G1 Evacuation Pause) 190M->191M(256M) 13.338ms
[2020-01-29T22:11:03.566+0300][95.007s][info ][gc] GC(3216) Pause Young (Normal) (G1 Evacuation Pause) 202M->203M(256M) 8.537ms
[2020-01-29T22:11:03.579+0300][95.019s][info ][gc] GC(3217) Pause Young (Normal) (G1 Evacuation Pause) 213M->214M(256M) 7.783ms
[2020-01-29T22:11:03.591+0300][95.031s][info ][gc] GC(3218) Pause Young (Normal) (G1 Evacuation Pause) 224M->226M(256M) 8.121ms
[2020-01-29T22:11:03.603+0300][95.043s][info ][gc] GC(3219) Pause Young (Normal) (G1 Evacuation Pause) 236M->237M(256M) 7.981ms
[2020-01-29T22:11:03.620+0300][95.060s][info ][gc] GC(3220) To-space exhausted
[2020-01-29T22:11:03.620+0300][95.060s][info ][gc] GC(3220) Pause Young (Normal) (G1 Evacuation Pause) 247M->250M(256M) 12.407ms
[2020-01-29T22:11:03.633+0300][95.073s][info ][gc] GC(3221) To-space exhausted
[2020-01-29T22:11:03.633+0300][95.073s][info ][gc] GC(3221) Pause Young (Normal) (G1 Evacuation Pause) 254M->254M(256M) 11.264ms
[2020-01-29T22:11:03.633+0300][95.073s][debug][gc] GC(3222) Clear Next Bitmap 0.081ms
[2020-01-29T22:11:03.695+0300][95.135s][info ][gc] GC(3222) Pause Full (G1 Evacuation Pause) 254M->110M(256M) 61.867ms
[2020-01-29T22:11:03.695+0300][95.135s][info ][gc] GC(3213) Concurrent Cycle 217.652ms
[2020-01-29T22:11:03.732+0300][95.172s][info ][gc] GC(3223) Pause Young (Concurrent Start) (G1 Humongous Allocation) 136M->136M(256M) 15.177ms
[2020-01-29T22:11:03.732+0300][95.172s][info ][gc] GC(3224) Concurrent Cycle
[2020-01-29T22:11:03.766+0300][95.206s][info ][gc] GC(3225) Pause Young (Normal) (G1 Evacuation Pause) 184M->185M(256M) 19.839ms
[2020-01-29T22:11:03.770+0300][95.210s][debug][gc] GC(3224) Reclaimed 106 empty regions
[2020-01-29T22:11:03.770+0300][95.210s][info ][gc] GC(3224) Pause Remark 194M->91M(256M) 0.748ms
[2020-01-29T22:11:03.783+0300][95.223s][info ][gc] GC(3226) Pause Young (Normal) (G1 Evacuation Pause) 94M->95M(256M) 11.393ms
[2020-01-29T22:11:03.833+0300][95.273s][info ][gc] GC(3227) Pause Young (Normal) (G1 Evacuation Pause) 139M->140M(256M) 32.626ms
[2020-01-29T22:11:03.879+0300][95.320s][info ][gc] GC(3228) Pause Young (Normal) (G1 Evacuation Pause) 167M->168M(256M) 35.130ms
[2020-01-29T22:11:03.928+0300][95.368s][info ][gc] GC(3229) Pause Young (Normal) (G1 Evacuation Pause) 207M->208M(256M) 29.080ms
[2020-01-29T22:11:03.931+0300][95.372s][info ][gc] GC(3224) Pause Cleanup 216M->216M(256M) 0.047ms
[2020-01-29T22:11:03.932+0300][95.372s][info ][gc] GC(3224) Concurrent Cycle 200.188ms
[2020-01-29T22:11:03.953+0300][95.394s][info ][gc] GC(3230) Pause Young (Normal) (G1 Evacuation Pause) 217M->217M(256M) 21.168ms
[2020-01-29T22:11:03.965+0300][95.406s][info ][gc] GC(3231) Pause Young (Concurrent Start) (G1 Evacuation Pause) 227M->228M(256M) 8.256ms
[2020-01-29T22:11:03.966+0300][95.406s][info ][gc] GC(3232) Concurrent Cycle
[2020-01-29T22:11:03.980+0300][95.420s][info ][gc] GC(3233) Pause Young (Normal) (G1 Evacuation Pause) 238M->239M(256M) 8.151ms
[2020-01-29T22:11:03.997+0300][95.437s][info ][gc] GC(3234) To-space exhausted
[2020-01-29T22:11:03.997+0300][95.437s][info ][gc] GC(3234) Pause Young (Normal) (G1 Evacuation Pause) 249M->251M(256M) 12.643ms
[2020-01-29T22:11:04.010+0300][95.450s][info ][gc] GC(3235) To-space exhausted
[2020-01-29T22:11:04.010+0300][95.450s][info ][gc] GC(3235) Pause Young (Normal) (G1 Evacuation Pause) 255M->255M(256M) 11.630ms
[2020-01-29T22:11:04.011+0300][95.451s][debug][gc] GC(3236) Clear Next Bitmap 0.089ms
[2020-01-29T22:11:04.053+0300][95.493s][info ][gc] GC(3236) Pause Full (G1 Evacuation Pause) 255M->81M(256M) 42.819ms
[2020-01-29T22:11:04.054+0300][95.494s][info ][gc] GC(3232) Concurrent Cycle 87.904ms
[2020-01-29T22:11:04.098+0300][95.538s][info ][gc] GC(3237) Pause Young (Normal) (G1 Evacuation Pause) 127M->127M(256M) 25.936ms
[2020-01-29T22:11:04.123+0300][95.563s][info ][gc] GC(3238) Pause Young (Concurrent Start) (G1 Humongous Allocation) 137M->137M(256M) 10.240ms
[2020-01-29T22:11:04.123+0300][95.563s][info ][gc] GC(3239) Concurrent Cycle
[2020-01-29T22:11:04.135+0300][95.575s][debug][gc] GC(3239) Reclaimed 118 empty regions
[2020-01-29T22:11:04.135+0300][95.575s][info ][gc] GC(3239) Pause Remark 185M->69M(256M) 0.628ms
[2020-01-29T22:11:04.154+0300][95.593s][info ][gc] GC(3240) Pause Young (Normal) (G1 Evacuation Pause) 69M->65M(256M) 17.928ms
[2020-01-29T22:11:04.215+0300][95.656s][info ][gc] GC(3241) Pause Young (Normal) (G1 Evacuation Pause) 117M->118M(256M) 42.034ms
[2020-01-29T22:11:04.219+0300][95.659s][info ][gc] GC(3239) Pause Cleanup 126M->126M(256M) 0.039ms
[2020-01-29T22:11:04.219+0300][95.660s][info ][gc] GC(3239) Concurrent Cycle 96.930ms
[2020-01-29T22:11:04.269+0300][95.709s][info ][gc] GC(3242) Pause Young (Normal) (G1 Evacuation Pause) 152M->153M(256M) 39.434ms
[2020-01-29T22:11:04.285+0300][95.726s][info ][gc] GC(3243) Pause Young (Concurrent Start) (G1 Humongous Allocation) 155M->155M(256M) 5.633ms
[2020-01-29T22:11:04.285+0300][95.726s][info ][gc] GC(3244) Concurrent Cycle
[2020-01-29T22:11:04.293+0300][95.734s][debug][gc] GC(3244) Reclaimed 142 empty regions
[2020-01-29T22:11:04.293+0300][95.734s][info ][gc] GC(3244) Pause Remark 192M->50M(256M) 0.646ms
[2020-01-29T22:11:04.311+0300][95.751s][info ][gc] GC(3245) Pause Young (Normal) (G1 Evacuation Pause) 55M->55M(256M) 14.842ms
[2020-01-29T22:11:04.326+0300][95.766s][info ][gc] GC(3244) Pause Cleanup 94M->94M(256M) 0.037ms
[2020-01-29T22:11:04.326+0300][95.766s][info ][gc] GC(3244) Concurrent Cycle 40.843ms
[2020-01-29T22:11:04.372+0300][95.812s][info ][gc] GC(3246) Pause Young (Normal) (G1 Evacuation Pause) 109M->110M(256M) 39.327ms
[2020-01-29T22:11:04.415+0300][95.855s][info ][gc] GC(3247) Pause Young (Concurrent Start) (G1 Evacuation Pause) 147M->148M(256M) 26.701ms
[2020-01-29T22:11:04.415+0300][95.855s][info ][gc] GC(3248) Concurrent Cycle
[2020-01-29T22:11:04.458+0300][95.898s][info ][gc] GC(3249) Pause Young (Normal) (G1 Evacuation Pause) 193M->194M(256M) 18.979ms
[2020-01-29T22:11:04.471+0300][95.911s][info ][gc] GC(3250) Pause Young (Normal) (G1 Evacuation Pause) 204M->205M(256M) 8.878ms
[2020-01-29T22:11:04.483+0300][95.923s][info ][gc] GC(3251) Pause Young (Normal) (G1 Evacuation Pause) 215M->216M(256M) 8.012ms
[2020-01-29T22:11:04.496+0300][95.936s][info ][gc] GC(3252) Pause Young (Normal) (G1 Evacuation Pause) 226M->228M(256M) 8.947ms
[2020-01-29T22:11:04.508+0300][95.948s][info ][gc] GC(3253) Pause Young (Normal) (G1 Evacuation Pause) 238M->239M(256M) 7.938ms
[2020-01-29T22:11:04.525+0300][95.964s][info ][gc] GC(3254) To-space exhausted
[2020-01-29T22:11:04.525+0300][95.964s][info ][gc] GC(3254) Pause Young (Normal) (G1 Evacuation Pause) 249M->251M(256M) 12.304ms
[2020-01-29T22:11:04.538+0300][95.978s][info ][gc] GC(3255) To-space exhausted
[2020-01-29T22:11:04.538+0300][95.978s][info ][gc] GC(3255) Pause Young (Normal) (G1 Evacuation Pause) 255M->255M(256M) 11.526ms
[2020-01-29T22:11:04.538+0300][95.978s][debug][gc] GC(3256) Clear Next Bitmap 0.058ms
[2020-01-29T22:11:04.591+0300][96.031s][info ][gc] GC(3256) Pause Full (G1 Evacuation Pause) 255M->98M(256M) 53.297ms
[2020-01-29T22:11:04.591+0300][96.031s][info ][gc] GC(3248) Concurrent Cycle 176.597ms
[2020-01-29T22:11:04.638+0300][96.078s][info ][gc] GC(3257) Pause Young (Concurrent Start) (G1 Humongous Allocation) 136M->136M(256M) 21.161ms
[2020-01-29T22:11:04.638+0300][96.078s][info ][gc] GC(3258) Concurrent Cycle
[2020-01-29T22:11:04.678+0300][96.118s][info ][gc] GC(3259) Pause Young (Normal) (G1 Evacuation Pause) 184M->185M(256M) 20.327ms
[2020-01-29T22:11:04.683+0300][96.122s][debug][gc] GC(3258) Reclaimed 97 empty regions
[2020-01-29T22:11:04.683+0300][96.122s][info ][gc] GC(3258) Pause Remark 195M->100M(256M) 0.633ms
[2020-01-29T22:11:04.696+0300][96.135s][info ][gc] GC(3260) Pause Young (Normal) (G1 Evacuation Pause) 103M->104M(256M) 11.520ms
[2020-01-29T22:11:04.740+0300][96.180s][info ][gc] GC(3261) Pause Young (Normal) (G1 Evacuation Pause) 143M->144M(256M) 29.085ms
[2020-01-29T22:11:04.784+0300][96.224s][info ][gc] GC(3262) Pause Young (Normal) (G1 Evacuation Pause) 170M->171M(256M) 33.278ms
[2020-01-29T22:11:04.834+0300][96.274s][info ][gc] GC(3263) Pause Young (Normal) (G1 Evacuation Pause) 209M->210M(256M) 31.037ms
[2020-01-29T22:11:04.863+0300][96.303s][info ][gc] GC(3264) Pause Young (Normal) (G1 Evacuation Pause) 219M->220M(256M) 24.936ms
[2020-01-29T22:11:04.894+0300][96.333s][info ][gc] GC(3265) Pause Young (Normal) (G1 Evacuation Pause) 230M->231M(256M) 26.202ms
[2020-01-29T22:11:04.925+0300][96.366s][info ][gc] GC(3266) Pause Young (Normal) (G1 Evacuation Pause) 241M->243M(256M) 28.071ms
[2020-01-29T22:11:04.926+0300][96.367s][info ][gc] GC(3258) Pause Cleanup 245M->245M(256M) 0.046ms
[2020-01-29T22:11:04.926+0300][96.367s][info ][gc] GC(3258) Concurrent Cycle 289.327ms
[2020-01-29T22:11:04.963+0300][96.404s][info ][gc] GC(3267) To-space exhausted
[2020-01-29T22:11:04.963+0300][96.404s][info ][gc] GC(3267) Pause Young (Normal) (G1 Evacuation Pause) 253M->255M(256M) 33.303ms
[2020-01-29T22:11:05.005+0300][96.445s][info ][gc] GC(3268) Pause Full (G1 Evacuation Pause) 255M->70M(256M) 41.330ms
[2020-01-29T22:11:05.052+0300][96.493s][info ][gc] GC(3269) Pause Young (Concurrent Start) (G1 Evacuation Pause) 120M->120M(256M) 27.443ms
[2020-01-29T22:11:05.052+0300][96.493s][info ][gc] GC(3270) Concurrent Cycle
[2020-01-29T22:11:05.103+0300][96.543s][info ][gc] GC(3271) Pause Young (Normal) (G1 Evacuation Pause) 173M->174M(256M) 23.710ms
[2020-01-29T22:11:05.122+0300][96.562s][info ][gc] GC(3272) Pause Young (Normal) (G1 Evacuation Pause) 190M->191M(256M) 12.594ms
[2020-01-29T22:11:05.135+0300][96.575s][info ][gc] GC(3273) Pause Young (Normal) (G1 Evacuation Pause) 202M->203M(256M) 8.546ms
[2020-01-29T22:11:05.147+0300][96.587s][info ][gc] GC(3274) Pause Young (Normal) (G1 Evacuation Pause) 213M->213M(256M) 8.235ms
[2020-01-29T22:11:05.160+0300][96.600s][info ][gc] GC(3275) Pause Young (Normal) (G1 Evacuation Pause) 223M->224M(256M) 8.259ms
[2020-01-29T22:11:05.172+0300][96.612s][info ][gc] GC(3276) Pause Young (Normal) (G1 Evacuation Pause) 234M->235M(256M) 8.170ms
[2020-01-29T22:11:05.188+0300][96.628s][info ][gc] GC(3277) To-space exhausted
[2020-01-29T22:11:05.188+0300][96.628s][info ][gc] GC(3277) Pause Young (Normal) (G1 Evacuation Pause) 245M->248M(256M) 11.794ms
[2020-01-29T22:11:05.203+0300][96.643s][info ][gc] GC(3278) To-space exhausted
[2020-01-29T22:11:05.203+0300][96.643s][info ][gc] GC(3278) Pause Young (Normal) (G1 Evacuation Pause) 254M->254M(256M) 12.536ms
[2020-01-29T22:11:05.204+0300][96.643s][debug][gc] GC(3279) Clear Next Bitmap 0.100ms
[2020-01-29T22:11:05.263+0300][96.703s][info ][gc] GC(3279) Pause Full (G1 Evacuation Pause) 254M->110M(256M) 59.905ms
[2020-01-29T22:11:05.264+0300][96.703s][info ][gc] GC(3270) Concurrent Cycle 210.877ms
[2020-01-29T22:11:05.299+0300][96.739s][info ][gc] GC(3280) Pause Young (Concurrent Start) (G1 Humongous Allocation) 137M->136M(256M) 15.049ms
[2020-01-29T22:11:05.299+0300][96.739s][info ][gc] GC(3281) Concurrent Cycle
[2020-01-29T22:11:05.333+0300][96.773s][info ][gc] GC(3282) Pause Young (Normal) (G1 Evacuation Pause) 185M->186M(256M) 20.278ms
[2020-01-29T22:11:05.337+0300][96.778s][debug][gc] GC(3281) Reclaimed 109 empty regions
[2020-01-29T22:11:05.338+0300][96.778s][info ][gc] GC(3281) Pause Remark 196M->89M(256M) 0.719ms
[2020-01-29T22:11:05.349+0300][96.789s][info ][gc] GC(3283) Pause Young (Normal) (G1 Evacuation Pause) 91M->92M(256M) 9.670ms
[2020-01-29T22:11:05.400+0300][96.840s][info ][gc] GC(3284) Pause Young (Normal) (G1 Evacuation Pause) 136M->137M(256M) 31.890ms
[2020-01-29T22:11:05.453+0300][96.893s][info ][gc] GC(3285) Pause Young (Normal) (G1 Evacuation Pause) 165M->166M(256M) 41.172ms
[2020-01-29T22:11:05.507+0300][96.948s][info ][gc] GC(3286) Pause Young (Normal) (G1 Evacuation Pause) 205M->206M(256M) 35.092ms
[2020-01-29T22:11:05.540+0300][96.980s][info ][gc] GC(3287) Pause Young (Normal) (G1 Evacuation Pause) 215M->216M(256M) 28.663ms
[2020-01-29T22:11:05.540+0300][96.980s][info ][gc] GC(3281) Pause Cleanup 216M->216M(256M) 0.043ms
[2020-01-29T22:11:05.540+0300][96.980s][info ][gc] GC(3281) Concurrent Cycle 241.064ms
[2020-01-29T22:11:05.571+0300][97.011s][info ][gc] GC(3288) Pause Young (Normal) (G1 Evacuation Pause) 226M->227M(256M) 26.589ms
[2020-01-29T22:11:05.583+0300][97.023s][info ][gc] GC(3289) Pause Young (Concurrent Start) (G1 Evacuation Pause) 237M->237M(256M) 8.327ms
[2020-01-29T22:11:05.583+0300][97.023s][info ][gc] GC(3290) Concurrent Cycle
[2020-01-29T22:11:05.602+0300][97.041s][info ][gc] GC(3291) To-space exhausted
[2020-01-29T22:11:05.602+0300][97.042s][info ][gc] GC(3291) Pause Young (Normal) (G1 Evacuation Pause) 247M->250M(256M) 11.748ms
[2020-01-29T22:11:05.616+0300][97.056s][info ][gc] GC(3292) To-space exhausted
[2020-01-29T22:11:05.616+0300][97.056s][info ][gc] GC(3292) Pause Young (Normal) (G1 Evacuation Pause) 255M->255M(256M) 12.493ms
[2020-01-29T22:11:05.616+0300][97.056s][debug][gc] GC(3293) Clear Next Bitmap 0.081ms
[2020-01-29T22:11:05.669+0300][97.109s][info ][gc] GC(3293) Pause Full (G1 Evacuation Pause) 255M->82M(256M) 52.893ms
[2020-01-29T22:11:05.669+0300][97.109s][info ][gc] GC(3290) Concurrent Cycle 86.111ms
[2020-01-29T22:11:05.713+0300][97.153s][info ][gc] GC(3294) Pause Young (Normal) (G1 Evacuation Pause) 128M->128M(256M) 26.158ms
[2020-01-29T22:11:05.735+0300][97.175s][info ][gc] GC(3295) Pause Young (Concurrent Start) (G1 Humongous Allocation) 136M->137M(256M) 8.710ms
[2020-01-29T22:11:05.735+0300][97.175s][info ][gc] GC(3296) Concurrent Cycle
[2020-01-29T22:11:05.747+0300][97.187s][debug][gc] GC(3296) Reclaimed 120 empty regions
[2020-01-29T22:11:05.747+0300][97.187s][info ][gc] GC(3296) Pause Remark 183M->65M(256M) 0.637ms
[2020-01-29T22:11:05.766+0300][97.206s][info ][gc] GC(3297) Pause Young (Normal) (G1 Evacuation Pause) 67M->64M(256M) 17.694ms
[2020-01-29T22:11:05.829+0300][97.269s][info ][gc] GC(3298) Pause Young (Normal) (G1 Evacuation Pause) 116M->117M(256M) 42.958ms
[2020-01-29T22:11:05.830+0300][97.270s][info ][gc] GC(3296) Pause Cleanup 118M->118M(256M) 0.037ms
[2020-01-29T22:11:05.831+0300][97.270s][info ][gc] GC(3296) Concurrent Cycle 94.914ms
[2020-01-29T22:11:05.896+0300][97.337s][info ][gc] GC(3299) Pause Young (Concurrent Start) (G1 Humongous Allocation) 152M->152M(256M) 42.556ms
[2020-01-29T22:11:05.896+0300][97.337s][info ][gc] GC(3300) Concurrent Cycle
[2020-01-29T22:11:05.937+0300][97.378s][info ][gc] GC(3301) Pause Young (Normal) (G1 Evacuation Pause) 196M->198M(256M) 18.226ms
[2020-01-29T22:11:05.942+0300][97.382s][debug][gc] GC(3300) Reclaimed 104 empty regions
[2020-01-29T22:11:05.942+0300][97.382s][info ][gc] GC(3300) Pause Remark 206M->102M(256M) 0.635ms
[2020-01-29T22:11:05.950+0300][97.390s][info ][gc] GC(3302) Pause Young (Normal) (G1 Evacuation Pause) 103M->104M(256M) 7.332ms
[2020-01-29T22:11:05.991+0300][97.432s][info ][gc] GC(3303) Pause Young (Normal) (G1 Evacuation Pause) 143M->144M(256M) 26.328ms
[2020-01-29T22:11:06.034+0300][97.474s][info ][gc] GC(3304) Pause Young (Normal) (G1 Evacuation Pause) 170M->171M(256M) 32.328ms
[2020-01-29T22:11:06.087+0300][97.527s][info ][gc] GC(3305) Pause Young (Normal) (G1 Evacuation Pause) 209M->210M(256M) 32.519ms
[2020-01-29T22:11:06.116+0300][97.556s][info ][gc] GC(3306) Pause Young (Normal) (G1 Evacuation Pause) 219M->220M(256M) 25.451ms
[2020-01-29T22:11:06.147+0300][97.588s][info ][gc] GC(3307) Pause Young (Normal) (G1 Evacuation Pause) 230M->231M(256M) 26.750ms
[2020-01-29T22:11:06.180+0300][97.620s][info ][gc] GC(3308) Pause Young (Normal) (G1 Evacuation Pause) 241M->241M(256M) 28.096ms
[2020-01-29T22:11:06.220+0300][97.660s][info ][gc] GC(3309) To-space exhausted
[2020-01-29T22:11:06.220+0300][97.660s][info ][gc] GC(3309) Pause Young (Normal) (G1 Evacuation Pause) 251M->255M(256M) 35.632ms
[2020-01-29T22:11:06.220+0300][97.660s][debug][gc] GC(3310) Clear Next Bitmap 0.058ms
[2020-01-29T22:11:06.250+0300][97.690s][info ][gc] GC(3310) Pause Full (G1 Evacuation Pause) 255M->62M(256M) 30.715ms
[2020-01-29T22:11:06.250+0300][97.691s][info ][gc] GC(3300) Concurrent Cycle 353.883ms
[2020-01-29T22:11:06.298+0300][97.739s][info ][gc] GC(3311) Pause Young (Normal) (G1 Evacuation Pause) 114M->114M(256M) 27.606ms
[2020-01-29T22:11:06.335+0300][97.775s][info ][gc] GC(3312) Pause Young (Concurrent Start) (G1 Humongous Allocation) 137M->138M(256M) 17.265ms
[2020-01-29T22:11:06.335+0300][97.775s][info ][gc] GC(3313) Concurrent Cycle
[2020-01-29T22:11:06.372+0300][97.811s][info ][gc] GC(3314) Pause Young (Normal) (G1 Evacuation Pause) 185M->186M(256M) 19.995ms
[2020-01-29T22:11:06.376+0300][97.816s][debug][gc] GC(3313) Reclaimed 103 empty regions
[2020-01-29T22:11:06.376+0300][97.816s][info ][gc] GC(3313) Pause Remark 195M->94M(256M) 0.638ms
[2020-01-29T22:11:06.389+0300][97.829s][info ][gc] GC(3315) Pause Young (Normal) (G1 Evacuation Pause) 97M->98M(256M) 11.559ms
[2020-01-29T22:11:06.439+0300][97.879s][info ][gc] GC(3316) Pause Young (Normal) (G1 Evacuation Pause) 138M->139M(256M) 34.714ms
[2020-01-29T22:11:06.486+0300][97.927s][info ][gc] GC(3317) Pause Young (Normal) (G1 Evacuation Pause) 167M->168M(256M) 35.887ms
[2020-01-29T22:11:06.539+0300][97.979s][info ][gc] GC(3318) Pause Young (Normal) (G1 Evacuation Pause) 207M->208M(256M) 32.303ms
[2020-01-29T22:11:06.571+0300][98.011s][info ][gc] GC(3319) Pause Young (Normal) (G1 Evacuation Pause) 217M->217M(256M) 25.646ms
[2020-01-29T22:11:06.574+0300][98.014s][info ][gc] GC(3313) Pause Cleanup 225M->225M(256M) 0.047ms
[2020-01-29T22:11:06.574+0300][98.014s][info ][gc] GC(3313) Concurrent Cycle 238.856ms
[2020-01-29T22:11:06.599+0300][98.039s][info ][gc] GC(3320) Pause Young (Normal) (G1 Evacuation Pause) 227M->228M(256M) 23.927ms
[2020-01-29T22:11:06.612+0300][98.051s][info ][gc] GC(3321) Pause Young (Concurrent Start) (G1 Evacuation Pause) 238M->239M(256M) 8.342ms
[2020-01-29T22:11:06.612+0300][98.051s][info ][gc] GC(3322) Concurrent Cycle
[2020-01-29T22:11:06.630+0300][98.070s][info ][gc] GC(3323) To-space exhausted
[2020-01-29T22:11:06.630+0300][98.070s][info ][gc] GC(3323) Pause Young (Normal) (G1 Evacuation Pause) 249M->251M(256M) 12.854ms
[2020-01-29T22:11:06.643+0300][98.083s][info ][gc] GC(3324) To-space exhausted
[2020-01-29T22:11:06.643+0300][98.083s][info ][gc] GC(3324) Pause Young (Normal) (G1 Evacuation Pause) 255M->255M(256M) 11.164ms
[2020-01-29T22:11:06.643+0300][98.084s][debug][gc] GC(3325) Clear Next Bitmap 0.094ms
[2020-01-29T22:11:06.691+0300][98.131s][info ][gc] GC(3325) Pause Full (G1 Evacuation Pause) 255M->76M(256M) 47.878ms
[2020-01-29T22:11:06.691+0300][98.132s][info ][gc] GC(3322) Concurrent Cycle 80.211ms
[2020-01-29T22:11:06.736+0300][98.176s][info ][gc] GC(3326) Pause Young (Normal) (G1 Evacuation Pause) 124M->124M(256M) 26.204ms
[2020-01-29T22:11:06.762+0300][98.202s][info ][gc] GC(3327) Pause Young (Concurrent Start) (G1 Humongous Allocation) 136M->137M(256M) 9.987ms
[2020-01-29T22:11:06.762+0300][98.202s][info ][gc] GC(3328) Concurrent Cycle
[2020-01-29T22:11:06.794+0300][98.234s][info ][gc] GC(3329) Pause Young (Normal) (G1 Evacuation Pause) 185M->186M(256M) 20.016ms
[2020-01-29T22:11:06.796+0300][98.236s][debug][gc] GC(3328) Reclaimed 116 empty regions
[2020-01-29T22:11:06.796+0300][98.236s][info ][gc] GC(3328) Pause Remark 188M->74M(256M) 0.648ms
[2020-01-29T22:11:06.810+0300][98.251s][info ][gc] GC(3330) Pause Young (Normal) (G1 Evacuation Pause) 84M->84M(256M) 9.782ms
[2020-01-29T22:11:06.865+0300][98.305s][info ][gc] GC(3331) Pause Young (Normal) (G1 Evacuation Pause) 129M->130M(256M) 36.042ms
[2020-01-29T22:11:06.929+0300][98.369s][info ][gc] GC(3332) Pause Young (Normal) (G1 Evacuation Pause) 180M->181M(256M) 39.869ms
[2020-01-29T22:11:06.930+0300][98.370s][info ][gc] GC(3328) Pause Cleanup 184M->184M(256M) 0.047ms
[2020-01-29T22:11:06.930+0300][98.370s][info ][gc] GC(3328) Concurrent Cycle 168.272ms
[2020-01-29T22:11:06.964+0300][98.404s][info ][gc] GC(3333) Pause Young (Normal) (G1 Evacuation Pause) 196M->197M(256M) 28.964ms
[2020-01-29T22:11:06.977+0300][98.417s][info ][gc] GC(3334) Pause Young (Concurrent Start) (G1 Evacuation Pause) 207M->208M(256M) 8.894ms
[2020-01-29T22:11:06.977+0300][98.417s][info ][gc] GC(3335) Concurrent Cycle
[2020-01-29T22:11:06.992+0300][98.432s][info ][gc] GC(3336) Pause Young (Normal) (G1 Evacuation Pause) 218M->219M(256M) 8.193ms
[2020-01-29T22:11:07.004+0300][98.444s][info ][gc] GC(3337) Pause Young (Normal) (G1 Evacuation Pause) 229M->230M(256M) 8.107ms
[2020-01-29T22:11:07.016+0300][98.457s][info ][gc] GC(3338) Pause Young (Normal) (G1 Evacuation Pause) 240M->241M(256M) 8.108ms
[2020-01-29T22:11:07.035+0300][98.475s][info ][gc] GC(3339) To-space exhausted
[2020-01-29T22:11:07.035+0300][98.475s][info ][gc] GC(3339) Pause Young (Normal) (G1 Evacuation Pause) 251M->254M(256M) 14.538ms
[2020-01-29T22:11:07.042+0300][98.483s][info ][gc] GC(3340) To-space exhausted
[2020-01-29T22:11:07.042+0300][98.483s][info ][gc] GC(3340) Pause Young (Normal) (G1 Evacuation Pause) 255M->255M(256M) 7.043ms
[2020-01-29T22:11:07.043+0300][98.483s][debug][gc] GC(3341) Clear Next Bitmap 0.073ms
[2020-01-29T22:11:07.089+0300][98.529s][info ][gc] GC(3341) Pause Full (G1 Evacuation Pause) 255M->87M(256M) 46.375ms
[2020-01-29T22:11:07.089+0300][98.530s][info ][gc] GC(3335) Concurrent Cycle 112.504ms
[2020-01-29T22:11:07.131+0300][98.571s][info ][gc] GC(3342) Pause Young (Normal) (G1 Evacuation Pause) 131M->131M(256M) 24.297ms
[2020-01-29T22:11:07.151+0300][98.591s][info ][gc] GC(3343) Pause Young (Concurrent Start) (G1 Humongous Allocation) 136M->137M(256M) 7.230ms
[2020-01-29T22:11:07.151+0300][98.591s][info ][gc] GC(3344) Concurrent Cycle
[2020-01-29T22:11:07.161+0300][98.601s][debug][gc] GC(3344) Reclaimed 123 empty regions
[2020-01-29T22:11:07.161+0300][98.601s][info ][gc] GC(3344) Pause Remark 178M->57M(256M) 0.632ms
[2020-01-29T22:11:07.183+0300][98.623s][info ][gc] GC(3345) Pause Young (Normal) (G1 Evacuation Pause) 64M->60M(256M) 18.391ms
[2020-01-29T22:11:07.198+0300][98.638s][info ][gc] GC(3344) Pause Cleanup 100M->100M(256M) 0.037ms
[2020-01-29T22:11:07.198+0300][98.638s][info ][gc] GC(3344) Concurrent Cycle 47.220ms
[2020-01-29T22:11:07.244+0300][98.684s][info ][gc] GC(3346) Pause Young (Normal) (G1 Evacuation Pause) 113M->114M(256M) 40.366ms
[2020-01-29T22:11:07.291+0300][98.731s][info ][gc] GC(3347) Pause Young (Concurrent Start) (G1 Humongous Allocation) 149M->149M(256M) 23.664ms
[2020-01-29T22:11:07.291+0300][98.731s][info ][gc] GC(3348) Concurrent Cycle
[2020-01-29T22:11:07.332+0300][98.772s][info ][gc] GC(3349) Pause Young (Normal) (G1 Evacuation Pause) 194M->194M(256M) 18.728ms
[2020-01-29T22:11:07.337+0300][98.777s][debug][gc] GC(3348) Reclaimed 102 empty regions
[2020-01-29T22:11:07.337+0300][98.777s][info ][gc] GC(3348) Pause Remark 204M->102M(256M) 0.763ms
[2020-01-29T22:11:07.347+0300][98.787s][info ][gc] GC(3350) Pause Young (Normal) (G1 Evacuation Pause) 102M->103M(256M) 9.381ms
[2020-01-29T22:11:07.389+0300][98.830s][info ][gc] GC(3351) Pause Young (Normal) (G1 Evacuation Pause) 142M->143M(256M) 27.276ms
[2020-01-29T22:11:07.433+0300][98.874s][info ][gc] GC(3352) Pause Young (Normal) (G1 Evacuation Pause) 169M->170M(256M) 33.196ms
[2020-01-29T22:11:07.488+0300][98.928s][info ][gc] GC(3353) Pause Young (Normal) (G1 Evacuation Pause) 208M->209M(256M) 31.520ms
[2020-01-29T22:11:07.518+0300][98.958s][info ][gc] GC(3354) Pause Young (Normal) (G1 Evacuation Pause) 218M->219M(256M) 25.560ms
[2020-01-29T22:11:07.548+0300][98.988s][info ][gc] GC(3355) Pause Young (Normal) (G1 Evacuation Pause) 229M->229M(256M) 26.064ms
[2020-01-29T22:11:07.580+0300][99.020s][info ][gc] GC(3356) Pause Young (Normal) (G1 Evacuation Pause) 239M->240M(256M) 27.820ms
[2020-01-29T22:11:07.584+0300][99.024s][info ][gc] GC(3348) Pause Cleanup 250M->250M(256M) 0.049ms
[2020-01-29T22:11:07.615+0300][99.055s][info ][gc] GC(3357) To-space exhausted
[2020-01-29T22:11:07.615+0300][99.055s][info ][gc] GC(3357) Pause Young (Normal) (G1 Evacuation Pause) 250M->253M(256M) 30.886ms
[2020-01-29T22:11:07.615+0300][99.055s][info ][gc] GC(3348) Concurrent Cycle 324.163ms
[2020-01-29T22:11:07.624+0300][99.065s][info ][gc] GC(3358) To-space exhausted
[2020-01-29T22:11:07.624+0300][99.065s][info ][gc] GC(3358) Pause Young (Normal) (G1 Evacuation Pause) 255M->255M(256M) 8.607ms
[2020-01-29T22:11:07.659+0300][99.099s][info ][gc] GC(3359) Pause Full (G1 Evacuation Pause) 255M->65M(256M) 34.210ms
[2020-01-29T22:11:07.712+0300][99.152s][info ][gc] GC(3360) Pause Young (Concurrent Start) (G1 Evacuation Pause) 121M->121M(256M) 30.398ms
[2020-01-29T22:11:07.712+0300][99.152s][info ][gc] GC(3361) Concurrent Cycle
[2020-01-29T22:11:07.766+0300][99.206s][info ][gc] GC(3362) Pause Young (Normal) (G1 Evacuation Pause) 175M->176M(256M) 24.298ms
[2020-01-29T22:11:07.785+0300][99.226s][info ][gc] GC(3363) Pause Young (Normal) (G1 Evacuation Pause) 192M->193M(256M) 13.361ms
[2020-01-29T22:11:07.798+0300][99.238s][info ][gc] GC(3364) Pause Young (Normal) (G1 Evacuation Pause) 203M->204M(256M) 8.634ms
[2020-01-29T22:11:07.811+0300][99.251s][info ][gc] GC(3365) Pause Young (Normal) (G1 Evacuation Pause) 214M->214M(256M) 7.838ms
[2020-01-29T22:11:07.823+0300][99.263s][info ][gc] GC(3366) Pause Young (Normal) (G1 Evacuation Pause) 224M->225M(256M) 8.013ms
[2020-01-29T22:11:07.834+0300][99.275s][info ][gc] GC(3367) Pause Young (Normal) (G1 Evacuation Pause) 235M->236M(256M) 7.897ms
[2020-01-29T22:11:07.851+0300][99.291s][info ][gc] GC(3368) To-space exhausted
[2020-01-29T22:11:07.851+0300][99.291s][info ][gc] GC(3368) Pause Young (Normal) (G1 Evacuation Pause) 246M->249M(256M) 12.630ms
[2020-01-29T22:11:07.865+0300][99.305s][info ][gc] GC(3369) To-space exhausted
[2020-01-29T22:11:07.865+0300][99.305s][info ][gc] GC(3369) Pause Young (Normal) (G1 Evacuation Pause) 253M->253M(256M) 11.886ms
[2020-01-29T22:11:07.865+0300][99.305s][debug][gc] GC(3370) Clear Next Bitmap 0.090ms
[2020-01-29T22:11:07.925+0300][99.365s][info ][gc] GC(3370) Pause Full (G1 Evacuation Pause) 253M->110M(256M) 59.853ms
[2020-01-29T22:11:07.925+0300][99.365s][info ][gc] GC(3361) Concurrent Cycle 213.579ms
[2020-01-29T22:11:07.961+0300][99.402s][info ][gc] GC(3371) Pause Young (Concurrent Start) (G1 Humongous Allocation) 136M->136M(256M) 15.504ms
[2020-01-29T22:11:07.961+0300][99.402s][info ][gc] GC(3372) Concurrent Cycle
[2020-01-29T22:11:07.995+0300][99.436s][info ][gc] GC(3373) Pause Young (Normal) (G1 Evacuation Pause) 185M->186M(256M) 20.344ms
[2020-01-29T22:11:08.000+0300][99.440s][debug][gc] GC(3372) Reclaimed 109 empty regions
[2020-01-29T22:11:08.000+0300][99.440s][info ][gc] GC(3372) Pause Remark 195M->89M(256M) 0.634ms
[2020-01-29T22:11:08.011+0300][99.452s][info ][gc] GC(3374) Pause Young (Normal) (G1 Evacuation Pause) 92M->93M(256M) 9.974ms
[2020-01-29T22:11:08.061+0300][99.501s][info ][gc] GC(3375) Pause Young (Normal) (G1 Evacuation Pause) 138M->139M(256M) 31.847ms
[2020-01-29T22:11:08.110+0300][99.550s][info ][gc] GC(3376) Pause Young (Normal) (G1 Evacuation Pause) 167M->168M(256M) 36.972ms
[2020-01-29T22:11:08.162+0300][99.602s][info ][gc] GC(3377) Pause Young (Normal) (G1 Evacuation Pause) 207M->208M(256M) 33.875ms
[2020-01-29T22:11:08.192+0300][99.634s][info ][gc] GC(3378) Pause Young (Normal) (G1 Evacuation Pause) 217M->218M(256M) 28.303ms
[2020-01-29T22:11:08.192+0300][99.634s][info ][gc] GC(3372) Pause Cleanup 218M->218M(256M) 0.039ms
[2020-01-29T22:11:08.192+0300][99.634s][info ][gc] GC(3372) Concurrent Cycle 232.657ms
[2020-01-29T22:11:08.222+0300][99.664s][info ][gc] GC(3379) Pause Young (Normal) (G1 Evacuation Pause) 228M->229M(256M) 26.001ms
[2020-01-29T22:11:08.229+0300][99.676s][info ][gc] GC(3380) Pause Young (Concurrent Start) (G1 Evacuation Pause) 239M->239M(256M) 8.217ms
[2020-01-29T22:11:08.229+0300][99.676s][info ][gc] GC(3381) Concurrent Cycle
[2020-01-29T22:11:08.252+0300][99.695s][info ][gc] GC(3382) To-space exhausted
[2020-01-29T22:11:08.252+0300][99.695s][info ][gc] GC(3382) Pause Young (Normal) (G1 Evacuation Pause) 249M->251M(256M) 12.694ms
[2020-01-29T22:11:08.267+0300][99.708s][info ][gc] GC(3383) To-space exhausted
[2020-01-29T22:11:08.267+0300][99.708s][info ][gc] GC(3383) Pause Young (Normal) (G1 Evacuation Pause) 255M->255M(256M) 11.334ms
[2020-01-29T22:11:08.267+0300][99.709s][debug][gc] GC(3384) Clear Next Bitmap 0.063ms
[2020-01-29T22:11:08.312+0300][99.754s][info ][gc] GC(3384) Pause Full (G1 Evacuation Pause) 255M->82M(256M) 45.863ms
[2020-01-29T22:11:08.312+0300][99.755s][info ][gc] GC(3381) Concurrent Cycle 78.224ms
[2020-01-29T22:11:08.357+0300][99.798s][info ][gc] GC(3385) Pause Young (Normal) (G1 Evacuation Pause) 128M->128M(256M) 25.227ms
[2020-01-29T22:11:08.380+0300][99.820s][info ][gc] GC(3386) Pause Young (Concurrent Start) (G1 Humongous Allocation) 137M->137M(256M) 8.837ms
[2020-01-29T22:11:08.380+0300][99.820s][info ][gc] GC(3387) Concurrent Cycle
[2020-01-29T22:11:08.392+0300][99.833s][debug][gc] GC(3387) Reclaimed 119 empty regions
[2020-01-29T22:11:08.392+0300][99.833s][info ][gc] GC(3387) Pause Remark 183M->67M(256M) 0.631ms
[2020-01-29T22:11:08.407+0300][99.851s][info ][gc] GC(3388) Pause Young (Normal) (G1 Evacuation Pause) 68M->64M(256M) 17.779ms
[2020-01-29T22:11:08.477+0300][99.917s][info ][gc] GC(3389) Pause Young (Normal) (G1 Evacuation Pause) 116M->118M(256M) 45.190ms
[2020-01-29T22:11:08.477+0300][99.919s][info ][gc] GC(3387) Pause Cleanup 122M->122M(256M) 0.040ms
[2020-01-29T22:11:08.477+0300][99.919s][info ][gc] GC(3387) Concurrent Cycle 98.586ms
[2020-01-29T22:11:08.529+0300][99.973s][info ][gc] GC(3390) Pause Young (Normal) (G1 Evacuation Pause) 152M->152M(256M) 42.867ms
[2020-01-29T22:11:08.562+0300][100.003s][info ][gc] GC(3391) Pause Young (Concurrent Start) (G1 Humongous Allocation) 153M->155M(256M) 5.725ms
[2020-01-29T22:11:08.562+0300][100.003s][info ][gc] GC(3392) Concurrent Cycle
[2020-01-29T22:11:08.567+0300][100.011s][debug][gc] GC(3392) Reclaimed 137 empty regions
[2020-01-29T22:11:08.567+0300][100.011s][info ][gc] GC(3392) Pause Remark 192M->55M(256M) 0.718ms
[2020-01-29T22:11:08.587+0300][100.029s][info ][gc] GC(3393) Pause Young (Normal) (G1 Evacuation Pause) 61M->60M(256M) 15.202ms
[2020-01-29T22:11:08.602+0300][100.044s][info ][gc] GC(3392) Pause Cleanup 99M->99M(256M) 0.043ms
[2020-01-29T22:11:08.602+0300][100.044s][info ][gc] GC(3392) Concurrent Cycle 41.572ms
[2020-01-29T22:11:08.647+0300][100.087s][info ][gc] GC(3394) Pause Young (Normal) (G1 Evacuation Pause) 112M->113M(256M) 37.839ms
[2020-01-29T22:11:08.682+0300][100.125s][info ][gc] GC(3395) Pause Young (Concurrent Start) (G1 Evacuation Pause) 149M->149M(256M) 24.033ms
[2020-01-29T22:11:08.682+0300][100.125s][info ][gc] GC(3396) Concurrent Cycle
[2020-01-29T22:11:08.730+0300][100.175s][info ][gc] GC(3397) Pause Young (Normal) (G1 Evacuation Pause) 194M->196M(256M) 18.919ms
[2020-01-29T22:11:08.747+0300][100.188s][info ][gc] GC(3398) Pause Young (Normal) (G1 Evacuation Pause) 206M->206M(256M) 9.241ms
[2020-01-29T22:11:08.757+0300][100.200s][info ][gc] GC(3399) Pause Young (Normal) (G1 Evacuation Pause) 216M->217M(256M) 8.010ms
[2020-01-29T22:11:08.772+0300][100.213s][info ][gc] GC(3400) Pause Young (Normal) (G1 Evacuation Pause) 227M->228M(256M) 8.024ms
[2020-01-29T22:11:08.782+0300][100.225s][info ][gc] GC(3401) Pause Young (Normal) (G1 Evacuation Pause) 238M->239M(256M) 8.016ms
[2020-01-29T22:11:08.797+0300][100.241s][info ][gc] GC(3402) To-space exhausted
[2020-01-29T22:11:08.797+0300][100.241s][info ][gc] GC(3402) Pause Young (Normal) (G1 Evacuation Pause) 249M->251M(256M) 12.164ms
[2020-01-29T22:11:08.812+0300][100.254s][info ][gc] GC(3403) To-space exhausted
[2020-01-29T22:11:08.812+0300][100.254s][info ][gc] GC(3403) Pause Young (Normal) (G1 Evacuation Pause) 255M->255M(256M) 11.302ms
[2020-01-29T22:11:08.812+0300][100.254s][debug][gc] GC(3404) Clear Next Bitmap 0.073ms
[2020-01-29T22:11:08.867+0300][100.308s][info ][gc] GC(3404) Pause Full (G1 Evacuation Pause) 255M->96M(256M) 53.527ms
[2020-01-29T22:11:08.867+0300][100.308s][info ][gc] GC(3396) Concurrent Cycle 182.314ms
[2020-01-29T22:11:08.930+0300][100.370s][info ][gc] GC(3405) Pause Young (Concurrent Start) (G1 Humongous Allocation) 136M->136M(256M) 22.655ms
[2020-01-29T22:11:08.930+0300][100.370s][info ][gc] GC(3406) Concurrent Cycle
[2020-01-29T22:11:08.967+0300][100.411s][info ][gc] GC(3407) Pause Young (Normal) (G1 Evacuation Pause) 184M->185M(256M) 20.331ms
[2020-01-29T22:11:08.972+0300][100.415s][debug][gc] GC(3406) Reclaimed 95 empty regions
[2020-01-29T22:11:08.972+0300][100.415s][info ][gc] GC(3406) Pause Remark 194M->101M(256M) 0.629ms
[2020-01-29T22:11:08.987+0300][100.429s][info ][gc] GC(3408) Pause Young (Normal) (G1 Evacuation Pause) 105M->106M(256M) 11.873ms
[2020-01-29T22:11:09.030+0300][100.473s][info ][gc] GC(3409) Pause Young (Normal) (G1 Evacuation Pause) 144M->145M(256M) 28.798ms
[2020-01-29T22:11:09.072+0300][100.517s][info ][gc] GC(3410) Pause Young (Normal) (G1 Evacuation Pause) 171M->172M(256M) 33.313ms
[2020-01-29T22:11:09.122+0300][100.562s][info ][gc] GC(3411) Pause Young (Normal) (G1 Evacuation Pause) 209M->210M(256M) 31.435ms
[2020-01-29T22:11:09.151+0300][100.592s][info ][gc] GC(3412) Pause Young (Normal) (G1 Evacuation Pause) 219M->220M(256M) 25.654ms
[2020-01-29T22:11:09.183+0300][100.623s][info ][gc] GC(3413) Pause Young (Normal) (G1 Evacuation Pause) 230M->231M(256M) 26.512ms
[2020-01-29T22:11:09.215+0300][100.655s][info ][gc] GC(3414) Pause Young (Normal) (G1 Evacuation Pause) 241M->241M(256M) 28.166ms
[2020-01-29T22:11:09.256+0300][100.696s][info ][gc] GC(3415) To-space exhausted
[2020-01-29T22:11:09.256+0300][100.696s][info ][gc] GC(3415) Pause Young (Normal) (G1 Evacuation Pause) 251M->255M(256M) 36.442ms
[2020-01-29T22:11:09.256+0300][100.696s][debug][gc] GC(3416) Clear Next Bitmap 0.067ms
[2020-01-29T22:11:09.291+0300][100.731s][info ][gc] GC(3416) Pause Full (G1 Evacuation Pause) 255M->68M(256M) 35.037ms
[2020-01-29T22:11:09.291+0300][100.731s][info ][gc] GC(3406) Concurrent Cycle 361.458ms
[2020-01-29T22:11:09.339+0300][100.779s][info ][gc] GC(3417) Pause Young (Normal) (G1 Evacuation Pause) 119M->119M(256M) 27.685ms
[2020-01-29T22:11:09.370+0300][100.811s][info ][gc] GC(3418) Pause Young (Concurrent Start) (G1 Humongous Allocation) 137M->138M(256M) 14.365ms
[2020-01-29T22:11:09.370+0300][100.811s][info ][gc] GC(3419) Concurrent Cycle
[2020-01-29T22:11:09.404+0300][100.844s][info ][gc] GC(3420) Pause Young (Normal) (G1 Evacuation Pause) 186M->187M(256M) 20.348ms
[2020-01-29T22:11:09.408+0300][100.849s][debug][gc] GC(3419) Reclaimed 108 empty regions
[2020-01-29T22:11:09.408+0300][100.849s][info ][gc] GC(3419) Pause Remark 196M->90M(256M) 0.626ms
[2020-01-29T22:11:09.419+0300][100.860s][info ][gc] GC(3421) Pause Young (Normal) (G1 Evacuation Pause) 92M->93M(256M) 9.723ms
[2020-01-29T22:11:09.468+0300][100.909s][info ][gc] GC(3422) Pause Young (Normal) (G1 Evacuation Pause) 135M->136M(256M) 31.262ms
[2020-01-29T22:11:09.519+0300][100.959s][info ][gc] GC(3423) Pause Young (Normal) (G1 Evacuation Pause) 165M->166M(256M) 38.553ms
[2020-01-29T22:11:09.571+0300][101.011s][info ][gc] GC(3424) Pause Young (Normal) (G1 Evacuation Pause) 205M->206M(256M) 32.656ms
[2020-01-29T22:11:09.602+0300][101.042s][info ][gc] GC(3425) Pause Young (Normal) (G1 Evacuation Pause) 215M->216M(256M) 26.450ms
[2020-01-29T22:11:09.603+0300][101.043s][info ][gc] GC(3419) Pause Cleanup 220M->220M(256M) 0.045ms
[2020-01-29T22:11:09.604+0300][101.044s][info ][gc] GC(3419) Concurrent Cycle 233.001ms
[2020-01-29T22:11:09.630+0300][101.070s][info ][gc] GC(3426) Pause Young (Normal) (G1 Evacuation Pause) 226M->226M(256M) 23.562ms
[2020-01-29T22:11:09.642+0300][101.082s][info ][gc] GC(3427) Pause Young (Concurrent Start) (G1 Evacuation Pause) 236M->237M(256M) 8.238ms
[2020-01-29T22:11:09.642+0300][101.082s][info ][gc] GC(3428) Concurrent Cycle
[2020-01-29T22:11:09.660+0300][101.100s][info ][gc] GC(3429) To-space exhausted
[2020-01-29T22:11:09.660+0300][101.100s][info ][gc] GC(3429) Pause Young (Normal) (G1 Evacuation Pause) 247M->251M(256M) 11.513ms
[2020-01-29T22:11:09.673+0300][101.112s][info ][gc] GC(3430) To-space exhausted
[2020-01-29T22:11:09.673+0300][101.112s][info ][gc] GC(3430) Pause Young (Normal) (G1 Evacuation Pause) 255M->255M(256M) 11.057ms
[2020-01-29T22:11:09.673+0300][101.113s][debug][gc] GC(3431) Clear Next Bitmap 0.079ms
[2020-01-29T22:11:09.716+0300][101.156s][info ][gc] GC(3431) Pause Full (G1 Evacuation Pause) 255M->79M(256M) 43.298ms
[2020-01-29T22:11:09.716+0300][101.156s][info ][gc] GC(3428) Concurrent Cycle 74.181ms
[2020-01-29T22:11:09.759+0300][101.200s][info ][gc] GC(3432) Pause Young (Normal) (G1 Evacuation Pause) 126M->126M(256M) 25.429ms
[2020-01-29T22:11:09.784+0300][101.225s][info ][gc] GC(3433) Pause Young (Concurrent Start) (G1 Humongous Allocation) 136M->137M(256M) 10.420ms
[2020-01-29T22:11:09.784+0300][101.225s][info ][gc] GC(3434) Concurrent Cycle
[2020-01-29T22:11:09.797+0300][101.237s][debug][gc] GC(3434) Reclaimed 117 empty regions
[2020-01-29T22:11:09.797+0300][101.237s][info ][gc] GC(3434) Pause Remark 185M->69M(256M) 0.633ms
[2020-01-29T22:11:09.815+0300][101.255s][info ][gc] GC(3435) Pause Young (Normal) (G1 Evacuation Pause) 69M->66M(256M) 17.720ms
[2020-01-29T22:11:09.877+0300][101.317s][info ][gc] GC(3436) Pause Young (Normal) (G1 Evacuation Pause) 117M->118M(256M) 41.450ms
[2020-01-29T22:11:09.881+0300][101.321s][info ][gc] GC(3434) Pause Cleanup 127M->127M(256M) 0.043ms
[2020-01-29T22:11:09.881+0300][101.321s][info ][gc] GC(3434) Concurrent Cycle 96.182ms
[2020-01-29T22:11:09.928+0300][101.369s][info ][gc] GC(3437) Pause Young (Normal) (G1 Evacuation Pause) 152M->153M(256M) 37.774ms
[2020-01-29T22:11:09.945+0300][101.385s][info ][gc] GC(3438) Pause Young (Concurrent Start) (G1 Humongous Allocation) 155M->155M(256M) 5.534ms
[2020-01-29T22:11:09.945+0300][101.385s][info ][gc] GC(3439) Concurrent Cycle
[2020-01-29T22:11:09.954+0300][101.394s][debug][gc] GC(3439) Reclaimed 142 empty regions
[2020-01-29T22:11:09.954+0300][101.394s][info ][gc] GC(3439) Pause Remark 193M->51M(256M) 0.776ms
[2020-01-29T22:11:09.971+0300][101.412s][info ][gc] GC(3440) Pause Young (Normal) (G1 Evacuation Pause) 56M->55M(256M) 15.332ms
[2020-01-29T22:11:09.987+0300][101.427s][info ][gc] GC(3439) Pause Cleanup 95M->95M(256M) 0.037ms
[2020-01-29T22:11:09.987+0300][101.427s][info ][gc] GC(3439) Concurrent Cycle 42.182ms
[2020-01-29T22:11:10.032+0300][101.472s][info ][gc] GC(3441) Pause Young (Normal) (G1 Evacuation Pause) 109M->110M(256M) 39.078ms
[2020-01-29T22:11:10.073+0300][101.512s][info ][gc] GC(3442) Pause Young (Concurrent Start) (G1 Evacuation Pause) 147M->148M(256M) 25.630ms
[2020-01-29T22:11:10.073+0300][101.513s][info ][gc] GC(3443) Concurrent Cycle
[2020-01-29T22:11:10.114+0300][101.555s][info ][gc] GC(3444) Pause Young (Normal) (G1 Evacuation Pause) 193M->195M(256M) 19.128ms
[2020-01-29T22:11:10.128+0300][101.569s][info ][gc] GC(3445) Pause Young (Normal) (G1 Evacuation Pause) 205M->206M(256M) 9.261ms
[2020-01-29T22:11:10.140+0300][101.581s][info ][gc] GC(3446) Pause Young (Normal) (G1 Evacuation Pause) 216M->217M(256M) 7.961ms
[2020-01-29T22:11:10.152+0300][101.593s][info ][gc] GC(3447) Pause Young (Normal) (G1 Evacuation Pause) 227M->227M(256M) 8.142ms
[2020-01-29T22:11:10.164+0300][101.605s][info ][gc] GC(3448) Pause Young (Normal) (G1 Evacuation Pause) 237M->238M(256M) 7.934ms
[2020-01-29T22:11:10.181+0300][101.621s][info ][gc] GC(3449) To-space exhausted
[2020-01-29T22:11:10.181+0300][101.621s][info ][gc] GC(3449) Pause Young (Normal) (G1 Evacuation Pause) 248M->251M(256M) 12.281ms
[2020-01-29T22:11:10.194+0300][101.634s][info ][gc] GC(3450) To-space exhausted
[2020-01-29T22:11:10.194+0300][101.634s][info ][gc] GC(3450) Pause Young (Normal) (G1 Evacuation Pause) 255M->255M(256M) 10.988ms
[2020-01-29T22:11:10.194+0300][101.634s][debug][gc] GC(3451) Clear Next Bitmap 0.087ms
[2020-01-29T22:11:10.259+0300][101.699s][info ][gc] GC(3451) Pause Full (G1 Evacuation Pause) 255M->99M(256M) 65.278ms
[2020-01-29T22:11:10.259+0300][101.700s][info ][gc] GC(3443) Concurrent Cycle 187.166ms
[2020-01-29T22:11:10.306+0300][101.746s][info ][gc] GC(3452) Pause Young (Concurrent Start) (G1 Humongous Allocation) 136M->136M(256M) 21.206ms
[2020-01-29T22:11:10.306+0300][101.746s][info ][gc] GC(3453) Concurrent Cycle
[2020-01-29T22:11:10.346+0300][101.786s][info ][gc] GC(3454) Pause Young (Normal) (G1 Evacuation Pause) 184M->185M(256M) 19.818ms
[2020-01-29T22:11:10.350+0300][101.790s][debug][gc] GC(3453) Reclaimed 98 empty regions
[2020-01-29T22:11:10.350+0300][101.790s][info ][gc] GC(3453) Pause Remark 193M->97M(256M) 0.644ms
[2020-01-29T22:11:10.364+0300][101.804s][info ][gc] GC(3455) Pause Young (Normal) (G1 Evacuation Pause) 102M->103M(256M) 11.620ms
[2020-01-29T22:11:10.410+0300][101.850s][info ][gc] GC(3456) Pause Young (Normal) (G1 Evacuation Pause) 142M->143M(256M) 30.341ms
[2020-01-29T22:11:10.455+0300][101.895s][info ][gc] GC(3457) Pause Young (Normal) (G1 Evacuation Pause) 169M->170M(256M) 33.877ms
[2020-01-29T22:11:10.510+0300][101.950s][info ][gc] GC(3458) Pause Young (Normal) (G1 Evacuation Pause) 208M->209M(256M) 29.733ms
[2020-01-29T22:11:10.514+0300][101.954s][info ][gc] GC(3453) Pause Cleanup 217M->217M(256M) 0.044ms
[2020-01-29T22:11:10.514+0300][101.954s][info ][gc] GC(3453) Concurrent Cycle 207.935ms
[2020-01-29T22:11:10.536+0300][101.976s][info ][gc] GC(3459) Pause Young (Normal) (G1 Evacuation Pause) 218M->219M(256M) 21.662ms
[2020-01-29T22:11:10.548+0300][101.988s][info ][gc] GC(3460) Pause Young (Concurrent Start) (G1 Evacuation Pause) 229M->229M(256M) 8.325ms
[2020-01-29T22:11:10.548+0300][101.988s][info ][gc] GC(3461) Concurrent Cycle
[2020-01-29T22:11:10.562+0300][102.003s][info ][gc] GC(3462) Pause Young (Normal) (G1 Evacuation Pause) 239M->240M(256M) 8.126ms
[2020-01-29T22:11:10.584+0300][102.025s][info ][gc] GC(3463) To-space exhausted
[2020-01-29T22:11:10.584+0300][102.025s][info ][gc] GC(3463) Pause Young (Normal) (G1 Evacuation Pause) 250M->254M(256M) 17.328ms
[2020-01-29T22:11:10.594+0300][102.034s][info ][gc] GC(3464) To-space exhausted
[2020-01-29T22:11:10.594+0300][102.034s][info ][gc] GC(3464) Pause Young (Normal) (G1 Evacuation Pause) 255M->255M(256M) 8.667ms
[2020-01-29T22:11:10.594+0300][102.034s][debug][gc] GC(3465) Clear Next Bitmap 0.076ms
[2020-01-29T22:11:10.639+0300][102.079s][info ][gc] GC(3465) Pause Full (G1 Evacuation Pause) 255M->70M(256M) 44.958ms
[2020-01-29T22:11:10.640+0300][102.080s][info ][gc] GC(3461) Concurrent Cycle 91.201ms
[2020-01-29T22:11:10.686+0300][102.127s][info ][gc] GC(3466) Pause Young (Normal) (G1 Evacuation Pause) 120M->120M(256M) 27.457ms
[2020-01-29T22:11:10.718+0300][102.158s][info ][gc] GC(3467) Pause Young (Concurrent Start) (G1 Humongous Allocation) 136M->137M(256M) 13.973ms
[2020-01-29T22:11:10.718+0300][102.158s][info ][gc] GC(3468) Concurrent Cycle
[2020-01-29T22:11:10.751+0300][102.191s][info ][gc] GC(3469) Pause Young (Normal) (G1 Evacuation Pause) 185M->185M(256M) 20.270ms
[2020-01-29T22:11:10.755+0300][102.195s][debug][gc] GC(3468) Reclaimed 109 empty regions
[2020-01-29T22:11:10.755+0300][102.195s][info ][gc] GC(3468) Pause Remark 195M->88M(256M) 0.624ms
[2020-01-29T22:11:10.768+0300][102.208s][info ][gc] GC(3470) Pause Young (Normal) (G1 Evacuation Pause) 91M->92M(256M) 11.204ms
[2020-01-29T22:11:10.815+0300][102.255s][info ][gc] GC(3471) Pause Young (Normal) (G1 Evacuation Pause) 134M->135M(256M) 30.622ms
[2020-01-29T22:11:10.864+0300][102.304s][info ][gc] GC(3472) Pause Young (Normal) (G1 Evacuation Pause) 164M->165M(256M) 37.657ms
[2020-01-29T22:11:10.917+0300][102.357s][info ][gc] GC(3473) Pause Young (Normal) (G1 Evacuation Pause) 205M->206M(256M) 32.473ms
[2020-01-29T22:11:10.948+0300][102.388s][info ][gc] GC(3474) Pause Young (Normal) (G1 Evacuation Pause) 214M->215M(256M) 27.673ms
[2020-01-29T22:11:10.949+0300][102.389s][info ][gc] GC(3468) Pause Cleanup 218M->218M(256M) 0.045ms
[2020-01-29T22:11:10.950+0300][102.390s][info ][gc] GC(3468) Concurrent Cycle 231.328ms
[2020-01-29T22:11:10.977+0300][102.417s][info ][gc] GC(3475) Pause Young (Normal) (G1 Evacuation Pause) 225M->225M(256M) 25.006ms
[2020-01-29T22:11:10.990+0300][102.430s][info ][gc] GC(3476) Pause Young (Concurrent Start) (G1 Evacuation Pause) 235M->236M(256M) 8.364ms
[2020-01-29T22:11:10.990+0300][102.430s][info ][gc] GC(3477) Concurrent Cycle
[2020-01-29T22:11:11.008+0300][102.447s][info ][gc] GC(3478) To-space exhausted
[2020-01-29T22:11:11.008+0300][102.447s][info ][gc] GC(3478) Pause Young (Normal) (G1 Evacuation Pause) 246M->248M(256M) 11.474ms
[2020-01-29T22:11:11.026+0300][102.465s][info ][gc] GC(3479) To-space exhausted
[2020-01-29T22:11:11.026+0300][102.466s][info ][gc] GC(3479) Pause Young (Normal) (G1 Evacuation Pause) 255M->255M(256M) 15.114ms
[2020-01-29T22:11:11.026+0300][102.466s][debug][gc] GC(3480) Clear Next Bitmap 0.082ms
[2020-01-29T22:11:11.070+0300][102.510s][info ][gc] GC(3480) Pause Full (G1 Evacuation Pause) 255M->83M(256M) 44.502ms
[2020-01-29T22:11:11.070+0300][102.510s][info ][gc] GC(3477) Concurrent Cycle 80.707ms
[2020-01-29T22:11:11.112+0300][102.553s][info ][gc] GC(3481) Pause Young (Normal) (G1 Evacuation Pause) 128M->129M(256M) 24.696ms
[2020-01-29T22:11:11.134+0300][102.575s][info ][gc] GC(3482) Pause Young (Concurrent Start) (G1 Humongous Allocation) 137M->137M(256M) 8.765ms
[2020-01-29T22:11:11.134+0300][102.575s][info ][gc] GC(3483) Concurrent Cycle
[2020-01-29T22:11:11.146+0300][102.587s][debug][gc] GC(3483) Reclaimed 120 empty regions
[2020-01-29T22:11:11.146+0300][102.587s][info ][gc] GC(3483) Pause Remark 183M->65M(256M) 0.623ms
[2020-01-29T22:11:11.165+0300][102.605s][info ][gc] GC(3484) Pause Young (Normal) (G1 Evacuation Pause) 67M->63M(256M) 17.635ms
[2020-01-29T22:11:11.228+0300][102.668s][info ][gc] GC(3485) Pause Young (Normal) (G1 Evacuation Pause) 115M->117M(256M) 42.579ms
[2020-01-29T22:11:11.229+0300][102.670s][info ][gc] GC(3483) Pause Cleanup 120M->120M(256M) 0.042ms
[2020-01-29T22:11:11.230+0300][102.670s][info ][gc] GC(3483) Concurrent Cycle 94.930ms
[2020-01-29T22:11:11.293+0300][102.733s][info ][gc] GC(3486) Pause Young (Concurrent Start) (G1 Humongous Allocation) 152M->152M(256M) 40.635ms
[2020-01-29T22:11:11.293+0300][102.733s][info ][gc] GC(3487) Concurrent Cycle
[2020-01-29T22:11:11.334+0300][102.774s][info ][gc] GC(3488) Pause Young (Normal) (G1 Evacuation Pause) 196M->197M(256M) 18.134ms
[2020-01-29T22:11:11.339+0300][102.779s][debug][gc] GC(3487) Reclaimed 104 empty regions
[2020-01-29T22:11:11.339+0300][102.779s][info ][gc] GC(3487) Pause Remark 206M->102M(256M) 0.642ms
[2020-01-29T22:11:11.349+0300][102.789s][info ][gc] GC(3489) Pause Young (Normal) (G1 Evacuation Pause) 103M->103M(256M) 9.455ms
[2020-01-29T22:11:11.391+0300][102.831s][info ][gc] GC(3490) Pause Young (Normal) (G1 Evacuation Pause) 142M->143M(256M) 26.809ms
[2020-01-29T22:11:11.434+0300][102.874s][info ][gc] GC(3491) Pause Young (Normal) (G1 Evacuation Pause) 169M->170M(256M) 32.669ms
[2020-01-29T22:11:11.487+0300][102.927s][info ][gc] GC(3492) Pause Young (Normal) (G1 Evacuation Pause) 208M->209M(256M) 34.337ms
[2020-01-29T22:11:11.518+0300][102.958s][info ][gc] GC(3493) Pause Young (Normal) (G1 Evacuation Pause) 218M->219M(256M) 26.369ms
[2020-01-29T22:11:11.549+0300][102.990s][info ][gc] GC(3494) Pause Young (Normal) (G1 Evacuation Pause) 229M->230M(256M) 26.477ms
[2020-01-29T22:11:11.583+0300][103.023s][info ][gc] GC(3495) Pause Young (Normal) (G1 Evacuation Pause) 240M->241M(256M) 28.379ms
[2020-01-29T22:11:11.622+0300][103.062s][info ][gc] GC(3496) To-space exhausted
[2020-01-29T22:11:11.622+0300][103.062s][info ][gc] GC(3496) Pause Young (Normal) (G1 Evacuation Pause) 251M->255M(256M) 34.863ms
[2020-01-29T22:11:11.622+0300][103.062s][debug][gc] GC(3497) Clear Next Bitmap 0.058ms
[2020-01-29T22:11:11.653+0300][103.093s][info ][gc] GC(3497) Pause Full (G1 Evacuation Pause) 255M->62M(256M) 31.087ms
[2020-01-29T22:11:11.653+0300][103.094s][info ][gc] GC(3487) Concurrent Cycle 360.166ms
[2020-01-29T22:11:11.703+0300][103.143s][info ][gc] GC(3498) Pause Young (Normal) (G1 Evacuation Pause) 114M->114M(256M) 29.128ms
[2020-01-29T22:11:11.740+0300][103.179s][info ][gc] GC(3499) Pause Young (Concurrent Start) (G1 Humongous Allocation) 137M->137M(256M) 16.924ms
[2020-01-29T22:11:11.740+0300][103.180s][info ][gc] GC(3500) Concurrent Cycle
[2020-01-29T22:11:11.776+0300][103.216s][info ][gc] GC(3501) Pause Young (Normal) (G1 Evacuation Pause) 185M->186M(256M) 20.495ms
[2020-01-29T22:11:11.781+0300][103.220s][debug][gc] GC(3500) Reclaimed 104 empty regions
[2020-01-29T22:11:11.781+0300][103.220s][info ][gc] GC(3500) Pause Remark 195M->92M(256M) 0.629ms
[2020-01-29T22:11:11.794+0300][103.234s][info ][gc] GC(3502) Pause Young (Normal) (G1 Evacuation Pause) 96M->97M(256M) 11.616ms
[2020-01-29T22:11:11.839+0300][103.280s][info ][gc] GC(3503) Pause Young (Normal) (G1 Evacuation Pause) 138M->139M(256M) 30.090ms
[2020-01-29T22:11:11.884+0300][103.325s][info ][gc] GC(3504) Pause Young (Normal) (G1 Evacuation Pause) 167M->168M(256M) 33.797ms
[2020-01-29T22:11:11.934+0300][103.374s][info ][gc] GC(3505) Pause Young (Normal) (G1 Evacuation Pause) 207M->208M(256M) 30.940ms
[2020-01-29T22:11:11.963+0300][103.404s][info ][gc] GC(3506) Pause Young (Normal) (G1 Evacuation Pause) 217M->218M(256M) 24.835ms
[2020-01-29T22:11:11.994+0300][103.434s][info ][gc] GC(3507) Pause Young (Normal) (G1 Evacuation Pause) 228M->228M(256M) 25.797ms
[2020-01-29T22:11:11.995+0300][103.436s][info ][gc] GC(3500) Pause Cleanup 231M->231M(256M) 0.053ms
[2020-01-29T22:11:11.996+0300][103.436s][info ][gc] GC(3500) Concurrent Cycle 256.291ms
[2020-01-29T22:11:12.023+0300][103.463s][info ][gc] GC(3508) Pause Young (Normal) (G1 Evacuation Pause) 238M->240M(256M) 24.123ms
[2020-01-29T22:11:12.041+0300][103.481s][info ][gc] GC(3509) To-space exhausted
[2020-01-29T22:11:12.041+0300][103.481s][info ][gc] GC(3509) Pause Young (Concurrent Start) (G1 Evacuation Pause) 250M->252M(256M) 14.462ms
[2020-01-29T22:11:12.041+0300][103.481s][info ][gc] GC(3510) Concurrent Cycle
[2020-01-29T22:11:12.054+0300][103.494s][info ][gc] GC(3511) To-space exhausted
[2020-01-29T22:11:12.054+0300][103.494s][info ][gc] GC(3511) Pause Young (Normal) (G1 Evacuation Pause) 255M->255M(256M) 9.879ms
[2020-01-29T22:11:12.054+0300][103.494s][debug][gc] GC(3512) Clear Next Bitmap 0.068ms
[2020-01-29T22:11:12.103+0300][103.542s][info ][gc] GC(3512) Pause Full (G1 Evacuation Pause) 255M->78M(256M) 48.312ms
[2020-01-29T22:11:12.103+0300][103.543s][info ][gc] GC(3510) Concurrent Cycle 61.497ms
[2020-01-29T22:11:12.147+0300][103.587s][info ][gc] GC(3513) Pause Young (Normal) (G1 Evacuation Pause) 125M->125M(256M) 25.812ms
[2020-01-29T22:11:12.173+0300][103.612s][info ][gc] GC(3514) Pause Young (Concurrent Start) (G1 Humongous Allocation) 137M->137M(256M) 10.137ms
[2020-01-29T22:11:12.173+0300][103.612s][info ][gc] GC(3515) Concurrent Cycle
[2020-01-29T22:11:12.204+0300][103.645s][info ][gc] GC(3516) Pause Young (Normal) (G1 Evacuation Pause) 185M->186M(256M) 20.117ms
[2020-01-29T22:11:12.206+0300][103.647s][debug][gc] GC(3515) Reclaimed 116 empty regions
[2020-01-29T22:11:12.206+0300][103.647s][info ][gc] GC(3515) Pause Remark 188M->74M(256M) 0.638ms
[2020-01-29T22:11:12.222+0300][103.662s][info ][gc] GC(3517) Pause Young (Normal) (G1 Evacuation Pause) 84M->85M(256M) 11.582ms
[2020-01-29T22:11:12.274+0300][103.714s][info ][gc] GC(3518) Pause Young (Normal) (G1 Evacuation Pause) 130M->131M(256M) 33.572ms
[2020-01-29T22:11:12.337+0300][103.777s][info ][gc] GC(3519) Pause Young (Normal) (G1 Evacuation Pause) 181M->182M(256M) 40.422ms
[2020-01-29T22:11:12.341+0300][103.781s][info ][gc] GC(3515) Pause Cleanup 191M->191M(256M) 0.038ms
[2020-01-29T22:11:12.341+0300][103.781s][info ][gc] GC(3515) Concurrent Cycle 168.592ms
[2020-01-29T22:11:12.372+0300][103.812s][info ][gc] GC(3520) Pause Young (Normal) (G1 Evacuation Pause) 196M->198M(256M) 29.179ms
[2020-01-29T22:11:12.382+0300][103.823s][info ][gc] GC(3521) Pause Young (Concurrent Start) (G1 Evacuation Pause) 207M->207M(256M) 6.653ms
[2020-01-29T22:11:12.382+0300][103.823s][info ][gc] GC(3522) Concurrent Cycle
[2020-01-29T22:11:12.397+0300][103.837s][info ][gc] GC(3523) Pause Young (Normal) (G1 Evacuation Pause) 217M->218M(256M) 8.101ms
[2020-01-29T22:11:12.409+0300][103.849s][info ][gc] GC(3524) Pause Young (Normal) (G1 Evacuation Pause) 228M->229M(256M) 8.039ms
[2020-01-29T22:11:12.421+0300][103.861s][info ][gc] GC(3525) Pause Young (Normal) (G1 Evacuation Pause) 239M->239M(256M) 8.102ms
[2020-01-29T22:11:12.438+0300][103.878s][info ][gc] GC(3526) To-space exhausted
[2020-01-29T22:11:12.438+0300][103.878s][info ][gc] GC(3526) Pause Young (Normal) (G1 Evacuation Pause) 249M->251M(256M) 12.765ms
[2020-01-29T22:11:12.451+0300][103.891s][info ][gc] GC(3527) To-space exhausted
[2020-01-29T22:11:12.451+0300][103.891s][info ][gc] GC(3527) Pause Young (Normal) (G1 Evacuation Pause) 255M->255M(256M) 11.279ms
[2020-01-29T22:11:12.452+0300][103.892s][debug][gc] GC(3528) Clear Next Bitmap 0.086ms
[2020-01-29T22:11:12.502+0300][103.942s][info ][gc] GC(3528) Pause Full (G1 Evacuation Pause) 255M->89M(256M) 50.615ms
[2020-01-29T22:11:12.503+0300][103.942s][info ][gc] GC(3522) Concurrent Cycle 119.761ms
[2020-01-29T22:11:12.546+0300][103.985s][info ][gc] GC(3529) Pause Young (Normal) (G1 Evacuation Pause) 133M->133M(256M) 25.609ms
[2020-01-29T22:11:12.563+0300][104.004s][info ][gc] GC(3530) Pause Young (Concurrent Start) (G1 Humongous Allocation) 137M->137M(256M) 6.568ms
[2020-01-29T22:11:12.563+0300][104.004s][info ][gc] GC(3531) Concurrent Cycle
[2020-01-29T22:11:12.573+0300][104.013s][debug][gc] GC(3531) Reclaimed 122 empty regions
[2020-01-29T22:11:12.573+0300][104.013s][info ][gc] GC(3531) Pause Remark 177M->57M(256M) 0.634ms
[2020-01-29T22:11:12.594+0300][104.035s][info ][gc] GC(3532) Pause Young (Normal) (G1 Evacuation Pause) 65M->62M(256M) 18.040ms
[2020-01-29T22:11:12.609+0300][104.050s][info ][gc] GC(3531) Pause Cleanup 100M->100M(256M) 0.041ms
[2020-01-29T22:11:12.609+0300][104.050s][info ][gc] GC(3531) Concurrent Cycle 45.963ms
[2020-01-29T22:11:12.654+0300][104.095s][info ][gc] GC(3533) Pause Young (Normal) (G1 Evacuation Pause) 114M->115M(256M) 39.672ms
[2020-01-29T22:11:12.702+0300][104.142s][info ][gc] GC(3534) Pause Young (Concurrent Start) (G1 Humongous Allocation) 150M->150M(256M) 23.298ms
[2020-01-29T22:11:12.702+0300][104.142s][info ][gc] GC(3535) Concurrent Cycle
[2020-01-29T22:11:12.742+0300][104.183s][info ][gc] GC(3536) Pause Young (Normal) (G1 Evacuation Pause) 194M->195M(256M) 18.451ms
[2020-01-29T22:11:12.747+0300][104.187s][debug][gc] GC(3535) Reclaimed 100 empty regions
[2020-01-29T22:11:12.747+0300][104.187s][info ][gc] GC(3535) Pause Remark 204M->104M(256M) 0.631ms
[2020-01-29T22:11:12.757+0300][104.197s][info ][gc] GC(3537) Pause Young (Normal) (G1 Evacuation Pause) 105M->106M(256M) 9.427ms
[2020-01-29T22:11:12.799+0300][104.239s][info ][gc] GC(3538) Pause Young (Normal) (G1 Evacuation Pause) 144M->144M(256M) 26.745ms
[2020-01-29T22:11:12.841+0300][104.281s][info ][gc] GC(3539) Pause Young (Normal) (G1 Evacuation Pause) 170M->171M(256M) 32.021ms
[2020-01-29T22:11:12.894+0300][104.333s][info ][gc] GC(3540) Pause Young (Normal) (G1 Evacuation Pause) 209M->210M(256M) 33.558ms
[2020-01-29T22:11:12.925+0300][104.365s][info ][gc] GC(3541) Pause Young (Normal) (G1 Evacuation Pause) 219M->220M(256M) 27.873ms
[2020-01-29T22:11:12.958+0300][104.398s][info ][gc] GC(3542) Pause Young (Normal) (G1 Evacuation Pause) 230M->231M(256M) 28.683ms
[2020-01-29T22:11:12.992+0300][104.433s][info ][gc] GC(3543) Pause Young (Normal) (G1 Evacuation Pause) 241M->242M(256M) 30.311ms
[2020-01-29T22:11:13.033+0300][104.474s][info ][gc] GC(3544) To-space exhausted
[2020-01-29T22:11:13.033+0300][104.474s][info ][gc] GC(3544) Pause Young (Normal) (G1 Evacuation Pause) 252M->254M(256M) 36.018ms
[2020-01-29T22:11:13.040+0300][104.480s][info ][gc] GC(3535) Pause Cleanup 255M->255M(256M) 0.051ms
[2020-01-29T22:11:13.040+0300][104.480s][info ][gc] GC(3535) Concurrent Cycle 338.097ms
[2020-01-29T22:11:13.061+0300][104.502s][info ][gc] GC(3545) To-space exhausted
[2020-01-29T22:11:13.061+0300][104.502s][info ][gc] GC(3545) Pause Young (Normal) (G1 Evacuation Pause) 255M->255M(256M) 20.764ms
[2020-01-29T22:11:13.093+0300][104.534s][info ][gc] GC(3546) Pause Full (G1 Evacuation Pause) 255M->63M(256M) 31.970ms
[2020-01-29T22:11:13.148+0300][104.588s][info ][gc] GC(3547) Pause Young (Concurrent Start) (G1 Evacuation Pause) 120M->120M(256M) 32.128ms
[2020-01-29T22:11:13.148+0300][104.588s][info ][gc] GC(3548) Concurrent Cycle
[2020-01-29T22:11:13.203+0300][104.643s][info ][gc] GC(3549) Pause Young (Normal) (G1 Evacuation Pause) 175M->176M(256M) 25.392ms
[2020-01-29T22:11:13.223+0300][104.663s][info ][gc] GC(3550) Pause Young (Normal) (G1 Evacuation Pause) 192M->193M(256M) 13.470ms
[2020-01-29T22:11:13.236+0300][104.676s][info ][gc] GC(3551) Pause Young (Normal) (G1 Evacuation Pause) 204M->205M(256M) 8.494ms
[2020-01-29T22:11:13.248+0300][104.688s][info ][gc] GC(3552) Pause Young (Normal) (G1 Evacuation Pause) 215M->216M(256M) 7.744ms
[2020-01-29T22:11:13.260+0300][104.701s][info ][gc] GC(3553) Pause Young (Normal) (G1 Evacuation Pause) 226M->227M(256M) 8.299ms
[2020-01-29T22:11:13.272+0300][104.713s][info ][gc] GC(3554) Pause Young (Normal) (G1 Evacuation Pause) 237M->238M(256M) 8.091ms
[2020-01-29T22:11:13.289+0300][104.729s][info ][gc] GC(3555) To-space exhausted
[2020-01-29T22:11:13.289+0300][104.729s][info ][gc] GC(3555) Pause Young (Normal) (G1 Evacuation Pause) 248M->250M(256M) 12.591ms
[2020-01-29T22:11:13.303+0300][104.743s][info ][gc] GC(3556) To-space exhausted
[2020-01-29T22:11:13.303+0300][104.743s][info ][gc] GC(3556) Pause Young (Normal) (G1 Evacuation Pause) 254M->254M(256M) 11.944ms
[2020-01-29T22:11:13.303+0300][104.743s][debug][gc] GC(3557) Clear Next Bitmap 0.097ms
[2020-01-29T22:11:13.368+0300][104.809s][info ][gc] GC(3557) Pause Full (G1 Evacuation Pause) 254M->110M(256M) 65.549ms
[2020-01-29T22:11:13.369+0300][104.809s][info ][gc] GC(3548) Concurrent Cycle 220.818ms
[2020-01-29T22:11:13.407+0300][104.848s][info ][gc] GC(3558) Pause Young (Concurrent Start) (G1 Humongous Allocation) 137M->136M(256M) 17.410ms
[2020-01-29T22:11:13.407+0300][104.848s][info ][gc] GC(3559) Concurrent Cycle
[2020-01-29T22:11:13.442+0300][104.882s][info ][gc] GC(3560) Pause Young (Normal) (G1 Evacuation Pause) 185M->186M(256M) 20.429ms
[2020-01-29T22:11:13.446+0300][104.887s][debug][gc] GC(3559) Reclaimed 101 empty regions
[2020-01-29T22:11:13.446+0300][104.887s][info ][gc] GC(3559) Pause Remark 195M->95M(256M) 0.634ms
[2020-01-29T22:11:13.463+0300][104.903s][info ][gc] GC(3561) Pause Young (Normal) (G1 Evacuation Pause) 98M->99M(256M) 15.162ms
[2020-01-29T22:11:13.512+0300][104.953s][info ][gc] GC(3562) Pause Young (Normal) (G1 Evacuation Pause) 141M->143M(256M) 31.978ms
[2020-01-29T22:11:13.557+0300][104.997s][info ][gc] GC(3563) Pause Young (Normal) (G1 Evacuation Pause) 169M->170M(256M) 33.619ms
[2020-01-29T22:11:13.606+0300][105.046s][info ][gc] GC(3564) Pause Young (Normal) (G1 Evacuation Pause) 208M->209M(256M) 29.671ms
[2020-01-29T22:11:13.635+0300][105.075s][info ][gc] GC(3565) Pause Young (Normal) (G1 Evacuation Pause) 218M->219M(256M) 24.155ms
[2020-01-29T22:11:13.635+0300][105.075s][info ][gc] GC(3559) Pause Cleanup 220M->220M(256M) 0.049ms
[2020-01-29T22:11:13.635+0300][105.075s][info ][gc] GC(3559) Concurrent Cycle 227.599ms
[2020-01-29T22:11:13.662+0300][105.102s][info ][gc] GC(3566) Pause Young (Normal) (G1 Evacuation Pause) 229M->230M(256M) 22.816ms
[2020-01-29T22:11:13.674+0300][105.114s][info ][gc] GC(3567) Pause Young (Concurrent Start) (G1 Evacuation Pause) 240M->241M(256M) 8.179ms
[2020-01-29T22:11:13.674+0300][105.114s][info ][gc] GC(3568) Concurrent Cycle
[2020-01-29T22:11:13.695+0300][105.135s][info ][gc] GC(3569) To-space exhausted
[2020-01-29T22:11:13.695+0300][105.135s][info ][gc] GC(3569) Pause Young (Normal) (G1 Evacuation Pause) 251M->254M(256M) 15.370ms
[2020-01-29T22:11:13.695+0300][105.136s][debug][gc] GC(3570) Clear Next Bitmap 0.068ms
[2020-01-29T22:11:13.735+0300][105.175s][info ][gc] GC(3570) Pause Full (G1 Evacuation Pause) 254M->74M(256M) 39.554ms
[2020-01-29T22:11:13.735+0300][105.175s][info ][gc] GC(3568) Concurrent Cycle 61.599ms
[2020-01-29T22:11:13.782+0300][105.222s][info ][gc] GC(3571) Pause Young (Normal) (G1 Evacuation Pause) 123M->123M(256M) 27.453ms
[2020-01-29T22:11:13.810+0300][105.250s][info ][gc] GC(3572) Pause Young (Concurrent Start) (G1 Humongous Allocation) 137M->138M(256M) 12.417ms
[2020-01-29T22:11:13.810+0300][105.250s][info ][gc] GC(3573) Concurrent Cycle
[2020-01-29T22:11:13.843+0300][105.283s][info ][gc] GC(3574) Pause Young (Normal) (G1 Evacuation Pause) 186M->187M(256M) 20.022ms
[2020-01-29T22:11:13.846+0300][105.286s][debug][gc] GC(3573) Reclaimed 110 empty regions
[2020-01-29T22:11:13.846+0300][105.286s][info ][gc] GC(3573) Pause Remark 194M->86M(256M) 0.625ms
[2020-01-29T22:11:13.860+0300][105.299s][info ][gc] GC(3575) Pause Young (Normal) (G1 Evacuation Pause) 90M->92M(256M) 10.743ms
[2020-01-29T22:11:13.905+0300][105.346s][info ][gc] GC(3576) Pause Young (Normal) (G1 Evacuation Pause) 134M->134M(256M) 30.051ms
[2020-01-29T22:11:13.953+0300][105.393s][info ][gc] GC(3577) Pause Young (Normal) (G1 Evacuation Pause) 163M->164M(256M) 35.916ms
[2020-01-29T22:11:14.006+0300][105.446s][info ][gc] GC(3578) Pause Young (Normal) (G1 Evacuation Pause) 204M->205M(256M) 33.379ms
[2020-01-29T22:11:14.007+0300][105.447s][info ][gc] GC(3573) Pause Cleanup 205M->205M(256M) 0.055ms
[2020-01-29T22:11:14.007+0300][105.447s][info ][gc] GC(3573) Concurrent Cycle 196.781ms
[2020-01-29T22:11:14.035+0300][105.475s][info ][gc] GC(3579) Pause Young (Normal) (G1 Evacuation Pause) 213M->214M(256M) 24.584ms
[2020-01-29T22:11:14.047+0300][105.487s][info ][gc] GC(3580) Pause Young (Concurrent Start) (G1 Evacuation Pause) 224M->225M(256M) 8.091ms
[2020-01-29T22:11:14.048+0300][105.487s][info ][gc] GC(3581) Concurrent Cycle
[2020-01-29T22:11:14.061+0300][105.501s][info ][gc] GC(3582) Pause Young (Normal) (G1 Evacuation Pause) 235M->236M(256M) 7.831ms
[2020-01-29T22:11:14.076+0300][105.516s][info ][gc] GC(3583) To-space exhausted
[2020-01-29T22:11:14.076+0300][105.516s][info ][gc] GC(3583) Pause Young (Normal) (G1 Evacuation Pause) 246M->248M(256M) 10.524ms
[2020-01-29T22:11:14.093+0300][105.533s][info ][gc] GC(3584) To-space exhausted
[2020-01-29T22:11:14.093+0300][105.533s][info ][gc] GC(3584) Pause Young (Normal) (G1 Evacuation Pause) 255M->255M(256M) 14.389ms
[2020-01-29T22:11:14.093+0300][105.534s][debug][gc] GC(3585) Clear Next Bitmap 0.087ms
[2020-01-29T22:11:14.138+0300][105.578s][info ][gc] GC(3585) Pause Full (G1 Evacuation Pause) 255M->82M(256M) 44.135ms
[2020-01-29T22:11:14.138+0300][105.578s][info ][gc] GC(3581) Concurrent Cycle 90.592ms
[2020-01-29T22:11:14.180+0300][105.619s][info ][gc] GC(3586) Pause Young (Normal) (G1 Evacuation Pause) 127M->127M(256M) 24.164ms
[2020-01-29T22:11:14.202+0300][105.642s][info ][gc] GC(3587) Pause Young (Concurrent Start) (G1 Humongous Allocation) 136M->136M(256M) 8.414ms
[2020-01-29T22:11:14.202+0300][105.642s][info ][gc] GC(3588) Concurrent Cycle
[2020-01-29T22:11:14.214+0300][105.654s][debug][gc] GC(3588) Reclaimed 119 empty regions
[2020-01-29T22:11:14.215+0300][105.654s][info ][gc] GC(3588) Pause Remark 183M->67M(256M) 0.638ms
[2020-01-29T22:11:14.233+0300][105.673s][info ][gc] GC(3589) Pause Young (Normal) (G1 Evacuation Pause) 68M->65M(256M) 17.871ms
[2020-01-29T22:11:14.295+0300][105.735s][info ][gc] GC(3590) Pause Young (Normal) (G1 Evacuation Pause) 116M->117M(256M) 42.448ms
[2020-01-29T22:11:14.298+0300][105.738s][info ][gc] GC(3588) Pause Cleanup 123M->123M(256M) 0.063ms
[2020-01-29T22:11:14.298+0300][105.738s][info ][gc] GC(3588) Concurrent Cycle 96.476ms
[2020-01-29T22:11:14.350+0300][105.791s][info ][gc] GC(3591) Pause Young (Normal) (G1 Evacuation Pause) 152M->152M(256M) 41.124ms
[2020-01-29T22:11:14.367+0300][105.807s][info ][gc] GC(3592) Pause Young (Concurrent Start) (G1 Humongous Allocation) 153M->155M(256M) 5.296ms
[2020-01-29T22:11:14.367+0300][105.807s][info ][gc] GC(3593) Concurrent Cycle
[2020-01-29T22:11:14.376+0300][105.816s][debug][gc] GC(3593) Reclaimed 139 empty regions
[2020-01-29T22:11:14.376+0300][105.816s][info ][gc] GC(3593) Pause Remark 193M->54M(256M) 0.884ms
[2020-01-29T22:11:14.393+0300][105.833s][info ][gc] GC(3594) Pause Young (Normal) (G1 Evacuation Pause) 59M->58M(256M) 15.046ms
[2020-01-29T22:11:14.409+0300][105.849s][info ][gc] GC(3593) Pause Cleanup 99M->99M(256M) 0.040ms
[2020-01-29T22:11:14.409+0300][105.849s][info ][gc] GC(3593) Concurrent Cycle 42.144ms
[2020-01-29T22:11:14.453+0300][105.893s][info ][gc] GC(3595) Pause Young (Normal) (G1 Evacuation Pause) 111M->112M(256M) 39.357ms
[2020-01-29T22:11:14.495+0300][105.935s][info ][gc] GC(3596) Pause Young (Concurrent Start) (G1 Evacuation Pause) 148M->148M(256M) 27.296ms
[2020-01-29T22:11:14.495+0300][105.935s][info ][gc] GC(3597) Concurrent Cycle
[2020-01-29T22:11:14.538+0300][105.978s][info ][gc] GC(3598) Pause Young (Normal) (G1 Evacuation Pause) 193M->194M(256M) 19.344ms
[2020-01-29T22:11:14.551+0300][105.991s][info ][gc] GC(3599) Pause Young (Normal) (G1 Evacuation Pause) 204M->205M(256M) 9.199ms
[2020-01-29T22:11:14.563+0300][106.003s][info ][gc] GC(3600) Pause Young (Normal) (G1 Evacuation Pause) 215M->216M(256M) 8.008ms
[2020-01-29T22:11:14.576+0300][106.016s][info ][gc] GC(3601) Pause Young (Normal) (G1 Evacuation Pause) 226M->227M(256M) 8.207ms
[2020-01-29T22:11:14.587+0300][106.026s][info ][gc] GC(3602) Pause Young (Normal) (G1 Evacuation Pause) 237M->238M(256M) 6.773ms
[2020-01-29T22:11:14.603+0300][106.042s][info ][gc] GC(3603) To-space exhausted
[2020-01-29T22:11:14.603+0300][106.042s][info ][gc] GC(3603) Pause Young (Normal) (G1 Evacuation Pause) 248M->251M(256M) 11.901ms
[2020-01-29T22:11:14.615+0300][106.055s][info ][gc] GC(3604) To-space exhausted
[2020-01-29T22:11:14.616+0300][106.055s][info ][gc] GC(3604) Pause Young (Normal) (G1 Evacuation Pause) 255M->255M(256M) 11.043ms
[2020-01-29T22:11:14.616+0300][106.055s][debug][gc] GC(3605) Clear Next Bitmap 0.082ms
[2020-01-29T22:11:14.668+0300][106.109s][info ][gc] GC(3605) Pause Full (G1 Evacuation Pause) 255M->97M(256M) 53.470ms
[2020-01-29T22:11:14.669+0300][106.109s][info ][gc] GC(3597) Concurrent Cycle 174.087ms
[2020-01-29T22:11:14.716+0300][106.156s][info ][gc] GC(3606) Pause Young (Concurrent Start) (G1 Humongous Allocation) 136M->136M(256M) 21.296ms
[2020-01-29T22:11:14.716+0300][106.156s][info ][gc] GC(3607) Concurrent Cycle
[2020-01-29T22:11:14.757+0300][106.197s][info ][gc] GC(3608) Pause Young (Normal) (G1 Evacuation Pause) 184M->185M(256M) 20.297ms
[2020-01-29T22:11:14.761+0300][106.202s][debug][gc] GC(3607) Reclaimed 96 empty regions
[2020-01-29T22:11:14.761+0300][106.202s][info ][gc] GC(3607) Pause Remark 194M->100M(256M) 0.606ms
[2020-01-29T22:11:14.775+0300][106.215s][info ][gc] GC(3609) Pause Young (Normal) (G1 Evacuation Pause) 104M->105M(256M) 11.530ms
[2020-01-29T22:11:14.818+0300][106.258s][info ][gc] GC(3610) Pause Young (Normal) (G1 Evacuation Pause) 143M->144M(256M) 28.368ms
[2020-01-29T22:11:14.862+0300][106.302s][info ][gc] GC(3611) Pause Young (Normal) (G1 Evacuation Pause) 170M->171M(256M) 32.976ms
[2020-01-29T22:11:14.913+0300][106.353s][info ][gc] GC(3612) Pause Young (Normal) (G1 Evacuation Pause) 209M->210M(256M) 30.695ms
[2020-01-29T22:11:14.943+0300][106.383s][info ][gc] GC(3613) Pause Young (Normal) (G1 Evacuation Pause) 219M->220M(256M) 25.588ms
[2020-01-29T22:11:14.973+0300][106.413s][info ][gc] GC(3614) Pause Young (Normal) (G1 Evacuation Pause) 230M->232M(256M) 26.069ms
[2020-01-29T22:11:15.004+0300][106.445s][info ][gc] GC(3615) Pause Young (Normal) (G1 Evacuation Pause) 242M->243M(256M) 27.188ms
[2020-01-29T22:11:15.005+0300][106.446s][info ][gc] GC(3607) Pause Cleanup 243M->243M(256M) 0.052ms
[2020-01-29T22:11:15.005+0300][106.446s][info ][gc] GC(3607) Concurrent Cycle 289.430ms
[2020-01-29T22:11:15.043+0300][106.483s][info ][gc] GC(3616) To-space exhausted
[2020-01-29T22:11:15.043+0300][106.483s][info ][gc] GC(3616) Pause Young (Normal) (G1 Evacuation Pause) 253M->255M(256M) 33.274ms
[2020-01-29T22:11:15.081+0300][106.521s][info ][gc] GC(3617) Pause Full (G1 Evacuation Pause) 255M->69M(256M) 38.162ms
[2020-01-29T22:11:15.129+0300][106.569s][info ][gc] GC(3618) Pause Young (Concurrent Start) (G1 Evacuation Pause) 119M->119M(256M) 28.108ms
[2020-01-29T22:11:15.129+0300][106.569s][info ][gc] GC(3619) Concurrent Cycle
[2020-01-29T22:11:15.180+0300][106.620s][info ][gc] GC(3620) Pause Young (Normal) (G1 Evacuation Pause) 173M->174M(256M) 24.363ms
[2020-01-29T22:11:15.200+0300][106.640s][info ][gc] GC(3621) Pause Young (Normal) (G1 Evacuation Pause) 190M->191M(256M) 12.822ms
[2020-01-29T22:11:15.213+0300][106.653s][info ][gc] GC(3622) Pause Young (Normal) (G1 Evacuation Pause) 202M->203M(256M) 8.464ms
[2020-01-29T22:11:15.225+0300][106.665s][info ][gc] GC(3623) Pause Young (Normal) (G1 Evacuation Pause) 213M->214M(256M) 7.972ms
[2020-01-29T22:11:15.237+0300][106.677s][info ][gc] GC(3624) Pause Young (Normal) (G1 Evacuation Pause) 224M->225M(256M) 7.826ms
[2020-01-29T22:11:15.249+0300][106.689s][info ][gc] GC(3625) Pause Young (Normal) (G1 Evacuation Pause) 235M->235M(256M) 8.009ms
[2020-01-29T22:11:15.264+0300][106.704s][info ][gc] GC(3626) To-space exhausted
[2020-01-29T22:11:15.264+0300][106.704s][info ][gc] GC(3626) Pause Young (Normal) (G1 Evacuation Pause) 245M->248M(256M) 11.238ms
[2020-01-29T22:11:15.279+0300][106.719s][info ][gc] GC(3627) To-space exhausted
[2020-01-29T22:11:15.279+0300][106.719s][info ][gc] GC(3627) Pause Young (Normal) (G1 Evacuation Pause) 254M->254M(256M) 12.681ms
[2020-01-29T22:11:15.280+0300][106.720s][debug][gc] GC(3628) Clear Next Bitmap 0.122ms
[2020-01-29T22:11:15.340+0300][106.780s][info ][gc] GC(3628) Pause Full (G1 Evacuation Pause) 254M->110M(256M) 60.339ms
[2020-01-29T22:11:15.340+0300][106.780s][info ][gc] GC(3619) Concurrent Cycle 210.664ms
[2020-01-29T22:11:15.376+0300][106.815s][info ][gc] GC(3629) Pause Young (Concurrent Start) (G1 Humongous Allocation) 137M->136M(256M) 15.014ms
[2020-01-29T22:11:15.376+0300][106.815s][info ][gc] GC(3630) Concurrent Cycle
[2020-01-29T22:11:15.410+0300][106.850s][info ][gc] GC(3631) Pause Young (Normal) (G1 Evacuation Pause) 185M->187M(256M) 20.769ms
[2020-01-29T22:11:15.414+0300][106.855s][debug][gc] GC(3630) Reclaimed 108 empty regions
[2020-01-29T22:11:15.414+0300][106.855s][info ][gc] GC(3630) Pause Remark 197M->91M(256M) 0.623ms
[2020-01-29T22:11:15.426+0300][106.866s][info ][gc] GC(3632) Pause Young (Normal) (G1 Evacuation Pause) 93M->93M(256M) 10.200ms
[2020-01-29T22:11:15.475+0300][106.915s][info ][gc] GC(3633) Pause Young (Normal) (G1 Evacuation Pause) 137M->138M(256M) 31.764ms
[2020-01-29T22:11:15.527+0300][106.967s][info ][gc] GC(3634) Pause Young (Normal) (G1 Evacuation Pause) 166M->167M(256M) 40.219ms
[2020-01-29T22:11:15.583+0300][107.023s][info ][gc] GC(3635) Pause Young (Normal) (G1 Evacuation Pause) 206M->208M(256M) 37.075ms
[2020-01-29T22:11:15.586+0300][107.026s][info ][gc] GC(3630) Pause Cleanup 214M->214M(256M) 0.064ms
[2020-01-29T22:11:15.586+0300][107.026s][info ][gc] GC(3630) Concurrent Cycle 210.951ms
[2020-01-29T22:11:15.614+0300][107.054s][info ][gc] GC(3636) Pause Young (Normal) (G1 Evacuation Pause) 217M->218M(256M) 26.549ms
[2020-01-29T22:11:15.627+0300][107.067s][info ][gc] GC(3637) Pause Young (Concurrent Start) (G1 Evacuation Pause) 228M->228M(256M) 8.222ms
[2020-01-29T22:11:15.627+0300][107.067s][info ][gc] GC(3638) Concurrent Cycle
[2020-01-29T22:11:15.641+0300][107.081s][info ][gc] GC(3639) Pause Young (Normal) (G1 Evacuation Pause) 238M->239M(256M) 8.019ms
[2020-01-29T22:11:15.658+0300][107.098s][info ][gc] GC(3640) To-space exhausted
[2020-01-29T22:11:15.658+0300][107.098s][info ][gc] GC(3640) Pause Young (Normal) (G1 Evacuation Pause) 249M->251M(256M) 12.682ms
[2020-01-29T22:11:15.671+0300][107.111s][info ][gc] GC(3641) To-space exhausted
[2020-01-29T22:11:15.671+0300][107.111s][info ][gc] GC(3641) Pause Young (Normal) (G1 Evacuation Pause) 255M->255M(256M) 11.452ms
[2020-01-29T22:11:15.671+0300][107.111s][debug][gc] GC(3642) Clear Next Bitmap 0.070ms
[2020-01-29T22:11:15.718+0300][107.158s][info ][gc] GC(3642) Pause Full (G1 Evacuation Pause) 255M->81M(256M) 46.623ms
[2020-01-29T22:11:15.718+0300][107.158s][info ][gc] GC(3638) Concurrent Cycle 91.254ms
[2020-01-29T22:11:15.761+0300][107.202s][info ][gc] GC(3643) Pause Young (Normal) (G1 Evacuation Pause) 127M->127M(256M) 25.994ms
[2020-01-29T22:11:15.783+0300][107.224s][info ][gc] GC(3644) Pause Young (Concurrent Start) (G1 Humongous Allocation) 136M->136M(256M) 8.355ms
[2020-01-29T22:11:15.783+0300][107.224s][info ][gc] GC(3645) Concurrent Cycle
[2020-01-29T22:11:15.795+0300][107.236s][debug][gc] GC(3645) Reclaimed 119 empty regions
[2020-01-29T22:11:15.795+0300][107.236s][info ][gc] GC(3645) Pause Remark 183M->67M(256M) 0.627ms
[2020-01-29T22:11:15.814+0300][107.254s][info ][gc] GC(3646) Pause Young (Normal) (G1 Evacuation Pause) 68M->64M(256M) 17.854ms
[2020-01-29T22:11:15.878+0300][107.318s][info ][gc] GC(3647) Pause Young (Normal) (G1 Evacuation Pause) 116M->117M(256M) 43.130ms
[2020-01-29T22:11:15.880+0300][107.320s][info ][gc] GC(3645) Pause Cleanup 120M->120M(256M) 0.042ms
[2020-01-29T22:11:15.880+0300][107.321s][info ][gc] GC(3645) Concurrent Cycle 97.043ms
[2020-01-29T22:11:15.946+0300][107.386s][info ][gc] GC(3648) Pause Young (Concurrent Start) (G1 Humongous Allocation) 152M->153M(256M) 42.610ms
[2020-01-29T22:11:15.946+0300][107.387s][info ][gc] GC(3649) Concurrent Cycle
[2020-01-29T22:11:15.987+0300][107.427s][info ][gc] GC(3650) Pause Young (Normal) (G1 Evacuation Pause) 196M->196M(256M) 17.845ms
[2020-01-29T22:11:15.991+0300][107.431s][debug][gc] GC(3649) Reclaimed 104 empty regions
[2020-01-29T22:11:15.991+0300][107.431s][info ][gc] GC(3649) Pause Remark 206M->102M(256M) 0.623ms
[2020-01-29T22:11:16.001+0300][107.441s][info ][gc] GC(3651) Pause Young (Normal) (G1 Evacuation Pause) 102M->103M(256M) 9.497ms
[2020-01-29T22:11:16.044+0300][107.483s][info ][gc] GC(3652) Pause Young (Normal) (G1 Evacuation Pause) 142M->143M(256M) 26.960ms
[2020-01-29T22:11:16.089+0300][107.529s][info ][gc] GC(3653) Pause Young (Normal) (G1 Evacuation Pause) 169M->170M(256M) 35.260ms
[2020-01-29T22:11:16.139+0300][107.580s][info ][gc] GC(3654) Pause Young (Normal) (G1 Evacuation Pause) 208M->209M(256M) 32.347ms
[2020-01-29T22:11:16.170+0300][107.610s][info ][gc] GC(3655) Pause Young (Normal) (G1 Evacuation Pause) 218M->219M(256M) 25.674ms
[2020-01-29T22:11:16.201+0300][107.641s][info ][gc] GC(3656) Pause Young (Normal) (G1 Evacuation Pause) 229M->230M(256M) 26.938ms
[2020-01-29T22:11:16.233+0300][107.674s][info ][gc] GC(3657) Pause Young (Normal) (G1 Evacuation Pause) 240M->241M(256M) 28.153ms
[2020-01-29T22:11:16.273+0300][107.713s][info ][gc] GC(3658) To-space exhausted
[2020-01-29T22:11:16.273+0300][107.713s][info ][gc] GC(3658) Pause Young (Normal) (G1 Evacuation Pause) 251M->255M(256M) 35.307ms
[2020-01-29T22:11:16.273+0300][107.713s][debug][gc] GC(3659) Clear Next Bitmap 0.062ms
[2020-01-29T22:11:16.307+0300][107.747s][info ][gc] GC(3659) Pause Full (G1 Evacuation Pause) 255M->62M(256M) 33.804ms
[2020-01-29T22:11:16.307+0300][107.747s][info ][gc] GC(3649) Concurrent Cycle 360.946ms
[2020-01-29T22:11:16.357+0300][107.797s][info ][gc] GC(3660) Pause Young (Normal) (G1 Evacuation Pause) 114M->113M(256M) 28.490ms
[2020-01-29T22:11:16.394+0300][107.834s][info ][gc] GC(3661) Pause Young (Concurrent Start) (G1 Humongous Allocation) 137M->138M(256M) 17.225ms
[2020-01-29T22:11:16.394+0300][107.834s][info ][gc] GC(3662) Concurrent Cycle
[2020-01-29T22:11:16.430+0300][107.870s][info ][gc] GC(3663) Pause Young (Normal) (G1 Evacuation Pause) 185M->186M(256M) 19.784ms
[2020-01-29T22:11:16.434+0300][107.874s][debug][gc] GC(3662) Reclaimed 104 empty regions
[2020-01-29T22:11:16.434+0300][107.874s][info ][gc] GC(3662) Pause Remark 195M->93M(256M) 0.617ms
[2020-01-29T22:11:16.447+0300][107.887s][info ][gc] GC(3664) Pause Young (Normal) (G1 Evacuation Pause) 96M->97M(256M) 11.209ms
[2020-01-29T22:11:16.494+0300][107.934s][info ][gc] GC(3665) Pause Young (Normal) (G1 Evacuation Pause) 138M->139M(256M) 30.940ms
[2020-01-29T22:11:16.543+0300][107.984s][info ][gc] GC(3666) Pause Young (Normal) (G1 Evacuation Pause) 167M->168M(256M) 38.426ms
[2020-01-29T22:11:16.596+0300][108.036s][info ][gc] GC(3667) Pause Young (Normal) (G1 Evacuation Pause) 207M->208M(256M) 33.106ms
[2020-01-29T22:11:16.627+0300][108.068s][info ][gc] GC(3668) Pause Young (Normal) (G1 Evacuation Pause) 217M->218M(256M) 27.196ms
[2020-01-29T22:11:16.634+0300][108.074s][info ][gc] GC(3662) Pause Cleanup 228M->228M(256M) 0.051ms
[2020-01-29T22:11:16.634+0300][108.074s][info ][gc] GC(3662) Concurrent Cycle 240.438ms
[2020-01-29T22:11:16.657+0300][108.097s][info ][gc] GC(3669) Pause Young (Normal) (G1 Evacuation Pause) 228M->229M(256M) 22.569ms
[2020-01-29T22:11:16.669+0300][108.109s][info ][gc] GC(3670) Pause Young (Concurrent Start) (G1 Evacuation Pause) 239M->240M(256M) 8.160ms
[2020-01-29T22:11:16.669+0300][108.109s][info ][gc] GC(3671) Concurrent Cycle
[2020-01-29T22:11:16.688+0300][108.129s][info ][gc] GC(3672) To-space exhausted
[2020-01-29T22:11:16.688+0300][108.129s][info ][gc] GC(3672) Pause Young (Normal) (G1 Evacuation Pause) 250M->252M(256M) 13.078ms
[2020-01-29T22:11:16.699+0300][108.140s][info ][gc] GC(3673) To-space exhausted
[2020-01-29T22:11:16.699+0300][108.140s][info ][gc] GC(3673) Pause Young (Normal) (G1 Evacuation Pause) 255M->255M(256M) 9.754ms
[2020-01-29T22:11:16.700+0300][108.140s][debug][gc] GC(3674) Clear Next Bitmap 0.074ms
[2020-01-29T22:11:16.740+0300][108.180s][info ][gc] GC(3674) Pause Full (G1 Evacuation Pause) 255M->76M(256M) 40.485ms
[2020-01-29T22:11:16.740+0300][108.180s][info ][gc] GC(3671) Concurrent Cycle 71.233ms
[2020-01-29T22:11:16.785+0300][108.225s][info ][gc] GC(3675) Pause Young (Normal) (G1 Evacuation Pause) 124M->124M(256M) 26.277ms
[2020-01-29T22:11:16.813+0300][108.252s][info ][gc] GC(3676) Pause Young (Concurrent Start) (G1 Humongous Allocation) 136M->137M(256M) 10.032ms
[2020-01-29T22:11:16.813+0300][108.253s][info ][gc] GC(3677) Concurrent Cycle
[2020-01-29T22:11:16.845+0300][108.285s][info ][gc] GC(3678) Pause Young (Normal) (G1 Evacuation Pause) 185M->186M(256M) 20.021ms
[2020-01-29T22:11:16.847+0300][108.286s][debug][gc] GC(3677) Reclaimed 116 empty regions
[2020-01-29T22:11:16.847+0300][108.286s][info ][gc] GC(3677) Pause Remark 188M->74M(256M) 0.644ms
[2020-01-29T22:11:16.861+0300][108.301s][info ][gc] GC(3679) Pause Young (Normal) (G1 Evacuation Pause) 84M->85M(256M) 10.204ms
[2020-01-29T22:11:16.910+0300][108.350s][info ][gc] GC(3680) Pause Young (Normal) (G1 Evacuation Pause) 130M->131M(256M) 31.576ms
[2020-01-29T22:11:16.972+0300][108.412s][info ][gc] GC(3681) Pause Young (Normal) (G1 Evacuation Pause) 181M->182M(256M) 39.356ms
[2020-01-29T22:11:16.975+0300][108.416s][info ][gc] GC(3677) Pause Cleanup 191M->191M(256M) 0.040ms
[2020-01-29T22:11:16.976+0300][108.416s][info ][gc] GC(3677) Concurrent Cycle 163.530ms
[2020-01-29T22:11:17.007+0300][108.447s][info ][gc] GC(3682) Pause Young (Normal) (G1 Evacuation Pause) 196M->197M(256M) 28.555ms
[2020-01-29T22:11:17.021+0300][108.461s][info ][gc] GC(3683) Pause Young (Concurrent Start) (G1 Evacuation Pause) 207M->208M(256M) 10.091ms
[2020-01-29T22:11:17.021+0300][108.461s][info ][gc] GC(3684) Concurrent Cycle
[2020-01-29T22:11:17.035+0300][108.475s][info ][gc] GC(3685) Pause Young (Normal) (G1 Evacuation Pause) 218M->219M(256M) 7.231ms
[2020-01-29T22:11:17.047+0300][108.487s][info ][gc] GC(3686) Pause Young (Normal) (G1 Evacuation Pause) 229M->230M(256M) 7.402ms
[2020-01-29T22:11:17.058+0300][108.498s][info ][gc] GC(3687) Pause Young (Normal) (G1 Evacuation Pause) 240M->241M(256M) 7.483ms
[2020-01-29T22:11:17.077+0300][108.517s][info ][gc] GC(3688) To-space exhausted
[2020-01-29T22:11:17.077+0300][108.517s][info ][gc] GC(3688) Pause Young (Normal) (G1 Evacuation Pause) 251M->254M(256M) 15.163ms
[2020-01-29T22:11:17.084+0300][108.524s][info ][gc] GC(3689) To-space exhausted
[2020-01-29T22:11:17.084+0300][108.524s][info ][gc] GC(3689) Pause Young (Normal) (G1 Evacuation Pause) 255M->255M(256M) 6.600ms
[2020-01-29T22:11:17.085+0300][108.525s][debug][gc] GC(3690) Clear Next Bitmap 0.080ms
[2020-01-29T22:11:17.136+0300][108.576s][info ][gc] GC(3690) Pause Full (G1 Evacuation Pause) 255M->86M(256M) 51.315ms
[2020-01-29T22:11:17.136+0300][108.576s][info ][gc] GC(3684) Concurrent Cycle 115.175ms
[2020-01-29T22:11:17.178+0300][108.617s][info ][gc] GC(3691) Pause Young (Normal) (G1 Evacuation Pause) 130M->130M(256M) 24.275ms
[2020-01-29T22:11:17.197+0300][108.637s][info ][gc] GC(3692) Pause Young (Concurrent Start) (G1 Humongous Allocation) 136M->137M(256M) 6.779ms
[2020-01-29T22:11:17.197+0300][108.637s][info ][gc] GC(3693) Concurrent Cycle
[2020-01-29T22:11:17.208+0300][108.648s][debug][gc] GC(3693) Reclaimed 122 empty regions
[2020-01-29T22:11:17.208+0300][108.648s][info ][gc] GC(3693) Pause Remark 181M->61M(256M) 0.618ms
[2020-01-29T22:11:17.228+0300][108.668s][info ][gc] GC(3694) Pause Young (Normal) (G1 Evacuation Pause) 65M->61M(256M) 18.276ms
[2020-01-29T22:11:17.246+0300][108.686s][info ][gc] GC(3693) Pause Cleanup 107M->107M(256M) 0.032ms
[2020-01-29T22:11:17.247+0300][108.686s][info ][gc] GC(3693) Concurrent Cycle 49.063ms
[2020-01-29T22:11:17.290+0300][108.730s][info ][gc] GC(3695) Pause Young (Normal) (G1 Evacuation Pause) 114M->115M(256M) 40.862ms
[2020-01-29T22:11:17.340+0300][108.781s][info ][gc] GC(3696) Pause Young (Concurrent Start) (G1 Humongous Allocation) 150M->149M(256M) 26.814ms
[2020-01-29T22:11:17.341+0300][108.781s][info ][gc] GC(3697) Concurrent Cycle
[2020-01-29T22:11:17.382+0300][108.822s][info ][gc] GC(3698) Pause Young (Normal) (G1 Evacuation Pause) 194M->195M(256M) 18.859ms
[2020-01-29T22:11:17.386+0300][108.826s][debug][gc] GC(3697) Reclaimed 102 empty regions
[2020-01-29T22:11:17.386+0300][108.827s][info ][gc] GC(3697) Pause Remark 205M->103M(256M) 0.637ms
[2020-01-29T22:11:17.396+0300][108.836s][info ][gc] GC(3699) Pause Young (Normal) (G1 Evacuation Pause) 103M->104M(256M) 9.353ms
[2020-01-29T22:11:17.439+0300][108.880s][info ][gc] GC(3700) Pause Young (Normal) (G1 Evacuation Pause) 143M->143M(256M) 27.766ms
[2020-01-29T22:11:17.483+0300][108.923s][info ][gc] GC(3701) Pause Young (Normal) (G1 Evacuation Pause) 169M->170M(256M) 32.831ms
[2020-01-29T22:11:17.535+0300][108.975s][info ][gc] GC(3702) Pause Young (Normal) (G1 Evacuation Pause) 208M->209M(256M) 30.194ms
[2020-01-29T22:11:17.563+0300][109.003s][info ][gc] GC(3703) Pause Young (Normal) (G1 Evacuation Pause) 218M->219M(256M) 23.075ms
[2020-01-29T22:11:17.592+0300][109.032s][info ][gc] GC(3704) Pause Young (Normal) (G1 Evacuation Pause) 229M->230M(256M) 24.643ms
[2020-01-29T22:11:17.623+0300][109.063s][info ][gc] GC(3705) Pause Young (Normal) (G1 Evacuation Pause) 240M->241M(256M) 25.737ms
[2020-01-29T22:11:17.659+0300][109.100s][info ][gc] GC(3706) To-space exhausted
[2020-01-29T22:11:17.659+0300][109.100s][info ][gc] GC(3706) Pause Young (Normal) (G1 Evacuation Pause) 251M->255M(256M) 32.997ms
[2020-01-29T22:11:17.659+0300][109.100s][debug][gc] GC(3707) Clear Next Bitmap 0.065ms
[2020-01-29T22:11:17.692+0300][109.132s][info ][gc] GC(3707) Pause Full (G1 Evacuation Pause) 255M->64M(256M) 32.494ms
[2020-01-29T22:11:17.692+0300][109.133s][info ][gc] GC(3697) Concurrent Cycle 351.695ms
[2020-01-29T22:11:17.740+0300][109.180s][info ][gc] GC(3708) Pause Young (Normal) (G1 Evacuation Pause) 115M->115M(256M) 27.860ms
[2020-01-29T22:11:17.776+0300][109.216s][info ][gc] GC(3709) Pause Young (Concurrent Start) (G1 Humongous Allocation) 137M->138M(256M) 17.084ms
[2020-01-29T22:11:17.776+0300][109.216s][info ][gc] GC(3710) Concurrent Cycle
[2020-01-29T22:11:17.811+0300][109.251s][info ][gc] GC(3711) Pause Young (Normal) (G1 Evacuation Pause) 185M->186M(256M) 19.810ms
[2020-01-29T22:11:17.815+0300][109.255s][debug][gc] GC(3710) Reclaimed 106 empty regions
[2020-01-29T22:11:17.815+0300][109.255s][info ][gc] GC(3710) Pause Remark 195M->92M(256M) 0.613ms
[2020-01-29T22:11:17.826+0300][109.266s][info ][gc] GC(3712) Pause Young (Normal) (G1 Evacuation Pause) 94M->96M(256M) 9.698ms
[2020-01-29T22:11:17.872+0300][109.312s][info ][gc] GC(3713) Pause Young (Normal) (G1 Evacuation Pause) 137M->138M(256M) 29.721ms
[2020-01-29T22:11:17.919+0300][109.359s][info ][gc] GC(3714) Pause Young (Normal) (G1 Evacuation Pause) 166M->166M(256M) 35.614ms
[2020-01-29T22:11:17.974+0300][109.414s][info ][gc] GC(3715) Pause Young (Normal) (G1 Evacuation Pause) 205M->207M(256M) 35.603ms
[2020-01-29T22:11:18.008+0300][109.448s][info ][gc] GC(3716) Pause Young (Normal) (G1 Evacuation Pause) 216M->217M(256M) 29.510ms
[2020-01-29T22:11:18.011+0300][109.452s][info ][gc] GC(3710) Pause Cleanup 224M->224M(256M) 0.045ms
[2020-01-29T22:11:18.012+0300][109.452s][info ][gc] GC(3710) Concurrent Cycle 235.777ms
[2020-01-29T22:11:18.039+0300][109.479s][info ][gc] GC(3717) Pause Young (Normal) (G1 Evacuation Pause) 227M->228M(256M) 26.532ms
[2020-01-29T22:11:18.052+0300][109.492s][info ][gc] GC(3718) Pause Young (Concurrent Start) (G1 Evacuation Pause) 238M->239M(256M) 8.203ms
[2020-01-29T22:11:18.052+0300][109.492s][info ][gc] GC(3719) Concurrent Cycle
[2020-01-29T22:11:18.071+0300][109.511s][info ][gc] GC(3720) To-space exhausted
[2020-01-29T22:11:18.071+0300][109.511s][info ][gc] GC(3720) Pause Young (Normal) (G1 Evacuation Pause) 249M->251M(256M) 12.589ms
[2020-01-29T22:11:18.083+0300][109.523s][info ][gc] GC(3721) To-space exhausted
[2020-01-29T22:11:18.083+0300][109.523s][info ][gc] GC(3721) Pause Young (Normal) (G1 Evacuation Pause) 255M->255M(256M) 11.152ms
[2020-01-29T22:11:18.084+0300][109.524s][debug][gc] GC(3722) Clear Next Bitmap 0.075ms
[2020-01-29T22:11:18.123+0300][109.563s][info ][gc] GC(3722) Pause Full (G1 Evacuation Pause) 255M->76M(256M) 39.652ms
[2020-01-29T22:11:18.124+0300][109.563s][info ][gc] GC(3719) Concurrent Cycle 71.856ms
[2020-01-29T22:11:18.168+0300][109.608s][info ][gc] GC(3723) Pause Young (Normal) (G1 Evacuation Pause) 124M->125M(256M) 25.885ms
[2020-01-29T22:11:18.194+0300][109.633s][info ][gc] GC(3724) Pause Young (Concurrent Start) (G1 Humongous Allocation) 137M->137M(256M) 10.174ms
[2020-01-29T22:11:18.194+0300][109.634s][info ][gc] GC(3725) Concurrent Cycle
[2020-01-29T22:11:18.225+0300][109.666s][info ][gc] GC(3726) Pause Young (Normal) (G1 Evacuation Pause) 185M->186M(256M) 20.047ms
[2020-01-29T22:11:18.227+0300][109.668s][debug][gc] GC(3725) Reclaimed 116 empty regions
[2020-01-29T22:11:18.227+0300][109.668s][info ][gc] GC(3725) Pause Remark 189M->75M(256M) 0.651ms
[2020-01-29T22:11:18.241+0300][109.682s][info ][gc] GC(3727) Pause Young (Normal) (G1 Evacuation Pause) 84M->85M(256M) 10.009ms
[2020-01-29T22:11:18.292+0300][109.732s][info ][gc] GC(3728) Pause Young (Normal) (G1 Evacuation Pause) 130M->131M(256M) 33.173ms
[2020-01-29T22:11:18.341+0300][109.781s][info ][gc] GC(3729) Pause Young (Normal) (G1 Evacuation Pause) 161M->161M(256M) 37.131ms
[2020-01-29T22:11:18.357+0300][109.797s][info ][gc] GC(3725) Pause Cleanup 193M->193M(256M) 0.043ms
[2020-01-29T22:11:18.357+0300][109.797s][info ][gc] GC(3725) Concurrent Cycle 163.768ms
[2020-01-29T22:11:18.392+0300][109.832s][info ][gc] GC(3730) Pause Young (Normal) (G1 Evacuation Pause) 202M->204M(256M) 31.503ms
[2020-01-29T22:11:18.403+0300][109.843s][info ][gc] GC(3731) Pause Young (Concurrent Start) (G1 Evacuation Pause) 212M->212M(256M) 7.673ms
[2020-01-29T22:11:18.403+0300][109.843s][info ][gc] GC(3732) Concurrent Cycle
[2020-01-29T22:11:18.418+0300][109.858s][info ][gc] GC(3733) Pause Young (Normal) (G1 Evacuation Pause) 222M->223M(256M) 8.008ms
[2020-01-29T22:11:18.430+0300][109.870s][info ][gc] GC(3734) Pause Young (Normal) (G1 Evacuation Pause) 233M->234M(256M) 7.760ms
[2020-01-29T22:11:18.443+0300][109.883s][info ][gc] GC(3735) To-space exhausted
[2020-01-29T22:11:18.443+0300][109.883s][info ][gc] GC(3735) Pause Young (Normal) (G1 Evacuation Pause) 244M->247M(256M) 9.796ms
[2020-01-29T22:11:18.463+0300][109.903s][info ][gc] GC(3736) To-space exhausted
[2020-01-29T22:11:18.463+0300][109.903s][info ][gc] GC(3736) Pause Young (Normal) (G1 Evacuation Pause) 255M->255M(256M) 16.430ms
[2020-01-29T22:11:18.463+0300][109.903s][debug][gc] GC(3737) Clear Next Bitmap 0.079ms
[2020-01-29T22:11:18.513+0300][109.954s][info ][gc] GC(3737) Pause Full (G1 Evacuation Pause) 255M->88M(256M) 50.249ms
[2020-01-29T22:11:18.513+0300][109.954s][info ][gc] GC(3732) Concurrent Cycle 110.502ms
[2020-01-29T22:11:18.557+0300][109.997s][info ][gc] GC(3738) Pause Young (Normal) (G1 Evacuation Pause) 132M->132M(256M) 25.858ms
[2020-01-29T22:11:18.576+0300][110.016s][info ][gc] GC(3739) Pause Young (Concurrent Start) (G1 Humongous Allocation) 137M->138M(256M) 7.436ms
[2020-01-29T22:11:18.576+0300][110.016s][info ][gc] GC(3740) Concurrent Cycle
[2020-01-29T22:11:18.586+0300][110.026s][debug][gc] GC(3740) Reclaimed 122 empty regions
[2020-01-29T22:11:18.586+0300][110.026s][info ][gc] GC(3740) Pause Remark 179M->59M(256M) 0.629ms
[2020-01-29T22:11:18.607+0300][110.047s][info ][gc] GC(3741) Pause Young (Normal) (G1 Evacuation Pause) 65M->61M(256M) 18.552ms
[2020-01-29T22:11:18.623+0300][110.063s][info ][gc] GC(3740) Pause Cleanup 101M->101M(256M) 0.039ms
[2020-01-29T22:11:18.623+0300][110.063s][info ][gc] GC(3740) Concurrent Cycle 47.200ms
[2020-01-29T22:11:18.669+0300][110.109s][info ][gc] GC(3742) Pause Young (Normal) (G1 Evacuation Pause) 114M->115M(256M) 40.421ms
[2020-01-29T22:11:18.716+0300][110.156s][info ][gc] GC(3743) Pause Young (Concurrent Start) (G1 Humongous Allocation) 149M->149M(256M) 23.500ms
[2020-01-29T22:11:18.716+0300][110.156s][info ][gc] GC(3744) Concurrent Cycle
[2020-01-29T22:11:18.757+0300][110.197s][info ][gc] GC(3745) Pause Young (Normal) (G1 Evacuation Pause) 194M->195M(256M) 18.784ms
[2020-01-29T22:11:18.761+0300][110.202s][debug][gc] GC(3744) Reclaimed 100 empty regions
[2020-01-29T22:11:18.761+0300][110.202s][info ][gc] GC(3744) Pause Remark 205M->105M(256M) 0.634ms
[2020-01-29T22:11:18.771+0300][110.211s][info ][gc] GC(3746) Pause Young (Normal) (G1 Evacuation Pause) 105M->106M(256M) 9.443ms
[2020-01-29T22:11:18.813+0300][110.253s][info ][gc] GC(3747) Pause Young (Normal) (G1 Evacuation Pause) 144M->145M(256M) 26.821ms
[2020-01-29T22:11:18.856+0300][110.296s][info ][gc] GC(3748) Pause Young (Normal) (G1 Evacuation Pause) 171M->171M(256M) 32.168ms
[2020-01-29T22:11:18.910+0300][110.349s][info ][gc] GC(3749) Pause Young (Normal) (G1 Evacuation Pause) 209M->210M(256M) 35.095ms
[2020-01-29T22:11:18.946+0300][110.386s][info ][gc] GC(3750) Pause Young (Normal) (G1 Evacuation Pause) 219M->220M(256M) 31.917ms
[2020-01-29T22:11:18.979+0300][110.419s][info ][gc] GC(3751) Pause Young (Normal) (G1 Evacuation Pause) 230M->231M(256M) 29.043ms
[2020-01-29T22:11:19.013+0300][110.454s][info ][gc] GC(3752) Pause Young (Normal) (G1 Evacuation Pause) 241M->242M(256M) 30.488ms
[2020-01-29T22:11:19.055+0300][110.496s][info ][gc] GC(3753) To-space exhausted
[2020-01-29T22:11:19.055+0300][110.496s][info ][gc] GC(3753) Pause Young (Normal) (G1 Evacuation Pause) 252M->254M(256M) 36.470ms
[2020-01-29T22:11:19.085+0300][110.526s][info ][gc] GC(3754) To-space exhausted
[2020-01-29T22:11:19.085+0300][110.526s][info ][gc] GC(3754) Pause Young (Normal) (G1 Evacuation Pause) 255M->255M(256M) 26.552ms
[2020-01-29T22:11:19.086+0300][110.526s][debug][gc] GC(3755) Clear Next Bitmap 0.064ms
[2020-01-29T22:11:19.118+0300][110.559s][info ][gc] GC(3755) Pause Full (G1 Evacuation Pause) 255M->64M(256M) 32.821ms
[2020-01-29T22:11:19.119+0300][110.559s][info ][gc] GC(3744) Concurrent Cycle 402.905ms
[2020-01-29T22:11:19.168+0300][110.608s][info ][gc] GC(3756) Pause Young (Normal) (G1 Evacuation Pause) 116M->116M(256M) 29.050ms
[2020-01-29T22:11:19.202+0300][110.642s][info ][gc] GC(3757) Pause Young (Concurrent Start) (G1 Humongous Allocation) 137M->137M(256M) 15.265ms
[2020-01-29T22:11:19.202+0300][110.642s][info ][gc] GC(3758) Concurrent Cycle
[2020-01-29T22:11:19.237+0300][110.677s][info ][gc] GC(3759) Pause Young (Normal) (G1 Evacuation Pause) 185M->186M(256M) 20.376ms
[2020-01-29T22:11:19.241+0300][110.681s][debug][gc] GC(3758) Reclaimed 106 empty regions
[2020-01-29T22:11:19.241+0300][110.681s][info ][gc] GC(3758) Pause Remark 195M->91M(256M) 0.616ms
[2020-01-29T22:11:19.254+0300][110.694s][info ][gc] GC(3760) Pause Young (Normal) (G1 Evacuation Pause) 94M->95M(256M) 11.137ms
[2020-01-29T22:11:19.301+0300][110.740s][info ][gc] GC(3761) Pause Young (Normal) (G1 Evacuation Pause) 136M->137M(256M) 30.240ms
[2020-01-29T22:11:19.351+0300][110.792s][info ][gc] GC(3762) Pause Young (Normal) (G1 Evacuation Pause) 165M->166M(256M) 33.225ms
[2020-01-29T22:11:19.401+0300][110.841s][info ][gc] GC(3763) Pause Young (Normal) (G1 Evacuation Pause) 205M->206M(256M) 29.611ms
[2020-01-29T22:11:19.403+0300][110.844s][info ][gc] GC(3758) Pause Cleanup 210M->210M(256M) 0.054ms
[2020-01-29T22:11:19.403+0300][110.844s][info ][gc] GC(3758) Concurrent Cycle 201.727ms
[2020-01-29T22:11:19.426+0300][110.866s][info ][gc] GC(3764) Pause Young (Normal) (G1 Evacuation Pause) 215M->215M(256M) 20.840ms
[2020-01-29T22:11:19.438+0300][110.879s][info ][gc] GC(3765) Pause Young (Concurrent Start) (G1 Evacuation Pause) 225M->226M(256M) 8.248ms
[2020-01-29T22:11:19.438+0300][110.879s][info ][gc] GC(3766) Concurrent Cycle
[2020-01-29T22:11:19.453+0300][110.893s][info ][gc] GC(3767) Pause Young (Normal) (G1 Evacuation Pause) 236M->236M(256M) 8.023ms
[2020-01-29T22:11:19.467+0300][110.908s][info ][gc] GC(3768) To-space exhausted
[2020-01-29T22:11:19.467+0300][110.908s][info ][gc] GC(3768) Pause Young (Normal) (G1 Evacuation Pause) 246M->249M(256M) 10.656ms
[2020-01-29T22:11:19.483+0300][110.923s][info ][gc] GC(3769) To-space exhausted
[2020-01-29T22:11:19.483+0300][110.923s][info ][gc] GC(3769) Pause Young (Normal) (G1 Evacuation Pause) 255M->255M(256M) 12.846ms
[2020-01-29T22:11:19.483+0300][110.923s][debug][gc] GC(3770) Clear Next Bitmap 0.068ms
[2020-01-29T22:11:19.533+0300][110.973s][info ][gc] GC(3770) Pause Full (G1 Evacuation Pause) 255M->80M(256M) 49.886ms
[2020-01-29T22:11:19.533+0300][110.973s][info ][gc] GC(3766) Concurrent Cycle 94.733ms
[2020-01-29T22:11:19.580+0300][111.020s][info ][gc] GC(3771) Pause Young (Normal) (G1 Evacuation Pause) 127M->127M(256M) 27.813ms
[2020-01-29T22:11:19.605+0300][111.045s][info ][gc] GC(3772) Pause Young (Concurrent Start) (G1 Humongous Allocation) 137M->137M(256M) 10.096ms
[2020-01-29T22:11:19.605+0300][111.045s][info ][gc] GC(3773) Concurrent Cycle
[2020-01-29T22:11:19.617+0300][111.057s][debug][gc] GC(3773) Reclaimed 118 empty regions
[2020-01-29T22:11:19.617+0300][111.057s][info ][gc] GC(3773) Pause Remark 184M->68M(256M) 0.621ms
[2020-01-29T22:11:19.636+0300][111.076s][info ][gc] GC(3774) Pause Young (Normal) (G1 Evacuation Pause) 68M->64M(256M) 17.902ms
[2020-01-29T22:11:19.698+0300][111.138s][info ][gc] GC(3775) Pause Young (Normal) (G1 Evacuation Pause) 115M->116M(256M) 41.958ms
[2020-01-29T22:11:19.701+0300][111.141s][info ][gc] GC(3773) Pause Cleanup 123M->123M(256M) 0.039ms
[2020-01-29T22:11:19.701+0300][111.141s][info ][gc] GC(3773) Concurrent Cycle 96.786ms
[2020-01-29T22:11:19.751+0300][111.191s][info ][gc] GC(3776) Pause Young (Normal) (G1 Evacuation Pause) 151M->151M(256M) 38.691ms
[2020-01-29T22:11:19.767+0300][111.207s][info ][gc] GC(3777) Pause Young (Concurrent Start) (G1 Humongous Allocation) 152M->154M(256M) 5.687ms
[2020-01-29T22:11:19.767+0300][111.207s][info ][gc] GC(3778) Concurrent Cycle
[2020-01-29T22:11:19.775+0300][111.215s][debug][gc] GC(3778) Reclaimed 139 empty regions
[2020-01-29T22:11:19.776+0300][111.216s][info ][gc] GC(3778) Pause Remark 191M->52M(256M) 0.635ms
[2020-01-29T22:11:19.793+0300][111.233s][info ][gc] GC(3779) Pause Young (Normal) (G1 Evacuation Pause) 58M->57M(256M) 15.340ms
[2020-01-29T22:11:19.809+0300][111.249s][info ][gc] GC(3778) Pause Cleanup 97M->97M(256M) 0.037ms
[2020-01-29T22:11:19.809+0300][111.249s][info ][gc] GC(3778) Concurrent Cycle 41.881ms
[2020-01-29T22:11:19.853+0300][111.293s][info ][gc] GC(3780) Pause Young (Normal) (G1 Evacuation Pause) 110M->111M(256M) 38.436ms
[2020-01-29T22:11:19.891+0300][111.332s][info ][gc] GC(3781) Pause Young (Concurrent Start) (G1 Evacuation Pause) 147M->147M(256M) 24.629ms
[2020-01-29T22:11:19.892+0300][111.332s][info ][gc] GC(3782) Concurrent Cycle
[2020-01-29T22:11:19.934+0300][111.374s][info ][gc] GC(3783) Pause Young (Normal) (G1 Evacuation Pause) 192M->193M(256M) 18.816ms
[2020-01-29T22:11:19.948+0300][111.388s][info ][gc] GC(3784) Pause Young (Normal) (G1 Evacuation Pause) 204M->205M(256M) 9.168ms
[2020-01-29T22:11:19.960+0300][111.400s][info ][gc] GC(3785) Pause Young (Normal) (G1 Evacuation Pause) 215M->215M(256M) 8.020ms
[2020-01-29T22:11:19.972+0300][111.412s][info ][gc] GC(3786) Pause Young (Normal) (G1 Evacuation Pause) 225M->226M(256M) 8.058ms
[2020-01-29T22:11:19.984+0300][111.424s][info ][gc] GC(3787) Pause Young (Normal) (G1 Evacuation Pause) 236M->237M(256M) 8.009ms
[2020-01-29T22:11:20.001+0300][111.441s][info ][gc] GC(3788) To-space exhausted
[2020-01-29T22:11:20.001+0300][111.441s][info ][gc] GC(3788) Pause Young (Normal) (G1 Evacuation Pause) 247M->250M(256M) 11.970ms
[2020-01-29T22:11:20.015+0300][111.455s][info ][gc] GC(3789) To-space exhausted
[2020-01-29T22:11:20.015+0300][111.455s][info ][gc] GC(3789) Pause Young (Normal) (G1 Evacuation Pause) 255M->255M(256M) 12.561ms
[2020-01-29T22:11:20.016+0300][111.456s][debug][gc] GC(3790) Clear Next Bitmap 0.069ms
[2020-01-29T22:11:20.076+0300][111.516s][info ][gc] GC(3790) Pause Full (G1 Evacuation Pause) 255M->99M(256M) 60.731ms
[2020-01-29T22:11:20.077+0300][111.516s][info ][gc] GC(3782) Concurrent Cycle 184.760ms
[2020-01-29T22:11:20.122+0300][111.562s][info ][gc] GC(3791) Pause Young (Concurrent Start) (G1 Humongous Allocation) 136M->136M(256M) 20.948ms
[2020-01-29T22:11:20.122+0300][111.562s][info ][gc] GC(3792) Concurrent Cycle
[2020-01-29T22:11:20.161+0300][111.601s][info ][gc] GC(3793) Pause Young (Normal) (G1 Evacuation Pause) 184M->185M(256M) 19.739ms
[2020-01-29T22:11:20.165+0300][111.606s][debug][gc] GC(3792) Reclaimed 97 empty regions
[2020-01-29T22:11:20.165+0300][111.606s][info ][gc] GC(3792) Pause Remark 195M->100M(256M) 0.616ms
[2020-01-29T22:11:20.178+0300][111.619s][info ][gc] GC(3794) Pause Young (Normal) (G1 Evacuation Pause) 103M->104M(256M) 11.443ms
[2020-01-29T22:11:20.223+0300][111.663s][info ][gc] GC(3795) Pause Young (Normal) (G1 Evacuation Pause) 143M->144M(256M) 28.964ms
[2020-01-29T22:11:20.267+0300][111.707s][info ][gc] GC(3796) Pause Young (Normal) (G1 Evacuation Pause) 170M->170M(256M) 33.433ms
[2020-01-29T22:11:20.316+0300][111.757s][info ][gc] GC(3797) Pause Young (Normal) (G1 Evacuation Pause) 208M->209M(256M) 30.764ms
[2020-01-29T22:11:20.348+0300][111.788s][info ][gc] GC(3798) Pause Young (Normal) (G1 Evacuation Pause) 218M->218M(256M) 24.416ms
[2020-01-29T22:11:20.377+0300][111.818s][info ][gc] GC(3799) Pause Young (Normal) (G1 Evacuation Pause) 228M->229M(256M) 25.088ms
[2020-01-29T22:11:20.380+0300][111.820s][info ][gc] GC(3792) Pause Cleanup 235M->235M(256M) 0.049ms
[2020-01-29T22:11:20.380+0300][111.820s][info ][gc] GC(3792) Concurrent Cycle 258.305ms
[2020-01-29T22:11:20.406+0300][111.846s][info ][gc] GC(3800) Pause Young (Normal) (G1 Evacuation Pause) 239M->240M(256M) 23.847ms
[2020-01-29T22:11:20.425+0300][111.865s][info ][gc] GC(3801) To-space exhausted
[2020-01-29T22:11:20.425+0300][111.865s][info ][gc] GC(3801) Pause Young (Concurrent Start) (G1 Evacuation Pause) 250M->252M(256M) 14.855ms
[2020-01-29T22:11:20.425+0300][111.865s][info ][gc] GC(3802) Concurrent Cycle
[2020-01-29T22:11:20.438+0300][111.878s][info ][gc] GC(3803) To-space exhausted
[2020-01-29T22:11:20.438+0300][111.878s][info ][gc] GC(3803) Pause Young (Normal) (G1 Evacuation Pause) 255M->255M(256M) 9.970ms
[2020-01-29T22:11:20.438+0300][111.878s][debug][gc] GC(3804) Clear Next Bitmap 0.075ms
[2020-01-29T22:11:20.475+0300][111.916s][info ][gc] GC(3804) Pause Full (G1 Evacuation Pause) 255M->72M(256M) 37.768ms
[2020-01-29T22:11:20.475+0300][111.916s][info ][gc] GC(3802) Concurrent Cycle 51.053ms
[2020-01-29T22:11:20.525+0300][111.965s][info ][gc] GC(3805) Pause Young (Normal) (G1 Evacuation Pause) 121M->121M(256M) 29.379ms
[2020-01-29T22:11:20.555+0300][111.995s][info ][gc] GC(3806) Pause Young (Concurrent Start) (G1 Humongous Allocation) 137M->137M(256M) 13.428ms
[2020-01-29T22:11:20.555+0300][111.995s][info ][gc] GC(3807) Concurrent Cycle
[2020-01-29T22:11:20.588+0300][112.027s][info ][gc] GC(3808) Pause Young (Normal) (G1 Evacuation Pause) 185M->186M(256M) 20.280ms
[2020-01-29T22:11:20.592+0300][112.032s][debug][gc] GC(3807) Reclaimed 110 empty regions
[2020-01-29T22:11:20.592+0300][112.032s][info ][gc] GC(3807) Pause Remark 195M->87M(256M) 0.641ms
[2020-01-29T22:11:20.604+0300][112.043s][info ][gc] GC(3809) Pause Young (Normal) (G1 Evacuation Pause) 90M->91M(256M) 10.343ms
[2020-01-29T22:11:20.652+0300][112.092s][info ][gc] GC(3810) Pause Young (Normal) (G1 Evacuation Pause) 134M->135M(256M) 31.829ms
[2020-01-29T22:11:20.701+0300][112.142s][info ][gc] GC(3811) Pause Young (Normal) (G1 Evacuation Pause) 164M->165M(256M) 37.864ms
[2020-01-29T22:11:20.758+0300][112.198s][info ][gc] GC(3812) Pause Young (Normal) (G1 Evacuation Pause) 205M->206M(256M) 36.231ms
[2020-01-29T22:11:20.761+0300][112.201s][info ][gc] GC(3807) Pause Cleanup 214M->214M(256M) 0.045ms
[2020-01-29T22:11:20.789+0300][112.229s][info ][gc] GC(3813) Pause Young (Normal) (G1 Evacuation Pause) 214M->215M(256M) 27.591ms
[2020-01-29T22:11:20.789+0300][112.229s][info ][gc] GC(3807) Concurrent Cycle 234.087ms
[2020-01-29T22:11:20.801+0300][112.241s][info ][gc] GC(3814) Pause Young (Normal) (G1 Evacuation Pause) 225M->226M(256M) 8.087ms
[2020-01-29T22:11:20.813+0300][112.253s][info ][gc] GC(3815) Pause Young (Concurrent Start) (G1 Evacuation Pause) 236M->237M(256M) 7.882ms
[2020-01-29T22:11:20.813+0300][112.253s][info ][gc] GC(3816) Concurrent Cycle
[2020-01-29T22:11:20.831+0300][112.271s][info ][gc] GC(3817) To-space exhausted
[2020-01-29T22:11:20.831+0300][112.271s][info ][gc] GC(3817) Pause Young (Normal) (G1 Evacuation Pause) 247M->251M(256M) 11.525ms
[2020-01-29T22:11:20.843+0300][112.283s][info ][gc] GC(3818) To-space exhausted
[2020-01-29T22:11:20.843+0300][112.284s][info ][gc] GC(3818) Pause Young (Normal) (G1 Evacuation Pause) 255M->255M(256M) 10.845ms
[2020-01-29T22:11:20.844+0300][112.284s][debug][gc] GC(3819) Clear Next Bitmap 0.092ms
[2020-01-29T22:11:20.887+0300][112.327s][info ][gc] GC(3819) Pause Full (G1 Evacuation Pause) 255M->80M(256M) 43.814ms
[2020-01-29T22:11:20.888+0300][112.328s][info ][gc] GC(3816) Concurrent Cycle 74.518ms
[2020-01-29T22:11:20.932+0300][112.372s][info ][gc] GC(3820) Pause Young (Normal) (G1 Evacuation Pause) 126M->126M(256M) 26.198ms
[2020-01-29T22:11:20.957+0300][112.397s][info ][gc] GC(3821) Pause Young (Concurrent Start) (G1 Humongous Allocation) 136M->137M(256M) 10.441ms
[2020-01-29T22:11:20.957+0300][112.397s][info ][gc] GC(3822) Concurrent Cycle
[2020-01-29T22:11:20.989+0300][112.429s][info ][gc] GC(3823) Pause Young (Normal) (G1 Evacuation Pause) 185M->186M(256M) 19.848ms
[2020-01-29T22:11:20.990+0300][112.429s][debug][gc] GC(3822) Reclaimed 117 empty regions
[2020-01-29T22:11:20.990+0300][112.430s][info ][gc] GC(3822) Pause Remark 186M->71M(256M) 0.629ms
[2020-01-29T22:11:21.004+0300][112.444s][info ][gc] GC(3824) Pause Young (Normal) (G1 Evacuation Pause) 83M->83M(256M) 9.648ms
[2020-01-29T22:11:21.055+0300][112.496s][info ][gc] GC(3825) Pause Young (Normal) (G1 Evacuation Pause) 128M->129M(256M) 33.971ms
[2020-01-29T22:11:21.120+0300][112.560s][info ][gc] GC(3826) Pause Young (Normal) (G1 Evacuation Pause) 180M->181M(256M) 40.625ms
[2020-01-29T22:11:21.120+0300][112.561s][info ][gc] GC(3822) Pause Cleanup 182M->182M(256M) 0.042ms
[2020-01-29T22:11:21.120+0300][112.561s][info ][gc] GC(3822) Concurrent Cycle 163.843ms
[2020-01-29T22:11:21.155+0300][112.596s][info ][gc] GC(3827) Pause Young (Normal) (G1 Evacuation Pause) 196M->197M(256M) 29.470ms
[2020-01-29T22:11:21.168+0300][112.609s][info ][gc] GC(3828) Pause Young (Concurrent Start) (G1 Evacuation Pause) 207M->208M(256M) 8.881ms
[2020-01-29T22:11:21.168+0300][112.609s][info ][gc] GC(3829) Concurrent Cycle
[2020-01-29T22:11:21.183+0300][112.624s][info ][gc] GC(3830) Pause Young (Normal) (G1 Evacuation Pause) 218M->219M(256M) 8.146ms
[2020-01-29T22:11:21.196+0300][112.636s][info ][gc] GC(3831) Pause Young (Normal) (G1 Evacuation Pause) 229M->230M(256M) 8.177ms
[2020-01-29T22:11:21.208+0300][112.648s][info ][gc] GC(3832) Pause Young (Normal) (G1 Evacuation Pause) 240M->241M(256M) 8.160ms
[2020-01-29T22:11:21.226+0300][112.666s][info ][gc] GC(3833) To-space exhausted
[2020-01-29T22:11:21.226+0300][112.667s][info ][gc] GC(3833) Pause Young (Normal) (G1 Evacuation Pause) 251M->254M(256M) 14.321ms
[2020-01-29T22:11:21.234+0300][112.674s][info ][gc] GC(3834) To-space exhausted
[2020-01-29T22:11:21.234+0300][112.674s][info ][gc] GC(3834) Pause Young (Normal) (G1 Evacuation Pause) 255M->255M(256M) 7.041ms
[2020-01-29T22:11:21.234+0300][112.674s][debug][gc] GC(3835) Clear Next Bitmap 0.078ms
[2020-01-29T22:11:21.283+0300][112.723s][info ][gc] GC(3835) Pause Full (G1 Evacuation Pause) 255M->88M(256M) 48.395ms
[2020-01-29T22:11:21.283+0300][112.723s][info ][gc] GC(3829) Concurrent Cycle 114.275ms
[2020-01-29T22:11:21.324+0300][112.764s][info ][gc] GC(3836) Pause Young (Normal) (G1 Evacuation Pause) 132M->132M(256M) 24.358ms
[2020-01-29T22:11:21.344+0300][112.784s][info ][gc] GC(3837) Pause Young (Concurrent Start) (G1 Humongous Allocation) 137M->137M(256M) 7.300ms
[2020-01-29T22:11:21.344+0300][112.784s][info ][gc] GC(3838) Concurrent Cycle
[2020-01-29T22:11:21.354+0300][112.793s][debug][gc] GC(3838) Reclaimed 123 empty regions
[2020-01-29T22:11:21.354+0300][112.793s][info ][gc] GC(3838) Pause Remark 178M->56M(256M) 0.697ms
[2020-01-29T22:11:21.374+0300][112.814s][info ][gc] GC(3839) Pause Young (Normal) (G1 Evacuation Pause) 63M->59M(256M) 17.704ms
[2020-01-29T22:11:21.389+0300][112.829s][info ][gc] GC(3838) Pause Cleanup 97M->97M(256M) 0.036ms
[2020-01-29T22:11:21.390+0300][112.829s][info ][gc] GC(3838) Concurrent Cycle 45.527ms
[2020-01-29T22:11:21.435+0300][112.875s][info ][gc] GC(3840) Pause Young (Normal) (G1 Evacuation Pause) 112M->113M(256M) 39.915ms
[2020-01-29T22:11:21.482+0300][112.922s][info ][gc] GC(3841) Pause Young (Concurrent Start) (G1 Humongous Allocation) 147M->147M(256M) 23.540ms
[2020-01-29T22:11:21.482+0300][112.922s][info ][gc] GC(3842) Concurrent Cycle
[2020-01-29T22:11:21.524+0300][112.964s][info ][gc] GC(3843) Pause Young (Normal) (G1 Evacuation Pause) 192M->193M(256M) 19.829ms
[2020-01-29T22:11:21.529+0300][112.969s][debug][gc] GC(3842) Reclaimed 97 empty regions
[2020-01-29T22:11:21.529+0300][112.969s][info ][gc] GC(3842) Pause Remark 203M->106M(256M) 0.648ms
[2020-01-29T22:11:21.539+0300][112.979s][info ][gc] GC(3844) Pause Young (Normal) (G1 Evacuation Pause) 107M->108M(256M) 9.013ms
[2020-01-29T22:11:21.581+0300][113.021s][info ][gc] GC(3845) Pause Young (Normal) (G1 Evacuation Pause) 145M->146M(256M) 27.631ms
[2020-01-29T22:11:21.623+0300][113.063s][info ][gc] GC(3846) Pause Young (Normal) (G1 Evacuation Pause) 171M->172M(256M) 32.854ms
[2020-01-29T22:11:21.675+0300][113.116s][info ][gc] GC(3847) Pause Young (Normal) (G1 Evacuation Pause) 209M->210M(256M) 33.571ms
[2020-01-29T22:11:21.707+0300][113.147s][info ][gc] GC(3848) Pause Young (Normal) (G1 Evacuation Pause) 219M->220M(256M) 27.028ms
[2020-01-29T22:11:21.739+0300][113.179s][info ][gc] GC(3849) Pause Young (Normal) (G1 Evacuation Pause) 230M->231M(256M) 27.944ms
[2020-01-29T22:11:21.773+0300][113.213s][info ][gc] GC(3850) Pause Young (Normal) (G1 Evacuation Pause) 241M->242M(256M) 29.432ms
[2020-01-29T22:11:21.813+0300][113.253s][info ][gc] GC(3851) To-space exhausted
[2020-01-29T22:11:21.813+0300][113.254s][info ][gc] GC(3851) Pause Young (Normal) (G1 Evacuation Pause) 252M->255M(256M) 36.269ms
[2020-01-29T22:11:21.814+0300][113.254s][debug][gc] GC(3852) Clear Next Bitmap 0.058ms
[2020-01-29T22:11:21.844+0300][113.284s][info ][gc] GC(3852) Pause Full (G1 Evacuation Pause) 255M->61M(256M) 30.414ms
[2020-01-29T22:11:21.844+0300][113.284s][info ][gc] GC(3842) Concurrent Cycle 362.138ms
[2020-01-29T22:11:21.894+0300][113.334s][info ][gc] GC(3853) Pause Young (Normal) (G1 Evacuation Pause) 114M->114M(256M) 28.972ms
[2020-01-29T22:11:21.930+0300][113.370s][info ][gc] GC(3854) Pause Young (Concurrent Start) (G1 Humongous Allocation) 137M->138M(256M) 17.040ms
[2020-01-29T22:11:21.930+0300][113.370s][info ][gc] GC(3855) Concurrent Cycle
[2020-01-29T22:11:21.966+0300][113.406s][info ][gc] GC(3856) Pause Young (Normal) (G1 Evacuation Pause) 186M->187M(256M) 20.474ms
[2020-01-29T22:11:21.971+0300][113.411s][debug][gc] GC(3855) Reclaimed 103 empty regions
[2020-01-29T22:11:21.971+0300][113.411s][info ][gc] GC(3855) Pause Remark 196M->94M(256M) 0.673ms
[2020-01-29T22:11:21.983+0300][113.424s][info ][gc] GC(3857) Pause Young (Normal) (G1 Evacuation Pause) 97M->98M(256M) 11.203ms
[2020-01-29T22:11:22.029+0300][113.470s][info ][gc] GC(3858) Pause Young (Normal) (G1 Evacuation Pause) 138M->139M(256M) 30.262ms
[2020-01-29T22:11:22.073+0300][113.514s][info ][gc] GC(3859) Pause Young (Normal) (G1 Evacuation Pause) 167M->168M(256M) 32.317ms
[2020-01-29T22:11:22.123+0300][113.563s][info ][gc] GC(3860) Pause Young (Normal) (G1 Evacuation Pause) 207M->208M(256M) 29.595ms
[2020-01-29T22:11:22.150+0300][113.590s][info ][gc] GC(3861) Pause Young (Normal) (G1 Evacuation Pause) 217M->218M(256M) 23.095ms
[2020-01-29T22:11:22.179+0300][113.619s][info ][gc] GC(3862) Pause Young (Normal) (G1 Evacuation Pause) 228M->229M(256M) 24.830ms
[2020-01-29T22:11:22.179+0300][113.620s][info ][gc] GC(3855) Pause Cleanup 230M->230M(256M) 0.051ms
[2020-01-29T22:11:22.180+0300][113.620s][info ][gc] GC(3855) Concurrent Cycle 250.251ms
[2020-01-29T22:11:22.206+0300][113.647s][info ][gc] GC(3863) Pause Young (Normal) (G1 Evacuation Pause) 239M->240M(256M) 23.180ms
[2020-01-29T22:11:22.225+0300][113.665s][info ][gc] GC(3864) To-space exhausted
[2020-01-29T22:11:22.225+0300][113.665s][info ][gc] GC(3864) Pause Young (Concurrent Start) (G1 Evacuation Pause) 250M->252M(256M) 14.109ms
[2020-01-29T22:11:22.225+0300][113.665s][info ][gc] GC(3865) Concurrent Cycle
[2020-01-29T22:11:22.238+0300][113.678s][info ][gc] GC(3866) To-space exhausted
[2020-01-29T22:11:22.238+0300][113.678s][info ][gc] GC(3866) Pause Young (Normal) (G1 Evacuation Pause) 255M->255M(256M) 9.793ms
[2020-01-29T22:11:22.238+0300][113.678s][debug][gc] GC(3867) Clear Next Bitmap 0.078ms
[2020-01-29T22:11:22.278+0300][113.718s][info ][gc] GC(3867) Pause Full (G1 Evacuation Pause) 255M->77M(256M) 40.083ms
[2020-01-29T22:11:22.279+0300][113.718s][info ][gc] GC(3865) Concurrent Cycle 53.326ms
[2020-01-29T22:11:22.324+0300][113.763s][info ][gc] GC(3868) Pause Young (Normal) (G1 Evacuation Pause) 125M->125M(256M) 26.215ms
[2020-01-29T22:11:22.352+0300][113.793s][info ][gc] GC(3869) Pause Young (Concurrent Start) (G1 Humongous Allocation) 137M->137M(256M) 13.307ms
[2020-01-29T22:11:22.352+0300][113.793s][info ][gc] GC(3870) Concurrent Cycle
[2020-01-29T22:11:22.366+0300][113.806s][debug][gc] GC(3870) Reclaimed 116 empty regions
[2020-01-29T22:11:22.366+0300][113.806s][info ][gc] GC(3870) Pause Remark 184M->70M(256M) 0.644ms
[2020-01-29T22:11:22.385+0300][113.825s][info ][gc] GC(3871) Pause Young (Normal) (G1 Evacuation Pause) 71M->67M(256M) 17.965ms
[2020-01-29T22:11:22.447+0300][113.887s][info ][gc] GC(3872) Pause Young (Normal) (G1 Evacuation Pause) 117M->118M(256M) 41.108ms
[2020-01-29T22:11:22.451+0300][113.891s][info ][gc] GC(3870) Pause Cleanup 128M->128M(256M) 0.039ms
[2020-01-29T22:11:22.451+0300][113.891s][info ][gc] GC(3870) Concurrent Cycle 98.859ms
[2020-01-29T22:11:22.501+0300][113.942s][info ][gc] GC(3873) Pause Young (Normal) (G1 Evacuation Pause) 152M->153M(256M) 40.974ms
[2020-01-29T22:11:22.521+0300][113.961s][info ][gc] GC(3874) Pause Young (Concurrent Start) (G1 Humongous Allocation) 156M->157M(256M) 7.130ms
[2020-01-29T22:11:22.521+0300][113.961s][info ][gc] GC(3875) Concurrent Cycle
[2020-01-29T22:11:22.530+0300][113.971s][debug][gc] GC(3875) Reclaimed 140 empty regions
[2020-01-29T22:11:22.530+0300][113.971s][info ][gc] GC(3875) Pause Remark 197M->57M(256M) 0.638ms
[2020-01-29T22:11:22.546+0300][113.986s][info ][gc] GC(3876) Pause Young (Normal) (G1 Evacuation Pause) 59M->56M(256M) 14.890ms
[2020-01-29T22:11:22.564+0300][114.005s][info ][gc] GC(3875) Pause Cleanup 102M->102M(256M) 0.038ms
[2020-01-29T22:11:22.565+0300][114.005s][info ][gc] GC(3875) Concurrent Cycle 43.743ms
[2020-01-29T22:11:22.607+0300][114.047s][info ][gc] GC(3877) Pause Young (Normal) (G1 Evacuation Pause) 110M->111M(256M) 39.584ms
[2020-01-29T22:11:22.647+0300][114.087s][info ][gc] GC(3878) Pause Young (Concurrent Start) (G1 Evacuation Pause) 147M->147M(256M) 24.715ms
[2020-01-29T22:11:22.647+0300][114.087s][info ][gc] GC(3879) Concurrent Cycle
[2020-01-29T22:11:22.689+0300][114.129s][info ][gc] GC(3880) Pause Young (Normal) (G1 Evacuation Pause) 192M->193M(256M) 19.096ms
[2020-01-29T22:11:22.702+0300][114.142s][info ][gc] GC(3881) Pause Young (Normal) (G1 Evacuation Pause) 204M->205M(256M) 9.135ms
[2020-01-29T22:11:22.714+0300][114.154s][info ][gc] GC(3882) Pause Young (Normal) (G1 Evacuation Pause) 215M->216M(256M) 8.087ms
[2020-01-29T22:11:22.726+0300][114.167s][info ][gc] GC(3883) Pause Young (Normal) (G1 Evacuation Pause) 226M->227M(256M) 8.290ms
[2020-01-29T22:11:22.738+0300][114.179s][info ][gc] GC(3884) Pause Young (Normal) (G1 Evacuation Pause) 237M->238M(256M) 7.948ms
[2020-01-29T22:11:22.754+0300][114.195s][info ][gc] GC(3885) To-space exhausted
[2020-01-29T22:11:22.754+0300][114.195s][info ][gc] GC(3885) Pause Young (Normal) (G1 Evacuation Pause) 248M->251M(256M) 12.042ms
[2020-01-29T22:11:22.767+0300][114.208s][info ][gc] GC(3886) To-space exhausted
[2020-01-29T22:11:22.767+0300][114.208s][info ][gc] GC(3886) Pause Young (Normal) (G1 Evacuation Pause) 255M->255M(256M) 10.954ms
[2020-01-29T22:11:22.767+0300][114.208s][debug][gc] GC(3887) Clear Next Bitmap 0.094ms
[2020-01-29T22:11:22.820+0300][114.261s][info ][gc] GC(3887) Pause Full (G1 Evacuation Pause) 255M->98M(256M) 53.101ms
[2020-01-29T22:11:22.821+0300][114.261s][info ][gc] GC(3879) Concurrent Cycle 174.483ms
[2020-01-29T22:11:22.867+0300][114.307s][info ][gc] GC(3888) Pause Young (Concurrent Start) (G1 Humongous Allocation) 136M->136M(256M) 21.364ms
[2020-01-29T22:11:22.867+0300][114.307s][info ][gc] GC(3889) Concurrent Cycle
[2020-01-29T22:11:22.908+0300][114.348s][info ][gc] GC(3890) Pause Young (Normal) (G1 Evacuation Pause) 184M->185M(256M) 20.248ms
[2020-01-29T22:11:22.912+0300][114.352s][debug][gc] GC(3889) Reclaimed 98 empty regions
[2020-01-29T22:11:22.912+0300][114.352s][info ][gc] GC(3889) Pause Remark 194M->99M(256M) 0.630ms
[2020-01-29T22:11:22.924+0300][114.364s][info ][gc] GC(3891) Pause Young (Normal) (G1 Evacuation Pause) 102M->103M(256M) 10.388ms
[2020-01-29T22:11:22.967+0300][114.407s][info ][gc] GC(3892) Pause Young (Normal) (G1 Evacuation Pause) 142M->143M(256M) 27.993ms
[2020-01-29T22:11:23.011+0300][114.451s][info ][gc] GC(3893) Pause Young (Normal) (G1 Evacuation Pause) 169M->170M(256M) 33.294ms
[2020-01-29T22:11:23.061+0300][114.500s][info ][gc] GC(3894) Pause Young (Normal) (G1 Evacuation Pause) 208M->209M(256M) 30.711ms
[2020-01-29T22:11:23.089+0300][114.530s][info ][gc] GC(3895) Pause Young (Normal) (G1 Evacuation Pause) 218M->219M(256M) 25.665ms
[2020-01-29T22:11:23.120+0300][114.560s][info ][gc] GC(3896) Pause Young (Normal) (G1 Evacuation Pause) 229M->230M(256M) 26.268ms
[2020-01-29T22:11:23.126+0300][114.566s][info ][gc] GC(3889) Pause Cleanup 237M->237M(256M) 0.042ms
[2020-01-29T22:11:23.126+0300][114.566s][info ][gc] GC(3889) Concurrent Cycle 258.596ms
[2020-01-29T22:11:23.151+0300][114.591s][info ][gc] GC(3897) Pause Young (Normal) (G1 Evacuation Pause) 240M->240M(256M) 24.432ms
[2020-01-29T22:11:23.170+0300][114.610s][info ][gc] GC(3898) To-space exhausted
[2020-01-29T22:11:23.170+0300][114.610s][info ][gc] GC(3898) Pause Young (Concurrent Start) (G1 Evacuation Pause) 250M->253M(256M) 14.317ms
[2020-01-29T22:11:23.170+0300][114.610s][info ][gc] GC(3899) Concurrent Cycle
[2020-01-29T22:11:23.180+0300][114.620s][info ][gc] GC(3900) To-space exhausted
[2020-01-29T22:11:23.180+0300][114.620s][info ][gc] GC(3900) Pause Young (Normal) (G1 Evacuation Pause) 255M->255M(256M) 8.094ms
[2020-01-29T22:11:23.181+0300][114.621s][debug][gc] GC(3901) Clear Next Bitmap 0.097ms
[2020-01-29T22:11:23.224+0300][114.664s][info ][gc] GC(3901) Pause Full (G1 Evacuation Pause) 255M->71M(256M) 43.466ms
[2020-01-29T22:11:23.224+0300][114.664s][info ][gc] GC(3899) Concurrent Cycle 54.603ms
[2020-01-29T22:11:23.271+0300][114.711s][info ][gc] GC(3902) Pause Young (Normal) (G1 Evacuation Pause) 120M->120M(256M) 27.506ms
[2020-01-29T22:11:23.302+0300][114.742s][info ][gc] GC(3903) Pause Young (Concurrent Start) (G1 Humongous Allocation) 137M->137M(256M) 14.064ms
[2020-01-29T22:11:23.302+0300][114.742s][info ][gc] GC(3904) Concurrent Cycle
[2020-01-29T22:11:23.335+0300][114.776s][info ][gc] GC(3905) Pause Young (Normal) (G1 Evacuation Pause) 185M->186M(256M) 20.431ms
[2020-01-29T22:11:23.340+0300][114.781s][debug][gc] GC(3904) Reclaimed 110 empty regions
[2020-01-29T22:11:23.340+0300][114.781s][info ][gc] GC(3904) Pause Remark 192M->84M(256M) 0.649ms
[2020-01-29T22:11:23.353+0300][114.793s][info ][gc] GC(3906) Pause Young (Normal) (G1 Evacuation Pause) 90M->90M(256M) 10.107ms
[2020-01-29T22:11:23.401+0300][114.842s][info ][gc] GC(3907) Pause Young (Normal) (G1 Evacuation Pause) 133M->134M(256M) 31.162ms
[2020-01-29T22:11:23.451+0300][114.891s][info ][gc] GC(3908) Pause Young (Normal) (G1 Evacuation Pause) 163M->164M(256M) 37.570ms
[2020-01-29T22:11:23.507+0300][114.947s][info ][gc] GC(3909) Pause Young (Normal) (G1 Evacuation Pause) 204M->205M(256M) 37.038ms
[2020-01-29T22:11:23.511+0300][114.951s][info ][gc] GC(3904) Pause Cleanup 212M->212M(256M) 0.050ms
[2020-01-29T22:11:23.511+0300][114.951s][info ][gc] GC(3904) Concurrent Cycle 208.807ms
[2020-01-29T22:11:23.544+0300][114.984s][info ][gc] GC(3910) Pause Young (Normal) (G1 Evacuation Pause) 213M->213M(256M) 32.818ms
[2020-01-29T22:11:23.556+0300][114.996s][info ][gc] GC(3911) Pause Young (Concurrent Start) (G1 Evacuation Pause) 223M->224M(256M) 8.062ms
[2020-01-29T22:11:23.557+0300][114.996s][info ][gc] GC(3912) Concurrent Cycle
[2020-01-29T22:11:23.571+0300][115.011s][info ][gc] GC(3913) Pause Young (Normal) (G1 Evacuation Pause) 234M->235M(256M) 7.834ms
[2020-01-29T22:11:23.585+0300][115.025s][info ][gc] GC(3914) To-space exhausted
[2020-01-29T22:11:23.585+0300][115.025s][info ][gc] GC(3914) Pause Young (Normal) (G1 Evacuation Pause) 245M->248M(256M) 9.943ms
[2020-01-29T22:11:23.602+0300][115.042s][info ][gc] GC(3915) To-space exhausted
[2020-01-29T22:11:23.602+0300][115.042s][info ][gc] GC(3915) Pause Young (Normal) (G1 Evacuation Pause) 255M->255M(256M) 14.171ms
[2020-01-29T22:11:23.602+0300][115.042s][debug][gc] GC(3916) Clear Next Bitmap 0.075ms
[2020-01-29T22:11:23.651+0300][115.091s][info ][gc] GC(3916) Pause Full (G1 Evacuation Pause) 255M->83M(256M) 48.804ms
[2020-01-29T22:11:23.651+0300][115.091s][info ][gc] GC(3912) Concurrent Cycle 94.570ms
[2020-01-29T22:11:23.695+0300][115.135s][info ][gc] GC(3917) Pause Young (Normal) (G1 Evacuation Pause) 129M->129M(256M) 25.919ms
[2020-01-29T22:11:23.717+0300][115.157s][info ][gc] GC(3918) Pause Young (Concurrent Start) (G1 Humongous Allocation) 136M->137M(256M) 8.681ms
[2020-01-29T22:11:23.717+0300][115.157s][info ][gc] GC(3919) Concurrent Cycle
[2020-01-29T22:11:23.728+0300][115.169s][debug][gc] GC(3919) Reclaimed 120 empty regions
[2020-01-29T22:11:23.729+0300][115.169s][info ][gc] GC(3919) Pause Remark 183M->65M(256M) 0.640ms
[2020-01-29T22:11:23.748+0300][115.188s][info ][gc] GC(3920) Pause Young (Normal) (G1 Evacuation Pause) 67M->63M(256M) 17.768ms
[2020-01-29T22:11:23.811+0300][115.251s][info ][gc] GC(3921) Pause Young (Normal) (G1 Evacuation Pause) 115M->116M(256M) 42.654ms
[2020-01-29T22:11:23.811+0300][115.251s][info ][gc] GC(3919) Pause Cleanup 117M->117M(256M) 0.035ms
[2020-01-29T22:11:23.811+0300][115.252s][info ][gc] GC(3919) Concurrent Cycle 94.362ms
[2020-01-29T22:11:23.877+0300][115.318s][info ][gc] GC(3922) Pause Young (Concurrent Start) (G1 Humongous Allocation) 151M->152M(256M) 42.555ms
[2020-01-29T22:11:23.877+0300][115.318s][info ][gc] GC(3923) Concurrent Cycle
[2020-01-29T22:11:23.918+0300][115.358s][info ][gc] GC(3924) Pause Young (Normal) (G1 Evacuation Pause) 196M->197M(256M) 18.166ms
[2020-01-29T22:11:23.923+0300][115.363s][debug][gc] GC(3923) Reclaimed 104 empty regions
[2020-01-29T22:11:23.923+0300][115.363s][info ][gc] GC(3923) Pause Remark 207M->103M(256M) 0.645ms
[2020-01-29T22:11:23.933+0300][115.373s][info ][gc] GC(3925) Pause Young (Normal) (G1 Evacuation Pause) 103M->104M(256M) 9.474ms
[2020-01-29T22:11:23.976+0300][115.415s][info ][gc] GC(3926) Pause Young (Normal) (G1 Evacuation Pause) 143M->144M(256M) 27.146ms
[2020-01-29T22:11:24.020+0300][115.460s][info ][gc] GC(3927) Pause Young (Normal) (G1 Evacuation Pause) 170M->171M(256M) 33.180ms
[2020-01-29T22:11:24.070+0300][115.510s][info ][gc] GC(3928) Pause Young (Normal) (G1 Evacuation Pause) 209M->210M(256M) 32.217ms
[2020-01-29T22:11:24.099+0300][115.540s][info ][gc] GC(3929) Pause Young (Normal) (G1 Evacuation Pause) 219M->220M(256M) 25.448ms
[2020-01-29T22:11:24.130+0300][115.570s][info ][gc] GC(3930) Pause Young (Normal) (G1 Evacuation Pause) 230M->230M(256M) 26.778ms
[2020-01-29T22:11:24.163+0300][115.603s][info ][gc] GC(3931) Pause Young (Normal) (G1 Evacuation Pause) 240M->241M(256M) 28.177ms
[2020-01-29T22:11:24.203+0300][115.643s][info ][gc] GC(3932) To-space exhausted
[2020-01-29T22:11:24.203+0300][115.643s][info ][gc] GC(3932) Pause Young (Normal) (G1 Evacuation Pause) 251M->255M(256M) 35.573ms
[2020-01-29T22:11:24.203+0300][115.643s][debug][gc] GC(3933) Clear Next Bitmap 0.067ms
[2020-01-29T22:11:24.240+0300][115.680s][info ][gc] GC(3933) Pause Full (G1 Evacuation Pause) 255M->63M(256M) 37.422ms
[2020-01-29T22:11:24.241+0300][115.681s][info ][gc] GC(3923) Concurrent Cycle 362.757ms
[2020-01-29T22:11:24.290+0300][115.730s][info ][gc] GC(3934) Pause Young (Normal) (G1 Evacuation Pause) 115M->115M(256M) 28.831ms
[2020-01-29T22:11:24.326+0300][115.765s][info ][gc] GC(3935) Pause Young (Concurrent Start) (G1 Humongous Allocation) 137M->138M(256M) 16.971ms
[2020-01-29T22:11:24.326+0300][115.766s][info ][gc] GC(3936) Concurrent Cycle
[2020-01-29T22:11:24.361+0300][115.801s][info ][gc] GC(3937) Pause Young (Normal) (G1 Evacuation Pause) 186M->187M(256M) 20.022ms
[2020-01-29T22:11:24.365+0300][115.805s][debug][gc] GC(3936) Reclaimed 104 empty regions
[2020-01-29T22:11:24.365+0300][115.805s][info ][gc] GC(3936) Pause Remark 196M->93M(256M) 0.651ms
[2020-01-29T22:11:24.378+0300][115.818s][info ][gc] GC(3938) Pause Young (Normal) (G1 Evacuation Pause) 96M->97M(256M) 11.211ms
[2020-01-29T22:11:24.424+0300][115.865s][info ][gc] GC(3939) Pause Young (Normal) (G1 Evacuation Pause) 138M->140M(256M) 30.304ms
[2020-01-29T22:11:24.469+0300][115.910s][info ][gc] GC(3940) Pause Young (Normal) (G1 Evacuation Pause) 167M->168M(256M) 34.449ms
[2020-01-29T22:11:24.522+0300][115.962s][info ][gc] GC(3941) Pause Young (Normal) (G1 Evacuation Pause) 207M->208M(256M) 33.448ms
[2020-01-29T22:11:24.559+0300][115.999s][info ][gc] GC(3942) Pause Young (Normal) (G1 Evacuation Pause) 217M->218M(256M) 29.903ms
[2020-01-29T22:11:24.561+0300][116.001s][info ][gc] GC(3936) Pause Cleanup 224M->224M(256M) 0.050ms
[2020-01-29T22:11:24.561+0300][116.001s][info ][gc] GC(3936) Concurrent Cycle 235.819ms
[2020-01-29T22:11:24.587+0300][116.027s][info ][gc] GC(3943) Pause Young (Normal) (G1 Evacuation Pause) 228M->229M(256M) 24.071ms
[2020-01-29T22:11:24.600+0300][116.040s][info ][gc] GC(3944) Pause Young (Concurrent Start) (G1 Evacuation Pause) 239M->240M(256M) 8.264ms
[2020-01-29T22:11:24.600+0300][116.040s][info ][gc] GC(3945) Concurrent Cycle
[2020-01-29T22:11:24.619+0300][116.059s][info ][gc] GC(3946) To-space exhausted
[2020-01-29T22:11:24.619+0300][116.059s][info ][gc] GC(3946) Pause Young (Normal) (G1 Evacuation Pause) 250M->252M(256M) 13.197ms
[2020-01-29T22:11:24.630+0300][116.070s][info ][gc] GC(3947) To-space exhausted
[2020-01-29T22:11:24.630+0300][116.071s][info ][gc] GC(3947) Pause Young (Normal) (G1 Evacuation Pause) 255M->255M(256M) 9.786ms
[2020-01-29T22:11:24.631+0300][116.071s][debug][gc] GC(3948) Clear Next Bitmap 0.080ms
[2020-01-29T22:11:24.672+0300][116.112s][info ][gc] GC(3948) Pause Full (G1 Evacuation Pause) 255M->76M(256M) 41.063ms
[2020-01-29T22:11:24.672+0300][116.112s][info ][gc] GC(3945) Concurrent Cycle 72.210ms
[2020-01-29T22:11:24.717+0300][116.157s][info ][gc] GC(3949) Pause Young (Normal) (G1 Evacuation Pause) 124M->124M(256M) 26.106ms
[2020-01-29T22:11:24.743+0300][116.183s][info ][gc] GC(3950) Pause Young (Concurrent Start) (G1 Humongous Allocation) 136M->137M(256M) 10.842ms
[2020-01-29T22:11:24.743+0300][116.183s][info ][gc] GC(3951) Concurrent Cycle
[2020-01-29T22:11:24.775+0300][116.215s][info ][gc] GC(3952) Pause Young (Normal) (G1 Evacuation Pause) 185M->186M(256M) 19.756ms
[2020-01-29T22:11:24.778+0300][116.217s][debug][gc] GC(3951) Reclaimed 116 empty regions
[2020-01-29T22:11:24.778+0300][116.217s][info ][gc] GC(3951) Pause Remark 190M->76M(256M) 0.627ms
[2020-01-29T22:11:24.790+0300][116.230s][info ][gc] GC(3953) Pause Young (Normal) (G1 Evacuation Pause) 84M->85M(256M) 9.810ms
[2020-01-29T22:11:24.840+0300][116.280s][info ][gc] GC(3954) Pause Young (Normal) (G1 Evacuation Pause) 130M->131M(256M) 31.890ms
[2020-01-29T22:11:24.904+0300][116.344s][info ][gc] GC(3955) Pause Young (Normal) (G1 Evacuation Pause) 181M->182M(256M) 40.374ms
[2020-01-29T22:11:24.908+0300][116.348s][info ][gc] GC(3951) Pause Cleanup 191M->191M(256M) 0.044ms
[2020-01-29T22:11:24.908+0300][116.348s][info ][gc] GC(3951) Concurrent Cycle 164.901ms
[2020-01-29T22:11:24.939+0300][116.379s][info ][gc] GC(3956) Pause Young (Normal) (G1 Evacuation Pause) 196M->198M(256M) 28.855ms
[2020-01-29T22:11:24.950+0300][116.390s][info ][gc] GC(3957) Pause Young (Concurrent Start) (G1 Evacuation Pause) 207M->207M(256M) 6.701ms
[2020-01-29T22:11:24.950+0300][116.390s][info ][gc] GC(3958) Concurrent Cycle
[2020-01-29T22:11:24.964+0300][116.404s][info ][gc] GC(3959) Pause Young (Normal) (G1 Evacuation Pause) 217M->218M(256M) 8.156ms
[2020-01-29T22:11:24.976+0300][116.416s][info ][gc] GC(3960) Pause Young (Normal) (G1 Evacuation Pause) 228M->229M(256M) 8.138ms
[2020-01-29T22:11:24.988+0300][116.428s][info ][gc] GC(3961) Pause Young (Normal) (G1 Evacuation Pause) 239M->240M(256M) 7.980ms
[2020-01-29T22:11:25.005+0300][116.446s][info ][gc] GC(3962) To-space exhausted
[2020-01-29T22:11:25.005+0300][116.446s][info ][gc] GC(3962) Pause Young (Normal) (G1 Evacuation Pause) 250M->252M(256M) 13.519ms
[2020-01-29T22:11:25.017+0300][116.457s][info ][gc] GC(3963) To-space exhausted
[2020-01-29T22:11:25.017+0300][116.457s][info ][gc] GC(3963) Pause Young (Normal) (G1 Evacuation Pause) 255M->255M(256M) 10.201ms
[2020-01-29T22:11:25.017+0300][116.458s][debug][gc] GC(3964) Clear Next Bitmap 0.074ms
[2020-01-29T22:11:25.068+0300][116.508s][info ][gc] GC(3964) Pause Full (G1 Evacuation Pause) 255M->87M(256M) 50.976ms
[2020-01-29T22:11:25.068+0300][116.509s][info ][gc] GC(3958) Concurrent Cycle 119.138ms
[2020-01-29T22:11:25.110+0300][116.550s][info ][gc] GC(3965) Pause Young (Normal) (G1 Evacuation Pause) 131M->131M(256M) 24.225ms
[2020-01-29T22:11:25.130+0300][116.570s][info ][gc] GC(3966) Pause Young (Concurrent Start) (G1 Humongous Allocation) 136M->137M(256M) 7.438ms
[2020-01-29T22:11:25.130+0300][116.570s][info ][gc] GC(3967) Concurrent Cycle
[2020-01-29T22:11:25.140+0300][116.580s][debug][gc] GC(3967) Reclaimed 123 empty regions
[2020-01-29T22:11:25.140+0300][116.580s][info ][gc] GC(3967) Pause Remark 179M->58M(256M) 0.644ms
[2020-01-29T22:11:25.161+0300][116.601s][info ][gc] GC(3968) Pause Young (Normal) (G1 Evacuation Pause) 64M->60M(256M) 17.859ms
[2020-01-29T22:11:25.177+0300][116.617s][info ][gc] GC(3967) Pause Cleanup 101M->101M(256M) 0.036ms
[2020-01-29T22:11:25.177+0300][116.617s][info ][gc] GC(3967) Concurrent Cycle 46.700ms
[2020-01-29T22:11:25.222+0300][116.662s][info ][gc] GC(3969) Pause Young (Normal) (G1 Evacuation Pause) 113M->114M(256M) 40.142ms
[2020-01-29T22:11:25.269+0300][116.709s][info ][gc] GC(3970) Pause Young (Concurrent Start) (G1 Humongous Allocation) 148M->148M(256M) 23.593ms
[2020-01-29T22:11:25.269+0300][116.709s][info ][gc] GC(3971) Concurrent Cycle
[2020-01-29T22:11:25.310+0300][116.750s][info ][gc] GC(3972) Pause Young (Normal) (G1 Evacuation Pause) 193M->194M(256M) 18.866ms
[2020-01-29T22:11:25.315+0300][116.754s][debug][gc] GC(3971) Reclaimed 101 empty regions
[2020-01-29T22:11:25.315+0300][116.754s][info ][gc] GC(3971) Pause Remark 203M->102M(256M) 0.661ms
[2020-01-29T22:11:25.325+0300][116.765s][info ][gc] GC(3973) Pause Young (Normal) (G1 Evacuation Pause) 103M->104M(256M) 9.447ms
[2020-01-29T22:11:25.367+0300][116.807s][info ][gc] GC(3974) Pause Young (Normal) (G1 Evacuation Pause) 143M->144M(256M) 27.149ms
[2020-01-29T22:11:25.411+0300][116.851s][info ][gc] GC(3975) Pause Young (Normal) (G1 Evacuation Pause) 170M->171M(256M) 32.812ms
[2020-01-29T22:11:25.461+0300][116.901s][info ][gc] GC(3976) Pause Young (Normal) (G1 Evacuation Pause) 209M->210M(256M) 30.869ms
[2020-01-29T22:11:25.490+0300][116.930s][info ][gc] GC(3977) Pause Young (Normal) (G1 Evacuation Pause) 219M->220M(256M) 25.513ms
[2020-01-29T22:11:25.521+0300][116.961s][info ][gc] GC(3978) Pause Young (Normal) (G1 Evacuation Pause) 230M->231M(256M) 25.978ms
[2020-01-29T22:11:25.560+0300][117.000s][info ][gc] GC(3979) Pause Young (Normal) (G1 Evacuation Pause) 241M->242M(256M) 30.689ms
[2020-01-29T22:11:25.598+0300][117.038s][info ][gc] GC(3980) To-space exhausted
[2020-01-29T22:11:25.598+0300][117.038s][info ][gc] GC(3980) Pause Young (Normal) (G1 Evacuation Pause) 252M->255M(256M) 34.309ms
[2020-01-29T22:11:25.598+0300][117.038s][debug][gc] GC(3981) Clear Next Bitmap 0.059ms
[2020-01-29T22:11:25.631+0300][117.071s][info ][gc] GC(3981) Pause Full (G1 Evacuation Pause) 255M->63M(256M) 32.602ms
[2020-01-29T22:11:25.631+0300][117.071s][info ][gc] GC(3971) Concurrent Cycle 362.098ms
[2020-01-29T22:11:25.681+0300][117.121s][info ][gc] GC(3982) Pause Young (Normal) (G1 Evacuation Pause) 115M->115M(256M) 29.022ms
[2020-01-29T22:11:25.716+0300][117.156s][info ][gc] GC(3983) Pause Young (Concurrent Start) (G1 Humongous Allocation) 136M->137M(256M) 16.267ms
[2020-01-29T22:11:25.716+0300][117.156s][info ][gc] GC(3984) Concurrent Cycle
[2020-01-29T22:11:25.751+0300][117.191s][info ][gc] GC(3985) Pause Young (Normal) (G1 Evacuation Pause) 185M->186M(256M) 20.448ms
[2020-01-29T22:11:25.755+0300][117.196s][debug][gc] GC(3984) Reclaimed 105 empty regions
[2020-01-29T22:11:25.755+0300][117.196s][info ][gc] GC(3984) Pause Remark 195M->92M(256M) 0.637ms
[2020-01-29T22:11:25.768+0300][117.209s][info ][gc] GC(3986) Pause Young (Normal) (G1 Evacuation Pause) 95M->96M(256M) 11.279ms
[2020-01-29T22:11:25.815+0300][117.255s][info ][gc] GC(3987) Pause Young (Normal) (G1 Evacuation Pause) 137M->138M(256M) 30.316ms
[2020-01-29T22:11:25.862+0300][117.302s][info ][gc] GC(3988) Pause Young (Normal) (G1 Evacuation Pause) 166M->167M(256M) 35.701ms
[2020-01-29T22:11:25.916+0300][117.356s][info ][gc] GC(3989) Pause Young (Normal) (G1 Evacuation Pause) 206M->207M(256M) 34.700ms
[2020-01-29T22:11:25.951+0300][117.391s][info ][gc] GC(3990) Pause Young (Normal) (G1 Evacuation Pause) 216M->217M(256M) 30.759ms
[2020-01-29T22:11:25.958+0300][117.398s][info ][gc] GC(3984) Pause Cleanup 218M->218M(256M) 0.051ms
[2020-01-29T22:11:25.959+0300][117.399s][info ][gc] GC(3984) Concurrent Cycle 242.977ms
[2020-01-29T22:11:25.989+0300][117.429s][info ][gc] GC(3991) Pause Young (Normal) (G1 Evacuation Pause) 227M->228M(256M) 26.398ms
[2020-01-29T22:11:26.002+0300][117.442s][info ][gc] GC(3992) Pause Young (Concurrent Start) (G1 Evacuation Pause) 238M->239M(256M) 8.241ms
[2020-01-29T22:11:26.002+0300][117.442s][info ][gc] GC(3993) Concurrent Cycle
[2020-01-29T22:11:26.021+0300][117.461s][info ][gc] GC(3994) To-space exhausted
[2020-01-29T22:11:26.021+0300][117.461s][info ][gc] GC(3994) Pause Young (Normal) (G1 Evacuation Pause) 249M->251M(256M) 13.249ms
[2020-01-29T22:11:26.035+0300][117.475s][info ][gc] GC(3995) To-space exhausted
[2020-01-29T22:11:26.035+0300][117.475s][info ][gc] GC(3995) Pause Young (Normal) (G1 Evacuation Pause) 255M->255M(256M) 11.541ms
[2020-01-29T22:11:26.035+0300][117.475s][debug][gc] GC(3996) Clear Next Bitmap 0.072ms
[2020-01-29T22:11:26.077+0300][117.516s][info ][gc] GC(3996) Pause Full (G1 Evacuation Pause) 255M->79M(256M) 41.812ms
[2020-01-29T22:11:26.077+0300][117.517s][info ][gc] GC(3993) Concurrent Cycle 75.165ms
[2020-01-29T22:11:26.120+0300][117.561s][info ][gc] GC(3997) Pause Young (Normal) (G1 Evacuation Pause) 126M->126M(256M) 25.877ms
[2020-01-29T22:11:26.146+0300][117.587s][info ][gc] GC(3998) Pause Young (Concurrent Start) (G1 Humongous Allocation) 137M->138M(256M) 10.372ms
[2020-01-29T22:11:26.146+0300][117.587s][info ][gc] GC(3999) Concurrent Cycle
[2020-01-29T22:11:26.179+0300][117.619s][info ][gc] GC(4000) Pause Young (Normal) (G1 Evacuation Pause) 186M->186M(256M) 20.082ms
[2020-01-29T22:11:26.180+0300][117.620s][debug][gc] GC(3999) Reclaimed 117 empty regions
[2020-01-29T22:11:26.180+0300][117.620s][info ][gc] GC(3999) Pause Remark 187M->72M(256M) 0.681ms
[2020-01-29T22:11:26.194+0300][117.635s][info ][gc] GC(4001) Pause Young (Normal) (G1 Evacuation Pause) 83M->84M(256M) 9.967ms
[2020-01-29T22:11:26.246+0300][117.686s][info ][gc] GC(4002) Pause Young (Normal) (G1 Evacuation Pause) 129M->129M(256M) 33.985ms
[2020-01-29T22:11:26.310+0300][117.750s][info ][gc] GC(4003) Pause Young (Normal) (G1 Evacuation Pause) 180M->181M(256M) 39.930ms
[2020-01-29T22:11:26.311+0300][117.751s][info ][gc] GC(3999) Pause Cleanup 184M->184M(256M) 0.040ms
[2020-01-29T22:11:26.311+0300][117.752s][info ][gc] GC(3999) Concurrent Cycle 165.009ms
[2020-01-29T22:11:26.345+0300][117.785s][info ][gc] GC(4004) Pause Young (Normal) (G1 Evacuation Pause) 196M->197M(256M) 29.139ms
[2020-01-29T22:11:26.358+0300][117.798s][info ][gc] GC(4005) Pause Young (Concurrent Start) (G1 Evacuation Pause) 207M->208M(256M) 7.633ms
[2020-01-29T22:11:26.358+0300][117.798s][info ][gc] GC(4006) Concurrent Cycle
[2020-01-29T22:11:26.372+0300][117.812s][info ][gc] GC(4007) Pause Young (Normal) (G1 Evacuation Pause) 218M->219M(256M) 8.021ms
[2020-01-29T22:11:26.384+0300][117.824s][info ][gc] GC(4008) Pause Young (Normal) (G1 Evacuation Pause) 229M->230M(256M) 7.733ms
[2020-01-29T22:11:26.397+0300][117.836s][info ][gc] GC(4009) Pause Young (Normal) (G1 Evacuation Pause) 240M->240M(256M) 7.947ms
[2020-01-29T22:11:26.415+0300][117.855s][info ][gc] GC(4010) To-space exhausted
[2020-01-29T22:11:26.415+0300][117.855s][info ][gc] GC(4010) Pause Young (Normal) (G1 Evacuation Pause) 250M->253M(256M) 14.563ms
[2020-01-29T22:11:26.424+0300][117.864s][info ][gc] GC(4011) To-space exhausted
[2020-01-29T22:11:26.424+0300][117.864s][info ][gc] GC(4011) Pause Young (Normal) (G1 Evacuation Pause) 255M->255M(256M) 8.107ms
[2020-01-29T22:11:26.424+0300][117.864s][debug][gc] GC(4012) Clear Next Bitmap 0.090ms
[2020-01-29T22:11:26.473+0300][117.913s][info ][gc] GC(4012) Pause Full (G1 Evacuation Pause) 255M->89M(256M) 48.705ms
[2020-01-29T22:11:26.473+0300][117.913s][info ][gc] GC(4006) Concurrent Cycle 115.371ms
[2020-01-29T22:11:26.513+0300][117.954s][info ][gc] GC(4013) Pause Young (Normal) (G1 Evacuation Pause) 132M->132M(256M) 24.167ms
[2020-01-29T22:11:26.535+0300][117.975s][info ][gc] GC(4014) Pause Young (Concurrent Start) (G1 Humongous Allocation) 137M->138M(256M) 9.291ms
[2020-01-29T22:11:26.535+0300][117.975s][info ][gc] GC(4015) Concurrent Cycle
[2020-01-29T22:11:26.545+0300][117.986s][debug][gc] GC(4015) Reclaimed 121 empty regions
[2020-01-29T22:11:26.545+0300][117.986s][info ][gc] GC(4015) Pause Remark 179M->60M(256M) 0.682ms
[2020-01-29T22:11:26.566+0300][118.007s][info ][gc] GC(4016) Pause Young (Normal) (G1 Evacuation Pause) 67M->64M(256M) 17.990ms
[2020-01-29T22:11:26.581+0300][118.021s][info ][gc] GC(4015) Pause Cleanup 101M->101M(256M) 0.043ms
[2020-01-29T22:11:26.581+0300][118.022s][info ][gc] GC(4015) Concurrent Cycle 46.246ms
[2020-01-29T22:11:26.628+0300][118.068s][info ][gc] GC(4017) Pause Young (Normal) (G1 Evacuation Pause) 116M->117M(256M) 40.261ms
[2020-01-29T22:11:26.675+0300][118.116s][info ][gc] GC(4018) Pause Young (Concurrent Start) (G1 Humongous Allocation) 152M->152M(256M) 23.802ms
[2020-01-29T22:11:26.675+0300][118.116s][info ][gc] GC(4019) Concurrent Cycle
[2020-01-29T22:11:26.717+0300][118.157s][info ][gc] GC(4020) Pause Young (Normal) (G1 Evacuation Pause) 196M->197M(256M) 18.400ms
[2020-01-29T22:11:26.721+0300][118.161s][debug][gc] GC(4019) Reclaimed 97 empty regions
[2020-01-29T22:11:26.721+0300][118.161s][info ][gc] GC(4019) Pause Remark 205M->108M(256M) 0.639ms
[2020-01-29T22:11:26.731+0300][118.171s][info ][gc] GC(4021) Pause Young (Normal) (G1 Evacuation Pause) 110M->110M(256M) 9.333ms
[2020-01-29T22:11:26.773+0300][118.213s][info ][gc] GC(4022) Pause Young (Normal) (G1 Evacuation Pause) 147M->148M(256M) 26.955ms
[2020-01-29T22:11:26.815+0300][118.255s][info ][gc] GC(4023) Pause Young (Normal) (G1 Evacuation Pause) 173M->174M(256M) 31.742ms
[2020-01-29T22:11:26.851+0300][118.292s][info ][gc] GC(4024) Pause Young (Normal) (G1 Evacuation Pause) 191M->192M(256M) 29.977ms
[2020-01-29T22:11:26.895+0300][118.336s][info ][gc] GC(4025) Pause Young (Normal) (G1 Evacuation Pause) 223M->224M(256M) 28.016ms
[2020-01-29T22:11:26.926+0300][118.366s][info ][gc] GC(4026) Pause Young (Normal) (G1 Evacuation Pause) 234M->235M(256M) 25.824ms
[2020-01-29T22:11:26.959+0300][118.399s][info ][gc] GC(4027) To-space exhausted
[2020-01-29T22:11:26.959+0300][118.399s][info ][gc] GC(4027) Pause Young (Normal) (G1 Evacuation Pause) 245M->249M(256M) 28.901ms
[2020-01-29T22:11:26.993+0300][118.433s][info ][gc] GC(4028) To-space exhausted
[2020-01-29T22:11:26.993+0300][118.433s][info ][gc] GC(4028) Pause Young (Normal) (G1 Evacuation Pause) 255M->255M(256M) 31.353ms
[2020-01-29T22:11:26.993+0300][118.433s][debug][gc] GC(4029) Clear Next Bitmap 0.068ms
[2020-01-29T22:11:27.022+0300][118.462s][info ][gc] GC(4029) Pause Full (G1 Evacuation Pause) 255M->57M(256M) 28.782ms
[2020-01-29T22:11:27.022+0300][118.462s][info ][gc] GC(4019) Concurrent Cycle 346.459ms
[2020-01-29T22:11:27.073+0300][118.513s][info ][gc] GC(4030) Pause Young (Normal) (G1 Evacuation Pause) 111M->111M(256M) 30.128ms
[2020-01-29T22:11:27.112+0300][118.552s][info ][gc] GC(4031) Pause Young (Concurrent Start) (G1 Humongous Allocation) 137M->138M(256M) 18.218ms
[2020-01-29T22:11:27.112+0300][118.552s][info ][gc] GC(4032) Concurrent Cycle
[2020-01-29T22:11:27.150+0300][118.590s][info ][gc] GC(4033) Pause Young (Normal) (G1 Evacuation Pause) 186M->187M(256M) 20.594ms
[2020-01-29T22:11:27.154+0300][118.594s][debug][gc] GC(4032) Reclaimed 99 empty regions
[2020-01-29T22:11:27.154+0300][118.594s][info ][gc] GC(4032) Pause Remark 196M->99M(256M) 0.632ms
[2020-01-29T22:11:27.165+0300][118.605s][info ][gc] GC(4034) Pause Young (Normal) (G1 Evacuation Pause) 101M->103M(256M) 9.553ms
[2020-01-29T22:11:27.209+0300][118.648s][info ][gc] GC(4035) Pause Young (Normal) (G1 Evacuation Pause) 142M->142M(256M) 27.850ms
[2020-01-29T22:11:27.252+0300][118.692s][info ][gc] GC(4036) Pause Young (Normal) (G1 Evacuation Pause) 169M->170M(256M) 33.264ms
[2020-01-29T22:11:27.304+0300][118.745s][info ][gc] GC(4037) Pause Young (Normal) (G1 Evacuation Pause) 208M->209M(256M) 34.133ms
[2020-01-29T22:11:27.336+0300][118.776s][info ][gc] GC(4038) Pause Young (Normal) (G1 Evacuation Pause) 218M->219M(256M) 27.554ms
[2020-01-29T22:11:27.369+0300][118.810s][info ][gc] GC(4039) Pause Young (Normal) (G1 Evacuation Pause) 229M->229M(256M) 27.487ms
[2020-01-29T22:11:27.375+0300][118.815s][info ][gc] GC(4032) Pause Cleanup 237M->237M(256M) 0.050ms
[2020-01-29T22:11:27.375+0300][118.815s][info ][gc] GC(4032) Concurrent Cycle 263.221ms
[2020-01-29T22:11:27.402+0300][118.842s][info ][gc] GC(4040) Pause Young (Normal) (G1 Evacuation Pause) 239M->239M(256M) 26.480ms
[2020-01-29T22:11:27.420+0300][118.860s][info ][gc] GC(4041) To-space exhausted
[2020-01-29T22:11:27.420+0300][118.861s][info ][gc] GC(4041) Pause Young (Concurrent Start) (G1 Evacuation Pause) 249M->251M(256M) 14.206ms
[2020-01-29T22:11:27.420+0300][118.861s][info ][gc] GC(4042) Concurrent Cycle
[2020-01-29T22:11:27.435+0300][118.875s][info ][gc] GC(4043) To-space exhausted
[2020-01-29T22:11:27.435+0300][118.875s][info ][gc] GC(4043) Pause Young (Normal) (G1 Evacuation Pause) 255M->255M(256M) 11.532ms
[2020-01-29T22:11:27.435+0300][118.875s][debug][gc] GC(4044) Clear Next Bitmap 0.073ms
[2020-01-29T22:11:27.477+0300][118.917s][info ][gc] GC(4044) Pause Full (G1 Evacuation Pause) 255M->73M(256M) 41.247ms
[2020-01-29T22:11:27.477+0300][118.917s][info ][gc] GC(4042) Concurrent Cycle 56.368ms
[2020-01-29T22:11:27.524+0300][118.964s][info ][gc] GC(4045) Pause Young (Normal) (G1 Evacuation Pause) 122M->122M(256M) 27.586ms
[2020-01-29T22:11:27.554+0300][118.994s][info ][gc] GC(4046) Pause Young (Concurrent Start) (G1 Humongous Allocation) 137M->137M(256M) 14.623ms
[2020-01-29T22:11:27.554+0300][118.994s][info ][gc] GC(4047) Concurrent Cycle
[2020-01-29T22:11:27.587+0300][119.026s][info ][gc] GC(4048) Pause Young (Normal) (G1 Evacuation Pause) 185M->186M(256M) 20.121ms
[2020-01-29T22:11:27.591+0300][119.030s][debug][gc] GC(4047) Reclaimed 108 empty regions
[2020-01-29T22:11:27.591+0300][119.030s][info ][gc] GC(4047) Pause Remark 194M->86M(256M) 0.642ms
[2020-01-29T22:11:27.604+0300][119.044s][info ][gc] GC(4049) Pause Young (Normal) (G1 Evacuation Pause) 92M->93M(256M) 11.533ms
[2020-01-29T22:11:27.652+0300][119.092s][info ][gc] GC(4050) Pause Young (Normal) (G1 Evacuation Pause) 135M->136M(256M) 31.208ms
[2020-01-29T22:11:27.701+0300][119.141s][info ][gc] GC(4051) Pause Young (Normal) (G1 Evacuation Pause) 165M->165M(256M) 37.113ms
[2020-01-29T22:11:27.753+0300][119.193s][info ][gc] GC(4052) Pause Young (Normal) (G1 Evacuation Pause) 205M->206M(256M) 32.524ms
[2020-01-29T22:11:27.755+0300][119.195s][info ][gc] GC(4047) Pause Cleanup 209M->209M(256M) 0.052ms
[2020-01-29T22:11:27.755+0300][119.195s][info ][gc] GC(4047) Concurrent Cycle 201.107ms
[2020-01-29T22:11:27.782+0300][119.222s][info ][gc] GC(4053) Pause Young (Normal) (G1 Evacuation Pause) 214M->216M(256M) 24.741ms
[2020-01-29T22:11:27.794+0300][119.234s][info ][gc] GC(4054) Pause Young (Concurrent Start) (G1 Evacuation Pause) 226M->227M(256M) 7.998ms
[2020-01-29T22:11:27.794+0300][119.234s][info ][gc] GC(4055) Concurrent Cycle
[2020-01-29T22:11:27.808+0300][119.248s][info ][gc] GC(4056) Pause Young (Normal) (G1 Evacuation Pause) 237M->238M(256M) 7.234ms
[2020-01-29T22:11:27.824+0300][119.264s][info ][gc] GC(4057) To-space exhausted
[2020-01-29T22:11:27.824+0300][119.264s][info ][gc] GC(4057) Pause Young (Normal) (G1 Evacuation Pause) 248M->251M(256M) 12.159ms
[2020-01-29T22:11:27.836+0300][119.276s][info ][gc] GC(4058) To-space exhausted
[2020-01-29T22:11:27.836+0300][119.276s][info ][gc] GC(4058) Pause Young (Normal) (G1 Evacuation Pause) 255M->255M(256M) 10.838ms
[2020-01-29T22:11:27.837+0300][119.277s][debug][gc] GC(4059) Clear Next Bitmap 0.111ms
[2020-01-29T22:11:27.879+0300][119.319s][info ][gc] GC(4059) Pause Full (G1 Evacuation Pause) 255M->80M(256M) 42.576ms
[2020-01-29T22:11:27.879+0300][119.319s][info ][gc] GC(4055) Concurrent Cycle 85.278ms
[2020-01-29T22:11:27.923+0300][119.363s][info ][gc] GC(4060) Pause Young (Normal) (G1 Evacuation Pause) 126M->127M(256M) 25.907ms
[2020-01-29T22:11:27.948+0300][119.388s][info ][gc] GC(4061) Pause Young (Concurrent Start) (G1 Humongous Allocation) 137M->137M(256M) 10.477ms
[2020-01-29T22:11:27.948+0300][119.388s][info ][gc] GC(4062) Concurrent Cycle
[2020-01-29T22:11:27.980+0300][119.420s][info ][gc] GC(4063) Pause Young (Normal) (G1 Evacuation Pause) 185M->186M(256M) 20.032ms
[2020-01-29T22:11:27.981+0300][119.421s][debug][gc] GC(4062) Reclaimed 118 empty regions
[2020-01-29T22:11:27.981+0300][119.421s][info ][gc] GC(4062) Pause Remark 186M->70M(256M) 0.656ms
[2020-01-29T22:11:27.996+0300][119.436s][info ][gc] GC(4064) Pause Young (Normal) (G1 Evacuation Pause) 82M->83M(256M) 9.878ms
[2020-01-29T22:11:28.048+0300][119.488s][info ][gc] GC(4065) Pause Young (Normal) (G1 Evacuation Pause) 128M->128M(256M) 34.434ms
[2020-01-29T22:11:28.072+0300][119.512s][info ][gc] GC(4062) Pause Cleanup 158M->158M(256M) 0.040ms
[2020-01-29T22:11:28.073+0300][119.513s][info ][gc] GC(4062) Concurrent Cycle 124.665ms
[2020-01-29T22:11:28.112+0300][119.551s][info ][gc] GC(4066) Pause Young (Normal) (G1 Evacuation Pause) 179M->180M(256M) 37.585ms
[2020-01-29T22:11:28.129+0300][119.568s][info ][gc] GC(4067) Pause Young (Concurrent Start) (G1 Evacuation Pause) 195M->196M(256M) 11.123ms
[2020-01-29T22:11:28.129+0300][119.569s][info ][gc] GC(4068) Concurrent Cycle
[2020-01-29T22:11:28.147+0300][119.588s][info ][gc] GC(4069) Pause Young (Normal) (G1 Evacuation Pause) 206M->207M(256M) 8.667ms
[2020-01-29T22:11:28.157+0300][119.600s][info ][gc] GC(4070) Pause Young (Normal) (G1 Evacuation Pause) 217M->218M(256M) 8.084ms
[2020-01-29T22:11:28.172+0300][119.612s][info ][gc] GC(4071) Pause Young (Normal) (G1 Evacuation Pause) 228M->228M(256M) 7.701ms
[2020-01-29T22:11:28.182+0300][119.624s][info ][gc] GC(4072) Pause Young (Normal) (G1 Evacuation Pause) 238M->239M(256M) 7.861ms
[2020-01-29T22:11:28.197+0300][119.641s][info ][gc] GC(4073) To-space exhausted
[2020-01-29T22:11:28.197+0300][119.641s][info ][gc] GC(4073) Pause Young (Normal) (G1 Evacuation Pause) 249M->251M(256M) 12.913ms
[2020-01-29T22:11:28.212+0300][119.654s][info ][gc] GC(4074) To-space exhausted
[2020-01-29T22:11:28.212+0300][119.654s][info ][gc] GC(4074) Pause Young (Normal) (G1 Evacuation Pause) 255M->255M(256M) 11.363ms
[2020-01-29T22:11:28.212+0300][119.654s][debug][gc] GC(4075) Clear Next Bitmap 0.094ms
[2020-01-29T22:11:28.262+0300][119.703s][info ][gc] GC(4075) Pause Full (G1 Evacuation Pause) 255M->91M(256M) 49.377ms
[2020-01-29T22:11:28.262+0300][119.704s][info ][gc] GC(4068) Concurrent Cycle 135.046ms
[2020-01-29T22:11:28.302+0300][119.745s][info ][gc] GC(4076) Pause Young (Normal) (G1 Evacuation Pause) 134M->134M(256M) 24.316ms
[2020-01-29T22:11:28.327+0300][119.767s][info ][gc] GC(4077) Pause Young (Concurrent Start) (G1 Humongous Allocation) 136M->137M(256M) 5.631ms
[2020-01-29T22:11:28.327+0300][119.767s][info ][gc] GC(4078) Concurrent Cycle
[2020-01-29T22:11:28.332+0300][119.776s][debug][gc] GC(4078) Reclaimed 125 empty regions
[2020-01-29T22:11:28.332+0300][119.776s][info ][gc] GC(4078) Pause Remark 174M->51M(256M) 0.631ms
[2020-01-29T22:11:28.357+0300][119.798s][info ][gc] GC(4079) Pause Young (Normal) (G1 Evacuation Pause) 62M->60M(256M) 17.715ms
[2020-01-29T22:11:28.367+0300][119.809s][info ][gc] GC(4078) Pause Cleanup 78M->78M(256M) 0.038ms
[2020-01-29T22:11:28.367+0300][119.809s][info ][gc] GC(4078) Concurrent Cycle 42.171ms
[2020-01-29T22:11:28.422+0300][119.862s][info ][gc] GC(4080) Pause Young (Normal) (G1 Evacuation Pause) 113M->113M(256M) 38.802ms
[2020-01-29T22:11:28.462+0300][119.905s][info ][gc] GC(4081) Pause Young (Concurrent Start) (G1 Humongous Allocation) 148M->148M(256M) 23.684ms
[2020-01-29T22:11:28.462+0300][119.905s][info ][gc] GC(4082) Concurrent Cycle
[2020-01-29T22:11:28.507+0300][119.947s][info ][gc] GC(4083) Pause Young (Normal) (G1 Evacuation Pause) 193M->195M(256M) 19.605ms
[2020-01-29T22:11:28.512+0300][119.952s][debug][gc] GC(4082) Reclaimed 100 empty regions
[2020-01-29T22:11:28.512+0300][119.952s][info ][gc] GC(4082) Pause Remark 205M->105M(256M) 0.663ms
[2020-01-29T22:11:28.517+0300][119.961s][info ][gc] GC(4084) Pause Young (Normal) (G1 Evacuation Pause) 105M->106M(256M) 8.796ms
[2020-01-29T22:11:28.567+0300][120.007s][info ][gc] GC(4085) Pause Young (Normal) (G1 Evacuation Pause) 144M->145M(256M) 31.404ms
[2020-01-29T22:11:28.607+0300][120.050s][info ][gc] GC(4086) Pause Young (Normal) (G1 Evacuation Pause) 171M->171M(256M) 32.127ms
[2020-01-29T22:11:28.672+0300][120.113s][info ][gc] GC(4087) Pause Young (Normal) (G1 Evacuation Pause) 209M->210M(256M) 29.465ms
[2020-01-29T22:11:28.697+0300][120.140s][info ][gc] GC(4088) Pause Young (Normal) (G1 Evacuation Pause) 219M->220M(256M) 22.765ms
[2020-01-29T22:11:28.702+0300][120.143s][info ][gc] GC(4082) Pause Cleanup 229M->229M(256M) 0.054ms
[2020-01-29T22:11:28.702+0300][120.144s][info ][gc] GC(4082) Concurrent Cycle 238.503ms
[2020-01-29T22:11:28.722+0300][120.166s][info ][gc] GC(4089) Pause Young (Normal) (G1 Evacuation Pause) 230M->231M(256M) 21.954ms
[2020-01-29T22:11:28.737+0300][120.178s][info ][gc] GC(4090) Pause Young (Concurrent Start) (G1 Evacuation Pause) 241M->242M(256M) 8.305ms
[2020-01-29T22:11:28.737+0300][120.179s][info ][gc] GC(4091) Concurrent Cycle
[2020-01-29T22:11:28.757+0300][120.200s][info ][gc] GC(4092) To-space exhausted
[2020-01-29T22:11:28.757+0300][120.200s][info ][gc] GC(4092) Pause Young (Normal) (G1 Evacuation Pause) 252M->255M(256M) 15.232ms
[2020-01-29T22:11:28.757+0300][120.200s][debug][gc] GC(4093) Clear Next Bitmap 0.089ms
[2020-01-29T22:11:28.797+0300][120.237s][info ][gc] GC(4093) Pause Full (G1 Evacuation Pause) 255M->63M(256M) 36.867ms
[2020-01-29T22:11:28.797+0300][120.237s][info ][gc] GC(4091) Concurrent Cycle 58.723ms
[2020-01-29T22:11:28.842+0300][120.286s][info ][gc] GC(4094) Pause Young (Normal) (G1 Evacuation Pause) 115M->115M(256M) 29.044ms
[2020-01-29T22:11:28.882+0300][120.323s][info ][gc] GC(4095) Pause Young (Concurrent Start) (G1 Humongous Allocation) 137M->138M(256M) 16.820ms
[2020-01-29T22:11:28.882+0300][120.323s][info ][gc] GC(4096) Concurrent Cycle
[2020-01-29T22:11:28.917+0300][120.358s][info ][gc] GC(4097) Pause Young (Normal) (G1 Evacuation Pause) 185M->186M(256M) 19.968ms
[2020-01-29T22:11:28.922+0300][120.363s][debug][gc] GC(4096) Reclaimed 105 empty regions
[2020-01-29T22:11:28.922+0300][120.363s][info ][gc] GC(4096) Pause Remark 195M->92M(256M) 0.646ms
[2020-01-29T22:11:28.932+0300][120.375s][info ][gc] GC(4098) Pause Young (Normal) (G1 Evacuation Pause) 95M->96M(256M) 11.383ms
[2020-01-29T22:11:28.982+0300][120.421s][info ][gc] GC(4099) Pause Young (Normal) (G1 Evacuation Pause) 137M->138M(256M) 30.039ms
[2020-01-29T22:11:29.027+0300][120.469s][info ][gc] GC(4100) Pause Young (Normal) (G1 Evacuation Pause) 166M->167M(256M) 35.968ms
[2020-01-29T22:11:29.077+0300][120.520s][info ][gc] GC(4101) Pause Young (Normal) (G1 Evacuation Pause) 206M->207M(256M) 31.795ms
[2020-01-29T22:11:29.107+0300][120.550s][info ][gc] GC(4102) Pause Young (Normal) (G1 Evacuation Pause) 216M->216M(256M) 26.443ms
[2020-01-29T22:11:29.112+0300][120.554s][info ][gc] GC(4096) Pause Cleanup 226M->226M(256M) 0.051ms
[2020-01-29T22:11:29.112+0300][120.555s][info ][gc] GC(4096) Concurrent Cycle 231.722ms
[2020-01-29T22:11:29.137+0300][120.580s][info ][gc] GC(4103) Pause Young (Normal) (G1 Evacuation Pause) 226M->227M(256M) 24.761ms
[2020-01-29T22:11:29.151+0300][120.592s][info ][gc] GC(4104) Pause Young (Concurrent Start) (G1 Evacuation Pause) 237M->238M(256M) 8.273ms
[2020-01-29T22:11:29.151+0300][120.592s][info ][gc] GC(4105) Concurrent Cycle
[2020-01-29T22:11:29.170+0300][120.611s][info ][gc] GC(4106) To-space exhausted
[2020-01-29T22:11:29.171+0300][120.611s][info ][gc] GC(4106) Pause Young (Normal) (G1 Evacuation Pause) 248M->251M(256M) 12.543ms
[2020-01-29T22:11:29.183+0300][120.624s][info ][gc] GC(4107) To-space exhausted
[2020-01-29T22:11:29.183+0300][120.624s][info ][gc] GC(4107) Pause Young (Normal) (G1 Evacuation Pause) 255M->255M(256M) 11.007ms
[2020-01-29T22:11:29.183+0300][120.624s][debug][gc] GC(4108) Clear Next Bitmap 0.087ms
[2020-01-29T22:11:29.225+0300][120.665s][info ][gc] GC(4108) Pause Full (G1 Evacuation Pause) 255M->78M(256M) 41.110ms
[2020-01-29T22:11:29.225+0300][120.665s][info ][gc] GC(4105) Concurrent Cycle 73.181ms
[2020-01-29T22:11:29.269+0300][120.709s][info ][gc] GC(4109) Pause Young (Normal) (G1 Evacuation Pause) 125M->125M(256M) 25.751ms
[2020-01-29T22:11:29.294+0300][120.735s][info ][gc] GC(4110) Pause Young (Concurrent Start) (G1 Humongous Allocation) 137M->137M(256M) 10.595ms
[2020-01-29T22:11:29.294+0300][120.735s][info ][gc] GC(4111) Concurrent Cycle
[2020-01-29T22:11:29.327+0300][120.767s][info ][gc] GC(4112) Pause Young (Normal) (G1 Evacuation Pause) 185M->187M(256M) 20.057ms
[2020-01-29T22:11:29.328+0300][120.769s][debug][gc] GC(4111) Reclaimed 116 empty regions
[2020-01-29T22:11:29.328+0300][120.769s][info ][gc] GC(4111) Pause Remark 189M->75M(256M) 0.642ms
[2020-01-29T22:11:29.342+0300][120.783s][info ][gc] GC(4113) Pause Young (Normal) (G1 Evacuation Pause) 84M->85M(256M) 10.256ms
[2020-01-29T22:11:29.394+0300][120.834s][info ][gc] GC(4114) Pause Young (Normal) (G1 Evacuation Pause) 130M->132M(256M) 33.034ms
[2020-01-29T22:11:29.445+0300][120.885s][info ][gc] GC(4115) Pause Young (Normal) (G1 Evacuation Pause) 162M->162M(256M) 37.254ms
[2020-01-29T22:11:29.457+0300][120.898s][info ][gc] GC(4111) Pause Cleanup 188M->188M(256M) 0.044ms
[2020-01-29T22:11:29.458+0300][120.898s][info ][gc] GC(4111) Concurrent Cycle 162.935ms
[2020-01-29T22:11:29.495+0300][120.935s][info ][gc] GC(4116) Pause Young (Normal) (G1 Evacuation Pause) 202M->203M(256M) 31.317ms
[2020-01-29T22:11:29.505+0300][120.945s][info ][gc] GC(4117) Pause Young (Concurrent Start) (G1 Evacuation Pause) 211M->212M(256M) 7.587ms
[2020-01-29T22:11:29.505+0300][120.946s][info ][gc] GC(4118) Concurrent Cycle
[2020-01-29T22:11:29.520+0300][120.960s][info ][gc] GC(4119) Pause Young (Normal) (G1 Evacuation Pause) 222M->223M(256M) 8.134ms
[2020-01-29T22:11:29.533+0300][120.973s][info ][gc] GC(4120) Pause Young (Normal) (G1 Evacuation Pause) 233M->234M(256M) 8.838ms
[2020-01-29T22:11:29.549+0300][120.989s][info ][gc] GC(4121) To-space exhausted
[2020-01-29T22:11:29.549+0300][120.989s][info ][gc] GC(4121) Pause Young (Normal) (G1 Evacuation Pause) 244M->249M(256M) 11.811ms
[2020-01-29T22:11:29.564+0300][121.004s][info ][gc] GC(4122) To-space exhausted
[2020-01-29T22:11:29.564+0300][121.004s][info ][gc] GC(4122) Pause Young (Normal) (G1 Evacuation Pause) 255M->255M(256M) 12.323ms
[2020-01-29T22:11:29.564+0300][121.004s][debug][gc] GC(4123) Clear Next Bitmap 0.094ms
[2020-01-29T22:11:29.612+0300][121.052s][info ][gc] GC(4123) Pause Full (G1 Evacuation Pause) 255M->85M(256M) 48.246ms
[2020-01-29T22:11:29.613+0300][121.053s][info ][gc] GC(4118) Concurrent Cycle 107.041ms
[2020-01-29T22:11:29.656+0300][121.095s][info ][gc] GC(4124) Pause Young (Normal) (G1 Evacuation Pause) 130M->130M(256M) 25.251ms
[2020-01-29T22:11:29.675+0300][121.116s][info ][gc] GC(4125) Pause Young (Concurrent Start) (G1 Humongous Allocation) 136M->137M(256M) 7.803ms
[2020-01-29T22:11:29.675+0300][121.116s][info ][gc] GC(4126) Concurrent Cycle
[2020-01-29T22:11:29.686+0300][121.127s][debug][gc] GC(4126) Reclaimed 120 empty regions
[2020-01-29T22:11:29.686+0300][121.127s][info ][gc] GC(4126) Pause Remark 181M->63M(256M) 0.660ms
[2020-01-29T22:11:29.706+0300][121.146s][info ][gc] GC(4127) Pause Young (Normal) (G1 Evacuation Pause) 67M->63M(256M) 17.724ms
[2020-01-29T22:11:29.725+0300][121.165s][info ][gc] GC(4126) Pause Cleanup 111M->111M(256M) 0.037ms
[2020-01-29T22:11:29.725+0300][121.165s][info ][gc] GC(4126) Concurrent Cycle 49.345ms
[2020-01-29T22:11:29.767+0300][121.208s][info ][gc] GC(4128) Pause Young (Normal) (G1 Evacuation Pause) 115M->116M(256M) 40.433ms
[2020-01-29T22:11:29.816+0300][121.256s][info ][gc] GC(4129) Pause Young (Concurrent Start) (G1 Humongous Allocation) 151M->152M(256M) 24.241ms
[2020-01-29T22:11:29.816+0300][121.256s][info ][gc] GC(4130) Concurrent Cycle
[2020-01-29T22:11:29.857+0300][121.297s][info ][gc] GC(4131) Pause Young (Normal) (G1 Evacuation Pause) 196M->197M(256M) 18.241ms
[2020-01-29T22:11:29.862+0300][121.302s][debug][gc] GC(4130) Reclaimed 103 empty regions
[2020-01-29T22:11:29.862+0300][121.302s][info ][gc] GC(4130) Pause Remark 206M->103M(256M) 0.629ms
[2020-01-29T22:11:29.872+0300][121.312s][info ][gc] GC(4132) Pause Young (Normal) (G1 Evacuation Pause) 104M->104M(256M) 9.401ms
[2020-01-29T22:11:29.914+0300][121.354s][info ][gc] GC(4133) Pause Young (Normal) (G1 Evacuation Pause) 143M->144M(256M) 26.747ms
[2020-01-29T22:11:29.957+0300][121.397s][info ][gc] GC(4134) Pause Young (Normal) (G1 Evacuation Pause) 170M->171M(256M) 32.756ms
[2020-01-29T22:11:30.010+0300][121.450s][info ][gc] GC(4135) Pause Young (Normal) (G1 Evacuation Pause) 209M->210M(256M) 34.901ms
[2020-01-29T22:11:30.042+0300][121.483s][info ][gc] GC(4136) Pause Young (Normal) (G1 Evacuation Pause) 219M->220M(256M) 28.531ms
[2020-01-29T22:11:30.076+0300][121.517s][info ][gc] GC(4137) Pause Young (Normal) (G1 Evacuation Pause) 230M->231M(256M) 29.281ms
[2020-01-29T22:11:30.112+0300][121.552s][info ][gc] GC(4138) Pause Young (Normal) (G1 Evacuation Pause) 241M->242M(256M) 31.244ms
[2020-01-29T22:11:30.154+0300][121.595s][info ][gc] GC(4139) To-space exhausted
[2020-01-29T22:11:30.154+0300][121.595s][info ][gc] GC(4139) Pause Young (Normal) (G1 Evacuation Pause) 252M->255M(256M) 36.547ms
[2020-01-29T22:11:30.155+0300][121.595s][debug][gc] GC(4140) Clear Next Bitmap 0.062ms
[2020-01-29T22:11:30.186+0300][121.627s][info ][gc] GC(4140) Pause Full (G1 Evacuation Pause) 255M->63M(256M) 31.872ms
[2020-01-29T22:11:30.187+0300][121.627s][info ][gc] GC(4130) Concurrent Cycle 370.843ms
[2020-01-29T22:11:30.236+0300][121.676s][info ][gc] GC(4141) Pause Young (Normal) (G1 Evacuation Pause) 115M->115M(256M) 29.005ms
[2020-01-29T22:11:30.272+0300][121.712s][info ][gc] GC(4142) Pause Young (Concurrent Start) (G1 Humongous Allocation) 137M->138M(256M) 16.838ms
[2020-01-29T22:11:30.272+0300][121.713s][info ][gc] GC(4143) Concurrent Cycle
[2020-01-29T22:11:30.308+0300][121.748s][info ][gc] GC(4144) Pause Young (Normal) (G1 Evacuation Pause) 186M->187M(256M) 20.327ms
[2020-01-29T22:11:30.313+0300][121.752s][debug][gc] GC(4143) Reclaimed 105 empty regions
[2020-01-29T22:11:30.313+0300][121.753s][info ][gc] GC(4143) Pause Remark 196M->93M(256M) 0.620ms
[2020-01-29T22:11:30.323+0300][121.763s][info ][gc] GC(4145) Pause Young (Normal) (G1 Evacuation Pause) 95M->96M(256M) 9.692ms
[2020-01-29T22:11:30.370+0300][121.809s][info ][gc] GC(4146) Pause Young (Normal) (G1 Evacuation Pause) 137M->138M(256M) 29.901ms
[2020-01-29T22:11:30.414+0300][121.855s][info ][gc] GC(4147) Pause Young (Normal) (G1 Evacuation Pause) 166M->167M(256M) 34.057ms
[2020-01-29T22:11:30.465+0300][121.905s][info ][gc] GC(4148) Pause Young (Normal) (G1 Evacuation Pause) 206M->207M(256M) 31.286ms
[2020-01-29T22:11:30.497+0300][121.938s][info ][gc] GC(4149) Pause Young (Normal) (G1 Evacuation Pause) 216M->218M(256M) 28.163ms
[2020-01-29T22:11:30.528+0300][121.969s][info ][gc] GC(4150) Pause Young (Normal) (G1 Evacuation Pause) 228M->229M(256M) 26.628ms
[2020-01-29T22:11:30.529+0300][121.969s][info ][gc] GC(4143) Pause Cleanup 230M->230M(256M) 0.046ms
[2020-01-29T22:11:30.529+0300][121.970s][info ][gc] GC(4143) Concurrent Cycle 257.036ms
[2020-01-29T22:11:30.558+0300][121.998s][info ][gc] GC(4151) Pause Young (Normal) (G1 Evacuation Pause) 239M->240M(256M) 24.967ms
[2020-01-29T22:11:30.582+0300][122.023s][info ][gc] GC(4152) To-space exhausted
[2020-01-29T22:11:30.583+0300][122.023s][info ][gc] GC(4152) Pause Young (Concurrent Start) (G1 Evacuation Pause) 250M->252M(256M) 20.790ms
[2020-01-29T22:11:30.583+0300][122.023s][info ][gc] GC(4153) Concurrent Cycle
[2020-01-29T22:11:30.596+0300][122.036s][info ][gc] GC(4154) To-space exhausted
[2020-01-29T22:11:30.596+0300][122.036s][info ][gc] GC(4154) Pause Young (Normal) (G1 Evacuation Pause) 255M->255M(256M) 10.566ms
[2020-01-29T22:11:30.596+0300][122.036s][debug][gc] GC(4155) Clear Next Bitmap 0.085ms
[2020-01-29T22:11:30.637+0300][122.077s][info ][gc] GC(4155) Pause Full (G1 Evacuation Pause) 255M->76M(256M) 40.994ms
[2020-01-29T22:11:30.638+0300][122.078s][info ][gc] GC(4153) Concurrent Cycle 54.894ms
[2020-01-29T22:11:30.684+0300][122.124s][info ][gc] GC(4156) Pause Young (Normal) (G1 Evacuation Pause) 124M->124M(256M) 27.423ms
[2020-01-29T22:11:30.710+0300][122.150s][info ][gc] GC(4157) Pause Young (Concurrent Start) (G1 Humongous Allocation) 136M->137M(256M) 10.876ms
[2020-01-29T22:11:30.711+0300][122.150s][info ][gc] GC(4158) Concurrent Cycle
[2020-01-29T22:11:30.743+0300][122.183s][info ][gc] GC(4159) Pause Young (Normal) (G1 Evacuation Pause) 185M->186M(256M) 20.037ms
[2020-01-29T22:11:30.745+0300][122.185s][debug][gc] GC(4158) Reclaimed 113 empty regions
[2020-01-29T22:11:30.745+0300][122.185s][info ][gc] GC(4158) Pause Remark 189M->78M(256M) 0.619ms
[2020-01-29T22:11:30.760+0300][122.200s][info ][gc] GC(4160) Pause Young (Normal) (G1 Evacuation Pause) 87M->88M(256M) 11.519ms
[2020-01-29T22:11:30.809+0300][122.250s][info ][gc] GC(4161) Pause Young (Normal) (G1 Evacuation Pause) 132M->133M(256M) 32.439ms
[2020-01-29T22:11:30.873+0300][122.313s][info ][gc] GC(4162) Pause Young (Normal) (G1 Evacuation Pause) 183M->184M(256M) 40.160ms
[2020-01-29T22:11:30.878+0300][122.318s][info ][gc] GC(4158) Pause Cleanup 194M->194M(256M) 0.046ms
[2020-01-29T22:11:30.878+0300][122.318s][info ][gc] GC(4158) Concurrent Cycle 167.943ms
[2020-01-29T22:11:30.910+0300][122.350s][info ][gc] GC(4163) Pause Young (Normal) (G1 Evacuation Pause) 198M->199M(256M) 29.682ms
[2020-01-29T22:11:30.920+0300][122.360s][info ][gc] GC(4164) Pause Young (Concurrent Start) (G1 Evacuation Pause) 208M->209M(256M) 6.794ms
[2020-01-29T22:11:30.920+0300][122.360s][info ][gc] GC(4165) Concurrent Cycle
[2020-01-29T22:11:30.935+0300][122.375s][info ][gc] GC(4166) Pause Young (Normal) (G1 Evacuation Pause) 219M->219M(256M) 8.175ms
[2020-01-29T22:11:30.947+0300][122.387s][info ][gc] GC(4167) Pause Young (Normal) (G1 Evacuation Pause) 229M->230M(256M) 8.111ms
[2020-01-29T22:11:30.959+0300][122.399s][info ][gc] GC(4168) Pause Young (Normal) (G1 Evacuation Pause) 240M->241M(256M) 8.257ms
[2020-01-29T22:11:30.978+0300][122.418s][info ][gc] GC(4169) To-space exhausted
[2020-01-29T22:11:30.978+0300][122.418s][info ][gc] GC(4169) Pause Young (Normal) (G1 Evacuation Pause) 251M->254M(256M) 14.835ms
[2020-01-29T22:11:30.985+0300][122.426s][info ][gc] GC(4170) To-space exhausted
[2020-01-29T22:11:30.985+0300][122.426s][info ][gc] GC(4170) Pause Young (Normal) (G1 Evacuation Pause) 255M->255M(256M) 6.852ms
[2020-01-29T22:11:30.986+0300][122.426s][debug][gc] GC(4171) Clear Next Bitmap 0.078ms
[2020-01-29T22:11:31.040+0300][122.480s][info ][gc] GC(4171) Pause Full (G1 Evacuation Pause) 255M->85M(256M) 54.219ms
[2020-01-29T22:11:31.040+0300][122.480s][info ][gc] GC(4165) Concurrent Cycle 120.044ms
[2020-01-29T22:11:31.082+0300][122.522s][info ][gc] GC(4172) Pause Young (Normal) (G1 Evacuation Pause) 130M->130M(256M) 24.137ms
[2020-01-29T22:11:31.102+0300][122.542s][info ][gc] GC(4173) Pause Young (Concurrent Start) (G1 Humongous Allocation) 136M->137M(256M) 7.087ms
[2020-01-29T22:11:31.102+0300][122.542s][info ][gc] GC(4174) Concurrent Cycle
[2020-01-29T22:11:31.113+0300][122.552s][debug][gc] GC(4174) Reclaimed 122 empty regions
[2020-01-29T22:11:31.113+0300][122.552s][info ][gc] GC(4174) Pause Remark 180M->60M(256M) 0.642ms
[2020-01-29T22:11:31.133+0300][122.573s][info ][gc] GC(4175) Pause Young (Normal) (G1 Evacuation Pause) 65M->62M(256M) 17.854ms
[2020-01-29T22:11:31.150+0300][122.590s][info ][gc] GC(4174) Pause Cleanup 105M->105M(256M) 0.037ms
[2020-01-29T22:11:31.150+0300][122.590s][info ][gc] GC(4174) Concurrent Cycle 48.254ms
[2020-01-29T22:11:31.193+0300][122.634s][info ][gc] GC(4176) Pause Young (Normal) (G1 Evacuation Pause) 114M->115M(256M) 40.080ms
[2020-01-29T22:11:31.241+0300][122.682s][info ][gc] GC(4177) Pause Young (Concurrent Start) (G1 Humongous Allocation) 150M->150M(256M) 23.696ms
[2020-01-29T22:11:31.241+0300][122.682s][info ][gc] GC(4178) Concurrent Cycle
[2020-01-29T22:11:31.282+0300][122.722s][info ][gc] GC(4179) Pause Young (Normal) (G1 Evacuation Pause) 194M->195M(256M) 18.320ms
[2020-01-29T22:11:31.287+0300][122.727s][debug][gc] GC(4178) Reclaimed 103 empty regions
[2020-01-29T22:11:31.287+0300][122.727s][info ][gc] GC(4178) Pause Remark 205M->102M(256M) 0.696ms
[2020-01-29T22:11:31.297+0300][122.737s][info ][gc] GC(4180) Pause Young (Normal) (G1 Evacuation Pause) 102M->103M(256M) 9.546ms
[2020-01-29T22:11:31.340+0300][122.780s][info ][gc] GC(4181) Pause Young (Normal) (G1 Evacuation Pause) 142M->143M(256M) 27.108ms
[2020-01-29T22:11:31.384+0300][122.824s][info ][gc] GC(4182) Pause Young (Normal) (G1 Evacuation Pause) 169M->170M(256M) 32.704ms
[2020-01-29T22:11:31.439+0300][122.878s][info ][gc] GC(4183) Pause Young (Normal) (G1 Evacuation Pause) 208M->208M(256M) 35.377ms
[2020-01-29T22:11:31.471+0300][122.911s][info ][gc] GC(4184) Pause Young (Normal) (G1 Evacuation Pause) 217M->218M(256M) 28.283ms
[2020-01-29T22:11:31.505+0300][122.945s][info ][gc] GC(4185) Pause Young (Normal) (G1 Evacuation Pause) 228M->229M(256M) 30.439ms
[2020-01-29T22:11:31.540+0300][122.981s][info ][gc] GC(4186) Pause Young (Normal) (G1 Evacuation Pause) 239M->240M(256M) 30.844ms
[2020-01-29T22:11:31.584+0300][123.024s][info ][gc] GC(4187) To-space exhausted
[2020-01-29T22:11:31.584+0300][123.024s][info ][gc] GC(4187) Pause Young (Normal) (G1 Evacuation Pause) 250M->254M(256M) 36.094ms
[2020-01-29T22:11:31.587+0300][123.027s][info ][gc] GC(4178) Pause Cleanup 255M->255M(256M) 0.054ms
[2020-01-29T22:11:31.587+0300][123.027s][info ][gc] GC(4178) Concurrent Cycle 345.620ms
[2020-01-29T22:11:31.617+0300][123.057s][info ][gc] GC(4188) To-space exhausted
[2020-01-29T22:11:31.617+0300][123.058s][info ][gc] GC(4188) Pause Young (Normal) (G1 Evacuation Pause) 255M->255M(256M) 29.456ms
[2020-01-29T22:11:31.650+0300][123.091s][info ][gc] GC(4189) Pause Full (G1 Evacuation Pause) 255M->63M(256M) 32.881ms
[2020-01-29T22:11:31.705+0300][123.145s][info ][gc] GC(4190) Pause Young (Concurrent Start) (G1 Evacuation Pause) 120M->120M(256M) 31.792ms
[2020-01-29T22:11:31.705+0300][123.145s][info ][gc] GC(4191) Concurrent Cycle
[2020-01-29T22:11:31.759+0300][123.199s][info ][gc] GC(4192) Pause Young (Normal) (G1 Evacuation Pause) 174M->175M(256M) 24.792ms
[2020-01-29T22:11:31.779+0300][123.219s][info ][gc] GC(4193) Pause Young (Normal) (G1 Evacuation Pause) 191M->192M(256M) 13.367ms
[2020-01-29T22:11:31.792+0300][123.232s][info ][gc] GC(4194) Pause Young (Normal) (G1 Evacuation Pause) 203M->204M(256M) 8.260ms
[2020-01-29T22:11:31.804+0300][123.244s][info ][gc] GC(4195) Pause Young (Normal) (G1 Evacuation Pause) 214M->215M(256M) 7.829ms
[2020-01-29T22:11:31.816+0300][123.256s][info ][gc] GC(4196) Pause Young (Normal) (G1 Evacuation Pause) 225M->226M(256M) 7.825ms
[2020-01-29T22:11:31.828+0300][123.268s][info ][gc] GC(4197) Pause Young (Normal) (G1 Evacuation Pause) 236M->236M(256M) 7.780ms
[2020-01-29T22:11:31.844+0300][123.284s][info ][gc] GC(4198) To-space exhausted
[2020-01-29T22:11:31.844+0300][123.284s][info ][gc] GC(4198) Pause Young (Normal) (G1 Evacuation Pause) 246M->249M(256M) 11.905ms
[2020-01-29T22:11:31.857+0300][123.297s][info ][gc] GC(4199) To-space exhausted
[2020-01-29T22:11:31.857+0300][123.297s][info ][gc] GC(4199) Pause Young (Normal) (G1 Evacuation Pause) 253M->253M(256M) 11.137ms
[2020-01-29T22:11:31.858+0300][123.297s][debug][gc] GC(4200) Clear Next Bitmap 0.076ms
[2020-01-29T22:11:31.926+0300][123.367s][info ][gc] GC(4200) Pause Full (G1 Evacuation Pause) 253M->110M(256M) 69.874ms
[2020-01-29T22:11:31.927+0300][123.367s][info ][gc] GC(4191) Concurrent Cycle 222.514ms
[2020-01-29T22:11:31.963+0300][123.403s][info ][gc] GC(4201) Pause Young (Concurrent Start) (G1 Humongous Allocation) 136M->136M(256M) 14.901ms
[2020-01-29T22:11:31.963+0300][123.403s][info ][gc] GC(4202) Concurrent Cycle
[2020-01-29T22:11:32.000+0300][123.441s][info ][gc] GC(4203) Pause Young (Normal) (G1 Evacuation Pause) 185M->186M(256M) 23.392ms
[2020-01-29T22:11:32.005+0300][123.445s][debug][gc] GC(4202) Reclaimed 105 empty regions
[2020-01-29T22:11:32.005+0300][123.445s][info ][gc] GC(4202) Pause Remark 191M->88M(256M) 0.639ms
[2020-01-29T22:11:32.019+0300][123.459s][info ][gc] GC(4204) Pause Young (Normal) (G1 Evacuation Pause) 95M->96M(256M) 10.944ms
[2020-01-29T22:11:32.069+0300][123.509s][info ][gc] GC(4205) Pause Young (Normal) (G1 Evacuation Pause) 140M->141M(256M) 31.746ms
[2020-01-29T22:11:32.114+0300][123.554s][info ][gc] GC(4206) Pause Young (Normal) (G1 Evacuation Pause) 168M->168M(256M) 34.419ms
[2020-01-29T22:11:32.162+0300][123.602s][info ][gc] GC(4207) Pause Young (Normal) (G1 Evacuation Pause) 207M->209M(256M) 28.890ms
[2020-01-29T22:11:32.165+0300][123.605s][info ][gc] GC(4202) Pause Cleanup 216M->216M(256M) 0.049ms
[2020-01-29T22:11:32.165+0300][123.605s][info ][gc] GC(4202) Concurrent Cycle 202.091ms
[2020-01-29T22:11:32.187+0300][123.627s][info ][gc] GC(4208) Pause Young (Normal) (G1 Evacuation Pause) 218M->218M(256M) 21.361ms
[2020-01-29T22:11:32.200+0300][123.639s][info ][gc] GC(4209) Pause Young (Concurrent Start) (G1 Evacuation Pause) 228M->229M(256M) 8.217ms
[2020-01-29T22:11:32.200+0300][123.640s][info ][gc] GC(4210) Concurrent Cycle
[2020-01-29T22:11:32.214+0300][123.654s][info ][gc] GC(4211) Pause Young (Normal) (G1 Evacuation Pause) 239M->240M(256M) 8.187ms
[2020-01-29T22:11:32.232+0300][123.671s][info ][gc] GC(4212) To-space exhausted
[2020-01-29T22:11:32.232+0300][123.672s][info ][gc] GC(4212) Pause Young (Normal) (G1 Evacuation Pause) 250M->252M(256M) 13.361ms
[2020-01-29T22:11:32.243+0300][123.683s][info ][gc] GC(4213) To-space exhausted
[2020-01-29T22:11:32.243+0300][123.683s][info ][gc] GC(4213) Pause Young (Normal) (G1 Evacuation Pause) 255M->255M(256M) 10.471ms
[2020-01-29T22:11:32.244+0300][123.683s][debug][gc] GC(4214) Clear Next Bitmap 0.080ms
[2020-01-29T22:11:32.287+0300][123.728s][info ][gc] GC(4214) Pause Full (G1 Evacuation Pause) 255M->80M(256M) 44.158ms
[2020-01-29T22:11:32.287+0300][123.728s][info ][gc] GC(4210) Concurrent Cycle 88.266ms
[2020-01-29T22:11:32.331+0300][123.772s][info ][gc] GC(4215) Pause Young (Normal) (G1 Evacuation Pause) 126M->126M(256M) 25.989ms
[2020-01-29T22:11:32.356+0300][123.796s][info ][gc] GC(4216) Pause Young (Concurrent Start) (G1 Humongous Allocation) 136M->137M(256M) 10.284ms
[2020-01-29T22:11:32.356+0300][123.796s][info ][gc] GC(4217) Concurrent Cycle
[2020-01-29T22:11:32.369+0300][123.809s][debug][gc] GC(4217) Reclaimed 118 empty regions
[2020-01-29T22:11:32.369+0300][123.809s][info ][gc] GC(4217) Pause Remark 185M->69M(256M) 0.645ms
[2020-01-29T22:11:32.387+0300][123.827s][info ][gc] GC(4218) Pause Young (Normal) (G1 Evacuation Pause) 69M->65M(256M) 17.787ms
[2020-01-29T22:11:32.453+0300][123.893s][info ][gc] GC(4219) Pause Young (Normal) (G1 Evacuation Pause) 117M->118M(256M) 42.299ms
[2020-01-29T22:11:32.453+0300][123.893s][info ][gc] GC(4217) Pause Cleanup 119M->119M(256M) 0.041ms
[2020-01-29T22:11:32.453+0300][123.894s][info ][gc] GC(4217) Concurrent Cycle 97.145ms
[2020-01-29T22:11:32.506+0300][123.946s][info ][gc] GC(4220) Pause Young (Normal) (G1 Evacuation Pause) 152M->154M(256M) 39.205ms
[2020-01-29T22:11:32.523+0300][123.963s][info ][gc] GC(4221) Pause Young (Concurrent Start) (G1 Humongous Allocation) 155M->156M(256M) 5.570ms
[2020-01-29T22:11:32.523+0300][123.963s][info ][gc] GC(4222) Concurrent Cycle
[2020-01-29T22:11:32.532+0300][123.972s][debug][gc] GC(4222) Reclaimed 137 empty regions
[2020-01-29T22:11:32.532+0300][123.972s][info ][gc] GC(4222) Pause Remark 194M->57M(256M) 0.642ms
[2020-01-29T22:11:32.548+0300][123.988s][info ][gc] GC(4223) Pause Young (Normal) (G1 Evacuation Pause) 61M->60M(256M) 14.780ms
[2020-01-29T22:11:32.565+0300][124.005s][info ][gc] GC(4222) Pause Cleanup 103M->103M(256M) 0.042ms
[2020-01-29T22:11:32.565+0300][124.005s][info ][gc] GC(4222) Concurrent Cycle 41.854ms
[2020-01-29T22:11:32.607+0300][124.046s][info ][gc] GC(4224) Pause Young (Normal) (G1 Evacuation Pause) 112M->113M(256M) 37.565ms
[2020-01-29T22:11:32.648+0300][124.088s][info ][gc] GC(4225) Pause Young (Concurrent Start) (G1 Evacuation Pause) 149M->150M(256M) 27.330ms
[2020-01-29T22:11:32.648+0300][124.088s][info ][gc] GC(4226) Concurrent Cycle
[2020-01-29T22:11:32.689+0300][124.129s][info ][gc] GC(4227) Pause Young (Normal) (G1 Evacuation Pause) 194M->195M(256M) 18.819ms
[2020-01-29T22:11:32.702+0300][124.143s][info ][gc] GC(4228) Pause Young (Normal) (G1 Evacuation Pause) 205M->205M(256M) 8.899ms
[2020-01-29T22:11:32.715+0300][124.155s][info ][gc] GC(4229) Pause Young (Normal) (G1 Evacuation Pause) 215M->216M(256M) 7.664ms
[2020-01-29T22:11:32.727+0300][124.167s][info ][gc] GC(4230) Pause Young (Normal) (G1 Evacuation Pause) 226M->226M(256M) 7.359ms
[2020-01-29T22:11:32.739+0300][124.179s][info ][gc] GC(4231) Pause Young (Normal) (G1 Evacuation Pause) 236M->237M(256M) 7.861ms
[2020-01-29T22:11:32.754+0300][124.194s][info ][gc] GC(4232) To-space exhausted
[2020-01-29T22:11:32.754+0300][124.194s][info ][gc] GC(4232) Pause Young (Normal) (G1 Evacuation Pause) 247M->250M(256M) 11.371ms
[2020-01-29T22:11:32.768+0300][124.208s][info ][gc] GC(4233) To-space exhausted
[2020-01-29T22:11:32.768+0300][124.208s][info ][gc] GC(4233) Pause Young (Normal) (G1 Evacuation Pause) 255M->255M(256M) 11.915ms
[2020-01-29T22:11:32.768+0300][124.208s][debug][gc] GC(4234) Clear Next Bitmap 0.097ms
[2020-01-29T22:11:32.820+0300][124.260s][info ][gc] GC(4234) Pause Full (G1 Evacuation Pause) 255M->95M(256M) 52.115ms
[2020-01-29T22:11:32.820+0300][124.261s][info ][gc] GC(4226) Concurrent Cycle 172.655ms
[2020-01-29T22:11:32.870+0300][124.310s][info ][gc] GC(4235) Pause Young (Concurrent Start) (G1 Humongous Allocation) 136M->136M(256M) 23.099ms
[2020-01-29T22:11:32.870+0300][124.310s][info ][gc] GC(4236) Concurrent Cycle
[2020-01-29T22:11:32.912+0300][124.352s][info ][gc] GC(4237) Pause Young (Normal) (G1 Evacuation Pause) 185M->186M(256M) 20.772ms
[2020-01-29T22:11:32.917+0300][124.357s][debug][gc] GC(4236) Reclaimed 93 empty regions
[2020-01-29T22:11:32.917+0300][124.357s][info ][gc] GC(4236) Pause Remark 195M->104M(256M) 0.643ms
[2020-01-29T22:11:32.930+0300][124.370s][info ][gc] GC(4238) Pause Young (Normal) (G1 Evacuation Pause) 107M->108M(256M) 11.517ms
[2020-01-29T22:11:32.973+0300][124.413s][info ][gc] GC(4239) Pause Young (Normal) (G1 Evacuation Pause) 145M->146M(256M) 28.544ms
[2020-01-29T22:11:33.016+0300][124.456s][info ][gc] GC(4240) Pause Young (Normal) (G1 Evacuation Pause) 171M->172M(256M) 32.788ms
[2020-01-29T22:11:33.064+0300][124.504s][info ][gc] GC(4241) Pause Young (Normal) (G1 Evacuation Pause) 209M->210M(256M) 29.612ms
[2020-01-29T22:11:33.092+0300][124.533s][info ][gc] GC(4242) Pause Young (Normal) (G1 Evacuation Pause) 219M->220M(256M) 24.014ms
[2020-01-29T22:11:33.122+0300][124.562s][info ][gc] GC(4243) Pause Young (Normal) (G1 Evacuation Pause) 230M->230M(256M) 25.302ms
[2020-01-29T22:11:33.153+0300][124.594s][info ][gc] GC(4244) Pause Young (Normal) (G1 Evacuation Pause) 240M->241M(256M) 26.906ms
[2020-01-29T22:11:33.192+0300][124.632s][info ][gc] GC(4245) To-space exhausted
[2020-01-29T22:11:33.192+0300][124.632s][info ][gc] GC(4245) Pause Young (Normal) (G1 Evacuation Pause) 251M->255M(256M) 34.056ms
[2020-01-29T22:11:33.192+0300][124.633s][debug][gc] GC(4246) Clear Next Bitmap 0.071ms
[2020-01-29T22:11:33.227+0300][124.667s][info ][gc] GC(4246) Pause Full (G1 Evacuation Pause) 255M->67M(256M) 34.365ms
[2020-01-29T22:11:33.227+0300][124.667s][info ][gc] GC(4236) Concurrent Cycle 357.194ms
[2020-01-29T22:11:33.276+0300][124.716s][info ][gc] GC(4247) Pause Young (Normal) (G1 Evacuation Pause) 119M->119M(256M) 28.939ms
[2020-01-29T22:11:33.307+0300][124.747s][info ][gc] GC(4248) Pause Young (Concurrent Start) (G1 Humongous Allocation) 137M->138M(256M) 13.778ms
[2020-01-29T22:11:33.307+0300][124.747s][info ][gc] GC(4249) Concurrent Cycle
[2020-01-29T22:11:33.341+0300][124.781s][info ][gc] GC(4250) Pause Young (Normal) (G1 Evacuation Pause) 186M->187M(256M) 20.229ms
[2020-01-29T22:11:33.345+0300][124.785s][debug][gc] GC(4249) Reclaimed 108 empty regions
[2020-01-29T22:11:33.345+0300][124.785s][info ][gc] GC(4249) Pause Remark 196M->89M(256M) 0.632ms
[2020-01-29T22:11:33.358+0300][124.798s][info ][gc] GC(4251) Pause Young (Normal) (G1 Evacuation Pause) 92M->93M(256M) 11.311ms
[2020-01-29T22:11:33.406+0300][124.846s][info ][gc] GC(4252) Pause Young (Normal) (G1 Evacuation Pause) 135M->136M(256M) 30.760ms
[2020-01-29T22:11:33.454+0300][124.895s][info ][gc] GC(4253) Pause Young (Normal) (G1 Evacuation Pause) 165M->165M(256M) 37.293ms
[2020-01-29T22:11:33.512+0300][124.952s][info ][gc] GC(4254) Pause Young (Normal) (G1 Evacuation Pause) 205M->206M(256M) 37.838ms
[2020-01-29T22:11:33.548+0300][124.988s][info ][gc] GC(4255) Pause Young (Normal) (G1 Evacuation Pause) 214M->216M(256M) 31.912ms
[2020-01-29T22:11:33.549+0300][124.990s][info ][gc] GC(4249) Pause Cleanup 220M->220M(256M) 0.049ms
[2020-01-29T22:11:33.550+0300][124.990s][info ][gc] GC(4249) Concurrent Cycle 242.441ms
[2020-01-29T22:11:33.581+0300][125.021s][info ][gc] GC(4256) Pause Young (Normal) (G1 Evacuation Pause) 226M->226M(256M) 29.053ms
[2020-01-29T22:11:33.596+0300][125.036s][info ][gc] GC(4257) Pause Young (Concurrent Start) (G1 Evacuation Pause) 236M->238M(256M) 10.609ms
[2020-01-29T22:11:33.596+0300][125.036s][info ][gc] GC(4258) Concurrent Cycle
[2020-01-29T22:11:33.615+0300][125.056s][info ][gc] GC(4259) To-space exhausted
[2020-01-29T22:11:33.616+0300][125.056s][info ][gc] GC(4259) Pause Young (Normal) (G1 Evacuation Pause) 248M->250M(256M) 12.961ms
[2020-01-29T22:11:33.630+0300][125.070s][info ][gc] GC(4260) To-space exhausted
[2020-01-29T22:11:33.630+0300][125.070s][info ][gc] GC(4260) Pause Young (Normal) (G1 Evacuation Pause) 255M->255M(256M) 11.932ms
[2020-01-29T22:11:33.630+0300][125.070s][debug][gc] GC(4261) Clear Next Bitmap 0.082ms
[2020-01-29T22:11:33.676+0300][125.116s][info ][gc] GC(4261) Pause Full (G1 Evacuation Pause) 255M->81M(256M) 46.609ms
[2020-01-29T22:11:33.677+0300][125.117s][info ][gc] GC(4258) Concurrent Cycle 80.331ms
[2020-01-29T22:11:33.721+0300][125.161s][info ][gc] GC(4262) Pause Young (Normal) (G1 Evacuation Pause) 127M->127M(256M) 26.005ms
[2020-01-29T22:11:33.744+0300][125.184s][info ][gc] GC(4263) Pause Young (Concurrent Start) (G1 Humongous Allocation) 136M->138M(256M) 9.257ms
[2020-01-29T22:11:33.744+0300][125.184s][info ][gc] GC(4264) Concurrent Cycle
[2020-01-29T22:11:33.776+0300][125.215s][info ][gc] GC(4265) Pause Young (Normal) (G1 Evacuation Pause) 186M->186M(256M) 19.848ms
[2020-01-29T22:11:33.776+0300][125.216s][debug][gc] GC(4264) Reclaimed 118 empty regions
[2020-01-29T22:11:33.777+0300][125.216s][info ][gc] GC(4264) Pause Remark 187M->71M(256M) 0.633ms
[2020-01-29T22:11:33.790+0300][125.231s][info ][gc] GC(4266) Pause Young (Normal) (G1 Evacuation Pause) 83M->84M(256M) 9.676ms
[2020-01-29T22:11:33.846+0300][125.286s][info ][gc] GC(4267) Pause Young (Normal) (G1 Evacuation Pause) 129M->129M(256M) 37.590ms
[2020-01-29T22:11:33.870+0300][125.310s][info ][gc] GC(4264) Pause Cleanup 179M->179M(256M) 0.134ms
[2020-01-29T22:11:33.870+0300][125.310s][info ][gc] GC(4264) Concurrent Cycle 126.624ms
[2020-01-29T22:11:33.908+0300][125.349s][info ][gc] GC(4268) Pause Young (Normal) (G1 Evacuation Pause) 180M->181M(256M) 37.994ms
[2020-01-29T22:11:33.925+0300][125.366s][info ][gc] GC(4269) Pause Young (Concurrent Start) (G1 Evacuation Pause) 196M->197M(256M) 10.958ms
[2020-01-29T22:11:33.925+0300][125.366s][info ][gc] GC(4270) Concurrent Cycle
[2020-01-29T22:11:33.945+0300][125.385s][info ][gc] GC(4271) Pause Young (Normal) (G1 Evacuation Pause) 207M->208M(256M) 8.632ms
[2020-01-29T22:11:33.956+0300][125.397s][info ][gc] GC(4272) Pause Young (Normal) (G1 Evacuation Pause) 218M->218M(256M) 7.640ms
[2020-01-29T22:11:33.968+0300][125.408s][info ][gc] GC(4273) Pause Young (Normal) (G1 Evacuation Pause) 228M->229M(256M) 7.798ms
[2020-01-29T22:11:33.980+0300][125.420s][info ][gc] GC(4274) Pause Young (Normal) (G1 Evacuation Pause) 239M->240M(256M) 7.798ms
[2020-01-29T22:11:33.998+0300][125.438s][info ][gc] GC(4275) To-space exhausted
[2020-01-29T22:11:33.998+0300][125.438s][info ][gc] GC(4275) Pause Young (Normal) (G1 Evacuation Pause) 250M->253M(256M) 13.544ms
[2020-01-29T22:11:34.007+0300][125.447s][info ][gc] GC(4276) To-space exhausted
[2020-01-29T22:11:34.007+0300][125.447s][info ][gc] GC(4276) Pause Young (Normal) (G1 Evacuation Pause) 255M->255M(256M) 8.438ms
[2020-01-29T22:11:34.007+0300][125.447s][debug][gc] GC(4277) Clear Next Bitmap 0.089ms
[2020-01-29T22:11:34.060+0300][125.500s][info ][gc] GC(4277) Pause Full (G1 Evacuation Pause) 255M->89M(256M) 52.532ms
[2020-01-29T22:11:34.060+0300][125.500s][info ][gc] GC(4270) Concurrent Cycle 134.421ms
[2020-01-29T22:11:34.102+0300][125.542s][info ][gc] GC(4278) Pause Young (Normal) (G1 Evacuation Pause) 133M->133M(256M) 24.108ms
[2020-01-29T22:11:34.118+0300][125.559s][info ][gc] GC(4279) Pause Young (Concurrent Start) (G1 Humongous Allocation) 136M->137M(256M) 5.408ms
[2020-01-29T22:11:34.119+0300][125.559s][info ][gc] GC(4280) Concurrent Cycle
[2020-01-29T22:11:34.128+0300][125.568s][debug][gc] GC(4280) Reclaimed 124 empty regions
[2020-01-29T22:11:34.128+0300][125.568s][info ][gc] GC(4280) Pause Remark 176M->53M(256M) 0.693ms
[2020-01-29T22:11:34.150+0300][125.590s][info ][gc] GC(4281) Pause Young (Normal) (G1 Evacuation Pause) 62M->60M(256M) 18.038ms
[2020-01-29T22:11:34.164+0300][125.604s][info ][gc] GC(4280) Pause Cleanup 97M->97M(256M) 0.036ms
[2020-01-29T22:11:34.164+0300][125.604s][info ][gc] GC(4280) Concurrent Cycle 45.503ms
[2020-01-29T22:11:34.210+0300][125.650s][info ][gc] GC(4282) Pause Young (Normal) (G1 Evacuation Pause) 113M->114M(256M) 39.641ms
[2020-01-29T22:11:34.257+0300][125.698s][info ][gc] GC(4283) Pause Young (Concurrent Start) (G1 Humongous Allocation) 148M->149M(256M) 23.552ms
[2020-01-29T22:11:34.257+0300][125.698s][info ][gc] GC(4284) Concurrent Cycle
[2020-01-29T22:11:34.299+0300][125.739s][info ][gc] GC(4285) Pause Young (Normal) (G1 Evacuation Pause) 194M->195M(256M) 18.928ms
[2020-01-29T22:11:34.303+0300][125.743s][debug][gc] GC(4284) Reclaimed 102 empty regions
[2020-01-29T22:11:34.303+0300][125.743s][info ][gc] GC(4284) Pause Remark 205M->103M(256M) 0.745ms
[2020-01-29T22:11:34.313+0300][125.753s][info ][gc] GC(4286) Pause Young (Normal) (G1 Evacuation Pause) 103M->103M(256M) 9.414ms
[2020-01-29T22:11:34.356+0300][125.796s][info ][gc] GC(4287) Pause Young (Normal) (G1 Evacuation Pause) 142M->143M(256M) 27.065ms
[2020-01-29T22:11:34.399+0300][125.839s][info ][gc] GC(4288) Pause Young (Normal) (G1 Evacuation Pause) 169M->171M(256M) 32.968ms
[2020-01-29T22:11:34.452+0300][125.892s][info ][gc] GC(4289) Pause Young (Normal) (G1 Evacuation Pause) 209M->209M(256M) 31.884ms
[2020-01-29T22:11:34.482+0300][125.922s][info ][gc] GC(4290) Pause Young (Normal) (G1 Evacuation Pause) 218M->219M(256M) 25.056ms
[2020-01-29T22:11:34.515+0300][125.955s][info ][gc] GC(4291) Pause Young (Normal) (G1 Evacuation Pause) 229M->231M(256M) 26.491ms
[2020-01-29T22:11:34.546+0300][125.987s][info ][gc] GC(4292) Pause Young (Normal) (G1 Evacuation Pause) 241M->242M(256M) 27.181ms
[2020-01-29T22:11:34.585+0300][126.025s][info ][gc] GC(4293) To-space exhausted
[2020-01-29T22:11:34.585+0300][126.025s][info ][gc] GC(4293) Pause Young (Normal) (G1 Evacuation Pause) 252M->255M(256M) 34.292ms
[2020-01-29T22:11:34.585+0300][126.025s][debug][gc] GC(4294) Clear Next Bitmap 0.056ms
[2020-01-29T22:11:34.617+0300][126.057s][info ][gc] GC(4294) Pause Full (G1 Evacuation Pause) 255M->63M(256M) 31.964ms
[2020-01-29T22:11:34.618+0300][126.058s][info ][gc] GC(4284) Concurrent Cycle 359.868ms
[2020-01-29T22:11:34.667+0300][126.107s][info ][gc] GC(4295) Pause Young (Normal) (G1 Evacuation Pause) 115M->115M(256M) 29.099ms
[2020-01-29T22:11:34.703+0300][126.143s][info ][gc] GC(4296) Pause Young (Concurrent Start) (G1 Humongous Allocation) 137M->137M(256M) 16.525ms
[2020-01-29T22:11:34.703+0300][126.143s][info ][gc] GC(4297) Concurrent Cycle
[2020-01-29T22:11:34.738+0300][126.179s][info ][gc] GC(4298) Pause Young (Normal) (G1 Evacuation Pause) 185M->186M(256M) 20.818ms
[2020-01-29T22:11:34.743+0300][126.184s][debug][gc] GC(4297) Reclaimed 104 empty regions
[2020-01-29T22:11:34.743+0300][126.184s][info ][gc] GC(4297) Pause Remark 195M->92M(256M) 0.638ms
[2020-01-29T22:11:34.755+0300][126.195s][info ][gc] GC(4299) Pause Young (Normal) (G1 Evacuation Pause) 96M->96M(256M) 9.907ms
[2020-01-29T22:11:34.801+0300][126.241s][info ][gc] GC(4300) Pause Young (Normal) (G1 Evacuation Pause) 137M->138M(256M) 29.911ms
[2020-01-29T22:11:34.848+0300][126.288s][info ][gc] GC(4301) Pause Young (Normal) (G1 Evacuation Pause) 166M->168M(256M) 35.672ms
[2020-01-29T22:11:34.898+0300][126.339s][info ][gc] GC(4302) Pause Young (Normal) (G1 Evacuation Pause) 207M->208M(256M) 31.636ms
[2020-01-29T22:11:34.930+0300][126.370s][info ][gc] GC(4303) Pause Young (Normal) (G1 Evacuation Pause) 217M->217M(256M) 27.541ms
[2020-01-29T22:11:34.963+0300][126.403s][info ][gc] GC(4304) Pause Young (Normal) (G1 Evacuation Pause) 227M->228M(256M) 28.684ms
[2020-01-29T22:11:34.964+0300][126.404s][info ][gc] GC(4297) Pause Cleanup 230M->230M(256M) 0.049ms
[2020-01-29T22:11:34.964+0300][126.405s][info ][gc] GC(4297) Concurrent Cycle 261.596ms
[2020-01-29T22:11:34.994+0300][126.434s][info ][gc] GC(4305) Pause Young (Normal) (G1 Evacuation Pause) 238M->238M(256M) 25.880ms
[2020-01-29T22:11:35.011+0300][126.451s][info ][gc] GC(4306) To-space exhausted
[2020-01-29T22:11:35.011+0300][126.451s][info ][gc] GC(4306) Pause Young (Concurrent Start) (G1 Evacuation Pause) 248M->251M(256M) 13.411ms
[2020-01-29T22:11:35.011+0300][126.451s][info ][gc] GC(4307) Concurrent Cycle
[2020-01-29T22:11:35.027+0300][126.466s][info ][gc] GC(4308) To-space exhausted
[2020-01-29T22:11:35.027+0300][126.467s][info ][gc] GC(4308) Pause Young (Normal) (G1 Evacuation Pause) 255M->255M(256M) 11.622ms
[2020-01-29T22:11:35.027+0300][126.467s][debug][gc] GC(4309) Clear Next Bitmap 0.094ms
[2020-01-29T22:11:35.072+0300][126.512s][info ][gc] GC(4309) Pause Full (G1 Evacuation Pause) 255M->77M(256M) 44.942ms
[2020-01-29T22:11:35.072+0300][126.512s][info ][gc] GC(4307) Concurrent Cycle 60.660ms
[2020-01-29T22:11:35.115+0300][126.556s][info ][gc] GC(4310) Pause Young (Normal) (G1 Evacuation Pause) 124M->124M(256M) 25.812ms
[2020-01-29T22:11:35.141+0300][126.581s][info ][gc] GC(4311) Pause Young (Concurrent Start) (G1 Humongous Allocation) 136M->137M(256M) 10.006ms
[2020-01-29T22:11:35.141+0300][126.581s][info ][gc] GC(4312) Concurrent Cycle
[2020-01-29T22:11:35.173+0300][126.614s][info ][gc] GC(4313) Pause Young (Normal) (G1 Evacuation Pause) 185M->186M(256M) 20.511ms
[2020-01-29T22:11:35.175+0300][126.616s][debug][gc] GC(4312) Reclaimed 116 empty regions
[2020-01-29T22:11:35.175+0300][126.616s][info ][gc] GC(4312) Pause Remark 189M->75M(256M) 0.678ms
[2020-01-29T22:11:35.189+0300][126.630s][info ][gc] GC(4314) Pause Young (Normal) (G1 Evacuation Pause) 84M->85M(256M) 9.762ms
[2020-01-29T22:11:35.241+0300][126.681s][info ][gc] GC(4315) Pause Young (Normal) (G1 Evacuation Pause) 130M->131M(256M) 33.514ms
[2020-01-29T22:11:35.304+0300][126.744s][info ][gc] GC(4316) Pause Young (Normal) (G1 Evacuation Pause) 181M->183M(256M) 40.352ms
[2020-01-29T22:11:35.307+0300][126.747s][info ][gc] GC(4312) Pause Cleanup 190M->190M(256M) 0.053ms
[2020-01-29T22:11:35.308+0300][126.748s][info ][gc] GC(4312) Concurrent Cycle 166.435ms
[2020-01-29T22:11:35.340+0300][126.780s][info ][gc] GC(4317) Pause Young (Normal) (G1 Evacuation Pause) 197M->197M(256M) 29.362ms
[2020-01-29T22:11:35.353+0300][126.793s][info ][gc] GC(4318) Pause Young (Concurrent Start) (G1 Evacuation Pause) 207M->208M(256M) 8.827ms
[2020-01-29T22:11:35.353+0300][126.793s][info ][gc] GC(4319) Concurrent Cycle
[2020-01-29T22:11:35.368+0300][126.808s][info ][gc] GC(4320) Pause Young (Normal) (G1 Evacuation Pause) 218M->218M(256M) 8.162ms
[2020-01-29T22:11:35.380+0300][126.820s][info ][gc] GC(4321) Pause Young (Normal) (G1 Evacuation Pause) 228M->229M(256M) 8.169ms
[2020-01-29T22:11:35.393+0300][126.832s][info ][gc] GC(4322) Pause Young (Normal) (G1 Evacuation Pause) 239M->240M(256M) 8.206ms
[2020-01-29T22:11:35.410+0300][126.850s][info ][gc] GC(4323) To-space exhausted
[2020-01-29T22:11:35.410+0300][126.850s][info ][gc] GC(4323) Pause Young (Normal) (G1 Evacuation Pause) 250M->254M(256M) 13.379ms
[2020-01-29T22:11:35.418+0300][126.858s][info ][gc] GC(4324) To-space exhausted
[2020-01-29T22:11:35.418+0300][126.858s][info ][gc] GC(4324) Pause Young (Normal) (G1 Evacuation Pause) 255M->255M(256M) 7.422ms
[2020-01-29T22:11:35.418+0300][126.858s][debug][gc] GC(4325) Clear Next Bitmap 0.084ms
[2020-01-29T22:11:35.472+0300][126.912s][info ][gc] GC(4325) Pause Full (G1 Evacuation Pause) 255M->86M(256M) 53.736ms
[2020-01-29T22:11:35.472+0300][126.912s][info ][gc] GC(4319) Concurrent Cycle 119.377ms
[2020-01-29T22:11:35.513+0300][126.953s][info ][gc] GC(4326) Pause Young (Normal) (G1 Evacuation Pause) 130M->130M(256M) 24.362ms
[2020-01-29T22:11:35.538+0300][126.978s][info ][gc] GC(4327) Pause Young (Concurrent Start) (G1 Humongous Allocation) 137M->137M(256M) 11.284ms
[2020-01-29T22:11:35.538+0300][126.978s][info ][gc] GC(4328) Concurrent Cycle
[2020-01-29T22:11:35.549+0300][126.990s][debug][gc] GC(4328) Reclaimed 112 empty regions
[2020-01-29T22:11:35.549+0300][126.990s][info ][gc] GC(4328) Pause Remark 182M->72M(256M) 0.644ms
[2020-01-29T22:11:35.568+0300][127.008s][info ][gc] GC(4329) Pause Young (Normal) (G1 Evacuation Pause) 74M->70M(256M) 17.275ms
[2020-01-29T22:11:35.588+0300][127.028s][info ][gc] GC(4328) Pause Cleanup 118M->118M(256M) 0.044ms
[2020-01-29T22:11:35.588+0300][127.028s][info ][gc] GC(4328) Concurrent Cycle 49.987ms
[2020-01-29T22:11:35.634+0300][127.074s][info ][gc] GC(4330) Pause Young (Prepare Mixed) (G1 Evacuation Pause) 119M->120M(256M) 45.075ms
[2020-01-29T22:11:35.685+0300][127.125s][info ][gc] GC(4331) Pause Young (Mixed) (G1 Evacuation Pause) 125M->114M(256M) 48.404ms
[2020-01-29T22:11:35.729+0300][127.169s][info ][gc] GC(4332) Pause Young (Concurrent Start) (G1 Humongous Allocation) 148M->149M(256M) 20.755ms
[2020-01-29T22:11:35.729+0300][127.169s][info ][gc] GC(4333) Concurrent Cycle
[2020-01-29T22:11:35.767+0300][127.207s][info ][gc] GC(4334) Pause Young (Normal) (G1 Evacuation Pause) 194M->194M(256M) 18.204ms
[2020-01-29T22:11:35.771+0300][127.211s][debug][gc] GC(4333) Reclaimed 102 empty regions
[2020-01-29T22:11:35.771+0300][127.211s][info ][gc] GC(4333) Pause Remark 204M->102M(256M) 0.632ms
[2020-01-29T22:11:35.781+0300][127.221s][info ][gc] GC(4335) Pause Young (Normal) (G1 Evacuation Pause) 102M->103M(256M) 9.227ms
[2020-01-29T22:11:35.823+0300][127.263s][info ][gc] GC(4336) Pause Young (Normal) (G1 Evacuation Pause) 142M->143M(256M) 26.985ms
[2020-01-29T22:11:35.866+0300][127.306s][info ][gc] GC(4337) Pause Young (Normal) (G1 Evacuation Pause) 169M->170M(256M) 32.647ms
[2020-01-29T22:11:35.919+0300][127.359s][info ][gc] GC(4338) Pause Young (Normal) (G1 Evacuation Pause) 208M->209M(256M) 34.257ms
[2020-01-29T22:11:35.950+0300][127.390s][info ][gc] GC(4339) Pause Young (Normal) (G1 Evacuation Pause) 218M->219M(256M) 27.154ms
[2020-01-29T22:11:35.983+0300][127.423s][info ][gc] GC(4340) Pause Young (Normal) (G1 Evacuation Pause) 229M->229M(256M) 28.732ms
[2020-01-29T22:11:36.017+0300][127.457s][info ][gc] GC(4341) Pause Young (Normal) (G1 Evacuation Pause) 239M->240M(256M) 29.425ms
[2020-01-29T22:11:36.058+0300][127.499s][info ][gc] GC(4342) To-space exhausted
[2020-01-29T22:11:36.058+0300][127.499s][info ][gc] GC(4342) Pause Young (Normal) (G1 Evacuation Pause) 250M->253M(256M) 37.154ms
[2020-01-29T22:11:36.059+0300][127.500s][info ][gc] GC(4333) Pause Cleanup 254M->254M(256M) 0.056ms
[2020-01-29T22:11:36.059+0300][127.500s][info ][gc] GC(4333) Concurrent Cycle 330.490ms
[2020-01-29T22:11:36.086+0300][127.526s][info ][gc] GC(4343) To-space exhausted
[2020-01-29T22:11:36.086+0300][127.526s][info ][gc] GC(4343) Pause Young (Normal) (G1 Evacuation Pause) 255M->255M(256M) 25.598ms
[2020-01-29T22:11:36.122+0300][127.562s][info ][gc] GC(4344) Pause Full (G1 Evacuation Pause) 255M->66M(256M) 35.579ms
[2020-01-29T22:11:36.176+0300][127.616s][info ][gc] GC(4345) Pause Young (Concurrent Start) (G1 Evacuation Pause) 122M->122M(256M) 31.363ms
[2020-01-29T22:11:36.176+0300][127.616s][info ][gc] GC(4346) Concurrent Cycle
[2020-01-29T22:11:36.229+0300][127.669s][info ][gc] GC(4347) Pause Young (Normal) (G1 Evacuation Pause) 176M->177M(256M) 24.232ms
[2020-01-29T22:11:36.248+0300][127.689s][info ][gc] GC(4348) Pause Young (Normal) (G1 Evacuation Pause) 193M->194M(256M) 13.297ms
[2020-01-29T22:11:36.261+0300][127.702s][info ][gc] GC(4349) Pause Young (Normal) (G1 Evacuation Pause) 204M->205M(256M) 8.581ms
[2020-01-29T22:11:36.273+0300][127.714s][info ][gc] GC(4350) Pause Young (Normal) (G1 Evacuation Pause) 215M->216M(256M) 7.899ms
[2020-01-29T22:11:36.285+0300][127.726s][info ][gc] GC(4351) Pause Young (Normal) (G1 Evacuation Pause) 226M->227M(256M) 7.974ms
[2020-01-29T22:11:36.297+0300][127.738s][info ][gc] GC(4352) Pause Young (Normal) (G1 Evacuation Pause) 237M->238M(256M) 7.952ms
[2020-01-29T22:11:36.313+0300][127.754s][info ][gc] GC(4353) To-space exhausted
[2020-01-29T22:11:36.313+0300][127.754s][info ][gc] GC(4353) Pause Young (Normal) (G1 Evacuation Pause) 248M->250M(256M) 12.165ms
[2020-01-29T22:11:36.327+0300][127.767s][info ][gc] GC(4354) To-space exhausted
[2020-01-29T22:11:36.327+0300][127.767s][info ][gc] GC(4354) Pause Young (Normal) (G1 Evacuation Pause) 254M->254M(256M) 11.828ms
[2020-01-29T22:11:36.327+0300][127.768s][debug][gc] GC(4355) Clear Next Bitmap 0.091ms
[2020-01-29T22:11:36.388+0300][127.829s][info ][gc] GC(4355) Pause Full (G1 Evacuation Pause) 254M->110M(256M) 61.215ms
[2020-01-29T22:11:36.389+0300][127.829s][info ][gc] GC(4346) Concurrent Cycle 213.382ms
[2020-01-29T22:11:36.425+0300][127.865s][info ][gc] GC(4356) Pause Young (Concurrent Start) (G1 Humongous Allocation) 137M->136M(256M) 15.068ms
[2020-01-29T22:11:36.425+0300][127.865s][info ][gc] GC(4357) Concurrent Cycle
[2020-01-29T22:11:36.459+0300][127.899s][info ][gc] GC(4358) Pause Young (Normal) (G1 Evacuation Pause) 185M->186M(256M) 20.522ms
[2020-01-29T22:11:36.463+0300][127.903s][debug][gc] GC(4357) Reclaimed 108 empty regions
[2020-01-29T22:11:36.463+0300][127.904s][info ][gc] GC(4357) Pause Remark 196M->89M(256M) 0.632ms
[2020-01-29T22:11:36.476+0300][127.917s][info ][gc] GC(4359) Pause Young (Normal) (G1 Evacuation Pause) 92M->93M(256M) 11.409ms
[2020-01-29T22:11:36.528+0300][127.968s][info ][gc] GC(4360) Pause Young (Normal) (G1 Evacuation Pause) 138M->139M(256M) 33.252ms
[2020-01-29T22:11:36.589+0300][128.029s][info ][gc] GC(4361) Pause Young (Normal) (G1 Evacuation Pause) 187M->188M(256M) 37.542ms
[2020-01-29T22:11:36.627+0300][128.068s][info ][gc] GC(4362) Pause Young (Normal) (G1 Evacuation Pause) 200M->201M(256M) 33.377ms
[2020-01-29T22:11:36.658+0300][128.098s][info ][gc] GC(4363) Pause Young (Normal) (G1 Evacuation Pause) 210M->211M(256M) 26.059ms
[2020-01-29T22:11:36.659+0300][128.100s][info ][gc] GC(4357) Pause Cleanup 215M->215M(256M) 0.042ms
[2020-01-29T22:11:36.659+0300][128.100s][info ][gc] GC(4357) Concurrent Cycle 235.106ms
[2020-01-29T22:11:36.685+0300][128.126s][info ][gc] GC(4364) Pause Young (Normal) (G1 Evacuation Pause) 221M->222M(256M) 23.253ms
[2020-01-29T22:11:36.698+0300][128.138s][info ][gc] GC(4365) Pause Young (Concurrent Start) (G1 Evacuation Pause) 232M->233M(256M) 8.344ms
[2020-01-29T22:11:36.698+0300][128.138s][info ][gc] GC(4366) Concurrent Cycle
[2020-01-29T22:11:36.713+0300][128.153s][info ][gc] GC(4367) To-space exhausted
[2020-01-29T22:11:36.713+0300][128.153s][info ][gc] GC(4367) Pause Young (Normal) (G1 Evacuation Pause) 243M->244M(256M) 8.709ms
[2020-01-29T22:11:36.733+0300][128.174s][info ][gc] GC(4368) To-space exhausted
[2020-01-29T22:11:36.734+0300][128.174s][info ][gc] GC(4368) Pause Young (Normal) (G1 Evacuation Pause) 254M->255M(256M) 16.707ms
[2020-01-29T22:11:36.734+0300][128.174s][debug][gc] GC(4369) Clear Next Bitmap 0.079ms
[2020-01-29T22:11:36.781+0300][128.221s][info ][gc] GC(4369) Pause Full (G1 Evacuation Pause) 255M->82M(256M) 47.432ms
[2020-01-29T22:11:36.781+0300][128.222s][info ][gc] GC(4366) Concurrent Cycle 83.593ms
[2020-01-29T22:11:36.825+0300][128.266s][info ][gc] GC(4370) Pause Young (Normal) (G1 Evacuation Pause) 128M->129M(256M) 26.044ms
[2020-01-29T22:11:36.848+0300][128.288s][info ][gc] GC(4371) Pause Young (Concurrent Start) (G1 Humongous Allocation) 137M->137M(256M) 8.794ms
[2020-01-29T22:11:36.848+0300][128.288s][info ][gc] GC(4372) Concurrent Cycle
[2020-01-29T22:11:36.860+0300][128.300s][debug][gc] GC(4372) Reclaimed 119 empty regions
[2020-01-29T22:11:36.860+0300][128.300s][info ][gc] GC(4372) Pause Remark 183M->65M(256M) 0.639ms
[2020-01-29T22:11:36.879+0300][128.319s][info ][gc] GC(4373) Pause Young (Normal) (G1 Evacuation Pause) 67M->64M(256M) 17.850ms
[2020-01-29T22:11:36.942+0300][128.382s][info ][gc] GC(4374) Pause Young (Normal) (G1 Evacuation Pause) 116M->117M(256M) 42.567ms
[2020-01-29T22:11:36.944+0300][128.384s][info ][gc] GC(4372) Pause Cleanup 120M->120M(256M) 0.044ms
[2020-01-29T22:11:36.944+0300][128.384s][info ][gc] GC(4372) Concurrent Cycle 95.305ms
[2020-01-29T22:11:37.004+0300][128.445s][info ][gc] GC(4375) Pause Young (Concurrent Start) (G1 Humongous Allocation) 152M->153M(256M) 38.399ms
[2020-01-29T22:11:37.004+0300][128.445s][info ][gc] GC(4376) Concurrent Cycle
[2020-01-29T22:11:37.045+0300][128.485s][info ][gc] GC(4377) Pause Young (Normal) (G1 Evacuation Pause) 196M->196M(256M) 17.950ms
[2020-01-29T22:11:37.049+0300][128.489s][debug][gc] GC(4376) Reclaimed 104 empty regions
[2020-01-29T22:11:37.049+0300][128.489s][info ][gc] GC(4376) Pause Remark 205M->101M(256M) 0.626ms
[2020-01-29T22:11:37.059+0300][128.499s][info ][gc] GC(4378) Pause Young (Normal) (G1 Evacuation Pause) 102M->102M(256M) 9.383ms
[2020-01-29T22:11:37.101+0300][128.541s][info ][gc] GC(4379) Pause Young (Normal) (G1 Evacuation Pause) 141M->142M(256M) 26.591ms
[2020-01-29T22:11:37.144+0300][128.584s][info ][gc] GC(4380) Pause Young (Normal) (G1 Evacuation Pause) 169M->170M(256M) 32.414ms
[2020-01-29T22:11:37.193+0300][128.633s][info ][gc] GC(4381) Pause Young (Normal) (G1 Evacuation Pause) 208M->208M(256M) 29.867ms
[2020-01-29T22:11:37.223+0300][128.663s][info ][gc] GC(4382) Pause Young (Normal) (G1 Evacuation Pause) 217M->218M(256M) 25.331ms
[2020-01-29T22:11:37.253+0300][128.693s][info ][gc] GC(4383) Pause Young (Normal) (G1 Evacuation Pause) 228M->229M(256M) 25.673ms
[2020-01-29T22:11:37.284+0300][128.724s][info ][gc] GC(4384) Pause Young (Normal) (G1 Evacuation Pause) 239M->240M(256M) 26.840ms
[2020-01-29T22:11:37.321+0300][128.761s][info ][gc] GC(4385) To-space exhausted
[2020-01-29T22:11:37.321+0300][128.761s][info ][gc] GC(4385) Pause Young (Normal) (G1 Evacuation Pause) 250M->252M(256M) 32.607ms
[2020-01-29T22:11:37.352+0300][128.792s][info ][gc] GC(4386) To-space exhausted
[2020-01-29T22:11:37.352+0300][128.792s][info ][gc] GC(4386) Pause Young (Normal) (G1 Evacuation Pause) 255M->255M(256M) 29.112ms
[2020-01-29T22:11:37.352+0300][128.792s][debug][gc] GC(4387) Clear Next Bitmap 0.059ms
[2020-01-29T22:11:37.385+0300][128.826s][info ][gc] GC(4387) Pause Full (G1 Evacuation Pause) 255M->66M(256M) 33.484ms
[2020-01-29T22:11:37.385+0300][128.826s][info ][gc] GC(4376) Concurrent Cycle 381.141ms
[2020-01-29T22:11:37.433+0300][128.873s][info ][gc] GC(4388) Pause Young (Normal) (G1 Evacuation Pause) 117M->116M(256M) 27.317ms
[2020-01-29T22:11:37.467+0300][128.908s][info ][gc] GC(4389) Pause Young (Concurrent Start) (G1 Humongous Allocation) 137M->137M(256M) 15.708ms
[2020-01-29T22:11:37.467+0300][128.908s][info ][gc] GC(4390) Concurrent Cycle
[2020-01-29T22:11:37.502+0300][128.943s][info ][gc] GC(4391) Pause Young (Normal) (G1 Evacuation Pause) 184M->185M(256M) 20.383ms
[2020-01-29T22:11:37.507+0300][128.947s][debug][gc] GC(4390) Reclaimed 108 empty regions
[2020-01-29T22:11:37.507+0300][128.947s][info ][gc] GC(4390) Pause Remark 195M->90M(256M) 0.652ms
[2020-01-29T22:11:37.518+0300][128.958s][info ][gc] GC(4392) Pause Young (Normal) (G1 Evacuation Pause) 92M->93M(256M) 9.621ms
[2020-01-29T22:11:37.564+0300][129.005s][info ][gc] GC(4393) Pause Young (Normal) (G1 Evacuation Pause) 135M->136M(256M) 30.029ms
[2020-01-29T22:11:37.612+0300][129.052s][info ][gc] GC(4394) Pause Young (Normal) (G1 Evacuation Pause) 165M->166M(256M) 36.109ms
[2020-01-29T22:11:37.665+0300][129.105s][info ][gc] GC(4395) Pause Young (Normal) (G1 Evacuation Pause) 205M->206M(256M) 33.627ms
[2020-01-29T22:11:37.697+0300][129.137s][info ][gc] GC(4396) Pause Young (Normal) (G1 Evacuation Pause) 215M->215M(256M) 28.078ms
[2020-01-29T22:11:37.730+0300][129.170s][info ][gc] GC(4397) Pause Young (Normal) (G1 Evacuation Pause) 225M->227M(256M) 27.534ms
[2020-01-29T22:11:37.731+0300][129.171s][info ][gc] GC(4390) Pause Cleanup 229M->229M(256M) 0.055ms
[2020-01-29T22:11:37.731+0300][129.171s][info ][gc] GC(4390) Concurrent Cycle 263.515ms
[2020-01-29T22:11:37.759+0300][129.200s][info ][gc] GC(4398) Pause Young (Normal) (G1 Evacuation Pause) 237M->237M(256M) 25.624ms
[2020-01-29T22:11:37.776+0300][129.217s][info ][gc] GC(4399) To-space exhausted
[2020-01-29T22:11:37.776+0300][129.217s][info ][gc] GC(4399) Pause Young (Concurrent Start) (G1 Evacuation Pause) 247M->251M(256M) 12.902ms
[2020-01-29T22:11:37.776+0300][129.217s][info ][gc] GC(4400) Concurrent Cycle
[2020-01-29T22:11:37.791+0300][129.232s][info ][gc] GC(4401) To-space exhausted
[2020-01-29T22:11:37.791+0300][129.232s][info ][gc] GC(4401) Pause Young (Normal) (G1 Evacuation Pause) 255M->255M(256M) 10.676ms
[2020-01-29T22:11:37.791+0300][129.232s][debug][gc] GC(4402) Clear Next Bitmap 0.085ms
[2020-01-29T22:11:37.836+0300][129.277s][info ][gc] GC(4402) Pause Full (G1 Evacuation Pause) 255M->78M(256M) 44.741ms
[2020-01-29T22:11:37.836+0300][129.277s][info ][gc] GC(4400) Concurrent Cycle 60.013ms
[2020-01-29T22:11:37.881+0300][129.321s][info ][gc] GC(4403) Pause Young (Normal) (G1 Evacuation Pause) 125M->125M(256M) 25.963ms
[2020-01-29T22:11:37.907+0300][129.347s][info ][gc] GC(4404) Pause Young (Concurrent Start) (G1 Humongous Allocation) 136M->137M(256M) 10.306ms
[2020-01-29T22:11:37.907+0300][129.347s][info ][gc] GC(4405) Concurrent Cycle
[2020-01-29T22:11:37.939+0300][129.379s][info ][gc] GC(4406) Pause Young (Normal) (G1 Evacuation Pause) 185M->186M(256M) 20.050ms
[2020-01-29T22:11:37.940+0300][129.380s][debug][gc] GC(4405) Reclaimed 117 empty regions
[2020-01-29T22:11:37.940+0300][129.380s][info ][gc] GC(4405) Pause Remark 187M->72M(256M) 0.631ms
[2020-01-29T22:11:37.954+0300][129.395s][info ][gc] GC(4407) Pause Young (Normal) (G1 Evacuation Pause) 83M->85M(256M) 9.852ms
[2020-01-29T22:11:38.006+0300][129.446s][info ][gc] GC(4408) Pause Young (Normal) (G1 Evacuation Pause) 130M->131M(256M) 33.493ms
[2020-01-29T22:11:38.070+0300][129.510s][info ][gc] GC(4409) Pause Young (Normal) (G1 Evacuation Pause) 181M->182M(256M) 40.129ms
[2020-01-29T22:11:38.074+0300][129.513s][info ][gc] GC(4405) Pause Cleanup 191M->191M(256M) 0.042ms
[2020-01-29T22:11:38.074+0300][129.514s][info ][gc] GC(4405) Concurrent Cycle 166.968ms
[2020-01-29T22:11:38.105+0300][129.545s][info ][gc] GC(4410) Pause Young (Normal) (G1 Evacuation Pause) 196M->197M(256M) 29.233ms
[2020-01-29T22:11:38.118+0300][129.558s][info ][gc] GC(4411) Pause Young (Concurrent Start) (G1 Evacuation Pause) 207M->208M(256M) 8.900ms
[2020-01-29T22:11:38.118+0300][129.558s][info ][gc] GC(4412) Concurrent Cycle
[2020-01-29T22:11:38.132+0300][129.573s][info ][gc] GC(4413) Pause Young (Normal) (G1 Evacuation Pause) 218M->218M(256M) 8.165ms
[2020-01-29T22:11:38.145+0300][129.585s][info ][gc] GC(4414) Pause Young (Normal) (G1 Evacuation Pause) 228M->229M(256M) 8.191ms
[2020-01-29T22:11:38.157+0300][129.597s][info ][gc] GC(4415) Pause Young (Normal) (G1 Evacuation Pause) 239M->240M(256M) 7.911ms
[2020-01-29T22:11:38.174+0300][129.615s][info ][gc] GC(4416) To-space exhausted
[2020-01-29T22:11:38.175+0300][129.615s][info ][gc] GC(4416) Pause Young (Normal) (G1 Evacuation Pause) 250M->252M(256M) 13.704ms
[2020-01-29T22:11:38.185+0300][129.626s][info ][gc] GC(4417) To-space exhausted
[2020-01-29T22:11:38.185+0300][129.626s][info ][gc] GC(4417) Pause Young (Normal) (G1 Evacuation Pause) 255M->255M(256M) 9.459ms
[2020-01-29T22:11:38.186+0300][129.626s][debug][gc] GC(4418) Clear Next Bitmap 0.097ms
[2020-01-29T22:11:38.233+0300][129.674s][info ][gc] GC(4418) Pause Full (G1 Evacuation Pause) 255M->88M(256M) 47.813ms
[2020-01-29T22:11:38.234+0300][129.674s][info ][gc] GC(4412) Concurrent Cycle 116.185ms
[2020-01-29T22:11:38.275+0300][129.715s][info ][gc] GC(4419) Pause Young (Normal) (G1 Evacuation Pause) 132M->132M(256M) 24.400ms
[2020-01-29T22:11:38.295+0300][129.735s][info ][gc] GC(4420) Pause Young (Concurrent Start) (G1 Humongous Allocation) 136M->137M(256M) 7.355ms
[2020-01-29T22:11:38.295+0300][129.735s][info ][gc] GC(4421) Concurrent Cycle
[2020-01-29T22:11:38.305+0300][129.745s][debug][gc] GC(4421) Reclaimed 123 empty regions
[2020-01-29T22:11:38.305+0300][129.745s][info ][gc] GC(4421) Pause Remark 177M->56M(256M) 0.645ms
[2020-01-29T22:11:38.326+0300][129.766s][info ][gc] GC(4422) Pause Young (Normal) (G1 Evacuation Pause) 64M->60M(256M) 18.098ms
[2020-01-29T22:11:38.342+0300][129.782s][info ][gc] GC(4421) Pause Cleanup 100M->100M(256M) 0.037ms
[2020-01-29T22:11:38.342+0300][129.782s][info ][gc] GC(4421) Concurrent Cycle 46.614ms
[2020-01-29T22:11:38.387+0300][129.827s][info ][gc] GC(4423) Pause Young (Normal) (G1 Evacuation Pause) 113M->114M(256M) 40.344ms
[2020-01-29T22:11:38.435+0300][129.875s][info ][gc] GC(4424) Pause Young (Concurrent Start) (G1 Humongous Allocation) 149M->149M(256M) 23.511ms
[2020-01-29T22:11:38.435+0300][129.875s][info ][gc] GC(4425) Concurrent Cycle
[2020-01-29T22:11:38.476+0300][129.916s][info ][gc] GC(4426) Pause Young (Normal) (G1 Evacuation Pause) 194M->195M(256M) 18.773ms
[2020-01-29T22:11:38.481+0300][129.920s][debug][gc] GC(4425) Reclaimed 102 empty regions
[2020-01-29T22:11:38.481+0300][129.920s][info ][gc] GC(4425) Pause Remark 204M->102M(256M) 0.634ms
[2020-01-29T22:11:38.490+0300][129.930s][info ][gc] GC(4427) Pause Young (Normal) (G1 Evacuation Pause) 103M->103M(256M) 8.909ms
[2020-01-29T22:11:38.531+0300][129.972s][info ][gc] GC(4428) Pause Young (Normal) (G1 Evacuation Pause) 142M->143M(256M) 26.744ms
[2020-01-29T22:11:38.575+0300][130.015s][info ][gc] GC(4429) Pause Young (Normal) (G1 Evacuation Pause) 169M->171M(256M) 32.957ms
[2020-01-29T22:11:38.624+0300][130.065s][info ][gc] GC(4430) Pause Young (Normal) (G1 Evacuation Pause) 209M->210M(256M) 30.453ms
[2020-01-29T22:11:38.659+0300][130.100s][info ][gc] GC(4431) Pause Young (Normal) (G1 Evacuation Pause) 219M->220M(256M) 28.352ms
[2020-01-29T22:11:38.688+0300][130.128s][info ][gc] GC(4432) Pause Young (Normal) (G1 Evacuation Pause) 230M->231M(256M) 24.760ms
[2020-01-29T22:11:38.718+0300][130.159s][info ][gc] GC(4433) Pause Young (Normal) (G1 Evacuation Pause) 241M->241M(256M) 25.885ms
[2020-01-29T22:11:38.757+0300][130.197s][info ][gc] GC(4434) To-space exhausted
[2020-01-29T22:11:38.757+0300][130.197s][info ][gc] GC(4434) Pause Young (Normal) (G1 Evacuation Pause) 251M->255M(256M) 33.775ms
[2020-01-29T22:11:38.757+0300][130.197s][debug][gc] GC(4435) Clear Next Bitmap 0.058ms
[2020-01-29T22:11:38.790+0300][130.230s][info ][gc] GC(4435) Pause Full (G1 Evacuation Pause) 255M->64M(256M) 33.346ms
[2020-01-29T22:11:38.790+0300][130.230s][info ][gc] GC(4425) Concurrent Cycle 355.346ms
[2020-01-29T22:11:38.839+0300][130.278s][info ][gc] GC(4436) Pause Young (Normal) (G1 Evacuation Pause) 115M->115M(256M) 27.934ms
[2020-01-29T22:11:38.875+0300][130.315s][info ][gc] GC(4437) Pause Young (Concurrent Start) (G1 Humongous Allocation) 137M->138M(256M) 16.971ms
[2020-01-29T22:11:38.875+0300][130.315s][info ][gc] GC(4438) Concurrent Cycle
[2020-01-29T22:11:38.910+0300][130.350s][info ][gc] GC(4439) Pause Young (Normal) (G1 Evacuation Pause) 185M->186M(256M) 19.779ms
[2020-01-29T22:11:38.914+0300][130.354s][debug][gc] GC(4438) Reclaimed 106 empty regions
[2020-01-29T22:11:38.914+0300][130.354s][info ][gc] GC(4438) Pause Remark 195M->92M(256M) 0.621ms
[2020-01-29T22:11:38.925+0300][130.365s][info ][gc] GC(4440) Pause Young (Normal) (G1 Evacuation Pause) 94M->95M(256M) 9.705ms
[2020-01-29T22:11:38.970+0300][130.411s][info ][gc] GC(4441) Pause Young (Normal) (G1 Evacuation Pause) 136M->137M(256M) 29.587ms
[2020-01-29T22:11:39.020+0300][130.460s][info ][gc] GC(4442) Pause Young (Normal) (G1 Evacuation Pause) 165M->167M(256M) 38.335ms
[2020-01-29T22:11:39.075+0300][130.515s][info ][gc] GC(4443) Pause Young (Normal) (G1 Evacuation Pause) 206M->207M(256M) 35.373ms
[2020-01-29T22:11:39.111+0300][130.551s][info ][gc] GC(4444) Pause Young (Normal) (G1 Evacuation Pause) 216M->217M(256M) 28.387ms
[2020-01-29T22:11:39.114+0300][130.554s][info ][gc] GC(4438) Pause Cleanup 223M->223M(256M) 0.049ms
[2020-01-29T22:11:39.114+0300][130.554s][info ][gc] GC(4438) Concurrent Cycle 239.130ms
[2020-01-29T22:11:39.142+0300][130.581s][info ][gc] GC(4445) Pause Young (Normal) (G1 Evacuation Pause) 227M->227M(256M) 25.973ms
[2020-01-29T22:11:39.154+0300][130.594s][info ][gc] GC(4446) Pause Young (Concurrent Start) (G1 Evacuation Pause) 237M->238M(256M) 8.231ms
[2020-01-29T22:11:39.154+0300][130.594s][info ][gc] GC(4447) Concurrent Cycle
[2020-01-29T22:11:39.171+0300][130.612s][info ][gc] GC(4448) To-space exhausted
[2020-01-29T22:11:39.171+0300][130.612s][info ][gc] GC(4448) Pause Young (Normal) (G1 Evacuation Pause) 248M->251M(256M) 11.980ms
[2020-01-29T22:11:39.184+0300][130.624s][info ][gc] GC(4449) To-space exhausted
[2020-01-29T22:11:39.184+0300][130.624s][info ][gc] GC(4449) Pause Young (Normal) (G1 Evacuation Pause) 255M->255M(256M) 10.850ms
[2020-01-29T22:11:39.184+0300][130.625s][debug][gc] GC(4450) Clear Next Bitmap 0.084ms
[2020-01-29T22:11:39.224+0300][130.664s][info ][gc] GC(4450) Pause Full (G1 Evacuation Pause) 255M->77M(256M) 39.600ms
[2020-01-29T22:11:39.224+0300][130.664s][info ][gc] GC(4447) Concurrent Cycle 70.734ms
[2020-01-29T22:11:39.268+0300][130.708s][info ][gc] GC(4451) Pause Young (Normal) (G1 Evacuation Pause) 124M->124M(256M) 25.806ms
[2020-01-29T22:11:39.297+0300][130.737s][info ][gc] GC(4452) Pause Young (Concurrent Start) (G1 Humongous Allocation) 137M->138M(256M) 13.309ms
[2020-01-29T22:11:39.297+0300][130.737s][info ][gc] GC(4453) Concurrent Cycle
[2020-01-29T22:11:39.329+0300][130.769s][info ][gc] GC(4454) Pause Young (Normal) (G1 Evacuation Pause) 186M->186M(256M) 19.950ms
[2020-01-29T22:11:39.331+0300][130.772s][debug][gc] GC(4453) Reclaimed 115 empty regions
[2020-01-29T22:11:39.331+0300][130.772s][info ][gc] GC(4453) Pause Remark 190M->77M(256M) 0.644ms
[2020-01-29T22:11:39.345+0300][130.785s][info ][gc] GC(4455) Pause Young (Normal) (G1 Evacuation Pause) 85M->86M(256M) 10.569ms
[2020-01-29T22:11:39.395+0300][130.835s][info ][gc] GC(4456) Pause Young (Normal) (G1 Evacuation Pause) 130M->131M(256M) 32.088ms
[2020-01-29T22:11:39.445+0300][130.885s][info ][gc] GC(4457) Pause Young (Normal) (G1 Evacuation Pause) 161M->161M(256M) 37.216ms
[2020-01-29T22:11:39.463+0300][130.903s][info ][gc] GC(4453) Pause Cleanup 197M->197M(256M) 0.043ms
[2020-01-29T22:11:39.463+0300][130.903s][info ][gc] GC(4453) Concurrent Cycle 165.774ms
[2020-01-29T22:11:39.499+0300][130.939s][info ][gc] GC(4458) Pause Young (Normal) (G1 Evacuation Pause) 202M->203M(256M) 33.666ms
[2020-01-29T22:11:39.510+0300][130.949s][info ][gc] GC(4459) Pause Young (Concurrent Start) (G1 Evacuation Pause) 211M->213M(256M) 7.525ms
[2020-01-29T22:11:39.510+0300][130.949s][info ][gc] GC(4460) Concurrent Cycle
[2020-01-29T22:11:39.524+0300][130.964s][info ][gc] GC(4461) Pause Young (Normal) (G1 Evacuation Pause) 223M->223M(256M) 7.817ms
[2020-01-29T22:11:39.535+0300][130.976s][info ][gc] GC(4462) Pause Young (Normal) (G1 Evacuation Pause) 233M->234M(256M) 7.888ms
[2020-01-29T22:11:39.549+0300][130.989s][info ][gc] GC(4463) To-space exhausted
[2020-01-29T22:11:39.549+0300][130.989s][info ][gc] GC(4463) Pause Young (Normal) (G1 Evacuation Pause) 244M->247M(256M) 9.163ms
[2020-01-29T22:11:39.568+0300][131.008s][info ][gc] GC(4464) To-space exhausted
[2020-01-29T22:11:39.568+0300][131.008s][info ][gc] GC(4464) Pause Young (Normal) (G1 Evacuation Pause) 255M->255M(256M) 15.772ms
[2020-01-29T22:11:39.568+0300][131.009s][debug][gc] GC(4465) Clear Next Bitmap 0.089ms
[2020-01-29T22:11:39.615+0300][131.055s][info ][gc] GC(4465) Pause Full (G1 Evacuation Pause) 255M->87M(256M) 46.575ms
[2020-01-29T22:11:39.615+0300][131.055s][info ][gc] GC(4460) Concurrent Cycle 105.940ms
[2020-01-29T22:11:39.659+0300][131.098s][info ][gc] GC(4466) Pause Young (Normal) (G1 Evacuation Pause) 131M->131M(256M) 25.803ms
[2020-01-29T22:11:39.678+0300][131.118s][info ][gc] GC(4467) Pause Young (Concurrent Start) (G1 Humongous Allocation) 137M->137M(256M) 6.830ms
[2020-01-29T22:11:39.678+0300][131.118s][info ][gc] GC(4468) Concurrent Cycle
[2020-01-29T22:11:39.689+0300][131.129s][debug][gc] GC(4468) Reclaimed 124 empty regions
[2020-01-29T22:11:39.689+0300][131.129s][info ][gc] GC(4468) Pause Remark 180M->59M(256M) 0.639ms
[2020-01-29T22:11:39.709+0300][131.149s][info ][gc] GC(4469) Pause Young (Normal) (G1 Evacuation Pause) 63M->58M(256M) 18.060ms
[2020-01-29T22:11:39.727+0300][131.167s][info ][gc] GC(4468) Pause Cleanup 105M->105M(256M) 0.043ms
[2020-01-29T22:11:39.727+0300][131.168s][info ][gc] GC(4468) Concurrent Cycle 49.390ms
[2020-01-29T22:11:39.771+0300][131.211s][info ][gc] GC(4470) Pause Young (Normal) (G1 Evacuation Pause) 112M->113M(256M) 41.010ms
[2020-01-29T22:11:39.818+0300][131.259s][info ][gc] GC(4471) Pause Young (Concurrent Start) (G1 Humongous Allocation) 147M->148M(256M) 23.519ms
[2020-01-29T22:11:39.818+0300][131.259s][info ][gc] GC(4472) Concurrent Cycle
[2020-01-29T22:11:39.860+0300][131.300s][info ][gc] GC(4473) Pause Young (Normal) (G1 Evacuation Pause) 193M->194M(256M) 18.971ms
[2020-01-29T22:11:39.864+0300][131.304s][debug][gc] GC(4472) Reclaimed 100 empty regions
[2020-01-29T22:11:39.864+0300][131.304s][info ][gc] GC(4472) Pause Remark 204M->104M(256M) 0.634ms
[2020-01-29T22:11:39.874+0300][131.314s][info ][gc] GC(4474) Pause Young (Normal) (G1 Evacuation Pause) 104M->105M(256M) 9.420ms
[2020-01-29T22:11:39.916+0300][131.356s][info ][gc] GC(4475) Pause Young (Normal) (G1 Evacuation Pause) 143M->144M(256M) 27.015ms
[2020-01-29T22:11:39.959+0300][131.399s][info ][gc] GC(4476) Pause Young (Normal) (G1 Evacuation Pause) 170M->171M(256M) 32.296ms
[2020-01-29T22:11:40.011+0300][131.451s][info ][gc] GC(4477) Pause Young (Normal) (G1 Evacuation Pause) 209M->210M(256M) 33.906ms
[2020-01-29T22:11:40.043+0300][131.483s][info ][gc] GC(4478) Pause Young (Normal) (G1 Evacuation Pause) 219M->220M(256M) 27.790ms
[2020-01-29T22:11:40.077+0300][131.516s][info ][gc] GC(4479) Pause Young (Normal) (G1 Evacuation Pause) 230M->231M(256M) 28.781ms
[2020-01-29T22:11:40.110+0300][131.551s][info ][gc] GC(4480) Pause Young (Normal) (G1 Evacuation Pause) 241M->242M(256M) 30.196ms
[2020-01-29T22:11:40.151+0300][131.592s][info ][gc] GC(4481) To-space exhausted
[2020-01-29T22:11:40.151+0300][131.592s][info ][gc] GC(4481) Pause Young (Normal) (G1 Evacuation Pause) 252M->254M(256M) 36.474ms
[2020-01-29T22:11:40.161+0300][131.601s][info ][gc] GC(4472) Pause Cleanup 255M->255M(256M) 0.056ms
[2020-01-29T22:11:40.161+0300][131.601s][info ][gc] GC(4472) Concurrent Cycle 342.782ms
[2020-01-29T22:11:40.181+0300][131.621s][info ][gc] GC(4482) To-space exhausted
[2020-01-29T22:11:40.181+0300][131.622s][info ][gc] GC(4482) Pause Young (Normal) (G1 Evacuation Pause) 255M->255M(256M) 19.691ms
[2020-01-29T22:11:40.213+0300][131.654s][info ][gc] GC(4483) Pause Full (G1 Evacuation Pause) 255M->64M(256M) 32.129ms
[2020-01-29T22:11:40.268+0300][131.708s][info ][gc] GC(4484) Pause Young (Concurrent Start) (G1 Evacuation Pause) 121M->121M(256M) 31.332ms
[2020-01-29T22:11:40.268+0300][131.708s][info ][gc] GC(4485) Concurrent Cycle
[2020-01-29T22:11:40.323+0300][131.763s][info ][gc] GC(4486) Pause Young (Normal) (G1 Evacuation Pause) 176M->177M(256M) 25.475ms
[2020-01-29T22:11:40.343+0300][131.783s][info ][gc] GC(4487) Pause Young (Normal) (G1 Evacuation Pause) 193M->193M(256M) 13.328ms
[2020-01-29T22:11:40.356+0300][131.796s][info ][gc] GC(4488) Pause Young (Normal) (G1 Evacuation Pause) 203M->204M(256M) 8.582ms
[2020-01-29T22:11:40.368+0300][131.808s][info ][gc] GC(4489) Pause Young (Normal) (G1 Evacuation Pause) 214M->215M(256M) 7.851ms
[2020-01-29T22:11:40.381+0300][131.820s][info ][gc] GC(4490) Pause Young (Normal) (G1 Evacuation Pause) 225M->226M(256M) 8.008ms
[2020-01-29T22:11:40.393+0300][131.833s][info ][gc] GC(4491) Pause Young (Normal) (G1 Evacuation Pause) 236M->237M(256M) 8.153ms
[2020-01-29T22:11:40.409+0300][131.849s][info ][gc] GC(4492) To-space exhausted
[2020-01-29T22:11:40.410+0300][131.849s][info ][gc] GC(4492) Pause Young (Normal) (G1 Evacuation Pause) 247M->253M(256M) 11.810ms
[2020-01-29T22:11:40.418+0300][131.857s][info ][gc] GC(4493) To-space exhausted
[2020-01-29T22:11:40.418+0300][131.857s][info ][gc] GC(4493) Pause Young (Normal) (G1 Evacuation Pause) 254M->254M(256M) 7.401ms
[2020-01-29T22:11:40.418+0300][131.858s][debug][gc] GC(4494) Clear Next Bitmap 0.075ms
[2020-01-29T22:11:40.477+0300][131.918s][info ][gc] GC(4494) Pause Full (G1 Evacuation Pause) 254M->107M(256M) 60.427ms
[2020-01-29T22:11:40.478+0300][131.918s][info ][gc] GC(4485) Concurrent Cycle 210.131ms
[2020-01-29T22:11:40.516+0300][131.957s][info ][gc] GC(4495) Pause Young (Concurrent Start) (G1 Humongous Allocation) 137M->136M(256M) 16.877ms
[2020-01-29T22:11:40.517+0300][131.957s][info ][gc] GC(4496) Concurrent Cycle
[2020-01-29T22:11:40.552+0300][131.992s][info ][gc] GC(4497) Pause Young (Normal) (G1 Evacuation Pause) 184M->185M(256M) 19.769ms
[2020-01-29T22:11:40.556+0300][131.997s][debug][gc] GC(4496) Reclaimed 95 empty regions
[2020-01-29T22:11:40.556+0300][131.997s][info ][gc] GC(4496) Pause Remark 195M->100M(256M) 0.631ms
[2020-01-29T22:11:40.570+0300][132.010s][info ][gc] GC(4498) Pause Young (Normal) (G1 Evacuation Pause) 103M->104M(256M) 11.725ms
[2020-01-29T22:11:40.616+0300][132.056s][info ][gc] GC(4499) Pause Young (Normal) (G1 Evacuation Pause) 144M->145M(256M) 30.369ms
[2020-01-29T22:11:40.680+0300][132.120s][info ][gc] GC(4500) Pause Young (Normal) (G1 Evacuation Pause) 170M->170M(256M) 48.465ms
[2020-01-29T22:11:40.729+0300][132.169s][info ][gc] GC(4501) Pause Young (Normal) (G1 Evacuation Pause) 207M->208M(256M) 29.878ms
[2020-01-29T22:11:40.756+0300][132.196s][info ][gc] GC(4502) Pause Young (Normal) (G1 Evacuation Pause) 217M->219M(256M) 23.863ms
[2020-01-29T22:11:40.759+0300][132.199s][info ][gc] GC(4496) Pause Cleanup 225M->225M(256M) 0.048ms
[2020-01-29T22:11:40.759+0300][132.199s][info ][gc] GC(4496) Concurrent Cycle 241.965ms
[2020-01-29T22:11:40.784+0300][132.223s][info ][gc] GC(4503) Pause Young (Normal) (G1 Evacuation Pause) 229M->229M(256M) 23.011ms
[2020-01-29T22:11:40.796+0300][132.236s][info ][gc] GC(4504) Pause Young (Concurrent Start) (G1 Evacuation Pause) 239M->240M(256M) 8.219ms
[2020-01-29T22:11:40.796+0300][132.236s][info ][gc] GC(4505) Concurrent Cycle
[2020-01-29T22:11:40.818+0300][132.258s][info ][gc] GC(4506) To-space exhausted
[2020-01-29T22:11:40.818+0300][132.258s][info ][gc] GC(4506) Pause Young (Normal) (G1 Evacuation Pause) 250M->253M(256M) 16.005ms
[2020-01-29T22:11:40.819+0300][132.258s][debug][gc] GC(4507) Clear Next Bitmap 0.089ms
[2020-01-29T22:11:40.866+0300][132.306s][info ][gc] GC(4507) Pause Full (G1 Evacuation Pause) 253M->69M(256M) 47.556ms
[2020-01-29T22:11:40.866+0300][132.306s][info ][gc] GC(4505) Concurrent Cycle 70.231ms
[2020-01-29T22:11:40.915+0300][132.355s][info ][gc] GC(4508) Pause Young (Normal) (G1 Evacuation Pause) 119M->119M(256M) 29.186ms
[2020-01-29T22:11:40.947+0300][132.387s][info ][gc] GC(4509) Pause Young (Concurrent Start) (G1 Humongous Allocation) 137M->137M(256M) 14.555ms
[2020-01-29T22:11:40.947+0300][132.387s][info ][gc] GC(4510) Concurrent Cycle
[2020-01-29T22:11:40.980+0300][132.420s][info ][gc] GC(4511) Pause Young (Normal) (G1 Evacuation Pause) 185M->186M(256M) 20.275ms
[2020-01-29T22:11:40.985+0300][132.425s][debug][gc] GC(4510) Reclaimed 106 empty regions
[2020-01-29T22:11:40.985+0300][132.425s][info ][gc] GC(4510) Pause Remark 196M->92M(256M) 0.648ms
[2020-01-29T22:11:40.996+0300][132.436s][info ][gc] GC(4512) Pause Young (Normal) (G1 Evacuation Pause) 94M->95M(256M) 9.840ms
[2020-01-29T22:11:41.042+0300][132.482s][info ][gc] GC(4513) Pause Young (Normal) (G1 Evacuation Pause) 136M->138M(256M) 30.018ms
[2020-01-29T22:11:41.089+0300][132.529s][info ][gc] GC(4514) Pause Young (Normal) (G1 Evacuation Pause) 166M->166M(256M) 35.929ms
[2020-01-29T22:11:41.142+0300][132.582s][info ][gc] GC(4515) Pause Young (Normal) (G1 Evacuation Pause) 205M->206M(256M) 32.764ms
[2020-01-29T22:11:41.172+0300][132.612s][info ][gc] GC(4516) Pause Young (Normal) (G1 Evacuation Pause) 215M->216M(256M) 26.722ms
[2020-01-29T22:11:41.204+0300][132.644s][info ][gc] GC(4517) Pause Young (Normal) (G1 Evacuation Pause) 226M->227M(256M) 27.321ms
[2020-01-29T22:11:41.205+0300][132.645s][info ][gc] GC(4510) Pause Cleanup 229M->229M(256M) 0.052ms
[2020-01-29T22:11:41.205+0300][132.645s][info ][gc] GC(4510) Concurrent Cycle 258.064ms
[2020-01-29T22:11:41.234+0300][132.675s][info ][gc] GC(4518) Pause Young (Normal) (G1 Evacuation Pause) 237M->238M(256M) 26.026ms
[2020-01-29T22:11:41.251+0300][132.692s][info ][gc] GC(4519) To-space exhausted
[2020-01-29T22:11:41.251+0300][132.692s][info ][gc] GC(4519) Pause Young (Concurrent Start) (G1 Evacuation Pause) 248M->251M(256M) 13.349ms
[2020-01-29T22:11:41.251+0300][132.692s][info ][gc] GC(4520) Concurrent Cycle
[2020-01-29T22:11:41.267+0300][132.707s][info ][gc] GC(4521) To-space exhausted
[2020-01-29T22:11:41.267+0300][132.707s][info ][gc] GC(4521) Pause Young (Normal) (G1 Evacuation Pause) 255M->255M(256M) 11.472ms
[2020-01-29T22:11:41.267+0300][132.708s][debug][gc] GC(4522) Clear Next Bitmap 0.111ms
[2020-01-29T22:11:41.308+0300][132.749s][info ][gc] GC(4522) Pause Full (G1 Evacuation Pause) 255M->77M(256M) 41.208ms
[2020-01-29T22:11:41.308+0300][132.749s][info ][gc] GC(4520) Concurrent Cycle 57.047ms
[2020-01-29T22:11:41.353+0300][132.794s][info ][gc] GC(4523) Pause Young (Normal) (G1 Evacuation Pause) 124M->124M(256M) 26.244ms
[2020-01-29T22:11:41.379+0300][132.819s][info ][gc] GC(4524) Pause Young (Concurrent Start) (G1 Humongous Allocation) 136M->137M(256M) 9.918ms
[2020-01-29T22:11:41.379+0300][132.819s][info ][gc] GC(4525) Concurrent Cycle
[2020-01-29T22:11:41.410+0300][132.851s][info ][gc] GC(4526) Pause Young (Normal) (G1 Evacuation Pause) 185M->186M(256M) 19.846ms
[2020-01-29T22:11:41.412+0300][132.853s][debug][gc] GC(4525) Reclaimed 115 empty regions
[2020-01-29T22:11:41.412+0300][132.853s][info ][gc] GC(4525) Pause Remark 189M->76M(256M) 0.646ms
[2020-01-29T22:11:41.427+0300][132.867s][info ][gc] GC(4527) Pause Young (Normal) (G1 Evacuation Pause) 85M->85M(256M) 9.932ms
[2020-01-29T22:11:41.478+0300][132.918s][info ][gc] GC(4528) Pause Young (Normal) (G1 Evacuation Pause) 130M->130M(256M) 33.363ms
[2020-01-29T22:11:41.529+0300][132.969s][info ][gc] GC(4529) Pause Young (Normal) (G1 Evacuation Pause) 160M->161M(256M) 37.971ms
[2020-01-29T22:11:41.544+0300][132.984s][info ][gc] GC(4525) Pause Cleanup 192M->192M(256M) 0.045ms
[2020-01-29T22:11:41.545+0300][132.984s][info ][gc] GC(4525) Concurrent Cycle 165.582ms
[2020-01-29T22:11:41.582+0300][133.021s][info ][gc] GC(4530) Pause Young (Normal) (G1 Evacuation Pause) 202M->202M(256M) 33.181ms
[2020-01-29T22:11:41.593+0300][133.032s][info ][gc] GC(4531) Pause Young (Concurrent Start) (G1 Evacuation Pause) 210M->211M(256M) 7.614ms
[2020-01-29T22:11:41.593+0300][133.032s][info ][gc] GC(4532) Concurrent Cycle
[2020-01-29T22:11:41.606+0300][133.047s][info ][gc] GC(4533) Pause Young (Normal) (G1 Evacuation Pause) 221M->222M(256M) 7.970ms
[2020-01-29T22:11:41.618+0300][133.058s][info ][gc] GC(4534) Pause Young (Normal) (G1 Evacuation Pause) 232M->233M(256M) 7.848ms
[2020-01-29T22:11:41.638+0300][133.079s][info ][gc] GC(4535) To-space exhausted
[2020-01-29T22:11:41.638+0300][133.079s][info ][gc] GC(4535) Pause Young (Normal) (G1 Evacuation Pause) 243M->244M(256M) 13.040ms
[2020-01-29T22:11:41.660+0300][133.100s][info ][gc] GC(4536) To-space exhausted
[2020-01-29T22:11:41.660+0300][133.100s][info ][gc] GC(4536) Pause Young (Normal) (G1 Evacuation Pause) 254M->255M(256M) 17.401ms
[2020-01-29T22:11:41.660+0300][133.101s][debug][gc] GC(4537) Clear Next Bitmap 0.123ms
[2020-01-29T22:11:41.709+0300][133.150s][info ][gc] GC(4537) Pause Full (G1 Evacuation Pause) 255M->90M(256M) 49.034ms
[2020-01-29T22:11:41.709+0300][133.150s][info ][gc] GC(4532) Concurrent Cycle 117.481ms
[2020-01-29T22:11:41.751+0300][133.191s][info ][gc] GC(4538) Pause Young (Normal) (G1 Evacuation Pause) 133M->133M(256M) 24.348ms
[2020-01-29T22:11:41.769+0300][133.209s][info ][gc] GC(4539) Pause Young (Concurrent Start) (G1 Humongous Allocation) 137M->138M(256M) 6.479ms
[2020-01-29T22:11:41.769+0300][133.209s][info ][gc] GC(4540) Concurrent Cycle
[2020-01-29T22:11:41.777+0300][133.218s][info ][gc] GC(4541) Pause Young (Normal) (G1 Humongous Allocation) 138M->138M(256M) 3.217ms
[2020-01-29T22:11:41.778+0300][133.218s][debug][gc] GC(4542) Clear Next Bitmap 0.102ms
[2020-01-29T22:11:41.782+0300][133.222s][info ][gc] GC(4542) Pause Full (G1 Humongous Allocation) 138M->2M(256M) 4.291ms
[2020-01-29T22:11:41.782+0300][133.222s][info ][gc] GC(4540) Concurrent Cycle 12.997ms
[2020-01-29T22:11:41.850+0300][133.290s][info ][gc] GC(4543) Pause Young (Normal) (G1 Evacuation Pause) 94M->94M(256M) 39.111ms
[2020-01-29T22:11:41.894+0300][133.334s][info ][gc] GC(4544) Pause Young (Concurrent Start) (G1 Evacuation Pause) 135M->136M(256M) 27.388ms
[2020-01-29T22:11:41.894+0300][133.334s][info ][gc] GC(4545) Concurrent Cycle
[2020-01-29T22:11:41.942+0300][133.382s][info ][gc] GC(4546) Pause Young (Normal) (G1 Evacuation Pause) 184M->185M(256M) 21.092ms
[2020-01-29T22:11:41.959+0300][133.398s][info ][gc] GC(4547) Pause Young (Normal) (G1 Evacuation Pause) 198M->199M(256M) 11.150ms
[2020-01-29T22:11:41.969+0300][133.409s][info ][gc] GC(4548) Pause Young (Normal) (G1 Evacuation Pause) 208M->209M(256M) 6.809ms
[2020-01-29T22:11:41.982+0300][133.423s][info ][gc] GC(4549) Pause Young (Normal) (G1 Evacuation Pause) 219M->220M(256M) 8.112ms
[2020-01-29T22:11:41.995+0300][133.435s][info ][gc] GC(4550) Pause Young (Normal) (G1 Evacuation Pause) 230M->231M(256M) 8.194ms
[2020-01-29T22:11:42.007+0300][133.447s][info ][gc] GC(4551) Pause Young (Normal) (G1 Evacuation Pause) 241M->242M(256M) 8.173ms
[2020-01-29T22:11:42.027+0300][133.467s][info ][gc] GC(4552) To-space exhausted
[2020-01-29T22:11:42.027+0300][133.467s][info ][gc] GC(4552) Pause Young (Normal) (G1 Evacuation Pause) 252M->254M(256M) 15.543ms
[2020-01-29T22:11:42.027+0300][133.467s][debug][gc] GC(4553) Clear Next Bitmap 0.083ms
[2020-01-29T22:11:42.094+0300][133.533s][info ][gc] GC(4553) Pause Full (G1 Evacuation Pause) 254M->109M(256M) 66.268ms
[2020-01-29T22:11:42.094+0300][133.534s][info ][gc] GC(4545) Concurrent Cycle 199.574ms
[2020-01-29T22:11:42.130+0300][133.569s][info ][gc] GC(4554) Pause Young (Concurrent Start) (G1 Humongous Allocation) 136M->136M(256M) 15.021ms
[2020-01-29T22:11:42.130+0300][133.569s][info ][gc] GC(4555) Concurrent Cycle
[2020-01-29T22:11:42.164+0300][133.604s][info ][gc] GC(4556) Pause Young (Normal) (G1 Evacuation Pause) 185M->186M(256M) 20.428ms
[2020-01-29T22:11:42.168+0300][133.608s][debug][gc] GC(4555) Reclaimed 107 empty regions
[2020-01-29T22:11:42.168+0300][133.608s][info ][gc] GC(4555) Pause Remark 196M->90M(256M) 0.682ms
[2020-01-29T22:11:42.182+0300][133.622s][info ][gc] GC(4557) Pause Young (Normal) (G1 Evacuation Pause) 93M->94M(256M) 11.636ms
[2020-01-29T22:11:42.231+0300][133.671s][info ][gc] GC(4558) Pause Young (Normal) (G1 Evacuation Pause) 137M->138M(256M) 32.040ms
[2020-01-29T22:11:42.278+0300][133.718s][info ][gc] GC(4559) Pause Young (Normal) (G1 Evacuation Pause) 166M->167M(256M) 35.989ms
[2020-01-29T22:11:42.331+0300][133.771s][info ][gc] GC(4560) Pause Young (Normal) (G1 Evacuation Pause) 206M->207M(256M) 33.590ms
[2020-01-29T22:11:42.362+0300][133.802s][info ][gc] GC(4561) Pause Young (Normal) (G1 Evacuation Pause) 216M->217M(256M) 27.533ms
[2020-01-29T22:11:42.395+0300][133.835s][info ][gc] GC(4562) Pause Young (Normal) (G1 Evacuation Pause) 227M->228M(256M) 28.359ms
[2020-01-29T22:11:42.395+0300][133.836s][info ][gc] GC(4555) Pause Cleanup 229M->229M(256M) 0.051ms
[2020-01-29T22:11:42.395+0300][133.836s][info ][gc] GC(4555) Concurrent Cycle 266.417ms
[2020-01-29T22:11:42.425+0300][133.865s][info ][gc] GC(4563) Pause Young (Normal) (G1 Evacuation Pause) 238M->238M(256M) 25.540ms
[2020-01-29T22:11:42.442+0300][133.882s][info ][gc] GC(4564) To-space exhausted
[2020-01-29T22:11:42.442+0300][133.883s][info ][gc] GC(4564) Pause Young (Concurrent Start) (G1 Evacuation Pause) 248M->255M(256M) 13.152ms
[2020-01-29T22:11:42.442+0300][133.883s][info ][gc] GC(4566) Concurrent Cycle
[2020-01-29T22:11:42.443+0300][133.883s][debug][gc] GC(4565) Clear Next Bitmap 0.081ms
[2020-01-29T22:11:42.483+0300][133.924s][info ][gc] GC(4565) Pause Full (G1 Evacuation Pause) 255M->77M(256M) 40.971ms
[2020-01-29T22:11:42.484+0300][133.924s][info ][gc] GC(4566) Concurrent Cycle 41.320ms
[2020-01-29T22:11:42.528+0300][133.968s][info ][gc] GC(4567) Pause Young (Normal) (G1 Evacuation Pause) 124M->124M(256M) 25.760ms
[2020-01-29T22:11:42.554+0300][133.995s][info ][gc] GC(4568) Pause Young (Concurrent Start) (G1 Humongous Allocation) 137M->137M(256M) 10.775ms
[2020-01-29T22:11:42.554+0300][133.995s][info ][gc] GC(4569) Concurrent Cycle
[2020-01-29T22:11:42.586+0300][134.027s][info ][gc] GC(4570) Pause Young (Normal) (G1 Evacuation Pause) 185M->186M(256M) 19.958ms
[2020-01-29T22:11:42.589+0300][134.029s][debug][gc] GC(4569) Reclaimed 113 empty regions
[2020-01-29T22:11:42.589+0300][134.029s][info ][gc] GC(4569) Pause Remark 190M->78M(256M) 0.660ms
[2020-01-29T22:11:42.604+0300][134.044s][info ][gc] GC(4571) Pause Young (Normal) (G1 Evacuation Pause) 87M->89M(256M) 10.862ms
[2020-01-29T22:11:42.653+0300][134.092s][info ][gc] GC(4572) Pause Young (Normal) (G1 Evacuation Pause) 132M->133M(256M) 31.772ms
[2020-01-29T22:11:42.706+0300][134.146s][info ][gc] GC(4573) Pause Young (Normal) (G1 Evacuation Pause) 163M->163M(256M) 39.906ms
[2020-01-29T22:11:42.722+0300][134.162s][info ][gc] GC(4569) Pause Cleanup 194M->194M(256M) 0.044ms
[2020-01-29T22:11:42.722+0300][134.162s][info ][gc] GC(4569) Concurrent Cycle 167.562ms
[2020-01-29T22:11:42.755+0300][134.196s][info ][gc] GC(4574) Pause Young (Normal) (G1 Evacuation Pause) 203M->204M(256M) 30.165ms
[2020-01-29T22:11:42.766+0300][134.207s][info ][gc] GC(4575) Pause Young (Concurrent Start) (G1 Evacuation Pause) 212M->213M(256M) 7.602ms
[2020-01-29T22:11:42.766+0300][134.207s][info ][gc] GC(4576) Concurrent Cycle
[2020-01-29T22:11:42.781+0300][134.221s][info ][gc] GC(4577) Pause Young (Normal) (G1 Evacuation Pause) 223M->224M(256M) 8.018ms
[2020-01-29T22:11:42.793+0300][134.233s][info ][gc] GC(4578) Pause Young (Normal) (G1 Evacuation Pause) 234M->235M(256M) 7.724ms
[2020-01-29T22:11:42.807+0300][134.247s][info ][gc] GC(4579) To-space exhausted
[2020-01-29T22:11:42.807+0300][134.247s][info ][gc] GC(4579) Pause Young (Normal) (G1 Evacuation Pause) 245M->248M(256M) 9.866ms
[2020-01-29T22:11:42.824+0300][134.264s][info ][gc] GC(4580) To-space exhausted
[2020-01-29T22:11:42.824+0300][134.264s][info ][gc] GC(4580) Pause Young (Normal) (G1 Evacuation Pause) 255M->255M(256M) 13.898ms
[2020-01-29T22:11:42.824+0300][134.264s][debug][gc] GC(4581) Clear Next Bitmap 0.078ms
[2020-01-29T22:11:42.879+0300][134.320s][info ][gc] GC(4581) Pause Full (G1 Evacuation Pause) 255M->85M(256M) 55.858ms
[2020-01-29T22:11:42.880+0300][134.320s][info ][gc] GC(4576) Concurrent Cycle 113.145ms
[2020-01-29T22:11:42.921+0300][134.362s][info ][gc] GC(4582) Pause Young (Normal) (G1 Evacuation Pause) 129M->129M(256M) 24.650ms
[2020-01-29T22:11:42.943+0300][134.384s][info ][gc] GC(4583) Pause Young (Concurrent Start) (G1 Humongous Allocation) 136M->137M(256M) 8.845ms
[2020-01-29T22:11:42.943+0300][134.384s][info ][gc] GC(4584) Concurrent Cycle
[2020-01-29T22:11:42.955+0300][134.395s][debug][gc] GC(4584) Reclaimed 121 empty regions
[2020-01-29T22:11:42.955+0300][134.395s][info ][gc] GC(4584) Pause Remark 181M->64M(256M) 0.642ms
[2020-01-29T22:11:42.973+0300][134.413s][info ][gc] GC(4585) Pause Young (Normal) (G1 Evacuation Pause) 66M->62M(256M) 17.218ms
[2020-01-29T22:11:43.036+0300][134.476s][info ][gc] GC(4586) Pause Young (Normal) (G1 Evacuation Pause) 114M->115M(256M) 42.119ms
[2020-01-29T22:11:43.036+0300][134.476s][info ][gc] GC(4584) Pause Cleanup 116M->116M(256M) 0.040ms
[2020-01-29T22:11:43.037+0300][134.476s][info ][gc] GC(4584) Concurrent Cycle 92.803ms
[2020-01-29T22:11:43.090+0300][134.530s][info ][gc] GC(4587) Pause Young (Normal) (G1 Evacuation Pause) 150M->151M(256M) 40.078ms
[2020-01-29T22:11:43.107+0300][134.547s][info ][gc] GC(4588) Pause Young (Concurrent Start) (G1 Humongous Allocation) 152M->153M(256M) 5.712ms
[2020-01-29T22:11:43.107+0300][134.547s][info ][gc] GC(4589) Concurrent Cycle
[2020-01-29T22:11:43.114+0300][134.555s][debug][gc] GC(4589) Reclaimed 139 empty regions
[2020-01-29T22:11:43.114+0300][134.555s][info ][gc] GC(4589) Pause Remark 190M->51M(256M) 0.640ms
[2020-01-29T22:11:43.132+0300][134.573s][info ][gc] GC(4590) Pause Young (Normal) (G1 Evacuation Pause) 57M->56M(256M) 15.287ms
[2020-01-29T22:11:43.148+0300][134.589s][info ][gc] GC(4589) Pause Cleanup 96M->96M(256M) 0.040ms
[2020-01-29T22:11:43.148+0300][134.589s][info ][gc] GC(4589) Concurrent Cycle 41.819ms
[2020-01-29T22:11:43.193+0300][134.633s][info ][gc] GC(4591) Pause Young (Normal) (G1 Evacuation Pause) 110M->111M(256M) 38.846ms
[2020-01-29T22:11:43.232+0300][134.672s][info ][gc] GC(4592) Pause Young (Concurrent Start) (G1 Evacuation Pause) 147M->148M(256M) 24.722ms
[2020-01-29T22:11:43.232+0300][134.672s][info ][gc] GC(4593) Concurrent Cycle
[2020-01-29T22:11:43.274+0300][134.714s][info ][gc] GC(4594) Pause Young (Normal) (G1 Evacuation Pause) 193M->194M(256M) 18.957ms
[2020-01-29T22:11:43.287+0300][134.727s][info ][gc] GC(4595) Pause Young (Normal) (G1 Evacuation Pause) 204M->205M(256M) 9.291ms
[2020-01-29T22:11:43.299+0300][134.739s][info ][gc] GC(4596) Pause Young (Normal) (G1 Evacuation Pause) 215M->216M(256M) 8.032ms
[2020-01-29T22:11:43.311+0300][134.752s][info ][gc] GC(4597) Pause Young (Normal) (G1 Evacuation Pause) 226M->227M(256M) 8.139ms
[2020-01-29T22:11:43.324+0300][134.764s][info ][gc] GC(4598) Pause Young (Normal) (G1 Evacuation Pause) 237M->238M(256M) 7.950ms
[2020-01-29T22:11:43.341+0300][134.781s][info ][gc] GC(4599) To-space exhausted
[2020-01-29T22:11:43.341+0300][134.781s][info ][gc] GC(4599) Pause Young (Normal) (G1 Evacuation Pause) 248M->251M(256M) 12.581ms
[2020-01-29T22:11:43.353+0300][134.793s][info ][gc] GC(4600) To-space exhausted
[2020-01-29T22:11:43.354+0300][134.794s][info ][gc] GC(4600) Pause Young (Normal) (G1 Evacuation Pause) 255M->255M(256M) 11.140ms
[2020-01-29T22:11:43.354+0300][134.794s][debug][gc] GC(4601) Clear Next Bitmap 0.064ms
[2020-01-29T22:11:43.406+0300][134.846s][info ][gc] GC(4601) Pause Full (G1 Evacuation Pause) 255M->98M(256M) 52.704ms
[2020-01-29T22:11:43.407+0300][134.847s][info ][gc] GC(4593) Concurrent Cycle 174.834ms
[2020-01-29T22:11:43.454+0300][134.894s][info ][gc] GC(4602) Pause Young (Concurrent Start) (G1 Humongous Allocation) 137M->136M(256M) 21.293ms
[2020-01-29T22:11:43.454+0300][134.894s][info ][gc] GC(4603) Concurrent Cycle
[2020-01-29T22:11:43.495+0300][134.936s][info ][gc] GC(4604) Pause Young (Normal) (G1 Evacuation Pause) 185M->186M(256M) 22.126ms
[2020-01-29T22:11:43.500+0300][134.940s][debug][gc] GC(4603) Reclaimed 97 empty regions
[2020-01-29T22:11:43.500+0300][134.940s][info ][gc] GC(4603) Pause Remark 196M->100M(256M) 0.647ms
[2020-01-29T22:11:43.513+0300][134.953s][info ][gc] GC(4605) Pause Young (Normal) (G1 Evacuation Pause) 103M->104M(256M) 11.467ms
[2020-01-29T22:11:43.558+0300][134.998s][info ][gc] GC(4606) Pause Young (Normal) (G1 Evacuation Pause) 143M->144M(256M) 29.641ms
[2020-01-29T22:11:43.602+0300][135.042s][info ][gc] GC(4607) Pause Young (Normal) (G1 Evacuation Pause) 170M->171M(256M) 33.685ms
[2020-01-29T22:11:43.652+0300][135.092s][info ][gc] GC(4608) Pause Young (Normal) (G1 Evacuation Pause) 209M->210M(256M) 31.088ms
[2020-01-29T22:11:43.688+0300][135.128s][info ][gc] GC(4609) Pause Young (Normal) (G1 Evacuation Pause) 219M->220M(256M) 29.023ms
[2020-01-29T22:11:43.719+0300][135.159s][info ][gc] GC(4610) Pause Young (Normal) (G1 Evacuation Pause) 230M->230M(256M) 26.085ms
[2020-01-29T22:11:43.751+0300][135.191s][info ][gc] GC(4611) Pause Young (Normal) (G1 Evacuation Pause) 240M->241M(256M) 27.297ms
[2020-01-29T22:11:43.753+0300][135.193s][info ][gc] GC(4603) Pause Cleanup 246M->246M(256M) 0.044ms
[2020-01-29T22:11:43.753+0300][135.193s][info ][gc] GC(4603) Concurrent Cycle 299.394ms
[2020-01-29T22:11:43.787+0300][135.227s][info ][gc] GC(4612) To-space exhausted
[2020-01-29T22:11:43.787+0300][135.227s][info ][gc] GC(4612) Pause Young (Normal) (G1 Evacuation Pause) 251M->255M(256M) 32.342ms
[2020-01-29T22:11:43.827+0300][135.267s][info ][gc] GC(4613) Pause Full (G1 Evacuation Pause) 255M->71M(256M) 39.461ms
[2020-01-29T22:11:43.874+0300][135.314s][info ][gc] GC(4614) Pause Young (Concurrent Start) (G1 Evacuation Pause) 121M->121M(256M) 27.816ms
[2020-01-29T22:11:43.874+0300][135.314s][info ][gc] GC(4615) Concurrent Cycle
[2020-01-29T22:11:43.925+0300][135.365s][info ][gc] GC(4616) Pause Young (Normal) (G1 Evacuation Pause) 174M->175M(256M) 24.673ms
[2020-01-29T22:11:43.945+0300][135.385s][info ][gc] GC(4617) Pause Young (Normal) (G1 Evacuation Pause) 191M->193M(256M) 12.851ms
[2020-01-29T22:11:43.957+0300][135.397s][info ][gc] GC(4618) Pause Young (Normal) (G1 Evacuation Pause) 203M->204M(256M) 8.572ms
[2020-01-29T22:11:43.970+0300][135.409s][info ][gc] GC(4619) Pause Young (Normal) (G1 Evacuation Pause) 214M->214M(256M) 8.083ms
[2020-01-29T22:11:43.982+0300][135.422s][info ][gc] GC(4620) Pause Young (Normal) (G1 Evacuation Pause) 224M->225M(256M) 8.175ms
[2020-01-29T22:11:43.994+0300][135.434s][info ][gc] GC(4621) Pause Young (Normal) (G1 Evacuation Pause) 235M->236M(256M) 8.136ms
[2020-01-29T22:11:44.009+0300][135.449s][info ][gc] GC(4622) To-space exhausted
[2020-01-29T22:11:44.009+0300][135.449s][info ][gc] GC(4622) Pause Young (Normal) (G1 Evacuation Pause) 246M->249M(256M) 10.798ms
[2020-01-29T22:11:44.023+0300][135.463s][info ][gc] GC(4623) To-space exhausted
[2020-01-29T22:11:44.023+0300][135.463s][info ][gc] GC(4623) Pause Young (Normal) (G1 Evacuation Pause) 254M->254M(256M) 12.242ms
[2020-01-29T22:11:44.024+0300][135.463s][debug][gc] GC(4624) Clear Next Bitmap 0.087ms
[2020-01-29T22:11:44.082+0300][135.523s][info ][gc] GC(4624) Pause Full (G1 Evacuation Pause) 254M->109M(256M) 59.589ms
[2020-01-29T22:11:44.083+0300][135.523s][info ][gc] GC(4615) Concurrent Cycle 208.727ms
[2020-01-29T22:11:44.118+0300][135.559s][info ][gc] GC(4625) Pause Young (Concurrent Start) (G1 Humongous Allocation) 136M->136M(256M) 14.809ms
[2020-01-29T22:11:44.119+0300][135.559s][info ][gc] GC(4626) Concurrent Cycle
[2020-01-29T22:11:44.153+0300][135.593s][info ][gc] GC(4627) Pause Young (Normal) (G1 Evacuation Pause) 184M->185M(256M) 20.035ms
[2020-01-29T22:11:44.157+0300][135.598s][debug][gc] GC(4626) Reclaimed 109 empty regions
[2020-01-29T22:11:44.158+0300][135.598s][info ][gc] GC(4626) Pause Remark 193M->87M(256M) 0.696ms
[2020-01-29T22:11:44.169+0300][135.609s][info ][gc] GC(4628) Pause Young (Normal) (G1 Evacuation Pause) 91M->92M(256M) 9.973ms
[2020-01-29T22:11:44.218+0300][135.659s][info ][gc] GC(4629) Pause Young (Normal) (G1 Evacuation Pause) 136M->137M(256M) 31.755ms
[2020-01-29T22:11:44.266+0300][135.706s][info ][gc] GC(4630) Pause Young (Normal) (G1 Evacuation Pause) 165M->166M(256M) 36.680ms
[2020-01-29T22:11:44.322+0300][135.762s][info ][gc] GC(4631) Pause Young (Normal) (G1 Evacuation Pause) 205M->206M(256M) 37.558ms
[2020-01-29T22:11:44.358+0300][135.798s][info ][gc] GC(4632) Pause Young (Normal) (G1 Evacuation Pause) 215M->216M(256M) 31.738ms
[2020-01-29T22:11:44.362+0300][135.802s][info ][gc] GC(4626) Pause Cleanup 220M->220M(256M) 0.044ms
[2020-01-29T22:11:44.362+0300][135.802s][info ][gc] GC(4626) Concurrent Cycle 243.135ms
[2020-01-29T22:11:44.393+0300][135.833s][info ][gc] GC(4633) Pause Young (Normal) (G1 Evacuation Pause) 226M->227M(256M) 28.486ms
[2020-01-29T22:11:44.406+0300][135.845s][info ][gc] GC(4634) Pause Young (Concurrent Start) (G1 Evacuation Pause) 237M->238M(256M) 8.263ms
[2020-01-29T22:11:44.406+0300][135.845s][info ][gc] GC(4635) Concurrent Cycle
[2020-01-29T22:11:44.423+0300][135.863s][info ][gc] GC(4636) To-space exhausted
[2020-01-29T22:11:44.423+0300][135.863s][info ][gc] GC(4636) Pause Young (Normal) (G1 Evacuation Pause) 248M->254M(256M) 11.132ms
[2020-01-29T22:11:44.430+0300][135.870s][info ][gc] GC(4637) To-space exhausted
[2020-01-29T22:11:44.430+0300][135.870s][info ][gc] GC(4637) Pause Young (Normal) (G1 Evacuation Pause) 255M->255M(256M) 7.018ms
[2020-01-29T22:11:44.430+0300][135.871s][debug][gc] GC(4638) Clear Next Bitmap 0.069ms
[2020-01-29T22:11:44.471+0300][135.911s][info ][gc] GC(4638) Pause Full (G1 Evacuation Pause) 255M->77M(256M) 40.607ms
[2020-01-29T22:11:44.471+0300][135.911s][info ][gc] GC(4635) Concurrent Cycle 65.949ms
[2020-01-29T22:11:44.516+0300][135.956s][info ][gc] GC(4639) Pause Young (Normal) (G1 Evacuation Pause) 124M->124M(256M) 26.082ms
[2020-01-29T22:11:44.543+0300][135.983s][info ][gc] GC(4640) Pause Young (Concurrent Start) (G1 Humongous Allocation) 137M->137M(256M) 11.869ms
[2020-01-29T22:11:44.544+0300][135.983s][info ][gc] GC(4641) Concurrent Cycle
[2020-01-29T22:11:44.576+0300][136.016s][info ][gc] GC(4642) Pause Young (Normal) (G1 Evacuation Pause) 185M->185M(256M) 20.094ms
[2020-01-29T22:11:44.579+0300][136.018s][debug][gc] GC(4641) Reclaimed 106 empty regions
[2020-01-29T22:11:44.579+0300][136.018s][info ][gc] GC(4641) Pause Remark 190M->84M(256M) 0.654ms
[2020-01-29T22:11:44.594+0300][136.033s][info ][gc] GC(4643) Pause Young (Normal) (G1 Evacuation Pause) 92M->93M(256M) 11.544ms
[2020-01-29T22:11:44.640+0300][136.080s][info ][gc] GC(4644) Pause Young (Normal) (G1 Evacuation Pause) 134M->135M(256M) 30.558ms
[2020-01-29T22:11:44.693+0300][136.133s][info ][gc] GC(4645) Pause Young (Normal) (G1 Evacuation Pause) 163M->164M(256M) 41.446ms
[2020-01-29T22:11:44.749+0300][136.189s][info ][gc] GC(4646) Pause Young (Normal) (G1 Evacuation Pause) 203M->204M(256M) 36.859ms
[2020-01-29T22:11:44.750+0300][136.191s][info ][gc] GC(4641) Pause Cleanup 207M->207M(256M) 0.050ms
[2020-01-29T22:11:44.751+0300][136.191s][info ][gc] GC(4641) Concurrent Cycle 207.515ms
[2020-01-29T22:11:44.780+0300][136.221s][info ][gc] GC(4647) Pause Young (Normal) (G1 Evacuation Pause) 213M->214M(256M) 26.874ms
[2020-01-29T22:11:44.793+0300][136.233s][info ][gc] GC(4648) Pause Young (Concurrent Start) (G1 Evacuation Pause) 224M->225M(256M) 8.019ms
[2020-01-29T22:11:44.793+0300][136.233s][info ][gc] GC(4649) Concurrent Cycle
[2020-01-29T22:11:44.807+0300][136.247s][info ][gc] GC(4650) Pause Young (Normal) (G1 Evacuation Pause) 235M->236M(256M) 7.776ms
[2020-01-29T22:11:44.823+0300][136.263s][info ][gc] GC(4651) To-space exhausted
[2020-01-29T22:11:44.823+0300][136.263s][info ][gc] GC(4651) Pause Young (Normal) (G1 Evacuation Pause) 246M->250M(256M) 12.199ms
[2020-01-29T22:11:44.838+0300][136.278s][info ][gc] GC(4652) To-space exhausted
[2020-01-29T22:11:44.838+0300][136.278s][info ][gc] GC(4652) Pause Young (Normal) (G1 Evacuation Pause) 254M->254M(256M) 12.927ms
[2020-01-29T22:11:44.838+0300][136.278s][debug][gc] GC(4653) Clear Next Bitmap 0.082ms
[2020-01-29T22:11:44.885+0300][136.325s][info ][gc] GC(4653) Pause Full (G1 Evacuation Pause) 254M->79M(256M) 46.973ms
[2020-01-29T22:11:44.885+0300][136.325s][info ][gc] GC(4649) Concurrent Cycle 92.494ms
[2020-01-29T22:11:44.930+0300][136.370s][info ][gc] GC(4654) Pause Young (Normal) (G1 Evacuation Pause) 126M->126M(256M) 25.777ms
[2020-01-29T22:11:44.956+0300][136.396s][info ][gc] GC(4655) Pause Young (Concurrent Start) (G1 Humongous Allocation) 137M->138M(256M) 10.366ms
[2020-01-29T22:11:44.956+0300][136.396s][info ][gc] GC(4656) Concurrent Cycle
[2020-01-29T22:11:44.988+0300][136.428s][info ][gc] GC(4657) Pause Young (Normal) (G1 Evacuation Pause) 186M->186M(256M) 19.828ms
[2020-01-29T22:11:44.990+0300][136.429s][debug][gc] GC(4656) Reclaimed 116 empty regions
[2020-01-29T22:11:44.990+0300][136.429s][info ][gc] GC(4656) Pause Remark 188M->74M(256M) 0.725ms
[2020-01-29T22:11:45.002+0300][136.443s][info ][gc] GC(4658) Pause Young (Normal) (G1 Evacuation Pause) 84M->84M(256M) 9.585ms
[2020-01-29T22:11:45.054+0300][136.494s][info ][gc] GC(4659) Pause Young (Normal) (G1 Evacuation Pause) 129M->130M(256M) 33.881ms
[2020-01-29T22:11:45.120+0300][136.560s][info ][gc] GC(4660) Pause Young (Normal) (G1 Evacuation Pause) 180M->181M(256M) 41.866ms
[2020-01-29T22:11:45.125+0300][136.565s][info ][gc] GC(4656) Pause Cleanup 192M->192M(256M) 0.049ms
[2020-01-29T22:11:45.125+0300][136.565s][info ][gc] GC(4656) Concurrent Cycle 169.334ms
[2020-01-29T22:11:45.161+0300][136.601s][info ][gc] GC(4661) Pause Young (Normal) (G1 Evacuation Pause) 196M->196M(256M) 34.140ms
[2020-01-29T22:11:45.173+0300][136.614s][info ][gc] GC(4662) Pause Young (Concurrent Start) (G1 Evacuation Pause) 206M->207M(256M) 8.699ms
[2020-01-29T22:11:45.173+0300][136.614s][info ][gc] GC(4663) Concurrent Cycle
[2020-01-29T22:11:45.188+0300][136.629s][info ][gc] GC(4664) Pause Young (Normal) (G1 Evacuation Pause) 217M->218M(256M) 8.209ms
[2020-01-29T22:11:45.200+0300][136.640s][info ][gc] GC(4665) Pause Young (Normal) (G1 Evacuation Pause) 228M->229M(256M) 7.673ms
[2020-01-29T22:11:45.212+0300][136.652s][info ][gc] GC(4666) Pause Young (Normal) (G1 Evacuation Pause) 239M->240M(256M) 7.410ms
[2020-01-29T22:11:45.230+0300][136.670s][info ][gc] GC(4667) To-space exhausted
[2020-01-29T22:11:45.230+0300][136.671s][info ][gc] GC(4667) Pause Young (Normal) (G1 Evacuation Pause) 250M->252M(256M) 14.467ms
[2020-01-29T22:11:45.242+0300][136.682s][info ][gc] GC(4668) To-space exhausted
[2020-01-29T22:11:45.242+0300][136.682s][info ][gc] GC(4668) Pause Young (Normal) (G1 Evacuation Pause) 255M->255M(256M) 10.151ms
[2020-01-29T22:11:45.242+0300][136.682s][debug][gc] GC(4669) Clear Next Bitmap 0.088ms
[2020-01-29T22:11:45.300+0300][136.740s][info ][gc] GC(4669) Pause Full (G1 Evacuation Pause) 255M->89M(256M) 57.936ms
[2020-01-29T22:11:45.300+0300][136.740s][info ][gc] GC(4663) Concurrent Cycle 126.684ms
[2020-01-29T22:11:45.342+0300][136.782s][info ][gc] GC(4670) Pause Young (Normal) (G1 Evacuation Pause) 133M->133M(256M) 24.685ms
[2020-01-29T22:11:45.359+0300][136.799s][info ][gc] GC(4671) Pause Young (Concurrent Start) (G1 Humongous Allocation) 136M->137M(256M) 5.274ms
[2020-01-29T22:11:45.359+0300][136.799s][info ][gc] GC(4672) Concurrent Cycle
[2020-01-29T22:11:45.367+0300][136.808s][debug][gc] GC(4672) Reclaimed 124 empty regions
[2020-01-29T22:11:45.367+0300][136.808s][info ][gc] GC(4672) Pause Remark 176M->53M(256M) 0.644ms
[2020-01-29T22:11:45.389+0300][136.829s][info ][gc] GC(4673) Pause Young (Normal) (G1 Evacuation Pause) 62M->59M(256M) 17.849ms
[2020-01-29T22:11:45.404+0300][136.844s][info ][gc] GC(4672) Pause Cleanup 96M->96M(256M) 0.040ms
[2020-01-29T22:11:45.404+0300][136.844s][info ][gc] GC(4672) Concurrent Cycle 45.143ms
[2020-01-29T22:11:45.451+0300][136.891s][info ][gc] GC(4674) Pause Young (Normal) (G1 Evacuation Pause) 112M->113M(256M) 40.219ms
[2020-01-29T22:11:45.501+0300][136.941s][info ][gc] GC(4675) Pause Young (Concurrent Start) (G1 Humongous Allocation) 148M->148M(256M) 26.696ms
[2020-01-29T22:11:45.501+0300][136.941s][info ][gc] GC(4676) Concurrent Cycle
[2020-01-29T22:11:45.545+0300][136.985s][info ][gc] GC(4677) Pause Young (Normal) (G1 Evacuation Pause) 193M->193M(256M) 20.904ms
[2020-01-29T22:11:45.549+0300][136.990s][debug][gc] GC(4676) Reclaimed 99 empty regions
[2020-01-29T22:11:45.550+0300][136.990s][info ][gc] GC(4676) Pause Remark 204M->105M(256M) 0.851ms
[2020-01-29T22:11:45.560+0300][137.000s][info ][gc] GC(4678) Pause Young (Normal) (G1 Evacuation Pause) 105M->106M(256M) 10.082ms
[2020-01-29T22:11:45.604+0300][137.044s][info ][gc] GC(4679) Pause Young (Normal) (G1 Evacuation Pause) 144M->145M(256M) 29.133ms
[2020-01-29T22:11:45.656+0300][137.096s][info ][gc] GC(4680) Pause Young (Normal) (G1 Evacuation Pause) 171M->172M(256M) 40.077ms
[2020-01-29T22:11:45.712+0300][137.151s][info ][gc] GC(4681) Pause Young (Normal) (G1 Evacuation Pause) 209M->209M(256M) 30.279ms
[2020-01-29T22:11:45.741+0300][137.181s][info ][gc] GC(4682) Pause Young (Normal) (G1 Evacuation Pause) 218M->219M(256M) 22.926ms
[2020-01-29T22:11:45.768+0300][137.209s][info ][gc] GC(4683) Pause Young (Normal) (G1 Evacuation Pause) 229M->230M(256M) 23.167ms
[2020-01-29T22:11:45.797+0300][137.237s][info ][gc] GC(4684) Pause Young (Normal) (G1 Evacuation Pause) 240M->240M(256M) 24.445ms
[2020-01-29T22:11:45.800+0300][137.241s][info ][gc] GC(4676) Pause Cleanup 249M->249M(256M) 0.052ms
[2020-01-29T22:11:45.801+0300][137.241s][info ][gc] GC(4676) Concurrent Cycle 299.967ms
[2020-01-29T22:11:45.830+0300][137.271s][info ][gc] GC(4685) To-space exhausted
[2020-01-29T22:11:45.830+0300][137.271s][info ][gc] GC(4685) Pause Young (Normal) (G1 Evacuation Pause) 250M->253M(256M) 29.286ms
[2020-01-29T22:11:45.839+0300][137.280s][info ][gc] GC(4686) To-space exhausted
[2020-01-29T22:11:45.839+0300][137.280s][info ][gc] GC(4686) Pause Young (Concurrent Start) (G1 Evacuation Pause) 255M->255M(256M) 7.876ms
[2020-01-29T22:11:45.839+0300][137.280s][info ][gc] GC(4688) Concurrent Cycle
[2020-01-29T22:11:45.839+0300][137.280s][debug][gc] GC(4687) Clear Next Bitmap 0.076ms
[2020-01-29T22:11:45.874+0300][137.314s][info ][gc] GC(4687) Pause Full (G1 Evacuation Pause) 255M->64M(256M) 34.337ms
[2020-01-29T22:11:45.874+0300][137.314s][info ][gc] GC(4688) Concurrent Cycle 34.685ms
[2020-01-29T22:11:45.927+0300][137.367s][info ][gc] GC(4689) Pause Young (Normal) (G1 Evacuation Pause) 120M->120M(256M) 30.625ms
[2020-01-29T22:11:45.958+0300][137.398s][info ][gc] GC(4690) Pause Young (Concurrent Start) (G1 Humongous Allocation) 136M->137M(256M) 14.173ms
[2020-01-29T22:11:45.958+0300][137.398s][info ][gc] GC(4691) Concurrent Cycle
[2020-01-29T22:11:45.990+0300][137.430s][info ][gc] GC(4692) Pause Young (Normal) (G1 Evacuation Pause) 185M->186M(256M) 20.384ms
[2020-01-29T22:11:45.994+0300][137.435s][debug][gc] GC(4691) Reclaimed 110 empty regions
[2020-01-29T22:11:45.994+0300][137.435s][info ][gc] GC(4691) Pause Remark 196M->88M(256M) 0.644ms
[2020-01-29T22:11:46.005+0300][137.446s][info ][gc] GC(4693) Pause Young (Normal) (G1 Evacuation Pause) 90M->91M(256M) 9.550ms
[2020-01-29T22:11:46.053+0300][137.494s][info ][gc] GC(4694) Pause Young (Normal) (G1 Evacuation Pause) 134M->135M(256M) 31.301ms
[2020-01-29T22:11:46.102+0300][137.542s][info ][gc] GC(4695) Pause Young (Normal) (G1 Evacuation Pause) 164M->165M(256M) 36.456ms
[2020-01-29T22:11:46.122+0300][137.566s][info ][gc] GC(4691) Pause Cleanup 168M->168M(256M) 0.040ms
[2020-01-29T22:11:46.122+0300][137.566s][info ][gc] GC(4691) Concurrent Cycle 168.255ms
[2020-01-29T22:11:46.147+0300][137.590s][info ][gc] GC(4696) Pause Young (Concurrent Start) (G1 Humongous Allocation) 168M->169M(256M) 23.258ms
[2020-01-29T22:11:46.147+0300][137.590s][info ][gc] GC(4697) Concurrent Cycle
[2020-01-29T22:11:46.159+0300][137.599s][debug][gc] GC(4697) Reclaimed 155 empty regions
[2020-01-29T22:11:46.159+0300][137.599s][info ][gc] GC(4697) Pause Remark 206M->51M(256M) 0.665ms
[2020-01-29T22:11:46.173+0300][137.612s][info ][gc] GC(4698) Pause Young (Normal) (G1 Evacuation Pause) 52M->50M(256M) 12.859ms
[2020-01-29T22:11:46.189+0300][137.629s][info ][gc] GC(4697) Pause Cleanup 93M->93M(256M) 0.037ms
[2020-01-29T22:11:46.189+0300][137.629s][info ][gc] GC(4697) Concurrent Cycle 39.521ms
[2020-01-29T22:11:46.232+0300][137.673s][info ][gc] GC(4699) Pause Young (Normal) (G1 Evacuation Pause) 106M->107M(256M) 38.700ms
[2020-01-29T22:11:46.272+0300][137.713s][info ][gc] GC(4700) Pause Young (Concurrent Start) (G1 Evacuation Pause) 145M->146M(256M) 25.613ms
[2020-01-29T22:11:46.272+0300][137.713s][info ][gc] GC(4701) Concurrent Cycle
[2020-01-29T22:11:46.327+0300][137.767s][info ][gc] GC(4702) Pause Young (Normal) (G1 Evacuation Pause) 191M->192M(256M) 19.484ms
[2020-01-29T22:11:46.337+0300][137.781s][info ][gc] GC(4703) Pause Young (Normal) (G1 Evacuation Pause) 203M->204M(256M) 8.992ms
[2020-01-29T22:11:46.352+0300][137.794s][info ][gc] GC(4704) Pause Young (Normal) (G1 Evacuation Pause) 214M->215M(256M) 8.286ms
[2020-01-29T22:11:46.362+0300][137.807s][info ][gc] GC(4705) Pause Young (Normal) (G1 Evacuation Pause) 225M->226M(256M) 8.055ms
[2020-01-29T22:11:46.377+0300][137.820s][info ][gc] GC(4706) Pause Young (Normal) (G1 Evacuation Pause) 236M->237M(256M) 8.311ms
[2020-01-29T22:11:46.392+0300][137.836s][info ][gc] GC(4707) To-space exhausted
[2020-01-29T22:11:46.392+0300][137.836s][info ][gc] GC(4707) Pause Young (Normal) (G1 Evacuation Pause) 247M->249M(256M) 11.808ms
[2020-01-29T22:11:46.412+0300][137.852s][info ][gc] GC(4708) To-space exhausted
[2020-01-29T22:11:46.412+0300][137.852s][info ][gc] GC(4708) Pause Young (Normal) (G1 Evacuation Pause) 255M->255M(256M) 13.770ms
[2020-01-29T22:11:46.412+0300][137.853s][debug][gc] GC(4709) Clear Next Bitmap 0.080ms
[2020-01-29T22:11:46.474+0300][137.914s][info ][gc] GC(4709) Pause Full (G1 Evacuation Pause) 255M->100M(256M) 61.169ms
[2020-01-29T22:11:46.474+0300][137.914s][info ][gc] GC(4701) Concurrent Cycle 200.408ms
[2020-01-29T22:11:46.532+0300][137.972s][info ][gc] GC(4710) Pause Young (Concurrent Start) (G1 Humongous Allocation) 137M->136M(256M) 19.970ms
[2020-01-29T22:11:46.532+0300][137.972s][info ][gc] GC(4711) Concurrent Cycle
[2020-01-29T22:11:46.567+0300][138.011s][info ][gc] GC(4712) Pause Young (Normal) (G1 Evacuation Pause) 184M->185M(256M) 20.102ms
[2020-01-29T22:11:46.572+0300][138.015s][debug][gc] GC(4711) Reclaimed 100 empty regions
[2020-01-29T22:11:46.572+0300][138.015s][info ][gc] GC(4711) Pause Remark 195M->97M(256M) 0.646ms
[2020-01-29T22:11:46.587+0300][138.028s][info ][gc] GC(4713) Pause Young (Normal) (G1 Evacuation Pause) 100M->101M(256M) 11.624ms
[2020-01-29T22:11:46.632+0300][138.075s][info ][gc] GC(4714) Pause Young (Normal) (G1 Evacuation Pause) 141M->142M(256M) 30.320ms
[2020-01-29T22:11:46.677+0300][138.121s][info ][gc] GC(4715) Pause Young (Normal) (G1 Evacuation Pause) 169M->170M(256M) 35.459ms
[2020-01-29T22:11:46.732+0300][138.175s][info ][gc] GC(4716) Pause Young (Normal) (G1 Evacuation Pause) 208M->209M(256M) 37.772ms
[2020-01-29T22:11:46.767+0300][138.207s][info ][gc] GC(4717) Pause Young (Normal) (G1 Evacuation Pause) 218M->219M(256M) 28.332ms
[2020-01-29T22:11:46.802+0300][138.242s][info ][gc] GC(4718) Pause Young (Normal) (G1 Evacuation Pause) 229M->230M(256M) 30.275ms
[2020-01-29T22:11:46.837+0300][138.279s][info ][gc] GC(4719) Pause Young (Normal) (G1 Evacuation Pause) 240M->241M(256M) 31.757ms
[2020-01-29T22:11:46.842+0300][138.285s][info ][gc] GC(4711) Pause Cleanup 249M->249M(256M) 0.045ms
[2020-01-29T22:11:46.842+0300][138.285s][info ][gc] GC(4711) Concurrent Cycle 313.118ms
[2020-01-29T22:11:46.877+0300][138.319s][info ][gc] GC(4720) To-space exhausted
[2020-01-29T22:11:46.877+0300][138.319s][info ][gc] GC(4720) Pause Young (Normal) (G1 Evacuation Pause) 251M->254M(256M) 33.321ms
[2020-01-29T22:11:46.882+0300][138.326s][info ][gc] GC(4721) To-space exhausted
[2020-01-29T22:11:46.882+0300][138.326s][info ][gc] GC(4721) Pause Young (Concurrent Start) (G1 Evacuation Pause) 255M->255M(256M) 6.653ms
[2020-01-29T22:11:46.882+0300][138.326s][info ][gc] GC(4723) Concurrent Cycle
[2020-01-29T22:11:46.882+0300][138.326s][debug][gc] GC(4722) Clear Next Bitmap 0.058ms
[2020-01-29T22:11:46.927+0300][138.367s][info ][gc] GC(4722) Pause Full (G1 Evacuation Pause) 255M->72M(256M) 40.510ms
[2020-01-29T22:11:46.927+0300][138.367s][info ][gc] GC(4723) Concurrent Cycle 40.853ms
[2020-01-29T22:11:46.977+0300][138.419s][info ][gc] GC(4724) Pause Young (Normal) (G1 Evacuation Pause) 127M->127M(256M) 30.677ms
[2020-01-29T22:11:46.997+0300][138.441s][info ][gc] GC(4725) Pause Young (Concurrent Start) (G1 Humongous Allocation) 136M->137M(256M) 8.901ms
[2020-01-29T22:11:46.997+0300][138.441s][info ][gc] GC(4726) Concurrent Cycle
[2020-01-29T22:11:47.012+0300][138.453s][debug][gc] GC(4726) Reclaimed 118 empty regions
[2020-01-29T22:11:47.012+0300][138.453s][info ][gc] GC(4726) Pause Remark 185M->69M(256M) 0.659ms
[2020-01-29T22:11:47.027+0300][138.471s][info ][gc] GC(4727) Pause Young (Normal) (G1 Evacuation Pause) 69M->66M(256M) 17.672ms
[2020-01-29T22:11:47.092+0300][138.534s][info ][gc] GC(4728) Pause Young (Normal) (G1 Evacuation Pause) 117M->118M(256M) 42.143ms
[2020-01-29T22:11:47.098+0300][138.538s][info ][gc] GC(4726) Pause Cleanup 127M->127M(256M) 0.043ms
[2020-01-29T22:11:47.098+0300][138.538s][info ][gc] GC(4726) Concurrent Cycle 97.354ms
[2020-01-29T22:11:47.147+0300][138.588s][info ][gc] GC(4729) Pause Young (Normal) (G1 Evacuation Pause) 152M->153M(256M) 40.022ms
[2020-01-29T22:11:47.164+0300][138.605s][info ][gc] GC(4730) Pause Young (Concurrent Start) (G1 Humongous Allocation) 155M->156M(256M) 5.470ms
[2020-01-29T22:11:47.164+0300][138.605s][info ][gc] GC(4731) Concurrent Cycle
[2020-01-29T22:11:47.173+0300][138.613s][debug][gc] GC(4731) Reclaimed 142 empty regions
[2020-01-29T22:11:47.173+0300][138.613s][info ][gc] GC(4731) Pause Remark 193M->51M(256M) 0.692ms
[2020-01-29T22:11:47.189+0300][138.630s][info ][gc] GC(4732) Pause Young (Normal) (G1 Evacuation Pause) 56M->54M(256M) 14.576ms
[2020-01-29T22:11:47.206+0300][138.646s][info ][gc] GC(4731) Pause Cleanup 97M->97M(256M) 0.036ms
[2020-01-29T22:11:47.206+0300][138.647s][info ][gc] GC(4731) Concurrent Cycle 41.952ms
[2020-01-29T22:11:47.250+0300][138.690s][info ][gc] GC(4733) Pause Young (Normal) (G1 Evacuation Pause) 108M->109M(256M) 38.711ms
[2020-01-29T22:11:47.290+0300][138.730s][info ][gc] GC(4734) Pause Young (Concurrent Start) (G1 Evacuation Pause) 146M->147M(256M) 25.310ms
[2020-01-29T22:11:47.290+0300][138.730s][info ][gc] GC(4735) Concurrent Cycle
[2020-01-29T22:11:47.332+0300][138.772s][info ][gc] GC(4736) Pause Young (Normal) (G1 Evacuation Pause) 192M->193M(256M) 19.048ms
[2020-01-29T22:11:47.346+0300][138.786s][info ][gc] GC(4737) Pause Young (Normal) (G1 Evacuation Pause) 204M->205M(256M) 9.093ms
[2020-01-29T22:11:47.358+0300][138.798s][info ][gc] GC(4738) Pause Young (Normal) (G1 Evacuation Pause) 215M->216M(256M) 7.892ms
[2020-01-29T22:11:47.370+0300][138.810s][info ][gc] GC(4739) Pause Young (Normal) (G1 Evacuation Pause) 226M->227M(256M) 8.117ms
[2020-01-29T22:11:47.383+0300][138.822s][info ][gc] GC(4740) Pause Young (Normal) (G1 Evacuation Pause) 237M->238M(256M) 7.984ms
[2020-01-29T22:11:47.399+0300][138.839s][info ][gc] GC(4741) To-space exhausted
[2020-01-29T22:11:47.399+0300][138.839s][info ][gc] GC(4741) Pause Young (Normal) (G1 Evacuation Pause) 248M->251M(256M) 12.817ms
[2020-01-29T22:11:47.412+0300][138.852s][info ][gc] GC(4742) To-space exhausted
[2020-01-29T22:11:47.412+0300][138.852s][info ][gc] GC(4742) Pause Young (Normal) (G1 Evacuation Pause) 255M->255M(256M) 10.679ms
[2020-01-29T22:11:47.412+0300][138.852s][debug][gc] GC(4743) Clear Next Bitmap 0.081ms
[2020-01-29T22:11:47.466+0300][138.905s][info ][gc] GC(4743) Pause Full (G1 Evacuation Pause) 255M->99M(256M) 53.605ms
[2020-01-29T22:11:47.466+0300][138.906s][info ][gc] GC(4735) Concurrent Cycle 176.107ms
[2020-01-29T22:11:47.512+0300][138.953s][info ][gc] GC(4744) Pause Young (Concurrent Start) (G1 Humongous Allocation) 137M->136M(256M) 21.839ms
[2020-01-29T22:11:47.513+0300][138.953s][info ][gc] GC(4745) Concurrent Cycle
[2020-01-29T22:11:47.552+0300][138.993s][info ][gc] GC(4746) Pause Young (Normal) (G1 Evacuation Pause) 184M->185M(256M) 19.966ms
[2020-01-29T22:11:47.557+0300][138.997s][debug][gc] GC(4745) Reclaimed 99 empty regions
[2020-01-29T22:11:47.557+0300][138.997s][info ][gc] GC(4745) Pause Remark 194M->97M(256M) 0.693ms
[2020-01-29T22:11:47.569+0300][139.010s][info ][gc] GC(4747) Pause Young (Normal) (G1 Evacuation Pause) 101M->102M(256M) 10.864ms
[2020-01-29T22:11:47.615+0300][139.056s][info ][gc] GC(4748) Pause Young (Normal) (G1 Evacuation Pause) 141M->142M(256M) 29.924ms
[2020-01-29T22:11:47.661+0300][139.101s][info ][gc] GC(4749) Pause Young (Normal) (G1 Evacuation Pause) 169M->170M(256M) 34.459ms
[2020-01-29T22:11:47.714+0300][139.154s][info ][gc] GC(4750) Pause Young (Normal) (G1 Evacuation Pause) 208M->209M(256M) 34.113ms
[2020-01-29T22:11:47.746+0300][139.186s][info ][gc] GC(4751) Pause Young (Normal) (G1 Evacuation Pause) 218M->219M(256M) 27.342ms
[2020-01-29T22:11:47.780+0300][139.220s][info ][gc] GC(4752) Pause Young (Normal) (G1 Evacuation Pause) 229M->230M(256M) 27.034ms
[2020-01-29T22:11:47.783+0300][139.222s][info ][gc] GC(4745) Pause Cleanup 236M->236M(256M) 0.055ms
[2020-01-29T22:11:47.783+0300][139.223s][info ][gc] GC(4745) Concurrent Cycle 269.528ms
[2020-01-29T22:11:47.810+0300][139.250s][info ][gc] GC(4753) Pause Young (Normal) (G1 Evacuation Pause) 240M->241M(256M) 25.336ms
[2020-01-29T22:11:47.829+0300][139.269s][info ][gc] GC(4754) To-space exhausted
[2020-01-29T22:11:47.829+0300][139.269s][info ][gc] GC(4754) Pause Young (Concurrent Start) (G1 Evacuation Pause) 251M->254M(256M) 15.468ms
[2020-01-29T22:11:47.829+0300][139.269s][info ][gc] GC(4755) Concurrent Cycle
[2020-01-29T22:11:47.838+0300][139.278s][info ][gc] GC(4756) To-space exhausted
[2020-01-29T22:11:47.839+0300][139.278s][info ][gc] GC(4756) Pause Young (Normal) (G1 Evacuation Pause) 255M->255M(256M) 6.765ms
[2020-01-29T22:11:47.839+0300][139.278s][debug][gc] GC(4757) Clear Next Bitmap 0.076ms
[2020-01-29T22:11:47.882+0300][139.323s][info ][gc] GC(4757) Pause Full (G1 Evacuation Pause) 255M->71M(256M) 44.114ms
[2020-01-29T22:11:47.882+0300][139.323s][info ][gc] GC(4755) Concurrent Cycle 53.665ms
[2020-01-29T22:11:47.929+0300][139.369s][info ][gc] GC(4758) Pause Young (Normal) (G1 Evacuation Pause) 120M->120M(256M) 27.394ms
[2020-01-29T22:11:47.960+0300][139.400s][info ][gc] GC(4759) Pause Young (Concurrent Start) (G1 Humongous Allocation) 136M->137M(256M) 14.076ms
[2020-01-29T22:11:47.960+0300][139.400s][info ][gc] GC(4760) Concurrent Cycle
[2020-01-29T22:11:47.992+0300][139.432s][info ][gc] GC(4761) Pause Young (Normal) (G1 Evacuation Pause) 185M->186M(256M) 19.941ms
[2020-01-29T22:11:47.996+0300][139.437s][debug][gc] GC(4760) Reclaimed 111 empty regions
[2020-01-29T22:11:47.997+0300][139.437s][info ][gc] GC(4760) Pause Remark 196M->87M(256M) 0.647ms
[2020-01-29T22:11:48.007+0300][139.448s][info ][gc] GC(4762) Pause Young (Normal) (G1 Evacuation Pause) 89M->90M(256M) 9.763ms
[2020-01-29T22:11:48.056+0300][139.496s][info ][gc] GC(4763) Pause Young (Normal) (G1 Evacuation Pause) 133M->134M(256M) 31.486ms
[2020-01-29T22:11:48.105+0300][139.545s][info ][gc] GC(4764) Pause Young (Normal) (G1 Evacuation Pause) 163M->164M(256M) 36.984ms
[2020-01-29T22:11:48.157+0300][139.597s][info ][gc] GC(4765) Pause Young (Normal) (G1 Evacuation Pause) 204M->204M(256M) 32.819ms
[2020-01-29T22:11:48.191+0300][139.631s][info ][gc] GC(4766) Pause Young (Normal) (G1 Evacuation Pause) 212M->213M(256M) 30.666ms
[2020-01-29T22:11:48.194+0300][139.634s][info ][gc] GC(4760) Pause Cleanup 220M->220M(256M) 0.065ms
[2020-01-29T22:11:48.195+0300][139.635s][info ][gc] GC(4760) Concurrent Cycle 234.356ms
[2020-01-29T22:11:48.217+0300][139.661s][info ][gc] GC(4767) Pause Young (Normal) (G1 Evacuation Pause) 223M->224M(256M) 24.929ms
[2020-01-29T22:11:48.233+0300][139.673s][info ][gc] GC(4768) Pause Young (Concurrent Start) (G1 Evacuation Pause) 234M->235M(256M) 8.365ms
[2020-01-29T22:11:48.233+0300][139.673s][info ][gc] GC(4769) Concurrent Cycle
[2020-01-29T22:11:48.247+0300][139.689s][info ][gc] GC(4770) To-space exhausted
[2020-01-29T22:11:48.247+0300][139.689s][info ][gc] GC(4770) Pause Young (Normal) (G1 Evacuation Pause) 245M->248M(256M) 9.393ms
[2020-01-29T22:11:48.267+0300][139.708s][info ][gc] GC(4771) To-space exhausted
[2020-01-29T22:11:48.267+0300][139.708s][info ][gc] GC(4771) Pause Young (Normal) (G1 Evacuation Pause) 255M->255M(256M) 16.413ms
[2020-01-29T22:11:48.267+0300][139.709s][debug][gc] GC(4772) Clear Next Bitmap 0.088ms
[2020-01-29T22:11:48.322+0300][139.762s][info ][gc] GC(4772) Pause Full (G1 Evacuation Pause) 255M->83M(256M) 53.436ms
[2020-01-29T22:11:48.322+0300][139.762s][info ][gc] GC(4769) Concurrent Cycle 88.757ms
[2020-01-29T22:11:48.362+0300][139.805s][info ][gc] GC(4773) Pause Young (Normal) (G1 Evacuation Pause) 128M->129M(256M) 25.023ms
[2020-01-29T22:11:48.397+0300][139.841s][info ][gc] GC(4774) Pause Young (Concurrent Start) (G1 Humongous Allocation) 137M->137M(256M) 8.760ms
[2020-01-29T22:11:48.397+0300][139.841s][info ][gc] GC(4775) Concurrent Cycle
[2020-01-29T22:11:48.412+0300][139.852s][debug][gc] GC(4775) Reclaimed 120 empty regions
[2020-01-29T22:11:48.412+0300][139.852s][info ][gc] GC(4775) Pause Remark 182M->64M(256M) 0.644ms
[2020-01-29T22:11:48.432+0300][139.872s][info ][gc] GC(4776) Pause Young (Normal) (G1 Evacuation Pause) 67M->64M(256M) 17.840ms
[2020-01-29T22:11:48.452+0300][139.893s][info ][gc] GC(4775) Pause Cleanup 115M->115M(256M) 0.043ms
[2020-01-29T22:11:48.452+0300][139.893s][info ][gc] GC(4775) Concurrent Cycle 52.303ms
[2020-01-29T22:11:48.497+0300][139.941s][info ][gc] GC(4777) Pause Young (Normal) (G1 Evacuation Pause) 116M->117M(256M) 47.725ms
[2020-01-29T22:11:48.539+0300][139.979s][info ][gc] GC(4778) Pause Young (Concurrent Start) (G1 Evacuation Pause) 152M->153M(256M) 23.974ms
[2020-01-29T22:11:48.539+0300][139.979s][info ][gc] GC(4779) Concurrent Cycle
[2020-01-29T22:11:48.582+0300][140.025s][info ][gc] GC(4780) Pause Young (Normal) (G1 Evacuation Pause) 196M->198M(256M) 17.976ms
[2020-01-29T22:11:48.592+0300][140.035s][info ][gc] GC(4781) Pause Young (Normal) (G1 Evacuation Pause) 207M->208M(256M) 7.003ms
[2020-01-29T22:11:48.607+0300][140.047s][info ][gc] GC(4782) Pause Young (Normal) (G1 Evacuation Pause) 218M->219M(256M) 8.016ms
[2020-01-29T22:11:48.617+0300][140.060s][info ][gc] GC(4783) Pause Young (Normal) (G1 Evacuation Pause) 229M->230M(256M) 8.147ms
[2020-01-29T22:11:48.632+0300][140.072s][info ][gc] GC(4784) Pause Young (Normal) (G1 Evacuation Pause) 240M->241M(256M) 8.098ms
[2020-01-29T22:11:48.650+0300][140.091s][info ][gc] GC(4785) To-space exhausted
[2020-01-29T22:11:48.651+0300][140.091s][info ][gc] GC(4785) Pause Young (Normal) (G1 Evacuation Pause) 251M->254M(256M) 14.544ms
[2020-01-29T22:11:48.658+0300][140.098s][info ][gc] GC(4786) To-space exhausted
[2020-01-29T22:11:48.658+0300][140.098s][info ][gc] GC(4786) Pause Young (Normal) (G1 Evacuation Pause) 255M->255M(256M) 7.088ms
[2020-01-29T22:11:48.658+0300][140.098s][debug][gc] GC(4787) Clear Next Bitmap 0.060ms
[2020-01-29T22:11:48.714+0300][140.154s][info ][gc] GC(4787) Pause Full (G1 Evacuation Pause) 255M->94M(256M) 55.746ms
[2020-01-29T22:11:48.714+0300][140.154s][info ][gc] GC(4779) Concurrent Cycle 174.970ms
[2020-01-29T22:11:48.752+0300][140.196s][info ][gc] GC(4788) Pause Young (Normal) (G1 Evacuation Pause) 136M->136M(256M) 24.970ms
[2020-01-29T22:11:48.762+0300][140.206s][info ][gc] GC(4789) Pause Young (Concurrent Start) (G1 Humongous Allocation) 136M->138M(256M) 4.197ms
[2020-01-29T22:11:48.762+0300][140.206s][info ][gc] GC(4790) Concurrent Cycle
[2020-01-29T22:11:48.772+0300][140.214s][debug][gc] GC(4790) Reclaimed 128 empty regions
[2020-01-29T22:11:48.772+0300][140.214s][info ][gc] GC(4790) Pause Remark 175M->49M(256M) 0.636ms
[2020-01-29T22:11:48.792+0300][140.236s][info ][gc] GC(4791) Pause Young (Normal) (G1 Evacuation Pause) 60M->60M(256M) 17.135ms
[2020-01-29T22:11:48.807+0300][140.249s][info ][gc] GC(4790) Pause Cleanup 94M->94M(256M) 0.036ms
[2020-01-29T22:11:48.807+0300][140.249s][info ][gc] GC(4790) Concurrent Cycle 42.940ms
[2020-01-29T22:11:48.852+0300][140.295s][info ][gc] GC(4792) Pause Young (Normal) (G1 Evacuation Pause) 113M->113M(256M) 38.985ms
[2020-01-29T22:11:48.912+0300][140.356s][info ][gc] GC(4793) Pause Young (Concurrent Start) (G1 Humongous Allocation) 148M->149M(256M) 23.901ms
[2020-01-29T22:11:48.912+0300][140.356s][info ][gc] GC(4794) Concurrent Cycle
[2020-01-29T22:11:48.957+0300][140.397s][info ][gc] GC(4795) Pause Young (Normal) (G1 Evacuation Pause) 194M->195M(256M) 18.810ms
[2020-01-29T22:11:48.957+0300][140.401s][debug][gc] GC(4794) Reclaimed 100 empty regions
[2020-01-29T22:11:48.962+0300][140.401s][info ][gc] GC(4794) Pause Remark 205M->105M(256M) 0.644ms
[2020-01-29T22:11:48.967+0300][140.410s][info ][gc] GC(4796) Pause Young (Normal) (G1 Evacuation Pause) 105M->105M(256M) 8.657ms
[2020-01-29T22:11:49.012+0300][140.453s][info ][gc] GC(4797) Pause Young (Normal) (G1 Evacuation Pause) 143M->144M(256M) 27.175ms
[2020-01-29T22:11:49.055+0300][140.495s][info ][gc] GC(4798) Pause Young (Normal) (G1 Evacuation Pause) 170M->171M(256M) 32.117ms
[2020-01-29T22:11:49.104+0300][140.544s][info ][gc] GC(4799) Pause Young (Normal) (G1 Evacuation Pause) 209M->210M(256M) 30.058ms
[2020-01-29T22:11:49.134+0300][140.574s][info ][gc] GC(4800) Pause Young (Normal) (G1 Evacuation Pause) 219M->220M(256M) 24.782ms
[2020-01-29T22:11:49.164+0300][140.604s][info ][gc] GC(4801) Pause Young (Normal) (G1 Evacuation Pause) 230M->231M(256M) 25.655ms
[2020-01-29T22:11:49.196+0300][140.636s][info ][gc] GC(4802) Pause Young (Normal) (G1 Evacuation Pause) 241M->242M(256M) 27.482ms
[2020-01-29T22:11:49.236+0300][140.676s][info ][gc] GC(4803) To-space exhausted
[2020-01-29T22:11:49.236+0300][140.676s][info ][gc] GC(4803) Pause Young (Normal) (G1 Evacuation Pause) 252M->255M(256M) 35.667ms
[2020-01-29T22:11:49.236+0300][140.676s][debug][gc] GC(4804) Clear Next Bitmap 0.058ms
[2020-01-29T22:11:49.269+0300][140.709s][info ][gc] GC(4804) Pause Full (G1 Evacuation Pause) 255M->63M(256M) 32.784ms
[2020-01-29T22:11:49.269+0300][140.709s][info ][gc] GC(4794) Concurrent Cycle 353.300ms
[2020-01-29T22:11:49.318+0300][140.759s][info ][gc] GC(4805) Pause Young (Normal) (G1 Evacuation Pause) 115M->115M(256M) 29.421ms
[2020-01-29T22:11:49.357+0300][140.797s][info ][gc] GC(4806) Pause Young (Concurrent Start) (G1 Humongous Allocation) 137M->137M(256M) 17.970ms
[2020-01-29T22:11:49.357+0300][140.797s][info ][gc] GC(4807) Concurrent Cycle
[2020-01-29T22:11:49.394+0300][140.834s][info ][gc] GC(4808) Pause Young (Normal) (G1 Evacuation Pause) 185M->187M(256M) 21.632ms
[2020-01-29T22:11:49.398+0300][140.839s][debug][gc] GC(4807) Reclaimed 105 empty regions
[2020-01-29T22:11:49.398+0300][140.839s][info ][gc] GC(4807) Pause Remark 195M->92M(256M) 0.634ms
[2020-01-29T22:11:49.411+0300][140.852s][info ][gc] GC(4809) Pause Young (Normal) (G1 Evacuation Pause) 95M->96M(256M) 11.136ms
[2020-01-29T22:11:49.460+0300][140.899s][info ][gc] GC(4810) Pause Young (Normal) (G1 Evacuation Pause) 137M->138M(256M) 31.297ms
[2020-01-29T22:11:49.506+0300][140.947s][info ][gc] GC(4811) Pause Young (Normal) (G1 Evacuation Pause) 166M->167M(256M) 35.923ms
[2020-01-29T22:11:49.563+0300][141.003s][info ][gc] GC(4812) Pause Young (Normal) (G1 Evacuation Pause) 206M->207M(256M) 35.565ms
[2020-01-29T22:11:49.596+0300][141.036s][info ][gc] GC(4813) Pause Young (Normal) (G1 Evacuation Pause) 216M->216M(256M) 29.302ms
[2020-01-29T22:11:49.631+0300][141.071s][info ][gc] GC(4814) Pause Young (Normal) (G1 Evacuation Pause) 226M->227M(256M) 30.575ms
[2020-01-29T22:11:49.633+0300][141.072s][info ][gc] GC(4807) Pause Cleanup 229M->229M(256M) 0.070ms
[2020-01-29T22:11:49.633+0300][141.073s][info ][gc] GC(4807) Concurrent Cycle 275.414ms
[2020-01-29T22:11:49.665+0300][141.105s][info ][gc] GC(4815) Pause Young (Normal) (G1 Evacuation Pause) 237M->238M(256M) 28.614ms
[2020-01-29T22:11:49.686+0300][141.126s][info ][gc] GC(4816) To-space exhausted
[2020-01-29T22:11:49.686+0300][141.126s][info ][gc] GC(4816) Pause Young (Concurrent Start) (G1 Evacuation Pause) 248M->250M(256M) 17.174ms
[2020-01-29T22:11:49.686+0300][141.126s][info ][gc] GC(4817) Concurrent Cycle
[2020-01-29T22:11:49.708+0300][141.149s][info ][gc] GC(4818) To-space exhausted
[2020-01-29T22:11:49.708+0300][141.149s][info ][gc] GC(4818) Pause Young (Normal) (G1 Evacuation Pause) 255M->255M(256M) 18.469ms
[2020-01-29T22:11:49.708+0300][141.149s][debug][gc] GC(4819) Clear Next Bitmap 0.062ms
[2020-01-29T22:11:49.755+0300][141.195s][info ][gc] GC(4819) Pause Full (G1 Evacuation Pause) 255M->78M(256M) 46.376ms
[2020-01-29T22:11:49.755+0300][141.196s][info ][gc] GC(4817) Concurrent Cycle 69.994ms
[2020-01-29T22:11:49.800+0300][141.241s][info ][gc] GC(4820) Pause Young (Normal) (G1 Evacuation Pause) 125M->125M(256M) 26.295ms
[2020-01-29T22:11:49.827+0300][141.267s][info ][gc] GC(4821) Pause Young (Concurrent Start) (G1 Humongous Allocation) 136M->137M(256M) 11.460ms
[2020-01-29T22:11:49.827+0300][141.267s][info ][gc] GC(4822) Concurrent Cycle
[2020-01-29T22:11:49.860+0300][141.300s][info ][gc] GC(4823) Pause Young (Normal) (G1 Evacuation Pause) 185M->186M(256M) 20.199ms
[2020-01-29T22:11:49.862+0300][141.302s][debug][gc] GC(4822) Reclaimed 117 empty regions
[2020-01-29T22:11:49.862+0300][141.302s][info ][gc] GC(4822) Pause Remark 188M->73M(256M) 0.840ms
[2020-01-29T22:11:49.878+0300][141.318s][info ][gc] GC(4824) Pause Young (Normal) (G1 Evacuation Pause) 83M->84M(256M) 11.426ms
[2020-01-29T22:11:49.930+0300][141.370s][info ][gc] GC(4825) Pause Young (Normal) (G1 Evacuation Pause) 129M->130M(256M) 34.136ms
[2020-01-29T22:11:49.995+0300][141.435s][info ][gc] GC(4826) Pause Young (Normal) (G1 Evacuation Pause) 180M->181M(256M) 41.000ms
[2020-01-29T22:11:49.999+0300][141.439s][info ][gc] GC(4822) Pause Cleanup 192M->192M(256M) 0.043ms
[2020-01-29T22:11:50.000+0300][141.439s][info ][gc] GC(4822) Concurrent Cycle 172.024ms
[2020-01-29T22:11:50.030+0300][141.470s][info ][gc] GC(4827) Pause Young (Normal) (G1 Evacuation Pause) 196M->197M(256M) 28.864ms
[2020-01-29T22:11:50.044+0300][141.484s][info ][gc] GC(4828) Pause Young (Concurrent Start) (G1 Evacuation Pause) 207M->208M(256M) 8.952ms
[2020-01-29T22:11:50.044+0300][141.484s][info ][gc] GC(4829) Concurrent Cycle
[2020-01-29T22:11:50.059+0300][141.499s][info ][gc] GC(4830) Pause Young (Normal) (G1 Evacuation Pause) 218M->219M(256M) 8.220ms
[2020-01-29T22:11:50.070+0300][141.511s][info ][gc] GC(4831) Pause Young (Normal) (G1 Evacuation Pause) 229M->230M(256M) 7.828ms
[2020-01-29T22:11:50.082+0300][141.523s][info ][gc] GC(4832) Pause Young (Normal) (G1 Evacuation Pause) 240M->241M(256M) 7.966ms
[2020-01-29T22:11:50.102+0300][141.543s][info ][gc] GC(4833) To-space exhausted
[2020-01-29T22:11:50.102+0300][141.543s][info ][gc] GC(4833) Pause Young (Normal) (G1 Evacuation Pause) 251M->254M(256M) 14.954ms
[2020-01-29T22:11:50.110+0300][141.550s][info ][gc] GC(4834) To-space exhausted
[2020-01-29T22:11:50.110+0300][141.550s][info ][gc] GC(4834) Pause Young (Normal) (G1 Evacuation Pause) 255M->255M(256M) 6.950ms
[2020-01-29T22:11:50.110+0300][141.551s][debug][gc] GC(4835) Clear Next Bitmap 0.069ms
[2020-01-29T22:11:50.159+0300][141.600s][info ][gc] GC(4835) Pause Full (G1 Evacuation Pause) 255M->87M(256M) 49.182ms
[2020-01-29T22:11:50.159+0300][141.600s][info ][gc] GC(4829) Concurrent Cycle 115.844ms
[2020-01-29T22:11:50.202+0300][141.642s][info ][gc] GC(4836) Pause Young (Normal) (G1 Evacuation Pause) 131M->131M(256M) 25.120ms
[2020-01-29T22:11:50.222+0300][141.662s][info ][gc] GC(4837) Pause Young (Concurrent Start) (G1 Humongous Allocation) 136M->137M(256M) 7.220ms
[2020-01-29T22:11:50.222+0300][141.662s][info ][gc] GC(4838) Concurrent Cycle
[2020-01-29T22:11:50.232+0300][141.672s][debug][gc] GC(4838) Reclaimed 124 empty regions
[2020-01-29T22:11:50.232+0300][141.672s][info ][gc] GC(4838) Pause Remark 179M->57M(256M) 0.657ms
[2020-01-29T22:11:50.253+0300][141.693s][info ][gc] GC(4839) Pause Young (Normal) (G1 Evacuation Pause) 63M->60M(256M) 18.279ms
[2020-01-29T22:11:50.269+0300][141.709s][info ][gc] GC(4838) Pause Cleanup 99M->99M(256M) 0.035ms
[2020-01-29T22:11:50.269+0300][141.709s][info ][gc] GC(4838) Concurrent Cycle 47.083ms
[2020-01-29T22:11:50.315+0300][141.755s][info ][gc] GC(4840) Pause Young (Normal) (G1 Evacuation Pause) 113M->114M(256M) 40.354ms
[2020-01-29T22:11:50.363+0300][141.803s][info ][gc] GC(4841) Pause Young (Concurrent Start) (G1 Humongous Allocation) 148M->149M(256M) 23.670ms
[2020-01-29T22:11:50.363+0300][141.803s][info ][gc] GC(4842) Concurrent Cycle
[2020-01-29T22:11:50.405+0300][141.845s][info ][gc] GC(4843) Pause Young (Normal) (G1 Evacuation Pause) 194M->195M(256M) 19.343ms
[2020-01-29T22:11:50.410+0300][141.850s][debug][gc] GC(4842) Reclaimed 103 empty regions
[2020-01-29T22:11:50.410+0300][141.850s][info ][gc] GC(4842) Pause Remark 205M->102M(256M) 0.648ms
[2020-01-29T22:11:50.419+0300][141.859s][info ][gc] GC(4844) Pause Young (Normal) (G1 Evacuation Pause) 102M->102M(256M) 8.754ms
[2020-01-29T22:11:50.462+0300][141.902s][info ][gc] GC(4845) Pause Young (Normal) (G1 Evacuation Pause) 141M->142M(256M) 27.874ms
[2020-01-29T22:11:50.513+0300][141.953s][info ][gc] GC(4846) Pause Young (Normal) (G1 Evacuation Pause) 169M->169M(256M) 39.774ms
[2020-01-29T22:11:50.568+0300][142.008s][info ][gc] GC(4847) Pause Young (Normal) (G1 Evacuation Pause) 207M->208M(256M) 32.855ms
[2020-01-29T22:11:50.599+0300][142.040s][info ][gc] GC(4848) Pause Young (Normal) (G1 Evacuation Pause) 217M->218M(256M) 25.881ms
[2020-01-29T22:11:50.630+0300][142.070s][info ][gc] GC(4849) Pause Young (Normal) (G1 Evacuation Pause) 228M->229M(256M) 25.333ms
[2020-01-29T22:11:50.663+0300][142.103s][info ][gc] GC(4850) Pause Young (Normal) (G1 Evacuation Pause) 239M->240M(256M) 28.895ms
[2020-01-29T22:11:50.704+0300][142.144s][info ][gc] GC(4851) To-space exhausted
[2020-01-29T22:11:50.704+0300][142.144s][info ][gc] GC(4851) Pause Young (Normal) (G1 Evacuation Pause) 250M->254M(256M) 36.428ms
[2020-01-29T22:11:50.732+0300][142.172s][info ][gc] GC(4852) To-space exhausted
[2020-01-29T22:11:50.732+0300][142.172s][info ][gc] GC(4852) Pause Young (Normal) (G1 Evacuation Pause) 255M->255M(256M) 26.209ms
[2020-01-29T22:11:50.732+0300][142.172s][debug][gc] GC(4853) Clear Next Bitmap 0.068ms
[2020-01-29T22:11:50.768+0300][142.207s][info ][gc] GC(4853) Pause Full (G1 Evacuation Pause) 255M->65M(256M) 35.256ms
[2020-01-29T22:11:50.768+0300][142.208s][info ][gc] GC(4842) Concurrent Cycle 404.435ms
[2020-01-29T22:11:50.817+0300][142.257s][info ][gc] GC(4854) Pause Young (Normal) (G1 Evacuation Pause) 116M->116M(256M) 29.535ms
[2020-01-29T22:11:50.851+0300][142.292s][info ][gc] GC(4855) Pause Young (Concurrent Start) (G1 Humongous Allocation) 137M->137M(256M) 15.359ms
[2020-01-29T22:11:50.851+0300][142.292s][info ][gc] GC(4856) Concurrent Cycle
[2020-01-29T22:11:50.886+0300][142.327s][info ][gc] GC(4857) Pause Young (Normal) (G1 Evacuation Pause) 185M->186M(256M) 20.541ms
[2020-01-29T22:11:50.891+0300][142.331s][debug][gc] GC(4856) Reclaimed 105 empty regions
[2020-01-29T22:11:50.891+0300][142.331s][info ][gc] GC(4856) Pause Remark 195M->92M(256M) 0.646ms
[2020-01-29T22:11:50.902+0300][142.342s][info ][gc] GC(4858) Pause Young (Normal) (G1 Evacuation Pause) 95M->96M(256M) 9.862ms
[2020-01-29T22:11:50.949+0300][142.390s][info ][gc] GC(4859) Pause Young (Normal) (G1 Evacuation Pause) 137M->138M(256M) 30.929ms
[2020-01-29T22:11:51.004+0300][142.444s][info ][gc] GC(4860) Pause Young (Normal) (G1 Evacuation Pause) 166M->167M(256M) 42.866ms
[2020-01-29T22:11:51.059+0300][142.499s][info ][gc] GC(4861) Pause Young (Normal) (G1 Evacuation Pause) 206M->207M(256M) 32.323ms
[2020-01-29T22:11:51.096+0300][142.536s][info ][gc] GC(4862) Pause Young (Normal) (G1 Evacuation Pause) 216M->217M(256M) 30.450ms
[2020-01-29T22:11:51.096+0300][142.537s][info ][gc] GC(4856) Pause Cleanup 217M->217M(256M) 0.053ms
[2020-01-29T22:11:51.097+0300][142.537s][info ][gc] GC(4856) Concurrent Cycle 245.393ms
[2020-01-29T22:11:51.124+0300][142.564s][info ][gc] GC(4863) Pause Young (Normal) (G1 Evacuation Pause) 227M->227M(256M) 22.593ms
[2020-01-29T22:11:51.136+0300][142.576s][info ][gc] GC(4864) Pause Young (Concurrent Start) (G1 Evacuation Pause) 237M->238M(256M) 8.092ms
[2020-01-29T22:11:51.136+0300][142.576s][info ][gc] GC(4865) Concurrent Cycle
[2020-01-29T22:11:51.156+0300][142.596s][info ][gc] GC(4866) To-space exhausted
[2020-01-29T22:11:51.156+0300][142.596s][info ][gc] GC(4866) Pause Young (Normal) (G1 Evacuation Pause) 248M->250M(256M) 13.412ms
[2020-01-29T22:11:51.171+0300][142.610s][info ][gc] GC(4867) To-space exhausted
[2020-01-29T22:11:51.171+0300][142.610s][info ][gc] GC(4867) Pause Young (Normal) (G1 Evacuation Pause) 255M->255M(256M) 12.431ms
[2020-01-29T22:11:51.171+0300][142.611s][debug][gc] GC(4868) Clear Next Bitmap 0.086ms
[2020-01-29T22:11:51.216+0300][142.657s][info ][gc] GC(4868) Pause Full (G1 Evacuation Pause) 255M->78M(256M) 46.103ms
[2020-01-29T22:11:51.216+0300][142.657s][info ][gc] GC(4865) Concurrent Cycle 80.885ms
[2020-01-29T22:11:51.264+0300][142.704s][info ][gc] GC(4869) Pause Young (Normal) (G1 Evacuation Pause) 125M->125M(256M) 28.326ms
[2020-01-29T22:11:51.289+0300][142.729s][info ][gc] GC(4870) Pause Young (Concurrent Start) (G1 Humongous Allocation) 136M->137M(256M) 10.069ms
[2020-01-29T22:11:51.289+0300][142.729s][info ][gc] GC(4871) Concurrent Cycle
[2020-01-29T22:11:51.303+0300][142.743s][debug][gc] GC(4871) Reclaimed 117 empty regions
[2020-01-29T22:11:51.303+0300][142.743s][info ][gc] GC(4871) Pause Remark 180M->66M(256M) 1.169ms
[2020-01-29T22:11:51.330+0300][142.770s][info ][gc] GC(4872) Pause Young (Normal) (G1 Evacuation Pause) 70M->66M(256M) 18.295ms
[2020-01-29T22:11:51.344+0300][142.784s][info ][gc] GC(4871) Pause Cleanup 99M->99M(256M) 0.038ms
[2020-01-29T22:11:51.344+0300][142.784s][info ][gc] GC(4871) Concurrent Cycle 55.571ms
[2020-01-29T22:11:51.421+0300][142.861s][info ][gc] GC(4873) Pause Young (Normal) (G1 Evacuation Pause) 117M->118M(256M) 66.727ms
[2020-01-29T22:11:51.514+0300][142.954s][info ][gc] GC(4874) Pause Young (Concurrent Start) (G1 Evacuation Pause) 152M->153M(256M) 33.191ms
[2020-01-29T22:11:51.514+0300][142.954s][info ][gc] GC(4875) Concurrent Cycle
[2020-01-29T22:11:51.581+0300][143.021s][info ][gc] GC(4876) Pause Young (Normal) (G1 Evacuation Pause) 196M->197M(256M) 25.508ms
[2020-01-29T22:11:51.608+0300][143.049s][info ][gc] GC(4877) Pause Young (Normal) (G1 Evacuation Pause) 207M->208M(256M) 11.710ms
[2020-01-29T22:11:51.626+0300][143.067s][info ][gc] GC(4878) Pause Young (Normal) (G1 Evacuation Pause) 218M->219M(256M) 12.214ms
[2020-01-29T22:11:51.811+0300][143.251s][info ][gc] GC(4879) Pause Young (Normal) (G1 Evacuation Pause) 229M->230M(256M) 13.953ms
[2020-01-29T22:11:51.819+0300][143.259s][debug][gc] GC(4875) Reclaimed 12 empty regions
[2020-01-29T22:11:51.819+0300][143.259s][info ][gc] GC(4875) Pause Remark 233M->221M(256M) 0.840ms
[2020-01-29T22:11:51.862+0300][143.302s][info ][gc] GC(4880) Pause Young (Normal) (G1 Evacuation Pause) 228M->228M(256M) 31.255ms
[2020-01-29T22:11:51.952+0300][143.392s][info ][gc] GC(4881) Pause Young (Normal) (G1 Evacuation Pause) 238M->239M(256M) 17.823ms
[2020-01-29T22:11:52.020+0300][143.460s][info ][gc] GC(4882) To-space exhausted
[2020-01-29T22:11:52.020+0300][143.461s][info ][gc] GC(4882) Pause Young (Normal) (G1 Evacuation Pause) 249M->252M(256M) 19.727ms
[2020-01-29T22:11:52.102+0300][143.542s][info ][gc] GC(4883) To-space exhausted
[2020-01-29T22:11:52.102+0300][143.542s][info ][gc] GC(4883) Pause Young (Normal) (G1 Evacuation Pause) 255M->255M(256M) 20.285ms
[2020-01-29T22:11:52.102+0300][143.543s][debug][gc] GC(4884) Clear Next Bitmap 0.056ms
[2020-01-29T22:11:52.167+0300][143.607s][info ][gc] GC(4884) Pause Full (G1 Evacuation Pause) 255M->105M(256M) 64.754ms
[2020-01-29T22:11:52.172+0300][143.612s][info ][gc] GC(4875) Concurrent Cycle 657.571ms
[2020-01-29T22:11:52.235+0300][143.675s][info ][gc] GC(4885) Pause Young (Concurrent Start) (G1 Humongous Allocation) 136M->136M(256M) 23.564ms
[2020-01-29T22:11:52.235+0300][143.675s][info ][gc] GC(4886) Concurrent Cycle
[2020-01-29T22:11:52.279+0300][143.718s][info ][gc] GC(4887) Pause Young (Normal) (G1 Evacuation Pause) 184M->185M(256M) 23.326ms
[2020-01-29T22:11:52.280+0300][143.720s][debug][gc] GC(4886) Reclaimed 102 empty regions
[2020-01-29T22:11:52.280+0300][143.720s][info ][gc] GC(4886) Pause Remark 186M->86M(256M) 0.655ms
[2020-01-29T22:11:52.298+0300][143.737s][info ][gc] GC(4888) Pause Young (Normal) (G1 Evacuation Pause) 97M->99M(256M) 12.673ms
[2020-01-29T22:11:52.351+0300][143.792s][info ][gc] GC(4889) Pause Young (Normal) (G1 Evacuation Pause) 140M->141M(256M) 30.064ms
[2020-01-29T22:11:52.413+0300][143.853s][info ][gc] GC(4890) Pause Young (Normal) (G1 Evacuation Pause) 168M->169M(256M) 48.510ms
[2020-01-29T22:11:52.435+0300][143.876s][info ][gc] GC(4886) Pause Cleanup 202M->202M(256M) 0.051ms
[2020-01-29T22:11:52.436+0300][143.876s][info ][gc] GC(4886) Concurrent Cycle 200.731ms
[2020-01-29T22:11:52.465+0300][143.905s][info ][gc] GC(4891) Pause Young (Normal) (G1 Evacuation Pause) 207M->208M(256M) 27.009ms
[2020-01-29T22:11:52.479+0300][143.920s][info ][gc] GC(4892) Pause Young (Concurrent Start) (G1 Evacuation Pause) 217M->218M(256M) 10.490ms
[2020-01-29T22:11:52.479+0300][143.920s][info ][gc] GC(4893) Concurrent Cycle
[2020-01-29T22:11:52.496+0300][143.936s][info ][gc] GC(4894) Pause Young (Normal) (G1 Evacuation Pause) 228M->229M(256M) 10.120ms
[2020-01-29T22:11:52.515+0300][143.955s][info ][gc] GC(4895) Pause Young (Normal) (G1 Evacuation Pause) 239M->240M(256M) 6.833ms
[2020-01-29T22:11:52.534+0300][143.974s][info ][gc] GC(4896) To-space exhausted
[2020-01-29T22:11:52.534+0300][143.974s][info ][gc] GC(4896) Pause Young (Normal) (G1 Evacuation Pause) 250M->253M(256M) 14.517ms
[2020-01-29T22:11:52.545+0300][143.985s][info ][gc] GC(4897) To-space exhausted
[2020-01-29T22:11:52.545+0300][143.985s][info ][gc] GC(4897) Pause Young (Normal) (G1 Evacuation Pause) 255M->255M(256M) 9.763ms
[2020-01-29T22:11:52.545+0300][143.985s][debug][gc] GC(4898) Clear Next Bitmap 0.090ms
[2020-01-29T22:11:52.589+0300][144.029s][info ][gc] GC(4898) Pause Full (G1 Evacuation Pause) 255M->75M(256M) 44.099ms
[2020-01-29T22:11:52.590+0300][144.030s][info ][gc] GC(4893) Concurrent Cycle 109.815ms
[2020-01-29T22:11:52.651+0300][144.090s][info ][gc] GC(4899) Pause Young (Normal) (G1 Evacuation Pause) 123M->123M(256M) 26.550ms
[2020-01-29T22:11:52.690+0300][144.130s][info ][gc] GC(4900) Pause Young (Concurrent Start) (G1 Humongous Allocation) 137M->138M(256M) 14.774ms
[2020-01-29T22:11:52.690+0300][144.130s][info ][gc] GC(4901) Concurrent Cycle
[2020-01-29T22:11:52.711+0300][144.152s][debug][gc] GC(4901) Reclaimed 116 empty regions
[2020-01-29T22:11:52.711+0300][144.152s][info ][gc] GC(4901) Pause Remark 175M->62M(256M) 0.814ms
[2020-01-29T22:11:52.735+0300][144.176s][info ][gc] GC(4902) Pause Young (Normal) (G1 Evacuation Pause) 73M->69M(256M) 19.229ms
[2020-01-29T22:11:52.757+0300][144.198s][info ][gc] GC(4901) Pause Cleanup 106M->106M(256M) 0.038ms
[2020-01-29T22:11:52.758+0300][144.198s][info ][gc] GC(4901) Concurrent Cycle 68.065ms
[2020-01-29T22:11:52.822+0300][144.263s][info ][gc] GC(4903) Pause Young (Normal) (G1 Evacuation Pause) 119M->119M(256M) 57.532ms
[2020-01-29T22:11:52.860+0300][144.300s][info ][gc] GC(4904) Pause Young (Concurrent Start) (G1 Evacuation Pause) 153M->154M(256M) 23.816ms
[2020-01-29T22:11:52.860+0300][144.300s][info ][gc] GC(4905) Concurrent Cycle
[2020-01-29T22:11:52.905+0300][144.345s][info ][gc] GC(4906) Pause Young (Normal) (G1 Evacuation Pause) 197M->198M(256M) 17.945ms
[2020-01-29T22:11:52.920+0300][144.360s][info ][gc] GC(4907) Pause Young (Normal) (G1 Evacuation Pause) 207M->208M(256M) 7.182ms
[2020-01-29T22:11:52.932+0300][144.372s][info ][gc] GC(4908) Pause Young (Normal) (G1 Evacuation Pause) 218M->219M(256M) 7.801ms
[2020-01-29T22:11:52.951+0300][144.391s][info ][gc] GC(4909) Pause Young (Normal) (G1 Evacuation Pause) 229M->230M(256M) 10.322ms
[2020-01-29T22:11:52.963+0300][144.403s][info ][gc] GC(4910) Pause Young (Normal) (G1 Evacuation Pause) 240M->241M(256M) 6.802ms
[2020-01-29T22:11:52.986+0300][144.426s][info ][gc] GC(4911) To-space exhausted
[2020-01-29T22:11:52.986+0300][144.426s][info ][gc] GC(4911) Pause Young (Normal) (G1 Evacuation Pause) 251M->254M(256M) 16.554ms
[2020-01-29T22:11:52.995+0300][144.435s][info ][gc] GC(4912) To-space exhausted
[2020-01-29T22:11:52.995+0300][144.435s][info ][gc] GC(4912) Pause Young (Normal) (G1 Evacuation Pause) 256M->256M(256M) 7.924ms
[2020-01-29T22:11:52.996+0300][144.436s][debug][gc] GC(4913) Clear Next Bitmap 0.097ms
[2020-01-29T22:11:53.051+0300][144.491s][info ][gc] GC(4913) Pause Full (G1 Evacuation Pause) 256M->92M(256M) 55.724ms
[2020-01-29T22:11:53.052+0300][144.491s][info ][gc] GC(4905) Concurrent Cycle 191.557ms
[2020-01-29T22:11:53.097+0300][144.537s][info ][gc] GC(4914) Pause Young (Normal) (G1 Evacuation Pause) 134M->134M(256M) 22.795ms
[2020-01-29T22:11:53.115+0300][144.556s][info ][gc] GC(4915) Pause Young (Concurrent Start) (G1 Humongous Allocation) 137M->137M(256M) 6.483ms
[2020-01-29T22:11:53.115+0300][144.556s][info ][gc] GC(4916) Concurrent Cycle
[2020-01-29T22:11:53.125+0300][144.565s][debug][gc] GC(4916) Reclaimed 126 empty regions
[2020-01-29T22:11:53.125+0300][144.566s][info ][gc] GC(4916) Pause Remark 168M->44M(256M) 0.665ms
[2020-01-29T22:11:53.140+0300][144.581s][info ][gc] GC(4916) Pause Cleanup 55M->55M(256M) 0.035ms
[2020-01-29T22:11:53.141+0300][144.582s][info ][gc] GC(4916) Concurrent Cycle 26.203ms
[2020-01-29T22:11:53.173+0300][144.614s][info ][gc] GC(4917) Pause Young (Normal) (G1 Evacuation Pause) 60M->59M(256M) 29.826ms
[2020-01-29T22:11:53.256+0300][144.696s][info ][gc] GC(4918) Pause Young (Concurrent Start) (G1 Evacuation Pause) 116M->117M(256M) 56.668ms
[2020-01-29T22:11:53.256+0300][144.696s][info ][gc] GC(4919) Concurrent Cycle
[2020-01-29T22:11:53.342+0300][144.782s][info ][gc] GC(4920) Pause Young (Normal) (G1 Evacuation Pause) 172M->173M(256M) 46.776ms
[2020-01-29T22:11:53.377+0300][144.817s][info ][gc] GC(4921) Pause Young (Normal) (G1 Evacuation Pause) 190M->191M(256M) 20.021ms
[2020-01-29T22:11:53.395+0300][144.834s][info ][gc] GC(4922) Pause Young (Normal) (G1 Evacuation Pause) 202M->203M(256M) 12.565ms
[2020-01-29T22:11:53.413+0300][144.853s][info ][gc] GC(4923) Pause Young (Normal) (G1 Evacuation Pause) 213M->214M(256M) 13.403ms
[2020-01-29T22:11:53.429+0300][144.869s][info ][gc] GC(4924) Pause Young (Normal) (G1 Evacuation Pause) 224M->224M(256M) 11.685ms
[2020-01-29T22:11:53.445+0300][144.885s][info ][gc] GC(4925) Pause Young (Normal) (G1 Evacuation Pause) 234M->235M(256M) 11.479ms
[2020-01-29T22:11:53.461+0300][144.902s][info ][gc] GC(4926) To-space exhausted
[2020-01-29T22:11:53.461+0300][144.902s][info ][gc] GC(4926) Pause Young (Normal) (G1 Evacuation Pause) 245M->248M(256M) 10.335ms
[2020-01-29T22:11:53.484+0300][144.925s][info ][gc] GC(4927) To-space exhausted
[2020-01-29T22:11:53.484+0300][144.925s][info ][gc] GC(4927) Pause Young (Normal) (G1 Evacuation Pause) 255M->255M(256M) 18.223ms
[2020-01-29T22:11:53.484+0300][144.925s][debug][gc] GC(4928) Clear Next Bitmap 0.102ms
[2020-01-29T22:11:53.559+0300][144.999s][info ][gc] GC(4928) Pause Full (G1 Evacuation Pause) 255M->100M(256M) 74.615ms
[2020-01-29T22:11:53.559+0300][145.000s][info ][gc] GC(4919) Concurrent Cycle 303.615ms
[2020-01-29T22:11:53.646+0300][145.086s][info ][gc] GC(4929) Pause Young (Concurrent Start) (G1 Humongous Allocation) 137M->136M(256M) 22.215ms
[2020-01-29T22:11:53.646+0300][145.086s][info ][gc] GC(4930) Concurrent Cycle
[2020-01-29T22:11:53.696+0300][145.136s][info ][gc] GC(4931) Pause Young (Normal) (G1 Evacuation Pause) 184M->185M(256M) 22.115ms
[2020-01-29T22:11:53.699+0300][145.139s][debug][gc] GC(4930) Reclaimed 100 empty regions
[2020-01-29T22:11:53.699+0300][145.139s][info ][gc] GC(4930) Pause Remark 186M->88M(256M) 0.707ms
[2020-01-29T22:11:53.719+0300][145.159s][info ][gc] GC(4932) Pause Young (Normal) (G1 Evacuation Pause) 100M->101M(256M) 12.026ms
[2020-01-29T22:11:53.777+0300][145.217s][info ][gc] GC(4933) Pause Young (Normal) (G1 Evacuation Pause) 141M->142M(256M) 36.393ms
[2020-01-29T22:11:53.829+0300][145.270s][info ][gc] GC(4934) Pause Young (Normal) (G1 Evacuation Pause) 169M->170M(256M) 41.364ms
[2020-01-29T22:11:53.851+0300][145.291s][info ][gc] GC(4930) Pause Cleanup 173M->173M(256M) 0.039ms
[2020-01-29T22:11:53.852+0300][145.292s][info ][gc] GC(4930) Concurrent Cycle 206.313ms
[2020-01-29T22:11:53.892+0300][145.333s][info ][gc] GC(4935) Pause Young (Concurrent Start) (G1 Humongous Allocation) 177M->178M(256M) 20.693ms
[2020-01-29T22:11:53.892+0300][145.333s][info ][gc] GC(4936) Concurrent Cycle
[2020-01-29T22:11:53.915+0300][145.356s][info ][gc] GC(4937) Pause Young (Normal) (G1 Evacuation Pause) 213M->214M(256M) 12.961ms
[2020-01-29T22:11:53.917+0300][145.357s][debug][gc] GC(4936) Reclaimed 159 empty regions
[2020-01-29T22:11:53.917+0300][145.357s][info ][gc] GC(4936) Pause Remark 215M->56M(256M) 0.665ms
[2020-01-29T22:11:53.929+0300][145.369s][info ][gc] GC(4938) Pause Young (Normal) (G1 Evacuation Pause) 64M->65M(256M) 7.090ms
[2020-01-29T22:11:53.958+0300][145.398s][info ][gc] GC(4936) Pause Cleanup 116M->116M(256M) 0.041ms
[2020-01-29T22:11:53.958+0300][145.398s][info ][gc] GC(4936) Concurrent Cycle 65.709ms
[2020-01-29T22:11:53.998+0300][145.439s][info ][gc] GC(4939) Pause Young (Normal) (G1 Evacuation Pause) 117M->118M(256M) 40.083ms
[2020-01-29T22:11:54.044+0300][145.484s][info ][gc] GC(4940) Pause Young (Concurrent Start) (G1 Evacuation Pause) 152M->153M(256M) 30.929ms
[2020-01-29T22:11:54.044+0300][145.484s][info ][gc] GC(4941) Concurrent Cycle
[2020-01-29T22:11:54.090+0300][145.530s][info ][gc] GC(4942) Pause Young (Normal) (G1 Evacuation Pause) 196M->197M(256M) 23.165ms
[2020-01-29T22:11:54.103+0300][145.543s][info ][gc] GC(4943) Pause Young (Normal) (G1 Evacuation Pause) 207M->208M(256M) 8.831ms
[2020-01-29T22:11:54.121+0300][145.562s][info ][gc] GC(4944) Pause Young (Normal) (G1 Evacuation Pause) 218M->219M(256M) 9.944ms
[2020-01-29T22:11:54.134+0300][145.574s][info ][gc] GC(4945) Pause Young (Normal) (G1 Evacuation Pause) 229M->229M(256M) 8.121ms
[2020-01-29T22:11:54.152+0300][145.592s][info ][gc] GC(4946) Pause Young (Normal) (G1 Evacuation Pause) 239M->240M(256M) 9.406ms
[2020-01-29T22:11:54.174+0300][145.614s][info ][gc] GC(4947) To-space exhausted
[2020-01-29T22:11:54.174+0300][145.614s][info ][gc] GC(4947) Pause Young (Normal) (G1 Evacuation Pause) 250M->252M(256M) 15.362ms
[2020-01-29T22:11:54.188+0300][145.629s][info ][gc] GC(4948) To-space exhausted
[2020-01-29T22:11:54.188+0300][145.629s][info ][gc] GC(4948) Pause Young (Normal) (G1 Evacuation Pause) 255M->255M(256M) 11.720ms
[2020-01-29T22:11:54.189+0300][145.629s][debug][gc] GC(4949) Clear Next Bitmap 0.092ms
[2020-01-29T22:11:54.256+0300][145.696s][info ][gc] GC(4949) Pause Full (G1 Evacuation Pause) 255M->92M(256M) 67.357ms
[2020-01-29T22:11:54.256+0300][145.697s][info ][gc] GC(4941) Concurrent Cycle 212.556ms
[2020-01-29T22:11:54.298+0300][145.738s][info ][gc] GC(4950) Pause Young (Normal) (G1 Evacuation Pause) 135M->135M(256M) 24.356ms
[2020-01-29T22:11:54.317+0300][145.757s][info ][gc] GC(4951) Pause Young (Concurrent Start) (G1 Humongous Allocation) 136M->137M(256M) 5.780ms
[2020-01-29T22:11:54.317+0300][145.757s][info ][gc] GC(4952) Concurrent Cycle
[2020-01-29T22:11:54.327+0300][145.767s][debug][gc] GC(4952) Reclaimed 126 empty regions
[2020-01-29T22:11:54.327+0300][145.767s][info ][gc] GC(4952) Pause Remark 165M->41M(256M) 1.329ms
[2020-01-29T22:11:54.366+0300][145.806s][info ][gc] GC(4953) Pause Young (Normal) (G1 Evacuation Pause) 61M->61M(256M) 27.206ms
[2020-01-29T22:11:54.379+0300][145.819s][info ][gc] GC(4952) Pause Cleanup 71M->71M(256M) 0.039ms
[2020-01-29T22:11:54.379+0300][145.820s][info ][gc] GC(4952) Concurrent Cycle 62.300ms
[2020-01-29T22:11:54.448+0300][145.888s][info ][gc] GC(4954) Pause Young (Normal) (G1 Evacuation Pause) 114M->115M(256M) 50.693ms
[2020-01-29T22:11:54.499+0300][145.940s][info ][gc] GC(4955) Pause Young (Concurrent Start) (G1 Humongous Allocation) 149M->150M(256M) 23.823ms
[2020-01-29T22:11:54.499+0300][145.940s][info ][gc] GC(4956) Concurrent Cycle
[2020-01-29T22:11:54.548+0300][145.988s][info ][gc] GC(4957) Pause Young (Normal) (G1 Evacuation Pause) 194M->194M(256M) 26.926ms
[2020-01-29T22:11:54.553+0300][145.993s][debug][gc] GC(4956) Reclaimed 100 empty regions
[2020-01-29T22:11:54.553+0300][145.993s][info ][gc] GC(4956) Pause Remark 203M->103M(256M) 0.837ms
[2020-01-29T22:11:54.563+0300][146.004s][info ][gc] GC(4958) Pause Young (Normal) (G1 Evacuation Pause) 104M->105M(256M) 9.461ms
[2020-01-29T22:11:54.613+0300][146.053s][info ][gc] GC(4959) Pause Young (Normal) (G1 Evacuation Pause) 143M->144M(256M) 33.753ms
[2020-01-29T22:11:54.659+0300][146.099s][info ][gc] GC(4960) Pause Young (Normal) (G1 Evacuation Pause) 170M->171M(256M) 34.897ms
[2020-01-29T22:11:54.710+0300][146.151s][info ][gc] GC(4961) Pause Young (Normal) (G1 Evacuation Pause) 209M->210M(256M) 29.995ms
[2020-01-29T22:11:54.752+0300][146.192s][info ][gc] GC(4962) Pause Young (Normal) (G1 Evacuation Pause) 219M->220M(256M) 23.695ms
[2020-01-29T22:11:54.760+0300][146.200s][info ][gc] GC(4956) Pause Cleanup 221M->221M(256M) 0.111ms
[2020-01-29T22:11:54.761+0300][146.201s][info ][gc] GC(4956) Concurrent Cycle 261.027ms
[2020-01-29T22:11:54.794+0300][146.235s][info ][gc] GC(4963) Pause Young (Normal) (G1 Evacuation Pause) 230M->231M(256M) 29.578ms
[2020-01-29T22:11:54.806+0300][146.247s][info ][gc] GC(4964) Pause Young (Concurrent Start) (G1 Evacuation Pause) 241M->242M(256M) 7.950ms
[2020-01-29T22:11:54.806+0300][146.247s][info ][gc] GC(4965) Concurrent Cycle
[2020-01-29T22:11:54.831+0300][146.271s][info ][gc] GC(4966) To-space exhausted
[2020-01-29T22:11:54.831+0300][146.271s][info ][gc] GC(4966) Pause Young (Normal) (G1 Evacuation Pause) 252M->255M(256M) 18.396ms
[2020-01-29T22:11:54.831+0300][146.271s][debug][gc] GC(4967) Clear Next Bitmap 0.074ms
[2020-01-29T22:11:54.865+0300][146.305s][info ][gc] GC(4967) Pause Full (G1 Evacuation Pause) 255M->61M(256M) 33.821ms
[2020-01-29T22:11:54.865+0300][146.305s][info ][gc] GC(4965) Concurrent Cycle 58.835ms
[2020-01-29T22:11:54.916+0300][146.356s][info ][gc] GC(4968) Pause Young (Normal) (G1 Evacuation Pause) 113M->113M(256M) 29.895ms
[2020-01-29T22:11:54.976+0300][146.416s][info ][gc] GC(4969) Pause Young (Concurrent Start) (G1 Humongous Allocation) 137M->137M(256M) 33.142ms
[2020-01-29T22:11:54.976+0300][146.416s][info ][gc] GC(4970) Concurrent Cycle
[2020-01-29T22:11:55.019+0300][146.460s][info ][gc] GC(4971) Pause Young (Normal) (G1 Evacuation Pause) 185M->186M(256M) 26.453ms
[2020-01-29T22:11:55.024+0300][146.464s][debug][gc] GC(4970) Reclaimed 98 empty regions
[2020-01-29T22:11:55.024+0300][146.464s][info ][gc] GC(4970) Pause Remark 194M->97M(256M) 0.670ms
[2020-01-29T22:11:55.040+0300][146.480s][info ][gc] GC(4972) Pause Young (Normal) (G1 Evacuation Pause) 102M->103M(256M) 12.272ms
[2020-01-29T22:11:55.097+0300][146.538s][info ][gc] GC(4973) Pause Young (Normal) (G1 Evacuation Pause) 142M->143M(256M) 39.098ms
[2020-01-29T22:11:55.149+0300][146.589s][info ][gc] GC(4974) Pause Young (Normal) (G1 Evacuation Pause) 169M->170M(256M) 38.693ms
[2020-01-29T22:11:55.175+0300][146.615s][info ][gc] GC(4970) Pause Cleanup 179M->179M(256M) 0.047ms
[2020-01-29T22:11:55.175+0300][146.615s][info ][gc] GC(4970) Concurrent Cycle 198.934ms
[2020-01-29T22:11:55.202+0300][146.642s][info ][gc] GC(4975) Pause Young (Concurrent Start) (G1 Humongous Allocation) 179M->179M(256M) 23.300ms
[2020-01-29T22:11:55.202+0300][146.642s][info ][gc] GC(4976) Concurrent Cycle
[2020-01-29T22:11:55.226+0300][146.666s][info ][gc] GC(4977) Pause Young (Normal) (G1 Evacuation Pause) 214M->215M(256M) 16.961ms
[2020-01-29T22:11:55.231+0300][146.670s][debug][gc] GC(4976) Reclaimed 156 empty regions
[2020-01-29T22:11:55.231+0300][146.671s][info ][gc] GC(4976) Pause Remark 224M->68M(256M) 0.671ms
[2020-01-29T22:11:55.239+0300][146.679s][info ][gc] GC(4978) Pause Young (Normal) (G1 Evacuation Pause) 68M->69M(256M) 7.579ms
[2020-01-29T22:11:55.305+0300][146.746s][info ][gc] GC(4979) Pause Young (Normal) (G1 Evacuation Pause) 119M->120M(256M) 36.818ms
[2020-01-29T22:11:55.314+0300][146.755s][info ][gc] GC(4976) Pause Cleanup 141M->141M(256M) 0.050ms
[2020-01-29T22:11:55.315+0300][146.755s][info ][gc] GC(4976) Concurrent Cycle 113.411ms
[2020-01-29T22:11:55.361+0300][146.802s][info ][gc] GC(4980) Pause Young (Normal) (G1 Evacuation Pause) 154M->155M(256M) 40.819ms
[2020-01-29T22:11:55.385+0300][146.825s][info ][gc] GC(4981) Pause Young (Concurrent Start) (G1 Humongous Allocation) 162M->163M(256M) 9.152ms
[2020-01-29T22:11:55.385+0300][146.825s][info ][gc] GC(4982) Concurrent Cycle
[2020-01-29T22:11:55.397+0300][146.837s][debug][gc] GC(4982) Reclaimed 140 empty regions
[2020-01-29T22:11:55.397+0300][146.837s][info ][gc] GC(4982) Pause Remark 187M->47M(256M) 0.686ms
[2020-01-29T22:11:55.429+0300][146.869s][info ][gc] GC(4983) Pause Young (Normal) (G1 Evacuation Pause) 63M->60M(256M) 15.371ms
[2020-01-29T22:11:55.431+0300][146.871s][info ][gc] GC(4982) Pause Cleanup 63M->63M(256M) 0.045ms
[2020-01-29T22:11:55.431+0300][146.871s][info ][gc] GC(4982) Concurrent Cycle 46.003ms
[2020-01-29T22:11:55.501+0300][146.941s][info ][gc] GC(4984) Pause Young (Normal) (G1 Evacuation Pause) 112M->112M(256M) 44.804ms
[2020-01-29T22:11:55.541+0300][146.981s][info ][gc] GC(4985) Pause Young (Concurrent Start) (G1 Evacuation Pause) 148M->149M(256M) 24.601ms
[2020-01-29T22:11:55.541+0300][146.981s][info ][gc] GC(4986) Concurrent Cycle
[2020-01-29T22:11:55.589+0300][147.028s][info ][gc] GC(4987) Pause Young (Normal) (G1 Evacuation Pause) 194M->195M(256M) 25.194ms
[2020-01-29T22:11:55.608+0300][147.048s][info ][gc] GC(4988) Pause Young (Normal) (G1 Evacuation Pause) 205M->206M(256M) 9.307ms
[2020-01-29T22:11:55.621+0300][147.060s][info ][gc] GC(4989) Pause Young (Normal) (G1 Evacuation Pause) 216M->216M(256M) 8.030ms
[2020-01-29T22:11:55.633+0300][147.073s][info ][gc] GC(4990) Pause Young (Normal) (G1 Evacuation Pause) 226M->227M(256M) 8.095ms
[2020-01-29T22:11:55.650+0300][147.089s][info ][gc] GC(4991) Pause Young (Normal) (G1 Evacuation Pause) 237M->238M(256M) 8.238ms
[2020-01-29T22:11:55.666+0300][147.107s][info ][gc] GC(4992) To-space exhausted
[2020-01-29T22:11:55.667+0300][147.107s][info ][gc] GC(4992) Pause Young (Normal) (G1 Evacuation Pause) 248M->252M(256M) 12.952ms
[2020-01-29T22:11:55.678+0300][147.118s][info ][gc] GC(4993) To-space exhausted
[2020-01-29T22:11:55.678+0300][147.118s][info ][gc] GC(4993) Pause Young (Normal) (G1 Evacuation Pause) 255M->255M(256M) 9.343ms
[2020-01-29T22:11:55.678+0300][147.118s][debug][gc] GC(4994) Clear Next Bitmap 0.074ms
[2020-01-29T22:11:55.734+0300][147.175s][info ][gc] GC(4994) Pause Full (G1 Evacuation Pause) 255M->92M(256M) 56.421ms
[2020-01-29T22:11:55.734+0300][147.175s][info ][gc] GC(4986) Concurrent Cycle 194.187ms
[2020-01-29T22:11:55.781+0300][147.222s][info ][gc] GC(4995) Pause Young (Normal) (G1 Evacuation Pause) 135M->135M(256M) 29.371ms
[2020-01-29T22:11:55.804+0300][147.244s][info ][gc] GC(4996) Pause Young (Concurrent Start) (G1 Humongous Allocation) 137M->138M(256M) 6.969ms
[2020-01-29T22:11:55.804+0300][147.244s][info ][gc] GC(4997) Concurrent Cycle
[2020-01-29T22:11:55.812+0300][147.252s][debug][gc] GC(4997) Reclaimed 126 empty regions
[2020-01-29T22:11:55.812+0300][147.252s][info ][gc] GC(4997) Pause Remark 175M->50M(256M) 0.672ms
[2020-01-29T22:11:55.838+0300][147.278s][info ][gc] GC(4998) Pause Young (Normal) (G1 Evacuation Pause) 61M->60M(256M) 20.702ms
[2020-01-29T22:11:55.850+0300][147.290s][info ][gc] GC(4997) Pause Cleanup 87M->87M(256M) 0.037ms
[2020-01-29T22:11:55.851+0300][147.291s][info ][gc] GC(4997) Concurrent Cycle 46.862ms
[2020-01-29T22:11:55.913+0300][147.353s][info ][gc] GC(4999) Pause Young (Normal) (G1 Evacuation Pause) 113M->114M(256M) 51.156ms
[2020-01-29T22:11:55.967+0300][147.407s][info ][gc] GC(5000) Pause Young (Concurrent Start) (G1 Humongous Allocation) 148M->149M(256M) 24.088ms
[2020-01-29T22:11:55.967+0300][147.407s][info ][gc] GC(5001) Concurrent Cycle
[2020-01-29T22:11:56.013+0300][147.453s][info ][gc] GC(5002) Pause Young (Normal) (G1 Evacuation Pause) 194M->195M(256M) 24.142ms
[2020-01-29T22:11:56.018+0300][147.458s][debug][gc] GC(5001) Reclaimed 98 empty regions
[2020-01-29T22:11:56.018+0300][147.458s][info ][gc] GC(5001) Pause Remark 205M->107M(256M) 0.687ms
[2020-01-29T22:11:56.028+0300][147.468s][info ][gc] GC(5003) Pause Young (Normal) (G1 Evacuation Pause) 107M->107M(256M) 9.449ms
[2020-01-29T22:11:56.079+0300][147.519s][info ][gc] GC(5004) Pause Young (Normal) (G1 Evacuation Pause) 145M->146M(256M) 35.491ms
[2020-01-29T22:11:56.126+0300][147.567s][info ][gc] GC(5005) Pause Young (Normal) (G1 Evacuation Pause) 171M->172M(256M) 36.533ms
[2020-01-29T22:11:56.183+0300][147.624s][info ][gc] GC(5006) Pause Young (Normal) (G1 Evacuation Pause) 209M->210M(256M) 38.619ms
[2020-01-29T22:11:56.218+0300][147.658s][info ][gc] GC(5007) Pause Young (Normal) (G1 Evacuation Pause) 219M->220M(256M) 29.418ms
[2020-01-29T22:11:56.251+0300][147.691s][info ][gc] GC(5008) Pause Young (Normal) (G1 Evacuation Pause) 230M->231M(256M) 28.019ms
[2020-01-29T22:11:56.296+0300][147.737s][info ][gc] GC(5009) Pause Young (Normal) (G1 Evacuation Pause) 241M->242M(256M) 39.462ms
[2020-01-29T22:11:56.342+0300][147.782s][info ][gc] GC(5010) To-space exhausted
[2020-01-29T22:11:56.342+0300][147.782s][info ][gc] GC(5010) Pause Young (Normal) (G1 Evacuation Pause) 252M->255M(256M) 38.697ms
[2020-01-29T22:11:56.342+0300][147.782s][debug][gc] GC(5011) Clear Next Bitmap 0.072ms
[2020-01-29T22:11:56.376+0300][147.816s][info ][gc] GC(5011) Pause Full (G1 Evacuation Pause) 255M->61M(256M) 34.413ms
[2020-01-29T22:11:56.376+0300][147.816s][info ][gc] GC(5001) Concurrent Cycle 409.031ms
[2020-01-29T22:11:56.432+0300][147.872s][info ][gc] GC(5012) Pause Young (Normal) (G1 Evacuation Pause) 113M->113M(256M) 34.285ms
[2020-01-29T22:11:56.471+0300][147.911s][info ][gc] GC(5013) Pause Young (Concurrent Start) (G1 Humongous Allocation) 137M->137M(256M) 18.508ms
[2020-01-29T22:11:56.471+0300][147.911s][info ][gc] GC(5014) Concurrent Cycle
[2020-01-29T22:11:56.508+0300][147.949s][info ][gc] GC(5015) Pause Young (Normal) (G1 Evacuation Pause) 185M->186M(256M) 21.986ms
[2020-01-29T22:11:56.513+0300][147.954s][debug][gc] GC(5014) Reclaimed 103 empty regions
[2020-01-29T22:11:56.513+0300][147.954s][info ][gc] GC(5014) Pause Remark 194M->93M(256M) 0.655ms
[2020-01-29T22:11:56.525+0300][147.966s][info ][gc] GC(5016) Pause Young (Normal) (G1 Evacuation Pause) 97M->98M(256M) 10.647ms
[2020-01-29T22:11:56.571+0300][148.012s][info ][gc] GC(5017) Pause Young (Normal) (G1 Evacuation Pause) 138M->139M(256M) 29.369ms
[2020-01-29T22:11:56.620+0300][148.060s][info ][gc] GC(5018) Pause Young (Normal) (G1 Evacuation Pause) 167M->168M(256M) 35.730ms
[2020-01-29T22:11:56.671+0300][148.112s][info ][gc] GC(5019) Pause Young (Normal) (G1 Evacuation Pause) 207M->207M(256M) 31.836ms
[2020-01-29T22:11:56.700+0300][148.140s][info ][gc] GC(5020) Pause Young (Normal) (G1 Evacuation Pause) 216M->217M(256M) 24.523ms
[2020-01-29T22:11:56.738+0300][148.178s][info ][gc] GC(5021) Pause Young (Normal) (G1 Evacuation Pause) 227M->227M(256M) 26.840ms
[2020-01-29T22:11:56.739+0300][148.179s][info ][gc] GC(5014) Pause Cleanup 229M->229M(256M) 0.046ms
[2020-01-29T22:11:56.740+0300][148.180s][info ][gc] GC(5014) Concurrent Cycle 268.706ms
[2020-01-29T22:11:56.767+0300][148.207s][info ][gc] GC(5022) Pause Young (Normal) (G1 Evacuation Pause) 237M->239M(256M) 23.713ms
[2020-01-29T22:11:56.784+0300][148.224s][info ][gc] GC(5023) To-space exhausted
[2020-01-29T22:11:56.784+0300][148.224s][info ][gc] GC(5023) Pause Young (Concurrent Start) (G1 Evacuation Pause) 249M->251M(256M) 13.425ms
[2020-01-29T22:11:56.784+0300][148.224s][info ][gc] GC(5024) Concurrent Cycle
[2020-01-29T22:11:56.800+0300][148.239s][info ][gc] GC(5025) To-space exhausted
[2020-01-29T22:11:56.800+0300][148.240s][info ][gc] GC(5025) Pause Young (Normal) (G1 Evacuation Pause) 255M->255M(256M) 11.786ms
[2020-01-29T22:11:56.800+0300][148.240s][debug][gc] GC(5026) Clear Next Bitmap 0.081ms
[2020-01-29T22:11:56.851+0300][148.291s][info ][gc] GC(5026) Pause Full (G1 Evacuation Pause) 255M->76M(256M) 51.162ms
[2020-01-29T22:11:56.851+0300][148.291s][info ][gc] GC(5024) Concurrent Cycle 66.780ms
[2020-01-29T22:11:56.896+0300][148.337s][info ][gc] GC(5027) Pause Young (Normal) (G1 Evacuation Pause) 124M->124M(256M) 26.620ms
[2020-01-29T22:11:56.924+0300][148.364s][info ][gc] GC(5028) Pause Young (Concurrent Start) (G1 Humongous Allocation) 136M->137M(256M) 11.980ms
[2020-01-29T22:11:56.924+0300][148.364s][info ][gc] GC(5029) Concurrent Cycle
[2020-01-29T22:11:56.957+0300][148.397s][info ][gc] GC(5030) Pause Young (Normal) (G1 Evacuation Pause) 185M->185M(256M) 20.096ms
[2020-01-29T22:11:56.958+0300][148.399s][debug][gc] GC(5029) Reclaimed 112 empty regions
[2020-01-29T22:11:56.958+0300][148.399s][info ][gc] GC(5029) Pause Remark 188M->77M(256M) 0.648ms
[2020-01-29T22:11:56.974+0300][148.415s][info ][gc] GC(5031) Pause Young (Normal) (G1 Evacuation Pause) 87M->88M(256M) 11.717ms
[2020-01-29T22:11:57.024+0300][148.464s][info ][gc] GC(5032) Pause Young (Normal) (G1 Evacuation Pause) 132M->132M(256M) 32.034ms
[2020-01-29T22:11:57.103+0300][148.544s][info ][gc] GC(5033) Pause Young (Normal) (G1 Evacuation Pause) 182M->183M(256M) 49.384ms
[2020-01-29T22:11:57.107+0300][148.548s][info ][gc] GC(5029) Pause Cleanup 193M->193M(256M) 0.050ms
[2020-01-29T22:11:57.108+0300][148.548s][info ][gc] GC(5029) Concurrent Cycle 184.085ms
[2020-01-29T22:11:57.153+0300][148.594s][info ][gc] GC(5034) Pause Young (Normal) (G1 Evacuation Pause) 197M->198M(256M) 43.992ms
[2020-01-29T22:11:57.165+0300][148.605s][info ][gc] GC(5035) Pause Young (Concurrent Start) (G1 Evacuation Pause) 207M->208M(256M) 7.102ms
[2020-01-29T22:11:57.165+0300][148.605s][info ][gc] GC(5036) Concurrent Cycle
[2020-01-29T22:11:57.179+0300][148.620s][info ][gc] GC(5037) Pause Young (Normal) (G1 Evacuation Pause) 218M->219M(256M) 7.993ms
[2020-01-29T22:11:57.193+0300][148.632s][info ][gc] GC(5038) Pause Young (Normal) (G1 Evacuation Pause) 229M->230M(256M) 7.963ms
[2020-01-29T22:11:57.207+0300][148.647s][info ][gc] GC(5039) Pause Young (Normal) (G1 Evacuation Pause) 240M->241M(256M) 10.158ms
[2020-01-29T22:11:57.234+0300][148.675s][info ][gc] GC(5040) To-space exhausted
[2020-01-29T22:11:57.234+0300][148.675s][info ][gc] GC(5040) Pause Young (Normal) (G1 Evacuation Pause) 251M->255M(256M) 21.238ms
[2020-01-29T22:11:57.234+0300][148.675s][debug][gc] GC(5041) Clear Next Bitmap 0.060ms
[2020-01-29T22:11:57.289+0300][148.729s][info ][gc] GC(5041) Pause Full (G1 Evacuation Pause) 255M->84M(256M) 53.798ms
[2020-01-29T22:11:57.289+0300][148.729s][info ][gc] GC(5036) Concurrent Cycle 123.611ms
[2020-01-29T22:11:57.340+0300][148.780s][info ][gc] GC(5042) Pause Young (Normal) (G1 Evacuation Pause) 129M->130M(256M) 33.918ms
[2020-01-29T22:11:57.364+0300][148.804s][info ][gc] GC(5043) Pause Young (Concurrent Start) (G1 Humongous Allocation) 137M->137M(256M) 10.176ms
[2020-01-29T22:11:57.364+0300][148.804s][info ][gc] GC(5044) Concurrent Cycle
[2020-01-29T22:11:57.375+0300][148.815s][debug][gc] GC(5044) Reclaimed 120 empty regions
[2020-01-29T22:11:57.375+0300][148.815s][info ][gc] GC(5044) Pause Remark 180M->62M(256M) 0.843ms
[2020-01-29T22:11:57.398+0300][148.839s][info ][gc] GC(5045) Pause Young (Normal) (G1 Evacuation Pause) 67M->63M(256M) 20.539ms
[2020-01-29T22:11:57.422+0300][148.862s][info ][gc] GC(5044) Pause Cleanup 96M->96M(256M) 0.039ms
[2020-01-29T22:11:57.422+0300][148.862s][info ][gc] GC(5044) Concurrent Cycle 58.523ms
[2020-01-29T22:11:57.495+0300][148.935s][info ][gc] GC(5046) Pause Young (Normal) (G1 Evacuation Pause) 115M->116M(256M) 65.225ms
[2020-01-29T22:11:57.574+0300][149.014s][info ][gc] GC(5047) Pause Young (Concurrent Start) (G1 Humongous Allocation) 151M->152M(256M) 35.334ms
[2020-01-29T22:11:57.574+0300][149.014s][info ][gc] GC(5048) Concurrent Cycle
[2020-01-29T22:11:57.622+0300][149.062s][info ][gc] GC(5049) Pause Young (Normal) (G1 Evacuation Pause) 196M->196M(256M) 25.842ms
[2020-01-29T22:11:57.632+0300][149.072s][debug][gc] GC(5048) Reclaimed 101 empty regions
[2020-01-29T22:11:57.632+0300][149.072s][info ][gc] GC(5048) Pause Remark 205M->104M(256M) 0.698ms
[2020-01-29T22:11:57.643+0300][149.084s][info ][gc] GC(5050) Pause Young (Normal) (G1 Evacuation Pause) 105M->106M(256M) 10.059ms
[2020-01-29T22:11:57.690+0300][149.130s][info ][gc] GC(5051) Pause Young (Normal) (G1 Evacuation Pause) 144M->145M(256M) 30.523ms
[2020-01-29T22:11:57.735+0300][149.176s][info ][gc] GC(5052) Pause Young (Normal) (G1 Evacuation Pause) 171M->172M(256M) 34.872ms
[2020-01-29T22:11:57.774+0300][149.214s][info ][gc] GC(5053) Pause Young (Normal) (G1 Evacuation Pause) 189M->189M(256M) 31.124ms
[2020-01-29T22:11:57.822+0300][149.262s][info ][gc] GC(5054) Pause Young (Normal) (G1 Evacuation Pause) 221M->223M(256M) 29.447ms
[2020-01-29T22:11:57.853+0300][149.293s][info ][gc] GC(5055) Pause Young (Normal) (G1 Evacuation Pause) 233M->234M(256M) 26.829ms
[2020-01-29T22:11:57.886+0300][149.326s][info ][gc] GC(5056) To-space exhausted
[2020-01-29T22:11:57.886+0300][149.326s][info ][gc] GC(5056) Pause Young (Normal) (G1 Evacuation Pause) 244M->245M(256M) 28.123ms
[2020-01-29T22:11:57.926+0300][149.366s][info ][gc] GC(5057) To-space exhausted
[2020-01-29T22:11:57.926+0300][149.366s][info ][gc] GC(5057) Pause Young (Normal) (G1 Evacuation Pause) 255M->255M(256M) 35.453ms
[2020-01-29T22:11:57.926+0300][149.366s][debug][gc] GC(5058) Clear Next Bitmap 0.059ms
[2020-01-29T22:11:57.964+0300][149.403s][info ][gc] GC(5058) Pause Full (G1 Evacuation Pause) 255M->63M(256M) 37.476ms
[2020-01-29T22:11:57.964+0300][149.404s][info ][gc] GC(5048) Concurrent Cycle 389.817ms
[2020-01-29T22:11:58.015+0300][149.455s][info ][gc] GC(5059) Pause Young (Normal) (G1 Evacuation Pause) 115M->115M(256M) 31.295ms
[2020-01-29T22:11:58.051+0300][149.492s][info ][gc] GC(5060) Pause Young (Concurrent Start) (G1 Humongous Allocation) 137M->138M(256M) 17.656ms
[2020-01-29T22:11:58.051+0300][149.492s][info ][gc] GC(5061) Concurrent Cycle
[2020-01-29T22:11:58.089+0300][149.529s][info ][gc] GC(5062) Pause Young (Normal) (G1 Evacuation Pause) 185M->186M(256M) 22.245ms
[2020-01-29T22:11:58.093+0300][149.533s][debug][gc] GC(5061) Reclaimed 105 empty regions
[2020-01-29T22:11:58.093+0300][149.533s][info ][gc] GC(5061) Pause Remark 194M->92M(256M) 0.651ms
[2020-01-29T22:11:58.105+0300][149.546s][info ][gc] GC(5063) Pause Young (Normal) (G1 Evacuation Pause) 95M->96M(256M) 10.727ms
[2020-01-29T22:11:58.151+0300][149.591s][info ][gc] GC(5064) Pause Young (Normal) (G1 Evacuation Pause) 137M->138M(256M) 29.435ms
[2020-01-29T22:11:58.200+0300][149.640s][info ][gc] GC(5065) Pause Young (Normal) (G1 Evacuation Pause) 166M->167M(256M) 37.272ms
[2020-01-29T22:11:58.252+0300][149.692s][info ][gc] GC(5066) Pause Young (Normal) (G1 Evacuation Pause) 206M->207M(256M) 32.933ms
[2020-01-29T22:11:58.284+0300][149.724s][info ][gc] GC(5067) Pause Young (Normal) (G1 Evacuation Pause) 216M->217M(256M) 27.359ms
[2020-01-29T22:11:58.293+0300][149.733s][info ][gc] GC(5061) Pause Cleanup 217M->217M(256M) 0.051ms
[2020-01-29T22:11:58.294+0300][149.734s][info ][gc] GC(5061) Concurrent Cycle 242.126ms
[2020-01-29T22:11:58.322+0300][149.762s][info ][gc] GC(5068) Pause Young (Normal) (G1 Evacuation Pause) 227M->227M(256M) 24.257ms
[2020-01-29T22:11:58.335+0300][149.775s][info ][gc] GC(5069) Pause Young (Concurrent Start) (G1 Evacuation Pause) 237M->238M(256M) 8.212ms
[2020-01-29T22:11:58.335+0300][149.775s][info ][gc] GC(5070) Concurrent Cycle
[2020-01-29T22:11:58.354+0300][149.794s][info ][gc] GC(5071) To-space exhausted
[2020-01-29T22:11:58.354+0300][149.794s][info ][gc] GC(5071) Pause Young (Normal) (G1 Evacuation Pause) 248M->251M(256M) 12.771ms
[2020-01-29T22:11:58.367+0300][149.807s][info ][gc] GC(5072) To-space exhausted
[2020-01-29T22:11:58.367+0300][149.807s][info ][gc] GC(5072) Pause Young (Normal) (G1 Evacuation Pause) 255M->255M(256M) 11.315ms
[2020-01-29T22:11:58.367+0300][149.808s][debug][gc] GC(5073) Clear Next Bitmap 0.060ms
[2020-01-29T22:11:58.409+0300][149.850s][info ][gc] GC(5073) Pause Full (G1 Evacuation Pause) 255M->77M(256M) 42.293ms
[2020-01-29T22:11:58.410+0300][149.850s][info ][gc] GC(5070) Concurrent Cycle 75.496ms
[2020-01-29T22:11:58.457+0300][149.898s][info ][gc] GC(5074) Pause Young (Normal) (G1 Evacuation Pause) 124M->124M(256M) 28.907ms
[2020-01-29T22:11:58.484+0300][149.924s][info ][gc] GC(5075) Pause Young (Concurrent Start) (G1 Humongous Allocation) 137M->137M(256M) 11.443ms
[2020-01-29T22:11:58.484+0300][149.924s][info ][gc] GC(5076) Concurrent Cycle
[2020-01-29T22:11:58.516+0300][149.956s][info ][gc] GC(5077) Pause Young (Normal) (G1 Evacuation Pause) 184M->185M(256M) 19.424ms
[2020-01-29T22:11:58.518+0300][149.959s][debug][gc] GC(5076) Reclaimed 116 empty regions
[2020-01-29T22:11:58.518+0300][149.959s][info ][gc] GC(5076) Pause Remark 190M->77M(256M) 0.706ms
[2020-01-29T22:11:58.538+0300][149.979s][info ][gc] GC(5078) Pause Young (Normal) (G1 Evacuation Pause) 84M->84M(256M) 13.175ms
[2020-01-29T22:11:58.593+0300][150.033s][info ][gc] GC(5079) Pause Young (Normal) (G1 Evacuation Pause) 129M->130M(256M) 34.954ms
[2020-01-29T22:11:58.646+0300][150.086s][info ][gc] GC(5080) Pause Young (Normal) (G1 Evacuation Pause) 160M->161M(256M) 40.443ms
[2020-01-29T22:11:58.659+0300][150.099s][info ][gc] GC(5076) Pause Cleanup 163M->163M(256M) 0.046ms
[2020-01-29T22:11:58.660+0300][150.099s][info ][gc] GC(5076) Concurrent Cycle 175.008ms
[2020-01-29T22:11:58.700+0300][150.140s][info ][gc] GC(5081) Pause Young (Normal) (G1 Evacuation Pause) 202M->203M(256M) 31.554ms
[2020-01-29T22:11:58.711+0300][150.152s][info ][gc] GC(5082) Pause Young (Concurrent Start) (G1 Evacuation Pause) 211M->212M(256M) 7.756ms
[2020-01-29T22:11:58.711+0300][150.152s][info ][gc] GC(5083) Concurrent Cycle
[2020-01-29T22:11:58.726+0300][150.166s][info ][gc] GC(5084) Pause Young (Normal) (G1 Evacuation Pause) 222M->223M(256M) 7.852ms
[2020-01-29T22:11:58.738+0300][150.178s][info ][gc] GC(5085) Pause Young (Normal) (G1 Evacuation Pause) 233M->234M(256M) 7.911ms
[2020-01-29T22:11:58.754+0300][150.194s][info ][gc] GC(5086) To-space exhausted
[2020-01-29T22:11:58.754+0300][150.194s][info ][gc] GC(5086) Pause Young (Normal) (G1 Evacuation Pause) 244M->249M(256M) 11.587ms
[2020-01-29T22:11:58.770+0300][150.210s][info ][gc] GC(5087) To-space exhausted
[2020-01-29T22:11:58.770+0300][150.210s][info ][gc] GC(5087) Pause Young (Normal) (G1 Evacuation Pause) 255M->255M(256M) 13.282ms
[2020-01-29T22:11:58.770+0300][150.210s][debug][gc] GC(5088) Clear Next Bitmap 0.099ms
[2020-01-29T22:11:58.820+0300][150.260s][info ][gc] GC(5088) Pause Full (G1 Evacuation Pause) 255M->85M(256M) 50.409ms
[2020-01-29T22:11:58.820+0300][150.261s][info ][gc] GC(5083) Concurrent Cycle 109.123ms
[2020-01-29T22:11:58.864+0300][150.304s][info ][gc] GC(5089) Pause Young (Normal) (G1 Evacuation Pause) 130M->130M(256M) 25.600ms
[2020-01-29T22:11:58.885+0300][150.325s][info ][gc] GC(5090) Pause Young (Concurrent Start) (G1 Humongous Allocation) 137M->137M(256M) 8.585ms
[2020-01-29T22:11:58.885+0300][150.326s][info ][gc] GC(5091) Concurrent Cycle
[2020-01-29T22:11:58.896+0300][150.336s][debug][gc] GC(5091) Reclaimed 118 empty regions
[2020-01-29T22:11:58.896+0300][150.337s][info ][gc] GC(5091) Pause Remark 180M->63M(256M) 0.650ms
[2020-01-29T22:11:58.919+0300][150.358s][info ][gc] GC(5092) Pause Young (Normal) (G1 Evacuation Pause) 68M->64M(256M) 19.542ms
[2020-01-29T22:11:58.937+0300][150.377s][info ][gc] GC(5091) Pause Cleanup 112M->112M(256M) 0.042ms
[2020-01-29T22:11:58.937+0300][150.378s][info ][gc] GC(5091) Concurrent Cycle 52.006ms
[2020-01-29T22:11:58.982+0300][150.422s][info ][gc] GC(5093) Pause Young (Normal) (G1 Evacuation Pause) 116M->117M(256M) 43.057ms
[2020-01-29T22:11:59.030+0300][150.470s][info ][gc] GC(5094) Pause Young (Concurrent Start) (G1 Humongous Allocation) 152M->153M(256M) 24.265ms
[2020-01-29T22:11:59.030+0300][150.470s][info ][gc] GC(5095) Concurrent Cycle
[2020-01-29T22:11:59.071+0300][150.511s][info ][gc] GC(5096) Pause Young (Normal) (G1 Evacuation Pause) 196M->196M(256M) 18.569ms
[2020-01-29T22:11:59.076+0300][150.515s][debug][gc] GC(5095) Reclaimed 102 empty regions
[2020-01-29T22:11:59.076+0300][150.516s][info ][gc] GC(5095) Pause Remark 206M->104M(256M) 0.661ms
[2020-01-29T22:11:59.085+0300][150.525s][info ][gc] GC(5097) Pause Young (Normal) (G1 Evacuation Pause) 104M->105M(256M) 8.876ms
[2020-01-29T22:11:59.127+0300][150.567s][info ][gc] GC(5098) Pause Young (Normal) (G1 Evacuation Pause) 143M->144M(256M) 27.217ms
[2020-01-29T22:11:59.169+0300][150.610s][info ][gc] GC(5099) Pause Young (Normal) (G1 Evacuation Pause) 170M->171M(256M) 32.045ms
[2020-01-29T22:11:59.221+0300][150.662s][info ][gc] GC(5100) Pause Young (Normal) (G1 Evacuation Pause) 209M->210M(256M) 33.568ms
[2020-01-29T22:11:59.253+0300][150.693s][info ][gc] GC(5101) Pause Young (Normal) (G1 Evacuation Pause) 219M->221M(256M) 27.406ms
[2020-01-29T22:11:59.286+0300][150.726s][info ][gc] GC(5102) Pause Young (Normal) (G1 Evacuation Pause) 231M->232M(256M) 28.234ms
[2020-01-29T22:11:59.319+0300][150.760s][info ][gc] GC(5103) Pause Young (Normal) (G1 Evacuation Pause) 242M->243M(256M) 28.843ms
[2020-01-29T22:11:59.361+0300][150.801s][info ][gc] GC(5104) To-space exhausted
[2020-01-29T22:11:59.361+0300][150.801s][info ][gc] GC(5104) Pause Young (Normal) (G1 Evacuation Pause) 253M->255M(256M) 35.532ms
[2020-01-29T22:11:59.361+0300][150.801s][debug][gc] GC(5105) Clear Next Bitmap 0.107ms
[2020-01-29T22:11:59.393+0300][150.833s][info ][gc] GC(5105) Pause Full (G1 Evacuation Pause) 255M->61M(256M) 31.619ms
[2020-01-29T22:11:59.393+0300][150.833s][info ][gc] GC(5095) Concurrent Cycle 363.214ms
[2020-01-29T22:11:59.443+0300][150.883s][info ][gc] GC(5106) Pause Young (Normal) (G1 Evacuation Pause) 113M->113M(256M) 29.797ms
[2020-01-29T22:11:59.482+0300][150.922s][info ][gc] GC(5107) Pause Young (Concurrent Start) (G1 Humongous Allocation) 137M->137M(256M) 18.764ms
[2020-01-29T22:11:59.482+0300][150.922s][info ][gc] GC(5108) Concurrent Cycle
[2020-01-29T22:11:59.519+0300][150.959s][info ][gc] GC(5109) Pause Young (Normal) (G1 Evacuation Pause) 184M->185M(256M) 20.688ms
[2020-01-29T22:11:59.523+0300][150.964s][debug][gc] GC(5108) Reclaimed 104 empty regions
[2020-01-29T22:11:59.523+0300][150.964s][info ][gc] GC(5108) Pause Remark 194M->93M(256M) 0.645ms
[2020-01-29T22:11:59.536+0300][150.977s][info ][gc] GC(5110) Pause Young (Normal) (G1 Evacuation Pause) 96M->97M(256M) 11.127ms
[2020-01-29T22:11:59.583+0300][151.023s][info ][gc] GC(5111) Pause Young (Normal) (G1 Evacuation Pause) 138M->139M(256M) 30.407ms
[2020-01-29T22:11:59.628+0300][151.068s][info ][gc] GC(5112) Pause Young (Normal) (G1 Evacuation Pause) 167M->168M(256M) 33.524ms
[2020-01-29T22:11:59.678+0300][151.118s][info ][gc] GC(5113) Pause Young (Normal) (G1 Evacuation Pause) 207M->207M(256M) 29.687ms
[2020-01-29T22:11:59.706+0300][151.146s][info ][gc] GC(5114) Pause Young (Normal) (G1 Evacuation Pause) 216M->217M(256M) 23.885ms
[2020-01-29T22:11:59.735+0300][151.175s][info ][gc] GC(5115) Pause Young (Normal) (G1 Evacuation Pause) 227M->228M(256M) 24.189ms
[2020-01-29T22:11:59.738+0300][151.178s][info ][gc] GC(5108) Pause Cleanup 232M->232M(256M) 0.052ms
[2020-01-29T22:11:59.738+0300][151.178s][info ][gc] GC(5108) Concurrent Cycle 255.643ms
[2020-01-29T22:11:59.763+0300][151.203s][info ][gc] GC(5116) Pause Young (Normal) (G1 Evacuation Pause) 238M->239M(256M) 22.285ms
[2020-01-29T22:11:59.782+0300][151.222s][info ][gc] GC(5117) To-space exhausted
[2020-01-29T22:11:59.782+0300][151.222s][info ][gc] GC(5117) Pause Young (Concurrent Start) (G1 Evacuation Pause) 249M->251M(256M) 14.898ms
[2020-01-29T22:11:59.782+0300][151.222s][info ][gc] GC(5118) Concurrent Cycle
[2020-01-29T22:11:59.797+0300][151.236s][info ][gc] GC(5119) To-space exhausted
[2020-01-29T22:11:59.797+0300][151.236s][info ][gc] GC(5119) Pause Young (Normal) (G1 Evacuation Pause) 255M->255M(256M) 11.483ms
[2020-01-29T22:11:59.797+0300][151.237s][debug][gc] GC(5120) Clear Next Bitmap 0.071ms
[2020-01-29T22:11:59.852+0300][151.291s][info ][gc] GC(5120) Pause Full (G1 Evacuation Pause) 255M->77M(256M) 54.763ms
[2020-01-29T22:11:59.852+0300][151.292s][info ][gc] GC(5118) Concurrent Cycle 69.851ms
[2020-01-29T22:11:59.899+0300][151.339s][info ][gc] GC(5121) Pause Young (Normal) (G1 Evacuation Pause) 125M->125M(256M) 27.813ms
[2020-01-29T22:11:59.924+0300][151.364s][info ][gc] GC(5122) Pause Young (Concurrent Start) (G1 Humongous Allocation) 136M->137M(256M) 10.755ms
[2020-01-29T22:11:59.924+0300][151.364s][info ][gc] GC(5123) Concurrent Cycle
[2020-01-29T22:11:59.957+0300][151.397s][info ][gc] GC(5124) Pause Young (Normal) (G1 Evacuation Pause) 185M->186M(256M) 20.290ms
[2020-01-29T22:11:59.959+0300][151.398s][debug][gc] GC(5123) Reclaimed 114 empty regions
[2020-01-29T22:11:59.959+0300][151.399s][info ][gc] GC(5123) Pause Remark 188M->75M(256M) 0.655ms
[2020-01-29T22:11:59.974+0300][151.414s][info ][gc] GC(5125) Pause Young (Normal) (G1 Evacuation Pause) 86M->87M(256M) 11.288ms
[2020-01-29T22:12:00.024+0300][151.464s][info ][gc] GC(5126) Pause Young (Normal) (G1 Evacuation Pause) 131M->132M(256M) 32.309ms
[2020-01-29T22:12:00.076+0300][151.516s][info ][gc] GC(5127) Pause Young (Normal) (G1 Evacuation Pause) 162M->163M(256M) 39.903ms
[2020-01-29T22:12:00.092+0300][151.532s][info ][gc] GC(5123) Pause Cleanup 193M->193M(256M) 0.046ms
[2020-01-29T22:12:00.092+0300][151.532s][info ][gc] GC(5123) Concurrent Cycle 167.788ms
[2020-01-29T22:12:00.128+0300][151.568s][info ][gc] GC(5128) Pause Young (Normal) (G1 Evacuation Pause) 203M->204M(256M) 31.947ms
[2020-01-29T22:12:00.139+0300][151.579s][info ][gc] GC(5129) Pause Young (Concurrent Start) (G1 Evacuation Pause) 212M->214M(256M) 7.579ms
[2020-01-29T22:12:00.139+0300][151.579s][info ][gc] GC(5130) Concurrent Cycle
[2020-01-29T22:12:00.153+0300][151.593s][info ][gc] GC(5131) Pause Young (Normal) (G1 Evacuation Pause) 224M->224M(256M) 7.875ms
[2020-01-29T22:12:00.166+0300][151.606s][info ][gc] GC(5132) Pause Young (Normal) (G1 Evacuation Pause) 234M->235M(256M) 7.963ms
[2020-01-29T22:12:00.181+0300][151.620s][info ][gc] GC(5133) To-space exhausted
[2020-01-29T22:12:00.181+0300][151.621s][info ][gc] GC(5133) Pause Young (Normal) (G1 Evacuation Pause) 245M->249M(256M) 10.341ms
[2020-01-29T22:12:00.197+0300][151.636s][info ][gc] GC(5134) To-space exhausted
[2020-01-29T22:12:00.197+0300][151.637s][info ][gc] GC(5134) Pause Young (Normal) (G1 Evacuation Pause) 255M->255M(256M) 13.299ms
[2020-01-29T22:12:00.197+0300][151.637s][debug][gc] GC(5135) Clear Next Bitmap 0.072ms
[2020-01-29T22:12:00.246+0300][151.687s][info ][gc] GC(5135) Pause Full (G1 Evacuation Pause) 255M->84M(256M) 50.138ms
[2020-01-29T22:12:00.246+0300][151.687s][info ][gc] GC(5130) Concurrent Cycle 108.141ms
[2020-01-29T22:12:00.290+0300][151.731s][info ][gc] GC(5136) Pause Young (Normal) (G1 Evacuation Pause) 129M->130M(256M) 26.027ms
[2020-01-29T22:12:00.313+0300][151.753s][info ][gc] GC(5137) Pause Young (Concurrent Start) (G1 Humongous Allocation) 137M->137M(256M) 8.906ms
[2020-01-29T22:12:00.313+0300][151.753s][info ][gc] GC(5138) Concurrent Cycle
[2020-01-29T22:12:00.324+0300][151.764s][debug][gc] GC(5138) Reclaimed 121 empty regions
[2020-01-29T22:12:00.324+0300][151.764s][info ][gc] GC(5138) Pause Remark 181M->62M(256M) 0.668ms
[2020-01-29T22:12:00.345+0300][151.785s][info ][gc] GC(5139) Pause Young (Normal) (G1 Evacuation Pause) 66M->62M(256M) 18.525ms
[2020-01-29T22:12:00.364+0300][151.804s][info ][gc] GC(5138) Pause Cleanup 110M->110M(256M) 0.037ms
[2020-01-29T22:12:00.364+0300][151.804s][info ][gc] GC(5138) Concurrent Cycle 51.366ms
[2020-01-29T22:12:00.408+0300][151.848s][info ][gc] GC(5140) Pause Young (Normal) (G1 Evacuation Pause) 114M->115M(256M) 42.442ms
[2020-01-29T22:12:00.458+0300][151.898s][info ][gc] GC(5141) Pause Young (Concurrent Start) (G1 Humongous Allocation) 150M->151M(256M) 25.267ms
[2020-01-29T22:12:00.458+0300][151.898s][info ][gc] GC(5142) Concurrent Cycle
[2020-01-29T22:12:00.500+0300][151.940s][info ][gc] GC(5143) Pause Young (Normal) (G1 Evacuation Pause) 195M->197M(256M) 19.230ms
[2020-01-29T22:12:00.505+0300][151.945s][debug][gc] GC(5142) Reclaimed 103 empty regions
[2020-01-29T22:12:00.505+0300][151.945s][info ][gc] GC(5142) Pause Remark 207M->104M(256M) 0.667ms
[2020-01-29T22:12:00.513+0300][151.954s][info ][gc] GC(5144) Pause Young (Normal) (G1 Evacuation Pause) 104M->104M(256M) 8.765ms
[2020-01-29T22:12:00.556+0300][151.996s][info ][gc] GC(5145) Pause Young (Normal) (G1 Evacuation Pause) 143M->144M(256M) 27.497ms
[2020-01-29T22:12:00.600+0300][152.040s][info ][gc] GC(5146) Pause Young (Normal) (G1 Evacuation Pause) 170M->171M(256M) 33.108ms
[2020-01-29T22:12:00.650+0300][152.090s][info ][gc] GC(5147) Pause Young (Normal) (G1 Evacuation Pause) 209M->210M(256M) 32.488ms
[2020-01-29T22:12:00.684+0300][152.124s][info ][gc] GC(5148) Pause Young (Normal) (G1 Evacuation Pause) 219M->220M(256M) 25.331ms
[2020-01-29T22:12:00.716+0300][152.155s][info ][gc] GC(5149) Pause Young (Normal) (G1 Evacuation Pause) 230M->231M(256M) 26.075ms
[2020-01-29T22:12:00.747+0300][152.187s][info ][gc] GC(5150) Pause Young (Normal) (G1 Evacuation Pause) 241M->242M(256M) 27.387ms
[2020-01-29T22:12:00.788+0300][152.228s][info ][gc] GC(5151) To-space exhausted
[2020-01-29T22:12:00.788+0300][152.228s][info ][gc] GC(5151) Pause Young (Normal) (G1 Evacuation Pause) 252M->255M(256M) 35.742ms
[2020-01-29T22:12:00.788+0300][152.228s][debug][gc] GC(5152) Clear Next Bitmap 0.060ms
[2020-01-29T22:12:00.819+0300][152.260s][info ][gc] GC(5152) Pause Full (G1 Evacuation Pause) 255M->62M(256M) 31.558ms
[2020-01-29T22:12:00.820+0300][152.260s][info ][gc] GC(5142) Concurrent Cycle 361.716ms
[2020-01-29T22:12:00.869+0300][152.309s][info ][gc] GC(5153) Pause Young (Normal) (G1 Evacuation Pause) 114M->114M(256M) 29.024ms
[2020-01-29T22:12:00.906+0300][152.345s][info ][gc] GC(5154) Pause Young (Concurrent Start) (G1 Humongous Allocation) 137M->137M(256M) 16.924ms
[2020-01-29T22:12:00.906+0300][152.346s][info ][gc] GC(5155) Concurrent Cycle
[2020-01-29T22:12:00.943+0300][152.383s][info ][gc] GC(5156) Pause Young (Normal) (G1 Evacuation Pause) 184M->185M(256M) 21.634ms
[2020-01-29T22:12:00.947+0300][152.387s][debug][gc] GC(5155) Reclaimed 104 empty regions
[2020-01-29T22:12:00.947+0300][152.387s][info ][gc] GC(5155) Pause Remark 195M->93M(256M) 0.641ms
[2020-01-29T22:12:00.959+0300][152.399s][info ][gc] GC(5157) Pause Young (Normal) (G1 Evacuation Pause) 96M->97M(256M) 10.379ms
[2020-01-29T22:12:01.005+0300][152.446s][info ][gc] GC(5158) Pause Young (Normal) (G1 Evacuation Pause) 138M->139M(256M) 30.632ms
[2020-01-29T22:12:01.055+0300][152.495s][info ][gc] GC(5159) Pause Young (Normal) (G1 Evacuation Pause) 167M->168M(256M) 38.167ms
[2020-01-29T22:12:01.110+0300][152.551s][info ][gc] GC(5160) Pause Young (Normal) (G1 Evacuation Pause) 207M->209M(256M) 35.331ms
[2020-01-29T22:12:01.142+0300][152.584s][info ][gc] GC(5161) Pause Young (Normal) (G1 Evacuation Pause) 218M->219M(256M) 28.795ms
[2020-01-29T22:12:01.177+0300][152.617s][info ][gc] GC(5162) Pause Young (Normal) (G1 Evacuation Pause) 229M->230M(256M) 28.606ms
[2020-01-29T22:12:01.178+0300][152.620s][info ][gc] GC(5155) Pause Cleanup 236M->236M(256M) 0.048ms
[2020-01-29T22:12:01.178+0300][152.620s][info ][gc] GC(5155) Concurrent Cycle 274.268ms
[2020-01-29T22:12:01.207+0300][152.650s][info ][gc] GC(5163) Pause Young (Normal) (G1 Evacuation Pause) 240M->242M(256M) 28.237ms
[2020-01-29T22:12:01.227+0300][152.671s][info ][gc] GC(5164) To-space exhausted
[2020-01-29T22:12:01.227+0300][152.671s][info ][gc] GC(5164) Pause Young (Concurrent Start) (G1 Evacuation Pause) 252M->255M(256M) 17.692ms
[2020-01-29T22:12:01.227+0300][152.671s][info ][gc] GC(5166) Concurrent Cycle
[2020-01-29T22:12:01.232+0300][152.672s][debug][gc] GC(5165) Clear Next Bitmap 0.081ms
[2020-01-29T22:12:01.267+0300][152.711s][info ][gc] GC(5165) Pause Full (G1 Evacuation Pause) 255M->73M(256M) 39.856ms
[2020-01-29T22:12:01.267+0300][152.712s][info ][gc] GC(5166) Concurrent Cycle 40.212ms
[2020-01-29T22:12:01.317+0300][152.758s][info ][gc] GC(5167) Pause Young (Normal) (G1 Evacuation Pause) 121M->121M(256M) 27.976ms
[2020-01-29T22:12:01.347+0300][152.791s][info ][gc] GC(5168) Pause Young (Concurrent Start) (G1 Humongous Allocation) 137M->138M(256M) 13.999ms
[2020-01-29T22:12:01.347+0300][152.791s][info ][gc] GC(5169) Concurrent Cycle
[2020-01-29T22:12:01.382+0300][152.824s][info ][gc] GC(5170) Pause Young (Normal) (G1 Evacuation Pause) 185M->186M(256M) 20.501ms
[2020-01-29T22:12:01.387+0300][152.828s][debug][gc] GC(5169) Reclaimed 113 empty regions
[2020-01-29T22:12:01.387+0300][152.828s][info ][gc] GC(5169) Pause Remark 194M->83M(256M) 0.761ms
[2020-01-29T22:12:01.397+0300][152.840s][info ][gc] GC(5171) Pause Young (Normal) (G1 Evacuation Pause) 88M->89M(256M) 9.904ms
[2020-01-29T22:12:01.447+0300][152.891s][info ][gc] GC(5172) Pause Young (Normal) (G1 Evacuation Pause) 132M->132M(256M) 32.002ms
[2020-01-29T22:12:01.505+0300][152.946s][info ][gc] GC(5173) Pause Young (Normal) (G1 Evacuation Pause) 162M->163M(256M) 41.412ms
[2020-01-29T22:12:01.525+0300][152.965s][info ][gc] GC(5169) Pause Cleanup 202M->202M(256M) 0.050ms
[2020-01-29T22:12:01.525+0300][152.966s][info ][gc] GC(5169) Concurrent Cycle 174.779ms
[2020-01-29T22:12:01.557+0300][152.997s][info ][gc] GC(5174) Pause Young (Normal) (G1 Evacuation Pause) 203M->204M(256M) 30.691ms
[2020-01-29T22:12:01.567+0300][153.007s][info ][gc] GC(5175) Pause Young (Concurrent Start) (G1 Evacuation Pause) 212M->213M(256M) 7.316ms
[2020-01-29T22:12:01.567+0300][153.007s][info ][gc] GC(5176) Concurrent Cycle
[2020-01-29T22:12:01.582+0300][153.022s][info ][gc] GC(5177) Pause Young (Normal) (G1 Evacuation Pause) 223M->224M(256M) 8.179ms
[2020-01-29T22:12:01.592+0300][153.034s][info ][gc] GC(5178) Pause Young (Normal) (G1 Evacuation Pause) 234M->235M(256M) 8.269ms
[2020-01-29T22:12:01.607+0300][153.049s][info ][gc] GC(5179) To-space exhausted
[2020-01-29T22:12:01.607+0300][153.049s][info ][gc] GC(5179) Pause Young (Normal) (G1 Evacuation Pause) 245M->248M(256M) 10.630ms
[2020-01-29T22:12:01.627+0300][153.067s][info ][gc] GC(5180) To-space exhausted
[2020-01-29T22:12:01.627+0300][153.067s][info ][gc] GC(5180) Pause Young (Normal) (G1 Evacuation Pause) 255M->255M(256M) 14.624ms
[2020-01-29T22:12:01.627+0300][153.067s][debug][gc] GC(5181) Clear Next Bitmap 0.073ms
[2020-01-29T22:12:01.677+0300][153.116s][info ][gc] GC(5181) Pause Full (G1 Evacuation Pause) 255M->83M(256M) 49.316ms
[2020-01-29T22:12:01.677+0300][153.117s][info ][gc] GC(5176) Concurrent Cycle 109.197ms
[2020-01-29T22:12:01.721+0300][153.161s][info ][gc] GC(5182) Pause Young (Normal) (G1 Evacuation Pause) 128M->128M(256M) 26.600ms
[2020-01-29T22:12:01.752+0300][153.197s][info ][gc] GC(5183) Pause Young (Concurrent Start) (G1 Humongous Allocation) 137M->137M(256M) 9.843ms
[2020-01-29T22:12:01.757+0300][153.197s][info ][gc] GC(5184) Concurrent Cycle
[2020-01-29T22:12:01.769+0300][153.209s][debug][gc] GC(5184) Reclaimed 120 empty regions
[2020-01-29T22:12:01.769+0300][153.209s][info ][gc] GC(5184) Pause Remark 184M->66M(256M) 0.693ms
[2020-01-29T22:12:01.789+0300][153.229s][info ][gc] GC(5185) Pause Young (Normal) (G1 Evacuation Pause) 67M->64M(256M) 19.232ms
[2020-01-29T22:12:01.855+0300][153.295s][info ][gc] GC(5186) Pause Young (Normal) (G1 Evacuation Pause) 116M->117M(256M) 44.872ms
[2020-01-29T22:12:01.857+0300][153.297s][info ][gc] GC(5184) Pause Cleanup 122M->122M(256M) 0.042ms
[2020-01-29T22:12:01.857+0300][153.298s][info ][gc] GC(5184) Concurrent Cycle 100.986ms
[2020-01-29T22:12:01.917+0300][153.361s][info ][gc] GC(5187) Pause Young (Concurrent Start) (G1 Humongous Allocation) 152M->152M(256M) 39.873ms
[2020-01-29T22:12:01.917+0300][153.361s][info ][gc] GC(5188) Concurrent Cycle
[2020-01-29T22:12:01.962+0300][153.402s][info ][gc] GC(5189) Pause Young (Normal) (G1 Evacuation Pause) 196M->197M(256M) 18.450ms
[2020-01-29T22:12:01.972+0300][153.416s][info ][gc] GC(5190) Pause Young (Normal) (G1 Evacuation Pause) 207M->207M(256M) 9.382ms
[2020-01-29T22:12:01.977+0300][153.416s][debug][gc] GC(5188) Reclaimed 101 empty regions
[2020-01-29T22:12:01.977+0300][153.417s][info ][gc] GC(5188) Pause Remark 208M->107M(256M) 0.629ms
[2020-01-29T22:12:01.987+0300][153.429s][info ][gc] GC(5191) Pause Young (Normal) (G1 Evacuation Pause) 116M->117M(256M) 8.444ms
[2020-01-29T22:12:02.027+0300][153.468s][info ][gc] GC(5192) Pause Young (Normal) (G1 Evacuation Pause) 152M->153M(256M) 24.669ms
[2020-01-29T22:12:02.062+0300][153.506s][info ][gc] GC(5193) Pause Young (Normal) (G1 Evacuation Pause) 176M->178M(256M) 29.110ms
[2020-01-29T22:12:02.113+0300][153.553s][info ][gc] GC(5194) Pause Young (Normal) (G1 Evacuation Pause) 213M->213M(256M) 29.944ms
[2020-01-29T22:12:02.142+0300][153.582s][info ][gc] GC(5195) Pause Young (Normal) (G1 Evacuation Pause) 222M->223M(256M) 25.076ms
[2020-01-29T22:12:02.173+0300][153.613s][info ][gc] GC(5196) Pause Young (Normal) (G1 Evacuation Pause) 233M->234M(256M) 26.570ms
[2020-01-29T22:12:02.207+0300][153.647s][info ][gc] GC(5197) To-space exhausted
[2020-01-29T22:12:02.207+0300][153.647s][info ][gc] GC(5197) Pause Young (Normal) (G1 Evacuation Pause) 244M->249M(256M) 28.898ms
[2020-01-29T22:12:02.241+0300][153.681s][info ][gc] GC(5198) To-space exhausted
[2020-01-29T22:12:02.242+0300][153.681s][info ][gc] GC(5198) Pause Young (Normal) (G1 Evacuation Pause) 255M->255M(256M) 31.905ms
[2020-01-29T22:12:02.242+0300][153.681s][debug][gc] GC(5199) Clear Next Bitmap 0.071ms
[2020-01-29T22:12:02.271+0300][153.711s][info ][gc] GC(5199) Pause Full (G1 Evacuation Pause) 255M->58M(256M) 29.304ms
[2020-01-29T22:12:02.271+0300][153.711s][info ][gc] GC(5188) Concurrent Cycle 349.537ms
[2020-01-29T22:12:02.320+0300][153.760s][info ][gc] GC(5200) Pause Young (Normal) (G1 Evacuation Pause) 111M->112M(256M) 28.870ms
[2020-01-29T22:12:02.359+0300][153.800s][info ][gc] GC(5201) Pause Young (Concurrent Start) (G1 Humongous Allocation) 137M->137M(256M) 18.769ms
[2020-01-29T22:12:02.359+0300][153.800s][info ][gc] GC(5202) Concurrent Cycle
[2020-01-29T22:12:02.397+0300][153.837s][info ][gc] GC(5203) Pause Young (Normal) (G1 Evacuation Pause) 185M->186M(256M) 20.452ms
[2020-01-29T22:12:02.401+0300][153.841s][debug][gc] GC(5202) Reclaimed 102 empty regions
[2020-01-29T22:12:02.401+0300][153.841s][info ][gc] GC(5202) Pause Remark 196M->96M(256M) 0.633ms
[2020-01-29T22:12:02.412+0300][153.852s][info ][gc] GC(5204) Pause Young (Normal) (G1 Evacuation Pause) 98M->100M(256M) 9.608ms
[2020-01-29T22:12:02.459+0300][153.900s][info ][gc] GC(5205) Pause Young (Normal) (G1 Evacuation Pause) 140M->140M(256M) 31.492ms
[2020-01-29T22:12:02.506+0300][153.946s][info ][gc] GC(5206) Pause Young (Normal) (G1 Evacuation Pause) 167M->168M(256M) 35.761ms
[2020-01-29T22:12:02.559+0300][153.999s][info ][gc] GC(5207) Pause Young (Normal) (G1 Evacuation Pause) 207M->208M(256M) 33.104ms
[2020-01-29T22:12:02.591+0300][154.031s][info ][gc] GC(5208) Pause Young (Normal) (G1 Evacuation Pause) 217M->219M(256M) 27.470ms
[2020-01-29T22:12:02.623+0300][154.062s][info ][gc] GC(5209) Pause Young (Normal) (G1 Evacuation Pause) 229M->230M(256M) 27.257ms
[2020-01-29T22:12:02.654+0300][154.095s][info ][gc] GC(5210) Pause Young (Normal) (G1 Evacuation Pause) 240M->240M(256M) 28.665ms
[2020-01-29T22:12:02.657+0300][154.097s][info ][gc] GC(5202) Pause Cleanup 244M->244M(256M) 0.044ms
[2020-01-29T22:12:02.657+0300][154.098s][info ][gc] GC(5202) Concurrent Cycle 297.650ms
[2020-01-29T22:12:02.692+0300][154.132s][info ][gc] GC(5211) To-space exhausted
[2020-01-29T22:12:02.692+0300][154.132s][info ][gc] GC(5211) Pause Young (Normal) (G1 Evacuation Pause) 250M->254M(256M) 31.385ms
[2020-01-29T22:12:02.700+0300][154.141s][info ][gc] GC(5212) To-space exhausted
[2020-01-29T22:12:02.701+0300][154.141s][info ][gc] GC(5212) Pause Young (Concurrent Start) (G1 Evacuation Pause) 255M->255M(256M) 8.271ms
[2020-01-29T22:12:02.701+0300][154.141s][info ][gc] GC(5214) Concurrent Cycle
[2020-01-29T22:12:02.701+0300][154.141s][debug][gc] GC(5213) Clear Next Bitmap 0.089ms
[2020-01-29T22:12:02.741+0300][154.182s][info ][gc] GC(5213) Pause Full (G1 Evacuation Pause) 255M->72M(256M) 40.695ms
[2020-01-29T22:12:02.742+0300][154.182s][info ][gc] GC(5214) Concurrent Cycle 41.038ms
[2020-01-29T22:12:02.792+0300][154.233s][info ][gc] GC(5215) Pause Young (Normal) (G1 Evacuation Pause) 126M->126M(256M) 29.717ms
[2020-01-29T22:12:02.818+0300][154.259s][info ][gc] GC(5216) Pause Young (Concurrent Start) (G1 Humongous Allocation) 136M->137M(256M) 10.847ms
[2020-01-29T22:12:02.819+0300][154.259s][info ][gc] GC(5217) Concurrent Cycle
[2020-01-29T22:12:02.851+0300][154.291s][info ][gc] GC(5218) Pause Young (Normal) (G1 Evacuation Pause) 185M->186M(256M) 19.903ms
[2020-01-29T22:12:02.852+0300][154.292s][debug][gc] GC(5217) Reclaimed 111 empty regions
[2020-01-29T22:12:02.852+0300][154.292s][info ][gc] GC(5217) Pause Remark 188M->78M(256M) 0.653ms
[2020-01-29T22:12:02.868+0300][154.308s][info ][gc] GC(5219) Pause Young (Normal) (G1 Evacuation Pause) 88M->89M(256M) 11.641ms
[2020-01-29T22:12:02.918+0300][154.358s][info ][gc] GC(5220) Pause Young (Normal) (G1 Evacuation Pause) 132M->133M(256M) 32.114ms
[2020-01-29T22:12:02.966+0300][154.406s][info ][gc] GC(5221) Pause Young (Normal) (G1 Evacuation Pause) 162M->162M(256M) 36.544ms
[2020-01-29T22:12:02.983+0300][154.423s][info ][gc] GC(5217) Pause Cleanup 196M->196M(256M) 0.046ms
[2020-01-29T22:12:02.983+0300][154.423s][info ][gc] GC(5217) Concurrent Cycle 164.464ms
[2020-01-29T22:12:03.016+0300][154.456s][info ][gc] GC(5222) Pause Young (Normal) (G1 Evacuation Pause) 202M->203M(256M) 30.271ms
[2020-01-29T22:12:03.026+0300][154.466s][info ][gc] GC(5223) Pause Young (Concurrent Start) (G1 Evacuation Pause) 211M->213M(256M) 7.519ms
[2020-01-29T22:12:03.026+0300][154.467s][info ][gc] GC(5224) Concurrent Cycle
[2020-01-29T22:12:03.040+0300][154.481s][info ][gc] GC(5225) Pause Young (Normal) (G1 Evacuation Pause) 223M->224M(256M) 7.816ms
[2020-01-29T22:12:03.052+0300][154.493s][info ][gc] GC(5226) Pause Young (Normal) (G1 Evacuation Pause) 234M->235M(256M) 7.856ms
[2020-01-29T22:12:03.066+0300][154.507s][info ][gc] GC(5227) To-space exhausted
[2020-01-29T22:12:03.067+0300][154.507s][info ][gc] GC(5227) Pause Young (Normal) (G1 Evacuation Pause) 245M->247M(256M) 10.403ms
[2020-01-29T22:12:03.084+0300][154.525s][info ][gc] GC(5228) To-space exhausted
[2020-01-29T22:12:03.084+0300][154.525s][info ][gc] GC(5228) Pause Young (Normal) (G1 Evacuation Pause) 254M->254M(256M) 14.568ms
[2020-01-29T22:12:03.084+0300][154.525s][debug][gc] GC(5229) Clear Next Bitmap 0.060ms
[2020-01-29T22:12:03.130+0300][154.570s][info ][gc] GC(5229) Pause Full (G1 Evacuation Pause) 254M->84M(256M) 45.094ms
[2020-01-29T22:12:03.130+0300][154.570s][info ][gc] GC(5224) Concurrent Cycle 103.624ms
[2020-01-29T22:12:03.172+0300][154.612s][info ][gc] GC(5230) Pause Young (Normal) (G1 Evacuation Pause) 129M->129M(256M) 24.180ms
[2020-01-29T22:12:03.195+0300][154.634s][info ][gc] GC(5231) Pause Young (Concurrent Start) (G1 Humongous Allocation) 136M->136M(256M) 8.908ms
[2020-01-29T22:12:03.195+0300][154.634s][info ][gc] GC(5232) Concurrent Cycle
[2020-01-29T22:12:03.206+0300][154.646s][debug][gc] GC(5232) Reclaimed 120 empty regions
[2020-01-29T22:12:03.206+0300][154.646s][info ][gc] GC(5232) Pause Remark 180M->62M(256M) 0.646ms
[2020-01-29T22:12:03.226+0300][154.666s][info ][gc] GC(5233) Pause Young (Normal) (G1 Evacuation Pause) 66M->63M(256M) 17.943ms
[2020-01-29T22:12:03.245+0300][154.685s][info ][gc] GC(5232) Pause Cleanup 112M->112M(256M) 0.041ms
[2020-01-29T22:12:03.245+0300][154.685s][info ][gc] GC(5232) Concurrent Cycle 50.557ms
[2020-01-29T22:12:03.287+0300][154.727s][info ][gc] GC(5234) Pause Young (Normal) (G1 Evacuation Pause) 115M->116M(256M) 40.678ms
[2020-01-29T22:12:03.334+0300][154.774s][info ][gc] GC(5235) Pause Young (Concurrent Start) (G1 Humongous Allocation) 151M->151M(256M) 23.861ms
[2020-01-29T22:12:03.335+0300][154.774s][info ][gc] GC(5236) Concurrent Cycle
[2020-01-29T22:12:03.375+0300][154.815s][info ][gc] GC(5237) Pause Young (Normal) (G1 Evacuation Pause) 195M->196M(256M) 18.270ms
[2020-01-29T22:12:03.380+0300][154.820s][debug][gc] GC(5236) Reclaimed 102 empty regions
[2020-01-29T22:12:03.380+0300][154.820s][info ][gc] GC(5236) Pause Remark 205M->103M(256M) 0.657ms
[2020-01-29T22:12:03.390+0300][154.830s][info ][gc] GC(5238) Pause Young (Normal) (G1 Evacuation Pause) 104M->105M(256M) 9.477ms
[2020-01-29T22:12:03.432+0300][154.872s][info ][gc] GC(5239) Pause Young (Normal) (G1 Evacuation Pause) 143M->144M(256M) 27.157ms
[2020-01-29T22:12:03.478+0300][154.919s][info ][gc] GC(5240) Pause Young (Normal) (G1 Evacuation Pause) 170M->171M(256M) 35.636ms
[2020-01-29T22:12:03.530+0300][154.970s][info ][gc] GC(5241) Pause Young (Normal) (G1 Evacuation Pause) 209M->209M(256M) 32.015ms
[2020-01-29T22:12:03.561+0300][155.001s][info ][gc] GC(5242) Pause Young (Normal) (G1 Evacuation Pause) 218M->219M(256M) 26.582ms
[2020-01-29T22:12:03.592+0300][155.032s][info ][gc] GC(5243) Pause Young (Normal) (G1 Evacuation Pause) 229M->230M(256M) 27.220ms
[2020-01-29T22:12:03.627+0300][155.067s][info ][gc] GC(5244) Pause Young (Normal) (G1 Evacuation Pause) 240M->242M(256M) 29.766ms
[2020-01-29T22:12:03.667+0300][155.107s][info ][gc] GC(5245) To-space exhausted
[2020-01-29T22:12:03.667+0300][155.107s][info ][gc] GC(5245) Pause Young (Normal) (G1 Evacuation Pause) 252M->254M(256M) 36.103ms
[2020-01-29T22:12:03.697+0300][155.137s][info ][gc] GC(5246) To-space exhausted
[2020-01-29T22:12:03.697+0300][155.137s][info ][gc] GC(5246) Pause Young (Normal) (G1 Evacuation Pause) 255M->255M(256M) 25.210ms
[2020-01-29T22:12:03.697+0300][155.137s][debug][gc] GC(5247) Clear Next Bitmap 0.062ms
[2020-01-29T22:12:03.729+0300][155.169s][info ][gc] GC(5247) Pause Full (G1 Evacuation Pause) 255M->62M(256M) 31.935ms
[2020-01-29T22:12:03.730+0300][155.169s][info ][gc] GC(5236) Concurrent Cycle 395.026ms
[2020-01-29T22:12:03.778+0300][155.218s][info ][gc] GC(5248) Pause Young (Normal) (G1 Evacuation Pause) 114M->114M(256M) 28.168ms
[2020-01-29T22:12:03.814+0300][155.255s][info ][gc] GC(5249) Pause Young (Concurrent Start) (G1 Humongous Allocation) 137M->137M(256M) 17.440ms
[2020-01-29T22:12:03.814+0300][155.255s][info ][gc] GC(5250) Concurrent Cycle
[2020-01-29T22:12:03.850+0300][155.291s][info ][gc] GC(5251) Pause Young (Normal) (G1 Evacuation Pause) 185M->186M(256M) 20.494ms
[2020-01-29T22:12:03.855+0300][155.295s][debug][gc] GC(5250) Reclaimed 103 empty regions
[2020-01-29T22:12:03.855+0300][155.296s][info ][gc] GC(5250) Pause Remark 195M->95M(256M) 0.669ms
[2020-01-29T22:12:03.866+0300][155.306s][info ][gc] GC(5252) Pause Young (Normal) (G1 Evacuation Pause) 97M->98M(256M) 9.643ms
[2020-01-29T22:12:03.912+0300][155.352s][info ][gc] GC(5253) Pause Young (Normal) (G1 Evacuation Pause) 138M->139M(256M) 30.065ms
[2020-01-29T22:12:03.957+0300][155.397s][info ][gc] GC(5254) Pause Young (Normal) (G1 Evacuation Pause) 167M->168M(256M) 33.330ms
[2020-01-29T22:12:04.006+0300][155.446s][info ][gc] GC(5255) Pause Young (Normal) (G1 Evacuation Pause) 207M->208M(256M) 29.390ms
[2020-01-29T22:12:04.033+0300][155.473s][info ][gc] GC(5256) Pause Young (Normal) (G1 Evacuation Pause) 217M->217M(256M) 23.321ms
[2020-01-29T22:12:04.063+0300][155.503s][info ][gc] GC(5257) Pause Young (Normal) (G1 Evacuation Pause) 227M->228M(256M) 25.472ms
[2020-01-29T22:12:04.067+0300][155.507s][info ][gc] GC(5250) Pause Cleanup 238M->238M(256M) 0.051ms
[2020-01-29T22:12:04.091+0300][155.531s][info ][gc] GC(5258) Pause Young (Normal) (G1 Evacuation Pause) 238M->239M(256M) 23.548ms
[2020-01-29T22:12:04.091+0300][155.531s][info ][gc] GC(5250) Concurrent Cycle 276.288ms
[2020-01-29T22:12:04.109+0300][155.548s][info ][gc] GC(5259) To-space exhausted
[2020-01-29T22:12:04.109+0300][155.548s][info ][gc] GC(5259) Pause Young (Normal) (G1 Evacuation Pause) 249M->251M(256M) 13.586ms
[2020-01-29T22:12:04.123+0300][155.563s][info ][gc] GC(5260) To-space exhausted
[2020-01-29T22:12:04.123+0300][155.563s][info ][gc] GC(5260) Pause Young (Concurrent Start) (G1 Evacuation Pause) 255M->255M(256M) 12.815ms
[2020-01-29T22:12:04.123+0300][155.563s][info ][gc] GC(5262) Concurrent Cycle
[2020-01-29T22:12:04.123+0300][155.563s][debug][gc] GC(5261) Clear Next Bitmap 0.087ms
[2020-01-29T22:12:04.163+0300][155.603s][info ][gc] GC(5261) Pause Full (G1 Evacuation Pause) 255M->76M(256M) 40.343ms
[2020-01-29T22:12:04.163+0300][155.604s][info ][gc] GC(5262) Concurrent Cycle 40.691ms
[2020-01-29T22:12:04.211+0300][155.651s][info ][gc] GC(5263) Pause Young (Normal) (G1 Evacuation Pause) 127M->128M(256M) 27.477ms
[2020-01-29T22:12:04.235+0300][155.675s][info ][gc] GC(5264) Pause Young (Concurrent Start) (G1 Humongous Allocation) 137M->137M(256M) 9.053ms
[2020-01-29T22:12:04.235+0300][155.675s][info ][gc] GC(5265) Concurrent Cycle
[2020-01-29T22:12:04.247+0300][155.687s][debug][gc] GC(5265) Reclaimed 119 empty regions
[2020-01-29T22:12:04.247+0300][155.687s][info ][gc] GC(5265) Pause Remark 185M->69M(256M) 0.649ms
[2020-01-29T22:12:04.266+0300][155.706s][info ][gc] GC(5266) Pause Young (Normal) (G1 Evacuation Pause) 69M->65M(256M) 17.769ms
[2020-01-29T22:12:04.327+0300][155.767s][info ][gc] GC(5267) Pause Young (Normal) (G1 Evacuation Pause) 116M->117M(256M) 41.315ms
[2020-01-29T22:12:04.332+0300][155.771s][info ][gc] GC(5265) Pause Cleanup 127M->127M(256M) 0.039ms
[2020-01-29T22:12:04.332+0300][155.772s][info ][gc] GC(5265) Concurrent Cycle 97.013ms
[2020-01-29T22:12:04.382+0300][155.823s][info ][gc] GC(5268) Pause Young (Normal) (G1 Evacuation Pause) 152M->152M(256M) 41.481ms
[2020-01-29T22:12:04.399+0300][155.840s][info ][gc] GC(5269) Pause Young (Concurrent Start) (G1 Humongous Allocation) 153M->155M(256M) 5.686ms
[2020-01-29T22:12:04.399+0300][155.840s][info ][gc] GC(5270) Concurrent Cycle
[2020-01-29T22:12:04.407+0300][155.848s][debug][gc] GC(5270) Reclaimed 142 empty regions
[2020-01-29T22:12:04.407+0300][155.848s][info ][gc] GC(5270) Pause Remark 191M->49M(256M) 0.701ms
[2020-01-29T22:12:04.425+0300][155.866s][info ][gc] GC(5271) Pause Young (Normal) (G1 Evacuation Pause) 56M->55M(256M) 15.082ms
[2020-01-29T22:12:04.441+0300][155.881s][info ][gc] GC(5270) Pause Cleanup 94M->94M(256M) 0.042ms
[2020-01-29T22:12:04.441+0300][155.881s][info ][gc] GC(5270) Concurrent Cycle 41.544ms
[2020-01-29T22:12:04.488+0300][155.929s][info ][gc] GC(5272) Pause Young (Normal) (G1 Evacuation Pause) 109M->110M(256M) 41.133ms
[2020-01-29T22:12:04.528+0300][155.968s][info ][gc] GC(5273) Pause Young (Concurrent Start) (G1 Evacuation Pause) 147M->148M(256M) 25.210ms
[2020-01-29T22:12:04.528+0300][155.968s][info ][gc] GC(5274) Concurrent Cycle
[2020-01-29T22:12:04.571+0300][156.011s][info ][gc] GC(5275) Pause Young (Normal) (G1 Evacuation Pause) 193M->194M(256M) 19.018ms
[2020-01-29T22:12:04.587+0300][156.027s][info ][gc] GC(5276) Pause Young (Normal) (G1 Evacuation Pause) 204M->205M(256M) 8.614ms
[2020-01-29T22:12:04.598+0300][156.038s][info ][gc] GC(5277) Pause Young (Normal) (G1 Evacuation Pause) 215M->216M(256M) 6.929ms
[2020-01-29T22:12:04.610+0300][156.050s][info ][gc] GC(5278) Pause Young (Normal) (G1 Evacuation Pause) 226M->227M(256M) 7.918ms
[2020-01-29T22:12:04.621+0300][156.061s][info ][gc] GC(5279) Pause Young (Normal) (G1 Evacuation Pause) 237M->238M(256M) 7.463ms
[2020-01-29T22:12:04.637+0300][156.077s][info ][gc] GC(5280) To-space exhausted
[2020-01-29T22:12:04.637+0300][156.077s][info ][gc] GC(5280) Pause Young (Normal) (G1 Evacuation Pause) 248M->251M(256M) 11.772ms
[2020-01-29T22:12:04.649+0300][156.090s][info ][gc] GC(5281) To-space exhausted
[2020-01-29T22:12:04.649+0300][156.090s][info ][gc] GC(5281) Pause Young (Normal) (G1 Evacuation Pause) 255M->255M(256M) 10.824ms
[2020-01-29T22:12:04.650+0300][156.090s][debug][gc] GC(5282) Clear Next Bitmap 0.094ms
[2020-01-29T22:12:04.706+0300][156.147s][info ][gc] GC(5282) Pause Full (G1 Evacuation Pause) 255M->99M(256M) 56.927ms
[2020-01-29T22:12:04.707+0300][156.147s][info ][gc] GC(5274) Concurrent Cycle 178.512ms
[2020-01-29T22:12:04.755+0300][156.196s][info ][gc] GC(5283) Pause Young (Concurrent Start) (G1 Humongous Allocation) 137M->136M(256M) 24.353ms
[2020-01-29T22:12:04.755+0300][156.196s][info ][gc] GC(5284) Concurrent Cycle
[2020-01-29T22:12:04.795+0300][156.236s][info ][gc] GC(5285) Pause Young (Normal) (G1 Evacuation Pause) 184M->185M(256M) 20.694ms
[2020-01-29T22:12:04.800+0300][156.240s][debug][gc] GC(5284) Reclaimed 98 empty regions
[2020-01-29T22:12:04.800+0300][156.240s][info ][gc] GC(5284) Pause Remark 194M->98M(256M) 0.654ms
[2020-01-29T22:12:04.813+0300][156.253s][info ][gc] GC(5286) Pause Young (Normal) (G1 Evacuation Pause) 102M->103M(256M) 11.047ms
[2020-01-29T22:12:04.858+0300][156.297s][info ][gc] GC(5287) Pause Young (Normal) (G1 Evacuation Pause) 142M->143M(256M) 28.311ms
[2020-01-29T22:12:04.902+0300][156.341s][info ][gc] GC(5288) Pause Young (Normal) (G1 Evacuation Pause) 169M->170M(256M) 33.438ms
[2020-01-29T22:12:04.951+0300][156.391s][info ][gc] GC(5289) Pause Young (Normal) (G1 Evacuation Pause) 208M->209M(256M) 30.860ms
[2020-01-29T22:12:04.981+0300][156.421s][info ][gc] GC(5290) Pause Young (Normal) (G1 Evacuation Pause) 218M->220M(256M) 25.423ms
[2020-01-29T22:12:05.012+0300][156.452s][info ][gc] GC(5291) Pause Young (Normal) (G1 Evacuation Pause) 230M->231M(256M) 26.110ms
[2020-01-29T22:12:05.043+0300][156.483s][info ][gc] GC(5292) Pause Young (Normal) (G1 Evacuation Pause) 241M->241M(256M) 27.322ms
[2020-01-29T22:12:05.045+0300][156.485s][info ][gc] GC(5284) Pause Cleanup 245M->245M(256M) 0.044ms
[2020-01-29T22:12:05.045+0300][156.485s][info ][gc] GC(5284) Concurrent Cycle 289.319ms
[2020-01-29T22:12:05.080+0300][156.519s][info ][gc] GC(5293) To-space exhausted
[2020-01-29T22:12:05.080+0300][156.519s][info ][gc] GC(5293) Pause Young (Normal) (G1 Evacuation Pause) 251M->255M(256M) 32.181ms
[2020-01-29T22:12:05.115+0300][156.555s][info ][gc] GC(5294) Pause Full (G1 Evacuation Pause) 255M->70M(256M) 35.598ms
[2020-01-29T22:12:05.162+0300][156.603s][info ][gc] GC(5295) Pause Young (Concurrent Start) (G1 Evacuation Pause) 120M->120M(256M) 27.433ms
[2020-01-29T22:12:05.162+0300][156.603s][info ][gc] GC(5296) Concurrent Cycle
[2020-01-29T22:12:05.212+0300][156.652s][info ][gc] GC(5297) Pause Young (Normal) (G1 Evacuation Pause) 173M->174M(256M) 23.772ms
[2020-01-29T22:12:05.231+0300][156.672s][info ][gc] GC(5298) Pause Young (Normal) (G1 Evacuation Pause) 190M->191M(256M) 12.864ms
[2020-01-29T22:12:05.244+0300][156.685s][info ][gc] GC(5299) Pause Young (Normal) (G1 Evacuation Pause) 202M->203M(256M) 8.336ms
[2020-01-29T22:12:05.257+0300][156.697s][info ][gc] GC(5300) Pause Young (Normal) (G1 Evacuation Pause) 213M->214M(256M) 8.122ms
[2020-01-29T22:12:05.268+0300][156.709s][info ][gc] GC(5301) Pause Young (Normal) (G1 Evacuation Pause) 224M->225M(256M) 7.699ms
[2020-01-29T22:12:05.280+0300][156.720s][info ][gc] GC(5302) Pause Young (Normal) (G1 Evacuation Pause) 235M->236M(256M) 7.731ms
[2020-01-29T22:12:05.295+0300][156.735s][info ][gc] GC(5303) To-space exhausted
[2020-01-29T22:12:05.295+0300][156.735s][info ][gc] GC(5303) Pause Young (Normal) (G1 Evacuation Pause) 246M->248M(256M) 10.392ms
[2020-01-29T22:12:05.312+0300][156.752s][info ][gc] GC(5304) To-space exhausted
[2020-01-29T22:12:05.312+0300][156.752s][info ][gc] GC(5304) Pause Young (Normal) (G1 Evacuation Pause) 255M->255M(256M) 14.599ms
[2020-01-29T22:12:05.312+0300][156.753s][debug][gc] GC(5305) Clear Next Bitmap 0.073ms
[2020-01-29T22:12:05.373+0300][156.813s][info ][gc] GC(5305) Pause Full (G1 Evacuation Pause) 255M->111M(256M) 60.895ms
[2020-01-29T22:12:05.374+0300][156.814s][info ][gc] GC(5296) Concurrent Cycle 210.999ms
[2020-01-29T22:12:05.408+0300][156.848s][info ][gc] GC(5306) Pause Young (Concurrent Start) (G1 Humongous Allocation) 136M->136M(256M) 14.844ms
[2020-01-29T22:12:05.409+0300][156.848s][info ][gc] GC(5307) Concurrent Cycle
[2020-01-29T22:12:05.442+0300][156.882s][info ][gc] GC(5308) Pause Young (Normal) (G1 Evacuation Pause) 185M->187M(256M) 20.700ms
[2020-01-29T22:12:05.449+0300][156.889s][debug][gc] GC(5307) Reclaimed 109 empty regions
[2020-01-29T22:12:05.449+0300][156.889s][info ][gc] GC(5307) Pause Remark 190M->82M(256M) 1.871ms
[2020-01-29T22:12:05.480+0300][156.920s][info ][gc] GC(5309) Pause Young (Normal) (G1 Evacuation Pause) 91M->91M(256M) 20.808ms
[2020-01-29T22:12:05.532+0300][156.973s][info ][gc] GC(5310) Pause Young (Normal) (G1 Evacuation Pause) 136M->137M(256M) 33.538ms
[2020-01-29T22:12:05.581+0300][157.021s][info ][gc] GC(5311) Pause Young (Normal) (G1 Evacuation Pause) 165M->166M(256M) 37.464ms
[2020-01-29T22:12:05.594+0300][157.035s][info ][gc] GC(5307) Pause Cleanup 192M->192M(256M) 0.042ms
[2020-01-29T22:12:05.595+0300][157.035s][info ][gc] GC(5307) Concurrent Cycle 186.549ms
[2020-01-29T22:12:05.634+0300][157.075s][info ][gc] GC(5312) Pause Young (Normal) (G1 Evacuation Pause) 205M->206M(256M) 34.570ms
[2020-01-29T22:12:05.645+0300][157.085s][info ][gc] GC(5313) Pause Young (Concurrent Start) (G1 Evacuation Pause) 215M->216M(256M) 6.624ms
[2020-01-29T22:12:05.645+0300][157.085s][info ][gc] GC(5314) Concurrent Cycle
[2020-01-29T22:12:05.659+0300][157.099s][info ][gc] GC(5315) Pause Young (Normal) (G1 Evacuation Pause) 226M->226M(256M) 8.122ms
[2020-01-29T22:12:05.671+0300][157.111s][info ][gc] GC(5316) Pause Young (Normal) (G1 Evacuation Pause) 236M->237M(256M) 8.072ms
[2020-01-29T22:12:05.686+0300][157.126s][info ][gc] GC(5317) To-space exhausted
[2020-01-29T22:12:05.686+0300][157.126s][info ][gc] GC(5317) Pause Young (Normal) (G1 Evacuation Pause) 247M->254M(256M) 10.577ms
[2020-01-29T22:12:05.694+0300][157.134s][info ][gc] GC(5318) To-space exhausted
[2020-01-29T22:12:05.694+0300][157.134s][info ][gc] GC(5318) Pause Young (Normal) (G1 Evacuation Pause) 255M->255M(256M) 7.246ms
[2020-01-29T22:12:05.694+0300][157.134s][debug][gc] GC(5319) Clear Next Bitmap 0.073ms
[2020-01-29T22:12:05.739+0300][157.179s][info ][gc] GC(5319) Pause Full (G1 Evacuation Pause) 255M->79M(256M) 45.410ms
[2020-01-29T22:12:05.740+0300][157.180s][info ][gc] GC(5314) Concurrent Cycle 94.810ms
[2020-01-29T22:12:05.784+0300][157.224s][info ][gc] GC(5320) Pause Young (Normal) (G1 Evacuation Pause) 125M->125M(256M) 26.110ms
[2020-01-29T22:12:05.809+0300][157.248s][info ][gc] GC(5321) Pause Young (Concurrent Start) (G1 Humongous Allocation) 137M->137M(256M) 10.028ms
[2020-01-29T22:12:05.809+0300][157.248s][info ][gc] GC(5322) Concurrent Cycle
[2020-01-29T22:12:05.837+0300][157.281s][info ][gc] GC(5323) Pause Young (Normal) (G1 Evacuation Pause) 185M->186M(256M) 19.838ms
[2020-01-29T22:12:05.842+0300][157.282s][debug][gc] GC(5322) Reclaimed 109 empty regions
[2020-01-29T22:12:05.842+0300][157.282s][info ][gc] GC(5322) Pause Remark 187M->78M(256M) 0.642ms
[2020-01-29T22:12:05.857+0300][157.299s][info ][gc] GC(5324) Pause Young (Normal) (G1 Evacuation Pause) 90M->91M(256M) 11.675ms
[2020-01-29T22:12:05.907+0300][157.347s][info ][gc] GC(5325) Pause Young (Normal) (G1 Evacuation Pause) 133M->134M(256M) 31.523ms
[2020-01-29T22:12:05.955+0300][157.395s][info ][gc] GC(5326) Pause Young (Normal) (G1 Evacuation Pause) 163M->164M(256M) 35.938ms
[2020-01-29T22:12:05.971+0300][157.411s][info ][gc] GC(5322) Pause Cleanup 197M->197M(256M) 0.049ms
[2020-01-29T22:12:05.972+0300][157.412s][info ][gc] GC(5322) Concurrent Cycle 163.159ms
[2020-01-29T22:12:06.007+0300][157.447s][info ][gc] GC(5327) Pause Young (Normal) (G1 Evacuation Pause) 203M->204M(256M) 32.844ms
[2020-01-29T22:12:06.017+0300][157.457s][info ][gc] GC(5328) Pause Young (Concurrent Start) (G1 Evacuation Pause) 213M->214M(256M) 6.592ms
[2020-01-29T22:12:06.017+0300][157.457s][info ][gc] GC(5329) Concurrent Cycle
[2020-01-29T22:12:06.031+0300][157.471s][info ][gc] GC(5330) Pause Young (Normal) (G1 Evacuation Pause) 224M->225M(256M) 8.133ms
[2020-01-29T22:12:06.042+0300][157.484s][info ][gc] GC(5331) Pause Young (Normal) (G1 Evacuation Pause) 235M->235M(256M) 8.087ms
[2020-01-29T22:12:06.057+0300][157.499s][info ][gc] GC(5332) To-space exhausted
[2020-01-29T22:12:06.057+0300][157.499s][info ][gc] GC(5332) Pause Young (Normal) (G1 Evacuation Pause) 245M->249M(256M) 11.111ms
[2020-01-29T22:12:06.072+0300][157.513s][info ][gc] GC(5333) To-space exhausted
[2020-01-29T22:12:06.072+0300][157.513s][info ][gc] GC(5333) Pause Young (Normal) (G1 Evacuation Pause) 254M->254M(256M) 12.042ms
[2020-01-29T22:12:06.072+0300][157.513s][debug][gc] GC(5334) Clear Next Bitmap 0.085ms
[2020-01-29T22:12:06.117+0300][157.557s][info ][gc] GC(5334) Pause Full (G1 Evacuation Pause) 254M->82M(256M) 43.620ms
[2020-01-29T22:12:06.117+0300][157.557s][info ][gc] GC(5329) Concurrent Cycle 99.944ms
[2020-01-29T22:12:06.161+0300][157.601s][info ][gc] GC(5335) Pause Young (Normal) (G1 Evacuation Pause) 128M->128M(256M) 25.855ms
[2020-01-29T22:12:06.183+0300][157.623s][info ][gc] GC(5336) Pause Young (Concurrent Start) (G1 Humongous Allocation) 137M->138M(256M) 8.443ms
[2020-01-29T22:12:06.183+0300][157.623s][info ][gc] GC(5337) Concurrent Cycle
[2020-01-29T22:12:06.195+0300][157.635s][debug][gc] GC(5337) Reclaimed 116 empty regions
[2020-01-29T22:12:06.195+0300][157.635s][info ][gc] GC(5337) Pause Remark 185M->70M(256M) 0.683ms
[2020-01-29T22:12:06.214+0300][157.654s][info ][gc] GC(5338) Pause Young (Normal) (G1 Evacuation Pause) 71M->68M(256M) 17.801ms
[2020-01-29T22:12:06.273+0300][157.714s][info ][gc] GC(5339) Pause Young (Normal) (G1 Evacuation Pause) 118M->118M(256M) 40.689ms
[2020-01-29T22:12:06.277+0300][157.718s][info ][gc] GC(5337) Pause Cleanup 127M->127M(256M) 0.041ms
[2020-01-29T22:12:06.278+0300][157.718s][info ][gc] GC(5337) Concurrent Cycle 94.852ms
[2020-01-29T22:12:06.329+0300][157.770s][info ][gc] GC(5340) Pause Young (Normal) (G1 Evacuation Pause) 152M->153M(256M) 41.937ms
[2020-01-29T22:12:06.347+0300][157.787s][info ][gc] GC(5341) Pause Young (Concurrent Start) (G1 Humongous Allocation) 156M->158M(256M) 5.243ms
[2020-01-29T22:12:06.347+0300][157.787s][info ][gc] GC(5342) Concurrent Cycle
[2020-01-29T22:12:06.356+0300][157.796s][debug][gc] GC(5342) Reclaimed 140 empty regions
[2020-01-29T22:12:06.356+0300][157.796s][info ][gc] GC(5342) Pause Remark 197M->57M(256M) 0.655ms
[2020-01-29T22:12:06.373+0300][157.813s][info ][gc] GC(5343) Pause Young (Normal) (G1 Evacuation Pause) 60M->57M(256M) 15.140ms
[2020-01-29T22:12:06.390+0300][157.830s][info ][gc] GC(5342) Pause Cleanup 101M->101M(256M) 0.039ms
[2020-01-29T22:12:06.390+0300][157.830s][info ][gc] GC(5342) Concurrent Cycle 43.131ms
[2020-01-29T22:12:06.432+0300][157.872s][info ][gc] GC(5344) Pause Young (Normal) (G1 Evacuation Pause) 110M->110M(256M) 38.245ms
[2020-01-29T22:12:06.474+0300][157.914s][info ][gc] GC(5345) Pause Young (Concurrent Start) (G1 Evacuation Pause) 147M->148M(256M) 27.530ms
[2020-01-29T22:12:06.474+0300][157.914s][info ][gc] GC(5346) Concurrent Cycle
[2020-01-29T22:12:06.516+0300][157.957s][info ][gc] GC(5347) Pause Young (Normal) (G1 Evacuation Pause) 193M->194M(256M) 19.134ms
[2020-01-29T22:12:06.530+0300][157.970s][info ][gc] GC(5348) Pause Young (Normal) (G1 Evacuation Pause) 204M->205M(256M) 9.201ms
[2020-01-29T22:12:06.542+0300][157.983s][info ][gc] GC(5349) Pause Young (Normal) (G1 Evacuation Pause) 215M->215M(256M) 7.970ms
[2020-01-29T22:12:06.554+0300][157.995s][info ][gc] GC(5350) Pause Young (Normal) (G1 Evacuation Pause) 225M->226M(256M) 7.797ms
[2020-01-29T22:12:06.567+0300][158.007s][info ][gc] GC(5351) Pause Young (Normal) (G1 Evacuation Pause) 236M->237M(256M) 8.063ms
[2020-01-29T22:12:06.582+0300][158.022s][info ][gc] GC(5352) To-space exhausted
[2020-01-29T22:12:06.582+0300][158.023s][info ][gc] GC(5352) Pause Young (Normal) (G1 Evacuation Pause) 247M->249M(256M) 11.353ms
[2020-01-29T22:12:06.597+0300][158.038s][info ][gc] GC(5353) To-space exhausted
[2020-01-29T22:12:06.597+0300][158.038s][info ][gc] GC(5353) Pause Young (Normal) (G1 Evacuation Pause) 255M->255M(256M) 12.681ms
[2020-01-29T22:12:06.598+0300][158.038s][debug][gc] GC(5354) Clear Next Bitmap 0.098ms
[2020-01-29T22:12:06.652+0300][158.093s][info ][gc] GC(5354) Pause Full (G1 Evacuation Pause) 255M->99M(256M) 54.687ms
[2020-01-29T22:12:06.653+0300][158.093s][info ][gc] GC(5346) Concurrent Cycle 179.061ms
[2020-01-29T22:12:06.699+0300][158.139s][info ][gc] GC(5355) Pause Young (Concurrent Start) (G1 Humongous Allocation) 137M->137M(256M) 21.402ms
[2020-01-29T22:12:06.699+0300][158.139s][info ][gc] GC(5356) Concurrent Cycle
[2020-01-29T22:12:06.738+0300][158.178s][info ][gc] GC(5357) Pause Young (Normal) (G1 Evacuation Pause) 185M->185M(256M) 19.864ms
[2020-01-29T22:12:06.743+0300][158.183s][debug][gc] GC(5356) Reclaimed 98 empty regions
[2020-01-29T22:12:06.743+0300][158.183s][info ][gc] GC(5356) Pause Remark 195M->99M(256M) 0.814ms
[2020-01-29T22:12:06.761+0300][158.202s][info ][gc] GC(5358) Pause Young (Normal) (G1 Evacuation Pause) 102M->103M(256M) 15.344ms
[2020-01-29T22:12:06.811+0300][158.251s][info ][gc] GC(5359) Pause Young (Normal) (G1 Evacuation Pause) 142M->143M(256M) 33.300ms
[2020-01-29T22:12:06.855+0300][158.296s][info ][gc] GC(5360) Pause Young (Normal) (G1 Evacuation Pause) 169M->169M(256M) 33.925ms
[2020-01-29T22:12:06.919+0300][158.360s][info ][gc] GC(5361) Pause Young (Normal) (G1 Evacuation Pause) 207M->208M(256M) 42.730ms
[2020-01-29T22:12:06.951+0300][158.391s][info ][gc] GC(5362) Pause Young (Normal) (G1 Evacuation Pause) 217M->218M(256M) 27.089ms
[2020-01-29T22:12:06.986+0300][158.426s][info ][gc] GC(5363) Pause Young (Normal) (G1 Evacuation Pause) 228M->229M(256M) 30.413ms
[2020-01-29T22:12:06.989+0300][158.429s][info ][gc] GC(5356) Pause Cleanup 229M->229M(256M) 0.051ms
[2020-01-29T22:12:06.990+0300][158.430s][info ][gc] GC(5356) Concurrent Cycle 290.417ms
[2020-01-29T22:12:07.021+0300][158.461s][info ][gc] GC(5364) Pause Young (Normal) (G1 Evacuation Pause) 239M->239M(256M) 27.359ms
[2020-01-29T22:12:07.039+0300][158.479s][info ][gc] GC(5365) To-space exhausted
[2020-01-29T22:12:07.039+0300][158.479s][info ][gc] GC(5365) Pause Young (Concurrent Start) (G1 Evacuation Pause) 249M->251M(256M) 13.960ms
[2020-01-29T22:12:07.039+0300][158.479s][info ][gc] GC(5366) Concurrent Cycle
[2020-01-29T22:12:07.053+0300][158.494s][info ][gc] GC(5367) To-space exhausted
[2020-01-29T22:12:07.053+0300][158.494s][info ][gc] GC(5367) Pause Young (Normal) (G1 Evacuation Pause) 255M->255M(256M) 11.636ms
[2020-01-29T22:12:07.053+0300][158.494s][debug][gc] GC(5368) Clear Next Bitmap 0.080ms
[2020-01-29T22:12:07.093+0300][158.533s][info ][gc] GC(5368) Pause Full (G1 Evacuation Pause) 255M->74M(256M) 39.476ms
[2020-01-29T22:12:07.093+0300][158.534s][info ][gc] GC(5366) Concurrent Cycle 54.691ms
[2020-01-29T22:12:07.140+0300][158.581s][info ][gc] GC(5369) Pause Young (Normal) (G1 Evacuation Pause) 123M->122M(256M) 28.046ms
[2020-01-29T22:12:07.169+0300][158.609s][info ][gc] GC(5370) Pause Young (Concurrent Start) (G1 Humongous Allocation) 136M->138M(256M) 12.360ms
[2020-01-29T22:12:07.169+0300][158.609s][info ][gc] GC(5371) Concurrent Cycle
[2020-01-29T22:12:07.202+0300][158.641s][info ][gc] GC(5372) Pause Young (Normal) (G1 Evacuation Pause) 186M->187M(256M) 19.845ms
[2020-01-29T22:12:07.205+0300][158.645s][debug][gc] GC(5371) Reclaimed 112 empty regions
[2020-01-29T22:12:07.205+0300][158.645s][info ][gc] GC(5371) Pause Remark 193M->83M(256M) 0.662ms
[2020-01-29T22:12:07.217+0300][158.656s][info ][gc] GC(5373) Pause Young (Normal) (G1 Evacuation Pause) 88M->89M(256M) 9.507ms
[2020-01-29T22:12:07.265+0300][158.705s][info ][gc] GC(5374) Pause Young (Normal) (G1 Evacuation Pause) 132M->132M(256M) 31.482ms
[2020-01-29T22:12:07.315+0300][158.755s][info ][gc] GC(5375) Pause Young (Normal) (G1 Evacuation Pause) 162M->163M(256M) 37.750ms
[2020-01-29T22:12:07.368+0300][158.808s][info ][gc] GC(5376) Pause Young (Normal) (G1 Evacuation Pause) 203M->205M(256M) 33.408ms
[2020-01-29T22:12:07.371+0300][158.811s][info ][gc] GC(5371) Pause Cleanup 210M->210M(256M) 0.048ms
[2020-01-29T22:12:07.371+0300][158.811s][info ][gc] GC(5371) Concurrent Cycle 201.444ms
[2020-01-29T22:12:07.398+0300][158.838s][info ][gc] GC(5377) Pause Young (Normal) (G1 Evacuation Pause) 213M->214M(256M) 25.421ms
[2020-01-29T22:12:07.410+0300][158.850s][info ][gc] GC(5378) Pause Young (Concurrent Start) (G1 Evacuation Pause) 224M->225M(256M) 8.194ms
[2020-01-29T22:12:07.410+0300][158.850s][info ][gc] GC(5379) Concurrent Cycle
[2020-01-29T22:12:07.424+0300][158.864s][info ][gc] GC(5380) Pause Young (Normal) (G1 Evacuation Pause) 235M->235M(256M) 7.966ms
[2020-01-29T22:12:07.438+0300][158.878s][info ][gc] GC(5381) To-space exhausted
[2020-01-29T22:12:07.438+0300][158.878s][info ][gc] GC(5381) Pause Young (Normal) (G1 Evacuation Pause) 245M->248M(256M) 9.975ms
[2020-01-29T22:12:07.456+0300][158.896s][info ][gc] GC(5382) To-space exhausted
[2020-01-29T22:12:07.456+0300][158.896s][info ][gc] GC(5382) Pause Young (Normal) (G1 Evacuation Pause) 255M->255M(256M) 15.242ms
[2020-01-29T22:12:07.456+0300][158.897s][debug][gc] GC(5383) Clear Next Bitmap 0.060ms
[2020-01-29T22:12:07.505+0300][158.945s][info ][gc] GC(5383) Pause Full (G1 Evacuation Pause) 255M->84M(256M) 48.431ms
[2020-01-29T22:12:07.505+0300][158.945s][info ][gc] GC(5379) Concurrent Cycle 95.430ms
[2020-01-29T22:12:07.549+0300][158.989s][info ][gc] GC(5384) Pause Young (Normal) (G1 Evacuation Pause) 129M->129M(256M) 26.049ms
[2020-01-29T22:12:07.570+0300][159.010s][info ][gc] GC(5385) Pause Young (Concurrent Start) (G1 Humongous Allocation) 136M->137M(256M) 8.078ms
[2020-01-29T22:12:07.570+0300][159.010s][info ][gc] GC(5386) Concurrent Cycle
[2020-01-29T22:12:07.581+0300][159.021s][debug][gc] GC(5386) Reclaimed 122 empty regions
[2020-01-29T22:12:07.581+0300][159.021s][info ][gc] GC(5386) Pause Remark 181M->63M(256M) 0.648ms
[2020-01-29T22:12:07.599+0300][159.040s][info ][gc] GC(5387) Pause Young (Normal) (G1 Evacuation Pause) 65M->61M(256M) 17.389ms
[2020-01-29T22:12:07.620+0300][159.060s][info ][gc] GC(5386) Pause Cleanup 112M->112M(256M) 0.042ms
[2020-01-29T22:12:07.620+0300][159.060s][info ][gc] GC(5386) Concurrent Cycle 50.369ms
[2020-01-29T22:12:07.662+0300][159.102s][info ][gc] GC(5388) Pause Young (Normal) (G1 Evacuation Pause) 114M->114M(256M) 40.614ms
[2020-01-29T22:12:07.699+0300][159.139s][info ][gc] GC(5389) Pause Young (Concurrent Start) (G1 Evacuation Pause) 149M->149M(256M) 23.783ms
[2020-01-29T22:12:07.699+0300][159.139s][info ][gc] GC(5390) Concurrent Cycle
[2020-01-29T22:12:07.741+0300][159.180s][info ][gc] GC(5391) Pause Young (Normal) (G1 Evacuation Pause) 194M->196M(256M) 18.806ms
[2020-01-29T22:12:07.754+0300][159.194s][info ][gc] GC(5392) Pause Young (Normal) (G1 Evacuation Pause) 206M->206M(256M) 9.231ms
[2020-01-29T22:12:07.766+0300][159.206s][info ][gc] GC(5393) Pause Young (Normal) (G1 Evacuation Pause) 216M->217M(256M) 8.156ms
[2020-01-29T22:12:07.779+0300][159.218s][info ][gc] GC(5394) Pause Young (Normal) (G1 Evacuation Pause) 227M->228M(256M) 8.139ms
[2020-01-29T22:12:07.791+0300][159.230s][info ][gc] GC(5395) Pause Young (Normal) (G1 Evacuation Pause) 238M->238M(256M) 7.923ms
[2020-01-29T22:12:07.806+0300][159.247s][info ][gc] GC(5396) To-space exhausted
[2020-01-29T22:12:07.806+0300][159.247s][info ][gc] GC(5396) Pause Young (Normal) (G1 Evacuation Pause) 248M->251M(256M) 12.470ms
[2020-01-29T22:12:07.819+0300][159.259s][info ][gc] GC(5397) To-space exhausted
[2020-01-29T22:12:07.819+0300][159.259s][info ][gc] GC(5397) Pause Young (Normal) (G1 Evacuation Pause) 255M->255M(256M) 10.861ms
[2020-01-29T22:12:07.819+0300][159.260s][debug][gc] GC(5398) Clear Next Bitmap 0.094ms
[2020-01-29T22:12:07.873+0300][159.314s][info ][gc] GC(5398) Pause Full (G1 Evacuation Pause) 255M->100M(256M) 54.119ms
[2020-01-29T22:12:07.874+0300][159.314s][info ][gc] GC(5390) Concurrent Cycle 174.913ms
[2020-01-29T22:12:07.919+0300][159.360s][info ][gc] GC(5399) Pause Young (Concurrent Start) (G1 Humongous Allocation) 137M->136M(256M) 20.846ms
[2020-01-29T22:12:07.920+0300][159.360s][info ][gc] GC(5400) Concurrent Cycle
[2020-01-29T22:12:07.959+0300][159.400s][info ][gc] GC(5401) Pause Young (Normal) (G1 Evacuation Pause) 184M->186M(256M) 20.130ms
[2020-01-29T22:12:07.964+0300][159.404s][debug][gc] GC(5400) Reclaimed 95 empty regions
[2020-01-29T22:12:07.964+0300][159.404s][info ][gc] GC(5400) Pause Remark 195M->102M(256M) 0.662ms
[2020-01-29T22:12:07.977+0300][159.417s][info ][gc] GC(5402) Pause Young (Normal) (G1 Evacuation Pause) 105M->106M(256M) 11.572ms
[2020-01-29T22:12:08.021+0300][159.461s][info ][gc] GC(5403) Pause Young (Normal) (G1 Evacuation Pause) 144M->145M(256M) 28.743ms
[2020-01-29T22:12:08.065+0300][159.505s][info ][gc] GC(5404) Pause Young (Normal) (G1 Evacuation Pause) 171M->172M(256M) 33.139ms
[2020-01-29T22:12:08.114+0300][159.553s][info ][gc] GC(5405) Pause Young (Normal) (G1 Evacuation Pause) 209M->210M(256M) 30.140ms
[2020-01-29T22:12:08.143+0300][159.583s][info ][gc] GC(5406) Pause Young (Normal) (G1 Evacuation Pause) 219M->220M(256M) 24.935ms
[2020-01-29T22:12:08.155+0300][159.594s][info ][gc] GC(5400) Pause Cleanup 221M->221M(256M) 0.053ms
[2020-01-29T22:12:08.155+0300][159.595s][info ][gc] GC(5400) Concurrent Cycle 234.659ms
[2020-01-29T22:12:08.180+0300][159.620s][info ][gc] GC(5407) Pause Young (Normal) (G1 Evacuation Pause) 230M->231M(256M) 21.502ms
[2020-01-29T22:12:08.192+0300][159.632s][info ][gc] GC(5408) Pause Young (Concurrent Start) (G1 Evacuation Pause) 241M->242M(256M) 8.321ms
[2020-01-29T22:12:08.192+0300][159.632s][info ][gc] GC(5409) Concurrent Cycle
[2020-01-29T22:12:08.214+0300][159.654s][info ][gc] GC(5410) To-space exhausted
[2020-01-29T22:12:08.214+0300][159.654s][info ][gc] GC(5410) Pause Young (Normal) (G1 Evacuation Pause) 252M->255M(256M) 15.562ms
[2020-01-29T22:12:08.214+0300][159.654s][debug][gc] GC(5411) Clear Next Bitmap 0.079ms
[2020-01-29T22:12:08.248+0300][159.688s][info ][gc] GC(5411) Pause Full (G1 Evacuation Pause) 255M->68M(256M) 34.214ms
[2020-01-29T22:12:08.249+0300][159.689s][info ][gc] GC(5409) Concurrent Cycle 56.450ms
[2020-01-29T22:12:08.296+0300][159.736s][info ][gc] GC(5412) Pause Young (Normal) (G1 Evacuation Pause) 118M->118M(256M) 27.558ms
[2020-01-29T22:12:08.329+0300][159.769s][info ][gc] GC(5413) Pause Young (Concurrent Start) (G1 Humongous Allocation) 137M->138M(256M) 15.389ms
[2020-01-29T22:12:08.329+0300][159.769s][info ][gc] GC(5414) Concurrent Cycle
[2020-01-29T22:12:08.362+0300][159.803s][info ][gc] GC(5415) Pause Young (Normal) (G1 Evacuation Pause) 186M->187M(256M) 20.511ms
[2020-01-29T22:12:08.367+0300][159.807s][debug][gc] GC(5414) Reclaimed 108 empty regions
[2020-01-29T22:12:08.367+0300][159.808s][info ][gc] GC(5414) Pause Remark 196M->89M(256M) 0.688ms
[2020-01-29T22:12:08.378+0300][159.819s][info ][gc] GC(5416) Pause Young (Normal) (G1 Evacuation Pause) 92M->94M(256M) 9.780ms
[2020-01-29T22:12:08.426+0300][159.866s][info ][gc] GC(5417) Pause Young (Normal) (G1 Evacuation Pause) 136M->137M(256M) 30.034ms
[2020-01-29T22:12:08.473+0300][159.914s][info ][gc] GC(5418) Pause Young (Normal) (G1 Evacuation Pause) 165M->166M(256M) 36.415ms
[2020-01-29T22:12:08.529+0300][159.969s][info ][gc] GC(5419) Pause Young (Normal) (G1 Evacuation Pause) 205M->206M(256M) 33.355ms
[2020-01-29T22:12:08.561+0300][160.001s][info ][gc] GC(5420) Pause Young (Normal) (G1 Evacuation Pause) 215M->215M(256M) 27.467ms
[2020-01-29T22:12:08.563+0300][160.003s][info ][gc] GC(5414) Pause Cleanup 219M->219M(256M) 0.054ms
[2020-01-29T22:12:08.563+0300][160.003s][info ][gc] GC(5414) Concurrent Cycle 234.153ms
[2020-01-29T22:12:08.591+0300][160.031s][info ][gc] GC(5421) Pause Young (Normal) (G1 Evacuation Pause) 225M->226M(256M) 25.371ms
[2020-01-29T22:12:08.603+0300][160.043s][info ][gc] GC(5422) Pause Young (Concurrent Start) (G1 Evacuation Pause) 236M->237M(256M) 8.235ms
[2020-01-29T22:12:08.603+0300][160.043s][info ][gc] GC(5423) Concurrent Cycle
[2020-01-29T22:12:08.622+0300][160.062s][info ][gc] GC(5424) To-space exhausted
[2020-01-29T22:12:08.622+0300][160.062s][info ][gc] GC(5424) Pause Young (Normal) (G1 Evacuation Pause) 247M->251M(256M) 11.978ms
[2020-01-29T22:12:08.634+0300][160.074s][info ][gc] GC(5425) To-space exhausted
[2020-01-29T22:12:08.634+0300][160.074s][info ][gc] GC(5425) Pause Young (Normal) (G1 Evacuation Pause) 255M->255M(256M) 10.880ms
[2020-01-29T22:12:08.634+0300][160.074s][debug][gc] GC(5426) Clear Next Bitmap 0.082ms
[2020-01-29T22:12:08.676+0300][160.116s][info ][gc] GC(5426) Pause Full (G1 Evacuation Pause) 255M->78M(256M) 41.565ms
[2020-01-29T22:12:08.676+0300][160.116s][info ][gc] GC(5423) Concurrent Cycle 73.107ms
[2020-01-29T22:12:08.720+0300][160.160s][info ][gc] GC(5427) Pause Young (Normal) (G1 Evacuation Pause) 125M->125M(256M) 25.830ms
[2020-01-29T22:12:08.745+0300][160.185s][info ][gc] GC(5428) Pause Young (Concurrent Start) (G1 Humongous Allocation) 136M->137M(256M) 10.106ms
[2020-01-29T22:12:08.745+0300][160.185s][info ][gc] GC(5429) Concurrent Cycle
[2020-01-29T22:12:08.777+0300][160.217s][info ][gc] GC(5430) Pause Young (Normal) (G1 Evacuation Pause) 185M->186M(256M) 19.827ms
[2020-01-29T22:12:08.779+0300][160.219s][debug][gc] GC(5429) Reclaimed 115 empty regions
[2020-01-29T22:12:08.779+0300][160.219s][info ][gc] GC(5429) Pause Remark 188M->75M(256M) 0.805ms
[2020-01-29T22:12:08.795+0300][160.235s][info ][gc] GC(5431) Pause Young (Normal) (G1 Evacuation Pause) 85M->86M(256M) 11.479ms
[2020-01-29T22:12:08.845+0300][160.285s][info ][gc] GC(5432) Pause Young (Normal) (G1 Evacuation Pause) 130M->131M(256M) 32.826ms
[2020-01-29T22:12:08.909+0300][160.349s][info ][gc] GC(5433) Pause Young (Normal) (G1 Evacuation Pause) 181M->182M(256M) 40.567ms
[2020-01-29T22:12:08.914+0300][160.355s][info ][gc] GC(5429) Pause Cleanup 196M->196M(256M) 0.045ms
[2020-01-29T22:12:08.944+0300][160.384s][info ][gc] GC(5434) Pause Young (Normal) (G1 Evacuation Pause) 196M->197M(256M) 29.391ms
[2020-01-29T22:12:08.944+0300][160.384s][info ][gc] GC(5429) Concurrent Cycle 198.993ms
[2020-01-29T22:12:08.957+0300][160.397s][info ][gc] GC(5435) Pause Young (Normal) (G1 Evacuation Pause) 207M->208M(256M) 8.784ms
[2020-01-29T22:12:08.969+0300][160.409s][info ][gc] GC(5436) Pause Young (Concurrent Start) (G1 Evacuation Pause) 218M->219M(256M) 8.371ms
[2020-01-29T22:12:08.969+0300][160.409s][info ][gc] GC(5437) Concurrent Cycle
[2020-01-29T22:12:08.984+0300][160.424s][info ][gc] GC(5438) Pause Young (Normal) (G1 Evacuation Pause) 229M->230M(256M) 8.134ms
[2020-01-29T22:12:08.996+0300][160.436s][info ][gc] GC(5439) Pause Young (Normal) (G1 Evacuation Pause) 240M->241M(256M) 7.806ms
[2020-01-29T22:12:09.014+0300][160.454s][info ][gc] GC(5440) To-space exhausted
[2020-01-29T22:12:09.015+0300][160.454s][info ][gc] GC(5440) Pause Young (Normal) (G1 Evacuation Pause) 251M->254M(256M) 14.173ms
[2020-01-29T22:12:09.022+0300][160.462s][info ][gc] GC(5441) To-space exhausted
[2020-01-29T22:12:09.022+0300][160.462s][info ][gc] GC(5441) Pause Young (Normal) (G1 Evacuation Pause) 255M->255M(256M) 6.917ms
[2020-01-29T22:12:09.022+0300][160.462s][debug][gc] GC(5442) Clear Next Bitmap 0.059ms
[2020-01-29T22:12:09.070+0300][160.510s][info ][gc] GC(5442) Pause Full (G1 Evacuation Pause) 255M->86M(256M) 47.715ms
[2020-01-29T22:12:09.070+0300][160.510s][info ][gc] GC(5437) Concurrent Cycle 100.584ms
[2020-01-29T22:12:09.112+0300][160.551s][info ][gc] GC(5443) Pause Young (Normal) (G1 Evacuation Pause) 130M->130M(256M) 24.395ms
[2020-01-29T22:12:09.130+0300][160.571s][info ][gc] GC(5444) Pause Young (Concurrent Start) (G1 Humongous Allocation) 136M->137M(256M) 6.784ms
[2020-01-29T22:12:09.130+0300][160.571s][info ][gc] GC(5445) Concurrent Cycle
[2020-01-29T22:12:09.141+0300][160.582s][debug][gc] GC(5445) Reclaimed 123 empty regions
[2020-01-29T22:12:09.141+0300][160.582s][info ][gc] GC(5445) Pause Remark 181M->61M(256M) 0.645ms
[2020-01-29T22:12:09.160+0300][160.601s][info ][gc] GC(5446) Pause Young (Normal) (G1 Evacuation Pause) 64M->60M(256M) 17.186ms
[2020-01-29T22:12:09.179+0300][160.619s][info ][gc] GC(5445) Pause Cleanup 108M->108M(256M) 0.036ms
[2020-01-29T22:12:09.179+0300][160.619s][info ][gc] GC(5445) Concurrent Cycle 48.217ms
[2020-01-29T22:12:09.221+0300][160.662s][info ][gc] GC(5447) Pause Young (Normal) (G1 Evacuation Pause) 113M->114M(256M) 40.333ms
[2020-01-29T22:12:09.269+0300][160.710s][info ][gc] GC(5448) Pause Young (Concurrent Start) (G1 Humongous Allocation) 149M->150M(256M) 23.743ms
[2020-01-29T22:12:09.269+0300][160.710s][info ][gc] GC(5449) Concurrent Cycle
[2020-01-29T22:12:09.311+0300][160.751s][info ][gc] GC(5450) Pause Young (Normal) (G1 Evacuation Pause) 194M->195M(256M) 18.472ms
[2020-01-29T22:12:09.315+0300][160.756s][debug][gc] GC(5449) Reclaimed 102 empty regions
[2020-01-29T22:12:09.315+0300][160.756s][info ][gc] GC(5449) Pause Remark 205M->103M(256M) 0.643ms
[2020-01-29T22:12:09.325+0300][160.765s][info ][gc] GC(5451) Pause Young (Normal) (G1 Evacuation Pause) 103M->104M(256M) 9.371ms
[2020-01-29T22:12:09.367+0300][160.807s][info ][gc] GC(5452) Pause Young (Normal) (G1 Evacuation Pause) 143M->144M(256M) 26.633ms
[2020-01-29T22:12:09.410+0300][160.850s][info ][gc] GC(5453) Pause Young (Normal) (G1 Evacuation Pause) 170M->171M(256M) 32.652ms
[2020-01-29T22:12:09.461+0300][160.901s][info ][gc] GC(5454) Pause Young (Normal) (G1 Evacuation Pause) 209M->210M(256M) 32.035ms
[2020-01-29T22:12:09.507+0300][160.948s][info ][gc] GC(5455) Pause Young (Normal) (G1 Evacuation Pause) 219M->220M(256M) 23.940ms
[2020-01-29T22:12:09.509+0300][160.949s][info ][gc] GC(5449) Pause Cleanup 223M->223M(256M) 0.058ms
[2020-01-29T22:12:09.509+0300][160.950s][info ][gc] GC(5449) Concurrent Cycle 239.847ms
[2020-01-29T22:12:09.532+0300][160.973s][info ][gc] GC(5456) Pause Young (Normal) (G1 Evacuation Pause) 230M->230M(256M) 20.892ms
[2020-01-29T22:12:09.545+0300][160.985s][info ][gc] GC(5457) Pause Young (Concurrent Start) (G1 Evacuation Pause) 240M->241M(256M) 8.268ms
[2020-01-29T22:12:09.545+0300][160.985s][info ][gc] GC(5458) Concurrent Cycle
[2020-01-29T22:12:09.566+0300][161.006s][info ][gc] GC(5459) To-space exhausted
[2020-01-29T22:12:09.566+0300][161.006s][info ][gc] GC(5459) Pause Young (Normal) (G1 Evacuation Pause) 251M->254M(256M) 14.780ms
[2020-01-29T22:12:09.573+0300][161.014s][info ][gc] GC(5460) To-space exhausted
[2020-01-29T22:12:09.573+0300][161.014s][info ][gc] GC(5460) Pause Young (Normal) (G1 Evacuation Pause) 255M->255M(256M) 6.997ms
[2020-01-29T22:12:09.574+0300][161.014s][debug][gc] GC(5461) Clear Next Bitmap 0.070ms
[2020-01-29T22:12:09.608+0300][161.049s][info ][gc] GC(5461) Pause Full (G1 Evacuation Pause) 255M->63M(256M) 34.816ms
[2020-01-29T22:12:09.609+0300][161.049s][info ][gc] GC(5458) Concurrent Cycle 63.695ms
[2020-01-29T22:12:09.656+0300][161.097s][info ][gc] GC(5462) Pause Young (Normal) (G1 Evacuation Pause) 114M->114M(256M) 27.736ms
[2020-01-29T22:12:09.693+0300][161.133s][info ][gc] GC(5463) Pause Young (Concurrent Start) (G1 Humongous Allocation) 136M->137M(256M) 17.290ms
[2020-01-29T22:12:09.693+0300][161.133s][info ][gc] GC(5464) Concurrent Cycle
[2020-01-29T22:12:09.729+0300][161.169s][info ][gc] GC(5465) Pause Young (Normal) (G1 Evacuation Pause) 185M->185M(256M) 20.282ms
[2020-01-29T22:12:09.733+0300][161.173s][debug][gc] GC(5464) Reclaimed 103 empty regions
[2020-01-29T22:12:09.733+0300][161.173s][info ][gc] GC(5464) Pause Remark 195M->94M(256M) 0.655ms
[2020-01-29T22:12:09.746+0300][161.186s][info ][gc] GC(5466) Pause Young (Normal) (G1 Evacuation Pause) 97M->98M(256M) 11.238ms
[2020-01-29T22:12:09.792+0300][161.231s][info ][gc] GC(5467) Pause Young (Normal) (G1 Evacuation Pause) 138M->139M(256M) 29.936ms
[2020-01-29T22:12:09.839+0300][161.279s][info ][gc] GC(5468) Pause Young (Normal) (G1 Evacuation Pause) 167M->168M(256M) 36.110ms
[2020-01-29T22:12:09.890+0300][161.330s][info ][gc] GC(5469) Pause Young (Normal) (G1 Evacuation Pause) 207M->208M(256M) 32.320ms
[2020-01-29T22:12:09.920+0300][161.361s][info ][gc] GC(5470) Pause Young (Normal) (G1 Evacuation Pause) 217M->218M(256M) 26.912ms
[2020-01-29T22:12:09.954+0300][161.394s][info ][gc] GC(5471) Pause Young (Normal) (G1 Evacuation Pause) 228M->228M(256M) 28.512ms
[2020-01-29T22:12:09.956+0300][161.397s][info ][gc] GC(5464) Pause Cleanup 234M->234M(256M) 0.058ms
[2020-01-29T22:12:09.956+0300][161.397s][info ][gc] GC(5464) Concurrent Cycle 263.738ms
[2020-01-29T22:12:09.985+0300][161.425s][info ][gc] GC(5472) Pause Young (Normal) (G1 Evacuation Pause) 238M->239M(256M) 26.495ms
[2020-01-29T22:12:10.002+0300][161.443s][info ][gc] GC(5473) To-space exhausted
[2020-01-29T22:12:10.002+0300][161.443s][info ][gc] GC(5473) Pause Young (Concurrent Start) (G1 Evacuation Pause) 249M->251M(256M) 13.657ms
[2020-01-29T22:12:10.002+0300][161.443s][info ][gc] GC(5474) Concurrent Cycle
[2020-01-29T22:12:10.017+0300][161.457s][info ][gc] GC(5475) To-space exhausted
[2020-01-29T22:12:10.017+0300][161.458s][info ][gc] GC(5475) Pause Young (Normal) (G1 Evacuation Pause) 255M->255M(256M) 11.345ms
[2020-01-29T22:12:10.017+0300][161.458s][debug][gc] GC(5476) Clear Next Bitmap 0.091ms
[2020-01-29T22:12:10.058+0300][161.498s][info ][gc] GC(5476) Pause Full (G1 Evacuation Pause) 255M->77M(256M) 40.558ms
[2020-01-29T22:12:10.058+0300][161.498s][info ][gc] GC(5474) Concurrent Cycle 55.724ms
[2020-01-29T22:12:10.103+0300][161.543s][info ][gc] GC(5477) Pause Young (Normal) (G1 Evacuation Pause) 125M->125M(256M) 25.975ms
[2020-01-29T22:12:10.129+0300][161.569s][info ][gc] GC(5478) Pause Young (Concurrent Start) (G1 Humongous Allocation) 136M->137M(256M) 10.283ms
[2020-01-29T22:12:10.129+0300][161.569s][info ][gc] GC(5479) Concurrent Cycle
[2020-01-29T22:12:10.162+0300][161.601s][info ][gc] GC(5480) Pause Young (Normal) (G1 Evacuation Pause) 185M->186M(256M) 20.051ms
[2020-01-29T22:12:10.163+0300][161.603s][debug][gc] GC(5479) Reclaimed 116 empty regions
[2020-01-29T22:12:10.163+0300][161.603s][info ][gc] GC(5479) Pause Remark 188M->74M(256M) 0.638ms
[2020-01-29T22:12:10.179+0300][161.619s][info ][gc] GC(5481) Pause Young (Normal) (G1 Evacuation Pause) 84M->85M(256M) 11.568ms
[2020-01-29T22:12:10.230+0300][161.670s][info ][gc] GC(5482) Pause Young (Normal) (G1 Evacuation Pause) 130M->131M(256M) 33.599ms
[2020-01-29T22:12:10.294+0300][161.734s][info ][gc] GC(5483) Pause Young (Normal) (G1 Evacuation Pause) 181M->182M(256M) 39.929ms
[2020-01-29T22:12:10.298+0300][161.738s][info ][gc] GC(5479) Pause Cleanup 192M->192M(256M) 0.042ms
[2020-01-29T22:12:10.298+0300][161.738s][info ][gc] GC(5479) Concurrent Cycle 169.488ms
[2020-01-29T22:12:10.329+0300][161.769s][info ][gc] GC(5484) Pause Young (Normal) (G1 Evacuation Pause) 196M->197M(256M) 29.362ms
[2020-01-29T22:12:10.342+0300][161.782s][info ][gc] GC(5485) Pause Young (Concurrent Start) (G1 Evacuation Pause) 207M->207M(256M) 8.768ms
[2020-01-29T22:12:10.342+0300][161.782s][info ][gc] GC(5486) Concurrent Cycle
[2020-01-29T22:12:10.357+0300][161.797s][info ][gc] GC(5487) Pause Young (Normal) (G1 Evacuation Pause) 217M->218M(256M) 8.245ms
[2020-01-29T22:12:10.370+0300][161.810s][info ][gc] GC(5488) Pause Young (Normal) (G1 Evacuation Pause) 228M->229M(256M) 7.882ms
[2020-01-29T22:12:10.382+0300][161.822s][info ][gc] GC(5489) Pause Young (Normal) (G1 Evacuation Pause) 239M->240M(256M) 7.845ms
[2020-01-29T22:12:10.401+0300][161.841s][info ][gc] GC(5490) To-space exhausted
[2020-01-29T22:12:10.401+0300][161.841s][info ][gc] GC(5490) Pause Young (Normal) (G1 Evacuation Pause) 250M->253M(256M) 14.361ms
[2020-01-29T22:12:10.410+0300][161.850s][info ][gc] GC(5491) To-space exhausted
[2020-01-29T22:12:10.411+0300][161.850s][info ][gc] GC(5491) Pause Young (Normal) (G1 Evacuation Pause) 255M->255M(256M) 8.251ms
[2020-01-29T22:12:10.411+0300][161.850s][debug][gc] GC(5492) Clear Next Bitmap 0.076ms
[2020-01-29T22:12:10.458+0300][161.899s][info ][gc] GC(5492) Pause Full (G1 Evacuation Pause) 255M->88M(256M) 48.380ms
[2020-01-29T22:12:10.458+0300][161.899s][info ][gc] GC(5486) Concurrent Cycle 116.579ms
[2020-01-29T22:12:10.502+0300][161.942s][info ][gc] GC(5493) Pause Young (Normal) (G1 Evacuation Pause) 132M->132M(256M) 25.861ms
[2020-01-29T22:12:10.522+0300][161.962s][info ][gc] GC(5494) Pause Young (Concurrent Start) (G1 Humongous Allocation) 136M->138M(256M) 7.008ms
[2020-01-29T22:12:10.522+0300][161.962s][info ][gc] GC(5495) Concurrent Cycle
[2020-01-29T22:12:10.531+0300][161.971s][debug][gc] GC(5495) Reclaimed 123 empty regions
[2020-01-29T22:12:10.531+0300][161.971s][info ][gc] GC(5495) Pause Remark 178M->56M(256M) 0.645ms
[2020-01-29T22:12:10.553+0300][161.992s][info ][gc] GC(5496) Pause Young (Normal) (G1 Evacuation Pause) 64M->61M(256M) 18.062ms
[2020-01-29T22:12:10.568+0300][162.008s][info ][gc] GC(5495) Pause Cleanup 102M->102M(256M) 0.036ms
[2020-01-29T22:12:10.569+0300][162.008s][info ][gc] GC(5495) Concurrent Cycle 46.904ms
[2020-01-29T22:12:10.615+0300][162.055s][info ][gc] GC(5497) Pause Young (Normal) (G1 Evacuation Pause) 114M->115M(256M) 41.467ms
[2020-01-29T22:12:10.661+0300][162.102s][info ][gc] GC(5498) Pause Young (Concurrent Start) (G1 Humongous Allocation) 149M->150M(256M) 23.810ms
[2020-01-29T22:12:10.661+0300][162.102s][info ][gc] GC(5499) Concurrent Cycle
[2020-01-29T22:12:10.702+0300][162.143s][info ][gc] GC(5500) Pause Young (Normal) (G1 Evacuation Pause) 194M->195M(256M) 18.499ms
[2020-01-29T22:12:10.715+0300][162.155s][info ][gc] GC(5501) Pause Young (Normal) (G1 Evacuation Pause) 205M->205M(256M) 8.472ms
[2020-01-29T22:12:10.716+0300][162.156s][debug][gc] GC(5499) Reclaimed 101 empty regions
[2020-01-29T22:12:10.716+0300][162.156s][info ][gc] GC(5499) Pause Remark 205M->104M(256M) 0.650ms
[2020-01-29T22:12:10.727+0300][162.167s][info ][gc] GC(5502) Pause Young (Normal) (G1 Evacuation Pause) 114M->115M(256M) 7.080ms
[2020-01-29T22:12:10.765+0300][162.206s][info ][gc] GC(5503) Pause Young (Normal) (G1 Evacuation Pause) 150M->151M(256M) 24.553ms
[2020-01-29T22:12:10.804+0300][162.244s][info ][gc] GC(5504) Pause Young (Normal) (G1 Evacuation Pause) 175M->175M(256M) 29.358ms
[2020-01-29T22:12:10.850+0300][162.290s][info ][gc] GC(5505) Pause Young (Normal) (G1 Evacuation Pause) 211M->212M(256M) 28.111ms
[2020-01-29T22:12:10.878+0300][162.318s][info ][gc] GC(5506) Pause Young (Normal) (G1 Evacuation Pause) 221M->223M(256M) 23.780ms
[2020-01-29T22:12:10.907+0300][162.347s][info ][gc] GC(5507) Pause Young (Normal) (G1 Evacuation Pause) 233M->233M(256M) 24.736ms
[2020-01-29T22:12:10.938+0300][162.378s][info ][gc] GC(5508) To-space exhausted
[2020-01-29T22:12:10.938+0300][162.378s][info ][gc] GC(5508) Pause Young (Normal) (G1 Evacuation Pause) 243M->244M(256M) 27.042ms
[2020-01-29T22:12:10.978+0300][162.418s][info ][gc] GC(5509) To-space exhausted
[2020-01-29T22:12:10.978+0300][162.418s][info ][gc] GC(5509) Pause Young (Normal) (G1 Evacuation Pause) 254M->255M(256M) 35.638ms
[2020-01-29T22:12:10.978+0300][162.418s][debug][gc] GC(5510) Clear Next Bitmap 0.057ms
[2020-01-29T22:12:11.011+0300][162.452s][info ][gc] GC(5510) Pause Full (G1 Evacuation Pause) 255M->64M(256M) 33.590ms
[2020-01-29T22:12:11.011+0300][162.452s][info ][gc] GC(5499) Concurrent Cycle 349.723ms
[2020-01-29T22:12:11.060+0300][162.500s][info ][gc] GC(5511) Pause Young (Normal) (G1 Evacuation Pause) 115M->115M(256M) 28.604ms
[2020-01-29T22:12:11.095+0300][162.535s][info ][gc] GC(5512) Pause Young (Concurrent Start) (G1 Humongous Allocation) 137M->137M(256M) 16.061ms
[2020-01-29T22:12:11.095+0300][162.535s][info ][gc] GC(5513) Concurrent Cycle
[2020-01-29T22:12:11.130+0300][162.570s][info ][gc] GC(5514) Pause Young (Normal) (G1 Evacuation Pause) 185M->186M(256M) 20.291ms
[2020-01-29T22:12:11.135+0300][162.575s][debug][gc] GC(5513) Reclaimed 105 empty regions
[2020-01-29T22:12:11.135+0300][162.575s][info ][gc] GC(5513) Pause Remark 196M->93M(256M) 0.635ms
[2020-01-29T22:12:11.146+0300][162.586s][info ][gc] GC(5515) Pause Young (Normal) (G1 Evacuation Pause) 95M->96M(256M) 9.691ms
[2020-01-29T22:12:11.192+0300][162.632s][info ][gc] GC(5516) Pause Young (Normal) (G1 Evacuation Pause) 137M->138M(256M) 29.712ms
[2020-01-29T22:12:11.241+0300][162.681s][info ][gc] GC(5517) Pause Young (Normal) (G1 Evacuation Pause) 166M->167M(256M) 38.543ms
[2020-01-29T22:12:11.296+0300][162.736s][info ][gc] GC(5518) Pause Young (Normal) (G1 Evacuation Pause) 206M->207M(256M) 35.666ms
[2020-01-29T22:12:11.330+0300][162.770s][info ][gc] GC(5519) Pause Young (Normal) (G1 Evacuation Pause) 216M->216M(256M) 29.258ms
[2020-01-29T22:12:11.365+0300][162.805s][info ][gc] GC(5520) Pause Young (Normal) (G1 Evacuation Pause) 226M->227M(256M) 30.114ms
[2020-01-29T22:12:11.366+0300][162.807s][info ][gc] GC(5513) Pause Cleanup 232M->232M(256M) 0.046ms
[2020-01-29T22:12:11.367+0300][162.807s][info ][gc] GC(5513) Concurrent Cycle 272.124ms
[2020-01-29T22:12:11.397+0300][162.837s][info ][gc] GC(5521) Pause Young (Normal) (G1 Evacuation Pause) 237M->237M(256M) 28.359ms
[2020-01-29T22:12:11.414+0300][162.854s][info ][gc] GC(5522) To-space exhausted
[2020-01-29T22:12:11.414+0300][162.854s][info ][gc] GC(5522) Pause Young (Concurrent Start) (G1 Evacuation Pause) 247M->250M(256M) 12.930ms
[2020-01-29T22:12:11.414+0300][162.854s][info ][gc] GC(5523) Concurrent Cycle
[2020-01-29T22:12:11.430+0300][162.870s][info ][gc] GC(5524) To-space exhausted
[2020-01-29T22:12:11.430+0300][162.870s][info ][gc] GC(5524) Pause Young (Normal) (G1 Evacuation Pause) 255M->255M(256M) 11.715ms
[2020-01-29T22:12:11.430+0300][162.871s][debug][gc] GC(5525) Clear Next Bitmap 0.084ms
[2020-01-29T22:12:11.472+0300][162.912s][info ][gc] GC(5525) Pause Full (G1 Evacuation Pause) 255M->78M(256M) 41.174ms
[2020-01-29T22:12:11.472+0300][162.912s][info ][gc] GC(5523) Concurrent Cycle 57.498ms
[2020-01-29T22:12:11.519+0300][162.959s][info ][gc] GC(5526) Pause Young (Normal) (G1 Evacuation Pause) 125M->125M(256M) 28.079ms
[2020-01-29T22:12:11.544+0300][162.984s][info ][gc] GC(5527) Pause Young (Concurrent Start) (G1 Humongous Allocation) 136M->137M(256M) 10.333ms
[2020-01-29T22:12:11.544+0300][162.984s][info ][gc] GC(5528) Concurrent Cycle
[2020-01-29T22:12:11.575+0300][163.016s][info ][gc] GC(5529) Pause Young (Normal) (G1 Evacuation Pause) 185M->186M(256M) 20.009ms
[2020-01-29T22:12:11.577+0300][163.018s][debug][gc] GC(5528) Reclaimed 116 empty regions
[2020-01-29T22:12:11.577+0300][163.018s][info ][gc] GC(5528) Pause Remark 189M->75M(256M) 0.663ms
[2020-01-29T22:12:11.591+0300][163.031s][info ][gc] GC(5530) Pause Young (Normal) (G1 Evacuation Pause) 84M->85M(256M) 9.904ms
[2020-01-29T22:12:11.642+0300][163.082s][info ][gc] GC(5531) Pause Young (Normal) (G1 Evacuation Pause) 130M->131M(256M) 32.998ms
[2020-01-29T22:12:11.705+0300][163.145s][info ][gc] GC(5532) Pause Young (Normal) (G1 Evacuation Pause) 181M->182M(256M) 40.175ms
[2020-01-29T22:12:11.710+0300][163.150s][info ][gc] GC(5528) Pause Cleanup 193M->193M(256M) 0.051ms
[2020-01-29T22:12:11.710+0300][163.151s][info ][gc] GC(5528) Concurrent Cycle 166.825ms
[2020-01-29T22:12:11.744+0300][163.184s][info ][gc] GC(5533) Pause Young (Normal) (G1 Evacuation Pause) 196M->196M(256M) 31.940ms
[2020-01-29T22:12:11.756+0300][163.196s][info ][gc] GC(5534) Pause Young (Concurrent Start) (G1 Evacuation Pause) 206M->207M(256M) 8.223ms
[2020-01-29T22:12:11.756+0300][163.196s][info ][gc] GC(5535) Concurrent Cycle
[2020-01-29T22:12:11.770+0300][163.210s][info ][gc] GC(5536) Pause Young (Normal) (G1 Evacuation Pause) 217M->218M(256M) 7.460ms
[2020-01-29T22:12:11.782+0300][163.222s][info ][gc] GC(5537) Pause Young (Normal) (G1 Evacuation Pause) 228M->228M(256M) 7.805ms
[2020-01-29T22:12:11.795+0300][163.235s][info ][gc] GC(5538) Pause Young (Normal) (G1 Evacuation Pause) 238M->239M(256M) 8.162ms
[2020-01-29T22:12:11.811+0300][163.251s][info ][gc] GC(5539) To-space exhausted
[2020-01-29T22:12:11.811+0300][163.251s][info ][gc] GC(5539) Pause Young (Normal) (G1 Evacuation Pause) 249M->251M(256M) 12.217ms
[2020-01-29T22:12:11.824+0300][163.264s][info ][gc] GC(5540) To-space exhausted
[2020-01-29T22:12:11.824+0300][163.264s][info ][gc] GC(5540) Pause Young (Normal) (G1 Evacuation Pause) 255M->255M(256M) 10.958ms
[2020-01-29T22:12:11.824+0300][163.264s][debug][gc] GC(5541) Clear Next Bitmap 0.083ms
[2020-01-29T22:12:11.872+0300][163.312s][info ][gc] GC(5541) Pause Full (G1 Evacuation Pause) 255M->89M(256M) 47.807ms
[2020-01-29T22:12:11.872+0300][163.312s][info ][gc] GC(5535) Concurrent Cycle 115.762ms
[2020-01-29T22:12:11.913+0300][163.353s][info ][gc] GC(5542) Pause Young (Normal) (G1 Evacuation Pause) 133M->133M(256M) 24.418ms
[2020-01-29T22:12:11.931+0300][163.371s][info ][gc] GC(5543) Pause Young (Concurrent Start) (G1 Humongous Allocation) 136M->138M(256M) 6.169ms
[2020-01-29T22:12:11.931+0300][163.371s][info ][gc] GC(5544) Concurrent Cycle
[2020-01-29T22:12:11.940+0300][163.381s][debug][gc] GC(5544) Reclaimed 123 empty regions
[2020-01-29T22:12:11.940+0300][163.381s][info ][gc] GC(5544) Pause Remark 178M->57M(256M) 0.641ms
[2020-01-29T22:12:11.962+0300][163.402s][info ][gc] GC(5545) Pause Young (Normal) (G1 Evacuation Pause) 65M->63M(256M) 17.910ms
[2020-01-29T22:12:11.977+0300][163.417s][info ][gc] GC(5544) Pause Cleanup 102M->102M(256M) 0.039ms
[2020-01-29T22:12:11.977+0300][163.418s][info ][gc] GC(5544) Concurrent Cycle 46.508ms
[2020-01-29T22:12:12.023+0300][163.463s][info ][gc] GC(5546) Pause Young (Normal) (G1 Evacuation Pause) 115M->115M(256M) 40.419ms
[2020-01-29T22:12:12.070+0300][163.510s][info ][gc] GC(5547) Pause Young (Concurrent Start) (G1 Humongous Allocation) 150M->151M(256M) 23.312ms
[2020-01-29T22:12:12.070+0300][163.510s][info ][gc] GC(5548) Concurrent Cycle
[2020-01-29T22:12:12.111+0300][163.550s][info ][gc] GC(5549) Pause Young (Normal) (G1 Evacuation Pause) 195M->195M(256M) 18.227ms
[2020-01-29T22:12:12.115+0300][163.555s][debug][gc] GC(5548) Reclaimed 102 empty regions
[2020-01-29T22:12:12.115+0300][163.555s][info ][gc] GC(5548) Pause Remark 205M->103M(256M) 0.652ms
[2020-01-29T22:12:12.127+0300][163.567s][info ][gc] GC(5550) Pause Young (Normal) (G1 Evacuation Pause) 103M->104M(256M) 11.531ms
[2020-01-29T22:12:12.169+0300][163.609s][info ][gc] GC(5551) Pause Young (Normal) (G1 Evacuation Pause) 143M->144M(256M) 27.080ms
[2020-01-29T22:12:12.212+0300][163.652s][info ][gc] GC(5552) Pause Young (Normal) (G1 Evacuation Pause) 170M->171M(256M) 32.628ms
[2020-01-29T22:12:12.261+0300][163.701s][info ][gc] GC(5553) Pause Young (Normal) (G1 Evacuation Pause) 209M->210M(256M) 29.853ms
[2020-01-29T22:12:12.289+0300][163.729s][info ][gc] GC(5554) Pause Young (Normal) (G1 Evacuation Pause) 219M->221M(256M) 24.344ms
[2020-01-29T22:12:12.318+0300][163.759s][info ][gc] GC(5555) Pause Young (Normal) (G1 Evacuation Pause) 231M->231M(256M) 25.336ms
[2020-01-29T22:12:12.349+0300][163.789s][info ][gc] GC(5556) Pause Young (Normal) (G1 Evacuation Pause) 241M->242M(256M) 26.617ms
[2020-01-29T22:12:12.389+0300][163.829s][info ][gc] GC(5557) To-space exhausted
[2020-01-29T22:12:12.389+0300][163.829s][info ][gc] GC(5557) Pause Young (Normal) (G1 Evacuation Pause) 252M->255M(256M) 35.395ms
[2020-01-29T22:12:12.389+0300][163.829s][debug][gc] GC(5558) Clear Next Bitmap 0.065ms
[2020-01-29T22:12:12.421+0300][163.861s][info ][gc] GC(5558) Pause Full (G1 Evacuation Pause) 255M->63M(256M) 31.623ms
[2020-01-29T22:12:12.421+0300][163.861s][info ][gc] GC(5548) Concurrent Cycle 350.917ms
[2020-01-29T22:12:12.471+0300][163.910s][info ][gc] GC(5559) Pause Young (Normal) (G1 Evacuation Pause) 115M->115M(256M) 28.919ms
[2020-01-29T22:12:12.508+0300][163.948s][info ][gc] GC(5560) Pause Young (Concurrent Start) (G1 Humongous Allocation) 137M->137M(256M) 18.516ms
[2020-01-29T22:12:12.508+0300][163.948s][info ][gc] GC(5561) Concurrent Cycle
[2020-01-29T22:12:12.543+0300][163.983s][info ][gc] GC(5562) Pause Young (Normal) (G1 Evacuation Pause) 185M->186M(256M) 20.544ms
[2020-01-29T22:12:12.547+0300][163.988s][debug][gc] GC(5561) Reclaimed 104 empty regions
[2020-01-29T22:12:12.547+0300][163.988s][info ][gc] GC(5561) Pause Remark 196M->93M(256M) 0.668ms
[2020-01-29T22:12:12.560+0300][164.001s][info ][gc] GC(5563) Pause Young (Normal) (G1 Evacuation Pause) 96M->97M(256M) 11.124ms
[2020-01-29T22:12:12.607+0300][164.048s][info ][gc] GC(5564) Pause Young (Normal) (G1 Evacuation Pause) 138M->139M(256M) 30.768ms
[2020-01-29T22:12:12.655+0300][164.095s][info ][gc] GC(5565) Pause Young (Normal) (G1 Evacuation Pause) 167M->168M(256M) 36.495ms
[2020-01-29T22:12:12.706+0300][164.146s][info ][gc] GC(5566) Pause Young (Normal) (G1 Evacuation Pause) 207M->208M(256M) 31.678ms
[2020-01-29T22:12:12.737+0300][164.177s][info ][gc] GC(5567) Pause Young (Normal) (G1 Evacuation Pause) 217M->217M(256M) 26.855ms
[2020-01-29T22:12:12.768+0300][164.208s][info ][gc] GC(5568) Pause Young (Normal) (G1 Evacuation Pause) 227M->227M(256M) 26.736ms
[2020-01-29T22:12:12.771+0300][164.211s][info ][gc] GC(5561) Pause Cleanup 234M->234M(256M) 0.047ms
[2020-01-29T22:12:12.772+0300][164.212s][info ][gc] GC(5561) Concurrent Cycle 263.696ms
[2020-01-29T22:12:12.799+0300][164.239s][info ][gc] GC(5569) Pause Young (Normal) (G1 Evacuation Pause) 237M->238M(256M) 26.174ms
[2020-01-29T22:12:12.816+0300][164.256s][info ][gc] GC(5570) To-space exhausted
[2020-01-29T22:12:12.816+0300][164.256s][info ][gc] GC(5570) Pause Young (Concurrent Start) (G1 Evacuation Pause) 248M->250M(256M) 13.291ms
[2020-01-29T22:12:12.816+0300][164.256s][info ][gc] GC(5571) Concurrent Cycle
[2020-01-29T22:12:12.832+0300][164.272s][info ][gc] GC(5572) To-space exhausted
[2020-01-29T22:12:12.833+0300][164.272s][info ][gc] GC(5572) Pause Young (Normal) (G1 Evacuation Pause) 255M->255M(256M) 12.109ms
[2020-01-29T22:12:12.833+0300][164.273s][debug][gc] GC(5573) Clear Next Bitmap 0.072ms
[2020-01-29T22:12:12.875+0300][164.315s][info ][gc] GC(5573) Pause Full (G1 Evacuation Pause) 255M->79M(256M) 42.370ms
[2020-01-29T22:12:12.875+0300][164.315s][info ][gc] GC(5571) Concurrent Cycle 58.838ms
[2020-01-29T22:12:12.919+0300][164.359s][info ][gc] GC(5574) Pause Young (Normal) (G1 Evacuation Pause) 126M->126M(256M) 25.851ms
[2020-01-29T22:12:12.944+0300][164.384s][info ][gc] GC(5575) Pause Young (Concurrent Start) (G1 Humongous Allocation) 136M->137M(256M) 10.291ms
[2020-01-29T22:12:12.944+0300][164.384s][info ][gc] GC(5576) Concurrent Cycle
[2020-01-29T22:12:12.976+0300][164.416s][info ][gc] GC(5577) Pause Young (Normal) (G1 Evacuation Pause) 185M->186M(256M) 19.878ms
[2020-01-29T22:12:12.977+0300][164.417s][debug][gc] GC(5576) Reclaimed 115 empty regions
[2020-01-29T22:12:12.977+0300][164.417s][info ][gc] GC(5576) Pause Remark 186M->73M(256M) 0.658ms
[2020-01-29T22:12:12.996+0300][164.437s][info ][gc] GC(5578) Pause Young (Normal) (G1 Evacuation Pause) 85M->87M(256M) 14.255ms
[2020-01-29T22:12:13.056+0300][164.496s][info ][gc] GC(5579) Pause Young (Normal) (G1 Evacuation Pause) 131M->131M(256M) 40.688ms
[2020-01-29T22:12:13.120+0300][164.560s][info ][gc] GC(5580) Pause Young (Normal) (G1 Evacuation Pause) 181M->182M(256M) 39.988ms
[2020-01-29T22:12:13.121+0300][164.561s][info ][gc] GC(5576) Pause Cleanup 185M->185M(256M) 0.047ms
[2020-01-29T22:12:13.121+0300][164.562s][info ][gc] GC(5576) Concurrent Cycle 177.084ms
[2020-01-29T22:12:13.155+0300][164.595s][info ][gc] GC(5581) Pause Young (Normal) (G1 Evacuation Pause) 196M->197M(256M) 29.408ms
[2020-01-29T22:12:13.168+0300][164.608s][info ][gc] GC(5582) Pause Young (Concurrent Start) (G1 Evacuation Pause) 207M->208M(256M) 8.822ms
[2020-01-29T22:12:13.168+0300][164.608s][info ][gc] GC(5583) Concurrent Cycle
[2020-01-29T22:12:13.183+0300][164.623s][info ][gc] GC(5584) Pause Young (Normal) (G1 Evacuation Pause) 218M->219M(256M) 8.180ms
[2020-01-29T22:12:13.198+0300][164.638s][info ][gc] GC(5585) Pause Young (Normal) (G1 Evacuation Pause) 229M->230M(256M) 10.938ms
[2020-01-29T22:12:13.210+0300][164.650s][info ][gc] GC(5586) Pause Young (Normal) (G1 Evacuation Pause) 240M->242M(256M) 7.672ms
[2020-01-29T22:12:13.231+0300][164.670s][info ][gc] GC(5587) To-space exhausted
[2020-01-29T22:12:13.231+0300][164.670s][info ][gc] GC(5587) Pause Young (Normal) (G1 Evacuation Pause) 252M->254M(256M) 16.293ms
[2020-01-29T22:12:13.238+0300][164.678s][info ][gc] GC(5588) To-space exhausted
[2020-01-29T22:12:13.238+0300][164.678s][info ][gc] GC(5588) Pause Young (Normal) (G1 Evacuation Pause) 255M->255M(256M) 6.918ms
[2020-01-29T22:12:13.238+0300][164.678s][debug][gc] GC(5589) Clear Next Bitmap 0.071ms
[2020-01-29T22:12:13.288+0300][164.728s][info ][gc] GC(5589) Pause Full (G1 Evacuation Pause) 255M->86M(256M) 50.601ms
[2020-01-29T22:12:13.288+0300][164.729s][info ][gc] GC(5583) Concurrent Cycle 120.776ms
[2020-01-29T22:12:13.330+0300][164.770s][info ][gc] GC(5590) Pause Young (Normal) (G1 Evacuation Pause) 130M->130M(256M) 24.332ms
[2020-01-29T22:12:13.350+0300][164.791s][info ][gc] GC(5591) Pause Young (Concurrent Start) (G1 Humongous Allocation) 136M->137M(256M) 6.798ms
[2020-01-29T22:12:13.350+0300][164.791s][info ][gc] GC(5592) Concurrent Cycle
[2020-01-29T22:12:13.361+0300][164.802s][debug][gc] GC(5592) Reclaimed 122 empty regions
[2020-01-29T22:12:13.361+0300][164.802s][info ][gc] GC(5592) Pause Remark 181M->61M(256M) 0.644ms
[2020-01-29T22:12:13.381+0300][164.821s][info ][gc] GC(5593) Pause Young (Normal) (G1 Evacuation Pause) 65M->62M(256M) 17.732ms
[2020-01-29T22:12:13.399+0300][164.840s][info ][gc] GC(5592) Pause Cleanup 108M->108M(256M) 0.037ms
[2020-01-29T22:12:13.400+0300][164.840s][info ][gc] GC(5592) Concurrent Cycle 49.123ms
[2020-01-29T22:12:13.443+0300][164.883s][info ][gc] GC(5594) Pause Young (Normal) (G1 Evacuation Pause) 114M->115M(256M) 40.454ms
[2020-01-29T22:12:13.492+0300][164.932s][info ][gc] GC(5595) Pause Young (Concurrent Start) (G1 Humongous Allocation) 150M->151M(256M) 24.069ms
[2020-01-29T22:12:13.492+0300][164.932s][info ][gc] GC(5596) Concurrent Cycle
[2020-01-29T22:12:13.534+0300][164.973s][info ][gc] GC(5597) Pause Young (Normal) (G1 Evacuation Pause) 195M->195M(256M) 19.306ms
[2020-01-29T22:12:13.546+0300][164.986s][info ][gc] GC(5598) Pause Young (Normal) (G1 Evacuation Pause) 205M->206M(256M) 8.622ms
[2020-01-29T22:12:13.547+0300][164.987s][debug][gc] GC(5596) Reclaimed 103 empty regions
[2020-01-29T22:12:13.547+0300][164.987s][info ][gc] GC(5596) Pause Remark 207M->104M(256M) 0.641ms
[2020-01-29T22:12:13.560+0300][164.999s][info ][gc] GC(5599) Pause Young (Normal) (G1 Evacuation Pause) 113M->114M(256M) 8.313ms
[2020-01-29T22:12:13.598+0300][165.038s][info ][gc] GC(5600) Pause Young (Normal) (G1 Evacuation Pause) 149M->150M(256M) 24.555ms
[2020-01-29T22:12:13.636+0300][165.076s][info ][gc] GC(5601) Pause Young (Normal) (G1 Evacuation Pause) 174M->174M(256M) 28.837ms
[2020-01-29T22:12:13.686+0300][165.126s][info ][gc] GC(5602) Pause Young (Normal) (G1 Evacuation Pause) 211M->212M(256M) 31.748ms
[2020-01-29T22:12:13.716+0300][165.156s][info ][gc] GC(5603) Pause Young (Normal) (G1 Evacuation Pause) 221M->222M(256M) 25.867ms
[2020-01-29T22:12:13.757+0300][165.197s][info ][gc] GC(5604) Pause Young (Normal) (G1 Evacuation Pause) 232M->233M(256M) 24.314ms
[2020-01-29T22:12:13.790+0300][165.230s][info ][gc] GC(5605) To-space exhausted
[2020-01-29T22:12:13.790+0300][165.230s][info ][gc] GC(5605) Pause Young (Normal) (G1 Evacuation Pause) 243M->244M(256M) 27.157ms
[2020-01-29T22:12:13.829+0300][165.270s][info ][gc] GC(5606) To-space exhausted
[2020-01-29T22:12:13.829+0300][165.270s][info ][gc] GC(5606) Pause Young (Normal) (G1 Evacuation Pause) 254M->255M(256M) 35.552ms
[2020-01-29T22:12:13.829+0300][165.270s][debug][gc] GC(5607) Clear Next Bitmap 0.060ms
[2020-01-29T22:12:13.862+0300][165.303s][info ][gc] GC(5607) Pause Full (G1 Evacuation Pause) 255M->65M(256M) 33.184ms
[2020-01-29T22:12:13.863+0300][165.303s][info ][gc] GC(5596) Concurrent Cycle 371.320ms
[2020-01-29T22:12:13.910+0300][165.350s][info ][gc] GC(5608) Pause Young (Normal) (G1 Evacuation Pause) 116M->116M(256M) 27.245ms
[2020-01-29T22:12:13.944+0300][165.384s][info ][gc] GC(5609) Pause Young (Concurrent Start) (G1 Humongous Allocation) 136M->137M(256M) 15.530ms
[2020-01-29T22:12:13.944+0300][165.384s][info ][gc] GC(5610) Concurrent Cycle
[2020-01-29T22:12:13.979+0300][165.419s][info ][gc] GC(5611) Pause Young (Normal) (G1 Evacuation Pause) 185M->186M(256M) 20.446ms
[2020-01-29T22:12:13.984+0300][165.423s][debug][gc] GC(5610) Reclaimed 105 empty regions
[2020-01-29T22:12:13.984+0300][165.423s][info ][gc] GC(5610) Pause Remark 196M->92M(256M) 0.642ms
[2020-01-29T22:12:13.997+0300][165.437s][info ][gc] GC(5612) Pause Young (Normal) (G1 Evacuation Pause) 95M->96M(256M) 11.581ms
[2020-01-29T22:12:14.043+0300][165.483s][info ][gc] GC(5613) Pause Young (Normal) (G1 Evacuation Pause) 137M->138M(256M) 30.466ms
[2020-01-29T22:12:14.090+0300][165.530s][info ][gc] GC(5614) Pause Young (Normal) (G1 Evacuation Pause) 166M->167M(256M) 36.056ms
[2020-01-29T22:12:14.144+0300][165.583s][info ][gc] GC(5615) Pause Young (Normal) (G1 Evacuation Pause) 206M->208M(256M) 34.548ms
[2020-01-29T22:12:14.177+0300][165.617s][info ][gc] GC(5616) Pause Young (Normal) (G1 Evacuation Pause) 217M->217M(256M) 29.741ms
[2020-01-29T22:12:14.211+0300][165.652s][info ][gc] GC(5617) Pause Young (Normal) (G1 Evacuation Pause) 227M->227M(256M) 30.006ms
[2020-01-29T22:12:14.213+0300][165.654s][info ][gc] GC(5610) Pause Cleanup 232M->232M(256M) 0.056ms
[2020-01-29T22:12:14.214+0300][165.654s][info ][gc] GC(5610) Concurrent Cycle 270.110ms
[2020-01-29T22:12:14.244+0300][165.685s][info ][gc] GC(5618) Pause Young (Normal) (G1 Evacuation Pause) 237M->238M(256M) 28.376ms
[2020-01-29T22:12:14.261+0300][165.702s][info ][gc] GC(5619) To-space exhausted
[2020-01-29T22:12:14.262+0300][165.702s][info ][gc] GC(5619) Pause Young (Concurrent Start) (G1 Evacuation Pause) 248M->250M(256M) 13.323ms
[2020-01-29T22:12:14.262+0300][165.702s][info ][gc] GC(5620) Concurrent Cycle
[2020-01-29T22:12:14.277+0300][165.718s][info ][gc] GC(5621) To-space exhausted
[2020-01-29T22:12:14.277+0300][165.718s][info ][gc] GC(5621) Pause Young (Normal) (G1 Evacuation Pause) 255M->255M(256M) 12.043ms
[2020-01-29T22:12:14.278+0300][165.718s][debug][gc] GC(5622) Clear Next Bitmap 0.082ms
[2020-01-29T22:12:14.319+0300][165.759s][info ][gc] GC(5622) Pause Full (G1 Evacuation Pause) 255M->79M(256M) 41.443ms
[2020-01-29T22:12:14.319+0300][165.760s][info ][gc] GC(5620) Concurrent Cycle 57.565ms
[2020-01-29T22:12:14.363+0300][165.804s][info ][gc] GC(5623) Pause Young (Normal) (G1 Evacuation Pause) 126M->126M(256M) 25.905ms
[2020-01-29T22:12:14.388+0300][165.828s][info ][gc] GC(5624) Pause Young (Concurrent Start) (G1 Humongous Allocation) 136M->137M(256M) 10.456ms
[2020-01-29T22:12:14.388+0300][165.828s][info ][gc] GC(5625) Concurrent Cycle
[2020-01-29T22:12:14.420+0300][165.860s][info ][gc] GC(5626) Pause Young (Normal) (G1 Evacuation Pause) 185M->186M(256M) 20.022ms
[2020-01-29T22:12:14.421+0300][165.861s][debug][gc] GC(5625) Reclaimed 118 empty regions
[2020-01-29T22:12:14.421+0300][165.861s][info ][gc] GC(5625) Pause Remark 187M->71M(256M) 0.669ms
[2020-01-29T22:12:14.436+0300][165.876s][info ][gc] GC(5627) Pause Young (Normal) (G1 Evacuation Pause) 82M->83M(256M) 9.822ms
[2020-01-29T22:12:14.488+0300][165.928s][info ][gc] GC(5628) Pause Young (Normal) (G1 Evacuation Pause) 128M->130M(256M) 34.329ms
[2020-01-29T22:12:14.553+0300][165.993s][info ][gc] GC(5629) Pause Young (Normal) (G1 Evacuation Pause) 180M->181M(256M) 40.462ms
[2020-01-29T22:12:14.555+0300][165.995s][info ][gc] GC(5625) Pause Cleanup 185M->185M(256M) 0.041ms
[2020-01-29T22:12:14.555+0300][165.995s][info ][gc] GC(5625) Concurrent Cycle 166.669ms
[2020-01-29T22:12:14.587+0300][166.028s][info ][gc] GC(5630) Pause Young (Normal) (G1 Evacuation Pause) 196M->197M(256M) 28.535ms
[2020-01-29T22:12:14.600+0300][166.041s][info ][gc] GC(5631) Pause Young (Concurrent Start) (G1 Evacuation Pause) 207M->208M(256M) 8.950ms
[2020-01-29T22:12:14.600+0300][166.041s][info ][gc] GC(5632) Concurrent Cycle
[2020-01-29T22:12:14.615+0300][166.056s][info ][gc] GC(5633) Pause Young (Normal) (G1 Evacuation Pause) 218M->218M(256M) 8.134ms
[2020-01-29T22:12:14.627+0300][166.068s][info ][gc] GC(5634) Pause Young (Normal) (G1 Evacuation Pause) 228M->229M(256M) 8.026ms
[2020-01-29T22:12:14.639+0300][166.079s][info ][gc] GC(5635) Pause Young (Normal) (G1 Evacuation Pause) 239M->240M(256M) 7.281ms
[2020-01-29T22:12:14.657+0300][166.097s][info ][gc] GC(5636) To-space exhausted
[2020-01-29T22:12:14.657+0300][166.097s][info ][gc] GC(5636) Pause Young (Normal) (G1 Evacuation Pause) 250M->253M(256M) 13.965ms
[2020-01-29T22:12:14.666+0300][166.106s][info ][gc] GC(5637) To-space exhausted
[2020-01-29T22:12:14.666+0300][166.106s][info ][gc] GC(5637) Pause Young (Normal) (G1 Evacuation Pause) 255M->255M(256M) 7.919ms
[2020-01-29T22:12:14.666+0300][166.106s][debug][gc] GC(5638) Clear Next Bitmap 0.097ms
[2020-01-29T22:12:14.718+0300][166.158s][info ][gc] GC(5638) Pause Full (G1 Evacuation Pause) 255M->88M(256M) 52.175ms
[2020-01-29T22:12:14.718+0300][166.159s][info ][gc] GC(5632) Concurrent Cycle 117.909ms
[2020-01-29T22:12:14.760+0300][166.200s][info ][gc] GC(5639) Pause Young (Normal) (G1 Evacuation Pause) 132M->132M(256M) 24.140ms
[2020-01-29T22:12:14.780+0300][166.220s][info ][gc] GC(5640) Pause Young (Concurrent Start) (G1 Humongous Allocation) 137M->138M(256M) 7.254ms
[2020-01-29T22:12:14.780+0300][166.220s][info ][gc] GC(5641) Concurrent Cycle
[2020-01-29T22:12:14.790+0300][166.230s][debug][gc] GC(5641) Reclaimed 121 empty regions
[2020-01-29T22:12:14.790+0300][166.230s][info ][gc] GC(5641) Pause Remark 179M->59M(256M) 0.645ms
[2020-01-29T22:12:14.811+0300][166.251s][info ][gc] GC(5642) Pause Young (Normal) (G1 Evacuation Pause) 66M->62M(256M) 17.953ms
[2020-01-29T22:12:14.827+0300][166.267s][info ][gc] GC(5641) Pause Cleanup 103M->103M(256M) 0.039ms
[2020-01-29T22:12:14.827+0300][166.267s][info ][gc] GC(5641) Concurrent Cycle 47.323ms
[2020-01-29T22:12:14.872+0300][166.312s][info ][gc] GC(5643) Pause Young (Normal) (G1 Evacuation Pause) 114M->115M(256M) 40.178ms
[2020-01-29T22:12:14.920+0300][166.359s][info ][gc] GC(5644) Pause Young (Concurrent Start) (G1 Humongous Allocation) 150M->150M(256M) 23.897ms
[2020-01-29T22:12:14.920+0300][166.359s][info ][gc] GC(5645) Concurrent Cycle
[2020-01-29T22:12:14.959+0300][166.400s][info ][gc] GC(5646) Pause Young (Normal) (G1 Evacuation Pause) 194M->195M(256M) 18.227ms
[2020-01-29T22:12:14.964+0300][166.404s][debug][gc] GC(5645) Reclaimed 96 empty regions
[2020-01-29T22:12:14.964+0300][166.404s][info ][gc] GC(5645) Pause Remark 205M->109M(256M) 0.629ms
[2020-01-29T22:12:14.973+0300][166.414s][info ][gc] GC(5647) Pause Young (Normal) (G1 Evacuation Pause) 109M->110M(256M) 9.451ms
[2020-01-29T22:12:15.015+0300][166.455s][info ][gc] GC(5648) Pause Young (Normal) (G1 Evacuation Pause) 147M->148M(256M) 26.823ms
[2020-01-29T22:12:15.057+0300][166.498s][info ][gc] GC(5649) Pause Young (Normal) (G1 Evacuation Pause) 173M->174M(256M) 32.233ms
[2020-01-29T22:12:15.094+0300][166.534s][info ][gc] GC(5650) Pause Young (Normal) (G1 Evacuation Pause) 191M->192M(256M) 29.209ms
[2020-01-29T22:12:15.137+0300][166.577s][info ][gc] GC(5651) Pause Young (Normal) (G1 Evacuation Pause) 223M->224M(256M) 26.390ms
[2020-01-29T22:12:15.165+0300][166.605s][info ][gc] GC(5652) Pause Young (Normal) (G1 Evacuation Pause) 234M->235M(256M) 24.252ms
[2020-01-29T22:12:15.197+0300][166.637s][info ][gc] GC(5653) To-space exhausted
[2020-01-29T22:12:15.197+0300][166.637s][info ][gc] GC(5653) Pause Young (Normal) (G1 Evacuation Pause) 245M->249M(256M) 27.559ms
[2020-01-29T22:12:15.230+0300][166.670s][info ][gc] GC(5654) To-space exhausted
[2020-01-29T22:12:15.230+0300][166.670s][info ][gc] GC(5654) Pause Young (Normal) (G1 Evacuation Pause) 255M->255M(256M) 29.977ms
[2020-01-29T22:12:15.230+0300][166.670s][debug][gc] GC(5655) Clear Next Bitmap 0.057ms
[2020-01-29T22:12:15.259+0300][166.699s][info ][gc] GC(5655) Pause Full (G1 Evacuation Pause) 255M->57M(256M) 29.109ms
[2020-01-29T22:12:15.259+0300][166.699s][info ][gc] GC(5645) Concurrent Cycle 339.917ms
[2020-01-29T22:12:15.309+0300][166.750s][info ][gc] GC(5656) Pause Young (Normal) (G1 Evacuation Pause) 111M->111M(256M) 29.319ms
[2020-01-29T22:12:15.348+0300][166.788s][info ][gc] GC(5657) Pause Young (Concurrent Start) (G1 Humongous Allocation) 137M->137M(256M) 18.732ms
[2020-01-29T22:12:15.348+0300][166.789s][info ][gc] GC(5658) Concurrent Cycle
[2020-01-29T22:12:15.386+0300][166.826s][info ][gc] GC(5659) Pause Young (Normal) (G1 Evacuation Pause) 185M->187M(256M) 20.461ms
[2020-01-29T22:12:15.391+0300][166.831s][debug][gc] GC(5658) Reclaimed 102 empty regions
[2020-01-29T22:12:15.391+0300][166.831s][info ][gc] GC(5658) Pause Remark 196M->95M(256M) 0.637ms
[2020-01-29T22:12:15.402+0300][166.842s][info ][gc] GC(5660) Pause Young (Normal) (G1 Evacuation Pause) 98M->99M(256M) 9.835ms
[2020-01-29T22:12:15.447+0300][166.888s][info ][gc] GC(5661) Pause Young (Normal) (G1 Evacuation Pause) 139M->140M(256M) 29.755ms
[2020-01-29T22:12:15.492+0300][166.932s][info ][gc] GC(5662) Pause Young (Normal) (G1 Evacuation Pause) 167M->168M(256M) 33.710ms
[2020-01-29T22:12:15.549+0300][166.989s][info ][gc] GC(5663) Pause Young (Normal) (G1 Evacuation Pause) 207M->208M(256M) 37.754ms
[2020-01-29T22:12:15.582+0300][167.023s][info ][gc] GC(5664) Pause Young (Normal) (G1 Evacuation Pause) 217M->218M(256M) 29.307ms
[2020-01-29T22:12:15.617+0300][167.057s][info ][gc] GC(5665) Pause Young (Normal) (G1 Evacuation Pause) 228M->228M(256M) 30.216ms
[2020-01-29T22:12:15.654+0300][167.094s][info ][gc] GC(5666) Pause Young (Normal) (G1 Evacuation Pause) 238M->239M(256M) 31.060ms
[2020-01-29T22:12:15.657+0300][167.096s][info ][gc] GC(5658) Pause Cleanup 246M->246M(256M) 0.052ms
[2020-01-29T22:12:15.657+0300][167.097s][info ][gc] GC(5658) Concurrent Cycle 308.008ms
[2020-01-29T22:12:15.691+0300][167.131s][info ][gc] GC(5667) To-space exhausted
[2020-01-29T22:12:15.691+0300][167.131s][info ][gc] GC(5667) Pause Young (Normal) (G1 Evacuation Pause) 249M->252M(256M) 32.622ms
[2020-01-29T22:12:15.703+0300][167.143s][info ][gc] GC(5668) To-space exhausted
[2020-01-29T22:12:15.703+0300][167.143s][info ][gc] GC(5668) Pause Young (Concurrent Start) (G1 Evacuation Pause) 255M->255M(256M) 10.763ms
[2020-01-29T22:12:15.703+0300][167.143s][info ][gc] GC(5670) Concurrent Cycle
[2020-01-29T22:12:15.703+0300][167.143s][debug][gc] GC(5669) Clear Next Bitmap 0.087ms
[2020-01-29T22:12:15.742+0300][167.182s][info ][gc] GC(5669) Pause Full (G1 Evacuation Pause) 255M->74M(256M) 38.945ms
[2020-01-29T22:12:15.742+0300][167.182s][info ][gc] GC(5670) Concurrent Cycle 39.296ms
[2020-01-29T22:12:15.792+0300][167.232s][info ][gc] GC(5671) Pause Young (Normal) (G1 Evacuation Pause) 127M->127M(256M) 29.387ms
[2020-01-29T22:12:15.817+0300][167.257s][info ][gc] GC(5672) Pause Young (Concurrent Start) (G1 Humongous Allocation) 136M->137M(256M) 10.101ms
[2020-01-29T22:12:15.817+0300][167.257s][info ][gc] GC(5673) Concurrent Cycle
[2020-01-29T22:12:15.849+0300][167.289s][info ][gc] GC(5674) Pause Young (Normal) (G1 Evacuation Pause) 185M->186M(256M) 20.119ms
[2020-01-29T22:12:15.851+0300][167.291s][debug][gc] GC(5673) Reclaimed 117 empty regions
[2020-01-29T22:12:15.851+0300][167.291s][info ][gc] GC(5673) Pause Remark 187M->72M(256M) 0.668ms
[2020-01-29T22:12:15.868+0300][167.307s][info ][gc] GC(5675) Pause Young (Normal) (G1 Evacuation Pause) 83M->84M(256M) 11.766ms
[2020-01-29T22:12:15.918+0300][167.359s][info ][gc] GC(5676) Pause Young (Normal) (G1 Evacuation Pause) 129M->129M(256M) 33.956ms
[2020-01-29T22:12:15.982+0300][167.422s][info ][gc] GC(5677) Pause Young (Normal) (G1 Evacuation Pause) 180M->181M(256M) 39.398ms
[2020-01-29T22:12:15.985+0300][167.425s][info ][gc] GC(5673) Pause Cleanup 188M->188M(256M) 0.044ms
[2020-01-29T22:12:15.985+0300][167.426s][info ][gc] GC(5673) Concurrent Cycle 169.006ms
[2020-01-29T22:12:16.018+0300][167.459s][info ][gc] GC(5678) Pause Young (Normal) (G1 Evacuation Pause) 196M->197M(256M) 29.915ms
[2020-01-29T22:12:16.031+0300][167.472s][info ][gc] GC(5679) Pause Young (Concurrent Start) (G1 Evacuation Pause) 207M->208M(256M) 8.806ms
[2020-01-29T22:12:16.031+0300][167.472s][info ][gc] GC(5680) Concurrent Cycle
[2020-01-29T22:12:16.046+0300][167.487s][info ][gc] GC(5681) Pause Young (Normal) (G1 Evacuation Pause) 218M->219M(256M) 8.115ms
[2020-01-29T22:12:16.059+0300][167.499s][info ][gc] GC(5682) Pause Young (Normal) (G1 Evacuation Pause) 229M->230M(256M) 7.976ms
[2020-01-29T22:12:16.071+0300][167.511s][info ][gc] GC(5683) Pause Young (Normal) (G1 Evacuation Pause) 240M->241M(256M) 8.115ms
[2020-01-29T22:12:16.089+0300][167.529s][info ][gc] GC(5684) To-space exhausted
[2020-01-29T22:12:16.089+0300][167.529s][info ][gc] GC(5684) Pause Young (Normal) (G1 Evacuation Pause) 251M->254M(256M) 14.057ms
[2020-01-29T22:12:16.096+0300][167.536s][info ][gc] GC(5685) To-space exhausted
[2020-01-29T22:12:16.096+0300][167.536s][info ][gc] GC(5685) Pause Young (Normal) (G1 Evacuation Pause) 255M->255M(256M) 6.723ms
[2020-01-29T22:12:16.096+0300][167.537s][debug][gc] GC(5686) Clear Next Bitmap 0.068ms
[2020-01-29T22:12:16.146+0300][167.586s][info ][gc] GC(5686) Pause Full (G1 Evacuation Pause) 255M->89M(256M) 49.161ms
[2020-01-29T22:12:16.146+0300][167.586s][info ][gc] GC(5680) Concurrent Cycle 114.125ms
[2020-01-29T22:12:16.187+0300][167.627s][info ][gc] GC(5687) Pause Young (Normal) (G1 Evacuation Pause) 133M->133M(256M) 24.316ms
[2020-01-29T22:12:16.204+0300][167.644s][info ][gc] GC(5688) Pause Young (Concurrent Start) (G1 Humongous Allocation) 136M->136M(256M) 5.268ms
[2020-01-29T22:12:16.204+0300][167.644s][info ][gc] GC(5689) Concurrent Cycle
[2020-01-29T22:12:16.213+0300][167.653s][debug][gc] GC(5689) Reclaimed 123 empty regions
[2020-01-29T22:12:16.213+0300][167.653s][info ][gc] GC(5689) Pause Remark 175M->53M(256M) 0.641ms
[2020-01-29T22:12:16.234+0300][167.674s][info ][gc] GC(5690) Pause Young (Normal) (G1 Evacuation Pause) 62M->60M(256M) 17.704ms
[2020-01-29T22:12:16.249+0300][167.688s][info ][gc] GC(5689) Pause Cleanup 96M->96M(256M) 0.048ms
[2020-01-29T22:12:16.249+0300][167.689s][info ][gc] GC(5689) Concurrent Cycle 44.750ms
[2020-01-29T22:12:16.295+0300][167.735s][info ][gc] GC(5691) Pause Young (Normal) (G1 Evacuation Pause) 113M->114M(256M) 40.084ms
[2020-01-29T22:12:16.342+0300][167.783s][info ][gc] GC(5692) Pause Young (Concurrent Start) (G1 Humongous Allocation) 148M->149M(256M) 23.573ms
[2020-01-29T22:12:16.342+0300][167.783s][info ][gc] GC(5693) Concurrent Cycle
[2020-01-29T22:12:16.384+0300][167.824s][info ][gc] GC(5694) Pause Young (Normal) (G1 Evacuation Pause) 194M->195M(256M) 19.005ms
[2020-01-29T22:12:16.387+0300][167.829s][debug][gc] GC(5693) Reclaimed 102 empty regions
[2020-01-29T22:12:16.387+0300][167.829s][info ][gc] GC(5693) Pause Remark 204M->102M(256M) 0.625ms
[2020-01-29T22:12:16.397+0300][167.838s][info ][gc] GC(5695) Pause Young (Normal) (G1 Evacuation Pause) 103M->104M(256M) 8.715ms
[2020-01-29T22:12:16.437+0300][167.880s][info ][gc] GC(5696) Pause Young (Normal) (G1 Evacuation Pause) 143M->144M(256M) 26.730ms
[2020-01-29T22:12:16.482+0300][167.923s][info ][gc] GC(5697) Pause Young (Normal) (G1 Evacuation Pause) 170M->170M(256M) 32.475ms
[2020-01-29T22:12:16.532+0300][167.974s][info ][gc] GC(5698) Pause Young (Normal) (G1 Evacuation Pause) 208M->210M(256M) 29.820ms
[2020-01-29T22:12:16.562+0300][168.002s][info ][gc] GC(5699) Pause Young (Normal) (G1 Evacuation Pause) 219M->220M(256M) 23.710ms
[2020-01-29T22:12:16.592+0300][168.036s][info ][gc] GC(5700) Pause Young (Normal) (G1 Evacuation Pause) 230M->231M(256M) 29.465ms
[2020-01-29T22:12:16.622+0300][168.066s][info ][gc] GC(5701) Pause Young (Normal) (G1 Evacuation Pause) 241M->242M(256M) 26.169ms
[2020-01-29T22:12:16.662+0300][168.104s][info ][gc] GC(5702) To-space exhausted
[2020-01-29T22:12:16.662+0300][168.104s][info ][gc] GC(5702) Pause Young (Normal) (G1 Evacuation Pause) 252M->255M(256M) 33.234ms
[2020-01-29T22:12:16.662+0300][168.104s][debug][gc] GC(5703) Clear Next Bitmap 0.066ms
[2020-01-29T22:12:16.692+0300][168.135s][info ][gc] GC(5703) Pause Full (G1 Evacuation Pause) 255M->63M(256M) 31.785ms
[2020-01-29T22:12:16.692+0300][168.136s][info ][gc] GC(5693) Concurrent Cycle 353.004ms
[2020-01-29T22:12:16.742+0300][168.183s][info ][gc] GC(5704) Pause Young (Normal) (G1 Evacuation Pause) 114M->115M(256M) 27.802ms
[2020-01-29T22:12:16.780+0300][168.220s][info ][gc] GC(5705) Pause Young (Concurrent Start) (G1 Humongous Allocation) 137M->138M(256M) 17.182ms
[2020-01-29T22:12:16.780+0300][168.220s][info ][gc] GC(5706) Concurrent Cycle
[2020-01-29T22:12:16.814+0300][168.255s][info ][gc] GC(5707) Pause Young (Normal) (G1 Evacuation Pause) 185M->185M(256M) 19.981ms
[2020-01-29T22:12:16.817+0300][168.259s][debug][gc] GC(5706) Reclaimed 106 empty regions
[2020-01-29T22:12:16.817+0300][168.259s][info ][gc] GC(5706) Pause Remark 195M->91M(256M) 0.638ms
[2020-01-29T22:12:16.832+0300][168.272s][info ][gc] GC(5708) Pause Young (Normal) (G1 Evacuation Pause) 94M->95M(256M) 11.441ms
[2020-01-29T22:12:16.877+0300][168.318s][info ][gc] GC(5709) Pause Young (Normal) (G1 Evacuation Pause) 136M->137M(256M) 29.819ms
[2020-01-29T22:12:16.922+0300][168.366s][info ][gc] GC(5710) Pause Young (Normal) (G1 Evacuation Pause) 165M->166M(256M) 36.196ms
[2020-01-29T22:12:16.952+0300][168.395s][info ][gc] GC(5706) Pause Cleanup 199M->199M(256M) 0.044ms
[2020-01-29T22:12:16.952+0300][168.395s][info ][gc] GC(5706) Concurrent Cycle 175.694ms
[2020-01-29T22:12:16.987+0300][168.427s][info ][gc] GC(5711) Pause Young (Normal) (G1 Evacuation Pause) 205M->206M(256M) 29.281ms
[2020-01-29T22:12:16.997+0300][168.438s][info ][gc] GC(5712) Pause Young (Concurrent Start) (G1 Evacuation Pause) 215M->216M(256M) 6.696ms
[2020-01-29T22:12:16.997+0300][168.438s][info ][gc] GC(5713) Concurrent Cycle
[2020-01-29T22:12:17.012+0300][168.452s][info ][gc] GC(5714) Pause Young (Normal) (G1 Evacuation Pause) 226M->227M(256M) 8.179ms
[2020-01-29T22:12:17.022+0300][168.464s][info ][gc] GC(5715) Pause Young (Normal) (G1 Evacuation Pause) 237M->238M(256M) 7.996ms
[2020-01-29T22:12:17.037+0300][168.481s][info ][gc] GC(5716) To-space exhausted
[2020-01-29T22:12:17.037+0300][168.481s][info ][gc] GC(5716) Pause Young (Normal) (G1 Evacuation Pause) 248M->251M(256M) 12.646ms
[2020-01-29T22:12:17.052+0300][168.494s][info ][gc] GC(5717) To-space exhausted
[2020-01-29T22:12:17.052+0300][168.494s][info ][gc] GC(5717) Pause Young (Normal) (G1 Evacuation Pause) 255M->255M(256M) 10.995ms
[2020-01-29T22:12:17.052+0300][168.494s][debug][gc] GC(5718) Clear Next Bitmap 0.095ms
[2020-01-29T22:12:17.094+0300][168.535s][info ][gc] GC(5718) Pause Full (G1 Evacuation Pause) 255M->78M(256M) 41.055ms
[2020-01-29T22:12:17.095+0300][168.535s][info ][gc] GC(5713) Concurrent Cycle 97.563ms
[2020-01-29T22:12:17.139+0300][168.579s][info ][gc] GC(5719) Pause Young (Normal) (G1 Evacuation Pause) 125M->125M(256M) 25.825ms
[2020-01-29T22:12:17.165+0300][168.605s][info ][gc] GC(5720) Pause Young (Concurrent Start) (G1 Humongous Allocation) 137M->138M(256M) 9.923ms
[2020-01-29T22:12:17.165+0300][168.605s][info ][gc] GC(5721) Concurrent Cycle
[2020-01-29T22:12:17.195+0300][168.636s][info ][gc] GC(5722) Pause Young (Normal) (G1 Evacuation Pause) 185M->186M(256M) 19.282ms
[2020-01-29T22:12:17.198+0300][168.638s][debug][gc] GC(5721) Reclaimed 117 empty regions
[2020-01-29T22:12:17.198+0300][168.638s][info ][gc] GC(5721) Pause Remark 189M->75M(256M) 0.828ms
[2020-01-29T22:12:17.213+0300][168.654s][info ][gc] GC(5723) Pause Young (Normal) (G1 Evacuation Pause) 83M->85M(256M) 11.661ms
[2020-01-29T22:12:17.264+0300][168.704s][info ][gc] GC(5724) Pause Young (Normal) (G1 Evacuation Pause) 130M->131M(256M) 32.840ms
[2020-01-29T22:12:17.314+0300][168.754s][info ][gc] GC(5725) Pause Young (Normal) (G1 Evacuation Pause) 161M->162M(256M) 37.294ms
[2020-01-29T22:12:17.331+0300][168.770s][info ][gc] GC(5721) Pause Cleanup 196M->196M(256M) 0.044ms
[2020-01-29T22:12:17.331+0300][168.771s][info ][gc] GC(5721) Concurrent Cycle 165.727ms
[2020-01-29T22:12:17.364+0300][168.803s][info ][gc] GC(5726) Pause Young (Normal) (G1 Evacuation Pause) 202M->202M(256M) 30.452ms
[2020-01-29T22:12:17.374+0300][168.814s][info ][gc] GC(5727) Pause Young (Concurrent Start) (G1 Evacuation Pause) 210M->212M(256M) 7.538ms
[2020-01-29T22:12:17.374+0300][168.814s][info ][gc] GC(5728) Concurrent Cycle
[2020-01-29T22:12:17.388+0300][168.828s][info ][gc] GC(5729) Pause Young (Normal) (G1 Evacuation Pause) 222M->223M(256M) 7.935ms
[2020-01-29T22:12:17.400+0300][168.840s][info ][gc] GC(5730) Pause Young (Normal) (G1 Evacuation Pause) 233M->234M(256M) 7.848ms
[2020-01-29T22:12:17.415+0300][168.856s][info ][gc] GC(5731) To-space exhausted
[2020-01-29T22:12:17.415+0300][168.856s][info ][gc] GC(5731) Pause Young (Normal) (G1 Evacuation Pause) 244M->244M(256M) 11.380ms
[2020-01-29T22:12:17.441+0300][168.881s][info ][gc] GC(5732) To-space exhausted
[2020-01-29T22:12:17.441+0300][168.881s][info ][gc] GC(5732) Pause Young (Normal) (G1 Evacuation Pause) 254M->255M(256M) 21.155ms
[2020-01-29T22:12:17.441+0300][168.882s][debug][gc] GC(5733) Clear Next Bitmap 0.068ms
[2020-01-29T22:12:17.493+0300][168.933s][info ][gc] GC(5733) Pause Full (G1 Evacuation Pause) 255M->88M(256M) 51.887ms
[2020-01-29T22:12:17.494+0300][168.934s][info ][gc] GC(5728) Concurrent Cycle 120.036ms
[2020-01-29T22:12:17.541+0300][168.981s][info ][gc] GC(5734) Pause Young (Normal) (G1 Evacuation Pause) 132M->133M(256M) 28.853ms
[2020-01-29T22:12:17.560+0300][169.000s][info ][gc] GC(5735) Pause Young (Concurrent Start) (G1 Humongous Allocation) 137M->138M(256M) 7.292ms
[2020-01-29T22:12:17.560+0300][169.000s][info ][gc] GC(5736) Concurrent Cycle
[2020-01-29T22:12:17.570+0300][169.010s][debug][gc] GC(5736) Reclaimed 124 empty regions
[2020-01-29T22:12:17.570+0300][169.010s][info ][gc] GC(5736) Pause Remark 179M->57M(256M) 0.637ms
[2020-01-29T22:12:17.590+0300][169.030s][info ][gc] GC(5737) Pause Young (Normal) (G1 Evacuation Pause) 63M->59M(256M) 17.312ms
[2020-01-29T22:12:17.606+0300][169.046s][info ][gc] GC(5736) Pause Cleanup 100M->100M(256M) 0.037ms
[2020-01-29T22:12:17.606+0300][169.046s][info ][gc] GC(5736) Concurrent Cycle 46.001ms
[2020-01-29T22:12:17.650+0300][169.091s][info ][gc] GC(5738) Pause Young (Normal) (G1 Evacuation Pause) 112M->113M(256M) 39.838ms
[2020-01-29T22:12:17.699+0300][169.139s][info ][gc] GC(5739) Pause Young (Concurrent Start) (G1 Humongous Allocation) 148M->149M(256M) 24.166ms
[2020-01-29T22:12:17.699+0300][169.139s][info ][gc] GC(5740) Concurrent Cycle
[2020-01-29T22:12:17.741+0300][169.180s][info ][gc] GC(5741) Pause Young (Normal) (G1 Evacuation Pause) 194M->195M(256M) 18.861ms
[2020-01-29T22:12:17.745+0300][169.185s][debug][gc] GC(5740) Reclaimed 99 empty regions
[2020-01-29T22:12:17.745+0300][169.185s][info ][gc] GC(5740) Pause Remark 204M->105M(256M) 0.630ms
[2020-01-29T22:12:17.755+0300][169.195s][info ][gc] GC(5742) Pause Young (Normal) (G1 Evacuation Pause) 106M->106M(256M) 9.451ms
[2020-01-29T22:12:17.796+0300][169.237s][info ][gc] GC(5743) Pause Young (Normal) (G1 Evacuation Pause) 144M->145M(256M) 26.928ms
[2020-01-29T22:12:17.839+0300][169.279s][info ][gc] GC(5744) Pause Young (Normal) (G1 Evacuation Pause) 171M->171M(256M) 32.149ms
[2020-01-29T22:12:17.895+0300][169.334s][info ][gc] GC(5745) Pause Young (Normal) (G1 Evacuation Pause) 209M->210M(256M) 37.404ms
[2020-01-29T22:12:17.926+0300][169.367s][info ][gc] GC(5746) Pause Young (Normal) (G1 Evacuation Pause) 219M->220M(256M) 28.207ms
[2020-01-29T22:12:17.960+0300][169.400s][info ][gc] GC(5747) Pause Young (Normal) (G1 Evacuation Pause) 230M->231M(256M) 29.251ms
[2020-01-29T22:12:17.996+0300][169.436s][info ][gc] GC(5748) Pause Young (Normal) (G1 Evacuation Pause) 241M->242M(256M) 31.037ms
[2020-01-29T22:12:18.038+0300][169.478s][info ][gc] GC(5749) To-space exhausted
[2020-01-29T22:12:18.038+0300][169.478s][info ][gc] GC(5749) Pause Young (Normal) (G1 Evacuation Pause) 252M->255M(256M) 37.499ms
[2020-01-29T22:12:18.038+0300][169.478s][debug][gc] GC(5750) Clear Next Bitmap 0.054ms
[2020-01-29T22:12:18.069+0300][169.509s][info ][gc] GC(5750) Pause Full (G1 Evacuation Pause) 255M->62M(256M) 31.138ms
[2020-01-29T22:12:18.069+0300][169.509s][info ][gc] GC(5740) Concurrent Cycle 370.046ms
[2020-01-29T22:12:18.119+0300][169.559s][info ][gc] GC(5751) Pause Young (Normal) (G1 Evacuation Pause) 114M->114M(256M) 29.135ms
[2020-01-29T22:12:18.155+0300][169.595s][info ][gc] GC(5752) Pause Young (Concurrent Start) (G1 Humongous Allocation) 137M->138M(256M) 17.105ms
[2020-01-29T22:12:18.155+0300][169.595s][info ][gc] GC(5753) Concurrent Cycle
[2020-01-29T22:12:18.191+0300][169.631s][info ][gc] GC(5754) Pause Young (Normal) (G1 Evacuation Pause) 186M->187M(256M) 20.495ms
[2020-01-29T22:12:18.195+0300][169.636s][debug][gc] GC(5753) Reclaimed 104 empty regions
[2020-01-29T22:12:18.195+0300][169.636s][info ][gc] GC(5753) Pause Remark 196M->94M(256M) 0.632ms
[2020-01-29T22:12:18.206+0300][169.647s][info ][gc] GC(5755) Pause Young (Normal) (G1 Evacuation Pause) 96M->97M(256M) 9.611ms
[2020-01-29T22:12:18.252+0300][169.693s][info ][gc] GC(5756) Pause Young (Normal) (G1 Evacuation Pause) 138M->139M(256M) 29.902ms
[2020-01-29T22:12:18.297+0300][169.738s][info ][gc] GC(5757) Pause Young (Normal) (G1 Evacuation Pause) 167M->168M(256M) 33.397ms
[2020-01-29T22:12:18.347+0300][169.787s][info ][gc] GC(5758) Pause Young (Normal) (G1 Evacuation Pause) 207M->208M(256M) 30.199ms
[2020-01-29T22:12:18.376+0300][169.816s][info ][gc] GC(5759) Pause Young (Normal) (G1 Evacuation Pause) 217M->218M(256M) 24.969ms
[2020-01-29T22:12:18.407+0300][169.847s][info ][gc] GC(5760) Pause Young (Normal) (G1 Evacuation Pause) 228M->229M(256M) 26.189ms
[2020-01-29T22:12:18.410+0300][169.850s][info ][gc] GC(5753) Pause Cleanup 237M->237M(256M) 0.049ms
[2020-01-29T22:12:18.410+0300][169.850s][info ][gc] GC(5753) Concurrent Cycle 254.893ms
[2020-01-29T22:12:18.435+0300][169.875s][info ][gc] GC(5761) Pause Young (Normal) (G1 Evacuation Pause) 239M->240M(256M) 24.245ms
[2020-01-29T22:12:18.453+0300][169.893s][info ][gc] GC(5762) To-space exhausted
[2020-01-29T22:12:18.453+0300][169.893s][info ][gc] GC(5762) Pause Young (Concurrent Start) (G1 Evacuation Pause) 250M->252M(256M) 13.904ms
[2020-01-29T22:12:18.453+0300][169.893s][info ][gc] GC(5763) Concurrent Cycle
[2020-01-29T22:12:18.466+0300][169.906s][info ][gc] GC(5764) To-space exhausted
[2020-01-29T22:12:18.466+0300][169.906s][info ][gc] GC(5764) Pause Young (Normal) (G1 Evacuation Pause) 255M->255M(256M) 9.740ms
[2020-01-29T22:12:18.466+0300][169.906s][debug][gc] GC(5765) Clear Next Bitmap 0.088ms
[2020-01-29T22:12:18.507+0300][169.947s][info ][gc] GC(5765) Pause Full (G1 Evacuation Pause) 255M->77M(256M) 41.078ms
[2020-01-29T22:12:18.508+0300][169.947s][info ][gc] GC(5763) Concurrent Cycle 54.152ms
[2020-01-29T22:12:18.552+0300][169.993s][info ][gc] GC(5766) Pause Young (Normal) (G1 Evacuation Pause) 124M->123M(256M) 26.857ms
[2020-01-29T22:12:18.580+0300][170.020s][info ][gc] GC(5767) Pause Young (Concurrent Start) (G1 Humongous Allocation) 136M->137M(256M) 12.024ms
[2020-01-29T22:12:18.580+0300][170.020s][info ][gc] GC(5768) Concurrent Cycle
[2020-01-29T22:12:18.612+0300][170.052s][info ][gc] GC(5769) Pause Young (Normal) (G1 Evacuation Pause) 184M->186M(256M) 19.578ms
[2020-01-29T22:12:18.614+0300][170.054s][debug][gc] GC(5768) Reclaimed 116 empty regions
[2020-01-29T22:12:18.614+0300][170.054s][info ][gc] GC(5768) Pause Remark 189M->76M(256M) 0.677ms
[2020-01-29T22:12:18.628+0300][170.069s][info ][gc] GC(5770) Pause Young (Normal) (G1 Evacuation Pause) 84M->85M(256M) 10.458ms
[2020-01-29T22:12:18.678+0300][170.118s][info ][gc] GC(5771) Pause Young (Normal) (G1 Evacuation Pause) 130M->131M(256M) 32.038ms
[2020-01-29T22:12:18.728+0300][170.168s][info ][gc] GC(5772) Pause Young (Normal) (G1 Evacuation Pause) 161M->162M(256M) 37.754ms
[2020-01-29T22:12:18.746+0300][170.186s][info ][gc] GC(5768) Pause Cleanup 200M->200M(256M) 0.044ms
[2020-01-29T22:12:18.746+0300][170.186s][info ][gc] GC(5768) Concurrent Cycle 166.270ms
[2020-01-29T22:12:18.778+0300][170.218s][info ][gc] GC(5773) Pause Young (Normal) (G1 Evacuation Pause) 202M->203M(256M) 30.627ms
[2020-01-29T22:12:18.789+0300][170.229s][info ][gc] GC(5774) Pause Young (Concurrent Start) (G1 Evacuation Pause) 211M->211M(256M) 7.687ms
[2020-01-29T22:12:18.789+0300][170.229s][info ][gc] GC(5775) Concurrent Cycle
[2020-01-29T22:12:18.803+0300][170.243s][info ][gc] GC(5776) Pause Young (Normal) (G1 Evacuation Pause) 221M->222M(256M) 7.958ms
[2020-01-29T22:12:18.815+0300][170.255s][info ][gc] GC(5777) Pause Young (Normal) (G1 Evacuation Pause) 232M->233M(256M) 8.027ms
[2020-01-29T22:12:18.828+0300][170.268s][info ][gc] GC(5778) To-space exhausted
[2020-01-29T22:12:18.828+0300][170.268s][info ][gc] GC(5778) Pause Young (Normal) (G1 Evacuation Pause) 243M->244M(256M) 8.718ms
[2020-01-29T22:12:18.849+0300][170.289s][info ][gc] GC(5779) To-space exhausted
[2020-01-29T22:12:18.850+0300][170.289s][info ][gc] GC(5779) Pause Young (Normal) (G1 Evacuation Pause) 254M->255M(256M) 17.234ms
[2020-01-29T22:12:18.850+0300][170.289s][debug][gc] GC(5780) Clear Next Bitmap 0.067ms
[2020-01-29T22:12:18.896+0300][170.337s][info ][gc] GC(5780) Pause Full (G1 Evacuation Pause) 255M->88M(256M) 47.380ms
[2020-01-29T22:12:18.896+0300][170.337s][info ][gc] GC(5775) Concurrent Cycle 108.232ms
[2020-01-29T22:12:18.938+0300][170.379s][info ][gc] GC(5781) Pause Young (Normal) (G1 Evacuation Pause) 132M->132M(256M) 24.497ms
[2020-01-29T22:12:18.958+0300][170.398s][info ][gc] GC(5782) Pause Young (Concurrent Start) (G1 Humongous Allocation) 137M->138M(256M) 7.245ms
[2020-01-29T22:12:18.958+0300][170.398s][info ][gc] GC(5783) Concurrent Cycle
[2020-01-29T22:12:18.968+0300][170.408s][debug][gc] GC(5783) Reclaimed 118 empty regions
[2020-01-29T22:12:18.968+0300][170.408s][info ][gc] GC(5783) Pause Remark 180M->64M(256M) 0.651ms
[2020-01-29T22:12:18.987+0300][170.428s][info ][gc] GC(5784) Pause Young (Normal) (G1 Evacuation Pause) 70M->66M(256M) 17.155ms
[2020-01-29T22:12:19.004+0300][170.444s][info ][gc] GC(5783) Pause Cleanup 109M->109M(256M) 0.043ms
[2020-01-29T22:12:19.004+0300][170.445s][info ][gc] GC(5783) Concurrent Cycle 46.247ms
[2020-01-29T22:12:19.047+0300][170.487s][info ][gc] GC(5785) Pause Young (Normal) (G1 Evacuation Pause) 117M->118M(256M) 39.733ms
[2020-01-29T22:12:19.084+0300][170.524s][info ][gc] GC(5786) Pause Young (Concurrent Start) (G1 Evacuation Pause) 152M->152M(256M) 23.415ms
[2020-01-29T22:12:19.084+0300][170.524s][info ][gc] GC(5787) Concurrent Cycle
[2020-01-29T22:12:19.124+0300][170.564s][info ][gc] GC(5788) Pause Young (Normal) (G1 Evacuation Pause) 196M->197M(256M) 18.390ms
[2020-01-29T22:12:19.138+0300][170.578s][info ][gc] GC(5789) Pause Young (Normal) (G1 Evacuation Pause) 207M->207M(256M) 9.251ms
[2020-01-29T22:12:19.150+0300][170.590s][info ][gc] GC(5790) Pause Young (Normal) (G1 Evacuation Pause) 217M->218M(256M) 8.151ms
[2020-01-29T22:12:19.162+0300][170.602s][info ][gc] GC(5791) Pause Young (Normal) (G1 Evacuation Pause) 228M->229M(256M) 8.155ms
[2020-01-29T22:12:19.175+0300][170.615s][info ][gc] GC(5792) Pause Young (Normal) (G1 Evacuation Pause) 239M->240M(256M) 8.211ms
[2020-01-29T22:12:19.192+0300][170.632s][info ][gc] GC(5793) To-space exhausted
[2020-01-29T22:12:19.192+0300][170.632s][info ][gc] GC(5793) Pause Young (Normal) (G1 Evacuation Pause) 250M->253M(256M) 13.070ms
[2020-01-29T22:12:19.201+0300][170.641s][info ][gc] GC(5794) To-space exhausted
[2020-01-29T22:12:19.201+0300][170.641s][info ][gc] GC(5794) Pause Young (Normal) (G1 Evacuation Pause) 255M->255M(256M) 7.997ms
[2020-01-29T22:12:19.201+0300][170.641s][debug][gc] GC(5795) Clear Next Bitmap 0.097ms
[2020-01-29T22:12:19.255+0300][170.695s][info ][gc] GC(5795) Pause Full (G1 Evacuation Pause) 255M->94M(256M) 54.488ms
[2020-01-29T22:12:19.255+0300][170.696s][info ][gc] GC(5787) Concurrent Cycle 171.262ms
[2020-01-29T22:12:19.306+0300][170.746s][info ][gc] GC(5796) Pause Young (Concurrent Start) (G1 Humongous Allocation) 136M->136M(256M) 23.425ms
[2020-01-29T22:12:19.306+0300][170.746s][info ][gc] GC(5797) Concurrent Cycle
[2020-01-29T22:12:19.348+0300][170.789s][info ][gc] GC(5798) Pause Young (Normal) (G1 Evacuation Pause) 184M->185M(256M) 20.699ms
[2020-01-29T22:12:19.353+0300][170.793s][debug][gc] GC(5797) Reclaimed 93 empty regions
[2020-01-29T22:12:19.353+0300][170.794s][info ][gc] GC(5797) Pause Remark 194M->103M(256M) 0.764ms
[2020-01-29T22:12:19.367+0300][170.807s][info ][gc] GC(5799) Pause Young (Normal) (G1 Evacuation Pause) 107M->108M(256M) 11.645ms
[2020-01-29T22:12:19.410+0300][170.851s][info ][gc] GC(5800) Pause Young (Normal) (G1 Evacuation Pause) 145M->146M(256M) 28.589ms
[2020-01-29T22:12:19.454+0300][170.893s][info ][gc] GC(5801) Pause Young (Normal) (G1 Evacuation Pause) 171M->173M(256M) 32.948ms
[2020-01-29T22:12:19.507+0300][170.947s][info ][gc] GC(5802) Pause Young (Normal) (G1 Evacuation Pause) 210M->211M(256M) 34.970ms
[2020-01-29T22:12:19.545+0300][170.985s][info ][gc] GC(5803) Pause Young (Normal) (G1 Evacuation Pause) 220M->221M(256M) 33.550ms
[2020-01-29T22:12:19.580+0300][171.020s][info ][gc] GC(5804) Pause Young (Normal) (G1 Evacuation Pause) 231M->232M(256M) 29.401ms
[2020-01-29T22:12:19.615+0300][171.055s][info ][gc] GC(5805) Pause Young (Normal) (G1 Evacuation Pause) 242M->243M(256M) 30.772ms
[2020-01-29T22:12:19.656+0300][171.097s][info ][gc] GC(5806) To-space exhausted
[2020-01-29T22:12:19.656+0300][171.097s][info ][gc] GC(5806) Pause Young (Normal) (G1 Evacuation Pause) 253M->255M(256M) 37.614ms
[2020-01-29T22:12:19.656+0300][171.097s][debug][gc] GC(5807) Clear Next Bitmap 0.057ms
[2020-01-29T22:12:19.690+0300][171.131s][info ][gc] GC(5807) Pause Full (G1 Evacuation Pause) 255M->65M(256M) 33.837ms
[2020-01-29T22:12:19.690+0300][171.131s][info ][gc] GC(5797) Concurrent Cycle 384.856ms
[2020-01-29T22:12:19.740+0300][171.180s][info ][gc] GC(5808) Pause Young (Normal) (G1 Evacuation Pause) 117M->117M(256M) 29.147ms
[2020-01-29T22:12:19.773+0300][171.213s][info ][gc] GC(5809) Pause Young (Concurrent Start) (G1 Humongous Allocation) 137M->137M(256M) 15.514ms
[2020-01-29T22:12:19.773+0300][171.214s][info ][gc] GC(5810) Concurrent Cycle
[2020-01-29T22:12:19.808+0300][171.248s][info ][gc] GC(5811) Pause Young (Normal) (G1 Evacuation Pause) 185M->186M(256M) 20.664ms
[2020-01-29T22:12:19.812+0300][171.252s][debug][gc] GC(5810) Reclaimed 107 empty regions
[2020-01-29T22:12:19.812+0300][171.252s][info ][gc] GC(5810) Pause Remark 196M->91M(256M) 0.641ms
[2020-01-29T22:12:19.823+0300][171.263s][info ][gc] GC(5812) Pause Young (Normal) (G1 Evacuation Pause) 93M->94M(256M) 9.622ms
[2020-01-29T22:12:19.869+0300][171.309s][info ][gc] GC(5813) Pause Young (Normal) (G1 Evacuation Pause) 136M->137M(256M) 29.644ms
[2020-01-29T22:12:19.916+0300][171.356s][info ][gc] GC(5814) Pause Young (Normal) (G1 Evacuation Pause) 165M->167M(256M) 34.577ms
[2020-01-29T22:12:19.966+0300][171.406s][info ][gc] GC(5815) Pause Young (Normal) (G1 Evacuation Pause) 206M->207M(256M) 30.940ms
[2020-01-29T22:12:19.997+0300][171.436s][info ][gc] GC(5816) Pause Young (Normal) (G1 Evacuation Pause) 216M->217M(256M) 26.189ms
[2020-01-29T22:12:20.027+0300][171.467s][info ][gc] GC(5817) Pause Young (Normal) (G1 Evacuation Pause) 227M->228M(256M) 26.057ms
[2020-01-29T22:12:20.027+0300][171.468s][info ][gc] GC(5810) Pause Cleanup 228M->228M(256M) 0.049ms
[2020-01-29T22:12:20.027+0300][171.468s][info ][gc] GC(5810) Concurrent Cycle 254.535ms
[2020-01-29T22:12:20.056+0300][171.496s][info ][gc] GC(5818) Pause Young (Normal) (G1 Evacuation Pause) 238M->239M(256M) 24.273ms
[2020-01-29T22:12:20.074+0300][171.514s][info ][gc] GC(5819) To-space exhausted
[2020-01-29T22:12:20.074+0300][171.514s][info ][gc] GC(5819) Pause Young (Concurrent Start) (G1 Evacuation Pause) 249M->251M(256M) 13.897ms
[2020-01-29T22:12:20.074+0300][171.514s][info ][gc] GC(5820) Concurrent Cycle
[2020-01-29T22:12:20.088+0300][171.529s][info ][gc] GC(5821) To-space exhausted
[2020-01-29T22:12:20.088+0300][171.529s][info ][gc] GC(5821) Pause Young (Normal) (G1 Evacuation Pause) 255M->255M(256M) 11.220ms
[2020-01-29T22:12:20.089+0300][171.529s][debug][gc] GC(5822) Clear Next Bitmap 0.073ms
[2020-01-29T22:12:20.130+0300][171.571s][info ][gc] GC(5822) Pause Full (G1 Evacuation Pause) 255M->78M(256M) 41.479ms
[2020-01-29T22:12:20.130+0300][171.571s][info ][gc] GC(5820) Concurrent Cycle 56.535ms
[2020-01-29T22:12:20.175+0300][171.615s][info ][gc] GC(5823) Pause Young (Normal) (G1 Evacuation Pause) 125M->125M(256M) 25.848ms
[2020-01-29T22:12:20.200+0300][171.640s][info ][gc] GC(5824) Pause Young (Concurrent Start) (G1 Humongous Allocation) 136M->137M(256M) 10.371ms
[2020-01-29T22:12:20.200+0300][171.640s][info ][gc] GC(5825) Concurrent Cycle
[2020-01-29T22:12:20.231+0300][171.671s][info ][gc] GC(5826) Pause Young (Normal) (G1 Evacuation Pause) 184M->184M(256M) 19.432ms
[2020-01-29T22:12:20.233+0300][171.673s][debug][gc] GC(5825) Reclaimed 117 empty regions
[2020-01-29T22:12:20.233+0300][171.673s][info ][gc] GC(5825) Pause Remark 187M->73M(256M) 0.630ms
[2020-01-29T22:12:20.249+0300][171.689s][info ][gc] GC(5827) Pause Young (Normal) (G1 Evacuation Pause) 83M->84M(256M) 11.036ms
[2020-01-29T22:12:20.300+0300][171.740s][info ][gc] GC(5828) Pause Young (Normal) (G1 Evacuation Pause) 129M->130M(256M) 33.806ms
[2020-01-29T22:12:20.363+0300][171.803s][info ][gc] GC(5829) Pause Young (Normal) (G1 Evacuation Pause) 180M->181M(256M) 39.670ms
[2020-01-29T22:12:20.367+0300][171.807s][info ][gc] GC(5825) Pause Cleanup 191M->191M(256M) 0.044ms
[2020-01-29T22:12:20.368+0300][171.807s][info ][gc] GC(5825) Concurrent Cycle 167.159ms
[2020-01-29T22:12:20.398+0300][171.838s][info ][gc] GC(5830) Pause Young (Normal) (G1 Evacuation Pause) 196M->197M(256M) 28.752ms
[2020-01-29T22:12:20.410+0300][171.851s][info ][gc] GC(5831) Pause Young (Concurrent Start) (G1 Evacuation Pause) 207M->208M(256M) 8.847ms
[2020-01-29T22:12:20.410+0300][171.851s][info ][gc] GC(5832) Concurrent Cycle
[2020-01-29T22:12:20.425+0300][171.866s][info ][gc] GC(5833) Pause Young (Normal) (G1 Evacuation Pause) 218M->219M(256M) 8.108ms
[2020-01-29T22:12:20.438+0300][171.878s][info ][gc] GC(5834) Pause Young (Normal) (G1 Evacuation Pause) 229M->230M(256M) 8.089ms
[2020-01-29T22:12:20.451+0300][171.891s][info ][gc] GC(5835) Pause Young (Normal) (G1 Evacuation Pause) 240M->241M(256M) 8.140ms
[2020-01-29T22:12:20.469+0300][171.909s][info ][gc] GC(5836) To-space exhausted
[2020-01-29T22:12:20.469+0300][171.909s][info ][gc] GC(5836) Pause Young (Normal) (G1 Evacuation Pause) 251M->254M(256M) 14.217ms
[2020-01-29T22:12:20.476+0300][171.916s][info ][gc] GC(5837) To-space exhausted
[2020-01-29T22:12:20.476+0300][171.916s][info ][gc] GC(5837) Pause Young (Normal) (G1 Evacuation Pause) 255M->255M(256M) 6.796ms
[2020-01-29T22:12:20.477+0300][171.917s][debug][gc] GC(5838) Clear Next Bitmap 0.080ms
[2020-01-29T22:12:20.528+0300][171.968s][info ][gc] GC(5838) Pause Full (G1 Evacuation Pause) 255M->87M(256M) 51.687ms
[2020-01-29T22:12:20.529+0300][171.968s][info ][gc] GC(5832) Concurrent Cycle 117.248ms
[2020-01-29T22:12:20.574+0300][172.013s][info ][gc] GC(5839) Pause Young (Normal) (G1 Evacuation Pause) 131M->131M(256M) 26.758ms
[2020-01-29T22:12:20.593+0300][172.033s][info ][gc] GC(5840) Pause Young (Concurrent Start) (G1 Humongous Allocation) 136M->137M(256M) 7.233ms
[2020-01-29T22:12:20.593+0300][172.034s][info ][gc] GC(5841) Concurrent Cycle
[2020-01-29T22:12:20.604+0300][172.044s][debug][gc] GC(5841) Reclaimed 121 empty regions
[2020-01-29T22:12:20.604+0300][172.044s][info ][gc] GC(5841) Pause Remark 180M->60M(256M) 1.054ms
[2020-01-29T22:12:20.631+0300][172.072s][info ][gc] GC(5842) Pause Young (Normal) (G1 Evacuation Pause) 65M->62M(256M) 24.948ms
[2020-01-29T22:12:20.647+0300][172.088s][info ][gc] GC(5841) Pause Cleanup 101M->101M(256M) 0.038ms
[2020-01-29T22:12:20.648+0300][172.088s][info ][gc] GC(5841) Concurrent Cycle 54.588ms
[2020-01-29T22:12:20.693+0300][172.133s][info ][gc] GC(5843) Pause Young (Normal) (G1 Evacuation Pause) 114M->114M(256M) 40.261ms
[2020-01-29T22:12:20.741+0300][172.181s][info ][gc] GC(5844) Pause Young (Concurrent Start) (G1 Humongous Allocation) 149M->150M(256M) 23.528ms
[2020-01-29T22:12:20.741+0300][172.181s][info ][gc] GC(5845) Concurrent Cycle
[2020-01-29T22:12:20.782+0300][172.222s][info ][gc] GC(5846) Pause Young (Normal) (G1 Evacuation Pause) 194M->194M(256M) 17.949ms
[2020-01-29T22:12:20.786+0300][172.226s][debug][gc] GC(5845) Reclaimed 100 empty regions
[2020-01-29T22:12:20.786+0300][172.226s][info ][gc] GC(5845) Pause Remark 203M->103M(256M) 0.633ms
[2020-01-29T22:12:20.796+0300][172.236s][info ][gc] GC(5847) Pause Young (Normal) (G1 Evacuation Pause) 104M->104M(256M) 9.373ms
[2020-01-29T22:12:20.838+0300][172.278s][info ][gc] GC(5848) Pause Young (Normal) (G1 Evacuation Pause) 143M->144M(256M) 26.878ms
[2020-01-29T22:12:20.882+0300][172.322s][info ][gc] GC(5849) Pause Young (Normal) (G1 Evacuation Pause) 170M->171M(256M) 32.971ms
[2020-01-29T22:12:20.936+0300][172.376s][info ][gc] GC(5850) Pause Young (Normal) (G1 Evacuation Pause) 209M->210M(256M) 35.126ms
[2020-01-29T22:12:20.970+0300][172.410s][info ][gc] GC(5851) Pause Young (Normal) (G1 Evacuation Pause) 219M->220M(256M) 27.034ms
[2020-01-29T22:12:21.002+0300][172.443s][info ][gc] GC(5852) Pause Young (Normal) (G1 Evacuation Pause) 230M->231M(256M) 28.358ms
[2020-01-29T22:12:21.037+0300][172.477s][info ][gc] GC(5853) Pause Young (Normal) (G1 Evacuation Pause) 241M->242M(256M) 30.083ms
[2020-01-29T22:12:21.044+0300][172.485s][info ][gc] GC(5845) Pause Cleanup 250M->250M(256M) 0.057ms
[2020-01-29T22:12:21.045+0300][172.485s][info ][gc] GC(5845) Concurrent Cycle 303.569ms
[2020-01-29T22:12:21.077+0300][172.517s][info ][gc] GC(5854) To-space exhausted
[2020-01-29T22:12:21.077+0300][172.517s][info ][gc] GC(5854) Pause Young (Normal) (G1 Evacuation Pause) 252M->255M(256M) 31.565ms
[2020-01-29T22:12:21.109+0300][172.549s][info ][gc] GC(5855) Pause Full (G1 Evacuation Pause) 255M->62M(256M) 31.861ms
[2020-01-29T22:12:21.158+0300][172.599s][info ][gc] GC(5856) Pause Young (Concurrent Start) (G1 Evacuation Pause) 114M->114M(256M) 29.186ms
[2020-01-29T22:12:21.158+0300][172.599s][info ][gc] GC(5857) Concurrent Cycle
[2020-01-29T22:12:21.227+0300][172.668s][info ][gc] GC(5858) Pause Young (Normal) (G1 Evacuation Pause) 169M->170M(256M) 25.179ms
[2020-01-29T22:12:21.247+0300][172.689s][info ][gc] GC(5859) Pause Young (Normal) (G1 Evacuation Pause) 188M->189M(256M) 13.333ms
[2020-01-29T22:12:21.262+0300][172.702s][info ][gc] GC(5860) Pause Young (Normal) (G1 Evacuation Pause) 201M->202M(256M) 8.143ms
[2020-01-29T22:12:21.272+0300][172.713s][info ][gc] GC(5861) Pause Young (Normal) (G1 Evacuation Pause) 212M->213M(256M) 7.748ms
[2020-01-29T22:12:21.282+0300][172.725s][info ][gc] GC(5862) Pause Young (Normal) (G1 Evacuation Pause) 223M->224M(256M) 7.752ms
[2020-01-29T22:12:21.297+0300][172.737s][info ][gc] GC(5863) Pause Young (Normal) (G1 Evacuation Pause) 234M->235M(256M) 7.622ms
[2020-01-29T22:12:21.312+0300][172.752s][info ][gc] GC(5864) To-space exhausted
[2020-01-29T22:12:21.312+0300][172.752s][info ][gc] GC(5864) Pause Young (Normal) (G1 Evacuation Pause) 245M->247M(256M) 10.829ms
[2020-01-29T22:12:21.327+0300][172.769s][info ][gc] GC(5865) To-space exhausted
[2020-01-29T22:12:21.327+0300][172.769s][info ][gc] GC(5865) Pause Young (Normal) (G1 Evacuation Pause) 254M->254M(256M) 14.234ms
[2020-01-29T22:12:21.327+0300][172.769s][debug][gc] GC(5866) Clear Next Bitmap 0.073ms
[2020-01-29T22:12:21.387+0300][172.831s][info ][gc] GC(5866) Pause Full (G1 Evacuation Pause) 254M->111M(256M) 61.776ms
[2020-01-29T22:12:21.387+0300][172.831s][info ][gc] GC(5857) Concurrent Cycle 231.928ms
[2020-01-29T22:12:21.427+0300][172.867s][info ][gc] GC(5867) Pause Young (Concurrent Start) (G1 Humongous Allocation) 137M->136M(256M) 15.054ms
[2020-01-29T22:12:21.427+0300][172.867s][info ][gc] GC(5868) Concurrent Cycle
[2020-01-29T22:12:21.457+0300][172.901s][info ][gc] GC(5869) Pause Young (Normal) (G1 Evacuation Pause) 185M->187M(256M) 20.363ms
[2020-01-29T22:12:21.462+0300][172.905s][debug][gc] GC(5868) Reclaimed 109 empty regions
[2020-01-29T22:12:21.462+0300][172.905s][info ][gc] GC(5868) Pause Remark 196M->89M(256M) 0.616ms
[2020-01-29T22:12:21.477+0300][172.917s][info ][gc] GC(5870) Pause Young (Normal) (G1 Evacuation Pause) 91M->92M(256M) 9.952ms
[2020-01-29T22:12:21.522+0300][172.966s][info ][gc] GC(5871) Pause Young (Normal) (G1 Evacuation Pause) 136M->137M(256M) 31.410ms
[2020-01-29T22:12:21.577+0300][173.017s][info ][gc] GC(5872) Pause Young (Normal) (G1 Evacuation Pause) 165M->165M(256M) 40.231ms
[2020-01-29T22:12:21.627+0300][173.068s][info ][gc] GC(5873) Pause Young (Normal) (G1 Evacuation Pause) 205M->206M(256M) 33.281ms
[2020-01-29T22:12:21.657+0300][173.100s][info ][gc] GC(5874) Pause Young (Normal) (G1 Evacuation Pause) 214M->216M(256M) 27.999ms
[2020-01-29T22:12:21.662+0300][173.103s][info ][gc] GC(5868) Pause Cleanup 217M->217M(256M) 0.047ms
[2020-01-29T22:12:21.662+0300][173.103s][info ][gc] GC(5868) Concurrent Cycle 236.358ms
[2020-01-29T22:12:21.687+0300][173.130s][info ][gc] GC(5875) Pause Young (Normal) (G1 Evacuation Pause) 226M->227M(256M) 22.826ms
[2020-01-29T22:12:21.699+0300][173.142s][info ][gc] GC(5876) Pause Young (Concurrent Start) (G1 Evacuation Pause) 237M->237M(256M) 8.248ms
[2020-01-29T22:12:21.699+0300][173.142s][info ][gc] GC(5877) Concurrent Cycle
[2020-01-29T22:12:21.717+0300][173.160s][info ][gc] GC(5878) To-space exhausted
[2020-01-29T22:12:21.717+0300][173.161s][info ][gc] GC(5878) Pause Young (Normal) (G1 Evacuation Pause) 247M->250M(256M) 12.034ms
[2020-01-29T22:12:21.732+0300][173.174s][info ][gc] GC(5879) To-space exhausted
[2020-01-29T22:12:21.732+0300][173.175s][info ][gc] GC(5879) Pause Young (Normal) (G1 Evacuation Pause) 255M->255M(256M) 11.901ms
[2020-01-29T22:12:21.732+0300][173.175s][debug][gc] GC(5880) Clear Next Bitmap 0.083ms
[2020-01-29T22:12:21.777+0300][173.218s][info ][gc] GC(5880) Pause Full (G1 Evacuation Pause) 255M->82M(256M) 43.735ms
[2020-01-29T22:12:21.777+0300][173.219s][info ][gc] GC(5877) Concurrent Cycle 76.388ms
[2020-01-29T22:12:21.817+0300][173.262s][info ][gc] GC(5881) Pause Young (Normal) (G1 Evacuation Pause) 128M->128M(256M) 24.970ms
[2020-01-29T22:12:21.852+0300][173.295s][info ][gc] GC(5882) Pause Young (Concurrent Start) (G1 Humongous Allocation) 136M->137M(256M) 8.628ms
[2020-01-29T22:12:21.852+0300][173.295s][info ][gc] GC(5883) Concurrent Cycle
[2020-01-29T22:12:21.867+0300][173.308s][debug][gc] GC(5883) Reclaimed 118 empty regions
[2020-01-29T22:12:21.867+0300][173.308s][info ][gc] GC(5883) Pause Remark 183M->67M(256M) 0.679ms
[2020-01-29T22:12:21.882+0300][173.326s][info ][gc] GC(5884) Pause Young (Normal) (G1 Evacuation Pause) 68M->64M(256M) 17.620ms
[2020-01-29T22:12:21.947+0300][173.390s][info ][gc] GC(5885) Pause Young (Normal) (G1 Evacuation Pause) 116M->117M(256M) 42.869ms
[2020-01-29T22:12:21.953+0300][173.393s][info ][gc] GC(5883) Pause Cleanup 124M->124M(256M) 0.040ms
[2020-01-29T22:12:21.953+0300][173.393s][info ][gc] GC(5883) Concurrent Cycle 97.484ms
[2020-01-29T22:12:22.013+0300][173.453s][info ][gc] GC(5886) Pause Young (Concurrent Start) (G1 Humongous Allocation) 152M->153M(256M) 38.882ms
[2020-01-29T22:12:22.013+0300][173.453s][info ][gc] GC(5887) Concurrent Cycle
[2020-01-29T22:12:22.052+0300][173.493s][info ][gc] GC(5888) Pause Young (Normal) (G1 Evacuation Pause) 196M->197M(256M) 17.780ms
[2020-01-29T22:12:22.057+0300][173.498s][debug][gc] GC(5887) Reclaimed 101 empty regions
[2020-01-29T22:12:22.057+0300][173.498s][info ][gc] GC(5887) Pause Remark 207M->106M(256M) 0.664ms
[2020-01-29T22:12:22.067+0300][173.508s][info ][gc] GC(5889) Pause Young (Normal) (G1 Evacuation Pause) 106M->107M(256M) 9.461ms
[2020-01-29T22:12:22.110+0300][173.550s][info ][gc] GC(5890) Pause Young (Normal) (G1 Evacuation Pause) 145M->145M(256M) 26.739ms
[2020-01-29T22:12:22.152+0300][173.592s][info ][gc] GC(5891) Pause Young (Normal) (G1 Evacuation Pause) 171M->172M(256M) 32.001ms
[2020-01-29T22:12:22.189+0300][173.629s][info ][gc] GC(5892) Pause Young (Normal) (G1 Evacuation Pause) 189M->191M(256M) 29.346ms
[2020-01-29T22:12:22.231+0300][173.671s][info ][gc] GC(5893) Pause Young (Normal) (G1 Evacuation Pause) 222M->223M(256M) 26.776ms
[2020-01-29T22:12:22.261+0300][173.700s][info ][gc] GC(5894) Pause Young (Normal) (G1 Evacuation Pause) 233M->234M(256M) 24.825ms
[2020-01-29T22:12:22.292+0300][173.732s][info ][gc] GC(5895) To-space exhausted
[2020-01-29T22:12:22.292+0300][173.732s][info ][gc] GC(5895) Pause Young (Normal) (G1 Evacuation Pause) 244M->245M(256M) 27.068ms
[2020-01-29T22:12:22.331+0300][173.772s][info ][gc] GC(5896) To-space exhausted
[2020-01-29T22:12:22.331+0300][173.772s][info ][gc] GC(5896) Pause Young (Normal) (G1 Evacuation Pause) 255M->255M(256M) 35.797ms
[2020-01-29T22:12:22.332+0300][173.772s][debug][gc] GC(5897) Clear Next Bitmap 0.079ms
[2020-01-29T22:12:22.364+0300][173.805s][info ][gc] GC(5897) Pause Full (G1 Evacuation Pause) 255M->62M(256M) 32.459ms
[2020-01-29T22:12:22.364+0300][173.805s][info ][gc] GC(5887) Concurrent Cycle 351.650ms
[2020-01-29T22:12:22.414+0300][173.854s][info ][gc] GC(5898) Pause Young (Normal) (G1 Evacuation Pause) 114M->114M(256M) 28.993ms
[2020-01-29T22:12:22.451+0300][173.891s][info ][gc] GC(5899) Pause Young (Concurrent Start) (G1 Humongous Allocation) 137M->138M(256M) 17.233ms
[2020-01-29T22:12:22.451+0300][173.891s][info ][gc] GC(5900) Concurrent Cycle
[2020-01-29T22:12:22.486+0300][173.927s][info ][gc] GC(5901) Pause Young (Normal) (G1 Evacuation Pause) 185M->185M(256M) 19.863ms
[2020-01-29T22:12:22.491+0300][173.931s][debug][gc] GC(5900) Reclaimed 105 empty regions
[2020-01-29T22:12:22.491+0300][173.931s][info ][gc] GC(5900) Pause Remark 194M->92M(256M) 0.628ms
[2020-01-29T22:12:22.504+0300][173.944s][info ][gc] GC(5902) Pause Young (Normal) (G1 Evacuation Pause) 95M->96M(256M) 11.591ms
[2020-01-29T22:12:22.551+0300][173.991s][info ][gc] GC(5903) Pause Young (Normal) (G1 Evacuation Pause) 137M->138M(256M) 30.662ms
[2020-01-29T22:12:22.603+0300][174.043s][info ][gc] GC(5904) Pause Young (Normal) (G1 Evacuation Pause) 166M->167M(256M) 38.869ms
[2020-01-29T22:12:22.660+0300][174.099s][info ][gc] GC(5905) Pause Young (Normal) (G1 Evacuation Pause) 206M->207M(256M) 36.426ms
[2020-01-29T22:12:22.692+0300][174.133s][info ][gc] GC(5906) Pause Young (Normal) (G1 Evacuation Pause) 216M->216M(256M) 29.814ms
[2020-01-29T22:12:22.727+0300][174.168s][info ][gc] GC(5907) Pause Young (Normal) (G1 Evacuation Pause) 226M->227M(256M) 30.186ms
[2020-01-29T22:12:22.728+0300][174.169s][info ][gc] GC(5900) Pause Cleanup 228M->228M(256M) 0.051ms
[2020-01-29T22:12:22.728+0300][174.169s][info ][gc] GC(5900) Concurrent Cycle 277.613ms
[2020-01-29T22:12:22.761+0300][174.201s][info ][gc] GC(5908) Pause Young (Normal) (G1 Evacuation Pause) 237M->237M(256M) 28.825ms
[2020-01-29T22:12:22.777+0300][174.217s][info ][gc] GC(5909) To-space exhausted
[2020-01-29T22:12:22.777+0300][174.218s][info ][gc] GC(5909) Pause Young (Concurrent Start) (G1 Evacuation Pause) 247M->250M(256M) 12.423ms
[2020-01-29T22:12:22.777+0300][174.218s][info ][gc] GC(5910) Concurrent Cycle
[2020-01-29T22:12:22.793+0300][174.234s][info ][gc] GC(5911) To-space exhausted
[2020-01-29T22:12:22.793+0300][174.234s][info ][gc] GC(5911) Pause Young (Normal) (G1 Evacuation Pause) 255M->255M(256M) 11.823ms
[2020-01-29T22:12:22.793+0300][174.234s][debug][gc] GC(5912) Clear Next Bitmap 0.079ms
[2020-01-29T22:12:22.836+0300][174.276s][info ][gc] GC(5912) Pause Full (G1 Evacuation Pause) 255M->78M(256M) 42.234ms
[2020-01-29T22:12:22.836+0300][174.276s][info ][gc] GC(5910) Concurrent Cycle 58.683ms
[2020-01-29T22:12:22.880+0300][174.320s][info ][gc] GC(5913) Pause Young (Normal) (G1 Evacuation Pause) 125M->125M(256M) 25.754ms
[2020-01-29T22:12:22.906+0300][174.346s][info ][gc] GC(5914) Pause Young (Concurrent Start) (G1 Humongous Allocation) 137M->138M(256M) 10.012ms
[2020-01-29T22:12:22.906+0300][174.346s][info ][gc] GC(5915) Concurrent Cycle
[2020-01-29T22:12:22.937+0300][174.377s][info ][gc] GC(5916) Pause Young (Normal) (G1 Evacuation Pause) 185M->185M(256M) 19.442ms
[2020-01-29T22:12:22.939+0300][174.379s][debug][gc] GC(5915) Reclaimed 111 empty regions
[2020-01-29T22:12:22.939+0300][174.379s][info ][gc] GC(5915) Pause Remark 189M->80M(256M) 0.628ms
[2020-01-29T22:12:22.954+0300][174.394s][info ][gc] GC(5917) Pause Young (Normal) (G1 Evacuation Pause) 89M->90M(256M) 11.071ms
[2020-01-29T22:12:23.003+0300][174.442s][info ][gc] GC(5918) Pause Young (Normal) (G1 Evacuation Pause) 133M->134M(256M) 31.538ms
[2020-01-29T22:12:23.051+0300][174.491s][info ][gc] GC(5919) Pause Young (Normal) (G1 Evacuation Pause) 163M->163M(256M) 36.860ms
[2020-01-29T22:12:23.069+0300][174.509s][info ][gc] GC(5915) Pause Cleanup 192M->192M(256M) 0.051ms
[2020-01-29T22:12:23.069+0300][174.509s][info ][gc] GC(5915) Concurrent Cycle 163.418ms
[2020-01-29T22:12:23.103+0300][174.543s][info ][gc] GC(5920) Pause Young (Normal) (G1 Evacuation Pause) 203M->204M(256M) 29.381ms
[2020-01-29T22:12:23.114+0300][174.554s][info ][gc] GC(5921) Pause Young (Concurrent Start) (G1 Evacuation Pause) 212M->212M(256M) 7.636ms
[2020-01-29T22:12:23.114+0300][174.554s][info ][gc] GC(5922) Concurrent Cycle
[2020-01-29T22:12:23.128+0300][174.568s][info ][gc] GC(5923) Pause Young (Normal) (G1 Evacuation Pause) 222M->223M(256M) 7.903ms
[2020-01-29T22:12:23.140+0300][174.580s][info ][gc] GC(5924) Pause Young (Normal) (G1 Evacuation Pause) 233M->234M(256M) 7.767ms
[2020-01-29T22:12:23.154+0300][174.593s][info ][gc] GC(5925) To-space exhausted
[2020-01-29T22:12:23.154+0300][174.594s][info ][gc] GC(5925) Pause Young (Normal) (G1 Evacuation Pause) 244M->245M(256M) 9.748ms
[2020-01-29T22:12:23.175+0300][174.615s][info ][gc] GC(5926) To-space exhausted
[2020-01-29T22:12:23.175+0300][174.615s][info ][gc] GC(5926) Pause Young (Normal) (G1 Evacuation Pause) 255M->255M(256M) 17.547ms
[2020-01-29T22:12:23.175+0300][174.615s][debug][gc] GC(5927) Clear Next Bitmap 0.087ms
[2020-01-29T22:12:23.222+0300][174.661s][info ][gc] GC(5927) Pause Full (G1 Evacuation Pause) 255M->86M(256M) 46.154ms
[2020-01-29T22:12:23.222+0300][174.662s][info ][gc] GC(5922) Concurrent Cycle 107.943ms
[2020-01-29T22:12:23.263+0300][174.704s][info ][gc] GC(5928) Pause Young (Normal) (G1 Evacuation Pause) 130M->130M(256M) 25.063ms
[2020-01-29T22:12:23.283+0300][174.724s][info ][gc] GC(5929) Pause Young (Concurrent Start) (G1 Humongous Allocation) 136M->137M(256M) 6.886ms
[2020-01-29T22:12:23.284+0300][174.724s][info ][gc] GC(5930) Concurrent Cycle
[2020-01-29T22:12:23.294+0300][174.735s][debug][gc] GC(5930) Reclaimed 122 empty regions
[2020-01-29T22:12:23.294+0300][174.735s][info ][gc] GC(5930) Pause Remark 179M->59M(256M) 0.642ms
[2020-01-29T22:12:23.315+0300][174.755s][info ][gc] GC(5931) Pause Young (Normal) (G1 Evacuation Pause) 65M->61M(256M) 17.951ms
[2020-01-29T22:12:23.332+0300][174.773s][info ][gc] GC(5930) Pause Cleanup 105M->105M(256M) 0.034ms
[2020-01-29T22:12:23.332+0300][174.773s][info ][gc] GC(5930) Concurrent Cycle 48.619ms
[2020-01-29T22:12:23.377+0300][174.817s][info ][gc] GC(5932) Pause Young (Normal) (G1 Evacuation Pause) 114M->115M(256M) 40.557ms
[2020-01-29T22:12:23.424+0300][174.865s][info ][gc] GC(5933) Pause Young (Concurrent Start) (G1 Humongous Allocation) 149M->150M(256M) 23.729ms
[2020-01-29T22:12:23.424+0300][174.865s][info ][gc] GC(5934) Concurrent Cycle
[2020-01-29T22:12:23.465+0300][174.905s][info ][gc] GC(5935) Pause Young (Normal) (G1 Evacuation Pause) 194M->194M(256M) 18.503ms
[2020-01-29T22:12:23.469+0300][174.909s][debug][gc] GC(5934) Reclaimed 103 empty regions
[2020-01-29T22:12:23.469+0300][174.909s][info ][gc] GC(5934) Pause Remark 204M->101M(256M) 0.631ms
[2020-01-29T22:12:23.479+0300][174.919s][info ][gc] GC(5936) Pause Young (Normal) (G1 Evacuation Pause) 101M->102M(256M) 9.421ms
[2020-01-29T22:12:23.522+0300][174.963s][info ][gc] GC(5937) Pause Young (Normal) (G1 Evacuation Pause) 141M->142M(256M) 27.527ms
[2020-01-29T22:12:23.567+0300][175.007s][info ][gc] GC(5938) Pause Young (Normal) (G1 Evacuation Pause) 169M->170M(256M) 34.148ms
[2020-01-29T22:12:23.622+0300][175.062s][info ][gc] GC(5939) Pause Young (Normal) (G1 Evacuation Pause) 208M->209M(256M) 34.012ms
[2020-01-29T22:12:23.652+0300][175.092s][info ][gc] GC(5940) Pause Young (Normal) (G1 Evacuation Pause) 218M->219M(256M) 26.450ms
[2020-01-29T22:12:23.686+0300][175.126s][info ][gc] GC(5941) Pause Young (Normal) (G1 Evacuation Pause) 229M->229M(256M) 26.581ms
[2020-01-29T22:12:23.719+0300][175.159s][info ][gc] GC(5942) Pause Young (Normal) (G1 Evacuation Pause) 239M->240M(256M) 27.546ms
[2020-01-29T22:12:23.758+0300][175.197s][info ][gc] GC(5943) To-space exhausted
[2020-01-29T22:12:23.758+0300][175.198s][info ][gc] GC(5943) Pause Young (Normal) (G1 Evacuation Pause) 250M->253M(256M) 33.474ms
[2020-01-29T22:12:23.758+0300][175.198s][info ][gc] GC(5934) Pause Cleanup 254M->254M(256M) 0.047ms
[2020-01-29T22:12:23.758+0300][175.198s][info ][gc] GC(5934) Concurrent Cycle 333.325ms
[2020-01-29T22:12:23.784+0300][175.224s][info ][gc] GC(5944) To-space exhausted
[2020-01-29T22:12:23.784+0300][175.224s][info ][gc] GC(5944) Pause Young (Normal) (G1 Evacuation Pause) 255M->255M(256M) 25.194ms
[2020-01-29T22:12:23.817+0300][175.257s][info ][gc] GC(5945) Pause Full (G1 Evacuation Pause) 255M->65M(256M) 33.003ms
[2020-01-29T22:12:23.869+0300][175.309s][info ][gc] GC(5946) Pause Young (Concurrent Start) (G1 Evacuation Pause) 121M->121M(256M) 30.623ms
[2020-01-29T22:12:23.869+0300][175.310s][info ][gc] GC(5947) Concurrent Cycle
[2020-01-29T22:12:23.924+0300][175.363s][info ][gc] GC(5948) Pause Young (Normal) (G1 Evacuation Pause) 175M->176M(256M) 24.575ms
[2020-01-29T22:12:23.943+0300][175.383s][info ][gc] GC(5949) Pause Young (Normal) (G1 Evacuation Pause) 192M->193M(256M) 13.201ms
[2020-01-29T22:12:23.956+0300][175.396s][info ][gc] GC(5950) Pause Young (Normal) (G1 Evacuation Pause) 203M->204M(256M) 8.712ms
[2020-01-29T22:12:23.968+0300][175.408s][info ][gc] GC(5951) Pause Young (Normal) (G1 Evacuation Pause) 214M->215M(256M) 7.810ms
[2020-01-29T22:12:23.981+0300][175.420s][info ][gc] GC(5952) Pause Young (Normal) (G1 Evacuation Pause) 225M->226M(256M) 8.192ms
[2020-01-29T22:12:23.993+0300][175.433s][info ][gc] GC(5953) Pause Young (Normal) (G1 Evacuation Pause) 236M->237M(256M) 7.930ms
[2020-01-29T22:12:24.009+0300][175.449s][info ][gc] GC(5954) To-space exhausted
[2020-01-29T22:12:24.009+0300][175.449s][info ][gc] GC(5954) Pause Young (Normal) (G1 Evacuation Pause) 247M->250M(256M) 12.693ms
[2020-01-29T22:12:24.020+0300][175.460s][info ][gc] GC(5955) To-space exhausted
[2020-01-29T22:12:24.020+0300][175.460s][info ][gc] GC(5955) Pause Young (Normal) (G1 Evacuation Pause) 253M->253M(256M) 9.624ms
[2020-01-29T22:12:24.020+0300][175.460s][debug][gc] GC(5956) Clear Next Bitmap 0.093ms
[2020-01-29T22:12:24.080+0300][175.521s][info ][gc] GC(5956) Pause Full (G1 Evacuation Pause) 253M->109M(256M) 60.457ms
[2020-01-29T22:12:24.081+0300][175.521s][info ][gc] GC(5947) Concurrent Cycle 211.509ms
[2020-01-29T22:12:24.117+0300][175.558s][info ][gc] GC(5957) Pause Young (Concurrent Start) (G1 Humongous Allocation) 137M->136M(256M) 15.755ms
[2020-01-29T22:12:24.117+0300][175.558s][info ][gc] GC(5958) Concurrent Cycle
[2020-01-29T22:12:24.153+0300][175.593s][info ][gc] GC(5959) Pause Young (Normal) (G1 Evacuation Pause) 185M->186M(256M) 20.321ms
[2020-01-29T22:12:24.157+0300][175.598s][debug][gc] GC(5958) Reclaimed 107 empty regions
[2020-01-29T22:12:24.157+0300][175.598s][info ][gc] GC(5958) Pause Remark 196M->90M(256M) 0.639ms
[2020-01-29T22:12:24.169+0300][175.609s][info ][gc] GC(5960) Pause Young (Normal) (G1 Evacuation Pause) 93M->94M(256M) 9.954ms
[2020-01-29T22:12:24.218+0300][175.658s][info ][gc] GC(5961) Pause Young (Normal) (G1 Evacuation Pause) 138M->138M(256M) 31.790ms
[2020-01-29T22:12:24.265+0300][175.705s][info ][gc] GC(5962) Pause Young (Normal) (G1 Evacuation Pause) 166M->167M(256M) 36.242ms
[2020-01-29T22:12:24.317+0300][175.757s][info ][gc] GC(5963) Pause Young (Normal) (G1 Evacuation Pause) 206M->207M(256M) 32.516ms
[2020-01-29T22:12:24.349+0300][175.789s][info ][gc] GC(5964) Pause Young (Normal) (G1 Evacuation Pause) 216M->217M(256M) 27.187ms
[2020-01-29T22:12:24.353+0300][175.792s][info ][gc] GC(5958) Pause Cleanup 226M->226M(256M) 0.042ms
[2020-01-29T22:12:24.353+0300][175.793s][info ][gc] GC(5958) Concurrent Cycle 234.747ms
[2020-01-29T22:12:24.379+0300][175.818s][info ][gc] GC(5965) Pause Young (Normal) (G1 Evacuation Pause) 227M->228M(256M) 25.269ms
[2020-01-29T22:12:24.390+0300][175.830s][info ][gc] GC(5966) Pause Young (Concurrent Start) (G1 Evacuation Pause) 238M->239M(256M) 8.093ms
[2020-01-29T22:12:24.390+0300][175.830s][info ][gc] GC(5967) Concurrent Cycle
[2020-01-29T22:12:24.409+0300][175.849s][info ][gc] GC(5968) To-space exhausted
[2020-01-29T22:12:24.409+0300][175.849s][info ][gc] GC(5968) Pause Young (Normal) (G1 Evacuation Pause) 249M->251M(256M) 12.740ms
[2020-01-29T22:12:24.422+0300][175.862s][info ][gc] GC(5969) To-space exhausted
[2020-01-29T22:12:24.422+0300][175.862s][info ][gc] GC(5969) Pause Young (Normal) (G1 Evacuation Pause) 255M->255M(256M) 11.249ms
[2020-01-29T22:12:24.422+0300][175.863s][debug][gc] GC(5970) Clear Next Bitmap 0.082ms
[2020-01-29T22:12:24.468+0300][175.909s][info ][gc] GC(5970) Pause Full (G1 Evacuation Pause) 255M->81M(256M) 46.221ms
[2020-01-29T22:12:24.469+0300][175.909s][info ][gc] GC(5967) Concurrent Cycle 78.545ms
[2020-01-29T22:12:24.513+0300][175.954s][info ][gc] GC(5971) Pause Young (Normal) (G1 Evacuation Pause) 127M->127M(256M) 26.799ms
[2020-01-29T22:12:24.536+0300][175.976s][info ][gc] GC(5972) Pause Young (Concurrent Start) (G1 Humongous Allocation) 136M->136M(256M) 8.388ms
[2020-01-29T22:12:24.536+0300][175.976s][info ][gc] GC(5973) Concurrent Cycle
[2020-01-29T22:12:24.548+0300][175.988s][debug][gc] GC(5973) Reclaimed 119 empty regions
[2020-01-29T22:12:24.548+0300][175.988s][info ][gc] GC(5973) Pause Remark 183M->66M(256M) 0.622ms
[2020-01-29T22:12:24.568+0300][176.008s][info ][gc] GC(5974) Pause Young (Normal) (G1 Evacuation Pause) 67M->63M(256M) 18.502ms
[2020-01-29T22:12:24.633+0300][176.073s][info ][gc] GC(5975) Pause Young (Normal) (G1 Evacuation Pause) 115M->116M(256M) 42.743ms
[2020-01-29T22:12:24.634+0300][176.074s][info ][gc] GC(5973) Pause Cleanup 117M->117M(256M) 0.039ms
[2020-01-29T22:12:24.634+0300][176.074s][info ][gc] GC(5973) Concurrent Cycle 98.017ms
[2020-01-29T22:12:24.699+0300][176.139s][info ][gc] GC(5976) Pause Young (Concurrent Start) (G1 Humongous Allocation) 151M->152M(256M) 39.604ms
[2020-01-29T22:12:24.699+0300][176.139s][info ][gc] GC(5977) Concurrent Cycle
[2020-01-29T22:12:24.739+0300][176.180s][info ][gc] GC(5978) Pause Young (Normal) (G1 Evacuation Pause) 196M->197M(256M) 18.247ms
[2020-01-29T22:12:24.744+0300][176.184s][debug][gc] GC(5977) Reclaimed 103 empty regions
[2020-01-29T22:12:24.744+0300][176.184s][info ][gc] GC(5977) Pause Remark 206M->103M(256M) 0.638ms
[2020-01-29T22:12:24.754+0300][176.194s][info ][gc] GC(5979) Pause Young (Normal) (G1 Evacuation Pause) 104M->104M(256M) 9.417ms
[2020-01-29T22:12:24.797+0300][176.237s][info ][gc] GC(5980) Pause Young (Normal) (G1 Evacuation Pause) 143M->144M(256M) 27.057ms
[2020-01-29T22:12:24.841+0300][176.281s][info ][gc] GC(5981) Pause Young (Normal) (G1 Evacuation Pause) 170M->170M(256M) 32.400ms
[2020-01-29T22:12:24.890+0300][176.330s][info ][gc] GC(5982) Pause Young (Normal) (G1 Evacuation Pause) 208M->210M(256M) 31.333ms
[2020-01-29T22:12:24.920+0300][176.360s][info ][gc] GC(5983) Pause Young (Normal) (G1 Evacuation Pause) 219M->220M(256M) 25.584ms
[2020-01-29T22:12:24.950+0300][176.391s][info ][gc] GC(5984) Pause Young (Normal) (G1 Evacuation Pause) 230M->230M(256M) 26.783ms
[2020-01-29T22:12:24.987+0300][176.428s][info ][gc] GC(5985) Pause Young (Normal) (G1 Evacuation Pause) 240M->241M(256M) 33.088ms
[2020-01-29T22:12:25.027+0300][176.467s][info ][gc] GC(5986) To-space exhausted
[2020-01-29T22:12:25.027+0300][176.468s][info ][gc] GC(5986) Pause Young (Normal) (G1 Evacuation Pause) 251M->254M(256M) 34.737ms
[2020-01-29T22:12:25.056+0300][176.497s][info ][gc] GC(5987) To-space exhausted
[2020-01-29T22:12:25.056+0300][176.497s][info ][gc] GC(5987) Pause Young (Normal) (G1 Evacuation Pause) 255M->255M(256M) 28.391ms
[2020-01-29T22:12:25.057+0300][176.497s][debug][gc] GC(5988) Clear Next Bitmap 0.066ms
[2020-01-29T22:12:25.090+0300][176.530s][info ][gc] GC(5988) Pause Full (G1 Evacuation Pause) 255M->63M(256M) 33.263ms
[2020-01-29T22:12:25.090+0300][176.530s][info ][gc] GC(5977) Concurrent Cycle 391.334ms
[2020-01-29T22:12:25.140+0300][176.580s][info ][gc] GC(5989) Pause Young (Normal) (G1 Evacuation Pause) 115M->115M(256M) 29.053ms
[2020-01-29T22:12:25.175+0300][176.615s][info ][gc] GC(5990) Pause Young (Concurrent Start) (G1 Humongous Allocation) 136M->138M(256M) 15.887ms
[2020-01-29T22:12:25.175+0300][176.615s][info ][gc] GC(5991) Concurrent Cycle
[2020-01-29T22:12:25.210+0300][176.650s][info ][gc] GC(5992) Pause Young (Normal) (G1 Evacuation Pause) 186M->186M(256M) 20.477ms
[2020-01-29T22:12:25.214+0300][176.654s][debug][gc] GC(5991) Reclaimed 105 empty regions
[2020-01-29T22:12:25.215+0300][176.655s][info ][gc] GC(5991) Pause Remark 196M->93M(256M) 0.633ms
[2020-01-29T22:12:25.225+0300][176.666s][info ][gc] GC(5993) Pause Young (Normal) (G1 Evacuation Pause) 95M->96M(256M) 9.928ms
[2020-01-29T22:12:25.271+0300][176.712s][info ][gc] GC(5994) Pause Young (Normal) (G1 Evacuation Pause) 137M->138M(256M) 29.577ms
[2020-01-29T22:12:25.319+0300][176.758s][info ][gc] GC(5995) Pause Young (Normal) (G1 Evacuation Pause) 166M->166M(256M) 35.415ms
[2020-01-29T22:12:25.368+0300][176.809s][info ][gc] GC(5996) Pause Young (Normal) (G1 Evacuation Pause) 205M->206M(256M) 31.345ms
[2020-01-29T22:12:25.399+0300][176.839s][info ][gc] GC(5997) Pause Young (Normal) (G1 Evacuation Pause) 215M->216M(256M) 25.725ms
[2020-01-29T22:12:25.433+0300][176.873s][info ][gc] GC(5998) Pause Young (Normal) (G1 Evacuation Pause) 226M->227M(256M) 28.862ms
[2020-01-29T22:12:25.435+0300][176.875s][info ][gc] GC(5991) Pause Cleanup 232M->232M(256M) 0.053ms
[2020-01-29T22:12:25.435+0300][176.875s][info ][gc] GC(5991) Concurrent Cycle 260.707ms
[2020-01-29T22:12:25.463+0300][176.903s][info ][gc] GC(5999) Pause Young (Normal) (G1 Evacuation Pause) 237M->237M(256M) 25.201ms
[2020-01-29T22:12:25.479+0300][176.919s][info ][gc] GC(6000) To-space exhausted
[2020-01-29T22:12:25.479+0300][176.919s][info ][gc] GC(6000) Pause Young (Concurrent Start) (G1 Evacuation Pause) 247M->250M(256M) 12.196ms
[2020-01-29T22:12:25.479+0300][176.919s][info ][gc] GC(6001) Concurrent Cycle
[2020-01-29T22:12:25.496+0300][176.935s][info ][gc] GC(6002) To-space exhausted
[2020-01-29T22:12:25.496+0300][176.935s][info ][gc] GC(6002) Pause Young (Normal) (G1 Evacuation Pause) 255M->255M(256M) 12.365ms
[2020-01-29T22:12:25.496+0300][176.936s][debug][gc] GC(6003) Clear Next Bitmap 0.095ms
[2020-01-29T22:12:25.536+0300][176.977s][info ][gc] GC(6003) Pause Full (G1 Evacuation Pause) 255M->78M(256M) 41.088ms
[2020-01-29T22:12:25.537+0300][176.977s][info ][gc] GC(6001) Concurrent Cycle 58.071ms
[2020-01-29T22:12:25.581+0300][177.021s][info ][gc] GC(6004) Pause Young (Normal) (G1 Evacuation Pause) 125M->125M(256M) 25.727ms
[2020-01-29T22:12:25.608+0300][177.048s][info ][gc] GC(6005) Pause Young (Concurrent Start) (G1 Humongous Allocation) 136M->137M(256M) 12.549ms
[2020-01-29T22:12:25.608+0300][177.048s][info ][gc] GC(6006) Concurrent Cycle
[2020-01-29T22:12:25.641+0300][177.081s][info ][gc] GC(6007) Pause Young (Normal) (G1 Evacuation Pause) 185M->186M(256M) 20.318ms
[2020-01-29T22:12:25.642+0300][177.082s][debug][gc] GC(6006) Reclaimed 117 empty regions
[2020-01-29T22:12:25.642+0300][177.082s][info ][gc] GC(6006) Pause Remark 188M->73M(256M) 0.639ms
[2020-01-29T22:12:25.657+0300][177.097s][info ][gc] GC(6008) Pause Young (Normal) (G1 Evacuation Pause) 83M->84M(256M) 10.503ms
[2020-01-29T22:12:25.707+0300][177.148s][info ][gc] GC(6009) Pause Young (Normal) (G1 Evacuation Pause) 129M->129M(256M) 33.681ms
[2020-01-29T22:12:25.772+0300][177.213s][info ][gc] GC(6010) Pause Young (Normal) (G1 Evacuation Pause) 180M->181M(256M) 41.200ms
[2020-01-29T22:12:25.776+0300][177.217s][info ][gc] GC(6006) Pause Cleanup 189M->189M(256M) 0.046ms
[2020-01-29T22:12:25.776+0300][177.217s][info ][gc] GC(6006) Concurrent Cycle 168.727ms
[2020-01-29T22:12:25.809+0300][177.249s][info ][gc] GC(6011) Pause Young (Normal) (G1 Evacuation Pause) 196M->198M(256M) 29.312ms
[2020-01-29T22:12:25.819+0300][177.259s][info ][gc] GC(6012) Pause Young (Concurrent Start) (G1 Evacuation Pause) 207M->207M(256M) 6.869ms
[2020-01-29T22:12:25.819+0300][177.259s][info ][gc] GC(6013) Concurrent Cycle
[2020-01-29T22:12:25.833+0300][177.274s][info ][gc] GC(6014) Pause Young (Normal) (G1 Evacuation Pause) 217M->217M(256M) 8.144ms
[2020-01-29T22:12:25.846+0300][177.286s][info ][gc] GC(6015) Pause Young (Normal) (G1 Evacuation Pause) 227M->228M(256M) 8.121ms
[2020-01-29T22:12:25.858+0300][177.298s][info ][gc] GC(6016) Pause Young (Normal) (G1 Evacuation Pause) 238M->239M(256M) 7.961ms
[2020-01-29T22:12:25.875+0300][177.315s][info ][gc] GC(6017) To-space exhausted
[2020-01-29T22:12:25.875+0300][177.315s][info ][gc] GC(6017) Pause Young (Normal) (G1 Evacuation Pause) 249M->251M(256M) 12.899ms
[2020-01-29T22:12:25.888+0300][177.328s][info ][gc] GC(6018) To-space exhausted
[2020-01-29T22:12:25.888+0300][177.329s][info ][gc] GC(6018) Pause Young (Normal) (G1 Evacuation Pause) 255M->255M(256M) 11.240ms
[2020-01-29T22:12:25.889+0300][177.329s][debug][gc] GC(6019) Clear Next Bitmap 0.077ms
[2020-01-29T22:12:25.938+0300][177.378s][info ][gc] GC(6019) Pause Full (G1 Evacuation Pause) 255M->90M(256M) 49.554ms
[2020-01-29T22:12:25.938+0300][177.378s][info ][gc] GC(6013) Concurrent Cycle 118.999ms
[2020-01-29T22:12:25.980+0300][177.420s][info ][gc] GC(6020) Pause Young (Normal) (G1 Evacuation Pause) 133M->133M(256M) 24.269ms
[2020-01-29T22:12:25.998+0300][177.438s][info ][gc] GC(6021) Pause Young (Concurrent Start) (G1 Humongous Allocation) 136M->138M(256M) 6.205ms
[2020-01-29T22:12:25.998+0300][177.438s][info ][gc] GC(6022) Concurrent Cycle
[2020-01-29T22:12:26.007+0300][177.447s][debug][gc] GC(6022) Reclaimed 122 empty regions
[2020-01-29T22:12:26.007+0300][177.447s][info ][gc] GC(6022) Pause Remark 178M->59M(256M) 0.648ms
[2020-01-29T22:12:26.028+0300][177.468s][info ][gc] GC(6023) Pause Young (Normal) (G1 Evacuation Pause) 66M->63M(256M) 17.774ms
[2020-01-29T22:12:26.044+0300][177.484s][info ][gc] GC(6022) Pause Cleanup 102M->102M(256M) 0.039ms
[2020-01-29T22:12:26.044+0300][177.484s][info ][gc] GC(6022) Concurrent Cycle 46.075ms
[2020-01-29T22:12:26.089+0300][177.529s][info ][gc] GC(6024) Pause Young (Normal) (G1 Evacuation Pause) 115M->115M(256M) 40.415ms
[2020-01-29T22:12:26.136+0300][177.577s][info ][gc] GC(6025) Pause Young (Concurrent Start) (G1 Humongous Allocation) 150M->151M(256M) 23.382ms
[2020-01-29T22:12:26.136+0300][177.577s][info ][gc] GC(6026) Concurrent Cycle
[2020-01-29T22:12:26.177+0300][177.617s][info ][gc] GC(6027) Pause Young (Normal) (G1 Evacuation Pause) 195M->195M(256M) 18.375ms
[2020-01-29T22:12:26.181+0300][177.622s][debug][gc] GC(6026) Reclaimed 101 empty regions
[2020-01-29T22:12:26.181+0300][177.622s][info ][gc] GC(6026) Pause Remark 201M->100M(256M) 0.645ms
[2020-01-29T22:12:26.192+0300][177.633s][info ][gc] GC(6028) Pause Young (Normal) (G1 Evacuation Pause) 104M->105M(256M) 9.307ms
[2020-01-29T22:12:26.234+0300][177.675s][info ][gc] GC(6029) Pause Young (Normal) (G1 Evacuation Pause) 143M->144M(256M) 26.822ms
[2020-01-29T22:12:26.277+0300][177.717s][info ][gc] GC(6030) Pause Young (Normal) (G1 Evacuation Pause) 170M->171M(256M) 32.037ms
[2020-01-29T22:12:26.327+0300][177.767s][info ][gc] GC(6031) Pause Young (Normal) (G1 Evacuation Pause) 209M->210M(256M) 32.141ms
[2020-01-29T22:12:26.358+0300][177.798s][info ][gc] GC(6032) Pause Young (Normal) (G1 Evacuation Pause) 219M->220M(256M) 26.692ms
[2020-01-29T22:12:26.389+0300][177.829s][info ][gc] GC(6033) Pause Young (Normal) (G1 Evacuation Pause) 230M->231M(256M) 26.759ms
[2020-01-29T22:12:26.422+0300][177.862s][info ][gc] GC(6034) Pause Young (Normal) (G1 Evacuation Pause) 241M->242M(256M) 28.382ms
[2020-01-29T22:12:26.462+0300][177.902s][info ][gc] GC(6035) To-space exhausted
[2020-01-29T22:12:26.462+0300][177.902s][info ][gc] GC(6035) Pause Young (Normal) (G1 Evacuation Pause) 252M->254M(256M) 35.708ms
[2020-01-29T22:12:26.489+0300][177.929s][info ][gc] GC(6036) To-space exhausted
[2020-01-29T22:12:26.489+0300][177.930s][info ][gc] GC(6036) Pause Young (Normal) (G1 Evacuation Pause) 255M->255M(256M) 26.721ms
[2020-01-29T22:12:26.490+0300][177.930s][debug][gc] GC(6037) Clear Next Bitmap 0.067ms
[2020-01-29T22:12:26.521+0300][177.961s][info ][gc] GC(6037) Pause Full (G1 Evacuation Pause) 255M->63M(256M) 31.801ms
[2020-01-29T22:12:26.522+0300][177.962s][info ][gc] GC(6026) Concurrent Cycle 385.104ms
[2020-01-29T22:12:26.571+0300][178.011s][info ][gc] GC(6038) Pause Young (Normal) (G1 Evacuation Pause) 115M->115M(256M) 29.147ms
[2020-01-29T22:12:26.609+0300][178.049s][info ][gc] GC(6039) Pause Young (Concurrent Start) (G1 Humongous Allocation) 137M->137M(256M) 18.263ms
[2020-01-29T22:12:26.609+0300][178.049s][info ][gc] GC(6040) Concurrent Cycle
[2020-01-29T22:12:26.644+0300][178.084s][info ][gc] GC(6041) Pause Young (Normal) (G1 Evacuation Pause) 185M->185M(256M) 20.650ms
[2020-01-29T22:12:26.648+0300][178.089s][debug][gc] GC(6040) Reclaimed 105 empty regions
[2020-01-29T22:12:26.648+0300][178.089s][info ][gc] GC(6040) Pause Remark 195M->92M(256M) 0.632ms
[2020-01-29T22:12:26.661+0300][178.102s][info ][gc] GC(6042) Pause Young (Normal) (G1 Evacuation Pause) 95M->96M(256M) 11.182ms
[2020-01-29T22:12:26.707+0300][178.148s][info ][gc] GC(6043) Pause Young (Normal) (G1 Evacuation Pause) 137M->138M(256M) 29.925ms
[2020-01-29T22:12:26.754+0300][178.194s][info ][gc] GC(6044) Pause Young (Normal) (G1 Evacuation Pause) 166M->166M(256M) 35.528ms
[2020-01-29T22:12:26.805+0300][178.245s][info ][gc] GC(6045) Pause Young (Normal) (G1 Evacuation Pause) 205M->206M(256M) 31.722ms
[2020-01-29T22:12:26.838+0300][178.278s][info ][gc] GC(6046) Pause Young (Normal) (G1 Evacuation Pause) 215M->215M(256M) 26.175ms
[2020-01-29T22:12:26.868+0300][178.308s][info ][gc] GC(6047) Pause Young (Normal) (G1 Evacuation Pause) 225M->225M(256M) 26.315ms
[2020-01-29T22:12:26.870+0300][178.310s][info ][gc] GC(6040) Pause Cleanup 229M->229M(256M) 0.050ms
[2020-01-29T22:12:26.870+0300][178.310s][info ][gc] GC(6040) Concurrent Cycle 261.455ms
[2020-01-29T22:12:26.898+0300][178.338s][info ][gc] GC(6048) Pause Young (Normal) (G1 Evacuation Pause) 235M->236M(256M) 25.097ms
[2020-01-29T22:12:26.913+0300][178.353s][info ][gc] GC(6049) To-space exhausted
[2020-01-29T22:12:26.913+0300][178.353s][info ][gc] GC(6049) Pause Young (Concurrent Start) (G1 Evacuation Pause) 246M->249M(256M) 10.927ms
[2020-01-29T22:12:26.913+0300][178.353s][info ][gc] GC(6050) Concurrent Cycle
[2020-01-29T22:12:26.930+0300][178.370s][info ][gc] GC(6051) To-space exhausted
[2020-01-29T22:12:26.930+0300][178.370s][info ][gc] GC(6051) Pause Young (Normal) (G1 Evacuation Pause) 255M->255M(256M) 12.652ms
[2020-01-29T22:12:26.930+0300][178.371s][debug][gc] GC(6052) Clear Next Bitmap 0.076ms
[2020-01-29T22:12:26.975+0300][178.415s][info ][gc] GC(6052) Pause Full (G1 Evacuation Pause) 255M->80M(256M) 44.578ms
[2020-01-29T22:12:26.975+0300][178.415s][info ][gc] GC(6050) Concurrent Cycle 62.352ms
[2020-01-29T22:12:27.019+0300][178.459s][info ][gc] GC(6053) Pause Young (Normal) (G1 Evacuation Pause) 127M->127M(256M) 25.735ms
[2020-01-29T22:12:27.042+0300][178.482s][info ][gc] GC(6054) Pause Young (Concurrent Start) (G1 Humongous Allocation) 136M->138M(256M) 9.033ms
[2020-01-29T22:12:27.042+0300][178.482s][info ][gc] GC(6055) Concurrent Cycle
[2020-01-29T22:12:27.054+0300][178.495s][debug][gc] GC(6055) Reclaimed 117 empty regions
[2020-01-29T22:12:27.054+0300][178.495s][info ][gc] GC(6055) Pause Remark 185M->70M(256M) 0.696ms
[2020-01-29T22:12:27.073+0300][178.513s][info ][gc] GC(6056) Pause Young (Normal) (G1 Evacuation Pause) 70M->67M(256M) 17.871ms
[2020-01-29T22:12:27.134+0300][178.574s][info ][gc] GC(6057) Pause Young (Normal) (G1 Evacuation Pause) 117M->118M(256M) 40.844ms
[2020-01-29T22:12:27.138+0300][178.578s][info ][gc] GC(6055) Pause Cleanup 128M->128M(256M) 0.044ms
[2020-01-29T22:12:27.138+0300][178.578s][info ][gc] GC(6055) Concurrent Cycle 95.824ms
[2020-01-29T22:12:27.190+0300][178.629s][info ][gc] GC(6058) Pause Young (Normal) (G1 Evacuation Pause) 152M->152M(256M) 41.863ms
[2020-01-29T22:12:27.207+0300][178.646s][info ][gc] GC(6059) Pause Young (Concurrent Start) (G1 Humongous Allocation) 155M->157M(256M) 5.180ms
[2020-01-29T22:12:27.207+0300][178.646s][info ][gc] GC(6060) Concurrent Cycle
[2020-01-29T22:12:27.215+0300][178.655s][debug][gc] GC(6060) Reclaimed 141 empty regions
[2020-01-29T22:12:27.215+0300][178.656s][info ][gc] GC(6060) Pause Remark 197M->56M(256M) 0.642ms
[2020-01-29T22:12:27.231+0300][178.671s][info ][gc] GC(6061) Pause Young (Normal) (G1 Evacuation Pause) 58M->55M(256M) 14.619ms
[2020-01-29T22:12:27.249+0300][178.689s][info ][gc] GC(6060) Pause Cleanup 100M->100M(256M) 0.037ms
[2020-01-29T22:12:27.249+0300][178.689s][info ][gc] GC(6060) Concurrent Cycle 42.598ms
[2020-01-29T22:12:27.292+0300][178.732s][info ][gc] GC(6062) Pause Young (Normal) (G1 Evacuation Pause) 109M->109M(256M) 39.135ms
[2020-01-29T22:12:27.331+0300][178.771s][info ][gc] GC(6063) Pause Young (Concurrent Start) (G1 Evacuation Pause) 146M->147M(256M) 24.576ms
[2020-01-29T22:12:27.331+0300][178.771s][info ][gc] GC(6064) Concurrent Cycle
[2020-01-29T22:12:27.374+0300][178.814s][info ][gc] GC(6065) Pause Young (Normal) (G1 Evacuation Pause) 192M->194M(256M) 18.855ms
[2020-01-29T22:12:27.387+0300][178.827s][info ][gc] GC(6066) Pause Young (Normal) (G1 Evacuation Pause) 204M->204M(256M) 9.307ms
[2020-01-29T22:12:27.399+0300][178.839s][info ][gc] GC(6067) Pause Young (Normal) (G1 Evacuation Pause) 214M->215M(256M) 8.090ms
[2020-01-29T22:12:27.411+0300][178.851s][info ][gc] GC(6068) Pause Young (Normal) (G1 Evacuation Pause) 225M->226M(256M) 8.068ms
[2020-01-29T22:12:27.423+0300][178.864s][info ][gc] GC(6069) Pause Young (Normal) (G1 Evacuation Pause) 236M->237M(256M) 8.034ms
[2020-01-29T22:12:27.438+0300][178.878s][info ][gc] GC(6070) To-space exhausted
[2020-01-29T22:12:27.438+0300][178.879s][info ][gc] GC(6070) Pause Young (Normal) (G1 Evacuation Pause) 247M->249M(256M) 10.907ms
[2020-01-29T22:12:27.453+0300][178.894s][info ][gc] GC(6071) To-space exhausted
[2020-01-29T22:12:27.453+0300][178.894s][info ][gc] GC(6071) Pause Young (Normal) (G1 Evacuation Pause) 255M->255M(256M) 12.701ms
[2020-01-29T22:12:27.453+0300][178.894s][debug][gc] GC(6072) Clear Next Bitmap 0.097ms
[2020-01-29T22:12:27.509+0300][178.949s][info ][gc] GC(6072) Pause Full (G1 Evacuation Pause) 255M->100M(256M) 55.538ms
[2020-01-29T22:12:27.509+0300][178.950s][info ][gc] GC(6064) Concurrent Cycle 178.813ms
[2020-01-29T22:12:27.553+0300][178.994s][info ][gc] GC(6073) Pause Young (Concurrent Start) (G1 Humongous Allocation) 136M->136M(256M) 19.745ms
[2020-01-29T22:12:27.553+0300][178.994s][info ][gc] GC(6074) Concurrent Cycle
[2020-01-29T22:12:27.593+0300][179.033s][info ][gc] GC(6075) Pause Young (Normal) (G1 Evacuation Pause) 184M->185M(256M) 20.192ms
[2020-01-29T22:12:27.597+0300][179.038s][debug][gc] GC(6074) Reclaimed 100 empty regions
[2020-01-29T22:12:27.597+0300][179.038s][info ][gc] GC(6074) Pause Remark 195M->98M(256M) 0.830ms
[2020-01-29T22:12:27.613+0300][179.053s][info ][gc] GC(6076) Pause Young (Normal) (G1 Evacuation Pause) 100M->100M(256M) 13.844ms
[2020-01-29T22:12:27.658+0300][179.098s][info ][gc] GC(6077) Pause Young (Normal) (G1 Evacuation Pause) 140M->141M(256M) 29.905ms
[2020-01-29T22:12:27.703+0300][179.143s][info ][gc] GC(6078) Pause Young (Normal) (G1 Evacuation Pause) 168M->169M(256M) 33.959ms
[2020-01-29T22:12:27.757+0300][179.196s][info ][gc] GC(6079) Pause Young (Normal) (G1 Evacuation Pause) 207M->207M(256M) 33.916ms
[2020-01-29T22:12:27.788+0300][179.228s][info ][gc] GC(6080) Pause Young (Normal) (G1 Evacuation Pause) 216M->217M(256M) 27.773ms
[2020-01-29T22:12:27.820+0300][179.261s][info ][gc] GC(6081) Pause Young (Normal) (G1 Evacuation Pause) 227M->228M(256M) 28.501ms
[2020-01-29T22:12:27.827+0300][179.268s][info ][gc] GC(6074) Pause Cleanup 238M->238M(256M) 0.044ms
[2020-01-29T22:12:27.827+0300][179.268s][info ][gc] GC(6074) Concurrent Cycle 274.062ms
[2020-01-29T22:12:27.853+0300][179.293s][info ][gc] GC(6082) Pause Young (Normal) (G1 Evacuation Pause) 238M->238M(256M) 25.161ms
[2020-01-29T22:12:27.871+0300][179.311s][info ][gc] GC(6083) To-space exhausted
[2020-01-29T22:12:27.871+0300][179.311s][info ][gc] GC(6083) Pause Young (Concurrent Start) (G1 Evacuation Pause) 248M->252M(256M) 14.130ms
[2020-01-29T22:12:27.871+0300][179.311s][info ][gc] GC(6084) Concurrent Cycle
[2020-01-29T22:12:27.884+0300][179.324s][info ][gc] GC(6085) To-space exhausted
[2020-01-29T22:12:27.884+0300][179.324s][info ][gc] GC(6085) Pause Young (Normal) (G1 Evacuation Pause) 255M->255M(256M) 9.400ms
[2020-01-29T22:12:27.884+0300][179.325s][debug][gc] GC(6086) Clear Next Bitmap 0.073ms
[2020-01-29T22:12:27.930+0300][179.370s][info ][gc] GC(6086) Pause Full (G1 Evacuation Pause) 255M->73M(256M) 45.473ms
[2020-01-29T22:12:27.930+0300][179.370s][info ][gc] GC(6084) Concurrent Cycle 58.997ms
[2020-01-29T22:12:27.977+0300][179.417s][info ][gc] GC(6087) Pause Young (Normal) (G1 Evacuation Pause) 122M->122M(256M) 27.415ms
[2020-01-29T22:12:28.005+0300][179.445s][info ][gc] GC(6088) Pause Young (Concurrent Start) (G1 Humongous Allocation) 136M->137M(256M) 12.377ms
[2020-01-29T22:12:28.005+0300][179.445s][info ][gc] GC(6089) Concurrent Cycle
[2020-01-29T22:12:28.037+0300][179.477s][info ][gc] GC(6090) Pause Young (Normal) (G1 Evacuation Pause) 185M->186M(256M) 19.883ms
[2020-01-29T22:12:28.041+0300][179.481s][debug][gc] GC(6089) Reclaimed 111 empty regions
[2020-01-29T22:12:28.041+0300][179.481s][info ][gc] GC(6089) Pause Remark 193M->84M(256M) 0.628ms
[2020-01-29T22:12:28.055+0300][179.495s][info ][gc] GC(6091) Pause Young (Normal) (G1 Evacuation Pause) 89M->90M(256M) 11.511ms
[2020-01-29T22:12:28.103+0300][179.543s][info ][gc] GC(6092) Pause Young (Normal) (G1 Evacuation Pause) 133M->134M(256M) 31.372ms
[2020-01-29T22:12:28.152+0300][179.593s][info ][gc] GC(6093) Pause Young (Normal) (G1 Evacuation Pause) 163M->163M(256M) 37.999ms
[2020-01-29T22:12:28.205+0300][179.645s][info ][gc] GC(6094) Pause Young (Normal) (G1 Evacuation Pause) 203M->204M(256M) 32.645ms
[2020-01-29T22:12:28.209+0300][179.649s][info ][gc] GC(6089) Pause Cleanup 211M->211M(256M) 0.049ms
[2020-01-29T22:12:28.209+0300][179.649s][info ][gc] GC(6089) Concurrent Cycle 203.941ms
[2020-01-29T22:12:28.235+0300][179.675s][info ][gc] GC(6095) Pause Young (Normal) (G1 Evacuation Pause) 212M->214M(256M) 25.195ms
[2020-01-29T22:12:28.247+0300][179.687s][info ][gc] GC(6096) Pause Young (Concurrent Start) (G1 Evacuation Pause) 224M->225M(256M) 8.108ms
[2020-01-29T22:12:28.247+0300][179.687s][info ][gc] GC(6097) Concurrent Cycle
[2020-01-29T22:12:28.257+0300][179.701s][info ][gc] GC(6098) Pause Young (Normal) (G1 Evacuation Pause) 235M->236M(256M) 7.755ms
[2020-01-29T22:12:28.272+0300][179.715s][info ][gc] GC(6099) To-space exhausted
[2020-01-29T22:12:28.272+0300][179.715s][info ][gc] GC(6099) Pause Young (Normal) (G1 Evacuation Pause) 246M->248M(256M) 10.311ms
[2020-01-29T22:12:28.292+0300][179.732s][info ][gc] GC(6100) To-space exhausted
[2020-01-29T22:12:28.292+0300][179.732s][info ][gc] GC(6100) Pause Young (Normal) (G1 Evacuation Pause) 255M->255M(256M) 14.130ms
[2020-01-29T22:12:28.292+0300][179.732s][debug][gc] GC(6101) Clear Next Bitmap 0.077ms
[2020-01-29T22:12:28.337+0300][179.777s][info ][gc] GC(6101) Pause Full (G1 Evacuation Pause) 255M->84M(256M) 44.528ms
[2020-01-29T22:12:28.337+0300][179.777s][info ][gc] GC(6097) Concurrent Cycle 90.388ms
[2020-01-29T22:12:28.377+0300][179.820s][info ][gc] GC(6102) Pause Young (Normal) (G1 Evacuation Pause) 129M->130M(256M) 24.609ms
[2020-01-29T22:12:28.397+0300][179.840s][info ][gc] GC(6103) Pause Young (Concurrent Start) (G1 Humongous Allocation) 137M->137M(256M) 8.844ms
[2020-01-29T22:12:28.397+0300][179.840s][info ][gc] GC(6104) Concurrent Cycle
[2020-01-29T22:12:28.412+0300][179.851s][debug][gc] GC(6104) Reclaimed 121 empty regions
[2020-01-29T22:12:28.412+0300][179.852s][info ][gc] GC(6104) Pause Remark 181M->64M(256M) 0.665ms
[2020-01-29T22:12:28.427+0300][179.870s][info ][gc] GC(6105) Pause Young (Normal) (G1 Evacuation Pause) 66M->62M(256M) 17.644ms
[2020-01-29T22:12:28.447+0300][179.891s][info ][gc] GC(6104) Pause Cleanup 113M->113M(256M) 0.040ms
[2020-01-29T22:12:28.447+0300][179.891s][info ][gc] GC(6104) Concurrent Cycle 50.379ms
[2020-01-29T22:12:28.487+0300][179.931s][info ][gc] GC(6106) Pause Young (Normal) (G1 Evacuation Pause) 114M->115M(256M) 39.990ms
[2020-01-29T22:12:28.527+0300][179.969s][info ][gc] GC(6107) Pause Young (Concurrent Start) (G1 Evacuation Pause) 150M->151M(256M) 23.477ms
[2020-01-29T22:12:28.527+0300][179.969s][info ][gc] GC(6108) Concurrent Cycle
[2020-01-29T22:12:28.577+0300][180.020s][info ][gc] GC(6109) Pause Young (Normal) (G1 Evacuation Pause) 195M->195M(256M) 18.332ms
[2020-01-29T22:12:28.592+0300][180.035s][info ][gc] GC(6110) Pause Young (Normal) (G1 Evacuation Pause) 205M->206M(256M) 10.345ms
[2020-01-29T22:12:28.607+0300][180.047s][info ][gc] GC(6111) Pause Young (Normal) (G1 Evacuation Pause) 216M->217M(256M) 7.438ms
[2020-01-29T22:12:28.617+0300][180.058s][info ][gc] GC(6112) Pause Young (Normal) (G1 Evacuation Pause) 227M->227M(256M) 7.193ms
[2020-01-29T22:12:28.632+0300][180.073s][info ][gc] GC(6113) Pause Young (Normal) (G1 Evacuation Pause) 237M->238M(256M) 8.530ms
[2020-01-29T22:12:28.647+0300][180.090s][info ][gc] GC(6114) To-space exhausted
[2020-01-29T22:12:28.647+0300][180.090s][info ][gc] GC(6114) Pause Young (Normal) (G1 Evacuation Pause) 248M->251M(256M) 12.328ms
[2020-01-29T22:12:28.662+0300][180.103s][info ][gc] GC(6115) To-space exhausted
[2020-01-29T22:12:28.662+0300][180.103s][info ][gc] GC(6115) Pause Young (Normal) (G1 Evacuation Pause) 255M->255M(256M) 11.306ms
[2020-01-29T22:12:28.662+0300][180.103s][debug][gc] GC(6116) Clear Next Bitmap 0.091ms
[2020-01-29T22:12:28.717+0300][180.157s][info ][gc] GC(6116) Pause Full (G1 Evacuation Pause) 255M->98M(256M) 53.767ms
[2020-01-29T22:12:28.717+0300][180.157s][info ][gc] GC(6108) Concurrent Cycle 187.629ms
[2020-01-29T22:12:28.762+0300][180.203s][info ][gc] GC(6117) Pause Young (Concurrent Start) (G1 Humongous Allocation) 136M->136M(256M) 21.290ms
[2020-01-29T22:12:28.762+0300][180.203s][info ][gc] GC(6118) Concurrent Cycle
[2020-01-29T22:12:28.802+0300][180.243s][info ][gc] GC(6119) Pause Young (Normal) (G1 Evacuation Pause) 184M->186M(256M) 20.476ms
[2020-01-29T22:12:28.807+0300][180.248s][debug][gc] GC(6118) Reclaimed 96 empty regions
[2020-01-29T22:12:28.807+0300][180.248s][info ][gc] GC(6118) Pause Remark 195M->102M(256M) 0.702ms
[2020-01-29T22:12:28.817+0300][180.261s][info ][gc] GC(6120) Pause Young (Normal) (G1 Evacuation Pause) 105M->106M(256M) 11.450ms
[2020-01-29T22:12:28.862+0300][180.305s][info ][gc] GC(6121) Pause Young (Normal) (G1 Evacuation Pause) 144M->144M(256M) 28.326ms
[2020-01-29T22:12:28.907+0300][180.349s][info ][gc] GC(6122) Pause Young (Normal) (G1 Evacuation Pause) 170M->171M(256M) 33.487ms
[2020-01-29T22:12:28.957+0300][180.398s][info ][gc] GC(6123) Pause Young (Normal) (G1 Evacuation Pause) 209M->210M(256M) 30.234ms
[2020-01-29T22:12:28.982+0300][180.427s][info ][gc] GC(6124) Pause Young (Normal) (G1 Evacuation Pause) 219M->220M(256M) 24.532ms
[2020-01-29T22:12:29.012+0300][180.456s][info ][gc] GC(6125) Pause Young (Normal) (G1 Evacuation Pause) 230M->231M(256M) 25.615ms
[2020-01-29T22:12:29.047+0300][180.488s][info ][gc] GC(6126) Pause Young (Normal) (G1 Evacuation Pause) 241M->242M(256M) 27.457ms
[2020-01-29T22:12:29.088+0300][180.529s][info ][gc] GC(6127) To-space exhausted
[2020-01-29T22:12:29.089+0300][180.529s][info ][gc] GC(6127) Pause Young (Normal) (G1 Evacuation Pause) 252M->255M(256M) 36.675ms
[2020-01-29T22:12:29.089+0300][180.529s][debug][gc] GC(6128) Clear Next Bitmap 0.062ms
[2020-01-29T22:12:29.126+0300][180.566s][info ][gc] GC(6128) Pause Full (G1 Evacuation Pause) 255M->68M(256M) 37.415ms
[2020-01-29T22:12:29.126+0300][180.567s][info ][gc] GC(6118) Concurrent Cycle 363.656ms
[2020-01-29T22:12:29.175+0300][180.615s][info ][gc] GC(6129) Pause Young (Normal) (G1 Evacuation Pause) 119M->119M(256M) 28.575ms
[2020-01-29T22:12:29.206+0300][180.647s][info ][gc] GC(6130) Pause Young (Concurrent Start) (G1 Humongous Allocation) 137M->137M(256M) 13.869ms
[2020-01-29T22:12:29.207+0300][180.647s][info ][gc] GC(6131) Concurrent Cycle
[2020-01-29T22:12:29.239+0300][180.679s][info ][gc] GC(6132) Pause Young (Normal) (G1 Evacuation Pause) 184M->185M(256M) 19.370ms
[2020-01-29T22:12:29.243+0300][180.683s][debug][gc] GC(6131) Reclaimed 111 empty regions
[2020-01-29T22:12:29.243+0300][180.683s][info ][gc] GC(6131) Pause Remark 195M->86M(256M) 0.634ms
[2020-01-29T22:12:29.253+0300][180.693s][info ][gc] GC(6133) Pause Young (Normal) (G1 Evacuation Pause) 89M->90M(256M) 8.978ms
[2020-01-29T22:12:29.301+0300][180.741s][info ][gc] GC(6134) Pause Young (Normal) (G1 Evacuation Pause) 133M->134M(256M) 30.996ms
[2020-01-29T22:12:29.350+0300][180.790s][info ][gc] GC(6135) Pause Young (Normal) (G1 Evacuation Pause) 163M->164M(256M) 37.666ms
[2020-01-29T22:12:29.403+0300][180.844s][info ][gc] GC(6136) Pause Young (Normal) (G1 Evacuation Pause) 204M->205M(256M) 34.571ms
[2020-01-29T22:12:29.436+0300][180.877s][info ][gc] GC(6137) Pause Young (Normal) (G1 Evacuation Pause) 213M->214M(256M) 28.746ms
[2020-01-29T22:12:29.440+0300][180.880s][info ][gc] GC(6131) Pause Cleanup 221M->221M(256M) 0.045ms
[2020-01-29T22:12:29.441+0300][180.881s][info ][gc] GC(6131) Concurrent Cycle 233.915ms
[2020-01-29T22:12:29.467+0300][180.907s][info ][gc] GC(6138) Pause Young (Normal) (G1 Evacuation Pause) 224M->225M(256M) 25.718ms
[2020-01-29T22:12:29.480+0300][180.920s][info ][gc] GC(6139) Pause Young (Concurrent Start) (G1 Evacuation Pause) 235M->235M(256M) 8.226ms
[2020-01-29T22:12:29.480+0300][180.920s][info ][gc] GC(6140) Concurrent Cycle
[2020-01-29T22:12:29.497+0300][180.937s][info ][gc] GC(6141) To-space exhausted
[2020-01-29T22:12:29.497+0300][180.937s][info ][gc] GC(6141) Pause Young (Normal) (G1 Evacuation Pause) 245M->248M(256M) 10.936ms
[2020-01-29T22:12:29.514+0300][180.954s][info ][gc] GC(6142) To-space exhausted
[2020-01-29T22:12:29.514+0300][180.954s][info ][gc] GC(6142) Pause Young (Normal) (G1 Evacuation Pause) 255M->255M(256M) 14.185ms
[2020-01-29T22:12:29.514+0300][180.954s][debug][gc] GC(6143) Clear Next Bitmap 0.074ms
[2020-01-29T22:12:29.557+0300][180.997s][info ][gc] GC(6143) Pause Full (G1 Evacuation Pause) 255M->82M(256M) 43.292ms
[2020-01-29T22:12:29.557+0300][180.998s][info ][gc] GC(6140) Concurrent Cycle 77.910ms
[2020-01-29T22:12:29.601+0300][181.041s][info ][gc] GC(6144) Pause Young (Normal) (G1 Evacuation Pause) 128M->129M(256M) 25.777ms
[2020-01-29T22:12:29.626+0300][181.066s][info ][gc] GC(6145) Pause Young (Concurrent Start) (G1 Humongous Allocation) 137M->137M(256M) 11.579ms
[2020-01-29T22:12:29.626+0300][181.066s][info ][gc] GC(6146) Concurrent Cycle
[2020-01-29T22:12:29.638+0300][181.078s][debug][gc] GC(6146) Reclaimed 121 empty regions
[2020-01-29T22:12:29.638+0300][181.078s][info ][gc] GC(6146) Pause Remark 183M->64M(256M) 0.708ms
[2020-01-29T22:12:29.657+0300][181.097s][info ][gc] GC(6147) Pause Young (Normal) (G1 Evacuation Pause) 66M->62M(256M) 18.084ms
[2020-01-29T22:12:29.721+0300][181.160s][info ][gc] GC(6148) Pause Young (Normal) (G1 Evacuation Pause) 114M->115M(256M) 42.472ms
[2020-01-29T22:12:29.721+0300][181.161s][info ][gc] GC(6146) Pause Cleanup 117M->117M(256M) 0.035ms
[2020-01-29T22:12:29.722+0300][181.161s][info ][gc] GC(6146) Concurrent Cycle 95.147ms
[2020-01-29T22:12:29.785+0300][181.226s][info ][gc] GC(6149) Pause Young (Concurrent Start) (G1 Humongous Allocation) 150M->151M(256M) 41.804ms
[2020-01-29T22:12:29.786+0300][181.226s][info ][gc] GC(6150) Concurrent Cycle
[2020-01-29T22:12:29.826+0300][181.267s][info ][gc] GC(6151) Pause Young (Normal) (G1 Evacuation Pause) 195M->196M(256M) 18.417ms
[2020-01-29T22:12:29.831+0300][181.272s][debug][gc] GC(6150) Reclaimed 101 empty regions
[2020-01-29T22:12:29.831+0300][181.272s][info ][gc] GC(6150) Pause Remark 206M->105M(256M) 0.648ms
[2020-01-29T22:12:29.840+0300][181.281s][info ][gc] GC(6152) Pause Young (Normal) (G1 Evacuation Pause) 105M->105M(256M) 8.260ms
[2020-01-29T22:12:29.882+0300][181.322s][info ][gc] GC(6153) Pause Young (Normal) (G1 Evacuation Pause) 143M->144M(256M) 26.887ms
[2020-01-29T22:12:29.925+0300][181.365s][info ][gc] GC(6154) Pause Young (Normal) (G1 Evacuation Pause) 170M->170M(256M) 32.703ms
[2020-01-29T22:12:29.976+0300][181.416s][info ][gc] GC(6155) Pause Young (Normal) (G1 Evacuation Pause) 208M->209M(256M) 30.810ms
[2020-01-29T22:12:30.005+0300][181.445s][info ][gc] GC(6156) Pause Young (Normal) (G1 Evacuation Pause) 218M->219M(256M) 25.120ms
[2020-01-29T22:12:30.036+0300][181.476s][info ][gc] GC(6157) Pause Young (Normal) (G1 Evacuation Pause) 229M->230M(256M) 26.795ms
[2020-01-29T22:12:30.069+0300][181.509s][info ][gc] GC(6158) Pause Young (Normal) (G1 Evacuation Pause) 240M->241M(256M) 27.757ms
[2020-01-29T22:12:30.107+0300][181.547s][info ][gc] GC(6159) To-space exhausted
[2020-01-29T22:12:30.107+0300][181.547s][info ][gc] GC(6159) Pause Young (Normal) (G1 Evacuation Pause) 251M->254M(256M) 33.526ms
[2020-01-29T22:12:30.136+0300][181.576s][info ][gc] GC(6160) To-space exhausted
[2020-01-29T22:12:30.136+0300][181.576s][info ][gc] GC(6160) Pause Young (Normal) (G1 Evacuation Pause) 255M->255M(256M) 26.352ms
[2020-01-29T22:12:30.136+0300][181.576s][debug][gc] GC(6161) Clear Next Bitmap 0.058ms
[2020-01-29T22:12:30.167+0300][181.610s][info ][gc] GC(6161) Pause Full (G1 Evacuation Pause) 255M->62M(256M) 33.857ms
[2020-01-29T22:12:30.167+0300][181.610s][info ][gc] GC(6150) Concurrent Cycle 384.008ms
[2020-01-29T22:12:30.217+0300][181.659s][info ][gc] GC(6162) Pause Young (Normal) (G1 Evacuation Pause) 114M->114M(256M) 29.051ms
[2020-01-29T22:12:30.257+0300][181.700s][info ][gc] GC(6163) Pause Young (Concurrent Start) (G1 Humongous Allocation) 136M->137M(256M) 16.959ms
[2020-01-29T22:12:30.257+0300][181.700s][info ][gc] GC(6164) Concurrent Cycle
[2020-01-29T22:12:30.292+0300][181.736s][info ][gc] GC(6165) Pause Young (Normal) (G1 Evacuation Pause) 185M->185M(256M) 20.455ms
[2020-01-29T22:12:30.297+0300][181.741s][debug][gc] GC(6164) Reclaimed 104 empty regions
[2020-01-29T22:12:30.297+0300][181.741s][info ][gc] GC(6164) Pause Remark 196M->94M(256M) 0.629ms
[2020-01-29T22:12:30.312+0300][181.754s][info ][gc] GC(6166) Pause Young (Normal) (G1 Evacuation Pause) 96M->97M(256M) 11.723ms
[2020-01-29T22:12:30.357+0300][181.801s][info ][gc] GC(6167) Pause Young (Normal) (G1 Evacuation Pause) 138M->139M(256M) 30.972ms
[2020-01-29T22:12:30.412+0300][181.852s][info ][gc] GC(6168) Pause Young (Normal) (G1 Evacuation Pause) 167M->168M(256M) 39.093ms
[2020-01-29T22:12:30.457+0300][181.902s][info ][gc] GC(6169) Pause Young (Normal) (G1 Evacuation Pause) 207M->207M(256M) 32.743ms
[2020-01-29T22:12:30.492+0300][181.934s][info ][gc] GC(6170) Pause Young (Normal) (G1 Evacuation Pause) 216M->217M(256M) 26.002ms
[2020-01-29T22:12:30.522+0300][181.966s][info ][gc] GC(6171) Pause Young (Normal) (G1 Evacuation Pause) 227M->227M(256M) 27.060ms
[2020-01-29T22:12:30.527+0300][181.969s][info ][gc] GC(6164) Pause Cleanup 235M->235M(256M) 0.055ms
[2020-01-29T22:12:30.527+0300][181.970s][info ][gc] GC(6164) Concurrent Cycle 269.176ms
[2020-01-29T22:12:30.552+0300][181.996s][info ][gc] GC(6172) Pause Young (Normal) (G1 Evacuation Pause) 237M->238M(256M) 25.452ms
[2020-01-29T22:12:30.572+0300][182.013s][info ][gc] GC(6173) To-space exhausted
[2020-01-29T22:12:30.572+0300][182.013s][info ][gc] GC(6173) Pause Young (Concurrent Start) (G1 Evacuation Pause) 248M->251M(256M) 13.517ms
[2020-01-29T22:12:30.572+0300][182.013s][info ][gc] GC(6174) Concurrent Cycle
[2020-01-29T22:12:30.587+0300][182.028s][info ][gc] GC(6175) To-space exhausted
[2020-01-29T22:12:30.587+0300][182.029s][info ][gc] GC(6175) Pause Young (Normal) (G1 Evacuation Pause) 255M->255M(256M) 11.348ms
[2020-01-29T22:12:30.587+0300][182.029s][debug][gc] GC(6176) Clear Next Bitmap 0.075ms
[2020-01-29T22:12:30.627+0300][182.069s][info ][gc] GC(6176) Pause Full (G1 Evacuation Pause) 255M->79M(256M) 40.693ms
[2020-01-29T22:12:30.627+0300][182.070s][info ][gc] GC(6174) Concurrent Cycle 56.118ms
[2020-01-29T22:12:30.677+0300][182.121s][info ][gc] GC(6177) Pause Young (Normal) (G1 Evacuation Pause) 126M->126M(256M) 32.910ms
[2020-01-29T22:12:30.712+0300][182.152s][info ][gc] GC(6178) Pause Young (Concurrent Start) (G1 Humongous Allocation) 137M->137M(256M) 10.310ms
[2020-01-29T22:12:30.712+0300][182.152s][info ][gc] GC(6179) Concurrent Cycle
[2020-01-29T22:12:30.742+0300][182.184s][info ][gc] GC(6180) Pause Young (Normal) (G1 Evacuation Pause) 185M->186M(256M) 19.984ms
[2020-01-29T22:12:30.746+0300][182.186s][debug][gc] GC(6179) Reclaimed 115 empty regions
[2020-01-29T22:12:30.746+0300][182.186s][info ][gc] GC(6179) Pause Remark 188M->75M(256M) 0.651ms
[2020-01-29T22:12:30.760+0300][182.200s][info ][gc] GC(6181) Pause Young (Normal) (G1 Evacuation Pause) 85M->85M(256M) 10.166ms
[2020-01-29T22:12:30.807+0300][182.251s][info ][gc] GC(6182) Pause Young (Normal) (G1 Evacuation Pause) 130M->131M(256M) 33.503ms
[2020-01-29T22:12:30.867+0300][182.310s][info ][gc] GC(6183) Pause Young (Normal) (G1 Evacuation Pause) 181M->182M(256M) 37.679ms
[2020-01-29T22:12:30.907+0300][182.350s][info ][gc] GC(6184) Pause Young (Normal) (G1 Evacuation Pause) 196M->196M(256M) 33.135ms
[2020-01-29T22:12:30.907+0300][182.351s][info ][gc] GC(6179) Pause Cleanup 198M->198M(256M) 0.043ms
[2020-01-29T22:12:30.907+0300][182.351s][info ][gc] GC(6179) Concurrent Cycle 199.204ms
[2020-01-29T22:12:30.941+0300][182.382s][info ][gc] GC(6185) Pause Young (Normal) (G1 Evacuation Pause) 206M->207M(256M) 27.258ms
[2020-01-29T22:12:30.952+0300][182.394s][info ][gc] GC(6186) Pause Young (Concurrent Start) (G1 Evacuation Pause) 217M->218M(256M) 8.349ms
[2020-01-29T22:12:30.952+0300][182.394s][info ][gc] GC(6187) Concurrent Cycle
[2020-01-29T22:12:30.967+0300][182.409s][info ][gc] GC(6188) Pause Young (Normal) (G1 Evacuation Pause) 228M->229M(256M) 8.082ms
[2020-01-29T22:12:30.977+0300][182.421s][info ][gc] GC(6189) Pause Young (Normal) (G1 Evacuation Pause) 239M->240M(256M) 8.306ms
[2020-01-29T22:12:30.997+0300][182.439s][info ][gc] GC(6190) To-space exhausted
[2020-01-29T22:12:30.997+0300][182.439s][info ][gc] GC(6190) Pause Young (Normal) (G1 Evacuation Pause) 250M->252M(256M) 13.473ms
[2020-01-29T22:12:31.007+0300][182.450s][info ][gc] GC(6191) To-space exhausted
[2020-01-29T22:12:31.007+0300][182.450s][info ][gc] GC(6191) Pause Young (Normal) (G1 Evacuation Pause) 255M->255M(256M) 9.821ms
[2020-01-29T22:12:31.007+0300][182.450s][debug][gc] GC(6192) Clear Next Bitmap 0.087ms
[2020-01-29T22:12:31.057+0300][182.497s][info ][gc] GC(6192) Pause Full (G1 Evacuation Pause) 255M->88M(256M) 47.400ms
[2020-01-29T22:12:31.057+0300][182.498s][info ][gc] GC(6187) Concurrent Cycle 103.364ms
[2020-01-29T22:12:31.097+0300][182.539s][info ][gc] GC(6193) Pause Young (Normal) (G1 Evacuation Pause) 132M->132M(256M) 24.439ms
[2020-01-29T22:12:31.118+0300][182.558s][info ][gc] GC(6194) Pause Young (Concurrent Start) (G1 Humongous Allocation) 137M->138M(256M) 7.221ms
[2020-01-29T22:12:31.118+0300][182.558s][info ][gc] GC(6195) Concurrent Cycle
[2020-01-29T22:12:31.128+0300][182.568s][debug][gc] GC(6195) Reclaimed 120 empty regions
[2020-01-29T22:12:31.128+0300][182.568s][info ][gc] GC(6195) Pause Remark 179M->61M(256M) 0.654ms
[2020-01-29T22:12:31.149+0300][182.589s][info ][gc] GC(6196) Pause Young (Normal) (G1 Evacuation Pause) 67M->63M(256M) 17.792ms
[2020-01-29T22:12:31.165+0300][182.605s][info ][gc] GC(6195) Pause Cleanup 104M->104M(256M) 0.043ms
[2020-01-29T22:12:31.165+0300][182.605s][info ][gc] GC(6195) Concurrent Cycle 47.001ms
[2020-01-29T22:12:31.210+0300][182.650s][info ][gc] GC(6197) Pause Young (Normal) (G1 Evacuation Pause) 115M->116M(256M) 40.082ms
[2020-01-29T22:12:31.258+0300][182.698s][info ][gc] GC(6198) Pause Young (Concurrent Start) (G1 Humongous Allocation) 151M->152M(256M) 23.815ms
[2020-01-29T22:12:31.258+0300][182.698s][info ][gc] GC(6199) Concurrent Cycle
[2020-01-29T22:12:31.299+0300][182.739s][info ][gc] GC(6200) Pause Young (Normal) (G1 Evacuation Pause) 196M->197M(256M) 18.388ms
[2020-01-29T22:12:31.303+0300][182.744s][debug][gc] GC(6199) Reclaimed 101 empty regions
[2020-01-29T22:12:31.303+0300][182.744s][info ][gc] GC(6199) Pause Remark 206M->105M(256M) 0.728ms
[2020-01-29T22:12:31.313+0300][182.754s][info ][gc] GC(6201) Pause Young (Normal) (G1 Evacuation Pause) 106M->106M(256M) 9.525ms
[2020-01-29T22:12:31.355+0300][182.796s][info ][gc] GC(6202) Pause Young (Normal) (G1 Evacuation Pause) 144M->145M(256M) 26.799ms
[2020-01-29T22:12:31.399+0300][182.839s][info ][gc] GC(6203) Pause Young (Normal) (G1 Evacuation Pause) 171M->172M(256M) 32.394ms
[2020-01-29T22:12:31.452+0300][182.892s][info ][gc] GC(6204) Pause Young (Normal) (G1 Evacuation Pause) 209M->209M(256M) 33.152ms
[2020-01-29T22:12:31.482+0300][182.922s][info ][gc] GC(6205) Pause Young (Normal) (G1 Evacuation Pause) 218M->219M(256M) 26.651ms
[2020-01-29T22:12:31.515+0300][182.955s][info ][gc] GC(6206) Pause Young (Normal) (G1 Evacuation Pause) 229M->230M(256M) 28.755ms
[2020-01-29T22:12:31.549+0300][182.989s][info ][gc] GC(6207) Pause Young (Normal) (G1 Evacuation Pause) 240M->241M(256M) 28.833ms
[2020-01-29T22:12:31.587+0300][183.027s][info ][gc] GC(6208) To-space exhausted
[2020-01-29T22:12:31.588+0300][183.027s][info ][gc] GC(6208) Pause Young (Normal) (G1 Evacuation Pause) 251M->254M(256M) 34.268ms
[2020-01-29T22:12:31.596+0300][183.036s][info ][gc] GC(6199) Pause Cleanup 255M->255M(256M) 0.053ms
[2020-01-29T22:12:31.596+0300][183.036s][info ][gc] GC(6199) Concurrent Cycle 338.034ms
[2020-01-29T22:12:31.616+0300][183.056s][info ][gc] GC(6209) To-space exhausted
[2020-01-29T22:12:31.616+0300][183.056s][info ][gc] GC(6209) Pause Young (Normal) (G1 Evacuation Pause) 255M->255M(256M) 19.303ms
[2020-01-29T22:12:31.647+0300][183.087s][info ][gc] GC(6210) Pause Full (G1 Evacuation Pause) 255M->62M(256M) 31.072ms
[2020-01-29T22:12:31.703+0300][183.143s][info ][gc] GC(6211) Pause Young (Concurrent Start) (G1 Evacuation Pause) 120M->119M(256M) 32.595ms
[2020-01-29T22:12:31.703+0300][183.143s][info ][gc] GC(6212) Concurrent Cycle
[2020-01-29T22:12:31.759+0300][183.199s][info ][gc] GC(6213) Pause Young (Normal) (G1 Evacuation Pause) 174M->175M(256M) 25.730ms
[2020-01-29T22:12:31.778+0300][183.219s][info ][gc] GC(6214) Pause Young (Normal) (G1 Evacuation Pause) 191M->193M(256M) 13.255ms
[2020-01-29T22:12:31.792+0300][183.232s][info ][gc] GC(6215) Pause Young (Normal) (G1 Evacuation Pause) 204M->205M(256M) 8.543ms
[2020-01-29T22:12:31.803+0300][183.244s][info ][gc] GC(6216) Pause Young (Normal) (G1 Evacuation Pause) 215M->216M(256M) 7.764ms
[2020-01-29T22:12:31.816+0300][183.256s][info ][gc] GC(6217) Pause Young (Normal) (G1 Evacuation Pause) 226M->227M(256M) 7.963ms
[2020-01-29T22:12:31.828+0300][183.268s][info ][gc] GC(6218) Pause Young (Normal) (G1 Evacuation Pause) 237M->238M(256M) 7.895ms
[2020-01-29T22:12:31.846+0300][183.286s][info ][gc] GC(6219) To-space exhausted
[2020-01-29T22:12:31.846+0300][183.286s][info ][gc] GC(6219) Pause Young (Normal) (G1 Evacuation Pause) 248M->251M(256M) 13.751ms
[2020-01-29T22:12:31.856+0300][183.297s][info ][gc] GC(6220) To-space exhausted
[2020-01-29T22:12:31.856+0300][183.297s][info ][gc] GC(6220) Pause Young (Normal) (G1 Evacuation Pause) 254M->254M(256M) 9.787ms
[2020-01-29T22:12:31.856+0300][183.297s][debug][gc] GC(6221) Clear Next Bitmap 0.074ms
[2020-01-29T22:12:31.917+0300][183.357s][info ][gc] GC(6221) Pause Full (G1 Evacuation Pause) 254M->109M(256M) 60.478ms
[2020-01-29T22:12:31.917+0300][183.358s][info ][gc] GC(6212) Concurrent Cycle 214.536ms
[2020-01-29T22:12:31.954+0300][183.394s][info ][gc] GC(6222) Pause Young (Concurrent Start) (G1 Humongous Allocation) 137M->136M(256M) 15.011ms
[2020-01-29T22:12:31.954+0300][183.394s][info ][gc] GC(6223) Concurrent Cycle
[2020-01-29T22:12:31.989+0300][183.429s][info ][gc] GC(6224) Pause Young (Normal) (G1 Evacuation Pause) 185M->186M(256M) 20.259ms
[2020-01-29T22:12:31.993+0300][183.433s][debug][gc] GC(6223) Reclaimed 103 empty regions
[2020-01-29T22:12:31.993+0300][183.433s][info ][gc] GC(6223) Pause Remark 196M->94M(256M) 0.645ms
[2020-01-29T22:12:32.006+0300][183.446s][info ][gc] GC(6225) Pause Young (Normal) (G1 Evacuation Pause) 97M->98M(256M) 11.506ms
[2020-01-29T22:12:32.055+0300][183.495s][info ][gc] GC(6226) Pause Young (Normal) (G1 Evacuation Pause) 141M->142M(256M) 31.668ms
[2020-01-29T22:12:32.099+0300][183.539s][info ][gc] GC(6227) Pause Young (Normal) (G1 Evacuation Pause) 169M->170M(256M) 33.187ms
[2020-01-29T22:12:32.147+0300][183.587s][info ][gc] GC(6228) Pause Young (Normal) (G1 Evacuation Pause) 208M->209M(256M) 29.546ms
[2020-01-29T22:12:32.175+0300][183.615s][info ][gc] GC(6229) Pause Young (Normal) (G1 Evacuation Pause) 218M->219M(256M) 24.062ms
[2020-01-29T22:12:32.204+0300][183.644s][info ][gc] GC(6230) Pause Young (Normal) (G1 Evacuation Pause) 229M->230M(256M) 25.171ms
[2020-01-29T22:12:32.205+0300][183.644s][info ][gc] GC(6223) Pause Cleanup 230M->230M(256M) 0.049ms
[2020-01-29T22:12:32.205+0300][183.645s][info ][gc] GC(6223) Concurrent Cycle 250.502ms
[2020-01-29T22:12:32.231+0300][183.672s][info ][gc] GC(6231) Pause Young (Normal) (G1 Evacuation Pause) 240M->241M(256M) 23.853ms
[2020-01-29T22:12:32.250+0300][183.691s][info ][gc] GC(6232) To-space exhausted
[2020-01-29T22:12:32.250+0300][183.691s][info ][gc] GC(6232) Pause Young (Concurrent Start) (G1 Evacuation Pause) 251M->253M(256M) 14.625ms
[2020-01-29T22:12:32.250+0300][183.691s][info ][gc] GC(6233) Concurrent Cycle
[2020-01-29T22:12:32.260+0300][183.701s][info ][gc] GC(6234) To-space exhausted
[2020-01-29T22:12:32.260+0300][183.701s][info ][gc] GC(6234) Pause Young (Normal) (G1 Evacuation Pause) 255M->255M(256M) 7.472ms
[2020-01-29T22:12:32.260+0300][183.701s][debug][gc] GC(6235) Clear Next Bitmap 0.092ms
[2020-01-29T22:12:32.301+0300][183.742s][info ][gc] GC(6235) Pause Full (G1 Evacuation Pause) 255M->78M(256M) 40.998ms
[2020-01-29T22:12:32.302+0300][183.742s][info ][gc] GC(6233) Concurrent Cycle 51.275ms
[2020-01-29T22:12:32.347+0300][183.787s][info ][gc] GC(6236) Pause Young (Normal) (G1 Evacuation Pause) 126M->126M(256M) 25.929ms
[2020-01-29T22:12:32.372+0300][183.812s][info ][gc] GC(6237) Pause Young (Concurrent Start) (G1 Humongous Allocation) 137M->138M(256M) 10.490ms
[2020-01-29T22:12:32.372+0300][183.812s][info ][gc] GC(6238) Concurrent Cycle
[2020-01-29T22:12:32.404+0300][183.844s][info ][gc] GC(6239) Pause Young (Normal) (G1 Evacuation Pause) 186M->186M(256M) 19.934ms
[2020-01-29T22:12:32.406+0300][183.846s][debug][gc] GC(6238) Reclaimed 114 empty regions
[2020-01-29T22:12:32.406+0300][183.846s][info ][gc] GC(6238) Pause Remark 188M->75M(256M) 0.624ms
[2020-01-29T22:12:32.422+0300][183.862s][info ][gc] GC(6240) Pause Young (Normal) (G1 Evacuation Pause) 86M->87M(256M) 11.533ms
[2020-01-29T22:12:32.472+0300][183.912s][info ][gc] GC(6241) Pause Young (Normal) (G1 Evacuation Pause) 131M->132M(256M) 33.137ms
[2020-01-29T22:12:32.536+0300][183.976s][info ][gc] GC(6242) Pause Young (Normal) (G1 Evacuation Pause) 182M->183M(256M) 40.432ms
[2020-01-29T22:12:32.541+0300][183.981s][info ][gc] GC(6238) Pause Cleanup 192M->192M(256M) 0.043ms
[2020-01-29T22:12:32.541+0300][183.981s][info ][gc] GC(6238) Concurrent Cycle 168.459ms
[2020-01-29T22:12:32.572+0300][184.012s][info ][gc] GC(6243) Pause Young (Normal) (G1 Evacuation Pause) 197M->198M(256M) 28.979ms
[2020-01-29T22:12:32.582+0300][184.022s][info ][gc] GC(6244) Pause Young (Concurrent Start) (G1 Evacuation Pause) 207M->207M(256M) 6.659ms
[2020-01-29T22:12:32.582+0300][184.022s][info ][gc] GC(6245) Concurrent Cycle
[2020-01-29T22:12:32.596+0300][184.036s][info ][gc] GC(6246) Pause Young (Normal) (G1 Evacuation Pause) 217M->217M(256M) 8.134ms
[2020-01-29T22:12:32.609+0300][184.050s][info ][gc] GC(6247) Pause Young (Normal) (G1 Evacuation Pause) 227M->228M(256M) 8.296ms
[2020-01-29T22:12:32.621+0300][184.061s][info ][gc] GC(6248) Pause Young (Normal) (G1 Evacuation Pause) 238M->239M(256M) 7.278ms
[2020-01-29T22:12:32.639+0300][184.080s][info ][gc] GC(6249) To-space exhausted
[2020-01-29T22:12:32.639+0300][184.080s][info ][gc] GC(6249) Pause Young (Normal) (G1 Evacuation Pause) 249M->251M(256M) 14.442ms
[2020-01-29T22:12:32.652+0300][184.093s][info ][gc] GC(6250) To-space exhausted
[2020-01-29T22:12:32.652+0300][184.093s][info ][gc] GC(6250) Pause Young (Normal) (G1 Evacuation Pause) 255M->255M(256M) 11.105ms
[2020-01-29T22:12:32.652+0300][184.093s][debug][gc] GC(6251) Clear Next Bitmap 0.093ms
[2020-01-29T22:12:32.700+0300][184.140s][info ][gc] GC(6251) Pause Full (G1 Evacuation Pause) 255M->88M(256M) 47.449ms
[2020-01-29T22:12:32.700+0300][184.140s][info ][gc] GC(6245) Concurrent Cycle 118.390ms
[2020-01-29T22:12:32.742+0300][184.182s][info ][gc] GC(6252) Pause Young (Normal) (G1 Evacuation Pause) 132M->132M(256M) 24.301ms
[2020-01-29T22:12:32.761+0300][184.201s][info ][gc] GC(6253) Pause Young (Concurrent Start) (G1 Humongous Allocation) 137M->138M(256M) 7.063ms
[2020-01-29T22:12:32.761+0300][184.201s][info ][gc] GC(6254) Concurrent Cycle
[2020-01-29T22:12:32.771+0300][184.211s][debug][gc] GC(6254) Reclaimed 121 empty regions
[2020-01-29T22:12:32.771+0300][184.211s][info ][gc] GC(6254) Pause Remark 179M->59M(256M) 0.773ms
[2020-01-29T22:12:32.792+0300][184.232s][info ][gc] GC(6255) Pause Young (Normal) (G1 Evacuation Pause) 67M->63M(256M) 17.827ms
[2020-01-29T22:12:32.807+0300][184.247s][info ][gc] GC(6254) Pause Cleanup 102M->102M(256M) 0.041ms
[2020-01-29T22:12:32.807+0300][184.248s][info ][gc] GC(6254) Concurrent Cycle 46.654ms
[2020-01-29T22:12:32.852+0300][184.292s][info ][gc] GC(6256) Pause Young (Normal) (G1 Evacuation Pause) 115M->116M(256M) 39.800ms
[2020-01-29T22:12:32.890+0300][184.330s][info ][gc] GC(6257) Pause Young (Concurrent Start) (G1 Evacuation Pause) 151M->152M(256M) 23.788ms
[2020-01-29T22:12:32.890+0300][184.330s][info ][gc] GC(6258) Concurrent Cycle
[2020-01-29T22:12:32.931+0300][184.371s][info ][gc] GC(6259) Pause Young (Normal) (G1 Evacuation Pause) 196M->197M(256M) 18.409ms
[2020-01-29T22:12:32.944+0300][184.384s][info ][gc] GC(6260) Pause Young (Normal) (G1 Evacuation Pause) 207M->208M(256M) 9.119ms
[2020-01-29T22:12:32.956+0300][184.396s][info ][gc] GC(6261) Pause Young (Normal) (G1 Evacuation Pause) 218M->219M(256M) 7.678ms
[2020-01-29T22:12:32.968+0300][184.408s][info ][gc] GC(6262) Pause Young (Normal) (G1 Evacuation Pause) 229M->230M(256M) 7.864ms
[2020-01-29T22:12:32.980+0300][184.420s][info ][gc] GC(6263) Pause Young (Normal) (G1 Evacuation Pause) 240M->241M(256M) 7.821ms
[2020-01-29T22:12:32.998+0300][184.438s][info ][gc] GC(6264) To-space exhausted
[2020-01-29T22:12:32.998+0300][184.438s][info ][gc] GC(6264) Pause Young (Normal) (G1 Evacuation Pause) 251M->254M(256M) 14.329ms
[2020-01-29T22:12:33.005+0300][184.446s][info ][gc] GC(6265) To-space exhausted
[2020-01-29T22:12:33.006+0300][184.446s][info ][gc] GC(6265) Pause Young (Normal) (G1 Evacuation Pause) 255M->255M(256M) 6.839ms
[2020-01-29T22:12:33.006+0300][184.446s][debug][gc] GC(6266) Clear Next Bitmap 0.078ms
[2020-01-29T22:12:33.059+0300][184.498s][info ][gc] GC(6266) Pause Full (G1 Evacuation Pause) 255M->96M(256M) 52.727ms
[2020-01-29T22:12:33.059+0300][184.499s][info ][gc] GC(6258) Concurrent Cycle 168.446ms
[2020-01-29T22:12:33.108+0300][184.548s][info ][gc] GC(6267) Pause Young (Concurrent Start) (G1 Humongous Allocation) 136M->136M(256M) 23.368ms
[2020-01-29T22:12:33.108+0300][184.548s][info ][gc] GC(6268) Concurrent Cycle
[2020-01-29T22:12:33.150+0300][184.590s][info ][gc] GC(6269) Pause Young (Normal) (G1 Evacuation Pause) 184M->186M(256M) 20.275ms
[2020-01-29T22:12:33.154+0300][184.594s][debug][gc] GC(6268) Reclaimed 96 empty regions
[2020-01-29T22:12:33.154+0300][184.594s][info ][gc] GC(6268) Pause Remark 195M->102M(256M) 0.643ms
[2020-01-29T22:12:33.164+0300][184.605s][info ][gc] GC(6270) Pause Young (Normal) (G1 Evacuation Pause) 104M->105M(256M) 9.697ms
[2020-01-29T22:12:33.208+0300][184.648s][info ][gc] GC(6271) Pause Young (Normal) (G1 Evacuation Pause) 143M->144M(256M) 28.052ms
[2020-01-29T22:12:33.251+0300][184.692s][info ][gc] GC(6272) Pause Young (Normal) (G1 Evacuation Pause) 170M->171M(256M) 33.125ms
[2020-01-29T22:12:33.304+0300][184.744s][info ][gc] GC(6273) Pause Young (Normal) (G1 Evacuation Pause) 209M->210M(256M) 33.594ms
[2020-01-29T22:12:33.335+0300][184.775s][info ][gc] GC(6274) Pause Young (Normal) (G1 Evacuation Pause) 219M->220M(256M) 26.769ms
[2020-01-29T22:12:33.367+0300][184.807s][info ][gc] GC(6275) Pause Young (Normal) (G1 Evacuation Pause) 230M->230M(256M) 28.151ms
[2020-01-29T22:12:33.402+0300][184.842s][info ][gc] GC(6276) Pause Young (Normal) (G1 Evacuation Pause) 240M->241M(256M) 30.567ms
[2020-01-29T22:12:33.444+0300][184.884s][info ][gc] GC(6277) To-space exhausted
[2020-01-29T22:12:33.445+0300][184.884s][info ][gc] GC(6277) Pause Young (Normal) (G1 Evacuation Pause) 251M->255M(256M) 35.057ms
[2020-01-29T22:12:33.445+0300][184.885s][debug][gc] GC(6278) Clear Next Bitmap 0.062ms
[2020-01-29T22:12:33.479+0300][184.919s][info ][gc] GC(6278) Pause Full (G1 Evacuation Pause) 255M->68M(256M) 34.873ms
[2020-01-29T22:12:33.479+0300][184.920s][info ][gc] GC(6268) Concurrent Cycle 371.835ms
[2020-01-29T22:12:33.527+0300][184.968s][info ][gc] GC(6279) Pause Young (Normal) (G1 Evacuation Pause) 119M->119M(256M) 28.101ms
[2020-01-29T22:12:33.558+0300][184.998s][info ][gc] GC(6280) Pause Young (Concurrent Start) (G1 Humongous Allocation) 137M->137M(256M) 13.692ms
[2020-01-29T22:12:33.558+0300][184.998s][info ][gc] GC(6281) Concurrent Cycle
[2020-01-29T22:12:33.591+0300][185.031s][info ][gc] GC(6282) Pause Young (Normal) (G1 Evacuation Pause) 184M->185M(256M) 19.681ms
[2020-01-29T22:12:33.596+0300][185.036s][debug][gc] GC(6281) Reclaimed 111 empty regions
[2020-01-29T22:12:33.596+0300][185.036s][info ][gc] GC(6281) Pause Remark 195M->87M(256M) 0.814ms
[2020-01-29T22:12:33.609+0300][185.050s][info ][gc] GC(6283) Pause Young (Normal) (G1 Evacuation Pause) 89M->90M(256M) 12.704ms
[2020-01-29T22:12:33.659+0300][185.099s][info ][gc] GC(6284) Pause Young (Normal) (G1 Evacuation Pause) 133M->134M(256M) 30.915ms
[2020-01-29T22:12:33.707+0300][185.146s][info ][gc] GC(6285) Pause Young (Normal) (G1 Evacuation Pause) 163M->164M(256M) 35.444ms
[2020-01-29T22:12:33.756+0300][185.196s][info ][gc] GC(6286) Pause Young (Normal) (G1 Evacuation Pause) 204M->205M(256M) 31.138ms
[2020-01-29T22:12:33.785+0300][185.225s][info ][gc] GC(6287) Pause Young (Normal) (G1 Evacuation Pause) 213M->214M(256M) 24.871ms
[2020-01-29T22:12:33.789+0300][185.229s][info ][gc] GC(6281) Pause Cleanup 223M->223M(256M) 0.046ms
[2020-01-29T22:12:33.789+0300][185.229s][info ][gc] GC(6281) Concurrent Cycle 230.393ms
[2020-01-29T22:12:33.812+0300][185.252s][info ][gc] GC(6288) Pause Young (Normal) (G1 Evacuation Pause) 224M->225M(256M) 23.006ms
[2020-01-29T22:12:33.824+0300][185.264s][info ][gc] GC(6289) Pause Young (Concurrent Start) (G1 Evacuation Pause) 235M->236M(256M) 8.362ms
[2020-01-29T22:12:33.825+0300][185.264s][info ][gc] GC(6290) Concurrent Cycle
[2020-01-29T22:12:33.841+0300][185.281s][info ][gc] GC(6291) To-space exhausted
[2020-01-29T22:12:33.842+0300][185.281s][info ][gc] GC(6291) Pause Young (Normal) (G1 Evacuation Pause) 246M->248M(256M) 10.682ms
[2020-01-29T22:12:33.859+0300][185.299s][info ][gc] GC(6292) To-space exhausted
[2020-01-29T22:12:33.859+0300][185.299s][info ][gc] GC(6292) Pause Young (Normal) (G1 Evacuation Pause) 255M->255M(256M) 14.272ms
[2020-01-29T22:12:33.859+0300][185.299s][debug][gc] GC(6293) Clear Next Bitmap 0.069ms
[2020-01-29T22:12:33.903+0300][185.343s][info ][gc] GC(6293) Pause Full (G1 Evacuation Pause) 255M->82M(256M) 44.293ms
[2020-01-29T22:12:33.904+0300][185.343s][info ][gc] GC(6290) Concurrent Cycle 78.969ms
[2020-01-29T22:12:33.945+0300][185.386s][info ][gc] GC(6294) Pause Young (Normal) (G1 Evacuation Pause) 128M->128M(256M) 24.576ms
[2020-01-29T22:12:33.968+0300][185.409s][info ][gc] GC(6295) Pause Young (Concurrent Start) (G1 Humongous Allocation) 137M->137M(256M) 8.746ms
[2020-01-29T22:12:33.968+0300][185.409s][info ][gc] GC(6296) Concurrent Cycle
[2020-01-29T22:12:33.981+0300][185.421s][debug][gc] GC(6296) Reclaimed 120 empty regions
[2020-01-29T22:12:33.981+0300][185.421s][info ][gc] GC(6296) Pause Remark 185M->67M(256M) 0.644ms
[2020-01-29T22:12:33.999+0300][185.439s][info ][gc] GC(6297) Pause Young (Normal) (G1 Evacuation Pause) 67M->64M(256M) 17.760ms
[2020-01-29T22:12:34.062+0300][185.502s][info ][gc] GC(6298) Pause Young (Normal) (G1 Evacuation Pause) 116M->117M(256M) 42.380ms
[2020-01-29T22:12:34.065+0300][185.506s][info ][gc] GC(6296) Pause Cleanup 125M->125M(256M) 0.050ms
[2020-01-29T22:12:34.066+0300][185.506s][info ][gc] GC(6296) Concurrent Cycle 96.942ms
[2020-01-29T22:12:34.128+0300][185.568s][info ][gc] GC(6299) Pause Young (Concurrent Start) (G1 Humongous Allocation) 152M->153M(256M) 40.950ms
[2020-01-29T22:12:34.128+0300][185.568s][info ][gc] GC(6300) Concurrent Cycle
[2020-01-29T22:12:34.168+0300][185.608s][info ][gc] GC(6301) Pause Young (Normal) (G1 Evacuation Pause) 196M->197M(256M) 17.942ms
[2020-01-29T22:12:34.181+0300][185.621s][info ][gc] GC(6302) Pause Young (Normal) (G1 Evacuation Pause) 207M->207M(256M) 9.135ms
[2020-01-29T22:12:34.182+0300][185.622s][debug][gc] GC(6300) Reclaimed 101 empty regions
[2020-01-29T22:12:34.182+0300][185.622s][info ][gc] GC(6300) Pause Remark 208M->107M(256M) 0.620ms
[2020-01-29T22:12:34.194+0300][185.634s][info ][gc] GC(6303) Pause Young (Normal) (G1 Evacuation Pause) 116M->116M(256M) 8.208ms
[2020-01-29T22:12:34.233+0300][185.673s][info ][gc] GC(6304) Pause Young (Normal) (G1 Evacuation Pause) 151M->152M(256M) 24.542ms
[2020-01-29T22:12:34.272+0300][185.711s][info ][gc] GC(6305) Pause Young (Normal) (G1 Evacuation Pause) 176M->177M(256M) 29.271ms
[2020-01-29T22:12:34.316+0300][185.757s][info ][gc] GC(6306) Pause Young (Normal) (G1 Evacuation Pause) 213M->214M(256M) 27.435ms
[2020-01-29T22:12:34.344+0300][185.784s][info ][gc] GC(6307) Pause Young (Normal) (G1 Evacuation Pause) 223M->224M(256M) 23.355ms
[2020-01-29T22:12:34.374+0300][185.814s][info ][gc] GC(6308) Pause Young (Normal) (G1 Evacuation Pause) 234M->235M(256M) 24.511ms
[2020-01-29T22:12:34.406+0300][185.847s][info ][gc] GC(6309) To-space exhausted
[2020-01-29T22:12:34.406+0300][185.847s][info ][gc] GC(6309) Pause Young (Normal) (G1 Evacuation Pause) 245M->249M(256M) 27.976ms
[2020-01-29T22:12:34.440+0300][185.880s][info ][gc] GC(6310) To-space exhausted
[2020-01-29T22:12:34.440+0300][185.880s][info ][gc] GC(6310) Pause Young (Normal) (G1 Evacuation Pause) 255M->255M(256M) 30.252ms
[2020-01-29T22:12:34.440+0300][185.880s][debug][gc] GC(6311) Clear Next Bitmap 0.061ms
[2020-01-29T22:12:34.470+0300][185.910s][info ][gc] GC(6311) Pause Full (G1 Evacuation Pause) 255M->59M(256M) 30.103ms
[2020-01-29T22:12:34.470+0300][185.910s][info ][gc] GC(6300) Concurrent Cycle 342.544ms
[2020-01-29T22:12:34.519+0300][185.959s][info ][gc] GC(6312) Pause Young (Normal) (G1 Evacuation Pause) 111M->112M(256M) 28.874ms
[2020-01-29T22:12:34.558+0300][185.998s][info ][gc] GC(6313) Pause Young (Concurrent Start) (G1 Humongous Allocation) 137M->137M(256M) 18.318ms
[2020-01-29T22:12:34.558+0300][185.998s][info ][gc] GC(6314) Concurrent Cycle
[2020-01-29T22:12:34.595+0300][186.035s][info ][gc] GC(6315) Pause Young (Normal) (G1 Evacuation Pause) 184M->184M(256M) 19.984ms
[2020-01-29T22:12:34.600+0300][186.040s][debug][gc] GC(6314) Reclaimed 103 empty regions
[2020-01-29T22:12:34.600+0300][186.040s][info ][gc] GC(6314) Pause Remark 193M->93M(256M) 0.819ms
[2020-01-29T22:12:34.616+0300][186.055s][info ][gc] GC(6316) Pause Young (Normal) (G1 Evacuation Pause) 97M->98M(256M) 14.030ms
[2020-01-29T22:12:34.662+0300][186.102s][info ][gc] GC(6317) Pause Young (Normal) (G1 Evacuation Pause) 138M->139M(256M) 30.484ms
[2020-01-29T22:12:34.711+0300][186.151s][info ][gc] GC(6318) Pause Young (Normal) (G1 Evacuation Pause) 167M->168M(256M) 36.735ms
[2020-01-29T22:12:34.766+0300][186.206s][info ][gc] GC(6319) Pause Young (Normal) (G1 Evacuation Pause) 207M->209M(256M) 35.186ms
[2020-01-29T22:12:34.802+0300][186.241s][info ][gc] GC(6320) Pause Young (Normal) (G1 Evacuation Pause) 218M->219M(256M) 28.333ms
[2020-01-29T22:12:34.806+0300][186.246s][info ][gc] GC(6314) Pause Cleanup 223M->223M(256M) 0.059ms
[2020-01-29T22:12:34.806+0300][186.246s][info ][gc] GC(6314) Concurrent Cycle 247.965ms
[2020-01-29T22:12:34.836+0300][186.276s][info ][gc] GC(6321) Pause Young (Normal) (G1 Evacuation Pause) 229M->230M(256M) 26.802ms
[2020-01-29T22:12:34.850+0300][186.291s][info ][gc] GC(6322) Pause Young (Concurrent Start) (G1 Evacuation Pause) 240M->241M(256M) 11.161ms
[2020-01-29T22:12:34.850+0300][186.291s][info ][gc] GC(6323) Concurrent Cycle
[2020-01-29T22:12:34.871+0300][186.311s][info ][gc] GC(6324) To-space exhausted
[2020-01-29T22:12:34.871+0300][186.311s][info ][gc] GC(6324) Pause Young (Normal) (G1 Evacuation Pause) 251M->254M(256M) 13.821ms
[2020-01-29T22:12:34.878+0300][186.319s][info ][gc] GC(6325) To-space exhausted
[2020-01-29T22:12:34.878+0300][186.319s][info ][gc] GC(6325) Pause Young (Normal) (G1 Evacuation Pause) 255M->255M(256M) 7.376ms
[2020-01-29T22:12:34.879+0300][186.319s][debug][gc] GC(6326) Clear Next Bitmap 0.075ms
[2020-01-29T22:12:34.916+0300][186.357s][info ][gc] GC(6326) Pause Full (G1 Evacuation Pause) 255M->73M(256M) 37.791ms
[2020-01-29T22:12:34.917+0300][186.357s][info ][gc] GC(6323) Concurrent Cycle 66.180ms
[2020-01-29T22:12:34.963+0300][186.404s][info ][gc] GC(6327) Pause Young (Normal) (G1 Evacuation Pause) 121M->121M(256M) 27.669ms
[2020-01-29T22:12:34.996+0300][186.436s][info ][gc] GC(6328) Pause Young (Concurrent Start) (G1 Humongous Allocation) 136M->137M(256M) 16.473ms
[2020-01-29T22:12:34.996+0300][186.436s][info ][gc] GC(6329) Concurrent Cycle
[2020-01-29T22:12:35.034+0300][186.474s][info ][gc] GC(6330) Pause Young (Normal) (G1 Evacuation Pause) 184M->186M(256M) 25.029ms
[2020-01-29T22:12:35.037+0300][186.478s][debug][gc] GC(6329) Reclaimed 107 empty regions
[2020-01-29T22:12:35.037+0300][186.478s][info ][gc] GC(6329) Pause Remark 192M->87M(256M) 0.699ms
[2020-01-29T22:12:35.052+0300][186.492s][info ][gc] GC(6331) Pause Young (Normal) (G1 Evacuation Pause) 93M->94M(256M) 11.911ms
[2020-01-29T22:12:35.102+0300][186.542s][info ][gc] GC(6332) Pause Young (Normal) (G1 Evacuation Pause) 136M->136M(256M) 32.561ms
[2020-01-29T22:12:35.152+0300][186.592s][info ][gc] GC(6333) Pause Young (Normal) (G1 Evacuation Pause) 164M->165M(256M) 36.351ms
[2020-01-29T22:12:35.171+0300][186.611s][info ][gc] GC(6329) Pause Cleanup 204M->204M(256M) 0.048ms
[2020-01-29T22:12:35.171+0300][186.612s][info ][gc] GC(6329) Concurrent Cycle 175.243ms
[2020-01-29T22:12:35.204+0300][186.644s][info ][gc] GC(6334) Pause Young (Normal) (G1 Evacuation Pause) 205M->206M(256M) 32.044ms
[2020-01-29T22:12:35.212+0300][186.655s][info ][gc] GC(6335) Pause Young (Concurrent Start) (G1 Evacuation Pause) 214M->215M(256M) 7.829ms
[2020-01-29T22:12:35.212+0300][186.655s][info ][gc] GC(6336) Concurrent Cycle
[2020-01-29T22:12:35.229+0300][186.670s][info ][gc] GC(6337) Pause Young (Normal) (G1 Evacuation Pause) 225M->226M(256M) 7.935ms
[2020-01-29T22:12:35.237+0300][186.681s][info ][gc] GC(6338) Pause Young (Normal) (G1 Evacuation Pause) 236M->237M(256M) 7.680ms
[2020-01-29T22:12:35.257+0300][186.697s][info ][gc] GC(6339) To-space exhausted
[2020-01-29T22:12:35.257+0300][186.697s][info ][gc] GC(6339) Pause Young (Normal) (G1 Evacuation Pause) 247M->250M(256M) 11.639ms
[2020-01-29T22:12:35.268+0300][186.711s][info ][gc] GC(6340) To-space exhausted
[2020-01-29T22:12:35.268+0300][186.711s][info ][gc] GC(6340) Pause Young (Normal) (G1 Evacuation Pause) 255M->255M(256M) 12.400ms
[2020-01-29T22:12:35.268+0300][186.712s][debug][gc] GC(6341) Clear Next Bitmap 0.073ms
[2020-01-29T22:12:35.313+0300][186.753s][info ][gc] GC(6341) Pause Full (G1 Evacuation Pause) 255M->78M(256M) 41.269ms
[2020-01-29T22:12:35.313+0300][186.753s][info ][gc] GC(6336) Concurrent Cycle 97.996ms
[2020-01-29T22:12:35.357+0300][186.797s][info ][gc] GC(6342) Pause Young (Normal) (G1 Evacuation Pause) 125M->126M(256M) 25.828ms
[2020-01-29T22:12:35.392+0300][186.832s][info ][gc] GC(6343) Pause Young (Concurrent Start) (G1 Humongous Allocation) 137M->137M(256M) 10.279ms
[2020-01-29T22:12:35.392+0300][186.832s][info ][gc] GC(6344) Concurrent Cycle
[2020-01-29T22:12:35.422+0300][186.864s][info ][gc] GC(6345) Pause Young (Normal) (G1 Evacuation Pause) 185M->186M(256M) 19.992ms
[2020-01-29T22:12:35.422+0300][186.865s][debug][gc] GC(6344) Reclaimed 115 empty regions
[2020-01-29T22:12:35.422+0300][186.865s][info ][gc] GC(6344) Pause Remark 187M->74M(256M) 0.639ms
[2020-01-29T22:12:35.437+0300][186.879s][info ][gc] GC(6346) Pause Young (Normal) (G1 Evacuation Pause) 85M->86M(256M) 10.103ms
[2020-01-29T22:12:35.487+0300][186.929s][info ][gc] GC(6347) Pause Young (Normal) (G1 Evacuation Pause) 130M->131M(256M) 32.687ms
[2020-01-29T22:12:35.537+0300][186.979s][info ][gc] GC(6348) Pause Young (Normal) (G1 Evacuation Pause) 161M->162M(256M) 37.216ms
[2020-01-29T22:12:35.552+0300][186.995s][info ][gc] GC(6344) Pause Cleanup 163M->163M(256M) 0.040ms
[2020-01-29T22:12:35.552+0300][186.995s][info ][gc] GC(6344) Concurrent Cycle 163.074ms
[2020-01-29T22:12:35.577+0300][187.018s][info ][gc] GC(6349) Pause Young (Concurrent Start) (G1 Humongous Allocation) 163M->164M(256M) 21.544ms
[2020-01-29T22:12:35.577+0300][187.018s][info ][gc] GC(6350) Concurrent Cycle
[2020-01-29T22:12:35.582+0300][187.025s][debug][gc] GC(6350) Reclaimed 150 empty regions
[2020-01-29T22:12:35.582+0300][187.025s][info ][gc] GC(6350) Pause Remark 199M->49M(256M) 0.638ms
[2020-01-29T22:12:35.597+0300][187.041s][info ][gc] GC(6351) Pause Young (Normal) (G1 Evacuation Pause) 54M->54M(256M) 13.510ms
[2020-01-29T22:12:35.612+0300][187.056s][info ][gc] GC(6350) Pause Cleanup 92M->92M(256M) 0.041ms
[2020-01-29T22:12:35.612+0300][187.056s][info ][gc] GC(6350) Concurrent Cycle 38.116ms
[2020-01-29T22:12:35.657+0300][187.101s][info ][gc] GC(6352) Pause Young (Normal) (G1 Evacuation Pause) 108M->108M(256M) 38.558ms
[2020-01-29T22:12:35.697+0300][187.141s][info ][gc] GC(6353) Pause Young (Concurrent Start) (G1 Evacuation Pause) 145M->146M(256M) 25.121ms
[2020-01-29T22:12:35.697+0300][187.141s][info ][gc] GC(6354) Concurrent Cycle
[2020-01-29T22:12:35.742+0300][187.183s][info ][gc] GC(6355) Pause Young (Normal) (G1 Evacuation Pause) 191M->192M(256M) 19.044ms
[2020-01-29T22:12:35.757+0300][187.197s][info ][gc] GC(6356) Pause Young (Normal) (G1 Evacuation Pause) 203M->204M(256M) 8.969ms
[2020-01-29T22:12:35.769+0300][187.209s][info ][gc] GC(6357) Pause Young (Normal) (G1 Evacuation Pause) 214M->214M(256M) 8.100ms
[2020-01-29T22:12:35.781+0300][187.221s][info ][gc] GC(6358) Pause Young (Normal) (G1 Evacuation Pause) 224M->225M(256M) 8.086ms
[2020-01-29T22:12:35.792+0300][187.233s][info ][gc] GC(6359) Pause Young (Normal) (G1 Evacuation Pause) 235M->236M(256M) 7.839ms
[2020-01-29T22:12:35.807+0300][187.248s][info ][gc] GC(6360) To-space exhausted
[2020-01-29T22:12:35.807+0300][187.248s][info ][gc] GC(6360) Pause Young (Normal) (G1 Evacuation Pause) 246M->248M(256M) 10.852ms
[2020-01-29T22:12:35.822+0300][187.266s][info ][gc] GC(6361) To-space exhausted
[2020-01-29T22:12:35.822+0300][187.266s][info ][gc] GC(6361) Pause Young (Normal) (G1 Evacuation Pause) 255M->255M(256M) 14.904ms
[2020-01-29T22:12:35.822+0300][187.266s][debug][gc] GC(6362) Clear Next Bitmap 0.083ms
[2020-01-29T22:12:35.882+0300][187.325s][info ][gc] GC(6362) Pause Full (G1 Evacuation Pause) 255M->100M(256M) 58.659ms
[2020-01-29T22:12:35.882+0300][187.325s][info ][gc] GC(6354) Concurrent Cycle 184.115ms
[2020-01-29T22:12:35.932+0300][187.376s][info ][gc] GC(6363) Pause Young (Concurrent Start) (G1 Humongous Allocation) 137M->136M(256M) 19.698ms
[2020-01-29T22:12:35.932+0300][187.376s][info ][gc] GC(6364) Concurrent Cycle
[2020-01-29T22:12:35.968+0300][187.415s][info ][gc] GC(6365) Pause Young (Normal) (G1 Evacuation Pause) 184M->185M(256M) 19.940ms
[2020-01-29T22:12:35.977+0300][187.420s][debug][gc] GC(6364) Reclaimed 100 empty regions
[2020-01-29T22:12:35.977+0300][187.420s][info ][gc] GC(6364) Pause Remark 194M->96M(256M) 0.648ms
[2020-01-29T22:12:35.992+0300][187.433s][info ][gc] GC(6366) Pause Young (Normal) (G1 Evacuation Pause) 100M->101M(256M) 11.646ms
[2020-01-29T22:12:36.037+0300][187.479s][info ][gc] GC(6367) Pause Young (Normal) (G1 Evacuation Pause) 141M->142M(256M) 30.221ms
[2020-01-29T22:12:36.082+0300][187.523s][info ][gc] GC(6368) Pause Young (Normal) (G1 Evacuation Pause) 169M->170M(256M) 33.893ms
[2020-01-29T22:12:36.132+0300][187.572s][info ][gc] GC(6369) Pause Young (Normal) (G1 Evacuation Pause) 208M->209M(256M) 34.749ms
[2020-01-29T22:12:36.166+0300][187.606s][info ][gc] GC(6370) Pause Young (Normal) (G1 Evacuation Pause) 218M->218M(256M) 27.497ms
[2020-01-29T22:12:36.199+0300][187.639s][info ][gc] GC(6371) Pause Young (Normal) (G1 Evacuation Pause) 228M->229M(256M) 28.457ms
[2020-01-29T22:12:36.234+0300][187.674s][info ][gc] GC(6372) Pause Young (Normal) (G1 Evacuation Pause) 239M->240M(256M) 30.567ms
[2020-01-29T22:12:36.273+0300][187.713s][info ][gc] GC(6373) To-space exhausted
[2020-01-29T22:12:36.273+0300][187.713s][info ][gc] GC(6373) Pause Young (Normal) (G1 Evacuation Pause) 250M->252M(256M) 34.632ms
[2020-01-29T22:12:36.305+0300][187.745s][info ][gc] GC(6374) To-space exhausted
[2020-01-29T22:12:36.305+0300][187.745s][info ][gc] GC(6374) Pause Young (Normal) (G1 Evacuation Pause) 255M->255M(256M) 30.892ms
[2020-01-29T22:12:36.305+0300][187.745s][debug][gc] GC(6375) Clear Next Bitmap 0.053ms
[2020-01-29T22:12:36.344+0300][187.784s][info ][gc] GC(6375) Pause Full (G1 Evacuation Pause) 255M->75M(256M) 39.136ms
[2020-01-29T22:12:36.345+0300][187.785s][info ][gc] GC(6364) Concurrent Cycle 408.345ms
[2020-01-29T22:12:36.391+0300][187.831s][info ][gc] GC(6376) Pause Young (Normal) (G1 Evacuation Pause) 124M->124M(256M) 27.366ms
[2020-01-29T22:12:36.419+0300][187.859s][info ][gc] GC(6377) Pause Young (Concurrent Start) (G1 Humongous Allocation) 137M->138M(256M) 12.393ms
[2020-01-29T22:12:36.419+0300][187.859s][info ][gc] GC(6378) Concurrent Cycle
[2020-01-29T22:12:36.451+0300][187.891s][info ][gc] GC(6379) Pause Young (Normal) (G1 Evacuation Pause) 186M->187M(256M) 19.911ms
[2020-01-29T22:12:36.454+0300][187.894s][debug][gc] GC(6378) Reclaimed 114 empty regions
[2020-01-29T22:12:36.454+0300][187.894s][info ][gc] GC(6378) Pause Remark 192M->80M(256M) 0.817ms
[2020-01-29T22:12:36.466+0300][187.906s][info ][gc] GC(6380) Pause Young (Normal) (G1 Evacuation Pause) 86M->87M(256M) 9.457ms
[2020-01-29T22:12:36.516+0300][187.955s][info ][gc] GC(6381) Pause Young (Normal) (G1 Evacuation Pause) 131M->132M(256M) 32.015ms
[2020-01-29T22:12:36.562+0300][188.003s][info ][gc] GC(6382) Pause Young (Normal) (G1 Evacuation Pause) 162M->163M(256M) 35.235ms
[2020-01-29T22:12:36.582+0300][188.022s][info ][gc] GC(6378) Pause Cleanup 203M->203M(256M) 0.044ms
[2020-01-29T22:12:36.582+0300][188.023s][info ][gc] GC(6378) Concurrent Cycle 163.588ms
[2020-01-29T22:12:36.611+0300][188.052s][info ][gc] GC(6383) Pause Young (Normal) (G1 Evacuation Pause) 203M->204M(256M) 28.895ms
[2020-01-29T22:12:36.626+0300][188.067s][info ][gc] GC(6384) Pause Young (Concurrent Start) (G1 Evacuation Pause) 212M->213M(256M) 11.902ms
[2020-01-29T22:12:36.627+0300][188.067s][info ][gc] GC(6385) Concurrent Cycle
[2020-01-29T22:12:36.644+0300][188.084s][info ][gc] GC(6386) Pause Young (Normal) (G1 Evacuation Pause) 223M->224M(256M) 11.167ms
[2020-01-29T22:12:36.660+0300][188.100s][info ][gc] GC(6387) Pause Young (Normal) (G1 Evacuation Pause) 234M->234M(256M) 10.930ms
[2020-01-29T22:12:36.677+0300][188.118s][info ][gc] GC(6388) To-space exhausted
[2020-01-29T22:12:36.677+0300][188.118s][info ][gc] GC(6388) Pause Young (Normal) (G1 Evacuation Pause) 244M->246M(256M) 11.465ms
[2020-01-29T22:12:36.699+0300][188.139s][info ][gc] GC(6389) To-space exhausted
[2020-01-29T22:12:36.699+0300][188.139s][info ][gc] GC(6389) Pause Young (Normal) (G1 Evacuation Pause) 255M->255M(256M) 17.534ms
[2020-01-29T22:12:36.699+0300][188.139s][debug][gc] GC(6390) Clear Next Bitmap 0.087ms
[2020-01-29T22:12:36.746+0300][188.186s][info ][gc] GC(6390) Pause Full (G1 Evacuation Pause) 255M->87M(256M) 46.742ms
[2020-01-29T22:12:36.746+0300][188.186s][info ][gc] GC(6385) Concurrent Cycle 119.078ms
[2020-01-29T22:12:36.787+0300][188.227s][info ][gc] GC(6391) Pause Young (Normal) (G1 Evacuation Pause) 131M->131M(256M) 24.289ms
[2020-01-29T22:12:36.807+0300][188.247s][info ][gc] GC(6392) Pause Young (Concurrent Start) (G1 Humongous Allocation) 136M->137M(256M) 7.254ms
[2020-01-29T22:12:36.807+0300][188.247s][info ][gc] GC(6393) Concurrent Cycle
[2020-01-29T22:12:36.817+0300][188.257s][debug][gc] GC(6393) Reclaimed 122 empty regions
[2020-01-29T22:12:36.817+0300][188.257s][info ][gc] GC(6393) Pause Remark 179M->59M(256M) 0.649ms
[2020-01-29T22:12:36.838+0300][188.278s][info ][gc] GC(6394) Pause Young (Normal) (G1 Evacuation Pause) 65M->61M(256M) 18.154ms
[2020-01-29T22:12:36.854+0300][188.294s][info ][gc] GC(6393) Pause Cleanup 102M->102M(256M) 0.036ms
[2020-01-29T22:12:36.854+0300][188.294s][info ][gc] GC(6393) Concurrent Cycle 47.303ms
[2020-01-29T22:12:36.899+0300][188.339s][info ][gc] GC(6395) Pause Young (Normal) (G1 Evacuation Pause) 114M->115M(256M) 40.475ms
[2020-01-29T22:12:36.946+0300][188.387s][info ][gc] GC(6396) Pause Young (Concurrent Start) (G1 Humongous Allocation) 150M->150M(256M) 23.366ms
[2020-01-29T22:12:36.946+0300][188.387s][info ][gc] GC(6397) Concurrent Cycle
[2020-01-29T22:12:36.986+0300][188.427s][info ][gc] GC(6398) Pause Young (Normal) (G1 Evacuation Pause) 194M->195M(256M) 18.226ms
[2020-01-29T22:12:36.991+0300][188.431s][debug][gc] GC(6397) Reclaimed 104 empty regions
[2020-01-29T22:12:36.991+0300][188.431s][info ][gc] GC(6397) Pause Remark 205M->101M(256M) 0.647ms
[2020-01-29T22:12:37.001+0300][188.441s][info ][gc] GC(6399) Pause Young (Normal) (G1 Evacuation Pause) 101M->102M(256M) 9.380ms
[2020-01-29T22:12:37.044+0300][188.484s][info ][gc] GC(6400) Pause Young (Normal) (G1 Evacuation Pause) 141M->142M(256M) 27.828ms
[2020-01-29T22:12:37.088+0300][188.528s][info ][gc] GC(6401) Pause Young (Normal) (G1 Evacuation Pause) 169M->170M(256M) 32.843ms
[2020-01-29T22:12:37.138+0300][188.578s][info ][gc] GC(6402) Pause Young (Normal) (G1 Evacuation Pause) 208M->209M(256M) 30.652ms
[2020-01-29T22:12:37.166+0300][188.606s][info ][gc] GC(6403) Pause Young (Normal) (G1 Evacuation Pause) 218M->218M(256M) 24.022ms
[2020-01-29T22:12:37.195+0300][188.635s][info ][gc] GC(6404) Pause Young (Normal) (G1 Evacuation Pause) 228M->229M(256M) 25.468ms
[2020-01-29T22:12:37.229+0300][188.669s][info ][gc] GC(6405) Pause Young (Normal) (G1 Evacuation Pause) 239M->240M(256M) 29.445ms
[2020-01-29T22:12:37.268+0300][188.708s][info ][gc] GC(6406) To-space exhausted
[2020-01-29T22:12:37.268+0300][188.708s][info ][gc] GC(6406) Pause Young (Normal) (G1 Evacuation Pause) 250M->255M(256M) 34.695ms
[2020-01-29T22:12:37.268+0300][188.708s][debug][gc] GC(6407) Clear Next Bitmap 0.061ms
[2020-01-29T22:12:37.301+0300][188.741s][info ][gc] GC(6407) Pause Full (G1 Evacuation Pause) 255M->64M(256M) 32.735ms
[2020-01-29T22:12:37.301+0300][188.741s][info ][gc] GC(6397) Concurrent Cycle 354.855ms
[2020-01-29T22:12:37.350+0300][188.791s][info ][gc] GC(6408) Pause Young (Normal) (G1 Evacuation Pause) 116M->116M(256M) 28.966ms
[2020-01-29T22:12:37.385+0300][188.825s][info ][gc] GC(6409) Pause Young (Concurrent Start) (G1 Humongous Allocation) 137M->138M(256M) 15.325ms
[2020-01-29T22:12:37.385+0300][188.825s][info ][gc] GC(6410) Concurrent Cycle
[2020-01-29T22:12:37.420+0300][188.860s][info ][gc] GC(6411) Pause Young (Normal) (G1 Evacuation Pause) 186M->187M(256M) 20.376ms
[2020-01-29T22:12:37.424+0300][188.865s][debug][gc] GC(6410) Reclaimed 105 empty regions
[2020-01-29T22:12:37.424+0300][188.865s][info ][gc] GC(6410) Pause Remark 196M->92M(256M) 0.629ms
[2020-01-29T22:12:37.437+0300][188.878s][info ][gc] GC(6412) Pause Young (Normal) (G1 Evacuation Pause) 95M->96M(256M) 11.232ms
[2020-01-29T22:12:37.484+0300][188.924s][info ][gc] GC(6413) Pause Young (Normal) (G1 Evacuation Pause) 137M->138M(256M) 30.133ms
[2020-01-29T22:12:37.532+0300][188.972s][info ][gc] GC(6414) Pause Young (Normal) (G1 Evacuation Pause) 166M->168M(256M) 36.019ms
[2020-01-29T22:12:37.584+0300][189.025s][info ][gc] GC(6415) Pause Young (Normal) (G1 Evacuation Pause) 207M->207M(256M) 31.732ms
[2020-01-29T22:12:37.615+0300][189.055s][info ][gc] GC(6416) Pause Young (Normal) (G1 Evacuation Pause) 216M->217M(256M) 26.026ms
[2020-01-29T22:12:37.619+0300][189.059s][info ][gc] GC(6410) Pause Cleanup 223M->223M(256M) 0.053ms
[2020-01-29T22:12:37.619+0300][189.060s][info ][gc] GC(6410) Concurrent Cycle 234.043ms
[2020-01-29T22:12:37.649+0300][189.089s][info ][gc] GC(6417) Pause Young (Normal) (G1 Evacuation Pause) 227M->228M(256M) 28.012ms
[2020-01-29T22:12:37.661+0300][189.101s][info ][gc] GC(6418) Pause Young (Concurrent Start) (G1 Evacuation Pause) 238M->238M(256M) 8.178ms
[2020-01-29T22:12:37.661+0300][189.101s][info ][gc] GC(6419) Concurrent Cycle
[2020-01-29T22:12:37.680+0300][189.121s][info ][gc] GC(6420) To-space exhausted
[2020-01-29T22:12:37.680+0300][189.121s][info ][gc] GC(6420) Pause Young (Normal) (G1 Evacuation Pause) 248M->251M(256M) 12.986ms
[2020-01-29T22:12:37.693+0300][189.134s][info ][gc] GC(6421) To-space exhausted
[2020-01-29T22:12:37.693+0300][189.134s][info ][gc] GC(6421) Pause Young (Normal) (G1 Evacuation Pause) 255M->255M(256M) 11.314ms
[2020-01-29T22:12:37.693+0300][189.134s][debug][gc] GC(6422) Clear Next Bitmap 0.087ms
[2020-01-29T22:12:37.735+0300][189.176s][info ][gc] GC(6422) Pause Full (G1 Evacuation Pause) 255M->78M(256M) 41.903ms
[2020-01-29T22:12:37.735+0300][189.176s][info ][gc] GC(6419) Concurrent Cycle 74.524ms
[2020-01-29T22:12:37.781+0300][189.220s][info ][gc] GC(6423) Pause Young (Normal) (G1 Evacuation Pause) 125M->125M(256M) 25.791ms
[2020-01-29T22:12:37.806+0300][189.246s][info ][gc] GC(6424) Pause Young (Concurrent Start) (G1 Humongous Allocation) 136M->137M(256M) 10.454ms
[2020-01-29T22:12:37.806+0300][189.246s][info ][gc] GC(6425) Concurrent Cycle
[2020-01-29T22:12:37.837+0300][189.278s][info ][gc] GC(6426) Pause Young (Normal) (G1 Evacuation Pause) 185M->186M(256M) 19.832ms
[2020-01-29T22:12:37.838+0300][189.279s][debug][gc] GC(6425) Reclaimed 115 empty regions
[2020-01-29T22:12:37.838+0300][189.279s][info ][gc] GC(6425) Pause Remark 188M->74M(256M) 0.626ms
[2020-01-29T22:12:37.855+0300][189.295s][info ][gc] GC(6427) Pause Young (Normal) (G1 Evacuation Pause) 85M->86M(256M) 11.509ms
[2020-01-29T22:12:37.906+0300][189.346s][info ][gc] GC(6428) Pause Young (Normal) (G1 Evacuation Pause) 130M->131M(256M) 33.412ms
[2020-01-29T22:12:37.956+0300][189.396s][info ][gc] GC(6429) Pause Young (Normal) (G1 Evacuation Pause) 161M->162M(256M) 37.043ms
[2020-01-29T22:12:37.971+0300][189.411s][info ][gc] GC(6425) Pause Cleanup 191M->191M(256M) 0.044ms
[2020-01-29T22:12:37.971+0300][189.411s][info ][gc] GC(6425) Concurrent Cycle 165.061ms
[2020-01-29T22:12:38.006+0300][189.446s][info ][gc] GC(6430) Pause Young (Normal) (G1 Evacuation Pause) 202M->203M(256M) 30.717ms
[2020-01-29T22:12:38.017+0300][189.456s][info ][gc] GC(6431) Pause Young (Concurrent Start) (G1 Evacuation Pause) 211M->212M(256M) 7.526ms
[2020-01-29T22:12:38.017+0300][189.456s][info ][gc] GC(6432) Concurrent Cycle
[2020-01-29T22:12:38.030+0300][189.471s][info ][gc] GC(6433) Pause Young (Normal) (G1 Evacuation Pause) 222M->223M(256M) 8.126ms
[2020-01-29T22:12:38.042+0300][189.483s][info ][gc] GC(6434) Pause Young (Normal) (G1 Evacuation Pause) 233M->234M(256M) 7.834ms
[2020-01-29T22:12:38.055+0300][189.496s][info ][gc] GC(6435) To-space exhausted
[2020-01-29T22:12:38.055+0300][189.496s][info ][gc] GC(6435) Pause Young (Normal) (G1 Evacuation Pause) 244M->245M(256M) 9.080ms
[2020-01-29T22:12:38.077+0300][189.518s][info ][gc] GC(6436) To-space exhausted
[2020-01-29T22:12:38.077+0300][189.518s][info ][gc] GC(6436) Pause Young (Normal) (G1 Evacuation Pause) 255M->255M(256M) 17.933ms
[2020-01-29T22:12:38.078+0300][189.518s][debug][gc] GC(6437) Clear Next Bitmap 0.090ms
[2020-01-29T22:12:38.128+0300][189.568s][info ][gc] GC(6437) Pause Full (G1 Evacuation Pause) 255M->89M(256M) 50.062ms
[2020-01-29T22:12:38.128+0300][189.568s][info ][gc] GC(6432) Concurrent Cycle 112.009ms
[2020-01-29T22:12:38.170+0300][189.611s][info ][gc] GC(6438) Pause Young (Normal) (G1 Evacuation Pause) 133M->133M(256M) 25.111ms
[2020-01-29T22:12:38.189+0300][189.629s][info ][gc] GC(6439) Pause Young (Concurrent Start) (G1 Humongous Allocation) 136M->138M(256M) 6.024ms
[2020-01-29T22:12:38.189+0300][189.629s][info ][gc] GC(6440) Concurrent Cycle
[2020-01-29T22:12:38.198+0300][189.638s][debug][gc] GC(6440) Reclaimed 125 empty regions
[2020-01-29T22:12:38.198+0300][189.638s][info ][gc] GC(6440) Pause Remark 178M->55M(256M) 0.654ms
[2020-01-29T22:12:38.218+0300][189.659s][info ][gc] GC(6441) Pause Young (Normal) (G1 Evacuation Pause) 62M->59M(256M) 17.270ms
[2020-01-29T22:12:38.234+0300][189.674s][info ][gc] GC(6440) Pause Cleanup 100M->100M(256M) 0.034ms
[2020-01-29T22:12:38.234+0300][189.675s][info ][gc] GC(6440) Concurrent Cycle 45.724ms
[2020-01-29T22:12:38.279+0300][189.719s][info ][gc] GC(6442) Pause Young (Normal) (G1 Evacuation Pause) 112M->113M(256M) 39.568ms
[2020-01-29T22:12:38.327+0300][189.766s][info ][gc] GC(6443) Pause Young (Concurrent Start) (G1 Humongous Allocation) 148M->148M(256M) 23.928ms
[2020-01-29T22:12:38.327+0300][189.766s][info ][gc] GC(6444) Concurrent Cycle
[2020-01-29T22:12:38.368+0300][189.808s][info ][gc] GC(6445) Pause Young (Normal) (G1 Evacuation Pause) 193M->194M(256M) 18.993ms
[2020-01-29T22:12:38.373+0300][189.812s][debug][gc] GC(6444) Reclaimed 101 empty regions
[2020-01-29T22:12:38.373+0300][189.812s][info ][gc] GC(6444) Pause Remark 204M->103M(256M) 0.647ms
[2020-01-29T22:12:38.382+0300][189.822s][info ][gc] GC(6446) Pause Young (Normal) (G1 Evacuation Pause) 103M->104M(256M) 9.462ms
[2020-01-29T22:12:38.424+0300][189.865s][info ][gc] GC(6447) Pause Young (Normal) (G1 Evacuation Pause) 143M->144M(256M) 27.337ms
[2020-01-29T22:12:38.467+0300][189.908s][info ][gc] GC(6448) Pause Young (Normal) (G1 Evacuation Pause) 170M->171M(256M) 32.505ms
[2020-01-29T22:12:38.521+0300][189.961s][info ][gc] GC(6449) Pause Young (Normal) (G1 Evacuation Pause) 209M->210M(256M) 35.025ms
[2020-01-29T22:12:38.553+0300][189.993s][info ][gc] GC(6450) Pause Young (Normal) (G1 Evacuation Pause) 219M->220M(256M) 28.146ms
[2020-01-29T22:12:38.587+0300][190.027s][info ][gc] GC(6451) Pause Young (Normal) (G1 Evacuation Pause) 230M->230M(256M) 29.783ms
[2020-01-29T22:12:38.627+0300][190.067s][info ][gc] GC(6452) Pause Young (Normal) (G1 Evacuation Pause) 240M->241M(256M) 34.872ms
[2020-01-29T22:12:38.642+0300][190.082s][info ][gc] GC(6444) Pause Cleanup 242M->242M(256M) 0.068ms
[2020-01-29T22:12:38.643+0300][190.083s][info ][gc] GC(6444) Concurrent Cycle 316.228ms
[2020-01-29T22:12:38.677+0300][190.117s][info ][gc] GC(6453) To-space exhausted
[2020-01-29T22:12:38.677+0300][190.117s][info ][gc] GC(6453) Pause Young (Normal) (G1 Evacuation Pause) 251M->255M(256M) 30.056ms
[2020-01-29T22:12:38.709+0300][190.149s][info ][gc] GC(6454) Pause Full (G1 Evacuation Pause) 255M->63M(256M) 32.404ms
[2020-01-29T22:12:38.758+0300][190.197s][info ][gc] GC(6455) Pause Young (Concurrent Start) (G1 Evacuation Pause) 114M->115M(256M) 27.959ms
[2020-01-29T22:12:38.758+0300][190.198s][info ][gc] GC(6456) Concurrent Cycle
[2020-01-29T22:12:38.808+0300][190.248s][info ][gc] GC(6457) Pause Young (Normal) (G1 Evacuation Pause) 169M->170M(256M) 24.484ms
[2020-01-29T22:12:38.829+0300][190.269s][info ][gc] GC(6458) Pause Young (Normal) (G1 Evacuation Pause) 187M->188M(256M) 13.301ms
[2020-01-29T22:12:38.842+0300][190.282s][info ][gc] GC(6459) Pause Young (Normal) (G1 Evacuation Pause) 199M->201M(256M) 8.549ms
[2020-01-29T22:12:38.854+0300][190.294s][info ][gc] GC(6460) Pause Young (Normal) (G1 Evacuation Pause) 211M->211M(256M) 7.822ms
[2020-01-29T22:12:38.866+0300][190.306s][info ][gc] GC(6461) Pause Young (Normal) (G1 Evacuation Pause) 221M->222M(256M) 8.028ms
[2020-01-29T22:12:38.878+0300][190.318s][info ][gc] GC(6462) Pause Young (Normal) (G1 Evacuation Pause) 232M->233M(256M) 7.967ms
[2020-01-29T22:12:38.892+0300][190.332s][info ][gc] GC(6463) To-space exhausted
[2020-01-29T22:12:38.893+0300][190.332s][info ][gc] GC(6463) Pause Young (Normal) (G1 Evacuation Pause) 243M->245M(256M) 10.111ms
[2020-01-29T22:12:38.912+0300][190.352s][info ][gc] GC(6464) To-space exhausted
[2020-01-29T22:12:38.912+0300][190.352s][info ][gc] GC(6464) Pause Young (Normal) (G1 Evacuation Pause) 252M->252M(256M) 14.363ms
[2020-01-29T22:12:38.913+0300][190.353s][debug][gc] GC(6465) Clear Next Bitmap 0.074ms
[2020-01-29T22:12:38.972+0300][190.412s][info ][gc] GC(6465) Pause Full (G1 Evacuation Pause) 252M->108M(256M) 59.736ms
[2020-01-29T22:12:38.973+0300][190.412s][info ][gc] GC(6456) Concurrent Cycle 214.968ms
[2020-01-29T22:12:39.010+0300][190.451s][info ][gc] GC(6466) Pause Young (Concurrent Start) (G1 Humongous Allocation) 137M->136M(256M) 16.703ms
[2020-01-29T22:12:39.010+0300][190.451s][info ][gc] GC(6467) Concurrent Cycle
[2020-01-29T22:12:39.046+0300][190.486s][info ][gc] GC(6468) Pause Young (Normal) (G1 Evacuation Pause) 185M->187M(256M) 20.180ms
[2020-01-29T22:12:39.050+0300][190.491s][debug][gc] GC(6467) Reclaimed 97 empty regions
[2020-01-29T22:12:39.050+0300][190.491s][info ][gc] GC(6467) Pause Remark 197M->100M(256M) 0.628ms
[2020-01-29T22:12:39.063+0300][190.504s][info ][gc] GC(6469) Pause Young (Normal) (G1 Evacuation Pause) 103M->104M(256M) 11.527ms
[2020-01-29T22:12:39.108+0300][190.548s][info ][gc] GC(6470) Pause Young (Normal) (G1 Evacuation Pause) 143M->144M(256M) 29.227ms
[2020-01-29T22:12:39.153+0300][190.593s][info ][gc] GC(6471) Pause Young (Normal) (G1 Evacuation Pause) 170M->171M(256M) 34.415ms
[2020-01-29T22:12:39.202+0300][190.643s][info ][gc] GC(6472) Pause Young (Normal) (G1 Evacuation Pause) 209M->210M(256M) 30.847ms
[2020-01-29T22:12:39.232+0300][190.672s][info ][gc] GC(6473) Pause Young (Normal) (G1 Evacuation Pause) 219M->220M(256M) 24.882ms
[2020-01-29T22:12:39.262+0300][190.702s][info ][gc] GC(6474) Pause Young (Normal) (G1 Evacuation Pause) 230M->230M(256M) 26.080ms
[2020-01-29T22:12:39.266+0300][190.706s][info ][gc] GC(6467) Pause Cleanup 239M->239M(256M) 0.053ms
[2020-01-29T22:12:39.266+0300][190.706s][info ][gc] GC(6467) Concurrent Cycle 254.951ms
[2020-01-29T22:12:39.292+0300][190.731s][info ][gc] GC(6475) Pause Young (Normal) (G1 Evacuation Pause) 240M->241M(256M) 24.889ms
[2020-01-29T22:12:39.312+0300][190.752s][info ][gc] GC(6476) To-space exhausted
[2020-01-29T22:12:39.312+0300][190.752s][info ][gc] GC(6476) Pause Young (Concurrent Start) (G1 Evacuation Pause) 251M->255M(256M) 16.627ms
[2020-01-29T22:12:39.312+0300][190.752s][info ][gc] GC(6478) Concurrent Cycle
[2020-01-29T22:12:39.313+0300][190.752s][debug][gc] GC(6477) Clear Next Bitmap 0.070ms
[2020-01-29T22:12:39.350+0300][190.790s][info ][gc] GC(6477) Pause Full (G1 Evacuation Pause) 255M->71M(256M) 37.816ms
[2020-01-29T22:12:39.351+0300][190.790s][info ][gc] GC(6478) Concurrent Cycle 38.163ms
[2020-01-29T22:12:39.397+0300][190.837s][info ][gc] GC(6479) Pause Young (Normal) (G1 Evacuation Pause) 120M->120M(256M) 27.362ms
[2020-01-29T22:12:39.428+0300][190.868s][info ][gc] GC(6480) Pause Young (Concurrent Start) (G1 Humongous Allocation) 137M->138M(256M) 14.072ms
[2020-01-29T22:12:39.428+0300][190.868s][info ][gc] GC(6481) Concurrent Cycle
[2020-01-29T22:12:39.460+0300][190.900s][info ][gc] GC(6482) Pause Young (Normal) (G1 Evacuation Pause) 186M->186M(256M) 19.739ms
[2020-01-29T22:12:39.464+0300][190.904s][debug][gc] GC(6481) Reclaimed 105 empty regions
[2020-01-29T22:12:39.464+0300][190.904s][info ][gc] GC(6481) Pause Remark 195M->92M(256M) 0.624ms
[2020-01-29T22:12:39.475+0300][190.915s][info ][gc] GC(6483) Pause Young (Normal) (G1 Evacuation Pause) 95M->96M(256M) 9.679ms
[2020-01-29T22:12:39.522+0300][190.962s][info ][gc] GC(6484) Pause Young (Normal) (G1 Evacuation Pause) 137M->138M(256M) 30.622ms
[2020-01-29T22:12:39.568+0300][191.008s][info ][gc] GC(6485) Pause Young (Normal) (G1 Evacuation Pause) 166M->167M(256M) 35.481ms
[2020-01-29T22:12:39.624+0300][191.064s][info ][gc] GC(6486) Pause Young (Normal) (G1 Evacuation Pause) 206M->207M(256M) 36.197ms
[2020-01-29T22:12:39.632+0300][191.072s][info ][gc] GC(6481) Pause Cleanup 216M->216M(256M) 0.056ms
[2020-01-29T22:12:39.662+0300][191.102s][info ][gc] GC(6487) Pause Young (Normal) (G1 Evacuation Pause) 216M->217M(256M) 29.802ms
[2020-01-29T22:12:39.663+0300][191.102s][info ][gc] GC(6481) Concurrent Cycle 234.686ms
[2020-01-29T22:12:39.675+0300][191.114s][info ][gc] GC(6488) Pause Young (Normal) (G1 Evacuation Pause) 227M->228M(256M) 8.131ms
[2020-01-29T22:12:39.687+0300][191.126s][info ][gc] GC(6489) Pause Young (Concurrent Start) (G1 Evacuation Pause) 238M->238M(256M) 8.135ms
[2020-01-29T22:12:39.687+0300][191.126s][info ][gc] GC(6490) Concurrent Cycle
[2020-01-29T22:12:39.706+0300][191.145s][info ][gc] GC(6491) To-space exhausted
[2020-01-29T22:12:39.706+0300][191.146s][info ][gc] GC(6491) Pause Young (Normal) (G1 Evacuation Pause) 248M->251M(256M) 12.781ms
[2020-01-29T22:12:39.719+0300][191.158s][info ][gc] GC(6492) To-space exhausted
[2020-01-29T22:12:39.719+0300][191.158s][info ][gc] GC(6492) Pause Young (Normal) (G1 Evacuation Pause) 255M->255M(256M) 11.212ms
[2020-01-29T22:12:39.719+0300][191.159s][debug][gc] GC(6493) Clear Next Bitmap 0.078ms
[2020-01-29T22:12:39.759+0300][191.200s][info ][gc] GC(6493) Pause Full (G1 Evacuation Pause) 255M->77M(256M) 41.142ms
[2020-01-29T22:12:39.759+0300][191.200s][info ][gc] GC(6490) Concurrent Cycle 73.462ms
[2020-01-29T22:12:39.804+0300][191.245s][info ][gc] GC(6494) Pause Young (Normal) (G1 Evacuation Pause) 125M->125M(256M) 26.170ms
[2020-01-29T22:12:39.830+0300][191.270s][info ][gc] GC(6495) Pause Young (Concurrent Start) (G1 Humongous Allocation) 136M->137M(256M) 10.300ms
[2020-01-29T22:12:39.830+0300][191.270s][info ][gc] GC(6496) Concurrent Cycle
[2020-01-29T22:12:39.843+0300][191.284s][debug][gc] GC(6496) Reclaimed 113 empty regions
[2020-01-29T22:12:39.843+0300][191.284s][info ][gc] GC(6496) Pause Remark 185M->73M(256M) 0.642ms
[2020-01-29T22:12:39.862+0300][191.302s][info ][gc] GC(6497) Pause Young (Normal) (G1 Evacuation Pause) 73M->70M(256M) 18.043ms
[2020-01-29T22:12:39.921+0300][191.361s][info ][gc] GC(6498) Pause Young (Normal) (G1 Evacuation Pause) 119M->120M(256M) 39.638ms
[2020-01-29T22:12:39.933+0300][191.373s][info ][gc] GC(6496) Pause Cleanup 129M->129M(256M) 0.050ms
[2020-01-29T22:12:39.933+0300][191.373s][info ][gc] GC(6496) Concurrent Cycle 102.970ms
[2020-01-29T22:12:39.983+0300][191.423s][info ][gc] GC(6499) Pause Young (Normal) (G1 Evacuation Pause) 154M->155M(256M) 40.454ms
[2020-01-29T22:12:40.003+0300][191.443s][info ][gc] GC(6500) Pause Young (Concurrent Start) (G1 Humongous Allocation) 159M->160M(256M) 7.301ms
[2020-01-29T22:12:40.003+0300][191.443s][info ][gc] GC(6501) Concurrent Cycle
[2020-01-29T22:12:40.028+0300][191.468s][info ][gc] GC(6502) Pause Young (Normal) (G1 Evacuation Pause) 201M->202M(256M) 16.025ms
[2020-01-29T22:12:40.030+0300][191.469s][debug][gc] GC(6501) Reclaimed 143 empty regions
[2020-01-29T22:12:40.030+0300][191.470s][info ][gc] GC(6501) Pause Remark 203M->60M(256M) 0.663ms
[2020-01-29T22:12:40.041+0300][191.480s][info ][gc] GC(6503) Pause Young (Normal) (G1 Evacuation Pause) 67M->67M(256M) 8.033ms
[2020-01-29T22:12:40.095+0300][191.535s][info ][gc] GC(6504) Pause Young (Normal) (G1 Evacuation Pause) 117M->119M(256M) 34.434ms
[2020-01-29T22:12:40.108+0300][191.549s][info ][gc] GC(6501) Pause Cleanup 153M->153M(256M) 0.046ms
[2020-01-29T22:12:40.147+0300][191.588s][info ][gc] GC(6505) Pause Young (Normal) (G1 Evacuation Pause) 153M->153M(256M) 38.610ms
[2020-01-29T22:12:40.147+0300][191.588s][info ][gc] GC(6501) Concurrent Cycle 144.921ms
[2020-01-29T22:12:40.164+0300][191.605s][info ][gc] GC(6506) Pause Young (Concurrent Start) (G1 Humongous Allocation) 155M->156M(256M) 5.467ms
[2020-01-29T22:12:40.164+0300][191.605s][info ][gc] GC(6507) Concurrent Cycle
[2020-01-29T22:12:40.173+0300][191.613s][debug][gc] GC(6507) Reclaimed 137 empty regions
[2020-01-29T22:12:40.173+0300][191.613s][info ][gc] GC(6507) Pause Remark 194M->57M(256M) 0.652ms
[2020-01-29T22:12:40.189+0300][191.630s][info ][gc] GC(6508) Pause Young (Normal) (G1 Evacuation Pause) 61M->60M(256M) 14.671ms
[2020-01-29T22:12:40.206+0300][191.647s][info ][gc] GC(6507) Pause Cleanup 104M->104M(256M) 0.044ms
[2020-01-29T22:12:40.207+0300][191.647s][info ][gc] GC(6507) Concurrent Cycle 42.382ms
[2020-01-29T22:12:40.247+0300][191.688s][info ][gc] GC(6509) Pause Young (Normal) (G1 Evacuation Pause) 112M->113M(256M) 37.387ms
[2020-01-29T22:12:40.285+0300][191.725s][info ][gc] GC(6510) Pause Young (Concurrent Start) (G1 Evacuation Pause) 149M->149M(256M) 23.623ms
[2020-01-29T22:12:40.285+0300][191.725s][info ][gc] GC(6511) Concurrent Cycle
[2020-01-29T22:12:40.327+0300][191.767s][info ][gc] GC(6512) Pause Young (Normal) (G1 Evacuation Pause) 194M->195M(256M) 19.137ms
[2020-01-29T22:12:40.341+0300][191.781s][info ][gc] GC(6513) Pause Young (Normal) (G1 Evacuation Pause) 205M->205M(256M) 9.175ms
[2020-01-29T22:12:40.354+0300][191.794s][info ][gc] GC(6514) Pause Young (Normal) (G1 Evacuation Pause) 215M->216M(256M) 8.467ms
[2020-01-29T22:12:40.366+0300][191.806s][info ][gc] GC(6515) Pause Young (Normal) (G1 Evacuation Pause) 226M->227M(256M) 8.128ms
[2020-01-29T22:12:40.379+0300][191.819s][info ][gc] GC(6516) Pause Young (Normal) (G1 Evacuation Pause) 237M->237M(256M) 8.056ms
[2020-01-29T22:12:40.394+0300][191.834s][info ][gc] GC(6517) To-space exhausted
[2020-01-29T22:12:40.394+0300][191.834s][info ][gc] GC(6517) Pause Young (Normal) (G1 Evacuation Pause) 247M->250M(256M) 11.247ms
[2020-01-29T22:12:40.408+0300][191.848s][info ][gc] GC(6518) To-space exhausted
[2020-01-29T22:12:40.408+0300][191.848s][info ][gc] GC(6518) Pause Young (Normal) (G1 Evacuation Pause) 255M->255M(256M) 11.600ms
[2020-01-29T22:12:40.408+0300][191.848s][debug][gc] GC(6519) Clear Next Bitmap 0.094ms
[2020-01-29T22:12:40.461+0300][191.901s][info ][gc] GC(6519) Pause Full (G1 Evacuation Pause) 255M->96M(256M) 53.047ms
[2020-01-29T22:12:40.462+0300][191.901s][info ][gc] GC(6511) Concurrent Cycle 176.024ms
[2020-01-29T22:12:40.510+0300][191.950s][info ][gc] GC(6520) Pause Young (Concurrent Start) (G1 Humongous Allocation) 136M->136M(256M) 23.053ms
[2020-01-29T22:12:40.510+0300][191.950s][info ][gc] GC(6521) Concurrent Cycle
[2020-01-29T22:12:40.552+0300][191.992s][info ][gc] GC(6522) Pause Young (Normal) (G1 Evacuation Pause) 185M->186M(256M) 21.076ms
[2020-01-29T22:12:40.557+0300][191.997s][debug][gc] GC(6521) Reclaimed 94 empty regions
[2020-01-29T22:12:40.557+0300][191.997s][info ][gc] GC(6521) Pause Remark 196M->103M(256M) 0.641ms
[2020-01-29T22:12:40.569+0300][192.010s][info ][gc] GC(6523) Pause Young (Normal) (G1 Evacuation Pause) 106M->107M(256M) 11.029ms
[2020-01-29T22:12:40.613+0300][192.054s][info ][gc] GC(6524) Pause Young (Normal) (G1 Evacuation Pause) 145M->146M(256M) 28.937ms
[2020-01-29T22:12:40.657+0300][192.097s][info ][gc] GC(6525) Pause Young (Normal) (G1 Evacuation Pause) 171M->172M(256M) 33.418ms
[2020-01-29T22:12:40.710+0300][192.150s][info ][gc] GC(6526) Pause Young (Normal) (G1 Evacuation Pause) 209M->209M(256M) 34.622ms
[2020-01-29T22:12:40.743+0300][192.183s][info ][gc] GC(6527) Pause Young (Normal) (G1 Evacuation Pause) 218M->219M(256M) 27.639ms
[2020-01-29T22:12:40.775+0300][192.215s][info ][gc] GC(6528) Pause Young (Normal) (G1 Evacuation Pause) 229M->230M(256M) 28.159ms
[2020-01-29T22:12:40.808+0300][192.249s][info ][gc] GC(6529) Pause Young (Normal) (G1 Evacuation Pause) 240M->241M(256M) 29.378ms
[2020-01-29T22:12:40.848+0300][192.288s][info ][gc] GC(6530) To-space exhausted
[2020-01-29T22:12:40.848+0300][192.288s][info ][gc] GC(6530) Pause Young (Normal) (G1 Evacuation Pause) 251M->255M(256M) 34.855ms
[2020-01-29T22:12:40.848+0300][192.288s][debug][gc] GC(6531) Clear Next Bitmap 0.067ms
[2020-01-29T22:12:40.882+0300][192.322s][info ][gc] GC(6531) Pause Full (G1 Evacuation Pause) 255M->67M(256M) 34.410ms
[2020-01-29T22:12:40.882+0300][192.323s][info ][gc] GC(6521) Concurrent Cycle 372.221ms
[2020-01-29T22:12:40.933+0300][192.373s][info ][gc] GC(6532) Pause Young (Normal) (G1 Evacuation Pause) 118M->119M(256M) 30.707ms
[2020-01-29T22:12:40.964+0300][192.405s][info ][gc] GC(6533) Pause Young (Concurrent Start) (G1 Humongous Allocation) 138M->138M(256M) 13.610ms
[2020-01-29T22:12:40.964+0300][192.405s][info ][gc] GC(6534) Concurrent Cycle
[2020-01-29T22:12:40.997+0300][192.437s][info ][gc] GC(6535) Pause Young (Normal) (G1 Evacuation Pause) 185M->187M(256M) 19.477ms
[2020-01-29T22:12:41.002+0300][192.442s][debug][gc] GC(6534) Reclaimed 110 empty regions
[2020-01-29T22:12:41.002+0300][192.442s][info ][gc] GC(6534) Pause Remark 196M->88M(256M) 0.658ms
[2020-01-29T22:12:41.013+0300][192.453s][info ][gc] GC(6536) Pause Young (Normal) (G1 Evacuation Pause) 91M->91M(256M) 9.380ms
[2020-01-29T22:12:41.060+0300][192.501s][info ][gc] GC(6537) Pause Young (Normal) (G1 Evacuation Pause) 134M->135M(256M) 31.040ms
[2020-01-29T22:12:41.107+0300][192.547s][info ][gc] GC(6538) Pause Young (Normal) (G1 Evacuation Pause) 164M->165M(256M) 35.008ms
[2020-01-29T22:12:41.157+0300][192.598s][info ][gc] GC(6539) Pause Young (Normal) (G1 Evacuation Pause) 205M->205M(256M) 30.927ms
[2020-01-29T22:12:41.182+0300][192.626s][info ][gc] GC(6540) Pause Young (Normal) (G1 Evacuation Pause) 213M->215M(256M) 24.793ms
[2020-01-29T22:12:41.212+0300][192.656s][info ][gc] GC(6541) Pause Young (Normal) (G1 Evacuation Pause) 225M->226M(256M) 26.017ms
[2020-01-29T22:12:41.212+0300][192.656s][info ][gc] GC(6534) Pause Cleanup 226M->226M(256M) 0.045ms
[2020-01-29T22:12:41.217+0300][192.657s][info ][gc] GC(6534) Concurrent Cycle 251.915ms
[2020-01-29T22:12:41.242+0300][192.684s][info ][gc] GC(6542) Pause Young (Normal) (G1 Evacuation Pause) 236M->237M(256M) 23.850ms
[2020-01-29T22:12:41.261+0300][192.701s][info ][gc] GC(6543) To-space exhausted
[2020-01-29T22:12:41.261+0300][192.701s][info ][gc] GC(6543) Pause Young (Concurrent Start) (G1 Evacuation Pause) 247M->250M(256M) 12.254ms
[2020-01-29T22:12:41.261+0300][192.701s][info ][gc] GC(6544) Concurrent Cycle
[2020-01-29T22:12:41.277+0300][192.717s][info ][gc] GC(6545) To-space exhausted
[2020-01-29T22:12:41.277+0300][192.717s][info ][gc] GC(6545) Pause Young (Normal) (G1 Evacuation Pause) 255M->255M(256M) 11.846ms
[2020-01-29T22:12:41.277+0300][192.717s][debug][gc] GC(6546) Clear Next Bitmap 0.105ms
[2020-01-29T22:12:41.322+0300][192.761s][info ][gc] GC(6546) Pause Full (G1 Evacuation Pause) 255M->80M(256M) 44.322ms
[2020-01-29T22:12:41.322+0300][192.762s][info ][gc] GC(6544) Concurrent Cycle 61.034ms
[2020-01-29T22:12:41.362+0300][192.805s][info ][gc] GC(6547) Pause Young (Normal) (G1 Evacuation Pause) 126M->127M(256M) 25.823ms
[2020-01-29T22:12:41.387+0300][192.827s][info ][gc] GC(6548) Pause Young (Concurrent Start) (G1 Humongous Allocation) 137M->137M(256M) 10.486ms
[2020-01-29T22:12:41.387+0300][192.827s][info ][gc] GC(6549) Concurrent Cycle
[2020-01-29T22:12:41.417+0300][192.858s][info ][gc] GC(6550) Pause Young (Normal) (G1 Evacuation Pause) 184M->185M(256M) 19.266ms
[2020-01-29T22:12:41.417+0300][192.859s][debug][gc] GC(6549) Reclaimed 119 empty regions
[2020-01-29T22:12:41.417+0300][192.859s][info ][gc] GC(6549) Pause Remark 186M->70M(256M) 0.638ms
[2020-01-29T22:12:41.432+0300][192.872s][info ][gc] GC(6551) Pause Young (Normal) (G1 Evacuation Pause) 81M->82M(256M) 8.918ms
[2020-01-29T22:12:41.482+0300][192.925s][info ][gc] GC(6552) Pause Young (Normal) (G1 Evacuation Pause) 128M->128M(256M) 34.023ms
[2020-01-29T22:12:41.507+0300][192.950s][info ][gc] GC(6549) Pause Cleanup 158M->158M(256M) 0.041ms
[2020-01-29T22:12:41.507+0300][192.950s][info ][gc] GC(6549) Concurrent Cycle 123.335ms
[2020-01-29T22:12:41.547+0300][192.991s][info ][gc] GC(6553) Pause Young (Concurrent Start) (G1 Humongous Allocation) 158M->159M(256M) 34.821ms
[2020-01-29T22:12:41.547+0300][192.991s][info ][gc] GC(6554) Concurrent Cycle
[2020-01-29T22:12:41.586+0300][193.026s][info ][gc] GC(6555) Pause Young (Normal) (G1 Evacuation Pause) 200M->200M(256M) 16.311ms
[2020-01-29T22:12:41.588+0300][193.031s][debug][gc] GC(6554) Reclaimed 118 empty regions
[2020-01-29T22:12:41.588+0300][193.031s][info ][gc] GC(6554) Pause Remark 209M->91M(256M) 0.645ms
[2020-01-29T22:12:41.597+0300][193.039s][info ][gc] GC(6556) Pause Young (Normal) (G1 Evacuation Pause) 91M->92M(256M) 7.354ms
[2020-01-29T22:12:41.642+0300][193.085s][info ][gc] GC(6557) Pause Young (Normal) (G1 Evacuation Pause) 134M->135M(256M) 29.400ms
[2020-01-29T22:12:41.695+0300][193.136s][info ][gc] GC(6558) Pause Young (Normal) (G1 Evacuation Pause) 164M->165M(256M) 38.742ms
[2020-01-29T22:12:41.752+0300][193.193s][info ][gc] GC(6559) Pause Young (Normal) (G1 Evacuation Pause) 205M->206M(256M) 32.544ms
[2020-01-29T22:12:41.782+0300][193.223s][info ][gc] GC(6560) Pause Young (Normal) (G1 Evacuation Pause) 214M->214M(256M) 26.322ms
[2020-01-29T22:12:41.783+0300][193.226s][info ][gc] GC(6554) Pause Cleanup 223M->223M(256M) 0.048ms
[2020-01-29T22:12:41.787+0300][193.226s][info ][gc] GC(6554) Concurrent Cycle 235.318ms
[2020-01-29T22:12:41.807+0300][193.251s][info ][gc] GC(6561) Pause Young (Normal) (G1 Evacuation Pause) 224M->225M(256M) 24.098ms
[2020-01-29T22:12:41.822+0300][193.263s][info ][gc] GC(6562) Pause Young (Concurrent Start) (G1 Evacuation Pause) 235M->236M(256M) 8.241ms
[2020-01-29T22:12:41.822+0300][193.263s][info ][gc] GC(6563) Concurrent Cycle
[2020-01-29T22:12:41.837+0300][193.280s][info ][gc] GC(6564) To-space exhausted
[2020-01-29T22:12:41.837+0300][193.280s][info ][gc] GC(6564) Pause Young (Normal) (G1 Evacuation Pause) 246M->249M(256M) 10.472ms
[2020-01-29T22:12:41.852+0300][193.295s][info ][gc] GC(6565) To-space exhausted
[2020-01-29T22:12:41.852+0300][193.295s][info ][gc] GC(6565) Pause Young (Normal) (G1 Evacuation Pause) 255M->255M(256M) 12.308ms
[2020-01-29T22:12:41.852+0300][193.295s][debug][gc] GC(6566) Clear Next Bitmap 0.091ms
[2020-01-29T22:12:41.892+0300][193.332s][info ][gc] GC(6566) Pause Full (G1 Evacuation Pause) 255M->71M(256M) 37.133ms
[2020-01-29T22:12:41.892+0300][193.332s][info ][gc] GC(6563) Concurrent Cycle 69.050ms
[2020-01-29T22:12:41.937+0300][193.379s][info ][gc] GC(6567) Pause Young (Normal) (G1 Evacuation Pause) 120M->120M(256M) 27.770ms
[2020-01-29T22:12:41.962+0300][193.406s][info ][gc] GC(6568) Pause Young (Concurrent Start) (G1 Humongous Allocation) 136M->137M(256M) 14.085ms
[2020-01-29T22:12:41.962+0300][193.406s][info ][gc] GC(6569) Concurrent Cycle
[2020-01-29T22:12:41.977+0300][193.421s][info ][gc] GC(6570) Pause Young (Normal) (G1 Humongous Allocation) 137M->139M(256M) 2.934ms
[2020-01-29T22:12:41.982+0300][193.425s][debug][gc] GC(6569) Reclaimed 111 empty regions
[2020-01-29T22:12:41.982+0300][193.425s][info ][gc] GC(6569) Pause Remark 167M->58M(256M) 0.650ms
[2020-01-29T22:12:42.007+0300][193.450s][info ][gc] GC(6571) Pause Young (Normal) (G1 Evacuation Pause) 77M->77M(256M) 17.095ms
[2020-01-29T22:12:42.062+0300][193.504s][info ][gc] GC(6572) Pause Young (Normal) (G1 Evacuation Pause) 124M->125M(256M) 35.958ms
[2020-01-29T22:12:42.074+0300][193.514s][info ][gc] GC(6569) Pause Cleanup 149M->149M(256M) 0.038ms
[2020-01-29T22:12:42.074+0300][193.514s][info ][gc] GC(6569) Concurrent Cycle 108.161ms
[2020-01-29T22:12:42.117+0300][193.557s][info ][gc] GC(6573) Pause Young (Normal) (G1 Evacuation Pause) 157M->158M(256M) 39.496ms
[2020-01-29T22:12:42.140+0300][193.580s][info ][gc] GC(6574) Pause Young (Concurrent Start) (G1 Humongous Allocation) 167M->168M(256M) 8.723ms
[2020-01-29T22:12:42.140+0300][193.580s][info ][gc] GC(6575) Concurrent Cycle
[2020-01-29T22:12:42.164+0300][193.604s][info ][gc] GC(6576) Pause Young (Normal) (G1 Evacuation Pause) 207M->208M(256M) 15.233ms
[2020-01-29T22:12:42.168+0300][193.608s][debug][gc] GC(6575) Reclaimed 143 empty regions
[2020-01-29T22:12:42.168+0300][193.608s][info ][gc] GC(6575) Pause Remark 216M->73M(256M) 0.716ms
[2020-01-29T22:12:42.176+0300][193.616s][info ][gc] GC(6577) Pause Young (Normal) (G1 Evacuation Pause) 74M->75M(256M) 7.372ms
[2020-01-29T22:12:42.228+0300][193.669s][info ][gc] GC(6578) Pause Young (Normal) (G1 Evacuation Pause) 123M->124M(256M) 33.458ms
[2020-01-29T22:12:42.280+0300][193.720s][info ][gc] GC(6579) Pause Young (Normal) (G1 Evacuation Pause) 156M->157M(256M) 38.591ms
[2020-01-29T22:12:42.289+0300][193.729s][info ][gc] GC(6575) Pause Cleanup 164M->164M(256M) 0.048ms
[2020-01-29T22:12:42.289+0300][193.729s][info ][gc] GC(6575) Concurrent Cycle 149.026ms
[2020-01-29T22:12:42.318+0300][193.758s][info ][gc] GC(6580) Pause Young (Concurrent Start) (G1 Humongous Allocation) 164M->165M(256M) 24.986ms
[2020-01-29T22:12:42.318+0300][193.758s][info ][gc] GC(6581) Concurrent Cycle
[2020-01-29T22:12:42.342+0300][193.782s][info ][gc] GC(6582) Pause Young (Normal) (G1 Evacuation Pause) 205M->205M(256M) 15.329ms
[2020-01-29T22:12:42.344+0300][193.784s][debug][gc] GC(6581) Reclaimed 142 empty regions
[2020-01-29T22:12:42.344+0300][193.784s][info ][gc] GC(6581) Pause Remark 209M->67M(256M) 0.632ms
[2020-01-29T22:12:42.353+0300][193.794s][info ][gc] GC(6583) Pause Young (Normal) (G1 Evacuation Pause) 72M->74M(256M) 6.975ms
[2020-01-29T22:12:42.407+0300][193.847s][info ][gc] GC(6584) Pause Young (Normal) (G1 Evacuation Pause) 122M->123M(256M) 34.506ms
[2020-01-29T22:12:42.460+0300][193.900s][info ][gc] GC(6585) Pause Young (Normal) (G1 Evacuation Pause) 156M->157M(256M) 39.178ms
[2020-01-29T22:12:42.464+0300][193.904s][info ][gc] GC(6581) Pause Cleanup 162M->162M(256M) 0.048ms
[2020-01-29T22:12:42.465+0300][193.905s][info ][gc] GC(6581) Concurrent Cycle 146.610ms
[2020-01-29T22:12:42.498+0300][193.938s][info ][gc] GC(6586) Pause Young (Concurrent Start) (G1 Humongous Allocation) 162M->163M(256M) 25.611ms
[2020-01-29T22:12:42.498+0300][193.938s][info ][gc] GC(6587) Concurrent Cycle
[2020-01-29T22:12:42.523+0300][193.962s][info ][gc] GC(6588) Pause Young (Normal) (G1 Evacuation Pause) 203M->204M(256M) 15.439ms
[2020-01-29T22:12:42.524+0300][193.964s][debug][gc] GC(6587) Reclaimed 142 empty regions
[2020-01-29T22:12:42.524+0300][193.964s][info ][gc] GC(6587) Pause Remark 205M->63M(256M) 0.646ms
[2020-01-29T22:12:42.534+0300][193.974s][info ][gc] GC(6589) Pause Young (Normal) (G1 Evacuation Pause) 71M->72M(256M) 6.784ms
[2020-01-29T22:12:42.587+0300][194.027s][info ][gc] GC(6590) Pause Young (Normal) (G1 Evacuation Pause) 121M->121M(256M) 34.177ms
[2020-01-29T22:12:42.641+0300][194.081s][info ][gc] GC(6591) Pause Young (Normal) (G1 Evacuation Pause) 154M->155M(256M) 40.626ms
[2020-01-29T22:12:42.642+0300][194.082s][info ][gc] GC(6587) Pause Cleanup 157M->157M(256M) 0.053ms
[2020-01-29T22:12:42.642+0300][194.083s][info ][gc] GC(6587) Concurrent Cycle 144.519ms
[2020-01-29T22:12:42.684+0300][194.124s][info ][gc] GC(6592) Pause Young (Concurrent Start) (G1 Humongous Allocation) 159M->160M(256M) 29.956ms
[2020-01-29T22:12:42.684+0300][194.124s][info ][gc] GC(6593) Concurrent Cycle
[2020-01-29T22:12:42.693+0300][194.133s][debug][gc] GC(6593) Reclaimed 141 empty regions
[2020-01-29T22:12:42.693+0300][194.133s][info ][gc] GC(6593) Pause Remark 200M->59M(256M) 0.651ms
[2020-01-29T22:12:42.709+0300][194.148s][info ][gc] GC(6594) Pause Young (Normal) (G1 Evacuation Pause) 60M->57M(256M) 14.391ms
[2020-01-29T22:12:42.726+0300][194.166s][info ][gc] GC(6593) Pause Cleanup 102M->102M(256M) 0.045ms
[2020-01-29T22:12:42.727+0300][194.166s][info ][gc] GC(6593) Concurrent Cycle 42.326ms
[2020-01-29T22:12:42.767+0300][194.208s][info ][gc] GC(6595) Pause Young (Normal) (G1 Evacuation Pause) 110M->111M(256M) 38.297ms
[2020-01-29T22:12:42.806+0300][194.246s][info ][gc] GC(6596) Pause Young (Concurrent Start) (G1 Evacuation Pause) 147M->147M(256M) 24.445ms
[2020-01-29T22:12:42.806+0300][194.246s][info ][gc] GC(6597) Concurrent Cycle
[2020-01-29T22:12:42.849+0300][194.289s][info ][gc] GC(6598) Pause Young (Normal) (G1 Evacuation Pause) 192M->194M(256M) 19.205ms
[2020-01-29T22:12:42.862+0300][194.302s][info ][gc] GC(6599) Pause Young (Normal) (G1 Evacuation Pause) 204M->205M(256M) 9.251ms
[2020-01-29T22:12:42.874+0300][194.314s][info ][gc] GC(6600) Pause Young (Normal) (G1 Evacuation Pause) 215M->216M(256M) 8.044ms
[2020-01-29T22:12:42.887+0300][194.326s][info ][gc] GC(6601) Pause Young (Normal) (G1 Evacuation Pause) 226M->227M(256M) 8.082ms
[2020-01-29T22:12:42.899+0300][194.339s][info ][gc] GC(6602) Pause Young (Normal) (G1 Evacuation Pause) 237M->238M(256M) 8.050ms
[2020-01-29T22:12:42.915+0300][194.355s][info ][gc] GC(6603) To-space exhausted
[2020-01-29T22:12:42.915+0300][194.355s][info ][gc] GC(6603) Pause Young (Normal) (G1 Evacuation Pause) 248M->251M(256M) 12.184ms
[2020-01-29T22:12:42.928+0300][194.367s][info ][gc] GC(6604) To-space exhausted
[2020-01-29T22:12:42.928+0300][194.367s][info ][gc] GC(6604) Pause Young (Normal) (G1 Evacuation Pause) 255M->255M(256M) 10.925ms
[2020-01-29T22:12:42.928+0300][194.368s][debug][gc] GC(6605) Clear Next Bitmap 0.089ms
[2020-01-29T22:12:42.979+0300][194.419s][info ][gc] GC(6605) Pause Full (G1 Evacuation Pause) 255M->95M(256M) 51.679ms
[2020-01-29T22:12:42.979+0300][194.420s][info ][gc] GC(6597) Concurrent Cycle 173.202ms
[2020-01-29T22:12:43.029+0300][194.469s][info ][gc] GC(6606) Pause Young (Concurrent Start) (G1 Humongous Allocation) 137M->136M(256M) 22.947ms
[2020-01-29T22:12:43.029+0300][194.469s][info ][gc] GC(6607) Concurrent Cycle
[2020-01-29T22:12:43.072+0300][194.512s][info ][gc] GC(6608) Pause Young (Normal) (G1 Evacuation Pause) 184M->185M(256M) 21.519ms
[2020-01-29T22:12:43.076+0300][194.517s][debug][gc] GC(6607) Reclaimed 95 empty regions
[2020-01-29T22:12:43.077+0300][194.517s][info ][gc] GC(6607) Pause Remark 195M->102M(256M) 0.686ms
[2020-01-29T22:12:43.089+0300][194.529s][info ][gc] GC(6609) Pause Young (Normal) (G1 Evacuation Pause) 105M->106M(256M) 10.844ms
[2020-01-29T22:12:43.133+0300][194.573s][info ][gc] GC(6610) Pause Young (Normal) (G1 Evacuation Pause) 144M->145M(256M) 28.315ms
[2020-01-29T22:12:43.176+0300][194.616s][info ][gc] GC(6611) Pause Young (Normal) (G1 Evacuation Pause) 171M->172M(256M) 33.252ms
[2020-01-29T22:12:43.229+0300][194.669s][info ][gc] GC(6612) Pause Young (Normal) (G1 Evacuation Pause) 209M->210M(256M) 34.626ms
[2020-01-29T22:12:43.261+0300][194.701s][info ][gc] GC(6613) Pause Young (Normal) (G1 Evacuation Pause) 219M->220M(256M) 28.360ms
[2020-01-29T22:12:43.295+0300][194.735s][info ][gc] GC(6614) Pause Young (Normal) (G1 Evacuation Pause) 230M->231M(256M) 29.845ms
[2020-01-29T22:12:43.330+0300][194.771s][info ][gc] GC(6615) Pause Young (Normal) (G1 Evacuation Pause) 241M->242M(256M) 31.220ms
[2020-01-29T22:12:43.372+0300][194.813s][info ][gc] GC(6616) To-space exhausted
[2020-01-29T22:12:43.372+0300][194.813s][info ][gc] GC(6616) Pause Young (Normal) (G1 Evacuation Pause) 252M->255M(256M) 37.439ms
[2020-01-29T22:12:43.372+0300][194.813s][debug][gc] GC(6617) Clear Next Bitmap 0.057ms
[2020-01-29T22:12:43.410+0300][194.850s][info ][gc] GC(6617) Pause Full (G1 Evacuation Pause) 255M->68M(256M) 37.425ms
[2020-01-29T22:12:43.410+0300][194.850s][info ][gc] GC(6607) Concurrent Cycle 381.324ms
[2020-01-29T22:12:43.459+0300][194.899s][info ][gc] GC(6618) Pause Young (Normal) (G1 Evacuation Pause) 119M->119M(256M) 28.149ms
[2020-01-29T22:12:43.490+0300][194.930s][info ][gc] GC(6619) Pause Young (Concurrent Start) (G1 Humongous Allocation) 137M->137M(256M) 13.842ms
[2020-01-29T22:12:43.490+0300][194.930s][info ][gc] GC(6620) Concurrent Cycle
[2020-01-29T22:12:43.524+0300][194.964s][info ][gc] GC(6621) Pause Young (Normal) (G1 Evacuation Pause) 185M->186M(256M) 20.625ms
[2020-01-29T22:12:43.528+0300][194.968s][debug][gc] GC(6620) Reclaimed 109 empty regions
[2020-01-29T22:12:43.528+0300][194.968s][info ][gc] GC(6620) Pause Remark 196M->88M(256M) 0.641ms
[2020-01-29T22:12:43.539+0300][194.979s][info ][gc] GC(6622) Pause Young (Normal) (G1 Evacuation Pause) 91M->91M(256M) 9.905ms
[2020-01-29T22:12:43.588+0300][195.028s][info ][gc] GC(6623) Pause Young (Normal) (G1 Evacuation Pause) 134M->135M(256M) 31.486ms
[2020-01-29T22:12:43.636+0300][195.075s][info ][gc] GC(6624) Pause Young (Normal) (G1 Evacuation Pause) 164M->165M(256M) 35.794ms
[2020-01-29T22:12:43.690+0300][195.129s][info ][gc] GC(6625) Pause Young (Normal) (G1 Evacuation Pause) 205M->206M(256M) 32.688ms
[2020-01-29T22:12:43.719+0300][195.160s][info ][gc] GC(6626) Pause Young (Normal) (G1 Evacuation Pause) 214M->215M(256M) 26.607ms
[2020-01-29T22:12:43.721+0300][195.162s][info ][gc] GC(6620) Pause Cleanup 220M->220M(256M) 0.044ms
[2020-01-29T22:12:43.722+0300][195.162s][info ][gc] GC(6620) Concurrent Cycle 231.955ms
[2020-01-29T22:12:43.747+0300][195.187s][info ][gc] GC(6627) Pause Young (Normal) (G1 Evacuation Pause) 225M->226M(256M) 23.478ms
[2020-01-29T22:12:43.759+0300][195.200s][info ][gc] GC(6628) Pause Young (Concurrent Start) (G1 Evacuation Pause) 236M->236M(256M) 8.283ms
[2020-01-29T22:12:43.759+0300][195.200s][info ][gc] GC(6629) Concurrent Cycle
[2020-01-29T22:12:43.776+0300][195.217s][info ][gc] GC(6630) To-space exhausted
[2020-01-29T22:12:43.776+0300][195.217s][info ][gc] GC(6630) Pause Young (Normal) (G1 Evacuation Pause) 246M->248M(256M) 10.659ms
[2020-01-29T22:12:43.793+0300][195.234s][info ][gc] GC(6631) To-space exhausted
[2020-01-29T22:12:43.793+0300][195.234s][info ][gc] GC(6631) Pause Young (Normal) (G1 Evacuation Pause) 255M->255M(256M) 14.255ms
[2020-01-29T22:12:43.794+0300][195.234s][debug][gc] GC(6632) Clear Next Bitmap 0.089ms
[2020-01-29T22:12:43.839+0300][195.279s][info ][gc] GC(6632) Pause Full (G1 Evacuation Pause) 255M->83M(256M) 45.063ms
[2020-01-29T22:12:43.839+0300][195.279s][info ][gc] GC(6629) Concurrent Cycle 79.591ms
[2020-01-29T22:12:43.881+0300][195.321s][info ][gc] GC(6633) Pause Young (Normal) (G1 Evacuation Pause) 128M->128M(256M) 24.416ms
[2020-01-29T22:12:43.903+0300][195.344s][info ][gc] GC(6634) Pause Young (Concurrent Start) (G1 Humongous Allocation) 136M->137M(256M) 8.864ms
[2020-01-29T22:12:43.904+0300][195.344s][info ][gc] GC(6635) Concurrent Cycle
[2020-01-29T22:12:43.915+0300][195.355s][debug][gc] GC(6635) Reclaimed 117 empty regions
[2020-01-29T22:12:43.915+0300][195.355s][info ][gc] GC(6635) Pause Remark 183M->68M(256M) 0.639ms
[2020-01-29T22:12:43.934+0300][195.374s][info ][gc] GC(6636) Pause Young (Normal) (G1 Evacuation Pause) 70M->67M(256M) 17.979ms
[2020-01-29T22:12:43.997+0300][195.437s][info ][gc] GC(6637) Pause Young (Normal) (G1 Evacuation Pause) 118M->119M(256M) 41.990ms
[2020-01-29T22:12:43.999+0300][195.438s][info ][gc] GC(6635) Pause Cleanup 123M->123M(256M) 0.053ms
[2020-01-29T22:12:43.999+0300][195.439s][info ][gc] GC(6635) Concurrent Cycle 95.047ms
[2020-01-29T22:12:44.051+0300][195.491s][info ][gc] GC(6638) Pause Young (Normal) (G1 Evacuation Pause) 153M->153M(256M) 40.119ms
[2020-01-29T22:12:44.067+0300][195.508s][info ][gc] GC(6639) Pause Young (Concurrent Start) (G1 Humongous Allocation) 156M->157M(256M) 5.378ms
[2020-01-29T22:12:44.067+0300][195.508s][info ][gc] GC(6640) Concurrent Cycle
[2020-01-29T22:12:44.076+0300][195.517s][debug][gc] GC(6640) Reclaimed 138 empty regions
[2020-01-29T22:12:44.076+0300][195.517s][info ][gc] GC(6640) Pause Remark 196M->58M(256M) 0.677ms
[2020-01-29T22:12:44.092+0300][195.533s][info ][gc] GC(6641) Pause Young (Normal) (G1 Evacuation Pause) 61M->58M(256M) 14.660ms
[2020-01-29T22:12:44.110+0300][195.550s][info ][gc] GC(6640) Pause Cleanup 103M->103M(256M) 0.043ms
[2020-01-29T22:12:44.110+0300][195.551s][info ][gc] GC(6640) Concurrent Cycle 42.887ms
[2020-01-29T22:12:44.152+0300][195.592s][info ][gc] GC(6642) Pause Young (Normal) (G1 Evacuation Pause) 111M->112M(256M) 38.542ms
[2020-01-29T22:12:44.190+0300][195.631s][info ][gc] GC(6643) Pause Young (Concurrent Start) (G1 Evacuation Pause) 148M->149M(256M) 24.324ms
[2020-01-29T22:12:44.190+0300][195.631s][info ][gc] GC(6644) Concurrent Cycle
[2020-01-29T22:12:44.233+0300][195.673s][info ][gc] GC(6645) Pause Young (Normal) (G1 Evacuation Pause) 194M->195M(256M) 19.015ms
[2020-01-29T22:12:44.246+0300][195.687s][info ][gc] GC(6646) Pause Young (Normal) (G1 Evacuation Pause) 205M->206M(256M) 9.285ms
[2020-01-29T22:12:44.259+0300][195.699s][info ][gc] GC(6647) Pause Young (Normal) (G1 Evacuation Pause) 216M->217M(256M) 8.127ms
[2020-01-29T22:12:44.271+0300][195.711s][info ][gc] GC(6648) Pause Young (Normal) (G1 Evacuation Pause) 227M->228M(256M) 8.033ms
[2020-01-29T22:12:44.283+0300][195.723s][info ][gc] GC(6649) Pause Young (Normal) (G1 Evacuation Pause) 238M->239M(256M) 7.975ms
[2020-01-29T22:12:44.300+0300][195.740s][info ][gc] GC(6650) To-space exhausted
[2020-01-29T22:12:44.300+0300][195.740s][info ][gc] GC(6650) Pause Young (Normal) (G1 Evacuation Pause) 249M->251M(256M) 12.433ms
[2020-01-29T22:12:44.312+0300][195.752s][info ][gc] GC(6651) To-space exhausted
[2020-01-29T22:12:44.312+0300][195.752s][info ][gc] GC(6651) Pause Young (Normal) (G1 Evacuation Pause) 255M->255M(256M) 11.131ms
[2020-01-29T22:12:44.313+0300][195.753s][debug][gc] GC(6652) Clear Next Bitmap 0.083ms
[2020-01-29T22:12:44.366+0300][195.806s][info ][gc] GC(6652) Pause Full (G1 Evacuation Pause) 255M->96M(256M) 53.597ms
[2020-01-29T22:12:44.367+0300][195.806s][info ][gc] GC(6644) Concurrent Cycle 175.765ms
[2020-01-29T22:12:44.415+0300][195.855s][info ][gc] GC(6653) Pause Young (Concurrent Start) (G1 Humongous Allocation) 136M->136M(256M) 22.549ms
[2020-01-29T22:12:44.415+0300][195.855s][info ][gc] GC(6654) Concurrent Cycle
[2020-01-29T22:12:44.456+0300][195.897s][info ][gc] GC(6655) Pause Young (Normal) (G1 Evacuation Pause) 184M->185M(256M) 20.714ms
[2020-01-29T22:12:44.461+0300][195.901s][debug][gc] GC(6654) Reclaimed 93 empty regions
[2020-01-29T22:12:44.461+0300][195.901s][info ][gc] GC(6654) Pause Remark 195M->104M(256M) 0.637ms
[2020-01-29T22:12:44.473+0300][195.914s][info ][gc] GC(6656) Pause Young (Normal) (G1 Evacuation Pause) 107M->108M(256M) 11.122ms
[2020-01-29T22:12:44.517+0300][195.957s][info ][gc] GC(6657) Pause Young (Normal) (G1 Evacuation Pause) 145M->146M(256M) 28.882ms
[2020-01-29T22:12:44.560+0300][196.000s][info ][gc] GC(6658) Pause Young (Normal) (G1 Evacuation Pause) 171M->172M(256M) 32.946ms
[2020-01-29T22:12:44.610+0300][196.050s][info ][gc] GC(6659) Pause Young (Normal) (G1 Evacuation Pause) 209M->210M(256M) 30.969ms
[2020-01-29T22:12:44.640+0300][196.080s][info ][gc] GC(6660) Pause Young (Normal) (G1 Evacuation Pause) 219M->220M(256M) 25.530ms
[2020-01-29T22:12:44.674+0300][196.114s][info ][gc] GC(6661) Pause Young (Normal) (G1 Evacuation Pause) 230M->231M(256M) 27.321ms
[2020-01-29T22:12:44.708+0300][196.148s][info ][gc] GC(6662) Pause Young (Normal) (G1 Evacuation Pause) 241M->242M(256M) 26.943ms
[2020-01-29T22:12:44.709+0300][196.149s][info ][gc] GC(6654) Pause Cleanup 245M->245M(256M) 0.049ms
[2020-01-29T22:12:44.710+0300][196.149s][info ][gc] GC(6654) Concurrent Cycle 294.515ms
[2020-01-29T22:12:44.744+0300][196.184s][info ][gc] GC(6663) To-space exhausted
[2020-01-29T22:12:44.744+0300][196.184s][info ][gc] GC(6663) Pause Young (Normal) (G1 Evacuation Pause) 252M->255M(256M) 32.149ms
[2020-01-29T22:12:44.778+0300][196.218s][info ][gc] GC(6664) Pause Full (G1 Evacuation Pause) 255M->65M(256M) 33.577ms
[2020-01-29T22:12:44.825+0300][196.266s][info ][gc] GC(6665) Pause Young (Concurrent Start) (G1 Evacuation Pause) 116M->117M(256M) 27.675ms
[2020-01-29T22:12:44.825+0300][196.266s][info ][gc] GC(6666) Concurrent Cycle
[2020-01-29T22:12:44.877+0300][196.317s][info ][gc] GC(6667) Pause Young (Normal) (G1 Evacuation Pause) 171M->171M(256M) 24.550ms
[2020-01-29T22:12:44.897+0300][196.338s][info ][gc] GC(6668) Pause Young (Normal) (G1 Evacuation Pause) 188M->189M(256M) 13.373ms
[2020-01-29T22:12:44.910+0300][196.351s][info ][gc] GC(6669) Pause Young (Normal) (G1 Evacuation Pause) 200M->201M(256M) 8.519ms
[2020-01-29T22:12:44.923+0300][196.363s][info ][gc] GC(6670) Pause Young (Normal) (G1 Evacuation Pause) 211M->212M(256M) 7.710ms
[2020-01-29T22:12:44.935+0300][196.375s][info ][gc] GC(6671) Pause Young (Normal) (G1 Evacuation Pause) 222M->223M(256M) 7.907ms
[2020-01-29T22:12:44.946+0300][196.386s][info ][gc] GC(6672) Pause Young (Normal) (G1 Evacuation Pause) 233M->233M(256M) 7.597ms
[2020-01-29T22:12:44.960+0300][196.400s][info ][gc] GC(6673) To-space exhausted
[2020-01-29T22:12:44.960+0300][196.400s][info ][gc] GC(6673) Pause Young (Normal) (G1 Evacuation Pause) 243M->246M(256M) 9.402ms
[2020-01-29T22:12:44.976+0300][196.416s][info ][gc] GC(6674) To-space exhausted
[2020-01-29T22:12:44.976+0300][196.416s][info ][gc] GC(6674) Pause Young (Normal) (G1 Evacuation Pause) 253M->253M(256M) 13.264ms
[2020-01-29T22:12:44.976+0300][196.416s][debug][gc] GC(6675) Clear Next Bitmap 0.086ms
[2020-01-29T22:12:45.041+0300][196.482s][info ][gc] GC(6675) Pause Full (G1 Evacuation Pause) 253M->110M(256M) 65.641ms
[2020-01-29T22:12:45.042+0300][196.482s][info ][gc] GC(6666) Concurrent Cycle 215.973ms
[2020-01-29T22:12:45.078+0300][196.518s][info ][gc] GC(6676) Pause Young (Concurrent Start) (G1 Humongous Allocation) 137M->136M(256M) 15.127ms
[2020-01-29T22:12:45.078+0300][196.518s][info ][gc] GC(6677) Concurrent Cycle
[2020-01-29T22:12:45.112+0300][196.552s][info ][gc] GC(6678) Pause Young (Normal) (G1 Evacuation Pause) 185M->186M(256M) 20.466ms
[2020-01-29T22:12:45.117+0300][196.557s][debug][gc] GC(6677) Reclaimed 97 empty regions
[2020-01-29T22:12:45.117+0300][196.557s][info ][gc] GC(6677) Pause Remark 195M->98M(256M) 0.649ms
[2020-01-29T22:12:45.130+0300][196.570s][info ][gc] GC(6679) Pause Young (Normal) (G1 Evacuation Pause) 102M->103M(256M) 11.789ms
[2020-01-29T22:12:45.178+0300][196.617s][info ][gc] GC(6680) Pause Young (Normal) (G1 Evacuation Pause) 143M->144M(256M) 30.431ms
[2020-01-29T22:12:45.221+0300][196.662s][info ][gc] GC(6681) Pause Young (Normal) (G1 Evacuation Pause) 170M->171M(256M) 34.140ms
[2020-01-29T22:12:45.275+0300][196.716s][info ][gc] GC(6682) Pause Young (Normal) (G1 Evacuation Pause) 208M->209M(256M) 35.851ms
[2020-01-29T22:12:45.310+0300][196.750s][info ][gc] GC(6683) Pause Young (Normal) (G1 Evacuation Pause) 218M->219M(256M) 30.017ms
[2020-01-29T22:12:45.313+0300][196.754s][info ][gc] GC(6677) Pause Cleanup 228M->228M(256M) 0.060ms
[2020-01-29T22:12:45.314+0300][196.754s][info ][gc] GC(6677) Concurrent Cycle 236.253ms
[2020-01-29T22:12:45.342+0300][196.782s][info ][gc] GC(6684) Pause Young (Normal) (G1 Evacuation Pause) 229M->230M(256M) 27.579ms
[2020-01-29T22:12:45.354+0300][196.794s][info ][gc] GC(6685) Pause Young (Concurrent Start) (G1 Evacuation Pause) 240M->241M(256M) 8.196ms
[2020-01-29T22:12:45.354+0300][196.794s][info ][gc] GC(6686) Concurrent Cycle
[2020-01-29T22:12:45.376+0300][196.816s][info ][gc] GC(6687) To-space exhausted
[2020-01-29T22:12:45.376+0300][196.816s][info ][gc] GC(6687) Pause Young (Normal) (G1 Evacuation Pause) 251M->254M(256M) 15.874ms
[2020-01-29T22:12:45.376+0300][196.817s][debug][gc] GC(6688) Clear Next Bitmap 0.060ms
[2020-01-29T22:12:45.413+0300][196.853s][info ][gc] GC(6688) Pause Full (G1 Evacuation Pause) 254M->71M(256M) 36.313ms
[2020-01-29T22:12:45.413+0300][196.853s][info ][gc] GC(6686) Concurrent Cycle 58.905ms
[2020-01-29T22:12:45.460+0300][196.900s][info ][gc] GC(6689) Pause Young (Normal) (G1 Evacuation Pause) 120M->120M(256M) 27.558ms
[2020-01-29T22:12:45.491+0300][196.930s][info ][gc] GC(6690) Pause Young (Concurrent Start) (G1 Humongous Allocation) 137M->137M(256M) 13.905ms
[2020-01-29T22:12:45.491+0300][196.930s][info ][gc] GC(6691) Concurrent Cycle
[2020-01-29T22:12:45.523+0300][196.963s][info ][gc] GC(6692) Pause Young (Normal) (G1 Evacuation Pause) 185M->186M(256M) 20.047ms
[2020-01-29T22:12:45.528+0300][196.968s][debug][gc] GC(6691) Reclaimed 103 empty regions
[2020-01-29T22:12:45.528+0300][196.968s][info ][gc] GC(6691) Pause Remark 196M->95M(256M) 0.695ms
[2020-01-29T22:12:45.539+0300][196.979s][info ][gc] GC(6693) Pause Young (Normal) (G1 Evacuation Pause) 97M->98M(256M) 9.982ms
[2020-01-29T22:12:45.584+0300][197.024s][info ][gc] GC(6694) Pause Young (Normal) (G1 Evacuation Pause) 138M->139M(256M) 29.708ms
[2020-01-29T22:12:45.631+0300][197.071s][info ][gc] GC(6695) Pause Young (Normal) (G1 Evacuation Pause) 167M->168M(256M) 35.556ms
[2020-01-29T22:12:45.686+0300][197.126s][info ][gc] GC(6696) Pause Young (Normal) (G1 Evacuation Pause) 207M->207M(256M) 36.394ms
[2020-01-29T22:12:45.718+0300][197.158s][info ][gc] GC(6697) Pause Young (Normal) (G1 Evacuation Pause) 216M->217M(256M) 27.398ms
[2020-01-29T22:12:45.722+0300][197.162s][info ][gc] GC(6691) Pause Cleanup 226M->226M(256M) 0.054ms
[2020-01-29T22:12:45.722+0300][197.162s][info ][gc] GC(6691) Concurrent Cycle 231.862ms
[2020-01-29T22:12:45.748+0300][197.188s][info ][gc] GC(6698) Pause Young (Normal) (G1 Evacuation Pause) 227M->228M(256M) 25.745ms
[2020-01-29T22:12:45.761+0300][197.201s][info ][gc] GC(6699) Pause Young (Concurrent Start) (G1 Evacuation Pause) 238M->239M(256M) 8.211ms
[2020-01-29T22:12:45.761+0300][197.201s][info ][gc] GC(6700) Concurrent Cycle
[2020-01-29T22:12:45.780+0300][197.220s][info ][gc] GC(6701) To-space exhausted
[2020-01-29T22:12:45.780+0300][197.220s][info ][gc] GC(6701) Pause Young (Normal) (G1 Evacuation Pause) 249M->251M(256M) 13.116ms
[2020-01-29T22:12:45.793+0300][197.233s][info ][gc] GC(6702) To-space exhausted
[2020-01-29T22:12:45.793+0300][197.233s][info ][gc] GC(6702) Pause Young (Normal) (G1 Evacuation Pause) 255M->255M(256M) 11.308ms
[2020-01-29T22:12:45.793+0300][197.234s][debug][gc] GC(6703) Clear Next Bitmap 0.070ms
[2020-01-29T22:12:45.835+0300][197.275s][info ][gc] GC(6703) Pause Full (G1 Evacuation Pause) 255M->76M(256M) 41.120ms
[2020-01-29T22:12:45.835+0300][197.275s][info ][gc] GC(6700) Concurrent Cycle 74.103ms
[2020-01-29T22:12:45.880+0300][197.319s][info ][gc] GC(6704) Pause Young (Normal) (G1 Evacuation Pause) 124M->124M(256M) 25.877ms
[2020-01-29T22:12:45.905+0300][197.344s][info ][gc] GC(6705) Pause Young (Concurrent Start) (G1 Humongous Allocation) 136M->137M(256M) 10.048ms
[2020-01-29T22:12:45.905+0300][197.344s][info ][gc] GC(6706) Concurrent Cycle
[2020-01-29T22:12:45.936+0300][197.376s][info ][gc] GC(6707) Pause Young (Normal) (G1 Evacuation Pause) 185M->186M(256M) 19.769ms
[2020-01-29T22:12:45.938+0300][197.378s][debug][gc] GC(6706) Reclaimed 115 empty regions
[2020-01-29T22:12:45.938+0300][197.378s][info ][gc] GC(6706) Pause Remark 188M->75M(256M) 0.659ms
[2020-01-29T22:12:45.951+0300][197.392s][info ][gc] GC(6708) Pause Young (Normal) (G1 Evacuation Pause) 85M->86M(256M) 9.481ms
[2020-01-29T22:12:46.000+0300][197.441s][info ][gc] GC(6709) Pause Young (Normal) (G1 Evacuation Pause) 130M->130M(256M) 32.006ms
[2020-01-29T22:12:46.050+0300][197.491s][info ][gc] GC(6710) Pause Young (Normal) (G1 Evacuation Pause) 160M->161M(256M) 36.968ms
[2020-01-29T22:12:46.066+0300][197.506s][info ][gc] GC(6706) Pause Cleanup 193M->193M(256M) 0.045ms
[2020-01-29T22:12:46.066+0300][197.507s][info ][gc] GC(6706) Concurrent Cycle 162.246ms
[2020-01-29T22:12:46.102+0300][197.542s][info ][gc] GC(6711) Pause Young (Normal) (G1 Evacuation Pause) 202M->203M(256M) 31.333ms
[2020-01-29T22:12:46.113+0300][197.553s][info ][gc] GC(6712) Pause Young (Concurrent Start) (G1 Evacuation Pause) 211M->212M(256M) 7.768ms
[2020-01-29T22:12:46.113+0300][197.553s][info ][gc] GC(6713) Concurrent Cycle
[2020-01-29T22:12:46.127+0300][197.567s][info ][gc] GC(6714) Pause Young (Normal) (G1 Evacuation Pause) 222M->223M(256M) 7.974ms
[2020-01-29T22:12:46.139+0300][197.579s][info ][gc] GC(6715) Pause Young (Normal) (G1 Evacuation Pause) 233M->234M(256M) 7.840ms
[2020-01-29T22:12:46.152+0300][197.592s][info ][gc] GC(6716) To-space exhausted
[2020-01-29T22:12:46.152+0300][197.592s][info ][gc] GC(6716) Pause Young (Normal) (G1 Evacuation Pause) 244M->248M(256M) 8.972ms
[2020-01-29T22:12:46.168+0300][197.609s][info ][gc] GC(6717) To-space exhausted
[2020-01-29T22:12:46.169+0300][197.609s][info ][gc] GC(6717) Pause Young (Normal) (G1 Evacuation Pause) 255M->255M(256M) 13.642ms
[2020-01-29T22:12:46.169+0300][197.609s][debug][gc] GC(6718) Clear Next Bitmap 0.081ms
[2020-01-29T22:12:46.217+0300][197.657s][info ][gc] GC(6718) Pause Full (G1 Evacuation Pause) 255M->86M(256M) 48.663ms
[2020-01-29T22:12:46.218+0300][197.658s][info ][gc] GC(6713) Concurrent Cycle 104.806ms
[2020-01-29T22:12:46.260+0300][197.699s][info ][gc] GC(6719) Pause Young (Normal) (G1 Evacuation Pause) 130M->130M(256M) 24.688ms
[2020-01-29T22:12:46.280+0300][197.720s][info ][gc] GC(6720) Pause Young (Concurrent Start) (G1 Humongous Allocation) 136M->137M(256M) 7.684ms
[2020-01-29T22:12:46.280+0300][197.720s][info ][gc] GC(6721) Concurrent Cycle
[2020-01-29T22:12:46.291+0300][197.731s][debug][gc] GC(6721) Reclaimed 122 empty regions
[2020-01-29T22:12:46.292+0300][197.731s][info ][gc] GC(6721) Pause Remark 181M->61M(256M) 0.645ms
[2020-01-29T22:12:46.311+0300][197.751s][info ][gc] GC(6722) Pause Young (Normal) (G1 Evacuation Pause) 65M->62M(256M) 17.840ms
[2020-01-29T22:12:46.330+0300][197.771s][info ][gc] GC(6721) Pause Cleanup 112M->112M(256M) 0.037ms
[2020-01-29T22:12:46.330+0300][197.771s][info ][gc] GC(6721) Concurrent Cycle 50.744ms
[2020-01-29T22:12:46.371+0300][197.812s][info ][gc] GC(6723) Pause Young (Normal) (G1 Evacuation Pause) 114M->115M(256M) 40.407ms
[2020-01-29T22:12:46.419+0300][197.860s][info ][gc] GC(6724) Pause Young (Concurrent Start) (G1 Humongous Allocation) 150M->150M(256M) 23.794ms
[2020-01-29T22:12:46.419+0300][197.860s][info ][gc] GC(6725) Concurrent Cycle
[2020-01-29T22:12:46.461+0300][197.901s][info ][gc] GC(6726) Pause Young (Normal) (G1 Evacuation Pause) 194M->194M(256M) 18.483ms
[2020-01-29T22:12:46.466+0300][197.906s][debug][gc] GC(6725) Reclaimed 102 empty regions
[2020-01-29T22:12:46.466+0300][197.906s][info ][gc] GC(6725) Pause Remark 204M->102M(256M) 0.645ms
[2020-01-29T22:12:46.476+0300][197.916s][info ][gc] GC(6727) Pause Young (Normal) (G1 Evacuation Pause) 102M->103M(256M) 9.359ms
[2020-01-29T22:12:46.518+0300][197.959s][info ][gc] GC(6728) Pause Young (Normal) (G1 Evacuation Pause) 142M->143M(256M) 27.816ms
[2020-01-29T22:12:46.561+0300][198.002s][info ][gc] GC(6729) Pause Young (Normal) (G1 Evacuation Pause) 169M->171M(256M) 32.466ms
[2020-01-29T22:12:46.614+0300][198.053s][info ][gc] GC(6730) Pause Young (Normal) (G1 Evacuation Pause) 209M->210M(256M) 32.981ms
[2020-01-29T22:12:46.646+0300][198.086s][info ][gc] GC(6731) Pause Young (Normal) (G1 Evacuation Pause) 219M->220M(256M) 28.791ms
[2020-01-29T22:12:46.684+0300][198.124s][info ][gc] GC(6732) Pause Young (Normal) (G1 Evacuation Pause) 230M->230M(256M) 33.050ms
[2020-01-29T22:12:46.719+0300][198.159s][info ][gc] GC(6733) Pause Young (Normal) (G1 Evacuation Pause) 240M->241M(256M) 30.231ms
[2020-01-29T22:12:46.760+0300][198.200s][info ][gc] GC(6734) To-space exhausted
[2020-01-29T22:12:46.760+0300][198.200s][info ][gc] GC(6734) Pause Young (Normal) (G1 Evacuation Pause) 251M->254M(256M) 35.892ms
[2020-01-29T22:12:46.791+0300][198.231s][info ][gc] GC(6735) To-space exhausted
[2020-01-29T22:12:46.791+0300][198.231s][info ][gc] GC(6735) Pause Young (Normal) (G1 Evacuation Pause) 255M->255M(256M) 23.040ms
[2020-01-29T22:12:46.791+0300][198.232s][debug][gc] GC(6736) Clear Next Bitmap 0.072ms
[2020-01-29T22:12:46.823+0300][198.264s][info ][gc] GC(6736) Pause Full (G1 Evacuation Pause) 255M->63M(256M) 31.963ms
[2020-01-29T22:12:46.824+0300][198.264s][info ][gc] GC(6725) Pause Cleanup 64M->64M(256M) 0.001ms
[2020-01-29T22:12:46.824+0300][198.264s][info ][gc] GC(6725) Concurrent Cycle 404.039ms
[2020-01-29T22:12:46.871+0300][198.312s][info ][gc] GC(6737) Pause Young (Normal) (G1 Evacuation Pause) 114M->114M(256M) 27.589ms
[2020-01-29T22:12:46.908+0300][198.348s][info ][gc] GC(6738) Pause Young (Concurrent Start) (G1 Humongous Allocation) 136M->137M(256M) 17.306ms
[2020-01-29T22:12:46.908+0300][198.348s][info ][gc] GC(6739) Concurrent Cycle
[2020-01-29T22:12:46.943+0300][198.383s][info ][gc] GC(6740) Pause Young (Normal) (G1 Evacuation Pause) 184M->185M(256M) 19.970ms
[2020-01-29T22:12:46.948+0300][198.388s][debug][gc] GC(6739) Reclaimed 105 empty regions
[2020-01-29T22:12:46.948+0300][198.388s][info ][gc] GC(6739) Pause Remark 195M->93M(256M) 0.644ms
[2020-01-29T22:12:46.959+0300][198.399s][info ][gc] GC(6741) Pause Young (Normal) (G1 Evacuation Pause) 95M->96M(256M) 9.869ms
[2020-01-29T22:12:47.005+0300][198.445s][info ][gc] GC(6742) Pause Young (Normal) (G1 Evacuation Pause) 137M->137M(256M) 30.248ms
[2020-01-29T22:12:47.051+0300][198.491s][info ][gc] GC(6743) Pause Young (Normal) (G1 Evacuation Pause) 165M->165M(256M) 34.655ms
[2020-01-29T22:12:47.100+0300][198.541s][info ][gc] GC(6744) Pause Young (Normal) (G1 Evacuation Pause) 205M->206M(256M) 30.420ms
[2020-01-29T22:12:47.130+0300][198.571s][info ][gc] GC(6745) Pause Young (Normal) (G1 Evacuation Pause) 214M->215M(256M) 26.520ms
[2020-01-29T22:12:47.161+0300][198.601s][info ][gc] GC(6746) Pause Young (Normal) (G1 Evacuation Pause) 225M->226M(256M) 26.203ms
[2020-01-29T22:12:47.164+0300][198.604s][info ][gc] GC(6739) Pause Cleanup 234M->234M(256M) 0.048ms
[2020-01-29T22:12:47.164+0300][198.605s][info ][gc] GC(6739) Concurrent Cycle 256.442ms
[2020-01-29T22:12:47.190+0300][198.630s][info ][gc] GC(6747) Pause Young (Normal) (G1 Evacuation Pause) 236M->237M(256M) 25.030ms
[2020-01-29T22:12:47.206+0300][198.646s][info ][gc] GC(6748) To-space exhausted
[2020-01-29T22:12:47.206+0300][198.647s][info ][gc] GC(6748) Pause Young (Concurrent Start) (G1 Evacuation Pause) 247M->250M(256M) 11.957ms
[2020-01-29T22:12:47.206+0300][198.647s][info ][gc] GC(6749) Concurrent Cycle
[2020-01-29T22:12:47.223+0300][198.663s][info ][gc] GC(6750) To-space exhausted
[2020-01-29T22:12:47.223+0300][198.663s][info ][gc] GC(6750) Pause Young (Normal) (G1 Evacuation Pause) 255M->255M(256M) 11.915ms
[2020-01-29T22:12:47.223+0300][198.663s][debug][gc] GC(6751) Clear Next Bitmap 0.084ms
[2020-01-29T22:12:47.264+0300][198.704s][info ][gc] GC(6751) Pause Full (G1 Evacuation Pause) 255M->77M(256M) 40.728ms
[2020-01-29T22:12:47.264+0300][198.704s][info ][gc] GC(6749) Concurrent Cycle 57.511ms
[2020-01-29T22:12:47.309+0300][198.749s][info ][gc] GC(6752) Pause Young (Normal) (G1 Evacuation Pause) 124M->124M(256M) 26.599ms
[2020-01-29T22:12:47.335+0300][198.775s][info ][gc] GC(6753) Pause Young (Concurrent Start) (G1 Humongous Allocation) 136M->137M(256M) 10.741ms
[2020-01-29T22:12:47.335+0300][198.775s][info ][gc] GC(6754) Concurrent Cycle
[2020-01-29T22:12:47.368+0300][198.808s][info ][gc] GC(6755) Pause Young (Normal) (G1 Evacuation Pause) 185M->186M(256M) 19.911ms
[2020-01-29T22:12:47.370+0300][198.810s][debug][gc] GC(6754) Reclaimed 116 empty regions
[2020-01-29T22:12:47.370+0300][198.810s][info ][gc] GC(6754) Pause Remark 189M->75M(256M) 0.675ms
[2020-01-29T22:12:47.384+0300][198.824s][info ][gc] GC(6756) Pause Young (Normal) (G1 Evacuation Pause) 84M->85M(256M) 9.812ms
[2020-01-29T22:12:47.435+0300][198.875s][info ][gc] GC(6757) Pause Young (Normal) (G1 Evacuation Pause) 130M->131M(256M) 33.249ms
[2020-01-29T22:12:47.499+0300][198.939s][info ][gc] GC(6758) Pause Young (Normal) (G1 Evacuation Pause) 181M->181M(256M) 40.871ms
[2020-01-29T22:12:47.503+0300][198.944s][info ][gc] GC(6754) Pause Cleanup 193M->193M(256M) 0.042ms
[2020-01-29T22:12:47.504+0300][198.944s][info ][gc] GC(6754) Concurrent Cycle 168.845ms
[2020-01-29T22:12:47.535+0300][198.975s][info ][gc] GC(6759) Pause Young (Normal) (G1 Evacuation Pause) 196M->197M(256M) 29.205ms
[2020-01-29T22:12:47.547+0300][198.987s][info ][gc] GC(6760) Pause Young (Concurrent Start) (G1 Evacuation Pause) 207M->208M(256M) 8.780ms
[2020-01-29T22:12:47.547+0300][198.987s][info ][gc] GC(6761) Concurrent Cycle
[2020-01-29T22:12:47.563+0300][199.002s][info ][gc] GC(6762) Pause Young (Normal) (G1 Evacuation Pause) 218M->219M(256M) 8.211ms
[2020-01-29T22:12:47.575+0300][199.015s][info ][gc] GC(6763) Pause Young (Normal) (G1 Evacuation Pause) 229M->230M(256M) 8.242ms
[2020-01-29T22:12:47.587+0300][199.027s][info ][gc] GC(6764) Pause Young (Normal) (G1 Evacuation Pause) 240M->241M(256M) 8.158ms
[2020-01-29T22:12:47.607+0300][199.046s][info ][gc] GC(6765) To-space exhausted
[2020-01-29T22:12:47.607+0300][199.046s][info ][gc] GC(6765) Pause Young (Normal) (G1 Evacuation Pause) 251M->254M(256M) 15.302ms
[2020-01-29T22:12:47.614+0300][199.054s][info ][gc] GC(6766) To-space exhausted
[2020-01-29T22:12:47.614+0300][199.054s][info ][gc] GC(6766) Pause Young (Normal) (G1 Evacuation Pause) 255M->255M(256M) 6.924ms
[2020-01-29T22:12:47.614+0300][199.054s][debug][gc] GC(6767) Clear Next Bitmap 0.074ms
[2020-01-29T22:12:47.661+0300][199.101s][info ][gc] GC(6767) Pause Full (G1 Evacuation Pause) 255M->87M(256M) 47.156ms
[2020-01-29T22:12:47.661+0300][199.101s][info ][gc] GC(6761) Concurrent Cycle 113.959ms
[2020-01-29T22:12:47.707+0300][199.147s][info ][gc] GC(6768) Pause Young (Normal) (G1 Evacuation Pause) 131M->131M(256M) 28.686ms
[2020-01-29T22:12:47.727+0300][199.167s][info ][gc] GC(6769) Pause Young (Concurrent Start) (G1 Humongous Allocation) 136M->137M(256M) 7.162ms
[2020-01-29T22:12:47.727+0300][199.167s][info ][gc] GC(6770) Concurrent Cycle
[2020-01-29T22:12:47.737+0300][199.177s][debug][gc] GC(6770) Reclaimed 122 empty regions
[2020-01-29T22:12:47.737+0300][199.177s][info ][gc] GC(6770) Pause Remark 178M->58M(256M) 0.694ms
[2020-01-29T22:12:47.758+0300][199.198s][info ][gc] GC(6771) Pause Young (Normal) (G1 Evacuation Pause) 65M->62M(256M) 17.969ms
[2020-01-29T22:12:47.774+0300][199.214s][info ][gc] GC(6770) Pause Cleanup 102M->102M(256M) 0.048ms
[2020-01-29T22:12:47.774+0300][199.214s][info ][gc] GC(6770) Concurrent Cycle 47.276ms
[2020-01-29T22:12:47.819+0300][199.259s][info ][gc] GC(6772) Pause Young (Normal) (G1 Evacuation Pause) 114M->115M(256M) 39.995ms
[2020-01-29T22:12:47.866+0300][199.306s][info ][gc] GC(6773) Pause Young (Concurrent Start) (G1 Humongous Allocation) 150M->151M(256M) 23.881ms
[2020-01-29T22:12:47.866+0300][199.306s][info ][gc] GC(6774) Concurrent Cycle
[2020-01-29T22:12:47.907+0300][199.347s][info ][gc] GC(6775) Pause Young (Normal) (G1 Evacuation Pause) 195M->196M(256M) 18.224ms
[2020-01-29T22:12:47.911+0300][199.352s][debug][gc] GC(6774) Reclaimed 101 empty regions
[2020-01-29T22:12:47.911+0300][199.352s][info ][gc] GC(6774) Pause Remark 206M->105M(256M) 0.631ms
[2020-01-29T22:12:47.920+0300][199.361s][info ][gc] GC(6776) Pause Young (Normal) (G1 Evacuation Pause) 105M->106M(256M) 8.835ms
[2020-01-29T22:12:47.962+0300][199.403s][info ][gc] GC(6777) Pause Young (Normal) (G1 Evacuation Pause) 144M->145M(256M) 26.976ms
[2020-01-29T22:12:48.005+0300][199.446s][info ][gc] GC(6778) Pause Young (Normal) (G1 Evacuation Pause) 171M->171M(256M) 32.146ms
[2020-01-29T22:12:48.057+0300][199.497s][info ][gc] GC(6779) Pause Young (Normal) (G1 Evacuation Pause) 209M->210M(256M) 33.494ms
[2020-01-29T22:12:48.090+0300][199.530s][info ][gc] GC(6780) Pause Young (Normal) (G1 Evacuation Pause) 219M->221M(256M) 27.898ms
[2020-01-29T22:12:48.122+0300][199.563s][info ][gc] GC(6781) Pause Young (Normal) (G1 Evacuation Pause) 231M->231M(256M) 28.546ms
[2020-01-29T22:12:48.157+0300][199.597s][info ][gc] GC(6782) Pause Young (Normal) (G1 Evacuation Pause) 241M->242M(256M) 30.115ms
[2020-01-29T22:12:48.198+0300][199.638s][info ][gc] GC(6783) To-space exhausted
[2020-01-29T22:12:48.198+0300][199.638s][info ][gc] GC(6783) Pause Young (Normal) (G1 Evacuation Pause) 252M->254M(256M) 37.130ms
[2020-01-29T22:12:48.207+0300][199.647s][info ][gc] GC(6774) Pause Cleanup 255M->255M(256M) 0.050ms
[2020-01-29T22:12:48.207+0300][199.648s][info ][gc] GC(6774) Concurrent Cycle 341.458ms
[2020-01-29T22:12:48.228+0300][199.667s][info ][gc] GC(6784) To-space exhausted
[2020-01-29T22:12:48.228+0300][199.668s][info ][gc] GC(6784) Pause Young (Normal) (G1 Evacuation Pause) 255M->255M(256M) 19.632ms
[2020-01-29T22:12:48.263+0300][199.702s][info ][gc] GC(6785) Pause Full (G1 Evacuation Pause) 255M->62M(256M) 34.547ms
[2020-01-29T22:12:48.316+0300][199.756s][info ][gc] GC(6786) Pause Young (Concurrent Start) (G1 Evacuation Pause) 119M->119M(256M) 31.912ms
[2020-01-29T22:12:48.316+0300][199.757s][info ][gc] GC(6787) Concurrent Cycle
[2020-01-29T22:12:48.372+0300][199.812s][info ][gc] GC(6788) Pause Young (Normal) (G1 Evacuation Pause) 174M->175M(256M) 25.351ms
[2020-01-29T22:12:48.392+0300][199.832s][info ][gc] GC(6789) Pause Young (Normal) (G1 Evacuation Pause) 191M->191M(256M) 13.466ms
[2020-01-29T22:12:48.406+0300][199.846s][info ][gc] GC(6790) Pause Young (Normal) (G1 Evacuation Pause) 202M->204M(256M) 8.374ms
[2020-01-29T22:12:48.418+0300][199.858s][info ][gc] GC(6791) Pause Young (Normal) (G1 Evacuation Pause) 214M->214M(256M) 7.580ms
[2020-01-29T22:12:48.430+0300][199.870s][info ][gc] GC(6792) Pause Young (Normal) (G1 Evacuation Pause) 224M->225M(256M) 8.093ms
[2020-01-29T22:12:48.442+0300][199.882s][info ][gc] GC(6793) Pause Young (Normal) (G1 Evacuation Pause) 235M->236M(256M) 7.847ms
[2020-01-29T22:12:48.458+0300][199.898s][info ][gc] GC(6794) To-space exhausted
[2020-01-29T22:12:48.458+0300][199.898s][info ][gc] GC(6794) Pause Young (Normal) (G1 Evacuation Pause) 246M->249M(256M) 12.290ms
[2020-01-29T22:12:48.471+0300][199.911s][info ][gc] GC(6795) To-space exhausted
[2020-01-29T22:12:48.471+0300][199.911s][info ][gc] GC(6795) Pause Young (Normal) (G1 Evacuation Pause) 253M->253M(256M) 11.038ms
[2020-01-29T22:12:48.471+0300][199.911s][debug][gc] GC(6796) Clear Next Bitmap 0.075ms
[2020-01-29T22:12:48.534+0300][199.974s][info ][gc] GC(6796) Pause Full (G1 Evacuation Pause) 253M->110M(256M) 63.441ms
[2020-01-29T22:12:48.535+0300][199.975s][info ][gc] GC(6787) Concurrent Cycle 218.124ms
[2020-01-29T22:12:48.571+0300][200.011s][info ][gc] GC(6797) Pause Young (Concurrent Start) (G1 Humongous Allocation) 136M->136M(256M) 15.279ms
[2020-01-29T22:12:48.571+0300][200.011s][info ][gc] GC(6798) Concurrent Cycle
[2020-01-29T22:12:48.606+0300][200.045s][info ][gc] GC(6799) Pause Young (Normal) (G1 Evacuation Pause) 185M->186M(256M) 20.645ms
[2020-01-29T22:12:48.610+0300][200.050s][debug][gc] GC(6798) Reclaimed 109 empty regions
[2020-01-29T22:12:48.610+0300][200.050s][info ][gc] GC(6798) Pause Remark 195M->89M(256M) 0.645ms
[2020-01-29T22:12:48.622+0300][200.061s][info ][gc] GC(6800) Pause Young (Normal) (G1 Evacuation Pause) 92M->92M(256M) 9.942ms
[2020-01-29T22:12:48.670+0300][200.111s][info ][gc] GC(6801) Pause Young (Normal) (G1 Evacuation Pause) 137M->138M(256M) 32.078ms
[2020-01-29T22:12:48.726+0300][200.166s][info ][gc] GC(6802) Pause Young (Normal) (G1 Evacuation Pause) 166M->167M(256M) 43.424ms
[2020-01-29T22:12:48.778+0300][200.218s][info ][gc] GC(6803) Pause Young (Normal) (G1 Evacuation Pause) 206M->207M(256M) 30.132ms
[2020-01-29T22:12:48.782+0300][200.222s][info ][gc] GC(6798) Pause Cleanup 216M->216M(256M) 0.044ms
[2020-01-29T22:12:48.805+0300][200.245s][info ][gc] GC(6804) Pause Young (Normal) (G1 Evacuation Pause) 216M->217M(256M) 22.688ms
[2020-01-29T22:12:48.805+0300][200.245s][info ][gc] GC(6798) Concurrent Cycle 234.174ms
[2020-01-29T22:12:48.817+0300][200.257s][info ][gc] GC(6805) Pause Young (Normal) (G1 Evacuation Pause) 227M->227M(256M) 8.166ms
[2020-01-29T22:12:48.829+0300][200.269s][info ][gc] GC(6806) Pause Young (Concurrent Start) (G1 Evacuation Pause) 237M->238M(256M) 8.194ms
[2020-01-29T22:12:48.829+0300][200.269s][info ][gc] GC(6807) Concurrent Cycle
[2020-01-29T22:12:48.847+0300][200.287s][info ][gc] GC(6808) To-space exhausted
[2020-01-29T22:12:48.847+0300][200.288s][info ][gc] GC(6808) Pause Young (Normal) (G1 Evacuation Pause) 248M->250M(256M) 11.984ms
[2020-01-29T22:12:48.861+0300][200.302s][info ][gc] GC(6809) To-space exhausted
[2020-01-29T22:12:48.862+0300][200.302s][info ][gc] GC(6809) Pause Young (Normal) (G1 Evacuation Pause) 255M->255M(256M) 12.021ms
[2020-01-29T22:12:48.862+0300][200.302s][debug][gc] GC(6810) Clear Next Bitmap 0.090ms
[2020-01-29T22:12:48.906+0300][200.346s][info ][gc] GC(6810) Pause Full (G1 Evacuation Pause) 255M->83M(256M) 44.113ms
[2020-01-29T22:12:48.906+0300][200.346s][info ][gc] GC(6807) Concurrent Cycle 76.878ms
[2020-01-29T22:12:48.948+0300][200.388s][info ][gc] GC(6811) Pause Young (Normal) (G1 Evacuation Pause) 128M->128M(256M) 24.137ms
[2020-01-29T22:12:48.970+0300][200.410s][info ][gc] GC(6812) Pause Young (Concurrent Start) (G1 Humongous Allocation) 137M->137M(256M) 8.832ms
[2020-01-29T22:12:48.970+0300][200.410s][info ][gc] GC(6813) Concurrent Cycle
[2020-01-29T22:12:48.982+0300][200.422s][debug][gc] GC(6813) Reclaimed 120 empty regions
[2020-01-29T22:12:48.982+0300][200.422s][info ][gc] GC(6813) Pause Remark 183M->65M(256M) 0.651ms
[2020-01-29T22:12:49.001+0300][200.441s][info ][gc] GC(6814) Pause Young (Normal) (G1 Evacuation Pause) 67M->64M(256M) 17.604ms
[2020-01-29T22:12:49.063+0300][200.504s][info ][gc] GC(6815) Pause Young (Normal) (G1 Evacuation Pause) 116M->117M(256M) 42.627ms
[2020-01-29T22:12:49.065+0300][200.506s][info ][gc] GC(6813) Pause Cleanup 123M->123M(256M) 0.042ms
[2020-01-29T22:12:49.066+0300][200.506s][info ][gc] GC(6813) Concurrent Cycle 95.968ms
[2020-01-29T22:12:49.117+0300][200.558s][info ][gc] GC(6816) Pause Young (Normal) (G1 Evacuation Pause) 152M->153M(256M) 40.022ms
[2020-01-29T22:12:49.131+0300][200.572s][info ][gc] GC(6817) Pause Young (Concurrent Start) (G1 Humongous Allocation) 154M->156M(256M) 3.691ms
[2020-01-29T22:12:49.131+0300][200.572s][info ][gc] GC(6818) Concurrent Cycle
[2020-01-29T22:12:49.139+0300][200.580s][debug][gc] GC(6818) Reclaimed 134 empty regions
[2020-01-29T22:12:49.139+0300][200.580s][info ][gc] GC(6818) Pause Remark 192M->58M(256M) 0.645ms
[2020-01-29T22:12:49.157+0300][200.597s][info ][gc] GC(6819) Pause Young (Normal) (G1 Evacuation Pause) 64M->64M(256M) 14.691ms
[2020-01-29T22:12:49.173+0300][200.613s][info ][gc] GC(6818) Pause Cleanup 105M->105M(256M) 0.049ms
[2020-01-29T22:12:49.173+0300][200.613s][info ][gc] GC(6818) Concurrent Cycle 41.459ms
[2020-01-29T22:12:49.214+0300][200.654s][info ][gc] GC(6820) Pause Young (Normal) (G1 Evacuation Pause) 115M->116M(256M) 36.767ms
[2020-01-29T22:12:49.251+0300][200.691s][info ][gc] GC(6821) Pause Young (Concurrent Start) (G1 Evacuation Pause) 151M->152M(256M) 23.210ms
[2020-01-29T22:12:49.251+0300][200.691s][info ][gc] GC(6822) Concurrent Cycle
[2020-01-29T22:12:49.291+0300][200.731s][info ][gc] GC(6823) Pause Young (Normal) (G1 Evacuation Pause) 196M->196M(256M) 18.516ms
[2020-01-29T22:12:49.305+0300][200.744s][info ][gc] GC(6824) Pause Young (Normal) (G1 Evacuation Pause) 206M->207M(256M) 9.235ms
[2020-01-29T22:12:49.317+0300][200.757s][info ][gc] GC(6825) Pause Young (Normal) (G1 Evacuation Pause) 217M->217M(256M) 8.132ms
[2020-01-29T22:12:49.329+0300][200.769s][info ][gc] GC(6826) Pause Young (Normal) (G1 Evacuation Pause) 227M->228M(256M) 8.243ms
[2020-01-29T22:12:49.341+0300][200.782s][info ][gc] GC(6827) Pause Young (Normal) (G1 Evacuation Pause) 238M->239M(256M) 7.954ms
[2020-01-29T22:12:49.358+0300][200.798s][info ][gc] GC(6828) To-space exhausted
[2020-01-29T22:12:49.358+0300][200.798s][info ][gc] GC(6828) Pause Young (Normal) (G1 Evacuation Pause) 249M->251M(256M) 12.364ms
[2020-01-29T22:12:49.371+0300][200.811s][info ][gc] GC(6829) To-space exhausted
[2020-01-29T22:12:49.371+0300][200.811s][info ][gc] GC(6829) Pause Young (Normal) (G1 Evacuation Pause) 255M->255M(256M) 11.105ms
[2020-01-29T22:12:49.371+0300][200.811s][debug][gc] GC(6830) Clear Next Bitmap 0.078ms
[2020-01-29T22:12:49.421+0300][200.861s][info ][gc] GC(6830) Pause Full (G1 Evacuation Pause) 255M->92M(256M) 50.148ms
[2020-01-29T22:12:49.422+0300][200.862s][info ][gc] GC(6822) Concurrent Cycle 170.986ms
[2020-01-29T22:12:49.463+0300][200.903s][info ][gc] GC(6831) Pause Young (Normal) (G1 Evacuation Pause) 135M->135M(256M) 24.351ms
[2020-01-29T22:12:49.479+0300][200.919s][info ][gc] GC(6832) Pause Young (Concurrent Start) (G1 Humongous Allocation) 136M->137M(256M) 5.764ms
[2020-01-29T22:12:49.479+0300][200.919s][info ][gc] GC(6833) Concurrent Cycle
[2020-01-29T22:12:49.488+0300][200.928s][debug][gc] GC(6833) Reclaimed 126 empty regions
[2020-01-29T22:12:49.488+0300][200.928s][info ][gc] GC(6833) Pause Remark 173M->48M(256M) 0.855ms
[2020-01-29T22:12:49.511+0300][200.951s][info ][gc] GC(6834) Pause Young (Normal) (G1 Evacuation Pause) 60M->60M(256M) 18.240ms
[2020-01-29T22:12:49.524+0300][200.964s][info ][gc] GC(6833) Pause Cleanup 93M->93M(256M) 0.035ms
[2020-01-29T22:12:49.524+0300][200.964s][info ][gc] GC(6833) Concurrent Cycle 44.422ms
[2020-01-29T22:12:49.572+0300][201.011s][info ][gc] GC(6835) Pause Young (Normal) (G1 Evacuation Pause) 113M->113M(256M) 39.636ms
[2020-01-29T22:12:49.618+0300][201.059s][info ][gc] GC(6836) Pause Young (Concurrent Start) (G1 Humongous Allocation) 147M->148M(256M) 23.542ms
[2020-01-29T22:12:49.618+0300][201.059s][info ][gc] GC(6837) Concurrent Cycle
[2020-01-29T22:12:49.659+0300][201.100s][info ][gc] GC(6838) Pause Young (Normal) (G1 Evacuation Pause) 193M->194M(256M) 18.961ms
[2020-01-29T22:12:49.664+0300][201.104s][debug][gc] GC(6837) Reclaimed 101 empty regions
[2020-01-29T22:12:49.664+0300][201.104s][info ][gc] GC(6837) Pause Remark 204M->103M(256M) 0.790ms
[2020-01-29T22:12:49.676+0300][201.117s][info ][gc] GC(6839) Pause Young (Normal) (G1 Evacuation Pause) 103M->104M(256M) 11.943ms
[2020-01-29T22:12:49.720+0300][201.160s][info ][gc] GC(6840) Pause Young (Normal) (G1 Evacuation Pause) 143M->143M(256M) 27.668ms
[2020-01-29T22:12:49.763+0300][201.204s][info ][gc] GC(6841) Pause Young (Normal) (G1 Evacuation Pause) 169M->171M(256M) 32.889ms
[2020-01-29T22:12:49.815+0300][201.255s][info ][gc] GC(6842) Pause Young (Normal) (G1 Evacuation Pause) 209M->210M(256M) 32.854ms
[2020-01-29T22:12:49.844+0300][201.285s][info ][gc] GC(6843) Pause Young (Normal) (G1 Evacuation Pause) 219M->220M(256M) 26.346ms
[2020-01-29T22:12:49.876+0300][201.317s][info ][gc] GC(6844) Pause Young (Normal) (G1 Evacuation Pause) 230M->230M(256M) 27.623ms
[2020-01-29T22:12:49.909+0300][201.349s][info ][gc] GC(6845) Pause Young (Normal) (G1 Evacuation Pause) 240M->241M(256M) 28.207ms
[2020-01-29T22:12:49.923+0300][201.363s][info ][gc] GC(6837) Pause Cleanup 242M->242M(256M) 0.050ms
[2020-01-29T22:12:49.923+0300][201.363s][info ][gc] GC(6837) Concurrent Cycle 304.550ms
[2020-01-29T22:12:49.954+0300][201.394s][info ][gc] GC(6846) To-space exhausted
[2020-01-29T22:12:49.954+0300][201.394s][info ][gc] GC(6846) Pause Young (Normal) (G1 Evacuation Pause) 251M->255M(256M) 26.597ms
[2020-01-29T22:12:49.986+0300][201.426s][info ][gc] GC(6847) Pause Full (G1 Evacuation Pause) 255M->63M(256M) 32.303ms
[2020-01-29T22:12:50.034+0300][201.474s][info ][gc] GC(6848) Pause Young (Concurrent Start) (G1 Evacuation Pause) 114M->114M(256M) 27.393ms
[2020-01-29T22:12:50.034+0300][201.474s][info ][gc] GC(6849) Concurrent Cycle
[2020-01-29T22:12:50.086+0300][201.526s][info ][gc] GC(6850) Pause Young (Normal) (G1 Evacuation Pause) 169M->170M(256M) 24.947ms
[2020-01-29T22:12:50.107+0300][201.547s][info ][gc] GC(6851) Pause Young (Normal) (G1 Evacuation Pause) 187M->188M(256M) 13.343ms
[2020-01-29T22:12:50.121+0300][201.560s][info ][gc] GC(6852) Pause Young (Normal) (G1 Evacuation Pause) 200M->201M(256M) 8.264ms
[2020-01-29T22:12:50.132+0300][201.572s][info ][gc] GC(6853) Pause Young (Normal) (G1 Evacuation Pause) 211M->212M(256M) 7.836ms
[2020-01-29T22:12:50.144+0300][201.585s][info ][gc] GC(6854) Pause Young (Normal) (G1 Evacuation Pause) 222M->222M(256M) 8.163ms
[2020-01-29T22:12:50.157+0300][201.597s][info ][gc] GC(6855) Pause Young (Normal) (G1 Evacuation Pause) 232M->233M(256M) 8.222ms
[2020-01-29T22:12:50.171+0300][201.611s][info ][gc] GC(6856) To-space exhausted
[2020-01-29T22:12:50.171+0300][201.611s][info ][gc] GC(6856) Pause Young (Normal) (G1 Evacuation Pause) 243M->246M(256M) 10.103ms
[2020-01-29T22:12:50.188+0300][201.628s][info ][gc] GC(6857) To-space exhausted
[2020-01-29T22:12:50.188+0300][201.628s][info ][gc] GC(6857) Pause Young (Normal) (G1 Evacuation Pause) 253M->253M(256M) 14.047ms
[2020-01-29T22:12:50.188+0300][201.628s][debug][gc] GC(6858) Clear Next Bitmap 0.075ms
[2020-01-29T22:12:50.248+0300][201.688s][info ][gc] GC(6858) Pause Full (G1 Evacuation Pause) 253M->110M(256M) 59.834ms
[2020-01-29T22:12:50.248+0300][201.688s][info ][gc] GC(6849) Concurrent Cycle 214.000ms
[2020-01-29T22:12:50.284+0300][201.724s][info ][gc] GC(6859) Pause Young (Concurrent Start) (G1 Humongous Allocation) 136M->136M(256M) 14.857ms
[2020-01-29T22:12:50.284+0300][201.724s][info ][gc] GC(6860) Concurrent Cycle
[2020-01-29T22:12:50.318+0300][201.758s][info ][gc] GC(6861) Pause Young (Normal) (G1 Evacuation Pause) 184M->185M(256M) 19.785ms
[2020-01-29T22:12:50.323+0300][201.763s][debug][gc] GC(6860) Reclaimed 109 empty regions
[2020-01-29T22:12:50.323+0300][201.763s][info ][gc] GC(6860) Pause Remark 195M->88M(256M) 0.654ms
[2020-01-29T22:12:50.336+0300][201.776s][info ][gc] GC(6862) Pause Young (Normal) (G1 Evacuation Pause) 91M->92M(256M) 11.522ms
[2020-01-29T22:12:50.385+0300][201.826s][info ][gc] GC(6863) Pause Young (Normal) (G1 Evacuation Pause) 136M->137M(256M) 31.875ms
[2020-01-29T22:12:50.432+0300][201.872s][info ][gc] GC(6864) Pause Young (Normal) (G1 Evacuation Pause) 165M->166M(256M) 34.993ms
[2020-01-29T22:12:50.482+0300][201.923s][info ][gc] GC(6865) Pause Young (Normal) (G1 Evacuation Pause) 205M->206M(256M) 31.206ms
[2020-01-29T22:12:50.512+0300][201.953s][info ][gc] GC(6866) Pause Young (Normal) (G1 Evacuation Pause) 215M->216M(256M) 26.111ms
[2020-01-29T22:12:50.513+0300][201.953s][info ][gc] GC(6860) Pause Cleanup 218M->218M(256M) 0.040ms
[2020-01-29T22:12:50.513+0300][201.954s][info ][gc] GC(6860) Concurrent Cycle 229.240ms
[2020-01-29T22:12:50.541+0300][201.981s][info ][gc] GC(6867) Pause Young (Normal) (G1 Evacuation Pause) 226M->227M(256M) 23.999ms
[2020-01-29T22:12:50.553+0300][201.993s][info ][gc] GC(6868) Pause Young (Concurrent Start) (G1 Evacuation Pause) 237M->238M(256M) 8.293ms
[2020-01-29T22:12:50.553+0300][201.993s][info ][gc] GC(6869) Concurrent Cycle
[2020-01-29T22:12:50.571+0300][202.011s][info ][gc] GC(6870) To-space exhausted
[2020-01-29T22:12:50.571+0300][202.011s][info ][gc] GC(6870) Pause Young (Normal) (G1 Evacuation Pause) 248M->251M(256M) 12.151ms
[2020-01-29T22:12:50.584+0300][202.024s][info ][gc] GC(6871) To-space exhausted
[2020-01-29T22:12:50.584+0300][202.024s][info ][gc] GC(6871) Pause Young (Normal) (G1 Evacuation Pause) 255M->255M(256M) 10.895ms
[2020-01-29T22:12:50.584+0300][202.024s][debug][gc] GC(6872) Clear Next Bitmap 0.081ms
[2020-01-29T22:12:50.628+0300][202.068s][info ][gc] GC(6872) Pause Full (G1 Evacuation Pause) 255M->81M(256M) 43.682ms
[2020-01-29T22:12:50.628+0300][202.068s][info ][gc] GC(6869) Concurrent Cycle 75.070ms
[2020-01-29T22:12:50.672+0300][202.112s][info ][gc] GC(6873) Pause Young (Normal) (G1 Evacuation Pause) 127M->128M(256M) 25.877ms
[2020-01-29T22:12:50.698+0300][202.138s][info ][gc] GC(6874) Pause Young (Concurrent Start) (G1 Humongous Allocation) 137M->137M(256M) 11.331ms
[2020-01-29T22:12:50.698+0300][202.138s][info ][gc] GC(6875) Concurrent Cycle
[2020-01-29T22:12:50.710+0300][202.150s][debug][gc] GC(6875) Reclaimed 118 empty regions
[2020-01-29T22:12:50.710+0300][202.150s][info ][gc] GC(6875) Pause Remark 184M->67M(256M) 0.639ms
[2020-01-29T22:12:50.728+0300][202.168s][info ][gc] GC(6876) Pause Young (Normal) (G1 Evacuation Pause) 68M->65M(256M) 17.994ms
[2020-01-29T22:12:50.790+0300][202.230s][info ][gc] GC(6877) Pause Young (Normal) (G1 Evacuation Pause) 116M->117M(256M) 41.603ms
[2020-01-29T22:12:50.793+0300][202.234s][info ][gc] GC(6875) Pause Cleanup 127M->127M(256M) 0.040ms
[2020-01-29T22:12:50.794+0300][202.234s][info ][gc] GC(6875) Concurrent Cycle 96.415ms
[2020-01-29T22:12:50.847+0300][202.287s][info ][gc] GC(6878) Pause Young (Normal) (G1 Evacuation Pause) 152M->152M(256M) 42.099ms
[2020-01-29T22:12:50.862+0300][202.302s][info ][gc] GC(6879) Pause Young (Concurrent Start) (G1 Humongous Allocation) 153M->156M(256M) 5.224ms
[2020-01-29T22:12:50.862+0300][202.302s][info ][gc] GC(6880) Concurrent Cycle
[2020-01-29T22:12:50.870+0300][202.310s][debug][gc] GC(6880) Reclaimed 140 empty regions
[2020-01-29T22:12:50.870+0300][202.310s][info ][gc] GC(6880) Pause Remark 192M->52M(256M) 0.711ms
[2020-01-29T22:12:50.887+0300][202.327s][info ][gc] GC(6881) Pause Young (Normal) (G1 Evacuation Pause) 58M->57M(256M) 14.507ms
[2020-01-29T22:12:50.902+0300][202.343s][info ][gc] GC(6880) Pause Cleanup 98M->98M(256M) 0.037ms
[2020-01-29T22:12:50.902+0300][202.343s][info ][gc] GC(6880) Concurrent Cycle 40.975ms
[2020-01-29T22:12:50.942+0300][202.385s][info ][gc] GC(6882) Pause Young (Normal) (G1 Evacuation Pause) 110M->110M(256M) 37.554ms
[2020-01-29T22:12:50.985+0300][202.425s][info ][gc] GC(6883) Pause Young (Concurrent Start) (G1 Evacuation Pause) 147M->148M(256M) 24.820ms
[2020-01-29T22:12:50.985+0300][202.425s][info ][gc] GC(6884) Concurrent Cycle
[2020-01-29T22:12:51.027+0300][202.470s][info ][gc] GC(6885) Pause Young (Normal) (G1 Evacuation Pause) 193M->194M(256M) 18.701ms
[2020-01-29T22:12:51.042+0300][202.483s][info ][gc] GC(6886) Pause Young (Normal) (G1 Evacuation Pause) 204M->205M(256M) 9.167ms
[2020-01-29T22:12:51.052+0300][202.495s][info ][gc] GC(6887) Pause Young (Normal) (G1 Evacuation Pause) 215M->216M(256M) 8.033ms
[2020-01-29T22:12:51.067+0300][202.508s][info ][gc] GC(6888) Pause Young (Normal) (G1 Evacuation Pause) 226M->227M(256M) 8.180ms
[2020-01-29T22:12:51.077+0300][202.520s][info ][gc] GC(6889) Pause Young (Normal) (G1 Evacuation Pause) 237M->238M(256M) 8.133ms
[2020-01-29T22:12:51.096+0300][202.536s][info ][gc] GC(6890) To-space exhausted
[2020-01-29T22:12:51.096+0300][202.536s][info ][gc] GC(6890) Pause Young (Normal) (G1 Evacuation Pause) 248M->251M(256M) 11.912ms
[2020-01-29T22:12:51.108+0300][202.548s][info ][gc] GC(6891) To-space exhausted
[2020-01-29T22:12:51.109+0300][202.548s][info ][gc] GC(6891) Pause Young (Normal) (G1 Evacuation Pause) 255M->255M(256M) 10.879ms
[2020-01-29T22:12:51.109+0300][202.549s][debug][gc] GC(6892) Clear Next Bitmap 0.069ms
[2020-01-29T22:12:51.165+0300][202.605s][info ][gc] GC(6892) Pause Full (G1 Evacuation Pause) 255M->97M(256M) 56.592ms
[2020-01-29T22:12:51.166+0300][202.605s][info ][gc] GC(6884) Concurrent Cycle 180.612ms
[2020-01-29T22:12:51.212+0300][202.653s][info ][gc] GC(6893) Pause Young (Concurrent Start) (G1 Humongous Allocation) 136M->136M(256M) 21.439ms
[2020-01-29T22:12:51.212+0300][202.653s][info ][gc] GC(6894) Concurrent Cycle
[2020-01-29T22:12:51.253+0300][202.694s][info ][gc] GC(6895) Pause Young (Normal) (G1 Evacuation Pause) 184M->185M(256M) 20.441ms
[2020-01-29T22:12:51.258+0300][202.698s][debug][gc] GC(6894) Reclaimed 93 empty regions
[2020-01-29T22:12:51.258+0300][202.698s][info ][gc] GC(6894) Pause Remark 195M->103M(256M) 0.665ms
[2020-01-29T22:12:51.271+0300][202.711s][info ][gc] GC(6896) Pause Young (Normal) (G1 Evacuation Pause) 107M->108M(256M) 11.545ms
[2020-01-29T22:12:51.315+0300][202.755s][info ][gc] GC(6897) Pause Young (Normal) (G1 Evacuation Pause) 145M->145M(256M) 28.916ms
[2020-01-29T22:12:51.359+0300][202.799s][info ][gc] GC(6898) Pause Young (Normal) (G1 Evacuation Pause) 171M->172M(256M) 33.297ms
[2020-01-29T22:12:51.408+0300][202.848s][info ][gc] GC(6899) Pause Young (Normal) (G1 Evacuation Pause) 209M->209M(256M) 31.780ms
[2020-01-29T22:12:51.437+0300][202.877s][info ][gc] GC(6900) Pause Young (Normal) (G1 Evacuation Pause) 218M->219M(256M) 24.935ms
[2020-01-29T22:12:51.468+0300][202.908s][info ][gc] GC(6901) Pause Young (Normal) (G1 Evacuation Pause) 229M->230M(256M) 26.467ms
[2020-01-29T22:12:51.501+0300][202.941s][info ][gc] GC(6902) Pause Young (Normal) (G1 Evacuation Pause) 240M->241M(256M) 28.612ms
[2020-01-29T22:12:51.540+0300][202.980s][info ][gc] GC(6903) To-space exhausted
[2020-01-29T22:12:51.540+0300][202.980s][info ][gc] GC(6903) Pause Young (Normal) (G1 Evacuation Pause) 251M->255M(256M) 34.896ms
[2020-01-29T22:12:51.541+0300][202.980s][debug][gc] GC(6904) Clear Next Bitmap 0.063ms
[2020-01-29T22:12:51.574+0300][203.014s][info ][gc] GC(6904) Pause Full (G1 Evacuation Pause) 255M->67M(256M) 33.514ms
[2020-01-29T22:12:51.574+0300][203.014s][info ][gc] GC(6894) Concurrent Cycle 361.313ms
[2020-01-29T22:12:51.623+0300][203.063s][info ][gc] GC(6905) Pause Young (Normal) (G1 Evacuation Pause) 119M->119M(256M) 29.079ms
[2020-01-29T22:12:51.655+0300][203.095s][info ][gc] GC(6906) Pause Young (Concurrent Start) (G1 Humongous Allocation) 137M->137M(256M) 14.070ms
[2020-01-29T22:12:51.655+0300][203.095s][info ][gc] GC(6907) Concurrent Cycle
[2020-01-29T22:12:51.688+0300][203.128s][info ][gc] GC(6908) Pause Young (Normal) (G1 Evacuation Pause) 185M->186M(256M) 20.328ms
[2020-01-29T22:12:51.693+0300][203.133s][debug][gc] GC(6907) Reclaimed 109 empty regions
[2020-01-29T22:12:51.693+0300][203.133s][info ][gc] GC(6907) Pause Remark 196M->88M(256M) 0.852ms
[2020-01-29T22:12:51.708+0300][203.148s][info ][gc] GC(6909) Pause Young (Normal) (G1 Evacuation Pause) 91M->92M(256M) 13.521ms
[2020-01-29T22:12:51.756+0300][203.196s][info ][gc] GC(6910) Pause Young (Normal) (G1 Evacuation Pause) 134M->135M(256M) 31.222ms
[2020-01-29T22:12:51.804+0300][203.244s][info ][gc] GC(6911) Pause Young (Normal) (G1 Evacuation Pause) 164M->165M(256M) 36.486ms
[2020-01-29T22:12:51.857+0300][203.297s][info ][gc] GC(6912) Pause Young (Normal) (G1 Evacuation Pause) 205M->206M(256M) 32.783ms
[2020-01-29T22:12:51.888+0300][203.328s][info ][gc] GC(6913) Pause Young (Normal) (G1 Evacuation Pause) 214M->215M(256M) 27.186ms
[2020-01-29T22:12:51.918+0300][203.358s][info ][gc] GC(6914) Pause Young (Normal) (G1 Evacuation Pause) 225M->226M(256M) 26.401ms
[2020-01-29T22:12:51.919+0300][203.359s][info ][gc] GC(6907) Pause Cleanup 226M->226M(256M) 0.049ms
[2020-01-29T22:12:51.919+0300][203.359s][info ][gc] GC(6907) Concurrent Cycle 263.600ms
[2020-01-29T22:12:51.948+0300][203.387s][info ][gc] GC(6915) Pause Young (Normal) (G1 Evacuation Pause) 236M->237M(256M) 24.522ms
[2020-01-29T22:12:51.963+0300][203.403s][info ][gc] GC(6916) To-space exhausted
[2020-01-29T22:12:51.963+0300][203.403s][info ][gc] GC(6916) Pause Young (Concurrent Start) (G1 Evacuation Pause) 247M->249M(256M) 12.177ms
[2020-01-29T22:12:51.963+0300][203.403s][info ][gc] GC(6917) Concurrent Cycle
[2020-01-29T22:12:51.980+0300][203.421s][info ][gc] GC(6918) To-space exhausted
[2020-01-29T22:12:51.980+0300][203.421s][info ][gc] GC(6918) Pause Young (Normal) (G1 Evacuation Pause) 255M->255M(256M) 12.753ms
[2020-01-29T22:12:51.980+0300][203.421s][debug][gc] GC(6919) Clear Next Bitmap 0.077ms
[2020-01-29T22:12:52.024+0300][203.465s][info ][gc] GC(6919) Pause Full (G1 Evacuation Pause) 255M->81M(256M) 43.957ms
[2020-01-29T22:12:52.025+0300][203.465s][info ][gc] GC(6917) Concurrent Cycle 61.591ms
[2020-01-29T22:12:52.068+0300][203.507s][info ][gc] GC(6920) Pause Young (Normal) (G1 Evacuation Pause) 127M->127M(256M) 24.612ms
