[2020-01-29T21:35:43.473+0300][0.008s][debug][gc] ConcGCThreads: 1 offset 8
[2020-01-29T21:35:43.473+0300][0.008s][debug][gc] ParallelGCThreads: 4
[2020-01-29T21:35:43.473+0300][0.008s][debug][gc] Initialize mark stack with 4096 chunks, maximum 16384
[2020-01-29T21:35:43.476+0300][0.011s][info ][gc] Using G1
[2020-01-29T21:35:43.493+0300][0.029s][info ][gc] Periodic GC disabled
[2020-01-29T21:35:43.694+0300][0.229s][info ][gc] GC(0) Pause Young (Normal) (G1 Evacuation Pause) 34M->28M(256M) 11.026ms
[2020-01-29T21:35:43.711+0300][0.246s][info ][gc] GC(1) Pause Young (Normal) (G1 Evacuation Pause) 38M->38M(256M) 11.829ms
[2020-01-29T21:35:43.725+0300][0.260s][info ][gc] GC(2) Pause Young (Normal) (G1 Evacuation Pause) 48M->49M(256M) 9.139ms
[2020-01-29T21:35:43.739+0300][0.273s][info ][gc] GC(3) Pause Young (Normal) (G1 Evacuation Pause) 59M->59M(256M) 8.842ms
[2020-01-29T21:35:43.761+0300][0.296s][info ][gc] GC(4) Pause Young (Normal) (G1 Evacuation Pause) 77M->78M(256M) 13.544ms
[2020-01-29T21:35:43.808+0300][0.344s][info ][gc] GC(5) Pause Young (Normal) (G1 Evacuation Pause) 105M->105M(256M) 20.370ms
[2020-01-29T21:35:43.860+0300][0.395s][info ][gc] GC(6) Pause Young (Concurrent Start) (G1 Humongous Allocation) 139M->140M(256M) 26.009ms
[2020-01-29T21:35:43.860+0300][0.395s][info ][gc] GC(7) Concurrent Cycle
[2020-01-29T21:35:43.884+0300][0.420s][debug][gc] GC(7) Reclaimed 79 empty regions
[2020-01-29T21:35:43.884+0300][0.420s][info ][gc] GC(7) Pause Remark 177M->98M(256M) 0.443ms
[2020-01-29T21:35:43.904+0300][0.440s][info ][gc] GC(8) Pause Young (Normal) (G1 Evacuation Pause) 109M->102M(256M) 15.243ms
[2020-01-29T21:35:43.973+0300][0.508s][info ][gc] GC(9) Pause Young (Normal) (G1 Evacuation Pause) 142M->143M(256M) 29.627ms
[2020-01-29T21:35:43.988+0300][0.524s][info ][gc] GC(7) Pause Cleanup 143M->143M(256M) 0.053ms
[2020-01-29T21:35:43.990+0300][0.526s][info ][gc] GC(7) Concurrent Cycle 130.595ms
[2020-01-29T21:35:44.024+0300][0.560s][info ][gc] GC(10) Pause Young (Prepare Mixed) (G1 Evacuation Pause) 169M->170M(256M) 24.104ms
[2020-01-29T21:35:44.048+0300][0.583s][info ][gc] GC(11) Pause Young (Mixed) (G1 Evacuation Pause) 178M->159M(256M) 8.828ms
[2020-01-29T21:35:44.080+0300][0.616s][info ][gc] GC(12) Pause Young (Concurrent Start) (G1 Humongous Allocation) 174M->175M(256M) 11.124ms
[2020-01-29T21:35:44.080+0300][0.616s][info ][gc] GC(13) Concurrent Cycle
[2020-01-29T21:35:44.093+0300][0.629s][debug][gc] GC(13) Reclaimed 148 empty regions
[2020-01-29T21:35:44.093+0300][0.629s][info ][gc] GC(13) Pause Remark 198M->50M(256M) 0.359ms
[2020-01-29T21:35:44.110+0300][0.645s][info ][gc] GC(14) Pause Young (Normal) (G1 Evacuation Pause) 63M->61M(256M) 9.446ms
[2020-01-29T21:35:44.126+0300][0.661s][info ][gc] GC(13) Pause Cleanup 82M->82M(256M) 0.045ms
[2020-01-29T21:35:44.127+0300][0.663s][info ][gc] GC(13) Concurrent Cycle 46.837ms
[2020-01-29T21:35:44.173+0300][0.708s][info ][gc] GC(15) Pause Young (Normal) (G1 Evacuation Pause) 113M->114M(256M) 29.799ms
[2020-01-29T21:35:44.212+0300][0.747s][info ][gc] GC(16) Pause Young (Normal) (G1 Evacuation Pause) 150M->151M(256M) 23.694ms
[2020-01-29T21:35:44.238+0300][0.773s][info ][gc] GC(17) Pause Young (Concurrent Start) (G1 Humongous Allocation) 161M->162M(256M) 9.958ms
[2020-01-29T21:35:44.238+0300][0.773s][info ][gc] GC(18) Concurrent Cycle
[2020-01-29T21:35:44.250+0300][0.786s][debug][gc] GC(18) Reclaimed 135 empty regions
[2020-01-29T21:35:44.251+0300][0.786s][info ][gc] GC(18) Pause Remark 198M->63M(256M) 0.378ms
[2020-01-29T21:35:44.269+0300][0.805s][info ][gc] GC(19) Pause Young (Normal) (G1 Evacuation Pause) 67M->64M(256M) 16.142ms
[2020-01-29T21:35:44.288+0300][0.823s][info ][gc] GC(18) Pause Cleanup 86M->86M(256M) 0.038ms
[2020-01-29T21:35:44.288+0300][0.823s][info ][gc] GC(18) Concurrent Cycle 50.643ms
[2020-01-29T21:35:44.330+0300][0.866s][info ][gc] GC(20) Pause Young (Normal) (G1 Evacuation Pause) 115M->116M(256M) 30.961ms
[2020-01-29T21:35:44.369+0300][0.905s][info ][gc] GC(21) Pause Young (Normal) (G1 Evacuation Pause) 151M->152M(256M) 25.108ms
[2020-01-29T21:35:44.397+0300][0.933s][info ][gc] GC(22) Pause Young (Concurrent Start) (G1 Humongous Allocation) 161M->162M(256M) 13.593ms
[2020-01-29T21:35:44.397+0300][0.933s][info ][gc] GC(23) Concurrent Cycle
[2020-01-29T21:35:44.409+0300][0.944s][debug][gc] GC(23) Reclaimed 136 empty regions
[2020-01-29T21:35:44.409+0300][0.944s][info ][gc] GC(23) Pause Remark 200M->64M(256M) 0.385ms
[2020-01-29T21:35:44.423+0300][0.959s][info ][gc] GC(24) Pause Young (Normal) (G1 Evacuation Pause) 66M->63M(256M) 13.235ms
[2020-01-29T21:35:44.442+0300][0.978s][info ][gc] GC(23) Pause Cleanup 84M->84M(256M) 0.042ms
[2020-01-29T21:35:44.442+0300][0.978s][info ][gc] GC(23) Concurrent Cycle 45.001ms
[2020-01-29T21:35:44.493+0300][1.028s][info ][gc] GC(25) Pause Young (Normal) (G1 Evacuation Pause) 115M->116M(256M) 33.869ms
[2020-01-29T21:35:44.537+0300][1.072s][info ][gc] GC(26) Pause Young (Normal) (G1 Evacuation Pause) 151M->152M(256M) 23.765ms
[2020-01-29T21:35:44.563+0300][1.098s][info ][gc] GC(27) Pause Young (Concurrent Start) (G1 Humongous Allocation) 160M->162M(256M) 10.647ms
[2020-01-29T21:35:44.563+0300][1.098s][info ][gc] GC(28) Concurrent Cycle
[2020-01-29T21:35:44.575+0300][1.110s][debug][gc] GC(28) Reclaimed 132 empty regions
[2020-01-29T21:35:44.575+0300][1.110s][info ][gc] GC(28) Pause Remark 200M->68M(256M) 0.395ms
[2020-01-29T21:35:44.589+0300][1.125s][info ][gc] GC(29) Pause Young (Normal) (G1 Evacuation Pause) 71M->68M(256M) 12.566ms
[2020-01-29T21:35:44.608+0300][1.143s][info ][gc] GC(28) Pause Cleanup 82M->82M(256M) 0.045ms
[2020-01-29T21:35:44.608+0300][1.143s][info ][gc] GC(28) Concurrent Cycle 45.329ms
[2020-01-29T21:35:44.655+0300][1.190s][info ][gc] GC(30) Pause Young (Normal) (G1 Evacuation Pause) 118M->119M(256M) 30.958ms
[2020-01-29T21:35:44.697+0300][1.232s][info ][gc] GC(31) Pause Young (Normal) (G1 Evacuation Pause) 153M->153M(256M) 24.918ms
[2020-01-29T21:35:44.748+0300][1.284s][info ][gc] GC(32) Pause Young (Concurrent Start) (G1 Humongous Allocation) 163M->164M(256M) 11.608ms
[2020-01-29T21:35:44.748+0300][1.284s][info ][gc] GC(33) Concurrent Cycle
[2020-01-29T21:35:44.761+0300][1.296s][debug][gc] GC(33) Reclaimed 128 empty regions
[2020-01-29T21:35:44.761+0300][1.296s][info ][gc] GC(33) Pause Remark 189M->61M(256M) 0.373ms
[2020-01-29T21:35:44.783+0300][1.319s][info ][gc] GC(34) Pause Young (Normal) (G1 Evacuation Pause) 76M->73M(256M) 12.281ms
[2020-01-29T21:35:44.794+0300][1.330s][info ][gc] GC(33) Pause Cleanup 73M->73M(256M) 0.050ms
[2020-01-29T21:35:44.795+0300][1.331s][info ][gc] GC(33) Concurrent Cycle 47.042ms
[2020-01-29T21:35:44.849+0300][1.384s][info ][gc] GC(35) Pause Young (Prepare Mixed) (G1 Evacuation Pause) 122M->123M(256M) 29.185ms
[2020-01-29T21:35:44.929+0300][1.465s][info ][gc] GC(36) Pause Young (Mixed) (G1 Evacuation Pause) 128M->111M(256M) 64.228ms
[2020-01-29T21:35:44.970+0300][1.505s][info ][gc] GC(37) Pause Young (Normal) (G1 Evacuation Pause) 148M->149M(256M) 23.216ms
[2020-01-29T21:35:44.990+0300][1.525s][info ][gc] GC(38) Pause Young (Concurrent Start) (G1 Humongous Allocation) 153M->154M(256M) 7.077ms
[2020-01-29T21:35:44.990+0300][1.525s][info ][gc] GC(39) Concurrent Cycle
[2020-01-29T21:35:44.999+0300][1.534s][debug][gc] GC(39) Reclaimed 138 empty regions
[2020-01-29T21:35:44.999+0300][1.534s][info ][gc] GC(39) Pause Remark 188M->50M(256M) 0.346ms
[2020-01-29T21:35:45.017+0300][1.552s][info ][gc] GC(40) Pause Young (Normal) (G1 Evacuation Pause) 59M->56M(256M) 14.996ms
[2020-01-29T21:35:45.030+0300][1.565s][info ][gc] GC(39) Pause Cleanup 69M->69M(256M) 0.039ms
[2020-01-29T21:35:45.030+0300][1.565s][info ][gc] GC(39) Concurrent Cycle 40.529ms
[2020-01-29T21:35:45.081+0300][1.616s][info ][gc] GC(41) Pause Young (Normal) (G1 Evacuation Pause) 110M->111M(256M) 33.219ms
[2020-01-29T21:35:45.125+0300][1.660s][info ][gc] GC(42) Pause Young (Normal) (G1 Evacuation Pause) 148M->148M(256M) 28.173ms
[2020-01-29T21:35:45.142+0300][1.678s][info ][gc] GC(43) Pause Young (Concurrent Start) (G1 Humongous Allocation) 149M->151M(256M) 6.691ms
[2020-01-29T21:35:45.142+0300][1.678s][info ][gc] GC(44) Concurrent Cycle
[2020-01-29T21:35:45.150+0300][1.686s][debug][gc] GC(44) Reclaimed 135 empty regions
[2020-01-29T21:35:45.150+0300][1.686s][info ][gc] GC(44) Pause Remark 182M->47M(256M) 0.397ms
[2020-01-29T21:35:45.174+0300][1.709s][info ][gc] GC(45) Pause Young (Normal) (G1 Evacuation Pause) 60M->60M(256M) 15.995ms
[2020-01-29T21:35:45.181+0300][1.717s][info ][gc] GC(44) Pause Cleanup 67M->67M(256M) 0.037ms
[2020-01-29T21:35:45.182+0300][1.717s][info ][gc] GC(44) Concurrent Cycle 39.066ms
[2020-01-29T21:35:45.249+0300][1.784s][info ][gc] GC(46) Pause Young (Normal) (G1 Evacuation Pause) 113M->113M(256M) 30.859ms
[2020-01-29T21:35:45.288+0300][1.823s][info ][gc] GC(47) Pause Young (Normal) (G1 Evacuation Pause) 149M->150M(256M) 23.541ms
[2020-01-29T21:35:45.305+0300][1.841s][info ][gc] GC(48) Pause Young (Concurrent Start) (G1 Humongous Allocation) 152M->153M(256M) 5.808ms
[2020-01-29T21:35:45.305+0300][1.841s][info ][gc] GC(49) Concurrent Cycle
[2020-01-29T21:35:45.314+0300][1.849s][debug][gc] GC(49) Reclaimed 137 empty regions
[2020-01-29T21:35:45.314+0300][1.849s][info ][gc] GC(49) Pause Remark 181M->44M(256M) 0.515ms
[2020-01-29T21:35:45.339+0300][1.874s][info ][gc] GC(50) Pause Young (Normal) (G1 Evacuation Pause) 59M->58M(256M) 17.633ms
[2020-01-29T21:35:45.351+0300][1.886s][info ][gc] GC(49) Pause Cleanup 68M->68M(256M) 0.044ms
[2020-01-29T21:35:45.351+0300][1.886s][info ][gc] GC(49) Concurrent Cycle 45.741ms
[2020-01-29T21:35:45.414+0300][1.949s][info ][gc] GC(51) Pause Young (Normal) (G1 Evacuation Pause) 111M->112M(256M) 32.635ms
[2020-01-29T21:35:45.455+0300][1.990s][info ][gc] GC(52) Pause Young (Normal) (G1 Evacuation Pause) 148M->148M(256M) 25.654ms
[2020-01-29T21:35:45.472+0300][2.007s][info ][gc] GC(53) Pause Young (Concurrent Start) (G1 Humongous Allocation) 151M->152M(256M) 5.598ms
[2020-01-29T21:35:45.472+0300][2.007s][info ][gc] GC(54) Concurrent Cycle
[2020-01-29T21:35:45.481+0300][2.016s][debug][gc] GC(54) Reclaimed 134 empty regions
[2020-01-29T21:35:45.481+0300][2.016s][info ][gc] GC(54) Pause Remark 186M->52M(256M) 0.386ms
[2020-01-29T21:35:45.500+0300][2.036s][info ][gc] GC(55) Pause Young (Normal) (G1 Evacuation Pause) 62M->60M(256M) 15.404ms
[2020-01-29T21:35:45.512+0300][2.048s][info ][gc] GC(54) Pause Cleanup 89M->89M(256M) 0.040ms
[2020-01-29T21:35:45.513+0300][2.048s][info ][gc] GC(54) Concurrent Cycle 41.379ms
[2020-01-29T21:35:45.558+0300][2.093s][info ][gc] GC(56) Pause Young (Normal) (G1 Evacuation Pause) 113M->114M(256M) 34.710ms
[2020-01-29T21:35:45.600+0300][2.135s][info ][gc] GC(57) Pause Young (Normal) (G1 Evacuation Pause) 150M->151M(256M) 24.800ms
[2020-01-29T21:35:45.618+0300][2.154s][info ][gc] GC(58) Pause Young (Concurrent Start) (G1 Humongous Allocation) 152M->154M(256M) 6.521ms
[2020-01-29T21:35:45.618+0300][2.154s][info ][gc] GC(59) Concurrent Cycle
[2020-01-29T21:35:45.627+0300][2.162s][debug][gc] GC(59) Reclaimed 136 empty regions
[2020-01-29T21:35:45.627+0300][2.162s][info ][gc] GC(59) Pause Remark 174M->38M(256M) 0.409ms
[2020-01-29T21:35:45.658+0300][2.193s][info ][gc] GC(60) Pause Young (Normal) (G1 Evacuation Pause) 61M->60M(256M) 16.326ms
[2020-01-29T21:35:45.659+0300][2.194s][info ][gc] GC(59) Pause Cleanup 61M->61M(256M) 0.035ms
[2020-01-29T21:35:45.659+0300][2.195s][info ][gc] GC(59) Concurrent Cycle 40.903ms
[2020-01-29T21:35:45.715+0300][2.251s][info ][gc] GC(61) Pause Young (Normal) (G1 Evacuation Pause) 112M->113M(256M) 32.156ms
[2020-01-29T21:35:45.757+0300][2.292s][info ][gc] GC(62) Pause Young (Normal) (G1 Evacuation Pause) 149M->150M(256M) 26.807ms
[2020-01-29T21:35:45.778+0300][2.313s][info ][gc] GC(63) Pause Young (Concurrent Start) (G1 Humongous Allocation) 154M->155M(256M) 7.073ms
[2020-01-29T21:35:45.778+0300][2.313s][info ][gc] GC(64) Concurrent Cycle
[2020-01-29T21:35:45.787+0300][2.322s][debug][gc] GC(64) Reclaimed 135 empty regions
[2020-01-29T21:35:45.787+0300][2.322s][info ][gc] GC(64) Pause Remark 189M->54M(256M) 0.365ms
[2020-01-29T21:35:45.807+0300][2.342s][info ][gc] GC(65) Pause Young (Normal) (G1 Evacuation Pause) 63M->60M(256M) 15.143ms
[2020-01-29T21:35:45.819+0300][2.354s][info ][gc] GC(64) Pause Cleanup 78M->78M(256M) 0.034ms
[2020-01-29T21:35:45.819+0300][2.354s][info ][gc] GC(64) Concurrent Cycle 41.058ms
[2020-01-29T21:35:45.877+0300][2.413s][info ][gc] GC(66) Pause Young (Normal) (G1 Evacuation Pause) 113M->114M(256M) 40.946ms
[2020-01-29T21:35:45.927+0300][2.463s][info ][gc] GC(67) Pause Young (Normal) (G1 Evacuation Pause) 150M->150M(256M) 32.766ms
[2020-01-29T21:35:45.947+0300][2.482s][info ][gc] GC(68) Pause Young (Concurrent Start) (G1 Humongous Allocation) 153M->154M(256M) 6.034ms
[2020-01-29T21:35:45.947+0300][2.482s][info ][gc] GC(69) Concurrent Cycle
[2020-01-29T21:35:45.956+0300][2.491s][debug][gc] GC(69) Reclaimed 134 empty regions
[2020-01-29T21:35:45.956+0300][2.491s][info ][gc] GC(69) Pause Remark 187M->53M(256M) 0.346ms
[2020-01-29T21:35:45.980+0300][2.515s][info ][gc] GC(70) Pause Young (Normal) (G1 Evacuation Pause) 63M->62M(256M) 19.413ms
[2020-01-29T21:35:45.991+0300][2.526s][info ][gc] GC(69) Pause Cleanup 83M->83M(256M) 0.038ms
[2020-01-29T21:35:45.991+0300][2.527s][info ][gc] GC(69) Concurrent Cycle 44.270ms
[2020-01-29T21:35:46.040+0300][2.576s][info ][gc] GC(71) Pause Young (Normal) (G1 Evacuation Pause) 114M->115M(256M) 36.730ms
[2020-01-29T21:35:46.081+0300][2.616s][info ][gc] GC(72) Pause Young (Normal) (G1 Evacuation Pause) 151M->152M(256M) 25.894ms
[2020-01-29T21:35:46.102+0300][2.637s][info ][gc] GC(73) Pause Young (Concurrent Start) (G1 Humongous Allocation) 155M->157M(256M) 7.064ms
[2020-01-29T21:35:46.102+0300][2.637s][info ][gc] GC(74) Concurrent Cycle
[2020-01-29T21:35:46.111+0300][2.646s][debug][gc] GC(74) Reclaimed 135 empty regions
[2020-01-29T21:35:46.111+0300][2.646s][info ][gc] GC(74) Pause Remark 196M->61M(256M) 0.342ms
[2020-01-29T21:35:46.129+0300][2.664s][info ][gc] GC(75) Pause Young (Normal) (G1 Evacuation Pause) 64M->60M(256M) 16.733ms
[2020-01-29T21:35:46.146+0300][2.681s][info ][gc] GC(74) Pause Cleanup 98M->98M(256M) 0.042ms
[2020-01-29T21:35:46.146+0300][2.681s][info ][gc] GC(74) Concurrent Cycle 44.050ms
[2020-01-29T21:35:46.191+0300][2.726s][info ][gc] GC(76) Pause Young (Normal) (G1 Evacuation Pause) 112M->113M(256M) 39.416ms
[2020-01-29T21:35:46.230+0300][2.765s][info ][gc] GC(77) Pause Young (Normal) (G1 Evacuation Pause) 149M->150M(256M) 24.214ms
[2020-01-29T21:35:46.250+0300][2.786s][info ][gc] GC(78) Pause Young (Concurrent Start) (G1 Humongous Allocation) 155M->156M(256M) 7.745ms
[2020-01-29T21:35:46.250+0300][2.786s][info ][gc] GC(79) Concurrent Cycle
[2020-01-29T21:35:46.260+0300][2.795s][debug][gc] GC(79) Reclaimed 132 empty regions
[2020-01-29T21:35:46.260+0300][2.796s][info ][gc] GC(79) Pause Remark 196M->64M(256M) 0.351ms
[2020-01-29T21:35:46.276+0300][2.811s][info ][gc] GC(80) Pause Young (Normal) (G1 Evacuation Pause) 66M->63M(256M) 14.925ms
[2020-01-29T21:35:46.295+0300][2.830s][info ][gc] GC(79) Pause Cleanup 108M->108M(256M) 0.040ms
[2020-01-29T21:35:46.295+0300][2.831s][info ][gc] GC(79) Concurrent Cycle 44.907ms
[2020-01-29T21:35:46.339+0300][2.874s][info ][gc] GC(81) Pause Young (Normal) (G1 Evacuation Pause) 115M->116M(256M) 40.479ms
[2020-01-29T21:35:46.378+0300][2.913s][info ][gc] GC(82) Pause Young (Normal) (G1 Evacuation Pause) 151M->152M(256M) 25.079ms
[2020-01-29T21:35:46.399+0300][2.933s][info ][gc] GC(83) Pause Young (Concurrent Start) (G1 Humongous Allocation) 157M->158M(256M) 7.020ms
[2020-01-29T21:35:46.399+0300][2.933s][info ][gc] GC(84) Concurrent Cycle
[2020-01-29T21:35:46.409+0300][2.944s][debug][gc] GC(84) Reclaimed 132 empty regions
[2020-01-29T21:35:46.409+0300][2.944s][info ][gc] GC(84) Pause Remark 200M->68M(256M) 0.405ms
[2020-01-29T21:35:46.425+0300][2.959s][info ][gc] GC(85) Pause Young (Normal) (G1 Evacuation Pause) 68M->65M(256M) 15.213ms
[2020-01-29T21:35:46.444+0300][2.980s][info ][gc] GC(84) Pause Cleanup 115M->115M(256M) 0.048ms
[2020-01-29T21:35:46.444+0300][2.980s][info ][gc] GC(84) Concurrent Cycle 46.451ms
[2020-01-29T21:35:46.484+0300][3.020s][info ][gc] GC(86) Pause Young (Normal) (G1 Evacuation Pause) 116M->117M(256M) 39.276ms
[2020-01-29T21:35:46.522+0300][3.057s][info ][gc] GC(87) Pause Young (Normal) (G1 Evacuation Pause) 152M->153M(256M) 23.143ms
[2020-01-29T21:35:46.544+0300][3.080s][info ][gc] GC(88) Pause Young (Concurrent Start) (G1 Humongous Allocation) 160M->161M(256M) 8.797ms
[2020-01-29T21:35:46.544+0300][3.080s][info ][gc] GC(89) Concurrent Cycle
[2020-01-29T21:35:46.572+0300][3.107s][info ][gc] GC(90) Pause Young (Normal) (G1 Evacuation Pause) 202M->203M(256M) 17.420ms
[2020-01-29T21:35:46.573+0300][3.108s][debug][gc] GC(89) Reclaimed 133 empty regions
[2020-01-29T21:35:46.573+0300][3.109s][info ][gc] GC(89) Pause Remark 205M->72M(256M) 0.345ms
[2020-01-29T21:35:46.583+0300][3.118s][info ][gc] GC(91) Pause Young (Normal) (G1 Evacuation Pause) 78M->79M(256M) 7.201ms
[2020-01-29T21:35:46.634+0300][3.170s][info ][gc] GC(92) Pause Young (Normal) (G1 Evacuation Pause) 126M->127M(256M) 31.205ms
[2020-01-29T21:35:46.688+0300][3.224s][info ][gc] GC(93) Pause Young (Normal) (G1 Evacuation Pause) 159M->160M(256M) 37.808ms
[2020-01-29T21:35:46.692+0300][3.228s][info ][gc] GC(89) Pause Cleanup 160M->160M(256M) 0.057ms
[2020-01-29T21:35:46.692+0300][3.228s][info ][gc] GC(89) Concurrent Cycle 148.042ms
[2020-01-29T21:35:46.727+0300][3.262s][info ][gc] GC(94) Pause Young (Concurrent Start) (G1 Humongous Allocation) 166M->167M(256M) 19.989ms
[2020-01-29T21:35:46.727+0300][3.262s][info ][gc] GC(95) Concurrent Cycle
[2020-01-29T21:35:46.750+0300][3.286s][info ][gc] GC(96) Pause Young (Normal) (G1 Evacuation Pause) 206M->206M(256M) 14.786ms
[2020-01-29T21:35:46.752+0300][3.288s][debug][gc] GC(95) Reclaimed 140 empty regions
[2020-01-29T21:35:46.752+0300][3.288s][info ][gc] GC(95) Pause Remark 207M->67M(256M) 0.365ms
[2020-01-29T21:35:46.764+0300][3.300s][info ][gc] GC(97) Pause Young (Normal) (G1 Evacuation Pause) 75M->76M(256M) 8.548ms
[2020-01-29T21:35:46.837+0300][3.373s][info ][gc] GC(98) Pause Young (Normal) (G1 Evacuation Pause) 123M->124M(256M) 41.105ms
[2020-01-29T21:35:46.842+0300][3.378s][info ][gc] GC(95) Pause Cleanup 136M->136M(256M) 0.060ms
[2020-01-29T21:35:46.843+0300][3.378s][info ][gc] GC(95) Concurrent Cycle 116.233ms
[2020-01-29T21:35:46.895+0300][3.430s][info ][gc] GC(99) Pause Young (Prepare Mixed) (G1 Evacuation Pause) 156M->157M(256M) 39.335ms
[2020-01-29T21:35:47.007+0300][3.542s][info ][gc] GC(100) Pause Young (Mixed) (G1 Evacuation Pause) 164M->152M(256M) 105.452ms
[2020-01-29T21:35:47.021+0300][3.557s][info ][gc] GC(101) Pause Young (Concurrent Start) (G1 Humongous Allocation) 153M->153M(256M) 3.593ms
[2020-01-29T21:35:47.022+0300][3.557s][info ][gc] GC(102) Concurrent Cycle
[2020-01-29T21:35:47.027+0300][3.563s][debug][gc] GC(102) Reclaimed 144 empty regions
[2020-01-29T21:35:47.027+0300][3.563s][info ][gc] GC(102) Pause Remark 183M->40M(256M) 0.356ms
[2020-01-29T21:35:47.049+0300][3.585s][info ][gc] GC(103) Pause Young (Normal) (G1 Evacuation Pause) 53M->50M(256M) 16.753ms
[2020-01-29T21:35:47.055+0300][3.591s][info ][gc] GC(102) Pause Cleanup 63M->63M(256M) 0.039ms
[2020-01-29T21:35:47.055+0300][3.591s][info ][gc] GC(102) Concurrent Cycle 33.730ms
[2020-01-29T21:35:47.118+0300][3.653s][info ][gc] GC(104) Pause Young (Normal) (G1 Evacuation Pause) 106M->107M(256M) 43.741ms
[2020-01-29T21:35:47.179+0300][3.714s][info ][gc] GC(105) Pause Young (Concurrent Start) (G1 Humongous Allocation) 143M->144M(256M) 31.706ms
[2020-01-29T21:35:47.179+0300][3.714s][info ][gc] GC(106) Concurrent Cycle
[2020-01-29T21:35:47.221+0300][3.757s][info ][gc] GC(107) Pause Young (Normal) (G1 Evacuation Pause) 190M->191M(256M) 19.309ms
[2020-01-29T21:35:47.226+0300][3.761s][debug][gc] GC(106) Reclaimed 91 empty regions
[2020-01-29T21:35:47.226+0300][3.761s][info ][gc] GC(106) Pause Remark 199M->108M(256M) 0.339ms
[2020-01-29T21:35:47.236+0300][3.771s][info ][gc] GC(108) Pause Young (Normal) (G1 Evacuation Pause) 112M->112M(256M) 9.182ms
[2020-01-29T21:35:47.280+0300][3.815s][info ][gc] GC(109) Pause Young (Normal) (G1 Evacuation Pause) 148M->149M(256M) 28.247ms
[2020-01-29T21:35:47.321+0300][3.856s][info ][gc] GC(110) Pause Young (Normal) (G1 Evacuation Pause) 174M->176M(256M) 29.891ms
[2020-01-29T21:35:47.368+0300][3.902s][info ][gc] GC(111) Pause Young (Normal) (G1 Evacuation Pause) 212M->213M(256M) 25.843ms
[2020-01-29T21:35:47.393+0300][3.929s][info ][gc] GC(112) Pause Young (Normal) (G1 Evacuation Pause) 222M->222M(256M) 20.070ms
[2020-01-29T21:35:47.420+0300][3.956s][info ][gc] GC(113) Pause Young (Normal) (G1 Evacuation Pause) 232M->233M(256M) 21.678ms
[2020-01-29T21:35:47.446+0300][3.982s][info ][gc] GC(114) Pause Young (Normal) (G1 Evacuation Pause) 243M->244M(256M) 21.799ms
[2020-01-29T21:35:47.451+0300][3.987s][info ][gc] GC(106) Pause Cleanup 253M->253M(256M) 0.054ms
[2020-01-29T21:35:47.452+0300][3.987s][info ][gc] GC(106) Concurrent Cycle 272.992ms
[2020-01-29T21:35:47.485+0300][4.020s][info ][gc] GC(115) To-space exhausted
[2020-01-29T21:35:47.485+0300][4.020s][info ][gc] GC(115) Pause Young (Normal) (G1 Evacuation Pause) 254M->256M(256M) 33.077ms
[2020-01-29T21:35:47.517+0300][4.052s][info ][gc] GC(116) Pause Full (G1 Evacuation Pause) 256M->60M(256M) 31.694ms
[2020-01-29T21:35:47.570+0300][4.105s][info ][gc] GC(117) Pause Young (Concurrent Start) (G1 Evacuation Pause) 113M->114M(256M) 31.431ms
[2020-01-29T21:35:47.570+0300][4.105s][info ][gc] GC(118) Concurrent Cycle
[2020-01-29T21:35:47.624+0300][4.159s][info ][gc] GC(119) Pause Young (Normal) (G1 Evacuation Pause) 169M->170M(256M) 26.611ms
[2020-01-29T21:35:47.647+0300][4.182s][info ][gc] GC(120) Pause Young (Normal) (G1 Evacuation Pause) 188M->189M(256M) 14.482ms
[2020-01-29T21:35:47.662+0300][4.197s][info ][gc] GC(121) Pause Young (Normal) (G1 Evacuation Pause) 201M->202M(256M) 9.137ms
[2020-01-29T21:35:47.675+0300][4.209s][info ][gc] GC(122) Pause Young (Normal) (G1 Evacuation Pause) 212M->213M(256M) 8.030ms
[2020-01-29T21:35:47.686+0300][4.221s][info ][gc] GC(123) Pause Young (Normal) (G1 Evacuation Pause) 223M->224M(256M) 7.284ms
[2020-01-29T21:35:47.697+0300][4.232s][info ][gc] GC(124) Pause Young (Normal) (G1 Evacuation Pause) 234M->235M(256M) 7.245ms
[2020-01-29T21:35:47.712+0300][4.247s][info ][gc] GC(125) To-space exhausted
[2020-01-29T21:35:47.712+0300][4.247s][info ][gc] GC(125) Pause Young (Normal) (G1 Evacuation Pause) 245M->247M(256M) 10.750ms
[2020-01-29T21:35:47.734+0300][4.268s][info ][gc] GC(126) To-space exhausted
[2020-01-29T21:35:47.734+0300][4.268s][info ][gc] GC(126) Pause Young (Normal) (G1 Evacuation Pause) 254M->254M(256M) 17.982ms
[2020-01-29T21:35:47.734+0300][4.269s][debug][gc] GC(127) Clear Next Bitmap 0.076ms
[2020-01-29T21:35:47.796+0300][4.332s][info ][gc] GC(127) Pause Full (G1 Evacuation Pause) 254M->110M(256M) 62.985ms
[2020-01-29T21:35:47.796+0300][4.332s][info ][gc] GC(118) Concurrent Cycle 226.688ms
[2020-01-29T21:35:47.832+0300][4.368s][info ][gc] GC(128) Pause Young (Concurrent Start) (G1 Humongous Allocation) 136M->136M(256M) 14.775ms
[2020-01-29T21:35:47.832+0300][4.368s][info ][gc] GC(129) Concurrent Cycle
[2020-01-29T21:35:47.867+0300][4.403s][info ][gc] GC(130) Pause Young (Normal) (G1 Evacuation Pause) 185M->186M(256M) 21.000ms
[2020-01-29T21:35:47.871+0300][4.406s][debug][gc] GC(129) Reclaimed 108 empty regions
[2020-01-29T21:35:47.871+0300][4.407s][info ][gc] GC(129) Pause Remark 193M->86M(256M) 0.366ms
[2020-01-29T21:35:47.884+0300][4.420s][info ][gc] GC(131) Pause Young (Normal) (G1 Evacuation Pause) 92M->93M(256M) 10.657ms
[2020-01-29T21:35:47.933+0300][4.468s][info ][gc] GC(132) Pause Young (Normal) (G1 Evacuation Pause) 136M->137M(256M) 30.968ms
[2020-01-29T21:35:47.982+0300][4.518s][info ][gc] GC(133) Pause Young (Normal) (G1 Evacuation Pause) 165M->167M(256M) 37.673ms
[2020-01-29T21:35:48.036+0300][4.571s][info ][gc] GC(134) Pause Young (Normal) (G1 Evacuation Pause) 206M->207M(256M) 32.640ms
[2020-01-29T21:35:48.038+0300][4.573s][info ][gc] GC(129) Pause Cleanup 208M->208M(256M) 0.056ms
[2020-01-29T21:35:48.038+0300][4.573s][info ][gc] GC(129) Concurrent Cycle 205.084ms
[2020-01-29T21:35:48.084+0300][4.619s][info ][gc] GC(135) Pause Young (Normal) (G1 Evacuation Pause) 216M->217M(256M) 42.280ms
[2020-01-29T21:35:48.107+0300][4.642s][info ][gc] GC(136) Pause Young (Concurrent Start) (G1 Evacuation Pause) 227M->229M(256M) 17.837ms
[2020-01-29T21:35:48.107+0300][4.642s][info ][gc] GC(137) Concurrent Cycle
[2020-01-29T21:35:48.135+0300][4.670s][info ][gc] GC(138) Pause Young (Normal) (G1 Evacuation Pause) 239M->240M(256M) 13.253ms
[2020-01-29T21:35:48.161+0300][4.696s][info ][gc] GC(139) To-space exhausted
[2020-01-29T21:35:48.161+0300][4.696s][info ][gc] GC(139) Pause Young (Normal) (G1 Evacuation Pause) 250M->253M(256M) 20.235ms
[2020-01-29T21:35:48.172+0300][4.707s][info ][gc] GC(140) To-space exhausted
[2020-01-29T21:35:48.172+0300][4.707s][info ][gc] GC(140) Pause Young (Normal) (G1 Evacuation Pause) 255M->255M(256M) 9.662ms
[2020-01-29T21:35:48.172+0300][4.707s][debug][gc] GC(141) Clear Next Bitmap 0.111ms
[2020-01-29T21:35:48.228+0300][4.763s][info ][gc] GC(141) Pause Full (G1 Evacuation Pause) 255M->79M(256M) 55.924ms
[2020-01-29T21:35:48.228+0300][4.763s][info ][gc] GC(137) Concurrent Cycle 121.376ms
[2020-01-29T21:35:48.282+0300][4.817s][info ][gc] GC(142) Pause Young (Normal) (G1 Evacuation Pause) 125M->125M(256M) 33.650ms
[2020-01-29T21:35:48.309+0300][4.844s][info ][gc] GC(143) Pause Young (Concurrent Start) (G1 Humongous Allocation) 136M->137M(256M) 10.218ms
[2020-01-29T21:35:48.309+0300][4.844s][info ][gc] GC(144) Concurrent Cycle
[2020-01-29T21:35:48.322+0300][4.857s][debug][gc] GC(144) Reclaimed 119 empty regions
[2020-01-29T21:35:48.322+0300][4.857s][info ][gc] GC(144) Pause Remark 181M->66M(256M) 0.360ms
[2020-01-29T21:35:48.345+0300][4.880s][info ][gc] GC(145) Pause Young (Normal) (G1 Evacuation Pause) 68M->64M(256M) 21.821ms
[2020-01-29T21:35:48.367+0300][4.902s][info ][gc] GC(144) Pause Cleanup 93M->93M(256M) 0.052ms
[2020-01-29T21:35:48.367+0300][4.902s][info ][gc] GC(144) Concurrent Cycle 57.954ms
[2020-01-29T21:35:48.425+0300][4.960s][info ][gc] GC(146) Pause Young (Normal) (G1 Evacuation Pause) 116M->117M(256M) 48.246ms
[2020-01-29T21:35:48.468+0300][5.003s][info ][gc] GC(147) Pause Young (Concurrent Start) (G1 Evacuation Pause) 152M->153M(256M) 27.191ms
[2020-01-29T21:35:48.468+0300][5.003s][info ][gc] GC(148) Concurrent Cycle
[2020-01-29T21:35:48.515+0300][5.049s][info ][gc] GC(149) Pause Young (Normal) (G1 Evacuation Pause) 196M->197M(256M) 23.349ms
[2020-01-29T21:35:48.530+0300][5.066s][info ][gc] GC(150) Pause Young (Normal) (G1 Evacuation Pause) 207M->208M(256M) 10.324ms
[2020-01-29T21:35:48.543+0300][5.079s][info ][gc] GC(151) Pause Young (Normal) (G1 Evacuation Pause) 218M->218M(256M) 7.604ms
[2020-01-29T21:35:48.555+0300][5.091s][info ][gc] GC(152) Pause Young (Normal) (G1 Evacuation Pause) 228M->229M(256M) 7.721ms
[2020-01-29T21:35:48.568+0300][5.103s][info ][gc] GC(153) Pause Young (Normal) (G1 Evacuation Pause) 239M->240M(256M) 7.384ms
[2020-01-29T21:35:48.591+0300][5.126s][info ][gc] GC(154) To-space exhausted
[2020-01-29T21:35:48.591+0300][5.126s][info ][gc] GC(154) Pause Young (Normal) (G1 Evacuation Pause) 250M->253M(256M) 18.047ms
[2020-01-29T21:35:48.604+0300][5.140s][info ][gc] GC(155) To-space exhausted
[2020-01-29T21:35:48.604+0300][5.140s][info ][gc] GC(155) Pause Young (Normal) (G1 Evacuation Pause) 255M->255M(256M) 12.740ms
[2020-01-29T21:35:48.605+0300][5.140s][debug][gc] GC(156) Clear Next Bitmap 0.131ms
[2020-01-29T21:35:48.659+0300][5.194s][info ][gc] GC(156) Pause Full (G1 Evacuation Pause) 255M->95M(256M) 53.656ms
[2020-01-29T21:35:48.659+0300][5.194s][info ][gc] GC(148) Concurrent Cycle 190.891ms
[2020-01-29T21:35:48.709+0300][5.244s][info ][gc] GC(157) Pause Young (Concurrent Start) (G1 Humongous Allocation) 136M->136M(256M) 22.895ms
[2020-01-29T21:35:48.709+0300][5.244s][info ][gc] GC(158) Concurrent Cycle
[2020-01-29T21:35:48.754+0300][5.289s][info ][gc] GC(159) Pause Young (Normal) (G1 Evacuation Pause) 185M->186M(256M) 22.652ms
[2020-01-29T21:35:48.758+0300][5.293s][debug][gc] GC(158) Reclaimed 94 empty regions
[2020-01-29T21:35:48.758+0300][5.293s][info ][gc] GC(158) Pause Remark 193M->100M(256M) 0.366ms
[2020-01-29T21:35:48.771+0300][5.306s][info ][gc] GC(160) Pause Young (Normal) (G1 Evacuation Pause) 106M->107M(256M) 10.626ms
[2020-01-29T21:35:48.818+0300][5.353s][info ][gc] GC(161) Pause Young (Normal) (G1 Evacuation Pause) 145M->146M(256M) 29.968ms
[2020-01-29T21:35:48.863+0300][5.398s][info ][gc] GC(162) Pause Young (Normal) (G1 Evacuation Pause) 171M->172M(256M) 33.895ms
[2020-01-29T21:35:48.911+0300][5.446s][info ][gc] GC(163) Pause Young (Normal) (G1 Evacuation Pause) 209M->210M(256M) 29.268ms
[2020-01-29T21:35:48.939+0300][5.475s][info ][gc] GC(164) Pause Young (Normal) (G1 Evacuation Pause) 219M->220M(256M) 24.309ms
[2020-01-29T21:35:48.969+0300][5.504s][info ][gc] GC(165) Pause Young (Normal) (G1 Evacuation Pause) 230M->231M(256M) 25.341ms
[2020-01-29T21:35:48.973+0300][5.508s][info ][gc] GC(158) Pause Cleanup 238M->238M(256M) 0.046ms
[2020-01-29T21:35:48.973+0300][5.508s][info ][gc] GC(158) Concurrent Cycle 264.103ms
[2020-01-29T21:35:48.999+0300][5.534s][info ][gc] GC(166) Pause Young (Normal) (G1 Evacuation Pause) 241M->243M(256M) 24.266ms
[2020-01-29T21:35:49.025+0300][5.560s][info ][gc] GC(167) To-space exhausted
[2020-01-29T21:35:49.025+0300][5.560s][info ][gc] GC(167) Pause Young (Concurrent Start) (G1 Evacuation Pause) 253M->255M(256M) 21.672ms
[2020-01-29T21:35:49.025+0300][5.560s][info ][gc] GC(169) Concurrent Cycle
[2020-01-29T21:35:49.026+0300][5.561s][debug][gc] GC(168) Clear Next Bitmap 0.069ms
[2020-01-29T21:35:49.061+0300][5.596s][info ][gc] GC(168) Pause Full (G1 Evacuation Pause) 255M->67M(256M) 35.350ms
[2020-01-29T21:35:49.061+0300][5.596s][info ][gc] GC(169) Concurrent Cycle 35.788ms
[2020-01-29T21:35:49.118+0300][5.654s][info ][gc] GC(170) Pause Young (Normal) (G1 Evacuation Pause) 117M->117M(256M) 35.942ms
[2020-01-29T21:35:49.153+0300][5.688s][info ][gc] GC(171) Pause Young (Concurrent Start) (G1 Humongous Allocation) 136M->137M(256M) 15.136ms
[2020-01-29T21:35:49.153+0300][5.688s][info ][gc] GC(172) Concurrent Cycle
[2020-01-29T21:35:49.188+0300][5.724s][info ][gc] GC(173) Pause Young (Normal) (G1 Evacuation Pause) 185M->186M(256M) 21.332ms
[2020-01-29T21:35:49.192+0300][5.728s][debug][gc] GC(172) Reclaimed 107 empty regions
[2020-01-29T21:35:49.192+0300][5.728s][info ][gc] GC(172) Pause Remark 194M->89M(256M) 0.451ms
[2020-01-29T21:35:49.206+0300][5.741s][info ][gc] GC(174) Pause Young (Normal) (G1 Evacuation Pause) 93M->94M(256M) 10.575ms
[2020-01-29T21:35:49.254+0300][5.790s][info ][gc] GC(175) Pause Young (Normal) (G1 Evacuation Pause) 136M->136M(256M) 30.595ms
[2020-01-29T21:35:49.306+0300][5.842s][info ][gc] GC(176) Pause Young (Normal) (G1 Evacuation Pause) 165M->166M(256M) 39.126ms
[2020-01-29T21:35:49.362+0300][5.897s][info ][gc] GC(177) Pause Young (Normal) (G1 Evacuation Pause) 205M->206M(256M) 33.125ms
[2020-01-29T21:35:49.363+0300][5.898s][info ][gc] GC(172) Pause Cleanup 207M->207M(256M) 0.049ms
[2020-01-29T21:35:49.363+0300][5.898s][info ][gc] GC(172) Concurrent Cycle 209.582ms
[2020-01-29T21:35:49.393+0300][5.928s][info ][gc] GC(178) Pause Young (Normal) (G1 Evacuation Pause) 215M->216M(256M) 26.590ms
[2020-01-29T21:35:49.408+0300][5.943s][info ][gc] GC(179) Pause Young (Concurrent Start) (G1 Evacuation Pause) 226M->227M(256M) 10.037ms
[2020-01-29T21:35:49.408+0300][5.943s][info ][gc] GC(180) Concurrent Cycle
[2020-01-29T21:35:49.424+0300][5.959s][info ][gc] GC(181) Pause Young (Normal) (G1 Evacuation Pause) 237M->237M(256M) 9.927ms
[2020-01-29T21:35:49.459+0300][5.995s][info ][gc] GC(182) To-space exhausted
[2020-01-29T21:35:49.459+0300][5.995s][info ][gc] GC(182) Pause Young (Normal) (G1 Evacuation Pause) 247M->253M(256M) 15.950ms
[2020-01-29T21:35:49.470+0300][6.006s][info ][gc] GC(183) To-space exhausted
[2020-01-29T21:35:49.471+0300][6.006s][info ][gc] GC(183) Pause Young (Normal) (G1 Evacuation Pause) 255M->255M(256M) 8.972ms
[2020-01-29T21:35:49.471+0300][6.006s][debug][gc] GC(184) Clear Next Bitmap 0.091ms
[2020-01-29T21:35:49.516+0300][6.051s][info ][gc] GC(184) Pause Full (G1 Evacuation Pause) 255M->77M(256M) 44.897ms
[2020-01-29T21:35:49.516+0300][6.052s][info ][gc] GC(180) Concurrent Cycle 108.758ms
[2020-01-29T21:35:49.561+0300][6.096s][info ][gc] GC(185) Pause Young (Normal) (G1 Evacuation Pause) 124M->124M(256M) 25.854ms
[2020-01-29T21:35:49.587+0300][6.122s][info ][gc] GC(186) Pause Young (Concurrent Start) (G1 Humongous Allocation) 136M->137M(256M) 10.347ms
[2020-01-29T21:35:49.587+0300][6.122s][info ][gc] GC(187) Concurrent Cycle
[2020-01-29T21:35:49.620+0300][6.155s][info ][gc] GC(188) Pause Young (Normal) (G1 Evacuation Pause) 185M->185M(256M) 19.987ms
[2020-01-29T21:35:49.621+0300][6.156s][debug][gc] GC(187) Reclaimed 113 empty regions
[2020-01-29T21:35:49.621+0300][6.156s][info ][gc] GC(187) Pause Remark 187M->75M(256M) 0.454ms
[2020-01-29T21:35:49.638+0300][6.174s][info ][gc] GC(189) Pause Young (Normal) (G1 Evacuation Pause) 86M->87M(256M) 11.652ms
[2020-01-29T21:35:49.694+0300][6.229s][info ][gc] GC(190) Pause Young (Normal) (G1 Evacuation Pause) 131M->132M(256M) 32.922ms
[2020-01-29T21:35:49.750+0300][6.285s][info ][gc] GC(191) Pause Young (Normal) (G1 Evacuation Pause) 162M->162M(256M) 37.614ms
[2020-01-29T21:35:49.752+0300][6.287s][info ][gc] GC(187) Pause Cleanup 163M->163M(256M) 0.045ms
[2020-01-29T21:35:49.753+0300][6.288s][info ][gc] GC(187) Concurrent Cycle 165.765ms
[2020-01-29T21:35:49.791+0300][6.326s][info ][gc] GC(192) Pause Young (Concurrent Start) (G1 Humongous Allocation) 163M->164M(256M) 27.947ms
[2020-01-29T21:35:49.791+0300][6.326s][info ][gc] GC(193) Concurrent Cycle
[2020-01-29T21:35:49.798+0300][6.333s][debug][gc] GC(193) Reclaimed 142 empty regions
[2020-01-29T21:35:49.798+0300][6.334s][info ][gc] GC(193) Pause Remark 198M->56M(256M) 0.439ms
[2020-01-29T21:35:49.814+0300][6.349s][info ][gc] GC(194) Pause Young (Normal) (G1 Evacuation Pause) 61M->61M(256M) 13.139ms
[2020-01-29T21:35:49.828+0300][6.363s][info ][gc] GC(193) Pause Cleanup 96M->96M(256M) 0.044ms
[2020-01-29T21:35:49.828+0300][6.363s][info ][gc] GC(193) Concurrent Cycle 37.316ms
[2020-01-29T21:35:49.871+0300][6.406s][info ][gc] GC(195) Pause Young (Prepare Mixed) (G1 Evacuation Pause) 113M->114M(256M) 36.440ms
[2020-01-29T21:35:49.881+0300][6.416s][info ][gc] GC(196) Pause Young (Mixed) (G1 Evacuation Pause) 119M->106M(256M) 7.496ms
[2020-01-29T21:35:49.919+0300][6.454s][info ][gc] GC(197) Pause Young (Concurrent Start) (G1 Evacuation Pause) 144M->144M(256M) 22.832ms
[2020-01-29T21:35:49.919+0300][6.454s][info ][gc] GC(198) Concurrent Cycle
[2020-01-29T21:35:49.977+0300][6.512s][info ][gc] GC(199) Pause Young (Normal) (G1 Evacuation Pause) 190M->191M(256M) 22.347ms
[2020-01-29T21:35:49.993+0300][6.528s][info ][gc] GC(200) Pause Young (Normal) (G1 Evacuation Pause) 202M->203M(256M) 9.463ms
[2020-01-29T21:35:50.010+0300][6.545s][info ][gc] GC(201) Pause Young (Normal) (G1 Evacuation Pause) 213M->214M(256M) 8.480ms
[2020-01-29T21:35:50.023+0300][6.558s][info ][gc] GC(202) Pause Young (Normal) (G1 Evacuation Pause) 224M->224M(256M) 7.874ms
[2020-01-29T21:35:50.036+0300][6.572s][info ][gc] GC(203) Pause Young (Normal) (G1 Evacuation Pause) 234M->235M(256M) 7.947ms
[2020-01-29T21:35:50.053+0300][6.589s][info ][gc] GC(204) To-space exhausted
[2020-01-29T21:35:50.054+0300][6.589s][info ][gc] GC(204) Pause Young (Normal) (G1 Evacuation Pause) 245M->253M(256M) 10.887ms
[2020-01-29T21:35:50.064+0300][6.600s][info ][gc] GC(205) To-space exhausted
[2020-01-29T21:35:50.065+0300][6.600s][info ][gc] GC(205) Pause Young (Normal) (G1 Evacuation Pause) 255M->255M(256M) 10.077ms
[2020-01-29T21:35:50.065+0300][6.600s][debug][gc] GC(206) Clear Next Bitmap 0.065ms
[2020-01-29T21:35:50.148+0300][6.683s][info ][gc] GC(206) Pause Full (G1 Evacuation Pause) 255M->97M(256M) 82.734ms
[2020-01-29T21:35:50.150+0300][6.685s][info ][gc] GC(198) Concurrent Cycle 231.113ms
[2020-01-29T21:35:50.226+0300][6.762s][info ][gc] GC(207) Pause Young (Concurrent Start) (G1 Humongous Allocation) 137M->136M(256M) 22.757ms
[2020-01-29T21:35:50.226+0300][6.762s][info ][gc] GC(208) Concurrent Cycle
[2020-01-29T21:35:50.268+0300][6.803s][info ][gc] GC(209) Pause Young (Normal) (G1 Evacuation Pause) 184M->185M(256M) 20.794ms
[2020-01-29T21:35:50.272+0300][6.808s][debug][gc] GC(208) Reclaimed 82 empty regions
[2020-01-29T21:35:50.272+0300][6.808s][info ][gc] GC(208) Pause Remark 193M->111M(256M) 0.398ms
[2020-01-29T21:35:50.286+0300][6.821s][info ][gc] GC(210) Pause Young (Normal) (G1 Evacuation Pause) 117M->118M(256M) 11.052ms
[2020-01-29T21:35:50.327+0300][6.862s][info ][gc] GC(211) Pause Young (Normal) (G1 Evacuation Pause) 152M->153M(256M) 27.044ms
[2020-01-29T21:35:50.369+0300][6.903s][info ][gc] GC(212) Pause Young (Normal) (G1 Evacuation Pause) 176M->177M(256M) 31.271ms
[2020-01-29T21:35:50.404+0300][6.940s][info ][gc] GC(213) Pause Young (Normal) (G1 Evacuation Pause) 193M->194M(256M) 29.060ms
[2020-01-29T21:35:50.450+0300][6.986s][info ][gc] GC(214) Pause Young (Normal) (G1 Evacuation Pause) 224M->225M(256M) 28.722ms
[2020-01-29T21:35:50.486+0300][7.021s][info ][gc] GC(215) Pause Young (Normal) (G1 Evacuation Pause) 235M->236M(256M) 29.595ms
[2020-01-29T21:35:50.491+0300][7.026s][info ][gc] GC(208) Pause Cleanup 244M->244M(256M) 0.050ms
[2020-01-29T21:35:50.491+0300][7.026s][info ][gc] GC(208) Concurrent Cycle 264.442ms
[2020-01-29T21:35:50.519+0300][7.054s][info ][gc] GC(216) To-space exhausted
[2020-01-29T21:35:50.519+0300][7.054s][info ][gc] GC(216) Pause Young (Prepare Mixed) (G1 Evacuation Pause) 246M->250M(256M) 27.585ms
[2020-01-29T21:35:50.536+0300][7.071s][info ][gc] GC(217) To-space exhausted
[2020-01-29T21:35:50.536+0300][7.071s][info ][gc] GC(217) Pause Young (Mixed) (G1 Evacuation Pause) 255M->255M(256M) 13.879ms
[2020-01-29T21:35:50.565+0300][7.100s][info ][gc] GC(218) Pause Full (G1 Evacuation Pause) 255M->55M(256M) 29.017ms
[2020-01-29T21:35:50.619+0300][7.154s][info ][gc] GC(219) Pause Young (Concurrent Start) (G1 Evacuation Pause) 110M->111M(256M) 31.461ms
[2020-01-29T21:35:50.619+0300][7.154s][info ][gc] GC(220) Concurrent Cycle
[2020-01-29T21:35:50.674+0300][7.209s][info ][gc] GC(221) Pause Young (Normal) (G1 Evacuation Pause) 167M->168M(256M) 26.202ms
[2020-01-29T21:35:50.696+0300][7.231s][info ][gc] GC(222) Pause Young (Normal) (G1 Evacuation Pause) 186M->187M(256M) 13.765ms
[2020-01-29T21:35:50.711+0300][7.246s][info ][gc] GC(223) Pause Young (Normal) (G1 Evacuation Pause) 199M->200M(256M) 8.701ms
[2020-01-29T21:35:50.723+0300][7.258s][info ][gc] GC(224) Pause Young (Normal) (G1 Evacuation Pause) 210M->211M(256M) 7.531ms
[2020-01-29T21:35:50.737+0300][7.271s][info ][gc] GC(225) Pause Young (Normal) (G1 Evacuation Pause) 221M->222M(256M) 7.798ms
[2020-01-29T21:35:50.750+0300][7.285s][info ][gc] GC(226) Pause Young (Normal) (G1 Evacuation Pause) 232M->233M(256M) 7.836ms
[2020-01-29T21:35:50.765+0300][7.300s][info ][gc] GC(227) To-space exhausted
[2020-01-29T21:35:50.765+0300][7.300s][info ][gc] GC(227) Pause Young (Normal) (G1 Evacuation Pause) 243M->245M(256M) 9.890ms
[2020-01-29T21:35:50.790+0300][7.326s][info ][gc] GC(228) To-space exhausted
[2020-01-29T21:35:50.790+0300][7.326s][info ][gc] GC(228) Pause Young (Normal) (G1 Evacuation Pause) 254M->254M(256M) 21.834ms
[2020-01-29T21:35:50.790+0300][7.326s][debug][gc] GC(229) Clear Next Bitmap 0.085ms
[2020-01-29T21:35:50.852+0300][7.388s][info ][gc] GC(229) Pause Full (G1 Evacuation Pause) 254M->110M(256M) 61.681ms
[2020-01-29T21:35:50.852+0300][7.388s][info ][gc] GC(220) Concurrent Cycle 233.961ms
[2020-01-29T21:35:50.889+0300][7.424s][info ][gc] GC(230) Pause Young (Concurrent Start) (G1 Humongous Allocation) 136M->136M(256M) 15.196ms
[2020-01-29T21:35:50.889+0300][7.424s][info ][gc] GC(231) Concurrent Cycle
[2020-01-29T21:35:50.923+0300][7.459s][info ][gc] GC(232) Pause Young (Normal) (G1 Evacuation Pause) 184M->185M(256M) 20.501ms
[2020-01-29T21:35:50.928+0300][7.463s][debug][gc] GC(231) Reclaimed 107 empty regions
[2020-01-29T21:35:50.928+0300][7.463s][info ][gc] GC(231) Pause Remark 193M->88M(256M) 0.398ms
[2020-01-29T21:35:50.942+0300][7.477s][info ][gc] GC(233) Pause Young (Normal) (G1 Evacuation Pause) 93M->94M(256M) 11.571ms
[2020-01-29T21:35:50.993+0300][7.528s][info ][gc] GC(234) Pause Young (Normal) (G1 Evacuation Pause) 137M->138M(256M) 32.512ms
[2020-01-29T21:35:51.045+0300][7.580s][info ][gc] GC(235) Pause Young (Normal) (G1 Evacuation Pause) 166M->167M(256M) 38.743ms
[2020-01-29T21:35:51.065+0300][7.600s][info ][gc] GC(231) Pause Cleanup 191M->191M(256M) 0.062ms
[2020-01-29T21:35:51.065+0300][7.600s][info ][gc] GC(231) Concurrent Cycle 175.753ms
[2020-01-29T21:35:51.103+0300][7.638s][info ][gc] GC(236) Pause Young (Normal) (G1 Evacuation Pause) 206M->206M(256M) 27.798ms
[2020-01-29T21:35:51.114+0300][7.649s][info ][gc] GC(237) Pause Young (Concurrent Start) (G1 Evacuation Pause) 215M->217M(256M) 7.346ms
[2020-01-29T21:35:51.114+0300][7.649s][info ][gc] GC(238) Concurrent Cycle
[2020-01-29T21:35:51.129+0300][7.664s][info ][gc] GC(239) Pause Young (Normal) (G1 Evacuation Pause) 227M->228M(256M) 8.004ms
[2020-01-29T21:35:51.141+0300][7.676s][info ][gc] GC(240) Pause Young (Normal) (G1 Evacuation Pause) 238M->239M(256M) 8.121ms
[2020-01-29T21:35:51.160+0300][7.695s][info ][gc] GC(241) To-space exhausted
[2020-01-29T21:35:51.160+0300][7.695s][info ][gc] GC(241) Pause Young (Normal) (G1 Evacuation Pause) 249M->251M(256M) 15.317ms
[2020-01-29T21:35:51.179+0300][7.715s][info ][gc] GC(242) To-space exhausted
[2020-01-29T21:35:51.179+0300][7.715s][info ][gc] GC(242) Pause Young (Normal) (G1 Evacuation Pause) 255M->255M(256M) 16.167ms
[2020-01-29T21:35:51.179+0300][7.715s][debug][gc] GC(243) Clear Next Bitmap 0.076ms
[2020-01-29T21:35:51.242+0300][7.777s][info ][gc] GC(243) Pause Full (G1 Evacuation Pause) 255M->80M(256M) 62.630ms
[2020-01-29T21:35:51.242+0300][7.778s][info ][gc] GC(238) Concurrent Cycle 128.560ms
[2020-01-29T21:35:51.294+0300][7.829s][info ][gc] GC(244) Pause Young (Normal) (G1 Evacuation Pause) 127M->127M(256M) 31.660ms
[2020-01-29T21:35:51.321+0300][7.856s][info ][gc] GC(245) Pause Young (Concurrent Start) (G1 Humongous Allocation) 137M->138M(256M) 12.318ms
[2020-01-29T21:35:51.321+0300][7.856s][info ][gc] GC(246) Concurrent Cycle
[2020-01-29T21:35:51.334+0300][7.869s][debug][gc] GC(246) Reclaimed 114 empty regions
[2020-01-29T21:35:51.334+0300][7.869s][info ][gc] GC(246) Pause Remark 184M->71M(256M) 0.537ms
[2020-01-29T21:35:51.359+0300][7.895s][info ][gc] GC(247) Pause Young (Normal) (G1 Evacuation Pause) 72M->68M(256M) 24.467ms
[2020-01-29T21:35:51.433+0300][7.969s][info ][gc] GC(248) Pause Young (Normal) (G1 Evacuation Pause) 118M->119M(256M) 51.660ms
[2020-01-29T21:35:51.434+0300][7.969s][info ][gc] GC(246) Pause Cleanup 121M->121M(256M) 0.043ms
[2020-01-29T21:35:51.434+0300][7.970s][info ][gc] GC(246) Concurrent Cycle 113.501ms
[2020-01-29T21:35:51.490+0300][8.025s][info ][gc] GC(249) Pause Young (Normal) (G1 Evacuation Pause) 153M->153M(256M) 42.325ms
[2020-01-29T21:35:51.507+0300][8.042s][info ][gc] GC(250) Pause Young (Concurrent Start) (G1 Humongous Allocation) 156M->157M(256M) 5.293ms
[2020-01-29T21:35:51.507+0300][8.042s][info ][gc] GC(251) Concurrent Cycle
[2020-01-29T21:35:51.516+0300][8.051s][debug][gc] GC(251) Reclaimed 140 empty regions
[2020-01-29T21:35:51.516+0300][8.051s][info ][gc] GC(251) Pause Remark 196M->56M(256M) 0.426ms
[2020-01-29T21:35:51.532+0300][8.067s][info ][gc] GC(252) Pause Young (Normal) (G1 Evacuation Pause) 59M->56M(256M) 14.895ms
[2020-01-29T21:35:51.549+0300][8.084s][info ][gc] GC(251) Pause Cleanup 97M->97M(256M) 0.037ms
[2020-01-29T21:35:51.549+0300][8.084s][info ][gc] GC(251) Concurrent Cycle 41.906ms
[2020-01-29T21:35:51.593+0300][8.128s][info ][gc] GC(253) Pause Young (Normal) (G1 Evacuation Pause) 110M->111M(256M) 38.419ms
[2020-01-29T21:35:51.632+0300][8.167s][info ][gc] GC(254) Pause Young (Concurrent Start) (G1 Evacuation Pause) 147M->148M(256M) 25.205ms
[2020-01-29T21:35:51.632+0300][8.167s][info ][gc] GC(255) Concurrent Cycle
[2020-01-29T21:35:51.674+0300][8.209s][info ][gc] GC(256) Pause Young (Normal) (G1 Evacuation Pause) 193M->194M(256M) 18.823ms
[2020-01-29T21:35:51.687+0300][8.223s][info ][gc] GC(257) Pause Young (Normal) (G1 Evacuation Pause) 204M->204M(256M) 8.681ms
[2020-01-29T21:35:51.699+0300][8.234s][info ][gc] GC(258) Pause Young (Normal) (G1 Evacuation Pause) 214M->215M(256M) 7.173ms
[2020-01-29T21:35:51.711+0300][8.246s][info ][gc] GC(259) Pause Young (Normal) (G1 Evacuation Pause) 225M->226M(256M) 7.458ms
[2020-01-29T21:35:51.722+0300][8.258s][info ][gc] GC(260) Pause Young (Normal) (G1 Evacuation Pause) 236M->237M(256M) 7.611ms
[2020-01-29T21:35:51.739+0300][8.274s][info ][gc] GC(261) To-space exhausted
[2020-01-29T21:35:51.739+0300][8.274s][info ][gc] GC(261) Pause Young (Normal) (G1 Evacuation Pause) 247M->248M(256M) 12.490ms
[2020-01-29T21:35:51.760+0300][8.296s][info ][gc] GC(262) To-space exhausted
[2020-01-29T21:35:51.760+0300][8.296s][info ][gc] GC(262) Pause Young (Normal) (G1 Evacuation Pause) 255M->255M(256M) 18.339ms
[2020-01-29T21:35:51.760+0300][8.296s][debug][gc] GC(263) Clear Next Bitmap 0.065ms
[2020-01-29T21:35:51.814+0300][8.350s][info ][gc] GC(263) Pause Full (G1 Evacuation Pause) 255M->100M(256M) 54.120ms
[2020-01-29T21:35:51.815+0300][8.350s][info ][gc] GC(255) Concurrent Cycle 183.032ms
[2020-01-29T21:35:51.859+0300][8.395s][info ][gc] GC(264) Pause Young (Concurrent Start) (G1 Humongous Allocation) 136M->136M(256M) 19.699ms
[2020-01-29T21:35:51.859+0300][8.395s][info ][gc] GC(265) Concurrent Cycle
[2020-01-29T21:35:51.899+0300][8.434s][info ][gc] GC(266) Pause Young (Normal) (G1 Evacuation Pause) 184M->185M(256M) 20.022ms
[2020-01-29T21:35:51.903+0300][8.438s][debug][gc] GC(265) Reclaimed 97 empty regions
[2020-01-29T21:35:51.903+0300][8.438s][info ][gc] GC(265) Pause Remark 194M->99M(256M) 0.406ms
[2020-01-29T21:35:51.916+0300][8.452s][info ][gc] GC(267) Pause Young (Normal) (G1 Evacuation Pause) 103M->104M(256M) 11.277ms
[2020-01-29T21:35:51.962+0300][8.497s][info ][gc] GC(268) Pause Young (Normal) (G1 Evacuation Pause) 143M->145M(256M) 29.180ms
[2020-01-29T21:35:52.007+0300][8.542s][info ][gc] GC(269) Pause Young (Normal) (G1 Evacuation Pause) 171M->172M(256M) 33.906ms
[2020-01-29T21:35:52.056+0300][8.591s][info ][gc] GC(270) Pause Young (Normal) (G1 Evacuation Pause) 209M->209M(256M) 30.213ms
[2020-01-29T21:35:52.070+0300][8.604s][info ][gc] GC(265) Pause Cleanup 213M->213M(256M) 0.046ms
[2020-01-29T21:35:52.073+0300][8.608s][info ][gc] GC(265) Concurrent Cycle 213.463ms
[2020-01-29T21:35:52.097+0300][8.632s][info ][gc] GC(271) Pause Young (Normal) (G1 Evacuation Pause) 218M->218M(256M) 21.565ms
[2020-01-29T21:35:52.111+0300][8.647s][info ][gc] GC(272) Pause Young (Concurrent Start) (G1 Evacuation Pause) 228M->229M(256M) 8.156ms
[2020-01-29T21:35:52.111+0300][8.647s][info ][gc] GC(273) Concurrent Cycle
[2020-01-29T21:35:52.126+0300][8.662s][info ][gc] GC(274) Pause Young (Normal) (G1 Evacuation Pause) 239M->240M(256M) 8.091ms
[2020-01-29T21:35:52.147+0300][8.682s][info ][gc] GC(275) To-space exhausted
[2020-01-29T21:35:52.147+0300][8.682s][info ][gc] GC(275) Pause Young (Normal) (G1 Evacuation Pause) 250M->252M(256M) 16.426ms
[2020-01-29T21:35:52.160+0300][8.696s][info ][gc] GC(276) To-space exhausted
[2020-01-29T21:35:52.160+0300][8.696s][info ][gc] GC(276) Pause Young (Normal) (G1 Evacuation Pause) 255M->255M(256M) 12.056ms
[2020-01-29T21:35:52.160+0300][8.696s][debug][gc] GC(277) Clear Next Bitmap 0.070ms
[2020-01-29T21:35:52.197+0300][8.732s][info ][gc] GC(277) Pause Full (G1 Evacuation Pause) 255M->71M(256M) 36.318ms
[2020-01-29T21:35:52.197+0300][8.733s][info ][gc] GC(273) Concurrent Cycle 86.002ms
[2020-01-29T21:35:52.246+0300][8.781s][info ][gc] GC(278) Pause Young (Normal) (G1 Evacuation Pause) 121M->121M(256M) 28.209ms
[2020-01-29T21:35:52.276+0300][8.811s][info ][gc] GC(279) Pause Young (Concurrent Start) (G1 Humongous Allocation) 137M->137M(256M) 13.841ms
[2020-01-29T21:35:52.277+0300][8.811s][info ][gc] GC(280) Concurrent Cycle
[2020-01-29T21:35:52.326+0300][8.862s][info ][gc] GC(281) Pause Young (Normal) (G1 Evacuation Pause) 185M->186M(256M) 34.619ms
[2020-01-29T21:35:52.327+0300][8.863s][debug][gc] GC(280) Reclaimed 104 empty regions
[2020-01-29T21:35:52.327+0300][8.863s][info ][gc] GC(280) Pause Remark 186M->83M(256M) 0.541ms
[2020-01-29T21:35:52.345+0300][8.881s][info ][gc] GC(282) Pause Young (Normal) (G1 Evacuation Pause) 95M->96M(256M) 11.916ms
[2020-01-29T21:35:52.393+0300][8.928s][info ][gc] GC(283) Pause Young (Normal) (G1 Evacuation Pause) 137M->138M(256M) 30.465ms
[2020-01-29T21:35:52.440+0300][8.975s][info ][gc] GC(284) Pause Young (Normal) (G1 Evacuation Pause) 166M->167M(256M) 35.268ms
[2020-01-29T21:35:52.457+0300][8.993s][info ][gc] GC(280) Pause Cleanup 200M->200M(256M) 0.045ms
[2020-01-29T21:35:52.458+0300][8.993s][info ][gc] GC(280) Concurrent Cycle 181.722ms
[2020-01-29T21:35:52.491+0300][9.026s][info ][gc] GC(285) Pause Young (Normal) (G1 Evacuation Pause) 206M->207M(256M) 31.110ms
[2020-01-29T21:35:52.502+0300][9.037s][info ][gc] GC(286) Pause Young (Concurrent Start) (G1 Evacuation Pause) 216M->217M(256M) 7.151ms
[2020-01-29T21:35:52.502+0300][9.038s][info ][gc] GC(287) Concurrent Cycle
[2020-01-29T21:35:52.517+0300][9.052s][info ][gc] GC(288) Pause Young (Normal) (G1 Evacuation Pause) 227M->228M(256M) 8.094ms
[2020-01-29T21:35:52.529+0300][9.064s][info ][gc] GC(289) Pause Young (Normal) (G1 Evacuation Pause) 238M->239M(256M) 8.065ms
[2020-01-29T21:35:52.549+0300][9.084s][info ][gc] GC(290) To-space exhausted
[2020-01-29T21:35:52.549+0300][9.084s][info ][gc] GC(290) Pause Young (Normal) (G1 Evacuation Pause) 249M->251M(256M) 15.727ms
[2020-01-29T21:35:52.564+0300][9.100s][info ][gc] GC(291) To-space exhausted
[2020-01-29T21:35:52.565+0300][9.100s][info ][gc] GC(291) Pause Young (Normal) (G1 Evacuation Pause) 255M->255M(256M) 13.627ms
[2020-01-29T21:35:52.565+0300][9.100s][debug][gc] GC(292) Clear Next Bitmap 0.121ms
[2020-01-29T21:35:52.607+0300][9.143s][info ][gc] GC(292) Pause Full (G1 Evacuation Pause) 255M->78M(256M) 42.449ms
[2020-01-29T21:35:52.608+0300][9.143s][info ][gc] GC(287) Concurrent Cycle 105.385ms
[2020-01-29T21:35:52.653+0300][9.188s][info ][gc] GC(293) Pause Young (Normal) (G1 Evacuation Pause) 125M->125M(256M) 25.976ms
[2020-01-29T21:35:52.678+0300][9.213s][info ][gc] GC(294) Pause Young (Concurrent Start) (G1 Humongous Allocation) 137M->137M(256M) 10.409ms
[2020-01-29T21:35:52.678+0300][9.213s][info ][gc] GC(295) Concurrent Cycle
[2020-01-29T21:35:52.710+0300][9.245s][info ][gc] GC(296) Pause Young (Normal) (G1 Evacuation Pause) 185M->186M(256M) 19.683ms
[2020-01-29T21:35:52.711+0300][9.246s][debug][gc] GC(295) Reclaimed 117 empty regions
[2020-01-29T21:35:52.711+0300][9.246s][info ][gc] GC(295) Pause Remark 186M->72M(256M) 0.431ms
[2020-01-29T21:35:52.726+0300][9.261s][info ][gc] GC(297) Pause Young (Normal) (G1 Evacuation Pause) 83M->84M(256M) 9.753ms
[2020-01-29T21:35:52.777+0300][9.312s][info ][gc] GC(298) Pause Young (Normal) (G1 Evacuation Pause) 129M->130M(256M) 33.300ms
[2020-01-29T21:35:52.803+0300][9.338s][info ][gc] GC(295) Pause Cleanup 180M->180M(256M) 0.051ms
[2020-01-29T21:35:52.804+0300][9.339s][info ][gc] GC(295) Concurrent Cycle 125.204ms
[2020-01-29T21:35:52.843+0300][9.378s][info ][gc] GC(299) Pause Young (Normal) (G1 Evacuation Pause) 180M->181M(256M) 39.460ms
[2020-01-29T21:35:52.860+0300][9.395s][info ][gc] GC(300) Pause Young (Concurrent Start) (G1 Evacuation Pause) 196M->197M(256M) 11.186ms
[2020-01-29T21:35:52.860+0300][9.396s][info ][gc] GC(301) Concurrent Cycle
[2020-01-29T21:35:52.879+0300][9.415s][info ][gc] GC(302) Pause Young (Normal) (G1 Evacuation Pause) 207M->208M(256M) 8.579ms
[2020-01-29T21:35:52.891+0300][9.427s][info ][gc] GC(303) Pause Young (Normal) (G1 Evacuation Pause) 218M->219M(256M) 8.112ms
[2020-01-29T21:35:52.904+0300][9.440s][info ][gc] GC(304) Pause Young (Normal) (G1 Evacuation Pause) 229M->230M(256M) 8.095ms
[2020-01-29T21:35:52.916+0300][9.452s][info ][gc] GC(305) Pause Young (Normal) (G1 Evacuation Pause) 240M->241M(256M) 7.853ms
[2020-01-29T21:35:52.939+0300][9.474s][info ][gc] GC(306) To-space exhausted
[2020-01-29T21:35:52.939+0300][9.474s][info ][gc] GC(306) Pause Young (Normal) (G1 Evacuation Pause) 251M->254M(256M) 17.959ms
[2020-01-29T21:35:52.947+0300][9.482s][info ][gc] GC(307) To-space exhausted
[2020-01-29T21:35:52.947+0300][9.482s][info ][gc] GC(307) Pause Young (Normal) (G1 Evacuation Pause) 255M->255M(256M) 7.440ms
[2020-01-29T21:35:52.947+0300][9.483s][debug][gc] GC(308) Clear Next Bitmap 0.070ms
[2020-01-29T21:35:52.993+0300][9.528s][info ][gc] GC(308) Pause Full (G1 Evacuation Pause) 255M->87M(256M) 45.858ms
[2020-01-29T21:35:52.993+0300][9.529s][info ][gc] GC(301) Concurrent Cycle 133.050ms
[2020-01-29T21:35:53.035+0300][9.571s][info ][gc] GC(309) Pause Young (Normal) (G1 Evacuation Pause) 131M->131M(256M) 24.196ms
[2020-01-29T21:35:53.056+0300][9.591s][info ][gc] GC(310) Pause Young (Concurrent Start) (G1 Humongous Allocation) 136M->137M(256M) 7.160ms
[2020-01-29T21:35:53.056+0300][9.591s][info ][gc] GC(311) Concurrent Cycle
[2020-01-29T21:35:53.066+0300][9.601s][debug][gc] GC(311) Reclaimed 123 empty regions
[2020-01-29T21:35:53.066+0300][9.601s][info ][gc] GC(311) Pause Remark 170M->49M(256M) 0.468ms
[2020-01-29T21:35:53.104+0300][9.639s][info ][gc] GC(312) Pause Young (Normal) (G1 Evacuation Pause) 64M->60M(256M) 28.799ms
[2020-01-29T21:35:53.111+0300][9.646s][info ][gc] GC(311) Pause Cleanup 74M->74M(256M) 0.037ms
[2020-01-29T21:35:53.111+0300][9.646s][info ][gc] GC(311) Concurrent Cycle 55.072ms
[2020-01-29T21:35:53.166+0300][9.701s][info ][gc] GC(313) Pause Young (Normal) (G1 Evacuation Pause) 113M->114M(256M) 38.758ms
[2020-01-29T21:35:53.213+0300][9.748s][info ][gc] GC(314) Pause Young (Concurrent Start) (G1 Humongous Allocation) 149M->149M(256M) 23.292ms
[2020-01-29T21:35:53.213+0300][9.748s][info ][gc] GC(315) Concurrent Cycle
[2020-01-29T21:35:53.253+0300][9.789s][info ][gc] GC(316) Pause Young (Normal) (G1 Evacuation Pause) 194M->195M(256M) 19.003ms
[2020-01-29T21:35:53.258+0300][9.794s][debug][gc] GC(315) Reclaimed 95 empty regions
[2020-01-29T21:35:53.258+0300][9.794s][info ][gc] GC(315) Pause Remark 204M->109M(256M) 0.429ms
[2020-01-29T21:35:53.268+0300][9.804s][info ][gc] GC(317) Pause Young (Normal) (G1 Evacuation Pause) 110M->111M(256M) 9.440ms
[2020-01-29T21:35:53.309+0300][9.845s][info ][gc] GC(318) Pause Young (Normal) (G1 Evacuation Pause) 147M->148M(256M) 25.700ms
[2020-01-29T21:35:53.352+0300][9.887s][info ][gc] GC(319) Pause Young (Normal) (G1 Evacuation Pause) 173M->174M(256M) 31.665ms
[2020-01-29T21:35:53.390+0300][9.926s][info ][gc] GC(320) Pause Young (Normal) (G1 Evacuation Pause) 191M->192M(256M) 30.741ms
[2020-01-29T21:35:53.435+0300][9.970s][info ][gc] GC(321) Pause Young (Normal) (G1 Evacuation Pause) 223M->224M(256M) 27.949ms
[2020-01-29T21:35:53.466+0300][10.001s][info ][gc] GC(322) Pause Young (Normal) (G1 Evacuation Pause) 234M->235M(256M) 25.665ms
[2020-01-29T21:35:53.504+0300][10.039s][info ][gc] GC(323) To-space exhausted
[2020-01-29T21:35:53.504+0300][10.039s][info ][gc] GC(323) Pause Young (Normal) (G1 Evacuation Pause) 245M->249M(256M) 33.473ms
[2020-01-29T21:35:53.544+0300][10.079s][info ][gc] GC(324) To-space exhausted
[2020-01-29T21:35:53.544+0300][10.079s][info ][gc] GC(324) Pause Young (Normal) (G1 Evacuation Pause) 255M->255M(256M) 35.822ms
[2020-01-29T21:35:53.544+0300][10.079s][debug][gc] GC(325) Clear Next Bitmap 0.060ms
[2020-01-29T21:35:53.573+0300][10.108s][info ][gc] GC(325) Pause Full (G1 Evacuation Pause) 255M->57M(256M) 28.499ms
[2020-01-29T21:35:53.573+0300][10.108s][info ][gc] GC(315) Concurrent Cycle 360.186ms
[2020-01-29T21:35:53.622+0300][10.158s][info ][gc] GC(326) Pause Young (Normal) (G1 Evacuation Pause) 110M->110M(256M) 28.600ms
[2020-01-29T21:35:53.662+0300][10.197s][info ][gc] GC(327) Pause Young (Concurrent Start) (G1 Humongous Allocation) 137M->137M(256M) 18.239ms
[2020-01-29T21:35:53.662+0300][10.197s][info ][gc] GC(328) Concurrent Cycle
[2020-01-29T21:35:53.700+0300][10.235s][info ][gc] GC(329) Pause Young (Normal) (G1 Evacuation Pause) 184M->185M(256M) 19.776ms
[2020-01-29T21:35:53.704+0300][10.240s][debug][gc] GC(328) Reclaimed 101 empty regions
[2020-01-29T21:35:53.704+0300][10.240s][info ][gc] GC(328) Pause Remark 193M->94M(256M) 0.518ms
[2020-01-29T21:35:53.718+0300][10.253s][info ][gc] GC(330) Pause Young (Normal) (G1 Evacuation Pause) 99M->100M(256M) 11.463ms
[2020-01-29T21:35:53.766+0300][10.301s][info ][gc] GC(331) Pause Young (Normal) (G1 Evacuation Pause) 140M->141M(256M) 30.107ms
[2020-01-29T21:35:53.814+0300][10.349s][info ][gc] GC(332) Pause Young (Normal) (G1 Evacuation Pause) 168M->169M(256M) 35.505ms
[2020-01-29T21:35:53.878+0300][10.413s][info ][gc] GC(333) Pause Young (Normal) (G1 Evacuation Pause) 207M->208M(256M) 44.516ms
[2020-01-29T21:35:53.912+0300][10.446s][info ][gc] GC(334) Pause Young (Normal) (G1 Evacuation Pause) 217M->217M(256M) 27.186ms
[2020-01-29T21:35:53.915+0300][10.450s][info ][gc] GC(328) Pause Cleanup 222M->222M(256M) 0.048ms
[2020-01-29T21:35:53.915+0300][10.450s][info ][gc] GC(328) Concurrent Cycle 252.675ms
[2020-01-29T21:35:53.942+0300][10.477s][info ][gc] GC(335) Pause Young (Normal) (G1 Evacuation Pause) 227M->228M(256M) 24.324ms
[2020-01-29T21:35:53.956+0300][10.490s][info ][gc] GC(336) Pause Young (Concurrent Start) (G1 Evacuation Pause) 238M->239M(256M) 9.577ms
[2020-01-29T21:35:53.956+0300][10.490s][info ][gc] GC(337) Concurrent Cycle
[2020-01-29T21:35:53.980+0300][10.516s][info ][gc] GC(338) To-space exhausted
[2020-01-29T21:35:53.980+0300][10.516s][info ][gc] GC(338) Pause Young (Normal) (G1 Evacuation Pause) 249M->252M(256M) 18.940ms
[2020-01-29T21:35:53.993+0300][10.529s][info ][gc] GC(339) To-space exhausted
[2020-01-29T21:35:53.993+0300][10.529s][info ][gc] GC(339) Pause Young (Normal) (G1 Evacuation Pause) 255M->255M(256M) 11.512ms
[2020-01-29T21:35:53.993+0300][10.529s][debug][gc] GC(340) Clear Next Bitmap 0.096ms
[2020-01-29T21:35:54.034+0300][10.569s][info ][gc] GC(340) Pause Full (G1 Evacuation Pause) 255M->73M(256M) 40.434ms
[2020-01-29T21:35:54.034+0300][10.570s][info ][gc] GC(337) Concurrent Cycle 79.294ms
[2020-01-29T21:35:54.081+0300][10.616s][info ][gc] GC(341) Pause Young (Normal) (G1 Evacuation Pause) 122M->122M(256M) 26.906ms
[2020-01-29T21:35:54.121+0300][10.656s][info ][gc] GC(342) Pause Young (Concurrent Start) (G1 Humongous Allocation) 137M->137M(256M) 13.072ms
[2020-01-29T21:35:54.121+0300][10.656s][info ][gc] GC(343) Concurrent Cycle
[2020-01-29T21:35:54.154+0300][10.689s][info ][gc] GC(344) Pause Young (Normal) (G1 Evacuation Pause) 185M->186M(256M) 19.856ms
[2020-01-29T21:35:54.157+0300][10.691s][debug][gc] GC(343) Reclaimed 111 empty regions
[2020-01-29T21:35:54.157+0300][10.691s][info ][gc] GC(343) Pause Remark 191M->81M(256M) 0.545ms
[2020-01-29T21:35:54.171+0300][10.706s][info ][gc] GC(345) Pause Young (Normal) (G1 Evacuation Pause) 89M->90M(256M) 11.074ms
[2020-01-29T21:35:54.220+0300][10.755s][info ][gc] GC(346) Pause Young (Normal) (G1 Evacuation Pause) 133M->134M(256M) 31.414ms
[2020-01-29T21:35:54.279+0300][10.814s][info ][gc] GC(347) Pause Young (Normal) (G1 Evacuation Pause) 163M->163M(256M) 46.905ms
[2020-01-29T21:35:54.297+0300][10.832s][info ][gc] GC(343) Pause Cleanup 194M->194M(256M) 0.042ms
[2020-01-29T21:35:54.297+0300][10.832s][info ][gc] GC(343) Concurrent Cycle 175.984ms
[2020-01-29T21:35:54.331+0300][10.865s][info ][gc] GC(348) Pause Young (Normal) (G1 Evacuation Pause) 203M->204M(256M) 29.826ms
[2020-01-29T21:35:54.342+0300][10.876s][info ][gc] GC(349) Pause Young (Concurrent Start) (G1 Evacuation Pause) 212M->214M(256M) 7.571ms
[2020-01-29T21:35:54.342+0300][10.876s][info ][gc] GC(350) Concurrent Cycle
[2020-01-29T21:35:54.356+0300][10.891s][info ][gc] GC(351) Pause Young (Normal) (G1 Evacuation Pause) 224M->225M(256M) 8.386ms
[2020-01-29T21:35:54.368+0300][10.903s][info ][gc] GC(352) Pause Young (Normal) (G1 Evacuation Pause) 235M->235M(256M) 7.909ms
[2020-01-29T21:35:54.383+0300][10.918s][info ][gc] GC(353) To-space exhausted
[2020-01-29T21:35:54.383+0300][10.918s][info ][gc] GC(353) Pause Young (Normal) (G1 Evacuation Pause) 245M->248M(256M) 10.811ms
[2020-01-29T21:35:54.405+0300][10.940s][info ][gc] GC(354) To-space exhausted
[2020-01-29T21:35:54.405+0300][10.940s][info ][gc] GC(354) Pause Young (Normal) (G1 Evacuation Pause) 255M->255M(256M) 18.401ms
[2020-01-29T21:35:54.405+0300][10.940s][debug][gc] GC(355) Clear Next Bitmap 0.071ms
[2020-01-29T21:35:54.451+0300][10.986s][info ][gc] GC(355) Pause Full (G1 Evacuation Pause) 255M->84M(256M) 45.254ms
[2020-01-29T21:35:54.451+0300][10.986s][info ][gc] GC(350) Concurrent Cycle 109.447ms
[2020-01-29T21:35:54.494+0300][11.029s][info ][gc] GC(356) Pause Young (Normal) (G1 Evacuation Pause) 129M->129M(256M) 25.476ms
[2020-01-29T21:35:54.517+0300][11.052s][info ][gc] GC(357) Pause Young (Concurrent Start) (G1 Humongous Allocation) 136M->136M(256M) 8.766ms
[2020-01-29T21:35:54.517+0300][11.052s][info ][gc] GC(358) Concurrent Cycle
[2020-01-29T21:35:54.528+0300][11.063s][debug][gc] GC(358) Reclaimed 121 empty regions
[2020-01-29T21:35:54.528+0300][11.063s][info ][gc] GC(358) Pause Remark 180M->61M(256M) 0.440ms
[2020-01-29T21:35:54.547+0300][11.083s][info ][gc] GC(359) Pause Young (Normal) (G1 Evacuation Pause) 65M->62M(256M) 17.763ms
[2020-01-29T21:35:54.566+0300][11.102s][info ][gc] GC(358) Pause Cleanup 110M->110M(256M) 0.037ms
[2020-01-29T21:35:54.566+0300][11.102s][info ][gc] GC(358) Concurrent Cycle 49.838ms
[2020-01-29T21:35:54.608+0300][11.144s][info ][gc] GC(360) Pause Young (Normal) (G1 Evacuation Pause) 114M->115M(256M) 39.872ms
[2020-01-29T21:35:54.657+0300][11.193s][info ][gc] GC(361) Pause Young (Concurrent Start) (G1 Humongous Allocation) 150M->151M(256M) 24.113ms
[2020-01-29T21:35:54.657+0300][11.193s][info ][gc] GC(362) Concurrent Cycle
[2020-01-29T21:35:54.699+0300][11.235s][info ][gc] GC(363) Pause Young (Normal) (G1 Evacuation Pause) 195M->196M(256M) 18.959ms
[2020-01-29T21:35:54.704+0300][11.239s][debug][gc] GC(362) Reclaimed 102 empty regions
[2020-01-29T21:35:54.704+0300][11.239s][info ][gc] GC(362) Pause Remark 205M->103M(256M) 0.447ms
[2020-01-29T21:35:54.713+0300][11.248s][info ][gc] GC(364) Pause Young (Normal) (G1 Evacuation Pause) 104M->105M(256M) 8.591ms
[2020-01-29T21:35:54.756+0300][11.292s][info ][gc] GC(365) Pause Young (Normal) (G1 Evacuation Pause) 143M->144M(256M) 27.425ms
[2020-01-29T21:35:54.800+0300][11.335s][info ][gc] GC(366) Pause Young (Normal) (G1 Evacuation Pause) 170M->170M(256M) 32.151ms
[2020-01-29T21:35:54.852+0300][11.387s][info ][gc] GC(367) Pause Young (Normal) (G1 Evacuation Pause) 208M->209M(256M) 32.718ms
[2020-01-29T21:35:54.883+0300][11.417s][info ][gc] GC(368) Pause Young (Normal) (G1 Evacuation Pause) 218M->219M(256M) 25.991ms
[2020-01-29T21:35:54.916+0300][11.450s][info ][gc] GC(369) Pause Young (Normal) (G1 Evacuation Pause) 229M->230M(256M) 27.236ms
[2020-01-29T21:35:54.948+0300][11.483s][info ][gc] GC(370) Pause Young (Normal) (G1 Evacuation Pause) 240M->240M(256M) 28.055ms
[2020-01-29T21:35:54.953+0300][11.489s][info ][gc] GC(362) Pause Cleanup 248M->248M(256M) 0.047ms
[2020-01-29T21:35:54.954+0300][11.489s][info ][gc] GC(362) Concurrent Cycle 296.672ms
[2020-01-29T21:35:54.990+0300][11.525s][info ][gc] GC(371) To-space exhausted
[2020-01-29T21:35:54.990+0300][11.525s][info ][gc] GC(371) Pause Young (Normal) (G1 Evacuation Pause) 250M->254M(256M) 34.635ms
[2020-01-29T21:35:55.000+0300][11.535s][info ][gc] GC(372) To-space exhausted
[2020-01-29T21:35:55.000+0300][11.535s][info ][gc] GC(372) Pause Young (Concurrent Start) (G1 Evacuation Pause) 255M->255M(256M) 9.540ms
[2020-01-29T21:35:55.000+0300][11.535s][info ][gc] GC(374) Concurrent Cycle
[2020-01-29T21:35:55.000+0300][11.535s][debug][gc] GC(373) Clear Next Bitmap 0.076ms
[2020-01-29T21:35:55.032+0300][11.567s][info ][gc] GC(373) Pause Full (G1 Evacuation Pause) 255M->62M(256M) 31.955ms
[2020-01-29T21:35:55.032+0300][11.567s][info ][gc] GC(374) Concurrent Cycle 32.295ms
[2020-01-29T21:35:55.086+0300][11.620s][info ][gc] GC(375) Pause Young (Normal) (G1 Evacuation Pause) 119M->119M(256M) 30.726ms
[2020-01-29T21:35:55.124+0300][11.660s][info ][gc] GC(376) Pause Young (Concurrent Start) (G1 Humongous Allocation) 137M->137M(256M) 14.330ms
[2020-01-29T21:35:55.124+0300][11.660s][info ][gc] GC(377) Concurrent Cycle
[2020-01-29T21:35:55.158+0300][11.694s][info ][gc] GC(378) Pause Young (Normal) (G1 Evacuation Pause) 185M->186M(256M) 20.459ms
[2020-01-29T21:35:55.162+0300][11.698s][debug][gc] GC(377) Reclaimed 109 empty regions
[2020-01-29T21:35:55.163+0300][11.698s][info ][gc] GC(377) Pause Remark 195M->88M(256M) 0.485ms
[2020-01-29T21:35:55.174+0300][11.709s][info ][gc] GC(379) Pause Young (Normal) (G1 Evacuation Pause) 91M->92M(256M) 9.740ms
[2020-01-29T21:35:55.222+0300][11.757s][info ][gc] GC(380) Pause Young (Normal) (G1 Evacuation Pause) 134M->134M(256M) 30.371ms
[2020-01-29T21:35:55.271+0300][11.806s][info ][gc] GC(381) Pause Young (Normal) (G1 Evacuation Pause) 163M->164M(256M) 37.395ms
[2020-01-29T21:35:55.324+0300][11.859s][info ][gc] GC(382) Pause Young (Normal) (G1 Evacuation Pause) 204M->205M(256M) 32.410ms
[2020-01-29T21:35:55.328+0300][11.863s][info ][gc] GC(377) Pause Cleanup 213M->213M(256M) 0.045ms
[2020-01-29T21:35:55.328+0300][11.863s][info ][gc] GC(377) Concurrent Cycle 203.422ms
[2020-01-29T21:35:55.353+0300][11.888s][info ][gc] GC(383) Pause Young (Normal) (G1 Evacuation Pause) 213M->214M(256M) 24.757ms
[2020-01-29T21:35:55.365+0300][11.901s][info ][gc] GC(384) Pause Young (Concurrent Start) (G1 Evacuation Pause) 224M->226M(256M) 7.868ms
[2020-01-29T21:35:55.365+0300][11.901s][info ][gc] GC(385) Concurrent Cycle
[2020-01-29T21:35:55.380+0300][11.915s][info ][gc] GC(386) Pause Young (Normal) (G1 Evacuation Pause) 236M->236M(256M) 7.683ms
[2020-01-29T21:35:55.396+0300][11.931s][info ][gc] GC(387) To-space exhausted
[2020-01-29T21:35:55.397+0300][11.932s][info ][gc] GC(387) Pause Young (Normal) (G1 Evacuation Pause) 246M->248M(256M) 11.488ms
[2020-01-29T21:35:55.418+0300][11.953s][info ][gc] GC(388) To-space exhausted
[2020-01-29T21:35:55.418+0300][11.953s][info ][gc] GC(388) Pause Young (Normal) (G1 Evacuation Pause) 255M->255M(256M) 18.374ms
[2020-01-29T21:35:55.418+0300][11.953s][debug][gc] GC(389) Clear Next Bitmap 0.085ms
[2020-01-29T21:35:55.461+0300][11.997s][info ][gc] GC(389) Pause Full (G1 Evacuation Pause) 255M->82M(256M) 43.592ms
[2020-01-29T21:35:55.462+0300][11.997s][info ][gc] GC(385) Concurrent Cycle 96.296ms
[2020-01-29T21:35:55.506+0300][12.041s][info ][gc] GC(390) Pause Young (Normal) (G1 Evacuation Pause) 128M->128M(256M) 26.248ms
[2020-01-29T21:35:55.528+0300][12.063s][info ][gc] GC(391) Pause Young (Concurrent Start) (G1 Humongous Allocation) 136M->137M(256M) 8.695ms
[2020-01-29T21:35:55.528+0300][12.063s][info ][gc] GC(392) Concurrent Cycle
[2020-01-29T21:35:55.540+0300][12.075s][debug][gc] GC(392) Reclaimed 119 empty regions
[2020-01-29T21:35:55.540+0300][12.075s][info ][gc] GC(392) Pause Remark 182M->64M(256M) 0.449ms
[2020-01-29T21:35:55.559+0300][12.094s][info ][gc] GC(393) Pause Young (Normal) (G1 Evacuation Pause) 67M->64M(256M) 17.646ms
[2020-01-29T21:35:55.579+0300][12.114s][info ][gc] GC(392) Pause Cleanup 110M->110M(256M) 0.037ms
[2020-01-29T21:35:55.579+0300][12.114s][info ][gc] GC(392) Concurrent Cycle 50.889ms
[2020-01-29T21:35:55.622+0300][12.157s][info ][gc] GC(394) Pause Young (Normal) (G1 Evacuation Pause) 116M->117M(256M) 40.121ms
[2020-01-29T21:35:55.670+0300][12.205s][info ][gc] GC(395) Pause Young (Concurrent Start) (G1 Humongous Allocation) 152M->153M(256M) 23.458ms
[2020-01-29T21:35:55.670+0300][12.205s][info ][gc] GC(396) Concurrent Cycle
[2020-01-29T21:35:55.710+0300][12.245s][info ][gc] GC(397) Pause Young (Normal) (G1 Evacuation Pause) 196M->197M(256M) 17.852ms
[2020-01-29T21:35:55.714+0300][12.249s][debug][gc] GC(396) Reclaimed 103 empty regions
[2020-01-29T21:35:55.714+0300][12.249s][info ][gc] GC(396) Pause Remark 206M->103M(256M) 0.456ms
[2020-01-29T21:35:55.724+0300][12.259s][info ][gc] GC(398) Pause Young (Normal) (G1 Evacuation Pause) 104M->105M(256M) 9.289ms
[2020-01-29T21:35:55.766+0300][12.301s][info ][gc] GC(399) Pause Young (Normal) (G1 Evacuation Pause) 143M->144M(256M) 26.641ms
[2020-01-29T21:35:55.811+0300][12.346s][info ][gc] GC(400) Pause Young (Normal) (G1 Evacuation Pause) 170M->171M(256M) 33.643ms
[2020-01-29T21:35:55.864+0300][12.400s][info ][gc] GC(401) Pause Young (Normal) (G1 Evacuation Pause) 209M->210M(256M) 33.867ms
[2020-01-29T21:35:55.896+0300][12.432s][info ][gc] GC(402) Pause Young (Normal) (G1 Evacuation Pause) 219M->220M(256M) 26.482ms
[2020-01-29T21:35:55.930+0300][12.466s][info ][gc] GC(403) Pause Young (Normal) (G1 Evacuation Pause) 230M->230M(256M) 27.370ms
[2020-01-29T21:35:55.937+0300][12.473s][info ][gc] GC(396) Pause Cleanup 240M->240M(256M) 0.045ms
[2020-01-29T21:35:55.938+0300][12.473s][info ][gc] GC(396) Concurrent Cycle 268.229ms
[2020-01-29T21:35:55.962+0300][12.498s][info ][gc] GC(404) Pause Young (Normal) (G1 Evacuation Pause) 240M->241M(256M) 24.651ms
[2020-01-29T21:35:55.985+0300][12.520s][info ][gc] GC(405) To-space exhausted
[2020-01-29T21:35:55.985+0300][12.520s][info ][gc] GC(405) Pause Young (Concurrent Start) (G1 Evacuation Pause) 251M->254M(256M) 17.932ms
[2020-01-29T21:35:55.985+0300][12.520s][info ][gc] GC(406) Concurrent Cycle
[2020-01-29T21:35:55.995+0300][12.530s][info ][gc] GC(407) To-space exhausted
[2020-01-29T21:35:55.995+0300][12.530s][info ][gc] GC(407) Pause Young (Normal) (G1 Evacuation Pause) 255M->255M(256M) 7.317ms
[2020-01-29T21:35:55.995+0300][12.530s][debug][gc] GC(408) Clear Next Bitmap 0.071ms
[2020-01-29T21:35:56.025+0300][12.560s][info ][gc] GC(408) Pause Full (G1 Evacuation Pause) 255M->61M(256M) 29.953ms
[2020-01-29T21:35:56.026+0300][12.560s][info ][gc] GC(406) Concurrent Cycle 40.073ms
[2020-01-29T21:35:56.074+0300][12.610s][info ][gc] GC(409) Pause Young (Normal) (G1 Evacuation Pause) 113M->113M(256M) 28.971ms
[2020-01-29T21:35:56.117+0300][12.653s][info ][gc] GC(410) Pause Young (Concurrent Start) (G1 Humongous Allocation) 137M->137M(256M) 22.811ms
[2020-01-29T21:35:56.117+0300][12.653s][info ][gc] GC(411) Concurrent Cycle
[2020-01-29T21:35:56.140+0300][12.675s][debug][gc] GC(411) Reclaimed 104 empty regions
[2020-01-29T21:35:56.140+0300][12.675s][info ][gc] GC(411) Pause Remark 157M->55M(256M) 0.795ms
[2020-01-29T21:35:56.177+0300][12.712s][info ][gc] GC(412) Pause Young (Normal) (G1 Evacuation Pause) 83M->78M(256M) 20.512ms
[2020-01-29T21:35:56.195+0300][12.730s][info ][gc] GC(411) Pause Cleanup 116M->116M(256M) 0.041ms
[2020-01-29T21:35:56.196+0300][12.730s][info ][gc] GC(411) Concurrent Cycle 77.593ms
[2020-01-29T21:35:56.247+0300][12.783s][info ][gc] GC(413) Pause Young (Normal) (G1 Evacuation Pause) 125M->126M(256M) 48.947ms
[2020-01-29T21:35:56.288+0300][12.823s][info ][gc] GC(414) Pause Young (Concurrent Start) (G1 Evacuation Pause) 158M->158M(256M) 26.584ms
[2020-01-29T21:35:56.288+0300][12.824s][info ][gc] GC(415) Concurrent Cycle
[2020-01-29T21:35:56.333+0300][12.869s][info ][gc] GC(416) Pause Young (Normal) (G1 Evacuation Pause) 200M->201M(256M) 22.723ms
[2020-01-29T21:35:56.344+0300][12.880s][info ][gc] GC(417) Pause Young (Normal) (G1 Evacuation Pause) 209M->209M(256M) 6.751ms
[2020-01-29T21:35:56.356+0300][12.891s][info ][gc] GC(418) Pause Young (Normal) (G1 Evacuation Pause) 219M->220M(256M) 6.960ms
[2020-01-29T21:35:56.368+0300][12.903s][info ][gc] GC(419) Pause Young (Normal) (G1 Evacuation Pause) 230M->231M(256M) 7.490ms
[2020-01-29T21:35:56.379+0300][12.915s][info ][gc] GC(420) Pause Young (Normal) (G1 Evacuation Pause) 241M->242M(256M) 7.253ms
[2020-01-29T21:35:56.403+0300][12.938s][info ][gc] GC(421) To-space exhausted
[2020-01-29T21:35:56.403+0300][12.938s][info ][gc] GC(421) Pause Young (Normal) (G1 Evacuation Pause) 252M->255M(256M) 19.478ms
[2020-01-29T21:35:56.403+0300][12.939s][debug][gc] GC(422) Clear Next Bitmap 0.067ms
[2020-01-29T21:35:56.448+0300][12.983s][info ][gc] GC(422) Pause Full (G1 Evacuation Pause) 255M->84M(256M) 44.300ms
[2020-01-29T21:35:56.448+0300][12.983s][info ][gc] GC(415) Concurrent Cycle 159.510ms
[2020-01-29T21:35:56.490+0300][13.025s][info ][gc] GC(423) Pause Young (Normal) (G1 Evacuation Pause) 129M->129M(256M) 24.116ms
[2020-01-29T21:35:56.512+0300][13.047s][info ][gc] GC(424) Pause Young (Concurrent Start) (G1 Humongous Allocation) 137M->138M(256M) 8.717ms
[2020-01-29T21:35:56.512+0300][13.047s][info ][gc] GC(425) Concurrent Cycle
[2020-01-29T21:35:56.524+0300][13.059s][debug][gc] GC(425) Reclaimed 120 empty regions
[2020-01-29T21:35:56.524+0300][13.059s][info ][gc] GC(425) Pause Remark 181M->62M(256M) 0.451ms
[2020-01-29T21:35:56.544+0300][13.079s][info ][gc] GC(426) Pause Young (Normal) (G1 Evacuation Pause) 67M->63M(256M) 18.264ms
[2020-01-29T21:35:56.564+0300][13.099s][info ][gc] GC(425) Pause Cleanup 112M->112M(256M) 0.035ms
[2020-01-29T21:35:56.564+0300][13.099s][info ][gc] GC(425) Concurrent Cycle 51.829ms
[2020-01-29T21:35:56.606+0300][13.141s][info ][gc] GC(427) Pause Young (Normal) (G1 Evacuation Pause) 115M->116M(256M) 40.470ms
[2020-01-29T21:35:56.654+0300][13.190s][info ][gc] GC(428) Pause Young (Concurrent Start) (G1 Humongous Allocation) 151M->151M(256M) 23.821ms
[2020-01-29T21:35:56.654+0300][13.190s][info ][gc] GC(429) Concurrent Cycle
[2020-01-29T21:35:56.696+0300][13.231s][info ][gc] GC(430) Pause Young (Normal) (G1 Evacuation Pause) 195M->196M(256M) 18.187ms
[2020-01-29T21:35:56.700+0300][13.235s][debug][gc] GC(429) Reclaimed 103 empty regions
[2020-01-29T21:35:56.700+0300][13.235s][info ][gc] GC(429) Pause Remark 205M->102M(256M) 0.446ms
[2020-01-29T21:35:56.710+0300][13.245s][info ][gc] GC(431) Pause Young (Normal) (G1 Evacuation Pause) 103M->104M(256M) 9.278ms
[2020-01-29T21:35:56.752+0300][13.288s][info ][gc] GC(432) Pause Young (Normal) (G1 Evacuation Pause) 143M->144M(256M) 27.091ms
[2020-01-29T21:35:56.796+0300][13.332s][info ][gc] GC(433) Pause Young (Normal) (G1 Evacuation Pause) 170M->171M(256M) 32.961ms
[2020-01-29T21:35:56.850+0300][13.385s][info ][gc] GC(434) Pause Young (Normal) (G1 Evacuation Pause) 209M->210M(256M) 33.248ms
[2020-01-29T21:35:56.882+0300][13.417s][info ][gc] GC(435) Pause Young (Normal) (G1 Evacuation Pause) 219M->219M(256M) 25.583ms
[2020-01-29T21:35:56.914+0300][13.449s][info ][gc] GC(436) Pause Young (Normal) (G1 Evacuation Pause) 229M->230M(256M) 26.594ms
[2020-01-29T21:35:56.946+0300][13.481s][info ][gc] GC(437) Pause Young (Normal) (G1 Evacuation Pause) 240M->240M(256M) 27.897ms
[2020-01-29T21:35:56.951+0300][13.486s][info ][gc] GC(429) Pause Cleanup 247M->247M(256M) 0.046ms
[2020-01-29T21:35:56.951+0300][13.486s][info ][gc] GC(429) Concurrent Cycle 295.825ms
[2020-01-29T21:35:56.986+0300][13.521s][info ][gc] GC(438) To-space exhausted
[2020-01-29T21:35:56.986+0300][13.521s][info ][gc] GC(438) Pause Young (Normal) (G1 Evacuation Pause) 250M->254M(256M) 33.595ms
[2020-01-29T21:35:56.995+0300][13.531s][info ][gc] GC(439) To-space exhausted
[2020-01-29T21:35:56.995+0300][13.531s][info ][gc] GC(439) Pause Young (Concurrent Start) (G1 Evacuation Pause) 255M->255M(256M) 9.579ms
[2020-01-29T21:35:56.995+0300][13.531s][info ][gc] GC(441) Concurrent Cycle
[2020-01-29T21:35:56.996+0300][13.531s][debug][gc] GC(440) Clear Next Bitmap 0.080ms
[2020-01-29T21:35:57.028+0300][13.564s][info ][gc] GC(440) Pause Full (G1 Evacuation Pause) 255M->64M(256M) 32.243ms
[2020-01-29T21:35:57.028+0300][13.564s][info ][gc] GC(441) Concurrent Cycle 32.627ms
[2020-01-29T21:35:57.082+0300][13.618s][info ][gc] GC(442) Pause Young (Normal) (G1 Evacuation Pause) 121M->121M(256M) 31.506ms
[2020-01-29T21:35:57.121+0300][13.657s][info ][gc] GC(443) Pause Young (Concurrent Start) (G1 Humongous Allocation) 137M->137M(256M) 15.777ms
[2020-01-29T21:35:57.121+0300][13.657s][info ][gc] GC(444) Concurrent Cycle
[2020-01-29T21:35:57.155+0300][13.690s][info ][gc] GC(445) Pause Young (Normal) (G1 Evacuation Pause) 185M->186M(256M) 20.549ms
[2020-01-29T21:35:57.159+0300][13.694s][debug][gc] GC(444) Reclaimed 108 empty regions
[2020-01-29T21:35:57.159+0300][13.695s][info ][gc] GC(444) Pause Remark 194M->87M(256M) 0.455ms
[2020-01-29T21:35:57.172+0300][13.708s][info ][gc] GC(446) Pause Young (Normal) (G1 Evacuation Pause) 92M->93M(256M) 10.931ms
[2020-01-29T21:35:57.221+0300][13.756s][info ][gc] GC(447) Pause Young (Normal) (G1 Evacuation Pause) 135M->136M(256M) 31.216ms
[2020-01-29T21:35:57.272+0300][13.807s][info ][gc] GC(448) Pause Young (Normal) (G1 Evacuation Pause) 165M->166M(256M) 38.268ms
[2020-01-29T21:35:57.325+0300][13.860s][info ][gc] GC(449) Pause Young (Normal) (G1 Evacuation Pause) 205M->206M(256M) 32.841ms
[2020-01-29T21:35:57.328+0300][13.863s][info ][gc] GC(444) Pause Cleanup 212M->212M(256M) 0.045ms
[2020-01-29T21:35:57.328+0300][13.863s][info ][gc] GC(444) Concurrent Cycle 206.005ms
[2020-01-29T21:35:57.354+0300][13.888s][info ][gc] GC(450) Pause Young (Normal) (G1 Evacuation Pause) 215M->216M(256M) 24.374ms
[2020-01-29T21:35:57.366+0300][13.901s][info ][gc] GC(451) Pause Young (Concurrent Start) (G1 Evacuation Pause) 226M->227M(256M) 8.190ms
[2020-01-29T21:35:57.366+0300][13.901s][info ][gc] GC(452) Concurrent Cycle
[2020-01-29T21:35:57.379+0300][13.915s][info ][gc] GC(453) Pause Young (Normal) (G1 Evacuation Pause) 237M->238M(256M) 8.030ms
[2020-01-29T21:35:57.398+0300][13.933s][info ][gc] GC(454) To-space exhausted
[2020-01-29T21:35:57.398+0300][13.933s][info ][gc] GC(454) Pause Young (Normal) (G1 Evacuation Pause) 248M->251M(256M) 13.830ms
[2020-01-29T21:35:57.413+0300][13.948s][info ][gc] GC(455) To-space exhausted
[2020-01-29T21:35:57.413+0300][13.948s][info ][gc] GC(455) Pause Young (Normal) (G1 Evacuation Pause) 255M->255M(256M) 13.454ms
[2020-01-29T21:35:57.413+0300][13.949s][debug][gc] GC(456) Clear Next Bitmap 0.070ms
[2020-01-29T21:35:57.459+0300][13.995s][info ][gc] GC(456) Pause Full (G1 Evacuation Pause) 255M->80M(256M) 46.400ms
[2020-01-29T21:35:57.460+0300][13.996s][info ][gc] GC(452) Concurrent Cycle 94.703ms
[2020-01-29T21:35:57.505+0300][14.040s][info ][gc] GC(457) Pause Young (Normal) (G1 Evacuation Pause) 126M->127M(256M) 26.388ms
[2020-01-29T21:35:57.530+0300][14.065s][info ][gc] GC(458) Pause Young (Concurrent Start) (G1 Humongous Allocation) 137M->137M(256M) 10.272ms
[2020-01-29T21:35:57.530+0300][14.065s][info ][gc] GC(459) Concurrent Cycle
[2020-01-29T21:35:57.543+0300][14.078s][debug][gc] GC(459) Reclaimed 117 empty regions
[2020-01-29T21:35:57.543+0300][14.078s][info ][gc] GC(459) Pause Remark 185M->70M(256M) 0.493ms
[2020-01-29T21:35:57.561+0300][14.096s][info ][gc] GC(460) Pause Young (Normal) (G1 Evacuation Pause) 70M->66M(256M) 17.776ms
[2020-01-29T21:35:57.626+0300][14.161s][info ][gc] GC(461) Pause Young (Normal) (G1 Evacuation Pause) 117M->118M(256M) 42.062ms
[2020-01-29T21:35:57.627+0300][14.162s][info ][gc] GC(459) Pause Cleanup 119M->119M(256M) 0.042ms
[2020-01-29T21:35:57.627+0300][14.162s][info ][gc] GC(459) Concurrent Cycle 97.233ms
[2020-01-29T21:35:57.682+0300][14.217s][info ][gc] GC(462) Pause Young (Normal) (G1 Evacuation Pause) 152M->153M(256M) 41.643ms
[2020-01-29T21:35:57.699+0300][14.234s][info ][gc] GC(463) Pause Young (Concurrent Start) (G1 Humongous Allocation) 155M->155M(256M) 5.405ms
[2020-01-29T21:35:57.699+0300][14.234s][info ][gc] GC(464) Concurrent Cycle
[2020-01-29T21:35:57.708+0300][14.242s][debug][gc] GC(464) Reclaimed 141 empty regions
[2020-01-29T21:35:57.708+0300][14.242s][info ][gc] GC(464) Pause Remark 193M->52M(256M) 0.480ms
[2020-01-29T21:35:57.725+0300][14.260s][info ][gc] GC(465) Pause Young (Normal) (G1 Evacuation Pause) 57M->57M(256M) 15.217ms
[2020-01-29T21:35:57.741+0300][14.275s][info ][gc] GC(464) Pause Cleanup 95M->95M(256M) 0.042ms
[2020-01-29T21:35:57.741+0300][14.276s][info ][gc] GC(464) Concurrent Cycle 41.743ms
[2020-01-29T21:35:57.785+0300][14.320s][info ][gc] GC(466) Pause Young (Normal) (G1 Evacuation Pause) 110M->110M(256M) 38.302ms
[2020-01-29T21:35:57.825+0300][14.360s][info ][gc] GC(467) Pause Young (Concurrent Start) (G1 Evacuation Pause) 147M->148M(256M) 24.987ms
[2020-01-29T21:35:57.825+0300][14.360s][info ][gc] GC(468) Concurrent Cycle
[2020-01-29T21:35:57.867+0300][14.402s][info ][gc] GC(469) Pause Young (Normal) (G1 Evacuation Pause) 193M->193M(256M) 18.781ms
[2020-01-29T21:35:57.880+0300][14.416s][info ][gc] GC(470) Pause Young (Normal) (G1 Evacuation Pause) 204M->205M(256M) 8.735ms
[2020-01-29T21:35:57.892+0300][14.427s][info ][gc] GC(471) Pause Young (Normal) (G1 Evacuation Pause) 215M->217M(256M) 7.493ms
[2020-01-29T21:35:57.904+0300][14.440s][info ][gc] GC(472) Pause Young (Normal) (G1 Evacuation Pause) 227M->228M(256M) 8.112ms
[2020-01-29T21:35:57.918+0300][14.453s][info ][gc] GC(473) Pause Young (Normal) (G1 Evacuation Pause) 238M->239M(256M) 8.392ms
[2020-01-29T21:35:57.938+0300][14.473s][info ][gc] GC(474) To-space exhausted
[2020-01-29T21:35:57.938+0300][14.473s][info ][gc] GC(474) Pause Young (Normal) (G1 Evacuation Pause) 249M->252M(256M) 15.555ms
[2020-01-29T21:35:57.951+0300][14.486s][info ][gc] GC(475) To-space exhausted
[2020-01-29T21:35:57.951+0300][14.486s][info ][gc] GC(475) Pause Young (Normal) (G1 Evacuation Pause) 255M->255M(256M) 11.402ms
[2020-01-29T21:35:57.951+0300][14.486s][debug][gc] GC(476) Clear Next Bitmap 0.089ms
[2020-01-29T21:35:58.005+0300][14.540s][info ][gc] GC(476) Pause Full (G1 Evacuation Pause) 255M->98M(256M) 53.912ms
[2020-01-29T21:35:58.006+0300][14.541s][info ][gc] GC(468) Concurrent Cycle 180.849ms
[2020-01-29T21:35:58.053+0300][14.588s][info ][gc] GC(477) Pause Young (Concurrent Start) (G1 Humongous Allocation) 136M->136M(256M) 21.113ms
[2020-01-29T21:35:58.053+0300][14.588s][info ][gc] GC(478) Concurrent Cycle
[2020-01-29T21:35:58.094+0300][14.629s][info ][gc] GC(479) Pause Young (Normal) (G1 Evacuation Pause) 185M->186M(256M) 20.742ms
[2020-01-29T21:35:58.099+0300][14.634s][debug][gc] GC(478) Reclaimed 95 empty regions
[2020-01-29T21:35:58.099+0300][14.634s][info ][gc] GC(478) Pause Remark 188M->94M(256M) 0.564ms
[2020-01-29T21:35:58.125+0300][14.661s][info ][gc] GC(480) Pause Young (Normal) (G1 Evacuation Pause) 105M->105M(256M) 16.450ms
[2020-01-29T21:35:58.171+0300][14.707s][info ][gc] GC(481) Pause Young (Normal) (G1 Evacuation Pause) 143M->144M(256M) 28.918ms
[2020-01-29T21:35:58.217+0300][14.753s][info ][gc] GC(482) Pause Young (Normal) (G1 Evacuation Pause) 170M->171M(256M) 35.100ms
[2020-01-29T21:35:58.270+0300][14.805s][info ][gc] GC(483) Pause Young (Normal) (G1 Evacuation Pause) 209M->210M(256M) 30.971ms
[2020-01-29T21:35:58.273+0300][14.808s][info ][gc] GC(478) Pause Cleanup 214M->214M(256M) 0.044ms
[2020-01-29T21:35:58.274+0300][14.809s][info ][gc] GC(478) Concurrent Cycle 221.536ms
[2020-01-29T21:35:58.298+0300][14.834s][info ][gc] GC(484) Pause Young (Normal) (G1 Evacuation Pause) 219M->219M(256M) 22.509ms
[2020-01-29T21:35:58.311+0300][14.846s][info ][gc] GC(485) Pause Young (Concurrent Start) (G1 Evacuation Pause) 229M->229M(256M) 8.205ms
[2020-01-29T21:35:58.311+0300][14.846s][info ][gc] GC(486) Concurrent Cycle
[2020-01-29T21:35:58.327+0300][14.862s][info ][gc] GC(487) Pause Young (Normal) (G1 Evacuation Pause) 239M->240M(256M) 9.214ms
[2020-01-29T21:35:58.350+0300][14.885s][info ][gc] GC(488) To-space exhausted
[2020-01-29T21:35:58.350+0300][14.885s][info ][gc] GC(488) Pause Young (Normal) (G1 Evacuation Pause) 250M->252M(256M) 17.973ms
[2020-01-29T21:35:58.363+0300][14.898s][info ][gc] GC(489) To-space exhausted
[2020-01-29T21:35:58.363+0300][14.898s][info ][gc] GC(489) Pause Young (Normal) (G1 Evacuation Pause) 255M->255M(256M) 11.318ms
[2020-01-29T21:35:58.363+0300][14.898s][debug][gc] GC(490) Clear Next Bitmap 0.071ms
[2020-01-29T21:35:58.401+0300][14.936s][info ][gc] GC(490) Pause Full (G1 Evacuation Pause) 255M->72M(256M) 37.207ms
[2020-01-29T21:35:58.401+0300][14.936s][info ][gc] GC(486) Concurrent Cycle 89.440ms
[2020-01-29T21:35:58.448+0300][14.983s][info ][gc] GC(491) Pause Young (Normal) (G1 Evacuation Pause) 121M->121M(256M) 27.422ms
[2020-01-29T21:35:58.477+0300][15.012s][info ][gc] GC(492) Pause Young (Concurrent Start) (G1 Humongous Allocation) 136M->137M(256M) 12.821ms
[2020-01-29T21:35:58.477+0300][15.012s][info ][gc] GC(493) Concurrent Cycle
[2020-01-29T21:35:58.510+0300][15.046s][info ][gc] GC(494) Pause Young (Normal) (G1 Evacuation Pause) 185M->185M(256M) 20.700ms
[2020-01-29T21:35:58.514+0300][15.050s][debug][gc] GC(493) Reclaimed 111 empty regions
[2020-01-29T21:35:58.514+0300][15.050s][info ][gc] GC(493) Pause Remark 191M->83M(256M) 0.479ms
[2020-01-29T21:35:58.528+0300][15.064s][info ][gc] GC(495) Pause Young (Normal) (G1 Evacuation Pause) 89M->90M(256M) 10.496ms
[2020-01-29T21:35:58.576+0300][15.112s][info ][gc] GC(496) Pause Young (Normal) (G1 Evacuation Pause) 133M->134M(256M) 31.032ms
[2020-01-29T21:35:58.626+0300][15.161s][info ][gc] GC(497) Pause Young (Normal) (G1 Evacuation Pause) 163M->164M(256M) 37.630ms
[2020-01-29T21:35:58.647+0300][15.182s][info ][gc] GC(493) Pause Cleanup 203M->203M(256M) 0.042ms
[2020-01-29T21:35:58.647+0300][15.183s][info ][gc] GC(493) Concurrent Cycle 170.255ms
[2020-01-29T21:35:58.678+0300][15.213s][info ][gc] GC(498) Pause Young (Normal) (G1 Evacuation Pause) 204M->205M(256M) 30.175ms
[2020-01-29T21:35:58.689+0300][15.224s][info ][gc] GC(499) Pause Young (Concurrent Start) (G1 Evacuation Pause) 213M->213M(256M) 7.686ms
[2020-01-29T21:35:58.689+0300][15.224s][info ][gc] GC(500) Concurrent Cycle
[2020-01-29T21:35:58.704+0300][15.239s][info ][gc] GC(501) Pause Young (Normal) (G1 Evacuation Pause) 223M->224M(256M) 8.345ms
[2020-01-29T21:35:58.716+0300][15.251s][info ][gc] GC(502) Pause Young (Normal) (G1 Evacuation Pause) 234M->235M(256M) 7.754ms
[2020-01-29T21:35:58.731+0300][15.266s][info ][gc] GC(503) To-space exhausted
[2020-01-29T21:35:58.731+0300][15.267s][info ][gc] GC(503) Pause Young (Normal) (G1 Evacuation Pause) 245M->248M(256M) 10.780ms
[2020-01-29T21:35:58.753+0300][15.288s][info ][gc] GC(504) To-space exhausted
[2020-01-29T21:35:58.753+0300][15.288s][info ][gc] GC(504) Pause Young (Normal) (G1 Evacuation Pause) 255M->255M(256M) 18.348ms
[2020-01-29T21:35:58.753+0300][15.288s][debug][gc] GC(505) Clear Next Bitmap 0.055ms
[2020-01-29T21:35:58.798+0300][15.334s][info ][gc] GC(505) Pause Full (G1 Evacuation Pause) 255M->83M(256M) 45.480ms
[2020-01-29T21:35:58.798+0300][15.334s][info ][gc] GC(500) Concurrent Cycle 109.673ms
[2020-01-29T21:35:58.842+0300][15.377s][info ][gc] GC(506) Pause Young (Normal) (G1 Evacuation Pause) 128M->128M(256M) 25.820ms
[2020-01-29T21:35:58.865+0300][15.400s][info ][gc] GC(507) Pause Young (Concurrent Start) (G1 Humongous Allocation) 136M->137M(256M) 9.341ms
[2020-01-29T21:35:58.865+0300][15.400s][info ][gc] GC(508) Concurrent Cycle
[2020-01-29T21:35:58.877+0300][15.412s][debug][gc] GC(508) Reclaimed 121 empty regions
[2020-01-29T21:35:58.877+0300][15.412s][info ][gc] GC(508) Pause Remark 183M->64M(256M) 0.461ms
[2020-01-29T21:35:58.897+0300][15.432s][info ][gc] GC(509) Pause Young (Normal) (G1 Evacuation Pause) 66M->62M(256M) 18.479ms
[2020-01-29T21:35:58.916+0300][15.451s][info ][gc] GC(508) Pause Cleanup 105M->105M(256M) 0.042ms
[2020-01-29T21:35:58.916+0300][15.452s][info ][gc] GC(508) Concurrent Cycle 51.318ms
[2020-01-29T21:35:58.962+0300][15.497s][info ][gc] GC(510) Pause Young (Normal) (G1 Evacuation Pause) 114M->115M(256M) 41.140ms
[2020-01-29T21:35:59.011+0300][15.546s][info ][gc] GC(511) Pause Young (Concurrent Start) (G1 Humongous Allocation) 150M->151M(256M) 24.830ms
[2020-01-29T21:35:59.012+0300][15.546s][info ][gc] GC(512) Concurrent Cycle
[2020-01-29T21:35:59.053+0300][15.588s][info ][gc] GC(513) Pause Young (Normal) (G1 Evacuation Pause) 195M->196M(256M) 19.327ms
[2020-01-29T21:35:59.058+0300][15.593s][debug][gc] GC(512) Reclaimed 104 empty regions
[2020-01-29T21:35:59.058+0300][15.593s][info ][gc] GC(512) Pause Remark 205M->101M(256M) 0.501ms
[2020-01-29T21:35:59.066+0300][15.602s][info ][gc] GC(514) Pause Young (Normal) (G1 Evacuation Pause) 102M->102M(256M) 8.559ms
[2020-01-29T21:35:59.110+0300][15.646s][info ][gc] GC(515) Pause Young (Normal) (G1 Evacuation Pause) 141M->142M(256M) 27.977ms
[2020-01-29T21:35:59.178+0300][15.713s][info ][gc] GC(516) Pause Young (Normal) (G1 Evacuation Pause) 169M->169M(256M) 33.892ms
[2020-01-29T21:35:59.195+0300][15.731s][info ][gc] GC(512) Pause Cleanup 185M->185M(256M) 0.041ms
[2020-01-29T21:35:59.195+0300][15.731s][info ][gc] GC(512) Concurrent Cycle 184.434ms
[2020-01-29T21:35:59.223+0300][15.758s][info ][gc] GC(517) Pause Young (Concurrent Start) (G1 Humongous Allocation) 185M->185M(256M) 27.269ms
[2020-01-29T21:35:59.223+0300][15.758s][info ][gc] GC(518) Concurrent Cycle
[2020-01-29T21:35:59.245+0300][15.781s][info ][gc] GC(519) Pause Young (Normal) (G1 Evacuation Pause) 218M->219M(256M) 11.398ms
[2020-01-29T21:35:59.250+0300][15.785s][debug][gc] GC(518) Reclaimed 158 empty regions
[2020-01-29T21:35:59.250+0300][15.785s][info ][gc] GC(518) Pause Remark 229M->71M(256M) 0.472ms
[2020-01-29T21:35:59.258+0300][15.794s][info ][gc] GC(520) Pause Young (Normal) (G1 Evacuation Pause) 71M->72M(256M) 8.311ms
[2020-01-29T21:35:59.311+0300][15.846s][info ][gc] GC(521) Pause Young (Normal) (G1 Evacuation Pause) 121M->122M(256M) 32.643ms
[2020-01-29T21:35:59.364+0300][15.900s][info ][gc] GC(522) Pause Young (Normal) (G1 Evacuation Pause) 155M->156M(256M) 39.914ms
[2020-01-29T21:35:59.372+0300][15.908s][info ][gc] GC(518) Pause Cleanup 166M->166M(256M) 0.048ms
[2020-01-29T21:35:59.373+0300][15.908s][info ][gc] GC(518) Concurrent Cycle 149.798ms
[2020-01-29T21:35:59.408+0300][15.943s][info ][gc] GC(523) Pause Young (Concurrent Start) (G1 Humongous Allocation) 166M->167M(256M) 27.060ms
[2020-01-29T21:35:59.408+0300][15.943s][info ][gc] GC(524) Concurrent Cycle
[2020-01-29T21:35:59.432+0300][15.966s][info ][gc] GC(525) Pause Young (Normal) (G1 Evacuation Pause) 206M->207M(256M) 14.915ms
[2020-01-29T21:35:59.436+0300][15.970s][debug][gc] GC(524) Reclaimed 139 empty regions
[2020-01-29T21:35:59.436+0300][15.970s][info ][gc] GC(524) Pause Remark 214M->75M(256M) 0.533ms
[2020-01-29T21:35:59.443+0300][15.979s][info ][gc] GC(526) Pause Young (Normal) (G1 Evacuation Pause) 77M->78M(256M) 6.875ms
[2020-01-29T21:35:59.497+0300][16.033s][info ][gc] GC(527) Pause Young (Normal) (G1 Evacuation Pause) 125M->126M(256M) 35.037ms
[2020-01-29T21:35:59.551+0300][16.086s][info ][gc] GC(528) Pause Young (Normal) (G1 Evacuation Pause) 158M->159M(256M) 39.289ms
[2020-01-29T21:35:59.557+0300][16.092s][info ][gc] GC(524) Pause Cleanup 167M->167M(256M) 0.054ms
[2020-01-29T21:35:59.557+0300][16.092s][info ][gc] GC(524) Concurrent Cycle 149.628ms
[2020-01-29T21:35:59.595+0300][16.130s][info ][gc] GC(529) Pause Young (Concurrent Start) (G1 Humongous Allocation) 167M->168M(256M) 28.505ms
[2020-01-29T21:35:59.595+0300][16.130s][info ][gc] GC(530) Concurrent Cycle
[2020-01-29T21:35:59.618+0300][16.154s][info ][gc] GC(531) Pause Young (Normal) (G1 Evacuation Pause) 207M->207M(256M) 14.620ms
[2020-01-29T21:35:59.621+0300][16.156s][debug][gc] GC(530) Reclaimed 142 empty regions
[2020-01-29T21:35:59.621+0300][16.156s][info ][gc] GC(530) Pause Remark 212M->70M(256M) 0.492ms
[2020-01-29T21:35:59.630+0300][16.165s][info ][gc] GC(532) Pause Young (Normal) (G1 Evacuation Pause) 74M->75M(256M) 6.698ms
[2020-01-29T21:35:59.680+0300][16.215s][info ][gc] GC(533) Pause Young (Normal) (G1 Evacuation Pause) 123M->124M(256M) 30.841ms
[2020-01-29T21:35:59.734+0300][16.269s][info ][gc] GC(534) Pause Young (Normal) (G1 Evacuation Pause) 156M->157M(256M) 40.050ms
[2020-01-29T21:35:59.739+0300][16.274s][info ][gc] GC(530) Pause Cleanup 164M->164M(256M) 0.050ms
[2020-01-29T21:35:59.739+0300][16.274s][info ][gc] GC(530) Concurrent Cycle 143.889ms
[2020-01-29T21:35:59.775+0300][16.310s][info ][gc] GC(535) Pause Young (Concurrent Start) (G1 Humongous Allocation) 164M->165M(256M) 26.164ms
[2020-01-29T21:35:59.775+0300][16.310s][info ][gc] GC(536) Concurrent Cycle
[2020-01-29T21:35:59.800+0300][16.335s][info ][gc] GC(537) Pause Young (Normal) (G1 Evacuation Pause) 205M->205M(256M) 15.129ms
[2020-01-29T21:35:59.802+0300][16.336s][debug][gc] GC(536) Reclaimed 141 empty regions
[2020-01-29T21:35:59.802+0300][16.336s][info ][gc] GC(536) Pause Remark 207M->66M(256M) 0.589ms
[2020-01-29T21:35:59.812+0300][16.347s][info ][gc] GC(538) Pause Young (Normal) (G1 Evacuation Pause) 73M->74M(256M) 6.810ms
[2020-01-29T21:35:59.864+0300][16.400s][info ][gc] GC(539) Pause Young (Normal) (G1 Evacuation Pause) 122M->123M(256M) 33.195ms
[2020-01-29T21:35:59.917+0300][16.452s][info ][gc] GC(540) Pause Young (Normal) (G1 Evacuation Pause) 156M->158M(256M) 39.058ms
[2020-01-29T21:35:59.917+0300][16.453s][info ][gc] GC(536) Pause Cleanup 158M->158M(256M) 0.045ms
[2020-01-29T21:35:59.918+0300][16.453s][info ][gc] GC(536) Concurrent Cycle 143.520ms
[2020-01-29T21:35:59.961+0300][16.497s][info ][gc] GC(541) Pause Young (Concurrent Start) (G1 Humongous Allocation) 163M->163M(256M) 30.579ms
[2020-01-29T21:35:59.961+0300][16.497s][info ][gc] GC(542) Concurrent Cycle
[2020-01-29T21:35:59.971+0300][16.506s][debug][gc] GC(542) Reclaimed 141 empty regions
[2020-01-29T21:35:59.971+0300][16.507s][info ][gc] GC(542) Pause Remark 203M->62M(256M) 0.476ms
[2020-01-29T21:35:59.986+0300][16.521s][info ][gc] GC(543) Pause Young (Normal) (G1 Evacuation Pause) 62M->59M(256M) 13.711ms
[2020-01-29T21:36:00.003+0300][16.538s][info ][gc] GC(542) Pause Cleanup 102M->102M(256M) 0.041ms
[2020-01-29T21:36:00.003+0300][16.539s][info ][gc] GC(542) Concurrent Cycle 41.936ms
[2020-01-29T21:36:00.045+0300][16.580s][info ][gc] GC(544) Pause Young (Normal) (G1 Evacuation Pause) 112M->112M(256M) 37.479ms
[2020-01-29T21:36:00.085+0300][16.620s][info ][gc] GC(545) Pause Young (Concurrent Start) (G1 Evacuation Pause) 148M->149M(256M) 24.597ms
[2020-01-29T21:36:00.085+0300][16.620s][info ][gc] GC(546) Concurrent Cycle
[2020-01-29T21:36:00.135+0300][16.670s][info ][gc] GC(547) Pause Young (Normal) (G1 Evacuation Pause) 194M->195M(256M) 26.516ms
[2020-01-29T21:36:00.158+0300][16.693s][info ][gc] GC(548) Pause Young (Normal) (G1 Evacuation Pause) 205M->205M(256M) 13.272ms
[2020-01-29T21:36:00.174+0300][16.709s][info ][gc] GC(549) Pause Young (Normal) (G1 Evacuation Pause) 215M->216M(256M) 9.633ms
[2020-01-29T21:36:00.189+0300][16.724s][info ][gc] GC(550) Pause Young (Normal) (G1 Evacuation Pause) 226M->226M(256M) 9.858ms
[2020-01-29T21:36:00.203+0300][16.739s][info ][gc] GC(551) Pause Young (Normal) (G1 Evacuation Pause) 236M->237M(256M) 7.554ms
[2020-01-29T21:36:00.223+0300][16.759s][info ][gc] GC(552) To-space exhausted
[2020-01-29T21:36:00.223+0300][16.759s][info ][gc] GC(552) Pause Young (Normal) (G1 Evacuation Pause) 247M->249M(256M) 15.375ms
[2020-01-29T21:36:00.243+0300][16.779s][info ][gc] GC(553) To-space exhausted
[2020-01-29T21:36:00.244+0300][16.779s][info ][gc] GC(553) Pause Young (Normal) (G1 Evacuation Pause) 255M->255M(256M) 17.083ms
[2020-01-29T21:36:00.244+0300][16.779s][debug][gc] GC(554) Clear Next Bitmap 0.079ms
[2020-01-29T21:36:00.311+0300][16.846s][info ][gc] GC(554) Pause Full (G1 Evacuation Pause) 255M->96M(256M) 67.154ms
[2020-01-29T21:36:00.311+0300][16.847s][info ][gc] GC(546) Concurrent Cycle 226.307ms
[2020-01-29T21:36:00.360+0300][16.895s][info ][gc] GC(555) Pause Young (Concurrent Start) (G1 Humongous Allocation) 136M->136M(256M) 22.511ms
[2020-01-29T21:36:00.360+0300][16.895s][info ][gc] GC(556) Concurrent Cycle
[2020-01-29T21:36:00.402+0300][16.937s][info ][gc] GC(557) Pause Young (Normal) (G1 Evacuation Pause) 184M->185M(256M) 20.567ms
[2020-01-29T21:36:00.407+0300][16.942s][debug][gc] GC(556) Reclaimed 93 empty regions
[2020-01-29T21:36:00.407+0300][16.942s][info ][gc] GC(556) Pause Remark 195M->104M(256M) 0.470ms
[2020-01-29T21:36:00.420+0300][16.955s][info ][gc] GC(558) Pause Young (Normal) (G1 Evacuation Pause) 107M->108M(256M) 11.160ms
[2020-01-29T21:36:00.463+0300][16.998s][info ][gc] GC(559) Pause Young (Normal) (G1 Evacuation Pause) 145M->145M(256M) 28.535ms
[2020-01-29T21:36:00.507+0300][17.042s][info ][gc] GC(560) Pause Young (Normal) (G1 Evacuation Pause) 171M->172M(256M) 32.808ms
[2020-01-29T21:36:00.561+0300][17.095s][info ][gc] GC(561) Pause Young (Normal) (G1 Evacuation Pause) 209M->211M(256M) 33.492ms
[2020-01-29T21:36:00.592+0300][17.128s][info ][gc] GC(562) Pause Young (Normal) (G1 Evacuation Pause) 220M->221M(256M) 27.828ms
[2020-01-29T21:36:00.628+0300][17.163s][info ][gc] GC(563) Pause Young (Normal) (G1 Evacuation Pause) 231M->231M(256M) 28.849ms
[2020-01-29T21:36:00.632+0300][17.168s][info ][gc] GC(556) Pause Cleanup 240M->240M(256M) 0.042ms
[2020-01-29T21:36:00.632+0300][17.168s][info ][gc] GC(556) Concurrent Cycle 272.363ms
[2020-01-29T21:36:00.659+0300][17.194s][info ][gc] GC(564) Pause Young (Normal) (G1 Evacuation Pause) 241M->242M(256M) 25.721ms
[2020-01-29T21:36:00.684+0300][17.219s][info ][gc] GC(565) To-space exhausted
[2020-01-29T21:36:00.684+0300][17.219s][info ][gc] GC(565) Pause Young (Concurrent Start) (G1 Evacuation Pause) 252M->255M(256M) 20.396ms
[2020-01-29T21:36:00.684+0300][17.219s][info ][gc] GC(567) Concurrent Cycle
[2020-01-29T21:36:00.684+0300][17.220s][debug][gc] GC(566) Clear Next Bitmap 0.087ms
[2020-01-29T21:36:00.719+0300][17.255s][info ][gc] GC(566) Pause Full (G1 Evacuation Pause) 255M->67M(256M) 35.462ms
[2020-01-29T21:36:00.720+0300][17.255s][info ][gc] GC(567) Concurrent Cycle 35.803ms
[2020-01-29T21:36:00.766+0300][17.301s][info ][gc] GC(568) Pause Young (Normal) (G1 Evacuation Pause) 117M->117M(256M) 26.922ms
[2020-01-29T21:36:00.800+0300][17.335s][info ][gc] GC(569) Pause Young (Concurrent Start) (G1 Humongous Allocation) 137M->138M(256M) 15.304ms
[2020-01-29T21:36:00.800+0300][17.335s][info ][gc] GC(570) Concurrent Cycle
[2020-01-29T21:36:00.835+0300][17.370s][info ][gc] GC(571) Pause Young (Normal) (G1 Evacuation Pause) 186M->187M(256M) 20.463ms
[2020-01-29T21:36:00.839+0300][17.374s][debug][gc] GC(570) Reclaimed 107 empty regions
[2020-01-29T21:36:00.839+0300][17.374s][info ][gc] GC(570) Pause Remark 195M->89M(256M) 0.470ms
[2020-01-29T21:36:00.851+0300][17.386s][info ][gc] GC(572) Pause Young (Normal) (G1 Evacuation Pause) 93M->94M(256M) 9.709ms
[2020-01-29T21:36:00.899+0300][17.434s][info ][gc] GC(573) Pause Young (Normal) (G1 Evacuation Pause) 136M->137M(256M) 30.954ms
[2020-01-29T21:36:00.947+0300][17.482s][info ][gc] GC(574) Pause Young (Normal) (G1 Evacuation Pause) 165M->166M(256M) 36.564ms
[2020-01-29T21:36:01.000+0300][17.535s][info ][gc] GC(575) Pause Young (Normal) (G1 Evacuation Pause) 205M->207M(256M) 32.010ms
[2020-01-29T21:36:01.031+0300][17.566s][info ][gc] GC(576) Pause Young (Normal) (G1 Evacuation Pause) 216M->216M(256M) 26.453ms
[2020-01-29T21:36:01.032+0300][17.567s][info ][gc] GC(570) Pause Cleanup 217M->217M(256M) 0.044ms
[2020-01-29T21:36:01.032+0300][17.567s][info ][gc] GC(570) Concurrent Cycle 231.985ms
[2020-01-29T21:36:01.060+0300][17.595s][info ][gc] GC(577) Pause Young (Normal) (G1 Evacuation Pause) 226M->227M(256M) 23.847ms
[2020-01-29T21:36:01.072+0300][17.607s][info ][gc] GC(578) Pause Young (Concurrent Start) (G1 Evacuation Pause) 237M->238M(256M) 8.252ms
[2020-01-29T21:36:01.072+0300][17.607s][info ][gc] GC(579) Concurrent Cycle
[2020-01-29T21:36:01.093+0300][17.628s][info ][gc] GC(580) To-space exhausted
[2020-01-29T21:36:01.093+0300][17.628s][info ][gc] GC(580) Pause Young (Normal) (G1 Evacuation Pause) 248M->251M(256M) 14.196ms
[2020-01-29T21:36:01.108+0300][17.643s][info ][gc] GC(581) To-space exhausted
[2020-01-29T21:36:01.108+0300][17.643s][info ][gc] GC(581) Pause Young (Normal) (G1 Evacuation Pause) 255M->255M(256M) 13.505ms
[2020-01-29T21:36:01.108+0300][17.644s][debug][gc] GC(582) Clear Next Bitmap 0.067ms
[2020-01-29T21:36:01.150+0300][17.686s][info ][gc] GC(582) Pause Full (G1 Evacuation Pause) 255M->78M(256M) 42.121ms
[2020-01-29T21:36:01.152+0300][17.687s][info ][gc] GC(579) Concurrent Cycle 79.817ms
[2020-01-29T21:36:01.210+0300][17.745s][info ][gc] GC(583) Pause Young (Normal) (G1 Evacuation Pause) 125M->125M(256M) 33.469ms
[2020-01-29T21:36:01.236+0300][17.770s][info ][gc] GC(584) Pause Young (Concurrent Start) (G1 Humongous Allocation) 136M->137M(256M) 9.912ms
[2020-01-29T21:36:01.236+0300][17.771s][info ][gc] GC(585) Concurrent Cycle
[2020-01-29T21:36:01.268+0300][17.802s][info ][gc] GC(586) Pause Young (Normal) (G1 Evacuation Pause) 185M->186M(256M) 19.745ms
[2020-01-29T21:36:01.269+0300][17.804s][debug][gc] GC(585) Reclaimed 110 empty regions
[2020-01-29T21:36:01.269+0300][17.804s][info ][gc] GC(585) Pause Remark 189M->80M(256M) 0.504ms
[2020-01-29T21:36:01.283+0300][17.818s][info ][gc] GC(587) Pause Young (Normal) (G1 Evacuation Pause) 90M->90M(256M) 9.667ms
[2020-01-29T21:36:01.333+0300][17.868s][info ][gc] GC(588) Pause Young (Normal) (G1 Evacuation Pause) 133M->133M(256M) 32.407ms
[2020-01-29T21:36:01.381+0300][17.916s][info ][gc] GC(589) Pause Young (Normal) (G1 Evacuation Pause) 162M->164M(256M) 36.043ms
[2020-01-29T21:36:01.395+0300][17.931s][info ][gc] GC(585) Pause Cleanup 192M->192M(256M) 0.047ms
[2020-01-29T21:36:01.395+0300][17.931s][info ][gc] GC(585) Concurrent Cycle 160.462ms
[2020-01-29T21:36:01.430+0300][17.966s][info ][gc] GC(590) Pause Young (Normal) (G1 Evacuation Pause) 204M->205M(256M) 29.959ms
[2020-01-29T21:36:01.441+0300][17.977s][info ][gc] GC(591) Pause Young (Concurrent Start) (G1 Evacuation Pause) 213M->214M(256M) 7.530ms
[2020-01-29T21:36:01.441+0300][17.977s][info ][gc] GC(592) Concurrent Cycle
[2020-01-29T21:36:01.455+0300][17.990s][info ][gc] GC(593) Pause Young (Normal) (G1 Evacuation Pause) 224M->225M(256M) 7.107ms
[2020-01-29T21:36:01.467+0300][18.002s][info ][gc] GC(594) Pause Young (Normal) (G1 Evacuation Pause) 235M->235M(256M) 7.812ms
[2020-01-29T21:36:01.482+0300][18.018s][info ][gc] GC(595) To-space exhausted
[2020-01-29T21:36:01.482+0300][18.018s][info ][gc] GC(595) Pause Young (Normal) (G1 Evacuation Pause) 245M->248M(256M) 11.150ms
[2020-01-29T21:36:01.505+0300][18.040s][info ][gc] GC(596) To-space exhausted
[2020-01-29T21:36:01.505+0300][18.040s][info ][gc] GC(596) Pause Young (Normal) (G1 Evacuation Pause) 255M->255M(256M) 18.925ms
[2020-01-29T21:36:01.505+0300][18.040s][debug][gc] GC(597) Clear Next Bitmap 0.074ms
[2020-01-29T21:36:01.550+0300][18.085s][info ][gc] GC(597) Pause Full (G1 Evacuation Pause) 255M->83M(256M) 45.043ms
[2020-01-29T21:36:01.550+0300][18.085s][info ][gc] GC(592) Concurrent Cycle 108.677ms
[2020-01-29T21:36:01.592+0300][18.127s][info ][gc] GC(598) Pause Young (Normal) (G1 Evacuation Pause) 128M->128M(256M) 23.898ms
[2020-01-29T21:36:01.614+0300][18.149s][info ][gc] GC(599) Pause Young (Concurrent Start) (G1 Humongous Allocation) 136M->137M(256M) 8.579ms
[2020-01-29T21:36:01.614+0300][18.149s][info ][gc] GC(600) Concurrent Cycle
[2020-01-29T21:36:01.626+0300][18.161s][debug][gc] GC(600) Reclaimed 120 empty regions
[2020-01-29T21:36:01.626+0300][18.161s][info ][gc] GC(600) Pause Remark 180M->64M(256M) 0.489ms
[2020-01-29T21:36:01.645+0300][18.180s][info ][gc] GC(601) Pause Young (Normal) (G1 Evacuation Pause) 67M->63M(256M) 17.352ms
[2020-01-29T21:36:01.665+0300][18.200s][info ][gc] GC(600) Pause Cleanup 113M->113M(256M) 0.042ms
[2020-01-29T21:36:01.666+0300][18.200s][info ][gc] GC(600) Concurrent Cycle 51.236ms
[2020-01-29T21:36:01.705+0300][18.241s][info ][gc] GC(602) Pause Young (Normal) (G1 Evacuation Pause) 115M->116M(256M) 39.786ms
[2020-01-29T21:36:01.743+0300][18.278s][info ][gc] GC(603) Pause Young (Concurrent Start) (G1 Evacuation Pause) 151M->152M(256M) 23.001ms
[2020-01-29T21:36:01.743+0300][18.278s][info ][gc] GC(604) Concurrent Cycle
[2020-01-29T21:36:01.783+0300][18.319s][info ][gc] GC(605) Pause Young (Normal) (G1 Evacuation Pause) 196M->197M(256M) 18.428ms
[2020-01-29T21:36:01.797+0300][18.332s][info ][gc] GC(606) Pause Young (Normal) (G1 Evacuation Pause) 207M->208M(256M) 8.710ms
[2020-01-29T21:36:01.809+0300][18.344s][info ][gc] GC(607) Pause Young (Normal) (G1 Evacuation Pause) 218M->218M(256M) 7.857ms
[2020-01-29T21:36:01.821+0300][18.356s][info ][gc] GC(608) Pause Young (Normal) (G1 Evacuation Pause) 228M->229M(256M) 7.897ms
[2020-01-29T21:36:01.833+0300][18.368s][info ][gc] GC(609) Pause Young (Normal) (G1 Evacuation Pause) 239M->240M(256M) 7.713ms
[2020-01-29T21:36:01.854+0300][18.389s][info ][gc] GC(610) To-space exhausted
[2020-01-29T21:36:01.854+0300][18.389s][info ][gc] GC(610) Pause Young (Normal) (G1 Evacuation Pause) 250M->252M(256M) 16.654ms
[2020-01-29T21:36:01.867+0300][18.403s][info ][gc] GC(611) To-space exhausted
[2020-01-29T21:36:01.867+0300][18.403s][info ][gc] GC(611) Pause Young (Normal) (G1 Evacuation Pause) 255M->255M(256M) 12.053ms
[2020-01-29T21:36:01.868+0300][18.403s][debug][gc] GC(612) Clear Next Bitmap 0.085ms
[2020-01-29T21:36:01.924+0300][18.459s][info ][gc] GC(612) Pause Full (G1 Evacuation Pause) 255M->97M(256M) 56.258ms
[2020-01-29T21:36:01.924+0300][18.459s][info ][gc] GC(604) Concurrent Cycle 180.997ms
[2020-01-29T21:36:01.972+0300][18.507s][info ][gc] GC(613) Pause Young (Concurrent Start) (G1 Humongous Allocation) 136M->136M(256M) 21.664ms
[2020-01-29T21:36:01.972+0300][18.507s][info ][gc] GC(614) Concurrent Cycle
[2020-01-29T21:36:02.014+0300][18.549s][info ][gc] GC(615) Pause Young (Normal) (G1 Evacuation Pause) 184M->185M(256M) 20.567ms
[2020-01-29T21:36:02.018+0300][18.553s][debug][gc] GC(614) Reclaimed 95 empty regions
[2020-01-29T21:36:02.018+0300][18.553s][info ][gc] GC(614) Pause Remark 194M->101M(256M) 0.591ms
[2020-01-29T21:36:02.032+0300][18.567s][info ][gc] GC(616) Pause Young (Normal) (G1 Evacuation Pause) 105M->106M(256M) 11.593ms
[2020-01-29T21:36:02.075+0300][18.611s][info ][gc] GC(617) Pause Young (Normal) (G1 Evacuation Pause) 144M->145M(256M) 28.394ms
[2020-01-29T21:36:02.119+0300][18.655s][info ][gc] GC(618) Pause Young (Normal) (G1 Evacuation Pause) 171M->172M(256M) 33.289ms
[2020-01-29T21:36:02.151+0300][18.687s][info ][gc] GC(614) Pause Cleanup 207M->207M(256M) 0.044ms
[2020-01-29T21:36:02.152+0300][18.687s][info ][gc] GC(614) Concurrent Cycle 179.804ms
[2020-01-29T21:36:02.182+0300][18.717s][info ][gc] GC(619) Pause Young (Normal) (G1 Evacuation Pause) 209M->210M(256M) 29.208ms
[2020-01-29T21:36:02.193+0300][18.729s][info ][gc] GC(620) Pause Young (Concurrent Start) (G1 Evacuation Pause) 219M->220M(256M) 6.908ms
[2020-01-29T21:36:02.193+0300][18.729s][info ][gc] GC(621) Concurrent Cycle
[2020-01-29T21:36:02.208+0300][18.743s][info ][gc] GC(622) Pause Young (Normal) (G1 Evacuation Pause) 230M->231M(256M) 8.154ms
[2020-01-29T21:36:02.221+0300][18.756s][info ][gc] GC(623) Pause Young (Normal) (G1 Evacuation Pause) 241M->242M(256M) 8.239ms
[2020-01-29T21:36:02.245+0300][18.780s][info ][gc] GC(624) To-space exhausted
[2020-01-29T21:36:02.245+0300][18.780s][info ][gc] GC(624) Pause Young (Normal) (G1 Evacuation Pause) 252M->255M(256M) 19.800ms
[2020-01-29T21:36:02.245+0300][18.781s][debug][gc] GC(625) Clear Next Bitmap 0.067ms
[2020-01-29T21:36:02.280+0300][18.815s][info ][gc] GC(625) Pause Full (G1 Evacuation Pause) 255M->67M(256M) 34.496ms
[2020-01-29T21:36:02.280+0300][18.815s][info ][gc] GC(621) Concurrent Cycle 86.509ms
[2020-01-29T21:36:02.328+0300][18.863s][info ][gc] GC(626) Pause Young (Normal) (G1 Evacuation Pause) 118M->118M(256M) 27.269ms
[2020-01-29T21:36:02.360+0300][18.895s][info ][gc] GC(627) Pause Young (Concurrent Start) (G1 Humongous Allocation) 137M->137M(256M) 14.280ms
[2020-01-29T21:36:02.360+0300][18.895s][info ][gc] GC(628) Concurrent Cycle
[2020-01-29T21:36:02.393+0300][18.929s][info ][gc] GC(629) Pause Young (Normal) (G1 Evacuation Pause) 185M->186M(256M) 20.284ms
[2020-01-29T21:36:02.398+0300][18.933s][debug][gc] GC(628) Reclaimed 106 empty regions
[2020-01-29T21:36:02.398+0300][18.933s][info ][gc] GC(628) Pause Remark 195M->90M(256M) 0.537ms
[2020-01-29T21:36:02.411+0300][18.946s][info ][gc] GC(630) Pause Young (Normal) (G1 Evacuation Pause) 94M->95M(256M) 11.168ms
[2020-01-29T21:36:02.459+0300][18.994s][info ][gc] GC(631) Pause Young (Normal) (G1 Evacuation Pause) 136M->137M(256M) 30.257ms
[2020-01-29T21:36:02.510+0300][19.045s][info ][gc] GC(632) Pause Young (Normal) (G1 Evacuation Pause) 165M->166M(256M) 37.760ms
[2020-01-29T21:36:02.565+0300][19.100s][info ][gc] GC(633) Pause Young (Normal) (G1 Evacuation Pause) 205M->206M(256M) 35.468ms
[2020-01-29T21:36:02.568+0300][19.103s][info ][gc] GC(628) Pause Cleanup 212M->212M(256M) 0.068ms
[2020-01-29T21:36:02.568+0300][19.104s][info ][gc] GC(628) Concurrent Cycle 208.832ms
[2020-01-29T21:36:02.595+0300][19.130s][info ][gc] GC(634) Pause Young (Normal) (G1 Evacuation Pause) 215M->215M(256M) 25.317ms
[2020-01-29T21:36:02.608+0300][19.143s][info ][gc] GC(635) Pause Young (Concurrent Start) (G1 Evacuation Pause) 225M->226M(256M) 8.233ms
[2020-01-29T21:36:02.608+0300][19.143s][info ][gc] GC(636) Concurrent Cycle
[2020-01-29T21:36:02.622+0300][19.157s][info ][gc] GC(637) Pause Young (Normal) (G1 Evacuation Pause) 236M->236M(256M) 7.894ms
[2020-01-29T21:36:02.638+0300][19.174s][info ][gc] GC(638) To-space exhausted
[2020-01-29T21:36:02.639+0300][19.174s][info ][gc] GC(638) Pause Young (Normal) (G1 Evacuation Pause) 246M->248M(256M) 12.185ms
[2020-01-29T21:36:02.662+0300][19.198s][info ][gc] GC(639) To-space exhausted
[2020-01-29T21:36:02.662+0300][19.198s][info ][gc] GC(639) Pause Young (Normal) (G1 Evacuation Pause) 255M->255M(256M) 20.158ms
[2020-01-29T21:36:02.662+0300][19.198s][debug][gc] GC(640) Clear Next Bitmap 0.072ms
[2020-01-29T21:36:02.706+0300][19.241s][info ][gc] GC(640) Pause Full (G1 Evacuation Pause) 255M->81M(256M) 43.392ms
[2020-01-29T21:36:02.707+0300][19.242s][info ][gc] GC(636) Concurrent Cycle 98.764ms
[2020-01-29T21:36:02.751+0300][19.286s][info ][gc] GC(641) Pause Young (Normal) (G1 Evacuation Pause) 127M->128M(256M) 25.716ms
[2020-01-29T21:36:02.775+0300][19.310s][info ][gc] GC(642) Pause Young (Concurrent Start) (G1 Humongous Allocation) 137M->136M(256M) 9.150ms
[2020-01-29T21:36:02.775+0300][19.310s][info ][gc] GC(643) Concurrent Cycle
[2020-01-29T21:36:02.787+0300][19.322s][debug][gc] GC(643) Reclaimed 118 empty regions
[2020-01-29T21:36:02.787+0300][19.322s][info ][gc] GC(643) Pause Remark 183M->67M(256M) 0.508ms
[2020-01-29T21:36:02.806+0300][19.341s][info ][gc] GC(644) Pause Young (Normal) (G1 Evacuation Pause) 68M->64M(256M) 17.796ms
[2020-01-29T21:36:02.869+0300][19.405s][info ][gc] GC(645) Pause Young (Normal) (G1 Evacuation Pause) 116M->117M(256M) 42.835ms
[2020-01-29T21:36:02.870+0300][19.406s][info ][gc] GC(643) Pause Cleanup 118M->118M(256M) 0.048ms
[2020-01-29T21:36:02.871+0300][19.406s][info ][gc] GC(643) Concurrent Cycle 96.734ms
[2020-01-29T21:36:02.938+0300][19.473s][info ][gc] GC(646) Pause Young (Concurrent Start) (G1 Humongous Allocation) 152M->153M(256M) 43.204ms
[2020-01-29T21:36:02.938+0300][19.473s][info ][gc] GC(647) Concurrent Cycle
[2020-01-29T21:36:02.979+0300][19.514s][info ][gc] GC(648) Pause Young (Normal) (G1 Evacuation Pause) 196M->197M(256M) 17.907ms
[2020-01-29T21:36:02.983+0300][19.518s][debug][gc] GC(647) Reclaimed 104 empty regions
[2020-01-29T21:36:02.983+0300][19.518s][info ][gc] GC(647) Pause Remark 206M->102M(256M) 0.485ms
[2020-01-29T21:36:02.993+0300][19.528s][info ][gc] GC(649) Pause Young (Normal) (G1 Evacuation Pause) 103M->104M(256M) 9.206ms
[2020-01-29T21:36:03.036+0300][19.571s][info ][gc] GC(650) Pause Young (Normal) (G1 Evacuation Pause) 143M->144M(256M) 27.165ms
[2020-01-29T21:36:03.080+0300][19.615s][info ][gc] GC(651) Pause Young (Normal) (G1 Evacuation Pause) 170M->171M(256M) 33.244ms
[2020-01-29T21:36:03.135+0300][19.670s][info ][gc] GC(652) Pause Young (Normal) (G1 Evacuation Pause) 209M->210M(256M) 35.146ms
[2020-01-29T21:36:03.164+0300][19.698s][info ][gc] GC(647) Pause Cleanup 211M->211M(256M) 0.071ms
[2020-01-29T21:36:03.167+0300][19.702s][info ][gc] GC(647) Concurrent Cycle 228.238ms
[2020-01-29T21:36:03.192+0300][19.727s][info ][gc] GC(653) Pause Young (Normal) (G1 Evacuation Pause) 219M->220M(256M) 21.026ms
[2020-01-29T21:36:03.205+0300][19.741s][info ][gc] GC(654) Pause Young (Concurrent Start) (G1 Evacuation Pause) 230M->231M(256M) 8.075ms
[2020-01-29T21:36:03.205+0300][19.741s][info ][gc] GC(655) Concurrent Cycle
[2020-01-29T21:36:03.220+0300][19.755s][info ][gc] GC(656) Pause Young (Normal) (G1 Evacuation Pause) 241M->242M(256M) 8.019ms
[2020-01-29T21:36:03.243+0300][19.779s][info ][gc] GC(657) To-space exhausted
[2020-01-29T21:36:03.244+0300][19.779s][info ][gc] GC(657) Pause Young (Normal) (G1 Evacuation Pause) 252M->255M(256M) 18.995ms
[2020-01-29T21:36:03.244+0300][19.779s][debug][gc] GC(658) Clear Next Bitmap 0.071ms
[2020-01-29T21:36:03.275+0300][19.810s][info ][gc] GC(658) Pause Full (G1 Evacuation Pause) 255M->61M(256M) 31.151ms
[2020-01-29T21:36:03.275+0300][19.811s][info ][gc] GC(655) Concurrent Cycle 69.844ms
[2020-01-29T21:36:03.325+0300][19.860s][info ][gc] GC(659) Pause Young (Normal) (G1 Evacuation Pause) 113M->113M(256M) 28.923ms
[2020-01-29T21:36:03.365+0300][19.900s][info ][gc] GC(660) Pause Young (Concurrent Start) (G1 Humongous Allocation) 137M->137M(256M) 19.485ms
[2020-01-29T21:36:03.365+0300][19.900s][info ][gc] GC(661) Concurrent Cycle
[2020-01-29T21:36:03.402+0300][19.937s][info ][gc] GC(662) Pause Young (Normal) (G1 Evacuation Pause) 184M->185M(256M) 20.558ms
[2020-01-29T21:36:03.407+0300][19.942s][debug][gc] GC(661) Reclaimed 100 empty regions
[2020-01-29T21:36:03.407+0300][19.942s][info ][gc] GC(661) Pause Remark 194M->96M(256M) 0.506ms
[2020-01-29T21:36:03.420+0300][19.955s][info ][gc] GC(663) Pause Young (Normal) (G1 Evacuation Pause) 100M->102M(256M) 11.617ms
[2020-01-29T21:36:03.468+0300][20.003s][info ][gc] GC(664) Pause Young (Normal) (G1 Evacuation Pause) 141M->142M(256M) 30.117ms
[2020-01-29T21:36:03.516+0300][20.051s][info ][gc] GC(665) Pause Young (Normal) (G1 Evacuation Pause) 169M->170M(256M) 36.214ms
[2020-01-29T21:36:03.571+0300][20.107s][info ][gc] GC(666) Pause Young (Normal) (G1 Evacuation Pause) 208M->209M(256M) 32.704ms
[2020-01-29T21:36:03.575+0300][20.111s][info ][gc] GC(661) Pause Cleanup 215M->215M(256M) 0.049ms
[2020-01-29T21:36:03.575+0300][20.111s][info ][gc] GC(661) Concurrent Cycle 210.629ms
[2020-01-29T21:36:03.600+0300][20.135s][info ][gc] GC(667) Pause Young (Normal) (G1 Evacuation Pause) 218M->219M(256M) 23.163ms
[2020-01-29T21:36:03.613+0300][20.148s][info ][gc] GC(668) Pause Young (Concurrent Start) (G1 Evacuation Pause) 229M->229M(256M) 8.244ms
[2020-01-29T21:36:03.613+0300][20.148s][info ][gc] GC(669) Concurrent Cycle
[2020-01-29T21:36:03.628+0300][20.163s][info ][gc] GC(670) Pause Young (Normal) (G1 Evacuation Pause) 239M->240M(256M) 8.268ms
[2020-01-29T21:36:03.649+0300][20.184s][info ][gc] GC(671) To-space exhausted
[2020-01-29T21:36:03.649+0300][20.184s][info ][gc] GC(671) Pause Young (Normal) (G1 Evacuation Pause) 250M->254M(256M) 17.075ms
[2020-01-29T21:36:03.657+0300][20.192s][info ][gc] GC(672) To-space exhausted
[2020-01-29T21:36:03.657+0300][20.192s][info ][gc] GC(672) Pause Young (Normal) (G1 Evacuation Pause) 255M->255M(256M) 7.390ms
[2020-01-29T21:36:03.657+0300][20.192s][debug][gc] GC(673) Clear Next Bitmap 0.058ms
[2020-01-29T21:36:03.694+0300][20.229s][info ][gc] GC(673) Pause Full (G1 Evacuation Pause) 255M->71M(256M) 36.634ms
[2020-01-29T21:36:03.694+0300][20.229s][info ][gc] GC(669) Concurrent Cycle 81.113ms
[2020-01-29T21:36:03.742+0300][20.277s][info ][gc] GC(674) Pause Young (Normal) (G1 Evacuation Pause) 120M->120M(256M) 27.436ms
[2020-01-29T21:36:03.773+0300][20.308s][info ][gc] GC(675) Pause Young (Concurrent Start) (G1 Humongous Allocation) 137M->137M(256M) 13.953ms
[2020-01-29T21:36:03.773+0300][20.308s][info ][gc] GC(676) Concurrent Cycle
[2020-01-29T21:36:03.806+0300][20.341s][info ][gc] GC(677) Pause Young (Normal) (G1 Evacuation Pause) 185M->186M(256M) 20.265ms
[2020-01-29T21:36:03.810+0300][20.345s][debug][gc] GC(676) Reclaimed 108 empty regions
[2020-01-29T21:36:03.810+0300][20.345s][info ][gc] GC(676) Pause Remark 195M->89M(256M) 0.559ms
[2020-01-29T21:36:03.823+0300][20.358s][info ][gc] GC(678) Pause Young (Normal) (G1 Evacuation Pause) 92M->93M(256M) 10.825ms
[2020-01-29T21:36:03.871+0300][20.406s][info ][gc] GC(679) Pause Young (Normal) (G1 Evacuation Pause) 135M->135M(256M) 30.612ms
[2020-01-29T21:36:03.921+0300][20.456s][info ][gc] GC(680) Pause Young (Normal) (G1 Evacuation Pause) 164M->165M(256M) 38.065ms
[2020-01-29T21:36:03.973+0300][20.509s][info ][gc] GC(681) Pause Young (Normal) (G1 Evacuation Pause) 205M->206M(256M) 32.397ms
[2020-01-29T21:36:03.976+0300][20.512s][info ][gc] GC(676) Pause Cleanup 211M->211M(256M) 0.047ms
[2020-01-29T21:36:03.976+0300][20.512s][info ][gc] GC(676) Concurrent Cycle 204.105ms
[2020-01-29T21:36:04.003+0300][20.538s][info ][gc] GC(682) Pause Young (Normal) (G1 Evacuation Pause) 214M->215M(256M) 24.498ms
[2020-01-29T21:36:04.015+0300][20.550s][info ][gc] GC(683) Pause Young (Concurrent Start) (G1 Evacuation Pause) 225M->226M(256M) 8.139ms
[2020-01-29T21:36:04.015+0300][20.550s][info ][gc] GC(684) Concurrent Cycle
[2020-01-29T21:36:04.029+0300][20.565s][info ][gc] GC(685) Pause Young (Normal) (G1 Evacuation Pause) 236M->237M(256M) 7.684ms
[2020-01-29T21:36:04.047+0300][20.582s][info ][gc] GC(686) To-space exhausted
[2020-01-29T21:36:04.047+0300][20.582s][info ][gc] GC(686) Pause Young (Normal) (G1 Evacuation Pause) 247M->250M(256M) 13.262ms
[2020-01-29T21:36:04.063+0300][20.599s][info ][gc] GC(687) To-space exhausted
[2020-01-29T21:36:04.063+0300][20.599s][info ][gc] GC(687) Pause Young (Normal) (G1 Evacuation Pause) 255M->255M(256M) 14.420ms
[2020-01-29T21:36:04.063+0300][20.599s][debug][gc] GC(688) Clear Next Bitmap 0.073ms
[2020-01-29T21:36:04.105+0300][20.641s][info ][gc] GC(688) Pause Full (G1 Evacuation Pause) 255M->80M(256M) 41.943ms
[2020-01-29T21:36:04.106+0300][20.641s][info ][gc] GC(684) Concurrent Cycle 90.673ms
[2020-01-29T21:36:04.159+0300][20.694s][info ][gc] GC(689) Pause Young (Normal) (G1 Evacuation Pause) 126M->126M(256M) 28.584ms
[2020-01-29T21:36:04.185+0300][20.720s][info ][gc] GC(690) Pause Young (Concurrent Start) (G1 Humongous Allocation) 137M->137M(256M) 10.124ms
[2020-01-29T21:36:04.185+0300][20.720s][info ][gc] GC(691) Concurrent Cycle
[2020-01-29T21:36:04.198+0300][20.733s][debug][gc] GC(691) Reclaimed 117 empty regions
[2020-01-29T21:36:04.198+0300][20.733s][info ][gc] GC(691) Pause Remark 185M->71M(256M) 0.540ms
[2020-01-29T21:36:04.216+0300][20.752s][info ][gc] GC(692) Pause Young (Normal) (G1 Evacuation Pause) 71M->66M(256M) 18.117ms
[2020-01-29T21:36:04.280+0300][20.815s][info ][gc] GC(693) Pause Young (Normal) (G1 Evacuation Pause) 117M->118M(256M) 42.010ms
[2020-01-29T21:36:04.283+0300][20.818s][info ][gc] GC(691) Pause Cleanup 122M->122M(256M) 0.040ms
[2020-01-29T21:36:04.283+0300][20.819s][info ][gc] GC(691) Concurrent Cycle 98.772ms
[2020-01-29T21:36:04.337+0300][20.873s][info ][gc] GC(694) Pause Young (Normal) (G1 Evacuation Pause) 152M->153M(256M) 41.994ms
[2020-01-29T21:36:04.354+0300][20.890s][info ][gc] GC(695) Pause Young (Concurrent Start) (G1 Humongous Allocation) 155M->155M(256M) 5.775ms
[2020-01-29T21:36:04.354+0300][20.890s][info ][gc] GC(696) Concurrent Cycle
[2020-01-29T21:36:04.363+0300][20.899s][debug][gc] GC(696) Reclaimed 136 empty regions
[2020-01-29T21:36:04.363+0300][20.899s][info ][gc] GC(696) Pause Remark 194M->58M(256M) 0.572ms
[2020-01-29T21:36:04.381+0300][20.916s][info ][gc] GC(697) Pause Young (Normal) (G1 Evacuation Pause) 62M->61M(256M) 15.192ms
[2020-01-29T21:36:04.397+0300][20.933s][info ][gc] GC(696) Pause Cleanup 101M->101M(256M) 0.041ms
[2020-01-29T21:36:04.398+0300][20.933s][info ][gc] GC(696) Concurrent Cycle 43.105ms
[2020-01-29T21:36:04.441+0300][20.976s][info ][gc] GC(698) Pause Young (Normal) (G1 Evacuation Pause) 113M->114M(256M) 37.908ms
[2020-01-29T21:36:04.479+0300][21.014s][info ][gc] GC(699) Pause Young (Concurrent Start) (G1 Evacuation Pause) 149M->150M(256M) 23.272ms
[2020-01-29T21:36:04.479+0300][21.014s][info ][gc] GC(700) Concurrent Cycle
[2020-01-29T21:36:04.519+0300][21.055s][info ][gc] GC(701) Pause Young (Normal) (G1 Evacuation Pause) 194M->195M(256M) 18.827ms
[2020-01-29T21:36:04.532+0300][21.068s][info ][gc] GC(702) Pause Young (Normal) (G1 Evacuation Pause) 205M->205M(256M) 8.629ms
[2020-01-29T21:36:04.544+0300][21.079s][info ][gc] GC(703) Pause Young (Normal) (G1 Evacuation Pause) 215M->216M(256M) 7.191ms
[2020-01-29T21:36:04.557+0300][21.092s][info ][gc] GC(704) Pause Young (Normal) (G1 Evacuation Pause) 226M->227M(256M) 8.381ms
[2020-01-29T21:36:04.569+0300][21.104s][info ][gc] GC(705) Pause Young (Normal) (G1 Evacuation Pause) 237M->238M(256M) 7.433ms
[2020-01-29T21:36:04.587+0300][21.122s][info ][gc] GC(706) To-space exhausted
[2020-01-29T21:36:04.587+0300][21.122s][info ][gc] GC(706) Pause Young (Normal) (G1 Evacuation Pause) 248M->251M(256M) 13.520ms
[2020-01-29T21:36:04.602+0300][21.137s][info ][gc] GC(707) To-space exhausted
[2020-01-29T21:36:04.602+0300][21.137s][info ][gc] GC(707) Pause Young (Normal) (G1 Evacuation Pause) 255M->255M(256M) 13.438ms
[2020-01-29T21:36:04.602+0300][21.137s][debug][gc] GC(708) Clear Next Bitmap 0.071ms
[2020-01-29T21:36:04.654+0300][21.189s][info ][gc] GC(708) Pause Full (G1 Evacuation Pause) 255M->94M(256M) 52.034ms
[2020-01-29T21:36:04.657+0300][21.192s][info ][gc] GC(700) Concurrent Cycle 178.508ms
[2020-01-29T21:36:04.710+0300][21.245s][info ][gc] GC(709) Pause Young (Concurrent Start) (G1 Humongous Allocation) 136M->136M(256M) 23.837ms
[2020-01-29T21:36:04.711+0300][21.245s][info ][gc] GC(710) Concurrent Cycle
[2020-01-29T21:36:04.755+0300][21.291s][info ][gc] GC(711) Pause Young (Normal) (G1 Evacuation Pause) 184M->185M(256M) 23.068ms
[2020-01-29T21:36:04.760+0300][21.295s][debug][gc] GC(710) Reclaimed 92 empty regions
[2020-01-29T21:36:04.760+0300][21.295s][info ][gc] GC(710) Pause Remark 194M->104M(256M) 0.534ms
[2020-01-29T21:36:04.773+0300][21.308s][info ][gc] GC(712) Pause Young (Normal) (G1 Evacuation Pause) 108M->108M(256M) 11.065ms
[2020-01-29T21:36:04.829+0300][21.364s][info ][gc] GC(713) Pause Young (Normal) (G1 Evacuation Pause) 145M->146M(256M) 37.100ms
[2020-01-29T21:36:04.885+0300][21.421s][info ][gc] GC(714) Pause Young (Normal) (G1 Evacuation Pause) 171M->172M(256M) 39.110ms
[2020-01-29T21:36:04.942+0300][21.478s][info ][gc] GC(715) Pause Young (Normal) (G1 Evacuation Pause) 209M->210M(256M) 32.760ms
[2020-01-29T21:36:04.943+0300][21.478s][info ][gc] GC(710) Pause Cleanup 210M->210M(256M) 0.039ms
[2020-01-29T21:36:04.943+0300][21.478s][info ][gc] GC(710) Concurrent Cycle 233.016ms
[2020-01-29T21:36:04.971+0300][21.506s][info ][gc] GC(716) Pause Young (Normal) (G1 Evacuation Pause) 219M->220M(256M) 24.212ms
[2020-01-29T21:36:04.983+0300][21.518s][info ][gc] GC(717) Pause Young (Concurrent Start) (G1 Evacuation Pause) 230M->231M(256M) 8.139ms
[2020-01-29T21:36:04.984+0300][21.519s][info ][gc] GC(718) Concurrent Cycle
[2020-01-29T21:36:04.998+0300][21.533s][info ][gc] GC(719) Pause Young (Normal) (G1 Evacuation Pause) 241M->241M(256M) 7.917ms
[2020-01-29T21:36:05.021+0300][21.556s][info ][gc] GC(720) To-space exhausted
[2020-01-29T21:36:05.021+0300][21.556s][info ][gc] GC(720) Pause Young (Normal) (G1 Evacuation Pause) 251M->255M(256M) 18.661ms
[2020-01-29T21:36:05.021+0300][21.556s][debug][gc] GC(721) Clear Next Bitmap 0.069ms
[2020-01-29T21:36:05.054+0300][21.589s][info ][gc] GC(721) Pause Full (G1 Evacuation Pause) 255M->66M(256M) 32.850ms
[2020-01-29T21:36:05.054+0300][21.589s][info ][gc] GC(718) Concurrent Cycle 70.587ms
[2020-01-29T21:36:05.101+0300][21.637s][info ][gc] GC(722) Pause Young (Normal) (G1 Evacuation Pause) 117M->117M(256M) 28.014ms
[2020-01-29T21:36:05.137+0300][21.673s][info ][gc] GC(723) Pause Young (Concurrent Start) (G1 Humongous Allocation) 138M->137M(256M) 16.620ms
[2020-01-29T21:36:05.137+0300][21.673s][info ][gc] GC(724) Concurrent Cycle
[2020-01-29T21:36:05.175+0300][21.710s][info ][gc] GC(725) Pause Young (Normal) (G1 Evacuation Pause) 185M->186M(256M) 22.900ms
[2020-01-29T21:36:05.180+0300][21.715s][debug][gc] GC(724) Reclaimed 107 empty regions
[2020-01-29T21:36:05.180+0300][21.715s][info ][gc] GC(724) Pause Remark 195M->89M(256M) 0.537ms
[2020-01-29T21:36:05.192+0300][21.727s][info ][gc] GC(726) Pause Young (Normal) (G1 Evacuation Pause) 93M->94M(256M) 10.420ms
[2020-01-29T21:36:05.239+0300][21.775s][info ][gc] GC(727) Pause Young (Normal) (G1 Evacuation Pause) 136M->137M(256M) 30.040ms
[2020-01-29T21:36:05.289+0300][21.824s][info ][gc] GC(728) Pause Young (Normal) (G1 Evacuation Pause) 165M->166M(256M) 37.497ms
[2020-01-29T21:36:05.344+0300][21.879s][info ][gc] GC(729) Pause Young (Normal) (G1 Evacuation Pause) 205M->207M(256M) 33.814ms
[2020-01-29T21:36:05.348+0300][21.883s][info ][gc] GC(724) Pause Cleanup 214M->214M(256M) 0.043ms
[2020-01-29T21:36:05.348+0300][21.883s][info ][gc] GC(724) Concurrent Cycle 210.465ms
[2020-01-29T21:36:05.374+0300][21.909s][info ][gc] GC(730) Pause Young (Normal) (G1 Evacuation Pause) 216M->216M(256M) 25.098ms
[2020-01-29T21:36:05.387+0300][21.922s][info ][gc] GC(731) Pause Young (Concurrent Start) (G1 Evacuation Pause) 226M->227M(256M) 8.412ms
[2020-01-29T21:36:05.387+0300][21.922s][info ][gc] GC(732) Concurrent Cycle
[2020-01-29T21:36:05.402+0300][21.936s][info ][gc] GC(733) Pause Young (Normal) (G1 Evacuation Pause) 237M->238M(256M) 7.972ms
[2020-01-29T21:36:05.419+0300][21.955s][info ][gc] GC(734) To-space exhausted
[2020-01-29T21:36:05.419+0300][21.955s][info ][gc] GC(734) Pause Young (Normal) (G1 Evacuation Pause) 248M->251M(256M) 13.854ms
[2020-01-29T21:36:05.435+0300][21.970s][info ][gc] GC(735) To-space exhausted
[2020-01-29T21:36:05.435+0300][21.970s][info ][gc] GC(735) Pause Young (Normal) (G1 Evacuation Pause) 255M->255M(256M) 13.626ms
[2020-01-29T21:36:05.435+0300][21.970s][debug][gc] GC(736) Clear Next Bitmap 0.077ms
[2020-01-29T21:36:05.476+0300][22.011s][info ][gc] GC(736) Pause Full (G1 Evacuation Pause) 255M->78M(256M) 41.289ms
[2020-01-29T21:36:05.476+0300][22.012s][info ][gc] GC(732) Concurrent Cycle 89.500ms
[2020-01-29T21:36:05.520+0300][22.055s][info ][gc] GC(737) Pause Young (Normal) (G1 Evacuation Pause) 125M->125M(256M) 25.410ms
[2020-01-29T21:36:05.546+0300][22.081s][info ][gc] GC(738) Pause Young (Concurrent Start) (G1 Humongous Allocation) 136M->137M(256M) 10.146ms
[2020-01-29T21:36:05.546+0300][22.081s][info ][gc] GC(739) Concurrent Cycle
[2020-01-29T21:36:05.579+0300][22.114s][info ][gc] GC(740) Pause Young (Normal) (G1 Evacuation Pause) 185M->186M(256M) 20.122ms
[2020-01-29T21:36:05.580+0300][22.115s][debug][gc] GC(739) Reclaimed 117 empty regions
[2020-01-29T21:36:05.580+0300][22.115s][info ][gc] GC(739) Pause Remark 186M->71M(256M) 0.661ms
[2020-01-29T21:36:05.595+0300][22.130s][info ][gc] GC(741) Pause Young (Normal) (G1 Evacuation Pause) 83M->84M(256M) 10.057ms
[2020-01-29T21:36:05.648+0300][22.183s][info ][gc] GC(742) Pause Young (Normal) (G1 Evacuation Pause) 129M->129M(256M) 34.573ms
[2020-01-29T21:36:05.672+0300][22.207s][info ][gc] GC(739) Pause Cleanup 180M->180M(256M) 0.048ms
[2020-01-29T21:36:05.710+0300][22.246s][info ][gc] GC(743) Pause Young (Normal) (G1 Evacuation Pause) 180M->182M(256M) 38.067ms
[2020-01-29T21:36:05.710+0300][22.246s][info ][gc] GC(739) Concurrent Cycle 165.049ms
[2020-01-29T21:36:05.727+0300][22.263s][info ][gc] GC(744) Pause Young (Normal) (G1 Evacuation Pause) 196M->197M(256M) 11.065ms
[2020-01-29T21:36:05.740+0300][22.276s][info ][gc] GC(745) Pause Young (Concurrent Start) (G1 Evacuation Pause) 207M->208M(256M) 8.825ms
[2020-01-29T21:36:05.740+0300][22.276s][info ][gc] GC(746) Concurrent Cycle
[2020-01-29T21:36:05.755+0300][22.291s][info ][gc] GC(747) Pause Young (Normal) (G1 Evacuation Pause) 218M->219M(256M) 7.635ms
[2020-01-29T21:36:05.768+0300][22.303s][info ][gc] GC(748) Pause Young (Normal) (G1 Evacuation Pause) 229M->230M(256M) 8.017ms
[2020-01-29T21:36:05.781+0300][22.316s][info ][gc] GC(749) Pause Young (Normal) (G1 Evacuation Pause) 240M->241M(256M) 7.812ms
[2020-01-29T21:36:05.803+0300][22.338s][info ][gc] GC(750) To-space exhausted
[2020-01-29T21:36:05.803+0300][22.338s][info ][gc] GC(750) Pause Young (Normal) (G1 Evacuation Pause) 251M->253M(256M) 17.223ms
[2020-01-29T21:36:05.817+0300][22.353s][info ][gc] GC(751) To-space exhausted
[2020-01-29T21:36:05.818+0300][22.353s][info ][gc] GC(751) Pause Young (Normal) (G1 Evacuation Pause) 255M->255M(256M) 12.405ms
[2020-01-29T21:36:05.818+0300][22.353s][debug][gc] GC(752) Clear Next Bitmap 0.108ms
[2020-01-29T21:36:05.866+0300][22.401s][info ][gc] GC(752) Pause Full (G1 Evacuation Pause) 255M->88M(256M) 48.085ms
[2020-01-29T21:36:05.866+0300][22.402s][info ][gc] GC(746) Concurrent Cycle 125.699ms
[2020-01-29T21:36:05.909+0300][22.444s][info ][gc] GC(753) Pause Young (Normal) (G1 Evacuation Pause) 132M->132M(256M) 23.970ms
[2020-01-29T21:36:05.927+0300][22.462s][info ][gc] GC(754) Pause Young (Concurrent Start) (G1 Humongous Allocation) 136M->137M(256M) 7.332ms
[2020-01-29T21:36:05.927+0300][22.462s][info ][gc] GC(755) Concurrent Cycle
[2020-01-29T21:36:05.936+0300][22.472s][debug][gc] GC(755) Reclaimed 123 empty regions
[2020-01-29T21:36:05.937+0300][22.472s][info ][gc] GC(755) Pause Remark 177M->56M(256M) 0.562ms
[2020-01-29T21:36:05.958+0300][22.493s][info ][gc] GC(756) Pause Young (Normal) (G1 Evacuation Pause) 64M->61M(256M) 17.744ms
[2020-01-29T21:36:05.972+0300][22.508s][info ][gc] GC(755) Pause Cleanup 95M->95M(256M) 0.036ms
[2020-01-29T21:36:05.972+0300][22.508s][info ][gc] GC(755) Concurrent Cycle 45.322ms
[2020-01-29T21:36:06.020+0300][22.555s][info ][gc] GC(757) Pause Young (Normal) (G1 Evacuation Pause) 114M->116M(256M) 39.505ms
[2020-01-29T21:36:06.067+0300][22.602s][info ][gc] GC(758) Pause Young (Concurrent Start) (G1 Humongous Allocation) 150M->150M(256M) 23.150ms
[2020-01-29T21:36:06.067+0300][22.602s][info ][gc] GC(759) Concurrent Cycle
[2020-01-29T21:36:06.108+0300][22.644s][info ][gc] GC(760) Pause Young (Normal) (G1 Evacuation Pause) 194M->194M(256M) 18.380ms
[2020-01-29T21:36:06.113+0300][22.648s][debug][gc] GC(759) Reclaimed 102 empty regions
[2020-01-29T21:36:06.113+0300][22.648s][info ][gc] GC(759) Pause Remark 202M->100M(256M) 0.682ms
[2020-01-29T21:36:06.125+0300][22.660s][info ][gc] GC(761) Pause Young (Normal) (G1 Evacuation Pause) 102M->103M(256M) 8.000ms
[2020-01-29T21:36:06.178+0300][22.713s][info ][gc] GC(762) Pause Young (Normal) (G1 Evacuation Pause) 142M->142M(256M) 33.236ms
[2020-01-29T21:36:06.222+0300][22.757s][info ][gc] GC(763) Pause Young (Normal) (G1 Evacuation Pause) 169M->170M(256M) 32.888ms
[2020-01-29T21:36:06.275+0300][22.810s][info ][gc] GC(764) Pause Young (Normal) (G1 Evacuation Pause) 208M->209M(256M) 33.214ms
[2020-01-29T21:36:06.307+0300][22.842s][info ][gc] GC(765) Pause Young (Normal) (G1 Evacuation Pause) 218M->219M(256M) 27.156ms
[2020-01-29T21:36:06.339+0300][22.874s][info ][gc] GC(766) Pause Young (Normal) (G1 Evacuation Pause) 229M->231M(256M) 26.876ms
[2020-01-29T21:36:06.341+0300][22.876s][info ][gc] GC(759) Pause Cleanup 233M->233M(256M) 0.062ms
[2020-01-29T21:36:06.341+0300][22.877s][info ][gc] GC(759) Concurrent Cycle 274.224ms
[2020-01-29T21:36:06.370+0300][22.905s][info ][gc] GC(767) Pause Young (Normal) (G1 Evacuation Pause) 241M->241M(256M) 25.197ms
[2020-01-29T21:36:06.395+0300][22.930s][info ][gc] GC(768) To-space exhausted
[2020-01-29T21:36:06.395+0300][22.930s][info ][gc] GC(768) Pause Young (Concurrent Start) (G1 Evacuation Pause) 251M->254M(256M) 20.240ms
[2020-01-29T21:36:06.395+0300][22.930s][info ][gc] GC(769) Concurrent Cycle
[2020-01-29T21:36:06.405+0300][22.940s][info ][gc] GC(770) To-space exhausted
[2020-01-29T21:36:06.405+0300][22.940s][info ][gc] GC(770) Pause Young (Normal) (G1 Evacuation Pause) 255M->255M(256M) 7.755ms
[2020-01-29T21:36:06.405+0300][22.940s][debug][gc] GC(771) Clear Next Bitmap 0.069ms
[2020-01-29T21:36:06.439+0300][22.974s][info ][gc] GC(771) Pause Full (G1 Evacuation Pause) 255M->64M(256M) 34.059ms
[2020-01-29T21:36:06.440+0300][22.975s][info ][gc] GC(769) Concurrent Cycle 44.455ms
[2020-01-29T21:36:06.489+0300][23.024s][info ][gc] GC(772) Pause Young (Normal) (G1 Evacuation Pause) 115M->115M(256M) 28.618ms
[2020-01-29T21:36:06.524+0300][23.059s][info ][gc] GC(773) Pause Young (Concurrent Start) (G1 Humongous Allocation) 136M->138M(256M) 16.182ms
[2020-01-29T21:36:06.524+0300][23.059s][info ][gc] GC(774) Concurrent Cycle
[2020-01-29T21:36:06.559+0300][23.094s][info ][gc] GC(775) Pause Young (Normal) (G1 Evacuation Pause) 185M->185M(256M) 19.839ms
[2020-01-29T21:36:06.563+0300][23.098s][debug][gc] GC(774) Reclaimed 105 empty regions
[2020-01-29T21:36:06.564+0300][23.098s][info ][gc] GC(774) Pause Remark 195M->92M(256M) 0.573ms
[2020-01-29T21:36:06.575+0300][23.110s][info ][gc] GC(776) Pause Young (Normal) (G1 Evacuation Pause) 95M->96M(256M) 9.807ms
[2020-01-29T21:36:06.621+0300][23.156s][info ][gc] GC(777) Pause Young (Normal) (G1 Evacuation Pause) 137M->139M(256M) 29.609ms
[2020-01-29T21:36:06.669+0300][23.205s][info ][gc] GC(778) Pause Young (Normal) (G1 Evacuation Pause) 167M->168M(256M) 36.210ms
[2020-01-29T21:36:06.722+0300][23.257s][info ][gc] GC(779) Pause Young (Normal) (G1 Evacuation Pause) 207M->208M(256M) 31.856ms
[2020-01-29T21:36:06.752+0300][23.287s][info ][gc] GC(780) Pause Young (Normal) (G1 Evacuation Pause) 217M->217M(256M) 25.874ms
[2020-01-29T21:36:06.753+0300][23.288s][info ][gc] GC(774) Pause Cleanup 218M->218M(256M) 0.050ms
[2020-01-29T21:36:06.753+0300][23.289s][info ][gc] GC(774) Concurrent Cycle 229.884ms
[2020-01-29T21:36:06.781+0300][23.316s][info ][gc] GC(781) Pause Young (Normal) (G1 Evacuation Pause) 227M->228M(256M) 23.667ms
[2020-01-29T21:36:06.794+0300][23.329s][info ][gc] GC(782) Pause Young (Concurrent Start) (G1 Evacuation Pause) 238M->238M(256M) 8.027ms
[2020-01-29T21:36:06.794+0300][23.329s][info ][gc] GC(783) Concurrent Cycle
[2020-01-29T21:36:06.815+0300][23.350s][info ][gc] GC(784) To-space exhausted
[2020-01-29T21:36:06.815+0300][23.350s][info ][gc] GC(784) Pause Young (Normal) (G1 Evacuation Pause) 248M->251M(256M) 15.004ms
[2020-01-29T21:36:06.831+0300][23.366s][info ][gc] GC(785) To-space exhausted
[2020-01-29T21:36:06.831+0300][23.366s][info ][gc] GC(785) Pause Young (Normal) (G1 Evacuation Pause) 255M->255M(256M) 13.720ms
[2020-01-29T21:36:06.831+0300][23.366s][debug][gc] GC(786) Clear Next Bitmap 0.073ms
[2020-01-29T21:36:06.871+0300][23.406s][info ][gc] GC(786) Pause Full (G1 Evacuation Pause) 255M->77M(256M) 39.617ms
[2020-01-29T21:36:06.871+0300][23.406s][info ][gc] GC(783) Concurrent Cycle 76.790ms
[2020-01-29T21:36:06.916+0300][23.451s][info ][gc] GC(787) Pause Young (Normal) (G1 Evacuation Pause) 125M->125M(256M) 26.025ms
[2020-01-29T21:36:06.942+0300][23.476s][info ][gc] GC(788) Pause Young (Concurrent Start) (G1 Humongous Allocation) 137M->138M(256M) 10.008ms
[2020-01-29T21:36:06.942+0300][23.476s][info ][gc] GC(789) Concurrent Cycle
[2020-01-29T21:36:06.974+0300][23.509s][info ][gc] GC(790) Pause Young (Normal) (G1 Evacuation Pause) 186M->186M(256M) 19.641ms
[2020-01-29T21:36:06.975+0300][23.510s][debug][gc] GC(789) Reclaimed 116 empty regions
[2020-01-29T21:36:06.975+0300][23.510s][info ][gc] GC(789) Pause Remark 188M->74M(256M) 0.548ms
[2020-01-29T21:36:06.989+0300][23.524s][info ][gc] GC(791) Pause Young (Normal) (G1 Evacuation Pause) 84M->85M(256M) 10.002ms
[2020-01-29T21:36:07.041+0300][23.576s][info ][gc] GC(792) Pause Young (Normal) (G1 Evacuation Pause) 130M->131M(256M) 33.437ms
[2020-01-29T21:36:07.106+0300][23.641s][info ][gc] GC(793) Pause Young (Normal) (G1 Evacuation Pause) 181M->181M(256M) 40.265ms
[2020-01-29T21:36:07.107+0300][23.643s][info ][gc] GC(789) Pause Cleanup 182M->182M(256M) 0.112ms
[2020-01-29T21:36:07.108+0300][23.643s][info ][gc] GC(789) Concurrent Cycle 166.614ms
[2020-01-29T21:36:07.147+0300][23.682s][info ][gc] GC(794) Pause Young (Normal) (G1 Evacuation Pause) 196M->196M(256M) 29.245ms
[2020-01-29T21:36:07.165+0300][23.700s][info ][gc] GC(795) Pause Young (Concurrent Start) (G1 Evacuation Pause) 206M->207M(256M) 12.407ms
[2020-01-29T21:36:07.165+0300][23.700s][info ][gc] GC(796) Concurrent Cycle
[2020-01-29T21:36:07.181+0300][23.716s][info ][gc] GC(797) Pause Young (Normal) (G1 Evacuation Pause) 217M->218M(256M) 8.510ms
[2020-01-29T21:36:07.195+0300][23.730s][info ][gc] GC(798) Pause Young (Normal) (G1 Evacuation Pause) 228M->228M(256M) 9.119ms
[2020-01-29T21:36:07.210+0300][23.745s][info ][gc] GC(799) Pause Young (Normal) (G1 Evacuation Pause) 238M->239M(256M) 10.022ms
[2020-01-29T21:36:07.233+0300][23.768s][info ][gc] GC(800) To-space exhausted
[2020-01-29T21:36:07.233+0300][23.768s][info ][gc] GC(800) Pause Young (Normal) (G1 Evacuation Pause) 249M->253M(256M) 18.761ms
[2020-01-29T21:36:07.247+0300][23.782s][info ][gc] GC(801) To-space exhausted
[2020-01-29T21:36:07.247+0300][23.782s][info ][gc] GC(801) Pause Young (Normal) (G1 Evacuation Pause) 255M->255M(256M) 13.133ms
[2020-01-29T21:36:07.248+0300][23.783s][debug][gc] GC(802) Clear Next Bitmap 0.128ms
[2020-01-29T21:36:07.303+0300][23.838s][info ][gc] GC(802) Pause Full (G1 Evacuation Pause) 255M->88M(256M) 54.955ms
[2020-01-29T21:36:07.303+0300][23.838s][info ][gc] GC(796) Concurrent Cycle 137.913ms
[2020-01-29T21:36:07.345+0300][23.880s][info ][gc] GC(803) Pause Young (Normal) (G1 Evacuation Pause) 132M->132M(256M) 24.427ms
[2020-01-29T21:36:07.365+0300][23.900s][info ][gc] GC(804) Pause Young (Concurrent Start) (G1 Humongous Allocation) 136M->138M(256M) 6.987ms
[2020-01-29T21:36:07.365+0300][23.900s][info ][gc] GC(805) Concurrent Cycle
[2020-01-29T21:36:07.375+0300][23.910s][debug][gc] GC(805) Reclaimed 122 empty regions
[2020-01-29T21:36:07.375+0300][23.910s][info ][gc] GC(805) Pause Remark 176M->56M(256M) 0.532ms
[2020-01-29T21:36:07.397+0300][23.932s][info ][gc] GC(806) Pause Young (Normal) (G1 Evacuation Pause) 65M->61M(256M) 17.919ms
[2020-01-29T21:36:07.409+0300][23.945s][info ][gc] GC(805) Pause Cleanup 86M->86M(256M) 0.038ms
[2020-01-29T21:36:07.410+0300][23.945s][info ][gc] GC(805) Concurrent Cycle 44.873ms
[2020-01-29T21:36:07.460+0300][23.995s][info ][gc] GC(807) Pause Young (Normal) (G1 Evacuation Pause) 114M->115M(256M) 39.016ms
[2020-01-29T21:36:07.507+0300][24.042s][info ][gc] GC(808) Pause Young (Concurrent Start) (G1 Humongous Allocation) 149M->149M(256M) 23.423ms
[2020-01-29T21:36:07.507+0300][24.042s][info ][gc] GC(809) Concurrent Cycle
[2020-01-29T21:36:07.548+0300][24.083s][info ][gc] GC(810) Pause Young (Normal) (G1 Evacuation Pause) 194M->195M(256M) 18.905ms
[2020-01-29T21:36:07.553+0300][24.088s][debug][gc] GC(809) Reclaimed 102 empty regions
[2020-01-29T21:36:07.553+0300][24.088s][info ][gc] GC(809) Pause Remark 204M->102M(256M) 0.548ms
[2020-01-29T21:36:07.563+0300][24.098s][info ][gc] GC(811) Pause Young (Normal) (G1 Evacuation Pause) 103M->104M(256M) 9.303ms
[2020-01-29T21:36:07.605+0300][24.141s][info ][gc] GC(812) Pause Young (Normal) (G1 Evacuation Pause) 143M->144M(256M) 27.217ms
[2020-01-29T21:36:07.649+0300][24.185s][info ][gc] GC(813) Pause Young (Normal) (G1 Evacuation Pause) 170M->171M(256M) 33.145ms
[2020-01-29T21:36:07.704+0300][24.240s][info ][gc] GC(814) Pause Young (Normal) (G1 Evacuation Pause) 209M->210M(256M) 35.306ms
[2020-01-29T21:36:07.738+0300][24.273s][info ][gc] GC(815) Pause Young (Normal) (G1 Evacuation Pause) 219M->220M(256M) 28.218ms
[2020-01-29T21:36:07.771+0300][24.307s][info ][gc] GC(816) Pause Young (Normal) (G1 Evacuation Pause) 230M->231M(256M) 29.236ms
[2020-01-29T21:36:07.810+0300][24.346s][info ][gc] GC(817) Pause Young (Normal) (G1 Evacuation Pause) 241M->241M(256M) 33.924ms
[2020-01-29T21:36:07.816+0300][24.351s][info ][gc] GC(809) Pause Cleanup 242M->242M(256M) 0.046ms
[2020-01-29T21:36:07.816+0300][24.352s][info ][gc] GC(809) Concurrent Cycle 309.683ms
[2020-01-29T21:36:07.859+0300][24.394s][info ][gc] GC(818) To-space exhausted
[2020-01-29T21:36:07.859+0300][24.394s][info ][gc] GC(818) Pause Young (Normal) (G1 Evacuation Pause) 251M->254M(256M) 35.471ms
[2020-01-29T21:36:07.869+0300][24.404s][info ][gc] GC(819) To-space exhausted
[2020-01-29T21:36:07.870+0300][24.404s][info ][gc] GC(819) Pause Young (Concurrent Start) (G1 Evacuation Pause) 255M->255M(256M) 8.491ms
[2020-01-29T21:36:07.870+0300][24.405s][info ][gc] GC(821) Concurrent Cycle
[2020-01-29T21:36:07.870+0300][24.405s][debug][gc] GC(820) Clear Next Bitmap 0.059ms
[2020-01-29T21:36:07.904+0300][24.439s][info ][gc] GC(820) Pause Full (G1 Evacuation Pause) 255M->65M(256M) 33.938ms
[2020-01-29T21:36:07.904+0300][24.439s][info ][gc] GC(821) Concurrent Cycle 34.333ms
[2020-01-29T21:36:07.956+0300][24.491s][info ][gc] GC(822) Pause Young (Normal) (G1 Evacuation Pause) 121M->121M(256M) 30.435ms
[2020-01-29T21:36:07.987+0300][24.523s][info ][gc] GC(823) Pause Young (Concurrent Start) (G1 Humongous Allocation) 137M->138M(256M) 13.768ms
[2020-01-29T21:36:07.987+0300][24.523s][info ][gc] GC(824) Concurrent Cycle
[2020-01-29T21:36:08.021+0300][24.556s][info ][gc] GC(825) Pause Young (Normal) (G1 Evacuation Pause) 186M->187M(256M) 20.509ms
[2020-01-29T21:36:08.025+0300][24.560s][debug][gc] GC(824) Reclaimed 111 empty regions
[2020-01-29T21:36:08.025+0300][24.560s][info ][gc] GC(824) Pause Remark 195M->86M(256M) 0.679ms
[2020-01-29T21:36:08.038+0300][24.573s][info ][gc] GC(826) Pause Young (Normal) (G1 Evacuation Pause) 89M->91M(256M) 11.662ms
[2020-01-29T21:36:08.087+0300][24.622s][info ][gc] GC(827) Pause Young (Normal) (G1 Evacuation Pause) 134M->135M(256M) 31.200ms
[2020-01-29T21:36:08.138+0300][24.673s][info ][gc] GC(828) Pause Young (Normal) (G1 Evacuation Pause) 164M->165M(256M) 37.403ms
[2020-01-29T21:36:08.159+0300][24.695s][info ][gc] GC(824) Pause Cleanup 169M->169M(256M) 0.044ms
[2020-01-29T21:36:08.160+0300][24.695s][info ][gc] GC(824) Concurrent Cycle 172.674ms
[2020-01-29T21:36:08.186+0300][24.721s][info ][gc] GC(829) Pause Young (Concurrent Start) (G1 Humongous Allocation) 169M->169M(256M) 19.176ms
[2020-01-29T21:36:08.186+0300][24.721s][info ][gc] GC(830) Concurrent Cycle
[2020-01-29T21:36:08.195+0300][24.730s][debug][gc] GC(830) Reclaimed 155 empty regions
[2020-01-29T21:36:08.195+0300][24.730s][info ][gc] GC(830) Pause Remark 206M->51M(256M) 0.595ms
[2020-01-29T21:36:08.208+0300][24.744s][info ][gc] GC(831) Pause Young (Normal) (G1 Evacuation Pause) 52M->50M(256M) 12.796ms
[2020-01-29T21:36:08.224+0300][24.760s][info ][gc] GC(830) Pause Cleanup 89M->89M(256M) 0.038ms
[2020-01-29T21:36:08.224+0300][24.760s][info ][gc] GC(830) Concurrent Cycle 38.543ms
[2020-01-29T21:36:08.269+0300][24.805s][info ][gc] GC(832) Pause Young (Normal) (G1 Evacuation Pause) 106M->106M(256M) 38.139ms
[2020-01-29T21:36:08.314+0300][24.849s][info ][gc] GC(833) Pause Young (Concurrent Start) (G1 Evacuation Pause) 144M->145M(256M) 29.359ms
[2020-01-29T21:36:08.314+0300][24.849s][info ][gc] GC(834) Concurrent Cycle
[2020-01-29T21:36:08.360+0300][24.895s][info ][gc] GC(835) Pause Young (Normal) (G1 Evacuation Pause) 191M->192M(256M) 21.360ms
[2020-01-29T21:36:08.376+0300][24.911s][info ][gc] GC(836) Pause Young (Normal) (G1 Evacuation Pause) 203M->204M(256M) 10.482ms
[2020-01-29T21:36:08.390+0300][24.925s][info ][gc] GC(837) Pause Young (Normal) (G1 Evacuation Pause) 214M->215M(256M) 8.597ms
[2020-01-29T21:36:08.406+0300][24.941s][info ][gc] GC(838) Pause Young (Normal) (G1 Evacuation Pause) 225M->226M(256M) 11.463ms
[2020-01-29T21:36:08.421+0300][24.956s][info ][gc] GC(839) Pause Young (Normal) (G1 Evacuation Pause) 236M->238M(256M) 10.830ms
[2020-01-29T21:36:08.444+0300][24.979s][info ][gc] GC(840) To-space exhausted
[2020-01-29T21:36:08.444+0300][24.979s][info ][gc] GC(840) Pause Young (Normal) (G1 Evacuation Pause) 248M->250M(256M) 17.061ms
[2020-01-29T21:36:08.466+0300][25.001s][info ][gc] GC(841) To-space exhausted
[2020-01-29T21:36:08.466+0300][25.001s][info ][gc] GC(841) Pause Young (Normal) (G1 Evacuation Pause) 255M->255M(256M) 19.383ms
[2020-01-29T21:36:08.466+0300][25.001s][debug][gc] GC(842) Clear Next Bitmap 0.106ms
[2020-01-29T21:36:08.531+0300][25.067s][info ][gc] GC(842) Pause Full (G1 Evacuation Pause) 255M->100M(256M) 66.178ms
[2020-01-29T21:36:08.531+0300][25.067s][info ][gc] GC(834) Concurrent Cycle 217.978ms
[2020-01-29T21:36:08.577+0300][25.112s][info ][gc] GC(843) Pause Young (Concurrent Start) (G1 Humongous Allocation) 136M->136M(256M) 20.118ms
[2020-01-29T21:36:08.577+0300][25.112s][info ][gc] GC(844) Concurrent Cycle
[2020-01-29T21:36:08.616+0300][25.151s][info ][gc] GC(845) Pause Young (Normal) (G1 Evacuation Pause) 184M->185M(256M) 19.823ms
[2020-01-29T21:36:08.620+0300][25.156s][debug][gc] GC(844) Reclaimed 100 empty regions
[2020-01-29T21:36:08.620+0300][25.156s][info ][gc] GC(844) Pause Remark 194M->97M(256M) 0.529ms
[2020-01-29T21:36:08.633+0300][25.169s][info ][gc] GC(846) Pause Young (Normal) (G1 Evacuation Pause) 101M->102M(256M) 11.324ms
[2020-01-29T21:36:08.680+0300][25.215s][info ][gc] GC(847) Pause Young (Normal) (G1 Evacuation Pause) 142M->143M(256M) 30.106ms
[2020-01-29T21:36:08.725+0300][25.260s][info ][gc] GC(848) Pause Young (Normal) (G1 Evacuation Pause) 169M->171M(256M) 33.844ms
[2020-01-29T21:36:08.776+0300][25.311s][info ][gc] GC(849) Pause Young (Normal) (G1 Evacuation Pause) 209M->210M(256M) 31.368ms
[2020-01-29T21:36:08.811+0300][25.346s][info ][gc] GC(850) Pause Young (Normal) (G1 Evacuation Pause) 219M->220M(256M) 27.240ms
[2020-01-29T21:36:08.813+0300][25.348s][info ][gc] GC(844) Pause Cleanup 223M->223M(256M) 0.062ms
[2020-01-29T21:36:08.813+0300][25.348s][info ][gc] GC(844) Concurrent Cycle 235.868ms
[2020-01-29T21:36:08.839+0300][25.374s][info ][gc] GC(851) Pause Young (Normal) (G1 Evacuation Pause) 230M->231M(256M) 23.187ms
[2020-01-29T21:36:08.852+0300][25.387s][info ][gc] GC(852) Pause Young (Concurrent Start) (G1 Evacuation Pause) 241M->241M(256M) 8.220ms
[2020-01-29T21:36:08.852+0300][25.387s][info ][gc] GC(853) Concurrent Cycle
[2020-01-29T21:36:08.877+0300][25.412s][info ][gc] GC(854) To-space exhausted
[2020-01-29T21:36:08.877+0300][25.412s][info ][gc] GC(854) Pause Young (Normal) (G1 Evacuation Pause) 251M->255M(256M) 18.259ms
[2020-01-29T21:36:08.877+0300][25.412s][debug][gc] GC(855) Clear Next Bitmap 0.065ms
[2020-01-29T21:36:08.913+0300][25.448s][info ][gc] GC(855) Pause Full (G1 Evacuation Pause) 255M->71M(256M) 36.056ms
[2020-01-29T21:36:08.913+0300][25.448s][info ][gc] GC(853) Concurrent Cycle 60.986ms
[2020-01-29T21:36:08.959+0300][25.494s][info ][gc] GC(856) Pause Young (Normal) (G1 Evacuation Pause) 120M->120M(256M) 26.937ms
[2020-01-29T21:36:08.991+0300][25.525s][info ][gc] GC(857) Pause Young (Concurrent Start) (G1 Humongous Allocation) 137M->138M(256M) 13.902ms
[2020-01-29T21:36:08.991+0300][25.526s][info ][gc] GC(858) Concurrent Cycle
[2020-01-29T21:36:09.026+0300][25.561s][info ][gc] GC(859) Pause Young (Normal) (G1 Evacuation Pause) 186M->187M(256M) 22.862ms
[2020-01-29T21:36:09.031+0300][25.566s][debug][gc] GC(858) Reclaimed 110 empty regions
[2020-01-29T21:36:09.031+0300][25.566s][info ][gc] GC(858) Pause Remark 196M->87M(256M) 0.574ms
[2020-01-29T21:36:09.042+0300][25.577s][info ][gc] GC(860) Pause Young (Normal) (G1 Evacuation Pause) 90M->92M(256M) 10.139ms
[2020-01-29T21:36:09.089+0300][25.625s][info ][gc] GC(861) Pause Young (Normal) (G1 Evacuation Pause) 134M->135M(256M) 30.427ms
[2020-01-29T21:36:09.139+0300][25.674s][info ][gc] GC(862) Pause Young (Normal) (G1 Evacuation Pause) 164M->165M(256M) 37.602ms
[2020-01-29T21:36:09.165+0300][25.701s][info ][gc] GC(858) Pause Cleanup 190M->190M(256M) 0.062ms
[2020-01-29T21:36:09.166+0300][25.701s][info ][gc] GC(858) Concurrent Cycle 175.662ms
[2020-01-29T21:36:09.216+0300][25.751s][info ][gc] GC(863) Pause Young (Normal) (G1 Evacuation Pause) 205M->206M(256M) 37.822ms
[2020-01-29T21:36:09.227+0300][25.763s][info ][gc] GC(864) Pause Young (Concurrent Start) (G1 Evacuation Pause) 214M->215M(256M) 7.396ms
[2020-01-29T21:36:09.227+0300][25.763s][info ][gc] GC(865) Concurrent Cycle
[2020-01-29T21:36:09.241+0300][25.777s][info ][gc] GC(866) Pause Young (Normal) (G1 Evacuation Pause) 225M->226M(256M) 7.748ms
[2020-01-29T21:36:09.253+0300][25.788s][info ][gc] GC(867) Pause Young (Normal) (G1 Evacuation Pause) 236M->237M(256M) 7.545ms
[2020-01-29T21:36:09.270+0300][25.805s][info ][gc] GC(868) To-space exhausted
[2020-01-29T21:36:09.270+0300][25.805s][info ][gc] GC(868) Pause Young (Normal) (G1 Evacuation Pause) 247M->250M(256M) 12.807ms
[2020-01-29T21:36:09.287+0300][25.822s][info ][gc] GC(869) To-space exhausted
[2020-01-29T21:36:09.287+0300][25.822s][info ][gc] GC(869) Pause Young (Normal) (G1 Evacuation Pause) 255M->255M(256M) 14.789ms
[2020-01-29T21:36:09.287+0300][25.823s][debug][gc] GC(870) Clear Next Bitmap 0.064ms
[2020-01-29T21:36:09.330+0300][25.865s][info ][gc] GC(870) Pause Full (G1 Evacuation Pause) 255M->80M(256M) 42.475ms
[2020-01-29T21:36:09.330+0300][25.865s][info ][gc] GC(865) Concurrent Cycle 102.802ms
[2020-01-29T21:36:09.375+0300][25.910s][info ][gc] GC(871) Pause Young (Normal) (G1 Evacuation Pause) 127M->127M(256M) 25.800ms
[2020-01-29T21:36:09.398+0300][25.933s][info ][gc] GC(872) Pause Young (Concurrent Start) (G1 Humongous Allocation) 136M->138M(256M) 9.288ms
[2020-01-29T21:36:09.398+0300][25.933s][info ][gc] GC(873) Concurrent Cycle
[2020-01-29T21:36:09.411+0300][25.946s][debug][gc] GC(873) Reclaimed 115 empty regions
[2020-01-29T21:36:09.411+0300][25.946s][info ][gc] GC(873) Pause Remark 186M->72M(256M) 0.529ms
[2020-01-29T21:36:09.428+0300][25.964s][info ][gc] GC(874) Pause Young (Normal) (G1 Evacuation Pause) 72M->69M(256M) 17.563ms
[2020-01-29T21:36:09.489+0300][26.024s][info ][gc] GC(875) Pause Young (Normal) (G1 Evacuation Pause) 119M->120M(256M) 40.589ms
[2020-01-29T21:36:09.492+0300][26.028s][info ][gc] GC(873) Pause Cleanup 127M->127M(256M) 0.042ms
[2020-01-29T21:36:09.492+0300][26.028s][info ][gc] GC(873) Concurrent Cycle 94.678ms
[2020-01-29T21:36:09.545+0300][26.080s][info ][gc] GC(876) Pause Young (Normal) (G1 Evacuation Pause) 154M->154M(256M) 40.454ms
[2020-01-29T21:36:09.562+0300][26.097s][info ][gc] GC(877) Pause Young (Concurrent Start) (G1 Humongous Allocation) 157M->159M(256M) 5.461ms
[2020-01-29T21:36:09.562+0300][26.097s][info ][gc] GC(878) Concurrent Cycle
[2020-01-29T21:36:09.571+0300][26.106s][debug][gc] GC(878) Reclaimed 141 empty regions
[2020-01-29T21:36:09.571+0300][26.106s][info ][gc] GC(878) Pause Remark 197M->56M(256M) 0.532ms
[2020-01-29T21:36:09.587+0300][26.122s][info ][gc] GC(879) Pause Young (Normal) (G1 Evacuation Pause) 59M->57M(256M) 14.356ms
[2020-01-29T21:36:09.604+0300][26.139s][info ][gc] GC(878) Pause Cleanup 99M->99M(256M) 0.038ms
[2020-01-29T21:36:09.604+0300][26.139s][info ][gc] GC(878) Concurrent Cycle 42.132ms
[2020-01-29T21:36:09.646+0300][26.181s][info ][gc] GC(880) Pause Young (Normal) (G1 Evacuation Pause) 110M->111M(256M) 37.768ms
[2020-01-29T21:36:09.686+0300][26.221s][info ][gc] GC(881) Pause Young (Concurrent Start) (G1 Evacuation Pause) 147M->148M(256M) 25.627ms
[2020-01-29T21:36:09.686+0300][26.221s][info ][gc] GC(882) Concurrent Cycle
[2020-01-29T21:36:09.728+0300][26.263s][info ][gc] GC(883) Pause Young (Normal) (G1 Evacuation Pause) 193M->194M(256M) 18.782ms
[2020-01-29T21:36:09.742+0300][26.277s][info ][gc] GC(884) Pause Young (Normal) (G1 Evacuation Pause) 204M->205M(256M) 9.055ms
[2020-01-29T21:36:09.754+0300][26.289s][info ][gc] GC(885) Pause Young (Normal) (G1 Evacuation Pause) 215M->216M(256M) 8.086ms
[2020-01-29T21:36:09.766+0300][26.301s][info ][gc] GC(886) Pause Young (Normal) (G1 Evacuation Pause) 226M->226M(256M) 8.032ms
[2020-01-29T21:36:09.779+0300][26.313s][info ][gc] GC(887) Pause Young (Normal) (G1 Evacuation Pause) 236M->237M(256M) 8.053ms
[2020-01-29T21:36:09.796+0300][26.331s][info ][gc] GC(888) To-space exhausted
[2020-01-29T21:36:09.796+0300][26.331s][info ][gc] GC(888) Pause Young (Normal) (G1 Evacuation Pause) 247M->251M(256M) 13.373ms
[2020-01-29T21:36:09.811+0300][26.346s][info ][gc] GC(889) To-space exhausted
[2020-01-29T21:36:09.811+0300][26.346s][info ][gc] GC(889) Pause Young (Normal) (G1 Evacuation Pause) 255M->255M(256M) 13.533ms
[2020-01-29T21:36:09.812+0300][26.346s][debug][gc] GC(890) Clear Next Bitmap 0.083ms
[2020-01-29T21:36:09.863+0300][26.399s][info ][gc] GC(890) Pause Full (G1 Evacuation Pause) 255M->95M(256M) 52.756ms
[2020-01-29T21:36:09.864+0300][26.399s][info ][gc] GC(882) Concurrent Cycle 177.996ms
[2020-01-29T21:36:09.913+0300][26.449s][info ][gc] GC(891) Pause Young (Concurrent Start) (G1 Humongous Allocation) 136M->136M(256M) 22.459ms
[2020-01-29T21:36:09.913+0300][26.449s][info ][gc] GC(892) Concurrent Cycle
[2020-01-29T21:36:09.955+0300][26.491s][info ][gc] GC(893) Pause Young (Normal) (G1 Evacuation Pause) 184M->185M(256M) 20.073ms
[2020-01-29T21:36:09.960+0300][26.495s][debug][gc] GC(892) Reclaimed 94 empty regions
[2020-01-29T21:36:09.960+0300][26.495s][info ][gc] GC(892) Pause Remark 194M->103M(256M) 0.532ms
[2020-01-29T21:36:09.971+0300][26.506s][info ][gc] GC(894) Pause Young (Normal) (G1 Evacuation Pause) 106M->106M(256M) 9.632ms
[2020-01-29T21:36:10.014+0300][26.550s][info ][gc] GC(895) Pause Young (Normal) (G1 Evacuation Pause) 144M->145M(256M) 28.303ms
[2020-01-29T21:36:10.059+0300][26.594s][info ][gc] GC(896) Pause Young (Normal) (G1 Evacuation Pause) 171M->172M(256M) 33.526ms
[2020-01-29T21:36:10.109+0300][26.644s][info ][gc] GC(897) Pause Young (Normal) (G1 Evacuation Pause) 209M->209M(256M) 30.457ms
[2020-01-29T21:36:10.138+0300][26.673s][info ][gc] GC(898) Pause Young (Normal) (G1 Evacuation Pause) 218M->219M(256M) 25.364ms
[2020-01-29T21:36:10.170+0300][26.705s][info ][gc] GC(899) Pause Young (Normal) (G1 Evacuation Pause) 229M->229M(256M) 23.218ms
[2020-01-29T21:36:10.174+0300][26.709s][info ][gc] GC(892) Pause Cleanup 232M->232M(256M) 0.051ms
[2020-01-29T21:36:10.174+0300][26.709s][info ][gc] GC(892) Concurrent Cycle 260.490ms
[2020-01-29T21:36:10.206+0300][26.740s][info ][gc] GC(900) Pause Young (Normal) (G1 Evacuation Pause) 239M->240M(256M) 27.540ms
[2020-01-29T21:36:10.227+0300][26.762s][info ][gc] GC(901) To-space exhausted
[2020-01-29T21:36:10.227+0300][26.762s][info ][gc] GC(901) Pause Young (Concurrent Start) (G1 Evacuation Pause) 250M->253M(256M) 18.015ms
[2020-01-29T21:36:10.227+0300][26.763s][info ][gc] GC(902) Concurrent Cycle
[2020-01-29T21:36:10.240+0300][26.776s][info ][gc] GC(903) To-space exhausted
[2020-01-29T21:36:10.240+0300][26.776s][info ][gc] GC(903) Pause Young (Normal) (G1 Evacuation Pause) 255M->255M(256M) 10.371ms
[2020-01-29T21:36:10.240+0300][26.776s][debug][gc] GC(904) Clear Next Bitmap 0.059ms
[2020-01-29T21:36:10.277+0300][26.813s][info ][gc] GC(904) Pause Full (G1 Evacuation Pause) 255M->68M(256M) 37.002ms
[2020-01-29T21:36:10.278+0300][26.813s][info ][gc] GC(902) Concurrent Cycle 50.765ms
[2020-01-29T21:36:10.327+0300][26.862s][info ][gc] GC(905) Pause Young (Normal) (G1 Evacuation Pause) 118M->118M(256M) 29.425ms
[2020-01-29T21:36:10.359+0300][26.895s][info ][gc] GC(906) Pause Young (Concurrent Start) (G1 Humongous Allocation) 136M->137M(256M) 14.882ms
[2020-01-29T21:36:10.360+0300][26.895s][info ][gc] GC(907) Concurrent Cycle
[2020-01-29T21:36:10.394+0300][26.929s][info ][gc] GC(908) Pause Young (Normal) (G1 Evacuation Pause) 184M->186M(256M) 20.671ms
[2020-01-29T21:36:10.399+0300][26.934s][debug][gc] GC(907) Reclaimed 108 empty regions
[2020-01-29T21:36:10.399+0300][26.934s][info ][gc] GC(907) Pause Remark 195M->89M(256M) 0.534ms
[2020-01-29T21:36:10.411+0300][26.946s][info ][gc] GC(909) Pause Young (Normal) (G1 Evacuation Pause) 92M->93M(256M) 10.571ms
[2020-01-29T21:36:10.459+0300][26.994s][info ][gc] GC(910) Pause Young (Normal) (G1 Evacuation Pause) 135M->135M(256M) 31.021ms
[2020-01-29T21:36:10.509+0300][27.044s][info ][gc] GC(911) Pause Young (Normal) (G1 Evacuation Pause) 164M->165M(256M) 38.017ms
[2020-01-29T21:36:10.566+0300][27.101s][info ][gc] GC(912) Pause Young (Normal) (G1 Evacuation Pause) 205M->206M(256M) 36.711ms
[2020-01-29T21:36:10.570+0300][27.105s][info ][gc] GC(907) Pause Cleanup 214M->214M(256M) 0.046ms
[2020-01-29T21:36:10.570+0300][27.105s][info ][gc] GC(907) Concurrent Cycle 210.230ms
[2020-01-29T21:36:10.597+0300][27.132s][info ][gc] GC(913) Pause Young (Normal) (G1 Evacuation Pause) 214M->215M(256M) 27.248ms
[2020-01-29T21:36:10.609+0300][27.144s][info ][gc] GC(914) Pause Young (Concurrent Start) (G1 Evacuation Pause) 225M->226M(256M) 7.881ms
[2020-01-29T21:36:10.609+0300][27.144s][info ][gc] GC(915) Concurrent Cycle
[2020-01-29T21:36:10.624+0300][27.159s][info ][gc] GC(916) Pause Young (Normal) (G1 Evacuation Pause) 236M->237M(256M) 8.094ms
[2020-01-29T21:36:10.641+0300][27.176s][info ][gc] GC(917) To-space exhausted
[2020-01-29T21:36:10.641+0300][27.176s][info ][gc] GC(917) Pause Young (Normal) (G1 Evacuation Pause) 247M->250M(256M) 13.281ms
[2020-01-29T21:36:10.658+0300][27.193s][info ][gc] GC(918) To-space exhausted
[2020-01-29T21:36:10.658+0300][27.193s][info ][gc] GC(918) Pause Young (Normal) (G1 Evacuation Pause) 255M->255M(256M) 14.056ms
[2020-01-29T21:36:10.658+0300][27.193s][debug][gc] GC(919) Clear Next Bitmap 0.080ms
[2020-01-29T21:36:10.701+0300][27.236s][info ][gc] GC(919) Pause Full (G1 Evacuation Pause) 255M->79M(256M) 42.909ms
[2020-01-29T21:36:10.701+0300][27.236s][info ][gc] GC(915) Concurrent Cycle 91.614ms
[2020-01-29T21:36:10.746+0300][27.280s][info ][gc] GC(920) Pause Young (Normal) (G1 Evacuation Pause) 126M->127M(256M) 25.779ms
[2020-01-29T21:36:10.773+0300][27.308s][info ][gc] GC(921) Pause Young (Concurrent Start) (G1 Humongous Allocation) 137M->137M(256M) 12.569ms
[2020-01-29T21:36:10.773+0300][27.308s][info ][gc] GC(922) Concurrent Cycle
[2020-01-29T21:36:10.785+0300][27.321s][debug][gc] GC(922) Reclaimed 117 empty regions
[2020-01-29T21:36:10.785+0300][27.321s][info ][gc] GC(922) Pause Remark 184M->69M(256M) 0.635ms
[2020-01-29T21:36:10.810+0300][27.345s][info ][gc] GC(923) Pause Young (Normal) (G1 Evacuation Pause) 70M->66M(256M) 23.408ms
[2020-01-29T21:36:10.883+0300][27.418s][info ][gc] GC(924) Pause Young (Normal) (G1 Evacuation Pause) 117M->118M(256M) 51.264ms
[2020-01-29T21:36:10.885+0300][27.421s][info ][gc] GC(922) Pause Cleanup 119M->119M(256M) 0.061ms
[2020-01-29T21:36:10.886+0300][27.422s][info ][gc] GC(922) Concurrent Cycle 113.709ms
[2020-01-29T21:36:10.949+0300][27.484s][info ][gc] GC(925) Pause Young (Normal) (G1 Evacuation Pause) 152M->153M(256M) 48.220ms
[2020-01-29T21:36:10.966+0300][27.501s][info ][gc] GC(926) Pause Young (Concurrent Start) (G1 Humongous Allocation) 155M->156M(256M) 5.389ms
[2020-01-29T21:36:10.966+0300][27.501s][info ][gc] GC(927) Concurrent Cycle
[2020-01-29T21:36:10.975+0300][27.510s][debug][gc] GC(927) Reclaimed 142 empty regions
[2020-01-29T21:36:10.975+0300][27.510s][info ][gc] GC(927) Pause Remark 193M->51M(256M) 0.551ms
[2020-01-29T21:36:10.995+0300][27.530s][info ][gc] GC(928) Pause Young (Normal) (G1 Evacuation Pause) 56M->55M(256M) 17.899ms
[2020-01-29T21:36:11.010+0300][27.545s][info ][gc] GC(927) Pause Cleanup 86M->86M(256M) 0.037ms
[2020-01-29T21:36:11.010+0300][27.545s][info ][gc] GC(927) Concurrent Cycle 43.567ms
[2020-01-29T21:36:11.062+0300][27.597s][info ][gc] GC(929) Pause Young (Normal) (G1 Evacuation Pause) 109M->110M(256M) 43.370ms
[2020-01-29T21:36:11.103+0300][27.638s][info ][gc] GC(930) Pause Young (Concurrent Start) (G1 Evacuation Pause) 147M->148M(256M) 25.739ms
[2020-01-29T21:36:11.103+0300][27.638s][info ][gc] GC(931) Concurrent Cycle
[2020-01-29T21:36:11.146+0300][27.680s][info ][gc] GC(932) Pause Young (Normal) (G1 Evacuation Pause) 193M->194M(256M) 19.025ms
[2020-01-29T21:36:11.170+0300][27.705s][info ][gc] GC(933) Pause Young (Normal) (G1 Evacuation Pause) 204M->205M(256M) 11.175ms
[2020-01-29T21:36:11.182+0300][27.718s][info ][gc] GC(934) Pause Young (Normal) (G1 Evacuation Pause) 215M->216M(256M) 7.339ms
[2020-01-29T21:36:11.195+0300][27.730s][info ][gc] GC(935) Pause Young (Normal) (G1 Evacuation Pause) 226M->227M(256M) 7.410ms
[2020-01-29T21:36:11.207+0300][27.742s][info ][gc] GC(936) Pause Young (Normal) (G1 Evacuation Pause) 237M->238M(256M) 7.539ms
[2020-01-29T21:36:11.225+0300][27.760s][info ][gc] GC(937) To-space exhausted
[2020-01-29T21:36:11.225+0300][27.760s][info ][gc] GC(937) Pause Young (Normal) (G1 Evacuation Pause) 248M->251M(256M) 14.002ms
[2020-01-29T21:36:11.240+0300][27.775s][info ][gc] GC(938) To-space exhausted
[2020-01-29T21:36:11.240+0300][27.775s][info ][gc] GC(938) Pause Young (Normal) (G1 Evacuation Pause) 255M->255M(256M) 13.744ms
[2020-01-29T21:36:11.241+0300][27.776s][debug][gc] GC(939) Clear Next Bitmap 0.075ms
[2020-01-29T21:36:11.293+0300][27.829s][info ][gc] GC(939) Pause Full (G1 Evacuation Pause) 255M->98M(256M) 53.083ms
[2020-01-29T21:36:11.293+0300][27.829s][info ][gc] GC(931) Concurrent Cycle 191.099ms
[2020-01-29T21:36:11.339+0300][27.874s][info ][gc] GC(940) Pause Young (Concurrent Start) (G1 Humongous Allocation) 136M->136M(256M) 21.289ms
[2020-01-29T21:36:11.339+0300][27.874s][info ][gc] GC(941) Concurrent Cycle
[2020-01-29T21:36:11.380+0300][27.915s][info ][gc] GC(942) Pause Young (Normal) (G1 Evacuation Pause) 184M->186M(256M) 20.165ms
[2020-01-29T21:36:11.384+0300][27.919s][debug][gc] GC(941) Reclaimed 94 empty regions
[2020-01-29T21:36:11.384+0300][27.919s][info ][gc] GC(941) Pause Remark 195M->103M(256M) 0.543ms
[2020-01-29T21:36:11.397+0300][27.933s][info ][gc] GC(943) Pause Young (Normal) (G1 Evacuation Pause) 106M->107M(256M) 11.396ms
[2020-01-29T21:36:11.443+0300][27.978s][info ][gc] GC(944) Pause Young (Normal) (G1 Evacuation Pause) 145M->146M(256M) 28.692ms
[2020-01-29T21:36:11.488+0300][28.023s][info ][gc] GC(945) Pause Young (Normal) (G1 Evacuation Pause) 171M->172M(256M) 32.858ms
[2020-01-29T21:36:11.538+0300][28.073s][info ][gc] GC(946) Pause Young (Normal) (G1 Evacuation Pause) 209M->210M(256M) 30.575ms
[2020-01-29T21:36:11.567+0300][28.102s][info ][gc] GC(947) Pause Young (Normal) (G1 Evacuation Pause) 219M->220M(256M) 25.122ms
[2020-01-29T21:36:11.600+0300][28.135s][info ][gc] GC(948) Pause Young (Normal) (G1 Evacuation Pause) 230M->230M(256M) 28.423ms
[2020-01-29T21:36:11.601+0300][28.137s][info ][gc] GC(941) Pause Cleanup 232M->232M(256M) 0.056ms
[2020-01-29T21:36:11.602+0300][28.137s][info ][gc] GC(941) Concurrent Cycle 262.488ms
[2020-01-29T21:36:11.630+0300][28.165s][info ][gc] GC(949) Pause Young (Normal) (G1 Evacuation Pause) 240M->242M(256M) 24.519ms
[2020-01-29T21:36:11.655+0300][28.190s][info ][gc] GC(950) To-space exhausted
[2020-01-29T21:36:11.655+0300][28.190s][info ][gc] GC(950) Pause Young (Concurrent Start) (G1 Evacuation Pause) 252M->255M(256M) 20.968ms
[2020-01-29T21:36:11.655+0300][28.190s][info ][gc] GC(952) Concurrent Cycle
[2020-01-29T21:36:11.656+0300][28.190s][debug][gc] GC(951) Clear Next Bitmap 0.080ms
[2020-01-29T21:36:11.692+0300][28.226s][info ][gc] GC(951) Pause Full (G1 Evacuation Pause) 255M->67M(256M) 36.348ms
[2020-01-29T21:36:11.692+0300][28.227s][info ][gc] GC(952) Concurrent Cycle 36.758ms
[2020-01-29T21:36:11.740+0300][28.276s][info ][gc] GC(953) Pause Young (Normal) (G1 Evacuation Pause) 118M->118M(256M) 28.470ms
[2020-01-29T21:36:11.775+0300][28.310s][info ][gc] GC(954) Pause Young (Concurrent Start) (G1 Humongous Allocation) 137M->138M(256M) 16.993ms
[2020-01-29T21:36:11.775+0300][28.310s][info ][gc] GC(955) Concurrent Cycle
[2020-01-29T21:36:11.809+0300][28.344s][info ][gc] GC(956) Pause Young (Normal) (G1 Evacuation Pause) 186M->187M(256M) 20.352ms
[2020-01-29T21:36:11.813+0300][28.349s][debug][gc] GC(955) Reclaimed 108 empty regions
[2020-01-29T21:36:11.813+0300][28.349s][info ][gc] GC(955) Pause Remark 195M->89M(256M) 0.535ms
[2020-01-29T21:36:11.824+0300][28.360s][info ][gc] GC(957) Pause Young (Normal) (G1 Evacuation Pause) 92M->93M(256M) 9.725ms
[2020-01-29T21:36:11.871+0300][28.406s][info ][gc] GC(958) Pause Young (Normal) (G1 Evacuation Pause) 135M->136M(256M) 29.916ms
[2020-01-29T21:36:11.922+0300][28.457s][info ][gc] GC(959) Pause Young (Normal) (G1 Evacuation Pause) 165M->166M(256M) 38.744ms
[2020-01-29T21:36:11.978+0300][28.513s][info ][gc] GC(960) Pause Young (Normal) (G1 Evacuation Pause) 205M->206M(256M) 35.116ms
[2020-01-29T21:36:12.011+0300][28.546s][info ][gc] GC(961) Pause Young (Normal) (G1 Evacuation Pause) 215M->216M(256M) 28.524ms
[2020-01-29T21:36:12.012+0300][28.547s][info ][gc] GC(955) Pause Cleanup 217M->217M(256M) 0.045ms
[2020-01-29T21:36:12.012+0300][28.547s][info ][gc] GC(955) Concurrent Cycle 236.852ms
[2020-01-29T21:36:12.041+0300][28.576s][info ][gc] GC(962) Pause Young (Normal) (G1 Evacuation Pause) 226M->227M(256M) 24.829ms
[2020-01-29T21:36:12.053+0300][28.588s][info ][gc] GC(963) Pause Young (Concurrent Start) (G1 Evacuation Pause) 237M->238M(256M) 7.932ms
[2020-01-29T21:36:12.053+0300][28.588s][info ][gc] GC(964) Concurrent Cycle
[2020-01-29T21:36:12.073+0300][28.608s][info ][gc] GC(965) To-space exhausted
[2020-01-29T21:36:12.073+0300][28.608s][info ][gc] GC(965) Pause Young (Normal) (G1 Evacuation Pause) 248M->251M(256M) 13.401ms
[2020-01-29T21:36:12.088+0300][28.623s][info ][gc] GC(966) To-space exhausted
[2020-01-29T21:36:12.088+0300][28.623s][info ][gc] GC(966) Pause Young (Normal) (G1 Evacuation Pause) 255M->255M(256M) 13.912ms
[2020-01-29T21:36:12.089+0300][28.623s][debug][gc] GC(967) Clear Next Bitmap 0.060ms
[2020-01-29T21:36:12.134+0300][28.670s][info ][gc] GC(967) Pause Full (G1 Evacuation Pause) 255M->80M(256M) 46.699ms
[2020-01-29T21:36:12.135+0300][28.670s][info ][gc] GC(964) Concurrent Cycle 82.480ms
[2020-01-29T21:36:12.205+0300][28.740s][info ][gc] GC(968) Pause Young (Normal) (G1 Evacuation Pause) 127M->126M(256M) 35.514ms
[2020-01-29T21:36:12.231+0300][28.766s][info ][gc] GC(969) Pause Young (Concurrent Start) (G1 Humongous Allocation) 137M->138M(256M) 11.189ms
[2020-01-29T21:36:12.231+0300][28.766s][info ][gc] GC(970) Concurrent Cycle
[2020-01-29T21:36:12.244+0300][28.780s][debug][gc] GC(970) Reclaimed 116 empty regions
[2020-01-29T21:36:12.244+0300][28.780s][info ][gc] GC(970) Pause Remark 186M->70M(256M) 0.581ms
[2020-01-29T21:36:12.263+0300][28.798s][info ][gc] GC(971) Pause Young (Normal) (G1 Evacuation Pause) 70M->66M(256M) 18.221ms
[2020-01-29T21:36:12.327+0300][28.862s][info ][gc] GC(972) Pause Young (Normal) (G1 Evacuation Pause) 117M->118M(256M) 43.114ms
[2020-01-29T21:36:12.330+0300][28.865s][info ][gc] GC(970) Pause Cleanup 124M->124M(256M) 0.042ms
[2020-01-29T21:36:12.330+0300][28.866s][info ][gc] GC(970) Concurrent Cycle 99.366ms
[2020-01-29T21:36:12.385+0300][28.920s][info ][gc] GC(973) Pause Young (Normal) (G1 Evacuation Pause) 152M->153M(256M) 42.772ms
[2020-01-29T21:36:12.402+0300][28.937s][info ][gc] GC(974) Pause Young (Concurrent Start) (G1 Humongous Allocation) 155M->156M(256M) 5.576ms
[2020-01-29T21:36:12.402+0300][28.937s][info ][gc] GC(975) Concurrent Cycle
[2020-01-29T21:36:12.411+0300][28.946s][debug][gc] GC(975) Reclaimed 137 empty regions
[2020-01-29T21:36:12.411+0300][28.946s][info ][gc] GC(975) Pause Remark 194M->57M(256M) 0.657ms
[2020-01-29T21:36:12.429+0300][28.963s][info ][gc] GC(976) Pause Young (Normal) (G1 Evacuation Pause) 61M->59M(256M) 15.379ms
[2020-01-29T21:36:12.446+0300][28.980s][info ][gc] GC(975) Pause Cleanup 100M->100M(256M) 0.045ms
[2020-01-29T21:36:12.446+0300][28.981s][info ][gc] GC(975) Concurrent Cycle 43.383ms
[2020-01-29T21:36:12.489+0300][29.025s][info ][gc] GC(977) Pause Young (Normal) (G1 Evacuation Pause) 112M->112M(256M) 39.807ms
[2020-01-29T21:36:12.529+0300][29.065s][info ][gc] GC(978) Pause Young (Concurrent Start) (G1 Evacuation Pause) 148M->149M(256M) 25.571ms
[2020-01-29T21:36:12.529+0300][29.065s][info ][gc] GC(979) Concurrent Cycle
[2020-01-29T21:36:12.572+0300][29.108s][info ][gc] GC(980) Pause Young (Normal) (G1 Evacuation Pause) 194M->195M(256M) 19.592ms
[2020-01-29T21:36:12.587+0300][29.122s][info ][gc] GC(981) Pause Young (Normal) (G1 Evacuation Pause) 205M->206M(256M) 9.210ms
[2020-01-29T21:36:12.599+0300][29.134s][info ][gc] GC(982) Pause Young (Normal) (G1 Evacuation Pause) 216M->217M(256M) 8.061ms
[2020-01-29T21:36:12.612+0300][29.147s][info ][gc] GC(983) Pause Young (Normal) (G1 Evacuation Pause) 227M->228M(256M) 8.103ms
[2020-01-29T21:36:12.624+0300][29.159s][info ][gc] GC(984) Pause Young (Normal) (G1 Evacuation Pause) 238M->240M(256M) 8.134ms
[2020-01-29T21:36:12.645+0300][29.180s][info ][gc] GC(985) To-space exhausted
[2020-01-29T21:36:12.645+0300][29.180s][info ][gc] GC(985) Pause Young (Normal) (G1 Evacuation Pause) 250M->252M(256M) 16.488ms
[2020-01-29T21:36:12.658+0300][29.193s][info ][gc] GC(986) To-space exhausted
[2020-01-29T21:36:12.658+0300][29.193s][info ][gc] GC(986) Pause Young (Normal) (G1 Evacuation Pause) 255M->255M(256M) 11.927ms
[2020-01-29T21:36:12.658+0300][29.193s][debug][gc] GC(987) Clear Next Bitmap 0.072ms
[2020-01-29T21:36:12.710+0300][29.245s][info ][gc] GC(987) Pause Full (G1 Evacuation Pause) 255M->95M(256M) 51.932ms
[2020-01-29T21:36:12.710+0300][29.246s][info ][gc] GC(979) Concurrent Cycle 180.597ms
[2020-01-29T21:36:12.759+0300][29.295s][info ][gc] GC(988) Pause Young (Concurrent Start) (G1 Humongous Allocation) 136M->136M(256M) 22.404ms
[2020-01-29T21:36:12.759+0300][29.295s][info ][gc] GC(989) Concurrent Cycle
[2020-01-29T21:36:12.802+0300][29.337s][info ][gc] GC(990) Pause Young (Normal) (G1 Evacuation Pause) 184M->185M(256M) 20.365ms
[2020-01-29T21:36:12.806+0300][29.341s][debug][gc] GC(989) Reclaimed 94 empty regions
[2020-01-29T21:36:12.806+0300][29.341s][info ][gc] GC(989) Pause Remark 193M->101M(256M) 0.577ms
[2020-01-29T21:36:12.820+0300][29.355s][info ][gc] GC(991) Pause Young (Normal) (G1 Evacuation Pause) 106M->107M(256M) 11.126ms
[2020-01-29T21:36:12.863+0300][29.399s][info ][gc] GC(992) Pause Young (Normal) (G1 Evacuation Pause) 145M->146M(256M) 28.091ms
[2020-01-29T21:36:12.908+0300][29.443s][info ][gc] GC(993) Pause Young (Normal) (G1 Evacuation Pause) 171M->172M(256M) 33.564ms
[2020-01-29T21:36:12.957+0300][29.492s][info ][gc] GC(994) Pause Young (Normal) (G1 Evacuation Pause) 209M->210M(256M) 30.382ms
[2020-01-29T21:36:12.988+0300][29.523s][info ][gc] GC(995) Pause Young (Normal) (G1 Evacuation Pause) 219M->220M(256M) 24.708ms
[2020-01-29T21:36:13.019+0300][29.553s][info ][gc] GC(996) Pause Young (Normal) (G1 Evacuation Pause) 230M->231M(256M) 25.526ms
[2020-01-29T21:36:13.023+0300][29.558s][info ][gc] GC(989) Pause Cleanup 239M->239M(256M) 0.048ms
[2020-01-29T21:36:13.023+0300][29.558s][info ][gc] GC(989) Concurrent Cycle 263.490ms
[2020-01-29T21:36:13.047+0300][29.583s][info ][gc] GC(997) Pause Young (Normal) (G1 Evacuation Pause) 241M->241M(256M) 24.130ms
[2020-01-29T21:36:13.072+0300][29.608s][info ][gc] GC(998) To-space exhausted
[2020-01-29T21:36:13.072+0300][29.608s][info ][gc] GC(998) Pause Young (Concurrent Start) (G1 Evacuation Pause) 251M->255M(256M) 20.178ms
[2020-01-29T21:36:13.072+0300][29.608s][info ][gc] GC(1000) Concurrent Cycle
[2020-01-29T21:36:13.073+0300][29.609s][debug][gc] GC(999) Clear Next Bitmap 0.061ms
[2020-01-29T21:36:13.109+0300][29.644s][info ][gc] GC(999) Pause Full (G1 Evacuation Pause) 255M->67M(256M) 36.220ms
[2020-01-29T21:36:13.109+0300][29.644s][info ][gc] GC(1000) Concurrent Cycle 36.575ms
[2020-01-29T21:36:13.156+0300][29.691s][info ][gc] GC(1001) Pause Young (Normal) (G1 Evacuation Pause) 117M->117M(256M) 27.220ms
[2020-01-29T21:36:13.201+0300][29.736s][info ][gc] GC(1002) Pause Young (Concurrent Start) (G1 Humongous Allocation) 137M->138M(256M) 15.466ms
[2020-01-29T21:36:13.201+0300][29.736s][info ][gc] GC(1003) Concurrent Cycle
[2020-01-29T21:36:13.236+0300][29.772s][info ][gc] GC(1004) Pause Young (Normal) (G1 Evacuation Pause) 186M->187M(256M) 21.080ms
[2020-01-29T21:36:13.241+0300][29.776s][debug][gc] GC(1003) Reclaimed 108 empty regions
[2020-01-29T21:36:13.241+0300][29.776s][info ][gc] GC(1003) Pause Remark 196M->90M(256M) 0.588ms
[2020-01-29T21:36:13.253+0300][29.788s][info ][gc] GC(1005) Pause Young (Normal) (G1 Evacuation Pause) 92M->93M(256M) 10.363ms
[2020-01-29T21:36:13.301+0300][29.836s][info ][gc] GC(1006) Pause Young (Normal) (G1 Evacuation Pause) 135M->136M(256M) 30.902ms
[2020-01-29T21:36:13.353+0300][29.888s][info ][gc] GC(1007) Pause Young (Normal) (G1 Evacuation Pause) 165M->166M(256M) 38.952ms
[2020-01-29T21:36:13.409+0300][29.944s][info ][gc] GC(1008) Pause Young (Normal) (G1 Evacuation Pause) 205M->207M(256M) 35.944ms
[2020-01-29T21:36:13.442+0300][29.978s][info ][gc] GC(1009) Pause Young (Normal) (G1 Evacuation Pause) 216M->217M(256M) 30.168ms
[2020-01-29T21:36:13.443+0300][29.979s][info ][gc] GC(1003) Pause Cleanup 219M->219M(256M) 0.044ms
[2020-01-29T21:36:13.444+0300][29.979s][info ][gc] GC(1003) Concurrent Cycle 242.892ms
[2020-01-29T21:36:13.474+0300][30.010s][info ][gc] GC(1010) Pause Young (Normal) (G1 Evacuation Pause) 227M->227M(256M) 27.037ms
[2020-01-29T21:36:13.486+0300][30.022s][info ][gc] GC(1011) Pause Young (Concurrent Start) (G1 Evacuation Pause) 237M->239M(256M) 7.568ms
[2020-01-29T21:36:13.486+0300][30.022s][info ][gc] GC(1012) Concurrent Cycle
[2020-01-29T21:36:13.508+0300][30.044s][info ][gc] GC(1013) To-space exhausted
[2020-01-29T21:36:13.508+0300][30.044s][info ][gc] GC(1013) Pause Young (Normal) (G1 Evacuation Pause) 249M->252M(256M) 15.596ms
[2020-01-29T21:36:13.521+0300][30.057s][info ][gc] GC(1014) To-space exhausted
[2020-01-29T21:36:13.521+0300][30.057s][info ][gc] GC(1014) Pause Young (Normal) (G1 Evacuation Pause) 255M->255M(256M) 11.688ms
[2020-01-29T21:36:13.522+0300][30.057s][debug][gc] GC(1015) Clear Next Bitmap 0.066ms
[2020-01-29T21:36:13.564+0300][30.100s][info ][gc] GC(1015) Pause Full (G1 Evacuation Pause) 255M->79M(256M) 42.566ms
[2020-01-29T21:36:13.564+0300][30.100s][info ][gc] GC(1012) Concurrent Cycle 77.850ms
[2020-01-29T21:36:13.609+0300][30.144s][info ][gc] GC(1016) Pause Young (Normal) (G1 Evacuation Pause) 126M->126M(256M) 25.673ms
[2020-01-29T21:36:13.634+0300][30.169s][info ][gc] GC(1017) Pause Young (Concurrent Start) (G1 Humongous Allocation) 137M->138M(256M) 10.450ms
[2020-01-29T21:36:13.634+0300][30.169s][info ][gc] GC(1018) Concurrent Cycle
[2020-01-29T21:36:13.667+0300][30.202s][info ][gc] GC(1019) Pause Young (Normal) (G1 Evacuation Pause) 186M->186M(256M) 19.808ms
[2020-01-29T21:36:13.668+0300][30.203s][debug][gc] GC(1018) Reclaimed 116 empty regions
[2020-01-29T21:36:13.668+0300][30.203s][info ][gc] GC(1018) Pause Remark 187M->72M(256M) 0.595ms
[2020-01-29T21:36:13.684+0300][30.219s][info ][gc] GC(1020) Pause Young (Normal) (G1 Evacuation Pause) 84M->85M(256M) 11.510ms
[2020-01-29T21:36:13.737+0300][30.271s][info ][gc] GC(1021) Pause Young (Normal) (G1 Evacuation Pause) 130M->130M(256M) 33.957ms
[2020-01-29T21:36:13.803+0300][30.338s][info ][gc] GC(1022) Pause Young (Normal) (G1 Evacuation Pause) 180M->182M(256M) 42.438ms
[2020-01-29T21:36:13.804+0300][30.340s][info ][gc] GC(1018) Pause Cleanup 182M->182M(256M) 0.046ms
[2020-01-29T21:36:13.805+0300][30.340s][info ][gc] GC(1018) Concurrent Cycle 170.641ms
[2020-01-29T21:36:13.840+0300][30.375s][info ][gc] GC(1023) Pause Young (Normal) (G1 Evacuation Pause) 196M->196M(256M) 29.498ms
[2020-01-29T21:36:13.853+0300][30.388s][info ][gc] GC(1024) Pause Young (Concurrent Start) (G1 Evacuation Pause) 206M->207M(256M) 8.845ms
[2020-01-29T21:36:13.853+0300][30.388s][info ][gc] GC(1025) Concurrent Cycle
[2020-01-29T21:36:13.868+0300][30.403s][info ][gc] GC(1026) Pause Young (Normal) (G1 Evacuation Pause) 217M->218M(256M) 8.078ms
[2020-01-29T21:36:13.880+0300][30.415s][info ][gc] GC(1027) Pause Young (Normal) (G1 Evacuation Pause) 228M->229M(256M) 7.224ms
[2020-01-29T21:36:13.892+0300][30.427s][info ][gc] GC(1028) Pause Young (Normal) (G1 Evacuation Pause) 239M->240M(256M) 7.436ms
[2020-01-29T21:36:13.912+0300][30.447s][info ][gc] GC(1029) To-space exhausted
[2020-01-29T21:36:13.912+0300][30.448s][info ][gc] GC(1029) Pause Young (Normal) (G1 Evacuation Pause) 250M->252M(256M) 16.531ms
[2020-01-29T21:36:13.925+0300][30.460s][info ][gc] GC(1030) To-space exhausted
[2020-01-29T21:36:13.925+0300][30.460s][info ][gc] GC(1030) Pause Young (Normal) (G1 Evacuation Pause) 255M->255M(256M) 11.677ms
[2020-01-29T21:36:13.925+0300][30.461s][debug][gc] GC(1031) Clear Next Bitmap 0.069ms
[2020-01-29T21:36:13.977+0300][30.512s][info ][gc] GC(1031) Pause Full (G1 Evacuation Pause) 255M->89M(256M) 51.508ms
[2020-01-29T21:36:13.977+0300][30.512s][info ][gc] GC(1025) Concurrent Cycle 123.990ms
[2020-01-29T21:36:14.019+0300][30.554s][info ][gc] GC(1032) Pause Young (Normal) (G1 Evacuation Pause) 132M->132M(256M) 24.195ms
[2020-01-29T21:36:14.038+0300][30.573s][info ][gc] GC(1033) Pause Young (Concurrent Start) (G1 Humongous Allocation) 136M->137M(256M) 7.345ms
[2020-01-29T21:36:14.038+0300][30.573s][info ][gc] GC(1034) Concurrent Cycle
[2020-01-29T21:36:14.048+0300][30.583s][debug][gc] GC(1034) Reclaimed 124 empty regions
[2020-01-29T21:36:14.048+0300][30.583s][info ][gc] GC(1034) Pause Remark 176M->55M(256M) 0.579ms
[2020-01-29T21:36:14.070+0300][30.605s][info ][gc] GC(1035) Pause Young (Normal) (G1 Evacuation Pause) 63M->60M(256M) 18.668ms
[2020-01-29T21:36:14.084+0300][30.619s][info ][gc] GC(1034) Pause Cleanup 92M->92M(256M) 0.038ms
[2020-01-29T21:36:14.084+0300][30.619s][info ][gc] GC(1034) Concurrent Cycle 45.936ms
[2020-01-29T21:36:14.134+0300][30.668s][info ][gc] GC(1036) Pause Young (Normal) (G1 Evacuation Pause) 113M->113M(256M) 40.965ms
[2020-01-29T21:36:14.181+0300][30.717s][info ][gc] GC(1037) Pause Young (Concurrent Start) (G1 Humongous Allocation) 148M->148M(256M) 23.285ms
[2020-01-29T21:36:14.181+0300][30.717s][info ][gc] GC(1038) Concurrent Cycle
[2020-01-29T21:36:14.223+0300][30.758s][info ][gc] GC(1039) Pause Young (Normal) (G1 Evacuation Pause) 193M->194M(256M) 19.306ms
[2020-01-29T21:36:14.227+0300][30.763s][debug][gc] GC(1038) Reclaimed 101 empty regions
[2020-01-29T21:36:14.227+0300][30.763s][info ][gc] GC(1038) Pause Remark 203M->102M(256M) 0.575ms
[2020-01-29T21:36:14.237+0300][30.773s][info ][gc] GC(1040) Pause Young (Normal) (G1 Evacuation Pause) 103M->104M(256M) 9.338ms
[2020-01-29T21:36:14.282+0300][30.817s][info ][gc] GC(1041) Pause Young (Normal) (G1 Evacuation Pause) 143M->144M(256M) 28.359ms
[2020-01-29T21:36:14.327+0300][30.863s][info ][gc] GC(1042) Pause Young (Normal) (G1 Evacuation Pause) 170M->170M(256M) 33.764ms
[2020-01-29T21:36:14.384+0300][30.919s][info ][gc] GC(1043) Pause Young (Normal) (G1 Evacuation Pause) 208M->209M(256M) 36.733ms
[2020-01-29T21:36:14.418+0300][30.954s][info ][gc] GC(1044) Pause Young (Normal) (G1 Evacuation Pause) 218M->219M(256M) 29.753ms
[2020-01-29T21:36:14.453+0300][30.988s][info ][gc] GC(1045) Pause Young (Normal) (G1 Evacuation Pause) 229M->230M(256M) 29.637ms
[2020-01-29T21:36:14.488+0300][31.023s][info ][gc] GC(1046) Pause Young (Normal) (G1 Evacuation Pause) 240M->241M(256M) 30.364ms
[2020-01-29T21:36:14.494+0300][31.029s][info ][gc] GC(1038) Pause Cleanup 248M->248M(256M) 0.050ms
[2020-01-29T21:36:14.494+0300][31.029s][info ][gc] GC(1038) Concurrent Cycle 312.643ms
[2020-01-29T21:36:14.533+0300][31.068s][info ][gc] GC(1047) To-space exhausted
[2020-01-29T21:36:14.533+0300][31.068s][info ][gc] GC(1047) Pause Young (Normal) (G1 Evacuation Pause) 251M->254M(256M) 36.709ms
[2020-01-29T21:36:14.542+0300][31.077s][info ][gc] GC(1048) To-space exhausted
[2020-01-29T21:36:14.542+0300][31.077s][info ][gc] GC(1048) Pause Young (Concurrent Start) (G1 Evacuation Pause) 255M->255M(256M) 8.561ms
[2020-01-29T21:36:14.542+0300][31.077s][info ][gc] GC(1050) Concurrent Cycle
[2020-01-29T21:36:14.542+0300][31.077s][debug][gc] GC(1049) Clear Next Bitmap 0.074ms
[2020-01-29T21:36:14.577+0300][31.112s][info ][gc] GC(1049) Pause Full (G1 Evacuation Pause) 255M->64M(256M) 34.714ms
[2020-01-29T21:36:14.577+0300][31.112s][info ][gc] GC(1050) Concurrent Cycle 35.084ms
[2020-01-29T21:36:14.631+0300][31.167s][info ][gc] GC(1051) Pause Young (Normal) (G1 Evacuation Pause) 120M->120M(256M) 32.365ms
[2020-01-29T21:36:14.663+0300][31.198s][info ][gc] GC(1052) Pause Young (Concurrent Start) (G1 Humongous Allocation) 136M->137M(256M) 14.372ms
[2020-01-29T21:36:14.663+0300][31.198s][info ][gc] GC(1053) Concurrent Cycle
[2020-01-29T21:36:14.699+0300][31.235s][info ][gc] GC(1054) Pause Young (Normal) (G1 Evacuation Pause) 185M->186M(256M) 21.684ms
[2020-01-29T21:36:14.702+0300][31.237s][debug][gc] GC(1053) Reclaimed 112 empty regions
[2020-01-29T21:36:14.702+0300][31.237s][info ][gc] GC(1053) Pause Remark 190M->81M(256M) 0.794ms
[2020-01-29T21:36:14.716+0300][31.251s][info ][gc] GC(1055) Pause Young (Normal) (G1 Evacuation Pause) 89M->90M(256M) 9.650ms
[2020-01-29T21:36:14.765+0300][31.300s][info ][gc] GC(1056) Pause Young (Normal) (G1 Evacuation Pause) 133M->133M(256M) 32.003ms
[2020-01-29T21:36:14.818+0300][31.353s][info ][gc] GC(1057) Pause Young (Normal) (G1 Evacuation Pause) 163M->164M(256M) 39.116ms
[2020-01-29T21:36:14.837+0300][31.371s][info ][gc] GC(1053) Pause Cleanup 192M->192M(256M) 0.063ms
[2020-01-29T21:36:14.837+0300][31.372s][info ][gc] GC(1053) Concurrent Cycle 173.296ms
[2020-01-29T21:36:14.873+0300][31.408s][info ][gc] GC(1058) Pause Young (Normal) (G1 Evacuation Pause) 204M->205M(256M) 30.958ms
[2020-01-29T21:36:14.886+0300][31.421s][info ][gc] GC(1059) Pause Young (Concurrent Start) (G1 Evacuation Pause) 213M->214M(256M) 8.312ms
[2020-01-29T21:36:14.886+0300][31.421s][info ][gc] GC(1060) Concurrent Cycle
[2020-01-29T21:36:14.901+0300][31.436s][info ][gc] GC(1061) Pause Young (Normal) (G1 Evacuation Pause) 224M->225M(256M) 7.940ms
[2020-01-29T21:36:14.913+0300][31.448s][info ][gc] GC(1062) Pause Young (Normal) (G1 Evacuation Pause) 235M->235M(256M) 7.636ms
[2020-01-29T21:36:14.928+0300][31.464s][info ][gc] GC(1063) To-space exhausted
[2020-01-29T21:36:14.929+0300][31.464s][info ][gc] GC(1063) Pause Young (Normal) (G1 Evacuation Pause) 245M->248M(256M) 11.917ms
[2020-01-29T21:36:14.951+0300][31.486s][info ][gc] GC(1064) To-space exhausted
[2020-01-29T21:36:14.951+0300][31.486s][info ][gc] GC(1064) Pause Young (Normal) (G1 Evacuation Pause) 255M->255M(256M) 18.941ms
[2020-01-29T21:36:14.951+0300][31.487s][debug][gc] GC(1065) Clear Next Bitmap 0.072ms
[2020-01-29T21:36:14.998+0300][31.534s][info ][gc] GC(1065) Pause Full (G1 Evacuation Pause) 255M->84M(256M) 47.462ms
[2020-01-29T21:36:14.999+0300][31.534s][info ][gc] GC(1060) Concurrent Cycle 113.100ms
[2020-01-29T21:36:15.044+0300][31.579s][info ][gc] GC(1066) Pause Young (Normal) (G1 Evacuation Pause) 129M->129M(256M) 25.835ms
[2020-01-29T21:36:15.066+0300][31.602s][info ][gc] GC(1067) Pause Young (Concurrent Start) (G1 Humongous Allocation) 136M->136M(256M) 8.882ms
[2020-01-29T21:36:15.067+0300][31.602s][info ][gc] GC(1068) Concurrent Cycle
[2020-01-29T21:36:15.078+0300][31.613s][debug][gc] GC(1068) Reclaimed 121 empty regions
[2020-01-29T21:36:15.078+0300][31.613s][info ][gc] GC(1068) Pause Remark 179M->60M(256M) 0.602ms
[2020-01-29T21:36:15.099+0300][31.634s][info ][gc] GC(1069) Pause Young (Normal) (G1 Evacuation Pause) 65M->62M(256M) 18.156ms
[2020-01-29T21:36:15.117+0300][31.652s][info ][gc] GC(1068) Pause Cleanup 107M->107M(256M) 0.037ms
[2020-01-29T21:36:15.117+0300][31.652s][info ][gc] GC(1068) Concurrent Cycle 50.540ms
[2020-01-29T21:36:15.161+0300][31.696s][info ][gc] GC(1070) Pause Young (Normal) (G1 Evacuation Pause) 114M->115M(256M) 40.251ms
[2020-01-29T21:36:15.203+0300][31.738s][info ][gc] GC(1071) Pause Young (Concurrent Start) (G1 Evacuation Pause) 150M->151M(256M) 26.139ms
[2020-01-29T21:36:15.203+0300][31.738s][info ][gc] GC(1072) Concurrent Cycle
[2020-01-29T21:36:15.245+0300][31.780s][info ][gc] GC(1073) Pause Young (Normal) (G1 Evacuation Pause) 195M->196M(256M) 18.542ms
[2020-01-29T21:36:15.258+0300][31.793s][info ][gc] GC(1074) Pause Young (Normal) (G1 Evacuation Pause) 206M->207M(256M) 9.029ms
[2020-01-29T21:36:15.272+0300][31.807s][info ][gc] GC(1075) Pause Young (Normal) (G1 Evacuation Pause) 217M->217M(256M) 9.045ms
[2020-01-29T21:36:15.290+0300][31.824s][info ][gc] GC(1076) Pause Young (Normal) (G1 Evacuation Pause) 227M->228M(256M) 8.244ms
[2020-01-29T21:36:15.301+0300][31.837s][info ][gc] GC(1077) Pause Young (Normal) (G1 Evacuation Pause) 238M->238M(256M) 8.133ms
[2020-01-29T21:36:15.321+0300][31.857s][info ][gc] GC(1078) To-space exhausted
[2020-01-29T21:36:15.321+0300][31.857s][info ][gc] GC(1078) Pause Young (Normal) (G1 Evacuation Pause) 248M->251M(256M) 14.568ms
[2020-01-29T21:36:15.337+0300][31.872s][info ][gc] GC(1079) To-space exhausted
[2020-01-29T21:36:15.337+0300][31.872s][info ][gc] GC(1079) Pause Young (Normal) (G1 Evacuation Pause) 255M->255M(256M) 13.769ms
[2020-01-29T21:36:15.337+0300][31.872s][debug][gc] GC(1080) Clear Next Bitmap 0.057ms
[2020-01-29T21:36:15.393+0300][31.929s][info ][gc] GC(1080) Pause Full (G1 Evacuation Pause) 255M->99M(256M) 56.278ms
[2020-01-29T21:36:15.393+0300][31.929s][info ][gc] GC(1072) Concurrent Cycle 190.617ms
[2020-01-29T21:36:15.441+0300][31.976s][info ][gc] GC(1081) Pause Young (Concurrent Start) (G1 Humongous Allocation) 136M->136M(256M) 21.250ms
[2020-01-29T21:36:15.441+0300][31.976s][info ][gc] GC(1082) Concurrent Cycle
[2020-01-29T21:36:15.482+0300][32.017s][info ][gc] GC(1083) Pause Young (Normal) (G1 Evacuation Pause) 184M->185M(256M) 20.540ms
[2020-01-29T21:36:15.487+0300][32.022s][debug][gc] GC(1082) Reclaimed 99 empty regions
[2020-01-29T21:36:15.487+0300][32.022s][info ][gc] GC(1082) Pause Remark 190M->94M(256M) 0.680ms
[2020-01-29T21:36:15.502+0300][32.037s][info ][gc] GC(1084) Pause Young (Normal) (G1 Evacuation Pause) 101M->102M(256M) 11.622ms
[2020-01-29T21:36:15.548+0300][32.083s][info ][gc] GC(1085) Pause Young (Normal) (G1 Evacuation Pause) 141M->143M(256M) 29.295ms
[2020-01-29T21:36:15.592+0300][32.127s][info ][gc] GC(1086) Pause Young (Normal) (G1 Evacuation Pause) 169M->170M(256M) 33.434ms
[2020-01-29T21:36:15.643+0300][32.179s][info ][gc] GC(1087) Pause Young (Normal) (G1 Evacuation Pause) 208M->209M(256M) 31.063ms
[2020-01-29T21:36:15.673+0300][32.208s][info ][gc] GC(1088) Pause Young (Normal) (G1 Evacuation Pause) 218M->218M(256M) 25.008ms
[2020-01-29T21:36:15.677+0300][32.212s][info ][gc] GC(1082) Pause Cleanup 223M->223M(256M) 0.046ms
[2020-01-29T21:36:15.677+0300][32.213s][info ][gc] GC(1082) Concurrent Cycle 236.320ms
[2020-01-29T21:36:15.705+0300][32.240s][info ][gc] GC(1089) Pause Young (Normal) (G1 Evacuation Pause) 228M->229M(256M) 24.417ms
[2020-01-29T21:36:15.717+0300][32.252s][info ][gc] GC(1090) Pause Young (Concurrent Start) (G1 Evacuation Pause) 239M->240M(256M) 8.034ms
[2020-01-29T21:36:15.717+0300][32.252s][info ][gc] GC(1091) Concurrent Cycle
[2020-01-29T21:36:15.740+0300][32.275s][info ][gc] GC(1092) To-space exhausted
[2020-01-29T21:36:15.740+0300][32.276s][info ][gc] GC(1092) Pause Young (Normal) (G1 Evacuation Pause) 250M->253M(256M) 16.977ms
[2020-01-29T21:36:15.752+0300][32.287s][info ][gc] GC(1093) To-space exhausted
[2020-01-29T21:36:15.752+0300][32.287s][info ][gc] GC(1093) Pause Young (Normal) (G1 Evacuation Pause) 255M->255M(256M) 10.587ms
[2020-01-29T21:36:15.752+0300][32.287s][debug][gc] GC(1094) Clear Next Bitmap 0.061ms
[2020-01-29T21:36:15.790+0300][32.325s][info ][gc] GC(1094) Pause Full (G1 Evacuation Pause) 255M->72M(256M) 37.930ms
[2020-01-29T21:36:15.790+0300][32.325s][info ][gc] GC(1091) Concurrent Cycle 73.094ms
[2020-01-29T21:36:15.837+0300][32.372s][info ][gc] GC(1095) Pause Young (Normal) (G1 Evacuation Pause) 121M->121M(256M) 27.472ms
[2020-01-29T21:36:15.867+0300][32.403s][info ][gc] GC(1096) Pause Young (Concurrent Start) (G1 Humongous Allocation) 137M->137M(256M) 13.807ms
[2020-01-29T21:36:15.867+0300][32.403s][info ][gc] GC(1097) Concurrent Cycle
[2020-01-29T21:36:15.900+0300][32.436s][info ][gc] GC(1098) Pause Young (Normal) (G1 Evacuation Pause) 185M->186M(256M) 20.316ms
[2020-01-29T21:36:15.905+0300][32.441s][debug][gc] GC(1097) Reclaimed 112 empty regions
[2020-01-29T21:36:15.905+0300][32.441s][info ][gc] GC(1097) Pause Remark 192M->82M(256M) 0.591ms
[2020-01-29T21:36:15.919+0300][32.454s][info ][gc] GC(1099) Pause Young (Normal) (G1 Evacuation Pause) 88M->89M(256M) 10.937ms
[2020-01-29T21:36:15.969+0300][32.505s][info ][gc] GC(1100) Pause Young (Normal) (G1 Evacuation Pause) 132M->133M(256M) 32.085ms
[2020-01-29T21:36:16.022+0300][32.557s][info ][gc] GC(1101) Pause Young (Normal) (G1 Evacuation Pause) 163M->164M(256M) 39.774ms
[2020-01-29T21:36:16.042+0300][32.577s][info ][gc] GC(1097) Pause Cleanup 200M->200M(256M) 0.041ms
[2020-01-29T21:36:16.042+0300][32.577s][info ][gc] GC(1097) Concurrent Cycle 173.693ms
[2020-01-29T21:36:16.076+0300][32.612s][info ][gc] GC(1102) Pause Young (Normal) (G1 Evacuation Pause) 204M->205M(256M) 33.644ms
[2020-01-29T21:36:16.088+0300][32.623s][info ][gc] GC(1103) Pause Young (Concurrent Start) (G1 Evacuation Pause) 213M->213M(256M) 7.807ms
[2020-01-29T21:36:16.088+0300][32.623s][info ][gc] GC(1104) Concurrent Cycle
[2020-01-29T21:36:16.102+0300][32.638s][info ][gc] GC(1105) Pause Young (Normal) (G1 Evacuation Pause) 223M->224M(256M) 8.157ms
[2020-01-29T21:36:16.115+0300][32.650s][info ][gc] GC(1106) Pause Young (Normal) (G1 Evacuation Pause) 234M->235M(256M) 7.822ms
[2020-01-29T21:36:16.131+0300][32.666s][info ][gc] GC(1107) To-space exhausted
[2020-01-29T21:36:16.131+0300][32.666s][info ][gc] GC(1107) Pause Young (Normal) (G1 Evacuation Pause) 245M->248M(256M) 11.599ms
[2020-01-29T21:36:16.153+0300][32.688s][info ][gc] GC(1108) To-space exhausted
[2020-01-29T21:36:16.153+0300][32.688s][info ][gc] GC(1108) Pause Young (Normal) (G1 Evacuation Pause) 255M->255M(256M) 19.373ms
[2020-01-29T21:36:16.154+0300][32.689s][debug][gc] GC(1109) Clear Next Bitmap 0.072ms
[2020-01-29T21:36:16.202+0300][32.737s][info ][gc] GC(1109) Pause Full (G1 Evacuation Pause) 255M->84M(256M) 48.325ms
[2020-01-29T21:36:16.202+0300][32.737s][info ][gc] GC(1104) Concurrent Cycle 113.909ms
[2020-01-29T21:36:16.251+0300][32.787s][info ][gc] GC(1110) Pause Young (Normal) (G1 Evacuation Pause) 129M->129M(256M) 29.607ms
[2020-01-29T21:36:16.274+0300][32.810s][info ][gc] GC(1111) Pause Young (Concurrent Start) (G1 Humongous Allocation) 137M->137M(256M) 8.845ms
[2020-01-29T21:36:16.275+0300][32.810s][info ][gc] GC(1112) Concurrent Cycle
[2020-01-29T21:36:16.286+0300][32.821s][debug][gc] GC(1112) Reclaimed 121 empty regions
[2020-01-29T21:36:16.286+0300][32.822s][info ][gc] GC(1112) Pause Remark 182M->63M(256M) 0.578ms
[2020-01-29T21:36:16.306+0300][32.841s][info ][gc] GC(1113) Pause Young (Normal) (G1 Evacuation Pause) 66M->63M(256M) 18.118ms
[2020-01-29T21:36:16.325+0300][32.861s][info ][gc] GC(1112) Pause Cleanup 109M->109M(256M) 0.035ms
[2020-01-29T21:36:16.326+0300][32.861s][info ][gc] GC(1112) Concurrent Cycle 51.432ms
[2020-01-29T21:36:16.369+0300][32.905s][info ][gc] GC(1114) Pause Young (Normal) (G1 Evacuation Pause) 115M->116M(256M) 41.080ms
[2020-01-29T21:36:16.418+0300][32.954s][info ][gc] GC(1115) Pause Young (Concurrent Start) (G1 Humongous Allocation) 151M->151M(256M) 23.767ms
[2020-01-29T21:36:16.418+0300][32.954s][info ][gc] GC(1116) Concurrent Cycle
[2020-01-29T21:36:16.468+0300][33.003s][info ][gc] GC(1117) Pause Young (Normal) (G1 Evacuation Pause) 195M->196M(256M) 25.783ms
[2020-01-29T21:36:16.473+0300][33.008s][debug][gc] GC(1116) Reclaimed 99 empty regions
[2020-01-29T21:36:16.473+0300][33.008s][info ][gc] GC(1116) Pause Remark 203M->104M(256M) 0.835ms
[2020-01-29T21:36:16.488+0300][33.023s][info ][gc] GC(1118) Pause Young (Normal) (G1 Evacuation Pause) 107M->108M(256M) 13.415ms
[2020-01-29T21:36:16.531+0300][33.066s][info ][gc] GC(1119) Pause Young (Normal) (G1 Evacuation Pause) 145M->146M(256M) 27.122ms
[2020-01-29T21:36:16.577+0300][33.111s][info ][gc] GC(1120) Pause Young (Normal) (G1 Evacuation Pause) 171M->172M(256M) 34.119ms
[2020-01-29T21:36:16.616+0300][33.152s][info ][gc] GC(1121) Pause Young (Normal) (G1 Evacuation Pause) 189M->190M(256M) 33.341ms
[2020-01-29T21:36:16.662+0300][33.198s][info ][gc] GC(1122) Pause Young (Normal) (G1 Evacuation Pause) 222M->223M(256M) 28.523ms
[2020-01-29T21:36:16.695+0300][33.231s][info ][gc] GC(1123) Pause Young (Normal) (G1 Evacuation Pause) 233M->234M(256M) 25.339ms
[2020-01-29T21:36:16.728+0300][33.264s][info ][gc] GC(1124) To-space exhausted
[2020-01-29T21:36:16.728+0300][33.264s][info ][gc] GC(1124) Pause Young (Normal) (G1 Evacuation Pause) 244M->248M(256M) 28.365ms
[2020-01-29T21:36:16.731+0300][33.266s][info ][gc] GC(1116) Pause Cleanup 253M->253M(256M) 0.055ms
[2020-01-29T21:36:16.731+0300][33.266s][info ][gc] GC(1116) Concurrent Cycle 312.454ms
[2020-01-29T21:36:16.765+0300][33.301s][info ][gc] GC(1125) To-space exhausted
[2020-01-29T21:36:16.765+0300][33.301s][info ][gc] GC(1125) Pause Young (Normal) (G1 Evacuation Pause) 255M->255M(256M) 33.559ms
[2020-01-29T21:36:16.795+0300][33.330s][info ][gc] GC(1126) Pause Full (G1 Evacuation Pause) 255M->59M(256M) 29.674ms
[2020-01-29T21:36:16.850+0300][33.385s][info ][gc] GC(1127) Pause Young (Concurrent Start) (G1 Evacuation Pause) 116M->116M(256M) 31.899ms
[2020-01-29T21:36:16.850+0300][33.385s][info ][gc] GC(1128) Concurrent Cycle
[2020-01-29T21:36:16.906+0300][33.441s][info ][gc] GC(1129) Pause Young (Normal) (G1 Evacuation Pause) 171M->172M(256M) 25.989ms
[2020-01-29T21:36:16.927+0300][33.462s][info ][gc] GC(1130) Pause Young (Normal) (G1 Evacuation Pause) 189M->190M(256M) 13.311ms
[2020-01-29T21:36:16.941+0300][33.476s][info ][gc] GC(1131) Pause Young (Normal) (G1 Evacuation Pause) 201M->202M(256M) 8.568ms
[2020-01-29T21:36:16.954+0300][33.488s][info ][gc] GC(1132) Pause Young (Normal) (G1 Evacuation Pause) 212M->213M(256M) 7.902ms
[2020-01-29T21:36:16.966+0300][33.501s][info ][gc] GC(1133) Pause Young (Normal) (G1 Evacuation Pause) 223M->224M(256M) 7.873ms
[2020-01-29T21:36:16.978+0300][33.513s][info ][gc] GC(1134) Pause Young (Normal) (G1 Evacuation Pause) 234M->235M(256M) 8.125ms
[2020-01-29T21:36:16.996+0300][33.532s][info ][gc] GC(1135) To-space exhausted
[2020-01-29T21:36:16.996+0300][33.532s][info ][gc] GC(1135) Pause Young (Normal) (G1 Evacuation Pause) 245M->249M(256M) 14.314ms
[2020-01-29T21:36:17.012+0300][33.547s][info ][gc] GC(1136) To-space exhausted
[2020-01-29T21:36:17.012+0300][33.547s][info ][gc] GC(1136) Pause Young (Normal) (G1 Evacuation Pause) 253M->253M(256M) 13.690ms
[2020-01-29T21:36:17.012+0300][33.548s][debug][gc] GC(1137) Clear Next Bitmap 0.095ms
[2020-01-29T21:36:17.072+0300][33.608s][info ][gc] GC(1137) Pause Full (G1 Evacuation Pause) 253M->107M(256M) 60.367ms
[2020-01-29T21:36:17.073+0300][33.608s][info ][gc] GC(1128) Concurrent Cycle 222.914ms
[2020-01-29T21:36:17.118+0300][33.654s][info ][gc] GC(1138) Pause Young (Concurrent Start) (G1 Humongous Allocation) 136M->136M(256M) 22.602ms
[2020-01-29T21:36:17.118+0300][33.654s][info ][gc] GC(1139) Concurrent Cycle
[2020-01-29T21:36:17.155+0300][33.690s][info ][gc] GC(1140) Pause Young (Normal) (G1 Evacuation Pause) 184M->185M(256M) 20.658ms
[2020-01-29T21:36:17.159+0300][33.694s][debug][gc] GC(1139) Reclaimed 107 empty regions
[2020-01-29T21:36:17.159+0300][33.695s][info ][gc] GC(1139) Pause Remark 193M->88M(256M) 0.572ms
[2020-01-29T21:36:17.173+0300][33.708s][info ][gc] GC(1141) Pause Young (Normal) (G1 Evacuation Pause) 93M->94M(256M) 11.504ms
[2020-01-29T21:36:17.226+0300][33.761s][info ][gc] GC(1142) Pause Young (Normal) (G1 Evacuation Pause) 138M->139M(256M) 33.857ms
[2020-01-29T21:36:17.286+0300][33.821s][info ][gc] GC(1143) Pause Young (Normal) (G1 Evacuation Pause) 167M->167M(256M) 47.305ms
[2020-01-29T21:36:17.306+0300][33.841s][info ][gc] GC(1139) Pause Cleanup 206M->206M(256M) 0.038ms
[2020-01-29T21:36:17.307+0300][33.842s][info ][gc] GC(1139) Concurrent Cycle 187.864ms
[2020-01-29T21:36:17.338+0300][33.873s][info ][gc] GC(1144) Pause Young (Normal) (G1 Evacuation Pause) 206M->207M(256M) 30.951ms
[2020-01-29T21:36:17.350+0300][33.884s][info ][gc] GC(1145) Pause Young (Concurrent Start) (G1 Evacuation Pause) 216M->217M(256M) 7.920ms
[2020-01-29T21:36:17.350+0300][33.884s][info ][gc] GC(1146) Concurrent Cycle
[2020-01-29T21:36:17.364+0300][33.899s][info ][gc] GC(1147) Pause Young (Normal) (G1 Evacuation Pause) 227M->228M(256M) 8.166ms
[2020-01-29T21:36:17.377+0300][33.913s][info ][gc] GC(1148) Pause Young (Normal) (G1 Evacuation Pause) 238M->239M(256M) 8.017ms
[2020-01-29T21:36:17.397+0300][33.933s][info ][gc] GC(1149) To-space exhausted
[2020-01-29T21:36:17.397+0300][33.933s][info ][gc] GC(1149) Pause Young (Normal) (G1 Evacuation Pause) 249M->251M(256M) 15.761ms
[2020-01-29T21:36:17.413+0300][33.948s][info ][gc] GC(1150) To-space exhausted
[2020-01-29T21:36:17.413+0300][33.948s][info ][gc] GC(1150) Pause Young (Normal) (G1 Evacuation Pause) 255M->255M(256M) 13.837ms
[2020-01-29T21:36:17.413+0300][33.949s][debug][gc] GC(1151) Clear Next Bitmap 0.068ms
[2020-01-29T21:36:17.456+0300][33.991s][info ][gc] GC(1151) Pause Full (G1 Evacuation Pause) 255M->81M(256M) 42.828ms
[2020-01-29T21:36:17.456+0300][33.992s][info ][gc] GC(1146) Concurrent Cycle 107.174ms
[2020-01-29T21:36:17.503+0300][34.038s][info ][gc] GC(1152) Pause Young (Normal) (G1 Evacuation Pause) 127M->127M(256M) 26.883ms
[2020-01-29T21:36:17.530+0300][34.065s][info ][gc] GC(1153) Pause Young (Concurrent Start) (G1 Humongous Allocation) 136M->137M(256M) 11.694ms
[2020-01-29T21:36:17.530+0300][34.065s][info ][gc] GC(1154) Concurrent Cycle
[2020-01-29T21:36:17.543+0300][34.078s][debug][gc] GC(1154) Reclaimed 118 empty regions
[2020-01-29T21:36:17.543+0300][34.078s][info ][gc] GC(1154) Pause Remark 184M->68M(256M) 0.593ms
[2020-01-29T21:36:17.563+0300][34.098s][info ][gc] GC(1155) Pause Young (Normal) (G1 Evacuation Pause) 69M->65M(256M) 19.473ms
[2020-01-29T21:36:17.629+0300][34.165s][info ][gc] GC(1156) Pause Young (Normal) (G1 Evacuation Pause) 117M->117M(256M) 43.563ms
[2020-01-29T21:36:17.630+0300][34.165s][info ][gc] GC(1154) Pause Cleanup 118M->118M(256M) 0.042ms
[2020-01-29T21:36:17.630+0300][34.166s][info ][gc] GC(1154) Concurrent Cycle 100.947ms
[2020-01-29T21:36:17.700+0300][34.236s][info ][gc] GC(1157) Pause Young (Concurrent Start) (G1 Humongous Allocation) 152M->153M(256M) 44.857ms
[2020-01-29T21:36:17.700+0300][34.236s][info ][gc] GC(1158) Concurrent Cycle
[2020-01-29T21:36:17.741+0300][34.277s][info ][gc] GC(1159) Pause Young (Normal) (G1 Evacuation Pause) 196M->196M(256M) 18.355ms
[2020-01-29T21:36:17.746+0300][34.281s][debug][gc] GC(1158) Reclaimed 104 empty regions
[2020-01-29T21:36:17.746+0300][34.281s][info ][gc] GC(1158) Pause Remark 205M->101M(256M) 0.582ms
[2020-01-29T21:36:17.756+0300][34.291s][info ][gc] GC(1160) Pause Young (Normal) (G1 Evacuation Pause) 102M->103M(256M) 9.460ms
[2020-01-29T21:36:17.798+0300][34.334s][info ][gc] GC(1161) Pause Young (Normal) (G1 Evacuation Pause) 142M->143M(256M) 27.122ms
[2020-01-29T21:36:17.843+0300][34.378s][info ][gc] GC(1162) Pause Young (Normal) (G1 Evacuation Pause) 169M->171M(256M) 32.959ms
[2020-01-29T21:36:17.898+0300][34.433s][info ][gc] GC(1163) Pause Young (Normal) (G1 Evacuation Pause) 209M->210M(256M) 35.917ms
[2020-01-29T21:36:17.931+0300][34.467s][info ][gc] GC(1164) Pause Young (Normal) (G1 Evacuation Pause) 219M->219M(256M) 28.857ms
[2020-01-29T21:36:17.966+0300][34.501s][info ][gc] GC(1165) Pause Young (Normal) (G1 Evacuation Pause) 229M->230M(256M) 29.204ms
[2020-01-29T21:36:18.005+0300][34.540s][info ][gc] GC(1166) Pause Young (Normal) (G1 Evacuation Pause) 240M->241M(256M) 33.551ms
[2020-01-29T21:36:18.010+0300][34.545s][info ][gc] GC(1158) Pause Cleanup 250M->250M(256M) 0.052ms
[2020-01-29T21:36:18.011+0300][34.546s][info ][gc] GC(1158) Concurrent Cycle 309.897ms
[2020-01-29T21:36:18.051+0300][34.586s][info ][gc] GC(1167) To-space exhausted
[2020-01-29T21:36:18.051+0300][34.586s][info ][gc] GC(1167) Pause Young (Normal) (G1 Evacuation Pause) 251M->255M(256M) 40.143ms
[2020-01-29T21:36:18.083+0300][34.618s][info ][gc] GC(1168) Pause Full (G1 Evacuation Pause) 255M->62M(256M) 31.832ms
[2020-01-29T21:36:18.136+0300][34.671s][info ][gc] GC(1169) Pause Young (Concurrent Start) (G1 Evacuation Pause) 114M->114M(256M) 29.253ms
[2020-01-29T21:36:18.136+0300][34.672s][info ][gc] GC(1170) Concurrent Cycle
[2020-01-29T21:36:18.190+0300][34.725s][info ][gc] GC(1171) Pause Young (Normal) (G1 Evacuation Pause) 169M->170M(256M) 26.270ms
[2020-01-29T21:36:18.213+0300][34.749s][info ][gc] GC(1172) Pause Young (Normal) (G1 Evacuation Pause) 188M->189M(256M) 14.757ms
[2020-01-29T21:36:18.227+0300][34.763s][info ][gc] GC(1173) Pause Young (Normal) (G1 Evacuation Pause) 201M->202M(256M) 8.252ms
[2020-01-29T21:36:18.239+0300][34.774s][info ][gc] GC(1174) Pause Young (Normal) (G1 Evacuation Pause) 212M->213M(256M) 7.396ms
[2020-01-29T21:36:18.250+0300][34.786s][info ][gc] GC(1175) Pause Young (Normal) (G1 Evacuation Pause) 223M->223M(256M) 7.246ms
[2020-01-29T21:36:18.263+0300][34.798s][info ][gc] GC(1176) Pause Young (Normal) (G1 Evacuation Pause) 233M->233M(256M) 7.811ms
[2020-01-29T21:36:18.279+0300][34.815s][info ][gc] GC(1177) To-space exhausted
[2020-01-29T21:36:18.279+0300][34.815s][info ][gc] GC(1177) Pause Young (Normal) (G1 Evacuation Pause) 243M->246M(256M) 10.623ms
[2020-01-29T21:36:18.303+0300][34.838s][info ][gc] GC(1178) To-space exhausted
[2020-01-29T21:36:18.303+0300][34.838s][info ][gc] GC(1178) Pause Young (Normal) (G1 Evacuation Pause) 254M->254M(256M) 20.270ms
[2020-01-29T21:36:18.303+0300][34.839s][debug][gc] GC(1179) Clear Next Bitmap 0.055ms
[2020-01-29T21:36:18.378+0300][34.913s][info ][gc] GC(1179) Pause Full (G1 Evacuation Pause) 254M->111M(256M) 74.419ms
[2020-01-29T21:36:18.378+0300][34.913s][info ][gc] GC(1170) Concurrent Cycle 241.830ms
[2020-01-29T21:36:18.424+0300][34.959s][info ][gc] GC(1180) Pause Young (Concurrent Start) (G1 Humongous Allocation) 136M->136M(256M) 23.217ms
[2020-01-29T21:36:18.424+0300][34.959s][info ][gc] GC(1181) Concurrent Cycle
[2020-01-29T21:36:18.444+0300][34.978s][debug][gc] GC(1181) Reclaimed 103 empty regions
[2020-01-29T21:36:18.444+0300][34.978s][info ][gc] GC(1181) Pause Remark 165M->64M(256M) 0.776ms
[2020-01-29T21:36:18.480+0300][35.014s][info ][gc] GC(1181) Pause Cleanup 81M->81M(256M) 0.048ms
[2020-01-29T21:36:18.480+0300][35.015s][info ][gc] GC(1181) Concurrent Cycle 55.946ms
[2020-01-29T21:36:18.511+0300][35.047s][info ][gc] GC(1182) Pause Young (Normal) (G1 Evacuation Pause) 84M->80M(256M) 29.017ms
[2020-01-29T21:36:18.571+0300][35.107s][info ][gc] GC(1183) Pause Young (Concurrent Start) (G1 Evacuation Pause) 132M->132M(256M) 38.179ms
[2020-01-29T21:36:18.571+0300][35.107s][info ][gc] GC(1184) Concurrent Cycle
[2020-01-29T21:36:18.625+0300][35.161s][info ][gc] GC(1185) Pause Young (Normal) (G1 Evacuation Pause) 162M->163M(256M) 23.168ms
[2020-01-29T21:36:18.685+0300][35.220s][info ][gc] GC(1186) Pause Young (Normal) (G1 Evacuation Pause) 203M->204M(256M) 21.819ms
[2020-01-29T21:36:18.755+0300][35.290s][debug][gc] GC(1184) Reclaimed 20 empty regions
[2020-01-29T21:36:18.756+0300][35.291s][info ][gc] GC(1184) Pause Remark 204M->184M(256M) 4.765ms
[2020-01-29T21:36:18.850+0300][35.384s][info ][gc] GC(1187) Pause Young (Normal) (G1 Evacuation Pause) 192M->192M(256M) 9.465ms
[2020-01-29T21:36:18.872+0300][35.406s][info ][gc] GC(1188) Pause Young (Normal) (G1 Evacuation Pause) 203M->204M(256M) 14.851ms
[2020-01-29T21:36:18.895+0300][35.430s][info ][gc] GC(1189) Pause Young (Normal) (G1 Evacuation Pause) 214M->215M(256M) 18.439ms
[2020-01-29T21:36:18.919+0300][35.454s][info ][gc] GC(1190) Pause Young (Normal) (G1 Evacuation Pause) 225M->226M(256M) 19.071ms
[2020-01-29T21:36:18.947+0300][35.482s][info ][gc] GC(1191) Pause Young (Normal) (G1 Evacuation Pause) 236M->237M(256M) 24.003ms
[2020-01-29T21:36:18.980+0300][35.515s][info ][gc] GC(1192) To-space exhausted
[2020-01-29T21:36:18.980+0300][35.515s][info ][gc] GC(1192) Pause Young (Normal) (G1 Evacuation Pause) 247M->251M(256M) 27.031ms
[2020-01-29T21:36:19.008+0300][35.543s][info ][gc] GC(1193) To-space exhausted
[2020-01-29T21:36:19.008+0300][35.543s][info ][gc] GC(1193) Pause Young (Normal) (G1 Evacuation Pause) 255M->255M(256M) 25.702ms
[2020-01-29T21:36:19.008+0300][35.543s][debug][gc] GC(1194) Clear Next Bitmap 0.057ms
[2020-01-29T21:36:19.074+0300][35.609s][info ][gc] GC(1194) Pause Full (G1 Evacuation Pause) 255M->100M(256M) 65.967ms
[2020-01-29T21:36:19.074+0300][35.609s][info ][gc] GC(1184) Concurrent Cycle 502.181ms
[2020-01-29T21:36:19.125+0300][35.660s][info ][gc] GC(1195) Pause Young (Concurrent Start) (G1 Humongous Allocation) 136M->136M(256M) 25.172ms
[2020-01-29T21:36:19.125+0300][35.660s][info ][gc] GC(1196) Concurrent Cycle
[2020-01-29T21:36:19.166+0300][35.702s][info ][gc] GC(1197) Pause Young (Normal) (G1 Evacuation Pause) 185M->186M(256M) 23.285ms
[2020-01-29T21:36:19.171+0300][35.707s][debug][gc] GC(1196) Reclaimed 97 empty regions
[2020-01-29T21:36:19.171+0300][35.707s][info ][gc] GC(1196) Pause Remark 194M->98M(256M) 0.576ms
[2020-01-29T21:36:19.186+0300][35.722s][info ][gc] GC(1198) Pause Young (Normal) (G1 Evacuation Pause) 103M->104M(256M) 12.739ms
[2020-01-29T21:36:19.237+0300][35.773s][info ][gc] GC(1199) Pause Young (Normal) (G1 Evacuation Pause) 144M->145M(256M) 33.828ms
[2020-01-29T21:36:19.283+0300][35.819s][info ][gc] GC(1200) Pause Young (Normal) (G1 Evacuation Pause) 171M->171M(256M) 35.073ms
[2020-01-29T21:36:19.339+0300][35.874s][info ][gc] GC(1201) Pause Young (Normal) (G1 Evacuation Pause) 209M->210M(256M) 34.801ms
[2020-01-29T21:36:19.369+0300][35.905s][info ][gc] GC(1202) Pause Young (Normal) (G1 Evacuation Pause) 219M->220M(256M) 25.077ms
[2020-01-29T21:36:19.374+0300][35.909s][info ][gc] GC(1196) Pause Cleanup 223M->223M(256M) 0.051ms
[2020-01-29T21:36:19.374+0300][35.909s][info ][gc] GC(1196) Concurrent Cycle 249.725ms
[2020-01-29T21:36:19.400+0300][35.935s][info ][gc] GC(1203) Pause Young (Normal) (G1 Evacuation Pause) 230M->231M(256M) 22.369ms
[2020-01-29T21:36:19.414+0300][35.949s][info ][gc] GC(1204) Pause Young (Concurrent Start) (G1 Evacuation Pause) 241M->242M(256M) 9.529ms
[2020-01-29T21:36:19.414+0300][35.949s][info ][gc] GC(1205) Concurrent Cycle
[2020-01-29T21:36:19.441+0300][35.976s][info ][gc] GC(1206) To-space exhausted
[2020-01-29T21:36:19.442+0300][35.976s][info ][gc] GC(1206) Pause Young (Normal) (G1 Evacuation Pause) 252M->254M(256M) 21.117ms
[2020-01-29T21:36:19.450+0300][35.985s][info ][gc] GC(1207) To-space exhausted
[2020-01-29T21:36:19.450+0300][35.985s][info ][gc] GC(1207) Pause Young (Normal) (G1 Evacuation Pause) 255M->255M(256M) 7.751ms
[2020-01-29T21:36:19.450+0300][35.985s][debug][gc] GC(1208) Clear Next Bitmap 0.079ms
[2020-01-29T21:36:19.490+0300][36.025s][info ][gc] GC(1208) Pause Full (G1 Evacuation Pause) 255M->72M(256M) 40.141ms
[2020-01-29T21:36:19.494+0300][36.029s][info ][gc] GC(1205) Concurrent Cycle 79.864ms
[2020-01-29T21:36:19.541+0300][36.077s][info ][gc] GC(1209) Pause Young (Normal) (G1 Evacuation Pause) 121M->121M(256M) 26.963ms
[2020-01-29T21:36:19.580+0300][36.116s][info ][gc] GC(1210) Pause Young (Concurrent Start) (G1 Humongous Allocation) 136M->137M(256M) 19.047ms
[2020-01-29T21:36:19.580+0300][36.116s][info ][gc] GC(1211) Concurrent Cycle
[2020-01-29T21:36:19.614+0300][36.149s][info ][gc] GC(1212) Pause Young (Normal) (G1 Evacuation Pause) 185M->186M(256M) 19.866ms
[2020-01-29T21:36:19.617+0300][36.152s][debug][gc] GC(1211) Reclaimed 107 empty regions
[2020-01-29T21:36:19.617+0300][36.152s][info ][gc] GC(1211) Pause Remark 190M->86M(256M) 0.582ms
[2020-01-29T21:36:19.630+0300][36.166s][info ][gc] GC(1213) Pause Young (Normal) (G1 Evacuation Pause) 93M->95M(256M) 9.993ms
[2020-01-29T21:36:19.678+0300][36.213s][info ][gc] GC(1214) Pause Young (Normal) (G1 Evacuation Pause) 136M->137M(256M) 30.543ms
[2020-01-29T21:36:19.730+0300][36.265s][info ][gc] GC(1215) Pause Young (Normal) (G1 Evacuation Pause) 165M->166M(256M) 39.693ms
[2020-01-29T21:36:19.749+0300][36.284s][info ][gc] GC(1211) Pause Cleanup 198M->198M(256M) 0.053ms
[2020-01-29T21:36:19.749+0300][36.285s][info ][gc] GC(1211) Concurrent Cycle 168.922ms
[2020-01-29T21:36:19.785+0300][36.320s][info ][gc] GC(1216) Pause Young (Normal) (G1 Evacuation Pause) 205M->206M(256M) 32.813ms
[2020-01-29T21:36:19.795+0300][36.330s][info ][gc] GC(1217) Pause Young (Concurrent Start) (G1 Evacuation Pause) 215M->215M(256M) 6.732ms
[2020-01-29T21:36:19.795+0300][36.330s][info ][gc] GC(1218) Concurrent Cycle
[2020-01-29T21:36:19.810+0300][36.345s][info ][gc] GC(1219) Pause Young (Normal) (G1 Evacuation Pause) 225M->226M(256M) 7.992ms
[2020-01-29T21:36:19.822+0300][36.357s][info ][gc] GC(1220) Pause Young (Normal) (G1 Evacuation Pause) 236M->238M(256M) 8.136ms
[2020-01-29T21:36:19.841+0300][36.376s][info ][gc] GC(1221) To-space exhausted
[2020-01-29T21:36:19.841+0300][36.376s][info ][gc] GC(1221) Pause Young (Normal) (G1 Evacuation Pause) 248M->251M(256M) 14.496ms
[2020-01-29T21:36:19.858+0300][36.393s][info ][gc] GC(1222) To-space exhausted
[2020-01-29T21:36:19.858+0300][36.393s][info ][gc] GC(1222) Pause Young (Normal) (G1 Evacuation Pause) 255M->255M(256M) 14.591ms
[2020-01-29T21:36:19.858+0300][36.393s][debug][gc] GC(1223) Clear Next Bitmap 0.073ms
[2020-01-29T21:36:19.904+0300][36.440s][info ][gc] GC(1223) Pause Full (G1 Evacuation Pause) 255M->77M(256M) 47.029ms
[2020-01-29T21:36:19.905+0300][36.440s][info ][gc] GC(1218) Concurrent Cycle 109.898ms
[2020-01-29T21:36:19.949+0300][36.485s][info ][gc] GC(1224) Pause Young (Normal) (G1 Evacuation Pause) 124M->124M(256M) 26.329ms
[2020-01-29T21:36:19.975+0300][36.510s][info ][gc] GC(1225) Pause Young (Concurrent Start) (G1 Humongous Allocation) 136M->137M(256M) 10.333ms
[2020-01-29T21:36:19.975+0300][36.510s][info ][gc] GC(1226) Concurrent Cycle
[2020-01-29T21:36:20.009+0300][36.544s][info ][gc] GC(1227) Pause Young (Normal) (G1 Evacuation Pause) 185M->187M(256M) 21.021ms
[2020-01-29T21:36:20.010+0300][36.546s][debug][gc] GC(1226) Reclaimed 114 empty regions
[2020-01-29T21:36:20.010+0300][36.546s][info ][gc] GC(1226) Pause Remark 190M->78M(256M) 0.566ms
[2020-01-29T21:36:20.027+0300][36.563s][info ][gc] GC(1228) Pause Young (Normal) (G1 Evacuation Pause) 87M->88M(256M) 12.769ms
[2020-01-29T21:36:20.078+0300][36.614s][info ][gc] GC(1229) Pause Young (Normal) (G1 Evacuation Pause) 132M->133M(256M) 33.293ms
[2020-01-29T21:36:20.129+0300][36.664s][info ][gc] GC(1230) Pause Young (Normal) (G1 Evacuation Pause) 163M->163M(256M) 37.575ms
[2020-01-29T21:36:20.143+0300][36.678s][info ][gc] GC(1226) Pause Cleanup 184M->184M(256M) 0.060ms
[2020-01-29T21:36:20.144+0300][36.679s][info ][gc] GC(1226) Concurrent Cycle 168.249ms
[2020-01-29T21:36:20.186+0300][36.720s][info ][gc] GC(1231) Pause Young (Normal) (G1 Evacuation Pause) 203M->204M(256M) 33.732ms
[2020-01-29T21:36:20.196+0300][36.731s][info ][gc] GC(1232) Pause Young (Concurrent Start) (G1 Evacuation Pause) 212M->214M(256M) 7.339ms
[2020-01-29T21:36:20.196+0300][36.731s][info ][gc] GC(1233) Concurrent Cycle
[2020-01-29T21:36:20.210+0300][36.746s][info ][gc] GC(1234) Pause Young (Normal) (G1 Evacuation Pause) 224M->225M(256M) 8.164ms
[2020-01-29T21:36:20.223+0300][36.758s][info ][gc] GC(1235) Pause Young (Normal) (G1 Evacuation Pause) 235M->236M(256M) 7.837ms
[2020-01-29T21:36:20.240+0300][36.775s][info ][gc] GC(1236) To-space exhausted
[2020-01-29T21:36:20.240+0300][36.775s][info ][gc] GC(1236) Pause Young (Normal) (G1 Evacuation Pause) 246M->248M(256M) 11.930ms
[2020-01-29T21:36:20.261+0300][36.796s][info ][gc] GC(1237) To-space exhausted
[2020-01-29T21:36:20.261+0300][36.796s][info ][gc] GC(1237) Pause Young (Normal) (G1 Evacuation Pause) 255M->255M(256M) 17.880ms
[2020-01-29T21:36:20.261+0300][36.796s][debug][gc] GC(1238) Clear Next Bitmap 0.063ms
[2020-01-29T21:36:20.307+0300][36.842s][info ][gc] GC(1238) Pause Full (G1 Evacuation Pause) 255M->85M(256M) 46.250ms
[2020-01-29T21:36:20.307+0300][36.843s][info ][gc] GC(1233) Concurrent Cycle 111.273ms
[2020-01-29T21:36:20.352+0300][36.888s][info ][gc] GC(1239) Pause Young (Normal) (G1 Evacuation Pause) 130M->130M(256M) 26.455ms
[2020-01-29T21:36:20.375+0300][36.910s][info ][gc] GC(1240) Pause Young (Concurrent Start) (G1 Humongous Allocation) 137M->137M(256M) 8.136ms
[2020-01-29T21:36:20.375+0300][36.910s][info ][gc] GC(1241) Concurrent Cycle
[2020-01-29T21:36:20.386+0300][36.922s][debug][gc] GC(1241) Reclaimed 114 empty regions
[2020-01-29T21:36:20.386+0300][36.922s][info ][gc] GC(1241) Pause Remark 180M->68M(256M) 0.849ms
[2020-01-29T21:36:20.408+0300][36.943s][info ][gc] GC(1242) Pause Young (Normal) (G1 Evacuation Pause) 73M->69M(256M) 18.931ms
[2020-01-29T21:36:20.426+0300][36.961s][info ][gc] GC(1241) Pause Cleanup 113M->113M(256M) 0.049ms
[2020-01-29T21:36:20.426+0300][36.961s][info ][gc] GC(1241) Concurrent Cycle 50.930ms
[2020-01-29T21:36:20.469+0300][37.005s][info ][gc] GC(1243) Pause Young (Normal) (G1 Evacuation Pause) 119M->120M(256M) 40.921ms
[2020-01-29T21:36:20.507+0300][37.042s][info ][gc] GC(1244) Pause Young (Concurrent Start) (G1 Evacuation Pause) 154M->155M(256M) 24.174ms
[2020-01-29T21:36:20.507+0300][37.042s][info ][gc] GC(1245) Concurrent Cycle
[2020-01-29T21:36:20.547+0300][37.082s][info ][gc] GC(1246) Pause Young (Normal) (G1 Evacuation Pause) 198M->199M(256M) 17.907ms
[2020-01-29T21:36:20.559+0300][37.094s][info ][gc] GC(1247) Pause Young (Normal) (G1 Evacuation Pause) 208M->209M(256M) 7.690ms
[2020-01-29T21:36:20.570+0300][37.105s][info ][gc] GC(1248) Pause Young (Normal) (G1 Evacuation Pause) 219M->221M(256M) 7.197ms
[2020-01-29T21:36:20.582+0300][37.117s][info ][gc] GC(1249) Pause Young (Normal) (G1 Evacuation Pause) 231M->231M(256M) 7.622ms
[2020-01-29T21:36:20.593+0300][37.128s][info ][gc] GC(1250) Pause Young (Normal) (G1 Evacuation Pause) 241M->242M(256M) 7.351ms
[2020-01-29T21:36:20.619+0300][37.154s][info ][gc] GC(1251) To-space exhausted
[2020-01-29T21:36:20.620+0300][37.154s][info ][gc] GC(1251) Pause Young (Normal) (G1 Evacuation Pause) 252M->255M(256M) 20.972ms
[2020-01-29T21:36:20.620+0300][37.155s][debug][gc] GC(1252) Clear Next Bitmap 0.073ms
[2020-01-29T21:36:20.671+0300][37.207s][info ][gc] GC(1252) Pause Full (G1 Evacuation Pause) 255M->91M(256M) 52.393ms
[2020-01-29T21:36:20.671+0300][37.207s][info ][gc] GC(1245) Concurrent Cycle 164.690ms
[2020-01-29T21:36:20.715+0300][37.250s][info ][gc] GC(1253) Pause Young (Normal) (G1 Evacuation Pause) 134M->134M(256M) 26.009ms
[2020-01-29T21:36:20.732+0300][37.267s][info ][gc] GC(1254) Pause Young (Concurrent Start) (G1 Humongous Allocation) 137M->137M(256M) 5.123ms
[2020-01-29T21:36:20.732+0300][37.267s][info ][gc] GC(1255) Concurrent Cycle
[2020-01-29T21:36:20.741+0300][37.276s][debug][gc] GC(1255) Reclaimed 124 empty regions
[2020-01-29T21:36:20.741+0300][37.276s][info ][gc] GC(1255) Pause Remark 176M->55M(256M) 0.574ms
[2020-01-29T21:36:20.762+0300][37.297s][info ][gc] GC(1256) Pause Young (Normal) (G1 Evacuation Pause) 63M->61M(256M) 17.213ms
[2020-01-29T21:36:20.776+0300][37.311s][info ][gc] GC(1255) Pause Cleanup 96M->96M(256M) 0.038ms
[2020-01-29T21:36:20.776+0300][37.311s][info ][gc] GC(1255) Concurrent Cycle 44.049ms
[2020-01-29T21:36:20.822+0300][37.358s][info ][gc] GC(1257) Pause Young (Normal) (G1 Evacuation Pause) 114M->116M(256M) 39.226ms
[2020-01-29T21:36:20.871+0300][37.406s][info ][gc] GC(1258) Pause Young (Concurrent Start) (G1 Humongous Allocation) 151M->152M(256M) 23.915ms
[2020-01-29T21:36:20.871+0300][37.406s][info ][gc] GC(1259) Concurrent Cycle
[2020-01-29T21:36:20.913+0300][37.448s][info ][gc] GC(1260) Pause Young (Normal) (G1 Evacuation Pause) 196M->197M(256M) 19.436ms
[2020-01-29T21:36:20.917+0300][37.452s][debug][gc] GC(1259) Reclaimed 101 empty regions
[2020-01-29T21:36:20.917+0300][37.452s][info ][gc] GC(1259) Pause Remark 206M->105M(256M) 0.573ms
[2020-01-29T21:36:20.928+0300][37.463s][info ][gc] GC(1261) Pause Young (Normal) (G1 Evacuation Pause) 106M->106M(256M) 9.577ms
[2020-01-29T21:36:20.972+0300][37.506s][info ][gc] GC(1262) Pause Young (Normal) (G1 Evacuation Pause) 144M->145M(256M) 28.221ms
[2020-01-29T21:36:21.016+0300][37.550s][info ][gc] GC(1263) Pause Young (Normal) (G1 Evacuation Pause) 171M->171M(256M) 32.282ms
[2020-01-29T21:36:21.067+0300][37.602s][info ][gc] GC(1264) Pause Young (Normal) (G1 Evacuation Pause) 209M->210M(256M) 32.326ms
[2020-01-29T21:36:21.097+0300][37.633s][info ][gc] GC(1265) Pause Young (Normal) (G1 Evacuation Pause) 219M->220M(256M) 25.862ms
[2020-01-29T21:36:21.134+0300][37.669s][info ][gc] GC(1266) Pause Young (Normal) (G1 Evacuation Pause) 230M->231M(256M) 29.908ms
[2020-01-29T21:36:21.167+0300][37.703s][info ][gc] GC(1267) Pause Young (Normal) (G1 Evacuation Pause) 241M->242M(256M) 28.411ms
[2020-01-29T21:36:21.171+0300][37.707s][info ][gc] GC(1259) Pause Cleanup 250M->250M(256M) 0.053ms
[2020-01-29T21:36:21.171+0300][37.707s][info ][gc] GC(1259) Concurrent Cycle 301.060ms
[2020-01-29T21:36:21.209+0300][37.744s][info ][gc] GC(1268) To-space exhausted
[2020-01-29T21:36:21.209+0300][37.745s][info ][gc] GC(1268) Pause Young (Normal) (G1 Evacuation Pause) 252M->255M(256M) 36.925ms
[2020-01-29T21:36:21.242+0300][37.777s][info ][gc] GC(1269) Pause Full (G1 Evacuation Pause) 255M->62M(256M) 32.257ms
[2020-01-29T21:36:21.291+0300][37.827s][info ][gc] GC(1270) Pause Young (Concurrent Start) (G1 Evacuation Pause) 114M->114M(256M) 29.007ms
[2020-01-29T21:36:21.292+0300][37.827s][info ][gc] GC(1271) Concurrent Cycle
[2020-01-29T21:36:21.352+0300][37.887s][info ][gc] GC(1272) Pause Young (Normal) (G1 Evacuation Pause) 169M->170M(256M) 32.986ms
[2020-01-29T21:36:21.375+0300][37.910s][info ][gc] GC(1273) Pause Young (Normal) (G1 Evacuation Pause) 188M->188M(256M) 14.862ms
[2020-01-29T21:36:21.390+0300][37.925s][info ][gc] GC(1274) Pause Young (Normal) (G1 Evacuation Pause) 200M->201M(256M) 9.929ms
[2020-01-29T21:36:21.402+0300][37.938s][info ][gc] GC(1275) Pause Young (Normal) (G1 Evacuation Pause) 211M->212M(256M) 8.499ms
[2020-01-29T21:36:21.415+0300][37.950s][info ][gc] GC(1276) Pause Young (Normal) (G1 Evacuation Pause) 222M->223M(256M) 7.647ms
[2020-01-29T21:36:21.428+0300][37.964s][info ][gc] GC(1277) Pause Young (Normal) (G1 Evacuation Pause) 233M->234M(256M) 8.030ms
[2020-01-29T21:36:21.443+0300][37.979s][info ][gc] GC(1278) To-space exhausted
[2020-01-29T21:36:21.443+0300][37.979s][info ][gc] GC(1278) Pause Young (Normal) (G1 Evacuation Pause) 244M->247M(256M) 10.911ms
[2020-01-29T21:36:21.465+0300][38.000s][info ][gc] GC(1279) To-space exhausted
[2020-01-29T21:36:21.465+0300][38.000s][info ][gc] GC(1279) Pause Young (Normal) (G1 Evacuation Pause) 254M->254M(256M) 18.438ms
[2020-01-29T21:36:21.465+0300][38.000s][debug][gc] GC(1280) Clear Next Bitmap 0.093ms
[2020-01-29T21:36:21.530+0300][38.066s][info ][gc] GC(1280) Pause Full (G1 Evacuation Pause) 254M->110M(256M) 65.453ms
[2020-01-29T21:36:21.531+0300][38.066s][info ][gc] GC(1271) Concurrent Cycle 239.458ms
[2020-01-29T21:36:21.568+0300][38.104s][info ][gc] GC(1281) Pause Young (Concurrent Start) (G1 Humongous Allocation) 136M->136M(256M) 16.718ms
[2020-01-29T21:36:21.568+0300][38.104s][info ][gc] GC(1282) Concurrent Cycle
[2020-01-29T21:36:21.605+0300][38.140s][info ][gc] GC(1283) Pause Young (Normal) (G1 Evacuation Pause) 184M->185M(256M) 22.192ms
[2020-01-29T21:36:21.610+0300][38.145s][debug][gc] GC(1282) Reclaimed 109 empty regions
[2020-01-29T21:36:21.610+0300][38.145s][info ][gc] GC(1282) Pause Remark 195M->89M(256M) 0.592ms
[2020-01-29T21:36:21.623+0300][38.158s][info ][gc] GC(1284) Pause Young (Normal) (G1 Evacuation Pause) 91M->92M(256M) 12.359ms
[2020-01-29T21:36:21.675+0300][38.210s][info ][gc] GC(1285) Pause Young (Normal) (G1 Evacuation Pause) 136M->137M(256M) 32.993ms
[2020-01-29T21:36:21.725+0300][38.260s][info ][gc] GC(1286) Pause Young (Normal) (G1 Evacuation Pause) 165M->166M(256M) 37.743ms
[2020-01-29T21:36:21.776+0300][38.312s][info ][gc] GC(1287) Pause Young (Normal) (G1 Evacuation Pause) 205M->206M(256M) 31.818ms
[2020-01-29T21:36:21.778+0300][38.313s][info ][gc] GC(1282) Pause Cleanup 207M->207M(256M) 0.046ms
[2020-01-29T21:36:21.778+0300][38.314s][info ][gc] GC(1282) Concurrent Cycle 209.966ms
[2020-01-29T21:36:21.806+0300][38.341s][info ][gc] GC(1288) Pause Young (Normal) (G1 Evacuation Pause) 215M->216M(256M) 24.044ms
[2020-01-29T21:36:21.818+0300][38.353s][info ][gc] GC(1289) Pause Young (Concurrent Start) (G1 Evacuation Pause) 226M->227M(256M) 7.669ms
[2020-01-29T21:36:21.818+0300][38.353s][info ][gc] GC(1290) Concurrent Cycle
[2020-01-29T21:36:21.832+0300][38.368s][info ][gc] GC(1291) Pause Young (Normal) (G1 Evacuation Pause) 237M->238M(256M) 7.890ms
[2020-01-29T21:36:21.850+0300][38.385s][info ][gc] GC(1292) To-space exhausted
[2020-01-29T21:36:21.850+0300][38.385s][info ][gc] GC(1292) Pause Young (Normal) (G1 Evacuation Pause) 248M->251M(256M) 13.096ms
[2020-01-29T21:36:21.866+0300][38.401s][info ][gc] GC(1293) To-space exhausted
[2020-01-29T21:36:21.866+0300][38.401s][info ][gc] GC(1293) Pause Young (Normal) (G1 Evacuation Pause) 255M->255M(256M) 13.571ms
[2020-01-29T21:36:21.866+0300][38.401s][debug][gc] GC(1294) Clear Next Bitmap 0.070ms
[2020-01-29T21:36:21.916+0300][38.451s][info ][gc] GC(1294) Pause Full (G1 Evacuation Pause) 255M->81M(256M) 50.372ms
[2020-01-29T21:36:21.917+0300][38.451s][info ][gc] GC(1290) Concurrent Cycle 98.113ms
[2020-01-29T21:36:21.960+0300][38.495s][info ][gc] GC(1295) Pause Young (Normal) (G1 Evacuation Pause) 127M->127M(256M) 25.409ms
[2020-01-29T21:36:21.984+0300][38.519s][info ][gc] GC(1296) Pause Young (Concurrent Start) (G1 Humongous Allocation) 137M->137M(256M) 10.134ms
[2020-01-29T21:36:21.984+0300][38.519s][info ][gc] GC(1297) Concurrent Cycle
[2020-01-29T21:36:21.997+0300][38.533s][debug][gc] GC(1297) Reclaimed 118 empty regions
[2020-01-29T21:36:21.997+0300][38.533s][info ][gc] GC(1297) Pause Remark 185M->69M(256M) 0.648ms
[2020-01-29T21:36:22.017+0300][38.553s][info ][gc] GC(1298) Pause Young (Normal) (G1 Evacuation Pause) 69M->65M(256M) 19.569ms
[2020-01-29T21:36:22.090+0300][38.625s][info ][gc] GC(1299) Pause Young (Normal) (G1 Evacuation Pause) 116M->117M(256M) 50.894ms
[2020-01-29T21:36:22.092+0300][38.628s][info ][gc] GC(1297) Pause Cleanup 122M->122M(256M) 0.046ms
[2020-01-29T21:36:22.093+0300][38.628s][info ][gc] GC(1297) Concurrent Cycle 108.486ms
[2020-01-29T21:36:22.149+0300][38.684s][info ][gc] GC(1300) Pause Young (Normal) (G1 Evacuation Pause) 152M->153M(256M) 43.964ms
[2020-01-29T21:36:22.166+0300][38.701s][info ][gc] GC(1301) Pause Young (Concurrent Start) (G1 Humongous Allocation) 154M->155M(256M) 5.549ms
[2020-01-29T21:36:22.166+0300][38.701s][info ][gc] GC(1302) Concurrent Cycle
[2020-01-29T21:36:22.174+0300][38.710s][debug][gc] GC(1302) Reclaimed 142 empty regions
[2020-01-29T21:36:22.175+0300][38.710s][info ][gc] GC(1302) Pause Remark 191M->49M(256M) 0.618ms
[2020-01-29T21:36:22.195+0300][38.730s][info ][gc] GC(1303) Pause Young (Normal) (G1 Evacuation Pause) 56M->55M(256M) 17.576ms
[2020-01-29T21:36:22.210+0300][38.745s][info ][gc] GC(1302) Pause Cleanup 92M->92M(256M) 0.040ms
[2020-01-29T21:36:22.210+0300][38.745s][info ][gc] GC(1302) Concurrent Cycle 43.873ms
[2020-01-29T21:36:22.271+0300][38.805s][info ][gc] GC(1304) Pause Young (Normal) (G1 Evacuation Pause) 109M->110M(256M) 53.188ms
[2020-01-29T21:36:22.315+0300][38.850s][info ][gc] GC(1305) Pause Young (Concurrent Start) (G1 Evacuation Pause) 147M->147M(256M) 26.454ms
[2020-01-29T21:36:22.315+0300][38.850s][info ][gc] GC(1306) Concurrent Cycle
[2020-01-29T21:36:22.358+0300][38.894s][info ][gc] GC(1307) Pause Young (Normal) (G1 Evacuation Pause) 192M->193M(256M) 18.978ms
[2020-01-29T21:36:22.374+0300][38.909s][info ][gc] GC(1308) Pause Young (Normal) (G1 Evacuation Pause) 204M->205M(256M) 9.074ms
[2020-01-29T21:36:22.386+0300][38.922s][info ][gc] GC(1309) Pause Young (Normal) (G1 Evacuation Pause) 215M->217M(256M) 7.404ms
[2020-01-29T21:36:22.399+0300][38.935s][info ][gc] GC(1310) Pause Young (Normal) (G1 Evacuation Pause) 227M->227M(256M) 7.558ms
[2020-01-29T21:36:22.413+0300][38.948s][info ][gc] GC(1311) Pause Young (Normal) (G1 Evacuation Pause) 237M->239M(256M) 7.624ms
[2020-01-29T21:36:22.433+0300][38.969s][info ][gc] GC(1312) To-space exhausted
[2020-01-29T21:36:22.434+0300][38.969s][info ][gc] GC(1312) Pause Young (Normal) (G1 Evacuation Pause) 249M->252M(256M) 16.587ms
[2020-01-29T21:36:22.448+0300][38.983s][info ][gc] GC(1313) To-space exhausted
[2020-01-29T21:36:22.448+0300][38.983s][info ][gc] GC(1313) Pause Young (Normal) (G1 Evacuation Pause) 255M->255M(256M) 11.813ms
[2020-01-29T21:36:22.448+0300][38.984s][debug][gc] GC(1314) Clear Next Bitmap 0.068ms
[2020-01-29T21:36:22.510+0300][39.045s][info ][gc] GC(1314) Pause Full (G1 Evacuation Pause) 255M->99M(256M) 61.543ms
[2020-01-29T21:36:22.510+0300][39.045s][info ][gc] GC(1306) Concurrent Cycle 195.215ms
[2020-01-29T21:36:22.558+0300][39.093s][info ][gc] GC(1315) Pause Young (Concurrent Start) (G1 Humongous Allocation) 136M->136M(256M) 22.300ms
[2020-01-29T21:36:22.558+0300][39.093s][info ][gc] GC(1316) Concurrent Cycle
[2020-01-29T21:36:22.599+0300][39.134s][info ][gc] GC(1317) Pause Young (Normal) (G1 Evacuation Pause) 184M->185M(256M) 21.010ms
[2020-01-29T21:36:22.604+0300][39.139s][debug][gc] GC(1316) Reclaimed 98 empty regions
[2020-01-29T21:36:22.604+0300][39.139s][info ][gc] GC(1316) Pause Remark 190M->94M(256M) 0.781ms
[2020-01-29T21:36:22.619+0300][39.154s][info ][gc] GC(1318) Pause Young (Normal) (G1 Evacuation Pause) 102M->102M(256M) 9.767ms
[2020-01-29T21:36:22.667+0300][39.202s][info ][gc] GC(1319) Pause Young (Normal) (G1 Evacuation Pause) 141M->142M(256M) 30.780ms
[2020-01-29T21:36:22.716+0300][39.252s][info ][gc] GC(1320) Pause Young (Normal) (G1 Evacuation Pause) 169M->170M(256M) 36.651ms
[2020-01-29T21:36:22.772+0300][39.307s][info ][gc] GC(1321) Pause Young (Normal) (G1 Evacuation Pause) 208M->209M(256M) 31.704ms
[2020-01-29T21:36:22.774+0300][39.309s][info ][gc] GC(1316) Pause Cleanup 210M->210M(256M) 0.044ms
[2020-01-29T21:36:22.775+0300][39.310s][info ][gc] GC(1316) Concurrent Cycle 216.522ms
[2020-01-29T21:36:22.800+0300][39.335s][info ][gc] GC(1322) Pause Young (Normal) (G1 Evacuation Pause) 218M->219M(256M) 22.727ms
[2020-01-29T21:36:22.813+0300][39.348s][info ][gc] GC(1323) Pause Young (Concurrent Start) (G1 Evacuation Pause) 229M->229M(256M) 8.245ms
[2020-01-29T21:36:22.813+0300][39.348s][info ][gc] GC(1324) Concurrent Cycle
[2020-01-29T21:36:22.830+0300][39.365s][info ][gc] GC(1325) Pause Young (Normal) (G1 Evacuation Pause) 239M->240M(256M) 10.478ms
[2020-01-29T21:36:22.850+0300][39.386s][info ][gc] GC(1326) To-space exhausted
[2020-01-29T21:36:22.850+0300][39.386s][info ][gc] GC(1326) Pause Young (Normal) (G1 Evacuation Pause) 250M->253M(256M) 16.680ms
[2020-01-29T21:36:22.862+0300][39.398s][info ][gc] GC(1327) To-space exhausted
[2020-01-29T21:36:22.862+0300][39.398s][info ][gc] GC(1327) Pause Young (Normal) (G1 Evacuation Pause) 255M->255M(256M) 10.421ms
[2020-01-29T21:36:22.863+0300][39.398s][debug][gc] GC(1328) Clear Next Bitmap 0.143ms
[2020-01-29T21:36:22.901+0300][39.437s][info ][gc] GC(1328) Pause Full (G1 Evacuation Pause) 255M->72M(256M) 38.863ms
[2020-01-29T21:36:22.902+0300][39.437s][info ][gc] GC(1324) Concurrent Cycle 88.952ms
[2020-01-29T21:36:22.961+0300][39.496s][info ][gc] GC(1329) Pause Young (Normal) (G1 Evacuation Pause) 121M->120M(256M) 38.721ms
[2020-01-29T21:36:22.996+0300][39.530s][info ][gc] GC(1330) Pause Young (Concurrent Start) (G1 Humongous Allocation) 136M->137M(256M) 14.890ms
[2020-01-29T21:36:22.996+0300][39.531s][info ][gc] GC(1331) Concurrent Cycle
[2020-01-29T21:36:23.012+0300][39.547s][debug][gc] GC(1331) Reclaimed 111 empty regions
[2020-01-29T21:36:23.013+0300][39.547s][info ][gc] GC(1331) Pause Remark 182M->73M(256M) 0.734ms
[2020-01-29T21:36:23.038+0300][39.573s][info ][gc] GC(1332) Pause Young (Normal) (G1 Evacuation Pause) 76M->71M(256M) 22.960ms
[2020-01-29T21:36:23.064+0300][39.599s][info ][gc] GC(1331) Pause Cleanup 115M->115M(256M) 0.041ms
[2020-01-29T21:36:23.064+0300][39.599s][info ][gc] GC(1331) Concurrent Cycle 68.623ms
[2020-01-29T21:36:23.112+0300][39.648s][info ][gc] GC(1333) Pause Young (Normal) (G1 Evacuation Pause) 120M->121M(256M) 46.456ms
[2020-01-29T21:36:23.150+0300][39.686s][info ][gc] GC(1334) Pause Young (Concurrent Start) (G1 Evacuation Pause) 154M->155M(256M) 21.764ms
[2020-01-29T21:36:23.150+0300][39.686s][info ][gc] GC(1335) Concurrent Cycle
[2020-01-29T21:36:23.193+0300][39.729s][info ][gc] GC(1336) Pause Young (Normal) (G1 Evacuation Pause) 198M->199M(256M) 17.612ms
[2020-01-29T21:36:23.206+0300][39.741s][info ][gc] GC(1337) Pause Young (Normal) (G1 Evacuation Pause) 208M->209M(256M) 8.043ms
[2020-01-29T21:36:23.219+0300][39.754s][info ][gc] GC(1338) Pause Young (Normal) (G1 Evacuation Pause) 219M->220M(256M) 7.915ms
[2020-01-29T21:36:23.231+0300][39.767s][info ][gc] GC(1339) Pause Young (Normal) (G1 Evacuation Pause) 230M->231M(256M) 7.835ms
[2020-01-29T21:36:23.244+0300][39.780s][info ][gc] GC(1340) Pause Young (Normal) (G1 Evacuation Pause) 241M->242M(256M) 7.978ms
[2020-01-29T21:36:23.268+0300][39.804s][info ][gc] GC(1341) To-space exhausted
[2020-01-29T21:36:23.268+0300][39.804s][info ][gc] GC(1341) Pause Young (Normal) (G1 Evacuation Pause) 252M->255M(256M) 19.645ms
[2020-01-29T21:36:23.269+0300][39.804s][debug][gc] GC(1342) Clear Next Bitmap 0.089ms
[2020-01-29T21:36:23.320+0300][39.855s][info ][gc] GC(1342) Pause Full (G1 Evacuation Pause) 255M->89M(256M) 51.191ms
[2020-01-29T21:36:23.320+0300][39.855s][info ][gc] GC(1335) Concurrent Cycle 169.661ms
[2020-01-29T21:36:23.366+0300][39.901s][info ][gc] GC(1343) Pause Young (Normal) (G1 Evacuation Pause) 133M->132M(256M) 25.441ms
[2020-01-29T21:36:23.388+0300][39.923s][info ][gc] GC(1344) Pause Young (Concurrent Start) (G1 Humongous Allocation) 137M->138M(256M) 8.160ms
[2020-01-29T21:36:23.388+0300][39.923s][info ][gc] GC(1345) Concurrent Cycle
[2020-01-29T21:36:23.398+0300][39.933s][debug][gc] GC(1345) Reclaimed 122 empty regions
[2020-01-29T21:36:23.398+0300][39.933s][info ][gc] GC(1345) Pause Remark 179M->58M(256M) 0.584ms
[2020-01-29T21:36:23.419+0300][39.954s][info ][gc] GC(1346) Pause Young (Normal) (G1 Evacuation Pause) 65M->62M(256M) 18.007ms
[2020-01-29T21:36:23.434+0300][39.969s][info ][gc] GC(1345) Pause Cleanup 97M->97M(256M) 0.038ms
[2020-01-29T21:36:23.434+0300][39.969s][info ][gc] GC(1345) Concurrent Cycle 46.308ms
[2020-01-29T21:36:23.481+0300][40.017s][info ][gc] GC(1347) Pause Young (Normal) (G1 Evacuation Pause) 114M->115M(256M) 40.664ms
[2020-01-29T21:36:23.531+0300][40.066s][info ][gc] GC(1348) Pause Young (Concurrent Start) (G1 Humongous Allocation) 150M->151M(256M) 24.606ms
[2020-01-29T21:36:23.531+0300][40.066s][info ][gc] GC(1349) Concurrent Cycle
[2020-01-29T21:36:23.572+0300][40.107s][info ][gc] GC(1350) Pause Young (Normal) (G1 Evacuation Pause) 195M->196M(256M) 18.400ms
[2020-01-29T21:36:23.576+0300][40.112s][debug][gc] GC(1349) Reclaimed 97 empty regions
[2020-01-29T21:36:23.576+0300][40.112s][info ][gc] GC(1349) Pause Remark 206M->109M(256M) 0.581ms
[2020-01-29T21:36:23.586+0300][40.121s][info ][gc] GC(1351) Pause Young (Normal) (G1 Evacuation Pause) 109M->110M(256M) 9.253ms
[2020-01-29T21:36:23.630+0300][40.166s][info ][gc] GC(1352) Pause Young (Normal) (G1 Evacuation Pause) 147M->147M(256M) 28.869ms
[2020-01-29T21:36:23.674+0300][40.209s][info ][gc] GC(1353) Pause Young (Normal) (G1 Evacuation Pause) 172M->173M(256M) 32.393ms
[2020-01-29T21:36:23.715+0300][40.250s][info ][gc] GC(1354) Pause Young (Normal) (G1 Evacuation Pause) 190M->191M(256M) 32.695ms
[2020-01-29T21:36:23.761+0300][40.296s][info ][gc] GC(1355) Pause Young (Normal) (G1 Evacuation Pause) 222M->223M(256M) 29.471ms
[2020-01-29T21:36:23.791+0300][40.326s][info ][gc] GC(1356) Pause Young (Normal) (G1 Evacuation Pause) 233M->234M(256M) 25.170ms
[2020-01-29T21:36:23.825+0300][40.360s][info ][gc] GC(1357) To-space exhausted
[2020-01-29T21:36:23.825+0300][40.360s][info ][gc] GC(1357) Pause Young (Normal) (G1 Evacuation Pause) 244M->245M(256M) 27.731ms
[2020-01-29T21:36:23.870+0300][40.405s][info ][gc] GC(1358) To-space exhausted
[2020-01-29T21:36:23.870+0300][40.405s][info ][gc] GC(1358) Pause Young (Normal) (G1 Evacuation Pause) 255M->255M(256M) 41.649ms
[2020-01-29T21:36:23.870+0300][40.406s][debug][gc] GC(1359) Clear Next Bitmap 0.056ms
[2020-01-29T21:36:23.900+0300][40.436s][info ][gc] GC(1359) Pause Full (G1 Evacuation Pause) 255M->61M(256M) 30.393ms
[2020-01-29T21:36:23.901+0300][40.436s][info ][gc] GC(1349) Concurrent Cycle 369.925ms
[2020-01-29T21:36:23.953+0300][40.489s][info ][gc] GC(1360) Pause Young (Normal) (G1 Evacuation Pause) 114M->114M(256M) 30.299ms
[2020-01-29T21:36:23.990+0300][40.526s][info ][gc] GC(1361) Pause Young (Concurrent Start) (G1 Humongous Allocation) 137M->137M(256M) 17.633ms
[2020-01-29T21:36:23.990+0300][40.526s][info ][gc] GC(1362) Concurrent Cycle
[2020-01-29T21:36:24.027+0300][40.562s][info ][gc] GC(1363) Pause Young (Normal) (G1 Evacuation Pause) 185M->186M(256M) 20.520ms
[2020-01-29T21:36:24.032+0300][40.567s][debug][gc] GC(1362) Reclaimed 104 empty regions
[2020-01-29T21:36:24.032+0300][40.567s][info ][gc] GC(1362) Pause Remark 194M->91M(256M) 0.646ms
[2020-01-29T21:36:24.045+0300][40.580s][info ][gc] GC(1364) Pause Young (Normal) (G1 Evacuation Pause) 96M->97M(256M) 11.075ms
[2020-01-29T21:36:24.096+0300][40.631s][info ][gc] GC(1365) Pause Young (Normal) (G1 Evacuation Pause) 138M->139M(256M) 31.793ms
[2020-01-29T21:36:24.150+0300][40.685s][info ][gc] GC(1366) Pause Young (Normal) (G1 Evacuation Pause) 167M->168M(256M) 39.566ms
[2020-01-29T21:36:24.206+0300][40.741s][info ][gc] GC(1367) Pause Young (Normal) (G1 Evacuation Pause) 207M->208M(256M) 32.983ms
[2020-01-29T21:36:24.208+0300][40.743s][info ][gc] GC(1362) Pause Cleanup 212M->212M(256M) 0.049ms
[2020-01-29T21:36:24.208+0300][40.743s][info ][gc] GC(1362) Concurrent Cycle 217.405ms
[2020-01-29T21:36:24.235+0300][40.770s][info ][gc] GC(1368) Pause Young (Normal) (G1 Evacuation Pause) 217M->218M(256M) 25.076ms
[2020-01-29T21:36:24.247+0300][40.783s][info ][gc] GC(1369) Pause Young (Concurrent Start) (G1 Evacuation Pause) 228M->229M(256M) 8.272ms
[2020-01-29T21:36:24.247+0300][40.783s][info ][gc] GC(1370) Concurrent Cycle
[2020-01-29T21:36:24.262+0300][40.797s][info ][gc] GC(1371) Pause Young (Normal) (G1 Evacuation Pause) 239M->240M(256M) 7.959ms
[2020-01-29T21:36:24.283+0300][40.819s][info ][gc] GC(1372) To-space exhausted
[2020-01-29T21:36:24.283+0300][40.819s][info ][gc] GC(1372) Pause Young (Normal) (G1 Evacuation Pause) 250M->253M(256M) 17.250ms
[2020-01-29T21:36:24.292+0300][40.828s][info ][gc] GC(1373) To-space exhausted
[2020-01-29T21:36:24.292+0300][40.828s][info ][gc] GC(1373) Pause Young (Normal) (G1 Evacuation Pause) 255M->255M(256M) 8.196ms
[2020-01-29T21:36:24.293+0300][40.828s][debug][gc] GC(1374) Clear Next Bitmap 0.068ms
[2020-01-29T21:36:24.332+0300][40.868s][info ][gc] GC(1374) Pause Full (G1 Evacuation Pause) 255M->76M(256M) 39.644ms
[2020-01-29T21:36:24.333+0300][40.868s][info ][gc] GC(1370) Concurrent Cycle 85.456ms
[2020-01-29T21:36:24.385+0300][40.920s][info ][gc] GC(1375) Pause Young (Normal) (G1 Evacuation Pause) 124M->123M(256M) 30.764ms
[2020-01-29T21:36:24.414+0300][40.949s][info ][gc] GC(1376) Pause Young (Concurrent Start) (G1 Humongous Allocation) 137M->137M(256M) 11.905ms
[2020-01-29T21:36:24.414+0300][40.949s][info ][gc] GC(1377) Concurrent Cycle
[2020-01-29T21:36:24.429+0300][40.964s][debug][gc] GC(1377) Reclaimed 114 empty regions
[2020-01-29T21:36:24.429+0300][40.964s][info ][gc] GC(1377) Pause Remark 183M->71M(256M) 0.727ms
[2020-01-29T21:36:24.454+0300][40.989s][info ][gc] GC(1378) Pause Young (Normal) (G1 Evacuation Pause) 73M->69M(256M) 23.641ms
[2020-01-29T21:36:24.528+0300][41.063s][info ][gc] GC(1379) Pause Young (Normal) (G1 Evacuation Pause) 119M->120M(256M) 50.725ms
[2020-01-29T21:36:24.531+0300][41.066s][info ][gc] GC(1377) Pause Cleanup 123M->123M(256M) 0.041ms
[2020-01-29T21:36:24.531+0300][41.066s][info ][gc] GC(1377) Concurrent Cycle 117.277ms
[2020-01-29T21:36:24.589+0300][41.124s][info ][gc] GC(1380) Pause Young (Normal) (G1 Evacuation Pause) 154M->154M(256M) 43.664ms
[2020-01-29T21:36:24.608+0300][41.143s][info ][gc] GC(1381) Pause Young (Concurrent Start) (G1 Humongous Allocation) 157M->159M(256M) 5.895ms
[2020-01-29T21:36:24.608+0300][41.143s][info ][gc] GC(1382) Concurrent Cycle
[2020-01-29T21:36:24.618+0300][41.153s][debug][gc] GC(1382) Reclaimed 140 empty regions
[2020-01-29T21:36:24.618+0300][41.153s][info ][gc] GC(1382) Pause Remark 194M->54M(256M) 1.023ms
[2020-01-29T21:36:24.636+0300][41.172s][info ][gc] GC(1383) Pause Young (Normal) (G1 Evacuation Pause) 60M->57M(256M) 15.329ms
[2020-01-29T21:36:24.651+0300][41.187s][info ][gc] GC(1382) Pause Cleanup 88M->88M(256M) 0.041ms
[2020-01-29T21:36:24.651+0300][41.187s][info ][gc] GC(1382) Concurrent Cycle 43.650ms
[2020-01-29T21:36:24.703+0300][41.238s][info ][gc] GC(1384) Pause Young (Normal) (G1 Evacuation Pause) 110M->111M(256M) 40.880ms
[2020-01-29T21:36:24.744+0300][41.280s][info ][gc] GC(1385) Pause Young (Concurrent Start) (G1 Evacuation Pause) 147M->148M(256M) 25.998ms
[2020-01-29T21:36:24.744+0300][41.280s][info ][gc] GC(1386) Concurrent Cycle
[2020-01-29T21:36:24.790+0300][41.325s][info ][gc] GC(1387) Pause Young (Normal) (G1 Evacuation Pause) 193M->194M(256M) 19.746ms
[2020-01-29T21:36:24.804+0300][41.339s][info ][gc] GC(1388) Pause Young (Normal) (G1 Evacuation Pause) 204M->205M(256M) 8.258ms
[2020-01-29T21:36:24.817+0300][41.352s][info ][gc] GC(1389) Pause Young (Normal) (G1 Evacuation Pause) 215M->216M(256M) 7.155ms
[2020-01-29T21:36:24.831+0300][41.366s][info ][gc] GC(1390) Pause Young (Normal) (G1 Evacuation Pause) 226M->226M(256M) 7.441ms
[2020-01-29T21:36:24.844+0300][41.379s][info ][gc] GC(1391) Pause Young (Normal) (G1 Evacuation Pause) 236M->237M(256M) 7.742ms
[2020-01-29T21:36:24.865+0300][41.400s][info ][gc] GC(1392) To-space exhausted
[2020-01-29T21:36:24.865+0300][41.400s][info ][gc] GC(1392) Pause Young (Normal) (G1 Evacuation Pause) 247M->249M(256M) 13.148ms
[2020-01-29T21:36:24.886+0300][41.421s][info ][gc] GC(1393) To-space exhausted
[2020-01-29T21:36:24.886+0300][41.421s][info ][gc] GC(1393) Pause Young (Normal) (G1 Evacuation Pause) 255M->255M(256M) 15.709ms
[2020-01-29T21:36:24.886+0300][41.421s][debug][gc] GC(1394) Clear Next Bitmap 0.088ms
[2020-01-29T21:36:24.944+0300][41.479s][info ][gc] GC(1394) Pause Full (G1 Evacuation Pause) 255M->97M(256M) 57.869ms
[2020-01-29T21:36:24.944+0300][41.479s][info ][gc] GC(1386) Concurrent Cycle 199.362ms
[2020-01-29T21:36:24.993+0300][41.529s][info ][gc] GC(1395) Pause Young (Concurrent Start) (G1 Humongous Allocation) 136M->136M(256M) 22.461ms
[2020-01-29T21:36:24.993+0300][41.529s][info ][gc] GC(1396) Concurrent Cycle
[2020-01-29T21:36:25.035+0300][41.570s][info ][gc] GC(1397) Pause Young (Normal) (G1 Evacuation Pause) 184M->185M(256M) 20.777ms
[2020-01-29T21:36:25.040+0300][41.576s][debug][gc] GC(1396) Reclaimed 96 empty regions
[2020-01-29T21:36:25.040+0300][41.576s][info ][gc] GC(1396) Pause Remark 185M->91M(256M) 0.633ms
[2020-01-29T21:36:25.057+0300][41.593s][info ][gc] GC(1398) Pause Young (Normal) (G1 Evacuation Pause) 104M->105M(256M) 11.043ms
[2020-01-29T21:36:25.106+0300][41.641s][info ][gc] GC(1399) Pause Young (Normal) (G1 Evacuation Pause) 143M->144M(256M) 29.748ms
[2020-01-29T21:36:25.159+0300][41.694s][info ][gc] GC(1400) Pause Young (Normal) (G1 Evacuation Pause) 170M->171M(256M) 35.195ms
[2020-01-29T21:36:25.178+0300][41.713s][info ][gc] GC(1396) Pause Cleanup 206M->206M(256M) 0.053ms
[2020-01-29T21:36:25.178+0300][41.713s][info ][gc] GC(1396) Concurrent Cycle 184.416ms
[2020-01-29T21:36:25.207+0300][41.743s][info ][gc] GC(1401) Pause Young (Normal) (G1 Evacuation Pause) 209M->210M(256M) 28.156ms
[2020-01-29T21:36:25.219+0300][41.754s][info ][gc] GC(1402) Pause Young (Concurrent Start) (G1 Evacuation Pause) 219M->220M(256M) 7.361ms
[2020-01-29T21:36:25.219+0300][41.754s][info ][gc] GC(1403) Concurrent Cycle
[2020-01-29T21:36:25.233+0300][41.768s][info ][gc] GC(1404) Pause Young (Normal) (G1 Evacuation Pause) 230M->231M(256M) 7.886ms
[2020-01-29T21:36:25.246+0300][41.781s][info ][gc] GC(1405) Pause Young (Normal) (G1 Evacuation Pause) 241M->243M(256M) 7.923ms
[2020-01-29T21:36:25.270+0300][41.805s][info ][gc] GC(1406) To-space exhausted
[2020-01-29T21:36:25.270+0300][41.805s][info ][gc] GC(1406) Pause Young (Normal) (G1 Evacuation Pause) 253M->255M(256M) 20.294ms
[2020-01-29T21:36:25.270+0300][41.805s][debug][gc] GC(1407) Clear Next Bitmap 0.079ms
[2020-01-29T21:36:25.312+0300][41.847s][info ][gc] GC(1407) Pause Full (G1 Evacuation Pause) 255M->69M(256M) 41.656ms
[2020-01-29T21:36:25.312+0300][41.847s][info ][gc] GC(1403) Concurrent Cycle 93.324ms
[2020-01-29T21:36:25.362+0300][41.898s][info ][gc] GC(1408) Pause Young (Normal) (G1 Evacuation Pause) 119M->119M(256M) 29.930ms
[2020-01-29T21:36:25.397+0300][41.932s][info ][gc] GC(1409) Pause Young (Concurrent Start) (G1 Humongous Allocation) 137M->138M(256M) 14.085ms
[2020-01-29T21:36:25.397+0300][41.932s][info ][gc] GC(1410) Concurrent Cycle
[2020-01-29T21:36:25.434+0300][41.969s][info ][gc] GC(1411) Pause Young (Normal) (G1 Evacuation Pause) 186M->186M(256M) 20.579ms
[2020-01-29T21:36:25.435+0300][41.971s][debug][gc] GC(1410) Reclaimed 110 empty regions
[2020-01-29T21:36:25.436+0300][41.971s][info ][gc] GC(1410) Pause Remark 186M->78M(256M) 0.636ms
[2020-01-29T21:36:25.455+0300][41.990s][info ][gc] GC(1412) Pause Young (Normal) (G1 Evacuation Pause) 90M->91M(256M) 10.615ms
[2020-01-29T21:36:25.510+0300][42.045s][info ][gc] GC(1413) Pause Young (Normal) (G1 Evacuation Pause) 134M->134M(256M) 32.912ms
[2020-01-29T21:36:25.573+0300][42.108s][info ][gc] GC(1414) Pause Young (Normal) (G1 Evacuation Pause) 163M->165M(256M) 48.259ms
[2020-01-29T21:36:25.585+0300][42.120s][info ][gc] GC(1410) Pause Cleanup 168M->168M(256M) 0.048ms
[2020-01-29T21:36:25.585+0300][42.120s][info ][gc] GC(1410) Concurrent Cycle 187.750ms
[2020-01-29T21:36:25.611+0300][42.146s][info ][gc] GC(1415) Pause Young (Concurrent Start) (G1 Humongous Allocation) 168M->169M(256M) 21.301ms
[2020-01-29T21:36:25.611+0300][42.146s][info ][gc] GC(1416) Concurrent Cycle
[2020-01-29T21:36:25.620+0300][42.156s][debug][gc] GC(1416) Reclaimed 150 empty regions
[2020-01-29T21:36:25.620+0300][42.156s][info ][gc] GC(1416) Pause Remark 205M->55M(256M) 0.775ms
[2020-01-29T21:36:25.635+0300][42.170s][info ][gc] GC(1417) Pause Young (Normal) (G1 Evacuation Pause) 57M->55M(256M) 12.569ms
[2020-01-29T21:36:25.649+0300][42.185s][info ][gc] GC(1416) Pause Cleanup 87M->87M(256M) 0.047ms
[2020-01-29T21:36:25.650+0300][42.185s][info ][gc] GC(1416) Concurrent Cycle 38.654ms
[2020-01-29T21:36:25.702+0300][42.237s][info ][gc] GC(1418) Pause Young (Normal) (G1 Evacuation Pause) 109M->110M(256M) 40.617ms
[2020-01-29T21:36:25.744+0300][42.279s][info ][gc] GC(1419) Pause Young (Concurrent Start) (G1 Evacuation Pause) 147M->148M(256M) 25.324ms
[2020-01-29T21:36:25.744+0300][42.279s][info ][gc] GC(1420) Concurrent Cycle
[2020-01-29T21:36:25.786+0300][42.321s][info ][gc] GC(1421) Pause Young (Normal) (G1 Evacuation Pause) 193M->193M(256M) 18.800ms
[2020-01-29T21:36:25.800+0300][42.335s][info ][gc] GC(1422) Pause Young (Normal) (G1 Evacuation Pause) 204M->205M(256M) 8.812ms
[2020-01-29T21:36:25.811+0300][42.346s][info ][gc] GC(1423) Pause Young (Normal) (G1 Evacuation Pause) 215M->216M(256M) 6.963ms
[2020-01-29T21:36:25.824+0300][42.360s][info ][gc] GC(1424) Pause Young (Normal) (G1 Evacuation Pause) 226M->227M(256M) 8.735ms
[2020-01-29T21:36:25.836+0300][42.371s][info ][gc] GC(1425) Pause Young (Normal) (G1 Evacuation Pause) 237M->239M(256M) 6.895ms
[2020-01-29T21:36:25.855+0300][42.390s][info ][gc] GC(1426) To-space exhausted
[2020-01-29T21:36:25.855+0300][42.390s][info ][gc] GC(1426) Pause Young (Normal) (G1 Evacuation Pause) 249M->251M(256M) 14.592ms
[2020-01-29T21:36:25.871+0300][42.406s][info ][gc] GC(1427) To-space exhausted
[2020-01-29T21:36:25.871+0300][42.406s][info ][gc] GC(1427) Pause Young (Normal) (G1 Evacuation Pause) 255M->255M(256M) 13.954ms
[2020-01-29T21:36:25.871+0300][42.406s][debug][gc] GC(1428) Clear Next Bitmap 0.062ms
[2020-01-29T21:36:25.923+0300][42.458s][info ][gc] GC(1428) Pause Full (G1 Evacuation Pause) 255M->95M(256M) 51.672ms
[2020-01-29T21:36:25.923+0300][42.458s][info ][gc] GC(1420) Concurrent Cycle 179.026ms
[2020-01-29T21:36:25.972+0300][42.507s][info ][gc] GC(1429) Pause Young (Concurrent Start) (G1 Humongous Allocation) 136M->136M(256M) 22.699ms
[2020-01-29T21:36:25.972+0300][42.507s][info ][gc] GC(1430) Concurrent Cycle
[2020-01-29T21:36:26.015+0300][42.550s][info ][gc] GC(1431) Pause Young (Normal) (G1 Evacuation Pause) 184M->185M(256M) 21.213ms
[2020-01-29T21:36:26.020+0300][42.555s][debug][gc] GC(1430) Reclaimed 95 empty regions
[2020-01-29T21:36:26.020+0300][42.555s][info ][gc] GC(1430) Pause Remark 194M->102M(256M) 0.612ms
[2020-01-29T21:36:26.033+0300][42.568s][info ][gc] GC(1432) Pause Young (Normal) (G1 Evacuation Pause) 106M->107M(256M) 11.431ms
[2020-01-29T21:36:26.087+0300][42.622s][info ][gc] GC(1433) Pause Young (Normal) (G1 Evacuation Pause) 145M->145M(256M) 38.549ms
[2020-01-29T21:36:26.148+0300][42.684s][info ][gc] GC(1434) Pause Young (Normal) (G1 Evacuation Pause) 171M->172M(256M) 47.573ms
[2020-01-29T21:36:26.213+0300][42.748s][info ][gc] GC(1435) Pause Young (Normal) (G1 Evacuation Pause) 209M->210M(256M) 38.719ms
[2020-01-29T21:36:26.219+0300][42.754s][info ][gc] GC(1430) Pause Cleanup 210M->210M(256M) 0.057ms
[2020-01-29T21:36:26.220+0300][42.755s][info ][gc] GC(1430) Concurrent Cycle 247.291ms
[2020-01-29T21:36:26.249+0300][42.785s][info ][gc] GC(1436) Pause Young (Normal) (G1 Evacuation Pause) 219M->219M(256M) 25.335ms
[2020-01-29T21:36:26.266+0300][42.801s][info ][gc] GC(1437) Pause Young (Concurrent Start) (G1 Evacuation Pause) 229M->230M(256M) 11.477ms
[2020-01-29T21:36:26.266+0300][42.801s][info ][gc] GC(1438) Concurrent Cycle
[2020-01-29T21:36:26.282+0300][42.818s][info ][gc] GC(1439) Pause Young (Normal) (G1 Evacuation Pause) 240M->240M(256M) 9.831ms
[2020-01-29T21:36:26.306+0300][42.842s][info ][gc] GC(1440) To-space exhausted
[2020-01-29T21:36:26.306+0300][42.842s][info ][gc] GC(1440) Pause Young (Normal) (G1 Evacuation Pause) 250M->252M(256M) 19.031ms
[2020-01-29T21:36:26.321+0300][42.856s][info ][gc] GC(1441) To-space exhausted
[2020-01-29T21:36:26.321+0300][42.856s][info ][gc] GC(1441) Pause Young (Normal) (G1 Evacuation Pause) 255M->255M(256M) 13.002ms
[2020-01-29T21:36:26.321+0300][42.856s][debug][gc] GC(1442) Clear Next Bitmap 0.054ms
[2020-01-29T21:36:26.358+0300][42.894s][info ][gc] GC(1442) Pause Full (G1 Evacuation Pause) 255M->71M(256M) 37.465ms
[2020-01-29T21:36:26.359+0300][42.894s][info ][gc] GC(1438) Concurrent Cycle 92.681ms
[2020-01-29T21:36:26.416+0300][42.951s][info ][gc] GC(1443) Pause Young (Normal) (G1 Evacuation Pause) 121M->120M(256M) 36.997ms
[2020-01-29T21:36:26.448+0300][42.983s][info ][gc] GC(1444) Pause Young (Concurrent Start) (G1 Humongous Allocation) 136M->137M(256M) 13.540ms
[2020-01-29T21:36:26.448+0300][42.983s][info ][gc] GC(1445) Concurrent Cycle
[2020-01-29T21:36:26.465+0300][43.000s][debug][gc] GC(1445) Reclaimed 109 empty regions
[2020-01-29T21:36:26.465+0300][43.000s][info ][gc] GC(1445) Pause Remark 184M->76M(256M) 0.580ms
[2020-01-29T21:36:26.485+0300][43.020s][info ][gc] GC(1446) Pause Young (Normal) (G1 Evacuation Pause) 77M->72M(256M) 18.859ms
[2020-01-29T21:36:26.544+0300][43.080s][info ][gc] GC(1447) Pause Young (Normal) (G1 Evacuation Pause) 121M->122M(256M) 39.198ms
[2020-01-29T21:36:26.553+0300][43.088s][info ][gc] GC(1445) Pause Cleanup 138M->138M(256M) 0.050ms
[2020-01-29T21:36:26.553+0300][43.088s][info ][gc] GC(1445) Concurrent Cycle 104.700ms
[2020-01-29T21:36:26.598+0300][43.133s][info ][gc] GC(1448) Pause Young (Normal) (G1 Evacuation Pause) 155M->156M(256M) 37.727ms
[2020-01-29T21:36:26.616+0300][43.152s][info ][gc] GC(1449) Pause Young (Concurrent Start) (G1 Humongous Allocation) 161M->162M(256M) 6.701ms
[2020-01-29T21:36:26.616+0300][43.152s][info ][gc] GC(1450) Concurrent Cycle
[2020-01-29T21:36:26.626+0300][43.162s][debug][gc] GC(1450) Reclaimed 144 empty regions
[2020-01-29T21:36:26.626+0300][43.162s][info ][gc] GC(1450) Pause Remark 201M->57M(256M) 0.575ms
[2020-01-29T21:36:26.640+0300][43.176s][info ][gc] GC(1451) Pause Young (Normal) (G1 Evacuation Pause) 58M->55M(256M) 13.551ms
[2020-01-29T21:36:26.658+0300][43.194s][info ][gc] GC(1450) Pause Cleanup 98M->98M(256M) 0.039ms
[2020-01-29T21:36:26.658+0300][43.194s][info ][gc] GC(1450) Concurrent Cycle 41.816ms
[2020-01-29T21:36:26.702+0300][43.238s][info ][gc] GC(1452) Pause Young (Normal) (G1 Evacuation Pause) 109M->110M(256M) 39.746ms
[2020-01-29T21:36:26.743+0300][43.279s][info ][gc] GC(1453) Pause Young (Concurrent Start) (G1 Evacuation Pause) 147M->147M(256M) 25.928ms
[2020-01-29T21:36:26.743+0300][43.279s][info ][gc] GC(1454) Concurrent Cycle
[2020-01-29T21:36:26.786+0300][43.322s][info ][gc] GC(1455) Pause Young (Normal) (G1 Evacuation Pause) 192M->194M(256M) 19.374ms
[2020-01-29T21:36:26.800+0300][43.335s][info ][gc] GC(1456) Pause Young (Normal) (G1 Evacuation Pause) 204M->204M(256M) 9.092ms
[2020-01-29T21:36:26.812+0300][43.348s][info ][gc] GC(1457) Pause Young (Normal) (G1 Evacuation Pause) 214M->215M(256M) 8.084ms
[2020-01-29T21:36:26.825+0300][43.360s][info ][gc] GC(1458) Pause Young (Normal) (G1 Evacuation Pause) 225M->226M(256M) 8.138ms
[2020-01-29T21:36:26.837+0300][43.372s][info ][gc] GC(1459) Pause Young (Normal) (G1 Evacuation Pause) 236M->237M(256M) 7.897ms
[2020-01-29T21:36:26.854+0300][43.389s][info ][gc] GC(1460) To-space exhausted
[2020-01-29T21:36:26.854+0300][43.389s][info ][gc] GC(1460) Pause Young (Normal) (G1 Evacuation Pause) 247M->249M(256M) 12.812ms
[2020-01-29T21:36:26.873+0300][43.408s][info ][gc] GC(1461) To-space exhausted
[2020-01-29T21:36:26.873+0300][43.408s][info ][gc] GC(1461) Pause Young (Normal) (G1 Evacuation Pause) 255M->255M(256M) 16.011ms
[2020-01-29T21:36:26.873+0300][43.408s][debug][gc] GC(1462) Clear Next Bitmap 0.060ms
[2020-01-29T21:36:26.929+0300][43.464s][info ][gc] GC(1462) Pause Full (G1 Evacuation Pause) 255M->98M(256M) 56.011ms
[2020-01-29T21:36:26.929+0300][43.464s][info ][gc] GC(1454) Concurrent Cycle 185.560ms
[2020-01-29T21:36:26.978+0300][43.512s][info ][gc] GC(1463) Pause Young (Concurrent Start) (G1 Humongous Allocation) 136M->136M(256M) 20.954ms
[2020-01-29T21:36:26.978+0300][43.512s][info ][gc] GC(1464) Concurrent Cycle
[2020-01-29T21:36:27.019+0300][43.555s][info ][gc] GC(1465) Pause Young (Normal) (G1 Evacuation Pause) 185M->186M(256M) 22.103ms
[2020-01-29T21:36:27.023+0300][43.559s][debug][gc] GC(1464) Reclaimed 96 empty regions
[2020-01-29T21:36:27.023+0300][43.559s][info ][gc] GC(1464) Pause Remark 195M->100M(256M) 0.577ms
[2020-01-29T21:36:27.036+0300][43.572s][info ][gc] GC(1466) Pause Young (Normal) (G1 Evacuation Pause) 104M->105M(256M) 10.978ms
[2020-01-29T21:36:27.080+0300][43.616s][info ][gc] GC(1467) Pause Young (Normal) (G1 Evacuation Pause) 143M->144M(256M) 28.469ms
[2020-01-29T21:36:27.124+0300][43.660s][info ][gc] GC(1468) Pause Young (Normal) (G1 Evacuation Pause) 170M->171M(256M) 33.426ms
[2020-01-29T21:36:27.176+0300][43.711s][info ][gc] GC(1469) Pause Young (Normal) (G1 Evacuation Pause) 209M->210M(256M) 31.729ms
[2020-01-29T21:36:27.209+0300][43.744s][info ][gc] GC(1470) Pause Young (Normal) (G1 Evacuation Pause) 219M->220M(256M) 27.636ms
[2020-01-29T21:36:27.239+0300][43.775s][info ][gc] GC(1471) Pause Young (Normal) (G1 Evacuation Pause) 230M->231M(256M) 26.074ms
[2020-01-29T21:36:27.271+0300][43.806s][info ][gc] GC(1472) Pause Young (Normal) (G1 Evacuation Pause) 241M->242M(256M) 26.897ms
[2020-01-29T21:36:27.272+0300][43.807s][info ][gc] GC(1464) Pause Cleanup 243M->243M(256M) 0.039ms
[2020-01-29T21:36:27.272+0300][43.807s][info ][gc] GC(1464) Concurrent Cycle 294.610ms
[2020-01-29T21:36:27.314+0300][43.848s][info ][gc] GC(1473) To-space exhausted
[2020-01-29T21:36:27.314+0300][43.849s][info ][gc] GC(1473) Pause Young (Normal) (G1 Evacuation Pause) 252M->255M(256M) 37.250ms
[2020-01-29T21:36:27.352+0300][43.887s][info ][gc] GC(1474) Pause Full (G1 Evacuation Pause) 255M->70M(256M) 38.412ms
[2020-01-29T21:36:27.410+0300][43.945s][info ][gc] GC(1475) Pause Young (Concurrent Start) (G1 Evacuation Pause) 120M->119M(256M) 38.388ms
[2020-01-29T21:36:27.410+0300][43.945s][info ][gc] GC(1476) Concurrent Cycle
[2020-01-29T21:36:27.477+0300][44.013s][info ][gc] GC(1477) Pause Young (Normal) (G1 Evacuation Pause) 173M->175M(256M) 38.751ms
[2020-01-29T21:36:27.510+0300][44.045s][info ][gc] GC(1478) Pause Young (Normal) (G1 Evacuation Pause) 191M->192M(256M) 14.789ms
[2020-01-29T21:36:27.528+0300][44.063s][info ][gc] GC(1479) Pause Young (Normal) (G1 Evacuation Pause) 203M->204M(256M) 8.252ms
[2020-01-29T21:36:27.541+0300][44.076s][info ][gc] GC(1480) Pause Young (Normal) (G1 Evacuation Pause) 214M->215M(256M) 8.130ms
[2020-01-29T21:36:27.556+0300][44.091s][info ][gc] GC(1481) Pause Young (Normal) (G1 Evacuation Pause) 225M->226M(256M) 9.810ms
[2020-01-29T21:36:27.568+0300][44.104s][info ][gc] GC(1482) Pause Young (Normal) (G1 Evacuation Pause) 236M->237M(256M) 7.367ms
[2020-01-29T21:36:27.587+0300][44.122s][info ][gc] GC(1483) To-space exhausted
[2020-01-29T21:36:27.587+0300][44.123s][info ][gc] GC(1483) Pause Young (Normal) (G1 Evacuation Pause) 247M->251M(256M) 14.032ms
[2020-01-29T21:36:27.604+0300][44.140s][info ][gc] GC(1484) To-space exhausted
[2020-01-29T21:36:27.605+0300][44.140s][info ][gc] GC(1484) Pause Young (Normal) (G1 Evacuation Pause) 255M->255M(256M) 13.726ms
[2020-01-29T21:36:27.605+0300][44.140s][debug][gc] GC(1485) Clear Next Bitmap 0.056ms
[2020-01-29T21:36:27.669+0300][44.204s][info ][gc] GC(1485) Pause Full (G1 Evacuation Pause) 255M->108M(256M) 64.058ms
[2020-01-29T21:36:27.669+0300][44.205s][info ][gc] GC(1476) Concurrent Cycle 259.244ms
[2020-01-29T21:36:27.708+0300][44.243s][info ][gc] GC(1486) Pause Young (Concurrent Start) (G1 Humongous Allocation) 136M->136M(256M) 16.276ms
[2020-01-29T21:36:27.708+0300][44.243s][info ][gc] GC(1487) Concurrent Cycle
[2020-01-29T21:36:27.743+0300][44.278s][info ][gc] GC(1488) Pause Young (Normal) (G1 Evacuation Pause) 185M->186M(256M) 20.295ms
[2020-01-29T21:36:27.746+0300][44.282s][debug][gc] GC(1487) Reclaimed 105 empty regions
[2020-01-29T21:36:27.746+0300][44.282s][info ][gc] GC(1487) Pause Remark 195M->92M(256M) 0.581ms
[2020-01-29T21:36:27.758+0300][44.293s][info ][gc] GC(1489) Pause Young (Normal) (G1 Evacuation Pause) 95M->96M(256M) 9.921ms
[2020-01-29T21:36:27.808+0300][44.343s][info ][gc] GC(1490) Pause Young (Normal) (G1 Evacuation Pause) 139M->139M(256M) 31.635ms
[2020-01-29T21:36:27.857+0300][44.392s][info ][gc] GC(1491) Pause Young (Normal) (G1 Evacuation Pause) 167M->169M(256M) 36.636ms
[2020-01-29T21:36:27.914+0300][44.449s][info ][gc] GC(1492) Pause Young (Normal) (G1 Evacuation Pause) 207M->208M(256M) 37.974ms
[2020-01-29T21:36:27.916+0300][44.451s][info ][gc] GC(1487) Pause Cleanup 211M->211M(256M) 0.044ms
[2020-01-29T21:36:27.916+0300][44.452s][info ][gc] GC(1487) Concurrent Cycle 208.904ms
[2020-01-29T21:36:27.947+0300][44.482s][info ][gc] GC(1493) Pause Young (Normal) (G1 Evacuation Pause) 217M->218M(256M) 27.377ms
[2020-01-29T21:36:27.963+0300][44.498s][info ][gc] GC(1494) Pause Young (Concurrent Start) (G1 Evacuation Pause) 228M->228M(256M) 11.156ms
[2020-01-29T21:36:27.963+0300][44.498s][info ][gc] GC(1495) Concurrent Cycle
[2020-01-29T21:36:27.977+0300][44.512s][info ][gc] GC(1496) Pause Young (Normal) (G1 Evacuation Pause) 238M->239M(256M) 7.583ms
[2020-01-29T21:36:27.997+0300][44.532s][info ][gc] GC(1497) To-space exhausted
[2020-01-29T21:36:27.997+0300][44.532s][info ][gc] GC(1497) Pause Young (Normal) (G1 Evacuation Pause) 249M->251M(256M) 15.141ms
[2020-01-29T21:36:28.013+0300][44.548s][info ][gc] GC(1498) To-space exhausted
[2020-01-29T21:36:28.013+0300][44.548s][info ][gc] GC(1498) Pause Young (Normal) (G1 Evacuation Pause) 255M->255M(256M) 13.909ms
[2020-01-29T21:36:28.014+0300][44.549s][debug][gc] GC(1499) Clear Next Bitmap 0.082ms
[2020-01-29T21:36:28.059+0300][44.594s][info ][gc] GC(1499) Pause Full (G1 Evacuation Pause) 255M->80M(256M) 45.546ms
[2020-01-29T21:36:28.059+0300][44.594s][info ][gc] GC(1495) Concurrent Cycle 96.161ms
[2020-01-29T21:36:28.108+0300][44.643s][info ][gc] GC(1500) Pause Young (Normal) (G1 Evacuation Pause) 127M->127M(256M) 28.820ms
[2020-01-29T21:36:28.137+0300][44.672s][info ][gc] GC(1501) Pause Young (Concurrent Start) (G1 Humongous Allocation) 137M->138M(256M) 11.141ms
[2020-01-29T21:36:28.137+0300][44.672s][info ][gc] GC(1502) Concurrent Cycle
[2020-01-29T21:36:28.149+0300][44.685s][debug][gc] GC(1502) Reclaimed 118 empty regions
[2020-01-29T21:36:28.149+0300][44.685s][info ][gc] GC(1502) Pause Remark 182M->65M(256M) 0.577ms
[2020-01-29T21:36:28.172+0300][44.707s][info ][gc] GC(1503) Pause Young (Normal) (G1 Evacuation Pause) 69M->65M(256M) 20.433ms
[2020-01-29T21:36:28.242+0300][44.777s][info ][gc] GC(1504) Pause Young (Normal) (G1 Evacuation Pause) 116M->117M(256M) 49.116ms
[2020-01-29T21:36:28.243+0300][44.778s][info ][gc] GC(1502) Pause Cleanup 118M->118M(256M) 0.042ms
[2020-01-29T21:36:28.243+0300][44.779s][info ][gc] GC(1502) Concurrent Cycle 106.531ms
[2020-01-29T21:36:28.305+0300][44.840s][info ][gc] GC(1505) Pause Young (Normal) (G1 Evacuation Pause) 152M->153M(256M) 47.860ms
[2020-01-29T21:36:28.321+0300][44.857s][info ][gc] GC(1506) Pause Young (Concurrent Start) (G1 Humongous Allocation) 154M->154M(256M) 5.631ms
[2020-01-29T21:36:28.321+0300][44.857s][info ][gc] GC(1507) Concurrent Cycle
[2020-01-29T21:36:28.329+0300][44.865s][debug][gc] GC(1507) Reclaimed 142 empty regions
[2020-01-29T21:36:28.330+0300][44.865s][info ][gc] GC(1507) Pause Remark 190M->48M(256M) 0.621ms
[2020-01-29T21:36:28.359+0300][44.894s][info ][gc] GC(1508) Pause Young (Normal) (G1 Evacuation Pause) 55M->55M(256M) 18.290ms
[2020-01-29T21:36:28.364+0300][44.900s][info ][gc] GC(1507) Pause Cleanup 67M->67M(256M) 0.038ms
[2020-01-29T21:36:28.365+0300][44.900s][info ][gc] GC(1507) Concurrent Cycle 43.121ms
[2020-01-29T21:36:28.441+0300][44.976s][info ][gc] GC(1509) Pause Young (Normal) (G1 Evacuation Pause) 109M->110M(256M) 44.239ms
[2020-01-29T21:36:28.483+0300][45.017s][info ][gc] GC(1510) Pause Young (Concurrent Start) (G1 Evacuation Pause) 147M->148M(256M) 25.534ms
[2020-01-29T21:36:28.483+0300][45.017s][info ][gc] GC(1511) Concurrent Cycle
[2020-01-29T21:36:28.526+0300][45.061s][info ][gc] GC(1512) Pause Young (Normal) (G1 Evacuation Pause) 193M->194M(256M) 18.909ms
[2020-01-29T21:36:28.539+0300][45.075s][info ][gc] GC(1513) Pause Young (Normal) (G1 Evacuation Pause) 204M->205M(256M) 9.046ms
[2020-01-29T21:36:28.552+0300][45.087s][info ][gc] GC(1514) Pause Young (Normal) (G1 Evacuation Pause) 215M->215M(256M) 7.879ms
[2020-01-29T21:36:28.565+0300][45.100s][info ][gc] GC(1515) Pause Young (Normal) (G1 Evacuation Pause) 225M->226M(256M) 7.991ms
[2020-01-29T21:36:28.577+0300][45.112s][info ][gc] GC(1516) Pause Young (Normal) (G1 Evacuation Pause) 236M->237M(256M) 8.020ms
[2020-01-29T21:36:28.594+0300][45.129s][info ][gc] GC(1517) To-space exhausted
[2020-01-29T21:36:28.594+0300][45.129s][info ][gc] GC(1517) Pause Young (Normal) (G1 Evacuation Pause) 247M->250M(256M) 12.742ms
[2020-01-29T21:36:28.611+0300][45.146s][info ][gc] GC(1518) To-space exhausted
[2020-01-29T21:36:28.611+0300][45.146s][info ][gc] GC(1518) Pause Young (Normal) (G1 Evacuation Pause) 255M->255M(256M) 14.688ms
[2020-01-29T21:36:28.611+0300][45.146s][debug][gc] GC(1519) Clear Next Bitmap 0.071ms
[2020-01-29T21:36:28.670+0300][45.205s][info ][gc] GC(1519) Pause Full (G1 Evacuation Pause) 255M->100M(256M) 58.582ms
[2020-01-29T21:36:28.670+0300][45.205s][info ][gc] GC(1511) Concurrent Cycle 187.817ms
[2020-01-29T21:36:28.715+0300][45.251s][info ][gc] GC(1520) Pause Young (Concurrent Start) (G1 Humongous Allocation) 136M->136M(256M) 20.838ms
[2020-01-29T21:36:28.716+0300][45.251s][info ][gc] GC(1521) Concurrent Cycle
[2020-01-29T21:36:28.755+0300][45.291s][info ][gc] GC(1522) Pause Young (Normal) (G1 Evacuation Pause) 184M->185M(256M) 20.306ms
[2020-01-29T21:36:28.760+0300][45.295s][debug][gc] GC(1521) Reclaimed 98 empty regions
[2020-01-29T21:36:28.760+0300][45.295s][info ][gc] GC(1521) Pause Remark 195M->98M(256M) 0.589ms
[2020-01-29T21:36:28.773+0300][45.309s][info ][gc] GC(1523) Pause Young (Normal) (G1 Evacuation Pause) 102M->103M(256M) 11.473ms
[2020-01-29T21:36:28.819+0300][45.354s][info ][gc] GC(1524) Pause Young (Normal) (G1 Evacuation Pause) 142M->143M(256M) 29.603ms
[2020-01-29T21:36:28.865+0300][45.400s][info ][gc] GC(1525) Pause Young (Normal) (G1 Evacuation Pause) 169M->170M(256M) 34.071ms
[2020-01-29T21:36:28.920+0300][45.455s][info ][gc] GC(1526) Pause Young (Normal) (G1 Evacuation Pause) 208M->209M(256M) 32.763ms
[2020-01-29T21:36:28.951+0300][45.486s][info ][gc] GC(1527) Pause Young (Normal) (G1 Evacuation Pause) 218M->220M(256M) 26.557ms
[2020-01-29T21:36:28.956+0300][45.491s][info ][gc] GC(1521) Pause Cleanup 227M->227M(256M) 0.046ms
[2020-01-29T21:36:28.956+0300][45.491s][info ][gc] GC(1521) Concurrent Cycle 240.001ms
[2020-01-29T21:36:28.989+0300][45.524s][info ][gc] GC(1528) Pause Young (Normal) (G1 Evacuation Pause) 230M->231M(256M) 31.422ms
[2020-01-29T21:36:29.005+0300][45.540s][info ][gc] GC(1529) Pause Young (Concurrent Start) (G1 Evacuation Pause) 241M->241M(256M) 11.690ms
[2020-01-29T21:36:29.005+0300][45.540s][info ][gc] GC(1530) Concurrent Cycle
[2020-01-29T21:36:29.032+0300][45.567s][info ][gc] GC(1531) To-space exhausted
[2020-01-29T21:36:29.032+0300][45.567s][info ][gc] GC(1531) Pause Young (Normal) (G1 Evacuation Pause) 251M->254M(256M) 19.743ms
[2020-01-29T21:36:29.042+0300][45.577s][info ][gc] GC(1532) To-space exhausted
[2020-01-29T21:36:29.042+0300][45.577s][info ][gc] GC(1532) Pause Young (Normal) (G1 Evacuation Pause) 255M->255M(256M) 8.337ms
[2020-01-29T21:36:29.042+0300][45.577s][debug][gc] GC(1533) Clear Next Bitmap 0.075ms
[2020-01-29T21:36:29.087+0300][45.623s][info ][gc] GC(1533) Pause Full (G1 Evacuation Pause) 255M->71M(256M) 45.888ms
[2020-01-29T21:36:29.088+0300][45.623s][info ][gc] GC(1530) Concurrent Cycle 82.957ms
[2020-01-29T21:36:29.144+0300][45.679s][info ][gc] GC(1534) Pause Young (Normal) (G1 Evacuation Pause) 120M->120M(256M) 36.164ms
[2020-01-29T21:36:29.180+0300][45.715s][info ][gc] GC(1535) Pause Young (Concurrent Start) (G1 Humongous Allocation) 137M->138M(256M) 18.229ms
[2020-01-29T21:36:29.180+0300][45.715s][info ][gc] GC(1536) Concurrent Cycle
[2020-01-29T21:36:29.221+0300][45.756s][info ][gc] GC(1537) Pause Young (Normal) (G1 Evacuation Pause) 186M->187M(256M) 27.671ms
[2020-01-29T21:36:29.225+0300][45.760s][debug][gc] GC(1536) Reclaimed 111 empty regions
[2020-01-29T21:36:29.225+0300][45.760s][info ][gc] GC(1536) Pause Remark 190M->81M(256M) 0.713ms
[2020-01-29T21:36:29.246+0300][45.782s][info ][gc] GC(1538) Pause Young (Normal) (G1 Evacuation Pause) 89M->90M(256M) 17.384ms
[2020-01-29T21:36:29.324+0300][45.859s][info ][gc] GC(1539) Pause Young (Normal) (G1 Evacuation Pause) 133M->134M(256M) 51.271ms
[2020-01-29T21:36:29.398+0300][45.933s][info ][gc] GC(1540) Pause Young (Normal) (G1 Evacuation Pause) 163M->164M(256M) 55.317ms
[2020-01-29T21:36:29.422+0300][45.957s][info ][gc] GC(1536) Pause Cleanup 165M->165M(256M) 0.043ms
[2020-01-29T21:36:29.427+0300][45.962s][info ][gc] GC(1536) Concurrent Cycle 247.375ms
[2020-01-29T21:36:29.470+0300][46.005s][info ][gc] GC(1541) Pause Young (Concurrent Start) (G1 Humongous Allocation) 168M->169M(256M) 22.928ms
[2020-01-29T21:36:29.470+0300][46.005s][info ][gc] GC(1542) Concurrent Cycle
[2020-01-29T21:36:29.479+0300][46.015s][debug][gc] GC(1542) Reclaimed 156 empty regions
[2020-01-29T21:36:29.479+0300][46.015s][info ][gc] GC(1542) Pause Remark 202M->46M(256M) 0.789ms
[2020-01-29T21:36:29.497+0300][46.032s][info ][gc] GC(1543) Pause Young (Normal) (G1 Evacuation Pause) 51M->49M(256M) 14.848ms
[2020-01-29T21:36:29.511+0300][46.046s][info ][gc] GC(1542) Pause Cleanup 83M->83M(256M) 0.044ms
[2020-01-29T21:36:29.511+0300][46.046s][info ][gc] GC(1542) Concurrent Cycle 41.387ms
[2020-01-29T21:36:29.559+0300][46.094s][info ][gc] GC(1544) Pause Young (Normal) (G1 Evacuation Pause) 105M->106M(256M) 38.902ms
[2020-01-29T21:36:29.601+0300][46.135s][info ][gc] GC(1545) Pause Young (Concurrent Start) (G1 Evacuation Pause) 144M->144M(256M) 26.022ms
[2020-01-29T21:36:29.601+0300][46.135s][info ][gc] GC(1546) Concurrent Cycle
[2020-01-29T21:36:29.643+0300][46.179s][info ][gc] GC(1547) Pause Young (Normal) (G1 Evacuation Pause) 190M->191M(256M) 19.455ms
[2020-01-29T21:36:29.657+0300][46.193s][info ][gc] GC(1548) Pause Young (Normal) (G1 Evacuation Pause) 202M->203M(256M) 8.964ms
[2020-01-29T21:36:29.670+0300][46.205s][info ][gc] GC(1549) Pause Young (Normal) (G1 Evacuation Pause) 213M->214M(256M) 7.861ms
[2020-01-29T21:36:29.682+0300][46.218s][info ][gc] GC(1550) Pause Young (Normal) (G1 Evacuation Pause) 224M->225M(256M) 8.022ms
[2020-01-29T21:36:29.695+0300][46.230s][info ][gc] GC(1551) Pause Young (Normal) (G1 Evacuation Pause) 235M->236M(256M) 7.955ms
[2020-01-29T21:36:29.710+0300][46.245s][info ][gc] GC(1552) To-space exhausted
[2020-01-29T21:36:29.710+0300][46.245s][info ][gc] GC(1552) Pause Young (Normal) (G1 Evacuation Pause) 246M->249M(256M) 11.288ms
[2020-01-29T21:36:29.729+0300][46.264s][info ][gc] GC(1553) To-space exhausted
[2020-01-29T21:36:29.729+0300][46.264s][info ][gc] GC(1553) Pause Young (Normal) (G1 Evacuation Pause) 255M->255M(256M) 15.820ms
[2020-01-29T21:36:29.729+0300][46.264s][debug][gc] GC(1554) Clear Next Bitmap 0.057ms
[2020-01-29T21:36:29.785+0300][46.320s][info ][gc] GC(1554) Pause Full (G1 Evacuation Pause) 255M->101M(256M) 56.213ms
[2020-01-29T21:36:29.786+0300][46.320s][info ][gc] GC(1546) Concurrent Cycle 184.941ms
[2020-01-29T21:36:29.829+0300][46.364s][info ][gc] GC(1555) Pause Young (Concurrent Start) (G1 Humongous Allocation) 136M->136M(256M) 19.775ms
[2020-01-29T21:36:29.829+0300][46.364s][info ][gc] GC(1556) Concurrent Cycle
[2020-01-29T21:36:29.868+0300][46.403s][info ][gc] GC(1557) Pause Young (Normal) (G1 Evacuation Pause) 184M->186M(256M) 20.359ms
[2020-01-29T21:36:29.872+0300][46.407s][debug][gc] GC(1556) Reclaimed 100 empty regions
[2020-01-29T21:36:29.872+0300][46.407s][info ][gc] GC(1556) Pause Remark 194M->96M(256M) 0.582ms
[2020-01-29T21:36:29.884+0300][46.419s][info ][gc] GC(1558) Pause Young (Normal) (G1 Evacuation Pause) 100M->101M(256M) 10.265ms
[2020-01-29T21:36:29.931+0300][46.466s][info ][gc] GC(1559) Pause Young (Normal) (G1 Evacuation Pause) 141M->142M(256M) 30.094ms
[2020-01-29T21:36:29.978+0300][46.512s][info ][gc] GC(1560) Pause Young (Normal) (G1 Evacuation Pause) 169M->169M(256M) 35.580ms
[2020-01-29T21:36:30.029+0300][46.565s][info ][gc] GC(1561) Pause Young (Normal) (G1 Evacuation Pause) 207M->208M(256M) 33.188ms
[2020-01-29T21:36:30.061+0300][46.597s][info ][gc] GC(1562) Pause Young (Normal) (G1 Evacuation Pause) 217M->218M(256M) 27.391ms
[2020-01-29T21:36:30.068+0300][46.604s][info ][gc] GC(1556) Pause Cleanup 228M->228M(256M) 0.046ms
[2020-01-29T21:36:30.068+0300][46.604s][info ][gc] GC(1556) Concurrent Cycle 239.788ms
[2020-01-29T21:36:30.091+0300][46.626s][info ][gc] GC(1563) Pause Young (Normal) (G1 Evacuation Pause) 228M->229M(256M) 22.236ms
[2020-01-29T21:36:30.104+0300][46.640s][info ][gc] GC(1564) Pause Young (Concurrent Start) (G1 Evacuation Pause) 239M->240M(256M) 8.421ms
[2020-01-29T21:36:30.104+0300][46.640s][info ][gc] GC(1565) Concurrent Cycle
[2020-01-29T21:36:30.127+0300][46.663s][info ][gc] GC(1566) To-space exhausted
[2020-01-29T21:36:30.128+0300][46.663s][info ][gc] GC(1566) Pause Young (Normal) (G1 Evacuation Pause) 250M->253M(256M) 16.796ms
[2020-01-29T21:36:30.138+0300][46.674s][info ][gc] GC(1567) To-space exhausted
[2020-01-29T21:36:30.138+0300][46.674s][info ][gc] GC(1567) Pause Young (Normal) (G1 Evacuation Pause) 255M->255M(256M) 9.781ms
[2020-01-29T21:36:30.138+0300][46.674s][debug][gc] GC(1568) Clear Next Bitmap 0.077ms
[2020-01-29T21:36:30.176+0300][46.712s][info ][gc] GC(1568) Pause Full (G1 Evacuation Pause) 255M->73M(256M) 38.004ms
[2020-01-29T21:36:30.177+0300][46.712s][info ][gc] GC(1565) Concurrent Cycle 72.212ms
[2020-01-29T21:36:30.223+0300][46.758s][info ][gc] GC(1569) Pause Young (Normal) (G1 Evacuation Pause) 122M->122M(256M) 27.015ms
[2020-01-29T21:36:30.252+0300][46.787s][info ][gc] GC(1570) Pause Young (Concurrent Start) (G1 Humongous Allocation) 137M->138M(256M) 12.402ms
[2020-01-29T21:36:30.252+0300][46.787s][info ][gc] GC(1571) Concurrent Cycle
[2020-01-29T21:36:30.286+0300][46.821s][info ][gc] GC(1572) Pause Young (Normal) (G1 Evacuation Pause) 186M->186M(256M) 20.250ms
[2020-01-29T21:36:30.289+0300][46.824s][debug][gc] GC(1571) Reclaimed 111 empty regions
[2020-01-29T21:36:30.289+0300][46.824s][info ][gc] GC(1571) Pause Remark 191M->82M(256M) 0.734ms
[2020-01-29T21:36:30.306+0300][46.841s][info ][gc] GC(1573) Pause Young (Normal) (G1 Evacuation Pause) 89M->90M(256M) 13.724ms
[2020-01-29T21:36:30.357+0300][46.892s][info ][gc] GC(1574) Pause Young (Normal) (G1 Evacuation Pause) 133M->134M(256M) 33.679ms
[2020-01-29T21:36:30.423+0300][46.958s][info ][gc] GC(1575) Pause Young (Normal) (G1 Evacuation Pause) 163M->164M(256M) 40.968ms
[2020-01-29T21:36:30.428+0300][46.963s][info ][gc] GC(1571) Pause Cleanup 167M->167M(256M) 0.044ms
[2020-01-29T21:36:30.428+0300][46.963s][info ][gc] GC(1571) Concurrent Cycle 176.149ms
[2020-01-29T21:36:30.457+0300][46.992s][info ][gc] GC(1576) Pause Young (Concurrent Start) (G1 Humongous Allocation) 168M->168M(256M) 19.677ms
[2020-01-29T21:36:30.457+0300][46.992s][info ][gc] GC(1577) Concurrent Cycle
[2020-01-29T21:36:30.466+0300][47.002s][debug][gc] GC(1577) Reclaimed 151 empty regions
[2020-01-29T21:36:30.466+0300][47.002s][info ][gc] GC(1577) Pause Remark 204M->53M(256M) 0.697ms
[2020-01-29T21:36:30.483+0300][47.019s][info ][gc] GC(1578) Pause Young (Normal) (G1 Evacuation Pause) 56M->53M(256M) 15.959ms
[2020-01-29T21:36:30.497+0300][47.032s][info ][gc] GC(1577) Pause Cleanup 68M->68M(256M) 0.051ms
[2020-01-29T21:36:30.497+0300][47.033s][info ][gc] GC(1577) Concurrent Cycle 40.242ms
[2020-01-29T21:36:30.555+0300][47.090s][info ][gc] GC(1579) Pause Young (Normal) (G1 Evacuation Pause) 108M->109M(256M) 41.306ms
[2020-01-29T21:36:30.595+0300][47.130s][info ][gc] GC(1580) Pause Young (Concurrent Start) (G1 Evacuation Pause) 146M->147M(256M) 25.273ms
[2020-01-29T21:36:30.595+0300][47.131s][info ][gc] GC(1581) Concurrent Cycle
[2020-01-29T21:36:30.638+0300][47.173s][info ][gc] GC(1582) Pause Young (Normal) (G1 Evacuation Pause) 192M->193M(256M) 18.972ms
[2020-01-29T21:36:30.651+0300][47.187s][info ][gc] GC(1583) Pause Young (Normal) (G1 Evacuation Pause) 204M->205M(256M) 8.733ms
[2020-01-29T21:36:30.664+0300][47.199s][info ][gc] GC(1584) Pause Young (Normal) (G1 Evacuation Pause) 215M->216M(256M) 8.067ms
[2020-01-29T21:36:30.676+0300][47.211s][info ][gc] GC(1585) Pause Young (Normal) (G1 Evacuation Pause) 226M->226M(256M) 7.949ms
[2020-01-29T21:36:30.688+0300][47.223s][info ][gc] GC(1586) Pause Young (Normal) (G1 Evacuation Pause) 236M->237M(256M) 7.996ms
[2020-01-29T21:36:30.705+0300][47.241s][info ][gc] GC(1587) To-space exhausted
[2020-01-29T21:36:30.705+0300][47.241s][info ][gc] GC(1587) Pause Young (Normal) (G1 Evacuation Pause) 247M->250M(256M) 12.956ms
[2020-01-29T21:36:30.722+0300][47.257s][info ][gc] GC(1588) To-space exhausted
[2020-01-29T21:36:30.722+0300][47.257s][info ][gc] GC(1588) Pause Young (Normal) (G1 Evacuation Pause) 255M->255M(256M) 13.955ms
[2020-01-29T21:36:30.722+0300][47.257s][debug][gc] GC(1589) Clear Next Bitmap 0.069ms
[2020-01-29T21:36:30.778+0300][47.314s][info ][gc] GC(1589) Pause Full (G1 Evacuation Pause) 255M->98M(256M) 57.103ms
[2020-01-29T21:36:30.779+0300][47.314s][info ][gc] GC(1581) Concurrent Cycle 183.796ms
[2020-01-29T21:36:30.824+0300][47.360s][info ][gc] GC(1590) Pause Young (Concurrent Start) (G1 Humongous Allocation) 136M->136M(256M) 20.866ms
[2020-01-29T21:36:30.825+0300][47.360s][info ][gc] GC(1591) Concurrent Cycle
[2020-01-29T21:36:30.865+0300][47.400s][info ][gc] GC(1592) Pause Young (Normal) (G1 Evacuation Pause) 184M->185M(256M) 20.232ms
[2020-01-29T21:36:30.870+0300][47.405s][debug][gc] GC(1591) Reclaimed 95 empty regions
[2020-01-29T21:36:30.870+0300][47.405s][info ][gc] GC(1591) Pause Remark 195M->102M(256M) 0.585ms
[2020-01-29T21:36:30.884+0300][47.420s][info ][gc] GC(1593) Pause Young (Normal) (G1 Evacuation Pause) 105M->106M(256M) 12.785ms
[2020-01-29T21:36:30.963+0300][47.498s][info ][gc] GC(1594) Pause Young (Normal) (G1 Evacuation Pause) 144M->145M(256M) 39.281ms
[2020-01-29T21:36:31.017+0300][47.552s][info ][gc] GC(1595) Pause Young (Normal) (G1 Evacuation Pause) 171M->172M(256M) 42.746ms
[2020-01-29T21:36:31.030+0300][47.565s][info ][gc] GC(1591) Pause Cleanup 182M->182M(256M) 0.042ms
[2020-01-29T21:36:31.030+0300][47.565s][info ][gc] GC(1591) Concurrent Cycle 204.733ms
[2020-01-29T21:36:31.060+0300][47.595s][info ][gc] GC(1596) Pause Young (Concurrent Start) (G1 Humongous Allocation) 182M->182M(256M) 24.127ms
[2020-01-29T21:36:31.060+0300][47.595s][info ][gc] GC(1597) Concurrent Cycle
[2020-01-29T21:36:31.082+0300][47.617s][info ][gc] GC(1598) Pause Young (Normal) (G1 Evacuation Pause) 216M->217M(256M) 12.800ms
[2020-01-29T21:36:31.086+0300][47.621s][debug][gc] GC(1597) Reclaimed 161 empty regions
[2020-01-29T21:36:31.086+0300][47.621s][info ][gc] GC(1597) Pause Remark 225M->64M(256M) 0.796ms
[2020-01-29T21:36:31.095+0300][47.630s][info ][gc] GC(1599) Pause Young (Normal) (G1 Evacuation Pause) 65M->67M(256M) 8.643ms
[2020-01-29T21:36:31.156+0300][47.691s][info ][gc] GC(1600) Pause Young (Normal) (G1 Evacuation Pause) 118M->119M(256M) 39.998ms
[2020-01-29T21:36:31.170+0300][47.705s][info ][gc] GC(1597) Pause Cleanup 152M->152M(256M) 0.044ms
[2020-01-29T21:36:31.170+0300][47.705s][info ][gc] GC(1597) Concurrent Cycle 110.103ms
[2020-01-29T21:36:31.211+0300][47.746s][info ][gc] GC(1601) Pause Young (Normal) (G1 Evacuation Pause) 153M->154M(256M) 40.307ms
[2020-01-29T21:36:31.234+0300][47.769s][info ][gc] GC(1602) Pause Young (Concurrent Start) (G1 Humongous Allocation) 161M->161M(256M) 9.364ms
[2020-01-29T21:36:31.234+0300][47.770s][info ][gc] GC(1603) Concurrent Cycle
[2020-01-29T21:36:31.263+0300][47.799s][info ][gc] GC(1604) Pause Young (Normal) (G1 Evacuation Pause) 202M->203M(256M) 18.450ms
[2020-01-29T21:36:31.264+0300][47.800s][debug][gc] GC(1603) Reclaimed 141 empty regions
[2020-01-29T21:36:31.264+0300][47.800s][info ][gc] GC(1603) Pause Remark 204M->63M(256M) 0.617ms
[2020-01-29T21:36:31.275+0300][47.811s][info ][gc] GC(1605) Pause Young (Normal) (G1 Evacuation Pause) 70M->71M(256M) 8.072ms
[2020-01-29T21:36:31.331+0300][47.866s][info ][gc] GC(1606) Pause Young (Normal) (G1 Evacuation Pause) 120M->121M(256M) 34.728ms
[2020-01-29T21:36:31.383+0300][47.918s][info ][gc] GC(1607) Pause Young (Normal) (G1 Evacuation Pause) 154M->154M(256M) 38.661ms
[2020-01-29T21:36:31.384+0300][47.919s][info ][gc] GC(1603) Pause Cleanup 155M->155M(256M) 0.048ms
[2020-01-29T21:36:31.385+0300][47.920s][info ][gc] GC(1603) Concurrent Cycle 150.047ms
[2020-01-29T21:36:31.422+0300][47.957s][info ][gc] GC(1608) Pause Young (Concurrent Start) (G1 Humongous Allocation) 159M->159M(256M) 24.984ms
[2020-01-29T21:36:31.422+0300][47.957s][info ][gc] GC(1609) Concurrent Cycle
[2020-01-29T21:36:31.432+0300][47.967s][debug][gc] GC(1609) Reclaimed 145 empty regions
[2020-01-29T21:36:31.432+0300][47.967s][info ][gc] GC(1609) Pause Remark 188M->43M(256M) 0.996ms
[2020-01-29T21:36:31.464+0300][47.999s][info ][gc] GC(1610) Pause Young (Normal) (G1 Evacuation Pause) 55M->52M(256M) 25.343ms
[2020-01-29T21:36:31.477+0300][48.012s][info ][gc] GC(1609) Pause Cleanup 53M->53M(256M) 0.044ms
[2020-01-29T21:36:31.479+0300][48.014s][info ][gc] GC(1609) Concurrent Cycle 57.311ms
[2020-01-29T21:36:31.581+0300][48.116s][info ][gc] GC(1611) Pause Young (Normal) (G1 Evacuation Pause) 107M->108M(256M) 61.496ms
[2020-01-29T21:36:31.651+0300][48.186s][info ][gc] GC(1612) Pause Young (Concurrent Start) (G1 Evacuation Pause) 145M->146M(256M) 30.566ms
[2020-01-29T21:36:31.651+0300][48.187s][info ][gc] GC(1613) Concurrent Cycle
[2020-01-29T21:36:31.697+0300][48.232s][info ][gc] GC(1614) Pause Young (Normal) (G1 Evacuation Pause) 191M->192M(256M) 21.889ms
[2020-01-29T21:36:31.711+0300][48.246s][info ][gc] GC(1615) Pause Young (Normal) (G1 Evacuation Pause) 203M->203M(256M) 9.338ms
[2020-01-29T21:36:31.723+0300][48.258s][info ][gc] GC(1616) Pause Young (Normal) (G1 Evacuation Pause) 213M->214M(256M) 7.288ms
[2020-01-29T21:36:31.735+0300][48.270s][info ][gc] GC(1617) Pause Young (Normal) (G1 Evacuation Pause) 224M->225M(256M) 7.942ms
[2020-01-29T21:36:31.748+0300][48.283s][info ][gc] GC(1618) Pause Young (Normal) (G1 Evacuation Pause) 235M->236M(256M) 8.411ms
[2020-01-29T21:36:31.764+0300][48.299s][info ][gc] GC(1619) To-space exhausted
[2020-01-29T21:36:31.764+0300][48.299s][info ][gc] GC(1619) Pause Young (Normal) (G1 Evacuation Pause) 246M->248M(256M) 11.897ms
[2020-01-29T21:36:31.787+0300][48.322s][info ][gc] GC(1620) To-space exhausted
[2020-01-29T21:36:31.787+0300][48.322s][info ][gc] GC(1620) Pause Young (Normal) (G1 Evacuation Pause) 255M->255M(256M) 19.475ms
[2020-01-29T21:36:31.787+0300][48.322s][debug][gc] GC(1621) Clear Next Bitmap 0.077ms
[2020-01-29T21:36:31.846+0300][48.381s][info ][gc] GC(1621) Pause Full (G1 Evacuation Pause) 255M->102M(256M) 59.524ms
[2020-01-29T21:36:31.847+0300][48.382s][info ][gc] GC(1613) Concurrent Cycle 195.027ms
[2020-01-29T21:36:31.891+0300][48.426s][info ][gc] GC(1622) Pause Young (Concurrent Start) (G1 Humongous Allocation) 136M->136M(256M) 20.807ms
[2020-01-29T21:36:31.892+0300][48.426s][info ][gc] GC(1623) Concurrent Cycle
[2020-01-29T21:36:31.932+0300][48.468s][info ][gc] GC(1624) Pause Young (Normal) (G1 Evacuation Pause) 184M->185M(256M) 23.450ms
[2020-01-29T21:36:31.937+0300][48.473s][debug][gc] GC(1623) Reclaimed 101 empty regions
[2020-01-29T21:36:31.937+0300][48.473s][info ][gc] GC(1623) Pause Remark 191M->92M(256M) 0.823ms
[2020-01-29T21:36:31.953+0300][48.488s][info ][gc] GC(1625) Pause Young (Normal) (G1 Evacuation Pause) 99M->100M(256M) 12.414ms
[2020-01-29T21:36:32.007+0300][48.542s][info ][gc] GC(1626) Pause Young (Normal) (G1 Evacuation Pause) 141M->142M(256M) 35.348ms
[2020-01-29T21:36:32.058+0300][48.593s][info ][gc] GC(1627) Pause Young (Normal) (G1 Evacuation Pause) 169M->170M(256M) 38.573ms
[2020-01-29T21:36:32.113+0300][48.648s][info ][gc] GC(1628) Pause Young (Normal) (G1 Evacuation Pause) 208M->209M(256M) 32.796ms
[2020-01-29T21:36:32.116+0300][48.652s][info ][gc] GC(1623) Pause Cleanup 217M->217M(256M) 0.045ms
[2020-01-29T21:36:32.117+0300][48.652s][info ][gc] GC(1623) Concurrent Cycle 225.621ms
[2020-01-29T21:36:32.144+0300][48.679s][info ][gc] GC(1629) Pause Young (Normal) (G1 Evacuation Pause) 218M->219M(256M) 26.429ms
[2020-01-29T21:36:32.167+0300][48.702s][info ][gc] GC(1630) Pause Young (Concurrent Start) (G1 Evacuation Pause) 229M->230M(256M) 10.504ms
[2020-01-29T21:36:32.167+0300][48.702s][info ][gc] GC(1631) Concurrent Cycle
[2020-01-29T21:36:32.183+0300][48.718s][info ][gc] GC(1632) Pause Young (Normal) (G1 Evacuation Pause) 240M->241M(256M) 9.935ms
[2020-01-29T21:36:32.206+0300][48.741s][info ][gc] GC(1633) To-space exhausted
[2020-01-29T21:36:32.206+0300][48.741s][info ][gc] GC(1633) Pause Young (Normal) (G1 Evacuation Pause) 251M->252M(256M) 17.705ms
[2020-01-29T21:36:32.220+0300][48.755s][info ][gc] GC(1634) To-space exhausted
[2020-01-29T21:36:32.220+0300][48.755s][info ][gc] GC(1634) Pause Young (Normal) (G1 Evacuation Pause) 255M->255M(256M) 12.231ms
[2020-01-29T21:36:32.221+0300][48.755s][debug][gc] GC(1635) Clear Next Bitmap 0.107ms
[2020-01-29T21:36:32.265+0300][48.800s][info ][gc] GC(1635) Pause Full (G1 Evacuation Pause) 255M->76M(256M) 44.426ms
[2020-01-29T21:36:32.265+0300][48.800s][info ][gc] GC(1631) Concurrent Cycle 98.377ms
[2020-01-29T21:36:32.312+0300][48.848s][info ][gc] GC(1636) Pause Young (Normal) (G1 Evacuation Pause) 124M->124M(256M) 28.214ms
[2020-01-29T21:36:32.340+0300][48.876s][info ][gc] GC(1637) Pause Young (Concurrent Start) (G1 Humongous Allocation) 137M->137M(256M) 11.418ms
[2020-01-29T21:36:32.340+0300][48.876s][info ][gc] GC(1638) Concurrent Cycle
[2020-01-29T21:36:32.356+0300][48.892s][debug][gc] GC(1638) Reclaimed 114 empty regions
[2020-01-29T21:36:32.356+0300][48.892s][info ][gc] GC(1638) Pause Remark 174M->62M(256M) 1.137ms
[2020-01-29T21:36:32.380+0300][48.916s][info ][gc] GC(1639) Pause Young (Normal) (G1 Evacuation Pause) 73M->69M(256M) 18.848ms
[2020-01-29T21:36:32.450+0300][48.985s][info ][gc] GC(1640) Pause Young (Normal) (G1 Evacuation Pause) 119M->119M(256M) 47.278ms
[2020-01-29T21:36:32.450+0300][48.985s][info ][gc] GC(1638) Pause Cleanup 120M->120M(256M) 0.037ms
[2020-01-29T21:36:32.451+0300][48.985s][info ][gc] GC(1638) Concurrent Cycle 109.741ms
[2020-01-29T21:36:32.503+0300][49.038s][info ][gc] GC(1641) Pause Young (Normal) (G1 Evacuation Pause) 153M->154M(256M) 39.384ms
[2020-01-29T21:36:32.521+0300][49.056s][info ][gc] GC(1642) Pause Young (Concurrent Start) (G1 Humongous Allocation) 158M->159M(256M) 6.165ms
[2020-01-29T21:36:32.521+0300][49.056s][info ][gc] GC(1643) Concurrent Cycle
[2020-01-29T21:36:32.531+0300][49.066s][debug][gc] GC(1643) Reclaimed 137 empty regions
[2020-01-29T21:36:32.531+0300][49.066s][info ][gc] GC(1643) Pause Remark 198M->61M(256M) 0.605ms
[2020-01-29T21:36:32.547+0300][49.082s][info ][gc] GC(1644) Pause Young (Normal) (G1 Evacuation Pause) 63M->60M(256M) 14.630ms
[2020-01-29T21:36:32.564+0300][49.099s][info ][gc] GC(1643) Pause Cleanup 99M->99M(256M) 0.040ms
[2020-01-29T21:36:32.564+0300][49.099s][info ][gc] GC(1643) Concurrent Cycle 42.795ms
[2020-01-29T21:36:32.610+0300][49.144s][info ][gc] GC(1645) Pause Young (Normal) (G1 Evacuation Pause) 112M->112M(256M) 39.987ms
[2020-01-29T21:36:32.650+0300][49.185s][info ][gc] GC(1646) Pause Young (Concurrent Start) (G1 Evacuation Pause) 148M->149M(256M) 26.013ms
[2020-01-29T21:36:32.650+0300][49.185s][info ][gc] GC(1647) Concurrent Cycle
[2020-01-29T21:36:32.692+0300][49.228s][info ][gc] GC(1648) Pause Young (Normal) (G1 Evacuation Pause) 194M->194M(256M) 19.103ms
[2020-01-29T21:36:32.706+0300][49.241s][info ][gc] GC(1649) Pause Young (Normal) (G1 Evacuation Pause) 204M->205M(256M) 9.068ms
[2020-01-29T21:36:32.718+0300][49.254s][info ][gc] GC(1650) Pause Young (Normal) (G1 Evacuation Pause) 215M->215M(256M) 7.666ms
[2020-01-29T21:36:32.730+0300][49.265s][info ][gc] GC(1651) Pause Young (Normal) (G1 Evacuation Pause) 225M->226M(256M) 7.702ms
[2020-01-29T21:36:32.742+0300][49.277s][info ][gc] GC(1652) Pause Young (Normal) (G1 Evacuation Pause) 236M->237M(256M) 7.467ms
[2020-01-29T21:36:32.758+0300][49.294s][info ][gc] GC(1653) To-space exhausted
[2020-01-29T21:36:32.758+0300][49.294s][info ][gc] GC(1653) Pause Young (Normal) (G1 Evacuation Pause) 247M->249M(256M) 12.610ms
[2020-01-29T21:36:32.777+0300][49.312s][info ][gc] GC(1654) To-space exhausted
[2020-01-29T21:36:32.777+0300][49.313s][info ][gc] GC(1654) Pause Young (Normal) (G1 Evacuation Pause) 255M->255M(256M) 15.905ms
[2020-01-29T21:36:32.777+0300][49.313s][debug][gc] GC(1655) Clear Next Bitmap 0.111ms
[2020-01-29T21:36:32.834+0300][49.369s][info ][gc] GC(1655) Pause Full (G1 Evacuation Pause) 255M->96M(256M) 56.590ms
[2020-01-29T21:36:32.834+0300][49.369s][info ][gc] GC(1647) Concurrent Cycle 184.198ms
[2020-01-29T21:36:32.883+0300][49.418s][info ][gc] GC(1656) Pause Young (Concurrent Start) (G1 Humongous Allocation) 136M->136M(256M) 22.633ms
[2020-01-29T21:36:32.883+0300][49.418s][info ][gc] GC(1657) Concurrent Cycle
[2020-01-29T21:36:32.927+0300][49.462s][info ][gc] GC(1658) Pause Young (Normal) (G1 Evacuation Pause) 184M->185M(256M) 22.786ms
[2020-01-29T21:36:32.932+0300][49.467s][debug][gc] GC(1657) Reclaimed 95 empty regions
[2020-01-29T21:36:32.932+0300][49.467s][info ][gc] GC(1657) Pause Remark 194M->101M(256M) 0.591ms
[2020-01-29T21:36:32.946+0300][49.481s][info ][gc] GC(1659) Pause Young (Normal) (G1 Evacuation Pause) 105M->107M(256M) 12.256ms
[2020-01-29T21:36:32.991+0300][49.526s][info ][gc] GC(1660) Pause Young (Normal) (G1 Evacuation Pause) 145M->146M(256M) 29.020ms
[2020-01-29T21:36:33.035+0300][49.571s][info ][gc] GC(1661) Pause Young (Normal) (G1 Evacuation Pause) 171M->172M(256M) 34.123ms
[2020-01-29T21:36:33.090+0300][49.626s][info ][gc] GC(1662) Pause Young (Normal) (G1 Evacuation Pause) 209M->210M(256M) 30.945ms
[2020-01-29T21:36:33.122+0300][49.657s][info ][gc] GC(1663) Pause Young (Normal) (G1 Evacuation Pause) 219M->221M(256M) 26.572ms
[2020-01-29T21:36:33.127+0300][49.663s][info ][gc] GC(1657) Pause Cleanup 231M->231M(256M) 0.041ms
[2020-01-29T21:36:33.127+0300][49.663s][info ][gc] GC(1657) Concurrent Cycle 244.311ms
[2020-01-29T21:36:33.151+0300][49.687s][info ][gc] GC(1664) Pause Young (Normal) (G1 Evacuation Pause) 231M->231M(256M) 23.715ms
[2020-01-29T21:36:33.166+0300][49.701s][info ][gc] GC(1665) Pause Young (Concurrent Start) (G1 Evacuation Pause) 241M->242M(256M) 9.697ms
[2020-01-29T21:36:33.166+0300][49.701s][info ][gc] GC(1666) Concurrent Cycle
[2020-01-29T21:36:33.193+0300][49.728s][info ][gc] GC(1667) To-space exhausted
[2020-01-29T21:36:33.193+0300][49.728s][info ][gc] GC(1667) Pause Young (Normal) (G1 Evacuation Pause) 252M->255M(256M) 20.379ms
[2020-01-29T21:36:33.193+0300][49.728s][debug][gc] GC(1668) Clear Next Bitmap 0.073ms
[2020-01-29T21:36:33.228+0300][49.764s][info ][gc] GC(1668) Pause Full (G1 Evacuation Pause) 255M->67M(256M) 35.219ms
[2020-01-29T21:36:33.229+0300][49.764s][info ][gc] GC(1666) Concurrent Cycle 62.510ms
[2020-01-29T21:36:33.293+0300][49.828s][info ][gc] GC(1669) Pause Young (Normal) (G1 Evacuation Pause) 118M->118M(256M) 39.397ms
[2020-01-29T21:36:33.328+0300][49.863s][info ][gc] GC(1670) Pause Young (Concurrent Start) (G1 Humongous Allocation) 137M->138M(256M) 15.741ms
[2020-01-29T21:36:33.328+0300][49.863s][info ][gc] GC(1671) Concurrent Cycle
[2020-01-29T21:36:33.365+0300][49.900s][info ][gc] GC(1672) Pause Young (Normal) (G1 Evacuation Pause) 186M->186M(256M) 23.120ms
[2020-01-29T21:36:33.370+0300][49.905s][debug][gc] GC(1671) Reclaimed 107 empty regions
[2020-01-29T21:36:33.370+0300][49.905s][info ][gc] GC(1671) Pause Remark 196M->90M(256M) 0.599ms
[2020-01-29T21:36:33.384+0300][49.919s][info ][gc] GC(1673) Pause Young (Normal) (G1 Evacuation Pause) 93M->94M(256M) 11.894ms
[2020-01-29T21:36:33.438+0300][49.973s][info ][gc] GC(1674) Pause Young (Normal) (G1 Evacuation Pause) 136M->136M(256M) 36.807ms
[2020-01-29T21:36:33.504+0300][50.039s][info ][gc] GC(1675) Pause Young (Normal) (G1 Evacuation Pause) 165M->166M(256M) 49.906ms
[2020-01-29T21:36:33.525+0300][50.060s][info ][gc] GC(1671) Pause Cleanup 190M->190M(256M) 0.045ms
[2020-01-29T21:36:33.525+0300][50.060s][info ][gc] GC(1671) Concurrent Cycle 196.749ms
[2020-01-29T21:36:33.570+0300][50.105s][info ][gc] GC(1676) Pause Young (Normal) (G1 Evacuation Pause) 205M->206M(256M) 35.215ms
[2020-01-29T21:36:33.596+0300][50.132s][info ][gc] GC(1677) Pause Young (Concurrent Start) (G1 Evacuation Pause) 215M->215M(256M) 7.977ms
[2020-01-29T21:36:33.597+0300][50.132s][info ][gc] GC(1678) Concurrent Cycle
[2020-01-29T21:36:33.611+0300][50.147s][info ][gc] GC(1679) Pause Young (Normal) (G1 Evacuation Pause) 225M->226M(256M) 8.016ms
[2020-01-29T21:36:33.624+0300][50.160s][info ][gc] GC(1680) Pause Young (Normal) (G1 Evacuation Pause) 236M->237M(256M) 7.733ms
[2020-01-29T21:36:33.642+0300][50.178s][info ][gc] GC(1681) To-space exhausted
[2020-01-29T21:36:33.642+0300][50.178s][info ][gc] GC(1681) Pause Young (Normal) (G1 Evacuation Pause) 247M->249M(256M) 12.806ms
[2020-01-29T21:36:33.661+0300][50.196s][info ][gc] GC(1682) To-space exhausted
[2020-01-29T21:36:33.661+0300][50.196s][info ][gc] GC(1682) Pause Young (Normal) (G1 Evacuation Pause) 255M->255M(256M) 15.725ms
[2020-01-29T21:36:33.661+0300][50.196s][debug][gc] GC(1683) Clear Next Bitmap 0.062ms
[2020-01-29T21:36:33.707+0300][50.242s][info ][gc] GC(1683) Pause Full (G1 Evacuation Pause) 255M->82M(256M) 45.881ms
[2020-01-29T21:36:33.707+0300][50.242s][info ][gc] GC(1678) Concurrent Cycle 110.230ms
[2020-01-29T21:36:33.753+0300][50.288s][info ][gc] GC(1684) Pause Young (Normal) (G1 Evacuation Pause) 128M->128M(256M) 26.761ms
[2020-01-29T21:36:33.777+0300][50.312s][info ][gc] GC(1685) Pause Young (Concurrent Start) (G1 Humongous Allocation) 136M->137M(256M) 8.949ms
[2020-01-29T21:36:33.777+0300][50.312s][info ][gc] GC(1686) Concurrent Cycle
[2020-01-29T21:36:33.789+0300][50.324s][debug][gc] GC(1686) Reclaimed 120 empty regions
[2020-01-29T21:36:33.789+0300][50.324s][info ][gc] GC(1686) Pause Remark 179M->62M(256M) 0.590ms
[2020-01-29T21:36:33.811+0300][50.346s][info ][gc] GC(1687) Pause Young (Normal) (G1 Evacuation Pause) 67M->63M(256M) 19.426ms
[2020-01-29T21:36:33.831+0300][50.366s][info ][gc] GC(1686) Pause Cleanup 113M->113M(256M) 0.037ms
[2020-01-29T21:36:33.831+0300][50.366s][info ][gc] GC(1686) Concurrent Cycle 54.574ms
[2020-01-29T21:36:33.878+0300][50.413s][info ][gc] GC(1688) Pause Young (Normal) (G1 Evacuation Pause) 115M->116M(256M) 45.953ms
[2020-01-29T21:36:33.927+0300][50.462s][info ][gc] GC(1689) Pause Young (Concurrent Start) (G1 Humongous Allocation) 151M->151M(256M) 24.163ms
[2020-01-29T21:36:33.927+0300][50.462s][info ][gc] GC(1690) Concurrent Cycle
[2020-01-29T21:36:33.972+0300][50.508s][info ][gc] GC(1691) Pause Young (Normal) (G1 Evacuation Pause) 195M->196M(256M) 23.288ms
[2020-01-29T21:36:33.977+0300][50.512s][debug][gc] GC(1690) Reclaimed 103 empty regions
[2020-01-29T21:36:33.977+0300][50.512s][info ][gc] GC(1690) Pause Remark 204M->101M(256M) 0.675ms
[2020-01-29T21:36:33.988+0300][50.523s][info ][gc] GC(1692) Pause Young (Normal) (G1 Evacuation Pause) 103M->104M(256M) 9.504ms
[2020-01-29T21:36:34.032+0300][50.567s][info ][gc] GC(1693) Pause Young (Normal) (G1 Evacuation Pause) 143M->143M(256M) 28.564ms
[2020-01-29T21:36:34.076+0300][50.612s][info ][gc] GC(1694) Pause Young (Normal) (G1 Evacuation Pause) 169M->170M(256M) 33.044ms
[2020-01-29T21:36:34.129+0300][50.664s][info ][gc] GC(1695) Pause Young (Normal) (G1 Evacuation Pause) 208M->209M(256M) 33.497ms
[2020-01-29T21:36:34.163+0300][50.699s][info ][gc] GC(1696) Pause Young (Normal) (G1 Evacuation Pause) 218M->220M(256M) 28.497ms
[2020-01-29T21:36:34.198+0300][50.733s][info ][gc] GC(1697) Pause Young (Normal) (G1 Evacuation Pause) 230M->231M(256M) 28.721ms
[2020-01-29T21:36:34.233+0300][50.769s][info ][gc] GC(1698) Pause Young (Normal) (G1 Evacuation Pause) 241M->242M(256M) 29.585ms
[2020-01-29T21:36:34.237+0300][50.772s][info ][gc] GC(1690) Pause Cleanup 242M->242M(256M) 0.046ms
[2020-01-29T21:36:34.237+0300][50.772s][info ][gc] GC(1690) Concurrent Cycle 310.748ms
[2020-01-29T21:36:34.279+0300][50.814s][info ][gc] GC(1699) To-space exhausted
[2020-01-29T21:36:34.279+0300][50.814s][info ][gc] GC(1699) Pause Young (Normal) (G1 Evacuation Pause) 252M->255M(256M) 34.665ms
[2020-01-29T21:36:34.313+0300][50.848s][info ][gc] GC(1700) Pause Full (G1 Evacuation Pause) 255M->63M(256M) 34.294ms
[2020-01-29T21:36:34.365+0300][50.900s][info ][gc] GC(1701) Pause Young (Concurrent Start) (G1 Evacuation Pause) 115M->115M(256M) 31.517ms
[2020-01-29T21:36:34.365+0300][50.900s][info ][gc] GC(1702) Concurrent Cycle
[2020-01-29T21:36:34.418+0300][50.954s][info ][gc] GC(1703) Pause Young (Normal) (G1 Evacuation Pause) 170M->171M(256M) 26.004ms
[2020-01-29T21:36:34.443+0300][50.979s][info ][gc] GC(1704) Pause Young (Normal) (G1 Evacuation Pause) 189M->189M(256M) 15.204ms
[2020-01-29T21:36:34.458+0300][50.994s][info ][gc] GC(1705) Pause Young (Normal) (G1 Evacuation Pause) 201M->202M(256M) 9.846ms
[2020-01-29T21:36:34.471+0300][51.006s][info ][gc] GC(1706) Pause Young (Normal) (G1 Evacuation Pause) 212M->213M(256M) 7.898ms
[2020-01-29T21:36:34.483+0300][51.019s][info ][gc] GC(1707) Pause Young (Normal) (G1 Evacuation Pause) 223M->224M(256M) 8.008ms
[2020-01-29T21:36:34.496+0300][51.032s][info ][gc] GC(1708) Pause Young (Normal) (G1 Evacuation Pause) 234M->235M(256M) 8.182ms
[2020-01-29T21:36:34.512+0300][51.048s][info ][gc] GC(1709) To-space exhausted
[2020-01-29T21:36:34.513+0300][51.048s][info ][gc] GC(1709) Pause Young (Normal) (G1 Evacuation Pause) 245M->248M(256M) 11.847ms
[2020-01-29T21:36:34.534+0300][51.070s][info ][gc] GC(1710) To-space exhausted
[2020-01-29T21:36:34.535+0300][51.070s][info ][gc] GC(1710) Pause Young (Normal) (G1 Evacuation Pause) 255M->255M(256M) 19.008ms
[2020-01-29T21:36:34.535+0300][51.070s][debug][gc] GC(1711) Clear Next Bitmap 0.115ms
[2020-01-29T21:36:34.601+0300][51.136s][info ][gc] GC(1711) Pause Full (G1 Evacuation Pause) 255M->110M(256M) 65.716ms
[2020-01-29T21:36:34.601+0300][51.136s][info ][gc] GC(1702) Concurrent Cycle 235.406ms
[2020-01-29T21:36:34.637+0300][51.172s][info ][gc] GC(1712) Pause Young (Concurrent Start) (G1 Humongous Allocation) 136M->136M(256M) 15.182ms
[2020-01-29T21:36:34.637+0300][51.172s][info ][gc] GC(1713) Concurrent Cycle
[2020-01-29T21:36:34.655+0300][51.190s][info ][gc] GC(1714) Pause Young (Normal) (G1 Humongous Allocation) 136M->137M(256M) 4.292ms
[2020-01-29T21:36:34.655+0300][51.190s][debug][gc] GC(1715) Clear Next Bitmap 0.059ms
[2020-01-29T21:36:34.659+0300][51.194s][info ][gc] GC(1715) Pause Full (G1 Humongous Allocation) 137M->2M(256M) 3.931ms
[2020-01-29T21:36:34.659+0300][51.194s][info ][gc] GC(1713) Concurrent Cycle 22.298ms
[2020-01-29T21:36:34.741+0300][51.277s][info ][gc] GC(1716) Pause Young (Normal) (G1 Evacuation Pause) 102M->102M(256M) 46.498ms
[2020-01-29T21:36:34.791+0300][51.327s][info ][gc] GC(1717) Pause Young (Concurrent Start) (G1 Humongous Allocation) 137M->138M(256M) 25.597ms
[2020-01-29T21:36:34.791+0300][51.327s][info ][gc] GC(1718) Concurrent Cycle
[2020-01-29T21:36:34.835+0300][51.371s][info ][gc] GC(1719) Pause Young (Normal) (G1 Evacuation Pause) 185M->186M(256M) 20.197ms
[2020-01-29T21:36:34.840+0300][51.375s][debug][gc] GC(1718) Reclaimed 90 empty regions
[2020-01-29T21:36:34.840+0300][51.375s][info ][gc] GC(1718) Pause Remark 195M->105M(256M) 0.592ms
[2020-01-29T21:36:34.851+0300][51.386s][info ][gc] GC(1720) Pause Young (Normal) (G1 Evacuation Pause) 108M->109M(256M) 9.900ms
[2020-01-29T21:36:34.894+0300][51.429s][info ][gc] GC(1721) Pause Young (Normal) (G1 Evacuation Pause) 145M->146M(256M) 28.116ms
[2020-01-29T21:36:34.942+0300][51.477s][info ][gc] GC(1722) Pause Young (Normal) (G1 Evacuation Pause) 171M->172M(256M) 35.868ms
[2020-01-29T21:36:34.993+0300][51.528s][info ][gc] GC(1723) Pause Young (Normal) (G1 Evacuation Pause) 209M->210M(256M) 31.253ms
[2020-01-29T21:36:35.024+0300][51.559s][info ][gc] GC(1724) Pause Young (Normal) (G1 Evacuation Pause) 219M->220M(256M) 27.174ms
[2020-01-29T21:36:35.055+0300][51.590s][info ][gc] GC(1725) Pause Young (Normal) (G1 Evacuation Pause) 230M->231M(256M) 25.339ms
[2020-01-29T21:36:35.087+0300][51.623s][info ][gc] GC(1726) To-space exhausted
[2020-01-29T21:36:35.087+0300][51.623s][info ][gc] GC(1726) Pause Young (Normal) (G1 Evacuation Pause) 241M->243M(256M) 27.714ms
[2020-01-29T21:36:35.133+0300][51.668s][info ][gc] GC(1727) To-space exhausted
[2020-01-29T21:36:35.133+0300][51.668s][info ][gc] GC(1727) Pause Young (Normal) (G1 Evacuation Pause) 253M->254M(256M) 40.363ms
[2020-01-29T21:36:35.133+0300][51.668s][debug][gc] GC(1728) Clear Next Bitmap 0.058ms
[2020-01-29T21:36:35.165+0300][51.700s][info ][gc] GC(1728) Pause Full (G1 Evacuation Pause) 254M->63M(256M) 31.722ms
[2020-01-29T21:36:35.165+0300][51.700s][info ][gc] GC(1718) Concurrent Cycle 373.605ms
[2020-01-29T21:36:35.215+0300][51.750s][info ][gc] GC(1729) Pause Young (Normal) (G1 Evacuation Pause) 115M->115M(256M) 28.487ms
[2020-01-29T21:36:35.250+0300][51.785s][info ][gc] GC(1730) Pause Young (Concurrent Start) (G1 Humongous Allocation) 137M->138M(256M) 16.814ms
[2020-01-29T21:36:35.250+0300][51.785s][info ][gc] GC(1731) Concurrent Cycle
[2020-01-29T21:36:35.285+0300][51.821s][info ][gc] GC(1732) Pause Young (Normal) (G1 Evacuation Pause) 185M->186M(256M) 20.236ms
[2020-01-29T21:36:35.290+0300][51.825s][debug][gc] GC(1731) Reclaimed 107 empty regions
[2020-01-29T21:36:35.290+0300][51.825s][info ][gc] GC(1731) Pause Remark 194M->90M(256M) 0.602ms
[2020-01-29T21:36:35.302+0300][51.838s][info ][gc] GC(1733) Pause Young (Normal) (G1 Evacuation Pause) 93M->95M(256M) 10.473ms
[2020-01-29T21:36:35.348+0300][51.883s][info ][gc] GC(1734) Pause Young (Normal) (G1 Evacuation Pause) 136M->137M(256M) 29.245ms
[2020-01-29T21:36:35.395+0300][51.930s][info ][gc] GC(1735) Pause Young (Normal) (G1 Evacuation Pause) 165M->166M(256M) 35.597ms
[2020-01-29T21:36:35.454+0300][51.989s][info ][gc] GC(1736) Pause Young (Normal) (G1 Evacuation Pause) 205M->206M(256M) 38.590ms
[2020-01-29T21:36:35.490+0300][52.026s][info ][gc] GC(1737) Pause Young (Normal) (G1 Evacuation Pause) 215M->216M(256M) 30.838ms
[2020-01-29T21:36:35.492+0300][52.028s][info ][gc] GC(1731) Pause Cleanup 216M->216M(256M) 0.049ms
[2020-01-29T21:36:35.493+0300][52.028s][info ][gc] GC(1731) Concurrent Cycle 242.713ms
[2020-01-29T21:36:35.523+0300][52.059s][info ][gc] GC(1738) Pause Young (Normal) (G1 Evacuation Pause) 226M->226M(256M) 26.469ms
[2020-01-29T21:36:35.535+0300][52.071s][info ][gc] GC(1739) Pause Young (Concurrent Start) (G1 Evacuation Pause) 236M->237M(256M) 7.994ms
[2020-01-29T21:36:35.536+0300][52.071s][info ][gc] GC(1740) Concurrent Cycle
[2020-01-29T21:36:35.556+0300][52.091s][info ][gc] GC(1741) To-space exhausted
[2020-01-29T21:36:35.556+0300][52.091s][info ][gc] GC(1741) Pause Young (Normal) (G1 Evacuation Pause) 247M->249M(256M) 13.801ms
[2020-01-29T21:36:35.575+0300][52.110s][info ][gc] GC(1742) To-space exhausted
[2020-01-29T21:36:35.575+0300][52.110s][info ][gc] GC(1742) Pause Young (Normal) (G1 Evacuation Pause) 255M->255M(256M) 16.576ms
[2020-01-29T21:36:35.575+0300][52.110s][debug][gc] GC(1743) Clear Next Bitmap 0.059ms
[2020-01-29T21:36:35.625+0300][52.160s][info ][gc] GC(1743) Pause Full (G1 Evacuation Pause) 255M->78M(256M) 49.705ms
[2020-01-29T21:36:35.625+0300][52.160s][info ][gc] GC(1740) Concurrent Cycle 89.520ms
[2020-01-29T21:36:35.671+0300][52.206s][info ][gc] GC(1744) Pause Young (Normal) (G1 Evacuation Pause) 125M->125M(256M) 27.778ms
[2020-01-29T21:36:35.701+0300][52.237s][info ][gc] GC(1745) Pause Young (Concurrent Start) (G1 Humongous Allocation) 136M->137M(256M) 10.600ms
[2020-01-29T21:36:35.701+0300][52.237s][info ][gc] GC(1746) Concurrent Cycle
[2020-01-29T21:36:35.733+0300][52.268s][info ][gc] GC(1747) Pause Young (Normal) (G1 Evacuation Pause) 184M->185M(256M) 19.243ms
[2020-01-29T21:36:35.734+0300][52.270s][debug][gc] GC(1746) Reclaimed 114 empty regions
[2020-01-29T21:36:35.734+0300][52.270s][info ][gc] GC(1746) Pause Remark 187M->75M(256M) 0.623ms
[2020-01-29T21:36:35.751+0300][52.286s][info ][gc] GC(1748) Pause Young (Normal) (G1 Evacuation Pause) 86M->87M(256M) 11.091ms
[2020-01-29T21:36:35.803+0300][52.338s][info ][gc] GC(1749) Pause Young (Normal) (G1 Evacuation Pause) 131M->132M(256M) 33.920ms
[2020-01-29T21:36:35.852+0300][52.387s][info ][gc] GC(1750) Pause Young (Normal) (G1 Evacuation Pause) 162M->163M(256M) 36.704ms
[2020-01-29T21:36:35.865+0300][52.401s][info ][gc] GC(1746) Pause Cleanup 189M->189M(256M) 0.044ms
[2020-01-29T21:36:35.866+0300][52.401s][info ][gc] GC(1746) Concurrent Cycle 164.008ms
[2020-01-29T21:36:35.903+0300][52.438s][info ][gc] GC(1751) Pause Young (Normal) (G1 Evacuation Pause) 203M->203M(256M) 32.002ms
[2020-01-29T21:36:35.914+0300][52.449s][info ][gc] GC(1752) Pause Young (Concurrent Start) (G1 Evacuation Pause) 211M->213M(256M) 7.421ms
[2020-01-29T21:36:35.914+0300][52.449s][info ][gc] GC(1753) Concurrent Cycle
[2020-01-29T21:36:35.929+0300][52.464s][info ][gc] GC(1754) Pause Young (Normal) (G1 Evacuation Pause) 223M->224M(256M) 7.806ms
[2020-01-29T21:36:35.940+0300][52.475s][info ][gc] GC(1755) Pause Young (Normal) (G1 Evacuation Pause) 234M->235M(256M) 7.626ms
[2020-01-29T21:36:35.956+0300][52.491s][info ][gc] GC(1756) To-space exhausted
[2020-01-29T21:36:35.956+0300][52.491s][info ][gc] GC(1756) Pause Young (Normal) (G1 Evacuation Pause) 245M->248M(256M) 10.730ms
[2020-01-29T21:36:35.977+0300][52.512s][info ][gc] GC(1757) To-space exhausted
[2020-01-29T21:36:35.977+0300][52.512s][info ][gc] GC(1757) Pause Young (Normal) (G1 Evacuation Pause) 255M->255M(256M) 18.103ms
[2020-01-29T21:36:35.977+0300][52.512s][debug][gc] GC(1758) Clear Next Bitmap 0.071ms
[2020-01-29T21:36:36.025+0300][52.560s][info ][gc] GC(1758) Pause Full (G1 Evacuation Pause) 255M->85M(256M) 48.455ms
[2020-01-29T21:36:36.025+0300][52.561s][info ][gc] GC(1753) Concurrent Cycle 111.181ms
[2020-01-29T21:36:36.069+0300][52.604s][info ][gc] GC(1759) Pause Young (Normal) (G1 Evacuation Pause) 130M->131M(256M) 26.138ms
[2020-01-29T21:36:36.089+0300][52.625s][info ][gc] GC(1760) Pause Young (Concurrent Start) (G1 Humongous Allocation) 137M->137M(256M) 7.792ms
[2020-01-29T21:36:36.089+0300][52.625s][info ][gc] GC(1761) Concurrent Cycle
[2020-01-29T21:36:36.100+0300][52.635s][debug][gc] GC(1761) Reclaimed 122 empty regions
[2020-01-29T21:36:36.100+0300][52.636s][info ][gc] GC(1761) Pause Remark 179M->59M(256M) 0.588ms
[2020-01-29T21:36:36.127+0300][52.663s][info ][gc] GC(1762) Pause Young (Normal) (G1 Evacuation Pause) 65M->61M(256M) 24.610ms
[2020-01-29T21:36:36.144+0300][52.679s][info ][gc] GC(1761) Pause Cleanup 102M->102M(256M) 0.039ms
[2020-01-29T21:36:36.144+0300][52.680s][info ][gc] GC(1761) Concurrent Cycle 54.553ms
[2020-01-29T21:36:36.192+0300][52.728s][info ][gc] GC(1763) Pause Young (Normal) (G1 Evacuation Pause) 114M->115M(256M) 43.131ms
[2020-01-29T21:36:36.241+0300][52.777s][info ][gc] GC(1764) Pause Young (Concurrent Start) (G1 Humongous Allocation) 149M->149M(256M) 24.849ms
[2020-01-29T21:36:36.242+0300][52.777s][info ][gc] GC(1765) Concurrent Cycle
[2020-01-29T21:36:36.283+0300][52.818s][info ][gc] GC(1766) Pause Young (Normal) (G1 Evacuation Pause) 194M->195M(256M) 19.030ms
[2020-01-29T21:36:36.287+0300][52.822s][debug][gc] GC(1765) Reclaimed 102 empty regions
[2020-01-29T21:36:36.287+0300][52.822s][info ][gc] GC(1765) Pause Remark 204M->102M(256M) 0.620ms
[2020-01-29T21:36:36.297+0300][52.832s][info ][gc] GC(1767) Pause Young (Normal) (G1 Evacuation Pause) 103M->104M(256M) 9.342ms
[2020-01-29T21:36:36.342+0300][52.877s][info ][gc] GC(1768) Pause Young (Normal) (G1 Evacuation Pause) 143M->144M(256M) 28.341ms
[2020-01-29T21:36:36.385+0300][52.920s][info ][gc] GC(1769) Pause Young (Normal) (G1 Evacuation Pause) 170M->171M(256M) 32.916ms
[2020-01-29T21:36:36.440+0300][52.975s][info ][gc] GC(1770) Pause Young (Normal) (G1 Evacuation Pause) 209M->209M(256M) 35.224ms
[2020-01-29T21:36:36.474+0300][53.009s][info ][gc] GC(1771) Pause Young (Normal) (G1 Evacuation Pause) 218M->219M(256M) 29.148ms
[2020-01-29T21:36:36.505+0300][53.041s][info ][gc] GC(1772) Pause Young (Normal) (G1 Evacuation Pause) 229M->230M(256M) 26.791ms
[2020-01-29T21:36:36.538+0300][53.074s][info ][gc] GC(1773) Pause Young (Normal) (G1 Evacuation Pause) 240M->241M(256M) 27.585ms
[2020-01-29T21:36:36.581+0300][53.116s][info ][gc] GC(1774) To-space exhausted
[2020-01-29T21:36:36.581+0300][53.116s][info ][gc] GC(1774) Pause Young (Normal) (G1 Evacuation Pause) 251M->255M(256M) 38.055ms
[2020-01-29T21:36:36.581+0300][53.117s][debug][gc] GC(1775) Clear Next Bitmap 0.056ms
[2020-01-29T21:36:36.615+0300][53.150s][info ][gc] GC(1775) Pause Full (G1 Evacuation Pause) 255M->63M(256M) 33.236ms
[2020-01-29T21:36:36.615+0300][53.150s][info ][gc] GC(1765) Concurrent Cycle 373.329ms
[2020-01-29T21:36:36.666+0300][53.201s][info ][gc] GC(1776) Pause Young (Normal) (G1 Evacuation Pause) 114M->114M(256M) 28.662ms
[2020-01-29T21:36:36.704+0300][53.239s][info ][gc] GC(1777) Pause Young (Concurrent Start) (G1 Humongous Allocation) 137M->137M(256M) 17.331ms
[2020-01-29T21:36:36.704+0300][53.239s][info ][gc] GC(1778) Concurrent Cycle
[2020-01-29T21:36:36.739+0300][53.274s][info ][gc] GC(1779) Pause Young (Normal) (G1 Evacuation Pause) 184M->185M(256M) 19.744ms
[2020-01-29T21:36:36.744+0300][53.279s][debug][gc] GC(1778) Reclaimed 103 empty regions
[2020-01-29T21:36:36.744+0300][53.279s][info ][gc] GC(1778) Pause Remark 194M->93M(256M) 0.584ms
[2020-01-29T21:36:36.757+0300][53.292s][info ][gc] GC(1780) Pause Young (Normal) (G1 Evacuation Pause) 97M->98M(256M) 10.892ms
[2020-01-29T21:36:36.803+0300][53.338s][info ][gc] GC(1781) Pause Young (Normal) (G1 Evacuation Pause) 138M->138M(256M) 29.553ms
[2020-01-29T21:36:36.852+0300][53.387s][info ][gc] GC(1782) Pause Young (Normal) (G1 Evacuation Pause) 166M->167M(256M) 37.186ms
[2020-01-29T21:36:36.906+0300][53.441s][info ][gc] GC(1783) Pause Young (Normal) (G1 Evacuation Pause) 206M->207M(256M) 32.721ms
[2020-01-29T21:36:36.939+0300][53.474s][info ][gc] GC(1784) Pause Young (Normal) (G1 Evacuation Pause) 216M->217M(256M) 28.409ms
[2020-01-29T21:36:36.940+0300][53.475s][info ][gc] GC(1778) Pause Cleanup 220M->220M(256M) 0.046ms
[2020-01-29T21:36:36.941+0300][53.475s][info ][gc] GC(1778) Concurrent Cycle 236.517ms
[2020-01-29T21:36:36.970+0300][53.505s][info ][gc] GC(1785) Pause Young (Normal) (G1 Evacuation Pause) 227M->228M(256M) 26.720ms
[2020-01-29T21:36:36.982+0300][53.517s][info ][gc] GC(1786) Pause Young (Concurrent Start) (G1 Evacuation Pause) 238M->239M(256M) 7.956ms
[2020-01-29T21:36:36.982+0300][53.517s][info ][gc] GC(1787) Concurrent Cycle
[2020-01-29T21:36:37.004+0300][53.539s][info ][gc] GC(1788) To-space exhausted
[2020-01-29T21:36:37.004+0300][53.539s][info ][gc] GC(1788) Pause Young (Normal) (G1 Evacuation Pause) 249M->251M(256M) 15.300ms
[2020-01-29T21:36:37.019+0300][53.554s][info ][gc] GC(1789) To-space exhausted
[2020-01-29T21:36:37.019+0300][53.554s][info ][gc] GC(1789) Pause Young (Normal) (G1 Evacuation Pause) 255M->255M(256M) 13.530ms
[2020-01-29T21:36:37.019+0300][53.555s][debug][gc] GC(1790) Clear Next Bitmap 0.069ms
[2020-01-29T21:36:37.060+0300][53.595s][info ][gc] GC(1790) Pause Full (G1 Evacuation Pause) 255M->77M(256M) 40.791ms
[2020-01-29T21:36:37.060+0300][53.596s][info ][gc] GC(1787) Concurrent Cycle 78.167ms
[2020-01-29T21:36:37.105+0300][53.641s][info ][gc] GC(1791) Pause Young (Normal) (G1 Evacuation Pause) 125M->125M(256M) 26.272ms
[2020-01-29T21:36:37.130+0300][53.666s][info ][gc] GC(1792) Pause Young (Concurrent Start) (G1 Humongous Allocation) 137M->138M(256M) 9.877ms
[2020-01-29T21:36:37.131+0300][53.666s][info ][gc] GC(1793) Concurrent Cycle
[2020-01-29T21:36:37.162+0300][53.698s][info ][gc] GC(1794) Pause Young (Normal) (G1 Evacuation Pause) 186M->186M(256M) 19.775ms
[2020-01-29T21:36:37.164+0300][53.699s][debug][gc] GC(1793) Reclaimed 115 empty regions
[2020-01-29T21:36:37.164+0300][53.700s][info ][gc] GC(1793) Pause Remark 188M->75M(256M) 0.595ms
[2020-01-29T21:36:37.178+0300][53.713s][info ][gc] GC(1795) Pause Young (Normal) (G1 Evacuation Pause) 85M->85M(256M) 9.534ms
[2020-01-29T21:36:37.232+0300][53.767s][info ][gc] GC(1796) Pause Young (Normal) (G1 Evacuation Pause) 130M->131M(256M) 36.156ms
[2020-01-29T21:36:37.296+0300][53.831s][info ][gc] GC(1797) Pause Young (Normal) (G1 Evacuation Pause) 181M->182M(256M) 40.581ms
[2020-01-29T21:36:37.299+0300][53.834s][info ][gc] GC(1793) Pause Cleanup 188M->188M(256M) 0.041ms
[2020-01-29T21:36:37.299+0300][53.835s][info ][gc] GC(1793) Concurrent Cycle 168.784ms
[2020-01-29T21:36:37.333+0300][53.868s][info ][gc] GC(1798) Pause Young (Normal) (G1 Evacuation Pause) 196M->197M(256M) 28.972ms
[2020-01-29T21:36:37.346+0300][53.881s][info ][gc] GC(1799) Pause Young (Concurrent Start) (G1 Evacuation Pause) 207M->208M(256M) 8.678ms
[2020-01-29T21:36:37.346+0300][53.881s][info ][gc] GC(1800) Concurrent Cycle
[2020-01-29T21:36:37.360+0300][53.896s][info ][gc] GC(1801) Pause Young (Normal) (G1 Evacuation Pause) 218M->219M(256M) 8.027ms
[2020-01-29T21:36:37.373+0300][53.909s][info ][gc] GC(1802) Pause Young (Normal) (G1 Evacuation Pause) 229M->230M(256M) 8.066ms
[2020-01-29T21:36:37.385+0300][53.921s][info ][gc] GC(1803) Pause Young (Normal) (G1 Evacuation Pause) 240M->241M(256M) 7.633ms
[2020-01-29T21:36:37.407+0300][53.942s][info ][gc] GC(1804) To-space exhausted
[2020-01-29T21:36:37.407+0300][53.942s][info ][gc] GC(1804) Pause Young (Normal) (G1 Evacuation Pause) 251M->254M(256M) 17.072ms
[2020-01-29T21:36:37.415+0300][53.950s][info ][gc] GC(1805) To-space exhausted
[2020-01-29T21:36:37.415+0300][53.950s][info ][gc] GC(1805) Pause Young (Normal) (G1 Evacuation Pause) 255M->255M(256M) 7.243ms
[2020-01-29T21:36:37.415+0300][53.950s][debug][gc] GC(1806) Clear Next Bitmap 0.065ms
[2020-01-29T21:36:37.463+0300][53.998s][info ][gc] GC(1806) Pause Full (G1 Evacuation Pause) 255M->86M(256M) 47.597ms
[2020-01-29T21:36:37.463+0300][53.998s][info ][gc] GC(1800) Concurrent Cycle 117.213ms
[2020-01-29T21:36:37.507+0300][54.042s][info ][gc] GC(1807) Pause Young (Normal) (G1 Evacuation Pause) 131M->131M(256M) 25.624ms
[2020-01-29T21:36:37.527+0300][54.061s][info ][gc] GC(1808) Pause Young (Concurrent Start) (G1 Humongous Allocation) 136M->138M(256M) 6.979ms
[2020-01-29T21:36:37.527+0300][54.061s][info ][gc] GC(1809) Concurrent Cycle
[2020-01-29T21:36:37.536+0300][54.072s][debug][gc] GC(1809) Reclaimed 121 empty regions
[2020-01-29T21:36:37.536+0300][54.072s][info ][gc] GC(1809) Pause Remark 181M->61M(256M) 0.594ms
[2020-01-29T21:36:37.556+0300][54.092s][info ][gc] GC(1810) Pause Young (Normal) (G1 Evacuation Pause) 66M->62M(256M) 17.517ms
[2020-01-29T21:36:37.574+0300][54.109s][info ][gc] GC(1809) Pause Cleanup 104M->104M(256M) 0.038ms
[2020-01-29T21:36:37.574+0300][54.109s][info ][gc] GC(1809) Concurrent Cycle 47.658ms
[2020-01-29T21:36:37.619+0300][54.154s][info ][gc] GC(1811) Pause Young (Normal) (G1 Evacuation Pause) 114M->115M(256M) 41.213ms
[2020-01-29T21:36:37.667+0300][54.202s][info ][gc] GC(1812) Pause Young (Concurrent Start) (G1 Humongous Allocation) 150M->151M(256M) 23.676ms
[2020-01-29T21:36:37.667+0300][54.202s][info ][gc] GC(1813) Concurrent Cycle
[2020-01-29T21:36:37.709+0300][54.243s][info ][gc] GC(1814) Pause Young (Normal) (G1 Evacuation Pause) 195M->196M(256M) 18.396ms
[2020-01-29T21:36:37.713+0300][54.248s][debug][gc] GC(1813) Reclaimed 97 empty regions
[2020-01-29T21:36:37.713+0300][54.248s][info ][gc] GC(1813) Pause Remark 205M->108M(256M) 0.581ms
[2020-01-29T21:36:37.723+0300][54.258s][info ][gc] GC(1815) Pause Young (Normal) (G1 Evacuation Pause) 109M->109M(256M) 9.374ms
[2020-01-29T21:36:37.764+0300][54.300s][info ][gc] GC(1816) Pause Young (Normal) (G1 Evacuation Pause) 146M->147M(256M) 26.468ms
[2020-01-29T21:36:37.807+0300][54.342s][info ][gc] GC(1817) Pause Young (Normal) (G1 Evacuation Pause) 172M->173M(256M) 32.175ms
[2020-01-29T21:36:37.846+0300][54.382s][info ][gc] GC(1818) Pause Young (Normal) (G1 Evacuation Pause) 190M->191M(256M) 30.928ms
[2020-01-29T21:36:37.890+0300][54.426s][info ][gc] GC(1819) Pause Young (Normal) (G1 Evacuation Pause) 222M->223M(256M) 26.305ms
[2020-01-29T21:36:37.920+0300][54.455s][info ][gc] GC(1820) Pause Young (Normal) (G1 Evacuation Pause) 233M->234M(256M) 24.735ms
[2020-01-29T21:36:37.953+0300][54.488s][info ][gc] GC(1821) To-space exhausted
[2020-01-29T21:36:37.953+0300][54.488s][info ][gc] GC(1821) Pause Young (Normal) (G1 Evacuation Pause) 244M->248M(256M) 27.662ms
[2020-01-29T21:36:37.994+0300][54.529s][info ][gc] GC(1822) To-space exhausted
[2020-01-29T21:36:37.994+0300][54.529s][info ][gc] GC(1822) Pause Young (Normal) (G1 Evacuation Pause) 255M->255M(256M) 37.163ms
[2020-01-29T21:36:37.994+0300][54.529s][debug][gc] GC(1823) Clear Next Bitmap 0.054ms
[2020-01-29T21:36:38.023+0300][54.558s][info ][gc] GC(1823) Pause Full (G1 Evacuation Pause) 255M->58M(256M) 29.061ms
[2020-01-29T21:36:38.023+0300][54.558s][info ][gc] GC(1813) Concurrent Cycle 355.799ms
[2020-01-29T21:36:38.076+0300][54.611s][info ][gc] GC(1824) Pause Young (Normal) (G1 Evacuation Pause) 111M->111M(256M) 32.277ms
[2020-01-29T21:36:38.116+0300][54.651s][info ][gc] GC(1825) Pause Young (Concurrent Start) (G1 Humongous Allocation) 137M->138M(256M) 19.047ms
[2020-01-29T21:36:38.116+0300][54.651s][info ][gc] GC(1826) Concurrent Cycle
[2020-01-29T21:36:38.154+0300][54.690s][info ][gc] GC(1827) Pause Young (Normal) (G1 Evacuation Pause) 186M->186M(256M) 21.066ms
[2020-01-29T21:36:38.159+0300][54.694s][debug][gc] GC(1826) Reclaimed 101 empty regions
[2020-01-29T21:36:38.159+0300][54.694s][info ][gc] GC(1826) Pause Remark 195M->96M(256M) 0.587ms
[2020-01-29T21:36:38.171+0300][54.707s][info ][gc] GC(1828) Pause Young (Normal) (G1 Evacuation Pause) 99M->100M(256M) 11.151ms
[2020-01-29T21:36:38.217+0300][54.753s][info ][gc] GC(1829) Pause Young (Normal) (G1 Evacuation Pause) 140M->141M(256M) 29.638ms
[2020-01-29T21:36:38.265+0300][54.800s][info ][gc] GC(1830) Pause Young (Normal) (G1 Evacuation Pause) 168M->169M(256M) 35.807ms
[2020-01-29T21:36:38.326+0300][54.861s][info ][gc] GC(1831) Pause Young (Normal) (G1 Evacuation Pause) 207M->208M(256M) 40.461ms
[2020-01-29T21:36:38.362+0300][54.897s][info ][gc] GC(1832) Pause Young (Normal) (G1 Evacuation Pause) 217M->218M(256M) 29.918ms
[2020-01-29T21:36:38.367+0300][54.902s][info ][gc] GC(1826) Pause Cleanup 224M->224M(256M) 0.044ms
[2020-01-29T21:36:38.367+0300][54.902s][info ][gc] GC(1826) Concurrent Cycle 251.020ms
[2020-01-29T21:36:38.396+0300][54.931s][info ][gc] GC(1833) Pause Young (Normal) (G1 Evacuation Pause) 228M->228M(256M) 26.558ms
[2020-01-29T21:36:38.408+0300][54.943s][info ][gc] GC(1834) Pause Young (Concurrent Start) (G1 Evacuation Pause) 238M->239M(256M) 8.170ms
[2020-01-29T21:36:38.408+0300][54.943s][info ][gc] GC(1835) Concurrent Cycle
[2020-01-29T21:36:38.429+0300][54.964s][info ][gc] GC(1836) To-space exhausted
[2020-01-29T21:36:38.429+0300][54.964s][info ][gc] GC(1836) Pause Young (Normal) (G1 Evacuation Pause) 249M->253M(256M) 14.760ms
[2020-01-29T21:36:38.440+0300][54.975s][info ][gc] GC(1837) To-space exhausted
[2020-01-29T21:36:38.440+0300][54.975s][info ][gc] GC(1837) Pause Young (Normal) (G1 Evacuation Pause) 255M->255M(256M) 9.729ms
[2020-01-29T21:36:38.440+0300][54.975s][debug][gc] GC(1838) Clear Next Bitmap 0.073ms
[2020-01-29T21:36:38.480+0300][55.016s][info ][gc] GC(1838) Pause Full (G1 Evacuation Pause) 255M->72M(256M) 40.892ms
[2020-01-29T21:36:38.480+0300][55.016s][info ][gc] GC(1835) Concurrent Cycle 73.148ms
[2020-01-29T21:36:38.528+0300][55.063s][info ][gc] GC(1839) Pause Young (Normal) (G1 Evacuation Pause) 121M->121M(256M) 27.746ms
[2020-01-29T21:36:38.566+0300][55.102s][info ][gc] GC(1840) Pause Young (Concurrent Start) (G1 Humongous Allocation) 137M->138M(256M) 21.453ms
[2020-01-29T21:36:38.566+0300][55.102s][info ][gc] GC(1841) Concurrent Cycle
[2020-01-29T21:36:38.583+0300][55.118s][debug][gc] GC(1841) Reclaimed 104 empty regions
[2020-01-29T21:36:38.583+0300][55.118s][info ][gc] GC(1841) Pause Remark 181M->77M(256M) 0.611ms
[2020-01-29T21:36:38.605+0300][55.141s][info ][gc] GC(1842) Pause Young (Normal) (G1 Evacuation Pause) 82M->77M(256M) 19.130ms
[2020-01-29T21:36:38.663+0300][55.199s][info ][gc] GC(1843) Pause Young (Normal) (G1 Evacuation Pause) 124M->125M(256M) 38.125ms
[2020-01-29T21:36:38.671+0300][55.206s][info ][gc] GC(1841) Pause Cleanup 142M->142M(256M) 0.058ms
[2020-01-29T21:36:38.671+0300][55.206s][info ][gc] GC(1841) Concurrent Cycle 104.477ms
[2020-01-29T21:36:38.716+0300][55.251s][info ][gc] GC(1844) Pause Young (Normal) (G1 Evacuation Pause) 157M->157M(256M) 39.169ms
[2020-01-29T21:36:38.738+0300][55.273s][info ][gc] GC(1845) Pause Young (Concurrent Start) (G1 Humongous Allocation) 165M->166M(256M) 8.540ms
[2020-01-29T21:36:38.738+0300][55.273s][info ][gc] GC(1846) Concurrent Cycle
[2020-01-29T21:36:38.762+0300][55.296s][info ][gc] GC(1847) Pause Young (Normal) (G1 Evacuation Pause) 205M->206M(256M) 14.724ms
[2020-01-29T21:36:38.764+0300][55.299s][debug][gc] GC(1846) Reclaimed 139 empty regions
[2020-01-29T21:36:38.765+0300][55.299s][info ][gc] GC(1846) Pause Remark 211M->72M(256M) 0.596ms
[2020-01-29T21:36:38.773+0300][55.308s][info ][gc] GC(1848) Pause Young (Normal) (G1 Evacuation Pause) 76M->77M(256M) 7.142ms
[2020-01-29T21:36:38.827+0300][55.361s][info ][gc] GC(1849) Pause Young (Normal) (G1 Evacuation Pause) 124M->125M(256M) 32.708ms
[2020-01-29T21:36:38.878+0300][55.414s][info ][gc] GC(1850) Pause Young (Normal) (G1 Evacuation Pause) 157M->158M(256M) 38.502ms
[2020-01-29T21:36:38.880+0300][55.416s][info ][gc] GC(1846) Pause Cleanup 163M->163M(256M) 0.046ms
[2020-01-29T21:36:38.881+0300][55.416s][info ][gc] GC(1846) Concurrent Cycle 142.981ms
[2020-01-29T21:36:38.916+0300][55.452s][info ][gc] GC(1851) Pause Young (Concurrent Start) (G1 Humongous Allocation) 166M->167M(256M) 23.783ms
[2020-01-29T21:36:38.916+0300][55.452s][info ][gc] GC(1852) Concurrent Cycle
[2020-01-29T21:36:38.940+0300][55.476s][info ][gc] GC(1853) Pause Young (Normal) (G1 Evacuation Pause) 206M->206M(256M) 14.791ms
[2020-01-29T21:36:38.943+0300][55.478s][debug][gc] GC(1852) Reclaimed 140 empty regions
[2020-01-29T21:36:38.943+0300][55.478s][info ][gc] GC(1852) Pause Remark 211M->71M(256M) 0.601ms
[2020-01-29T21:36:38.952+0300][55.487s][info ][gc] GC(1854) Pause Young (Normal) (G1 Evacuation Pause) 75M->77M(256M) 6.805ms
[2020-01-29T21:36:39.004+0300][55.539s][info ][gc] GC(1855) Pause Young (Normal) (G1 Evacuation Pause) 124M->124M(256M) 33.219ms
[2020-01-29T21:36:39.056+0300][55.592s][info ][gc] GC(1856) Pause Young (Normal) (G1 Evacuation Pause) 156M->157M(256M) 39.421ms
[2020-01-29T21:36:39.061+0300][55.597s][info ][gc] GC(1852) Pause Cleanup 165M->165M(256M) 0.047ms
[2020-01-29T21:36:39.061+0300][55.597s][info ][gc] GC(1852) Concurrent Cycle 144.837ms
[2020-01-29T21:36:39.095+0300][55.630s][info ][gc] GC(1857) Pause Young (Concurrent Start) (G1 Humongous Allocation) 165M->166M(256M) 24.133ms
[2020-01-29T21:36:39.095+0300][55.630s][info ][gc] GC(1858) Concurrent Cycle
[2020-01-29T21:36:39.118+0300][55.653s][info ][gc] GC(1859) Pause Young (Normal) (G1 Evacuation Pause) 205M->205M(256M) 14.655ms
[2020-01-29T21:36:39.121+0300][55.656s][debug][gc] GC(1858) Reclaimed 139 empty regions
[2020-01-29T21:36:39.122+0300][55.657s][info ][gc] GC(1858) Pause Remark 211M->72M(256M) 0.593ms
[2020-01-29T21:36:39.130+0300][55.665s][info ][gc] GC(1860) Pause Young (Normal) (G1 Evacuation Pause) 75M->76M(256M) 6.712ms
[2020-01-29T21:36:39.183+0300][55.718s][info ][gc] GC(1861) Pause Young (Normal) (G1 Evacuation Pause) 123M->124M(256M) 34.542ms
[2020-01-29T21:36:39.234+0300][55.769s][info ][gc] GC(1862) Pause Young (Normal) (G1 Evacuation Pause) 156M->157M(256M) 38.225ms
[2020-01-29T21:36:39.239+0300][55.774s][info ][gc] GC(1858) Pause Cleanup 165M->165M(256M) 0.050ms
[2020-01-29T21:36:39.239+0300][55.774s][info ][gc] GC(1858) Concurrent Cycle 144.512ms
[2020-01-29T21:36:39.275+0300][55.810s][info ][gc] GC(1863) Pause Young (Concurrent Start) (G1 Humongous Allocation) 165M->166M(256M) 26.127ms
[2020-01-29T21:36:39.275+0300][55.810s][info ][gc] GC(1864) Concurrent Cycle
[2020-01-29T21:36:39.302+0300][55.837s][info ][gc] GC(1865) Pause Young (Normal) (G1 Evacuation Pause) 205M->206M(256M) 17.635ms
[2020-01-29T21:36:39.305+0300][55.840s][debug][gc] GC(1864) Reclaimed 139 empty regions
[2020-01-29T21:36:39.305+0300][55.840s][info ][gc] GC(1864) Pause Remark 208M->69M(256M) 0.891ms
[2020-01-29T21:36:39.316+0300][55.852s][info ][gc] GC(1866) Pause Young (Normal) (G1 Evacuation Pause) 76M->77M(256M) 8.341ms
[2020-01-29T21:36:39.370+0300][55.905s][info ][gc] GC(1867) Pause Young (Normal) (G1 Evacuation Pause) 124M->125M(256M) 33.370ms
[2020-01-29T21:36:39.385+0300][55.921s][info ][gc] GC(1864) Pause Cleanup 157M->157M(256M) 0.047ms
[2020-01-29T21:36:39.386+0300][55.921s][info ][gc] GC(1864) Concurrent Cycle 110.482ms
[2020-01-29T21:36:39.424+0300][55.959s][info ][gc] GC(1868) Pause Young (Normal) (G1 Evacuation Pause) 157M->158M(256M) 38.266ms
[2020-01-29T21:36:39.446+0300][55.982s][info ][gc] GC(1869) Pause Young (Concurrent Start) (G1 Humongous Allocation) 166M->167M(256M) 7.844ms
[2020-01-29T21:36:39.446+0300][55.982s][info ][gc] GC(1870) Concurrent Cycle
[2020-01-29T21:36:39.475+0300][56.010s][info ][gc] GC(1871) Pause Young (Normal) (G1 Evacuation Pause) 206M->207M(256M) 19.234ms
[2020-01-29T21:36:39.478+0300][56.013s][debug][gc] GC(1870) Reclaimed 142 empty regions
[2020-01-29T21:36:39.478+0300][56.013s][info ][gc] GC(1870) Pause Remark 212M->70M(256M) 0.646ms
[2020-01-29T21:36:39.488+0300][56.023s][info ][gc] GC(1872) Pause Young (Normal) (G1 Evacuation Pause) 75M->76M(256M) 8.031ms
[2020-01-29T21:36:39.546+0300][56.081s][info ][gc] GC(1873) Pause Young (Normal) (G1 Evacuation Pause) 123M->124M(256M) 39.032ms
[2020-01-29T21:36:39.611+0300][56.147s][info ][gc] GC(1874) Pause Young (Normal) (G1 Evacuation Pause) 156M->156M(256M) 50.877ms
[2020-01-29T21:36:39.615+0300][56.150s][info ][gc] GC(1870) Pause Cleanup 156M->156M(256M) 0.052ms
[2020-01-29T21:36:39.615+0300][56.151s][info ][gc] GC(1870) Concurrent Cycle 169.209ms
[2020-01-29T21:36:39.659+0300][56.194s][info ][gc] GC(1875) Pause Young (Concurrent Start) (G1 Humongous Allocation) 164M->165M(256M) 29.234ms
[2020-01-29T21:36:39.659+0300][56.195s][info ][gc] GC(1876) Concurrent Cycle
[2020-01-29T21:36:39.685+0300][56.220s][info ][gc] GC(1877) Pause Young (Normal) (G1 Evacuation Pause) 205M->206M(256M) 15.249ms
[2020-01-29T21:36:39.687+0300][56.222s][debug][gc] GC(1876) Reclaimed 136 empty regions
[2020-01-29T21:36:39.687+0300][56.222s][info ][gc] GC(1876) Pause Remark 206M->70M(256M) 0.617ms
[2020-01-29T21:36:39.698+0300][56.233s][info ][gc] GC(1878) Pause Young (Normal) (G1 Evacuation Pause) 79M->80M(256M) 6.886ms
[2020-01-29T21:36:39.749+0300][56.284s][info ][gc] GC(1879) Pause Young (Normal) (G1 Evacuation Pause) 126M->126M(256M) 32.290ms
[2020-01-29T21:36:39.799+0300][56.335s][info ][gc] GC(1880) Pause Young (Normal) (G1 Evacuation Pause) 157M->158M(256M) 38.069ms
[2020-01-29T21:36:39.803+0300][56.338s][info ][gc] GC(1876) Pause Cleanup 165M->165M(256M) 0.052ms
[2020-01-29T21:36:39.803+0300][56.339s][info ][gc] GC(1876) Concurrent Cycle 143.961ms
[2020-01-29T21:36:39.854+0300][56.390s][info ][gc] GC(1881) Pause Young (Prepare Mixed) (G1 Evacuation Pause) 199M->200M(256M) 33.783ms
[2020-01-29T21:36:39.865+0300][56.401s][info ][gc] GC(1882) Pause Young (Mixed) (G1 Evacuation Pause) 208M->195M(256M) 7.326ms
[2020-01-29T21:36:39.877+0300][56.413s][info ][gc] GC(1883) Pause Young (Concurrent Start) (G1 Evacuation Pause) 205M->206M(256M) 7.989ms
[2020-01-29T21:36:39.877+0300][56.413s][info ][gc] GC(1884) Concurrent Cycle
[2020-01-29T21:36:39.892+0300][56.427s][info ][gc] GC(1885) Pause Young (Normal) (G1 Evacuation Pause) 216M->217M(256M) 8.071ms
[2020-01-29T21:36:39.904+0300][56.440s][info ][gc] GC(1886) Pause Young (Normal) (G1 Evacuation Pause) 227M->228M(256M) 8.019ms
[2020-01-29T21:36:39.917+0300][56.452s][info ][gc] GC(1887) Pause Young (Normal) (G1 Evacuation Pause) 238M->239M(256M) 7.804ms
[2020-01-29T21:36:39.936+0300][56.472s][info ][gc] GC(1888) To-space exhausted
[2020-01-29T21:36:39.936+0300][56.472s][info ][gc] GC(1888) Pause Young (Normal) (G1 Evacuation Pause) 249M->251M(256M) 15.367ms
[2020-01-29T21:36:39.952+0300][56.487s][info ][gc] GC(1889) To-space exhausted
[2020-01-29T21:36:39.952+0300][56.487s][info ][gc] GC(1889) Pause Young (Normal) (G1 Evacuation Pause) 255M->255M(256M) 13.649ms
[2020-01-29T21:36:39.952+0300][56.487s][debug][gc] GC(1890) Clear Next Bitmap 0.055ms
[2020-01-29T21:36:40.011+0300][56.546s][info ][gc] GC(1890) Pause Full (G1 Evacuation Pause) 255M->95M(256M) 58.834ms
[2020-01-29T21:36:40.011+0300][56.546s][info ][gc] GC(1884) Concurrent Cycle 133.522ms
[2020-01-29T21:36:40.060+0300][56.596s][info ][gc] GC(1891) Pause Young (Concurrent Start) (G1 Humongous Allocation) 136M->136M(256M) 22.654ms
[2020-01-29T21:36:40.060+0300][56.596s][info ][gc] GC(1892) Concurrent Cycle
[2020-01-29T21:36:40.102+0300][56.638s][info ][gc] GC(1893) Pause Young (Normal) (G1 Evacuation Pause) 184M->185M(256M) 20.276ms
[2020-01-29T21:36:40.107+0300][56.642s][debug][gc] GC(1892) Reclaimed 93 empty regions
[2020-01-29T21:36:40.107+0300][56.642s][info ][gc] GC(1892) Pause Remark 194M->103M(256M) 0.648ms
[2020-01-29T21:36:40.120+0300][56.655s][info ][gc] GC(1894) Pause Young (Normal) (G1 Evacuation Pause) 107M->108M(256M) 11.330ms
[2020-01-29T21:36:40.163+0300][56.699s][info ][gc] GC(1895) Pause Young (Normal) (G1 Evacuation Pause) 145M->146M(256M) 28.728ms
[2020-01-29T21:36:40.210+0300][56.745s][info ][gc] GC(1896) Pause Young (Normal) (G1 Evacuation Pause) 171M->172M(256M) 35.993ms
[2020-01-29T21:36:40.263+0300][56.799s][info ][gc] GC(1897) Pause Young (Normal) (G1 Evacuation Pause) 209M->210M(256M) 34.362ms
[2020-01-29T21:36:40.295+0300][56.830s][info ][gc] GC(1898) Pause Young (Normal) (G1 Evacuation Pause) 219M->220M(256M) 27.421ms
[2020-01-29T21:36:40.330+0300][56.865s][info ][gc] GC(1899) Pause Young (Normal) (G1 Evacuation Pause) 230M->231M(256M) 29.378ms
[2020-01-29T21:36:40.365+0300][56.900s][info ][gc] GC(1900) Pause Young (Normal) (G1 Evacuation Pause) 241M->242M(256M) 29.974ms
[2020-01-29T21:36:40.367+0300][56.902s][info ][gc] GC(1892) Pause Cleanup 243M->243M(256M) 0.044ms
[2020-01-29T21:36:40.367+0300][56.902s][info ][gc] GC(1892) Concurrent Cycle 306.189ms
[2020-01-29T21:36:40.407+0300][56.942s][info ][gc] GC(1901) To-space exhausted
[2020-01-29T21:36:40.407+0300][56.943s][info ][gc] GC(1901) Pause Young (Normal) (G1 Evacuation Pause) 252M->255M(256M) 35.328ms
[2020-01-29T21:36:40.441+0300][56.976s][info ][gc] GC(1902) Pause Full (G1 Evacuation Pause) 255M->66M(256M) 33.081ms
[2020-01-29T21:36:40.490+0300][57.025s][info ][gc] GC(1903) Pause Young (Concurrent Start) (G1 Evacuation Pause) 117M->117M(256M) 28.630ms
[2020-01-29T21:36:40.490+0300][57.025s][info ][gc] GC(1904) Concurrent Cycle
[2020-01-29T21:36:40.540+0300][57.076s][info ][gc] GC(1905) Pause Young (Normal) (G1 Evacuation Pause) 171M->171M(256M) 24.424ms
[2020-01-29T21:36:40.564+0300][57.100s][info ][gc] GC(1906) Pause Young (Normal) (G1 Evacuation Pause) 188M->189M(256M) 15.194ms
[2020-01-29T21:36:40.577+0300][57.113s][info ][gc] GC(1907) Pause Young (Normal) (G1 Evacuation Pause) 200M->202M(256M) 8.252ms
[2020-01-29T21:36:40.614+0300][57.149s][info ][gc] GC(1908) Pause Young (Normal) (G1 Evacuation Pause) 212M->213M(256M) 9.490ms
[2020-01-29T21:36:40.633+0300][57.168s][info ][gc] GC(1909) Pause Young (Normal) (G1 Evacuation Pause) 223M->224M(256M) 7.346ms
[2020-01-29T21:36:40.647+0300][57.182s][info ][gc] GC(1910) Pause Young (Normal) (G1 Evacuation Pause) 234M->235M(256M) 7.928ms
[2020-01-29T21:36:40.665+0300][57.200s][info ][gc] GC(1911) To-space exhausted
[2020-01-29T21:36:40.665+0300][57.200s][info ][gc] GC(1911) Pause Young (Normal) (G1 Evacuation Pause) 245M->248M(256M) 13.768ms
[2020-01-29T21:36:40.681+0300][57.216s][info ][gc] GC(1912) To-space exhausted
[2020-01-29T21:36:40.681+0300][57.216s][info ][gc] GC(1912) Pause Young (Normal) (G1 Evacuation Pause) 253M->253M(256M) 14.230ms
[2020-01-29T21:36:40.682+0300][57.216s][debug][gc] GC(1913) Clear Next Bitmap 0.078ms
[2020-01-29T21:36:40.742+0300][57.278s][info ][gc] GC(1913) Pause Full (G1 Evacuation Pause) 253M->108M(256M) 61.579ms
[2020-01-29T21:36:40.743+0300][57.278s][info ][gc] GC(1904) Concurrent Cycle 253.526ms
[2020-01-29T21:36:40.781+0300][57.317s][info ][gc] GC(1914) Pause Young (Concurrent Start) (G1 Humongous Allocation) 136M->136M(256M) 16.322ms
[2020-01-29T21:36:40.781+0300][57.317s][info ][gc] GC(1915) Concurrent Cycle
[2020-01-29T21:36:40.818+0300][57.353s][info ][gc] GC(1916) Pause Young (Normal) (G1 Evacuation Pause) 184M->185M(256M) 21.777ms
[2020-01-29T21:36:40.823+0300][57.358s][debug][gc] GC(1915) Reclaimed 106 empty regions
[2020-01-29T21:36:40.823+0300][57.358s][info ][gc] GC(1915) Pause Remark 194M->91M(256M) 0.580ms
[2020-01-29T21:36:40.835+0300][57.371s][info ][gc] GC(1917) Pause Young (Normal) (G1 Evacuation Pause) 94M->95M(256M) 10.992ms
[2020-01-29T21:36:40.884+0300][57.420s][info ][gc] GC(1918) Pause Young (Normal) (G1 Evacuation Pause) 138M->139M(256M) 31.601ms
[2020-01-29T21:36:40.946+0300][57.481s][info ][gc] GC(1919) Pause Young (Normal) (G1 Evacuation Pause) 167M->168M(256M) 45.789ms
[2020-01-29T21:36:40.997+0300][57.533s][info ][gc] GC(1920) Pause Young (Normal) (G1 Evacuation Pause) 207M->208M(256M) 31.996ms
[2020-01-29T21:36:40.998+0300][57.533s][info ][gc] GC(1915) Pause Cleanup 208M->208M(256M) 0.041ms
[2020-01-29T21:36:40.998+0300][57.534s][info ][gc] GC(1915) Concurrent Cycle 216.939ms
[2020-01-29T21:36:41.025+0300][57.561s][info ][gc] GC(1921) Pause Young (Normal) (G1 Evacuation Pause) 217M->217M(256M) 23.699ms
[2020-01-29T21:36:41.038+0300][57.573s][info ][gc] GC(1922) Pause Young (Concurrent Start) (G1 Evacuation Pause) 227M->228M(256M) 8.138ms
[2020-01-29T21:36:41.038+0300][57.573s][info ][gc] GC(1923) Concurrent Cycle
[2020-01-29T21:36:41.052+0300][57.587s][info ][gc] GC(1924) Pause Young (Normal) (G1 Evacuation Pause) 238M->239M(256M) 8.072ms
[2020-01-29T21:36:41.071+0300][57.606s][info ][gc] GC(1925) To-space exhausted
[2020-01-29T21:36:41.071+0300][57.606s][info ][gc] GC(1925) Pause Young (Normal) (G1 Evacuation Pause) 249M->251M(256M) 14.766ms
[2020-01-29T21:36:41.087+0300][57.622s][info ][gc] GC(1926) To-space exhausted
[2020-01-29T21:36:41.087+0300][57.622s][info ][gc] GC(1926) Pause Young (Normal) (G1 Evacuation Pause) 255M->255M(256M) 13.765ms
[2020-01-29T21:36:41.087+0300][57.622s][debug][gc] GC(1927) Clear Next Bitmap 0.059ms
[2020-01-29T21:36:41.132+0300][57.668s][info ][gc] GC(1927) Pause Full (G1 Evacuation Pause) 255M->81M(256M) 45.581ms
[2020-01-29T21:36:41.133+0300][57.668s][info ][gc] GC(1923) Concurrent Cycle 94.769ms
[2020-01-29T21:36:41.176+0300][57.711s][info ][gc] GC(1928) Pause Young (Normal) (G1 Evacuation Pause) 127M->126M(256M) 25.496ms
[2020-01-29T21:36:41.201+0300][57.736s][info ][gc] GC(1929) Pause Young (Concurrent Start) (G1 Humongous Allocation) 136M->138M(256M) 10.189ms
[2020-01-29T21:36:41.201+0300][57.736s][info ][gc] GC(1930) Concurrent Cycle
[2020-01-29T21:36:41.214+0300][57.749s][debug][gc] GC(1930) Reclaimed 119 empty regions
[2020-01-29T21:36:41.214+0300][57.749s][info ][gc] GC(1930) Pause Remark 186M->69M(256M) 0.640ms
[2020-01-29T21:36:41.232+0300][57.767s][info ][gc] GC(1931) Pause Young (Normal) (G1 Evacuation Pause) 69M->66M(256M) 17.453ms
[2020-01-29T21:36:41.294+0300][57.829s][info ][gc] GC(1932) Pause Young (Normal) (G1 Evacuation Pause) 117M->118M(256M) 41.208ms
[2020-01-29T21:36:41.296+0300][57.832s][info ][gc] GC(1930) Pause Cleanup 125M->125M(256M) 0.037ms
[2020-01-29T21:36:41.296+0300][57.832s][info ][gc] GC(1930) Concurrent Cycle 95.906ms
[2020-01-29T21:36:41.345+0300][57.880s][info ][gc] GC(1933) Pause Young (Normal) (G1 Evacuation Pause) 152M->152M(256M) 37.645ms
[2020-01-29T21:36:41.363+0300][57.898s][info ][gc] GC(1934) Pause Young (Concurrent Start) (G1 Humongous Allocation) 154M->155M(256M) 6.173ms
[2020-01-29T21:36:41.363+0300][57.898s][info ][gc] GC(1935) Concurrent Cycle
[2020-01-29T21:36:41.371+0300][57.906s][debug][gc] GC(1935) Reclaimed 142 empty regions
[2020-01-29T21:36:41.371+0300][57.907s][info ][gc] GC(1935) Pause Remark 193M->51M(256M) 0.621ms
[2020-01-29T21:36:41.389+0300][57.924s][info ][gc] GC(1936) Pause Young (Normal) (G1 Evacuation Pause) 56M->56M(256M) 14.916ms
[2020-01-29T21:36:41.404+0300][57.939s][info ][gc] GC(1935) Pause Cleanup 92M->92M(256M) 0.037ms
[2020-01-29T21:36:41.404+0300][57.939s][info ][gc] GC(1935) Concurrent Cycle 41.311ms
[2020-01-29T21:36:41.451+0300][57.986s][info ][gc] GC(1937) Pause Young (Normal) (G1 Evacuation Pause) 110M->111M(256M) 39.372ms
[2020-01-29T21:36:41.488+0300][58.024s][info ][gc] GC(1938) Pause Young (Concurrent Start) (G1 Evacuation Pause) 147M->147M(256M) 23.662ms
[2020-01-29T21:36:41.488+0300][58.024s][info ][gc] GC(1939) Concurrent Cycle
[2020-01-29T21:36:41.530+0300][58.066s][info ][gc] GC(1940) Pause Young (Normal) (G1 Evacuation Pause) 192M->193M(256M) 18.634ms
[2020-01-29T21:36:41.544+0300][58.079s][info ][gc] GC(1941) Pause Young (Normal) (G1 Evacuation Pause) 204M->205M(256M) 9.153ms
[2020-01-29T21:36:41.557+0300][58.093s][info ][gc] GC(1942) Pause Young (Normal) (G1 Evacuation Pause) 215M->216M(256M) 9.286ms
[2020-01-29T21:36:41.569+0300][58.105s][info ][gc] GC(1943) Pause Young (Normal) (G1 Evacuation Pause) 226M->227M(256M) 7.301ms
[2020-01-29T21:36:41.583+0300][58.118s][info ][gc] GC(1944) Pause Young (Normal) (G1 Evacuation Pause) 237M->237M(256M) 9.117ms
[2020-01-29T21:36:41.611+0300][58.146s][info ][gc] GC(1945) To-space exhausted
[2020-01-29T21:36:41.611+0300][58.146s][info ][gc] GC(1945) Pause Young (Normal) (G1 Evacuation Pause) 247M->249M(256M) 14.201ms
[2020-01-29T21:36:41.631+0300][58.166s][info ][gc] GC(1946) To-space exhausted
[2020-01-29T21:36:41.631+0300][58.166s][info ][gc] GC(1946) Pause Young (Normal) (G1 Evacuation Pause) 255M->255M(256M) 16.223ms
[2020-01-29T21:36:41.631+0300][58.166s][debug][gc] GC(1947) Clear Next Bitmap 0.057ms
[2020-01-29T21:36:41.687+0300][58.222s][info ][gc] GC(1947) Pause Full (G1 Evacuation Pause) 255M->101M(256M) 55.670ms
[2020-01-29T21:36:41.687+0300][58.222s][info ][gc] GC(1939) Concurrent Cycle 198.196ms
[2020-01-29T21:36:41.731+0300][58.266s][info ][gc] GC(1948) Pause Young (Concurrent Start) (G1 Humongous Allocation) 136M->136M(256M) 19.446ms
[2020-01-29T21:36:41.731+0300][58.266s][info ][gc] GC(1949) Concurrent Cycle
[2020-01-29T21:36:41.770+0300][58.305s][info ][gc] GC(1950) Pause Young (Normal) (G1 Evacuation Pause) 184M->185M(256M) 19.765ms
[2020-01-29T21:36:41.775+0300][58.310s][debug][gc] GC(1949) Reclaimed 99 empty regions
[2020-01-29T21:36:41.775+0300][58.310s][info ][gc] GC(1949) Pause Remark 195M->98M(256M) 0.607ms
[2020-01-29T21:36:41.787+0300][58.322s][info ][gc] GC(1951) Pause Young (Normal) (G1 Evacuation Pause) 101M->102M(256M) 11.337ms
[2020-01-29T21:36:41.835+0300][58.370s][info ][gc] GC(1952) Pause Young (Normal) (G1 Evacuation Pause) 142M->143M(256M) 29.530ms
[2020-01-29T21:36:41.879+0300][58.414s][info ][gc] GC(1953) Pause Young (Normal) (G1 Evacuation Pause) 169M->170M(256M) 33.629ms
[2020-01-29T21:36:41.929+0300][58.465s][info ][gc] GC(1954) Pause Young (Normal) (G1 Evacuation Pause) 208M->209M(256M) 30.657ms
[2020-01-29T21:36:41.959+0300][58.494s][info ][gc] GC(1955) Pause Young (Normal) (G1 Evacuation Pause) 218M->219M(256M) 25.290ms
[2020-01-29T21:36:41.990+0300][58.525s][info ][gc] GC(1956) Pause Young (Normal) (G1 Evacuation Pause) 229M->230M(256M) 26.289ms
[2020-01-29T21:36:41.991+0300][58.526s][info ][gc] GC(1949) Pause Cleanup 230M->230M(256M) 0.040ms
[2020-01-29T21:36:41.991+0300][58.527s][info ][gc] GC(1949) Concurrent Cycle 260.288ms
[2020-01-29T21:36:42.020+0300][58.555s][info ][gc] GC(1957) Pause Young (Normal) (G1 Evacuation Pause) 240M->240M(256M) 25.065ms
[2020-01-29T21:36:42.042+0300][58.577s][info ][gc] GC(1958) To-space exhausted
[2020-01-29T21:36:42.042+0300][58.577s][info ][gc] GC(1958) Pause Young (Concurrent Start) (G1 Evacuation Pause) 250M->253M(256M) 17.310ms
[2020-01-29T21:36:42.042+0300][58.577s][info ][gc] GC(1959) Concurrent Cycle
[2020-01-29T21:36:42.054+0300][58.589s][info ][gc] GC(1960) To-space exhausted
[2020-01-29T21:36:42.054+0300][58.589s][info ][gc] GC(1960) Pause Young (Normal) (G1 Evacuation Pause) 255M->255M(256M) 9.716ms
[2020-01-29T21:36:42.054+0300][58.589s][debug][gc] GC(1961) Clear Next Bitmap 0.078ms
[2020-01-29T21:36:42.092+0300][58.627s][info ][gc] GC(1961) Pause Full (G1 Evacuation Pause) 255M->73M(256M) 37.814ms
[2020-01-29T21:36:42.092+0300][58.627s][info ][gc] GC(1959) Concurrent Cycle 50.581ms
[2020-01-29T21:36:42.139+0300][58.674s][info ][gc] GC(1962) Pause Young (Normal) (G1 Evacuation Pause) 122M->121M(256M) 27.168ms
[2020-01-29T21:36:42.168+0300][58.702s][info ][gc] GC(1963) Pause Young (Concurrent Start) (G1 Humongous Allocation) 136M->138M(256M) 11.983ms
[2020-01-29T21:36:42.168+0300][58.703s][info ][gc] GC(1964) Concurrent Cycle
[2020-01-29T21:36:42.200+0300][58.735s][info ][gc] GC(1965) Pause Young (Normal) (G1 Evacuation Pause) 186M->186M(256M) 19.770ms
[2020-01-29T21:36:42.204+0300][58.738s][debug][gc] GC(1964) Reclaimed 112 empty regions
[2020-01-29T21:36:42.204+0300][58.738s][info ][gc] GC(1964) Pause Remark 194M->84M(256M) 0.601ms
[2020-01-29T21:36:42.215+0300][58.750s][info ][gc] GC(1966) Pause Young (Normal) (G1 Evacuation Pause) 88M->88M(256M) 9.450ms
[2020-01-29T21:36:42.263+0300][58.799s][info ][gc] GC(1967) Pause Young (Normal) (G1 Evacuation Pause) 132M->133M(256M) 30.990ms
[2020-01-29T21:36:42.314+0300][58.849s][info ][gc] GC(1968) Pause Young (Normal) (G1 Evacuation Pause) 163M->164M(256M) 38.237ms
[2020-01-29T21:36:42.334+0300][58.868s][info ][gc] GC(1964) Pause Cleanup 202M->202M(256M) 0.043ms
[2020-01-29T21:36:42.334+0300][58.869s][info ][gc] GC(1964) Concurrent Cycle 166.150ms
[2020-01-29T21:36:42.367+0300][58.902s][info ][gc] GC(1969) Pause Young (Normal) (G1 Evacuation Pause) 204M->205M(256M) 32.379ms
[2020-01-29T21:36:42.378+0300][58.913s][info ][gc] GC(1970) Pause Young (Concurrent Start) (G1 Evacuation Pause) 213M->214M(256M) 7.435ms
[2020-01-29T21:36:42.378+0300][58.913s][info ][gc] GC(1971) Concurrent Cycle
[2020-01-29T21:36:42.392+0300][58.927s][info ][gc] GC(1972) Pause Young (Normal) (G1 Evacuation Pause) 224M->225M(256M) 7.939ms
[2020-01-29T21:36:42.405+0300][58.939s][info ][gc] GC(1973) Pause Young (Normal) (G1 Evacuation Pause) 235M->237M(256M) 7.568ms
[2020-01-29T21:36:42.420+0300][58.955s][info ][gc] GC(1974) To-space exhausted
[2020-01-29T21:36:42.420+0300][58.955s][info ][gc] GC(1974) Pause Young (Normal) (G1 Evacuation Pause) 247M->249M(256M) 11.597ms
[2020-01-29T21:36:42.437+0300][58.973s][info ][gc] GC(1975) To-space exhausted
[2020-01-29T21:36:42.437+0300][58.973s][info ][gc] GC(1975) Pause Young (Normal) (G1 Evacuation Pause) 255M->255M(256M) 15.429ms
[2020-01-29T21:36:42.438+0300][58.973s][debug][gc] GC(1976) Clear Next Bitmap 0.066ms
[2020-01-29T21:36:42.482+0300][59.018s][info ][gc] GC(1976) Pause Full (G1 Evacuation Pause) 255M->84M(256M) 44.746ms
[2020-01-29T21:36:42.483+0300][59.018s][info ][gc] GC(1971) Concurrent Cycle 105.523ms
[2020-01-29T21:36:42.526+0300][59.062s][info ][gc] GC(1977) Pause Young (Normal) (G1 Evacuation Pause) 129M->129M(256M) 25.982ms
[2020-01-29T21:36:42.548+0300][59.084s][info ][gc] GC(1978) Pause Young (Concurrent Start) (G1 Humongous Allocation) 137M->137M(256M) 8.601ms
[2020-01-29T21:36:42.548+0300][59.084s][info ][gc] GC(1979) Concurrent Cycle
[2020-01-29T21:36:42.560+0300][59.096s][debug][gc] GC(1979) Reclaimed 120 empty regions
[2020-01-29T21:36:42.560+0300][59.096s][info ][gc] GC(1979) Pause Remark 180M->63M(256M) 0.769ms
[2020-01-29T21:36:42.584+0300][59.119s][info ][gc] GC(1980) Pause Young (Normal) (G1 Evacuation Pause) 67M->63M(256M) 21.491ms
[2020-01-29T21:36:42.603+0300][59.138s][info ][gc] GC(1979) Pause Cleanup 106M->106M(256M) 0.037ms
[2020-01-29T21:36:42.603+0300][59.139s][info ][gc] GC(1979) Concurrent Cycle 55.033ms
[2020-01-29T21:36:42.647+0300][59.182s][info ][gc] GC(1981) Pause Young (Normal) (G1 Evacuation Pause) 115M->116M(256M) 39.991ms
[2020-01-29T21:36:42.695+0300][59.230s][info ][gc] GC(1982) Pause Young (Concurrent Start) (G1 Humongous Allocation) 151M->152M(256M) 23.361ms
[2020-01-29T21:36:42.695+0300][59.230s][info ][gc] GC(1983) Concurrent Cycle
[2020-01-29T21:36:42.736+0300][59.271s][info ][gc] GC(1984) Pause Young (Normal) (G1 Evacuation Pause) 196M->196M(256M) 18.193ms
[2020-01-29T21:36:42.741+0300][59.275s][debug][gc] GC(1983) Reclaimed 98 empty regions
[2020-01-29T21:36:42.741+0300][59.275s][info ][gc] GC(1983) Pause Remark 206M->108M(256M) 0.593ms
[2020-01-29T21:36:42.750+0300][59.285s][info ][gc] GC(1985) Pause Young (Normal) (G1 Evacuation Pause) 108M->109M(256M) 9.007ms
[2020-01-29T21:36:42.795+0300][59.330s][info ][gc] GC(1986) Pause Young (Normal) (G1 Evacuation Pause) 146M->147M(256M) 30.636ms
[2020-01-29T21:36:42.839+0300][59.375s][info ][gc] GC(1987) Pause Young (Normal) (G1 Evacuation Pause) 172M->173M(256M) 33.211ms
[2020-01-29T21:36:42.878+0300][59.413s][info ][gc] GC(1988) Pause Young (Normal) (G1 Evacuation Pause) 190M->190M(256M) 31.485ms
[2020-01-29T21:36:42.924+0300][59.459s][info ][gc] GC(1989) Pause Young (Normal) (G1 Evacuation Pause) 222M->223M(256M) 28.623ms
[2020-01-29T21:36:42.955+0300][59.490s][info ][gc] GC(1990) Pause Young (Normal) (G1 Evacuation Pause) 233M->234M(256M) 25.457ms
[2020-01-29T21:36:42.995+0300][59.530s][info ][gc] GC(1991) To-space exhausted
[2020-01-29T21:36:42.995+0300][59.530s][info ][gc] GC(1991) Pause Young (Normal) (G1 Evacuation Pause) 244M->248M(256M) 35.648ms
[2020-01-29T21:36:43.039+0300][59.574s][info ][gc] GC(1992) To-space exhausted
[2020-01-29T21:36:43.039+0300][59.574s][info ][gc] GC(1992) Pause Young (Normal) (G1 Evacuation Pause) 255M->255M(256M) 39.741ms
[2020-01-29T21:36:43.039+0300][59.574s][debug][gc] GC(1993) Clear Next Bitmap 0.051ms
[2020-01-29T21:36:43.069+0300][59.604s][info ][gc] GC(1993) Pause Full (G1 Evacuation Pause) 255M->59M(256M) 29.660ms
[2020-01-29T21:36:43.069+0300][59.604s][info ][gc] GC(1983) Concurrent Cycle 374.131ms
[2020-01-29T21:36:43.119+0300][59.654s][info ][gc] GC(1994) Pause Young (Normal) (G1 Evacuation Pause) 112M->112M(256M) 28.663ms
[2020-01-29T21:36:43.158+0300][59.693s][info ][gc] GC(1995) Pause Young (Concurrent Start) (G1 Humongous Allocation) 137M->137M(256M) 18.212ms
[2020-01-29T21:36:43.158+0300][59.693s][info ][gc] GC(1996) Concurrent Cycle
[2020-01-29T21:36:43.196+0300][59.732s][info ][gc] GC(1997) Pause Young (Normal) (G1 Evacuation Pause) 185M->186M(256M) 22.597ms
[2020-01-29T21:36:43.201+0300][59.736s][debug][gc] GC(1996) Reclaimed 102 empty regions
[2020-01-29T21:36:43.201+0300][59.736s][info ][gc] GC(1996) Pause Remark 195M->95M(256M) 0.658ms
[2020-01-29T21:36:43.213+0300][59.748s][info ][gc] GC(1998) Pause Young (Normal) (G1 Evacuation Pause) 98M->99M(256M) 10.477ms
[2020-01-29T21:36:43.258+0300][59.794s][info ][gc] GC(1999) Pause Young (Normal) (G1 Evacuation Pause) 139M->140M(256M) 29.456ms
[2020-01-29T21:36:43.307+0300][59.842s][info ][gc] GC(2000) Pause Young (Normal) (G1 Evacuation Pause) 167M->168M(256M) 37.528ms
[2020-01-29T21:36:43.361+0300][59.897s][info ][gc] GC(2001) Pause Young (Normal) (G1 Evacuation Pause) 207M->207M(256M) 33.872ms
[2020-01-29T21:36:43.396+0300][59.931s][info ][gc] GC(2002) Pause Young (Normal) (G1 Evacuation Pause) 216M->217M(256M) 29.957ms
[2020-01-29T21:36:43.404+0300][59.939s][info ][gc] GC(1996) Pause Cleanup 227M->227M(256M) 0.046ms
[2020-01-29T21:36:43.404+0300][59.939s][info ][gc] GC(1996) Concurrent Cycle 246.356ms
[2020-01-29T21:36:43.428+0300][59.963s][info ][gc] GC(2003) Pause Young (Normal) (G1 Evacuation Pause) 227M->228M(256M) 24.123ms
[2020-01-29T21:36:43.441+0300][59.976s][info ][gc] GC(2004) Pause Young (Concurrent Start) (G1 Evacuation Pause) 238M->239M(256M) 8.126ms
[2020-01-29T21:36:43.441+0300][59.976s][info ][gc] GC(2005) Concurrent Cycle
[2020-01-29T21:36:43.462+0300][59.997s][info ][gc] GC(2006) To-space exhausted
[2020-01-29T21:36:43.462+0300][59.997s][info ][gc] GC(2006) Pause Young (Normal) (G1 Evacuation Pause) 249M->252M(256M) 15.066ms
[2020-01-29T21:36:43.476+0300][60.011s][info ][gc] GC(2007) To-space exhausted
[2020-01-29T21:36:43.476+0300][60.011s][info ][gc] GC(2007) Pause Young (Normal) (G1 Evacuation Pause) 255M->255M(256M) 12.241ms
[2020-01-29T21:36:43.476+0300][60.011s][debug][gc] GC(2008) Clear Next Bitmap 0.183ms
[2020-01-29T21:36:43.519+0300][60.054s][info ][gc] GC(2008) Pause Full (G1 Evacuation Pause) 255M->75M(256M) 43.343ms
[2020-01-29T21:36:43.520+0300][60.055s][info ][gc] GC(2005) Concurrent Cycle 78.894ms
[2020-01-29T21:36:43.566+0300][60.101s][info ][gc] GC(2009) Pause Young (Normal) (G1 Evacuation Pause) 123M->122M(256M) 27.080ms
[2020-01-29T21:36:43.600+0300][60.135s][info ][gc] GC(2010) Pause Young (Concurrent Start) (G1 Humongous Allocation) 137M->137M(256M) 18.216ms
[2020-01-29T21:36:43.600+0300][60.136s][info ][gc] GC(2011) Concurrent Cycle
[2020-01-29T21:36:43.634+0300][60.169s][info ][gc] GC(2012) Pause Young (Normal) (G1 Evacuation Pause) 185M->186M(256M) 19.898ms
[2020-01-29T21:36:43.635+0300][60.171s][debug][gc] GC(2011) Reclaimed 113 empty regions
[2020-01-29T21:36:43.635+0300][60.171s][info ][gc] GC(2011) Pause Remark 188M->77M(256M) 0.611ms
[2020-01-29T21:36:43.650+0300][60.186s][info ][gc] GC(2013) Pause Young (Normal) (G1 Evacuation Pause) 87M->87M(256M) 9.804ms
[2020-01-29T21:36:43.700+0300][60.236s][info ][gc] GC(2014) Pause Young (Normal) (G1 Evacuation Pause) 131M->132M(256M) 32.407ms
[2020-01-29T21:36:43.751+0300][60.286s][info ][gc] GC(2015) Pause Young (Normal) (G1 Evacuation Pause) 162M->163M(256M) 37.542ms
[2020-01-29T21:36:43.767+0300][60.302s][info ][gc] GC(2011) Pause Cleanup 192M->192M(256M) 0.043ms
[2020-01-29T21:36:43.767+0300][60.302s][info ][gc] GC(2011) Concurrent Cycle 166.535ms
[2020-01-29T21:36:43.803+0300][60.338s][info ][gc] GC(2016) Pause Young (Normal) (G1 Evacuation Pause) 203M->204M(256M) 31.284ms
[2020-01-29T21:36:43.814+0300][60.349s][info ][gc] GC(2017) Pause Young (Concurrent Start) (G1 Evacuation Pause) 212M->213M(256M) 7.247ms
[2020-01-29T21:36:43.814+0300][60.349s][info ][gc] GC(2018) Concurrent Cycle
[2020-01-29T21:36:43.828+0300][60.363s][info ][gc] GC(2019) Pause Young (Normal) (G1 Evacuation Pause) 223M->224M(256M) 7.886ms
[2020-01-29T21:36:43.840+0300][60.375s][info ][gc] GC(2020) Pause Young (Normal) (G1 Evacuation Pause) 234M->235M(256M) 7.708ms
[2020-01-29T21:36:43.855+0300][60.390s][info ][gc] GC(2021) To-space exhausted
[2020-01-29T21:36:43.855+0300][60.390s][info ][gc] GC(2021) Pause Young (Normal) (G1 Evacuation Pause) 245M->247M(256M) 10.662ms
[2020-01-29T21:36:43.877+0300][60.412s][info ][gc] GC(2022) To-space exhausted
[2020-01-29T21:36:43.877+0300][60.412s][info ][gc] GC(2022) Pause Young (Normal) (G1 Evacuation Pause) 255M->255M(256M) 19.158ms
[2020-01-29T21:36:43.877+0300][60.412s][debug][gc] GC(2023) Clear Next Bitmap 0.071ms
[2020-01-29T21:36:43.931+0300][60.466s][info ][gc] GC(2023) Pause Full (G1 Evacuation Pause) 255M->86M(256M) 54.136ms
[2020-01-29T21:36:43.931+0300][60.467s][info ][gc] GC(2018) Concurrent Cycle 117.859ms
[2020-01-29T21:36:43.976+0300][60.511s][info ][gc] GC(2024) Pause Young (Normal) (G1 Evacuation Pause) 130M->131M(256M) 26.503ms
[2020-01-29T21:36:43.996+0300][60.531s][info ][gc] GC(2025) Pause Young (Concurrent Start) (G1 Humongous Allocation) 137M->137M(256M) 6.753ms
[2020-01-29T21:36:43.996+0300][60.531s][info ][gc] GC(2026) Concurrent Cycle
[2020-01-29T21:36:44.007+0300][60.542s][debug][gc] GC(2026) Reclaimed 122 empty regions
[2020-01-29T21:36:44.007+0300][60.542s][info ][gc] GC(2026) Pause Remark 180M->60M(256M) 0.603ms
[2020-01-29T21:36:44.031+0300][60.566s][info ][gc] GC(2027) Pause Young (Normal) (G1 Evacuation Pause) 65M->61M(256M) 20.743ms
[2020-01-29T21:36:44.048+0300][60.583s][info ][gc] GC(2026) Pause Cleanup 104M->104M(256M) 0.038ms
[2020-01-29T21:36:44.048+0300][60.583s][info ][gc] GC(2026) Concurrent Cycle 51.447ms
[2020-01-29T21:36:44.096+0300][60.631s][info ][gc] GC(2028) Pause Young (Normal) (G1 Evacuation Pause) 114M->115M(256M) 43.870ms
[2020-01-29T21:36:44.143+0300][60.679s][info ][gc] GC(2029) Pause Young (Concurrent Start) (G1 Humongous Allocation) 149M->150M(256M) 23.466ms
[2020-01-29T21:36:44.143+0300][60.679s][info ][gc] GC(2030) Concurrent Cycle
[2020-01-29T21:36:44.185+0300][60.720s][info ][gc] GC(2031) Pause Young (Normal) (G1 Evacuation Pause) 194M->195M(256M) 19.582ms
[2020-01-29T21:36:44.189+0300][60.725s][debug][gc] GC(2030) Reclaimed 103 empty regions
[2020-01-29T21:36:44.189+0300][60.725s][info ][gc] GC(2030) Pause Remark 205M->102M(256M) 0.606ms
[2020-01-29T21:36:44.199+0300][60.734s][info ][gc] GC(2032) Pause Young (Normal) (G1 Evacuation Pause) 102M->103M(256M) 9.064ms
[2020-01-29T21:36:44.242+0300][60.777s][info ][gc] GC(2033) Pause Young (Normal) (G1 Evacuation Pause) 142M->143M(256M) 26.993ms
[2020-01-29T21:36:44.289+0300][60.824s][info ][gc] GC(2034) Pause Young (Normal) (G1 Evacuation Pause) 169M->170M(256M) 35.583ms
[2020-01-29T21:36:44.345+0300][60.880s][info ][gc] GC(2035) Pause Young (Normal) (G1 Evacuation Pause) 208M->209M(256M) 37.078ms
[2020-01-29T21:36:44.377+0300][60.913s][info ][gc] GC(2036) Pause Young (Normal) (G1 Evacuation Pause) 218M->219M(256M) 29.047ms
[2020-01-29T21:36:44.414+0300][60.950s][info ][gc] GC(2037) Pause Young (Normal) (G1 Evacuation Pause) 229M->230M(256M) 31.102ms
[2020-01-29T21:36:44.452+0300][60.987s][info ][gc] GC(2038) Pause Young (Normal) (G1 Evacuation Pause) 240M->241M(256M) 31.227ms
[2020-01-29T21:36:44.457+0300][60.992s][info ][gc] GC(2030) Pause Cleanup 243M->243M(256M) 0.101ms
[2020-01-29T21:36:44.457+0300][60.992s][info ][gc] GC(2030) Concurrent Cycle 313.459ms
[2020-01-29T21:36:44.499+0300][61.035s][info ][gc] GC(2039) To-space exhausted
[2020-01-29T21:36:44.499+0300][61.035s][info ][gc] GC(2039) Pause Young (Normal) (G1 Evacuation Pause) 251M->254M(256M) 38.348ms
[2020-01-29T21:36:44.508+0300][61.044s][info ][gc] GC(2040) To-space exhausted
[2020-01-29T21:36:44.508+0300][61.044s][info ][gc] GC(2040) Pause Young (Concurrent Start) (G1 Evacuation Pause) 255M->255M(256M) 8.142ms
[2020-01-29T21:36:44.508+0300][61.044s][info ][gc] GC(2042) Concurrent Cycle
[2020-01-29T21:36:44.508+0300][61.044s][debug][gc] GC(2041) Clear Next Bitmap 0.065ms
[2020-01-29T21:36:44.542+0300][61.078s][info ][gc] GC(2041) Pause Full (G1 Evacuation Pause) 255M->64M(256M) 33.779ms
[2020-01-29T21:36:44.542+0300][61.078s][info ][gc] GC(2042) Concurrent Cycle 34.123ms
[2020-01-29T21:36:44.598+0300][61.133s][info ][gc] GC(2043) Pause Young (Normal) (G1 Evacuation Pause) 121M->120M(256M) 32.807ms
[2020-01-29T21:36:44.633+0300][61.168s][info ][gc] GC(2044) Pause Young (Concurrent Start) (G1 Humongous Allocation) 137M->138M(256M) 17.086ms
[2020-01-29T21:36:44.633+0300][61.168s][info ][gc] GC(2045) Concurrent Cycle
[2020-01-29T21:36:44.668+0300][61.202s][info ][gc] GC(2046) Pause Young (Normal) (G1 Evacuation Pause) 186M->187M(256M) 21.601ms
[2020-01-29T21:36:44.673+0300][61.207s][debug][gc] GC(2045) Reclaimed 110 empty regions
[2020-01-29T21:36:44.673+0300][61.207s][info ][gc] GC(2045) Pause Remark 196M->88M(256M) 0.619ms
[2020-01-29T21:36:44.683+0300][61.219s][info ][gc] GC(2047) Pause Young (Normal) (G1 Evacuation Pause) 90M->92M(256M) 10.511ms
[2020-01-29T21:36:44.733+0300][61.269s][info ][gc] GC(2048) Pause Young (Normal) (G1 Evacuation Pause) 134M->135M(256M) 31.753ms
[2020-01-29T21:36:44.786+0300][61.322s][info ][gc] GC(2049) Pause Young (Normal) (G1 Evacuation Pause) 164M->165M(256M) 41.388ms
[2020-01-29T21:36:44.843+0300][61.378s][info ][gc] GC(2050) Pause Young (Normal) (G1 Evacuation Pause) 205M->206M(256M) 34.719ms
[2020-01-29T21:36:44.846+0300][61.381s][info ][gc] GC(2045) Pause Cleanup 208M->208M(256M) 0.046ms
[2020-01-29T21:36:44.846+0300][61.381s][info ][gc] GC(2045) Concurrent Cycle 213.500ms
[2020-01-29T21:36:44.878+0300][61.413s][info ][gc] GC(2051) Pause Young (Normal) (G1 Evacuation Pause) 214M->215M(256M) 29.008ms
[2020-01-29T21:36:44.891+0300][61.426s][info ][gc] GC(2052) Pause Young (Concurrent Start) (G1 Evacuation Pause) 225M->225M(256M) 8.241ms
[2020-01-29T21:36:44.891+0300][61.426s][info ][gc] GC(2053) Concurrent Cycle
[2020-01-29T21:36:44.905+0300][61.440s][info ][gc] GC(2054) Pause Young (Normal) (G1 Evacuation Pause) 235M->237M(256M) 7.856ms
[2020-01-29T21:36:44.922+0300][61.457s][info ][gc] GC(2055) To-space exhausted
[2020-01-29T21:36:44.922+0300][61.457s][info ][gc] GC(2055) Pause Young (Normal) (G1 Evacuation Pause) 247M->249M(256M) 12.809ms
[2020-01-29T21:36:44.941+0300][61.476s][info ][gc] GC(2056) To-space exhausted
[2020-01-29T21:36:44.941+0300][61.476s][info ][gc] GC(2056) Pause Young (Normal) (G1 Evacuation Pause) 255M->255M(256M) 16.412ms
[2020-01-29T21:36:44.941+0300][61.476s][debug][gc] GC(2057) Clear Next Bitmap 0.064ms
[2020-01-29T21:36:44.991+0300][61.526s][info ][gc] GC(2057) Pause Full (G1 Evacuation Pause) 255M->81M(256M) 49.286ms
[2020-01-29T21:36:44.991+0300][61.526s][info ][gc] GC(2053) Concurrent Cycle 100.160ms
[2020-01-29T21:36:45.035+0300][61.570s][info ][gc] GC(2058) Pause Young (Normal) (G1 Evacuation Pause) 127M->127M(256M) 25.941ms
[2020-01-29T21:36:45.059+0300][61.595s][info ][gc] GC(2059) Pause Young (Concurrent Start) (G1 Humongous Allocation) 136M->137M(256M) 10.417ms
[2020-01-29T21:36:45.059+0300][61.595s][info ][gc] GC(2060) Concurrent Cycle
[2020-01-29T21:36:45.071+0300][61.607s][debug][gc] GC(2060) Reclaimed 119 empty regions
[2020-01-29T21:36:45.072+0300][61.607s][info ][gc] GC(2060) Pause Remark 184M->67M(256M) 0.611ms
[2020-01-29T21:36:45.090+0300][61.626s][info ][gc] GC(2061) Pause Young (Normal) (G1 Evacuation Pause) 68M->64M(256M) 18.199ms
[2020-01-29T21:36:45.154+0300][61.689s][info ][gc] GC(2062) Pause Young (Normal) (G1 Evacuation Pause) 116M->117M(256M) 42.447ms
[2020-01-29T21:36:45.156+0300][61.692s][info ][gc] GC(2060) Pause Cleanup 121M->121M(256M) 0.037ms
[2020-01-29T21:36:45.156+0300][61.692s][info ][gc] GC(2060) Concurrent Cycle 96.916ms
[2020-01-29T21:36:45.217+0300][61.753s][info ][gc] GC(2063) Pause Young (Concurrent Start) (G1 Humongous Allocation) 152M->152M(256M) 37.628ms
[2020-01-29T21:36:45.217+0300][61.753s][info ][gc] GC(2064) Concurrent Cycle
[2020-01-29T21:36:45.258+0300][61.793s][info ][gc] GC(2065) Pause Young (Normal) (G1 Evacuation Pause) 196M->197M(256M) 18.183ms
[2020-01-29T21:36:45.263+0300][61.798s][debug][gc] GC(2064) Reclaimed 104 empty regions
[2020-01-29T21:36:45.263+0300][61.798s][info ][gc] GC(2064) Pause Remark 205M->101M(256M) 0.637ms
[2020-01-29T21:36:45.273+0300][61.808s][info ][gc] GC(2066) Pause Young (Normal) (G1 Evacuation Pause) 103M->104M(256M) 9.386ms
[2020-01-29T21:36:45.315+0300][61.850s][info ][gc] GC(2067) Pause Young (Normal) (G1 Evacuation Pause) 143M->144M(256M) 26.606ms
[2020-01-29T21:36:45.358+0300][61.893s][info ][gc] GC(2068) Pause Young (Normal) (G1 Evacuation Pause) 170M->171M(256M) 31.404ms
[2020-01-29T21:36:45.408+0300][61.943s][info ][gc] GC(2069) Pause Young (Normal) (G1 Evacuation Pause) 209M->210M(256M) 30.972ms
[2020-01-29T21:36:45.435+0300][61.971s][info ][gc] GC(2070) Pause Young (Normal) (G1 Evacuation Pause) 219M->220M(256M) 22.919ms
[2020-01-29T21:36:45.465+0300][62.000s][info ][gc] GC(2071) Pause Young (Normal) (G1 Evacuation Pause) 230M->231M(256M) 23.676ms
[2020-01-29T21:36:45.495+0300][62.030s][info ][gc] GC(2072) Pause Young (Normal) (G1 Evacuation Pause) 241M->242M(256M) 24.965ms
[2020-01-29T21:36:45.499+0300][62.035s][info ][gc] GC(2064) Pause Cleanup 250M->250M(256M) 0.060ms
[2020-01-29T21:36:45.499+0300][62.035s][info ][gc] GC(2064) Concurrent Cycle 282.276ms
[2020-01-29T21:36:45.536+0300][62.071s][info ][gc] GC(2073) To-space exhausted
[2020-01-29T21:36:45.536+0300][62.071s][info ][gc] GC(2073) Pause Young (Normal) (G1 Evacuation Pause) 252M->255M(256M) 35.195ms
[2020-01-29T21:36:45.567+0300][62.102s][info ][gc] GC(2074) Pause Full (G1 Evacuation Pause) 255M->63M(256M) 30.741ms
[2020-01-29T21:36:45.617+0300][62.152s][info ][gc] GC(2075) Pause Young (Concurrent Start) (G1 Evacuation Pause) 115M->114M(256M) 28.845ms
[2020-01-29T21:36:45.617+0300][62.152s][info ][gc] GC(2076) Concurrent Cycle
[2020-01-29T21:36:45.675+0300][62.210s][info ][gc] GC(2077) Pause Young (Normal) (G1 Evacuation Pause) 169M->171M(256M) 30.243ms
[2020-01-29T21:36:45.696+0300][62.231s][info ][gc] GC(2078) Pause Young (Normal) (G1 Evacuation Pause) 188M->189M(256M) 13.610ms
[2020-01-29T21:36:45.711+0300][62.246s][info ][gc] GC(2079) Pause Young (Normal) (G1 Evacuation Pause) 200M->201M(256M) 9.841ms
[2020-01-29T21:36:45.724+0300][62.259s][info ][gc] GC(2080) Pause Young (Normal) (G1 Evacuation Pause) 211M->212M(256M) 8.144ms
[2020-01-29T21:36:45.737+0300][62.272s][info ][gc] GC(2081) Pause Young (Normal) (G1 Evacuation Pause) 222M->223M(256M) 9.142ms
[2020-01-29T21:36:45.749+0300][62.284s][info ][gc] GC(2082) Pause Young (Normal) (G1 Evacuation Pause) 233M->233M(256M) 7.439ms
[2020-01-29T21:36:45.764+0300][62.299s][info ][gc] GC(2083) To-space exhausted
[2020-01-29T21:36:45.764+0300][62.299s][info ][gc] GC(2083) Pause Young (Normal) (G1 Evacuation Pause) 243M->245M(256M) 10.248ms
[2020-01-29T21:36:45.790+0300][62.325s][info ][gc] GC(2084) To-space exhausted
[2020-01-29T21:36:45.790+0300][62.325s][info ][gc] GC(2084) Pause Young (Normal) (G1 Evacuation Pause) 254M->254M(256M) 22.254ms
[2020-01-29T21:36:45.790+0300][62.325s][debug][gc] GC(2085) Clear Next Bitmap 0.059ms
[2020-01-29T21:36:45.856+0300][62.391s][info ][gc] GC(2085) Pause Full (G1 Evacuation Pause) 254M->111M(256M) 65.992ms
[2020-01-29T21:36:45.856+0300][62.391s][info ][gc] GC(2076) Concurrent Cycle 239.411ms
[2020-01-29T21:36:45.893+0300][62.428s][info ][gc] GC(2086) Pause Young (Concurrent Start) (G1 Humongous Allocation) 136M->136M(256M) 15.883ms
[2020-01-29T21:36:45.893+0300][62.428s][info ][gc] GC(2087) Concurrent Cycle
[2020-01-29T21:36:45.929+0300][62.464s][info ][gc] GC(2088) Pause Young (Normal) (G1 Evacuation Pause) 185M->187M(256M) 22.770ms
[2020-01-29T21:36:45.934+0300][62.469s][debug][gc] GC(2087) Reclaimed 109 empty regions
[2020-01-29T21:36:45.934+0300][62.469s][info ][gc] GC(2087) Pause Remark 197M->89M(256M) 0.778ms
[2020-01-29T21:36:45.947+0300][62.482s][info ][gc] GC(2089) Pause Young (Normal) (G1 Evacuation Pause) 91M->92M(256M) 11.221ms
[2020-01-29T21:36:46.002+0300][62.537s][info ][gc] GC(2090) Pause Young (Normal) (G1 Evacuation Pause) 136M->137M(256M) 35.633ms
[2020-01-29T21:36:46.054+0300][62.590s][info ][gc] GC(2091) Pause Young (Normal) (G1 Evacuation Pause) 165M->166M(256M) 41.034ms
[2020-01-29T21:36:46.110+0300][62.645s][info ][gc] GC(2092) Pause Young (Normal) (G1 Evacuation Pause) 205M->206M(256M) 34.537ms
[2020-01-29T21:36:46.111+0300][62.646s][info ][gc] GC(2087) Pause Cleanup 208M->208M(256M) 0.047ms
[2020-01-29T21:36:46.112+0300][62.647s][info ][gc] GC(2087) Concurrent Cycle 218.535ms
[2020-01-29T21:36:46.142+0300][62.677s][info ][gc] GC(2093) Pause Young (Normal) (G1 Evacuation Pause) 215M->215M(256M) 26.849ms
[2020-01-29T21:36:46.154+0300][62.689s][info ][gc] GC(2094) Pause Young (Concurrent Start) (G1 Evacuation Pause) 225M->227M(256M) 8.063ms
[2020-01-29T21:36:46.154+0300][62.689s][info ][gc] GC(2095) Concurrent Cycle
[2020-01-29T21:36:46.168+0300][62.702s][info ][gc] GC(2096) Pause Young (Normal) (G1 Evacuation Pause) 237M->238M(256M) 6.899ms
[2020-01-29T21:36:46.186+0300][62.722s][info ][gc] GC(2097) To-space exhausted
[2020-01-29T21:36:46.186+0300][62.722s][info ][gc] GC(2097) Pause Young (Normal) (G1 Evacuation Pause) 248M->251M(256M) 14.297ms
[2020-01-29T21:36:46.201+0300][62.737s][info ][gc] GC(2098) To-space exhausted
[2020-01-29T21:36:46.201+0300][62.737s][info ][gc] GC(2098) Pause Young (Normal) (G1 Evacuation Pause) 255M->255M(256M) 12.965ms
[2020-01-29T21:36:46.201+0300][62.737s][debug][gc] GC(2099) Clear Next Bitmap 0.057ms
[2020-01-29T21:36:46.246+0300][62.782s][info ][gc] GC(2099) Pause Full (G1 Evacuation Pause) 255M->82M(256M) 45.099ms
[2020-01-29T21:36:46.247+0300][62.783s][info ][gc] GC(2095) Concurrent Cycle 93.519ms
[2020-01-29T21:36:46.292+0300][62.828s][info ][gc] GC(2100) Pause Young (Normal) (G1 Evacuation Pause) 128M->128M(256M) 26.869ms
[2020-01-29T21:36:46.315+0300][62.850s][info ][gc] GC(2101) Pause Young (Concurrent Start) (G1 Humongous Allocation) 137M->137M(256M) 8.296ms
[2020-01-29T21:36:46.315+0300][62.850s][info ][gc] GC(2102) Concurrent Cycle
[2020-01-29T21:36:46.328+0300][62.863s][debug][gc] GC(2102) Reclaimed 119 empty regions
[2020-01-29T21:36:46.328+0300][62.863s][info ][gc] GC(2102) Pause Remark 184M->67M(256M) 0.634ms
[2020-01-29T21:36:46.347+0300][62.882s][info ][gc] GC(2103) Pause Young (Normal) (G1 Evacuation Pause) 68M->64M(256M) 18.800ms
[2020-01-29T21:36:46.415+0300][62.951s][info ][gc] GC(2104) Pause Young (Normal) (G1 Evacuation Pause) 116M->117M(256M) 46.648ms
[2020-01-29T21:36:46.417+0300][62.952s][info ][gc] GC(2102) Pause Cleanup 120M->120M(256M) 0.039ms
[2020-01-29T21:36:46.417+0300][62.952s][info ][gc] GC(2102) Concurrent Cycle 101.758ms
[2020-01-29T21:36:46.481+0300][63.016s][info ][gc] GC(2105) Pause Young (Concurrent Start) (G1 Humongous Allocation) 152M->152M(256M) 40.854ms
[2020-01-29T21:36:46.481+0300][63.017s][info ][gc] GC(2106) Concurrent Cycle
[2020-01-29T21:36:46.522+0300][63.058s][info ][gc] GC(2107) Pause Young (Normal) (G1 Evacuation Pause) 196M->197M(256M) 18.413ms
[2020-01-29T21:36:46.527+0300][63.062s][debug][gc] GC(2106) Reclaimed 104 empty regions
[2020-01-29T21:36:46.527+0300][63.062s][info ][gc] GC(2106) Pause Remark 206M->102M(256M) 0.609ms
[2020-01-29T21:36:46.537+0300][63.072s][info ][gc] GC(2108) Pause Young (Normal) (G1 Evacuation Pause) 103M->104M(256M) 9.238ms
[2020-01-29T21:36:46.579+0300][63.115s][info ][gc] GC(2109) Pause Young (Normal) (G1 Evacuation Pause) 143M->144M(256M) 27.020ms
[2020-01-29T21:36:46.623+0300][63.158s][info ][gc] GC(2110) Pause Young (Normal) (G1 Evacuation Pause) 170M->171M(256M) 32.953ms
[2020-01-29T21:36:46.679+0300][63.214s][info ][gc] GC(2111) Pause Young (Normal) (G1 Evacuation Pause) 209M->209M(256M) 36.303ms
[2020-01-29T21:36:46.711+0300][63.246s][info ][gc] GC(2112) Pause Young (Normal) (G1 Evacuation Pause) 218M->219M(256M) 27.303ms
[2020-01-29T21:36:46.743+0300][63.277s][info ][gc] GC(2113) Pause Young (Normal) (G1 Evacuation Pause) 229M->230M(256M) 26.103ms
[2020-01-29T21:36:46.775+0300][63.311s][info ][gc] GC(2114) Pause Young (Normal) (G1 Evacuation Pause) 240M->241M(256M) 28.535ms
[2020-01-29T21:36:46.818+0300][63.354s][info ][gc] GC(2115) To-space exhausted
[2020-01-29T21:36:46.818+0300][63.354s][info ][gc] GC(2115) Pause Young (Normal) (G1 Evacuation Pause) 251M->255M(256M) 38.198ms
[2020-01-29T21:36:46.819+0300][63.354s][debug][gc] GC(2116) Clear Next Bitmap 0.059ms
[2020-01-29T21:36:46.852+0300][63.388s][info ][gc] GC(2116) Pause Full (G1 Evacuation Pause) 255M->62M(256M) 33.389ms
[2020-01-29T21:36:46.852+0300][63.388s][info ][gc] GC(2106) Concurrent Cycle 371.277ms
[2020-01-29T21:36:46.903+0300][63.439s][info ][gc] GC(2117) Pause Young (Normal) (G1 Evacuation Pause) 114M->114M(256M) 30.568ms
[2020-01-29T21:36:46.940+0300][63.475s][info ][gc] GC(2118) Pause Young (Concurrent Start) (G1 Humongous Allocation) 137M->138M(256M) 17.208ms
[2020-01-29T21:36:46.940+0300][63.475s][info ][gc] GC(2119) Concurrent Cycle
[2020-01-29T21:36:46.977+0300][63.513s][info ][gc] GC(2120) Pause Young (Normal) (G1 Evacuation Pause) 186M->186M(256M) 21.750ms
[2020-01-29T21:36:46.982+0300][63.517s][debug][gc] GC(2119) Reclaimed 105 empty regions
[2020-01-29T21:36:46.982+0300][63.517s][info ][gc] GC(2119) Pause Remark 195M->91M(256M) 0.745ms
[2020-01-29T21:36:46.995+0300][63.530s][info ][gc] GC(2121) Pause Young (Normal) (G1 Evacuation Pause) 95M->96M(256M) 11.456ms
[2020-01-29T21:36:47.047+0300][63.582s][info ][gc] GC(2122) Pause Young (Normal) (G1 Evacuation Pause) 137M->137M(256M) 31.968ms
[2020-01-29T21:36:47.097+0300][63.632s][info ][gc] GC(2123) Pause Young (Normal) (G1 Evacuation Pause) 165M->166M(256M) 38.544ms
[2020-01-29T21:36:47.152+0300][63.687s][info ][gc] GC(2124) Pause Young (Normal) (G1 Evacuation Pause) 205M->206M(256M) 32.080ms
[2020-01-29T21:36:47.155+0300][63.690s][info ][gc] GC(2119) Pause Cleanup 211M->211M(256M) 0.043ms
[2020-01-29T21:36:47.155+0300][63.690s][info ][gc] GC(2119) Concurrent Cycle 215.277ms
[2020-01-29T21:36:47.182+0300][63.717s][info ][gc] GC(2125) Pause Young (Normal) (G1 Evacuation Pause) 215M->216M(256M) 25.138ms
[2020-01-29T21:36:47.193+0300][63.729s][info ][gc] GC(2126) Pause Young (Concurrent Start) (G1 Evacuation Pause) 226M->227M(256M) 6.880ms
[2020-01-29T21:36:47.193+0300][63.729s][info ][gc] GC(2127) Concurrent Cycle
[2020-01-29T21:36:47.207+0300][63.743s][info ][gc] GC(2128) Pause Young (Normal) (G1 Evacuation Pause) 237M->237M(256M) 7.937ms
[2020-01-29T21:36:47.225+0300][63.761s][info ][gc] GC(2129) To-space exhausted
[2020-01-29T21:36:47.225+0300][63.761s][info ][gc] GC(2129) Pause Young (Normal) (G1 Evacuation Pause) 247M->250M(256M) 13.550ms
[2020-01-29T21:36:47.242+0300][63.777s][info ][gc] GC(2130) To-space exhausted
[2020-01-29T21:36:47.242+0300][63.777s][info ][gc] GC(2130) Pause Young (Normal) (G1 Evacuation Pause) 255M->255M(256M) 14.537ms
[2020-01-29T21:36:47.242+0300][63.778s][debug][gc] GC(2131) Clear Next Bitmap 0.067ms
[2020-01-29T21:36:47.286+0300][63.822s][info ][gc] GC(2131) Pause Full (G1 Evacuation Pause) 255M->79M(256M) 44.278ms
[2020-01-29T21:36:47.287+0300][63.822s][info ][gc] GC(2127) Concurrent Cycle 93.419ms
[2020-01-29T21:36:47.332+0300][63.867s][info ][gc] GC(2132) Pause Young (Normal) (G1 Evacuation Pause) 126M->126M(256M) 26.602ms
[2020-01-29T21:36:47.358+0300][63.893s][info ][gc] GC(2133) Pause Young (Concurrent Start) (G1 Humongous Allocation) 137M->137M(256M) 10.625ms
[2020-01-29T21:36:47.358+0300][63.893s][info ][gc] GC(2134) Concurrent Cycle
[2020-01-29T21:36:47.393+0300][63.928s][info ][gc] GC(2135) Pause Young (Normal) (G1 Evacuation Pause) 185M->186M(256M) 22.599ms
[2020-01-29T21:36:47.395+0300][63.930s][debug][gc] GC(2134) Reclaimed 117 empty regions
[2020-01-29T21:36:47.395+0300][63.930s][info ][gc] GC(2134) Pause Remark 186M->70M(256M) 0.643ms
[2020-01-29T21:36:47.411+0300][63.946s][info ][gc] GC(2136) Pause Young (Normal) (G1 Evacuation Pause) 82M->83M(256M) 11.320ms
[2020-01-29T21:36:47.466+0300][64.001s][info ][gc] GC(2137) Pause Young (Normal) (G1 Evacuation Pause) 128M->129M(256M) 36.472ms
[2020-01-29T21:36:47.490+0300][64.025s][info ][gc] GC(2134) Pause Cleanup 179M->179M(256M) 0.055ms
[2020-01-29T21:36:47.490+0300][64.025s][info ][gc] GC(2134) Concurrent Cycle 131.589ms
[2020-01-29T21:36:47.533+0300][64.068s][info ][gc] GC(2138) Pause Young (Normal) (G1 Evacuation Pause) 180M->180M(256M) 42.639ms
[2020-01-29T21:36:47.554+0300][64.090s][info ][gc] GC(2139) Pause Young (Concurrent Start) (G1 Evacuation Pause) 195M->196M(256M) 13.641ms
[2020-01-29T21:36:47.555+0300][64.090s][info ][gc] GC(2140) Concurrent Cycle
[2020-01-29T21:36:47.573+0300][64.109s][info ][gc] GC(2141) Pause Young (Normal) (G1 Evacuation Pause) 206M->207M(256M) 8.023ms
[2020-01-29T21:36:47.586+0300][64.121s][info ][gc] GC(2142) Pause Young (Normal) (G1 Evacuation Pause) 217M->218M(256M) 7.822ms
[2020-01-29T21:36:47.598+0300][64.133s][info ][gc] GC(2143) Pause Young (Normal) (G1 Evacuation Pause) 228M->229M(256M) 7.974ms
[2020-01-29T21:36:47.610+0300][64.145s][info ][gc] GC(2144) Pause Young (Normal) (G1 Evacuation Pause) 239M->239M(256M) 7.667ms
[2020-01-29T21:36:47.630+0300][64.164s][info ][gc] GC(2145) To-space exhausted
[2020-01-29T21:36:47.630+0300][64.164s][info ][gc] GC(2145) Pause Young (Normal) (G1 Evacuation Pause) 249M->251M(256M) 15.302ms
[2020-01-29T21:36:47.645+0300][64.180s][info ][gc] GC(2146) To-space exhausted
[2020-01-29T21:36:47.645+0300][64.180s][info ][gc] GC(2146) Pause Young (Normal) (G1 Evacuation Pause) 255M->255M(256M) 13.429ms
[2020-01-29T21:36:47.645+0300][64.180s][debug][gc] GC(2147) Clear Next Bitmap 0.069ms
[2020-01-29T21:36:47.695+0300][64.231s][info ][gc] GC(2147) Pause Full (G1 Evacuation Pause) 255M->92M(256M) 51.251ms
[2020-01-29T21:36:47.696+0300][64.231s][info ][gc] GC(2140) Concurrent Cycle 141.100ms
[2020-01-29T21:36:47.738+0300][64.273s][info ][gc] GC(2148) Pause Young (Normal) (G1 Evacuation Pause) 135M->135M(256M) 24.134ms
[2020-01-29T21:36:47.755+0300][64.291s][info ][gc] GC(2149) Pause Young (Concurrent Start) (G1 Humongous Allocation) 137M->138M(256M) 5.604ms
[2020-01-29T21:36:47.755+0300][64.291s][info ][gc] GC(2150) Concurrent Cycle
[2020-01-29T21:36:47.764+0300][64.300s][debug][gc] GC(2150) Reclaimed 124 empty regions
[2020-01-29T21:36:47.764+0300][64.300s][info ][gc] GC(2150) Pause Remark 176M->54M(256M) 0.612ms
[2020-01-29T21:36:47.787+0300][64.323s][info ][gc] GC(2151) Pause Young (Normal) (G1 Evacuation Pause) 64M->63M(256M) 18.067ms
[2020-01-29T21:36:47.799+0300][64.335s][info ][gc] GC(2150) Pause Cleanup 93M->93M(256M) 0.040ms
[2020-01-29T21:36:47.800+0300][64.335s][info ][gc] GC(2150) Concurrent Cycle 44.234ms
[2020-01-29T21:36:47.848+0300][64.383s][info ][gc] GC(2152) Pause Young (Normal) (G1 Evacuation Pause) 115M->116M(256M) 39.134ms
[2020-01-29T21:36:47.897+0300][64.432s][info ][gc] GC(2153) Pause Young (Concurrent Start) (G1 Humongous Allocation) 151M->151M(256M) 25.175ms
[2020-01-29T21:36:47.897+0300][64.432s][info ][gc] GC(2154) Concurrent Cycle
[2020-01-29T21:36:47.937+0300][64.472s][info ][gc] GC(2155) Pause Young (Normal) (G1 Evacuation Pause) 195M->196M(256M) 18.276ms
[2020-01-29T21:36:47.942+0300][64.477s][debug][gc] GC(2154) Reclaimed 100 empty regions
[2020-01-29T21:36:47.942+0300][64.477s][info ][gc] GC(2154) Pause Remark 205M->105M(256M) 0.599ms
[2020-01-29T21:36:47.952+0300][64.487s][info ][gc] GC(2156) Pause Young (Normal) (G1 Evacuation Pause) 106M->106M(256M) 9.349ms
[2020-01-29T21:36:47.994+0300][64.529s][info ][gc] GC(2157) Pause Young (Normal) (G1 Evacuation Pause) 144M->145M(256M) 27.027ms
[2020-01-29T21:36:48.041+0300][64.576s][info ][gc] GC(2158) Pause Young (Normal) (G1 Evacuation Pause) 171M->171M(256M) 35.877ms
[2020-01-29T21:36:48.094+0300][64.630s][info ][gc] GC(2159) Pause Young (Normal) (G1 Evacuation Pause) 209M->210M(256M) 31.991ms
[2020-01-29T21:36:48.123+0300][64.658s][info ][gc] GC(2160) Pause Young (Normal) (G1 Evacuation Pause) 219M->220M(256M) 24.203ms
[2020-01-29T21:36:48.152+0300][64.687s][info ][gc] GC(2161) Pause Young (Normal) (G1 Evacuation Pause) 230M->231M(256M) 24.981ms
[2020-01-29T21:36:48.183+0300][64.718s][info ][gc] GC(2162) Pause Young (Normal) (G1 Evacuation Pause) 241M->242M(256M) 26.348ms
[2020-01-29T21:36:48.187+0300][64.722s][info ][gc] GC(2154) Pause Cleanup 250M->250M(256M) 0.054ms
[2020-01-29T21:36:48.187+0300][64.723s][info ][gc] GC(2154) Concurrent Cycle 290.671ms
[2020-01-29T21:36:48.223+0300][64.758s][info ][gc] GC(2163) To-space exhausted
[2020-01-29T21:36:48.223+0300][64.758s][info ][gc] GC(2163) Pause Young (Normal) (G1 Evacuation Pause) 252M->255M(256M) 34.957ms
[2020-01-29T21:36:48.257+0300][64.792s][info ][gc] GC(2164) Pause Full (G1 Evacuation Pause) 255M->62M(256M) 34.111ms
[2020-01-29T21:36:48.306+0300][64.842s][info ][gc] GC(2165) Pause Young (Concurrent Start) (G1 Evacuation Pause) 114M->114M(256M) 28.676ms
[2020-01-29T21:36:48.306+0300][64.842s][info ][gc] GC(2166) Concurrent Cycle
[2020-01-29T21:36:48.358+0300][64.894s][info ][gc] GC(2167) Pause Young (Normal) (G1 Evacuation Pause) 169M->170M(256M) 25.130ms
[2020-01-29T21:36:48.380+0300][64.915s][info ][gc] GC(2168) Pause Young (Normal) (G1 Evacuation Pause) 188M->189M(256M) 13.216ms
[2020-01-29T21:36:48.393+0300][64.928s][info ][gc] GC(2169) Pause Young (Normal) (G1 Evacuation Pause) 201M->202M(256M) 8.125ms
[2020-01-29T21:36:48.405+0300][64.940s][info ][gc] GC(2170) Pause Young (Normal) (G1 Evacuation Pause) 212M->213M(256M) 7.636ms
[2020-01-29T21:36:48.417+0300][64.952s][info ][gc] GC(2171) Pause Young (Normal) (G1 Evacuation Pause) 223M->224M(256M) 7.705ms
[2020-01-29T21:36:48.429+0300][64.964s][info ][gc] GC(2172) Pause Young (Normal) (G1 Evacuation Pause) 234M->234M(256M) 7.821ms
[2020-01-29T21:36:48.444+0300][64.980s][info ][gc] GC(2173) To-space exhausted
[2020-01-29T21:36:48.444+0300][64.980s][info ][gc] GC(2173) Pause Young (Normal) (G1 Evacuation Pause) 244M->247M(256M) 11.367ms
[2020-01-29T21:36:48.465+0300][65.000s][info ][gc] GC(2174) To-space exhausted
[2020-01-29T21:36:48.465+0300][65.000s][info ][gc] GC(2174) Pause Young (Normal) (G1 Evacuation Pause) 254M->254M(256M) 17.751ms
[2020-01-29T21:36:48.465+0300][65.001s][debug][gc] GC(2175) Clear Next Bitmap 0.063ms
[2020-01-29T21:36:48.529+0300][65.065s][info ][gc] GC(2175) Pause Full (G1 Evacuation Pause) 254M->110M(256M) 64.320ms
[2020-01-29T21:36:48.530+0300][65.065s][info ][gc] GC(2166) Concurrent Cycle 223.496ms
[2020-01-29T21:36:48.566+0300][65.101s][info ][gc] GC(2176) Pause Young (Concurrent Start) (G1 Humongous Allocation) 137M->136M(256M) 15.051ms
[2020-01-29T21:36:48.566+0300][65.101s][info ][gc] GC(2177) Concurrent Cycle
[2020-01-29T21:36:48.600+0300][65.136s][info ][gc] GC(2178) Pause Young (Normal) (G1 Evacuation Pause) 185M->186M(256M) 20.333ms
[2020-01-29T21:36:48.605+0300][65.140s][debug][gc] GC(2177) Reclaimed 110 empty regions
[2020-01-29T21:36:48.605+0300][65.140s][info ][gc] GC(2177) Pause Remark 196M->88M(256M) 0.605ms
[2020-01-29T21:36:48.617+0300][65.152s][info ][gc] GC(2179) Pause Young (Normal) (G1 Evacuation Pause) 90M->91M(256M) 9.797ms
[2020-01-29T21:36:48.669+0300][65.204s][info ][gc] GC(2180) Pause Young (Normal) (G1 Evacuation Pause) 135M->135M(256M) 31.875ms
[2020-01-29T21:36:48.722+0300][65.257s][info ][gc] GC(2181) Pause Young (Normal) (G1 Evacuation Pause) 164M->165M(256M) 38.837ms
[2020-01-29T21:36:48.739+0300][65.274s][info ][gc] GC(2177) Pause Cleanup 197M->197M(256M) 0.036ms
[2020-01-29T21:36:48.739+0300][65.274s][info ][gc] GC(2177) Concurrent Cycle 173.042ms
[2020-01-29T21:36:48.775+0300][65.310s][info ][gc] GC(2182) Pause Young (Normal) (G1 Evacuation Pause) 205M->206M(256M) 32.984ms
[2020-01-29T21:36:48.787+0300][65.321s][info ][gc] GC(2183) Pause Young (Concurrent Start) (G1 Evacuation Pause) 214M->216M(256M) 7.968ms
[2020-01-29T21:36:48.787+0300][65.322s][info ][gc] GC(2184) Concurrent Cycle
[2020-01-29T21:36:48.801+0300][65.336s][info ][gc] GC(2185) Pause Young (Normal) (G1 Evacuation Pause) 226M->227M(256M) 7.795ms
[2020-01-29T21:36:48.813+0300][65.348s][info ][gc] GC(2186) Pause Young (Normal) (G1 Evacuation Pause) 237M->238M(256M) 8.061ms
[2020-01-29T21:36:48.831+0300][65.366s][info ][gc] GC(2187) To-space exhausted
[2020-01-29T21:36:48.831+0300][65.366s][info ][gc] GC(2187) Pause Young (Normal) (G1 Evacuation Pause) 248M->251M(256M) 13.969ms
[2020-01-29T21:36:48.845+0300][65.381s][info ][gc] GC(2188) To-space exhausted
[2020-01-29T21:36:48.845+0300][65.381s][info ][gc] GC(2188) Pause Young (Normal) (G1 Evacuation Pause) 255M->255M(256M) 12.984ms
[2020-01-29T21:36:48.846+0300][65.381s][debug][gc] GC(2189) Clear Next Bitmap 0.078ms
[2020-01-29T21:36:48.891+0300][65.427s][info ][gc] GC(2189) Pause Full (G1 Evacuation Pause) 255M->82M(256M) 45.504ms
[2020-01-29T21:36:48.891+0300][65.427s][info ][gc] GC(2184) Concurrent Cycle 105.376ms
[2020-01-29T21:36:48.936+0300][65.471s][info ][gc] GC(2190) Pause Young (Normal) (G1 Evacuation Pause) 128M->129M(256M) 25.982ms
[2020-01-29T21:36:48.961+0300][65.496s][info ][gc] GC(2191) Pause Young (Concurrent Start) (G1 Humongous Allocation) 137M->137M(256M) 11.524ms
[2020-01-29T21:36:48.961+0300][65.497s][info ][gc] GC(2192) Concurrent Cycle
[2020-01-29T21:36:48.973+0300][65.508s][debug][gc] GC(2192) Reclaimed 120 empty regions
[2020-01-29T21:36:48.973+0300][65.508s][info ][gc] GC(2192) Pause Remark 182M->64M(256M) 0.681ms
[2020-01-29T21:36:48.993+0300][65.528s][info ][gc] GC(2193) Pause Young (Normal) (G1 Evacuation Pause) 67M->64M(256M) 18.326ms
[2020-01-29T21:36:49.013+0300][65.549s][info ][gc] GC(2192) Pause Cleanup 114M->114M(256M) 0.036ms
[2020-01-29T21:36:49.014+0300][65.549s][info ][gc] GC(2192) Concurrent Cycle 52.209ms
[2020-01-29T21:36:49.058+0300][65.593s][info ][gc] GC(2194) Pause Young (Normal) (G1 Evacuation Pause) 116M->117M(256M) 43.592ms
[2020-01-29T21:36:49.108+0300][65.642s][info ][gc] GC(2195) Pause Young (Concurrent Start) (G1 Humongous Allocation) 152M->152M(256M) 24.861ms
[2020-01-29T21:36:49.108+0300][65.643s][info ][gc] GC(2196) Concurrent Cycle
[2020-01-29T21:36:49.149+0300][65.684s][info ][gc] GC(2197) Pause Young (Normal) (G1 Evacuation Pause) 196M->197M(256M) 19.069ms
[2020-01-29T21:36:49.154+0300][65.689s][debug][gc] GC(2196) Reclaimed 104 empty regions
[2020-01-29T21:36:49.154+0300][65.689s][info ][gc] GC(2196) Pause Remark 206M->102M(256M) 0.654ms
[2020-01-29T21:36:49.163+0300][65.698s][info ][gc] GC(2198) Pause Young (Normal) (G1 Evacuation Pause) 103M->104M(256M) 8.743ms
[2020-01-29T21:36:49.206+0300][65.742s][info ][gc] GC(2199) Pause Young (Normal) (G1 Evacuation Pause) 143M->144M(256M) 27.877ms
[2020-01-29T21:36:49.250+0300][65.786s][info ][gc] GC(2200) Pause Young (Normal) (G1 Evacuation Pause) 170M->171M(256M) 32.931ms
[2020-01-29T21:36:49.307+0300][65.842s][info ][gc] GC(2201) Pause Young (Normal) (G1 Evacuation Pause) 209M->210M(256M) 36.260ms
[2020-01-29T21:36:49.341+0300][65.876s][info ][gc] GC(2202) Pause Young (Normal) (G1 Evacuation Pause) 219M->220M(256M) 29.526ms
[2020-01-29T21:36:49.377+0300][65.912s][info ][gc] GC(2203) Pause Young (Normal) (G1 Evacuation Pause) 230M->230M(256M) 31.022ms
[2020-01-29T21:36:49.415+0300][65.950s][info ][gc] GC(2204) Pause Young (Normal) (G1 Evacuation Pause) 240M->241M(256M) 32.091ms
[2020-01-29T21:36:49.419+0300][65.954s][info ][gc] GC(2196) Pause Cleanup 247M->247M(256M) 0.046ms
[2020-01-29T21:36:49.420+0300][65.955s][info ][gc] GC(2196) Concurrent Cycle 312.260ms
[2020-01-29T21:36:49.459+0300][65.994s][info ][gc] GC(2205) To-space exhausted
[2020-01-29T21:36:49.459+0300][65.994s][info ][gc] GC(2205) Pause Young (Normal) (G1 Evacuation Pause) 251M->255M(256M) 36.700ms
[2020-01-29T21:36:49.492+0300][66.027s][info ][gc] GC(2206) Pause Full (G1 Evacuation Pause) 255M->63M(256M) 32.969ms
[2020-01-29T21:36:49.543+0300][66.078s][info ][gc] GC(2207) Pause Young (Concurrent Start) (G1 Evacuation Pause) 115M->115M(256M) 30.217ms
[2020-01-29T21:36:49.544+0300][66.078s][info ][gc] GC(2208) Concurrent Cycle
[2020-01-29T21:36:49.597+0300][66.133s][info ][gc] GC(2209) Pause Young (Normal) (G1 Evacuation Pause) 170M->171M(256M) 25.513ms
[2020-01-29T21:36:49.620+0300][66.155s][info ][gc] GC(2210) Pause Young (Normal) (G1 Evacuation Pause) 188M->189M(256M) 13.952ms
[2020-01-29T21:36:49.633+0300][66.169s][info ][gc] GC(2211) Pause Young (Normal) (G1 Evacuation Pause) 201M->202M(256M) 8.439ms
[2020-01-29T21:36:49.646+0300][66.181s][info ][gc] GC(2212) Pause Young (Normal) (G1 Evacuation Pause) 212M->212M(256M) 7.598ms
[2020-01-29T21:36:49.662+0300][66.198s][info ][gc] GC(2213) Pause Young (Normal) (G1 Evacuation Pause) 222M->223M(256M) 11.184ms
[2020-01-29T21:36:49.683+0300][66.218s][info ][gc] GC(2214) Pause Young (Normal) (G1 Evacuation Pause) 233M->234M(256M) 10.667ms
[2020-01-29T21:36:49.706+0300][66.242s][info ][gc] GC(2215) To-space exhausted
[2020-01-29T21:36:49.706+0300][66.242s][info ][gc] GC(2215) Pause Young (Normal) (G1 Evacuation Pause) 244M->246M(256M) 12.630ms
[2020-01-29T21:36:49.733+0300][66.268s][info ][gc] GC(2216) To-space exhausted
[2020-01-29T21:36:49.733+0300][66.268s][info ][gc] GC(2216) Pause Young (Normal) (G1 Evacuation Pause) 254M->254M(256M) 21.663ms
[2020-01-29T21:36:49.733+0300][66.268s][debug][gc] GC(2217) Clear Next Bitmap 0.073ms
[2020-01-29T21:36:49.808+0300][66.343s][info ][gc] GC(2217) Pause Full (G1 Evacuation Pause) 254M->111M(256M) 74.816ms
[2020-01-29T21:36:49.808+0300][66.343s][info ][gc] GC(2208) Concurrent Cycle 264.948ms
[2020-01-29T21:36:49.844+0300][66.379s][info ][gc] GC(2218) Pause Young (Concurrent Start) (G1 Humongous Allocation) 136M->136M(256M) 14.781ms
[2020-01-29T21:36:49.844+0300][66.379s][info ][gc] GC(2219) Concurrent Cycle
[2020-01-29T21:36:49.883+0300][66.417s][info ][gc] GC(2220) Pause Young (Normal) (G1 Evacuation Pause) 184M->185M(256M) 24.236ms
[2020-01-29T21:36:49.887+0300][66.422s][debug][gc] GC(2219) Reclaimed 104 empty regions
[2020-01-29T21:36:49.887+0300][66.422s][info ][gc] GC(2219) Pause Remark 195M->93M(256M) 0.608ms
[2020-01-29T21:36:49.900+0300][66.435s][info ][gc] GC(2221) Pause Young (Normal) (G1 Evacuation Pause) 96M->98M(256M) 11.652ms
[2020-01-29T21:36:49.949+0300][66.484s][info ][gc] GC(2222) Pause Young (Normal) (G1 Evacuation Pause) 140M->140M(256M) 31.540ms
[2020-01-29T21:36:49.996+0300][66.532s][info ][gc] GC(2223) Pause Young (Normal) (G1 Evacuation Pause) 167M->168M(256M) 36.258ms
[2020-01-29T21:36:50.050+0300][66.585s][info ][gc] GC(2224) Pause Young (Normal) (G1 Evacuation Pause) 207M->208M(256M) 34.102ms
[2020-01-29T21:36:50.053+0300][66.588s][info ][gc] GC(2219) Pause Cleanup 211M->211M(256M) 0.045ms
[2020-01-29T21:36:50.053+0300][66.588s][info ][gc] GC(2219) Concurrent Cycle 209.011ms
[2020-01-29T21:36:50.079+0300][66.615s][info ][gc] GC(2225) Pause Young (Normal) (G1 Evacuation Pause) 217M->218M(256M) 23.927ms
[2020-01-29T21:36:50.093+0300][66.627s][info ][gc] GC(2226) Pause Young (Concurrent Start) (G1 Evacuation Pause) 228M->229M(256M) 8.019ms
[2020-01-29T21:36:50.093+0300][66.628s][info ][gc] GC(2227) Concurrent Cycle
[2020-01-29T21:36:50.107+0300][66.641s][info ][gc] GC(2228) Pause Young (Normal) (G1 Evacuation Pause) 239M->241M(256M) 7.572ms
[2020-01-29T21:36:50.128+0300][66.663s][info ][gc] GC(2229) To-space exhausted
[2020-01-29T21:36:50.128+0300][66.663s][info ][gc] GC(2229) Pause Young (Normal) (G1 Evacuation Pause) 251M->254M(256M) 17.414ms
[2020-01-29T21:36:50.136+0300][66.672s][info ][gc] GC(2230) To-space exhausted
[2020-01-29T21:36:50.137+0300][66.672s][info ][gc] GC(2230) Pause Young (Normal) (G1 Evacuation Pause) 255M->255M(256M) 8.700ms
[2020-01-29T21:36:50.137+0300][66.672s][debug][gc] GC(2231) Clear Next Bitmap 0.070ms
[2020-01-29T21:36:50.177+0300][66.712s][info ][gc] GC(2231) Pause Full (G1 Evacuation Pause) 255M->75M(256M) 39.902ms
[2020-01-29T21:36:50.177+0300][66.713s][info ][gc] GC(2227) Concurrent Cycle 85.021ms
[2020-01-29T21:36:50.222+0300][66.757s][info ][gc] GC(2232) Pause Young (Normal) (G1 Evacuation Pause) 122M->122M(256M) 26.144ms
[2020-01-29T21:36:50.250+0300][66.785s][info ][gc] GC(2233) Pause Young (Concurrent Start) (G1 Humongous Allocation) 136M->137M(256M) 11.742ms
[2020-01-29T21:36:50.250+0300][66.785s][info ][gc] GC(2234) Concurrent Cycle
[2020-01-29T21:36:50.282+0300][66.817s][info ][gc] GC(2235) Pause Young (Normal) (G1 Evacuation Pause) 184M->185M(256M) 19.762ms
[2020-01-29T21:36:50.286+0300][66.821s][debug][gc] GC(2234) Reclaimed 115 empty regions
[2020-01-29T21:36:50.286+0300][66.821s][info ][gc] GC(2234) Pause Remark 191M->79M(256M) 0.684ms
[2020-01-29T21:36:50.298+0300][66.833s][info ][gc] GC(2236) Pause Young (Normal) (G1 Evacuation Pause) 85M->86M(256M) 9.569ms
[2020-01-29T21:36:50.346+0300][66.882s][info ][gc] GC(2237) Pause Young (Normal) (G1 Evacuation Pause) 130M->130M(256M) 30.904ms
[2020-01-29T21:36:50.396+0300][66.931s][info ][gc] GC(2238) Pause Young (Normal) (G1 Evacuation Pause) 160M->161M(256M) 36.954ms
[2020-01-29T21:36:50.413+0300][66.948s][info ][gc] GC(2234) Pause Cleanup 194M->194M(256M) 0.040ms
[2020-01-29T21:36:50.413+0300][66.948s][info ][gc] GC(2234) Concurrent Cycle 162.983ms
[2020-01-29T21:36:50.447+0300][66.982s][info ][gc] GC(2239) Pause Young (Normal) (G1 Evacuation Pause) 202M->202M(256M) 30.499ms
[2020-01-29T21:36:50.458+0300][66.993s][info ][gc] GC(2240) Pause Young (Concurrent Start) (G1 Evacuation Pause) 210M->211M(256M) 7.386ms
[2020-01-29T21:36:50.458+0300][66.993s][info ][gc] GC(2241) Concurrent Cycle
[2020-01-29T21:36:50.471+0300][67.006s][info ][gc] GC(2242) Pause Young (Normal) (G1 Evacuation Pause) 221M->222M(256M) 7.073ms
[2020-01-29T21:36:50.483+0300][67.018s][info ][gc] GC(2243) Pause Young (Normal) (G1 Evacuation Pause) 232M->232M(256M) 7.791ms
[2020-01-29T21:36:50.496+0300][67.030s][info ][gc] GC(2244) Pause Young (Normal) (G1 Evacuation Pause) 242M->243M(256M) 8.285ms
[2020-01-29T21:36:50.520+0300][67.055s][info ][gc] GC(2245) To-space exhausted
[2020-01-29T21:36:50.520+0300][67.055s][info ][gc] GC(2245) Pause Young (Normal) (G1 Evacuation Pause) 253M->255M(256M) 20.674ms
[2020-01-29T21:36:50.520+0300][67.056s][debug][gc] GC(2246) Clear Next Bitmap 0.070ms
[2020-01-29T21:36:50.570+0300][67.106s][info ][gc] GC(2246) Pause Full (G1 Evacuation Pause) 255M->88M(256M) 50.575ms
[2020-01-29T21:36:50.571+0300][67.106s][info ][gc] GC(2241) Concurrent Cycle 113.779ms
[2020-01-29T21:36:50.612+0300][67.148s][info ][gc] GC(2247) Pause Young (Normal) (G1 Evacuation Pause) 132M->132M(256M) 23.781ms
[2020-01-29T21:36:50.632+0300][67.167s][info ][gc] GC(2248) Pause Young (Concurrent Start) (G1 Humongous Allocation) 137M->138M(256M) 7.136ms
[2020-01-29T21:36:50.632+0300][67.167s][info ][gc] GC(2249) Concurrent Cycle
[2020-01-29T21:36:50.642+0300][67.178s][debug][gc] GC(2249) Reclaimed 124 empty regions
[2020-01-29T21:36:50.642+0300][67.178s][info ][gc] GC(2249) Pause Remark 180M->58M(256M) 0.784ms
[2020-01-29T21:36:50.670+0300][67.205s][info ][gc] GC(2250) Pause Young (Normal) (G1 Evacuation Pause) 63M->59M(256M) 24.842ms
[2020-01-29T21:36:50.685+0300][67.221s][info ][gc] GC(2249) Pause Cleanup 98M->98M(256M) 0.036ms
[2020-01-29T21:36:50.686+0300][67.221s][info ][gc] GC(2249) Concurrent Cycle 53.675ms
[2020-01-29T21:36:50.731+0300][67.266s][info ][gc] GC(2251) Pause Young (Normal) (G1 Evacuation Pause) 112M->113M(256M) 39.250ms
[2020-01-29T21:36:50.779+0300][67.314s][info ][gc] GC(2252) Pause Young (Concurrent Start) (G1 Humongous Allocation) 148M->148M(256M) 24.003ms
[2020-01-29T21:36:50.779+0300][67.314s][info ][gc] GC(2253) Concurrent Cycle
[2020-01-29T21:36:50.820+0300][67.355s][info ][gc] GC(2254) Pause Young (Normal) (G1 Evacuation Pause) 193M->194M(256M) 19.008ms
[2020-01-29T21:36:50.825+0300][67.360s][debug][gc] GC(2253) Reclaimed 96 empty regions
[2020-01-29T21:36:50.825+0300][67.360s][info ][gc] GC(2253) Pause Remark 204M->108M(256M) 0.630ms
[2020-01-29T21:36:50.835+0300][67.370s][info ][gc] GC(2255) Pause Young (Normal) (G1 Evacuation Pause) 108M->109M(256M) 9.394ms
[2020-01-29T21:36:50.877+0300][67.411s][info ][gc] GC(2256) Pause Young (Normal) (G1 Evacuation Pause) 146M->147M(256M) 26.735ms
[2020-01-29T21:36:50.919+0300][67.455s][info ][gc] GC(2257) Pause Young (Normal) (G1 Evacuation Pause) 172M->173M(256M) 32.342ms
[2020-01-29T21:36:50.956+0300][67.492s][info ][gc] GC(2258) Pause Young (Normal) (G1 Evacuation Pause) 190M->191M(256M) 29.277ms
[2020-01-29T21:36:50.999+0300][67.535s][info ][gc] GC(2259) Pause Young (Normal) (G1 Evacuation Pause) 222M->223M(256M) 26.545ms
[2020-01-29T21:36:51.032+0300][67.567s][info ][gc] GC(2260) Pause Young (Normal) (G1 Evacuation Pause) 233M->233M(256M) 27.681ms
[2020-01-29T21:36:51.065+0300][67.600s][info ][gc] GC(2261) To-space exhausted
[2020-01-29T21:36:51.065+0300][67.601s][info ][gc] GC(2261) Pause Young (Normal) (G1 Evacuation Pause) 243M->245M(256M) 29.082ms
[2020-01-29T21:36:51.112+0300][67.647s][info ][gc] GC(2262) To-space exhausted
[2020-01-29T21:36:51.112+0300][67.647s][info ][gc] GC(2262) Pause Young (Normal) (G1 Evacuation Pause) 255M->255M(256M) 41.511ms
[2020-01-29T21:36:51.112+0300][67.647s][debug][gc] GC(2263) Clear Next Bitmap 0.074ms
[2020-01-29T21:36:51.144+0300][67.679s][info ][gc] GC(2263) Pause Full (G1 Evacuation Pause) 255M->62M(256M) 32.307ms
[2020-01-29T21:36:51.145+0300][67.680s][info ][gc] GC(2253) Concurrent Cycle 365.862ms
[2020-01-29T21:36:51.194+0300][67.729s][info ][gc] GC(2264) Pause Young (Normal) (G1 Evacuation Pause) 114M->114M(256M) 28.564ms
[2020-01-29T21:36:51.230+0300][67.765s][info ][gc] GC(2265) Pause Young (Concurrent Start) (G1 Humongous Allocation) 137M->137M(256M) 16.771ms
[2020-01-29T21:36:51.230+0300][67.765s][info ][gc] GC(2266) Concurrent Cycle
[2020-01-29T21:36:51.266+0300][67.801s][info ][gc] GC(2267) Pause Young (Normal) (G1 Evacuation Pause) 185M->186M(256M) 20.269ms
[2020-01-29T21:36:51.270+0300][67.806s][debug][gc] GC(2266) Reclaimed 104 empty regions
[2020-01-29T21:36:51.270+0300][67.806s][info ][gc] GC(2266) Pause Remark 195M->93M(256M) 0.617ms
[2020-01-29T21:36:51.282+0300][67.817s][info ][gc] GC(2268) Pause Young (Normal) (G1 Evacuation Pause) 96M->97M(256M) 9.905ms
[2020-01-29T21:36:51.331+0300][67.866s][info ][gc] GC(2269) Pause Young (Normal) (G1 Evacuation Pause) 138M->139M(256M) 32.545ms
[2020-01-29T21:36:51.378+0300][67.913s][info ][gc] GC(2270) Pause Young (Normal) (G1 Evacuation Pause) 167M->168M(256M) 35.462ms
[2020-01-29T21:36:51.430+0300][67.965s][info ][gc] GC(2271) Pause Young (Normal) (G1 Evacuation Pause) 207M->208M(256M) 32.164ms
[2020-01-29T21:36:51.461+0300][67.996s][info ][gc] GC(2272) Pause Young (Normal) (G1 Evacuation Pause) 217M->217M(256M) 26.397ms
[2020-01-29T21:36:51.466+0300][68.001s][info ][gc] GC(2266) Pause Cleanup 226M->226M(256M) 0.045ms
[2020-01-29T21:36:51.466+0300][68.001s][info ][gc] GC(2266) Concurrent Cycle 235.758ms
[2020-01-29T21:36:51.491+0300][68.026s][info ][gc] GC(2273) Pause Young (Normal) (G1 Evacuation Pause) 227M->228M(256M) 24.265ms
[2020-01-29T21:36:51.503+0300][68.038s][info ][gc] GC(2274) Pause Young (Concurrent Start) (G1 Evacuation Pause) 238M->238M(256M) 8.164ms
[2020-01-29T21:36:51.503+0300][68.038s][info ][gc] GC(2275) Concurrent Cycle
[2020-01-29T21:36:51.523+0300][68.058s][info ][gc] GC(2276) To-space exhausted
[2020-01-29T21:36:51.523+0300][68.058s][info ][gc] GC(2276) Pause Young (Normal) (G1 Evacuation Pause) 248M->251M(256M) 13.707ms
[2020-01-29T21:36:51.538+0300][68.073s][info ][gc] GC(2277) To-space exhausted
[2020-01-29T21:36:51.538+0300][68.073s][info ][gc] GC(2277) Pause Young (Normal) (G1 Evacuation Pause) 255M->255M(256M) 13.460ms
[2020-01-29T21:36:51.538+0300][68.073s][debug][gc] GC(2278) Clear Next Bitmap 0.073ms
[2020-01-29T21:36:51.579+0300][68.114s][info ][gc] GC(2278) Pause Full (G1 Evacuation Pause) 255M->77M(256M) 40.358ms
[2020-01-29T21:36:51.579+0300][68.114s][info ][gc] GC(2275) Concurrent Cycle 75.848ms
[2020-01-29T21:36:51.627+0300][68.163s][info ][gc] GC(2279) Pause Young (Normal) (G1 Evacuation Pause) 124M->124M(256M) 29.282ms
[2020-01-29T21:36:51.656+0300][68.191s][info ][gc] GC(2280) Pause Young (Concurrent Start) (G1 Humongous Allocation) 136M->137M(256M) 11.224ms
[2020-01-29T21:36:51.656+0300][68.191s][info ][gc] GC(2281) Concurrent Cycle
[2020-01-29T21:36:51.671+0300][68.206s][debug][gc] GC(2281) Reclaimed 117 empty regions
[2020-01-29T21:36:51.671+0300][68.206s][info ][gc] GC(2281) Pause Remark 185M->71M(256M) 0.651ms
[2020-01-29T21:36:51.689+0300][68.224s][info ][gc] GC(2282) Pause Young (Normal) (G1 Evacuation Pause) 71M->67M(256M) 17.765ms
[2020-01-29T21:36:51.749+0300][68.284s][info ][gc] GC(2283) Pause Young (Normal) (G1 Evacuation Pause) 117M->118M(256M) 40.101ms
[2020-01-29T21:36:51.754+0300][68.290s][info ][gc] GC(2281) Pause Cleanup 130M->130M(256M) 0.038ms
[2020-01-29T21:36:51.755+0300][68.290s][info ][gc] GC(2281) Concurrent Cycle 98.964ms
[2020-01-29T21:36:51.805+0300][68.340s][info ][gc] GC(2284) Pause Young (Normal) (G1 Evacuation Pause) 152M->154M(256M) 41.069ms
[2020-01-29T21:36:51.822+0300][68.356s][info ][gc] GC(2285) Pause Young (Concurrent Start) (G1 Humongous Allocation) 157M->158M(256M) 5.116ms
[2020-01-29T21:36:51.822+0300][68.357s][info ][gc] GC(2286) Concurrent Cycle
[2020-01-29T21:36:51.830+0300][68.366s][debug][gc] GC(2286) Reclaimed 139 empty regions
[2020-01-29T21:36:51.830+0300][68.366s][info ][gc] GC(2286) Pause Remark 197M->58M(256M) 0.624ms
[2020-01-29T21:36:51.846+0300][68.382s][info ][gc] GC(2287) Pause Young (Normal) (G1 Evacuation Pause) 61M->58M(256M) 14.417ms
[2020-01-29T21:36:51.863+0300][68.399s][info ][gc] GC(2286) Pause Cleanup 101M->101M(256M) 0.039ms
[2020-01-29T21:36:51.863+0300][68.399s][info ][gc] GC(2286) Concurrent Cycle 42.283ms
[2020-01-29T21:36:51.909+0300][68.444s][info ][gc] GC(2288) Pause Young (Normal) (G1 Evacuation Pause) 111M->112M(256M) 40.941ms
[2020-01-29T21:36:51.947+0300][68.482s][info ][gc] GC(2289) Pause Young (Concurrent Start) (G1 Evacuation Pause) 148M->148M(256M) 23.874ms
[2020-01-29T21:36:51.947+0300][68.482s][info ][gc] GC(2290) Concurrent Cycle
[2020-01-29T21:36:51.990+0300][68.524s][info ][gc] GC(2291) Pause Young (Normal) (G1 Evacuation Pause) 193M->194M(256M) 18.770ms
[2020-01-29T21:36:52.002+0300][68.538s][info ][gc] GC(2292) Pause Young (Normal) (G1 Evacuation Pause) 204M->205M(256M) 9.184ms
[2020-01-29T21:36:52.014+0300][68.550s][info ][gc] GC(2293) Pause Young (Normal) (G1 Evacuation Pause) 215M->216M(256M) 7.880ms
[2020-01-29T21:36:52.027+0300][68.562s][info ][gc] GC(2294) Pause Young (Normal) (G1 Evacuation Pause) 226M->227M(256M) 7.951ms
[2020-01-29T21:36:52.039+0300][68.574s][info ][gc] GC(2295) Pause Young (Normal) (G1 Evacuation Pause) 237M->238M(256M) 7.803ms
[2020-01-29T21:36:52.057+0300][68.592s][info ][gc] GC(2296) To-space exhausted
[2020-01-29T21:36:52.057+0300][68.592s][info ][gc] GC(2296) Pause Young (Normal) (G1 Evacuation Pause) 248M->251M(256M) 13.617ms
[2020-01-29T21:36:52.076+0300][68.611s][info ][gc] GC(2297) To-space exhausted
[2020-01-29T21:36:52.076+0300][68.611s][info ][gc] GC(2297) Pause Young (Normal) (G1 Evacuation Pause) 255M->255M(256M) 13.149ms
[2020-01-29T21:36:52.076+0300][68.611s][debug][gc] GC(2298) Clear Next Bitmap 0.058ms
[2020-01-29T21:36:52.129+0300][68.664s][info ][gc] GC(2298) Pause Full (G1 Evacuation Pause) 255M->96M(256M) 52.504ms
[2020-01-29T21:36:52.129+0300][68.664s][info ][gc] GC(2290) Concurrent Cycle 182.005ms
[2020-01-29T21:36:52.179+0300][68.714s][info ][gc] GC(2299) Pause Young (Concurrent Start) (G1 Humongous Allocation) 136M->136M(256M) 22.129ms
[2020-01-29T21:36:52.179+0300][68.714s][info ][gc] GC(2300) Concurrent Cycle
[2020-01-29T21:36:52.220+0300][68.755s][info ][gc] GC(2301) Pause Young (Normal) (G1 Evacuation Pause) 184M->185M(256M) 20.516ms
[2020-01-29T21:36:52.224+0300][68.760s][debug][gc] GC(2300) Reclaimed 96 empty regions
[2020-01-29T21:36:52.224+0300][68.760s][info ][gc] GC(2300) Pause Remark 194M->100M(256M) 0.619ms
[2020-01-29T21:36:52.237+0300][68.773s][info ][gc] GC(2302) Pause Young (Normal) (G1 Evacuation Pause) 104M->105M(256M) 11.295ms
[2020-01-29T21:36:52.281+0300][68.816s][info ][gc] GC(2303) Pause Young (Normal) (G1 Evacuation Pause) 143M->144M(256M) 28.038ms
[2020-01-29T21:36:52.326+0300][68.861s][info ][gc] GC(2304) Pause Young (Normal) (G1 Evacuation Pause) 170M->171M(256M) 33.715ms
[2020-01-29T21:36:52.379+0300][68.914s][info ][gc] GC(2305) Pause Young (Normal) (G1 Evacuation Pause) 209M->210M(256M) 32.992ms
[2020-01-29T21:36:52.410+0300][68.945s][info ][gc] GC(2306) Pause Young (Normal) (G1 Evacuation Pause) 219M->220M(256M) 25.639ms
[2020-01-29T21:36:52.441+0300][68.976s][info ][gc] GC(2307) Pause Young (Normal) (G1 Evacuation Pause) 230M->231M(256M) 26.270ms
[2020-01-29T21:36:52.443+0300][68.979s][info ][gc] GC(2300) Pause Cleanup 237M->237M(256M) 0.040ms
[2020-01-29T21:36:52.444+0300][68.979s][info ][gc] GC(2300) Concurrent Cycle 265.163ms
[2020-01-29T21:36:52.470+0300][69.005s][info ][gc] GC(2308) Pause Young (Normal) (G1 Evacuation Pause) 241M->241M(256M) 25.193ms
[2020-01-29T21:36:52.499+0300][69.034s][info ][gc] GC(2309) To-space exhausted
[2020-01-29T21:36:52.499+0300][69.034s][info ][gc] GC(2309) Pause Young (Concurrent Start) (G1 Evacuation Pause) 251M->254M(256M) 24.137ms
[2020-01-29T21:36:52.499+0300][69.034s][info ][gc] GC(2310) Concurrent Cycle
[2020-01-29T21:36:52.511+0300][69.046s][info ][gc] GC(2311) To-space exhausted
[2020-01-29T21:36:52.511+0300][69.046s][info ][gc] GC(2311) Pause Young (Normal) (G1 Evacuation Pause) 255M->255M(256M) 10.263ms
[2020-01-29T21:36:52.511+0300][69.046s][debug][gc] GC(2312) Clear Next Bitmap 0.060ms
[2020-01-29T21:36:52.551+0300][69.086s][info ][gc] GC(2312) Pause Full (G1 Evacuation Pause) 255M->70M(256M) 39.699ms
[2020-01-29T21:36:52.551+0300][69.086s][info ][gc] GC(2310) Concurrent Cycle 52.510ms
[2020-01-29T21:36:52.603+0300][69.139s][info ][gc] GC(2313) Pause Young (Normal) (G1 Evacuation Pause) 120M->119M(256M) 31.060ms
[2020-01-29T21:36:52.638+0300][69.173s][info ][gc] GC(2314) Pause Young (Concurrent Start) (G1 Humongous Allocation) 137M->138M(256M) 16.157ms
[2020-01-29T21:36:52.638+0300][69.173s][info ][gc] GC(2315) Concurrent Cycle
[2020-01-29T21:36:52.656+0300][69.192s][debug][gc] GC(2315) Reclaimed 110 empty regions
[2020-01-29T21:36:52.656+0300][69.192s][info ][gc] GC(2315) Pause Remark 162M->54M(256M) 0.804ms
[2020-01-29T21:36:52.702+0300][69.237s][info ][gc] GC(2316) Pause Young (Normal) (G1 Evacuation Pause) 77M->72M(256M) 28.243ms
[2020-01-29T21:36:52.712+0300][69.248s][info ][gc] GC(2315) Pause Cleanup 88M->88M(256M) 0.037ms
[2020-01-29T21:36:52.713+0300][69.248s][info ][gc] GC(2315) Concurrent Cycle 75.052ms
[2020-01-29T21:36:52.788+0300][69.323s][info ][gc] GC(2317) Pause Young (Normal) (G1 Evacuation Pause) 121M->122M(256M) 50.922ms
[2020-01-29T21:36:52.834+0300][69.369s][info ][gc] GC(2318) Pause Young (Concurrent Start) (G1 Evacuation Pause) 155M->156M(256M) 30.102ms
[2020-01-29T21:36:52.834+0300][69.369s][info ][gc] GC(2319) Concurrent Cycle
[2020-01-29T21:36:52.905+0300][69.440s][info ][gc] GC(2320) Pause Young (Normal) (G1 Evacuation Pause) 198M->198M(256M) 23.071ms
[2020-01-29T21:36:52.923+0300][69.458s][info ][gc] GC(2321) Pause Young (Normal) (G1 Evacuation Pause) 207M->208M(256M) 13.468ms
[2020-01-29T21:36:52.943+0300][69.478s][info ][gc] GC(2322) Pause Young (Normal) (G1 Evacuation Pause) 218M->219M(256M) 7.216ms
[2020-01-29T21:36:52.967+0300][69.503s][info ][gc] GC(2323) Pause Young (Normal) (G1 Evacuation Pause) 229M->230M(256M) 10.581ms
[2020-01-29T21:36:52.984+0300][69.520s][info ][gc] GC(2324) Pause Young (Normal) (G1 Evacuation Pause) 240M->241M(256M) 10.251ms
[2020-01-29T21:36:53.021+0300][69.557s][info ][gc] GC(2325) To-space exhausted
[2020-01-29T21:36:53.021+0300][69.557s][info ][gc] GC(2325) Pause Young (Normal) (G1 Evacuation Pause) 251M->253M(256M) 21.292ms
[2020-01-29T21:36:53.033+0300][69.569s][info ][gc] GC(2326) To-space exhausted
[2020-01-29T21:36:53.033+0300][69.569s][info ][gc] GC(2326) Pause Young (Normal) (G1 Evacuation Pause) 255M->255M(256M) 9.499ms
[2020-01-29T21:36:53.033+0300][69.569s][debug][gc] GC(2327) Clear Next Bitmap 0.087ms
[2020-01-29T21:36:53.115+0300][69.651s][info ][gc] GC(2327) Pause Full (G1 Evacuation Pause) 255M->89M(256M) 81.908ms
[2020-01-29T21:36:53.116+0300][69.651s][info ][gc] GC(2319) Concurrent Cycle 282.411ms
[2020-01-29T21:36:53.176+0300][69.711s][info ][gc] GC(2328) Pause Young (Normal) (G1 Evacuation Pause) 133M->133M(256M) 29.293ms
[2020-01-29T21:36:53.196+0300][69.731s][info ][gc] GC(2329) Pause Young (Concurrent Start) (G1 Humongous Allocation) 136M->138M(256M) 7.417ms
[2020-01-29T21:36:53.196+0300][69.731s][info ][gc] GC(2330) Concurrent Cycle
[2020-01-29T21:36:53.206+0300][69.741s][debug][gc] GC(2330) Reclaimed 125 empty regions
[2020-01-29T21:36:53.206+0300][69.741s][info ][gc] GC(2330) Pause Remark 160M->36M(256M) 1.108ms
[2020-01-29T21:36:53.249+0300][69.784s][info ][gc] GC(2331) Pause Young (Normal) (G1 Evacuation Pause) 62M->59M(256M) 27.933ms
[2020-01-29T21:36:53.252+0300][69.787s][info ][gc] GC(2330) Pause Cleanup 60M->60M(256M) 0.038ms
[2020-01-29T21:36:53.254+0300][69.789s][info ][gc] GC(2330) Concurrent Cycle 57.367ms
[2020-01-29T21:36:53.342+0300][69.878s][info ][gc] GC(2332) Pause Young (Normal) (G1 Evacuation Pause) 112M->113M(256M) 61.785ms
[2020-01-29T21:36:53.394+0300][69.929s][info ][gc] GC(2333) Pause Young (Concurrent Start) (G1 Humongous Allocation) 147M->148M(256M) 24.227ms
[2020-01-29T21:36:53.394+0300][69.929s][info ][gc] GC(2334) Concurrent Cycle
[2020-01-29T21:36:53.447+0300][69.982s][info ][gc] GC(2335) Pause Young (Normal) (G1 Evacuation Pause) 193M->194M(256M) 30.473ms
[2020-01-29T21:36:53.453+0300][69.988s][debug][gc] GC(2334) Reclaimed 102 empty regions
[2020-01-29T21:36:53.453+0300][69.988s][info ][gc] GC(2334) Pause Remark 195M->93M(256M) 0.823ms
[2020-01-29T21:36:53.472+0300][70.006s][info ][gc] GC(2336) Pause Young (Normal) (G1 Evacuation Pause) 102M->103M(256M) 12.088ms
[2020-01-29T21:36:53.527+0300][70.063s][info ][gc] GC(2337) Pause Young (Normal) (G1 Evacuation Pause) 142M->143M(256M) 36.349ms
[2020-01-29T21:36:53.587+0300][70.122s][info ][gc] GC(2338) Pause Young (Normal) (G1 Evacuation Pause) 169M->170M(256M) 46.238ms
[2020-01-29T21:36:53.613+0300][70.148s][info ][gc] GC(2334) Pause Cleanup 185M->185M(256M) 0.046ms
[2020-01-29T21:36:53.613+0300][70.148s][info ][gc] GC(2334) Concurrent Cycle 219.428ms
[2020-01-29T21:36:53.650+0300][70.184s][info ][gc] GC(2339) Pause Young (Concurrent Start) (G1 Humongous Allocation) 185M->185M(256M) 35.855ms
[2020-01-29T21:36:53.650+0300][70.184s][info ][gc] GC(2340) Concurrent Cycle
[2020-01-29T21:36:53.675+0300][70.210s][info ][gc] GC(2341) Pause Young (Normal) (G1 Evacuation Pause) 218M->219M(256M) 14.971ms
[2020-01-29T21:36:53.680+0300][70.214s][debug][gc] GC(2340) Reclaimed 160 empty regions
[2020-01-29T21:36:53.680+0300][70.214s][info ][gc] GC(2340) Pause Remark 228M->68M(256M) 0.807ms
[2020-01-29T21:36:53.691+0300][70.226s][info ][gc] GC(2342) Pause Young (Normal) (G1 Evacuation Pause) 69M->70M(256M) 10.024ms
[2020-01-29T21:36:53.756+0300][70.291s][info ][gc] GC(2343) Pause Young (Normal) (G1 Evacuation Pause) 119M->120M(256M) 44.021ms
[2020-01-29T21:36:53.826+0300][70.361s][info ][gc] GC(2344) Pause Young (Normal) (G1 Evacuation Pause) 154M->155M(256M) 53.936ms
[2020-01-29T21:36:53.829+0300][70.364s][info ][gc] GC(2340) Pause Cleanup 155M->155M(256M) 0.049ms
[2020-01-29T21:36:53.830+0300][70.365s][info ][gc] GC(2340) Concurrent Cycle 180.034ms
[2020-01-29T21:36:53.877+0300][70.411s][info ][gc] GC(2345) Pause Young (Concurrent Start) (G1 Humongous Allocation) 164M->165M(256M) 32.999ms
[2020-01-29T21:36:53.877+0300][70.412s][info ][gc] GC(2346) Concurrent Cycle
[2020-01-29T21:36:53.890+0300][70.424s][debug][gc] GC(2346) Reclaimed 145 empty regions
[2020-01-29T21:36:53.890+0300][70.424s][info ][gc] GC(2346) Pause Remark 204M->59M(256M) 0.658ms
[2020-01-29T21:36:53.907+0300][70.442s][info ][gc] GC(2347) Pause Young (Normal) (G1 Evacuation Pause) 60M->57M(256M) 16.800ms
[2020-01-29T21:36:53.929+0300][70.465s][info ][gc] GC(2346) Pause Cleanup 102M->102M(256M) 0.041ms
[2020-01-29T21:36:53.931+0300][70.466s][info ][gc] GC(2346) Concurrent Cycle 54.357ms
[2020-01-29T21:36:53.991+0300][70.526s][info ][gc] GC(2348) Pause Young (Normal) (G1 Evacuation Pause) 110M->111M(256M) 56.668ms
[2020-01-29T21:36:54.042+0300][70.577s][info ][gc] GC(2349) Pause Young (Concurrent Start) (G1 Evacuation Pause) 147M->148M(256M) 33.571ms
[2020-01-29T21:36:54.042+0300][70.577s][info ][gc] GC(2350) Concurrent Cycle
[2020-01-29T21:36:54.125+0300][70.660s][info ][gc] GC(2351) Pause Young (Normal) (G1 Evacuation Pause) 193M->193M(256M) 24.591ms
[2020-01-29T21:36:54.148+0300][70.683s][info ][gc] GC(2352) Pause Young (Normal) (G1 Evacuation Pause) 204M->205M(256M) 14.291ms
[2020-01-29T21:36:54.170+0300][70.705s][info ][gc] GC(2353) Pause Young (Normal) (G1 Evacuation Pause) 215M->216M(256M) 10.167ms
[2020-01-29T21:36:54.188+0300][70.723s][info ][gc] GC(2354) Pause Young (Normal) (G1 Evacuation Pause) 226M->227M(256M) 10.734ms
[2020-01-29T21:36:54.208+0300][70.743s][info ][gc] GC(2355) Pause Young (Normal) (G1 Evacuation Pause) 237M->238M(256M) 11.098ms
[2020-01-29T21:36:54.233+0300][70.768s][info ][gc] GC(2356) To-space exhausted
[2020-01-29T21:36:54.233+0300][70.768s][info ][gc] GC(2356) Pause Young (Normal) (G1 Evacuation Pause) 248M->251M(256M) 17.315ms
[2020-01-29T21:36:54.250+0300][70.785s][info ][gc] GC(2357) To-space exhausted
[2020-01-29T21:36:54.250+0300][70.785s][info ][gc] GC(2357) Pause Young (Normal) (G1 Evacuation Pause) 255M->255M(256M) 15.388ms
[2020-01-29T21:36:54.251+0300][70.785s][debug][gc] GC(2358) Clear Next Bitmap 0.070ms
[2020-01-29T21:36:54.316+0300][70.851s][info ][gc] GC(2358) Pause Full (G1 Evacuation Pause) 255M->94M(256M) 66.172ms
[2020-01-29T21:36:54.317+0300][70.852s][info ][gc] GC(2350) Concurrent Cycle 274.519ms
[2020-01-29T21:36:54.383+0300][70.918s][info ][gc] GC(2359) Pause Young (Concurrent Start) (G1 Humongous Allocation) 136M->136M(256M) 30.632ms
[2020-01-29T21:36:54.383+0300][70.918s][info ][gc] GC(2360) Concurrent Cycle
[2020-01-29T21:36:54.433+0300][70.968s][info ][gc] GC(2361) Pause Young (Normal) (G1 Evacuation Pause) 184M->185M(256M) 27.408ms
[2020-01-29T21:36:54.439+0300][70.973s][debug][gc] GC(2360) Reclaimed 91 empty regions
[2020-01-29T21:36:54.439+0300][70.973s][info ][gc] GC(2360) Pause Remark 187M->98M(256M) 0.823ms
[2020-01-29T21:36:54.458+0300][70.993s][info ][gc] GC(2362) Pause Young (Normal) (G1 Evacuation Pause) 109M->110M(256M) 14.250ms
[2020-01-29T21:36:54.511+0300][71.046s][info ][gc] GC(2363) Pause Young (Normal) (G1 Evacuation Pause) 147M->148M(256M) 36.231ms
[2020-01-29T21:36:54.574+0300][71.109s][info ][gc] GC(2364) Pause Young (Normal) (G1 Evacuation Pause) 173M->173M(256M) 47.014ms
[2020-01-29T21:36:54.603+0300][71.138s][info ][gc] GC(2360) Pause Cleanup 185M->185M(256M) 0.046ms
[2020-01-29T21:36:54.603+0300][71.138s][info ][gc] GC(2360) Concurrent Cycle 219.963ms
[2020-01-29T21:36:54.634+0300][71.169s][info ][gc] GC(2365) Pause Young (Concurrent Start) (G1 Humongous Allocation) 185M->186M(256M) 23.201ms
[2020-01-29T21:36:54.634+0300][71.169s][info ][gc] GC(2366) Concurrent Cycle
[2020-01-29T21:36:54.647+0300][71.182s][debug][gc] GC(2366) Reclaimed 163 empty regions
[2020-01-29T21:36:54.647+0300][71.182s][info ][gc] GC(2366) Pause Remark 218M->55M(256M) 0.825ms
[2020-01-29T21:36:54.663+0300][71.199s][info ][gc] GC(2367) Pause Young (Normal) (G1 Evacuation Pause) 56M->54M(256M) 14.729ms
[2020-01-29T21:36:54.686+0300][71.222s][info ][gc] GC(2366) Pause Cleanup 102M->102M(256M) 0.041ms
[2020-01-29T21:36:54.687+0300][71.223s][info ][gc] GC(2366) Concurrent Cycle 53.901ms
[2020-01-29T21:36:54.730+0300][71.265s][info ][gc] GC(2368) Pause Young (Normal) (G1 Evacuation Pause) 109M->109M(256M) 39.865ms
[2020-01-29T21:36:54.782+0300][71.317s][info ][gc] GC(2369) Pause Young (Concurrent Start) (G1 Evacuation Pause) 146M->147M(256M) 35.047ms
[2020-01-29T21:36:54.782+0300][71.317s][info ][gc] GC(2370) Concurrent Cycle
[2020-01-29T21:36:54.833+0300][71.368s][info ][gc] GC(2371) Pause Young (Normal) (G1 Evacuation Pause) 192M->193M(256M) 25.469ms
[2020-01-29T21:36:54.849+0300][71.385s][info ][gc] GC(2372) Pause Young (Normal) (G1 Evacuation Pause) 204M->205M(256M) 9.016ms
[2020-01-29T21:36:54.862+0300][71.398s][info ][gc] GC(2373) Pause Young (Normal) (G1 Evacuation Pause) 215M->215M(256M) 8.579ms
[2020-01-29T21:36:54.878+0300][71.414s][info ][gc] GC(2374) Pause Young (Normal) (G1 Evacuation Pause) 225M->226M(256M) 8.423ms
[2020-01-29T21:36:54.893+0300][71.429s][info ][gc] GC(2375) Pause Young (Normal) (G1 Evacuation Pause) 236M->237M(256M) 7.845ms
[2020-01-29T21:36:54.942+0300][71.477s][info ][gc] GC(2376) To-space exhausted
[2020-01-29T21:36:54.942+0300][71.477s][info ][gc] GC(2376) Pause Young (Normal) (G1 Evacuation Pause) 247M->250M(256M) 16.443ms
[2020-01-29T21:36:54.966+0300][71.501s][info ][gc] GC(2377) To-space exhausted
[2020-01-29T21:36:54.966+0300][71.501s][info ][gc] GC(2377) Pause Young (Normal) (G1 Evacuation Pause) 255M->255M(256M) 19.577ms
[2020-01-29T21:36:54.967+0300][71.502s][debug][gc] GC(2378) Clear Next Bitmap 0.122ms
[2020-01-29T21:36:55.017+0300][71.552s][info ][gc] GC(2378) Pause Full (G1 Evacuation Pause) 255M->92M(256M) 50.815ms
[2020-01-29T21:36:55.018+0300][71.552s][info ][gc] GC(2370) Concurrent Cycle 235.240ms
[2020-01-29T21:36:55.072+0300][71.607s][info ][gc] GC(2379) Pause Young (Normal) (G1 Evacuation Pause) 135M->136M(256M) 30.074ms
[2020-01-29T21:36:55.093+0300][71.629s][info ][gc] GC(2380) Pause Young (Concurrent Start) (G1 Humongous Allocation) 137M->137M(256M) 7.761ms
[2020-01-29T21:36:55.093+0300][71.629s][info ][gc] GC(2381) Concurrent Cycle
[2020-01-29T21:36:55.104+0300][71.639s][debug][gc] GC(2381) Reclaimed 125 empty regions
[2020-01-29T21:36:55.104+0300][71.639s][info ][gc] GC(2381) Pause Remark 169M->45M(256M) 1.172ms
[2020-01-29T21:36:55.146+0300][71.681s][info ][gc] GC(2382) Pause Young (Normal) (G1 Evacuation Pause) 61M->61M(256M) 33.409ms
[2020-01-29T21:36:55.155+0300][71.690s][info ][gc] GC(2381) Pause Cleanup 72M->72M(256M) 0.036ms
[2020-01-29T21:36:55.155+0300][71.690s][info ][gc] GC(2381) Concurrent Cycle 61.362ms
[2020-01-29T21:36:55.224+0300][71.759s][info ][gc] GC(2383) Pause Young (Normal) (G1 Evacuation Pause) 114M->115M(256M) 50.769ms
[2020-01-29T21:36:55.272+0300][71.808s][info ][gc] GC(2384) Pause Young (Concurrent Start) (G1 Humongous Allocation) 149M->150M(256M) 23.540ms
[2020-01-29T21:36:55.272+0300][71.808s][info ][gc] GC(2385) Concurrent Cycle
[2020-01-29T21:36:55.313+0300][71.849s][info ][gc] GC(2386) Pause Young (Normal) (G1 Evacuation Pause) 194M->194M(256M) 18.858ms
[2020-01-29T21:36:55.318+0300][71.854s][debug][gc] GC(2385) Reclaimed 98 empty regions
[2020-01-29T21:36:55.318+0300][71.854s][info ][gc] GC(2385) Pause Remark 204M->106M(256M) 0.716ms
[2020-01-29T21:36:55.327+0300][71.862s][info ][gc] GC(2387) Pause Young (Normal) (G1 Evacuation Pause) 106M->106M(256M) 8.412ms
[2020-01-29T21:36:55.418+0300][71.954s][info ][gc] GC(2385) Pause Cleanup 112M->112M(256M) 0.052ms
[2020-01-29T21:36:55.420+0300][71.956s][info ][gc] GC(2385) Concurrent Cycle 147.742ms
[2020-01-29T21:36:55.478+0300][72.013s][info ][gc] GC(2388) Pause Young (Normal) (G1 Evacuation Pause) 144M->145M(256M) 39.082ms
[2020-01-29T21:36:55.512+0300][72.047s][info ][gc] GC(2389) Pause Young (Concurrent Start) (G1 Evacuation Pause) 171M->172M(256M) 19.145ms
[2020-01-29T21:36:55.512+0300][72.047s][info ][gc] GC(2390) Concurrent Cycle
[2020-01-29T21:36:55.559+0300][72.094s][info ][gc] GC(2391) Pause Young (Normal) (G1 Evacuation Pause) 189M->190M(256M) 25.098ms
[2020-01-29T21:36:55.610+0300][72.146s][info ][gc] GC(2392) Pause Young (Normal) (G1 Evacuation Pause) 222M->223M(256M) 18.526ms
[2020-01-29T21:36:55.723+0300][72.258s][info ][gc] GC(2393) Pause Young (Normal) (G1 Evacuation Pause) 233M->234M(256M) 8.419ms
[2020-01-29T21:36:55.741+0300][72.276s][info ][gc] GC(2394) To-space exhausted
[2020-01-29T21:36:55.741+0300][72.276s][info ][gc] GC(2394) Pause Young (Normal) (G1 Evacuation Pause) 244M->246M(256M) 11.925ms
[2020-01-29T21:36:55.774+0300][72.309s][info ][gc] GC(2395) To-space exhausted
[2020-01-29T21:36:55.774+0300][72.309s][info ][gc] GC(2395) Pause Young (Normal) (G1 Evacuation Pause) 255M->255M(256M) 24.978ms
[2020-01-29T21:36:55.774+0300][72.309s][debug][gc] GC(2396) Clear Next Bitmap 0.071ms
[2020-01-29T21:36:55.819+0300][72.355s][info ][gc] GC(2396) Pause Full (G1 Evacuation Pause) 255M->62M(256M) 46.061ms
[2020-01-29T21:36:55.819+0300][72.355s][info ][gc] GC(2390) Concurrent Cycle 307.855ms
[2020-01-29T21:36:55.875+0300][72.410s][info ][gc] GC(2397) Pause Young (Normal) (G1 Evacuation Pause) 114M->114M(256M) 34.362ms
[2020-01-29T21:36:55.913+0300][72.448s][info ][gc] GC(2398) Pause Young (Concurrent Start) (G1 Humongous Allocation) 136M->137M(256M) 18.857ms
[2020-01-29T21:36:55.914+0300][72.448s][info ][gc] GC(2399) Concurrent Cycle
[2020-01-29T21:36:55.950+0300][72.485s][info ][gc] GC(2400) Pause Young (Normal) (G1 Evacuation Pause) 185M->185M(256M) 20.911ms
[2020-01-29T21:36:55.955+0300][72.490s][debug][gc] GC(2399) Reclaimed 105 empty regions
[2020-01-29T21:36:55.955+0300][72.490s][info ][gc] GC(2399) Pause Remark 195M->92M(256M) 0.637ms
[2020-01-29T21:36:55.968+0300][72.503s][info ][gc] GC(2401) Pause Young (Normal) (G1 Evacuation Pause) 95M->95M(256M) 10.703ms
[2020-01-29T21:36:56.015+0300][72.550s][info ][gc] GC(2402) Pause Young (Normal) (G1 Evacuation Pause) 136M->137M(256M) 30.095ms
[2020-01-29T21:36:56.063+0300][72.599s][info ][gc] GC(2403) Pause Young (Normal) (G1 Evacuation Pause) 165M->167M(256M) 36.503ms
[2020-01-29T21:36:56.118+0300][72.653s][info ][gc] GC(2404) Pause Young (Normal) (G1 Evacuation Pause) 206M->207M(256M) 30.929ms
[2020-01-29T21:36:56.122+0300][72.656s][info ][gc] GC(2399) Pause Cleanup 212M->212M(256M) 0.046ms
[2020-01-29T21:36:56.122+0300][72.657s][info ][gc] GC(2399) Concurrent Cycle 208.182ms
[2020-01-29T21:36:56.147+0300][72.682s][info ][gc] GC(2405) Pause Young (Normal) (G1 Evacuation Pause) 216M->216M(256M) 23.057ms
[2020-01-29T21:36:56.160+0300][72.695s][info ][gc] GC(2406) Pause Young (Concurrent Start) (G1 Evacuation Pause) 226M->228M(256M) 8.996ms
[2020-01-29T21:36:56.160+0300][72.695s][info ][gc] GC(2407) Concurrent Cycle
[2020-01-29T21:36:56.177+0300][72.712s][info ][gc] GC(2408) Pause Young (Normal) (G1 Evacuation Pause) 238M->239M(256M) 11.241ms
[2020-01-29T21:36:56.199+0300][72.734s][info ][gc] GC(2409) To-space exhausted
[2020-01-29T21:36:56.199+0300][72.735s][info ][gc] GC(2409) Pause Young (Normal) (G1 Evacuation Pause) 249M->252M(256M) 16.488ms
[2020-01-29T21:36:56.214+0300][72.749s][info ][gc] GC(2410) To-space exhausted
[2020-01-29T21:36:56.214+0300][72.749s][info ][gc] GC(2410) Pause Young (Normal) (G1 Evacuation Pause) 255M->255M(256M) 11.233ms
[2020-01-29T21:36:56.214+0300][72.750s][debug][gc] GC(2411) Clear Next Bitmap 0.055ms
[2020-01-29T21:36:56.263+0300][72.799s][info ][gc] GC(2411) Pause Full (G1 Evacuation Pause) 255M->77M(256M) 49.301ms
[2020-01-29T21:36:56.264+0300][72.799s][info ][gc] GC(2407) Concurrent Cycle 104.322ms
[2020-01-29T21:36:56.316+0300][72.851s][info ][gc] GC(2412) Pause Young (Normal) (G1 Evacuation Pause) 125M->125M(256M) 31.401ms
[2020-01-29T21:36:56.344+0300][72.879s][info ][gc] GC(2413) Pause Young (Concurrent Start) (G1 Humongous Allocation) 137M->137M(256M) 12.045ms
[2020-01-29T21:36:56.344+0300][72.879s][info ][gc] GC(2414) Concurrent Cycle
[2020-01-29T21:36:56.383+0300][72.918s][info ][gc] GC(2415) Pause Young (Normal) (G1 Evacuation Pause) 185M->186M(256M) 25.923ms
[2020-01-29T21:36:56.384+0300][72.919s][debug][gc] GC(2414) Reclaimed 115 empty regions
[2020-01-29T21:36:56.384+0300][72.919s][info ][gc] GC(2414) Pause Remark 186M->72M(256M) 0.694ms
[2020-01-29T21:36:56.401+0300][72.936s][info ][gc] GC(2416) Pause Young (Normal) (G1 Evacuation Pause) 85M->86M(256M) 11.316ms
[2020-01-29T21:36:56.460+0300][72.995s][info ][gc] GC(2417) Pause Young (Normal) (G1 Evacuation Pause) 130M->130M(256M) 40.984ms
[2020-01-29T21:36:56.486+0300][73.021s][info ][gc] GC(2414) Pause Cleanup 132M->132M(256M) 0.066ms
[2020-01-29T21:36:56.486+0300][73.021s][info ][gc] GC(2414) Concurrent Cycle 141.831ms
[2020-01-29T21:36:56.551+0300][73.086s][info ][gc] GC(2418) Pause Young (Concurrent Start) (G1 Humongous Allocation) 160M->161M(256M) 43.862ms
[2020-01-29T21:36:56.551+0300][73.086s][info ][gc] GC(2419) Concurrent Cycle
[2020-01-29T21:36:56.596+0300][73.131s][info ][gc] GC(2420) Pause Young (Normal) (G1 Evacuation Pause) 202M->203M(256M) 25.834ms
[2020-01-29T21:36:56.601+0300][73.137s][debug][gc] GC(2419) Reclaimed 120 empty regions
[2020-01-29T21:36:56.601+0300][73.137s][info ][gc] GC(2419) Pause Remark 210M->90M(256M) 1.395ms
[2020-01-29T21:36:56.613+0300][73.148s][info ][gc] GC(2421) Pause Young (Normal) (G1 Evacuation Pause) 91M->93M(256M) 10.109ms
[2020-01-29T21:36:56.667+0300][73.202s][info ][gc] GC(2422) Pause Young (Normal) (G1 Evacuation Pause) 135M->135M(256M) 34.921ms
[2020-01-29T21:36:56.733+0300][73.269s][info ][gc] GC(2423) Pause Young (Normal) (G1 Evacuation Pause) 164M->165M(256M) 52.380ms
[2020-01-29T21:36:56.809+0300][73.344s][info ][gc] GC(2424) Pause Young (Normal) (G1 Evacuation Pause) 205M->206M(256M) 52.625ms
[2020-01-29T21:36:56.811+0300][73.346s][info ][gc] GC(2419) Pause Cleanup 208M->208M(256M) 0.049ms
[2020-01-29T21:36:56.811+0300][73.347s][info ][gc] GC(2419) Concurrent Cycle 260.101ms
[2020-01-29T21:36:56.848+0300][73.383s][info ][gc] GC(2425) Pause Young (Normal) (G1 Evacuation Pause) 214M->215M(256M) 32.651ms
[2020-01-29T21:36:56.861+0300][73.395s][info ][gc] GC(2426) Pause Young (Concurrent Start) (G1 Evacuation Pause) 225M->226M(256M) 6.790ms
[2020-01-29T21:36:56.861+0300][73.396s][info ][gc] GC(2427) Concurrent Cycle
[2020-01-29T21:36:56.877+0300][73.412s][info ][gc] GC(2428) Pause Young (Normal) (G1 Evacuation Pause) 236M->237M(256M) 10.004ms
[2020-01-29T21:36:56.897+0300][73.431s][info ][gc] GC(2429) To-space exhausted
[2020-01-29T21:36:56.897+0300][73.432s][info ][gc] GC(2429) Pause Young (Normal) (G1 Evacuation Pause) 247M->248M(256M) 14.714ms
[2020-01-29T21:36:56.923+0300][73.458s][info ][gc] GC(2430) To-space exhausted
[2020-01-29T21:36:56.924+0300][73.458s][info ][gc] GC(2430) Pause Young (Normal) (G1 Evacuation Pause) 255M->255M(256M) 23.081ms
[2020-01-29T21:36:56.924+0300][73.458s][debug][gc] GC(2431) Clear Next Bitmap 0.075ms
[2020-01-29T21:36:56.966+0300][73.502s][info ][gc] GC(2431) Pause Full (G1 Evacuation Pause) 255M->71M(256M) 43.531ms
[2020-01-29T21:36:56.967+0300][73.502s][info ][gc] GC(2427) Concurrent Cycle 106.803ms
[2020-01-29T21:36:57.023+0300][73.559s][info ][gc] GC(2432) Pause Young (Normal) (G1 Evacuation Pause) 120M->120M(256M) 36.906ms
[2020-01-29T21:36:57.057+0300][73.592s][info ][gc] GC(2433) Pause Young (Concurrent Start) (G1 Humongous Allocation) 137M->137M(256M) 16.210ms
[2020-01-29T21:36:57.057+0300][73.592s][info ][gc] GC(2434) Concurrent Cycle
[2020-01-29T21:36:57.098+0300][73.633s][info ][gc] GC(2435) Pause Young (Normal) (G1 Evacuation Pause) 185M->186M(256M) 27.635ms
[2020-01-29T21:36:57.105+0300][73.640s][debug][gc] GC(2434) Reclaimed 110 empty regions
[2020-01-29T21:36:57.105+0300][73.640s][info ][gc] GC(2434) Pause Remark 186M->78M(256M) 1.129ms
[2020-01-29T21:36:57.125+0300][73.660s][info ][gc] GC(2436) Pause Young (Normal) (G1 Evacuation Pause) 90M->91M(256M) 14.050ms
[2020-01-29T21:36:57.185+0300][73.720s][info ][gc] GC(2437) Pause Young (Normal) (G1 Evacuation Pause) 134M->135M(256M) 40.323ms
[2020-01-29T21:36:57.248+0300][73.783s][info ][gc] GC(2438) Pause Young (Normal) (G1 Evacuation Pause) 164M->164M(256M) 50.006ms
[2020-01-29T21:36:57.264+0300][73.799s][info ][gc] GC(2434) Pause Cleanup 190M->190M(256M) 0.043ms
[2020-01-29T21:36:57.264+0300][73.799s][info ][gc] GC(2434) Concurrent Cycle 206.458ms
[2020-01-29T21:36:57.299+0300][73.834s][info ][gc] GC(2439) Pause Young (Normal) (G1 Evacuation Pause) 204M->205M(256M) 30.098ms
[2020-01-29T21:36:57.309+0300][73.845s][info ][gc] GC(2440) Pause Young (Concurrent Start) (G1 Evacuation Pause) 213M->214M(256M) 7.398ms
[2020-01-29T21:36:57.309+0300][73.845s][info ][gc] GC(2441) Concurrent Cycle
[2020-01-29T21:36:57.324+0300][73.860s][info ][gc] GC(2442) Pause Young (Normal) (G1 Evacuation Pause) 224M->225M(256M) 7.943ms
[2020-01-29T21:36:57.339+0300][73.875s][info ][gc] GC(2443) Pause Young (Normal) (G1 Evacuation Pause) 235M->236M(256M) 9.725ms
[2020-01-29T21:36:57.355+0300][73.891s][info ][gc] GC(2444) To-space exhausted
[2020-01-29T21:36:57.355+0300][73.891s][info ][gc] GC(2444) Pause Young (Normal) (G1 Evacuation Pause) 246M->250M(256M) 11.483ms
[2020-01-29T21:36:57.373+0300][73.908s][info ][gc] GC(2445) To-space exhausted
[2020-01-29T21:36:57.373+0300][73.908s][info ][gc] GC(2445) Pause Young (Normal) (G1 Evacuation Pause) 255M->255M(256M) 15.325ms
[2020-01-29T21:36:57.373+0300][73.908s][debug][gc] GC(2446) Clear Next Bitmap 0.059ms
[2020-01-29T21:36:57.418+0300][73.953s][info ][gc] GC(2446) Pause Full (G1 Evacuation Pause) 255M->81M(256M) 44.841ms
[2020-01-29T21:36:57.418+0300][73.953s][info ][gc] GC(2441) Concurrent Cycle 108.256ms
[2020-01-29T21:36:57.461+0300][73.996s][info ][gc] GC(2447) Pause Young (Normal) (G1 Evacuation Pause) 126M->127M(256M) 25.344ms
[2020-01-29T21:36:57.486+0300][74.021s][info ][gc] GC(2448) Pause Young (Concurrent Start) (G1 Humongous Allocation) 137M->137M(256M) 10.314ms
[2020-01-29T21:36:57.486+0300][74.021s][info ][gc] GC(2449) Concurrent Cycle
[2020-01-29T21:36:57.520+0300][74.055s][info ][gc] GC(2450) Pause Young (Normal) (G1 Evacuation Pause) 184M->186M(256M) 22.211ms
[2020-01-29T21:36:57.521+0300][74.056s][debug][gc] GC(2449) Reclaimed 119 empty regions
[2020-01-29T21:36:57.521+0300][74.056s][info ][gc] GC(2449) Pause Remark 186M->70M(256M) 0.800ms
[2020-01-29T21:36:57.536+0300][74.071s][info ][gc] GC(2451) Pause Young (Normal) (G1 Evacuation Pause) 82M->82M(256M) 9.558ms
[2020-01-29T21:36:57.589+0300][74.124s][info ][gc] GC(2452) Pause Young (Normal) (G1 Evacuation Pause) 128M->129M(256M) 33.963ms
[2020-01-29T21:36:57.612+0300][74.147s][info ][gc] GC(2449) Pause Cleanup 159M->159M(256M) 0.038ms
[2020-01-29T21:36:57.613+0300][74.148s][info ][gc] GC(2449) Concurrent Cycle 126.443ms
[2020-01-29T21:36:57.653+0300][74.188s][info ][gc] GC(2453) Pause Young (Normal) (G1 Evacuation Pause) 180M->181M(256M) 38.856ms
[2020-01-29T21:36:57.671+0300][74.205s][info ][gc] GC(2454) Pause Young (Concurrent Start) (G1 Evacuation Pause) 196M->196M(256M) 11.701ms
[2020-01-29T21:36:57.671+0300][74.206s][info ][gc] GC(2455) Concurrent Cycle
[2020-01-29T21:36:57.689+0300][74.225s][info ][gc] GC(2456) Pause Young (Normal) (G1 Evacuation Pause) 206M->207M(256M) 8.577ms
[2020-01-29T21:36:57.701+0300][74.237s][info ][gc] GC(2457) Pause Young (Normal) (G1 Evacuation Pause) 217M->218M(256M) 8.168ms
[2020-01-29T21:36:57.714+0300][74.249s][info ][gc] GC(2458) Pause Young (Normal) (G1 Evacuation Pause) 228M->229M(256M) 7.986ms
[2020-01-29T21:36:57.727+0300][74.262s][info ][gc] GC(2459) Pause Young (Normal) (G1 Evacuation Pause) 239M->239M(256M) 8.712ms
[2020-01-29T21:36:57.747+0300][74.283s][info ][gc] GC(2460) To-space exhausted
[2020-01-29T21:36:57.747+0300][74.283s][info ][gc] GC(2460) Pause Young (Normal) (G1 Evacuation Pause) 249M->252M(256M) 15.848ms
[2020-01-29T21:36:57.760+0300][74.296s][info ][gc] GC(2461) To-space exhausted
[2020-01-29T21:36:57.760+0300][74.296s][info ][gc] GC(2461) Pause Young (Normal) (G1 Evacuation Pause) 255M->255M(256M) 11.721ms
[2020-01-29T21:36:57.760+0300][74.296s][debug][gc] GC(2462) Clear Next Bitmap 0.066ms
[2020-01-29T21:36:57.810+0300][74.346s][info ][gc] GC(2462) Pause Full (G1 Evacuation Pause) 255M->90M(256M) 49.726ms
[2020-01-29T21:36:57.810+0300][74.346s][info ][gc] GC(2455) Concurrent Cycle 140.247ms
[2020-01-29T21:36:57.852+0300][74.388s][info ][gc] GC(2463) Pause Young (Normal) (G1 Evacuation Pause) 133M->133M(256M) 23.984ms
[2020-01-29T21:36:57.870+0300][74.405s][info ][gc] GC(2464) Pause Young (Concurrent Start) (G1 Humongous Allocation) 136M->137M(256M) 5.139ms
[2020-01-29T21:36:57.870+0300][74.405s][info ][gc] GC(2465) Concurrent Cycle
[2020-01-29T21:36:57.879+0300][74.414s][debug][gc] GC(2465) Reclaimed 125 empty regions
[2020-01-29T21:36:57.879+0300][74.414s][info ][gc] GC(2465) Pause Remark 175M->53M(256M) 0.620ms
[2020-01-29T21:36:57.901+0300][74.436s][info ][gc] GC(2466) Pause Young (Normal) (G1 Evacuation Pause) 62M->59M(256M) 18.065ms
[2020-01-29T21:36:57.914+0300][74.449s][info ][gc] GC(2465) Pause Cleanup 92M->92M(256M) 0.034ms
[2020-01-29T21:36:57.915+0300][74.450s][info ][gc] GC(2465) Concurrent Cycle 44.716ms
[2020-01-29T21:36:57.963+0300][74.498s][info ][gc] GC(2467) Pause Young (Normal) (G1 Evacuation Pause) 112M->113M(256M) 40.187ms
[2020-01-29T21:36:58.010+0300][74.545s][info ][gc] GC(2468) Pause Young (Concurrent Start) (G1 Humongous Allocation) 148M->148M(256M) 22.334ms
[2020-01-29T21:36:58.010+0300][74.545s][info ][gc] GC(2469) Concurrent Cycle
[2020-01-29T21:36:58.051+0300][74.586s][info ][gc] GC(2470) Pause Young (Normal) (G1 Evacuation Pause) 193M->194M(256M) 18.821ms
[2020-01-29T21:36:58.055+0300][74.590s][debug][gc] GC(2469) Reclaimed 100 empty regions
[2020-01-29T21:36:58.055+0300][74.591s][info ][gc] GC(2469) Pause Remark 203M->103M(256M) 0.613ms
[2020-01-29T21:36:58.064+0300][74.600s][info ][gc] GC(2471) Pause Young (Normal) (G1 Evacuation Pause) 104M->105M(256M) 8.487ms
[2020-01-29T21:36:58.109+0300][74.644s][info ][gc] GC(2472) Pause Young (Normal) (G1 Evacuation Pause) 143M->144M(256M) 29.223ms
[2020-01-29T21:36:58.158+0300][74.693s][info ][gc] GC(2473) Pause Young (Normal) (G1 Evacuation Pause) 170M->170M(256M) 37.287ms
[2020-01-29T21:36:58.208+0300][74.743s][info ][gc] GC(2474) Pause Young (Normal) (G1 Evacuation Pause) 208M->209M(256M) 30.478ms
[2020-01-29T21:36:58.236+0300][74.772s][info ][gc] GC(2475) Pause Young (Normal) (G1 Evacuation Pause) 218M->219M(256M) 23.846ms
[2020-01-29T21:36:58.265+0300][74.801s][info ][gc] GC(2476) Pause Young (Normal) (G1 Evacuation Pause) 229M->230M(256M) 24.615ms
[2020-01-29T21:36:58.296+0300][74.832s][info ][gc] GC(2477) Pause Young (Normal) (G1 Evacuation Pause) 240M->241M(256M) 25.130ms
[2020-01-29T21:36:58.337+0300][74.872s][info ][gc] GC(2478) To-space exhausted
[2020-01-29T21:36:58.337+0300][74.872s][info ][gc] GC(2478) Pause Young (Normal) (G1 Evacuation Pause) 251M->255M(256M) 35.946ms
[2020-01-29T21:36:58.337+0300][74.873s][debug][gc] GC(2479) Clear Next Bitmap 0.056ms
[2020-01-29T21:36:58.369+0300][74.905s][info ][gc] GC(2479) Pause Full (G1 Evacuation Pause) 255M->63M(256M) 32.316ms
[2020-01-29T21:36:58.370+0300][74.905s][info ][gc] GC(2469) Concurrent Cycle 360.268ms
[2020-01-29T21:36:58.420+0300][74.955s][info ][gc] GC(2480) Pause Young (Normal) (G1 Evacuation Pause) 115M->115M(256M) 29.333ms
[2020-01-29T21:36:58.455+0300][74.991s][info ][gc] GC(2481) Pause Young (Concurrent Start) (G1 Humongous Allocation) 137M->138M(256M) 16.809ms
[2020-01-29T21:36:58.455+0300][74.991s][info ][gc] GC(2482) Concurrent Cycle
[2020-01-29T21:36:58.491+0300][75.026s][info ][gc] GC(2483) Pause Young (Normal) (G1 Evacuation Pause) 186M->187M(256M) 20.234ms
[2020-01-29T21:36:58.495+0300][75.031s][debug][gc] GC(2482) Reclaimed 105 empty regions
[2020-01-29T21:36:58.496+0300][75.031s][info ][gc] GC(2482) Pause Remark 195M->92M(256M) 0.605ms
[2020-01-29T21:36:58.507+0300][75.042s][info ][gc] GC(2484) Pause Young (Normal) (G1 Evacuation Pause) 95M->96M(256M) 9.849ms
[2020-01-29T21:36:58.555+0300][75.091s][info ][gc] GC(2485) Pause Young (Normal) (G1 Evacuation Pause) 137M->138M(256M) 32.348ms
[2020-01-29T21:36:58.605+0300][75.141s][info ][gc] GC(2486) Pause Young (Normal) (G1 Evacuation Pause) 166M->167M(256M) 38.235ms
[2020-01-29T21:36:58.662+0300][75.197s][info ][gc] GC(2487) Pause Young (Normal) (G1 Evacuation Pause) 206M->208M(256M) 35.321ms
[2020-01-29T21:36:58.696+0300][75.231s][info ][gc] GC(2488) Pause Young (Normal) (G1 Evacuation Pause) 217M->218M(256M) 29.577ms
[2020-01-29T21:36:58.698+0300][75.234s][info ][gc] GC(2482) Pause Cleanup 223M->223M(256M) 0.044ms
[2020-01-29T21:36:58.699+0300][75.234s][info ][gc] GC(2482) Concurrent Cycle 243.382ms
[2020-01-29T21:36:58.728+0300][75.263s][info ][gc] GC(2489) Pause Young (Normal) (G1 Evacuation Pause) 228M->229M(256M) 27.269ms
[2020-01-29T21:36:58.741+0300][75.276s][info ][gc] GC(2490) Pause Young (Concurrent Start) (G1 Evacuation Pause) 239M->240M(256M) 8.145ms
[2020-01-29T21:36:58.741+0300][75.276s][info ][gc] GC(2491) Concurrent Cycle
[2020-01-29T21:36:58.763+0300][75.298s][info ][gc] GC(2492) To-space exhausted
[2020-01-29T21:36:58.763+0300][75.298s][info ][gc] GC(2492) Pause Young (Normal) (G1 Evacuation Pause) 250M->252M(256M) 16.313ms
[2020-01-29T21:36:58.777+0300][75.312s][info ][gc] GC(2493) To-space exhausted
[2020-01-29T21:36:58.777+0300][75.312s][info ][gc] GC(2493) Pause Young (Normal) (G1 Evacuation Pause) 255M->255M(256M) 12.066ms
[2020-01-29T21:36:58.777+0300][75.312s][debug][gc] GC(2494) Clear Next Bitmap 0.067ms
[2020-01-29T21:36:58.819+0300][75.355s][info ][gc] GC(2494) Pause Full (G1 Evacuation Pause) 255M->77M(256M) 43.253ms
[2020-01-29T21:36:58.820+0300][75.356s][info ][gc] GC(2491) Concurrent Cycle 79.836ms
[2020-01-29T21:36:58.866+0300][75.401s][info ][gc] GC(2495) Pause Young (Normal) (G1 Evacuation Pause) 125M->124M(256M) 26.231ms
[2020-01-29T21:36:58.892+0300][75.427s][info ][gc] GC(2496) Pause Young (Concurrent Start) (G1 Humongous Allocation) 136M->138M(256M) 10.280ms
[2020-01-29T21:36:58.892+0300][75.427s][info ][gc] GC(2497) Concurrent Cycle
[2020-01-29T21:36:58.925+0300][75.460s][info ][gc] GC(2498) Pause Young (Normal) (G1 Evacuation Pause) 186M->187M(256M) 20.098ms
[2020-01-29T21:36:58.926+0300][75.461s][debug][gc] GC(2497) Reclaimed 115 empty regions
[2020-01-29T21:36:58.926+0300][75.461s][info ][gc] GC(2497) Pause Remark 188M->74M(256M) 0.617ms
[2020-01-29T21:36:58.943+0300][75.478s][info ][gc] GC(2499) Pause Young (Normal) (G1 Evacuation Pause) 85M->86M(256M) 11.653ms
[2020-01-29T21:36:58.993+0300][75.528s][info ][gc] GC(2500) Pause Young (Normal) (G1 Evacuation Pause) 130M->131M(256M) 32.906ms
[2020-01-29T21:36:59.051+0300][75.586s][info ][gc] GC(2501) Pause Young (Normal) (G1 Evacuation Pause) 161M->161M(256M) 45.695ms
[2020-01-29T21:36:59.064+0300][75.600s][info ][gc] GC(2497) Pause Cleanup 182M->182M(256M) 0.043ms
[2020-01-29T21:36:59.065+0300][75.600s][info ][gc] GC(2497) Concurrent Cycle 173.209ms
[2020-01-29T21:36:59.107+0300][75.642s][info ][gc] GC(2502) Pause Young (Normal) (G1 Evacuation Pause) 202M->203M(256M) 33.592ms
[2020-01-29T21:36:59.118+0300][75.653s][info ][gc] GC(2503) Pause Young (Concurrent Start) (G1 Evacuation Pause) 211M->212M(256M) 7.767ms
[2020-01-29T21:36:59.118+0300][75.653s][info ][gc] GC(2504) Concurrent Cycle
[2020-01-29T21:36:59.133+0300][75.668s][info ][gc] GC(2505) Pause Young (Normal) (G1 Evacuation Pause) 222M->224M(256M) 8.626ms
[2020-01-29T21:36:59.146+0300][75.681s][info ][gc] GC(2506) Pause Young (Normal) (G1 Evacuation Pause) 234M->235M(256M) 7.355ms
[2020-01-29T21:36:59.162+0300][75.697s][info ][gc] GC(2507) To-space exhausted
[2020-01-29T21:36:59.162+0300][75.697s][info ][gc] GC(2507) Pause Young (Normal) (G1 Evacuation Pause) 245M->247M(256M) 11.264ms
[2020-01-29T21:36:59.186+0300][75.721s][info ][gc] GC(2508) To-space exhausted
[2020-01-29T21:36:59.186+0300][75.721s][info ][gc] GC(2508) Pause Young (Normal) (G1 Evacuation Pause) 255M->255M(256M) 20.038ms
[2020-01-29T21:36:59.186+0300][75.721s][debug][gc] GC(2509) Clear Next Bitmap 0.058ms
[2020-01-29T21:36:59.236+0300][75.771s][info ][gc] GC(2509) Pause Full (G1 Evacuation Pause) 255M->88M(256M) 49.892ms
[2020-01-29T21:36:59.236+0300][75.771s][info ][gc] GC(2504) Concurrent Cycle 117.643ms
[2020-01-29T21:36:59.283+0300][75.818s][info ][gc] GC(2510) Pause Young (Normal) (G1 Evacuation Pause) 132M->132M(256M) 29.239ms
[2020-01-29T21:36:59.305+0300][75.840s][info ][gc] GC(2511) Pause Young (Concurrent Start) (G1 Humongous Allocation) 137M->138M(256M) 9.380ms
[2020-01-29T21:36:59.305+0300][75.840s][info ][gc] GC(2512) Concurrent Cycle
[2020-01-29T21:36:59.315+0300][75.850s][debug][gc] GC(2512) Reclaimed 124 empty regions
[2020-01-29T21:36:59.315+0300][75.850s][info ][gc] GC(2512) Pause Remark 179M->57M(256M) 0.654ms
[2020-01-29T21:36:59.336+0300][75.871s][info ][gc] GC(2513) Pause Young (Normal) (G1 Evacuation Pause) 63M->60M(256M) 18.256ms
[2020-01-29T21:36:59.352+0300][75.887s][info ][gc] GC(2512) Pause Cleanup 97M->97M(256M) 0.037ms
[2020-01-29T21:36:59.352+0300][75.887s][info ][gc] GC(2512) Concurrent Cycle 46.850ms
[2020-01-29T21:36:59.399+0300][75.934s][info ][gc] GC(2514) Pause Young (Normal) (G1 Evacuation Pause) 113M->114M(256M) 41.205ms
[2020-01-29T21:36:59.447+0300][75.983s][info ][gc] GC(2515) Pause Young (Concurrent Start) (G1 Humongous Allocation) 149M->149M(256M) 23.477ms
[2020-01-29T21:36:59.447+0300][75.983s][info ][gc] GC(2516) Concurrent Cycle
[2020-01-29T21:36:59.491+0300][76.026s][info ][gc] GC(2517) Pause Young (Normal) (G1 Evacuation Pause) 194M->195M(256M) 20.820ms
[2020-01-29T21:36:59.495+0300][76.031s][debug][gc] GC(2516) Reclaimed 101 empty regions
[2020-01-29T21:36:59.495+0300][76.031s][info ][gc] GC(2516) Pause Remark 204M->103M(256M) 0.617ms
[2020-01-29T21:36:59.505+0300][76.041s][info ][gc] GC(2518) Pause Young (Normal) (G1 Evacuation Pause) 104M->105M(256M) 9.172ms
[2020-01-29T21:36:59.548+0300][76.083s][info ][gc] GC(2519) Pause Young (Normal) (G1 Evacuation Pause) 143M->144M(256M) 26.680ms
[2020-01-29T21:36:59.591+0300][76.126s][info ][gc] GC(2520) Pause Young (Normal) (G1 Evacuation Pause) 170M->172M(256M) 32.333ms
[2020-01-29T21:36:59.641+0300][76.176s][info ][gc] GC(2521) Pause Young (Normal) (G1 Evacuation Pause) 209M->210M(256M) 30.824ms
[2020-01-29T21:36:59.671+0300][76.206s][info ][gc] GC(2522) Pause Young (Normal) (G1 Evacuation Pause) 219M->220M(256M) 24.925ms
[2020-01-29T21:36:59.701+0300][76.236s][info ][gc] GC(2523) Pause Young (Normal) (G1 Evacuation Pause) 230M->231M(256M) 24.879ms
[2020-01-29T21:36:59.732+0300][76.267s][info ][gc] GC(2524) Pause Young (Normal) (G1 Evacuation Pause) 241M->242M(256M) 25.714ms
[2020-01-29T21:36:59.774+0300][76.309s][info ][gc] GC(2525) To-space exhausted
[2020-01-29T21:36:59.774+0300][76.309s][info ][gc] GC(2525) Pause Young (Normal) (G1 Evacuation Pause) 252M->255M(256M) 37.154ms
[2020-01-29T21:36:59.774+0300][76.310s][debug][gc] GC(2526) Clear Next Bitmap 0.054ms
[2020-01-29T21:36:59.805+0300][76.341s][info ][gc] GC(2526) Pause Full (G1 Evacuation Pause) 255M->62M(256M) 31.123ms
[2020-01-29T21:36:59.805+0300][76.341s][info ][gc] GC(2516) Concurrent Cycle 358.220ms
[2020-01-29T21:36:59.854+0300][76.390s][info ][gc] GC(2527) Pause Young (Normal) (G1 Evacuation Pause) 114M->114M(256M) 28.552ms
[2020-01-29T21:36:59.891+0300][76.427s][info ][gc] GC(2528) Pause Young (Concurrent Start) (G1 Humongous Allocation) 137M->138M(256M) 16.772ms
[2020-01-29T21:36:59.891+0300][76.427s][info ][gc] GC(2529) Concurrent Cycle
[2020-01-29T21:36:59.929+0300][76.464s][info ][gc] GC(2530) Pause Young (Normal) (G1 Evacuation Pause) 186M->187M(256M) 21.902ms
[2020-01-29T21:36:59.934+0300][76.469s][debug][gc] GC(2529) Reclaimed 104 empty regions
[2020-01-29T21:36:59.934+0300][76.469s][info ][gc] GC(2529) Pause Remark 195M->93M(256M) 0.766ms
[2020-01-29T21:36:59.945+0300][76.481s][info ][gc] GC(2531) Pause Young (Normal) (G1 Evacuation Pause) 96M->97M(256M) 9.851ms
[2020-01-29T21:36:59.992+0300][76.527s][info ][gc] GC(2532) Pause Young (Normal) (G1 Evacuation Pause) 138M->139M(256M) 29.961ms
[2020-01-29T21:37:00.041+0300][76.576s][info ][gc] GC(2533) Pause Young (Normal) (G1 Evacuation Pause) 167M->168M(256M) 36.231ms
[2020-01-29T21:37:00.099+0300][76.634s][info ][gc] GC(2534) Pause Young (Normal) (G1 Evacuation Pause) 207M->208M(256M) 37.090ms
[2020-01-29T21:37:00.133+0300][76.669s][info ][gc] GC(2535) Pause Young (Normal) (G1 Evacuation Pause) 217M->219M(256M) 30.068ms
[2020-01-29T21:37:00.136+0300][76.671s][info ][gc] GC(2529) Pause Cleanup 221M->221M(256M) 0.043ms
[2020-01-29T21:37:00.136+0300][76.672s][info ][gc] GC(2529) Concurrent Cycle 244.753ms
[2020-01-29T21:37:00.166+0300][76.701s][info ][gc] GC(2536) Pause Young (Normal) (G1 Evacuation Pause) 229M->230M(256M) 26.591ms
[2020-01-29T21:37:00.180+0300][76.716s][info ][gc] GC(2537) Pause Young (Concurrent Start) (G1 Evacuation Pause) 240M->241M(256M) 9.762ms
[2020-01-29T21:37:00.180+0300][76.716s][info ][gc] GC(2538) Concurrent Cycle
[2020-01-29T21:37:00.205+0300][76.740s][info ][gc] GC(2539) To-space exhausted
[2020-01-29T21:37:00.205+0300][76.740s][info ][gc] GC(2539) Pause Young (Normal) (G1 Evacuation Pause) 251M->253M(256M) 18.125ms
[2020-01-29T21:37:00.218+0300][76.754s][info ][gc] GC(2540) To-space exhausted
[2020-01-29T21:37:00.218+0300][76.754s][info ][gc] GC(2540) Pause Young (Normal) (G1 Evacuation Pause) 255M->255M(256M) 8.822ms
[2020-01-29T21:37:00.218+0300][76.754s][debug][gc] GC(2541) Clear Next Bitmap 0.058ms
[2020-01-29T21:37:00.259+0300][76.794s][info ][gc] GC(2541) Pause Full (G1 Evacuation Pause) 255M->75M(256M) 40.148ms
[2020-01-29T21:37:00.259+0300][76.794s][info ][gc] GC(2538) Concurrent Cycle 78.442ms
[2020-01-29T21:37:00.304+0300][76.840s][info ][gc] GC(2542) Pause Young (Normal) (G1 Evacuation Pause) 123M->123M(256M) 27.052ms
[2020-01-29T21:37:00.332+0300][76.868s][info ][gc] GC(2543) Pause Young (Concurrent Start) (G1 Humongous Allocation) 136M->137M(256M) 11.718ms
[2020-01-29T21:37:00.332+0300][76.868s][info ][gc] GC(2544) Concurrent Cycle
[2020-01-29T21:37:00.367+0300][76.902s][info ][gc] GC(2545) Pause Young (Normal) (G1 Evacuation Pause) 185M->186M(256M) 21.683ms
[2020-01-29T21:37:00.370+0300][76.905s][debug][gc] GC(2544) Reclaimed 114 empty regions
[2020-01-29T21:37:00.370+0300][76.905s][info ][gc] GC(2544) Pause Remark 188M->77M(256M) 0.675ms
[2020-01-29T21:37:00.389+0300][76.924s][info ][gc] GC(2546) Pause Young (Normal) (G1 Evacuation Pause) 86M->87M(256M) 13.691ms
[2020-01-29T21:37:00.444+0300][76.979s][info ][gc] GC(2547) Pause Young (Normal) (G1 Evacuation Pause) 131M->132M(256M) 36.567ms
[2020-01-29T21:37:00.495+0300][77.031s][info ][gc] GC(2548) Pause Young (Normal) (G1 Evacuation Pause) 162M->163M(256M) 39.739ms
[2020-01-29T21:37:00.510+0300][77.045s][info ][gc] GC(2544) Pause Cleanup 190M->190M(256M) 0.041ms
[2020-01-29T21:37:00.510+0300][77.045s][info ][gc] GC(2544) Concurrent Cycle 177.363ms
[2020-01-29T21:37:00.546+0300][77.082s][info ][gc] GC(2549) Pause Young (Normal) (G1 Evacuation Pause) 203M->204M(256M) 30.876ms
[2020-01-29T21:37:00.557+0300][77.093s][info ][gc] GC(2550) Pause Young (Concurrent Start) (G1 Evacuation Pause) 212M->213M(256M) 7.883ms
[2020-01-29T21:37:00.557+0300][77.093s][info ][gc] GC(2551) Concurrent Cycle
[2020-01-29T21:37:00.572+0300][77.107s][info ][gc] GC(2552) Pause Young (Normal) (G1 Evacuation Pause) 223M->224M(256M) 7.914ms
[2020-01-29T21:37:00.585+0300][77.121s][info ][gc] GC(2553) Pause Young (Normal) (G1 Evacuation Pause) 234M->235M(256M) 7.622ms
[2020-01-29T21:37:00.600+0300][77.136s][info ][gc] GC(2554) To-space exhausted
[2020-01-29T21:37:00.600+0300][77.136s][info ][gc] GC(2554) Pause Young (Normal) (G1 Evacuation Pause) 245M->248M(256M) 10.108ms
[2020-01-29T21:37:00.625+0300][77.161s][info ][gc] GC(2555) To-space exhausted
[2020-01-29T21:37:00.625+0300][77.161s][info ][gc] GC(2555) Pause Young (Normal) (G1 Evacuation Pause) 255M->255M(256M) 21.678ms
[2020-01-29T21:37:00.626+0300][77.161s][debug][gc] GC(2556) Clear Next Bitmap 0.158ms
[2020-01-29T21:37:00.684+0300][77.219s][info ][gc] GC(2556) Pause Full (G1 Evacuation Pause) 255M->85M(256M) 58.526ms
[2020-01-29T21:37:00.685+0300][77.220s][info ][gc] GC(2551) Concurrent Cycle 126.935ms
[2020-01-29T21:37:00.736+0300][77.271s][info ][gc] GC(2557) Pause Young (Normal) (G1 Evacuation Pause) 130M->131M(256M) 33.035ms
[2020-01-29T21:37:00.759+0300][77.294s][info ][gc] GC(2558) Pause Young (Concurrent Start) (G1 Humongous Allocation) 137M->137M(256M) 9.407ms
[2020-01-29T21:37:00.759+0300][77.294s][info ][gc] GC(2559) Concurrent Cycle
[2020-01-29T21:37:00.770+0300][77.305s][debug][gc] GC(2559) Reclaimed 121 empty regions
[2020-01-29T21:37:00.770+0300][77.305s][info ][gc] GC(2559) Pause Remark 179M->60M(256M) 0.777ms
[2020-01-29T21:37:00.813+0300][77.347s][info ][gc] GC(2560) Pause Young (Normal) (G1 Evacuation Pause) 65M->60M(256M) 39.545ms
[2020-01-29T21:37:00.828+0300][77.363s][info ][gc] GC(2559) Pause Cleanup 87M->87M(256M) 0.038ms
[2020-01-29T21:37:00.829+0300][77.364s][info ][gc] GC(2559) Concurrent Cycle 69.918ms
[2020-01-29T21:37:00.897+0300][77.432s][info ][gc] GC(2561) Pause Young (Normal) (G1 Evacuation Pause) 113M->114M(256M) 57.408ms
[2020-01-29T21:37:00.945+0300][77.481s][info ][gc] GC(2562) Pause Young (Concurrent Start) (G1 Humongous Allocation) 148M->148M(256M) 23.472ms
[2020-01-29T21:37:00.945+0300][77.481s][info ][gc] GC(2563) Concurrent Cycle
[2020-01-29T21:37:00.986+0300][77.522s][info ][gc] GC(2564) Pause Young (Normal) (G1 Evacuation Pause) 193M->194M(256M) 19.110ms
[2020-01-29T21:37:00.991+0300][77.526s][debug][gc] GC(2563) Reclaimed 101 empty regions
[2020-01-29T21:37:00.991+0300][77.526s][info ][gc] GC(2563) Pause Remark 202M->101M(256M) 0.634ms
[2020-01-29T21:37:01.001+0300][77.536s][info ][gc] GC(2565) Pause Young (Normal) (G1 Evacuation Pause) 103M->104M(256M) 8.687ms
[2020-01-29T21:37:01.045+0300][77.580s][info ][gc] GC(2566) Pause Young (Normal) (G1 Evacuation Pause) 143M->143M(256M) 27.267ms
[2020-01-29T21:37:01.089+0300][77.624s][info ][gc] GC(2567) Pause Young (Normal) (G1 Evacuation Pause) 169M->170M(256M) 32.871ms
[2020-01-29T21:37:01.143+0300][77.678s][info ][gc] GC(2568) Pause Young (Normal) (G1 Evacuation Pause) 208M->209M(256M) 35.379ms
[2020-01-29T21:37:01.176+0300][77.711s][info ][gc] GC(2569) Pause Young (Normal) (G1 Evacuation Pause) 218M->219M(256M) 28.348ms
[2020-01-29T21:37:01.210+0300][77.745s][info ][gc] GC(2570) Pause Young (Normal) (G1 Evacuation Pause) 229M->230M(256M) 29.574ms
[2020-01-29T21:37:01.246+0300][77.781s][info ][gc] GC(2571) Pause Young (Normal) (G1 Evacuation Pause) 240M->240M(256M) 30.887ms
[2020-01-29T21:37:01.251+0300][77.787s][info ][gc] GC(2563) Pause Cleanup 248M->248M(256M) 0.049ms
[2020-01-29T21:37:01.252+0300][77.787s][info ][gc] GC(2563) Concurrent Cycle 306.668ms
[2020-01-29T21:37:01.288+0300][77.823s][info ][gc] GC(2572) To-space exhausted
[2020-01-29T21:37:01.288+0300][77.823s][info ][gc] GC(2572) Pause Young (Normal) (G1 Evacuation Pause) 250M->254M(256M) 34.865ms
[2020-01-29T21:37:01.298+0300][77.833s][info ][gc] GC(2573) To-space exhausted
[2020-01-29T21:37:01.298+0300][77.833s][info ][gc] GC(2573) Pause Young (Concurrent Start) (G1 Evacuation Pause) 255M->255M(256M) 9.302ms
[2020-01-29T21:37:01.298+0300][77.833s][info ][gc] GC(2575) Concurrent Cycle
[2020-01-29T21:37:01.298+0300][77.833s][debug][gc] GC(2574) Clear Next Bitmap 0.069ms
[2020-01-29T21:37:01.332+0300][77.867s][info ][gc] GC(2574) Pause Full (G1 Evacuation Pause) 255M->64M(256M) 33.908ms
[2020-01-29T21:37:01.332+0300][77.868s][info ][gc] GC(2575) Concurrent Cycle 34.256ms
[2020-01-29T21:37:01.386+0300][77.921s][info ][gc] GC(2576) Pause Young (Normal) (G1 Evacuation Pause) 121M->121M(256M) 30.849ms
[2020-01-29T21:37:01.416+0300][77.951s][info ][gc] GC(2577) Pause Young (Concurrent Start) (G1 Humongous Allocation) 136M->137M(256M) 13.367ms
[2020-01-29T21:37:01.417+0300][77.951s][info ][gc] GC(2578) Concurrent Cycle
[2020-01-29T21:37:01.452+0300][77.988s][info ][gc] GC(2579) Pause Young (Normal) (G1 Evacuation Pause) 186M->187M(256M) 21.065ms
[2020-01-29T21:37:01.456+0300][77.992s][debug][gc] GC(2578) Reclaimed 108 empty regions
[2020-01-29T21:37:01.456+0300][77.992s][info ][gc] GC(2578) Pause Remark 195M->88M(256M) 0.643ms
[2020-01-29T21:37:01.469+0300][78.005s][info ][gc] GC(2580) Pause Young (Normal) (G1 Evacuation Pause) 92M->93M(256M) 10.885ms
[2020-01-29T21:37:01.518+0300][78.053s][info ][gc] GC(2581) Pause Young (Normal) (G1 Evacuation Pause) 135M->136M(256M) 30.784ms
[2020-01-29T21:37:01.567+0300][78.102s][info ][gc] GC(2582) Pause Young (Normal) (G1 Evacuation Pause) 165M->166M(256M) 37.286ms
[2020-01-29T21:37:01.619+0300][78.154s][info ][gc] GC(2583) Pause Young (Normal) (G1 Evacuation Pause) 205M->206M(256M) 31.718ms
[2020-01-29T21:37:01.621+0300][78.157s][info ][gc] GC(2578) Pause Cleanup 213M->213M(256M) 0.044ms
[2020-01-29T21:37:01.622+0300][78.157s][info ][gc] GC(2578) Concurrent Cycle 205.928ms
[2020-01-29T21:37:01.646+0300][78.182s][info ][gc] GC(2584) Pause Young (Normal) (G1 Evacuation Pause) 215M->215M(256M) 23.443ms
[2020-01-29T21:37:01.659+0300][78.194s][info ][gc] GC(2585) Pause Young (Concurrent Start) (G1 Evacuation Pause) 225M->225M(256M) 8.400ms
[2020-01-29T21:37:01.659+0300][78.194s][info ][gc] GC(2586) Concurrent Cycle
[2020-01-29T21:37:01.674+0300][78.209s][info ][gc] GC(2587) Pause Young (Normal) (G1 Evacuation Pause) 235M->236M(256M) 8.526ms
[2020-01-29T21:37:01.689+0300][78.224s][info ][gc] GC(2588) To-space exhausted
[2020-01-29T21:37:01.689+0300][78.224s][info ][gc] GC(2588) Pause Young (Normal) (G1 Evacuation Pause) 246M->248M(256M) 10.631ms
[2020-01-29T21:37:01.709+0300][78.245s][info ][gc] GC(2589) To-space exhausted
[2020-01-29T21:37:01.709+0300][78.245s][info ][gc] GC(2589) Pause Young (Normal) (G1 Evacuation Pause) 255M->255M(256M) 17.508ms
[2020-01-29T21:37:01.709+0300][78.245s][debug][gc] GC(2590) Clear Next Bitmap 0.070ms
[2020-01-29T21:37:01.754+0300][78.289s][info ][gc] GC(2590) Pause Full (G1 Evacuation Pause) 255M->84M(256M) 44.519ms
[2020-01-29T21:37:01.754+0300][78.290s][info ][gc] GC(2586) Concurrent Cycle 95.189ms
[2020-01-29T21:37:01.796+0300][78.332s][info ][gc] GC(2591) Pause Young (Normal) (G1 Evacuation Pause) 129M->130M(256M) 24.370ms
[2020-01-29T21:37:01.818+0300][78.353s][info ][gc] GC(2592) Pause Young (Concurrent Start) (G1 Humongous Allocation) 137M->137M(256M) 8.630ms
[2020-01-29T21:37:01.818+0300][78.353s][info ][gc] GC(2593) Concurrent Cycle
[2020-01-29T21:37:01.829+0300][78.365s][debug][gc] GC(2593) Reclaimed 121 empty regions
[2020-01-29T21:37:01.829+0300][78.365s][info ][gc] GC(2593) Pause Remark 180M->61M(256M) 0.618ms
[2020-01-29T21:37:01.849+0300][78.385s][info ][gc] GC(2594) Pause Young (Normal) (G1 Evacuation Pause) 66M->63M(256M) 17.658ms
[2020-01-29T21:37:01.868+0300][78.403s][info ][gc] GC(2593) Pause Cleanup 109M->109M(256M) 0.038ms
[2020-01-29T21:37:01.868+0300][78.403s][info ][gc] GC(2593) Concurrent Cycle 49.799ms
[2020-01-29T21:37:01.912+0300][78.447s][info ][gc] GC(2595) Pause Young (Normal) (G1 Evacuation Pause) 115M->115M(256M) 41.523ms
[2020-01-29T21:37:01.962+0300][78.497s][info ][gc] GC(2596) Pause Young (Concurrent Start) (G1 Humongous Allocation) 150M->151M(256M) 24.213ms
[2020-01-29T21:37:01.962+0300][78.497s][info ][gc] GC(2597) Concurrent Cycle
[2020-01-29T21:37:02.002+0300][78.538s][info ][gc] GC(2598) Pause Young (Normal) (G1 Evacuation Pause) 195M->196M(256M) 18.863ms
[2020-01-29T21:37:02.007+0300][78.543s][debug][gc] GC(2597) Reclaimed 103 empty regions
[2020-01-29T21:37:02.007+0300][78.543s][info ][gc] GC(2597) Pause Remark 205M->102M(256M) 0.689ms
[2020-01-29T21:37:02.016+0300][78.551s][info ][gc] GC(2599) Pause Young (Normal) (G1 Evacuation Pause) 103M->103M(256M) 8.025ms
[2020-01-29T21:37:02.062+0300][78.598s][info ][gc] GC(2600) Pause Young (Normal) (G1 Evacuation Pause) 142M->143M(256M) 30.468ms
[2020-01-29T21:37:02.109+0300][78.644s][info ][gc] GC(2601) Pause Young (Normal) (G1 Evacuation Pause) 169M->171M(256M) 34.218ms
[2020-01-29T21:37:02.166+0300][78.700s][info ][gc] GC(2602) Pause Young (Normal) (G1 Evacuation Pause) 209M->210M(256M) 36.434ms
[2020-01-29T21:37:02.198+0300][78.733s][info ][gc] GC(2603) Pause Young (Normal) (G1 Evacuation Pause) 219M->219M(256M) 27.729ms
[2020-01-29T21:37:02.232+0300][78.767s][info ][gc] GC(2604) Pause Young (Normal) (G1 Evacuation Pause) 229M->230M(256M) 27.869ms
[2020-01-29T21:37:02.266+0300][78.801s][info ][gc] GC(2605) Pause Young (Normal) (G1 Evacuation Pause) 240M->241M(256M) 28.932ms
[2020-01-29T21:37:02.269+0300][78.804s][info ][gc] GC(2597) Pause Cleanup 243M->243M(256M) 0.051ms
[2020-01-29T21:37:02.270+0300][78.805s][info ][gc] GC(2597) Concurrent Cycle 307.853ms
[2020-01-29T21:37:02.309+0300][78.844s][info ][gc] GC(2606) To-space exhausted
[2020-01-29T21:37:02.309+0300][78.844s][info ][gc] GC(2606) Pause Young (Normal) (G1 Evacuation Pause) 251M->255M(256M) 35.875ms
[2020-01-29T21:37:02.342+0300][78.876s][info ][gc] GC(2607) Pause Full (G1 Evacuation Pause) 255M->62M(256M) 32.358ms
[2020-01-29T21:37:02.395+0300][78.931s][info ][gc] GC(2608) Pause Young (Concurrent Start) (G1 Evacuation Pause) 114M->114M(256M) 31.799ms
[2020-01-29T21:37:02.395+0300][78.931s][info ][gc] GC(2609) Concurrent Cycle
[2020-01-29T21:37:02.449+0300][78.985s][info ][gc] GC(2610) Pause Young (Normal) (G1 Evacuation Pause) 169M->170M(256M) 26.432ms
[2020-01-29T21:37:02.471+0300][79.006s][info ][gc] GC(2611) Pause Young (Normal) (G1 Evacuation Pause) 187M->188M(256M) 13.736ms
[2020-01-29T21:37:02.484+0300][79.019s][info ][gc] GC(2612) Pause Young (Normal) (G1 Evacuation Pause) 199M->200M(256M) 8.106ms
[2020-01-29T21:37:02.496+0300][79.031s][info ][gc] GC(2613) Pause Young (Normal) (G1 Evacuation Pause) 210M->211M(256M) 7.714ms
[2020-01-29T21:37:02.508+0300][79.043s][info ][gc] GC(2614) Pause Young (Normal) (G1 Evacuation Pause) 221M->222M(256M) 8.118ms
[2020-01-29T21:37:02.521+0300][79.056s][info ][gc] GC(2615) Pause Young (Normal) (G1 Evacuation Pause) 232M->233M(256M) 8.437ms
[2020-01-29T21:37:02.536+0300][79.071s][info ][gc] GC(2616) To-space exhausted
[2020-01-29T21:37:02.536+0300][79.071s][info ][gc] GC(2616) Pause Young (Normal) (G1 Evacuation Pause) 243M->246M(256M) 10.695ms
[2020-01-29T21:37:02.558+0300][79.093s][info ][gc] GC(2617) To-space exhausted
[2020-01-29T21:37:02.558+0300][79.093s][info ][gc] GC(2617) Pause Young (Normal) (G1 Evacuation Pause) 253M->253M(256M) 18.507ms
[2020-01-29T21:37:02.558+0300][79.093s][debug][gc] GC(2618) Clear Next Bitmap 0.065ms
[2020-01-29T21:37:02.625+0300][79.160s][info ][gc] GC(2618) Pause Full (G1 Evacuation Pause) 253M->109M(256M) 66.893ms
[2020-01-29T21:37:02.625+0300][79.160s][info ][gc] GC(2609) Concurrent Cycle 229.623ms
[2020-01-29T21:37:02.663+0300][79.198s][info ][gc] GC(2619) Pause Young (Concurrent Start) (G1 Humongous Allocation) 137M->136M(256M) 16.640ms
[2020-01-29T21:37:02.663+0300][79.198s][info ][gc] GC(2620) Concurrent Cycle
[2020-01-29T21:37:02.699+0300][79.234s][info ][gc] GC(2621) Pause Young (Normal) (G1 Evacuation Pause) 184M->186M(256M) 20.824ms
[2020-01-29T21:37:02.704+0300][79.238s][debug][gc] GC(2620) Reclaimed 107 empty regions
[2020-01-29T21:37:02.704+0300][79.238s][info ][gc] GC(2620) Pause Remark 194M->89M(256M) 0.630ms
[2020-01-29T21:37:02.717+0300][79.252s][info ][gc] GC(2622) Pause Young (Normal) (G1 Evacuation Pause) 93M->94M(256M) 11.548ms
[2020-01-29T21:37:02.766+0300][79.302s][info ][gc] GC(2623) Pause Young (Normal) (G1 Evacuation Pause) 137M->138M(256M) 32.639ms
[2020-01-29T21:37:02.816+0300][79.351s][info ][gc] GC(2624) Pause Young (Normal) (G1 Evacuation Pause) 166M->167M(256M) 37.421ms
[2020-01-29T21:37:02.874+0300][79.409s][info ][gc] GC(2625) Pause Young (Normal) (G1 Evacuation Pause) 206M->206M(256M) 35.932ms
[2020-01-29T21:37:02.875+0300][79.410s][info ][gc] GC(2620) Pause Cleanup 207M->207M(256M) 0.038ms
[2020-01-29T21:37:02.875+0300][79.410s][info ][gc] GC(2620) Concurrent Cycle 211.942ms
[2020-01-29T21:37:02.903+0300][79.438s][info ][gc] GC(2626) Pause Young (Normal) (G1 Evacuation Pause) 215M->216M(256M) 24.625ms
[2020-01-29T21:37:02.916+0300][79.451s][info ][gc] GC(2627) Pause Young (Concurrent Start) (G1 Evacuation Pause) 226M->227M(256M) 7.984ms
[2020-01-29T21:37:02.916+0300][79.451s][info ][gc] GC(2628) Concurrent Cycle
[2020-01-29T21:37:02.930+0300][79.466s][info ][gc] GC(2629) Pause Young (Normal) (G1 Evacuation Pause) 237M->238M(256M) 8.046ms
[2020-01-29T21:37:02.949+0300][79.484s][info ][gc] GC(2630) To-space exhausted
[2020-01-29T21:37:02.949+0300][79.484s][info ][gc] GC(2630) Pause Young (Normal) (G1 Evacuation Pause) 248M->251M(256M) 13.880ms
[2020-01-29T21:37:02.964+0300][79.499s][info ][gc] GC(2631) To-space exhausted
[2020-01-29T21:37:02.964+0300][79.499s][info ][gc] GC(2631) Pause Young (Normal) (G1 Evacuation Pause) 255M->255M(256M) 12.885ms
[2020-01-29T21:37:02.964+0300][79.499s][debug][gc] GC(2632) Clear Next Bitmap 0.071ms
[2020-01-29T21:37:03.010+0300][79.545s][info ][gc] GC(2632) Pause Full (G1 Evacuation Pause) 255M->81M(256M) 46.130ms
[2020-01-29T21:37:03.010+0300][79.545s][info ][gc] GC(2628) Concurrent Cycle 94.421ms
[2020-01-29T21:37:03.053+0300][79.588s][info ][gc] GC(2633) Pause Young (Normal) (G1 Evacuation Pause) 127M->126M(256M) 24.524ms
[2020-01-29T21:37:03.078+0300][79.613s][info ][gc] GC(2634) Pause Young (Concurrent Start) (G1 Humongous Allocation) 137M->137M(256M) 10.114ms
[2020-01-29T21:37:03.078+0300][79.613s][info ][gc] GC(2635) Concurrent Cycle
[2020-01-29T21:37:03.110+0300][79.645s][info ][gc] GC(2636) Pause Young (Normal) (G1 Evacuation Pause) 185M->186M(256M) 19.773ms
[2020-01-29T21:37:03.111+0300][79.646s][debug][gc] GC(2635) Reclaimed 118 empty regions
[2020-01-29T21:37:03.111+0300][79.646s][info ][gc] GC(2635) Pause Remark 186M->70M(256M) 0.670ms
[2020-01-29T21:37:03.127+0300][79.663s][info ][gc] GC(2637) Pause Young (Normal) (G1 Evacuation Pause) 82M->83M(256M) 12.155ms
[2020-01-29T21:37:03.180+0300][79.715s][info ][gc] GC(2638) Pause Young (Normal) (G1 Evacuation Pause) 128M->129M(256M) 34.097ms
[2020-01-29T21:37:03.247+0300][79.782s][info ][gc] GC(2639) Pause Young (Normal) (G1 Evacuation Pause) 180M->180M(256M) 42.261ms
[2020-01-29T21:37:03.248+0300][79.783s][info ][gc] GC(2635) Pause Cleanup 181M->181M(256M) 0.057ms
[2020-01-29T21:37:03.248+0300][79.784s][info ][gc] GC(2635) Concurrent Cycle 171.046ms
[2020-01-29T21:37:03.285+0300][79.820s][info ][gc] GC(2640) Pause Young (Normal) (G1 Evacuation Pause) 195M->196M(256M) 30.859ms
[2020-01-29T21:37:03.299+0300][79.834s][info ][gc] GC(2641) Pause Young (Concurrent Start) (G1 Evacuation Pause) 206M->207M(256M) 8.737ms
[2020-01-29T21:37:03.299+0300][79.834s][info ][gc] GC(2642) Concurrent Cycle
[2020-01-29T21:37:03.314+0300][79.849s][info ][gc] GC(2643) Pause Young (Normal) (G1 Evacuation Pause) 217M->218M(256M) 7.944ms
[2020-01-29T21:37:03.326+0300][79.861s][info ][gc] GC(2644) Pause Young (Normal) (G1 Evacuation Pause) 228M->228M(256M) 7.751ms
[2020-01-29T21:37:03.338+0300][79.874s][info ][gc] GC(2645) Pause Young (Normal) (G1 Evacuation Pause) 238M->239M(256M) 7.766ms
[2020-01-29T21:37:03.358+0300][79.893s][info ][gc] GC(2646) To-space exhausted
[2020-01-29T21:37:03.358+0300][79.894s][info ][gc] GC(2646) Pause Young (Normal) (G1 Evacuation Pause) 249M->251M(256M) 15.903ms
[2020-01-29T21:37:03.374+0300][79.909s][info ][gc] GC(2647) To-space exhausted
[2020-01-29T21:37:03.374+0300][79.909s][info ][gc] GC(2647) Pause Young (Normal) (G1 Evacuation Pause) 255M->255M(256M) 14.029ms
[2020-01-29T21:37:03.374+0300][79.909s][debug][gc] GC(2648) Clear Next Bitmap 0.067ms
[2020-01-29T21:37:03.428+0300][79.963s][info ][gc] GC(2648) Pause Full (G1 Evacuation Pause) 255M->91M(256M) 53.447ms
[2020-01-29T21:37:03.428+0300][79.963s][info ][gc] GC(2642) Concurrent Cycle 129.202ms
[2020-01-29T21:37:03.470+0300][80.005s][info ][gc] GC(2649) Pause Young (Normal) (G1 Evacuation Pause) 134M->134M(256M) 24.187ms
[2020-01-29T21:37:03.487+0300][80.022s][info ][gc] GC(2650) Pause Young (Concurrent Start) (G1 Humongous Allocation) 136M->138M(256M) 5.559ms
[2020-01-29T21:37:03.487+0300][80.022s][info ][gc] GC(2651) Concurrent Cycle
[2020-01-29T21:37:03.495+0300][80.031s][debug][gc] GC(2651) Reclaimed 127 empty regions
[2020-01-29T21:37:03.495+0300][80.031s][info ][gc] GC(2651) Pause Remark 174M->49M(256M) 0.630ms
[2020-01-29T21:37:03.519+0300][80.054s][info ][gc] GC(2652) Pause Young (Normal) (G1 Evacuation Pause) 61M->59M(256M) 18.819ms
[2020-01-29T21:37:03.531+0300][80.066s][info ][gc] GC(2651) Pause Cleanup 88M->88M(256M) 0.034ms
[2020-01-29T21:37:03.531+0300][80.066s][info ][gc] GC(2651) Concurrent Cycle 44.509ms
[2020-01-29T21:37:03.586+0300][80.121s][info ][gc] GC(2653) Pause Young (Normal) (G1 Evacuation Pause) 112M->113M(256M) 44.523ms
[2020-01-29T21:37:03.637+0300][80.173s][info ][gc] GC(2654) Pause Young (Concurrent Start) (G1 Humongous Allocation) 147M->147M(256M) 28.018ms
[2020-01-29T21:37:03.637+0300][80.173s][info ][gc] GC(2655) Concurrent Cycle
[2020-01-29T21:37:03.679+0300][80.215s][info ][gc] GC(2656) Pause Young (Normal) (G1 Evacuation Pause) 192M->193M(256M) 20.017ms
[2020-01-29T21:37:03.684+0300][80.219s][debug][gc] GC(2655) Reclaimed 102 empty regions
[2020-01-29T21:37:03.684+0300][80.219s][info ][gc] GC(2655) Pause Remark 202M->100M(256M) 0.778ms
[2020-01-29T21:37:03.695+0300][80.230s][info ][gc] GC(2657) Pause Young (Normal) (G1 Evacuation Pause) 102M->103M(256M) 9.743ms
[2020-01-29T21:37:03.740+0300][80.276s][info ][gc] GC(2658) Pause Young (Normal) (G1 Evacuation Pause) 142M->143M(256M) 29.092ms
[2020-01-29T21:37:03.785+0300][80.320s][info ][gc] GC(2659) Pause Young (Normal) (G1 Evacuation Pause) 169M->170M(256M) 33.642ms
[2020-01-29T21:37:03.836+0300][80.370s][info ][gc] GC(2660) Pause Young (Normal) (G1 Evacuation Pause) 208M->209M(256M) 30.115ms
[2020-01-29T21:37:03.864+0300][80.398s][info ][gc] GC(2661) Pause Young (Normal) (G1 Evacuation Pause) 218M->219M(256M) 23.928ms
[2020-01-29T21:37:03.895+0300][80.430s][info ][gc] GC(2662) Pause Young (Normal) (G1 Evacuation Pause) 229M->230M(256M) 26.607ms
[2020-01-29T21:37:03.928+0300][80.463s][info ][gc] GC(2663) Pause Young (Normal) (G1 Evacuation Pause) 240M->241M(256M) 28.177ms
[2020-01-29T21:37:03.932+0300][80.468s][info ][gc] GC(2655) Pause Cleanup 249M->249M(256M) 0.056ms
[2020-01-29T21:37:03.933+0300][80.468s][info ][gc] GC(2655) Concurrent Cycle 295.561ms
[2020-01-29T21:37:03.979+0300][80.515s][info ][gc] GC(2664) To-space exhausted
[2020-01-29T21:37:03.980+0300][80.515s][info ][gc] GC(2664) Pause Young (Normal) (G1 Evacuation Pause) 251M->254M(256M) 45.484ms
[2020-01-29T21:37:03.992+0300][80.527s][info ][gc] GC(2665) To-space exhausted
[2020-01-29T21:37:03.992+0300][80.527s][info ][gc] GC(2665) Pause Young (Concurrent Start) (G1 Evacuation Pause) 255M->255M(256M) 11.560ms
[2020-01-29T21:37:03.992+0300][80.527s][info ][gc] GC(2667) Concurrent Cycle
[2020-01-29T21:37:03.992+0300][80.528s][debug][gc] GC(2666) Clear Next Bitmap 0.075ms
[2020-01-29T21:37:04.032+0300][80.567s][info ][gc] GC(2666) Pause Full (G1 Evacuation Pause) 255M->66M(256M) 39.551ms
[2020-01-29T21:37:04.032+0300][80.567s][info ][gc] GC(2667) Concurrent Cycle 39.988ms
[2020-01-29T21:37:04.085+0300][80.620s][info ][gc] GC(2668) Pause Young (Normal) (G1 Evacuation Pause) 122M->121M(256M) 30.407ms
[2020-01-29T21:37:04.114+0300][80.649s][info ][gc] GC(2669) Pause Young (Concurrent Start) (G1 Humongous Allocation) 137M->138M(256M) 12.553ms
[2020-01-29T21:37:04.114+0300][80.649s][info ][gc] GC(2670) Concurrent Cycle
[2020-01-29T21:37:04.149+0300][80.684s][info ][gc] GC(2671) Pause Young (Normal) (G1 Evacuation Pause) 186M->187M(256M) 21.182ms
[2020-01-29T21:37:04.153+0300][80.688s][debug][gc] GC(2670) Reclaimed 111 empty regions
[2020-01-29T21:37:04.153+0300][80.688s][info ][gc] GC(2670) Pause Remark 190M->81M(256M) 0.883ms
[2020-01-29T21:37:04.167+0300][80.702s][info ][gc] GC(2672) Pause Young (Normal) (G1 Evacuation Pause) 90M->91M(256M) 10.114ms
[2020-01-29T21:37:04.220+0300][80.755s][info ][gc] GC(2673) Pause Young (Normal) (G1 Evacuation Pause) 134M->135M(256M) 32.187ms
[2020-01-29T21:37:04.279+0300][80.815s][info ][gc] GC(2674) Pause Young (Normal) (G1 Evacuation Pause) 164M->165M(256M) 47.566ms
[2020-01-29T21:37:04.294+0300][80.830s][info ][gc] GC(2670) Pause Cleanup 192M->192M(256M) 0.049ms
[2020-01-29T21:37:04.295+0300][80.830s][info ][gc] GC(2670) Concurrent Cycle 180.981ms
[2020-01-29T21:37:04.352+0300][80.887s][info ][gc] GC(2675) Pause Young (Normal) (G1 Evacuation Pause) 205M->206M(256M) 51.498ms
[2020-01-29T21:37:04.367+0300][80.902s][info ][gc] GC(2676) Pause Young (Concurrent Start) (G1 Evacuation Pause) 214M->214M(256M) 10.919ms
[2020-01-29T21:37:04.367+0300][80.902s][info ][gc] GC(2677) Concurrent Cycle
[2020-01-29T21:37:04.384+0300][80.920s][info ][gc] GC(2678) Pause Young (Normal) (G1 Evacuation Pause) 224M->226M(256M) 10.470ms
[2020-01-29T21:37:04.401+0300][80.936s][info ][gc] GC(2679) Pause Young (Normal) (G1 Evacuation Pause) 236M->237M(256M) 9.747ms
[2020-01-29T21:37:04.421+0300][80.956s][info ][gc] GC(2680) To-space exhausted
[2020-01-29T21:37:04.421+0300][80.956s][info ][gc] GC(2680) Pause Young (Normal) (G1 Evacuation Pause) 247M->249M(256M) 15.231ms
[2020-01-29T21:37:04.441+0300][80.976s][info ][gc] GC(2681) To-space exhausted
[2020-01-29T21:37:04.441+0300][80.976s][info ][gc] GC(2681) Pause Young (Normal) (G1 Evacuation Pause) 255M->255M(256M) 17.092ms
[2020-01-29T21:37:04.441+0300][80.976s][debug][gc] GC(2682) Clear Next Bitmap 0.076ms
[2020-01-29T21:37:04.499+0300][81.034s][info ][gc] GC(2682) Pause Full (G1 Evacuation Pause) 255M->82M(256M) 57.719ms
[2020-01-29T21:37:04.499+0300][81.034s][info ][gc] GC(2677) Concurrent Cycle 131.931ms
[2020-01-29T21:37:04.548+0300][81.083s][info ][gc] GC(2683) Pause Young (Normal) (G1 Evacuation Pause) 128M->129M(256M) 28.785ms
[2020-01-29T21:37:04.570+0300][81.105s][info ][gc] GC(2684) Pause Young (Concurrent Start) (G1 Humongous Allocation) 137M->137M(256M) 8.760ms
[2020-01-29T21:37:04.570+0300][81.105s][info ][gc] GC(2685) Concurrent Cycle
[2020-01-29T21:37:04.583+0300][81.117s][debug][gc] GC(2685) Reclaimed 121 empty regions
[2020-01-29T21:37:04.583+0300][81.118s][info ][gc] GC(2685) Pause Remark 182M->64M(256M) 0.626ms
[2020-01-29T21:37:04.602+0300][81.137s][info ][gc] GC(2686) Pause Young (Normal) (G1 Evacuation Pause) 66M->62M(256M) 18.002ms
[2020-01-29T21:37:04.681+0300][81.216s][info ][gc] GC(2687) Pause Young (Normal) (G1 Evacuation Pause) 114M->115M(256M) 58.622ms
[2020-01-29T21:37:04.683+0300][81.218s][info ][gc] GC(2685) Pause Cleanup 116M->116M(256M) 0.045ms
[2020-01-29T21:37:04.683+0300][81.219s][info ][gc] GC(2685) Concurrent Cycle 113.563ms
[2020-01-29T21:37:04.760+0300][81.295s][info ][gc] GC(2688) Pause Young (Concurrent Start) (G1 Humongous Allocation) 150M->151M(256M) 51.169ms
[2020-01-29T21:37:04.760+0300][81.295s][info ][gc] GC(2689) Concurrent Cycle
[2020-01-29T21:37:04.809+0300][81.344s][info ][gc] GC(2690) Pause Young (Normal) (G1 Evacuation Pause) 195M->196M(256M) 25.617ms
[2020-01-29T21:37:04.814+0300][81.348s][debug][gc] GC(2689) Reclaimed 104 empty regions
[2020-01-29T21:37:04.814+0300][81.348s][info ][gc] GC(2689) Pause Remark 205M->101M(256M) 0.781ms
[2020-01-29T21:37:04.825+0300][81.361s][info ][gc] GC(2691) Pause Young (Normal) (G1 Evacuation Pause) 102M->103M(256M) 11.574ms
[2020-01-29T21:37:04.877+0300][81.412s][info ][gc] GC(2692) Pause Young (Normal) (G1 Evacuation Pause) 142M->142M(256M) 34.888ms
[2020-01-29T21:37:04.922+0300][81.457s][info ][gc] GC(2693) Pause Young (Normal) (G1 Evacuation Pause) 169M->170M(256M) 31.949ms
[2020-01-29T21:37:04.972+0300][81.506s][info ][gc] GC(2694) Pause Young (Normal) (G1 Evacuation Pause) 208M->209M(256M) 29.798ms
[2020-01-29T21:37:04.999+0300][81.534s][info ][gc] GC(2695) Pause Young (Normal) (G1 Evacuation Pause) 218M->218M(256M) 23.465ms
[2020-01-29T21:37:05.030+0300][81.565s][info ][gc] GC(2696) Pause Young (Normal) (G1 Evacuation Pause) 228M->229M(256M) 24.657ms
[2020-01-29T21:37:05.059+0300][81.595s][info ][gc] GC(2697) Pause Young (Normal) (G1 Evacuation Pause) 239M->240M(256M) 24.688ms
[2020-01-29T21:37:05.061+0300][81.597s][info ][gc] GC(2689) Pause Cleanup 244M->244M(256M) 0.044ms
[2020-01-29T21:37:05.061+0300][81.597s][info ][gc] GC(2689) Concurrent Cycle 301.741ms
[2020-01-29T21:37:05.095+0300][81.630s][info ][gc] GC(2698) To-space exhausted
[2020-01-29T21:37:05.095+0300][81.630s][info ][gc] GC(2698) Pause Young (Normal) (G1 Evacuation Pause) 250M->253M(256M) 30.641ms
[2020-01-29T21:37:05.106+0300][81.641s][info ][gc] GC(2699) To-space exhausted
[2020-01-29T21:37:05.106+0300][81.641s][info ][gc] GC(2699) Pause Young (Concurrent Start) (G1 Evacuation Pause) 255M->255M(256M) 10.037ms
[2020-01-29T21:37:05.106+0300][81.641s][info ][gc] GC(2701) Concurrent Cycle
[2020-01-29T21:37:05.106+0300][81.641s][debug][gc] GC(2700) Clear Next Bitmap 0.072ms
[2020-01-29T21:37:05.140+0300][81.675s][info ][gc] GC(2700) Pause Full (G1 Evacuation Pause) 255M->65M(256M) 33.816ms
[2020-01-29T21:37:05.140+0300][81.675s][info ][gc] GC(2701) Concurrent Cycle 34.157ms
[2020-01-29T21:37:05.193+0300][81.728s][info ][gc] GC(2702) Pause Young (Normal) (G1 Evacuation Pause) 121M->121M(256M) 30.084ms
[2020-01-29T21:37:05.223+0300][81.758s][info ][gc] GC(2703) Pause Young (Concurrent Start) (G1 Humongous Allocation) 137M->137M(256M) 13.351ms
[2020-01-29T21:37:05.223+0300][81.758s][info ][gc] GC(2704) Concurrent Cycle
[2020-01-29T21:37:05.256+0300][81.791s][info ][gc] GC(2705) Pause Young (Normal) (G1 Evacuation Pause) 185M->186M(256M) 20.654ms
[2020-01-29T21:37:05.261+0300][81.796s][debug][gc] GC(2704) Reclaimed 109 empty regions
[2020-01-29T21:37:05.261+0300][81.796s][info ][gc] GC(2704) Pause Remark 195M->88M(256M) 0.633ms
[2020-01-29T21:37:05.272+0300][81.807s][info ][gc] GC(2706) Pause Young (Normal) (G1 Evacuation Pause) 91M->92M(256M) 9.943ms
[2020-01-29T21:37:05.319+0300][81.854s][info ][gc] GC(2707) Pause Young (Normal) (G1 Evacuation Pause) 134M->135M(256M) 29.848ms
[2020-01-29T21:37:05.368+0300][81.903s][info ][gc] GC(2708) Pause Young (Normal) (G1 Evacuation Pause) 164M->164M(256M) 37.664ms
[2020-01-29T21:37:05.422+0300][81.957s][info ][gc] GC(2709) Pause Young (Normal) (G1 Evacuation Pause) 204M->205M(256M) 33.680ms
[2020-01-29T21:37:05.425+0300][81.960s][info ][gc] GC(2704) Pause Cleanup 210M->210M(256M) 0.048ms
[2020-01-29T21:37:05.425+0300][81.960s][info ][gc] GC(2704) Concurrent Cycle 202.313ms
[2020-01-29T21:37:05.452+0300][81.987s][info ][gc] GC(2710) Pause Young (Normal) (G1 Evacuation Pause) 213M->215M(256M) 24.831ms
[2020-01-29T21:37:05.464+0300][82.000s][info ][gc] GC(2711) Pause Young (Concurrent Start) (G1 Evacuation Pause) 225M->226M(256M) 9.027ms
[2020-01-29T21:37:05.464+0300][82.000s][info ][gc] GC(2712) Concurrent Cycle
[2020-01-29T21:37:05.479+0300][82.014s][info ][gc] GC(2713) Pause Young (Normal) (G1 Evacuation Pause) 236M->237M(256M) 7.754ms
[2020-01-29T21:37:05.496+0300][82.031s][info ][gc] GC(2714) To-space exhausted
[2020-01-29T21:37:05.496+0300][82.031s][info ][gc] GC(2714) Pause Young (Normal) (G1 Evacuation Pause) 247M->249M(256M) 13.096ms
[2020-01-29T21:37:05.514+0300][82.049s][info ][gc] GC(2715) To-space exhausted
[2020-01-29T21:37:05.514+0300][82.049s][info ][gc] GC(2715) Pause Young (Normal) (G1 Evacuation Pause) 255M->255M(256M) 15.320ms
[2020-01-29T21:37:05.514+0300][82.050s][debug][gc] GC(2716) Clear Next Bitmap 0.065ms
[2020-01-29T21:37:05.559+0300][82.093s][info ][gc] GC(2716) Pause Full (G1 Evacuation Pause) 255M->81M(256M) 43.961ms
[2020-01-29T21:37:05.559+0300][82.094s][info ][gc] GC(2712) Concurrent Cycle 93.764ms
[2020-01-29T21:37:05.602+0300][82.138s][info ][gc] GC(2717) Pause Young (Normal) (G1 Evacuation Pause) 127M->127M(256M) 25.784ms
[2020-01-29T21:37:05.625+0300][82.161s][info ][gc] GC(2718) Pause Young (Concurrent Start) (G1 Humongous Allocation) 136M->137M(256M) 8.580ms
[2020-01-29T21:37:05.625+0300][82.161s][info ][gc] GC(2719) Concurrent Cycle
[2020-01-29T21:37:05.638+0300][82.173s][debug][gc] GC(2719) Reclaimed 119 empty regions
[2020-01-29T21:37:05.638+0300][82.173s][info ][gc] GC(2719) Pause Remark 183M->66M(256M) 0.639ms
[2020-01-29T21:37:05.660+0300][82.195s][info ][gc] GC(2720) Pause Young (Normal) (G1 Evacuation Pause) 68M->64M(256M) 20.449ms
[2020-01-29T21:37:05.681+0300][82.216s][info ][gc] GC(2719) Pause Cleanup 112M->112M(256M) 0.037ms
[2020-01-29T21:37:05.681+0300][82.216s][info ][gc] GC(2719) Concurrent Cycle 55.509ms
[2020-01-29T21:37:05.734+0300][82.269s][info ][gc] GC(2721) Pause Young (Normal) (G1 Evacuation Pause) 116M->116M(256M) 51.122ms
[2020-01-29T21:37:05.786+0300][82.322s][info ][gc] GC(2722) Pause Young (Concurrent Start) (G1 Humongous Allocation) 151M->152M(256M) 28.344ms
[2020-01-29T21:37:05.786+0300][82.322s][info ][gc] GC(2723) Concurrent Cycle
[2020-01-29T21:37:05.828+0300][82.364s][info ][gc] GC(2724) Pause Young (Normal) (G1 Evacuation Pause) 196M->197M(256M) 19.546ms
[2020-01-29T21:37:05.833+0300][82.368s][debug][gc] GC(2723) Reclaimed 104 empty regions
[2020-01-29T21:37:05.833+0300][82.368s][info ][gc] GC(2723) Pause Remark 206M->102M(256M) 0.771ms
[2020-01-29T21:37:05.843+0300][82.378s][info ][gc] GC(2725) Pause Young (Normal) (G1 Evacuation Pause) 103M->104M(256M) 9.472ms
[2020-01-29T21:37:05.886+0300][82.421s][info ][gc] GC(2726) Pause Young (Normal) (G1 Evacuation Pause) 143M->144M(256M) 27.004ms
[2020-01-29T21:37:05.930+0300][82.465s][info ][gc] GC(2727) Pause Young (Normal) (G1 Evacuation Pause) 170M->171M(256M) 33.335ms
[2020-01-29T21:37:05.984+0300][82.519s][info ][gc] GC(2728) Pause Young (Normal) (G1 Evacuation Pause) 209M->210M(256M) 34.582ms
[2020-01-29T21:37:06.016+0300][82.551s][info ][gc] GC(2729) Pause Young (Normal) (G1 Evacuation Pause) 219M->220M(256M) 27.357ms
[2020-01-29T21:37:06.051+0300][82.586s][info ][gc] GC(2730) Pause Young (Normal) (G1 Evacuation Pause) 230M->230M(256M) 28.278ms
[2020-01-29T21:37:06.085+0300][82.620s][info ][gc] GC(2731) Pause Young (Normal) (G1 Evacuation Pause) 240M->241M(256M) 29.189ms
[2020-01-29T21:37:06.093+0300][82.628s][info ][gc] GC(2723) Pause Cleanup 241M->241M(256M) 0.052ms
[2020-01-29T21:37:06.094+0300][82.629s][info ][gc] GC(2723) Concurrent Cycle 306.807ms
[2020-01-29T21:37:06.128+0300][82.663s][info ][gc] GC(2732) To-space exhausted
[2020-01-29T21:37:06.128+0300][82.663s][info ][gc] GC(2732) Pause Young (Normal) (G1 Evacuation Pause) 251M->255M(256M) 30.372ms
[2020-01-29T21:37:06.159+0300][82.694s][info ][gc] GC(2733) Pause Full (G1 Evacuation Pause) 255M->62M(256M) 31.167ms
[2020-01-29T21:37:06.210+0300][82.745s][info ][gc] GC(2734) Pause Young (Concurrent Start) (G1 Evacuation Pause) 114M->114M(256M) 29.930ms
[2020-01-29T21:37:06.210+0300][82.745s][info ][gc] GC(2735) Concurrent Cycle
[2020-01-29T21:37:06.262+0300][82.798s][info ][gc] GC(2736) Pause Young (Normal) (G1 Evacuation Pause) 169M->170M(256M) 24.837ms
[2020-01-29T21:37:06.284+0300][82.818s][info ][gc] GC(2737) Pause Young (Normal) (G1 Evacuation Pause) 188M->189M(256M) 12.992ms
[2020-01-29T21:37:06.297+0300][82.832s][info ][gc] GC(2738) Pause Young (Normal) (G1 Evacuation Pause) 201M->202M(256M) 8.255ms
[2020-01-29T21:37:06.309+0300][82.844s][info ][gc] GC(2739) Pause Young (Normal) (G1 Evacuation Pause) 212M->212M(256M) 7.663ms
[2020-01-29T21:37:06.321+0300][82.856s][info ][gc] GC(2740) Pause Young (Normal) (G1 Evacuation Pause) 222M->223M(256M) 7.970ms
[2020-01-29T21:37:06.332+0300][82.868s][info ][gc] GC(2741) Pause Young (Normal) (G1 Evacuation Pause) 233M->234M(256M) 7.446ms
[2020-01-29T21:37:06.346+0300][82.882s][info ][gc] GC(2742) To-space exhausted
[2020-01-29T21:37:06.346+0300][82.882s][info ][gc] GC(2742) Pause Young (Normal) (G1 Evacuation Pause) 244M->247M(256M) 10.015ms
[2020-01-29T21:37:06.367+0300][82.903s][info ][gc] GC(2743) To-space exhausted
[2020-01-29T21:37:06.367+0300][82.903s][info ][gc] GC(2743) Pause Young (Normal) (G1 Evacuation Pause) 254M->254M(256M) 17.678ms
[2020-01-29T21:37:06.367+0300][82.903s][debug][gc] GC(2744) Clear Next Bitmap 0.139ms
[2020-01-29T21:37:06.431+0300][82.966s][info ][gc] GC(2744) Pause Full (G1 Evacuation Pause) 254M->111M(256M) 63.634ms
[2020-01-29T21:37:06.432+0300][82.967s][info ][gc] GC(2735) Concurrent Cycle 221.725ms
[2020-01-29T21:37:06.468+0300][83.002s][info ][gc] GC(2745) Pause Young (Concurrent Start) (G1 Humongous Allocation) 137M->136M(256M) 14.982ms
[2020-01-29T21:37:06.468+0300][83.003s][info ][gc] GC(2746) Concurrent Cycle
[2020-01-29T21:37:06.502+0300][83.037s][info ][gc] GC(2747) Pause Young (Normal) (G1 Evacuation Pause) 185M->186M(256M) 20.946ms
[2020-01-29T21:37:06.507+0300][83.041s][debug][gc] GC(2746) Reclaimed 102 empty regions
[2020-01-29T21:37:06.507+0300][83.042s][info ][gc] GC(2746) Pause Remark 195M->95M(256M) 0.636ms
[2020-01-29T21:37:06.517+0300][83.053s][info ][gc] GC(2748) Pause Young (Normal) (G1 Evacuation Pause) 98M->98M(256M) 9.990ms
[2020-01-29T21:37:06.565+0300][83.100s][info ][gc] GC(2749) Pause Young (Normal) (G1 Evacuation Pause) 140M->141M(256M) 29.653ms
[2020-01-29T21:37:06.613+0300][83.148s][info ][gc] GC(2750) Pause Young (Normal) (G1 Evacuation Pause) 168M->169M(256M) 35.693ms
[2020-01-29T21:37:06.664+0300][83.199s][info ][gc] GC(2751) Pause Young (Normal) (G1 Evacuation Pause) 207M->208M(256M) 31.032ms
[2020-01-29T21:37:06.666+0300][83.201s][info ][gc] GC(2746) Pause Cleanup 210M->210M(256M) 0.057ms
[2020-01-29T21:37:06.666+0300][83.202s][info ][gc] GC(2746) Concurrent Cycle 199.066ms
[2020-01-29T21:37:06.692+0300][83.228s][info ][gc] GC(2752) Pause Young (Normal) (G1 Evacuation Pause) 217M->218M(256M) 22.873ms
[2020-01-29T21:37:06.705+0300][83.240s][info ][gc] GC(2753) Pause Young (Concurrent Start) (G1 Evacuation Pause) 228M->229M(256M) 8.272ms
[2020-01-29T21:37:06.705+0300][83.240s][info ][gc] GC(2754) Concurrent Cycle
[2020-01-29T21:37:06.720+0300][83.256s][info ][gc] GC(2755) Pause Young (Normal) (G1 Evacuation Pause) 239M->240M(256M) 9.210ms
[2020-01-29T21:37:06.741+0300][83.276s][info ][gc] GC(2756) To-space exhausted
[2020-01-29T21:37:06.741+0300][83.276s][info ][gc] GC(2756) Pause Young (Normal) (G1 Evacuation Pause) 250M->253M(256M) 16.599ms
[2020-01-29T21:37:06.751+0300][83.287s][info ][gc] GC(2757) To-space exhausted
[2020-01-29T21:37:06.752+0300][83.287s][info ][gc] GC(2757) Pause Young (Normal) (G1 Evacuation Pause) 255M->255M(256M) 9.401ms
[2020-01-29T21:37:06.752+0300][83.287s][debug][gc] GC(2758) Clear Next Bitmap 0.071ms
[2020-01-29T21:37:06.792+0300][83.327s][info ][gc] GC(2758) Pause Full (G1 Evacuation Pause) 255M->76M(256M) 39.859ms
[2020-01-29T21:37:06.792+0300][83.327s][info ][gc] GC(2754) Concurrent Cycle 86.851ms
[2020-01-29T21:37:06.836+0300][83.371s][info ][gc] GC(2759) Pause Young (Normal) (G1 Evacuation Pause) 124M->124M(256M) 25.518ms
[2020-01-29T21:37:06.863+0300][83.398s][info ][gc] GC(2760) Pause Young (Concurrent Start) (G1 Humongous Allocation) 137M->137M(256M) 11.812ms
[2020-01-29T21:37:06.863+0300][83.398s][info ][gc] GC(2761) Concurrent Cycle
[2020-01-29T21:37:06.895+0300][83.431s][info ][gc] GC(2762) Pause Young (Normal) (G1 Evacuation Pause) 185M->186M(256M) 19.538ms
[2020-01-29T21:37:06.896+0300][83.432s][debug][gc] GC(2761) Reclaimed 114 empty regions
[2020-01-29T21:37:06.896+0300][83.432s][info ][gc] GC(2761) Pause Remark 188M->76M(256M) 0.626ms
[2020-01-29T21:37:06.913+0300][83.448s][info ][gc] GC(2763) Pause Young (Normal) (G1 Evacuation Pause) 86M->87M(256M) 11.512ms
[2020-01-29T21:37:06.966+0300][83.502s][info ][gc] GC(2764) Pause Young (Normal) (G1 Evacuation Pause) 131M->132M(256M) 35.744ms
[2020-01-29T21:37:07.030+0300][83.565s][info ][gc] GC(2765) Pause Young (Normal) (G1 Evacuation Pause) 182M->183M(256M) 40.170ms
[2020-01-29T21:37:07.033+0300][83.568s][info ][gc] GC(2761) Pause Cleanup 188M->188M(256M) 0.052ms
[2020-01-29T21:37:07.033+0300][83.569s][info ][gc] GC(2761) Concurrent Cycle 170.377ms
[2020-01-29T21:37:07.066+0300][83.602s][info ][gc] GC(2766) Pause Young (Normal) (G1 Evacuation Pause) 197M->198M(256M) 29.209ms
[2020-01-29T21:37:07.081+0300][83.616s][info ][gc] GC(2767) Pause Young (Concurrent Start) (G1 Evacuation Pause) 207M->208M(256M) 10.789ms
[2020-01-29T21:37:07.081+0300][83.616s][info ][gc] GC(2768) Concurrent Cycle
[2020-01-29T21:37:07.097+0300][83.632s][info ][gc] GC(2769) Pause Young (Normal) (G1 Evacuation Pause) 218M->219M(256M) 9.246ms
[2020-01-29T21:37:07.109+0300][83.644s][info ][gc] GC(2770) Pause Young (Normal) (G1 Evacuation Pause) 229M->230M(256M) 7.113ms
[2020-01-29T21:37:07.122+0300][83.657s][info ][gc] GC(2771) Pause Young (Normal) (G1 Evacuation Pause) 240M->241M(256M) 7.720ms
[2020-01-29T21:37:07.148+0300][83.683s][info ][gc] GC(2772) To-space exhausted
[2020-01-29T21:37:07.148+0300][83.683s][info ][gc] GC(2772) Pause Young (Normal) (G1 Evacuation Pause) 251M->255M(256M) 21.411ms
[2020-01-29T21:37:07.148+0300][83.683s][debug][gc] GC(2773) Clear Next Bitmap 0.056ms
[2020-01-29T21:37:07.197+0300][83.732s][info ][gc] GC(2773) Pause Full (G1 Evacuation Pause) 255M->84M(256M) 48.987ms
[2020-01-29T21:37:07.197+0300][83.732s][info ][gc] GC(2768) Concurrent Cycle 115.811ms
[2020-01-29T21:37:07.246+0300][83.780s][info ][gc] GC(2774) Pause Young (Normal) (G1 Evacuation Pause) 129M->129M(256M) 29.648ms
[2020-01-29T21:37:07.269+0300][83.804s][info ][gc] GC(2775) Pause Young (Concurrent Start) (G1 Humongous Allocation) 137M->137M(256M) 8.931ms
[2020-01-29T21:37:07.269+0300][83.804s][info ][gc] GC(2776) Concurrent Cycle
[2020-01-29T21:37:07.281+0300][83.816s][debug][gc] GC(2776) Reclaimed 117 empty regions
[2020-01-29T21:37:07.281+0300][83.816s][info ][gc] GC(2776) Pause Remark 175M->60M(256M) 0.681ms
[2020-01-29T21:37:07.308+0300][83.843s][info ][gc] GC(2777) Pause Young (Normal) (G1 Evacuation Pause) 70M->66M(256M) 22.122ms
[2020-01-29T21:37:07.322+0300][83.858s][info ][gc] GC(2776) Pause Cleanup 95M->95M(256M) 0.043ms
[2020-01-29T21:37:07.322+0300][83.858s][info ][gc] GC(2776) Concurrent Cycle 53.579ms
[2020-01-29T21:37:07.377+0300][83.912s][info ][gc] GC(2778) Pause Young (Normal) (G1 Evacuation Pause) 117M->118M(256M) 45.192ms
[2020-01-29T21:37:07.415+0300][83.950s][info ][gc] GC(2779) Pause Young (Concurrent Start) (G1 Evacuation Pause) 152M->153M(256M) 24.339ms
[2020-01-29T21:37:07.415+0300][83.950s][info ][gc] GC(2780) Concurrent Cycle
[2020-01-29T21:37:07.456+0300][83.991s][info ][gc] GC(2781) Pause Young (Normal) (G1 Evacuation Pause) 196M->197M(256M) 18.785ms
[2020-01-29T21:37:07.469+0300][84.004s][info ][gc] GC(2782) Pause Young (Normal) (G1 Evacuation Pause) 207M->208M(256M) 8.634ms
[2020-01-29T21:37:07.480+0300][84.015s][info ][gc] GC(2783) Pause Young (Normal) (G1 Evacuation Pause) 218M->219M(256M) 7.370ms
[2020-01-29T21:37:07.493+0300][84.028s][info ][gc] GC(2784) Pause Young (Normal) (G1 Evacuation Pause) 229M->230M(256M) 8.536ms
[2020-01-29T21:37:07.505+0300][84.040s][info ][gc] GC(2785) Pause Young (Normal) (G1 Evacuation Pause) 240M->241M(256M) 7.408ms
[2020-01-29T21:37:07.529+0300][84.064s][info ][gc] GC(2786) To-space exhausted
[2020-01-29T21:37:07.529+0300][84.064s][info ][gc] GC(2786) Pause Young (Normal) (G1 Evacuation Pause) 251M->254M(256M) 19.025ms
[2020-01-29T21:37:07.537+0300][84.072s][info ][gc] GC(2787) To-space exhausted
[2020-01-29T21:37:07.537+0300][84.072s][info ][gc] GC(2787) Pause Young (Normal) (G1 Evacuation Pause) 255M->255M(256M) 6.808ms
[2020-01-29T21:37:07.537+0300][84.072s][debug][gc] GC(2788) Clear Next Bitmap 0.056ms
[2020-01-29T21:37:07.594+0300][84.129s][info ][gc] GC(2788) Pause Full (G1 Evacuation Pause) 255M->93M(256M) 57.289ms
[2020-01-29T21:37:07.595+0300][84.130s][info ][gc] GC(2780) Concurrent Cycle 179.168ms
[2020-01-29T21:37:07.637+0300][84.172s][info ][gc] GC(2789) Pause Young (Normal) (G1 Evacuation Pause) 135M->135M(256M) 25.046ms
[2020-01-29T21:37:07.652+0300][84.188s][info ][gc] GC(2790) Pause Young (Concurrent Start) (G1 Humongous Allocation) 136M->137M(256M) 5.594ms
[2020-01-29T21:37:07.652+0300][84.188s][info ][gc] GC(2791) Concurrent Cycle
[2020-01-29T21:37:07.660+0300][84.196s][debug][gc] GC(2791) Reclaimed 127 empty regions
[2020-01-29T21:37:07.660+0300][84.196s][info ][gc] GC(2791) Pause Remark 173M->48M(256M) 0.666ms
[2020-01-29T21:37:07.686+0300][84.222s][info ][gc] GC(2792) Pause Young (Normal) (G1 Evacuation Pause) 60M->60M(256M) 20.327ms
[2020-01-29T21:37:07.698+0300][84.234s][info ][gc] GC(2791) Pause Cleanup 90M->90M(256M) 0.033ms
[2020-01-29T21:37:07.698+0300][84.234s][info ][gc] GC(2791) Concurrent Cycle 45.898ms
[2020-01-29T21:37:07.749+0300][84.285s][info ][gc] GC(2793) Pause Young (Normal) (G1 Evacuation Pause) 113M->114M(256M) 41.667ms
[2020-01-29T21:37:07.798+0300][84.333s][info ][gc] GC(2794) Pause Young (Concurrent Start) (G1 Humongous Allocation) 148M->148M(256M) 24.063ms
[2020-01-29T21:37:07.798+0300][84.333s][info ][gc] GC(2795) Concurrent Cycle
[2020-01-29T21:37:07.838+0300][84.374s][info ][gc] GC(2796) Pause Young (Normal) (G1 Evacuation Pause) 193M->194M(256M) 19.125ms
[2020-01-29T21:37:07.843+0300][84.379s][debug][gc] GC(2795) Reclaimed 101 empty regions
[2020-01-29T21:37:07.843+0300][84.379s][info ][gc] GC(2795) Pause Remark 203M->102M(256M) 0.644ms
[2020-01-29T21:37:07.853+0300][84.388s][info ][gc] GC(2797) Pause Young (Normal) (G1 Evacuation Pause) 103M->104M(256M) 9.189ms
[2020-01-29T21:37:07.901+0300][84.436s][info ][gc] GC(2798) Pause Young (Normal) (G1 Evacuation Pause) 143M->144M(256M) 31.550ms
[2020-01-29T21:37:07.947+0300][84.482s][info ][gc] GC(2799) Pause Young (Normal) (G1 Evacuation Pause) 170M->171M(256M) 34.964ms
[2020-01-29T21:37:08.003+0300][84.538s][info ][gc] GC(2800) Pause Young (Normal) (G1 Evacuation Pause) 209M->210M(256M) 35.022ms
[2020-01-29T21:37:08.035+0300][84.571s][info ][gc] GC(2801) Pause Young (Normal) (G1 Evacuation Pause) 219M->220M(256M) 27.651ms
[2020-01-29T21:37:08.068+0300][84.604s][info ][gc] GC(2802) Pause Young (Normal) (G1 Evacuation Pause) 230M->231M(256M) 27.128ms
[2020-01-29T21:37:08.102+0300][84.637s][info ][gc] GC(2803) Pause Young (Normal) (G1 Evacuation Pause) 241M->242M(256M) 27.937ms
[2020-01-29T21:37:08.104+0300][84.639s][info ][gc] GC(2795) Pause Cleanup 247M->247M(256M) 0.052ms
[2020-01-29T21:37:08.104+0300][84.640s][info ][gc] GC(2795) Concurrent Cycle 306.577ms
[2020-01-29T21:37:08.142+0300][84.677s][info ][gc] GC(2804) To-space exhausted
[2020-01-29T21:37:08.142+0300][84.677s][info ][gc] GC(2804) Pause Young (Normal) (G1 Evacuation Pause) 252M->254M(256M) 35.399ms
[2020-01-29T21:37:08.150+0300][84.686s][info ][gc] GC(2805) To-space exhausted
[2020-01-29T21:37:08.151+0300][84.686s][info ][gc] GC(2805) Pause Young (Concurrent Start) (G1 Evacuation Pause) 255M->255M(256M) 8.374ms
[2020-01-29T21:37:08.151+0300][84.686s][info ][gc] GC(2807) Concurrent Cycle
[2020-01-29T21:37:08.151+0300][84.686s][debug][gc] GC(2806) Clear Next Bitmap 0.070ms
[2020-01-29T21:37:08.185+0300][84.720s][info ][gc] GC(2806) Pause Full (G1 Evacuation Pause) 255M->64M(256M) 34.140ms
[2020-01-29T21:37:08.185+0300][84.720s][info ][gc] GC(2807) Concurrent Cycle 34.486ms
[2020-01-29T21:37:08.238+0300][84.774s][info ][gc] GC(2808) Pause Young (Normal) (G1 Evacuation Pause) 121M->121M(256M) 30.874ms
[2020-01-29T21:37:08.271+0300][84.806s][info ][gc] GC(2809) Pause Young (Concurrent Start) (G1 Humongous Allocation) 137M->137M(256M) 14.953ms
[2020-01-29T21:37:08.271+0300][84.806s][info ][gc] GC(2810) Concurrent Cycle
[2020-01-29T21:37:08.305+0300][84.840s][info ][gc] GC(2811) Pause Young (Normal) (G1 Evacuation Pause) 185M->186M(256M) 20.751ms
[2020-01-29T21:37:08.309+0300][84.844s][debug][gc] GC(2810) Reclaimed 99 empty regions
[2020-01-29T21:37:08.309+0300][84.844s][info ][gc] GC(2810) Pause Remark 195M->98M(256M) 0.648ms
[2020-01-29T21:37:08.321+0300][84.856s][info ][gc] GC(2812) Pause Young (Normal) (G1 Evacuation Pause) 102M->102M(256M) 10.111ms
[2020-01-29T21:37:08.364+0300][84.899s][info ][gc] GC(2813) Pause Young (Normal) (G1 Evacuation Pause) 141M->142M(256M) 28.188ms
[2020-01-29T21:37:08.409+0300][84.945s][info ][gc] GC(2814) Pause Young (Normal) (G1 Evacuation Pause) 169M->169M(256M) 34.632ms
[2020-01-29T21:37:08.462+0300][84.998s][info ][gc] GC(2815) Pause Young (Normal) (G1 Evacuation Pause) 207M->208M(256M) 34.117ms
[2020-01-29T21:37:08.493+0300][85.029s][info ][gc] GC(2816) Pause Young (Normal) (G1 Evacuation Pause) 217M->218M(256M) 26.982ms
[2020-01-29T21:37:08.496+0300][85.032s][info ][gc] GC(2810) Pause Cleanup 224M->224M(256M) 0.048ms
[2020-01-29T21:37:08.496+0300][85.032s][info ][gc] GC(2810) Concurrent Cycle 226.188ms
[2020-01-29T21:37:08.522+0300][85.058s][info ][gc] GC(2817) Pause Young (Prepare Mixed) (G1 Evacuation Pause) 228M->229M(256M) 23.970ms
[2020-01-29T21:37:08.534+0300][85.070s][info ][gc] GC(2818) Pause Young (Mixed) (G1 Evacuation Pause) 239M->226M(256M) 7.757ms
[2020-01-29T21:37:08.546+0300][85.082s][info ][gc] GC(2819) Pause Young (Concurrent Start) (G1 Evacuation Pause) 236M->237M(256M) 7.971ms
[2020-01-29T21:37:08.546+0300][85.082s][info ][gc] GC(2820) Concurrent Cycle
[2020-01-29T21:37:08.566+0300][85.101s][info ][gc] GC(2821) To-space exhausted
[2020-01-29T21:37:08.566+0300][85.101s][info ][gc] GC(2821) Pause Young (Normal) (G1 Evacuation Pause) 247M->249M(256M) 12.606ms
[2020-01-29T21:37:08.586+0300][85.121s][info ][gc] GC(2822) To-space exhausted
[2020-01-29T21:37:08.586+0300][85.122s][info ][gc] GC(2822) Pause Young (Normal) (G1 Evacuation Pause) 255M->255M(256M) 17.063ms
[2020-01-29T21:37:08.587+0300][85.122s][debug][gc] GC(2823) Clear Next Bitmap 0.071ms
[2020-01-29T21:37:08.635+0300][85.170s][info ][gc] GC(2823) Pause Full (G1 Evacuation Pause) 255M->85M(256M) 48.815ms
[2020-01-29T21:37:08.636+0300][85.171s][info ][gc] GC(2820) Concurrent Cycle 88.931ms
[2020-01-29T21:37:08.681+0300][85.216s][info ][gc] GC(2824) Pause Young (Normal) (G1 Evacuation Pause) 130M->131M(256M) 27.749ms
[2020-01-29T21:37:08.704+0300][85.239s][info ][gc] GC(2825) Pause Young (Concurrent Start) (G1 Humongous Allocation) 137M->137M(256M) 7.777ms
[2020-01-29T21:37:08.704+0300][85.239s][info ][gc] GC(2826) Concurrent Cycle
[2020-01-29T21:37:08.715+0300][85.250s][debug][gc] GC(2826) Reclaimed 119 empty regions
[2020-01-29T21:37:08.715+0300][85.250s][info ][gc] GC(2826) Pause Remark 180M->63M(256M) 0.668ms
[2020-01-29T21:37:08.737+0300][85.272s][info ][gc] GC(2827) Pause Young (Normal) (G1 Evacuation Pause) 68M->64M(256M) 18.658ms
[2020-01-29T21:37:08.753+0300][85.288s][info ][gc] GC(2826) Pause Cleanup 104M->104M(256M) 0.038ms
[2020-01-29T21:37:08.754+0300][85.288s][info ][gc] GC(2826) Concurrent Cycle 49.096ms
[2020-01-29T21:37:08.797+0300][85.333s][info ][gc] GC(2828) Pause Young (Normal) (G1 Evacuation Pause) 116M->117M(256M) 39.412ms
[2020-01-29T21:37:08.846+0300][85.381s][info ][gc] GC(2829) Pause Young (Concurrent Start) (G1 Humongous Allocation) 152M->153M(256M) 23.956ms
[2020-01-29T21:37:08.846+0300][85.381s][info ][gc] GC(2830) Concurrent Cycle
[2020-01-29T21:37:08.887+0300][85.422s][info ][gc] GC(2831) Pause Young (Normal) (G1 Evacuation Pause) 196M->196M(256M) 18.814ms
[2020-01-29T21:37:08.892+0300][85.427s][debug][gc] GC(2830) Reclaimed 102 empty regions
[2020-01-29T21:37:08.892+0300][85.427s][info ][gc] GC(2830) Pause Remark 205M->103M(256M) 0.631ms
[2020-01-29T21:37:08.902+0300][85.437s][info ][gc] GC(2832) Pause Young (Normal) (G1 Evacuation Pause) 104M->105M(256M) 9.291ms
[2020-01-29T21:37:08.945+0300][85.479s][info ][gc] GC(2833) Pause Young (Normal) (G1 Evacuation Pause) 143M->143M(256M) 27.252ms
[2020-01-29T21:37:08.986+0300][85.522s][info ][gc] GC(2834) Pause Young (Normal) (G1 Evacuation Pause) 169M->170M(256M) 32.036ms
[2020-01-29T21:37:09.040+0300][85.576s][info ][gc] GC(2835) Pause Young (Normal) (G1 Evacuation Pause) 208M->209M(256M) 34.475ms
[2020-01-29T21:37:09.070+0300][85.606s][info ][gc] GC(2836) Pause Young (Normal) (G1 Evacuation Pause) 218M->219M(256M) 26.174ms
[2020-01-29T21:37:09.103+0300][85.638s][info ][gc] GC(2837) Pause Young (Normal) (G1 Evacuation Pause) 229M->230M(256M) 27.006ms
[2020-01-29T21:37:09.158+0300][85.693s][info ][gc] GC(2838) Pause Young (Normal) (G1 Evacuation Pause) 240M->241M(256M) 48.408ms
[2020-01-29T21:37:09.162+0300][85.698s][info ][gc] GC(2830) Pause Cleanup 242M->242M(256M) 0.053ms
[2020-01-29T21:37:09.163+0300][85.698s][info ][gc] GC(2830) Concurrent Cycle 317.157ms
[2020-01-29T21:37:09.208+0300][85.743s][info ][gc] GC(2839) To-space exhausted
[2020-01-29T21:37:09.208+0300][85.743s][info ][gc] GC(2839) Pause Young (Normal) (G1 Evacuation Pause) 251M->255M(256M) 41.130ms
[2020-01-29T21:37:09.248+0300][85.783s][info ][gc] GC(2840) Pause Full (G1 Evacuation Pause) 255M->61M(256M) 39.906ms
[2020-01-29T21:37:09.319+0300][85.854s][info ][gc] GC(2841) Pause Young (Concurrent Start) (G1 Evacuation Pause) 113M->112M(256M) 47.421ms
[2020-01-29T21:37:09.319+0300][85.854s][info ][gc] GC(2842) Concurrent Cycle
[2020-01-29T21:37:09.379+0300][85.914s][info ][gc] GC(2843) Pause Young (Normal) (G1 Evacuation Pause) 168M->169M(256M) 33.425ms
[2020-01-29T21:37:09.409+0300][85.944s][info ][gc] GC(2844) Pause Young (Normal) (G1 Evacuation Pause) 187M->188M(256M) 18.706ms
[2020-01-29T21:37:09.515+0300][86.050s][info ][gc] GC(2845) Pause Young (Normal) (G1 Evacuation Pause) 200M->201M(256M) 11.235ms
[2020-01-29T21:37:09.550+0300][86.085s][info ][gc] GC(2842) Pause Remark 201M->201M(256M) 0.762ms
[2020-01-29T21:37:09.568+0300][86.104s][info ][gc] GC(2846) Pause Young (Normal) (G1 Evacuation Pause) 211M->211M(256M) 9.944ms
[2020-01-29T21:37:09.668+0300][86.202s][info ][gc] GC(2847) Pause Young (Normal) (G1 Evacuation Pause) 221M->222M(256M) 15.105ms
[2020-01-29T21:37:09.700+0300][86.235s][info ][gc] GC(2848) Pause Young (Normal) (G1 Evacuation Pause) 232M->233M(256M) 18.626ms
[2020-01-29T21:37:09.729+0300][86.264s][info ][gc] GC(2849) To-space exhausted
[2020-01-29T21:37:09.729+0300][86.264s][info ][gc] GC(2849) Pause Young (Normal) (G1 Evacuation Pause) 243M->247M(256M) 22.811ms
[2020-01-29T21:37:09.767+0300][86.302s][info ][gc] GC(2850) To-space exhausted
[2020-01-29T21:37:09.767+0300][86.302s][info ][gc] GC(2850) Pause Young (Normal) (G1 Evacuation Pause) 254M->254M(256M) 34.533ms
[2020-01-29T21:37:09.767+0300][86.303s][debug][gc] GC(2851) Clear Next Bitmap 0.072ms
[2020-01-29T21:37:09.849+0300][86.384s][info ][gc] GC(2851) Pause Full (G1 Evacuation Pause) 254M->110M(256M) 81.711ms
[2020-01-29T21:37:09.849+0300][86.384s][info ][gc] GC(2842) Concurrent Cycle 530.930ms
[2020-01-29T21:37:09.893+0300][86.428s][info ][gc] GC(2852) Pause Young (Concurrent Start) (G1 Humongous Allocation) 136M->136M(256M) 21.053ms
[2020-01-29T21:37:09.893+0300][86.428s][info ][gc] GC(2853) Concurrent Cycle
[2020-01-29T21:37:09.934+0300][86.469s][info ][gc] GC(2854) Pause Young (Normal) (G1 Evacuation Pause) 184M->185M(256M) 25.503ms
[2020-01-29T21:37:09.938+0300][86.473s][debug][gc] GC(2853) Reclaimed 108 empty regions
[2020-01-29T21:37:09.938+0300][86.473s][info ][gc] GC(2853) Pause Remark 190M->84M(256M) 0.815ms
[2020-01-29T21:37:09.958+0300][86.492s][info ][gc] GC(2855) Pause Young (Normal) (G1 Evacuation Pause) 92M->92M(256M) 15.405ms
[2020-01-29T21:37:10.027+0300][86.562s][info ][gc] GC(2856) Pause Young (Normal) (G1 Evacuation Pause) 136M->137M(256M) 47.355ms
[2020-01-29T21:37:10.090+0300][86.625s][info ][gc] GC(2857) Pause Young (Normal) (G1 Evacuation Pause) 165M->167M(256M) 48.385ms
[2020-01-29T21:37:10.102+0300][86.637s][info ][gc] GC(2853) Pause Cleanup 169M->169M(256M) 0.038ms
[2020-01-29T21:37:10.102+0300][86.638s][info ][gc] GC(2853) Concurrent Cycle 209.622ms
[2020-01-29T21:37:10.124+0300][86.660s][info ][gc] GC(2858) Pause Young (Concurrent Start) (G1 Humongous Allocation) 169M->170M(256M) 22.174ms
[2020-01-29T21:37:10.124+0300][86.660s][info ][gc] GC(2859) Concurrent Cycle
[2020-01-29T21:37:10.133+0300][86.669s][debug][gc] GC(2859) Reclaimed 158 empty regions
[2020-01-29T21:37:10.133+0300][86.669s][info ][gc] GC(2859) Pause Remark 206M->48M(256M) 0.828ms
[2020-01-29T21:37:10.148+0300][86.684s][info ][gc] GC(2860) Pause Young (Normal) (G1 Evacuation Pause) 50M->49M(256M) 13.279ms
[2020-01-29T21:37:10.163+0300][86.699s][info ][gc] GC(2859) Pause Cleanup 87M->87M(256M) 0.036ms
[2020-01-29T21:37:10.163+0300][86.699s][info ][gc] GC(2859) Concurrent Cycle 38.897ms
[2020-01-29T21:37:10.213+0300][86.749s][info ][gc] GC(2861) Pause Young (Normal) (G1 Evacuation Pause) 106M->107M(256M) 41.936ms
[2020-01-29T21:37:10.255+0300][86.791s][info ][gc] GC(2862) Pause Young (Concurrent Start) (G1 Evacuation Pause) 145M->146M(256M) 26.738ms
[2020-01-29T21:37:10.255+0300][86.791s][info ][gc] GC(2863) Concurrent Cycle
[2020-01-29T21:37:10.299+0300][86.834s][info ][gc] GC(2864) Pause Young (Normal) (G1 Evacuation Pause) 191M->192M(256M) 19.675ms
[2020-01-29T21:37:10.315+0300][86.850s][info ][gc] GC(2865) Pause Young (Normal) (G1 Evacuation Pause) 203M->204M(256M) 8.741ms
[2020-01-29T21:37:10.327+0300][86.863s][info ][gc] GC(2866) Pause Young (Normal) (G1 Evacuation Pause) 214M->215M(256M) 7.279ms
[2020-01-29T21:37:10.340+0300][86.875s][info ][gc] GC(2867) Pause Young (Normal) (G1 Evacuation Pause) 225M->226M(256M) 7.994ms
[2020-01-29T21:37:10.351+0300][86.887s][info ][gc] GC(2868) Pause Young (Normal) (G1 Evacuation Pause) 236M->237M(256M) 7.734ms
[2020-01-29T21:37:10.369+0300][86.904s][info ][gc] GC(2869) To-space exhausted
[2020-01-29T21:37:10.369+0300][86.905s][info ][gc] GC(2869) Pause Young (Normal) (G1 Evacuation Pause) 247M->248M(256M) 12.946ms
[2020-01-29T21:37:10.391+0300][86.926s][info ][gc] GC(2870) To-space exhausted
[2020-01-29T21:37:10.391+0300][86.926s][info ][gc] GC(2870) Pause Young (Normal) (G1 Evacuation Pause) 255M->255M(256M) 17.745ms
[2020-01-29T21:37:10.391+0300][86.926s][debug][gc] GC(2871) Clear Next Bitmap 0.062ms
[2020-01-29T21:37:10.450+0300][86.985s][info ][gc] GC(2871) Pause Full (G1 Evacuation Pause) 255M->102M(256M) 58.955ms
[2020-01-29T21:37:10.450+0300][86.985s][info ][gc] GC(2863) Concurrent Cycle 194.425ms
[2020-01-29T21:37:10.493+0300][87.029s][info ][gc] GC(2872) Pause Young (Concurrent Start) (G1 Humongous Allocation) 136M->136M(256M) 19.310ms
[2020-01-29T21:37:10.493+0300][87.029s][info ][gc] GC(2873) Concurrent Cycle
[2020-01-29T21:37:10.531+0300][87.066s][info ][gc] GC(2874) Pause Young (Normal) (G1 Evacuation Pause) 184M->185M(256M) 19.755ms
[2020-01-29T21:37:10.535+0300][87.071s][debug][gc] GC(2873) Reclaimed 101 empty regions
[2020-01-29T21:37:10.535+0300][87.071s][info ][gc] GC(2873) Pause Remark 194M->95M(256M) 0.640ms
[2020-01-29T21:37:10.548+0300][87.084s][info ][gc] GC(2875) Pause Young (Normal) (G1 Evacuation Pause) 99M->100M(256M) 11.367ms
[2020-01-29T21:37:10.595+0300][87.130s][info ][gc] GC(2876) Pause Young (Normal) (G1 Evacuation Pause) 141M->142M(256M) 30.256ms
[2020-01-29T21:37:10.646+0300][87.181s][info ][gc] GC(2877) Pause Young (Normal) (G1 Evacuation Pause) 169M->170M(256M) 38.897ms
[2020-01-29T21:37:10.697+0300][87.233s][info ][gc] GC(2878) Pause Young (Normal) (G1 Evacuation Pause) 208M->209M(256M) 32.793ms
[2020-01-29T21:37:10.732+0300][87.267s][info ][gc] GC(2879) Pause Young (Normal) (G1 Evacuation Pause) 218M->219M(256M) 29.094ms
[2020-01-29T21:37:10.736+0300][87.271s][info ][gc] GC(2873) Pause Cleanup 224M->224M(256M) 0.044ms
[2020-01-29T21:37:10.736+0300][87.271s][info ][gc] GC(2873) Concurrent Cycle 242.306ms
[2020-01-29T21:37:10.762+0300][87.297s][info ][gc] GC(2880) Pause Young (Normal) (G1 Evacuation Pause) 229M->230M(256M) 24.352ms
[2020-01-29T21:37:10.774+0300][87.309s][info ][gc] GC(2881) Pause Young (Concurrent Start) (G1 Evacuation Pause) 240M->241M(256M) 7.764ms
[2020-01-29T21:37:10.774+0300][87.309s][info ][gc] GC(2882) Concurrent Cycle
[2020-01-29T21:37:10.800+0300][87.335s][info ][gc] GC(2883) To-space exhausted
[2020-01-29T21:37:10.800+0300][87.335s][info ][gc] GC(2883) Pause Young (Normal) (G1 Evacuation Pause) 251M->255M(256M) 19.293ms
[2020-01-29T21:37:10.800+0300][87.335s][debug][gc] GC(2884) Clear Next Bitmap 0.067ms
[2020-01-29T21:37:10.839+0300][87.374s][info ][gc] GC(2884) Pause Full (G1 Evacuation Pause) 255M->73M(256M) 39.536ms
[2020-01-29T21:37:10.840+0300][87.374s][info ][gc] GC(2882) Concurrent Cycle 65.498ms
[2020-01-29T21:37:10.886+0300][87.422s][info ][gc] GC(2885) Pause Young (Normal) (G1 Evacuation Pause) 122M->122M(256M) 28.168ms
[2020-01-29T21:37:10.916+0300][87.452s][info ][gc] GC(2886) Pause Young (Concurrent Start) (G1 Humongous Allocation) 137M->138M(256M) 12.437ms
[2020-01-29T21:37:10.916+0300][87.452s][info ][gc] GC(2887) Concurrent Cycle
[2020-01-29T21:37:10.951+0300][87.487s][info ][gc] GC(2888) Pause Young (Normal) (G1 Evacuation Pause) 186M->186M(256M) 22.597ms
[2020-01-29T21:37:10.955+0300][87.490s][debug][gc] GC(2887) Reclaimed 112 empty regions
[2020-01-29T21:37:10.955+0300][87.490s][info ][gc] GC(2887) Pause Remark 192M->82M(256M) 0.638ms
[2020-01-29T21:37:10.968+0300][87.503s][info ][gc] GC(2889) Pause Young (Normal) (G1 Evacuation Pause) 88M->89M(256M) 10.127ms
[2020-01-29T21:37:11.018+0300][87.553s][info ][gc] GC(2890) Pause Young (Normal) (G1 Evacuation Pause) 132M->133M(256M) 31.764ms
[2020-01-29T21:37:11.070+0300][87.605s][info ][gc] GC(2891) Pause Young (Normal) (G1 Evacuation Pause) 163M->164M(256M) 39.213ms
[2020-01-29T21:37:11.088+0300][87.623s][info ][gc] GC(2887) Pause Cleanup 198M->198M(256M) 0.042ms
[2020-01-29T21:37:11.088+0300][87.623s][info ][gc] GC(2887) Concurrent Cycle 171.234ms
[2020-01-29T21:37:11.122+0300][87.657s][info ][gc] GC(2892) Pause Young (Normal) (G1 Evacuation Pause) 204M->205M(256M) 32.136ms
[2020-01-29T21:37:11.133+0300][87.668s][info ][gc] GC(2893) Pause Young (Concurrent Start) (G1 Evacuation Pause) 213M->214M(256M) 7.507ms
[2020-01-29T21:37:11.133+0300][87.668s][info ][gc] GC(2894) Concurrent Cycle
[2020-01-29T21:37:11.147+0300][87.682s][info ][gc] GC(2895) Pause Young (Normal) (G1 Evacuation Pause) 224M->224M(256M) 7.288ms
[2020-01-29T21:37:11.159+0300][87.694s][info ][gc] GC(2896) Pause Young (Normal) (G1 Evacuation Pause) 234M->235M(256M) 8.154ms
[2020-01-29T21:37:11.175+0300][87.710s][info ][gc] GC(2897) To-space exhausted
[2020-01-29T21:37:11.175+0300][87.710s][info ][gc] GC(2897) Pause Young (Normal) (G1 Evacuation Pause) 245M->248M(256M) 10.229ms
[2020-01-29T21:37:11.196+0300][87.731s][info ][gc] GC(2898) To-space exhausted
[2020-01-29T21:37:11.196+0300][87.731s][info ][gc] GC(2898) Pause Young (Normal) (G1 Evacuation Pause) 255M->255M(256M) 18.092ms
[2020-01-29T21:37:11.196+0300][87.731s][debug][gc] GC(2899) Clear Next Bitmap 0.069ms
[2020-01-29T21:37:11.241+0300][87.777s][info ][gc] GC(2899) Pause Full (G1 Evacuation Pause) 255M->84M(256M) 45.942ms
[2020-01-29T21:37:11.241+0300][87.777s][info ][gc] GC(2894) Concurrent Cycle 108.655ms
[2020-01-29T21:37:11.284+0300][87.819s][info ][gc] GC(2900) Pause Young (Normal) (G1 Evacuation Pause) 129M->129M(256M) 24.701ms
[2020-01-29T21:37:11.310+0300][87.845s][info ][gc] GC(2901) Pause Young (Concurrent Start) (G1 Humongous Allocation) 137M->137M(256M) 11.294ms
[2020-01-29T21:37:11.310+0300][87.846s][info ][gc] GC(2902) Concurrent Cycle
[2020-01-29T21:37:11.322+0300][87.857s][debug][gc] GC(2902) Reclaimed 120 empty regions
[2020-01-29T21:37:11.322+0300][87.857s][info ][gc] GC(2902) Pause Remark 180M->63M(256M) 0.638ms
[2020-01-29T21:37:11.343+0300][87.878s][info ][gc] GC(2903) Pause Young (Normal) (G1 Evacuation Pause) 67M->63M(256M) 18.601ms
[2020-01-29T21:37:11.362+0300][87.898s][info ][gc] GC(2902) Pause Cleanup 110M->110M(256M) 0.037ms
[2020-01-29T21:37:11.363+0300][87.898s][info ][gc] GC(2902) Concurrent Cycle 52.458ms
[2020-01-29T21:37:11.407+0300][87.942s][info ][gc] GC(2904) Pause Young (Normal) (G1 Evacuation Pause) 115M->117M(256M) 42.395ms
[2020-01-29T21:37:11.461+0300][87.996s][info ][gc] GC(2905) Pause Young (Concurrent Start) (G1 Humongous Allocation) 152M->152M(256M) 27.675ms
[2020-01-29T21:37:11.461+0300][87.997s][info ][gc] GC(2906) Concurrent Cycle
[2020-01-29T21:37:11.505+0300][88.040s][info ][gc] GC(2907) Pause Young (Normal) (G1 Evacuation Pause) 196M->197M(256M) 20.705ms
[2020-01-29T21:37:11.509+0300][88.044s][debug][gc] GC(2906) Reclaimed 101 empty regions
[2020-01-29T21:37:11.509+0300][88.045s][info ][gc] GC(2906) Pause Remark 206M->105M(256M) 0.635ms
[2020-01-29T21:37:11.521+0300][88.056s][info ][gc] GC(2908) Pause Young (Normal) (G1 Evacuation Pause) 106M->107M(256M) 10.696ms
[2020-01-29T21:37:11.566+0300][88.101s][info ][gc] GC(2909) Pause Young (Normal) (G1 Evacuation Pause) 145M->146M(256M) 29.555ms
[2020-01-29T21:37:11.610+0300][88.145s][info ][gc] GC(2910) Pause Young (Normal) (G1 Evacuation Pause) 171M->172M(256M) 33.217ms
[2020-01-29T21:37:11.647+0300][88.182s][info ][gc] GC(2911) Pause Young (Normal) (G1 Evacuation Pause) 189M->190M(256M) 29.631ms
[2020-01-29T21:37:11.691+0300][88.227s][info ][gc] GC(2912) Pause Young (Normal) (G1 Evacuation Pause) 222M->223M(256M) 27.082ms
[2020-01-29T21:37:11.721+0300][88.257s][info ][gc] GC(2913) Pause Young (Normal) (G1 Evacuation Pause) 233M->233M(256M) 25.305ms
[2020-01-29T21:37:11.758+0300][88.293s][info ][gc] GC(2914) To-space exhausted
[2020-01-29T21:37:11.758+0300][88.293s][info ][gc] GC(2914) Pause Young (Normal) (G1 Evacuation Pause) 243M->244M(256M) 28.285ms
[2020-01-29T21:37:11.761+0300][88.297s][info ][gc] GC(2906) Pause Cleanup 249M->249M(256M) 0.056ms
[2020-01-29T21:37:11.761+0300][88.297s][info ][gc] GC(2906) Concurrent Cycle 300.243ms
[2020-01-29T21:37:11.805+0300][88.341s][info ][gc] GC(2915) To-space exhausted
[2020-01-29T21:37:11.805+0300][88.341s][info ][gc] GC(2915) Pause Young (Normal) (G1 Evacuation Pause) 254M->255M(256M) 41.610ms
[2020-01-29T21:37:11.837+0300][88.373s][info ][gc] GC(2916) Pause Full (G1 Evacuation Pause) 255M->63M(256M) 31.843ms
[2020-01-29T21:37:11.901+0300][88.436s][info ][gc] GC(2917) Pause Young (Concurrent Start) (G1 Evacuation Pause) 117M->117M(256M) 37.537ms
[2020-01-29T21:37:11.901+0300][88.436s][info ][gc] GC(2918) Concurrent Cycle
[2020-01-29T21:37:11.963+0300][88.498s][info ][gc] GC(2919) Pause Young (Normal) (G1 Evacuation Pause) 172M->173M(256M) 25.845ms
[2020-01-29T21:37:11.989+0300][88.524s][info ][gc] GC(2920) Pause Young (Normal) (G1 Evacuation Pause) 189M->191M(256M) 16.066ms
[2020-01-29T21:37:12.003+0300][88.539s][info ][gc] GC(2921) Pause Young (Normal) (G1 Evacuation Pause) 202M->203M(256M) 9.217ms
[2020-01-29T21:37:12.020+0300][88.556s][info ][gc] GC(2922) Pause Young (Normal) (G1 Evacuation Pause) 213M->213M(256M) 10.192ms
[2020-01-29T21:37:12.033+0300][88.568s][info ][gc] GC(2923) Pause Young (Normal) (G1 Evacuation Pause) 223M->224M(256M) 7.644ms
[2020-01-29T21:37:12.048+0300][88.583s][info ][gc] GC(2924) Pause Young (Normal) (G1 Evacuation Pause) 234M->236M(256M) 8.228ms
[2020-01-29T21:37:12.066+0300][88.601s][info ][gc] GC(2925) To-space exhausted
[2020-01-29T21:37:12.066+0300][88.601s][info ][gc] GC(2925) Pause Young (Normal) (G1 Evacuation Pause) 246M->249M(256M) 13.133ms
[2020-01-29T21:37:12.083+0300][88.618s][info ][gc] GC(2926) To-space exhausted
[2020-01-29T21:37:12.084+0300][88.619s][info ][gc] GC(2926) Pause Young (Normal) (G1 Evacuation Pause) 254M->254M(256M) 14.473ms
[2020-01-29T21:37:12.084+0300][88.619s][debug][gc] GC(2927) Clear Next Bitmap 0.335ms
[2020-01-29T21:37:12.149+0300][88.684s][info ][gc] GC(2927) Pause Full (G1 Evacuation Pause) 254M->108M(256M) 65.477ms
[2020-01-29T21:37:12.150+0300][88.684s][info ][gc] GC(2918) Concurrent Cycle 248.511ms
[2020-01-29T21:37:12.190+0300][88.726s][info ][gc] GC(2928) Pause Young (Concurrent Start) (G1 Humongous Allocation) 137M->136M(256M) 17.576ms
[2020-01-29T21:37:12.190+0300][88.726s][info ][gc] GC(2929) Concurrent Cycle
[2020-01-29T21:37:12.228+0300][88.764s][info ][gc] GC(2930) Pause Young (Normal) (G1 Evacuation Pause) 184M->185M(256M) 21.365ms
[2020-01-29T21:37:12.233+0300][88.768s][debug][gc] GC(2929) Reclaimed 107 empty regions
[2020-01-29T21:37:12.233+0300][88.768s][info ][gc] GC(2929) Pause Remark 194M->89M(256M) 0.631ms
[2020-01-29T21:37:12.246+0300][88.782s][info ][gc] GC(2931) Pause Young (Normal) (G1 Evacuation Pause) 93M->93M(256M) 11.451ms
[2020-01-29T21:37:12.301+0300][88.837s][info ][gc] GC(2932) Pause Young (Normal) (G1 Evacuation Pause) 137M->138M(256M) 34.684ms
[2020-01-29T21:37:12.368+0300][88.903s][info ][gc] GC(2933) Pause Young (Normal) (G1 Evacuation Pause) 166M->167M(256M) 53.315ms
[2020-01-29T21:37:12.388+0300][88.923s][info ][gc] GC(2929) Pause Cleanup 200M->200M(256M) 0.038ms
[2020-01-29T21:37:12.389+0300][88.924s][info ][gc] GC(2929) Concurrent Cycle 197.702ms
[2020-01-29T21:37:12.424+0300][88.959s][info ][gc] GC(2934) Pause Young (Normal) (G1 Evacuation Pause) 206M->207M(256M) 32.801ms
[2020-01-29T21:37:12.434+0300][88.969s][info ][gc] GC(2935) Pause Young (Concurrent Start) (G1 Evacuation Pause) 216M->217M(256M) 6.674ms
[2020-01-29T21:37:12.434+0300][88.969s][info ][gc] GC(2936) Concurrent Cycle
[2020-01-29T21:37:12.449+0300][88.984s][info ][gc] GC(2937) Pause Young (Normal) (G1 Evacuation Pause) 227M->227M(256M) 8.146ms
[2020-01-29T21:37:12.461+0300][88.996s][info ][gc] GC(2938) Pause Young (Normal) (G1 Evacuation Pause) 237M->238M(256M) 8.031ms
[2020-01-29T21:37:12.479+0300][89.014s][info ][gc] GC(2939) To-space exhausted
[2020-01-29T21:37:12.479+0300][89.014s][info ][gc] GC(2939) Pause Young (Normal) (G1 Evacuation Pause) 248M->250M(256M) 13.359ms
[2020-01-29T21:37:12.495+0300][89.030s][info ][gc] GC(2940) To-space exhausted
[2020-01-29T21:37:12.495+0300][89.030s][info ][gc] GC(2940) Pause Young (Normal) (G1 Evacuation Pause) 255M->255M(256M) 14.346ms
[2020-01-29T21:37:12.496+0300][89.030s][debug][gc] GC(2941) Clear Next Bitmap 0.067ms
[2020-01-29T21:37:12.540+0300][89.075s][info ][gc] GC(2941) Pause Full (G1 Evacuation Pause) 255M->82M(256M) 44.239ms
[2020-01-29T21:37:12.540+0300][89.075s][info ][gc] GC(2936) Concurrent Cycle 105.457ms
[2020-01-29T21:37:12.586+0300][89.121s][info ][gc] GC(2942) Pause Young (Normal) (G1 Evacuation Pause) 128M->129M(256M) 28.299ms
[2020-01-29T21:37:12.610+0300][89.145s][info ][gc] GC(2943) Pause Young (Concurrent Start) (G1 Humongous Allocation) 137M->137M(256M) 9.019ms
[2020-01-29T21:37:12.610+0300][89.145s][info ][gc] GC(2944) Concurrent Cycle
[2020-01-29T21:37:12.622+0300][89.158s][debug][gc] GC(2944) Reclaimed 120 empty regions
[2020-01-29T21:37:12.622+0300][89.158s][info ][gc] GC(2944) Pause Remark 182M->64M(256M) 0.641ms
[2020-01-29T21:37:12.642+0300][89.177s][info ][gc] GC(2945) Pause Young (Normal) (G1 Evacuation Pause) 67M->63M(256M) 17.860ms
[2020-01-29T21:37:12.662+0300][89.197s][info ][gc] GC(2944) Pause Cleanup 112M->112M(256M) 0.036ms
[2020-01-29T21:37:12.662+0300][89.197s][info ][gc] GC(2944) Concurrent Cycle 52.212ms
[2020-01-29T21:37:12.704+0300][89.240s][info ][gc] GC(2946) Pause Young (Normal) (G1 Evacuation Pause) 115M->116M(256M) 40.856ms
[2020-01-29T21:37:12.753+0300][89.289s][info ][gc] GC(2947) Pause Young (Concurrent Start) (G1 Humongous Allocation) 151M->151M(256M) 23.793ms
[2020-01-29T21:37:12.753+0300][89.289s][info ][gc] GC(2948) Concurrent Cycle
[2020-01-29T21:37:12.799+0300][89.334s][info ][gc] GC(2949) Pause Young (Normal) (G1 Evacuation Pause) 195M->196M(256M) 22.972ms
[2020-01-29T21:37:12.804+0300][89.339s][debug][gc] GC(2948) Reclaimed 104 empty regions
[2020-01-29T21:37:12.804+0300][89.339s][info ][gc] GC(2948) Pause Remark 205M->101M(256M) 0.702ms
[2020-01-29T21:37:12.813+0300][89.348s][info ][gc] GC(2950) Pause Young (Normal) (G1 Evacuation Pause) 102M->103M(256M) 8.472ms
[2020-01-29T21:37:12.865+0300][89.400s][info ][gc] GC(2951) Pause Young (Normal) (G1 Evacuation Pause) 142M->143M(256M) 33.083ms
[2020-01-29T21:37:12.917+0300][89.452s][info ][gc] GC(2952) Pause Young (Normal) (G1 Evacuation Pause) 169M->170M(256M) 39.160ms
[2020-01-29T21:37:12.985+0300][89.521s][info ][gc] GC(2953) Pause Young (Normal) (G1 Evacuation Pause) 208M->209M(256M) 35.437ms
[2020-01-29T21:37:12.990+0300][89.526s][info ][gc] GC(2948) Pause Cleanup 209M->209M(256M) 0.055ms
[2020-01-29T21:37:12.991+0300][89.527s][info ][gc] GC(2948) Concurrent Cycle 238.248ms
[2020-01-29T21:37:13.020+0300][89.555s][info ][gc] GC(2954) Pause Young (Normal) (G1 Evacuation Pause) 218M->219M(256M) 23.806ms
[2020-01-29T21:37:13.034+0300][89.569s][info ][gc] GC(2955) Pause Young (Concurrent Start) (G1 Evacuation Pause) 229M->229M(256M) 8.215ms
[2020-01-29T21:37:13.034+0300][89.569s][info ][gc] GC(2956) Concurrent Cycle
[2020-01-29T21:37:13.053+0300][89.589s][info ][gc] GC(2957) Pause Young (Normal) (G1 Evacuation Pause) 239M->240M(256M) 10.424ms
[2020-01-29T21:37:13.076+0300][89.611s][info ][gc] GC(2958) To-space exhausted
[2020-01-29T21:37:13.076+0300][89.611s][info ][gc] GC(2958) Pause Young (Normal) (G1 Evacuation Pause) 250M->254M(256M) 16.702ms
[2020-01-29T21:37:13.086+0300][89.622s][info ][gc] GC(2959) To-space exhausted
[2020-01-29T21:37:13.086+0300][89.622s][info ][gc] GC(2959) Pause Young (Normal) (G1 Evacuation Pause) 255M->255M(256M) 9.031ms
[2020-01-29T21:37:13.087+0300][89.622s][debug][gc] GC(2960) Clear Next Bitmap 0.063ms
[2020-01-29T21:37:13.126+0300][89.661s][info ][gc] GC(2960) Pause Full (G1 Evacuation Pause) 255M->64M(256M) 39.549ms
[2020-01-29T21:37:13.127+0300][89.662s][info ][gc] GC(2956) Concurrent Cycle 92.673ms
[2020-01-29T21:37:13.181+0300][89.716s][info ][gc] GC(2961) Pause Young (Normal) (G1 Evacuation Pause) 116M->116M(256M) 31.912ms
[2020-01-29T21:37:13.219+0300][89.754s][info ][gc] GC(2962) Pause Young (Concurrent Start) (G1 Humongous Allocation) 137M->137M(256M) 17.059ms
[2020-01-29T21:37:13.219+0300][89.754s][info ][gc] GC(2963) Concurrent Cycle
[2020-01-29T21:37:13.255+0300][89.790s][info ][gc] GC(2964) Pause Young (Normal) (G1 Evacuation Pause) 185M->186M(256M) 20.543ms
[2020-01-29T21:37:13.260+0300][89.794s][debug][gc] GC(2963) Reclaimed 105 empty regions
[2020-01-29T21:37:13.260+0300][89.794s][info ][gc] GC(2963) Pause Remark 194M->90M(256M) 0.666ms
[2020-01-29T21:37:13.273+0300][89.808s][info ][gc] GC(2965) Pause Young (Normal) (G1 Evacuation Pause) 94M->95M(256M) 11.331ms
[2020-01-29T21:37:13.319+0300][89.855s][info ][gc] GC(2966) Pause Young (Normal) (G1 Evacuation Pause) 136M->137M(256M) 29.495ms
[2020-01-29T21:37:13.367+0300][89.902s][info ][gc] GC(2967) Pause Young (Normal) (G1 Evacuation Pause) 165M->166M(256M) 35.860ms
[2020-01-29T21:37:13.393+0300][89.928s][info ][gc] GC(2963) Pause Cleanup 192M->192M(256M) 0.045ms
[2020-01-29T21:37:13.393+0300][89.929s][info ][gc] GC(2963) Concurrent Cycle 174.480ms
[2020-01-29T21:37:13.432+0300][89.967s][info ][gc] GC(2968) Pause Young (Normal) (G1 Evacuation Pause) 205M->206M(256M) 33.140ms
[2020-01-29T21:37:13.444+0300][89.979s][info ][gc] GC(2969) Pause Young (Concurrent Start) (G1 Evacuation Pause) 215M->216M(256M) 7.227ms
[2020-01-29T21:37:13.444+0300][89.979s][info ][gc] GC(2970) Concurrent Cycle
[2020-01-29T21:37:13.480+0300][90.015s][info ][gc] GC(2971) Pause Young (Normal) (G1 Evacuation Pause) 226M->227M(256M) 8.102ms
[2020-01-29T21:37:13.504+0300][90.039s][info ][gc] GC(2972) Pause Young (Normal) (G1 Evacuation Pause) 237M->238M(256M) 7.566ms
[2020-01-29T21:37:13.509+0300][90.044s][debug][gc] GC(2970) Reclaimed 154 empty regions
[2020-01-29T21:37:13.509+0300][90.044s][info ][gc] GC(2970) Pause Remark 243M->89M(256M) 0.795ms
[2020-01-29T21:37:13.520+0300][90.055s][info ][gc] GC(2973) Pause Young (Normal) (G1 Evacuation Pause) 94M->95M(256M) 8.127ms
[2020-01-29T21:37:13.568+0300][90.103s][info ][gc] GC(2974) Pause Young (Normal) (G1 Evacuation Pause) 136M->137M(256M) 29.152ms
[2020-01-29T21:37:13.629+0300][90.163s][info ][gc] GC(2975) Pause Young (Normal) (G1 Evacuation Pause) 185M->186M(256M) 36.253ms
[2020-01-29T21:37:13.665+0300][90.200s][info ][gc] GC(2976) Pause Young (Normal) (G1 Evacuation Pause) 199M->200M(256M) 30.243ms
[2020-01-29T21:37:13.667+0300][90.202s][info ][gc] GC(2970) Pause Cleanup 201M->201M(256M) 0.056ms
[2020-01-29T21:37:13.668+0300][90.202s][info ][gc] GC(2970) Concurrent Cycle 223.363ms
[2020-01-29T21:37:13.695+0300][90.231s][info ][gc] GC(2977) Pause Young (Prepare Mixed) (G1 Evacuation Pause) 209M->210M(256M) 23.480ms
[2020-01-29T21:37:13.709+0300][90.245s][info ][gc] GC(2978) Pause Young (Mixed) (G1 Evacuation Pause) 220M->206M(256M) 9.968ms
[2020-01-29T21:37:13.722+0300][90.258s][info ][gc] GC(2979) Pause Young (Concurrent Start) (G1 Evacuation Pause) 216M->218M(256M) 8.892ms
[2020-01-29T21:37:13.722+0300][90.258s][info ][gc] GC(2980) Concurrent Cycle
[2020-01-29T21:37:13.743+0300][90.279s][info ][gc] GC(2981) Pause Young (Normal) (G1 Evacuation Pause) 228M->229M(256M) 7.504ms
[2020-01-29T21:37:13.756+0300][90.292s][info ][gc] GC(2982) Pause Young (Normal) (G1 Evacuation Pause) 239M->239M(256M) 8.316ms
[2020-01-29T21:37:13.776+0300][90.312s][info ][gc] GC(2983) To-space exhausted
[2020-01-29T21:37:13.776+0300][90.312s][info ][gc] GC(2983) Pause Young (Normal) (G1 Evacuation Pause) 249M->252M(256M) 15.760ms
[2020-01-29T21:37:13.790+0300][90.325s][info ][gc] GC(2984) To-space exhausted
[2020-01-29T21:37:13.790+0300][90.325s][info ][gc] GC(2984) Pause Young (Normal) (G1 Evacuation Pause) 255M->255M(256M) 11.806ms
[2020-01-29T21:37:13.790+0300][90.325s][debug][gc] GC(2985) Clear Next Bitmap 0.069ms
[2020-01-29T21:37:13.850+0300][90.385s][info ][gc] GC(2985) Pause Full (G1 Evacuation Pause) 255M->103M(256M) 59.490ms
[2020-01-29T21:37:13.850+0300][90.385s][info ][gc] GC(2980) Concurrent Cycle 127.224ms
[2020-01-29T21:37:13.892+0300][90.427s][info ][gc] GC(2986) Pause Young (Concurrent Start) (G1 Humongous Allocation) 136M->136M(256M) 18.766ms
[2020-01-29T21:37:13.892+0300][90.427s][info ][gc] GC(2987) Concurrent Cycle
[2020-01-29T21:37:13.940+0300][90.476s][info ][gc] GC(2988) Pause Young (Normal) (G1 Evacuation Pause) 184M->185M(256M) 29.939ms
[2020-01-29T21:37:13.945+0300][90.481s][debug][gc] GC(2987) Reclaimed 96 empty regions
[2020-01-29T21:37:13.945+0300][90.481s][info ][gc] GC(2987) Pause Remark 193M->99M(256M) 0.938ms
[2020-01-29T21:37:13.959+0300][90.494s][info ][gc] GC(2989) Pause Young (Normal) (G1 Evacuation Pause) 104M->104M(256M) 11.314ms
[2020-01-29T21:37:14.004+0300][90.540s][info ][gc] GC(2990) Pause Young (Normal) (G1 Evacuation Pause) 143M->144M(256M) 29.171ms
[2020-01-29T21:37:14.050+0300][90.586s][info ][gc] GC(2991) Pause Young (Normal) (G1 Evacuation Pause) 170M->171M(256M) 34.378ms
[2020-01-29T21:37:14.111+0300][90.645s][info ][gc] GC(2992) Pause Young (Normal) (G1 Evacuation Pause) 209M->209M(256M) 37.810ms
[2020-01-29T21:37:14.116+0300][90.651s][info ][gc] GC(2987) Pause Cleanup 218M->218M(256M) 0.049ms
[2020-01-29T21:37:14.141+0300][90.676s][info ][gc] GC(2993) Pause Young (Normal) (G1 Evacuation Pause) 218M->219M(256M) 25.316ms
[2020-01-29T21:37:14.141+0300][90.677s][info ][gc] GC(2987) Concurrent Cycle 249.174ms
[2020-01-29T21:37:14.153+0300][90.689s][info ][gc] GC(2994) Pause Young (Normal) (G1 Evacuation Pause) 229M->230M(256M) 8.056ms
[2020-01-29T21:37:14.165+0300][90.701s][info ][gc] GC(2995) Pause Young (Concurrent Start) (G1 Evacuation Pause) 240M->241M(256M) 7.999ms
[2020-01-29T21:37:14.165+0300][90.701s][info ][gc] GC(2996) Concurrent Cycle
[2020-01-29T21:37:14.189+0300][90.724s][info ][gc] GC(2997) To-space exhausted
[2020-01-29T21:37:14.189+0300][90.724s][info ][gc] GC(2997) Pause Young (Normal) (G1 Evacuation Pause) 251M->254M(256M) 16.935ms
[2020-01-29T21:37:14.196+0300][90.732s][info ][gc] GC(2998) To-space exhausted
[2020-01-29T21:37:14.197+0300][90.732s][info ][gc] GC(2998) Pause Young (Normal) (G1 Evacuation Pause) 255M->255M(256M) 7.160ms
[2020-01-29T21:37:14.197+0300][90.732s][debug][gc] GC(2999) Clear Next Bitmap 0.078ms
[2020-01-29T21:37:14.235+0300][90.770s][info ][gc] GC(2999) Pause Full (G1 Evacuation Pause) 255M->71M(256M) 37.760ms
[2020-01-29T21:37:14.235+0300][90.770s][info ][gc] GC(2996) Concurrent Cycle 69.098ms
[2020-01-29T21:37:14.291+0300][90.825s][info ][gc] GC(3000) Pause Young (Normal) (G1 Evacuation Pause) 120M->119M(256M) 35.734ms
[2020-01-29T21:37:14.322+0300][90.858s][info ][gc] GC(3001) Pause Young (Concurrent Start) (G1 Humongous Allocation) 137M->138M(256M) 14.808ms
[2020-01-29T21:37:14.322+0300][90.858s][info ][gc] GC(3002) Concurrent Cycle
[2020-01-29T21:37:14.362+0300][90.897s][info ][gc] GC(3003) Pause Young (Normal) (G1 Evacuation Pause) 186M->186M(256M) 26.200ms
[2020-01-29T21:37:14.367+0300][90.902s][debug][gc] GC(3002) Reclaimed 110 empty regions
[2020-01-29T21:37:14.367+0300][90.902s][info ][gc] GC(3002) Pause Remark 195M->86M(256M) 0.654ms
[2020-01-29T21:37:14.379+0300][90.915s][info ][gc] GC(3004) Pause Young (Normal) (G1 Evacuation Pause) 90M->91M(256M) 10.621ms
[2020-01-29T21:37:14.429+0300][90.965s][info ][gc] GC(3005) Pause Young (Normal) (G1 Evacuation Pause) 134M->135M(256M) 31.876ms
[2020-01-29T21:37:14.480+0300][91.015s][info ][gc] GC(3006) Pause Young (Normal) (G1 Evacuation Pause) 164M->164M(256M) 38.107ms
[2020-01-29T21:37:14.535+0300][91.070s][info ][gc] GC(3007) Pause Young (Normal) (G1 Evacuation Pause) 204M->205M(256M) 34.584ms
[2020-01-29T21:37:14.537+0300][91.072s][info ][gc] GC(3002) Pause Cleanup 207M->207M(256M) 0.050ms
[2020-01-29T21:37:14.537+0300][91.072s][info ][gc] GC(3002) Concurrent Cycle 214.122ms
[2020-01-29T21:37:14.565+0300][91.100s][info ][gc] GC(3008) Pause Young (Normal) (G1 Evacuation Pause) 213M->214M(256M) 25.381ms
[2020-01-29T21:37:14.579+0300][91.114s][info ][gc] GC(3009) Pause Young (Concurrent Start) (G1 Evacuation Pause) 224M->225M(256M) 9.676ms
[2020-01-29T21:37:14.579+0300][91.114s][info ][gc] GC(3010) Concurrent Cycle
[2020-01-29T21:37:14.596+0300][91.131s][info ][gc] GC(3011) Pause Young (Normal) (G1 Evacuation Pause) 235M->236M(256M) 9.773ms
[2020-01-29T21:37:14.610+0300][91.145s][info ][gc] GC(3012) To-space exhausted
[2020-01-29T21:37:14.611+0300][91.145s][info ][gc] GC(3012) Pause Young (Normal) (G1 Evacuation Pause) 246M->249M(256M) 10.328ms
[2020-01-29T21:37:14.628+0300][91.163s][info ][gc] GC(3013) To-space exhausted
[2020-01-29T21:37:14.629+0300][91.163s][info ][gc] GC(3013) Pause Young (Normal) (G1 Evacuation Pause) 255M->255M(256M) 15.408ms
[2020-01-29T21:37:14.629+0300][91.164s][debug][gc] GC(3014) Clear Next Bitmap 0.057ms
[2020-01-29T21:37:14.674+0300][91.209s][info ][gc] GC(3014) Pause Full (G1 Evacuation Pause) 255M->82M(256M) 45.517ms
[2020-01-29T21:37:14.675+0300][91.209s][info ][gc] GC(3010) Concurrent Cycle 95.098ms
[2020-01-29T21:37:14.717+0300][91.253s][info ][gc] GC(3015) Pause Young (Normal) (G1 Evacuation Pause) 128M->128M(256M) 25.646ms
[2020-01-29T21:37:14.740+0300][91.276s][info ][gc] GC(3016) Pause Young (Concurrent Start) (G1 Humongous Allocation) 136M->137M(256M) 8.518ms
[2020-01-29T21:37:14.740+0300][91.276s][info ][gc] GC(3017) Concurrent Cycle
[2020-01-29T21:37:14.752+0300][91.288s][debug][gc] GC(3017) Reclaimed 121 empty regions
[2020-01-29T21:37:14.752+0300][91.288s][info ][gc] GC(3017) Pause Remark 182M->64M(256M) 0.645ms
[2020-01-29T21:37:14.771+0300][91.307s][info ][gc] GC(3018) Pause Young (Normal) (G1 Evacuation Pause) 66M->62M(256M) 18.062ms
[2020-01-29T21:37:14.793+0300][91.328s][info ][gc] GC(3017) Pause Cleanup 114M->114M(256M) 0.034ms
[2020-01-29T21:37:14.833+0300][91.368s][info ][gc] GC(3019) Pause Young (Normal) (G1 Evacuation Pause) 114M->115M(256M) 40.191ms
[2020-01-29T21:37:14.833+0300][91.369s][info ][gc] GC(3017) Concurrent Cycle 92.838ms
[2020-01-29T21:37:14.884+0300][91.419s][info ][gc] GC(3020) Pause Young (Concurrent Start) (G1 Humongous Allocation) 150M->151M(256M) 26.116ms
[2020-01-29T21:37:14.884+0300][91.419s][info ][gc] GC(3021) Concurrent Cycle
[2020-01-29T21:37:14.925+0300][91.460s][info ][gc] GC(3022) Pause Young (Normal) (G1 Evacuation Pause) 195M->195M(256M) 18.352ms
[2020-01-29T21:37:14.929+0300][91.464s][debug][gc] GC(3021) Reclaimed 104 empty regions
[2020-01-29T21:37:14.929+0300][91.464s][info ][gc] GC(3021) Pause Remark 205M->101M(256M) 0.628ms
[2020-01-29T21:37:14.939+0300][91.474s][info ][gc] GC(3023) Pause Young (Normal) (G1 Evacuation Pause) 101M->102M(256M) 9.319ms
[2020-01-29T21:37:14.982+0300][91.517s][info ][gc] GC(3024) Pause Young (Normal) (G1 Evacuation Pause) 141M->142M(256M) 26.865ms
[2020-01-29T21:37:15.026+0300][91.561s][info ][gc] GC(3025) Pause Young (Normal) (G1 Evacuation Pause) 169M->170M(256M) 33.569ms
[2020-01-29T21:37:15.081+0300][91.617s][info ][gc] GC(3026) Pause Young (Normal) (G1 Evacuation Pause) 208M->209M(256M) 35.418ms
[2020-01-29T21:37:15.123+0300][91.659s][info ][gc] GC(3027) Pause Young (Normal) (G1 Evacuation Pause) 218M->219M(256M) 36.365ms
[2020-01-29T21:37:15.158+0300][91.693s][info ][gc] GC(3028) Pause Young (Normal) (G1 Evacuation Pause) 229M->230M(256M) 27.988ms
[2020-01-29T21:37:15.192+0300][91.728s][info ][gc] GC(3029) Pause Young (Normal) (G1 Evacuation Pause) 240M->241M(256M) 29.970ms
[2020-01-29T21:37:15.202+0300][91.738s][info ][gc] GC(3021) Pause Cleanup 241M->241M(256M) 0.059ms
[2020-01-29T21:37:15.204+0300][91.739s][info ][gc] GC(3021) Concurrent Cycle 319.866ms
[2020-01-29T21:37:15.240+0300][91.775s][info ][gc] GC(3030) To-space exhausted
[2020-01-29T21:37:15.240+0300][91.776s][info ][gc] GC(3030) Pause Young (Normal) (G1 Evacuation Pause) 251M->255M(256M) 31.151ms
[2020-01-29T21:37:15.275+0300][91.810s][info ][gc] GC(3031) Pause Full (G1 Evacuation Pause) 255M->64M(256M) 34.140ms
[2020-01-29T21:37:15.326+0300][91.861s][info ][gc] GC(3032) Pause Young (Concurrent Start) (G1 Evacuation Pause) 115M->115M(256M) 29.016ms
[2020-01-29T21:37:15.326+0300][91.861s][info ][gc] GC(3033) Concurrent Cycle
[2020-01-29T21:37:15.385+0300][91.920s][info ][gc] GC(3034) Pause Young (Normal) (G1 Evacuation Pause) 170M->171M(256M) 30.072ms
[2020-01-29T21:37:15.410+0300][91.944s][info ][gc] GC(3035) Pause Young (Normal) (G1 Evacuation Pause) 188M->189M(256M) 14.921ms
[2020-01-29T21:37:15.425+0300][91.960s][info ][gc] GC(3036) Pause Young (Normal) (G1 Evacuation Pause) 201M->202M(256M) 9.182ms
[2020-01-29T21:37:15.438+0300][91.972s][info ][gc] GC(3037) Pause Young (Normal) (G1 Evacuation Pause) 212M->212M(256M) 7.384ms
[2020-01-29T21:37:15.448+0300][91.984s][info ][gc] GC(3038) Pause Young (Normal) (G1 Evacuation Pause) 222M->223M(256M) 7.307ms
[2020-01-29T21:37:15.461+0300][91.997s][info ][gc] GC(3039) Pause Young (Normal) (G1 Evacuation Pause) 233M->234M(256M) 7.433ms
[2020-01-29T21:37:15.476+0300][92.011s][info ][gc] GC(3040) To-space exhausted
[2020-01-29T21:37:15.476+0300][92.011s][info ][gc] GC(3040) Pause Young (Normal) (G1 Evacuation Pause) 244M->247M(256M) 10.708ms
[2020-01-29T21:37:15.498+0300][92.033s][info ][gc] GC(3041) To-space exhausted
[2020-01-29T21:37:15.498+0300][92.033s][info ][gc] GC(3041) Pause Young (Normal) (G1 Evacuation Pause) 254M->254M(256M) 18.440ms
[2020-01-29T21:37:15.498+0300][92.034s][debug][gc] GC(3042) Clear Next Bitmap 0.071ms
[2020-01-29T21:37:15.560+0300][92.096s][info ][gc] GC(3042) Pause Full (G1 Evacuation Pause) 254M->110M(256M) 62.075ms
[2020-01-29T21:37:15.561+0300][92.096s][info ][gc] GC(3033) Concurrent Cycle 234.836ms
[2020-01-29T21:37:15.598+0300][92.133s][info ][gc] GC(3043) Pause Young (Concurrent Start) (G1 Humongous Allocation) 136M->136M(256M) 16.220ms
[2020-01-29T21:37:15.598+0300][92.133s][info ][gc] GC(3044) Concurrent Cycle
[2020-01-29T21:37:15.633+0300][92.168s][info ][gc] GC(3045) Pause Young (Normal) (G1 Evacuation Pause) 185M->187M(256M) 20.756ms
[2020-01-29T21:37:15.638+0300][92.174s][debug][gc] GC(3044) Reclaimed 108 empty regions
[2020-01-29T21:37:15.638+0300][92.174s][info ][gc] GC(3044) Pause Remark 195M->89M(256M) 0.834ms
[2020-01-29T21:37:15.650+0300][92.185s][info ][gc] GC(3046) Pause Young (Normal) (G1 Evacuation Pause) 92M->93M(256M) 9.832ms
[2020-01-29T21:37:15.701+0300][92.236s][info ][gc] GC(3047) Pause Young (Normal) (G1 Evacuation Pause) 136M->137M(256M) 30.900ms
[2020-01-29T21:37:15.749+0300][92.285s][info ][gc] GC(3048) Pause Young (Normal) (G1 Evacuation Pause) 165M->166M(256M) 37.325ms
[2020-01-29T21:37:15.801+0300][92.336s][info ][gc] GC(3049) Pause Young (Normal) (G1 Evacuation Pause) 205M->206M(256M) 31.644ms
[2020-01-29T21:37:15.803+0300][92.338s][info ][gc] GC(3044) Pause Cleanup 210M->210M(256M) 0.043ms
[2020-01-29T21:37:15.803+0300][92.339s][info ][gc] GC(3044) Concurrent Cycle 205.448ms
[2020-01-29T21:37:15.832+0300][92.367s][info ][gc] GC(3050) Pause Young (Normal) (G1 Evacuation Pause) 215M->216M(256M) 26.633ms
[2020-01-29T21:37:15.844+0300][92.380s][info ][gc] GC(3051) Pause Young (Concurrent Start) (G1 Evacuation Pause) 226M->228M(256M) 8.170ms
[2020-01-29T21:37:15.844+0300][92.380s][info ][gc] GC(3052) Concurrent Cycle
[2020-01-29T21:37:15.858+0300][92.393s][info ][gc] GC(3053) Pause Young (Normal) (G1 Evacuation Pause) 238M->239M(256M) 7.469ms
[2020-01-29T21:37:15.877+0300][92.413s][info ][gc] GC(3054) To-space exhausted
[2020-01-29T21:37:15.877+0300][92.413s][info ][gc] GC(3054) Pause Young (Normal) (G1 Evacuation Pause) 249M->251M(256M) 14.463ms
[2020-01-29T21:37:15.892+0300][92.427s][info ][gc] GC(3055) To-space exhausted
[2020-01-29T21:37:15.892+0300][92.427s][info ][gc] GC(3055) Pause Young (Normal) (G1 Evacuation Pause) 255M->255M(256M) 12.837ms
[2020-01-29T21:37:15.892+0300][92.428s][debug][gc] GC(3056) Clear Next Bitmap 0.075ms
[2020-01-29T21:37:15.936+0300][92.471s][info ][gc] GC(3056) Pause Full (G1 Evacuation Pause) 255M->81M(256M) 43.965ms
[2020-01-29T21:37:15.936+0300][92.472s][info ][gc] GC(3052) Concurrent Cycle 92.035ms
[2020-01-29T21:37:15.989+0300][92.524s][info ][gc] GC(3057) Pause Young (Normal) (G1 Evacuation Pause) 127M->127M(256M) 32.655ms
[2020-01-29T21:37:16.015+0300][92.550s][info ][gc] GC(3058) Pause Young (Concurrent Start) (G1 Humongous Allocation) 137M->137M(256M) 10.108ms
[2020-01-29T21:37:16.015+0300][92.550s][info ][gc] GC(3059) Concurrent Cycle
[2020-01-29T21:37:16.028+0300][92.563s][debug][gc] GC(3059) Reclaimed 119 empty regions
[2020-01-29T21:37:16.028+0300][92.563s][info ][gc] GC(3059) Pause Remark 182M->65M(256M) 0.638ms
[2020-01-29T21:37:16.048+0300][92.583s][info ][gc] GC(3060) Pause Young (Normal) (G1 Evacuation Pause) 68M->64M(256M) 18.418ms
[2020-01-29T21:37:16.070+0300][92.605s][info ][gc] GC(3059) Pause Cleanup 112M->112M(256M) 0.035ms
[2020-01-29T21:37:16.070+0300][92.606s][info ][gc] GC(3059) Concurrent Cycle 55.521ms
[2020-01-29T21:37:16.114+0300][92.649s][info ][gc] GC(3061) Pause Young (Normal) (G1 Evacuation Pause) 116M->117M(256M) 41.995ms
[2020-01-29T21:37:16.162+0300][92.697s][info ][gc] GC(3062) Pause Young (Concurrent Start) (G1 Humongous Allocation) 152M->152M(256M) 23.758ms
[2020-01-29T21:37:16.162+0300][92.697s][info ][gc] GC(3063) Concurrent Cycle
[2020-01-29T21:37:16.209+0300][92.745s][info ][gc] GC(3064) Pause Young (Normal) (G1 Evacuation Pause) 196M->197M(256M) 24.287ms
[2020-01-29T21:37:16.214+0300][92.750s][debug][gc] GC(3063) Reclaimed 105 empty regions
[2020-01-29T21:37:16.215+0300][92.750s][info ][gc] GC(3063) Pause Remark 204M->99M(256M) 0.751ms
[2020-01-29T21:37:16.227+0300][92.763s][info ][gc] GC(3065) Pause Young (Normal) (G1 Evacuation Pause) 102M->103M(256M) 8.957ms
[2020-01-29T21:37:16.276+0300][92.812s][info ][gc] GC(3066) Pause Young (Normal) (G1 Evacuation Pause) 142M->143M(256M) 29.232ms
[2020-01-29T21:37:16.328+0300][92.864s][info ][gc] GC(3067) Pause Young (Normal) (G1 Evacuation Pause) 169M->170M(256M) 35.462ms
[2020-01-29T21:37:16.390+0300][92.925s][info ][gc] GC(3068) Pause Young (Normal) (G1 Evacuation Pause) 208M->209M(256M) 33.477ms
[2020-01-29T21:37:16.392+0300][92.928s][info ][gc] GC(3063) Pause Cleanup 209M->209M(256M) 0.044ms
[2020-01-29T21:37:16.393+0300][92.928s][info ][gc] GC(3063) Concurrent Cycle 230.939ms
[2020-01-29T21:37:16.421+0300][92.957s][info ][gc] GC(3069) Pause Young (Normal) (G1 Evacuation Pause) 218M->219M(256M) 24.342ms
[2020-01-29T21:37:16.435+0300][92.970s][info ][gc] GC(3070) Pause Young (Concurrent Start) (G1 Evacuation Pause) 229M->229M(256M) 8.653ms
[2020-01-29T21:37:16.435+0300][92.970s][info ][gc] GC(3071) Concurrent Cycle
[2020-01-29T21:37:16.449+0300][92.984s][info ][gc] GC(3072) Pause Young (Normal) (G1 Evacuation Pause) 239M->240M(256M) 7.634ms
[2020-01-29T21:37:16.472+0300][93.007s][info ][gc] GC(3073) To-space exhausted
[2020-01-29T21:37:16.472+0300][93.007s][info ][gc] GC(3073) Pause Young (Normal) (G1 Evacuation Pause) 250M->252M(256M) 16.866ms
[2020-01-29T21:37:16.486+0300][93.021s][info ][gc] GC(3074) To-space exhausted
[2020-01-29T21:37:16.487+0300][93.022s][info ][gc] GC(3074) Pause Young (Normal) (G1 Evacuation Pause) 255M->255M(256M) 11.901ms
[2020-01-29T21:37:16.487+0300][93.022s][debug][gc] GC(3075) Clear Next Bitmap 0.070ms
[2020-01-29T21:37:16.522+0300][93.057s][info ][gc] GC(3075) Pause Full (G1 Evacuation Pause) 255M->65M(256M) 35.497ms
[2020-01-29T21:37:16.524+0300][93.058s][info ][gc] GC(3071) Concurrent Cycle 87.941ms
[2020-01-29T21:37:16.575+0300][93.111s][info ][gc] GC(3076) Pause Young (Normal) (G1 Evacuation Pause) 116M->116M(256M) 28.227ms
[2020-01-29T21:37:16.623+0300][93.159s][info ][gc] GC(3077) Pause Young (Concurrent Start) (G1 Humongous Allocation) 137M->137M(256M) 26.630ms
[2020-01-29T21:37:16.623+0300][93.159s][info ][gc] GC(3078) Concurrent Cycle
[2020-01-29T21:37:16.643+0300][93.179s][debug][gc] GC(3078) Reclaimed 98 empty regions
[2020-01-29T21:37:16.643+0300][93.179s][info ][gc] GC(3078) Pause Remark 181M->85M(256M) 0.801ms
[2020-01-29T21:37:16.663+0300][93.199s][info ][gc] GC(3079) Pause Young (Normal) (G1 Evacuation Pause) 88M->83M(256M) 17.341ms
[2020-01-29T21:37:16.723+0300][93.258s][info ][gc] GC(3080) Pause Young (Normal) (G1 Evacuation Pause) 128M->129M(256M) 37.176ms
[2020-01-29T21:37:16.731+0300][93.267s][info ][gc] GC(3078) Pause Cleanup 136M->136M(256M) 0.058ms
[2020-01-29T21:37:16.732+0300][93.267s][info ][gc] GC(3078) Concurrent Cycle 108.196ms
[2020-01-29T21:37:16.781+0300][93.316s][info ][gc] GC(3081) Pause Young (Normal) (G1 Evacuation Pause) 160M->161M(256M) 38.892ms
[2020-01-29T21:37:16.808+0300][93.343s][info ][gc] GC(3082) Pause Young (Concurrent Start) (G1 Humongous Allocation) 173M->173M(256M) 10.644ms
[2020-01-29T21:37:16.808+0300][93.343s][info ][gc] GC(3083) Concurrent Cycle
[2020-01-29T21:37:16.832+0300][93.367s][info ][gc] GC(3084) Pause Young (Normal) (G1 Evacuation Pause) 210M->211M(256M) 14.276ms
[2020-01-29T21:37:16.837+0300][93.372s][debug][gc] GC(3083) Reclaimed 142 empty regions
[2020-01-29T21:37:16.837+0300][93.372s][info ][gc] GC(3083) Pause Remark 216M->74M(256M) 0.783ms
[2020-01-29T21:37:16.847+0300][93.382s][info ][gc] GC(3085) Pause Young (Normal) (G1 Evacuation Pause) 78M->79M(256M) 7.949ms
[2020-01-29T21:37:16.901+0300][93.436s][info ][gc] GC(3086) Pause Young (Normal) (G1 Evacuation Pause) 125M->126M(256M) 33.473ms
[2020-01-29T21:37:16.954+0300][93.490s][info ][gc] GC(3087) Pause Young (Normal) (G1 Evacuation Pause) 158M->159M(256M) 39.067ms
[2020-01-29T21:37:16.957+0300][93.493s][info ][gc] GC(3083) Pause Cleanup 159M->159M(256M) 0.048ms
[2020-01-29T21:37:16.958+0300][93.494s][info ][gc] GC(3083) Concurrent Cycle 150.114ms
[2020-01-29T21:37:17.011+0300][93.546s][info ][gc] GC(3088) Pause Young (Prepare Mixed) (G1 Evacuation Pause) 200M->200M(256M) 31.111ms
[2020-01-29T21:37:17.022+0300][93.557s][info ][gc] GC(3089) Pause Young (Mixed) (G1 Evacuation Pause) 208M->197M(256M) 7.395ms
[2020-01-29T21:37:17.034+0300][93.569s][info ][gc] GC(3090) Pause Young (Concurrent Start) (G1 Evacuation Pause) 207M->208M(256M) 7.966ms
[2020-01-29T21:37:17.034+0300][93.569s][info ][gc] GC(3091) Concurrent Cycle
[2020-01-29T21:37:17.048+0300][93.584s][info ][gc] GC(3092) Pause Young (Normal) (G1 Evacuation Pause) 218M->219M(256M) 7.639ms
[2020-01-29T21:37:17.060+0300][93.596s][info ][gc] GC(3093) Pause Young (Normal) (G1 Evacuation Pause) 229M->230M(256M) 7.483ms
[2020-01-29T21:37:17.072+0300][93.608s][info ][gc] GC(3094) Pause Young (Normal) (G1 Evacuation Pause) 240M->241M(256M) 7.761ms
[2020-01-29T21:37:17.094+0300][93.629s][info ][gc] GC(3095) To-space exhausted
[2020-01-29T21:37:17.094+0300][93.630s][info ][gc] GC(3095) Pause Young (Normal) (G1 Evacuation Pause) 251M->254M(256M) 17.149ms
[2020-01-29T21:37:17.102+0300][93.638s][info ][gc] GC(3096) To-space exhausted
[2020-01-29T21:37:17.102+0300][93.638s][info ][gc] GC(3096) Pause Young (Normal) (G1 Evacuation Pause) 255M->255M(256M) 7.551ms
[2020-01-29T21:37:17.103+0300][93.638s][debug][gc] GC(3097) Clear Next Bitmap 0.059ms
[2020-01-29T21:37:17.152+0300][93.688s][info ][gc] GC(3097) Pause Full (G1 Evacuation Pause) 255M->90M(256M) 49.684ms
[2020-01-29T21:37:17.153+0300][93.688s][info ][gc] GC(3091) Concurrent Cycle 118.494ms
[2020-01-29T21:37:17.194+0300][93.729s][info ][gc] GC(3098) Pause Young (Normal) (G1 Evacuation Pause) 133M->133M(256M) 23.882ms
[2020-01-29T21:37:17.210+0300][93.745s][info ][gc] GC(3099) Pause Young (Concurrent Start) (G1 Humongous Allocation) 136M->137M(256M) 5.353ms
[2020-01-29T21:37:17.210+0300][93.746s][info ][gc] GC(3100) Concurrent Cycle
[2020-01-29T21:37:17.219+0300][93.755s][debug][gc] GC(3100) Reclaimed 125 empty regions
[2020-01-29T21:37:17.219+0300][93.755s][info ][gc] GC(3100) Pause Remark 176M->53M(256M) 0.677ms
[2020-01-29T21:37:17.240+0300][93.776s][info ][gc] GC(3101) Pause Young (Normal) (G1 Evacuation Pause) 61M->59M(256M) 17.386ms
[2020-01-29T21:37:17.263+0300][93.798s][info ][gc] GC(3100) Pause Cleanup 86M->86M(256M) 0.039ms
[2020-01-29T21:37:17.263+0300][93.798s][info ][gc] GC(3100) Concurrent Cycle 52.669ms
[2020-01-29T21:37:17.314+0300][93.849s][info ][gc] GC(3102) Pause Young (Normal) (G1 Evacuation Pause) 112M->112M(256M) 40.112ms
[2020-01-29T21:37:17.363+0300][93.899s][info ][gc] GC(3103) Pause Young (Concurrent Start) (G1 Humongous Allocation) 147M->148M(256M) 23.701ms
[2020-01-29T21:37:17.363+0300][93.899s][info ][gc] GC(3104) Concurrent Cycle
[2020-01-29T21:37:17.406+0300][93.942s][info ][gc] GC(3105) Pause Young (Normal) (G1 Evacuation Pause) 193M->193M(256M) 19.607ms
[2020-01-29T21:37:17.411+0300][93.947s][debug][gc] GC(3104) Reclaimed 100 empty regions
[2020-01-29T21:37:17.411+0300][93.947s][info ][gc] GC(3104) Pause Remark 202M->102M(256M) 0.650ms
[2020-01-29T21:37:17.422+0300][93.957s][info ][gc] GC(3106) Pause Young (Normal) (G1 Evacuation Pause) 104M->105M(256M) 9.354ms
[2020-01-29T21:37:17.467+0300][94.002s][info ][gc] GC(3107) Pause Young (Normal) (G1 Evacuation Pause) 143M->144M(256M) 28.239ms
[2020-01-29T21:37:17.514+0300][94.049s][info ][gc] GC(3108) Pause Young (Normal) (G1 Evacuation Pause) 170M->171M(256M) 34.505ms
[2020-01-29T21:37:17.576+0300][94.111s][info ][gc] GC(3109) Pause Young (Normal) (G1 Evacuation Pause) 209M->209M(256M) 36.203ms
[2020-01-29T21:37:17.611+0300][94.146s][info ][gc] GC(3110) Pause Young (Normal) (G1 Evacuation Pause) 218M->220M(256M) 28.164ms
[2020-01-29T21:37:17.616+0300][94.151s][info ][gc] GC(3104) Pause Cleanup 225M->225M(256M) 0.048ms
[2020-01-29T21:37:17.616+0300][94.151s][info ][gc] GC(3104) Concurrent Cycle 252.219ms
[2020-01-29T21:37:17.644+0300][94.179s][info ][gc] GC(3111) Pause Young (Normal) (G1 Evacuation Pause) 230M->230M(256M) 25.882ms
[2020-01-29T21:37:17.657+0300][94.192s][info ][gc] GC(3112) Pause Young (Concurrent Start) (G1 Evacuation Pause) 240M->242M(256M) 8.044ms
[2020-01-29T21:37:17.657+0300][94.192s][info ][gc] GC(3113) Concurrent Cycle
[2020-01-29T21:37:17.682+0300][94.217s][info ][gc] GC(3114) To-space exhausted
[2020-01-29T21:37:17.682+0300][94.217s][info ][gc] GC(3114) Pause Young (Normal) (G1 Evacuation Pause) 252M->255M(256M) 19.168ms
[2020-01-29T21:37:17.683+0300][94.217s][debug][gc] GC(3115) Clear Next Bitmap 0.062ms
[2020-01-29T21:37:17.715+0300][94.250s][info ][gc] GC(3115) Pause Full (G1 Evacuation Pause) 255M->63M(256M) 33.090ms
[2020-01-29T21:37:17.716+0300][94.251s][info ][gc] GC(3113) Concurrent Cycle 59.515ms
[2020-01-29T21:37:17.765+0300][94.301s][info ][gc] GC(3116) Pause Young (Normal) (G1 Evacuation Pause) 114M->114M(256M) 28.268ms
[2020-01-29T21:37:17.803+0300][94.338s][info ][gc] GC(3117) Pause Young (Concurrent Start) (G1 Humongous Allocation) 137M->137M(256M) 17.196ms
[2020-01-29T21:37:17.803+0300][94.338s][info ][gc] GC(3118) Concurrent Cycle
[2020-01-29T21:37:17.840+0300][94.375s][info ][gc] GC(3119) Pause Young (Normal) (G1 Evacuation Pause) 185M->186M(256M) 21.145ms
[2020-01-29T21:37:17.845+0300][94.380s][debug][gc] GC(3118) Reclaimed 105 empty regions
[2020-01-29T21:37:17.845+0300][94.380s][info ][gc] GC(3118) Pause Remark 195M->92M(256M) 0.670ms
[2020-01-29T21:37:17.858+0300][94.393s][info ][gc] GC(3120) Pause Young (Normal) (G1 Evacuation Pause) 96M->97M(256M) 11.114ms
[2020-01-29T21:37:17.906+0300][94.441s][info ][gc] GC(3121) Pause Young (Normal) (G1 Evacuation Pause) 138M->139M(256M) 30.855ms
[2020-01-29T21:37:17.956+0300][94.492s][info ][gc] GC(3122) Pause Young (Normal) (G1 Evacuation Pause) 167M->168M(256M) 37.219ms
[2020-01-29T21:37:18.011+0300][94.546s][info ][gc] GC(3123) Pause Young (Normal) (G1 Evacuation Pause) 207M->208M(256M) 32.410ms
[2020-01-29T21:37:18.015+0300][94.550s][info ][gc] GC(3118) Pause Cleanup 216M->216M(256M) 0.105ms
[2020-01-29T21:37:18.015+0300][94.551s][info ][gc] GC(3118) Concurrent Cycle 212.197ms
[2020-01-29T21:37:18.040+0300][94.575s][info ][gc] GC(3124) Pause Young (Normal) (G1 Evacuation Pause) 217M->218M(256M) 23.888ms
[2020-01-29T21:37:18.052+0300][94.587s][info ][gc] GC(3125) Pause Young (Concurrent Start) (G1 Evacuation Pause) 228M->229M(256M) 8.100ms
[2020-01-29T21:37:18.052+0300][94.587s][info ][gc] GC(3126) Concurrent Cycle
[2020-01-29T21:37:18.067+0300][94.602s][info ][gc] GC(3127) Pause Young (Normal) (G1 Evacuation Pause) 239M->240M(256M) 8.262ms
[2020-01-29T21:37:18.089+0300][94.624s][info ][gc] GC(3128) To-space exhausted
[2020-01-29T21:37:18.089+0300][94.624s][info ][gc] GC(3128) Pause Young (Normal) (G1 Evacuation Pause) 250M->252M(256M) 16.250ms
[2020-01-29T21:37:18.101+0300][94.637s][info ][gc] GC(3129) To-space exhausted
[2020-01-29T21:37:18.101+0300][94.637s][info ][gc] GC(3129) Pause Young (Normal) (G1 Evacuation Pause) 255M->255M(256M) 11.629ms
[2020-01-29T21:37:18.101+0300][94.637s][debug][gc] GC(3130) Clear Next Bitmap 0.060ms
[2020-01-29T21:37:18.142+0300][94.678s][info ][gc] GC(3130) Pause Full (G1 Evacuation Pause) 255M->77M(256M) 40.736ms
[2020-01-29T21:37:18.143+0300][94.678s][info ][gc] GC(3126) Concurrent Cycle 90.782ms
[2020-01-29T21:37:18.190+0300][94.725s][info ][gc] GC(3131) Pause Young (Normal) (G1 Evacuation Pause) 125M->124M(256M) 27.004ms
[2020-01-29T21:37:18.215+0300][94.750s][info ][gc] GC(3132) Pause Young (Concurrent Start) (G1 Humongous Allocation) 136M->138M(256M) 10.032ms
[2020-01-29T21:37:18.215+0300][94.750s][info ][gc] GC(3133) Concurrent Cycle
[2020-01-29T21:37:18.247+0300][94.782s][info ][gc] GC(3134) Pause Young (Normal) (G1 Evacuation Pause) 186M->187M(256M) 19.798ms
[2020-01-29T21:37:18.249+0300][94.783s][debug][gc] GC(3133) Reclaimed 117 empty regions
[2020-01-29T21:37:18.249+0300][94.783s][info ][gc] GC(3133) Pause Remark 187M->72M(256M) 0.715ms
[2020-01-29T21:37:18.264+0300][94.799s][info ][gc] GC(3135) Pause Young (Normal) (G1 Evacuation Pause) 83M->84M(256M) 10.157ms
[2020-01-29T21:37:18.315+0300][94.851s][info ][gc] GC(3136) Pause Young (Normal) (G1 Evacuation Pause) 129M->130M(256M) 33.748ms
[2020-01-29T21:37:18.380+0300][94.915s][info ][gc] GC(3137) Pause Young (Normal) (G1 Evacuation Pause) 180M->181M(256M) 39.949ms
[2020-01-29T21:37:18.381+0300][94.916s][info ][gc] GC(3133) Pause Cleanup 181M->181M(256M) 0.046ms
[2020-01-29T21:37:18.381+0300][94.916s][info ][gc] GC(3133) Concurrent Cycle 166.276ms
[2020-01-29T21:37:18.418+0300][94.952s][info ][gc] GC(3138) Pause Young (Normal) (G1 Evacuation Pause) 196M->196M(256M) 28.789ms
[2020-01-29T21:37:18.436+0300][94.971s][info ][gc] GC(3139) Pause Young (Concurrent Start) (G1 Evacuation Pause) 206M->207M(256M) 12.931ms
[2020-01-29T21:37:18.436+0300][94.971s][info ][gc] GC(3140) Concurrent Cycle
[2020-01-29T21:37:18.453+0300][94.988s][info ][gc] GC(3141) Pause Young (Normal) (G1 Evacuation Pause) 217M->217M(256M) 10.057ms
[2020-01-29T21:37:18.465+0300][95.000s][info ][gc] GC(3142) Pause Young (Normal) (G1 Evacuation Pause) 227M->228M(256M) 7.254ms
[2020-01-29T21:37:18.476+0300][95.012s][info ][gc] GC(3143) Pause Young (Normal) (G1 Evacuation Pause) 238M->239M(256M) 7.574ms
[2020-01-29T21:37:18.498+0300][95.034s][info ][gc] GC(3144) To-space exhausted
[2020-01-29T21:37:18.498+0300][95.034s][info ][gc] GC(3144) Pause Young (Normal) (G1 Evacuation Pause) 249M->252M(256M) 16.721ms
[2020-01-29T21:37:18.511+0300][95.046s][info ][gc] GC(3145) To-space exhausted
[2020-01-29T21:37:18.511+0300][95.046s][info ][gc] GC(3145) Pause Young (Normal) (G1 Evacuation Pause) 255M->255M(256M) 10.879ms
[2020-01-29T21:37:18.511+0300][95.047s][debug][gc] GC(3146) Clear Next Bitmap 0.081ms
[2020-01-29T21:37:18.560+0300][95.095s][info ][gc] GC(3146) Pause Full (G1 Evacuation Pause) 255M->89M(256M) 48.600ms
[2020-01-29T21:37:18.560+0300][95.096s][info ][gc] GC(3140) Concurrent Cycle 124.846ms
[2020-01-29T21:37:18.613+0300][95.148s][info ][gc] GC(3147) Pause Young (Normal) (G1 Evacuation Pause) 133M->133M(256M) 33.963ms
[2020-01-29T21:37:18.634+0300][95.169s][info ][gc] GC(3148) Pause Young (Concurrent Start) (G1 Humongous Allocation) 137M->138M(256M) 6.540ms
[2020-01-29T21:37:18.634+0300][95.169s][info ][gc] GC(3149) Concurrent Cycle
[2020-01-29T21:37:18.644+0300][95.179s][debug][gc] GC(3149) Reclaimed 120 empty regions
[2020-01-29T21:37:18.644+0300][95.179s][info ][gc] GC(3149) Pause Remark 178M->58M(256M) 0.647ms
[2020-01-29T21:37:18.665+0300][95.200s][info ][gc] GC(3150) Pause Young (Normal) (G1 Evacuation Pause) 66M->63M(256M) 17.651ms
[2020-01-29T21:37:18.679+0300][95.214s][info ][gc] GC(3149) Pause Cleanup 95M->95M(256M) 0.041ms
[2020-01-29T21:37:18.679+0300][95.215s][info ][gc] GC(3149) Concurrent Cycle 45.192ms
[2020-01-29T21:37:18.726+0300][95.261s][info ][gc] GC(3151) Pause Young (Normal) (G1 Evacuation Pause) 115M->115M(256M) 38.661ms
[2020-01-29T21:37:18.775+0300][95.310s][info ][gc] GC(3152) Pause Young (Concurrent Start) (G1 Humongous Allocation) 150M->151M(256M) 23.553ms
[2020-01-29T21:37:18.775+0300][95.310s][info ][gc] GC(3153) Concurrent Cycle
[2020-01-29T21:37:18.816+0300][95.350s][info ][gc] GC(3154) Pause Young (Normal) (G1 Evacuation Pause) 195M->196M(256M) 18.382ms
[2020-01-29T21:37:18.821+0300][95.355s][debug][gc] GC(3153) Reclaimed 100 empty regions
[2020-01-29T21:37:18.821+0300][95.355s][info ][gc] GC(3153) Pause Remark 204M->104M(256M) 0.640ms
[2020-01-29T21:37:18.830+0300][95.365s][info ][gc] GC(3155) Pause Young (Normal) (G1 Evacuation Pause) 106M->107M(256M) 9.126ms
[2020-01-29T21:37:18.872+0300][95.408s][info ][gc] GC(3156) Pause Young (Normal) (G1 Evacuation Pause) 145M->146M(256M) 26.913ms
[2020-01-29T21:37:18.916+0300][95.451s][info ][gc] GC(3157) Pause Young (Normal) (G1 Evacuation Pause) 171M->172M(256M) 32.412ms
[2020-01-29T21:37:18.957+0300][95.492s][info ][gc] GC(3158) Pause Young (Normal) (G1 Evacuation Pause) 189M->190M(256M) 29.852ms
[2020-01-29T21:37:19.002+0300][95.538s][info ][gc] GC(3159) Pause Young (Normal) (G1 Evacuation Pause) 222M->223M(256M) 27.825ms
[2020-01-29T21:37:19.035+0300][95.570s][info ][gc] GC(3160) Pause Young (Normal) (G1 Evacuation Pause) 233M->234M(256M) 26.427ms
[2020-01-29T21:37:19.039+0300][95.574s][info ][gc] GC(3153) Pause Cleanup 240M->240M(256M) 0.054ms
[2020-01-29T21:37:19.039+0300][95.574s][info ][gc] GC(3153) Concurrent Cycle 263.954ms
[2020-01-29T21:37:19.067+0300][95.602s][info ][gc] GC(3161) To-space exhausted
[2020-01-29T21:37:19.067+0300][95.602s][info ][gc] GC(3161) Pause Young (Normal) (G1 Evacuation Pause) 244M->248M(256M) 26.422ms
[2020-01-29T21:37:19.090+0300][95.625s][info ][gc] GC(3162) To-space exhausted
[2020-01-29T21:37:19.090+0300][95.625s][info ][gc] GC(3162) Pause Young (Concurrent Start) (G1 Evacuation Pause) 255M->255M(256M) 18.999ms
[2020-01-29T21:37:19.090+0300][95.625s][info ][gc] GC(3164) Concurrent Cycle
[2020-01-29T21:37:19.090+0300][95.625s][debug][gc] GC(3163) Clear Next Bitmap 0.055ms
[2020-01-29T21:37:19.120+0300][95.655s][info ][gc] GC(3163) Pause Full (G1 Evacuation Pause) 255M->60M(256M) 30.423ms
[2020-01-29T21:37:19.121+0300][95.656s][info ][gc] GC(3164) Concurrent Cycle 30.775ms
[2020-01-29T21:37:19.174+0300][95.709s][info ][gc] GC(3165) Pause Young (Normal) (G1 Evacuation Pause) 117M->117M(256M) 30.927ms
[2020-01-29T21:37:19.208+0300][95.744s][info ][gc] GC(3166) Pause Young (Concurrent Start) (G1 Humongous Allocation) 137M->138M(256M) 16.293ms
[2020-01-29T21:37:19.208+0300][95.744s][info ][gc] GC(3167) Concurrent Cycle
[2020-01-29T21:37:19.244+0300][95.779s][info ][gc] GC(3168) Pause Young (Normal) (G1 Evacuation Pause) 186M->187M(256M) 20.362ms
[2020-01-29T21:37:19.249+0300][95.784s][debug][gc] GC(3167) Reclaimed 104 empty regions
[2020-01-29T21:37:19.249+0300][95.784s][info ][gc] GC(3167) Pause Remark 196M->93M(256M) 0.632ms
[2020-01-29T21:37:19.260+0300][95.795s][info ][gc] GC(3169) Pause Young (Normal) (G1 Evacuation Pause) 96M->98M(256M) 9.741ms
[2020-01-29T21:37:19.306+0300][95.841s][info ][gc] GC(3170) Pause Young (Normal) (G1 Evacuation Pause) 138M->139M(256M) 29.629ms
[2020-01-29T21:37:19.354+0300][95.889s][info ][gc] GC(3171) Pause Young (Normal) (G1 Evacuation Pause) 167M->168M(256M) 35.120ms
[2020-01-29T21:37:19.411+0300][95.946s][info ][gc] GC(3172) Pause Young (Normal) (G1 Evacuation Pause) 207M->208M(256M) 36.471ms
[2020-01-29T21:37:19.415+0300][95.951s][info ][gc] GC(3167) Pause Cleanup 215M->215M(256M) 0.048ms
[2020-01-29T21:37:19.415+0300][95.951s][info ][gc] GC(3167) Concurrent Cycle 207.164ms
[2020-01-29T21:37:19.443+0300][95.979s][info ][gc] GC(3173) Pause Young (Normal) (G1 Evacuation Pause) 217M->218M(256M) 27.230ms
[2020-01-29T21:37:19.456+0300][95.991s][info ][gc] GC(3174) Pause Young (Concurrent Start) (G1 Evacuation Pause) 228M->228M(256M) 7.964ms
[2020-01-29T21:37:19.456+0300][95.991s][info ][gc] GC(3175) Concurrent Cycle
[2020-01-29T21:37:19.470+0300][96.005s][info ][gc] GC(3176) Pause Young (Normal) (G1 Evacuation Pause) 238M->239M(256M) 7.712ms
[2020-01-29T21:37:19.489+0300][96.025s][info ][gc] GC(3177) To-space exhausted
[2020-01-29T21:37:19.489+0300][96.025s][info ][gc] GC(3177) Pause Young (Normal) (G1 Evacuation Pause) 249M->254M(256M) 14.977ms
[2020-01-29T21:37:19.498+0300][96.034s][info ][gc] GC(3178) To-space exhausted
[2020-01-29T21:37:19.498+0300][96.034s][info ][gc] GC(3178) Pause Young (Normal) (G1 Evacuation Pause) 255M->255M(256M) 8.287ms
[2020-01-29T21:37:19.498+0300][96.034s][debug][gc] GC(3179) Clear Next Bitmap 0.066ms
[2020-01-29T21:37:19.538+0300][96.073s][info ][gc] GC(3179) Pause Full (G1 Evacuation Pause) 255M->73M(256M) 39.145ms
[2020-01-29T21:37:19.538+0300][96.073s][info ][gc] GC(3175) Concurrent Cycle 82.143ms
[2020-01-29T21:37:19.589+0300][96.124s][info ][gc] GC(3180) Pause Young (Normal) (G1 Evacuation Pause) 121M->121M(256M) 30.380ms
[2020-01-29T21:37:19.623+0300][96.158s][info ][gc] GC(3181) Pause Young (Concurrent Start) (G1 Humongous Allocation) 137M->137M(256M) 15.993ms
[2020-01-29T21:37:19.623+0300][96.158s][info ][gc] GC(3182) Concurrent Cycle
[2020-01-29T21:37:19.662+0300][96.197s][info ][gc] GC(3183) Pause Young (Normal) (G1 Evacuation Pause) 185M->186M(256M) 24.864ms
[2020-01-29T21:37:19.664+0300][96.199s][debug][gc] GC(3182) Reclaimed 104 empty regions
[2020-01-29T21:37:19.665+0300][96.200s][info ][gc] GC(3182) Pause Remark 189M->86M(256M) 0.669ms
[2020-01-29T21:37:19.681+0300][96.216s][info ][gc] GC(3184) Pause Young (Normal) (G1 Evacuation Pause) 95M->96M(256M) 11.866ms
[2020-01-29T21:37:19.735+0300][96.270s][info ][gc] GC(3185) Pause Young (Normal) (G1 Evacuation Pause) 137M->138M(256M) 36.099ms
[2020-01-29T21:37:19.787+0300][96.322s][info ][gc] GC(3186) Pause Young (Normal) (G1 Evacuation Pause) 166M->167M(256M) 38.476ms
[2020-01-29T21:37:19.801+0300][96.337s][info ][gc] GC(3182) Pause Cleanup 173M->173M(256M) 0.051ms
[2020-01-29T21:37:19.802+0300][96.337s][info ][gc] GC(3182) Concurrent Cycle 179.050ms
[2020-01-29T21:37:19.827+0300][96.362s][info ][gc] GC(3187) Pause Young (Concurrent Start) (G1 Humongous Allocation) 173M->174M(256M) 24.428ms
[2020-01-29T21:37:19.827+0300][96.362s][info ][gc] GC(3188) Concurrent Cycle
[2020-01-29T21:37:19.854+0300][96.389s][info ][gc] GC(3189) Pause Young (Normal) (G1 Evacuation Pause) 210M->211M(256M) 17.216ms
[2020-01-29T21:37:19.855+0300][96.390s][debug][gc] GC(3188) Reclaimed 149 empty regions
[2020-01-29T21:37:19.855+0300][96.390s][info ][gc] GC(3188) Pause Remark 211M->62M(256M) 0.672ms
[2020-01-29T21:37:19.866+0300][96.402s][info ][gc] GC(3190) Pause Young (Normal) (G1 Evacuation Pause) 71M->71M(256M) 6.828ms
[2020-01-29T21:37:19.922+0300][96.457s][info ][gc] GC(3191) Pause Young (Normal) (G1 Evacuation Pause) 120M->121M(256M) 34.066ms
[2020-01-29T21:37:19.929+0300][96.464s][info ][gc] GC(3188) Pause Cleanup 134M->134M(256M) 0.051ms
[2020-01-29T21:37:19.929+0300][96.464s][info ][gc] GC(3188) Concurrent Cycle 101.972ms
[2020-01-29T21:37:19.975+0300][96.510s][info ][gc] GC(3192) Pause Young (Normal) (G1 Evacuation Pause) 154M->155M(256M) 37.962ms
[2020-01-29T21:37:19.998+0300][96.533s][info ][gc] GC(3193) Pause Young (Concurrent Start) (G1 Humongous Allocation) 163M->164M(256M) 8.136ms
[2020-01-29T21:37:19.998+0300][96.533s][info ][gc] GC(3194) Concurrent Cycle
[2020-01-29T21:37:20.023+0300][96.558s][info ][gc] GC(3195) Pause Young (Normal) (G1 Evacuation Pause) 204M->205M(256M) 15.060ms
[2020-01-29T21:37:20.025+0300][96.560s][debug][gc] GC(3194) Reclaimed 138 empty regions
[2020-01-29T21:37:20.025+0300][96.560s][info ][gc] GC(3194) Pause Remark 208M->70M(256M) 0.644ms
[2020-01-29T21:37:20.037+0300][96.572s][info ][gc] GC(3196) Pause Young (Normal) (G1 Evacuation Pause) 76M->76M(256M) 9.292ms
[2020-01-29T21:37:20.091+0300][96.626s][info ][gc] GC(3197) Pause Young (Normal) (G1 Evacuation Pause) 123M->124M(256M) 32.398ms
[2020-01-29T21:37:20.105+0300][96.640s][info ][gc] GC(3194) Pause Cleanup 153M->153M(256M) 0.045ms
[2020-01-29T21:37:20.106+0300][96.641s][info ][gc] GC(3194) Concurrent Cycle 107.095ms
[2020-01-29T21:37:20.145+0300][96.680s][info ][gc] GC(3198) Pause Young (Normal) (G1 Evacuation Pause) 156M->158M(256M) 38.278ms
[2020-01-29T21:37:20.167+0300][96.702s][info ][gc] GC(3199) Pause Young (Concurrent Start) (G1 Humongous Allocation) 165M->165M(256M) 8.032ms
[2020-01-29T21:37:20.167+0300][96.702s][info ][gc] GC(3200) Concurrent Cycle
[2020-01-29T21:37:20.191+0300][96.726s][info ][gc] GC(3201) Pause Young (Normal) (G1 Evacuation Pause) 204M->205M(256M) 14.703ms
[2020-01-29T21:37:20.193+0300][96.728s][debug][gc] GC(3200) Reclaimed 140 empty regions
[2020-01-29T21:37:20.193+0300][96.728s][info ][gc] GC(3200) Pause Remark 206M->66M(256M) 0.651ms
[2020-01-29T21:37:20.208+0300][96.743s][info ][gc] GC(3202) Pause Young (Normal) (G1 Evacuation Pause) 74M->74M(256M) 10.699ms
[2020-01-29T21:37:20.263+0300][96.798s][info ][gc] GC(3203) Pause Young (Normal) (G1 Evacuation Pause) 122M->123M(256M) 32.672ms
[2020-01-29T21:37:20.272+0300][96.807s][info ][gc] GC(3200) Pause Cleanup 139M->139M(256M) 0.079ms
[2020-01-29T21:37:20.272+0300][96.807s][info ][gc] GC(3200) Concurrent Cycle 105.389ms
[2020-01-29T21:37:20.316+0300][96.851s][info ][gc] GC(3204) Pause Young (Normal) (G1 Evacuation Pause) 155M->157M(256M) 37.286ms
[2020-01-29T21:37:20.338+0300][96.873s][info ][gc] GC(3205) Pause Young (Concurrent Start) (G1 Humongous Allocation) 164M->164M(256M) 7.861ms
[2020-01-29T21:37:20.338+0300][96.873s][info ][gc] GC(3206) Concurrent Cycle
[2020-01-29T21:37:20.362+0300][96.898s][info ][gc] GC(3207) Pause Young (Normal) (G1 Evacuation Pause) 204M->204M(256M) 15.218ms
[2020-01-29T21:37:20.364+0300][96.900s][debug][gc] GC(3206) Reclaimed 139 empty regions
[2020-01-29T21:37:20.364+0300][96.900s][info ][gc] GC(3206) Pause Remark 207M->68M(256M) 0.688ms
[2020-01-29T21:37:20.375+0300][96.910s][info ][gc] GC(3208) Pause Young (Normal) (G1 Evacuation Pause) 74M->75M(256M) 6.740ms
[2020-01-29T21:37:20.429+0300][96.964s][info ][gc] GC(3209) Pause Young (Normal) (G1 Evacuation Pause) 122M->123M(256M) 33.225ms
[2020-01-29T21:37:20.441+0300][96.977s][info ][gc] GC(3206) Pause Cleanup 149M->149M(256M) 0.045ms
[2020-01-29T21:37:20.441+0300][96.977s][info ][gc] GC(3206) Concurrent Cycle 103.500ms
[2020-01-29T21:37:20.480+0300][97.015s][info ][gc] GC(3210) Pause Young (Normal) (G1 Evacuation Pause) 155M->156M(256M) 36.196ms
[2020-01-29T21:37:20.502+0300][97.038s][info ][gc] GC(3211) Pause Young (Concurrent Start) (G1 Humongous Allocation) 163M->164M(256M) 7.836ms
[2020-01-29T21:37:20.502+0300][97.038s][info ][gc] GC(3212) Concurrent Cycle
[2020-01-29T21:37:20.528+0300][97.063s][info ][gc] GC(3213) Pause Young (Normal) (G1 Evacuation Pause) 204M->205M(256M) 15.271ms
[2020-01-29T21:37:20.530+0300][97.065s][debug][gc] GC(3212) Reclaimed 144 empty regions
[2020-01-29T21:37:20.530+0300][97.065s][info ][gc] GC(3212) Pause Remark 205M->62M(256M) 0.690ms
[2020-01-29T21:37:20.543+0300][97.078s][info ][gc] GC(3214) Pause Young (Normal) (G1 Evacuation Pause) 71M->72M(256M) 9.007ms
[2020-01-29T21:37:20.598+0300][97.133s][info ][gc] GC(3215) Pause Young (Normal) (G1 Evacuation Pause) 121M->122M(256M) 34.106ms
[2020-01-29T21:37:20.611+0300][97.146s][info ][gc] GC(3212) Pause Cleanup 150M->150M(256M) 0.042ms
[2020-01-29T21:37:20.611+0300][97.146s][info ][gc] GC(3212) Concurrent Cycle 108.344ms
[2020-01-29T21:37:20.652+0300][97.187s][info ][gc] GC(3216) Pause Young (Normal) (G1 Evacuation Pause) 155M->155M(256M) 38.578ms
[2020-01-29T21:37:20.671+0300][97.206s][info ][gc] GC(3217) Pause Young (Concurrent Start) (G1 Humongous Allocation) 159M->160M(256M) 6.429ms
[2020-01-29T21:37:20.671+0300][97.206s][info ][gc] GC(3218) Concurrent Cycle
[2020-01-29T21:37:20.681+0300][97.215s][debug][gc] GC(3218) Reclaimed 137 empty regions
[2020-01-29T21:37:20.681+0300][97.215s][info ][gc] GC(3218) Pause Remark 198M->61M(256M) 0.636ms
[2020-01-29T21:37:20.697+0300][97.231s][info ][gc] GC(3219) Pause Young (Normal) (G1 Evacuation Pause) 64M->61M(256M) 14.499ms
[2020-01-29T21:37:20.712+0300][97.247s][info ][gc] GC(3218) Pause Cleanup 99M->99M(256M) 0.041ms
[2020-01-29T21:37:20.713+0300][97.247s][info ][gc] GC(3218) Concurrent Cycle 41.384ms
[2020-01-29T21:37:20.755+0300][97.291s][info ][gc] GC(3220) Pause Young (Normal) (G1 Evacuation Pause) 113M->114M(256M) 37.713ms
[2020-01-29T21:37:20.794+0300][97.329s][info ][gc] GC(3221) Pause Young (Concurrent Start) (G1 Evacuation Pause) 149M->150M(256M) 23.174ms
[2020-01-29T21:37:20.794+0300][97.329s][info ][gc] GC(3222) Concurrent Cycle
[2020-01-29T21:37:20.834+0300][97.370s][info ][gc] GC(3223) Pause Young (Normal) (G1 Evacuation Pause) 194M->194M(256M) 18.392ms
[2020-01-29T21:37:20.849+0300][97.384s][info ][gc] GC(3224) Pause Young (Normal) (G1 Evacuation Pause) 204M->204M(256M) 9.096ms
[2020-01-29T21:37:20.861+0300][97.396s][info ][gc] GC(3225) Pause Young (Normal) (G1 Evacuation Pause) 214M->215M(256M) 8.075ms
[2020-01-29T21:37:20.873+0300][97.409s][info ][gc] GC(3226) Pause Young (Normal) (G1 Evacuation Pause) 225M->226M(256M) 7.822ms
[2020-01-29T21:37:20.886+0300][97.421s][info ][gc] GC(3227) Pause Young (Normal) (G1 Evacuation Pause) 236M->237M(256M) 8.051ms
[2020-01-29T21:37:20.903+0300][97.439s][info ][gc] GC(3228) To-space exhausted
[2020-01-29T21:37:20.903+0300][97.439s][info ][gc] GC(3228) Pause Young (Normal) (G1 Evacuation Pause) 247M->250M(256M) 12.901ms
[2020-01-29T21:37:20.920+0300][97.455s][info ][gc] GC(3229) To-space exhausted
[2020-01-29T21:37:20.920+0300][97.455s][info ][gc] GC(3229) Pause Young (Normal) (G1 Evacuation Pause) 255M->255M(256M) 14.052ms
[2020-01-29T21:37:20.920+0300][97.455s][debug][gc] GC(3230) Clear Next Bitmap 0.068ms
[2020-01-29T21:37:20.973+0300][97.508s][info ][gc] GC(3230) Pause Full (G1 Evacuation Pause) 255M->93M(256M) 52.349ms
[2020-01-29T21:37:20.973+0300][97.508s][info ][gc] GC(3222) Concurrent Cycle 178.672ms
[2020-01-29T21:37:21.013+0300][97.548s][info ][gc] GC(3231) Pause Young (Normal) (G1 Evacuation Pause) 135M->135M(256M) 22.706ms
[2020-01-29T21:37:21.030+0300][97.565s][info ][gc] GC(3232) Pause Young (Concurrent Start) (G1 Humongous Allocation) 136M->137M(256M) 5.675ms
[2020-01-29T21:37:21.030+0300][97.565s][info ][gc] GC(3233) Concurrent Cycle
[2020-01-29T21:37:21.039+0300][97.574s][debug][gc] GC(3233) Reclaimed 127 empty regions
[2020-01-29T21:37:21.039+0300][97.574s][info ][gc] GC(3233) Pause Remark 175M->50M(256M) 0.641ms
[2020-01-29T21:37:21.061+0300][97.596s][info ][gc] GC(3234) Pause Young (Normal) (G1 Evacuation Pause) 60M->60M(256M) 17.727ms
[2020-01-29T21:37:21.074+0300][97.609s][info ][gc] GC(3233) Pause Cleanup 91M->91M(256M) 0.035ms
[2020-01-29T21:37:21.074+0300][97.609s][info ][gc] GC(3233) Concurrent Cycle 43.857ms
[2020-01-29T21:37:21.121+0300][97.657s][info ][gc] GC(3235) Pause Young (Normal) (G1 Evacuation Pause) 113M->114M(256M) 39.147ms
[2020-01-29T21:37:21.169+0300][97.704s][info ][gc] GC(3236) Pause Young (Concurrent Start) (G1 Humongous Allocation) 148M->148M(256M) 23.127ms
[2020-01-29T21:37:21.169+0300][97.704s][info ][gc] GC(3237) Concurrent Cycle
[2020-01-29T21:37:21.210+0300][97.745s][info ][gc] GC(3238) Pause Young (Normal) (G1 Evacuation Pause) 193M->194M(256M) 18.631ms
[2020-01-29T21:37:21.214+0300][97.750s][debug][gc] GC(3237) Reclaimed 101 empty regions
[2020-01-29T21:37:21.214+0300][97.750s][info ][gc] GC(3237) Pause Remark 203M->102M(256M) 0.639ms
[2020-01-29T21:37:21.224+0300][97.760s][info ][gc] GC(3239) Pause Young (Normal) (G1 Evacuation Pause) 103M->104M(256M) 9.447ms
[2020-01-29T21:37:21.268+0300][97.803s][info ][gc] GC(3240) Pause Young (Normal) (G1 Evacuation Pause) 143M->144M(256M) 26.575ms
[2020-01-29T21:37:21.312+0300][97.847s][info ][gc] GC(3241) Pause Young (Normal) (G1 Evacuation Pause) 170M->171M(256M) 32.710ms
[2020-01-29T21:37:21.368+0300][97.902s][info ][gc] GC(3242) Pause Young (Normal) (G1 Evacuation Pause) 209M->210M(256M) 35.599ms
[2020-01-29T21:37:21.402+0300][97.936s][info ][gc] GC(3243) Pause Young (Normal) (G1 Evacuation Pause) 219M->220M(256M) 28.049ms
[2020-01-29T21:37:21.436+0300][97.972s][info ][gc] GC(3244) Pause Young (Normal) (G1 Evacuation Pause) 230M->231M(256M) 28.475ms
[2020-01-29T21:37:21.471+0300][98.007s][info ][gc] GC(3245) Pause Young (Normal) (G1 Evacuation Pause) 241M->242M(256M) 30.055ms
[2020-01-29T21:37:21.474+0300][98.009s][info ][gc] GC(3237) Pause Cleanup 244M->244M(256M) 0.049ms
[2020-01-29T21:37:21.474+0300][98.009s][info ][gc] GC(3237) Concurrent Cycle 305.063ms
[2020-01-29T21:37:21.515+0300][98.050s][info ][gc] GC(3246) To-space exhausted
[2020-01-29T21:37:21.515+0300][98.050s][info ][gc] GC(3246) Pause Young (Normal) (G1 Evacuation Pause) 252M->254M(256M) 37.184ms
[2020-01-29T21:37:21.525+0300][98.060s][info ][gc] GC(3247) To-space exhausted
[2020-01-29T21:37:21.525+0300][98.061s][info ][gc] GC(3247) Pause Young (Concurrent Start) (G1 Evacuation Pause) 255M->255M(256M) 9.386ms
[2020-01-29T21:37:21.525+0300][98.061s][info ][gc] GC(3249) Concurrent Cycle
[2020-01-29T21:37:21.525+0300][98.061s][debug][gc] GC(3248) Clear Next Bitmap 0.126ms
[2020-01-29T21:37:21.566+0300][98.101s][info ][gc] GC(3248) Pause Full (G1 Evacuation Pause) 255M->64M(256M) 40.681ms
[2020-01-29T21:37:21.566+0300][98.102s][info ][gc] GC(3249) Concurrent Cycle 40.993ms
[2020-01-29T21:37:21.634+0300][98.168s][info ][gc] GC(3250) Pause Young (Normal) (G1 Evacuation Pause) 121M->121M(256M) 43.154ms
[2020-01-29T21:37:21.665+0300][98.200s][info ][gc] GC(3251) Pause Young (Concurrent Start) (G1 Humongous Allocation) 137M->137M(256M) 13.792ms
[2020-01-29T21:37:21.665+0300][98.200s][info ][gc] GC(3252) Concurrent Cycle
[2020-01-29T21:37:21.698+0300][98.233s][info ][gc] GC(3253) Pause Young (Normal) (G1 Evacuation Pause) 185M->186M(256M) 20.189ms
[2020-01-29T21:37:21.702+0300][98.238s][debug][gc] GC(3252) Reclaimed 100 empty regions
[2020-01-29T21:37:21.702+0300][98.238s][info ][gc] GC(3252) Pause Remark 195M->97M(256M) 0.682ms
[2020-01-29T21:37:21.714+0300][98.250s][info ][gc] GC(3254) Pause Young (Normal) (G1 Evacuation Pause) 100M->101M(256M) 10.194ms
[2020-01-29T21:37:21.761+0300][98.296s][info ][gc] GC(3255) Pause Young (Normal) (G1 Evacuation Pause) 141M->142M(256M) 29.549ms
[2020-01-29T21:37:21.809+0300][98.343s][info ][gc] GC(3256) Pause Young (Normal) (G1 Evacuation Pause) 169M->169M(256M) 35.785ms
[2020-01-29T21:37:21.859+0300][98.394s][info ][gc] GC(3257) Pause Young (Normal) (G1 Evacuation Pause) 207M->209M(256M) 29.867ms
[2020-01-29T21:37:21.862+0300][98.398s][info ][gc] GC(3252) Pause Cleanup 215M->215M(256M) 0.048ms
[2020-01-29T21:37:21.863+0300][98.398s][info ][gc] GC(3252) Concurrent Cycle 198.107ms
[2020-01-29T21:37:21.887+0300][98.422s][info ][gc] GC(3258) Pause Young (Normal) (G1 Evacuation Pause) 218M->218M(256M) 22.717ms
[2020-01-29T21:37:21.900+0300][98.435s][info ][gc] GC(3259) Pause Young (Concurrent Start) (G1 Evacuation Pause) 228M->229M(256M) 8.067ms
[2020-01-29T21:37:21.900+0300][98.435s][info ][gc] GC(3260) Concurrent Cycle
[2020-01-29T21:37:21.914+0300][98.450s][info ][gc] GC(3261) Pause Young (Normal) (G1 Evacuation Pause) 239M->240M(256M) 8.053ms
[2020-01-29T21:37:21.935+0300][98.471s][info ][gc] GC(3262) To-space exhausted
[2020-01-29T21:37:21.935+0300][98.471s][info ][gc] GC(3262) Pause Young (Normal) (G1 Evacuation Pause) 250M->253M(256M) 16.698ms
[2020-01-29T21:37:21.946+0300][98.481s][info ][gc] GC(3263) To-space exhausted
[2020-01-29T21:37:21.946+0300][98.481s][info ][gc] GC(3263) Pause Young (Normal) (G1 Evacuation Pause) 255M->255M(256M) 9.266ms
[2020-01-29T21:37:21.946+0300][98.481s][debug][gc] GC(3264) Clear Next Bitmap 0.091ms
[2020-01-29T21:37:21.985+0300][98.520s][info ][gc] GC(3264) Pause Full (G1 Evacuation Pause) 255M->73M(256M) 38.615ms
[2020-01-29T21:37:21.985+0300][98.520s][info ][gc] GC(3260) Concurrent Cycle 84.984ms
[2020-01-29T21:37:22.032+0300][98.567s][info ][gc] GC(3265) Pause Young (Normal) (G1 Evacuation Pause) 122M->121M(256M) 26.953ms
[2020-01-29T21:37:22.061+0300][98.596s][info ][gc] GC(3266) Pause Young (Concurrent Start) (G1 Humongous Allocation) 136M->138M(256M) 11.956ms
[2020-01-29T21:37:22.061+0300][98.596s][info ][gc] GC(3267) Concurrent Cycle
[2020-01-29T21:37:22.093+0300][98.628s][info ][gc] GC(3268) Pause Young (Normal) (G1 Evacuation Pause) 186M->187M(256M) 19.771ms
[2020-01-29T21:37:22.097+0300][98.632s][debug][gc] GC(3267) Reclaimed 106 empty regions
[2020-01-29T21:37:22.097+0300][98.632s][info ][gc] GC(3267) Pause Remark 192M->88M(256M) 0.648ms
[2020-01-29T21:37:22.109+0300][98.644s][info ][gc] GC(3269) Pause Young (Normal) (G1 Evacuation Pause) 94M->95M(256M) 9.774ms
[2020-01-29T21:37:22.156+0300][98.691s][info ][gc] GC(3270) Pause Young (Normal) (G1 Evacuation Pause) 136M->137M(256M) 29.510ms
[2020-01-29T21:37:22.205+0300][98.739s][info ][gc] GC(3271) Pause Young (Normal) (G1 Evacuation Pause) 165M->166M(256M) 36.397ms
[2020-01-29T21:37:22.224+0300][98.759s][info ][gc] GC(3267) Pause Cleanup 203M->203M(256M) 0.045ms
[2020-01-29T21:37:22.224+0300][98.759s][info ][gc] GC(3267) Concurrent Cycle 163.722ms
[2020-01-29T21:37:22.254+0300][98.790s][info ][gc] GC(3272) Pause Young (Normal) (G1 Evacuation Pause) 205M->206M(256M) 29.027ms
[2020-01-29T21:37:22.265+0300][98.800s][info ][gc] GC(3273) Pause Young (Concurrent Start) (G1 Evacuation Pause) 215M->216M(256M) 6.574ms
[2020-01-29T21:37:22.265+0300][98.800s][info ][gc] GC(3274) Concurrent Cycle
[2020-01-29T21:37:22.279+0300][98.815s][info ][gc] GC(3275) Pause Young (Normal) (G1 Evacuation Pause) 226M->226M(256M) 8.118ms
[2020-01-29T21:37:22.292+0300][98.827s][info ][gc] GC(3276) Pause Young (Normal) (G1 Evacuation Pause) 236M->237M(256M) 8.285ms
[2020-01-29T21:37:22.310+0300][98.845s][info ][gc] GC(3277) To-space exhausted
[2020-01-29T21:37:22.310+0300][98.845s][info ][gc] GC(3277) Pause Young (Normal) (G1 Evacuation Pause) 247M->251M(256M) 13.754ms
[2020-01-29T21:37:22.324+0300][98.860s][info ][gc] GC(3278) To-space exhausted
[2020-01-29T21:37:22.324+0300][98.860s][info ][gc] GC(3278) Pause Young (Normal) (G1 Evacuation Pause) 255M->255M(256M) 13.014ms
[2020-01-29T21:37:22.325+0300][98.860s][debug][gc] GC(3279) Clear Next Bitmap 0.068ms
[2020-01-29T21:37:22.366+0300][98.901s][info ][gc] GC(3279) Pause Full (G1 Evacuation Pause) 255M->78M(256M) 41.203ms
[2020-01-29T21:37:22.366+0300][98.901s][info ][gc] GC(3274) Concurrent Cycle 101.188ms
[2020-01-29T21:37:22.410+0300][98.946s][info ][gc] GC(3280) Pause Young (Normal) (G1 Evacuation Pause) 125M->125M(256M) 25.739ms
[2020-01-29T21:37:22.437+0300][98.972s][info ][gc] GC(3281) Pause Young (Concurrent Start) (G1 Humongous Allocation) 137M->137M(256M) 10.063ms
[2020-01-29T21:37:22.437+0300][98.972s][info ][gc] GC(3282) Concurrent Cycle
[2020-01-29T21:37:22.469+0300][99.004s][info ][gc] GC(3283) Pause Young (Normal) (G1 Evacuation Pause) 185M->186M(256M) 19.586ms
[2020-01-29T21:37:22.471+0300][99.006s][debug][gc] GC(3282) Reclaimed 113 empty regions
[2020-01-29T21:37:22.471+0300][99.006s][info ][gc] GC(3282) Pause Remark 187M->76M(256M) 0.736ms
[2020-01-29T21:37:22.488+0300][99.023s][info ][gc] GC(3284) Pause Young (Normal) (G1 Evacuation Pause) 87M->88M(256M) 11.313ms
[2020-01-29T21:37:22.541+0300][99.075s][info ][gc] GC(3285) Pause Young (Normal) (G1 Evacuation Pause) 132M->133M(256M) 33.718ms
[2020-01-29T21:37:22.591+0300][99.126s][info ][gc] GC(3286) Pause Young (Normal) (G1 Evacuation Pause) 163M->164M(256M) 37.619ms
[2020-01-29T21:37:22.602+0300][99.138s][info ][gc] GC(3282) Pause Cleanup 184M->184M(256M) 0.067ms
[2020-01-29T21:37:22.603+0300][99.139s][info ][gc] GC(3282) Concurrent Cycle 167.081ms
[2020-01-29T21:37:22.646+0300][99.181s][info ][gc] GC(3287) Pause Young (Normal) (G1 Evacuation Pause) 204M->204M(256M) 33.834ms
[2020-01-29T21:37:22.658+0300][99.193s][info ][gc] GC(3288) Pause Young (Concurrent Start) (G1 Evacuation Pause) 212M->213M(256M) 7.633ms
[2020-01-29T21:37:22.658+0300][99.193s][info ][gc] GC(3289) Concurrent Cycle
[2020-01-29T21:37:22.672+0300][99.207s][info ][gc] GC(3290) Pause Young (Normal) (G1 Evacuation Pause) 223M->224M(256M) 7.671ms
[2020-01-29T21:37:22.685+0300][99.220s][info ][gc] GC(3291) Pause Young (Normal) (G1 Evacuation Pause) 234M->235M(256M) 7.607ms
[2020-01-29T21:37:22.699+0300][99.234s][info ][gc] GC(3292) To-space exhausted
[2020-01-29T21:37:22.699+0300][99.234s][info ][gc] GC(3292) Pause Young (Normal) (G1 Evacuation Pause) 245M->248M(256M) 10.020ms
[2020-01-29T21:37:22.719+0300][99.254s][info ][gc] GC(3293) To-space exhausted
[2020-01-29T21:37:22.720+0300][99.254s][info ][gc] GC(3293) Pause Young (Normal) (G1 Evacuation Pause) 255M->255M(256M) 17.285ms
[2020-01-29T21:37:22.720+0300][99.255s][debug][gc] GC(3294) Clear Next Bitmap 0.079ms
[2020-01-29T21:37:22.767+0300][99.302s][info ][gc] GC(3294) Pause Full (G1 Evacuation Pause) 255M->86M(256M) 47.456ms
[2020-01-29T21:37:22.768+0300][99.302s][info ][gc] GC(3289) Concurrent Cycle 109.658ms
[2020-01-29T21:37:22.809+0300][99.345s][info ][gc] GC(3295) Pause Young (Normal) (G1 Evacuation Pause) 131M->131M(256M) 24.775ms
[2020-01-29T21:37:22.830+0300][99.366s][info ][gc] GC(3296) Pause Young (Concurrent Start) (G1 Humongous Allocation) 136M->138M(256M) 7.462ms
[2020-01-29T21:37:22.830+0300][99.366s][info ][gc] GC(3297) Concurrent Cycle
[2020-01-29T21:37:22.841+0300][99.376s][debug][gc] GC(3297) Reclaimed 122 empty regions
[2020-01-29T21:37:22.841+0300][99.376s][info ][gc] GC(3297) Pause Remark 180M->60M(256M) 0.645ms
[2020-01-29T21:37:22.861+0300][99.397s][info ][gc] GC(3298) Pause Young (Normal) (G1 Evacuation Pause) 65M->61M(256M) 17.700ms
[2020-01-29T21:37:22.877+0300][99.413s][info ][gc] GC(3297) Pause Cleanup 100M->100M(256M) 0.043ms
[2020-01-29T21:37:22.877+0300][99.413s][info ][gc] GC(3297) Concurrent Cycle 47.059ms
[2020-01-29T21:37:22.923+0300][99.458s][info ][gc] GC(3299) Pause Young (Normal) (G1 Evacuation Pause) 114M->115M(256M) 39.933ms
[2020-01-29T21:37:22.971+0300][99.507s][info ][gc] GC(3300) Pause Young (Concurrent Start) (G1 Humongous Allocation) 149M->150M(256M) 23.637ms
[2020-01-29T21:37:22.971+0300][99.507s][info ][gc] GC(3301) Concurrent Cycle
[2020-01-29T21:37:23.012+0300][99.547s][info ][gc] GC(3302) Pause Young (Normal) (G1 Evacuation Pause) 194M->195M(256M) 18.277ms
[2020-01-29T21:37:23.016+0300][99.551s][debug][gc] GC(3301) Reclaimed 103 empty regions
[2020-01-29T21:37:23.016+0300][99.551s][info ][gc] GC(3301) Pause Remark 204M->101M(256M) 0.635ms
[2020-01-29T21:37:23.026+0300][99.562s][info ][gc] GC(3303) Pause Young (Normal) (G1 Evacuation Pause) 102M->103M(256M) 9.471ms
[2020-01-29T21:37:23.070+0300][99.605s][info ][gc] GC(3304) Pause Young (Normal) (G1 Evacuation Pause) 142M->143M(256M) 27.059ms
[2020-01-29T21:37:23.114+0300][99.649s][info ][gc] GC(3305) Pause Young (Normal) (G1 Evacuation Pause) 169M->170M(256M) 33.113ms
[2020-01-29T21:37:23.167+0300][99.702s][info ][gc] GC(3306) Pause Young (Normal) (G1 Evacuation Pause) 208M->209M(256M) 31.974ms
[2020-01-29T21:37:23.197+0300][99.733s][info ][gc] GC(3307) Pause Young (Normal) (G1 Evacuation Pause) 218M->219M(256M) 25.238ms
[2020-01-29T21:37:23.229+0300][99.764s][info ][gc] GC(3308) Pause Young (Normal) (G1 Evacuation Pause) 229M->229M(256M) 25.886ms
[2020-01-29T21:37:23.262+0300][99.797s][info ][gc] GC(3309) Pause Young (Normal) (G1 Evacuation Pause) 239M->240M(256M) 26.907ms
[2020-01-29T21:37:23.263+0300][99.798s][info ][gc] GC(3301) Pause Cleanup 240M->240M(256M) 0.061ms
[2020-01-29T21:37:23.263+0300][99.799s][info ][gc] GC(3301) Concurrent Cycle 292.180ms
[2020-01-29T21:37:23.300+0300][99.835s][info ][gc] GC(3310) To-space exhausted
[2020-01-29T21:37:23.300+0300][99.835s][info ][gc] GC(3310) Pause Young (Normal) (G1 Evacuation Pause) 250M->253M(256M) 32.614ms
[2020-01-29T21:37:23.311+0300][99.846s][info ][gc] GC(3311) To-space exhausted
[2020-01-29T21:37:23.311+0300][99.846s][info ][gc] GC(3311) Pause Young (Concurrent Start) (G1 Evacuation Pause) 255M->255M(256M) 10.180ms
[2020-01-29T21:37:23.311+0300][99.846s][info ][gc] GC(3313) Concurrent Cycle
[2020-01-29T21:37:23.311+0300][99.846s][debug][gc] GC(3312) Clear Next Bitmap 0.087ms
[2020-01-29T21:37:23.345+0300][99.879s][info ][gc] GC(3312) Pause Full (G1 Evacuation Pause) 255M->65M(256M) 33.010ms
[2020-01-29T21:37:23.345+0300][99.880s][info ][gc] GC(3313) Concurrent Cycle 33.360ms
[2020-01-29T21:37:23.397+0300][99.933s][info ][gc] GC(3314) Pause Young (Normal) (G1 Evacuation Pause) 121M->121M(256M) 30.530ms
[2020-01-29T21:37:23.430+0300][99.965s][info ][gc] GC(3315) Pause Young (Concurrent Start) (G1 Humongous Allocation) 137M->138M(256M) 15.258ms
[2020-01-29T21:37:23.430+0300][99.965s][info ][gc] GC(3316) Concurrent Cycle
[2020-01-29T21:37:23.465+0300][100.000s][info ][gc] GC(3317) Pause Young (Normal) (G1 Evacuation Pause) 186M->186M(256M) 20.201ms
[2020-01-29T21:37:23.469+0300][100.004s][debug][gc] GC(3316) Reclaimed 112 empty regions
[2020-01-29T21:37:23.469+0300][100.004s][info ][gc] GC(3316) Pause Remark 192M->82M(256M) 0.801ms
[2020-01-29T21:37:23.481+0300][100.016s][info ][gc] GC(3318) Pause Young (Normal) (G1 Evacuation Pause) 88M->88M(256M) 9.667ms
[2020-01-29T21:37:23.530+0300][100.065s][info ][gc] GC(3319) Pause Young (Normal) (G1 Evacuation Pause) 132M->132M(256M) 31.116ms
[2020-01-29T21:37:23.580+0300][100.116s][info ][gc] GC(3320) Pause Young (Normal) (G1 Evacuation Pause) 162M->163M(256M) 38.211ms
[2020-01-29T21:37:23.599+0300][100.135s][info ][gc] GC(3316) Pause Cleanup 200M->200M(256M) 0.039ms
[2020-01-29T21:37:23.600+0300][100.135s][info ][gc] GC(3316) Concurrent Cycle 169.829ms
[2020-01-29T21:37:23.635+0300][100.171s][info ][gc] GC(3321) Pause Young (Normal) (G1 Evacuation Pause) 203M->203M(256M) 34.634ms
[2020-01-29T21:37:23.651+0300][100.186s][info ][gc] GC(3322) Pause Young (Concurrent Start) (G1 Evacuation Pause) 211M->213M(256M) 9.472ms
[2020-01-29T21:37:23.651+0300][100.186s][info ][gc] GC(3323) Concurrent Cycle
[2020-01-29T21:37:23.664+0300][100.200s][info ][gc] GC(3324) Pause Young (Normal) (G1 Evacuation Pause) 223M->224M(256M) 6.847ms
[2020-01-29T21:37:23.678+0300][100.214s][info ][gc] GC(3325) Pause Young (Normal) (G1 Evacuation Pause) 234M->234M(256M) 9.040ms
[2020-01-29T21:37:23.692+0300][100.228s][info ][gc] GC(3326) To-space exhausted
[2020-01-29T21:37:23.692+0300][100.228s][info ][gc] GC(3326) Pause Young (Normal) (G1 Evacuation Pause) 244M->246M(256M) 9.819ms
[2020-01-29T21:37:23.716+0300][100.251s][info ][gc] GC(3327) To-space exhausted
[2020-01-29T21:37:23.716+0300][100.251s][info ][gc] GC(3327) Pause Young (Normal) (G1 Evacuation Pause) 255M->255M(256M) 19.908ms
[2020-01-29T21:37:23.716+0300][100.251s][debug][gc] GC(3328) Clear Next Bitmap 0.095ms
[2020-01-29T21:37:23.763+0300][100.299s][info ][gc] GC(3328) Pause Full (G1 Evacuation Pause) 255M->86M(256M) 47.209ms
[2020-01-29T21:37:23.764+0300][100.299s][info ][gc] GC(3323) Concurrent Cycle 112.444ms
[2020-01-29T21:37:23.806+0300][100.341s][info ][gc] GC(3329) Pause Young (Normal) (G1 Evacuation Pause) 131M->132M(256M) 24.242ms
[2020-01-29T21:37:23.826+0300][100.361s][info ][gc] GC(3330) Pause Young (Concurrent Start) (G1 Humongous Allocation) 137M->138M(256M) 7.086ms
[2020-01-29T21:37:23.826+0300][100.361s][info ][gc] GC(3331) Concurrent Cycle
[2020-01-29T21:37:23.836+0300][100.371s][debug][gc] GC(3331) Reclaimed 122 empty regions
[2020-01-29T21:37:23.836+0300][100.371s][info ][gc] GC(3331) Pause Remark 179M->58M(256M) 0.716ms
[2020-01-29T21:37:23.857+0300][100.392s][info ][gc] GC(3332) Pause Young (Normal) (G1 Evacuation Pause) 65M->61M(256M) 17.558ms
[2020-01-29T21:37:23.872+0300][100.407s][info ][gc] GC(3331) Pause Cleanup 99M->99M(256M) 0.037ms
[2020-01-29T21:37:23.872+0300][100.407s][info ][gc] GC(3331) Concurrent Cycle 46.594ms
[2020-01-29T21:37:23.917+0300][100.453s][info ][gc] GC(3333) Pause Young (Normal) (G1 Evacuation Pause) 114M->115M(256M) 39.858ms
[2020-01-29T21:37:23.965+0300][100.500s][info ][gc] GC(3334) Pause Young (Concurrent Start) (G1 Humongous Allocation) 149M->150M(256M) 23.051ms
[2020-01-29T21:37:23.965+0300][100.500s][info ][gc] GC(3335) Concurrent Cycle
[2020-01-29T21:37:24.005+0300][100.541s][info ][gc] GC(3336) Pause Young (Normal) (G1 Evacuation Pause) 194M->195M(256M) 18.635ms
[2020-01-29T21:37:24.010+0300][100.546s][debug][gc] GC(3335) Reclaimed 103 empty regions
[2020-01-29T21:37:24.010+0300][100.546s][info ][gc] GC(3335) Pause Remark 204M->101M(256M) 0.640ms
[2020-01-29T21:37:24.020+0300][100.556s][info ][gc] GC(3337) Pause Young (Normal) (G1 Evacuation Pause) 102M->103M(256M) 9.247ms
[2020-01-29T21:37:24.064+0300][100.600s][info ][gc] GC(3338) Pause Young (Normal) (G1 Evacuation Pause) 142M->142M(256M) 27.991ms
[2020-01-29T21:37:24.110+0300][100.646s][info ][gc] GC(3339) Pause Young (Normal) (G1 Evacuation Pause) 169M->170M(256M) 34.422ms
[2020-01-29T21:37:24.167+0300][100.702s][info ][gc] GC(3340) Pause Young (Normal) (G1 Evacuation Pause) 208M->209M(256M) 36.498ms
[2020-01-29T21:37:24.202+0300][100.737s][info ][gc] GC(3341) Pause Young (Normal) (G1 Evacuation Pause) 218M->219M(256M) 29.232ms
[2020-01-29T21:37:24.238+0300][100.772s][info ][gc] GC(3342) Pause Young (Normal) (G1 Evacuation Pause) 229M->230M(256M) 29.838ms
[2020-01-29T21:37:24.274+0300][100.809s][info ][gc] GC(3343) Pause Young (Normal) (G1 Evacuation Pause) 240M->241M(256M) 31.457ms
[2020-01-29T21:37:24.277+0300][100.812s][info ][gc] GC(3335) Pause Cleanup 245M->245M(256M) 0.052ms
[2020-01-29T21:37:24.277+0300][100.812s][info ][gc] GC(3335) Concurrent Cycle 311.471ms
[2020-01-29T21:37:24.316+0300][100.852s][info ][gc] GC(3344) To-space exhausted
[2020-01-29T21:37:24.316+0300][100.852s][info ][gc] GC(3344) Pause Young (Normal) (G1 Evacuation Pause) 251M->254M(256M) 37.039ms
[2020-01-29T21:37:24.325+0300][100.860s][info ][gc] GC(3345) To-space exhausted
[2020-01-29T21:37:24.325+0300][100.860s][info ][gc] GC(3345) Pause Young (Concurrent Start) (G1 Evacuation Pause) 255M->255M(256M) 7.971ms
[2020-01-29T21:37:24.325+0300][100.860s][info ][gc] GC(3347) Concurrent Cycle
[2020-01-29T21:37:24.325+0300][100.860s][debug][gc] GC(3346) Clear Next Bitmap 0.059ms
[2020-01-29T21:37:24.359+0300][100.895s][info ][gc] GC(3346) Pause Full (G1 Evacuation Pause) 255M->65M(256M) 34.189ms
[2020-01-29T21:37:24.359+0300][100.895s][info ][gc] GC(3347) Concurrent Cycle 34.528ms
[2020-01-29T21:37:24.412+0300][100.948s][info ][gc] GC(3348) Pause Young (Normal) (G1 Evacuation Pause) 121M->120M(256M) 30.779ms
[2020-01-29T21:37:24.443+0300][100.979s][info ][gc] GC(3349) Pause Young (Concurrent Start) (G1 Humongous Allocation) 136M->137M(256M) 13.685ms
[2020-01-29T21:37:24.443+0300][100.979s][info ][gc] GC(3350) Concurrent Cycle
[2020-01-29T21:37:24.478+0300][101.013s][info ][gc] GC(3351) Pause Young (Normal) (G1 Evacuation Pause) 185M->185M(256M) 20.440ms
[2020-01-29T21:37:24.481+0300][101.017s][debug][gc] GC(3350) Reclaimed 111 empty regions
[2020-01-29T21:37:24.481+0300][101.017s][info ][gc] GC(3350) Pause Remark 190M->81M(256M) 0.791ms
[2020-01-29T21:37:24.497+0300][101.032s][info ][gc] GC(3352) Pause Young (Normal) (G1 Evacuation Pause) 89M->90M(256M) 11.446ms
[2020-01-29T21:37:24.547+0300][101.082s][info ][gc] GC(3353) Pause Young (Normal) (G1 Evacuation Pause) 133M->133M(256M) 31.708ms
[2020-01-29T21:37:24.598+0300][101.133s][info ][gc] GC(3354) Pause Young (Normal) (G1 Evacuation Pause) 163M->164M(256M) 37.529ms
[2020-01-29T21:37:24.614+0300][101.149s][info ][gc] GC(3350) Pause Cleanup 188M->188M(256M) 0.043ms
[2020-01-29T21:37:24.615+0300][101.149s][info ][gc] GC(3350) Concurrent Cycle 170.790ms
[2020-01-29T21:37:24.656+0300][101.191s][info ][gc] GC(3355) Pause Young (Normal) (G1 Evacuation Pause) 204M->205M(256M) 34.191ms
[2020-01-29T21:37:24.666+0300][101.202s][info ][gc] GC(3356) Pause Young (Concurrent Start) (G1 Evacuation Pause) 213M->214M(256M) 7.295ms
[2020-01-29T21:37:24.666+0300][101.202s][info ][gc] GC(3357) Concurrent Cycle
[2020-01-29T21:37:24.681+0300][101.216s][info ][gc] GC(3358) Pause Young (Normal) (G1 Evacuation Pause) 224M->225M(256M) 7.554ms
[2020-01-29T21:37:24.693+0300][101.229s][info ][gc] GC(3359) Pause Young (Normal) (G1 Evacuation Pause) 235M->236M(256M) 7.823ms
[2020-01-29T21:37:24.709+0300][101.245s][info ][gc] GC(3360) To-space exhausted
[2020-01-29T21:37:24.710+0300][101.245s][info ][gc] GC(3360) Pause Young (Normal) (G1 Evacuation Pause) 246M->248M(256M) 12.269ms
[2020-01-29T21:37:24.731+0300][101.266s][info ][gc] GC(3361) To-space exhausted
[2020-01-29T21:37:24.731+0300][101.266s][info ][gc] GC(3361) Pause Young (Normal) (G1 Evacuation Pause) 255M->255M(256M) 18.158ms
[2020-01-29T21:37:24.731+0300][101.267s][debug][gc] GC(3362) Clear Next Bitmap 0.068ms
[2020-01-29T21:37:24.778+0300][101.314s][info ][gc] GC(3362) Pause Full (G1 Evacuation Pause) 255M->85M(256M) 47.041ms
[2020-01-29T21:37:24.778+0300][101.314s][info ][gc] GC(3357) Concurrent Cycle 111.710ms
[2020-01-29T21:37:24.821+0300][101.357s][info ][gc] GC(3363) Pause Young (Normal) (G1 Evacuation Pause) 130M->130M(256M) 24.724ms
[2020-01-29T21:37:24.842+0300][101.378s][info ][gc] GC(3364) Pause Young (Concurrent Start) (G1 Humongous Allocation) 136M->137M(256M) 7.767ms
[2020-01-29T21:37:24.842+0300][101.378s][info ][gc] GC(3365) Concurrent Cycle
[2020-01-29T21:37:24.854+0300][101.389s][debug][gc] GC(3365) Reclaimed 121 empty regions
[2020-01-29T21:37:24.854+0300][101.389s][info ][gc] GC(3365) Pause Remark 179M->60M(256M) 0.640ms
[2020-01-29T21:37:24.874+0300][101.410s][info ][gc] GC(3366) Pause Young (Normal) (G1 Evacuation Pause) 66M->62M(256M) 17.885ms
[2020-01-29T21:37:24.892+0300][101.427s][info ][gc] GC(3365) Pause Cleanup 104M->104M(256M) 0.037ms
[2020-01-29T21:37:24.892+0300][101.427s][info ][gc] GC(3365) Concurrent Cycle 49.207ms
[2020-01-29T21:37:24.936+0300][101.471s][info ][gc] GC(3367) Pause Young (Normal) (G1 Evacuation Pause) 114M->115M(256M) 39.742ms
[2020-01-29T21:37:24.984+0300][101.519s][info ][gc] GC(3368) Pause Young (Concurrent Start) (G1 Humongous Allocation) 150M->150M(256M) 23.459ms
[2020-01-29T21:37:24.984+0300][101.519s][info ][gc] GC(3369) Concurrent Cycle
[2020-01-29T21:37:25.025+0300][101.561s][info ][gc] GC(3370) Pause Young (Normal) (G1 Evacuation Pause) 194M->195M(256M) 19.109ms
[2020-01-29T21:37:25.030+0300][101.565s][debug][gc] GC(3369) Reclaimed 101 empty regions
[2020-01-29T21:37:25.030+0300][101.565s][info ][gc] GC(3369) Pause Remark 204M->103M(256M) 0.643ms
[2020-01-29T21:37:25.039+0300][101.574s][info ][gc] GC(3371) Pause Young (Normal) (G1 Evacuation Pause) 104M->105M(256M) 8.717ms
[2020-01-29T21:37:25.082+0300][101.617s][info ][gc] GC(3372) Pause Young (Normal) (G1 Evacuation Pause) 143M->143M(256M) 26.795ms
[2020-01-29T21:37:25.125+0300][101.660s][info ][gc] GC(3373) Pause Young (Normal) (G1 Evacuation Pause) 169M->170M(256M) 32.292ms
[2020-01-29T21:37:25.177+0300][101.713s][info ][gc] GC(3374) Pause Young (Normal) (G1 Evacuation Pause) 208M->209M(256M) 32.245ms
[2020-01-29T21:37:25.208+0300][101.743s][info ][gc] GC(3375) Pause Young (Normal) (G1 Evacuation Pause) 218M->219M(256M) 25.631ms
[2020-01-29T21:37:25.239+0300][101.775s][info ][gc] GC(3376) Pause Young (Normal) (G1 Evacuation Pause) 229M->229M(256M) 26.013ms
[2020-01-29T21:37:25.272+0300][101.808s][info ][gc] GC(3377) Pause Young (Normal) (G1 Evacuation Pause) 239M->240M(256M) 27.672ms
[2020-01-29T21:37:25.277+0300][101.812s][info ][gc] GC(3369) Pause Cleanup 248M->248M(256M) 0.049ms
[2020-01-29T21:37:25.277+0300][101.813s][info ][gc] GC(3369) Concurrent Cycle 293.561ms
[2020-01-29T21:37:25.312+0300][101.847s][info ][gc] GC(3378) To-space exhausted
[2020-01-29T21:37:25.312+0300][101.847s][info ][gc] GC(3378) Pause Young (Normal) (G1 Evacuation Pause) 250M->253M(256M) 33.407ms
[2020-01-29T21:37:25.324+0300][101.859s][info ][gc] GC(3379) To-space exhausted
[2020-01-29T21:37:25.324+0300][101.859s][info ][gc] GC(3379) Pause Young (Concurrent Start) (G1 Evacuation Pause) 255M->255M(256M) 11.042ms
[2020-01-29T21:37:25.324+0300][101.859s][info ][gc] GC(3381) Concurrent Cycle
[2020-01-29T21:37:25.324+0300][101.859s][debug][gc] GC(3380) Clear Next Bitmap 0.063ms
[2020-01-29T21:37:25.356+0300][101.891s][info ][gc] GC(3380) Pause Full (G1 Evacuation Pause) 255M->64M(256M) 32.033ms
[2020-01-29T21:37:25.356+0300][101.891s][info ][gc] GC(3381) Concurrent Cycle 32.374ms
[2020-01-29T21:37:25.409+0300][101.944s][info ][gc] GC(3382) Pause Young (Normal) (G1 Evacuation Pause) 121M->120M(256M) 30.525ms
[2020-01-29T21:37:25.440+0300][101.975s][info ][gc] GC(3383) Pause Young (Concurrent Start) (G1 Humongous Allocation) 136M->137M(256M) 14.178ms
[2020-01-29T21:37:25.440+0300][101.976s][info ][gc] GC(3384) Concurrent Cycle
[2020-01-29T21:37:25.474+0300][102.009s][info ][gc] GC(3385) Pause Young (Normal) (G1 Evacuation Pause) 185M->185M(256M) 20.321ms
[2020-01-29T21:37:25.478+0300][102.013s][debug][gc] GC(3384) Reclaimed 109 empty regions
[2020-01-29T21:37:25.478+0300][102.013s][info ][gc] GC(3384) Pause Remark 191M->84M(256M) 0.645ms
[2020-01-29T21:37:25.492+0300][102.027s][info ][gc] GC(3386) Pause Young (Normal) (G1 Evacuation Pause) 90M->91M(256M) 11.015ms
[2020-01-29T21:37:25.541+0300][102.076s][info ][gc] GC(3387) Pause Young (Normal) (G1 Evacuation Pause) 134M->135M(256M) 31.027ms
[2020-01-29T21:37:25.590+0300][102.126s][info ][gc] GC(3388) Pause Young (Normal) (G1 Evacuation Pause) 164M->165M(256M) 37.098ms
[2020-01-29T21:37:25.609+0300][102.145s][info ][gc] GC(3384) Pause Cleanup 197M->197M(256M) 0.040ms
[2020-01-29T21:37:25.610+0300][102.145s][info ][gc] GC(3384) Concurrent Cycle 169.350ms
[2020-01-29T21:37:25.642+0300][102.177s][info ][gc] GC(3389) Pause Young (Normal) (G1 Evacuation Pause) 205M->206M(256M) 29.646ms
[2020-01-29T21:37:25.653+0300][102.188s][info ][gc] GC(3390) Pause Young (Concurrent Start) (G1 Evacuation Pause) 214M->215M(256M) 7.603ms
[2020-01-29T21:37:25.653+0300][102.188s][info ][gc] GC(3391) Concurrent Cycle
[2020-01-29T21:37:25.668+0300][102.203s][info ][gc] GC(3392) Pause Young (Normal) (G1 Evacuation Pause) 225M->226M(256M) 7.809ms
[2020-01-29T21:37:25.680+0300][102.215s][info ][gc] GC(3393) Pause Young (Normal) (G1 Evacuation Pause) 236M->237M(256M) 7.681ms
[2020-01-29T21:37:25.697+0300][102.232s][info ][gc] GC(3394) To-space exhausted
[2020-01-29T21:37:25.697+0300][102.232s][info ][gc] GC(3394) Pause Young (Normal) (G1 Evacuation Pause) 247M->249M(256M) 12.183ms
[2020-01-29T21:37:25.715+0300][102.250s][info ][gc] GC(3395) To-space exhausted
[2020-01-29T21:37:25.716+0300][102.250s][info ][gc] GC(3395) Pause Young (Normal) (G1 Evacuation Pause) 255M->255M(256M) 16.259ms
[2020-01-29T21:37:25.716+0300][102.251s][debug][gc] GC(3396) Clear Next Bitmap 0.074ms
[2020-01-29T21:37:25.762+0300][102.296s][info ][gc] GC(3396) Pause Full (G1 Evacuation Pause) 255M->83M(256M) 45.866ms
[2020-01-29T21:37:25.762+0300][102.297s][info ][gc] GC(3391) Concurrent Cycle 108.312ms
[2020-01-29T21:37:25.805+0300][102.341s][info ][gc] GC(3397) Pause Young (Normal) (G1 Evacuation Pause) 129M->129M(256M) 25.919ms
[2020-01-29T21:37:25.828+0300][102.364s][info ][gc] GC(3398) Pause Young (Concurrent Start) (G1 Humongous Allocation) 136M->137M(256M) 8.694ms
[2020-01-29T21:37:25.828+0300][102.364s][info ][gc] GC(3399) Concurrent Cycle
[2020-01-29T21:37:25.840+0300][102.376s][debug][gc] GC(3399) Reclaimed 120 empty regions
[2020-01-29T21:37:25.840+0300][102.376s][info ][gc] GC(3399) Pause Remark 182M->64M(256M) 0.642ms
[2020-01-29T21:37:25.860+0300][102.395s][info ][gc] GC(3400) Pause Young (Normal) (G1 Evacuation Pause) 67M->63M(256M) 18.142ms
[2020-01-29T21:37:25.880+0300][102.415s][info ][gc] GC(3399) Pause Cleanup 110M->110M(256M) 0.036ms
[2020-01-29T21:37:25.880+0300][102.415s][info ][gc] GC(3399) Concurrent Cycle 51.379ms
[2020-01-29T21:37:25.923+0300][102.458s][info ][gc] GC(3401) Pause Young (Normal) (G1 Evacuation Pause) 115M->116M(256M) 40.826ms
[2020-01-29T21:37:25.972+0300][102.508s][info ][gc] GC(3402) Pause Young (Concurrent Start) (G1 Humongous Allocation) 151M->151M(256M) 24.601ms
[2020-01-29T21:37:25.972+0300][102.508s][info ][gc] GC(3403) Concurrent Cycle
[2020-01-29T21:37:26.014+0300][102.549s][info ][gc] GC(3404) Pause Young (Normal) (G1 Evacuation Pause) 195M->196M(256M) 18.820ms
[2020-01-29T21:37:26.019+0300][102.554s][debug][gc] GC(3403) Reclaimed 103 empty regions
[2020-01-29T21:37:26.019+0300][102.554s][info ][gc] GC(3403) Pause Remark 205M->102M(256M) 0.725ms
[2020-01-29T21:37:26.028+0300][102.563s][info ][gc] GC(3405) Pause Young (Normal) (G1 Evacuation Pause) 103M->104M(256M) 9.002ms
[2020-01-29T21:37:26.072+0300][102.607s][info ][gc] GC(3406) Pause Young (Normal) (G1 Evacuation Pause) 143M->144M(256M) 27.599ms
[2020-01-29T21:37:26.117+0300][102.651s][info ][gc] GC(3407) Pause Young (Normal) (G1 Evacuation Pause) 170M->171M(256M) 32.798ms
[2020-01-29T21:37:26.172+0300][102.707s][info ][gc] GC(3408) Pause Young (Normal) (G1 Evacuation Pause) 209M->210M(256M) 35.706ms
[2020-01-29T21:37:26.205+0300][102.740s][info ][gc] GC(3409) Pause Young (Normal) (G1 Evacuation Pause) 219M->221M(256M) 28.483ms
[2020-01-29T21:37:26.240+0300][102.775s][info ][gc] GC(3410) Pause Young (Normal) (G1 Evacuation Pause) 231M->231M(256M) 29.195ms
[2020-01-29T21:37:26.276+0300][102.811s][info ][gc] GC(3411) Pause Young (Normal) (G1 Evacuation Pause) 241M->242M(256M) 30.771ms
[2020-01-29T21:37:26.280+0300][102.815s][info ][gc] GC(3403) Pause Cleanup 248M->248M(256M) 0.053ms
[2020-01-29T21:37:26.280+0300][102.815s][info ][gc] GC(3403) Concurrent Cycle 307.582ms
[2020-01-29T21:37:26.319+0300][102.854s][info ][gc] GC(3412) To-space exhausted
[2020-01-29T21:37:26.320+0300][102.854s][info ][gc] GC(3412) Pause Young (Normal) (G1 Evacuation Pause) 252M->255M(256M) 36.567ms
[2020-01-29T21:37:26.352+0300][102.887s][info ][gc] GC(3413) Pause Full (G1 Evacuation Pause) 255M->63M(256M) 32.145ms
[2020-01-29T21:37:26.401+0300][102.937s][info ][gc] GC(3414) Pause Young (Concurrent Start) (G1 Evacuation Pause) 115M->115M(256M) 29.018ms
[2020-01-29T21:37:26.401+0300][102.937s][info ][gc] GC(3415) Concurrent Cycle
[2020-01-29T21:37:26.454+0300][102.990s][info ][gc] GC(3416) Pause Young (Normal) (G1 Evacuation Pause) 170M->171M(256M) 25.927ms
[2020-01-29T21:37:26.476+0300][103.011s][info ][gc] GC(3417) Pause Young (Normal) (G1 Evacuation Pause) 188M->189M(256M) 13.365ms
[2020-01-29T21:37:26.490+0300][103.025s][info ][gc] GC(3418) Pause Young (Normal) (G1 Evacuation Pause) 200M->201M(256M) 8.731ms
[2020-01-29T21:37:26.502+0300][103.037s][info ][gc] GC(3419) Pause Young (Normal) (G1 Evacuation Pause) 211M->212M(256M) 7.998ms
[2020-01-29T21:37:26.516+0300][103.051s][info ][gc] GC(3420) Pause Young (Normal) (G1 Evacuation Pause) 222M->223M(256M) 7.781ms
[2020-01-29T21:37:26.528+0300][103.064s][info ][gc] GC(3421) Pause Young (Normal) (G1 Evacuation Pause) 233M->233M(256M) 7.952ms
[2020-01-29T21:37:26.543+0300][103.078s][info ][gc] GC(3422) To-space exhausted
[2020-01-29T21:37:26.543+0300][103.078s][info ][gc] GC(3422) Pause Young (Normal) (G1 Evacuation Pause) 243M->245M(256M) 10.482ms
[2020-01-29T21:37:26.567+0300][103.103s][info ][gc] GC(3423) To-space exhausted
[2020-01-29T21:37:26.568+0300][103.103s][info ][gc] GC(3423) Pause Young (Normal) (G1 Evacuation Pause) 254M->254M(256M) 20.546ms
[2020-01-29T21:37:26.568+0300][103.103s][debug][gc] GC(3424) Clear Next Bitmap 0.151ms
[2020-01-29T21:37:26.630+0300][103.165s][info ][gc] GC(3424) Pause Full (G1 Evacuation Pause) 254M->111M(256M) 62.087ms
[2020-01-29T21:37:26.631+0300][103.166s][info ][gc] GC(3415) Concurrent Cycle 229.040ms
[2020-01-29T21:37:26.672+0300][103.207s][info ][gc] GC(3425) Pause Young (Concurrent Start) (G1 Humongous Allocation) 137M->136M(256M) 19.364ms
[2020-01-29T21:37:26.672+0300][103.207s][info ][gc] GC(3426) Concurrent Cycle
[2020-01-29T21:37:26.710+0300][103.245s][info ][gc] GC(3427) Pause Young (Normal) (G1 Evacuation Pause) 184M->185M(256M) 23.053ms
[2020-01-29T21:37:26.713+0300][103.249s][debug][gc] GC(3426) Reclaimed 104 empty regions
[2020-01-29T21:37:26.713+0300][103.249s][info ][gc] GC(3426) Pause Remark 187M->85M(256M) 0.690ms
[2020-01-29T21:37:26.732+0300][103.267s][info ][gc] GC(3428) Pause Young (Normal) (G1 Evacuation Pause) 96M->97M(256M) 12.511ms
[2020-01-29T21:37:26.788+0300][103.324s][info ][gc] GC(3429) Pause Young (Normal) (G1 Evacuation Pause) 139M->139M(256M) 38.556ms
[2020-01-29T21:37:26.842+0300][103.377s][info ][gc] GC(3430) Pause Young (Normal) (G1 Evacuation Pause) 167M->168M(256M) 37.434ms
[2020-01-29T21:37:26.853+0300][103.389s][info ][gc] GC(3426) Pause Cleanup 172M->172M(256M) 0.056ms
[2020-01-29T21:37:26.853+0300][103.389s][info ][gc] GC(3426) Concurrent Cycle 181.973ms
[2020-01-29T21:37:26.878+0300][103.414s][info ][gc] GC(3431) Pause Young (Concurrent Start) (G1 Humongous Allocation) 172M->173M(256M) 21.519ms
[2020-01-29T21:37:26.878+0300][103.414s][info ][gc] GC(3432) Concurrent Cycle
[2020-01-29T21:37:26.904+0300][103.439s][info ][gc] GC(3433) Pause Young (Normal) (G1 Evacuation Pause) 210M->211M(256M) 16.337ms
[2020-01-29T21:37:26.905+0300][103.440s][debug][gc] GC(3432) Reclaimed 154 empty regions
[2020-01-29T21:37:26.905+0300][103.440s][info ][gc] GC(3432) Pause Remark 212M->58M(256M) 0.673ms
[2020-01-29T21:37:26.916+0300][103.451s][info ][gc] GC(3434) Pause Young (Normal) (G1 Evacuation Pause) 66M->67M(256M) 6.744ms
[2020-01-29T21:37:26.980+0300][103.516s][info ][gc] GC(3435) Pause Young (Normal) (G1 Evacuation Pause) 118M->119M(256M) 41.416ms
[2020-01-29T21:37:26.985+0300][103.520s][info ][gc] GC(3432) Pause Cleanup 123M->123M(256M) 0.047ms
[2020-01-29T21:37:26.985+0300][103.521s][info ][gc] GC(3432) Concurrent Cycle 107.170ms
[2020-01-29T21:37:27.046+0300][103.581s][info ][gc] GC(3436) Pause Young (Normal) (G1 Evacuation Pause) 153M->154M(256M) 45.888ms
[2020-01-29T21:37:27.065+0300][103.600s][info ][gc] GC(3437) Pause Young (Concurrent Start) (G1 Humongous Allocation) 158M->159M(256M) 6.638ms
[2020-01-29T21:37:27.065+0300][103.600s][info ][gc] GC(3438) Concurrent Cycle
[2020-01-29T21:37:27.075+0300][103.610s][debug][gc] GC(3438) Reclaimed 138 empty regions
[2020-01-29T21:37:27.075+0300][103.610s][info ][gc] GC(3438) Pause Remark 200M->62M(256M) 0.635ms
[2020-01-29T21:37:27.091+0300][103.625s][info ][gc] GC(3439) Pause Young (Normal) (G1 Evacuation Pause) 62M->59M(256M) 14.622ms
[2020-01-29T21:37:27.109+0300][103.643s][info ][gc] GC(3438) Pause Cleanup 98M->98M(256M) 0.045ms
[2020-01-29T21:37:27.109+0300][103.644s][info ][gc] GC(3438) Concurrent Cycle 43.493ms
[2020-01-29T21:37:27.152+0300][103.688s][info ][gc] GC(3440) Pause Young (Normal) (G1 Evacuation Pause) 112M->112M(256M) 38.410ms
[2020-01-29T21:37:27.192+0300][103.728s][info ][gc] GC(3441) Pause Young (Concurrent Start) (G1 Evacuation Pause) 148M->149M(256M) 25.105ms
[2020-01-29T21:37:27.193+0300][103.728s][info ][gc] GC(3442) Concurrent Cycle
[2020-01-29T21:37:27.235+0300][103.771s][info ][gc] GC(3443) Pause Young (Normal) (G1 Evacuation Pause) 194M->195M(256M) 19.299ms
[2020-01-29T21:37:27.249+0300][103.784s][info ][gc] GC(3444) Pause Young (Normal) (G1 Evacuation Pause) 205M->206M(256M) 9.072ms
[2020-01-29T21:37:27.262+0300][103.797s][info ][gc] GC(3445) Pause Young (Normal) (G1 Evacuation Pause) 216M->218M(256M) 7.947ms
[2020-01-29T21:37:27.274+0300][103.810s][info ][gc] GC(3446) Pause Young (Normal) (G1 Evacuation Pause) 228M->229M(256M) 8.104ms
[2020-01-29T21:37:27.287+0300][103.822s][info ][gc] GC(3447) Pause Young (Normal) (G1 Evacuation Pause) 239M->240M(256M) 7.760ms
[2020-01-29T21:37:27.308+0300][103.843s][info ][gc] GC(3448) To-space exhausted
[2020-01-29T21:37:27.308+0300][103.843s][info ][gc] GC(3448) Pause Young (Normal) (G1 Evacuation Pause) 250M->251M(256M) 15.989ms
[2020-01-29T21:37:27.323+0300][103.858s][info ][gc] GC(3449) To-space exhausted
[2020-01-29T21:37:27.323+0300][103.858s][info ][gc] GC(3449) Pause Young (Normal) (G1 Evacuation Pause) 255M->255M(256M) 13.508ms
[2020-01-29T21:37:27.323+0300][103.859s][debug][gc] GC(3450) Clear Next Bitmap 0.074ms
[2020-01-29T21:37:27.376+0300][103.911s][info ][gc] GC(3450) Pause Full (G1 Evacuation Pause) 255M->95M(256M) 53.003ms
[2020-01-29T21:37:27.377+0300][103.912s][info ][gc] GC(3442) Concurrent Cycle 183.683ms
[2020-01-29T21:37:27.426+0300][103.961s][info ][gc] GC(3451) Pause Young (Concurrent Start) (G1 Humongous Allocation) 136M->136M(256M) 22.548ms
[2020-01-29T21:37:27.426+0300][103.961s][info ][gc] GC(3452) Concurrent Cycle
[2020-01-29T21:37:27.469+0300][104.004s][info ][gc] GC(3453) Pause Young (Normal) (G1 Evacuation Pause) 184M->185M(256M) 21.382ms
[2020-01-29T21:37:27.474+0300][104.009s][debug][gc] GC(3452) Reclaimed 94 empty regions
[2020-01-29T21:37:27.474+0300][104.009s][info ][gc] GC(3452) Pause Remark 193M->101M(256M) 0.684ms
[2020-01-29T21:37:27.488+0300][104.022s][info ][gc] GC(3454) Pause Young (Normal) (G1 Evacuation Pause) 106M->107M(256M) 10.837ms
[2020-01-29T21:37:27.532+0300][104.068s][info ][gc] GC(3455) Pause Young (Normal) (G1 Evacuation Pause) 145M->145M(256M) 28.851ms
[2020-01-29T21:37:27.578+0300][104.114s][info ][gc] GC(3456) Pause Young (Normal) (G1 Evacuation Pause) 171M->172M(256M) 33.779ms
[2020-01-29T21:37:27.629+0300][104.164s][info ][gc] GC(3457) Pause Young (Normal) (G1 Evacuation Pause) 209M->210M(256M) 30.822ms
[2020-01-29T21:37:27.659+0300][104.194s][info ][gc] GC(3458) Pause Young (Normal) (G1 Evacuation Pause) 219M->221M(256M) 25.424ms
[2020-01-29T21:37:27.691+0300][104.227s][info ][gc] GC(3459) Pause Young (Normal) (G1 Evacuation Pause) 231M->231M(256M) 25.104ms
[2020-01-29T21:37:27.693+0300][104.229s][info ][gc] GC(3452) Pause Cleanup 234M->234M(256M) 0.041ms
[2020-01-29T21:37:27.694+0300][104.229s][info ][gc] GC(3452) Concurrent Cycle 267.698ms
[2020-01-29T21:37:27.720+0300][104.255s][info ][gc] GC(3460) Pause Young (Normal) (G1 Evacuation Pause) 241M->242M(256M) 23.009ms
[2020-01-29T21:37:27.744+0300][104.279s][info ][gc] GC(3461) To-space exhausted
[2020-01-29T21:37:27.744+0300][104.280s][info ][gc] GC(3461) Pause Young (Concurrent Start) (G1 Evacuation Pause) 252M->255M(256M) 20.633ms
[2020-01-29T21:37:27.744+0300][104.280s][info ][gc] GC(3463) Concurrent Cycle
[2020-01-29T21:37:27.745+0300][104.280s][debug][gc] GC(3462) Clear Next Bitmap 0.056ms
[2020-01-29T21:37:27.780+0300][104.315s][info ][gc] GC(3462) Pause Full (G1 Evacuation Pause) 255M->67M(256M) 35.570ms
[2020-01-29T21:37:27.780+0300][104.315s][info ][gc] GC(3463) Concurrent Cycle 35.920ms
[2020-01-29T21:37:27.832+0300][104.367s][info ][gc] GC(3464) Pause Young (Normal) (G1 Evacuation Pause) 118M->118M(256M) 28.597ms
[2020-01-29T21:37:27.865+0300][104.400s][info ][gc] GC(3465) Pause Young (Concurrent Start) (G1 Humongous Allocation) 137M->137M(256M) 14.595ms
[2020-01-29T21:37:27.865+0300][104.400s][info ][gc] GC(3466) Concurrent Cycle
[2020-01-29T21:37:27.899+0300][104.435s][info ][gc] GC(3467) Pause Young (Normal) (G1 Evacuation Pause) 185M->186M(256M) 20.761ms
[2020-01-29T21:37:27.904+0300][104.440s][debug][gc] GC(3466) Reclaimed 108 empty regions
[2020-01-29T21:37:27.904+0300][104.440s][info ][gc] GC(3466) Pause Remark 191M->85M(256M) 0.690ms
[2020-01-29T21:37:27.919+0300][104.454s][info ][gc] GC(3468) Pause Young (Normal) (G1 Evacuation Pause) 92M->93M(256M) 11.038ms
[2020-01-29T21:37:27.967+0300][104.503s][info ][gc] GC(3469) Pause Young (Normal) (G1 Evacuation Pause) 135M->136M(256M) 31.213ms
[2020-01-29T21:37:28.018+0300][104.553s][info ][gc] GC(3470) Pause Young (Normal) (G1 Evacuation Pause) 165M->166M(256M) 38.080ms
[2020-01-29T21:37:28.074+0300][104.609s][info ][gc] GC(3471) Pause Young (Normal) (G1 Evacuation Pause) 205M->206M(256M) 36.215ms
[2020-01-29T21:37:28.078+0300][104.613s][info ][gc] GC(3466) Pause Cleanup 212M->212M(256M) 0.050ms
[2020-01-29T21:37:28.078+0300][104.613s][info ][gc] GC(3466) Concurrent Cycle 212.920ms
[2020-01-29T21:37:28.106+0300][104.642s][info ][gc] GC(3472) Pause Young (Normal) (G1 Evacuation Pause) 215M->216M(256M) 27.191ms
[2020-01-29T21:37:28.118+0300][104.653s][info ][gc] GC(3473) Pause Young (Concurrent Start) (G1 Evacuation Pause) 226M->227M(256M) 7.535ms
[2020-01-29T21:37:28.118+0300][104.653s][info ][gc] GC(3474) Concurrent Cycle
[2020-01-29T21:37:28.132+0300][104.667s][info ][gc] GC(3475) Pause Young (Normal) (G1 Evacuation Pause) 237M->237M(256M) 7.697ms
[2020-01-29T21:37:28.150+0300][104.685s][info ][gc] GC(3476) To-space exhausted
[2020-01-29T21:37:28.150+0300][104.685s][info ][gc] GC(3476) Pause Young (Normal) (G1 Evacuation Pause) 247M->251M(256M) 12.845ms
[2020-01-29T21:37:28.165+0300][104.699s][info ][gc] GC(3477) To-space exhausted
[2020-01-29T21:37:28.165+0300][104.700s][info ][gc] GC(3477) Pause Young (Normal) (G1 Evacuation Pause) 255M->255M(256M) 12.945ms
[2020-01-29T21:37:28.165+0300][104.700s][debug][gc] GC(3478) Clear Next Bitmap 0.061ms
[2020-01-29T21:37:28.208+0300][104.743s][info ][gc] GC(3478) Pause Full (G1 Evacuation Pause) 255M->81M(256M) 43.447ms
[2020-01-29T21:37:28.209+0300][104.743s][info ][gc] GC(3474) Concurrent Cycle 90.094ms
[2020-01-29T21:37:28.251+0300][104.787s][info ][gc] GC(3479) Pause Young (Normal) (G1 Evacuation Pause) 127M->126M(256M) 25.572ms
[2020-01-29T21:37:28.277+0300][104.813s][info ][gc] GC(3480) Pause Young (Concurrent Start) (G1 Humongous Allocation) 136M->138M(256M) 10.497ms
[2020-01-29T21:37:28.277+0300][104.813s][info ][gc] GC(3481) Concurrent Cycle
[2020-01-29T21:37:28.290+0300][104.826s][debug][gc] GC(3481) Reclaimed 118 empty regions
[2020-01-29T21:37:28.290+0300][104.826s][info ][gc] GC(3481) Pause Remark 185M->68M(256M) 0.630ms
[2020-01-29T21:37:28.309+0300][104.845s][info ][gc] GC(3482) Pause Young (Normal) (G1 Evacuation Pause) 69M->66M(256M) 18.106ms
[2020-01-29T21:37:28.374+0300][104.909s][info ][gc] GC(3483) Pause Young (Normal) (G1 Evacuation Pause) 117M->118M(256M) 43.141ms
[2020-01-29T21:37:28.377+0300][104.912s][info ][gc] GC(3481) Pause Cleanup 124M->124M(256M) 0.041ms
[2020-01-29T21:37:28.377+0300][104.912s][info ][gc] GC(3481) Concurrent Cycle 99.360ms
[2020-01-29T21:37:28.431+0300][104.966s][info ][gc] GC(3484) Pause Young (Normal) (G1 Evacuation Pause) 152M->153M(256M) 42.030ms
[2020-01-29T21:37:28.448+0300][104.983s][info ][gc] GC(3485) Pause Young (Concurrent Start) (G1 Humongous Allocation) 155M->155M(256M) 5.574ms
[2020-01-29T21:37:28.448+0300][104.983s][info ][gc] GC(3486) Concurrent Cycle
[2020-01-29T21:37:28.457+0300][104.993s][debug][gc] GC(3486) Reclaimed 142 empty regions
[2020-01-29T21:37:28.457+0300][104.993s][info ][gc] GC(3486) Pause Remark 192M->50M(256M) 0.781ms
[2020-01-29T21:37:28.476+0300][105.011s][info ][gc] GC(3487) Pause Young (Normal) (G1 Evacuation Pause) 56M->55M(256M) 15.725ms
[2020-01-29T21:37:28.491+0300][105.026s][info ][gc] GC(3486) Pause Cleanup 90M->90M(256M) 0.039ms
[2020-01-29T21:37:28.491+0300][105.026s][info ][gc] GC(3486) Concurrent Cycle 43.087ms
[2020-01-29T21:37:28.539+0300][105.074s][info ][gc] GC(3488) Pause Young (Normal) (G1 Evacuation Pause) 109M->110M(256M) 40.149ms
[2020-01-29T21:37:28.579+0300][105.115s][info ][gc] GC(3489) Pause Young (Concurrent Start) (G1 Evacuation Pause) 147M->148M(256M) 25.429ms
[2020-01-29T21:37:28.579+0300][105.115s][info ][gc] GC(3490) Concurrent Cycle
[2020-01-29T21:37:28.622+0300][105.157s][info ][gc] GC(3491) Pause Young (Normal) (G1 Evacuation Pause) 193M->194M(256M) 18.698ms
[2020-01-29T21:37:28.636+0300][105.171s][info ][gc] GC(3492) Pause Young (Normal) (G1 Evacuation Pause) 204M->205M(256M) 9.340ms
[2020-01-29T21:37:28.647+0300][105.183s][info ][gc] GC(3493) Pause Young (Normal) (G1 Evacuation Pause) 215M->215M(256M) 7.333ms
[2020-01-29T21:37:28.660+0300][105.196s][info ][gc] GC(3494) Pause Young (Normal) (G1 Evacuation Pause) 225M->226M(256M) 7.998ms
[2020-01-29T21:37:28.672+0300][105.208s][info ][gc] GC(3495) Pause Young (Normal) (G1 Evacuation Pause) 236M->237M(256M) 7.505ms
[2020-01-29T21:37:28.690+0300][105.225s][info ][gc] GC(3496) To-space exhausted
[2020-01-29T21:37:28.690+0300][105.226s][info ][gc] GC(3496) Pause Young (Normal) (G1 Evacuation Pause) 247M->250M(256M) 13.329ms
[2020-01-29T21:37:28.706+0300][105.242s][info ][gc] GC(3497) To-space exhausted
[2020-01-29T21:37:28.706+0300][105.242s][info ][gc] GC(3497) Pause Young (Normal) (G1 Evacuation Pause) 255M->255M(256M) 13.977ms
[2020-01-29T21:37:28.706+0300][105.242s][debug][gc] GC(3498) Clear Next Bitmap 0.107ms
[2020-01-29T21:37:28.762+0300][105.297s][info ][gc] GC(3498) Pause Full (G1 Evacuation Pause) 255M->100M(256M) 55.367ms
[2020-01-29T21:37:28.762+0300][105.298s][info ][gc] GC(3490) Concurrent Cycle 182.794ms
[2020-01-29T21:37:28.813+0300][105.348s][info ][gc] GC(3499) Pause Young (Concurrent Start) (G1 Humongous Allocation) 136M->136M(256M) 24.545ms
[2020-01-29T21:37:28.813+0300][105.348s][info ][gc] GC(3500) Concurrent Cycle
[2020-01-29T21:37:28.857+0300][105.392s][info ][gc] GC(3501) Pause Young (Normal) (G1 Evacuation Pause) 184M->185M(256M) 24.471ms
[2020-01-29T21:37:28.862+0300][105.397s][debug][gc] GC(3500) Reclaimed 98 empty regions
[2020-01-29T21:37:28.862+0300][105.397s][info ][gc] GC(3500) Pause Remark 193M->97M(256M) 0.705ms
[2020-01-29T21:37:28.876+0300][105.411s][info ][gc] GC(3502) Pause Young (Normal) (G1 Evacuation Pause) 102M->103M(256M) 11.354ms
[2020-01-29T21:37:28.932+0300][105.466s][info ][gc] GC(3503) Pause Young (Normal) (G1 Evacuation Pause) 142M->143M(256M) 36.665ms
[2020-01-29T21:37:28.984+0300][105.519s][info ][gc] GC(3504) Pause Young (Normal) (G1 Evacuation Pause) 169M->170M(256M) 39.340ms
[2020-01-29T21:37:29.009+0300][105.545s][info ][gc] GC(3500) Pause Cleanup 203M->203M(256M) 0.049ms
[2020-01-29T21:37:29.009+0300][105.545s][info ][gc] GC(3500) Concurrent Cycle 196.631ms
[2020-01-29T21:37:29.039+0300][105.575s][info ][gc] GC(3505) Pause Young (Normal) (G1 Evacuation Pause) 208M->209M(256M) 27.456ms
[2020-01-29T21:37:29.051+0300][105.587s][info ][gc] GC(3506) Pause Young (Concurrent Start) (G1 Evacuation Pause) 218M->219M(256M) 8.079ms
[2020-01-29T21:37:29.051+0300][105.587s][info ][gc] GC(3507) Concurrent Cycle
[2020-01-29T21:37:29.066+0300][105.601s][info ][gc] GC(3508) Pause Young (Normal) (G1 Evacuation Pause) 229M->229M(256M) 8.060ms
[2020-01-29T21:37:29.079+0300][105.615s][info ][gc] GC(3509) Pause Young (Normal) (G1 Evacuation Pause) 239M->241M(256M) 7.962ms
[2020-01-29T21:37:29.101+0300][105.636s][info ][gc] GC(3510) To-space exhausted
[2020-01-29T21:37:29.101+0300][105.637s][info ][gc] GC(3510) Pause Young (Normal) (G1 Evacuation Pause) 251M->254M(256M) 17.549ms
[2020-01-29T21:37:29.111+0300][105.646s][info ][gc] GC(3511) To-space exhausted
[2020-01-29T21:37:29.111+0300][105.646s][info ][gc] GC(3511) Pause Young (Normal) (G1 Evacuation Pause) 255M->255M(256M) 8.380ms
[2020-01-29T21:37:29.111+0300][105.647s][debug][gc] GC(3512) Clear Next Bitmap 0.060ms
[2020-01-29T21:37:29.150+0300][105.685s][info ][gc] GC(3512) Pause Full (G1 Evacuation Pause) 255M->71M(256M) 39.019ms
[2020-01-29T21:37:29.151+0300][105.686s][info ][gc] GC(3507) Concurrent Cycle 99.052ms
[2020-01-29T21:37:29.210+0300][105.745s][info ][gc] GC(3513) Pause Young (Normal) (G1 Evacuation Pause) 120M->120M(256M) 37.798ms
[2020-01-29T21:37:29.251+0300][105.786s][info ][gc] GC(3514) Pause Young (Concurrent Start) (G1 Humongous Allocation) 137M->138M(256M) 14.084ms
[2020-01-29T21:37:29.251+0300][105.786s][info ][gc] GC(3515) Concurrent Cycle
[2020-01-29T21:37:29.286+0300][105.821s][info ][gc] GC(3516) Pause Young (Normal) (G1 Evacuation Pause) 186M->187M(256M) 21.330ms
[2020-01-29T21:37:29.290+0300][105.825s][debug][gc] GC(3515) Reclaimed 110 empty regions
[2020-01-29T21:37:29.290+0300][105.825s][info ][gc] GC(3515) Pause Remark 194M->86M(256M) 0.666ms
[2020-01-29T21:37:29.302+0300][105.837s][info ][gc] GC(3517) Pause Young (Normal) (G1 Evacuation Pause) 91M->92M(256M) 9.814ms
[2020-01-29T21:37:29.360+0300][105.894s][info ][gc] GC(3518) Pause Young (Normal) (G1 Evacuation Pause) 134M->135M(256M) 39.064ms
[2020-01-29T21:37:29.412+0300][105.948s][info ][gc] GC(3519) Pause Young (Normal) (G1 Evacuation Pause) 164M->164M(256M) 41.242ms
[2020-01-29T21:37:29.433+0300][105.968s][info ][gc] GC(3515) Pause Cleanup 168M->168M(256M) 0.046ms
[2020-01-29T21:37:29.433+0300][105.968s][info ][gc] GC(3515) Concurrent Cycle 182.680ms
[2020-01-29T21:37:29.462+0300][105.998s][info ][gc] GC(3520) Pause Young (Concurrent Start) (G1 Humongous Allocation) 168M->169M(256M) 22.807ms
[2020-01-29T21:37:29.462+0300][105.998s][info ][gc] GC(3521) Concurrent Cycle
[2020-01-29T21:37:29.473+0300][106.008s][debug][gc] GC(3521) Reclaimed 155 empty regions
[2020-01-29T21:37:29.473+0300][106.008s][info ][gc] GC(3521) Pause Remark 203M->48M(256M) 0.742ms
[2020-01-29T21:37:29.489+0300][106.025s][info ][gc] GC(3522) Pause Young (Normal) (G1 Evacuation Pause) 52M->49M(256M) 14.409ms
[2020-01-29T21:37:29.503+0300][106.039s][info ][gc] GC(3521) Pause Cleanup 76M->76M(256M) 0.037ms
[2020-01-29T21:37:29.504+0300][106.039s][info ][gc] GC(3521) Concurrent Cycle 40.953ms
[2020-01-29T21:37:29.560+0300][106.095s][info ][gc] GC(3523) Pause Young (Normal) (G1 Evacuation Pause) 105M->106M(256M) 42.039ms
[2020-01-29T21:37:29.601+0300][106.136s][info ][gc] GC(3524) Pause Young (Concurrent Start) (G1 Evacuation Pause) 144M->145M(256M) 24.975ms
[2020-01-29T21:37:29.601+0300][106.136s][info ][gc] GC(3525) Concurrent Cycle
[2020-01-29T21:37:29.644+0300][106.180s][info ][gc] GC(3526) Pause Young (Normal) (G1 Evacuation Pause) 191M->191M(256M) 19.469ms
[2020-01-29T21:37:29.658+0300][106.194s][info ][gc] GC(3527) Pause Young (Normal) (G1 Evacuation Pause) 202M->203M(256M) 9.031ms
[2020-01-29T21:37:29.671+0300][106.206s][info ][gc] GC(3528) Pause Young (Normal) (G1 Evacuation Pause) 213M->214M(256M) 8.264ms
[2020-01-29T21:37:29.683+0300][106.218s][info ][gc] GC(3529) Pause Young (Normal) (G1 Evacuation Pause) 224M->224M(256M) 8.012ms
[2020-01-29T21:37:29.696+0300][106.231s][info ][gc] GC(3530) Pause Young (Normal) (G1 Evacuation Pause) 234M->235M(256M) 7.999ms
[2020-01-29T21:37:29.711+0300][106.246s][info ][gc] GC(3531) To-space exhausted
[2020-01-29T21:37:29.711+0300][106.246s][info ][gc] GC(3531) Pause Young (Normal) (G1 Evacuation Pause) 245M->248M(256M) 10.948ms
[2020-01-29T21:37:29.733+0300][106.267s][info ][gc] GC(3532) To-space exhausted
[2020-01-29T21:37:29.733+0300][106.267s][info ][gc] GC(3532) Pause Young (Normal) (G1 Evacuation Pause) 255M->255M(256M) 18.035ms
[2020-01-29T21:37:29.733+0300][106.268s][debug][gc] GC(3533) Clear Next Bitmap 0.073ms
[2020-01-29T21:37:29.797+0300][106.333s][info ][gc] GC(3533) Pause Full (G1 Evacuation Pause) 255M->102M(256M) 65.498ms
[2020-01-29T21:37:29.798+0300][106.334s][info ][gc] GC(3525) Concurrent Cycle 197.660ms
[2020-01-29T21:37:29.850+0300][106.385s][info ][gc] GC(3534) Pause Young (Concurrent Start) (G1 Humongous Allocation) 136M->136M(256M) 22.223ms
[2020-01-29T21:37:29.850+0300][106.385s][info ][gc] GC(3535) Concurrent Cycle
[2020-01-29T21:37:29.890+0300][106.425s][info ][gc] GC(3536) Pause Young (Normal) (G1 Evacuation Pause) 184M->185M(256M) 20.291ms
[2020-01-29T21:37:29.896+0300][106.431s][debug][gc] GC(3535) Reclaimed 101 empty regions
[2020-01-29T21:37:29.896+0300][106.431s][info ][gc] GC(3535) Pause Remark 185M->86M(256M) 0.819ms
[2020-01-29T21:37:29.919+0300][106.454s][info ][gc] GC(3537) Pause Young (Normal) (G1 Evacuation Pause) 98M->99M(256M) 10.930ms
[2020-01-29T21:37:29.972+0300][106.507s][info ][gc] GC(3538) Pause Young (Normal) (G1 Evacuation Pause) 140M->141M(256M) 34.860ms
[2020-01-29T21:37:30.024+0300][106.559s][info ][gc] GC(3539) Pause Young (Normal) (G1 Evacuation Pause) 168M->169M(256M) 39.472ms
[2020-01-29T21:37:30.040+0300][106.575s][info ][gc] GC(3535) Pause Cleanup 175M->175M(256M) 0.043ms
[2020-01-29T21:37:30.040+0300][106.575s][info ][gc] GC(3535) Concurrent Cycle 189.656ms
[2020-01-29T21:37:30.064+0300][106.599s][info ][gc] GC(3540) Pause Young (Concurrent Start) (G1 Humongous Allocation) 175M->176M(256M) 23.670ms
[2020-01-29T21:37:30.064+0300][106.599s][info ][gc] GC(3541) Concurrent Cycle
[2020-01-29T21:37:30.075+0300][106.610s][debug][gc] GC(3541) Reclaimed 159 empty regions
[2020-01-29T21:37:30.075+0300][106.610s][info ][gc] GC(3541) Pause Remark 211M->52M(256M) 0.670ms
[2020-01-29T21:37:30.088+0300][106.623s][info ][gc] GC(3542) Pause Young (Normal) (G1 Evacuation Pause) 53M->51M(256M) 12.181ms
[2020-01-29T21:37:30.107+0300][106.642s][info ][gc] GC(3541) Pause Cleanup 96M->96M(256M) 0.037ms
[2020-01-29T21:37:30.108+0300][106.642s][info ][gc] GC(3541) Concurrent Cycle 43.098ms
[2020-01-29T21:37:30.154+0300][106.689s][info ][gc] GC(3543) Pause Young (Normal) (G1 Evacuation Pause) 107M->107M(256M) 42.679ms
[2020-01-29T21:37:30.197+0300][106.732s][info ][gc] GC(3544) Pause Young (Concurrent Start) (G1 Evacuation Pause) 145M->147M(256M) 26.638ms
[2020-01-29T21:37:30.197+0300][106.732s][info ][gc] GC(3545) Concurrent Cycle
[2020-01-29T21:37:30.243+0300][106.778s][info ][gc] GC(3546) Pause Young (Normal) (G1 Evacuation Pause) 192M->193M(256M) 20.637ms
[2020-01-29T21:37:30.257+0300][106.792s][info ][gc] GC(3547) Pause Young (Normal) (G1 Evacuation Pause) 204M->205M(256M) 9.761ms
[2020-01-29T21:37:30.271+0300][106.806s][info ][gc] GC(3548) Pause Young (Normal) (G1 Evacuation Pause) 215M->216M(256M) 8.078ms
[2020-01-29T21:37:30.283+0300][106.818s][info ][gc] GC(3549) Pause Young (Normal) (G1 Evacuation Pause) 226M->227M(256M) 8.011ms
[2020-01-29T21:37:30.296+0300][106.831s][info ][gc] GC(3550) Pause Young (Normal) (G1 Evacuation Pause) 237M->238M(256M) 7.391ms
[2020-01-29T21:37:30.315+0300][106.849s][info ][gc] GC(3551) To-space exhausted
[2020-01-29T21:37:30.315+0300][106.849s][info ][gc] GC(3551) Pause Young (Normal) (G1 Evacuation Pause) 248M->250M(256M) 14.495ms
[2020-01-29T21:37:30.330+0300][106.865s][info ][gc] GC(3552) To-space exhausted
[2020-01-29T21:37:30.330+0300][106.865s][info ][gc] GC(3552) Pause Young (Normal) (G1 Evacuation Pause) 255M->255M(256M) 13.980ms
[2020-01-29T21:37:30.330+0300][106.866s][debug][gc] GC(3553) Clear Next Bitmap 0.083ms
[2020-01-29T21:37:30.385+0300][106.920s][info ][gc] GC(3553) Pause Full (G1 Evacuation Pause) 255M->97M(256M) 54.781ms
[2020-01-29T21:37:30.386+0300][106.921s][info ][gc] GC(3545) Concurrent Cycle 188.197ms
[2020-01-29T21:37:30.447+0300][106.981s][info ][gc] GC(3554) Pause Young (Concurrent Start) (G1 Humongous Allocation) 136M->136M(256M) 21.914ms
[2020-01-29T21:37:30.447+0300][106.982s][info ][gc] GC(3555) Concurrent Cycle
[2020-01-29T21:37:30.491+0300][107.025s][info ][gc] GC(3556) Pause Young (Normal) (G1 Evacuation Pause) 184M->185M(256M) 22.704ms
[2020-01-29T21:37:30.495+0300][107.030s][debug][gc] GC(3555) Reclaimed 97 empty regions
[2020-01-29T21:37:30.495+0300][107.030s][info ][gc] GC(3555) Pause Remark 190M->95M(256M) 0.889ms
[2020-01-29T21:37:30.517+0300][107.053s][info ][gc] GC(3557) Pause Young (Normal) (G1 Evacuation Pause) 103M->104M(256M) 11.318ms
[2020-01-29T21:37:30.569+0300][107.105s][info ][gc] GC(3558) Pause Young (Normal) (G1 Evacuation Pause) 143M->143M(256M) 32.177ms
[2020-01-29T21:37:30.620+0300][107.155s][info ][gc] GC(3559) Pause Young (Normal) (G1 Evacuation Pause) 169M->170M(256M) 37.255ms
[2020-01-29T21:37:30.636+0300][107.171s][info ][gc] GC(3555) Pause Cleanup 180M->180M(256M) 0.042ms
[2020-01-29T21:37:30.636+0300][107.171s][info ][gc] GC(3555) Concurrent Cycle 189.789ms
[2020-01-29T21:37:30.667+0300][107.202s][info ][gc] GC(3560) Pause Young (Concurrent Start) (G1 Humongous Allocation) 180M->180M(256M) 29.997ms
[2020-01-29T21:37:30.667+0300][107.202s][info ][gc] GC(3561) Concurrent Cycle
[2020-01-29T21:37:30.688+0300][107.224s][info ][gc] GC(3562) Pause Young (Normal) (G1 Evacuation Pause) 215M->216M(256M) 13.095ms
[2020-01-29T21:37:30.692+0300][107.227s][debug][gc] GC(3561) Reclaimed 160 empty regions
[2020-01-29T21:37:30.692+0300][107.227s][info ][gc] GC(3561) Pause Remark 223M->63M(256M) 0.637ms
[2020-01-29T21:37:30.703+0300][107.238s][info ][gc] GC(3563) Pause Young (Normal) (G1 Evacuation Pause) 65M->66M(256M) 9.935ms
[2020-01-29T21:37:30.792+0300][107.327s][info ][gc] GC(3564) Pause Young (Normal) (G1 Evacuation Pause) 117M->117M(256M) 58.082ms
[2020-01-29T21:37:30.795+0300][107.330s][info ][gc] GC(3561) Pause Cleanup 119M->119M(256M) 0.041ms
[2020-01-29T21:37:30.795+0300][107.330s][info ][gc] GC(3561) Concurrent Cycle 128.292ms
[2020-01-29T21:37:30.873+0300][107.408s][info ][gc] GC(3565) Pause Young (Normal) (G1 Evacuation Pause) 152M->153M(256M) 63.377ms
[2020-01-29T21:37:30.893+0300][107.428s][info ][gc] GC(3566) Pause Young (Concurrent Start) (G1 Humongous Allocation) 158M->159M(256M) 6.980ms
[2020-01-29T21:37:30.893+0300][107.428s][info ][gc] GC(3567) Concurrent Cycle
[2020-01-29T21:37:30.904+0300][107.440s][debug][gc] GC(3567) Reclaimed 137 empty regions
[2020-01-29T21:37:30.904+0300][107.440s][info ][gc] GC(3567) Pause Remark 159M->22M(256M) 0.810ms
[2020-01-29T21:37:30.912+0300][107.448s][info ][gc] GC(3567) Pause Cleanup 52M->52M(256M) 0.043ms
[2020-01-29T21:37:30.912+0300][107.448s][info ][gc] GC(3567) Concurrent Cycle 19.425ms
[2020-01-29T21:37:30.941+0300][107.476s][info ][gc] GC(3568) Pause Young (Normal) (G1 Evacuation Pause) 63M->60M(256M) 19.031ms
[2020-01-29T21:37:31.010+0300][107.546s][info ][gc] GC(3569) Pause Young (Concurrent Start) (G1 Evacuation Pause) 116M->117M(256M) 44.957ms
[2020-01-29T21:37:31.010+0300][107.546s][info ][gc] GC(3570) Concurrent Cycle
[2020-01-29T21:37:31.068+0300][107.603s][info ][gc] GC(3571) Pause Young (Normal) (G1 Evacuation Pause) 152M->153M(256M) 24.919ms
[2020-01-29T21:37:31.111+0300][107.646s][info ][gc] GC(3572) Pause Young (Normal) (G1 Evacuation Pause) 196M->197M(256M) 21.698ms
[2020-01-29T21:37:31.124+0300][107.659s][info ][gc] GC(3573) Pause Young (Normal) (G1 Evacuation Pause) 207M->208M(256M) 8.473ms
[2020-01-29T21:37:31.139+0300][107.675s][info ][gc] GC(3574) Pause Young (Normal) (G1 Evacuation Pause) 218M->219M(256M) 11.027ms
[2020-01-29T21:37:31.166+0300][107.701s][info ][gc] GC(3575) Pause Young (Normal) (G1 Evacuation Pause) 229M->230M(256M) 13.645ms
[2020-01-29T21:37:31.186+0300][107.721s][info ][gc] GC(3576) Pause Young (Normal) (G1 Evacuation Pause) 240M->240M(256M) 13.893ms
[2020-01-29T21:37:31.221+0300][107.756s][info ][gc] GC(3577) To-space exhausted
[2020-01-29T21:37:31.221+0300][107.756s][info ][gc] GC(3577) Pause Young (Normal) (G1 Evacuation Pause) 250M->252M(256M) 29.581ms
[2020-01-29T21:37:31.283+0300][107.818s][debug][gc] GC(3570) Reclaimed 7 empty regions
[2020-01-29T21:37:31.283+0300][107.818s][info ][gc] GC(3570) Pause Remark 253M->246M(256M) 0.800ms
[2020-01-29T21:37:31.424+0300][107.959s][info ][gc] GC(3578) To-space exhausted
[2020-01-29T21:37:31.424+0300][107.959s][info ][gc] GC(3578) Pause Young (Normal) (G1 Evacuation Pause) 255M->255M(256M) 23.941ms
[2020-01-29T21:37:31.424+0300][107.960s][debug][gc] GC(3579) Clear Next Bitmap 0.139ms
[2020-01-29T21:37:31.504+0300][108.040s][info ][gc] GC(3579) Pause Full (G1 Evacuation Pause) 255M->101M(256M) 80.230ms
[2020-01-29T21:37:31.504+0300][108.040s][info ][gc] GC(3570) Concurrent Cycle 494.200ms
[2020-01-29T21:37:31.554+0300][108.089s][info ][gc] GC(3580) Pause Young (Concurrent Start) (G1 Humongous Allocation) 136M->136M(256M) 22.041ms
[2020-01-29T21:37:31.554+0300][108.089s][info ][gc] GC(3581) Concurrent Cycle
[2020-01-29T21:37:31.594+0300][108.129s][info ][gc] GC(3582) Pause Young (Normal) (G1 Evacuation Pause) 185M->186M(256M) 21.847ms
[2020-01-29T21:37:31.599+0300][108.134s][debug][gc] GC(3581) Reclaimed 98 empty regions
[2020-01-29T21:37:31.599+0300][108.134s][info ][gc] GC(3581) Pause Remark 195M->98M(256M) 0.745ms
[2020-01-29T21:37:31.611+0300][108.146s][info ][gc] GC(3583) Pause Young (Normal) (G1 Evacuation Pause) 102M->102M(256M) 10.267ms
[2020-01-29T21:37:31.662+0300][108.197s][info ][gc] GC(3584) Pause Young (Normal) (G1 Evacuation Pause) 143M->144M(256M) 32.312ms
[2020-01-29T21:37:31.720+0300][108.255s][info ][gc] GC(3585) Pause Young (Normal) (G1 Evacuation Pause) 170M->171M(256M) 36.788ms
[2020-01-29T21:37:31.737+0300][108.272s][info ][gc] GC(3581) Pause Cleanup 203M->203M(256M) 0.042ms
[2020-01-29T21:37:31.737+0300][108.272s][info ][gc] GC(3581) Concurrent Cycle 182.881ms
[2020-01-29T21:37:31.771+0300][108.307s][info ][gc] GC(3586) Pause Young (Normal) (G1 Evacuation Pause) 209M->210M(256M) 32.770ms
[2020-01-29T21:37:31.784+0300][108.320s][info ][gc] GC(3587) Pause Young (Concurrent Start) (G1 Evacuation Pause) 219M->220M(256M) 8.345ms
[2020-01-29T21:37:31.785+0300][108.320s][info ][gc] GC(3588) Concurrent Cycle
[2020-01-29T21:37:31.798+0300][108.333s][info ][gc] GC(3589) Pause Young (Normal) (G1 Evacuation Pause) 230M->231M(256M) 6.684ms
[2020-01-29T21:37:31.811+0300][108.347s][info ][gc] GC(3590) Pause Young (Normal) (G1 Evacuation Pause) 241M->242M(256M) 7.973ms
[2020-01-29T21:37:31.834+0300][108.370s][info ][gc] GC(3591) To-space exhausted
[2020-01-29T21:37:31.834+0300][108.370s][info ][gc] GC(3591) Pause Young (Normal) (G1 Evacuation Pause) 252M->255M(256M) 18.998ms
[2020-01-29T21:37:31.835+0300][108.370s][debug][gc] GC(3592) Clear Next Bitmap 0.079ms
[2020-01-29T21:37:31.880+0300][108.415s][info ][gc] GC(3592) Pause Full (G1 Evacuation Pause) 255M->72M(256M) 45.218ms
[2020-01-29T21:37:31.880+0300][108.416s][info ][gc] GC(3588) Concurrent Cycle 95.377ms
[2020-01-29T21:37:31.930+0300][108.465s][info ][gc] GC(3593) Pause Young (Normal) (G1 Evacuation Pause) 121M->121M(256M) 27.794ms
[2020-01-29T21:37:31.964+0300][108.499s][info ][gc] GC(3594) Pause Young (Concurrent Start) (G1 Humongous Allocation) 137M->137M(256M) 13.670ms
[2020-01-29T21:37:31.964+0300][108.499s][info ][gc] GC(3595) Concurrent Cycle
[2020-01-29T21:37:31.995+0300][108.531s][info ][gc] GC(3596) Pause Young (Normal) (G1 Evacuation Pause) 185M->186M(256M) 20.058ms
[2020-01-29T21:37:32.000+0300][108.535s][debug][gc] GC(3595) Reclaimed 111 empty regions
[2020-01-29T21:37:32.000+0300][108.535s][info ][gc] GC(3595) Pause Remark 195M->86M(256M) 0.641ms
[2020-01-29T21:37:32.012+0300][108.548s][info ][gc] GC(3597) Pause Young (Normal) (G1 Evacuation Pause) 89M->90M(256M) 10.597ms
[2020-01-29T21:37:32.062+0300][108.597s][info ][gc] GC(3598) Pause Young (Normal) (G1 Evacuation Pause) 133M->133M(256M) 32.076ms
[2020-01-29T21:37:32.113+0300][108.649s][info ][gc] GC(3599) Pause Young (Normal) (G1 Evacuation Pause) 163M->164M(256M) 38.992ms
[2020-01-29T21:37:32.167+0300][108.702s][info ][gc] GC(3600) Pause Young (Normal) (G1 Evacuation Pause) 204M->205M(256M) 34.060ms
[2020-01-29T21:37:32.169+0300][108.704s][info ][gc] GC(3595) Pause Cleanup 207M->207M(256M) 0.051ms
[2020-01-29T21:37:32.169+0300][108.705s][info ][gc] GC(3595) Concurrent Cycle 206.056ms
[2020-01-29T21:37:32.197+0300][108.732s][info ][gc] GC(3601) Pause Young (Normal) (G1 Evacuation Pause) 213M->213M(256M) 24.987ms
[2020-01-29T21:37:32.209+0300][108.744s][info ][gc] GC(3602) Pause Young (Concurrent Start) (G1 Evacuation Pause) 223M->224M(256M) 7.682ms
[2020-01-29T21:37:32.209+0300][108.744s][info ][gc] GC(3603) Concurrent Cycle
[2020-01-29T21:37:32.222+0300][108.758s][info ][gc] GC(3604) Pause Young (Normal) (G1 Evacuation Pause) 234M->235M(256M) 8.233ms
[2020-01-29T21:37:32.238+0300][108.773s][info ][gc] GC(3605) To-space exhausted
[2020-01-29T21:37:32.238+0300][108.773s][info ][gc] GC(3605) Pause Young (Normal) (G1 Evacuation Pause) 245M->246M(256M) 10.040ms
[2020-01-29T21:37:32.263+0300][108.798s][info ][gc] GC(3606) To-space exhausted
[2020-01-29T21:37:32.263+0300][108.798s][info ][gc] GC(3606) Pause Young (Normal) (G1 Evacuation Pause) 255M->255M(256M) 21.348ms
[2020-01-29T21:37:32.263+0300][108.798s][debug][gc] GC(3607) Clear Next Bitmap 0.088ms
[2020-01-29T21:37:32.312+0300][108.848s][info ][gc] GC(3607) Pause Full (G1 Evacuation Pause) 255M->86M(256M) 49.645ms
[2020-01-29T21:37:32.312+0300][108.848s][info ][gc] GC(3603) Concurrent Cycle 104.105ms
[2020-01-29T21:37:32.354+0300][108.889s][info ][gc] GC(3608) Pause Young (Normal) (G1 Evacuation Pause) 130M->131M(256M) 24.433ms
[2020-01-29T21:37:32.374+0300][108.909s][info ][gc] GC(3609) Pause Young (Concurrent Start) (G1 Humongous Allocation) 137M->137M(256M) 6.928ms
[2020-01-29T21:37:32.374+0300][108.909s][info ][gc] GC(3610) Concurrent Cycle
[2020-01-29T21:37:32.384+0300][108.920s][debug][gc] GC(3610) Reclaimed 122 empty regions
[2020-01-29T21:37:32.384+0300][108.920s][info ][gc] GC(3610) Pause Remark 179M->59M(256M) 0.632ms
[2020-01-29T21:37:32.405+0300][108.940s][info ][gc] GC(3611) Pause Young (Normal) (G1 Evacuation Pause) 65M->62M(256M) 17.899ms
[2020-01-29T21:37:32.421+0300][108.957s][info ][gc] GC(3610) Pause Cleanup 103M->103M(256M) 0.036ms
[2020-01-29T21:37:32.421+0300][108.957s][info ][gc] GC(3610) Concurrent Cycle 47.694ms
[2020-01-29T21:37:32.465+0300][109.001s][info ][gc] GC(3612) Pause Young (Normal) (G1 Evacuation Pause) 114M->115M(256M) 39.877ms
[2020-01-29T21:37:32.514+0300][109.050s][info ][gc] GC(3613) Pause Young (Concurrent Start) (G1 Humongous Allocation) 150M->151M(256M) 24.589ms
[2020-01-29T21:37:32.514+0300][109.050s][info ][gc] GC(3614) Concurrent Cycle
[2020-01-29T21:37:32.555+0300][109.091s][info ][gc] GC(3615) Pause Young (Normal) (G1 Evacuation Pause) 195M->195M(256M) 18.128ms
[2020-01-29T21:37:32.561+0300][109.096s][debug][gc] GC(3614) Reclaimed 102 empty regions
[2020-01-29T21:37:32.561+0300][109.096s][info ][gc] GC(3614) Pause Remark 204M->102M(256M) 0.901ms
[2020-01-29T21:37:32.571+0300][109.106s][info ][gc] GC(3616) Pause Young (Normal) (G1 Evacuation Pause) 103M->104M(256M) 9.224ms
[2020-01-29T21:37:32.615+0300][109.150s][info ][gc] GC(3617) Pause Young (Normal) (G1 Evacuation Pause) 143M->144M(256M) 26.863ms
[2020-01-29T21:37:32.658+0300][109.194s][info ][gc] GC(3618) Pause Young (Normal) (G1 Evacuation Pause) 170M->170M(256M) 32.685ms
[2020-01-29T21:37:32.722+0300][109.257s][info ][gc] GC(3619) Pause Young (Normal) (G1 Evacuation Pause) 208M->209M(256M) 35.533ms
[2020-01-29T21:37:32.757+0300][109.292s][info ][gc] GC(3620) Pause Young (Normal) (G1 Evacuation Pause) 218M->219M(256M) 30.632ms
[2020-01-29T21:37:32.791+0300][109.326s][info ][gc] GC(3621) Pause Young (Normal) (G1 Evacuation Pause) 229M->230M(256M) 29.262ms
[2020-01-29T21:37:32.793+0300][109.327s][info ][gc] GC(3614) Pause Cleanup 234M->234M(256M) 0.044ms
[2020-01-29T21:37:32.793+0300][109.328s][info ][gc] GC(3614) Concurrent Cycle 277.805ms
[2020-01-29T21:37:32.821+0300][109.356s][info ][gc] GC(3622) Pause Young (Normal) (G1 Evacuation Pause) 240M->241M(256M) 26.055ms
[2020-01-29T21:37:32.842+0300][109.378s][info ][gc] GC(3623) To-space exhausted
[2020-01-29T21:37:32.842+0300][109.378s][info ][gc] GC(3623) Pause Young (Concurrent Start) (G1 Evacuation Pause) 251M->254M(256M) 17.817ms
[2020-01-29T21:37:32.842+0300][109.378s][info ][gc] GC(3624) Concurrent Cycle
[2020-01-29T21:37:32.852+0300][109.388s][info ][gc] GC(3625) To-space exhausted
[2020-01-29T21:37:32.852+0300][109.388s][info ][gc] GC(3625) Pause Young (Normal) (G1 Evacuation Pause) 255M->255M(256M) 7.450ms
[2020-01-29T21:37:32.852+0300][109.388s][debug][gc] GC(3626) Clear Next Bitmap 0.065ms
[2020-01-29T21:37:32.885+0300][109.421s][info ][gc] GC(3626) Pause Full (G1 Evacuation Pause) 255M->63M(256M) 32.503ms
[2020-01-29T21:37:32.886+0300][109.421s][info ][gc] GC(3624) Concurrent Cycle 42.746ms
[2020-01-29T21:37:32.944+0300][109.479s][info ][gc] GC(3627) Pause Young (Normal) (G1 Evacuation Pause) 115M->115M(256M) 36.182ms
[2020-01-29T21:37:32.981+0300][109.515s][info ][gc] GC(3628) Pause Young (Concurrent Start) (G1 Humongous Allocation) 137M->137M(256M) 17.011ms
[2020-01-29T21:37:32.981+0300][109.515s][info ][gc] GC(3629) Concurrent Cycle
[2020-01-29T21:37:33.023+0300][109.559s][info ][gc] GC(3630) Pause Young (Normal) (G1 Evacuation Pause) 185M->187M(256M) 26.651ms
[2020-01-29T21:37:33.028+0300][109.563s][debug][gc] GC(3629) Reclaimed 104 empty regions
[2020-01-29T21:37:33.028+0300][109.563s][info ][gc] GC(3629) Pause Remark 195M->93M(256M) 0.889ms
[2020-01-29T21:37:33.041+0300][109.576s][info ][gc] GC(3631) Pause Young (Normal) (G1 Evacuation Pause) 96M->97M(256M) 11.260ms
[2020-01-29T21:37:33.092+0300][109.628s][info ][gc] GC(3632) Pause Young (Normal) (G1 Evacuation Pause) 138M->139M(256M) 33.219ms
[2020-01-29T21:37:33.145+0300][109.681s][info ][gc] GC(3633) Pause Young (Normal) (G1 Evacuation Pause) 167M->168M(256M) 39.131ms
[2020-01-29T21:37:33.199+0300][109.734s][info ][gc] GC(3634) Pause Young (Normal) (G1 Evacuation Pause) 207M->208M(256M) 33.164ms
[2020-01-29T21:37:33.203+0300][109.739s][info ][gc] GC(3629) Pause Cleanup 216M->216M(256M) 0.043ms
[2020-01-29T21:37:33.204+0300][109.739s][info ][gc] GC(3629) Concurrent Cycle 223.380ms
[2020-01-29T21:37:33.229+0300][109.764s][info ][gc] GC(3635) Pause Young (Normal) (G1 Evacuation Pause) 217M->218M(256M) 24.508ms
[2020-01-29T21:37:33.241+0300][109.776s][info ][gc] GC(3636) Pause Young (Concurrent Start) (G1 Evacuation Pause) 228M->229M(256M) 8.274ms
[2020-01-29T21:37:33.241+0300][109.776s][info ][gc] GC(3637) Concurrent Cycle
[2020-01-29T21:37:33.256+0300][109.791s][info ][gc] GC(3638) Pause Young (Normal) (G1 Evacuation Pause) 239M->240M(256M) 8.266ms
[2020-01-29T21:37:33.277+0300][109.812s][info ][gc] GC(3639) To-space exhausted
[2020-01-29T21:37:33.277+0300][109.812s][info ][gc] GC(3639) Pause Young (Normal) (G1 Evacuation Pause) 250M->253M(256M) 16.572ms
[2020-01-29T21:37:33.286+0300][109.821s][info ][gc] GC(3640) To-space exhausted
[2020-01-29T21:37:33.286+0300][109.821s][info ][gc] GC(3640) Pause Young (Normal) (G1 Evacuation Pause) 255M->255M(256M) 8.403ms
[2020-01-29T21:37:33.286+0300][109.821s][debug][gc] GC(3641) Clear Next Bitmap 0.058ms
[2020-01-29T21:37:33.327+0300][109.862s][info ][gc] GC(3641) Pause Full (G1 Evacuation Pause) 255M->76M(256M) 40.702ms
[2020-01-29T21:37:33.327+0300][109.862s][info ][gc] GC(3637) Concurrent Cycle 85.857ms
[2020-01-29T21:37:33.372+0300][109.907s][info ][gc] GC(3642) Pause Young (Normal) (G1 Evacuation Pause) 123M->123M(256M) 26.091ms
[2020-01-29T21:37:33.399+0300][109.935s][info ][gc] GC(3643) Pause Young (Concurrent Start) (G1 Humongous Allocation) 137M->138M(256M) 11.806ms
[2020-01-29T21:37:33.399+0300][109.935s][info ][gc] GC(3644) Concurrent Cycle
[2020-01-29T21:37:33.430+0300][109.966s][info ][gc] GC(3645) Pause Young (Normal) (G1 Evacuation Pause) 185M->185M(256M) 19.067ms
[2020-01-29T21:37:33.433+0300][109.969s][debug][gc] GC(3644) Reclaimed 115 empty regions
[2020-01-29T21:37:33.434+0300][109.969s][info ][gc] GC(3644) Pause Remark 191M->79M(256M) 0.625ms
[2020-01-29T21:37:33.445+0300][109.981s][info ][gc] GC(3646) Pause Young (Normal) (G1 Evacuation Pause) 85M->86M(256M) 8.931ms
[2020-01-29T21:37:33.495+0300][110.030s][info ][gc] GC(3647) Pause Young (Normal) (G1 Evacuation Pause) 130M->131M(256M) 31.905ms
[2020-01-29T21:37:33.548+0300][110.083s][info ][gc] GC(3648) Pause Young (Normal) (G1 Evacuation Pause) 161M->161M(256M) 40.800ms
[2020-01-29T21:37:33.566+0300][110.101s][info ][gc] GC(3644) Pause Cleanup 196M->196M(256M) 0.040ms
[2020-01-29T21:37:33.566+0300][110.101s][info ][gc] GC(3644) Concurrent Cycle 165.894ms
[2020-01-29T21:37:33.599+0300][110.134s][info ][gc] GC(3649) Pause Young (Normal) (G1 Evacuation Pause) 202M->203M(256M) 31.000ms
[2020-01-29T21:37:33.611+0300][110.146s][info ][gc] GC(3650) Pause Young (Concurrent Start) (G1 Evacuation Pause) 211M->212M(256M) 7.480ms
[2020-01-29T21:37:33.611+0300][110.146s][info ][gc] GC(3651) Concurrent Cycle
[2020-01-29T21:37:33.624+0300][110.159s][info ][gc] GC(3652) Pause Young (Normal) (G1 Evacuation Pause) 222M->223M(256M) 7.470ms
[2020-01-29T21:37:33.636+0300][110.171s][info ][gc] GC(3653) Pause Young (Normal) (G1 Evacuation Pause) 233M->234M(256M) 7.701ms
[2020-01-29T21:37:33.649+0300][110.184s][info ][gc] GC(3654) To-space exhausted
[2020-01-29T21:37:33.649+0300][110.184s][info ][gc] GC(3654) Pause Young (Normal) (G1 Evacuation Pause) 244M->247M(256M) 8.875ms
[2020-01-29T21:37:33.672+0300][110.208s][info ][gc] GC(3655) To-space exhausted
[2020-01-29T21:37:33.673+0300][110.208s][info ][gc] GC(3655) Pause Young (Normal) (G1 Evacuation Pause) 255M->255M(256M) 20.189ms
[2020-01-29T21:37:33.673+0300][110.208s][debug][gc] GC(3656) Clear Next Bitmap 0.063ms
[2020-01-29T21:37:33.722+0300][110.258s][info ][gc] GC(3656) Pause Full (G1 Evacuation Pause) 255M->86M(256M) 49.702ms
[2020-01-29T21:37:33.723+0300][110.258s][info ][gc] GC(3651) Concurrent Cycle 112.291ms
[2020-01-29T21:37:33.766+0300][110.302s][info ][gc] GC(3657) Pause Young (Normal) (G1 Evacuation Pause) 130M->130M(256M) 26.327ms
[2020-01-29T21:37:33.788+0300][110.324s][info ][gc] GC(3658) Pause Young (Concurrent Start) (G1 Humongous Allocation) 137M->137M(256M) 8.695ms
[2020-01-29T21:37:33.788+0300][110.324s][info ][gc] GC(3659) Concurrent Cycle
[2020-01-29T21:37:33.799+0300][110.335s][debug][gc] GC(3659) Reclaimed 121 empty regions
[2020-01-29T21:37:33.799+0300][110.335s][info ][gc] GC(3659) Pause Remark 181M->63M(256M) 0.635ms
[2020-01-29T21:37:33.820+0300][110.355s][info ][gc] GC(3660) Pause Young (Normal) (G1 Evacuation Pause) 66M->62M(256M) 18.154ms
[2020-01-29T21:37:33.839+0300][110.374s][info ][gc] GC(3659) Pause Cleanup 109M->109M(256M) 0.036ms
[2020-01-29T21:37:33.839+0300][110.374s][info ][gc] GC(3659) Concurrent Cycle 50.382ms
[2020-01-29T21:37:33.882+0300][110.417s][info ][gc] GC(3661) Pause Young (Normal) (G1 Evacuation Pause) 114M->115M(256M) 40.754ms
[2020-01-29T21:37:33.922+0300][110.457s][info ][gc] GC(3662) Pause Young (Concurrent Start) (G1 Evacuation Pause) 150M->151M(256M) 25.067ms
[2020-01-29T21:37:33.922+0300][110.457s][info ][gc] GC(3663) Concurrent Cycle
[2020-01-29T21:37:33.963+0300][110.499s][info ][gc] GC(3664) Pause Young (Normal) (G1 Evacuation Pause) 195M->196M(256M) 18.880ms
[2020-01-29T21:37:33.977+0300][110.512s][info ][gc] GC(3665) Pause Young (Normal) (G1 Evacuation Pause) 206M->207M(256M) 8.722ms
[2020-01-29T21:37:33.989+0300][110.524s][info ][gc] GC(3666) Pause Young (Normal) (G1 Evacuation Pause) 217M->218M(256M) 8.045ms
[2020-01-29T21:37:34.001+0300][110.537s][info ][gc] GC(3667) Pause Young (Normal) (G1 Evacuation Pause) 228M->229M(256M) 8.238ms
[2020-01-29T21:37:34.014+0300][110.549s][info ][gc] GC(3668) Pause Young (Normal) (G1 Evacuation Pause) 239M->240M(256M) 7.989ms
[2020-01-29T21:37:34.033+0300][110.568s][info ][gc] GC(3669) To-space exhausted
[2020-01-29T21:37:34.033+0300][110.568s][info ][gc] GC(3669) Pause Young (Normal) (G1 Evacuation Pause) 250M->252M(256M) 15.408ms
[2020-01-29T21:37:34.046+0300][110.581s][info ][gc] GC(3670) To-space exhausted
[2020-01-29T21:37:34.046+0300][110.581s][info ][gc] GC(3670) Pause Young (Normal) (G1 Evacuation Pause) 255M->255M(256M) 11.345ms
[2020-01-29T21:37:34.046+0300][110.581s][debug][gc] GC(3671) Clear Next Bitmap 0.076ms
[2020-01-29T21:37:34.104+0300][110.639s][info ][gc] GC(3671) Pause Full (G1 Evacuation Pause) 255M->97M(256M) 57.818ms
[2020-01-29T21:37:34.104+0300][110.639s][info ][gc] GC(3663) Concurrent Cycle 181.818ms
[2020-01-29T21:37:34.151+0300][110.686s][info ][gc] GC(3672) Pause Young (Concurrent Start) (G1 Humongous Allocation) 136M->136M(256M) 20.970ms
[2020-01-29T21:37:34.151+0300][110.686s][info ][gc] GC(3673) Concurrent Cycle
[2020-01-29T21:37:34.198+0300][110.734s][info ][gc] GC(3674) Pause Young (Normal) (G1 Evacuation Pause) 184M->185M(256M) 26.958ms
[2020-01-29T21:37:34.203+0300][110.739s][debug][gc] GC(3673) Reclaimed 94 empty regions
[2020-01-29T21:37:34.203+0300][110.739s][info ][gc] GC(3673) Pause Remark 187M->95M(256M) 0.999ms
[2020-01-29T21:37:34.222+0300][110.757s][info ][gc] GC(3675) Pause Young (Normal) (G1 Evacuation Pause) 106M->107M(256M) 13.975ms
[2020-01-29T21:37:34.274+0300][110.809s][info ][gc] GC(3676) Pause Young (Normal) (G1 Evacuation Pause) 145M->146M(256M) 36.641ms
[2020-01-29T21:37:34.317+0300][110.853s][info ][gc] GC(3677) Pause Young (Normal) (G1 Evacuation Pause) 171M->172M(256M) 33.323ms
[2020-01-29T21:37:34.366+0300][110.901s][info ][gc] GC(3678) Pause Young (Normal) (G1 Evacuation Pause) 209M->210M(256M) 29.992ms
[2020-01-29T21:37:34.394+0300][110.929s][info ][gc] GC(3679) Pause Young (Normal) (G1 Evacuation Pause) 219M->220M(256M) 24.314ms
[2020-01-29T21:37:34.424+0300][110.960s][info ][gc] GC(3680) Pause Young (Normal) (G1 Evacuation Pause) 230M->231M(256M) 25.127ms
[2020-01-29T21:37:34.429+0300][110.964s][info ][gc] GC(3673) Pause Cleanup 240M->240M(256M) 0.042ms
[2020-01-29T21:37:34.429+0300][110.965s][info ][gc] GC(3673) Concurrent Cycle 278.313ms
[2020-01-29T21:37:34.453+0300][110.989s][info ][gc] GC(3681) Pause Young (Normal) (G1 Evacuation Pause) 241M->242M(256M) 23.677ms
[2020-01-29T21:37:34.478+0300][111.013s][info ][gc] GC(3682) To-space exhausted
[2020-01-29T21:37:34.478+0300][111.013s][info ][gc] GC(3682) Pause Young (Concurrent Start) (G1 Evacuation Pause) 252M->255M(256M) 20.184ms
[2020-01-29T21:37:34.478+0300][111.013s][info ][gc] GC(3684) Concurrent Cycle
[2020-01-29T21:37:34.478+0300][111.013s][debug][gc] GC(3683) Clear Next Bitmap 0.058ms
[2020-01-29T21:37:34.512+0300][111.047s][info ][gc] GC(3683) Pause Full (G1 Evacuation Pause) 255M->67M(256M) 34.462ms
[2020-01-29T21:37:34.512+0300][111.048s][info ][gc] GC(3684) Concurrent Cycle 34.799ms
[2020-01-29T21:37:34.559+0300][111.095s][info ][gc] GC(3685) Pause Young (Normal) (G1 Evacuation Pause) 118M->118M(256M) 27.134ms
[2020-01-29T21:37:34.593+0300][111.128s][info ][gc] GC(3686) Pause Young (Concurrent Start) (G1 Humongous Allocation) 137M->137M(256M) 15.117ms
[2020-01-29T21:37:34.593+0300][111.128s][info ][gc] GC(3687) Concurrent Cycle
[2020-01-29T21:37:34.626+0300][111.161s][info ][gc] GC(3688) Pause Young (Normal) (G1 Evacuation Pause) 185M->185M(256M) 19.933ms
[2020-01-29T21:37:34.631+0300][111.166s][debug][gc] GC(3687) Reclaimed 107 empty regions
[2020-01-29T21:37:34.631+0300][111.166s][info ][gc] GC(3687) Pause Remark 194M->89M(256M) 0.650ms
[2020-01-29T21:37:34.644+0300][111.179s][info ][gc] GC(3689) Pause Young (Normal) (G1 Evacuation Pause) 93M->94M(256M) 11.302ms
[2020-01-29T21:37:34.692+0300][111.227s][info ][gc] GC(3690) Pause Young (Normal) (G1 Evacuation Pause) 136M->137M(256M) 30.905ms
[2020-01-29T21:37:34.739+0300][111.274s][info ][gc] GC(3691) Pause Young (Normal) (G1 Evacuation Pause) 165M->166M(256M) 36.706ms
[2020-01-29T21:37:34.795+0300][111.330s][info ][gc] GC(3692) Pause Young (Normal) (G1 Evacuation Pause) 205M->206M(256M) 36.013ms
[2020-01-29T21:37:34.829+0300][111.364s][info ][gc] GC(3693) Pause Young (Normal) (G1 Evacuation Pause) 215M->216M(256M) 29.736ms
[2020-01-29T21:37:34.831+0300][111.366s][info ][gc] GC(3687) Pause Cleanup 217M->217M(256M) 0.051ms
[2020-01-29T21:37:34.831+0300][111.367s][info ][gc] GC(3687) Concurrent Cycle 238.849ms
[2020-01-29T21:37:34.863+0300][111.398s][info ][gc] GC(3694) Pause Young (Normal) (G1 Evacuation Pause) 226M->227M(256M) 27.691ms
[2020-01-29T21:37:34.875+0300][111.411s][info ][gc] GC(3695) Pause Young (Concurrent Start) (G1 Evacuation Pause) 237M->238M(256M) 8.262ms
[2020-01-29T21:37:34.876+0300][111.411s][info ][gc] GC(3696) Concurrent Cycle
[2020-01-29T21:37:34.895+0300][111.431s][info ][gc] GC(3697) To-space exhausted
[2020-01-29T21:37:34.895+0300][111.431s][info ][gc] GC(3697) Pause Young (Normal) (G1 Evacuation Pause) 248M->251M(256M) 13.595ms
[2020-01-29T21:37:34.912+0300][111.447s][info ][gc] GC(3698) To-space exhausted
[2020-01-29T21:37:34.912+0300][111.447s][info ][gc] GC(3698) Pause Young (Normal) (G1 Evacuation Pause) 255M->255M(256M) 15.026ms
[2020-01-29T21:37:34.912+0300][111.448s][debug][gc] GC(3699) Clear Next Bitmap 0.077ms
[2020-01-29T21:37:34.958+0300][111.493s][info ][gc] GC(3699) Pause Full (G1 Evacuation Pause) 255M->79M(256M) 45.721ms
[2020-01-29T21:37:34.958+0300][111.493s][info ][gc] GC(3696) Concurrent Cycle 82.714ms
[2020-01-29T21:37:35.003+0300][111.538s][info ][gc] GC(3700) Pause Young (Normal) (G1 Evacuation Pause) 126M->126M(256M) 26.152ms
[2020-01-29T21:37:35.029+0300][111.564s][info ][gc] GC(3701) Pause Young (Concurrent Start) (G1 Humongous Allocation) 136M->137M(256M) 10.550ms
[2020-01-29T21:37:35.029+0300][111.564s][info ][gc] GC(3702) Concurrent Cycle
[2020-01-29T21:37:35.061+0300][111.596s][info ][gc] GC(3703) Pause Young (Normal) (G1 Evacuation Pause) 184M->185M(256M) 19.738ms
[2020-01-29T21:37:35.062+0300][111.597s][debug][gc] GC(3702) Reclaimed 118 empty regions
[2020-01-29T21:37:35.062+0300][111.597s][info ][gc] GC(3702) Pause Remark 186M->71M(256M) 0.634ms
[2020-01-29T21:37:35.077+0300][111.613s][info ][gc] GC(3704) Pause Young (Normal) (G1 Evacuation Pause) 82M->84M(256M) 10.967ms
[2020-01-29T21:37:35.133+0300][111.669s][info ][gc] GC(3705) Pause Young (Normal) (G1 Evacuation Pause) 129M->130M(256M) 38.074ms
[2020-01-29T21:37:35.157+0300][111.693s][info ][gc] GC(3702) Pause Cleanup 180M->180M(256M) 0.043ms
[2020-01-29T21:37:35.158+0300][111.693s][info ][gc] GC(3702) Concurrent Cycle 129.063ms
[2020-01-29T21:37:35.196+0300][111.731s][info ][gc] GC(3706) Pause Young (Normal) (G1 Evacuation Pause) 180M->181M(256M) 38.165ms
[2020-01-29T21:37:35.213+0300][111.748s][info ][gc] GC(3707) Pause Young (Concurrent Start) (G1 Evacuation Pause) 196M->197M(256M) 10.967ms
[2020-01-29T21:37:35.213+0300][111.748s][info ][gc] GC(3708) Concurrent Cycle
[2020-01-29T21:37:35.232+0300][111.767s][info ][gc] GC(3709) Pause Young (Normal) (G1 Evacuation Pause) 207M->208M(256M) 8.437ms
[2020-01-29T21:37:35.244+0300][111.780s][info ][gc] GC(3710) Pause Young (Normal) (G1 Evacuation Pause) 218M->219M(256M) 8.075ms
[2020-01-29T21:37:35.257+0300][111.792s][info ][gc] GC(3711) Pause Young (Normal) (G1 Evacuation Pause) 229M->230M(256M) 7.945ms
[2020-01-29T21:37:35.269+0300][111.804s][info ][gc] GC(3712) Pause Young (Normal) (G1 Evacuation Pause) 240M->241M(256M) 7.728ms
[2020-01-29T21:37:35.291+0300][111.826s][info ][gc] GC(3713) To-space exhausted
[2020-01-29T21:37:35.291+0300][111.826s][info ][gc] GC(3713) Pause Young (Normal) (G1 Evacuation Pause) 251M->254M(256M) 17.925ms
[2020-01-29T21:37:35.299+0300][111.834s][info ][gc] GC(3714) To-space exhausted
[2020-01-29T21:37:35.299+0300][111.834s][info ][gc] GC(3714) Pause Young (Normal) (G1 Evacuation Pause) 255M->255M(256M) 7.429ms
[2020-01-29T21:37:35.299+0300][111.834s][debug][gc] GC(3715) Clear Next Bitmap 0.072ms
[2020-01-29T21:37:35.347+0300][111.882s][info ][gc] GC(3715) Pause Full (G1 Evacuation Pause) 255M->87M(256M) 48.120ms
[2020-01-29T21:37:35.347+0300][111.882s][info ][gc] GC(3708) Concurrent Cycle 134.082ms
[2020-01-29T21:37:35.390+0300][111.925s][info ][gc] GC(3716) Pause Young (Normal) (G1 Evacuation Pause) 131M->131M(256M) 24.926ms
[2020-01-29T21:37:35.411+0300][111.946s][info ][gc] GC(3717) Pause Young (Concurrent Start) (G1 Humongous Allocation) 136M->137M(256M) 8.560ms
[2020-01-29T21:37:35.411+0300][111.946s][info ][gc] GC(3718) Concurrent Cycle
[2020-01-29T21:37:35.421+0300][111.956s][debug][gc] GC(3718) Reclaimed 124 empty regions
[2020-01-29T21:37:35.421+0300][111.956s][info ][gc] GC(3718) Pause Remark 177M->56M(256M) 0.647ms
[2020-01-29T21:37:35.441+0300][111.977s][info ][gc] GC(3719) Pause Young (Normal) (G1 Evacuation Pause) 63M->59M(256M) 17.771ms
[2020-01-29T21:37:35.457+0300][111.992s][info ][gc] GC(3718) Pause Cleanup 97M->97M(256M) 0.037ms
[2020-01-29T21:37:35.457+0300][111.993s][info ][gc] GC(3718) Concurrent Cycle 46.527ms
[2020-01-29T21:37:35.504+0300][112.039s][info ][gc] GC(3720) Pause Young (Normal) (G1 Evacuation Pause) 112M->113M(256M) 41.005ms
[2020-01-29T21:37:35.553+0300][112.088s][info ][gc] GC(3721) Pause Young (Concurrent Start) (G1 Humongous Allocation) 148M->149M(256M) 23.926ms
[2020-01-29T21:37:35.553+0300][112.088s][info ][gc] GC(3722) Concurrent Cycle
[2020-01-29T21:37:35.594+0300][112.129s][info ][gc] GC(3723) Pause Young (Normal) (G1 Evacuation Pause) 194M->195M(256M) 18.885ms
[2020-01-29T21:37:35.599+0300][112.134s][debug][gc] GC(3722) Reclaimed 100 empty regions
[2020-01-29T21:37:35.599+0300][112.134s][info ][gc] GC(3722) Pause Remark 200M->100M(256M) 0.710ms
[2020-01-29T21:37:35.611+0300][112.146s][info ][gc] GC(3724) Pause Young (Normal) (G1 Evacuation Pause) 105M->105M(256M) 8.015ms
[2020-01-29T21:37:35.654+0300][112.190s][info ][gc] GC(3725) Pause Young (Normal) (G1 Evacuation Pause) 143M->144M(256M) 28.311ms
[2020-01-29T21:37:35.698+0300][112.234s][info ][gc] GC(3726) Pause Young (Normal) (G1 Evacuation Pause) 170M->171M(256M) 33.029ms
[2020-01-29T21:37:35.747+0300][112.282s][info ][gc] GC(3727) Pause Young (Normal) (G1 Evacuation Pause) 209M->210M(256M) 29.800ms
[2020-01-29T21:37:35.776+0300][112.311s][info ][gc] GC(3728) Pause Young (Normal) (G1 Evacuation Pause) 219M->219M(256M) 24.489ms
[2020-01-29T21:37:35.805+0300][112.340s][info ][gc] GC(3729) Pause Young (Normal) (G1 Evacuation Pause) 229M->230M(256M) 24.576ms
[2020-01-29T21:37:35.836+0300][112.371s][info ][gc] GC(3730) Pause Young (Normal) (G1 Evacuation Pause) 240M->241M(256M) 26.193ms
[2020-01-29T21:37:35.877+0300][112.412s][info ][gc] GC(3731) To-space exhausted
[2020-01-29T21:37:35.877+0300][112.412s][info ][gc] GC(3731) Pause Young (Normal) (G1 Evacuation Pause) 251M->255M(256M) 37.088ms
[2020-01-29T21:37:35.877+0300][112.412s][debug][gc] GC(3732) Clear Next Bitmap 0.055ms
[2020-01-29T21:37:35.910+0300][112.444s][info ][gc] GC(3732) Pause Full (G1 Evacuation Pause) 255M->62M(256M) 32.208ms
[2020-01-29T21:37:35.910+0300][112.445s][info ][gc] GC(3722) Concurrent Cycle 357.233ms
[2020-01-29T21:37:35.959+0300][112.494s][info ][gc] GC(3733) Pause Young (Normal) (G1 Evacuation Pause) 114M->114M(256M) 28.805ms
[2020-01-29T21:37:35.995+0300][112.530s][info ][gc] GC(3734) Pause Young (Concurrent Start) (G1 Humongous Allocation) 137M->137M(256M) 17.270ms
[2020-01-29T21:37:35.995+0300][112.530s][info ][gc] GC(3735) Concurrent Cycle
[2020-01-29T21:37:36.031+0300][112.566s][info ][gc] GC(3736) Pause Young (Normal) (G1 Evacuation Pause) 185M->186M(256M) 20.269ms
[2020-01-29T21:37:36.036+0300][112.571s][debug][gc] GC(3735) Reclaimed 104 empty regions
[2020-01-29T21:37:36.036+0300][112.571s][info ][gc] GC(3735) Pause Remark 196M->93M(256M) 0.672ms
[2020-01-29T21:37:36.047+0300][112.582s][info ][gc] GC(3737) Pause Young (Normal) (G1 Evacuation Pause) 96M->97M(256M) 9.920ms
[2020-01-29T21:37:36.093+0300][112.628s][info ][gc] GC(3738) Pause Young (Normal) (G1 Evacuation Pause) 138M->139M(256M) 29.895ms
[2020-01-29T21:37:36.142+0300][112.677s][info ][gc] GC(3739) Pause Young (Normal) (G1 Evacuation Pause) 167M->168M(256M) 36.523ms
[2020-01-29T21:37:36.198+0300][112.734s][info ][gc] GC(3740) Pause Young (Normal) (G1 Evacuation Pause) 207M->208M(256M) 36.519ms
[2020-01-29T21:37:36.233+0300][112.768s][info ][gc] GC(3741) Pause Young (Normal) (G1 Evacuation Pause) 217M->218M(256M) 30.200ms
[2020-01-29T21:37:36.237+0300][112.773s][info ][gc] GC(3735) Pause Cleanup 228M->228M(256M) 0.044ms
[2020-01-29T21:37:36.237+0300][112.773s][info ][gc] GC(3735) Concurrent Cycle 242.557ms
[2020-01-29T21:37:36.264+0300][112.800s][info ][gc] GC(3742) Pause Young (Normal) (G1 Evacuation Pause) 228M->229M(256M) 27.037ms
[2020-01-29T21:37:36.277+0300][112.812s][info ][gc] GC(3743) Pause Young (Concurrent Start) (G1 Evacuation Pause) 239M->239M(256M) 8.107ms
[2020-01-29T21:37:36.277+0300][112.812s][info ][gc] GC(3744) Concurrent Cycle
[2020-01-29T21:37:36.298+0300][112.833s][info ][gc] GC(3745) To-space exhausted
[2020-01-29T21:37:36.298+0300][112.833s][info ][gc] GC(3745) Pause Young (Normal) (G1 Evacuation Pause) 249M->251M(256M) 14.919ms
[2020-01-29T21:37:36.315+0300][112.849s][info ][gc] GC(3746) To-space exhausted
[2020-01-29T21:37:36.315+0300][112.850s][info ][gc] GC(3746) Pause Young (Normal) (G1 Evacuation Pause) 255M->255M(256M) 14.397ms
[2020-01-29T21:37:36.315+0300][112.850s][debug][gc] GC(3747) Clear Next Bitmap 0.069ms
[2020-01-29T21:37:36.356+0300][112.891s][info ][gc] GC(3747) Pause Full (G1 Evacuation Pause) 255M->77M(256M) 41.227ms
[2020-01-29T21:37:36.356+0300][112.891s][info ][gc] GC(3744) Concurrent Cycle 78.987ms
[2020-01-29T21:37:36.400+0300][112.935s][info ][gc] GC(3748) Pause Young (Normal) (G1 Evacuation Pause) 124M->125M(256M) 25.462ms
[2020-01-29T21:37:36.425+0300][112.960s][info ][gc] GC(3749) Pause Young (Concurrent Start) (G1 Humongous Allocation) 137M->137M(256M) 10.215ms
[2020-01-29T21:37:36.425+0300][112.960s][info ][gc] GC(3750) Concurrent Cycle
[2020-01-29T21:37:36.457+0300][112.992s][info ][gc] GC(3751) Pause Young (Normal) (G1 Evacuation Pause) 185M->186M(256M) 19.718ms
[2020-01-29T21:37:36.459+0300][112.994s][debug][gc] GC(3750) Reclaimed 116 empty regions
[2020-01-29T21:37:36.459+0300][112.994s][info ][gc] GC(3750) Pause Remark 189M->75M(256M) 0.636ms
[2020-01-29T21:37:36.472+0300][113.007s][info ][gc] GC(3752) Pause Young (Normal) (G1 Evacuation Pause) 84M->85M(256M) 9.725ms
[2020-01-29T21:37:36.524+0300][113.059s][info ][gc] GC(3753) Pause Young (Normal) (G1 Evacuation Pause) 130M->130M(256M) 34.142ms
[2020-01-29T21:37:36.591+0300][113.126s][info ][gc] GC(3754) Pause Young (Normal) (G1 Evacuation Pause) 180M->181M(256M) 43.953ms
[2020-01-29T21:37:36.594+0300][113.130s][info ][gc] GC(3750) Pause Cleanup 187M->187M(256M) 0.056ms
[2020-01-29T21:37:36.595+0300][113.130s][info ][gc] GC(3750) Concurrent Cycle 170.268ms
[2020-01-29T21:37:36.631+0300][113.166s][info ][gc] GC(3755) Pause Young (Normal) (G1 Evacuation Pause) 196M->197M(256M) 31.542ms
[2020-01-29T21:37:36.644+0300][113.179s][info ][gc] GC(3756) Pause Young (Concurrent Start) (G1 Evacuation Pause) 207M->208M(256M) 8.819ms
[2020-01-29T21:37:36.644+0300][113.179s][info ][gc] GC(3757) Concurrent Cycle
[2020-01-29T21:37:36.659+0300][113.194s][info ][gc] GC(3758) Pause Young (Normal) (G1 Evacuation Pause) 218M->218M(256M) 7.890ms
[2020-01-29T21:37:36.671+0300][113.207s][info ][gc] GC(3759) Pause Young (Normal) (G1 Evacuation Pause) 228M->229M(256M) 8.137ms
[2020-01-29T21:37:36.684+0300][113.220s][info ][gc] GC(3760) Pause Young (Normal) (G1 Evacuation Pause) 239M->240M(256M) 7.969ms
[2020-01-29T21:37:36.705+0300][113.240s][info ][gc] GC(3761) To-space exhausted
[2020-01-29T21:37:36.705+0300][113.240s][info ][gc] GC(3761) Pause Young (Normal) (G1 Evacuation Pause) 250M->252M(256M) 16.421ms
[2020-01-29T21:37:36.718+0300][113.253s][info ][gc] GC(3762) To-space exhausted
[2020-01-29T21:37:36.718+0300][113.253s][info ][gc] GC(3762) Pause Young (Normal) (G1 Evacuation Pause) 255M->255M(256M) 11.717ms
[2020-01-29T21:37:36.718+0300][113.253s][debug][gc] GC(3763) Clear Next Bitmap 0.065ms
[2020-01-29T21:37:36.766+0300][113.302s][info ][gc] GC(3763) Pause Full (G1 Evacuation Pause) 255M->89M(256M) 48.389ms
[2020-01-29T21:37:36.767+0300][113.302s][info ][gc] GC(3757) Concurrent Cycle 122.561ms
[2020-01-29T21:37:36.808+0300][113.343s][info ][gc] GC(3764) Pause Young (Normal) (G1 Evacuation Pause) 133M->133M(256M) 24.099ms
[2020-01-29T21:37:36.826+0300][113.361s][info ][gc] GC(3765) Pause Young (Concurrent Start) (G1 Humongous Allocation) 136M->137M(256M) 6.234ms
[2020-01-29T21:37:36.826+0300][113.361s][info ][gc] GC(3766) Concurrent Cycle
[2020-01-29T21:37:36.835+0300][113.370s][debug][gc] GC(3766) Reclaimed 122 empty regions
[2020-01-29T21:37:36.835+0300][113.370s][info ][gc] GC(3766) Pause Remark 176M->55M(256M) 0.711ms
[2020-01-29T21:37:36.857+0300][113.392s][info ][gc] GC(3767) Pause Young (Normal) (G1 Evacuation Pause) 64M->61M(256M) 17.598ms
[2020-01-29T21:37:36.871+0300][113.406s][info ][gc] GC(3766) Pause Cleanup 96M->96M(256M) 0.038ms
[2020-01-29T21:37:36.871+0300][113.406s][info ][gc] GC(3766) Concurrent Cycle 45.119ms
[2020-01-29T21:37:36.921+0300][113.456s][info ][gc] GC(3768) Pause Young (Normal) (G1 Evacuation Pause) 114M->115M(256M) 43.003ms
[2020-01-29T21:37:36.974+0300][113.510s][info ][gc] GC(3769) Pause Young (Concurrent Start) (G1 Humongous Allocation) 149M->150M(256M) 29.455ms
[2020-01-29T21:37:36.974+0300][113.510s][info ][gc] GC(3770) Concurrent Cycle
[2020-01-29T21:37:37.014+0300][113.550s][info ][gc] GC(3771) Pause Young (Normal) (G1 Evacuation Pause) 194M->195M(256M) 18.169ms
[2020-01-29T21:37:37.019+0300][113.554s][debug][gc] GC(3770) Reclaimed 102 empty regions
[2020-01-29T21:37:37.019+0300][113.554s][info ][gc] GC(3770) Pause Remark 204M->102M(256M) 0.628ms
[2020-01-29T21:37:37.029+0300][113.564s][info ][gc] GC(3772) Pause Young (Normal) (G1 Evacuation Pause) 103M->103M(256M) 9.267ms
[2020-01-29T21:37:37.071+0300][113.606s][info ][gc] GC(3773) Pause Young (Normal) (G1 Evacuation Pause) 142M->143M(256M) 26.515ms
[2020-01-29T21:37:37.115+0300][113.650s][info ][gc] GC(3774) Pause Young (Normal) (G1 Evacuation Pause) 169M->171M(256M) 33.023ms
[2020-01-29T21:37:37.165+0300][113.700s][info ][gc] GC(3775) Pause Young (Normal) (G1 Evacuation Pause) 209M->210M(256M) 31.509ms
[2020-01-29T21:37:37.195+0300][113.730s][info ][gc] GC(3776) Pause Young (Normal) (G1 Evacuation Pause) 219M->220M(256M) 24.992ms
[2020-01-29T21:37:37.228+0300][113.763s][info ][gc] GC(3777) Pause Young (Normal) (G1 Evacuation Pause) 230M->230M(256M) 28.436ms
[2020-01-29T21:37:37.260+0300][113.795s][info ][gc] GC(3778) Pause Young (Normal) (G1 Evacuation Pause) 240M->241M(256M) 27.939ms
[2020-01-29T21:37:37.306+0300][113.840s][info ][gc] GC(3779) To-space exhausted
[2020-01-29T21:37:37.306+0300][113.841s][info ][gc] GC(3779) Pause Young (Normal) (G1 Evacuation Pause) 251M->255M(256M) 39.049ms
[2020-01-29T21:37:37.306+0300][113.841s][debug][gc] GC(3780) Clear Next Bitmap 0.066ms
[2020-01-29T21:37:37.338+0300][113.873s][info ][gc] GC(3780) Pause Full (G1 Evacuation Pause) 255M->63M(256M) 32.570ms
[2020-01-29T21:37:37.338+0300][113.873s][info ][gc] GC(3770) Concurrent Cycle 363.650ms
[2020-01-29T21:37:37.387+0300][113.923s][info ][gc] GC(3781) Pause Young (Normal) (G1 Evacuation Pause) 115M->115M(256M) 28.756ms
[2020-01-29T21:37:37.423+0300][113.959s][info ][gc] GC(3782) Pause Young (Concurrent Start) (G1 Humongous Allocation) 137M->138M(256M) 16.651ms
[2020-01-29T21:37:37.423+0300][113.959s][info ][gc] GC(3783) Concurrent Cycle
[2020-01-29T21:37:37.459+0300][113.994s][info ][gc] GC(3784) Pause Young (Normal) (G1 Evacuation Pause) 186M->186M(256M) 20.109ms
[2020-01-29T21:37:37.463+0300][113.999s][debug][gc] GC(3783) Reclaimed 105 empty regions
[2020-01-29T21:37:37.463+0300][113.999s][info ][gc] GC(3783) Pause Remark 196M->93M(256M) 0.626ms
[2020-01-29T21:37:37.474+0300][114.009s][info ][gc] GC(3785) Pause Young (Normal) (G1 Evacuation Pause) 95M->96M(256M) 9.706ms
[2020-01-29T21:37:37.521+0300][114.056s][info ][gc] GC(3786) Pause Young (Normal) (G1 Evacuation Pause) 137M->138M(256M) 30.371ms
[2020-01-29T21:37:37.570+0300][114.105s][info ][gc] GC(3787) Pause Young (Normal) (G1 Evacuation Pause) 166M->168M(256M) 37.701ms
[2020-01-29T21:37:37.621+0300][114.156s][info ][gc] GC(3788) Pause Young (Normal) (G1 Evacuation Pause) 207M->207M(256M) 31.502ms
[2020-01-29T21:37:37.652+0300][114.187s][info ][gc] GC(3789) Pause Young (Normal) (G1 Evacuation Pause) 216M->216M(256M) 26.072ms
[2020-01-29T21:37:37.684+0300][114.218s][info ][gc] GC(3790) Pause Young (Normal) (G1 Evacuation Pause) 226M->226M(256M) 26.713ms
[2020-01-29T21:37:37.684+0300][114.219s][info ][gc] GC(3783) Pause Cleanup 227M->227M(256M) 0.040ms
[2020-01-29T21:37:37.684+0300][114.219s][info ][gc] GC(3783) Concurrent Cycle 259.970ms
[2020-01-29T21:37:37.713+0300][114.248s][info ][gc] GC(3791) Pause Young (Normal) (G1 Evacuation Pause) 236M->237M(256M) 24.868ms
[2020-01-29T21:37:37.730+0300][114.265s][info ][gc] GC(3792) To-space exhausted
[2020-01-29T21:37:37.730+0300][114.265s][info ][gc] GC(3792) Pause Young (Concurrent Start) (G1 Evacuation Pause) 247M->249M(256M) 13.587ms
[2020-01-29T21:37:37.730+0300][114.265s][info ][gc] GC(3793) Concurrent Cycle
[2020-01-29T21:37:37.750+0300][114.285s][info ][gc] GC(3794) To-space exhausted
[2020-01-29T21:37:37.750+0300][114.285s][info ][gc] GC(3794) Pause Young (Normal) (G1 Evacuation Pause) 255M->255M(256M) 15.557ms
[2020-01-29T21:37:37.750+0300][114.285s][debug][gc] GC(3795) Clear Next Bitmap 0.077ms
[2020-01-29T21:37:37.792+0300][114.328s][info ][gc] GC(3795) Pause Full (G1 Evacuation Pause) 255M->79M(256M) 42.244ms
[2020-01-29T21:37:37.792+0300][114.328s][info ][gc] GC(3793) Concurrent Cycle 62.410ms
[2020-01-29T21:37:37.839+0300][114.375s][info ][gc] GC(3796) Pause Young (Normal) (G1 Evacuation Pause) 126M->126M(256M) 28.322ms
[2020-01-29T21:37:37.864+0300][114.399s][info ][gc] GC(3797) Pause Young (Concurrent Start) (G1 Humongous Allocation) 136M->138M(256M) 10.261ms
[2020-01-29T21:37:37.864+0300][114.399s][info ][gc] GC(3798) Concurrent Cycle
[2020-01-29T21:37:37.894+0300][114.430s][info ][gc] GC(3799) Pause Young (Normal) (G1 Evacuation Pause) 185M->185M(256M) 19.165ms
[2020-01-29T21:37:37.896+0300][114.432s][debug][gc] GC(3798) Reclaimed 112 empty regions
[2020-01-29T21:37:37.896+0300][114.432s][info ][gc] GC(3798) Pause Remark 188M->78M(256M) 0.622ms
[2020-01-29T21:37:37.911+0300][114.446s][info ][gc] GC(3800) Pause Young (Normal) (G1 Evacuation Pause) 88M->89M(256M) 10.624ms
[2020-01-29T21:37:37.965+0300][114.501s][info ][gc] GC(3801) Pause Young (Normal) (G1 Evacuation Pause) 132M->133M(256M) 33.068ms
[2020-01-29T21:37:38.014+0300][114.549s][info ][gc] GC(3802) Pause Young (Normal) (G1 Evacuation Pause) 163M->164M(256M) 36.107ms
[2020-01-29T21:37:38.022+0300][114.558s][info ][gc] GC(3798) Pause Cleanup 167M->167M(256M) 0.044ms
[2020-01-29T21:37:38.023+0300][114.558s][info ][gc] GC(3798) Concurrent Cycle 158.742ms
[2020-01-29T21:37:38.048+0300][114.583s][info ][gc] GC(3803) Pause Young (Concurrent Start) (G1 Humongous Allocation) 167M->169M(256M) 22.536ms
[2020-01-29T21:37:38.048+0300][114.584s][info ][gc] GC(3804) Concurrent Cycle
[2020-01-29T21:37:38.057+0300][114.592s][debug][gc] GC(3804) Reclaimed 147 empty regions
[2020-01-29T21:37:38.057+0300][114.592s][info ][gc] GC(3804) Pause Remark 207M->60M(256M) 0.652ms
[2020-01-29T21:37:38.070+0300][114.605s][info ][gc] GC(3805) Pause Young (Normal) (G1 Evacuation Pause) 60M->57M(256M) 12.431ms
[2020-01-29T21:37:38.086+0300][114.622s][info ][gc] GC(3804) Pause Cleanup 100M->100M(256M) 0.044ms
[2020-01-29T21:37:38.087+0300][114.622s][info ][gc] GC(3804) Concurrent Cycle 38.391ms
[2020-01-29T21:37:38.130+0300][114.665s][info ][gc] GC(3806) Pause Young (Normal) (G1 Evacuation Pause) 110M->111M(256M) 39.291ms
[2020-01-29T21:37:38.167+0300][114.702s][info ][gc] GC(3807) Pause Young (Concurrent Start) (G1 Evacuation Pause) 147M->148M(256M) 23.186ms
[2020-01-29T21:37:38.168+0300][114.703s][info ][gc] GC(3808) Concurrent Cycle
[2020-01-29T21:37:38.209+0300][114.744s][info ][gc] GC(3809) Pause Young (Normal) (G1 Evacuation Pause) 193M->194M(256M) 18.878ms
[2020-01-29T21:37:38.223+0300][114.758s][info ][gc] GC(3810) Pause Young (Normal) (G1 Evacuation Pause) 204M->205M(256M) 9.174ms
[2020-01-29T21:37:38.235+0300][114.770s][info ][gc] GC(3811) Pause Young (Normal) (G1 Evacuation Pause) 215M->215M(256M) 8.025ms
[2020-01-29T21:37:38.247+0300][114.782s][info ][gc] GC(3812) Pause Young (Normal) (G1 Evacuation Pause) 225M->226M(256M) 7.843ms
[2020-01-29T21:37:38.259+0300][114.794s][info ][gc] GC(3813) Pause Young (Normal) (G1 Evacuation Pause) 236M->237M(256M) 7.921ms
[2020-01-29T21:37:38.276+0300][114.811s][info ][gc] GC(3814) To-space exhausted
[2020-01-29T21:37:38.276+0300][114.811s][info ][gc] GC(3814) Pause Young (Normal) (G1 Evacuation Pause) 247M->250M(256M) 13.102ms
[2020-01-29T21:37:38.291+0300][114.827s][info ][gc] GC(3815) To-space exhausted
[2020-01-29T21:37:38.292+0300][114.827s][info ][gc] GC(3815) Pause Young (Normal) (G1 Evacuation Pause) 255M->255M(256M) 13.710ms
[2020-01-29T21:37:38.292+0300][114.827s][debug][gc] GC(3816) Clear Next Bitmap 0.074ms
[2020-01-29T21:37:38.342+0300][114.878s][info ][gc] GC(3816) Pause Full (G1 Evacuation Pause) 255M->93M(256M) 50.443ms
[2020-01-29T21:37:38.342+0300][114.878s][info ][gc] GC(3808) Concurrent Cycle 175.429ms
[2020-01-29T21:37:38.381+0300][114.917s][info ][gc] GC(3817) Pause Young (Normal) (G1 Evacuation Pause) 135M->136M(256M) 22.406ms
[2020-01-29T21:37:38.398+0300][114.934s][info ][gc] GC(3818) Pause Young (Concurrent Start) (G1 Humongous Allocation) 137M->137M(256M) 5.723ms
[2020-01-29T21:37:38.398+0300][114.934s][info ][gc] GC(3819) Concurrent Cycle
[2020-01-29T21:37:38.406+0300][114.942s][debug][gc] GC(3819) Reclaimed 124 empty regions
[2020-01-29T21:37:38.406+0300][114.942s][info ][gc] GC(3819) Pause Remark 173M->52M(256M) 0.627ms
[2020-01-29T21:37:38.429+0300][114.964s][info ][gc] GC(3820) Pause Young (Normal) (G1 Evacuation Pause) 63M->63M(256M) 17.576ms
[2020-01-29T21:37:38.442+0300][114.977s][info ][gc] GC(3819) Pause Cleanup 95M->95M(256M) 0.038ms
[2020-01-29T21:37:38.442+0300][114.977s][info ][gc] GC(3819) Concurrent Cycle 43.384ms
[2020-01-29T21:37:38.488+0300][115.023s][info ][gc] GC(3821) Pause Young (Normal) (G1 Evacuation Pause) 115M->116M(256M) 38.486ms
[2020-01-29T21:37:38.536+0300][115.071s][info ][gc] GC(3822) Pause Young (Concurrent Start) (G1 Humongous Allocation) 151M->151M(256M) 23.090ms
[2020-01-29T21:37:38.536+0300][115.071s][info ][gc] GC(3823) Concurrent Cycle
[2020-01-29T21:37:38.576+0300][115.111s][info ][gc] GC(3824) Pause Young (Normal) (G1 Evacuation Pause) 195M->196M(256M) 18.214ms
[2020-01-29T21:37:38.580+0300][115.115s][debug][gc] GC(3823) Reclaimed 101 empty regions
[2020-01-29T21:37:38.580+0300][115.115s][info ][gc] GC(3823) Pause Remark 205M->104M(256M) 0.630ms
[2020-01-29T21:37:38.590+0300][115.125s][info ][gc] GC(3825) Pause Young (Normal) (G1 Evacuation Pause) 105M->106M(256M) 9.257ms
[2020-01-29T21:37:38.632+0300][115.167s][info ][gc] GC(3826) Pause Young (Normal) (G1 Evacuation Pause) 144M->144M(256M) 26.575ms
[2020-01-29T21:37:38.678+0300][115.214s][info ][gc] GC(3827) Pause Young (Normal) (G1 Evacuation Pause) 170M->171M(256M) 35.165ms
[2020-01-29T21:37:38.732+0300][115.268s][info ][gc] GC(3828) Pause Young (Normal) (G1 Evacuation Pause) 209M->210M(256M) 35.531ms
[2020-01-29T21:37:38.765+0300][115.300s][info ][gc] GC(3829) Pause Young (Normal) (G1 Evacuation Pause) 219M->220M(256M) 28.599ms
[2020-01-29T21:37:38.800+0300][115.335s][info ][gc] GC(3830) Pause Young (Normal) (G1 Evacuation Pause) 230M->231M(256M) 30.176ms
[2020-01-29T21:37:38.836+0300][115.372s][info ][gc] GC(3831) Pause Young (Normal) (G1 Evacuation Pause) 241M->242M(256M) 31.121ms
[2020-01-29T21:37:38.891+0300][115.427s][info ][gc] GC(3832) To-space exhausted
[2020-01-29T21:37:38.891+0300][115.427s][info ][gc] GC(3832) Pause Young (Normal) (G1 Evacuation Pause) 252M->254M(256M) 48.909ms
[2020-01-29T21:37:38.892+0300][115.428s][info ][gc] GC(3823) Pause Cleanup 255M->255M(256M) 0.053ms
[2020-01-29T21:37:38.892+0300][115.428s][info ][gc] GC(3823) Concurrent Cycle 356.986ms
[2020-01-29T21:37:38.926+0300][115.461s][info ][gc] GC(3833) To-space exhausted
[2020-01-29T21:37:38.926+0300][115.461s][info ][gc] GC(3833) Pause Young (Normal) (G1 Evacuation Pause) 255M->255M(256M) 32.756ms
[2020-01-29T21:37:38.967+0300][115.503s][info ][gc] GC(3834) Pause Full (G1 Evacuation Pause) 255M->62M(256M) 41.419ms
[2020-01-29T21:37:39.034+0300][115.570s][info ][gc] GC(3835) Pause Young (Concurrent Start) (G1 Evacuation Pause) 120M->120M(256M) 42.049ms
[2020-01-29T21:37:39.034+0300][115.570s][info ][gc] GC(3836) Concurrent Cycle
[2020-01-29T21:37:39.091+0300][115.626s][info ][gc] GC(3837) Pause Young (Normal) (G1 Evacuation Pause) 175M->176M(256M) 25.101ms
[2020-01-29T21:37:39.111+0300][115.645s][info ][gc] GC(3838) Pause Young (Normal) (G1 Evacuation Pause) 192M->193M(256M) 13.199ms
[2020-01-29T21:37:39.124+0300][115.659s][info ][gc] GC(3839) Pause Young (Normal) (G1 Evacuation Pause) 204M->205M(256M) 8.297ms
[2020-01-29T21:37:39.136+0300][115.671s][info ][gc] GC(3840) Pause Young (Normal) (G1 Evacuation Pause) 215M->216M(256M) 7.845ms
[2020-01-29T21:37:39.148+0300][115.683s][info ][gc] GC(3841) Pause Young (Normal) (G1 Evacuation Pause) 226M->227M(256M) 7.783ms
[2020-01-29T21:37:39.160+0300][115.695s][info ][gc] GC(3842) Pause Young (Normal) (G1 Evacuation Pause) 237M->238M(256M) 7.844ms
[2020-01-29T21:37:39.178+0300][115.714s][info ][gc] GC(3843) To-space exhausted
[2020-01-29T21:37:39.178+0300][115.714s][info ][gc] GC(3843) Pause Young (Normal) (G1 Evacuation Pause) 248M->250M(256M) 14.939ms
[2020-01-29T21:37:39.193+0300][115.729s][info ][gc] GC(3844) To-space exhausted
[2020-01-29T21:37:39.193+0300][115.729s][info ][gc] GC(3844) Pause Young (Normal) (G1 Evacuation Pause) 254M->254M(256M) 13.227ms
[2020-01-29T21:37:39.193+0300][115.729s][debug][gc] GC(3845) Clear Next Bitmap 0.060ms
[2020-01-29T21:37:39.256+0300][115.792s][info ][gc] GC(3845) Pause Full (G1 Evacuation Pause) 254M->111M(256M) 62.471ms
[2020-01-29T21:37:39.256+0300][115.792s][info ][gc] GC(3836) Concurrent Cycle 221.807ms
[2020-01-29T21:37:39.292+0300][115.827s][info ][gc] GC(3846) Pause Young (Concurrent Start) (G1 Humongous Allocation) 137M->136M(256M) 15.245ms
[2020-01-29T21:37:39.292+0300][115.827s][info ][gc] GC(3847) Concurrent Cycle
[2020-01-29T21:37:39.326+0300][115.862s][info ][gc] GC(3848) Pause Young (Normal) (G1 Evacuation Pause) 185M->186M(256M) 20.910ms
[2020-01-29T21:37:39.331+0300][115.866s][debug][gc] GC(3847) Reclaimed 110 empty regions
[2020-01-29T21:37:39.331+0300][115.866s][info ][gc] GC(3847) Pause Remark 195M->87M(256M) 0.631ms
[2020-01-29T21:37:39.344+0300][115.880s][info ][gc] GC(3849) Pause Young (Normal) (G1 Evacuation Pause) 91M->92M(256M) 11.543ms
[2020-01-29T21:37:39.396+0300][115.931s][info ][gc] GC(3850) Pause Young (Normal) (G1 Evacuation Pause) 137M->138M(256M) 33.836ms
[2020-01-29T21:37:39.458+0300][115.993s][info ][gc] GC(3851) Pause Young (Normal) (G1 Evacuation Pause) 186M->187M(256M) 38.636ms
[2020-01-29T21:37:39.495+0300][116.030s][info ][gc] GC(3852) Pause Young (Normal) (G1 Evacuation Pause) 200M->201M(256M) 30.554ms
[2020-01-29T21:37:39.498+0300][116.033s][info ][gc] GC(3847) Pause Cleanup 206M->206M(256M) 0.047ms
[2020-01-29T21:37:39.498+0300][116.033s][info ][gc] GC(3847) Concurrent Cycle 205.576ms
[2020-01-29T21:37:39.525+0300][116.060s][info ][gc] GC(3853) Pause Young (Normal) (G1 Evacuation Pause) 210M->211M(256M) 25.555ms
[2020-01-29T21:37:39.538+0300][116.072s][info ][gc] GC(3854) Pause Young (Concurrent Start) (G1 Evacuation Pause) 221M->221M(256M) 8.222ms
[2020-01-29T21:37:39.538+0300][116.072s][info ][gc] GC(3855) Concurrent Cycle
[2020-01-29T21:37:39.555+0300][116.091s][info ][gc] GC(3856) Pause Young (Normal) (G1 Evacuation Pause) 231M->232M(256M) 7.995ms
[2020-01-29T21:37:39.567+0300][116.103s][info ][gc] GC(3857) Pause Young (Normal) (G1 Evacuation Pause) 242M->243M(256M) 7.931ms
[2020-01-29T21:37:39.591+0300][116.127s][info ][gc] GC(3858) To-space exhausted
[2020-01-29T21:37:39.591+0300][116.127s][info ][gc] GC(3858) Pause Young (Normal) (G1 Evacuation Pause) 253M->255M(256M) 19.425ms
[2020-01-29T21:37:39.592+0300][116.127s][debug][gc] GC(3859) Clear Next Bitmap 0.068ms
[2020-01-29T21:37:39.636+0300][116.171s][info ][gc] GC(3859) Pause Full (G1 Evacuation Pause) 255M->83M(256M) 44.410ms
[2020-01-29T21:37:39.637+0300][116.172s][info ][gc] GC(3855) Concurrent Cycle 99.273ms
[2020-01-29T21:37:39.680+0300][116.215s][info ][gc] GC(3860) Pause Young (Normal) (G1 Evacuation Pause) 128M->128M(256M) 24.853ms
[2020-01-29T21:37:39.704+0300][116.238s][info ][gc] GC(3861) Pause Young (Concurrent Start) (G1 Humongous Allocation) 137M->138M(256M) 8.993ms
[2020-01-29T21:37:39.704+0300][116.238s][info ][gc] GC(3862) Concurrent Cycle
[2020-01-29T21:37:39.716+0300][116.251s][debug][gc] GC(3862) Reclaimed 121 empty regions
[2020-01-29T21:37:39.716+0300][116.251s][info ][gc] GC(3862) Pause Remark 184M->67M(256M) 0.828ms
[2020-01-29T21:37:39.734+0300][116.269s][info ][gc] GC(3863) Pause Young (Normal) (G1 Evacuation Pause) 67M->63M(256M) 17.786ms
[2020-01-29T21:37:39.798+0300][116.333s][info ][gc] GC(3864) Pause Young (Normal) (G1 Evacuation Pause) 115M->115M(256M) 43.217ms
[2020-01-29T21:37:39.800+0300][116.335s][info ][gc] GC(3862) Pause Cleanup 119M->119M(256M) 0.037ms
[2020-01-29T21:37:39.800+0300][116.335s][info ][gc] GC(3862) Concurrent Cycle 96.769ms
[2020-01-29T21:37:39.855+0300][116.390s][info ][gc] GC(3865) Pause Young (Normal) (G1 Evacuation Pause) 150M->151M(256M) 42.774ms
[2020-01-29T21:37:39.872+0300][116.407s][info ][gc] GC(3866) Pause Young (Concurrent Start) (G1 Humongous Allocation) 152M->154M(256M) 5.469ms
[2020-01-29T21:37:39.872+0300][116.407s][info ][gc] GC(3867) Concurrent Cycle
[2020-01-29T21:37:39.880+0300][116.415s][debug][gc] GC(3867) Reclaimed 137 empty regions
[2020-01-29T21:37:39.880+0300][116.415s][info ][gc] GC(3867) Pause Remark 191M->54M(256M) 0.664ms
[2020-01-29T21:37:39.899+0300][116.433s][info ][gc] GC(3868) Pause Young (Normal) (G1 Evacuation Pause) 60M->59M(256M) 15.633ms
[2020-01-29T21:37:39.914+0300][116.448s][info ][gc] GC(3867) Pause Cleanup 97M->97M(256M) 0.038ms
[2020-01-29T21:37:39.914+0300][116.449s][info ][gc] GC(3867) Concurrent Cycle 41.666ms
[2020-01-29T21:37:39.959+0300][116.494s][info ][gc] GC(3869) Pause Young (Normal) (G1 Evacuation Pause) 112M->112M(256M) 39.553ms
[2020-01-29T21:37:40.001+0300][116.536s][info ][gc] GC(3870) Pause Young (Concurrent Start) (G1 Evacuation Pause) 148M->149M(256M) 26.872ms
[2020-01-29T21:37:40.001+0300][116.536s][info ][gc] GC(3871) Concurrent Cycle
[2020-01-29T21:37:40.043+0300][116.579s][info ][gc] GC(3872) Pause Young (Normal) (G1 Evacuation Pause) 194M->195M(256M) 19.380ms
[2020-01-29T21:37:40.057+0300][116.592s][info ][gc] GC(3873) Pause Young (Normal) (G1 Evacuation Pause) 205M->206M(256M) 9.119ms
[2020-01-29T21:37:40.070+0300][116.605s][info ][gc] GC(3874) Pause Young (Normal) (G1 Evacuation Pause) 216M->217M(256M) 8.833ms
[2020-01-29T21:37:40.082+0300][116.617s][info ][gc] GC(3875) Pause Young (Normal) (G1 Evacuation Pause) 227M->228M(256M) 7.596ms
[2020-01-29T21:37:40.093+0300][116.628s][info ][gc] GC(3876) Pause Young (Normal) (G1 Evacuation Pause) 238M->239M(256M) 6.850ms
[2020-01-29T21:37:40.112+0300][116.647s][info ][gc] GC(3877) To-space exhausted
[2020-01-29T21:37:40.112+0300][116.647s][info ][gc] GC(3877) Pause Young (Normal) (G1 Evacuation Pause) 249M->251M(256M) 14.471ms
[2020-01-29T21:37:40.127+0300][116.662s][info ][gc] GC(3878) To-space exhausted
[2020-01-29T21:37:40.127+0300][116.662s][info ][gc] GC(3878) Pause Young (Normal) (G1 Evacuation Pause) 255M->255M(256M) 13.358ms
[2020-01-29T21:37:40.127+0300][116.662s][debug][gc] GC(3879) Clear Next Bitmap 0.075ms
[2020-01-29T21:37:40.181+0300][116.716s][info ][gc] GC(3879) Pause Full (G1 Evacuation Pause) 255M->97M(256M) 54.325ms
[2020-01-29T21:37:40.182+0300][116.717s][info ][gc] GC(3871) Concurrent Cycle 180.274ms
[2020-01-29T21:37:40.229+0300][116.764s][info ][gc] GC(3880) Pause Young (Concurrent Start) (G1 Humongous Allocation) 136M->136M(256M) 21.211ms
[2020-01-29T21:37:40.229+0300][116.764s][info ][gc] GC(3881) Concurrent Cycle
[2020-01-29T21:37:40.270+0300][116.805s][info ][gc] GC(3882) Pause Young (Normal) (G1 Evacuation Pause) 184M->185M(256M) 20.514ms
[2020-01-29T21:37:40.275+0300][116.810s][debug][gc] GC(3881) Reclaimed 97 empty regions
[2020-01-29T21:37:40.275+0300][116.810s][info ][gc] GC(3881) Pause Remark 195M->100M(256M) 0.639ms
[2020-01-29T21:37:40.288+0300][116.823s][info ][gc] GC(3883) Pause Young (Normal) (G1 Evacuation Pause) 103M->104M(256M) 11.306ms
[2020-01-29T21:37:40.331+0300][116.867s][info ][gc] GC(3884) Pause Young (Normal) (G1 Evacuation Pause) 143M->144M(256M) 28.763ms
[2020-01-29T21:37:40.373+0300][116.909s][info ][gc] GC(3885) Pause Young (Normal) (G1 Evacuation Pause) 170M->171M(256M) 30.724ms
[2020-01-29T21:37:40.420+0300][116.955s][info ][gc] GC(3886) Pause Young (Normal) (G1 Evacuation Pause) 209M->210M(256M) 27.644ms
[2020-01-29T21:37:40.445+0300][116.981s][info ][gc] GC(3887) Pause Young (Normal) (G1 Evacuation Pause) 219M->220M(256M) 21.426ms
[2020-01-29T21:37:40.472+0300][117.008s][info ][gc] GC(3888) Pause Young (Normal) (G1 Evacuation Pause) 230M->231M(256M) 22.666ms
[2020-01-29T21:37:40.502+0300][117.037s][info ][gc] GC(3889) Pause Young (Normal) (G1 Evacuation Pause) 241M->241M(256M) 24.767ms
[2020-01-29T21:37:40.503+0300][117.038s][info ][gc] GC(3881) Pause Cleanup 244M->244M(256M) 0.039ms
[2020-01-29T21:37:40.503+0300][117.038s][info ][gc] GC(3881) Concurrent Cycle 274.485ms
[2020-01-29T21:37:40.539+0300][117.075s][info ][gc] GC(3890) To-space exhausted
[2020-01-29T21:37:40.539+0300][117.075s][info ][gc] GC(3890) Pause Young (Normal) (G1 Evacuation Pause) 251M->254M(256M) 33.436ms
[2020-01-29T21:37:40.547+0300][117.083s][info ][gc] GC(3891) To-space exhausted
[2020-01-29T21:37:40.547+0300][117.083s][info ][gc] GC(3891) Pause Young (Concurrent Start) (G1 Evacuation Pause) 255M->255M(256M) 7.937ms
[2020-01-29T21:37:40.547+0300][117.083s][info ][gc] GC(3893) Concurrent Cycle
[2020-01-29T21:37:40.548+0300][117.083s][debug][gc] GC(3892) Clear Next Bitmap 0.072ms
[2020-01-29T21:37:40.584+0300][117.119s][info ][gc] GC(3892) Pause Full (G1 Evacuation Pause) 255M->71M(256M) 35.987ms
[2020-01-29T21:37:40.584+0300][117.119s][info ][gc] GC(3893) Concurrent Cycle 36.323ms
[2020-01-29T21:37:40.636+0300][117.171s][info ][gc] GC(3894) Pause Young (Normal) (G1 Evacuation Pause) 127M->127M(256M) 30.057ms
[2020-01-29T21:37:40.664+0300][117.198s][info ][gc] GC(3895) Pause Young (Concurrent Start) (G1 Humongous Allocation) 137M->138M(256M) 12.016ms
[2020-01-29T21:37:40.664+0300][117.198s][info ][gc] GC(3896) Concurrent Cycle
[2020-01-29T21:37:40.699+0300][117.235s][info ][gc] GC(3897) Pause Young (Normal) (G1 Evacuation Pause) 186M->187M(256M) 23.491ms
[2020-01-29T21:37:40.700+0300][117.236s][debug][gc] GC(3896) Reclaimed 118 empty regions
[2020-01-29T21:37:40.700+0300][117.236s][info ][gc] GC(3896) Pause Remark 187M->71M(256M) 0.717ms
[2020-01-29T21:37:40.716+0300][117.252s][info ][gc] GC(3898) Pause Young (Normal) (G1 Evacuation Pause) 82M->83M(256M) 10.833ms
[2020-01-29T21:37:40.769+0300][117.305s][info ][gc] GC(3899) Pause Young (Normal) (G1 Evacuation Pause) 128M->129M(256M) 35.113ms
[2020-01-29T21:37:40.833+0300][117.369s][info ][gc] GC(3900) Pause Young (Normal) (G1 Evacuation Pause) 180M->181M(256M) 40.429ms
[2020-01-29T21:37:40.835+0300][117.371s][info ][gc] GC(3896) Pause Cleanup 185M->185M(256M) 0.048ms
[2020-01-29T21:37:40.836+0300][117.371s][info ][gc] GC(3896) Concurrent Cycle 172.346ms
[2020-01-29T21:37:40.871+0300][117.406s][info ][gc] GC(3901) Pause Young (Normal) (G1 Evacuation Pause) 196M->197M(256M) 30.468ms
[2020-01-29T21:37:40.884+0300][117.419s][info ][gc] GC(3902) Pause Young (Concurrent Start) (G1 Evacuation Pause) 207M->208M(256M) 8.743ms
[2020-01-29T21:37:40.884+0300][117.419s][info ][gc] GC(3903) Concurrent Cycle
[2020-01-29T21:37:40.899+0300][117.434s][info ][gc] GC(3904) Pause Young (Normal) (G1 Evacuation Pause) 218M->219M(256M) 8.047ms
[2020-01-29T21:37:40.912+0300][117.447s][info ][gc] GC(3905) Pause Young (Normal) (G1 Evacuation Pause) 229M->229M(256M) 8.040ms
[2020-01-29T21:37:40.925+0300][117.460s][info ][gc] GC(3906) Pause Young (Normal) (G1 Evacuation Pause) 239M->240M(256M) 8.025ms
[2020-01-29T21:37:40.946+0300][117.481s][info ][gc] GC(3907) To-space exhausted
[2020-01-29T21:37:40.946+0300][117.481s][info ][gc] GC(3907) Pause Young (Normal) (G1 Evacuation Pause) 250M->253M(256M) 16.678ms
[2020-01-29T21:37:40.956+0300][117.491s][info ][gc] GC(3908) To-space exhausted
[2020-01-29T21:37:40.957+0300][117.492s][info ][gc] GC(3908) Pause Young (Normal) (G1 Evacuation Pause) 255M->255M(256M) 9.349ms
[2020-01-29T21:37:40.957+0300][117.492s][debug][gc] GC(3909) Clear Next Bitmap 0.088ms
[2020-01-29T21:37:41.006+0300][117.541s][info ][gc] GC(3909) Pause Full (G1 Evacuation Pause) 255M->89M(256M) 49.201ms
[2020-01-29T21:37:41.006+0300][117.541s][info ][gc] GC(3903) Concurrent Cycle 122.040ms
[2020-01-29T21:37:41.047+0300][117.582s][info ][gc] GC(3910) Pause Young (Normal) (G1 Evacuation Pause) 132M->132M(256M) 23.869ms
[2020-01-29T21:37:41.066+0300][117.602s][info ][gc] GC(3911) Pause Young (Concurrent Start) (G1 Humongous Allocation) 136M->137M(256M) 7.257ms
[2020-01-29T21:37:41.066+0300][117.602s][info ][gc] GC(3912) Concurrent Cycle
[2020-01-29T21:37:41.076+0300][117.611s][debug][gc] GC(3912) Reclaimed 124 empty regions
[2020-01-29T21:37:41.076+0300][117.611s][info ][gc] GC(3912) Pause Remark 177M->56M(256M) 0.666ms
[2020-01-29T21:37:41.097+0300][117.632s][info ][gc] GC(3913) Pause Young (Normal) (G1 Evacuation Pause) 63M->60M(256M) 17.752ms
[2020-01-29T21:37:41.112+0300][117.647s][info ][gc] GC(3912) Pause Cleanup 98M->98M(256M) 0.035ms
[2020-01-29T21:37:41.112+0300][117.648s][info ][gc] GC(3912) Concurrent Cycle 46.004ms
[2020-01-29T21:37:41.158+0300][117.693s][info ][gc] GC(3914) Pause Young (Normal) (G1 Evacuation Pause) 113M->113M(256M) 39.922ms
[2020-01-29T21:37:41.206+0300][117.741s][info ][gc] GC(3915) Pause Young (Concurrent Start) (G1 Humongous Allocation) 147M->148M(256M) 23.176ms
[2020-01-29T21:37:41.206+0300][117.741s][info ][gc] GC(3916) Concurrent Cycle
[2020-01-29T21:37:41.246+0300][117.781s][info ][gc] GC(3917) Pause Young (Normal) (G1 Evacuation Pause) 193M->194M(256M) 18.846ms
[2020-01-29T21:37:41.251+0300][117.786s][debug][gc] GC(3916) Reclaimed 100 empty regions
[2020-01-29T21:37:41.251+0300][117.786s][info ][gc] GC(3916) Pause Remark 204M->104M(256M) 0.792ms
[2020-01-29T21:37:41.263+0300][117.798s][info ][gc] GC(3918) Pause Young (Normal) (G1 Evacuation Pause) 104M->105M(256M) 11.614ms
[2020-01-29T21:37:41.305+0300][117.840s][info ][gc] GC(3919) Pause Young (Normal) (G1 Evacuation Pause) 143M->144M(256M) 26.732ms
[2020-01-29T21:37:41.347+0300][117.882s][info ][gc] GC(3920) Pause Young (Normal) (G1 Evacuation Pause) 170M->170M(256M) 32.025ms
[2020-01-29T21:37:41.399+0300][117.934s][info ][gc] GC(3921) Pause Young (Normal) (G1 Evacuation Pause) 208M->209M(256M) 32.077ms
[2020-01-29T21:37:41.429+0300][117.964s][info ][gc] GC(3922) Pause Young (Normal) (G1 Evacuation Pause) 218M->219M(256M) 26.002ms
[2020-01-29T21:37:41.460+0300][117.995s][info ][gc] GC(3923) Pause Young (Normal) (G1 Evacuation Pause) 229M->230M(256M) 26.540ms
[2020-01-29T21:37:41.492+0300][118.028s][info ][gc] GC(3924) Pause Young (Normal) (G1 Evacuation Pause) 240M->241M(256M) 27.880ms
[2020-01-29T21:37:41.536+0300][118.071s][info ][gc] GC(3925) To-space exhausted
[2020-01-29T21:37:41.536+0300][118.071s][info ][gc] GC(3925) Pause Young (Normal) (G1 Evacuation Pause) 251M->254M(256M) 38.742ms
[2020-01-29T21:37:41.565+0300][118.100s][info ][gc] GC(3926) To-space exhausted
[2020-01-29T21:37:41.565+0300][118.100s][info ][gc] GC(3926) Pause Young (Normal) (G1 Evacuation Pause) 255M->255M(256M) 28.663ms
[2020-01-29T21:37:41.565+0300][118.101s][debug][gc] GC(3927) Clear Next Bitmap 0.073ms
[2020-01-29T21:37:41.599+0300][118.134s][info ][gc] GC(3927) Pause Full (G1 Evacuation Pause) 255M->64M(256M) 33.656ms
[2020-01-29T21:37:41.599+0300][118.134s][info ][gc] GC(3916) Concurrent Cycle 393.760ms
[2020-01-29T21:37:41.648+0300][118.183s][info ][gc] GC(3928) Pause Young (Normal) (G1 Evacuation Pause) 115M->114M(256M) 28.520ms
[2020-01-29T21:37:41.687+0300][118.222s][info ][gc] GC(3929) Pause Young (Concurrent Start) (G1 Humongous Allocation) 137M->138M(256M) 17.920ms
[2020-01-29T21:37:41.687+0300][118.222s][info ][gc] GC(3930) Concurrent Cycle
[2020-01-29T21:37:41.722+0300][118.257s][info ][gc] GC(3931) Pause Young (Normal) (G1 Evacuation Pause) 185M->186M(256M) 20.203ms
[2020-01-29T21:37:41.727+0300][118.262s][debug][gc] GC(3930) Reclaimed 106 empty regions
[2020-01-29T21:37:41.727+0300][118.262s][info ][gc] GC(3930) Pause Remark 194M->91M(256M) 0.648ms
[2020-01-29T21:37:41.739+0300][118.274s][info ][gc] GC(3932) Pause Young (Normal) (G1 Evacuation Pause) 94M->95M(256M) 10.690ms
[2020-01-29T21:37:41.786+0300][118.321s][info ][gc] GC(3933) Pause Young (Normal) (G1 Evacuation Pause) 136M->137M(256M) 30.099ms
[2020-01-29T21:37:41.833+0300][118.369s][info ][gc] GC(3934) Pause Young (Normal) (G1 Evacuation Pause) 165M->166M(256M) 36.197ms
[2020-01-29T21:37:41.889+0300][118.425s][info ][gc] GC(3935) Pause Young (Normal) (G1 Evacuation Pause) 205M->206M(256M) 36.546ms
[2020-01-29T21:37:41.921+0300][118.457s][info ][gc] GC(3936) Pause Young (Normal) (G1 Evacuation Pause) 215M->216M(256M) 27.919ms
[2020-01-29T21:37:41.925+0300][118.461s][info ][gc] GC(3930) Pause Cleanup 223M->223M(256M) 0.046ms
[2020-01-29T21:37:41.925+0300][118.461s][info ][gc] GC(3930) Concurrent Cycle 239.068ms
[2020-01-29T21:37:41.950+0300][118.486s][info ][gc] GC(3937) Pause Young (Normal) (G1 Evacuation Pause) 226M->227M(256M) 23.722ms
[2020-01-29T21:37:41.965+0300][118.501s][info ][gc] GC(3938) Pause Young (Concurrent Start) (G1 Evacuation Pause) 237M->238M(256M) 10.838ms
[2020-01-29T21:37:41.965+0300][118.501s][info ][gc] GC(3939) Concurrent Cycle
[2020-01-29T21:37:41.986+0300][118.522s][info ][gc] GC(3940) To-space exhausted
[2020-01-29T21:37:41.986+0300][118.522s][info ][gc] GC(3940) Pause Young (Normal) (G1 Evacuation Pause) 248M->251M(256M) 14.420ms
[2020-01-29T21:37:42.001+0300][118.536s][info ][gc] GC(3941) To-space exhausted
[2020-01-29T21:37:42.001+0300][118.536s][info ][gc] GC(3941) Pause Young (Normal) (G1 Evacuation Pause) 255M->255M(256M) 12.814ms
[2020-01-29T21:37:42.001+0300][118.536s][debug][gc] GC(3942) Clear Next Bitmap 0.085ms
[2020-01-29T21:37:42.043+0300][118.578s][info ][gc] GC(3942) Pause Full (G1 Evacuation Pause) 255M->76M(256M) 41.607ms
[2020-01-29T21:37:42.043+0300][118.578s][info ][gc] GC(3939) Concurrent Cycle 77.341ms
[2020-01-29T21:37:42.087+0300][118.622s][info ][gc] GC(3943) Pause Young (Normal) (G1 Evacuation Pause) 123M->124M(256M) 25.410ms
[2020-01-29T21:37:42.114+0300][118.649s][info ][gc] GC(3944) Pause Young (Concurrent Start) (G1 Humongous Allocation) 137M->137M(256M) 11.858ms
[2020-01-29T21:37:42.115+0300][118.649s][info ][gc] GC(3945) Concurrent Cycle
[2020-01-29T21:37:42.148+0300][118.682s][info ][gc] GC(3946) Pause Young (Normal) (G1 Evacuation Pause) 185M->186M(256M) 20.615ms
[2020-01-29T21:37:42.150+0300][118.685s][debug][gc] GC(3945) Reclaimed 116 empty regions
[2020-01-29T21:37:42.150+0300][118.685s][info ][gc] GC(3945) Pause Remark 188M->74M(256M) 0.819ms
[2020-01-29T21:37:42.165+0300][118.699s][info ][gc] GC(3947) Pause Young (Normal) (G1 Evacuation Pause) 84M->85M(256M) 10.444ms
[2020-01-29T21:37:42.216+0300][118.751s][info ][gc] GC(3948) Pause Young (Normal) (G1 Evacuation Pause) 130M->130M(256M) 33.291ms
[2020-01-29T21:37:42.281+0300][118.816s][info ][gc] GC(3949) Pause Young (Normal) (G1 Evacuation Pause) 180M->181M(256M) 40.020ms
[2020-01-29T21:37:42.282+0300][118.817s][info ][gc] GC(3945) Pause Cleanup 184M->184M(256M) 0.045ms
[2020-01-29T21:37:42.282+0300][118.818s][info ][gc] GC(3945) Concurrent Cycle 168.179ms
[2020-01-29T21:37:42.315+0300][118.851s][info ][gc] GC(3950) Pause Young (Normal) (G1 Evacuation Pause) 196M->197M(256M) 28.011ms
[2020-01-29T21:37:42.328+0300][118.864s][info ][gc] GC(3951) Pause Young (Concurrent Start) (G1 Evacuation Pause) 207M->208M(256M) 8.676ms
[2020-01-29T21:37:42.328+0300][118.864s][info ][gc] GC(3952) Concurrent Cycle
[2020-01-29T21:37:42.344+0300][118.879s][info ][gc] GC(3953) Pause Young (Normal) (G1 Evacuation Pause) 218M->219M(256M) 8.105ms
[2020-01-29T21:37:42.356+0300][118.891s][info ][gc] GC(3954) Pause Young (Normal) (G1 Evacuation Pause) 229M->230M(256M) 7.959ms
[2020-01-29T21:37:42.368+0300][118.903s][info ][gc] GC(3955) Pause Young (Normal) (G1 Evacuation Pause) 240M->240M(256M) 8.076ms
[2020-01-29T21:37:42.387+0300][118.923s][info ][gc] GC(3956) To-space exhausted
[2020-01-29T21:37:42.387+0300][118.923s][info ][gc] GC(3956) Pause Young (Normal) (G1 Evacuation Pause) 250M->253M(256M) 16.078ms
[2020-01-29T21:37:42.398+0300][118.933s][info ][gc] GC(3957) To-space exhausted
[2020-01-29T21:37:42.398+0300][118.933s][info ][gc] GC(3957) Pause Young (Normal) (G1 Evacuation Pause) 255M->255M(256M) 9.409ms
[2020-01-29T21:37:42.398+0300][118.933s][debug][gc] GC(3958) Clear Next Bitmap 0.082ms
[2020-01-29T21:37:42.448+0300][118.984s][info ][gc] GC(3958) Pause Full (G1 Evacuation Pause) 255M->88M(256M) 50.391ms
[2020-01-29T21:37:42.448+0300][118.984s][info ][gc] GC(3952) Concurrent Cycle 120.425ms
[2020-01-29T21:37:42.490+0300][119.025s][info ][gc] GC(3959) Pause Young (Normal) (G1 Evacuation Pause) 132M->132M(256M) 23.920ms
[2020-01-29T21:37:42.509+0300][119.044s][info ][gc] GC(3960) Pause Young (Concurrent Start) (G1 Humongous Allocation) 136M->137M(256M) 7.266ms
[2020-01-29T21:37:42.509+0300][119.044s][info ][gc] GC(3961) Concurrent Cycle
[2020-01-29T21:37:42.518+0300][119.054s][debug][gc] GC(3961) Reclaimed 124 empty regions
[2020-01-29T21:37:42.518+0300][119.054s][info ][gc] GC(3961) Pause Remark 178M->55M(256M) 0.641ms
[2020-01-29T21:37:42.539+0300][119.075s][info ][gc] GC(3962) Pause Young (Normal) (G1 Evacuation Pause) 62M->59M(256M) 17.678ms
[2020-01-29T21:37:42.554+0300][119.089s][info ][gc] GC(3961) Pause Cleanup 94M->94M(256M) 0.034ms
[2020-01-29T21:37:42.554+0300][119.089s][info ][gc] GC(3961) Concurrent Cycle 44.981ms
[2020-01-29T21:37:42.601+0300][119.136s][info ][gc] GC(3963) Pause Young (Normal) (G1 Evacuation Pause) 112M->113M(256M) 39.502ms
[2020-01-29T21:37:42.648+0300][119.183s][info ][gc] GC(3964) Pause Young (Concurrent Start) (G1 Humongous Allocation) 147M->148M(256M) 23.234ms
[2020-01-29T21:37:42.648+0300][119.183s][info ][gc] GC(3965) Concurrent Cycle
[2020-01-29T21:37:42.689+0300][119.224s][info ][gc] GC(3966) Pause Young (Normal) (G1 Evacuation Pause) 193M->193M(256M) 18.682ms
[2020-01-29T21:37:42.693+0300][119.228s][debug][gc] GC(3965) Reclaimed 102 empty regions
[2020-01-29T21:37:42.693+0300][119.228s][info ][gc] GC(3965) Pause Remark 202M->100M(256M) 0.652ms
[2020-01-29T21:37:42.705+0300][119.239s][info ][gc] GC(3967) Pause Young (Normal) (G1 Evacuation Pause) 102M->104M(256M) 10.364ms
[2020-01-29T21:37:42.749+0300][119.283s][info ][gc] GC(3968) Pause Young (Normal) (G1 Evacuation Pause) 143M->144M(256M) 27.082ms
[2020-01-29T21:37:42.792+0300][119.328s][info ][gc] GC(3969) Pause Young (Normal) (G1 Evacuation Pause) 170M->171M(256M) 33.021ms
[2020-01-29T21:37:42.842+0300][119.377s][info ][gc] GC(3970) Pause Young (Normal) (G1 Evacuation Pause) 209M->210M(256M) 30.638ms
[2020-01-29T21:37:42.870+0300][119.406s][info ][gc] GC(3971) Pause Young (Normal) (G1 Evacuation Pause) 219M->219M(256M) 24.542ms
[2020-01-29T21:37:42.901+0300][119.436s][info ][gc] GC(3972) Pause Young (Normal) (G1 Evacuation Pause) 229M->230M(256M) 25.256ms
[2020-01-29T21:37:42.932+0300][119.468s][info ][gc] GC(3973) Pause Young (Normal) (G1 Evacuation Pause) 240M->241M(256M) 26.842ms
[2020-01-29T21:37:42.973+0300][119.509s][info ][gc] GC(3974) To-space exhausted
[2020-01-29T21:37:42.973+0300][119.509s][info ][gc] GC(3974) Pause Young (Normal) (G1 Evacuation Pause) 251M->254M(256M) 36.674ms
[2020-01-29T21:37:42.974+0300][119.509s][info ][gc] GC(3965) Pause Cleanup 255M->255M(256M) 0.043ms
[2020-01-29T21:37:42.974+0300][119.509s][info ][gc] GC(3965) Concurrent Cycle 326.461ms
[2020-01-29T21:37:43.008+0300][119.544s][info ][gc] GC(3975) To-space exhausted
[2020-01-29T21:37:43.008+0300][119.544s][info ][gc] GC(3975) Pause Young (Normal) (G1 Evacuation Pause) 255M->255M(256M) 34.129ms
[2020-01-29T21:37:43.048+0300][119.583s][info ][gc] GC(3976) Pause Full (G1 Evacuation Pause) 255M->65M(256M) 38.730ms
[2020-01-29T21:37:43.105+0300][119.640s][info ][gc] GC(3977) Pause Young (Concurrent Start) (G1 Evacuation Pause) 121M->121M(256M) 34.900ms
[2020-01-29T21:37:43.105+0300][119.640s][info ][gc] GC(3978) Concurrent Cycle
[2020-01-29T21:37:43.159+0300][119.695s][info ][gc] GC(3979) Pause Young (Normal) (G1 Evacuation Pause) 176M->177M(256M) 24.898ms
[2020-01-29T21:37:43.181+0300][119.716s][info ][gc] GC(3980) Pause Young (Normal) (G1 Evacuation Pause) 193M->194M(256M) 13.567ms
[2020-01-29T21:37:43.193+0300][119.728s][info ][gc] GC(3981) Pause Young (Normal) (G1 Evacuation Pause) 204M->205M(256M) 7.931ms
[2020-01-29T21:37:43.204+0300][119.740s][info ][gc] GC(3982) Pause Young (Normal) (G1 Evacuation Pause) 215M->216M(256M) 7.307ms
[2020-01-29T21:37:43.216+0300][119.751s][info ][gc] GC(3983) Pause Young (Normal) (G1 Evacuation Pause) 226M->227M(256M) 7.203ms
[2020-01-29T21:37:43.227+0300][119.763s][info ][gc] GC(3984) Pause Young (Normal) (G1 Evacuation Pause) 237M->237M(256M) 7.389ms
[2020-01-29T21:37:43.245+0300][119.781s][info ][gc] GC(3985) To-space exhausted
[2020-01-29T21:37:43.245+0300][119.781s][info ][gc] GC(3985) Pause Young (Normal) (G1 Evacuation Pause) 247M->250M(256M) 14.027ms
[2020-01-29T21:37:43.261+0300][119.796s][info ][gc] GC(3986) To-space exhausted
[2020-01-29T21:37:43.261+0300][119.796s][info ][gc] GC(3986) Pause Young (Normal) (G1 Evacuation Pause) 254M->254M(256M) 13.307ms
[2020-01-29T21:37:43.261+0300][119.796s][debug][gc] GC(3987) Clear Next Bitmap 0.057ms
[2020-01-29T21:37:43.324+0300][119.860s][info ][gc] GC(3987) Pause Full (G1 Evacuation Pause) 254M->111M(256M) 63.465ms
[2020-01-29T21:37:43.325+0300][119.860s][info ][gc] GC(3978) Concurrent Cycle 219.792ms
[2020-01-29T21:37:43.360+0300][119.895s][info ][gc] GC(3988) Pause Young (Concurrent Start) (G1 Humongous Allocation) 136M->136M(256M) 14.631ms
[2020-01-29T21:37:43.360+0300][119.895s][info ][gc] GC(3989) Concurrent Cycle
[2020-01-29T21:37:43.394+0300][119.929s][info ][gc] GC(3990) Pause Young (Normal) (G1 Evacuation Pause) 185M->187M(256M) 20.213ms
[2020-01-29T21:37:43.399+0300][119.934s][debug][gc] GC(3989) Reclaimed 107 empty regions
[2020-01-29T21:37:43.399+0300][119.934s][info ][gc] GC(3989) Pause Remark 196M->90M(256M) 0.639ms
[2020-01-29T21:37:43.412+0300][119.947s][info ][gc] GC(3991) Pause Young (Normal) (G1 Evacuation Pause) 93M->94M(256M) 11.847ms
[2020-01-29T21:37:43.462+0300][119.997s][info ][gc] GC(3992) Pause Young (Normal) (G1 Evacuation Pause) 139M->140M(256M) 31.531ms
[2020-01-29T21:37:43.510+0300][120.045s][info ][gc] GC(3993) Pause Young (Normal) (G1 Evacuation Pause) 167M->168M(256M) 37.328ms
[2020-01-29T21:37:43.562+0300][120.097s][info ][gc] GC(3994) Pause Young (Normal) (G1 Evacuation Pause) 207M->208M(256M) 32.663ms
[2020-01-29T21:37:43.564+0300][120.099s][info ][gc] GC(3989) Pause Cleanup 212M->212M(256M) 0.047ms
[2020-01-29T21:37:43.564+0300][120.099s][info ][gc] GC(3989) Concurrent Cycle 204.084ms
[2020-01-29T21:37:43.597+0300][120.132s][info ][gc] GC(3995) Pause Young (Normal) (G1 Evacuation Pause) 217M->218M(256M) 30.394ms
[2020-01-29T21:37:43.609+0300][120.144s][info ][gc] GC(3996) Pause Young (Concurrent Start) (G1 Evacuation Pause) 228M->229M(256M) 8.020ms
[2020-01-29T21:37:43.609+0300][120.144s][info ][gc] GC(3997) Concurrent Cycle
[2020-01-29T21:37:43.623+0300][120.159s][info ][gc] GC(3998) Pause Young (Normal) (G1 Evacuation Pause) 239M->240M(256M) 8.073ms
[2020-01-29T21:37:43.645+0300][120.180s][info ][gc] GC(3999) To-space exhausted
[2020-01-29T21:37:43.645+0300][120.180s][info ][gc] GC(3999) Pause Young (Normal) (G1 Evacuation Pause) 250M->254M(256M) 16.707ms
[2020-01-29T21:37:43.652+0300][120.187s][info ][gc] GC(4000) To-space exhausted
[2020-01-29T21:37:43.652+0300][120.188s][info ][gc] GC(4000) Pause Young (Normal) (G1 Evacuation Pause) 255M->255M(256M) 7.008ms
[2020-01-29T21:37:43.652+0300][120.188s][debug][gc] GC(4001) Clear Next Bitmap 0.066ms
[2020-01-29T21:37:43.694+0300][120.230s][info ][gc] GC(4001) Pause Full (G1 Evacuation Pause) 255M->80M(256M) 41.926ms
[2020-01-29T21:37:43.695+0300][120.230s][info ][gc] GC(3997) Concurrent Cycle 85.559ms
[2020-01-29T21:37:43.742+0300][120.277s][info ][gc] GC(4002) Pause Young (Normal) (G1 Evacuation Pause) 127M->126M(256M) 26.603ms
[2020-01-29T21:37:43.770+0300][120.305s][info ][gc] GC(4003) Pause Young (Concurrent Start) (G1 Humongous Allocation) 137M->137M(256M) 12.070ms
[2020-01-29T21:37:43.770+0300][120.305s][info ][gc] GC(4004) Concurrent Cycle
[2020-01-29T21:37:43.784+0300][120.319s][debug][gc] GC(4004) Reclaimed 118 empty regions
[2020-01-29T21:37:43.784+0300][120.319s][info ][gc] GC(4004) Pause Remark 182M->66M(256M) 0.646ms
[2020-01-29T21:37:43.803+0300][120.338s][info ][gc] GC(4005) Pause Young (Normal) (G1 Evacuation Pause) 69M->65M(256M) 18.163ms
[2020-01-29T21:37:43.866+0300][120.400s][info ][gc] GC(4006) Pause Young (Normal) (G1 Evacuation Pause) 116M->117M(256M) 41.822ms
[2020-01-29T21:37:43.868+0300][120.403s][info ][gc] GC(4004) Pause Cleanup 123M->123M(256M) 0.044ms
[2020-01-29T21:37:43.868+0300][120.404s][info ][gc] GC(4004) Concurrent Cycle 98.839ms
[2020-01-29T21:37:43.923+0300][120.458s][info ][gc] GC(4007) Pause Young (Normal) (G1 Evacuation Pause) 152M->153M(256M) 43.053ms
[2020-01-29T21:37:43.939+0300][120.474s][info ][gc] GC(4008) Pause Young (Concurrent Start) (G1 Humongous Allocation) 154M->156M(256M) 5.250ms
[2020-01-29T21:37:43.939+0300][120.474s][info ][gc] GC(4009) Concurrent Cycle
[2020-01-29T21:37:43.947+0300][120.483s][debug][gc] GC(4009) Reclaimed 139 empty regions
[2020-01-29T21:37:43.947+0300][120.483s][info ][gc] GC(4009) Pause Remark 192M->53M(256M) 0.662ms
[2020-01-29T21:37:43.967+0300][120.502s][info ][gc] GC(4010) Pause Young (Normal) (G1 Evacuation Pause) 59M->59M(256M) 16.309ms
[2020-01-29T21:37:43.981+0300][120.517s][info ][gc] GC(4009) Pause Cleanup 79M->79M(256M) 0.063ms
[2020-01-29T21:37:43.982+0300][120.517s][info ][gc] GC(4009) Concurrent Cycle 42.915ms
[2020-01-29T21:37:44.033+0300][120.568s][info ][gc] GC(4011) Pause Young (Normal) (G1 Evacuation Pause) 112M->113M(256M) 37.399ms
[2020-01-29T21:37:44.071+0300][120.606s][info ][gc] GC(4012) Pause Young (Concurrent Start) (G1 Evacuation Pause) 149M->150M(256M) 23.429ms
[2020-01-29T21:37:44.071+0300][120.606s][info ][gc] GC(4013) Concurrent Cycle
[2020-01-29T21:37:44.112+0300][120.647s][info ][gc] GC(4014) Pause Young (Normal) (G1 Evacuation Pause) 194M->194M(256M) 18.407ms
[2020-01-29T21:37:44.125+0300][120.660s][info ][gc] GC(4015) Pause Young (Normal) (G1 Evacuation Pause) 204M->205M(256M) 9.000ms
[2020-01-29T21:37:44.138+0300][120.673s][info ][gc] GC(4016) Pause Young (Normal) (G1 Evacuation Pause) 215M->216M(256M) 7.912ms
[2020-01-29T21:37:44.150+0300][120.685s][info ][gc] GC(4017) Pause Young (Normal) (G1 Evacuation Pause) 226M->227M(256M) 8.063ms
[2020-01-29T21:37:44.164+0300][120.699s][info ][gc] GC(4018) Pause Young (Normal) (G1 Evacuation Pause) 237M->238M(256M) 9.143ms
[2020-01-29T21:37:44.183+0300][120.719s][info ][gc] GC(4019) To-space exhausted
[2020-01-29T21:37:44.183+0300][120.719s][info ][gc] GC(4019) Pause Young (Normal) (G1 Evacuation Pause) 248M->250M(256M) 16.041ms
[2020-01-29T21:37:44.202+0300][120.737s][info ][gc] GC(4020) To-space exhausted
[2020-01-29T21:37:44.202+0300][120.737s][info ][gc] GC(4020) Pause Young (Normal) (G1 Evacuation Pause) 255M->255M(256M) 16.097ms
[2020-01-29T21:37:44.202+0300][120.737s][debug][gc] GC(4021) Clear Next Bitmap 0.074ms
[2020-01-29T21:37:44.256+0300][120.792s][info ][gc] GC(4021) Pause Full (G1 Evacuation Pause) 255M->96M(256M) 54.497ms
[2020-01-29T21:37:44.257+0300][120.792s][info ][gc] GC(4013) Concurrent Cycle 186.060ms
[2020-01-29T21:37:44.305+0300][120.840s][info ][gc] GC(4022) Pause Young (Concurrent Start) (G1 Humongous Allocation) 136M->136M(256M) 22.282ms
[2020-01-29T21:37:44.305+0300][120.840s][info ][gc] GC(4023) Concurrent Cycle
[2020-01-29T21:37:44.346+0300][120.882s][info ][gc] GC(4024) Pause Young (Normal) (G1 Evacuation Pause) 184M->186M(256M) 20.336ms
[2020-01-29T21:37:44.351+0300][120.886s][debug][gc] GC(4023) Reclaimed 95 empty regions
[2020-01-29T21:37:44.351+0300][120.886s][info ][gc] GC(4023) Pause Remark 195M->102M(256M) 0.638ms
[2020-01-29T21:37:44.364+0300][120.899s][info ][gc] GC(4025) Pause Young (Normal) (G1 Evacuation Pause) 106M->107M(256M) 11.573ms
[2020-01-29T21:37:44.407+0300][120.943s][info ][gc] GC(4026) Pause Young (Normal) (G1 Evacuation Pause) 145M->145M(256M) 28.254ms
[2020-01-29T21:37:44.451+0300][120.986s][info ][gc] GC(4027) Pause Young (Normal) (G1 Evacuation Pause) 171M->172M(256M) 32.886ms
[2020-01-29T21:37:44.500+0300][121.035s][info ][gc] GC(4028) Pause Young (Normal) (G1 Evacuation Pause) 209M->210M(256M) 30.667ms
[2020-01-29T21:37:44.529+0300][121.064s][info ][gc] GC(4029) Pause Young (Normal) (G1 Evacuation Pause) 219M->220M(256M) 25.072ms
[2020-01-29T21:37:44.559+0300][121.095s][info ][gc] GC(4030) Pause Young (Normal) (G1 Evacuation Pause) 230M->230M(256M) 26.068ms
[2020-01-29T21:37:44.591+0300][121.126s][info ][gc] GC(4031) Pause Young (Normal) (G1 Evacuation Pause) 240M->241M(256M) 26.980ms
[2020-01-29T21:37:44.593+0300][121.128s][info ][gc] GC(4023) Pause Cleanup 245M->245M(256M) 0.042ms
[2020-01-29T21:37:44.593+0300][121.128s][info ][gc] GC(4023) Concurrent Cycle 288.115ms
[2020-01-29T21:37:44.629+0300][121.164s][info ][gc] GC(4032) To-space exhausted
[2020-01-29T21:37:44.629+0300][121.164s][info ][gc] GC(4032) Pause Young (Normal) (G1 Evacuation Pause) 251M->255M(256M) 33.591ms
[2020-01-29T21:37:44.663+0300][121.198s][info ][gc] GC(4033) Pause Full (G1 Evacuation Pause) 255M->68M(256M) 33.805ms
[2020-01-29T21:37:44.713+0300][121.248s][info ][gc] GC(4034) Pause Young (Concurrent Start) (G1 Evacuation Pause) 118M->118M(256M) 30.193ms
[2020-01-29T21:37:44.713+0300][121.248s][info ][gc] GC(4035) Concurrent Cycle
[2020-01-29T21:37:44.763+0300][121.299s][info ][gc] GC(4036) Pause Young (Normal) (G1 Evacuation Pause) 172M->173M(256M) 24.118ms
[2020-01-29T21:37:44.785+0300][121.320s][info ][gc] GC(4037) Pause Young (Normal) (G1 Evacuation Pause) 189M->190M(256M) 15.345ms
[2020-01-29T21:37:44.798+0300][121.333s][info ][gc] GC(4038) Pause Young (Normal) (G1 Evacuation Pause) 201M->202M(256M) 8.207ms
[2020-01-29T21:37:44.810+0300][121.345s][info ][gc] GC(4039) Pause Young (Normal) (G1 Evacuation Pause) 212M->213M(256M) 7.277ms
[2020-01-29T21:37:44.821+0300][121.356s][info ][gc] GC(4040) Pause Young (Normal) (G1 Evacuation Pause) 223M->223M(256M) 7.358ms
[2020-01-29T21:37:44.834+0300][121.369s][info ][gc] GC(4041) Pause Young (Normal) (G1 Evacuation Pause) 233M->235M(256M) 8.115ms
[2020-01-29T21:37:44.851+0300][121.386s][info ][gc] GC(4042) To-space exhausted
[2020-01-29T21:37:44.851+0300][121.386s][info ][gc] GC(4042) Pause Young (Normal) (G1 Evacuation Pause) 245M->248M(256M) 13.258ms
[2020-01-29T21:37:44.867+0300][121.402s][info ][gc] GC(4043) To-space exhausted
[2020-01-29T21:37:44.867+0300][121.402s][info ][gc] GC(4043) Pause Young (Normal) (G1 Evacuation Pause) 253M->253M(256M) 13.601ms
[2020-01-29T21:37:44.867+0300][121.402s][debug][gc] GC(4044) Clear Next Bitmap 0.073ms
[2020-01-29T21:37:44.926+0300][121.461s][info ][gc] GC(4044) Pause Full (G1 Evacuation Pause) 253M->108M(256M) 59.077ms
[2020-01-29T21:37:44.927+0300][121.461s][info ][gc] GC(4035) Concurrent Cycle 213.046ms
[2020-01-29T21:37:44.964+0300][121.500s][info ][gc] GC(4045) Pause Young (Concurrent Start) (G1 Humongous Allocation) 136M->136M(256M) 16.329ms
[2020-01-29T21:37:44.964+0300][121.500s][info ][gc] GC(4046) Concurrent Cycle
[2020-01-29T21:37:45.001+0300][121.537s][info ][gc] GC(4047) Pause Young (Normal) (G1 Evacuation Pause) 184M->185M(256M) 21.884ms
[2020-01-29T21:37:45.006+0300][121.541s][debug][gc] GC(4046) Reclaimed 107 empty regions
[2020-01-29T21:37:45.006+0300][121.542s][info ][gc] GC(4046) Pause Remark 194M->89M(256M) 0.642ms
[2020-01-29T21:37:45.020+0300][121.555s][info ][gc] GC(4048) Pause Young (Normal) (G1 Evacuation Pause) 93M->94M(256M) 11.627ms
[2020-01-29T21:37:45.068+0300][121.604s][info ][gc] GC(4049) Pause Young (Normal) (G1 Evacuation Pause) 137M->138M(256M) 31.468ms
[2020-01-29T21:37:45.116+0300][121.652s][info ][gc] GC(4050) Pause Young (Normal) (G1 Evacuation Pause) 166M->167M(256M) 36.317ms
[2020-01-29T21:37:45.170+0300][121.705s][info ][gc] GC(4051) Pause Young (Normal) (G1 Evacuation Pause) 206M->207M(256M) 35.477ms
[2020-01-29T21:37:45.207+0300][121.742s][info ][gc] GC(4052) Pause Young (Normal) (G1 Evacuation Pause) 216M->217M(256M) 32.077ms
[2020-01-29T21:37:45.209+0300][121.744s][info ][gc] GC(4046) Pause Cleanup 221M->221M(256M) 0.043ms
[2020-01-29T21:37:45.209+0300][121.744s][info ][gc] GC(4046) Concurrent Cycle 244.314ms
[2020-01-29T21:37:45.238+0300][121.773s][info ][gc] GC(4053) Pause Young (Normal) (G1 Evacuation Pause) 227M->228M(256M) 26.928ms
[2020-01-29T21:37:45.251+0300][121.786s][info ][gc] GC(4054) Pause Young (Concurrent Start) (G1 Evacuation Pause) 238M->239M(256M) 8.157ms
[2020-01-29T21:37:45.251+0300][121.786s][info ][gc] GC(4055) Concurrent Cycle
[2020-01-29T21:37:45.272+0300][121.807s][info ][gc] GC(4056) To-space exhausted
[2020-01-29T21:37:45.273+0300][121.807s][info ][gc] GC(4056) Pause Young (Normal) (G1 Evacuation Pause) 249M->251M(256M) 15.373ms
[2020-01-29T21:37:45.288+0300][121.823s][info ][gc] GC(4057) To-space exhausted
[2020-01-29T21:37:45.288+0300][121.823s][info ][gc] GC(4057) Pause Young (Normal) (G1 Evacuation Pause) 255M->255M(256M) 13.312ms
[2020-01-29T21:37:45.288+0300][121.823s][debug][gc] GC(4058) Clear Next Bitmap 0.068ms
[2020-01-29T21:37:45.332+0300][121.868s][info ][gc] GC(4058) Pause Full (G1 Evacuation Pause) 255M->80M(256M) 44.796ms
[2020-01-29T21:37:45.333+0300][121.868s][info ][gc] GC(4055) Concurrent Cycle 82.548ms
[2020-01-29T21:37:45.376+0300][121.912s][info ][gc] GC(4059) Pause Young (Normal) (G1 Evacuation Pause) 126M->126M(256M) 25.535ms
[2020-01-29T21:37:45.402+0300][121.937s][info ][gc] GC(4060) Pause Young (Concurrent Start) (G1 Humongous Allocation) 136M->137M(256M) 10.361ms
[2020-01-29T21:37:45.402+0300][121.937s][info ][gc] GC(4061) Concurrent Cycle
[2020-01-29T21:37:45.415+0300][121.950s][debug][gc] GC(4061) Reclaimed 118 empty regions
[2020-01-29T21:37:45.415+0300][121.950s][info ][gc] GC(4061) Pause Remark 185M->69M(256M) 0.786ms
[2020-01-29T21:37:45.436+0300][121.972s][info ][gc] GC(4062) Pause Young (Normal) (G1 Evacuation Pause) 69M->65M(256M) 21.014ms
[2020-01-29T21:37:45.502+0300][122.037s][info ][gc] GC(4063) Pause Young (Normal) (G1 Evacuation Pause) 117M->118M(256M) 44.417ms
[2020-01-29T21:37:45.505+0300][122.040s][info ][gc] GC(4061) Pause Cleanup 126M->126M(256M) 0.038ms
[2020-01-29T21:37:45.505+0300][122.040s][info ][gc] GC(4061) Concurrent Cycle 102.980ms
[2020-01-29T21:37:45.559+0300][122.094s][info ][gc] GC(4064) Pause Young (Normal) (G1 Evacuation Pause) 152M->153M(256M) 42.662ms
[2020-01-29T21:37:45.575+0300][122.110s][info ][gc] GC(4065) Pause Young (Concurrent Start) (G1 Humongous Allocation) 154M->156M(256M) 5.571ms
[2020-01-29T21:37:45.575+0300][122.110s][info ][gc] GC(4066) Concurrent Cycle
[2020-01-29T21:37:45.583+0300][122.118s][debug][gc] GC(4066) Reclaimed 144 empty regions
[2020-01-29T21:37:45.583+0300][122.118s][info ][gc] GC(4066) Pause Remark 192M->48M(256M) 0.641ms
[2020-01-29T21:37:45.600+0300][122.135s][info ][gc] GC(4067) Pause Young (Normal) (G1 Evacuation Pause) 54M->53M(256M) 14.722ms
[2020-01-29T21:37:45.615+0300][122.150s][info ][gc] GC(4066) Pause Cleanup 90M->90M(256M) 0.041ms
[2020-01-29T21:37:45.616+0300][122.150s][info ][gc] GC(4066) Concurrent Cycle 40.228ms
[2020-01-29T21:37:45.665+0300][122.200s][info ][gc] GC(4068) Pause Young (Normal) (G1 Evacuation Pause) 108M->109M(256M) 41.969ms
[2020-01-29T21:37:45.712+0300][122.248s][info ][gc] GC(4069) Pause Young (Concurrent Start) (G1 Evacuation Pause) 146M->147M(256M) 32.704ms
[2020-01-29T21:37:45.712+0300][122.248s][info ][gc] GC(4070) Concurrent Cycle
[2020-01-29T21:37:45.755+0300][122.291s][info ][gc] GC(4071) Pause Young (Normal) (G1 Evacuation Pause) 192M->193M(256M) 19.614ms
[2020-01-29T21:37:45.769+0300][122.304s][info ][gc] GC(4072) Pause Young (Normal) (G1 Evacuation Pause) 204M->205M(256M) 9.065ms
[2020-01-29T21:37:45.781+0300][122.316s][info ][gc] GC(4073) Pause Young (Normal) (G1 Evacuation Pause) 215M->216M(256M) 7.435ms
[2020-01-29T21:37:45.792+0300][122.328s][info ][gc] GC(4074) Pause Young (Normal) (G1 Evacuation Pause) 226M->227M(256M) 7.406ms
[2020-01-29T21:37:45.804+0300][122.339s][info ][gc] GC(4075) Pause Young (Normal) (G1 Evacuation Pause) 237M->238M(256M) 7.494ms
[2020-01-29T21:37:45.822+0300][122.357s][info ][gc] GC(4076) To-space exhausted
[2020-01-29T21:37:45.822+0300][122.357s][info ][gc] GC(4076) Pause Young (Normal) (G1 Evacuation Pause) 248M->251M(256M) 14.024ms
[2020-01-29T21:37:45.836+0300][122.372s][info ][gc] GC(4077) To-space exhausted
[2020-01-29T21:37:45.836+0300][122.372s][info ][gc] GC(4077) Pause Young (Normal) (G1 Evacuation Pause) 255M->255M(256M) 12.509ms
[2020-01-29T21:37:45.837+0300][122.372s][debug][gc] GC(4078) Clear Next Bitmap 0.084ms
[2020-01-29T21:37:45.891+0300][122.426s][info ][gc] GC(4078) Pause Full (G1 Evacuation Pause) 255M->100M(256M) 53.894ms
[2020-01-29T21:37:45.891+0300][122.426s][info ][gc] GC(4070) Concurrent Cycle 177.863ms
[2020-01-29T21:37:45.935+0300][122.471s][info ][gc] GC(4079) Pause Young (Concurrent Start) (G1 Humongous Allocation) 136M->136M(256M) 19.867ms
[2020-01-29T21:37:45.936+0300][122.471s][info ][gc] GC(4080) Concurrent Cycle
[2020-01-29T21:37:45.978+0300][122.513s][info ][gc] GC(4081) Pause Young (Normal) (G1 Evacuation Pause) 184M->185M(256M) 23.002ms
[2020-01-29T21:37:45.983+0300][122.518s][debug][gc] GC(4080) Reclaimed 98 empty regions
[2020-01-29T21:37:45.983+0300][122.518s][info ][gc] GC(4080) Pause Remark 195M->98M(256M) 1.168ms
[2020-01-29T21:37:45.999+0300][122.534s][info ][gc] GC(4082) Pause Young (Normal) (G1 Evacuation Pause) 101M->102M(256M) 14.302ms
[2020-01-29T21:37:46.045+0300][122.580s][info ][gc] GC(4083) Pause Young (Normal) (G1 Evacuation Pause) 142M->143M(256M) 30.068ms
[2020-01-29T21:37:46.088+0300][122.623s][info ][gc] GC(4084) Pause Young (Normal) (G1 Evacuation Pause) 169M->170M(256M) 33.236ms
[2020-01-29T21:37:46.139+0300][122.674s][info ][gc] GC(4085) Pause Young (Normal) (G1 Evacuation Pause) 208M->209M(256M) 32.435ms
[2020-01-29T21:37:46.171+0300][122.706s][info ][gc] GC(4086) Pause Young (Normal) (G1 Evacuation Pause) 218M->219M(256M) 27.204ms
[2020-01-29T21:37:46.203+0300][122.738s][info ][gc] GC(4087) Pause Young (Normal) (G1 Evacuation Pause) 229M->230M(256M) 28.021ms
[2020-01-29T21:37:46.206+0300][122.741s][info ][gc] GC(4080) Pause Cleanup 237M->237M(256M) 0.040ms
[2020-01-29T21:37:46.207+0300][122.741s][info ][gc] GC(4080) Concurrent Cycle 270.815ms
[2020-01-29T21:37:46.234+0300][122.769s][info ][gc] GC(4088) Pause Young (Normal) (G1 Evacuation Pause) 240M->241M(256M) 26.068ms
[2020-01-29T21:37:46.255+0300][122.791s][info ][gc] GC(4089) To-space exhausted
[2020-01-29T21:37:46.255+0300][122.791s][info ][gc] GC(4089) Pause Young (Concurrent Start) (G1 Evacuation Pause) 251M->254M(256M) 18.047ms
[2020-01-29T21:37:46.255+0300][122.791s][info ][gc] GC(4090) Concurrent Cycle
[2020-01-29T21:37:46.265+0300][122.801s][info ][gc] GC(4091) To-space exhausted
[2020-01-29T21:37:46.265+0300][122.801s][info ][gc] GC(4091) Pause Young (Normal) (G1 Evacuation Pause) 255M->255M(256M) 7.306ms
[2020-01-29T21:37:46.266+0300][122.801s][debug][gc] GC(4092) Clear Next Bitmap 0.076ms
[2020-01-29T21:37:46.304+0300][122.839s][info ][gc] GC(4092) Pause Full (G1 Evacuation Pause) 255M->71M(256M) 38.709ms
[2020-01-29T21:37:46.305+0300][122.840s][info ][gc] GC(4090) Concurrent Cycle 48.800ms
[2020-01-29T21:37:46.351+0300][122.886s][info ][gc] GC(4093) Pause Young (Normal) (G1 Evacuation Pause) 120M->120M(256M) 27.039ms
[2020-01-29T21:37:46.382+0300][122.916s][info ][gc] GC(4094) Pause Young (Concurrent Start) (G1 Humongous Allocation) 136M->137M(256M) 13.944ms
[2020-01-29T21:37:46.382+0300][122.916s][info ][gc] GC(4095) Concurrent Cycle
[2020-01-29T21:37:46.414+0300][122.949s][info ][gc] GC(4096) Pause Young (Normal) (G1 Evacuation Pause) 185M->186M(256M) 20.292ms
[2020-01-29T21:37:46.419+0300][122.954s][debug][gc] GC(4095) Reclaimed 109 empty regions
[2020-01-29T21:37:46.419+0300][122.954s][info ][gc] GC(4095) Pause Remark 195M->87M(256M) 0.646ms
[2020-01-29T21:37:46.431+0300][122.966s][info ][gc] GC(4097) Pause Young (Normal) (G1 Evacuation Pause) 91M->92M(256M) 11.004ms
[2020-01-29T21:37:46.477+0300][123.013s][info ][gc] GC(4098) Pause Young (Normal) (G1 Evacuation Pause) 134M->135M(256M) 29.621ms
[2020-01-29T21:37:46.527+0300][123.062s][info ][gc] GC(4099) Pause Young (Normal) (G1 Evacuation Pause) 164M->165M(256M) 38.397ms
[2020-01-29T21:37:46.579+0300][123.114s][info ][gc] GC(4100) Pause Young (Normal) (G1 Evacuation Pause) 205M->206M(256M) 32.970ms
[2020-01-29T21:37:46.611+0300][123.146s][info ][gc] GC(4101) Pause Young (Normal) (G1 Evacuation Pause) 214M->215M(256M) 28.046ms
[2020-01-29T21:37:46.612+0300][123.147s][info ][gc] GC(4095) Pause Cleanup 217M->217M(256M) 0.044ms
[2020-01-29T21:37:46.612+0300][123.147s][info ][gc] GC(4095) Concurrent Cycle 230.888ms
[2020-01-29T21:37:46.639+0300][123.174s][info ][gc] GC(4102) Pause Young (Normal) (G1 Evacuation Pause) 225M->226M(256M) 23.744ms
[2020-01-29T21:37:46.651+0300][123.186s][info ][gc] GC(4103) Pause Young (Concurrent Start) (G1 Evacuation Pause) 236M->236M(256M) 8.234ms
[2020-01-29T21:37:46.651+0300][123.186s][info ][gc] GC(4104) Concurrent Cycle
[2020-01-29T21:37:46.669+0300][123.204s][info ][gc] GC(4105) To-space exhausted
[2020-01-29T21:37:46.669+0300][123.204s][info ][gc] GC(4105) Pause Young (Normal) (G1 Evacuation Pause) 246M->251M(256M) 10.969ms
[2020-01-29T21:37:46.683+0300][123.218s][info ][gc] GC(4106) To-space exhausted
[2020-01-29T21:37:46.683+0300][123.218s][info ][gc] GC(4106) Pause Young (Normal) (G1 Evacuation Pause) 255M->255M(256M) 12.619ms
[2020-01-29T21:37:46.683+0300][123.218s][debug][gc] GC(4107) Clear Next Bitmap 0.087ms
[2020-01-29T21:37:46.727+0300][123.262s][info ][gc] GC(4107) Pause Full (G1 Evacuation Pause) 255M->80M(256M) 44.248ms
[2020-01-29T21:37:46.728+0300][123.263s][info ][gc] GC(4104) Concurrent Cycle 76.149ms
[2020-01-29T21:37:46.774+0300][123.309s][info ][gc] GC(4108) Pause Young (Normal) (G1 Evacuation Pause) 127M->127M(256M) 27.919ms
[2020-01-29T21:37:46.799+0300][123.333s][info ][gc] GC(4109) Pause Young (Concurrent Start) (G1 Humongous Allocation) 137M->137M(256M) 10.040ms
[2020-01-29T21:37:46.799+0300][123.333s][info ][gc] GC(4110) Concurrent Cycle
[2020-01-29T21:37:46.811+0300][123.347s][debug][gc] GC(4110) Reclaimed 107 empty regions
[2020-01-29T21:37:46.811+0300][123.347s][info ][gc] GC(4110) Pause Remark 184M->77M(256M) 0.648ms
[2020-01-29T21:37:46.831+0300][123.366s][info ][gc] GC(4111) Pause Young (Normal) (G1 Evacuation Pause) 78M->74M(256M) 18.826ms
[2020-01-29T21:37:46.892+0300][123.428s][info ][gc] GC(4112) Pause Young (Normal) (G1 Evacuation Pause) 122M->124M(256M) 41.892ms
[2020-01-29T21:37:46.896+0300][123.432s][info ][gc] GC(4110) Pause Cleanup 133M->133M(256M) 0.046ms
[2020-01-29T21:37:46.897+0300][123.432s][info ][gc] GC(4110) Concurrent Cycle 98.589ms
[2020-01-29T21:37:46.946+0300][123.481s][info ][gc] GC(4113) Pause Young (Normal) (G1 Evacuation Pause) 156M->157M(256M) 39.819ms
[2020-01-29T21:37:46.966+0300][123.502s][info ][gc] GC(4114) Pause Young (Concurrent Start) (G1 Humongous Allocation) 164M->165M(256M) 7.636ms
[2020-01-29T21:37:46.966+0300][123.502s][info ][gc] GC(4115) Concurrent Cycle
[2020-01-29T21:37:46.998+0300][123.533s][info ][gc] GC(4116) Pause Young (Normal) (G1 Evacuation Pause) 205M->206M(256M) 22.017ms
[2020-01-29T21:37:47.000+0300][123.535s][debug][gc] GC(4115) Reclaimed 134 empty regions
[2020-01-29T21:37:47.000+0300][123.535s][info ][gc] GC(4115) Pause Remark 208M->74M(256M) 0.909ms
[2020-01-29T21:37:47.012+0300][123.547s][info ][gc] GC(4117) Pause Young (Normal) (G1 Evacuation Pause) 81M->82M(256M) 8.330ms
[2020-01-29T21:37:47.064+0300][123.599s][info ][gc] GC(4118) Pause Young (Normal) (G1 Evacuation Pause) 127M->128M(256M) 33.852ms
[2020-01-29T21:37:47.114+0300][123.650s][info ][gc] GC(4119) Pause Young (Normal) (G1 Evacuation Pause) 159M->160M(256M) 38.122ms
[2020-01-29T21:37:47.117+0300][123.652s][info ][gc] GC(4115) Pause Cleanup 166M->166M(256M) 0.049ms
[2020-01-29T21:37:47.117+0300][123.653s][info ][gc] GC(4115) Concurrent Cycle 151.099ms
[2020-01-29T21:37:47.166+0300][123.701s][info ][gc] GC(4120) Pause Young (Prepare Mixed) (G1 Evacuation Pause) 201M->202M(256M) 30.828ms
[2020-01-29T21:37:47.177+0300][123.712s][info ][gc] GC(4121) Pause Young (Mixed) (G1 Evacuation Pause) 210M->195M(256M) 7.555ms
[2020-01-29T21:37:47.188+0300][123.724s][info ][gc] GC(4122) Pause Young (Concurrent Start) (G1 Evacuation Pause) 205M->206M(256M) 8.055ms
[2020-01-29T21:37:47.188+0300][123.724s][info ][gc] GC(4123) Concurrent Cycle
[2020-01-29T21:37:47.202+0300][123.738s][info ][gc] GC(4124) Pause Young (Normal) (G1 Evacuation Pause) 216M->218M(256M) 7.524ms
[2020-01-29T21:37:47.214+0300][123.750s][info ][gc] GC(4125) Pause Young (Normal) (G1 Evacuation Pause) 228M->229M(256M) 7.742ms
[2020-01-29T21:37:47.226+0300][123.762s][info ][gc] GC(4126) Pause Young (Normal) (G1 Evacuation Pause) 239M->240M(256M) 7.775ms
[2020-01-29T21:37:47.247+0300][123.782s][info ][gc] GC(4127) To-space exhausted
[2020-01-29T21:37:47.247+0300][123.782s][info ][gc] GC(4127) Pause Young (Normal) (G1 Evacuation Pause) 250M->252M(256M) 16.077ms
[2020-01-29T21:37:47.260+0300][123.795s][info ][gc] GC(4128) To-space exhausted
[2020-01-29T21:37:47.260+0300][123.795s][info ][gc] GC(4128) Pause Young (Normal) (G1 Evacuation Pause) 255M->255M(256M) 11.692ms
[2020-01-29T21:37:47.260+0300][123.795s][debug][gc] GC(4129) Clear Next Bitmap 0.058ms
[2020-01-29T21:37:47.311+0300][123.847s][info ][gc] GC(4129) Pause Full (G1 Evacuation Pause) 255M->93M(256M) 51.336ms
[2020-01-29T21:37:47.312+0300][123.847s][info ][gc] GC(4123) Concurrent Cycle 122.884ms
[2020-01-29T21:37:47.351+0300][123.886s][info ][gc] GC(4130) Pause Young (Normal) (G1 Evacuation Pause) 135M->135M(256M) 22.810ms
[2020-01-29T21:37:47.368+0300][123.903s][info ][gc] GC(4131) Pause Young (Concurrent Start) (G1 Humongous Allocation) 136M->138M(256M) 5.670ms
[2020-01-29T21:37:47.368+0300][123.904s][info ][gc] GC(4132) Concurrent Cycle
[2020-01-29T21:37:47.376+0300][123.912s][debug][gc] GC(4132) Reclaimed 123 empty regions
[2020-01-29T21:37:47.376+0300][123.912s][info ][gc] GC(4132) Pause Remark 174M->53M(256M) 0.636ms
[2020-01-29T21:37:47.398+0300][123.933s][info ][gc] GC(4133) Pause Young (Normal) (G1 Evacuation Pause) 64M->63M(256M) 17.073ms
[2020-01-29T21:37:47.411+0300][123.946s][info ][gc] GC(4132) Pause Cleanup 96M->96M(256M) 0.039ms
[2020-01-29T21:37:47.411+0300][123.947s][info ][gc] GC(4132) Concurrent Cycle 43.010ms
[2020-01-29T21:37:47.458+0300][123.993s][info ][gc] GC(4134) Pause Young (Normal) (G1 Evacuation Pause) 115M->117M(256M) 38.782ms
[2020-01-29T21:37:47.497+0300][124.032s][info ][gc] GC(4135) Pause Young (Concurrent Start) (G1 Evacuation Pause) 152M->152M(256M) 25.268ms
[2020-01-29T21:37:47.497+0300][124.032s][info ][gc] GC(4136) Concurrent Cycle
[2020-01-29T21:37:47.538+0300][124.072s][info ][gc] GC(4137) Pause Young (Normal) (G1 Evacuation Pause) 196M->197M(256M) 18.398ms
[2020-01-29T21:37:47.551+0300][124.086s][info ][gc] GC(4138) Pause Young (Normal) (G1 Evacuation Pause) 207M->208M(256M) 9.104ms
[2020-01-29T21:37:47.563+0300][124.098s][info ][gc] GC(4139) Pause Young (Normal) (G1 Evacuation Pause) 218M->218M(256M) 7.871ms
[2020-01-29T21:37:47.575+0300][124.111s][info ][gc] GC(4140) Pause Young (Normal) (G1 Evacuation Pause) 228M->229M(256M) 8.159ms
[2020-01-29T21:37:47.588+0300][124.124s][info ][gc] GC(4141) Pause Young (Normal) (G1 Evacuation Pause) 239M->240M(256M) 8.729ms
[2020-01-29T21:37:47.611+0300][124.146s][info ][gc] GC(4142) To-space exhausted
[2020-01-29T21:37:47.611+0300][124.146s][info ][gc] GC(4142) Pause Young (Normal) (G1 Evacuation Pause) 250M->253M(256M) 17.352ms
[2020-01-29T21:37:47.621+0300][124.157s][info ][gc] GC(4143) To-space exhausted
[2020-01-29T21:37:47.622+0300][124.157s][info ][gc] GC(4143) Pause Young (Normal) (G1 Evacuation Pause) 255M->255M(256M) 9.996ms
[2020-01-29T21:37:47.622+0300][124.157s][debug][gc] GC(4144) Clear Next Bitmap 0.079ms
[2020-01-29T21:37:47.675+0300][124.210s][info ][gc] GC(4144) Pause Full (G1 Evacuation Pause) 255M->96M(256M) 52.933ms
[2020-01-29T21:37:47.675+0300][124.210s][info ][gc] GC(4136) Concurrent Cycle 178.537ms
[2020-01-29T21:37:47.727+0300][124.263s][info ][gc] GC(4145) Pause Young (Concurrent Start) (G1 Humongous Allocation) 137M->136M(256M) 23.749ms
[2020-01-29T21:37:47.727+0300][124.263s][info ][gc] GC(4146) Concurrent Cycle
[2020-01-29T21:37:47.770+0300][124.306s][info ][gc] GC(4147) Pause Young (Normal) (G1 Evacuation Pause) 184M->185M(256M) 22.048ms
[2020-01-29T21:37:47.775+0300][124.310s][debug][gc] GC(4146) Reclaimed 95 empty regions
[2020-01-29T21:37:47.775+0300][124.310s][info ][gc] GC(4146) Pause Remark 194M->101M(256M) 0.646ms
[2020-01-29T21:37:47.788+0300][124.324s][info ][gc] GC(4148) Pause Young (Normal) (G1 Evacuation Pause) 105M->106M(256M) 11.500ms
[2020-01-29T21:37:47.834+0300][124.369s][info ][gc] GC(4149) Pause Young (Normal) (G1 Evacuation Pause) 144M->145M(256M) 30.269ms
[2020-01-29T21:37:47.883+0300][124.418s][info ][gc] GC(4150) Pause Young (Normal) (G1 Evacuation Pause) 171M->172M(256M) 37.421ms
[2020-01-29T21:37:47.936+0300][124.471s][info ][gc] GC(4151) Pause Young (Normal) (G1 Evacuation Pause) 209M->210M(256M) 31.683ms
[2020-01-29T21:37:47.964+0300][124.500s][info ][gc] GC(4152) Pause Young (Normal) (G1 Evacuation Pause) 219M->219M(256M) 25.123ms
[2020-01-29T21:37:47.997+0300][124.532s][info ][gc] GC(4153) Pause Young (Normal) (G1 Evacuation Pause) 229M->230M(256M) 27.464ms
[2020-01-29T21:37:48.000+0300][124.536s][info ][gc] GC(4146) Pause Cleanup 237M->237M(256M) 0.044ms
[2020-01-29T21:37:48.000+0300][124.536s][info ][gc] GC(4146) Concurrent Cycle 273.183ms
[2020-01-29T21:37:48.027+0300][124.562s][info ][gc] GC(4154) Pause Young (Normal) (G1 Evacuation Pause) 240M->241M(256M) 25.106ms
[2020-01-29T21:37:48.050+0300][124.585s][info ][gc] GC(4155) To-space exhausted
[2020-01-29T21:37:48.050+0300][124.585s][info ][gc] GC(4155) Pause Young (Concurrent Start) (G1 Evacuation Pause) 251M->255M(256M) 18.959ms
[2020-01-29T21:37:48.050+0300][124.586s][info ][gc] GC(4157) Concurrent Cycle
[2020-01-29T21:37:48.051+0300][124.586s][debug][gc] GC(4156) Clear Next Bitmap 0.062ms
[2020-01-29T21:37:48.091+0300][124.627s][info ][gc] GC(4156) Pause Full (G1 Evacuation Pause) 255M->68M(256M) 40.995ms
[2020-01-29T21:37:48.091+0300][124.627s][info ][gc] GC(4157) Concurrent Cycle 41.339ms
[2020-01-29T21:37:48.140+0300][124.675s][info ][gc] GC(4158) Pause Young (Normal) (G1 Evacuation Pause) 118M->118M(256M) 28.629ms
[2020-01-29T21:37:48.173+0300][124.708s][info ][gc] GC(4159) Pause Young (Concurrent Start) (G1 Humongous Allocation) 137M->138M(256M) 15.232ms
[2020-01-29T21:37:48.173+0300][124.708s][info ][gc] GC(4160) Concurrent Cycle
[2020-01-29T21:37:48.207+0300][124.742s][info ][gc] GC(4161) Pause Young (Normal) (G1 Evacuation Pause) 185M->185M(256M) 20.022ms
[2020-01-29T21:37:48.212+0300][124.747s][debug][gc] GC(4160) Reclaimed 109 empty regions
[2020-01-29T21:37:48.212+0300][124.747s][info ][gc] GC(4160) Pause Remark 194M->88M(256M) 0.644ms
[2020-01-29T21:37:48.223+0300][124.758s][info ][gc] GC(4162) Pause Young (Normal) (G1 Evacuation Pause) 91M->92M(256M) 9.963ms
[2020-01-29T21:37:48.272+0300][124.807s][info ][gc] GC(4163) Pause Young (Normal) (G1 Evacuation Pause) 134M->135M(256M) 31.553ms
[2020-01-29T21:37:48.323+0300][124.857s][info ][gc] GC(4164) Pause Young (Normal) (G1 Evacuation Pause) 164M->165M(256M) 38.846ms
[2020-01-29T21:37:48.377+0300][124.913s][info ][gc] GC(4165) Pause Young (Normal) (G1 Evacuation Pause) 205M->205M(256M) 35.403ms
[2020-01-29T21:37:48.411+0300][124.946s][info ][gc] GC(4166) Pause Young (Normal) (G1 Evacuation Pause) 213M->214M(256M) 29.146ms
[2020-01-29T21:37:48.411+0300][124.947s][info ][gc] GC(4160) Pause Cleanup 215M->215M(256M) 0.044ms
[2020-01-29T21:37:48.411+0300][124.947s][info ][gc] GC(4160) Concurrent Cycle 238.874ms
[2020-01-29T21:37:48.440+0300][124.976s][info ][gc] GC(4167) Pause Young (Normal) (G1 Evacuation Pause) 224M->225M(256M) 25.050ms
[2020-01-29T21:37:48.453+0300][124.988s][info ][gc] GC(4168) Pause Young (Concurrent Start) (G1 Evacuation Pause) 235M->236M(256M) 8.214ms
[2020-01-29T21:37:48.453+0300][124.988s][info ][gc] GC(4169) Concurrent Cycle
[2020-01-29T21:37:48.471+0300][125.006s][info ][gc] GC(4170) To-space exhausted
[2020-01-29T21:37:48.471+0300][125.006s][info ][gc] GC(4170) Pause Young (Normal) (G1 Evacuation Pause) 246M->249M(256M) 11.931ms
[2020-01-29T21:37:48.489+0300][125.024s][info ][gc] GC(4171) To-space exhausted
[2020-01-29T21:37:48.489+0300][125.024s][info ][gc] GC(4171) Pause Young (Normal) (G1 Evacuation Pause) 255M->255M(256M) 15.452ms
[2020-01-29T21:37:48.489+0300][125.024s][debug][gc] GC(4172) Clear Next Bitmap 0.081ms
[2020-01-29T21:37:48.532+0300][125.067s][info ][gc] GC(4172) Pause Full (G1 Evacuation Pause) 255M->80M(256M) 42.660ms
[2020-01-29T21:37:48.532+0300][125.067s][info ][gc] GC(4169) Concurrent Cycle 79.174ms
[2020-01-29T21:37:48.581+0300][125.116s][info ][gc] GC(4173) Pause Young (Normal) (G1 Evacuation Pause) 126M->126M(256M) 30.464ms
[2020-01-29T21:37:48.607+0300][125.142s][info ][gc] GC(4174) Pause Young (Concurrent Start) (G1 Humongous Allocation) 136M->137M(256M) 10.406ms
[2020-01-29T21:37:48.607+0300][125.142s][info ][gc] GC(4175) Concurrent Cycle
[2020-01-29T21:37:48.620+0300][125.155s][debug][gc] GC(4175) Reclaimed 118 empty regions
[2020-01-29T21:37:48.620+0300][125.155s][info ][gc] GC(4175) Pause Remark 185M->69M(256M) 0.676ms
[2020-01-29T21:37:48.639+0300][125.174s][info ][gc] GC(4176) Pause Young (Normal) (G1 Evacuation Pause) 69M->65M(256M) 18.494ms
[2020-01-29T21:37:48.705+0300][125.241s][info ][gc] GC(4177) Pause Young (Normal) (G1 Evacuation Pause) 116M->117M(256M) 44.027ms
[2020-01-29T21:37:48.707+0300][125.242s][info ][gc] GC(4175) Pause Cleanup 121M->121M(256M) 0.040ms
[2020-01-29T21:37:48.707+0300][125.243s][info ][gc] GC(4175) Concurrent Cycle 100.620ms
[2020-01-29T21:37:48.760+0300][125.295s][info ][gc] GC(4178) Pause Young (Normal) (G1 Evacuation Pause) 152M->152M(256M) 40.527ms
[2020-01-29T21:37:48.777+0300][125.312s][info ][gc] GC(4179) Pause Young (Concurrent Start) (G1 Humongous Allocation) 153M->155M(256M) 5.607ms
[2020-01-29T21:37:48.777+0300][125.312s][info ][gc] GC(4180) Concurrent Cycle
[2020-01-29T21:37:48.785+0300][125.320s][debug][gc] GC(4180) Reclaimed 139 empty regions
[2020-01-29T21:37:48.785+0300][125.320s][info ][gc] GC(4180) Pause Remark 193M->54M(256M) 0.670ms
[2020-01-29T21:37:48.803+0300][125.338s][info ][gc] GC(4181) Pause Young (Normal) (G1 Evacuation Pause) 59M->58M(256M) 14.999ms
[2020-01-29T21:37:48.818+0300][125.353s][info ][gc] GC(4180) Pause Cleanup 98M->98M(256M) 0.041ms
[2020-01-29T21:37:48.819+0300][125.354s][info ][gc] GC(4180) Concurrent Cycle 41.743ms
[2020-01-29T21:37:48.862+0300][125.397s][info ][gc] GC(4182) Pause Young (Normal) (G1 Evacuation Pause) 111M->112M(256M) 38.652ms
[2020-01-29T21:37:48.930+0300][125.466s][info ][gc] GC(4183) Pause Young (Concurrent Start) (G1 Evacuation Pause) 148M->149M(256M) 53.593ms
[2020-01-29T21:37:48.930+0300][125.466s][info ][gc] GC(4184) Concurrent Cycle
[2020-01-29T21:37:48.979+0300][125.515s][info ][gc] GC(4185) Pause Young (Normal) (G1 Evacuation Pause) 194M->195M(256M) 21.511ms
[2020-01-29T21:37:48.993+0300][125.529s][info ][gc] GC(4186) Pause Young (Normal) (G1 Evacuation Pause) 205M->205M(256M) 9.739ms
[2020-01-29T21:37:49.006+0300][125.541s][info ][gc] GC(4187) Pause Young (Normal) (G1 Evacuation Pause) 215M->217M(256M) 7.897ms
[2020-01-29T21:37:49.019+0300][125.555s][info ][gc] GC(4188) Pause Young (Normal) (G1 Evacuation Pause) 227M->228M(256M) 7.719ms
[2020-01-29T21:37:49.033+0300][125.569s][info ][gc] GC(4189) Pause Young (Normal) (G1 Evacuation Pause) 238M->239M(256M) 7.847ms
[2020-01-29T21:37:49.059+0300][125.594s][info ][gc] GC(4190) To-space exhausted
[2020-01-29T21:37:49.059+0300][125.594s][info ][gc] GC(4190) Pause Young (Normal) (G1 Evacuation Pause) 249M->252M(256M) 16.662ms
[2020-01-29T21:37:49.079+0300][125.615s][info ][gc] GC(4191) To-space exhausted
[2020-01-29T21:37:49.080+0300][125.615s][info ][gc] GC(4191) Pause Young (Normal) (G1 Evacuation Pause) 255M->255M(256M) 17.678ms
[2020-01-29T21:37:49.080+0300][125.615s][debug][gc] GC(4192) Clear Next Bitmap 0.073ms
[2020-01-29T21:37:49.139+0300][125.674s][info ][gc] GC(4192) Pause Full (G1 Evacuation Pause) 255M->96M(256M) 59.161ms
[2020-01-29T21:37:49.139+0300][125.674s][info ][gc] GC(4184) Concurrent Cycle 208.764ms
[2020-01-29T21:37:49.193+0300][125.728s][info ][gc] GC(4193) Pause Young (Concurrent Start) (G1 Humongous Allocation) 136M->136M(256M) 26.781ms
[2020-01-29T21:37:49.193+0300][125.728s][info ][gc] GC(4194) Concurrent Cycle
[2020-01-29T21:37:49.300+0300][125.835s][debug][gc] GC(4194) Reclaimed 94 empty regions
[2020-01-29T21:37:49.300+0300][125.835s][info ][gc] GC(4194) Pause Remark 156M->64M(256M) 20.292ms
[2020-01-29T21:37:49.336+0300][125.872s][info ][gc] GC(4194) Pause Cleanup 64M->64M(256M) 0.036ms
[2020-01-29T21:37:49.337+0300][125.872s][info ][gc] GC(4194) Concurrent Cycle 143.366ms
[2020-01-29T21:37:49.384+0300][125.919s][info ][gc] GC(4195) Pause Young (Normal) (G1 Evacuation Pause) 92M->87M(256M) 21.470ms
[2020-01-29T21:37:49.458+0300][125.993s][info ][gc] GC(4196) Pause Young (Concurrent Start) (G1 Evacuation Pause) 134M->135M(256M) 39.274ms
[2020-01-29T21:37:49.458+0300][125.993s][info ][gc] GC(4197) Concurrent Cycle
[2020-01-29T21:37:49.513+0300][126.049s][info ][gc] GC(4198) Pause Young (Normal) (G1 Evacuation Pause) 164M->166M(256M) 27.540ms
[2020-01-29T21:37:49.559+0300][126.095s][info ][gc] GC(4199) Pause Young (Normal) (G1 Evacuation Pause) 205M->206M(256M) 24.833ms
[2020-01-29T21:37:49.595+0300][126.130s][info ][gc] GC(4200) Pause Young (Normal) (G1 Evacuation Pause) 215M->216M(256M) 10.764ms
[2020-01-29T21:37:49.610+0300][126.145s][info ][gc] GC(4201) Pause Young (Normal) (G1 Evacuation Pause) 226M->227M(256M) 10.060ms
[2020-01-29T21:37:49.624+0300][126.159s][info ][gc] GC(4202) Pause Young (Normal) (G1 Evacuation Pause) 237M->238M(256M) 9.284ms
[2020-01-29T21:37:49.647+0300][126.182s][info ][gc] GC(4203) To-space exhausted
[2020-01-29T21:37:49.647+0300][126.182s][info ][gc] GC(4203) Pause Young (Normal) (G1 Evacuation Pause) 248M->251M(256M) 18.524ms
[2020-01-29T21:37:49.665+0300][126.200s][info ][gc] GC(4204) To-space exhausted
[2020-01-29T21:37:49.665+0300][126.200s][info ][gc] GC(4204) Pause Young (Normal) (G1 Evacuation Pause) 255M->255M(256M) 15.746ms
[2020-01-29T21:37:49.665+0300][126.200s][debug][gc] GC(4205) Clear Next Bitmap 0.079ms
[2020-01-29T21:37:49.718+0300][126.253s][info ][gc] GC(4205) Pause Full (G1 Evacuation Pause) 255M->73M(256M) 52.347ms
[2020-01-29T21:37:49.718+0300][126.253s][info ][gc] GC(4197) Concurrent Cycle 259.409ms
[2020-01-29T21:37:49.768+0300][126.303s][info ][gc] GC(4206) Pause Young (Normal) (G1 Evacuation Pause) 124M->123M(256M) 29.226ms
[2020-01-29T21:37:49.798+0300][126.333s][info ][gc] GC(4207) Pause Young (Concurrent Start) (G1 Humongous Allocation) 137M->138M(256M) 14.332ms
[2020-01-29T21:37:49.798+0300][126.333s][info ][gc] GC(4208) Concurrent Cycle
[2020-01-29T21:37:49.830+0300][126.366s][info ][gc] GC(4209) Pause Young (Normal) (G1 Evacuation Pause) 186M->187M(256M) 20.897ms
[2020-01-29T21:37:49.834+0300][126.370s][debug][gc] GC(4208) Reclaimed 112 empty regions
[2020-01-29T21:37:49.834+0300][126.370s][info ][gc] GC(4208) Pause Remark 193M->82M(256M) 0.879ms
[2020-01-29T21:37:49.848+0300][126.384s][info ][gc] GC(4210) Pause Young (Normal) (G1 Evacuation Pause) 88M->89M(256M) 11.276ms
[2020-01-29T21:37:49.899+0300][126.434s][info ][gc] GC(4211) Pause Young (Normal) (G1 Evacuation Pause) 132M->133M(256M) 33.172ms
[2020-01-29T21:37:49.952+0300][126.488s][info ][gc] GC(4212) Pause Young (Normal) (G1 Evacuation Pause) 163M->164M(256M) 39.693ms
[2020-01-29T21:37:49.970+0300][126.505s][info ][gc] GC(4208) Pause Cleanup 197M->197M(256M) 0.042ms
[2020-01-29T21:37:49.970+0300][126.505s][info ][gc] GC(4208) Concurrent Cycle 172.487ms
[2020-01-29T21:37:50.005+0300][126.540s][info ][gc] GC(4213) Pause Young (Normal) (G1 Evacuation Pause) 204M->205M(256M) 32.061ms
[2020-01-29T21:37:50.018+0300][126.554s][info ][gc] GC(4214) Pause Young (Concurrent Start) (G1 Evacuation Pause) 213M->214M(256M) 9.125ms
[2020-01-29T21:37:50.018+0300][126.554s][info ][gc] GC(4215) Concurrent Cycle
[2020-01-29T21:37:50.035+0300][126.570s][info ][gc] GC(4216) Pause Young (Normal) (G1 Evacuation Pause) 224M->224M(256M) 10.205ms
[2020-01-29T21:37:50.055+0300][126.591s][info ][gc] GC(4217) Pause Young (Normal) (G1 Evacuation Pause) 234M->235M(256M) 8.826ms
[2020-01-29T21:37:50.071+0300][126.606s][info ][gc] GC(4218) To-space exhausted
[2020-01-29T21:37:50.071+0300][126.606s][info ][gc] GC(4218) Pause Young (Normal) (G1 Evacuation Pause) 245M->249M(256M) 9.968ms
[2020-01-29T21:37:50.095+0300][126.631s][info ][gc] GC(4219) To-space exhausted
[2020-01-29T21:37:50.095+0300][126.631s][info ][gc] GC(4219) Pause Young (Normal) (G1 Evacuation Pause) 255M->255M(256M) 16.738ms
[2020-01-29T21:37:50.096+0300][126.631s][debug][gc] GC(4220) Clear Next Bitmap 0.074ms
[2020-01-29T21:37:50.144+0300][126.679s][info ][gc] GC(4220) Pause Full (G1 Evacuation Pause) 255M->84M(256M) 48.411ms
[2020-01-29T21:37:50.144+0300][126.680s][info ][gc] GC(4215) Concurrent Cycle 125.980ms
[2020-01-29T21:37:50.188+0300][126.723s][info ][gc] GC(4221) Pause Young (Normal) (G1 Evacuation Pause) 129M->130M(256M) 25.725ms
[2020-01-29T21:37:50.209+0300][126.745s][info ][gc] GC(4222) Pause Young (Concurrent Start) (G1 Humongous Allocation) 137M->137M(256M) 8.468ms
[2020-01-29T21:37:50.209+0300][126.745s][info ][gc] GC(4223) Concurrent Cycle
[2020-01-29T21:37:50.220+0300][126.756s][debug][gc] GC(4223) Reclaimed 123 empty regions
[2020-01-29T21:37:50.220+0300][126.756s][info ][gc] GC(4223) Pause Remark 182M->62M(256M) 0.630ms
[2020-01-29T21:37:50.239+0300][126.775s][info ][gc] GC(4224) Pause Young (Normal) (G1 Evacuation Pause) 64M->60M(256M) 17.492ms
[2020-01-29T21:37:50.260+0300][126.795s][info ][gc] GC(4223) Pause Cleanup 110M->110M(256M) 0.037ms
[2020-01-29T21:37:50.260+0300][126.795s][info ][gc] GC(4223) Concurrent Cycle 50.054ms
[2020-01-29T21:37:50.303+0300][126.838s][info ][gc] GC(4225) Pause Young (Normal) (G1 Evacuation Pause) 113M->114M(256M) 41.185ms
[2020-01-29T21:37:50.350+0300][126.885s][info ][gc] GC(4226) Pause Young (Concurrent Start) (G1 Humongous Allocation) 149M->150M(256M) 23.579ms
[2020-01-29T21:37:50.350+0300][126.885s][info ][gc] GC(4227) Concurrent Cycle
[2020-01-29T21:37:50.391+0300][126.926s][info ][gc] GC(4228) Pause Young (Normal) (G1 Evacuation Pause) 194M->194M(256M) 18.347ms
[2020-01-29T21:37:50.395+0300][126.931s][debug][gc] GC(4227) Reclaimed 103 empty regions
[2020-01-29T21:37:50.395+0300][126.931s][info ][gc] GC(4227) Pause Remark 204M->101M(256M) 0.638ms
[2020-01-29T21:37:50.405+0300][126.940s][info ][gc] GC(4229) Pause Young (Normal) (G1 Evacuation Pause) 101M->102M(256M) 9.330ms
[2020-01-29T21:37:50.457+0300][126.992s][info ][gc] GC(4230) Pause Young (Normal) (G1 Evacuation Pause) 141M->142M(256M) 35.319ms
[2020-01-29T21:37:50.503+0300][127.038s][info ][gc] GC(4231) Pause Young (Normal) (G1 Evacuation Pause) 169M->170M(256M) 34.269ms
[2020-01-29T21:37:50.556+0300][127.091s][info ][gc] GC(4232) Pause Young (Normal) (G1 Evacuation Pause) 208M->209M(256M) 34.044ms
[2020-01-29T21:37:50.588+0300][127.123s][info ][gc] GC(4233) Pause Young (Normal) (G1 Evacuation Pause) 218M->219M(256M) 28.320ms
[2020-01-29T21:37:50.619+0300][127.155s][info ][gc] GC(4234) Pause Young (Normal) (G1 Evacuation Pause) 229M->230M(256M) 26.943ms
[2020-01-29T21:37:50.653+0300][127.189s][info ][gc] GC(4235) Pause Young (Normal) (G1 Evacuation Pause) 240M->241M(256M) 28.643ms
[2020-01-29T21:37:50.659+0300][127.195s][info ][gc] GC(4227) Pause Cleanup 244M->244M(256M) 0.069ms
[2020-01-29T21:37:50.659+0300][127.195s][info ][gc] GC(4227) Concurrent Cycle 309.843ms
[2020-01-29T21:37:50.700+0300][127.236s][info ][gc] GC(4236) To-space exhausted
[2020-01-29T21:37:50.700+0300][127.236s][info ][gc] GC(4236) Pause Young (Normal) (G1 Evacuation Pause) 251M->255M(256M) 37.977ms
[2020-01-29T21:37:50.735+0300][127.271s][info ][gc] GC(4237) Pause Full (G1 Evacuation Pause) 255M->64M(256M) 34.501ms
[2020-01-29T21:37:50.785+0300][127.320s][info ][gc] GC(4238) Pause Young (Concurrent Start) (G1 Evacuation Pause) 115M->114M(256M) 29.459ms
[2020-01-29T21:37:50.785+0300][127.320s][info ][gc] GC(4239) Concurrent Cycle
[2020-01-29T21:37:50.838+0300][127.373s][info ][gc] GC(4240) Pause Young (Normal) (G1 Evacuation Pause) 169M->170M(256M) 26.636ms
[2020-01-29T21:37:50.860+0300][127.395s][info ][gc] GC(4241) Pause Young (Normal) (G1 Evacuation Pause) 187M->188M(256M) 14.652ms
[2020-01-29T21:37:50.875+0300][127.410s][info ][gc] GC(4242) Pause Young (Normal) (G1 Evacuation Pause) 200M->201M(256M) 9.821ms
[2020-01-29T21:37:50.887+0300][127.422s][info ][gc] GC(4243) Pause Young (Normal) (G1 Evacuation Pause) 211M->211M(256M) 7.867ms
[2020-01-29T21:37:50.900+0300][127.435s][info ][gc] GC(4244) Pause Young (Normal) (G1 Evacuation Pause) 221M->222M(256M) 8.390ms
[2020-01-29T21:37:50.912+0300][127.447s][info ][gc] GC(4245) Pause Young (Normal) (G1 Evacuation Pause) 232M->233M(256M) 7.849ms
[2020-01-29T21:37:50.926+0300][127.461s][info ][gc] GC(4246) To-space exhausted
[2020-01-29T21:37:50.927+0300][127.461s][info ][gc] GC(4246) Pause Young (Normal) (G1 Evacuation Pause) 243M->246M(256M) 9.770ms
[2020-01-29T21:37:50.951+0300][127.485s][info ][gc] GC(4247) To-space exhausted
[2020-01-29T21:37:50.951+0300][127.485s][info ][gc] GC(4247) Pause Young (Normal) (G1 Evacuation Pause) 254M->254M(256M) 20.315ms
[2020-01-29T21:37:50.951+0300][127.486s][debug][gc] GC(4248) Clear Next Bitmap 0.075ms
[2020-01-29T21:37:51.020+0300][127.555s][info ][gc] GC(4248) Pause Full (G1 Evacuation Pause) 254M->111M(256M) 69.903ms
[2020-01-29T21:37:51.020+0300][127.556s][info ][gc] GC(4239) Concurrent Cycle 235.240ms
[2020-01-29T21:37:51.056+0300][127.592s][info ][gc] GC(4249) Pause Young (Concurrent Start) (G1 Humongous Allocation) 136M->136M(256M) 15.639ms
[2020-01-29T21:37:51.056+0300][127.592s][info ][gc] GC(4250) Concurrent Cycle
[2020-01-29T21:37:51.092+0300][127.627s][info ][gc] GC(4251) Pause Young (Normal) (G1 Evacuation Pause) 184M->186M(256M) 21.839ms
[2020-01-29T21:37:51.097+0300][127.632s][debug][gc] GC(4250) Reclaimed 110 empty regions
[2020-01-29T21:37:51.097+0300][127.632s][info ][gc] GC(4250) Pause Remark 196M->89M(256M) 0.817ms
[2020-01-29T21:37:51.109+0300][127.645s][info ][gc] GC(4252) Pause Young (Normal) (G1 Evacuation Pause) 90M->91M(256M) 11.841ms
[2020-01-29T21:37:51.160+0300][127.696s][info ][gc] GC(4253) Pause Young (Normal) (G1 Evacuation Pause) 135M->136M(256M) 33.453ms
[2020-01-29T21:37:51.209+0300][127.744s][info ][gc] GC(4254) Pause Young (Normal) (G1 Evacuation Pause) 165M->166M(256M) 35.897ms
[2020-01-29T21:37:51.260+0300][127.795s][info ][gc] GC(4255) Pause Young (Normal) (G1 Evacuation Pause) 205M->206M(256M) 31.134ms
[2020-01-29T21:37:51.262+0300][127.797s][info ][gc] GC(4250) Pause Cleanup 210M->210M(256M) 0.050ms
[2020-01-29T21:37:51.262+0300][127.797s][info ][gc] GC(4250) Concurrent Cycle 205.269ms
[2020-01-29T21:37:51.290+0300][127.825s][info ][gc] GC(4256) Pause Young (Normal) (G1 Evacuation Pause) 215M->216M(256M) 25.014ms
[2020-01-29T21:37:51.301+0300][127.836s][info ][gc] GC(4257) Pause Young (Concurrent Start) (G1 Evacuation Pause) 226M->227M(256M) 6.888ms
[2020-01-29T21:37:51.301+0300][127.836s][info ][gc] GC(4258) Concurrent Cycle
[2020-01-29T21:37:51.315+0300][127.850s][info ][gc] GC(4259) Pause Young (Normal) (G1 Evacuation Pause) 237M->237M(256M) 7.580ms
[2020-01-29T21:37:51.331+0300][127.866s][info ][gc] GC(4260) To-space exhausted
[2020-01-29T21:37:51.331+0300][127.866s][info ][gc] GC(4260) Pause Young (Normal) (G1 Evacuation Pause) 247M->250M(256M) 12.121ms
[2020-01-29T21:37:51.346+0300][127.882s][info ][gc] GC(4261) To-space exhausted
[2020-01-29T21:37:51.346+0300][127.882s][info ][gc] GC(4261) Pause Young (Normal) (G1 Evacuation Pause) 255M->255M(256M) 13.584ms
[2020-01-29T21:37:51.346+0300][127.882s][debug][gc] GC(4262) Clear Next Bitmap 0.091ms
[2020-01-29T21:37:51.390+0300][127.926s][info ][gc] GC(4262) Pause Full (G1 Evacuation Pause) 255M->82M(256M) 44.013ms
[2020-01-29T21:37:51.391+0300][127.926s][info ][gc] GC(4258) Concurrent Cycle 90.532ms
[2020-01-29T21:37:51.433+0300][127.968s][info ][gc] GC(4263) Pause Young (Normal) (G1 Evacuation Pause) 127M->128M(256M) 24.337ms
[2020-01-29T21:37:51.455+0300][127.990s][info ][gc] GC(4264) Pause Young (Concurrent Start) (G1 Humongous Allocation) 137M->137M(256M) 8.449ms
[2020-01-29T21:37:51.455+0300][127.991s][info ][gc] GC(4265) Concurrent Cycle
[2020-01-29T21:37:51.467+0300][128.003s][debug][gc] GC(4265) Reclaimed 120 empty regions
[2020-01-29T21:37:51.468+0300][128.003s][info ][gc] GC(4265) Pause Remark 184M->67M(256M) 0.704ms
[2020-01-29T21:37:51.485+0300][128.021s][info ][gc] GC(4266) Pause Young (Normal) (G1 Evacuation Pause) 67M->63M(256M) 17.300ms
[2020-01-29T21:37:51.551+0300][128.086s][info ][gc] GC(4267) Pause Young (Normal) (G1 Evacuation Pause) 115M->116M(256M) 44.786ms
[2020-01-29T21:37:51.553+0300][128.088s][info ][gc] GC(4265) Pause Cleanup 120M->120M(256M) 0.040ms
[2020-01-29T21:37:51.554+0300][128.089s][info ][gc] GC(4265) Concurrent Cycle 98.335ms
[2020-01-29T21:37:51.609+0300][128.144s][info ][gc] GC(4268) Pause Young (Normal) (G1 Evacuation Pause) 151M->152M(256M) 43.273ms
[2020-01-29T21:37:51.626+0300][128.161s][info ][gc] GC(4269) Pause Young (Concurrent Start) (G1 Humongous Allocation) 153M->154M(256M) 5.586ms
[2020-01-29T21:37:51.626+0300][128.161s][info ][gc] GC(4270) Concurrent Cycle
[2020-01-29T21:37:51.634+0300][128.169s][debug][gc] GC(4270) Reclaimed 141 empty regions
[2020-01-29T21:37:51.634+0300][128.169s][info ][gc] GC(4270) Pause Remark 191M->50M(256M) 0.713ms
[2020-01-29T21:37:51.653+0300][128.188s][info ][gc] GC(4271) Pause Young (Normal) (G1 Evacuation Pause) 56M->56M(256M) 15.656ms
[2020-01-29T21:37:51.667+0300][128.203s][info ][gc] GC(4270) Pause Cleanup 94M->94M(256M) 0.036ms
[2020-01-29T21:37:51.668+0300][128.203s][info ][gc] GC(4270) Concurrent Cycle 41.691ms
[2020-01-29T21:37:51.716+0300][128.252s][info ][gc] GC(4272) Pause Young (Normal) (G1 Evacuation Pause) 110M->111M(256M) 42.342ms
[2020-01-29T21:37:51.757+0300][128.292s][info ][gc] GC(4273) Pause Young (Concurrent Start) (G1 Evacuation Pause) 147M->147M(256M) 26.472ms
[2020-01-29T21:37:51.757+0300][128.292s][info ][gc] GC(4274) Concurrent Cycle
[2020-01-29T21:37:51.800+0300][128.335s][info ][gc] GC(4275) Pause Young (Normal) (G1 Evacuation Pause) 192M->192M(256M) 19.263ms
[2020-01-29T21:37:51.814+0300][128.349s][info ][gc] GC(4276) Pause Young (Normal) (G1 Evacuation Pause) 203M->204M(256M) 9.281ms
[2020-01-29T21:37:51.826+0300][128.361s][info ][gc] GC(4277) Pause Young (Normal) (G1 Evacuation Pause) 214M->215M(256M) 7.500ms
[2020-01-29T21:37:51.837+0300][128.373s][info ][gc] GC(4278) Pause Young (Normal) (G1 Evacuation Pause) 225M->226M(256M) 7.216ms
[2020-01-29T21:37:51.849+0300][128.385s][info ][gc] GC(4279) Pause Young (Normal) (G1 Evacuation Pause) 236M->237M(256M) 7.883ms
[2020-01-29T21:37:51.867+0300][128.402s][info ][gc] GC(4280) To-space exhausted
[2020-01-29T21:37:51.867+0300][128.402s][info ][gc] GC(4280) Pause Young (Normal) (G1 Evacuation Pause) 247M->250M(256M) 12.792ms
[2020-01-29T21:37:51.883+0300][128.418s][info ][gc] GC(4281) To-space exhausted
[2020-01-29T21:37:51.883+0300][128.418s][info ][gc] GC(4281) Pause Young (Normal) (G1 Evacuation Pause) 255M->255M(256M) 14.338ms
[2020-01-29T21:37:51.883+0300][128.418s][debug][gc] GC(4282) Clear Next Bitmap 0.078ms
[2020-01-29T21:37:51.941+0300][128.476s][info ][gc] GC(4282) Pause Full (G1 Evacuation Pause) 255M->100M(256M) 58.309ms
[2020-01-29T21:37:51.941+0300][128.477s][info ][gc] GC(4274) Concurrent Cycle 184.583ms
[2020-01-29T21:37:51.987+0300][128.523s][info ][gc] GC(4283) Pause Young (Concurrent Start) (G1 Humongous Allocation) 136M->136M(256M) 20.848ms
[2020-01-29T21:37:51.988+0300][128.523s][info ][gc] GC(4284) Concurrent Cycle
[2020-01-29T21:37:52.028+0300][128.563s][info ][gc] GC(4285) Pause Young (Normal) (G1 Evacuation Pause) 184M->185M(256M) 21.131ms
[2020-01-29T21:37:52.032+0300][128.568s][debug][gc] GC(4284) Reclaimed 98 empty regions
[2020-01-29T21:37:52.032+0300][128.568s][info ][gc] GC(4284) Pause Remark 195M->100M(256M) 0.648ms
[2020-01-29T21:37:52.044+0300][128.579s][info ][gc] GC(4286) Pause Young (Normal) (G1 Evacuation Pause) 102M->102M(256M) 9.992ms
[2020-01-29T21:37:52.095+0300][128.631s][info ][gc] GC(4287) Pause Young (Normal) (G1 Evacuation Pause) 142M->143M(256M) 32.862ms
[2020-01-29T21:37:52.145+0300][128.680s][info ][gc] GC(4288) Pause Young (Normal) (G1 Evacuation Pause) 169M->170M(256M) 36.206ms
[2020-01-29T21:37:52.199+0300][128.734s][info ][gc] GC(4289) Pause Young (Normal) (G1 Evacuation Pause) 208M->209M(256M) 31.320ms
[2020-01-29T21:37:52.202+0300][128.737s][info ][gc] GC(4284) Pause Cleanup 214M->214M(256M) 0.051ms
[2020-01-29T21:37:52.203+0300][128.738s][info ][gc] GC(4284) Concurrent Cycle 214.556ms
[2020-01-29T21:37:52.231+0300][128.766s][info ][gc] GC(4290) Pause Young (Normal) (G1 Evacuation Pause) 218M->218M(256M) 26.811ms
[2020-01-29T21:37:52.243+0300][128.778s][info ][gc] GC(4291) Pause Young (Concurrent Start) (G1 Evacuation Pause) 228M->229M(256M) 7.975ms
[2020-01-29T21:37:52.243+0300][128.778s][info ][gc] GC(4292) Concurrent Cycle
[2020-01-29T21:37:52.258+0300][128.793s][info ][gc] GC(4293) Pause Young (Normal) (G1 Evacuation Pause) 239M->240M(256M) 8.031ms
[2020-01-29T21:37:52.279+0300][128.814s][info ][gc] GC(4294) To-space exhausted
[2020-01-29T21:37:52.279+0300][128.815s][info ][gc] GC(4294) Pause Young (Normal) (G1 Evacuation Pause) 250M->253M(256M) 17.192ms
[2020-01-29T21:37:52.290+0300][128.826s][info ][gc] GC(4295) To-space exhausted
[2020-01-29T21:37:52.290+0300][128.826s][info ][gc] GC(4295) Pause Young (Normal) (G1 Evacuation Pause) 255M->255M(256M) 10.593ms
[2020-01-29T21:37:52.291+0300][128.826s][debug][gc] GC(4296) Clear Next Bitmap 0.090ms
[2020-01-29T21:37:52.331+0300][128.866s][info ][gc] GC(4296) Pause Full (G1 Evacuation Pause) 255M->71M(256M) 40.178ms
[2020-01-29T21:37:52.331+0300][128.867s][info ][gc] GC(4292) Concurrent Cycle 88.264ms
[2020-01-29T21:37:52.381+0300][128.917s][info ][gc] GC(4297) Pause Young (Normal) (G1 Evacuation Pause) 120M->120M(256M) 30.649ms
[2020-01-29T21:37:52.413+0300][128.948s][info ][gc] GC(4298) Pause Young (Concurrent Start) (G1 Humongous Allocation) 136M->137M(256M) 14.389ms
[2020-01-29T21:37:52.413+0300][128.948s][info ][gc] GC(4299) Concurrent Cycle
[2020-01-29T21:37:52.448+0300][128.983s][info ][gc] GC(4300) Pause Young (Normal) (G1 Evacuation Pause) 185M->186M(256M) 21.816ms
[2020-01-29T21:37:52.452+0300][128.988s][debug][gc] GC(4299) Reclaimed 111 empty regions
[2020-01-29T21:37:52.452+0300][128.988s][info ][gc] GC(4299) Pause Remark 193M->84M(256M) 0.639ms
[2020-01-29T21:37:52.466+0300][129.001s][info ][gc] GC(4301) Pause Young (Normal) (G1 Evacuation Pause) 89M->90M(256M) 11.640ms
[2020-01-29T21:37:52.517+0300][129.052s][info ][gc] GC(4302) Pause Young (Normal) (G1 Evacuation Pause) 133M->134M(256M) 33.628ms
[2020-01-29T21:37:52.570+0300][129.105s][info ][gc] GC(4303) Pause Young (Normal) (G1 Evacuation Pause) 163M->163M(256M) 41.034ms
[2020-01-29T21:37:52.595+0300][129.130s][info ][gc] GC(4299) Pause Cleanup 202M->202M(256M) 0.041ms
[2020-01-29T21:37:52.595+0300][129.130s][info ][gc] GC(4299) Concurrent Cycle 181.286ms
[2020-01-29T21:37:52.625+0300][129.160s][info ][gc] GC(4304) Pause Young (Normal) (G1 Evacuation Pause) 203M->204M(256M) 29.570ms
[2020-01-29T21:37:52.641+0300][129.175s][info ][gc] GC(4305) Pause Young (Concurrent Start) (G1 Evacuation Pause) 212M->213M(256M) 12.171ms
[2020-01-29T21:37:52.641+0300][129.175s][info ][gc] GC(4306) Concurrent Cycle
[2020-01-29T21:37:52.653+0300][129.189s][info ][gc] GC(4307) Pause Young (Normal) (G1 Evacuation Pause) 223M->224M(256M) 6.904ms
[2020-01-29T21:37:52.665+0300][129.200s][info ][gc] GC(4308) Pause Young (Normal) (G1 Evacuation Pause) 234M->235M(256M) 7.451ms
[2020-01-29T21:37:52.679+0300][129.215s][info ][gc] GC(4309) To-space exhausted
[2020-01-29T21:37:52.679+0300][129.215s][info ][gc] GC(4309) Pause Young (Normal) (G1 Evacuation Pause) 245M->247M(256M) 10.107ms
[2020-01-29T21:37:52.701+0300][129.237s][info ][gc] GC(4310) To-space exhausted
[2020-01-29T21:37:52.701+0300][129.237s][info ][gc] GC(4310) Pause Young (Normal) (G1 Evacuation Pause) 255M->255M(256M) 18.684ms
[2020-01-29T21:37:52.701+0300][129.237s][debug][gc] GC(4311) Clear Next Bitmap 0.060ms
[2020-01-29T21:37:52.746+0300][129.282s][info ][gc] GC(4311) Pause Full (G1 Evacuation Pause) 255M->84M(256M) 44.940ms
[2020-01-29T21:37:52.747+0300][129.282s][info ][gc] GC(4306) Concurrent Cycle 106.746ms
[2020-01-29T21:37:52.788+0300][129.323s][info ][gc] GC(4312) Pause Young (Normal) (G1 Evacuation Pause) 129M->129M(256M) 23.628ms
[2020-01-29T21:37:52.810+0300][129.346s][info ][gc] GC(4313) Pause Young (Concurrent Start) (G1 Humongous Allocation) 137M->137M(256M) 8.700ms
[2020-01-29T21:37:52.810+0300][129.346s][info ][gc] GC(4314) Concurrent Cycle
[2020-01-29T21:37:52.822+0300][129.358s][debug][gc] GC(4314) Reclaimed 121 empty regions
[2020-01-29T21:37:52.822+0300][129.358s][info ][gc] GC(4314) Pause Remark 183M->65M(256M) 0.640ms
[2020-01-29T21:37:52.843+0300][129.378s][info ][gc] GC(4315) Pause Young (Normal) (G1 Evacuation Pause) 66M->62M(256M) 19.369ms
[2020-01-29T21:37:52.908+0300][129.443s][info ][gc] GC(4316) Pause Young (Normal) (G1 Evacuation Pause) 114M->114M(256M) 44.516ms
[2020-01-29T21:37:52.909+0300][129.444s][info ][gc] GC(4314) Pause Cleanup 115M->115M(256M) 0.044ms
[2020-01-29T21:37:52.909+0300][129.444s][info ][gc] GC(4314) Concurrent Cycle 98.188ms
[2020-01-29T21:37:52.976+0300][129.511s][info ][gc] GC(4317) Pause Young (Concurrent Start) (G1 Humongous Allocation) 149M->150M(256M) 43.142ms
[2020-01-29T21:37:52.976+0300][129.511s][info ][gc] GC(4318) Concurrent Cycle
[2020-01-29T21:37:53.017+0300][129.552s][info ][gc] GC(4319) Pause Young (Normal) (G1 Evacuation Pause) 194M->195M(256M) 18.203ms
[2020-01-29T21:37:53.022+0300][129.556s][debug][gc] GC(4318) Reclaimed 99 empty regions
[2020-01-29T21:37:53.022+0300][129.556s][info ][gc] GC(4318) Pause Remark 204M->105M(256M) 0.640ms
[2020-01-29T21:37:53.031+0300][129.566s][info ][gc] GC(4320) Pause Young (Normal) (G1 Evacuation Pause) 106M->107M(256M) 9.340ms
[2020-01-29T21:37:53.090+0300][129.625s][info ][gc] GC(4321) Pause Young (Normal) (G1 Evacuation Pause) 145M->145M(256M) 30.752ms
[2020-01-29T21:37:53.147+0300][129.682s][info ][gc] GC(4322) Pause Young (Normal) (G1 Evacuation Pause) 171M->172M(256M) 40.044ms
[2020-01-29T21:37:53.169+0300][129.704s][info ][gc] GC(4318) Pause Cleanup 189M->189M(256M) 0.049ms
[2020-01-29T21:37:53.169+0300][129.705s][info ][gc] GC(4318) Concurrent Cycle 193.919ms
[2020-01-29T21:37:53.205+0300][129.740s][info ][gc] GC(4323) Pause Young (Concurrent Start) (G1 Humongous Allocation) 189M->190M(256M) 28.531ms
[2020-01-29T21:37:53.205+0300][129.741s][info ][gc] GC(4324) Concurrent Cycle
[2020-01-29T21:37:53.232+0300][129.767s][info ][gc] GC(4325) Pause Young (Normal) (G1 Evacuation Pause) 222M->222M(256M) 14.078ms
[2020-01-29T21:37:53.237+0300][129.772s][debug][gc] GC(4324) Reclaimed 159 empty regions
[2020-01-29T21:37:53.237+0300][129.772s][info ][gc] GC(4324) Pause Remark 231M->72M(256M) 0.660ms
[2020-01-29T21:37:53.245+0300][129.781s][info ][gc] GC(4326) Pause Young (Normal) (G1 Evacuation Pause) 73M->74M(256M) 8.034ms
[2020-01-29T21:37:53.308+0300][129.843s][info ][gc] GC(4327) Pause Young (Normal) (G1 Evacuation Pause) 122M->123M(256M) 41.357ms
[2020-01-29T21:37:53.372+0300][129.907s][info ][gc] GC(4328) Pause Young (Normal) (G1 Evacuation Pause) 156M->157M(256M) 49.104ms
[2020-01-29T21:37:53.376+0300][129.910s][info ][gc] GC(4324) Pause Cleanup 158M->158M(256M) 0.050ms
[2020-01-29T21:37:53.376+0300][129.911s][info ][gc] GC(4324) Concurrent Cycle 170.306ms
[2020-01-29T21:37:53.422+0300][129.958s][info ][gc] GC(4329) Pause Young (Concurrent Start) (G1 Humongous Allocation) 169M->170M(256M) 30.168ms
[2020-01-29T21:37:53.422+0300][129.958s][info ][gc] GC(4330) Concurrent Cycle
[2020-01-29T21:37:53.453+0300][129.989s][info ][gc] GC(4331) Pause Young (Normal) (G1 Evacuation Pause) 208M->209M(256M) 20.693ms
[2020-01-29T21:37:53.458+0300][129.993s][debug][gc] GC(4330) Reclaimed 143 empty regions
[2020-01-29T21:37:53.458+0300][129.993s][info ][gc] GC(4330) Pause Remark 217M->74M(256M) 0.851ms
[2020-01-29T21:37:53.467+0300][130.003s][info ][gc] GC(4332) Pause Young (Normal) (G1 Evacuation Pause) 75M->76M(256M) 8.512ms
[2020-01-29T21:37:53.524+0300][130.059s][info ][gc] GC(4333) Pause Young (Normal) (G1 Evacuation Pause) 123M->124M(256M) 36.286ms
[2020-01-29T21:37:53.579+0300][130.115s][info ][gc] GC(4334) Pause Young (Normal) (G1 Evacuation Pause) 156M->158M(256M) 41.710ms
[2020-01-29T21:37:53.586+0300][130.121s][info ][gc] GC(4330) Pause Cleanup 167M->167M(256M) 0.045ms
[2020-01-29T21:37:53.586+0300][130.122s][info ][gc] GC(4330) Concurrent Cycle 164.081ms
[2020-01-29T21:37:53.621+0300][130.156s][info ][gc] GC(4335) Pause Young (Concurrent Start) (G1 Humongous Allocation) 167M->168M(256M) 25.938ms
[2020-01-29T21:37:53.621+0300][130.156s][info ][gc] GC(4336) Concurrent Cycle
[2020-01-29T21:37:53.646+0300][130.181s][info ][gc] GC(4337) Pause Young (Normal) (G1 Evacuation Pause) 207M->208M(256M) 16.434ms
[2020-01-29T21:37:53.650+0300][130.185s][debug][gc] GC(4336) Reclaimed 143 empty regions
[2020-01-29T21:37:53.650+0300][130.185s][info ][gc] GC(4336) Pause Remark 215M->72M(256M) 0.654ms
[2020-01-29T21:37:53.658+0300][130.193s][info ][gc] GC(4338) Pause Young (Normal) (G1 Evacuation Pause) 74M->74M(256M) 7.265ms
[2020-01-29T21:37:53.712+0300][130.247s][info ][gc] GC(4339) Pause Young (Normal) (G1 Evacuation Pause) 122M->123M(256M) 34.294ms
[2020-01-29T21:37:53.770+0300][130.305s][info ][gc] GC(4340) Pause Young (Normal) (G1 Evacuation Pause) 156M->157M(256M) 45.254ms
[2020-01-29T21:37:53.777+0300][130.313s][info ][gc] GC(4336) Pause Cleanup 163M->163M(256M) 0.047ms
[2020-01-29T21:37:53.777+0300][130.313s][info ][gc] GC(4336) Concurrent Cycle 157.161ms
[2020-01-29T21:37:53.809+0300][130.345s][info ][gc] GC(4341) Pause Young (Concurrent Start) (G1 Humongous Allocation) 163M->164M(256M) 25.297ms
[2020-01-29T21:37:53.809+0300][130.345s][info ][gc] GC(4342) Concurrent Cycle
[2020-01-29T21:37:53.835+0300][130.371s][info ][gc] GC(4343) Pause Young (Normal) (G1 Evacuation Pause) 204M->204M(256M) 16.824ms
[2020-01-29T21:37:53.836+0300][130.372s][debug][gc] GC(4342) Reclaimed 143 empty regions
[2020-01-29T21:37:53.836+0300][130.372s][info ][gc] GC(4342) Pause Remark 206M->63M(256M) 0.637ms
[2020-01-29T21:37:53.847+0300][130.383s][info ][gc] GC(4344) Pause Young (Normal) (G1 Evacuation Pause) 70M->71M(256M) 7.649ms
[2020-01-29T21:37:53.902+0300][130.437s][info ][gc] GC(4345) Pause Young (Normal) (G1 Evacuation Pause) 120M->120M(256M) 34.538ms
[2020-01-29T21:37:53.915+0300][130.450s][info ][gc] GC(4342) Pause Cleanup 151M->151M(256M) 0.040ms
[2020-01-29T21:37:53.915+0300][130.450s][info ][gc] GC(4342) Concurrent Cycle 105.844ms
[2020-01-29T21:37:53.956+0300][130.491s][info ][gc] GC(4346) Pause Young (Normal) (G1 Evacuation Pause) 154M->155M(256M) 39.401ms
[2020-01-29T21:37:53.972+0300][130.507s][info ][gc] GC(4347) Pause Young (Concurrent Start) (G1 Humongous Allocation) 158M->160M(256M) 5.194ms
[2020-01-29T21:37:53.972+0300][130.508s][info ][gc] GC(4348) Concurrent Cycle
[2020-01-29T21:37:53.981+0300][130.517s][debug][gc] GC(4348) Reclaimed 140 empty regions
[2020-01-29T21:37:53.982+0300][130.517s][info ][gc] GC(4348) Pause Remark 198M->58M(256M) 0.794ms
[2020-01-29T21:37:53.997+0300][130.533s][info ][gc] GC(4349) Pause Young (Normal) (G1 Evacuation Pause) 61M->58M(256M) 14.623ms
[2020-01-29T21:37:54.014+0300][130.550s][info ][gc] GC(4348) Pause Cleanup 99M->99M(256M) 0.038ms
[2020-01-29T21:37:54.015+0300][130.550s][info ][gc] GC(4348) Concurrent Cycle 42.608ms
[2020-01-29T21:37:54.060+0300][130.595s][info ][gc] GC(4350) Pause Young (Normal) (G1 Evacuation Pause) 111M->112M(256M) 40.188ms
[2020-01-29T21:37:54.102+0300][130.637s][info ][gc] GC(4351) Pause Young (Concurrent Start) (G1 Evacuation Pause) 148M->149M(256M) 26.906ms
[2020-01-29T21:37:54.102+0300][130.637s][info ][gc] GC(4352) Concurrent Cycle
[2020-01-29T21:37:54.148+0300][130.682s][info ][gc] GC(4353) Pause Young (Normal) (G1 Evacuation Pause) 194M->195M(256M) 22.494ms
[2020-01-29T21:37:54.160+0300][130.696s][info ][gc] GC(4354) Pause Young (Normal) (G1 Evacuation Pause) 205M->206M(256M) 9.211ms
[2020-01-29T21:37:54.172+0300][130.708s][info ][gc] GC(4355) Pause Young (Normal) (G1 Evacuation Pause) 216M->217M(256M) 7.812ms
[2020-01-29T21:37:54.185+0300][130.720s][info ][gc] GC(4356) Pause Young (Normal) (G1 Evacuation Pause) 227M->229M(256M) 8.163ms
[2020-01-29T21:37:54.196+0300][130.731s][info ][gc] GC(4357) Pause Young (Normal) (G1 Evacuation Pause) 239M->240M(256M) 6.876ms
[2020-01-29T21:37:54.216+0300][130.752s][info ][gc] GC(4358) To-space exhausted
[2020-01-29T21:37:54.217+0300][130.752s][info ][gc] GC(4358) Pause Young (Normal) (G1 Evacuation Pause) 250M->253M(256M) 16.282ms
[2020-01-29T21:37:54.228+0300][130.763s][info ][gc] GC(4359) To-space exhausted
[2020-01-29T21:37:54.228+0300][130.763s][info ][gc] GC(4359) Pause Young (Normal) (G1 Evacuation Pause) 255M->255M(256M) 10.656ms
[2020-01-29T21:37:54.228+0300][130.763s][debug][gc] GC(4360) Clear Next Bitmap 0.072ms
[2020-01-29T21:37:54.282+0300][130.817s][info ][gc] GC(4360) Pause Full (G1 Evacuation Pause) 255M->93M(256M) 53.919ms
[2020-01-29T21:37:54.283+0300][130.817s][info ][gc] GC(4352) Concurrent Cycle 180.595ms
[2020-01-29T21:37:54.322+0300][130.857s][info ][gc] GC(4361) Pause Young (Normal) (G1 Evacuation Pause) 135M->135M(256M) 23.418ms
[2020-01-29T21:37:54.339+0300][130.874s][info ][gc] GC(4362) Pause Young (Concurrent Start) (G1 Humongous Allocation) 136M->137M(256M) 5.627ms
[2020-01-29T21:37:54.339+0300][130.874s][info ][gc] GC(4363) Concurrent Cycle
[2020-01-29T21:37:54.346+0300][130.882s][debug][gc] GC(4363) Reclaimed 126 empty regions
[2020-01-29T21:37:54.346+0300][130.882s][info ][gc] GC(4363) Pause Remark 173M->48M(256M) 0.629ms
[2020-01-29T21:37:54.369+0300][130.905s][info ][gc] GC(4364) Pause Young (Normal) (G1 Evacuation Pause) 60M->60M(256M) 17.623ms
[2020-01-29T21:37:54.381+0300][130.917s][info ][gc] GC(4363) Pause Cleanup 91M->91M(256M) 0.037ms
[2020-01-29T21:37:54.381+0300][130.917s][info ][gc] GC(4363) Concurrent Cycle 42.936ms
[2020-01-29T21:37:54.432+0300][130.967s][info ][gc] GC(4365) Pause Young (Normal) (G1 Evacuation Pause) 113M->114M(256M) 41.058ms
[2020-01-29T21:37:54.485+0300][131.020s][info ][gc] GC(4366) Pause Young (Concurrent Start) (G1 Humongous Allocation) 148M->149M(256M) 29.338ms
[2020-01-29T21:37:54.485+0300][131.020s][info ][gc] GC(4367) Concurrent Cycle
[2020-01-29T21:37:54.526+0300][131.061s][info ][gc] GC(4368) Pause Young (Normal) (G1 Evacuation Pause) 194M->195M(256M) 18.856ms
[2020-01-29T21:37:54.531+0300][131.066s][debug][gc] GC(4367) Reclaimed 101 empty regions
[2020-01-29T21:37:54.531+0300][131.066s][info ][gc] GC(4367) Pause Remark 205M->104M(256M) 0.866ms
[2020-01-29T21:37:54.541+0300][131.077s][info ][gc] GC(4369) Pause Young (Normal) (G1 Evacuation Pause) 104M->105M(256M) 9.970ms
[2020-01-29T21:37:54.584+0300][131.119s][info ][gc] GC(4370) Pause Young (Normal) (G1 Evacuation Pause) 143M->143M(256M) 26.352ms
[2020-01-29T21:37:54.627+0300][131.162s][info ][gc] GC(4371) Pause Young (Normal) (G1 Evacuation Pause) 169M->170M(256M) 32.490ms
[2020-01-29T21:37:54.685+0300][131.219s][info ][gc] GC(4372) Pause Young (Normal) (G1 Evacuation Pause) 208M->209M(256M) 36.053ms
[2020-01-29T21:37:54.720+0300][131.256s][info ][gc] GC(4373) Pause Young (Normal) (G1 Evacuation Pause) 218M->219M(256M) 30.645ms
[2020-01-29T21:37:54.753+0300][131.289s][info ][gc] GC(4374) Pause Young (Normal) (G1 Evacuation Pause) 229M->230M(256M) 28.258ms
[2020-01-29T21:37:54.788+0300][131.324s][info ][gc] GC(4375) Pause Young (Normal) (G1 Evacuation Pause) 240M->241M(256M) 30.433ms
[2020-01-29T21:37:54.795+0300][131.331s][info ][gc] GC(4367) Pause Cleanup 242M->242M(256M) 0.051ms
[2020-01-29T21:37:54.796+0300][131.331s][info ][gc] GC(4367) Concurrent Cycle 310.764ms
[2020-01-29T21:37:54.847+0300][131.382s][info ][gc] GC(4376) To-space exhausted
[2020-01-29T21:37:54.847+0300][131.382s][info ][gc] GC(4376) Pause Young (Normal) (G1 Evacuation Pause) 251M->254M(256M) 46.813ms
[2020-01-29T21:37:54.857+0300][131.392s][info ][gc] GC(4377) To-space exhausted
[2020-01-29T21:37:54.857+0300][131.392s][info ][gc] GC(4377) Pause Young (Concurrent Start) (G1 Evacuation Pause) 255M->255M(256M) 9.369ms
[2020-01-29T21:37:54.857+0300][131.392s][info ][gc] GC(4379) Concurrent Cycle
[2020-01-29T21:37:54.857+0300][131.393s][debug][gc] GC(4378) Clear Next Bitmap 0.105ms
[2020-01-29T21:37:54.891+0300][131.427s][info ][gc] GC(4378) Pause Full (G1 Evacuation Pause) 255M->64M(256M) 34.187ms
[2020-01-29T21:37:54.892+0300][131.427s][info ][gc] GC(4379) Concurrent Cycle 34.529ms
[2020-01-29T21:37:54.945+0300][131.480s][info ][gc] GC(4380) Pause Young (Normal) (G1 Evacuation Pause) 120M->119M(256M) 30.987ms
[2020-01-29T21:37:54.977+0300][131.512s][info ][gc] GC(4381) Pause Young (Concurrent Start) (G1 Humongous Allocation) 136M->137M(256M) 13.919ms
[2020-01-29T21:37:54.977+0300][131.512s][info ][gc] GC(4382) Concurrent Cycle
[2020-01-29T21:37:55.013+0300][131.547s][info ][gc] GC(4383) Pause Young (Normal) (G1 Evacuation Pause) 185M->186M(256M) 22.490ms
[2020-01-29T21:37:55.017+0300][131.552s][debug][gc] GC(4382) Reclaimed 110 empty regions
[2020-01-29T21:37:55.017+0300][131.552s][info ][gc] GC(4382) Pause Remark 196M->89M(256M) 0.629ms
[2020-01-29T21:37:55.027+0300][131.563s][info ][gc] GC(4384) Pause Young (Normal) (G1 Evacuation Pause) 91M->92M(256M) 10.260ms
[2020-01-29T21:37:55.074+0300][131.609s][info ][gc] GC(4385) Pause Young (Normal) (G1 Evacuation Pause) 134M->135M(256M) 29.313ms
[2020-01-29T21:37:55.131+0300][131.667s][info ][gc] GC(4386) Pause Young (Normal) (G1 Evacuation Pause) 164M->164M(256M) 44.732ms
[2020-01-29T21:37:55.157+0300][131.692s][info ][gc] GC(4382) Pause Cleanup 200M->200M(256M) 0.046ms
[2020-01-29T21:37:55.157+0300][131.692s][info ][gc] GC(4382) Concurrent Cycle 180.669ms
[2020-01-29T21:37:55.185+0300][131.720s][info ][gc] GC(4387) Pause Young (Normal) (G1 Evacuation Pause) 204M->205M(256M) 26.636ms
[2020-01-29T21:37:55.196+0300][131.731s][info ][gc] GC(4388) Pause Young (Concurrent Start) (G1 Evacuation Pause) 213M->215M(256M) 7.452ms
[2020-01-29T21:37:55.196+0300][131.731s][info ][gc] GC(4389) Concurrent Cycle
[2020-01-29T21:37:55.211+0300][131.745s][info ][gc] GC(4390) Pause Young (Normal) (G1 Evacuation Pause) 225M->226M(256M) 7.810ms
[2020-01-29T21:37:55.223+0300][131.757s][info ][gc] GC(4391) Pause Young (Normal) (G1 Evacuation Pause) 236M->237M(256M) 7.777ms
[2020-01-29T21:37:55.238+0300][131.773s][info ][gc] GC(4392) To-space exhausted
[2020-01-29T21:37:55.238+0300][131.773s][info ][gc] GC(4392) Pause Young (Normal) (G1 Evacuation Pause) 247M->249M(256M) 11.502ms
[2020-01-29T21:37:55.256+0300][131.791s][info ][gc] GC(4393) To-space exhausted
[2020-01-29T21:37:55.256+0300][131.791s][info ][gc] GC(4393) Pause Young (Normal) (G1 Evacuation Pause) 255M->255M(256M) 15.279ms
[2020-01-29T21:37:55.256+0300][131.791s][debug][gc] GC(4394) Clear Next Bitmap 0.079ms
[2020-01-29T21:37:55.299+0300][131.834s][info ][gc] GC(4394) Pause Full (G1 Evacuation Pause) 255M->81M(256M) 43.360ms
[2020-01-29T21:37:55.299+0300][131.834s][info ][gc] GC(4389) Concurrent Cycle 103.275ms
[2020-01-29T21:37:55.344+0300][131.879s][info ][gc] GC(4395) Pause Young (Normal) (G1 Evacuation Pause) 127M->127M(256M) 26.861ms
[2020-01-29T21:37:55.366+0300][131.901s][info ][gc] GC(4396) Pause Young (Concurrent Start) (G1 Humongous Allocation) 136M->137M(256M) 8.254ms
[2020-01-29T21:37:55.366+0300][131.901s][info ][gc] GC(4397) Concurrent Cycle
[2020-01-29T21:37:55.378+0300][131.913s][debug][gc] GC(4397) Reclaimed 119 empty regions
[2020-01-29T21:37:55.378+0300][131.914s][info ][gc] GC(4397) Pause Remark 184M->67M(256M) 0.636ms
[2020-01-29T21:37:55.397+0300][131.933s][info ][gc] GC(4398) Pause Young (Normal) (G1 Evacuation Pause) 68M->64M(256M) 18.600ms
[2020-01-29T21:37:55.463+0300][131.999s][info ][gc] GC(4399) Pause Young (Normal) (G1 Evacuation Pause) 116M->117M(256M) 45.147ms
[2020-01-29T21:37:55.466+0300][132.001s][info ][gc] GC(4397) Pause Cleanup 121M->121M(256M) 0.041ms
[2020-01-29T21:37:55.466+0300][132.001s][info ][gc] GC(4397) Concurrent Cycle 99.653ms
[2020-01-29T21:37:55.528+0300][132.063s][info ][gc] GC(4400) Pause Young (Concurrent Start) (G1 Humongous Allocation) 152M->153M(256M) 39.761ms
[2020-01-29T21:37:55.528+0300][132.064s][info ][gc] GC(4401) Concurrent Cycle
[2020-01-29T21:37:55.573+0300][132.108s][info ][gc] GC(4402) Pause Young (Normal) (G1 Evacuation Pause) 196M->197M(256M) 22.430ms
[2020-01-29T21:37:55.578+0300][132.113s][debug][gc] GC(4401) Reclaimed 105 empty regions
[2020-01-29T21:37:55.578+0300][132.113s][info ][gc] GC(4401) Pause Remark 207M->102M(256M) 0.689ms
[2020-01-29T21:37:55.588+0300][132.122s][info ][gc] GC(4403) Pause Young (Normal) (G1 Evacuation Pause) 102M->103M(256M) 9.093ms
[2020-01-29T21:37:55.632+0300][132.167s][info ][gc] GC(4404) Pause Young (Normal) (G1 Evacuation Pause) 142M->142M(256M) 29.458ms
[2020-01-29T21:37:55.678+0300][132.213s][info ][gc] GC(4405) Pause Young (Normal) (G1 Evacuation Pause) 169M->170M(256M) 34.388ms
[2020-01-29T21:37:55.727+0300][132.263s][info ][gc] GC(4406) Pause Young (Normal) (G1 Evacuation Pause) 208M->209M(256M) 31.426ms
[2020-01-29T21:37:55.758+0300][132.293s][info ][gc] GC(4407) Pause Young (Normal) (G1 Evacuation Pause) 218M->219M(256M) 25.847ms
[2020-01-29T21:37:55.788+0300][132.323s][info ][gc] GC(4408) Pause Young (Normal) (G1 Evacuation Pause) 229M->230M(256M) 25.959ms
[2020-01-29T21:37:55.821+0300][132.355s][info ][gc] GC(4409) Pause Young (Normal) (G1 Evacuation Pause) 240M->242M(256M) 27.382ms
[2020-01-29T21:37:55.862+0300][132.398s][info ][gc] GC(4410) To-space exhausted
[2020-01-29T21:37:55.862+0300][132.398s][info ][gc] GC(4410) Pause Young (Normal) (G1 Evacuation Pause) 252M->255M(256M) 38.006ms
[2020-01-29T21:37:55.862+0300][132.398s][debug][gc] GC(4411) Clear Next Bitmap 0.055ms
[2020-01-29T21:37:55.898+0300][132.433s][info ][gc] GC(4411) Pause Full (G1 Evacuation Pause) 255M->62M(256M) 35.155ms
[2020-01-29T21:37:55.898+0300][132.433s][info ][gc] GC(4401) Concurrent Cycle 369.905ms
[2020-01-29T21:37:55.948+0300][132.483s][info ][gc] GC(4412) Pause Young (Normal) (G1 Evacuation Pause) 114M->114M(256M) 29.140ms
[2020-01-29T21:37:55.985+0300][132.520s][info ][gc] GC(4413) Pause Young (Concurrent Start) (G1 Humongous Allocation) 137M->137M(256M) 17.184ms
[2020-01-29T21:37:55.985+0300][132.520s][info ][gc] GC(4414) Concurrent Cycle
[2020-01-29T21:37:56.020+0300][132.556s][info ][gc] GC(4415) Pause Young (Normal) (G1 Evacuation Pause) 185M->186M(256M) 20.307ms
[2020-01-29T21:37:56.025+0300][132.560s][debug][gc] GC(4414) Reclaimed 95 empty regions
[2020-01-29T21:37:56.025+0300][132.560s][info ][gc] GC(4414) Pause Remark 195M->100M(256M) 0.642ms
[2020-01-29T21:37:56.037+0300][132.573s][info ][gc] GC(4416) Pause Young (Normal) (G1 Evacuation Pause) 105M->106M(256M) 10.592ms
[2020-01-29T21:37:56.081+0300][132.616s][info ][gc] GC(4417) Pause Young (Normal) (G1 Evacuation Pause) 144M->145M(256M) 28.329ms
[2020-01-29T21:37:56.129+0300][132.664s][info ][gc] GC(4418) Pause Young (Normal) (G1 Evacuation Pause) 171M->172M(256M) 36.529ms
[2020-01-29T21:37:56.179+0300][132.714s][info ][gc] GC(4419) Pause Young (Normal) (G1 Evacuation Pause) 209M->210M(256M) 31.179ms
[2020-01-29T21:37:56.209+0300][132.744s][info ][gc] GC(4420) Pause Young (Normal) (G1 Evacuation Pause) 219M->219M(256M) 25.155ms
[2020-01-29T21:37:56.239+0300][132.774s][info ][gc] GC(4421) Pause Young (Normal) (G1 Evacuation Pause) 229M->230M(256M) 26.093ms
[2020-01-29T21:37:56.241+0300][132.777s][info ][gc] GC(4414) Pause Cleanup 237M->237M(256M) 0.050ms
[2020-01-29T21:37:56.242+0300][132.777s][info ][gc] GC(4414) Concurrent Cycle 257.480ms
[2020-01-29T21:37:56.268+0300][132.803s][info ][gc] GC(4422) Pause Young (Normal) (G1 Evacuation Pause) 240M->241M(256M) 24.788ms
[2020-01-29T21:37:56.290+0300][132.825s][info ][gc] GC(4423) To-space exhausted
[2020-01-29T21:37:56.290+0300][132.826s][info ][gc] GC(4423) Pause Young (Concurrent Start) (G1 Evacuation Pause) 251M->254M(256M) 18.274ms
[2020-01-29T21:37:56.290+0300][132.826s][info ][gc] GC(4424) Concurrent Cycle
[2020-01-29T21:37:56.300+0300][132.835s][info ][gc] GC(4425) To-space exhausted
[2020-01-29T21:37:56.300+0300][132.835s][info ][gc] GC(4425) Pause Young (Normal) (G1 Evacuation Pause) 255M->255M(256M) 7.293ms
[2020-01-29T21:37:56.300+0300][132.835s][debug][gc] GC(4426) Clear Next Bitmap 0.065ms
[2020-01-29T21:37:56.340+0300][132.875s][info ][gc] GC(4426) Pause Full (G1 Evacuation Pause) 255M->69M(256M) 39.845ms
[2020-01-29T21:37:56.340+0300][132.875s][info ][gc] GC(4424) Concurrent Cycle 49.938ms
[2020-01-29T21:37:56.390+0300][132.926s][info ][gc] GC(4427) Pause Young (Normal) (G1 Evacuation Pause) 119M->118M(256M) 30.069ms
[2020-01-29T21:37:56.423+0300][132.958s][info ][gc] GC(4428) Pause Young (Concurrent Start) (G1 Humongous Allocation) 136M->137M(256M) 15.390ms
[2020-01-29T21:37:56.423+0300][132.958s][info ][gc] GC(4429) Concurrent Cycle
[2020-01-29T21:37:56.458+0300][132.993s][info ][gc] GC(4430) Pause Young (Normal) (G1 Evacuation Pause) 185M->186M(256M) 21.625ms
[2020-01-29T21:37:56.462+0300][132.997s][debug][gc] GC(4429) Reclaimed 104 empty regions
[2020-01-29T21:37:56.462+0300][132.998s][info ][gc] GC(4429) Pause Remark 195M->93M(256M) 0.639ms
[2020-01-29T21:37:56.478+0300][133.013s][info ][gc] GC(4431) Pause Young (Normal) (G1 Evacuation Pause) 96M->96M(256M) 14.136ms
[2020-01-29T21:37:56.526+0300][133.061s][info ][gc] GC(4432) Pause Young (Normal) (G1 Evacuation Pause) 137M->138M(256M) 31.848ms
[2020-01-29T21:37:56.576+0300][133.111s][info ][gc] GC(4433) Pause Young (Normal) (G1 Evacuation Pause) 166M->167M(256M) 37.940ms
[2020-01-29T21:37:56.634+0300][133.170s][info ][gc] GC(4434) Pause Young (Normal) (G1 Evacuation Pause) 206M->206M(256M) 39.502ms
[2020-01-29T21:37:56.685+0300][133.221s][info ][gc] GC(4435) Pause Young (Normal) (G1 Evacuation Pause) 215M->216M(256M) 45.230ms
[2020-01-29T21:37:56.687+0300][133.222s][info ][gc] GC(4429) Pause Cleanup 217M->217M(256M) 0.056ms
[2020-01-29T21:37:56.687+0300][133.222s][info ][gc] GC(4429) Concurrent Cycle 264.120ms
[2020-01-29T21:37:56.729+0300][133.265s][info ][gc] GC(4436) Pause Young (Normal) (G1 Evacuation Pause) 226M->227M(256M) 38.269ms
[2020-01-29T21:37:56.741+0300][133.277s][info ][gc] GC(4437) Pause Young (Concurrent Start) (G1 Evacuation Pause) 237M->238M(256M) 7.972ms
[2020-01-29T21:37:56.741+0300][133.277s][info ][gc] GC(4438) Concurrent Cycle
[2020-01-29T21:37:56.762+0300][133.297s][info ][gc] GC(4439) To-space exhausted
[2020-01-29T21:37:56.762+0300][133.297s][info ][gc] GC(4439) Pause Young (Normal) (G1 Evacuation Pause) 248M->251M(256M) 14.265ms
[2020-01-29T21:37:56.777+0300][133.312s][info ][gc] GC(4440) To-space exhausted
[2020-01-29T21:37:56.777+0300][133.312s][info ][gc] GC(4440) Pause Young (Normal) (G1 Evacuation Pause) 255M->255M(256M) 13.191ms
[2020-01-29T21:37:56.777+0300][133.312s][debug][gc] GC(4441) Clear Next Bitmap 0.102ms
[2020-01-29T21:37:56.821+0300][133.356s][info ][gc] GC(4441) Pause Full (G1 Evacuation Pause) 255M->77M(256M) 43.447ms
[2020-01-29T21:37:56.821+0300][133.356s][info ][gc] GC(4438) Concurrent Cycle 79.328ms
[2020-01-29T21:37:56.867+0300][133.402s][info ][gc] GC(4442) Pause Young (Normal) (G1 Evacuation Pause) 124M->124M(256M) 27.125ms
[2020-01-29T21:37:56.893+0300][133.428s][info ][gc] GC(4443) Pause Young (Concurrent Start) (G1 Humongous Allocation) 137M->137M(256M) 11.775ms
[2020-01-29T21:37:56.893+0300][133.428s][info ][gc] GC(4444) Concurrent Cycle
[2020-01-29T21:37:56.927+0300][133.461s][info ][gc] GC(4445) Pause Young (Normal) (G1 Evacuation Pause) 185M->186M(256M) 20.749ms
[2020-01-29T21:37:56.929+0300][133.464s][debug][gc] GC(4444) Reclaimed 116 empty regions
[2020-01-29T21:37:56.929+0300][133.464s][info ][gc] GC(4444) Pause Remark 191M->78M(256M) 0.678ms
[2020-01-29T21:37:56.944+0300][133.479s][info ][gc] GC(4446) Pause Young (Normal) (G1 Evacuation Pause) 85M->86M(256M) 11.311ms
[2020-01-29T21:37:56.994+0300][133.530s][info ][gc] GC(4447) Pause Young (Normal) (G1 Evacuation Pause) 130M->131M(256M) 33.654ms
[2020-01-29T21:37:57.046+0300][133.582s][info ][gc] GC(4448) Pause Young (Normal) (G1 Evacuation Pause) 161M->161M(256M) 39.253ms
[2020-01-29T21:37:57.062+0300][133.598s][info ][gc] GC(4444) Pause Cleanup 190M->190M(256M) 0.045ms
[2020-01-29T21:37:57.063+0300][133.598s][info ][gc] GC(4444) Concurrent Cycle 169.679ms
[2020-01-29T21:37:57.103+0300][133.639s][info ][gc] GC(4449) Pause Young (Normal) (G1 Evacuation Pause) 202M->203M(256M) 35.788ms
[2020-01-29T21:37:57.115+0300][133.651s][info ][gc] GC(4450) Pause Young (Concurrent Start) (G1 Evacuation Pause) 211M->212M(256M) 8.813ms
[2020-01-29T21:37:57.115+0300][133.651s][info ][gc] GC(4451) Concurrent Cycle
[2020-01-29T21:37:57.134+0300][133.669s][info ][gc] GC(4452) Pause Young (Normal) (G1 Evacuation Pause) 222M->223M(256M) 11.444ms
[2020-01-29T21:37:57.151+0300][133.686s][info ][gc] GC(4453) Pause Young (Normal) (G1 Evacuation Pause) 233M->234M(256M) 10.508ms
[2020-01-29T21:37:57.165+0300][133.701s][info ][gc] GC(4454) To-space exhausted
[2020-01-29T21:37:57.166+0300][133.701s][info ][gc] GC(4454) Pause Young (Normal) (G1 Evacuation Pause) 244M->245M(256M) 9.150ms
[2020-01-29T21:37:57.196+0300][133.731s][info ][gc] GC(4455) To-space exhausted
[2020-01-29T21:37:57.196+0300][133.731s][info ][gc] GC(4455) Pause Young (Normal) (G1 Evacuation Pause) 255M->255M(256M) 24.243ms
[2020-01-29T21:37:57.196+0300][133.731s][debug][gc] GC(4456) Clear Next Bitmap 0.068ms
[2020-01-29T21:37:57.258+0300][133.793s][info ][gc] GC(4456) Pause Full (G1 Evacuation Pause) 255M->89M(256M) 61.879ms
[2020-01-29T21:37:57.258+0300][133.793s][info ][gc] GC(4451) Concurrent Cycle 142.396ms
[2020-01-29T21:37:57.302+0300][133.836s][info ][gc] GC(4457) Pause Young (Normal) (G1 Evacuation Pause) 133M->134M(256M) 25.253ms
[2020-01-29T21:37:57.318+0300][133.859s][info ][gc] GC(4458) Pause Young (Concurrent Start) (G1 Humongous Allocation) 137M->138M(256M) 6.059ms
[2020-01-29T21:37:57.318+0300][133.859s][info ][gc] GC(4459) Concurrent Cycle
[2020-01-29T21:37:57.333+0300][133.869s][debug][gc] GC(4459) Reclaimed 125 empty regions
[2020-01-29T21:37:57.333+0300][133.869s][info ][gc] GC(4459) Pause Remark 178M->54M(256M) 0.849ms
[2020-01-29T21:37:57.355+0300][133.890s][info ][gc] GC(4460) Pause Young (Normal) (G1 Evacuation Pause) 61M->58M(256M) 17.888ms
[2020-01-29T21:37:57.370+0300][133.905s][info ][gc] GC(4459) Pause Cleanup 96M->96M(256M) 0.033ms
[2020-01-29T21:37:57.370+0300][133.905s][info ][gc] GC(4459) Concurrent Cycle 46.117ms
[2020-01-29T21:37:57.417+0300][133.952s][info ][gc] GC(4461) Pause Young (Normal) (G1 Evacuation Pause) 112M->113M(256M) 40.276ms
[2020-01-29T21:37:57.465+0300][134.000s][info ][gc] GC(4462) Pause Young (Concurrent Start) (G1 Humongous Allocation) 147M->147M(256M) 23.921ms
[2020-01-29T21:37:57.465+0300][134.000s][info ][gc] GC(4463) Concurrent Cycle
[2020-01-29T21:37:57.506+0300][134.041s][info ][gc] GC(4464) Pause Young (Normal) (G1 Evacuation Pause) 192M->193M(256M) 19.877ms
[2020-01-29T21:37:57.511+0300][134.046s][debug][gc] GC(4463) Reclaimed 101 empty regions
[2020-01-29T21:37:57.511+0300][134.046s][info ][gc] GC(4463) Pause Remark 202M->101M(256M) 0.642ms
[2020-01-29T21:37:57.520+0300][134.056s][info ][gc] GC(4465) Pause Young (Normal) (G1 Evacuation Pause) 103M->103M(256M) 8.997ms
[2020-01-29T21:37:57.563+0300][134.098s][info ][gc] GC(4466) Pause Young (Normal) (G1 Evacuation Pause) 142M->143M(256M) 27.006ms
[2020-01-29T21:37:57.608+0300][134.143s][info ][gc] GC(4467) Pause Young (Normal) (G1 Evacuation Pause) 169M->170M(256M) 33.534ms
[2020-01-29T21:37:57.673+0300][134.209s][info ][gc] GC(4468) Pause Young (Normal) (G1 Evacuation Pause) 208M->209M(256M) 43.845ms
[2020-01-29T21:37:57.711+0300][134.247s][info ][gc] GC(4469) Pause Young (Normal) (G1 Evacuation Pause) 218M->219M(256M) 33.904ms
[2020-01-29T21:37:57.746+0300][134.281s][info ][gc] GC(4470) Pause Young (Normal) (G1 Evacuation Pause) 229M->230M(256M) 30.004ms
[2020-01-29T21:37:57.786+0300][134.322s][info ][gc] GC(4471) Pause Young (Normal) (G1 Evacuation Pause) 240M->241M(256M) 36.097ms
[2020-01-29T21:37:57.832+0300][134.368s][info ][gc] GC(4472) To-space exhausted
[2020-01-29T21:37:57.832+0300][134.368s][info ][gc] GC(4472) Pause Young (Normal) (G1 Evacuation Pause) 251M->255M(256M) 40.070ms
[2020-01-29T21:37:57.833+0300][134.368s][debug][gc] GC(4473) Clear Next Bitmap 0.057ms
[2020-01-29T21:37:57.866+0300][134.402s][info ][gc] GC(4473) Pause Full (G1 Evacuation Pause) 255M->65M(256M) 33.486ms
[2020-01-29T21:37:57.866+0300][134.402s][info ][gc] GC(4463) Concurrent Cycle 402.281ms
[2020-01-29T21:37:57.914+0300][134.449s][info ][gc] GC(4474) Pause Young (Normal) (G1 Evacuation Pause) 116M->115M(256M) 27.783ms
[2020-01-29T21:37:57.951+0300][134.486s][info ][gc] GC(4475) Pause Young (Concurrent Start) (G1 Humongous Allocation) 137M->138M(256M) 17.163ms
[2020-01-29T21:37:57.951+0300][134.486s][info ][gc] GC(4476) Concurrent Cycle
[2020-01-29T21:37:57.986+0300][134.521s][info ][gc] GC(4477) Pause Young (Normal) (G1 Evacuation Pause) 186M->187M(256M) 20.135ms
[2020-01-29T21:37:57.991+0300][134.526s][debug][gc] GC(4476) Reclaimed 104 empty regions
[2020-01-29T21:37:57.991+0300][134.526s][info ][gc] GC(4476) Pause Remark 197M->93M(256M) 0.651ms
[2020-01-29T21:37:58.004+0300][134.539s][info ][gc] GC(4478) Pause Young (Normal) (G1 Evacuation Pause) 96M->96M(256M) 11.759ms
[2020-01-29T21:37:58.051+0300][134.586s][info ][gc] GC(4479) Pause Young (Normal) (G1 Evacuation Pause) 137M->138M(256M) 29.691ms
[2020-01-29T21:37:58.098+0300][134.633s][info ][gc] GC(4480) Pause Young (Normal) (G1 Evacuation Pause) 166M->167M(256M) 35.418ms
[2020-01-29T21:37:58.149+0300][134.684s][info ][gc] GC(4481) Pause Young (Normal) (G1 Evacuation Pause) 206M->207M(256M) 30.393ms
[2020-01-29T21:37:58.180+0300][134.715s][info ][gc] GC(4482) Pause Young (Normal) (G1 Evacuation Pause) 216M->216M(256M) 26.056ms
[2020-01-29T21:37:58.182+0300][134.717s][info ][gc] GC(4476) Pause Cleanup 220M->220M(256M) 0.049ms
[2020-01-29T21:37:58.182+0300][134.717s][info ][gc] GC(4476) Concurrent Cycle 231.100ms
[2020-01-29T21:37:58.207+0300][134.742s][info ][gc] GC(4483) Pause Young (Normal) (G1 Evacuation Pause) 226M->227M(256M) 22.371ms
[2020-01-29T21:37:58.220+0300][134.754s][info ][gc] GC(4484) Pause Young (Concurrent Start) (G1 Evacuation Pause) 237M->238M(256M) 8.204ms
[2020-01-29T21:37:58.220+0300][134.754s][info ][gc] GC(4485) Concurrent Cycle
[2020-01-29T21:37:58.239+0300][134.775s][info ][gc] GC(4486) To-space exhausted
[2020-01-29T21:37:58.239+0300][134.775s][info ][gc] GC(4486) Pause Young (Normal) (G1 Evacuation Pause) 248M->251M(256M) 14.039ms
[2020-01-29T21:37:58.254+0300][134.789s][info ][gc] GC(4487) To-space exhausted
[2020-01-29T21:37:58.254+0300][134.789s][info ][gc] GC(4487) Pause Young (Normal) (G1 Evacuation Pause) 255M->255M(256M) 12.840ms
[2020-01-29T21:37:58.254+0300][134.790s][debug][gc] GC(4488) Clear Next Bitmap 0.076ms
[2020-01-29T21:37:58.296+0300][134.832s][info ][gc] GC(4488) Pause Full (G1 Evacuation Pause) 255M->77M(256M) 42.267ms
[2020-01-29T21:37:58.296+0300][134.832s][info ][gc] GC(4485) Concurrent Cycle 77.502ms
[2020-01-29T21:37:58.340+0300][134.876s][info ][gc] GC(4489) Pause Young (Normal) (G1 Evacuation Pause) 124M->124M(256M) 25.316ms
[2020-01-29T21:37:58.366+0300][134.901s][info ][gc] GC(4490) Pause Young (Concurrent Start) (G1 Humongous Allocation) 136M->137M(256M) 9.997ms
[2020-01-29T21:37:58.366+0300][134.901s][info ][gc] GC(4491) Concurrent Cycle
[2020-01-29T21:37:58.398+0300][134.933s][info ][gc] GC(4492) Pause Young (Normal) (G1 Evacuation Pause) 185M->186M(256M) 19.721ms
[2020-01-29T21:37:58.399+0300][134.935s][debug][gc] GC(4491) Reclaimed 117 empty regions
[2020-01-29T21:37:58.399+0300][134.935s][info ][gc] GC(4491) Pause Remark 189M->74M(256M) 0.642ms
[2020-01-29T21:37:58.413+0300][134.948s][info ][gc] GC(4493) Pause Young (Normal) (G1 Evacuation Pause) 83M->84M(256M) 9.623ms
[2020-01-29T21:37:58.466+0300][135.001s][info ][gc] GC(4494) Pause Young (Normal) (G1 Evacuation Pause) 129M->130M(256M) 34.724ms
[2020-01-29T21:37:58.531+0300][135.066s][info ][gc] GC(4495) Pause Young (Normal) (G1 Evacuation Pause) 180M->181M(256M) 41.589ms
[2020-01-29T21:37:58.534+0300][135.069s][info ][gc] GC(4491) Pause Cleanup 188M->188M(256M) 0.040ms
[2020-01-29T21:37:58.535+0300][135.070s][info ][gc] GC(4491) Concurrent Cycle 168.534ms
[2020-01-29T21:37:58.567+0300][135.102s][info ][gc] GC(4496) Pause Young (Normal) (G1 Evacuation Pause) 196M->196M(256M) 29.385ms
[2020-01-29T21:37:58.582+0300][135.117s][info ][gc] GC(4497) Pause Young (Concurrent Start) (G1 Evacuation Pause) 206M->207M(256M) 10.396ms
[2020-01-29T21:37:58.582+0300][135.117s][info ][gc] GC(4498) Concurrent Cycle
[2020-01-29T21:37:58.597+0300][135.132s][info ][gc] GC(4499) Pause Young (Normal) (G1 Evacuation Pause) 217M->218M(256M) 7.974ms
[2020-01-29T21:37:58.610+0300][135.145s][info ][gc] GC(4500) Pause Young (Normal) (G1 Evacuation Pause) 228M->229M(256M) 8.403ms
[2020-01-29T21:37:58.621+0300][135.157s][info ][gc] GC(4501) Pause Young (Normal) (G1 Evacuation Pause) 239M->240M(256M) 7.871ms
[2020-01-29T21:37:58.643+0300][135.179s][info ][gc] GC(4502) To-space exhausted
[2020-01-29T21:37:58.643+0300][135.179s][info ][gc] GC(4502) Pause Young (Normal) (G1 Evacuation Pause) 250M->252M(256M) 17.205ms
[2020-01-29T21:37:58.656+0300][135.191s][info ][gc] GC(4503) To-space exhausted
[2020-01-29T21:37:58.656+0300][135.191s][info ][gc] GC(4503) Pause Young (Normal) (G1 Evacuation Pause) 255M->255M(256M) 11.486ms
[2020-01-29T21:37:58.656+0300][135.192s][debug][gc] GC(4504) Clear Next Bitmap 0.102ms
[2020-01-29T21:37:58.710+0300][135.246s][info ][gc] GC(4504) Pause Full (G1 Evacuation Pause) 255M->89M(256M) 54.429ms
[2020-01-29T21:37:58.711+0300][135.246s][info ][gc] GC(4498) Concurrent Cycle 129.588ms
[2020-01-29T21:37:58.755+0300][135.290s][info ][gc] GC(4505) Pause Young (Normal) (G1 Evacuation Pause) 133M->133M(256M) 26.048ms
[2020-01-29T21:37:58.774+0300][135.309s][info ][gc] GC(4506) Pause Young (Concurrent Start) (G1 Humongous Allocation) 136M->138M(256M) 7.151ms
[2020-01-29T21:37:58.774+0300][135.309s][info ][gc] GC(4507) Concurrent Cycle
[2020-01-29T21:37:58.783+0300][135.318s][debug][gc] GC(4507) Reclaimed 125 empty regions
[2020-01-29T21:37:58.783+0300][135.318s][info ][gc] GC(4507) Pause Remark 177M->53M(256M) 0.643ms
[2020-01-29T21:37:58.807+0300][135.342s][info ][gc] GC(4508) Pause Young (Normal) (G1 Evacuation Pause) 62M->60M(256M) 19.430ms
[2020-01-29T21:37:58.821+0300][135.356s][info ][gc] GC(4507) Pause Cleanup 94M->94M(256M) 0.036ms
[2020-01-29T21:37:58.821+0300][135.356s][info ][gc] GC(4507) Concurrent Cycle 47.038ms
[2020-01-29T21:37:58.870+0300][135.405s][info ][gc] GC(4509) Pause Young (Normal) (G1 Evacuation Pause) 113M->113M(256M) 41.717ms
[2020-01-29T21:37:58.919+0300][135.454s][info ][gc] GC(4510) Pause Young (Concurrent Start) (G1 Humongous Allocation) 148M->148M(256M) 24.332ms
[2020-01-29T21:37:58.919+0300][135.454s][info ][gc] GC(4511) Concurrent Cycle
[2020-01-29T21:37:58.960+0300][135.495s][info ][gc] GC(4512) Pause Young (Normal) (G1 Evacuation Pause) 193M->194M(256M) 18.811ms
[2020-01-29T21:37:58.964+0300][135.499s][debug][gc] GC(4511) Reclaimed 102 empty regions
[2020-01-29T21:37:58.964+0300][135.499s][info ][gc] GC(4511) Pause Remark 204M->102M(256M) 0.769ms
[2020-01-29T21:37:58.975+0300][135.510s][info ][gc] GC(4513) Pause Young (Normal) (G1 Evacuation Pause) 102M->103M(256M) 10.448ms
[2020-01-29T21:37:59.017+0300][135.553s][info ][gc] GC(4514) Pause Young (Normal) (G1 Evacuation Pause) 142M->142M(256M) 26.872ms
[2020-01-29T21:37:59.067+0300][135.603s][info ][gc] GC(4515) Pause Young (Normal) (G1 Evacuation Pause) 169M->170M(256M) 39.054ms
[2020-01-29T21:37:59.142+0300][135.678s][info ][gc] GC(4516) Pause Young (Normal) (G1 Evacuation Pause) 208M->209M(256M) 43.518ms
[2020-01-29T21:37:59.182+0300][135.718s][info ][gc] GC(4517) Pause Young (Normal) (G1 Evacuation Pause) 218M->220M(256M) 35.055ms
[2020-01-29T21:37:59.213+0300][135.748s][info ][gc] GC(4518) Pause Young (Normal) (G1 Evacuation Pause) 230M->231M(256M) 26.049ms
[2020-01-29T21:37:59.214+0300][135.749s][info ][gc] GC(4511) Pause Cleanup 231M->231M(256M) 0.042ms
[2020-01-29T21:37:59.214+0300][135.749s][info ][gc] GC(4511) Concurrent Cycle 295.374ms
[2020-01-29T21:37:59.242+0300][135.777s][info ][gc] GC(4519) Pause Young (Normal) (G1 Evacuation Pause) 241M->241M(256M) 24.327ms
[2020-01-29T21:37:59.266+0300][135.801s][info ][gc] GC(4520) To-space exhausted
[2020-01-29T21:37:59.266+0300][135.801s][info ][gc] GC(4520) Pause Young (Concurrent Start) (G1 Evacuation Pause) 251M->253M(256M) 19.730ms
[2020-01-29T21:37:59.266+0300][135.801s][info ][gc] GC(4521) Concurrent Cycle
[2020-01-29T21:37:59.276+0300][135.811s][info ][gc] GC(4522) To-space exhausted
[2020-01-29T21:37:59.276+0300][135.811s][info ][gc] GC(4522) Pause Young (Normal) (G1 Evacuation Pause) 255M->255M(256M) 7.505ms
[2020-01-29T21:37:59.276+0300][135.811s][debug][gc] GC(4523) Clear Next Bitmap 0.082ms
[2020-01-29T21:37:59.317+0300][135.851s][info ][gc] GC(4523) Pause Full (G1 Evacuation Pause) 255M->66M(256M) 40.039ms
[2020-01-29T21:37:59.317+0300][135.852s][info ][gc] GC(4521) Concurrent Cycle 50.303ms
[2020-01-29T21:37:59.364+0300][135.900s][info ][gc] GC(4524) Pause Young (Normal) (G1 Evacuation Pause) 117M->117M(256M) 27.906ms
[2020-01-29T21:37:59.398+0300][135.934s][info ][gc] GC(4525) Pause Young (Concurrent Start) (G1 Humongous Allocation) 136M->137M(256M) 15.468ms
[2020-01-29T21:37:59.398+0300][135.934s][info ][gc] GC(4526) Concurrent Cycle
[2020-01-29T21:37:59.433+0300][135.968s][info ][gc] GC(4527) Pause Young (Normal) (G1 Evacuation Pause) 185M->186M(256M) 20.501ms
[2020-01-29T21:37:59.437+0300][135.973s][debug][gc] GC(4526) Reclaimed 107 empty regions
[2020-01-29T21:37:59.437+0300][135.973s][info ][gc] GC(4526) Pause Remark 195M->89M(256M) 0.680ms
[2020-01-29T21:37:59.450+0300][135.985s][info ][gc] GC(4528) Pause Young (Normal) (G1 Evacuation Pause) 93M->94M(256M) 11.107ms
[2020-01-29T21:37:59.501+0300][136.036s][info ][gc] GC(4529) Pause Young (Normal) (G1 Evacuation Pause) 136M->136M(256M) 32.805ms
[2020-01-29T21:37:59.552+0300][136.087s][info ][gc] GC(4530) Pause Young (Normal) (G1 Evacuation Pause) 165M->166M(256M) 39.136ms
[2020-01-29T21:37:59.614+0300][136.149s][info ][gc] GC(4531) Pause Young (Normal) (G1 Evacuation Pause) 205M->206M(256M) 40.255ms
[2020-01-29T21:37:59.618+0300][136.153s][info ][gc] GC(4526) Pause Cleanup 211M->211M(256M) 0.048ms
[2020-01-29T21:37:59.618+0300][136.153s][info ][gc] GC(4526) Concurrent Cycle 219.079ms
[2020-01-29T21:37:59.651+0300][136.187s][info ][gc] GC(4532) Pause Young (Normal) (G1 Evacuation Pause) 215M->216M(256M) 31.437ms
[2020-01-29T21:37:59.665+0300][136.201s][info ][gc] GC(4533) Pause Young (Concurrent Start) (G1 Evacuation Pause) 226M->227M(256M) 10.143ms
[2020-01-29T21:37:59.665+0300][136.201s][info ][gc] GC(4534) Concurrent Cycle
[2020-01-29T21:37:59.682+0300][136.217s][info ][gc] GC(4535) Pause Young (Normal) (G1 Evacuation Pause) 237M->238M(256M) 9.956ms
[2020-01-29T21:37:59.705+0300][136.240s][info ][gc] GC(4536) To-space exhausted
[2020-01-29T21:37:59.705+0300][136.240s][info ][gc] GC(4536) Pause Young (Normal) (G1 Evacuation Pause) 248M->250M(256M) 15.521ms
[2020-01-29T21:37:59.722+0300][136.258s][info ][gc] GC(4537) To-space exhausted
[2020-01-29T21:37:59.722+0300][136.258s][info ][gc] GC(4537) Pause Young (Normal) (G1 Evacuation Pause) 255M->255M(256M) 15.518ms
[2020-01-29T21:37:59.723+0300][136.258s][debug][gc] GC(4538) Clear Next Bitmap 0.068ms
[2020-01-29T21:37:59.768+0300][136.304s][info ][gc] GC(4538) Pause Full (G1 Evacuation Pause) 255M->81M(256M) 46.035ms
[2020-01-29T21:37:59.769+0300][136.304s][info ][gc] GC(4534) Concurrent Cycle 103.282ms
[2020-01-29T21:37:59.822+0300][136.357s][info ][gc] GC(4539) Pause Young (Normal) (G1 Evacuation Pause) 127M->127M(256M) 35.148ms
[2020-01-29T21:37:59.849+0300][136.384s][info ][gc] GC(4540) Pause Young (Concurrent Start) (G1 Humongous Allocation) 136M->137M(256M) 12.854ms
[2020-01-29T21:37:59.850+0300][136.384s][info ][gc] GC(4541) Concurrent Cycle
[2020-01-29T21:37:59.862+0300][136.397s][debug][gc] GC(4541) Reclaimed 120 empty regions
[2020-01-29T21:37:59.862+0300][136.397s][info ][gc] GC(4541) Pause Remark 184M->67M(256M) 0.775ms
[2020-01-29T21:37:59.887+0300][136.422s][info ][gc] GC(4542) Pause Young (Normal) (G1 Evacuation Pause) 68M->64M(256M) 24.389ms
[2020-01-29T21:37:59.909+0300][136.444s][info ][gc] GC(4541) Pause Cleanup 111M->111M(256M) 0.038ms
[2020-01-29T21:37:59.909+0300][136.444s][info ][gc] GC(4541) Concurrent Cycle 59.457ms
[2020-01-29T21:37:59.967+0300][136.502s][info ][gc] GC(4543) Pause Young (Normal) (G1 Evacuation Pause) 115M->116M(256M) 56.043ms
[2020-01-29T21:38:00.006+0300][136.541s][info ][gc] GC(4544) Pause Young (Concurrent Start) (G1 Evacuation Pause) 151M->152M(256M) 24.741ms
[2020-01-29T21:38:00.006+0300][136.541s][info ][gc] GC(4545) Concurrent Cycle
[2020-01-29T21:38:00.047+0300][136.582s][info ][gc] GC(4546) Pause Young (Normal) (G1 Evacuation Pause) 196M->197M(256M) 19.158ms
[2020-01-29T21:38:00.061+0300][136.596s][info ][gc] GC(4547) Pause Young (Normal) (G1 Evacuation Pause) 207M->208M(256M) 8.834ms
[2020-01-29T21:38:00.073+0300][136.608s][info ][gc] GC(4548) Pause Young (Normal) (G1 Evacuation Pause) 218M->219M(256M) 7.896ms
[2020-01-29T21:38:00.087+0300][136.622s][info ][gc] GC(4549) Pause Young (Normal) (G1 Evacuation Pause) 229M->230M(256M) 10.359ms
[2020-01-29T21:38:00.102+0300][136.637s][info ][gc] GC(4550) Pause Young (Normal) (G1 Evacuation Pause) 240M->242M(256M) 10.371ms
[2020-01-29T21:38:00.125+0300][136.661s][info ][gc] GC(4551) To-space exhausted
[2020-01-29T21:38:00.125+0300][136.661s][info ][gc] GC(4551) Pause Young (Normal) (G1 Evacuation Pause) 252M->255M(256M) 19.314ms
[2020-01-29T21:38:00.125+0300][136.661s][debug][gc] GC(4552) Clear Next Bitmap 0.076ms
[2020-01-29T21:38:00.180+0300][136.715s][info ][gc] GC(4552) Pause Full (G1 Evacuation Pause) 255M->94M(256M) 54.492ms
[2020-01-29T21:38:00.180+0300][136.716s][info ][gc] GC(4545) Concurrent Cycle 174.934ms
[2020-01-29T21:38:00.226+0300][136.762s][info ][gc] GC(4553) Pause Young (Normal) (G1 Evacuation Pause) 136M->136M(256M) 29.427ms
[2020-01-29T21:38:00.242+0300][136.778s][info ][gc] GC(4554) Pause Young (Concurrent Start) (G1 Humongous Allocation) 137M->138M(256M) 4.739ms
[2020-01-29T21:38:00.242+0300][136.778s][info ][gc] GC(4555) Concurrent Cycle
[2020-01-29T21:38:00.250+0300][136.786s][debug][gc] GC(4555) Reclaimed 128 empty regions
[2020-01-29T21:38:00.251+0300][136.786s][info ][gc] GC(4555) Pause Remark 174M->49M(256M) 0.684ms
[2020-01-29T21:38:00.274+0300][136.809s][info ][gc] GC(4556) Pause Young (Normal) (G1 Evacuation Pause) 59M->59M(256M) 18.023ms
[2020-01-29T21:38:00.285+0300][136.821s][info ][gc] GC(4555) Pause Cleanup 88M->88M(256M) 0.037ms
[2020-01-29T21:38:00.286+0300][136.821s][info ][gc] GC(4555) Concurrent Cycle 43.177ms
[2020-01-29T21:38:00.335+0300][136.871s][info ][gc] GC(4557) Pause Young (Normal) (G1 Evacuation Pause) 112M->113M(256M) 40.210ms
[2020-01-29T21:38:00.383+0300][136.918s][info ][gc] GC(4558) Pause Young (Concurrent Start) (G1 Humongous Allocation) 148M->149M(256M) 23.097ms
[2020-01-29T21:38:00.383+0300][136.918s][info ][gc] GC(4559) Concurrent Cycle
[2020-01-29T21:38:00.425+0300][136.960s][info ][gc] GC(4560) Pause Young (Normal) (G1 Evacuation Pause) 194M->195M(256M) 19.063ms
[2020-01-29T21:38:00.429+0300][136.964s][debug][gc] GC(4559) Reclaimed 98 empty regions
[2020-01-29T21:38:00.429+0300][136.964s][info ][gc] GC(4559) Pause Remark 204M->106M(256M) 0.647ms
[2020-01-29T21:38:00.439+0300][136.974s][info ][gc] GC(4561) Pause Young (Normal) (G1 Evacuation Pause) 107M->107M(256M) 8.938ms
[2020-01-29T21:38:00.481+0300][137.016s][info ][gc] GC(4562) Pause Young (Normal) (G1 Evacuation Pause) 145M->146M(256M) 27.090ms
[2020-01-29T21:38:00.523+0300][137.059s][info ][gc] GC(4563) Pause Young (Normal) (G1 Evacuation Pause) 171M->172M(256M) 32.725ms
[2020-01-29T21:38:00.573+0300][137.109s][info ][gc] GC(4564) Pause Young (Normal) (G1 Evacuation Pause) 209M->210M(256M) 31.637ms
[2020-01-29T21:38:00.604+0300][137.140s][info ][gc] GC(4565) Pause Young (Normal) (G1 Evacuation Pause) 219M->220M(256M) 26.405ms
[2020-01-29T21:38:00.636+0300][137.171s][info ][gc] GC(4566) Pause Young (Normal) (G1 Evacuation Pause) 230M->231M(256M) 26.296ms
[2020-01-29T21:38:00.668+0300][137.203s][info ][gc] GC(4567) Pause Young (Normal) (G1 Evacuation Pause) 241M->242M(256M) 27.123ms
[2020-01-29T21:38:00.712+0300][137.247s][info ][gc] GC(4568) To-space exhausted
[2020-01-29T21:38:00.712+0300][137.247s][info ][gc] GC(4568) Pause Young (Normal) (G1 Evacuation Pause) 252M->255M(256M) 39.159ms
[2020-01-29T21:38:00.712+0300][137.247s][debug][gc] GC(4569) Clear Next Bitmap 0.052ms
[2020-01-29T21:38:00.743+0300][137.278s][info ][gc] GC(4569) Pause Full (G1 Evacuation Pause) 255M->61M(256M) 30.572ms
[2020-01-29T21:38:00.743+0300][137.278s][info ][gc] GC(4559) Concurrent Cycle 360.234ms
[2020-01-29T21:38:00.792+0300][137.327s][info ][gc] GC(4570) Pause Young (Normal) (G1 Evacuation Pause) 113M->113M(256M) 28.825ms
[2020-01-29T21:38:00.829+0300][137.364s][info ][gc] GC(4571) Pause Young (Concurrent Start) (G1 Humongous Allocation) 137M->138M(256M) 16.737ms
[2020-01-29T21:38:00.829+0300][137.364s][info ][gc] GC(4572) Concurrent Cycle
[2020-01-29T21:38:00.864+0300][137.400s][info ][gc] GC(4573) Pause Young (Normal) (G1 Evacuation Pause) 185M->186M(256M) 19.526ms
[2020-01-29T21:38:00.869+0300][137.404s][debug][gc] GC(4572) Reclaimed 103 empty regions
[2020-01-29T21:38:00.869+0300][137.404s][info ][gc] GC(4572) Pause Remark 196M->94M(256M) 0.638ms
[2020-01-29T21:38:00.879+0300][137.415s][info ][gc] GC(4574) Pause Young (Normal) (G1 Evacuation Pause) 97M->97M(256M) 9.626ms
[2020-01-29T21:38:00.927+0300][137.463s][info ][gc] GC(4575) Pause Young (Normal) (G1 Evacuation Pause) 138M->139M(256M) 31.491ms
[2020-01-29T21:38:00.973+0300][137.509s][info ][gc] GC(4576) Pause Young (Normal) (G1 Evacuation Pause) 167M->168M(256M) 34.857ms
[2020-01-29T21:38:01.025+0300][137.560s][info ][gc] GC(4577) Pause Young (Normal) (G1 Evacuation Pause) 207M->208M(256M) 32.650ms
[2020-01-29T21:38:01.055+0300][137.590s][info ][gc] GC(4578) Pause Young (Normal) (G1 Evacuation Pause) 217M->218M(256M) 26.222ms
[2020-01-29T21:38:01.087+0300][137.622s][info ][gc] GC(4579) Pause Young (Normal) (G1 Evacuation Pause) 228M->228M(256M) 27.222ms
[2020-01-29T21:38:01.090+0300][137.625s][info ][gc] GC(4572) Pause Cleanup 234M->234M(256M) 0.048ms
[2020-01-29T21:38:01.090+0300][137.625s][info ][gc] GC(4572) Concurrent Cycle 261.110ms
[2020-01-29T21:38:01.117+0300][137.652s][info ][gc] GC(4580) Pause Young (Normal) (G1 Evacuation Pause) 238M->239M(256M) 25.347ms
[2020-01-29T21:38:01.137+0300][137.672s][info ][gc] GC(4581) To-space exhausted
[2020-01-29T21:38:01.137+0300][137.672s][info ][gc] GC(4581) Pause Young (Concurrent Start) (G1 Evacuation Pause) 249M->252M(256M) 15.918ms
[2020-01-29T21:38:01.137+0300][137.672s][info ][gc] GC(4582) Concurrent Cycle
[2020-01-29T21:38:01.152+0300][137.687s][info ][gc] GC(4583) To-space exhausted
[2020-01-29T21:38:01.152+0300][137.687s][info ][gc] GC(4583) Pause Young (Normal) (G1 Evacuation Pause) 255M->255M(256M) 11.181ms
[2020-01-29T21:38:01.152+0300][137.687s][debug][gc] GC(4584) Clear Next Bitmap 0.065ms
[2020-01-29T21:38:01.196+0300][137.731s][info ][gc] GC(4584) Pause Full (G1 Evacuation Pause) 255M->75M(256M) 43.494ms
[2020-01-29T21:38:01.196+0300][137.731s][info ][gc] GC(4582) Concurrent Cycle 58.518ms
[2020-01-29T21:38:01.241+0300][137.776s][info ][gc] GC(4585) Pause Young (Normal) (G1 Evacuation Pause) 123M->123M(256M) 26.475ms
[2020-01-29T21:38:01.270+0300][137.805s][info ][gc] GC(4586) Pause Young (Concurrent Start) (G1 Humongous Allocation) 137M->137M(256M) 12.113ms
[2020-01-29T21:38:01.270+0300][137.805s][info ][gc] GC(4587) Concurrent Cycle
[2020-01-29T21:38:01.303+0300][137.838s][info ][gc] GC(4588) Pause Young (Normal) (G1 Evacuation Pause) 185M->186M(256M) 21.151ms
[2020-01-29T21:38:01.306+0300][137.841s][debug][gc] GC(4587) Reclaimed 113 empty regions
[2020-01-29T21:38:01.306+0300][137.841s][info ][gc] GC(4587) Pause Remark 192M->80M(256M) 0.637ms
[2020-01-29T21:38:01.320+0300][137.855s][info ][gc] GC(4589) Pause Young (Normal) (G1 Evacuation Pause) 87M->88M(256M) 11.594ms
[2020-01-29T21:38:01.371+0300][137.906s][info ][gc] GC(4590) Pause Young (Normal) (G1 Evacuation Pause) 132M->133M(256M) 33.028ms
[2020-01-29T21:38:01.425+0300][137.961s][info ][gc] GC(4591) Pause Young (Normal) (G1 Evacuation Pause) 163M->164M(256M) 41.778ms
[2020-01-29T21:38:01.442+0300][137.978s][info ][gc] GC(4587) Pause Cleanup 197M->197M(256M) 0.042ms
[2020-01-29T21:38:01.442+0300][137.978s][info ][gc] GC(4587) Concurrent Cycle 172.985ms
[2020-01-29T21:38:01.477+0300][138.012s][info ][gc] GC(4592) Pause Young (Normal) (G1 Evacuation Pause) 204M->205M(256M) 31.722ms
[2020-01-29T21:38:01.488+0300][138.023s][info ][gc] GC(4593) Pause Young (Concurrent Start) (G1 Evacuation Pause) 213M->215M(256M) 7.723ms
[2020-01-29T21:38:01.488+0300][138.023s][info ][gc] GC(4594) Concurrent Cycle
[2020-01-29T21:38:01.502+0300][138.037s][info ][gc] GC(4595) Pause Young (Normal) (G1 Evacuation Pause) 225M->225M(256M) 7.575ms
[2020-01-29T21:38:01.513+0300][138.049s][info ][gc] GC(4596) Pause Young (Normal) (G1 Evacuation Pause) 235M->236M(256M) 7.294ms
[2020-01-29T21:38:01.531+0300][138.066s][info ][gc] GC(4597) To-space exhausted
[2020-01-29T21:38:01.531+0300][138.066s][info ][gc] GC(4597) Pause Young (Normal) (G1 Evacuation Pause) 246M->250M(256M) 13.193ms
[2020-01-29T21:38:01.547+0300][138.082s][info ][gc] GC(4598) To-space exhausted
[2020-01-29T21:38:01.547+0300][138.082s][info ][gc] GC(4598) Pause Young (Normal) (G1 Evacuation Pause) 255M->255M(256M) 13.704ms
[2020-01-29T21:38:01.547+0300][138.082s][debug][gc] GC(4599) Clear Next Bitmap 0.084ms
[2020-01-29T21:38:01.592+0300][138.127s][info ][gc] GC(4599) Pause Full (G1 Evacuation Pause) 255M->83M(256M) 44.450ms
[2020-01-29T21:38:01.592+0300][138.127s][info ][gc] GC(4594) Concurrent Cycle 103.815ms
[2020-01-29T21:38:01.633+0300][138.169s][info ][gc] GC(4600) Pause Young (Normal) (G1 Evacuation Pause) 128M->128M(256M) 24.565ms
[2020-01-29T21:38:01.655+0300][138.191s][info ][gc] GC(4601) Pause Young (Concurrent Start) (G1 Humongous Allocation) 136M->137M(256M) 8.565ms
[2020-01-29T21:38:01.655+0300][138.191s][info ][gc] GC(4602) Concurrent Cycle
[2020-01-29T21:38:01.667+0300][138.203s][debug][gc] GC(4602) Reclaimed 120 empty regions
[2020-01-29T21:38:01.667+0300][138.203s][info ][gc] GC(4602) Pause Remark 183M->65M(256M) 0.662ms
[2020-01-29T21:38:01.686+0300][138.221s][info ][gc] GC(4603) Pause Young (Normal) (G1 Evacuation Pause) 67M->64M(256M) 17.434ms
[2020-01-29T21:38:01.749+0300][138.284s][info ][gc] GC(4604) Pause Young (Normal) (G1 Evacuation Pause) 116M->117M(256M) 42.185ms
[2020-01-29T21:38:01.749+0300][138.285s][info ][gc] GC(4602) Pause Cleanup 118M->118M(256M) 0.031ms
[2020-01-29T21:38:01.749+0300][138.285s][info ][gc] GC(4602) Concurrent Cycle 93.906ms
[2020-01-29T21:38:01.817+0300][138.352s][info ][gc] GC(4605) Pause Young (Concurrent Start) (G1 Humongous Allocation) 152M->152M(256M) 42.846ms
[2020-01-29T21:38:01.817+0300][138.352s][info ][gc] GC(4606) Concurrent Cycle
[2020-01-29T21:38:01.859+0300][138.394s][info ][gc] GC(4607) Pause Young (Normal) (G1 Evacuation Pause) 196M->197M(256M) 19.208ms
[2020-01-29T21:38:01.864+0300][138.399s][debug][gc] GC(4606) Reclaimed 104 empty regions
[2020-01-29T21:38:01.864+0300][138.399s][info ][gc] GC(4606) Pause Remark 206M->102M(256M) 0.785ms
[2020-01-29T21:38:01.875+0300][138.410s][info ][gc] GC(4608) Pause Young (Normal) (G1 Evacuation Pause) 103M->104M(256M) 11.056ms
[2020-01-29T21:38:01.918+0300][138.453s][info ][gc] GC(4609) Pause Young (Normal) (G1 Evacuation Pause) 143M->144M(256M) 26.981ms
[2020-01-29T21:38:01.962+0300][138.497s][info ][gc] GC(4610) Pause Young (Normal) (G1 Evacuation Pause) 170M->170M(256M) 33.214ms
[2020-01-29T21:38:02.019+0300][138.554s][info ][gc] GC(4611) Pause Young (Normal) (G1 Evacuation Pause) 208M->209M(256M) 36.492ms
[2020-01-29T21:38:02.052+0300][138.587s][info ][gc] GC(4612) Pause Young (Normal) (G1 Evacuation Pause) 218M->219M(256M) 28.416ms
[2020-01-29T21:38:02.089+0300][138.624s][info ][gc] GC(4613) Pause Young (Normal) (G1 Evacuation Pause) 229M->230M(256M) 32.324ms
[2020-01-29T21:38:02.124+0300][138.660s][info ][gc] GC(4614) Pause Young (Normal) (G1 Evacuation Pause) 240M->241M(256M) 29.968ms
[2020-01-29T21:38:02.167+0300][138.702s][info ][gc] GC(4615) To-space exhausted
[2020-01-29T21:38:02.167+0300][138.702s][info ][gc] GC(4615) Pause Young (Normal) (G1 Evacuation Pause) 251M->254M(256M) 37.930ms
[2020-01-29T21:38:02.168+0300][138.703s][info ][gc] GC(4606) Pause Cleanup 255M->255M(256M) 0.053ms
[2020-01-29T21:38:02.168+0300][138.704s][info ][gc] GC(4606) Concurrent Cycle 351.748ms
[2020-01-29T21:38:02.193+0300][138.729s][info ][gc] GC(4616) To-space exhausted
[2020-01-29T21:38:02.194+0300][138.729s][info ][gc] GC(4616) Pause Young (Normal) (G1 Evacuation Pause) 255M->255M(256M) 24.510ms
[2020-01-29T21:38:02.227+0300][138.762s][info ][gc] GC(4617) Pause Full (G1 Evacuation Pause) 255M->63M(256M) 33.009ms
[2020-01-29T21:38:02.280+0300][138.815s][info ][gc] GC(4618) Pause Young (Concurrent Start) (G1 Evacuation Pause) 120M->120M(256M) 30.329ms
[2020-01-29T21:38:02.280+0300][138.815s][info ][gc] GC(4619) Concurrent Cycle
[2020-01-29T21:38:02.336+0300][138.870s][info ][gc] GC(4620) Pause Young (Normal) (G1 Evacuation Pause) 175M->175M(256M) 25.334ms
[2020-01-29T21:38:02.357+0300][138.892s][info ][gc] GC(4621) Pause Young (Normal) (G1 Evacuation Pause) 191M->192M(256M) 14.976ms
[2020-01-29T21:38:02.370+0300][138.906s][info ][gc] GC(4622) Pause Young (Normal) (G1 Evacuation Pause) 203M->204M(256M) 9.018ms
[2020-01-29T21:38:02.382+0300][138.917s][info ][gc] GC(4623) Pause Young (Normal) (G1 Evacuation Pause) 214M->215M(256M) 7.648ms
[2020-01-29T21:38:02.394+0300][138.929s][info ][gc] GC(4624) Pause Young (Normal) (G1 Evacuation Pause) 225M->226M(256M) 7.625ms
[2020-01-29T21:38:02.406+0300][138.941s][info ][gc] GC(4625) Pause Young (Normal) (G1 Evacuation Pause) 236M->237M(256M) 7.727ms
[2020-01-29T21:38:02.424+0300][138.959s][info ][gc] GC(4626) To-space exhausted
[2020-01-29T21:38:02.424+0300][138.959s][info ][gc] GC(4626) Pause Young (Normal) (G1 Evacuation Pause) 247M->250M(256M) 13.875ms
[2020-01-29T21:38:02.439+0300][138.974s][info ][gc] GC(4627) To-space exhausted
[2020-01-29T21:38:02.439+0300][138.974s][info ][gc] GC(4627) Pause Young (Normal) (G1 Evacuation Pause) 254M->254M(256M) 13.345ms
[2020-01-29T21:38:02.439+0300][138.975s][debug][gc] GC(4628) Clear Next Bitmap 0.076ms
[2020-01-29T21:38:02.502+0300][139.037s][info ][gc] GC(4628) Pause Full (G1 Evacuation Pause) 254M->111M(256M) 62.791ms
[2020-01-29T21:38:02.503+0300][139.038s][info ][gc] GC(4619) Concurrent Cycle 222.482ms
[2020-01-29T21:38:02.539+0300][139.073s][info ][gc] GC(4629) Pause Young (Concurrent Start) (G1 Humongous Allocation) 137M->136M(256M) 15.084ms
[2020-01-29T21:38:02.539+0300][139.074s][info ][gc] GC(4630) Concurrent Cycle
[2020-01-29T21:38:02.572+0300][139.107s][info ][gc] GC(4631) Pause Young (Normal) (G1 Evacuation Pause) 185M->187M(256M) 20.446ms
[2020-01-29T21:38:02.576+0300][139.112s][debug][gc] GC(4630) Reclaimed 108 empty regions
[2020-01-29T21:38:02.576+0300][139.112s][info ][gc] GC(4630) Pause Remark 196M->90M(256M) 0.632ms
[2020-01-29T21:38:02.589+0300][139.125s][info ][gc] GC(4632) Pause Young (Normal) (G1 Evacuation Pause) 93M->94M(256M) 11.259ms
[2020-01-29T21:38:02.640+0300][139.175s][info ][gc] GC(4633) Pause Young (Normal) (G1 Evacuation Pause) 139M->140M(256M) 32.520ms
[2020-01-29T21:38:02.686+0300][139.221s][info ][gc] GC(4634) Pause Young (Normal) (G1 Evacuation Pause) 167M->168M(256M) 34.936ms
[2020-01-29T21:38:02.736+0300][139.272s][info ][gc] GC(4635) Pause Young (Normal) (G1 Evacuation Pause) 207M->208M(256M) 30.578ms
[2020-01-29T21:38:02.738+0300][139.274s][info ][gc] GC(4630) Pause Cleanup 212M->212M(256M) 0.041ms
[2020-01-29T21:38:02.739+0300][139.274s][info ][gc] GC(4630) Concurrent Cycle 200.297ms
[2020-01-29T21:38:02.764+0300][139.300s][info ][gc] GC(4636) Pause Young (Normal) (G1 Evacuation Pause) 217M->218M(256M) 23.609ms
[2020-01-29T21:38:02.776+0300][139.311s][info ][gc] GC(4637) Pause Young (Concurrent Start) (G1 Evacuation Pause) 228M->229M(256M) 7.828ms
[2020-01-29T21:38:02.776+0300][139.311s][info ][gc] GC(4638) Concurrent Cycle
[2020-01-29T21:38:02.790+0300][139.326s][info ][gc] GC(4639) Pause Young (Normal) (G1 Evacuation Pause) 239M->240M(256M) 7.799ms
[2020-01-29T21:38:02.811+0300][139.346s][info ][gc] GC(4640) To-space exhausted
[2020-01-29T21:38:02.811+0300][139.346s][info ][gc] GC(4640) Pause Young (Normal) (G1 Evacuation Pause) 250M->252M(256M) 16.020ms
[2020-01-29T21:38:02.823+0300][139.358s][info ][gc] GC(4641) To-space exhausted
[2020-01-29T21:38:02.823+0300][139.358s][info ][gc] GC(4641) Pause Young (Normal) (G1 Evacuation Pause) 255M->255M(256M) 11.476ms
[2020-01-29T21:38:02.824+0300][139.359s][debug][gc] GC(4642) Clear Next Bitmap 0.077ms
[2020-01-29T21:38:02.867+0300][139.402s][info ][gc] GC(4642) Pause Full (G1 Evacuation Pause) 255M->81M(256M) 43.012ms
[2020-01-29T21:38:02.867+0300][139.402s][info ][gc] GC(4638) Concurrent Cycle 90.404ms
[2020-01-29T21:38:02.911+0300][139.446s][info ][gc] GC(4643) Pause Young (Normal) (G1 Evacuation Pause) 127M->127M(256M) 25.701ms
[2020-01-29T21:38:02.934+0300][139.470s][info ][gc] GC(4644) Pause Young (Concurrent Start) (G1 Humongous Allocation) 137M->137M(256M) 9.262ms
[2020-01-29T21:38:02.934+0300][139.470s][info ][gc] GC(4645) Concurrent Cycle
[2020-01-29T21:38:02.946+0300][139.482s][debug][gc] GC(4645) Reclaimed 120 empty regions
[2020-01-29T21:38:02.946+0300][139.482s][info ][gc] GC(4645) Pause Remark 184M->67M(256M) 0.638ms
[2020-01-29T21:38:02.966+0300][139.501s][info ][gc] GC(4646) Pause Young (Normal) (G1 Evacuation Pause) 68M->64M(256M) 18.312ms
[2020-01-29T21:38:03.030+0300][139.565s][info ][gc] GC(4647) Pause Young (Normal) (G1 Evacuation Pause) 116M->117M(256M) 43.321ms
[2020-01-29T21:38:03.032+0300][139.567s][info ][gc] GC(4645) Pause Cleanup 121M->121M(256M) 0.038ms
[2020-01-29T21:38:03.032+0300][139.567s][info ][gc] GC(4645) Concurrent Cycle 97.488ms
[2020-01-29T21:38:03.094+0300][139.629s][info ][gc] GC(4648) Pause Young (Concurrent Start) (G1 Humongous Allocation) 152M->153M(256M) 40.443ms
[2020-01-29T21:38:03.094+0300][139.630s][info ][gc] GC(4649) Concurrent Cycle
[2020-01-29T21:38:03.135+0300][139.670s][info ][gc] GC(4650) Pause Young (Normal) (G1 Evacuation Pause) 196M->197M(256M) 17.763ms
[2020-01-29T21:38:03.140+0300][139.675s][debug][gc] GC(4649) Reclaimed 103 empty regions
[2020-01-29T21:38:03.140+0300][139.675s][info ][gc] GC(4649) Pause Remark 207M->104M(256M) 0.634ms
[2020-01-29T21:38:03.149+0300][139.684s][info ][gc] GC(4651) Pause Young (Normal) (G1 Evacuation Pause) 104M->104M(256M) 9.418ms
[2020-01-29T21:38:03.191+0300][139.727s][info ][gc] GC(4652) Pause Young (Normal) (G1 Evacuation Pause) 143M->144M(256M) 26.827ms
[2020-01-29T21:38:03.235+0300][139.770s][info ][gc] GC(4653) Pause Young (Normal) (G1 Evacuation Pause) 170M->171M(256M) 32.749ms
[2020-01-29T21:38:03.289+0300][139.824s][info ][gc] GC(4654) Pause Young (Normal) (G1 Evacuation Pause) 209M->210M(256M) 34.952ms
[2020-01-29T21:38:03.320+0300][139.855s][info ][gc] GC(4655) Pause Young (Normal) (G1 Evacuation Pause) 219M->221M(256M) 26.642ms
[2020-01-29T21:38:03.352+0300][139.888s][info ][gc] GC(4656) Pause Young (Normal) (G1 Evacuation Pause) 231M->231M(256M) 27.951ms
[2020-01-29T21:38:03.386+0300][139.921s][info ][gc] GC(4657) Pause Young (Normal) (G1 Evacuation Pause) 241M->242M(256M) 28.894ms
[2020-01-29T21:38:03.431+0300][139.966s][info ][gc] GC(4658) To-space exhausted
[2020-01-29T21:38:03.431+0300][139.966s][info ][gc] GC(4658) Pause Young (Normal) (G1 Evacuation Pause) 252M->255M(256M) 39.498ms
[2020-01-29T21:38:03.431+0300][139.966s][debug][gc] GC(4659) Clear Next Bitmap 0.070ms
[2020-01-29T21:38:03.464+0300][139.999s][info ][gc] GC(4659) Pause Full (G1 Evacuation Pause) 255M->62M(256M) 32.863ms
[2020-01-29T21:38:03.464+0300][139.999s][info ][gc] GC(4649) Concurrent Cycle 369.468ms
[2020-01-29T21:38:03.514+0300][140.049s][info ][gc] GC(4660) Pause Young (Normal) (G1 Evacuation Pause) 114M->114M(256M) 30.124ms
[2020-01-29T21:38:03.551+0300][140.087s][info ][gc] GC(4661) Pause Young (Concurrent Start) (G1 Humongous Allocation) 137M->138M(256M) 17.664ms
[2020-01-29T21:38:03.551+0300][140.087s][info ][gc] GC(4662) Concurrent Cycle
[2020-01-29T21:38:03.592+0300][140.128s][info ][gc] GC(4663) Pause Young (Normal) (G1 Evacuation Pause) 186M->186M(256M) 25.009ms
[2020-01-29T21:38:03.597+0300][140.132s][debug][gc] GC(4662) Reclaimed 104 empty regions
[2020-01-29T21:38:03.597+0300][140.132s][info ][gc] GC(4662) Pause Remark 194M->92M(256M) 0.651ms
[2020-01-29T21:38:03.610+0300][140.145s][info ][gc] GC(4664) Pause Young (Normal) (G1 Evacuation Pause) 96M->97M(256M) 11.508ms
[2020-01-29T21:38:03.658+0300][140.194s][info ][gc] GC(4665) Pause Young (Normal) (G1 Evacuation Pause) 138M->139M(256M) 31.601ms
[2020-01-29T21:38:03.708+0300][140.244s][info ][gc] GC(4666) Pause Young (Normal) (G1 Evacuation Pause) 167M->168M(256M) 37.044ms
[2020-01-29T21:38:03.758+0300][140.293s][info ][gc] GC(4667) Pause Young (Normal) (G1 Evacuation Pause) 207M->208M(256M) 29.762ms
[2020-01-29T21:38:03.785+0300][140.320s][info ][gc] GC(4668) Pause Young (Normal) (G1 Evacuation Pause) 217M->218M(256M) 22.603ms
[2020-01-29T21:38:03.788+0300][140.323s][info ][gc] GC(4662) Pause Cleanup 226M->226M(256M) 0.041ms
[2020-01-29T21:38:03.788+0300][140.323s][info ][gc] GC(4662) Concurrent Cycle 236.338ms
[2020-01-29T21:38:03.811+0300][140.346s][info ][gc] GC(4669) Pause Young (Normal) (G1 Evacuation Pause) 228M->229M(256M) 21.507ms
[2020-01-29T21:38:03.823+0300][140.358s][info ][gc] GC(4670) Pause Young (Concurrent Start) (G1 Evacuation Pause) 239M->240M(256M) 8.090ms
[2020-01-29T21:38:03.823+0300][140.358s][info ][gc] GC(4671) Concurrent Cycle
[2020-01-29T21:38:03.845+0300][140.380s][info ][gc] GC(4672) To-space exhausted
[2020-01-29T21:38:03.845+0300][140.380s][info ][gc] GC(4672) Pause Young (Normal) (G1 Evacuation Pause) 250M->252M(256M) 15.296ms
[2020-01-29T21:38:03.858+0300][140.393s][info ][gc] GC(4673) To-space exhausted
[2020-01-29T21:38:03.858+0300][140.393s][info ][gc] GC(4673) Pause Young (Normal) (G1 Evacuation Pause) 255M->255M(256M) 11.537ms
[2020-01-29T21:38:03.858+0300][140.393s][debug][gc] GC(4674) Clear Next Bitmap 0.078ms
[2020-01-29T21:38:03.900+0300][140.436s][info ][gc] GC(4674) Pause Full (G1 Evacuation Pause) 255M->77M(256M) 42.724ms
[2020-01-29T21:38:03.900+0300][140.436s][info ][gc] GC(4671) Concurrent Cycle 77.603ms
[2020-01-29T21:38:03.945+0300][140.480s][info ][gc] GC(4675) Pause Young (Normal) (G1 Evacuation Pause) 125M->124M(256M) 25.912ms
[2020-01-29T21:38:03.971+0300][140.507s][info ][gc] GC(4676) Pause Young (Concurrent Start) (G1 Humongous Allocation) 137M->137M(256M) 10.678ms
[2020-01-29T21:38:03.971+0300][140.507s][info ][gc] GC(4677) Concurrent Cycle
[2020-01-29T21:38:04.003+0300][140.538s][info ][gc] GC(4678) Pause Young (Normal) (G1 Evacuation Pause) 185M->186M(256M) 19.635ms
[2020-01-29T21:38:04.006+0300][140.541s][debug][gc] GC(4677) Reclaimed 116 empty regions
[2020-01-29T21:38:04.006+0300][140.541s][info ][gc] GC(4677) Pause Remark 190M->76M(256M) 0.648ms
[2020-01-29T21:38:04.021+0300][140.556s][info ][gc] GC(4679) Pause Young (Normal) (G1 Evacuation Pause) 84M->85M(256M) 11.395ms
[2020-01-29T21:38:04.071+0300][140.606s][info ][gc] GC(4680) Pause Young (Normal) (G1 Evacuation Pause) 130M->131M(256M) 32.694ms
[2020-01-29T21:38:04.142+0300][140.677s][info ][gc] GC(4681) Pause Young (Normal) (G1 Evacuation Pause) 181M->182M(256M) 47.294ms
[2020-01-29T21:38:04.146+0300][140.681s][info ][gc] GC(4677) Pause Cleanup 190M->190M(256M) 0.047ms
[2020-01-29T21:38:04.147+0300][140.682s][info ][gc] GC(4677) Concurrent Cycle 174.891ms
[2020-01-29T21:38:04.180+0300][140.715s][info ][gc] GC(4682) Pause Young (Normal) (G1 Evacuation Pause) 196M->197M(256M) 30.603ms
[2020-01-29T21:38:04.192+0300][140.727s][info ][gc] GC(4683) Pause Young (Concurrent Start) (G1 Evacuation Pause) 207M->208M(256M) 8.347ms
[2020-01-29T21:38:04.192+0300][140.727s][info ][gc] GC(4684) Concurrent Cycle
[2020-01-29T21:38:04.208+0300][140.743s][info ][gc] GC(4685) Pause Young (Normal) (G1 Evacuation Pause) 218M->219M(256M) 8.829ms
[2020-01-29T21:38:04.220+0300][140.755s][info ][gc] GC(4686) Pause Young (Normal) (G1 Evacuation Pause) 229M->230M(256M) 7.610ms
[2020-01-29T21:38:04.232+0300][140.767s][info ][gc] GC(4687) Pause Young (Normal) (G1 Evacuation Pause) 240M->241M(256M) 7.812ms
[2020-01-29T21:38:04.254+0300][140.789s][info ][gc] GC(4688) To-space exhausted
[2020-01-29T21:38:04.254+0300][140.789s][info ][gc] GC(4688) Pause Young (Normal) (G1 Evacuation Pause) 251M->254M(256M) 18.038ms
[2020-01-29T21:38:04.262+0300][140.798s][info ][gc] GC(4689) To-space exhausted
[2020-01-29T21:38:04.262+0300][140.798s][info ][gc] GC(4689) Pause Young (Normal) (G1 Evacuation Pause) 255M->255M(256M) 8.124ms
[2020-01-29T21:38:04.262+0300][140.798s][debug][gc] GC(4690) Clear Next Bitmap 0.075ms
[2020-01-29T21:38:04.315+0300][140.850s][info ][gc] GC(4690) Pause Full (G1 Evacuation Pause) 255M->87M(256M) 51.889ms
[2020-01-29T21:38:04.315+0300][140.850s][info ][gc] GC(4684) Concurrent Cycle 122.978ms
[2020-01-29T21:38:04.361+0300][140.896s][info ][gc] GC(4691) Pause Young (Normal) (G1 Evacuation Pause) 131M->131M(256M) 28.106ms
[2020-01-29T21:38:04.381+0300][140.916s][info ][gc] GC(4692) Pause Young (Concurrent Start) (G1 Humongous Allocation) 136M->137M(256M) 7.060ms
[2020-01-29T21:38:04.381+0300][140.916s][info ][gc] GC(4693) Concurrent Cycle
[2020-01-29T21:38:04.391+0300][140.926s][debug][gc] GC(4693) Reclaimed 123 empty regions
[2020-01-29T21:38:04.391+0300][140.926s][info ][gc] GC(4693) Pause Remark 179M->58M(256M) 0.651ms
[2020-01-29T21:38:04.413+0300][140.948s][info ][gc] GC(4694) Pause Young (Normal) (G1 Evacuation Pause) 64M->60M(256M) 18.977ms
[2020-01-29T21:38:04.429+0300][140.964s][info ][gc] GC(4693) Pause Cleanup 101M->101M(256M) 0.034ms
[2020-01-29T21:38:04.430+0300][140.964s][info ][gc] GC(4693) Concurrent Cycle 48.732ms
[2020-01-29T21:38:04.476+0300][141.012s][info ][gc] GC(4695) Pause Young (Normal) (G1 Evacuation Pause) 113M->113M(256M) 42.184ms
[2020-01-29T21:38:04.527+0300][141.062s][info ][gc] GC(4696) Pause Young (Concurrent Start) (G1 Humongous Allocation) 147M->148M(256M) 27.029ms
[2020-01-29T21:38:04.527+0300][141.062s][info ][gc] GC(4697) Concurrent Cycle
[2020-01-29T21:38:04.571+0300][141.107s][info ][gc] GC(4698) Pause Young (Normal) (G1 Evacuation Pause) 193M->194M(256M) 21.063ms
[2020-01-29T21:38:04.576+0300][141.112s][debug][gc] GC(4697) Reclaimed 100 empty regions
[2020-01-29T21:38:04.576+0300][141.112s][info ][gc] GC(4697) Pause Remark 204M->104M(256M) 0.798ms
[2020-01-29T21:38:04.586+0300][141.122s][info ][gc] GC(4699) Pause Young (Normal) (G1 Evacuation Pause) 104M->105M(256M) 9.524ms
[2020-01-29T21:38:04.631+0300][141.166s][info ][gc] GC(4700) Pause Young (Normal) (G1 Evacuation Pause) 143M->144M(256M) 28.836ms
[2020-01-29T21:38:04.674+0300][141.209s][info ][gc] GC(4701) Pause Young (Normal) (G1 Evacuation Pause) 170M->171M(256M) 32.206ms
[2020-01-29T21:38:04.725+0300][141.260s][info ][gc] GC(4702) Pause Young (Normal) (G1 Evacuation Pause) 209M->210M(256M) 32.757ms
[2020-01-29T21:38:04.756+0300][141.291s][info ][gc] GC(4703) Pause Young (Normal) (G1 Evacuation Pause) 219M->221M(256M) 25.943ms
[2020-01-29T21:38:04.787+0300][141.322s][info ][gc] GC(4704) Pause Young (Normal) (G1 Evacuation Pause) 231M->231M(256M) 26.197ms
[2020-01-29T21:38:04.819+0300][141.354s][info ][gc] GC(4705) Pause Young (Normal) (G1 Evacuation Pause) 241M->242M(256M) 27.151ms
[2020-01-29T21:38:04.864+0300][141.399s][info ][gc] GC(4706) To-space exhausted
[2020-01-29T21:38:04.864+0300][141.399s][info ][gc] GC(4706) Pause Young (Normal) (G1 Evacuation Pause) 252M->255M(256M) 39.605ms
[2020-01-29T21:38:04.864+0300][141.399s][debug][gc] GC(4707) Clear Next Bitmap 0.062ms
[2020-01-29T21:38:04.897+0300][141.433s][info ][gc] GC(4707) Pause Full (G1 Evacuation Pause) 255M->63M(256M) 33.766ms
[2020-01-29T21:38:04.897+0300][141.433s][info ][gc] GC(4697) Concurrent Cycle 370.647ms
[2020-01-29T21:38:04.948+0300][141.483s][info ][gc] GC(4708) Pause Young (Normal) (G1 Evacuation Pause) 115M->115M(256M) 29.989ms
[2020-01-29T21:38:04.985+0300][141.520s][info ][gc] GC(4709) Pause Young (Concurrent Start) (G1 Humongous Allocation) 138M->138M(256M) 17.372ms
[2020-01-29T21:38:04.985+0300][141.520s][info ][gc] GC(4710) Concurrent Cycle
[2020-01-29T21:38:05.025+0300][141.561s][info ][gc] GC(4711) Pause Young (Normal) (G1 Evacuation Pause) 186M->186M(256M) 24.885ms
[2020-01-29T21:38:05.030+0300][141.565s][debug][gc] GC(4710) Reclaimed 105 empty regions
[2020-01-29T21:38:05.030+0300][141.565s][info ][gc] GC(4710) Pause Remark 195M->92M(256M) 0.814ms
[2020-01-29T21:38:05.042+0300][141.577s][info ][gc] GC(4712) Pause Young (Normal) (G1 Evacuation Pause) 95M->96M(256M) 10.478ms
[2020-01-29T21:38:05.089+0300][141.624s][info ][gc] GC(4713) Pause Young (Normal) (G1 Evacuation Pause) 137M->137M(256M) 30.537ms
[2020-01-29T21:38:05.136+0300][141.671s][info ][gc] GC(4714) Pause Young (Normal) (G1 Evacuation Pause) 165M->166M(256M) 35.837ms
[2020-01-29T21:38:05.189+0300][141.725s][info ][gc] GC(4715) Pause Young (Normal) (G1 Evacuation Pause) 205M->206M(256M) 32.963ms
[2020-01-29T21:38:05.224+0300][141.759s][info ][gc] GC(4716) Pause Young (Normal) (G1 Evacuation Pause) 215M->216M(256M) 29.562ms
[2020-01-29T21:38:05.228+0300][141.763s][info ][gc] GC(4710) Pause Cleanup 226M->226M(256M) 0.053ms
[2020-01-29T21:38:05.228+0300][141.763s][info ][gc] GC(4710) Concurrent Cycle 242.885ms
[2020-01-29T21:38:05.253+0300][141.788s][info ][gc] GC(4717) Pause Young (Normal) (G1 Evacuation Pause) 226M->227M(256M) 24.647ms
[2020-01-29T21:38:05.265+0300][141.800s][info ][gc] GC(4718) Pause Young (Concurrent Start) (G1 Evacuation Pause) 237M->238M(256M) 7.915ms
[2020-01-29T21:38:05.265+0300][141.800s][info ][gc] GC(4719) Concurrent Cycle
[2020-01-29T21:38:05.285+0300][141.820s][info ][gc] GC(4720) To-space exhausted
[2020-01-29T21:38:05.285+0300][141.820s][info ][gc] GC(4720) Pause Young (Normal) (G1 Evacuation Pause) 248M->251M(256M) 13.451ms
[2020-01-29T21:38:05.302+0300][141.837s][info ][gc] GC(4721) To-space exhausted
[2020-01-29T21:38:05.302+0300][141.837s][info ][gc] GC(4721) Pause Young (Normal) (G1 Evacuation Pause) 255M->255M(256M) 14.329ms
[2020-01-29T21:38:05.302+0300][141.837s][debug][gc] GC(4722) Clear Next Bitmap 0.198ms
[2020-01-29T21:38:05.357+0300][141.892s][info ][gc] GC(4722) Pause Full (G1 Evacuation Pause) 255M->77M(256M) 54.927ms
[2020-01-29T21:38:05.357+0300][141.892s][info ][gc] GC(4719) Concurrent Cycle 92.125ms
[2020-01-29T21:38:05.402+0300][141.938s][info ][gc] GC(4723) Pause Young (Normal) (G1 Evacuation Pause) 124M->124M(256M) 26.826ms
[2020-01-29T21:38:05.429+0300][141.965s][info ][gc] GC(4724) Pause Young (Concurrent Start) (G1 Humongous Allocation) 136M->136M(256M) 11.277ms
[2020-01-29T21:38:05.429+0300][141.965s][info ][gc] GC(4725) Concurrent Cycle
[2020-01-29T21:38:05.462+0300][141.998s][info ][gc] GC(4726) Pause Young (Normal) (G1 Evacuation Pause) 184M->185M(256M) 21.171ms
[2020-01-29T21:38:05.464+0300][142.000s][debug][gc] GC(4725) Reclaimed 117 empty regions
[2020-01-29T21:38:05.464+0300][142.000s][info ][gc] GC(4725) Pause Remark 188M->73M(256M) 0.639ms
[2020-01-29T21:38:05.480+0300][142.015s][info ][gc] GC(4727) Pause Young (Normal) (G1 Evacuation Pause) 83M->84M(256M) 11.260ms
[2020-01-29T21:38:05.534+0300][142.069s][info ][gc] GC(4728) Pause Young (Normal) (G1 Evacuation Pause) 129M->130M(256M) 36.044ms
[2020-01-29T21:38:05.601+0300][142.136s][info ][gc] GC(4729) Pause Young (Normal) (G1 Evacuation Pause) 180M->181M(256M) 43.092ms
[2020-01-29T21:38:05.604+0300][142.139s][info ][gc] GC(4725) Pause Cleanup 186M->186M(256M) 0.040ms
[2020-01-29T21:38:05.604+0300][142.139s][info ][gc] GC(4725) Concurrent Cycle 174.389ms
[2020-01-29T21:38:05.641+0300][142.176s][info ][gc] GC(4730) Pause Young (Normal) (G1 Evacuation Pause) 196M->197M(256M) 33.021ms
[2020-01-29T21:38:05.654+0300][142.189s][info ][gc] GC(4731) Pause Young (Concurrent Start) (G1 Evacuation Pause) 207M->208M(256M) 8.455ms
[2020-01-29T21:38:05.654+0300][142.189s][info ][gc] GC(4732) Concurrent Cycle
[2020-01-29T21:38:05.668+0300][142.203s][info ][gc] GC(4733) Pause Young (Normal) (G1 Evacuation Pause) 218M->218M(256M) 7.376ms
[2020-01-29T21:38:05.680+0300][142.215s][info ][gc] GC(4734) Pause Young (Normal) (G1 Evacuation Pause) 228M->229M(256M) 7.588ms
[2020-01-29T21:38:05.693+0300][142.228s][info ][gc] GC(4735) Pause Young (Normal) (G1 Evacuation Pause) 239M->240M(256M) 8.117ms
[2020-01-29T21:38:05.713+0300][142.248s][info ][gc] GC(4736) To-space exhausted
[2020-01-29T21:38:05.713+0300][142.248s][info ][gc] GC(4736) Pause Young (Normal) (G1 Evacuation Pause) 250M->253M(256M) 16.148ms
[2020-01-29T21:38:05.722+0300][142.257s][info ][gc] GC(4737) To-space exhausted
[2020-01-29T21:38:05.722+0300][142.257s][info ][gc] GC(4737) Pause Young (Normal) (G1 Evacuation Pause) 255M->255M(256M) 8.284ms
[2020-01-29T21:38:05.723+0300][142.257s][debug][gc] GC(4738) Clear Next Bitmap 0.081ms
[2020-01-29T21:38:05.774+0300][142.310s][info ][gc] GC(4738) Pause Full (G1 Evacuation Pause) 255M->89M(256M) 52.509ms
[2020-01-29T21:38:05.774+0300][142.310s][info ][gc] GC(4732) Concurrent Cycle 121.546ms
[2020-01-29T21:38:05.817+0300][142.352s][info ][gc] GC(4739) Pause Young (Normal) (G1 Evacuation Pause) 132M->132M(256M) 25.500ms
[2020-01-29T21:38:05.836+0300][142.371s][info ][gc] GC(4740) Pause Young (Concurrent Start) (G1 Humongous Allocation) 136M->137M(256M) 7.197ms
[2020-01-29T21:38:05.836+0300][142.371s][info ][gc] GC(4741) Concurrent Cycle
[2020-01-29T21:38:05.846+0300][142.381s][debug][gc] GC(4741) Reclaimed 125 empty regions
[2020-01-29T21:38:05.846+0300][142.381s][info ][gc] GC(4741) Pause Remark 178M->55M(256M) 0.636ms
[2020-01-29T21:38:05.867+0300][142.402s][info ][gc] GC(4742) Pause Young (Normal) (G1 Evacuation Pause) 61M->58M(256M) 18.394ms
[2020-01-29T21:38:05.882+0300][142.417s][info ][gc] GC(4741) Pause Cleanup 95M->95M(256M) 0.034ms
[2020-01-29T21:38:05.882+0300][142.417s][info ][gc] GC(4741) Concurrent Cycle 46.032ms
[2020-01-29T21:38:05.930+0300][142.464s][info ][gc] GC(4743) Pause Young (Normal) (G1 Evacuation Pause) 112M->112M(256M) 40.353ms
[2020-01-29T21:38:05.981+0300][142.516s][info ][gc] GC(4744) Pause Young (Concurrent Start) (G1 Humongous Allocation) 147M->147M(256M) 27.993ms
[2020-01-29T21:38:05.981+0300][142.516s][info ][gc] GC(4745) Concurrent Cycle
[2020-01-29T21:38:06.022+0300][142.557s][info ][gc] GC(4746) Pause Young (Normal) (G1 Evacuation Pause) 192M->194M(256M) 18.846ms
[2020-01-29T21:38:06.027+0300][142.562s][debug][gc] GC(4745) Reclaimed 101 empty regions
[2020-01-29T21:38:06.027+0300][142.562s][info ][gc] GC(4745) Pause Remark 203M->102M(256M) 0.650ms
[2020-01-29T21:38:06.037+0300][142.572s][info ][gc] GC(4747) Pause Young (Normal) (G1 Evacuation Pause) 103M->104M(256M) 9.337ms
[2020-01-29T21:38:06.080+0300][142.615s][info ][gc] GC(4748) Pause Young (Normal) (G1 Evacuation Pause) 143M->144M(256M) 27.414ms
[2020-01-29T21:38:06.123+0300][142.658s][info ][gc] GC(4749) Pause Young (Normal) (G1 Evacuation Pause) 170M->170M(256M) 32.420ms
[2020-01-29T21:38:06.180+0300][142.715s][info ][gc] GC(4750) Pause Young (Normal) (G1 Evacuation Pause) 208M->209M(256M) 37.609ms
[2020-01-29T21:38:06.208+0300][142.744s][info ][gc] GC(4751) Pause Young (Normal) (G1 Evacuation Pause) 218M->219M(256M) 24.185ms
[2020-01-29T21:38:06.243+0300][142.779s][info ][gc] GC(4752) Pause Young (Normal) (G1 Evacuation Pause) 229M->230M(256M) 29.832ms
[2020-01-29T21:38:06.275+0300][142.810s][info ][gc] GC(4753) Pause Young (Normal) (G1 Evacuation Pause) 240M->241M(256M) 26.578ms
[2020-01-29T21:38:06.317+0300][142.852s][info ][gc] GC(4754) To-space exhausted
[2020-01-29T21:38:06.317+0300][142.852s][info ][gc] GC(4754) Pause Young (Normal) (G1 Evacuation Pause) 251M->255M(256M) 37.357ms
[2020-01-29T21:38:06.317+0300][142.853s][debug][gc] GC(4755) Clear Next Bitmap 0.072ms
[2020-01-29T21:38:06.351+0300][142.886s][info ][gc] GC(4755) Pause Full (G1 Evacuation Pause) 255M->64M(256M) 33.980ms
[2020-01-29T21:38:06.352+0300][142.887s][info ][gc] GC(4745) Concurrent Cycle 370.357ms
[2020-01-29T21:38:06.403+0300][142.938s][info ][gc] GC(4756) Pause Young (Normal) (G1 Evacuation Pause) 115M->115M(256M) 29.601ms
[2020-01-29T21:38:06.442+0300][142.977s][info ][gc] GC(4757) Pause Young (Concurrent Start) (G1 Humongous Allocation) 137M->137M(256M) 18.519ms
[2020-01-29T21:38:06.442+0300][142.977s][info ][gc] GC(4758) Concurrent Cycle
[2020-01-29T21:38:06.479+0300][143.014s][info ][gc] GC(4759) Pause Young (Normal) (G1 Evacuation Pause) 185M->186M(256M) 21.834ms
[2020-01-29T21:38:06.484+0300][143.019s][debug][gc] GC(4758) Reclaimed 106 empty regions
[2020-01-29T21:38:06.484+0300][143.019s][info ][gc] GC(4758) Pause Remark 194M->90M(256M) 0.815ms
[2020-01-29T21:38:06.500+0300][143.035s][info ][gc] GC(4760) Pause Young (Normal) (G1 Evacuation Pause) 94M->95M(256M) 13.511ms
[2020-01-29T21:38:06.550+0300][143.085s][info ][gc] GC(4761) Pause Young (Normal) (G1 Evacuation Pause) 136M->137M(256M) 32.377ms
[2020-01-29T21:38:06.599+0300][143.134s][info ][gc] GC(4762) Pause Young (Normal) (G1 Evacuation Pause) 165M->165M(256M) 36.515ms
[2020-01-29T21:38:06.652+0300][143.187s][info ][gc] GC(4763) Pause Young (Normal) (G1 Evacuation Pause) 205M->206M(256M) 29.850ms
[2020-01-29T21:38:06.655+0300][143.190s][info ][gc] GC(4758) Pause Cleanup 210M->210M(256M) 0.053ms
[2020-01-29T21:38:06.655+0300][143.191s][info ][gc] GC(4758) Concurrent Cycle 213.508ms
[2020-01-29T21:38:06.679+0300][143.214s][info ][gc] GC(4764) Pause Young (Normal) (G1 Evacuation Pause) 214M->215M(256M) 21.799ms
[2020-01-29T21:38:06.691+0300][143.227s][info ][gc] GC(4765) Pause Young (Concurrent Start) (G1 Evacuation Pause) 225M->226M(256M) 7.967ms
[2020-01-29T21:38:06.691+0300][143.227s][info ][gc] GC(4766) Concurrent Cycle
[2020-01-29T21:38:06.706+0300][143.241s][info ][gc] GC(4767) Pause Young (Normal) (G1 Evacuation Pause) 236M->237M(256M) 8.115ms
[2020-01-29T21:38:06.723+0300][143.259s][info ][gc] GC(4768) To-space exhausted
[2020-01-29T21:38:06.723+0300][143.259s][info ][gc] GC(4768) Pause Young (Normal) (G1 Evacuation Pause) 247M->250M(256M) 13.527ms
[2020-01-29T21:38:06.742+0300][143.278s][info ][gc] GC(4769) To-space exhausted
[2020-01-29T21:38:06.742+0300][143.278s][info ][gc] GC(4769) Pause Young (Normal) (G1 Evacuation Pause) 255M->255M(256M) 16.918ms
[2020-01-29T21:38:06.742+0300][143.278s][debug][gc] GC(4770) Clear Next Bitmap 0.071ms
[2020-01-29T21:38:06.787+0300][143.322s][info ][gc] GC(4770) Pause Full (G1 Evacuation Pause) 255M->78M(256M) 44.583ms
[2020-01-29T21:38:06.787+0300][143.323s][info ][gc] GC(4766) Concurrent Cycle 96.102ms
[2020-01-29T21:38:06.833+0300][143.368s][info ][gc] GC(4771) Pause Young (Normal) (G1 Evacuation Pause) 125M->125M(256M) 26.841ms
[2020-01-29T21:38:06.859+0300][143.394s][info ][gc] GC(4772) Pause Young (Concurrent Start) (G1 Humongous Allocation) 136M->137M(256M) 11.708ms
[2020-01-29T21:38:06.859+0300][143.394s][info ][gc] GC(4773) Concurrent Cycle
[2020-01-29T21:38:06.892+0300][143.427s][info ][gc] GC(4774) Pause Young (Normal) (G1 Evacuation Pause) 185M->186M(256M) 20.107ms
[2020-01-29T21:38:06.894+0300][143.428s][debug][gc] GC(4773) Reclaimed 118 empty regions
[2020-01-29T21:38:06.894+0300][143.429s][info ][gc] GC(4773) Pause Remark 187M->71M(256M) 0.868ms
[2020-01-29T21:38:06.909+0300][143.444s][info ][gc] GC(4775) Pause Young (Normal) (G1 Evacuation Pause) 82M->83M(256M) 10.877ms
[2020-01-29T21:38:06.964+0300][143.500s][info ][gc] GC(4776) Pause Young (Normal) (G1 Evacuation Pause) 128M->129M(256M) 36.337ms
[2020-01-29T21:38:06.988+0300][143.524s][info ][gc] GC(4773) Pause Cleanup 180M->180M(256M) 0.051ms
[2020-01-29T21:38:06.989+0300][143.524s][info ][gc] GC(4773) Concurrent Cycle 129.929ms
[2020-01-29T21:38:07.030+0300][143.566s][info ][gc] GC(4777) Pause Young (Normal) (G1 Evacuation Pause) 180M->180M(256M) 40.456ms
[2020-01-29T21:38:07.048+0300][143.583s][info ][gc] GC(4778) Pause Young (Concurrent Start) (G1 Evacuation Pause) 195M->196M(256M) 11.226ms
[2020-01-29T21:38:07.048+0300][143.583s][info ][gc] GC(4779) Concurrent Cycle
[2020-01-29T21:38:07.068+0300][143.603s][info ][gc] GC(4780) Pause Young (Normal) (G1 Evacuation Pause) 206M->207M(256M) 8.840ms
[2020-01-29T21:38:07.080+0300][143.615s][info ][gc] GC(4781) Pause Young (Normal) (G1 Evacuation Pause) 217M->218M(256M) 7.662ms
[2020-01-29T21:38:07.093+0300][143.628s][info ][gc] GC(4782) Pause Young (Normal) (G1 Evacuation Pause) 228M->229M(256M) 8.352ms
[2020-01-29T21:38:07.105+0300][143.640s][info ][gc] GC(4783) Pause Young (Normal) (G1 Evacuation Pause) 239M->240M(256M) 7.760ms
[2020-01-29T21:38:07.125+0300][143.660s][info ][gc] GC(4784) To-space exhausted
[2020-01-29T21:38:07.125+0300][143.660s][info ][gc] GC(4784) Pause Young (Normal) (G1 Evacuation Pause) 250M->252M(256M) 16.070ms
[2020-01-29T21:38:07.137+0300][143.672s][info ][gc] GC(4785) To-space exhausted
[2020-01-29T21:38:07.137+0300][143.673s][info ][gc] GC(4785) Pause Young (Normal) (G1 Evacuation Pause) 255M->255M(256M) 11.147ms
[2020-01-29T21:38:07.138+0300][143.673s][debug][gc] GC(4786) Clear Next Bitmap 0.076ms
[2020-01-29T21:38:07.188+0300][143.723s][info ][gc] GC(4786) Pause Full (G1 Evacuation Pause) 255M->90M(256M) 50.652ms
[2020-01-29T21:38:07.189+0300][143.724s][info ][gc] GC(4779) Concurrent Cycle 140.201ms
[2020-01-29T21:38:07.235+0300][143.770s][info ][gc] GC(4787) Pause Young (Normal) (G1 Evacuation Pause) 134M->134M(256M) 29.477ms
[2020-01-29T21:38:07.254+0300][143.788s][info ][gc] GC(4788) Pause Young (Concurrent Start) (G1 Humongous Allocation) 137M->137M(256M) 6.097ms
[2020-01-29T21:38:07.254+0300][143.789s][info ][gc] GC(4789) Concurrent Cycle
[2020-01-29T21:38:07.263+0300][143.798s][debug][gc] GC(4789) Reclaimed 125 empty regions
[2020-01-29T21:38:07.263+0300][143.798s][info ][gc] GC(4789) Pause Remark 177M->54M(256M) 0.658ms
[2020-01-29T21:38:07.285+0300][143.821s][info ][gc] GC(4790) Pause Young (Normal) (G1 Evacuation Pause) 62M->60M(256M) 19.868ms
[2020-01-29T21:38:07.300+0300][143.835s][info ][gc] GC(4789) Pause Cleanup 93M->93M(256M) 0.040ms
[2020-01-29T21:38:07.300+0300][143.836s][info ][gc] GC(4789) Concurrent Cycle 47.134ms
[2020-01-29T21:38:07.354+0300][143.889s][info ][gc] GC(4791) Pause Young (Normal) (G1 Evacuation Pause) 113M->114M(256M) 45.335ms
[2020-01-29T21:38:07.402+0300][143.937s][info ][gc] GC(4792) Pause Young (Concurrent Start) (G1 Humongous Allocation) 148M->149M(256M) 24.000ms
[2020-01-29T21:38:07.402+0300][143.937s][info ][gc] GC(4793) Concurrent Cycle
[2020-01-29T21:38:07.443+0300][143.978s][info ][gc] GC(4794) Pause Young (Normal) (G1 Evacuation Pause) 194M->194M(256M) 18.743ms
[2020-01-29T21:38:07.447+0300][143.983s][debug][gc] GC(4793) Reclaimed 99 empty regions
[2020-01-29T21:38:07.447+0300][143.983s][info ][gc] GC(4793) Pause Remark 204M->105M(256M) 0.689ms
[2020-01-29T21:38:07.456+0300][143.992s][info ][gc] GC(4795) Pause Young (Normal) (G1 Evacuation Pause) 105M->106M(256M) 8.641ms
[2020-01-29T21:38:07.502+0300][144.037s][info ][gc] GC(4796) Pause Young (Normal) (G1 Evacuation Pause) 144M->144M(256M) 29.896ms
[2020-01-29T21:38:07.546+0300][144.081s][info ][gc] GC(4797) Pause Young (Normal) (G1 Evacuation Pause) 170M->171M(256M) 33.057ms
[2020-01-29T21:38:07.597+0300][144.131s][info ][gc] GC(4798) Pause Young (Normal) (G1 Evacuation Pause) 209M->210M(256M) 30.161ms
[2020-01-29T21:38:07.627+0300][144.162s][info ][gc] GC(4799) Pause Young (Normal) (G1 Evacuation Pause) 219M->220M(256M) 26.150ms
[2020-01-29T21:38:07.660+0300][144.195s][info ][gc] GC(4800) Pause Young (Normal) (G1 Evacuation Pause) 230M->231M(256M) 23.675ms
[2020-01-29T21:38:07.689+0300][144.225s][info ][gc] GC(4801) Pause Young (Normal) (G1 Evacuation Pause) 241M->242M(256M) 25.112ms
[2020-01-29T21:38:07.691+0300][144.227s][info ][gc] GC(4793) Pause Cleanup 243M->243M(256M) 0.050ms
[2020-01-29T21:38:07.691+0300][144.227s][info ][gc] GC(4793) Concurrent Cycle 289.752ms
[2020-01-29T21:38:07.731+0300][144.266s][info ][gc] GC(4802) To-space exhausted
[2020-01-29T21:38:07.731+0300][144.266s][info ][gc] GC(4802) Pause Young (Normal) (G1 Evacuation Pause) 252M->255M(256M) 34.692ms
[2020-01-29T21:38:07.765+0300][144.301s][info ][gc] GC(4803) Pause Full (G1 Evacuation Pause) 255M->63M(256M) 34.260ms
[2020-01-29T21:38:07.816+0300][144.351s][info ][gc] GC(4804) Pause Young (Concurrent Start) (G1 Evacuation Pause) 115M->115M(256M) 28.977ms
[2020-01-29T21:38:07.816+0300][144.351s][info ][gc] GC(4805) Concurrent Cycle
[2020-01-29T21:38:07.869+0300][144.403s][info ][gc] GC(4806) Pause Young (Normal) (G1 Evacuation Pause) 170M->171M(256M) 25.110ms
[2020-01-29T21:38:07.893+0300][144.429s][info ][gc] GC(4807) Pause Young (Normal) (G1 Evacuation Pause) 189M->189M(256M) 17.145ms
[2020-01-29T21:38:07.907+0300][144.443s][info ][gc] GC(4808) Pause Young (Normal) (G1 Evacuation Pause) 201M->202M(256M) 8.669ms
[2020-01-29T21:38:07.921+0300][144.457s][info ][gc] GC(4809) Pause Young (Normal) (G1 Evacuation Pause) 212M->213M(256M) 9.391ms
[2020-01-29T21:38:07.936+0300][144.471s][info ][gc] GC(4810) Pause Young (Normal) (G1 Evacuation Pause) 223M->224M(256M) 9.914ms
[2020-01-29T21:38:07.952+0300][144.487s][info ][gc] GC(4811) Pause Young (Normal) (G1 Evacuation Pause) 234M->235M(256M) 10.515ms
[2020-01-29T21:38:07.966+0300][144.502s][info ][gc] GC(4812) To-space exhausted
[2020-01-29T21:38:07.966+0300][144.502s][info ][gc] GC(4812) Pause Young (Normal) (G1 Evacuation Pause) 245M->248M(256M) 9.929ms
[2020-01-29T21:38:07.989+0300][144.525s][info ][gc] GC(4813) To-space exhausted
[2020-01-29T21:38:07.989+0300][144.525s][info ][gc] GC(4813) Pause Young (Normal) (G1 Evacuation Pause) 255M->255M(256M) 17.668ms
[2020-01-29T21:38:07.990+0300][144.525s][debug][gc] GC(4814) Clear Next Bitmap 0.081ms
[2020-01-29T21:38:08.059+0300][144.594s][info ][gc] GC(4814) Pause Full (G1 Evacuation Pause) 255M->111M(256M) 69.127ms
[2020-01-29T21:38:08.059+0300][144.594s][info ][gc] GC(4805) Concurrent Cycle 243.575ms
[2020-01-29T21:38:08.095+0300][144.630s][info ][gc] GC(4815) Pause Young (Concurrent Start) (G1 Humongous Allocation) 137M->136M(256M) 15.456ms
[2020-01-29T21:38:08.095+0300][144.630s][info ][gc] GC(4816) Concurrent Cycle
[2020-01-29T21:38:08.130+0300][144.665s][info ][gc] GC(4817) Pause Young (Normal) (G1 Evacuation Pause) 185M->186M(256M) 20.865ms
[2020-01-29T21:38:08.134+0300][144.669s][debug][gc] GC(4816) Reclaimed 108 empty regions
[2020-01-29T21:38:08.134+0300][144.670s][info ][gc] GC(4816) Pause Remark 196M->90M(256M) 0.647ms
[2020-01-29T21:38:08.147+0300][144.682s][info ][gc] GC(4818) Pause Young (Normal) (G1 Evacuation Pause) 92M->92M(256M) 11.132ms
[2020-01-29T21:38:08.196+0300][144.732s][info ][gc] GC(4819) Pause Young (Normal) (G1 Evacuation Pause) 136M->137M(256M) 31.609ms
[2020-01-29T21:38:08.246+0300][144.781s][info ][gc] GC(4820) Pause Young (Normal) (G1 Evacuation Pause) 165M->166M(256M) 37.512ms
[2020-01-29T21:38:08.299+0300][144.835s][info ][gc] GC(4821) Pause Young (Normal) (G1 Evacuation Pause) 205M->206M(256M) 35.018ms
[2020-01-29T21:38:08.302+0300][144.838s][info ][gc] GC(4816) Pause Cleanup 210M->210M(256M) 0.047ms
[2020-01-29T21:38:08.302+0300][144.838s][info ][gc] GC(4816) Concurrent Cycle 207.546ms
[2020-01-29T21:38:08.330+0300][144.866s][info ][gc] GC(4822) Pause Young (Normal) (G1 Evacuation Pause) 215M->216M(256M) 25.772ms
[2020-01-29T21:38:08.346+0300][144.881s][info ][gc] GC(4823) Pause Young (Concurrent Start) (G1 Evacuation Pause) 226M->227M(256M) 10.968ms
[2020-01-29T21:38:08.346+0300][144.881s][info ][gc] GC(4824) Concurrent Cycle
[2020-01-29T21:38:08.361+0300][144.896s][info ][gc] GC(4825) Pause Young (Normal) (G1 Evacuation Pause) 237M->238M(256M) 8.140ms
[2020-01-29T21:38:08.380+0300][144.915s][info ][gc] GC(4826) To-space exhausted
[2020-01-29T21:38:08.380+0300][144.915s][info ][gc] GC(4826) Pause Young (Normal) (G1 Evacuation Pause) 248M->251M(256M) 14.615ms
[2020-01-29T21:38:08.395+0300][144.930s][info ][gc] GC(4827) To-space exhausted
[2020-01-29T21:38:08.395+0300][144.930s][info ][gc] GC(4827) Pause Young (Normal) (G1 Evacuation Pause) 255M->255M(256M) 12.893ms
[2020-01-29T21:38:08.395+0300][144.930s][debug][gc] GC(4828) Clear Next Bitmap 0.082ms
[2020-01-29T21:38:08.439+0300][144.974s][info ][gc] GC(4828) Pause Full (G1 Evacuation Pause) 255M->81M(256M) 43.726ms
[2020-01-29T21:38:08.439+0300][144.974s][info ][gc] GC(4824) Concurrent Cycle 92.527ms
[2020-01-29T21:38:08.482+0300][145.018s][info ][gc] GC(4829) Pause Young (Normal) (G1 Evacuation Pause) 127M->127M(256M) 25.599ms
[2020-01-29T21:38:08.504+0300][145.039s][info ][gc] GC(4830) Pause Young (Concurrent Start) (G1 Humongous Allocation) 136M->137M(256M) 8.363ms
[2020-01-29T21:38:08.504+0300][145.039s][info ][gc] GC(4831) Concurrent Cycle
[2020-01-29T21:38:08.516+0300][145.051s][debug][gc] GC(4831) Reclaimed 119 empty regions
[2020-01-29T21:38:08.516+0300][145.051s][info ][gc] GC(4831) Pause Remark 183M->67M(256M) 0.646ms
[2020-01-29T21:38:08.535+0300][145.070s][info ][gc] GC(4832) Pause Young (Normal) (G1 Evacuation Pause) 68M->64M(256M) 17.793ms
[2020-01-29T21:38:08.598+0300][145.134s][info ][gc] GC(4833) Pause Young (Normal) (G1 Evacuation Pause) 116M->117M(256M) 42.779ms
[2020-01-29T21:38:08.600+0300][145.135s][info ][gc] GC(4831) Pause Cleanup 121M->121M(256M) 0.039ms
[2020-01-29T21:38:08.600+0300][145.136s][info ][gc] GC(4831) Concurrent Cycle 96.537ms
[2020-01-29T21:38:08.666+0300][145.201s][info ][gc] GC(4834) Pause Young (Concurrent Start) (G1 Humongous Allocation) 152M->152M(256M) 42.841ms
[2020-01-29T21:38:08.666+0300][145.201s][info ][gc] GC(4835) Concurrent Cycle
[2020-01-29T21:38:08.707+0300][145.242s][info ][gc] GC(4836) Pause Young (Normal) (G1 Evacuation Pause) 196M->197M(256M) 18.454ms
[2020-01-29T21:38:08.711+0300][145.246s][debug][gc] GC(4835) Reclaimed 104 empty regions
[2020-01-29T21:38:08.711+0300][145.246s][info ][gc] GC(4835) Pause Remark 206M->102M(256M) 0.693ms
[2020-01-29T21:38:08.721+0300][145.256s][info ][gc] GC(4837) Pause Young (Normal) (G1 Evacuation Pause) 103M->104M(256M) 9.144ms
[2020-01-29T21:38:08.765+0300][145.300s][info ][gc] GC(4838) Pause Young (Normal) (G1 Evacuation Pause) 143M->143M(256M) 28.509ms
[2020-01-29T21:38:08.811+0300][145.346s][info ][gc] GC(4839) Pause Young (Normal) (G1 Evacuation Pause) 169M->170M(256M) 34.074ms
[2020-01-29T21:38:08.864+0300][145.400s][info ][gc] GC(4840) Pause Young (Normal) (G1 Evacuation Pause) 208M->209M(256M) 35.320ms
[2020-01-29T21:38:08.897+0300][145.433s][info ][gc] GC(4841) Pause Young (Normal) (G1 Evacuation Pause) 218M->219M(256M) 28.728ms
[2020-01-29T21:38:08.931+0300][145.467s][info ][gc] GC(4842) Pause Young (Normal) (G1 Evacuation Pause) 229M->230M(256M) 29.105ms
[2020-01-29T21:38:08.972+0300][145.507s][info ][gc] GC(4843) Pause Young (Normal) (G1 Evacuation Pause) 240M->241M(256M) 34.725ms
[2020-01-29T21:38:08.978+0300][145.513s][info ][gc] GC(4835) Pause Cleanup 242M->242M(256M) 0.047ms
[2020-01-29T21:38:08.978+0300][145.513s][info ][gc] GC(4835) Concurrent Cycle 312.740ms
[2020-01-29T21:38:09.023+0300][145.558s][info ][gc] GC(4844) To-space exhausted
[2020-01-29T21:38:09.023+0300][145.558s][info ][gc] GC(4844) Pause Young (Normal) (G1 Evacuation Pause) 251M->255M(256M) 35.308ms
[2020-01-29T21:38:09.058+0300][145.593s][info ][gc] GC(4845) Pause Full (G1 Evacuation Pause) 255M->62M(256M) 34.493ms
[2020-01-29T21:38:09.109+0300][145.644s][info ][gc] GC(4846) Pause Young (Concurrent Start) (G1 Evacuation Pause) 114M->114M(256M) 29.595ms
[2020-01-29T21:38:09.109+0300][145.644s][info ][gc] GC(4847) Concurrent Cycle
[2020-01-29T21:38:09.163+0300][145.698s][info ][gc] GC(4848) Pause Young (Normal) (G1 Evacuation Pause) 169M->170M(256M) 25.920ms
[2020-01-29T21:38:09.187+0300][145.721s][info ][gc] GC(4849) Pause Young (Normal) (G1 Evacuation Pause) 188M->189M(256M) 14.380ms
[2020-01-29T21:38:09.202+0300][145.737s][info ][gc] GC(4850) Pause Young (Normal) (G1 Evacuation Pause) 201M->202M(256M) 10.138ms
[2020-01-29T21:38:09.213+0300][145.748s][info ][gc] GC(4851) Pause Young (Normal) (G1 Evacuation Pause) 212M->213M(256M) 7.327ms
[2020-01-29T21:38:09.224+0300][145.760s][info ][gc] GC(4852) Pause Young (Normal) (G1 Evacuation Pause) 223M->224M(256M) 7.074ms
[2020-01-29T21:38:09.237+0300][145.773s][info ][gc] GC(4853) Pause Young (Normal) (G1 Evacuation Pause) 234M->235M(256M) 8.325ms
[2020-01-29T21:38:09.253+0300][145.788s][info ][gc] GC(4854) To-space exhausted
[2020-01-29T21:38:09.253+0300][145.788s][info ][gc] GC(4854) Pause Young (Normal) (G1 Evacuation Pause) 245M->247M(256M) 11.638ms
[2020-01-29T21:38:09.274+0300][145.809s][info ][gc] GC(4855) To-space exhausted
[2020-01-29T21:38:09.274+0300][145.809s][info ][gc] GC(4855) Pause Young (Normal) (G1 Evacuation Pause) 254M->254M(256M) 17.758ms
[2020-01-29T21:38:09.274+0300][145.810s][debug][gc] GC(4856) Clear Next Bitmap 0.081ms
[2020-01-29T21:38:09.341+0300][145.877s][info ][gc] GC(4856) Pause Full (G1 Evacuation Pause) 254M->111M(256M) 67.106ms
[2020-01-29T21:38:09.341+0300][145.877s][info ][gc] GC(4847) Concurrent Cycle 233.201ms
[2020-01-29T21:38:09.379+0300][145.914s][info ][gc] GC(4857) Pause Young (Concurrent Start) (G1 Humongous Allocation) 137M->136M(256M) 16.038ms
[2020-01-29T21:38:09.379+0300][145.914s][info ][gc] GC(4858) Concurrent Cycle
[2020-01-29T21:38:09.413+0300][145.948s][info ][gc] GC(4859) Pause Young (Normal) (G1 Evacuation Pause) 184M->186M(256M) 20.352ms
[2020-01-29T21:38:09.418+0300][145.953s][debug][gc] GC(4858) Reclaimed 109 empty regions
[2020-01-29T21:38:09.418+0300][145.953s][info ][gc] GC(4858) Pause Remark 195M->89M(256M) 0.686ms
[2020-01-29T21:38:09.429+0300][145.964s][info ][gc] GC(4860) Pause Young (Normal) (G1 Evacuation Pause) 91M->92M(256M) 10.437ms
[2020-01-29T21:38:09.479+0300][146.014s][info ][gc] GC(4861) Pause Young (Normal) (G1 Evacuation Pause) 136M->137M(256M) 31.951ms
[2020-01-29T21:38:09.528+0300][146.063s][info ][gc] GC(4862) Pause Young (Normal) (G1 Evacuation Pause) 165M->166M(256M) 37.120ms
[2020-01-29T21:38:09.581+0300][146.116s][info ][gc] GC(4863) Pause Young (Normal) (G1 Evacuation Pause) 205M->207M(256M) 32.455ms
[2020-01-29T21:38:09.581+0300][146.117s][info ][gc] GC(4858) Pause Cleanup 207M->207M(256M) 0.039ms
[2020-01-29T21:38:09.581+0300][146.117s][info ][gc] GC(4858) Concurrent Cycle 203.165ms
[2020-01-29T21:38:09.610+0300][146.145s][info ][gc] GC(4864) Pause Young (Normal) (G1 Evacuation Pause) 216M->217M(256M) 24.556ms
[2020-01-29T21:38:09.622+0300][146.158s][info ][gc] GC(4865) Pause Young (Concurrent Start) (G1 Evacuation Pause) 227M->228M(256M) 8.103ms
[2020-01-29T21:38:09.622+0300][146.158s][info ][gc] GC(4866) Concurrent Cycle
[2020-01-29T21:38:09.637+0300][146.173s][info ][gc] GC(4867) Pause Young (Normal) (G1 Evacuation Pause) 238M->239M(256M) 8.379ms
[2020-01-29T21:38:09.656+0300][146.192s][info ][gc] GC(4868) To-space exhausted
[2020-01-29T21:38:09.656+0300][146.192s][info ][gc] GC(4868) Pause Young (Normal) (G1 Evacuation Pause) 249M->251M(256M) 14.817ms
[2020-01-29T21:38:09.672+0300][146.207s][info ][gc] GC(4869) To-space exhausted
[2020-01-29T21:38:09.672+0300][146.207s][info ][gc] GC(4869) Pause Young (Normal) (G1 Evacuation Pause) 255M->255M(256M) 13.955ms
[2020-01-29T21:38:09.672+0300][146.208s][debug][gc] GC(4870) Clear Next Bitmap 0.079ms
[2020-01-29T21:38:09.717+0300][146.253s][info ][gc] GC(4870) Pause Full (G1 Evacuation Pause) 255M->80M(256M) 45.216ms
[2020-01-29T21:38:09.718+0300][146.253s][info ][gc] GC(4866) Concurrent Cycle 95.070ms
[2020-01-29T21:38:09.761+0300][146.297s][info ][gc] GC(4871) Pause Young (Normal) (G1 Evacuation Pause) 126M->126M(256M) 25.486ms
[2020-01-29T21:38:09.786+0300][146.321s][info ][gc] GC(4872) Pause Young (Concurrent Start) (G1 Humongous Allocation) 136M->137M(256M) 10.327ms
[2020-01-29T21:38:09.786+0300][146.321s][info ][gc] GC(4873) Concurrent Cycle
[2020-01-29T21:38:09.799+0300][146.334s][debug][gc] GC(4873) Reclaimed 117 empty regions
[2020-01-29T21:38:09.799+0300][146.334s][info ][gc] GC(4873) Pause Remark 185M->70M(256M) 0.644ms
[2020-01-29T21:38:09.817+0300][146.352s][info ][gc] GC(4874) Pause Young (Normal) (G1 Evacuation Pause) 70M->66M(256M) 18.088ms
[2020-01-29T21:38:09.880+0300][146.415s][info ][gc] GC(4875) Pause Young (Normal) (G1 Evacuation Pause) 117M->118M(256M) 42.472ms
[2020-01-29T21:38:09.884+0300][146.419s][info ][gc] GC(4873) Pause Cleanup 128M->128M(256M) 0.038ms
[2020-01-29T21:38:09.884+0300][146.419s][info ][gc] GC(4873) Concurrent Cycle 97.930ms
[2020-01-29T21:38:09.936+0300][146.471s][info ][gc] GC(4876) Pause Young (Normal) (G1 Evacuation Pause) 152M->153M(256M) 42.080ms
[2020-01-29T21:38:09.952+0300][146.487s][info ][gc] GC(4877) Pause Young (Concurrent Start) (G1 Humongous Allocation) 155M->156M(256M) 5.601ms
[2020-01-29T21:38:09.952+0300][146.487s][info ][gc] GC(4878) Concurrent Cycle
[2020-01-29T21:38:09.961+0300][146.496s][debug][gc] GC(4878) Reclaimed 143 empty regions
[2020-01-29T21:38:09.961+0300][146.496s][info ][gc] GC(4878) Pause Remark 194M->51M(256M) 0.649ms
[2020-01-29T21:38:09.978+0300][146.513s][info ][gc] GC(4879) Pause Young (Normal) (G1 Evacuation Pause) 55M->54M(256M) 15.079ms
[2020-01-29T21:38:09.994+0300][146.530s][info ][gc] GC(4878) Pause Cleanup 96M->96M(256M) 0.037ms
[2020-01-29T21:38:09.995+0300][146.530s][info ][gc] GC(4878) Concurrent Cycle 42.339ms
[2020-01-29T21:38:10.037+0300][146.573s][info ][gc] GC(4880) Pause Young (Normal) (G1 Evacuation Pause) 108M->109M(256M) 38.208ms
[2020-01-29T21:38:10.077+0300][146.612s][info ][gc] GC(4881) Pause Young (Concurrent Start) (G1 Evacuation Pause) 146M->146M(256M) 24.862ms
[2020-01-29T21:38:10.077+0300][146.612s][info ][gc] GC(4882) Concurrent Cycle
[2020-01-29T21:38:10.120+0300][146.655s][info ][gc] GC(4883) Pause Young (Normal) (G1 Evacuation Pause) 191M->192M(256M) 18.828ms
[2020-01-29T21:38:10.133+0300][146.668s][info ][gc] GC(4884) Pause Young (Normal) (G1 Evacuation Pause) 203M->204M(256M) 8.805ms
[2020-01-29T21:38:10.146+0300][146.680s][info ][gc] GC(4885) Pause Young (Normal) (G1 Evacuation Pause) 214M->215M(256M) 8.091ms
[2020-01-29T21:38:10.157+0300][146.693s][info ][gc] GC(4886) Pause Young (Normal) (G1 Evacuation Pause) 225M->226M(256M) 7.913ms
[2020-01-29T21:38:10.169+0300][146.705s][info ][gc] GC(4887) Pause Young (Normal) (G1 Evacuation Pause) 236M->237M(256M) 7.676ms
[2020-01-29T21:38:10.185+0300][146.721s][info ][gc] GC(4888) To-space exhausted
[2020-01-29T21:38:10.185+0300][146.721s][info ][gc] GC(4888) Pause Young (Normal) (G1 Evacuation Pause) 247M->249M(256M) 12.161ms
[2020-01-29T21:38:10.204+0300][146.739s][info ][gc] GC(4889) To-space exhausted
[2020-01-29T21:38:10.204+0300][146.739s][info ][gc] GC(4889) Pause Young (Normal) (G1 Evacuation Pause) 255M->255M(256M) 15.531ms
[2020-01-29T21:38:10.204+0300][146.739s][debug][gc] GC(4890) Clear Next Bitmap 0.074ms
[2020-01-29T21:38:10.260+0300][146.795s][info ][gc] GC(4890) Pause Full (G1 Evacuation Pause) 255M->101M(256M) 55.975ms
[2020-01-29T21:38:10.260+0300][146.795s][info ][gc] GC(4882) Concurrent Cycle 182.928ms
[2020-01-29T21:38:10.306+0300][146.841s][info ][gc] GC(4891) Pause Young (Concurrent Start) (G1 Humongous Allocation) 136M->136M(256M) 21.343ms
[2020-01-29T21:38:10.306+0300][146.841s][info ][gc] GC(4892) Concurrent Cycle
[2020-01-29T21:38:10.357+0300][146.893s][info ][gc] GC(4893) Pause Young (Normal) (G1 Evacuation Pause) 184M->185M(256M) 32.291ms
[2020-01-29T21:38:10.362+0300][146.897s][debug][gc] GC(4892) Reclaimed 100 empty regions
[2020-01-29T21:38:10.362+0300][146.898s][info ][gc] GC(4892) Pause Remark 193M->94M(256M) 0.873ms
[2020-01-29T21:38:10.377+0300][146.912s][info ][gc] GC(4894) Pause Young (Normal) (G1 Evacuation Pause) 99M->100M(256M) 12.243ms
[2020-01-29T21:38:10.434+0300][146.969s][info ][gc] GC(4895) Pause Young (Normal) (G1 Evacuation Pause) 140M->141M(256M) 39.292ms
[2020-01-29T21:38:10.480+0300][147.015s][info ][gc] GC(4896) Pause Young (Normal) (G1 Evacuation Pause) 168M->169M(256M) 34.925ms
[2020-01-29T21:38:10.531+0300][147.066s][info ][gc] GC(4897) Pause Young (Normal) (G1 Evacuation Pause) 207M->208M(256M) 31.671ms
[2020-01-29T21:38:10.566+0300][147.102s][info ][gc] GC(4898) Pause Young (Normal) (G1 Evacuation Pause) 217M->218M(256M) 31.214ms
[2020-01-29T21:38:10.571+0300][147.106s][info ][gc] GC(4892) Pause Cleanup 228M->228M(256M) 0.046ms
[2020-01-29T21:38:10.572+0300][147.107s][info ][gc] GC(4892) Concurrent Cycle 265.837ms
[2020-01-29T21:38:10.596+0300][147.131s][info ][gc] GC(4899) Pause Young (Normal) (G1 Evacuation Pause) 228M->229M(256M) 24.019ms
[2020-01-29T21:38:10.608+0300][147.143s][info ][gc] GC(4900) Pause Young (Concurrent Start) (G1 Evacuation Pause) 239M->239M(256M) 8.232ms
[2020-01-29T21:38:10.608+0300][147.143s][info ][gc] GC(4901) Concurrent Cycle
[2020-01-29T21:38:10.629+0300][147.164s][info ][gc] GC(4902) To-space exhausted
[2020-01-29T21:38:10.629+0300][147.164s][info ][gc] GC(4902) Pause Young (Normal) (G1 Evacuation Pause) 249M->251M(256M) 14.592ms
[2020-01-29T21:38:10.645+0300][147.180s][info ][gc] GC(4903) To-space exhausted
[2020-01-29T21:38:10.645+0300][147.180s][info ][gc] GC(4903) Pause Young (Normal) (G1 Evacuation Pause) 255M->255M(256M) 13.660ms
[2020-01-29T21:38:10.645+0300][147.180s][debug][gc] GC(4904) Clear Next Bitmap 0.098ms
[2020-01-29T21:38:10.686+0300][147.221s][info ][gc] GC(4904) Pause Full (G1 Evacuation Pause) 255M->75M(256M) 40.947ms
[2020-01-29T21:38:10.686+0300][147.221s][info ][gc] GC(4901) Concurrent Cycle 77.876ms
[2020-01-29T21:38:10.731+0300][147.267s][info ][gc] GC(4905) Pause Young (Normal) (G1 Evacuation Pause) 123M->123M(256M) 27.314ms
[2020-01-29T21:38:10.759+0300][147.295s][info ][gc] GC(4906) Pause Young (Concurrent Start) (G1 Humongous Allocation) 136M->137M(256M) 11.723ms
[2020-01-29T21:38:10.759+0300][147.295s][info ][gc] GC(4907) Concurrent Cycle
[2020-01-29T21:38:10.791+0300][147.327s][info ][gc] GC(4908) Pause Young (Normal) (G1 Evacuation Pause) 185M->185M(256M) 19.705ms
[2020-01-29T21:38:10.793+0300][147.329s][debug][gc] GC(4907) Reclaimed 117 empty regions
[2020-01-29T21:38:10.794+0300][147.329s][info ][gc] GC(4907) Pause Remark 190M->76M(256M) 0.635ms
[2020-01-29T21:38:10.806+0300][147.342s][info ][gc] GC(4909) Pause Young (Normal) (G1 Evacuation Pause) 83M->84M(256M) 9.505ms
[2020-01-29T21:38:10.857+0300][147.392s][info ][gc] GC(4910) Pause Young (Normal) (G1 Evacuation Pause) 129M->130M(256M) 32.487ms
[2020-01-29T21:38:10.921+0300][147.456s][info ][gc] GC(4911) Pause Young (Normal) (G1 Evacuation Pause) 180M->181M(256M) 40.454ms
[2020-01-29T21:38:10.925+0300][147.460s][info ][gc] GC(4907) Pause Cleanup 189M->189M(256M) 0.043ms
[2020-01-29T21:38:10.925+0300][147.460s][info ][gc] GC(4907) Concurrent Cycle 165.234ms
[2020-01-29T21:38:10.957+0300][147.492s][info ][gc] GC(4912) Pause Young (Normal) (G1 Evacuation Pause) 196M->197M(256M) 29.240ms
[2020-01-29T21:38:10.970+0300][147.505s][info ][gc] GC(4913) Pause Young (Concurrent Start) (G1 Evacuation Pause) 207M->208M(256M) 8.661ms
[2020-01-29T21:38:10.970+0300][147.505s][info ][gc] GC(4914) Concurrent Cycle
[2020-01-29T21:38:10.985+0300][147.520s][info ][gc] GC(4915) Pause Young (Normal) (G1 Evacuation Pause) 218M->219M(256M) 8.015ms
[2020-01-29T21:38:10.995+0300][147.530s][info ][gc] GC(4916) Pause Young (Normal) (G1 Evacuation Pause) 229M->229M(256M) 6.696ms
[2020-01-29T21:38:11.008+0300][147.543s][info ][gc] GC(4917) Pause Young (Normal) (G1 Evacuation Pause) 239M->240M(256M) 7.574ms
[2020-01-29T21:38:11.028+0300][147.563s][info ][gc] GC(4918) To-space exhausted
[2020-01-29T21:38:11.029+0300][147.563s][info ][gc] GC(4918) Pause Young (Normal) (G1 Evacuation Pause) 250M->253M(256M) 16.500ms
[2020-01-29T21:38:11.039+0300][147.574s][info ][gc] GC(4919) To-space exhausted
[2020-01-29T21:38:11.039+0300][147.574s][info ][gc] GC(4919) Pause Young (Normal) (G1 Evacuation Pause) 255M->255M(256M) 9.346ms
[2020-01-29T21:38:11.039+0300][147.574s][debug][gc] GC(4920) Clear Next Bitmap 0.091ms
[2020-01-29T21:38:11.089+0300][147.625s][info ][gc] GC(4920) Pause Full (G1 Evacuation Pause) 255M->88M(256M) 50.873ms
[2020-01-29T21:38:11.089+0300][147.625s][info ][gc] GC(4914) Concurrent Cycle 120.152ms
[2020-01-29T21:38:11.131+0300][147.667s][info ][gc] GC(4921) Pause Young (Normal) (G1 Evacuation Pause) 132M->132M(256M) 24.886ms
[2020-01-29T21:38:11.151+0300][147.686s][info ][gc] GC(4922) Pause Young (Concurrent Start) (G1 Humongous Allocation) 136M->138M(256M) 7.105ms
[2020-01-29T21:38:11.151+0300][147.686s][info ][gc] GC(4923) Concurrent Cycle
[2020-01-29T21:38:11.161+0300][147.696s][debug][gc] GC(4923) Reclaimed 122 empty regions
[2020-01-29T21:38:11.161+0300][147.696s][info ][gc] GC(4923) Pause Remark 178M->58M(256M) 0.817ms
[2020-01-29T21:38:11.182+0300][147.717s][info ][gc] GC(4924) Pause Young (Normal) (G1 Evacuation Pause) 65M->62M(256M) 17.630ms
[2020-01-29T21:38:11.197+0300][147.732s][info ][gc] GC(4923) Pause Cleanup 99M->99M(256M) 0.033ms
[2020-01-29T21:38:11.197+0300][147.732s][info ][gc] GC(4923) Concurrent Cycle 46.097ms
[2020-01-29T21:38:11.242+0300][147.778s][info ][gc] GC(4925) Pause Young (Normal) (G1 Evacuation Pause) 114M->115M(256M) 39.545ms
[2020-01-29T21:38:11.291+0300][147.826s][info ][gc] GC(4926) Pause Young (Concurrent Start) (G1 Humongous Allocation) 150M->150M(256M) 24.231ms
[2020-01-29T21:38:11.291+0300][147.826s][info ][gc] GC(4927) Concurrent Cycle
[2020-01-29T21:38:11.332+0300][147.867s][info ][gc] GC(4928) Pause Young (Normal) (G1 Evacuation Pause) 194M->195M(256M) 18.687ms
[2020-01-29T21:38:11.337+0300][147.872s][debug][gc] GC(4927) Reclaimed 101 empty regions
[2020-01-29T21:38:11.337+0300][147.872s][info ][gc] GC(4927) Pause Remark 204M->103M(256M) 0.860ms
[2020-01-29T21:38:11.349+0300][147.884s][info ][gc] GC(4929) Pause Young (Normal) (G1 Evacuation Pause) 104M->105M(256M) 10.838ms
[2020-01-29T21:38:11.392+0300][147.926s][info ][gc] GC(4930) Pause Young (Normal) (G1 Evacuation Pause) 143M->143M(256M) 27.065ms
[2020-01-29T21:38:11.434+0300][147.969s][info ][gc] GC(4931) Pause Young (Normal) (G1 Evacuation Pause) 169M->170M(256M) 31.822ms
[2020-01-29T21:38:11.485+0300][148.021s][info ][gc] GC(4932) Pause Young (Normal) (G1 Evacuation Pause) 208M->209M(256M) 32.919ms
[2020-01-29T21:38:11.517+0300][148.052s][info ][gc] GC(4933) Pause Young (Normal) (G1 Evacuation Pause) 218M->219M(256M) 26.823ms
[2020-01-29T21:38:11.557+0300][148.092s][info ][gc] GC(4934) Pause Young (Normal) (G1 Evacuation Pause) 229M->230M(256M) 35.317ms
[2020-01-29T21:38:11.594+0300][148.129s][info ][gc] GC(4935) Pause Young (Normal) (G1 Evacuation Pause) 240M->242M(256M) 28.358ms
[2020-01-29T21:38:11.599+0300][148.134s][info ][gc] GC(4927) Pause Cleanup 243M->243M(256M) 0.049ms
[2020-01-29T21:38:11.599+0300][148.134s][info ][gc] GC(4927) Concurrent Cycle 308.042ms
[2020-01-29T21:38:11.634+0300][148.169s][info ][gc] GC(4936) To-space exhausted
[2020-01-29T21:38:11.634+0300][148.169s][info ][gc] GC(4936) Pause Young (Normal) (G1 Evacuation Pause) 252M->255M(256M) 31.302ms
[2020-01-29T21:38:11.666+0300][148.201s][info ][gc] GC(4937) Pause Full (G1 Evacuation Pause) 255M->61M(256M) 31.714ms
[2020-01-29T21:38:11.715+0300][148.251s][info ][gc] GC(4938) Pause Young (Concurrent Start) (G1 Evacuation Pause) 113M->114M(256M) 28.590ms
[2020-01-29T21:38:11.716+0300][148.251s][info ][gc] GC(4939) Concurrent Cycle
[2020-01-29T21:38:11.767+0300][148.302s][info ][gc] GC(4940) Pause Young (Normal) (G1 Evacuation Pause) 169M->169M(256M) 24.629ms
[2020-01-29T21:38:11.788+0300][148.323s][info ][gc] GC(4941) Pause Young (Normal) (G1 Evacuation Pause) 187M->188M(256M) 13.045ms
[2020-01-29T21:38:11.801+0300][148.336s][info ][gc] GC(4942) Pause Young (Normal) (G1 Evacuation Pause) 200M->201M(256M) 8.229ms
[2020-01-29T21:38:11.813+0300][148.349s][info ][gc] GC(4943) Pause Young (Normal) (G1 Evacuation Pause) 211M->212M(256M) 7.651ms
[2020-01-29T21:38:11.825+0300][148.360s][info ][gc] GC(4944) Pause Young (Normal) (G1 Evacuation Pause) 222M->223M(256M) 7.761ms
[2020-01-29T21:38:11.837+0300][148.372s][info ][gc] GC(4945) Pause Young (Normal) (G1 Evacuation Pause) 233M->234M(256M) 8.025ms
[2020-01-29T21:38:11.853+0300][148.389s][info ][gc] GC(4946) To-space exhausted
[2020-01-29T21:38:11.854+0300][148.389s][info ][gc] GC(4946) Pause Young (Normal) (G1 Evacuation Pause) 244M->246M(256M) 12.150ms
[2020-01-29T21:38:11.873+0300][148.409s][info ][gc] GC(4947) To-space exhausted
[2020-01-29T21:38:11.873+0300][148.409s][info ][gc] GC(4947) Pause Young (Normal) (G1 Evacuation Pause) 253M->253M(256M) 17.292ms
[2020-01-29T21:38:11.874+0300][148.409s][debug][gc] GC(4948) Clear Next Bitmap 0.085ms
[2020-01-29T21:38:11.934+0300][148.469s][info ][gc] GC(4948) Pause Full (G1 Evacuation Pause) 253M->110M(256M) 60.112ms
[2020-01-29T21:38:11.934+0300][148.469s][info ][gc] GC(4939) Concurrent Cycle 218.830ms
[2020-01-29T21:38:11.970+0300][148.505s][info ][gc] GC(4949) Pause Young (Concurrent Start) (G1 Humongous Allocation) 136M->136M(256M) 15.067ms
[2020-01-29T21:38:11.970+0300][148.505s][info ][gc] GC(4950) Concurrent Cycle
[2020-01-29T21:38:12.004+0300][148.539s][info ][gc] GC(4951) Pause Young (Normal) (G1 Evacuation Pause) 185M->185M(256M) 20.423ms
[2020-01-29T21:38:12.009+0300][148.544s][debug][gc] GC(4950) Reclaimed 109 empty regions
[2020-01-29T21:38:12.009+0300][148.544s][info ][gc] GC(4950) Pause Remark 195M->88M(256M) 0.655ms
[2020-01-29T21:38:12.023+0300][148.557s][info ][gc] GC(4952) Pause Young (Normal) (G1 Evacuation Pause) 91M->92M(256M) 11.614ms
[2020-01-29T21:38:12.071+0300][148.606s][info ][gc] GC(4953) Pause Young (Normal) (G1 Evacuation Pause) 136M->137M(256M) 31.128ms
[2020-01-29T21:38:12.117+0300][148.653s][info ][gc] GC(4954) Pause Young (Normal) (G1 Evacuation Pause) 165M->166M(256M) 34.743ms
[2020-01-29T21:38:12.168+0300][148.703s][info ][gc] GC(4955) Pause Young (Normal) (G1 Evacuation Pause) 205M->206M(256M) 31.284ms
[2020-01-29T21:38:12.170+0300][148.705s][info ][gc] GC(4950) Pause Cleanup 211M->211M(256M) 0.041ms
[2020-01-29T21:38:12.170+0300][148.706s][info ][gc] GC(4950) Concurrent Cycle 200.405ms
[2020-01-29T21:38:12.194+0300][148.730s][info ][gc] GC(4956) Pause Young (Normal) (G1 Evacuation Pause) 215M->215M(256M) 22.364ms
[2020-01-29T21:38:12.207+0300][148.742s][info ][gc] GC(4957) Pause Young (Concurrent Start) (G1 Evacuation Pause) 225M->226M(256M) 8.253ms
[2020-01-29T21:38:12.207+0300][148.742s][info ][gc] GC(4958) Concurrent Cycle
[2020-01-29T21:38:12.221+0300][148.756s][info ][gc] GC(4959) Pause Young (Normal) (G1 Evacuation Pause) 236M->237M(256M) 8.084ms
[2020-01-29T21:38:12.238+0300][148.773s][info ][gc] GC(4960) To-space exhausted
[2020-01-29T21:38:12.238+0300][148.773s][info ][gc] GC(4960) Pause Young (Normal) (G1 Evacuation Pause) 247M->249M(256M) 12.486ms
[2020-01-29T21:38:12.256+0300][148.791s][info ][gc] GC(4961) To-space exhausted
[2020-01-29T21:38:12.256+0300][148.792s][info ][gc] GC(4961) Pause Young (Normal) (G1 Evacuation Pause) 255M->255M(256M) 16.177ms
[2020-01-29T21:38:12.257+0300][148.792s][debug][gc] GC(4962) Clear Next Bitmap 0.067ms
[2020-01-29T21:38:12.303+0300][148.838s][info ][gc] GC(4962) Pause Full (G1 Evacuation Pause) 255M->84M(256M) 45.959ms
[2020-01-29T21:38:12.303+0300][148.838s][info ][gc] GC(4958) Concurrent Cycle 96.058ms
[2020-01-29T21:38:12.350+0300][148.884s][info ][gc] GC(4963) Pause Young (Normal) (G1 Evacuation Pause) 129M->129M(256M) 29.032ms
[2020-01-29T21:38:12.372+0300][148.907s][info ][gc] GC(4964) Pause Young (Concurrent Start) (G1 Humongous Allocation) 136M->137M(256M) 8.727ms
[2020-01-29T21:38:12.372+0300][148.907s][info ][gc] GC(4965) Concurrent Cycle
[2020-01-29T21:38:12.384+0300][148.919s][debug][gc] GC(4965) Reclaimed 121 empty regions
[2020-01-29T21:38:12.384+0300][148.919s][info ][gc] GC(4965) Pause Remark 183M->65M(256M) 0.643ms
[2020-01-29T21:38:12.402+0300][148.937s][info ][gc] GC(4966) Pause Young (Normal) (G1 Evacuation Pause) 66M->62M(256M) 17.314ms
[2020-01-29T21:38:12.422+0300][148.958s][info ][gc] GC(4965) Pause Cleanup 115M->115M(256M) 0.035ms
[2020-01-29T21:38:12.462+0300][148.998s][info ][gc] GC(4967) Pause Young (Normal) (G1 Evacuation Pause) 115M->116M(256M) 40.064ms
[2020-01-29T21:38:12.462+0300][148.998s][info ][gc] GC(4965) Concurrent Cycle 90.759ms
[2020-01-29T21:38:12.511+0300][149.047s][info ][gc] GC(4968) Pause Young (Concurrent Start) (G1 Humongous Allocation) 151M->151M(256M) 24.705ms
[2020-01-29T21:38:12.511+0300][149.047s][info ][gc] GC(4969) Concurrent Cycle
[2020-01-29T21:38:12.553+0300][149.088s][info ][gc] GC(4970) Pause Young (Normal) (G1 Evacuation Pause) 195M->196M(256M) 18.636ms
[2020-01-29T21:38:12.557+0300][149.093s][debug][gc] GC(4969) Reclaimed 101 empty regions
[2020-01-29T21:38:12.558+0300][149.093s][info ][gc] GC(4969) Pause Remark 205M->104M(256M) 0.677ms
[2020-01-29T21:38:12.567+0300][149.102s][info ][gc] GC(4971) Pause Young (Normal) (G1 Evacuation Pause) 105M->105M(256M) 8.758ms
[2020-01-29T21:38:12.609+0300][149.144s][info ][gc] GC(4972) Pause Young (Normal) (G1 Evacuation Pause) 143M->144M(256M) 26.784ms
[2020-01-29T21:38:12.652+0300][149.188s][info ][gc] GC(4973) Pause Young (Normal) (G1 Evacuation Pause) 170M->170M(256M) 32.330ms
[2020-01-29T21:38:12.703+0300][149.238s][info ][gc] GC(4974) Pause Young (Normal) (G1 Evacuation Pause) 208M->209M(256M) 32.030ms
[2020-01-29T21:38:12.733+0300][149.268s][info ][gc] GC(4975) Pause Young (Normal) (G1 Evacuation Pause) 218M->220M(256M) 25.052ms
[2020-01-29T21:38:12.764+0300][149.299s][info ][gc] GC(4976) Pause Young (Normal) (G1 Evacuation Pause) 230M->230M(256M) 26.467ms
[2020-01-29T21:38:12.797+0300][149.333s][info ][gc] GC(4977) Pause Young (Normal) (G1 Evacuation Pause) 240M->241M(256M) 27.948ms
[2020-01-29T21:38:12.840+0300][149.376s][info ][gc] GC(4978) To-space exhausted
[2020-01-29T21:38:12.840+0300][149.376s][info ][gc] GC(4978) Pause Young (Normal) (G1 Evacuation Pause) 251M->255M(256M) 37.712ms
[2020-01-29T21:38:12.840+0300][149.376s][debug][gc] GC(4979) Clear Next Bitmap 0.061ms
[2020-01-29T21:38:12.872+0300][149.408s][info ][gc] GC(4979) Pause Full (G1 Evacuation Pause) 255M->62M(256M) 31.709ms
[2020-01-29T21:38:12.872+0300][149.408s][info ][gc] GC(4969) Concurrent Cycle 361.097ms
[2020-01-29T21:38:12.922+0300][149.457s][info ][gc] GC(4980) Pause Young (Normal) (G1 Evacuation Pause) 114M->114M(256M) 28.725ms
[2020-01-29T21:38:12.958+0300][149.493s][info ][gc] GC(4981) Pause Young (Concurrent Start) (G1 Humongous Allocation) 137M->138M(256M) 16.634ms
[2020-01-29T21:38:12.958+0300][149.493s][info ][gc] GC(4982) Concurrent Cycle
[2020-01-29T21:38:12.993+0300][149.528s][info ][gc] GC(4983) Pause Young (Normal) (G1 Evacuation Pause) 185M->186M(256M) 19.734ms
[2020-01-29T21:38:12.998+0300][149.533s][debug][gc] GC(4982) Reclaimed 104 empty regions
[2020-01-29T21:38:12.998+0300][149.533s][info ][gc] GC(4982) Pause Remark 193M->91M(256M) 0.846ms
[2020-01-29T21:38:13.015+0300][149.550s][info ][gc] GC(4984) Pause Young (Normal) (G1 Evacuation Pause) 96M->96M(256M) 12.502ms
[2020-01-29T21:38:13.061+0300][149.597s][info ][gc] GC(4985) Pause Young (Normal) (G1 Evacuation Pause) 137M->138M(256M) 29.552ms
[2020-01-29T21:38:13.109+0300][149.644s][info ][gc] GC(4986) Pause Young (Normal) (G1 Evacuation Pause) 166M->167M(256M) 36.052ms
[2020-01-29T21:38:13.132+0300][149.669s][info ][gc] GC(4982) Pause Cleanup 198M->198M(256M) 0.043ms
[2020-01-29T21:38:13.132+0300][149.670s][info ][gc] GC(4982) Concurrent Cycle 176.590ms
[2020-01-29T21:38:13.165+0300][149.700s][info ][gc] GC(4987) Pause Young (Normal) (G1 Evacuation Pause) 206M->207M(256M) 27.044ms
[2020-01-29T21:38:13.175+0300][149.710s][info ][gc] GC(4988) Pause Young (Concurrent Start) (G1 Evacuation Pause) 216M->216M(256M) 6.596ms
[2020-01-29T21:38:13.175+0300][149.710s][info ][gc] GC(4989) Concurrent Cycle
[2020-01-29T21:38:13.189+0300][149.724s][info ][gc] GC(4990) Pause Young (Normal) (G1 Evacuation Pause) 226M->227M(256M) 7.926ms
[2020-01-29T21:38:13.201+0300][149.737s][info ][gc] GC(4991) Pause Young (Normal) (G1 Evacuation Pause) 237M->238M(256M) 8.105ms
[2020-01-29T21:38:13.219+0300][149.754s][info ][gc] GC(4992) To-space exhausted
[2020-01-29T21:38:13.219+0300][149.754s][info ][gc] GC(4992) Pause Young (Normal) (G1 Evacuation Pause) 248M->251M(256M) 13.531ms
[2020-01-29T21:38:13.234+0300][149.769s][info ][gc] GC(4993) To-space exhausted
[2020-01-29T21:38:13.234+0300][149.769s][info ][gc] GC(4993) Pause Young (Normal) (G1 Evacuation Pause) 255M->255M(256M) 12.946ms
[2020-01-29T21:38:13.234+0300][149.769s][debug][gc] GC(4994) Clear Next Bitmap 0.079ms
[2020-01-29T21:38:13.276+0300][149.811s][info ][gc] GC(4994) Pause Full (G1 Evacuation Pause) 255M->77M(256M) 42.298ms
[2020-01-29T21:38:13.277+0300][149.812s][info ][gc] GC(4989) Concurrent Cycle 101.403ms
[2020-01-29T21:38:13.321+0300][149.856s][info ][gc] GC(4995) Pause Young (Normal) (G1 Evacuation Pause) 124M->124M(256M) 26.241ms
[2020-01-29T21:38:13.348+0300][149.883s][info ][gc] GC(4996) Pause Young (Concurrent Start) (G1 Humongous Allocation) 137M->137M(256M) 10.887ms
[2020-01-29T21:38:13.348+0300][149.883s][info ][gc] GC(4997) Concurrent Cycle
[2020-01-29T21:38:13.380+0300][149.915s][info ][gc] GC(4998) Pause Young (Normal) (G1 Evacuation Pause) 185M->187M(256M) 19.896ms
[2020-01-29T21:38:13.382+0300][149.917s][debug][gc] GC(4997) Reclaimed 116 empty regions
[2020-01-29T21:38:13.382+0300][149.918s][info ][gc] GC(4997) Pause Remark 190M->77M(256M) 0.638ms
[2020-01-29T21:38:13.396+0300][149.931s][info ][gc] GC(4999) Pause Young (Normal) (G1 Evacuation Pause) 85M->86M(256M) 10.219ms
[2020-01-29T21:38:13.453+0300][149.988s][info ][gc] GC(5000) Pause Young (Normal) (G1 Evacuation Pause) 130M->131M(256M) 32.710ms
[2020-01-29T21:38:13.504+0300][150.039s][info ][gc] GC(5001) Pause Young (Normal) (G1 Evacuation Pause) 161M->162M(256M) 38.259ms
[2020-01-29T21:38:13.511+0300][150.046s][info ][gc] GC(4997) Pause Cleanup 163M->163M(256M) 0.042ms
[2020-01-29T21:38:13.511+0300][150.046s][info ][gc] GC(4997) Concurrent Cycle 163.054ms
[2020-01-29T21:38:13.537+0300][150.071s][info ][gc] GC(5002) Pause Young (Concurrent Start) (G1 Humongous Allocation) 163M->164M(256M) 21.870ms
[2020-01-29T21:38:13.537+0300][150.072s][info ][gc] GC(5003) Concurrent Cycle
[2020-01-29T21:38:13.542+0300][150.079s][debug][gc] GC(5003) Reclaimed 149 empty regions
[2020-01-29T21:38:13.542+0300][150.079s][info ][gc] GC(5003) Pause Remark 199M->50M(256M) 0.667ms
[2020-01-29T21:38:13.557+0300][150.095s][info ][gc] GC(5004) Pause Young (Normal) (G1 Evacuation Pause) 55M->55M(256M) 13.651ms
[2020-01-29T21:38:13.574+0300][150.109s][info ][gc] GC(5003) Pause Cleanup 91M->91M(256M) 0.039ms
[2020-01-29T21:38:13.575+0300][150.110s][info ][gc] GC(5003) Concurrent Cycle 38.116ms
[2020-01-29T21:38:13.619+0300][150.154s][info ][gc] GC(5005) Pause Young (Normal) (G1 Evacuation Pause) 109M->110M(256M) 37.099ms
[2020-01-29T21:38:13.659+0300][150.193s][info ][gc] GC(5006) Pause Young (Concurrent Start) (G1 Evacuation Pause) 147M->148M(256M) 25.070ms
[2020-01-29T21:38:13.659+0300][150.194s][info ][gc] GC(5007) Concurrent Cycle
[2020-01-29T21:38:13.701+0300][150.236s][info ][gc] GC(5008) Pause Young (Normal) (G1 Evacuation Pause) 193M->194M(256M) 18.908ms
[2020-01-29T21:38:13.714+0300][150.249s][info ][gc] GC(5009) Pause Young (Normal) (G1 Evacuation Pause) 204M->204M(256M) 8.830ms
[2020-01-29T21:38:13.725+0300][150.261s][info ][gc] GC(5010) Pause Young (Normal) (G1 Evacuation Pause) 214M->216M(256M) 7.524ms
[2020-01-29T21:38:13.737+0300][150.272s][info ][gc] GC(5011) Pause Young (Normal) (G1 Evacuation Pause) 226M->226M(256M) 7.603ms
[2020-01-29T21:38:13.750+0300][150.285s][info ][gc] GC(5012) Pause Young (Normal) (G1 Evacuation Pause) 236M->237M(256M) 7.941ms
[2020-01-29T21:38:13.767+0300][150.302s][info ][gc] GC(5013) To-space exhausted
[2020-01-29T21:38:13.767+0300][150.302s][info ][gc] GC(5013) Pause Young (Normal) (G1 Evacuation Pause) 247M->250M(256M) 13.023ms
[2020-01-29T21:38:13.782+0300][150.318s][info ][gc] GC(5014) To-space exhausted
[2020-01-29T21:38:13.782+0300][150.318s][info ][gc] GC(5014) Pause Young (Normal) (G1 Evacuation Pause) 255M->255M(256M) 13.714ms
[2020-01-29T21:38:13.782+0300][150.318s][debug][gc] GC(5015) Clear Next Bitmap 0.082ms
[2020-01-29T21:38:13.836+0300][150.371s][info ][gc] GC(5015) Pause Full (G1 Evacuation Pause) 255M->97M(256M) 53.234ms
[2020-01-29T21:38:13.836+0300][150.371s][info ][gc] GC(5007) Concurrent Cycle 177.739ms
[2020-01-29T21:38:13.883+0300][150.418s][info ][gc] GC(5016) Pause Young (Concurrent Start) (G1 Humongous Allocation) 136M->136M(256M) 20.964ms
[2020-01-29T21:38:13.883+0300][150.418s][info ][gc] GC(5017) Concurrent Cycle
[2020-01-29T21:38:13.924+0300][150.459s][info ][gc] GC(5018) Pause Young (Normal) (G1 Evacuation Pause) 184M->185M(256M) 20.463ms
[2020-01-29T21:38:13.928+0300][150.464s][debug][gc] GC(5017) Reclaimed 96 empty regions
[2020-01-29T21:38:13.928+0300][150.464s][info ][gc] GC(5017) Pause Remark 194M->101M(256M) 0.639ms
[2020-01-29T21:38:13.941+0300][150.477s][info ][gc] GC(5019) Pause Young (Normal) (G1 Evacuation Pause) 104M->105M(256M) 11.219ms
[2020-01-29T21:38:13.985+0300][150.521s][info ][gc] GC(5020) Pause Young (Normal) (G1 Evacuation Pause) 143M->144M(256M) 28.861ms
[2020-01-29T21:38:14.029+0300][150.565s][info ][gc] GC(5021) Pause Young (Normal) (G1 Evacuation Pause) 170M->170M(256M) 33.077ms
[2020-01-29T21:38:14.080+0300][150.615s][info ][gc] GC(5022) Pause Young (Normal) (G1 Evacuation Pause) 208M->209M(256M) 32.339ms
[2020-01-29T21:38:14.110+0300][150.645s][info ][gc] GC(5023) Pause Young (Normal) (G1 Evacuation Pause) 218M->219M(256M) 25.613ms
[2020-01-29T21:38:14.141+0300][150.676s][info ][gc] GC(5024) Pause Young (Normal) (G1 Evacuation Pause) 229M->230M(256M) 26.325ms
[2020-01-29T21:38:14.174+0300][150.709s][info ][gc] GC(5025) Pause Young (Normal) (G1 Evacuation Pause) 240M->242M(256M) 28.030ms
[2020-01-29T21:38:14.176+0300][150.711s][info ][gc] GC(5017) Pause Cleanup 247M->247M(256M) 0.054ms
[2020-01-29T21:38:14.177+0300][150.712s][info ][gc] GC(5017) Concurrent Cycle 293.712ms
[2020-01-29T21:38:14.214+0300][150.749s][info ][gc] GC(5026) To-space exhausted
[2020-01-29T21:38:14.214+0300][150.749s][info ][gc] GC(5026) Pause Young (Normal) (G1 Evacuation Pause) 252M->255M(256M) 35.915ms
[2020-01-29T21:38:14.251+0300][150.786s][info ][gc] GC(5027) Pause Full (G1 Evacuation Pause) 255M->68M(256M) 36.685ms
[2020-01-29T21:38:14.298+0300][150.833s][info ][gc] GC(5028) Pause Young (Concurrent Start) (G1 Evacuation Pause) 118M->118M(256M) 27.360ms
[2020-01-29T21:38:14.298+0300][150.833s][info ][gc] GC(5029) Concurrent Cycle
[2020-01-29T21:38:14.348+0300][150.883s][info ][gc] GC(5030) Pause Young (Normal) (G1 Evacuation Pause) 172M->173M(256M) 23.988ms
[2020-01-29T21:38:14.372+0300][150.908s][info ][gc] GC(5031) Pause Young (Normal) (G1 Evacuation Pause) 189M->190M(256M) 16.835ms
[2020-01-29T21:38:14.385+0300][150.921s][info ][gc] GC(5032) Pause Young (Normal) (G1 Evacuation Pause) 201M->202M(256M) 8.477ms
[2020-01-29T21:38:14.397+0300][150.933s][info ][gc] GC(5033) Pause Young (Normal) (G1 Evacuation Pause) 212M->213M(256M) 7.878ms
[2020-01-29T21:38:14.409+0300][150.944s][info ][gc] GC(5034) Pause Young (Normal) (G1 Evacuation Pause) 223M->223M(256M) 7.696ms
[2020-01-29T21:38:14.421+0300][150.957s][info ][gc] GC(5035) Pause Young (Normal) (G1 Evacuation Pause) 233M->234M(256M) 8.102ms
[2020-01-29T21:38:14.437+0300][150.972s][info ][gc] GC(5036) To-space exhausted
[2020-01-29T21:38:14.437+0300][150.972s][info ][gc] GC(5036) Pause Young (Normal) (G1 Evacuation Pause) 244M->247M(256M) 11.271ms
[2020-01-29T21:38:14.455+0300][150.990s][info ][gc] GC(5037) To-space exhausted
[2020-01-29T21:38:14.455+0300][150.990s][info ][gc] GC(5037) Pause Young (Normal) (G1 Evacuation Pause) 253M->253M(256M) 15.379ms
[2020-01-29T21:38:14.455+0300][150.990s][debug][gc] GC(5038) Clear Next Bitmap 0.074ms
[2020-01-29T21:38:14.516+0300][151.051s][info ][gc] GC(5038) Pause Full (G1 Evacuation Pause) 253M->110M(256M) 60.678ms
[2020-01-29T21:38:14.516+0300][151.051s][info ][gc] GC(5029) Concurrent Cycle 217.764ms
[2020-01-29T21:38:14.551+0300][151.086s][info ][gc] GC(5039) Pause Young (Concurrent Start) (G1 Humongous Allocation) 136M->136M(256M) 14.785ms
[2020-01-29T21:38:14.551+0300][151.086s][info ][gc] GC(5040) Concurrent Cycle
[2020-01-29T21:38:14.586+0300][151.121s][info ][gc] GC(5041) Pause Young (Normal) (G1 Evacuation Pause) 185M->186M(256M) 20.412ms
[2020-01-29T21:38:14.591+0300][151.125s][debug][gc] GC(5040) Reclaimed 105 empty regions
[2020-01-29T21:38:14.591+0300][151.125s][info ][gc] GC(5040) Pause Remark 196M->91M(256M) 0.639ms
[2020-01-29T21:38:14.603+0300][151.138s][info ][gc] GC(5042) Pause Young (Normal) (G1 Evacuation Pause) 95M->96M(256M) 11.158ms
[2020-01-29T21:38:14.652+0300][151.187s][info ][gc] GC(5043) Pause Young (Normal) (G1 Evacuation Pause) 139M->139M(256M) 31.646ms
[2020-01-29T21:38:14.700+0300][151.235s][info ][gc] GC(5044) Pause Young (Normal) (G1 Evacuation Pause) 167M->168M(256M) 36.466ms
[2020-01-29T21:38:14.752+0300][151.287s][info ][gc] GC(5045) Pause Young (Normal) (G1 Evacuation Pause) 207M->208M(256M) 32.508ms
[2020-01-29T21:38:14.755+0300][151.290s][info ][gc] GC(5040) Pause Cleanup 215M->215M(256M) 0.046ms
[2020-01-29T21:38:14.755+0300][151.291s][info ][gc] GC(5040) Concurrent Cycle 204.238ms
[2020-01-29T21:38:14.782+0300][151.317s][info ][gc] GC(5046) Pause Young (Normal) (G1 Evacuation Pause) 217M->218M(256M) 25.868ms
[2020-01-29T21:38:14.795+0300][151.330s][info ][gc] GC(5047) Pause Young (Concurrent Start) (G1 Evacuation Pause) 228M->228M(256M) 8.135ms
[2020-01-29T21:38:14.795+0300][151.330s][info ][gc] GC(5048) Concurrent Cycle
[2020-01-29T21:38:14.809+0300][151.344s][info ][gc] GC(5049) Pause Young (Normal) (G1 Evacuation Pause) 238M->239M(256M) 7.923ms
[2020-01-29T21:38:14.828+0300][151.363s][info ][gc] GC(5050) To-space exhausted
[2020-01-29T21:38:14.828+0300][151.363s][info ][gc] GC(5050) Pause Young (Normal) (G1 Evacuation Pause) 249M->251M(256M) 14.932ms
[2020-01-29T21:38:14.843+0300][151.378s][info ][gc] GC(5051) To-space exhausted
[2020-01-29T21:38:14.843+0300][151.378s][info ][gc] GC(5051) Pause Young (Normal) (G1 Evacuation Pause) 255M->255M(256M) 13.408ms
[2020-01-29T21:38:14.844+0300][151.378s][debug][gc] GC(5052) Clear Next Bitmap 0.086ms
[2020-01-29T21:38:14.887+0300][151.422s][info ][gc] GC(5052) Pause Full (G1 Evacuation Pause) 255M->81M(256M) 43.948ms
[2020-01-29T21:38:14.887+0300][151.423s][info ][gc] GC(5048) Concurrent Cycle 92.900ms
[2020-01-29T21:38:14.931+0300][151.467s][info ][gc] GC(5053) Pause Young (Normal) (G1 Evacuation Pause) 127M->127M(256M) 25.785ms
[2020-01-29T21:38:14.954+0300][151.489s][info ][gc] GC(5054) Pause Young (Concurrent Start) (G1 Humongous Allocation) 136M->136M(256M) 8.273ms
[2020-01-29T21:38:14.954+0300][151.489s][info ][gc] GC(5055) Concurrent Cycle
[2020-01-29T21:38:14.966+0300][151.501s][debug][gc] GC(5055) Reclaimed 120 empty regions
[2020-01-29T21:38:14.967+0300][151.501s][info ][gc] GC(5055) Pause Remark 184M->67M(256M) 0.638ms
[2020-01-29T21:38:14.985+0300][151.520s][info ][gc] GC(5056) Pause Young (Normal) (G1 Evacuation Pause) 67M->64M(256M) 17.806ms
[2020-01-29T21:38:15.048+0300][151.583s][info ][gc] GC(5057) Pause Young (Normal) (G1 Evacuation Pause) 116M->116M(256M) 42.016ms
[2020-01-29T21:38:15.049+0300][151.585s][info ][gc] GC(5055) Pause Cleanup 119M->119M(256M) 0.040ms
[2020-01-29T21:38:15.049+0300][151.585s][info ][gc] GC(5055) Concurrent Cycle 96.089ms
[2020-01-29T21:38:15.104+0300][151.640s][info ][gc] GC(5058) Pause Young (Normal) (G1 Evacuation Pause) 151M->152M(256M) 42.230ms
[2020-01-29T21:38:15.120+0300][151.655s][info ][gc] GC(5059) Pause Young (Concurrent Start) (G1 Humongous Allocation) 153M->154M(256M) 4.356ms
[2020-01-29T21:38:15.120+0300][151.656s][info ][gc] GC(5060) Concurrent Cycle
[2020-01-29T21:38:15.128+0300][151.664s][debug][gc] GC(5060) Reclaimed 137 empty regions
[2020-01-29T21:38:15.128+0300][151.664s][info ][gc] GC(5060) Pause Remark 191M->54M(256M) 0.648ms
[2020-01-29T21:38:15.146+0300][151.681s][info ][gc] GC(5061) Pause Young (Normal) (G1 Evacuation Pause) 60M->60M(256M) 14.973ms
[2020-01-29T21:38:15.157+0300][151.696s][info ][gc] GC(5060) Pause Cleanup 99M->99M(256M) 0.038ms
[2020-01-29T21:38:15.157+0300][151.696s][info ][gc] GC(5060) Concurrent Cycle 40.816ms
[2020-01-29T21:38:15.202+0300][151.738s][info ][gc] GC(5062) Pause Young (Normal) (G1 Evacuation Pause) 112M->113M(256M) 36.808ms
[2020-01-29T21:38:15.242+0300][151.777s][info ][gc] GC(5063) Pause Young (Concurrent Start) (G1 Evacuation Pause) 149M->150M(256M) 24.367ms
[2020-01-29T21:38:15.242+0300][151.777s][info ][gc] GC(5064) Concurrent Cycle
[2020-01-29T21:38:15.284+0300][151.819s][info ][gc] GC(5065) Pause Young (Normal) (G1 Evacuation Pause) 194M->195M(256M) 18.324ms
[2020-01-29T21:38:15.297+0300][151.831s][info ][gc] GC(5066) Pause Young (Normal) (G1 Evacuation Pause) 205M->205M(256M) 8.662ms
[2020-01-29T21:38:15.308+0300][151.843s][info ][gc] GC(5067) Pause Young (Normal) (G1 Evacuation Pause) 215M->216M(256M) 7.955ms
[2020-01-29T21:38:15.320+0300][151.856s][info ][gc] GC(5068) Pause Young (Normal) (G1 Evacuation Pause) 226M->227M(256M) 7.910ms
[2020-01-29T21:38:15.334+0300][151.870s][info ][gc] GC(5069) Pause Young (Normal) (G1 Evacuation Pause) 237M->239M(256M) 9.777ms
[2020-01-29T21:38:15.354+0300][151.889s][info ][gc] GC(5070) To-space exhausted
[2020-01-29T21:38:15.354+0300][151.889s][info ][gc] GC(5070) Pause Young (Normal) (G1 Evacuation Pause) 249M->251M(256M) 15.531ms
[2020-01-29T21:38:15.369+0300][151.904s][info ][gc] GC(5071) To-space exhausted
[2020-01-29T21:38:15.369+0300][151.904s][info ][gc] GC(5071) Pause Young (Normal) (G1 Evacuation Pause) 255M->255M(256M) 12.964ms
[2020-01-29T21:38:15.369+0300][151.904s][debug][gc] GC(5072) Clear Next Bitmap 0.065ms
[2020-01-29T21:38:15.421+0300][151.956s][info ][gc] GC(5072) Pause Full (G1 Evacuation Pause) 255M->95M(256M) 52.130ms
[2020-01-29T21:38:15.421+0300][151.957s][info ][gc] GC(5064) Concurrent Cycle 179.323ms
[2020-01-29T21:38:15.470+0300][152.006s][info ][gc] GC(5073) Pause Young (Concurrent Start) (G1 Humongous Allocation) 136M->136M(256M) 22.589ms
[2020-01-29T21:38:15.470+0300][152.006s][info ][gc] GC(5074) Concurrent Cycle
[2020-01-29T21:38:15.513+0300][152.048s][info ][gc] GC(5075) Pause Young (Normal) (G1 Evacuation Pause) 184M->185M(256M) 20.740ms
[2020-01-29T21:38:15.518+0300][152.053s][debug][gc] GC(5074) Reclaimed 93 empty regions
[2020-01-29T21:38:15.518+0300][152.053s][info ][gc] GC(5074) Pause Remark 194M->103M(256M) 0.641ms
[2020-01-29T21:38:15.530+0300][152.065s][info ][gc] GC(5076) Pause Young (Normal) (G1 Evacuation Pause) 107M->108M(256M) 10.469ms
[2020-01-29T21:38:15.573+0300][152.108s][info ][gc] GC(5077) Pause Young (Normal) (G1 Evacuation Pause) 145M->146M(256M) 28.132ms
[2020-01-29T21:38:15.617+0300][152.152s][info ][gc] GC(5078) Pause Young (Normal) (G1 Evacuation Pause) 171M->172M(256M) 33.282ms
[2020-01-29T21:38:15.669+0300][152.204s][info ][gc] GC(5079) Pause Young (Normal) (G1 Evacuation Pause) 209M->210M(256M) 31.150ms
[2020-01-29T21:38:15.697+0300][152.233s][info ][gc] GC(5080) Pause Young (Normal) (G1 Evacuation Pause) 219M->220M(256M) 24.962ms
[2020-01-29T21:38:15.729+0300][152.264s][info ][gc] GC(5081) Pause Young (Normal) (G1 Evacuation Pause) 230M->231M(256M) 26.250ms
[2020-01-29T21:38:15.761+0300][152.297s][info ][gc] GC(5082) Pause Young (Normal) (G1 Evacuation Pause) 241M->241M(256M) 27.828ms
[2020-01-29T21:38:15.762+0300][152.298s][info ][gc] GC(5074) Pause Cleanup 242M->242M(256M) 0.052ms
[2020-01-29T21:38:15.762+0300][152.298s][info ][gc] GC(5074) Concurrent Cycle 292.261ms
[2020-01-29T21:38:15.801+0300][152.336s][info ][gc] GC(5083) To-space exhausted
[2020-01-29T21:38:15.801+0300][152.336s][info ][gc] GC(5083) Pause Young (Normal) (G1 Evacuation Pause) 251M->255M(256M) 34.304ms
[2020-01-29T21:38:15.834+0300][152.369s][info ][gc] GC(5084) Pause Full (G1 Evacuation Pause) 255M->66M(256M) 33.500ms
[2020-01-29T21:38:15.882+0300][152.418s][info ][gc] GC(5085) Pause Young (Concurrent Start) (G1 Evacuation Pause) 117M->117M(256M) 27.374ms
[2020-01-29T21:38:15.882+0300][152.418s][info ][gc] GC(5086) Concurrent Cycle
[2020-01-29T21:38:15.933+0300][152.468s][info ][gc] GC(5087) Pause Young (Normal) (G1 Evacuation Pause) 171M->172M(256M) 24.101ms
[2020-01-29T21:38:15.953+0300][152.489s][info ][gc] GC(5088) Pause Young (Normal) (G1 Evacuation Pause) 189M->190M(256M) 13.231ms
[2020-01-29T21:38:15.966+0300][152.502s][info ][gc] GC(5089) Pause Young (Normal) (G1 Evacuation Pause) 201M->202M(256M) 8.235ms
[2020-01-29T21:38:15.978+0300][152.514s][info ][gc] GC(5090) Pause Young (Normal) (G1 Evacuation Pause) 212M->212M(256M) 7.737ms
[2020-01-29T21:38:15.990+0300][152.526s][info ][gc] GC(5091) Pause Young (Normal) (G1 Evacuation Pause) 222M->223M(256M) 7.799ms
[2020-01-29T21:38:16.003+0300][152.538s][info ][gc] GC(5092) Pause Young (Normal) (G1 Evacuation Pause) 233M->233M(256M) 7.416ms
[2020-01-29T21:38:16.018+0300][152.553s][info ][gc] GC(5093) To-space exhausted
[2020-01-29T21:38:16.018+0300][152.553s][info ][gc] GC(5093) Pause Young (Normal) (G1 Evacuation Pause) 243M->247M(256M) 10.076ms
[2020-01-29T21:38:16.035+0300][152.570s][info ][gc] GC(5094) To-space exhausted
[2020-01-29T21:38:16.035+0300][152.570s][info ][gc] GC(5094) Pause Young (Normal) (G1 Evacuation Pause) 253M->253M(256M) 14.552ms
[2020-01-29T21:38:16.035+0300][152.571s][debug][gc] GC(5095) Clear Next Bitmap 0.086ms
[2020-01-29T21:38:16.094+0300][152.630s][info ][gc] GC(5095) Pause Full (G1 Evacuation Pause) 253M->109M(256M) 59.113ms
[2020-01-29T21:38:16.095+0300][152.630s][info ][gc] GC(5086) Concurrent Cycle 212.024ms
[2020-01-29T21:38:16.131+0300][152.666s][info ][gc] GC(5096) Pause Young (Concurrent Start) (G1 Humongous Allocation) 136M->137M(256M) 15.120ms
[2020-01-29T21:38:16.131+0300][152.666s][info ][gc] GC(5097) Concurrent Cycle
[2020-01-29T21:38:16.165+0300][152.700s][info ][gc] GC(5098) Pause Young (Normal) (G1 Evacuation Pause) 185M->185M(256M) 19.633ms
[2020-01-29T21:38:16.170+0300][152.705s][debug][gc] GC(5097) Reclaimed 101 empty regions
[2020-01-29T21:38:16.170+0300][152.705s][info ][gc] GC(5097) Pause Remark 195M->96M(256M) 0.648ms
[2020-01-29T21:38:16.183+0300][152.718s][info ][gc] GC(5099) Pause Young (Normal) (G1 Evacuation Pause) 99M->100M(256M) 11.264ms
[2020-01-29T21:38:16.229+0300][152.764s][info ][gc] GC(5100) Pause Young (Normal) (G1 Evacuation Pause) 141M->142M(256M) 29.919ms
[2020-01-29T21:38:16.274+0300][152.809s][info ][gc] GC(5101) Pause Young (Normal) (G1 Evacuation Pause) 169M->170M(256M) 34.327ms
[2020-01-29T21:38:16.327+0300][152.862s][info ][gc] GC(5102) Pause Young (Normal) (G1 Evacuation Pause) 208M->209M(256M) 34.575ms
[2020-01-29T21:38:16.366+0300][152.901s][info ][gc] GC(5103) Pause Young (Normal) (G1 Evacuation Pause) 218M->219M(256M) 34.118ms
[2020-01-29T21:38:16.367+0300][152.902s][info ][gc] GC(5097) Pause Cleanup 221M->221M(256M) 0.049ms
[2020-01-29T21:38:16.367+0300][152.902s][info ][gc] GC(5097) Concurrent Cycle 236.462ms
[2020-01-29T21:38:16.397+0300][152.933s][info ][gc] GC(5104) Pause Young (Normal) (G1 Evacuation Pause) 229M->230M(256M) 27.046ms
[2020-01-29T21:38:16.410+0300][152.945s][info ][gc] GC(5105) Pause Young (Concurrent Start) (G1 Evacuation Pause) 240M->241M(256M) 8.269ms
[2020-01-29T21:38:16.410+0300][152.945s][info ][gc] GC(5106) Concurrent Cycle
[2020-01-29T21:38:16.433+0300][152.968s][info ][gc] GC(5107) To-space exhausted
[2020-01-29T21:38:16.433+0300][152.968s][info ][gc] GC(5107) Pause Young (Normal) (G1 Evacuation Pause) 251M->253M(256M) 16.555ms
[2020-01-29T21:38:16.442+0300][152.977s][info ][gc] GC(5108) To-space exhausted
[2020-01-29T21:38:16.442+0300][152.977s][info ][gc] GC(5108) Pause Young (Normal) (G1 Evacuation Pause) 255M->255M(256M) 8.242ms
[2020-01-29T21:38:16.442+0300][152.978s][debug][gc] GC(5109) Clear Next Bitmap 0.070ms
[2020-01-29T21:38:16.483+0300][153.018s][info ][gc] GC(5109) Pause Full (G1 Evacuation Pause) 255M->74M(256M) 40.504ms
[2020-01-29T21:38:16.483+0300][153.018s][info ][gc] GC(5106) Concurrent Cycle 73.008ms
[2020-01-29T21:38:16.528+0300][153.063s][info ][gc] GC(5110) Pause Young (Normal) (G1 Evacuation Pause) 122M->122M(256M) 25.828ms
[2020-01-29T21:38:16.556+0300][153.091s][info ][gc] GC(5111) Pause Young (Concurrent Start) (G1 Humongous Allocation) 136M->137M(256M) 11.793ms
[2020-01-29T21:38:16.556+0300][153.091s][info ][gc] GC(5112) Concurrent Cycle
[2020-01-29T21:38:16.588+0300][153.123s][info ][gc] GC(5113) Pause Young (Normal) (G1 Evacuation Pause) 185M->186M(256M) 19.511ms
[2020-01-29T21:38:16.591+0300][153.126s][debug][gc] GC(5112) Reclaimed 112 empty regions
[2020-01-29T21:38:16.591+0300][153.126s][info ][gc] GC(5112) Pause Remark 192M->82M(256M) 0.637ms
[2020-01-29T21:38:16.604+0300][153.139s][info ][gc] GC(5114) Pause Young (Normal) (G1 Evacuation Pause) 88M->89M(256M) 10.147ms
[2020-01-29T21:38:16.653+0300][153.189s][info ][gc] GC(5115) Pause Young (Normal) (G1 Evacuation Pause) 132M->133M(256M) 32.046ms
[2020-01-29T21:38:16.703+0300][153.238s][info ][gc] GC(5116) Pause Young (Normal) (G1 Evacuation Pause) 163M->164M(256M) 37.112ms
[2020-01-29T21:38:16.720+0300][153.255s][info ][gc] GC(5112) Pause Cleanup 195M->195M(256M) 0.043ms
[2020-01-29T21:38:16.720+0300][153.255s][info ][gc] GC(5112) Concurrent Cycle 163.868ms
[2020-01-29T21:38:16.756+0300][153.290s][info ][gc] GC(5117) Pause Young (Normal) (G1 Evacuation Pause) 204M->205M(256M) 31.649ms
[2020-01-29T21:38:16.767+0300][153.301s][info ][gc] GC(5118) Pause Young (Concurrent Start) (G1 Evacuation Pause) 213M->214M(256M) 7.820ms
[2020-01-29T21:38:16.767+0300][153.301s][info ][gc] GC(5119) Concurrent Cycle
[2020-01-29T21:38:16.781+0300][153.316s][info ][gc] GC(5120) Pause Young (Normal) (G1 Evacuation Pause) 224M->225M(256M) 7.800ms
[2020-01-29T21:38:16.793+0300][153.328s][info ][gc] GC(5121) Pause Young (Normal) (G1 Evacuation Pause) 235M->236M(256M) 7.811ms
[2020-01-29T21:38:16.807+0300][153.342s][info ][gc] GC(5122) To-space exhausted
[2020-01-29T21:38:16.807+0300][153.342s][info ][gc] GC(5122) Pause Young (Normal) (G1 Evacuation Pause) 246M->248M(256M) 10.532ms
[2020-01-29T21:38:16.827+0300][153.362s][info ][gc] GC(5123) To-space exhausted
[2020-01-29T21:38:16.827+0300][153.363s][info ][gc] GC(5123) Pause Young (Normal) (G1 Evacuation Pause) 255M->255M(256M) 17.342ms
[2020-01-29T21:38:16.827+0300][153.363s][debug][gc] GC(5124) Clear Next Bitmap 0.097ms
[2020-01-29T21:38:16.872+0300][153.408s][info ][gc] GC(5124) Pause Full (G1 Evacuation Pause) 255M->84M(256M) 44.933ms
[2020-01-29T21:38:16.872+0300][153.408s][info ][gc] GC(5119) Concurrent Cycle 106.353ms
[2020-01-29T21:38:16.915+0300][153.450s][info ][gc] GC(5125) Pause Young (Normal) (G1 Evacuation Pause) 129M->129M(256M) 24.444ms
[2020-01-29T21:38:16.936+0300][153.472s][info ][gc] GC(5126) Pause Young (Concurrent Start) (G1 Humongous Allocation) 136M->136M(256M) 8.708ms
[2020-01-29T21:38:16.936+0300][153.472s][info ][gc] GC(5127) Concurrent Cycle
[2020-01-29T21:38:16.947+0300][153.483s][debug][gc] GC(5127) Reclaimed 120 empty regions
[2020-01-29T21:38:16.948+0300][153.483s][info ][gc] GC(5127) Pause Remark 180M->61M(256M) 0.653ms
[2020-01-29T21:38:16.967+0300][153.503s][info ][gc] GC(5128) Pause Young (Normal) (G1 Evacuation Pause) 65M->62M(256M) 17.757ms
[2020-01-29T21:38:16.986+0300][153.521s][info ][gc] GC(5127) Pause Cleanup 107M->107M(256M) 0.036ms
[2020-01-29T21:38:16.986+0300][153.521s][info ][gc] GC(5127) Concurrent Cycle 49.534ms
[2020-01-29T21:38:17.028+0300][153.563s][info ][gc] GC(5129) Pause Young (Normal) (G1 Evacuation Pause) 114M->114M(256M) 39.513ms
[2020-01-29T21:38:17.066+0300][153.601s][info ][gc] GC(5130) Pause Young (Concurrent Start) (G1 Evacuation Pause) 149M->151M(256M) 23.410ms
[2020-01-29T21:38:17.066+0300][153.601s][info ][gc] GC(5131) Concurrent Cycle
[2020-01-29T21:38:17.107+0300][153.642s][info ][gc] GC(5132) Pause Young (Normal) (G1 Evacuation Pause) 195M->195M(256M) 18.235ms
[2020-01-29T21:38:17.121+0300][153.656s][info ][gc] GC(5133) Pause Young (Normal) (G1 Evacuation Pause) 205M->206M(256M) 9.185ms
[2020-01-29T21:38:17.133+0300][153.668s][info ][gc] GC(5134) Pause Young (Normal) (G1 Evacuation Pause) 216M->217M(256M) 8.000ms
[2020-01-29T21:38:17.146+0300][153.681s][info ][gc] GC(5135) Pause Young (Normal) (G1 Evacuation Pause) 227M->229M(256M) 7.979ms
[2020-01-29T21:38:17.158+0300][153.693s][info ][gc] GC(5136) Pause Young (Normal) (G1 Evacuation Pause) 239M->240M(256M) 8.008ms
[2020-01-29T21:38:17.178+0300][153.713s][info ][gc] GC(5137) To-space exhausted
[2020-01-29T21:38:17.178+0300][153.713s][info ][gc] GC(5137) Pause Young (Normal) (G1 Evacuation Pause) 250M->252M(256M) 15.619ms
[2020-01-29T21:38:17.190+0300][153.725s][info ][gc] GC(5138) To-space exhausted
[2020-01-29T21:38:17.190+0300][153.725s][info ][gc] GC(5138) Pause Young (Normal) (G1 Evacuation Pause) 255M->255M(256M) 11.495ms
[2020-01-29T21:38:17.190+0300][153.726s][debug][gc] GC(5139) Clear Next Bitmap 0.070ms
[2020-01-29T21:38:17.245+0300][153.780s][info ][gc] GC(5139) Pause Full (G1 Evacuation Pause) 255M->97M(256M) 54.829ms
[2020-01-29T21:38:17.246+0300][153.781s][info ][gc] GC(5131) Concurrent Cycle 179.986ms
[2020-01-29T21:38:17.292+0300][153.827s][info ][gc] GC(5140) Pause Young (Concurrent Start) (G1 Humongous Allocation) 136M->136M(256M) 20.793ms
[2020-01-29T21:38:17.292+0300][153.827s][info ][gc] GC(5141) Concurrent Cycle
[2020-01-29T21:38:17.337+0300][153.873s][info ][gc] GC(5142) Pause Young (Normal) (G1 Evacuation Pause) 184M->185M(256M) 24.423ms
[2020-01-29T21:38:17.342+0300][153.878s][debug][gc] GC(5141) Reclaimed 97 empty regions
[2020-01-29T21:38:17.342+0300][153.878s][info ][gc] GC(5141) Pause Remark 194M->100M(256M) 0.858ms
[2020-01-29T21:38:17.357+0300][153.892s][info ][gc] GC(5143) Pause Young (Normal) (G1 Evacuation Pause) 103M->103M(256M) 13.180ms
[2020-01-29T21:38:17.402+0300][153.938s][info ][gc] GC(5144) Pause Young (Normal) (G1 Evacuation Pause) 142M->143M(256M) 29.244ms
[2020-01-29T21:38:17.447+0300][153.982s][info ][gc] GC(5145) Pause Young (Normal) (G1 Evacuation Pause) 169M->170M(256M) 33.455ms
[2020-01-29T21:38:17.502+0300][154.037s][info ][gc] GC(5146) Pause Young (Normal) (G1 Evacuation Pause) 208M->209M(256M) 35.561ms
[2020-01-29T21:38:17.534+0300][154.069s][info ][gc] GC(5147) Pause Young (Normal) (G1 Evacuation Pause) 218M->219M(256M) 28.646ms
[2020-01-29T21:38:17.568+0300][154.104s][info ][gc] GC(5148) Pause Young (Normal) (G1 Evacuation Pause) 229M->229M(256M) 29.296ms
[2020-01-29T21:38:17.607+0300][154.142s][info ][gc] GC(5149) Pause Young (Normal) (G1 Evacuation Pause) 239M->240M(256M) 33.568ms
[2020-01-29T21:38:17.609+0300][154.144s][info ][gc] GC(5141) Pause Cleanup 240M->240M(256M) 0.042ms
[2020-01-29T21:38:17.609+0300][154.144s][info ][gc] GC(5141) Concurrent Cycle 316.536ms
[2020-01-29T21:38:17.648+0300][154.183s][info ][gc] GC(5150) To-space exhausted
[2020-01-29T21:38:17.648+0300][154.183s][info ][gc] GC(5150) Pause Young (Normal) (G1 Evacuation Pause) 250M->253M(256M) 33.836ms
[2020-01-29T21:38:17.659+0300][154.194s][info ][gc] GC(5151) To-space exhausted
[2020-01-29T21:38:17.659+0300][154.194s][info ][gc] GC(5151) Pause Young (Concurrent Start) (G1 Evacuation Pause) 255M->255M(256M) 10.017ms
[2020-01-29T21:38:17.659+0300][154.194s][info ][gc] GC(5153) Concurrent Cycle
[2020-01-29T21:38:17.659+0300][154.194s][debug][gc] GC(5152) Clear Next Bitmap 0.069ms
[2020-01-29T21:38:17.698+0300][154.233s][info ][gc] GC(5152) Pause Full (G1 Evacuation Pause) 255M->70M(256M) 39.017ms
[2020-01-29T21:38:17.698+0300][154.233s][info ][gc] GC(5153) Concurrent Cycle 39.353ms
[2020-01-29T21:38:17.750+0300][154.285s][info ][gc] GC(5154) Pause Young (Normal) (G1 Evacuation Pause) 126M->126M(256M) 30.323ms
[2020-01-29T21:38:17.774+0300][154.310s][info ][gc] GC(5155) Pause Young (Concurrent Start) (G1 Humongous Allocation) 136M->136M(256M) 10.798ms
[2020-01-29T21:38:17.774+0300][154.310s][info ][gc] GC(5156) Concurrent Cycle
[2020-01-29T21:38:17.788+0300][154.323s][debug][gc] GC(5156) Reclaimed 116 empty regions
[2020-01-29T21:38:17.788+0300][154.323s][info ][gc] GC(5156) Pause Remark 185M->70M(256M) 0.649ms
[2020-01-29T21:38:17.806+0300][154.342s][info ][gc] GC(5157) Pause Young (Normal) (G1 Evacuation Pause) 70M->66M(256M) 18.158ms
[2020-01-29T21:38:17.868+0300][154.403s][info ][gc] GC(5158) Pause Young (Normal) (G1 Evacuation Pause) 117M->118M(256M) 41.387ms
[2020-01-29T21:38:17.873+0300][154.408s][info ][gc] GC(5156) Pause Cleanup 127M->127M(256M) 0.053ms
[2020-01-29T21:38:17.873+0300][154.408s][info ][gc] GC(5156) Concurrent Cycle 98.078ms
[2020-01-29T21:38:17.922+0300][154.458s][info ][gc] GC(5159) Pause Young (Normal) (G1 Evacuation Pause) 152M->152M(256M) 39.124ms
[2020-01-29T21:38:17.939+0300][154.475s][info ][gc] GC(5160) Pause Young (Concurrent Start) (G1 Humongous Allocation) 153M->155M(256M) 5.681ms
[2020-01-29T21:38:17.939+0300][154.475s][info ][gc] GC(5161) Concurrent Cycle
[2020-01-29T21:38:17.948+0300][154.483s][debug][gc] GC(5161) Reclaimed 142 empty regions
[2020-01-29T21:38:17.948+0300][154.483s][info ][gc] GC(5161) Pause Remark 192M->50M(256M) 0.701ms
[2020-01-29T21:38:17.965+0300][154.500s][info ][gc] GC(5162) Pause Young (Normal) (G1 Evacuation Pause) 56M->55M(256M) 14.881ms
[2020-01-29T21:38:17.980+0300][154.515s][info ][gc] GC(5161) Pause Cleanup 94M->94M(256M) 0.037ms
[2020-01-29T21:38:17.980+0300][154.515s][info ][gc] GC(5161) Concurrent Cycle 40.915ms
[2020-01-29T21:38:18.025+0300][154.560s][info ][gc] GC(5163) Pause Young (Normal) (G1 Evacuation Pause) 109M->109M(256M) 38.348ms
[2020-01-29T21:38:18.064+0300][154.599s][info ][gc] GC(5164) Pause Young (Concurrent Start) (G1 Evacuation Pause) 146M->147M(256M) 24.258ms
[2020-01-29T21:38:18.064+0300][154.599s][info ][gc] GC(5165) Concurrent Cycle
[2020-01-29T21:38:18.107+0300][154.642s][info ][gc] GC(5166) Pause Young (Normal) (G1 Evacuation Pause) 192M->192M(256M) 18.777ms
[2020-01-29T21:38:18.121+0300][154.656s][info ][gc] GC(5167) Pause Young (Normal) (G1 Evacuation Pause) 203M->204M(256M) 9.209ms
[2020-01-29T21:38:18.132+0300][154.668s][info ][gc] GC(5168) Pause Young (Normal) (G1 Evacuation Pause) 214M->214M(256M) 7.941ms
[2020-01-29T21:38:18.144+0300][154.680s][info ][gc] GC(5169) Pause Young (Normal) (G1 Evacuation Pause) 224M->225M(256M) 7.978ms
[2020-01-29T21:38:18.156+0300][154.692s][info ][gc] GC(5170) Pause Young (Normal) (G1 Evacuation Pause) 235M->236M(256M) 7.983ms
[2020-01-29T21:38:18.172+0300][154.707s][info ][gc] GC(5171) To-space exhausted
[2020-01-29T21:38:18.172+0300][154.707s][info ][gc] GC(5171) Pause Young (Normal) (G1 Evacuation Pause) 246M->249M(256M) 11.005ms
[2020-01-29T21:38:18.189+0300][154.725s][info ][gc] GC(5172) To-space exhausted
[2020-01-29T21:38:18.189+0300][154.725s][info ][gc] GC(5172) Pause Young (Normal) (G1 Evacuation Pause) 255M->255M(256M) 15.035ms
[2020-01-29T21:38:18.190+0300][154.725s][debug][gc] GC(5173) Clear Next Bitmap 0.076ms
[2020-01-29T21:38:18.245+0300][154.781s][info ][gc] GC(5173) Pause Full (G1 Evacuation Pause) 255M->101M(256M) 55.737ms
[2020-01-29T21:38:18.246+0300][154.781s][info ][gc] GC(5165) Concurrent Cycle 181.684ms
[2020-01-29T21:38:18.291+0300][154.826s][info ][gc] GC(5174) Pause Young (Concurrent Start) (G1 Humongous Allocation) 136M->136M(256M) 21.112ms
[2020-01-29T21:38:18.291+0300][154.826s][info ][gc] GC(5175) Concurrent Cycle
[2020-01-29T21:38:18.329+0300][154.864s][info ][gc] GC(5176) Pause Young (Normal) (G1 Evacuation Pause) 184M->185M(256M) 19.899ms
[2020-01-29T21:38:18.334+0300][154.869s][debug][gc] GC(5175) Reclaimed 100 empty regions
[2020-01-29T21:38:18.334+0300][154.869s][info ][gc] GC(5175) Pause Remark 193M->95M(256M) 0.812ms
[2020-01-29T21:38:18.350+0300][154.885s][info ][gc] GC(5177) Pause Young (Normal) (G1 Evacuation Pause) 100M->100M(256M) 13.231ms
[2020-01-29T21:38:18.397+0300][154.932s][info ][gc] GC(5178) Pause Young (Normal) (G1 Evacuation Pause) 140M->141M(256M) 30.444ms
[2020-01-29T21:38:18.442+0300][154.977s][info ][gc] GC(5179) Pause Young (Normal) (G1 Evacuation Pause) 168M->169M(256M) 33.813ms
[2020-01-29T21:38:18.493+0300][155.028s][info ][gc] GC(5180) Pause Young (Normal) (G1 Evacuation Pause) 207M->207M(256M) 31.896ms
[2020-01-29T21:38:18.524+0300][155.059s][info ][gc] GC(5181) Pause Young (Normal) (G1 Evacuation Pause) 216M->217M(256M) 26.676ms
[2020-01-29T21:38:18.529+0300][155.065s][info ][gc] GC(5175) Pause Cleanup 225M->225M(256M) 0.055ms
[2020-01-29T21:38:18.530+0300][155.065s][info ][gc] GC(5175) Concurrent Cycle 238.691ms
[2020-01-29T21:38:18.554+0300][155.089s][info ][gc] GC(5182) Pause Young (Normal) (G1 Evacuation Pause) 227M->228M(256M) 23.334ms
[2020-01-29T21:38:18.566+0300][155.102s][info ][gc] GC(5183) Pause Young (Concurrent Start) (G1 Evacuation Pause) 238M->238M(256M) 8.254ms
[2020-01-29T21:38:18.566+0300][155.102s][info ][gc] GC(5184) Concurrent Cycle
[2020-01-29T21:38:18.586+0300][155.122s][info ][gc] GC(5185) To-space exhausted
[2020-01-29T21:38:18.587+0300][155.122s][info ][gc] GC(5185) Pause Young (Normal) (G1 Evacuation Pause) 248M->250M(256M) 13.572ms
[2020-01-29T21:38:18.604+0300][155.139s][info ][gc] GC(5186) To-space exhausted
[2020-01-29T21:38:18.604+0300][155.139s][info ][gc] GC(5186) Pause Young (Normal) (G1 Evacuation Pause) 255M->255M(256M) 14.518ms
[2020-01-29T21:38:18.604+0300][155.139s][debug][gc] GC(5187) Clear Next Bitmap 0.072ms
[2020-01-29T21:38:18.645+0300][155.180s][info ][gc] GC(5187) Pause Full (G1 Evacuation Pause) 255M->76M(256M) 40.601ms
[2020-01-29T21:38:18.645+0300][155.180s][info ][gc] GC(5184) Concurrent Cycle 78.406ms
[2020-01-29T21:38:18.690+0300][155.225s][info ][gc] GC(5188) Pause Young (Normal) (G1 Evacuation Pause) 124M->124M(256M) 25.945ms
[2020-01-29T21:38:18.714+0300][155.250s][info ][gc] GC(5189) Pause Young (Concurrent Start) (G1 Humongous Allocation) 136M->137M(256M) 9.859ms
[2020-01-29T21:38:18.714+0300][155.250s][info ][gc] GC(5190) Concurrent Cycle
[2020-01-29T21:38:18.746+0300][155.282s][info ][gc] GC(5191) Pause Young (Normal) (G1 Evacuation Pause) 185M->186M(256M) 19.637ms
[2020-01-29T21:38:18.748+0300][155.284s][debug][gc] GC(5190) Reclaimed 115 empty regions
[2020-01-29T21:38:18.748+0300][155.284s][info ][gc] GC(5190) Pause Remark 189M->76M(256M) 0.668ms
[2020-01-29T21:38:18.764+0300][155.300s][info ][gc] GC(5192) Pause Young (Normal) (G1 Evacuation Pause) 85M->85M(256M) 11.437ms
[2020-01-29T21:38:18.817+0300][155.352s][info ][gc] GC(5193) Pause Young (Normal) (G1 Evacuation Pause) 130M->131M(256M) 33.743ms
[2020-01-29T21:38:18.882+0300][155.417s][info ][gc] GC(5194) Pause Young (Normal) (G1 Evacuation Pause) 181M->182M(256M) 40.492ms
[2020-01-29T21:38:18.884+0300][155.419s][info ][gc] GC(5190) Pause Cleanup 187M->187M(256M) 0.046ms
[2020-01-29T21:38:18.884+0300][155.419s][info ][gc] GC(5190) Concurrent Cycle 169.326ms
[2020-01-29T21:38:18.917+0300][155.453s][info ][gc] GC(5195) Pause Young (Normal) (G1 Evacuation Pause) 196M->197M(256M) 29.475ms
[2020-01-29T21:38:18.930+0300][155.465s][info ][gc] GC(5196) Pause Young (Concurrent Start) (G1 Evacuation Pause) 207M->208M(256M) 8.648ms
[2020-01-29T21:38:18.930+0300][155.465s][info ][gc] GC(5197) Concurrent Cycle
[2020-01-29T21:38:18.945+0300][155.480s][info ][gc] GC(5198) Pause Young (Normal) (G1 Evacuation Pause) 218M->218M(256M) 7.978ms
[2020-01-29T21:38:18.957+0300][155.492s][info ][gc] GC(5199) Pause Young (Normal) (G1 Evacuation Pause) 228M->229M(256M) 7.959ms
[2020-01-29T21:38:18.970+0300][155.505s][info ][gc] GC(5200) Pause Young (Normal) (G1 Evacuation Pause) 239M->240M(256M) 7.985ms
[2020-01-29T21:38:18.990+0300][155.525s][info ][gc] GC(5201) To-space exhausted
[2020-01-29T21:38:18.990+0300][155.525s][info ][gc] GC(5201) Pause Young (Normal) (G1 Evacuation Pause) 250M->253M(256M) 16.288ms
[2020-01-29T21:38:19.000+0300][155.535s][info ][gc] GC(5202) To-space exhausted
[2020-01-29T21:38:19.001+0300][155.535s][info ][gc] GC(5202) Pause Young (Normal) (G1 Evacuation Pause) 255M->255M(256M) 9.066ms
[2020-01-29T21:38:19.001+0300][155.536s][debug][gc] GC(5203) Clear Next Bitmap 0.067ms
[2020-01-29T21:38:19.050+0300][155.586s][info ][gc] GC(5203) Pause Full (G1 Evacuation Pause) 255M->88M(256M) 49.975ms
[2020-01-29T21:38:19.051+0300][155.586s][info ][gc] GC(5197) Concurrent Cycle 120.531ms
[2020-01-29T21:38:19.092+0300][155.627s][info ][gc] GC(5204) Pause Young (Normal) (G1 Evacuation Pause) 132M->132M(256M) 24.304ms
[2020-01-29T21:38:19.111+0300][155.647s][info ][gc] GC(5205) Pause Young (Concurrent Start) (G1 Humongous Allocation) 137M->138M(256M) 7.082ms
[2020-01-29T21:38:19.111+0300][155.647s][info ][gc] GC(5206) Concurrent Cycle
[2020-01-29T21:38:19.122+0300][155.657s][debug][gc] GC(5206) Reclaimed 119 empty regions
[2020-01-29T21:38:19.122+0300][155.657s][info ][gc] GC(5206) Pause Remark 180M->62M(256M) 0.654ms
[2020-01-29T21:38:19.142+0300][155.678s][info ][gc] GC(5207) Pause Young (Normal) (G1 Evacuation Pause) 68M->64M(256M) 17.878ms
[2020-01-29T21:38:19.158+0300][155.694s][info ][gc] GC(5206) Pause Cleanup 104M->104M(256M) 0.045ms
[2020-01-29T21:38:19.159+0300][155.694s][info ][gc] GC(5206) Concurrent Cycle 47.270ms
[2020-01-29T21:38:19.203+0300][155.738s][info ][gc] GC(5208) Pause Young (Normal) (G1 Evacuation Pause) 116M->118M(256M) 39.507ms
[2020-01-29T21:38:19.240+0300][155.775s][info ][gc] GC(5209) Pause Young (Concurrent Start) (G1 Evacuation Pause) 152M->153M(256M) 23.624ms
[2020-01-29T21:38:19.241+0300][155.775s][info ][gc] GC(5210) Concurrent Cycle
[2020-01-29T21:38:19.280+0300][155.815s][info ][gc] GC(5211) Pause Young (Normal) (G1 Evacuation Pause) 196M->196M(256M) 18.041ms
[2020-01-29T21:38:19.293+0300][155.829s][info ][gc] GC(5212) Pause Young (Normal) (G1 Evacuation Pause) 206M->207M(256M) 9.037ms
[2020-01-29T21:38:19.305+0300][155.841s][info ][gc] GC(5213) Pause Young (Normal) (G1 Evacuation Pause) 217M->217M(256M) 7.877ms
[2020-01-29T21:38:19.318+0300][155.853s][info ][gc] GC(5214) Pause Young (Normal) (G1 Evacuation Pause) 227M->228M(256M) 7.972ms
[2020-01-29T21:38:19.330+0300][155.865s][info ][gc] GC(5215) Pause Young (Normal) (G1 Evacuation Pause) 238M->239M(256M) 7.925ms
[2020-01-29T21:38:19.352+0300][155.887s][info ][gc] GC(5216) To-space exhausted
[2020-01-29T21:38:19.353+0300][155.888s][info ][gc] GC(5216) Pause Young (Normal) (G1 Evacuation Pause) 249M->253M(256M) 17.767ms
[2020-01-29T21:38:19.362+0300][155.897s][info ][gc] GC(5217) To-space exhausted
[2020-01-29T21:38:19.363+0300][155.898s][info ][gc] GC(5217) Pause Young (Normal) (G1 Evacuation Pause) 255M->255M(256M) 8.986ms
[2020-01-29T21:38:19.363+0300][155.898s][debug][gc] GC(5218) Clear Next Bitmap 0.085ms
[2020-01-29T21:38:19.415+0300][155.950s][info ][gc] GC(5218) Pause Full (G1 Evacuation Pause) 255M->95M(256M) 52.514ms
[2020-01-29T21:38:19.416+0300][155.950s][info ][gc] GC(5210) Concurrent Cycle 175.076ms
[2020-01-29T21:38:19.463+0300][155.999s][info ][gc] GC(5219) Pause Young (Concurrent Start) (G1 Humongous Allocation) 136M->136M(256M) 22.737ms
[2020-01-29T21:38:19.463+0300][155.999s][info ][gc] GC(5220) Concurrent Cycle
[2020-01-29T21:38:19.506+0300][156.042s][info ][gc] GC(5221) Pause Young (Normal) (G1 Evacuation Pause) 184M->185M(256M) 21.002ms
[2020-01-29T21:38:19.511+0300][156.046s][debug][gc] GC(5220) Reclaimed 94 empty regions
[2020-01-29T21:38:19.511+0300][156.047s][info ][gc] GC(5220) Pause Remark 194M->102M(256M) 0.650ms
[2020-01-29T21:38:19.524+0300][156.059s][info ][gc] GC(5222) Pause Young (Normal) (G1 Evacuation Pause) 106M->107M(256M) 11.098ms
[2020-01-29T21:38:19.567+0300][156.103s][info ][gc] GC(5223) Pause Young (Normal) (G1 Evacuation Pause) 145M->145M(256M) 28.181ms
[2020-01-29T21:38:19.611+0300][156.146s][info ][gc] GC(5224) Pause Young (Normal) (G1 Evacuation Pause) 171M->172M(256M) 33.115ms
[2020-01-29T21:38:19.662+0300][156.197s][info ][gc] GC(5225) Pause Young (Normal) (G1 Evacuation Pause) 209M->210M(256M) 32.528ms
[2020-01-29T21:38:19.694+0300][156.229s][info ][gc] GC(5226) Pause Young (Normal) (G1 Evacuation Pause) 219M->220M(256M) 27.111ms
[2020-01-29T21:38:19.727+0300][156.262s][info ][gc] GC(5227) Pause Young (Normal) (G1 Evacuation Pause) 230M->231M(256M) 27.592ms
[2020-01-29T21:38:19.761+0300][156.296s][info ][gc] GC(5228) Pause Young (Normal) (G1 Evacuation Pause) 241M->242M(256M) 28.569ms
[2020-01-29T21:38:19.763+0300][156.298s][info ][gc] GC(5220) Pause Cleanup 247M->247M(256M) 0.045ms
[2020-01-29T21:38:19.764+0300][156.298s][info ][gc] GC(5220) Concurrent Cycle 299.291ms
[2020-01-29T21:38:19.800+0300][156.335s][info ][gc] GC(5229) To-space exhausted
[2020-01-29T21:38:19.801+0300][156.335s][info ][gc] GC(5229) Pause Young (Normal) (G1 Evacuation Pause) 252M->255M(256M) 34.700ms
[2020-01-29T21:38:19.834+0300][156.369s][info ][gc] GC(5230) Pause Full (G1 Evacuation Pause) 255M->68M(256M) 34.045ms
[2020-01-29T21:38:19.882+0300][156.417s][info ][gc] GC(5231) Pause Young (Concurrent Start) (G1 Evacuation Pause) 119M->119M(256M) 27.503ms
[2020-01-29T21:38:19.882+0300][156.417s][info ][gc] GC(5232) Concurrent Cycle
[2020-01-29T21:38:19.933+0300][156.468s][info ][gc] GC(5233) Pause Young (Normal) (G1 Evacuation Pause) 173M->174M(256M) 24.324ms
[2020-01-29T21:38:19.953+0300][156.489s][info ][gc] GC(5234) Pause Young (Normal) (G1 Evacuation Pause) 190M->190M(256M) 13.247ms
[2020-01-29T21:38:19.966+0300][156.502s][info ][gc] GC(5235) Pause Young (Normal) (G1 Evacuation Pause) 201M->202M(256M) 8.335ms
[2020-01-29T21:38:19.979+0300][156.514s][info ][gc] GC(5236) Pause Young (Normal) (G1 Evacuation Pause) 212M->213M(256M) 7.950ms
[2020-01-29T21:38:19.991+0300][156.526s][info ][gc] GC(5237) Pause Young (Normal) (G1 Evacuation Pause) 223M->225M(256M) 7.761ms
[2020-01-29T21:38:20.002+0300][156.538s][info ][gc] GC(5238) Pause Young (Normal) (G1 Evacuation Pause) 235M->236M(256M) 6.945ms
[2020-01-29T21:38:20.019+0300][156.554s][info ][gc] GC(5239) To-space exhausted
[2020-01-29T21:38:20.019+0300][156.555s][info ][gc] GC(5239) Pause Young (Normal) (G1 Evacuation Pause) 246M->252M(256M) 12.866ms
[2020-01-29T21:38:20.029+0300][156.564s][info ][gc] GC(5240) To-space exhausted
[2020-01-29T21:38:20.029+0300][156.564s][info ][gc] GC(5240) Pause Young (Normal) (G1 Evacuation Pause) 254M->254M(256M) 8.795ms
[2020-01-29T21:38:20.029+0300][156.564s][debug][gc] GC(5241) Clear Next Bitmap 0.086ms
[2020-01-29T21:38:20.087+0300][156.622s][info ][gc] GC(5241) Pause Full (G1 Evacuation Pause) 254M->106M(256M) 57.964ms
[2020-01-29T21:38:20.087+0300][156.623s][info ][gc] GC(5232) Concurrent Cycle 205.288ms
[2020-01-29T21:38:20.126+0300][156.661s][info ][gc] GC(5242) Pause Young (Concurrent Start) (G1 Humongous Allocation) 136M->136M(256M) 16.854ms
[2020-01-29T21:38:20.127+0300][156.661s][info ][gc] GC(5243) Concurrent Cycle
[2020-01-29T21:38:20.165+0300][156.700s][info ][gc] GC(5244) Pause Young (Normal) (G1 Evacuation Pause) 184M->185M(256M) 22.401ms
[2020-01-29T21:38:20.170+0300][156.705s][debug][gc] GC(5243) Reclaimed 100 empty regions
[2020-01-29T21:38:20.170+0300][156.705s][info ][gc] GC(5243) Pause Remark 194M->96M(256M) 0.658ms
[2020-01-29T21:38:20.182+0300][156.717s][info ][gc] GC(5245) Pause Young (Normal) (G1 Evacuation Pause) 100M->101M(256M) 10.216ms
[2020-01-29T21:38:20.227+0300][156.763s][info ][gc] GC(5246) Pause Young (Normal) (G1 Evacuation Pause) 141M->142M(256M) 30.199ms
[2020-01-29T21:38:20.274+0300][156.809s][info ][gc] GC(5247) Pause Young (Normal) (G1 Evacuation Pause) 168M->169M(256M) 35.044ms
[2020-01-29T21:38:20.323+0300][156.858s][info ][gc] GC(5248) Pause Young (Normal) (G1 Evacuation Pause) 207M->208M(256M) 30.044ms
[2020-01-29T21:38:20.353+0300][156.888s][info ][gc] GC(5249) Pause Young (Normal) (G1 Evacuation Pause) 217M->218M(256M) 25.685ms
[2020-01-29T21:38:20.357+0300][156.892s][info ][gc] GC(5243) Pause Cleanup 219M->219M(256M) 0.055ms
[2020-01-29T21:38:20.357+0300][156.893s][info ][gc] GC(5243) Concurrent Cycle 231.248ms
[2020-01-29T21:38:20.394+0300][156.929s][info ][gc] GC(5250) Pause Young (Normal) (G1 Evacuation Pause) 228M->229M(256M) 32.190ms
[2020-01-29T21:38:20.406+0300][156.941s][info ][gc] GC(5251) Pause Young (Concurrent Start) (G1 Evacuation Pause) 239M->240M(256M) 8.019ms
[2020-01-29T21:38:20.406+0300][156.941s][info ][gc] GC(5252) Concurrent Cycle
[2020-01-29T21:38:20.429+0300][156.964s][info ][gc] GC(5253) To-space exhausted
[2020-01-29T21:38:20.429+0300][156.964s][info ][gc] GC(5253) Pause Young (Normal) (G1 Evacuation Pause) 250M->253M(256M) 16.968ms
[2020-01-29T21:38:20.440+0300][156.975s][info ][gc] GC(5254) To-space exhausted
[2020-01-29T21:38:20.440+0300][156.975s][info ][gc] GC(5254) Pause Young (Normal) (G1 Evacuation Pause) 255M->255M(256M) 9.515ms
[2020-01-29T21:38:20.440+0300][156.975s][debug][gc] GC(5255) Clear Next Bitmap 0.084ms
[2020-01-29T21:38:20.479+0300][157.014s][info ][gc] GC(5255) Pause Full (G1 Evacuation Pause) 255M->72M(256M) 39.226ms
[2020-01-29T21:38:20.479+0300][157.014s][info ][gc] GC(5252) Concurrent Cycle 73.335ms
[2020-01-29T21:38:20.525+0300][157.060s][info ][gc] GC(5256) Pause Young (Normal) (G1 Evacuation Pause) 121M->121M(256M) 26.768ms
[2020-01-29T21:38:20.555+0300][157.089s][info ][gc] GC(5257) Pause Young (Concurrent Start) (G1 Humongous Allocation) 136M->137M(256M) 12.102ms
[2020-01-29T21:38:20.555+0300][157.090s][info ][gc] GC(5258) Concurrent Cycle
[2020-01-29T21:38:20.586+0300][157.121s][info ][gc] GC(5259) Pause Young (Normal) (G1 Evacuation Pause) 185M->186M(256M) 19.729ms
[2020-01-29T21:38:20.590+0300][157.125s][debug][gc] GC(5258) Reclaimed 111 empty regions
[2020-01-29T21:38:20.590+0300][157.125s][info ][gc] GC(5258) Pause Remark 194M->85M(256M) 0.646ms
[2020-01-29T21:38:20.601+0300][157.136s][info ][gc] GC(5260) Pause Young (Normal) (G1 Evacuation Pause) 89M->90M(256M) 9.556ms
[2020-01-29T21:38:20.649+0300][157.184s][info ][gc] GC(5261) Pause Young (Normal) (G1 Evacuation Pause) 133M->133M(256M) 30.766ms
[2020-01-29T21:38:20.700+0300][157.235s][info ][gc] GC(5262) Pause Young (Normal) (G1 Evacuation Pause) 163M->164M(256M) 38.186ms
[2020-01-29T21:38:20.753+0300][157.288s][info ][gc] GC(5263) Pause Young (Normal) (G1 Evacuation Pause) 204M->206M(256M) 32.794ms
[2020-01-29T21:38:20.754+0300][157.289s][info ][gc] GC(5258) Pause Cleanup 206M->206M(256M) 0.043ms
[2020-01-29T21:38:20.754+0300][157.289s][info ][gc] GC(5258) Concurrent Cycle 199.457ms
[2020-01-29T21:38:20.781+0300][157.317s][info ][gc] GC(5264) Pause Young (Normal) (G1 Evacuation Pause) 214M->215M(256M) 24.822ms
[2020-01-29T21:38:20.793+0300][157.329s][info ][gc] GC(5265) Pause Young (Concurrent Start) (G1 Evacuation Pause) 225M->226M(256M) 8.274ms
[2020-01-29T21:38:20.793+0300][157.329s][info ][gc] GC(5266) Concurrent Cycle
[2020-01-29T21:38:20.808+0300][157.343s][info ][gc] GC(5267) Pause Young (Normal) (G1 Evacuation Pause) 236M->237M(256M) 7.976ms
[2020-01-29T21:38:20.826+0300][157.361s][info ][gc] GC(5268) To-space exhausted
[2020-01-29T21:38:20.826+0300][157.361s][info ][gc] GC(5268) Pause Young (Normal) (G1 Evacuation Pause) 247M->251M(256M) 13.428ms
[2020-01-29T21:38:20.840+0300][157.375s][info ][gc] GC(5269) To-space exhausted
[2020-01-29T21:38:20.840+0300][157.376s][info ][gc] GC(5269) Pause Young (Normal) (G1 Evacuation Pause) 255M->255M(256M) 12.754ms
[2020-01-29T21:38:20.841+0300][157.376s][debug][gc] GC(5270) Clear Next Bitmap 0.078ms
[2020-01-29T21:38:20.884+0300][157.419s][info ][gc] GC(5270) Pause Full (G1 Evacuation Pause) 255M->81M(256M) 43.527ms
[2020-01-29T21:38:20.884+0300][157.419s][info ][gc] GC(5266) Concurrent Cycle 90.372ms
[2020-01-29T21:38:20.928+0300][157.463s][info ][gc] GC(5271) Pause Young (Normal) (G1 Evacuation Pause) 127M->127M(256M) 25.398ms
[2020-01-29T21:38:20.950+0300][157.486s][info ][gc] GC(5272) Pause Young (Concurrent Start) (G1 Humongous Allocation) 136M->136M(256M) 8.480ms
[2020-01-29T21:38:20.950+0300][157.486s][info ][gc] GC(5273) Concurrent Cycle
[2020-01-29T21:38:20.962+0300][157.498s][debug][gc] GC(5273) Reclaimed 117 empty regions
[2020-01-29T21:38:20.962+0300][157.498s][info ][gc] GC(5273) Pause Remark 182M->67M(256M) 0.637ms
[2020-01-29T21:38:20.981+0300][157.517s][info ][gc] GC(5274) Pause Young (Normal) (G1 Evacuation Pause) 69M->66M(256M) 17.563ms
[2020-01-29T21:38:21.043+0300][157.579s][info ][gc] GC(5275) Pause Young (Normal) (G1 Evacuation Pause) 117M->117M(256M) 41.413ms
[2020-01-29T21:38:21.045+0300][157.581s][info ][gc] GC(5273) Pause Cleanup 121M->121M(256M) 0.037ms
[2020-01-29T21:38:21.045+0300][157.581s][info ][gc] GC(5273) Concurrent Cycle 94.934ms
[2020-01-29T21:38:21.097+0300][157.632s][info ][gc] GC(5276) Pause Young (Normal) (G1 Evacuation Pause) 152M->153M(256M) 39.254ms
[2020-01-29T21:38:21.114+0300][157.649s][info ][gc] GC(5277) Pause Young (Concurrent Start) (G1 Humongous Allocation) 155M->156M(256M) 5.358ms
[2020-01-29T21:38:21.114+0300][157.649s][info ][gc] GC(5278) Concurrent Cycle
[2020-01-29T21:38:21.123+0300][157.658s][debug][gc] GC(5278) Reclaimed 138 empty regions
[2020-01-29T21:38:21.123+0300][157.658s][info ][gc] GC(5278) Pause Remark 195M->57M(256M) 0.669ms
[2020-01-29T21:38:21.139+0300][157.675s][info ][gc] GC(5279) Pause Young (Normal) (G1 Evacuation Pause) 60M->59M(256M) 14.680ms
[2020-01-29T21:38:21.156+0300][157.691s][info ][gc] GC(5278) Pause Cleanup 101M->101M(256M) 0.042ms
[2020-01-29T21:38:21.156+0300][157.691s][info ][gc] GC(5278) Concurrent Cycle 42.033ms
[2020-01-29T21:38:21.198+0300][157.733s][info ][gc] GC(5280) Pause Young (Normal) (G1 Evacuation Pause) 112M->113M(256M) 37.507ms
[2020-01-29T21:38:21.237+0300][157.772s][info ][gc] GC(5281) Pause Young (Concurrent Start) (G1 Evacuation Pause) 149M->150M(256M) 24.328ms
[2020-01-29T21:38:21.237+0300][157.772s][info ][gc] GC(5282) Concurrent Cycle
[2020-01-29T21:38:21.278+0300][157.813s][info ][gc] GC(5283) Pause Young (Normal) (G1 Evacuation Pause) 194M->195M(256M) 18.218ms
[2020-01-29T21:38:21.292+0300][157.827s][info ][gc] GC(5284) Pause Young (Normal) (G1 Evacuation Pause) 205M->205M(256M) 9.073ms
[2020-01-29T21:38:21.304+0300][157.839s][info ][gc] GC(5285) Pause Young (Normal) (G1 Evacuation Pause) 215M->217M(256M) 8.125ms
[2020-01-29T21:38:21.316+0300][157.851s][info ][gc] GC(5286) Pause Young (Normal) (G1 Evacuation Pause) 227M->228M(256M) 8.165ms
[2020-01-29T21:38:21.328+0300][157.864s][info ][gc] GC(5287) Pause Young (Normal) (G1 Evacuation Pause) 238M->239M(256M) 8.150ms
[2020-01-29T21:38:21.347+0300][157.883s][info ][gc] GC(5288) To-space exhausted
[2020-01-29T21:38:21.347+0300][157.883s][info ][gc] GC(5288) Pause Young (Normal) (G1 Evacuation Pause) 249M->251M(256M) 14.873ms
[2020-01-29T21:38:21.363+0300][157.898s][info ][gc] GC(5289) To-space exhausted
[2020-01-29T21:38:21.363+0300][157.898s][info ][gc] GC(5289) Pause Young (Normal) (G1 Evacuation Pause) 255M->255M(256M) 13.518ms
[2020-01-29T21:38:21.363+0300][157.899s][debug][gc] GC(5290) Clear Next Bitmap 0.085ms
[2020-01-29T21:38:21.419+0300][157.954s][info ][gc] GC(5290) Pause Full (G1 Evacuation Pause) 255M->95M(256M) 55.738ms
[2020-01-29T21:38:21.419+0300][157.955s][info ][gc] GC(5282) Concurrent Cycle 182.391ms
[2020-01-29T21:38:21.469+0300][158.004s][info ][gc] GC(5291) Pause Young (Concurrent Start) (G1 Humongous Allocation) 136M->136M(256M) 22.990ms
[2020-01-29T21:38:21.469+0300][158.004s][info ][gc] GC(5292) Concurrent Cycle
[2020-01-29T21:38:21.512+0300][158.047s][info ][gc] GC(5293) Pause Young (Normal) (G1 Evacuation Pause) 185M->186M(256M) 21.386ms
[2020-01-29T21:38:21.516+0300][158.051s][debug][gc] GC(5292) Reclaimed 93 empty regions
[2020-01-29T21:38:21.516+0300][158.051s][info ][gc] GC(5292) Pause Remark 195M->103M(256M) 0.649ms
[2020-01-29T21:38:21.530+0300][158.065s][info ][gc] GC(5294) Pause Young (Normal) (G1 Evacuation Pause) 107M->108M(256M) 11.895ms
[2020-01-29T21:38:21.573+0300][158.109s][info ][gc] GC(5295) Pause Young (Normal) (G1 Evacuation Pause) 145M->146M(256M) 28.147ms
[2020-01-29T21:38:21.618+0300][158.152s][info ][gc] GC(5296) Pause Young (Normal) (G1 Evacuation Pause) 171M->172M(256M) 33.159ms
[2020-01-29T21:38:21.669+0300][158.204s][info ][gc] GC(5297) Pause Young (Normal) (G1 Evacuation Pause) 209M->210M(256M) 31.750ms
[2020-01-29T21:38:21.698+0300][158.233s][info ][gc] GC(5298) Pause Young (Normal) (G1 Evacuation Pause) 219M->220M(256M) 24.957ms
[2020-01-29T21:38:21.729+0300][158.264s][info ][gc] GC(5299) Pause Young (Normal) (G1 Evacuation Pause) 230M->231M(256M) 26.402ms
[2020-01-29T21:38:21.761+0300][158.297s][info ][gc] GC(5300) Pause Young (Normal) (G1 Evacuation Pause) 241M->242M(256M) 27.891ms
[2020-01-29T21:38:21.764+0300][158.299s][info ][gc] GC(5292) Pause Cleanup 245M->245M(256M) 0.048ms
[2020-01-29T21:38:21.764+0300][158.300s][info ][gc] GC(5292) Concurrent Cycle 295.749ms
[2020-01-29T21:38:21.802+0300][158.338s][info ][gc] GC(5301) To-space exhausted
[2020-01-29T21:38:21.802+0300][158.338s][info ][gc] GC(5301) Pause Young (Normal) (G1 Evacuation Pause) 252M->255M(256M) 35.352ms
[2020-01-29T21:38:21.836+0300][158.372s][info ][gc] GC(5302) Pause Full (G1 Evacuation Pause) 255M->67M(256M) 33.763ms
[2020-01-29T21:38:21.885+0300][158.420s][info ][gc] GC(5303) Pause Young (Concurrent Start) (G1 Evacuation Pause) 118M->118M(256M) 28.026ms
[2020-01-29T21:38:21.885+0300][158.420s][info ][gc] GC(5304) Concurrent Cycle
[2020-01-29T21:38:21.936+0300][158.471s][info ][gc] GC(5305) Pause Young (Normal) (G1 Evacuation Pause) 172M->174M(256M) 24.369ms
[2020-01-29T21:38:21.956+0300][158.491s][info ][gc] GC(5306) Pause Young (Normal) (G1 Evacuation Pause) 190M->191M(256M) 13.184ms
[2020-01-29T21:38:21.969+0300][158.504s][info ][gc] GC(5307) Pause Young (Normal) (G1 Evacuation Pause) 202M->203M(256M) 8.355ms
[2020-01-29T21:38:21.981+0300][158.516s][info ][gc] GC(5308) Pause Young (Normal) (G1 Evacuation Pause) 213M->214M(256M) 7.724ms
[2020-01-29T21:38:21.993+0300][158.528s][info ][gc] GC(5309) Pause Young (Normal) (G1 Evacuation Pause) 224M->224M(256M) 7.675ms
[2020-01-29T21:38:22.004+0300][158.539s][info ][gc] GC(5310) Pause Young (Normal) (G1 Evacuation Pause) 234M->235M(256M) 6.899ms
[2020-01-29T21:38:22.022+0300][158.557s][info ][gc] GC(5311) To-space exhausted
[2020-01-29T21:38:22.022+0300][158.557s][info ][gc] GC(5311) Pause Young (Normal) (G1 Evacuation Pause) 245M->253M(256M) 13.262ms
[2020-01-29T21:38:22.022+0300][158.557s][debug][gc] GC(5312) Clear Next Bitmap 0.071ms
[2020-01-29T21:38:22.078+0300][158.614s][info ][gc] GC(5312) Pause Full (G1 Evacuation Pause) 253M->103M(256M) 56.876ms
[2020-01-29T21:38:22.079+0300][158.614s][info ][gc] GC(5304) Concurrent Cycle 194.427ms
[2020-01-29T21:38:22.121+0300][158.656s][info ][gc] GC(5313) Pause Young (Concurrent Start) (G1 Humongous Allocation) 136M->137M(256M) 18.231ms
[2020-01-29T21:38:22.121+0300][158.656s][info ][gc] GC(5314) Concurrent Cycle
[2020-01-29T21:38:22.159+0300][158.694s][info ][gc] GC(5315) Pause Young (Normal) (G1 Evacuation Pause) 185M->186M(256M) 19.623ms
[2020-01-29T21:38:22.164+0300][158.699s][debug][gc] GC(5314) Reclaimed 95 empty regions
[2020-01-29T21:38:22.164+0300][158.699s][info ][gc] GC(5314) Pause Remark 196M->102M(256M) 0.640ms
[2020-01-29T21:38:22.174+0300][158.709s][info ][gc] GC(5316) Pause Young (Normal) (G1 Evacuation Pause) 104M->105M(256M) 9.743ms
[2020-01-29T21:38:22.218+0300][158.752s][info ][gc] GC(5317) Pause Young (Normal) (G1 Evacuation Pause) 143M->144M(256M) 27.759ms
[2020-01-29T21:38:22.261+0300][158.796s][info ][gc] GC(5318) Pause Young (Normal) (G1 Evacuation Pause) 170M->171M(256M) 33.015ms
[2020-01-29T21:38:22.313+0300][158.848s][info ][gc] GC(5319) Pause Young (Normal) (G1 Evacuation Pause) 208M->209M(256M) 32.009ms
[2020-01-29T21:38:22.343+0300][158.879s][info ][gc] GC(5320) Pause Young (Normal) (G1 Evacuation Pause) 218M->219M(256M) 26.239ms
[2020-01-29T21:38:22.380+0300][158.916s][info ][gc] GC(5321) Pause Young (Normal) (G1 Evacuation Pause) 229M->231M(256M) 32.488ms
[2020-01-29T21:38:22.386+0300][158.921s][info ][gc] GC(5314) Pause Cleanup 241M->241M(256M) 0.056ms
[2020-01-29T21:38:22.411+0300][158.947s][info ][gc] GC(5322) Pause Young (Normal) (G1 Evacuation Pause) 241M->241M(256M) 25.658ms
[2020-01-29T21:38:22.412+0300][158.947s][info ][gc] GC(5314) Concurrent Cycle 290.396ms
[2020-01-29T21:38:22.435+0300][158.970s][info ][gc] GC(5323) To-space exhausted
[2020-01-29T21:38:22.435+0300][158.970s][info ][gc] GC(5323) Pause Young (Normal) (G1 Evacuation Pause) 251M->254M(256M) 18.846ms
[2020-01-29T21:38:22.469+0300][159.005s][info ][gc] GC(5324) Pause Full (G1 Evacuation Pause) 254M->67M(256M) 34.663ms
[2020-01-29T21:38:22.518+0300][159.053s][info ][gc] GC(5325) Pause Young (Concurrent Start) (G1 Evacuation Pause) 118M->118M(256M) 28.656ms
[2020-01-29T21:38:22.518+0300][159.054s][info ][gc] GC(5326) Concurrent Cycle
[2020-01-29T21:38:22.569+0300][159.104s][info ][gc] GC(5327) Pause Young (Normal) (G1 Evacuation Pause) 172M->173M(256M) 24.326ms
[2020-01-29T21:38:22.589+0300][159.125s][info ][gc] GC(5328) Pause Young (Normal) (G1 Evacuation Pause) 190M->190M(256M) 12.858ms
[2020-01-29T21:38:22.602+0300][159.137s][info ][gc] GC(5329) Pause Young (Normal) (G1 Evacuation Pause) 201M->203M(256M) 8.414ms
[2020-01-29T21:38:22.614+0300][159.149s][info ][gc] GC(5330) Pause Young (Normal) (G1 Evacuation Pause) 213M->214M(256M) 7.888ms
[2020-01-29T21:38:22.627+0300][159.162s][info ][gc] GC(5331) Pause Young (Normal) (G1 Evacuation Pause) 224M->225M(256M) 7.708ms
[2020-01-29T21:38:22.639+0300][159.174s][info ][gc] GC(5332) Pause Young (Normal) (G1 Evacuation Pause) 235M->236M(256M) 7.972ms
[2020-01-29T21:38:22.654+0300][159.189s][info ][gc] GC(5333) To-space exhausted
[2020-01-29T21:38:22.654+0300][159.189s][info ][gc] GC(5333) Pause Young (Normal) (G1 Evacuation Pause) 246M->249M(256M) 11.169ms
[2020-01-29T21:38:22.672+0300][159.207s][info ][gc] GC(5334) To-space exhausted
[2020-01-29T21:38:22.672+0300][159.207s][info ][gc] GC(5334) Pause Young (Normal) (G1 Evacuation Pause) 255M->255M(256M) 15.527ms
[2020-01-29T21:38:22.672+0300][159.208s][debug][gc] GC(5335) Clear Next Bitmap 0.081ms
[2020-01-29T21:38:22.736+0300][159.271s][info ][gc] GC(5335) Pause Full (G1 Evacuation Pause) 255M->110M(256M) 63.825ms
[2020-01-29T21:38:22.737+0300][159.271s][info ][gc] GC(5326) Concurrent Cycle 217.977ms
[2020-01-29T21:38:22.771+0300][159.306s][info ][gc] GC(5336) Pause Young (Concurrent Start) (G1 Humongous Allocation) 136M->136M(256M) 14.840ms
[2020-01-29T21:38:22.771+0300][159.306s][info ][gc] GC(5337) Concurrent Cycle
[2020-01-29T21:38:22.805+0300][159.340s][info ][gc] GC(5338) Pause Young (Normal) (G1 Evacuation Pause) 185M->186M(256M) 20.070ms
[2020-01-29T21:38:22.810+0300][159.344s][debug][gc] GC(5337) Reclaimed 108 empty regions
[2020-01-29T21:38:22.810+0300][159.345s][info ][gc] GC(5337) Pause Remark 195M->88M(256M) 0.639ms
[2020-01-29T21:38:22.823+0300][159.357s][info ][gc] GC(5339) Pause Young (Normal) (G1 Evacuation Pause) 92M->93M(256M) 11.308ms
[2020-01-29T21:38:22.871+0300][159.406s][info ][gc] GC(5340) Pause Young (Normal) (G1 Evacuation Pause) 137M->137M(256M) 31.516ms
[2020-01-29T21:38:22.919+0300][159.455s][info ][gc] GC(5341) Pause Young (Normal) (G1 Evacuation Pause) 165M->166M(256M) 36.759ms
[2020-01-29T21:38:22.971+0300][159.507s][info ][gc] GC(5342) Pause Young (Normal) (G1 Evacuation Pause) 205M->206M(256M) 32.214ms
[2020-01-29T21:38:22.975+0300][159.510s][info ][gc] GC(5337) Pause Cleanup 215M->215M(256M) 0.045ms
[2020-01-29T21:38:22.975+0300][159.510s][info ][gc] GC(5337) Concurrent Cycle 203.732ms
[2020-01-29T21:38:22.999+0300][159.535s][info ][gc] GC(5343) Pause Young (Normal) (G1 Evacuation Pause) 215M->216M(256M) 24.393ms
[2020-01-29T21:38:23.010+0300][159.545s][info ][gc] GC(5344) Pause Young (Concurrent Start) (G1 Evacuation Pause) 226M->226M(256M) 6.712ms
[2020-01-29T21:38:23.010+0300][159.545s][info ][gc] GC(5345) Concurrent Cycle
[2020-01-29T21:38:23.024+0300][159.560s][info ][gc] GC(5346) Pause Young (Normal) (G1 Evacuation Pause) 236M->236M(256M) 8.113ms
[2020-01-29T21:38:23.041+0300][159.576s][info ][gc] GC(5347) To-space exhausted
[2020-01-29T21:38:23.041+0300][159.576s][info ][gc] GC(5347) Pause Young (Normal) (G1 Evacuation Pause) 246M->248M(256M) 11.696ms
[2020-01-29T21:38:23.061+0300][159.596s][info ][gc] GC(5348) To-space exhausted
[2020-01-29T21:38:23.061+0300][159.597s][info ][gc] GC(5348) Pause Young (Normal) (G1 Evacuation Pause) 255M->255M(256M) 17.624ms
[2020-01-29T21:38:23.062+0300][159.597s][debug][gc] GC(5349) Clear Next Bitmap 0.086ms
[2020-01-29T21:38:23.108+0300][159.643s][info ][gc] GC(5349) Pause Full (G1 Evacuation Pause) 255M->85M(256M) 46.795ms
[2020-01-29T21:38:23.109+0300][159.644s][info ][gc] GC(5345) Concurrent Cycle 98.230ms
[2020-01-29T21:38:23.151+0300][159.686s][info ][gc] GC(5350) Pause Young (Normal) (G1 Evacuation Pause) 130M->130M(256M) 25.002ms
[2020-01-29T21:38:23.173+0300][159.707s][info ][gc] GC(5351) Pause Young (Concurrent Start) (G1 Humongous Allocation) 137M->137M(256M) 8.037ms
[2020-01-29T21:38:23.173+0300][159.707s][info ][gc] GC(5352) Concurrent Cycle
[2020-01-29T21:38:23.184+0300][159.719s][debug][gc] GC(5352) Reclaimed 117 empty regions
[2020-01-29T21:38:23.184+0300][159.719s][info ][gc] GC(5352) Pause Remark 181M->65M(256M) 0.676ms
[2020-01-29T21:38:23.202+0300][159.738s][info ][gc] GC(5353) Pause Young (Normal) (G1 Evacuation Pause) 69M->66M(256M) 17.527ms
[2020-01-29T21:38:23.221+0300][159.757s][info ][gc] GC(5352) Pause Cleanup 115M->115M(256M) 0.041ms
[2020-01-29T21:38:23.222+0300][159.757s][info ][gc] GC(5352) Concurrent Cycle 49.746ms
[2020-01-29T21:38:23.262+0300][159.798s][info ][gc] GC(5354) Pause Young (Normal) (G1 Evacuation Pause) 117M->118M(256M) 39.818ms
[2020-01-29T21:38:23.299+0300][159.834s][info ][gc] GC(5355) Pause Young (Concurrent Start) (G1 Evacuation Pause) 152M->152M(256M) 22.831ms
[2020-01-29T21:38:23.299+0300][159.834s][info ][gc] GC(5356) Concurrent Cycle
[2020-01-29T21:38:23.339+0300][159.874s][info ][gc] GC(5357) Pause Young (Normal) (G1 Evacuation Pause) 196M->197M(256M) 18.258ms
[2020-01-29T21:38:23.353+0300][159.887s][info ][gc] GC(5358) Pause Young (Normal) (G1 Evacuation Pause) 207M->208M(256M) 9.036ms
[2020-01-29T21:38:23.365+0300][159.900s][info ][gc] GC(5359) Pause Young (Normal) (G1 Evacuation Pause) 218M->218M(256M) 8.002ms
[2020-01-29T21:38:23.390+0300][159.925s][info ][gc] GC(5360) Pause Young (Normal) (G1 Evacuation Pause) 228M->229M(256M) 10.771ms
[2020-01-29T21:38:23.401+0300][159.937s][info ][gc] GC(5361) Pause Young (Normal) (G1 Evacuation Pause) 239M->240M(256M) 7.814ms
[2020-01-29T21:38:23.422+0300][159.957s][info ][gc] GC(5362) To-space exhausted
[2020-01-29T21:38:23.422+0300][159.957s][info ][gc] GC(5362) Pause Young (Normal) (G1 Evacuation Pause) 250M->253M(256M) 15.896ms
[2020-01-29T21:38:23.431+0300][159.967s][info ][gc] GC(5363) To-space exhausted
[2020-01-29T21:38:23.431+0300][159.967s][info ][gc] GC(5363) Pause Young (Normal) (G1 Evacuation Pause) 255M->255M(256M) 8.647ms
[2020-01-29T21:38:23.432+0300][159.967s][debug][gc] GC(5364) Clear Next Bitmap 0.111ms
[2020-01-29T21:38:23.483+0300][160.019s][info ][gc] GC(5364) Pause Full (G1 Evacuation Pause) 255M->95M(256M) 51.913ms
[2020-01-29T21:38:23.484+0300][160.019s][info ][gc] GC(5356) Concurrent Cycle 185.018ms
[2020-01-29T21:38:23.533+0300][160.069s][info ][gc] GC(5365) Pause Young (Concurrent Start) (G1 Humongous Allocation) 136M->136M(256M) 22.583ms
[2020-01-29T21:38:23.533+0300][160.069s][info ][gc] GC(5366) Concurrent Cycle
[2020-01-29T21:38:23.575+0300][160.111s][info ][gc] GC(5367) Pause Young (Normal) (G1 Evacuation Pause) 184M->185M(256M) 20.490ms
[2020-01-29T21:38:23.580+0300][160.115s][debug][gc] GC(5366) Reclaimed 91 empty regions
[2020-01-29T21:38:23.580+0300][160.115s][info ][gc] GC(5366) Pause Remark 195M->106M(256M) 0.636ms
[2020-01-29T21:38:23.592+0300][160.128s][info ][gc] GC(5368) Pause Young (Normal) (G1 Evacuation Pause) 109M->110M(256M) 11.124ms
[2020-01-29T21:38:23.635+0300][160.170s][info ][gc] GC(5369) Pause Young (Normal) (G1 Evacuation Pause) 147M->148M(256M) 28.161ms
[2020-01-29T21:38:23.678+0300][160.213s][info ][gc] GC(5370) Pause Young (Normal) (G1 Evacuation Pause) 173M->174M(256M) 32.214ms
[2020-01-29T21:38:23.727+0300][160.261s][info ][gc] GC(5371) Pause Young (Normal) (G1 Evacuation Pause) 211M->212M(256M) 29.843ms
[2020-01-29T21:38:23.765+0300][160.300s][info ][gc] GC(5372) Pause Young (Normal) (G1 Evacuation Pause) 221M->222M(256M) 30.590ms
[2020-01-29T21:38:23.799+0300][160.335s][info ][gc] GC(5373) Pause Young (Normal) (G1 Evacuation Pause) 232M->233M(256M) 29.301ms
[2020-01-29T21:38:23.804+0300][160.339s][info ][gc] GC(5366) Pause Cleanup 236M->236M(256M) 0.050ms
[2020-01-29T21:38:23.804+0300][160.339s][info ][gc] GC(5366) Concurrent Cycle 270.823ms
[2020-01-29T21:38:23.832+0300][160.368s][info ][gc] GC(5374) Pause Young (Normal) (G1 Evacuation Pause) 243M->243M(256M) 25.057ms
[2020-01-29T21:38:23.859+0300][160.395s][info ][gc] GC(5375) To-space exhausted
[2020-01-29T21:38:23.859+0300][160.395s][info ][gc] GC(5375) Pause Young (Concurrent Start) (G1 Evacuation Pause) 253M->255M(256M) 22.576ms
[2020-01-29T21:38:23.859+0300][160.395s][info ][gc] GC(5377) Concurrent Cycle
[2020-01-29T21:38:23.860+0300][160.395s][debug][gc] GC(5376) Clear Next Bitmap 0.064ms
[2020-01-29T21:38:23.896+0300][160.431s][info ][gc] GC(5376) Pause Full (G1 Evacuation Pause) 255M->66M(256M) 36.663ms
[2020-01-29T21:38:23.896+0300][160.432s][info ][gc] GC(5377) Concurrent Cycle 37.004ms
[2020-01-29T21:38:23.946+0300][160.481s][info ][gc] GC(5378) Pause Young (Normal) (G1 Evacuation Pause) 119M->119M(256M) 28.732ms
[2020-01-29T21:38:23.977+0300][160.513s][info ][gc] GC(5379) Pause Young (Concurrent Start) (G1 Humongous Allocation) 137M->138M(256M) 14.573ms
[2020-01-29T21:38:23.977+0300][160.513s][info ][gc] GC(5380) Concurrent Cycle
[2020-01-29T21:38:24.010+0300][160.545s][info ][gc] GC(5381) Pause Young (Normal) (G1 Evacuation Pause) 185M->185M(256M) 19.267ms
[2020-01-29T21:38:24.015+0300][160.550s][debug][gc] GC(5380) Reclaimed 108 empty regions
[2020-01-29T21:38:24.015+0300][160.550s][info ][gc] GC(5380) Pause Remark 194M->89M(256M) 0.666ms
[2020-01-29T21:38:24.029+0300][160.565s][info ][gc] GC(5382) Pause Young (Normal) (G1 Evacuation Pause) 92M->92M(256M) 9.394ms
[2020-01-29T21:38:24.091+0300][160.626s][info ][gc] GC(5383) Pause Young (Normal) (G1 Evacuation Pause) 134M->135M(256M) 39.611ms
[2020-01-29T21:38:24.145+0300][160.680s][info ][gc] GC(5384) Pause Young (Normal) (G1 Evacuation Pause) 164M->165M(256M) 41.630ms
[2020-01-29T21:38:24.160+0300][160.696s][info ][gc] GC(5380) Pause Cleanup 192M->192M(256M) 0.054ms
[2020-01-29T21:38:24.160+0300][160.696s][info ][gc] GC(5380) Concurrent Cycle 183.082ms
[2020-01-29T21:38:24.200+0300][160.735s][info ][gc] GC(5385) Pause Young (Normal) (G1 Evacuation Pause) 205M->205M(256M) 34.214ms
[2020-01-29T21:38:24.210+0300][160.746s][info ][gc] GC(5386) Pause Young (Concurrent Start) (G1 Evacuation Pause) 213M->214M(256M) 7.186ms
[2020-01-29T21:38:24.210+0300][160.746s][info ][gc] GC(5387) Concurrent Cycle
[2020-01-29T21:38:24.224+0300][160.760s][info ][gc] GC(5388) Pause Young (Normal) (G1 Evacuation Pause) 224M->225M(256M) 7.237ms
[2020-01-29T21:38:24.236+0300][160.771s][info ][gc] GC(5389) Pause Young (Normal) (G1 Evacuation Pause) 235M->236M(256M) 7.171ms
[2020-01-29T21:38:24.252+0300][160.787s][info ][gc] GC(5390) To-space exhausted
[2020-01-29T21:38:24.252+0300][160.787s][info ][gc] GC(5390) Pause Young (Normal) (G1 Evacuation Pause) 246M->248M(256M) 11.579ms
[2020-01-29T21:38:24.273+0300][160.809s][info ][gc] GC(5391) To-space exhausted
[2020-01-29T21:38:24.273+0300][160.809s][info ][gc] GC(5391) Pause Young (Normal) (G1 Evacuation Pause) 255M->255M(256M) 18.246ms
[2020-01-29T21:38:24.273+0300][160.809s][debug][gc] GC(5392) Clear Next Bitmap 0.070ms
[2020-01-29T21:38:24.321+0300][160.856s][info ][gc] GC(5392) Pause Full (G1 Evacuation Pause) 255M->81M(256M) 47.053ms
[2020-01-29T21:38:24.321+0300][160.856s][info ][gc] GC(5387) Concurrent Cycle 110.189ms
[2020-01-29T21:38:24.365+0300][160.900s][info ][gc] GC(5393) Pause Young (Normal) (G1 Evacuation Pause) 127M->127M(256M) 25.662ms
[2020-01-29T21:38:24.391+0300][160.926s][info ][gc] GC(5394) Pause Young (Concurrent Start) (G1 Humongous Allocation) 137M->137M(256M) 11.626ms
[2020-01-29T21:38:24.391+0300][160.926s][info ][gc] GC(5395) Concurrent Cycle
[2020-01-29T21:38:24.404+0300][160.939s][debug][gc] GC(5395) Reclaimed 117 empty regions
[2020-01-29T21:38:24.404+0300][160.939s][info ][gc] GC(5395) Pause Remark 185M->70M(256M) 0.748ms
[2020-01-29T21:38:24.422+0300][160.957s][info ][gc] GC(5396) Pause Young (Normal) (G1 Evacuation Pause) 70M->66M(256M) 17.725ms
[2020-01-29T21:38:24.485+0300][161.019s][info ][gc] GC(5397) Pause Young (Normal) (G1 Evacuation Pause) 117M->118M(256M) 41.655ms
[2020-01-29T21:38:24.488+0300][161.022s][info ][gc] GC(5395) Pause Cleanup 123M->123M(256M) 0.044ms
[2020-01-29T21:38:24.488+0300][161.023s][info ][gc] GC(5395) Concurrent Cycle 96.326ms
[2020-01-29T21:38:24.538+0300][161.074s][info ][gc] GC(5398) Pause Young (Normal) (G1 Evacuation Pause) 152M->153M(256M) 39.456ms
[2020-01-29T21:38:24.555+0300][161.091s][info ][gc] GC(5399) Pause Young (Concurrent Start) (G1 Humongous Allocation) 155M->155M(256M) 5.450ms
[2020-01-29T21:38:24.555+0300][161.091s][info ][gc] GC(5400) Concurrent Cycle
[2020-01-29T21:38:24.564+0300][161.099s][debug][gc] GC(5400) Reclaimed 139 empty regions
[2020-01-29T21:38:24.564+0300][161.099s][info ][gc] GC(5400) Pause Remark 192M->53M(256M) 0.648ms
[2020-01-29T21:38:24.582+0300][161.117s][info ][gc] GC(5401) Pause Young (Normal) (G1 Evacuation Pause) 59M->58M(256M) 15.227ms
[2020-01-29T21:38:24.596+0300][161.132s][info ][gc] GC(5400) Pause Cleanup 95M->95M(256M) 0.043ms
[2020-01-29T21:38:24.597+0300][161.132s][info ][gc] GC(5400) Concurrent Cycle 41.475ms
[2020-01-29T21:38:24.641+0300][161.177s][info ][gc] GC(5402) Pause Young (Normal) (G1 Evacuation Pause) 111M->112M(256M) 37.965ms
[2020-01-29T21:38:24.680+0300][161.216s][info ][gc] GC(5403) Pause Young (Concurrent Start) (G1 Evacuation Pause) 148M->149M(256M) 24.235ms
[2020-01-29T21:38:24.680+0300][161.216s][info ][gc] GC(5404) Concurrent Cycle
[2020-01-29T21:38:24.723+0300][161.258s][info ][gc] GC(5405) Pause Young (Normal) (G1 Evacuation Pause) 194M->195M(256M) 18.738ms
[2020-01-29T21:38:24.736+0300][161.271s][info ][gc] GC(5406) Pause Young (Normal) (G1 Evacuation Pause) 205M->206M(256M) 9.124ms
[2020-01-29T21:38:24.748+0300][161.284s][info ][gc] GC(5407) Pause Young (Normal) (G1 Evacuation Pause) 216M->217M(256M) 8.029ms
[2020-01-29T21:38:24.761+0300][161.296s][info ][gc] GC(5408) Pause Young (Normal) (G1 Evacuation Pause) 227M->228M(256M) 8.018ms
[2020-01-29T21:38:24.773+0300][161.308s][info ][gc] GC(5409) Pause Young (Normal) (G1 Evacuation Pause) 238M->239M(256M) 7.775ms
[2020-01-29T21:38:24.791+0300][161.326s][info ][gc] GC(5410) To-space exhausted
[2020-01-29T21:38:24.791+0300][161.326s][info ][gc] GC(5410) Pause Young (Normal) (G1 Evacuation Pause) 249M->251M(256M) 14.470ms
[2020-01-29T21:38:24.806+0300][161.341s][info ][gc] GC(5411) To-space exhausted
[2020-01-29T21:38:24.806+0300][161.341s][info ][gc] GC(5411) Pause Young (Normal) (G1 Evacuation Pause) 255M->255M(256M) 13.220ms
[2020-01-29T21:38:24.807+0300][161.342s][debug][gc] GC(5412) Clear Next Bitmap 0.076ms
[2020-01-29T21:38:24.860+0300][161.395s][info ][gc] GC(5412) Pause Full (G1 Evacuation Pause) 255M->97M(256M) 53.618ms
[2020-01-29T21:38:24.861+0300][161.395s][info ][gc] GC(5404) Concurrent Cycle 179.699ms
[2020-01-29T21:38:24.910+0300][161.446s][info ][gc] GC(5413) Pause Young (Concurrent Start) (G1 Humongous Allocation) 136M->136M(256M) 24.310ms
[2020-01-29T21:38:24.910+0300][161.446s][info ][gc] GC(5414) Concurrent Cycle
[2020-01-29T21:38:24.951+0300][161.486s][info ][gc] GC(5415) Pause Young (Normal) (G1 Evacuation Pause) 184M->185M(256M) 20.290ms
[2020-01-29T21:38:24.955+0300][161.491s][debug][gc] GC(5414) Reclaimed 95 empty regions
[2020-01-29T21:38:24.955+0300][161.491s][info ][gc] GC(5414) Pause Remark 194M->101M(256M) 0.654ms
[2020-01-29T21:38:24.969+0300][161.504s][info ][gc] GC(5416) Pause Young (Normal) (G1 Evacuation Pause) 105M->106M(256M) 11.423ms
[2020-01-29T21:38:25.013+0300][161.549s][info ][gc] GC(5417) Pause Young (Normal) (G1 Evacuation Pause) 144M->145M(256M) 29.257ms
[2020-01-29T21:38:25.065+0300][161.601s][info ][gc] GC(5418) Pause Young (Normal) (G1 Evacuation Pause) 171M->172M(256M) 35.568ms
[2020-01-29T21:38:25.124+0300][161.660s][info ][gc] GC(5419) Pause Young (Normal) (G1 Evacuation Pause) 209M->210M(256M) 39.059ms
[2020-01-29T21:38:25.158+0300][161.693s][info ][gc] GC(5420) Pause Young (Normal) (G1 Evacuation Pause) 219M->220M(256M) 29.322ms
[2020-01-29T21:38:25.162+0300][161.697s][info ][gc] GC(5414) Pause Cleanup 227M->227M(256M) 0.048ms
[2020-01-29T21:38:25.162+0300][161.697s][info ][gc] GC(5414) Concurrent Cycle 251.786ms
[2020-01-29T21:38:25.188+0300][161.723s][info ][gc] GC(5421) Pause Young (Normal) (G1 Evacuation Pause) 230M->232M(256M) 23.893ms
[2020-01-29T21:38:25.202+0300][161.737s][info ][gc] GC(5422) Pause Young (Concurrent Start) (G1 Evacuation Pause) 242M->242M(256M) 10.106ms
[2020-01-29T21:38:25.202+0300][161.737s][info ][gc] GC(5423) Concurrent Cycle
[2020-01-29T21:38:25.229+0300][161.764s][info ][gc] GC(5424) To-space exhausted
[2020-01-29T21:38:25.229+0300][161.764s][info ][gc] GC(5424) Pause Young (Normal) (G1 Evacuation Pause) 252M->254M(256M) 20.483ms
[2020-01-29T21:38:25.236+0300][161.771s][info ][gc] GC(5425) To-space exhausted
[2020-01-29T21:38:25.237+0300][161.771s][info ][gc] GC(5425) Pause Young (Normal) (G1 Evacuation Pause) 255M->255M(256M) 6.454ms
[2020-01-29T21:38:25.237+0300][161.772s][debug][gc] GC(5426) Clear Next Bitmap 0.056ms
[2020-01-29T21:38:25.276+0300][161.811s][info ][gc] GC(5426) Pause Full (G1 Evacuation Pause) 255M->68M(256M) 39.835ms
[2020-01-29T21:38:25.276+0300][161.812s][info ][gc] GC(5423) Concurrent Cycle 74.445ms
[2020-01-29T21:38:25.332+0300][161.868s][info ][gc] GC(5427) Pause Young (Normal) (G1 Evacuation Pause) 118M->118M(256M) 34.650ms
[2020-01-29T21:38:25.364+0300][161.900s][info ][gc] GC(5428) Pause Young (Concurrent Start) (G1 Humongous Allocation) 136M->137M(256M) 13.783ms
[2020-01-29T21:38:25.364+0300][161.900s][info ][gc] GC(5429) Concurrent Cycle
[2020-01-29T21:38:25.404+0300][161.939s][info ][gc] GC(5430) Pause Young (Normal) (G1 Evacuation Pause) 185M->186M(256M) 24.015ms
[2020-01-29T21:38:25.407+0300][161.942s][debug][gc] GC(5429) Reclaimed 109 empty regions
[2020-01-29T21:38:25.407+0300][161.942s][info ][gc] GC(5429) Pause Remark 191M->84M(256M) 0.699ms
[2020-01-29T21:38:25.423+0300][161.958s][info ][gc] GC(5431) Pause Young (Normal) (G1 Evacuation Pause) 91M->92M(256M) 12.410ms
[2020-01-29T21:38:25.474+0300][162.009s][info ][gc] GC(5432) Pause Young (Normal) (G1 Evacuation Pause) 134M->135M(256M) 34.059ms
[2020-01-29T21:38:25.526+0300][162.061s][info ][gc] GC(5433) Pause Young (Normal) (G1 Evacuation Pause) 164M->165M(256M) 39.414ms
[2020-01-29T21:38:25.578+0300][162.113s][info ][gc] GC(5434) Pause Young (Normal) (G1 Evacuation Pause) 205M->206M(256M) 32.591ms
[2020-01-29T21:38:25.582+0300][162.116s][info ][gc] GC(5429) Pause Cleanup 212M->212M(256M) 0.043ms
[2020-01-29T21:38:25.582+0300][162.117s][info ][gc] GC(5429) Concurrent Cycle 216.738ms
[2020-01-29T21:38:25.607+0300][162.142s][info ][gc] GC(5435) Pause Young (Normal) (G1 Evacuation Pause) 214M->215M(256M) 24.723ms
[2020-01-29T21:38:25.619+0300][162.154s][info ][gc] GC(5436) Pause Young (Concurrent Start) (G1 Evacuation Pause) 225M->226M(256M) 8.033ms
[2020-01-29T21:38:25.619+0300][162.154s][info ][gc] GC(5437) Concurrent Cycle
[2020-01-29T21:38:25.633+0300][162.168s][info ][gc] GC(5438) Pause Young (Normal) (G1 Evacuation Pause) 236M->237M(256M) 7.730ms
[2020-01-29T21:38:25.649+0300][162.185s][info ][gc] GC(5439) To-space exhausted
[2020-01-29T21:38:25.649+0300][162.185s][info ][gc] GC(5439) Pause Young (Normal) (G1 Evacuation Pause) 247M->249M(256M) 12.192ms
[2020-01-29T21:38:25.667+0300][162.203s][info ][gc] GC(5440) To-space exhausted
[2020-01-29T21:38:25.667+0300][162.203s][info ][gc] GC(5440) Pause Young (Normal) (G1 Evacuation Pause) 255M->255M(256M) 15.731ms
[2020-01-29T21:38:25.667+0300][162.203s][debug][gc] GC(5441) Clear Next Bitmap 0.100ms
[2020-01-29T21:38:25.713+0300][162.248s][info ][gc] GC(5441) Pause Full (G1 Evacuation Pause) 255M->81M(256M) 45.182ms
[2020-01-29T21:38:25.713+0300][162.248s][info ][gc] GC(5437) Concurrent Cycle 94.291ms
[2020-01-29T21:38:25.757+0300][162.292s][info ][gc] GC(5442) Pause Young (Normal) (G1 Evacuation Pause) 127M->127M(256M) 25.417ms
[2020-01-29T21:38:25.780+0300][162.315s][info ][gc] GC(5443) Pause Young (Concurrent Start) (G1 Humongous Allocation) 136M->137M(256M) 8.465ms
[2020-01-29T21:38:25.780+0300][162.315s][info ][gc] GC(5444) Concurrent Cycle
[2020-01-29T21:38:25.792+0300][162.327s][debug][gc] GC(5444) Reclaimed 118 empty regions
[2020-01-29T21:38:25.792+0300][162.327s][info ][gc] GC(5444) Pause Remark 184M->68M(256M) 0.634ms
[2020-01-29T21:38:25.811+0300][162.345s][info ][gc] GC(5445) Pause Young (Normal) (G1 Evacuation Pause) 68M->64M(256M) 17.606ms
[2020-01-29T21:38:25.873+0300][162.409s][info ][gc] GC(5446) Pause Young (Normal) (G1 Evacuation Pause) 116M->117M(256M) 42.059ms
[2020-01-29T21:38:25.875+0300][162.411s][info ][gc] GC(5444) Pause Cleanup 121M->121M(256M) 0.039ms
[2020-01-29T21:38:25.876+0300][162.411s][info ][gc] GC(5444) Concurrent Cycle 95.754ms
[2020-01-29T21:38:25.939+0300][162.474s][info ][gc] GC(5447) Pause Young (Concurrent Start) (G1 Humongous Allocation) 152M->153M(256M) 40.611ms
[2020-01-29T21:38:25.939+0300][162.474s][info ][gc] GC(5448) Concurrent Cycle
[2020-01-29T21:38:25.980+0300][162.514s][info ][gc] GC(5449) Pause Young (Normal) (G1 Evacuation Pause) 196M->197M(256M) 17.867ms
[2020-01-29T21:38:25.984+0300][162.519s][debug][gc] GC(5448) Reclaimed 105 empty regions
[2020-01-29T21:38:25.984+0300][162.519s][info ][gc] GC(5448) Pause Remark 206M->101M(256M) 0.638ms
[2020-01-29T21:38:25.994+0300][162.529s][info ][gc] GC(5450) Pause Young (Normal) (G1 Evacuation Pause) 102M->102M(256M) 9.419ms
[2020-01-29T21:38:26.036+0300][162.572s][info ][gc] GC(5451) Pause Young (Normal) (G1 Evacuation Pause) 141M->142M(256M) 26.956ms
[2020-01-29T21:38:26.080+0300][162.615s][info ][gc] GC(5452) Pause Young (Normal) (G1 Evacuation Pause) 169M->170M(256M) 32.571ms
[2020-01-29T21:38:26.132+0300][162.668s][info ][gc] GC(5453) Pause Young (Normal) (G1 Evacuation Pause) 208M->208M(256M) 33.097ms
[2020-01-29T21:38:26.163+0300][162.698s][info ][gc] GC(5454) Pause Young (Normal) (G1 Evacuation Pause) 217M->218M(256M) 25.480ms
[2020-01-29T21:38:26.195+0300][162.731s][info ][gc] GC(5455) Pause Young (Normal) (G1 Evacuation Pause) 228M->229M(256M) 26.800ms
[2020-01-29T21:38:26.228+0300][162.763s][info ][gc] GC(5456) Pause Young (Normal) (G1 Evacuation Pause) 239M->239M(256M) 27.704ms
[2020-01-29T21:38:26.268+0300][162.804s][info ][gc] GC(5457) To-space exhausted
[2020-01-29T21:38:26.269+0300][162.804s][info ][gc] GC(5457) Pause Young (Normal) (G1 Evacuation Pause) 249M->252M(256M) 35.703ms
[2020-01-29T21:38:26.269+0300][162.804s][info ][gc] GC(5448) Pause Cleanup 253M->253M(256M) 0.045ms
[2020-01-29T21:38:26.269+0300][162.804s][info ][gc] GC(5448) Concurrent Cycle 329.785ms
[2020-01-29T21:38:26.298+0300][162.833s][info ][gc] GC(5458) To-space exhausted
[2020-01-29T21:38:26.298+0300][162.833s][info ][gc] GC(5458) Pause Young (Normal) (G1 Evacuation Pause) 255M->255M(256M) 28.063ms
[2020-01-29T21:38:26.332+0300][162.867s][info ][gc] GC(5459) Pause Full (G1 Evacuation Pause) 255M->65M(256M) 33.206ms
[2020-01-29T21:38:26.385+0300][162.920s][info ][gc] GC(5460) Pause Young (Concurrent Start) (G1 Evacuation Pause) 121M->121M(256M) 30.988ms
[2020-01-29T21:38:26.385+0300][162.920s][info ][gc] GC(5461) Concurrent Cycle
[2020-01-29T21:38:26.455+0300][162.991s][info ][gc] GC(5462) Pause Young (Normal) (G1 Evacuation Pause) 175M->176M(256M) 27.166ms
[2020-01-29T21:38:26.476+0300][163.011s][info ][gc] GC(5463) Pause Young (Normal) (G1 Evacuation Pause) 192M->192M(256M) 13.158ms
[2020-01-29T21:38:26.489+0300][163.025s][info ][gc] GC(5464) Pause Young (Normal) (G1 Evacuation Pause) 203M->204M(256M) 8.497ms
[2020-01-29T21:38:26.502+0300][163.037s][info ][gc] GC(5465) Pause Young (Normal) (G1 Evacuation Pause) 214M->215M(256M) 8.234ms
[2020-01-29T21:38:26.514+0300][163.049s][info ][gc] GC(5466) Pause Young (Normal) (G1 Evacuation Pause) 225M->226M(256M) 8.071ms
[2020-01-29T21:38:26.527+0300][163.062s][info ][gc] GC(5467) Pause Young (Normal) (G1 Evacuation Pause) 236M->237M(256M) 8.140ms
[2020-01-29T21:38:26.544+0300][163.079s][info ][gc] GC(5468) To-space exhausted
[2020-01-29T21:38:26.544+0300][163.079s][info ][gc] GC(5468) Pause Young (Normal) (G1 Evacuation Pause) 247M->250M(256M) 13.328ms
[2020-01-29T21:38:26.559+0300][163.094s][info ][gc] GC(5469) To-space exhausted
[2020-01-29T21:38:26.559+0300][163.094s][info ][gc] GC(5469) Pause Young (Normal) (G1 Evacuation Pause) 254M->254M(256M) 12.739ms
[2020-01-29T21:38:26.559+0300][163.094s][debug][gc] GC(5470) Clear Next Bitmap 0.064ms
[2020-01-29T21:38:26.619+0300][163.154s][info ][gc] GC(5470) Pause Full (G1 Evacuation Pause) 254M->111M(256M) 60.396ms
[2020-01-29T21:38:26.620+0300][163.155s][info ][gc] GC(5461) Concurrent Cycle 234.608ms
[2020-01-29T21:38:26.655+0300][163.191s][info ][gc] GC(5471) Pause Young (Concurrent Start) (G1 Humongous Allocation) 136M->136M(256M) 15.006ms
[2020-01-29T21:38:26.655+0300][163.191s][info ][gc] GC(5472) Concurrent Cycle
[2020-01-29T21:38:26.689+0300][163.225s][info ][gc] GC(5473) Pause Young (Normal) (G1 Evacuation Pause) 185M->186M(256M) 20.394ms
[2020-01-29T21:38:26.694+0300][163.229s][debug][gc] GC(5472) Reclaimed 104 empty regions
[2020-01-29T21:38:26.694+0300][163.229s][info ][gc] GC(5472) Pause Remark 195M->92M(256M) 0.633ms
[2020-01-29T21:38:26.707+0300][163.243s][info ][gc] GC(5474) Pause Young (Normal) (G1 Evacuation Pause) 96M->97M(256M) 11.445ms
[2020-01-29T21:38:26.756+0300][163.291s][info ][gc] GC(5475) Pause Young (Normal) (G1 Evacuation Pause) 140M->140M(256M) 31.521ms
[2020-01-29T21:38:26.801+0300][163.337s][info ][gc] GC(5476) Pause Young (Normal) (G1 Evacuation Pause) 167M->168M(256M) 34.856ms
[2020-01-29T21:38:26.853+0300][163.388s][info ][gc] GC(5477) Pause Young (Normal) (G1 Evacuation Pause) 207M->208M(256M) 31.697ms
[2020-01-29T21:38:26.856+0300][163.391s][info ][gc] GC(5472) Pause Cleanup 215M->215M(256M) 0.053ms
[2020-01-29T21:38:26.857+0300][163.392s][info ][gc] GC(5472) Concurrent Cycle 201.066ms
[2020-01-29T21:38:26.881+0300][163.416s][info ][gc] GC(5478) Pause Young (Normal) (G1 Evacuation Pause) 217M->218M(256M) 23.651ms
[2020-01-29T21:38:26.894+0300][163.429s][info ][gc] GC(5479) Pause Young (Concurrent Start) (G1 Evacuation Pause) 228M->229M(256M) 8.387ms
[2020-01-29T21:38:26.894+0300][163.429s][info ][gc] GC(5480) Concurrent Cycle
[2020-01-29T21:38:26.908+0300][163.443s][info ][gc] GC(5481) Pause Young (Normal) (G1 Evacuation Pause) 239M->239M(256M) 8.104ms
[2020-01-29T21:38:26.927+0300][163.462s][info ][gc] GC(5482) To-space exhausted
[2020-01-29T21:38:26.927+0300][163.462s][info ][gc] GC(5482) Pause Young (Normal) (G1 Evacuation Pause) 249M->251M(256M) 14.151ms
[2020-01-29T21:38:26.942+0300][163.477s][info ][gc] GC(5483) To-space exhausted
[2020-01-29T21:38:26.942+0300][163.477s][info ][gc] GC(5483) Pause Young (Normal) (G1 Evacuation Pause) 255M->255M(256M) 13.401ms
[2020-01-29T21:38:26.942+0300][163.477s][debug][gc] GC(5484) Clear Next Bitmap 0.066ms
[2020-01-29T21:38:26.985+0300][163.521s][info ][gc] GC(5484) Pause Full (G1 Evacuation Pause) 255M->81M(256M) 43.809ms
[2020-01-29T21:38:26.986+0300][163.521s][info ][gc] GC(5480) Concurrent Cycle 92.544ms
[2020-01-29T21:38:27.030+0300][163.566s][info ][gc] GC(5485) Pause Young (Normal) (G1 Evacuation Pause) 128M->128M(256M) 26.094ms
[2020-01-29T21:38:27.053+0300][163.588s][info ][gc] GC(5486) Pause Young (Concurrent Start) (G1 Humongous Allocation) 137M->137M(256M) 8.195ms
[2020-01-29T21:38:27.053+0300][163.588s][info ][gc] GC(5487) Concurrent Cycle
[2020-01-29T21:38:27.065+0300][163.601s][debug][gc] GC(5487) Reclaimed 119 empty regions
[2020-01-29T21:38:27.065+0300][163.601s][info ][gc] GC(5487) Pause Remark 185M->68M(256M) 0.642ms
[2020-01-29T21:38:27.084+0300][163.619s][info ][gc] GC(5488) Pause Young (Normal) (G1 Evacuation Pause) 68M->64M(256M) 17.643ms
[2020-01-29T21:38:27.148+0300][163.683s][info ][gc] GC(5489) Pause Young (Normal) (G1 Evacuation Pause) 116M->117M(256M) 42.614ms
[2020-01-29T21:38:27.150+0300][163.685s][info ][gc] GC(5487) Pause Cleanup 120M->120M(256M) 0.045ms
[2020-01-29T21:38:27.150+0300][163.685s][info ][gc] GC(5487) Concurrent Cycle 96.691ms
[2020-01-29T21:38:27.215+0300][163.750s][info ][gc] GC(5490) Pause Young (Concurrent Start) (G1 Humongous Allocation) 152M->153M(256M) 42.608ms
[2020-01-29T21:38:27.215+0300][163.750s][info ][gc] GC(5491) Concurrent Cycle
[2020-01-29T21:38:27.256+0300][163.790s][info ][gc] GC(5492) Pause Young (Normal) (G1 Evacuation Pause) 196M->197M(256M) 17.774ms
[2020-01-29T21:38:27.260+0300][163.795s][debug][gc] GC(5491) Reclaimed 102 empty regions
[2020-01-29T21:38:27.260+0300][163.795s][info ][gc] GC(5491) Pause Remark 207M->105M(256M) 0.659ms
[2020-01-29T21:38:27.270+0300][163.805s][info ][gc] GC(5493) Pause Young (Normal) (G1 Evacuation Pause) 105M->106M(256M) 9.332ms
[2020-01-29T21:38:27.313+0300][163.848s][info ][gc] GC(5494) Pause Young (Normal) (G1 Evacuation Pause) 144M->145M(256M) 28.153ms
[2020-01-29T21:38:27.359+0300][163.895s][info ][gc] GC(5495) Pause Young (Normal) (G1 Evacuation Pause) 171M->172M(256M) 32.273ms
[2020-01-29T21:38:27.397+0300][163.932s][info ][gc] GC(5496) Pause Young (Normal) (G1 Evacuation Pause) 189M->190M(256M) 29.575ms
[2020-01-29T21:38:27.443+0300][163.978s][info ][gc] GC(5497) Pause Young (Normal) (G1 Evacuation Pause) 222M->223M(256M) 28.861ms
[2020-01-29T21:38:27.473+0300][164.009s][info ][gc] GC(5498) Pause Young (Normal) (G1 Evacuation Pause) 233M->234M(256M) 25.377ms
[2020-01-29T21:38:27.507+0300][164.042s][info ][gc] GC(5499) To-space exhausted
[2020-01-29T21:38:27.507+0300][164.042s][info ][gc] GC(5499) Pause Young (Normal) (G1 Evacuation Pause) 244M->246M(256M) 28.550ms
[2020-01-29T21:38:27.508+0300][164.043s][info ][gc] GC(5491) Pause Cleanup 249M->249M(256M) 0.043ms
[2020-01-29T21:38:27.508+0300][164.043s][info ][gc] GC(5491) Concurrent Cycle 292.938ms
[2020-01-29T21:38:27.547+0300][164.082s][info ][gc] GC(5500) To-space exhausted
[2020-01-29T21:38:27.547+0300][164.082s][info ][gc] GC(5500) Pause Young (Normal) (G1 Evacuation Pause) 255M->255M(256M) 36.275ms
[2020-01-29T21:38:27.579+0300][164.114s][info ][gc] GC(5501) Pause Full (G1 Evacuation Pause) 255M->62M(256M) 31.500ms
[2020-01-29T21:38:27.632+0300][164.167s][info ][gc] GC(5502) Pause Young (Concurrent Start) (G1 Evacuation Pause) 119M->119M(256M) 31.028ms
[2020-01-29T21:38:27.633+0300][164.167s][info ][gc] GC(5503) Concurrent Cycle
[2020-01-29T21:38:27.688+0300][164.223s][info ][gc] GC(5504) Pause Young (Normal) (G1 Evacuation Pause) 173M->173M(256M) 25.029ms
[2020-01-29T21:38:27.708+0300][164.243s][info ][gc] GC(5505) Pause Young (Normal) (G1 Evacuation Pause) 189M->190M(256M) 13.221ms
[2020-01-29T21:38:27.720+0300][164.256s][info ][gc] GC(5506) Pause Young (Normal) (G1 Evacuation Pause) 201M->202M(256M) 8.461ms
[2020-01-29T21:38:27.732+0300][164.268s][info ][gc] GC(5507) Pause Young (Normal) (G1 Evacuation Pause) 212M->214M(256M) 8.095ms
[2020-01-29T21:38:27.744+0300][164.280s][info ][gc] GC(5508) Pause Young (Normal) (G1 Evacuation Pause) 224M->225M(256M) 7.968ms
[2020-01-29T21:38:27.757+0300][164.292s][info ][gc] GC(5509) Pause Young (Normal) (G1 Evacuation Pause) 235M->236M(256M) 8.039ms
[2020-01-29T21:38:27.774+0300][164.310s][info ][gc] GC(5510) To-space exhausted
[2020-01-29T21:38:27.774+0300][164.310s][info ][gc] GC(5510) Pause Young (Normal) (G1 Evacuation Pause) 246M->250M(256M) 13.016ms
[2020-01-29T21:38:27.789+0300][164.324s][info ][gc] GC(5511) To-space exhausted
[2020-01-29T21:38:27.789+0300][164.324s][info ][gc] GC(5511) Pause Young (Normal) (G1 Evacuation Pause) 254M->254M(256M) 12.852ms
[2020-01-29T21:38:27.789+0300][164.324s][debug][gc] GC(5512) Clear Next Bitmap 0.071ms
[2020-01-29T21:38:27.851+0300][164.386s][info ][gc] GC(5512) Pause Full (G1 Evacuation Pause) 254M->108M(256M) 61.917ms
[2020-01-29T21:38:27.851+0300][164.387s][info ][gc] GC(5503) Concurrent Cycle 219.105ms
[2020-01-29T21:38:27.891+0300][164.426s][info ][gc] GC(5513) Pause Young (Concurrent Start) (G1 Humongous Allocation) 136M->136M(256M) 18.061ms
[2020-01-29T21:38:27.891+0300][164.426s][info ][gc] GC(5514) Concurrent Cycle
[2020-01-29T21:38:27.926+0300][164.461s][info ][gc] GC(5515) Pause Young (Normal) (G1 Evacuation Pause) 185M->186M(256M) 20.387ms
[2020-01-29T21:38:27.931+0300][164.466s][debug][gc] GC(5514) Reclaimed 106 empty regions
[2020-01-29T21:38:27.931+0300][164.466s][info ][gc] GC(5514) Pause Remark 196M->91M(256M) 0.646ms
[2020-01-29T21:38:27.943+0300][164.479s][info ][gc] GC(5516) Pause Young (Normal) (G1 Evacuation Pause) 94M->95M(256M) 11.302ms
[2020-01-29T21:38:27.992+0300][164.527s][info ][gc] GC(5517) Pause Young (Normal) (G1 Evacuation Pause) 139M->140M(256M) 31.151ms
[2020-01-29T21:38:28.039+0300][164.574s][info ][gc] GC(5518) Pause Young (Normal) (G1 Evacuation Pause) 167M->168M(256M) 35.127ms
[2020-01-29T21:38:28.093+0300][164.629s][info ][gc] GC(5519) Pause Young (Normal) (G1 Evacuation Pause) 207M->208M(256M) 35.479ms
[2020-01-29T21:38:28.097+0300][164.632s][info ][gc] GC(5514) Pause Cleanup 216M->216M(256M) 0.049ms
[2020-01-29T21:38:28.097+0300][164.633s][info ][gc] GC(5514) Concurrent Cycle 206.637ms
[2020-01-29T21:38:28.124+0300][164.659s][info ][gc] GC(5520) Pause Young (Normal) (G1 Evacuation Pause) 217M->218M(256M) 26.130ms
[2020-01-29T21:38:28.137+0300][164.672s][info ][gc] GC(5521) Pause Young (Concurrent Start) (G1 Evacuation Pause) 228M->229M(256M) 8.130ms
[2020-01-29T21:38:28.137+0300][164.672s][info ][gc] GC(5522) Concurrent Cycle
[2020-01-29T21:38:28.151+0300][164.687s][info ][gc] GC(5523) Pause Young (Normal) (G1 Evacuation Pause) 239M->240M(256M) 8.041ms
[2020-01-29T21:38:28.172+0300][164.707s][info ][gc] GC(5524) To-space exhausted
[2020-01-29T21:38:28.172+0300][164.707s][info ][gc] GC(5524) Pause Young (Normal) (G1 Evacuation Pause) 250M->252M(256M) 16.032ms
[2020-01-29T21:38:28.185+0300][164.721s][info ][gc] GC(5525) To-space exhausted
[2020-01-29T21:38:28.185+0300][164.721s][info ][gc] GC(5525) Pause Young (Normal) (G1 Evacuation Pause) 255M->255M(256M) 12.122ms
[2020-01-29T21:38:28.185+0300][164.721s][debug][gc] GC(5526) Clear Next Bitmap 0.074ms
[2020-01-29T21:38:28.228+0300][164.763s][info ][gc] GC(5526) Pause Full (G1 Evacuation Pause) 255M->80M(256M) 42.397ms
[2020-01-29T21:38:28.228+0300][164.763s][info ][gc] GC(5522) Concurrent Cycle 91.193ms
[2020-01-29T21:38:28.272+0300][164.807s][info ][gc] GC(5527) Pause Young (Normal) (G1 Evacuation Pause) 127M->127M(256M) 25.639ms
[2020-01-29T21:38:28.296+0300][164.832s][info ][gc] GC(5528) Pause Young (Concurrent Start) (G1 Humongous Allocation) 136M->138M(256M) 9.333ms
[2020-01-29T21:38:28.296+0300][164.832s][info ][gc] GC(5529) Concurrent Cycle
[2020-01-29T21:38:28.309+0300][164.844s][debug][gc] GC(5529) Reclaimed 116 empty regions
[2020-01-29T21:38:28.309+0300][164.844s][info ][gc] GC(5529) Pause Remark 185M->71M(256M) 0.657ms
[2020-01-29T21:38:28.327+0300][164.863s][info ][gc] GC(5530) Pause Young (Normal) (G1 Evacuation Pause) 71M->68M(256M) 17.871ms
[2020-01-29T21:38:28.389+0300][164.924s][info ][gc] GC(5531) Pause Young (Normal) (G1 Evacuation Pause) 118M->119M(256M) 41.216ms
[2020-01-29T21:38:28.393+0300][164.928s][info ][gc] GC(5529) Pause Cleanup 127M->127M(256M) 0.044ms
[2020-01-29T21:38:28.393+0300][164.928s][info ][gc] GC(5529) Concurrent Cycle 96.110ms
[2020-01-29T21:38:28.449+0300][164.984s][info ][gc] GC(5532) Pause Young (Normal) (G1 Evacuation Pause) 153M->154M(256M) 45.696ms
[2020-01-29T21:38:28.465+0300][165.000s][info ][gc] GC(5533) Pause Young (Concurrent Start) (G1 Humongous Allocation) 157M->159M(256M) 5.153ms
[2020-01-29T21:38:28.465+0300][165.001s][info ][gc] GC(5534) Concurrent Cycle
[2020-01-29T21:38:28.474+0300][165.010s][debug][gc] GC(5534) Reclaimed 140 empty regions
[2020-01-29T21:38:28.474+0300][165.010s][info ][gc] GC(5534) Pause Remark 198M->58M(256M) 0.643ms
[2020-01-29T21:38:28.489+0300][165.025s][info ][gc] GC(5535) Pause Young (Normal) (G1 Evacuation Pause) 60M->57M(256M) 13.998ms
[2020-01-29T21:38:28.507+0300][165.042s][info ][gc] GC(5534) Pause Cleanup 101M->101M(256M) 0.041ms
[2020-01-29T21:38:28.507+0300][165.042s][info ][gc] GC(5534) Concurrent Cycle 41.947ms
[2020-01-29T21:38:28.549+0300][165.084s][info ][gc] GC(5536) Pause Young (Normal) (G1 Evacuation Pause) 110M->110M(256M) 38.179ms
[2020-01-29T21:38:28.593+0300][165.129s][info ][gc] GC(5537) Pause Young (Concurrent Start) (G1 Evacuation Pause) 147M->148M(256M) 28.562ms
[2020-01-29T21:38:28.593+0300][165.129s][info ][gc] GC(5538) Concurrent Cycle
[2020-01-29T21:38:28.636+0300][165.172s][info ][gc] GC(5539) Pause Young (Normal) (G1 Evacuation Pause) 193M->194M(256M) 18.962ms
[2020-01-29T21:38:28.650+0300][165.185s][info ][gc] GC(5540) Pause Young (Normal) (G1 Evacuation Pause) 204M->205M(256M) 9.120ms
[2020-01-29T21:38:28.662+0300][165.197s][info ][gc] GC(5541) Pause Young (Normal) (G1 Evacuation Pause) 215M->216M(256M) 7.952ms
[2020-01-29T21:38:28.675+0300][165.210s][info ][gc] GC(5542) Pause Young (Normal) (G1 Evacuation Pause) 226M->227M(256M) 8.176ms
[2020-01-29T21:38:28.687+0300][165.222s][info ][gc] GC(5543) Pause Young (Normal) (G1 Evacuation Pause) 237M->238M(256M) 7.862ms
[2020-01-29T21:38:28.704+0300][165.239s][info ][gc] GC(5544) To-space exhausted
[2020-01-29T21:38:28.704+0300][165.239s][info ][gc] GC(5544) Pause Young (Normal) (G1 Evacuation Pause) 248M->251M(256M) 13.394ms
[2020-01-29T21:38:28.719+0300][165.254s][info ][gc] GC(5545) To-space exhausted
[2020-01-29T21:38:28.719+0300][165.255s][info ][gc] GC(5545) Pause Young (Normal) (G1 Evacuation Pause) 255M->255M(256M) 13.389ms
[2020-01-29T21:38:28.720+0300][165.255s][debug][gc] GC(5546) Clear Next Bitmap 0.068ms
[2020-01-29T21:38:28.777+0300][165.312s][info ][gc] GC(5546) Pause Full (G1 Evacuation Pause) 255M->96M(256M) 57.575ms
[2020-01-29T21:38:28.778+0300][165.312s][info ][gc] GC(5538) Concurrent Cycle 183.724ms
[2020-01-29T21:38:28.826+0300][165.361s][info ][gc] GC(5547) Pause Young (Concurrent Start) (G1 Humongous Allocation) 136M->136M(256M) 22.109ms
[2020-01-29T21:38:28.826+0300][165.361s][info ][gc] GC(5548) Concurrent Cycle
[2020-01-29T21:38:28.867+0300][165.402s][info ][gc] GC(5549) Pause Young (Normal) (G1 Evacuation Pause) 184M->185M(256M) 20.519ms
[2020-01-29T21:38:28.871+0300][165.407s][debug][gc] GC(5548) Reclaimed 94 empty regions
[2020-01-29T21:38:28.872+0300][165.407s][info ][gc] GC(5548) Pause Remark 192M->101M(256M) 0.638ms
[2020-01-29T21:38:28.884+0300][165.420s][info ][gc] GC(5550) Pause Young (Normal) (G1 Evacuation Pause) 106M->107M(256M) 10.562ms
[2020-01-29T21:38:28.928+0300][165.464s][info ][gc] GC(5551) Pause Young (Normal) (G1 Evacuation Pause) 145M->145M(256M) 28.420ms
[2020-01-29T21:38:28.972+0300][165.508s][info ][gc] GC(5552) Pause Young (Normal) (G1 Evacuation Pause) 171M->172M(256M) 33.518ms
[2020-01-29T21:38:29.022+0300][165.558s][info ][gc] GC(5553) Pause Young (Normal) (G1 Evacuation Pause) 209M->210M(256M) 31.034ms
[2020-01-29T21:38:29.053+0300][165.588s][info ][gc] GC(5554) Pause Young (Normal) (G1 Evacuation Pause) 219M->220M(256M) 25.585ms
[2020-01-29T21:38:29.086+0300][165.621s][info ][gc] GC(5555) Pause Young (Normal) (G1 Evacuation Pause) 230M->230M(256M) 24.100ms
[2020-01-29T21:38:29.086+0300][165.621s][info ][gc] GC(5548) Pause Cleanup 230M->230M(256M) 0.044ms
[2020-01-29T21:38:29.086+0300][165.621s][info ][gc] GC(5548) Concurrent Cycle 260.788ms
[2020-01-29T21:38:29.115+0300][165.650s][info ][gc] GC(5556) Pause Young (Normal) (G1 Evacuation Pause) 240M->241M(256M) 24.348ms
[2020-01-29T21:38:29.136+0300][165.671s][info ][gc] GC(5557) To-space exhausted
[2020-01-29T21:38:29.136+0300][165.671s][info ][gc] GC(5557) Pause Young (Concurrent Start) (G1 Evacuation Pause) 251M->254M(256M) 17.352ms
[2020-01-29T21:38:29.136+0300][165.671s][info ][gc] GC(5558) Concurrent Cycle
[2020-01-29T21:38:29.146+0300][165.681s][info ][gc] GC(5559) To-space exhausted
[2020-01-29T21:38:29.146+0300][165.681s][info ][gc] GC(5559) Pause Young (Normal) (G1 Evacuation Pause) 255M->255M(256M) 7.291ms
[2020-01-29T21:38:29.146+0300][165.681s][debug][gc] GC(5560) Clear Next Bitmap 0.075ms
[2020-01-29T21:38:29.182+0300][165.717s][info ][gc] GC(5560) Pause Full (G1 Evacuation Pause) 255M->68M(256M) 35.634ms
[2020-01-29T21:38:29.182+0300][165.717s][info ][gc] GC(5558) Concurrent Cycle 45.724ms
[2020-01-29T21:38:29.228+0300][165.764s][info ][gc] GC(5561) Pause Young (Normal) (G1 Evacuation Pause) 118M->118M(256M) 27.195ms
[2020-01-29T21:38:29.261+0300][165.797s][info ][gc] GC(5562) Pause Young (Concurrent Start) (G1 Humongous Allocation) 136M->138M(256M) 14.405ms
[2020-01-29T21:38:29.261+0300][165.797s][info ][gc] GC(5563) Concurrent Cycle
[2020-01-29T21:38:29.296+0300][165.831s][info ][gc] GC(5564) Pause Young (Normal) (G1 Evacuation Pause) 186M->186M(256M) 20.522ms
[2020-01-29T21:38:29.300+0300][165.836s][debug][gc] GC(5563) Reclaimed 107 empty regions
[2020-01-29T21:38:29.300+0300][165.836s][info ][gc] GC(5563) Pause Remark 196M->90M(256M) 0.637ms
[2020-01-29T21:38:29.312+0300][165.847s][info ][gc] GC(5565) Pause Young (Normal) (G1 Evacuation Pause) 93M->94M(256M) 10.081ms
[2020-01-29T21:38:29.359+0300][165.894s][info ][gc] GC(5566) Pause Young (Normal) (G1 Evacuation Pause) 136M->136M(256M) 30.379ms
[2020-01-29T21:38:29.408+0300][165.943s][info ][gc] GC(5567) Pause Young (Normal) (G1 Evacuation Pause) 165M->166M(256M) 36.873ms
[2020-01-29T21:38:29.465+0300][166.000s][info ][gc] GC(5568) Pause Young (Normal) (G1 Evacuation Pause) 205M->206M(256M) 37.956ms
[2020-01-29T21:38:29.499+0300][166.034s][info ][gc] GC(5569) Pause Young (Normal) (G1 Evacuation Pause) 215M->216M(256M) 30.081ms
[2020-01-29T21:38:29.502+0300][166.037s][info ][gc] GC(5563) Pause Cleanup 219M->219M(256M) 0.048ms
[2020-01-29T21:38:29.502+0300][166.037s][info ][gc] GC(5563) Concurrent Cycle 240.181ms
[2020-01-29T21:38:29.532+0300][166.067s][info ][gc] GC(5570) Pause Young (Normal) (G1 Evacuation Pause) 226M->227M(256M) 27.645ms
[2020-01-29T21:38:29.545+0300][166.080s][info ][gc] GC(5571) Pause Young (Concurrent Start) (G1 Evacuation Pause) 237M->237M(256M) 8.344ms
[2020-01-29T21:38:29.545+0300][166.080s][info ][gc] GC(5572) Concurrent Cycle
[2020-01-29T21:38:29.565+0300][166.099s][info ][gc] GC(5573) To-space exhausted
[2020-01-29T21:38:29.565+0300][166.099s][info ][gc] GC(5573) Pause Young (Normal) (G1 Evacuation Pause) 247M->250M(256M) 13.327ms
[2020-01-29T21:38:29.581+0300][166.115s][info ][gc] GC(5574) To-space exhausted
[2020-01-29T21:38:29.581+0300][166.115s][info ][gc] GC(5574) Pause Young (Normal) (G1 Evacuation Pause) 255M->255M(256M) 13.581ms
[2020-01-29T21:38:29.581+0300][166.116s][debug][gc] GC(5575) Clear Next Bitmap 0.077ms
[2020-01-29T21:38:29.624+0300][166.159s][info ][gc] GC(5575) Pause Full (G1 Evacuation Pause) 255M->80M(256M) 43.704ms
[2020-01-29T21:38:29.624+0300][166.159s][info ][gc] GC(5572) Concurrent Cycle 79.675ms
[2020-01-29T21:38:29.667+0300][166.203s][info ][gc] GC(5576) Pause Young (Normal) (G1 Evacuation Pause) 126M->126M(256M) 25.561ms
[2020-01-29T21:38:29.692+0300][166.227s][info ][gc] GC(5577) Pause Young (Concurrent Start) (G1 Humongous Allocation) 136M->137M(256M) 10.398ms
[2020-01-29T21:38:29.692+0300][166.227s][info ][gc] GC(5578) Concurrent Cycle
[2020-01-29T21:38:29.724+0300][166.260s][info ][gc] GC(5579) Pause Young (Normal) (G1 Evacuation Pause) 185M->186M(256M) 20.242ms
[2020-01-29T21:38:29.725+0300][166.261s][debug][gc] GC(5578) Reclaimed 115 empty regions
[2020-01-29T21:38:29.725+0300][166.261s][info ][gc] GC(5578) Pause Remark 187M->74M(256M) 0.676ms
[2020-01-29T21:38:29.741+0300][166.277s][info ][gc] GC(5580) Pause Young (Normal) (G1 Evacuation Pause) 85M->86M(256M) 10.363ms
[2020-01-29T21:38:29.792+0300][166.328s][info ][gc] GC(5581) Pause Young (Normal) (G1 Evacuation Pause) 130M->131M(256M) 33.656ms
[2020-01-29T21:38:29.842+0300][166.377s][info ][gc] GC(5582) Pause Young (Normal) (G1 Evacuation Pause) 161M->162M(256M) 36.798ms
[2020-01-29T21:38:29.854+0300][166.389s][info ][gc] GC(5578) Pause Cleanup 183M->183M(256M) 0.047ms
[2020-01-29T21:38:29.854+0300][166.389s][info ][gc] GC(5578) Concurrent Cycle 161.770ms
[2020-01-29T21:38:29.891+0300][166.426s][info ][gc] GC(5583) Pause Young (Normal) (G1 Evacuation Pause) 202M->203M(256M) 29.841ms
[2020-01-29T21:38:29.902+0300][166.437s][info ][gc] GC(5584) Pause Young (Concurrent Start) (G1 Evacuation Pause) 211M->212M(256M) 7.601ms
[2020-01-29T21:38:29.902+0300][166.437s][info ][gc] GC(5585) Concurrent Cycle
[2020-01-29T21:38:29.917+0300][166.452s][info ][gc] GC(5586) Pause Young (Normal) (G1 Evacuation Pause) 222M->223M(256M) 7.921ms
[2020-01-29T21:38:29.929+0300][166.464s][info ][gc] GC(5587) Pause Young (Normal) (G1 Evacuation Pause) 233M->234M(256M) 7.674ms
[2020-01-29T21:38:29.943+0300][166.477s][info ][gc] GC(5588) To-space exhausted
[2020-01-29T21:38:29.943+0300][166.477s][info ][gc] GC(5588) Pause Young (Normal) (G1 Evacuation Pause) 244M->246M(256M) 9.585ms
[2020-01-29T21:38:29.967+0300][166.501s][info ][gc] GC(5589) To-space exhausted
[2020-01-29T21:38:29.967+0300][166.501s][info ][gc] GC(5589) Pause Young (Normal) (G1 Evacuation Pause) 255M->255M(256M) 20.186ms
[2020-01-29T21:38:29.967+0300][166.502s][debug][gc] GC(5590) Clear Next Bitmap 0.066ms
[2020-01-29T21:38:30.013+0300][166.549s][info ][gc] GC(5590) Pause Full (G1 Evacuation Pause) 255M->87M(256M) 47.426ms
[2020-01-29T21:38:30.014+0300][166.549s][info ][gc] GC(5585) Concurrent Cycle 111.788ms
[2020-01-29T21:38:30.055+0300][166.590s][info ][gc] GC(5591) Pause Young (Normal) (G1 Evacuation Pause) 131M->132M(256M) 24.125ms
[2020-01-29T21:38:30.075+0300][166.610s][info ][gc] GC(5592) Pause Young (Concurrent Start) (G1 Humongous Allocation) 137M->138M(256M) 7.017ms
[2020-01-29T21:38:30.075+0300][166.610s][info ][gc] GC(5593) Concurrent Cycle
[2020-01-29T21:38:30.085+0300][166.620s][debug][gc] GC(5593) Reclaimed 122 empty regions
[2020-01-29T21:38:30.085+0300][166.620s][info ][gc] GC(5593) Pause Remark 180M->60M(256M) 0.659ms
[2020-01-29T21:38:30.104+0300][166.640s][info ][gc] GC(5594) Pause Young (Normal) (G1 Evacuation Pause) 65M->61M(256M) 17.100ms
[2020-01-29T21:38:30.121+0300][166.656s][info ][gc] GC(5593) Pause Cleanup 103M->103M(256M) 0.036ms
[2020-01-29T21:38:30.121+0300][166.656s][info ][gc] GC(5593) Concurrent Cycle 46.239ms
[2020-01-29T21:38:30.165+0300][166.700s][info ][gc] GC(5595) Pause Young (Normal) (G1 Evacuation Pause) 114M->115M(256M) 39.385ms
[2020-01-29T21:38:30.213+0300][166.749s][info ][gc] GC(5596) Pause Young (Concurrent Start) (G1 Humongous Allocation) 150M->151M(256M) 23.821ms
[2020-01-29T21:38:30.214+0300][166.749s][info ][gc] GC(5597) Concurrent Cycle
[2020-01-29T21:38:30.255+0300][166.790s][info ][gc] GC(5598) Pause Young (Normal) (G1 Evacuation Pause) 195M->196M(256M) 18.718ms
[2020-01-29T21:38:30.260+0300][166.795s][debug][gc] GC(5597) Reclaimed 97 empty regions
[2020-01-29T21:38:30.260+0300][166.795s][info ][gc] GC(5597) Pause Remark 206M->109M(256M) 0.646ms
[2020-01-29T21:38:30.270+0300][166.805s][info ][gc] GC(5599) Pause Young (Normal) (G1 Evacuation Pause) 109M->110M(256M) 9.212ms
[2020-01-29T21:38:30.312+0300][166.846s][info ][gc] GC(5600) Pause Young (Normal) (G1 Evacuation Pause) 147M->148M(256M) 27.030ms
[2020-01-29T21:38:30.353+0300][166.889s][info ][gc] GC(5601) Pause Young (Normal) (G1 Evacuation Pause) 173M->174M(256M) 31.760ms
[2020-01-29T21:38:30.391+0300][166.927s][info ][gc] GC(5602) Pause Young (Normal) (G1 Evacuation Pause) 191M->192M(256M) 31.071ms
[2020-01-29T21:38:30.440+0300][166.975s][info ][gc] GC(5603) Pause Young (Normal) (G1 Evacuation Pause) 223M->224M(256M) 31.069ms
[2020-01-29T21:38:30.470+0300][167.006s][info ][gc] GC(5604) Pause Young (Normal) (G1 Evacuation Pause) 234M->235M(256M) 25.727ms
[2020-01-29T21:38:30.504+0300][167.039s][info ][gc] GC(5605) To-space exhausted
[2020-01-29T21:38:30.504+0300][167.039s][info ][gc] GC(5605) Pause Young (Normal) (G1 Evacuation Pause) 245M->247M(256M) 29.046ms
[2020-01-29T21:38:30.544+0300][167.080s][info ][gc] GC(5606) To-space exhausted
[2020-01-29T21:38:30.544+0300][167.080s][info ][gc] GC(5606) Pause Young (Normal) (G1 Evacuation Pause) 255M->255M(256M) 37.328ms
[2020-01-29T21:38:30.544+0300][167.080s][debug][gc] GC(5607) Clear Next Bitmap 0.058ms
[2020-01-29T21:38:30.574+0300][167.109s][info ][gc] GC(5607) Pause Full (G1 Evacuation Pause) 255M->59M(256M) 29.646ms
[2020-01-29T21:38:30.574+0300][167.110s][info ][gc] GC(5597) Concurrent Cycle 361.065ms
[2020-01-29T21:38:30.625+0300][167.160s][info ][gc] GC(5608) Pause Young (Normal) (G1 Evacuation Pause) 112M->112M(256M) 29.871ms
[2020-01-29T21:38:30.664+0300][167.199s][info ][gc] GC(5609) Pause Young (Concurrent Start) (G1 Humongous Allocation) 137M->138M(256M) 18.293ms
[2020-01-29T21:38:30.664+0300][167.199s][info ][gc] GC(5610) Concurrent Cycle
[2020-01-29T21:38:30.701+0300][167.236s][info ][gc] GC(5611) Pause Young (Normal) (G1 Evacuation Pause) 185M->186M(256M) 19.931ms
[2020-01-29T21:38:30.705+0300][167.241s][debug][gc] GC(5610) Reclaimed 102 empty regions
[2020-01-29T21:38:30.705+0300][167.241s][info ][gc] GC(5610) Pause Remark 195M->96M(256M) 0.636ms
[2020-01-29T21:38:30.716+0300][167.252s][info ][gc] GC(5612) Pause Young (Normal) (G1 Evacuation Pause) 98M->99M(256M) 9.807ms
[2020-01-29T21:38:30.762+0300][167.297s][info ][gc] GC(5613) Pause Young (Normal) (G1 Evacuation Pause) 139M->140M(256M) 29.591ms
[2020-01-29T21:38:30.807+0300][167.342s][info ][gc] GC(5614) Pause Young (Normal) (G1 Evacuation Pause) 167M->169M(256M) 33.633ms
[2020-01-29T21:38:30.860+0300][167.395s][info ][gc] GC(5615) Pause Young (Normal) (G1 Evacuation Pause) 207M->208M(256M) 33.667ms
[2020-01-29T21:38:30.892+0300][167.426s][info ][gc] GC(5616) Pause Young (Normal) (G1 Evacuation Pause) 217M->218M(256M) 27.296ms
[2020-01-29T21:38:30.923+0300][167.459s][info ][gc] GC(5617) Pause Young (Normal) (G1 Evacuation Pause) 228M->229M(256M) 28.334ms
[2020-01-29T21:38:30.927+0300][167.462s][info ][gc] GC(5610) Pause Cleanup 236M->236M(256M) 0.059ms
[2020-01-29T21:38:30.927+0300][167.463s][info ][gc] GC(5610) Concurrent Cycle 263.230ms
[2020-01-29T21:38:30.955+0300][167.490s][info ][gc] GC(5618) Pause Young (Normal) (G1 Evacuation Pause) 239M->240M(256M) 26.390ms
[2020-01-29T21:38:30.975+0300][167.511s][info ][gc] GC(5619) To-space exhausted
[2020-01-29T21:38:30.976+0300][167.511s][info ][gc] GC(5619) Pause Young (Concurrent Start) (G1 Evacuation Pause) 250M->252M(256M) 16.697ms
[2020-01-29T21:38:30.976+0300][167.511s][info ][gc] GC(5620) Concurrent Cycle
[2020-01-29T21:38:30.990+0300][167.525s][info ][gc] GC(5621) To-space exhausted
[2020-01-29T21:38:30.990+0300][167.526s][info ][gc] GC(5621) Pause Young (Normal) (G1 Evacuation Pause) 255M->255M(256M) 11.488ms
[2020-01-29T21:38:30.990+0300][167.526s][debug][gc] GC(5622) Clear Next Bitmap 0.081ms
[2020-01-29T21:38:31.028+0300][167.563s][info ][gc] GC(5622) Pause Full (G1 Evacuation Pause) 255M->73M(256M) 37.382ms
[2020-01-29T21:38:31.028+0300][167.563s][info ][gc] GC(5620) Concurrent Cycle 52.183ms
[2020-01-29T21:38:31.073+0300][167.609s][info ][gc] GC(5623) Pause Young (Normal) (G1 Evacuation Pause) 122M->121M(256M) 26.146ms
[2020-01-29T21:38:31.102+0300][167.637s][info ][gc] GC(5624) Pause Young (Concurrent Start) (G1 Humongous Allocation) 137M->137M(256M) 12.303ms
[2020-01-29T21:38:31.102+0300][167.637s][info ][gc] GC(5625) Concurrent Cycle
[2020-01-29T21:38:31.134+0300][167.669s][info ][gc] GC(5626) Pause Young (Normal) (G1 Evacuation Pause) 185M->186M(256M) 19.832ms
[2020-01-29T21:38:31.139+0300][167.674s][debug][gc] GC(5625) Reclaimed 110 empty regions
[2020-01-29T21:38:31.139+0300][167.674s][info ][gc] GC(5625) Pause Remark 195M->86M(256M) 0.658ms
[2020-01-29T21:38:31.152+0300][167.687s][info ][gc] GC(5627) Pause Young (Normal) (G1 Evacuation Pause) 90M->91M(256M) 11.171ms
[2020-01-29T21:38:31.201+0300][167.736s][info ][gc] GC(5628) Pause Young (Normal) (G1 Evacuation Pause) 134M->135M(256M) 31.129ms
[2020-01-29T21:38:31.251+0300][167.786s][info ][gc] GC(5629) Pause Young (Normal) (G1 Evacuation Pause) 164M->166M(256M) 38.317ms
[2020-01-29T21:38:31.303+0300][167.838s][info ][gc] GC(5630) Pause Young (Normal) (G1 Evacuation Pause) 205M->206M(256M) 32.759ms
[2020-01-29T21:38:31.305+0300][167.841s][info ][gc] GC(5625) Pause Cleanup 211M->211M(256M) 0.044ms
[2020-01-29T21:38:31.306+0300][167.841s][info ][gc] GC(5625) Concurrent Cycle 203.624ms
[2020-01-29T21:38:31.332+0300][167.867s][info ][gc] GC(5631) Pause Young (Normal) (G1 Evacuation Pause) 215M->216M(256M) 24.363ms
[2020-01-29T21:38:31.344+0300][167.879s][info ][gc] GC(5632) Pause Young (Concurrent Start) (G1 Evacuation Pause) 226M->227M(256M) 8.216ms
[2020-01-29T21:38:31.344+0300][167.879s][info ][gc] GC(5633) Concurrent Cycle
[2020-01-29T21:38:31.358+0300][167.893s][info ][gc] GC(5634) Pause Young (Normal) (G1 Evacuation Pause) 237M->238M(256M) 7.898ms
[2020-01-29T21:38:31.376+0300][167.911s][info ][gc] GC(5635) To-space exhausted
[2020-01-29T21:38:31.376+0300][167.912s][info ][gc] GC(5635) Pause Young (Normal) (G1 Evacuation Pause) 248M->251M(256M) 13.989ms
[2020-01-29T21:38:31.391+0300][167.926s][info ][gc] GC(5636) To-space exhausted
[2020-01-29T21:38:31.391+0300][167.926s][info ][gc] GC(5636) Pause Young (Normal) (G1 Evacuation Pause) 255M->255M(256M) 12.803ms
[2020-01-29T21:38:31.391+0300][167.926s][debug][gc] GC(5637) Clear Next Bitmap 0.067ms
[2020-01-29T21:38:31.435+0300][167.970s][info ][gc] GC(5637) Pause Full (G1 Evacuation Pause) 255M->81M(256M) 44.074ms
[2020-01-29T21:38:31.435+0300][167.971s][info ][gc] GC(5633) Concurrent Cycle 91.569ms
[2020-01-29T21:38:31.480+0300][168.016s][info ][gc] GC(5638) Pause Young (Normal) (G1 Evacuation Pause) 127M->127M(256M) 27.374ms
[2020-01-29T21:38:31.504+0300][168.039s][info ][gc] GC(5639) Pause Young (Concurrent Start) (G1 Humongous Allocation) 136M->137M(256M) 8.950ms
[2020-01-29T21:38:31.504+0300][168.039s][info ][gc] GC(5640) Concurrent Cycle
[2020-01-29T21:38:31.516+0300][168.052s][debug][gc] GC(5640) Reclaimed 118 empty regions
[2020-01-29T21:38:31.516+0300][168.052s][info ][gc] GC(5640) Pause Remark 185M->69M(256M) 0.653ms
[2020-01-29T21:38:31.534+0300][168.070s][info ][gc] GC(5641) Pause Young (Normal) (G1 Evacuation Pause) 69M->66M(256M) 17.724ms
[2020-01-29T21:38:31.598+0300][168.133s][info ][gc] GC(5642) Pause Young (Normal) (G1 Evacuation Pause) 117M->118M(256M) 42.130ms
[2020-01-29T21:38:31.600+0300][168.135s][info ][gc] GC(5640) Pause Cleanup 119M->119M(256M) 0.049ms
[2020-01-29T21:38:31.600+0300][168.135s][info ][gc] GC(5640) Concurrent Cycle 96.116ms
[2020-01-29T21:38:31.653+0300][168.188s][info ][gc] GC(5643) Pause Young (Normal) (G1 Evacuation Pause) 152M->153M(256M) 39.568ms
[2020-01-29T21:38:31.670+0300][168.205s][info ][gc] GC(5644) Pause Young (Concurrent Start) (G1 Humongous Allocation) 155M->155M(256M) 5.475ms
[2020-01-29T21:38:31.670+0300][168.205s][info ][gc] GC(5645) Concurrent Cycle
[2020-01-29T21:38:31.678+0300][168.214s][debug][gc] GC(5645) Reclaimed 140 empty regions
[2020-01-29T21:38:31.678+0300][168.214s][info ][gc] GC(5645) Pause Remark 193M->53M(256M) 0.649ms
[2020-01-29T21:38:31.695+0300][168.231s][info ][gc] GC(5646) Pause Young (Normal) (G1 Evacuation Pause) 58M->58M(256M) 15.080ms
[2020-01-29T21:38:31.711+0300][168.247s][info ][gc] GC(5645) Pause Cleanup 98M->98M(256M) 0.041ms
[2020-01-29T21:38:31.711+0300][168.247s][info ][gc] GC(5645) Concurrent Cycle 41.935ms
[2020-01-29T21:38:31.754+0300][168.290s][info ][gc] GC(5647) Pause Young (Normal) (G1 Evacuation Pause) 111M->112M(256M) 37.973ms
[2020-01-29T21:38:31.793+0300][168.329s][info ][gc] GC(5648) Pause Young (Concurrent Start) (G1 Evacuation Pause) 148M->148M(256M) 24.462ms
[2020-01-29T21:38:31.793+0300][168.329s][info ][gc] GC(5649) Concurrent Cycle
[2020-01-29T21:38:31.836+0300][168.371s][info ][gc] GC(5650) Pause Young (Normal) (G1 Evacuation Pause) 193M->194M(256M) 18.884ms
[2020-01-29T21:38:31.849+0300][168.385s][info ][gc] GC(5651) Pause Young (Normal) (G1 Evacuation Pause) 204M->205M(256M) 9.030ms
[2020-01-29T21:38:31.861+0300][168.397s][info ][gc] GC(5652) Pause Young (Normal) (G1 Evacuation Pause) 215M->216M(256M) 8.060ms
[2020-01-29T21:38:31.874+0300][168.409s][info ][gc] GC(5653) Pause Young (Normal) (G1 Evacuation Pause) 226M->227M(256M) 7.979ms
[2020-01-29T21:38:31.886+0300][168.421s][info ][gc] GC(5654) Pause Young (Normal) (G1 Evacuation Pause) 237M->238M(256M) 7.990ms
[2020-01-29T21:38:31.904+0300][168.439s][info ][gc] GC(5655) To-space exhausted
[2020-01-29T21:38:31.904+0300][168.439s][info ][gc] GC(5655) Pause Young (Normal) (G1 Evacuation Pause) 248M->251M(256M) 14.063ms
[2020-01-29T21:38:31.919+0300][168.454s][info ][gc] GC(5656) To-space exhausted
[2020-01-29T21:38:31.919+0300][168.454s][info ][gc] GC(5656) Pause Young (Normal) (G1 Evacuation Pause) 255M->255M(256M) 13.131ms
[2020-01-29T21:38:31.919+0300][168.454s][debug][gc] GC(5657) Clear Next Bitmap 0.072ms
[2020-01-29T21:38:31.972+0300][168.507s][info ][gc] GC(5657) Pause Full (G1 Evacuation Pause) 255M->97M(256M) 52.850ms
[2020-01-29T21:38:31.973+0300][168.507s][info ][gc] GC(5649) Concurrent Cycle 178.526ms
[2020-01-29T21:38:32.023+0300][168.557s][info ][gc] GC(5658) Pause Young (Concurrent Start) (G1 Humongous Allocation) 136M->136M(256M) 23.894ms
[2020-01-29T21:38:32.023+0300][168.557s][info ][gc] GC(5659) Concurrent Cycle
[2020-01-29T21:38:32.062+0300][168.598s][info ][gc] GC(5660) Pause Young (Normal) (G1 Evacuation Pause) 184M->185M(256M) 20.359ms
[2020-01-29T21:38:32.067+0300][168.603s][debug][gc] GC(5659) Reclaimed 96 empty regions
[2020-01-29T21:38:32.068+0300][168.603s][info ][gc] GC(5659) Pause Remark 193M->99M(256M) 0.755ms
[2020-01-29T21:38:32.081+0300][168.616s][info ][gc] GC(5661) Pause Young (Normal) (G1 Evacuation Pause) 104M->104M(256M) 10.456ms
[2020-01-29T21:38:32.127+0300][168.662s][info ][gc] GC(5662) Pause Young (Normal) (G1 Evacuation Pause) 143M->144M(256M) 29.554ms
[2020-01-29T21:38:32.171+0300][168.706s][info ][gc] GC(5663) Pause Young (Normal) (G1 Evacuation Pause) 170M->171M(256M) 33.197ms
[2020-01-29T21:38:32.221+0300][168.756s][info ][gc] GC(5664) Pause Young (Normal) (G1 Evacuation Pause) 209M->210M(256M) 30.908ms
[2020-01-29T21:38:32.250+0300][168.785s][info ][gc] GC(5665) Pause Young (Normal) (G1 Evacuation Pause) 219M->220M(256M) 25.340ms
[2020-01-29T21:38:32.282+0300][168.817s][info ][gc] GC(5666) Pause Young (Normal) (G1 Evacuation Pause) 230M->231M(256M) 26.726ms
[2020-01-29T21:38:32.285+0300][168.820s][info ][gc] GC(5659) Pause Cleanup 237M->237M(256M) 0.044ms
[2020-01-29T21:38:32.286+0300][168.821s][info ][gc] GC(5659) Concurrent Cycle 263.268ms
[2020-01-29T21:38:32.312+0300][168.847s][info ][gc] GC(5667) Pause Young (Normal) (G1 Evacuation Pause) 241M->242M(256M) 25.050ms
[2020-01-29T21:38:32.336+0300][168.871s][info ][gc] GC(5668) To-space exhausted
[2020-01-29T21:38:32.336+0300][168.871s][info ][gc] GC(5668) Pause Young (Concurrent Start) (G1 Evacuation Pause) 252M->255M(256M) 19.661ms
[2020-01-29T21:38:32.336+0300][168.871s][info ][gc] GC(5670) Concurrent Cycle
[2020-01-29T21:38:32.337+0300][168.872s][debug][gc] GC(5669) Clear Next Bitmap 0.065ms
[2020-01-29T21:38:32.373+0300][168.908s][info ][gc] GC(5669) Pause Full (G1 Evacuation Pause) 255M->69M(256M) 36.730ms
[2020-01-29T21:38:32.373+0300][168.908s][info ][gc] GC(5670) Concurrent Cycle 37.066ms
[2020-01-29T21:38:32.421+0300][168.957s][info ][gc] GC(5671) Pause Young (Normal) (G1 Evacuation Pause) 119M->119M(256M) 28.502ms
[2020-01-29T21:38:32.454+0300][168.989s][info ][gc] GC(5672) Pause Young (Concurrent Start) (G1 Humongous Allocation) 137M->138M(256M) 15.205ms
[2020-01-29T21:38:32.454+0300][168.990s][info ][gc] GC(5673) Concurrent Cycle
[2020-01-29T21:38:32.488+0300][169.023s][info ][gc] GC(5674) Pause Young (Normal) (G1 Evacuation Pause) 186M->187M(256M) 20.737ms
[2020-01-29T21:38:32.493+0300][169.028s][debug][gc] GC(5673) Reclaimed 109 empty regions
[2020-01-29T21:38:32.493+0300][169.028s][info ][gc] GC(5673) Pause Remark 197M->89M(256M) 0.920ms
[2020-01-29T21:38:32.505+0300][169.040s][info ][gc] GC(5675) Pause Young (Normal) (G1 Evacuation Pause) 91M->93M(256M) 11.010ms
[2020-01-29T21:38:32.554+0300][169.089s][info ][gc] GC(5676) Pause Young (Normal) (G1 Evacuation Pause) 135M->135M(256M) 31.539ms
[2020-01-29T21:38:32.606+0300][169.141s][info ][gc] GC(5677) Pause Young (Normal) (G1 Evacuation Pause) 164M->165M(256M) 38.728ms
[2020-01-29T21:38:32.663+0300][169.198s][info ][gc] GC(5678) Pause Young (Normal) (G1 Evacuation Pause) 205M->206M(256M) 37.714ms
[2020-01-29T21:38:32.666+0300][169.202s][info ][gc] GC(5673) Pause Cleanup 213M->213M(256M) 0.054ms
[2020-01-29T21:38:32.667+0300][169.202s][info ][gc] GC(5673) Concurrent Cycle 212.754ms
[2020-01-29T21:38:32.696+0300][169.232s][info ][gc] GC(5679) Pause Young (Normal) (G1 Evacuation Pause) 214M->214M(256M) 28.964ms
[2020-01-29T21:38:32.709+0300][169.245s][info ][gc] GC(5680) Pause Young (Concurrent Start) (G1 Evacuation Pause) 224M->225M(256M) 8.644ms
[2020-01-29T21:38:32.709+0300][169.245s][info ][gc] GC(5681) Concurrent Cycle
[2020-01-29T21:38:32.724+0300][169.259s][info ][gc] GC(5682) Pause Young (Normal) (G1 Evacuation Pause) 235M->236M(256M) 7.986ms
[2020-01-29T21:38:32.740+0300][169.276s][info ][gc] GC(5683) To-space exhausted
[2020-01-29T21:38:32.740+0300][169.276s][info ][gc] GC(5683) Pause Young (Normal) (G1 Evacuation Pause) 246M->248M(256M) 12.147ms
[2020-01-29T21:38:32.761+0300][169.296s][info ][gc] GC(5684) To-space exhausted
[2020-01-29T21:38:32.761+0300][169.296s][info ][gc] GC(5684) Pause Young (Normal) (G1 Evacuation Pause) 255M->255M(256M) 17.777ms
[2020-01-29T21:38:32.761+0300][169.296s][debug][gc] GC(5685) Clear Next Bitmap 0.081ms
[2020-01-29T21:38:32.809+0300][169.344s][info ][gc] GC(5685) Pause Full (G1 Evacuation Pause) 255M->82M(256M) 47.771ms
[2020-01-29T21:38:32.809+0300][169.344s][info ][gc] GC(5681) Concurrent Cycle 99.727ms
[2020-01-29T21:38:32.854+0300][169.389s][info ][gc] GC(5686) Pause Young (Normal) (G1 Evacuation Pause) 128M->129M(256M) 26.080ms
[2020-01-29T21:38:32.877+0300][169.412s][info ][gc] GC(5687) Pause Young (Concurrent Start) (G1 Humongous Allocation) 137M->137M(256M) 9.292ms
[2020-01-29T21:38:32.877+0300][169.412s][info ][gc] GC(5688) Concurrent Cycle
[2020-01-29T21:38:32.889+0300][169.424s][debug][gc] GC(5688) Reclaimed 120 empty regions
[2020-01-29T21:38:32.889+0300][169.424s][info ][gc] GC(5688) Pause Remark 180M->62M(256M) 0.928ms
[2020-01-29T21:38:32.911+0300][169.446s][info ][gc] GC(5689) Pause Young (Normal) (G1 Evacuation Pause) 67M->63M(256M) 18.614ms
[2020-01-29T21:38:32.929+0300][169.464s][info ][gc] GC(5688) Pause Cleanup 101M->101M(256M) 0.037ms
[2020-01-29T21:38:32.930+0300][169.464s][info ][gc] GC(5688) Concurrent Cycle 52.486ms
[2020-01-29T21:38:32.976+0300][169.511s][info ][gc] GC(5690) Pause Young (Normal) (G1 Evacuation Pause) 115M->116M(256M) 40.732ms
[2020-01-29T21:38:33.027+0300][169.562s][info ][gc] GC(5691) Pause Young (Concurrent Start) (G1 Humongous Allocation) 151M->152M(256M) 24.268ms
[2020-01-29T21:38:33.027+0300][169.562s][info ][gc] GC(5692) Concurrent Cycle
[2020-01-29T21:38:33.069+0300][169.604s][info ][gc] GC(5693) Pause Young (Normal) (G1 Evacuation Pause) 196M->197M(256M) 19.114ms
[2020-01-29T21:38:33.074+0300][169.609s][debug][gc] GC(5692) Reclaimed 104 empty regions
[2020-01-29T21:38:33.074+0300][169.609s][info ][gc] GC(5692) Pause Remark 202M->98M(256M) 0.836ms
[2020-01-29T21:38:33.084+0300][169.619s][info ][gc] GC(5694) Pause Young (Normal) (G1 Evacuation Pause) 103M->104M(256M) 7.604ms
[2020-01-29T21:38:33.128+0300][169.663s][info ][gc] GC(5695) Pause Young (Normal) (G1 Evacuation Pause) 143M->144M(256M) 27.264ms
[2020-01-29T21:38:33.173+0300][169.708s][info ][gc] GC(5696) Pause Young (Normal) (G1 Evacuation Pause) 170M->170M(256M) 32.916ms
[2020-01-29T21:38:33.228+0300][169.764s][info ][gc] GC(5697) Pause Young (Normal) (G1 Evacuation Pause) 208M->209M(256M) 35.837ms
[2020-01-29T21:38:33.261+0300][169.797s][info ][gc] GC(5698) Pause Young (Normal) (G1 Evacuation Pause) 218M->219M(256M) 28.432ms
[2020-01-29T21:38:33.296+0300][169.831s][info ][gc] GC(5699) Pause Young (Normal) (G1 Evacuation Pause) 229M->230M(256M) 29.356ms
[2020-01-29T21:38:33.332+0300][169.867s][info ][gc] GC(5700) Pause Young (Normal) (G1 Evacuation Pause) 240M->241M(256M) 30.816ms
[2020-01-29T21:38:33.335+0300][169.870s][info ][gc] GC(5692) Pause Cleanup 243M->243M(256M) 0.052ms
[2020-01-29T21:38:33.335+0300][169.870s][info ][gc] GC(5692) Concurrent Cycle 307.936ms
[2020-01-29T21:38:33.376+0300][169.912s][info ][gc] GC(5701) To-space exhausted
[2020-01-29T21:38:33.376+0300][169.912s][info ][gc] GC(5701) Pause Young (Normal) (G1 Evacuation Pause) 251M->255M(256M) 37.476ms
[2020-01-29T21:38:33.409+0300][169.944s][info ][gc] GC(5702) Pause Full (G1 Evacuation Pause) 255M->62M(256M) 32.521ms
[2020-01-29T21:38:33.459+0300][169.994s][info ][gc] GC(5703) Pause Young (Concurrent Start) (G1 Evacuation Pause) 114M->114M(256M) 29.100ms
[2020-01-29T21:38:33.459+0300][169.994s][info ][gc] GC(5704) Concurrent Cycle
[2020-01-29T21:38:33.514+0300][170.050s][info ][gc] GC(5705) Pause Young (Normal) (G1 Evacuation Pause) 169M->170M(256M) 27.717ms
[2020-01-29T21:38:33.537+0300][170.072s][info ][gc] GC(5706) Pause Young (Normal) (G1 Evacuation Pause) 188M->189M(256M) 14.302ms
[2020-01-29T21:38:33.551+0300][170.086s][info ][gc] GC(5707) Pause Young (Normal) (G1 Evacuation Pause) 201M->201M(256M) 8.710ms
[2020-01-29T21:38:33.562+0300][170.098s][info ][gc] GC(5708) Pause Young (Normal) (G1 Evacuation Pause) 211M->212M(256M) 7.590ms
[2020-01-29T21:38:33.575+0300][170.110s][info ][gc] GC(5709) Pause Young (Normal) (G1 Evacuation Pause) 222M->224M(256M) 7.546ms
[2020-01-29T21:38:33.587+0300][170.122s][info ][gc] GC(5710) Pause Young (Normal) (G1 Evacuation Pause) 234M->234M(256M) 7.180ms
[2020-01-29T21:38:33.602+0300][170.137s][info ][gc] GC(5711) To-space exhausted
[2020-01-29T21:38:33.602+0300][170.137s][info ][gc] GC(5711) Pause Young (Normal) (G1 Evacuation Pause) 244M->247M(256M) 11.299ms
[2020-01-29T21:38:33.622+0300][170.157s][info ][gc] GC(5712) To-space exhausted
[2020-01-29T21:38:33.622+0300][170.157s][info ][gc] GC(5712) Pause Young (Normal) (G1 Evacuation Pause) 254M->254M(256M) 17.221ms
[2020-01-29T21:38:33.622+0300][170.157s][debug][gc] GC(5713) Clear Next Bitmap 0.066ms
[2020-01-29T21:38:33.684+0300][170.218s][info ][gc] GC(5713) Pause Full (G1 Evacuation Pause) 254M->111M(256M) 61.109ms
[2020-01-29T21:38:33.684+0300][170.219s][info ][gc] GC(5704) Concurrent Cycle 224.464ms
[2020-01-29T21:38:33.720+0300][170.255s][info ][gc] GC(5714) Pause Young (Concurrent Start) (G1 Humongous Allocation) 137M->136M(256M) 15.269ms
[2020-01-29T21:38:33.720+0300][170.255s][info ][gc] GC(5715) Concurrent Cycle
[2020-01-29T21:38:33.754+0300][170.289s][info ][gc] GC(5716) Pause Young (Normal) (G1 Evacuation Pause) 185M->186M(256M) 20.694ms
[2020-01-29T21:38:33.758+0300][170.294s][debug][gc] GC(5715) Reclaimed 109 empty regions
[2020-01-29T21:38:33.758+0300][170.294s][info ][gc] GC(5715) Pause Remark 196M->89M(256M) 0.635ms
[2020-01-29T21:38:33.770+0300][170.306s][info ][gc] GC(5717) Pause Young (Normal) (G1 Evacuation Pause) 91M->92M(256M) 10.621ms
[2020-01-29T21:38:33.820+0300][170.356s][info ][gc] GC(5718) Pause Young (Normal) (G1 Evacuation Pause) 136M->137M(256M) 31.916ms
[2020-01-29T21:38:33.868+0300][170.403s][info ][gc] GC(5719) Pause Young (Normal) (G1 Evacuation Pause) 165M->166M(256M) 35.199ms
[2020-01-29T21:38:33.917+0300][170.453s][info ][gc] GC(5720) Pause Young (Normal) (G1 Evacuation Pause) 205M->206M(256M) 29.906ms
[2020-01-29T21:38:33.920+0300][170.455s][info ][gc] GC(5715) Pause Cleanup 212M->212M(256M) 0.048ms
[2020-01-29T21:38:33.920+0300][170.456s][info ][gc] GC(5715) Concurrent Cycle 200.921ms
[2020-01-29T21:38:33.943+0300][170.478s][info ][gc] GC(5721) Pause Young (Normal) (G1 Evacuation Pause) 215M->216M(256M) 21.607ms
[2020-01-29T21:38:33.955+0300][170.491s][info ][gc] GC(5722) Pause Young (Concurrent Start) (G1 Evacuation Pause) 226M->227M(256M) 8.019ms
[2020-01-29T21:38:33.955+0300][170.491s][info ][gc] GC(5723) Concurrent Cycle
[2020-01-29T21:38:33.970+0300][170.505s][info ][gc] GC(5724) Pause Young (Normal) (G1 Evacuation Pause) 237M->238M(256M) 8.084ms
[2020-01-29T21:38:33.987+0300][170.522s][info ][gc] GC(5725) To-space exhausted
[2020-01-29T21:38:33.987+0300][170.522s][info ][gc] GC(5725) Pause Young (Normal) (G1 Evacuation Pause) 248M->251M(256M) 13.062ms
[2020-01-29T21:38:34.002+0300][170.537s][info ][gc] GC(5726) To-space exhausted
[2020-01-29T21:38:34.002+0300][170.537s][info ][gc] GC(5726) Pause Young (Normal) (G1 Evacuation Pause) 255M->255M(256M) 13.191ms
[2020-01-29T21:38:34.002+0300][170.537s][debug][gc] GC(5727) Clear Next Bitmap 0.077ms
[2020-01-29T21:38:34.047+0300][170.581s][info ][gc] GC(5727) Pause Full (G1 Evacuation Pause) 255M->81M(256M) 44.148ms
[2020-01-29T21:38:34.047+0300][170.582s][info ][gc] GC(5723) Concurrent Cycle 91.148ms
[2020-01-29T21:38:34.091+0300][170.625s][info ][gc] GC(5728) Pause Young (Normal) (G1 Evacuation Pause) 127M->127M(256M) 25.476ms
[2020-01-29T21:38:34.114+0300][170.648s][info ][gc] GC(5729) Pause Young (Concurrent Start) (G1 Humongous Allocation) 137M->138M(256M) 8.969ms
[2020-01-29T21:38:34.114+0300][170.648s][info ][gc] GC(5730) Concurrent Cycle
[2020-01-29T21:38:34.126+0300][170.662s][debug][gc] GC(5730) Reclaimed 118 empty regions
[2020-01-29T21:38:34.126+0300][170.662s][info ][gc] GC(5730) Pause Remark 182M->67M(256M) 0.657ms
[2020-01-29T21:38:34.145+0300][170.680s][info ][gc] GC(5731) Pause Young (Normal) (G1 Evacuation Pause) 69M->65M(256M) 17.352ms
[2020-01-29T21:38:34.209+0300][170.744s][info ][gc] GC(5732) Pause Young (Normal) (G1 Evacuation Pause) 116M->117M(256M) 42.254ms
[2020-01-29T21:38:34.211+0300][170.746s][info ][gc] GC(5730) Pause Cleanup 120M->120M(256M) 0.039ms
[2020-01-29T21:38:34.211+0300][170.746s][info ][gc] GC(5730) Concurrent Cycle 97.926ms
[2020-01-29T21:38:34.264+0300][170.799s][info ][gc] GC(5733) Pause Young (Normal) (G1 Evacuation Pause) 152M->153M(256M) 39.795ms
[2020-01-29T21:38:34.282+0300][170.816s][info ][gc] GC(5734) Pause Young (Concurrent Start) (G1 Humongous Allocation) 155M->156M(256M) 5.966ms
[2020-01-29T21:38:34.282+0300][170.816s][info ][gc] GC(5735) Concurrent Cycle
[2020-01-29T21:38:34.290+0300][170.825s][debug][gc] GC(5735) Reclaimed 138 empty regions
[2020-01-29T21:38:34.290+0300][170.825s][info ][gc] GC(5735) Pause Remark 193M->55M(256M) 0.766ms
[2020-01-29T21:38:34.307+0300][170.843s][info ][gc] GC(5736) Pause Young (Normal) (G1 Evacuation Pause) 60M->59M(256M) 14.825ms
[2020-01-29T21:38:34.323+0300][170.858s][info ][gc] GC(5735) Pause Cleanup 97M->97M(256M) 0.043ms
[2020-01-29T21:38:34.323+0300][170.858s][info ][gc] GC(5735) Concurrent Cycle 41.923ms
[2020-01-29T21:38:34.368+0300][170.903s][info ][gc] GC(5737) Pause Young (Normal) (G1 Evacuation Pause) 112M->113M(256M) 38.583ms
[2020-01-29T21:38:34.407+0300][170.942s][info ][gc] GC(5738) Pause Young (Concurrent Start) (G1 Evacuation Pause) 149M->150M(256M) 24.972ms
[2020-01-29T21:38:34.407+0300][170.942s][info ][gc] GC(5739) Concurrent Cycle
[2020-01-29T21:38:34.450+0300][170.984s][info ][gc] GC(5740) Pause Young (Normal) (G1 Evacuation Pause) 194M->195M(256M) 18.358ms
[2020-01-29T21:38:34.463+0300][170.998s][info ][gc] GC(5741) Pause Young (Normal) (G1 Evacuation Pause) 205M->206M(256M) 8.896ms
[2020-01-29T21:38:34.478+0300][171.012s][info ][gc] GC(5742) Pause Young (Normal) (G1 Evacuation Pause) 216M->218M(256M) 8.827ms
[2020-01-29T21:38:34.490+0300][171.025s][info ][gc] GC(5743) Pause Young (Normal) (G1 Evacuation Pause) 228M->229M(256M) 7.930ms
[2020-01-29T21:38:34.506+0300][171.042s][info ][gc] GC(5744) Pause Young (Normal) (G1 Evacuation Pause) 239M->240M(256M) 8.077ms
[2020-01-29T21:38:34.528+0300][171.063s][info ][gc] GC(5745) To-space exhausted
[2020-01-29T21:38:34.528+0300][171.063s][info ][gc] GC(5745) Pause Young (Normal) (G1 Evacuation Pause) 250M->252M(256M) 16.671ms
[2020-01-29T21:38:34.541+0300][171.077s][info ][gc] GC(5746) To-space exhausted
[2020-01-29T21:38:34.541+0300][171.077s][info ][gc] GC(5746) Pause Young (Normal) (G1 Evacuation Pause) 255M->255M(256M) 11.859ms
[2020-01-29T21:38:34.542+0300][171.077s][debug][gc] GC(5747) Clear Next Bitmap 0.107ms
[2020-01-29T21:38:34.603+0300][171.139s][info ][gc] GC(5747) Pause Full (G1 Evacuation Pause) 255M->94M(256M) 61.488ms
[2020-01-29T21:38:34.604+0300][171.139s][info ][gc] GC(5739) Concurrent Cycle 196.983ms
[2020-01-29T21:38:34.678+0300][171.213s][info ][gc] GC(5748) Pause Young (Concurrent Start) (G1 Humongous Allocation) 136M->136M(256M) 31.046ms
[2020-01-29T21:38:34.678+0300][171.213s][info ][gc] GC(5749) Concurrent Cycle
[2020-01-29T21:38:34.722+0300][171.257s][info ][gc] GC(5750) Pause Young (Normal) (G1 Evacuation Pause) 184M->186M(256M) 21.503ms
[2020-01-29T21:38:34.727+0300][171.263s][debug][gc] GC(5749) Reclaimed 94 empty regions
[2020-01-29T21:38:34.727+0300][171.263s][info ][gc] GC(5749) Pause Remark 191M->100M(256M) 0.809ms
[2020-01-29T21:38:34.744+0300][171.279s][info ][gc] GC(5751) Pause Young (Normal) (G1 Evacuation Pause) 107M->107M(256M) 11.485ms
[2020-01-29T21:38:34.798+0300][171.333s][info ][gc] GC(5752) Pause Young (Normal) (G1 Evacuation Pause) 145M->146M(256M) 32.828ms
[2020-01-29T21:38:34.845+0300][171.380s][info ][gc] GC(5753) Pause Young (Normal) (G1 Evacuation Pause) 171M->172M(256M) 34.213ms
[2020-01-29T21:38:34.898+0300][171.433s][info ][gc] GC(5754) Pause Young (Normal) (G1 Evacuation Pause) 209M->210M(256M) 32.018ms
[2020-01-29T21:38:34.903+0300][171.439s][info ][gc] GC(5749) Pause Cleanup 217M->217M(256M) 0.046ms
[2020-01-29T21:38:34.904+0300][171.439s][info ][gc] GC(5749) Concurrent Cycle 225.847ms
[2020-01-29T21:38:34.928+0300][171.463s][info ][gc] GC(5755) Pause Young (Normal) (G1 Evacuation Pause) 219M->219M(256M) 23.278ms
[2020-01-29T21:38:34.941+0300][171.476s][info ][gc] GC(5756) Pause Young (Concurrent Start) (G1 Evacuation Pause) 229M->230M(256M) 8.339ms
[2020-01-29T21:38:34.941+0300][171.476s][info ][gc] GC(5757) Concurrent Cycle
[2020-01-29T21:38:34.956+0300][171.491s][info ][gc] GC(5758) Pause Young (Normal) (G1 Evacuation Pause) 240M->242M(256M) 8.243ms
[2020-01-29T21:38:34.982+0300][171.517s][info ][gc] GC(5759) To-space exhausted
[2020-01-29T21:38:34.982+0300][171.517s][info ][gc] GC(5759) Pause Young (Normal) (G1 Evacuation Pause) 252M->255M(256M) 19.544ms
[2020-01-29T21:38:34.982+0300][171.517s][debug][gc] GC(5760) Clear Next Bitmap 0.071ms
[2020-01-29T21:38:35.018+0300][171.553s][info ][gc] GC(5760) Pause Full (G1 Evacuation Pause) 255M->66M(256M) 36.010ms
[2020-01-29T21:38:35.018+0300][171.554s][info ][gc] GC(5757) Concurrent Cycle 77.530ms
[2020-01-29T21:38:35.069+0300][171.604s][info ][gc] GC(5761) Pause Young (Normal) (G1 Evacuation Pause) 116M->116M(256M) 29.514ms
[2020-01-29T21:38:35.106+0300][171.641s][info ][gc] GC(5762) Pause Young (Concurrent Start) (G1 Humongous Allocation) 137M->138M(256M) 17.056ms
[2020-01-29T21:38:35.106+0300][171.641s][info ][gc] GC(5763) Concurrent Cycle
[2020-01-29T21:38:35.148+0300][171.683s][info ][gc] GC(5764) Pause Young (Normal) (G1 Evacuation Pause) 185M->186M(256M) 27.024ms
[2020-01-29T21:38:35.153+0300][171.688s][debug][gc] GC(5763) Reclaimed 107 empty regions
[2020-01-29T21:38:35.153+0300][171.688s][info ][gc] GC(5763) Pause Remark 193M->89M(256M) 1.063ms
[2020-01-29T21:38:35.169+0300][171.703s][info ][gc] GC(5765) Pause Young (Normal) (G1 Evacuation Pause) 93M->94M(256M) 13.448ms
[2020-01-29T21:38:35.224+0300][171.759s][info ][gc] GC(5766) Pause Young (Normal) (G1 Evacuation Pause) 136M->137M(256M) 35.140ms
[2020-01-29T21:38:35.284+0300][171.820s][info ][gc] GC(5767) Pause Young (Normal) (G1 Evacuation Pause) 165M->166M(256M) 48.101ms
[2020-01-29T21:38:35.343+0300][171.878s][info ][gc] GC(5768) Pause Young (Normal) (G1 Evacuation Pause) 205M->206M(256M) 37.147ms
[2020-01-29T21:38:35.344+0300][171.880s][info ][gc] GC(5763) Pause Cleanup 207M->207M(256M) 0.045ms
[2020-01-29T21:38:35.344+0300][171.880s][info ][gc] GC(5763) Concurrent Cycle 239.112ms
[2020-01-29T21:38:35.372+0300][171.907s][info ][gc] GC(5769) Pause Young (Normal) (G1 Evacuation Pause) 215M->216M(256M) 23.720ms
[2020-01-29T21:38:35.385+0300][171.921s][info ][gc] GC(5770) Pause Young (Concurrent Start) (G1 Evacuation Pause) 226M->228M(256M) 8.258ms
[2020-01-29T21:38:35.385+0300][171.921s][info ][gc] GC(5771) Concurrent Cycle
[2020-01-29T21:38:35.400+0300][171.935s][info ][gc] GC(5772) Pause Young (Normal) (G1 Evacuation Pause) 238M->239M(256M) 8.141ms
[2020-01-29T21:38:35.422+0300][171.958s][info ][gc] GC(5773) To-space exhausted
[2020-01-29T21:38:35.423+0300][171.958s][info ][gc] GC(5773) Pause Young (Normal) (G1 Evacuation Pause) 249M->253M(256M) 17.653ms
[2020-01-29T21:38:35.432+0300][171.967s][info ][gc] GC(5774) To-space exhausted
[2020-01-29T21:38:35.432+0300][171.968s][info ][gc] GC(5774) Pause Young (Normal) (G1 Evacuation Pause) 255M->255M(256M) 8.813ms
[2020-01-29T21:38:35.433+0300][171.968s][debug][gc] GC(5775) Clear Next Bitmap 0.093ms
[2020-01-29T21:38:35.475+0300][172.010s][info ][gc] GC(5775) Pause Full (G1 Evacuation Pause) 255M->76M(256M) 42.088ms
[2020-01-29T21:38:35.475+0300][172.010s][info ][gc] GC(5771) Concurrent Cycle 89.314ms
[2020-01-29T21:38:35.524+0300][172.059s][info ][gc] GC(5776) Pause Young (Normal) (G1 Evacuation Pause) 124M->123M(256M) 26.555ms
[2020-01-29T21:38:35.553+0300][172.088s][info ][gc] GC(5777) Pause Young (Concurrent Start) (G1 Humongous Allocation) 136M->137M(256M) 12.475ms
[2020-01-29T21:38:35.553+0300][172.088s][info ][gc] GC(5778) Concurrent Cycle
[2020-01-29T21:38:35.586+0300][172.120s][info ][gc] GC(5779) Pause Young (Normal) (G1 Evacuation Pause) 185M->185M(256M) 19.849ms
[2020-01-29T21:38:35.588+0300][172.123s][debug][gc] GC(5778) Reclaimed 113 empty regions
[2020-01-29T21:38:35.588+0300][172.123s][info ][gc] GC(5778) Pause Remark 189M->77M(256M) 0.725ms
[2020-01-29T21:38:35.604+0300][172.139s][info ][gc] GC(5780) Pause Young (Normal) (G1 Evacuation Pause) 86M->87M(256M) 11.846ms
[2020-01-29T21:38:35.660+0300][172.196s][info ][gc] GC(5781) Pause Young (Normal) (G1 Evacuation Pause) 131M->132M(256M) 37.834ms
[2020-01-29T21:38:35.726+0300][172.262s][info ][gc] GC(5782) Pause Young (Normal) (G1 Evacuation Pause) 182M->183M(256M) 42.513ms
[2020-01-29T21:38:35.729+0300][172.265s][info ][gc] GC(5778) Pause Cleanup 190M->190M(256M) 0.046ms
[2020-01-29T21:38:35.730+0300][172.265s][info ][gc] GC(5778) Concurrent Cycle 176.935ms
[2020-01-29T21:38:35.765+0300][172.301s][info ][gc] GC(5783) Pause Young (Normal) (G1 Evacuation Pause) 197M->199M(256M) 32.677ms
[2020-01-29T21:38:35.781+0300][172.316s][info ][gc] GC(5784) Pause Young (Concurrent Start) (G1 Evacuation Pause) 208M->208M(256M) 9.820ms
[2020-01-29T21:38:35.781+0300][172.316s][info ][gc] GC(5785) Concurrent Cycle
[2020-01-29T21:38:35.797+0300][172.332s][info ][gc] GC(5786) Pause Young (Normal) (G1 Evacuation Pause) 218M->220M(256M) 8.670ms
[2020-01-29T21:38:35.808+0300][172.344s][info ][gc] GC(5787) Pause Young (Normal) (G1 Evacuation Pause) 230M->231M(256M) 6.858ms
[2020-01-29T21:38:35.821+0300][172.356s][info ][gc] GC(5788) Pause Young (Normal) (G1 Evacuation Pause) 241M->242M(256M) 8.283ms
[2020-01-29T21:38:35.845+0300][172.381s][info ][gc] GC(5789) To-space exhausted
[2020-01-29T21:38:35.845+0300][172.381s][info ][gc] GC(5789) Pause Young (Normal) (G1 Evacuation Pause) 252M->255M(256M) 20.018ms
[2020-01-29T21:38:35.845+0300][172.381s][debug][gc] GC(5790) Clear Next Bitmap 0.074ms
[2020-01-29T21:38:35.892+0300][172.427s][info ][gc] GC(5790) Pause Full (G1 Evacuation Pause) 255M->84M(256M) 46.310ms
[2020-01-29T21:38:35.892+0300][172.428s][info ][gc] GC(5785) Concurrent Cycle 111.203ms
[2020-01-29T21:38:35.942+0300][172.477s][info ][gc] GC(5791) Pause Young (Normal) (G1 Evacuation Pause) 129M->130M(256M) 31.974ms
[2020-01-29T21:38:35.964+0300][172.500s][info ][gc] GC(5792) Pause Young (Concurrent Start) (G1 Humongous Allocation) 137M->137M(256M) 8.886ms
[2020-01-29T21:38:35.965+0300][172.500s][info ][gc] GC(5793) Concurrent Cycle
[2020-01-29T21:38:35.976+0300][172.512s][debug][gc] GC(5793) Reclaimed 120 empty regions
[2020-01-29T21:38:35.976+0300][172.512s][info ][gc] GC(5793) Pause Remark 179M->60M(256M) 0.839ms
[2020-01-29T21:38:36.001+0300][172.536s][info ][gc] GC(5794) Pause Young (Normal) (G1 Evacuation Pause) 66M->62M(256M) 21.596ms
[2020-01-29T21:38:36.019+0300][172.554s][info ][gc] GC(5793) Pause Cleanup 103M->103M(256M) 0.047ms
[2020-01-29T21:38:36.019+0300][172.554s][info ][gc] GC(5793) Concurrent Cycle 54.088ms
[2020-01-29T21:38:36.064+0300][172.599s][info ][gc] GC(5795) Pause Young (Normal) (G1 Evacuation Pause) 114M->115M(256M) 41.158ms
[2020-01-29T21:38:36.102+0300][172.638s][info ][gc] GC(5796) Pause Young (Concurrent Start) (G1 Evacuation Pause) 150M->151M(256M) 23.684ms
[2020-01-29T21:38:36.102+0300][172.638s][info ][gc] GC(5797) Concurrent Cycle
[2020-01-29T21:38:36.143+0300][172.678s][info ][gc] GC(5798) Pause Young (Normal) (G1 Evacuation Pause) 195M->195M(256M) 18.298ms
[2020-01-29T21:38:36.157+0300][172.692s][info ][gc] GC(5799) Pause Young (Normal) (G1 Evacuation Pause) 205M->206M(256M) 9.472ms
[2020-01-29T21:38:36.169+0300][172.704s][info ][gc] GC(5800) Pause Young (Normal) (G1 Evacuation Pause) 216M->217M(256M) 7.378ms
[2020-01-29T21:38:36.181+0300][172.715s][info ][gc] GC(5801) Pause Young (Normal) (G1 Evacuation Pause) 227M->228M(256M) 7.448ms
[2020-01-29T21:38:36.191+0300][172.727s][info ][gc] GC(5802) Pause Young (Normal) (G1 Evacuation Pause) 238M->239M(256M) 7.575ms
[2020-01-29T21:38:36.211+0300][172.747s][info ][gc] GC(5803) To-space exhausted
[2020-01-29T21:38:36.211+0300][172.747s][info ][gc] GC(5803) Pause Young (Normal) (G1 Evacuation Pause) 249M->253M(256M) 15.797ms
[2020-01-29T21:38:36.221+0300][172.757s][info ][gc] GC(5804) To-space exhausted
[2020-01-29T21:38:36.222+0300][172.757s][info ][gc] GC(5804) Pause Young (Normal) (G1 Evacuation Pause) 255M->255M(256M) 8.359ms
[2020-01-29T21:38:36.222+0300][172.757s][debug][gc] GC(5805) Clear Next Bitmap 0.088ms
[2020-01-29T21:38:36.275+0300][172.810s][info ][gc] GC(5805) Pause Full (G1 Evacuation Pause) 255M->97M(256M) 52.761ms
[2020-01-29T21:38:36.275+0300][172.810s][info ][gc] GC(5797) Concurrent Cycle 172.708ms
[2020-01-29T21:38:36.324+0300][172.859s][info ][gc] GC(5806) Pause Young (Concurrent Start) (G1 Humongous Allocation) 136M->136M(256M) 22.709ms
[2020-01-29T21:38:36.324+0300][172.859s][info ][gc] GC(5807) Concurrent Cycle
[2020-01-29T21:38:36.372+0300][172.908s][info ][gc] GC(5808) Pause Young (Normal) (G1 Evacuation Pause) 184M->185M(256M) 27.353ms
[2020-01-29T21:38:36.377+0300][172.913s][debug][gc] GC(5807) Reclaimed 95 empty regions
[2020-01-29T21:38:36.377+0300][172.913s][info ][gc] GC(5807) Pause Remark 193M->99M(256M) 0.855ms
[2020-01-29T21:38:36.393+0300][172.929s][info ][gc] GC(5809) Pause Young (Normal) (G1 Evacuation Pause) 104M->105M(256M) 13.499ms
[2020-01-29T21:38:36.451+0300][172.986s][info ][gc] GC(5810) Pause Young (Normal) (G1 Evacuation Pause) 143M->144M(256M) 39.627ms
[2020-01-29T21:38:36.510+0300][173.045s][info ][gc] GC(5811) Pause Young (Normal) (G1 Evacuation Pause) 170M->170M(256M) 45.305ms
[2020-01-29T21:38:36.538+0300][173.073s][info ][gc] GC(5807) Pause Cleanup 201M->201M(256M) 0.043ms
[2020-01-29T21:38:36.538+0300][173.073s][info ][gc] GC(5807) Concurrent Cycle 213.804ms
[2020-01-29T21:38:36.571+0300][173.106s][info ][gc] GC(5812) Pause Young (Normal) (G1 Evacuation Pause) 208M->209M(256M) 28.305ms
[2020-01-29T21:38:36.583+0300][173.119s][info ][gc] GC(5813) Pause Young (Concurrent Start) (G1 Evacuation Pause) 218M->219M(256M) 8.369ms
[2020-01-29T21:38:36.584+0300][173.119s][info ][gc] GC(5814) Concurrent Cycle
[2020-01-29T21:38:36.599+0300][173.134s][info ][gc] GC(5815) Pause Young (Normal) (G1 Evacuation Pause) 229M->230M(256M) 8.077ms
[2020-01-29T21:38:36.611+0300][173.146s][info ][gc] GC(5816) Pause Young (Normal) (G1 Evacuation Pause) 240M->241M(256M) 7.913ms
[2020-01-29T21:38:36.631+0300][173.167s][info ][gc] GC(5817) To-space exhausted
[2020-01-29T21:38:36.632+0300][173.167s][info ][gc] GC(5817) Pause Young (Normal) (G1 Evacuation Pause) 251M->254M(256M) 16.652ms
[2020-01-29T21:38:36.639+0300][173.175s][info ][gc] GC(5818) To-space exhausted
[2020-01-29T21:38:36.639+0300][173.175s][info ][gc] GC(5818) Pause Young (Normal) (G1 Evacuation Pause) 255M->255M(256M) 7.207ms
[2020-01-29T21:38:36.639+0300][173.175s][debug][gc] GC(5819) Clear Next Bitmap 0.070ms
[2020-01-29T21:38:36.676+0300][173.211s][info ][gc] GC(5819) Pause Full (G1 Evacuation Pause) 255M->69M(256M) 36.386ms
[2020-01-29T21:38:36.676+0300][173.212s][info ][gc] GC(5814) Concurrent Cycle 92.389ms
[2020-01-29T21:38:36.724+0300][173.259s][info ][gc] GC(5820) Pause Young (Normal) (G1 Evacuation Pause) 119M->119M(256M) 27.282ms
[2020-01-29T21:38:36.756+0300][173.291s][info ][gc] GC(5821) Pause Young (Concurrent Start) (G1 Humongous Allocation) 136M->137M(256M) 14.126ms
[2020-01-29T21:38:36.756+0300][173.291s][info ][gc] GC(5822) Concurrent Cycle
[2020-01-29T21:38:36.790+0300][173.325s][info ][gc] GC(5823) Pause Young (Normal) (G1 Evacuation Pause) 185M->186M(256M) 20.725ms
[2020-01-29T21:38:36.794+0300][173.329s][debug][gc] GC(5822) Reclaimed 109 empty regions
[2020-01-29T21:38:36.794+0300][173.329s][info ][gc] GC(5822) Pause Remark 194M->87M(256M) 0.635ms
[2020-01-29T21:38:36.807+0300][173.342s][info ][gc] GC(5824) Pause Young (Normal) (G1 Evacuation Pause) 91M->92M(256M) 10.563ms
[2020-01-29T21:38:36.855+0300][173.390s][info ][gc] GC(5825) Pause Young (Normal) (G1 Evacuation Pause) 134M->135M(256M) 30.663ms
[2020-01-29T21:38:36.906+0300][173.441s][info ][gc] GC(5826) Pause Young (Normal) (G1 Evacuation Pause) 164M->164M(256M) 38.017ms
[2020-01-29T21:38:36.959+0300][173.494s][info ][gc] GC(5827) Pause Young (Normal) (G1 Evacuation Pause) 204M->205M(256M) 32.804ms
[2020-01-29T21:38:36.960+0300][173.496s][info ][gc] GC(5822) Pause Cleanup 206M->206M(256M) 0.058ms
[2020-01-29T21:38:36.961+0300][173.497s][info ][gc] GC(5822) Concurrent Cycle 205.488ms
[2020-01-29T21:38:36.989+0300][173.525s][info ][gc] GC(5828) Pause Young (Normal) (G1 Evacuation Pause) 213M->214M(256M) 24.978ms
[2020-01-29T21:38:37.001+0300][173.537s][info ][gc] GC(5829) Pause Young (Concurrent Start) (G1 Evacuation Pause) 224M->225M(256M) 8.032ms
[2020-01-29T21:38:37.001+0300][173.537s][info ][gc] GC(5830) Concurrent Cycle
[2020-01-29T21:38:37.016+0300][173.551s][info ][gc] GC(5831) Pause Young (Normal) (G1 Evacuation Pause) 235M->235M(256M) 7.837ms
[2020-01-29T21:38:37.031+0300][173.566s][info ][gc] GC(5832) To-space exhausted
[2020-01-29T21:38:37.031+0300][173.566s][info ][gc] GC(5832) Pause Young (Normal) (G1 Evacuation Pause) 245M->248M(256M) 10.631ms
[2020-01-29T21:38:37.052+0300][173.587s][info ][gc] GC(5833) To-space exhausted
[2020-01-29T21:38:37.052+0300][173.587s][info ][gc] GC(5833) Pause Young (Normal) (G1 Evacuation Pause) 255M->255M(256M) 17.765ms
[2020-01-29T21:38:37.052+0300][173.587s][debug][gc] GC(5834) Clear Next Bitmap 0.075ms
[2020-01-29T21:38:37.096+0300][173.631s][info ][gc] GC(5834) Pause Full (G1 Evacuation Pause) 255M->82M(256M) 44.180ms
[2020-01-29T21:38:37.096+0300][173.632s][info ][gc] GC(5830) Concurrent Cycle 94.579ms
[2020-01-29T21:38:37.138+0300][173.674s][info ][gc] GC(5835) Pause Young (Normal) (G1 Evacuation Pause) 128M->128M(256M) 24.058ms
[2020-01-29T21:38:37.161+0300][173.696s][info ][gc] GC(5836) Pause Young (Concurrent Start) (G1 Humongous Allocation) 137M->137M(256M) 8.657ms
[2020-01-29T21:38:37.161+0300][173.696s][info ][gc] GC(5837) Concurrent Cycle
[2020-01-29T21:38:37.174+0300][173.709s][debug][gc] GC(5837) Reclaimed 119 empty regions
[2020-01-29T21:38:37.174+0300][173.709s][info ][gc] GC(5837) Pause Remark 184M->67M(256M) 0.640ms
[2020-01-29T21:38:37.192+0300][173.727s][info ][gc] GC(5838) Pause Young (Normal) (G1 Evacuation Pause) 68M->64M(256M) 17.707ms
[2020-01-29T21:38:37.256+0300][173.790s][info ][gc] GC(5839) Pause Young (Normal) (G1 Evacuation Pause) 116M->117M(256M) 42.437ms
[2020-01-29T21:38:37.258+0300][173.792s][info ][gc] GC(5837) Pause Cleanup 119M->119M(256M) 0.043ms
[2020-01-29T21:38:37.258+0300][173.793s][info ][gc] GC(5837) Concurrent Cycle 96.273ms
[2020-01-29T21:38:37.321+0300][173.857s][info ][gc] GC(5840) Pause Young (Concurrent Start) (G1 Humongous Allocation) 152M->153M(256M) 40.801ms
[2020-01-29T21:38:37.322+0300][173.857s][info ][gc] GC(5841) Concurrent Cycle
[2020-01-29T21:38:37.363+0300][173.899s][info ][gc] GC(5842) Pause Young (Normal) (G1 Evacuation Pause) 196M->197M(256M) 18.894ms
[2020-01-29T21:38:37.368+0300][173.903s][debug][gc] GC(5841) Reclaimed 100 empty regions
[2020-01-29T21:38:37.368+0300][173.904s][info ][gc] GC(5841) Pause Remark 207M->107M(256M) 0.806ms
[2020-01-29T21:38:37.377+0300][173.912s][info ][gc] GC(5843) Pause Young (Normal) (G1 Evacuation Pause) 107M->108M(256M) 8.450ms
[2020-01-29T21:38:37.418+0300][173.954s][info ][gc] GC(5844) Pause Young (Normal) (G1 Evacuation Pause) 145M->146M(256M) 26.495ms
[2020-01-29T21:38:37.460+0300][173.995s][info ][gc] GC(5845) Pause Young (Normal) (G1 Evacuation Pause) 171M->171M(256M) 31.578ms
[2020-01-29T21:38:37.498+0300][174.033s][info ][gc] GC(5846) Pause Young (Normal) (G1 Evacuation Pause) 189M->191M(256M) 30.599ms
[2020-01-29T21:38:37.543+0300][174.078s][info ][gc] GC(5847) Pause Young (Normal) (G1 Evacuation Pause) 222M->223M(256M) 28.037ms
[2020-01-29T21:38:37.572+0300][174.108s][info ][gc] GC(5848) Pause Young (Normal) (G1 Evacuation Pause) 233M->234M(256M) 25.644ms
[2020-01-29T21:38:37.605+0300][174.141s][info ][gc] GC(5849) To-space exhausted
[2020-01-29T21:38:37.605+0300][174.141s][info ][gc] GC(5849) Pause Young (Normal) (G1 Evacuation Pause) 244M->245M(256M) 27.890ms
[2020-01-29T21:38:37.650+0300][174.186s][info ][gc] GC(5850) To-space exhausted
[2020-01-29T21:38:37.650+0300][174.186s][info ][gc] GC(5850) Pause Young (Normal) (G1 Evacuation Pause) 255M->255M(256M) 40.774ms
[2020-01-29T21:38:37.650+0300][174.186s][debug][gc] GC(5851) Clear Next Bitmap 0.058ms
[2020-01-29T21:38:37.682+0300][174.217s][info ][gc] GC(5851) Pause Full (G1 Evacuation Pause) 255M->61M(256M) 31.197ms
[2020-01-29T21:38:37.682+0300][174.217s][info ][gc] GC(5841) Concurrent Cycle 360.228ms
[2020-01-29T21:38:37.731+0300][174.266s][info ][gc] GC(5852) Pause Young (Normal) (G1 Evacuation Pause) 113M->113M(256M) 28.554ms
[2020-01-29T21:38:37.769+0300][174.304s][info ][gc] GC(5853) Pause Young (Concurrent Start) (G1 Humongous Allocation) 137M->138M(256M) 17.127ms
[2020-01-29T21:38:37.769+0300][174.304s][info ][gc] GC(5854) Concurrent Cycle
[2020-01-29T21:38:37.805+0300][174.340s][info ][gc] GC(5855) Pause Young (Normal) (G1 Evacuation Pause) 185M->185M(256M) 19.835ms
[2020-01-29T21:38:37.810+0300][174.345s][debug][gc] GC(5854) Reclaimed 104 empty regions
[2020-01-29T21:38:37.810+0300][174.345s][info ][gc] GC(5854) Pause Remark 196M->95M(256M) 0.640ms
[2020-01-29T21:38:37.820+0300][174.355s][info ][gc] GC(5856) Pause Young (Normal) (G1 Evacuation Pause) 96M->97M(256M) 9.714ms
[2020-01-29T21:38:37.866+0300][174.401s][info ][gc] GC(5857) Pause Young (Normal) (G1 Evacuation Pause) 138M->139M(256M) 29.382ms
[2020-01-29T21:38:37.913+0300][174.447s][info ][gc] GC(5858) Pause Young (Normal) (G1 Evacuation Pause) 167M->167M(256M) 35.520ms
[2020-01-29T21:38:37.967+0300][174.504s][info ][gc] GC(5859) Pause Young (Normal) (G1 Evacuation Pause) 206M->207M(256M) 36.651ms
[2020-01-29T21:38:38.003+0300][174.538s][info ][gc] GC(5860) Pause Young (Normal) (G1 Evacuation Pause) 216M->217M(256M) 29.563ms
[2020-01-29T21:38:38.039+0300][174.574s][info ][gc] GC(5861) Pause Young (Normal) (G1 Evacuation Pause) 227M->228M(256M) 30.674ms
[2020-01-29T21:38:38.040+0300][174.575s][info ][gc] GC(5854) Pause Cleanup 228M->228M(256M) 0.049ms
[2020-01-29T21:38:38.040+0300][174.575s][info ][gc] GC(5854) Concurrent Cycle 271.166ms
[2020-01-29T21:38:38.071+0300][174.606s][info ][gc] GC(5862) Pause Young (Normal) (G1 Evacuation Pause) 238M->239M(256M) 27.765ms
[2020-01-29T21:38:38.090+0300][174.626s][info ][gc] GC(5863) To-space exhausted
[2020-01-29T21:38:38.090+0300][174.626s][info ][gc] GC(5863) Pause Young (Concurrent Start) (G1 Evacuation Pause) 249M->251M(256M) 15.700ms
[2020-01-29T21:38:38.090+0300][174.626s][info ][gc] GC(5864) Concurrent Cycle
[2020-01-29T21:38:38.107+0300][174.643s][info ][gc] GC(5865) To-space exhausted
[2020-01-29T21:38:38.107+0300][174.643s][info ][gc] GC(5865) Pause Young (Normal) (G1 Evacuation Pause) 255M->255M(256M) 13.232ms
[2020-01-29T21:38:38.107+0300][174.643s][debug][gc] GC(5866) Clear Next Bitmap 0.067ms
[2020-01-29T21:38:38.147+0300][174.683s][info ][gc] GC(5866) Pause Full (G1 Evacuation Pause) 255M->77M(256M) 39.906ms
[2020-01-29T21:38:38.148+0300][174.683s][info ][gc] GC(5864) Concurrent Cycle 56.992ms
[2020-01-29T21:38:38.200+0300][174.735s][info ][gc] GC(5867) Pause Young (Normal) (G1 Evacuation Pause) 125M->124M(256M) 33.234ms
[2020-01-29T21:38:38.226+0300][174.762s][info ][gc] GC(5868) Pause Young (Concurrent Start) (G1 Humongous Allocation) 137M->137M(256M) 10.756ms
[2020-01-29T21:38:38.226+0300][174.762s][info ][gc] GC(5869) Concurrent Cycle
[2020-01-29T21:38:38.259+0300][174.794s][info ][gc] GC(5870) Pause Young (Normal) (G1 Evacuation Pause) 185M->186M(256M) 19.818ms
[2020-01-29T21:38:38.261+0300][174.797s][debug][gc] GC(5869) Reclaimed 115 empty regions
[2020-01-29T21:38:38.261+0300][174.797s][info ][gc] GC(5869) Pause Remark 188M->75M(256M) 0.646ms
[2020-01-29T21:38:38.275+0300][174.810s][info ][gc] GC(5871) Pause Young (Normal) (G1 Evacuation Pause) 85M->86M(256M) 9.788ms
[2020-01-29T21:38:38.326+0300][174.861s][info ][gc] GC(5872) Pause Young (Normal) (G1 Evacuation Pause) 130M->131M(256M) 32.991ms
[2020-01-29T21:38:38.379+0300][174.914s][info ][gc] GC(5873) Pause Young (Normal) (G1 Evacuation Pause) 161M->162M(256M) 37.920ms
[2020-01-29T21:38:38.391+0300][174.925s][info ][gc] GC(5869) Pause Cleanup 163M->163M(256M) 0.039ms
[2020-01-29T21:38:38.391+0300][174.926s][info ][gc] GC(5869) Concurrent Cycle 164.017ms
[2020-01-29T21:38:38.429+0300][174.964s][info ][gc] GC(5874) Pause Young (Normal) (G1 Evacuation Pause) 202M->203M(256M) 30.051ms
[2020-01-29T21:38:38.440+0300][174.975s][info ][gc] GC(5875) Pause Young (Concurrent Start) (G1 Evacuation Pause) 211M->212M(256M) 7.613ms
[2020-01-29T21:38:38.440+0300][174.975s][info ][gc] GC(5876) Concurrent Cycle
[2020-01-29T21:38:38.454+0300][174.989s][info ][gc] GC(5877) Pause Young (Normal) (G1 Evacuation Pause) 222M->223M(256M) 8.029ms
[2020-01-29T21:38:38.466+0300][175.002s][info ][gc] GC(5878) Pause Young (Normal) (G1 Evacuation Pause) 233M->235M(256M) 7.923ms
[2020-01-29T21:38:38.481+0300][175.016s][info ][gc] GC(5879) To-space exhausted
[2020-01-29T21:38:38.481+0300][175.016s][info ][gc] GC(5879) Pause Young (Normal) (G1 Evacuation Pause) 245M->248M(256M) 10.135ms
[2020-01-29T21:38:38.503+0300][175.038s][info ][gc] GC(5880) To-space exhausted
[2020-01-29T21:38:38.503+0300][175.038s][info ][gc] GC(5880) Pause Young (Normal) (G1 Evacuation Pause) 255M->255M(256M) 18.953ms
[2020-01-29T21:38:38.503+0300][175.038s][debug][gc] GC(5881) Clear Next Bitmap 0.084ms
[2020-01-29T21:38:38.558+0300][175.093s][info ][gc] GC(5881) Pause Full (G1 Evacuation Pause) 255M->85M(256M) 54.998ms
[2020-01-29T21:38:38.558+0300][175.094s][info ][gc] GC(5876) Concurrent Cycle 118.517ms
[2020-01-29T21:38:38.601+0300][175.136s][info ][gc] GC(5882) Pause Young (Normal) (G1 Evacuation Pause) 130M->131M(256M) 24.957ms
[2020-01-29T21:38:38.621+0300][175.156s][info ][gc] GC(5883) Pause Young (Concurrent Start) (G1 Humongous Allocation) 137M->137M(256M) 6.838ms
[2020-01-29T21:38:38.621+0300][175.156s][info ][gc] GC(5884) Concurrent Cycle
[2020-01-29T21:38:38.632+0300][175.166s][debug][gc] GC(5884) Reclaimed 122 empty regions
[2020-01-29T21:38:38.632+0300][175.166s][info ][gc] GC(5884) Pause Remark 180M->60M(256M) 0.635ms
[2020-01-29T21:38:38.650+0300][175.186s][info ][gc] GC(5885) Pause Young (Normal) (G1 Evacuation Pause) 65M->61M(256M) 17.596ms
[2020-01-29T21:38:38.668+0300][175.204s][info ][gc] GC(5884) Pause Cleanup 105M->105M(256M) 0.037ms
[2020-01-29T21:38:38.668+0300][175.204s][info ][gc] GC(5884) Concurrent Cycle 48.209ms
[2020-01-29T21:38:38.713+0300][175.248s][info ][gc] GC(5886) Pause Young (Normal) (G1 Evacuation Pause) 114M->115M(256M) 40.678ms
[2020-01-29T21:38:38.761+0300][175.296s][info ][gc] GC(5887) Pause Young (Concurrent Start) (G1 Humongous Allocation) 149M->150M(256M) 23.393ms
[2020-01-29T21:38:38.761+0300][175.296s][info ][gc] GC(5888) Concurrent Cycle
[2020-01-29T21:38:38.802+0300][175.337s][info ][gc] GC(5889) Pause Young (Normal) (G1 Evacuation Pause) 194M->195M(256M) 18.463ms
[2020-01-29T21:38:38.806+0300][175.341s][debug][gc] GC(5888) Reclaimed 103 empty regions
[2020-01-29T21:38:38.806+0300][175.341s][info ][gc] GC(5888) Pause Remark 204M->101M(256M) 0.623ms
[2020-01-29T21:38:38.815+0300][175.350s][info ][gc] GC(5890) Pause Young (Normal) (G1 Evacuation Pause) 102M->103M(256M) 8.696ms
[2020-01-29T21:38:38.857+0300][175.393s][info ][gc] GC(5891) Pause Young (Normal) (G1 Evacuation Pause) 142M->143M(256M) 26.446ms
[2020-01-29T21:38:38.901+0300][175.437s][info ][gc] GC(5892) Pause Young (Normal) (G1 Evacuation Pause) 169M->170M(256M) 33.040ms
[2020-01-29T21:38:38.953+0300][175.489s][info ][gc] GC(5893) Pause Young (Normal) (G1 Evacuation Pause) 208M->209M(256M) 32.659ms
[2020-01-29T21:38:38.983+0300][175.519s][info ][gc] GC(5894) Pause Young (Normal) (G1 Evacuation Pause) 218M->218M(256M) 25.590ms
[2020-01-29T21:38:39.014+0300][175.549s][info ][gc] GC(5895) Pause Young (Normal) (G1 Evacuation Pause) 228M->229M(256M) 26.269ms
[2020-01-29T21:38:39.046+0300][175.581s][info ][gc] GC(5896) Pause Young (Normal) (G1 Evacuation Pause) 239M->240M(256M) 28.011ms
[2020-01-29T21:38:39.086+0300][175.621s][info ][gc] GC(5897) To-space exhausted
[2020-01-29T21:38:39.086+0300][175.621s][info ][gc] GC(5897) Pause Young (Normal) (G1 Evacuation Pause) 250M->253M(256M) 35.316ms
[2020-01-29T21:38:39.116+0300][175.651s][info ][gc] GC(5898) To-space exhausted
[2020-01-29T21:38:39.116+0300][175.651s][info ][gc] GC(5898) Pause Young (Normal) (G1 Evacuation Pause) 255M->255M(256M) 29.168ms
[2020-01-29T21:38:39.117+0300][175.651s][debug][gc] GC(5899) Clear Next Bitmap 0.078ms
[2020-01-29T21:38:39.152+0300][175.687s][info ][gc] GC(5899) Pause Full (G1 Evacuation Pause) 255M->65M(256M) 35.668ms
[2020-01-29T21:38:39.152+0300][175.687s][info ][gc] GC(5888) Concurrent Cycle 391.366ms
[2020-01-29T21:38:39.201+0300][175.737s][info ][gc] GC(5900) Pause Young (Normal) (G1 Evacuation Pause) 116M->115M(256M) 27.355ms
[2020-01-29T21:38:39.237+0300][175.773s][info ][gc] GC(5901) Pause Young (Concurrent Start) (G1 Humongous Allocation) 137M->137M(256M) 16.271ms
[2020-01-29T21:38:39.237+0300][175.773s][info ][gc] GC(5902) Concurrent Cycle
[2020-01-29T21:38:39.273+0300][175.808s][info ][gc] GC(5903) Pause Young (Normal) (G1 Evacuation Pause) 185M->186M(256M) 20.359ms
[2020-01-29T21:38:39.277+0300][175.813s][debug][gc] GC(5902) Reclaimed 105 empty regions
[2020-01-29T21:38:39.277+0300][175.813s][info ][gc] GC(5902) Pause Remark 195M->92M(256M) 0.626ms
[2020-01-29T21:38:39.290+0300][175.826s][info ][gc] GC(5904) Pause Young (Normal) (G1 Evacuation Pause) 95M->96M(256M) 11.304ms
[2020-01-29T21:38:39.337+0300][175.872s][info ][gc] GC(5905) Pause Young (Normal) (G1 Evacuation Pause) 137M->138M(256M) 30.381ms
[2020-01-29T21:38:39.384+0300][175.920s][info ][gc] GC(5906) Pause Young (Normal) (G1 Evacuation Pause) 166M->167M(256M) 35.640ms
[2020-01-29T21:38:39.437+0300][175.972s][info ][gc] GC(5907) Pause Young (Normal) (G1 Evacuation Pause) 206M->206M(256M) 31.804ms
[2020-01-29T21:38:39.467+0300][176.002s][info ][gc] GC(5908) Pause Young (Normal) (G1 Evacuation Pause) 215M->216M(256M) 25.284ms
[2020-01-29T21:38:39.471+0300][176.006s][info ][gc] GC(5902) Pause Cleanup 222M->222M(256M) 0.056ms
[2020-01-29T21:38:39.471+0300][176.006s][info ][gc] GC(5902) Concurrent Cycle 233.169ms
[2020-01-29T21:38:39.496+0300][176.031s][info ][gc] GC(5909) Pause Young (Normal) (G1 Evacuation Pause) 226M->227M(256M) 24.032ms
[2020-01-29T21:38:39.509+0300][176.044s][info ][gc] GC(5910) Pause Young (Concurrent Start) (G1 Evacuation Pause) 237M->238M(256M) 8.249ms
[2020-01-29T21:38:39.509+0300][176.044s][info ][gc] GC(5911) Concurrent Cycle
[2020-01-29T21:38:39.528+0300][176.063s][info ][gc] GC(5912) To-space exhausted
[2020-01-29T21:38:39.528+0300][176.063s][info ][gc] GC(5912) Pause Young (Normal) (G1 Evacuation Pause) 248M->250M(256M) 13.053ms
[2020-01-29T21:38:39.544+0300][176.079s][info ][gc] GC(5913) To-space exhausted
[2020-01-29T21:38:39.544+0300][176.079s][info ][gc] GC(5913) Pause Young (Normal) (G1 Evacuation Pause) 255M->255M(256M) 13.534ms
[2020-01-29T21:38:39.544+0300][176.079s][debug][gc] GC(5914) Clear Next Bitmap 0.083ms
[2020-01-29T21:38:39.589+0300][176.125s][info ][gc] GC(5914) Pause Full (G1 Evacuation Pause) 255M->79M(256M) 45.976ms
[2020-01-29T21:38:39.589+0300][176.125s][info ][gc] GC(5911) Concurrent Cycle 81.438ms
[2020-01-29T21:38:39.634+0300][176.169s][info ][gc] GC(5915) Pause Young (Normal) (G1 Evacuation Pause) 126M->126M(256M) 25.765ms
[2020-01-29T21:38:39.659+0300][176.194s][info ][gc] GC(5916) Pause Young (Concurrent Start) (G1 Humongous Allocation) 136M->137M(256M) 10.297ms
[2020-01-29T21:38:39.659+0300][176.194s][info ][gc] GC(5917) Concurrent Cycle
[2020-01-29T21:38:39.672+0300][176.208s][debug][gc] GC(5917) Reclaimed 117 empty regions
[2020-01-29T21:38:39.672+0300][176.208s][info ][gc] GC(5917) Pause Remark 185M->70M(256M) 0.638ms
[2020-01-29T21:38:39.690+0300][176.226s][info ][gc] GC(5918) Pause Young (Normal) (G1 Evacuation Pause) 70M->66M(256M) 17.775ms
[2020-01-29T21:38:39.754+0300][176.289s][info ][gc] GC(5919) Pause Young (Normal) (G1 Evacuation Pause) 117M->118M(256M) 41.963ms
[2020-01-29T21:38:39.756+0300][176.292s][info ][gc] GC(5917) Pause Cleanup 125M->125M(256M) 0.038ms
[2020-01-29T21:38:39.757+0300][176.292s][info ][gc] GC(5917) Concurrent Cycle 97.365ms
[2020-01-29T21:38:39.810+0300][176.345s][info ][gc] GC(5920) Pause Young (Normal) (G1 Evacuation Pause) 152M->153M(256M) 42.402ms
[2020-01-29T21:38:39.826+0300][176.361s][info ][gc] GC(5921) Pause Young (Concurrent Start) (G1 Humongous Allocation) 155M->155M(256M) 5.342ms
[2020-01-29T21:38:39.826+0300][176.361s][info ][gc] GC(5922) Concurrent Cycle
[2020-01-29T21:38:39.834+0300][176.370s][debug][gc] GC(5922) Reclaimed 142 empty regions
[2020-01-29T21:38:39.835+0300][176.370s][info ][gc] GC(5922) Pause Remark 193M->51M(256M) 0.632ms
[2020-01-29T21:38:39.852+0300][176.387s][info ][gc] GC(5923) Pause Young (Normal) (G1 Evacuation Pause) 56M->56M(256M) 15.071ms
[2020-01-29T21:38:39.868+0300][176.403s][info ][gc] GC(5922) Pause Cleanup 96M->96M(256M) 0.036ms
[2020-01-29T21:38:39.868+0300][176.403s][info ][gc] GC(5922) Concurrent Cycle 41.780ms
[2020-01-29T21:38:39.913+0300][176.447s][info ][gc] GC(5924) Pause Young (Normal) (G1 Evacuation Pause) 110M->110M(256M) 38.771ms
[2020-01-29T21:38:39.952+0300][176.487s][info ][gc] GC(5925) Pause Young (Concurrent Start) (G1 Evacuation Pause) 147M->148M(256M) 25.163ms
[2020-01-29T21:38:39.952+0300][176.487s][info ][gc] GC(5926) Concurrent Cycle
[2020-01-29T21:38:39.994+0300][176.530s][info ][gc] GC(5927) Pause Young (Normal) (G1 Evacuation Pause) 193M->194M(256M) 18.750ms
[2020-01-29T21:38:40.007+0300][176.543s][info ][gc] GC(5928) Pause Young (Normal) (G1 Evacuation Pause) 204M->205M(256M) 8.894ms
[2020-01-29T21:38:40.020+0300][176.555s][info ][gc] GC(5929) Pause Young (Normal) (G1 Evacuation Pause) 215M->216M(256M) 8.022ms
[2020-01-29T21:38:40.032+0300][176.567s][info ][gc] GC(5930) Pause Young (Normal) (G1 Evacuation Pause) 226M->226M(256M) 7.680ms
[2020-01-29T21:38:40.044+0300][176.579s][info ][gc] GC(5931) Pause Young (Normal) (G1 Evacuation Pause) 236M->237M(256M) 7.787ms
[2020-01-29T21:38:40.061+0300][176.596s][info ][gc] GC(5932) To-space exhausted
[2020-01-29T21:38:40.061+0300][176.596s][info ][gc] GC(5932) Pause Young (Normal) (G1 Evacuation Pause) 247M->250M(256M) 12.830ms
[2020-01-29T21:38:40.077+0300][176.612s][info ][gc] GC(5933) To-space exhausted
[2020-01-29T21:38:40.077+0300][176.612s][info ][gc] GC(5933) Pause Young (Normal) (G1 Evacuation Pause) 255M->255M(256M) 13.826ms
[2020-01-29T21:38:40.077+0300][176.612s][debug][gc] GC(5934) Clear Next Bitmap 0.075ms
[2020-01-29T21:38:40.131+0300][176.666s][info ][gc] GC(5934) Pause Full (G1 Evacuation Pause) 255M->100M(256M) 54.163ms
[2020-01-29T21:38:40.131+0300][176.666s][info ][gc] GC(5926) Concurrent Cycle 179.076ms
[2020-01-29T21:38:40.177+0300][176.713s][info ][gc] GC(5935) Pause Young (Concurrent Start) (G1 Humongous Allocation) 137M->136M(256M) 20.774ms
[2020-01-29T21:38:40.177+0300][176.713s][info ][gc] GC(5936) Concurrent Cycle
[2020-01-29T21:38:40.217+0300][176.752s][info ][gc] GC(5937) Pause Young (Normal) (G1 Evacuation Pause) 185M->186M(256M) 20.670ms
[2020-01-29T21:38:40.222+0300][176.757s][debug][gc] GC(5936) Reclaimed 98 empty regions
[2020-01-29T21:38:40.222+0300][176.757s][info ][gc] GC(5936) Pause Remark 196M->99M(256M) 0.641ms
[2020-01-29T21:38:40.234+0300][176.769s][info ][gc] GC(5938) Pause Young (Normal) (G1 Evacuation Pause) 102M->104M(256M) 10.713ms
[2020-01-29T21:38:40.278+0300][176.813s][info ][gc] GC(5939) Pause Young (Normal) (G1 Evacuation Pause) 143M->144M(256M) 28.626ms
[2020-01-29T21:38:40.322+0300][176.857s][info ][gc] GC(5940) Pause Young (Normal) (G1 Evacuation Pause) 170M->171M(256M) 33.471ms
[2020-01-29T21:38:40.374+0300][176.910s][info ][gc] GC(5941) Pause Young (Normal) (G1 Evacuation Pause) 209M->210M(256M) 31.553ms
[2020-01-29T21:38:40.405+0300][176.940s][info ][gc] GC(5942) Pause Young (Normal) (G1 Evacuation Pause) 219M->221M(256M) 26.051ms
[2020-01-29T21:38:40.436+0300][176.972s][info ][gc] GC(5943) Pause Young (Normal) (G1 Evacuation Pause) 231M->232M(256M) 26.694ms
[2020-01-29T21:38:40.439+0300][176.975s][info ][gc] GC(5936) Pause Cleanup 237M->237M(256M) 0.055ms
[2020-01-29T21:38:40.439+0300][176.975s][info ][gc] GC(5936) Concurrent Cycle 262.190ms
[2020-01-29T21:38:40.466+0300][177.001s][info ][gc] GC(5944) Pause Young (Normal) (G1 Evacuation Pause) 242M->243M(256M) 24.609ms
[2020-01-29T21:38:40.491+0300][177.027s][info ][gc] GC(5945) To-space exhausted
[2020-01-29T21:38:40.491+0300][177.027s][info ][gc] GC(5945) Pause Young (Concurrent Start) (G1 Evacuation Pause) 253M->255M(256M) 21.051ms
[2020-01-29T21:38:40.491+0300][177.027s][info ][gc] GC(5947) Concurrent Cycle
[2020-01-29T21:38:40.492+0300][177.027s][debug][gc] GC(5946) Clear Next Bitmap 0.079ms
[2020-01-29T21:38:40.529+0300][177.064s][info ][gc] GC(5946) Pause Full (G1 Evacuation Pause) 255M->71M(256M) 37.605ms
[2020-01-29T21:38:40.529+0300][177.065s][info ][gc] GC(5947) Concurrent Cycle 37.938ms
[2020-01-29T21:38:40.577+0300][177.112s][info ][gc] GC(5948) Pause Young (Normal) (G1 Evacuation Pause) 120M->120M(256M) 28.387ms
[2020-01-29T21:38:40.608+0300][177.143s][info ][gc] GC(5949) Pause Young (Concurrent Start) (G1 Humongous Allocation) 137M->138M(256M) 13.706ms
[2020-01-29T21:38:40.608+0300][177.143s][info ][gc] GC(5950) Concurrent Cycle
[2020-01-29T21:38:40.641+0300][177.176s][info ][gc] GC(5951) Pause Young (Normal) (G1 Evacuation Pause) 185M->186M(256M) 19.376ms
[2020-01-29T21:38:40.645+0300][177.180s][debug][gc] GC(5950) Reclaimed 110 empty regions
[2020-01-29T21:38:40.645+0300][177.180s][info ][gc] GC(5950) Pause Remark 195M->88M(256M) 0.632ms
[2020-01-29T21:38:40.656+0300][177.191s][info ][gc] GC(5952) Pause Young (Normal) (G1 Evacuation Pause) 90M->91M(256M) 9.286ms
[2020-01-29T21:38:40.704+0300][177.238s][info ][gc] GC(5953) Pause Young (Normal) (G1 Evacuation Pause) 134M->135M(256M) 30.264ms
[2020-01-29T21:38:40.754+0300][177.290s][info ][gc] GC(5954) Pause Young (Normal) (G1 Evacuation Pause) 164M->165M(256M) 40.005ms
[2020-01-29T21:38:40.810+0300][177.346s][info ][gc] GC(5955) Pause Young (Normal) (G1 Evacuation Pause) 205M->206M(256M) 36.141ms
[2020-01-29T21:38:40.847+0300][177.382s][info ][gc] GC(5956) Pause Young (Normal) (G1 Evacuation Pause) 214M->215M(256M) 32.905ms
[2020-01-29T21:38:40.848+0300][177.384s][info ][gc] GC(5950) Pause Cleanup 216M->216M(256M) 0.049ms
[2020-01-29T21:38:40.848+0300][177.384s][info ][gc] GC(5950) Concurrent Cycle 240.429ms
[2020-01-29T21:38:40.879+0300][177.414s][info ][gc] GC(5957) Pause Young (Normal) (G1 Evacuation Pause) 225M->226M(256M) 26.871ms
[2020-01-29T21:38:40.892+0300][177.427s][info ][gc] GC(5958) Pause Young (Concurrent Start) (G1 Evacuation Pause) 236M->237M(256M) 8.346ms
[2020-01-29T21:38:40.892+0300][177.427s][info ][gc] GC(5959) Concurrent Cycle
[2020-01-29T21:38:40.910+0300][177.445s][info ][gc] GC(5960) To-space exhausted
[2020-01-29T21:38:40.910+0300][177.445s][info ][gc] GC(5960) Pause Young (Normal) (G1 Evacuation Pause) 247M->250M(256M) 11.896ms
[2020-01-29T21:38:40.929+0300][177.464s][info ][gc] GC(5961) To-space exhausted
[2020-01-29T21:38:40.929+0300][177.464s][info ][gc] GC(5961) Pause Young (Normal) (G1 Evacuation Pause) 255M->255M(256M) 16.237ms
[2020-01-29T21:38:40.929+0300][177.464s][debug][gc] GC(5962) Clear Next Bitmap 0.077ms
[2020-01-29T21:38:40.974+0300][177.509s][info ][gc] GC(5962) Pause Full (G1 Evacuation Pause) 255M->80M(256M) 45.614ms
[2020-01-29T21:38:40.975+0300][177.510s][info ][gc] GC(5959) Concurrent Cycle 82.758ms
[2020-01-29T21:38:41.018+0300][177.553s][info ][gc] GC(5963) Pause Young (Normal) (G1 Evacuation Pause) 126M->126M(256M) 25.553ms
[2020-01-29T21:38:41.043+0300][177.578s][info ][gc] GC(5964) Pause Young (Concurrent Start) (G1 Humongous Allocation) 136M->137M(256M) 10.209ms
[2020-01-29T21:38:41.043+0300][177.578s][info ][gc] GC(5965) Concurrent Cycle
[2020-01-29T21:38:41.075+0300][177.610s][info ][gc] GC(5966) Pause Young (Normal) (G1 Evacuation Pause) 185M->186M(256M) 19.718ms
[2020-01-29T21:38:41.076+0300][177.610s][debug][gc] GC(5965) Reclaimed 118 empty regions
[2020-01-29T21:38:41.076+0300][177.610s][info ][gc] GC(5965) Pause Remark 187M->71M(256M) 0.690ms
[2020-01-29T21:38:41.090+0300][177.626s][info ][gc] GC(5967) Pause Young (Normal) (G1 Evacuation Pause) 82M->83M(256M) 10.034ms
[2020-01-29T21:38:41.141+0300][177.677s][info ][gc] GC(5968) Pause Young (Normal) (G1 Evacuation Pause) 128M->129M(256M) 33.769ms
[2020-01-29T21:38:41.165+0300][177.701s][info ][gc] GC(5965) Pause Cleanup 180M->180M(256M) 0.043ms
[2020-01-29T21:38:41.166+0300][177.701s][info ][gc] GC(5965) Concurrent Cycle 123.363ms
[2020-01-29T21:38:41.203+0300][177.739s][info ][gc] GC(5969) Pause Young (Normal) (G1 Evacuation Pause) 180M->180M(256M) 37.492ms
[2020-01-29T21:38:41.220+0300][177.756s][info ][gc] GC(5970) Pause Young (Concurrent Start) (G1 Evacuation Pause) 195M->196M(256M) 10.907ms
[2020-01-29T21:38:41.220+0300][177.756s][info ][gc] GC(5971) Concurrent Cycle
[2020-01-29T21:38:41.240+0300][177.775s][info ][gc] GC(5972) Pause Young (Normal) (G1 Evacuation Pause) 206M->207M(256M) 8.589ms
[2020-01-29T21:38:41.252+0300][177.787s][info ][gc] GC(5973) Pause Young (Normal) (G1 Evacuation Pause) 217M->218M(256M) 8.015ms
[2020-01-29T21:38:41.264+0300][177.799s][info ][gc] GC(5974) Pause Young (Normal) (G1 Evacuation Pause) 228M->229M(256M) 7.894ms
[2020-01-29T21:38:41.275+0300][177.811s][info ][gc] GC(5975) Pause Young (Normal) (G1 Evacuation Pause) 239M->240M(256M) 8.009ms
[2020-01-29T21:38:41.295+0300][177.831s][info ][gc] GC(5976) To-space exhausted
[2020-01-29T21:38:41.295+0300][177.831s][info ][gc] GC(5976) Pause Young (Normal) (G1 Evacuation Pause) 250M->252M(256M) 15.680ms
[2020-01-29T21:38:41.308+0300][177.844s][info ][gc] GC(5977) To-space exhausted
[2020-01-29T21:38:41.308+0300][177.844s][info ][gc] GC(5977) Pause Young (Normal) (G1 Evacuation Pause) 255M->255M(256M) 11.583ms
[2020-01-29T21:38:41.308+0300][177.844s][debug][gc] GC(5978) Clear Next Bitmap 0.076ms
[2020-01-29T21:38:41.358+0300][177.893s][info ][gc] GC(5978) Pause Full (G1 Evacuation Pause) 255M->90M(256M) 49.240ms
[2020-01-29T21:38:41.358+0300][177.893s][info ][gc] GC(5971) Concurrent Cycle 137.736ms
[2020-01-29T21:38:41.401+0300][177.936s][info ][gc] GC(5979) Pause Young (Normal) (G1 Evacuation Pause) 134M->134M(256M) 23.977ms
[2020-01-29T21:38:41.418+0300][177.953s][info ][gc] GC(5980) Pause Young (Concurrent Start) (G1 Humongous Allocation) 136M->137M(256M) 5.375ms
[2020-01-29T21:38:41.418+0300][177.953s][info ][gc] GC(5981) Concurrent Cycle
[2020-01-29T21:38:41.427+0300][177.962s][debug][gc] GC(5981) Reclaimed 125 empty regions
[2020-01-29T21:38:41.427+0300][177.962s][info ][gc] GC(5981) Pause Remark 176M->53M(256M) 0.642ms
[2020-01-29T21:38:41.448+0300][177.983s][info ][gc] GC(5982) Pause Young (Normal) (G1 Evacuation Pause) 62M->60M(256M) 17.563ms
[2020-01-29T21:38:41.461+0300][177.997s][info ][gc] GC(5981) Pause Cleanup 94M->94M(256M) 0.036ms
[2020-01-29T21:38:41.461+0300][177.997s][info ][gc] GC(5981) Concurrent Cycle 44.187ms
[2020-01-29T21:38:41.509+0300][178.044s][info ][gc] GC(5983) Pause Young (Normal) (G1 Evacuation Pause) 113M->114M(256M) 39.660ms
[2020-01-29T21:38:41.557+0300][178.092s][info ][gc] GC(5984) Pause Young (Concurrent Start) (G1 Humongous Allocation) 148M->148M(256M) 23.913ms
[2020-01-29T21:38:41.557+0300][178.092s][info ][gc] GC(5985) Concurrent Cycle
[2020-01-29T21:38:41.597+0300][178.133s][info ][gc] GC(5986) Pause Young (Normal) (G1 Evacuation Pause) 193M->195M(256M) 18.808ms
[2020-01-29T21:38:41.602+0300][178.137s][debug][gc] GC(5985) Reclaimed 101 empty regions
[2020-01-29T21:38:41.602+0300][178.137s][info ][gc] GC(5985) Pause Remark 205M->104M(256M) 0.639ms
[2020-01-29T21:38:41.612+0300][178.147s][info ][gc] GC(5987) Pause Young (Normal) (G1 Evacuation Pause) 104M->104M(256M) 9.408ms
[2020-01-29T21:38:41.655+0300][178.190s][info ][gc] GC(5988) Pause Young (Normal) (G1 Evacuation Pause) 143M->144M(256M) 27.109ms
[2020-01-29T21:38:41.698+0300][178.234s][info ][gc] GC(5989) Pause Young (Normal) (G1 Evacuation Pause) 170M->171M(256M) 32.778ms
[2020-01-29T21:38:41.752+0300][178.287s][info ][gc] GC(5990) Pause Young (Normal) (G1 Evacuation Pause) 209M->210M(256M) 33.715ms
[2020-01-29T21:38:41.782+0300][178.317s][info ][gc] GC(5991) Pause Young (Normal) (G1 Evacuation Pause) 219M->221M(256M) 26.221ms
[2020-01-29T21:38:41.816+0300][178.350s][info ][gc] GC(5992) Pause Young (Normal) (G1 Evacuation Pause) 231M->232M(256M) 27.296ms
[2020-01-29T21:38:41.849+0300][178.384s][info ][gc] GC(5993) Pause Young (Normal) (G1 Evacuation Pause) 242M->243M(256M) 28.690ms
[2020-01-29T21:38:41.893+0300][178.428s][info ][gc] GC(5994) To-space exhausted
[2020-01-29T21:38:41.893+0300][178.429s][info ][gc] GC(5994) Pause Young (Normal) (G1 Evacuation Pause) 253M->255M(256M) 40.378ms
[2020-01-29T21:38:41.894+0300][178.429s][debug][gc] GC(5995) Clear Next Bitmap 0.060ms
[2020-01-29T21:38:41.926+0300][178.461s][info ][gc] GC(5995) Pause Full (G1 Evacuation Pause) 255M->64M(256M) 32.200ms
[2020-01-29T21:38:41.926+0300][178.461s][info ][gc] GC(5985) Concurrent Cycle 369.036ms
[2020-01-29T21:38:41.973+0300][178.509s][info ][gc] GC(5996) Pause Young (Normal) (G1 Evacuation Pause) 115M->115M(256M) 27.547ms
[2020-01-29T21:38:42.009+0300][178.545s][info ][gc] GC(5997) Pause Young (Concurrent Start) (G1 Humongous Allocation) 137M->138M(256M) 16.718ms
[2020-01-29T21:38:42.009+0300][178.545s][info ][gc] GC(5998) Concurrent Cycle
[2020-01-29T21:38:42.044+0300][178.580s][info ][gc] GC(5999) Pause Young (Normal) (G1 Evacuation Pause) 185M->186M(256M) 19.804ms
[2020-01-29T21:38:42.049+0300][178.585s][debug][gc] GC(5998) Reclaimed 106 empty regions
[2020-01-29T21:38:42.049+0300][178.585s][info ][gc] GC(5998) Pause Remark 195M->92M(256M) 0.661ms
[2020-01-29T21:38:42.060+0300][178.596s][info ][gc] GC(6000) Pause Young (Normal) (G1 Evacuation Pause) 94M->95M(256M) 9.688ms
[2020-01-29T21:38:42.106+0300][178.642s][info ][gc] GC(6001) Pause Young (Normal) (G1 Evacuation Pause) 136M->137M(256M) 29.375ms
[2020-01-29T21:38:42.153+0300][178.688s][info ][gc] GC(6002) Pause Young (Normal) (G1 Evacuation Pause) 165M->166M(256M) 35.197ms
[2020-01-29T21:38:42.214+0300][178.749s][info ][gc] GC(6003) Pause Young (Normal) (G1 Evacuation Pause) 205M->205M(256M) 41.523ms
[2020-01-29T21:38:42.248+0300][178.783s][info ][gc] GC(6004) Pause Young (Normal) (G1 Evacuation Pause) 214M->215M(256M) 29.797ms
[2020-01-29T21:38:42.256+0300][178.792s][info ][gc] GC(5998) Pause Cleanup 216M->216M(256M) 0.046ms
[2020-01-29T21:38:42.257+0300][178.792s][info ][gc] GC(5998) Concurrent Cycle 247.486ms
[2020-01-29T21:38:42.286+0300][178.821s][info ][gc] GC(6005) Pause Young (Normal) (G1 Evacuation Pause) 225M->226M(256M) 24.570ms
[2020-01-29T21:38:42.299+0300][178.834s][info ][gc] GC(6006) Pause Young (Concurrent Start) (G1 Evacuation Pause) 236M->236M(256M) 8.421ms
[2020-01-29T21:38:42.299+0300][178.834s][info ][gc] GC(6007) Concurrent Cycle
[2020-01-29T21:38:42.318+0300][178.853s][info ][gc] GC(6008) To-space exhausted
[2020-01-29T21:38:42.318+0300][178.854s][info ][gc] GC(6008) Pause Young (Normal) (G1 Evacuation Pause) 246M->248M(256M) 12.853ms
[2020-01-29T21:38:42.340+0300][178.875s][info ][gc] GC(6009) To-space exhausted
[2020-01-29T21:38:42.340+0300][178.876s][info ][gc] GC(6009) Pause Young (Normal) (G1 Evacuation Pause) 255M->255M(256M) 18.683ms
[2020-01-29T21:38:42.340+0300][178.876s][debug][gc] GC(6010) Clear Next Bitmap 0.084ms
[2020-01-29T21:38:42.384+0300][178.919s][info ][gc] GC(6010) Pause Full (G1 Evacuation Pause) 255M->79M(256M) 43.394ms
[2020-01-29T21:38:42.384+0300][178.919s][info ][gc] GC(6007) Concurrent Cycle 84.909ms
[2020-01-29T21:38:42.428+0300][178.963s][info ][gc] GC(6011) Pause Young (Normal) (G1 Evacuation Pause) 126M->126M(256M) 25.863ms
[2020-01-29T21:38:42.453+0300][178.988s][info ][gc] GC(6012) Pause Young (Concurrent Start) (G1 Humongous Allocation) 136M->137M(256M) 10.150ms
[2020-01-29T21:38:42.453+0300][178.988s][info ][gc] GC(6013) Concurrent Cycle
[2020-01-29T21:38:42.488+0300][179.023s][info ][gc] GC(6014) Pause Young (Normal) (G1 Evacuation Pause) 185M->186M(256M) 22.419ms
[2020-01-29T21:38:42.489+0300][179.024s][debug][gc] GC(6013) Reclaimed 115 empty regions
[2020-01-29T21:38:42.489+0300][179.024s][info ][gc] GC(6013) Pause Remark 187M->72M(256M) 0.686ms
[2020-01-29T21:38:42.505+0300][179.040s][info ][gc] GC(6015) Pause Young (Normal) (G1 Evacuation Pause) 84M->85M(256M) 10.330ms
[2020-01-29T21:38:42.560+0300][179.095s][info ][gc] GC(6016) Pause Young (Normal) (G1 Evacuation Pause) 130M->131M(256M) 35.169ms
[2020-01-29T21:38:42.582+0300][179.117s][info ][gc] GC(6013) Pause Cleanup 160M->160M(256M) 0.039ms
[2020-01-29T21:38:42.582+0300][179.117s][info ][gc] GC(6013) Concurrent Cycle 128.820ms
[2020-01-29T21:38:42.618+0300][179.154s][info ][gc] GC(6017) Pause Young (Concurrent Start) (G1 Humongous Allocation) 160M->161M(256M) 33.480ms
[2020-01-29T21:38:42.618+0300][179.154s][info ][gc] GC(6018) Concurrent Cycle
[2020-01-29T21:38:42.653+0300][179.189s][info ][gc] GC(6019) Pause Young (Normal) (G1 Evacuation Pause) 202M->203M(256M) 16.050ms
[2020-01-29T21:38:42.664+0300][179.199s][info ][gc] GC(6020) Pause Young (Normal) (G1 Evacuation Pause) 211M->212M(256M) 7.256ms
[2020-01-29T21:38:42.665+0300][179.200s][debug][gc] GC(6018) Reclaimed 118 empty regions
[2020-01-29T21:38:42.665+0300][179.201s][info ][gc] GC(6018) Pause Remark 213M->95M(256M) 0.643ms
[2020-01-29T21:38:42.677+0300][179.212s][info ][gc] GC(6021) Pause Young (Normal) (G1 Evacuation Pause) 104M->104M(256M) 8.150ms
[2020-01-29T21:38:42.719+0300][179.254s][info ][gc] GC(6022) Pause Young (Normal) (G1 Evacuation Pause) 143M->144M(256M) 26.125ms
[2020-01-29T21:38:42.763+0300][179.299s][info ][gc] GC(6023) Pause Young (Normal) (G1 Evacuation Pause) 170M->171M(256M) 33.525ms
[2020-01-29T21:38:42.813+0300][179.348s][info ][gc] GC(6024) Pause Young (Normal) (G1 Evacuation Pause) 209M->210M(256M) 30.591ms
[2020-01-29T21:38:42.841+0300][179.376s][info ][gc] GC(6025) Pause Young (Normal) (G1 Evacuation Pause) 219M->220M(256M) 24.363ms
[2020-01-29T21:38:42.872+0300][179.407s][info ][gc] GC(6026) Pause Young (Normal) (G1 Evacuation Pause) 230M->232M(256M) 25.364ms
[2020-01-29T21:38:42.902+0300][179.437s][info ][gc] GC(6027) Pause Young (Normal) (G1 Evacuation Pause) 242M->243M(256M) 26.267ms
[2020-01-29T21:38:42.906+0300][179.441s][info ][gc] GC(6018) Pause Cleanup 252M->252M(256M) 0.055ms
[2020-01-29T21:38:42.906+0300][179.441s][info ][gc] GC(6018) Concurrent Cycle 287.409ms
[2020-01-29T21:38:42.943+0300][179.478s][info ][gc] GC(6028) To-space exhausted
[2020-01-29T21:38:42.943+0300][179.478s][info ][gc] GC(6028) Pause Young (Normal) (G1 Evacuation Pause) 253M->255M(256M) 35.961ms
[2020-01-29T21:38:42.979+0300][179.515s][info ][gc] GC(6029) Pause Full (G1 Evacuation Pause) 255M->67M(256M) 36.773ms
[2020-01-29T21:38:43.029+0300][179.565s][info ][gc] GC(6030) Pause Young (Concurrent Start) (G1 Evacuation Pause) 118M->119M(256M) 29.583ms
[2020-01-29T21:38:43.029+0300][179.565s][info ][gc] GC(6031) Concurrent Cycle
[2020-01-29T21:38:43.082+0300][179.617s][info ][gc] GC(6032) Pause Young (Normal) (G1 Evacuation Pause) 173M->174M(256M) 24.512ms
[2020-01-29T21:38:43.103+0300][179.638s][info ][gc] GC(6033) Pause Young (Normal) (G1 Evacuation Pause) 190M->191M(256M) 14.304ms
[2020-01-29T21:38:43.116+0300][179.651s][info ][gc] GC(6034) Pause Young (Normal) (G1 Evacuation Pause) 202M->203M(256M) 8.534ms
[2020-01-29T21:38:43.128+0300][179.663s][info ][gc] GC(6035) Pause Young (Normal) (G1 Evacuation Pause) 213M->213M(256M) 7.957ms
[2020-01-29T21:38:43.141+0300][179.675s][info ][gc] GC(6036) Pause Young (Normal) (G1 Evacuation Pause) 223M->224M(256M) 8.038ms
[2020-01-29T21:38:43.153+0300][179.687s][info ][gc] GC(6037) Pause Young (Normal) (G1 Evacuation Pause) 234M->235M(256M) 7.800ms
[2020-01-29T21:38:43.168+0300][179.704s][info ][gc] GC(6038) To-space exhausted
[2020-01-29T21:38:43.168+0300][179.704s][info ][gc] GC(6038) Pause Young (Normal) (G1 Evacuation Pause) 245M->247M(256M) 12.433ms
[2020-01-29T21:38:43.189+0300][179.724s][info ][gc] GC(6039) To-space exhausted
[2020-01-29T21:38:43.189+0300][179.725s][info ][gc] GC(6039) Pause Young (Normal) (G1 Evacuation Pause) 254M->254M(256M) 17.553ms
[2020-01-29T21:38:43.189+0300][179.725s][debug][gc] GC(6040) Clear Next Bitmap 0.068ms
[2020-01-29T21:38:43.252+0300][179.787s][info ][gc] GC(6040) Pause Full (G1 Evacuation Pause) 254M->111M(256M) 62.554ms
[2020-01-29T21:38:43.252+0300][179.787s][info ][gc] GC(6031) Concurrent Cycle 222.747ms
[2020-01-29T21:38:43.287+0300][179.823s][info ][gc] GC(6041) Pause Young (Concurrent Start) (G1 Humongous Allocation) 137M->136M(256M) 14.700ms
[2020-01-29T21:38:43.287+0300][179.823s][info ][gc] GC(6042) Concurrent Cycle
[2020-01-29T21:38:43.322+0300][179.858s][info ][gc] GC(6043) Pause Young (Normal) (G1 Evacuation Pause) 184M->186M(256M) 20.793ms
[2020-01-29T21:38:43.327+0300][179.863s][debug][gc] GC(6042) Reclaimed 100 empty regions
[2020-01-29T21:38:43.328+0300][179.863s][info ][gc] GC(6042) Pause Remark 191M->92M(256M) 0.904ms
[2020-01-29T21:38:43.342+0300][179.877s][info ][gc] GC(6044) Pause Young (Normal) (G1 Evacuation Pause) 98M->99M(256M) 11.219ms
[2020-01-29T21:38:43.388+0300][179.923s][info ][gc] GC(6045) Pause Young (Normal) (G1 Evacuation Pause) 140M->141M(256M) 29.724ms
[2020-01-29T21:38:43.435+0300][179.970s][info ][gc] GC(6046) Pause Young (Normal) (G1 Evacuation Pause) 168M->169M(256M) 35.096ms
[2020-01-29T21:38:43.490+0300][180.025s][info ][gc] GC(6047) Pause Young (Normal) (G1 Evacuation Pause) 207M->208M(256M) 36.036ms
[2020-01-29T21:38:43.493+0300][180.028s][info ][gc] GC(6042) Pause Cleanup 214M->214M(256M) 0.056ms
[2020-01-29T21:38:43.493+0300][180.028s][info ][gc] GC(6042) Concurrent Cycle 205.315ms
[2020-01-29T21:38:43.523+0300][180.058s][info ][gc] GC(6048) Pause Young (Normal) (G1 Evacuation Pause) 217M->218M(256M) 28.008ms
[2020-01-29T21:38:43.536+0300][180.072s][info ][gc] GC(6049) Pause Young (Concurrent Start) (G1 Evacuation Pause) 228M->229M(256M) 9.718ms
[2020-01-29T21:38:43.536+0300][180.072s][info ][gc] GC(6050) Concurrent Cycle
[2020-01-29T21:38:43.550+0300][180.085s][info ][gc] GC(6051) Pause Young (Normal) (G1 Evacuation Pause) 239M->240M(256M) 7.359ms
[2020-01-29T21:38:43.574+0300][180.109s][info ][gc] GC(6052) To-space exhausted
[2020-01-29T21:38:43.574+0300][180.109s][info ][gc] GC(6052) Pause Young (Normal) (G1 Evacuation Pause) 250M->254M(256M) 19.336ms
[2020-01-29T21:38:43.574+0300][180.109s][debug][gc] GC(6053) Clear Next Bitmap 0.079ms
[2020-01-29T21:38:43.615+0300][180.150s][info ][gc] GC(6053) Pause Full (G1 Evacuation Pause) 254M->72M(256M) 40.932ms
[2020-01-29T21:38:43.615+0300][180.150s][info ][gc] GC(6050) Concurrent Cycle 78.751ms
[2020-01-29T21:38:43.661+0300][180.197s][info ][gc] GC(6054) Pause Young (Normal) (G1 Evacuation Pause) 121M->121M(256M) 27.315ms
[2020-01-29T21:38:43.692+0300][180.227s][info ][gc] GC(6055) Pause Young (Concurrent Start) (G1 Humongous Allocation) 137M->138M(256M) 13.455ms
[2020-01-29T21:38:43.692+0300][180.227s][info ][gc] GC(6056) Concurrent Cycle
[2020-01-29T21:38:43.724+0300][180.259s][info ][gc] GC(6057) Pause Young (Normal) (G1 Evacuation Pause) 186M->187M(256M) 19.941ms
[2020-01-29T21:38:43.729+0300][180.264s][debug][gc] GC(6056) Reclaimed 110 empty regions
[2020-01-29T21:38:43.729+0300][180.264s][info ][gc] GC(6056) Pause Remark 197M->89M(256M) 0.760ms
[2020-01-29T21:38:43.741+0300][180.276s][info ][gc] GC(6058) Pause Young (Normal) (G1 Evacuation Pause) 90M->91M(256M) 10.503ms
[2020-01-29T21:38:43.788+0300][180.324s][info ][gc] GC(6059) Pause Young (Normal) (G1 Evacuation Pause) 134M->135M(256M) 31.141ms
[2020-01-29T21:38:43.839+0300][180.375s][info ][gc] GC(6060) Pause Young (Normal) (G1 Evacuation Pause) 164M->165M(256M) 38.144ms
[2020-01-29T21:38:43.892+0300][180.427s][info ][gc] GC(6061) Pause Young (Normal) (G1 Evacuation Pause) 205M->206M(256M) 32.529ms
[2020-01-29T21:38:43.895+0300][180.430s][info ][gc] GC(6056) Pause Cleanup 214M->214M(256M) 0.043ms
[2020-01-29T21:38:43.895+0300][180.430s][info ][gc] GC(6056) Concurrent Cycle 202.770ms
[2020-01-29T21:38:43.919+0300][180.455s][info ][gc] GC(6062) Pause Young (Normal) (G1 Evacuation Pause) 214M->215M(256M) 24.736ms
[2020-01-29T21:38:43.931+0300][180.467s][info ][gc] GC(6063) Pause Young (Concurrent Start) (G1 Evacuation Pause) 225M->226M(256M) 8.080ms
[2020-01-29T21:38:43.931+0300][180.467s][info ][gc] GC(6064) Concurrent Cycle
[2020-01-29T21:38:43.945+0300][180.481s][info ][gc] GC(6065) Pause Young (Normal) (G1 Evacuation Pause) 236M->237M(256M) 7.647ms
[2020-01-29T21:38:43.963+0300][180.498s][info ][gc] GC(6066) To-space exhausted
[2020-01-29T21:38:43.963+0300][180.498s][info ][gc] GC(6066) Pause Young (Normal) (G1 Evacuation Pause) 247M->250M(256M) 12.781ms
[2020-01-29T21:38:43.978+0300][180.514s][info ][gc] GC(6067) To-space exhausted
[2020-01-29T21:38:43.978+0300][180.514s][info ][gc] GC(6067) Pause Young (Normal) (G1 Evacuation Pause) 255M->255M(256M) 13.690ms
[2020-01-29T21:38:43.979+0300][180.514s][debug][gc] GC(6068) Clear Next Bitmap 0.079ms
[2020-01-29T21:38:44.023+0300][180.558s][info ][gc] GC(6068) Pause Full (G1 Evacuation Pause) 255M->81M(256M) 44.117ms
[2020-01-29T21:38:44.023+0300][180.559s][info ][gc] GC(6064) Concurrent Cycle 91.408ms
[2020-01-29T21:38:44.067+0300][180.602s][info ][gc] GC(6069) Pause Young (Normal) (G1 Evacuation Pause) 127M->128M(256M) 25.521ms
[2020-01-29T21:38:44.089+0300][180.624s][info ][gc] GC(6070) Pause Young (Concurrent Start) (G1 Humongous Allocation) 137M->137M(256M) 8.463ms
[2020-01-29T21:38:44.089+0300][180.624s][info ][gc] GC(6071) Concurrent Cycle
[2020-01-29T21:38:44.102+0300][180.637s][debug][gc] GC(6071) Reclaimed 116 empty regions
[2020-01-29T21:38:44.102+0300][180.637s][info ][gc] GC(6071) Pause Remark 185M->70M(256M) 0.930ms
[2020-01-29T21:38:44.120+0300][180.655s][info ][gc] GC(6072) Pause Young (Normal) (G1 Evacuation Pause) 70M->67M(256M) 17.550ms
[2020-01-29T21:38:44.181+0300][180.716s][info ][gc] GC(6073) Pause Young (Normal) (G1 Evacuation Pause) 118M->119M(256M) 41.166ms
[2020-01-29T21:38:44.184+0300][180.719s][info ][gc] GC(6071) Pause Cleanup 126M->126M(256M) 0.072ms
[2020-01-29T21:38:44.184+0300][180.719s][info ][gc] GC(6071) Concurrent Cycle 95.019ms
[2020-01-29T21:38:44.244+0300][180.778s][info ][gc] GC(6074) Pause Young (Normal) (G1 Evacuation Pause) 153M->154M(256M) 48.212ms
[2020-01-29T21:38:44.261+0300][180.796s][info ][gc] GC(6075) Pause Young (Concurrent Start) (G1 Humongous Allocation) 156M->157M(256M) 5.362ms
[2020-01-29T21:38:44.261+0300][180.796s][info ][gc] GC(6076) Concurrent Cycle
[2020-01-29T21:38:44.270+0300][180.805s][debug][gc] GC(6076) Reclaimed 141 empty regions
[2020-01-29T21:38:44.270+0300][180.805s][info ][gc] GC(6076) Pause Remark 197M->56M(256M) 0.646ms
[2020-01-29T21:38:44.286+0300][180.821s][info ][gc] GC(6077) Pause Young (Normal) (G1 Evacuation Pause) 58M->56M(256M) 14.681ms
[2020-01-29T21:38:44.302+0300][180.838s][info ][gc] GC(6076) Pause Cleanup 100M->100M(256M) 0.042ms
[2020-01-29T21:38:44.303+0300][180.838s][info ][gc] GC(6076) Concurrent Cycle 42.579ms
[2020-01-29T21:38:44.345+0300][180.881s][info ][gc] GC(6078) Pause Young (Normal) (G1 Evacuation Pause) 110M->111M(256M) 38.479ms
[2020-01-29T21:38:44.384+0300][180.920s][info ][gc] GC(6079) Pause Young (Concurrent Start) (G1 Evacuation Pause) 147M->148M(256M) 24.704ms
[2020-01-29T21:38:44.385+0300][180.920s][info ][gc] GC(6080) Concurrent Cycle
[2020-01-29T21:38:44.427+0300][180.962s][info ][gc] GC(6081) Pause Young (Normal) (G1 Evacuation Pause) 193M->194M(256M) 18.736ms
[2020-01-29T21:38:44.440+0300][180.975s][info ][gc] GC(6082) Pause Young (Normal) (G1 Evacuation Pause) 204M->205M(256M) 9.028ms
[2020-01-29T21:38:44.452+0300][180.987s][info ][gc] GC(6083) Pause Young (Normal) (G1 Evacuation Pause) 215M->216M(256M) 7.946ms
[2020-01-29T21:38:44.464+0300][180.999s][info ][gc] GC(6084) Pause Young (Normal) (G1 Evacuation Pause) 226M->227M(256M) 8.001ms
[2020-01-29T21:38:44.476+0300][181.012s][info ][gc] GC(6085) Pause Young (Normal) (G1 Evacuation Pause) 237M->237M(256M) 7.967ms
[2020-01-29T21:38:44.494+0300][181.029s][info ][gc] GC(6086) To-space exhausted
[2020-01-29T21:38:44.494+0300][181.029s][info ][gc] GC(6086) Pause Young (Normal) (G1 Evacuation Pause) 247M->250M(256M) 13.462ms
[2020-01-29T21:38:44.510+0300][181.045s][info ][gc] GC(6087) To-space exhausted
[2020-01-29T21:38:44.510+0300][181.045s][info ][gc] GC(6087) Pause Young (Normal) (G1 Evacuation Pause) 255M->255M(256M) 13.739ms
[2020-01-29T21:38:44.510+0300][181.045s][debug][gc] GC(6088) Clear Next Bitmap 0.069ms
[2020-01-29T21:38:44.564+0300][181.099s][info ][gc] GC(6088) Pause Full (G1 Evacuation Pause) 255M->98M(256M) 54.026ms
[2020-01-29T21:38:44.564+0300][181.099s][info ][gc] GC(6080) Concurrent Cycle 179.328ms
[2020-01-29T21:38:44.611+0300][181.146s][info ][gc] GC(6089) Pause Young (Concurrent Start) (G1 Humongous Allocation) 136M->136M(256M) 21.173ms
[2020-01-29T21:38:44.611+0300][181.146s][info ][gc] GC(6090) Concurrent Cycle
[2020-01-29T21:38:44.652+0300][181.187s][info ][gc] GC(6091) Pause Young (Normal) (G1 Evacuation Pause) 185M->186M(256M) 21.059ms
[2020-01-29T21:38:44.657+0300][181.192s][debug][gc] GC(6090) Reclaimed 95 empty regions
[2020-01-29T21:38:44.657+0300][181.192s][info ][gc] GC(6090) Pause Remark 196M->102M(256M) 0.644ms
[2020-01-29T21:38:44.669+0300][181.204s][info ][gc] GC(6092) Pause Young (Normal) (G1 Evacuation Pause) 105M->106M(256M) 11.243ms
[2020-01-29T21:38:44.714+0300][181.249s][info ][gc] GC(6093) Pause Young (Normal) (G1 Evacuation Pause) 144M->145M(256M) 29.091ms
[2020-01-29T21:38:44.757+0300][181.293s][info ][gc] GC(6094) Pause Young (Normal) (G1 Evacuation Pause) 171M->172M(256M) 33.028ms
[2020-01-29T21:38:44.806+0300][181.342s][info ][gc] GC(6095) Pause Young (Normal) (G1 Evacuation Pause) 209M->210M(256M) 30.521ms
[2020-01-29T21:38:44.835+0300][181.370s][info ][gc] GC(6096) Pause Young (Normal) (G1 Evacuation Pause) 219M->220M(256M) 24.493ms
[2020-01-29T21:38:44.866+0300][181.401s][info ][gc] GC(6097) Pause Young (Normal) (G1 Evacuation Pause) 230M->231M(256M) 25.704ms
[2020-01-29T21:38:44.898+0300][181.433s][info ][gc] GC(6098) Pause Young (Normal) (G1 Evacuation Pause) 241M->242M(256M) 26.690ms
[2020-01-29T21:38:44.900+0300][181.435s][info ][gc] GC(6090) Pause Cleanup 245M->245M(256M) 0.044ms
[2020-01-29T21:38:44.900+0300][181.435s][info ][gc] GC(6090) Concurrent Cycle 289.451ms
[2020-01-29T21:38:44.941+0300][181.476s][info ][gc] GC(6099) To-space exhausted
[2020-01-29T21:38:44.941+0300][181.476s][info ][gc] GC(6099) Pause Young (Normal) (G1 Evacuation Pause) 252M->255M(256M) 37.781ms
[2020-01-29T21:38:44.978+0300][181.513s][info ][gc] GC(6100) Pause Full (G1 Evacuation Pause) 255M->69M(256M) 37.075ms
[2020-01-29T21:38:45.027+0300][181.562s][info ][gc] GC(6101) Pause Young (Concurrent Start) (G1 Evacuation Pause) 119M->119M(256M) 28.995ms
[2020-01-29T21:38:45.027+0300][181.562s][info ][gc] GC(6102) Concurrent Cycle
[2020-01-29T21:38:45.079+0300][181.615s][info ][gc] GC(6103) Pause Young (Normal) (G1 Evacuation Pause) 173M->174M(256M) 24.607ms
[2020-01-29T21:38:45.101+0300][181.637s][info ][gc] GC(6104) Pause Young (Normal) (G1 Evacuation Pause) 190M->191M(256M) 13.714ms
[2020-01-29T21:38:45.115+0300][181.650s][info ][gc] GC(6105) Pause Young (Normal) (G1 Evacuation Pause) 202M->203M(256M) 8.261ms
[2020-01-29T21:38:45.127+0300][181.662s][info ][gc] GC(6106) Pause Young (Normal) (G1 Evacuation Pause) 213M->213M(256M) 7.611ms
[2020-01-29T21:38:45.139+0300][181.675s][info ][gc] GC(6107) Pause Young (Normal) (G1 Evacuation Pause) 223M->224M(256M) 8.045ms
[2020-01-29T21:38:45.153+0300][181.689s][info ][gc] GC(6108) Pause Young (Normal) (G1 Evacuation Pause) 234M->235M(256M) 8.212ms
[2020-01-29T21:38:45.170+0300][181.706s][info ][gc] GC(6109) To-space exhausted
[2020-01-29T21:38:45.171+0300][181.706s][info ][gc] GC(6109) Pause Young (Normal) (G1 Evacuation Pause) 245M->249M(256M) 12.952ms
[2020-01-29T21:38:45.188+0300][181.723s][info ][gc] GC(6110) To-space exhausted
[2020-01-29T21:38:45.188+0300][181.723s][info ][gc] GC(6110) Pause Young (Normal) (G1 Evacuation Pause) 254M->254M(256M) 14.773ms
[2020-01-29T21:38:45.188+0300][181.723s][debug][gc] GC(6111) Clear Next Bitmap 0.061ms
[2020-01-29T21:38:45.251+0300][181.786s][info ][gc] GC(6111) Pause Full (G1 Evacuation Pause) 254M->109M(256M) 62.686ms
[2020-01-29T21:38:45.251+0300][181.786s][info ][gc] GC(6102) Concurrent Cycle 224.134ms
[2020-01-29T21:38:45.293+0300][181.828s][info ][gc] GC(6112) Pause Young (Concurrent Start) (G1 Humongous Allocation) 137M->136M(256M) 20.193ms
[2020-01-29T21:38:45.293+0300][181.828s][info ][gc] GC(6113) Concurrent Cycle
[2020-01-29T21:38:45.332+0300][181.867s][info ][gc] GC(6114) Pause Young (Normal) (G1 Evacuation Pause) 185M->187M(256M) 24.248ms
[2020-01-29T21:38:45.336+0300][181.872s][debug][gc] GC(6113) Reclaimed 108 empty regions
[2020-01-29T21:38:45.336+0300][181.872s][info ][gc] GC(6113) Pause Remark 194M->88M(256M) 0.700ms
[2020-01-29T21:38:45.351+0300][181.886s][info ][gc] GC(6115) Pause Young (Normal) (G1 Evacuation Pause) 93M->94M(256M) 11.249ms
[2020-01-29T21:38:45.405+0300][181.940s][info ][gc] GC(6116) Pause Young (Normal) (G1 Evacuation Pause) 137M->137M(256M) 32.270ms
[2020-01-29T21:38:45.468+0300][182.003s][info ][gc] GC(6117) Pause Young (Normal) (G1 Evacuation Pause) 165M->166M(256M) 48.312ms
[2020-01-29T21:38:45.482+0300][182.017s][info ][gc] GC(6113) Pause Cleanup 192M->192M(256M) 0.042ms
[2020-01-29T21:38:45.483+0300][182.018s][info ][gc] GC(6113) Concurrent Cycle 189.104ms
[2020-01-29T21:38:45.523+0300][182.058s][info ][gc] GC(6118) Pause Young (Normal) (G1 Evacuation Pause) 205M->206M(256M) 35.375ms
[2020-01-29T21:38:45.533+0300][182.069s][info ][gc] GC(6119) Pause Young (Concurrent Start) (G1 Evacuation Pause) 215M->216M(256M) 6.718ms
[2020-01-29T21:38:45.533+0300][182.069s][info ][gc] GC(6120) Concurrent Cycle
[2020-01-29T21:38:45.547+0300][182.083s][info ][gc] GC(6121) Pause Young (Normal) (G1 Evacuation Pause) 226M->226M(256M) 7.987ms
[2020-01-29T21:38:45.563+0300][182.098s][info ][gc] GC(6122) Pause Young (Normal) (G1 Evacuation Pause) 236M->237M(256M) 9.275ms
[2020-01-29T21:38:45.584+0300][182.119s][info ][gc] GC(6123) To-space exhausted
[2020-01-29T21:38:45.584+0300][182.119s][info ][gc] GC(6123) Pause Young (Normal) (G1 Evacuation Pause) 247M->250M(256M) 15.124ms
[2020-01-29T21:38:45.600+0300][182.135s][info ][gc] GC(6124) To-space exhausted
[2020-01-29T21:38:45.600+0300][182.135s][info ][gc] GC(6124) Pause Young (Normal) (G1 Evacuation Pause) 255M->255M(256M) 13.634ms
[2020-01-29T21:38:45.600+0300][182.135s][debug][gc] GC(6125) Clear Next Bitmap 0.078ms
[2020-01-29T21:38:45.647+0300][182.182s][info ][gc] GC(6125) Pause Full (G1 Evacuation Pause) 255M->81M(256M) 46.609ms
[2020-01-29T21:38:45.647+0300][182.182s][info ][gc] GC(6120) Concurrent Cycle 113.588ms
[2020-01-29T21:38:45.691+0300][182.226s][info ][gc] GC(6126) Pause Young (Normal) (G1 Evacuation Pause) 127M->127M(256M) 25.531ms
[2020-01-29T21:38:45.713+0300][182.249s][info ][gc] GC(6127) Pause Young (Concurrent Start) (G1 Humongous Allocation) 136M->136M(256M) 8.449ms
[2020-01-29T21:38:45.713+0300][182.249s][info ][gc] GC(6128) Concurrent Cycle
[2020-01-29T21:38:45.725+0300][182.261s][debug][gc] GC(6128) Reclaimed 118 empty regions
[2020-01-29T21:38:45.725+0300][182.261s][info ][gc] GC(6128) Pause Remark 183M->67M(256M) 0.639ms
[2020-01-29T21:38:45.744+0300][182.280s][info ][gc] GC(6129) Pause Young (Normal) (G1 Evacuation Pause) 68M->65M(256M) 17.774ms
[2020-01-29T21:38:45.809+0300][182.344s][info ][gc] GC(6130) Pause Young (Normal) (G1 Evacuation Pause) 117M->118M(256M) 43.286ms
[2020-01-29T21:38:45.810+0300][182.346s][info ][gc] GC(6128) Pause Cleanup 118M->118M(256M) 0.043ms
[2020-01-29T21:38:45.811+0300][182.346s][info ][gc] GC(6128) Concurrent Cycle 97.608ms
[2020-01-29T21:38:45.867+0300][182.403s][info ][gc] GC(6131) Pause Young (Normal) (G1 Evacuation Pause) 152M->153M(256M) 42.953ms
[2020-01-29T21:38:45.884+0300][182.419s][info ][gc] GC(6132) Pause Young (Concurrent Start) (G1 Humongous Allocation) 154M->156M(256M) 5.356ms
[2020-01-29T21:38:45.884+0300][182.419s][info ][gc] GC(6133) Concurrent Cycle
[2020-01-29T21:38:45.892+0300][182.427s][debug][gc] GC(6133) Reclaimed 142 empty regions
[2020-01-29T21:38:45.892+0300][182.427s][info ][gc] GC(6133) Pause Remark 192M->50M(256M) 0.652ms
[2020-01-29T21:38:45.909+0300][182.444s][info ][gc] GC(6134) Pause Young (Normal) (G1 Evacuation Pause) 56M->56M(256M) 14.704ms
[2020-01-29T21:38:45.924+0300][182.459s][info ][gc] GC(6133) Pause Cleanup 94M->94M(256M) 0.040ms
[2020-01-29T21:38:45.924+0300][182.460s][info ][gc] GC(6133) Concurrent Cycle 40.398ms
[2020-01-29T21:38:45.969+0300][182.504s][info ][gc] GC(6135) Pause Young (Normal) (G1 Evacuation Pause) 110M->111M(256M) 38.108ms
[2020-01-29T21:38:46.008+0300][182.543s][info ][gc] GC(6136) Pause Young (Concurrent Start) (G1 Evacuation Pause) 147M->148M(256M) 24.467ms
[2020-01-29T21:38:46.008+0300][182.543s][info ][gc] GC(6137) Concurrent Cycle
[2020-01-29T21:38:46.050+0300][182.585s][info ][gc] GC(6138) Pause Young (Normal) (G1 Evacuation Pause) 193M->194M(256M) 18.810ms
[2020-01-29T21:38:46.064+0300][182.599s][info ][gc] GC(6139) Pause Young (Normal) (G1 Evacuation Pause) 204M->205M(256M) 9.213ms
[2020-01-29T21:38:46.076+0300][182.611s][info ][gc] GC(6140) Pause Young (Normal) (G1 Evacuation Pause) 215M->216M(256M) 8.072ms
[2020-01-29T21:38:46.087+0300][182.623s][info ][gc] GC(6141) Pause Young (Normal) (G1 Evacuation Pause) 226M->226M(256M) 7.836ms
[2020-01-29T21:38:46.099+0300][182.635s][info ][gc] GC(6142) Pause Young (Normal) (G1 Evacuation Pause) 236M->237M(256M) 7.867ms
[2020-01-29T21:38:46.115+0300][182.651s][info ][gc] GC(6143) To-space exhausted
[2020-01-29T21:38:46.116+0300][182.651s][info ][gc] GC(6143) Pause Young (Normal) (G1 Evacuation Pause) 247M->250M(256M) 11.842ms
[2020-01-29T21:38:46.132+0300][182.667s][info ][gc] GC(6144) To-space exhausted
[2020-01-29T21:38:46.132+0300][182.667s][info ][gc] GC(6144) Pause Young (Normal) (G1 Evacuation Pause) 255M->255M(256M) 13.260ms
[2020-01-29T21:38:46.132+0300][182.667s][debug][gc] GC(6145) Clear Next Bitmap 0.073ms
[2020-01-29T21:38:46.185+0300][182.721s][info ][gc] GC(6145) Pause Full (G1 Evacuation Pause) 255M->98M(256M) 53.262ms
[2020-01-29T21:38:46.185+0300][182.721s][info ][gc] GC(6137) Concurrent Cycle 178.003ms
[2020-01-29T21:38:46.232+0300][182.767s][info ][gc] GC(6146) Pause Young (Concurrent Start) (G1 Humongous Allocation) 137M->136M(256M) 21.230ms
[2020-01-29T21:38:46.232+0300][182.767s][info ][gc] GC(6147) Concurrent Cycle
[2020-01-29T21:38:46.272+0300][182.808s][info ][gc] GC(6148) Pause Young (Normal) (G1 Evacuation Pause) 184M->185M(256M) 20.175ms
[2020-01-29T21:38:46.277+0300][182.812s][debug][gc] GC(6147) Reclaimed 97 empty regions
[2020-01-29T21:38:46.277+0300][182.812s][info ][gc] GC(6147) Pause Remark 195M->100M(256M) 0.664ms
[2020-01-29T21:38:46.290+0300][182.825s][info ][gc] GC(6149) Pause Young (Normal) (G1 Evacuation Pause) 103M->104M(256M) 11.340ms
[2020-01-29T21:38:46.334+0300][182.869s][info ][gc] GC(6150) Pause Young (Normal) (G1 Evacuation Pause) 143M->144M(256M) 28.353ms
[2020-01-29T21:38:46.378+0300][182.913s][info ][gc] GC(6151) Pause Young (Normal) (G1 Evacuation Pause) 170M->171M(256M) 33.330ms
[2020-01-29T21:38:46.432+0300][182.967s][info ][gc] GC(6152) Pause Young (Normal) (G1 Evacuation Pause) 209M->210M(256M) 35.032ms
[2020-01-29T21:38:46.464+0300][183.000s][info ][gc] GC(6153) Pause Young (Normal) (G1 Evacuation Pause) 219M->220M(256M) 28.364ms
[2020-01-29T21:38:46.499+0300][183.034s][info ][gc] GC(6154) Pause Young (Normal) (G1 Evacuation Pause) 230M->231M(256M) 29.346ms
[2020-01-29T21:38:46.503+0300][183.039s][info ][gc] GC(6147) Pause Cleanup 239M->239M(256M) 0.047ms
[2020-01-29T21:38:46.503+0300][183.039s][info ][gc] GC(6147) Concurrent Cycle 271.633ms
[2020-01-29T21:38:46.532+0300][183.067s][info ][gc] GC(6155) Pause Young (Normal) (G1 Evacuation Pause) 241M->242M(256M) 27.692ms
[2020-01-29T21:38:46.556+0300][183.091s][info ][gc] GC(6156) To-space exhausted
[2020-01-29T21:38:46.556+0300][183.091s][info ][gc] GC(6156) Pause Young (Concurrent Start) (G1 Evacuation Pause) 252M->255M(256M) 19.807ms
[2020-01-29T21:38:46.556+0300][183.091s][info ][gc] GC(6158) Concurrent Cycle
[2020-01-29T21:38:46.556+0300][183.092s][debug][gc] GC(6157) Clear Next Bitmap 0.057ms
[2020-01-29T21:38:46.594+0300][183.130s][info ][gc] GC(6157) Pause Full (G1 Evacuation Pause) 255M->70M(256M) 38.096ms
[2020-01-29T21:38:46.594+0300][183.130s][info ][gc] GC(6158) Concurrent Cycle 38.440ms
[2020-01-29T21:38:46.644+0300][183.179s][info ][gc] GC(6159) Pause Young (Normal) (G1 Evacuation Pause) 120M->120M(256M) 29.716ms
[2020-01-29T21:38:46.675+0300][183.210s][info ][gc] GC(6160) Pause Young (Concurrent Start) (G1 Humongous Allocation) 137M->137M(256M) 13.668ms
[2020-01-29T21:38:46.675+0300][183.210s][info ][gc] GC(6161) Concurrent Cycle
[2020-01-29T21:38:46.708+0300][183.243s][info ][gc] GC(6162) Pause Young (Normal) (G1 Evacuation Pause) 185M->186M(256M) 20.172ms
[2020-01-29T21:38:46.713+0300][183.248s][debug][gc] GC(6161) Reclaimed 110 empty regions
[2020-01-29T21:38:46.713+0300][183.248s][info ][gc] GC(6161) Pause Remark 195M->87M(256M) 0.650ms
[2020-01-29T21:38:46.723+0300][183.258s][info ][gc] GC(6163) Pause Young (Normal) (G1 Evacuation Pause) 90M->91M(256M) 9.467ms
[2020-01-29T21:38:46.771+0300][183.306s][info ][gc] GC(6164) Pause Young (Normal) (G1 Evacuation Pause) 134M->135M(256M) 30.641ms
[2020-01-29T21:38:46.821+0300][183.355s][info ][gc] GC(6165) Pause Young (Normal) (G1 Evacuation Pause) 164M->165M(256M) 37.722ms
[2020-01-29T21:38:46.872+0300][183.407s][info ][gc] GC(6166) Pause Young (Normal) (G1 Evacuation Pause) 205M->205M(256M) 32.448ms
[2020-01-29T21:38:46.904+0300][183.439s][info ][gc] GC(6167) Pause Young (Normal) (G1 Evacuation Pause) 213M->214M(256M) 27.687ms
[2020-01-29T21:38:46.905+0300][183.440s][info ][gc] GC(6161) Pause Cleanup 216M->216M(256M) 0.048ms
[2020-01-29T21:38:46.905+0300][183.440s][info ][gc] GC(6161) Concurrent Cycle 229.506ms
[2020-01-29T21:38:46.932+0300][183.467s][info ][gc] GC(6168) Pause Young (Normal) (G1 Evacuation Pause) 224M->225M(256M) 23.339ms
[2020-01-29T21:38:46.944+0300][183.479s][info ][gc] GC(6169) Pause Young (Concurrent Start) (G1 Evacuation Pause) 235M->236M(256M) 8.078ms
[2020-01-29T21:38:46.944+0300][183.479s][info ][gc] GC(6170) Concurrent Cycle
[2020-01-29T21:38:46.961+0300][183.496s][info ][gc] GC(6171) To-space exhausted
[2020-01-29T21:38:46.961+0300][183.496s][info ][gc] GC(6171) Pause Young (Normal) (G1 Evacuation Pause) 246M->248M(256M) 10.944ms
[2020-01-29T21:38:46.982+0300][183.517s][info ][gc] GC(6172) To-space exhausted
[2020-01-29T21:38:46.982+0300][183.517s][info ][gc] GC(6172) Pause Young (Normal) (G1 Evacuation Pause) 255M->255M(256M) 17.972ms
[2020-01-29T21:38:46.982+0300][183.517s][debug][gc] GC(6173) Clear Next Bitmap 0.058ms
[2020-01-29T21:38:47.028+0300][183.563s][info ][gc] GC(6173) Pause Full (G1 Evacuation Pause) 255M->83M(256M) 46.331ms
[2020-01-29T21:38:47.029+0300][183.564s][info ][gc] GC(6170) Concurrent Cycle 84.748ms
[2020-01-29T21:38:47.070+0300][183.606s][info ][gc] GC(6174) Pause Young (Normal) (G1 Evacuation Pause) 128M->129M(256M) 24.386ms
[2020-01-29T21:38:47.093+0300][183.629s][info ][gc] GC(6175) Pause Young (Concurrent Start) (G1 Humongous Allocation) 137M->137M(256M) 8.654ms
[2020-01-29T21:38:47.093+0300][183.629s][info ][gc] GC(6176) Concurrent Cycle
[2020-01-29T21:38:47.105+0300][183.640s][debug][gc] GC(6176) Reclaimed 120 empty regions
[2020-01-29T21:38:47.105+0300][183.640s][info ][gc] GC(6176) Pause Remark 183M->65M(256M) 0.640ms
[2020-01-29T21:38:47.124+0300][183.659s][info ][gc] GC(6177) Pause Young (Normal) (G1 Evacuation Pause) 67M->63M(256M) 17.569ms
[2020-01-29T21:38:47.144+0300][183.680s][info ][gc] GC(6176) Pause Cleanup 115M->115M(256M) 0.035ms
[2020-01-29T21:38:47.185+0300][183.720s][info ][gc] GC(6178) Pause Young (Normal) (G1 Evacuation Pause) 115M->116M(256M) 39.933ms
[2020-01-29T21:38:47.185+0300][183.720s][info ][gc] GC(6176) Concurrent Cycle 91.200ms
[2020-01-29T21:38:47.221+0300][183.757s][info ][gc] GC(6179) Pause Young (Normal) (G1 Evacuation Pause) 151M->151M(256M) 23.318ms
[2020-01-29T21:38:47.239+0300][183.775s][info ][gc] GC(6180) Pause Young (Concurrent Start) (G1 Humongous Allocation) 152M->153M(256M) 7.218ms
[2020-01-29T21:38:47.239+0300][183.775s][info ][gc] GC(6181) Concurrent Cycle
[2020-01-29T21:38:47.248+0300][183.783s][debug][gc] GC(6181) Reclaimed 140 empty regions
[2020-01-29T21:38:47.248+0300][183.783s][info ][gc] GC(6181) Pause Remark 186M->46M(256M) 1.155ms
[2020-01-29T21:38:47.268+0300][183.803s][info ][gc] GC(6182) Pause Young (Normal) (G1 Evacuation Pause) 56M->56M(256M) 15.245ms
[2020-01-29T21:38:47.280+0300][183.816s][info ][gc] GC(6181) Pause Cleanup 86M->86M(256M) 0.037ms
[2020-01-29T21:38:47.280+0300][183.816s][info ][gc] GC(6181) Concurrent Cycle 41.451ms
[2020-01-29T21:38:47.329+0300][183.864s][info ][gc] GC(6183) Pause Young (Normal) (G1 Evacuation Pause) 110M->111M(256M) 38.514ms
[2020-01-29T21:38:47.367+0300][183.902s][info ][gc] GC(6184) Pause Young (Concurrent Start) (G1 Evacuation Pause) 147M->148M(256M) 23.754ms
[2020-01-29T21:38:47.367+0300][183.902s][info ][gc] GC(6185) Concurrent Cycle
[2020-01-29T21:38:47.409+0300][183.944s][info ][gc] GC(6186) Pause Young (Normal) (G1 Evacuation Pause) 193M->194M(256M) 18.715ms
[2020-01-29T21:38:47.422+0300][183.957s][info ][gc] GC(6187) Pause Young (Normal) (G1 Evacuation Pause) 204M->205M(256M) 8.992ms
[2020-01-29T21:38:47.435+0300][183.970s][info ][gc] GC(6188) Pause Young (Normal) (G1 Evacuation Pause) 215M->216M(256M) 8.232ms
[2020-01-29T21:38:47.447+0300][183.982s][info ][gc] GC(6189) Pause Young (Normal) (G1 Evacuation Pause) 226M->227M(256M) 8.131ms
[2020-01-29T21:38:47.459+0300][183.994s][info ][gc] GC(6190) Pause Young (Normal) (G1 Evacuation Pause) 237M->237M(256M) 7.917ms
[2020-01-29T21:38:47.476+0300][184.011s][info ][gc] GC(6191) To-space exhausted
[2020-01-29T21:38:47.476+0300][184.011s][info ][gc] GC(6191) Pause Young (Normal) (G1 Evacuation Pause) 247M->250M(256M) 12.960ms
[2020-01-29T21:38:47.492+0300][184.027s][info ][gc] GC(6192) To-space exhausted
[2020-01-29T21:38:47.492+0300][184.027s][info ][gc] GC(6192) Pause Young (Normal) (G1 Evacuation Pause) 255M->255M(256M) 14.170ms
[2020-01-29T21:38:47.493+0300][184.028s][debug][gc] GC(6193) Clear Next Bitmap 0.088ms
[2020-01-29T21:38:47.549+0300][184.083s][info ][gc] GC(6193) Pause Full (G1 Evacuation Pause) 255M->99M(256M) 55.815ms
[2020-01-29T21:38:47.549+0300][184.084s][info ][gc] GC(6185) Concurrent Cycle 181.395ms
[2020-01-29T21:38:47.593+0300][184.129s][info ][gc] GC(6194) Pause Young (Concurrent Start) (G1 Humongous Allocation) 136M->136M(256M) 20.661ms
[2020-01-29T21:38:47.593+0300][184.129s][info ][gc] GC(6195) Concurrent Cycle
[2020-01-29T21:38:47.633+0300][184.169s][info ][gc] GC(6196) Pause Young (Normal) (G1 Evacuation Pause) 184M->185M(256M) 19.933ms
[2020-01-29T21:38:47.637+0300][184.173s][debug][gc] GC(6195) Reclaimed 98 empty regions
[2020-01-29T21:38:47.637+0300][184.173s][info ][gc] GC(6195) Pause Remark 194M->98M(256M) 0.654ms
[2020-01-29T21:38:47.650+0300][184.186s][info ][gc] GC(6197) Pause Young (Normal) (G1 Evacuation Pause) 102M->103M(256M) 11.116ms
[2020-01-29T21:38:47.695+0300][184.230s][info ][gc] GC(6198) Pause Young (Normal) (G1 Evacuation Pause) 142M->143M(256M) 28.853ms
[2020-01-29T21:38:47.739+0300][184.274s][info ][gc] GC(6199) Pause Young (Normal) (G1 Evacuation Pause) 169M->170M(256M) 33.446ms
[2020-01-29T21:38:47.789+0300][184.324s][info ][gc] GC(6200) Pause Young (Normal) (G1 Evacuation Pause) 208M->209M(256M) 30.707ms
[2020-01-29T21:38:47.818+0300][184.353s][info ][gc] GC(6201) Pause Young (Normal) (G1 Evacuation Pause) 218M->219M(256M) 25.123ms
[2020-01-29T21:38:47.849+0300][184.384s][info ][gc] GC(6202) Pause Young (Normal) (G1 Evacuation Pause) 229M->230M(256M) 25.865ms
[2020-01-29T21:38:47.880+0300][184.415s][info ][gc] GC(6203) Pause Young (Normal) (G1 Evacuation Pause) 240M->241M(256M) 27.079ms
[2020-01-29T21:38:47.881+0300][184.416s][info ][gc] GC(6195) Pause Cleanup 243M->243M(256M) 0.042ms
[2020-01-29T21:38:47.881+0300][184.416s][info ][gc] GC(6195) Concurrent Cycle 286.974ms
[2020-01-29T21:38:47.919+0300][184.454s][info ][gc] GC(6204) To-space exhausted
[2020-01-29T21:38:47.919+0300][184.454s][info ][gc] GC(6204) Pause Young (Normal) (G1 Evacuation Pause) 251M->255M(256M) 34.646ms
[2020-01-29T21:38:47.956+0300][184.491s][info ][gc] GC(6205) Pause Full (G1 Evacuation Pause) 255M->70M(256M) 36.356ms
[2020-01-29T21:38:48.002+0300][184.538s][info ][gc] GC(6206) Pause Young (Concurrent Start) (G1 Evacuation Pause) 120M->120M(256M) 27.621ms
[2020-01-29T21:38:48.002+0300][184.538s][info ][gc] GC(6207) Concurrent Cycle
[2020-01-29T21:38:48.053+0300][184.589s][info ][gc] GC(6208) Pause Young (Normal) (G1 Evacuation Pause) 173M->174M(256M) 23.813ms
[2020-01-29T21:38:48.072+0300][184.607s][info ][gc] GC(6209) Pause Young (Normal) (G1 Evacuation Pause) 190M->190M(256M) 11.960ms
[2020-01-29T21:38:48.086+0300][184.620s][info ][gc] GC(6210) Pause Young (Normal) (G1 Evacuation Pause) 201M->202M(256M) 8.388ms
[2020-01-29T21:38:48.098+0300][184.633s][info ][gc] GC(6211) Pause Young (Normal) (G1 Evacuation Pause) 212M->213M(256M) 7.981ms
[2020-01-29T21:38:48.113+0300][184.648s][info ][gc] GC(6212) Pause Young (Normal) (G1 Evacuation Pause) 223M->224M(256M) 10.716ms
[2020-01-29T21:38:48.125+0300][184.660s][info ][gc] GC(6213) Pause Young (Normal) (G1 Evacuation Pause) 234M->235M(256M) 6.572ms
[2020-01-29T21:38:48.142+0300][184.676s][info ][gc] GC(6214) To-space exhausted
[2020-01-29T21:38:48.142+0300][184.676s][info ][gc] GC(6214) Pause Young (Normal) (G1 Evacuation Pause) 245M->249M(256M) 12.635ms
[2020-01-29T21:38:48.156+0300][184.691s][info ][gc] GC(6215) To-space exhausted
[2020-01-29T21:38:48.156+0300][184.691s][info ][gc] GC(6215) Pause Young (Normal) (G1 Evacuation Pause) 254M->254M(256M) 12.753ms
[2020-01-29T21:38:48.156+0300][184.692s][debug][gc] GC(6216) Clear Next Bitmap 0.080ms
[2020-01-29T21:38:48.218+0300][184.754s][info ][gc] GC(6216) Pause Full (G1 Evacuation Pause) 254M->109M(256M) 62.067ms
[2020-01-29T21:38:48.218+0300][184.754s][info ][gc] GC(6207) Concurrent Cycle 216.098ms
[2020-01-29T21:38:48.255+0300][184.790s][info ][gc] GC(6217) Pause Young (Concurrent Start) (G1 Humongous Allocation) 137M->136M(256M) 15.140ms
[2020-01-29T21:38:48.255+0300][184.790s][info ][gc] GC(6218) Concurrent Cycle
[2020-01-29T21:38:48.290+0300][184.825s][info ][gc] GC(6219) Pause Young (Normal) (G1 Evacuation Pause) 185M->186M(256M) 20.695ms
[2020-01-29T21:38:48.295+0300][184.830s][debug][gc] GC(6218) Reclaimed 107 empty regions
[2020-01-29T21:38:48.295+0300][184.830s][info ][gc] GC(6218) Pause Remark 195M->89M(256M) 0.646ms
[2020-01-29T21:38:48.306+0300][184.842s][info ][gc] GC(6220) Pause Young (Normal) (G1 Evacuation Pause) 92M->94M(256M) 10.448ms
[2020-01-29T21:38:48.355+0300][184.890s][info ][gc] GC(6221) Pause Young (Normal) (G1 Evacuation Pause) 137M->138M(256M) 30.982ms
[2020-01-29T21:38:48.402+0300][184.937s][info ][gc] GC(6222) Pause Young (Normal) (G1 Evacuation Pause) 166M->166M(256M) 36.250ms
[2020-01-29T21:38:48.458+0300][184.993s][info ][gc] GC(6223) Pause Young (Normal) (G1 Evacuation Pause) 205M->206M(256M) 36.200ms
[2020-01-29T21:38:48.462+0300][184.997s][info ][gc] GC(6218) Pause Cleanup 212M->212M(256M) 0.043ms
[2020-01-29T21:38:48.462+0300][184.997s][info ][gc] GC(6218) Concurrent Cycle 206.578ms
[2020-01-29T21:38:48.489+0300][185.024s][info ][gc] GC(6224) Pause Young (Normal) (G1 Evacuation Pause) 215M->216M(256M) 26.181ms
[2020-01-29T21:38:48.502+0300][185.037s][info ][gc] GC(6225) Pause Young (Concurrent Start) (G1 Evacuation Pause) 226M->227M(256M) 8.243ms
[2020-01-29T21:38:48.502+0300][185.037s][info ][gc] GC(6226) Concurrent Cycle
[2020-01-29T21:38:48.515+0300][185.050s][info ][gc] GC(6227) Pause Young (Normal) (G1 Evacuation Pause) 237M->238M(256M) 7.205ms
[2020-01-29T21:38:48.533+0300][185.069s][info ][gc] GC(6228) To-space exhausted
[2020-01-29T21:38:48.533+0300][185.069s][info ][gc] GC(6228) Pause Young (Normal) (G1 Evacuation Pause) 248M->251M(256M) 14.347ms
[2020-01-29T21:38:48.548+0300][185.083s][info ][gc] GC(6229) To-space exhausted
[2020-01-29T21:38:48.548+0300][185.083s][info ][gc] GC(6229) Pause Young (Normal) (G1 Evacuation Pause) 255M->255M(256M) 12.825ms
[2020-01-29T21:38:48.548+0300][185.084s][debug][gc] GC(6230) Clear Next Bitmap 0.077ms
[2020-01-29T21:38:48.591+0300][185.126s][info ][gc] GC(6230) Pause Full (G1 Evacuation Pause) 255M->80M(256M) 42.276ms
[2020-01-29T21:38:48.591+0300][185.126s][info ][gc] GC(6226) Concurrent Cycle 89.491ms
[2020-01-29T21:38:48.638+0300][185.173s][info ][gc] GC(6231) Pause Young (Normal) (G1 Evacuation Pause) 127M->127M(256M) 27.923ms
[2020-01-29T21:38:48.660+0300][185.195s][info ][gc] GC(6232) Pause Young (Concurrent Start) (G1 Humongous Allocation) 136M->136M(256M) 8.344ms
[2020-01-29T21:38:48.660+0300][185.195s][info ][gc] GC(6233) Concurrent Cycle
[2020-01-29T21:38:48.672+0300][185.207s][debug][gc] GC(6233) Reclaimed 118 empty regions
[2020-01-29T21:38:48.672+0300][185.207s][info ][gc] GC(6233) Pause Remark 183M->66M(256M) 0.647ms
[2020-01-29T21:38:48.690+0300][185.226s][info ][gc] GC(6234) Pause Young (Normal) (G1 Evacuation Pause) 67M->64M(256M) 17.923ms
[2020-01-29T21:38:48.755+0300][185.290s][info ][gc] GC(6235) Pause Young (Normal) (G1 Evacuation Pause) 116M->116M(256M) 42.620ms
[2020-01-29T21:38:48.756+0300][185.291s][info ][gc] GC(6233) Pause Cleanup 118M->118M(256M) 0.046ms
[2020-01-29T21:38:48.757+0300][185.292s][info ][gc] GC(6233) Concurrent Cycle 96.751ms
[2020-01-29T21:38:48.820+0300][185.355s][info ][gc] GC(6236) Pause Young (Concurrent Start) (G1 Humongous Allocation) 151M->152M(256M) 41.331ms
[2020-01-29T21:38:48.820+0300][185.356s][info ][gc] GC(6237) Concurrent Cycle
[2020-01-29T21:38:48.861+0300][185.396s][info ][gc] GC(6238) Pause Young (Normal) (G1 Evacuation Pause) 196M->196M(256M) 18.327ms
[2020-01-29T21:38:48.866+0300][185.401s][debug][gc] GC(6237) Reclaimed 103 empty regions
[2020-01-29T21:38:48.866+0300][185.401s][info ][gc] GC(6237) Pause Remark 205M->102M(256M) 0.652ms
[2020-01-29T21:38:48.875+0300][185.411s][info ][gc] GC(6239) Pause Young (Normal) (G1 Evacuation Pause) 103M->103M(256M) 9.262ms
[2020-01-29T21:38:48.918+0300][185.454s][info ][gc] GC(6240) Pause Young (Normal) (G1 Evacuation Pause) 142M->143M(256M) 27.893ms
[2020-01-29T21:38:48.962+0300][185.497s][info ][gc] GC(6241) Pause Young (Normal) (G1 Evacuation Pause) 169M->170M(256M) 32.509ms
[2020-01-29T21:38:49.013+0300][185.548s][info ][gc] GC(6242) Pause Young (Normal) (G1 Evacuation Pause) 208M->209M(256M) 31.049ms
[2020-01-29T21:38:49.042+0300][185.577s][info ][gc] GC(6243) Pause Young (Normal) (G1 Evacuation Pause) 218M->219M(256M) 24.958ms
[2020-01-29T21:38:49.072+0300][185.608s][info ][gc] GC(6244) Pause Young (Normal) (G1 Evacuation Pause) 229M->230M(256M) 25.436ms
[2020-01-29T21:38:49.104+0300][185.640s][info ][gc] GC(6245) Pause Young (Normal) (G1 Evacuation Pause) 240M->241M(256M) 26.909ms
[2020-01-29T21:38:49.145+0300][185.680s][info ][gc] GC(6246) To-space exhausted
[2020-01-29T21:38:49.145+0300][185.680s][info ][gc] GC(6246) Pause Young (Normal) (G1 Evacuation Pause) 251M->255M(256M) 35.860ms
[2020-01-29T21:38:49.145+0300][185.680s][debug][gc] GC(6247) Clear Next Bitmap 0.055ms
[2020-01-29T21:38:49.177+0300][185.712s][info ][gc] GC(6247) Pause Full (G1 Evacuation Pause) 255M->63M(256M) 31.798ms
[2020-01-29T21:38:49.177+0300][185.712s][info ][gc] GC(6237) Concurrent Cycle 356.595ms
[2020-01-29T21:38:49.224+0300][185.759s][info ][gc] GC(6248) Pause Young (Normal) (G1 Evacuation Pause) 114M->114M(256M) 27.231ms
[2020-01-29T21:38:49.261+0300][185.796s][info ][gc] GC(6249) Pause Young (Concurrent Start) (G1 Humongous Allocation) 137M->138M(256M) 16.603ms
[2020-01-29T21:38:49.261+0300][185.796s][info ][gc] GC(6250) Concurrent Cycle
[2020-01-29T21:38:49.296+0300][185.832s][info ][gc] GC(6251) Pause Young (Normal) (G1 Evacuation Pause) 185M->186M(256M) 19.838ms
[2020-01-29T21:38:49.300+0300][185.836s][debug][gc] GC(6250) Reclaimed 105 empty regions
[2020-01-29T21:38:49.300+0300][185.836s][info ][gc] GC(6250) Pause Remark 195M->93M(256M) 0.639ms
[2020-01-29T21:38:49.311+0300][185.847s][info ][gc] GC(6252) Pause Young (Normal) (G1 Evacuation Pause) 95M->96M(256M) 9.470ms
[2020-01-29T21:38:49.357+0300][185.893s][info ][gc] GC(6253) Pause Young (Normal) (G1 Evacuation Pause) 137M->138M(256M) 29.691ms
[2020-01-29T21:38:49.404+0300][185.939s][info ][gc] GC(6254) Pause Young (Normal) (G1 Evacuation Pause) 166M->167M(256M) 35.418ms
[2020-01-29T21:38:49.459+0300][185.994s][info ][gc] GC(6255) Pause Young (Normal) (G1 Evacuation Pause) 206M->207M(256M) 35.266ms
[2020-01-29T21:38:49.491+0300][186.027s][info ][gc] GC(6256) Pause Young (Normal) (G1 Evacuation Pause) 216M->217M(256M) 28.206ms
[2020-01-29T21:38:49.496+0300][186.031s][info ][gc] GC(6250) Pause Cleanup 227M->227M(256M) 0.060ms
[2020-01-29T21:38:49.522+0300][186.058s][info ][gc] GC(6257) Pause Young (Normal) (G1 Evacuation Pause) 227M->228M(256M) 26.544ms
[2020-01-29T21:38:49.523+0300][186.058s][info ][gc] GC(6250) Concurrent Cycle 262.127ms
[2020-01-29T21:38:49.535+0300][186.070s][info ][gc] GC(6258) Pause Young (Normal) (G1 Evacuation Pause) 238M->238M(256M) 7.944ms
[2020-01-29T21:38:49.553+0300][186.089s][info ][gc] GC(6259) To-space exhausted
[2020-01-29T21:38:49.553+0300][186.089s][info ][gc] GC(6259) Pause Young (Concurrent Start) (G1 Evacuation Pause) 248M->250M(256M) 14.526ms
[2020-01-29T21:38:49.553+0300][186.089s][info ][gc] GC(6260) Concurrent Cycle
[2020-01-29T21:38:49.571+0300][186.106s][info ][gc] GC(6261) To-space exhausted
[2020-01-29T21:38:49.571+0300][186.106s][info ][gc] GC(6261) Pause Young (Normal) (G1 Evacuation Pause) 255M->255M(256M) 13.813ms
[2020-01-29T21:38:49.571+0300][186.106s][debug][gc] GC(6262) Clear Next Bitmap 0.079ms
[2020-01-29T21:38:49.612+0300][186.147s][info ][gc] GC(6262) Pause Full (G1 Evacuation Pause) 255M->77M(256M) 40.938ms
[2020-01-29T21:38:49.612+0300][186.147s][info ][gc] GC(6260) Concurrent Cycle 58.838ms
[2020-01-29T21:38:49.660+0300][186.195s][info ][gc] GC(6263) Pause Young (Normal) (G1 Evacuation Pause) 125M->125M(256M) 28.396ms
[2020-01-29T21:38:49.685+0300][186.220s][info ][gc] GC(6264) Pause Young (Concurrent Start) (G1 Humongous Allocation) 136M->137M(256M) 10.184ms
[2020-01-29T21:38:49.685+0300][186.220s][info ][gc] GC(6265) Concurrent Cycle
[2020-01-29T21:38:49.717+0300][186.252s][info ][gc] GC(6266) Pause Young (Normal) (G1 Evacuation Pause) 185M->186M(256M) 19.655ms
[2020-01-29T21:38:49.718+0300][186.253s][debug][gc] GC(6265) Reclaimed 116 empty regions
[2020-01-29T21:38:49.718+0300][186.253s][info ][gc] GC(6265) Pause Remark 187M->72M(256M) 0.715ms
[2020-01-29T21:38:49.731+0300][186.270s][info ][gc] GC(6267) Pause Young (Normal) (G1 Evacuation Pause) 84M->85M(256M) 11.526ms
[2020-01-29T21:38:49.787+0300][186.322s][info ][gc] GC(6268) Pause Young (Normal) (G1 Evacuation Pause) 130M->131M(256M) 33.921ms
[2020-01-29T21:38:49.849+0300][186.384s][info ][gc] GC(6269) Pause Young (Normal) (G1 Evacuation Pause) 181M->183M(256M) 39.441ms
[2020-01-29T21:38:49.850+0300][186.385s][info ][gc] GC(6265) Pause Cleanup 184M->184M(256M) 0.042ms
[2020-01-29T21:38:49.851+0300][186.386s][info ][gc] GC(6265) Concurrent Cycle 165.607ms
[2020-01-29T21:38:49.888+0300][186.423s][info ][gc] GC(6270) Pause Young (Normal) (G1 Evacuation Pause) 197M->198M(256M) 32.328ms
[2020-01-29T21:38:49.899+0300][186.434s][info ][gc] GC(6271) Pause Young (Concurrent Start) (G1 Evacuation Pause) 207M->208M(256M) 6.934ms
[2020-01-29T21:38:49.899+0300][186.434s][info ][gc] GC(6272) Concurrent Cycle
[2020-01-29T21:38:49.913+0300][186.448s][info ][gc] GC(6273) Pause Young (Normal) (G1 Evacuation Pause) 218M->219M(256M) 7.996ms
[2020-01-29T21:38:49.926+0300][186.461s][info ][gc] GC(6274) Pause Young (Normal) (G1 Evacuation Pause) 229M->230M(256M) 8.023ms
[2020-01-29T21:38:49.938+0300][186.473s][info ][gc] GC(6275) Pause Young (Normal) (G1 Evacuation Pause) 240M->241M(256M) 8.290ms
[2020-01-29T21:38:49.959+0300][186.495s][info ][gc] GC(6276) To-space exhausted
[2020-01-29T21:38:49.959+0300][186.495s][info ][gc] GC(6276) Pause Young (Normal) (G1 Evacuation Pause) 251M->254M(256M) 17.627ms
[2020-01-29T21:38:49.967+0300][186.503s][info ][gc] GC(6277) To-space exhausted
[2020-01-29T21:38:49.967+0300][186.503s][info ][gc] GC(6277) Pause Young (Normal) (G1 Evacuation Pause) 255M->255M(256M) 7.106ms
[2020-01-29T21:38:49.967+0300][186.503s][debug][gc] GC(6278) Clear Next Bitmap 0.071ms
[2020-01-29T21:38:50.014+0300][186.550s][info ][gc] GC(6278) Pause Full (G1 Evacuation Pause) 255M->86M(256M) 47.230ms
[2020-01-29T21:38:50.015+0300][186.550s][info ][gc] GC(6272) Concurrent Cycle 116.603ms
[2020-01-29T21:38:50.056+0300][186.591s][info ][gc] GC(6279) Pause Young (Normal) (G1 Evacuation Pause) 130M->130M(256M) 24.265ms
[2020-01-29T21:38:50.076+0300][186.612s][info ][gc] GC(6280) Pause Young (Concurrent Start) (G1 Humongous Allocation) 136M->137M(256M) 6.718ms
[2020-01-29T21:38:50.076+0300][186.612s][info ][gc] GC(6281) Concurrent Cycle
[2020-01-29T21:38:50.087+0300][186.623s][debug][gc] GC(6281) Reclaimed 121 empty regions
[2020-01-29T21:38:50.087+0300][186.623s][info ][gc] GC(6281) Pause Remark 180M->61M(256M) 0.748ms
[2020-01-29T21:38:50.107+0300][186.643s][info ][gc] GC(6282) Pause Young (Normal) (G1 Evacuation Pause) 66M->62M(256M) 17.645ms
[2020-01-29T21:38:50.124+0300][186.660s][info ][gc] GC(6281) Pause Cleanup 103M->103M(256M) 0.038ms
[2020-01-29T21:38:50.125+0300][186.660s][info ][gc] GC(6281) Concurrent Cycle 48.193ms
[2020-01-29T21:38:50.169+0300][186.704s][info ][gc] GC(6283) Pause Young (Normal) (G1 Evacuation Pause) 114M->115M(256M) 39.842ms
[2020-01-29T21:38:50.217+0300][186.753s][info ][gc] GC(6284) Pause Young (Concurrent Start) (G1 Humongous Allocation) 150M->151M(256M) 23.850ms
[2020-01-29T21:38:50.218+0300][186.753s][info ][gc] GC(6285) Concurrent Cycle
[2020-01-29T21:38:50.258+0300][186.793s][info ][gc] GC(6286) Pause Young (Normal) (G1 Evacuation Pause) 195M->195M(256M) 17.688ms
[2020-01-29T21:38:50.263+0300][186.798s][debug][gc] GC(6285) Reclaimed 102 empty regions
[2020-01-29T21:38:50.263+0300][186.798s][info ][gc] GC(6285) Pause Remark 205M->103M(256M) 0.659ms
[2020-01-29T21:38:50.273+0300][186.808s][info ][gc] GC(6287) Pause Young (Normal) (G1 Evacuation Pause) 103M->104M(256M) 9.414ms
[2020-01-29T21:38:50.316+0300][186.851s][info ][gc] GC(6288) Pause Young (Normal) (G1 Evacuation Pause) 143M->143M(256M) 27.145ms
[2020-01-29T21:38:50.358+0300][186.894s][info ][gc] GC(6289) Pause Young (Normal) (G1 Evacuation Pause) 169M->171M(256M) 32.506ms
[2020-01-29T21:38:50.408+0300][186.943s][info ][gc] GC(6290) Pause Young (Normal) (G1 Evacuation Pause) 209M->209M(256M) 30.605ms
[2020-01-29T21:38:50.436+0300][186.972s][info ][gc] GC(6291) Pause Young (Normal) (G1 Evacuation Pause) 218M->219M(256M) 24.252ms
[2020-01-29T21:38:50.466+0300][187.001s][info ][gc] GC(6292) Pause Young (Normal) (G1 Evacuation Pause) 229M->230M(256M) 24.892ms
[2020-01-29T21:38:50.497+0300][187.032s][info ][gc] GC(6293) Pause Young (Normal) (G1 Evacuation Pause) 240M->241M(256M) 26.681ms
[2020-01-29T21:38:50.539+0300][187.075s][info ][gc] GC(6294) To-space exhausted
[2020-01-29T21:38:50.539+0300][187.075s][info ][gc] GC(6294) Pause Young (Normal) (G1 Evacuation Pause) 251M->255M(256M) 37.499ms
[2020-01-29T21:38:50.540+0300][187.075s][debug][gc] GC(6295) Clear Next Bitmap 0.066ms
[2020-01-29T21:38:50.573+0300][187.109s][info ][gc] GC(6295) Pause Full (G1 Evacuation Pause) 255M->62M(256M) 33.915ms
[2020-01-29T21:38:50.574+0300][187.109s][info ][gc] GC(6285) Concurrent Cycle 356.755ms
[2020-01-29T21:38:50.626+0300][187.161s][info ][gc] GC(6296) Pause Young (Normal) (G1 Evacuation Pause) 114M->114M(256M) 31.079ms
[2020-01-29T21:38:50.663+0300][187.198s][info ][gc] GC(6297) Pause Young (Concurrent Start) (G1 Humongous Allocation) 137M->138M(256M) 17.138ms
[2020-01-29T21:38:50.663+0300][187.198s][info ][gc] GC(6298) Concurrent Cycle
[2020-01-29T21:38:50.699+0300][187.234s][info ][gc] GC(6299) Pause Young (Normal) (G1 Evacuation Pause) 186M->187M(256M) 20.371ms
[2020-01-29T21:38:50.703+0300][187.238s][debug][gc] GC(6298) Reclaimed 101 empty regions
[2020-01-29T21:38:50.703+0300][187.239s][info ][gc] GC(6298) Pause Remark 196M->95M(256M) 0.658ms
[2020-01-29T21:38:50.716+0300][187.251s][info ][gc] GC(6300) Pause Young (Normal) (G1 Evacuation Pause) 99M->100M(256M) 10.939ms
[2020-01-29T21:38:50.762+0300][187.298s][info ][gc] GC(6301) Pause Young (Normal) (G1 Evacuation Pause) 140M->141M(256M) 30.122ms
[2020-01-29T21:38:50.807+0300][187.343s][info ][gc] GC(6302) Pause Young (Normal) (G1 Evacuation Pause) 168M->169M(256M) 34.221ms
[2020-01-29T21:38:50.859+0300][187.394s][info ][gc] GC(6303) Pause Young (Normal) (G1 Evacuation Pause) 207M->208M(256M) 33.174ms
[2020-01-29T21:38:50.891+0300][187.426s][info ][gc] GC(6304) Pause Young (Normal) (G1 Evacuation Pause) 217M->218M(256M) 27.402ms
[2020-01-29T21:38:50.923+0300][187.458s][info ][gc] GC(6305) Pause Young (Normal) (G1 Evacuation Pause) 228M->229M(256M) 27.925ms
[2020-01-29T21:38:50.926+0300][187.462s][info ][gc] GC(6298) Pause Cleanup 235M->235M(256M) 0.048ms
[2020-01-29T21:38:50.927+0300][187.462s][info ][gc] GC(6298) Concurrent Cycle 264.134ms
[2020-01-29T21:38:50.955+0300][187.490s][info ][gc] GC(6306) Pause Young (Normal) (G1 Evacuation Pause) 239M->240M(256M) 26.876ms
[2020-01-29T21:38:50.977+0300][187.512s][info ][gc] GC(6307) To-space exhausted
[2020-01-29T21:38:50.977+0300][187.512s][info ][gc] GC(6307) Pause Young (Concurrent Start) (G1 Evacuation Pause) 250M->253M(256M) 17.505ms
[2020-01-29T21:38:50.977+0300][187.512s][info ][gc] GC(6308) Concurrent Cycle
[2020-01-29T21:38:50.989+0300][187.524s][info ][gc] GC(6309) To-space exhausted
[2020-01-29T21:38:50.989+0300][187.524s][info ][gc] GC(6309) Pause Young (Normal) (G1 Evacuation Pause) 255M->255M(256M) 9.379ms
[2020-01-29T21:38:50.989+0300][187.524s][debug][gc] GC(6310) Clear Next Bitmap 0.073ms
[2020-01-29T21:38:51.029+0300][187.563s][info ][gc] GC(6310) Pause Full (G1 Evacuation Pause) 255M->74M(256M) 39.279ms
[2020-01-29T21:38:51.029+0300][187.564s][info ][gc] GC(6308) Concurrent Cycle 51.790ms
[2020-01-29T21:38:51.073+0300][187.608s][info ][gc] GC(6311) Pause Young (Normal) (G1 Evacuation Pause) 122M->122M(256M) 25.722ms
[2020-01-29T21:38:51.100+0300][187.636s][info ][gc] GC(6312) Pause Young (Concurrent Start) (G1 Humongous Allocation) 137M->137M(256M) 11.421ms
[2020-01-29T21:38:51.100+0300][187.636s][info ][gc] GC(6313) Concurrent Cycle
[2020-01-29T21:38:51.132+0300][187.667s][info ][gc] GC(6314) Pause Young (Normal) (G1 Evacuation Pause) 185M->185M(256M) 19.606ms
[2020-01-29T21:38:51.135+0300][187.671s][debug][gc] GC(6313) Reclaimed 113 empty regions
[2020-01-29T21:38:51.135+0300][187.671s][info ][gc] GC(6313) Pause Remark 192M->81M(256M) 0.665ms
[2020-01-29T21:38:51.149+0300][187.685s][info ][gc] GC(6315) Pause Young (Normal) (G1 Evacuation Pause) 87M->88M(256M) 11.405ms
[2020-01-29T21:38:51.199+0300][187.734s][info ][gc] GC(6316) Pause Young (Normal) (G1 Evacuation Pause) 132M->133M(256M) 31.502ms
[2020-01-29T21:38:51.264+0300][187.799s][info ][gc] GC(6317) Pause Young (Normal) (G1 Evacuation Pause) 183M->184M(256M) 40.988ms
[2020-01-29T21:38:51.303+0300][187.838s][info ][gc] GC(6318) Pause Young (Normal) (G1 Evacuation Pause) 198M->199M(256M) 32.378ms
[2020-01-29T21:38:51.304+0300][187.839s][info ][gc] GC(6313) Pause Cleanup 200M->200M(256M) 0.047ms
[2020-01-29T21:38:51.304+0300][187.839s][info ][gc] GC(6313) Concurrent Cycle 203.141ms
[2020-01-29T21:38:51.332+0300][187.867s][info ][gc] GC(6319) Pause Young (Normal) (G1 Evacuation Pause) 208M->208M(256M) 23.478ms
[2020-01-29T21:38:51.345+0300][187.880s][info ][gc] GC(6320) Pause Young (Concurrent Start) (G1 Evacuation Pause) 218M->219M(256M) 8.342ms
[2020-01-29T21:38:51.345+0300][187.880s][info ][gc] GC(6321) Concurrent Cycle
[2020-01-29T21:38:51.360+0300][187.895s][info ][gc] GC(6322) Pause Young (Normal) (G1 Evacuation Pause) 229M->230M(256M) 7.961ms
[2020-01-29T21:38:51.372+0300][187.907s][info ][gc] GC(6323) Pause Young (Normal) (G1 Evacuation Pause) 240M->241M(256M) 8.067ms
[2020-01-29T21:38:51.393+0300][187.928s][info ][gc] GC(6324) To-space exhausted
[2020-01-29T21:38:51.393+0300][187.928s][info ][gc] GC(6324) Pause Young (Normal) (G1 Evacuation Pause) 251M->254M(256M) 17.248ms
[2020-01-29T21:38:51.401+0300][187.936s][info ][gc] GC(6325) To-space exhausted
[2020-01-29T21:38:51.401+0300][187.936s][info ][gc] GC(6325) Pause Young (Normal) (G1 Evacuation Pause) 255M->255M(256M) 7.418ms
[2020-01-29T21:38:51.402+0300][187.936s][debug][gc] GC(6326) Clear Next Bitmap 0.194ms
[2020-01-29T21:38:51.449+0300][187.984s][info ][gc] GC(6326) Pause Full (G1 Evacuation Pause) 255M->85M(256M) 47.871ms
[2020-01-29T21:38:51.450+0300][187.984s][info ][gc] GC(6321) Concurrent Cycle 104.271ms
[2020-01-29T21:38:51.492+0300][188.028s][info ][gc] GC(6327) Pause Young (Normal) (G1 Evacuation Pause) 130M->130M(256M) 25.486ms
[2020-01-29T21:38:51.514+0300][188.049s][info ][gc] GC(6328) Pause Young (Concurrent Start) (G1 Humongous Allocation) 137M->137M(256M) 7.935ms
[2020-01-29T21:38:51.514+0300][188.049s][info ][gc] GC(6329) Concurrent Cycle
[2020-01-29T21:38:51.525+0300][188.060s][debug][gc] GC(6329) Reclaimed 117 empty regions
[2020-01-29T21:38:51.525+0300][188.060s][info ][gc] GC(6329) Pause Remark 181M->66M(256M) 0.646ms
[2020-01-29T21:38:51.544+0300][188.080s][info ][gc] GC(6330) Pause Young (Normal) (G1 Evacuation Pause) 70M->66M(256M) 17.555ms
[2020-01-29T21:38:51.563+0300][188.098s][info ][gc] GC(6329) Pause Cleanup 114M->114M(256M) 0.042ms
[2020-01-29T21:38:51.563+0300][188.098s][info ][gc] GC(6329) Concurrent Cycle 49.306ms
[2020-01-29T21:38:51.604+0300][188.139s][info ][gc] GC(6331) Pause Young (Normal) (G1 Evacuation Pause) 117M->118M(256M) 39.188ms
[2020-01-29T21:38:51.643+0300][188.179s][info ][gc] GC(6332) Pause Young (Concurrent Start) (G1 Evacuation Pause) 152M->154M(256M) 26.272ms
[2020-01-29T21:38:51.643+0300][188.179s][info ][gc] GC(6333) Concurrent Cycle
[2020-01-29T21:38:51.683+0300][188.218s][info ][gc] GC(6334) Pause Young (Normal) (G1 Evacuation Pause) 197M->198M(256M) 17.749ms
[2020-01-29T21:38:51.694+0300][188.229s][info ][gc] GC(6335) Pause Young (Normal) (G1 Evacuation Pause) 207M->208M(256M) 6.997ms
[2020-01-29T21:38:51.706+0300][188.241s][info ][gc] GC(6336) Pause Young (Normal) (G1 Evacuation Pause) 218M->219M(256M) 7.839ms
[2020-01-29T21:38:51.718+0300][188.253s][info ][gc] GC(6337) Pause Young (Normal) (G1 Evacuation Pause) 229M->229M(256M) 8.127ms
[2020-01-29T21:38:51.731+0300][188.266s][info ][gc] GC(6338) Pause Young (Normal) (G1 Evacuation Pause) 239M->240M(256M) 8.062ms
[2020-01-29T21:38:51.752+0300][188.286s][info ][gc] GC(6339) To-space exhausted
[2020-01-29T21:38:51.752+0300][188.287s][info ][gc] GC(6339) Pause Young (Normal) (G1 Evacuation Pause) 250M->253M(256M) 16.707ms
[2020-01-29T21:38:51.762+0300][188.297s][info ][gc] GC(6340) To-space exhausted
[2020-01-29T21:38:51.762+0300][188.297s][info ][gc] GC(6340) Pause Young (Normal) (G1 Evacuation Pause) 255M->255M(256M) 9.343ms
[2020-01-29T21:38:51.762+0300][188.297s][debug][gc] GC(6341) Clear Next Bitmap 0.079ms
[2020-01-29T21:38:51.814+0300][188.349s][info ][gc] GC(6341) Pause Full (G1 Evacuation Pause) 255M->93M(256M) 51.888ms
[2020-01-29T21:38:51.814+0300][188.349s][info ][gc] GC(6333) Concurrent Cycle 170.438ms
[2020-01-29T21:38:51.852+0300][188.388s][info ][gc] GC(6342) Pause Young (Normal) (G1 Evacuation Pause) 135M->135M(256M) 22.132ms
[2020-01-29T21:38:51.868+0300][188.404s][info ][gc] GC(6343) Pause Young (Concurrent Start) (G1 Humongous Allocation) 136M->137M(256M) 5.787ms
[2020-01-29T21:38:51.868+0300][188.404s][info ][gc] GC(6344) Concurrent Cycle
[2020-01-29T21:38:51.877+0300][188.412s][debug][gc] GC(6344) Reclaimed 124 empty regions
[2020-01-29T21:38:51.877+0300][188.412s][info ][gc] GC(6344) Pause Remark 174M->52M(256M) 0.656ms
[2020-01-29T21:38:51.899+0300][188.434s][info ][gc] GC(6345) Pause Young (Normal) (G1 Evacuation Pause) 62M->62M(256M) 17.051ms
[2020-01-29T21:38:51.912+0300][188.447s][info ][gc] GC(6344) Pause Cleanup 95M->95M(256M) 0.044ms
[2020-01-29T21:38:51.912+0300][188.447s][info ][gc] GC(6344) Concurrent Cycle 42.741ms
[2020-01-29T21:38:51.958+0300][188.493s][info ][gc] GC(6346) Pause Young (Normal) (G1 Evacuation Pause) 114M->115M(256M) 38.506ms
[2020-01-29T21:38:51.997+0300][188.532s][info ][gc] GC(6347) Pause Young (Concurrent Start) (G1 Evacuation Pause) 150M->150M(256M) 24.253ms
[2020-01-29T21:38:51.997+0300][188.532s][info ][gc] GC(6348) Concurrent Cycle
[2020-01-29T21:38:52.037+0300][188.572s][info ][gc] GC(6349) Pause Young (Normal) (G1 Evacuation Pause) 194M->195M(256M) 18.378ms
[2020-01-29T21:38:52.050+0300][188.585s][info ][gc] GC(6350) Pause Young (Normal) (G1 Evacuation Pause) 205M->206M(256M) 9.139ms
[2020-01-29T21:38:52.062+0300][188.598s][info ][gc] GC(6351) Pause Young (Normal) (G1 Evacuation Pause) 216M->217M(256M) 8.075ms
[2020-01-29T21:38:52.075+0300][188.610s][info ][gc] GC(6352) Pause Young (Normal) (G1 Evacuation Pause) 227M->228M(256M) 8.010ms
[2020-01-29T21:38:52.088+0300][188.623s][info ][gc] GC(6353) Pause Young (Normal) (G1 Evacuation Pause) 238M->239M(256M) 7.528ms
[2020-01-29T21:38:52.112+0300][188.648s][info ][gc] GC(6354) To-space exhausted
[2020-01-29T21:38:52.112+0300][188.648s][info ][gc] GC(6354) Pause Young (Normal) (G1 Evacuation Pause) 249M->252M(256M) 16.012ms
[2020-01-29T21:38:52.125+0300][188.660s][info ][gc] GC(6355) To-space exhausted
[2020-01-29T21:38:52.125+0300][188.660s][info ][gc] GC(6355) Pause Young (Normal) (G1 Evacuation Pause) 255M->255M(256M) 11.395ms
[2020-01-29T21:38:52.125+0300][188.661s][debug][gc] GC(6356) Clear Next Bitmap 0.073ms
[2020-01-29T21:38:52.181+0300][188.716s][info ][gc] GC(6356) Pause Full (G1 Evacuation Pause) 255M->97M(256M) 55.339ms
[2020-01-29T21:38:52.181+0300][188.716s][info ][gc] GC(6348) Concurrent Cycle 184.497ms
[2020-01-29T21:38:52.227+0300][188.762s][info ][gc] GC(6357) Pause Young (Concurrent Start) (G1 Humongous Allocation) 136M->136M(256M) 21.123ms
[2020-01-29T21:38:52.227+0300][188.762s][info ][gc] GC(6358) Concurrent Cycle
[2020-01-29T21:38:52.268+0300][188.804s][info ][gc] GC(6359) Pause Young (Normal) (G1 Evacuation Pause) 184M->185M(256M) 20.392ms
[2020-01-29T21:38:52.273+0300][188.808s][debug][gc] GC(6358) Reclaimed 96 empty regions
[2020-01-29T21:38:52.273+0300][188.808s][info ][gc] GC(6358) Pause Remark 195M->102M(256M) 0.803ms
[2020-01-29T21:38:52.284+0300][188.819s][info ][gc] GC(6360) Pause Young (Normal) (G1 Evacuation Pause) 104M->105M(256M) 9.899ms
[2020-01-29T21:38:52.327+0300][188.862s][info ][gc] GC(6361) Pause Young (Normal) (G1 Evacuation Pause) 143M->144M(256M) 27.651ms
[2020-01-29T21:38:52.373+0300][188.907s][info ][gc] GC(6362) Pause Young (Normal) (G1 Evacuation Pause) 170M->171M(256M) 32.829ms
[2020-01-29T21:38:52.422+0300][188.958s][info ][gc] GC(6363) Pause Young (Normal) (G1 Evacuation Pause) 209M->210M(256M) 30.718ms
[2020-01-29T21:38:52.454+0300][188.990s][info ][gc] GC(6364) Pause Young (Normal) (G1 Evacuation Pause) 219M->220M(256M) 25.316ms
[2020-01-29T21:38:52.484+0300][189.019s][info ][gc] GC(6365) Pause Young (Normal) (G1 Evacuation Pause) 230M->231M(256M) 24.951ms
[2020-01-29T21:38:52.487+0300][189.022s][info ][gc] GC(6358) Pause Cleanup 235M->235M(256M) 0.048ms
[2020-01-29T21:38:52.487+0300][189.022s][info ][gc] GC(6358) Concurrent Cycle 259.828ms
[2020-01-29T21:38:52.514+0300][189.050s][info ][gc] GC(6366) Pause Young (Normal) (G1 Evacuation Pause) 241M->242M(256M) 24.767ms
[2020-01-29T21:38:52.539+0300][189.074s][info ][gc] GC(6367) To-space exhausted
[2020-01-29T21:38:52.539+0300][189.074s][info ][gc] GC(6367) Pause Young (Concurrent Start) (G1 Evacuation Pause) 252M->254M(256M) 20.682ms
[2020-01-29T21:38:52.539+0300][189.074s][info ][gc] GC(6368) Concurrent Cycle
[2020-01-29T21:38:52.548+0300][189.084s][info ][gc] GC(6369) To-space exhausted
[2020-01-29T21:38:52.548+0300][189.084s][info ][gc] GC(6369) Pause Young (Normal) (G1 Evacuation Pause) 255M->255M(256M) 7.299ms
[2020-01-29T21:38:52.549+0300][189.084s][debug][gc] GC(6370) Clear Next Bitmap 0.061ms
[2020-01-29T21:38:52.586+0300][189.121s][info ][gc] GC(6370) Pause Full (G1 Evacuation Pause) 255M->68M(256M) 37.259ms
[2020-01-29T21:38:52.586+0300][189.121s][info ][gc] GC(6368) Concurrent Cycle 46.910ms
[2020-01-29T21:38:52.638+0300][189.173s][info ][gc] GC(6371) Pause Young (Normal) (G1 Evacuation Pause) 120M->120M(256M) 31.280ms
[2020-01-29T21:38:52.672+0300][189.207s][info ][gc] GC(6372) Pause Young (Concurrent Start) (G1 Humongous Allocation) 137M->137M(256M) 16.554ms
[2020-01-29T21:38:52.672+0300][189.207s][info ][gc] GC(6373) Concurrent Cycle
[2020-01-29T21:38:52.708+0300][189.242s][info ][gc] GC(6374) Pause Young (Normal) (G1 Evacuation Pause) 185M->186M(256M) 22.458ms
[2020-01-29T21:38:52.712+0300][189.247s][debug][gc] GC(6373) Reclaimed 109 empty regions
[2020-01-29T21:38:52.712+0300][189.247s][info ][gc] GC(6373) Pause Remark 194M->86M(256M) 0.646ms
[2020-01-29T21:38:52.724+0300][189.259s][info ][gc] GC(6375) Pause Young (Normal) (G1 Evacuation Pause) 91M->92M(256M) 10.040ms
[2020-01-29T21:38:52.771+0300][189.307s][info ][gc] GC(6376) Pause Young (Normal) (G1 Evacuation Pause) 134M->135M(256M) 30.671ms
[2020-01-29T21:38:52.841+0300][189.376s][info ][gc] GC(6377) Pause Young (Normal) (G1 Evacuation Pause) 164M->165M(256M) 53.134ms
[2020-01-29T21:38:52.857+0300][189.393s][info ][gc] GC(6373) Pause Cleanup 165M->165M(256M) 0.044ms
[2020-01-29T21:38:52.859+0300][189.395s][info ][gc] GC(6373) Concurrent Cycle 187.411ms
[2020-01-29T21:38:52.898+0300][189.433s][info ][gc] GC(6378) Pause Young (Concurrent Start) (G1 Humongous Allocation) 169M->170M(256M) 25.931ms
[2020-01-29T21:38:52.898+0300][189.433s][info ][gc] GC(6379) Concurrent Cycle
[2020-01-29T21:38:52.907+0300][189.443s][debug][gc] GC(6379) Reclaimed 153 empty regions
[2020-01-29T21:38:52.907+0300][189.443s][info ][gc] GC(6379) Pause Remark 203M->50M(256M) 0.717ms
[2020-01-29T21:38:52.925+0300][189.461s][info ][gc] GC(6380) Pause Young (Normal) (G1 Evacuation Pause) 55M->52M(256M) 12.688ms
[2020-01-29T21:38:52.939+0300][189.474s][info ][gc] GC(6379) Pause Cleanup 83M->83M(256M) 0.042ms
[2020-01-29T21:38:52.940+0300][189.475s][info ][gc] GC(6379) Concurrent Cycle 41.994ms
[2020-01-29T21:38:52.996+0300][189.532s][info ][gc] GC(6381) Pause Young (Normal) (G1 Evacuation Pause) 107M->108M(256M) 46.261ms
[2020-01-29T21:38:53.045+0300][189.580s][info ][gc] GC(6382) Pause Young (Concurrent Start) (G1 Evacuation Pause) 145M->146M(256M) 31.461ms
[2020-01-29T21:38:53.045+0300][189.580s][info ][gc] GC(6383) Concurrent Cycle
[2020-01-29T21:38:53.093+0300][189.628s][info ][gc] GC(6384) Pause Young (Normal) (G1 Evacuation Pause) 191M->191M(256M) 18.985ms
[2020-01-29T21:38:53.111+0300][189.646s][info ][gc] GC(6385) Pause Young (Normal) (G1 Evacuation Pause) 202M->203M(256M) 9.360ms
[2020-01-29T21:38:53.124+0300][189.659s][info ][gc] GC(6386) Pause Young (Normal) (G1 Evacuation Pause) 213M->214M(256M) 8.723ms
[2020-01-29T21:38:53.136+0300][189.671s][info ][gc] GC(6387) Pause Young (Normal) (G1 Evacuation Pause) 224M->224M(256M) 7.978ms
[2020-01-29T21:38:53.147+0300][189.683s][info ][gc] GC(6388) Pause Young (Normal) (G1 Evacuation Pause) 234M->235M(256M) 7.898ms
[2020-01-29T21:38:53.164+0300][189.699s][info ][gc] GC(6389) To-space exhausted
[2020-01-29T21:38:53.164+0300][189.699s][info ][gc] GC(6389) Pause Young (Normal) (G1 Evacuation Pause) 245M->248M(256M) 9.471ms
[2020-01-29T21:38:53.187+0300][189.723s][info ][gc] GC(6390) To-space exhausted
[2020-01-29T21:38:53.187+0300][189.723s][info ][gc] GC(6390) Pause Young (Normal) (G1 Evacuation Pause) 255M->255M(256M) 19.913ms
[2020-01-29T21:38:53.187+0300][189.723s][debug][gc] GC(6391) Clear Next Bitmap 0.070ms
[2020-01-29T21:38:53.249+0300][189.785s][info ][gc] GC(6391) Pause Full (G1 Evacuation Pause) 255M->99M(256M) 62.033ms
[2020-01-29T21:38:53.250+0300][189.785s][info ][gc] GC(6383) Concurrent Cycle 204.547ms
[2020-01-29T21:38:53.295+0300][189.831s][info ][gc] GC(6392) Pause Young (Concurrent Start) (G1 Humongous Allocation) 137M->136M(256M) 20.769ms
[2020-01-29T21:38:53.295+0300][189.831s][info ][gc] GC(6393) Concurrent Cycle
[2020-01-29T21:38:53.336+0300][189.871s][info ][gc] GC(6394) Pause Young (Normal) (G1 Evacuation Pause) 185M->186M(256M) 21.171ms
[2020-01-29T21:38:53.341+0300][189.876s][debug][gc] GC(6393) Reclaimed 97 empty regions
[2020-01-29T21:38:53.341+0300][189.876s][info ][gc] GC(6393) Pause Remark 195M->99M(256M) 0.661ms
[2020-01-29T21:38:53.353+0300][189.888s][info ][gc] GC(6395) Pause Young (Normal) (G1 Evacuation Pause) 103M->103M(256M) 10.415ms
[2020-01-29T21:38:53.398+0300][189.933s][info ][gc] GC(6396) Pause Young (Normal) (G1 Evacuation Pause) 142M->144M(256M) 29.217ms
[2020-01-29T21:38:53.443+0300][189.978s][info ][gc] GC(6397) Pause Young (Normal) (G1 Evacuation Pause) 170M->171M(256M) 33.982ms
[2020-01-29T21:38:53.497+0300][190.032s][info ][gc] GC(6398) Pause Young (Normal) (G1 Evacuation Pause) 209M->210M(256M) 34.115ms
[2020-01-29T21:38:53.527+0300][190.063s][info ][gc] GC(6399) Pause Young (Normal) (G1 Evacuation Pause) 219M->220M(256M) 27.293ms
[2020-01-29T21:38:53.560+0300][190.096s][info ][gc] GC(6400) Pause Young (Normal) (G1 Evacuation Pause) 230M->231M(256M) 28.592ms
[2020-01-29T21:38:53.597+0300][190.132s][info ][gc] GC(6401) Pause Young (Normal) (G1 Evacuation Pause) 241M->242M(256M) 31.726ms
[2020-01-29T21:38:53.598+0300][190.133s][info ][gc] GC(6393) Pause Cleanup 242M->242M(256M) 0.051ms
[2020-01-29T21:38:53.598+0300][190.133s][info ][gc] GC(6393) Concurrent Cycle 302.543ms
[2020-01-29T21:38:53.639+0300][190.175s][info ][gc] GC(6402) To-space exhausted
[2020-01-29T21:38:53.639+0300][190.175s][info ][gc] GC(6402) Pause Young (Normal) (G1 Evacuation Pause) 252M->255M(256M) 36.924ms
[2020-01-29T21:38:53.677+0300][190.213s][info ][gc] GC(6403) Pause Full (G1 Evacuation Pause) 255M->70M(256M) 37.966ms
[2020-01-29T21:38:53.726+0300][190.261s][info ][gc] GC(6404) Pause Young (Concurrent Start) (G1 Evacuation Pause) 120M->121M(256M) 27.472ms
[2020-01-29T21:38:53.726+0300][190.261s][info ][gc] GC(6405) Concurrent Cycle
[2020-01-29T21:38:53.776+0300][190.311s][info ][gc] GC(6406) Pause Young (Normal) (G1 Evacuation Pause) 174M->174M(256M) 23.495ms
[2020-01-29T21:38:53.795+0300][190.330s][info ][gc] GC(6407) Pause Young (Normal) (G1 Evacuation Pause) 190M->191M(256M) 12.338ms
[2020-01-29T21:38:53.808+0300][190.344s][info ][gc] GC(6408) Pause Young (Normal) (G1 Evacuation Pause) 202M->203M(256M) 8.499ms
[2020-01-29T21:38:53.821+0300][190.356s][info ][gc] GC(6409) Pause Young (Normal) (G1 Evacuation Pause) 213M->214M(256M) 8.040ms
[2020-01-29T21:38:53.833+0300][190.368s][info ][gc] GC(6410) Pause Young (Normal) (G1 Evacuation Pause) 224M->225M(256M) 8.049ms
[2020-01-29T21:38:53.845+0300][190.381s][info ][gc] GC(6411) Pause Young (Normal) (G1 Evacuation Pause) 235M->236M(256M) 8.207ms
[2020-01-29T21:38:53.862+0300][190.398s][info ][gc] GC(6412) To-space exhausted
[2020-01-29T21:38:53.862+0300][190.398s][info ][gc] GC(6412) Pause Young (Normal) (G1 Evacuation Pause) 246M->247M(256M) 12.772ms
[2020-01-29T21:38:53.884+0300][190.419s][info ][gc] GC(6413) To-space exhausted
[2020-01-29T21:38:53.884+0300][190.419s][info ][gc] GC(6413) Pause Young (Normal) (G1 Evacuation Pause) 254M->254M(256M) 18.048ms
[2020-01-29T21:38:53.884+0300][190.420s][debug][gc] GC(6414) Clear Next Bitmap 0.083ms
[2020-01-29T21:38:53.946+0300][190.482s][info ][gc] GC(6414) Pause Full (G1 Evacuation Pause) 254M->112M(256M) 62.243ms
[2020-01-29T21:38:53.946+0300][190.482s][info ][gc] GC(6405) Concurrent Cycle 221.057ms
[2020-01-29T21:38:53.980+0300][190.516s][info ][gc] GC(6415) Pause Young (Concurrent Start) (G1 Humongous Allocation) 136M->136M(256M) 13.500ms
[2020-01-29T21:38:53.980+0300][190.516s][info ][gc] GC(6416) Concurrent Cycle
[2020-01-29T21:38:54.014+0300][190.549s][info ][gc] GC(6417) Pause Young (Normal) (G1 Evacuation Pause) 185M->186M(256M) 20.176ms
[2020-01-29T21:38:54.018+0300][190.553s][debug][gc] GC(6416) Reclaimed 110 empty regions
[2020-01-29T21:38:54.018+0300][190.553s][info ][gc] GC(6416) Pause Remark 195M->86M(256M) 0.687ms
[2020-01-29T21:38:54.031+0300][190.566s][info ][gc] GC(6418) Pause Young (Normal) (G1 Evacuation Pause) 90M->91M(256M) 11.309ms
[2020-01-29T21:38:54.082+0300][190.617s][info ][gc] GC(6419) Pause Young (Normal) (G1 Evacuation Pause) 136M->137M(256M) 32.624ms
[2020-01-29T21:38:54.144+0300][190.680s][info ][gc] GC(6420) Pause Young (Normal) (G1 Evacuation Pause) 185M->186M(256M) 40.763ms
[2020-01-29T21:38:54.183+0300][190.718s][info ][gc] GC(6421) Pause Young (Normal) (G1 Evacuation Pause) 199M->200M(256M) 31.529ms
[2020-01-29T21:38:54.187+0300][190.723s][info ][gc] GC(6416) Pause Cleanup 209M->209M(256M) 0.041ms
[2020-01-29T21:38:54.187+0300][190.723s][info ][gc] GC(6416) Concurrent Cycle 207.106ms
[2020-01-29T21:38:54.212+0300][190.747s][info ][gc] GC(6422) Pause Young (Normal) (G1 Evacuation Pause) 209M->209M(256M) 23.416ms
[2020-01-29T21:38:54.224+0300][190.760s][info ][gc] GC(6423) Pause Young (Concurrent Start) (G1 Evacuation Pause) 219M->220M(256M) 8.357ms
[2020-01-29T21:38:54.224+0300][190.760s][info ][gc] GC(6424) Concurrent Cycle
[2020-01-29T21:38:54.239+0300][190.774s][info ][gc] GC(6425) Pause Young (Normal) (G1 Evacuation Pause) 230M->231M(256M) 8.139ms
[2020-01-29T21:38:54.251+0300][190.787s][info ][gc] GC(6426) Pause Young (Normal) (G1 Evacuation Pause) 241M->242M(256M) 8.123ms
[2020-01-29T21:38:54.274+0300][190.809s][info ][gc] GC(6427) To-space exhausted
[2020-01-29T21:38:54.274+0300][190.810s][info ][gc] GC(6427) Pause Young (Normal) (G1 Evacuation Pause) 252M->255M(256M) 18.918ms
[2020-01-29T21:38:54.274+0300][190.810s][debug][gc] GC(6428) Clear Next Bitmap 0.058ms
[2020-01-29T21:38:54.320+0300][190.855s][info ][gc] GC(6428) Pause Full (G1 Evacuation Pause) 255M->83M(256M) 45.022ms
[2020-01-29T21:38:54.320+0300][190.855s][info ][gc] GC(6424) Concurrent Cycle 95.131ms
[2020-01-29T21:38:54.361+0300][190.896s][info ][gc] GC(6429) Pause Young (Normal) (G1 Evacuation Pause) 128M->128M(256M) 24.001ms
[2020-01-29T21:38:54.384+0300][190.919s][info ][gc] GC(6430) Pause Young (Concurrent Start) (G1 Humongous Allocation) 137M->137M(256M) 8.571ms
[2020-01-29T21:38:54.384+0300][190.919s][info ][gc] GC(6431) Concurrent Cycle
[2020-01-29T21:38:54.397+0300][190.932s][debug][gc] GC(6431) Reclaimed 121 empty regions
[2020-01-29T21:38:54.397+0300][190.932s][info ][gc] GC(6431) Pause Remark 184M->66M(256M) 0.665ms
[2020-01-29T21:38:54.415+0300][190.950s][info ][gc] GC(6432) Pause Young (Normal) (G1 Evacuation Pause) 66M->62M(256M) 17.322ms
[2020-01-29T21:38:54.478+0300][191.014s][info ][gc] GC(6433) Pause Young (Normal) (G1 Evacuation Pause) 115M->116M(256M) 42.350ms
[2020-01-29T21:38:54.479+0300][191.014s][info ][gc] GC(6431) Pause Cleanup 117M->117M(256M) 0.039ms
[2020-01-29T21:38:54.479+0300][191.015s][info ][gc] GC(6431) Concurrent Cycle 95.448ms
[2020-01-29T21:38:54.542+0300][191.077s][info ][gc] GC(6434) Pause Young (Concurrent Start) (G1 Humongous Allocation) 151M->152M(256M) 37.967ms
[2020-01-29T21:38:54.542+0300][191.077s][info ][gc] GC(6435) Concurrent Cycle
[2020-01-29T21:38:54.585+0300][191.120s][info ][gc] GC(6436) Pause Young (Normal) (G1 Evacuation Pause) 196M->197M(256M) 20.959ms
[2020-01-29T21:38:54.590+0300][191.125s][debug][gc] GC(6435) Reclaimed 100 empty regions
[2020-01-29T21:38:54.590+0300][191.126s][info ][gc] GC(6435) Pause Remark 206M->106M(256M) 0.674ms
[2020-01-29T21:38:54.599+0300][191.134s][info ][gc] GC(6437) Pause Young (Normal) (G1 Evacuation Pause) 107M->108M(256M) 8.522ms
[2020-01-29T21:38:54.642+0300][191.177s][info ][gc] GC(6438) Pause Young (Normal) (G1 Evacuation Pause) 145M->145M(256M) 27.174ms
[2020-01-29T21:38:54.685+0300][191.220s][info ][gc] GC(6439) Pause Young (Normal) (G1 Evacuation Pause) 171M->173M(256M) 32.266ms
[2020-01-29T21:38:54.723+0300][191.258s][info ][gc] GC(6440) Pause Young (Normal) (G1 Evacuation Pause) 190M->191M(256M) 29.978ms
[2020-01-29T21:38:54.769+0300][191.304s][info ][gc] GC(6441) Pause Young (Normal) (G1 Evacuation Pause) 222M->223M(256M) 28.066ms
[2020-01-29T21:38:54.798+0300][191.333s][info ][gc] GC(6442) Pause Young (Normal) (G1 Evacuation Pause) 233M->233M(256M) 24.027ms
[2020-01-29T21:38:54.830+0300][191.365s][info ][gc] GC(6443) To-space exhausted
[2020-01-29T21:38:54.830+0300][191.365s][info ][gc] GC(6443) Pause Young (Normal) (G1 Evacuation Pause) 243M->245M(256M) 26.230ms
[2020-01-29T21:38:54.873+0300][191.409s][info ][gc] GC(6444) To-space exhausted
[2020-01-29T21:38:54.873+0300][191.409s][info ][gc] GC(6444) Pause Young (Normal) (G1 Evacuation Pause) 255M->255M(256M) 39.939ms
[2020-01-29T21:38:54.873+0300][191.409s][debug][gc] GC(6445) Clear Next Bitmap 0.110ms
[2020-01-29T21:38:54.907+0300][191.442s][info ][gc] GC(6445) Pause Full (G1 Evacuation Pause) 255M->62M(256M) 32.813ms
[2020-01-29T21:38:54.907+0300][191.442s][info ][gc] GC(6435) Concurrent Cycle 365.347ms
[2020-01-29T21:38:54.957+0300][191.492s][info ][gc] GC(6446) Pause Young (Normal) (G1 Evacuation Pause) 114M->114M(256M) 29.092ms
[2020-01-29T21:38:54.993+0300][191.528s][info ][gc] GC(6447) Pause Young (Concurrent Start) (G1 Humongous Allocation) 137M->138M(256M) 16.798ms
[2020-01-29T21:38:54.993+0300][191.528s][info ][gc] GC(6448) Concurrent Cycle
[2020-01-29T21:38:55.029+0300][191.564s][info ][gc] GC(6449) Pause Young (Normal) (G1 Evacuation Pause) 186M->187M(256M) 20.325ms
[2020-01-29T21:38:55.034+0300][191.570s][debug][gc] GC(6448) Reclaimed 105 empty regions
[2020-01-29T21:38:55.034+0300][191.570s][info ][gc] GC(6448) Pause Remark 193M->90M(256M) 1.051ms
[2020-01-29T21:38:55.051+0300][191.587s][info ][gc] GC(6450) Pause Young (Normal) (G1 Evacuation Pause) 95M->96M(256M) 13.694ms
[2020-01-29T21:38:55.098+0300][191.633s][info ][gc] GC(6451) Pause Young (Normal) (G1 Evacuation Pause) 137M->138M(256M) 29.514ms
[2020-01-29T21:38:55.145+0300][191.680s][info ][gc] GC(6452) Pause Young (Normal) (G1 Evacuation Pause) 166M->167M(256M) 35.599ms
[2020-01-29T21:38:55.197+0300][191.733s][info ][gc] GC(6453) Pause Young (Normal) (G1 Evacuation Pause) 206M->207M(256M) 32.412ms
[2020-01-29T21:38:55.229+0300][191.764s][info ][gc] GC(6454) Pause Young (Normal) (G1 Evacuation Pause) 216M->217M(256M) 26.646ms
[2020-01-29T21:38:55.231+0300][191.766s][info ][gc] GC(6448) Pause Cleanup 222M->222M(256M) 0.043ms
[2020-01-29T21:38:55.231+0300][191.767s][info ][gc] GC(6448) Concurrent Cycle 238.290ms
[2020-01-29T21:38:55.258+0300][191.793s][info ][gc] GC(6455) Pause Young (Normal) (G1 Evacuation Pause) 227M->228M(256M) 24.239ms
[2020-01-29T21:38:55.270+0300][191.805s][info ][gc] GC(6456) Pause Young (Concurrent Start) (G1 Evacuation Pause) 238M->239M(256M) 8.235ms
[2020-01-29T21:38:55.270+0300][191.805s][info ][gc] GC(6457) Concurrent Cycle
[2020-01-29T21:38:55.291+0300][191.826s][info ][gc] GC(6458) To-space exhausted
[2020-01-29T21:38:55.291+0300][191.826s][info ][gc] GC(6458) Pause Young (Normal) (G1 Evacuation Pause) 249M->251M(256M) 14.735ms
[2020-01-29T21:38:55.306+0300][191.841s][info ][gc] GC(6459) To-space exhausted
[2020-01-29T21:38:55.306+0300][191.841s][info ][gc] GC(6459) Pause Young (Normal) (G1 Evacuation Pause) 255M->255M(256M) 13.040ms
[2020-01-29T21:38:55.306+0300][191.841s][debug][gc] GC(6460) Clear Next Bitmap 0.070ms
[2020-01-29T21:38:55.348+0300][191.883s][info ][gc] GC(6460) Pause Full (G1 Evacuation Pause) 255M->77M(256M) 41.918ms
[2020-01-29T21:38:55.349+0300][191.884s][info ][gc] GC(6457) Concurrent Cycle 78.463ms
[2020-01-29T21:38:55.394+0300][191.929s][info ][gc] GC(6461) Pause Young (Normal) (G1 Evacuation Pause) 125M->125M(256M) 26.562ms
[2020-01-29T21:38:55.419+0300][191.954s][info ][gc] GC(6462) Pause Young (Concurrent Start) (G1 Humongous Allocation) 137M->137M(256M) 10.153ms
[2020-01-29T21:38:55.419+0300][191.955s][info ][gc] GC(6463) Concurrent Cycle
[2020-01-29T21:38:55.451+0300][191.986s][info ][gc] GC(6464) Pause Young (Normal) (G1 Evacuation Pause) 185M->186M(256M) 19.740ms
[2020-01-29T21:38:55.453+0300][191.988s][debug][gc] GC(6463) Reclaimed 114 empty regions
[2020-01-29T21:38:55.453+0300][191.988s][info ][gc] GC(6463) Pause Remark 189M->76M(256M) 0.651ms
[2020-01-29T21:38:55.468+0300][192.004s][info ][gc] GC(6465) Pause Young (Normal) (G1 Evacuation Pause) 86M->87M(256M) 11.338ms
[2020-01-29T21:38:55.519+0300][192.055s][info ][gc] GC(6466) Pause Young (Normal) (G1 Evacuation Pause) 131M->132M(256M) 33.685ms
[2020-01-29T21:38:55.584+0300][192.119s][info ][gc] GC(6467) Pause Young (Normal) (G1 Evacuation Pause) 182M->183M(256M) 40.061ms
[2020-01-29T21:38:55.586+0300][192.121s][info ][gc] GC(6463) Pause Cleanup 187M->187M(256M) 0.055ms
[2020-01-29T21:38:55.586+0300][192.122s][info ][gc] GC(6463) Concurrent Cycle 167.162ms
[2020-01-29T21:38:55.620+0300][192.155s][info ][gc] GC(6468) Pause Young (Normal) (G1 Evacuation Pause) 197M->198M(256M) 29.085ms
[2020-01-29T21:38:55.630+0300][192.165s][info ][gc] GC(6469) Pause Young (Concurrent Start) (G1 Evacuation Pause) 207M->208M(256M) 6.974ms
[2020-01-29T21:38:55.630+0300][192.165s][info ][gc] GC(6470) Concurrent Cycle
[2020-01-29T21:38:55.645+0300][192.180s][info ][gc] GC(6471) Pause Young (Normal) (G1 Evacuation Pause) 218M->218M(256M) 7.941ms
[2020-01-29T21:38:55.657+0300][192.192s][info ][gc] GC(6472) Pause Young (Normal) (G1 Evacuation Pause) 228M->229M(256M) 8.123ms
[2020-01-29T21:38:55.669+0300][192.204s][info ][gc] GC(6473) Pause Young (Normal) (G1 Evacuation Pause) 239M->240M(256M) 7.874ms
[2020-01-29T21:38:55.689+0300][192.224s][info ][gc] GC(6474) To-space exhausted
[2020-01-29T21:38:55.689+0300][192.224s][info ][gc] GC(6474) Pause Young (Normal) (G1 Evacuation Pause) 250M->252M(256M) 15.797ms
[2020-01-29T21:38:55.702+0300][192.237s][info ][gc] GC(6475) To-space exhausted
[2020-01-29T21:38:55.702+0300][192.237s][info ][gc] GC(6475) Pause Young (Normal) (G1 Evacuation Pause) 255M->255M(256M) 11.392ms
[2020-01-29T21:38:55.702+0300][192.237s][debug][gc] GC(6476) Clear Next Bitmap 0.064ms
[2020-01-29T21:38:55.749+0300][192.284s][info ][gc] GC(6476) Pause Full (G1 Evacuation Pause) 255M->87M(256M) 46.934ms
[2020-01-29T21:38:55.749+0300][192.284s][info ][gc] GC(6470) Concurrent Cycle 118.574ms
[2020-01-29T21:38:55.790+0300][192.326s][info ][gc] GC(6477) Pause Young (Normal) (G1 Evacuation Pause) 131M->131M(256M) 24.147ms
[2020-01-29T21:38:55.811+0300][192.346s][info ][gc] GC(6478) Pause Young (Concurrent Start) (G1 Humongous Allocation) 136M->137M(256M) 6.976ms
[2020-01-29T21:38:55.811+0300][192.346s][info ][gc] GC(6479) Concurrent Cycle
[2020-01-29T21:38:55.821+0300][192.357s][debug][gc] GC(6479) Reclaimed 122 empty regions
[2020-01-29T21:38:55.821+0300][192.357s][info ][gc] GC(6479) Pause Remark 179M->59M(256M) 0.674ms
[2020-01-29T21:38:55.842+0300][192.377s][info ][gc] GC(6480) Pause Young (Normal) (G1 Evacuation Pause) 65M->61M(256M) 17.761ms
[2020-01-29T21:38:55.857+0300][192.393s][info ][gc] GC(6479) Pause Cleanup 100M->100M(256M) 0.036ms
[2020-01-29T21:38:55.858+0300][192.393s][info ][gc] GC(6479) Concurrent Cycle 46.936ms
[2020-01-29T21:38:55.905+0300][192.440s][info ][gc] GC(6481) Pause Young (Normal) (G1 Evacuation Pause) 114M->115M(256M) 41.646ms
[2020-01-29T21:38:55.952+0300][192.487s][info ][gc] GC(6482) Pause Young (Concurrent Start) (G1 Humongous Allocation) 149M->149M(256M) 23.276ms
[2020-01-29T21:38:55.952+0300][192.487s][info ][gc] GC(6483) Concurrent Cycle
[2020-01-29T21:38:55.993+0300][192.528s][info ][gc] GC(6484) Pause Young (Normal) (G1 Evacuation Pause) 194M->195M(256M) 18.804ms
[2020-01-29T21:38:55.998+0300][192.533s][debug][gc] GC(6483) Reclaimed 100 empty regions
[2020-01-29T21:38:55.998+0300][192.533s][info ][gc] GC(6483) Pause Remark 205M->105M(256M) 0.660ms
[2020-01-29T21:38:56.008+0300][192.543s][info ][gc] GC(6485) Pause Young (Normal) (G1 Evacuation Pause) 105M->106M(256M) 9.247ms
[2020-01-29T21:38:56.049+0300][192.584s][info ][gc] GC(6486) Pause Young (Normal) (G1 Evacuation Pause) 144M->145M(256M) 26.326ms
[2020-01-29T21:38:56.092+0300][192.627s][info ][gc] GC(6487) Pause Young (Normal) (G1 Evacuation Pause) 171M->171M(256M) 32.052ms
[2020-01-29T21:38:56.143+0300][192.677s][info ][gc] GC(6488) Pause Young (Normal) (G1 Evacuation Pause) 209M->210M(256M) 31.179ms
[2020-01-29T21:38:56.171+0300][192.706s][info ][gc] GC(6489) Pause Young (Normal) (G1 Evacuation Pause) 219M->220M(256M) 24.838ms
[2020-01-29T21:38:56.202+0300][192.737s][info ][gc] GC(6490) Pause Young (Normal) (G1 Evacuation Pause) 230M->231M(256M) 25.951ms
[2020-01-29T21:38:56.236+0300][192.771s][info ][gc] GC(6491) Pause Young (Normal) (G1 Evacuation Pause) 241M->242M(256M) 28.725ms
[2020-01-29T21:38:56.280+0300][192.815s][info ][gc] GC(6492) To-space exhausted
[2020-01-29T21:38:56.280+0300][192.815s][info ][gc] GC(6492) Pause Young (Normal) (G1 Evacuation Pause) 252M->255M(256M) 39.960ms
[2020-01-29T21:38:56.280+0300][192.815s][debug][gc] GC(6493) Clear Next Bitmap 0.062ms
[2020-01-29T21:38:56.312+0300][192.848s][info ][gc] GC(6493) Pause Full (G1 Evacuation Pause) 255M->63M(256M) 32.490ms
[2020-01-29T21:38:56.313+0300][192.848s][info ][gc] GC(6483) Concurrent Cycle 360.734ms
[2020-01-29T21:38:56.361+0300][192.897s][info ][gc] GC(6494) Pause Young (Normal) (G1 Evacuation Pause) 115M->115M(256M) 28.280ms
[2020-01-29T21:38:56.397+0300][192.932s][info ][gc] GC(6495) Pause Young (Concurrent Start) (G1 Humongous Allocation) 137M->138M(256M) 16.390ms
[2020-01-29T21:38:56.397+0300][192.932s][info ][gc] GC(6496) Concurrent Cycle
[2020-01-29T21:38:56.433+0300][192.968s][info ][gc] GC(6497) Pause Young (Normal) (G1 Evacuation Pause) 186M->187M(256M) 20.271ms
[2020-01-29T21:38:56.438+0300][192.973s][debug][gc] GC(6496) Reclaimed 105 empty regions
[2020-01-29T21:38:56.438+0300][192.973s][info ][gc] GC(6496) Pause Remark 197M->94M(256M) 0.668ms
[2020-01-29T21:38:56.448+0300][192.983s][info ][gc] GC(6498) Pause Young (Normal) (G1 Evacuation Pause) 95M->97M(256M) 9.399ms
[2020-01-29T21:38:56.495+0300][193.031s][info ][gc] GC(6499) Pause Young (Normal) (G1 Evacuation Pause) 138M->139M(256M) 30.669ms
[2020-01-29T21:38:56.542+0300][193.078s][info ][gc] GC(6500) Pause Young (Normal) (G1 Evacuation Pause) 167M->168M(256M) 35.676ms
[2020-01-29T21:38:56.593+0300][193.128s][info ][gc] GC(6501) Pause Young (Normal) (G1 Evacuation Pause) 207M->209M(256M) 31.604ms
[2020-01-29T21:38:56.623+0300][193.158s][info ][gc] GC(6502) Pause Young (Normal) (G1 Evacuation Pause) 218M->219M(256M) 25.993ms
[2020-01-29T21:38:56.655+0300][193.190s][info ][gc] GC(6503) Pause Young (Normal) (G1 Evacuation Pause) 229M->229M(256M) 26.924ms
[2020-01-29T21:38:56.657+0300][193.192s][info ][gc] GC(6496) Pause Cleanup 234M->234M(256M) 0.046ms
[2020-01-29T21:38:56.657+0300][193.192s][info ][gc] GC(6496) Concurrent Cycle 259.914ms
[2020-01-29T21:38:56.688+0300][193.223s][info ][gc] GC(6504) Pause Young (Normal) (G1 Evacuation Pause) 239M->240M(256M) 28.152ms
[2020-01-29T21:38:56.709+0300][193.244s][info ][gc] GC(6505) To-space exhausted
[2020-01-29T21:38:56.709+0300][193.244s][info ][gc] GC(6505) Pause Young (Concurrent Start) (G1 Evacuation Pause) 250M->254M(256M) 17.515ms
[2020-01-29T21:38:56.709+0300][193.244s][info ][gc] GC(6506) Concurrent Cycle
[2020-01-29T21:38:56.720+0300][193.254s][info ][gc] GC(6507) To-space exhausted
[2020-01-29T21:38:56.720+0300][193.255s][info ][gc] GC(6507) Pause Young (Normal) (G1 Evacuation Pause) 255M->255M(256M) 7.534ms
[2020-01-29T21:38:56.720+0300][193.255s][debug][gc] GC(6508) Clear Next Bitmap 0.085ms
[2020-01-29T21:38:56.762+0300][193.298s][info ][gc] GC(6508) Pause Full (G1 Evacuation Pause) 255M->74M(256M) 43.259ms
[2020-01-29T21:38:56.763+0300][193.298s][info ][gc] GC(6506) Concurrent Cycle 53.953ms
[2020-01-29T21:38:56.810+0300][193.345s][info ][gc] GC(6509) Pause Young (Normal) (G1 Evacuation Pause) 122M->122M(256M) 27.386ms
[2020-01-29T21:38:56.838+0300][193.374s][info ][gc] GC(6510) Pause Young (Concurrent Start) (G1 Humongous Allocation) 136M->137M(256M) 11.543ms
[2020-01-29T21:38:56.838+0300][193.374s][info ][gc] GC(6511) Concurrent Cycle
[2020-01-29T21:38:56.870+0300][193.405s][info ][gc] GC(6512) Pause Young (Normal) (G1 Evacuation Pause) 185M->185M(256M) 19.737ms
[2020-01-29T21:38:56.873+0300][193.408s][debug][gc] GC(6511) Reclaimed 114 empty regions
[2020-01-29T21:38:56.873+0300][193.408s][info ][gc] GC(6511) Pause Remark 191M->78M(256M) 0.699ms
[2020-01-29T21:38:56.888+0300][193.423s][info ][gc] GC(6513) Pause Young (Normal) (G1 Evacuation Pause) 85M->86M(256M) 11.429ms
[2020-01-29T21:38:56.937+0300][193.472s][info ][gc] GC(6514) Pause Young (Normal) (G1 Evacuation Pause) 130M->131M(256M) 31.820ms
[2020-01-29T21:38:57.002+0300][193.537s][info ][gc] GC(6515) Pause Young (Normal) (G1 Evacuation Pause) 181M->183M(256M) 41.022ms
[2020-01-29T21:38:57.008+0300][193.543s][info ][gc] GC(6511) Pause Cleanup 197M->197M(256M) 0.040ms
[2020-01-29T21:38:57.008+0300][193.543s][info ][gc] GC(6511) Concurrent Cycle 169.306ms
[2020-01-29T21:38:57.039+0300][193.574s][info ][gc] GC(6516) Pause Young (Normal) (G1 Evacuation Pause) 197M->197M(256M) 30.449ms
[2020-01-29T21:38:57.051+0300][193.586s][info ][gc] GC(6517) Pause Young (Concurrent Start) (G1 Evacuation Pause) 207M->208M(256M) 8.707ms
[2020-01-29T21:38:57.051+0300][193.586s][info ][gc] GC(6518) Concurrent Cycle
[2020-01-29T21:38:57.066+0300][193.601s][info ][gc] GC(6519) Pause Young (Normal) (G1 Evacuation Pause) 218M->219M(256M) 7.972ms
[2020-01-29T21:38:57.079+0300][193.614s][info ][gc] GC(6520) Pause Young (Normal) (G1 Evacuation Pause) 229M->230M(256M) 8.091ms
[2020-01-29T21:38:57.092+0300][193.626s][info ][gc] GC(6521) Pause Young (Normal) (G1 Evacuation Pause) 240M->241M(256M) 8.055ms
[2020-01-29T21:38:57.112+0300][193.647s][info ][gc] GC(6522) To-space exhausted
[2020-01-29T21:38:57.112+0300][193.647s][info ][gc] GC(6522) Pause Young (Normal) (G1 Evacuation Pause) 251M->254M(256M) 16.993ms
[2020-01-29T21:38:57.119+0300][193.655s][info ][gc] GC(6523) To-space exhausted
[2020-01-29T21:38:57.119+0300][193.655s][info ][gc] GC(6523) Pause Young (Normal) (G1 Evacuation Pause) 255M->255M(256M) 7.127ms
[2020-01-29T21:38:57.120+0300][193.655s][debug][gc] GC(6524) Clear Next Bitmap 0.068ms
[2020-01-29T21:38:57.166+0300][193.702s][info ][gc] GC(6524) Pause Full (G1 Evacuation Pause) 255M->86M(256M) 46.829ms
[2020-01-29T21:38:57.167+0300][193.702s][info ][gc] GC(6518) Concurrent Cycle 115.960ms
[2020-01-29T21:38:57.208+0300][193.743s][info ][gc] GC(6525) Pause Young (Normal) (G1 Evacuation Pause) 130M->130M(256M) 23.738ms
[2020-01-29T21:38:57.227+0300][193.763s][info ][gc] GC(6526) Pause Young (Concurrent Start) (G1 Humongous Allocation) 136M->137M(256M) 6.735ms
[2020-01-29T21:38:57.227+0300][193.763s][info ][gc] GC(6527) Concurrent Cycle
[2020-01-29T21:38:57.238+0300][193.774s][debug][gc] GC(6527) Reclaimed 123 empty regions
[2020-01-29T21:38:57.238+0300][193.774s][info ][gc] GC(6527) Pause Remark 181M->60M(256M) 0.688ms
[2020-01-29T21:38:57.258+0300][193.793s][info ][gc] GC(6528) Pause Young (Normal) (G1 Evacuation Pause) 64M->61M(256M) 17.579ms
[2020-01-29T21:38:57.275+0300][193.811s][info ][gc] GC(6527) Pause Cleanup 105M->105M(256M) 0.034ms
[2020-01-29T21:38:57.275+0300][193.811s][info ][gc] GC(6527) Concurrent Cycle 47.946ms
[2020-01-29T21:38:57.319+0300][193.854s][info ][gc] GC(6529) Pause Young (Normal) (G1 Evacuation Pause) 114M->115M(256M) 40.007ms
[2020-01-29T21:38:57.366+0300][193.901s][info ][gc] GC(6530) Pause Young (Concurrent Start) (G1 Humongous Allocation) 150M->150M(256M) 23.116ms
[2020-01-29T21:38:57.366+0300][193.901s][info ][gc] GC(6531) Concurrent Cycle
[2020-01-29T21:38:57.407+0300][193.942s][info ][gc] GC(6532) Pause Young (Normal) (G1 Evacuation Pause) 194M->195M(256M) 18.262ms
[2020-01-29T21:38:57.412+0300][193.947s][debug][gc] GC(6531) Reclaimed 103 empty regions
[2020-01-29T21:38:57.412+0300][193.947s][info ][gc] GC(6531) Pause Remark 205M->102M(256M) 0.658ms
[2020-01-29T21:38:57.422+0300][193.957s][info ][gc] GC(6533) Pause Young (Normal) (G1 Evacuation Pause) 102M->103M(256M) 9.253ms
[2020-01-29T21:38:57.464+0300][193.999s][info ][gc] GC(6534) Pause Young (Normal) (G1 Evacuation Pause) 142M->143M(256M) 26.664ms
[2020-01-29T21:38:57.507+0300][194.043s][info ][gc] GC(6535) Pause Young (Normal) (G1 Evacuation Pause) 169M->169M(256M) 33.260ms
[2020-01-29T21:38:57.562+0300][194.097s][info ][gc] GC(6536) Pause Young (Normal) (G1 Evacuation Pause) 207M->208M(256M) 35.709ms
[2020-01-29T21:38:57.598+0300][194.132s][info ][gc] GC(6537) Pause Young (Normal) (G1 Evacuation Pause) 217M->218M(256M) 31.042ms
[2020-01-29T21:38:57.633+0300][194.168s][info ][gc] GC(6538) Pause Young (Normal) (G1 Evacuation Pause) 228M->229M(256M) 30.101ms
[2020-01-29T21:38:57.669+0300][194.204s][info ][gc] GC(6539) Pause Young (Normal) (G1 Evacuation Pause) 239M->240M(256M) 30.672ms
[2020-01-29T21:38:57.674+0300][194.210s][info ][gc] GC(6531) Pause Cleanup 246M->246M(256M) 0.058ms
[2020-01-29T21:38:57.674+0300][194.210s][info ][gc] GC(6531) Concurrent Cycle 308.633ms
[2020-01-29T21:38:57.710+0300][194.246s][info ][gc] GC(6540) To-space exhausted
[2020-01-29T21:38:57.710+0300][194.246s][info ][gc] GC(6540) Pause Young (Normal) (G1 Evacuation Pause) 250M->253M(256M) 33.677ms
[2020-01-29T21:38:57.722+0300][194.258s][info ][gc] GC(6541) To-space exhausted
[2020-01-29T21:38:57.722+0300][194.258s][info ][gc] GC(6541) Pause Young (Concurrent Start) (G1 Evacuation Pause) 255M->255M(256M) 10.527ms
[2020-01-29T21:38:57.722+0300][194.258s][info ][gc] GC(6542) Concurrent Cycle
[2020-01-29T21:38:57.722+0300][194.258s][debug][gc] GC(6543) Clear Next Bitmap 0.086ms
[2020-01-29T21:38:57.755+0300][194.291s][info ][gc] GC(6543) Pause Full (G1 Evacuation Pause) 255M->65M(256M) 32.945ms
[2020-01-29T21:38:57.756+0300][194.291s][info ][gc] GC(6542) Concurrent Cycle 33.284ms
[2020-01-29T21:38:57.808+0300][194.343s][info ][gc] GC(6544) Pause Young (Normal) (G1 Evacuation Pause) 121M->120M(256M) 30.167ms
[2020-01-29T21:38:57.838+0300][194.374s][info ][gc] GC(6545) Pause Young (Concurrent Start) (G1 Humongous Allocation) 136M->137M(256M) 13.774ms
[2020-01-29T21:38:57.838+0300][194.374s][info ][gc] GC(6546) Concurrent Cycle
[2020-01-29T21:38:57.871+0300][194.406s][info ][gc] GC(6547) Pause Young (Normal) (G1 Evacuation Pause) 185M->186M(256M) 20.531ms
[2020-01-29T21:38:57.876+0300][194.411s][debug][gc] GC(6546) Reclaimed 111 empty regions
[2020-01-29T21:38:57.876+0300][194.411s][info ][gc] GC(6546) Pause Remark 196M->87M(256M) 0.675ms
[2020-01-29T21:38:57.887+0300][194.422s][info ][gc] GC(6548) Pause Young (Normal) (G1 Evacuation Pause) 89M->90M(256M) 10.152ms
[2020-01-29T21:38:57.935+0300][194.470s][info ][gc] GC(6549) Pause Young (Normal) (G1 Evacuation Pause) 133M->134M(256M) 31.152ms
[2020-01-29T21:38:57.985+0300][194.520s][info ][gc] GC(6550) Pause Young (Normal) (G1 Evacuation Pause) 163M->164M(256M) 37.756ms
[2020-01-29T21:38:58.037+0300][194.572s][info ][gc] GC(6551) Pause Young (Normal) (G1 Evacuation Pause) 204M->205M(256M) 32.206ms
[2020-01-29T21:38:58.068+0300][194.603s][info ][gc] GC(6552) Pause Young (Normal) (G1 Evacuation Pause) 213M->213M(256M) 27.477ms
[2020-01-29T21:38:58.068+0300][194.603s][info ][gc] GC(6546) Pause Cleanup 214M->214M(256M) 0.049ms
[2020-01-29T21:38:58.069+0300][194.604s][info ][gc] GC(6546) Concurrent Cycle 230.005ms
[2020-01-29T21:38:58.097+0300][194.632s][info ][gc] GC(6553) Pause Young (Normal) (G1 Evacuation Pause) 223M->224M(256M) 24.565ms
[2020-01-29T21:38:58.109+0300][194.644s][info ][gc] GC(6554) Pause Young (Concurrent Start) (G1 Evacuation Pause) 234M->235M(256M) 8.232ms
[2020-01-29T21:38:58.109+0300][194.645s][info ][gc] GC(6555) Concurrent Cycle
[2020-01-29T21:38:58.127+0300][194.662s][info ][gc] GC(6556) To-space exhausted
[2020-01-29T21:38:58.127+0300][194.662s][info ][gc] GC(6556) Pause Young (Normal) (G1 Evacuation Pause) 245M->248M(256M) 11.505ms
[2020-01-29T21:38:58.147+0300][194.683s][info ][gc] GC(6557) To-space exhausted
[2020-01-29T21:38:58.147+0300][194.683s][info ][gc] GC(6557) Pause Young (Normal) (G1 Evacuation Pause) 255M->255M(256M) 17.466ms
[2020-01-29T21:38:58.148+0300][194.683s][debug][gc] GC(6558) Clear Next Bitmap 0.075ms
[2020-01-29T21:38:58.194+0300][194.729s][info ][gc] GC(6558) Pause Full (G1 Evacuation Pause) 255M->83M(256M) 46.071ms
[2020-01-29T21:38:58.194+0300][194.729s][info ][gc] GC(6555) Concurrent Cycle 84.811ms
[2020-01-29T21:38:58.237+0300][194.772s][info ][gc] GC(6559) Pause Young (Normal) (G1 Evacuation Pause) 128M->129M(256M) 24.484ms
[2020-01-29T21:38:58.258+0300][194.794s][info ][gc] GC(6560) Pause Young (Concurrent Start) (G1 Humongous Allocation) 137M->137M(256M) 8.556ms
[2020-01-29T21:38:58.258+0300][194.794s][info ][gc] GC(6561) Concurrent Cycle
[2020-01-29T21:38:58.270+0300][194.805s][debug][gc] GC(6561) Reclaimed 121 empty regions
[2020-01-29T21:38:58.270+0300][194.806s][info ][gc] GC(6561) Pause Remark 183M->64M(256M) 0.657ms
[2020-01-29T21:38:58.289+0300][194.824s][info ][gc] GC(6562) Pause Young (Normal) (G1 Evacuation Pause) 66M->63M(256M) 17.568ms
[2020-01-29T21:38:58.353+0300][194.888s][info ][gc] GC(6563) Pause Young (Normal) (G1 Evacuation Pause) 115M->116M(256M) 42.560ms
[2020-01-29T21:38:58.354+0300][194.889s][info ][gc] GC(6561) Pause Cleanup 116M->116M(256M) 0.041ms
[2020-01-29T21:38:58.354+0300][194.889s][info ][gc] GC(6561) Concurrent Cycle 95.074ms
[2020-01-29T21:38:58.408+0300][194.943s][info ][gc] GC(6564) Pause Young (Normal) (G1 Evacuation Pause) 151M->151M(256M) 39.910ms
[2020-01-29T21:38:58.423+0300][194.958s][info ][gc] GC(6565) Pause Young (Concurrent Start) (G1 Humongous Allocation) 152M->154M(256M) 4.481ms
[2020-01-29T21:38:58.423+0300][194.958s][info ][gc] GC(6566) Concurrent Cycle
[2020-01-29T21:38:58.430+0300][194.966s][debug][gc] GC(6566) Reclaimed 139 empty regions
[2020-01-29T21:38:58.430+0300][194.966s][info ][gc] GC(6566) Pause Remark 191M->52M(256M) 0.666ms
[2020-01-29T21:38:58.448+0300][194.984s][info ][gc] GC(6567) Pause Young (Normal) (G1 Evacuation Pause) 58M->57M(256M) 15.022ms
[2020-01-29T21:38:58.463+0300][194.999s][info ][gc] GC(6566) Pause Cleanup 96M->96M(256M) 0.038ms
[2020-01-29T21:38:58.463+0300][194.999s][info ][gc] GC(6566) Concurrent Cycle 41.087ms
[2020-01-29T21:38:58.508+0300][195.043s][info ][gc] GC(6568) Pause Young (Normal) (G1 Evacuation Pause) 110M->111M(256M) 38.546ms
[2020-01-29T21:38:58.546+0300][195.081s][info ][gc] GC(6569) Pause Young (Concurrent Start) (G1 Evacuation Pause) 147M->147M(256M) 24.020ms
[2020-01-29T21:38:58.546+0300][195.081s][info ][gc] GC(6570) Concurrent Cycle
[2020-01-29T21:38:58.588+0300][195.123s][info ][gc] GC(6571) Pause Young (Normal) (G1 Evacuation Pause) 192M->193M(256M) 18.865ms
[2020-01-29T21:38:58.602+0300][195.137s][info ][gc] GC(6572) Pause Young (Normal) (G1 Evacuation Pause) 204M->205M(256M) 8.951ms
[2020-01-29T21:38:58.614+0300][195.149s][info ][gc] GC(6573) Pause Young (Normal) (G1 Evacuation Pause) 215M->216M(256M) 7.995ms
[2020-01-29T21:38:58.627+0300][195.162s][info ][gc] GC(6574) Pause Young (Normal) (G1 Evacuation Pause) 226M->227M(256M) 8.406ms
[2020-01-29T21:38:58.639+0300][195.174s][info ][gc] GC(6575) Pause Young (Normal) (G1 Evacuation Pause) 237M->238M(256M) 7.930ms
[2020-01-29T21:38:58.656+0300][195.191s][info ][gc] GC(6576) To-space exhausted
[2020-01-29T21:38:58.656+0300][195.192s][info ][gc] GC(6576) Pause Young (Normal) (G1 Evacuation Pause) 248M->250M(256M) 13.495ms
[2020-01-29T21:38:58.672+0300][195.207s][info ][gc] GC(6577) To-space exhausted
[2020-01-29T21:38:58.672+0300][195.208s][info ][gc] GC(6577) Pause Young (Normal) (G1 Evacuation Pause) 255M->255M(256M) 13.896ms
[2020-01-29T21:38:58.673+0300][195.208s][debug][gc] GC(6578) Clear Next Bitmap 0.078ms
[2020-01-29T21:38:58.727+0300][195.262s][info ][gc] GC(6578) Pause Full (G1 Evacuation Pause) 255M->99M(256M) 54.103ms
[2020-01-29T21:38:58.727+0300][195.262s][info ][gc] GC(6570) Concurrent Cycle 180.610ms
[2020-01-29T21:38:58.774+0300][195.308s][info ][gc] GC(6579) Pause Young (Concurrent Start) (G1 Humongous Allocation) 136M->136M(256M) 21.044ms
[2020-01-29T21:38:58.774+0300][195.309s][info ][gc] GC(6580) Concurrent Cycle
[2020-01-29T21:38:58.815+0300][195.350s][info ][gc] GC(6581) Pause Young (Normal) (G1 Evacuation Pause) 184M->185M(256M) 22.298ms
[2020-01-29T21:38:58.819+0300][195.355s][debug][gc] GC(6580) Reclaimed 98 empty regions
[2020-01-29T21:38:58.819+0300][195.355s][info ][gc] GC(6580) Pause Remark 193M->97M(256M) 0.663ms
[2020-01-29T21:38:58.833+0300][195.369s][info ][gc] GC(6582) Pause Young (Normal) (G1 Evacuation Pause) 102M->103M(256M) 11.200ms
[2020-01-29T21:38:58.878+0300][195.414s][info ][gc] GC(6583) Pause Young (Normal) (G1 Evacuation Pause) 142M->143M(256M) 29.243ms
[2020-01-29T21:38:58.922+0300][195.458s][info ][gc] GC(6584) Pause Young (Normal) (G1 Evacuation Pause) 169M->171M(256M) 33.425ms
[2020-01-29T21:38:58.973+0300][195.508s][info ][gc] GC(6585) Pause Young (Normal) (G1 Evacuation Pause) 209M->210M(256M) 31.502ms
[2020-01-29T21:38:59.002+0300][195.537s][info ][gc] GC(6586) Pause Young (Normal) (G1 Evacuation Pause) 219M->220M(256M) 25.467ms
[2020-01-29T21:38:59.033+0300][195.568s][info ][gc] GC(6587) Pause Young (Normal) (G1 Evacuation Pause) 230M->230M(256M) 26.755ms
[2020-01-29T21:38:59.037+0300][195.572s][info ][gc] GC(6580) Pause Cleanup 238M->238M(256M) 0.046ms
[2020-01-29T21:38:59.037+0300][195.572s][info ][gc] GC(6580) Concurrent Cycle 263.465ms
[2020-01-29T21:38:59.066+0300][195.601s][info ][gc] GC(6588) Pause Young (Normal) (G1 Evacuation Pause) 240M->241M(256M) 28.306ms
[2020-01-29T21:38:59.088+0300][195.623s][info ][gc] GC(6589) To-space exhausted
[2020-01-29T21:38:59.088+0300][195.623s][info ][gc] GC(6589) Pause Young (Concurrent Start) (G1 Evacuation Pause) 251M->254M(256M) 17.665ms
[2020-01-29T21:38:59.088+0300][195.623s][info ][gc] GC(6590) Concurrent Cycle
[2020-01-29T21:38:59.098+0300][195.633s][info ][gc] GC(6591) To-space exhausted
[2020-01-29T21:38:59.098+0300][195.633s][info ][gc] GC(6591) Pause Young (Normal) (G1 Evacuation Pause) 255M->255M(256M) 7.363ms
[2020-01-29T21:38:59.098+0300][195.633s][debug][gc] GC(6592) Clear Next Bitmap 0.087ms
[2020-01-29T21:38:59.136+0300][195.671s][info ][gc] GC(6592) Pause Full (G1 Evacuation Pause) 255M->70M(256M) 37.710ms
[2020-01-29T21:38:59.136+0300][195.671s][info ][gc] GC(6590) Concurrent Cycle 47.880ms
[2020-01-29T21:38:59.182+0300][195.717s][info ][gc] GC(6593) Pause Young (Normal) (G1 Evacuation Pause) 119M->119M(256M) 27.280ms
[2020-01-29T21:38:59.212+0300][195.748s][info ][gc] GC(6594) Pause Young (Concurrent Start) (G1 Humongous Allocation) 136M->137M(256M) 13.631ms
[2020-01-29T21:38:59.212+0300][195.748s][info ][gc] GC(6595) Concurrent Cycle
[2020-01-29T21:38:59.245+0300][195.781s][info ][gc] GC(6596) Pause Young (Normal) (G1 Evacuation Pause) 185M->186M(256M) 20.198ms
[2020-01-29T21:38:59.250+0300][195.785s][debug][gc] GC(6595) Reclaimed 110 empty regions
[2020-01-29T21:38:59.250+0300][195.785s][info ][gc] GC(6595) Pause Remark 196M->88M(256M) 0.693ms
[2020-01-29T21:38:59.261+0300][195.796s][info ][gc] GC(6597) Pause Young (Normal) (G1 Evacuation Pause) 90M->91M(256M) 9.611ms
[2020-01-29T21:38:59.309+0300][195.844s][info ][gc] GC(6598) Pause Young (Normal) (G1 Evacuation Pause) 134M->135M(256M) 30.765ms
[2020-01-29T21:38:59.358+0300][195.894s][info ][gc] GC(6599) Pause Young (Normal) (G1 Evacuation Pause) 164M->165M(256M) 37.551ms
[2020-01-29T21:38:59.413+0300][195.948s][info ][gc] GC(6600) Pause Young (Normal) (G1 Evacuation Pause) 205M->206M(256M) 34.823ms
[2020-01-29T21:38:59.446+0300][195.981s][info ][gc] GC(6601) Pause Young (Normal) (G1 Evacuation Pause) 214M->214M(256M) 29.153ms
[2020-01-29T21:38:59.447+0300][195.982s][info ][gc] GC(6595) Pause Cleanup 216M->216M(256M) 0.048ms
[2020-01-29T21:38:59.447+0300][195.982s][info ][gc] GC(6595) Concurrent Cycle 234.405ms
[2020-01-29T21:38:59.478+0300][196.013s][info ][gc] GC(6602) Pause Young (Normal) (G1 Evacuation Pause) 224M->225M(256M) 26.588ms
[2020-01-29T21:38:59.490+0300][196.025s][info ][gc] GC(6603) Pause Young (Concurrent Start) (G1 Evacuation Pause) 235M->236M(256M) 8.042ms
[2020-01-29T21:38:59.490+0300][196.025s][info ][gc] GC(6604) Concurrent Cycle
[2020-01-29T21:38:59.508+0300][196.043s][info ][gc] GC(6605) To-space exhausted
[2020-01-29T21:38:59.508+0300][196.043s][info ][gc] GC(6605) Pause Young (Normal) (G1 Evacuation Pause) 246M->248M(256M) 11.363ms
[2020-01-29T21:38:59.528+0300][196.063s][info ][gc] GC(6606) To-space exhausted
[2020-01-29T21:38:59.528+0300][196.063s][info ][gc] GC(6606) Pause Young (Normal) (G1 Evacuation Pause) 255M->255M(256M) 17.483ms
[2020-01-29T21:38:59.529+0300][196.063s][debug][gc] GC(6607) Clear Next Bitmap 0.059ms
[2020-01-29T21:38:59.574+0300][196.110s][info ][gc] GC(6607) Pause Full (G1 Evacuation Pause) 255M->83M(256M) 46.712ms
[2020-01-29T21:38:59.575+0300][196.110s][info ][gc] GC(6604) Concurrent Cycle 85.221ms
[2020-01-29T21:38:59.618+0300][196.153s][info ][gc] GC(6608) Pause Young (Normal) (G1 Evacuation Pause) 128M->128M(256M) 24.162ms
[2020-01-29T21:38:59.639+0300][196.175s][info ][gc] GC(6609) Pause Young (Concurrent Start) (G1 Humongous Allocation) 136M->137M(256M) 8.414ms
[2020-01-29T21:38:59.639+0300][196.175s][info ][gc] GC(6610) Concurrent Cycle
[2020-01-29T21:38:59.651+0300][196.187s][debug][gc] GC(6610) Reclaimed 117 empty regions
[2020-01-29T21:38:59.651+0300][196.187s][info ][gc] GC(6610) Pause Remark 182M->68M(256M) 0.804ms
[2020-01-29T21:38:59.669+0300][196.205s][info ][gc] GC(6611) Pause Young (Normal) (G1 Evacuation Pause) 70M->66M(256M) 17.029ms
[2020-01-29T21:38:59.732+0300][196.267s][info ][gc] GC(6612) Pause Young (Normal) (G1 Evacuation Pause) 117M->118M(256M) 41.069ms
[2020-01-29T21:38:59.732+0300][196.268s][info ][gc] GC(6610) Pause Cleanup 120M->120M(256M) 0.054ms
[2020-01-29T21:38:59.733+0300][196.269s][info ][gc] GC(6610) Concurrent Cycle 94.004ms
[2020-01-29T21:38:59.788+0300][196.324s][info ][gc] GC(6613) Pause Young (Normal) (G1 Evacuation Pause) 152M->153M(256M) 41.690ms
[2020-01-29T21:38:59.806+0300][196.342s][info ][gc] GC(6614) Pause Young (Concurrent Start) (G1 Humongous Allocation) 156M->157M(256M) 5.598ms
[2020-01-29T21:38:59.806+0300][196.342s][info ][gc] GC(6615) Concurrent Cycle
[2020-01-29T21:38:59.816+0300][196.351s][debug][gc] GC(6615) Reclaimed 139 empty regions
[2020-01-29T21:38:59.816+0300][196.351s][info ][gc] GC(6615) Pause Remark 194M->55M(256M) 0.720ms
[2020-01-29T21:38:59.835+0300][196.370s][info ][gc] GC(6616) Pause Young (Normal) (G1 Evacuation Pause) 60M->58M(256M) 15.609ms
[2020-01-29T21:38:59.849+0300][196.385s][info ][gc] GC(6615) Pause Cleanup 91M->91M(256M) 0.047ms
[2020-01-29T21:38:59.849+0300][196.385s][info ][gc] GC(6615) Concurrent Cycle 43.019ms
[2020-01-29T21:38:59.896+0300][196.431s][info ][gc] GC(6617) Pause Young (Normal) (G1 Evacuation Pause) 111M->111M(256M) 37.583ms
[2020-01-29T21:38:59.934+0300][196.470s][info ][gc] GC(6618) Pause Young (Concurrent Start) (G1 Evacuation Pause) 147M->148M(256M) 24.221ms
[2020-01-29T21:38:59.934+0300][196.470s][info ][gc] GC(6619) Concurrent Cycle
[2020-01-29T21:38:59.977+0300][196.513s][info ][gc] GC(6620) Pause Young (Normal) (G1 Evacuation Pause) 193M->194M(256M) 18.982ms
[2020-01-29T21:38:59.990+0300][196.526s][info ][gc] GC(6621) Pause Young (Normal) (G1 Evacuation Pause) 204M->205M(256M) 8.606ms
[2020-01-29T21:39:00.003+0300][196.538s][info ][gc] GC(6622) Pause Young (Normal) (G1 Evacuation Pause) 215M->215M(256M) 7.833ms
[2020-01-29T21:39:00.015+0300][196.551s][info ][gc] GC(6623) Pause Young (Normal) (G1 Evacuation Pause) 225M->226M(256M) 7.739ms
[2020-01-29T21:39:00.028+0300][196.563s][info ][gc] GC(6624) Pause Young (Normal) (G1 Evacuation Pause) 236M->237M(256M) 7.720ms
[2020-01-29T21:39:00.044+0300][196.579s][info ][gc] GC(6625) To-space exhausted
[2020-01-29T21:39:00.044+0300][196.579s][info ][gc] GC(6625) Pause Young (Normal) (G1 Evacuation Pause) 247M->249M(256M) 12.131ms
[2020-01-29T21:39:00.062+0300][196.598s][info ][gc] GC(6626) To-space exhausted
[2020-01-29T21:39:00.062+0300][196.598s][info ][gc] GC(6626) Pause Young (Normal) (G1 Evacuation Pause) 255M->255M(256M) 15.392ms
[2020-01-29T21:39:00.063+0300][196.598s][debug][gc] GC(6627) Clear Next Bitmap 0.073ms
[2020-01-29T21:39:00.117+0300][196.652s][info ][gc] GC(6627) Pause Full (G1 Evacuation Pause) 255M->98M(256M) 54.253ms
[2020-01-29T21:39:00.117+0300][196.652s][info ][gc] GC(6619) Concurrent Cycle 182.328ms
[2020-01-29T21:39:00.164+0300][196.699s][info ][gc] GC(6628) Pause Young (Concurrent Start) (G1 Humongous Allocation) 136M->136M(256M) 21.044ms
[2020-01-29T21:39:00.164+0300][196.699s][info ][gc] GC(6629) Concurrent Cycle
[2020-01-29T21:39:00.205+0300][196.740s][info ][gc] GC(6630) Pause Young (Normal) (G1 Evacuation Pause) 184M->185M(256M) 20.651ms
[2020-01-29T21:39:00.210+0300][196.745s][debug][gc] GC(6629) Reclaimed 96 empty regions
[2020-01-29T21:39:00.210+0300][196.745s][info ][gc] GC(6629) Pause Remark 193M->99M(256M) 0.744ms
[2020-01-29T21:39:00.224+0300][196.759s][info ][gc] GC(6631) Pause Young (Normal) (G1 Evacuation Pause) 104M->105M(256M) 11.430ms
[2020-01-29T21:39:00.268+0300][196.803s][info ][gc] GC(6632) Pause Young (Normal) (G1 Evacuation Pause) 143M->144M(256M) 28.498ms
[2020-01-29T21:39:00.313+0300][196.849s][info ][gc] GC(6633) Pause Young (Normal) (G1 Evacuation Pause) 170M->171M(256M) 33.114ms
[2020-01-29T21:39:00.365+0300][196.901s][info ][gc] GC(6634) Pause Young (Normal) (G1 Evacuation Pause) 209M->210M(256M) 31.440ms
[2020-01-29T21:39:00.395+0300][196.931s][info ][gc] GC(6635) Pause Young (Normal) (G1 Evacuation Pause) 219M->220M(256M) 25.067ms
[2020-01-29T21:39:00.425+0300][196.961s][info ][gc] GC(6636) Pause Young (Normal) (G1 Evacuation Pause) 230M->231M(256M) 25.999ms
[2020-01-29T21:39:00.426+0300][196.961s][info ][gc] GC(6629) Pause Cleanup 232M->232M(256M) 0.044ms
[2020-01-29T21:39:00.426+0300][196.962s][info ][gc] GC(6629) Concurrent Cycle 262.756ms
[2020-01-29T21:39:00.454+0300][196.990s][info ][gc] GC(6637) Pause Young (Normal) (G1 Evacuation Pause) 241M->242M(256M) 24.487ms
[2020-01-29T21:39:00.479+0300][197.014s][info ][gc] GC(6638) To-space exhausted
[2020-01-29T21:39:00.479+0300][197.014s][info ][gc] GC(6638) Pause Young (Concurrent Start) (G1 Evacuation Pause) 252M->255M(256M) 19.972ms
[2020-01-29T21:39:00.479+0300][197.014s][info ][gc] GC(6640) Concurrent Cycle
[2020-01-29T21:39:00.479+0300][197.014s][debug][gc] GC(6639) Clear Next Bitmap 0.061ms
[2020-01-29T21:39:00.517+0300][197.052s][info ][gc] GC(6639) Pause Full (G1 Evacuation Pause) 255M->69M(256M) 38.207ms
[2020-01-29T21:39:00.517+0300][197.053s][info ][gc] GC(6640) Concurrent Cycle 38.548ms
[2020-01-29T21:39:00.566+0300][197.101s][info ][gc] GC(6641) Pause Young (Normal) (G1 Evacuation Pause) 119M->118M(256M) 27.057ms
[2020-01-29T21:39:00.600+0300][197.135s][info ][gc] GC(6642) Pause Young (Concurrent Start) (G1 Humongous Allocation) 137M->138M(256M) 15.094ms
[2020-01-29T21:39:00.600+0300][197.135s][info ][gc] GC(6643) Concurrent Cycle
[2020-01-29T21:39:00.634+0300][197.169s][info ][gc] GC(6644) Pause Young (Normal) (G1 Evacuation Pause) 186M->187M(256M) 20.453ms
[2020-01-29T21:39:00.638+0300][197.174s][debug][gc] GC(6643) Reclaimed 109 empty regions
[2020-01-29T21:39:00.638+0300][197.174s][info ][gc] GC(6643) Pause Remark 193M->86M(256M) 0.690ms
[2020-01-29T21:39:00.651+0300][197.187s][info ][gc] GC(6645) Pause Young (Normal) (G1 Evacuation Pause) 91M->92M(256M) 10.210ms
[2020-01-29T21:39:00.699+0300][197.234s][info ][gc] GC(6646) Pause Young (Normal) (G1 Evacuation Pause) 134M->135M(256M) 29.582ms
[2020-01-29T21:39:00.753+0300][197.288s][info ][gc] GC(6647) Pause Young (Normal) (G1 Evacuation Pause) 164M->165M(256M) 40.973ms
[2020-01-29T21:39:00.775+0300][197.310s][info ][gc] GC(6643) Pause Cleanup 205M->205M(256M) 0.048ms
[2020-01-29T21:39:00.808+0300][197.344s][info ][gc] GC(6648) Pause Young (Normal) (G1 Evacuation Pause) 205M->206M(256M) 33.746ms
[2020-01-29T21:39:00.808+0300][197.344s][info ][gc] GC(6643) Concurrent Cycle 209.029ms
[2020-01-29T21:39:00.820+0300][197.356s][info ][gc] GC(6649) Pause Young (Normal) (G1 Evacuation Pause) 214M->215M(256M) 7.519ms
[2020-01-29T21:39:00.834+0300][197.369s][info ][gc] GC(6650) Pause Young (Concurrent Start) (G1 Evacuation Pause) 225M->226M(256M) 8.465ms
[2020-01-29T21:39:00.834+0300][197.369s][info ][gc] GC(6651) Concurrent Cycle
[2020-01-29T21:39:00.849+0300][197.385s][info ][gc] GC(6652) Pause Young (Normal) (G1 Evacuation Pause) 236M->237M(256M) 7.603ms
[2020-01-29T21:39:00.868+0300][197.404s][info ][gc] GC(6653) To-space exhausted
[2020-01-29T21:39:00.868+0300][197.404s][info ][gc] GC(6653) Pause Young (Normal) (G1 Evacuation Pause) 247M->251M(256M) 14.212ms
[2020-01-29T21:39:00.884+0300][197.420s][info ][gc] GC(6654) To-space exhausted
[2020-01-29T21:39:00.885+0300][197.420s][info ][gc] GC(6654) Pause Young (Normal) (G1 Evacuation Pause) 255M->255M(256M) 12.950ms
[2020-01-29T21:39:00.885+0300][197.420s][debug][gc] GC(6655) Clear Next Bitmap 0.079ms
[2020-01-29T21:39:00.927+0300][197.463s][info ][gc] GC(6655) Pause Full (G1 Evacuation Pause) 255M->79M(256M) 42.742ms
[2020-01-29T21:39:00.928+0300][197.463s][info ][gc] GC(6651) Concurrent Cycle 93.919ms
[2020-01-29T21:39:00.973+0300][197.508s][info ][gc] GC(6656) Pause Young (Normal) (G1 Evacuation Pause) 125M->125M(256M) 25.617ms
[2020-01-29T21:39:01.000+0300][197.535s][info ][gc] GC(6657) Pause Young (Concurrent Start) (G1 Humongous Allocation) 137M->137M(256M) 11.601ms
[2020-01-29T21:39:01.000+0300][197.535s][info ][gc] GC(6658) Concurrent Cycle
[2020-01-29T21:39:01.016+0300][197.551s][debug][gc] GC(6658) Reclaimed 117 empty regions
[2020-01-29T21:39:01.016+0300][197.552s][info ][gc] GC(6658) Pause Remark 178M->63M(256M) 0.777ms
[2020-01-29T21:39:01.040+0300][197.576s][info ][gc] GC(6659) Pause Young (Normal) (G1 Evacuation Pause) 70M->66M(256M) 18.444ms
[2020-01-29T21:39:01.059+0300][197.594s][info ][gc] GC(6658) Pause Cleanup 109M->109M(256M) 0.039ms
[2020-01-29T21:39:01.060+0300][197.595s][info ][gc] GC(6658) Concurrent Cycle 59.288ms
[2020-01-29T21:39:01.102+0300][197.638s][info ][gc] GC(6660) Pause Young (Normal) (G1 Evacuation Pause) 117M->118M(256M) 40.158ms
[2020-01-29T21:39:01.140+0300][197.675s][info ][gc] GC(6661) Pause Young (Concurrent Start) (G1 Evacuation Pause) 152M->153M(256M) 23.565ms
[2020-01-29T21:39:01.140+0300][197.675s][info ][gc] GC(6662) Concurrent Cycle
[2020-01-29T21:39:01.180+0300][197.715s][info ][gc] GC(6663) Pause Young (Normal) (G1 Evacuation Pause) 196M->196M(256M) 17.698ms
[2020-01-29T21:39:01.193+0300][197.728s][info ][gc] GC(6664) Pause Young (Normal) (G1 Evacuation Pause) 206M->207M(256M) 8.899ms
[2020-01-29T21:39:01.205+0300][197.740s][info ][gc] GC(6665) Pause Young (Normal) (G1 Evacuation Pause) 217M->217M(256M) 7.826ms
[2020-01-29T21:39:01.217+0300][197.752s][info ][gc] GC(6666) Pause Young (Normal) (G1 Evacuation Pause) 227M->228M(256M) 7.906ms
[2020-01-29T21:39:01.229+0300][197.764s][info ][gc] GC(6667) Pause Young (Normal) (G1 Evacuation Pause) 238M->239M(256M) 7.959ms
[2020-01-29T21:39:01.248+0300][197.783s][info ][gc] GC(6668) To-space exhausted
[2020-01-29T21:39:01.248+0300][197.783s][info ][gc] GC(6668) Pause Young (Normal) (G1 Evacuation Pause) 249M->251M(256M) 14.923ms
[2020-01-29T21:39:01.263+0300][197.798s][info ][gc] GC(6669) To-space exhausted
[2020-01-29T21:39:01.263+0300][197.798s][info ][gc] GC(6669) Pause Young (Normal) (G1 Evacuation Pause) 255M->255M(256M) 13.693ms
[2020-01-29T21:39:01.263+0300][197.799s][debug][gc] GC(6670) Clear Next Bitmap 0.076ms
[2020-01-29T21:39:01.318+0300][197.853s][info ][gc] GC(6670) Pause Full (G1 Evacuation Pause) 255M->96M(256M) 54.619ms
[2020-01-29T21:39:01.318+0300][197.853s][info ][gc] GC(6662) Concurrent Cycle 178.259ms
[2020-01-29T21:39:01.367+0300][197.902s][info ][gc] GC(6671) Pause Young (Concurrent Start) (G1 Humongous Allocation) 136M->136M(256M) 22.330ms
[2020-01-29T21:39:01.367+0300][197.902s][info ][gc] GC(6672) Concurrent Cycle
[2020-01-29T21:39:01.409+0300][197.943s][info ][gc] GC(6673) Pause Young (Normal) (G1 Evacuation Pause) 184M->185M(256M) 20.303ms
[2020-01-29T21:39:01.412+0300][197.948s][debug][gc] GC(6672) Reclaimed 95 empty regions
[2020-01-29T21:39:01.412+0300][197.948s][info ][gc] GC(6672) Pause Remark 194M->101M(256M) 0.649ms
[2020-01-29T21:39:01.425+0300][197.961s][info ][gc] GC(6674) Pause Young (Normal) (G1 Evacuation Pause) 105M->106M(256M) 11.360ms
[2020-01-29T21:39:01.468+0300][198.004s][info ][gc] GC(6675) Pause Young (Normal) (G1 Evacuation Pause) 144M->144M(256M) 27.740ms
[2020-01-29T21:39:01.513+0300][198.049s][info ][gc] GC(6676) Pause Young (Normal) (G1 Evacuation Pause) 170M->171M(256M) 34.257ms
[2020-01-29T21:39:01.568+0300][198.103s][info ][gc] GC(6677) Pause Young (Normal) (G1 Evacuation Pause) 209M->210M(256M) 35.092ms
[2020-01-29T21:39:01.601+0300][198.136s][info ][gc] GC(6678) Pause Young (Normal) (G1 Evacuation Pause) 219M->220M(256M) 28.251ms
[2020-01-29T21:39:01.634+0300][198.169s][info ][gc] GC(6679) Pause Young (Normal) (G1 Evacuation Pause) 230M->230M(256M) 29.095ms
[2020-01-29T21:39:01.669+0300][198.204s][info ][gc] GC(6680) Pause Young (Normal) (G1 Evacuation Pause) 240M->241M(256M) 30.603ms
[2020-01-29T21:39:01.671+0300][198.206s][info ][gc] GC(6672) Pause Cleanup 245M->245M(256M) 0.042ms
[2020-01-29T21:39:01.671+0300][198.206s][info ][gc] GC(6672) Concurrent Cycle 304.615ms
[2020-01-29T21:39:01.711+0300][198.246s][info ][gc] GC(6681) To-space exhausted
[2020-01-29T21:39:01.711+0300][198.246s][info ][gc] GC(6681) Pause Young (Normal) (G1 Evacuation Pause) 251M->255M(256M) 37.491ms
[2020-01-29T21:39:01.748+0300][198.283s][info ][gc] GC(6682) Pause Full (G1 Evacuation Pause) 255M->68M(256M) 35.993ms
[2020-01-29T21:39:01.795+0300][198.329s][info ][gc] GC(6683) Pause Young (Concurrent Start) (G1 Evacuation Pause) 118M->118M(256M) 27.255ms
[2020-01-29T21:39:01.795+0300][198.330s][info ][gc] GC(6684) Concurrent Cycle
[2020-01-29T21:39:01.845+0300][198.380s][info ][gc] GC(6685) Pause Young (Normal) (G1 Evacuation Pause) 171M->172M(256M) 23.598ms
[2020-01-29T21:39:01.864+0300][198.399s][info ][gc] GC(6686) Pause Young (Normal) (G1 Evacuation Pause) 188M->189M(256M) 12.518ms
[2020-01-29T21:39:01.878+0300][198.413s][info ][gc] GC(6687) Pause Young (Normal) (G1 Evacuation Pause) 200M->201M(256M) 8.468ms
[2020-01-29T21:39:01.890+0300][198.425s][info ][gc] GC(6688) Pause Young (Normal) (G1 Evacuation Pause) 211M->212M(256M) 7.860ms
[2020-01-29T21:39:01.903+0300][198.438s][info ][gc] GC(6689) Pause Young (Normal) (G1 Evacuation Pause) 222M->223M(256M) 8.180ms
[2020-01-29T21:39:01.912+0300][198.450s][info ][gc] GC(6690) Pause Young (Normal) (G1 Evacuation Pause) 233M->234M(256M) 8.001ms
[2020-01-29T21:39:01.932+0300][198.467s][info ][gc] GC(6691) To-space exhausted
[2020-01-29T21:39:01.932+0300][198.468s][info ][gc] GC(6691) Pause Young (Normal) (G1 Evacuation Pause) 244M->247M(256M) 13.227ms
[2020-01-29T21:39:01.948+0300][198.483s][info ][gc] GC(6692) To-space exhausted
[2020-01-29T21:39:01.948+0300][198.483s][info ][gc] GC(6692) Pause Young (Normal) (G1 Evacuation Pause) 252M->252M(256M) 13.775ms
[2020-01-29T21:39:01.948+0300][198.484s][debug][gc] GC(6693) Clear Next Bitmap 0.071ms
[2020-01-29T21:39:02.008+0300][198.543s][info ][gc] GC(6693) Pause Full (G1 Evacuation Pause) 252M->108M(256M) 59.687ms
[2020-01-29T21:39:02.008+0300][198.543s][info ][gc] GC(6684) Concurrent Cycle 213.871ms
[2020-01-29T21:39:02.046+0300][198.581s][info ][gc] GC(6694) Pause Young (Concurrent Start) (G1 Humongous Allocation) 136M->136M(256M) 16.498ms
[2020-01-29T21:39:02.046+0300][198.581s][info ][gc] GC(6695) Concurrent Cycle
[2020-01-29T21:39:02.082+0300][198.617s][info ][gc] GC(6696) Pause Young (Normal) (G1 Evacuation Pause) 184M->186M(256M) 20.343ms
[2020-01-29T21:39:02.086+0300][198.622s][debug][gc] GC(6695) Reclaimed 103 empty regions
[2020-01-29T21:39:02.087+0300][198.622s][info ][gc] GC(6695) Pause Remark 196M->95M(256M) 0.654ms
[2020-01-29T21:39:02.099+0300][198.634s][info ][gc] GC(6697) Pause Young (Normal) (G1 Evacuation Pause) 97M->98M(256M) 11.197ms
[2020-01-29T21:39:02.148+0300][198.683s][info ][gc] GC(6698) Pause Young (Normal) (G1 Evacuation Pause) 140M->141M(256M) 31.268ms
[2020-01-29T21:39:02.193+0300][198.728s][info ][gc] GC(6699) Pause Young (Normal) (G1 Evacuation Pause) 168M->169M(256M) 33.822ms
[2020-01-29T21:39:02.242+0300][198.777s][info ][gc] GC(6700) Pause Young (Normal) (G1 Evacuation Pause) 207M->208M(256M) 29.978ms
[2020-01-29T21:39:02.272+0300][198.807s][info ][gc] GC(6701) Pause Young (Normal) (G1 Evacuation Pause) 217M->218M(256M) 26.439ms
[2020-01-29T21:39:02.273+0300][198.808s][info ][gc] GC(6695) Pause Cleanup 219M->219M(256M) 0.048ms
[2020-01-29T21:39:02.273+0300][198.809s][info ][gc] GC(6695) Concurrent Cycle 227.070ms
[2020-01-29T21:39:02.300+0300][198.836s][info ][gc] GC(6702) Pause Young (Normal) (G1 Evacuation Pause) 228M->229M(256M) 23.252ms
[2020-01-29T21:39:02.313+0300][198.849s][info ][gc] GC(6703) Pause Young (Concurrent Start) (G1 Evacuation Pause) 239M->240M(256M) 8.233ms
[2020-01-29T21:39:02.313+0300][198.849s][info ][gc] GC(6704) Concurrent Cycle
[2020-01-29T21:39:02.335+0300][198.871s][info ][gc] GC(6705) To-space exhausted
[2020-01-29T21:39:02.335+0300][198.871s][info ][gc] GC(6705) Pause Young (Normal) (G1 Evacuation Pause) 250M->253M(256M) 15.456ms
[2020-01-29T21:39:02.345+0300][198.881s][info ][gc] GC(6706) To-space exhausted
[2020-01-29T21:39:02.345+0300][198.881s][info ][gc] GC(6706) Pause Young (Normal) (G1 Evacuation Pause) 255M->255M(256M) 9.125ms
[2020-01-29T21:39:02.346+0300][198.881s][debug][gc] GC(6707) Clear Next Bitmap 0.102ms
[2020-01-29T21:39:02.385+0300][198.921s][info ][gc] GC(6707) Pause Full (G1 Evacuation Pause) 255M->76M(256M) 39.782ms
[2020-01-29T21:39:02.386+0300][198.921s][info ][gc] GC(6704) Concurrent Cycle 72.046ms
[2020-01-29T21:39:02.430+0300][198.966s][info ][gc] GC(6708) Pause Young (Normal) (G1 Evacuation Pause) 124M->124M(256M) 25.837ms
[2020-01-29T21:39:02.458+0300][198.993s][info ][gc] GC(6709) Pause Young (Concurrent Start) (G1 Humongous Allocation) 137M->137M(256M) 11.608ms
[2020-01-29T21:39:02.458+0300][198.993s][info ][gc] GC(6710) Concurrent Cycle
[2020-01-29T21:39:02.491+0300][199.026s][info ][gc] GC(6711) Pause Young (Normal) (G1 Evacuation Pause) 185M->185M(256M) 19.853ms
[2020-01-29T21:39:02.493+0300][199.028s][debug][gc] GC(6710) Reclaimed 115 empty regions
[2020-01-29T21:39:02.493+0300][199.028s][info ][gc] GC(6710) Pause Remark 189M->75M(256M) 0.823ms
[2020-01-29T21:39:02.508+0300][199.043s][info ][gc] GC(6712) Pause Young (Normal) (G1 Evacuation Pause) 84M->85M(256M) 10.903ms
[2020-01-29T21:39:02.560+0300][199.095s][info ][gc] GC(6713) Pause Young (Normal) (G1 Evacuation Pause) 130M->131M(256M) 33.905ms
[2020-01-29T21:39:02.624+0300][199.159s][info ][gc] GC(6714) Pause Young (Normal) (G1 Evacuation Pause) 181M->182M(256M) 40.483ms
[2020-01-29T21:39:02.627+0300][199.162s][info ][gc] GC(6710) Pause Cleanup 189M->189M(256M) 0.041ms
[2020-01-29T21:39:02.627+0300][199.163s][info ][gc] GC(6710) Concurrent Cycle 169.208ms
[2020-01-29T21:39:02.659+0300][199.195s][info ][gc] GC(6715) Pause Young (Normal) (G1 Evacuation Pause) 196M->197M(256M) 29.389ms
[2020-01-29T21:39:02.672+0300][199.208s][info ][gc] GC(6716) Pause Young (Concurrent Start) (G1 Evacuation Pause) 207M->208M(256M) 8.844ms
[2020-01-29T21:39:02.672+0300][199.208s][info ][gc] GC(6717) Concurrent Cycle
[2020-01-29T21:39:02.687+0300][199.223s][info ][gc] GC(6718) Pause Young (Normal) (G1 Evacuation Pause) 218M->219M(256M) 8.094ms
[2020-01-29T21:39:02.699+0300][199.235s][info ][gc] GC(6719) Pause Young (Normal) (G1 Evacuation Pause) 229M->230M(256M) 7.687ms
[2020-01-29T21:39:02.711+0300][199.247s][info ][gc] GC(6720) Pause Young (Normal) (G1 Evacuation Pause) 240M->240M(256M) 7.780ms
[2020-01-29T21:39:02.733+0300][199.268s][info ][gc] GC(6721) To-space exhausted
[2020-01-29T21:39:02.733+0300][199.268s][info ][gc] GC(6721) Pause Young (Normal) (G1 Evacuation Pause) 250M->253M(256M) 17.277ms
[2020-01-29T21:39:02.743+0300][199.279s][info ][gc] GC(6722) To-space exhausted
[2020-01-29T21:39:02.743+0300][199.279s][info ][gc] GC(6722) Pause Young (Normal) (G1 Evacuation Pause) 255M->255M(256M) 9.628ms
[2020-01-29T21:39:02.744+0300][199.279s][debug][gc] GC(6723) Clear Next Bitmap 0.084ms
[2020-01-29T21:39:02.792+0300][199.328s][info ][gc] GC(6723) Pause Full (G1 Evacuation Pause) 255M->88M(256M) 48.838ms
[2020-01-29T21:39:02.793+0300][199.328s][info ][gc] GC(6717) Concurrent Cycle 120.351ms
[2020-01-29T21:39:02.834+0300][199.369s][info ][gc] GC(6724) Pause Young (Normal) (G1 Evacuation Pause) 132M->132M(256M) 24.020ms
[2020-01-29T21:39:02.853+0300][199.388s][info ][gc] GC(6725) Pause Young (Concurrent Start) (G1 Humongous Allocation) 136M->137M(256M) 7.219ms
[2020-01-29T21:39:02.853+0300][199.388s][info ][gc] GC(6726) Concurrent Cycle
[2020-01-29T21:39:02.863+0300][199.398s][debug][gc] GC(6726) Reclaimed 123 empty regions
[2020-01-29T21:39:02.863+0300][199.398s][info ][gc] GC(6726) Pause Remark 177M->56M(256M) 0.672ms
[2020-01-29T21:39:02.884+0300][199.420s][info ][gc] GC(6727) Pause Young (Normal) (G1 Evacuation Pause) 64M->61M(256M) 18.050ms
[2020-01-29T21:39:02.899+0300][199.435s][info ][gc] GC(6726) Pause Cleanup 96M->96M(256M) 0.039ms
[2020-01-29T21:39:02.899+0300][199.435s][info ][gc] GC(6726) Concurrent Cycle 46.399ms
[2020-01-29T21:39:02.946+0300][199.482s][info ][gc] GC(6728) Pause Young (Normal) (G1 Evacuation Pause) 114M->115M(256M) 39.602ms
[2020-01-29T21:39:02.994+0300][199.529s][info ][gc] GC(6729) Pause Young (Concurrent Start) (G1 Humongous Allocation) 149M->149M(256M) 23.012ms
[2020-01-29T21:39:02.994+0300][199.529s][info ][gc] GC(6730) Concurrent Cycle
[2020-01-29T21:39:03.035+0300][199.570s][info ][gc] GC(6731) Pause Young (Normal) (G1 Evacuation Pause) 194M->195M(256M) 18.860ms
[2020-01-29T21:39:03.039+0300][199.574s][debug][gc] GC(6730) Reclaimed 99 empty regions
[2020-01-29T21:39:03.039+0300][199.574s][info ][gc] GC(6730) Pause Remark 204M->105M(256M) 0.654ms
[2020-01-29T21:39:03.049+0300][199.584s][info ][gc] GC(6732) Pause Young (Normal) (G1 Evacuation Pause) 106M->107M(256M) 9.220ms
[2020-01-29T21:39:03.091+0300][199.626s][info ][gc] GC(6733) Pause Young (Normal) (G1 Evacuation Pause) 145M->145M(256M) 26.503ms
[2020-01-29T21:39:03.134+0300][199.669s][info ][gc] GC(6734) Pause Young (Normal) (G1 Evacuation Pause) 171M->172M(256M) 32.426ms
[2020-01-29T21:39:03.187+0300][199.722s][info ][gc] GC(6735) Pause Young (Normal) (G1 Evacuation Pause) 209M->210M(256M) 33.354ms
[2020-01-29T21:39:03.218+0300][199.754s][info ][gc] GC(6736) Pause Young (Normal) (G1 Evacuation Pause) 219M->220M(256M) 26.776ms
[2020-01-29T21:39:03.251+0300][199.787s][info ][gc] GC(6737) Pause Young (Normal) (G1 Evacuation Pause) 230M->231M(256M) 27.409ms
[2020-01-29T21:39:03.285+0300][199.820s][info ][gc] GC(6738) Pause Young (Normal) (G1 Evacuation Pause) 241M->242M(256M) 28.995ms
[2020-01-29T21:39:03.329+0300][199.864s][info ][gc] GC(6739) To-space exhausted
[2020-01-29T21:39:03.330+0300][199.864s][info ][gc] GC(6739) Pause Young (Normal) (G1 Evacuation Pause) 252M->255M(256M) 39.111ms
[2020-01-29T21:39:03.330+0300][199.865s][debug][gc] GC(6740) Clear Next Bitmap 0.060ms
[2020-01-29T21:39:03.361+0300][199.896s][info ][gc] GC(6740) Pause Full (G1 Evacuation Pause) 255M->62M(256M) 31.183ms
[2020-01-29T21:39:03.361+0300][199.896s][info ][gc] GC(6730) Concurrent Cycle 367.071ms
[2020-01-29T21:39:03.409+0300][199.945s][info ][gc] GC(6741) Pause Young (Normal) (G1 Evacuation Pause) 114M->114M(256M) 28.429ms
[2020-01-29T21:39:03.447+0300][199.982s][info ][gc] GC(6742) Pause Young (Concurrent Start) (G1 Humongous Allocation) 137M->138M(256M) 16.901ms
[2020-01-29T21:39:03.447+0300][199.982s][info ][gc] GC(6743) Concurrent Cycle
[2020-01-29T21:39:03.483+0300][200.018s][info ][gc] GC(6744) Pause Young (Normal) (G1 Evacuation Pause) 186M->186M(256M) 20.095ms
[2020-01-29T21:39:03.488+0300][200.023s][debug][gc] GC(6743) Reclaimed 104 empty regions
[2020-01-29T21:39:03.488+0300][200.023s][info ][gc] GC(6743) Pause Remark 196M->94M(256M) 0.671ms
[2020-01-29T21:39:03.500+0300][200.035s][info ][gc] GC(6745) Pause Young (Normal) (G1 Evacuation Pause) 96M->97M(256M) 11.164ms
[2020-01-29T21:39:03.546+0300][200.081s][info ][gc] GC(6746) Pause Young (Normal) (G1 Evacuation Pause) 138M->139M(256M) 30.168ms
[2020-01-29T21:39:03.593+0300][200.128s][info ][gc] GC(6747) Pause Young (Normal) (G1 Evacuation Pause) 167M->168M(256M) 35.533ms
[2020-01-29T21:39:03.644+0300][200.179s][info ][gc] GC(6748) Pause Young (Normal) (G1 Evacuation Pause) 207M->208M(256M) 32.490ms
[2020-01-29T21:39:03.674+0300][200.210s][info ][gc] GC(6749) Pause Young (Normal) (G1 Evacuation Pause) 217M->218M(256M) 26.321ms
[2020-01-29T21:39:03.706+0300][200.241s][info ][gc] GC(6750) Pause Young (Normal) (G1 Evacuation Pause) 228M->229M(256M) 27.047ms
[2020-01-29T21:39:03.708+0300][200.243s][info ][gc] GC(6743) Pause Cleanup 232M->232M(256M) 0.050ms
[2020-01-29T21:39:03.708+0300][200.243s][info ][gc] GC(6743) Concurrent Cycle 261.686ms
[2020-01-29T21:39:03.736+0300][200.271s][info ][gc] GC(6751) Pause Young (Normal) (G1 Evacuation Pause) 239M->239M(256M) 25.294ms
[2020-01-29T21:39:03.756+0300][200.291s][info ][gc] GC(6752) To-space exhausted
[2020-01-29T21:39:03.756+0300][200.291s][info ][gc] GC(6752) Pause Young (Concurrent Start) (G1 Evacuation Pause) 249M->251M(256M) 15.989ms
[2020-01-29T21:39:03.756+0300][200.291s][info ][gc] GC(6753) Concurrent Cycle
[2020-01-29T21:39:03.773+0300][200.308s][info ][gc] GC(6754) To-space exhausted
[2020-01-29T21:39:03.773+0300][200.308s][info ][gc] GC(6754) Pause Young (Normal) (G1 Evacuation Pause) 255M->255M(256M) 13.219ms
[2020-01-29T21:39:03.773+0300][200.308s][debug][gc] GC(6755) Clear Next Bitmap 0.089ms
[2020-01-29T21:39:03.814+0300][200.349s][info ][gc] GC(6755) Pause Full (G1 Evacuation Pause) 255M->78M(256M) 41.111ms
[2020-01-29T21:39:03.814+0300][200.349s][info ][gc] GC(6753) Concurrent Cycle 57.892ms
[2020-01-29T21:39:03.859+0300][200.394s][info ][gc] GC(6756) Pause Young (Normal) (G1 Evacuation Pause) 125M->125M(256M) 25.982ms
[2020-01-29T21:39:03.892+0300][200.426s][info ][gc] GC(6757) Pause Young (Concurrent Start) (G1 Humongous Allocation) 136M->137M(256M) 17.913ms
[2020-01-29T21:39:03.892+0300][200.426s][info ][gc] GC(6758) Concurrent Cycle
[2020-01-29T21:39:03.906+0300][200.441s][debug][gc] GC(6758) Reclaimed 117 empty regions
[2020-01-29T21:39:03.906+0300][200.441s][info ][gc] GC(6758) Pause Remark 171M->57M(256M) 0.674ms
[2020-01-29T21:39:03.930+0300][200.465s][info ][gc] GC(6759) Pause Young (Normal) (G1 Evacuation Pause) 71M->67M(256M) 17.778ms
[2020-01-29T21:39:03.947+0300][200.482s][info ][gc] GC(6758) Pause Cleanup 110M->110M(256M) 0.037ms
[2020-01-29T21:39:03.947+0300][200.483s][info ][gc] GC(6758) Concurrent Cycle 56.140ms
[2020-01-29T21:39:03.989+0300][200.524s][info ][gc] GC(6760) Pause Young (Normal) (G1 Evacuation Pause) 117M->118M(256M) 38.881ms
[2020-01-29T21:39:04.025+0300][200.561s][info ][gc] GC(6761) Pause Young (Concurrent Start) (G1 Evacuation Pause) 152M->152M(256M) 22.863ms
[2020-01-29T21:39:04.025+0300][200.561s][info ][gc] GC(6762) Concurrent Cycle
[2020-01-29T21:39:04.065+0300][200.601s][info ][gc] GC(6763) Pause Young (Normal) (G1 Evacuation Pause) 196M->197M(256M) 18.296ms
[2020-01-29T21:39:04.079+0300][200.614s][info ][gc] GC(6764) Pause Young (Normal) (G1 Evacuation Pause) 207M->208M(256M) 9.047ms
[2020-01-29T21:39:04.091+0300][200.626s][info ][gc] GC(6765) Pause Young (Normal) (G1 Evacuation Pause) 218M->219M(256M) 7.922ms
[2020-01-29T21:39:04.103+0300][200.638s][info ][gc] GC(6766) Pause Young (Normal) (G1 Evacuation Pause) 229M->230M(256M) 7.872ms
[2020-01-29T21:39:04.116+0300][200.651s][info ][gc] GC(6767) Pause Young (Normal) (G1 Evacuation Pause) 240M->240M(256M) 7.916ms
[2020-01-29T21:39:04.137+0300][200.672s][info ][gc] GC(6768) To-space exhausted
[2020-01-29T21:39:04.137+0300][200.672s][info ][gc] GC(6768) Pause Young (Normal) (G1 Evacuation Pause) 250M->254M(256M) 16.644ms
[2020-01-29T21:39:04.146+0300][200.681s][info ][gc] GC(6769) To-space exhausted
[2020-01-29T21:39:04.146+0300][200.681s][info ][gc] GC(6769) Pause Young (Normal) (G1 Evacuation Pause) 255M->255M(256M) 8.525ms
[2020-01-29T21:39:04.146+0300][200.681s][debug][gc] GC(6770) Clear Next Bitmap 0.077ms
[2020-01-29T21:39:04.198+0300][200.733s][info ][gc] GC(6770) Pause Full (G1 Evacuation Pause) 255M->93M(256M) 51.826ms
[2020-01-29T21:39:04.198+0300][200.733s][info ][gc] GC(6762) Concurrent Cycle 172.433ms
[2020-01-29T21:39:04.239+0300][200.773s][info ][gc] GC(6771) Pause Young (Normal) (G1 Evacuation Pause) 135M->135M(256M) 23.517ms
[2020-01-29T21:39:04.255+0300][200.790s][info ][gc] GC(6772) Pause Young (Concurrent Start) (G1 Humongous Allocation) 136M->137M(256M) 5.840ms
[2020-01-29T21:39:04.255+0300][200.790s][info ][gc] GC(6773) Concurrent Cycle
[2020-01-29T21:39:04.264+0300][200.799s][debug][gc] GC(6773) Reclaimed 127 empty regions
[2020-01-29T21:39:04.264+0300][200.799s][info ][gc] GC(6773) Pause Remark 174M->49M(256M) 0.684ms
[2020-01-29T21:39:04.286+0300][200.821s][info ][gc] GC(6774) Pause Young (Normal) (G1 Evacuation Pause) 60M->60M(256M) 17.493ms
[2020-01-29T21:39:04.298+0300][200.833s][info ][gc] GC(6773) Pause Cleanup 90M->90M(256M) 0.040ms
[2020-01-29T21:39:04.298+0300][200.833s][info ][gc] GC(6773) Concurrent Cycle 42.869ms
[2020-01-29T21:39:04.346+0300][200.881s][info ][gc] GC(6775) Pause Young (Normal) (G1 Evacuation Pause) 113M->113M(256M) 38.816ms
[2020-01-29T21:39:04.393+0300][200.928s][info ][gc] GC(6776) Pause Young (Concurrent Start) (G1 Humongous Allocation) 147M->148M(256M) 23.196ms
[2020-01-29T21:39:04.393+0300][200.928s][info ][gc] GC(6777) Concurrent Cycle
[2020-01-29T21:39:04.434+0300][200.970s][info ][gc] GC(6778) Pause Young (Normal) (G1 Evacuation Pause) 193M->194M(256M) 19.055ms
[2020-01-29T21:39:04.439+0300][200.975s][debug][gc] GC(6777) Reclaimed 101 empty regions
[2020-01-29T21:39:04.439+0300][200.975s][info ][gc] GC(6777) Pause Remark 204M->103M(256M) 0.670ms
[2020-01-29T21:39:04.448+0300][200.984s][info ][gc] GC(6779) Pause Young (Normal) (G1 Evacuation Pause) 103M->103M(256M) 8.707ms
[2020-01-29T21:39:04.492+0300][201.027s][info ][gc] GC(6780) Pause Young (Normal) (G1 Evacuation Pause) 142M->143M(256M) 27.640ms
[2020-01-29T21:39:04.535+0300][201.071s][info ][gc] GC(6781) Pause Young (Normal) (G1 Evacuation Pause) 169M->170M(256M) 32.722ms
[2020-01-29T21:39:04.588+0300][201.123s][info ][gc] GC(6782) Pause Young (Normal) (G1 Evacuation Pause) 208M->209M(256M) 33.026ms
[2020-01-29T21:39:04.623+0300][201.158s][info ][gc] GC(6783) Pause Young (Normal) (G1 Evacuation Pause) 218M->219M(256M) 30.559ms
[2020-01-29T21:39:04.654+0300][201.189s][info ][gc] GC(6784) Pause Young (Normal) (G1 Evacuation Pause) 229M->230M(256M) 27.011ms
[2020-01-29T21:39:04.688+0300][201.222s][info ][gc] GC(6785) Pause Young (Normal) (G1 Evacuation Pause) 240M->240M(256M) 29.009ms
[2020-01-29T21:39:04.729+0300][201.265s][info ][gc] GC(6786) To-space exhausted
[2020-01-29T21:39:04.729+0300][201.265s][info ][gc] GC(6786) Pause Young (Normal) (G1 Evacuation Pause) 250M->254M(256M) 37.387ms
[2020-01-29T21:39:04.734+0300][201.270s][info ][gc] GC(6777) Pause Cleanup 255M->255M(256M) 0.055ms
[2020-01-29T21:39:04.735+0300][201.270s][info ][gc] GC(6777) Concurrent Cycle 341.909ms
[2020-01-29T21:39:04.758+0300][201.294s][info ][gc] GC(6787) To-space exhausted
[2020-01-29T21:39:04.758+0300][201.294s][info ][gc] GC(6787) Pause Young (Normal) (G1 Evacuation Pause) 255M->255M(256M) 23.171ms
[2020-01-29T21:39:04.793+0300][201.328s][info ][gc] GC(6788) Pause Full (G1 Evacuation Pause) 255M->64M(256M) 33.852ms
[2020-01-29T21:39:04.847+0300][201.383s][info ][gc] GC(6789) Pause Young (Concurrent Start) (G1 Evacuation Pause) 121M->121M(256M) 31.548ms
[2020-01-29T21:39:04.847+0300][201.383s][info ][gc] GC(6790) Concurrent Cycle
[2020-01-29T21:39:04.909+0300][201.444s][info ][gc] GC(6791) Pause Young (Normal) (G1 Evacuation Pause) 175M->176M(256M) 31.750ms
[2020-01-29T21:39:04.933+0300][201.468s][info ][gc] GC(6792) Pause Young (Normal) (G1 Evacuation Pause) 192M->193M(256M) 16.308ms
[2020-01-29T21:39:04.947+0300][201.482s][info ][gc] GC(6793) Pause Young (Normal) (G1 Evacuation Pause) 203M->204M(256M) 8.540ms
[2020-01-29T21:39:04.960+0300][201.495s][info ][gc] GC(6794) Pause Young (Normal) (G1 Evacuation Pause) 214M->215M(256M) 7.881ms
[2020-01-29T21:39:04.972+0300][201.507s][info ][gc] GC(6795) Pause Young (Normal) (G1 Evacuation Pause) 225M->226M(256M) 8.062ms
[2020-01-29T21:39:04.984+0300][201.519s][info ][gc] GC(6796) Pause Young (Normal) (G1 Evacuation Pause) 236M->237M(256M) 7.999ms
[2020-01-29T21:39:05.005+0300][201.540s][info ][gc] GC(6797) To-space exhausted
[2020-01-29T21:39:05.005+0300][201.540s][info ][gc] GC(6797) Pause Young (Normal) (G1 Evacuation Pause) 247M->250M(256M) 15.407ms
[2020-01-29T21:39:05.018+0300][201.553s][info ][gc] GC(6798) To-space exhausted
[2020-01-29T21:39:05.018+0300][201.553s][info ][gc] GC(6798) Pause Young (Normal) (G1 Evacuation Pause) 253M->253M(256M) 11.593ms
[2020-01-29T21:39:05.018+0300][201.553s][debug][gc] GC(6799) Clear Next Bitmap 0.068ms
[2020-01-29T21:39:05.077+0300][201.613s][info ][gc] GC(6799) Pause Full (G1 Evacuation Pause) 253M->109M(256M) 60.366ms
[2020-01-29T21:39:05.078+0300][201.613s][info ][gc] GC(6790) Concurrent Cycle 230.786ms
[2020-01-29T21:39:05.116+0300][201.652s][info ][gc] GC(6800) Pause Young (Concurrent Start) (G1 Humongous Allocation) 136M->136M(256M) 16.701ms
[2020-01-29T21:39:05.116+0300][201.652s][info ][gc] GC(6801) Concurrent Cycle
[2020-01-29T21:39:05.152+0300][201.688s][info ][gc] GC(6802) Pause Young (Normal) (G1 Evacuation Pause) 185M->187M(256M) 21.085ms
[2020-01-29T21:39:05.157+0300][201.693s][debug][gc] GC(6801) Reclaimed 104 empty regions
[2020-01-29T21:39:05.157+0300][201.693s][info ][gc] GC(6801) Pause Remark 196M->94M(256M) 0.682ms
[2020-01-29T21:39:05.169+0300][201.705s][info ][gc] GC(6803) Pause Young (Normal) (G1 Evacuation Pause) 96M->97M(256M) 10.643ms
[2020-01-29T21:39:05.218+0300][201.753s][info ][gc] GC(6804) Pause Young (Normal) (G1 Evacuation Pause) 140M->140M(256M) 31.205ms
[2020-01-29T21:39:05.266+0300][201.801s][info ][gc] GC(6805) Pause Young (Normal) (G1 Evacuation Pause) 167M->169M(256M) 36.027ms
[2020-01-29T21:39:05.318+0300][201.853s][info ][gc] GC(6806) Pause Young (Normal) (G1 Evacuation Pause) 207M->207M(256M) 30.127ms
[2020-01-29T21:39:05.321+0300][201.856s][info ][gc] GC(6801) Pause Cleanup 212M->212M(256M) 0.048ms
[2020-01-29T21:39:05.321+0300][201.856s][info ][gc] GC(6801) Concurrent Cycle 203.944ms
[2020-01-29T21:39:05.345+0300][201.880s][info ][gc] GC(6807) Pause Young (Normal) (G1 Evacuation Pause) 216M->217M(256M) 22.189ms
[2020-01-29T21:39:05.357+0300][201.892s][info ][gc] GC(6808) Pause Young (Concurrent Start) (G1 Evacuation Pause) 227M->228M(256M) 8.151ms
[2020-01-29T21:39:05.357+0300][201.892s][info ][gc] GC(6809) Concurrent Cycle
[2020-01-29T21:39:05.372+0300][201.907s][info ][gc] GC(6810) Pause Young (Normal) (G1 Evacuation Pause) 238M->239M(256M) 8.112ms
[2020-01-29T21:39:05.390+0300][201.925s][info ][gc] GC(6811) To-space exhausted
[2020-01-29T21:39:05.390+0300][201.925s][info ][gc] GC(6811) Pause Young (Normal) (G1 Evacuation Pause) 249M->251M(256M) 13.866ms
[2020-01-29T21:39:05.405+0300][201.940s][info ][gc] GC(6812) To-space exhausted
[2020-01-29T21:39:05.405+0300][201.940s][info ][gc] GC(6812) Pause Young (Normal) (G1 Evacuation Pause) 255M->255M(256M) 13.427ms
[2020-01-29T21:39:05.405+0300][201.940s][debug][gc] GC(6813) Clear Next Bitmap 0.078ms
[2020-01-29T21:39:05.446+0300][201.982s][info ][gc] GC(6813) Pause Full (G1 Evacuation Pause) 255M->78M(256M) 41.376ms
[2020-01-29T21:39:05.446+0300][201.982s][info ][gc] GC(6809) Concurrent Cycle 89.641ms
[2020-01-29T21:39:05.491+0300][202.026s][info ][gc] GC(6814) Pause Young (Normal) (G1 Evacuation Pause) 125M->125M(256M) 25.458ms
[2020-01-29T21:39:05.516+0300][202.052s][info ][gc] GC(6815) Pause Young (Concurrent Start) (G1 Humongous Allocation) 137M->137M(256M) 10.760ms
[2020-01-29T21:39:05.516+0300][202.052s][info ][gc] GC(6816) Concurrent Cycle
[2020-01-29T21:39:05.549+0300][202.084s][info ][gc] GC(6817) Pause Young (Normal) (G1 Evacuation Pause) 184M->185M(256M) 19.165ms
[2020-01-29T21:39:05.550+0300][202.086s][debug][gc] GC(6816) Reclaimed 118 empty regions
[2020-01-29T21:39:05.550+0300][202.086s][info ][gc] GC(6816) Pause Remark 187M->72M(256M) 0.709ms
[2020-01-29T21:39:05.565+0300][202.100s][info ][gc] GC(6818) Pause Young (Normal) (G1 Evacuation Pause) 82M->83M(256M) 9.852ms
[2020-01-29T21:39:05.616+0300][202.152s][info ][gc] GC(6819) Pause Young (Normal) (G1 Evacuation Pause) 128M->129M(256M) 32.919ms
[2020-01-29T21:39:05.681+0300][202.216s][info ][gc] GC(6820) Pause Young (Normal) (G1 Evacuation Pause) 180M->181M(256M) 39.883ms
[2020-01-29T21:39:05.682+0300][202.217s][info ][gc] GC(6816) Pause Cleanup 186M->186M(256M) 0.048ms
[2020-01-29T21:39:05.683+0300][202.218s][info ][gc] GC(6816) Concurrent Cycle 165.753ms
[2020-01-29T21:39:05.717+0300][202.252s][info ][gc] GC(6821) Pause Young (Normal) (G1 Evacuation Pause) 196M->197M(256M) 29.606ms
[2020-01-29T21:39:05.730+0300][202.265s][info ][gc] GC(6822) Pause Young (Concurrent Start) (G1 Evacuation Pause) 207M->208M(256M) 8.706ms
[2020-01-29T21:39:05.730+0300][202.265s][info ][gc] GC(6823) Concurrent Cycle
[2020-01-29T21:39:05.745+0300][202.280s][info ][gc] GC(6824) Pause Young (Normal) (G1 Evacuation Pause) 218M->219M(256M) 7.994ms
[2020-01-29T21:39:05.758+0300][202.292s][info ][gc] GC(6825) Pause Young (Normal) (G1 Evacuation Pause) 229M->230M(256M) 8.100ms
[2020-01-29T21:39:05.770+0300][202.304s][info ][gc] GC(6826) Pause Young (Normal) (G1 Evacuation Pause) 240M->241M(256M) 7.765ms
[2020-01-29T21:39:05.791+0300][202.326s][info ][gc] GC(6827) To-space exhausted
[2020-01-29T21:39:05.791+0300][202.326s][info ][gc] GC(6827) Pause Young (Normal) (G1 Evacuation Pause) 251M->253M(256M) 17.300ms
[2020-01-29T21:39:05.802+0300][202.337s][info ][gc] GC(6828) To-space exhausted
[2020-01-29T21:39:05.802+0300][202.337s][info ][gc] GC(6828) Pause Young (Normal) (G1 Evacuation Pause) 255M->255M(256M) 9.875ms
[2020-01-29T21:39:05.802+0300][202.337s][debug][gc] GC(6829) Clear Next Bitmap 0.058ms
[2020-01-29T21:39:05.852+0300][202.387s][info ][gc] GC(6829) Pause Full (G1 Evacuation Pause) 255M->88M(256M) 50.258ms
[2020-01-29T21:39:05.852+0300][202.388s][info ][gc] GC(6823) Concurrent Cycle 122.627ms
[2020-01-29T21:39:05.897+0300][202.433s][info ][gc] GC(6830) Pause Young (Normal) (G1 Evacuation Pause) 132M->132M(256M) 27.621ms
[2020-01-29T21:39:05.917+0300][202.452s][info ][gc] GC(6831) Pause Young (Concurrent Start) (G1 Humongous Allocation) 136M->137M(256M) 7.337ms
[2020-01-29T21:39:05.917+0300][202.452s][info ][gc] GC(6832) Concurrent Cycle
[2020-01-29T21:39:05.928+0300][202.463s][debug][gc] GC(6832) Reclaimed 124 empty regions
[2020-01-29T21:39:05.928+0300][202.463s][info ][gc] GC(6832) Pause Remark 179M->57M(256M) 0.702ms
[2020-01-29T21:39:05.948+0300][202.483s][info ][gc] GC(6833) Pause Young (Normal) (G1 Evacuation Pause) 62M->59M(256M) 17.256ms
[2020-01-29T21:39:05.963+0300][202.499s][info ][gc] GC(6832) Pause Cleanup 95M->95M(256M) 0.035ms
[2020-01-29T21:39:05.964+0300][202.499s][info ][gc] GC(6832) Concurrent Cycle 46.502ms
[2020-01-29T21:39:06.010+0300][202.545s][info ][gc] GC(6834) Pause Young (Normal) (G1 Evacuation Pause) 112M->113M(256M) 39.430ms
[2020-01-29T21:39:06.058+0300][202.593s][info ][gc] GC(6835) Pause Young (Concurrent Start) (G1 Humongous Allocation) 148M->148M(256M) 23.475ms
[2020-01-29T21:39:06.058+0300][202.593s][info ][gc] GC(6836) Concurrent Cycle
[2020-01-29T21:39:06.099+0300][202.634s][info ][gc] GC(6837) Pause Young (Normal) (G1 Evacuation Pause) 193M->195M(256M) 18.561ms
[2020-01-29T21:39:06.104+0300][202.639s][debug][gc] GC(6836) Reclaimed 99 empty regions
[2020-01-29T21:39:06.104+0300][202.639s][info ][gc] GC(6836) Pause Remark 205M->106M(256M) 0.671ms
[2020-01-29T21:39:06.114+0300][202.649s][info ][gc] GC(6838) Pause Young (Normal) (G1 Evacuation Pause) 106M->106M(256M) 9.375ms
[2020-01-29T21:39:06.155+0300][202.691s][info ][gc] GC(6839) Pause Young (Normal) (G1 Evacuation Pause) 144M->145M(256M) 26.544ms
[2020-01-29T21:39:06.200+0300][202.735s][info ][gc] GC(6840) Pause Young (Normal) (G1 Evacuation Pause) 171M->171M(256M) 32.890ms
[2020-01-29T21:39:06.253+0300][202.788s][info ][gc] GC(6841) Pause Young (Normal) (G1 Evacuation Pause) 209M->210M(256M) 33.481ms
[2020-01-29T21:39:06.284+0300][202.819s][info ][gc] GC(6842) Pause Young (Normal) (G1 Evacuation Pause) 219M->220M(256M) 26.607ms
[2020-01-29T21:39:06.317+0300][202.852s][info ][gc] GC(6843) Pause Young (Normal) (G1 Evacuation Pause) 230M->231M(256M) 27.517ms
[2020-01-29T21:39:06.351+0300][202.885s][info ][gc] GC(6844) Pause Young (Normal) (G1 Evacuation Pause) 241M->242M(256M) 29.308ms
[2020-01-29T21:39:06.393+0300][202.929s][info ][gc] GC(6845) To-space exhausted
[2020-01-29T21:39:06.393+0300][202.929s][info ][gc] GC(6845) Pause Young (Normal) (G1 Evacuation Pause) 252M->254M(256M) 39.200ms
[2020-01-29T21:39:06.398+0300][202.934s][info ][gc] GC(6836) Pause Cleanup 255M->255M(256M) 0.055ms
[2020-01-29T21:39:06.398+0300][202.934s][info ][gc] GC(6836) Concurrent Cycle 340.411ms
[2020-01-29T21:39:06.423+0300][202.959s][info ][gc] GC(6846) To-space exhausted
[2020-01-29T21:39:06.423+0300][202.959s][info ][gc] GC(6846) Pause Young (Normal) (G1 Evacuation Pause) 255M->255M(256M) 24.366ms
[2020-01-29T21:39:06.457+0300][202.992s][info ][gc] GC(6847) Pause Full (G1 Evacuation Pause) 255M->64M(256M) 33.537ms
[2020-01-29T21:39:06.512+0300][203.048s][info ][gc] GC(6848) Pause Young (Concurrent Start) (G1 Evacuation Pause) 121M->120M(256M) 32.739ms
[2020-01-29T21:39:06.512+0300][203.048s][info ][gc] GC(6849) Concurrent Cycle
[2020-01-29T21:39:06.569+0300][203.105s][info ][gc] GC(6850) Pause Young (Normal) (G1 Evacuation Pause) 175M->176M(256M) 27.109ms
[2020-01-29T21:39:06.589+0300][203.124s][info ][gc] GC(6851) Pause Young (Normal) (G1 Evacuation Pause) 192M->193M(256M) 12.812ms
[2020-01-29T21:39:06.602+0300][203.137s][info ][gc] GC(6852) Pause Young (Normal) (G1 Evacuation Pause) 204M->205M(256M) 8.224ms
[2020-01-29T21:39:06.614+0300][203.149s][info ][gc] GC(6853) Pause Young (Normal) (G1 Evacuation Pause) 215M->215M(256M) 7.722ms
[2020-01-29T21:39:06.626+0300][203.161s][info ][gc] GC(6854) Pause Young (Normal) (G1 Evacuation Pause) 225M->226M(256M) 7.658ms
[2020-01-29T21:39:06.637+0300][203.173s][info ][gc] GC(6855) Pause Young (Normal) (G1 Evacuation Pause) 236M->237M(256M) 7.656ms
[2020-01-29T21:39:06.655+0300][203.190s][info ][gc] GC(6856) To-space exhausted
[2020-01-29T21:39:06.655+0300][203.190s][info ][gc] GC(6856) Pause Young (Normal) (G1 Evacuation Pause) 247M->250M(256M) 13.621ms
[2020-01-29T21:39:06.670+0300][203.205s][info ][gc] GC(6857) To-space exhausted
[2020-01-29T21:39:06.670+0300][203.205s][info ][gc] GC(6857) Pause Young (Normal) (G1 Evacuation Pause) 254M->254M(256M) 12.951ms
[2020-01-29T21:39:06.670+0300][203.205s][debug][gc] GC(6858) Clear Next Bitmap 0.082ms
[2020-01-29T21:39:06.732+0300][203.267s][info ][gc] GC(6858) Pause Full (G1 Evacuation Pause) 254M->111M(256M) 61.501ms
[2020-01-29T21:39:06.732+0300][203.267s][info ][gc] GC(6849) Concurrent Cycle 219.224ms
[2020-01-29T21:39:06.766+0300][203.302s][info ][gc] GC(6859) Pause Young (Concurrent Start) (G1 Humongous Allocation) 136M->136M(256M) 14.756ms
[2020-01-29T21:39:06.766+0300][203.302s][info ][gc] GC(6860) Concurrent Cycle
[2020-01-29T21:39:06.800+0300][203.336s][info ][gc] GC(6861) Pause Young (Normal) (G1 Evacuation Pause) 185M->186M(256M) 20.130ms
[2020-01-29T21:39:06.805+0300][203.340s][debug][gc] GC(6860) Reclaimed 109 empty regions
[2020-01-29T21:39:06.805+0300][203.340s][info ][gc] GC(6860) Pause Remark 196M->89M(256M) 0.669ms
[2020-01-29T21:39:06.818+0300][203.353s][info ][gc] GC(6862) Pause Young (Normal) (G1 Evacuation Pause) 92M->93M(256M) 11.566ms
[2020-01-29T21:39:06.869+0300][203.404s][info ][gc] GC(6863) Pause Young (Normal) (G1 Evacuation Pause) 138M->139M(256M) 32.055ms
[2020-01-29T21:39:06.923+0300][203.458s][info ][gc] GC(6864) Pause Young (Normal) (G1 Evacuation Pause) 167M->167M(256M) 37.798ms
[2020-01-29T21:39:06.969+0300][203.504s][info ][gc] GC(6865) Pause Young (Normal) (G1 Evacuation Pause) 206M->207M(256M) 34.773ms
[2020-01-29T21:39:07.003+0300][203.538s][info ][gc] GC(6866) Pause Young (Normal) (G1 Evacuation Pause) 216M->217M(256M) 29.413ms
[2020-01-29T21:39:07.005+0300][203.541s][info ][gc] GC(6860) Pause Cleanup 221M->221M(256M) 0.044ms
[2020-01-29T21:39:07.006+0300][203.541s][info ][gc] GC(6860) Concurrent Cycle 238.633ms
[2020-01-29T21:39:07.034+0300][203.569s][info ][gc] GC(6867) Pause Young (Normal) (G1 Evacuation Pause) 227M->228M(256M) 25.178ms
[2020-01-29T21:39:07.048+0300][203.583s][info ][gc] GC(6868) Pause Young (Concurrent Start) (G1 Evacuation Pause) 238M->239M(256M) 10.247ms
[2020-01-29T21:39:07.048+0300][203.583s][info ][gc] GC(6869) Concurrent Cycle
[2020-01-29T21:39:07.069+0300][203.604s][info ][gc] GC(6870) To-space exhausted
[2020-01-29T21:39:07.069+0300][203.605s][info ][gc] GC(6870) Pause Young (Normal) (G1 Evacuation Pause) 249M->251M(256M) 14.950ms
[2020-01-29T21:39:07.085+0300][203.620s][info ][gc] GC(6871) To-space exhausted
[2020-01-29T21:39:07.085+0300][203.620s][info ][gc] GC(6871) Pause Young (Normal) (G1 Evacuation Pause) 255M->255M(256M) 13.485ms
[2020-01-29T21:39:07.085+0300][203.620s][debug][gc] GC(6872) Clear Next Bitmap 0.106ms
[2020-01-29T21:39:07.130+0300][203.665s][info ][gc] GC(6872) Pause Full (G1 Evacuation Pause) 255M->83M(256M) 45.221ms
[2020-01-29T21:39:07.130+0300][203.666s][info ][gc] GC(6869) Concurrent Cycle 82.448ms
[2020-01-29T21:39:07.175+0300][203.710s][info ][gc] GC(6873) Pause Young (Normal) (G1 Evacuation Pause) 129M->129M(256M) 25.696ms
[2020-01-29T21:39:07.197+0300][203.732s][info ][gc] GC(6874) Pause Young (Concurrent Start) (G1 Humongous Allocation) 137M->137M(256M) 8.656ms
[2020-01-29T21:39:07.197+0300][203.732s][info ][gc] GC(6875) Concurrent Cycle
[2020-01-29T21:39:07.209+0300][203.744s][debug][gc] GC(6875) Reclaimed 121 empty regions
[2020-01-29T21:39:07.209+0300][203.744s][info ][gc] GC(6875) Pause Remark 182M->63M(256M) 0.661ms
[2020-01-29T21:39:07.229+0300][203.763s][info ][gc] GC(6876) Pause Young (Normal) (G1 Evacuation Pause) 66M->63M(256M) 17.705ms
[2020-01-29T21:39:07.248+0300][203.782s][info ][gc] GC(6875) Pause Cleanup 110M->110M(256M) 0.036ms
[2020-01-29T21:39:07.248+0300][203.783s][info ][gc] GC(6875) Concurrent Cycle 50.365ms
[2020-01-29T21:39:07.289+0300][203.825s][info ][gc] GC(6877) Pause Young (Normal) (G1 Evacuation Pause) 115M->116M(256M) 39.896ms
[2020-01-29T21:39:07.337+0300][203.873s][info ][gc] GC(6878) Pause Young (Concurrent Start) (G1 Humongous Allocation) 151M->152M(256M) 23.795ms
[2020-01-29T21:39:07.337+0300][203.873s][info ][gc] GC(6879) Concurrent Cycle
[2020-01-29T21:39:07.378+0300][203.914s][info ][gc] GC(6880) Pause Young (Normal) (G1 Evacuation Pause) 196M->197M(256M) 18.275ms
[2020-01-29T21:39:07.383+0300][203.918s][debug][gc] GC(6879) Reclaimed 104 empty regions
[2020-01-29T21:39:07.383+0300][203.918s][info ][gc] GC(6879) Pause Remark 207M->103M(256M) 0.666ms
[2020-01-29T21:39:07.393+0300][203.928s][info ][gc] GC(6881) Pause Young (Normal) (G1 Evacuation Pause) 103M->104M(256M) 9.371ms
[2020-01-29T21:39:07.435+0300][203.971s][info ][gc] GC(6882) Pause Young (Normal) (G1 Evacuation Pause) 143M->144M(256M) 26.994ms
[2020-01-29T21:39:07.478+0300][204.014s][info ][gc] GC(6883) Pause Young (Normal) (G1 Evacuation Pause) 170M->171M(256M) 32.846ms
[2020-01-29T21:39:07.528+0300][204.063s][info ][gc] GC(6884) Pause Young (Normal) (G1 Evacuation Pause) 209M->210M(256M) 30.567ms
[2020-01-29T21:39:07.557+0300][204.092s][info ][gc] GC(6885) Pause Young (Normal) (G1 Evacuation Pause) 219M->220M(256M) 24.224ms
[2020-01-29T21:39:07.587+0300][204.122s][info ][gc] GC(6886) Pause Young (Normal) (G1 Evacuation Pause) 230M->230M(256M) 25.259ms
[2020-01-29T21:39:07.618+0300][204.153s][info ][gc] GC(6887) Pause Young (Normal) (G1 Evacuation Pause) 240M->241M(256M) 26.457ms
[2020-01-29T21:39:07.660+0300][204.195s][info ][gc] GC(6888) To-space exhausted
[2020-01-29T21:39:07.660+0300][204.195s][info ][gc] GC(6888) Pause Young (Normal) (G1 Evacuation Pause) 251M->255M(256M) 36.979ms
[2020-01-29T21:39:07.660+0300][204.195s][debug][gc] GC(6889) Clear Next Bitmap 0.061ms
[2020-01-29T21:39:07.692+0300][204.227s][info ][gc] GC(6889) Pause Full (G1 Evacuation Pause) 255M->62M(256M) 32.251ms
[2020-01-29T21:39:07.692+0300][204.228s][info ][gc] GC(6879) Concurrent Cycle 354.997ms
[2020-01-29T21:39:07.741+0300][204.277s][info ][gc] GC(6890) Pause Young (Normal) (G1 Evacuation Pause) 114M->114M(256M) 29.033ms
[2020-01-29T21:39:07.777+0300][204.313s][info ][gc] GC(6891) Pause Young (Concurrent Start) (G1 Humongous Allocation) 137M->138M(256M) 16.555ms
[2020-01-29T21:39:07.777+0300][204.313s][info ][gc] GC(6892) Concurrent Cycle
[2020-01-29T21:39:07.813+0300][204.348s][info ][gc] GC(6893) Pause Young (Normal) (G1 Evacuation Pause) 185M->185M(256M) 19.763ms
[2020-01-29T21:39:07.817+0300][204.352s][debug][gc] GC(6892) Reclaimed 101 empty regions
[2020-01-29T21:39:07.817+0300][204.353s][info ][gc] GC(6892) Pause Remark 195M->97M(256M) 0.646ms
[2020-01-29T21:39:07.828+0300][204.363s][info ][gc] GC(6894) Pause Young (Normal) (G1 Evacuation Pause) 99M->100M(256M) 9.562ms
[2020-01-29T21:39:07.875+0300][204.410s][info ][gc] GC(6895) Pause Young (Normal) (G1 Evacuation Pause) 140M->141M(256M) 30.259ms
[2020-01-29T21:39:07.921+0300][204.456s][info ][gc] GC(6896) Pause Young (Normal) (G1 Evacuation Pause) 168M->168M(256M) 34.030ms
[2020-01-29T21:39:07.974+0300][204.509s][info ][gc] GC(6897) Pause Young (Normal) (G1 Evacuation Pause) 207M->208M(256M) 33.378ms
[2020-01-29T21:39:08.007+0300][204.542s][info ][gc] GC(6898) Pause Young (Normal) (G1 Evacuation Pause) 217M->219M(256M) 27.633ms
[2020-01-29T21:39:08.011+0300][204.546s][info ][gc] GC(6892) Pause Cleanup 227M->227M(256M) 0.054ms
[2020-01-29T21:39:08.011+0300][204.546s][info ][gc] GC(6892) Concurrent Cycle 233.504ms
[2020-01-29T21:39:08.037+0300][204.571s][info ][gc] GC(6899) Pause Young (Normal) (G1 Evacuation Pause) 229M->230M(256M) 24.274ms
[2020-01-29T21:39:08.049+0300][204.584s][info ][gc] GC(6900) Pause Young (Concurrent Start) (G1 Evacuation Pause) 240M->240M(256M) 8.273ms
[2020-01-29T21:39:08.049+0300][204.584s][info ][gc] GC(6901) Concurrent Cycle
[2020-01-29T21:39:08.072+0300][204.608s][info ][gc] GC(6902) To-space exhausted
[2020-01-29T21:39:08.072+0300][204.608s][info ][gc] GC(6902) Pause Young (Normal) (G1 Evacuation Pause) 250M->255M(256M) 17.481ms
[2020-01-29T21:39:08.072+0300][204.608s][debug][gc] GC(6903) Clear Next Bitmap 0.069ms
[2020-01-29T21:39:08.110+0300][204.645s][info ][gc] GC(6903) Pause Full (G1 Evacuation Pause) 255M->70M(256M) 37.280ms
[2020-01-29T21:39:08.110+0300][204.646s][info ][gc] GC(6901) Concurrent Cycle 61.840ms
[2020-01-29T21:39:08.156+0300][204.692s][info ][gc] GC(6904) Pause Young (Normal) (G1 Evacuation Pause) 119M->120M(256M) 26.797ms
[2020-01-29T21:39:08.187+0300][204.723s][info ][gc] GC(6905) Pause Young (Concurrent Start) (G1 Humongous Allocation) 137M->138M(256M) 13.865ms
[2020-01-29T21:39:08.188+0300][204.723s][info ][gc] GC(6906) Concurrent Cycle
[2020-01-29T21:39:08.219+0300][204.755s][info ][gc] GC(6907) Pause Young (Normal) (G1 Evacuation Pause) 185M->186M(256M) 19.280ms
[2020-01-29T21:39:08.224+0300][204.759s][debug][gc] GC(6906) Reclaimed 106 empty regions
[2020-01-29T21:39:08.224+0300][204.759s][info ][gc] GC(6906) Pause Remark 195M->91M(256M) 0.658ms
[2020-01-29T21:39:08.234+0300][204.770s][info ][gc] GC(6908) Pause Young (Normal) (G1 Evacuation Pause) 94M->95M(256M) 8.889ms
[2020-01-29T21:39:08.280+0300][204.815s][info ][gc] GC(6909) Pause Young (Normal) (G1 Evacuation Pause) 136M->137M(256M) 29.202ms
[2020-01-29T21:39:08.328+0300][204.863s][info ][gc] GC(6910) Pause Young (Normal) (G1 Evacuation Pause) 165M->166M(256M) 35.939ms
[2020-01-29T21:39:08.379+0300][204.914s][info ][gc] GC(6911) Pause Young (Normal) (G1 Evacuation Pause) 205M->206M(256M) 31.408ms
[2020-01-29T21:39:08.409+0300][204.943s][info ][gc] GC(6912) Pause Young (Normal) (G1 Evacuation Pause) 215M->216M(256M) 25.742ms
[2020-01-29T21:39:08.409+0300][204.944s][info ][gc] GC(6906) Pause Cleanup 218M->218M(256M) 0.044ms
[2020-01-29T21:39:08.410+0300][204.944s][info ][gc] GC(6906) Concurrent Cycle 221.575ms
[2020-01-29T21:39:08.436+0300][204.971s][info ][gc] GC(6913) Pause Young (Normal) (G1 Evacuation Pause) 226M->227M(256M) 23.954ms
[2020-01-29T21:39:08.448+0300][204.984s][info ][gc] GC(6914) Pause Young (Concurrent Start) (G1 Evacuation Pause) 237M->237M(256M) 8.061ms
[2020-01-29T21:39:08.448+0300][204.984s][info ][gc] GC(6915) Concurrent Cycle
[2020-01-29T21:39:08.468+0300][205.003s][info ][gc] GC(6916) To-space exhausted
[2020-01-29T21:39:08.468+0300][205.003s][info ][gc] GC(6916) Pause Young (Normal) (G1 Evacuation Pause) 247M->250M(256M) 13.088ms
[2020-01-29T21:39:08.484+0300][205.019s][info ][gc] GC(6917) To-space exhausted
[2020-01-29T21:39:08.484+0300][205.019s][info ][gc] GC(6917) Pause Young (Normal) (G1 Evacuation Pause) 255M->255M(256M) 13.844ms
[2020-01-29T21:39:08.484+0300][205.019s][debug][gc] GC(6918) Clear Next Bitmap 0.064ms
[2020-01-29T21:39:08.525+0300][205.060s][info ][gc] GC(6918) Pause Full (G1 Evacuation Pause) 255M->77M(256M) 40.755ms
[2020-01-29T21:39:08.525+0300][205.060s][info ][gc] GC(6915) Concurrent Cycle 76.448ms
[2020-01-29T21:39:08.569+0300][205.104s][info ][gc] GC(6919) Pause Young (Normal) (G1 Evacuation Pause) 124M->124M(256M) 25.290ms
