[2020-01-31T22:14:54.125+0300][0.012s][info][gc] Using Serial
[2020-01-31T22:14:54.627+0300][0.514s][info][gc] GC(0) Pause Young (Allocation Failure) 273M->122M(991M) 151.280ms
[2020-01-31T22:14:54.870+0300][0.757s][info][gc] GC(1) Pause Young (Allocation Failure) 396M->209M(991M) 187.362ms
[2020-01-31T22:14:55.058+0300][0.945s][info][gc] GC(2) Pause Young (Allocation Failure) 482M->298M(991M) 128.691ms
[2020-01-31T22:14:55.254+0300][1.141s][info][gc] GC(3) Pause Young (Allocation Failure) 572M->392M(991M) 136.964ms
[2020-01-31T22:14:55.437+0300][1.324s][info][gc] GC(4) Pause Young (Allocation Failure) 666M->485M(991M) 131.649ms
[2020-01-31T22:14:55.626+0300][1.514s][info][gc] GC(5) Pause Young (Allocation Failure) 758M->583M(991M) 138.044ms
[2020-01-31T22:14:55.687+0300][1.574s][info][gc] GC(6) Pause Young (Allocation Failure) 854M->549M(991M) 0.249ms
[2020-01-31T22:14:55.737+0300][1.624s][info][gc] GC(7) Pause Young (Allocation Failure) 819M->549M(991M) 0.246ms
[2020-01-31T22:14:55.788+0300][1.675s][info][gc] GC(8) Pause Young (Allocation Failure) 820M->549M(991M) 0.250ms
[2020-01-31T22:14:55.838+0300][1.725s][info][gc] GC(9) Pause Young (Allocation Failure) 819M->549M(991M) 0.251ms
[2020-01-31T22:14:55.888+0300][1.775s][info][gc] GC(10) Pause Young (Allocation Failure) 819M->549M(991M) 0.246ms
[2020-01-31T22:14:55.938+0300][1.825s][info][gc] GC(11) Pause Young (Allocation Failure) 819M->549M(991M) 0.253ms
[2020-01-31T22:14:55.988+0300][1.876s][info][gc] GC(12) Pause Young (Allocation Failure) 820M->549M(991M) 0.249ms
[2020-01-31T22:14:56.038+0300][1.925s][info][gc] GC(13) Pause Young (Allocation Failure) 819M->549M(991M) 0.251ms
[2020-01-31T22:14:56.090+0300][1.977s][info][gc] GC(14) Pause Young (Allocation Failure) 819M->549M(991M) 0.261ms
[2020-01-31T22:14:56.140+0300][2.027s][info][gc] GC(15) Pause Young (Allocation Failure) 819M->549M(991M) 0.257ms
[2020-01-31T22:14:56.190+0300][2.077s][info][gc] GC(16) Pause Young (Allocation Failure) 819M->549M(991M) 0.254ms
[2020-01-31T22:14:56.240+0300][2.127s][info][gc] GC(17) Pause Young (Allocation Failure) 819M->549M(991M) 0.250ms
[2020-01-31T22:14:56.290+0300][2.177s][info][gc] GC(18) Pause Young (Allocation Failure) 819M->549M(991M) 0.250ms
[2020-01-31T22:14:56.341+0300][2.229s][info][gc] GC(19) Pause Young (Allocation Failure) 819M->549M(991M) 0.250ms
[2020-01-31T22:14:56.391+0300][2.279s][info][gc] GC(20) Pause Young (Allocation Failure) 819M->549M(991M) 0.257ms
[2020-01-31T22:14:56.441+0300][2.328s][info][gc] GC(21) Pause Young (Allocation Failure) 819M->549M(991M) 0.253ms
[2020-01-31T22:14:56.492+0300][2.379s][info][gc] GC(22) Pause Young (Allocation Failure) 819M->549M(991M) 0.252ms
[2020-01-31T22:14:56.546+0300][2.434s][info][gc] GC(23) Pause Young (Allocation Failure) 819M->549M(991M) 0.358ms
[2020-01-31T22:14:56.600+0300][2.487s][info][gc] GC(24) Pause Young (Allocation Failure) 820M->549M(991M) 0.267ms
[2020-01-31T22:14:56.652+0300][2.539s][info][gc] GC(25) Pause Young (Allocation Failure) 819M->549M(991M) 0.268ms
[2020-01-31T22:14:56.704+0300][2.591s][info][gc] GC(26) Pause Young (Allocation Failure) 819M->549M(991M) 0.256ms
[2020-01-31T22:14:56.754+0300][2.642s][info][gc] GC(27) Pause Young (Allocation Failure) 819M->549M(991M) 0.274ms
[2020-01-31T22:14:56.805+0300][2.692s][info][gc] GC(28) Pause Young (Allocation Failure) 819M->549M(991M) 0.261ms
[2020-01-31T22:14:56.856+0300][2.743s][info][gc] GC(29) Pause Young (Allocation Failure) 819M->549M(991M) 0.256ms
[2020-01-31T22:14:56.907+0300][2.794s][info][gc] GC(30) Pause Young (Allocation Failure) 819M->549M(991M) 0.254ms
[2020-01-31T22:14:56.957+0300][2.844s][info][gc] GC(31) Pause Young (Allocation Failure) 819M->549M(991M) 0.262ms
[2020-01-31T22:14:57.009+0300][2.896s][info][gc] GC(32) Pause Young (Allocation Failure) 820M->549M(991M) 0.302ms
[2020-01-31T22:14:57.060+0300][2.947s][info][gc] GC(33) Pause Young (Allocation Failure) 819M->549M(991M) 0.272ms
[2020-01-31T22:14:57.109+0300][2.997s][info][gc] GC(34) Pause Young (Allocation Failure) 819M->549M(991M) 0.256ms
[2020-01-31T22:14:57.159+0300][3.047s][info][gc] GC(35) Pause Young (Allocation Failure) 819M->549M(991M) 0.261ms
[2020-01-31T22:14:57.212+0300][3.099s][info][gc] GC(36) Pause Young (Allocation Failure) 819M->549M(991M) 0.259ms
[2020-01-31T22:14:57.262+0300][3.149s][info][gc] GC(37) Pause Young (Allocation Failure) 819M->549M(991M) 0.257ms
[2020-01-31T22:14:57.312+0300][3.199s][info][gc] GC(38) Pause Young (Allocation Failure) 819M->549M(991M) 0.260ms
[2020-01-31T22:14:57.362+0300][3.249s][info][gc] GC(39) Pause Young (Allocation Failure) 819M->549M(991M) 0.257ms
[2020-01-31T22:14:57.412+0300][3.299s][info][gc] GC(40) Pause Young (Allocation Failure) 819M->549M(991M) 0.258ms
[2020-01-31T22:14:57.463+0300][3.351s][info][gc] GC(41) Pause Young (Allocation Failure) 819M->549M(991M) 0.259ms
[2020-01-31T22:14:57.513+0300][3.401s][info][gc] GC(42) Pause Young (Allocation Failure) 819M->549M(991M) 0.250ms
[2020-01-31T22:14:57.563+0300][3.450s][info][gc] GC(43) Pause Young (Allocation Failure) 819M->549M(991M) 0.254ms
[2020-01-31T22:14:57.613+0300][3.500s][info][gc] GC(44) Pause Young (Allocation Failure) 819M->549M(991M) 0.252ms
[2020-01-31T22:14:57.663+0300][3.550s][info][gc] GC(45) Pause Young (Allocation Failure) 819M->549M(991M) 0.251ms
[2020-01-31T22:14:57.715+0300][3.602s][info][gc] GC(46) Pause Young (Allocation Failure) 819M->549M(991M) 0.248ms
[2020-01-31T22:14:57.765+0300][3.652s][info][gc] GC(47) Pause Young (Allocation Failure) 819M->549M(991M) 0.254ms
[2020-01-31T22:14:57.815+0300][3.702s][info][gc] GC(48) Pause Young (Allocation Failure) 819M->549M(991M) 0.253ms
[2020-01-31T22:14:57.864+0300][3.752s][info][gc] GC(49) Pause Young (Allocation Failure) 819M->549M(991M) 0.249ms
[2020-01-31T22:14:57.914+0300][3.801s][info][gc] GC(50) Pause Young (Allocation Failure) 819M->549M(991M) 0.245ms
[2020-01-31T22:14:57.966+0300][3.853s][info][gc] GC(51) Pause Young (Allocation Failure) 819M->549M(991M) 0.243ms
[2020-01-31T22:14:58.016+0300][3.903s][info][gc] GC(52) Pause Young (Allocation Failure) 819M->549M(991M) 0.243ms
[2020-01-31T22:14:58.066+0300][3.953s][info][gc] GC(53) Pause Young (Allocation Failure) 819M->549M(991M) 0.252ms
[2020-01-31T22:14:58.116+0300][4.003s][info][gc] GC(54) Pause Young (Allocation Failure) 819M->549M(991M) 0.243ms
[2020-01-31T22:14:58.165+0300][4.052s][info][gc] GC(55) Pause Young (Allocation Failure) 819M->549M(991M) 0.257ms
[2020-01-31T22:14:58.216+0300][4.103s][info][gc] GC(56) Pause Young (Allocation Failure) 819M->549M(991M) 0.247ms
[2020-01-31T22:14:58.266+0300][4.154s][info][gc] GC(57) Pause Young (Allocation Failure) 819M->549M(991M) 0.258ms
[2020-01-31T22:14:58.316+0300][4.203s][info][gc] GC(58) Pause Young (Allocation Failure) 819M->549M(991M) 0.255ms
[2020-01-31T22:14:58.366+0300][4.253s][info][gc] GC(59) Pause Young (Allocation Failure) 819M->549M(991M) 0.249ms
[2020-01-31T22:14:58.416+0300][4.303s][info][gc] GC(60) Pause Young (Allocation Failure) 819M->549M(991M) 0.256ms
[2020-01-31T22:14:58.467+0300][4.354s][info][gc] GC(61) Pause Young (Allocation Failure) 819M->549M(991M) 0.253ms
[2020-01-31T22:14:58.517+0300][4.404s][info][gc] GC(62) Pause Young (Allocation Failure) 819M->549M(991M) 0.251ms
[2020-01-31T22:14:58.567+0300][4.454s][info][gc] GC(63) Pause Young (Allocation Failure) 819M->549M(991M) 0.264ms
[2020-01-31T22:14:58.616+0300][4.504s][info][gc] GC(64) Pause Young (Allocation Failure) 819M->549M(991M) 0.261ms
[2020-01-31T22:14:58.666+0300][4.554s][info][gc] GC(65) Pause Young (Allocation Failure) 819M->549M(991M) 0.261ms
[2020-01-31T22:14:58.717+0300][4.604s][info][gc] GC(66) Pause Young (Allocation Failure) 819M->549M(991M) 0.259ms
[2020-01-31T22:14:58.767+0300][4.654s][info][gc] GC(67) Pause Young (Allocation Failure) 819M->549M(991M) 0.259ms
[2020-01-31T22:14:58.817+0300][4.704s][info][gc] GC(68) Pause Young (Allocation Failure) 819M->549M(991M) 0.261ms
[2020-01-31T22:14:58.867+0300][4.754s][info][gc] GC(69) Pause Young (Allocation Failure) 819M->549M(991M) 0.256ms
[2020-01-31T22:14:58.917+0300][4.804s][info][gc] GC(70) Pause Young (Allocation Failure) 819M->549M(991M) 0.259ms
[2020-01-31T22:14:58.967+0300][4.855s][info][gc] GC(71) Pause Young (Allocation Failure) 819M->549M(991M) 0.262ms
[2020-01-31T22:14:59.017+0300][4.905s][info][gc] GC(72) Pause Young (Allocation Failure) 819M->549M(991M) 0.262ms
[2020-01-31T22:14:59.068+0300][4.955s][info][gc] GC(73) Pause Young (Allocation Failure) 819M->549M(991M) 0.257ms
[2020-01-31T22:14:59.118+0300][5.005s][info][gc] GC(74) Pause Young (Allocation Failure) 819M->549M(991M) 0.252ms
[2020-01-31T22:14:59.167+0300][5.055s][info][gc] GC(75) Pause Young (Allocation Failure) 819M->549M(991M) 0.254ms
[2020-01-31T22:14:59.222+0300][5.110s][info][gc] GC(76) Pause Young (Allocation Failure) 819M->549M(991M) 0.256ms
[2020-01-31T22:14:59.273+0300][5.160s][info][gc] GC(77) Pause Young (Allocation Failure) 819M->549M(991M) 0.261ms
[2020-01-31T22:14:59.324+0300][5.211s][info][gc] GC(78) Pause Young (Allocation Failure) 819M->549M(991M) 0.261ms
[2020-01-31T22:14:59.374+0300][5.261s][info][gc] GC(79) Pause Young (Allocation Failure) 819M->549M(991M) 0.250ms
[2020-01-31T22:14:59.424+0300][5.311s][info][gc] GC(80) Pause Young (Allocation Failure) 819M->549M(991M) 0.268ms
[2020-01-31T22:14:59.475+0300][5.362s][info][gc] GC(81) Pause Young (Allocation Failure) 819M->549M(991M) 0.245ms
[2020-01-31T22:14:59.526+0300][5.413s][info][gc] GC(82) Pause Young (Allocation Failure) 819M->549M(991M) 0.245ms
[2020-01-31T22:14:59.575+0300][5.463s][info][gc] GC(83) Pause Young (Allocation Failure) 819M->549M(991M) 0.252ms
[2020-01-31T22:14:59.625+0300][5.512s][info][gc] GC(84) Pause Young (Allocation Failure) 819M->549M(991M) 0.265ms
[2020-01-31T22:14:59.676+0300][5.563s][info][gc] GC(85) Pause Young (Allocation Failure) 819M->549M(991M) 0.249ms
[2020-01-31T22:14:59.726+0300][5.614s][info][gc] GC(86) Pause Young (Allocation Failure) 819M->549M(991M) 0.250ms
[2020-01-31T22:14:59.776+0300][5.663s][info][gc] GC(87) Pause Young (Allocation Failure) 819M->549M(991M) 0.249ms
[2020-01-31T22:14:59.826+0300][5.713s][info][gc] GC(88) Pause Young (Allocation Failure) 819M->549M(991M) 0.258ms
[2020-01-31T22:14:59.877+0300][5.764s][info][gc] GC(89) Pause Young (Allocation Failure) 819M->549M(991M) 0.261ms
[2020-01-31T22:14:59.928+0300][5.815s][info][gc] GC(90) Pause Young (Allocation Failure) 819M->549M(991M) 0.247ms
[2020-01-31T22:14:59.977+0300][5.865s][info][gc] GC(91) Pause Young (Allocation Failure) 819M->549M(991M) 0.268ms
[2020-01-31T22:15:00.028+0300][5.915s][info][gc] GC(92) Pause Young (Allocation Failure) 819M->549M(991M) 0.253ms
[2020-01-31T22:15:00.079+0300][5.966s][info][gc] GC(93) Pause Young (Allocation Failure) 819M->549M(991M) 0.276ms
[2020-01-31T22:15:00.130+0300][6.017s][info][gc] GC(94) Pause Young (Allocation Failure) 819M->549M(991M) 0.255ms
[2020-01-31T22:15:00.181+0300][6.068s][info][gc] GC(95) Pause Young (Allocation Failure) 819M->549M(991M) 0.249ms
[2020-01-31T22:15:00.232+0300][6.119s][info][gc] GC(96) Pause Young (Allocation Failure) 819M->549M(991M) 0.251ms
[2020-01-31T22:15:00.282+0300][6.169s][info][gc] GC(97) Pause Young (Allocation Failure) 819M->549M(991M) 0.252ms
[2020-01-31T22:15:00.332+0300][6.220s][info][gc] GC(98) Pause Young (Allocation Failure) 819M->549M(991M) 0.270ms
[2020-01-31T22:15:00.383+0300][6.270s][info][gc] GC(99) Pause Young (Allocation Failure) 819M->549M(991M) 0.246ms
[2020-01-31T22:15:00.434+0300][6.321s][info][gc] GC(100) Pause Young (Allocation Failure) 819M->549M(991M) 0.249ms
[2020-01-31T22:15:00.484+0300][6.371s][info][gc] GC(101) Pause Young (Allocation Failure) 819M->549M(991M) 0.251ms
[2020-01-31T22:15:00.536+0300][6.423s][info][gc] GC(102) Pause Young (Allocation Failure) 819M->549M(991M) 0.248ms
[2020-01-31T22:15:00.586+0300][6.473s][info][gc] GC(103) Pause Young (Allocation Failure) 819M->549M(991M) 0.249ms
[2020-01-31T22:15:00.637+0300][6.524s][info][gc] GC(104) Pause Young (Allocation Failure) 819M->549M(991M) 0.257ms
[2020-01-31T22:15:00.686+0300][6.574s][info][gc] GC(105) Pause Young (Allocation Failure) 819M->549M(991M) 0.254ms
[2020-01-31T22:15:00.737+0300][6.624s][info][gc] GC(106) Pause Young (Allocation Failure) 819M->549M(991M) 0.252ms
[2020-01-31T22:15:00.789+0300][6.676s][info][gc] GC(107) Pause Young (Allocation Failure) 819M->549M(991M) 0.247ms
[2020-01-31T22:15:00.840+0300][6.727s][info][gc] GC(108) Pause Young (Allocation Failure) 819M->549M(991M) 0.274ms
[2020-01-31T22:15:00.890+0300][6.777s][info][gc] GC(109) Pause Young (Allocation Failure) 819M->549M(991M) 0.253ms
[2020-01-31T22:15:00.940+0300][6.827s][info][gc] GC(110) Pause Young (Allocation Failure) 819M->549M(991M) 0.250ms
[2020-01-31T22:15:00.990+0300][6.877s][info][gc] GC(111) Pause Young (Allocation Failure) 819M->549M(991M) 0.243ms
[2020-01-31T22:15:01.042+0300][6.930s][info][gc] GC(112) Pause Young (Allocation Failure) 819M->549M(991M) 0.251ms
[2020-01-31T22:15:01.092+0300][6.980s][info][gc] GC(113) Pause Young (Allocation Failure) 819M->549M(991M) 0.255ms
[2020-01-31T22:15:01.143+0300][7.030s][info][gc] GC(114) Pause Young (Allocation Failure) 819M->549M(991M) 0.248ms
[2020-01-31T22:15:01.193+0300][7.080s][info][gc] GC(115) Pause Young (Allocation Failure) 819M->549M(991M) 0.251ms
[2020-01-31T22:15:01.244+0300][7.131s][info][gc] GC(116) Pause Young (Allocation Failure) 819M->549M(991M) 0.283ms
[2020-01-31T22:15:01.295+0300][7.183s][info][gc] GC(117) Pause Young (Allocation Failure) 819M->549M(991M) 0.262ms
[2020-01-31T22:15:01.347+0300][7.234s][info][gc] GC(118) Pause Young (Allocation Failure) 819M->549M(991M) 0.269ms
[2020-01-31T22:15:01.397+0300][7.284s][info][gc] GC(119) Pause Young (Allocation Failure) 819M->549M(991M) 0.245ms
[2020-01-31T22:15:01.446+0300][7.334s][info][gc] GC(120) Pause Young (Allocation Failure) 819M->549M(991M) 0.264ms
[2020-01-31T22:15:01.497+0300][7.384s][info][gc] GC(121) Pause Young (Allocation Failure) 819M->549M(991M) 0.242ms
[2020-01-31T22:15:01.548+0300][7.435s][info][gc] GC(122) Pause Young (Allocation Failure) 819M->549M(991M) 0.248ms
[2020-01-31T22:15:01.597+0300][7.484s][info][gc] GC(123) Pause Young (Allocation Failure) 819M->549M(991M) 0.245ms
[2020-01-31T22:15:01.648+0300][7.535s][info][gc] GC(124) Pause Young (Allocation Failure) 819M->549M(991M) 0.265ms
[2020-01-31T22:15:01.698+0300][7.585s][info][gc] GC(125) Pause Young (Allocation Failure) 819M->549M(991M) 0.245ms
[2020-01-31T22:15:01.749+0300][7.636s][info][gc] GC(126) Pause Young (Allocation Failure) 819M->549M(991M) 0.245ms
[2020-01-31T22:15:01.804+0300][7.691s][info][gc] GC(127) Pause Young (Allocation Failure) 819M->549M(991M) 0.246ms
[2020-01-31T22:15:01.854+0300][7.741s][info][gc] GC(128) Pause Young (Allocation Failure) 819M->549M(991M) 0.271ms
[2020-01-31T22:15:01.905+0300][7.792s][info][gc] GC(129) Pause Young (Allocation Failure) 819M->549M(991M) 0.258ms
[2020-01-31T22:15:01.956+0300][7.843s][info][gc] GC(130) Pause Young (Allocation Failure) 819M->549M(991M) 0.247ms
[2020-01-31T22:15:02.005+0300][7.893s][info][gc] GC(131) Pause Young (Allocation Failure) 819M->549M(991M) 0.247ms
[2020-01-31T22:15:02.055+0300][7.943s][info][gc] GC(132) Pause Young (Allocation Failure) 819M->549M(991M) 0.267ms
[2020-01-31T22:15:02.107+0300][7.994s][info][gc] GC(133) Pause Young (Allocation Failure) 819M->549M(991M) 0.284ms
[2020-01-31T22:15:02.158+0300][8.045s][info][gc] GC(134) Pause Young (Allocation Failure) 819M->549M(991M) 0.242ms
[2020-01-31T22:15:02.208+0300][8.095s][info][gc] GC(135) Pause Young (Allocation Failure) 819M->549M(991M) 0.246ms
[2020-01-31T22:15:02.259+0300][8.146s][info][gc] GC(136) Pause Young (Allocation Failure) 819M->549M(991M) 0.285ms
[2020-01-31T22:15:02.310+0300][8.197s][info][gc] GC(137) Pause Young (Allocation Failure) 819M->549M(991M) 0.297ms
[2020-01-31T22:15:02.360+0300][8.248s][info][gc] GC(138) Pause Young (Allocation Failure) 819M->549M(991M) 0.246ms
[2020-01-31T22:15:02.410+0300][8.298s][info][gc] GC(139) Pause Young (Allocation Failure) 819M->549M(991M) 0.243ms
[2020-01-31T22:15:02.460+0300][8.347s][info][gc] GC(140) Pause Young (Allocation Failure) 819M->549M(991M) 0.262ms
[2020-01-31T22:15:02.511+0300][8.398s][info][gc] GC(141) Pause Young (Allocation Failure) 819M->549M(991M) 0.246ms
[2020-01-31T22:15:02.562+0300][8.449s][info][gc] GC(142) Pause Young (Allocation Failure) 819M->549M(991M) 0.242ms
[2020-01-31T22:15:02.611+0300][8.498s][info][gc] GC(143) Pause Young (Allocation Failure) 819M->549M(991M) 0.236ms
[2020-01-31T22:15:02.661+0300][8.548s][info][gc] GC(144) Pause Young (Allocation Failure) 819M->549M(991M) 0.255ms
[2020-01-31T22:15:02.712+0300][8.599s][info][gc] GC(145) Pause Young (Allocation Failure) 819M->549M(991M) 0.242ms
[2020-01-31T22:15:02.762+0300][8.650s][info][gc] GC(146) Pause Young (Allocation Failure) 819M->549M(991M) 0.241ms
[2020-01-31T22:15:02.812+0300][8.699s][info][gc] GC(147) Pause Young (Allocation Failure) 819M->549M(991M) 0.241ms
[2020-01-31T22:15:02.862+0300][8.749s][info][gc] GC(148) Pause Young (Allocation Failure) 819M->549M(991M) 0.249ms
[2020-01-31T22:15:02.913+0300][8.800s][info][gc] GC(149) Pause Young (Allocation Failure) 819M->549M(991M) 0.240ms
[2020-01-31T22:15:02.964+0300][8.851s][info][gc] GC(150) Pause Young (Allocation Failure) 819M->549M(991M) 0.242ms
[2020-01-31T22:15:03.014+0300][8.901s][info][gc] GC(151) Pause Young (Allocation Failure) 819M->549M(991M) 0.245ms
[2020-01-31T22:15:03.064+0300][8.951s][info][gc] GC(152) Pause Young (Allocation Failure) 819M->549M(991M) 0.243ms
[2020-01-31T22:15:03.115+0300][9.003s][info][gc] GC(153) Pause Young (Allocation Failure) 819M->549M(991M) 0.239ms
[2020-01-31T22:15:03.166+0300][9.054s][info][gc] GC(154) Pause Young (Allocation Failure) 819M->549M(991M) 0.244ms
[2020-01-31T22:15:03.217+0300][9.104s][info][gc] GC(155) Pause Young (Allocation Failure) 819M->549M(991M) 0.243ms
[2020-01-31T22:15:03.268+0300][9.155s][info][gc] GC(156) Pause Young (Allocation Failure) 819M->549M(991M) 0.244ms
[2020-01-31T22:15:03.318+0300][9.205s][info][gc] GC(157) Pause Young (Allocation Failure) 819M->549M(991M) 0.267ms
[2020-01-31T22:15:03.369+0300][9.256s][info][gc] GC(158) Pause Young (Allocation Failure) 819M->549M(991M) 0.243ms
[2020-01-31T22:15:03.420+0300][9.307s][info][gc] GC(159) Pause Young (Allocation Failure) 819M->549M(991M) 0.242ms
[2020-01-31T22:15:03.470+0300][9.357s][info][gc] GC(160) Pause Young (Allocation Failure) 819M->549M(991M) 0.239ms
[2020-01-31T22:15:03.520+0300][9.408s][info][gc] GC(161) Pause Young (Allocation Failure) 819M->549M(991M) 0.271ms
[2020-01-31T22:15:03.571+0300][9.458s][info][gc] GC(162) Pause Young (Allocation Failure) 819M->549M(991M) 0.241ms
[2020-01-31T22:15:03.622+0300][9.509s][info][gc] GC(163) Pause Young (Allocation Failure) 819M->549M(991M) 0.243ms
[2020-01-31T22:15:03.672+0300][9.559s][info][gc] GC(164) Pause Young (Allocation Failure) 819M->549M(991M) 0.244ms
[2020-01-31T22:15:03.722+0300][9.609s][info][gc] GC(165) Pause Young (Allocation Failure) 819M->549M(991M) 0.268ms
[2020-01-31T22:15:03.773+0300][9.660s][info][gc] GC(166) Pause Young (Allocation Failure) 819M->549M(991M) 0.238ms
[2020-01-31T22:15:03.824+0300][9.711s][info][gc] GC(167) Pause Young (Allocation Failure) 819M->549M(991M) 0.247ms
[2020-01-31T22:15:03.873+0300][9.761s][info][gc] GC(168) Pause Young (Allocation Failure) 819M->549M(991M) 0.244ms
[2020-01-31T22:15:03.923+0300][9.811s][info][gc] GC(169) Pause Young (Allocation Failure) 819M->549M(991M) 0.262ms
[2020-01-31T22:15:03.974+0300][9.861s][info][gc] GC(170) Pause Young (Allocation Failure) 819M->549M(991M) 0.242ms
[2020-01-31T22:15:04.026+0300][9.913s][info][gc] GC(171) Pause Young (Allocation Failure) 819M->549M(991M) 0.245ms
[2020-01-31T22:15:04.077+0300][9.964s][info][gc] GC(172) Pause Young (Allocation Failure) 819M->549M(991M) 0.245ms
[2020-01-31T22:15:04.127+0300][10.014s][info][gc] GC(173) Pause Young (Allocation Failure) 819M->549M(991M) 0.287ms
[2020-01-31T22:15:04.178+0300][10.065s][info][gc] GC(174) Pause Young (Allocation Failure) 819M->549M(991M) 0.286ms
[2020-01-31T22:15:04.229+0300][10.116s][info][gc] GC(175) Pause Young (Allocation Failure) 819M->549M(991M) 0.258ms
[2020-01-31T22:15:04.278+0300][10.166s][info][gc] GC(176) Pause Young (Allocation Failure) 819M->549M(991M) 0.246ms
[2020-01-31T22:15:04.328+0300][10.215s][info][gc] GC(177) Pause Young (Allocation Failure) 819M->549M(991M) 0.275ms
[2020-01-31T22:15:04.379+0300][10.266s][info][gc] GC(178) Pause Young (Allocation Failure) 819M->549M(991M) 0.241ms
[2020-01-31T22:15:04.430+0300][10.318s][info][gc] GC(179) Pause Young (Allocation Failure) 819M->549M(991M) 0.252ms
[2020-01-31T22:15:04.480+0300][10.368s][info][gc] GC(180) Pause Young (Allocation Failure) 819M->549M(991M) 0.260ms
[2020-01-31T22:15:04.530+0300][10.417s][info][gc] GC(181) Pause Young (Allocation Failure) 819M->549M(991M) 0.261ms
[2020-01-31T22:15:04.582+0300][10.469s][info][gc] GC(182) Pause Young (Allocation Failure) 819M->549M(991M) 0.312ms
[2020-01-31T22:15:04.633+0300][10.520s][info][gc] GC(183) Pause Young (Allocation Failure) 819M->549M(991M) 0.249ms
[2020-01-31T22:15:04.683+0300][10.570s][info][gc] GC(184) Pause Young (Allocation Failure) 819M->549M(991M) 0.252ms
[2020-01-31T22:15:04.733+0300][10.620s][info][gc] GC(185) Pause Young (Allocation Failure) 819M->549M(991M) 0.266ms
[2020-01-31T22:15:04.784+0300][10.671s][info][gc] GC(186) Pause Young (Allocation Failure) 819M->549M(991M) 0.267ms
[2020-01-31T22:15:04.834+0300][10.722s][info][gc] GC(187) Pause Young (Allocation Failure) 819M->549M(991M) 0.253ms
[2020-01-31T22:15:04.884+0300][10.771s][info][gc] GC(188) Pause Young (Allocation Failure) 819M->549M(991M) 0.251ms
[2020-01-31T22:15:04.935+0300][10.822s][info][gc] GC(189) Pause Young (Allocation Failure) 819M->549M(991M) 0.254ms
[2020-01-31T22:15:04.986+0300][10.874s][info][gc] GC(190) Pause Young (Allocation Failure) 819M->549M(991M) 0.293ms
[2020-01-31T22:15:05.038+0300][10.925s][info][gc] GC(191) Pause Young (Allocation Failure) 819M->549M(991M) 0.254ms
[2020-01-31T22:15:05.089+0300][10.976s][info][gc] GC(192) Pause Young (Allocation Failure) 819M->549M(991M) 0.257ms
[2020-01-31T22:15:05.139+0300][11.026s][info][gc] GC(193) Pause Young (Allocation Failure) 819M->549M(991M) 0.266ms
[2020-01-31T22:15:05.190+0300][11.077s][info][gc] GC(194) Pause Young (Allocation Failure) 819M->549M(991M) 0.333ms
[2020-01-31T22:15:05.241+0300][11.128s][info][gc] GC(195) Pause Young (Allocation Failure) 819M->549M(991M) 0.251ms
[2020-01-31T22:15:05.291+0300][11.178s][info][gc] GC(196) Pause Young (Allocation Failure) 819M->549M(991M) 0.255ms
[2020-01-31T22:15:05.341+0300][11.228s][info][gc] GC(197) Pause Young (Allocation Failure) 819M->549M(991M) 0.277ms
[2020-01-31T22:15:05.392+0300][11.280s][info][gc] GC(198) Pause Young (Allocation Failure) 819M->549M(991M) 0.249ms
[2020-01-31T22:15:05.443+0300][11.330s][info][gc] GC(199) Pause Young (Allocation Failure) 819M->549M(991M) 0.251ms
[2020-01-31T22:15:05.493+0300][11.380s][info][gc] GC(200) Pause Young (Allocation Failure) 819M->549M(991M) 0.249ms
[2020-01-31T22:15:05.543+0300][11.430s][info][gc] GC(201) Pause Young (Allocation Failure) 819M->549M(991M) 0.257ms
[2020-01-31T22:15:05.594+0300][11.481s][info][gc] GC(202) Pause Young (Allocation Failure) 819M->549M(991M) 0.286ms
[2020-01-31T22:15:05.645+0300][11.532s][info][gc] GC(203) Pause Young (Allocation Failure) 819M->549M(991M) 0.259ms
[2020-01-31T22:15:05.695+0300][11.582s][info][gc] GC(204) Pause Young (Allocation Failure) 819M->549M(991M) 0.273ms
[2020-01-31T22:15:05.744+0300][11.632s][info][gc] GC(205) Pause Young (Allocation Failure) 819M->549M(991M) 0.324ms
[2020-01-31T22:15:05.795+0300][11.683s][info][gc] GC(206) Pause Young (Allocation Failure) 819M->549M(991M) 0.251ms
[2020-01-31T22:15:05.846+0300][11.733s][info][gc] GC(207) Pause Young (Allocation Failure) 819M->549M(991M) 0.246ms
[2020-01-31T22:15:05.896+0300][11.783s][info][gc] GC(208) Pause Young (Allocation Failure) 819M->549M(991M) 0.246ms
[2020-01-31T22:15:05.946+0300][11.833s][info][gc] GC(209) Pause Young (Allocation Failure) 819M->549M(991M) 0.260ms
[2020-01-31T22:15:05.997+0300][11.884s][info][gc] GC(210) Pause Young (Allocation Failure) 819M->549M(991M) 0.242ms
[2020-01-31T22:15:06.048+0300][11.935s][info][gc] GC(211) Pause Young (Allocation Failure) 819M->549M(991M) 0.242ms
[2020-01-31T22:15:06.098+0300][11.985s][info][gc] GC(212) Pause Young (Allocation Failure) 819M->549M(991M) 0.247ms
[2020-01-31T22:15:06.147+0300][12.035s][info][gc] GC(213) Pause Young (Allocation Failure) 819M->549M(991M) 0.258ms
[2020-01-31T22:15:06.199+0300][12.086s][info][gc] GC(214) Pause Young (Allocation Failure) 819M->549M(991M) 0.259ms
[2020-01-31T22:15:06.250+0300][12.137s][info][gc] GC(215) Pause Young (Allocation Failure) 819M->549M(991M) 0.240ms
[2020-01-31T22:15:06.300+0300][12.187s][info][gc] GC(216) Pause Young (Allocation Failure) 819M->549M(991M) 0.251ms
[2020-01-31T22:15:06.350+0300][12.237s][info][gc] GC(217) Pause Young (Allocation Failure) 819M->549M(991M) 0.275ms
[2020-01-31T22:15:06.400+0300][12.287s][info][gc] GC(218) Pause Young (Allocation Failure) 819M->549M(991M) 0.241ms
[2020-01-31T22:15:06.451+0300][12.338s][info][gc] GC(219) Pause Young (Allocation Failure) 819M->549M(991M) 0.240ms
[2020-01-31T22:15:06.500+0300][12.388s][info][gc] GC(220) Pause Young (Allocation Failure) 819M->549M(991M) 0.243ms
[2020-01-31T22:15:06.550+0300][12.438s][info][gc] GC(221) Pause Young (Allocation Failure) 819M->549M(991M) 0.243ms
[2020-01-31T22:15:06.602+0300][12.489s][info][gc] GC(222) Pause Young (Allocation Failure) 819M->549M(991M) 0.241ms
[2020-01-31T22:15:06.652+0300][12.539s][info][gc] GC(223) Pause Young (Allocation Failure) 819M->549M(991M) 0.245ms
[2020-01-31T22:15:06.702+0300][12.589s][info][gc] GC(224) Pause Young (Allocation Failure) 819M->549M(991M) 0.244ms
[2020-01-31T22:15:06.752+0300][12.639s][info][gc] GC(225) Pause Young (Allocation Failure) 819M->549M(991M) 0.242ms
[2020-01-31T22:15:06.802+0300][12.689s][info][gc] GC(226) Pause Young (Allocation Failure) 819M->549M(991M) 0.240ms
[2020-01-31T22:15:06.854+0300][12.741s][info][gc] GC(227) Pause Young (Allocation Failure) 819M->549M(991M) 0.237ms
[2020-01-31T22:15:06.903+0300][12.791s][info][gc] GC(228) Pause Young (Allocation Failure) 819M->549M(991M) 0.244ms
[2020-01-31T22:15:06.953+0300][12.840s][info][gc] GC(229) Pause Young (Allocation Failure) 819M->549M(991M) 0.241ms
[2020-01-31T22:15:07.003+0300][12.890s][info][gc] GC(230) Pause Young (Allocation Failure) 819M->549M(991M) 0.246ms
[2020-01-31T22:15:07.053+0300][12.940s][info][gc] GC(231) Pause Young (Allocation Failure) 819M->549M(991M) 0.249ms
[2020-01-31T22:15:07.104+0300][12.991s][info][gc] GC(232) Pause Young (Allocation Failure) 819M->549M(991M) 0.245ms
[2020-01-31T22:15:07.155+0300][13.042s][info][gc] GC(233) Pause Young (Allocation Failure) 819M->549M(991M) 0.266ms
[2020-01-31T22:15:07.205+0300][13.092s][info][gc] GC(234) Pause Young (Allocation Failure) 819M->549M(991M) 0.260ms
[2020-01-31T22:15:07.254+0300][13.142s][info][gc] GC(235) Pause Young (Allocation Failure) 819M->549M(991M) 0.244ms
[2020-01-31T22:15:07.304+0300][13.192s][info][gc] GC(236) Pause Young (Allocation Failure) 819M->549M(991M) 0.247ms
[2020-01-31T22:15:07.357+0300][13.244s][info][gc] GC(237) Pause Young (Allocation Failure) 819M->549M(991M) 0.265ms
[2020-01-31T22:15:07.409+0300][13.296s][info][gc] GC(238) Pause Young (Allocation Failure) 819M->549M(991M) 0.248ms
[2020-01-31T22:15:07.459+0300][13.346s][info][gc] GC(239) Pause Young (Allocation Failure) 819M->549M(991M) 0.250ms
[2020-01-31T22:15:07.509+0300][13.396s][info][gc] GC(240) Pause Young (Allocation Failure) 819M->549M(991M) 0.246ms
[2020-01-31T22:15:07.559+0300][13.446s][info][gc] GC(241) Pause Young (Allocation Failure) 819M->549M(991M) 0.273ms
[2020-01-31T22:15:07.609+0300][13.496s][info][gc] GC(242) Pause Young (Allocation Failure) 819M->549M(991M) 0.244ms
[2020-01-31T22:15:07.660+0300][13.547s][info][gc] GC(243) Pause Young (Allocation Failure) 819M->549M(991M) 0.246ms
[2020-01-31T22:15:07.709+0300][13.596s][info][gc] GC(244) Pause Young (Allocation Failure) 819M->549M(991M) 0.247ms
[2020-01-31T22:15:07.759+0300][13.646s][info][gc] GC(245) Pause Young (Allocation Failure) 819M->549M(991M) 0.247ms
[2020-01-31T22:15:07.811+0300][13.698s][info][gc] GC(246) Pause Young (Allocation Failure) 819M->549M(991M) 0.240ms
[2020-01-31T22:15:07.861+0300][13.748s][info][gc] GC(247) Pause Young (Allocation Failure) 819M->549M(991M) 0.242ms
[2020-01-31T22:15:07.911+0300][13.798s][info][gc] GC(248) Pause Young (Allocation Failure) 819M->549M(991M) 0.242ms
[2020-01-31T22:15:07.961+0300][13.848s][info][gc] GC(249) Pause Young (Allocation Failure) 819M->549M(991M) 0.243ms
[2020-01-31T22:15:08.010+0300][13.898s][info][gc] GC(250) Pause Young (Allocation Failure) 819M->549M(991M) 0.243ms
[2020-01-31T22:15:08.061+0300][13.949s][info][gc] GC(251) Pause Young (Allocation Failure) 819M->549M(991M) 0.243ms
[2020-01-31T22:15:08.111+0300][13.998s][info][gc] GC(252) Pause Young (Allocation Failure) 819M->549M(991M) 0.241ms
[2020-01-31T22:15:08.161+0300][14.048s][info][gc] GC(253) Pause Young (Allocation Failure) 819M->549M(991M) 0.241ms
[2020-01-31T22:15:08.210+0300][14.098s][info][gc] GC(254) Pause Young (Allocation Failure) 819M->549M(991M) 0.241ms
[2020-01-31T22:15:08.260+0300][14.147s][info][gc] GC(255) Pause Young (Allocation Failure) 819M->549M(991M) 0.242ms
[2020-01-31T22:15:08.312+0300][14.199s][info][gc] GC(256) Pause Young (Allocation Failure) 819M->549M(991M) 0.241ms
[2020-01-31T22:15:08.362+0300][14.249s][info][gc] GC(257) Pause Young (Allocation Failure) 819M->549M(991M) 0.238ms
[2020-01-31T22:15:08.411+0300][14.298s][info][gc] GC(258) Pause Young (Allocation Failure) 819M->549M(991M) 0.240ms
[2020-01-31T22:15:08.461+0300][14.348s][info][gc] GC(259) Pause Young (Allocation Failure) 819M->549M(991M) 0.237ms
[2020-01-31T22:15:08.511+0300][14.398s][info][gc] GC(260) Pause Young (Allocation Failure) 819M->549M(991M) 0.240ms
[2020-01-31T22:15:08.563+0300][14.450s][info][gc] GC(261) Pause Young (Allocation Failure) 819M->549M(991M) 0.254ms
[2020-01-31T22:15:08.613+0300][14.501s][info][gc] GC(262) Pause Young (Allocation Failure) 819M->549M(991M) 0.240ms
[2020-01-31T22:15:08.663+0300][14.550s][info][gc] GC(263) Pause Young (Allocation Failure) 819M->549M(991M) 0.241ms
[2020-01-31T22:15:08.713+0300][14.600s][info][gc] GC(264) Pause Young (Allocation Failure) 819M->549M(991M) 0.248ms
[2020-01-31T22:15:08.763+0300][14.650s][info][gc] GC(265) Pause Young (Allocation Failure) 819M->549M(991M) 0.243ms
[2020-01-31T22:15:08.815+0300][14.702s][info][gc] GC(266) Pause Young (Allocation Failure) 819M->549M(991M) 0.239ms
[2020-01-31T22:15:08.865+0300][14.752s][info][gc] GC(267) Pause Young (Allocation Failure) 819M->549M(991M) 0.237ms
[2020-01-31T22:15:08.915+0300][14.802s][info][gc] GC(268) Pause Young (Allocation Failure) 819M->549M(991M) 0.243ms
[2020-01-31T22:15:08.964+0300][14.852s][info][gc] GC(269) Pause Young (Allocation Failure) 819M->549M(991M) 0.242ms
[2020-01-31T22:15:09.014+0300][14.901s][info][gc] GC(270) Pause Young (Allocation Failure) 819M->549M(991M) 0.245ms
[2020-01-31T22:15:09.065+0300][14.952s][info][gc] GC(271) Pause Young (Allocation Failure) 819M->549M(991M) 0.242ms
[2020-01-31T22:15:09.115+0300][15.002s][info][gc] GC(272) Pause Young (Allocation Failure) 819M->549M(991M) 0.238ms
[2020-01-31T22:15:09.165+0300][15.052s][info][gc] GC(273) Pause Young (Allocation Failure) 819M->549M(991M) 0.241ms
[2020-01-31T22:15:09.215+0300][15.102s][info][gc] GC(274) Pause Young (Allocation Failure) 819M->549M(991M) 0.241ms
[2020-01-31T22:15:09.265+0300][15.152s][info][gc] GC(275) Pause Young (Allocation Failure) 819M->549M(991M) 0.239ms
[2020-01-31T22:15:09.315+0300][15.203s][info][gc] GC(276) Pause Young (Allocation Failure) 819M->549M(991M) 0.239ms
[2020-01-31T22:15:09.365+0300][15.253s][info][gc] GC(277) Pause Young (Allocation Failure) 819M->549M(991M) 0.241ms
[2020-01-31T22:15:09.415+0300][15.302s][info][gc] GC(278) Pause Young (Allocation Failure) 819M->549M(991M) 0.240ms
[2020-01-31T22:15:09.465+0300][15.352s][info][gc] GC(279) Pause Young (Allocation Failure) 819M->549M(991M) 0.239ms
[2020-01-31T22:15:09.515+0300][15.402s][info][gc] GC(280) Pause Young (Allocation Failure) 819M->549M(991M) 0.246ms
[2020-01-31T22:15:09.566+0300][15.453s][info][gc] GC(281) Pause Young (Allocation Failure) 819M->549M(991M) 0.241ms
[2020-01-31T22:15:09.616+0300][15.503s][info][gc] GC(282) Pause Young (Allocation Failure) 819M->549M(991M) 0.239ms
[2020-01-31T22:15:09.666+0300][15.553s][info][gc] GC(283) Pause Young (Allocation Failure) 819M->549M(991M) 0.240ms
[2020-01-31T22:15:09.715+0300][15.603s][info][gc] GC(284) Pause Young (Allocation Failure) 819M->549M(991M) 0.241ms
[2020-01-31T22:15:09.765+0300][15.652s][info][gc] GC(285) Pause Young (Allocation Failure) 819M->549M(991M) 0.247ms
[2020-01-31T22:15:09.816+0300][15.703s][info][gc] GC(286) Pause Young (Allocation Failure) 819M->549M(991M) 0.240ms
[2020-01-31T22:15:09.866+0300][15.753s][info][gc] GC(287) Pause Young (Allocation Failure) 819M->549M(991M) 0.239ms
[2020-01-31T22:15:09.916+0300][15.803s][info][gc] GC(288) Pause Young (Allocation Failure) 819M->549M(991M) 0.240ms
[2020-01-31T22:15:09.966+0300][15.853s][info][gc] GC(289) Pause Young (Allocation Failure) 819M->549M(991M) 0.239ms
[2020-01-31T22:15:10.016+0300][15.903s][info][gc] GC(290) Pause Young (Allocation Failure) 819M->549M(991M) 0.241ms
[2020-01-31T22:15:10.067+0300][15.954s][info][gc] GC(291) Pause Young (Allocation Failure) 819M->549M(991M) 0.240ms
[2020-01-31T22:15:10.118+0300][16.005s][info][gc] GC(292) Pause Young (Allocation Failure) 819M->549M(991M) 0.240ms
[2020-01-31T22:15:10.168+0300][16.055s][info][gc] GC(293) Pause Young (Allocation Failure) 819M->549M(991M) 0.238ms
[2020-01-31T22:15:10.218+0300][16.105s][info][gc] GC(294) Pause Young (Allocation Failure) 819M->549M(991M) 0.241ms
[2020-01-31T22:15:10.268+0300][16.155s][info][gc] GC(295) Pause Young (Allocation Failure) 819M->549M(991M) 0.284ms
[2020-01-31T22:15:10.320+0300][16.207s][info][gc] GC(296) Pause Young (Allocation Failure) 819M->549M(991M) 0.250ms
[2020-01-31T22:15:10.371+0300][16.258s][info][gc] GC(297) Pause Young (Allocation Failure) 819M->549M(991M) 0.239ms
[2020-01-31T22:15:10.421+0300][16.308s][info][gc] GC(298) Pause Young (Allocation Failure) 819M->549M(991M) 0.241ms
[2020-01-31T22:15:10.470+0300][16.358s][info][gc] GC(299) Pause Young (Allocation Failure) 819M->549M(991M) 0.263ms
[2020-01-31T22:15:10.521+0300][16.408s][info][gc] GC(300) Pause Young (Allocation Failure) 819M->549M(991M) 0.241ms
[2020-01-31T22:15:10.572+0300][16.459s][info][gc] GC(301) Pause Young (Allocation Failure) 819M->549M(991M) 0.242ms
[2020-01-31T22:15:10.622+0300][16.509s][info][gc] GC(302) Pause Young (Allocation Failure) 819M->549M(991M) 0.242ms
[2020-01-31T22:15:10.672+0300][16.559s][info][gc] GC(303) Pause Young (Allocation Failure) 819M->549M(991M) 0.262ms
[2020-01-31T22:15:10.723+0300][16.610s][info][gc] GC(304) Pause Young (Allocation Failure) 819M->549M(991M) 0.242ms
[2020-01-31T22:15:10.774+0300][16.661s][info][gc] GC(305) Pause Young (Allocation Failure) 819M->549M(991M) 0.237ms
[2020-01-31T22:15:10.823+0300][16.711s][info][gc] GC(306) Pause Young (Allocation Failure) 819M->549M(991M) 0.244ms
[2020-01-31T22:15:10.873+0300][16.761s][info][gc] GC(307) Pause Young (Allocation Failure) 819M->549M(991M) 0.262ms
[2020-01-31T22:15:10.924+0300][16.811s][info][gc] GC(308) Pause Young (Allocation Failure) 819M->549M(991M) 0.242ms
[2020-01-31T22:15:10.975+0300][16.862s][info][gc] GC(309) Pause Young (Allocation Failure) 819M->549M(991M) 0.241ms
[2020-01-31T22:15:11.025+0300][16.912s][info][gc] GC(310) Pause Young (Allocation Failure) 819M->549M(991M) 0.243ms
[2020-01-31T22:15:11.075+0300][16.962s][info][gc] GC(311) Pause Young (Allocation Failure) 819M->549M(991M) 0.245ms
[2020-01-31T22:15:11.128+0300][17.015s][info][gc] GC(312) Pause Young (Allocation Failure) 819M->549M(991M) 0.241ms
[2020-01-31T22:15:11.178+0300][17.065s][info][gc] GC(313) Pause Young (Allocation Failure) 819M->549M(991M) 0.240ms
[2020-01-31T22:15:11.227+0300][17.115s][info][gc] GC(314) Pause Young (Allocation Failure) 819M->549M(991M) 0.246ms
[2020-01-31T22:15:11.277+0300][17.164s][info][gc] GC(315) Pause Young (Allocation Failure) 819M->549M(991M) 0.257ms
[2020-01-31T22:15:11.327+0300][17.214s][info][gc] GC(316) Pause Young (Allocation Failure) 819M->549M(991M) 0.243ms
[2020-01-31T22:15:11.379+0300][17.266s][info][gc] GC(317) Pause Young (Allocation Failure) 819M->549M(991M) 0.238ms
[2020-01-31T22:15:11.429+0300][17.316s][info][gc] GC(318) Pause Young (Allocation Failure) 819M->549M(991M) 0.240ms
[2020-01-31T22:15:11.479+0300][17.366s][info][gc] GC(319) Pause Young (Allocation Failure) 819M->549M(991M) 0.244ms
[2020-01-31T22:15:11.529+0300][17.416s][info][gc] GC(320) Pause Young (Allocation Failure) 819M->549M(991M) 0.246ms
[2020-01-31T22:15:11.579+0300][17.467s][info][gc] GC(321) Pause Young (Allocation Failure) 819M->549M(991M) 0.247ms
[2020-01-31T22:15:11.632+0300][17.519s][info][gc] GC(322) Pause Young (Allocation Failure) 819M->549M(991M) 0.240ms
[2020-01-31T22:15:11.682+0300][17.569s][info][gc] GC(323) Pause Young (Allocation Failure) 819M->549M(991M) 0.242ms
[2020-01-31T22:15:11.731+0300][17.618s][info][gc] GC(324) Pause Young (Allocation Failure) 819M->549M(991M) 0.243ms
[2020-01-31T22:15:11.781+0300][17.668s][info][gc] GC(325) Pause Young (Allocation Failure) 819M->549M(991M) 0.244ms
[2020-01-31T22:15:11.831+0300][17.718s][info][gc] GC(326) Pause Young (Allocation Failure) 819M->549M(991M) 0.245ms
[2020-01-31T22:15:11.882+0300][17.769s][info][gc] GC(327) Pause Young (Allocation Failure) 819M->549M(991M) 0.240ms
[2020-01-31T22:15:11.933+0300][17.820s][info][gc] GC(328) Pause Young (Allocation Failure) 819M->549M(991M) 0.242ms
[2020-01-31T22:15:11.983+0300][17.870s][info][gc] GC(329) Pause Young (Allocation Failure) 819M->549M(991M) 0.239ms
[2020-01-31T22:15:12.033+0300][17.920s][info][gc] GC(330) Pause Young (Allocation Failure) 819M->549M(991M) 0.243ms
[2020-01-31T22:15:12.083+0300][17.970s][info][gc] GC(331) Pause Young (Allocation Failure) 819M->549M(991M) 0.241ms
[2020-01-31T22:15:12.135+0300][18.022s][info][gc] GC(332) Pause Young (Allocation Failure) 819M->549M(991M) 0.240ms
[2020-01-31T22:15:12.184+0300][18.072s][info][gc] GC(333) Pause Young (Allocation Failure) 819M->549M(991M) 0.247ms
[2020-01-31T22:15:12.234+0300][18.121s][info][gc] GC(334) Pause Young (Allocation Failure) 819M->549M(991M) 0.251ms
[2020-01-31T22:15:12.284+0300][18.171s][info][gc] GC(335) Pause Young (Allocation Failure) 819M->549M(991M) 0.272ms
[2020-01-31T22:15:12.335+0300][18.222s][info][gc] GC(336) Pause Young (Allocation Failure) 819M->549M(991M) 0.253ms
[2020-01-31T22:15:12.388+0300][18.275s][info][gc] GC(337) Pause Young (Allocation Failure) 819M->549M(991M) 0.247ms
[2020-01-31T22:15:12.438+0300][18.325s][info][gc] GC(338) Pause Young (Allocation Failure) 819M->549M(991M) 0.250ms
[2020-01-31T22:15:12.488+0300][18.375s][info][gc] GC(339) Pause Young (Allocation Failure) 819M->549M(991M) 0.247ms
[2020-01-31T22:15:12.537+0300][18.425s][info][gc] GC(340) Pause Young (Allocation Failure) 819M->549M(991M) 0.247ms
[2020-01-31T22:15:12.587+0300][18.474s][info][gc] GC(341) Pause Young (Allocation Failure) 819M->549M(991M) 0.246ms
[2020-01-31T22:15:12.638+0300][18.525s][info][gc] GC(342) Pause Young (Allocation Failure) 819M->549M(991M) 0.245ms
[2020-01-31T22:15:12.689+0300][18.576s][info][gc] GC(343) Pause Young (Allocation Failure) 819M->549M(991M) 0.247ms
[2020-01-31T22:15:12.739+0300][18.627s][info][gc] GC(344) Pause Young (Allocation Failure) 819M->549M(991M) 0.256ms
[2020-01-31T22:15:12.789+0300][18.676s][info][gc] GC(345) Pause Young (Allocation Failure) 819M->549M(991M) 0.253ms
[2020-01-31T22:15:12.839+0300][18.726s][info][gc] GC(346) Pause Young (Allocation Failure) 819M->549M(991M) 0.250ms
[2020-01-31T22:15:12.890+0300][18.777s][info][gc] GC(347) Pause Young (Allocation Failure) 819M->549M(991M) 0.292ms
[2020-01-31T22:15:12.940+0300][18.827s][info][gc] GC(348) Pause Young (Allocation Failure) 819M->549M(991M) 0.261ms
[2020-01-31T22:15:12.991+0300][18.878s][info][gc] GC(349) Pause Young (Allocation Failure) 819M->549M(991M) 0.246ms
[2020-01-31T22:15:13.041+0300][18.928s][info][gc] GC(350) Pause Young (Allocation Failure) 819M->549M(991M) 0.248ms
[2020-01-31T22:15:13.090+0300][18.978s][info][gc] GC(351) Pause Young (Allocation Failure) 819M->549M(991M) 0.249ms
[2020-01-31T22:15:13.142+0300][19.030s][info][gc] GC(352) Pause Young (Allocation Failure) 819M->549M(991M) 0.250ms
[2020-01-31T22:15:13.192+0300][19.079s][info][gc] GC(353) Pause Young (Allocation Failure) 819M->549M(991M) 0.247ms
[2020-01-31T22:15:13.242+0300][19.129s][info][gc] GC(354) Pause Young (Allocation Failure) 819M->549M(991M) 0.250ms
[2020-01-31T22:15:13.291+0300][19.179s][info][gc] GC(355) Pause Young (Allocation Failure) 819M->549M(991M) 0.273ms
[2020-01-31T22:15:13.342+0300][19.229s][info][gc] GC(356) Pause Young (Allocation Failure) 819M->549M(991M) 0.250ms
[2020-01-31T22:15:13.393+0300][19.280s][info][gc] GC(357) Pause Young (Allocation Failure) 819M->549M(991M) 0.249ms
[2020-01-31T22:15:13.442+0300][19.329s][info][gc] GC(358) Pause Young (Allocation Failure) 819M->549M(991M) 0.245ms
[2020-01-31T22:15:13.492+0300][19.379s][info][gc] GC(359) Pause Young (Allocation Failure) 819M->549M(991M) 0.249ms
[2020-01-31T22:15:13.541+0300][19.428s][info][gc] GC(360) Pause Young (Allocation Failure) 819M->549M(991M) 0.245ms
[2020-01-31T22:15:13.591+0300][19.478s][info][gc] GC(361) Pause Young (Allocation Failure) 819M->549M(991M) 0.241ms
[2020-01-31T22:15:13.642+0300][19.529s][info][gc] GC(362) Pause Young (Allocation Failure) 819M->549M(991M) 0.244ms
[2020-01-31T22:15:13.692+0300][19.580s][info][gc] GC(363) Pause Young (Allocation Failure) 819M->549M(991M) 0.241ms
[2020-01-31T22:15:13.742+0300][19.629s][info][gc] GC(364) Pause Young (Allocation Failure) 819M->549M(991M) 0.241ms
[2020-01-31T22:15:13.792+0300][19.679s][info][gc] GC(365) Pause Young (Allocation Failure) 819M->549M(991M) 0.242ms
[2020-01-31T22:15:13.842+0300][19.729s][info][gc] GC(366) Pause Young (Allocation Failure) 819M->549M(991M) 0.241ms
[2020-01-31T22:15:13.895+0300][19.782s][info][gc] GC(367) Pause Young (Allocation Failure) 819M->549M(991M) 0.265ms
[2020-01-31T22:15:13.945+0300][19.832s][info][gc] GC(368) Pause Young (Allocation Failure) 819M->549M(991M) 0.242ms
[2020-01-31T22:15:13.995+0300][19.882s][info][gc] GC(369) Pause Young (Allocation Failure) 819M->549M(991M) 0.259ms
[2020-01-31T22:15:14.045+0300][19.933s][info][gc] GC(370) Pause Young (Allocation Failure) 819M->549M(991M) 0.243ms
[2020-01-31T22:15:14.095+0300][19.982s][info][gc] GC(371) Pause Young (Allocation Failure) 819M->549M(991M) 0.241ms
[2020-01-31T22:15:14.149+0300][20.036s][info][gc] GC(372) Pause Young (Allocation Failure) 819M->549M(991M) 0.242ms
[2020-01-31T22:15:14.200+0300][20.087s][info][gc] GC(373) Pause Young (Allocation Failure) 819M->549M(991M) 0.269ms
[2020-01-31T22:15:14.251+0300][20.138s][info][gc] GC(374) Pause Young (Allocation Failure) 819M->549M(991M) 0.242ms
[2020-01-31T22:15:14.301+0300][20.188s][info][gc] GC(375) Pause Young (Allocation Failure) 819M->549M(991M) 0.266ms
[2020-01-31T22:15:14.351+0300][20.238s][info][gc] GC(376) Pause Young (Allocation Failure) 819M->549M(991M) 0.248ms
[2020-01-31T22:15:14.402+0300][20.290s][info][gc] GC(377) Pause Young (Allocation Failure) 819M->549M(991M) 0.244ms
[2020-01-31T22:15:14.452+0300][20.340s][info][gc] GC(378) Pause Young (Allocation Failure) 819M->549M(991M) 0.250ms
[2020-01-31T22:15:14.502+0300][20.389s][info][gc] GC(379) Pause Young (Allocation Failure) 819M->549M(991M) 0.250ms
[2020-01-31T22:15:14.552+0300][20.439s][info][gc] GC(380) Pause Young (Allocation Failure) 819M->549M(991M) 0.249ms
[2020-01-31T22:15:14.602+0300][20.489s][info][gc] GC(381) Pause Young (Allocation Failure) 819M->549M(991M) 0.249ms
[2020-01-31T22:15:14.655+0300][20.542s][info][gc] GC(382) Pause Young (Allocation Failure) 819M->549M(991M) 0.246ms
[2020-01-31T22:15:14.705+0300][20.592s][info][gc] GC(383) Pause Young (Allocation Failure) 819M->549M(991M) 0.249ms
[2020-01-31T22:15:14.755+0300][20.642s][info][gc] GC(384) Pause Young (Allocation Failure) 819M->549M(991M) 0.253ms
[2020-01-31T22:15:14.804+0300][20.692s][info][gc] GC(385) Pause Young (Allocation Failure) 819M->549M(991M) 0.252ms
[2020-01-31T22:15:14.854+0300][20.741s][info][gc] GC(386) Pause Young (Allocation Failure) 819M->549M(991M) 0.249ms
[2020-01-31T22:15:14.906+0300][20.793s][info][gc] GC(387) Pause Young (Allocation Failure) 819M->549M(991M) 0.250ms
[2020-01-31T22:15:14.956+0300][20.843s][info][gc] GC(388) Pause Young (Allocation Failure) 819M->549M(991M) 0.251ms
[2020-01-31T22:15:15.005+0300][20.893s][info][gc] GC(389) Pause Young (Allocation Failure) 819M->549M(991M) 0.251ms
[2020-01-31T22:15:15.055+0300][20.942s][info][gc] GC(390) Pause Young (Allocation Failure) 819M->549M(991M) 0.254ms
[2020-01-31T22:15:15.105+0300][20.992s][info][gc] GC(391) Pause Young (Allocation Failure) 819M->549M(991M) 0.249ms
[2020-01-31T22:15:15.155+0300][21.042s][info][gc] GC(392) Pause Young (Allocation Failure) 819M->549M(991M) 0.247ms
[2020-01-31T22:15:15.206+0300][21.093s][info][gc] GC(393) Pause Young (Allocation Failure) 819M->549M(991M) 0.247ms
[2020-01-31T22:15:15.255+0300][21.142s][info][gc] GC(394) Pause Young (Allocation Failure) 819M->549M(991M) 0.246ms
[2020-01-31T22:15:15.305+0300][21.192s][info][gc] GC(395) Pause Young (Allocation Failure) 819M->549M(991M) 0.283ms
[2020-01-31T22:15:15.356+0300][21.243s][info][gc] GC(396) Pause Young (Allocation Failure) 819M->549M(991M) 0.251ms
[2020-01-31T22:15:15.409+0300][21.296s][info][gc] GC(397) Pause Young (Allocation Failure) 819M->549M(991M) 0.250ms
[2020-01-31T22:15:15.459+0300][21.346s][info][gc] GC(398) Pause Young (Allocation Failure) 819M->549M(991M) 0.249ms
[2020-01-31T22:15:15.509+0300][21.396s][info][gc] GC(399) Pause Young (Allocation Failure) 819M->549M(991M) 0.249ms
[2020-01-31T22:15:15.558+0300][21.446s][info][gc] GC(400) Pause Young (Allocation Failure) 819M->549M(991M) 0.245ms
[2020-01-31T22:15:15.608+0300][21.496s][info][gc] GC(401) Pause Young (Allocation Failure) 819M->549M(991M) 0.247ms
[2020-01-31T22:15:15.660+0300][21.547s][info][gc] GC(402) Pause Young (Allocation Failure) 819M->549M(991M) 0.258ms
[2020-01-31T22:15:15.710+0300][21.597s][info][gc] GC(403) Pause Young (Allocation Failure) 819M->549M(991M) 0.244ms
[2020-01-31T22:15:15.760+0300][21.647s][info][gc] GC(404) Pause Young (Allocation Failure) 819M->549M(991M) 0.249ms
[2020-01-31T22:15:15.810+0300][21.697s][info][gc] GC(405) Pause Young (Allocation Failure) 819M->549M(991M) 0.246ms
[2020-01-31T22:15:15.860+0300][21.747s][info][gc] GC(406) Pause Young (Allocation Failure) 819M->549M(991M) 0.246ms
[2020-01-31T22:15:15.910+0300][21.798s][info][gc] GC(407) Pause Young (Allocation Failure) 819M->549M(991M) 0.246ms
[2020-01-31T22:15:15.960+0300][21.848s][info][gc] GC(408) Pause Young (Allocation Failure) 819M->549M(991M) 0.256ms
[2020-01-31T22:15:16.010+0300][21.897s][info][gc] GC(409) Pause Young (Allocation Failure) 819M->549M(991M) 0.251ms
[2020-01-31T22:15:16.060+0300][21.947s][info][gc] GC(410) Pause Young (Allocation Failure) 819M->549M(991M) 0.260ms
[2020-01-31T22:15:16.110+0300][21.997s][info][gc] GC(411) Pause Young (Allocation Failure) 819M->549M(991M) 0.243ms
[2020-01-31T22:15:16.161+0300][22.048s][info][gc] GC(412) Pause Young (Allocation Failure) 819M->549M(991M) 0.242ms
[2020-01-31T22:15:16.221+0300][22.108s][info][gc] GC(413) Pause Young (Allocation Failure) 819M->549M(991M) 0.246ms
[2020-01-31T22:15:16.272+0300][22.159s][info][gc] GC(414) Pause Young (Allocation Failure) 819M->549M(991M) 0.254ms
[2020-01-31T22:15:16.322+0300][22.209s][info][gc] GC(415) Pause Young (Allocation Failure) 819M->549M(991M) 0.244ms
[2020-01-31T22:15:16.372+0300][22.259s][info][gc] GC(416) Pause Young (Allocation Failure) 819M->549M(991M) 0.240ms
[2020-01-31T22:15:16.422+0300][22.309s][info][gc] GC(417) Pause Young (Allocation Failure) 819M->549M(991M) 0.245ms
[2020-01-31T22:15:16.471+0300][22.359s][info][gc] GC(418) Pause Young (Allocation Failure) 819M->549M(991M) 0.248ms
[2020-01-31T22:15:16.521+0300][22.409s][info][gc] GC(419) Pause Young (Allocation Failure) 819M->549M(991M) 0.252ms
[2020-01-31T22:15:16.571+0300][22.458s][info][gc] GC(420) Pause Young (Allocation Failure) 819M->549M(991M) 0.254ms
[2020-01-31T22:15:16.622+0300][22.509s][info][gc] GC(421) Pause Young (Allocation Failure) 819M->549M(991M) 0.245ms
[2020-01-31T22:15:16.672+0300][22.560s][info][gc] GC(422) Pause Young (Allocation Failure) 819M->549M(991M) 0.249ms
[2020-01-31T22:15:16.722+0300][22.610s][info][gc] GC(423) Pause Young (Allocation Failure) 819M->549M(991M) 0.249ms
[2020-01-31T22:15:16.772+0300][22.659s][info][gc] GC(424) Pause Young (Allocation Failure) 819M->549M(991M) 0.250ms
[2020-01-31T22:15:16.822+0300][22.709s][info][gc] GC(425) Pause Young (Allocation Failure) 819M->549M(991M) 0.249ms
[2020-01-31T22:15:16.873+0300][22.760s][info][gc] GC(426) Pause Young (Allocation Failure) 819M->549M(991M) 0.252ms
[2020-01-31T22:15:16.923+0300][22.810s][info][gc] GC(427) Pause Young (Allocation Failure) 819M->549M(991M) 0.247ms
[2020-01-31T22:15:16.972+0300][22.859s][info][gc] GC(428) Pause Young (Allocation Failure) 819M->549M(991M) 0.247ms
[2020-01-31T22:15:17.022+0300][22.909s][info][gc] GC(429) Pause Young (Allocation Failure) 819M->549M(991M) 0.258ms
[2020-01-31T22:15:17.072+0300][22.959s][info][gc] GC(430) Pause Young (Allocation Failure) 819M->549M(991M) 0.247ms
[2020-01-31T22:15:17.124+0300][23.011s][info][gc] GC(431) Pause Young (Allocation Failure) 819M->549M(991M) 0.249ms
[2020-01-31T22:15:17.174+0300][23.061s][info][gc] GC(432) Pause Young (Allocation Failure) 819M->549M(991M) 0.262ms
[2020-01-31T22:15:17.223+0300][23.111s][info][gc] GC(433) Pause Young (Allocation Failure) 819M->549M(991M) 0.244ms
[2020-01-31T22:15:17.273+0300][23.161s][info][gc] GC(434) Pause Young (Allocation Failure) 819M->549M(991M) 0.244ms
[2020-01-31T22:15:17.323+0300][23.210s][info][gc] GC(435) Pause Young (Allocation Failure) 819M->549M(991M) 0.257ms
[2020-01-31T22:15:17.375+0300][23.262s][info][gc] GC(436) Pause Young (Allocation Failure) 819M->549M(991M) 0.247ms
[2020-01-31T22:15:17.425+0300][23.312s][info][gc] GC(437) Pause Young (Allocation Failure) 819M->549M(991M) 0.242ms
[2020-01-31T22:15:17.475+0300][23.362s][info][gc] GC(438) Pause Young (Allocation Failure) 819M->549M(991M) 0.246ms
[2020-01-31T22:15:17.525+0300][23.412s][info][gc] GC(439) Pause Young (Allocation Failure) 819M->549M(991M) 0.244ms
[2020-01-31T22:15:17.575+0300][23.462s][info][gc] GC(440) Pause Young (Allocation Failure) 819M->549M(991M) 0.243ms
[2020-01-31T22:15:17.625+0300][23.513s][info][gc] GC(441) Pause Young (Allocation Failure) 819M->549M(991M) 0.241ms
[2020-01-31T22:15:17.675+0300][23.562s][info][gc] GC(442) Pause Young (Allocation Failure) 819M->549M(991M) 0.239ms
[2020-01-31T22:15:17.725+0300][23.612s][info][gc] GC(443) Pause Young (Allocation Failure) 819M->549M(991M) 0.242ms
[2020-01-31T22:15:17.775+0300][23.662s][info][gc] GC(444) Pause Young (Allocation Failure) 819M->549M(991M) 0.243ms
[2020-01-31T22:15:17.825+0300][23.712s][info][gc] GC(445) Pause Young (Allocation Failure) 819M->549M(991M) 0.241ms
[2020-01-31T22:15:17.877+0300][23.764s][info][gc] GC(446) Pause Young (Allocation Failure) 819M->549M(991M) 0.244ms
[2020-01-31T22:15:17.927+0300][23.814s][info][gc] GC(447) Pause Young (Allocation Failure) 819M->549M(991M) 0.238ms
[2020-01-31T22:15:17.976+0300][23.864s][info][gc] GC(448) Pause Young (Allocation Failure) 819M->549M(991M) 0.246ms
[2020-01-31T22:15:18.026+0300][23.914s][info][gc] GC(449) Pause Young (Allocation Failure) 819M->549M(991M) 0.246ms
[2020-01-31T22:15:18.076+0300][23.963s][info][gc] GC(450) Pause Young (Allocation Failure) 819M->549M(991M) 0.244ms
[2020-01-31T22:15:18.127+0300][24.014s][info][gc] GC(451) Pause Young (Allocation Failure) 819M->549M(991M) 0.244ms
[2020-01-31T22:15:18.177+0300][24.064s][info][gc] GC(452) Pause Young (Allocation Failure) 819M->549M(991M) 0.239ms
[2020-01-31T22:15:18.227+0300][24.114s][info][gc] GC(453) Pause Young (Allocation Failure) 819M->549M(991M) 0.243ms
[2020-01-31T22:15:18.277+0300][24.164s][info][gc] GC(454) Pause Young (Allocation Failure) 819M->549M(991M) 0.244ms
[2020-01-31T22:15:18.327+0300][24.214s][info][gc] GC(455) Pause Young (Allocation Failure) 819M->549M(991M) 0.264ms
[2020-01-31T22:15:18.378+0300][24.266s][info][gc] GC(456) Pause Young (Allocation Failure) 819M->549M(991M) 0.242ms
[2020-01-31T22:15:18.428+0300][24.315s][info][gc] GC(457) Pause Young (Allocation Failure) 819M->549M(991M) 0.239ms
[2020-01-31T22:15:18.478+0300][24.365s][info][gc] GC(458) Pause Young (Allocation Failure) 819M->549M(991M) 0.243ms
[2020-01-31T22:15:18.528+0300][24.415s][info][gc] GC(459) Pause Young (Allocation Failure) 819M->549M(991M) 0.242ms
[2020-01-31T22:15:18.577+0300][24.465s][info][gc] GC(460) Pause Young (Allocation Failure) 819M->549M(991M) 0.245ms
[2020-01-31T22:15:18.629+0300][24.516s][info][gc] GC(461) Pause Young (Allocation Failure) 819M->549M(991M) 0.241ms
[2020-01-31T22:15:18.680+0300][24.567s][info][gc] GC(462) Pause Young (Allocation Failure) 819M->549M(991M) 0.242ms
[2020-01-31T22:15:18.729+0300][24.617s][info][gc] GC(463) Pause Young (Allocation Failure) 819M->549M(991M) 0.243ms
[2020-01-31T22:15:18.779+0300][24.667s][info][gc] GC(464) Pause Young (Allocation Failure) 819M->549M(991M) 0.244ms
[2020-01-31T22:15:18.829+0300][24.716s][info][gc] GC(465) Pause Young (Allocation Failure) 819M->549M(991M) 0.246ms
[2020-01-31T22:15:18.881+0300][24.768s][info][gc] GC(466) Pause Young (Allocation Failure) 819M->549M(991M) 0.242ms
[2020-01-31T22:15:18.931+0300][24.818s][info][gc] GC(467) Pause Young (Allocation Failure) 819M->549M(991M) 0.243ms
[2020-01-31T22:15:18.981+0300][24.868s][info][gc] GC(468) Pause Young (Allocation Failure) 819M->549M(991M) 0.247ms
[2020-01-31T22:15:19.032+0300][24.919s][info][gc] GC(469) Pause Young (Allocation Failure) 819M->549M(991M) 0.245ms
[2020-01-31T22:15:19.082+0300][24.969s][info][gc] GC(470) Pause Young (Allocation Failure) 819M->549M(991M) 0.246ms
[2020-01-31T22:15:19.132+0300][25.020s][info][gc] GC(471) Pause Young (Allocation Failure) 819M->549M(991M) 0.243ms
[2020-01-31T22:15:19.182+0300][25.069s][info][gc] GC(472) Pause Young (Allocation Failure) 819M->549M(991M) 0.240ms
[2020-01-31T22:15:19.232+0300][25.119s][info][gc] GC(473) Pause Young (Allocation Failure) 819M->549M(991M) 0.243ms
[2020-01-31T22:15:19.282+0300][25.169s][info][gc] GC(474) Pause Young (Allocation Failure) 819M->549M(991M) 0.247ms
[2020-01-31T22:15:19.332+0300][25.219s][info][gc] GC(475) Pause Young (Allocation Failure) 819M->549M(991M) 0.242ms
[2020-01-31T22:15:19.384+0300][25.271s][info][gc] GC(476) Pause Young (Allocation Failure) 819M->549M(991M) 0.241ms
[2020-01-31T22:15:19.434+0300][25.321s][info][gc] GC(477) Pause Young (Allocation Failure) 819M->549M(991M) 0.244ms
[2020-01-31T22:15:19.483+0300][25.371s][info][gc] GC(478) Pause Young (Allocation Failure) 819M->549M(991M) 0.242ms
[2020-01-31T22:15:19.533+0300][25.421s][info][gc] GC(479) Pause Young (Allocation Failure) 819M->549M(991M) 0.259ms
[2020-01-31T22:15:19.583+0300][25.470s][info][gc] GC(480) Pause Young (Allocation Failure) 819M->549M(991M) 0.259ms
[2020-01-31T22:15:19.635+0300][25.522s][info][gc] GC(481) Pause Young (Allocation Failure) 819M->549M(991M) 0.241ms
[2020-01-31T22:15:19.685+0300][25.572s][info][gc] GC(482) Pause Young (Allocation Failure) 819M->549M(991M) 0.245ms
[2020-01-31T22:15:19.735+0300][25.622s][info][gc] GC(483) Pause Young (Allocation Failure) 819M->549M(991M) 0.245ms
[2020-01-31T22:15:19.785+0300][25.672s][info][gc] GC(484) Pause Young (Allocation Failure) 819M->549M(991M) 0.246ms
[2020-01-31T22:15:19.835+0300][25.722s][info][gc] GC(485) Pause Young (Allocation Failure) 819M->549M(991M) 0.246ms
[2020-01-31T22:15:19.887+0300][25.775s][info][gc] GC(486) Pause Young (Allocation Failure) 819M->549M(991M) 0.242ms
[2020-01-31T22:15:19.937+0300][25.824s][info][gc] GC(487) Pause Young (Allocation Failure) 819M->549M(991M) 0.244ms
[2020-01-31T22:15:19.987+0300][25.874s][info][gc] GC(488) Pause Young (Allocation Failure) 819M->549M(991M) 0.239ms
[2020-01-31T22:15:20.036+0300][25.924s][info][gc] GC(489) Pause Young (Allocation Failure) 819M->549M(991M) 0.245ms
[2020-01-31T22:15:20.086+0300][25.973s][info][gc] GC(490) Pause Young (Allocation Failure) 819M->549M(991M) 0.246ms
[2020-01-31T22:15:20.137+0300][26.024s][info][gc] GC(491) Pause Young (Allocation Failure) 819M->549M(991M) 0.244ms
[2020-01-31T22:15:20.187+0300][26.074s][info][gc] GC(492) Pause Young (Allocation Failure) 819M->549M(991M) 0.255ms
[2020-01-31T22:15:20.237+0300][26.124s][info][gc] GC(493) Pause Young (Allocation Failure) 819M->549M(991M) 0.247ms
[2020-01-31T22:15:20.286+0300][26.174s][info][gc] GC(494) Pause Young (Allocation Failure) 819M->549M(991M) 0.244ms
[2020-01-31T22:15:20.336+0300][26.223s][info][gc] GC(495) Pause Young (Allocation Failure) 819M->549M(991M) 0.240ms
[2020-01-31T22:15:20.389+0300][26.276s][info][gc] GC(496) Pause Young (Allocation Failure) 819M->549M(991M) 0.241ms
[2020-01-31T22:15:20.439+0300][26.326s][info][gc] GC(497) Pause Young (Allocation Failure) 819M->549M(991M) 0.247ms
[2020-01-31T22:15:20.489+0300][26.376s][info][gc] GC(498) Pause Young (Allocation Failure) 819M->549M(991M) 0.245ms
