[2020-01-31T22:25:34.298+0300][0.009s][debug][gc] ConcGCThreads: 1 offset 8
[2020-01-31T22:25:34.298+0300][0.009s][debug][gc] ParallelGCThreads: 4
[2020-01-31T22:25:34.298+0300][0.009s][debug][gc] Initialize mark stack with 4096 chunks, maximum 16384
[2020-01-31T22:25:34.310+0300][0.020s][info ][gc] Using G1
[2020-01-31T22:25:34.324+0300][0.035s][info ][gc] Periodic GC disabled
[2020-01-31T22:25:34.612+0300][0.322s][info ][gc] GC(0) Pause Young (Normal) (G1 Evacuation Pause) 71M->65M(1026M) 64.658ms
[2020-01-31T22:25:34.727+0300][0.438s][info ][gc] GC(1) Pause Young (Normal) (G1 Evacuation Pause) 109M->109M(1026M) 69.354ms
[2020-01-31T22:25:34.811+0300][0.522s][info ][gc] GC(2) Pause Young (Normal) (G1 Evacuation Pause) 173M->169M(1026M) 35.554ms
[2020-01-31T22:25:34.897+0300][0.608s][info ][gc] GC(3) Pause Young (Normal) (G1 Evacuation Pause) 213M->215M(1026M) 58.547ms
[2020-01-31T22:25:34.982+0300][0.692s][info ][gc] GC(4) Pause Young (Normal) (G1 Evacuation Pause) 259M->260M(1026M) 44.638ms
[2020-01-31T22:25:35.075+0300][0.785s][info ][gc] GC(5) Pause Young (Normal) (G1 Evacuation Pause) 324M->325M(1026M) 45.071ms
[2020-01-31T22:25:35.141+0300][0.852s][info ][gc] GC(6) Pause Young (Normal) (G1 Evacuation Pause) 369M->370M(1026M) 43.512ms
[2020-01-31T22:25:35.224+0300][0.935s][info ][gc] GC(7) Pause Young (Normal) (G1 Evacuation Pause) 434M->434M(1026M) 37.175ms
[2020-01-31T22:25:35.278+0300][0.988s][info ][gc] GC(8) Pause Young (Normal) (G1 Evacuation Pause) 478M->479M(1026M) 35.191ms
[2020-01-31T22:25:35.359+0300][1.069s][info ][gc] GC(9) Pause Young (Concurrent Start) (G1 Evacuation Pause) 534M->535M(1026M) 46.165ms
[2020-01-31T22:25:35.359+0300][1.069s][info ][gc] GC(10) Concurrent Cycle
[2020-01-31T22:25:35.461+0300][1.172s][info ][gc] GC(11) Pause Young (Normal) (G1 Evacuation Pause) 618M->619M(1026M) 49.324ms
[2020-01-31T22:25:35.538+0300][1.249s][info ][gc] GC(12) Pause Young (Normal) (G1 Evacuation Pause) 683M->684M(1026M) 47.682ms
[2020-01-31T22:25:35.584+0300][1.294s][debug][gc] GC(10) Reclaimed 394 empty regions
[2020-01-31T22:25:35.584+0300][1.294s][info ][gc] GC(10) Pause Remark 754M->360M(1026M) 0.504ms
[2020-01-31T22:25:35.639+0300][1.350s][info ][gc] GC(13) Pause Young (Normal) (G1 Evacuation Pause) 375M->375M(1026M) 43.678ms
[2020-01-31T22:25:35.863+0300][1.574s][info ][gc] GC(10) Pause Cleanup 583M->583M(1026M) 0.146ms
[2020-01-31T22:25:36.002+0300][1.713s][info ][gc] GC(14) Pause Young (Normal) (G1 Evacuation Pause) 583M->584M(1026M) 130.755ms
[2020-01-31T22:25:36.004+0300][1.714s][info ][gc] GC(10) Concurrent Cycle 645.339ms
[2020-01-31T22:25:36.116+0300][1.826s][info ][gc] GC(15) Pause Young (Normal) (G1 Evacuation Pause) 667M->667M(1026M) 62.552ms
[2020-01-31T22:25:36.169+0300][1.880s][info ][gc] GC(16) Pause Young (Concurrent Start) (G1 Humongous Allocation) 699M->699M(1026M) 28.378ms
[2020-01-31T22:25:36.170+0300][1.880s][info ][gc] GC(17) Concurrent Cycle
[2020-01-31T22:25:36.199+0300][1.909s][debug][gc] GC(17) Reclaimed 633 empty regions
[2020-01-31T22:25:36.199+0300][1.909s][info ][gc] GC(17) Pause Remark 730M->97M(1026M) 0.600ms
[2020-01-31T22:25:36.276+0300][1.987s][info ][gc] GC(18) Pause Young (Normal) (G1 Evacuation Pause) 155M->144M(1026M) 44.009ms
[2020-01-31T22:25:36.300+0300][2.011s][info ][gc] GC(17) Pause Cleanup 145M->145M(1026M) 0.124ms
[2020-01-31T22:25:36.306+0300][2.016s][info ][gc] GC(17) Concurrent Cycle 136.594ms
[2020-01-31T22:25:36.535+0300][2.246s][info ][gc] GC(19) Pause Young (Normal) (G1 Evacuation Pause) 313M->314M(1026M) 96.395ms
[2020-01-31T22:25:36.717+0300][2.428s][info ][gc] GC(20) Pause Young (Normal) (G1 Evacuation Pause) 488M->489M(1026M) 91.664ms
[2020-01-31T22:25:36.851+0300][2.561s][info ][gc] GC(21) Pause Young (Concurrent Start) (G1 Humongous Allocation) 596M->596M(1026M) 71.431ms
[2020-01-31T22:25:36.851+0300][2.561s][info ][gc] GC(22) Concurrent Cycle
[2020-01-31T22:25:36.998+0300][2.709s][info ][gc] GC(23) Pause Young (Normal) (G1 Evacuation Pause) 717M->718M(1026M) 81.192ms
[2020-01-31T22:25:37.004+0300][2.715s][debug][gc] GC(22) Reclaimed 448 empty regions
[2020-01-31T22:25:37.004+0300][2.715s][info ][gc] GC(22) Pause Remark 728M->280M(1026M) 0.558ms
[2020-01-31T22:25:37.103+0300][2.814s][info ][gc] GC(24) Pause Young (Normal) (G1 Evacuation Pause) 353M->354M(1026M) 48.451ms
[2020-01-31T22:25:37.356+0300][3.066s][info ][gc] GC(25) Pause Young (Normal) (G1 Evacuation Pause) 551M->551M(1026M) 119.858ms
[2020-01-31T22:25:37.434+0300][3.144s][info ][gc] GC(22) Pause Cleanup 551M->551M(1026M) 0.164ms
[2020-01-31T22:25:37.435+0300][3.145s][info ][gc] GC(22) Concurrent Cycle 583.647ms
[2020-01-31T22:25:37.473+0300][3.184s][info ][gc] GC(26) Pause Young (Concurrent Start) (G1 Humongous Allocation) 555M->555M(1026M) 24.893ms
[2020-01-31T22:25:37.473+0300][3.184s][info ][gc] GC(27) Concurrent Cycle
[2020-01-31T22:25:37.494+0300][3.205s][debug][gc] GC(27) Reclaimed 505 empty regions
[2020-01-31T22:25:37.494+0300][3.205s][info ][gc] GC(27) Pause Remark 603M->98M(1026M) 0.600ms
[2020-01-31T22:25:37.533+0300][3.244s][info ][gc] GC(27) Pause Cleanup 118M->118M(1026M) 0.123ms
[2020-01-31T22:25:37.534+0300][3.245s][info ][gc] GC(27) Concurrent Cycle 61.116ms
[2020-01-31T22:25:37.638+0300][3.349s][info ][gc] GC(28) Pause Young (Normal) (G1 Evacuation Pause) 184M->181M(1026M) 68.956ms
[2020-01-31T22:25:37.897+0300][3.608s][info ][gc] GC(29) Pause Young (Normal) (G1 Evacuation Pause) 439M->440M(1026M) 136.241ms
[2020-01-31T22:25:38.102+0300][3.813s][info ][gc] GC(30) Pause Young (Normal) (G1 Evacuation Pause) 632M->633M(1026M) 112.553ms
[2020-01-31T22:25:38.216+0300][3.927s][info ][gc] GC(31) Pause Young (Concurrent Start) (G1 Humongous Allocation) 722M->723M(1026M) 66.169ms
[2020-01-31T22:25:38.216+0300][3.927s][info ][gc] GC(32) Concurrent Cycle
[2020-01-31T22:25:38.326+0300][4.037s][info ][gc] GC(33) Pause Young (Normal) (G1 Evacuation Pause) 805M->806M(1026M) 51.484ms
[2020-01-31T22:25:38.332+0300][4.042s][debug][gc] GC(32) Reclaimed 586 empty regions
[2020-01-31T22:25:38.332+0300][4.042s][info ][gc] GC(32) Pause Remark 818M->232M(1026M) 0.449ms
[2020-01-31T22:25:38.376+0300][4.086s][info ][gc] GC(34) Pause Young (Normal) (G1 Evacuation Pause) 261M->263M(1026M) 32.412ms
[2020-01-31T22:25:38.640+0300][4.350s][info ][gc] GC(35) Pause Young (Normal) (G1 Evacuation Pause) 509M->509M(1026M) 128.065ms
[2020-01-31T22:25:38.707+0300][4.417s][info ][gc] GC(32) Pause Cleanup 510M->510M(1026M) 0.175ms
[2020-01-31T22:25:38.708+0300][4.418s][info ][gc] GC(32) Concurrent Cycle 491.750ms
[2020-01-31T22:25:38.768+0300][4.478s][info ][gc] GC(36) Pause Young (Concurrent Start) (G1 Humongous Allocation) 545M->545M(1026M) 35.117ms
[2020-01-31T22:25:38.768+0300][4.478s][info ][gc] GC(37) Concurrent Cycle
[2020-01-31T22:25:38.804+0300][4.515s][debug][gc] GC(37) Reclaimed 457 empty regions
[2020-01-31T22:25:38.804+0300][4.515s][info ][gc] GC(37) Pause Remark 652M->195M(1026M) 0.419ms
[2020-01-31T22:25:38.909+0300][4.620s][info ][gc] GC(38) Pause Young (Normal) (G1 Evacuation Pause) 245M->226M(1026M) 71.315ms
[2020-01-31T22:25:38.956+0300][4.667s][info ][gc] GC(37) Pause Cleanup 227M->227M(1026M) 0.125ms
[2020-01-31T22:25:38.957+0300][4.668s][info ][gc] GC(37) Concurrent Cycle 189.627ms
[2020-01-31T22:25:39.237+0300][4.947s][info ][gc] GC(39) Pause Young (Normal) (G1 Evacuation Pause) 463M->464M(1026M) 174.628ms
[2020-01-31T22:25:39.425+0300][5.136s][info ][gc] GC(40) Pause Young (Concurrent Start) (G1 Humongous Allocation) 609M->609M(1026M) 86.748ms
[2020-01-31T22:25:39.425+0300][5.136s][info ][gc] GC(41) Concurrent Cycle
[2020-01-31T22:25:39.572+0300][5.282s][info ][gc] GC(42) Pause Young (Normal) (G1 Evacuation Pause) 727M->727M(1026M) 65.870ms
[2020-01-31T22:25:39.577+0300][5.287s][debug][gc] GC(41) Reclaimed 428 empty regions
[2020-01-31T22:25:39.577+0300][5.287s][info ][gc] GC(41) Pause Remark 738M->310M(1026M) 0.450ms
[2020-01-31T22:25:39.652+0300][5.363s][info ][gc] GC(43) Pause Young (Normal) (G1 Evacuation Pause) 379M->380M(1026M) 44.468ms
[2020-01-31T22:25:39.878+0300][5.589s][info ][gc] GC(44) Pause Young (Normal) (G1 Evacuation Pause) 569M->570M(1026M) 104.917ms
[2020-01-31T22:25:39.945+0300][5.655s][info ][gc] GC(41) Pause Cleanup 570M->570M(1026M) 0.185ms
[2020-01-31T22:25:39.946+0300][5.656s][info ][gc] GC(41) Concurrent Cycle 520.833ms
[2020-01-31T22:25:39.989+0300][5.699s][info ][gc] GC(45) Pause Young (Concurrent Start) (G1 Humongous Allocation) 587M->588M(1026M) 26.319ms
[2020-01-31T22:25:39.989+0300][5.699s][info ][gc] GC(46) Concurrent Cycle
[2020-01-31T22:25:40.016+0300][5.726s][debug][gc] GC(46) Reclaimed 521 empty regions
[2020-01-31T22:25:40.016+0300][5.726s][info ][gc] GC(46) Pause Remark 667M->146M(1026M) 0.556ms
[2020-01-31T22:25:40.094+0300][5.804s][info ][gc] GC(47) Pause Young (Normal) (G1 Evacuation Pause) 191M->175M(1026M) 59.433ms
[2020-01-31T22:25:40.117+0300][5.827s][info ][gc] GC(46) Pause Cleanup 175M->175M(1026M) 0.114ms
[2020-01-31T22:25:40.118+0300][5.828s][info ][gc] GC(46) Concurrent Cycle 128.482ms
[2020-01-31T22:25:40.370+0300][6.081s][info ][gc] GC(48) Pause Young (Normal) (G1 Evacuation Pause) 448M->449M(1026M) 136.470ms
[2020-01-31T22:25:40.552+0300][6.263s][info ][gc] GC(49) Pause Young (Normal) (G1 Evacuation Pause) 637M->638M(1026M) 100.901ms
[2020-01-31T22:25:40.660+0300][6.370s][info ][gc] GC(50) Pause Young (Concurrent Start) (G1 Humongous Allocation) 726M->727M(1026M) 62.048ms
[2020-01-31T22:25:40.660+0300][6.370s][info ][gc] GC(51) Concurrent Cycle
[2020-01-31T22:25:40.759+0300][6.470s][info ][gc] GC(52) Pause Young (Normal) (G1 Evacuation Pause) 808M->809M(1026M) 41.626ms
[2020-01-31T22:25:40.764+0300][6.475s][debug][gc] GC(51) Reclaimed 589 empty regions
[2020-01-31T22:25:40.765+0300][6.475s][info ][gc] GC(51) Pause Remark 819M->230M(1026M) 0.479ms
[2020-01-31T22:25:40.807+0300][6.517s][info ][gc] GC(53) Pause Young (Normal) (G1 Evacuation Pause) 261M->262M(1026M) 29.492ms
[2020-01-31T22:25:41.041+0300][6.751s][info ][gc] GC(54) Pause Young (Normal) (G1 Evacuation Pause) 508M->509M(1026M) 123.513ms
[2020-01-31T22:25:41.097+0300][6.808s][info ][gc] GC(51) Pause Cleanup 510M->510M(1026M) 0.164ms
[2020-01-31T22:25:41.097+0300][6.808s][info ][gc] GC(51) Concurrent Cycle 438.397ms
[2020-01-31T22:25:41.165+0300][6.876s][info ][gc] GC(55) Pause Young (Concurrent Start) (G1 Humongous Allocation) 546M->546M(1026M) 40.503ms
[2020-01-31T22:25:41.165+0300][6.876s][info ][gc] GC(56) Concurrent Cycle
[2020-01-31T22:25:41.204+0300][6.914s][debug][gc] GC(56) Reclaimed 456 empty regions
[2020-01-31T22:25:41.204+0300][6.914s][info ][gc] GC(56) Pause Remark 657M->201M(1026M) 0.438ms
[2020-01-31T22:25:41.299+0300][7.010s][info ][gc] GC(57) Pause Young (Normal) (G1 Evacuation Pause) 247M->227M(1026M) 73.762ms
[2020-01-31T22:25:41.336+0300][7.047s][info ][gc] GC(56) Pause Cleanup 234M->234M(1026M) 0.124ms
[2020-01-31T22:25:41.337+0300][7.048s][info ][gc] GC(56) Concurrent Cycle 171.466ms
[2020-01-31T22:25:41.565+0300][7.276s][info ][gc] GC(58) Pause Young (Normal) (G1 Evacuation Pause) 464M->465M(1026M) 130.888ms
[2020-01-31T22:25:41.727+0300][7.437s][info ][gc] GC(59) Pause Young (Concurrent Start) (G1 Humongous Allocation) 610M->610M(1026M) 89.282ms
[2020-01-31T22:25:41.727+0300][7.437s][info ][gc] GC(60) Concurrent Cycle
[2020-01-31T22:25:41.894+0300][7.604s][info ][gc] GC(61) Pause Young (Normal) (G1 Evacuation Pause) 727M->729M(1026M) 84.542ms
[2020-01-31T22:25:41.899+0300][7.610s][debug][gc] GC(60) Reclaimed 427 empty regions
[2020-01-31T22:25:41.899+0300][7.610s][info ][gc] GC(60) Pause Remark 738M->311M(1026M) 0.441ms
[2020-01-31T22:25:41.978+0300][7.689s][info ][gc] GC(62) Pause Young (Normal) (G1 Evacuation Pause) 382M->383M(1026M) 45.054ms
[2020-01-31T22:25:42.174+0300][7.885s][info ][gc] GC(63) Pause Young (Normal) (G1 Evacuation Pause) 571M->572M(1026M) 108.050ms
[2020-01-31T22:25:42.266+0300][7.976s][info ][gc] GC(60) Pause Cleanup 677M->677M(1026M) 0.141ms
[2020-01-31T22:25:42.266+0300][7.977s][info ][gc] GC(60) Concurrent Cycle 539.399ms
[2020-01-31T22:25:42.353+0300][8.063s][info ][gc] GC(64) Pause Young (Normal) (G1 Evacuation Pause) 701M->701M(1026M) 77.283ms
[2020-01-31T22:25:42.396+0300][8.107s][info ][gc] GC(65) Pause Young (Concurrent Start) (G1 Humongous Allocation) 726M->727M(1026M) 23.485ms
[2020-01-31T22:25:42.396+0300][8.107s][info ][gc] GC(66) Concurrent Cycle
[2020-01-31T22:25:42.425+0300][8.136s][debug][gc] GC(66) Reclaimed 656 empty regions
[2020-01-31T22:25:42.425+0300][8.136s][info ][gc] GC(66) Pause Remark 798M->142M(1026M) 0.568ms
[2020-01-31T22:25:42.477+0300][8.188s][info ][gc] GC(67) Pause Young (Normal) (G1 Evacuation Pause) 152M->142M(1026M) 47.074ms
[2020-01-31T22:25:42.511+0300][8.222s][info ][gc] GC(66) Pause Cleanup 162M->162M(1026M) 0.113ms
[2020-01-31T22:25:42.513+0300][8.223s][info ][gc] GC(66) Concurrent Cycle 116.261ms
[2020-01-31T22:25:42.775+0300][8.486s][info ][gc] GC(68) Pause Young (Normal) (G1 Evacuation Pause) 426M->426M(1026M) 144.632ms
[2020-01-31T22:25:42.976+0300][8.686s][info ][gc] GC(69) Pause Young (Normal) (G1 Evacuation Pause) 621M->622M(1026M) 109.543ms
[2020-01-31T22:25:43.086+0300][8.797s][info ][gc] GC(70) Pause Young (Concurrent Start) (G1 Evacuation Pause) 716M->717M(1026M) 69.771ms
[2020-01-31T22:25:43.086+0300][8.797s][info ][gc] GC(71) Concurrent Cycle
[2020-01-31T22:25:43.195+0300][8.906s][info ][gc] GC(72) Pause Young (Normal) (G1 Evacuation Pause) 801M->802M(1026M) 46.783ms
[2020-01-31T22:25:43.244+0300][8.955s][info ][gc] GC(73) Pause Young (Normal) (G1 Evacuation Pause) 843M->844M(1026M) 30.856ms
[2020-01-31T22:25:43.256+0300][8.966s][debug][gc] GC(71) Reclaimed 546 empty regions
[2020-01-31T22:25:43.256+0300][8.966s][info ][gc] GC(71) Pause Remark 866M->320M(1026M) 0.454ms
[2020-01-31T22:25:43.311+0300][9.021s][info ][gc] GC(74) Pause Young (Normal) (G1 Evacuation Pause) 362M->363M(1026M) 33.100ms
[2020-01-31T22:25:43.543+0300][9.253s][info ][gc] GC(75) Pause Young (Normal) (G1 Evacuation Pause) 558M->558M(1026M) 128.928ms
[2020-01-31T22:25:43.632+0300][9.343s][info ][gc] GC(71) Pause Cleanup 629M->629M(1026M) 0.149ms
[2020-01-31T22:25:43.633+0300][9.343s][info ][gc] GC(71) Concurrent Cycle 546.278ms
[2020-01-31T22:25:43.790+0300][9.500s][info ][gc] GC(76) Pause Young (Normal) (G1 Evacuation Pause) 691M->692M(1026M) 112.801ms
[2020-01-31T22:25:43.863+0300][9.574s][info ][gc] GC(77) Pause Young (Concurrent Start) (G1 Humongous Allocation) 734M->734M(1026M) 43.338ms
[2020-01-31T22:25:43.863+0300][9.574s][info ][gc] GC(78) Concurrent Cycle
[2020-01-31T22:25:43.903+0300][9.614s][debug][gc] GC(78) Reclaimed 646 empty regions
[2020-01-31T22:25:43.903+0300][9.614s][info ][gc] GC(78) Pause Remark 760M->114M(1026M) 0.551ms
[2020-01-31T22:25:44.024+0300][9.734s][info ][gc] GC(79) Pause Young (Normal) (G1 Evacuation Pause) 166M->156M(1026M) 67.366ms
[2020-01-31T22:25:44.028+0300][9.739s][info ][gc] GC(78) Pause Cleanup 156M->156M(1026M) 0.120ms
[2020-01-31T22:25:44.030+0300][9.740s][info ][gc] GC(78) Concurrent Cycle 166.169ms
[2020-01-31T22:25:44.359+0300][10.069s][info ][gc] GC(80) Pause Young (Normal) (G1 Evacuation Pause) 435M->435M(1026M) 184.389ms
[2020-01-31T22:25:44.560+0300][10.270s][info ][gc] GC(81) Pause Young (Normal) (G1 Evacuation Pause) 607M->608M(1026M) 123.572ms
[2020-01-31T22:25:44.597+0300][10.307s][info ][gc] GC(82) Pause Young (Concurrent Start) (G1 Humongous Allocation) 618M->619M(1026M) 23.519ms
[2020-01-31T22:25:44.597+0300][10.307s][info ][gc] GC(83) Concurrent Cycle
[2020-01-31T22:25:44.623+0300][10.334s][debug][gc] GC(83) Reclaimed 555 empty regions
[2020-01-31T22:25:44.623+0300][10.334s][info ][gc] GC(83) Pause Remark 619M->64M(1026M) 0.517ms
[2020-01-31T22:25:44.644+0300][10.355s][info ][gc] GC(83) Pause Cleanup 107M->107M(1026M) 0.112ms
[2020-01-31T22:25:44.646+0300][10.356s][info ][gc] GC(83) Concurrent Cycle 48.938ms
[2020-01-31T22:25:44.768+0300][10.479s][info ][gc] GC(84) Pause Young (Normal) (G1 Evacuation Pause) 178M->169M(1026M) 57.149ms
[2020-01-31T22:25:45.046+0300][10.756s][info ][gc] GC(85) Pause Young (Normal) (G1 Evacuation Pause) 456M->456M(1026M) 143.061ms
[2020-01-31T22:25:45.202+0300][10.912s][info ][gc] GC(86) Pause Young (Concurrent Start) (G1 Humongous Allocation) 594M->595M(1026M) 86.706ms
[2020-01-31T22:25:45.202+0300][10.912s][info ][gc] GC(87) Concurrent Cycle
[2020-01-31T22:25:45.352+0300][11.062s][info ][gc] GC(88) Pause Young (Normal) (G1 Evacuation Pause) 717M->718M(1026M) 70.899ms
[2020-01-31T22:25:45.357+0300][11.067s][debug][gc] GC(87) Reclaimed 413 empty regions
[2020-01-31T22:25:45.357+0300][11.067s][info ][gc] GC(87) Pause Remark 729M->316M(1026M) 0.507ms
[2020-01-31T22:25:45.437+0300][11.148s][info ][gc] GC(89) Pause Young (Normal) (G1 Evacuation Pause) 389M->390M(1026M) 47.763ms
[2020-01-31T22:25:45.630+0300][11.341s][info ][gc] GC(90) Pause Young (Normal) (G1 Evacuation Pause) 576M->576M(1026M) 107.669ms
[2020-01-31T22:25:45.723+0300][11.433s][info ][gc] GC(87) Pause Cleanup 686M->686M(1026M) 0.146ms
[2020-01-31T22:25:45.724+0300][11.434s][info ][gc] GC(87) Concurrent Cycle 521.556ms
[2020-01-31T22:25:45.815+0300][11.525s][info ][gc] GC(91) Pause Young (Normal) (G1 Evacuation Pause) 704M->705M(1026M) 84.958ms
[2020-01-31T22:25:45.855+0300][11.566s][info ][gc] GC(92) Pause Young (Concurrent Start) (G1 Humongous Allocation) 724M->724M(1026M) 20.456ms
[2020-01-31T22:25:45.855+0300][11.566s][info ][gc] GC(93) Concurrent Cycle
[2020-01-31T22:25:45.880+0300][11.591s][debug][gc] GC(93) Reclaimed 658 empty regions
[2020-01-31T22:25:45.880+0300][11.591s][info ][gc] GC(93) Pause Remark 799M->141M(1026M) 0.455ms
[2020-01-31T22:25:45.920+0300][11.631s][info ][gc] GC(94) Pause Young (Normal) (G1 Evacuation Pause) 147M->137M(1026M) 37.198ms
[2020-01-31T22:25:45.956+0300][11.666s][info ][gc] GC(93) Pause Cleanup 216M->216M(1026M) 0.132ms
[2020-01-31T22:25:45.957+0300][11.667s][info ][gc] GC(93) Concurrent Cycle 100.954ms
[2020-01-31T22:25:46.190+0300][11.901s][info ][gc] GC(95) Pause Young (Normal) (G1 Evacuation Pause) 422M->422M(1026M) 146.892ms
[2020-01-31T22:25:46.390+0300][12.101s][info ][gc] GC(96) Pause Young (Normal) (G1 Evacuation Pause) 618M->618M(1026M) 108.243ms
[2020-01-31T22:25:46.495+0300][12.205s][info ][gc] GC(97) Pause Young (Concurrent Start) (G1 Evacuation Pause) 713M->713M(1026M) 64.092ms
[2020-01-31T22:25:46.495+0300][12.205s][info ][gc] GC(98) Concurrent Cycle
[2020-01-31T22:25:46.602+0300][12.312s][info ][gc] GC(99) Pause Young (Normal) (G1 Evacuation Pause) 798M->799M(1026M) 45.295ms
[2020-01-31T22:25:46.661+0300][12.372s][info ][gc] GC(100) Pause Young (Normal) (G1 Evacuation Pause) 840M->840M(1026M) 28.930ms
[2020-01-31T22:25:46.668+0300][12.379s][debug][gc] GC(98) Reclaimed 538 empty regions
[2020-01-31T22:25:46.668+0300][12.379s][info ][gc] GC(98) Pause Remark 847M->309M(1026M) 0.662ms
[2020-01-31T22:25:46.740+0300][12.450s][info ][gc] GC(101) Pause Young (Normal) (G1 Evacuation Pause) 366M->366M(1026M) 35.852ms
[2020-01-31T22:25:46.941+0300][12.652s][info ][gc] GC(98) Pause Cleanup 536M->536M(1026M) 0.154ms
[2020-01-31T22:25:46.942+0300][12.653s][info ][gc] GC(98) Concurrent Cycle 448.291ms
[2020-01-31T22:25:47.089+0300][12.799s][info ][gc] GC(102) Pause Young (Normal) (G1 Evacuation Pause) 560M->560M(1026M) 135.639ms
[2020-01-31T22:25:47.165+0300][12.875s][info ][gc] GC(103) Pause Young (Concurrent Start) (G1 Humongous Allocation) 602M->602M(1026M) 48.397ms
[2020-01-31T22:25:47.165+0300][12.875s][info ][gc] GC(104) Concurrent Cycle
[2020-01-31T22:25:47.206+0300][12.916s][debug][gc] GC(104) Reclaimed 473 empty regions
[2020-01-31T22:25:47.206+0300][12.916s][info ][gc] GC(104) Pause Remark 711M->238M(1026M) 0.594ms
[2020-01-31T22:25:47.288+0300][12.999s][info ][gc] GC(105) Pause Young (Normal) (G1 Evacuation Pause) 249M->233M(1026M) 77.753ms
[2020-01-31T22:25:47.340+0300][13.050s][info ][gc] GC(104) Pause Cleanup 328M->328M(1026M) 0.111ms
[2020-01-31T22:25:47.340+0300][13.051s][info ][gc] GC(104) Concurrent Cycle 175.775ms
[2020-01-31T22:25:47.571+0300][13.281s][info ][gc] GC(106) Pause Young (Prepare Mixed) (G1 Evacuation Pause) 488M->488M(1026M) 138.231ms
[2020-01-31T22:25:47.680+0300][13.391s][info ][gc] GC(107) Pause Young (Mixed) (G1 Evacuation Pause) 510M->450M(1026M) 59.962ms
[2020-01-31T22:25:47.730+0300][13.440s][info ][gc] GC(108) Pause Young (Concurrent Start) (G1 Humongous Allocation) 457M->458M(1026M) 23.085ms
[2020-01-31T22:25:47.730+0300][13.440s][info ][gc] GC(109) Concurrent Cycle
[2020-01-31T22:25:47.744+0300][13.455s][debug][gc] GC(109) Reclaimed 428 empty regions
[2020-01-31T22:25:47.744+0300][13.455s][info ][gc] GC(109) Pause Remark 507M->79M(1026M) 0.674ms
[2020-01-31T22:25:47.760+0300][13.470s][info ][gc] GC(109) Pause Cleanup 115M->115M(1026M) 0.098ms
[2020-01-31T22:25:47.760+0300][13.471s][info ][gc] GC(109) Concurrent Cycle 30.639ms
[2020-01-31T22:25:47.898+0300][13.609s][info ][gc] GC(110) Pause Young (Normal) (G1 Evacuation Pause) 215M->200M(1026M) 89.497ms
[2020-01-31T22:25:48.152+0300][13.863s][info ][gc] GC(111) Pause Young (Normal) (G1 Evacuation Pause) 472M->472M(1026M) 139.377ms
[2020-01-31T22:25:48.315+0300][14.026s][info ][gc] GC(112) Pause Young (Normal) (G1 Evacuation Pause) 632M->633M(1026M) 96.690ms
[2020-01-31T22:25:48.395+0300][14.106s][info ][gc] GC(113) Pause Young (Concurrent Start) (G1 Humongous Allocation) 691M->691M(1026M) 46.352ms
[2020-01-31T22:25:48.395+0300][14.106s][info ][gc] GC(114) Concurrent Cycle
[2020-01-31T22:25:48.486+0300][14.197s][info ][gc] GC(115) Pause Young (Normal) (G1 Evacuation Pause) 783M->784M(1026M) 49.370ms
[2020-01-31T22:25:48.493+0300][14.204s][debug][gc] GC(114) Reclaimed 592 empty regions
[2020-01-31T22:25:48.493+0300][14.204s][info ][gc] GC(114) Pause Remark 798M->206M(1026M) 0.651ms
[2020-01-31T22:25:48.551+0300][14.262s][info ][gc] GC(116) Pause Young (Normal) (G1 Evacuation Pause) 255M->256M(1026M) 35.058ms
[2020-01-31T22:25:48.657+0300][14.368s][info ][gc] GC(114) Pause Cleanup 479M->479M(1026M) 0.117ms
[2020-01-31T22:25:48.658+0300][14.369s][info ][gc] GC(114) Concurrent Cycle 263.180ms
[2020-01-31T22:25:48.781+0300][14.492s][info ][gc] GC(117) Pause Young (Normal) (G1 Evacuation Pause) 484M->484M(1026M) 121.844ms
[2020-01-31T22:25:48.834+0300][14.544s][info ][gc] GC(118) Pause Young (Concurrent Start) (G1 Humongous Allocation) 506M->506M(1026M) 28.305ms
[2020-01-31T22:25:48.834+0300][14.544s][info ][gc] GC(119) Concurrent Cycle
[2020-01-31T22:25:48.865+0300][14.576s][debug][gc] GC(119) Reclaimed 438 empty regions
[2020-01-31T22:25:48.865+0300][14.576s][info ][gc] GC(119) Pause Remark 598M->160M(1026M) 0.678ms
[2020-01-31T22:25:48.982+0300][14.693s][info ][gc] GC(120) Pause Young (Normal) (G1 Evacuation Pause) 238M->219M(1026M) 83.585ms
[2020-01-31T22:25:48.989+0300][14.700s][info ][gc] GC(119) Pause Cleanup 227M->227M(1026M) 0.093ms
[2020-01-31T22:25:48.990+0300][14.701s][info ][gc] GC(119) Concurrent Cycle 156.115ms
[2020-01-31T22:25:49.240+0300][14.950s][info ][gc] GC(121) Pause Young (Normal) (G1 Evacuation Pause) 479M->480M(1026M) 138.379ms
[2020-01-31T22:25:49.368+0300][15.079s][info ][gc] GC(122) Pause Young (Concurrent Start) (G1 Humongous Allocation) 589M->589M(1026M) 75.989ms
[2020-01-31T22:25:49.368+0300][15.079s][info ][gc] GC(123) Concurrent Cycle
[2020-01-31T22:25:49.509+0300][15.220s][info ][gc] GC(124) Pause Young (Normal) (G1 Evacuation Pause) 713M->714M(1026M) 68.200ms
[2020-01-31T22:25:49.517+0300][15.227s][debug][gc] GC(123) Reclaimed 427 empty regions
[2020-01-31T22:25:49.517+0300][15.227s][info ][gc] GC(123) Pause Remark 725M->298M(1026M) 0.727ms
[2020-01-31T22:25:49.592+0300][15.303s][info ][gc] GC(125) Pause Young (Normal) (G1 Evacuation Pause) 372M->373M(1026M) 46.713ms
[2020-01-31T22:25:49.782+0300][15.493s][info ][gc] GC(126) Pause Young (Normal) (G1 Evacuation Pause) 564M->565M(1026M) 108.954ms
[2020-01-31T22:25:49.880+0300][15.591s][info ][gc] GC(123) Pause Cleanup 664M->664M(1026M) 0.160ms
[2020-01-31T22:25:49.881+0300][15.592s][info ][gc] GC(123) Concurrent Cycle 512.736ms
[2020-01-31T22:25:49.976+0300][15.687s][info ][gc] GC(127) Pause Young (Normal) (G1 Evacuation Pause) 696M->697M(1026M) 82.525ms
[2020-01-31T22:25:50.006+0300][15.717s][info ][gc] GC(128) Pause Young (Concurrent Start) (G1 Humongous Allocation) 705M->707M(1026M) 15.551ms
[2020-01-31T22:25:50.006+0300][15.717s][info ][gc] GC(129) Concurrent Cycle
[2020-01-31T22:25:50.026+0300][15.737s][debug][gc] GC(129) Reclaimed 654 empty regions
[2020-01-31T22:25:50.026+0300][15.737s][info ][gc] GC(129) Pause Remark 774M->120M(1026M) 0.526ms
[2020-01-31T22:25:50.074+0300][15.784s][info ][gc] GC(130) Pause Young (Normal) (G1 Evacuation Pause) 140M->132M(1026M) 38.423ms
[2020-01-31T22:25:50.096+0300][15.807s][info ][gc] GC(129) Pause Cleanup 180M->180M(1026M) 0.111ms
[2020-01-31T22:25:50.097+0300][15.808s][info ][gc] GC(129) Concurrent Cycle 90.907ms
[2020-01-31T22:25:50.375+0300][16.085s][info ][gc] GC(131) Pause Young (Normal) (G1 Evacuation Pause) 419M->420M(1026M) 178.800ms
[2020-01-31T22:25:50.563+0300][16.274s][info ][gc] GC(132) Pause Young (Normal) (G1 Evacuation Pause) 616M->617M(1026M) 104.368ms
[2020-01-31T22:25:50.665+0300][16.376s][info ][gc] GC(133) Pause Young (Concurrent Start) (G1 Evacuation Pause) 712M->713M(1026M) 64.837ms
[2020-01-31T22:25:50.666+0300][16.377s][info ][gc] GC(134) Concurrent Cycle
[2020-01-31T22:25:50.774+0300][16.484s][info ][gc] GC(135) Pause Young (Normal) (G1 Evacuation Pause) 798M->799M(1026M) 45.390ms
[2020-01-31T22:25:50.836+0300][16.546s][info ][gc] GC(136) Pause Young (Normal) (G1 Evacuation Pause) 840M->840M(1026M) 39.306ms
[2020-01-31T22:25:50.861+0300][16.571s][debug][gc] GC(134) Reclaimed 531 empty regions
[2020-01-31T22:25:50.861+0300][16.571s][info ][gc] GC(134) Pause Remark 889M->358M(1026M) 0.649ms
[2020-01-31T22:25:50.901+0300][16.611s][info ][gc] GC(137) Pause Young (Normal) (G1 Evacuation Pause) 373M->374M(1026M) 33.239ms
[2020-01-31T22:25:51.090+0300][16.801s][info ][gc] GC(138) Pause Young (Normal) (G1 Evacuation Pause) 565M->566M(1026M) 107.683ms
[2020-01-31T22:25:51.274+0300][16.985s][info ][gc] GC(139) Pause Young (Normal) (G1 Evacuation Pause) 697M->698M(1026M) 92.162ms
[2020-01-31T22:25:51.330+0300][17.040s][info ][gc] GC(134) Pause Cleanup 732M->732M(1026M) 0.162ms
[2020-01-31T22:25:51.330+0300][17.041s][info ][gc] GC(134) Concurrent Cycle 664.207ms
[2020-01-31T22:25:51.385+0300][17.095s][info ][gc] GC(140) Pause Young (Concurrent Start) (G1 Humongous Allocation) 733M->734M(1026M) 44.359ms
[2020-01-31T22:25:51.385+0300][17.095s][info ][gc] GC(141) Concurrent Cycle
[2020-01-31T22:25:51.452+0300][17.163s][info ][gc] GC(142) Pause Young (Normal) (G1 Evacuation Pause) 812M->813M(1026M) 39.674ms
[2020-01-31T22:25:51.459+0300][17.170s][debug][gc] GC(141) Reclaimed 652 empty regions
[2020-01-31T22:25:51.459+0300][17.170s][info ][gc] GC(141) Pause Remark 829M->177M(1026M) 0.550ms
[2020-01-31T22:25:51.498+0300][17.209s][info ][gc] GC(143) Pause Young (Normal) (G1 Evacuation Pause) 203M->204M(1026M) 28.917ms
[2020-01-31T22:25:51.585+0300][17.296s][info ][gc] GC(141) Pause Cleanup 400M->400M(1026M) 0.122ms
[2020-01-31T22:25:51.586+0300][17.297s][info ][gc] GC(141) Concurrent Cycle 201.621ms
[2020-01-31T22:25:51.748+0300][17.458s][info ][gc] GC(144) Pause Young (Normal) (G1 Evacuation Pause) 468M->469M(1026M) 131.313ms
[2020-01-31T22:25:51.916+0300][17.626s][info ][gc] GC(145) Pause Young (Concurrent Start) (G1 Humongous Allocation) 624M->624M(1026M) 88.776ms
[2020-01-31T22:25:51.916+0300][17.626s][info ][gc] GC(146) Concurrent Cycle
[2020-01-31T22:25:52.066+0300][17.777s][info ][gc] GC(147) Pause Young (Normal) (G1 Evacuation Pause) 737M->738M(1026M) 63.572ms
[2020-01-31T22:25:52.073+0300][17.783s][debug][gc] GC(146) Reclaimed 430 empty regions
[2020-01-31T22:25:52.073+0300][17.783s][info ][gc] GC(146) Pause Remark 749M->319M(1026M) 0.504ms
[2020-01-31T22:25:52.150+0300][17.860s][info ][gc] GC(148) Pause Young (Normal) (G1 Evacuation Pause) 385M->386M(1026M) 43.392ms
[2020-01-31T22:25:52.345+0300][18.055s][info ][gc] GC(149) Pause Young (Normal) (G1 Evacuation Pause) 573M->574M(1026M) 106.981ms
[2020-01-31T22:25:52.438+0300][18.149s][info ][gc] GC(146) Pause Cleanup 690M->690M(1026M) 0.120ms
[2020-01-31T22:25:52.439+0300][18.149s][info ][gc] GC(146) Concurrent Cycle 523.015ms
[2020-01-31T22:25:52.527+0300][18.238s][info ][gc] GC(150) Pause Young (Normal) (G1 Evacuation Pause) 702M->703M(1026M) 83.868ms
[2020-01-31T22:25:52.582+0300][18.292s][info ][gc] GC(151) Pause Young (Concurrent Start) (G1 Humongous Allocation) 737M->737M(1026M) 29.042ms
[2020-01-31T22:25:52.582+0300][18.292s][info ][gc] GC(152) Concurrent Cycle
[2020-01-31T22:25:52.650+0300][18.361s][info ][gc] GC(153) Pause Young (Normal) (G1 Evacuation Pause) 814M->816M(1026M) 38.184ms
[2020-01-31T22:25:52.653+0300][18.364s][debug][gc] GC(152) Reclaimed 654 empty regions
[2020-01-31T22:25:52.653+0300][18.364s][info ][gc] GC(152) Pause Remark 818M->164M(1026M) 0.564ms
[2020-01-31T22:25:52.699+0300][18.410s][info ][gc] GC(154) Pause Young (Normal) (G1 Evacuation Pause) 204M->204M(1026M) 29.122ms
[2020-01-31T22:25:52.779+0300][18.490s][info ][gc] GC(152) Pause Cleanup 384M->384M(1026M) 0.119ms
[2020-01-31T22:25:52.780+0300][18.490s][info ][gc] GC(152) Concurrent Cycle 198.482ms
[2020-01-31T22:25:52.944+0300][18.654s][info ][gc] GC(155) Pause Young (Normal) (G1 Evacuation Pause) 468M->469M(1026M) 129.587ms
[2020-01-31T22:25:53.114+0300][18.825s][info ][gc] GC(156) Pause Young (Concurrent Start) (G1 Humongous Allocation) 625M->625M(1026M) 94.748ms
[2020-01-31T22:25:53.114+0300][18.825s][info ][gc] GC(157) Concurrent Cycle
[2020-01-31T22:25:53.264+0300][18.974s][info ][gc] GC(158) Pause Young (Normal) (G1 Evacuation Pause) 737M->739M(1026M) 62.334ms
[2020-01-31T22:25:53.270+0300][18.981s][debug][gc] GC(157) Reclaimed 428 empty regions
[2020-01-31T22:25:53.270+0300][18.981s][info ][gc] GC(157) Pause Remark 753M->325M(1026M) 0.516ms
[2020-01-31T22:25:53.343+0300][19.053s][info ][gc] GC(159) Pause Young (Normal) (G1 Evacuation Pause) 388M->388M(1026M) 43.826ms
[2020-01-31T22:25:53.544+0300][19.254s][info ][gc] GC(160) Pause Young (Normal) (G1 Evacuation Pause) 574M->575M(1026M) 107.604ms
[2020-01-31T22:25:53.636+0300][19.347s][info ][gc] GC(157) Pause Cleanup 681M->681M(1026M) 0.145ms
[2020-01-31T22:25:53.637+0300][19.348s][info ][gc] GC(157) Concurrent Cycle 522.735ms
[2020-01-31T22:25:53.725+0300][19.435s][info ][gc] GC(161) Pause Young (Normal) (G1 Evacuation Pause) 703M->704M(1026M) 78.081ms
[2020-01-31T22:25:53.786+0300][19.497s][info ][gc] GC(162) Pause Young (Concurrent Start) (G1 Humongous Allocation) 740M->741M(1026M) 33.197ms
[2020-01-31T22:25:53.786+0300][19.497s][info ][gc] GC(163) Concurrent Cycle
[2020-01-31T22:25:53.866+0300][19.576s][info ][gc] GC(164) Pause Young (Normal) (G1 Evacuation Pause) 817M->818M(1026M) 46.804ms
[2020-01-31T22:25:53.868+0300][19.579s][debug][gc] GC(163) Reclaimed 655 empty regions
[2020-01-31T22:25:53.868+0300][19.579s][info ][gc] GC(163) Pause Remark 822M->167M(1026M) 0.586ms
[2020-01-31T22:25:53.914+0300][19.624s][info ][gc] GC(165) Pause Young (Normal) (G1 Evacuation Pause) 205M->206M(1026M) 29.551ms
[2020-01-31T22:25:53.995+0300][19.706s][info ][gc] GC(163) Pause Cleanup 384M->384M(1026M) 0.140ms
[2020-01-31T22:25:53.996+0300][19.706s][info ][gc] GC(163) Concurrent Cycle 209.636ms
[2020-01-31T22:25:54.164+0300][19.875s][info ][gc] GC(166) Pause Young (Normal) (G1 Evacuation Pause) 470M->470M(1026M) 130.364ms
[2020-01-31T22:25:54.356+0300][20.067s][info ][gc] GC(167) Pause Young (Concurrent Start) (G1 Humongous Allocation) 627M->628M(1026M) 96.545ms
[2020-01-31T22:25:54.357+0300][20.067s][info ][gc] GC(168) Concurrent Cycle
[2020-01-31T22:25:54.507+0300][20.217s][info ][gc] GC(169) Pause Young (Normal) (G1 Evacuation Pause) 740M->741M(1026M) 62.802ms
[2020-01-31T22:25:54.518+0300][20.229s][debug][gc] GC(168) Reclaimed 423 empty regions
[2020-01-31T22:25:54.518+0300][20.229s][info ][gc] GC(168) Pause Remark 741M->318M(1026M) 0.543ms
[2020-01-31T22:25:54.625+0300][20.336s][info ][gc] GC(170) Pause Young (Normal) (G1 Evacuation Pause) 394M->394M(1026M) 57.753ms
[2020-01-31T22:25:54.796+0300][20.506s][info ][gc] GC(168) Pause Cleanup 544M->544M(1026M) 0.146ms
[2020-01-31T22:25:54.796+0300][20.507s][info ][gc] GC(168) Concurrent Cycle 439.759ms
[2020-01-31T22:25:54.933+0300][20.643s][info ][gc] GC(171) Pause Young (Normal) (G1 Evacuation Pause) 579M->580M(1026M) 102.746ms
[2020-01-31T22:25:54.999+0300][20.709s][info ][gc] GC(172) Pause Young (Concurrent Start) (G1 Humongous Allocation) 612M->612M(1026M) 41.273ms
[2020-01-31T22:25:54.999+0300][20.709s][info ][gc] GC(173) Concurrent Cycle
[2020-01-31T22:25:55.034+0300][20.744s][debug][gc] GC(173) Reclaimed 520 empty regions
[2020-01-31T22:25:55.034+0300][20.744s][info ][gc] GC(173) Pause Remark 709M->189M(1026M) 0.657ms
[2020-01-31T22:25:55.096+0300][20.807s][info ][gc] GC(174) Pause Young (Normal) (G1 Evacuation Pause) 208M->194M(1026M) 54.394ms
[2020-01-31T22:25:55.135+0300][20.846s][info ][gc] GC(173) Pause Cleanup 259M->259M(1026M) 0.178ms
[2020-01-31T22:25:55.136+0300][20.847s][info ][gc] GC(173) Concurrent Cycle 137.948ms
[2020-01-31T22:25:55.393+0300][21.103s][info ][gc] GC(175) Pause Young (Normal) (G1 Evacuation Pause) 461M->461M(1026M) 142.284ms
[2020-01-31T22:25:55.599+0300][21.309s][info ][gc] GC(176) Pause Young (Concurrent Start) (G1 Humongous Allocation) 617M->617M(1026M) 116.883ms
[2020-01-31T22:25:55.599+0300][21.309s][info ][gc] GC(177) Concurrent Cycle
[2020-01-31T22:25:55.754+0300][21.464s][info ][gc] GC(178) Pause Young (Normal) (G1 Evacuation Pause) 732M->733M(1026M) 66.681ms
[2020-01-31T22:25:55.773+0300][21.484s][debug][gc] GC(177) Reclaimed 412 empty regions
[2020-01-31T22:25:55.773+0300][21.484s][info ][gc] GC(177) Pause Remark 733M->321M(1026M) 0.833ms
[2020-01-31T22:25:55.884+0300][21.595s][info ][gc] GC(179) Pause Young (Normal) (G1 Evacuation Pause) 400M->400M(1026M) 52.884ms
[2020-01-31T22:25:56.110+0300][21.821s][info ][gc] GC(180) Pause Young (Normal) (G1 Evacuation Pause) 583M->584M(1026M) 135.090ms
[2020-01-31T22:25:56.191+0300][21.902s][info ][gc] GC(177) Pause Cleanup 631M->631M(1026M) 0.285ms
[2020-01-31T22:25:56.192+0300][21.903s][info ][gc] GC(177) Concurrent Cycle 593.703ms
[2020-01-31T22:25:56.309+0300][22.020s][info ][gc] GC(181) Pause Young (Normal) (G1 Evacuation Pause) 710M->710M(1026M) 79.909ms
[2020-01-31T22:25:56.371+0300][22.081s][info ][gc] GC(182) Pause Young (Concurrent Start) (G1 Humongous Allocation) 746M->747M(1026M) 35.861ms
[2020-01-31T22:25:56.371+0300][22.081s][info ][gc] GC(183) Concurrent Cycle
[2020-01-31T22:25:56.436+0300][22.146s][info ][gc] GC(184) Pause Young (Normal) (G1 Evacuation Pause) 822M->823M(1026M) 37.651ms
[2020-01-31T22:25:56.443+0300][22.154s][debug][gc] GC(183) Reclaimed 653 empty regions
[2020-01-31T22:25:56.443+0300][22.154s][info ][gc] GC(183) Pause Remark 838M->185M(1026M) 0.731ms
[2020-01-31T22:25:56.487+0300][22.197s][info ][gc] GC(185) Pause Young (Normal) (G1 Evacuation Pause) 212M->213M(1026M) 32.032ms
[2020-01-31T22:25:56.576+0300][22.287s][info ][gc] GC(183) Pause Cleanup 345M->345M(1026M) 0.168ms
[2020-01-31T22:25:56.577+0300][22.288s][info ][gc] GC(183) Concurrent Cycle 206.779ms
[2020-01-31T22:25:56.778+0300][22.489s][info ][gc] GC(186) Pause Young (Normal) (G1 Evacuation Pause) 474M->474M(1026M) 135.342ms
[2020-01-31T22:25:56.851+0300][22.561s][info ][gc] GC(187) Pause Young (Concurrent Start) (G1 Humongous Allocation) 501M->501M(1026M) 34.126ms
[2020-01-31T22:25:56.851+0300][22.562s][info ][gc] GC(188) Concurrent Cycle
[2020-01-31T22:25:56.887+0300][22.597s][debug][gc] GC(188) Reclaimed 403 empty regions
[2020-01-31T22:25:56.887+0300][22.597s][info ][gc] GC(188) Pause Remark 594M->191M(1026M) 0.527ms
[2020-01-31T22:25:57.013+0300][22.724s][info ][gc] GC(189) Pause Young (Normal) (G1 Evacuation Pause) 269M->248M(1026M) 89.774ms
[2020-01-31T22:25:57.022+0300][22.732s][info ][gc] GC(188) Pause Cleanup 258M->258M(1026M) 0.134ms
[2020-01-31T22:25:57.023+0300][22.733s][info ][gc] GC(188) Concurrent Cycle 171.568ms
[2020-01-31T22:25:57.255+0300][22.966s][info ][gc] GC(190) Pause Young (Normal) (G1 Evacuation Pause) 479M->479M(1026M) 135.312ms
[2020-01-31T22:25:57.288+0300][22.999s][info ][gc] GC(191) Pause Young (Concurrent Start) (G1 Humongous Allocation) 481M->482M(1026M) 21.345ms
[2020-01-31T22:25:57.288+0300][22.999s][info ][gc] GC(192) Concurrent Cycle
[2020-01-31T22:25:57.312+0300][23.022s][debug][gc] GC(192) Reclaimed 406 empty regions
[2020-01-31T22:25:57.312+0300][23.022s][info ][gc] GC(192) Pause Remark 547M->141M(1026M) 0.633ms
[2020-01-31T22:25:57.364+0300][23.074s][info ][gc] GC(192) Pause Cleanup 160M->160M(1026M) 0.186ms
[2020-01-31T22:25:57.366+0300][23.076s][info ][gc] GC(192) Concurrent Cycle 77.246ms
[2020-01-31T22:25:57.506+0300][23.216s][info ][gc] GC(193) Pause Young (Normal) (G1 Evacuation Pause) 253M->251M(1026M) 88.865ms
[2020-01-31T22:25:57.750+0300][23.461s][info ][gc] GC(194) Pause Young (Normal) (G1 Evacuation Pause) 507M->507M(1026M) 132.891ms
[2020-01-31T22:25:57.932+0300][23.642s][info ][gc] GC(195) Pause Young (Concurrent Start) (G1 Humongous Allocation) 613M->614M(1026M) 99.410ms
[2020-01-31T22:25:57.932+0300][23.642s][info ][gc] GC(196) Concurrent Cycle
[2020-01-31T22:25:58.066+0300][23.776s][info ][gc] GC(197) Pause Young (Normal) (G1 Evacuation Pause) 730M->731M(1026M) 62.646ms
[2020-01-31T22:25:58.071+0300][23.782s][debug][gc] GC(196) Reclaimed 433 empty regions
[2020-01-31T22:25:58.071+0300][23.782s][info ][gc] GC(196) Pause Remark 744M->311M(1026M) 0.566ms
[2020-01-31T22:25:58.146+0300][23.857s][info ][gc] GC(198) Pause Young (Normal) (G1 Evacuation Pause) 378M->379M(1026M) 43.497ms
[2020-01-31T22:25:58.357+0300][24.068s][info ][gc] GC(199) Pause Young (Normal) (G1 Evacuation Pause) 569M->569M(1026M) 115.428ms
[2020-01-31T22:25:58.430+0300][24.140s][info ][gc] GC(196) Pause Cleanup 646M->646M(1026M) 0.163ms
[2020-01-31T22:25:58.431+0300][24.141s][info ][gc] GC(196) Concurrent Cycle 498.966ms
[2020-01-31T22:25:58.601+0300][24.311s][info ][gc] GC(200) Pause Young (Normal) (G1 Evacuation Pause) 699M->700M(1026M) 110.938ms
[2020-01-31T22:25:58.644+0300][24.355s][info ][gc] GC(201) Pause Young (Concurrent Start) (G1 Humongous Allocation) 723M->723M(1026M) 22.867ms
[2020-01-31T22:25:58.644+0300][24.355s][info ][gc] GC(202) Concurrent Cycle
[2020-01-31T22:25:58.712+0300][24.423s][info ][gc] GC(203) Pause Young (Normal) (G1 Evacuation Pause) 805M->806M(1026M) 40.983ms
[2020-01-31T22:25:58.713+0300][24.423s][debug][gc] GC(202) Reclaimed 638 empty regions
[2020-01-31T22:25:58.713+0300][24.423s][info ][gc] GC(202) Pause Remark 807M->169M(1026M) 0.604ms
[2020-01-31T22:25:58.760+0300][24.471s][info ][gc] GC(204) Pause Young (Normal) (G1 Evacuation Pause) 209M->210M(1026M) 31.147ms
[2020-01-31T22:25:58.834+0300][24.545s][info ][gc] GC(202) Pause Cleanup 356M->356M(1026M) 0.122ms
[2020-01-31T22:25:58.835+0300][24.546s][info ][gc] GC(202) Concurrent Cycle 191.428ms
[2020-01-31T22:25:59.012+0300][24.722s][info ][gc] GC(205) Pause Young (Normal) (G1 Evacuation Pause) 472M->473M(1026M) 131.750ms
[2020-01-31T22:25:59.063+0300][24.774s][info ][gc] GC(206) Pause Young (Concurrent Start) (G1 Humongous Allocation) 492M->494M(1026M) 31.759ms
[2020-01-31T22:25:59.063+0300][24.774s][info ][gc] GC(207) Concurrent Cycle
[2020-01-31T22:25:59.095+0300][24.806s][debug][gc] GC(207) Reclaimed 397 empty regions
[2020-01-31T22:25:59.095+0300][24.806s][info ][gc] GC(207) Pause Remark 587M->190M(1026M) 0.544ms
[2020-01-31T22:25:59.217+0300][24.927s][info ][gc] GC(208) Pause Young (Normal) (G1 Evacuation Pause) 271M->252M(1026M) 85.358ms
[2020-01-31T22:25:59.224+0300][24.935s][info ][gc] GC(207) Pause Cleanup 252M->252M(1026M) 0.137ms
[2020-01-31T22:25:59.225+0300][24.936s][info ][gc] GC(207) Concurrent Cycle 162.433ms
[2020-01-31T22:25:59.478+0300][25.189s][info ][gc] GC(209) Pause Young (Normal) (G1 Evacuation Pause) 481M->481M(1026M) 142.121ms
[2020-01-31T22:25:59.508+0300][25.219s][info ][gc] GC(210) Pause Young (Concurrent Start) (G1 Humongous Allocation) 482M->485M(1026M) 19.154ms
[2020-01-31T22:25:59.508+0300][25.219s][info ][gc] GC(211) Concurrent Cycle
[2020-01-31T22:25:59.530+0300][25.241s][debug][gc] GC(211) Reclaimed 404 empty regions
[2020-01-31T22:25:59.530+0300][25.241s][info ][gc] GC(211) Pause Remark 553M->149M(1026M) 0.720ms
[2020-01-31T22:25:59.575+0300][25.285s][info ][gc] GC(211) Pause Cleanup 248M->248M(1026M) 0.109ms
[2020-01-31T22:25:59.575+0300][25.286s][info ][gc] GC(211) Concurrent Cycle 67.338ms
[2020-01-31T22:25:59.669+0300][25.380s][info ][gc] GC(212) Pause Young (Normal) (G1 Evacuation Pause) 257M->255M(1026M) 91.079ms
[2020-01-31T22:25:59.979+0300][25.689s][info ][gc] GC(213) Pause Young (Normal) (G1 Evacuation Pause) 509M->510M(1026M) 172.550ms
[2020-01-31T22:26:00.168+0300][25.879s][info ][gc] GC(214) Pause Young (Concurrent Start) (G1 Humongous Allocation) 619M->619M(1026M) 126.465ms
[2020-01-31T22:26:00.169+0300][25.879s][info ][gc] GC(215) Concurrent Cycle
[2020-01-31T22:26:00.324+0300][26.034s][info ][gc] GC(216) Pause Young (Normal) (G1 Evacuation Pause) 733M->734M(1026M) 81.757ms
[2020-01-31T22:26:00.330+0300][26.041s][debug][gc] GC(215) Reclaimed 429 empty regions
[2020-01-31T22:26:00.330+0300][26.041s][info ][gc] GC(215) Pause Remark 747M->318M(1026M) 0.585ms
[2020-01-31T22:26:00.414+0300][26.124s][info ][gc] GC(217) Pause Young (Normal) (G1 Evacuation Pause) 383M->384M(1026M) 53.418ms
[2020-01-31T22:26:00.623+0300][26.334s][info ][gc] GC(218) Pause Young (Normal) (G1 Evacuation Pause) 572M->572M(1026M) 123.227ms
[2020-01-31T22:26:00.711+0300][26.422s][info ][gc] GC(215) Pause Cleanup 617M->617M(1026M) 0.204ms
[2020-01-31T22:26:00.712+0300][26.423s][info ][gc] GC(215) Concurrent Cycle 544.015ms
[2020-01-31T22:26:00.839+0300][26.549s][info ][gc] GC(219) Pause Young (Normal) (G1 Evacuation Pause) 701M->702M(1026M) 92.428ms
[2020-01-31T22:26:00.914+0300][26.624s][info ][gc] GC(220) Pause Young (Concurrent Start) (G1 Humongous Allocation) 732M->733M(1026M) 31.263ms
[2020-01-31T22:26:00.914+0300][26.624s][info ][gc] GC(221) Concurrent Cycle
[2020-01-31T22:26:00.980+0300][26.691s][info ][gc] GC(222) Pause Young (Normal) (G1 Evacuation Pause) 812M->813M(1026M) 39.211ms
[2020-01-31T22:26:00.984+0300][26.695s][debug][gc] GC(221) Reclaimed 632 empty regions
[2020-01-31T22:26:00.984+0300][26.695s][info ][gc] GC(221) Pause Remark 821M->189M(1026M) 0.594ms
[2020-01-31T22:26:01.029+0300][26.740s][info ][gc] GC(223) Pause Young (Normal) (G1 Evacuation Pause) 223M->223M(1026M) 29.600ms
[2020-01-31T22:26:01.108+0300][26.819s][info ][gc] GC(221) Pause Cleanup 372M->372M(1026M) 0.125ms
[2020-01-31T22:26:01.110+0300][26.820s][info ][gc] GC(221) Concurrent Cycle 195.432ms
[2020-01-31T22:26:01.277+0300][26.988s][info ][gc] GC(224) Pause Young (Normal) (G1 Evacuation Pause) 481M->481M(1026M) 130.697ms
[2020-01-31T22:26:01.335+0300][27.046s][info ][gc] GC(225) Pause Young (Concurrent Start) (G1 Humongous Allocation) 507M->507M(1026M) 35.182ms
[2020-01-31T22:26:01.335+0300][27.046s][info ][gc] GC(226) Concurrent Cycle
[2020-01-31T22:26:01.370+0300][27.080s][debug][gc] GC(226) Reclaimed 397 empty regions
[2020-01-31T22:26:01.370+0300][27.080s][info ][gc] GC(226) Pause Remark 589M->192M(1026M) 0.555ms
[2020-01-31T22:26:01.419+0300][27.129s][info ][gc] GC(226) Pause Cleanup 245M->245M(1026M) 0.116ms
[2020-01-31T22:26:01.420+0300][27.130s][info ][gc] GC(226) Concurrent Cycle 84.568ms
[2020-01-31T22:26:01.513+0300][27.224s][info ][gc] GC(227) Pause Young (Prepare Mixed) (G1 Evacuation Pause) 279M->259M(1026M) 85.963ms
[2020-01-31T22:26:01.660+0300][27.371s][info ][gc] GC(228) Pause Young (Mixed) (G1 Evacuation Pause) 291M->239M(1026M) 130.911ms
[2020-01-31T22:26:01.895+0300][27.606s][info ][gc] GC(229) Pause Young (Normal) (G1 Evacuation Pause) 501M->502M(1026M) 126.072ms
[2020-01-31T22:26:01.997+0300][27.708s][info ][gc] GC(230) Pause Young (Concurrent Start) (G1 Humongous Allocation) 578M->578M(1026M) 59.347ms
[2020-01-31T22:26:01.997+0300][27.708s][info ][gc] GC(231) Concurrent Cycle
[2020-01-31T22:26:02.125+0300][27.836s][info ][gc] GC(232) Pause Young (Normal) (G1 Evacuation Pause) 705M->706M(1026M) 72.496ms
[2020-01-31T22:26:02.132+0300][27.843s][debug][gc] GC(231) Reclaimed 464 empty regions
[2020-01-31T22:26:02.132+0300][27.843s][info ][gc] GC(231) Pause Remark 714M->250M(1026M) 0.619ms
[2020-01-31T22:26:02.214+0300][27.924s][info ][gc] GC(233) Pause Young (Normal) (G1 Evacuation Pause) 329M->330M(1026M) 48.256ms
[2020-01-31T22:26:02.449+0300][28.159s][info ][gc] GC(234) Pause Young (Normal) (G1 Evacuation Pause) 555M->556M(1026M) 126.248ms
[2020-01-31T22:26:02.494+0300][28.205s][info ][gc] GC(231) Pause Cleanup 556M->556M(1026M) 0.109ms
[2020-01-31T22:26:02.495+0300][28.206s][info ][gc] GC(231) Concurrent Cycle 497.607ms
[2020-01-31T22:26:02.656+0300][28.366s][info ][gc] GC(235) Pause Young (Concurrent Start) (G1 Humongous Allocation) 656M->656M(1026M) 95.902ms
[2020-01-31T22:26:02.656+0300][28.366s][info ][gc] GC(236) Concurrent Cycle
[2020-01-31T22:26:02.783+0300][28.493s][info ][gc] GC(237) Pause Young (Normal) (G1 Evacuation Pause) 759M->760M(1026M) 59.807ms
[2020-01-31T22:26:02.790+0300][28.500s][debug][gc] GC(236) Reclaimed 517 empty regions
[2020-01-31T22:26:02.790+0300][28.500s][info ][gc] GC(236) Pause Remark 773M->256M(1026M) 0.666ms
[2020-01-31T22:26:02.918+0300][28.629s][info ][gc] GC(238) Pause Young (Normal) (G1 Evacuation Pause) 313M->314M(1026M) 52.697ms
[2020-01-31T22:26:03.044+0300][28.755s][info ][gc] GC(236) Pause Cleanup 512M->512M(1026M) 0.111ms
[2020-01-31T22:26:03.045+0300][28.755s][info ][gc] GC(236) Concurrent Cycle 389.080ms
[2020-01-31T22:26:03.198+0300][28.908s][info ][gc] GC(239) Pause Young (Normal) (G1 Evacuation Pause) 524M->525M(1026M) 148.257ms
[2020-01-31T22:26:03.260+0300][28.971s][info ][gc] GC(240) Pause Young (Concurrent Start) (G1 Humongous Allocation) 546M->547M(1026M) 41.311ms
[2020-01-31T22:26:03.261+0300][28.971s][info ][gc] GC(241) Concurrent Cycle
[2020-01-31T22:26:03.293+0300][29.003s][debug][gc] GC(241) Reclaimed 484 empty regions
[2020-01-31T22:26:03.293+0300][29.004s][info ][gc] GC(241) Pause Remark 607M->123M(1026M) 0.677ms
[2020-01-31T22:26:03.367+0300][29.077s][info ][gc] GC(241) Pause Cleanup 193M->193M(1026M) 0.107ms
[2020-01-31T22:26:03.367+0300][29.078s][info ][gc] GC(241) Concurrent Cycle 106.582ms
[2020-01-31T22:26:03.486+0300][29.196s][info ][gc] GC(242) Pause Young (Normal) (G1 Evacuation Pause) 220M->202M(1026M) 103.419ms
[2020-01-31T22:26:03.775+0300][29.486s][info ][gc] GC(243) Pause Young (Normal) (G1 Evacuation Pause) 478M->479M(1026M) 163.754ms
[2020-01-31T22:26:03.918+0300][29.628s][info ][gc] GC(244) Pause Young (Concurrent Start) (G1 Humongous Allocation) 585M->586M(1026M) 86.117ms
[2020-01-31T22:26:03.918+0300][29.628s][info ][gc] GC(245) Concurrent Cycle
[2020-01-31T22:26:04.065+0300][29.775s][info ][gc] GC(246) Pause Young (Normal) (G1 Evacuation Pause) 711M->712M(1026M) 72.029ms
[2020-01-31T22:26:04.071+0300][29.782s][debug][gc] GC(245) Reclaimed 429 empty regions
[2020-01-31T22:26:04.071+0300][29.782s][info ][gc] GC(245) Pause Remark 722M->293M(1026M) 0.749ms
[2020-01-31T22:26:04.189+0300][29.900s][info ][gc] GC(247) Pause Young (Normal) (G1 Evacuation Pause) 369M->370M(1026M) 50.425ms
[2020-01-31T22:26:04.400+0300][30.111s][info ][gc] GC(248) Pause Young (Normal) (G1 Evacuation Pause) 563M->564M(1026M) 109.617ms
[2020-01-31T22:26:04.477+0300][30.188s][info ][gc] GC(245) Pause Cleanup 564M->564M(1026M) 0.139ms
[2020-01-31T22:26:04.478+0300][30.188s][info ][gc] GC(245) Concurrent Cycle 560.363ms
[2020-01-31T22:26:04.516+0300][30.227s][info ][gc] GC(249) Pause Young (Concurrent Start) (G1 Humongous Allocation) 564M->565M(1026M) 28.369ms
[2020-01-31T22:26:04.516+0300][30.227s][info ][gc] GC(250) Concurrent Cycle
[2020-01-31T22:26:04.535+0300][30.246s][debug][gc] GC(250) Reclaimed 522 empty regions
[2020-01-31T22:26:04.536+0300][30.246s][info ][gc] GC(250) Pause Remark 610M->88M(1026M) 0.549ms
[2020-01-31T22:26:04.644+0300][30.354s][info ][gc] GC(251) Pause Young (Normal) (G1 Evacuation Pause) 174M->174M(1026M) 71.804ms
[2020-01-31T22:26:04.647+0300][30.358s][info ][gc] GC(250) Pause Cleanup 178M->178M(1026M) 0.113ms
[2020-01-31T22:26:04.648+0300][30.358s][info ][gc] GC(250) Concurrent Cycle 131.494ms
[2020-01-31T22:26:04.980+0300][30.691s][info ][gc] GC(252) Pause Young (Normal) (G1 Evacuation Pause) 467M->468M(1026M) 188.146ms
[2020-01-31T22:26:05.193+0300][30.903s][info ][gc] GC(253) Pause Young (Normal) (G1 Evacuation Pause) 629M->630M(1026M) 131.062ms
[2020-01-31T22:26:05.343+0300][31.054s][info ][gc] GC(254) Pause Young (Concurrent Start) (G1 Humongous Allocation) 719M->720M(1026M) 89.842ms
[2020-01-31T22:26:05.343+0300][31.054s][info ][gc] GC(255) Concurrent Cycle
[2020-01-31T22:26:05.450+0300][31.160s][info ][gc] GC(256) Pause Young (Normal) (G1 Evacuation Pause) 803M->804M(1026M) 47.392ms
[2020-01-31T22:26:05.456+0300][31.167s][debug][gc] GC(255) Reclaimed 588 empty regions
[2020-01-31T22:26:05.456+0300][31.167s][info ][gc] GC(255) Pause Remark 817M->229M(1026M) 0.593ms
[2020-01-31T22:26:05.501+0300][31.212s][info ][gc] GC(257) Pause Young (Normal) (G1 Evacuation Pause) 257M->258M(1026M) 33.571ms
[2020-01-31T22:26:05.646+0300][31.356s][info ][gc] GC(255) Pause Cleanup 482M->482M(1026M) 0.130ms
[2020-01-31T22:26:05.647+0300][31.357s][info ][gc] GC(255) Concurrent Cycle 303.634ms
[2020-01-31T22:26:05.779+0300][31.489s][info ][gc] GC(258) Pause Young (Normal) (G1 Evacuation Pause) 505M->506M(1026M) 123.320ms
[2020-01-31T22:26:05.840+0300][31.551s][info ][gc] GC(259) Pause Young (Concurrent Start) (G1 Humongous Allocation) 539M->540M(1026M) 36.426ms
[2020-01-31T22:26:05.840+0300][31.551s][info ][gc] GC(260) Concurrent Cycle
[2020-01-31T22:26:05.879+0300][31.590s][debug][gc] GC(260) Reclaimed 459 empty regions
[2020-01-31T22:26:05.879+0300][31.590s][info ][gc] GC(260) Pause Remark 645M->186M(1026M) 0.792ms
[2020-01-31T22:26:05.987+0300][31.697s][info ][gc] GC(261) Pause Young (Normal) (G1 Evacuation Pause) 240M->221M(1026M) 75.152ms
[2020-01-31T22:26:06.021+0300][31.731s][info ][gc] GC(260) Pause Cleanup 222M->222M(1026M) 0.127ms
[2020-01-31T22:26:06.022+0300][31.733s][info ][gc] GC(260) Concurrent Cycle 181.425ms
[2020-01-31T22:26:06.273+0300][31.984s][info ][gc] GC(262) Pause Young (Normal) (G1 Evacuation Pause) 460M->461M(1026M) 135.255ms
[2020-01-31T22:26:06.448+0300][32.158s][info ][gc] GC(263) Pause Young (Concurrent Start) (G1 Humongous Allocation) 602M->603M(1026M) 86.802ms
[2020-01-31T22:26:06.448+0300][32.158s][info ][gc] GC(264) Concurrent Cycle
[2020-01-31T22:26:06.597+0300][32.308s][info ][gc] GC(265) Pause Young (Normal) (G1 Evacuation Pause) 723M->723M(1026M) 69.617ms
[2020-01-31T22:26:06.604+0300][32.315s][debug][gc] GC(264) Reclaimed 430 empty regions
[2020-01-31T22:26:06.604+0300][32.315s][info ][gc] GC(264) Pause Remark 736M->306M(1026M) 0.545ms
[2020-01-31T22:26:06.710+0300][32.421s][info ][gc] GC(266) Pause Young (Normal) (G1 Evacuation Pause) 375M->376M(1026M) 48.728ms
[2020-01-31T22:26:06.905+0300][32.615s][info ][gc] GC(267) Pause Young (Normal) (G1 Evacuation Pause) 566M->567M(1026M) 111.401ms
[2020-01-31T22:26:06.994+0300][32.705s][info ][gc] GC(264) Pause Cleanup 635M->635M(1026M) 0.148ms
[2020-01-31T22:26:06.995+0300][32.706s][info ][gc] GC(264) Concurrent Cycle 547.683ms
[2020-01-31T22:26:07.108+0300][32.819s][info ][gc] GC(268) Pause Young (Normal) (G1 Evacuation Pause) 698M->698M(1026M) 86.474ms
[2020-01-31T22:26:07.144+0300][32.855s][info ][gc] GC(269) Pause Young (Concurrent Start) (G1 Humongous Allocation) 714M->715M(1026M) 18.753ms
[2020-01-31T22:26:07.144+0300][32.855s][info ][gc] GC(270) Concurrent Cycle
[2020-01-31T22:26:07.168+0300][32.879s][debug][gc] GC(270) Reclaimed 660 empty regions
[2020-01-31T22:26:07.169+0300][32.879s][info ][gc] GC(270) Pause Remark 790M->130M(1026M) 0.593ms
[2020-01-31T22:26:07.220+0300][32.931s][info ][gc] GC(271) Pause Young (Normal) (G1 Evacuation Pause) 140M->129M(1026M) 47.557ms
[2020-01-31T22:26:07.253+0300][32.964s][info ][gc] GC(270) Pause Cleanup 179M->179M(1026M) 0.116ms
[2020-01-31T22:26:07.254+0300][32.965s][info ][gc] GC(270) Concurrent Cycle 109.993ms
[2020-01-31T22:26:07.525+0300][33.235s][info ][gc] GC(272) Pause Young (Normal) (G1 Evacuation Pause) 416M->417M(1026M) 170.891ms
[2020-01-31T22:26:07.749+0300][33.460s][info ][gc] GC(273) Pause Young (Normal) (G1 Evacuation Pause) 614M->615M(1026M) 110.106ms
[2020-01-31T22:26:07.855+0300][33.565s][info ][gc] GC(274) Pause Young (Concurrent Start) (G1 Evacuation Pause) 711M->713M(1026M) 66.220ms
[2020-01-31T22:26:07.855+0300][33.565s][info ][gc] GC(275) Concurrent Cycle
[2020-01-31T22:26:07.962+0300][33.673s][info ][gc] GC(276) Pause Young (Normal) (G1 Evacuation Pause) 798M->799M(1026M) 44.548ms
[2020-01-31T22:26:08.010+0300][33.720s][info ][gc] GC(277) Pause Young (Normal) (G1 Evacuation Pause) 840M->841M(1026M) 29.396ms
[2020-01-31T22:26:08.038+0300][33.748s][debug][gc] GC(275) Reclaimed 537 empty regions
[2020-01-31T22:26:08.038+0300][33.748s][info ][gc] GC(275) Pause Remark 898M->361M(1026M) 0.572ms
[2020-01-31T22:26:08.075+0300][33.785s][info ][gc] GC(278) Pause Young (Normal) (G1 Evacuation Pause) 368M->368M(1026M) 34.228ms
[2020-01-31T22:26:08.266+0300][33.976s][info ][gc] GC(279) Pause Young (Normal) (G1 Evacuation Pause) 561M->562M(1026M) 108.737ms
[2020-01-31T22:26:08.466+0300][34.176s][info ][gc] GC(280) Pause Young (Normal) (G1 Evacuation Pause) 694M->695M(1026M) 93.069ms
[2020-01-31T22:26:08.516+0300][34.227s][info ][gc] GC(275) Pause Cleanup 747M->747M(1026M) 0.168ms
[2020-01-31T22:26:08.517+0300][34.228s][info ][gc] GC(275) Concurrent Cycle 662.406ms
[2020-01-31T22:26:08.598+0300][34.309s][info ][gc] GC(281) Pause Young (Normal) (G1 Evacuation Pause) 786M->786M(1026M) 66.702ms
[2020-01-31T22:26:08.644+0300][34.355s][info ][gc] GC(282) Pause Young (Concurrent Start) (G1 Evacuation Pause) 828M->829M(1026M) 29.017ms
[2020-01-31T22:26:08.644+0300][34.355s][info ][gc] GC(283) Concurrent Cycle
[2020-01-31T22:26:08.707+0300][34.417s][info ][gc] GC(284) Pause Young (Normal) (G1 Evacuation Pause) 893M->893M(1026M) 31.552ms
[2020-01-31T22:26:08.754+0300][34.465s][info ][gc] GC(285) Pause Young (Normal) (G1 Evacuation Pause) 937M->939M(1026M) 28.221ms
[2020-01-31T22:26:08.815+0300][34.526s][info ][gc] GC(286) To-space exhausted
[2020-01-31T22:26:08.816+0300][34.526s][info ][gc] GC(286) Pause Young (Normal) (G1 Evacuation Pause) 983M->987M(1026M) 39.684ms
[2020-01-31T22:26:08.852+0300][34.562s][info ][gc] GC(287) To-space exhausted
[2020-01-31T22:26:08.852+0300][34.562s][info ][gc] GC(287) Pause Young (Normal) (G1 Humongous Allocation) 1004M->1008M(1026M) 18.386ms
[2020-01-31T22:26:08.853+0300][34.563s][debug][gc] GC(288) Clear Next Bitmap 0.520ms
[2020-01-31T22:26:08.859+0300][34.570s][info ][gc] GC(288) Pause Full (G1 Humongous Allocation) 1008M->2M(1026M) 7.708ms
[2020-01-31T22:26:08.859+0300][34.570s][info ][gc] GC(283) Concurrent Cycle 215.479ms
[2020-01-31T22:26:09.237+0300][34.948s][info ][gc] GC(289) Pause Young (Normal) (G1 Evacuation Pause) 349M->349M(1026M) 213.002ms
[2020-01-31T22:26:09.471+0300][35.181s][info ][gc] GC(290) Pause Young (Normal) (G1 Evacuation Pause) 567M->567M(1026M) 128.182ms
[2020-01-31T22:26:09.651+0300][35.362s][info ][gc] GC(291) Pause Young (Concurrent Start) (G1 Humongous Allocation) 676M->677M(1026M) 82.396ms
[2020-01-31T22:26:09.651+0300][35.362s][info ][gc] GC(292) Concurrent Cycle
[2020-01-31T22:26:09.789+0300][35.500s][info ][gc] GC(293) Pause Young (Normal) (G1 Evacuation Pause) 773M->774M(1026M) 67.455ms
[2020-01-31T22:26:09.796+0300][35.507s][debug][gc] GC(292) Reclaimed 537 empty regions
[2020-01-31T22:26:09.796+0300][35.507s][info ][gc] GC(292) Pause Remark 775M->238M(1026M) 0.945ms
[2020-01-31T22:26:09.869+0300][35.580s][info ][gc] GC(294) Pause Young (Normal) (G1 Evacuation Pause) 302M->303M(1026M) 38.797ms
[2020-01-31T22:26:10.031+0300][35.741s][info ][gc] GC(292) Pause Cleanup 504M->504M(1026M) 0.131ms
[2020-01-31T22:26:10.031+0300][35.742s][info ][gc] GC(292) Concurrent Cycle 379.998ms
[2020-01-31T22:26:10.149+0300][35.860s][info ][gc] GC(295) Pause Young (Normal) (G1 Evacuation Pause) 516M->516M(1026M) 113.777ms
[2020-01-31T22:26:10.208+0300][35.919s][info ][gc] GC(296) Pause Young (Concurrent Start) (G1 Humongous Allocation) 547M->547M(1026M) 35.009ms
[2020-01-31T22:26:10.208+0300][35.919s][info ][gc] GC(297) Concurrent Cycle
[2020-01-31T22:26:10.243+0300][35.954s][debug][gc] GC(297) Reclaimed 487 empty regions
[2020-01-31T22:26:10.243+0300][35.954s][info ][gc] GC(297) Pause Remark 627M->140M(1026M) 0.553ms
[2020-01-31T22:26:10.362+0300][36.073s][info ][gc] GC(298) Pause Young (Normal) (G1 Evacuation Pause) 216M->198M(1026M) 76.569ms
[2020-01-31T22:26:10.373+0300][36.084s][info ][gc] GC(297) Pause Cleanup 199M->199M(1026M) 0.122ms
[2020-01-31T22:26:10.375+0300][36.085s][info ][gc] GC(297) Concurrent Cycle 166.610ms
[2020-01-31T22:26:10.644+0300][36.355s][info ][gc] GC(299) Pause Young (Normal) (G1 Evacuation Pause) 443M->444M(1026M) 138.513ms
[2020-01-31T22:26:10.883+0300][36.593s][info ][gc] GC(300) Pause Young (Normal) (G1 Evacuation Pause) 632M->633M(1026M) 120.653ms
[2020-01-31T22:26:10.988+0300][36.699s][info ][gc] GC(301) Pause Young (Concurrent Start) (G1 Humongous Allocation) 718M->719M(1026M) 60.086ms
[2020-01-31T22:26:10.988+0300][36.699s][info ][gc] GC(302) Concurrent Cycle
[2020-01-31T22:26:11.103+0300][36.814s][info ][gc] GC(303) Pause Young (Normal) (G1 Evacuation Pause) 802M->803M(1026M) 46.509ms
[2020-01-31T22:26:11.110+0300][36.821s][debug][gc] GC(302) Reclaimed 604 empty regions
[2020-01-31T22:26:11.110+0300][36.821s][info ][gc] GC(302) Pause Remark 817M->213M(1026M) 0.632ms
[2020-01-31T22:26:11.151+0300][36.862s][info ][gc] GC(304) Pause Young (Normal) (G1 Evacuation Pause) 240M->241M(1026M) 29.646ms
[2020-01-31T22:26:11.393+0300][37.104s][info ][gc] GC(305) Pause Young (Normal) (G1 Evacuation Pause) 493M->494M(1026M) 129.184ms
[2020-01-31T22:26:11.437+0300][37.147s][info ][gc] GC(302) Pause Cleanup 494M->494M(1026M) 0.145ms
[2020-01-31T22:26:11.438+0300][37.148s][info ][gc] GC(302) Concurrent Cycle 449.317ms
[2020-01-31T22:26:11.508+0300][37.219s][info ][gc] GC(306) Pause Young (Concurrent Start) (G1 Humongous Allocation) 522M->523M(1026M) 48.700ms
[2020-01-31T22:26:11.508+0300][37.219s][info ][gc] GC(307) Concurrent Cycle
[2020-01-31T22:26:11.545+0300][37.255s][debug][gc] GC(307) Reclaimed 460 empty regions
[2020-01-31T22:26:11.545+0300][37.256s][info ][gc] GC(307) Pause Remark 621M->161M(1026M) 0.605ms
[2020-01-31T22:26:11.648+0300][37.359s][info ][gc] GC(308) Pause Young (Normal) (G1 Evacuation Pause) 227M->208M(1026M) 72.655ms
[2020-01-31T22:26:11.662+0300][37.373s][info ][gc] GC(307) Pause Cleanup 217M->217M(1026M) 0.121ms
[2020-01-31T22:26:11.663+0300][37.373s][info ][gc] GC(307) Concurrent Cycle 153.996ms
[2020-01-31T22:26:11.909+0300][37.619s][info ][gc] GC(309) Pause Young (Normal) (G1 Evacuation Pause) 470M->470M(1026M) 139.626ms
[2020-01-31T22:26:12.070+0300][37.781s][info ][gc] GC(310) Pause Young (Normal) (G1 Evacuation Pause) 630M->632M(1026M) 95.334ms
[2020-01-31T22:26:12.179+0300][37.889s][info ][gc] GC(311) Pause Young (Concurrent Start) (G1 Humongous Allocation) 719M->720M(1026M) 62.429ms
[2020-01-31T22:26:12.179+0300][37.889s][info ][gc] GC(312) Concurrent Cycle
[2020-01-31T22:26:12.277+0300][37.988s][info ][gc] GC(313) Pause Young (Normal) (G1 Evacuation Pause) 802M->803M(1026M) 42.073ms
[2020-01-31T22:26:12.284+0300][37.995s][debug][gc] GC(312) Reclaimed 604 empty regions
[2020-01-31T22:26:12.284+0300][37.995s][info ][gc] GC(312) Pause Remark 817M->213M(1026M) 0.734ms
[2020-01-31T22:26:12.326+0300][38.037s][info ][gc] GC(314) Pause Young (Normal) (G1 Evacuation Pause) 240M->241M(1026M) 30.785ms
[2020-01-31T22:26:12.567+0300][38.277s][info ][gc] GC(315) Pause Young (Normal) (G1 Evacuation Pause) 493M->494M(1026M) 126.038ms
[2020-01-31T22:26:12.602+0300][38.312s][info ][gc] GC(312) Pause Cleanup 494M->494M(1026M) 0.148ms
[2020-01-31T22:26:12.603+0300][38.313s][info ][gc] GC(312) Concurrent Cycle 424.028ms
[2020-01-31T22:26:12.683+0300][38.394s][info ][gc] GC(316) Pause Young (Concurrent Start) (G1 Humongous Allocation) 523M->524M(1026M) 53.495ms
[2020-01-31T22:26:12.683+0300][38.394s][info ][gc] GC(317) Concurrent Cycle
[2020-01-31T22:26:12.719+0300][38.430s][debug][gc] GC(317) Reclaimed 458 empty regions
[2020-01-31T22:26:12.719+0300][38.430s][info ][gc] GC(317) Pause Remark 626M->168M(1026M) 0.583ms
[2020-01-31T22:26:12.821+0300][38.531s][info ][gc] GC(318) Pause Young (Normal) (G1 Evacuation Pause) 230M->210M(1026M) 73.156ms
[2020-01-31T22:26:12.838+0300][38.549s][info ][gc] GC(317) Pause Cleanup 234M->234M(1026M) 0.106ms
[2020-01-31T22:26:12.839+0300][38.549s][info ][gc] GC(317) Concurrent Cycle 155.095ms
[2020-01-31T22:26:13.105+0300][38.815s][info ][gc] GC(319) Pause Young (Normal) (G1 Evacuation Pause) 472M->473M(1026M) 149.338ms
[2020-01-31T22:26:13.263+0300][38.973s][info ][gc] GC(320) Pause Young (Concurrent Start) (G1 Humongous Allocation) 586M->587M(1026M) 101.401ms
[2020-01-31T22:26:13.263+0300][38.973s][info ][gc] GC(321) Concurrent Cycle
[2020-01-31T22:26:13.411+0300][39.122s][info ][gc] GC(322) Pause Young (Normal) (G1 Evacuation Pause) 711M->712M(1026M) 73.111ms
[2020-01-31T22:26:13.417+0300][39.128s][debug][gc] GC(321) Reclaimed 434 empty regions
[2020-01-31T22:26:13.417+0300][39.128s][info ][gc] GC(321) Pause Remark 723M->289M(1026M) 0.592ms
[2020-01-31T22:26:13.497+0300][39.208s][info ][gc] GC(323) Pause Young (Normal) (G1 Evacuation Pause) 363M->364M(1026M) 47.606ms
[2020-01-31T22:26:13.728+0300][39.438s][info ][gc] GC(324) Pause Young (Normal) (G1 Evacuation Pause) 558M->559M(1026M) 116.401ms
[2020-01-31T22:26:13.802+0300][39.513s][info ][gc] GC(321) Pause Cleanup 616M->616M(1026M) 0.126ms
[2020-01-31T22:26:13.803+0300][39.514s][info ][gc] GC(321) Concurrent Cycle 540.438ms
[2020-01-31T22:26:13.955+0300][39.666s][info ][gc] GC(325) Pause Young (Normal) (G1 Evacuation Pause) 692M->693M(1026M) 114.564ms
[2020-01-31T22:26:13.990+0300][39.701s][info ][gc] GC(326) Pause Young (Concurrent Start) (G1 Humongous Allocation) 696M->698M(1026M) 12.755ms
[2020-01-31T22:26:13.990+0300][39.701s][info ][gc] GC(327) Concurrent Cycle
[2020-01-31T22:26:14.008+0300][39.719s][debug][gc] GC(327) Reclaimed 667 empty regions
[2020-01-31T22:26:14.008+0300][39.719s][info ][gc] GC(327) Pause Remark 755M->88M(1026M) 0.771ms
[2020-01-31T22:26:14.062+0300][39.773s][info ][gc] GC(328) Pause Young (Normal) (G1 Evacuation Pause) 120M->117M(1026M) 41.488ms
[2020-01-31T22:26:14.082+0300][39.792s][info ][gc] GC(327) Pause Cleanup 162M->162M(1026M) 0.111ms
[2020-01-31T22:26:14.082+0300][39.793s][info ][gc] GC(327) Concurrent Cycle 91.773ms
[2020-01-31T22:26:14.340+0300][40.051s][info ][gc] GC(329) Pause Young (Normal) (G1 Evacuation Pause) 408M->408M(1026M) 151.063ms
[2020-01-31T22:26:14.574+0300][40.284s][info ][gc] GC(330) Pause Young (Normal) (G1 Evacuation Pause) 608M->609M(1026M) 114.208ms
[2020-01-31T22:26:14.690+0300][40.401s][info ][gc] GC(331) Pause Young (Concurrent Start) (G1 Humongous Allocation) 702M->703M(1026M) 66.230ms
[2020-01-31T22:26:14.690+0300][40.401s][info ][gc] GC(332) Concurrent Cycle
[2020-01-31T22:26:14.801+0300][40.511s][info ][gc] GC(333) Pause Young (Normal) (G1 Evacuation Pause) 791M->792M(1026M) 48.398ms
[2020-01-31T22:26:14.808+0300][40.518s][debug][gc] GC(332) Reclaimed 576 empty regions
[2020-01-31T22:26:14.808+0300][40.518s][info ][gc] GC(332) Pause Remark 806M->230M(1026M) 0.768ms
[2020-01-31T22:26:14.864+0300][40.575s][info ][gc] GC(334) Pause Young (Normal) (G1 Evacuation Pause) 256M->256M(1026M) 45.692ms
[2020-01-31T22:26:15.130+0300][40.841s][info ][gc] GC(335) Pause Young (Normal) (G1 Evacuation Pause) 503M->504M(1026M) 124.766ms
[2020-01-31T22:26:15.163+0300][40.874s][info ][gc] GC(332) Pause Cleanup 505M->505M(1026M) 0.122ms
[2020-01-31T22:26:15.164+0300][40.875s][info ][gc] GC(332) Concurrent Cycle 473.935ms
[2020-01-31T22:26:15.244+0300][40.954s][info ][gc] GC(336) Pause Young (Concurrent Start) (G1 Humongous Allocation) 534M->534M(1026M) 55.827ms
[2020-01-31T22:26:15.244+0300][40.954s][info ][gc] GC(337) Concurrent Cycle
[2020-01-31T22:26:15.279+0300][40.989s][debug][gc] GC(337) Reclaimed 469 empty regions
[2020-01-31T22:26:15.279+0300][40.990s][info ][gc] GC(337) Pause Remark 633M->164M(1026M) 0.581ms
[2020-01-31T22:26:15.384+0300][41.095s][info ][gc] GC(338) Pause Young (Normal) (G1 Evacuation Pause) 225M->207M(1026M) 75.602ms
[2020-01-31T22:26:15.402+0300][41.112s][info ][gc] GC(337) Pause Cleanup 207M->207M(1026M) 0.111ms
[2020-01-31T22:26:15.403+0300][41.113s][info ][gc] GC(337) Concurrent Cycle 158.838ms
[2020-01-31T22:26:15.645+0300][41.356s][info ][gc] GC(339) Pause Young (Normal) (G1 Evacuation Pause) 450M->450M(1026M) 134.233ms
[2020-01-31T22:26:15.835+0300][41.546s][info ][gc] GC(340) Pause Young (Normal) (G1 Evacuation Pause) 637M->638M(1026M) 106.915ms
[2020-01-31T22:26:15.971+0300][41.682s][info ][gc] GC(341) Pause Young (Concurrent Start) (G1 Humongous Allocation) 722M->722M(1026M) 62.272ms
[2020-01-31T22:26:15.971+0300][41.682s][info ][gc] GC(342) Concurrent Cycle
[2020-01-31T22:26:16.072+0300][41.783s][info ][gc] GC(343) Pause Young (Normal) (G1 Evacuation Pause) 803M->804M(1026M) 45.066ms
[2020-01-31T22:26:16.079+0300][41.790s][debug][gc] GC(342) Reclaimed 607 empty regions
[2020-01-31T22:26:16.080+0300][41.790s][info ][gc] GC(342) Pause Remark 817M->210M(1026M) 0.855ms
[2020-01-31T22:26:16.123+0300][41.833s][info ][gc] GC(344) Pause Young (Normal) (G1 Evacuation Pause) 238M->239M(1026M) 31.454ms
[2020-01-31T22:26:16.401+0300][42.112s][info ][gc] GC(345) Pause Young (Normal) (G1 Evacuation Pause) 491M->492M(1026M) 163.582ms
[2020-01-31T22:26:16.449+0300][42.159s][info ][gc] GC(342) Pause Cleanup 492M->492M(1026M) 0.163ms
[2020-01-31T22:26:16.450+0300][42.160s][info ][gc] GC(342) Concurrent Cycle 478.320ms
[2020-01-31T22:26:16.524+0300][42.234s][info ][gc] GC(346) Pause Young (Concurrent Start) (G1 Humongous Allocation) 522M->523M(1026M) 50.447ms
[2020-01-31T22:26:16.524+0300][42.234s][info ][gc] GC(347) Concurrent Cycle
[2020-01-31T22:26:16.561+0300][42.271s][debug][gc] GC(347) Reclaimed 456 empty regions
[2020-01-31T22:26:16.561+0300][42.271s][info ][gc] GC(347) Pause Remark 629M->173M(1026M) 0.584ms
[2020-01-31T22:26:16.670+0300][42.381s][info ][gc] GC(348) Pause Young (Normal) (G1 Evacuation Pause) 231M->211M(1026M) 83.509ms
[2020-01-31T22:26:16.690+0300][42.400s][info ][gc] GC(347) Pause Cleanup 248M->248M(1026M) 0.116ms
[2020-01-31T22:26:16.691+0300][42.402s][info ][gc] GC(347) Concurrent Cycle 167.588ms
[2020-01-31T22:26:16.951+0300][42.662s][info ][gc] GC(349) Pause Young (Normal) (G1 Evacuation Pause) 473M->474M(1026M) 158.239ms
[2020-01-31T22:26:17.103+0300][42.813s][info ][gc] GC(350) Pause Young (Concurrent Start) (G1 Humongous Allocation) 587M->587M(1026M) 79.403ms
[2020-01-31T22:26:17.103+0300][42.813s][info ][gc] GC(351) Concurrent Cycle
[2020-01-31T22:26:17.250+0300][42.961s][info ][gc] GC(352) Pause Young (Normal) (G1 Evacuation Pause) 711M->712M(1026M) 72.398ms
[2020-01-31T22:26:17.256+0300][42.967s][debug][gc] GC(351) Reclaimed 435 empty regions
[2020-01-31T22:26:17.256+0300][42.967s][info ][gc] GC(351) Pause Remark 723M->288M(1026M) 0.611ms
[2020-01-31T22:26:17.341+0300][43.051s][info ][gc] GC(353) Pause Young (Normal) (G1 Evacuation Pause) 362M->363M(1026M) 48.460ms
[2020-01-31T22:26:17.555+0300][43.265s][info ][gc] GC(354) Pause Young (Normal) (G1 Evacuation Pause) 557M->558M(1026M) 117.092ms
[2020-01-31T22:26:17.636+0300][43.346s][info ][gc] GC(351) Pause Cleanup 632M->632M(1026M) 0.131ms
[2020-01-31T22:26:17.636+0300][43.347s][info ][gc] GC(351) Concurrent Cycle 533.712ms
[2020-01-31T22:26:17.755+0300][43.465s][info ][gc] GC(355) Pause Young (Normal) (G1 Evacuation Pause) 691M->692M(1026M) 86.058ms
[2020-01-31T22:26:17.779+0300][43.489s][info ][gc] GC(356) Pause Young (Concurrent Start) (G1 Humongous Allocation) 695M->697M(1026M) 12.380ms
[2020-01-31T22:26:17.779+0300][43.489s][info ][gc] GC(357) Concurrent Cycle
[2020-01-31T22:26:17.806+0300][43.516s][debug][gc] GC(357) Reclaimed 666 empty regions
[2020-01-31T22:26:17.806+0300][43.516s][info ][gc] GC(357) Pause Remark 735M->69M(1026M) 0.767ms
[2020-01-31T22:26:17.836+0300][43.547s][info ][gc] GC(357) Pause Cleanup 113M->113M(1026M) 0.095ms
[2020-01-31T22:26:17.837+0300][43.548s][info ][gc] GC(357) Concurrent Cycle 58.164ms
[2020-01-31T22:26:17.904+0300][43.615s][info ][gc] GC(358) Pause Young (Normal) (G1 Evacuation Pause) 120M->117M(1026M) 65.459ms
[2020-01-31T22:26:18.201+0300][43.911s][info ][gc] GC(359) Pause Young (Normal) (G1 Evacuation Pause) 422M->423M(1026M) 163.439ms
[2020-01-31T22:26:18.406+0300][44.116s][info ][gc] GC(360) Pause Young (Normal) (G1 Evacuation Pause) 620M->621M(1026M) 115.673ms
[2020-01-31T22:26:18.518+0300][44.229s][info ][gc] GC(361) Pause Young (Concurrent Start) (G1 Humongous Allocation) 704M->704M(1026M) 64.392ms
[2020-01-31T22:26:18.518+0300][44.229s][info ][gc] GC(362) Concurrent Cycle
[2020-01-31T22:26:18.627+0300][44.338s][info ][gc] GC(363) Pause Young (Normal) (G1 Evacuation Pause) 791M->792M(1026M) 53.075ms
[2020-01-31T22:26:18.634+0300][44.345s][debug][gc] GC(362) Reclaimed 589 empty regions
[2020-01-31T22:26:18.634+0300][44.345s][info ][gc] GC(362) Pause Remark 804M->215M(1026M) 0.761ms
[2020-01-31T22:26:18.696+0300][44.407s][info ][gc] GC(364) Pause Young (Normal) (G1 Evacuation Pause) 243M->243M(1026M) 42.636ms
[2020-01-31T22:26:18.973+0300][44.683s][info ][gc] GC(365) Pause Young (Normal) (G1 Evacuation Pause) 494M->495M(1026M) 155.219ms
[2020-01-31T22:26:19.020+0300][44.731s][info ][gc] GC(362) Pause Cleanup 496M->496M(1026M) 0.130ms
[2020-01-31T22:26:19.022+0300][44.732s][info ][gc] GC(362) Concurrent Cycle 503.205ms
[2020-01-31T22:26:19.093+0300][44.803s][info ][gc] GC(366) Pause Young (Concurrent Start) (G1 Humongous Allocation) 522M->523M(1026M) 48.575ms
[2020-01-31T22:26:19.093+0300][44.803s][info ][gc] GC(367) Concurrent Cycle
[2020-01-31T22:26:19.127+0300][44.838s][debug][gc] GC(367) Reclaimed 459 empty regions
[2020-01-31T22:26:19.127+0300][44.838s][info ][gc] GC(367) Pause Remark 610M->151M(1026M) 0.581ms
[2020-01-31T22:26:19.242+0300][44.953s][info ][gc] GC(368) Pause Young (Normal) (G1 Evacuation Pause) 228M->209M(1026M) 79.724ms
[2020-01-31T22:26:19.251+0300][44.962s][info ][gc] GC(367) Pause Cleanup 210M->210M(1026M) 0.093ms
[2020-01-31T22:26:19.253+0300][44.964s][info ][gc] GC(367) Concurrent Cycle 160.780ms
[2020-01-31T22:26:19.534+0300][45.244s][info ][gc] GC(369) Pause Young (Normal) (G1 Evacuation Pause) 471M->471M(1026M) 138.402ms
[2020-01-31T22:26:19.665+0300][45.375s][info ][gc] GC(370) Pause Young (Concurrent Start) (G1 Humongous Allocation) 584M->584M(1026M) 76.774ms
[2020-01-31T22:26:19.665+0300][45.375s][info ][gc] GC(371) Concurrent Cycle
[2020-01-31T22:26:19.811+0300][45.521s][info ][gc] GC(372) Pause Young (Normal) (G1 Evacuation Pause) 709M->710M(1026M) 71.314ms
[2020-01-31T22:26:19.817+0300][45.527s][debug][gc] GC(371) Reclaimed 433 empty regions
[2020-01-31T22:26:19.817+0300][45.527s][info ][gc] GC(371) Pause Remark 720M->287M(1026M) 0.621ms
[2020-01-31T22:26:19.895+0300][45.606s][info ][gc] GC(373) Pause Young (Normal) (G1 Evacuation Pause) 362M->363M(1026M) 47.289ms
[2020-01-31T22:26:20.094+0300][45.805s][info ][gc] GC(374) Pause Young (Normal) (G1 Evacuation Pause) 557M->558M(1026M) 112.093ms
[2020-01-31T22:26:20.189+0300][45.899s][info ][gc] GC(371) Pause Cleanup 669M->669M(1026M) 0.164ms
[2020-01-31T22:26:20.190+0300][45.900s][info ][gc] GC(371) Concurrent Cycle 524.493ms
[2020-01-31T22:26:20.283+0300][45.993s][info ][gc] GC(375) Pause Young (Normal) (G1 Evacuation Pause) 691M->692M(1026M) 84.480ms
[2020-01-31T22:26:20.306+0300][46.017s][info ][gc] GC(376) Pause Young (Concurrent Start) (G1 Humongous Allocation) 694M->696M(1026M) 11.818ms
[2020-01-31T22:26:20.306+0300][46.017s][info ][gc] GC(377) Concurrent Cycle
[2020-01-31T22:26:20.323+0300][46.033s][debug][gc] GC(377) Reclaimed 664 empty regions
[2020-01-31T22:26:20.323+0300][46.033s][info ][gc] GC(377) Pause Remark 752M->88M(1026M) 0.599ms
[2020-01-31T22:26:20.377+0300][46.088s][info ][gc] GC(378) Pause Young (Normal) (G1 Evacuation Pause) 122M->119M(1026M) 41.618ms
[2020-01-31T22:26:20.395+0300][46.106s][info ][gc] GC(377) Pause Cleanup 160M->160M(1026M) 0.126ms
[2020-01-31T22:26:20.396+0300][46.107s][info ][gc] GC(377) Concurrent Cycle 90.376ms
[2020-01-31T22:26:20.650+0300][46.360s][info ][gc] GC(379) Pause Young (Normal) (G1 Evacuation Pause) 409M->410M(1026M) 148.612ms
[2020-01-31T22:26:20.840+0300][46.550s][info ][gc] GC(380) Pause Young (Normal) (G1 Evacuation Pause) 609M->609M(1026M) 106.093ms
[2020-01-31T22:26:20.954+0300][46.664s][info ][gc] GC(381) Pause Young (Concurrent Start) (G1 Humongous Allocation) 704M->704M(1026M) 66.176ms
[2020-01-31T22:26:20.954+0300][46.664s][info ][gc] GC(382) Concurrent Cycle
[2020-01-31T22:26:21.062+0300][46.773s][info ][gc] GC(383) Pause Young (Normal) (G1 Evacuation Pause) 791M->792M(1026M) 45.881ms
[2020-01-31T22:26:21.069+0300][46.779s][debug][gc] GC(382) Reclaimed 575 empty regions
[2020-01-31T22:26:21.069+0300][46.779s][info ][gc] GC(382) Pause Remark 805M->230M(1026M) 0.748ms
[2020-01-31T22:26:21.109+0300][46.820s][info ][gc] GC(384) Pause Young (Normal) (G1 Evacuation Pause) 257M->258M(1026M) 29.527ms
[2020-01-31T22:26:21.343+0300][47.054s][info ][gc] GC(385) Pause Young (Normal) (G1 Evacuation Pause) 505M->506M(1026M) 125.491ms
[2020-01-31T22:26:21.395+0300][47.105s][info ][gc] GC(382) Pause Cleanup 506M->506M(1026M) 0.149ms
[2020-01-31T22:26:21.395+0300][47.106s][info ][gc] GC(382) Concurrent Cycle 441.223ms
[2020-01-31T22:26:21.473+0300][47.184s][info ][gc] GC(386) Pause Young (Concurrent Start) (G1 Humongous Allocation) 536M->537M(1026M) 55.398ms
[2020-01-31T22:26:21.473+0300][47.184s][info ][gc] GC(387) Concurrent Cycle
[2020-01-31T22:26:21.510+0300][47.220s][debug][gc] GC(387) Reclaimed 469 empty regions
[2020-01-31T22:26:21.510+0300][47.220s][info ][gc] GC(387) Pause Remark 633M->164M(1026M) 0.774ms
[2020-01-31T22:26:21.616+0300][47.327s][info ][gc] GC(388) Pause Young (Normal) (G1 Evacuation Pause) 228M->209M(1026M) 77.662ms
[2020-01-31T22:26:21.634+0300][47.344s][info ][gc] GC(387) Pause Cleanup 245M->245M(1026M) 0.119ms
[2020-01-31T22:26:21.635+0300][47.345s][info ][gc] GC(387) Concurrent Cycle 160.913ms
[2020-01-31T22:26:21.854+0300][47.565s][info ][gc] GC(389) Pause Young (Normal) (G1 Evacuation Pause) 451M->451M(1026M) 133.683ms
[2020-01-31T22:26:22.007+0300][47.717s][info ][gc] GC(390) Pause Young (Concurrent Start) (G1 Humongous Allocation) 588M->589M(1026M) 83.986ms
[2020-01-31T22:26:22.007+0300][47.717s][info ][gc] GC(391) Concurrent Cycle
[2020-01-31T22:26:22.155+0300][47.865s][info ][gc] GC(392) Pause Young (Normal) (G1 Evacuation Pause) 712M->713M(1026M) 69.869ms
[2020-01-31T22:26:22.161+0300][47.871s][debug][gc] GC(391) Reclaimed 431 empty regions
[2020-01-31T22:26:22.161+0300][47.871s][info ][gc] GC(391) Pause Remark 724M->293M(1026M) 0.636ms
[2020-01-31T22:26:22.245+0300][47.955s][info ][gc] GC(393) Pause Young (Normal) (G1 Evacuation Pause) 366M->367M(1026M) 49.495ms
[2020-01-31T22:26:22.453+0300][48.164s][info ][gc] GC(394) Pause Young (Normal) (G1 Evacuation Pause) 559M->560M(1026M) 118.440ms
[2020-01-31T22:26:22.544+0300][48.255s][info ][gc] GC(391) Pause Cleanup 667M->667M(1026M) 0.116ms
[2020-01-31T22:26:22.545+0300][48.255s][info ][gc] GC(391) Concurrent Cycle 537.794ms
[2020-01-31T22:26:22.639+0300][48.350s][info ][gc] GC(395) Pause Young (Normal) (G1 Evacuation Pause) 692M->693M(1026M) 85.134ms
[2020-01-31T22:26:22.667+0300][48.378s][info ][gc] GC(396) Pause Young (Concurrent Start) (G1 Humongous Allocation) 701M->703M(1026M) 14.347ms
[2020-01-31T22:26:22.667+0300][48.378s][info ][gc] GC(397) Concurrent Cycle
[2020-01-31T22:26:22.687+0300][48.397s][debug][gc] GC(397) Reclaimed 666 empty regions
[2020-01-31T22:26:22.687+0300][48.397s][info ][gc] GC(397) Pause Remark 761M->95M(1026M) 0.724ms
[2020-01-31T22:26:22.743+0300][48.454s][info ][gc] GC(398) Pause Young (Normal) (G1 Evacuation Pause) 125M->117M(1026M) 41.313ms
[2020-01-31T22:26:22.758+0300][48.469s][info ][gc] GC(397) Pause Cleanup 146M->146M(1026M) 0.098ms
[2020-01-31T22:26:22.759+0300][48.469s][info ][gc] GC(397) Concurrent Cycle 91.532ms
[2020-01-31T22:26:23.031+0300][48.742s][info ][gc] GC(399) Pause Young (Normal) (G1 Evacuation Pause) 408M->409M(1026M) 153.268ms
[2020-01-31T22:26:23.261+0300][48.971s][info ][gc] GC(400) Pause Young (Normal) (G1 Evacuation Pause) 608M->609M(1026M) 137.314ms
[2020-01-31T22:26:23.375+0300][49.086s][info ][gc] GC(401) Pause Young (Concurrent Start) (G1 Humongous Allocation) 705M->705M(1026M) 65.127ms
[2020-01-31T22:26:23.375+0300][49.086s][info ][gc] GC(402) Concurrent Cycle
[2020-01-31T22:26:23.483+0300][49.194s][info ][gc] GC(403) Pause Young (Normal) (G1 Evacuation Pause) 792M->794M(1026M) 45.561ms
[2020-01-31T22:26:23.490+0300][49.200s][debug][gc] GC(402) Reclaimed 575 empty regions
[2020-01-31T22:26:23.490+0300][49.201s][info ][gc] GC(402) Pause Remark 807M->232M(1026M) 0.813ms
[2020-01-31T22:26:23.535+0300][49.245s][info ][gc] GC(404) Pause Young (Normal) (G1 Evacuation Pause) 259M->260M(1026M) 32.885ms
[2020-01-31T22:26:23.775+0300][49.486s][info ][gc] GC(405) Pause Young (Normal) (G1 Evacuation Pause) 506M->506M(1026M) 128.838ms
[2020-01-31T22:26:23.822+0300][49.532s][info ][gc] GC(402) Pause Cleanup 507M->507M(1026M) 0.145ms
[2020-01-31T22:26:23.826+0300][49.536s][info ][gc] GC(402) Concurrent Cycle 449.992ms
[2020-01-31T22:26:23.907+0300][49.617s][info ][gc] GC(406) Pause Young (Concurrent Start) (G1 Humongous Allocation) 538M->538M(1026M) 50.927ms
[2020-01-31T22:26:23.907+0300][49.617s][info ][gc] GC(407) Concurrent Cycle
[2020-01-31T22:26:23.943+0300][49.654s][debug][gc] GC(407) Reclaimed 469 empty regions
[2020-01-31T22:26:23.943+0300][49.654s][info ][gc] GC(407) Pause Remark 621M->152M(1026M) 0.595ms
[2020-01-31T22:26:24.052+0300][49.763s][info ][gc] GC(408) Pause Young (Normal) (G1 Evacuation Pause) 228M->209M(1026M) 74.334ms
[2020-01-31T22:26:24.065+0300][49.775s][info ][gc] GC(407) Pause Cleanup 238M->238M(1026M) 0.111ms
[2020-01-31T22:26:24.065+0300][49.776s][info ][gc] GC(407) Concurrent Cycle 158.541ms
[2020-01-31T22:26:24.288+0300][49.998s][info ][gc] GC(409) Pause Young (Normal) (G1 Evacuation Pause) 451M->452M(1026M) 135.236ms
[2020-01-31T22:26:24.448+0300][50.159s][info ][gc] GC(410) Pause Young (Concurrent Start) (G1 Humongous Allocation) 590M->590M(1026M) 88.299ms
[2020-01-31T22:26:24.448+0300][50.159s][info ][gc] GC(411) Concurrent Cycle
[2020-01-31T22:26:24.594+0300][50.304s][info ][gc] GC(412) Pause Young (Normal) (G1 Evacuation Pause) 713M->714M(1026M) 67.846ms
[2020-01-31T22:26:24.599+0300][50.310s][debug][gc] GC(411) Reclaimed 431 empty regions
[2020-01-31T22:26:24.599+0300][50.310s][info ][gc] GC(411) Pause Remark 726M->295M(1026M) 0.693ms
[2020-01-31T22:26:24.677+0300][50.387s][info ][gc] GC(413) Pause Young (Normal) (G1 Evacuation Pause) 367M->368M(1026M) 45.819ms
[2020-01-31T22:26:24.867+0300][50.578s][info ][gc] GC(414) Pause Young (Normal) (G1 Evacuation Pause) 560M->560M(1026M) 107.787ms
[2020-01-31T22:26:24.965+0300][50.676s][info ][gc] GC(411) Pause Cleanup 650M->650M(1026M) 0.140ms
[2020-01-31T22:26:24.965+0300][50.676s][info ][gc] GC(411) Concurrent Cycle 517.857ms
[2020-01-31T22:26:25.067+0300][50.778s][info ][gc] GC(415) Pause Young (Normal) (G1 Evacuation Pause) 692M->693M(1026M) 85.092ms
[2020-01-31T22:26:25.097+0300][50.807s][info ][gc] GC(416) Pause Young (Concurrent Start) (G1 Humongous Allocation) 701M->703M(1026M) 15.006ms
[2020-01-31T22:26:25.097+0300][50.807s][info ][gc] GC(417) Concurrent Cycle
[2020-01-31T22:26:25.116+0300][50.826s][debug][gc] GC(417) Reclaimed 664 empty regions
[2020-01-31T22:26:25.116+0300][50.826s][info ][gc] GC(417) Pause Remark 767M->103M(1026M) 0.754ms
[2020-01-31T22:26:25.164+0300][50.875s][info ][gc] GC(418) Pause Young (Normal) (G1 Evacuation Pause) 126M->118M(1026M) 39.516ms
[2020-01-31T22:26:25.187+0300][50.898s][info ][gc] GC(417) Pause Cleanup 166M->166M(1026M) 0.116ms
[2020-01-31T22:26:25.188+0300][50.898s][info ][gc] GC(417) Concurrent Cycle 91.334ms
[2020-01-31T22:26:25.439+0300][51.150s][info ][gc] GC(419) Pause Young (Normal) (G1 Evacuation Pause) 408M->409M(1026M) 150.858ms
[2020-01-31T22:26:25.631+0300][51.342s][info ][gc] GC(420) Pause Young (Normal) (G1 Evacuation Pause) 609M->609M(1026M) 106.711ms
[2020-01-31T22:26:25.747+0300][51.458s][info ][gc] GC(421) Pause Young (Concurrent Start) (G1 Humongous Allocation) 706M->707M(1026M) 67.309ms
[2020-01-31T22:26:25.747+0300][51.458s][info ][gc] GC(422) Concurrent Cycle
[2020-01-31T22:26:25.857+0300][51.568s][info ][gc] GC(423) Pause Young (Normal) (G1 Evacuation Pause) 793M->793M(1026M) 46.293ms
[2020-01-31T22:26:25.863+0300][51.574s][debug][gc] GC(422) Reclaimed 572 empty regions
[2020-01-31T22:26:25.863+0300][51.574s][info ][gc] GC(422) Pause Remark 805M->233M(1026M) 0.628ms
[2020-01-31T22:26:25.904+0300][51.614s][info ][gc] GC(424) Pause Young (Normal) (G1 Evacuation Pause) 261M->262M(1026M) 28.924ms
[2020-01-31T22:26:26.137+0300][51.848s][info ][gc] GC(425) Pause Young (Normal) (G1 Evacuation Pause) 507M->508M(1026M) 124.374ms
[2020-01-31T22:26:26.187+0300][51.898s][info ][gc] GC(422) Pause Cleanup 508M->508M(1026M) 0.148ms
[2020-01-31T22:26:26.188+0300][51.898s][info ][gc] GC(422) Concurrent Cycle 440.262ms
[2020-01-31T22:26:26.263+0300][51.973s][info ][gc] GC(426) Pause Young (Concurrent Start) (G1 Humongous Allocation) 541M->542M(1026M) 51.096ms
[2020-01-31T22:26:26.263+0300][51.973s][info ][gc] GC(427) Concurrent Cycle
[2020-01-31T22:26:26.301+0300][52.012s][debug][gc] GC(427) Reclaimed 466 empty regions
[2020-01-31T22:26:26.301+0300][52.012s][info ][gc] GC(427) Pause Remark 636M->170M(1026M) 0.711ms
[2020-01-31T22:26:26.398+0300][52.109s][info ][gc] GC(428) Pause Young (Normal) (G1 Evacuation Pause) 234M->215M(1026M) 68.132ms
[2020-01-31T22:26:26.418+0300][52.128s][info ][gc] GC(427) Pause Cleanup 256M->256M(1026M) 0.123ms
[2020-01-31T22:26:26.419+0300][52.129s][info ][gc] GC(427) Concurrent Cycle 155.741ms
[2020-01-31T22:26:26.634+0300][52.344s][info ][gc] GC(429) Pause Young (Normal) (G1 Evacuation Pause) 455M->456M(1026M) 133.407ms
[2020-01-31T22:26:26.786+0300][52.496s][info ][gc] GC(430) Pause Young (Concurrent Start) (G1 Humongous Allocation) 597M->598M(1026M) 81.979ms
[2020-01-31T22:26:26.786+0300][52.496s][info ][gc] GC(431) Concurrent Cycle
[2020-01-31T22:26:26.932+0300][52.642s][info ][gc] GC(432) Pause Young (Normal) (G1 Evacuation Pause) 719M->720M(1026M) 67.656ms
[2020-01-31T22:26:26.938+0300][52.648s][debug][gc] GC(431) Reclaimed 431 empty regions
[2020-01-31T22:26:26.938+0300][52.648s][info ][gc] GC(431) Pause Remark 731M->300M(1026M) 0.672ms
[2020-01-31T22:26:27.016+0300][52.726s][info ][gc] GC(433) Pause Young (Normal) (G1 Evacuation Pause) 371M->372M(1026M) 47.065ms
[2020-01-31T22:26:27.206+0300][52.916s][info ][gc] GC(434) Pause Young (Normal) (G1 Evacuation Pause) 563M->564M(1026M) 107.684ms
[2020-01-31T22:26:27.306+0300][53.017s][info ][gc] GC(431) Pause Cleanup 666M->666M(1026M) 0.136ms
[2020-01-31T22:26:27.307+0300][53.018s][info ][gc] GC(431) Concurrent Cycle 521.606ms
[2020-01-31T22:26:27.401+0300][53.112s][info ][gc] GC(435) Pause Young (Normal) (G1 Evacuation Pause) 695M->696M(1026M) 83.354ms
[2020-01-31T22:26:27.436+0300][53.147s][info ][gc] GC(436) Pause Young (Concurrent Start) (G1 Humongous Allocation) 710M->711M(1026M) 17.954ms
[2020-01-31T22:26:27.436+0300][53.147s][info ][gc] GC(437) Concurrent Cycle
[2020-01-31T22:26:27.458+0300][53.169s][debug][gc] GC(437) Reclaimed 663 empty regions
[2020-01-31T22:26:27.458+0300][53.169s][info ][gc] GC(437) Pause Remark 781M->118M(1026M) 0.636ms
[2020-01-31T22:26:27.502+0300][53.213s][info ][gc] GC(438) Pause Young (Normal) (G1 Evacuation Pause) 133M->123M(1026M) 37.894ms
[2020-01-31T22:26:27.530+0300][53.241s][info ][gc] GC(437) Pause Cleanup 173M->173M(1026M) 0.110ms
[2020-01-31T22:26:27.531+0300][53.241s][info ][gc] GC(437) Concurrent Cycle 94.648ms
[2020-01-31T22:26:27.772+0300][53.482s][info ][gc] GC(439) Pause Young (Normal) (G1 Evacuation Pause) 412M->413M(1026M) 147.139ms
[2020-01-31T22:26:27.960+0300][53.670s][info ][gc] GC(440) Pause Young (Normal) (G1 Evacuation Pause) 611M->611M(1026M) 104.190ms
[2020-01-31T22:26:28.064+0300][53.775s][info ][gc] GC(441) Pause Young (Concurrent Start) (G1 Evacuation Pause) 707M->708M(1026M) 66.326ms
[2020-01-31T22:26:28.064+0300][53.775s][info ][gc] GC(442) Concurrent Cycle
[2020-01-31T22:26:28.172+0300][53.883s][info ][gc] GC(443) Pause Young (Normal) (G1 Evacuation Pause) 794M->795M(1026M) 45.140ms
[2020-01-31T22:26:28.217+0300][53.928s][info ][gc] GC(444) Pause Young (Normal) (G1 Evacuation Pause) 835M->836M(1026M) 28.385ms
[2020-01-31T22:26:28.276+0300][53.987s][info ][gc] GC(445) Pause Young (Normal) (G1 Evacuation Pause) 900M->901M(1026M) 29.562ms
[2020-01-31T22:26:28.281+0300][53.992s][debug][gc] GC(442) Reclaimed 535 empty regions
[2020-01-31T22:26:28.281+0300][53.992s][info ][gc] GC(442) Pause Remark 909M->374M(1026M) 0.765ms
[2020-01-31T22:26:28.338+0300][54.048s][info ][gc] GC(446) Pause Young (Normal) (G1 Evacuation Pause) 410M->410M(1026M) 40.205ms
[2020-01-31T22:26:28.561+0300][54.272s][info ][gc] GC(447) Pause Young (Normal) (G1 Evacuation Pause) 609M->610M(1026M) 127.456ms
[2020-01-31T22:26:28.729+0300][54.439s][info ][gc] GC(448) Pause Young (Normal) (G1 Evacuation Pause) 707M->708M(1026M) 78.841ms
[2020-01-31T22:26:28.863+0300][54.573s][info ][gc] GC(449) Pause Young (Normal) (G1 Evacuation Pause) 794M->794M(1026M) 62.615ms
[2020-01-31T22:26:28.873+0300][54.584s][info ][gc] GC(442) Pause Cleanup 795M->795M(1026M) 0.183ms
[2020-01-31T22:26:28.874+0300][54.584s][info ][gc] GC(442) Concurrent Cycle 809.286ms
[2020-01-31T22:26:28.935+0300][54.646s][info ][gc] GC(450) Pause Young (Normal) (G1 Evacuation Pause) 834M->836M(1026M) 45.383ms
[2020-01-31T22:26:28.972+0300][54.683s][info ][gc] GC(451) Pause Young (Concurrent Start) (G1 Humongous Allocation) 859M->860M(1026M) 17.555ms
[2020-01-31T22:26:28.972+0300][54.683s][info ][gc] GC(452) Concurrent Cycle
[2020-01-31T22:26:29.022+0300][54.733s][info ][gc] GC(453) Pause Young (Normal) (G1 Evacuation Pause) 924M->925M(1026M) 30.132ms
[2020-01-31T22:26:29.025+0300][54.735s][debug][gc] GC(452) Reclaimed 813 empty regions
[2020-01-31T22:26:29.025+0300][54.735s][info ][gc] GC(452) Pause Remark 929M->116M(1026M) 0.697ms
[2020-01-31T22:26:29.071+0300][54.781s][info ][gc] GC(454) Pause Young (Normal) (G1 Evacuation Pause) 156M->157M(1026M) 29.219ms
[2020-01-31T22:26:29.125+0300][54.836s][info ][gc] GC(452) Pause Cleanup 278M->278M(1026M) 0.123ms
[2020-01-31T22:26:29.126+0300][54.837s][info ][gc] GC(452) Concurrent Cycle 154.257ms
[2020-01-31T22:26:29.325+0300][55.036s][info ][gc] GC(455) Pause Young (Normal) (G1 Evacuation Pause) 435M->435M(1026M) 134.950ms
[2020-01-31T22:26:29.509+0300][55.219s][info ][gc] GC(456) Pause Young (Normal) (G1 Evacuation Pause) 626M->627M(1026M) 100.735ms
[2020-01-31T22:26:29.609+0300][55.319s][info ][gc] GC(457) Pause Young (Concurrent Start) (G1 Evacuation Pause) 718M->719M(1026M) 63.901ms
[2020-01-31T22:26:29.609+0300][55.319s][info ][gc] GC(458) Concurrent Cycle
[2020-01-31T22:26:29.712+0300][55.423s][info ][gc] GC(459) Pause Young (Normal) (G1 Evacuation Pause) 802M->803M(1026M) 43.102ms
[2020-01-31T22:26:29.760+0300][55.470s][info ][gc] GC(460) Pause Young (Normal) (G1 Evacuation Pause) 844M->845M(1026M) 28.277ms
[2020-01-31T22:26:29.818+0300][55.529s][info ][gc] GC(461) Pause Young (Normal) (G1 Evacuation Pause) 909M->909M(1026M) 29.387ms
[2020-01-31T22:26:29.829+0300][55.540s][debug][gc] GC(458) Reclaimed 548 empty regions
[2020-01-31T22:26:29.829+0300][55.540s][info ][gc] GC(458) Pause Remark 933M->385M(1026M) 0.834ms
[2020-01-31T22:26:29.866+0300][55.577s][info ][gc] GC(462) Pause Young (Normal) (G1 Evacuation Pause) 405M->406M(1026M) 29.111ms
[2020-01-31T22:26:30.062+0300][55.773s][info ][gc] GC(463) Pause Young (Normal) (G1 Evacuation Pause) 607M->607M(1026M) 105.788ms
[2020-01-31T22:26:30.232+0300][55.943s][info ][gc] GC(464) Pause Young (Normal) (G1 Evacuation Pause) 704M->705M(1026M) 77.328ms
[2020-01-31T22:26:30.353+0300][56.063s][info ][gc] GC(465) Pause Young (Normal) (G1 Evacuation Pause) 792M->793M(1026M) 65.349ms
[2020-01-31T22:26:30.387+0300][56.097s][info ][gc] GC(458) Pause Cleanup 816M->816M(1026M) 0.173ms
[2020-01-31T22:26:30.388+0300][56.098s][info ][gc] GC(458) Concurrent Cycle 778.818ms
[2020-01-31T22:26:30.438+0300][56.149s][info ][gc] GC(466) Pause Young (Normal) (G1 Evacuation Pause) 833M->834M(1026M) 43.721ms
[2020-01-31T22:26:30.475+0300][56.186s][info ][gc] GC(467) Pause Young (Concurrent Start) (G1 Humongous Allocation) 856M->857M(1026M) 17.149ms
[2020-01-31T22:26:30.475+0300][56.186s][info ][gc] GC(468) Concurrent Cycle
[2020-01-31T22:26:30.524+0300][56.235s][info ][gc] GC(469) Pause Young (Normal) (G1 Evacuation Pause) 921M->922M(1026M) 29.085ms
[2020-01-31T22:26:30.526+0300][56.237s][debug][gc] GC(468) Reclaimed 810 empty regions
[2020-01-31T22:26:30.526+0300][56.237s][info ][gc] GC(468) Pause Remark 924M->114M(1026M) 0.733ms
[2020-01-31T22:26:30.574+0300][56.284s][info ][gc] GC(470) Pause Young (Normal) (G1 Evacuation Pause) 156M->157M(1026M) 29.984ms
[2020-01-31T22:26:30.626+0300][56.337s][info ][gc] GC(468) Pause Cleanup 284M->284M(1026M) 0.118ms
[2020-01-31T22:26:30.627+0300][56.338s][info ][gc] GC(468) Concurrent Cycle 152.351ms
[2020-01-31T22:26:30.826+0300][56.537s][info ][gc] GC(471) Pause Young (Normal) (G1 Evacuation Pause) 435M->436M(1026M) 136.655ms
[2020-01-31T22:26:31.011+0300][56.722s][info ][gc] GC(472) Pause Young (Normal) (G1 Evacuation Pause) 627M->627M(1026M) 101.357ms
[2020-01-31T22:26:31.110+0300][56.821s][info ][gc] GC(473) Pause Young (Concurrent Start) (G1 Evacuation Pause) 718M->719M(1026M) 62.542ms
[2020-01-31T22:26:31.110+0300][56.821s][info ][gc] GC(474) Concurrent Cycle
[2020-01-31T22:26:31.213+0300][56.924s][info ][gc] GC(475) Pause Young (Normal) (G1 Evacuation Pause) 802M->803M(1026M) 43.066ms
[2020-01-31T22:26:31.259+0300][56.970s][info ][gc] GC(476) Pause Young (Normal) (G1 Evacuation Pause) 844M->844M(1026M) 29.270ms
[2020-01-31T22:26:31.319+0300][57.029s][info ][gc] GC(477) Pause Young (Normal) (G1 Evacuation Pause) 908M->910M(1026M) 29.519ms
[2020-01-31T22:26:31.331+0300][57.041s][debug][gc] GC(474) Reclaimed 546 empty regions
[2020-01-31T22:26:31.331+0300][57.042s][info ][gc] GC(474) Pause Remark 923M->377M(1026M) 0.791ms
[2020-01-31T22:26:31.395+0300][57.106s][info ][gc] GC(478) Pause Young (Normal) (G1 Evacuation Pause) 408M->409M(1026M) 31.680ms
[2020-01-31T22:26:31.588+0300][57.298s][info ][gc] GC(479) Pause Young (Normal) (G1 Evacuation Pause) 608M->609M(1026M) 104.198ms
[2020-01-31T22:26:31.756+0300][57.467s][info ][gc] GC(480) Pause Young (Normal) (G1 Evacuation Pause) 706M->707M(1026M) 80.454ms
[2020-01-31T22:26:31.884+0300][57.594s][info ][gc] GC(481) Pause Young (Normal) (G1 Evacuation Pause) 793M->794M(1026M) 64.771ms
[2020-01-31T22:26:31.893+0300][57.603s][info ][gc] GC(474) Pause Cleanup 794M->794M(1026M) 0.172ms
[2020-01-31T22:26:31.893+0300][57.604s][info ][gc] GC(474) Concurrent Cycle 782.384ms
[2020-01-31T22:26:31.955+0300][57.666s][info ][gc] GC(482) Pause Young (Normal) (G1 Evacuation Pause) 834M->835M(1026M) 45.896ms
[2020-01-31T22:26:31.996+0300][57.706s][info ][gc] GC(483) Pause Young (Concurrent Start) (G1 Humongous Allocation) 860M->862M(1026M) 20.188ms
[2020-01-31T22:26:31.996+0300][57.706s][info ][gc] GC(484) Concurrent Cycle
[2020-01-31T22:26:32.046+0300][57.756s][info ][gc] GC(485) Pause Young (Normal) (G1 Evacuation Pause) 926M->927M(1026M) 29.538ms
[2020-01-31T22:26:32.049+0300][57.759s][debug][gc] GC(484) Reclaimed 804 empty regions
[2020-01-31T22:26:32.049+0300][57.759s][info ][gc] GC(484) Pause Remark 933M->129M(1026M) 0.679ms
[2020-01-31T22:26:32.094+0300][57.805s][info ][gc] GC(486) Pause Young (Normal) (G1 Evacuation Pause) 167M->167M(1026M) 28.786ms
[2020-01-31T22:26:32.152+0300][57.863s][info ][gc] GC(484) Pause Cleanup 303M->303M(1026M) 0.122ms
[2020-01-31T22:26:32.153+0300][57.864s][info ][gc] GC(484) Concurrent Cycle 157.515ms
[2020-01-31T22:26:32.345+0300][58.055s][info ][gc] GC(487) Pause Young (Normal) (G1 Evacuation Pause) 442M->443M(1026M) 134.249ms
[2020-01-31T22:26:32.536+0300][58.246s][info ][gc] GC(488) Pause Young (Normal) (G1 Evacuation Pause) 632M->632M(1026M) 106.930ms
[2020-01-31T22:26:32.632+0300][58.343s][info ][gc] GC(489) Pause Young (Concurrent Start) (G1 Evacuation Pause) 722M->723M(1026M) 61.040ms
[2020-01-31T22:26:32.632+0300][58.343s][info ][gc] GC(490) Concurrent Cycle
[2020-01-31T22:26:32.734+0300][58.444s][info ][gc] GC(491) Pause Young (Normal) (G1 Evacuation Pause) 804M->805M(1026M) 42.235ms
[2020-01-31T22:26:32.782+0300][58.492s][info ][gc] GC(492) Pause Young (Normal) (G1 Evacuation Pause) 846M->847M(1026M) 28.265ms
[2020-01-31T22:26:32.841+0300][58.552s][info ][gc] GC(493) Pause Young (Normal) (G1 Evacuation Pause) 911M->912M(1026M) 30.374ms
[2020-01-31T22:26:32.843+0300][58.554s][debug][gc] GC(490) Reclaimed 548 empty regions
[2020-01-31T22:26:32.843+0300][58.554s][info ][gc] GC(490) Pause Remark 913M->365M(1026M) 0.654ms
[2020-01-31T22:26:32.888+0300][58.599s][info ][gc] GC(494) Pause Young (Normal) (G1 Evacuation Pause) 408M->409M(1026M) 28.623ms
[2020-01-31T22:26:33.071+0300][58.782s][info ][gc] GC(495) Pause Young (Normal) (G1 Evacuation Pause) 588M->589M(1026M) 105.446ms
[2020-01-31T22:26:33.250+0300][58.960s][info ][gc] GC(496) Pause Young (Normal) (G1 Evacuation Pause) 712M->713M(1026M) 81.994ms
[2020-01-31T22:26:33.372+0300][59.083s][info ][gc] GC(497) Pause Young (Normal) (G1 Evacuation Pause) 797M->798M(1026M) 65.489ms
[2020-01-31T22:26:33.398+0300][59.109s][info ][gc] GC(490) Pause Cleanup 798M->798M(1026M) 0.177ms
[2020-01-31T22:26:33.399+0300][59.110s][info ][gc] GC(490) Concurrent Cycle 766.974ms
[2020-01-31T22:26:33.462+0300][59.173s][info ][gc] GC(498) Pause Young (Normal) (G1 Evacuation Pause) 839M->840M(1026M) 44.150ms
[2020-01-31T22:26:33.504+0300][59.215s][info ][gc] GC(499) Pause Young (Concurrent Start) (G1 Humongous Allocation) 868M->869M(1026M) 19.781ms
[2020-01-31T22:26:33.504+0300][59.215s][info ][gc] GC(500) Concurrent Cycle
[2020-01-31T22:26:33.555+0300][59.266s][info ][gc] GC(501) Pause Young (Normal) (G1 Evacuation Pause) 933M->933M(1026M) 29.044ms
[2020-01-31T22:26:33.560+0300][59.270s][debug][gc] GC(500) Reclaimed 808 empty regions
[2020-01-31T22:26:33.560+0300][59.270s][info ][gc] GC(500) Pause Remark 941M->133M(1026M) 0.958ms
[2020-01-31T22:26:33.603+0300][59.314s][info ][gc] GC(502) Pause Young (Normal) (G1 Evacuation Pause) 169M->170M(1026M) 28.972ms
[2020-01-31T22:26:33.665+0300][59.375s][info ][gc] GC(500) Pause Cleanup 313M->313M(1026M) 0.128ms
[2020-01-31T22:26:33.666+0300][59.376s][info ][gc] GC(500) Concurrent Cycle 160.799ms
[2020-01-31T22:26:33.855+0300][59.565s][info ][gc] GC(503) Pause Young (Normal) (G1 Evacuation Pause) 444M->445M(1026M) 134.751ms
[2020-01-31T22:26:34.035+0300][59.745s][info ][gc] GC(504) Pause Young (Normal) (G1 Evacuation Pause) 633M->633M(1026M) 98.663ms
[2020-01-31T22:26:34.131+0300][59.842s][info ][gc] GC(505) Pause Young (Concurrent Start) (G1 Evacuation Pause) 722M->723M(1026M) 61.473ms
[2020-01-31T22:26:34.131+0300][59.842s][info ][gc] GC(506) Concurrent Cycle
[2020-01-31T22:26:34.232+0300][59.942s][info ][gc] GC(507) Pause Young (Normal) (G1 Evacuation Pause) 804M->805M(1026M) 41.671ms
[2020-01-31T22:26:34.278+0300][59.989s][info ][gc] GC(508) Pause Young (Normal) (G1 Evacuation Pause) 846M->847M(1026M) 28.893ms
[2020-01-31T22:26:34.307+0300][60.018s][debug][gc] GC(506) Reclaimed 551 empty regions
[2020-01-31T22:26:34.307+0300][60.018s][info ][gc] GC(506) Pause Remark 907M->356M(1026M) 0.649ms
[2020-01-31T22:26:34.340+0300][60.050s][info ][gc] GC(509) Pause Young (Normal) (G1 Evacuation Pause) 360M->361M(1026M) 30.742ms
[2020-01-31T22:26:34.533+0300][60.244s][info ][gc] GC(510) Pause Young (Normal) (G1 Evacuation Pause) 556M->556M(1026M) 109.601ms
[2020-01-31T22:26:34.718+0300][60.429s][info ][gc] GC(511) Pause Young (Normal) (G1 Evacuation Pause) 689M->690M(1026M) 88.733ms
[2020-01-31T22:26:34.771+0300][60.482s][info ][gc] GC(506) Pause Cleanup 711M->711M(1026M) 0.159ms
[2020-01-31T22:26:34.772+0300][60.483s][info ][gc] GC(506) Concurrent Cycle 640.810ms
[2020-01-31T22:26:34.832+0300][60.543s][info ][gc] GC(512) Pause Young (Concurrent Start) (G1 Humongous Allocation) 730M->731M(1026M) 42.814ms
[2020-01-31T22:26:34.832+0300][60.543s][info ][gc] GC(513) Concurrent Cycle
[2020-01-31T22:26:34.901+0300][60.611s][info ][gc] GC(514) Pause Young (Normal) (G1 Evacuation Pause) 810M->811M(1026M) 39.236ms
[2020-01-31T22:26:34.907+0300][60.618s][debug][gc] GC(513) Reclaimed 648 empty regions
[2020-01-31T22:26:34.907+0300][60.618s][info ][gc] GC(513) Pause Remark 825M->177M(1026M) 0.782ms
[2020-01-31T22:26:34.949+0300][60.659s][info ][gc] GC(515) Pause Young (Normal) (G1 Evacuation Pause) 205M->206M(1026M) 29.466ms
[2020-01-31T22:26:35.040+0300][60.750s][info ][gc] GC(513) Pause Cleanup 412M->412M(1026M) 0.123ms
[2020-01-31T22:26:35.041+0300][60.751s][info ][gc] GC(513) Concurrent Cycle 208.264ms
[2020-01-31T22:26:35.191+0300][60.901s][info ][gc] GC(516) Pause Young (Normal) (G1 Evacuation Pause) 469M->470M(1026M) 128.024ms
[2020-01-31T22:26:35.238+0300][60.948s][info ][gc] GC(517) Pause Young (Concurrent Start) (G1 Humongous Allocation) 490M->492M(1026M) 27.581ms
[2020-01-31T22:26:35.238+0300][60.948s][info ][gc] GC(518) Concurrent Cycle
[2020-01-31T22:26:35.269+0300][60.980s][debug][gc] GC(518) Reclaimed 416 empty regions
[2020-01-31T22:26:35.269+0300][60.980s][info ][gc] GC(518) Pause Remark 585M->169M(1026M) 0.601ms
[2020-01-31T22:26:35.386+0300][61.097s][info ][gc] GC(519) Pause Young (Normal) (G1 Evacuation Pause) 250M->229M(1026M) 81.163ms
[2020-01-31T22:26:35.399+0300][61.109s][info ][gc] GC(518) Pause Cleanup 229M->229M(1026M) 0.140ms
[2020-01-31T22:26:35.400+0300][61.110s][info ][gc] GC(518) Concurrent Cycle 161.312ms
[2020-01-31T22:26:35.643+0300][61.354s][info ][gc] GC(520) Pause Young (Normal) (G1 Evacuation Pause) 485M->486M(1026M) 135.338ms
[2020-01-31T22:26:35.772+0300][61.482s][info ][gc] GC(521) Pause Young (Concurrent Start) (G1 Humongous Allocation) 595M->595M(1026M) 75.115ms
[2020-01-31T22:26:35.772+0300][61.482s][info ][gc] GC(522) Concurrent Cycle
[2020-01-31T22:26:35.912+0300][61.623s][info ][gc] GC(523) Pause Young (Normal) (G1 Evacuation Pause) 716M->717M(1026M) 67.972ms
[2020-01-31T22:26:35.918+0300][61.629s][debug][gc] GC(522) Reclaimed 431 empty regions
[2020-01-31T22:26:35.918+0300][61.629s][info ][gc] GC(522) Pause Remark 729M->298M(1026M) 0.635ms
[2020-01-31T22:26:35.997+0300][61.708s][info ][gc] GC(524) Pause Young (Normal) (G1 Evacuation Pause) 369M->370M(1026M) 47.722ms
[2020-01-31T22:26:36.188+0300][61.899s][info ][gc] GC(525) Pause Young (Normal) (G1 Evacuation Pause) 562M->562M(1026M) 108.913ms
[2020-01-31T22:26:36.278+0300][61.989s][info ][gc] GC(522) Pause Cleanup 675M->675M(1026M) 0.149ms
[2020-01-31T22:26:36.279+0300][61.989s][info ][gc] GC(522) Concurrent Cycle 507.381ms
[2020-01-31T22:26:36.373+0300][62.084s][info ][gc] GC(526) Pause Young (Normal) (G1 Evacuation Pause) 694M->695M(1026M) 87.844ms
[2020-01-31T22:26:36.411+0300][62.122s][info ][gc] GC(527) Pause Young (Concurrent Start) (G1 Humongous Allocation) 706M->707M(1026M) 22.191ms
[2020-01-31T22:26:36.411+0300][62.122s][info ][gc] GC(528) Concurrent Cycle
[2020-01-31T22:26:36.432+0300][62.143s][debug][gc] GC(528) Reclaimed 652 empty regions
[2020-01-31T22:26:36.432+0300][62.143s][info ][gc] GC(528) Pause Remark 772M->120M(1026M) 0.636ms
[2020-01-31T22:26:36.479+0300][62.190s][info ][gc] GC(529) Pause Young (Normal) (G1 Evacuation Pause) 141M->132M(1026M) 37.973ms
[2020-01-31T22:26:36.503+0300][62.213s][info ][gc] GC(528) Pause Cleanup 181M->181M(1026M) 0.121ms
[2020-01-31T22:26:36.503+0300][62.214s][info ][gc] GC(528) Concurrent Cycle 91.619ms
[2020-01-31T22:26:36.743+0300][62.454s][info ][gc] GC(530) Pause Young (Normal) (G1 Evacuation Pause) 418M->419M(1026M) 142.551ms
[2020-01-31T22:26:36.931+0300][62.642s][info ][gc] GC(531) Pause Young (Normal) (G1 Evacuation Pause) 615M->616M(1026M) 103.792ms
[2020-01-31T22:26:37.036+0300][62.746s][info ][gc] GC(532) Pause Young (Concurrent Start) (G1 Evacuation Pause) 711M->712M(1026M) 67.035ms
[2020-01-31T22:26:37.036+0300][62.746s][info ][gc] GC(533) Concurrent Cycle
[2020-01-31T22:26:37.143+0300][62.854s][info ][gc] GC(534) Pause Young (Normal) (G1 Evacuation Pause) 797M->798M(1026M) 44.206ms
[2020-01-31T22:26:37.188+0300][62.899s][info ][gc] GC(535) Pause Young (Normal) (G1 Evacuation Pause) 839M->840M(1026M) 28.365ms
[2020-01-31T22:26:37.215+0300][62.925s][debug][gc] GC(533) Reclaimed 533 empty regions
[2020-01-31T22:26:37.215+0300][62.925s][info ][gc] GC(533) Pause Remark 895M->362M(1026M) 0.760ms
[2020-01-31T22:26:37.249+0300][62.959s][info ][gc] GC(536) Pause Young (Normal) (G1 Evacuation Pause) 371M->372M(1026M) 30.322ms
[2020-01-31T22:26:37.438+0300][63.149s][info ][gc] GC(537) Pause Young (Normal) (G1 Evacuation Pause) 563M->563M(1026M) 107.497ms
[2020-01-31T22:26:37.628+0300][63.338s][info ][gc] GC(538) Pause Young (Normal) (G1 Evacuation Pause) 694M->695M(1026M) 91.955ms
[2020-01-31T22:26:37.685+0300][63.395s][info ][gc] GC(533) Pause Cleanup 763M->763M(1026M) 0.158ms
[2020-01-31T22:26:37.685+0300][63.396s][info ][gc] GC(533) Concurrent Cycle 649.372ms
[2020-01-31T22:26:37.760+0300][63.470s][info ][gc] GC(539) Pause Young (Normal) (G1 Evacuation Pause) 785M->786M(1026M) 66.378ms
[2020-01-31T22:26:37.808+0300][63.518s][info ][gc] GC(540) Pause Young (Concurrent Start) (G1 Evacuation Pause) 828M->828M(1026M) 30.781ms
[2020-01-31T22:26:37.808+0300][63.518s][info ][gc] GC(541) Concurrent Cycle
[2020-01-31T22:26:37.868+0300][63.579s][info ][gc] GC(542) Pause Young (Normal) (G1 Evacuation Pause) 892M->893M(1026M) 30.561ms
[2020-01-31T22:26:37.917+0300][63.628s][info ][gc] GC(543) Pause Young (Normal) (G1 Evacuation Pause) 937M->938M(1026M) 28.522ms
[2020-01-31T22:26:37.975+0300][63.686s][info ][gc] GC(544) To-space exhausted
[2020-01-31T22:26:37.975+0300][63.686s][info ][gc] GC(544) Pause Young (Normal) (G1 Evacuation Pause) 982M->988M(1026M) 39.960ms
[2020-01-31T22:26:38.036+0300][63.746s][info ][gc] GC(545) To-space exhausted
[2020-01-31T22:26:38.036+0300][63.747s][info ][gc] GC(545) Pause Young (Normal) (G1 Humongous Allocation) 1011M->1015M(1026M) 40.255ms
[2020-01-31T22:26:38.037+0300][63.747s][debug][gc] GC(546) Clear Next Bitmap 0.436ms
[2020-01-31T22:26:38.043+0300][63.753s][info ][gc] GC(546) Pause Full (G1 Humongous Allocation) 1015M->2M(1026M) 6.735ms
[2020-01-31T22:26:38.043+0300][63.754s][info ][gc] GC(541) Concurrent Cycle 235.450ms
[2020-01-31T22:26:38.340+0300][64.050s][info ][gc] GC(547) Pause Young (Normal) (G1 Evacuation Pause) 351M->351M(1026M) 159.807ms
[2020-01-31T22:26:38.551+0300][64.261s][info ][gc] GC(548) Pause Young (Normal) (G1 Evacuation Pause) 569M->570M(1026M) 118.309ms
[2020-01-31T22:26:38.674+0300][64.385s][info ][gc] GC(549) Pause Young (Concurrent Start) (G1 Humongous Allocation) 676M->677M(1026M) 71.223ms
[2020-01-31T22:26:38.674+0300][64.385s][info ][gc] GC(550) Concurrent Cycle
[2020-01-31T22:26:38.796+0300][64.506s][info ][gc] GC(551) Pause Young (Normal) (G1 Evacuation Pause) 773M->774M(1026M) 51.169ms
[2020-01-31T22:26:38.802+0300][64.513s][debug][gc] GC(550) Reclaimed 541 empty regions
[2020-01-31T22:26:38.802+0300][64.513s][info ][gc] GC(550) Pause Remark 779M->238M(1026M) 0.622ms
[2020-01-31T22:26:38.864+0300][64.575s][info ][gc] GC(552) Pause Young (Normal) (G1 Evacuation Pause) 298M->299M(1026M) 34.188ms
[2020-01-31T22:26:39.077+0300][64.788s][info ][gc] GC(553) Pause Young (Normal) (G1 Evacuation Pause) 513M->514M(1026M) 121.554ms
[2020-01-31T22:26:39.141+0300][64.851s][info ][gc] GC(550) Pause Cleanup 543M->543M(1026M) 0.123ms
[2020-01-31T22:26:39.142+0300][64.852s][info ][gc] GC(550) Concurrent Cycle 467.104ms
[2020-01-31T22:26:39.201+0300][64.912s][info ][gc] GC(554) Pause Young (Concurrent Start) (G1 Humongous Allocation) 543M->544M(1026M) 50.157ms
[2020-01-31T22:26:39.201+0300][64.912s][info ][gc] GC(555) Concurrent Cycle
[2020-01-31T22:26:39.236+0300][64.946s][debug][gc] GC(555) Reclaimed 485 empty regions
[2020-01-31T22:26:39.236+0300][64.946s][info ][gc] GC(555) Pause Remark 644M->159M(1026M) 0.592ms
[2020-01-31T22:26:39.330+0300][65.040s][info ][gc] GC(556) Pause Young (Normal) (G1 Evacuation Pause) 216M->197M(1026M) 67.438ms
[2020-01-31T22:26:39.349+0300][65.059s][info ][gc] GC(555) Pause Cleanup 229M->229M(1026M) 0.113ms
[2020-01-31T22:26:39.350+0300][65.060s][info ][gc] GC(555) Concurrent Cycle 148.236ms
[2020-01-31T22:26:39.579+0300][65.290s][info ][gc] GC(557) Pause Young (Normal) (G1 Evacuation Pause) 442M->443M(1026M) 132.993ms
[2020-01-31T22:26:39.760+0300][65.470s][info ][gc] GC(558) Pause Young (Normal) (G1 Evacuation Pause) 632M->632M(1026M) 98.665ms
[2020-01-31T22:26:39.862+0300][65.572s][info ][gc] GC(559) Pause Young (Concurrent Start) (G1 Humongous Allocation) 715M->715M(1026M) 57.849ms
[2020-01-31T22:26:39.862+0300][65.572s][info ][gc] GC(560) Concurrent Cycle
[2020-01-31T22:26:39.959+0300][65.670s][info ][gc] GC(561) Pause Young (Normal) (G1 Evacuation Pause) 798M->799M(1026M) 42.467ms
[2020-01-31T22:26:39.965+0300][65.676s][debug][gc] GC(560) Reclaimed 606 empty regions
[2020-01-31T22:26:39.965+0300][65.676s][info ][gc] GC(560) Pause Remark 812M->206M(1026M) 0.664ms
[2020-01-31T22:26:40.007+0300][65.718s][info ][gc] GC(562) Pause Young (Normal) (G1 Evacuation Pause) 234M->235M(1026M) 30.562ms
[2020-01-31T22:26:40.246+0300][65.956s][info ][gc] GC(563) Pause Young (Normal) (G1 Evacuation Pause) 489M->490M(1026M) 128.744ms
[2020-01-31T22:26:40.280+0300][65.991s][info ][gc] GC(560) Pause Cleanup 490M->490M(1026M) 0.137ms
[2020-01-31T22:26:40.281+0300][65.991s][info ][gc] GC(560) Concurrent Cycle 419.431ms
[2020-01-31T22:26:40.357+0300][66.067s][info ][gc] GC(564) Pause Young (Concurrent Start) (G1 Humongous Allocation) 516M->517M(1026M) 53.969ms
[2020-01-31T22:26:40.357+0300][66.067s][info ][gc] GC(565) Concurrent Cycle
[2020-01-31T22:26:40.391+0300][66.101s][debug][gc] GC(565) Reclaimed 458 empty regions
[2020-01-31T22:26:40.391+0300][66.101s][info ][gc] GC(565) Pause Remark 615M->157M(1026M) 0.814ms
[2020-01-31T22:26:40.493+0300][66.204s][info ][gc] GC(566) Pause Young (Normal) (G1 Evacuation Pause) 224M->204M(1026M) 73.106ms
[2020-01-31T22:26:40.513+0300][66.223s][info ][gc] GC(565) Pause Cleanup 204M->204M(1026M) 0.110ms
[2020-01-31T22:26:40.514+0300][66.224s][info ][gc] GC(565) Concurrent Cycle 156.846ms
[2020-01-31T22:26:40.762+0300][66.472s][info ][gc] GC(567) Pause Young (Normal) (G1 Evacuation Pause) 467M->467M(1026M) 137.637ms
[2020-01-31T22:26:40.923+0300][66.634s][info ][gc] GC(568) Pause Young (Normal) (G1 Evacuation Pause) 628M->630M(1026M) 95.039ms
[2020-01-31T22:26:41.027+0300][66.737s][info ][gc] GC(569) Pause Young (Concurrent Start) (G1 Humongous Allocation) 714M->715M(1026M) 58.961ms
[2020-01-31T22:26:41.027+0300][66.737s][info ][gc] GC(570) Concurrent Cycle
[2020-01-31T22:26:41.126+0300][66.837s][info ][gc] GC(571) Pause Young (Normal) (G1 Evacuation Pause) 799M->799M(1026M) 42.870ms
[2020-01-31T22:26:41.133+0300][66.843s][debug][gc] GC(570) Reclaimed 603 empty regions
[2020-01-31T22:26:41.133+0300][66.843s][info ][gc] GC(570) Pause Remark 812M->209M(1026M) 0.693ms
[2020-01-31T22:26:41.174+0300][66.885s][info ][gc] GC(572) Pause Young (Normal) (G1 Evacuation Pause) 237M->238M(1026M) 30.383ms
[2020-01-31T22:26:41.409+0300][67.119s][info ][gc] GC(573) Pause Young (Normal) (G1 Evacuation Pause) 491M->491M(1026M) 125.199ms
[2020-01-31T22:26:41.455+0300][67.166s][info ][gc] GC(570) Pause Cleanup 492M->492M(1026M) 0.145ms
[2020-01-31T22:26:41.455+0300][67.166s][info ][gc] GC(570) Concurrent Cycle 428.943ms
[2020-01-31T22:26:41.529+0300][67.240s][info ][gc] GC(574) Pause Young (Concurrent Start) (G1 Humongous Allocation) 518M->518M(1026M) 49.003ms
[2020-01-31T22:26:41.529+0300][67.240s][info ][gc] GC(575) Concurrent Cycle
[2020-01-31T22:26:41.564+0300][67.274s][debug][gc] GC(575) Reclaimed 458 empty regions
[2020-01-31T22:26:41.564+0300][67.274s][info ][gc] GC(575) Pause Remark 618M->160M(1026M) 0.614ms
[2020-01-31T22:26:41.665+0300][67.376s][info ][gc] GC(576) Pause Young (Normal) (G1 Evacuation Pause) 225M->205M(1026M) 72.501ms
[2020-01-31T22:26:41.680+0300][67.391s][info ][gc] GC(575) Pause Cleanup 206M->206M(1026M) 0.104ms
[2020-01-31T22:26:41.681+0300][67.391s][info ][gc] GC(575) Concurrent Cycle 151.708ms
[2020-01-31T22:26:41.937+0300][67.647s][info ][gc] GC(577) Pause Young (Normal) (G1 Evacuation Pause) 468M->469M(1026M) 135.252ms
[2020-01-31T22:26:42.098+0300][67.809s][info ][gc] GC(578) Pause Young (Normal) (G1 Evacuation Pause) 629M->630M(1026M) 94.864ms
[2020-01-31T22:26:42.201+0300][67.912s][info ][gc] GC(579) Pause Young (Concurrent Start) (G1 Humongous Allocation) 716M->717M(1026M) 58.453ms
[2020-01-31T22:26:42.201+0300][67.912s][info ][gc] GC(580) Concurrent Cycle
[2020-01-31T22:26:42.300+0300][68.010s][info ][gc] GC(581) Pause Young (Normal) (G1 Evacuation Pause) 800M->801M(1026M) 42.502ms
[2020-01-31T22:26:42.306+0300][68.017s][debug][gc] GC(580) Reclaimed 602 empty regions
[2020-01-31T22:26:42.307+0300][68.017s][info ][gc] GC(580) Pause Remark 814M->212M(1026M) 0.704ms
[2020-01-31T22:26:42.347+0300][68.057s][info ][gc] GC(582) Pause Young (Normal) (G1 Evacuation Pause) 240M->240M(1026M) 28.999ms
[2020-01-31T22:26:42.590+0300][68.301s][info ][gc] GC(583) Pause Young (Normal) (G1 Evacuation Pause) 492M->493M(1026M) 125.969ms
[2020-01-31T22:26:42.626+0300][68.336s][info ][gc] GC(580) Pause Cleanup 493M->493M(1026M) 0.139ms
[2020-01-31T22:26:42.626+0300][68.337s][info ][gc] GC(580) Concurrent Cycle 425.375ms
[2020-01-31T22:26:42.701+0300][68.412s][info ][gc] GC(584) Pause Young (Concurrent Start) (G1 Humongous Allocation) 521M->522M(1026M) 51.581ms
[2020-01-31T22:26:42.701+0300][68.412s][info ][gc] GC(585) Concurrent Cycle
[2020-01-31T22:26:42.736+0300][68.447s][debug][gc] GC(585) Reclaimed 459 empty regions
[2020-01-31T22:26:42.736+0300][68.447s][info ][gc] GC(585) Pause Remark 624M->165M(1026M) 0.620ms
[2020-01-31T22:26:42.837+0300][68.548s][info ][gc] GC(586) Pause Young (Normal) (G1 Evacuation Pause) 227M->207M(1026M) 72.663ms
[2020-01-31T22:26:42.856+0300][68.567s][info ][gc] GC(585) Pause Cleanup 208M->208M(1026M) 0.122ms
[2020-01-31T22:26:42.857+0300][68.568s][info ][gc] GC(585) Concurrent Cycle 155.656ms
[2020-01-31T22:26:43.142+0300][68.853s][info ][gc] GC(587) Pause Young (Normal) (G1 Evacuation Pause) 469M->470M(1026M) 169.743ms
[2020-01-31T22:26:43.304+0300][69.014s][info ][gc] GC(588) Pause Young (Normal) (G1 Evacuation Pause) 630M->630M(1026M) 94.558ms
[2020-01-31T22:26:43.410+0300][69.120s][info ][gc] GC(589) Pause Young (Concurrent Start) (G1 Humongous Allocation) 718M->719M(1026M) 60.931ms
[2020-01-31T22:26:43.410+0300][69.120s][info ][gc] GC(590) Concurrent Cycle
[2020-01-31T22:26:43.510+0300][69.220s][info ][gc] GC(591) Pause Young (Normal) (G1 Evacuation Pause) 801M->801M(1026M) 42.195ms
[2020-01-31T22:26:43.516+0300][69.227s][debug][gc] GC(590) Reclaimed 602 empty regions
[2020-01-31T22:26:43.516+0300][69.227s][info ][gc] GC(590) Pause Remark 815M->213M(1026M) 0.794ms
[2020-01-31T22:26:43.557+0300][69.268s][info ][gc] GC(592) Pause Young (Normal) (G1 Evacuation Pause) 240M->241M(1026M) 29.494ms
[2020-01-31T22:26:43.791+0300][69.502s][info ][gc] GC(593) Pause Young (Normal) (G1 Evacuation Pause) 493M->494M(1026M) 125.159ms
[2020-01-31T22:26:43.834+0300][69.545s][info ][gc] GC(590) Pause Cleanup 494M->494M(1026M) 0.137ms
[2020-01-31T22:26:43.835+0300][69.546s][info ][gc] GC(590) Concurrent Cycle 425.683ms
[2020-01-31T22:26:43.908+0300][69.618s][info ][gc] GC(594) Pause Young (Concurrent Start) (G1 Humongous Allocation) 523M->524M(1026M) 48.917ms
[2020-01-31T22:26:43.908+0300][69.618s][info ][gc] GC(595) Concurrent Cycle
[2020-01-31T22:26:43.944+0300][69.654s][debug][gc] GC(595) Reclaimed 460 empty regions
[2020-01-31T22:26:43.944+0300][69.654s][info ][gc] GC(595) Pause Remark 627M->167M(1026M) 0.631ms
[2020-01-31T22:26:44.042+0300][69.753s][info ][gc] GC(596) Pause Young (Normal) (G1 Evacuation Pause) 227M->206M(1026M) 71.544ms
[2020-01-31T22:26:44.061+0300][69.771s][info ][gc] GC(595) Pause Cleanup 244M->244M(1026M) 0.122ms
[2020-01-31T22:26:44.062+0300][69.772s][info ][gc] GC(595) Concurrent Cycle 154.087ms
[2020-01-31T22:26:44.295+0300][70.005s][info ][gc] GC(597) Pause Young (Normal) (G1 Evacuation Pause) 468M->469M(1026M) 136.439ms
[2020-01-31T22:26:44.455+0300][70.165s][info ][gc] GC(598) Pause Young (Normal) (G1 Evacuation Pause) 630M->631M(1026M) 93.664ms
[2020-01-31T22:26:44.562+0300][70.272s][info ][gc] GC(599) Pause Young (Concurrent Start) (G1 Humongous Allocation) 718M->719M(1026M) 59.850ms
[2020-01-31T22:26:44.562+0300][70.272s][info ][gc] GC(600) Concurrent Cycle
[2020-01-31T22:26:44.660+0300][70.371s][info ][gc] GC(601) Pause Young (Normal) (G1 Evacuation Pause) 801M->801M(1026M) 41.883ms
[2020-01-31T22:26:44.667+0300][70.378s][debug][gc] GC(600) Reclaimed 603 empty regions
[2020-01-31T22:26:44.667+0300][70.378s][info ][gc] GC(600) Pause Remark 814M->211M(1026M) 0.805ms
[2020-01-31T22:26:44.709+0300][70.420s][info ][gc] GC(602) Pause Young (Normal) (G1 Evacuation Pause) 239M->240M(1026M) 30.723ms
[2020-01-31T22:26:44.943+0300][70.654s][info ][gc] GC(603) Pause Young (Normal) (G1 Evacuation Pause) 492M->493M(1026M) 125.445ms
[2020-01-31T22:26:45.000+0300][70.711s][info ][gc] GC(600) Pause Cleanup 494M->494M(1026M) 0.144ms
[2020-01-31T22:26:45.001+0300][70.712s][info ][gc] GC(600) Concurrent Cycle 439.944ms
[2020-01-31T22:26:45.074+0300][70.784s][info ][gc] GC(604) Pause Young (Concurrent Start) (G1 Humongous Allocation) 522M->523M(1026M) 49.429ms
[2020-01-31T22:26:45.074+0300][70.784s][info ][gc] GC(605) Concurrent Cycle
[2020-01-31T22:26:45.110+0300][70.820s][debug][gc] GC(605) Reclaimed 459 empty regions
[2020-01-31T22:26:45.110+0300][70.820s][info ][gc] GC(605) Pause Remark 627M->168M(1026M) 0.633ms
[2020-01-31T22:26:45.209+0300][70.920s][info ][gc] GC(606) Pause Young (Normal) (G1 Evacuation Pause) 228M->208M(1026M) 72.464ms
[2020-01-31T22:26:45.227+0300][70.938s][info ][gc] GC(605) Pause Cleanup 249M->249M(1026M) 0.110ms
[2020-01-31T22:26:45.228+0300][70.938s][info ][gc] GC(605) Concurrent Cycle 154.522ms
[2020-01-31T22:26:45.459+0300][71.170s][info ][gc] GC(607) Pause Young (Normal) (G1 Evacuation Pause) 470M->471M(1026M) 135.917ms
[2020-01-31T22:26:45.595+0300][71.305s][info ][gc] GC(608) Pause Young (Concurrent Start) (G1 Humongous Allocation) 584M->584M(1026M) 78.762ms
[2020-01-31T22:26:45.595+0300][71.305s][info ][gc] GC(609) Concurrent Cycle
[2020-01-31T22:26:45.738+0300][71.449s][info ][gc] GC(610) Pause Young (Normal) (G1 Evacuation Pause) 708M->709M(1026M) 68.888ms
[2020-01-31T22:26:45.744+0300][71.455s][debug][gc] GC(609) Reclaimed 434 empty regions
[2020-01-31T22:26:45.744+0300][71.455s][info ][gc] GC(609) Pause Remark 720M->286M(1026M) 0.657ms
[2020-01-31T22:26:45.823+0300][71.534s][info ][gc] GC(611) Pause Young (Normal) (G1 Evacuation Pause) 360M->361M(1026M) 46.906ms
[2020-01-31T22:26:46.015+0300][71.726s][info ][gc] GC(612) Pause Young (Normal) (G1 Evacuation Pause) 555M->555M(1026M) 109.393ms
[2020-01-31T22:26:46.114+0300][71.825s][info ][gc] GC(609) Pause Cleanup 654M->654M(1026M) 0.150ms
[2020-01-31T22:26:46.114+0300][71.825s][info ][gc] GC(609) Concurrent Cycle 519.952ms
[2020-01-31T22:26:46.209+0300][71.919s][info ][gc] GC(613) Pause Young (Normal) (G1 Evacuation Pause) 688M->689M(1026M) 81.033ms
[2020-01-31T22:26:46.232+0300][71.943s][info ][gc] GC(614) Pause Young (Concurrent Start) (G1 Humongous Allocation) 692M->694M(1026M) 11.432ms
[2020-01-31T22:26:46.232+0300][71.943s][info ][gc] GC(615) Concurrent Cycle
[2020-01-31T22:26:46.249+0300][71.960s][debug][gc] GC(615) Reclaimed 665 empty regions
[2020-01-31T22:26:46.249+0300][71.960s][info ][gc] GC(615) Pause Remark 753M->88M(1026M) 0.776ms
[2020-01-31T22:26:46.303+0300][72.013s][info ][gc] GC(616) Pause Young (Normal) (G1 Evacuation Pause) 119M->116M(1026M) 40.438ms
[2020-01-31T22:26:46.322+0300][72.032s][info ][gc] GC(615) Pause Cleanup 157M->157M(1026M) 0.111ms
[2020-01-31T22:26:46.322+0300][72.033s][info ][gc] GC(615) Concurrent Cycle 90.106ms
[2020-01-31T22:26:46.578+0300][72.289s][info ][gc] GC(617) Pause Young (Normal) (G1 Evacuation Pause) 407M->408M(1026M) 150.744ms
[2020-01-31T22:26:46.769+0300][72.480s][info ][gc] GC(618) Pause Young (Normal) (G1 Evacuation Pause) 608M->608M(1026M) 105.618ms
[2020-01-31T22:26:46.882+0300][72.592s][info ][gc] GC(619) Pause Young (Concurrent Start) (G1 Humongous Allocation) 701M->701M(1026M) 64.928ms
[2020-01-31T22:26:46.882+0300][72.592s][info ][gc] GC(620) Concurrent Cycle
[2020-01-31T22:26:46.990+0300][72.700s][info ][gc] GC(621) Pause Young (Normal) (G1 Evacuation Pause) 789M->790M(1026M) 46.154ms
[2020-01-31T22:26:46.996+0300][72.707s][debug][gc] GC(620) Reclaimed 577 empty regions
[2020-01-31T22:26:46.996+0300][72.707s][info ][gc] GC(620) Pause Remark 803M->226M(1026M) 0.697ms
[2020-01-31T22:26:47.037+0300][72.748s][info ][gc] GC(622) Pause Young (Normal) (G1 Evacuation Pause) 253M->254M(1026M) 29.750ms
[2020-01-31T22:26:47.270+0300][72.981s][info ][gc] GC(623) Pause Young (Normal) (G1 Evacuation Pause) 501M->501M(1026M) 123.406ms
[2020-01-31T22:26:47.314+0300][73.024s][info ][gc] GC(620) Pause Cleanup 501M->501M(1026M) 0.134ms
[2020-01-31T22:26:47.314+0300][73.025s][info ][gc] GC(620) Concurrent Cycle 432.389ms
[2020-01-31T22:26:47.390+0300][73.100s][info ][gc] GC(624) Pause Young (Concurrent Start) (G1 Humongous Allocation) 531M->531M(1026M) 50.989ms
[2020-01-31T22:26:47.390+0300][73.100s][info ][gc] GC(625) Concurrent Cycle
[2020-01-31T22:26:47.424+0300][73.135s][debug][gc] GC(625) Reclaimed 466 empty regions
[2020-01-31T22:26:47.424+0300][73.135s][info ][gc] GC(625) Pause Remark 633M->167M(1026M) 0.632ms
[2020-01-31T22:26:47.521+0300][73.232s][info ][gc] GC(626) Pause Young (Normal) (G1 Evacuation Pause) 226M->207M(1026M) 70.167ms
[2020-01-31T22:26:47.540+0300][73.251s][info ][gc] GC(625) Pause Cleanup 234M->234M(1026M) 0.240ms
[2020-01-31T22:26:47.541+0300][73.252s][info ][gc] GC(625) Concurrent Cycle 152.063ms
[2020-01-31T22:26:47.764+0300][73.474s][info ][gc] GC(627) Pause Young (Normal) (G1 Evacuation Pause) 449M->450M(1026M) 132.254ms
[2020-01-31T22:26:47.910+0300][73.620s][info ][gc] GC(628) Pause Young (Concurrent Start) (G1 Humongous Allocation) 586M->586M(1026M) 79.729ms
[2020-01-31T22:26:47.910+0300][73.620s][info ][gc] GC(629) Concurrent Cycle
[2020-01-31T22:26:48.055+0300][73.766s][info ][gc] GC(630) Pause Young (Normal) (G1 Evacuation Pause) 710M->712M(1026M) 69.794ms
[2020-01-31T22:26:48.061+0300][73.772s][debug][gc] GC(629) Reclaimed 431 empty regions
[2020-01-31T22:26:48.061+0300][73.772s][info ][gc] GC(629) Pause Remark 723M->292M(1026M) 0.663ms
[2020-01-31T22:26:48.139+0300][73.850s][info ][gc] GC(631) Pause Young (Normal) (G1 Evacuation Pause) 366M->366M(1026M) 46.446ms
[2020-01-31T22:26:48.330+0300][74.040s][info ][gc] GC(632) Pause Young (Normal) (G1 Evacuation Pause) 558M->558M(1026M) 109.790ms
[2020-01-31T22:26:48.429+0300][74.139s][info ][gc] GC(629) Pause Cleanup 673M->673M(1026M) 0.130ms
[2020-01-31T22:26:48.430+0300][74.140s][info ][gc] GC(629) Concurrent Cycle 520.106ms
[2020-01-31T22:26:48.525+0300][74.235s][info ][gc] GC(633) Pause Young (Normal) (G1 Evacuation Pause) 690M->691M(1026M) 86.765ms
[2020-01-31T22:26:48.551+0300][74.262s][info ][gc] GC(634) Pause Young (Concurrent Start) (G1 Humongous Allocation) 697M->699M(1026M) 13.213ms
[2020-01-31T22:26:48.551+0300][74.262s][info ][gc] GC(635) Concurrent Cycle
[2020-01-31T22:26:48.569+0300][74.280s][debug][gc] GC(635) Reclaimed 664 empty regions
[2020-01-31T22:26:48.569+0300][74.280s][info ][gc] GC(635) Pause Remark 761M->97M(1026M) 0.726ms
[2020-01-31T22:26:48.620+0300][74.330s][info ][gc] GC(636) Pause Young (Normal) (G1 Evacuation Pause) 123M->117M(1026M) 39.128ms
[2020-01-31T22:26:48.640+0300][74.351s][info ][gc] GC(635) Pause Cleanup 164M->164M(1026M) 0.100ms
[2020-01-31T22:26:48.641+0300][74.352s][info ][gc] GC(635) Concurrent Cycle 89.921ms
[2020-01-31T22:26:48.888+0300][74.598s][info ][gc] GC(637) Pause Young (Normal) (G1 Evacuation Pause) 407M->408M(1026M) 145.895ms
[2020-01-31T22:26:49.083+0300][74.794s][info ][gc] GC(638) Pause Young (Normal) (G1 Evacuation Pause) 608M->608M(1026M) 107.606ms
[2020-01-31T22:26:49.198+0300][74.909s][info ][gc] GC(639) Pause Young (Concurrent Start) (G1 Humongous Allocation) 704M->704M(1026M) 65.651ms
[2020-01-31T22:26:49.198+0300][74.909s][info ][gc] GC(640) Concurrent Cycle
[2020-01-31T22:26:49.306+0300][75.017s][info ][gc] GC(641) Pause Young (Normal) (G1 Evacuation Pause) 791M->792M(1026M) 45.276ms
[2020-01-31T22:26:49.313+0300][75.024s][debug][gc] GC(640) Reclaimed 572 empty regions
[2020-01-31T22:26:49.313+0300][75.024s][info ][gc] GC(640) Pause Remark 807M->235M(1026M) 0.847ms
[2020-01-31T22:26:49.352+0300][75.063s][info ][gc] GC(642) Pause Young (Normal) (G1 Evacuation Pause) 260M->261M(1026M) 28.805ms
[2020-01-31T22:26:49.587+0300][75.297s][info ][gc] GC(643) Pause Young (Normal) (G1 Evacuation Pause) 507M->508M(1026M) 123.950ms
[2020-01-31T22:26:49.632+0300][75.342s][info ][gc] GC(640) Pause Cleanup 511M->511M(1026M) 0.140ms
[2020-01-31T22:26:49.633+0300][75.343s][info ][gc] GC(640) Concurrent Cycle 434.402ms
[2020-01-31T22:26:49.708+0300][75.419s][info ][gc] GC(644) Pause Young (Concurrent Start) (G1 Humongous Allocation) 539M->540M(1026M) 53.646ms
[2020-01-31T22:26:49.708+0300][75.419s][info ][gc] GC(645) Concurrent Cycle
[2020-01-31T22:26:49.745+0300][75.456s][debug][gc] GC(645) Reclaimed 470 empty regions
[2020-01-31T22:26:49.745+0300][75.456s][info ][gc] GC(645) Pause Remark 646M->176M(1026M) 0.865ms
[2020-01-31T22:26:49.838+0300][75.549s][info ][gc] GC(646) Pause Young (Normal) (G1 Evacuation Pause) 228M->209M(1026M) 68.246ms
[2020-01-31T22:26:49.861+0300][75.572s][info ][gc] GC(645) Pause Cleanup 259M->259M(1026M) 0.124ms
[2020-01-31T22:26:49.862+0300][75.573s][info ][gc] GC(645) Concurrent Cycle 153.256ms
[2020-01-31T22:26:50.080+0300][75.791s][info ][gc] GC(647) Pause Young (Normal) (G1 Evacuation Pause) 451M->452M(1026M) 134.775ms
[2020-01-31T22:26:50.229+0300][75.940s][info ][gc] GC(648) Pause Young (Concurrent Start) (G1 Humongous Allocation) 591M->591M(1026M) 80.405ms
[2020-01-31T22:26:50.229+0300][75.940s][info ][gc] GC(649) Concurrent Cycle
[2020-01-31T22:26:50.376+0300][76.086s][info ][gc] GC(650) Pause Young (Normal) (G1 Evacuation Pause) 713M->715M(1026M) 68.547ms
[2020-01-31T22:26:50.381+0300][76.091s][debug][gc] GC(649) Reclaimed 431 empty regions
[2020-01-31T22:26:50.381+0300][76.092s][info ][gc] GC(649) Pause Remark 727M->296M(1026M) 0.653ms
[2020-01-31T22:26:50.460+0300][76.171s][info ][gc] GC(651) Pause Young (Normal) (G1 Evacuation Pause) 368M->369M(1026M) 46.854ms
[2020-01-31T22:26:50.653+0300][76.363s][info ][gc] GC(652) Pause Young (Normal) (G1 Evacuation Pause) 561M->562M(1026M) 108.229ms
[2020-01-31T22:26:50.749+0300][76.460s][info ][gc] GC(649) Pause Cleanup 682M->682M(1026M) 0.148ms
[2020-01-31T22:26:50.750+0300][76.460s][info ][gc] GC(649) Concurrent Cycle 520.598ms
[2020-01-31T22:26:50.836+0300][76.547s][info ][gc] GC(653) Pause Young (Normal) (G1 Evacuation Pause) 693M->694M(1026M) 83.251ms
[2020-01-31T22:26:50.866+0300][76.577s][info ][gc] GC(654) Pause Young (Concurrent Start) (G1 Humongous Allocation) 704M->705M(1026M) 15.708ms
[2020-01-31T22:26:50.866+0300][76.577s][info ][gc] GC(655) Concurrent Cycle
[2020-01-31T22:26:50.886+0300][76.597s][debug][gc] GC(655) Reclaimed 666 empty regions
[2020-01-31T22:26:50.886+0300][76.597s][info ][gc] GC(655) Pause Remark 769M->103M(1026M) 0.650ms
[2020-01-31T22:26:50.934+0300][76.644s][info ][gc] GC(656) Pause Young (Normal) (G1 Evacuation Pause) 125M->115M(1026M) 38.160ms
[2020-01-31T22:26:50.956+0300][76.667s][info ][gc] GC(655) Pause Cleanup 164M->164M(1026M) 0.109ms
[2020-01-31T22:26:50.957+0300][76.668s][info ][gc] GC(655) Concurrent Cycle 90.480ms
[2020-01-31T22:26:51.204+0300][76.915s][info ][gc] GC(657) Pause Young (Normal) (G1 Evacuation Pause) 406M->407M(1026M) 147.450ms
[2020-01-31T22:26:51.395+0300][77.106s][info ][gc] GC(658) Pause Young (Normal) (G1 Evacuation Pause) 607M->608M(1026M) 105.446ms
[2020-01-31T22:26:51.512+0300][77.222s][info ][gc] GC(659) Pause Young (Concurrent Start) (G1 Humongous Allocation) 704M->705M(1026M) 66.949ms
[2020-01-31T22:26:51.512+0300][77.222s][info ][gc] GC(660) Concurrent Cycle
[2020-01-31T22:26:51.620+0300][77.331s][info ][gc] GC(661) Pause Young (Normal) (G1 Evacuation Pause) 791M->792M(1026M) 44.982ms
[2020-01-31T22:26:51.627+0300][77.337s][debug][gc] GC(660) Reclaimed 572 empty regions
[2020-01-31T22:26:51.627+0300][77.337s][info ][gc] GC(660) Pause Remark 806M->234M(1026M) 0.789ms
[2020-01-31T22:26:51.667+0300][77.378s][info ][gc] GC(662) Pause Young (Normal) (G1 Evacuation Pause) 260M->261M(1026M) 29.848ms
[2020-01-31T22:26:51.895+0300][77.606s][info ][gc] GC(663) Pause Young (Normal) (G1 Evacuation Pause) 506M->507M(1026M) 123.177ms
[2020-01-31T22:26:51.948+0300][77.659s][info ][gc] GC(660) Pause Cleanup 507M->507M(1026M) 0.145ms
[2020-01-31T22:26:51.949+0300][77.660s][info ][gc] GC(660) Concurrent Cycle 437.841ms
[2020-01-31T22:26:52.026+0300][77.737s][info ][gc] GC(664) Pause Young (Concurrent Start) (G1 Humongous Allocation) 540M->541M(1026M) 52.599ms
[2020-01-31T22:26:52.026+0300][77.737s][info ][gc] GC(665) Concurrent Cycle
[2020-01-31T22:26:52.064+0300][77.774s][debug][gc] GC(665) Reclaimed 469 empty regions
[2020-01-31T22:26:52.064+0300][77.774s][info ][gc] GC(665) Pause Remark 648M->179M(1026M) 0.619ms
[2020-01-31T22:26:52.157+0300][77.867s][info ][gc] GC(666) Pause Young (Normal) (G1 Evacuation Pause) 230M->211M(1026M) 69.330ms
[2020-01-31T22:26:52.182+0300][77.892s][info ][gc] GC(665) Pause Cleanup 266M->266M(1026M) 0.126ms
[2020-01-31T22:26:52.183+0300][77.893s][info ][gc] GC(665) Concurrent Cycle 156.811ms
[2020-01-31T22:26:52.395+0300][78.106s][info ][gc] GC(667) Pause Young (Normal) (G1 Evacuation Pause) 452M->453M(1026M) 133.394ms
[2020-01-31T22:26:52.546+0300][78.257s][info ][gc] GC(668) Pause Young (Concurrent Start) (G1 Humongous Allocation) 593M->593M(1026M) 82.512ms
[2020-01-31T22:26:52.546+0300][78.257s][info ][gc] GC(669) Concurrent Cycle
[2020-01-31T22:26:52.693+0300][78.404s][info ][gc] GC(670) Pause Young (Normal) (G1 Evacuation Pause) 714M->715M(1026M) 68.933ms
[2020-01-31T22:26:52.699+0300][78.410s][debug][gc] GC(669) Reclaimed 432 empty regions
[2020-01-31T22:26:52.699+0300][78.410s][info ][gc] GC(669) Pause Remark 727M->295M(1026M) 0.742ms
[2020-01-31T22:26:52.784+0300][78.495s][info ][gc] GC(671) Pause Young (Normal) (G1 Evacuation Pause) 367M->367M(1026M) 46.303ms
[2020-01-31T22:26:52.998+0300][78.708s][info ][gc] GC(672) Pause Young (Normal) (G1 Evacuation Pause) 559M->560M(1026M) 109.157ms
[2020-01-31T22:26:53.073+0300][78.784s][info ][gc] GC(669) Pause Cleanup 618M->618M(1026M) 0.139ms
[2020-01-31T22:26:53.074+0300][78.785s][info ][gc] GC(669) Concurrent Cycle 528.310ms
[2020-01-31T22:26:53.202+0300][78.912s][info ][gc] GC(673) Pause Young (Normal) (G1 Evacuation Pause) 692M->692M(1026M) 88.232ms
[2020-01-31T22:26:53.238+0300][78.949s][info ][gc] GC(674) Pause Young (Concurrent Start) (G1 Humongous Allocation) 702M->704M(1026M) 21.643ms
[2020-01-31T22:26:53.238+0300][78.949s][info ][gc] GC(675) Concurrent Cycle
[2020-01-31T22:26:53.261+0300][78.972s][debug][gc] GC(675) Reclaimed 664 empty regions
[2020-01-31T22:26:53.261+0300][78.972s][info ][gc] GC(675) Pause Remark 745M->81M(1026M) 0.816ms
[2020-01-31T22:26:53.340+0300][79.050s][info ][gc] GC(676) Pause Young (Normal) (G1 Evacuation Pause) 127M->117M(1026M) 47.926ms
[2020-01-31T22:26:53.343+0300][79.054s][info ][gc] GC(675) Pause Cleanup 118M->118M(1026M) 0.120ms
[2020-01-31T22:26:53.344+0300][79.055s][info ][gc] GC(675) Concurrent Cycle 106.028ms
[2020-01-31T22:26:53.618+0300][79.328s][info ][gc] GC(677) Pause Young (Normal) (G1 Evacuation Pause) 407M->408M(1026M) 142.156ms
[2020-01-31T22:26:53.829+0300][79.539s][info ][gc] GC(678) Pause Young (Normal) (G1 Evacuation Pause) 608M->609M(1026M) 116.301ms
[2020-01-31T22:26:53.947+0300][79.657s][info ][gc] GC(679) Pause Young (Concurrent Start) (G1 Humongous Allocation) 705M->706M(1026M) 67.300ms
[2020-01-31T22:26:53.947+0300][79.657s][info ][gc] GC(680) Concurrent Cycle
[2020-01-31T22:26:54.057+0300][79.767s][info ][gc] GC(681) Pause Young (Normal) (G1 Evacuation Pause) 792M->793M(1026M) 46.078ms
[2020-01-31T22:26:54.063+0300][79.773s][debug][gc] GC(680) Reclaimed 573 empty regions
[2020-01-31T22:26:54.063+0300][79.773s][info ][gc] GC(680) Pause Remark 806M->233M(1026M) 0.648ms
[2020-01-31T22:26:54.103+0300][79.814s][info ][gc] GC(682) Pause Young (Normal) (G1 Evacuation Pause) 260M->261M(1026M) 29.463ms
[2020-01-31T22:26:54.346+0300][80.057s][info ][gc] GC(683) Pause Young (Normal) (G1 Evacuation Pause) 506M->507M(1026M) 125.213ms
[2020-01-31T22:26:54.395+0300][80.105s][info ][gc] GC(680) Pause Cleanup 507M->507M(1026M) 0.155ms
[2020-01-31T22:26:54.395+0300][80.106s][info ][gc] GC(680) Concurrent Cycle 448.517ms
[2020-01-31T22:26:54.471+0300][80.181s][info ][gc] GC(684) Pause Young (Concurrent Start) (G1 Humongous Allocation) 540M->541M(1026M) 50.262ms
[2020-01-31T22:26:54.471+0300][80.181s][info ][gc] GC(685) Concurrent Cycle
[2020-01-31T22:26:54.509+0300][80.219s][debug][gc] GC(685) Reclaimed 469 empty regions
[2020-01-31T22:26:54.509+0300][80.219s][info ][gc] GC(685) Pause Remark 640M->171M(1026M) 0.617ms
[2020-01-31T22:26:54.605+0300][80.316s][info ][gc] GC(686) Pause Young (Normal) (G1 Evacuation Pause) 230M->211M(1026M) 69.825ms
[2020-01-31T22:26:54.627+0300][80.338s][info ][gc] GC(685) Pause Cleanup 243M->243M(1026M) 0.134ms
[2020-01-31T22:26:54.628+0300][80.339s][info ][gc] GC(685) Concurrent Cycle 157.449ms
[2020-01-31T22:26:54.861+0300][80.571s][info ][gc] GC(687) Pause Young (Normal) (G1 Evacuation Pause) 452M->452M(1026M) 135.595ms
[2020-01-31T22:26:55.015+0300][80.725s][info ][gc] GC(688) Pause Young (Concurrent Start) (G1 Humongous Allocation) 592M->593M(1026M) 84.723ms
[2020-01-31T22:26:55.015+0300][80.725s][info ][gc] GC(689) Concurrent Cycle
[2020-01-31T22:26:55.160+0300][80.871s][info ][gc] GC(690) Pause Young (Normal) (G1 Evacuation Pause) 715M->716M(1026M) 67.012ms
[2020-01-31T22:26:55.166+0300][80.877s][debug][gc] GC(689) Reclaimed 431 empty regions
[2020-01-31T22:26:55.166+0300][80.877s][info ][gc] GC(689) Pause Remark 727M->296M(1026M) 0.639ms
[2020-01-31T22:26:55.250+0300][80.960s][info ][gc] GC(691) Pause Young (Normal) (G1 Evacuation Pause) 368M->368M(1026M) 45.940ms
[2020-01-31T22:26:55.443+0300][81.154s][info ][gc] GC(692) Pause Young (Normal) (G1 Evacuation Pause) 560M->561M(1026M) 110.214ms
[2020-01-31T22:26:55.536+0300][81.247s][info ][gc] GC(689) Pause Cleanup 670M->670M(1026M) 0.140ms
[2020-01-31T22:26:55.537+0300][81.248s][info ][gc] GC(689) Concurrent Cycle 522.887ms
[2020-01-31T22:26:55.630+0300][81.341s][info ][gc] GC(693) Pause Young (Normal) (G1 Evacuation Pause) 693M->694M(1026M) 84.545ms
[2020-01-31T22:26:55.662+0300][81.372s][info ][gc] GC(694) Pause Young (Concurrent Start) (G1 Humongous Allocation) 704M->705M(1026M) 16.461ms
[2020-01-31T22:26:55.662+0300][81.372s][info ][gc] GC(695) Concurrent Cycle
[2020-01-31T22:26:55.683+0300][81.393s][debug][gc] GC(695) Reclaimed 665 empty regions
[2020-01-31T22:26:55.683+0300][81.393s][info ][gc] GC(695) Pause Remark 761M->96M(1026M) 0.651ms
[2020-01-31T22:26:55.734+0300][81.445s][info ][gc] GC(696) Pause Young (Normal) (G1 Evacuation Pause) 126M->116M(1026M) 39.898ms
[2020-01-31T22:26:55.754+0300][81.465s][info ][gc] GC(695) Pause Cleanup 164M->164M(1026M) 0.112ms
[2020-01-31T22:26:55.755+0300][81.466s][info ][gc] GC(695) Concurrent Cycle 93.573ms
[2020-01-31T22:26:56.009+0300][81.719s][info ][gc] GC(697) Pause Young (Normal) (G1 Evacuation Pause) 407M->407M(1026M) 150.690ms
[2020-01-31T22:26:56.199+0300][81.910s][info ][gc] GC(698) Pause Young (Normal) (G1 Evacuation Pause) 607M->609M(1026M) 105.132ms
[2020-01-31T22:26:56.315+0300][82.025s][info ][gc] GC(699) Pause Young (Concurrent Start) (G1 Humongous Allocation) 705M->706M(1026M) 66.833ms
[2020-01-31T22:26:56.315+0300][82.025s][info ][gc] GC(700) Concurrent Cycle
[2020-01-31T22:26:56.426+0300][82.136s][info ][gc] GC(701) Pause Young (Normal) (G1 Evacuation Pause) 792M->793M(1026M) 47.029ms
[2020-01-31T22:26:56.432+0300][82.142s][debug][gc] GC(700) Reclaimed 572 empty regions
[2020-01-31T22:26:56.432+0300][82.142s][info ][gc] GC(700) Pause Remark 806M->234M(1026M) 0.647ms
[2020-01-31T22:26:56.472+0300][82.183s][info ][gc] GC(702) Pause Young (Normal) (G1 Evacuation Pause) 261M->261M(1026M) 30.061ms
[2020-01-31T22:26:56.704+0300][82.415s][info ][gc] GC(703) Pause Young (Normal) (G1 Evacuation Pause) 506M->507M(1026M) 125.040ms
[2020-01-31T22:26:56.752+0300][82.462s][info ][gc] GC(700) Pause Cleanup 508M->508M(1026M) 0.144ms
[2020-01-31T22:26:56.752+0300][82.463s][info ][gc] GC(700) Concurrent Cycle 438.000ms
[2020-01-31T22:26:56.830+0300][82.541s][info ][gc] GC(704) Pause Young (Concurrent Start) (G1 Humongous Allocation) 541M->541M(1026M) 53.710ms
[2020-01-31T22:26:56.830+0300][82.541s][info ][gc] GC(705) Concurrent Cycle
[2020-01-31T22:26:56.868+0300][82.578s][debug][gc] GC(705) Reclaimed 468 empty regions
[2020-01-31T22:26:56.868+0300][82.578s][info ][gc] GC(705) Pause Remark 649M->181M(1026M) 0.616ms
[2020-01-31T22:26:56.960+0300][82.670s][info ][gc] GC(706) Pause Young (Normal) (G1 Evacuation Pause) 231M->212M(1026M) 68.611ms
[2020-01-31T22:26:56.986+0300][82.696s][info ][gc] GC(705) Pause Cleanup 259M->259M(1026M) 0.124ms
[2020-01-31T22:26:56.987+0300][82.697s][info ][gc] GC(705) Concurrent Cycle 156.359ms
[2020-01-31T22:26:57.199+0300][82.910s][info ][gc] GC(707) Pause Young (Normal) (G1 Evacuation Pause) 453M->454M(1026M) 132.469ms
[2020-01-31T22:26:57.349+0300][83.059s][info ][gc] GC(708) Pause Young (Concurrent Start) (G1 Humongous Allocation) 594M->594M(1026M) 80.180ms
[2020-01-31T22:26:57.349+0300][83.059s][info ][gc] GC(709) Concurrent Cycle
[2020-01-31T22:26:57.494+0300][83.205s][info ][gc] GC(710) Pause Young (Normal) (G1 Evacuation Pause) 715M->716M(1026M) 67.204ms
[2020-01-31T22:26:57.500+0300][83.211s][debug][gc] GC(709) Reclaimed 432 empty regions
[2020-01-31T22:26:57.500+0300][83.211s][info ][gc] GC(709) Pause Remark 729M->297M(1026M) 0.656ms
[2020-01-31T22:26:57.578+0300][83.289s][info ][gc] GC(711) Pause Young (Normal) (G1 Evacuation Pause) 367M->368M(1026M) 45.511ms
[2020-01-31T22:26:57.772+0300][83.482s][info ][gc] GC(712) Pause Young (Normal) (G1 Evacuation Pause) 560M->560M(1026M) 110.900ms
[2020-01-31T22:26:57.871+0300][83.582s][info ][gc] GC(709) Pause Cleanup 660M->660M(1026M) 0.141ms
[2020-01-31T22:26:57.872+0300][83.583s][info ][gc] GC(709) Concurrent Cycle 523.709ms
[2020-01-31T22:26:57.972+0300][83.682s][info ][gc] GC(713) Pause Young (Normal) (G1 Evacuation Pause) 692M->693M(1026M) 86.979ms
[2020-01-31T22:26:58.004+0300][83.715s][info ][gc] GC(714) Pause Young (Concurrent Start) (G1 Humongous Allocation) 704M->705M(1026M) 17.848ms
[2020-01-31T22:26:58.005+0300][83.715s][info ][gc] GC(715) Concurrent Cycle
[2020-01-31T22:26:58.026+0300][83.736s][debug][gc] GC(715) Reclaimed 664 empty regions
[2020-01-31T22:26:58.026+0300][83.736s][info ][gc] GC(715) Pause Remark 770M->106M(1026M) 0.656ms
[2020-01-31T22:26:58.075+0300][83.786s][info ][gc] GC(716) Pause Young (Normal) (G1 Evacuation Pause) 128M->117M(1026M) 40.530ms
[2020-01-31T22:26:58.098+0300][83.809s][info ][gc] GC(715) Pause Cleanup 165M->165M(1026M) 0.108ms
[2020-01-31T22:26:58.099+0300][83.809s][info ][gc] GC(715) Concurrent Cycle 94.180ms
[2020-01-31T22:26:58.348+0300][84.059s][info ][gc] GC(717) Pause Young (Normal) (G1 Evacuation Pause) 407M->408M(1026M) 150.015ms
[2020-01-31T22:26:58.540+0300][84.250s][info ][gc] GC(718) Pause Young (Normal) (G1 Evacuation Pause) 608M->609M(1026M) 106.082ms
[2020-01-31T22:26:58.654+0300][84.365s][info ][gc] GC(719) Pause Young (Concurrent Start) (G1 Humongous Allocation) 705M->706M(1026M) 66.067ms
[2020-01-31T22:26:58.654+0300][84.365s][info ][gc] GC(720) Concurrent Cycle
[2020-01-31T22:26:58.763+0300][84.474s][info ][gc] GC(721) Pause Young (Normal) (G1 Evacuation Pause) 792M->793M(1026M) 46.009ms
[2020-01-31T22:26:58.770+0300][84.481s][debug][gc] GC(720) Reclaimed 572 empty regions
[2020-01-31T22:26:58.770+0300][84.481s][info ][gc] GC(720) Pause Remark 805M->233M(1026M) 0.931ms
[2020-01-31T22:26:58.811+0300][84.522s][info ][gc] GC(722) Pause Young (Normal) (G1 Evacuation Pause) 261M->261M(1026M) 29.704ms
[2020-01-31T22:26:59.048+0300][84.758s][info ][gc] GC(723) Pause Young (Normal) (G1 Evacuation Pause) 506M->507M(1026M) 126.360ms
[2020-01-31T22:26:59.114+0300][84.824s][info ][gc] GC(720) Pause Cleanup 517M->517M(1026M) 0.136ms
[2020-01-31T22:26:59.115+0300][84.825s][info ][gc] GC(720) Concurrent Cycle 460.659ms
[2020-01-31T22:26:59.186+0300][84.896s][info ][gc] GC(724) Pause Young (Concurrent Start) (G1 Humongous Allocation) 540M->541M(1026M) 49.116ms
[2020-01-31T22:26:59.186+0300][84.896s][info ][gc] GC(725) Concurrent Cycle
[2020-01-31T22:26:59.223+0300][84.934s][debug][gc] GC(725) Reclaimed 468 empty regions
[2020-01-31T22:26:59.223+0300][84.934s][info ][gc] GC(725) Pause Remark 648M->180M(1026M) 0.616ms
[2020-01-31T22:26:59.317+0300][85.028s][info ][gc] GC(726) Pause Young (Normal) (G1 Evacuation Pause) 231M->212M(1026M) 70.364ms
[2020-01-31T22:26:59.343+0300][85.054s][info ][gc] GC(725) Pause Cleanup 250M->250M(1026M) 0.130ms
[2020-01-31T22:26:59.344+0300][85.055s][info ][gc] GC(725) Concurrent Cycle 158.552ms
[2020-01-31T22:26:59.563+0300][85.274s][info ][gc] GC(727) Pause Young (Normal) (G1 Evacuation Pause) 453M->454M(1026M) 134.589ms
[2020-01-31T22:26:59.715+0300][85.426s][info ][gc] GC(728) Pause Young (Concurrent Start) (G1 Humongous Allocation) 594M->595M(1026M) 82.231ms
[2020-01-31T22:26:59.715+0300][85.426s][info ][gc] GC(729) Concurrent Cycle
[2020-01-31T22:26:59.861+0300][85.571s][info ][gc] GC(730) Pause Young (Normal) (G1 Evacuation Pause) 716M->717M(1026M) 67.023ms
[2020-01-31T22:26:59.867+0300][85.577s][debug][gc] GC(729) Reclaimed 432 empty regions
[2020-01-31T22:26:59.867+0300][85.577s][info ][gc] GC(729) Pause Remark 729M->297M(1026M) 0.753ms
[2020-01-31T22:26:59.956+0300][85.667s][info ][gc] GC(731) Pause Young (Normal) (G1 Evacuation Pause) 368M->369M(1026M) 52.986ms
[2020-01-31T22:27:00.159+0300][85.869s][info ][gc] GC(732) Pause Young (Normal) (G1 Evacuation Pause) 561M->562M(1026M) 109.564ms
[2020-01-31T22:27:00.244+0300][85.954s][info ][gc] GC(729) Pause Cleanup 650M->650M(1026M) 0.139ms
[2020-01-31T22:27:00.244+0300][85.955s][info ][gc] GC(729) Concurrent Cycle 528.973ms
[2020-01-31T22:27:00.341+0300][86.052s][info ][gc] GC(733) Pause Young (Normal) (G1 Evacuation Pause) 693M->693M(1026M) 80.952ms
[2020-01-31T22:27:00.373+0300][86.084s][info ][gc] GC(734) Pause Young (Concurrent Start) (G1 Humongous Allocation) 705M->706M(1026M) 16.415ms
[2020-01-31T22:27:00.373+0300][86.084s][info ][gc] GC(735) Concurrent Cycle
[2020-01-31T22:27:00.394+0300][86.105s][debug][gc] GC(735) Reclaimed 664 empty regions
[2020-01-31T22:27:00.394+0300][86.105s][info ][gc] GC(735) Pause Remark 772M->108M(1026M) 0.641ms
[2020-01-31T22:27:00.441+0300][86.151s][info ][gc] GC(736) Pause Young (Normal) (G1 Evacuation Pause) 128M->118M(1026M) 38.217ms
[2020-01-31T22:27:00.465+0300][86.176s][info ][gc] GC(735) Pause Cleanup 166M->166M(1026M) 0.112ms
[2020-01-31T22:27:00.466+0300][86.176s][info ][gc] GC(735) Concurrent Cycle 92.598ms
[2020-01-31T22:27:00.713+0300][86.424s][info ][gc] GC(737) Pause Young (Normal) (G1 Evacuation Pause) 408M->408M(1026M) 144.534ms
[2020-01-31T22:27:00.915+0300][86.625s][info ][gc] GC(738) Pause Young (Normal) (G1 Evacuation Pause) 607M->608M(1026M) 116.835ms
[2020-01-31T22:27:01.039+0300][86.750s][info ][gc] GC(739) Pause Young (Concurrent Start) (G1 Evacuation Pause) 705M->705M(1026M) 69.167ms
[2020-01-31T22:27:01.039+0300][86.750s][info ][gc] GC(740) Concurrent Cycle
[2020-01-31T22:27:01.151+0300][86.862s][info ][gc] GC(741) Pause Young (Normal) (G1 Evacuation Pause) 791M->792M(1026M) 47.530ms
[2020-01-31T22:27:01.203+0300][86.913s][info ][gc] GC(742) Pause Young (Normal) (G1 Evacuation Pause) 832M->833M(1026M) 33.324ms
[2020-01-31T22:27:01.264+0300][86.974s][info ][gc] GC(743) Pause Young (Normal) (G1 Evacuation Pause) 897M->898M(1026M) 30.951ms
[2020-01-31T22:27:01.272+0300][86.983s][debug][gc] GC(740) Reclaimed 534 empty regions
[2020-01-31T22:27:01.272+0300][86.983s][info ][gc] GC(740) Pause Remark 912M->378M(1026M) 1.125ms
[2020-01-31T22:27:01.322+0300][87.033s][info ][gc] GC(744) Pause Young (Normal) (G1 Evacuation Pause) 408M->410M(1026M) 34.143ms
[2020-01-31T22:27:01.517+0300][87.228s][info ][gc] GC(745) Pause Young (Normal) (G1 Evacuation Pause) 609M->609M(1026M) 105.675ms
[2020-01-31T22:27:01.678+0300][87.389s][info ][gc] GC(746) Pause Young (Normal) (G1 Evacuation Pause) 705M->706M(1026M) 78.357ms
[2020-01-31T22:27:01.808+0300][87.518s][info ][gc] GC(747) Pause Young (Normal) (G1 Evacuation Pause) 792M->793M(1026M) 61.296ms
[2020-01-31T22:27:01.839+0300][87.549s][info ][gc] GC(740) Pause Cleanup 816M->816M(1026M) 0.158ms
[2020-01-31T22:27:01.840+0300][87.550s][info ][gc] GC(740) Concurrent Cycle 800.116ms
[2020-01-31T22:27:01.893+0300][87.603s][info ][gc] GC(748) Pause Young (Normal) (G1 Evacuation Pause) 833M->833M(1026M) 45.813ms
[2020-01-31T22:27:01.933+0300][87.643s][info ][gc] GC(749) Pause Young (Concurrent Start) (G1 Humongous Allocation) 853M->854M(1026M) 21.509ms
[2020-01-31T22:27:01.933+0300][87.643s][info ][gc] GC(750) Concurrent Cycle
[2020-01-31T22:27:01.955+0300][87.666s][debug][gc] GC(750) Reclaimed 813 empty regions
[2020-01-31T22:27:01.955+0300][87.666s][info ][gc] GC(750) Pause Remark 912M->99M(1026M) 0.908ms
[2020-01-31T22:27:01.986+0300][87.697s][info ][gc] GC(751) Pause Young (Normal) (G1 Evacuation Pause) 105M->99M(1026M) 27.712ms
[2020-01-31T22:27:02.019+0300][87.729s][info ][gc] GC(750) Pause Cleanup 170M->170M(1026M) 0.108ms
[2020-01-31T22:27:02.020+0300][87.730s][info ][gc] GC(750) Concurrent Cycle 86.664ms
[2020-01-31T22:27:02.265+0300][87.976s][info ][gc] GC(752) Pause Young (Normal) (G1 Evacuation Pause) 395M->396M(1026M) 152.934ms
[2020-01-31T22:27:02.463+0300][88.174s][info ][gc] GC(753) Pause Young (Normal) (G1 Evacuation Pause) 599M->600M(1026M) 110.669ms
[2020-01-31T22:27:02.574+0300][88.284s][info ][gc] GC(754) Pause Young (Concurrent Start) (G1 Evacuation Pause) 700M->700M(1026M) 69.261ms
[2020-01-31T22:27:02.574+0300][88.284s][info ][gc] GC(755) Concurrent Cycle
[2020-01-31T22:27:02.686+0300][88.396s][info ][gc] GC(756) Pause Young (Normal) (G1 Evacuation Pause) 788M->789M(1026M) 46.180ms
[2020-01-31T22:27:02.730+0300][88.441s][info ][gc] GC(757) Pause Young (Normal) (G1 Evacuation Pause) 829M->829M(1026M) 28.044ms
[2020-01-31T22:27:02.747+0300][88.458s][debug][gc] GC(755) Reclaimed 534 empty regions
[2020-01-31T22:27:02.748+0300][88.458s][info ][gc] GC(755) Pause Remark 847M->313M(1026M) 0.646ms
[2020-01-31T22:27:02.790+0300][88.501s][info ][gc] GC(758) Pause Young (Normal) (G1 Evacuation Pause) 359M->360M(1026M) 30.522ms
[2020-01-31T22:27:02.982+0300][88.693s][info ][gc] GC(759) Pause Young (Normal) (G1 Evacuation Pause) 555M->555M(1026M) 108.432ms
[2020-01-31T22:27:03.186+0300][88.896s][info ][gc] GC(760) Pause Young (Normal) (G1 Evacuation Pause) 688M->689M(1026M) 87.847ms
[2020-01-31T22:27:03.199+0300][88.909s][info ][gc] GC(755) Pause Cleanup 691M->691M(1026M) 0.148ms
[2020-01-31T22:27:03.200+0300][88.910s][info ][gc] GC(755) Concurrent Cycle 625.764ms
[2020-01-31T22:27:03.272+0300][88.982s][info ][gc] GC(761) Pause Young (Concurrent Start) (G1 Humongous Allocation) 719M->720M(1026M) 50.129ms
[2020-01-31T22:27:03.272+0300][88.982s][info ][gc] GC(762) Concurrent Cycle
[2020-01-31T22:27:03.338+0300][89.049s][info ][gc] GC(763) Pause Young (Normal) (G1 Evacuation Pause) 802M->803M(1026M) 40.249ms
[2020-01-31T22:27:03.343+0300][89.054s][debug][gc] GC(762) Reclaimed 659 empty regions
[2020-01-31T22:27:03.343+0300][89.054s][info ][gc] GC(762) Pause Remark 812M->153M(1026M) 0.857ms
[2020-01-31T22:27:03.386+0300][89.097s][info ][gc] GC(764) Pause Young (Normal) (G1 Evacuation Pause) 185M->186M(1026M) 29.933ms
[2020-01-31T22:27:03.469+0300][89.180s][info ][gc] GC(762) Pause Cleanup 370M->370M(1026M) 0.114ms
[2020-01-31T22:27:03.469+0300][89.180s][info ][gc] GC(762) Concurrent Cycle 198.444ms
[2020-01-31T22:27:03.634+0300][89.345s][info ][gc] GC(765) Pause Young (Normal) (G1 Evacuation Pause) 455M->456M(1026M) 131.365ms
[2020-01-31T22:27:03.792+0300][89.502s][info ][gc] GC(766) Pause Young (Concurrent Start) (G1 Humongous Allocation) 603M->603M(1026M) 85.774ms
[2020-01-31T22:27:03.792+0300][89.502s][info ][gc] GC(767) Concurrent Cycle
[2020-01-31T22:27:03.941+0300][89.651s][info ][gc] GC(768) Pause Young (Normal) (G1 Evacuation Pause) 721M->722M(1026M) 67.572ms
[2020-01-31T22:27:03.947+0300][89.658s][debug][gc] GC(767) Reclaimed 433 empty regions
[2020-01-31T22:27:03.947+0300][89.658s][info ][gc] GC(767) Pause Remark 732M->299M(1026M) 0.858ms
[2020-01-31T22:27:04.024+0300][89.734s][info ][gc] GC(769) Pause Young (Normal) (G1 Evacuation Pause) 370M->371M(1026M) 44.911ms
[2020-01-31T22:27:04.245+0300][89.956s][info ][gc] GC(770) Pause Young (Normal) (G1 Evacuation Pause) 562M->563M(1026M) 118.181ms
[2020-01-31T22:27:04.346+0300][90.056s][info ][gc] GC(767) Pause Cleanup 638M->638M(1026M) 0.133ms
[2020-01-31T22:27:04.347+0300][90.057s][info ][gc] GC(767) Concurrent Cycle 555.204ms
[2020-01-31T22:27:04.463+0300][90.174s][info ][gc] GC(771) Pause Young (Normal) (G1 Evacuation Pause) 694M->695M(1026M) 95.531ms
[2020-01-31T22:27:04.505+0300][90.215s][info ][gc] GC(772) Pause Young (Concurrent Start) (G1 Humongous Allocation) 713M->714M(1026M) 22.946ms
[2020-01-31T22:27:04.505+0300][90.215s][info ][gc] GC(773) Concurrent Cycle
[2020-01-31T22:27:04.530+0300][90.241s][debug][gc] GC(773) Reclaimed 665 empty regions
[2020-01-31T22:27:04.530+0300][90.241s][info ][gc] GC(773) Pause Remark 785M->120M(1026M) 0.779ms
[2020-01-31T22:27:04.577+0300][90.287s][info ][gc] GC(774) Pause Young (Normal) (G1 Evacuation Pause) 133M->123M(1026M) 40.703ms
[2020-01-31T22:27:04.608+0300][90.319s][info ][gc] GC(773) Pause Cleanup 174M->174M(1026M) 0.112ms
[2020-01-31T22:27:04.609+0300][90.320s][info ][gc] GC(773) Concurrent Cycle 104.359ms
[2020-01-31T22:27:04.877+0300][90.588s][info ][gc] GC(775) Pause Young (Normal) (G1 Evacuation Pause) 412M->413M(1026M) 171.437ms
[2020-01-31T22:27:05.071+0300][90.781s][info ][gc] GC(776) Pause Young (Normal) (G1 Evacuation Pause) 611M->611M(1026M) 108.628ms
[2020-01-31T22:27:05.178+0300][90.889s][info ][gc] GC(777) Pause Young (Concurrent Start) (G1 Evacuation Pause) 707M->708M(1026M) 66.838ms
[2020-01-31T22:27:05.178+0300][90.889s][info ][gc] GC(778) Concurrent Cycle
[2020-01-31T22:27:05.300+0300][91.011s][info ][gc] GC(779) Pause Young (Normal) (G1 Evacuation Pause) 793M->794M(1026M) 56.198ms
