[2020-01-31T22:22:40.395+0300][0.018s][info][gc] Using Serial
[2020-01-31T22:22:40.939+0300][0.562s][info][gc] GC(0) Pause Young (Allocation Failure) 273M->123M(991M) 153.397ms
[2020-01-31T22:22:41.192+0300][0.815s][info][gc] GC(1) Pause Young (Allocation Failure) 397M->211M(991M) 193.094ms
[2020-01-31T22:22:41.385+0300][1.008s][info][gc] GC(2) Pause Young (Allocation Failure) 484M->301M(991M) 134.234ms
[2020-01-31T22:22:41.588+0300][1.212s][info][gc] GC(3) Pause Young (Allocation Failure) 575M->389M(991M) 132.308ms
[2020-01-31T22:22:41.793+0300][1.416s][info][gc] GC(4) Pause Young (Allocation Failure) 663M->482M(991M) 137.654ms
[2020-01-31T22:22:41.987+0300][1.610s][info][gc] GC(5) Pause Young (Allocation Failure) 755M->580M(991M) 142.012ms
[2020-01-31T22:22:42.052+0300][1.675s][info][gc] GC(6) Pause Young (Allocation Failure) 851M->546M(991M) 0.239ms
[2020-01-31T22:22:42.103+0300][1.727s][info][gc] GC(7) Pause Young (Allocation Failure) 816M->546M(991M) 0.241ms
[2020-01-31T22:22:42.156+0300][1.780s][info][gc] GC(8) Pause Young (Allocation Failure) 817M->546M(991M) 0.351ms
[2020-01-31T22:22:42.213+0300][1.836s][info][gc] GC(9) Pause Young (Allocation Failure) 816M->546M(991M) 0.251ms
[2020-01-31T22:22:42.268+0300][1.891s][info][gc] GC(10) Pause Young (Allocation Failure) 816M->546M(991M) 0.353ms
[2020-01-31T22:22:42.331+0300][1.954s][info][gc] GC(11) Pause Young (Allocation Failure) 816M->546M(991M) 0.293ms
[2020-01-31T22:22:42.389+0300][2.012s][info][gc] GC(12) Pause Young (Allocation Failure) 817M->546M(991M) 0.266ms
[2020-01-31T22:22:42.441+0300][2.064s][info][gc] GC(13) Pause Young (Allocation Failure) 816M->546M(991M) 0.285ms
[2020-01-31T22:22:42.492+0300][2.116s][info][gc] GC(14) Pause Young (Allocation Failure) 816M->546M(991M) 0.291ms
[2020-01-31T22:22:42.544+0300][2.167s][info][gc] GC(15) Pause Young (Allocation Failure) 816M->546M(991M) 0.255ms
[2020-01-31T22:22:42.595+0300][2.218s][info][gc] GC(16) Pause Young (Allocation Failure) 816M->546M(991M) 0.290ms
[2020-01-31T22:22:42.647+0300][2.270s][info][gc] GC(17) Pause Young (Allocation Failure) 816M->546M(991M) 0.250ms
[2020-01-31T22:22:42.698+0300][2.321s][info][gc] GC(18) Pause Young (Allocation Failure) 816M->546M(991M) 0.293ms
[2020-01-31T22:22:42.750+0300][2.373s][info][gc] GC(19) Pause Young (Allocation Failure) 816M->546M(991M) 0.253ms
[2020-01-31T22:22:42.804+0300][2.427s][info][gc] GC(20) Pause Young (Allocation Failure) 816M->546M(991M) 0.297ms
[2020-01-31T22:22:42.856+0300][2.480s][info][gc] GC(21) Pause Young (Allocation Failure) 816M->546M(991M) 0.265ms
[2020-01-31T22:22:42.909+0300][2.533s][info][gc] GC(22) Pause Young (Allocation Failure) 816M->546M(991M) 0.267ms
[2020-01-31T22:22:42.962+0300][2.585s][info][gc] GC(23) Pause Young (Allocation Failure) 816M->546M(991M) 0.272ms
[2020-01-31T22:22:43.016+0300][2.639s][info][gc] GC(24) Pause Young (Allocation Failure) 816M->546M(991M) 0.265ms
[2020-01-31T22:22:43.070+0300][2.693s][info][gc] GC(25) Pause Young (Allocation Failure) 816M->546M(991M) 0.275ms
[2020-01-31T22:22:43.122+0300][2.745s][info][gc] GC(26) Pause Young (Allocation Failure) 816M->546M(991M) 0.254ms
[2020-01-31T22:22:43.176+0300][2.799s][info][gc] GC(27) Pause Young (Allocation Failure) 816M->546M(991M) 0.266ms
[2020-01-31T22:22:43.227+0300][2.850s][info][gc] GC(28) Pause Young (Allocation Failure) 816M->546M(991M) 0.248ms
[2020-01-31T22:22:43.279+0300][2.902s][info][gc] GC(29) Pause Young (Allocation Failure) 816M->546M(991M) 0.265ms
[2020-01-31T22:22:43.329+0300][2.952s][info][gc] GC(30) Pause Young (Allocation Failure) 816M->546M(991M) 0.277ms
[2020-01-31T22:22:43.381+0300][3.004s][info][gc] GC(31) Pause Young (Allocation Failure) 816M->546M(991M) 0.249ms
[2020-01-31T22:22:43.433+0300][3.057s][info][gc] GC(32) Pause Young (Allocation Failure) 816M->546M(991M) 0.262ms
[2020-01-31T22:22:43.484+0300][3.107s][info][gc] GC(33) Pause Young (Allocation Failure) 816M->546M(991M) 0.254ms
[2020-01-31T22:22:43.535+0300][3.158s][info][gc] GC(34) Pause Young (Allocation Failure) 816M->546M(991M) 0.300ms
[2020-01-31T22:22:43.588+0300][3.211s][info][gc] GC(35) Pause Young (Allocation Failure) 816M->546M(991M) 0.338ms
[2020-01-31T22:22:43.641+0300][3.265s][info][gc] GC(36) Pause Young (Allocation Failure) 816M->546M(991M) 0.258ms
[2020-01-31T22:22:43.691+0300][3.314s][info][gc] GC(37) Pause Young (Allocation Failure) 816M->546M(991M) 0.256ms
[2020-01-31T22:22:43.744+0300][3.367s][info][gc] GC(38) Pause Young (Allocation Failure) 816M->546M(991M) 0.260ms
[2020-01-31T22:22:43.796+0300][3.419s][info][gc] GC(39) Pause Young (Allocation Failure) 816M->546M(991M) 0.257ms
[2020-01-31T22:22:43.848+0300][3.471s][info][gc] GC(40) Pause Young (Allocation Failure) 816M->546M(991M) 0.258ms
[2020-01-31T22:22:43.899+0300][3.522s][info][gc] GC(41) Pause Young (Allocation Failure) 816M->546M(991M) 0.277ms
[2020-01-31T22:22:43.952+0300][3.575s][info][gc] GC(42) Pause Young (Allocation Failure) 816M->546M(991M) 0.264ms
[2020-01-31T22:22:44.004+0300][3.628s][info][gc] GC(43) Pause Young (Allocation Failure) 816M->546M(991M) 0.256ms
[2020-01-31T22:22:44.056+0300][3.680s][info][gc] GC(44) Pause Young (Allocation Failure) 816M->546M(991M) 0.263ms
[2020-01-31T22:22:44.109+0300][3.732s][info][gc] GC(45) Pause Young (Allocation Failure) 816M->546M(991M) 0.257ms
[2020-01-31T22:22:44.159+0300][3.782s][info][gc] GC(46) Pause Young (Allocation Failure) 816M->546M(991M) 0.444ms
[2020-01-31T22:22:44.211+0300][3.834s][info][gc] GC(47) Pause Young (Allocation Failure) 816M->546M(991M) 0.259ms
[2020-01-31T22:22:44.262+0300][3.885s][info][gc] GC(48) Pause Young (Allocation Failure) 816M->546M(991M) 0.252ms
[2020-01-31T22:22:44.314+0300][3.937s][info][gc] GC(49) Pause Young (Allocation Failure) 816M->546M(991M) 0.336ms
[2020-01-31T22:22:44.364+0300][3.988s][info][gc] GC(50) Pause Young (Allocation Failure) 816M->546M(991M) 0.276ms
[2020-01-31T22:22:44.416+0300][4.039s][info][gc] GC(51) Pause Young (Allocation Failure) 816M->546M(991M) 0.260ms
[2020-01-31T22:22:44.468+0300][4.091s][info][gc] GC(52) Pause Young (Allocation Failure) 816M->546M(991M) 0.247ms
[2020-01-31T22:22:44.519+0300][4.142s][info][gc] GC(53) Pause Young (Allocation Failure) 816M->546M(991M) 0.249ms
[2020-01-31T22:22:44.569+0300][4.193s][info][gc] GC(54) Pause Young (Allocation Failure) 816M->546M(991M) 0.333ms
[2020-01-31T22:22:44.621+0300][4.245s][info][gc] GC(55) Pause Young (Allocation Failure) 816M->546M(991M) 0.290ms
[2020-01-31T22:22:44.673+0300][4.296s][info][gc] GC(56) Pause Young (Allocation Failure) 816M->546M(991M) 0.246ms
[2020-01-31T22:22:44.723+0300][4.346s][info][gc] GC(57) Pause Young (Allocation Failure) 816M->546M(991M) 0.254ms
[2020-01-31T22:22:44.776+0300][4.399s][info][gc] GC(58) Pause Young (Allocation Failure) 816M->546M(991M) 0.282ms
[2020-01-31T22:22:44.828+0300][4.451s][info][gc] GC(59) Pause Young (Allocation Failure) 816M->546M(991M) 0.268ms
[2020-01-31T22:22:44.879+0300][4.502s][info][gc] GC(60) Pause Young (Allocation Failure) 816M->546M(991M) 0.257ms
[2020-01-31T22:22:44.929+0300][4.552s][info][gc] GC(61) Pause Young (Allocation Failure) 816M->546M(991M) 0.265ms
[2020-01-31T22:22:44.983+0300][4.606s][info][gc] GC(62) Pause Young (Allocation Failure) 816M->546M(991M) 0.317ms
[2020-01-31T22:22:45.036+0300][4.659s][info][gc] GC(63) Pause Young (Allocation Failure) 816M->546M(991M) 0.301ms
[2020-01-31T22:22:45.088+0300][4.711s][info][gc] GC(64) Pause Young (Allocation Failure) 816M->546M(991M) 0.253ms
[2020-01-31T22:22:45.137+0300][4.761s][info][gc] GC(65) Pause Young (Allocation Failure) 816M->546M(991M) 0.260ms
[2020-01-31T22:22:45.188+0300][4.812s][info][gc] GC(66) Pause Young (Allocation Failure) 816M->546M(991M) 0.297ms
[2020-01-31T22:22:45.240+0300][4.863s][info][gc] GC(67) Pause Young (Allocation Failure) 816M->546M(991M) 0.297ms
[2020-01-31T22:22:45.291+0300][4.914s][info][gc] GC(68) Pause Young (Allocation Failure) 816M->546M(991M) 0.303ms
[2020-01-31T22:22:45.341+0300][4.964s][info][gc] GC(69) Pause Young (Allocation Failure) 816M->546M(991M) 0.254ms
[2020-01-31T22:22:45.392+0300][5.015s][info][gc] GC(70) Pause Young (Allocation Failure) 816M->546M(991M) 0.303ms
[2020-01-31T22:22:45.447+0300][5.070s][info][gc] GC(71) Pause Young (Allocation Failure) 816M->546M(991M) 0.261ms
[2020-01-31T22:22:45.498+0300][5.122s][info][gc] GC(72) Pause Young (Allocation Failure) 816M->546M(991M) 0.252ms
[2020-01-31T22:22:45.549+0300][5.172s][info][gc] GC(73) Pause Young (Allocation Failure) 816M->546M(991M) 0.239ms
[2020-01-31T22:22:45.601+0300][5.224s][info][gc] GC(74) Pause Young (Allocation Failure) 816M->546M(991M) 0.242ms
[2020-01-31T22:22:45.652+0300][5.275s][info][gc] GC(75) Pause Young (Allocation Failure) 816M->546M(991M) 0.244ms
[2020-01-31T22:22:45.707+0300][5.330s][info][gc] GC(76) Pause Young (Allocation Failure) 816M->546M(991M) 0.252ms
[2020-01-31T22:22:45.758+0300][5.381s][info][gc] GC(77) Pause Young (Allocation Failure) 816M->546M(991M) 0.247ms
[2020-01-31T22:22:45.813+0300][5.436s][info][gc] GC(78) Pause Young (Allocation Failure) 816M->546M(991M) 0.238ms
[2020-01-31T22:22:45.864+0300][5.488s][info][gc] GC(79) Pause Young (Allocation Failure) 816M->546M(991M) 0.245ms
[2020-01-31T22:22:45.917+0300][5.541s][info][gc] GC(80) Pause Young (Allocation Failure) 816M->546M(991M) 0.259ms
[2020-01-31T22:22:45.968+0300][5.591s][info][gc] GC(81) Pause Young (Allocation Failure) 816M->546M(991M) 0.246ms
[2020-01-31T22:22:46.020+0300][5.643s][info][gc] GC(82) Pause Young (Allocation Failure) 816M->546M(991M) 0.248ms
[2020-01-31T22:22:46.074+0300][5.697s][info][gc] GC(83) Pause Young (Allocation Failure) 816M->546M(991M) 0.262ms
[2020-01-31T22:22:46.125+0300][5.748s][info][gc] GC(84) Pause Young (Allocation Failure) 816M->546M(991M) 0.246ms
[2020-01-31T22:22:46.178+0300][5.801s][info][gc] GC(85) Pause Young (Allocation Failure) 816M->546M(991M) 0.248ms
[2020-01-31T22:22:46.230+0300][5.854s][info][gc] GC(86) Pause Young (Allocation Failure) 816M->546M(991M) 0.280ms
[2020-01-31T22:22:46.284+0300][5.908s][info][gc] GC(87) Pause Young (Allocation Failure) 816M->546M(991M) 0.245ms
[2020-01-31T22:22:46.337+0300][5.960s][info][gc] GC(88) Pause Young (Allocation Failure) 816M->546M(991M) 0.268ms
[2020-01-31T22:22:46.388+0300][6.011s][info][gc] GC(89) Pause Young (Allocation Failure) 816M->546M(991M) 0.249ms
[2020-01-31T22:22:46.441+0300][6.064s][info][gc] GC(90) Pause Young (Allocation Failure) 816M->546M(991M) 0.251ms
[2020-01-31T22:22:46.493+0300][6.116s][info][gc] GC(91) Pause Young (Allocation Failure) 816M->546M(991M) 0.315ms
[2020-01-31T22:22:46.545+0300][6.168s][info][gc] GC(92) Pause Young (Allocation Failure) 816M->546M(991M) 0.250ms
[2020-01-31T22:22:46.595+0300][6.219s][info][gc] GC(93) Pause Young (Allocation Failure) 816M->546M(991M) 0.315ms
[2020-01-31T22:22:46.647+0300][6.271s][info][gc] GC(94) Pause Young (Allocation Failure) 816M->546M(991M) 0.270ms
[2020-01-31T22:22:46.701+0300][6.324s][info][gc] GC(95) Pause Young (Allocation Failure) 816M->546M(991M) 0.279ms
[2020-01-31T22:22:46.754+0300][6.377s][info][gc] GC(96) Pause Young (Allocation Failure) 816M->546M(991M) 0.249ms
[2020-01-31T22:22:46.807+0300][6.431s][info][gc] GC(97) Pause Young (Allocation Failure) 816M->546M(991M) 0.292ms
[2020-01-31T22:22:46.861+0300][6.484s][info][gc] GC(98) Pause Young (Allocation Failure) 816M->546M(991M) 0.257ms
[2020-01-31T22:22:46.914+0300][6.537s][info][gc] GC(99) Pause Young (Allocation Failure) 816M->546M(991M) 0.248ms
[2020-01-31T22:22:46.965+0300][6.588s][info][gc] GC(100) Pause Young (Allocation Failure) 816M->546M(991M) 0.253ms
[2020-01-31T22:22:47.017+0300][6.641s][info][gc] GC(101) Pause Young (Allocation Failure) 816M->546M(991M) 0.252ms
[2020-01-31T22:22:47.068+0300][6.691s][info][gc] GC(102) Pause Young (Allocation Failure) 816M->546M(991M) 0.251ms
[2020-01-31T22:22:47.120+0300][6.743s][info][gc] GC(103) Pause Young (Allocation Failure) 816M->546M(991M) 0.250ms
[2020-01-31T22:22:47.172+0300][6.795s][info][gc] GC(104) Pause Young (Allocation Failure) 816M->546M(991M) 0.249ms
[2020-01-31T22:22:47.223+0300][6.846s][info][gc] GC(105) Pause Young (Allocation Failure) 816M->546M(991M) 0.255ms
[2020-01-31T22:22:47.283+0300][6.907s][info][gc] GC(106) Pause Young (Allocation Failure) 816M->546M(991M) 0.287ms
[2020-01-31T22:22:47.336+0300][6.959s][info][gc] GC(107) Pause Young (Allocation Failure) 816M->546M(991M) 0.280ms
[2020-01-31T22:22:47.390+0300][7.014s][info][gc] GC(108) Pause Young (Allocation Failure) 816M->546M(991M) 0.284ms
[2020-01-31T22:22:47.441+0300][7.064s][info][gc] GC(109) Pause Young (Allocation Failure) 816M->546M(991M) 0.254ms
[2020-01-31T22:22:47.491+0300][7.115s][info][gc] GC(110) Pause Young (Allocation Failure) 816M->546M(991M) 0.296ms
[2020-01-31T22:22:47.547+0300][7.170s][info][gc] GC(111) Pause Young (Allocation Failure) 816M->546M(991M) 0.362ms
[2020-01-31T22:22:47.599+0300][7.222s][info][gc] GC(112) Pause Young (Allocation Failure) 816M->546M(991M) 0.258ms
[2020-01-31T22:22:47.653+0300][7.276s][info][gc] GC(113) Pause Young (Allocation Failure) 816M->546M(991M) 0.258ms
[2020-01-31T22:22:47.707+0300][7.330s][info][gc] GC(114) Pause Young (Allocation Failure) 816M->546M(991M) 0.279ms
[2020-01-31T22:22:47.760+0300][7.384s][info][gc] GC(115) Pause Young (Allocation Failure) 816M->546M(991M) 0.262ms
[2020-01-31T22:22:47.813+0300][7.436s][info][gc] GC(116) Pause Young (Allocation Failure) 816M->546M(991M) 0.265ms
[2020-01-31T22:22:47.865+0300][7.488s][info][gc] GC(117) Pause Young (Allocation Failure) 816M->546M(991M) 0.252ms
[2020-01-31T22:22:47.920+0300][7.543s][info][gc] GC(118) Pause Young (Allocation Failure) 816M->546M(991M) 0.268ms
[2020-01-31T22:22:47.974+0300][7.597s][info][gc] GC(119) Pause Young (Allocation Failure) 816M->546M(991M) 0.284ms
[2020-01-31T22:22:48.026+0300][7.649s][info][gc] GC(120) Pause Young (Allocation Failure) 816M->546M(991M) 0.342ms
[2020-01-31T22:22:48.079+0300][7.702s][info][gc] GC(121) Pause Young (Allocation Failure) 816M->546M(991M) 0.257ms
[2020-01-31T22:22:48.129+0300][7.753s][info][gc] GC(122) Pause Young (Allocation Failure) 816M->546M(991M) 0.266ms
[2020-01-31T22:22:48.182+0300][7.805s][info][gc] GC(123) Pause Young (Allocation Failure) 816M->546M(991M) 0.249ms
[2020-01-31T22:22:48.234+0300][7.857s][info][gc] GC(124) Pause Young (Allocation Failure) 816M->546M(991M) 0.248ms
[2020-01-31T22:22:48.287+0300][7.911s][info][gc] GC(125) Pause Young (Allocation Failure) 816M->546M(991M) 0.246ms
[2020-01-31T22:22:48.340+0300][7.963s][info][gc] GC(126) Pause Young (Allocation Failure) 816M->546M(991M) 0.251ms
[2020-01-31T22:22:48.397+0300][8.020s][info][gc] GC(127) Pause Young (Allocation Failure) 816M->546M(991M) 0.262ms
[2020-01-31T22:22:48.450+0300][8.073s][info][gc] GC(128) Pause Young (Allocation Failure) 816M->546M(991M) 0.251ms
[2020-01-31T22:22:48.502+0300][8.126s][info][gc] GC(129) Pause Young (Allocation Failure) 816M->546M(991M) 0.257ms
[2020-01-31T22:22:48.554+0300][8.177s][info][gc] GC(130) Pause Young (Allocation Failure) 816M->546M(991M) 0.248ms
[2020-01-31T22:22:48.607+0300][8.230s][info][gc] GC(131) Pause Young (Allocation Failure) 816M->546M(991M) 0.278ms
[2020-01-31T22:22:48.658+0300][8.281s][info][gc] GC(132) Pause Young (Allocation Failure) 816M->546M(991M) 0.248ms
[2020-01-31T22:22:48.711+0300][8.334s][info][gc] GC(133) Pause Young (Allocation Failure) 816M->546M(991M) 0.247ms
[2020-01-31T22:22:48.762+0300][8.385s][info][gc] GC(134) Pause Young (Allocation Failure) 816M->546M(991M) 0.403ms
[2020-01-31T22:22:48.815+0300][8.438s][info][gc] GC(135) Pause Young (Allocation Failure) 816M->546M(991M) 0.251ms
[2020-01-31T22:22:48.866+0300][8.490s][info][gc] GC(136) Pause Young (Allocation Failure) 816M->546M(991M) 0.260ms
[2020-01-31T22:22:48.918+0300][8.542s][info][gc] GC(137) Pause Young (Allocation Failure) 816M->546M(991M) 0.245ms
[2020-01-31T22:22:48.972+0300][8.595s][info][gc] GC(138) Pause Young (Allocation Failure) 819M->546M(991M) 0.249ms
[2020-01-31T22:22:49.025+0300][8.648s][info][gc] GC(139) Pause Young (Allocation Failure) 815M->546M(991M) 0.244ms
[2020-01-31T22:22:49.077+0300][8.700s][info][gc] GC(140) Pause Young (Allocation Failure) 816M->546M(991M) 0.261ms
[2020-01-31T22:22:49.128+0300][8.751s][info][gc] GC(141) Pause Young (Allocation Failure) 816M->546M(991M) 0.282ms
[2020-01-31T22:22:49.180+0300][8.803s][info][gc] GC(142) Pause Young (Allocation Failure) 816M->546M(991M) 0.249ms
[2020-01-31T22:22:49.231+0300][8.855s][info][gc] GC(143) Pause Young (Allocation Failure) 816M->546M(991M) 0.262ms
[2020-01-31T22:22:49.285+0300][8.908s][info][gc] GC(144) Pause Young (Allocation Failure) 816M->546M(991M) 0.262ms
[2020-01-31T22:22:49.340+0300][8.963s][info][gc] GC(145) Pause Young (Allocation Failure) 818M->546M(991M) 0.432ms
[2020-01-31T22:22:49.406+0300][9.029s][info][gc] GC(146) Pause Young (Allocation Failure) 817M->546M(991M) 0.708ms
[2020-01-31T22:22:49.469+0300][9.093s][info][gc] GC(147) Pause Young (Allocation Failure) 818M->546M(991M) 0.707ms
[2020-01-31T22:22:49.535+0300][9.158s][info][gc] GC(148) Pause Young (Allocation Failure) 819M->546M(991M) 1.306ms
[2020-01-31T22:22:49.600+0300][9.224s][info][gc] GC(149) Pause Young (Allocation Failure) 817M->546M(991M) 1.542ms
[2020-01-31T22:22:49.699+0300][9.322s][info][gc] GC(150) Pause Young (Allocation Failure) 816M->546M(991M) 4.066ms
[2020-01-31T22:22:49.791+0300][9.415s][info][gc] GC(151) Pause Young (Allocation Failure) 816M->546M(991M) 0.980ms
[2020-01-31T22:22:49.845+0300][9.468s][info][gc] GC(152) Pause Young (Allocation Failure) 817M->546M(991M) 1.010ms
[2020-01-31T22:22:49.899+0300][9.522s][info][gc] GC(153) Pause Young (Allocation Failure) 817M->546M(991M) 1.046ms
[2020-01-31T22:22:49.954+0300][9.577s][info][gc] GC(154) Pause Young (Allocation Failure) 817M->546M(991M) 0.980ms
[2020-01-31T22:22:50.008+0300][9.631s][info][gc] GC(155) Pause Young (Allocation Failure) 817M->546M(991M) 1.022ms
[2020-01-31T22:22:50.060+0300][9.684s][info][gc] GC(156) Pause Young (Allocation Failure) 817M->546M(991M) 1.040ms
[2020-01-31T22:22:50.113+0300][9.736s][info][gc] GC(157) Pause Young (Allocation Failure) 817M->546M(991M) 0.962ms
[2020-01-31T22:22:50.169+0300][9.792s][info][gc] GC(158) Pause Young (Allocation Failure) 817M->546M(991M) 0.982ms
[2020-01-31T22:22:50.226+0300][9.849s][info][gc] GC(159) Pause Young (Allocation Failure) 817M->546M(991M) 0.968ms
[2020-01-31T22:22:50.279+0300][9.902s][info][gc] GC(160) Pause Young (Allocation Failure) 817M->546M(991M) 1.012ms
[2020-01-31T22:22:50.331+0300][9.954s][info][gc] GC(161) Pause Young (Allocation Failure) 817M->546M(991M) 1.052ms
[2020-01-31T22:22:50.382+0300][10.006s][info][gc] GC(162) Pause Young (Allocation Failure) 817M->546M(991M) 0.882ms
[2020-01-31T22:22:50.435+0300][10.059s][info][gc] GC(163) Pause Young (Allocation Failure) 817M->546M(991M) 0.833ms
[2020-01-31T22:22:50.487+0300][10.110s][info][gc] GC(164) Pause Young (Allocation Failure) 817M->546M(991M) 0.589ms
[2020-01-31T22:22:50.541+0300][10.164s][info][gc] GC(165) Pause Young (Allocation Failure) 817M->546M(991M) 0.371ms
[2020-01-31T22:22:50.595+0300][10.219s][info][gc] GC(166) Pause Young (Allocation Failure) 818M->546M(991M) 0.383ms
[2020-01-31T22:22:50.655+0300][10.279s][info][gc] GC(167) Pause Young (Allocation Failure) 819M->546M(991M) 0.351ms
[2020-01-31T22:22:50.707+0300][10.330s][info][gc] GC(168) Pause Young (Allocation Failure) 816M->546M(991M) 0.409ms
[2020-01-31T22:22:50.758+0300][10.381s][info][gc] GC(169) Pause Young (Allocation Failure) 816M->546M(991M) 0.345ms
[2020-01-31T22:22:50.811+0300][10.434s][info][gc] GC(170) Pause Young (Allocation Failure) 817M->546M(991M) 0.347ms
[2020-01-31T22:22:50.862+0300][10.485s][info][gc] GC(171) Pause Young (Allocation Failure) 817M->546M(991M) 0.466ms
[2020-01-31T22:22:50.914+0300][10.538s][info][gc] GC(172) Pause Young (Allocation Failure) 817M->546M(991M) 0.406ms
[2020-01-31T22:22:50.965+0300][10.589s][info][gc] GC(173) Pause Young (Allocation Failure) 817M->546M(991M) 0.347ms
[2020-01-31T22:22:51.017+0300][10.641s][info][gc] GC(174) Pause Young (Allocation Failure) 817M->546M(991M) 0.349ms
[2020-01-31T22:22:51.070+0300][10.693s][info][gc] GC(175) Pause Young (Allocation Failure) 817M->546M(991M) 0.354ms
[2020-01-31T22:22:51.123+0300][10.746s][info][gc] GC(176) Pause Young (Allocation Failure) 817M->546M(991M) 0.350ms
[2020-01-31T22:22:51.174+0300][10.797s][info][gc] GC(177) Pause Young (Allocation Failure) 817M->546M(991M) 0.347ms
[2020-01-31T22:22:51.229+0300][10.852s][info][gc] GC(178) Pause Young (Allocation Failure) 817M->546M(991M) 0.354ms
[2020-01-31T22:22:51.286+0300][10.909s][info][gc] GC(179) Pause Young (Allocation Failure) 817M->546M(991M) 0.348ms
[2020-01-31T22:22:51.338+0300][10.961s][info][gc] GC(180) Pause Young (Allocation Failure) 817M->546M(991M) 0.347ms
[2020-01-31T22:22:51.388+0300][11.011s][info][gc] GC(181) Pause Young (Allocation Failure) 817M->546M(991M) 0.353ms
[2020-01-31T22:22:51.439+0300][11.062s][info][gc] GC(182) Pause Young (Allocation Failure) 817M->546M(991M) 0.313ms
[2020-01-31T22:22:51.491+0300][11.114s][info][gc] GC(183) Pause Young (Allocation Failure) 817M->546M(991M) 0.286ms
[2020-01-31T22:22:51.542+0300][11.166s][info][gc] GC(184) Pause Young (Allocation Failure) 817M->546M(991M) 0.280ms
[2020-01-31T22:22:51.601+0300][11.225s][info][gc] GC(185) Pause Young (Allocation Failure) 818M->546M(991M) 0.370ms
[2020-01-31T22:22:51.652+0300][11.275s][info][gc] GC(186) Pause Young (Allocation Failure) 816M->546M(991M) 0.346ms
[2020-01-31T22:22:51.708+0300][11.331s][info][gc] GC(187) Pause Young (Allocation Failure) 816M->546M(991M) 0.452ms
[2020-01-31T22:22:51.760+0300][11.383s][info][gc] GC(188) Pause Young (Allocation Failure) 817M->546M(991M) 0.348ms
[2020-01-31T22:22:51.811+0300][11.434s][info][gc] GC(189) Pause Young (Allocation Failure) 817M->546M(991M) 0.357ms
[2020-01-31T22:22:51.862+0300][11.485s][info][gc] GC(190) Pause Young (Allocation Failure) 817M->546M(991M) 0.460ms
[2020-01-31T22:22:51.916+0300][11.540s][info][gc] GC(191) Pause Young (Allocation Failure) 817M->546M(991M) 0.373ms
[2020-01-31T22:22:51.969+0300][11.593s][info][gc] GC(192) Pause Young (Allocation Failure) 817M->546M(991M) 0.353ms
[2020-01-31T22:22:52.021+0300][11.644s][info][gc] GC(193) Pause Young (Allocation Failure) 817M->546M(991M) 0.348ms
[2020-01-31T22:22:52.073+0300][11.697s][info][gc] GC(194) Pause Young (Allocation Failure) 817M->546M(991M) 0.353ms
[2020-01-31T22:22:52.124+0300][11.748s][info][gc] GC(195) Pause Young (Allocation Failure) 817M->546M(991M) 0.354ms
[2020-01-31T22:22:52.176+0300][11.799s][info][gc] GC(196) Pause Young (Allocation Failure) 817M->546M(991M) 0.351ms
[2020-01-31T22:22:52.226+0300][11.849s][info][gc] GC(197) Pause Young (Allocation Failure) 817M->546M(991M) 0.464ms
[2020-01-31T22:22:52.278+0300][11.901s][info][gc] GC(198) Pause Young (Allocation Failure) 817M->546M(991M) 0.364ms
[2020-01-31T22:22:52.330+0300][11.953s][info][gc] GC(199) Pause Young (Allocation Failure) 817M->546M(991M) 0.374ms
[2020-01-31T22:22:52.383+0300][12.006s][info][gc] GC(200) Pause Young (Allocation Failure) 817M->546M(991M) 0.363ms
[2020-01-31T22:22:52.433+0300][12.057s][info][gc] GC(201) Pause Young (Allocation Failure) 817M->546M(991M) 0.300ms
[2020-01-31T22:22:52.484+0300][12.108s][info][gc] GC(202) Pause Young (Allocation Failure) 817M->546M(991M) 0.285ms
[2020-01-31T22:22:52.537+0300][12.160s][info][gc] GC(203) Pause Young (Allocation Failure) 817M->546M(991M) 0.283ms
[2020-01-31T22:22:52.596+0300][12.219s][info][gc] GC(204) Pause Young (Allocation Failure) 817M->546M(991M) 0.303ms
[2020-01-31T22:22:52.649+0300][12.272s][info][gc] GC(205) Pause Young (Allocation Failure) 816M->546M(991M) 0.311ms
[2020-01-31T22:22:52.702+0300][12.325s][info][gc] GC(206) Pause Young (Allocation Failure) 817M->546M(991M) 0.284ms
[2020-01-31T22:22:52.756+0300][12.379s][info][gc] GC(207) Pause Young (Allocation Failure) 817M->546M(991M) 0.296ms
[2020-01-31T22:22:52.808+0300][12.432s][info][gc] GC(208) Pause Young (Allocation Failure) 817M->546M(991M) 0.276ms
[2020-01-31T22:22:52.858+0300][12.482s][info][gc] GC(209) Pause Young (Allocation Failure) 817M->546M(991M) 0.279ms
[2020-01-31T22:22:52.912+0300][12.535s][info][gc] GC(210) Pause Young (Allocation Failure) 817M->546M(991M) 0.276ms
[2020-01-31T22:22:52.963+0300][12.586s][info][gc] GC(211) Pause Young (Allocation Failure) 817M->546M(991M) 0.279ms
[2020-01-31T22:22:53.013+0300][12.636s][info][gc] GC(212) Pause Young (Allocation Failure) 817M->546M(991M) 0.300ms
[2020-01-31T22:22:53.064+0300][12.687s][info][gc] GC(213) Pause Young (Allocation Failure) 817M->546M(991M) 0.300ms
[2020-01-31T22:22:53.116+0300][12.739s][info][gc] GC(214) Pause Young (Allocation Failure) 817M->546M(991M) 0.287ms
[2020-01-31T22:22:53.170+0300][12.793s][info][gc] GC(215) Pause Young (Allocation Failure) 817M->546M(991M) 0.279ms
[2020-01-31T22:22:53.221+0300][12.845s][info][gc] GC(216) Pause Young (Allocation Failure) 817M->546M(991M) 0.278ms
[2020-01-31T22:22:53.274+0300][12.897s][info][gc] GC(217) Pause Young (Allocation Failure) 817M->546M(991M) 0.278ms
[2020-01-31T22:22:53.325+0300][12.948s][info][gc] GC(218) Pause Young (Allocation Failure) 817M->546M(991M) 0.283ms
[2020-01-31T22:22:53.379+0300][13.002s][info][gc] GC(219) Pause Young (Allocation Failure) 817M->546M(991M) 0.276ms
[2020-01-31T22:22:53.430+0300][13.053s][info][gc] GC(220) Pause Young (Allocation Failure) 817M->546M(991M) 0.327ms
[2020-01-31T22:22:53.482+0300][13.105s][info][gc] GC(221) Pause Young (Allocation Failure) 817M->546M(991M) 0.279ms
[2020-01-31T22:22:53.533+0300][13.156s][info][gc] GC(222) Pause Young (Allocation Failure) 817M->546M(991M) 0.332ms
[2020-01-31T22:22:53.583+0300][13.206s][info][gc] GC(223) Pause Young (Allocation Failure) 817M->546M(991M) 0.327ms
[2020-01-31T22:22:53.636+0300][13.259s][info][gc] GC(224) Pause Young (Allocation Failure) 817M->546M(991M) 0.298ms
[2020-01-31T22:22:53.686+0300][13.309s][info][gc] GC(225) Pause Young (Allocation Failure) 816M->546M(991M) 0.287ms
[2020-01-31T22:22:53.737+0300][13.360s][info][gc] GC(226) Pause Young (Allocation Failure) 817M->546M(991M) 0.310ms
[2020-01-31T22:22:53.789+0300][13.412s][info][gc] GC(227) Pause Young (Allocation Failure) 817M->546M(991M) 0.300ms
[2020-01-31T22:22:53.840+0300][13.463s][info][gc] GC(228) Pause Young (Allocation Failure) 817M->546M(991M) 0.309ms
[2020-01-31T22:22:53.890+0300][13.513s][info][gc] GC(229) Pause Young (Allocation Failure) 817M->546M(991M) 0.306ms
[2020-01-31T22:22:53.941+0300][13.565s][info][gc] GC(230) Pause Young (Allocation Failure) 817M->546M(991M) 0.308ms
[2020-01-31T22:22:53.993+0300][13.617s][info][gc] GC(231) Pause Young (Allocation Failure) 817M->546M(991M) 0.316ms
[2020-01-31T22:22:54.045+0300][13.668s][info][gc] GC(232) Pause Young (Allocation Failure) 817M->546M(991M) 0.291ms
[2020-01-31T22:22:54.096+0300][13.719s][info][gc] GC(233) Pause Young (Allocation Failure) 817M->546M(991M) 0.309ms
[2020-01-31T22:22:54.148+0300][13.771s][info][gc] GC(234) Pause Young (Allocation Failure) 817M->546M(991M) 0.311ms
[2020-01-31T22:22:54.201+0300][13.824s][info][gc] GC(235) Pause Young (Allocation Failure) 817M->546M(991M) 0.293ms
[2020-01-31T22:22:54.254+0300][13.877s][info][gc] GC(236) Pause Young (Allocation Failure) 817M->546M(991M) 0.294ms
[2020-01-31T22:22:54.304+0300][13.928s][info][gc] GC(237) Pause Young (Allocation Failure) 817M->546M(991M) 0.291ms
[2020-01-31T22:22:54.354+0300][13.978s][info][gc] GC(238) Pause Young (Allocation Failure) 817M->546M(991M) 0.308ms
[2020-01-31T22:22:54.407+0300][14.030s][info][gc] GC(239) Pause Young (Allocation Failure) 817M->546M(991M) 0.291ms
[2020-01-31T22:22:54.458+0300][14.081s][info][gc] GC(240) Pause Young (Allocation Failure) 817M->546M(991M) 0.284ms
[2020-01-31T22:22:54.510+0300][14.133s][info][gc] GC(241) Pause Young (Allocation Failure) 817M->546M(991M) 0.285ms
[2020-01-31T22:22:54.560+0300][14.183s][info][gc] GC(242) Pause Young (Allocation Failure) 817M->546M(991M) 0.332ms
[2020-01-31T22:22:54.614+0300][14.237s][info][gc] GC(243) Pause Young (Allocation Failure) 817M->546M(991M) 0.323ms
[2020-01-31T22:22:54.667+0300][14.290s][info][gc] GC(244) Pause Young (Allocation Failure) 817M->546M(991M) 0.303ms
[2020-01-31T22:22:54.716+0300][14.340s][info][gc] GC(245) Pause Young (Allocation Failure) 817M->546M(991M) 0.301ms
[2020-01-31T22:22:54.767+0300][14.391s][info][gc] GC(246) Pause Young (Allocation Failure) 817M->546M(991M) 0.318ms
[2020-01-31T22:22:54.819+0300][14.442s][info][gc] GC(247) Pause Young (Allocation Failure) 817M->546M(991M) 0.309ms
[2020-01-31T22:22:54.872+0300][14.495s][info][gc] GC(248) Pause Young (Allocation Failure) 817M->546M(991M) 0.303ms
[2020-01-31T22:22:54.924+0300][14.547s][info][gc] GC(249) Pause Young (Allocation Failure) 817M->546M(991M) 0.304ms
[2020-01-31T22:22:54.977+0300][14.600s][info][gc] GC(250) Pause Young (Allocation Failure) 817M->546M(991M) 0.302ms
[2020-01-31T22:22:55.028+0300][14.651s][info][gc] GC(251) Pause Young (Allocation Failure) 817M->546M(991M) 0.319ms
[2020-01-31T22:22:55.089+0300][14.712s][info][gc] GC(252) Pause Young (Allocation Failure) 817M->546M(991M) 0.303ms
[2020-01-31T22:22:55.141+0300][14.765s][info][gc] GC(253) Pause Young (Allocation Failure) 817M->546M(991M) 0.303ms
[2020-01-31T22:22:55.191+0300][14.814s][info][gc] GC(254) Pause Young (Allocation Failure) 817M->546M(991M) 0.305ms
[2020-01-31T22:22:55.244+0300][14.867s][info][gc] GC(255) Pause Young (Allocation Failure) 817M->546M(991M) 0.302ms
[2020-01-31T22:22:55.294+0300][14.917s][info][gc] GC(256) Pause Young (Allocation Failure) 817M->546M(991M) 0.305ms
[2020-01-31T22:22:55.346+0300][14.969s][info][gc] GC(257) Pause Young (Allocation Failure) 817M->546M(991M) 0.320ms
[2020-01-31T22:22:55.396+0300][15.019s][info][gc] GC(258) Pause Young (Allocation Failure) 817M->546M(991M) 0.443ms
[2020-01-31T22:22:55.448+0300][15.072s][info][gc] GC(259) Pause Young (Allocation Failure) 817M->546M(991M) 0.285ms
[2020-01-31T22:22:55.500+0300][15.124s][info][gc] GC(260) Pause Young (Allocation Failure) 817M->546M(991M) 0.280ms
[2020-01-31T22:22:55.551+0300][15.174s][info][gc] GC(261) Pause Young (Allocation Failure) 817M->546M(991M) 0.279ms
[2020-01-31T22:22:55.609+0300][15.232s][info][gc] GC(262) Pause Young (Allocation Failure) 817M->546M(991M) 0.315ms
[2020-01-31T22:22:55.663+0300][15.286s][info][gc] GC(263) Pause Young (Allocation Failure) 817M->546M(991M) 0.287ms
[2020-01-31T22:22:55.714+0300][15.337s][info][gc] GC(264) Pause Young (Allocation Failure) 817M->546M(991M) 0.288ms
[2020-01-31T22:22:55.766+0300][15.389s][info][gc] GC(265) Pause Young (Allocation Failure) 817M->546M(991M) 0.289ms
[2020-01-31T22:22:55.816+0300][15.440s][info][gc] GC(266) Pause Young (Allocation Failure) 817M->546M(991M) 0.289ms
[2020-01-31T22:22:55.868+0300][15.492s][info][gc] GC(267) Pause Young (Allocation Failure) 817M->546M(991M) 0.290ms
[2020-01-31T22:22:55.919+0300][15.542s][info][gc] GC(268) Pause Young (Allocation Failure) 817M->546M(991M) 0.286ms
[2020-01-31T22:22:55.970+0300][15.593s][info][gc] GC(269) Pause Young (Allocation Failure) 817M->546M(991M) 0.287ms
[2020-01-31T22:22:56.021+0300][15.644s][info][gc] GC(270) Pause Young (Allocation Failure) 817M->546M(991M) 0.304ms
[2020-01-31T22:22:56.073+0300][15.696s][info][gc] GC(271) Pause Young (Allocation Failure) 817M->546M(991M) 0.358ms
[2020-01-31T22:22:56.124+0300][15.747s][info][gc] GC(272) Pause Young (Allocation Failure) 817M->546M(991M) 0.299ms
[2020-01-31T22:22:56.175+0300][15.798s][info][gc] GC(273) Pause Young (Allocation Failure) 817M->546M(991M) 0.310ms
[2020-01-31T22:22:56.225+0300][15.849s][info][gc] GC(274) Pause Young (Allocation Failure) 817M->546M(991M) 0.299ms
[2020-01-31T22:22:56.278+0300][15.902s][info][gc] GC(275) Pause Young (Allocation Failure) 817M->546M(991M) 0.289ms
[2020-01-31T22:22:56.330+0300][15.953s][info][gc] GC(276) Pause Young (Allocation Failure) 817M->546M(991M) 0.295ms
[2020-01-31T22:22:56.381+0300][16.004s][info][gc] GC(277) Pause Young (Allocation Failure) 817M->546M(991M) 0.312ms
[2020-01-31T22:22:56.432+0300][16.055s][info][gc] GC(278) Pause Young (Allocation Failure) 817M->546M(991M) 0.396ms
[2020-01-31T22:22:56.484+0300][16.107s][info][gc] GC(279) Pause Young (Allocation Failure) 817M->546M(991M) 0.302ms
[2020-01-31T22:22:56.537+0300][16.160s][info][gc] GC(280) Pause Young (Allocation Failure) 817M->546M(991M) 0.282ms
[2020-01-31T22:22:56.586+0300][16.210s][info][gc] GC(281) Pause Young (Allocation Failure) 817M->546M(991M) 0.308ms
[2020-01-31T22:22:56.640+0300][16.264s][info][gc] GC(282) Pause Young (Allocation Failure) 817M->546M(991M) 0.354ms
[2020-01-31T22:22:56.691+0300][16.314s][info][gc] GC(283) Pause Young (Allocation Failure) 817M->546M(991M) 0.301ms
[2020-01-31T22:22:56.743+0300][16.366s][info][gc] GC(284) Pause Young (Allocation Failure) 817M->546M(991M) 0.295ms
[2020-01-31T22:22:56.792+0300][16.416s][info][gc] GC(285) Pause Young (Allocation Failure) 817M->546M(991M) 0.302ms
[2020-01-31T22:22:56.845+0300][16.468s][info][gc] GC(286) Pause Young (Allocation Failure) 817M->546M(991M) 0.310ms
[2020-01-31T22:22:56.897+0300][16.520s][info][gc] GC(287) Pause Young (Allocation Failure) 817M->546M(991M) 0.313ms
[2020-01-31T22:22:56.948+0300][16.572s][info][gc] GC(288) Pause Young (Allocation Failure) 817M->546M(991M) 0.299ms
[2020-01-31T22:22:57.001+0300][16.625s][info][gc] GC(289) Pause Young (Allocation Failure) 817M->546M(991M) 0.300ms
[2020-01-31T22:22:57.052+0300][16.675s][info][gc] GC(290) Pause Young (Allocation Failure) 817M->546M(991M) 0.296ms
[2020-01-31T22:22:57.105+0300][16.728s][info][gc] GC(291) Pause Young (Allocation Failure) 817M->546M(991M) 0.299ms
[2020-01-31T22:22:57.156+0300][16.779s][info][gc] GC(292) Pause Young (Allocation Failure) 817M->546M(991M) 0.298ms
[2020-01-31T22:22:57.208+0300][16.831s][info][gc] GC(293) Pause Young (Allocation Failure) 817M->546M(991M) 0.299ms
[2020-01-31T22:22:57.258+0300][16.881s][info][gc] GC(294) Pause Young (Allocation Failure) 817M->546M(991M) 0.321ms
[2020-01-31T22:22:57.310+0300][16.933s][info][gc] GC(295) Pause Young (Allocation Failure) 817M->546M(991M) 0.305ms
[2020-01-31T22:22:57.361+0300][16.985s][info][gc] GC(296) Pause Young (Allocation Failure) 817M->546M(991M) 0.315ms
[2020-01-31T22:22:57.412+0300][17.035s][info][gc] GC(297) Pause Young (Allocation Failure) 817M->546M(991M) 0.287ms
[2020-01-31T22:22:57.463+0300][17.086s][info][gc] GC(298) Pause Young (Allocation Failure) 817M->546M(991M) 0.304ms
[2020-01-31T22:22:57.516+0300][17.139s][info][gc] GC(299) Pause Young (Allocation Failure) 817M->546M(991M) 0.296ms
[2020-01-31T22:22:57.568+0300][17.191s][info][gc] GC(300) Pause Young (Allocation Failure) 817M->546M(991M) 0.280ms
[2020-01-31T22:22:57.620+0300][17.243s][info][gc] GC(301) Pause Young (Allocation Failure) 817M->546M(991M) 0.304ms
[2020-01-31T22:22:57.671+0300][17.294s][info][gc] GC(302) Pause Young (Allocation Failure) 817M->546M(991M) 0.279ms
[2020-01-31T22:22:57.721+0300][17.345s][info][gc] GC(303) Pause Young (Allocation Failure) 817M->546M(991M) 0.286ms
[2020-01-31T22:22:57.774+0300][17.398s][info][gc] GC(304) Pause Young (Allocation Failure) 817M->546M(991M) 0.278ms
[2020-01-31T22:22:57.825+0300][17.448s][info][gc] GC(305) Pause Young (Allocation Failure) 817M->546M(991M) 0.279ms
[2020-01-31T22:22:57.879+0300][17.502s][info][gc] GC(306) Pause Young (Allocation Failure) 817M->546M(991M) 0.278ms
[2020-01-31T22:22:57.932+0300][17.555s][info][gc] GC(307) Pause Young (Allocation Failure) 817M->546M(991M) 0.280ms
[2020-01-31T22:22:57.983+0300][17.606s][info][gc] GC(308) Pause Young (Allocation Failure) 817M->546M(991M) 0.281ms
[2020-01-31T22:22:58.034+0300][17.657s][info][gc] GC(309) Pause Young (Allocation Failure) 817M->546M(991M) 0.282ms
[2020-01-31T22:22:58.085+0300][17.709s][info][gc] GC(310) Pause Young (Allocation Failure) 817M->546M(991M) 0.289ms
[2020-01-31T22:22:58.138+0300][17.761s][info][gc] GC(311) Pause Young (Allocation Failure) 817M->546M(991M) 0.279ms
[2020-01-31T22:22:58.190+0300][17.813s][info][gc] GC(312) Pause Young (Allocation Failure) 817M->546M(991M) 0.285ms
[2020-01-31T22:22:58.241+0300][17.864s][info][gc] GC(313) Pause Young (Allocation Failure) 817M->546M(991M) 0.278ms
[2020-01-31T22:22:58.291+0300][17.914s][info][gc] GC(314) Pause Young (Allocation Failure) 817M->546M(991M) 0.319ms
[2020-01-31T22:22:58.342+0300][17.966s][info][gc] GC(315) Pause Young (Allocation Failure) 817M->546M(991M) 0.321ms
[2020-01-31T22:22:58.394+0300][18.017s][info][gc] GC(316) Pause Young (Allocation Failure) 817M->546M(991M) 0.281ms
[2020-01-31T22:22:58.444+0300][18.068s][info][gc] GC(317) Pause Young (Allocation Failure) 817M->546M(991M) 0.281ms
[2020-01-31T22:22:58.495+0300][18.119s][info][gc] GC(318) Pause Young (Allocation Failure) 817M->546M(991M) 0.467ms
[2020-01-31T22:22:58.549+0300][18.172s][info][gc] GC(319) Pause Young (Allocation Failure) 817M->546M(991M) 0.296ms
[2020-01-31T22:22:58.605+0300][18.228s][info][gc] GC(320) Pause Young (Allocation Failure) 817M->546M(991M) 0.324ms
[2020-01-31T22:22:58.657+0300][18.281s][info][gc] GC(321) Pause Young (Allocation Failure) 817M->546M(991M) 0.282ms
[2020-01-31T22:22:58.709+0300][18.333s][info][gc] GC(322) Pause Young (Allocation Failure) 817M->546M(991M) 0.280ms
[2020-01-31T22:22:58.759+0300][18.383s][info][gc] GC(323) Pause Young (Allocation Failure) 817M->546M(991M) 0.395ms
[2020-01-31T22:22:58.810+0300][18.433s][info][gc] GC(324) Pause Young (Allocation Failure) 817M->546M(991M) 0.282ms
[2020-01-31T22:22:58.860+0300][18.483s][info][gc] GC(325) Pause Young (Allocation Failure) 817M->546M(991M) 0.407ms
[2020-01-31T22:22:58.912+0300][18.535s][info][gc] GC(326) Pause Young (Allocation Failure) 817M->546M(991M) 0.296ms
[2020-01-31T22:22:58.967+0300][18.590s][info][gc] GC(327) Pause Young (Allocation Failure) 817M->546M(991M) 0.306ms
[2020-01-31T22:22:59.021+0300][18.645s][info][gc] GC(328) Pause Young (Allocation Failure) 817M->546M(991M) 0.315ms
[2020-01-31T22:22:59.076+0300][18.700s][info][gc] GC(329) Pause Young (Allocation Failure) 817M->546M(991M) 0.284ms
[2020-01-31T22:22:59.128+0300][18.751s][info][gc] GC(330) Pause Young (Allocation Failure) 817M->546M(991M) 0.354ms
[2020-01-31T22:22:59.180+0300][18.803s][info][gc] GC(331) Pause Young (Allocation Failure) 817M->546M(991M) 0.289ms
[2020-01-31T22:22:59.229+0300][18.853s][info][gc] GC(332) Pause Young (Allocation Failure) 817M->546M(991M) 0.361ms
[2020-01-31T22:22:59.281+0300][18.905s][info][gc] GC(333) Pause Young (Allocation Failure) 817M->546M(991M) 0.276ms
[2020-01-31T22:22:59.332+0300][18.956s][info][gc] GC(334) Pause Young (Allocation Failure) 817M->546M(991M) 0.345ms
[2020-01-31T22:22:59.384+0300][19.007s][info][gc] GC(335) Pause Young (Allocation Failure) 817M->546M(991M) 0.290ms
[2020-01-31T22:22:59.437+0300][19.060s][info][gc] GC(336) Pause Young (Allocation Failure) 817M->546M(991M) 0.283ms
[2020-01-31T22:22:59.488+0300][19.111s][info][gc] GC(337) Pause Young (Allocation Failure) 817M->546M(991M) 0.282ms
[2020-01-31T22:22:59.540+0300][19.163s][info][gc] GC(338) Pause Young (Allocation Failure) 817M->546M(991M) 0.294ms
[2020-01-31T22:22:59.590+0300][19.214s][info][gc] GC(339) Pause Young (Allocation Failure) 817M->546M(991M) 0.342ms
[2020-01-31T22:22:59.644+0300][19.268s][info][gc] GC(340) Pause Young (Allocation Failure) 817M->546M(991M) 0.305ms
[2020-01-31T22:22:59.694+0300][19.317s][info][gc] GC(341) Pause Young (Allocation Failure) 817M->546M(991M) 0.332ms
[2020-01-31T22:22:59.746+0300][19.369s][info][gc] GC(342) Pause Young (Allocation Failure) 817M->546M(991M) 0.295ms
[2020-01-31T22:22:59.798+0300][19.421s][info][gc] GC(343) Pause Young (Allocation Failure) 817M->546M(991M) 0.289ms
[2020-01-31T22:22:59.849+0300][19.472s][info][gc] GC(344) Pause Young (Allocation Failure) 817M->546M(991M) 0.286ms
[2020-01-31T22:22:59.900+0300][19.523s][info][gc] GC(345) Pause Young (Allocation Failure) 817M->546M(991M) 0.293ms
[2020-01-31T22:22:59.951+0300][19.574s][info][gc] GC(346) Pause Young (Allocation Failure) 817M->546M(991M) 0.300ms
[2020-01-31T22:23:00.005+0300][19.629s][info][gc] GC(347) Pause Young (Allocation Failure) 817M->546M(991M) 0.286ms
[2020-01-31T22:23:00.057+0300][19.680s][info][gc] GC(348) Pause Young (Allocation Failure) 817M->546M(991M) 0.286ms
[2020-01-31T22:23:00.110+0300][19.733s][info][gc] GC(349) Pause Young (Allocation Failure) 817M->546M(991M) 0.313ms
[2020-01-31T22:23:00.159+0300][19.783s][info][gc] GC(350) Pause Young (Allocation Failure) 817M->546M(991M) 0.345ms
[2020-01-31T22:23:00.211+0300][19.834s][info][gc] GC(351) Pause Young (Allocation Failure) 817M->546M(991M) 0.311ms
[2020-01-31T22:23:00.263+0300][19.886s][info][gc] GC(352) Pause Young (Allocation Failure) 817M->546M(991M) 0.288ms
[2020-01-31T22:23:00.315+0300][19.938s][info][gc] GC(353) Pause Young (Allocation Failure) 817M->546M(991M) 0.285ms
[2020-01-31T22:23:00.365+0300][19.989s][info][gc] GC(354) Pause Young (Allocation Failure) 817M->546M(991M) 0.323ms
[2020-01-31T22:23:00.417+0300][20.041s][info][gc] GC(355) Pause Young (Allocation Failure) 817M->546M(991M) 0.298ms
[2020-01-31T22:23:00.469+0300][20.092s][info][gc] GC(356) Pause Young (Allocation Failure) 817M->546M(991M) 0.281ms
[2020-01-31T22:23:00.520+0300][20.143s][info][gc] GC(357) Pause Young (Allocation Failure) 817M->546M(991M) 0.285ms
[2020-01-31T22:23:00.571+0300][20.194s][info][gc] GC(358) Pause Young (Allocation Failure) 817M->546M(991M) 0.295ms
[2020-01-31T22:23:00.623+0300][20.246s][info][gc] GC(359) Pause Young (Allocation Failure) 817M->546M(991M) 0.310ms
[2020-01-31T22:23:00.674+0300][20.297s][info][gc] GC(360) Pause Young (Allocation Failure) 817M->546M(991M) 0.289ms
[2020-01-31T22:23:00.723+0300][20.347s][info][gc] GC(361) Pause Young (Allocation Failure) 817M->546M(991M) 0.287ms
[2020-01-31T22:23:00.777+0300][20.401s][info][gc] GC(362) Pause Young (Allocation Failure) 817M->546M(991M) 0.302ms
[2020-01-31T22:23:00.829+0300][20.452s][info][gc] GC(363) Pause Young (Allocation Failure) 817M->546M(991M) 0.294ms
[2020-01-31T22:23:00.880+0300][20.503s][info][gc] GC(364) Pause Young (Allocation Failure) 817M->546M(991M) 0.292ms
[2020-01-31T22:23:00.931+0300][20.554s][info][gc] GC(365) Pause Young (Allocation Failure) 817M->546M(991M) 0.322ms
[2020-01-31T22:23:00.982+0300][20.605s][info][gc] GC(366) Pause Young (Allocation Failure) 817M->546M(991M) 0.306ms
[2020-01-31T22:23:01.035+0300][20.658s][info][gc] GC(367) Pause Young (Allocation Failure) 817M->546M(991M) 0.326ms
[2020-01-31T22:23:01.086+0300][20.710s][info][gc] GC(368) Pause Young (Allocation Failure) 817M->546M(991M) 0.283ms
[2020-01-31T22:23:01.137+0300][20.761s][info][gc] GC(369) Pause Young (Allocation Failure) 817M->546M(991M) 0.287ms
[2020-01-31T22:23:01.187+0300][20.810s][info][gc] GC(370) Pause Young (Allocation Failure) 817M->546M(991M) 0.296ms
[2020-01-31T22:23:01.240+0300][20.863s][info][gc] GC(371) Pause Young (Allocation Failure) 817M->546M(991M) 0.307ms
[2020-01-31T22:23:01.292+0300][20.915s][info][gc] GC(372) Pause Young (Allocation Failure) 817M->546M(991M) 0.288ms
[2020-01-31T22:23:01.345+0300][20.968s][info][gc] GC(373) Pause Young (Allocation Failure) 817M->546M(991M) 0.282ms
[2020-01-31T22:23:01.395+0300][21.018s][info][gc] GC(374) Pause Young (Allocation Failure) 817M->546M(991M) 0.331ms
[2020-01-31T22:23:01.447+0300][21.070s][info][gc] GC(375) Pause Young (Allocation Failure) 817M->546M(991M) 0.277ms
[2020-01-31T22:23:01.498+0300][21.122s][info][gc] GC(376) Pause Young (Allocation Failure) 817M->546M(991M) 0.279ms
[2020-01-31T22:23:01.551+0300][21.174s][info][gc] GC(377) Pause Young (Allocation Failure) 817M->546M(991M) 0.280ms
[2020-01-31T22:23:01.605+0300][21.228s][info][gc] GC(378) Pause Young (Allocation Failure) 817M->546M(991M) 0.322ms
[2020-01-31T22:23:01.658+0300][21.282s][info][gc] GC(379) Pause Young (Allocation Failure) 817M->546M(991M) 0.294ms
[2020-01-31T22:23:01.709+0300][21.332s][info][gc] GC(380) Pause Young (Allocation Failure) 817M->546M(991M) 0.290ms
[2020-01-31T22:23:01.759+0300][21.382s][info][gc] GC(381) Pause Young (Allocation Failure) 817M->546M(991M) 0.287ms
[2020-01-31T22:23:01.812+0300][21.435s][info][gc] GC(382) Pause Young (Allocation Failure) 817M->546M(991M) 0.292ms
[2020-01-31T22:23:01.862+0300][21.486s][info][gc] GC(383) Pause Young (Allocation Failure) 817M->546M(991M) 0.291ms
[2020-01-31T22:23:01.914+0300][21.538s][info][gc] GC(384) Pause Young (Allocation Failure) 817M->546M(991M) 0.294ms
[2020-01-31T22:23:01.965+0300][21.588s][info][gc] GC(385) Pause Young (Allocation Failure) 817M->546M(991M) 0.295ms
[2020-01-31T22:23:02.016+0300][21.639s][info][gc] GC(386) Pause Young (Allocation Failure) 817M->546M(991M) 0.306ms
[2020-01-31T22:23:02.069+0300][21.692s][info][gc] GC(387) Pause Young (Allocation Failure) 817M->546M(991M) 0.342ms
[2020-01-31T22:23:02.121+0300][21.744s][info][gc] GC(388) Pause Young (Allocation Failure) 817M->546M(991M) 0.298ms
[2020-01-31T22:23:02.172+0300][21.795s][info][gc] GC(389) Pause Young (Allocation Failure) 817M->546M(991M) 0.297ms
[2020-01-31T22:23:02.221+0300][21.845s][info][gc] GC(390) Pause Young (Allocation Failure) 817M->546M(991M) 0.317ms
[2020-01-31T22:23:02.274+0300][21.898s][info][gc] GC(391) Pause Young (Allocation Failure) 817M->546M(991M) 0.299ms
[2020-01-31T22:23:02.325+0300][21.949s][info][gc] GC(392) Pause Young (Allocation Failure) 817M->546M(991M) 0.399ms
[2020-01-31T22:23:02.377+0300][22.000s][info][gc] GC(393) Pause Young (Allocation Failure) 817M->546M(991M) 0.296ms
[2020-01-31T22:23:02.427+0300][22.050s][info][gc] GC(394) Pause Young (Allocation Failure) 817M->546M(991M) 0.428ms
[2020-01-31T22:23:02.480+0300][22.103s][info][gc] GC(395) Pause Young (Allocation Failure) 817M->546M(991M) 0.291ms
[2020-01-31T22:23:02.532+0300][22.155s][info][gc] GC(396) Pause Young (Allocation Failure) 817M->546M(991M) 0.286ms
[2020-01-31T22:23:02.600+0300][22.223s][info][gc] GC(397) Pause Young (Allocation Failure) 817M->546M(991M) 0.337ms
[2020-01-31T22:23:02.659+0300][22.282s][info][gc] GC(398) Pause Young (Allocation Failure) 817M->546M(991M) 0.319ms
[2020-01-31T22:23:02.712+0300][22.335s][info][gc] GC(399) Pause Young (Allocation Failure) 817M->546M(991M) 0.299ms
[2020-01-31T22:23:02.765+0300][22.388s][info][gc] GC(400) Pause Young (Allocation Failure) 817M->546M(991M) 0.312ms
[2020-01-31T22:23:02.815+0300][22.439s][info][gc] GC(401) Pause Young (Allocation Failure) 817M->546M(991M) 0.290ms
[2020-01-31T22:23:02.866+0300][22.490s][info][gc] GC(402) Pause Young (Allocation Failure) 817M->546M(991M) 0.308ms
[2020-01-31T22:23:02.919+0300][22.542s][info][gc] GC(403) Pause Young (Allocation Failure) 817M->546M(991M) 0.295ms
[2020-01-31T22:23:02.972+0300][22.595s][info][gc] GC(404) Pause Young (Allocation Failure) 817M->546M(991M) 0.291ms
[2020-01-31T22:23:03.023+0300][22.646s][info][gc] GC(405) Pause Young (Allocation Failure) 817M->546M(991M) 0.291ms
[2020-01-31T22:23:03.076+0300][22.699s][info][gc] GC(406) Pause Young (Allocation Failure) 817M->546M(991M) 0.301ms
[2020-01-31T22:23:03.126+0300][22.749s][info][gc] GC(407) Pause Young (Allocation Failure) 817M->546M(991M) 0.341ms
[2020-01-31T22:23:03.178+0300][22.801s][info][gc] GC(408) Pause Young (Allocation Failure) 817M->546M(991M) 0.294ms
[2020-01-31T22:23:03.228+0300][22.852s][info][gc] GC(409) Pause Young (Allocation Failure) 817M->546M(991M) 0.342ms
[2020-01-31T22:23:03.280+0300][22.903s][info][gc] GC(410) Pause Young (Allocation Failure) 817M->546M(991M) 0.337ms
[2020-01-31T22:23:03.334+0300][22.957s][info][gc] GC(411) Pause Young (Allocation Failure) 817M->546M(991M) 0.347ms
[2020-01-31T22:23:03.385+0300][23.008s][info][gc] GC(412) Pause Young (Allocation Failure) 817M->546M(991M) 0.294ms
[2020-01-31T22:23:03.436+0300][23.059s][info][gc] GC(413) Pause Young (Allocation Failure) 817M->546M(991M) 0.287ms
[2020-01-31T22:23:03.485+0300][23.108s][info][gc] GC(414) Pause Young (Allocation Failure) 817M->546M(991M) 0.298ms
[2020-01-31T22:23:03.539+0300][23.162s][info][gc] GC(415) Pause Young (Allocation Failure) 817M->546M(991M) 0.286ms
[2020-01-31T22:23:03.591+0300][23.214s][info][gc] GC(416) Pause Young (Allocation Failure) 817M->546M(991M) 0.320ms
[2020-01-31T22:23:03.650+0300][23.273s][info][gc] GC(417) Pause Young (Allocation Failure) 817M->546M(991M) 0.372ms
[2020-01-31T22:23:03.703+0300][23.326s][info][gc] GC(418) Pause Young (Allocation Failure) 817M->546M(991M) 0.314ms
[2020-01-31T22:23:03.757+0300][23.381s][info][gc] GC(419) Pause Young (Allocation Failure) 817M->546M(991M) 0.322ms
[2020-01-31T22:23:03.811+0300][23.435s][info][gc] GC(420) Pause Young (Allocation Failure) 817M->546M(991M) 0.301ms
[2020-01-31T22:23:03.863+0300][23.486s][info][gc] GC(421) Pause Young (Allocation Failure) 817M->546M(991M) 0.323ms
[2020-01-31T22:23:03.916+0300][23.539s][info][gc] GC(422) Pause Young (Allocation Failure) 817M->546M(991M) 0.310ms
[2020-01-31T22:23:03.970+0300][23.593s][info][gc] GC(423) Pause Young (Allocation Failure) 817M->546M(991M) 0.303ms
[2020-01-31T22:23:04.023+0300][23.646s][info][gc] GC(424) Pause Young (Allocation Failure) 817M->546M(991M) 0.300ms
[2020-01-31T22:23:04.076+0300][23.699s][info][gc] GC(425) Pause Young (Allocation Failure) 817M->546M(991M) 0.302ms
[2020-01-31T22:23:04.125+0300][23.749s][info][gc] GC(426) Pause Young (Allocation Failure) 817M->546M(991M) 0.304ms
[2020-01-31T22:23:04.177+0300][23.801s][info][gc] GC(427) Pause Young (Allocation Failure) 817M->546M(991M) 0.300ms
[2020-01-31T22:23:04.227+0300][23.850s][info][gc] GC(428) Pause Young (Allocation Failure) 817M->546M(991M) 0.317ms
[2020-01-31T22:23:04.279+0300][23.902s][info][gc] GC(429) Pause Young (Allocation Failure) 817M->546M(991M) 0.304ms
[2020-01-31T22:23:04.330+0300][23.953s][info][gc] GC(430) Pause Young (Allocation Failure) 817M->546M(991M) 0.361ms
[2020-01-31T22:23:04.383+0300][24.006s][info][gc] GC(431) Pause Young (Allocation Failure) 817M->546M(991M) 0.331ms
[2020-01-31T22:23:04.436+0300][24.059s][info][gc] GC(432) Pause Young (Allocation Failure) 817M->546M(991M) 0.300ms
[2020-01-31T22:23:04.486+0300][24.109s][info][gc] GC(433) Pause Young (Allocation Failure) 817M->546M(991M) 0.282ms
[2020-01-31T22:23:04.538+0300][24.161s][info][gc] GC(434) Pause Young (Allocation Failure) 817M->546M(991M) 0.280ms
[2020-01-31T22:23:04.589+0300][24.212s][info][gc] GC(435) Pause Young (Allocation Failure) 817M->546M(991M) 0.436ms
[2020-01-31T22:23:04.642+0300][24.265s][info][gc] GC(436) Pause Young (Allocation Failure) 817M->546M(991M) 0.310ms
[2020-01-31T22:23:04.691+0300][24.315s][info][gc] GC(437) Pause Young (Allocation Failure) 817M->546M(991M) 0.295ms
[2020-01-31T22:23:04.743+0300][24.367s][info][gc] GC(438) Pause Young (Allocation Failure) 817M->546M(991M) 0.338ms
[2020-01-31T22:23:04.795+0300][24.418s][info][gc] GC(439) Pause Young (Allocation Failure) 817M->546M(991M) 0.310ms
[2020-01-31T22:23:04.847+0300][24.470s][info][gc] GC(440) Pause Young (Allocation Failure) 817M->546M(991M) 0.294ms
[2020-01-31T22:23:04.898+0300][24.521s][info][gc] GC(441) Pause Young (Allocation Failure) 817M->546M(991M) 0.310ms
[2020-01-31T22:23:04.950+0300][24.573s][info][gc] GC(442) Pause Young (Allocation Failure) 817M->546M(991M) 0.298ms
[2020-01-31T22:23:05.003+0300][24.626s][info][gc] GC(443) Pause Young (Allocation Failure) 817M->546M(991M) 0.296ms
[2020-01-31T22:23:05.053+0300][24.677s][info][gc] GC(444) Pause Young (Allocation Failure) 817M->546M(991M) 0.294ms
[2020-01-31T22:23:05.105+0300][24.728s][info][gc] GC(445) Pause Young (Allocation Failure) 817M->546M(991M) 0.296ms
[2020-01-31T22:23:05.155+0300][24.778s][info][gc] GC(446) Pause Young (Allocation Failure) 817M->546M(991M) 0.311ms
[2020-01-31T22:23:05.206+0300][24.829s][info][gc] GC(447) Pause Young (Allocation Failure) 817M->546M(991M) 0.307ms
[2020-01-31T22:23:05.258+0300][24.881s][info][gc] GC(448) Pause Young (Allocation Failure) 817M->546M(991M) 0.300ms
[2020-01-31T22:23:05.310+0300][24.933s][info][gc] GC(449) Pause Young (Allocation Failure) 817M->546M(991M) 0.314ms
[2020-01-31T22:23:05.360+0300][24.983s][info][gc] GC(450) Pause Young (Allocation Failure) 817M->546M(991M) 0.484ms
[2020-01-31T22:23:05.412+0300][25.036s][info][gc] GC(451) Pause Young (Allocation Failure) 817M->546M(991M) 0.298ms
[2020-01-31T22:23:05.464+0300][25.088s][info][gc] GC(452) Pause Young (Allocation Failure) 817M->546M(991M) 0.283ms
[2020-01-31T22:23:05.515+0300][25.138s][info][gc] GC(453) Pause Young (Allocation Failure) 817M->546M(991M) 0.280ms
[2020-01-31T22:23:05.566+0300][25.189s][info][gc] GC(454) Pause Young (Allocation Failure) 817M->546M(991M) 0.309ms
[2020-01-31T22:23:05.621+0300][25.244s][info][gc] GC(455) Pause Young (Allocation Failure) 817M->546M(991M) 0.341ms
[2020-01-31T22:23:05.672+0300][25.295s][info][gc] GC(456) Pause Young (Allocation Failure) 817M->546M(991M) 0.313ms
[2020-01-31T22:23:05.723+0300][25.346s][info][gc] GC(457) Pause Young (Allocation Failure) 817M->546M(991M) 0.298ms
[2020-01-31T22:23:05.775+0300][25.398s][info][gc] GC(458) Pause Young (Allocation Failure) 817M->546M(991M) 0.300ms
[2020-01-31T22:23:05.825+0300][25.449s][info][gc] GC(459) Pause Young (Allocation Failure) 817M->546M(991M) 0.456ms
[2020-01-31T22:23:05.879+0300][25.502s][info][gc] GC(460) Pause Young (Allocation Failure) 817M->546M(991M) 0.297ms
[2020-01-31T22:23:05.931+0300][25.554s][info][gc] GC(461) Pause Young (Allocation Failure) 817M->546M(991M) 0.329ms
[2020-01-31T22:23:05.982+0300][25.605s][info][gc] GC(462) Pause Young (Allocation Failure) 817M->546M(991M) 0.407ms
[2020-01-31T22:23:06.036+0300][25.659s][info][gc] GC(463) Pause Young (Allocation Failure) 817M->546M(991M) 0.297ms
[2020-01-31T22:23:06.088+0300][25.711s][info][gc] GC(464) Pause Young (Allocation Failure) 817M->546M(991M) 0.296ms
[2020-01-31T22:23:06.139+0300][25.762s][info][gc] GC(465) Pause Young (Allocation Failure) 817M->546M(991M) 0.316ms
[2020-01-31T22:23:06.189+0300][25.813s][info][gc] GC(466) Pause Young (Allocation Failure) 817M->546M(991M) 0.300ms
[2020-01-31T22:23:06.241+0300][25.864s][info][gc] GC(467) Pause Young (Allocation Failure) 817M->546M(991M) 0.301ms
[2020-01-31T22:23:06.293+0300][25.916s][info][gc] GC(468) Pause Young (Allocation Failure) 817M->546M(991M) 0.297ms
[2020-01-31T22:23:06.345+0300][25.969s][info][gc] GC(469) Pause Young (Allocation Failure) 817M->546M(991M) 0.300ms
[2020-01-31T22:23:06.395+0300][26.019s][info][gc] GC(470) Pause Young (Allocation Failure) 817M->546M(991M) 0.427ms
[2020-01-31T22:23:06.447+0300][26.070s][info][gc] GC(471) Pause Young (Allocation Failure) 817M->546M(991M) 0.302ms
[2020-01-31T22:23:06.499+0300][26.122s][info][gc] GC(472) Pause Young (Allocation Failure) 817M->546M(991M) 0.283ms
[2020-01-31T22:23:06.551+0300][26.174s][info][gc] GC(473) Pause Young (Allocation Failure) 817M->546M(991M) 0.279ms
[2020-01-31T22:23:06.603+0300][26.227s][info][gc] GC(474) Pause Young (Allocation Failure) 817M->546M(991M) 0.406ms
[2020-01-31T22:23:06.659+0300][26.282s][info][gc] GC(475) Pause Young (Allocation Failure) 817M->546M(991M) 0.306ms
[2020-01-31T22:23:06.713+0300][26.336s][info][gc] GC(476) Pause Young (Allocation Failure) 817M->546M(991M) 0.308ms
[2020-01-31T22:23:06.762+0300][26.386s][info][gc] GC(477) Pause Young (Allocation Failure) 817M->546M(991M) 0.318ms
[2020-01-31T22:23:06.815+0300][26.438s][info][gc] GC(478) Pause Young (Allocation Failure) 817M->546M(991M) 0.302ms
[2020-01-31T22:23:06.867+0300][26.490s][info][gc] GC(479) Pause Young (Allocation Failure) 817M->546M(991M) 0.302ms
[2020-01-31T22:23:06.918+0300][26.541s][info][gc] GC(480) Pause Young (Allocation Failure) 817M->546M(991M) 0.303ms
[2020-01-31T22:23:06.969+0300][26.592s][info][gc] GC(481) Pause Young (Allocation Failure) 817M->546M(991M) 0.305ms
[2020-01-31T22:23:07.020+0300][26.643s][info][gc] GC(482) Pause Young (Allocation Failure) 817M->546M(991M) 0.334ms
[2020-01-31T22:23:07.073+0300][26.696s][info][gc] GC(483) Pause Young (Allocation Failure) 817M->546M(991M) 0.303ms
[2020-01-31T22:23:07.123+0300][26.747s][info][gc] GC(484) Pause Young (Allocation Failure) 817M->546M(991M) 0.310ms
[2020-01-31T22:23:07.176+0300][26.800s][info][gc] GC(485) Pause Young (Allocation Failure) 817M->546M(991M) 0.307ms
[2020-01-31T22:23:07.226+0300][26.850s][info][gc] GC(486) Pause Young (Allocation Failure) 817M->546M(991M) 0.472ms
[2020-01-31T22:23:07.281+0300][26.904s][info][gc] GC(487) Pause Young (Allocation Failure) 817M->546M(991M) 0.348ms
[2020-01-31T22:23:07.333+0300][26.956s][info][gc] GC(488) Pause Young (Allocation Failure) 817M->546M(991M) 0.303ms
[2020-01-31T22:23:07.385+0300][27.008s][info][gc] GC(489) Pause Young (Allocation Failure) 817M->546M(991M) 0.304ms
[2020-01-31T22:23:07.436+0300][27.059s][info][gc] GC(490) Pause Young (Allocation Failure) 817M->546M(991M) 0.292ms
[2020-01-31T22:23:07.486+0300][27.110s][info][gc] GC(491) Pause Young (Allocation Failure) 817M->546M(991M) 0.280ms
[2020-01-31T22:23:07.539+0300][27.163s][info][gc] GC(492) Pause Young (Allocation Failure) 817M->546M(991M) 0.279ms
[2020-01-31T22:23:07.589+0300][27.213s][info][gc] GC(493) Pause Young (Allocation Failure) 817M->546M(991M) 0.353ms
[2020-01-31T22:23:07.645+0300][27.268s][info][gc] GC(494) Pause Young (Allocation Failure) 817M->546M(991M) 0.314ms
[2020-01-31T22:23:07.698+0300][27.321s][info][gc] GC(495) Pause Young (Allocation Failure) 817M->546M(991M) 0.286ms
[2020-01-31T22:23:07.749+0300][27.372s][info][gc] GC(496) Pause Young (Allocation Failure) 817M->546M(991M) 0.285ms
[2020-01-31T22:23:07.800+0300][27.423s][info][gc] GC(497) Pause Young (Allocation Failure) 817M->546M(991M) 0.307ms
[2020-01-31T22:23:07.850+0300][27.474s][info][gc] GC(498) Pause Young (Allocation Failure) 817M->546M(991M) 0.303ms
