[2020-01-31T22:23:55.645+0300][0.014s][info][gc] Using Parallel
[2020-01-31T22:23:56.115+0300][0.484s][info][gc] GC(0) Pause Young (Allocation Failure) 257M->107M(983M) 129.378ms
[2020-01-31T22:23:56.282+0300][0.652s][info][gc] GC(1) Pause Young (Allocation Failure) 364M->154M(983M) 115.393ms
[2020-01-31T22:23:56.442+0300][0.811s][info][gc] GC(2) Pause Young (Allocation Failure) 411M->188M(983M) 95.884ms
[2020-01-31T22:23:56.575+0300][0.945s][info][gc] GC(3) Pause Young (Allocation Failure) 445M->209M(983M) 76.957ms
[2020-01-31T22:23:56.724+0300][1.093s][info][gc] GC(4) Pause Young (Allocation Failure) 466M->217M(983M) 92.673ms
[2020-01-31T22:23:56.867+0300][1.235s][info][gc] GC(5) Pause Young (Allocation Failure) 474M->210M(840M) 80.535ms
[2020-01-31T22:23:56.926+0300][1.295s][info][gc] GC(6) Pause Young (Allocation Failure) 311M->177M(912M) 23.186ms
[2020-01-31T22:23:57.042+0300][1.411s][info][gc] GC(7) Pause Young (Allocation Failure) 291M->291M(912M) 100.390ms
[2020-01-31T22:23:57.163+0300][1.532s][info][gc] GC(8) Pause Young (Allocation Failure) 405M->271M(912M) 89.625ms
[2020-01-31T22:23:57.237+0300][1.606s][info][gc] GC(9) Pause Young (Allocation Failure) 385M->252M(912M) 46.216ms
[2020-01-31T22:23:57.293+0300][1.662s][info][gc] GC(10) Pause Young (Allocation Failure) 366M->232M(912M) 31.316ms
[2020-01-31T22:23:57.338+0300][1.707s][info][gc] GC(11) Pause Young (Allocation Failure) 346M->213M(912M) 21.321ms
[2020-01-31T22:23:57.363+0300][1.732s][info][gc] GC(12) Pause Young (Allocation Failure) 313M->177M(912M) 0.474ms
[2020-01-31T22:23:57.445+0300][1.814s][info][gc] GC(13) Pause Young (Allocation Failure) 291M->291M(912M) 69.327ms
[2020-01-31T22:23:57.531+0300][1.900s][info][gc] GC(14) Pause Young (Allocation Failure) 405M->272M(912M) 61.894ms
[2020-01-31T22:23:57.599+0300][1.968s][info][gc] GC(15) Pause Young (Allocation Failure) 386M->252M(912M) 44.909ms
[2020-01-31T22:23:57.655+0300][2.024s][info][gc] GC(16) Pause Young (Allocation Failure) 366M->233M(912M) 32.292ms
[2020-01-31T22:23:57.701+0300][2.070s][info][gc] GC(17) Pause Young (Allocation Failure) 347M->213M(912M) 21.039ms
[2020-01-31T22:23:57.725+0300][2.094s][info][gc] GC(18) Pause Young (Allocation Failure) 311M->177M(912M) 0.479ms
[2020-01-31T22:23:57.810+0300][2.178s][info][gc] GC(19) Pause Young (Allocation Failure) 291M->291M(912M) 71.380ms
[2020-01-31T22:23:57.890+0300][2.260s][info][gc] GC(20) Pause Young (Allocation Failure) 405M->272M(912M) 58.327ms
[2020-01-31T22:23:57.957+0300][2.326s][info][gc] GC(21) Pause Young (Allocation Failure) 386M->252M(912M) 42.547ms
[2020-01-31T22:23:58.014+0300][2.383s][info][gc] GC(22) Pause Young (Allocation Failure) 366M->233M(912M) 32.564ms
[2020-01-31T22:23:58.057+0300][2.426s][info][gc] GC(23) Pause Young (Allocation Failure) 347M->213M(912M) 19.973ms
[2020-01-31T22:23:58.081+0300][2.451s][info][gc] GC(24) Pause Young (Allocation Failure) 311M->178M(912M) 0.923ms
[2020-01-31T22:23:58.190+0300][2.559s][info][gc] GC(25) Pause Young (Allocation Failure) 292M->291M(912M) 91.792ms
[2020-01-31T22:23:58.284+0300][2.653s][info][gc] GC(26) Pause Young (Allocation Failure) 405M->272M(912M) 69.821ms
[2020-01-31T22:23:58.354+0300][2.723s][info][gc] GC(27) Pause Young (Allocation Failure) 386M->252M(912M) 44.747ms
[2020-01-31T22:23:58.420+0300][2.789s][info][gc] GC(28) Pause Young (Allocation Failure) 366M->233M(912M) 42.229ms
[2020-01-31T22:23:58.466+0300][2.834s][info][gc] GC(29) Pause Young (Allocation Failure) 347M->213M(912M) 21.123ms
[2020-01-31T22:23:58.490+0300][2.859s][info][gc] GC(30) Pause Young (Allocation Failure) 313M->178M(912M) 1.288ms
[2020-01-31T22:23:58.576+0300][2.944s][info][gc] GC(31) Pause Young (Allocation Failure) 292M->292M(912M) 71.710ms
[2020-01-31T22:23:58.656+0300][3.025s][info][gc] GC(32) Pause Young (Allocation Failure) 406M->272M(912M) 56.916ms
[2020-01-31T22:23:58.726+0300][3.095s][info][gc] GC(33) Pause Young (Allocation Failure) 386M->252M(912M) 45.290ms
[2020-01-31T22:23:58.784+0300][3.154s][info][gc] GC(34) Pause Young (Allocation Failure) 366M->233M(912M) 33.650ms
[2020-01-31T22:23:58.830+0300][3.199s][info][gc] GC(35) Pause Young (Allocation Failure) 347M->213M(912M) 21.414ms
[2020-01-31T22:23:58.853+0300][3.222s][info][gc] GC(36) Pause Young (Allocation Failure) 313M->178M(912M) 0.847ms
[2020-01-31T22:23:58.933+0300][3.302s][info][gc] GC(37) Pause Young (Allocation Failure) 292M->292M(912M) 66.437ms
[2020-01-31T22:23:59.015+0300][3.385s][info][gc] GC(38) Pause Young (Allocation Failure) 406M->272M(912M) 58.597ms
[2020-01-31T22:23:59.095+0300][3.464s][info][gc] GC(39) Pause Young (Allocation Failure) 386M->253M(912M) 54.940ms
[2020-01-31T22:23:59.158+0300][3.527s][info][gc] GC(40) Pause Young (Allocation Failure) 367M->233M(912M) 38.611ms
[2020-01-31T22:23:59.215+0300][3.584s][info][gc] GC(41) Pause Young (Allocation Failure) 347M->213M(912M) 26.036ms
[2020-01-31T22:23:59.240+0300][3.608s][info][gc] GC(42) Pause Young (Allocation Failure) 314M->178M(912M) 0.980ms
[2020-01-31T22:23:59.331+0300][3.700s][info][gc] GC(43) Pause Young (Allocation Failure) 292M->292M(912M) 76.393ms
[2020-01-31T22:23:59.412+0300][3.781s][info][gc] GC(44) Pause Young (Allocation Failure) 406M->272M(912M) 56.596ms
[2020-01-31T22:23:59.480+0300][3.848s][info][gc] GC(45) Pause Young (Allocation Failure) 386M->253M(912M) 43.637ms
[2020-01-31T22:23:59.534+0300][3.903s][info][gc] GC(46) Pause Young (Allocation Failure) 367M->233M(912M) 31.686ms
[2020-01-31T22:23:59.576+0300][3.946s][info][gc] GC(47) Pause Young (Allocation Failure) 347M->214M(912M) 19.852ms
[2020-01-31T22:23:59.600+0300][3.969s][info][gc] GC(48) Pause Young (Allocation Failure) 311M->178M(912M) 0.479ms
[2020-01-31T22:23:59.690+0300][4.059s][info][gc] GC(49) Pause Young (Allocation Failure) 292M->292M(912M) 76.321ms
[2020-01-31T22:23:59.766+0300][4.136s][info][gc] GC(50) Pause Young (Allocation Failure) 406M->272M(912M) 53.999ms
[2020-01-31T22:23:59.834+0300][4.204s][info][gc] GC(51) Pause Young (Allocation Failure) 386M->253M(912M) 45.267ms
[2020-01-31T22:23:59.892+0300][4.260s][info][gc] GC(52) Pause Young (Allocation Failure) 367M->232M(912M) 30.737ms
[2020-01-31T22:23:59.937+0300][4.305s][info][gc] GC(53) Pause Young (Allocation Failure) 346M->212M(912M) 19.095ms
[2020-01-31T22:23:59.962+0300][4.331s][info][gc] GC(54) Pause Young (Allocation Failure) 313M->178M(912M) 0.471ms
[2020-01-31T22:24:00.052+0300][4.420s][info][gc] GC(55) Pause Young (Allocation Failure) 292M->292M(912M) 77.080ms
[2020-01-31T22:24:00.130+0300][4.498s][info][gc] GC(56) Pause Young (Allocation Failure) 406M->272M(912M) 54.265ms
[2020-01-31T22:24:00.203+0300][4.573s][info][gc] GC(57) Pause Young (Allocation Failure) 386M->252M(912M) 48.627ms
[2020-01-31T22:24:00.257+0300][4.626s][info][gc] GC(58) Pause Young (Allocation Failure) 366M->233M(912M) 29.926ms
[2020-01-31T22:24:00.302+0300][4.671s][info][gc] GC(59) Pause Young (Allocation Failure) 347M->213M(912M) 19.593ms
[2020-01-31T22:24:00.327+0300][4.696s][info][gc] GC(60) Pause Young (Allocation Failure) 314M->178M(912M) 0.560ms
[2020-01-31T22:24:00.407+0300][4.776s][info][gc] GC(61) Pause Young (Allocation Failure) 292M->292M(912M) 66.988ms
[2020-01-31T22:24:00.486+0300][4.855s][info][gc] GC(62) Pause Young (Allocation Failure) 406M->272M(912M) 54.181ms
[2020-01-31T22:24:00.552+0300][4.921s][info][gc] GC(63) Pause Young (Allocation Failure) 386M->250M(912M) 39.916ms
[2020-01-31T22:24:00.627+0300][4.996s][info][gc] GC(64) Pause Young (Allocation Failure) 364M->229M(912M) 47.742ms
[2020-01-31T22:24:00.686+0300][5.055s][info][gc] GC(65) Pause Young (Allocation Failure) 343M->209M(912M) 26.566ms
[2020-01-31T22:24:00.714+0300][5.083s][info][gc] GC(66) Pause Young (Allocation Failure) 313M->179M(912M) 0.879ms
[2020-01-31T22:24:00.794+0300][5.162s][info][gc] GC(67) Pause Young (Allocation Failure) 293M->293M(912M) 65.391ms
[2020-01-31T22:24:00.873+0300][5.242s][info][gc] GC(68) Pause Young (Allocation Failure) 407M->273M(912M) 54.316ms
[2020-01-31T22:24:00.942+0300][5.311s][info][gc] GC(69) Pause Young (Allocation Failure) 387M->254M(912M) 44.911ms
[2020-01-31T22:24:00.998+0300][5.367s][info][gc] GC(70) Pause Young (Allocation Failure) 368M->234M(912M) 32.124ms
[2020-01-31T22:24:01.045+0300][5.413s][info][gc] GC(71) Pause Young (Allocation Failure) 348M->214M(912M) 22.369ms
[2020-01-31T22:24:01.068+0300][5.437s][info][gc] GC(72) Pause Young (Allocation Failure) 315M->179M(912M) 0.494ms
[2020-01-31T22:24:01.144+0300][5.514s][info][gc] GC(73) Pause Young (Allocation Failure) 293M->293M(912M) 64.624ms
[2020-01-31T22:24:01.228+0300][5.597s][info][gc] GC(74) Pause Young (Allocation Failure) 407M->273M(912M) 59.434ms
[2020-01-31T22:24:01.300+0300][5.669s][info][gc] GC(75) Pause Young (Allocation Failure) 387M->254M(912M) 47.075ms
[2020-01-31T22:24:01.356+0300][5.724s][info][gc] GC(76) Pause Young (Allocation Failure) 368M->234M(912M) 30.542ms
[2020-01-31T22:24:01.403+0300][5.773s][info][gc] GC(77) Pause Young (Allocation Failure) 348M->215M(912M) 20.036ms
[2020-01-31T22:24:01.427+0300][5.796s][info][gc] GC(78) Pause Young (Allocation Failure) 315M->179M(912M) 0.622ms
[2020-01-31T22:24:01.508+0300][5.877s][info][gc] GC(79) Pause Young (Allocation Failure) 293M->293M(912M) 68.114ms
[2020-01-31T22:24:01.600+0300][5.969s][info][gc] GC(80) Pause Young (Allocation Failure) 407M->273M(912M) 68.530ms
[2020-01-31T22:24:01.674+0300][6.042s][info][gc] GC(81) Pause Young (Allocation Failure) 387M->253M(912M) 47.140ms
[2020-01-31T22:24:01.731+0300][6.100s][info][gc] GC(82) Pause Young (Allocation Failure) 367M->234M(912M) 33.184ms
[2020-01-31T22:24:01.775+0300][6.144s][info][gc] GC(83) Pause Young (Allocation Failure) 348M->213M(912M) 19.785ms
[2020-01-31T22:24:01.799+0300][6.168s][info][gc] GC(84) Pause Young (Allocation Failure) 313M->179M(912M) 0.548ms
[2020-01-31T22:24:01.881+0300][6.251s][info][gc] GC(85) Pause Young (Allocation Failure) 293M->293M(912M) 66.975ms
[2020-01-31T22:24:01.964+0300][6.333s][info][gc] GC(86) Pause Young (Allocation Failure) 407M->274M(912M) 58.103ms
[2020-01-31T22:24:02.032+0300][6.402s][info][gc] GC(87) Pause Young (Allocation Failure) 388M->254M(912M) 44.720ms
[2020-01-31T22:24:02.090+0300][6.459s][info][gc] GC(88) Pause Young (Allocation Failure) 368M->234M(912M) 34.180ms
[2020-01-31T22:24:02.134+0300][6.503s][info][gc] GC(89) Pause Young (Allocation Failure) 348M->215M(912M) 20.730ms
[2020-01-31T22:24:02.159+0300][6.528s][info][gc] GC(90) Pause Young (Allocation Failure) 313M->179M(912M) 0.554ms
[2020-01-31T22:24:02.237+0300][6.606s][info][gc] GC(91) Pause Young (Allocation Failure) 293M->293M(912M) 65.700ms
[2020-01-31T22:24:02.317+0300][6.685s][info][gc] GC(92) Pause Young (Allocation Failure) 407M->274M(912M) 55.974ms
[2020-01-31T22:24:02.385+0300][6.754s][info][gc] GC(93) Pause Young (Allocation Failure) 388M->254M(912M) 44.489ms
[2020-01-31T22:24:02.439+0300][6.809s][info][gc] GC(94) Pause Young (Allocation Failure) 368M->235M(912M) 31.399ms
[2020-01-31T22:24:02.484+0300][6.853s][info][gc] GC(95) Pause Young (Allocation Failure) 349M->215M(912M) 20.195ms
[2020-01-31T22:24:02.507+0300][6.876s][info][gc] GC(96) Pause Young (Allocation Failure) 313M->179M(912M) 0.500ms
[2020-01-31T22:24:02.616+0300][6.985s][info][gc] GC(97) Pause Young (Allocation Failure) 293M->293M(912M) 94.566ms
[2020-01-31T22:24:02.702+0300][7.070s][info][gc] GC(98) Pause Young (Allocation Failure) 407M->273M(912M) 54.911ms
[2020-01-31T22:24:02.766+0300][7.135s][info][gc] GC(99) Pause Young (Allocation Failure) 387M->253M(912M) 41.226ms
[2020-01-31T22:24:02.821+0300][7.190s][info][gc] GC(100) Pause Young (Allocation Failure) 367M->234M(912M) 32.031ms
[2020-01-31T22:24:02.865+0300][7.235s][info][gc] GC(101) Pause Young (Allocation Failure) 348M->214M(912M) 20.421ms
[2020-01-31T22:24:02.890+0300][7.259s][info][gc] GC(102) Pause Young (Allocation Failure) 314M->179M(912M) 0.919ms
[2020-01-31T22:24:02.970+0300][7.339s][info][gc] GC(103) Pause Young (Allocation Failure) 293M->293M(912M) 67.941ms
[2020-01-31T22:24:03.054+0300][7.422s][info][gc] GC(104) Pause Young (Allocation Failure) 407M->274M(912M) 57.295ms
[2020-01-31T22:24:03.121+0300][7.490s][info][gc] GC(105) Pause Young (Allocation Failure) 388M->254M(912M) 43.905ms
[2020-01-31T22:24:03.175+0300][7.545s][info][gc] GC(106) Pause Young (Allocation Failure) 368M->235M(912M) 31.480ms
[2020-01-31T22:24:03.221+0300][7.590s][info][gc] GC(107) Pause Young (Allocation Failure) 349M->215M(912M) 21.700ms
[2020-01-31T22:24:03.245+0300][7.614s][info][gc] GC(108) Pause Young (Allocation Failure) 313M->179M(912M) 0.919ms
[2020-01-31T22:24:03.328+0300][7.697s][info][gc] GC(109) Pause Young (Allocation Failure) 293M->293M(912M) 70.211ms
[2020-01-31T22:24:03.406+0300][7.775s][info][gc] GC(110) Pause Young (Allocation Failure) 407M->274M(912M) 55.190ms
[2020-01-31T22:24:03.477+0300][7.845s][info][gc] GC(111) Pause Young (Allocation Failure) 388M->254M(912M) 46.900ms
[2020-01-31T22:24:03.531+0300][7.900s][info][gc] GC(112) Pause Young (Allocation Failure) 368M->235M(912M) 32.001ms
[2020-01-31T22:24:03.579+0300][7.949s][info][gc] GC(113) Pause Young (Allocation Failure) 349M->215M(912M) 21.570ms
[2020-01-31T22:24:03.605+0300][7.974s][info][gc] GC(114) Pause Young (Allocation Failure) 314M->180M(912M) 0.517ms
[2020-01-31T22:24:03.683+0300][8.052s][info][gc] GC(115) Pause Young (Allocation Failure) 294M->294M(912M) 64.770ms
[2020-01-31T22:24:03.761+0300][8.129s][info][gc] GC(116) Pause Young (Allocation Failure) 408M->274M(912M) 54.122ms
[2020-01-31T22:24:03.830+0300][8.199s][info][gc] GC(117) Pause Young (Allocation Failure) 388M->255M(912M) 46.173ms
[2020-01-31T22:24:03.889+0300][8.257s][info][gc] GC(118) Pause Young (Allocation Failure) 369M->235M(912M) 33.288ms
[2020-01-31T22:24:03.933+0300][8.302s][info][gc] GC(119) Pause Young (Allocation Failure) 349M->215M(912M) 20.660ms
[2020-01-31T22:24:03.957+0300][8.327s][info][gc] GC(120) Pause Young (Allocation Failure) 313M->180M(912M) 0.683ms
[2020-01-31T22:24:04.044+0300][8.413s][info][gc] GC(121) Pause Young (Allocation Failure) 294M->294M(912M) 73.223ms
[2020-01-31T22:24:04.126+0300][8.495s][info][gc] GC(122) Pause Young (Allocation Failure) 408M->274M(912M) 57.808ms
[2020-01-31T22:24:04.196+0300][8.565s][info][gc] GC(123) Pause Young (Allocation Failure) 388M->255M(912M) 45.830ms
[2020-01-31T22:24:04.259+0300][8.627s][info][gc] GC(124) Pause Young (Allocation Failure) 369M->235M(912M) 37.725ms
[2020-01-31T22:24:04.304+0300][8.674s][info][gc] GC(125) Pause Young (Allocation Failure) 349M->215M(912M) 19.895ms
[2020-01-31T22:24:04.328+0300][8.697s][info][gc] GC(126) Pause Young (Allocation Failure) 313M->180M(912M) 0.513ms
[2020-01-31T22:24:04.408+0300][8.776s][info][gc] GC(127) Pause Young (Allocation Failure) 294M->294M(912M) 65.815ms
[2020-01-31T22:24:04.485+0300][8.854s][info][gc] GC(128) Pause Young (Allocation Failure) 408M->274M(912M) 54.714ms
[2020-01-31T22:24:04.554+0300][8.923s][info][gc] GC(129) Pause Young (Allocation Failure) 388M->255M(912M) 44.505ms
[2020-01-31T22:24:04.608+0300][8.977s][info][gc] GC(130) Pause Young (Allocation Failure) 369M->235M(912M) 30.971ms
[2020-01-31T22:24:04.654+0300][9.024s][info][gc] GC(131) Pause Young (Allocation Failure) 349M->215M(912M) 22.256ms
[2020-01-31T22:24:04.678+0300][9.048s][info][gc] GC(132) Pause Young (Allocation Failure) 315M->180M(912M) 0.891ms
[2020-01-31T22:24:04.759+0300][9.128s][info][gc] GC(133) Pause Young (Allocation Failure) 294M->294M(912M) 66.856ms
[2020-01-31T22:24:04.837+0300][9.206s][info][gc] GC(134) Pause Young (Allocation Failure) 408M->274M(912M) 54.077ms
[2020-01-31T22:24:04.904+0300][9.273s][info][gc] GC(135) Pause Young (Allocation Failure) 388M->255M(912M) 43.856ms
[2020-01-31T22:24:04.960+0300][9.329s][info][gc] GC(136) Pause Young (Allocation Failure) 369M->235M(912M) 32.427ms
[2020-01-31T22:24:05.006+0300][9.374s][info][gc] GC(137) Pause Young (Allocation Failure) 349M->216M(912M) 20.880ms
[2020-01-31T22:24:05.029+0300][9.399s][info][gc] GC(138) Pause Young (Allocation Failure) 314M->180M(912M) 0.574ms
[2020-01-31T22:24:05.116+0300][9.485s][info][gc] GC(139) Pause Young (Allocation Failure) 294M->294M(912M) 73.660ms
[2020-01-31T22:24:05.193+0300][9.562s][info][gc] GC(140) Pause Young (Allocation Failure) 408M->274M(912M) 54.354ms
[2020-01-31T22:24:05.260+0300][9.629s][info][gc] GC(141) Pause Young (Allocation Failure) 388M->255M(912M) 41.289ms
[2020-01-31T22:24:05.319+0300][9.687s][info][gc] GC(142) Pause Young (Allocation Failure) 369M->235M(912M) 32.681ms
[2020-01-31T22:24:05.361+0300][9.730s][info][gc] GC(143) Pause Young (Allocation Failure) 349M->216M(912M) 20.008ms
[2020-01-31T22:24:05.384+0300][9.753s][info][gc] GC(144) Pause Young (Allocation Failure) 314M->180M(912M) 0.511ms
[2020-01-31T22:24:05.459+0300][9.829s][info][gc] GC(145) Pause Young (Allocation Failure) 294M->294M(912M) 63.826ms
[2020-01-31T22:24:05.539+0300][9.908s][info][gc] GC(146) Pause Young (Allocation Failure) 408M->275M(912M) 55.202ms
[2020-01-31T22:24:05.613+0300][9.982s][info][gc] GC(147) Pause Young (Allocation Failure) 389M->255M(912M) 49.924ms
[2020-01-31T22:24:05.668+0300][10.037s][info][gc] GC(148) Pause Young (Allocation Failure) 369M->235M(912M) 31.028ms
[2020-01-31T22:24:05.711+0300][10.080s][info][gc] GC(149) Pause Young (Allocation Failure) 349M->216M(912M) 19.810ms
[2020-01-31T22:24:05.735+0300][10.104s][info][gc] GC(150) Pause Young (Allocation Failure) 316M->180M(912M) 0.503ms
[2020-01-31T22:24:05.815+0300][10.185s][info][gc] GC(151) Pause Young (Allocation Failure) 294M->294M(912M) 66.094ms
[2020-01-31T22:24:05.899+0300][10.268s][info][gc] GC(152) Pause Young (Allocation Failure) 408M->275M(912M) 58.005ms
[2020-01-31T22:24:05.969+0300][10.338s][info][gc] GC(153) Pause Young (Allocation Failure) 389M->255M(912M) 46.367ms
[2020-01-31T22:24:06.022+0300][10.391s][info][gc] GC(154) Pause Young (Allocation Failure) 369M->236M(912M) 30.416ms
[2020-01-31T22:24:06.068+0300][10.437s][info][gc] GC(155) Pause Young (Allocation Failure) 350M->216M(912M) 19.990ms
[2020-01-31T22:24:06.093+0300][10.462s][info][gc] GC(156) Pause Young (Allocation Failure) 314M->180M(912M) 0.498ms
[2020-01-31T22:24:06.167+0300][10.537s][info][gc] GC(157) Pause Young (Allocation Failure) 294M->294M(912M) 62.913ms
[2020-01-31T22:24:06.245+0300][10.615s][info][gc] GC(158) Pause Young (Allocation Failure) 408M->275M(912M) 53.812ms
[2020-01-31T22:24:06.317+0300][10.686s][info][gc] GC(159) Pause Young (Allocation Failure) 389M->255M(912M) 46.753ms
[2020-01-31T22:24:06.372+0300][10.741s][info][gc] GC(160) Pause Young (Allocation Failure) 369M->236M(912M) 30.988ms
[2020-01-31T22:24:06.417+0300][10.786s][info][gc] GC(161) Pause Young (Allocation Failure) 350M->216M(912M) 20.833ms
[2020-01-31T22:24:06.441+0300][10.810s][info][gc] GC(162) Pause Young (Allocation Failure) 314M->180M(912M) 0.646ms
[2020-01-31T22:24:06.526+0300][10.895s][info][gc] GC(163) Pause Young (Allocation Failure) 294M->294M(912M) 70.401ms
[2020-01-31T22:24:06.606+0300][10.975s][info][gc] GC(164) Pause Young (Allocation Failure) 408M->275M(912M) 55.742ms
[2020-01-31T22:24:06.675+0300][11.044s][info][gc] GC(165) Pause Young (Allocation Failure) 389M->255M(912M) 42.783ms
[2020-01-31T22:24:06.733+0300][11.102s][info][gc] GC(166) Pause Young (Allocation Failure) 369M->236M(912M) 33.887ms
[2020-01-31T22:24:06.778+0300][11.147s][info][gc] GC(167) Pause Young (Allocation Failure) 350M->216M(912M) 20.647ms
[2020-01-31T22:24:06.803+0300][11.172s][info][gc] GC(168) Pause Young (Allocation Failure) 316M->180M(912M) 0.510ms
[2020-01-31T22:24:06.886+0300][11.255s][info][gc] GC(169) Pause Young (Allocation Failure) 294M->294M(912M) 69.076ms
[2020-01-31T22:24:06.963+0300][11.332s][info][gc] GC(170) Pause Young (Allocation Failure) 408M->275M(912M) 53.405ms
[2020-01-31T22:24:07.032+0300][11.401s][info][gc] GC(171) Pause Young (Allocation Failure) 389M->255M(912M) 43.386ms
[2020-01-31T22:24:07.089+0300][11.457s][info][gc] GC(172) Pause Young (Allocation Failure) 369M->236M(912M) 32.040ms
[2020-01-31T22:24:07.133+0300][11.502s][info][gc] GC(173) Pause Young (Allocation Failure) 350M->216M(912M) 20.576ms
[2020-01-31T22:24:07.157+0300][11.526s][info][gc] GC(174) Pause Young (Allocation Failure) 314M->180M(912M) 0.955ms
[2020-01-31T22:24:07.233+0300][11.602s][info][gc] GC(175) Pause Young (Allocation Failure) 294M->294M(912M) 64.180ms
[2020-01-31T22:24:07.314+0300][11.682s][info][gc] GC(176) Pause Young (Allocation Failure) 408M->275M(912M) 57.090ms
[2020-01-31T22:24:07.380+0300][11.749s][info][gc] GC(177) Pause Young (Allocation Failure) 389M->255M(912M) 42.190ms
[2020-01-31T22:24:07.435+0300][11.803s][info][gc] GC(178) Pause Young (Allocation Failure) 369M->236M(912M) 30.927ms
[2020-01-31T22:24:07.478+0300][11.848s][info][gc] GC(179) Pause Young (Allocation Failure) 350M->216M(912M) 20.191ms
[2020-01-31T22:24:07.502+0300][11.872s][info][gc] GC(180) Pause Young (Allocation Failure) 314M->181M(912M) 0.861ms
[2020-01-31T22:24:07.580+0300][11.949s][info][gc] GC(181) Pause Young (Allocation Failure) 295M->295M(912M) 63.719ms
[2020-01-31T22:24:07.663+0300][12.032s][info][gc] GC(182) Pause Young (Allocation Failure) 409M->275M(912M) 59.978ms
[2020-01-31T22:24:07.735+0300][12.104s][info][gc] GC(183) Pause Young (Allocation Failure) 389M->255M(912M) 45.330ms
[2020-01-31T22:24:07.790+0300][12.159s][info][gc] GC(184) Pause Young (Allocation Failure) 369M->236M(912M) 31.343ms
[2020-01-31T22:24:07.834+0300][12.203s][info][gc] GC(185) Pause Young (Allocation Failure) 350M->216M(912M) 20.541ms
[2020-01-31T22:24:07.857+0300][12.227s][info][gc] GC(186) Pause Young (Allocation Failure) 316M->181M(912M) 0.832ms
[2020-01-31T22:24:07.958+0300][12.327s][info][gc] GC(187) Pause Young (Allocation Failure) 295M->295M(912M) 82.362ms
[2020-01-31T22:24:08.036+0300][12.405s][info][gc] GC(188) Pause Young (Allocation Failure) 409M->275M(912M) 53.946ms
[2020-01-31T22:24:08.101+0300][12.470s][info][gc] GC(189) Pause Young (Allocation Failure) 389M->256M(912M) 42.316ms
[2020-01-31T22:24:08.154+0300][12.523s][info][gc] GC(190) Pause Young (Allocation Failure) 370M->236M(912M) 30.499ms
[2020-01-31T22:24:08.202+0300][12.571s][info][gc] GC(191) Pause Young (Allocation Failure) 350M->216M(912M) 22.033ms
[2020-01-31T22:24:08.225+0300][12.594s][info][gc] GC(192) Pause Young (Allocation Failure) 314M->181M(912M) 0.518ms
[2020-01-31T22:24:08.302+0300][12.672s][info][gc] GC(193) Pause Young (Allocation Failure) 295M->295M(912M) 65.205ms
[2020-01-31T22:24:08.381+0300][12.749s][info][gc] GC(194) Pause Young (Allocation Failure) 409M->275M(912M) 54.725ms
[2020-01-31T22:24:08.449+0300][12.819s][info][gc] GC(195) Pause Young (Allocation Failure) 389M->256M(912M) 44.772ms
[2020-01-31T22:24:08.504+0300][12.873s][info][gc] GC(196) Pause Young (Allocation Failure) 370M->236M(912M) 30.924ms
[2020-01-31T22:24:08.547+0300][12.916s][info][gc] GC(197) Pause Young (Allocation Failure) 350M->217M(912M) 19.689ms
[2020-01-31T22:24:08.571+0300][12.940s][info][gc] GC(198) Pause Young (Allocation Failure) 315M->181M(912M) 0.509ms
[2020-01-31T22:24:08.658+0300][13.027s][info][gc] GC(199) Pause Young (Allocation Failure) 295M->295M(912M) 73.368ms
[2020-01-31T22:24:08.740+0300][13.109s][info][gc] GC(200) Pause Young (Allocation Failure) 409M->275M(912M) 55.638ms
[2020-01-31T22:24:08.804+0300][13.173s][info][gc] GC(201) Pause Young (Allocation Failure) 389M->256M(912M) 41.055ms
[2020-01-31T22:24:08.859+0300][13.228s][info][gc] GC(202) Pause Young (Allocation Failure) 370M->236M(912M) 30.742ms
[2020-01-31T22:24:08.905+0300][13.274s][info][gc] GC(203) Pause Young (Allocation Failure) 350M->217M(912M) 20.920ms
[2020-01-31T22:24:08.931+0300][13.300s][info][gc] GC(204) Pause Young (Allocation Failure) 317M->181M(912M) 0.502ms
[2020-01-31T22:24:09.009+0300][13.379s][info][gc] GC(205) Pause Young (Allocation Failure) 295M->295M(912M) 65.475ms
[2020-01-31T22:24:09.087+0300][13.456s][info][gc] GC(206) Pause Young (Allocation Failure) 409M->275M(912M) 53.473ms
[2020-01-31T22:24:09.155+0300][13.524s][info][gc] GC(207) Pause Young (Allocation Failure) 389M->256M(912M) 43.562ms
[2020-01-31T22:24:09.211+0300][13.580s][info][gc] GC(208) Pause Young (Allocation Failure) 370M->236M(912M) 31.507ms
[2020-01-31T22:24:09.256+0300][13.624s][info][gc] GC(209) Pause Young (Allocation Failure) 350M->217M(912M) 21.243ms
[2020-01-31T22:24:09.279+0300][13.648s][info][gc] GC(210) Pause Young (Allocation Failure) 315M->181M(912M) 0.511ms
[2020-01-31T22:24:09.357+0300][13.726s][info][gc] GC(211) Pause Young (Allocation Failure) 295M->295M(912M) 65.534ms
[2020-01-31T22:24:09.438+0300][13.807s][info][gc] GC(212) Pause Young (Allocation Failure) 409M->276M(912M) 55.177ms
[2020-01-31T22:24:09.503+0300][13.872s][info][gc] GC(213) Pause Young (Allocation Failure) 390M->256M(912M) 41.490ms
[2020-01-31T22:24:09.556+0300][13.925s][info][gc] GC(214) Pause Young (Allocation Failure) 370M->236M(912M) 30.851ms
[2020-01-31T22:24:09.602+0300][13.971s][info][gc] GC(215) Pause Young (Allocation Failure) 350M->217M(912M) 20.929ms
[2020-01-31T22:24:09.631+0300][14.000s][info][gc] GC(216) Pause Young (Allocation Failure) 315M->181M(912M) 0.500ms
[2020-01-31T22:24:09.712+0300][14.081s][info][gc] GC(217) Pause Young (Allocation Failure) 295M->295M(912M) 67.951ms
[2020-01-31T22:24:09.788+0300][14.158s][info][gc] GC(218) Pause Young (Allocation Failure) 409M->276M(912M) 53.672ms
[2020-01-31T22:24:09.855+0300][14.224s][info][gc] GC(219) Pause Young (Allocation Failure) 390M->256M(912M) 42.182ms
[2020-01-31T22:24:09.911+0300][14.280s][info][gc] GC(220) Pause Young (Allocation Failure) 370M->236M(912M) 32.359ms
[2020-01-31T22:24:09.954+0300][14.324s][info][gc] GC(221) Pause Young (Allocation Failure) 350M->217M(912M) 19.917ms
[2020-01-31T22:24:09.979+0300][14.348s][info][gc] GC(222) Pause Young (Allocation Failure) 315M->181M(912M) 0.986ms
[2020-01-31T22:24:10.056+0300][14.425s][info][gc] GC(223) Pause Young (Allocation Failure) 295M->295M(912M) 64.050ms
[2020-01-31T22:24:10.137+0300][14.506s][info][gc] GC(224) Pause Young (Allocation Failure) 409M->276M(912M) 56.821ms
[2020-01-31T22:24:10.204+0300][14.573s][info][gc] GC(225) Pause Young (Allocation Failure) 390M->256M(912M) 44.343ms
[2020-01-31T22:24:10.259+0300][14.627s][info][gc] GC(226) Pause Young (Allocation Failure) 370M->237M(912M) 30.963ms
[2020-01-31T22:24:10.303+0300][14.671s][info][gc] GC(227) Pause Young (Allocation Failure) 351M->217M(912M) 19.807ms
[2020-01-31T22:24:10.325+0300][14.695s][info][gc] GC(228) Pause Young (Allocation Failure) 315M->181M(912M) 0.877ms
[2020-01-31T22:24:10.403+0300][14.773s][info][gc] GC(229) Pause Young (Allocation Failure) 295M->295M(912M) 64.941ms
[2020-01-31T22:24:10.483+0300][14.852s][info][gc] GC(230) Pause Young (Allocation Failure) 409M->276M(912M) 56.157ms
[2020-01-31T22:24:10.551+0300][14.920s][info][gc] GC(231) Pause Young (Allocation Failure) 390M->256M(912M) 43.769ms
[2020-01-31T22:24:10.604+0300][14.973s][info][gc] GC(232) Pause Young (Allocation Failure) 370M->237M(912M) 30.758ms
[2020-01-31T22:24:10.653+0300][15.022s][info][gc] GC(233) Pause Young (Allocation Failure) 351M->217M(912M) 20.101ms
[2020-01-31T22:24:10.677+0300][15.046s][info][gc] GC(234) Pause Young (Allocation Failure) 317M->181M(912M) 0.752ms
[2020-01-31T22:24:10.759+0300][15.129s][info][gc] GC(235) Pause Young (Allocation Failure) 295M->295M(912M) 68.152ms
[2020-01-31T22:24:10.836+0300][15.205s][info][gc] GC(236) Pause Young (Allocation Failure) 409M->276M(912M) 53.459ms
[2020-01-31T22:24:10.902+0300][15.271s][info][gc] GC(237) Pause Young (Allocation Failure) 390M->256M(912M) 43.097ms
[2020-01-31T22:24:10.956+0300][15.325s][info][gc] GC(238) Pause Young (Allocation Failure) 370M->237M(912M) 31.129ms
[2020-01-31T22:24:11.004+0300][15.372s][info][gc] GC(239) Pause Young (Allocation Failure) 351M->217M(912M) 22.180ms
[2020-01-31T22:24:11.028+0300][15.397s][info][gc] GC(240) Pause Young (Allocation Failure) 315M->181M(912M) 0.507ms
[2020-01-31T22:24:11.105+0300][15.474s][info][gc] GC(241) Pause Young (Allocation Failure) 295M->295M(912M) 65.258ms
[2020-01-31T22:24:11.182+0300][15.551s][info][gc] GC(242) Pause Young (Allocation Failure) 409M->276M(912M) 53.201ms
[2020-01-31T22:24:11.248+0300][15.617s][info][gc] GC(243) Pause Young (Allocation Failure) 390M->256M(912M) 42.887ms
[2020-01-31T22:24:11.303+0300][15.672s][info][gc] GC(244) Pause Young (Allocation Failure) 370M->237M(912M) 31.656ms
[2020-01-31T22:24:11.346+0300][15.715s][info][gc] GC(245) Pause Young (Allocation Failure) 351M->217M(912M) 19.834ms
[2020-01-31T22:24:11.372+0300][15.740s][info][gc] GC(246) Pause Young (Allocation Failure) 315M->181M(912M) 0.930ms
[2020-01-31T22:24:11.452+0300][15.821s][info][gc] GC(247) Pause Young (Allocation Failure) 295M->296M(912M) 67.192ms
[2020-01-31T22:24:11.530+0300][15.899s][info][gc] GC(248) Pause Young (Allocation Failure) 410M->276M(912M) 54.542ms
[2020-01-31T22:24:11.597+0300][15.966s][info][gc] GC(249) Pause Young (Allocation Failure) 390M->256M(912M) 43.623ms
[2020-01-31T22:24:11.653+0300][16.023s][info][gc] GC(250) Pause Young (Allocation Failure) 370M->237M(912M) 30.617ms
[2020-01-31T22:24:11.701+0300][16.071s][info][gc] GC(251) Pause Young (Allocation Failure) 351M->217M(912M) 19.871ms
[2020-01-31T22:24:11.727+0300][16.096s][info][gc] GC(252) Pause Young (Allocation Failure) 317M->182M(912M) 0.510ms
[2020-01-31T22:24:11.803+0300][16.172s][info][gc] GC(253) Pause Young (Allocation Failure) 296M->296M(912M) 63.521ms
[2020-01-31T22:24:11.880+0300][16.249s][info][gc] GC(254) Pause Young (Allocation Failure) 410M->276M(912M) 53.853ms
[2020-01-31T22:24:11.947+0300][16.316s][info][gc] GC(255) Pause Young (Allocation Failure) 390M->257M(912M) 43.581ms
[2020-01-31T22:24:12.004+0300][16.373s][info][gc] GC(256) Pause Young (Allocation Failure) 371M->237M(912M) 32.290ms
[2020-01-31T22:24:12.047+0300][16.416s][info][gc] GC(257) Pause Young (Allocation Failure) 351M->217M(912M) 19.777ms
[2020-01-31T22:24:12.071+0300][16.440s][info][gc] GC(258) Pause Young (Allocation Failure) 315M->182M(912M) 0.510ms
[2020-01-31T22:24:12.148+0300][16.517s][info][gc] GC(259) Pause Young (Allocation Failure) 296M->296M(912M) 63.735ms
[2020-01-31T22:24:12.228+0300][16.597s][info][gc] GC(260) Pause Young (Allocation Failure) 410M->276M(912M) 57.028ms
[2020-01-31T22:24:12.295+0300][16.664s][info][gc] GC(261) Pause Young (Allocation Failure) 390M->257M(912M) 42.525ms
[2020-01-31T22:24:12.350+0300][16.720s][info][gc] GC(262) Pause Young (Allocation Failure) 371M->237M(912M) 32.684ms
[2020-01-31T22:24:12.393+0300][16.762s][info][gc] GC(263) Pause Young (Allocation Failure) 351M->218M(912M) 20.099ms
[2020-01-31T22:24:12.416+0300][16.785s][info][gc] GC(264) Pause Young (Allocation Failure) 316M->182M(912M) 0.514ms
[2020-01-31T22:24:12.494+0300][16.862s][info][gc] GC(265) Pause Young (Allocation Failure) 296M->296M(912M) 65.038ms
[2020-01-31T22:24:12.571+0300][16.940s][info][gc] GC(266) Pause Young (Allocation Failure) 410M->276M(912M) 53.953ms
[2020-01-31T22:24:12.637+0300][17.006s][info][gc] GC(267) Pause Young (Allocation Failure) 390M->257M(912M) 43.234ms
[2020-01-31T22:24:12.695+0300][17.064s][info][gc] GC(268) Pause Young (Allocation Failure) 371M->237M(912M) 33.355ms
[2020-01-31T22:24:12.738+0300][17.107s][info][gc] GC(269) Pause Young (Allocation Failure) 351M->217M(912M) 19.967ms
[2020-01-31T22:24:12.762+0300][17.131s][info][gc] GC(270) Pause Young (Allocation Failure) 318M->182M(912M) 0.513ms
[2020-01-31T22:24:12.839+0300][17.207s][info][gc] GC(271) Pause Young (Allocation Failure) 296M->296M(912M) 64.128ms
[2020-01-31T22:24:12.915+0300][17.284s][info][gc] GC(272) Pause Young (Allocation Failure) 410M->276M(912M) 53.799ms
[2020-01-31T22:24:12.984+0300][17.353s][info][gc] GC(273) Pause Young (Allocation Failure) 390M->257M(912M) 45.922ms
[2020-01-31T22:24:13.038+0300][17.408s][info][gc] GC(274) Pause Young (Allocation Failure) 371M->237M(912M) 30.435ms
[2020-01-31T22:24:13.083+0300][17.452s][info][gc] GC(275) Pause Young (Allocation Failure) 351M->218M(912M) 21.036ms
[2020-01-31T22:24:13.107+0300][17.476s][info][gc] GC(276) Pause Young (Allocation Failure) 316M->182M(912M) 0.598ms
[2020-01-31T22:24:13.187+0300][17.556s][info][gc] GC(277) Pause Young (Allocation Failure) 296M->296M(912M) 65.744ms
[2020-01-31T22:24:13.265+0300][17.633s][info][gc] GC(278) Pause Young (Allocation Failure) 410M->277M(912M) 53.235ms
[2020-01-31T22:24:13.328+0300][17.698s][info][gc] GC(279) Pause Young (Allocation Failure) 391M->257M(912M) 42.031ms
[2020-01-31T22:24:13.383+0300][17.752s][info][gc] GC(280) Pause Young (Allocation Failure) 371M->237M(912M) 30.883ms
[2020-01-31T22:24:13.430+0300][17.799s][info][gc] GC(281) Pause Young (Allocation Failure) 351M->218M(912M) 21.024ms
[2020-01-31T22:24:13.454+0300][17.823s][info][gc] GC(282) Pause Young (Allocation Failure) 316M->182M(912M) 0.510ms
[2020-01-31T22:24:13.532+0300][17.901s][info][gc] GC(283) Pause Young (Allocation Failure) 296M->296M(912M) 64.984ms
[2020-01-31T22:24:13.609+0300][17.978s][info][gc] GC(284) Pause Young (Allocation Failure) 410M->277M(912M) 53.309ms
[2020-01-31T22:24:13.681+0300][18.049s][info][gc] GC(285) Pause Young (Allocation Failure) 391M->257M(912M) 44.083ms
[2020-01-31T22:24:13.736+0300][18.105s][info][gc] GC(286) Pause Young (Allocation Failure) 371M->237M(912M) 32.023ms
[2020-01-31T22:24:13.779+0300][18.148s][info][gc] GC(287) Pause Young (Allocation Failure) 351M->218M(912M) 19.971ms
[2020-01-31T22:24:13.803+0300][18.172s][info][gc] GC(288) Pause Young (Allocation Failure) 318M->182M(912M) 0.507ms
[2020-01-31T22:24:13.880+0300][18.249s][info][gc] GC(289) Pause Young (Allocation Failure) 296M->296M(912M) 63.944ms
[2020-01-31T22:24:13.967+0300][18.336s][info][gc] GC(290) Pause Young (Allocation Failure) 410M->277M(912M) 62.633ms
[2020-01-31T22:24:14.034+0300][18.402s][info][gc] GC(291) Pause Young (Allocation Failure) 391M->257M(912M) 42.865ms
[2020-01-31T22:24:14.086+0300][18.456s][info][gc] GC(292) Pause Young (Allocation Failure) 371M->238M(912M) 30.853ms
[2020-01-31T22:24:14.132+0300][18.501s][info][gc] GC(293) Pause Young (Allocation Failure) 352M->218M(912M) 20.749ms
[2020-01-31T22:24:14.156+0300][18.525s][info][gc] GC(294) Pause Young (Allocation Failure) 316M->182M(912M) 0.513ms
[2020-01-31T22:24:14.233+0300][18.602s][info][gc] GC(295) Pause Young (Allocation Failure) 296M->296M(912M) 65.033ms
[2020-01-31T22:24:14.313+0300][18.682s][info][gc] GC(296) Pause Young (Allocation Failure) 410M->277M(912M) 55.299ms
[2020-01-31T22:24:14.379+0300][18.747s][info][gc] GC(297) Pause Young (Allocation Failure) 391M->257M(912M) 41.712ms
[2020-01-31T22:24:14.434+0300][18.802s][info][gc] GC(298) Pause Young (Allocation Failure) 371M->238M(912M) 30.794ms
[2020-01-31T22:24:14.482+0300][18.852s][info][gc] GC(299) Pause Young (Allocation Failure) 352M->218M(912M) 20.215ms
[2020-01-31T22:24:14.508+0300][18.877s][info][gc] GC(300) Pause Young (Allocation Failure) 316M->182M(912M) 0.510ms
[2020-01-31T22:24:14.586+0300][18.955s][info][gc] GC(301) Pause Young (Allocation Failure) 296M->296M(912M) 64.779ms
[2020-01-31T22:24:14.667+0300][19.036s][info][gc] GC(302) Pause Young (Allocation Failure) 410M->277M(912M) 53.667ms
[2020-01-31T22:24:14.734+0300][19.103s][info][gc] GC(303) Pause Young (Allocation Failure) 391M->257M(912M) 43.035ms
[2020-01-31T22:24:14.789+0300][19.158s][info][gc] GC(304) Pause Young (Allocation Failure) 371M->238M(912M) 30.932ms
[2020-01-31T22:24:14.833+0300][19.203s][info][gc] GC(305) Pause Young (Allocation Failure) 352M->218M(912M) 20.667ms
[2020-01-31T22:24:14.857+0300][19.226s][info][gc] GC(306) Pause Young (Allocation Failure) 318M->182M(912M) 0.515ms
[2020-01-31T22:24:14.935+0300][19.303s][info][gc] GC(307) Pause Young (Allocation Failure) 296M->296M(912M) 64.328ms
[2020-01-31T22:24:15.015+0300][19.384s][info][gc] GC(308) Pause Young (Allocation Failure) 410M->277M(912M) 56.698ms
[2020-01-31T22:24:15.084+0300][19.453s][info][gc] GC(309) Pause Young (Allocation Failure) 391M->257M(912M) 43.183ms
[2020-01-31T22:24:15.138+0300][19.507s][info][gc] GC(310) Pause Young (Allocation Failure) 371M->238M(912M) 30.877ms
[2020-01-31T22:24:15.182+0300][19.551s][info][gc] GC(311) Pause Young (Allocation Failure) 352M->218M(912M) 20.468ms
[2020-01-31T22:24:15.205+0300][19.574s][info][gc] GC(312) Pause Young (Allocation Failure) 316M->182M(912M) 0.502ms
[2020-01-31T22:24:15.288+0300][19.657s][info][gc] GC(313) Pause Young (Allocation Failure) 296M->296M(912M) 69.057ms
[2020-01-31T22:24:15.365+0300][19.734s][info][gc] GC(314) Pause Young (Allocation Failure) 410M->277M(912M) 53.477ms
[2020-01-31T22:24:15.431+0300][19.801s][info][gc] GC(315) Pause Young (Allocation Failure) 391M->257M(912M) 44.032ms
[2020-01-31T22:24:15.485+0300][19.854s][info][gc] GC(316) Pause Young (Allocation Failure) 371M->238M(912M) 30.873ms
[2020-01-31T22:24:15.530+0300][19.899s][info][gc] GC(317) Pause Young (Allocation Failure) 352M->218M(912M) 21.131ms
[2020-01-31T22:24:15.554+0300][19.923s][info][gc] GC(318) Pause Young (Allocation Failure) 316M->183M(912M) 0.515ms
[2020-01-31T22:24:15.633+0300][20.002s][info][gc] GC(319) Pause Young (Allocation Failure) 297M->297M(912M) 66.763ms
[2020-01-31T22:24:15.713+0300][20.081s][info][gc] GC(320) Pause Young (Allocation Failure) 411M->277M(912M) 54.845ms
[2020-01-31T22:24:15.780+0300][20.149s][info][gc] GC(321) Pause Young (Allocation Failure) 391M->257M(912M) 44.077ms
[2020-01-31T22:24:15.834+0300][20.204s][info][gc] GC(322) Pause Young (Allocation Failure) 371M->238M(912M) 31.664ms
[2020-01-31T22:24:15.878+0300][20.247s][info][gc] GC(323) Pause Young (Allocation Failure) 352M->218M(912M) 20.088ms
[2020-01-31T22:24:15.902+0300][20.271s][info][gc] GC(324) Pause Young (Allocation Failure) 318M->183M(912M) 0.518ms
[2020-01-31T22:24:15.982+0300][20.351s][info][gc] GC(325) Pause Young (Allocation Failure) 297M->297M(912M) 67.053ms
[2020-01-31T22:24:16.064+0300][20.432s][info][gc] GC(326) Pause Young (Allocation Failure) 411M->277M(912M) 57.300ms
[2020-01-31T22:24:16.131+0300][20.499s][info][gc] GC(327) Pause Young (Allocation Failure) 391M->258M(912M) 42.361ms
[2020-01-31T22:24:16.184+0300][20.553s][info][gc] GC(328) Pause Young (Allocation Failure) 372M->238M(912M) 30.728ms
[2020-01-31T22:24:16.230+0300][20.599s][info][gc] GC(329) Pause Young (Allocation Failure) 352M->218M(912M) 21.675ms
[2020-01-31T22:24:16.254+0300][20.623s][info][gc] GC(330) Pause Young (Allocation Failure) 316M->183M(912M) 0.510ms
[2020-01-31T22:24:16.331+0300][20.700s][info][gc] GC(331) Pause Young (Allocation Failure) 297M->297M(912M) 64.158ms
[2020-01-31T22:24:16.408+0300][20.776s][info][gc] GC(332) Pause Young (Allocation Failure) 411M->277M(912M) 53.840ms
[2020-01-31T22:24:16.477+0300][20.846s][info][gc] GC(333) Pause Young (Allocation Failure) 391M->258M(912M) 45.949ms
[2020-01-31T22:24:16.533+0300][20.902s][info][gc] GC(334) Pause Young (Allocation Failure) 372M->238M(912M) 30.433ms
[2020-01-31T22:24:16.576+0300][20.946s][info][gc] GC(335) Pause Young (Allocation Failure) 352M->219M(912M) 21.043ms
[2020-01-31T22:24:16.600+0300][20.970s][info][gc] GC(336) Pause Young (Allocation Failure) 317M->183M(912M) 0.533ms
[2020-01-31T22:24:16.685+0300][21.054s][info][gc] GC(337) Pause Young (Allocation Failure) 297M->297M(912M) 68.316ms
[2020-01-31T22:24:16.761+0300][21.129s][info][gc] GC(338) Pause Young (Allocation Failure) 411M->277M(912M) 52.445ms
[2020-01-31T22:24:16.825+0300][21.193s][info][gc] GC(339) Pause Young (Allocation Failure) 391M->258M(912M) 40.807ms
[2020-01-31T22:24:16.880+0300][21.248s][info][gc] GC(340) Pause Young (Allocation Failure) 372M->238M(912M) 29.991ms
[2020-01-31T22:24:16.924+0300][21.294s][info][gc] GC(341) Pause Young (Allocation Failure) 352M->218M(912M) 20.767ms
[2020-01-31T22:24:16.948+0300][21.318s][info][gc] GC(342) Pause Young (Allocation Failure) 319M->183M(912M) 0.755ms
[2020-01-31T22:24:17.026+0300][21.395s][info][gc] GC(343) Pause Young (Allocation Failure) 297M->297M(912M) 64.968ms
[2020-01-31T22:24:17.103+0300][21.471s][info][gc] GC(344) Pause Young (Allocation Failure) 411M->277M(912M) 52.256ms
[2020-01-31T22:24:17.169+0300][21.537s][info][gc] GC(345) Pause Young (Allocation Failure) 391M->258M(912M) 43.331ms
[2020-01-31T22:24:17.224+0300][21.593s][info][gc] GC(346) Pause Young (Allocation Failure) 372M->238M(912M) 32.413ms
[2020-01-31T22:24:17.267+0300][21.636s][info][gc] GC(347) Pause Young (Allocation Failure) 352M->219M(912M) 19.839ms
[2020-01-31T22:24:17.290+0300][21.660s][info][gc] GC(348) Pause Young (Allocation Failure) 317M->183M(912M) 0.600ms
[2020-01-31T22:24:17.368+0300][21.737s][info][gc] GC(349) Pause Young (Allocation Failure) 297M->297M(912M) 64.986ms
[2020-01-31T22:24:17.448+0300][21.817s][info][gc] GC(350) Pause Young (Allocation Failure) 411M->277M(912M) 57.707ms
[2020-01-31T22:24:17.517+0300][21.886s][info][gc] GC(351) Pause Young (Allocation Failure) 391M->258M(912M) 42.774ms
[2020-01-31T22:24:17.571+0300][21.940s][info][gc] GC(352) Pause Young (Allocation Failure) 372M->238M(912M) 31.382ms
[2020-01-31T22:24:17.615+0300][21.984s][info][gc] GC(353) Pause Young (Allocation Failure) 352M->219M(912M) 20.537ms
[2020-01-31T22:24:17.641+0300][22.009s][info][gc] GC(354) Pause Young (Allocation Failure) 317M->183M(912M) 1.092ms
[2020-01-31T22:24:17.718+0300][22.088s][info][gc] GC(355) Pause Young (Allocation Failure) 297M->297M(912M) 65.879ms
[2020-01-31T22:24:17.799+0300][22.168s][info][gc] GC(356) Pause Young (Allocation Failure) 411M->278M(912M) 55.452ms
[2020-01-31T22:24:17.864+0300][22.233s][info][gc] GC(357) Pause Young (Allocation Failure) 392M->258M(912M) 42.262ms
[2020-01-31T22:24:17.918+0300][22.287s][info][gc] GC(358) Pause Young (Allocation Failure) 372M->238M(912M) 30.454ms
[2020-01-31T22:24:17.966+0300][22.335s][info][gc] GC(359) Pause Young (Allocation Failure) 352M->219M(912M) 21.480ms
[2020-01-31T22:24:17.991+0300][22.360s][info][gc] GC(360) Pause Young (Allocation Failure) 317M->183M(912M) 0.510ms
[2020-01-31T22:24:18.070+0300][22.439s][info][gc] GC(361) Pause Young (Allocation Failure) 297M->297M(912M) 66.659ms
[2020-01-31T22:24:18.147+0300][22.516s][info][gc] GC(362) Pause Young (Allocation Failure) 411M->278M(912M) 53.581ms
[2020-01-31T22:24:18.212+0300][22.581s][info][gc] GC(363) Pause Young (Allocation Failure) 392M->258M(912M) 41.875ms
[2020-01-31T22:24:18.267+0300][22.637s][info][gc] GC(364) Pause Young (Allocation Failure) 372M->238M(912M) 31.234ms
[2020-01-31T22:24:18.310+0300][22.680s][info][gc] GC(365) Pause Young (Allocation Failure) 352M->219M(912M) 19.848ms
[2020-01-31T22:24:18.334+0300][22.703s][info][gc] GC(366) Pause Young (Allocation Failure) 317M->183M(912M) 0.510ms
[2020-01-31T22:24:18.409+0300][22.779s][info][gc] GC(367) Pause Young (Allocation Failure) 297M->297M(912M) 62.342ms
[2020-01-31T22:24:18.488+0300][22.857s][info][gc] GC(368) Pause Young (Allocation Failure) 411M->278M(912M) 54.801ms
[2020-01-31T22:24:18.556+0300][22.925s][info][gc] GC(369) Pause Young (Allocation Failure) 392M->258M(912M) 43.581ms
[2020-01-31T22:24:18.609+0300][22.979s][info][gc] GC(370) Pause Young (Allocation Failure) 372M->239M(912M) 31.043ms
[2020-01-31T22:24:18.656+0300][23.025s][info][gc] GC(371) Pause Young (Allocation Failure) 353M->219M(912M) 20.679ms
[2020-01-31T22:24:18.681+0300][23.050s][info][gc] GC(372) Pause Young (Allocation Failure) 319M->183M(912M) 0.942ms
[2020-01-31T22:24:18.760+0300][23.129s][info][gc] GC(373) Pause Young (Allocation Failure) 297M->297M(912M) 65.207ms
[2020-01-31T22:24:18.837+0300][23.205s][info][gc] GC(374) Pause Young (Allocation Failure) 411M->278M(912M) 53.050ms
[2020-01-31T22:24:18.903+0300][23.272s][info][gc] GC(375) Pause Young (Allocation Failure) 392M->258M(912M) 43.255ms
[2020-01-31T22:24:18.958+0300][23.326s][info][gc] GC(376) Pause Young (Allocation Failure) 372M->239M(912M) 31.139ms
[2020-01-31T22:24:19.004+0300][23.373s][info][gc] GC(377) Pause Young (Allocation Failure) 353M->219M(912M) 22.722ms
[2020-01-31T22:24:19.028+0300][23.398s][info][gc] GC(378) Pause Young (Allocation Failure) 317M->183M(912M) 0.877ms
[2020-01-31T22:24:19.106+0300][23.476s][info][gc] GC(379) Pause Young (Allocation Failure) 297M->297M(912M) 65.412ms
[2020-01-31T22:24:19.182+0300][23.551s][info][gc] GC(380) Pause Young (Allocation Failure) 411M->278M(912M) 52.305ms
[2020-01-31T22:24:19.248+0300][23.617s][info][gc] GC(381) Pause Young (Allocation Failure) 392M->258M(912M) 42.674ms
[2020-01-31T22:24:19.310+0300][23.679s][info][gc] GC(382) Pause Young (Allocation Failure) 372M->239M(912M) 38.097ms
[2020-01-31T22:24:19.356+0300][23.726s][info][gc] GC(383) Pause Young (Allocation Failure) 353M->219M(912M) 24.063ms
[2020-01-31T22:24:19.383+0300][23.751s][info][gc] GC(384) Pause Young (Allocation Failure) 317M->183M(912M) 0.976ms
[2020-01-31T22:24:19.459+0300][23.828s][info][gc] GC(385) Pause Young (Allocation Failure) 297M->297M(912M) 64.004ms
[2020-01-31T22:24:19.539+0300][23.909s][info][gc] GC(386) Pause Young (Allocation Failure) 411M->278M(912M) 55.046ms
[2020-01-31T22:24:19.606+0300][23.975s][info][gc] GC(387) Pause Young (Allocation Failure) 392M->258M(912M) 42.315ms
[2020-01-31T22:24:19.666+0300][24.035s][info][gc] GC(388) Pause Young (Allocation Failure) 372M->239M(912M) 30.539ms
[2020-01-31T22:24:19.716+0300][24.085s][info][gc] GC(389) Pause Young (Allocation Failure) 353M->219M(912M) 23.249ms
[2020-01-31T22:24:19.739+0300][24.108s][info][gc] GC(390) Pause Young (Allocation Failure) 319M->184M(912M) 0.522ms
[2020-01-31T22:24:19.816+0300][24.185s][info][gc] GC(391) Pause Young (Allocation Failure) 298M->298M(912M) 62.918ms
[2020-01-31T22:24:19.894+0300][24.263s][info][gc] GC(392) Pause Young (Allocation Failure) 412M->278M(912M) 55.304ms
[2020-01-31T22:24:19.961+0300][24.330s][info][gc] GC(393) Pause Young (Allocation Failure) 392M->259M(912M) 43.114ms
[2020-01-31T22:24:20.016+0300][24.385s][info][gc] GC(394) Pause Young (Allocation Failure) 373M->239M(912M) 30.825ms
[2020-01-31T22:24:20.059+0300][24.428s][info][gc] GC(395) Pause Young (Allocation Failure) 353M->219M(912M) 20.041ms
[2020-01-31T22:24:20.083+0300][24.452s][info][gc] GC(396) Pause Young (Allocation Failure) 317M->184M(912M) 0.521ms
[2020-01-31T22:24:20.163+0300][24.532s][info][gc] GC(397) Pause Young (Allocation Failure) 298M->298M(912M) 67.405ms
[2020-01-31T22:24:20.240+0300][24.608s][info][gc] GC(398) Pause Young (Allocation Failure) 412M->278M(912M) 52.967ms
[2020-01-31T22:24:20.306+0300][24.676s][info][gc] GC(399) Pause Young (Allocation Failure) 392M->259M(912M) 44.036ms
[2020-01-31T22:24:20.362+0300][24.731s][info][gc] GC(400) Pause Young (Allocation Failure) 373M->239M(912M) 31.863ms
[2020-01-31T22:24:20.406+0300][24.775s][info][gc] GC(401) Pause Young (Allocation Failure) 353M->219M(912M) 20.962ms
[2020-01-31T22:24:20.430+0300][24.799s][info][gc] GC(402) Pause Young (Allocation Failure) 317M->184M(912M) 0.508ms
[2020-01-31T22:24:20.507+0300][24.876s][info][gc] GC(403) Pause Young (Allocation Failure) 298M->298M(912M) 64.114ms
[2020-01-31T22:24:20.583+0300][24.952s][info][gc] GC(404) Pause Young (Allocation Failure) 412M->278M(912M) 52.439ms
[2020-01-31T22:24:20.653+0300][25.021s][info][gc] GC(405) Pause Young (Allocation Failure) 392M->259M(912M) 45.272ms
[2020-01-31T22:24:20.706+0300][25.075s][info][gc] GC(406) Pause Young (Allocation Failure) 373M->239M(912M) 30.423ms
[2020-01-31T22:24:20.750+0300][25.120s][info][gc] GC(407) Pause Young (Allocation Failure) 353M->219M(912M) 19.842ms
[2020-01-31T22:24:20.774+0300][25.143s][info][gc] GC(408) Pause Young (Allocation Failure) 320M->184M(912M) 0.510ms
[2020-01-31T22:24:20.851+0300][25.220s][info][gc] GC(409) Pause Young (Allocation Failure) 298M->298M(912M) 63.437ms
[2020-01-31T22:24:20.934+0300][25.303s][info][gc] GC(410) Pause Young (Allocation Failure) 412M->278M(912M) 59.433ms
[2020-01-31T22:24:21.001+0300][25.370s][info][gc] GC(411) Pause Young (Allocation Failure) 392M->259M(912M) 43.365ms
[2020-01-31T22:24:21.054+0300][25.423s][info][gc] GC(412) Pause Young (Allocation Failure) 373M->239M(912M) 29.861ms
[2020-01-31T22:24:21.098+0300][25.468s][info][gc] GC(413) Pause Young (Allocation Failure) 353M->220M(912M) 20.620ms
[2020-01-31T22:24:21.122+0300][25.491s][info][gc] GC(414) Pause Young (Allocation Failure) 318M->184M(912M) 0.513ms
[2020-01-31T22:24:21.203+0300][25.572s][info][gc] GC(415) Pause Young (Allocation Failure) 298M->298M(912M) 67.809ms
[2020-01-31T22:24:21.282+0300][25.652s][info][gc] GC(416) Pause Young (Allocation Failure) 412M->278M(912M) 55.610ms
[2020-01-31T22:24:21.347+0300][25.717s][info][gc] GC(417) Pause Young (Allocation Failure) 392M->259M(912M) 42.277ms
[2020-01-31T22:24:21.402+0300][25.771s][info][gc] GC(418) Pause Young (Allocation Failure) 373M->239M(912M) 31.271ms
[2020-01-31T22:24:21.447+0300][25.815s][info][gc] GC(419) Pause Young (Allocation Failure) 353M->220M(912M) 20.222ms
[2020-01-31T22:24:21.471+0300][25.840s][info][gc] GC(420) Pause Young (Allocation Failure) 318M->184M(912M) 0.509ms
[2020-01-31T22:24:21.557+0300][25.925s][info][gc] GC(421) Pause Young (Allocation Failure) 298M->298M(912M) 71.977ms
[2020-01-31T22:24:21.633+0300][26.003s][info][gc] GC(422) Pause Young (Allocation Failure) 412M->279M(912M) 53.948ms
[2020-01-31T22:24:21.704+0300][26.073s][info][gc] GC(423) Pause Young (Allocation Failure) 393M->259M(912M) 44.996ms
[2020-01-31T22:24:21.758+0300][26.127s][info][gc] GC(424) Pause Young (Allocation Failure) 373M->239M(912M) 30.827ms
[2020-01-31T22:24:21.800+0300][26.169s][info][gc] GC(425) Pause Young (Allocation Failure) 353M->220M(912M) 20.258ms
[2020-01-31T22:24:21.823+0300][26.193s][info][gc] GC(426) Pause Young (Allocation Failure) 320M->184M(912M) 0.896ms
[2020-01-31T22:24:21.899+0300][26.268s][info][gc] GC(427) Pause Young (Allocation Failure) 298M->298M(912M) 62.359ms
[2020-01-31T22:24:21.978+0300][26.347s][info][gc] GC(428) Pause Young (Allocation Failure) 412M->279M(912M) 55.757ms
[2020-01-31T22:24:22.048+0300][26.417s][info][gc] GC(429) Pause Young (Allocation Failure) 393M->259M(912M) 44.639ms
[2020-01-31T22:24:22.102+0300][26.470s][info][gc] GC(430) Pause Young (Allocation Failure) 373M->239M(912M) 30.892ms
[2020-01-31T22:24:22.146+0300][26.514s][info][gc] GC(431) Pause Young (Allocation Failure) 353M->220M(912M) 20.511ms
[2020-01-31T22:24:22.169+0300][26.538s][info][gc] GC(432) Pause Young (Allocation Failure) 318M->184M(912M) 0.511ms
[2020-01-31T22:24:22.248+0300][26.617s][info][gc] GC(433) Pause Young (Allocation Failure) 298M->298M(912M) 65.789ms
[2020-01-31T22:24:22.326+0300][26.695s][info][gc] GC(434) Pause Young (Allocation Failure) 412M->279M(912M) 53.019ms
[2020-01-31T22:24:22.390+0300][26.759s][info][gc] GC(435) Pause Young (Allocation Failure) 393M->259M(912M) 41.381ms
[2020-01-31T22:24:22.446+0300][26.814s][info][gc] GC(436) Pause Young (Allocation Failure) 373M->240M(912M) 31.142ms
[2020-01-31T22:24:22.492+0300][26.861s][info][gc] GC(437) Pause Young (Allocation Failure) 354M->220M(912M) 20.543ms
[2020-01-31T22:24:22.516+0300][26.885s][info][gc] GC(438) Pause Young (Allocation Failure) 318M->184M(912M) 0.507ms
[2020-01-31T22:24:22.593+0300][26.963s][info][gc] GC(439) Pause Young (Allocation Failure) 298M->298M(912M) 65.777ms
[2020-01-31T22:24:22.688+0300][27.057s][info][gc] GC(440) Pause Young (Allocation Failure) 412M->279M(912M) 65.412ms
[2020-01-31T22:24:22.757+0300][27.126s][info][gc] GC(441) Pause Young (Allocation Failure) 393M->259M(912M) 44.413ms
[2020-01-31T22:24:22.811+0300][27.180s][info][gc] GC(442) Pause Young (Allocation Failure) 373M->239M(912M) 31.920ms
[2020-01-31T22:24:22.856+0300][27.224s][info][gc] GC(443) Pause Young (Allocation Failure) 353M->220M(912M) 20.259ms
[2020-01-31T22:24:22.879+0300][27.248s][info][gc] GC(444) Pause Young (Allocation Failure) 320M->184M(912M) 0.512ms
[2020-01-31T22:24:22.955+0300][27.325s][info][gc] GC(445) Pause Young (Allocation Failure) 298M->298M(912M) 64.245ms
[2020-01-31T22:24:23.037+0300][27.406s][info][gc] GC(446) Pause Young (Allocation Failure) 412M->279M(912M) 57.065ms
[2020-01-31T22:24:23.104+0300][27.472s][info][gc] GC(447) Pause Young (Allocation Failure) 393M->259M(912M) 43.479ms
[2020-01-31T22:24:23.157+0300][27.526s][info][gc] GC(448) Pause Young (Allocation Failure) 373M->240M(912M) 31.275ms
[2020-01-31T22:24:23.201+0300][27.570s][info][gc] GC(449) Pause Young (Allocation Failure) 354M->220M(912M) 20.210ms
[2020-01-31T22:24:23.224+0300][27.593s][info][gc] GC(450) Pause Young (Allocation Failure) 318M->184M(912M) 0.520ms
[2020-01-31T22:24:23.307+0300][27.676s][info][gc] GC(451) Pause Young (Allocation Failure) 298M->298M(912M) 70.428ms
[2020-01-31T22:24:23.386+0300][27.755s][info][gc] GC(452) Pause Young (Allocation Failure) 412M->279M(912M) 55.970ms
[2020-01-31T22:24:23.452+0300][27.820s][info][gc] GC(453) Pause Young (Allocation Failure) 393M->259M(912M) 42.481ms
[2020-01-31T22:24:23.504+0300][27.874s][info][gc] GC(454) Pause Young (Allocation Failure) 373M->240M(912M) 30.445ms
[2020-01-31T22:24:23.550+0300][27.920s][info][gc] GC(455) Pause Young (Allocation Failure) 354M->220M(912M) 20.914ms
[2020-01-31T22:24:23.574+0300][27.944s][info][gc] GC(456) Pause Young (Allocation Failure) 318M->184M(912M) 0.901ms
[2020-01-31T22:24:23.653+0300][28.021s][info][gc] GC(457) Pause Young (Allocation Failure) 298M->298M(912M) 64.280ms
[2020-01-31T22:24:23.735+0300][28.104s][info][gc] GC(458) Pause Young (Allocation Failure) 412M->279M(912M) 53.970ms
[2020-01-31T22:24:23.802+0300][28.171s][info][gc] GC(459) Pause Young (Allocation Failure) 393M->259M(912M) 43.756ms
[2020-01-31T22:24:23.856+0300][28.225s][info][gc] GC(460) Pause Young (Allocation Failure) 373M->240M(912M) 30.615ms
[2020-01-31T22:24:23.903+0300][28.272s][info][gc] GC(461) Pause Young (Allocation Failure) 354M->220M(912M) 21.472ms
[2020-01-31T22:24:23.927+0300][28.296s][info][gc] GC(462) Pause Young (Allocation Failure) 320M->185M(912M) 0.509ms
[2020-01-31T22:24:24.005+0300][28.373s][info][gc] GC(463) Pause Young (Allocation Failure) 299M->299M(912M) 64.585ms
[2020-01-31T22:24:24.084+0300][28.454s][info][gc] GC(464) Pause Young (Allocation Failure) 413M->279M(912M) 56.546ms
[2020-01-31T22:24:24.151+0300][28.520s][info][gc] GC(465) Pause Young (Allocation Failure) 393M->260M(912M) 43.470ms
[2020-01-31T22:24:24.204+0300][28.573s][info][gc] GC(466) Pause Young (Allocation Failure) 374M->240M(912M) 30.224ms
[2020-01-31T22:24:24.250+0300][28.619s][info][gc] GC(467) Pause Young (Allocation Failure) 354M->220M(912M) 20.645ms
[2020-01-31T22:24:24.274+0300][28.643s][info][gc] GC(468) Pause Young (Allocation Failure) 318M->185M(912M) 0.515ms
[2020-01-31T22:24:24.351+0300][28.720s][info][gc] GC(469) Pause Young (Allocation Failure) 299M->299M(912M) 63.570ms
[2020-01-31T22:24:24.435+0300][28.804s][info][gc] GC(470) Pause Young (Allocation Failure) 413M->279M(912M) 60.700ms
[2020-01-31T22:24:24.504+0300][28.873s][info][gc] GC(471) Pause Young (Allocation Failure) 393M->260M(912M) 44.049ms
[2020-01-31T22:24:24.561+0300][28.930s][info][gc] GC(472) Pause Young (Allocation Failure) 374M->240M(912M) 32.676ms
[2020-01-31T22:24:24.605+0300][28.974s][info][gc] GC(473) Pause Young (Allocation Failure) 354M->220M(912M) 19.745ms
[2020-01-31T22:24:24.630+0300][28.999s][info][gc] GC(474) Pause Young (Allocation Failure) 318M->185M(912M) 0.610ms
[2020-01-31T22:24:24.707+0300][29.076s][info][gc] GC(475) Pause Young (Allocation Failure) 299M->299M(912M) 64.677ms
[2020-01-31T22:24:24.786+0300][29.155s][info][gc] GC(476) Pause Young (Allocation Failure) 413M->279M(912M) 55.600ms
[2020-01-31T22:24:24.852+0300][29.221s][info][gc] GC(477) Pause Young (Allocation Failure) 393M->260M(912M) 42.339ms
[2020-01-31T22:24:24.906+0300][29.276s][info][gc] GC(478) Pause Young (Allocation Failure) 374M->240M(912M) 31.681ms
[2020-01-31T22:24:24.953+0300][29.322s][info][gc] GC(479) Pause Young (Allocation Failure) 354M->221M(912M) 20.281ms
[2020-01-31T22:24:24.978+0300][29.347s][info][gc] GC(480) Pause Young (Allocation Failure) 318M->185M(912M) 1.056ms
[2020-01-31T22:24:25.055+0300][29.424s][info][gc] GC(481) Pause Young (Allocation Failure) 299M->299M(912M) 63.882ms
[2020-01-31T22:24:25.132+0300][29.501s][info][gc] GC(482) Pause Young (Allocation Failure) 413M->279M(912M) 53.579ms
[2020-01-31T22:24:25.198+0300][29.568s][info][gc] GC(483) Pause Young (Allocation Failure) 393M->260M(912M) 43.707ms
[2020-01-31T22:24:25.253+0300][29.622s][info][gc] GC(484) Pause Young (Allocation Failure) 374M->240M(912M) 31.199ms
[2020-01-31T22:24:25.298+0300][29.667s][info][gc] GC(485) Pause Young (Allocation Failure) 354M->221M(912M) 20.877ms
[2020-01-31T22:24:25.322+0300][29.691s][info][gc] GC(486) Pause Young (Allocation Failure) 319M->185M(912M) 0.853ms
[2020-01-31T22:24:25.397+0300][29.767s][info][gc] GC(487) Pause Young (Allocation Failure) 299M->299M(912M) 63.059ms
[2020-01-31T22:24:25.475+0300][29.845s][info][gc] GC(488) Pause Young (Allocation Failure) 413M->279M(912M) 54.628ms
[2020-01-31T22:24:25.544+0300][29.913s][info][gc] GC(489) Pause Young (Allocation Failure) 393M->260M(912M) 44.755ms
[2020-01-31T22:24:25.601+0300][29.969s][info][gc] GC(490) Pause Young (Allocation Failure) 374M->240M(912M) 32.829ms
[2020-01-31T22:24:25.654+0300][30.023s][info][gc] GC(491) Pause Young (Allocation Failure) 354M->221M(912M) 21.472ms
[2020-01-31T22:24:25.678+0300][30.047s][info][gc] GC(492) Pause Young (Allocation Failure) 321M->185M(912M) 0.884ms
[2020-01-31T22:24:25.756+0300][30.126s][info][gc] GC(493) Pause Young (Allocation Failure) 299M->299M(912M) 65.356ms
[2020-01-31T22:24:25.832+0300][30.201s][info][gc] GC(494) Pause Young (Allocation Failure) 413M->280M(912M) 52.116ms
[2020-01-31T22:24:25.902+0300][30.272s][info][gc] GC(495) Pause Young (Allocation Failure) 394M->260M(912M) 47.169ms
[2020-01-31T22:24:25.960+0300][30.329s][info][gc] GC(496) Pause Young (Allocation Failure) 374M->240M(912M) 33.600ms
[2020-01-31T22:24:26.004+0300][30.373s][info][gc] GC(497) Pause Young (Allocation Failure) 354M->221M(912M) 20.321ms
[2020-01-31T22:24:26.028+0300][30.397s][info][gc] GC(498) Pause Young (Allocation Failure) 319M->185M(912M) 0.508ms
[2020-01-31T22:24:26.104+0300][30.473s][info][gc] GC(499) Pause Young (Allocation Failure) 299M->299M(912M) 63.665ms
[2020-01-31T22:24:26.181+0300][30.551s][info][gc] GC(500) Pause Young (Allocation Failure) 413M->280M(912M) 54.834ms
[2020-01-31T22:24:26.248+0300][30.617s][info][gc] GC(501) Pause Young (Allocation Failure) 394M->260M(912M) 41.488ms
[2020-01-31T22:24:26.302+0300][30.671s][info][gc] GC(502) Pause Young (Allocation Failure) 374M->240M(912M) 30.462ms
[2020-01-31T22:24:26.347+0300][30.716s][info][gc] GC(503) Pause Young (Allocation Failure) 354M->221M(912M) 20.257ms
[2020-01-31T22:24:26.371+0300][30.740s][info][gc] GC(504) Pause Young (Allocation Failure) 319M->185M(912M) 0.510ms
[2020-01-31T22:24:26.449+0300][30.818s][info][gc] GC(505) Pause Young (Allocation Failure) 299M->299M(912M) 64.365ms
[2020-01-31T22:24:26.526+0300][30.895s][info][gc] GC(506) Pause Young (Allocation Failure) 413M->280M(912M) 53.130ms
[2020-01-31T22:24:26.596+0300][30.965s][info][gc] GC(507) Pause Young (Allocation Failure) 394M->260M(912M) 45.266ms
[2020-01-31T22:24:26.658+0300][31.027s][info][gc] GC(508) Pause Young (Allocation Failure) 374M->240M(912M) 33.853ms
[2020-01-31T22:24:26.702+0300][31.070s][info][gc] GC(509) Pause Young (Allocation Failure) 354M->221M(912M) 19.651ms
[2020-01-31T22:24:26.724+0300][31.093s][info][gc] GC(510) Pause Young (Allocation Failure) 321M->185M(912M) 0.513ms
[2020-01-31T22:24:26.801+0300][31.170s][info][gc] GC(511) Pause Young (Allocation Failure) 299M->299M(912M) 64.787ms
[2020-01-31T22:24:26.879+0300][31.248s][info][gc] GC(512) Pause Young (Allocation Failure) 413M->280M(912M) 54.179ms
[2020-01-31T22:24:26.945+0300][31.314s][info][gc] GC(513) Pause Young (Allocation Failure) 394M->260M(912M) 41.813ms
[2020-01-31T22:24:27.001+0300][31.370s][info][gc] GC(514) Pause Young (Allocation Failure) 374M->241M(912M) 31.722ms
[2020-01-31T22:24:27.046+0300][31.415s][info][gc] GC(515) Pause Young (Allocation Failure) 355M->221M(912M) 20.161ms
[2020-01-31T22:24:27.070+0300][31.440s][info][gc] GC(516) Pause Young (Allocation Failure) 319M->185M(912M) 0.868ms
[2020-01-31T22:24:27.146+0300][31.516s][info][gc] GC(517) Pause Young (Allocation Failure) 299M->299M(912M) 62.023ms
[2020-01-31T22:24:27.225+0300][31.594s][info][gc] GC(518) Pause Young (Allocation Failure) 413M->280M(912M) 54.441ms
[2020-01-31T22:24:27.293+0300][31.662s][info][gc] GC(519) Pause Young (Allocation Failure) 394M->260M(912M) 43.548ms
[2020-01-31T22:24:27.347+0300][31.716s][info][gc] GC(520) Pause Young (Allocation Failure) 374M->241M(912M) 31.181ms
[2020-01-31T22:24:27.391+0300][31.759s][info][gc] GC(521) Pause Young (Allocation Failure) 355M->221M(912M) 20.300ms
[2020-01-31T22:24:27.413+0300][31.782s][info][gc] GC(522) Pause Young (Allocation Failure) 319M->185M(912M) 0.900ms
[2020-01-31T22:24:27.489+0300][31.858s][info][gc] GC(523) Pause Young (Allocation Failure) 299M->299M(912M) 63.503ms
[2020-01-31T22:24:27.567+0300][31.937s][info][gc] GC(524) Pause Young (Allocation Failure) 413M->280M(912M) 55.152ms
[2020-01-31T22:24:27.637+0300][32.006s][info][gc] GC(525) Pause Young (Allocation Failure) 394M->260M(912M) 45.749ms
[2020-01-31T22:24:27.702+0300][32.071s][info][gc] GC(526) Pause Young (Allocation Failure) 374M->241M(912M) 37.198ms
[2020-01-31T22:24:27.746+0300][32.115s][info][gc] GC(527) Pause Young (Allocation Failure) 355M->221M(912M) 19.960ms
[2020-01-31T22:24:27.771+0300][32.139s][info][gc] GC(528) Pause Young (Allocation Failure) 321M->185M(912M) 1.077ms
[2020-01-31T22:24:27.855+0300][32.225s][info][gc] GC(529) Pause Young (Allocation Failure) 299M->300M(912M) 71.690ms
[2020-01-31T22:24:27.932+0300][32.300s][info][gc] GC(530) Pause Young (Allocation Failure) 414M->280M(912M) 52.736ms
[2020-01-31T22:24:28.001+0300][32.370s][info][gc] GC(531) Pause Young (Allocation Failure) 394M->260M(912M) 45.831ms
[2020-01-31T22:24:28.053+0300][32.423s][info][gc] GC(532) Pause Young (Allocation Failure) 374M->241M(912M) 30.346ms
[2020-01-31T22:24:28.098+0300][32.468s][info][gc] GC(533) Pause Young (Allocation Failure) 355M->221M(912M) 20.612ms
[2020-01-31T22:24:28.122+0300][32.491s][info][gc] GC(534) Pause Young (Allocation Failure) 319M->186M(912M) 0.512ms
[2020-01-31T22:24:28.198+0300][32.567s][info][gc] GC(535) Pause Young (Allocation Failure) 300M->300M(912M) 63.718ms
[2020-01-31T22:24:28.277+0300][32.645s][info][gc] GC(536) Pause Young (Allocation Failure) 414M->280M(912M) 54.663ms
[2020-01-31T22:24:28.343+0300][32.712s][info][gc] GC(537) Pause Young (Allocation Failure) 394M->261M(912M) 43.067ms
[2020-01-31T22:24:28.397+0300][32.767s][info][gc] GC(538) Pause Young (Allocation Failure) 375M->241M(912M) 31.780ms
[2020-01-31T22:24:28.441+0300][32.810s][info][gc] GC(539) Pause Young (Allocation Failure) 355M->221M(912M) 19.620ms
[2020-01-31T22:24:28.465+0300][32.834s][info][gc] GC(540) Pause Young (Allocation Failure) 319M->186M(912M) 0.506ms
[2020-01-31T22:24:28.545+0300][32.914s][info][gc] GC(541) Pause Young (Allocation Failure) 300M->300M(912M) 67.916ms
[2020-01-31T22:24:28.624+0300][32.993s][info][gc] GC(542) Pause Young (Allocation Failure) 414M->280M(912M) 56.037ms
[2020-01-31T22:24:28.694+0300][33.063s][info][gc] GC(543) Pause Young (Allocation Failure) 394M->261M(912M) 42.074ms
[2020-01-31T22:24:28.748+0300][33.117s][info][gc] GC(544) Pause Young (Allocation Failure) 375M->241M(912M) 30.101ms
[2020-01-31T22:24:28.793+0300][33.163s][info][gc] GC(545) Pause Young (Allocation Failure) 355M->221M(912M) 20.955ms
[2020-01-31T22:24:28.816+0300][33.185s][info][gc] GC(546) Pause Young (Allocation Failure) 322M->186M(912M) 0.521ms
[2020-01-31T22:24:28.893+0300][33.262s][info][gc] GC(547) Pause Young (Allocation Failure) 300M->300M(912M) 63.824ms
[2020-01-31T22:24:28.971+0300][33.340s][info][gc] GC(548) Pause Young (Allocation Failure) 414M->280M(912M) 54.415ms
[2020-01-31T22:24:29.037+0300][33.406s][info][gc] GC(549) Pause Young (Allocation Failure) 394M->261M(912M) 42.891ms
[2020-01-31T22:24:29.092+0300][33.461s][info][gc] GC(550) Pause Young (Allocation Failure) 375M->241M(912M) 31.317ms
[2020-01-31T22:24:29.136+0300][33.504s][info][gc] GC(551) Pause Young (Allocation Failure) 355M->221M(912M) 20.016ms
[2020-01-31T22:24:29.158+0300][33.528s][info][gc] GC(552) Pause Young (Allocation Failure) 319M->186M(912M) 0.513ms
[2020-01-31T22:24:29.243+0300][33.612s][info][gc] GC(553) Pause Young (Allocation Failure) 300M->300M(912M) 71.960ms
[2020-01-31T22:24:29.321+0300][33.689s][info][gc] GC(554) Pause Young (Allocation Failure) 414M->280M(912M) 53.631ms
[2020-01-31T22:24:29.387+0300][33.757s][info][gc] GC(555) Pause Young (Allocation Failure) 394M->261M(912M) 43.593ms
[2020-01-31T22:24:29.443+0300][33.812s][info][gc] GC(556) Pause Young (Allocation Failure) 375M->241M(912M) 31.531ms
[2020-01-31T22:24:29.488+0300][33.858s][info][gc] GC(557) Pause Young (Allocation Failure) 355M->222M(912M) 21.138ms
[2020-01-31T22:24:29.513+0300][33.881s][info][gc] GC(558) Pause Young (Allocation Failure) 320M->186M(912M) 0.900ms
[2020-01-31T22:24:29.588+0300][33.957s][info][gc] GC(559) Pause Young (Allocation Failure) 300M->300M(912M) 62.782ms
[2020-01-31T22:24:29.668+0300][34.036s][info][gc] GC(560) Pause Young (Allocation Failure) 414M->280M(912M) 55.536ms
[2020-01-31T22:24:29.736+0300][34.105s][info][gc] GC(561) Pause Young (Allocation Failure) 394M->261M(912M) 43.772ms
[2020-01-31T22:24:29.791+0300][34.160s][info][gc] GC(562) Pause Young (Allocation Failure) 375M->241M(912M) 31.064ms
[2020-01-31T22:24:29.834+0300][34.203s][info][gc] GC(563) Pause Young (Allocation Failure) 355M->222M(912M) 19.503ms
[2020-01-31T22:24:29.857+0300][34.226s][info][gc] GC(564) Pause Young (Allocation Failure) 322M->186M(912M) 0.615ms
[2020-01-31T22:24:29.933+0300][34.302s][info][gc] GC(565) Pause Young (Allocation Failure) 300M->300M(912M) 63.750ms
[2020-01-31T22:24:30.016+0300][34.385s][info][gc] GC(566) Pause Young (Allocation Failure) 414M->281M(912M) 58.383ms
[2020-01-31T22:24:30.084+0300][34.453s][info][gc] GC(567) Pause Young (Allocation Failure) 395M->261M(912M) 42.862ms
[2020-01-31T22:24:30.138+0300][34.508s][info][gc] GC(568) Pause Young (Allocation Failure) 375M->241M(912M) 31.569ms
[2020-01-31T22:24:30.182+0300][34.552s][info][gc] GC(569) Pause Young (Allocation Failure) 355M->222M(912M) 20.035ms
[2020-01-31T22:24:30.206+0300][34.575s][info][gc] GC(570) Pause Young (Allocation Failure) 320M->186M(912M) 0.512ms
[2020-01-31T22:24:30.288+0300][34.657s][info][gc] GC(571) Pause Young (Allocation Failure) 300M->300M(912M) 67.834ms
[2020-01-31T22:24:30.379+0300][34.749s][info][gc] GC(572) Pause Young (Allocation Failure) 414M->281M(912M) 67.837ms
[2020-01-31T22:24:30.445+0300][34.814s][info][gc] GC(573) Pause Young (Allocation Failure) 395M->261M(912M) 41.608ms
[2020-01-31T22:24:30.500+0300][34.869s][info][gc] GC(574) Pause Young (Allocation Failure) 375M->241M(912M) 31.838ms
[2020-01-31T22:24:30.545+0300][34.914s][info][gc] GC(575) Pause Young (Allocation Failure) 355M->222M(912M) 20.628ms
[2020-01-31T22:24:30.568+0300][34.937s][info][gc] GC(576) Pause Young (Allocation Failure) 320M->186M(912M) 0.505ms
[2020-01-31T22:24:30.645+0300][35.013s][info][gc] GC(577) Pause Young (Allocation Failure) 300M->300M(912M) 63.331ms
[2020-01-31T22:24:30.724+0300][35.094s][info][gc] GC(578) Pause Young (Allocation Failure) 414M->281M(912M) 56.745ms
[2020-01-31T22:24:30.791+0300][35.160s][info][gc] GC(579) Pause Young (Allocation Failure) 395M->261M(912M) 43.893ms
[2020-01-31T22:24:30.844+0300][35.213s][info][gc] GC(580) Pause Young (Allocation Failure) 375M->241M(912M) 30.496ms
[2020-01-31T22:24:30.889+0300][35.258s][info][gc] GC(581) Pause Young (Allocation Failure) 355M->222M(912M) 20.841ms
[2020-01-31T22:24:30.912+0300][35.281s][info][gc] GC(582) Pause Young (Allocation Failure) 322M->186M(912M) 0.896ms
[2020-01-31T22:24:31.000+0300][35.369s][info][gc] GC(583) Pause Young (Allocation Failure) 300M->300M(912M) 75.093ms
[2020-01-31T22:24:31.078+0300][35.447s][info][gc] GC(584) Pause Young (Allocation Failure) 414M->281M(912M) 53.377ms
[2020-01-31T22:24:31.145+0300][35.514s][info][gc] GC(585) Pause Young (Allocation Failure) 395M->261M(912M) 42.771ms
[2020-01-31T22:24:31.200+0300][35.569s][info][gc] GC(586) Pause Young (Allocation Failure) 375M->242M(912M) 31.073ms
[2020-01-31T22:24:31.245+0300][35.614s][info][gc] GC(587) Pause Young (Allocation Failure) 356M->222M(912M) 20.745ms
[2020-01-31T22:24:31.269+0300][35.638s][info][gc] GC(588) Pause Young (Allocation Failure) 320M->186M(912M) 0.513ms
[2020-01-31T22:24:31.348+0300][35.717s][info][gc] GC(589) Pause Young (Allocation Failure) 300M->300M(912M) 65.444ms
[2020-01-31T22:24:31.424+0300][35.793s][info][gc] GC(590) Pause Young (Allocation Failure) 414M->281M(912M) 53.482ms
[2020-01-31T22:24:31.493+0300][35.862s][info][gc] GC(591) Pause Young (Allocation Failure) 395M->261M(912M) 44.151ms
[2020-01-31T22:24:31.548+0300][35.916s][info][gc] GC(592) Pause Young (Allocation Failure) 375M->242M(912M) 30.748ms
[2020-01-31T22:24:31.591+0300][35.960s][info][gc] GC(593) Pause Young (Allocation Failure) 356M->222M(912M) 20.229ms
[2020-01-31T22:24:31.615+0300][35.985s][info][gc] GC(594) Pause Young (Allocation Failure) 320M->186M(912M) 0.875ms
[2020-01-31T22:24:31.694+0300][36.063s][info][gc] GC(595) Pause Young (Allocation Failure) 300M->300M(912M) 64.782ms
[2020-01-31T22:24:31.772+0300][36.141s][info][gc] GC(596) Pause Young (Allocation Failure) 414M->281M(912M) 53.532ms
[2020-01-31T22:24:31.837+0300][36.206s][info][gc] GC(597) Pause Young (Allocation Failure) 395M->261M(912M) 41.896ms
[2020-01-31T22:24:31.892+0300][36.261s][info][gc] GC(598) Pause Young (Allocation Failure) 375M->242M(912M) 31.425ms
[2020-01-31T22:24:31.936+0300][36.305s][info][gc] GC(599) Pause Young (Allocation Failure) 356M->222M(912M) 20.204ms
[2020-01-31T22:24:31.960+0300][36.329s][info][gc] GC(600) Pause Young (Allocation Failure) 322M->186M(912M) 0.648ms
[2020-01-31T22:24:32.039+0300][36.408s][info][gc] GC(601) Pause Young (Allocation Failure) 300M->300M(912M) 66.354ms
[2020-01-31T22:24:32.116+0300][36.485s][info][gc] GC(602) Pause Young (Allocation Failure) 414M->281M(912M) 54.264ms
[2020-01-31T22:24:32.180+0300][36.550s][info][gc] GC(603) Pause Young (Allocation Failure) 395M->261M(912M) 42.175ms
[2020-01-31T22:24:32.236+0300][36.605s][info][gc] GC(604) Pause Young (Allocation Failure) 375M->242M(912M) 31.872ms
[2020-01-31T22:24:32.279+0300][36.648s][info][gc] GC(605) Pause Young (Allocation Failure) 356M->222M(912M) 20.144ms
[2020-01-31T22:24:32.303+0300][36.672s][info][gc] GC(606) Pause Young (Allocation Failure) 320M->186M(912M) 0.513ms
[2020-01-31T22:24:32.380+0300][36.749s][info][gc] GC(607) Pause Young (Allocation Failure) 300M->300M(912M) 63.950ms
[2020-01-31T22:24:32.459+0300][36.828s][info][gc] GC(608) Pause Young (Allocation Failure) 414M->281M(912M) 56.786ms
[2020-01-31T22:24:32.526+0300][36.895s][info][gc] GC(609) Pause Young (Allocation Failure) 395M->261M(912M) 42.828ms
[2020-01-31T22:24:32.582+0300][36.950s][info][gc] GC(610) Pause Young (Allocation Failure) 375M->242M(912M) 31.691ms
[2020-01-31T22:24:32.625+0300][36.994s][info][gc] GC(611) Pause Young (Allocation Failure) 356M->222M(912M) 20.609ms
[2020-01-31T22:24:32.651+0300][37.019s][info][gc] GC(612) Pause Young (Allocation Failure) 320M->186M(912M) 1.123ms
[2020-01-31T22:24:32.730+0300][37.099s][info][gc] GC(613) Pause Young (Allocation Failure) 300M->301M(912M) 65.363ms
[2020-01-31T22:24:32.807+0300][37.177s][info][gc] GC(614) Pause Young (Allocation Failure) 415M->281M(912M) 53.034ms
[2020-01-31T22:24:32.879+0300][37.248s][info][gc] GC(615) Pause Young (Allocation Failure) 395M->262M(912M) 48.017ms
[2020-01-31T22:24:32.935+0300][37.304s][info][gc] GC(616) Pause Young (Allocation Failure) 376M->242M(912M) 31.461ms
[2020-01-31T22:24:32.980+0300][37.349s][info][gc] GC(617) Pause Young (Allocation Failure) 356M->222M(912M) 20.910ms
[2020-01-31T22:24:33.005+0300][37.374s][info][gc] GC(618) Pause Young (Allocation Failure) 320M->187M(912M) 0.514ms
[2020-01-31T22:24:33.082+0300][37.450s][info][gc] GC(619) Pause Young (Allocation Failure) 301M->301M(912M) 62.887ms
[2020-01-31T22:24:33.161+0300][37.529s][info][gc] GC(620) Pause Young (Allocation Failure) 415M->281M(912M) 55.459ms
[2020-01-31T22:24:33.228+0300][37.597s][info][gc] GC(621) Pause Young (Allocation Failure) 395M->262M(912M) 44.273ms
[2020-01-31T22:24:33.282+0300][37.650s][info][gc] GC(622) Pause Young (Allocation Failure) 376M->242M(912M) 30.433ms
[2020-01-31T22:24:33.326+0300][37.695s][info][gc] GC(623) Pause Young (Allocation Failure) 356M->222M(912M) 20.284ms
[2020-01-31T22:24:33.348+0300][37.717s][info][gc] GC(624) Pause Young (Allocation Failure) 320M->187M(912M) 0.517ms
[2020-01-31T22:24:33.429+0300][37.798s][info][gc] GC(625) Pause Young (Allocation Failure) 301M->301M(912M) 68.088ms
[2020-01-31T22:24:33.505+0300][37.874s][info][gc] GC(626) Pause Young (Allocation Failure) 415M->281M(912M) 53.379ms
[2020-01-31T22:24:33.570+0300][37.939s][info][gc] GC(627) Pause Young (Allocation Failure) 395M->262M(912M) 42.239ms
[2020-01-31T22:24:33.625+0300][37.994s][info][gc] GC(628) Pause Young (Allocation Failure) 376M->242M(912M) 31.420ms
[2020-01-31T22:24:33.674+0300][38.043s][info][gc] GC(629) Pause Young (Allocation Failure) 356M->222M(912M) 20.202ms
[2020-01-31T22:24:33.698+0300][38.067s][info][gc] GC(630) Pause Young (Allocation Failure) 323M->187M(912M) 0.507ms
[2020-01-31T22:24:33.777+0300][38.145s][info][gc] GC(631) Pause Young (Allocation Failure) 301M->301M(912M) 65.859ms
[2020-01-31T22:24:33.853+0300][38.222s][info][gc] GC(632) Pause Young (Allocation Failure) 415M->281M(912M) 52.942ms
[2020-01-31T22:24:33.921+0300][38.290s][info][gc] GC(633) Pause Young (Allocation Failure) 395M->262M(912M) 44.136ms
[2020-01-31T22:24:33.977+0300][38.346s][info][gc] GC(634) Pause Young (Allocation Failure) 376M->242M(912M) 33.565ms
[2020-01-31T22:24:34.022+0300][38.391s][info][gc] GC(635) Pause Young (Allocation Failure) 356M->223M(912M) 20.959ms
[2020-01-31T22:24:34.045+0300][38.414s][info][gc] GC(636) Pause Young (Allocation Failure) 320M->187M(912M) 0.927ms
[2020-01-31T22:24:34.121+0300][38.491s][info][gc] GC(637) Pause Young (Allocation Failure) 301M->301M(912M) 64.238ms
[2020-01-31T22:24:34.204+0300][38.573s][info][gc] GC(638) Pause Young (Allocation Failure) 415M->281M(912M) 56.626ms
[2020-01-31T22:24:34.269+0300][38.638s][info][gc] GC(639) Pause Young (Allocation Failure) 395M->262M(912M) 41.665ms
[2020-01-31T22:24:34.322+0300][38.691s][info][gc] GC(640) Pause Young (Allocation Failure) 376M->242M(912M) 30.594ms
[2020-01-31T22:24:34.368+0300][38.736s][info][gc] GC(641) Pause Young (Allocation Failure) 356M->223M(912M) 20.278ms
[2020-01-31T22:24:34.391+0300][38.760s][info][gc] GC(642) Pause Young (Allocation Failure) 321M->187M(912M) 0.517ms
[2020-01-31T22:24:34.467+0300][38.836s][info][gc] GC(643) Pause Young (Allocation Failure) 301M->301M(912M) 64.505ms
[2020-01-31T22:24:34.546+0300][38.915s][info][gc] GC(644) Pause Young (Allocation Failure) 415M->282M(912M) 56.534ms
[2020-01-31T22:24:34.623+0300][38.992s][info][gc] GC(645) Pause Young (Allocation Failure) 396M->262M(912M) 51.669ms
[2020-01-31T22:24:34.684+0300][39.052s][info][gc] GC(646) Pause Young (Allocation Failure) 376M->242M(912M) 31.063ms
[2020-01-31T22:24:34.727+0300][39.096s][info][gc] GC(647) Pause Young (Allocation Failure) 356M->223M(912M) 19.864ms
[2020-01-31T22:24:34.750+0300][39.119s][info][gc] GC(648) Pause Young (Allocation Failure) 323M->187M(912M) 1.099ms
[2020-01-31T22:24:34.829+0300][39.198s][info][gc] GC(649) Pause Young (Allocation Failure) 301M->301M(912M) 65.716ms
[2020-01-31T22:24:34.905+0300][39.274s][info][gc] GC(650) Pause Young (Allocation Failure) 415M->282M(912M) 52.772ms
[2020-01-31T22:24:34.973+0300][39.342s][info][gc] GC(651) Pause Young (Allocation Failure) 396M->262M(912M) 44.062ms
[2020-01-31T22:24:35.028+0300][39.397s][info][gc] GC(652) Pause Young (Allocation Failure) 376M->242M(912M) 31.137ms
[2020-01-31T22:24:35.071+0300][39.440s][info][gc] GC(653) Pause Young (Allocation Failure) 356M->223M(912M) 19.727ms
[2020-01-31T22:24:35.095+0300][39.464s][info][gc] GC(654) Pause Young (Allocation Failure) 321M->187M(912M) 0.510ms
[2020-01-31T22:24:35.172+0300][39.541s][info][gc] GC(655) Pause Young (Allocation Failure) 301M->301M(912M) 64.721ms
[2020-01-31T22:24:35.250+0300][39.619s][info][gc] GC(656) Pause Young (Allocation Failure) 415M->282M(912M) 54.602ms
[2020-01-31T22:24:35.317+0300][39.686s][info][gc] GC(657) Pause Young (Allocation Failure) 396M->262M(912M) 42.434ms
[2020-01-31T22:24:35.370+0300][39.739s][info][gc] GC(658) Pause Young (Allocation Failure) 376M->243M(912M) 30.766ms
[2020-01-31T22:24:35.414+0300][39.783s][info][gc] GC(659) Pause Young (Allocation Failure) 357M->223M(912M) 20.313ms
[2020-01-31T22:24:35.437+0300][39.806s][info][gc] GC(660) Pause Young (Allocation Failure) 321M->187M(912M) 0.510ms
[2020-01-31T22:24:35.520+0300][39.888s][info][gc] GC(661) Pause Young (Allocation Failure) 301M->301M(912M) 68.110ms
[2020-01-31T22:24:35.596+0300][39.965s][info][gc] GC(662) Pause Young (Allocation Failure) 415M->282M(912M) 53.079ms
[2020-01-31T22:24:35.663+0300][40.033s][info][gc] GC(663) Pause Young (Allocation Failure) 396M->262M(912M) 44.202ms
[2020-01-31T22:24:35.719+0300][40.088s][info][gc] GC(664) Pause Young (Allocation Failure) 376M->242M(912M) 31.122ms
[2020-01-31T22:24:35.765+0300][40.134s][info][gc] GC(665) Pause Young (Allocation Failure) 356M->223M(912M) 21.011ms
[2020-01-31T22:24:35.791+0300][40.160s][info][gc] GC(666) Pause Young (Allocation Failure) 323M->187M(912M) 0.550ms
[2020-01-31T22:24:35.869+0300][40.237s][info][gc] GC(667) Pause Young (Allocation Failure) 301M->301M(912M) 65.289ms
[2020-01-31T22:24:35.945+0300][40.314s][info][gc] GC(668) Pause Young (Allocation Failure) 415M->282M(912M) 54.053ms
[2020-01-31T22:24:36.014+0300][40.384s][info][gc] GC(669) Pause Young (Allocation Failure) 396M->262M(912M) 45.984ms
[2020-01-31T22:24:36.070+0300][40.439s][info][gc] GC(670) Pause Young (Allocation Failure) 376M->243M(912M) 32.424ms
[2020-01-31T22:24:36.115+0300][40.484s][info][gc] GC(671) Pause Young (Allocation Failure) 357M->223M(912M) 20.997ms
[2020-01-31T22:24:36.138+0300][40.507s][info][gc] GC(672) Pause Young (Allocation Failure) 321M->187M(912M) 0.509ms
[2020-01-31T22:24:36.215+0300][40.584s][info][gc] GC(673) Pause Young (Allocation Failure) 301M->301M(912M) 63.311ms
[2020-01-31T22:24:36.295+0300][40.665s][info][gc] GC(674) Pause Young (Allocation Failure) 415M->282M(912M) 57.705ms
[2020-01-31T22:24:36.363+0300][40.731s][info][gc] GC(675) Pause Young (Allocation Failure) 396M->262M(912M) 42.902ms
[2020-01-31T22:24:36.417+0300][40.785s][info][gc] GC(676) Pause Young (Allocation Failure) 376M->243M(912M) 30.881ms
[2020-01-31T22:24:36.460+0300][40.829s][info][gc] GC(677) Pause Young (Allocation Failure) 357M->223M(912M) 19.938ms
[2020-01-31T22:24:36.482+0300][40.852s][info][gc] GC(678) Pause Young (Allocation Failure) 321M->187M(912M) 0.514ms
[2020-01-31T22:24:36.562+0300][40.931s][info][gc] GC(679) Pause Young (Allocation Failure) 301M->301M(912M) 67.373ms
[2020-01-31T22:24:36.639+0300][41.008s][info][gc] GC(680) Pause Young (Allocation Failure) 415M->282M(912M) 54.583ms
[2020-01-31T22:24:36.712+0300][41.081s][info][gc] GC(681) Pause Young (Allocation Failure) 396M->262M(912M) 45.376ms
[2020-01-31T22:24:36.767+0300][41.136s][info][gc] GC(682) Pause Young (Allocation Failure) 376M->243M(912M) 31.132ms
[2020-01-31T22:24:36.813+0300][41.182s][info][gc] GC(683) Pause Young (Allocation Failure) 357M->223M(912M) 21.434ms
[2020-01-31T22:24:36.836+0300][41.205s][info][gc] GC(684) Pause Young (Allocation Failure) 323M->187M(912M) 0.512ms
[2020-01-31T22:24:36.911+0300][41.280s][info][gc] GC(685) Pause Young (Allocation Failure) 301M->302M(912M) 62.365ms
[2020-01-31T22:24:36.989+0300][41.358s][info][gc] GC(686) Pause Young (Allocation Failure) 416M->282M(912M) 55.186ms
[2020-01-31T22:24:37.057+0300][41.426s][info][gc] GC(687) Pause Young (Allocation Failure) 396M->263M(912M) 44.305ms
[2020-01-31T22:24:37.110+0300][41.479s][info][gc] GC(688) Pause Young (Allocation Failure) 377M->243M(912M) 31.175ms
[2020-01-31T22:24:37.154+0300][41.523s][info][gc] GC(689) Pause Young (Allocation Failure) 357M->223M(912M) 20.897ms
[2020-01-31T22:24:37.178+0300][41.547s][info][gc] GC(690) Pause Young (Allocation Failure) 321M->188M(912M) 0.514ms
[2020-01-31T22:24:37.258+0300][41.628s][info][gc] GC(691) Pause Young (Allocation Failure) 302M->302M(912M) 68.234ms
[2020-01-31T22:24:37.335+0300][41.704s][info][gc] GC(692) Pause Young (Allocation Failure) 416M->282M(912M) 53.030ms
[2020-01-31T22:24:37.400+0300][41.769s][info][gc] GC(693) Pause Young (Allocation Failure) 396M->263M(912M) 41.954ms
[2020-01-31T22:24:37.455+0300][41.824s][info][gc] GC(694) Pause Young (Allocation Failure) 377M->243M(912M) 31.060ms
[2020-01-31T22:24:37.501+0300][41.870s][info][gc] GC(695) Pause Young (Allocation Failure) 357M->223M(912M) 19.872ms
[2020-01-31T22:24:37.525+0300][41.894s][info][gc] GC(696) Pause Young (Allocation Failure) 321M->188M(912M) 0.521ms
[2020-01-31T22:24:37.604+0300][41.973s][info][gc] GC(697) Pause Young (Allocation Failure) 302M->302M(912M) 66.690ms
[2020-01-31T22:24:37.681+0300][42.050s][info][gc] GC(698) Pause Young (Allocation Failure) 416M->282M(912M) 54.207ms
[2020-01-31T22:24:37.747+0300][42.116s][info][gc] GC(699) Pause Young (Allocation Failure) 396M->263M(912M) 41.545ms
[2020-01-31T22:24:37.806+0300][42.175s][info][gc] GC(700) Pause Young (Allocation Failure) 377M->243M(912M) 34.670ms
[2020-01-31T22:24:37.849+0300][42.218s][info][gc] GC(701) Pause Young (Allocation Failure) 357M->223M(912M) 19.801ms
[2020-01-31T22:24:37.873+0300][42.242s][info][gc] GC(702) Pause Young (Allocation Failure) 324M->188M(912M) 0.511ms
[2020-01-31T22:24:37.951+0300][42.319s][info][gc] GC(703) Pause Young (Allocation Failure) 302M->302M(912M) 64.135ms
[2020-01-31T22:24:38.031+0300][42.400s][info][gc] GC(704) Pause Young (Allocation Failure) 416M->282M(912M) 57.424ms
[2020-01-31T22:24:38.098+0300][42.467s][info][gc] GC(705) Pause Young (Allocation Failure) 396M->263M(912M) 42.345ms
[2020-01-31T22:24:38.151+0300][42.520s][info][gc] GC(706) Pause Young (Allocation Failure) 377M->243M(912M) 30.333ms
[2020-01-31T22:24:38.196+0300][42.565s][info][gc] GC(707) Pause Young (Allocation Failure) 357M->224M(912M) 20.690ms
[2020-01-31T22:24:38.221+0300][42.590s][info][gc] GC(708) Pause Young (Allocation Failure) 321M->188M(912M) 0.512ms
[2020-01-31T22:24:38.298+0300][42.666s][info][gc] GC(709) Pause Young (Allocation Failure) 302M->302M(912M) 64.027ms
[2020-01-31T22:24:38.374+0300][42.743s][info][gc] GC(710) Pause Young (Allocation Failure) 416M->282M(912M) 53.469ms
[2020-01-31T22:24:38.440+0300][42.809s][info][gc] GC(711) Pause Young (Allocation Failure) 396M->263M(912M) 43.036ms
[2020-01-31T22:24:38.495+0300][42.864s][info][gc] GC(712) Pause Young (Allocation Failure) 377M->243M(912M) 31.038ms
[2020-01-31T22:24:38.538+0300][42.907s][info][gc] GC(713) Pause Young (Allocation Failure) 357M->224M(912M) 19.653ms
[2020-01-31T22:24:38.562+0300][42.931s][info][gc] GC(714) Pause Young (Allocation Failure) 322M->188M(912M) 0.545ms
[2020-01-31T22:24:38.639+0300][43.008s][info][gc] GC(715) Pause Young (Allocation Failure) 302M->302M(912M) 64.602ms
[2020-01-31T22:24:38.728+0300][43.097s][info][gc] GC(716) Pause Young (Allocation Failure) 416M->282M(912M) 59.097ms
[2020-01-31T22:24:38.795+0300][43.164s][info][gc] GC(717) Pause Young (Allocation Failure) 396M->263M(912M) 43.664ms
[2020-01-31T22:24:38.850+0300][43.219s][info][gc] GC(718) Pause Young (Allocation Failure) 377M->243M(912M) 31.672ms
[2020-01-31T22:24:38.893+0300][43.262s][info][gc] GC(719) Pause Young (Allocation Failure) 357M->224M(912M) 20.551ms
[2020-01-31T22:24:38.917+0300][43.286s][info][gc] GC(720) Pause Young (Allocation Failure) 324M->188M(912M) 0.525ms
[2020-01-31T22:24:39.002+0300][43.371s][info][gc] GC(721) Pause Young (Allocation Failure) 302M->302M(912M) 72.275ms
[2020-01-31T22:24:39.079+0300][43.448s][info][gc] GC(722) Pause Young (Allocation Failure) 416M->283M(912M) 51.563ms
[2020-01-31T22:24:39.144+0300][43.513s][info][gc] GC(723) Pause Young (Allocation Failure) 397M->263M(912M) 41.810ms
[2020-01-31T22:24:39.199+0300][43.568s][info][gc] GC(724) Pause Young (Allocation Failure) 377M->243M(912M) 31.401ms
[2020-01-31T22:24:39.244+0300][43.613s][info][gc] GC(725) Pause Young (Allocation Failure) 357M->224M(912M) 20.167ms
[2020-01-31T22:24:39.268+0300][43.637s][info][gc] GC(726) Pause Young (Allocation Failure) 322M->188M(912M) 0.515ms
[2020-01-31T22:24:39.346+0300][43.715s][info][gc] GC(727) Pause Young (Allocation Failure) 302M->302M(912M) 64.708ms
[2020-01-31T22:24:39.422+0300][43.791s][info][gc] GC(728) Pause Young (Allocation Failure) 416M->283M(912M) 52.728ms
[2020-01-31T22:24:39.491+0300][43.860s][info][gc] GC(729) Pause Young (Allocation Failure) 397M->263M(912M) 43.586ms
[2020-01-31T22:24:39.548+0300][43.918s][info][gc] GC(730) Pause Young (Allocation Failure) 377M->243M(912M) 33.243ms
[2020-01-31T22:24:39.591+0300][43.960s][info][gc] GC(731) Pause Young (Allocation Failure) 357M->224M(912M) 19.729ms
[2020-01-31T22:24:39.615+0300][43.984s][info][gc] GC(732) Pause Young (Allocation Failure) 322M->188M(912M) 0.642ms
[2020-01-31T22:24:39.693+0300][44.062s][info][gc] GC(733) Pause Young (Allocation Failure) 302M->302M(912M) 65.210ms
[2020-01-31T22:24:39.771+0300][44.140s][info][gc] GC(734) Pause Young (Allocation Failure) 416M->283M(912M) 53.024ms
[2020-01-31T22:24:39.838+0300][44.207s][info][gc] GC(735) Pause Young (Allocation Failure) 397M->263M(912M) 42.792ms
[2020-01-31T22:24:39.893+0300][44.262s][info][gc] GC(736) Pause Young (Allocation Failure) 377M->243M(912M) 31.827ms
[2020-01-31T22:24:39.936+0300][44.305s][info][gc] GC(737) Pause Young (Allocation Failure) 357M->224M(912M) 19.750ms
[2020-01-31T22:24:39.960+0300][44.329s][info][gc] GC(738) Pause Young (Allocation Failure) 324M->188M(912M) 0.653ms
[2020-01-31T22:24:40.040+0300][44.408s][info][gc] GC(739) Pause Young (Allocation Failure) 302M->302M(912M) 66.875ms
[2020-01-31T22:24:40.115+0300][44.484s][info][gc] GC(740) Pause Young (Allocation Failure) 416M->283M(912M) 53.713ms
[2020-01-31T22:24:40.181+0300][44.550s][info][gc] GC(741) Pause Young (Allocation Failure) 397M->263M(912M) 41.718ms
[2020-01-31T22:24:40.236+0300][44.605s][info][gc] GC(742) Pause Young (Allocation Failure) 377M->244M(912M) 30.804ms
[2020-01-31T22:24:40.279+0300][44.648s][info][gc] GC(743) Pause Young (Allocation Failure) 358M->224M(912M) 19.917ms
[2020-01-31T22:24:40.303+0300][44.672s][info][gc] GC(744) Pause Young (Allocation Failure) 322M->188M(912M) 0.514ms
[2020-01-31T22:24:40.380+0300][44.748s][info][gc] GC(745) Pause Young (Allocation Failure) 302M->302M(912M) 63.095ms
[2020-01-31T22:24:40.459+0300][44.828s][info][gc] GC(746) Pause Young (Allocation Failure) 416M->283M(912M) 56.848ms
[2020-01-31T22:24:40.530+0300][44.899s][info][gc] GC(747) Pause Young (Allocation Failure) 397M->263M(912M) 47.316ms
[2020-01-31T22:24:40.584+0300][44.953s][info][gc] GC(748) Pause Young (Allocation Failure) 377M->244M(912M) 31.175ms
[2020-01-31T22:24:40.630+0300][44.998s][info][gc] GC(749) Pause Young (Allocation Failure) 358M->224M(912M) 21.550ms
[2020-01-31T22:24:40.654+0300][45.023s][info][gc] GC(750) Pause Young (Allocation Failure) 322M->188M(912M) 0.956ms
[2020-01-31T22:24:40.730+0300][45.099s][info][gc] GC(751) Pause Young (Allocation Failure) 302M->302M(912M) 62.820ms
[2020-01-31T22:24:40.808+0300][45.176s][info][gc] GC(752) Pause Young (Allocation Failure) 416M->283M(912M) 53.176ms
[2020-01-31T22:24:40.875+0300][45.244s][info][gc] GC(753) Pause Young (Allocation Failure) 397M->263M(912M) 44.517ms
[2020-01-31T22:24:40.929+0300][45.299s][info][gc] GC(754) Pause Young (Allocation Failure) 377M->244M(912M) 30.796ms
[2020-01-31T22:24:40.976+0300][45.345s][info][gc] GC(755) Pause Young (Allocation Failure) 358M->224M(912M) 21.908ms
[2020-01-31T22:24:41.001+0300][45.370s][info][gc] GC(756) Pause Young (Allocation Failure) 322M->188M(912M) 0.928ms
[2020-01-31T22:24:41.081+0300][45.449s][info][gc] GC(757) Pause Young (Allocation Failure) 302M->303M(912M) 66.285ms
[2020-01-31T22:24:41.157+0300][45.525s][info][gc] GC(758) Pause Young (Allocation Failure) 417M->283M(912M) 52.296ms
[2020-01-31T22:24:41.226+0300][45.595s][info][gc] GC(759) Pause Young (Allocation Failure) 397M->263M(912M) 44.484ms
[2020-01-31T22:24:41.281+0300][45.650s][info][gc] GC(760) Pause Young (Allocation Failure) 377M->244M(912M) 31.822ms
[2020-01-31T22:24:41.325+0300][45.694s][info][gc] GC(761) Pause Young (Allocation Failure) 358M->224M(912M) 20.193ms
[2020-01-31T22:24:41.347+0300][45.716s][info][gc] GC(762) Pause Young (Allocation Failure) 322M->189M(912M) 0.644ms
[2020-01-31T22:24:41.425+0300][45.794s][info][gc] GC(763) Pause Young (Allocation Failure) 303M->303M(912M) 65.574ms
[2020-01-31T22:24:41.504+0300][45.873s][info][gc] GC(764) Pause Young (Allocation Failure) 417M->283M(912M) 54.131ms
[2020-01-31T22:24:41.570+0300][45.939s][info][gc] GC(765) Pause Young (Allocation Failure) 397M->264M(912M) 43.081ms
[2020-01-31T22:24:41.625+0300][45.995s][info][gc] GC(766) Pause Young (Allocation Failure) 378M->244M(912M) 31.558ms
[2020-01-31T22:24:41.674+0300][46.043s][info][gc] GC(767) Pause Young (Allocation Failure) 358M->224M(912M) 23.135ms
[2020-01-31T22:24:41.698+0300][46.068s][info][gc] GC(768) Pause Young (Allocation Failure) 324M->189M(912M) 0.880ms
[2020-01-31T22:24:41.808+0300][46.177s][info][gc] GC(769) Pause Young (Allocation Failure) 303M->303M(912M) 93.627ms
[2020-01-31T22:24:41.894+0300][46.262s][info][gc] GC(770) Pause Young (Allocation Failure) 417M->283M(912M) 61.599ms
[2020-01-31T22:24:41.961+0300][46.331s][info][gc] GC(771) Pause Young (Allocation Failure) 397M->264M(912M) 43.604ms
[2020-01-31T22:24:42.016+0300][46.385s][info][gc] GC(772) Pause Young (Allocation Failure) 378M->244M(912M) 30.881ms
[2020-01-31T22:24:42.063+0300][46.432s][info][gc] GC(773) Pause Young (Allocation Failure) 358M->224M(912M) 21.557ms
[2020-01-31T22:24:42.086+0300][46.455s][info][gc] GC(774) Pause Young (Allocation Failure) 322M->189M(912M) 0.510ms
[2020-01-31T22:24:42.162+0300][46.530s][info][gc] GC(775) Pause Young (Allocation Failure) 303M->303M(912M) 63.073ms
[2020-01-31T22:24:42.240+0300][46.609s][info][gc] GC(776) Pause Young (Allocation Failure) 417M->283M(912M) 53.723ms
[2020-01-31T22:24:42.310+0300][46.679s][info][gc] GC(777) Pause Young (Allocation Failure) 397M->264M(912M) 47.196ms
[2020-01-31T22:24:42.364+0300][46.734s][info][gc] GC(778) Pause Young (Allocation Failure) 378M->244M(912M) 31.655ms
[2020-01-31T22:24:42.407+0300][46.777s][info][gc] GC(779) Pause Young (Allocation Failure) 358M->225M(912M) 20.126ms
[2020-01-31T22:24:42.432+0300][46.801s][info][gc] GC(780) Pause Young (Allocation Failure) 322M->189M(912M) 0.506ms
[2020-01-31T22:24:42.510+0300][46.880s][info][gc] GC(781) Pause Young (Allocation Failure) 303M->303M(912M) 65.054ms
[2020-01-31T22:24:42.588+0300][46.957s][info][gc] GC(782) Pause Young (Allocation Failure) 417M->283M(912M) 54.396ms
[2020-01-31T22:24:42.657+0300][47.026s][info][gc] GC(783) Pause Young (Allocation Failure) 397M->264M(912M) 44.377ms
[2020-01-31T22:24:42.711+0300][47.080s][info][gc] GC(784) Pause Young (Allocation Failure) 378M->244M(912M) 30.002ms
[2020-01-31T22:24:42.756+0300][47.125s][info][gc] GC(785) Pause Young (Allocation Failure) 358M->224M(912M) 20.106ms
[2020-01-31T22:24:42.781+0300][47.150s][info][gc] GC(786) Pause Young (Allocation Failure) 325M->189M(912M) 0.907ms
[2020-01-31T22:24:42.858+0300][47.227s][info][gc] GC(787) Pause Young (Allocation Failure) 303M->303M(912M) 63.714ms
[2020-01-31T22:24:42.937+0300][47.306s][info][gc] GC(788) Pause Young (Allocation Failure) 417M->283M(912M) 55.183ms
[2020-01-31T22:24:43.004+0300][47.374s][info][gc] GC(789) Pause Young (Allocation Failure) 397M->264M(912M) 43.841ms
[2020-01-31T22:24:43.062+0300][47.431s][info][gc] GC(790) Pause Young (Allocation Failure) 378M->244M(912M) 32.447ms
[2020-01-31T22:24:43.106+0300][47.475s][info][gc] GC(791) Pause Young (Allocation Failure) 358M->225M(912M) 19.767ms
[2020-01-31T22:24:43.130+0300][47.499s][info][gc] GC(792) Pause Young (Allocation Failure) 323M->189M(912M) 0.512ms
[2020-01-31T22:24:43.207+0300][47.576s][info][gc] GC(793) Pause Young (Allocation Failure) 303M->303M(912M) 64.585ms
[2020-01-31T22:24:43.285+0300][47.654s][info][gc] GC(794) Pause Young (Allocation Failure) 417M->284M(912M) 55.570ms
[2020-01-31T22:24:43.352+0300][47.721s][info][gc] GC(795) Pause Young (Allocation Failure) 398M->264M(912M) 42.290ms
[2020-01-31T22:24:43.406+0300][47.774s][info][gc] GC(796) Pause Young (Allocation Failure) 378M->244M(912M) 30.718ms
[2020-01-31T22:24:43.451+0300][47.820s][info][gc] GC(797) Pause Young (Allocation Failure) 358M->225M(912M) 20.562ms
[2020-01-31T22:24:43.475+0300][47.844s][info][gc] GC(798) Pause Young (Allocation Failure) 323M->189M(912M) 0.518ms
[2020-01-31T22:24:43.553+0300][47.922s][info][gc] GC(799) Pause Young (Allocation Failure) 303M->303M(912M) 63.904ms
[2020-01-31T22:24:43.630+0300][47.999s][info][gc] GC(800) Pause Young (Allocation Failure) 417M->284M(912M) 54.594ms
[2020-01-31T22:24:43.695+0300][48.065s][info][gc] GC(801) Pause Young (Allocation Failure) 398M->264M(912M) 42.696ms
[2020-01-31T22:24:43.751+0300][48.120s][info][gc] GC(802) Pause Young (Allocation Failure) 378M->244M(912M) 30.966ms
[2020-01-31T22:24:43.795+0300][48.164s][info][gc] GC(803) Pause Young (Allocation Failure) 358M->225M(912M) 20.377ms
[2020-01-31T22:24:43.818+0300][48.187s][info][gc] GC(804) Pause Young (Allocation Failure) 325M->189M(912M) 0.524ms
[2020-01-31T22:24:43.896+0300][48.265s][info][gc] GC(805) Pause Young (Allocation Failure) 303M->303M(912M) 65.359ms
[2020-01-31T22:24:43.974+0300][48.343s][info][gc] GC(806) Pause Young (Allocation Failure) 417M->284M(912M) 54.289ms
[2020-01-31T22:24:44.043+0300][48.412s][info][gc] GC(807) Pause Young (Allocation Failure) 398M->264M(912M) 44.691ms
[2020-01-31T22:24:44.096+0300][48.466s][info][gc] GC(808) Pause Young (Allocation Failure) 378M->245M(912M) 29.795ms
[2020-01-31T22:24:44.141+0300][48.510s][info][gc] GC(809) Pause Young (Allocation Failure) 359M->225M(912M) 20.631ms
[2020-01-31T22:24:44.165+0300][48.534s][info][gc] GC(810) Pause Young (Allocation Failure) 323M->189M(912M) 0.521ms
[2020-01-31T22:24:44.244+0300][48.613s][info][gc] GC(811) Pause Young (Allocation Failure) 303M->303M(912M) 65.747ms
[2020-01-31T22:24:44.324+0300][48.693s][info][gc] GC(812) Pause Young (Allocation Failure) 417M->284M(912M) 56.348ms
[2020-01-31T22:24:44.390+0300][48.759s][info][gc] GC(813) Pause Young (Allocation Failure) 398M->264M(912M) 42.290ms
[2020-01-31T22:24:44.444+0300][48.813s][info][gc] GC(814) Pause Young (Allocation Failure) 378M->245M(912M) 31.071ms
[2020-01-31T22:24:44.488+0300][48.857s][info][gc] GC(815) Pause Young (Allocation Failure) 359M->225M(912M) 19.795ms
[2020-01-31T22:24:44.512+0300][48.881s][info][gc] GC(816) Pause Young (Allocation Failure) 323M->189M(912M) 0.520ms
[2020-01-31T22:24:44.589+0300][48.958s][info][gc] GC(817) Pause Young (Allocation Failure) 303M->303M(912M) 63.756ms
[2020-01-31T22:24:44.670+0300][49.039s][info][gc] GC(818) Pause Young (Allocation Failure) 417M->284M(912M) 55.554ms
[2020-01-31T22:24:44.736+0300][49.105s][info][gc] GC(819) Pause Young (Allocation Failure) 398M->264M(912M) 42.845ms
[2020-01-31T22:24:44.790+0300][49.159s][info][gc] GC(820) Pause Young (Allocation Failure) 378M->245M(912M) 30.346ms
[2020-01-31T22:24:44.834+0300][49.203s][info][gc] GC(821) Pause Young (Allocation Failure) 359M->225M(912M) 19.628ms
[2020-01-31T22:24:44.858+0300][49.227s][info][gc] GC(822) Pause Young (Allocation Failure) 325M->189M(912M) 0.521ms
[2020-01-31T22:24:44.940+0300][49.309s][info][gc] GC(823) Pause Young (Allocation Failure) 303M->303M(912M) 69.247ms
[2020-01-31T22:24:45.021+0300][49.390s][info][gc] GC(824) Pause Young (Allocation Failure) 417M->284M(912M) 57.450ms
[2020-01-31T22:24:45.088+0300][49.457s][info][gc] GC(825) Pause Young (Allocation Failure) 398M->264M(912M) 43.493ms
[2020-01-31T22:24:45.143+0300][49.512s][info][gc] GC(826) Pause Young (Allocation Failure) 378M->245M(912M) 31.682ms
[2020-01-31T22:24:45.190+0300][49.559s][info][gc] GC(827) Pause Young (Allocation Failure) 359M->225M(912M) 21.825ms
[2020-01-31T22:24:45.214+0300][49.582s][info][gc] GC(828) Pause Young (Allocation Failure) 323M->189M(912M) 0.912ms
[2020-01-31T22:24:45.289+0300][49.658s][info][gc] GC(829) Pause Young (Allocation Failure) 303M->303M(912M) 63.327ms
[2020-01-31T22:24:45.367+0300][49.737s][info][gc] GC(830) Pause Young (Allocation Failure) 417M->284M(912M) 54.959ms
[2020-01-31T22:24:45.434+0300][49.803s][info][gc] GC(831) Pause Young (Allocation Failure) 398M->264M(912M) 43.834ms
[2020-01-31T22:24:45.489+0300][49.858s][info][gc] GC(832) Pause Young (Allocation Failure) 378M->245M(912M) 31.887ms
[2020-01-31T22:24:45.536+0300][49.905s][info][gc] GC(833) Pause Young (Allocation Failure) 359M->225M(912M) 23.753ms
[2020-01-31T22:24:45.560+0300][49.930s][info][gc] GC(834) Pause Young (Allocation Failure) 323M->190M(912M) 0.906ms
[2020-01-31T22:24:45.648+0300][50.016s][info][gc] GC(835) Pause Young (Allocation Failure) 304M->304M(912M) 72.991ms
[2020-01-31T22:24:45.732+0300][50.101s][info][gc] GC(836) Pause Young (Allocation Failure) 418M->284M(912M) 56.551ms
[2020-01-31T22:24:45.800+0300][50.170s][info][gc] GC(837) Pause Young (Allocation Failure) 398M->264M(912M) 44.321ms
[2020-01-31T22:24:45.855+0300][50.224s][info][gc] GC(838) Pause Young (Allocation Failure) 378M->245M(912M) 30.989ms
[2020-01-31T22:24:45.901+0300][50.270s][info][gc] GC(839) Pause Young (Allocation Failure) 359M->225M(912M) 20.323ms
[2020-01-31T22:24:45.925+0300][50.294s][info][gc] GC(840) Pause Young (Allocation Failure) 325M->190M(912M) 1.420ms
[2020-01-31T22:24:46.003+0300][50.372s][info][gc] GC(841) Pause Young (Allocation Failure) 304M->304M(912M) 64.857ms
[2020-01-31T22:24:46.083+0300][50.452s][info][gc] GC(842) Pause Young (Allocation Failure) 418M->284M(912M) 56.858ms
[2020-01-31T22:24:46.157+0300][50.526s][info][gc] GC(843) Pause Young (Allocation Failure) 398M->265M(912M) 45.565ms
[2020-01-31T22:24:46.213+0300][50.582s][info][gc] GC(844) Pause Young (Allocation Failure) 379M->245M(912M) 32.006ms
[2020-01-31T22:24:46.258+0300][50.627s][info][gc] GC(845) Pause Young (Allocation Failure) 359M->225M(912M) 20.374ms
[2020-01-31T22:24:46.281+0300][50.650s][info][gc] GC(846) Pause Young (Allocation Failure) 323M->190M(912M) 0.558ms
[2020-01-31T22:24:46.362+0300][50.731s][info][gc] GC(847) Pause Young (Allocation Failure) 304M->304M(912M) 67.173ms
[2020-01-31T22:24:46.439+0300][50.808s][info][gc] GC(848) Pause Young (Allocation Failure) 418M->284M(912M) 53.630ms
[2020-01-31T22:24:46.503+0300][50.872s][info][gc] GC(849) Pause Young (Allocation Failure) 398M->265M(912M) 42.033ms
[2020-01-31T22:24:46.558+0300][50.928s][info][gc] GC(850) Pause Young (Allocation Failure) 379M->245M(912M) 31.621ms
[2020-01-31T22:24:46.603+0300][50.973s][info][gc] GC(851) Pause Young (Allocation Failure) 359M->226M(912M) 20.105ms
[2020-01-31T22:24:46.628+0300][50.997s][info][gc] GC(852) Pause Young (Allocation Failure) 323M->190M(912M) 0.517ms
[2020-01-31T22:24:46.707+0300][51.076s][info][gc] GC(853) Pause Young (Allocation Failure) 304M->304M(912M) 66.427ms
[2020-01-31T22:24:46.788+0300][51.156s][info][gc] GC(854) Pause Young (Allocation Failure) 418M->284M(912M) 57.285ms
[2020-01-31T22:24:46.855+0300][51.224s][info][gc] GC(855) Pause Young (Allocation Failure) 398M->265M(912M) 42.589ms
[2020-01-31T22:24:46.911+0300][51.280s][info][gc] GC(856) Pause Young (Allocation Failure) 379M->245M(912M) 32.338ms
[2020-01-31T22:24:46.955+0300][51.324s][info][gc] GC(857) Pause Young (Allocation Failure) 359M->225M(912M) 20.460ms
[2020-01-31T22:24:46.978+0300][51.347s][info][gc] GC(858) Pause Young (Allocation Failure) 326M->190M(912M) 1.076ms
[2020-01-31T22:24:47.054+0300][51.423s][info][gc] GC(859) Pause Young (Allocation Failure) 304M->304M(912M) 62.858ms
[2020-01-31T22:24:47.134+0300][51.503s][info][gc] GC(860) Pause Young (Allocation Failure) 418M->284M(912M) 56.449ms
[2020-01-31T22:24:47.202+0300][51.571s][info][gc] GC(861) Pause Young (Allocation Failure) 398M->265M(912M) 43.298ms
[2020-01-31T22:24:47.255+0300][51.624s][info][gc] GC(862) Pause Young (Allocation Failure) 379M->245M(912M) 30.869ms
[2020-01-31T22:24:47.299+0300][51.668s][info][gc] GC(863) Pause Young (Allocation Failure) 359M->226M(912M) 20.168ms
[2020-01-31T22:24:47.323+0300][51.692s][info][gc] GC(864) Pause Young (Allocation Failure) 324M->190M(912M) 0.514ms
[2020-01-31T22:24:47.402+0300][51.771s][info][gc] GC(865) Pause Young (Allocation Failure) 304M->304M(912M) 66.511ms
[2020-01-31T22:24:47.480+0300][51.848s][info][gc] GC(866) Pause Young (Allocation Failure) 418M->284M(912M) 53.503ms
[2020-01-31T22:24:47.546+0300][51.915s][info][gc] GC(867) Pause Young (Allocation Failure) 398M->265M(912M) 43.300ms
[2020-01-31T22:24:47.600+0300][51.970s][info][gc] GC(868) Pause Young (Allocation Failure) 379M->245M(912M) 31.712ms
[2020-01-31T22:24:47.647+0300][52.016s][info][gc] GC(869) Pause Young (Allocation Failure) 359M->226M(912M) 20.590ms
[2020-01-31T22:24:47.674+0300][52.043s][info][gc] GC(870) Pause Young (Allocation Failure) 324M->190M(912M) 0.918ms
[2020-01-31T22:24:47.769+0300][52.138s][info][gc] GC(871) Pause Young (Allocation Failure) 304M->304M(912M) 81.452ms
[2020-01-31T22:24:47.850+0300][52.219s][info][gc] GC(872) Pause Young (Allocation Failure) 418M->285M(912M) 56.819ms
[2020-01-31T22:24:47.921+0300][52.290s][info][gc] GC(873) Pause Young (Allocation Failure) 399M->265M(912M) 44.648ms
[2020-01-31T22:24:47.976+0300][52.345s][info][gc] GC(874) Pause Young (Allocation Failure) 379M->245M(912M) 32.659ms
[2020-01-31T22:24:48.024+0300][52.393s][info][gc] GC(875) Pause Young (Allocation Failure) 359M->226M(912M) 23.029ms
[2020-01-31T22:24:48.046+0300][52.415s][info][gc] GC(876) Pause Young (Allocation Failure) 324M->190M(912M) 0.527ms
[2020-01-31T22:24:48.126+0300][52.495s][info][gc] GC(877) Pause Young (Allocation Failure) 304M->304M(912M) 67.334ms
[2020-01-31T22:24:48.203+0300][52.572s][info][gc] GC(878) Pause Young (Allocation Failure) 418M->285M(912M) 53.728ms
[2020-01-31T22:24:48.268+0300][52.637s][info][gc] GC(879) Pause Young (Allocation Failure) 399M->265M(912M) 41.891ms
[2020-01-31T22:24:48.321+0300][52.690s][info][gc] GC(880) Pause Young (Allocation Failure) 379M->246M(912M) 30.451ms
[2020-01-31T22:24:48.366+0300][52.735s][info][gc] GC(881) Pause Young (Allocation Failure) 360M->226M(912M) 20.721ms
[2020-01-31T22:24:48.390+0300][52.759s][info][gc] GC(882) Pause Young (Allocation Failure) 324M->190M(912M) 0.518ms
[2020-01-31T22:24:48.465+0300][52.834s][info][gc] GC(883) Pause Young (Allocation Failure) 304M->304M(912M) 62.744ms
[2020-01-31T22:24:48.541+0300][52.910s][info][gc] GC(884) Pause Young (Allocation Failure) 418M->285M(912M) 53.081ms
[2020-01-31T22:24:48.608+0300][52.977s][info][gc] GC(885) Pause Young (Allocation Failure) 399M->265M(912M) 43.628ms
[2020-01-31T22:24:48.668+0300][53.037s][info][gc] GC(886) Pause Young (Allocation Failure) 379M->246M(912M) 37.564ms
[2020-01-31T22:24:48.718+0300][53.087s][info][gc] GC(887) Pause Young (Allocation Failure) 360M->226M(912M) 23.290ms
[2020-01-31T22:24:48.743+0300][53.112s][info][gc] GC(888) Pause Young (Allocation Failure) 326M->190M(912M) 1.154ms
[2020-01-31T22:24:48.818+0300][53.187s][info][gc] GC(889) Pause Young (Allocation Failure) 304M->304M(912M) 62.583ms
[2020-01-31T22:24:48.898+0300][53.267s][info][gc] GC(890) Pause Young (Allocation Failure) 418M->285M(912M) 55.577ms
[2020-01-31T22:24:48.965+0300][53.334s][info][gc] GC(891) Pause Young (Allocation Failure) 399M->265M(912M) 43.570ms
[2020-01-31T22:24:49.020+0300][53.389s][info][gc] GC(892) Pause Young (Allocation Failure) 379M->246M(912M) 31.815ms
[2020-01-31T22:24:49.066+0300][53.435s][info][gc] GC(893) Pause Young (Allocation Failure) 360M->226M(912M) 21.736ms
[2020-01-31T22:24:49.090+0300][53.459s][info][gc] GC(894) Pause Young (Allocation Failure) 324M->190M(912M) 0.529ms
[2020-01-31T22:24:49.165+0300][53.534s][info][gc] GC(895) Pause Young (Allocation Failure) 304M->304M(912M) 63.331ms
[2020-01-31T22:24:49.243+0300][53.612s][info][gc] GC(896) Pause Young (Allocation Failure) 418M->285M(912M) 53.753ms
[2020-01-31T22:24:49.311+0300][53.681s][info][gc] GC(897) Pause Young (Allocation Failure) 399M->265M(912M) 44.046ms
[2020-01-31T22:24:49.366+0300][53.735s][info][gc] GC(898) Pause Young (Allocation Failure) 379M->246M(912M) 30.515ms
[2020-01-31T22:24:49.410+0300][53.779s][info][gc] GC(899) Pause Young (Allocation Failure) 360M->226M(912M) 20.278ms
[2020-01-31T22:24:49.433+0300][53.802s][info][gc] GC(900) Pause Young (Allocation Failure) 324M->190M(912M) 0.533ms
[2020-01-31T22:24:49.514+0300][53.883s][info][gc] GC(901) Pause Young (Allocation Failure) 304M->304M(912M) 66.759ms
[2020-01-31T22:24:49.592+0300][53.961s][info][gc] GC(902) Pause Young (Allocation Failure) 418M->285M(912M) 54.551ms
[2020-01-31T22:24:49.660+0300][54.029s][info][gc] GC(903) Pause Young (Allocation Failure) 399M->265M(912M) 43.318ms
[2020-01-31T22:24:49.713+0300][54.082s][info][gc] GC(904) Pause Young (Allocation Failure) 379M->246M(912M) 30.351ms
[2020-01-31T22:24:49.758+0300][54.128s][info][gc] GC(905) Pause Young (Allocation Failure) 360M->226M(912M) 21.243ms
[2020-01-31T22:24:49.782+0300][54.151s][info][gc] GC(906) Pause Young (Allocation Failure) 326M->190M(912M) 0.523ms
[2020-01-31T22:24:49.859+0300][54.228s][info][gc] GC(907) Pause Young (Allocation Failure) 304M->305M(912M) 63.897ms
[2020-01-31T22:24:49.937+0300][54.306s][info][gc] GC(908) Pause Young (Allocation Failure) 419M->285M(912M) 53.454ms
[2020-01-31T22:24:50.006+0300][54.375s][info][gc] GC(909) Pause Young (Allocation Failure) 399M->266M(912M) 45.764ms
[2020-01-31T22:24:50.062+0300][54.431s][info][gc] GC(910) Pause Young (Allocation Failure) 380M->246M(912M) 32.333ms
[2020-01-31T22:24:50.105+0300][54.475s][info][gc] GC(911) Pause Young (Allocation Failure) 360M->226M(912M) 19.896ms
[2020-01-31T22:24:50.129+0300][54.498s][info][gc] GC(912) Pause Young (Allocation Failure) 324M->191M(912M) 0.529ms
[2020-01-31T22:24:50.207+0300][54.576s][info][gc] GC(913) Pause Young (Allocation Failure) 305M->305M(912M) 65.120ms
[2020-01-31T22:24:50.284+0300][54.653s][info][gc] GC(914) Pause Young (Allocation Failure) 419M->285M(912M) 54.018ms
[2020-01-31T22:24:50.351+0300][54.720s][info][gc] GC(915) Pause Young (Allocation Failure) 399M->266M(912M) 42.718ms
[2020-01-31T22:24:50.404+0300][54.773s][info][gc] GC(916) Pause Young (Allocation Failure) 380M->246M(912M) 30.571ms
[2020-01-31T22:24:50.449+0300][54.818s][info][gc] GC(917) Pause Young (Allocation Failure) 360M->226M(912M) 20.402ms
[2020-01-31T22:24:50.472+0300][54.841s][info][gc] GC(918) Pause Young (Allocation Failure) 324M->191M(912M) 0.521ms
[2020-01-31T22:24:50.555+0300][54.924s][info][gc] GC(919) Pause Young (Allocation Failure) 305M->305M(912M) 69.017ms
[2020-01-31T22:24:50.632+0300][55.001s][info][gc] GC(920) Pause Young (Allocation Failure) 419M->285M(912M) 53.623ms
[2020-01-31T22:24:50.701+0300][55.070s][info][gc] GC(921) Pause Young (Allocation Failure) 399M->266M(912M) 45.858ms
[2020-01-31T22:24:50.760+0300][55.129s][info][gc] GC(922) Pause Young (Allocation Failure) 380M->246M(912M) 33.417ms
[2020-01-31T22:24:50.803+0300][55.172s][info][gc] GC(923) Pause Young (Allocation Failure) 360M->226M(912M) 19.739ms
[2020-01-31T22:24:50.827+0300][55.196s][info][gc] GC(924) Pause Young (Allocation Failure) 327M->191M(912M) 0.515ms
[2020-01-31T22:24:50.905+0300][55.274s][info][gc] GC(925) Pause Young (Allocation Failure) 305M->305M(912M) 64.705ms
[2020-01-31T22:24:50.991+0300][55.360s][info][gc] GC(926) Pause Young (Allocation Failure) 419M->285M(912M) 61.457ms
[2020-01-31T22:24:51.058+0300][55.427s][info][gc] GC(927) Pause Young (Allocation Failure) 399M->266M(912M) 42.983ms
[2020-01-31T22:24:51.113+0300][55.482s][info][gc] GC(928) Pause Young (Allocation Failure) 380M->246M(912M) 31.161ms
[2020-01-31T22:24:51.159+0300][55.528s][info][gc] GC(929) Pause Young (Allocation Failure) 360M->227M(912M) 21.236ms
[2020-01-31T22:24:51.183+0300][55.552s][info][gc] GC(930) Pause Young (Allocation Failure) 324M->191M(912M) 0.523ms
[2020-01-31T22:24:51.259+0300][55.628s][info][gc] GC(931) Pause Young (Allocation Failure) 305M->305M(912M) 63.345ms
[2020-01-31T22:24:51.338+0300][55.706s][info][gc] GC(932) Pause Young (Allocation Failure) 419M->285M(912M) 53.854ms
[2020-01-31T22:24:51.402+0300][55.771s][info][gc] GC(933) Pause Young (Allocation Failure) 399M->266M(912M) 42.691ms
[2020-01-31T22:24:51.457+0300][55.826s][info][gc] GC(934) Pause Young (Allocation Failure) 380M->246M(912M) 32.026ms
[2020-01-31T22:24:51.500+0300][55.869s][info][gc] GC(935) Pause Young (Allocation Failure) 360M->227M(912M) 19.751ms
[2020-01-31T22:24:51.524+0300][55.893s][info][gc] GC(936) Pause Young (Allocation Failure) 325M->191M(912M) 0.524ms
[2020-01-31T22:24:51.603+0300][55.971s][info][gc] GC(937) Pause Young (Allocation Failure) 305M->305M(912M) 66.045ms
[2020-01-31T22:24:51.680+0300][56.049s][info][gc] GC(938) Pause Young (Allocation Failure) 419M->285M(912M) 53.127ms
[2020-01-31T22:24:51.748+0300][56.117s][info][gc] GC(939) Pause Young (Allocation Failure) 399M->266M(912M) 43.269ms
[2020-01-31T22:24:51.805+0300][56.174s][info][gc] GC(940) Pause Young (Allocation Failure) 380M->246M(912M) 33.505ms
[2020-01-31T22:24:51.850+0300][56.219s][info][gc] GC(941) Pause Young (Allocation Failure) 360M->227M(912M) 20.536ms
[2020-01-31T22:24:51.873+0300][56.242s][info][gc] GC(942) Pause Young (Allocation Failure) 327M->191M(912M) 0.517ms
[2020-01-31T22:24:51.950+0300][56.320s][info][gc] GC(943) Pause Young (Allocation Failure) 305M->305M(912M) 64.705ms
[2020-01-31T22:24:52.031+0300][56.400s][info][gc] GC(944) Pause Young (Allocation Failure) 419M->286M(912M) 57.303ms
[2020-01-31T22:24:52.099+0300][56.468s][info][gc] GC(945) Pause Young (Allocation Failure) 400M->266M(912M) 43.814ms
[2020-01-31T22:24:52.154+0300][56.523s][info][gc] GC(946) Pause Young (Allocation Failure) 380M->246M(912M) 32.269ms
[2020-01-31T22:24:52.199+0300][56.567s][info][gc] GC(947) Pause Young (Allocation Failure) 360M->227M(912M) 20.837ms
[2020-01-31T22:24:52.222+0300][56.591s][info][gc] GC(948) Pause Young (Allocation Failure) 325M->191M(912M) 0.519ms
[2020-01-31T22:24:52.302+0300][56.671s][info][gc] GC(949) Pause Young (Allocation Failure) 305M->305M(912M) 67.526ms
[2020-01-31T22:24:52.380+0300][56.749s][info][gc] GC(950) Pause Young (Allocation Failure) 419M->286M(912M) 54.478ms
[2020-01-31T22:24:52.445+0300][56.814s][info][gc] GC(951) Pause Young (Allocation Failure) 400M->266M(912M) 42.188ms
[2020-01-31T22:24:52.499+0300][56.869s][info][gc] GC(952) Pause Young (Allocation Failure) 380M->247M(912M) 31.273ms
[2020-01-31T22:24:52.544+0300][56.913s][info][gc] GC(953) Pause Young (Allocation Failure) 361M->227M(912M) 20.413ms
[2020-01-31T22:24:52.567+0300][56.936s][info][gc] GC(954) Pause Young (Allocation Failure) 325M->191M(912M) 0.512ms
[2020-01-31T22:24:52.645+0300][57.014s][info][gc] GC(955) Pause Young (Allocation Failure) 305M->305M(912M) 63.980ms
[2020-01-31T22:24:52.720+0300][57.090s][info][gc] GC(956) Pause Young (Allocation Failure) 419M->286M(912M) 52.598ms
[2020-01-31T22:24:52.791+0300][57.160s][info][gc] GC(957) Pause Young (Allocation Failure) 400M->266M(912M) 46.234ms
[2020-01-31T22:24:52.845+0300][57.214s][info][gc] GC(958) Pause Young (Allocation Failure) 380M->246M(912M) 30.916ms
[2020-01-31T22:24:52.889+0300][57.258s][info][gc] GC(959) Pause Young (Allocation Failure) 360M->227M(912M) 20.496ms
[2020-01-31T22:24:52.912+0300][57.281s][info][gc] GC(960) Pause Young (Allocation Failure) 327M->191M(912M) 0.903ms
[2020-01-31T22:24:52.989+0300][57.358s][info][gc] GC(961) Pause Young (Allocation Failure) 305M->305M(912M) 63.836ms
[2020-01-31T22:24:53.070+0300][57.439s][info][gc] GC(962) Pause Young (Allocation Failure) 419M->286M(912M) 57.277ms
[2020-01-31T22:24:53.137+0300][57.506s][info][gc] GC(963) Pause Young (Allocation Failure) 400M->266M(912M) 43.648ms
[2020-01-31T22:24:53.193+0300][57.562s][info][gc] GC(964) Pause Young (Allocation Failure) 380M->247M(912M) 30.760ms
[2020-01-31T22:24:53.236+0300][57.605s][info][gc] GC(965) Pause Young (Allocation Failure) 361M->227M(912M) 19.640ms
[2020-01-31T22:24:53.260+0300][57.629s][info][gc] GC(966) Pause Young (Allocation Failure) 325M->191M(912M) 0.616ms
[2020-01-31T22:24:53.339+0300][57.708s][info][gc] GC(967) Pause Young (Allocation Failure) 305M->305M(912M) 66.392ms
[2020-01-31T22:24:53.417+0300][57.785s][info][gc] GC(968) Pause Young (Allocation Failure) 419M->286M(912M) 52.892ms
[2020-01-31T22:24:53.481+0300][57.850s][info][gc] GC(969) Pause Young (Allocation Failure) 400M->266M(912M) 41.602ms
[2020-01-31T22:24:53.535+0300][57.904s][info][gc] GC(970) Pause Young (Allocation Failure) 380M->247M(912M) 30.239ms
[2020-01-31T22:24:53.581+0300][57.949s][info][gc] GC(971) Pause Young (Allocation Failure) 361M->227M(912M) 20.300ms
[2020-01-31T22:24:53.605+0300][57.974s][info][gc] GC(972) Pause Young (Allocation Failure) 325M->191M(912M) 0.524ms
[2020-01-31T22:24:53.682+0300][58.051s][info][gc] GC(973) Pause Young (Allocation Failure) 305M->305M(912M) 63.808ms
[2020-01-31T22:24:53.757+0300][58.126s][info][gc] GC(974) Pause Young (Allocation Failure) 419M->284M(912M) 51.613ms
[2020-01-31T22:24:53.827+0300][58.195s][info][gc] GC(975) Pause Young (Allocation Failure) 398M->265M(912M) 43.988ms
[2020-01-31T22:24:53.881+0300][58.249s][info][gc] GC(976) Pause Young (Allocation Failure) 379M->245M(912M) 31.056ms
[2020-01-31T22:24:53.923+0300][58.292s][info][gc] GC(977) Pause Young (Allocation Failure) 359M->226M(912M) 19.022ms
[2020-01-31T22:24:53.946+0300][58.315s][info][gc] GC(978) Pause Young (Allocation Failure) 326M->192M(912M) 0.905ms
[2020-01-31T22:24:54.025+0300][58.394s][info][gc] GC(979) Pause Young (Allocation Failure) 306M->306M(912M) 66.909ms
[2020-01-31T22:24:54.106+0300][58.475s][info][gc] GC(980) Pause Young (Allocation Failure) 420M->286M(912M) 55.775ms
[2020-01-31T22:24:54.173+0300][58.542s][info][gc] GC(981) Pause Young (Allocation Failure) 400M->266M(912M) 42.903ms
[2020-01-31T22:24:54.227+0300][58.596s][info][gc] GC(982) Pause Young (Allocation Failure) 380M->247M(912M) 30.979ms
[2020-01-31T22:24:54.270+0300][58.639s][info][gc] GC(983) Pause Young (Allocation Failure) 361M->227M(912M) 19.875ms
[2020-01-31T22:24:54.297+0300][58.665s][info][gc] GC(984) Pause Young (Allocation Failure) 325M->192M(912M) 2.922ms
[2020-01-31T22:24:54.381+0300][58.750s][info][gc] GC(985) Pause Young (Allocation Failure) 306M->306M(912M) 70.594ms
[2020-01-31T22:24:54.463+0300][58.832s][info][gc] GC(986) Pause Young (Allocation Failure) 420M->286M(912M) 56.063ms
[2020-01-31T22:24:54.530+0300][58.899s][info][gc] GC(987) Pause Young (Allocation Failure) 400M->267M(912M) 43.227ms
[2020-01-31T22:24:54.583+0300][58.952s][info][gc] GC(988) Pause Young (Allocation Failure) 381M->247M(912M) 30.502ms
[2020-01-31T22:24:54.628+0300][58.997s][info][gc] GC(989) Pause Young (Allocation Failure) 361M->227M(912M) 20.759ms
[2020-01-31T22:24:54.651+0300][59.020s][info][gc] GC(990) Pause Young (Allocation Failure) 325M->192M(912M) 0.531ms
[2020-01-31T22:24:54.726+0300][59.095s][info][gc] GC(991) Pause Young (Allocation Failure) 306M->306M(912M) 62.656ms
[2020-01-31T22:24:54.804+0300][59.173s][info][gc] GC(992) Pause Young (Allocation Failure) 420M->286M(912M) 53.278ms
[2020-01-31T22:24:54.873+0300][59.242s][info][gc] GC(993) Pause Young (Allocation Failure) 400M->267M(912M) 45.184ms
[2020-01-31T22:24:54.926+0300][59.295s][info][gc] GC(994) Pause Young (Allocation Failure) 381M->247M(912M) 30.472ms
[2020-01-31T22:24:54.970+0300][59.339s][info][gc] GC(995) Pause Young (Allocation Failure) 361M->227M(912M) 20.867ms
[2020-01-31T22:24:54.995+0300][59.363s][info][gc] GC(996) Pause Young (Allocation Failure) 328M->192M(912M) 0.928ms
[2020-01-31T22:24:55.086+0300][59.454s][info][gc] GC(997) Pause Young (Allocation Failure) 306M->306M(912M) 78.477ms
[2020-01-31T22:24:55.164+0300][59.533s][info][gc] GC(998) Pause Young (Allocation Failure) 420M->286M(912M) 53.561ms
[2020-01-31T22:24:55.229+0300][59.598s][info][gc] GC(999) Pause Young (Allocation Failure) 400M->267M(912M) 42.753ms
[2020-01-31T22:24:55.283+0300][59.652s][info][gc] GC(1000) Pause Young (Allocation Failure) 381M->247M(912M) 31.474ms
[2020-01-31T22:24:55.328+0300][59.697s][info][gc] GC(1001) Pause Young (Allocation Failure) 361M->228M(912M) 20.636ms
[2020-01-31T22:24:55.352+0300][59.721s][info][gc] GC(1002) Pause Young (Allocation Failure) 326M->192M(912M) 0.521ms
[2020-01-31T22:24:55.429+0300][59.797s][info][gc] GC(1003) Pause Young (Allocation Failure) 306M->306M(912M) 64.132ms
[2020-01-31T22:24:55.505+0300][59.874s][info][gc] GC(1004) Pause Young (Allocation Failure) 420M->286M(912M) 52.380ms
[2020-01-31T22:24:55.572+0300][59.942s][info][gc] GC(1005) Pause Young (Allocation Failure) 400M->267M(912M) 44.005ms
[2020-01-31T22:24:55.629+0300][59.997s][info][gc] GC(1006) Pause Young (Allocation Failure) 381M->247M(912M) 32.223ms
[2020-01-31T22:24:55.671+0300][60.040s][info][gc] GC(1007) Pause Young (Allocation Failure) 361M->228M(912M) 19.642ms
[2020-01-31T22:24:55.694+0300][60.064s][info][gc] GC(1008) Pause Young (Allocation Failure) 326M->192M(912M) 0.518ms
[2020-01-31T22:24:55.771+0300][60.140s][info][gc] GC(1009) Pause Young (Allocation Failure) 306M->306M(912M) 64.366ms
[2020-01-31T22:24:55.851+0300][60.220s][info][gc] GC(1010) Pause Young (Allocation Failure) 420M->286M(912M) 56.723ms
[2020-01-31T22:24:55.919+0300][60.289s][info][gc] GC(1011) Pause Young (Allocation Failure) 400M->267M(912M) 42.491ms
[2020-01-31T22:24:55.976+0300][60.346s][info][gc] GC(1012) Pause Young (Allocation Failure) 381M->247M(912M) 33.240ms
[2020-01-31T22:24:56.021+0300][60.390s][info][gc] GC(1013) Pause Young (Allocation Failure) 361M->228M(912M) 20.230ms
[2020-01-31T22:24:56.045+0300][60.413s][info][gc] GC(1014) Pause Young (Allocation Failure) 328M->192M(912M) 1.088ms
[2020-01-31T22:24:56.124+0300][60.493s][info][gc] GC(1015) Pause Young (Allocation Failure) 306M->306M(912M) 65.355ms
[2020-01-31T22:24:56.202+0300][60.571s][info][gc] GC(1016) Pause Young (Allocation Failure) 420M->287M(912M) 54.020ms
[2020-01-31T22:24:56.266+0300][60.635s][info][gc] GC(1017) Pause Young (Allocation Failure) 401M->267M(912M) 41.862ms
[2020-01-31T22:24:56.320+0300][60.689s][info][gc] GC(1018) Pause Young (Allocation Failure) 381M->247M(912M) 31.170ms
[2020-01-31T22:24:56.364+0300][60.733s][info][gc] GC(1019) Pause Young (Allocation Failure) 361M->228M(912M) 20.682ms
[2020-01-31T22:24:56.388+0300][60.757s][info][gc] GC(1020) Pause Young (Allocation Failure) 326M->192M(912M) 0.798ms
[2020-01-31T22:24:56.462+0300][60.831s][info][gc] GC(1021) Pause Young (Allocation Failure) 306M->306M(912M) 61.835ms
[2020-01-31T22:24:56.540+0300][60.909s][info][gc] GC(1022) Pause Young (Allocation Failure) 420M->287M(912M) 53.167ms
[2020-01-31T22:24:56.608+0300][60.977s][info][gc] GC(1023) Pause Young (Allocation Failure) 401M->267M(912M) 45.071ms
[2020-01-31T22:24:56.663+0300][61.032s][info][gc] GC(1024) Pause Young (Allocation Failure) 381M->248M(912M) 32.220ms
[2020-01-31T22:24:56.707+0300][61.075s][info][gc] GC(1025) Pause Young (Allocation Failure) 362M->228M(912M) 20.141ms
[2020-01-31T22:24:56.731+0300][61.100s][info][gc] GC(1026) Pause Young (Allocation Failure) 326M->192M(912M) 0.517ms
[2020-01-31T22:24:56.807+0300][61.176s][info][gc] GC(1027) Pause Young (Allocation Failure) 306M->306M(912M) 63.327ms
[2020-01-31T22:24:56.886+0300][61.255s][info][gc] GC(1028) Pause Young (Allocation Failure) 420M->287M(912M) 55.871ms
[2020-01-31T22:24:56.956+0300][61.324s][info][gc] GC(1029) Pause Young (Allocation Failure) 401M->267M(912M) 44.662ms
[2020-01-31T22:24:57.011+0300][61.380s][info][gc] GC(1030) Pause Young (Allocation Failure) 381M->247M(912M) 32.642ms
[2020-01-31T22:24:57.056+0300][61.425s][info][gc] GC(1031) Pause Young (Allocation Failure) 361M->228M(912M) 21.028ms
[2020-01-31T22:24:57.080+0300][61.449s][info][gc] GC(1032) Pause Young (Allocation Failure) 328M->192M(912M) 0.982ms
[2020-01-31T22:24:57.160+0300][61.529s][info][gc] GC(1033) Pause Young (Allocation Failure) 306M->306M(912M) 67.572ms
[2020-01-31T22:24:57.237+0300][61.605s][info][gc] GC(1034) Pause Young (Allocation Failure) 420M->287M(912M) 53.169ms
[2020-01-31T22:24:57.302+0300][61.671s][info][gc] GC(1035) Pause Young (Allocation Failure) 401M->267M(912M) 42.221ms
[2020-01-31T22:24:57.357+0300][61.725s][info][gc] GC(1036) Pause Young (Allocation Failure) 381M->248M(912M) 30.949ms
[2020-01-31T22:24:57.401+0300][61.770s][info][gc] GC(1037) Pause Young (Allocation Failure) 362M->228M(912M) 20.951ms
[2020-01-31T22:24:57.425+0300][61.794s][info][gc] GC(1038) Pause Young (Allocation Failure) 326M->192M(912M) 0.525ms
[2020-01-31T22:24:57.504+0300][61.872s][info][gc] GC(1039) Pause Young (Allocation Failure) 306M->306M(912M) 66.263ms
[2020-01-31T22:24:57.579+0300][61.948s][info][gc] GC(1040) Pause Young (Allocation Failure) 420M->287M(912M) 53.537ms
[2020-01-31T22:24:57.645+0300][62.014s][info][gc] GC(1041) Pause Young (Allocation Failure) 401M->267M(912M) 42.018ms
[2020-01-31T22:24:57.700+0300][62.069s][info][gc] GC(1042) Pause Young (Allocation Failure) 381M->248M(912M) 31.436ms
[2020-01-31T22:24:57.744+0300][62.113s][info][gc] GC(1043) Pause Young (Allocation Failure) 362M->228M(912M) 20.096ms
[2020-01-31T22:24:57.768+0300][62.138s][info][gc] GC(1044) Pause Young (Allocation Failure) 326M->192M(912M) 0.521ms
[2020-01-31T22:24:57.846+0300][62.215s][info][gc] GC(1045) Pause Young (Allocation Failure) 306M->306M(912M) 64.635ms
[2020-01-31T22:24:57.928+0300][62.297s][info][gc] GC(1046) Pause Young (Allocation Failure) 420M->287M(912M) 57.364ms
[2020-01-31T22:24:57.995+0300][62.364s][info][gc] GC(1047) Pause Young (Allocation Failure) 401M->267M(912M) 42.972ms
[2020-01-31T22:24:58.052+0300][62.421s][info][gc] GC(1048) Pause Young (Allocation Failure) 381M->248M(912M) 34.582ms
[2020-01-31T22:24:58.098+0300][62.467s][info][gc] GC(1049) Pause Young (Allocation Failure) 362M->228M(912M) 21.569ms
[2020-01-31T22:24:58.122+0300][62.491s][info][gc] GC(1050) Pause Young (Allocation Failure) 326M->192M(912M) 0.517ms
[2020-01-31T22:24:58.197+0300][62.566s][info][gc] GC(1051) Pause Young (Allocation Failure) 306M->306M(912M) 63.500ms
[2020-01-31T22:24:58.276+0300][62.645s][info][gc] GC(1052) Pause Young (Allocation Failure) 420M->287M(912M) 54.795ms
[2020-01-31T22:24:58.343+0300][62.711s][info][gc] GC(1053) Pause Young (Allocation Failure) 401M->267M(912M) 43.218ms
[2020-01-31T22:24:58.397+0300][62.766s][info][gc] GC(1054) Pause Young (Allocation Failure) 381M->248M(912M) 31.516ms
[2020-01-31T22:24:58.440+0300][62.809s][info][gc] GC(1055) Pause Young (Allocation Failure) 362M->228M(912M) 19.831ms
[2020-01-31T22:24:58.464+0300][62.833s][info][gc] GC(1056) Pause Young (Allocation Failure) 326M->193M(912M) 0.885ms
[2020-01-31T22:24:58.544+0300][62.914s][info][gc] GC(1057) Pause Young (Allocation Failure) 307M->307M(912M) 67.867ms
[2020-01-31T22:24:58.623+0300][62.992s][info][gc] GC(1058) Pause Young (Allocation Failure) 421M->287M(912M) 54.813ms
[2020-01-31T22:24:58.690+0300][63.059s][info][gc] GC(1059) Pause Young (Allocation Failure) 401M->268M(912M) 43.444ms
[2020-01-31T22:24:58.745+0300][63.114s][info][gc] GC(1060) Pause Young (Allocation Failure) 382M->248M(912M) 30.688ms
[2020-01-31T22:24:58.793+0300][63.162s][info][gc] GC(1061) Pause Young (Allocation Failure) 362M->228M(912M) 22.033ms
[2020-01-31T22:24:58.817+0300][63.186s][info][gc] GC(1062) Pause Young (Allocation Failure) 328M->193M(912M) 0.531ms
[2020-01-31T22:24:58.893+0300][63.262s][info][gc] GC(1063) Pause Young (Allocation Failure) 307M->307M(912M) 64.085ms
[2020-01-31T22:24:58.968+0300][63.338s][info][gc] GC(1064) Pause Young (Allocation Failure) 421M->287M(912M) 51.971ms
[2020-01-31T22:24:59.037+0300][63.406s][info][gc] GC(1065) Pause Young (Allocation Failure) 401M->268M(912M) 44.646ms
[2020-01-31T22:24:59.091+0300][63.460s][info][gc] GC(1066) Pause Young (Allocation Failure) 382M->248M(912M) 30.475ms
[2020-01-31T22:24:59.136+0300][63.505s][info][gc] GC(1067) Pause Young (Allocation Failure) 362M->228M(912M) 19.787ms
[2020-01-31T22:24:59.160+0300][63.529s][info][gc] GC(1068) Pause Young (Allocation Failure) 326M->193M(912M) 0.816ms
[2020-01-31T22:24:59.237+0300][63.606s][info][gc] GC(1069) Pause Young (Allocation Failure) 307M->307M(912M) 64.461ms
[2020-01-31T22:24:59.319+0300][63.688s][info][gc] GC(1070) Pause Young (Allocation Failure) 421M->287M(912M) 58.739ms
[2020-01-31T22:24:59.386+0300][63.756s][info][gc] GC(1071) Pause Young (Allocation Failure) 401M->268M(912M) 42.364ms
[2020-01-31T22:24:59.442+0300][63.810s][info][gc] GC(1072) Pause Young (Allocation Failure) 382M->248M(912M) 31.089ms
[2020-01-31T22:24:59.484+0300][63.854s][info][gc] GC(1073) Pause Young (Allocation Failure) 362M->229M(912M) 19.914ms
[2020-01-31T22:24:59.508+0300][63.877s][info][gc] GC(1074) Pause Young (Allocation Failure) 327M->193M(912M) 0.518ms
[2020-01-31T22:24:59.589+0300][63.957s][info][gc] GC(1075) Pause Young (Allocation Failure) 307M->307M(912M) 66.522ms
[2020-01-31T22:24:59.666+0300][64.036s][info][gc] GC(1076) Pause Young (Allocation Failure) 421M->287M(912M) 53.595ms
[2020-01-31T22:24:59.731+0300][64.101s][info][gc] GC(1077) Pause Young (Allocation Failure) 401M->268M(912M) 42.244ms
[2020-01-31T22:24:59.787+0300][64.157s][info][gc] GC(1078) Pause Young (Allocation Failure) 382M->248M(912M) 32.691ms
[2020-01-31T22:24:59.833+0300][64.202s][info][gc] GC(1079) Pause Young (Allocation Failure) 362M->229M(912M) 20.558ms
[2020-01-31T22:24:59.857+0300][64.226s][info][gc] GC(1080) Pause Young (Allocation Failure) 329M->193M(912M) 0.671ms
[2020-01-31T22:24:59.937+0300][64.305s][info][gc] GC(1081) Pause Young (Allocation Failure) 307M->307M(912M) 66.750ms
[2020-01-31T22:25:00.018+0300][64.386s][info][gc] GC(1082) Pause Young (Allocation Failure) 421M->287M(912M) 57.848ms
[2020-01-31T22:25:00.086+0300][64.455s][info][gc] GC(1083) Pause Young (Allocation Failure) 401M->268M(912M) 43.646ms
[2020-01-31T22:25:00.144+0300][64.514s][info][gc] GC(1084) Pause Young (Allocation Failure) 382M->248M(912M) 32.501ms
[2020-01-31T22:25:00.188+0300][64.557s][info][gc] GC(1085) Pause Young (Allocation Failure) 362M->229M(912M) 20.248ms
[2020-01-31T22:25:00.212+0300][64.580s][info][gc] GC(1086) Pause Young (Allocation Failure) 327M->193M(912M) 0.924ms
[2020-01-31T22:25:00.287+0300][64.656s][info][gc] GC(1087) Pause Young (Allocation Failure) 307M->307M(912M) 62.710ms
[2020-01-31T22:25:00.369+0300][64.737s][info][gc] GC(1088) Pause Young (Allocation Failure) 421M->288M(912M) 56.426ms
[2020-01-31T22:25:00.438+0300][64.807s][info][gc] GC(1089) Pause Young (Allocation Failure) 402M->268M(912M) 44.485ms
[2020-01-31T22:25:00.491+0300][64.860s][info][gc] GC(1090) Pause Young (Allocation Failure) 382M->248M(912M) 29.944ms
[2020-01-31T22:25:00.536+0300][64.905s][info][gc] GC(1091) Pause Young (Allocation Failure) 362M->229M(912M) 20.295ms
[2020-01-31T22:25:00.560+0300][64.929s][info][gc] GC(1092) Pause Young (Allocation Failure) 327M->193M(912M) 0.663ms
[2020-01-31T22:25:00.641+0300][65.009s][info][gc] GC(1093) Pause Young (Allocation Failure) 307M->307M(912M) 67.166ms
[2020-01-31T22:25:00.718+0300][65.087s][info][gc] GC(1094) Pause Young (Allocation Failure) 421M->288M(912M) 53.068ms
[2020-01-31T22:25:00.784+0300][65.154s][info][gc] GC(1095) Pause Young (Allocation Failure) 402M->268M(912M) 43.300ms
[2020-01-31T22:25:00.839+0300][65.208s][info][gc] GC(1096) Pause Young (Allocation Failure) 382M->248M(912M) 30.895ms
[2020-01-31T22:25:00.885+0300][65.253s][info][gc] GC(1097) Pause Young (Allocation Failure) 362M->229M(912M) 20.289ms
[2020-01-31T22:25:00.908+0300][65.277s][info][gc] GC(1098) Pause Young (Allocation Failure) 329M->193M(912M) 0.519ms
[2020-01-31T22:25:00.990+0300][65.358s][info][gc] GC(1099) Pause Young (Allocation Failure) 307M->307M(912M) 68.577ms
[2020-01-31T22:25:01.065+0300][65.435s][info][gc] GC(1100) Pause Young (Allocation Failure) 421M->288M(912M) 52.675ms
[2020-01-31T22:25:01.137+0300][65.505s][info][gc] GC(1101) Pause Young (Allocation Failure) 402M->268M(912M) 46.161ms
[2020-01-31T22:25:01.191+0300][65.560s][info][gc] GC(1102) Pause Young (Allocation Failure) 382M->249M(912M) 31.186ms
[2020-01-31T22:25:01.234+0300][65.604s][info][gc] GC(1103) Pause Young (Allocation Failure) 363M->229M(912M) 19.727ms
[2020-01-31T22:25:01.258+0300][65.628s][info][gc] GC(1104) Pause Young (Allocation Failure) 327M->193M(912M) 0.894ms
[2020-01-31T22:25:01.334+0300][65.703s][info][gc] GC(1105) Pause Young (Allocation Failure) 307M->307M(912M) 63.231ms
[2020-01-31T22:25:01.413+0300][65.782s][info][gc] GC(1106) Pause Young (Allocation Failure) 421M->288M(912M) 54.615ms
[2020-01-31T22:25:01.482+0300][65.851s][info][gc] GC(1107) Pause Young (Allocation Failure) 402M->268M(912M) 43.767ms
[2020-01-31T22:25:01.535+0300][65.904s][info][gc] GC(1108) Pause Young (Allocation Failure) 382M->249M(912M) 31.231ms
[2020-01-31T22:25:01.578+0300][65.948s][info][gc] GC(1109) Pause Young (Allocation Failure) 363M->229M(912M) 20.008ms
[2020-01-31T22:25:01.602+0300][65.971s][info][gc] GC(1110) Pause Young (Allocation Failure) 327M->193M(912M) 0.524ms
[2020-01-31T22:25:01.682+0300][66.051s][info][gc] GC(1111) Pause Young (Allocation Failure) 307M->307M(912M) 66.568ms
[2020-01-31T22:25:01.761+0300][66.130s][info][gc] GC(1112) Pause Young (Allocation Failure) 421M->288M(912M) 54.806ms
[2020-01-31T22:25:01.829+0300][66.198s][info][gc] GC(1113) Pause Young (Allocation Failure) 402M->268M(912M) 43.161ms
[2020-01-31T22:25:01.883+0300][66.251s][info][gc] GC(1114) Pause Young (Allocation Failure) 382M->249M(912M) 30.875ms
[2020-01-31T22:25:01.929+0300][66.298s][info][gc] GC(1115) Pause Young (Allocation Failure) 363M->229M(912M) 21.059ms
[2020-01-31T22:25:01.953+0300][66.322s][info][gc] GC(1116) Pause Young (Allocation Failure) 329M->193M(912M) 0.519ms
[2020-01-31T22:25:02.031+0300][66.400s][info][gc] GC(1117) Pause Young (Allocation Failure) 307M->307M(912M) 64.907ms
[2020-01-31T22:25:02.108+0300][66.477s][info][gc] GC(1118) Pause Young (Allocation Failure) 421M->288M(912M) 55.187ms
[2020-01-31T22:25:02.178+0300][66.547s][info][gc] GC(1119) Pause Young (Allocation Failure) 402M->268M(912M) 46.566ms
[2020-01-31T22:25:02.234+0300][66.602s][info][gc] GC(1120) Pause Young (Allocation Failure) 382M->249M(912M) 30.832ms
[2020-01-31T22:25:02.277+0300][66.646s][info][gc] GC(1121) Pause Young (Allocation Failure) 363M->229M(912M) 19.903ms
[2020-01-31T22:25:02.300+0300][66.670s][info][gc] GC(1122) Pause Young (Allocation Failure) 327M->193M(912M) 0.515ms
[2020-01-31T22:25:02.377+0300][66.746s][info][gc] GC(1123) Pause Young (Allocation Failure) 307M->308M(912M) 63.579ms
[2020-01-31T22:25:02.456+0300][66.825s][info][gc] GC(1124) Pause Young (Allocation Failure) 422M->288M(912M) 55.655ms
[2020-01-31T22:25:02.522+0300][66.891s][info][gc] GC(1125) Pause Young (Allocation Failure) 402M->268M(912M) 43.209ms
[2020-01-31T22:25:02.577+0300][66.946s][info][gc] GC(1126) Pause Young (Allocation Failure) 382M->249M(912M) 30.509ms
[2020-01-31T22:25:02.622+0300][66.991s][info][gc] GC(1127) Pause Young (Allocation Failure) 363M->229M(912M) 20.836ms
[2020-01-31T22:25:02.644+0300][67.013s][info][gc] GC(1128) Pause Young (Allocation Failure) 327M->194M(912M) 0.523ms
[2020-01-31T22:25:02.725+0300][67.094s][info][gc] GC(1129) Pause Young (Allocation Failure) 308M->308M(912M) 67.961ms
[2020-01-31T22:25:02.802+0300][67.171s][info][gc] GC(1130) Pause Young (Allocation Failure) 422M->288M(912M) 53.761ms
[2020-01-31T22:25:02.867+0300][67.237s][info][gc] GC(1131) Pause Young (Allocation Failure) 402M->269M(912M) 42.733ms
[2020-01-31T22:25:02.921+0300][67.291s][info][gc] GC(1132) Pause Young (Allocation Failure) 383M->249M(912M) 31.143ms
[2020-01-31T22:25:02.968+0300][67.337s][info][gc] GC(1133) Pause Young (Allocation Failure) 363M->229M(912M) 20.459ms
[2020-01-31T22:25:02.993+0300][67.362s][info][gc] GC(1134) Pause Young (Allocation Failure) 330M->194M(912M) 0.896ms
[2020-01-31T22:25:03.076+0300][67.445s][info][gc] GC(1135) Pause Young (Allocation Failure) 308M->308M(912M) 70.546ms
[2020-01-31T22:25:03.152+0300][67.522s][info][gc] GC(1136) Pause Young (Allocation Failure) 422M->288M(912M) 52.863ms
[2020-01-31T22:25:03.220+0300][67.589s][info][gc] GC(1137) Pause Young (Allocation Failure) 402M->269M(912M) 41.930ms
[2020-01-31T22:25:03.278+0300][67.647s][info][gc] GC(1138) Pause Young (Allocation Failure) 383M->249M(912M) 32.647ms
[2020-01-31T22:25:03.322+0300][67.691s][info][gc] GC(1139) Pause Young (Allocation Failure) 363M->230M(912M) 20.828ms
[2020-01-31T22:25:03.346+0300][67.714s][info][gc] GC(1140) Pause Young (Allocation Failure) 327M->194M(912M) 0.991ms
[2020-01-31T22:25:03.421+0300][67.791s][info][gc] GC(1141) Pause Young (Allocation Failure) 308M->308M(912M) 64.298ms
[2020-01-31T22:25:03.500+0300][67.870s][info][gc] GC(1142) Pause Young (Allocation Failure) 422M->288M(912M) 55.109ms
[2020-01-31T22:25:03.566+0300][67.935s][info][gc] GC(1143) Pause Young (Allocation Failure) 402M->269M(912M) 42.077ms
[2020-01-31T22:25:03.620+0300][67.989s][info][gc] GC(1144) Pause Young (Allocation Failure) 383M->249M(912M) 30.709ms
[2020-01-31T22:25:03.666+0300][68.034s][info][gc] GC(1145) Pause Young (Allocation Failure) 363M->230M(912M) 20.539ms
[2020-01-31T22:25:03.690+0300][68.059s][info][gc] GC(1146) Pause Young (Allocation Failure) 328M->194M(912M) 0.518ms
[2020-01-31T22:25:03.768+0300][68.136s][info][gc] GC(1147) Pause Young (Allocation Failure) 308M->308M(912M) 65.125ms
[2020-01-31T22:25:03.843+0300][68.212s][info][gc] GC(1148) Pause Young (Allocation Failure) 422M->288M(912M) 53.601ms
[2020-01-31T22:25:03.911+0300][68.280s][info][gc] GC(1149) Pause Young (Allocation Failure) 402M->269M(912M) 44.205ms
[2020-01-31T22:25:03.967+0300][68.336s][info][gc] GC(1150) Pause Young (Allocation Failure) 383M->249M(912M) 32.030ms
[2020-01-31T22:25:04.010+0300][68.379s][info][gc] GC(1151) Pause Young (Allocation Failure) 363M->230M(912M) 19.864ms
[2020-01-31T22:25:04.034+0300][68.403s][info][gc] GC(1152) Pause Young (Allocation Failure) 330M->194M(912M) 0.895ms
[2020-01-31T22:25:04.111+0300][68.480s][info][gc] GC(1153) Pause Young (Allocation Failure) 308M->308M(912M) 63.076ms
[2020-01-31T22:25:04.197+0300][68.566s][info][gc] GC(1154) Pause Young (Allocation Failure) 422M->289M(912M) 62.149ms
[2020-01-31T22:25:04.264+0300][68.633s][info][gc] GC(1155) Pause Young (Allocation Failure) 403M->269M(912M) 41.743ms
[2020-01-31T22:25:04.322+0300][68.691s][info][gc] GC(1156) Pause Young (Allocation Failure) 383M->249M(912M) 33.501ms
[2020-01-31T22:25:04.366+0300][68.734s][info][gc] GC(1157) Pause Young (Allocation Failure) 363M->230M(912M) 19.825ms
[2020-01-31T22:25:04.389+0300][68.758s][info][gc] GC(1158) Pause Young (Allocation Failure) 328M->194M(912M) 0.582ms
[2020-01-31T22:25:04.468+0300][68.837s][info][gc] GC(1159) Pause Young (Allocation Failure) 308M->308M(912M) 66.748ms
[2020-01-31T22:25:04.546+0300][68.915s][info][gc] GC(1160) Pause Young (Allocation Failure) 422M->289M(912M) 53.722ms
[2020-01-31T22:25:04.612+0300][68.981s][info][gc] GC(1161) Pause Young (Allocation Failure) 403M->269M(912M) 42.792ms
[2020-01-31T22:25:04.667+0300][69.036s][info][gc] GC(1162) Pause Young (Allocation Failure) 383M->249M(912M) 31.101ms
[2020-01-31T22:25:04.711+0300][69.080s][info][gc] GC(1163) Pause Young (Allocation Failure) 363M->230M(912M) 19.939ms
[2020-01-31T22:25:04.736+0300][69.105s][info][gc] GC(1164) Pause Young (Allocation Failure) 328M->194M(912M) 0.513ms
[2020-01-31T22:25:04.814+0300][69.183s][info][gc] GC(1165) Pause Young (Allocation Failure) 308M->308M(912M) 64.666ms
[2020-01-31T22:25:04.892+0300][69.260s][info][gc] GC(1166) Pause Young (Allocation Failure) 422M->289M(912M) 53.349ms
[2020-01-31T22:25:04.959+0300][69.328s][info][gc] GC(1167) Pause Young (Allocation Failure) 403M->269M(912M) 43.092ms
[2020-01-31T22:25:05.013+0300][69.383s][info][gc] GC(1168) Pause Young (Allocation Failure) 383M->249M(912M) 30.462ms
[2020-01-31T22:25:05.057+0300][69.426s][info][gc] GC(1169) Pause Young (Allocation Failure) 363M->230M(912M) 19.860ms
[2020-01-31T22:25:05.081+0300][69.450s][info][gc] GC(1170) Pause Young (Allocation Failure) 330M->194M(912M) 0.910ms
[2020-01-31T22:25:05.157+0300][69.526s][info][gc] GC(1171) Pause Young (Allocation Failure) 308M->308M(912M) 63.977ms
[2020-01-31T22:25:05.237+0300][69.606s][info][gc] GC(1172) Pause Young (Allocation Failure) 422M->289M(912M) 55.869ms
[2020-01-31T22:25:05.301+0300][69.670s][info][gc] GC(1173) Pause Young (Allocation Failure) 403M->269M(912M) 41.233ms
[2020-01-31T22:25:05.357+0300][69.727s][info][gc] GC(1174) Pause Young (Allocation Failure) 383M->250M(912M) 31.575ms
[2020-01-31T22:25:05.401+0300][69.770s][info][gc] GC(1175) Pause Young (Allocation Failure) 364M->230M(912M) 20.126ms
[2020-01-31T22:25:05.425+0300][69.794s][info][gc] GC(1176) Pause Young (Allocation Failure) 328M->194M(912M) 0.518ms
[2020-01-31T22:25:05.504+0300][69.874s][info][gc] GC(1177) Pause Young (Allocation Failure) 308M->308M(912M) 67.438ms
[2020-01-31T22:25:05.590+0300][69.959s][info][gc] GC(1178) Pause Young (Allocation Failure) 422M->289M(912M) 61.761ms
[2020-01-31T22:25:05.656+0300][70.025s][info][gc] GC(1179) Pause Young (Allocation Failure) 403M->269M(912M) 41.709ms
[2020-01-31T22:25:05.710+0300][70.079s][info][gc] GC(1180) Pause Young (Allocation Failure) 383M->250M(912M) 30.862ms
[2020-01-31T22:25:05.755+0300][70.124s][info][gc] GC(1181) Pause Young (Allocation Failure) 364M->230M(912M) 19.994ms
[2020-01-31T22:25:05.779+0300][70.148s][info][gc] GC(1182) Pause Young (Allocation Failure) 328M->194M(912M) 0.523ms
[2020-01-31T22:25:05.855+0300][70.223s][info][gc] GC(1183) Pause Young (Allocation Failure) 308M->308M(912M) 62.781ms
[2020-01-31T22:25:05.934+0300][70.303s][info][gc] GC(1184) Pause Young (Allocation Failure) 422M->289M(912M) 55.891ms
[2020-01-31T22:25:06.002+0300][70.371s][info][gc] GC(1185) Pause Young (Allocation Failure) 403M->269M(912M) 43.978ms
[2020-01-31T22:25:06.057+0300][70.426s][info][gc] GC(1186) Pause Young (Allocation Failure) 383M->250M(912M) 31.106ms
[2020-01-31T22:25:06.100+0300][70.469s][info][gc] GC(1187) Pause Young (Allocation Failure) 364M->230M(912M) 20.091ms
[2020-01-31T22:25:06.123+0300][70.492s][info][gc] GC(1188) Pause Young (Allocation Failure) 328M->194M(912M) 0.513ms
[2020-01-31T22:25:06.203+0300][70.571s][info][gc] GC(1189) Pause Young (Allocation Failure) 308M->308M(912M) 66.274ms
[2020-01-31T22:25:06.281+0300][70.650s][info][gc] GC(1190) Pause Young (Allocation Failure) 422M->289M(912M) 55.051ms
[2020-01-31T22:25:06.347+0300][70.716s][info][gc] GC(1191) Pause Young (Allocation Failure) 403M->269M(912M) 43.206ms
