[2020-01-29T22:41:07.171+0300][0.010s][info][gc] Using Parallel
[2020-01-29T22:41:07.458+0300][0.298s][info][gc] GC(0) Pause Young (Allocation Failure) 64M->56M(245M) 75.691ms
[2020-01-29T22:41:07.647+0300][0.486s][info][gc] GC(1) Pause Young (Allocation Failure) 120M->119M(245M) 178.508ms
[2020-01-29T22:41:08.017+0300][0.857s][info][gc] GC(2) Pause Full (Ergonomics) 119M->119M(245M) 370.436ms
[2020-01-29T22:41:08.125+0300][0.965s][info][gc] GC(3) Pause Full (Ergonomics) 183M->44M(245M) 85.183ms
[2020-01-29T22:41:08.290+0300][1.130s][info][gc] GC(4) Pause Young (Allocation Failure) 108M->107M(245M) 154.180ms
[2020-01-29T22:41:08.409+0300][1.248s][info][gc] GC(5) Pause Young (Allocation Failure) 171M->170M(245M) 85.504ms
[2020-01-29T22:41:08.462+0300][1.302s][info][gc] GC(6) Pause Full (Ergonomics) 170M->36M(245M) 54.083ms
[2020-01-29T22:41:08.604+0300][1.444s][info][gc] GC(7) Pause Young (Allocation Failure) 100M->100M(210M) 133.822ms
[2020-01-29T22:41:08.698+0300][1.538s][info][gc] GC(8) Pause Young (Allocation Failure) 129M->129M(228M) 88.826ms
[2020-01-29T22:41:09.119+0300][1.960s][info][gc] GC(9) Pause Full (Ergonomics) 129M->129M(228M) 421.364ms
[2020-01-29T22:41:09.155+0300][1.995s][info][gc] GC(10) Pause Young (Allocation Failure) 158M->158M(228M) 22.784ms
[2020-01-29T22:41:09.174+0300][2.014s][info][gc] GC(11) Pause Full (Ergonomics) 158M->24M(228M) 18.965ms
[2020-01-29T22:41:09.241+0300][2.081s][info][gc] GC(12) Pause Young (Allocation Failure) 53M->53M(228M) 63.372ms
[2020-01-29T22:41:09.363+0300][2.203s][info][gc] GC(13) Pause Young (Allocation Failure) 82M->82M(228M) 118.344ms
[2020-01-29T22:41:09.486+0300][2.326s][info][gc] GC(14) Pause Young (Allocation Failure) 111M->111M(228M) 118.503ms
[2020-01-29T22:41:09.606+0300][2.446s][info][gc] GC(15) Pause Young (Allocation Failure) 159M->159M(228M) 105.559ms
[2020-01-29T22:41:09.633+0300][2.474s][info][gc] GC(16) Pause Full (Ergonomics) 159M->25M(228M) 27.167ms
[2020-01-29T22:41:09.698+0300][2.539s][info][gc] GC(17) Pause Young (Allocation Failure) 54M->54M(228M) 61.164ms
[2020-01-29T22:41:09.816+0300][2.656s][info][gc] GC(18) Pause Young (Allocation Failure) 83M->83M(228M) 113.514ms
[2020-01-29T22:41:09.936+0300][2.776s][info][gc] GC(19) Pause Young (Allocation Failure) 112M->112M(228M) 116.233ms
[2020-01-29T22:41:10.057+0300][2.897s][info][gc] GC(20) Pause Young (Allocation Failure) 160M->161M(228M) 105.824ms
[2020-01-29T22:41:10.088+0300][2.928s][info][gc] GC(21) Pause Full (Ergonomics) 161M->27M(228M) 31.027ms
[2020-01-29T22:41:10.154+0300][2.994s][info][gc] GC(22) Pause Young (Allocation Failure) 56M->56M(228M) 61.308ms
[2020-01-29T22:41:10.273+0300][3.113s][info][gc] GC(23) Pause Young (Allocation Failure) 85M->85M(228M) 115.583ms
[2020-01-29T22:41:10.393+0300][3.233s][info][gc] GC(24) Pause Young (Allocation Failure) 114M->114M(228M) 115.984ms
[2020-01-29T22:41:10.502+0300][3.341s][info][gc] GC(25) Pause Young (Allocation Failure) 162M->162M(228M) 93.270ms
[2020-01-29T22:41:10.538+0300][3.379s][info][gc] GC(26) Pause Full (Ergonomics) 162M->28M(228M) 37.454ms
[2020-01-29T22:41:10.605+0300][3.446s][info][gc] GC(27) Pause Young (Allocation Failure) 57M->57M(228M) 63.057ms
[2020-01-29T22:41:10.727+0300][3.567s][info][gc] GC(28) Pause Young (Allocation Failure) 86M->86M(228M) 117.925ms
[2020-01-29T22:41:10.847+0300][3.687s][info][gc] GC(29) Pause Young (Allocation Failure) 115M->115M(228M) 115.608ms
[2020-01-29T22:41:10.958+0300][3.798s][info][gc] GC(30) Pause Young (Allocation Failure) 163M->163M(228M) 95.643ms
[2020-01-29T22:41:10.999+0300][3.839s][info][gc] GC(31) Pause Full (Ergonomics) 163M->29M(228M) 41.047ms
[2020-01-29T22:41:11.067+0300][3.907s][info][gc] GC(32) Pause Young (Allocation Failure) 58M->58M(228M) 64.341ms
[2020-01-29T22:41:11.181+0300][4.021s][info][gc] GC(33) Pause Young (Allocation Failure) 87M->87M(228M) 110.570ms
[2020-01-29T22:41:11.300+0300][4.140s][info][gc] GC(34) Pause Young (Allocation Failure) 116M->116M(228M) 114.907ms
[2020-01-29T22:41:11.418+0300][4.258s][info][gc] GC(35) Pause Young (Allocation Failure) 164M->164M(228M) 82.075ms
[2020-01-29T22:41:11.454+0300][4.294s][info][gc] GC(36) Pause Full (Ergonomics) 164M->30M(228M) 35.988ms
[2020-01-29T22:41:11.520+0300][4.360s][info][gc] GC(37) Pause Young (Allocation Failure) 59M->59M(228M) 62.788ms
[2020-01-29T22:41:11.640+0300][4.480s][info][gc] GC(38) Pause Young (Allocation Failure) 88M->88M(228M) 116.207ms
[2020-01-29T22:41:11.761+0300][4.601s][info][gc] GC(39) Pause Young (Allocation Failure) 117M->117M(228M) 117.351ms
[2020-01-29T22:41:11.870+0300][4.711s][info][gc] GC(40) Pause Young (Allocation Failure) 165M->165M(228M) 92.387ms
[2020-01-29T22:41:11.914+0300][4.755s][info][gc] GC(41) Pause Full (Ergonomics) 165M->31M(228M) 43.943ms
[2020-01-29T22:41:11.981+0300][4.822s][info][gc] GC(42) Pause Young (Allocation Failure) 60M->60M(228M) 62.850ms
[2020-01-29T22:41:12.098+0300][4.937s][info][gc] GC(43) Pause Young (Allocation Failure) 89M->89M(228M) 111.867ms
[2020-01-29T22:41:12.217+0300][5.056s][info][gc] GC(44) Pause Young (Allocation Failure) 118M->118M(228M) 115.311ms
[2020-01-29T22:41:12.319+0300][5.160s][info][gc] GC(45) Pause Young (Allocation Failure) 166M->166M(228M) 88.168ms
[2020-01-29T22:41:12.370+0300][5.210s][info][gc] GC(46) Pause Full (Ergonomics) 166M->32M(228M) 50.167ms
[2020-01-29T22:41:12.437+0300][5.277s][info][gc] GC(47) Pause Young (Allocation Failure) 61M->61M(228M) 62.409ms
[2020-01-29T22:41:12.557+0300][5.398s][info][gc] GC(48) Pause Young (Allocation Failure) 90M->90M(228M) 116.848ms
[2020-01-29T22:41:12.680+0300][5.520s][info][gc] GC(49) Pause Young (Allocation Failure) 119M->118M(228M) 118.671ms
[2020-01-29T22:41:12.782+0300][5.622s][info][gc] GC(50) Pause Young (Allocation Failure) 166M->166M(228M) 86.920ms
[2020-01-29T22:41:12.834+0300][5.674s][info][gc] GC(51) Pause Full (Ergonomics) 166M->32M(228M) 51.982ms
[2020-01-29T22:41:12.900+0300][5.740s][info][gc] GC(52) Pause Young (Allocation Failure) 61M->61M(228M) 61.570ms
[2020-01-29T22:41:13.020+0300][5.861s][info][gc] GC(53) Pause Young (Allocation Failure) 90M->90M(228M) 117.401ms
[2020-01-29T22:41:13.146+0300][5.986s][info][gc] GC(54) Pause Young (Allocation Failure) 119M->119M(228M) 121.280ms
[2020-01-29T22:41:13.288+0300][6.127s][info][gc] GC(55) Pause Young (Allocation Failure) 167M->167M(228M) 125.018ms
[2020-01-29T22:41:13.357+0300][6.197s][info][gc] GC(56) Pause Full (Ergonomics) 167M->33M(228M) 69.608ms
[2020-01-29T22:41:13.421+0300][6.261s][info][gc] GC(57) Pause Young (Allocation Failure) 62M->62M(228M) 60.046ms
[2020-01-29T22:41:13.544+0300][6.384s][info][gc] GC(58) Pause Young (Allocation Failure) 91M->91M(228M) 119.204ms
[2020-01-29T22:41:13.670+0300][6.511s][info][gc] GC(59) Pause Young (Allocation Failure) 120M->120M(228M) 121.442ms
[2020-01-29T22:41:13.771+0300][6.611s][info][gc] GC(60) Pause Young (Allocation Failure) 168M->167M(228M) 84.313ms
[2020-01-29T22:41:13.821+0300][6.661s][info][gc] GC(61) Pause Full (Ergonomics) 167M->33M(228M) 49.990ms
[2020-01-29T22:41:13.885+0300][6.725s][info][gc] GC(62) Pause Young (Allocation Failure) 62M->62M(228M) 59.379ms
[2020-01-29T22:41:13.995+0300][6.835s][info][gc] GC(63) Pause Young (Allocation Failure) 91M->91M(228M) 101.734ms
[2020-01-29T22:41:14.111+0300][6.951s][info][gc] GC(64) Pause Young (Allocation Failure) 120M->120M(228M) 112.450ms
[2020-01-29T22:41:14.246+0300][7.086s][info][gc] GC(65) Pause Young (Allocation Failure) 168M->168M(228M) 120.082ms
[2020-01-29T22:41:14.319+0300][7.159s][info][gc] GC(66) Pause Full (Ergonomics) 168M->34M(228M) 73.270ms
[2020-01-29T22:41:14.387+0300][7.227s][info][gc] GC(67) Pause Young (Allocation Failure) 63M->63M(228M) 63.933ms
[2020-01-29T22:41:14.503+0300][7.343s][info][gc] GC(68) Pause Young (Allocation Failure) 92M->92M(228M) 112.682ms
[2020-01-29T22:41:14.626+0300][7.467s][info][gc] GC(69) Pause Young (Allocation Failure) 121M->121M(228M) 119.388ms
[2020-01-29T22:41:14.720+0300][7.560s][info][gc] GC(70) Pause Young (Allocation Failure) 169M->169M(228M) 78.606ms
[2020-01-29T22:41:14.781+0300][7.620s][info][gc] GC(71) Pause Full (Ergonomics) 169M->35M(228M) 60.567ms
[2020-01-29T22:41:14.849+0300][7.688s][info][gc] GC(72) Pause Young (Allocation Failure) 64M->64M(228M) 62.402ms
[2020-01-29T22:41:14.963+0300][7.803s][info][gc] GC(73) Pause Young (Allocation Failure) 93M->93M(228M) 110.874ms
[2020-01-29T22:41:15.080+0300][7.920s][info][gc] GC(74) Pause Young (Allocation Failure) 122M->122M(228M) 112.775ms
[2020-01-29T22:41:15.217+0300][8.057s][info][gc] GC(75) Pause Young (Allocation Failure) 170M->170M(228M) 121.185ms
[2020-01-29T22:41:15.287+0300][8.128s][info][gc] GC(76) Pause Full (Ergonomics) 170M->36M(228M) 71.150ms
[2020-01-29T22:41:15.354+0300][8.195s][info][gc] GC(77) Pause Young (Allocation Failure) 65M->65M(228M) 63.056ms
[2020-01-29T22:41:15.477+0300][8.317s][info][gc] GC(78) Pause Young (Allocation Failure) 94M->94M(228M) 119.062ms
[2020-01-29T22:41:15.598+0300][8.438s][info][gc] GC(79) Pause Young (Allocation Failure) 123M->123M(228M) 116.659ms
[2020-01-29T22:41:15.695+0300][8.536s][info][gc] GC(80) Pause Young (Allocation Failure) 171M->171M(228M) 83.487ms
[2020-01-29T22:41:15.767+0300][8.607s][info][gc] GC(81) Pause Full (Ergonomics) 171M->37M(228M) 71.442ms
[2020-01-29T22:41:15.834+0300][8.674s][info][gc] GC(82) Pause Young (Allocation Failure) 66M->66M(228M) 59.449ms
[2020-01-29T22:41:15.954+0300][8.793s][info][gc] GC(83) Pause Young (Allocation Failure) 95M->95M(228M) 114.861ms
[2020-01-29T22:41:16.078+0300][8.918s][info][gc] GC(84) Pause Young (Allocation Failure) 124M->124M(228M) 121.212ms
[2020-01-29T22:41:16.221+0300][9.061s][info][gc] GC(85) Pause Young (Allocation Failure) 172M->172M(228M) 128.528ms
[2020-01-29T22:41:16.314+0300][9.153s][info][gc] GC(86) Pause Full (Ergonomics) 172M->38M(228M) 92.348ms
[2020-01-29T22:41:16.380+0300][9.220s][info][gc] GC(87) Pause Young (Allocation Failure) 67M->67M(228M) 62.985ms
[2020-01-29T22:41:16.501+0300][9.341s][info][gc] GC(88) Pause Young (Allocation Failure) 96M->96M(228M) 117.594ms
[2020-01-29T22:41:16.624+0300][9.464s][info][gc] GC(89) Pause Young (Allocation Failure) 125M->125M(228M) 119.068ms
[2020-01-29T22:41:16.759+0300][9.600s][info][gc] GC(90) Pause Young (Allocation Failure) 173M->173M(228M) 119.948ms
[2020-01-29T22:41:16.851+0300][9.692s][info][gc] GC(91) Pause Full (Ergonomics) 173M->39M(228M) 91.692ms
[2020-01-29T22:41:16.916+0300][9.756s][info][gc] GC(92) Pause Young (Allocation Failure) 68M->68M(228M) 59.032ms
[2020-01-29T22:41:17.038+0300][9.878s][info][gc] GC(93) Pause Young (Allocation Failure) 97M->97M(228M) 118.025ms
[2020-01-29T22:41:17.159+0300][10.000s][info][gc] GC(94) Pause Young (Allocation Failure) 126M->126M(228M) 118.617ms
[2020-01-29T22:41:17.256+0300][10.096s][info][gc] GC(95) Pause Young (Allocation Failure) 155M->155M(228M) 83.243ms
[2020-01-29T22:41:17.266+0300][10.106s][info][gc] GC(96) Pause Full (Ergonomics) 155M->22M(228M) 10.060ms
[2020-01-29T22:41:17.331+0300][10.171s][info][gc] GC(97) Pause Young (Allocation Failure) 51M->51M(228M) 61.250ms
[2020-01-29T22:41:17.447+0300][10.287s][info][gc] GC(98) Pause Young (Allocation Failure) 80M->80M(228M) 112.817ms
[2020-01-29T22:41:17.567+0300][10.408s][info][gc] GC(99) Pause Young (Allocation Failure) 109M->109M(228M) 116.557ms
[2020-01-29T22:41:17.699+0300][10.539s][info][gc] GC(100) Pause Young (Allocation Failure) 157M->157M(228M) 116.427ms
[2020-01-29T22:41:17.718+0300][10.558s][info][gc] GC(101) Pause Full (Ergonomics) 157M->23M(228M) 18.444ms
[2020-01-29T22:41:17.782+0300][10.622s][info][gc] GC(102) Pause Young (Allocation Failure) 52M->52M(228M) 58.930ms
[2020-01-29T22:41:17.897+0300][10.738s][info][gc] GC(103) Pause Young (Allocation Failure) 81M->81M(228M) 112.560ms
[2020-01-29T22:41:18.016+0300][10.856s][info][gc] GC(104) Pause Young (Allocation Failure) 110M->110M(228M) 114.530ms
[2020-01-29T22:41:18.137+0300][10.977s][info][gc] GC(105) Pause Young (Allocation Failure) 158M->158M(228M) 105.886ms
[2020-01-29T22:41:18.167+0300][11.006s][info][gc] GC(106) Pause Full (Ergonomics) 158M->24M(228M) 29.101ms
[2020-01-29T22:41:18.233+0300][11.073s][info][gc] GC(107) Pause Young (Allocation Failure) 53M->53M(228M) 62.769ms
[2020-01-29T22:41:18.350+0300][11.190s][info][gc] GC(108) Pause Young (Allocation Failure) 82M->82M(228M) 114.217ms
[2020-01-29T22:41:18.465+0300][11.306s][info][gc] GC(109) Pause Young (Allocation Failure) 111M->111M(228M) 111.630ms
[2020-01-29T22:41:18.591+0300][11.431s][info][gc] GC(110) Pause Young (Allocation Failure) 159M->159M(228M) 110.887ms
[2020-01-29T22:41:18.618+0300][11.458s][info][gc] GC(111) Pause Full (Ergonomics) 159M->25M(228M) 27.351ms
[2020-01-29T22:41:18.685+0300][11.525s][info][gc] GC(112) Pause Young (Allocation Failure) 54M->54M(228M) 63.061ms
[2020-01-29T22:41:18.804+0300][11.643s][info][gc] GC(113) Pause Young (Allocation Failure) 83M->83M(228M) 114.304ms
[2020-01-29T22:41:18.922+0300][11.762s][info][gc] GC(114) Pause Young (Allocation Failure) 112M->112M(228M) 113.014ms
[2020-01-29T22:41:19.066+0300][11.905s][info][gc] GC(115) Pause Young (Allocation Failure) 160M->160M(228M) 128.442ms
[2020-01-29T22:41:19.105+0300][11.945s][info][gc] GC(116) Pause Full (Ergonomics) 160M->26M(228M) 39.285ms
[2020-01-29T22:41:19.169+0300][12.008s][info][gc] GC(117) Pause Young (Allocation Failure) 55M->55M(228M) 59.437ms
[2020-01-29T22:41:19.295+0300][12.135s][info][gc] GC(118) Pause Young (Allocation Failure) 84M->84M(228M) 122.654ms
[2020-01-29T22:41:19.412+0300][12.252s][info][gc] GC(119) Pause Young (Allocation Failure) 113M->113M(228M) 113.959ms
[2020-01-29T22:41:19.557+0300][12.396s][info][gc] GC(120) Pause Young (Allocation Failure) 161M->161M(228M) 129.122ms
[2020-01-29T22:41:19.601+0300][12.441s][info][gc] GC(121) Pause Full (Ergonomics) 161M->27M(228M) 45.215ms
[2020-01-29T22:41:19.669+0300][12.510s][info][gc] GC(122) Pause Young (Allocation Failure) 56M->56M(228M) 64.419ms
[2020-01-29T22:41:19.786+0300][12.626s][info][gc] GC(123) Pause Young (Allocation Failure) 85M->86M(228M) 112.365ms
[2020-01-29T22:41:19.906+0300][12.746s][info][gc] GC(124) Pause Young (Allocation Failure) 115M->114M(228M) 114.193ms
[2020-01-29T22:41:20.018+0300][12.858s][info][gc] GC(125) Pause Young (Allocation Failure) 163M->163M(228M) 97.422ms
[2020-01-29T22:41:20.058+0300][12.898s][info][gc] GC(126) Pause Full (Ergonomics) 163M->29M(228M) 39.929ms
[2020-01-29T22:41:20.127+0300][12.967s][info][gc] GC(127) Pause Young (Allocation Failure) 58M->58M(228M) 65.159ms
[2020-01-29T22:41:20.248+0300][13.088s][info][gc] GC(128) Pause Young (Allocation Failure) 87M->87M(228M) 117.544ms
[2020-01-29T22:41:20.370+0300][13.210s][info][gc] GC(129) Pause Young (Allocation Failure) 116M->116M(228M) 118.278ms
[2020-01-29T22:41:20.514+0300][13.354s][info][gc] GC(130) Pause Young (Allocation Failure) 164M->164M(228M) 129.005ms
[2020-01-29T22:41:20.569+0300][13.409s][info][gc] GC(131) Pause Full (Ergonomics) 164M->30M(228M) 55.282ms
[2020-01-29T22:41:20.636+0300][13.475s][info][gc] GC(132) Pause Young (Allocation Failure) 59M->59M(228M) 62.350ms
[2020-01-29T22:41:20.755+0300][13.596s][info][gc] GC(133) Pause Young (Allocation Failure) 88M->88M(228M) 114.097ms
[2020-01-29T22:41:20.880+0300][13.720s][info][gc] GC(134) Pause Young (Allocation Failure) 117M->117M(228M) 119.234ms
[2020-01-29T22:41:20.992+0300][13.832s][info][gc] GC(135) Pause Young (Allocation Failure) 165M->165M(228M) 96.566ms
[2020-01-29T22:41:21.038+0300][13.878s][info][gc] GC(136) Pause Full (Ergonomics) 165M->31M(228M) 45.759ms
[2020-01-29T22:41:21.100+0300][13.940s][info][gc] GC(137) Pause Young (Allocation Failure) 60M->60M(228M) 58.140ms
[2020-01-29T22:41:21.222+0300][14.062s][info][gc] GC(138) Pause Young (Allocation Failure) 89M->89M(228M) 117.713ms
[2020-01-29T22:41:21.342+0300][14.183s][info][gc] GC(139) Pause Young (Allocation Failure) 118M->118M(228M) 117.444ms
[2020-01-29T22:41:21.449+0300][14.289s][info][gc] GC(140) Pause Young (Allocation Failure) 166M->166M(228M) 83.566ms
[2020-01-29T22:41:21.492+0300][14.332s][info][gc] GC(141) Pause Full (Ergonomics) 166M->32M(228M) 42.428ms
[2020-01-29T22:41:21.557+0300][14.397s][info][gc] GC(142) Pause Young (Allocation Failure) 61M->61M(228M) 61.354ms
[2020-01-29T22:41:21.679+0300][14.519s][info][gc] GC(143) Pause Young (Allocation Failure) 90M->90M(228M) 118.144ms
[2020-01-29T22:41:21.791+0300][14.631s][info][gc] GC(144) Pause Young (Allocation Failure) 119M->120M(228M) 107.473ms
[2020-01-29T22:41:21.926+0300][14.766s][info][gc] GC(145) Pause Young (Allocation Failure) 168M->168M(228M) 118.535ms
[2020-01-29T22:41:21.997+0300][14.837s][info][gc] GC(146) Pause Full (Ergonomics) 168M->34M(228M) 70.784ms
[2020-01-29T22:41:22.066+0300][14.906s][info][gc] GC(147) Pause Young (Allocation Failure) 63M->63M(228M) 65.766ms
[2020-01-29T22:41:22.182+0300][15.022s][info][gc] GC(148) Pause Young (Allocation Failure) 92M->92M(228M) 112.069ms
[2020-01-29T22:41:22.302+0300][15.141s][info][gc] GC(149) Pause Young (Allocation Failure) 121M->121M(228M) 115.841ms
[2020-01-29T22:41:22.397+0300][15.237s][info][gc] GC(150) Pause Young (Allocation Failure) 169M->169M(228M) 80.727ms
[2020-01-29T22:41:22.457+0300][15.298s][info][gc] GC(151) Pause Full (Ergonomics) 169M->35M(228M) 60.274ms
[2020-01-29T22:41:22.525+0300][15.365s][info][gc] GC(152) Pause Young (Allocation Failure) 64M->64M(228M) 63.299ms
[2020-01-29T22:41:22.641+0300][15.481s][info][gc] GC(153) Pause Young (Allocation Failure) 93M->93M(228M) 112.459ms
[2020-01-29T22:41:22.760+0300][15.599s][info][gc] GC(154) Pause Young (Allocation Failure) 122M->122M(228M) 114.510ms
[2020-01-29T22:41:22.853+0300][15.694s][info][gc] GC(155) Pause Young (Allocation Failure) 170M->170M(228M) 79.131ms
[2020-01-29T22:41:22.918+0300][15.758s][info][gc] GC(156) Pause Full (Ergonomics) 170M->36M(228M) 64.249ms
[2020-01-29T22:41:22.987+0300][15.826s][info][gc] GC(157) Pause Young (Allocation Failure) 65M->65M(228M) 64.825ms
[2020-01-29T22:41:23.107+0300][15.947s][info][gc] GC(158) Pause Young (Allocation Failure) 94M->94M(228M) 116.851ms
[2020-01-29T22:41:23.230+0300][16.071s][info][gc] GC(159) Pause Young (Allocation Failure) 123M->123M(228M) 119.932ms
[2020-01-29T22:41:23.323+0300][16.163s][info][gc] GC(160) Pause Young (Allocation Failure) 171M->171M(228M) 77.527ms
[2020-01-29T22:41:23.394+0300][16.234s][info][gc] GC(161) Pause Full (Ergonomics) 171M->37M(228M) 70.974ms
[2020-01-29T22:41:23.462+0300][16.301s][info][gc] GC(162) Pause Young (Allocation Failure) 66M->66M(228M) 63.679ms
[2020-01-29T22:41:23.574+0300][16.415s][info][gc] GC(163) Pause Young (Allocation Failure) 95M->95M(228M) 109.495ms
[2020-01-29T22:41:23.682+0300][16.523s][info][gc] GC(164) Pause Young (Allocation Failure) 124M->124M(228M) 103.872ms
[2020-01-29T22:41:23.772+0300][16.612s][info][gc] GC(165) Pause Young (Allocation Failure) 173M->173M(228M) 74.276ms
[2020-01-29T22:41:23.850+0300][16.690s][info][gc] GC(166) Pause Full (Ergonomics) 173M->39M(228M) 78.104ms
[2020-01-29T22:41:23.924+0300][16.764s][info][gc] GC(167) Pause Young (Allocation Failure) 68M->67M(228M) 64.493ms
[2020-01-29T22:41:24.039+0300][16.879s][info][gc] GC(168) Pause Young (Allocation Failure) 96M->97M(228M) 111.767ms
[2020-01-29T22:41:24.187+0300][17.028s][info][gc] GC(169) Pause Young (Allocation Failure) 126M->126M(228M) 144.684ms
[2020-01-29T22:41:24.275+0300][17.115s][info][gc] GC(170) Pause Young (Allocation Failure) 174M->174M(228M) 71.468ms
[2020-01-29T22:41:24.342+0300][17.182s][info][gc] GC(171) Pause Full (Ergonomics) 174M->40M(228M) 67.085ms
[2020-01-29T22:41:24.409+0300][17.249s][info][gc] GC(172) Pause Young (Allocation Failure) 69M->69M(228M) 62.958ms
[2020-01-29T22:41:24.525+0300][17.364s][info][gc] GC(173) Pause Young (Allocation Failure) 98M->98M(228M) 112.052ms
[2020-01-29T22:41:24.646+0300][17.485s][info][gc] GC(174) Pause Young (Allocation Failure) 127M->127M(228M) 117.062ms
[2020-01-29T22:41:24.738+0300][17.578s][info][gc] GC(175) Pause Young (Allocation Failure) 156M->156M(228M) 80.234ms
[2020-01-29T22:41:24.751+0300][17.591s][info][gc] GC(176) Pause Full (Ergonomics) 156M->22M(228M) 13.027ms
[2020-01-29T22:41:24.816+0300][17.655s][info][gc] GC(177) Pause Young (Allocation Failure) 51M->51M(228M) 60.139ms
[2020-01-29T22:41:24.937+0300][17.776s][info][gc] GC(178) Pause Young (Allocation Failure) 80M->80M(228M) 117.085ms
[2020-01-29T22:41:25.053+0300][17.893s][info][gc] GC(179) Pause Young (Allocation Failure) 109M->109M(228M) 112.667ms
[2020-01-29T22:41:25.196+0300][18.036s][info][gc] GC(180) Pause Young (Allocation Failure) 157M->157M(228M) 128.821ms
[2020-01-29T22:41:25.219+0300][18.059s][info][gc] GC(181) Pause Full (Ergonomics) 157M->23M(228M) 22.587ms
[2020-01-29T22:41:25.283+0300][18.123s][info][gc] GC(182) Pause Young (Allocation Failure) 52M->52M(228M) 60.601ms
[2020-01-29T22:41:25.404+0300][18.244s][info][gc] GC(183) Pause Young (Allocation Failure) 81M->81M(228M) 117.599ms
[2020-01-29T22:41:25.536+0300][18.376s][info][gc] GC(184) Pause Young (Allocation Failure) 110M->110M(228M) 127.931ms
[2020-01-29T22:41:25.677+0300][18.517s][info][gc] GC(185) Pause Young (Allocation Failure) 158M->158M(228M) 126.164ms
[2020-01-29T22:41:25.708+0300][18.548s][info][gc] GC(186) Pause Full (Ergonomics) 158M->24M(228M) 31.038ms
[2020-01-29T22:41:25.777+0300][18.617s][info][gc] GC(187) Pause Young (Allocation Failure) 53M->53M(228M) 64.896ms
[2020-01-29T22:41:25.898+0300][18.738s][info][gc] GC(188) Pause Young (Allocation Failure) 82M->82M(228M) 117.493ms
[2020-01-29T22:41:26.023+0300][18.864s][info][gc] GC(189) Pause Young (Allocation Failure) 111M->111M(228M) 121.701ms
[2020-01-29T22:41:26.145+0300][18.984s][info][gc] GC(190) Pause Young (Allocation Failure) 159M->160M(228M) 106.145ms
[2020-01-29T22:41:26.171+0300][19.012s][info][gc] GC(191) Pause Full (Ergonomics) 160M->26M(228M) 27.629ms
[2020-01-29T22:41:26.235+0300][19.076s][info][gc] GC(192) Pause Young (Allocation Failure) 55M->55M(228M) 60.011ms
[2020-01-29T22:41:26.357+0300][19.197s][info][gc] GC(193) Pause Young (Allocation Failure) 84M->84M(228M) 117.367ms
[2020-01-29T22:41:26.476+0300][19.315s][info][gc] GC(194) Pause Young (Allocation Failure) 113M->113M(228M) 115.083ms
[2020-01-29T22:41:26.600+0300][19.440s][info][gc] GC(195) Pause Young (Allocation Failure) 161M->161M(228M) 109.019ms
[2020-01-29T22:41:26.638+0300][19.478s][info][gc] GC(196) Pause Full (Ergonomics) 161M->27M(228M) 37.910ms
[2020-01-29T22:41:26.705+0300][19.545s][info][gc] GC(197) Pause Young (Allocation Failure) 56M->56M(228M) 64.170ms
[2020-01-29T22:41:26.820+0300][19.660s][info][gc] GC(198) Pause Young (Allocation Failure) 85M->85M(228M) 111.050ms
[2020-01-29T22:41:26.933+0300][19.773s][info][gc] GC(199) Pause Young (Allocation Failure) 114M->114M(228M) 108.749ms
[2020-01-29T22:41:27.050+0300][19.890s][info][gc] GC(200) Pause Young (Allocation Failure) 162M->162M(228M) 101.165ms
[2020-01-29T22:41:27.087+0300][19.927s][info][gc] GC(201) Pause Full (Ergonomics) 162M->28M(228M) 37.190ms
[2020-01-29T22:41:27.154+0300][19.994s][info][gc] GC(202) Pause Young (Allocation Failure) 57M->57M(228M) 63.688ms
[2020-01-29T22:41:27.273+0300][20.113s][info][gc] GC(203) Pause Young (Allocation Failure) 86M->86M(228M) 114.900ms
[2020-01-29T22:41:27.392+0300][20.232s][info][gc] GC(204) Pause Young (Allocation Failure) 115M->115M(228M) 114.459ms
[2020-01-29T22:41:27.504+0300][20.344s][info][gc] GC(205) Pause Young (Allocation Failure) 163M->163M(228M) 96.381ms
[2020-01-29T22:41:27.544+0300][20.384s][info][gc] GC(206) Pause Full (Ergonomics) 163M->29M(228M) 39.721ms
[2020-01-29T22:41:27.617+0300][20.457s][info][gc] GC(207) Pause Young (Allocation Failure) 58M->58M(228M) 69.678ms
[2020-01-29T22:41:27.734+0300][20.574s][info][gc] GC(208) Pause Young (Allocation Failure) 87M->87M(228M) 112.604ms
[2020-01-29T22:41:27.853+0300][20.693s][info][gc] GC(209) Pause Young (Allocation Failure) 116M->116M(228M) 115.025ms
[2020-01-29T22:41:27.963+0300][20.804s][info][gc] GC(210) Pause Young (Allocation Failure) 165M->164M(228M) 93.242ms
[2020-01-29T22:41:28.009+0300][20.849s][info][gc] GC(211) Pause Full (Ergonomics) 164M->30M(228M) 45.477ms
[2020-01-29T22:41:28.073+0300][20.913s][info][gc] GC(212) Pause Young (Allocation Failure) 59M->59M(228M) 60.187ms
[2020-01-29T22:41:28.197+0300][21.037s][info][gc] GC(213) Pause Young (Allocation Failure) 88M->88M(228M) 119.958ms
[2020-01-29T22:41:28.320+0300][21.160s][info][gc] GC(214) Pause Young (Allocation Failure) 117M->118M(228M) 119.521ms
[2020-01-29T22:41:28.457+0300][21.297s][info][gc] GC(215) Pause Young (Allocation Failure) 166M->166M(228M) 122.703ms
[2020-01-29T22:41:28.519+0300][21.359s][info][gc] GC(216) Pause Full (Ergonomics) 166M->32M(228M) 61.199ms
[2020-01-29T22:41:28.587+0300][21.427s][info][gc] GC(217) Pause Young (Allocation Failure) 61M->61M(228M) 64.116ms
[2020-01-29T22:41:28.705+0300][21.544s][info][gc] GC(218) Pause Young (Allocation Failure) 90M->90M(228M) 113.927ms
[2020-01-29T22:41:28.822+0300][21.663s][info][gc] GC(219) Pause Young (Allocation Failure) 119M->119M(228M) 114.991ms
[2020-01-29T22:41:28.926+0300][21.766s][info][gc] GC(220) Pause Young (Allocation Failure) 167M->167M(228M) 88.224ms
[2020-01-29T22:41:28.983+0300][21.823s][info][gc] GC(221) Pause Full (Ergonomics) 167M->33M(228M) 56.561ms
[2020-01-29T22:41:29.048+0300][21.888s][info][gc] GC(222) Pause Young (Allocation Failure) 62M->62M(228M) 61.568ms
[2020-01-29T22:41:29.164+0300][22.005s][info][gc] GC(223) Pause Young (Allocation Failure) 91M->91M(228M) 113.016ms
[2020-01-29T22:41:29.278+0300][22.118s][info][gc] GC(224) Pause Young (Allocation Failure) 120M->120M(228M) 109.190ms
[2020-01-29T22:41:29.420+0300][22.260s][info][gc] GC(225) Pause Young (Allocation Failure) 168M->168M(228M) 127.647ms
[2020-01-29T22:41:29.494+0300][22.334s][info][gc] GC(226) Pause Full (Ergonomics) 168M->34M(228M) 73.202ms
[2020-01-29T22:41:29.559+0300][22.399s][info][gc] GC(227) Pause Young (Allocation Failure) 63M->63M(228M) 61.462ms
[2020-01-29T22:41:29.677+0300][22.517s][info][gc] GC(228) Pause Young (Allocation Failure) 92M->92M(228M) 114.654ms
[2020-01-29T22:41:29.795+0300][22.635s][info][gc] GC(229) Pause Young (Allocation Failure) 121M->121M(228M) 113.547ms
[2020-01-29T22:41:29.946+0300][22.786s][info][gc] GC(230) Pause Young (Allocation Failure) 169M->169M(228M) 136.601ms
[2020-01-29T22:41:30.020+0300][22.860s][info][gc] GC(231) Pause Full (Ergonomics) 169M->35M(228M) 73.704ms
[2020-01-29T22:41:30.084+0300][22.924s][info][gc] GC(232) Pause Young (Allocation Failure) 64M->64M(228M) 59.309ms
[2020-01-29T22:41:30.227+0300][23.067s][info][gc] GC(233) Pause Young (Allocation Failure) 93M->93M(228M) 138.957ms
[2020-01-29T22:41:30.335+0300][23.175s][info][gc] GC(234) Pause Young (Allocation Failure) 122M->122M(228M) 104.533ms
[2020-01-29T22:41:30.425+0300][23.265s][info][gc] GC(235) Pause Young (Allocation Failure) 171M->171M(228M) 74.702ms
[2020-01-29T22:41:30.491+0300][23.332s][info][gc] GC(236) Pause Full (Ergonomics) 171M->37M(228M) 66.509ms
[2020-01-29T22:41:30.558+0300][23.398s][info][gc] GC(237) Pause Young (Allocation Failure) 66M->66M(228M) 62.530ms
[2020-01-29T22:41:30.682+0300][23.522s][info][gc] GC(238) Pause Young (Allocation Failure) 95M->95M(228M) 120.330ms
[2020-01-29T22:41:30.806+0300][23.646s][info][gc] GC(239) Pause Young (Allocation Failure) 124M->124M(228M) 120.600ms
[2020-01-29T22:41:30.897+0300][23.738s][info][gc] GC(240) Pause Young (Allocation Failure) 172M->172M(228M) 76.257ms
[2020-01-29T22:41:30.968+0300][23.808s][info][gc] GC(241) Pause Full (Ergonomics) 172M->38M(228M) 69.828ms
[2020-01-29T22:41:31.033+0300][23.872s][info][gc] GC(242) Pause Young (Allocation Failure) 67M->67M(228M) 61.120ms
[2020-01-29T22:41:31.149+0300][23.990s][info][gc] GC(243) Pause Young (Allocation Failure) 96M->96M(228M) 113.610ms
[2020-01-29T22:41:31.263+0300][24.103s][info][gc] GC(244) Pause Young (Allocation Failure) 125M->125M(228M) 109.605ms
[2020-01-29T22:41:31.387+0300][24.227s][info][gc] GC(245) Pause Young (Allocation Failure) 173M->173M(228M) 108.478ms
[2020-01-29T22:41:31.458+0300][24.299s][info][gc] GC(246) Pause Full (Ergonomics) 173M->39M(228M) 71.825ms
[2020-01-29T22:41:31.523+0300][24.363s][info][gc] GC(247) Pause Young (Allocation Failure) 68M->68M(228M) 60.809ms
[2020-01-29T22:41:31.640+0300][24.480s][info][gc] GC(248) Pause Young (Allocation Failure) 97M->97M(228M) 112.709ms
[2020-01-29T22:41:31.763+0300][24.603s][info][gc] GC(249) Pause Young (Allocation Failure) 126M->126M(228M) 119.553ms
[2020-01-29T22:41:31.849+0300][24.690s][info][gc] GC(250) Pause Young (Allocation Failure) 174M->174M(228M) 72.433ms
[2020-01-29T22:41:31.929+0300][24.769s][info][gc] GC(251) Pause Full (Ergonomics) 174M->40M(228M) 79.363ms
[2020-01-29T22:41:31.996+0300][24.836s][info][gc] GC(252) Pause Young (Allocation Failure) 69M->69M(228M) 62.730ms
[2020-01-29T22:41:32.114+0300][24.954s][info][gc] GC(253) Pause Young (Allocation Failure) 98M->98M(228M) 113.826ms
[2020-01-29T22:41:32.237+0300][25.077s][info][gc] GC(254) Pause Young (Allocation Failure) 127M->127M(228M) 118.763ms
[2020-01-29T22:41:32.338+0300][25.177s][info][gc] GC(255) Pause Young (Allocation Failure) 156M->156M(228M) 88.163ms
[2020-01-29T22:41:32.352+0300][25.191s][info][gc] GC(256) Pause Full (Ergonomics) 156M->22M(228M) 13.839ms
[2020-01-29T22:41:32.422+0300][25.263s][info][gc] GC(257) Pause Young (Allocation Failure) 51M->51M(228M) 67.526ms
[2020-01-29T22:41:32.562+0300][25.401s][info][gc] GC(258) Pause Young (Allocation Failure) 80M->81M(228M) 135.047ms
[2020-01-29T22:41:32.674+0300][25.514s][info][gc] GC(259) Pause Young (Allocation Failure) 110M->110M(228M) 109.167ms
[2020-01-29T22:41:32.799+0300][25.639s][info][gc] GC(260) Pause Young (Allocation Failure) 158M->158M(228M) 110.072ms
[2020-01-29T22:41:32.820+0300][25.661s][info][gc] GC(261) Pause Full (Ergonomics) 158M->24M(228M) 21.557ms
[2020-01-29T22:41:32.889+0300][25.729s][info][gc] GC(262) Pause Young (Allocation Failure) 53M->53M(228M) 64.205ms
[2020-01-29T22:41:33.004+0300][25.844s][info][gc] GC(263) Pause Young (Allocation Failure) 82M->82M(228M) 110.813ms
[2020-01-29T22:41:33.133+0300][25.973s][info][gc] GC(264) Pause Young (Allocation Failure) 111M->111M(228M) 124.697ms
[2020-01-29T22:41:33.268+0300][26.108s][info][gc] GC(265) Pause Young (Allocation Failure) 159M->159M(228M) 117.921ms
[2020-01-29T22:41:33.291+0300][26.131s][info][gc] GC(266) Pause Full (Ergonomics) 159M->25M(228M) 23.012ms
[2020-01-29T22:41:33.354+0300][26.195s][info][gc] GC(267) Pause Young (Allocation Failure) 54M->54M(228M) 59.887ms
[2020-01-29T22:41:33.479+0300][26.319s][info][gc] GC(268) Pause Young (Allocation Failure) 83M->83M(228M) 120.785ms
[2020-01-29T22:41:33.618+0300][26.458s][info][gc] GC(269) Pause Young (Allocation Failure) 112M->112M(228M) 135.094ms
[2020-01-29T22:41:33.758+0300][26.599s][info][gc] GC(270) Pause Young (Allocation Failure) 160M->160M(228M) 125.943ms
[2020-01-29T22:41:33.797+0300][26.637s][info][gc] GC(271) Pause Full (Ergonomics) 160M->26M(228M) 38.162ms
[2020-01-29T22:41:33.865+0300][26.705s][info][gc] GC(272) Pause Young (Allocation Failure) 55M->55M(228M) 64.403ms
[2020-01-29T22:41:33.983+0300][26.823s][info][gc] GC(273) Pause Young (Allocation Failure) 84M->84M(228M) 114.263ms
[2020-01-29T22:41:34.108+0300][26.948s][info][gc] GC(274) Pause Young (Allocation Failure) 113M->113M(228M) 121.532ms
[2020-01-29T22:41:34.226+0300][27.067s][info][gc] GC(275) Pause Young (Allocation Failure) 161M->161M(228M) 103.195ms
[2020-01-29T22:41:34.262+0300][27.102s][info][gc] GC(276) Pause Full (Ergonomics) 161M->27M(228M) 35.366ms
[2020-01-29T22:41:34.323+0300][27.163s][info][gc] GC(277) Pause Young (Allocation Failure) 56M->56M(228M) 56.917ms
[2020-01-29T22:41:34.439+0300][27.279s][info][gc] GC(278) Pause Young (Allocation Failure) 85M->85M(228M) 111.904ms
[2020-01-29T22:41:34.558+0300][27.398s][info][gc] GC(279) Pause Young (Allocation Failure) 114M->115M(228M) 115.494ms
[2020-01-29T22:41:34.698+0300][27.538s][info][gc] GC(280) Pause Young (Allocation Failure) 163M->163M(228M) 119.327ms
[2020-01-29T22:41:34.747+0300][27.587s][info][gc] GC(281) Pause Full (Ergonomics) 163M->29M(228M) 48.883ms
[2020-01-29T22:41:34.814+0300][27.654s][info][gc] GC(282) Pause Young (Allocation Failure) 58M->58M(228M) 62.755ms
[2020-01-29T22:41:34.939+0300][27.779s][info][gc] GC(283) Pause Young (Allocation Failure) 87M->87M(228M) 116.720ms
[2020-01-29T22:41:35.055+0300][27.895s][info][gc] GC(284) Pause Young (Allocation Failure) 116M->116M(228M) 112.110ms
[2020-01-29T22:41:35.169+0300][28.009s][info][gc] GC(285) Pause Young (Allocation Failure) 164M->164M(228M) 98.006ms
[2020-01-29T22:41:35.212+0300][28.052s][info][gc] GC(286) Pause Full (Ergonomics) 164M->30M(228M) 43.168ms
[2020-01-29T22:41:35.277+0300][28.117s][info][gc] GC(287) Pause Young (Allocation Failure) 59M->59M(228M) 61.693ms
[2020-01-29T22:41:35.383+0300][28.223s][info][gc] GC(288) Pause Young (Allocation Failure) 88M->88M(228M) 101.726ms
[2020-01-29T22:41:35.504+0300][28.344s][info][gc] GC(289) Pause Young (Allocation Failure) 117M->117M(228M) 117.617ms
[2020-01-29T22:41:35.654+0300][28.494s][info][gc] GC(290) Pause Young (Allocation Failure) 165M->165M(228M) 135.492ms
[2020-01-29T22:41:35.704+0300][28.544s][info][gc] GC(291) Pause Full (Ergonomics) 165M->31M(228M) 49.780ms
[2020-01-29T22:41:35.771+0300][28.611s][info][gc] GC(292) Pause Young (Allocation Failure) 60M->60M(228M) 63.315ms
[2020-01-29T22:41:35.895+0300][28.734s][info][gc] GC(293) Pause Young (Allocation Failure) 89M->89M(228M) 119.508ms
[2020-01-29T22:41:36.016+0300][28.857s][info][gc] GC(294) Pause Young (Allocation Failure) 118M->118M(228M) 117.628ms
[2020-01-29T22:41:36.122+0300][28.962s][info][gc] GC(295) Pause Young (Allocation Failure) 166M->166M(228M) 88.534ms
[2020-01-29T22:41:36.173+0300][29.012s][info][gc] GC(296) Pause Full (Ergonomics) 166M->32M(228M) 49.919ms
[2020-01-29T22:41:36.234+0300][29.074s][info][gc] GC(297) Pause Young (Allocation Failure) 61M->61M(228M) 57.881ms
[2020-01-29T22:41:36.358+0300][29.198s][info][gc] GC(298) Pause Young (Allocation Failure) 90M->90M(228M) 120.365ms
[2020-01-29T22:41:36.477+0300][29.316s][info][gc] GC(299) Pause Young (Allocation Failure) 119M->119M(228M) 114.530ms
[2020-01-29T22:41:36.585+0300][29.425s][info][gc] GC(300) Pause Young (Allocation Failure) 167M->168M(228M) 92.745ms
[2020-01-29T22:41:36.636+0300][29.476s][info][gc] GC(301) Pause Full (Ergonomics) 168M->34M(228M) 50.779ms
[2020-01-29T22:41:36.706+0300][29.546s][info][gc] GC(302) Pause Young (Allocation Failure) 63M->63M(228M) 66.437ms
[2020-01-29T22:41:36.833+0300][29.672s][info][gc] GC(303) Pause Young (Allocation Failure) 92M->92M(228M) 122.821ms
[2020-01-29T22:41:36.953+0300][29.793s][info][gc] GC(304) Pause Young (Allocation Failure) 121M->121M(228M) 117.222ms
[2020-01-29T22:41:37.050+0300][29.890s][info][gc] GC(305) Pause Young (Allocation Failure) 169M->169M(228M) 81.762ms
[2020-01-29T22:41:37.109+0300][29.949s][info][gc] GC(306) Pause Full (Ergonomics) 169M->35M(228M) 58.857ms
[2020-01-29T22:41:37.177+0300][30.017s][info][gc] GC(307) Pause Young (Allocation Failure) 64M->64M(228M) 64.294ms
[2020-01-29T22:41:37.292+0300][30.133s][info][gc] GC(308) Pause Young (Allocation Failure) 93M->93M(228M) 112.236ms
[2020-01-29T22:41:37.414+0300][30.254s][info][gc] GC(309) Pause Young (Allocation Failure) 122M->122M(228M) 117.580ms
[2020-01-29T22:41:37.504+0300][30.344s][info][gc] GC(310) Pause Young (Allocation Failure) 170M->170M(228M) 76.097ms
[2020-01-29T22:41:37.568+0300][30.408s][info][gc] GC(311) Pause Full (Ergonomics) 170M->36M(228M) 63.377ms
[2020-01-29T22:41:37.635+0300][30.475s][info][gc] GC(312) Pause Young (Allocation Failure) 65M->65M(228M) 63.563ms
[2020-01-29T22:41:37.752+0300][30.592s][info][gc] GC(313) Pause Young (Allocation Failure) 94M->94M(228M) 113.454ms
[2020-01-29T22:41:37.868+0300][30.708s][info][gc] GC(314) Pause Young (Allocation Failure) 123M->123M(228M) 112.375ms
[2020-01-29T22:41:37.961+0300][30.800s][info][gc] GC(315) Pause Young (Allocation Failure) 171M->171M(228M) 77.103ms
[2020-01-29T22:41:38.029+0300][30.869s][info][gc] GC(316) Pause Full (Ergonomics) 171M->37M(228M) 68.295ms
[2020-01-29T22:41:38.098+0300][30.938s][info][gc] GC(317) Pause Young (Allocation Failure) 66M->66M(228M) 65.296ms
[2020-01-29T22:41:38.222+0300][31.062s][info][gc] GC(318) Pause Young (Allocation Failure) 95M->95M(228M) 120.741ms
[2020-01-29T22:41:38.343+0300][31.184s][info][gc] GC(319) Pause Young (Allocation Failure) 124M->124M(228M) 117.639ms
[2020-01-29T22:41:38.433+0300][31.273s][info][gc] GC(320) Pause Young (Allocation Failure) 172M->172M(228M) 74.312ms
[2020-01-29T22:41:38.503+0300][31.343s][info][gc] GC(321) Pause Full (Ergonomics) 172M->38M(228M) 70.269ms
[2020-01-29T22:41:38.570+0300][31.410s][info][gc] GC(322) Pause Young (Allocation Failure) 67M->67M(228M) 62.761ms
[2020-01-29T22:41:38.693+0300][31.533s][info][gc] GC(323) Pause Young (Allocation Failure) 96M->97M(228M) 119.940ms
[2020-01-29T22:41:38.817+0300][31.657s][info][gc] GC(324) Pause Young (Allocation Failure) 126M->126M(228M) 119.805ms
[2020-01-29T22:41:38.902+0300][31.742s][info][gc] GC(325) Pause Young (Allocation Failure) 174M->174M(228M) 70.705ms
[2020-01-29T22:41:38.981+0300][31.821s][info][gc] GC(326) Pause Full (Ergonomics) 174M->40M(228M) 78.964ms
[2020-01-29T22:41:39.046+0300][31.887s][info][gc] GC(327) Pause Young (Allocation Failure) 69M->69M(228M) 60.334ms
[2020-01-29T22:41:39.161+0300][32.001s][info][gc] GC(328) Pause Young (Allocation Failure) 98M->98M(228M) 110.952ms
[2020-01-29T22:41:39.283+0300][32.122s][info][gc] GC(329) Pause Young (Allocation Failure) 127M->127M(228M) 117.557ms
[2020-01-29T22:41:39.376+0300][32.217s][info][gc] GC(330) Pause Young (Allocation Failure) 156M->156M(228M) 81.801ms
[2020-01-29T22:41:39.388+0300][32.228s][info][gc] GC(331) Pause Full (Ergonomics) 156M->22M(228M) 11.045ms
[2020-01-29T22:41:39.454+0300][32.293s][info][gc] GC(332) Pause Young (Allocation Failure) 51M->51M(228M) 61.535ms
[2020-01-29T22:41:39.577+0300][32.417s][info][gc] GC(333) Pause Young (Allocation Failure) 80M->80M(228M) 119.766ms
[2020-01-29T22:41:39.698+0300][32.537s][info][gc] GC(334) Pause Young (Allocation Failure) 109M->109M(228M) 116.790ms
[2020-01-29T22:41:39.838+0300][32.678s][info][gc] GC(335) Pause Young (Allocation Failure) 157M->157M(228M) 125.820ms
[2020-01-29T22:41:39.859+0300][32.699s][info][gc] GC(336) Pause Full (Ergonomics) 157M->23M(228M) 21.140ms
[2020-01-29T22:41:39.924+0300][32.764s][info][gc] GC(337) Pause Young (Allocation Failure) 52M->52M(228M) 61.148ms
[2020-01-29T22:41:40.045+0300][32.885s][info][gc] GC(338) Pause Young (Allocation Failure) 81M->81M(228M) 116.943ms
[2020-01-29T22:41:40.167+0300][33.007s][info][gc] GC(339) Pause Young (Allocation Failure) 110M->110M(228M) 118.373ms
[2020-01-29T22:41:40.292+0300][33.132s][info][gc] GC(340) Pause Young (Allocation Failure) 158M->158M(228M) 110.207ms
[2020-01-29T22:41:40.315+0300][33.155s][info][gc] GC(341) Pause Full (Ergonomics) 158M->24M(228M) 22.651ms
[2020-01-29T22:41:40.379+0300][33.218s][info][gc] GC(342) Pause Young (Allocation Failure) 53M->53M(228M) 59.837ms
[2020-01-29T22:41:40.497+0300][33.337s][info][gc] GC(343) Pause Young (Allocation Failure) 82M->82M(228M) 114.864ms
[2020-01-29T22:41:40.620+0300][33.460s][info][gc] GC(344) Pause Young (Allocation Failure) 111M->111M(228M) 119.178ms
[2020-01-29T22:41:40.738+0300][33.578s][info][gc] GC(345) Pause Young (Allocation Failure) 160M->160M(228M) 102.759ms
[2020-01-29T22:41:40.767+0300][33.607s][info][gc] GC(346) Pause Full (Ergonomics) 160M->26M(228M) 28.885ms
[2020-01-29T22:41:40.832+0300][33.672s][info][gc] GC(347) Pause Young (Allocation Failure) 55M->55M(228M) 62.054ms
[2020-01-29T22:41:40.944+0300][33.784s][info][gc] GC(348) Pause Young (Allocation Failure) 84M->84M(228M) 107.505ms
[2020-01-29T22:41:41.068+0300][33.908s][info][gc] GC(349) Pause Young (Allocation Failure) 113M->113M(228M) 120.970ms
[2020-01-29T22:41:41.189+0300][34.028s][info][gc] GC(350) Pause Young (Allocation Failure) 161M->161M(228M) 105.463ms
[2020-01-29T22:41:41.219+0300][34.060s][info][gc] GC(351) Pause Full (Ergonomics) 161M->27M(228M) 31.518ms
[2020-01-29T22:41:41.286+0300][34.127s][info][gc] GC(352) Pause Young (Allocation Failure) 56M->56M(228M) 62.953ms
[2020-01-29T22:41:41.405+0300][34.245s][info][gc] GC(353) Pause Young (Allocation Failure) 85M->85M(228M) 114.838ms
[2020-01-29T22:41:41.528+0300][34.367s][info][gc] GC(354) Pause Young (Allocation Failure) 114M->114M(228M) 118.661ms
[2020-01-29T22:41:41.636+0300][34.476s][info][gc] GC(355) Pause Young (Allocation Failure) 162M->162M(228M) 93.160ms
[2020-01-29T22:41:41.675+0300][34.516s][info][gc] GC(356) Pause Full (Ergonomics) 162M->28M(228M) 39.504ms
[2020-01-29T22:41:41.742+0300][34.583s][info][gc] GC(357) Pause Young (Allocation Failure) 57M->57M(228M) 63.403ms
[2020-01-29T22:41:41.866+0300][34.706s][info][gc] GC(358) Pause Young (Allocation Failure) 86M->86M(228M) 119.530ms
[2020-01-29T22:41:41.982+0300][34.823s][info][gc] GC(359) Pause Young (Allocation Failure) 115M->115M(228M) 113.404ms
[2020-01-29T22:41:42.085+0300][34.926s][info][gc] GC(360) Pause Young (Allocation Failure) 163M->163M(228M) 87.913ms
[2020-01-29T22:41:42.125+0300][34.965s][info][gc] GC(361) Pause Full (Ergonomics) 163M->29M(228M) 39.760ms
[2020-01-29T22:41:42.195+0300][35.034s][info][gc] GC(362) Pause Young (Allocation Failure) 58M->58M(228M) 65.032ms
[2020-01-29T22:41:42.308+0300][35.148s][info][gc] GC(363) Pause Young (Allocation Failure) 87M->87M(228M) 110.102ms
[2020-01-29T22:41:42.434+0300][35.274s][info][gc] GC(364) Pause Young (Allocation Failure) 116M->116M(228M) 122.487ms
[2020-01-29T22:41:42.541+0300][35.382s][info][gc] GC(365) Pause Young (Allocation Failure) 164M->164M(228M) 93.192ms
[2020-01-29T22:41:42.586+0300][35.426s][info][gc] GC(366) Pause Full (Ergonomics) 164M->31M(228M) 44.303ms
[2020-01-29T22:41:42.654+0300][35.494s][info][gc] GC(367) Pause Young (Allocation Failure) 60M->60M(228M) 63.837ms
[2020-01-29T22:41:42.773+0300][35.613s][info][gc] GC(368) Pause Young (Allocation Failure) 89M->89M(228M) 115.254ms
[2020-01-29T22:41:42.894+0300][35.734s][info][gc] GC(369) Pause Young (Allocation Failure) 118M->118M(228M) 117.318ms
[2020-01-29T22:41:42.994+0300][35.833s][info][gc] GC(370) Pause Young (Allocation Failure) 166M->166M(228M) 84.765ms
[2020-01-29T22:41:43.045+0300][35.884s][info][gc] GC(371) Pause Full (Ergonomics) 166M->32M(228M) 50.788ms
[2020-01-29T22:41:43.110+0300][35.951s][info][gc] GC(372) Pause Young (Allocation Failure) 61M->61M(228M) 62.809ms
[2020-01-29T22:41:43.233+0300][36.073s][info][gc] GC(373) Pause Young (Allocation Failure) 90M->90M(228M) 118.367ms
[2020-01-29T22:41:43.357+0300][36.197s][info][gc] GC(374) Pause Young (Allocation Failure) 119M->119M(228M) 120.340ms
[2020-01-29T22:41:43.458+0300][36.299s][info][gc] GC(375) Pause Young (Allocation Failure) 167M->167M(228M) 87.045ms
[2020-01-29T22:41:43.515+0300][36.355s][info][gc] GC(376) Pause Full (Ergonomics) 167M->33M(228M) 56.386ms
[2020-01-29T22:41:43.581+0300][36.421s][info][gc] GC(377) Pause Young (Allocation Failure) 62M->62M(228M) 62.078ms
[2020-01-29T22:41:43.698+0300][36.539s][info][gc] GC(378) Pause Young (Allocation Failure) 91M->91M(228M) 114.384ms
[2020-01-29T22:41:43.820+0300][36.660s][info][gc] GC(379) Pause Young (Allocation Failure) 120M->120M(228M) 117.780ms
[2020-01-29T22:41:43.919+0300][36.759s][info][gc] GC(380) Pause Young (Allocation Failure) 168M->168M(228M) 83.964ms
[2020-01-29T22:41:43.975+0300][36.815s][info][gc] GC(381) Pause Full (Ergonomics) 168M->34M(228M) 56.031ms
[2020-01-29T22:41:44.044+0300][36.884s][info][gc] GC(382) Pause Young (Allocation Failure) 63M->63M(228M) 65.177ms
[2020-01-29T22:41:44.165+0300][37.005s][info][gc] GC(383) Pause Young (Allocation Failure) 92M->92M(228M) 117.542ms
[2020-01-29T22:41:44.285+0300][37.125s][info][gc] GC(384) Pause Young (Allocation Failure) 121M->121M(228M) 115.675ms
[2020-01-29T22:41:44.422+0300][37.262s][info][gc] GC(385) Pause Young (Allocation Failure) 169M->169M(228M) 122.282ms
[2020-01-29T22:41:44.501+0300][37.341s][info][gc] GC(386) Pause Full (Ergonomics) 169M->35M(228M) 78.812ms
[2020-01-29T22:41:44.567+0300][37.407s][info][gc] GC(387) Pause Young (Allocation Failure) 64M->64M(228M) 62.103ms
[2020-01-29T22:41:44.684+0300][37.523s][info][gc] GC(388) Pause Young (Allocation Failure) 93M->93M(228M) 113.075ms
[2020-01-29T22:41:44.804+0300][37.645s][info][gc] GC(389) Pause Young (Allocation Failure) 122M->123M(228M) 118.053ms
[2020-01-29T22:41:44.939+0300][37.779s][info][gc] GC(390) Pause Young (Allocation Failure) 171M->171M(228M) 119.237ms
[2020-01-29T22:41:45.019+0300][37.859s][info][gc] GC(391) Pause Full (Ergonomics) 171M->37M(228M) 79.645ms
[2020-01-29T22:41:45.084+0300][37.924s][info][gc] GC(392) Pause Young (Allocation Failure) 66M->66M(228M) 61.179ms
[2020-01-29T22:41:45.204+0300][38.044s][info][gc] GC(393) Pause Young (Allocation Failure) 95M->95M(228M) 116.829ms
[2020-01-29T22:41:45.329+0300][38.169s][info][gc] GC(394) Pause Young (Allocation Failure) 124M->124M(228M) 120.521ms
[2020-01-29T22:41:45.416+0300][38.257s][info][gc] GC(395) Pause Young (Allocation Failure) 172M->172M(228M) 72.551ms
[2020-01-29T22:41:45.487+0300][38.327s][info][gc] GC(396) Pause Full (Ergonomics) 172M->38M(228M) 70.824ms
[2020-01-29T22:41:45.550+0300][38.390s][info][gc] GC(397) Pause Young (Allocation Failure) 67M->67M(228M) 58.570ms
[2020-01-29T22:41:45.669+0300][38.509s][info][gc] GC(398) Pause Young (Allocation Failure) 96M->96M(228M) 115.228ms
[2020-01-29T22:41:45.790+0300][38.630s][info][gc] GC(399) Pause Young (Allocation Failure) 125M->125M(228M) 117.373ms
[2020-01-29T22:41:45.874+0300][38.714s][info][gc] GC(400) Pause Young (Allocation Failure) 173M->173M(228M) 69.866ms
[2020-01-29T22:41:45.980+0300][38.820s][info][gc] GC(401) Pause Full (Ergonomics) 173M->39M(228M) 106.069ms
[2020-01-29T22:41:46.043+0300][38.883s][info][gc] GC(402) Pause Young (Allocation Failure) 68M->68M(228M) 57.120ms
[2020-01-29T22:41:46.167+0300][39.007s][info][gc] GC(403) Pause Young (Allocation Failure) 97M->97M(228M) 119.162ms
[2020-01-29T22:41:46.295+0300][39.135s][info][gc] GC(404) Pause Young (Allocation Failure) 126M->126M(228M) 123.828ms
[2020-01-29T22:41:46.388+0300][39.228s][info][gc] GC(405) Pause Young (Allocation Failure) 155M->155M(228M) 72.837ms
[2020-01-29T22:41:46.401+0300][39.241s][info][gc] GC(406) Pause Full (Ergonomics) 155M->21M(228M) 13.323ms
[2020-01-29T22:41:46.461+0300][39.301s][info][gc] GC(407) Pause Young (Allocation Failure) 50M->50M(228M) 54.949ms
[2020-01-29T22:41:46.575+0300][39.415s][info][gc] GC(408) Pause Young (Allocation Failure) 79M->79M(228M) 110.522ms
[2020-01-29T22:41:46.686+0300][39.526s][info][gc] GC(409) Pause Young (Allocation Failure) 108M->108M(228M) 107.025ms
[2020-01-29T22:41:46.828+0300][39.668s][info][gc] GC(410) Pause Young (Allocation Failure) 156M->157M(228M) 106.767ms
[2020-01-29T22:41:46.846+0300][39.686s][info][gc] GC(411) Pause Full (Ergonomics) 157M->23M(228M) 17.699ms
[2020-01-29T22:41:46.910+0300][39.750s][info][gc] GC(412) Pause Young (Allocation Failure) 52M->52M(228M) 60.647ms
[2020-01-29T22:41:47.022+0300][39.862s][info][gc] GC(413) Pause Young (Allocation Failure) 81M->81M(228M) 108.233ms
[2020-01-29T22:41:47.141+0300][39.981s][info][gc] GC(414) Pause Young (Allocation Failure) 110M->110M(228M) 115.316ms
[2020-01-29T22:41:47.257+0300][40.096s][info][gc] GC(415) Pause Young (Allocation Failure) 158M->158M(228M) 100.602ms
[2020-01-29T22:41:47.277+0300][40.117s][info][gc] GC(416) Pause Full (Ergonomics) 158M->24M(228M) 20.276ms
[2020-01-29T22:41:47.345+0300][40.184s][info][gc] GC(417) Pause Young (Allocation Failure) 53M->53M(228M) 63.086ms
[2020-01-29T22:41:47.452+0300][40.293s][info][gc] GC(418) Pause Young (Allocation Failure) 82M->82M(228M) 104.188ms
[2020-01-29T22:41:47.562+0300][40.402s][info][gc] GC(419) Pause Young (Allocation Failure) 111M->111M(228M) 104.870ms
[2020-01-29T22:41:47.719+0300][40.560s][info][gc] GC(420) Pause Young (Allocation Failure) 159M->159M(228M) 141.809ms
[2020-01-29T22:41:47.743+0300][40.583s][info][gc] GC(421) Pause Full (Ergonomics) 159M->25M(228M) 23.574ms
[2020-01-29T22:41:47.808+0300][40.648s][info][gc] GC(422) Pause Young (Allocation Failure) 54M->54M(228M) 60.699ms
[2020-01-29T22:41:47.927+0300][40.767s][info][gc] GC(423) Pause Young (Allocation Failure) 83M->83M(228M) 115.399ms
[2020-01-29T22:41:48.060+0300][40.901s][info][gc] GC(424) Pause Young (Allocation Failure) 112M->112M(228M) 127.927ms
[2020-01-29T22:41:48.178+0300][41.018s][info][gc] GC(425) Pause Young (Allocation Failure) 160M->160M(228M) 102.356ms
[2020-01-29T22:41:48.206+0300][41.046s][info][gc] GC(426) Pause Full (Ergonomics) 160M->26M(228M) 28.471ms
[2020-01-29T22:41:48.273+0300][41.112s][info][gc] GC(427) Pause Young (Allocation Failure) 55M->55M(228M) 62.693ms
[2020-01-29T22:41:48.378+0300][41.219s][info][gc] GC(428) Pause Young (Allocation Failure) 84M->84M(228M) 102.195ms
[2020-01-29T22:41:48.504+0300][41.344s][info][gc] GC(429) Pause Young (Allocation Failure) 113M->113M(228M) 121.552ms
[2020-01-29T22:41:48.642+0300][41.483s][info][gc] GC(430) Pause Young (Allocation Failure) 161M->161M(228M) 122.970ms
[2020-01-29T22:41:48.686+0300][41.526s][info][gc] GC(431) Pause Full (Ergonomics) 161M->27M(228M) 43.034ms
[2020-01-29T22:41:48.759+0300][41.600s][info][gc] GC(432) Pause Young (Allocation Failure) 56M->56M(228M) 70.285ms
[2020-01-29T22:41:48.886+0300][41.725s][info][gc] GC(433) Pause Young (Allocation Failure) 85M->86M(228M) 121.304ms
[2020-01-29T22:41:48.996+0300][41.836s][info][gc] GC(434) Pause Young (Allocation Failure) 115M->115M(228M) 107.032ms
[2020-01-29T22:41:49.153+0300][41.993s][info][gc] GC(435) Pause Young (Allocation Failure) 163M->163M(228M) 141.769ms
[2020-01-29T22:41:49.199+0300][42.039s][info][gc] GC(436) Pause Full (Ergonomics) 163M->29M(228M) 45.215ms
[2020-01-29T22:41:49.267+0300][42.106s][info][gc] GC(437) Pause Young (Allocation Failure) 58M->58M(228M) 63.627ms
[2020-01-29T22:41:49.386+0300][42.227s][info][gc] GC(438) Pause Young (Allocation Failure) 87M->87M(228M) 116.258ms
[2020-01-29T22:41:49.501+0300][42.341s][info][gc] GC(439) Pause Young (Allocation Failure) 116M->116M(228M) 110.691ms
[2020-01-29T22:41:49.636+0300][42.476s][info][gc] GC(440) Pause Young (Allocation Failure) 164M->164M(228M) 120.376ms
[2020-01-29T22:41:49.685+0300][42.524s][info][gc] GC(441) Pause Full (Ergonomics) 164M->30M(228M) 48.629ms
[2020-01-29T22:41:49.750+0300][42.589s][info][gc] GC(442) Pause Young (Allocation Failure) 59M->59M(228M) 61.380ms
[2020-01-29T22:41:49.870+0300][42.710s][info][gc] GC(443) Pause Young (Allocation Failure) 88M->88M(228M) 116.913ms
[2020-01-29T22:41:49.988+0300][42.828s][info][gc] GC(444) Pause Young (Allocation Failure) 117M->117M(228M) 114.081ms
[2020-01-29T22:41:50.129+0300][42.969s][info][gc] GC(445) Pause Young (Allocation Failure) 165M->165M(228M) 126.262ms
[2020-01-29T22:41:50.187+0300][43.027s][info][gc] GC(446) Pause Full (Ergonomics) 165M->31M(228M) 57.533ms
[2020-01-29T22:41:50.251+0300][43.091s][info][gc] GC(447) Pause Young (Allocation Failure) 60M->60M(228M) 59.794ms
[2020-01-29T22:41:50.385+0300][43.226s][info][gc] GC(448) Pause Young (Allocation Failure) 89M->89M(228M) 131.075ms
[2020-01-29T22:41:50.503+0300][43.344s][info][gc] GC(449) Pause Young (Allocation Failure) 118M->118M(228M) 114.041ms
[2020-01-29T22:41:50.609+0300][43.449s][info][gc] GC(450) Pause Young (Allocation Failure) 166M->166M(228M) 90.660ms
[2020-01-29T22:41:50.668+0300][43.508s][info][gc] GC(451) Pause Full (Ergonomics) 166M->32M(228M) 59.004ms
[2020-01-29T22:41:50.730+0300][43.570s][info][gc] GC(452) Pause Young (Allocation Failure) 61M->61M(228M) 58.221ms
[2020-01-29T22:41:50.846+0300][43.687s][info][gc] GC(453) Pause Young (Allocation Failure) 90M->90M(228M) 113.201ms
[2020-01-29T22:41:50.986+0300][43.826s][info][gc] GC(454) Pause Young (Allocation Failure) 119M->120M(228M) 135.843ms
[2020-01-29T22:41:51.125+0300][43.965s][info][gc] GC(455) Pause Young (Allocation Failure) 168M->168M(228M) 121.704ms
[2020-01-29T22:41:51.194+0300][44.033s][info][gc] GC(456) Pause Full (Ergonomics) 168M->34M(228M) 68.197ms
[2020-01-29T22:41:51.260+0300][44.100s][info][gc] GC(457) Pause Young (Allocation Failure) 63M->63M(228M) 63.216ms
[2020-01-29T22:41:51.407+0300][44.247s][info][gc] GC(458) Pause Young (Allocation Failure) 92M->92M(228M) 141.512ms
[2020-01-29T22:41:51.527+0300][44.366s][info][gc] GC(459) Pause Young (Allocation Failure) 121M->121M(228M) 115.206ms
[2020-01-29T22:41:51.624+0300][44.464s][info][gc] GC(460) Pause Young (Allocation Failure) 169M->169M(228M) 82.117ms
[2020-01-29T22:41:51.704+0300][44.544s][info][gc] GC(461) Pause Full (Ergonomics) 169M->35M(228M) 79.978ms
[2020-01-29T22:41:51.769+0300][44.609s][info][gc] GC(462) Pause Young (Allocation Failure) 64M->64M(228M) 61.550ms
[2020-01-29T22:41:51.894+0300][44.734s][info][gc] GC(463) Pause Young (Allocation Failure) 93M->93M(228M) 119.291ms
[2020-01-29T22:41:52.011+0300][44.851s][info][gc] GC(464) Pause Young (Allocation Failure) 122M->122M(228M) 112.978ms
[2020-01-29T22:41:52.150+0300][44.990s][info][gc] GC(465) Pause Young (Allocation Failure) 170M->170M(228M) 124.118ms
[2020-01-29T22:41:52.231+0300][45.071s][info][gc] GC(466) Pause Full (Ergonomics) 170M->36M(228M) 80.776ms
[2020-01-29T22:41:52.296+0300][45.136s][info][gc] GC(467) Pause Young (Allocation Failure) 65M->65M(228M) 60.241ms
[2020-01-29T22:41:52.439+0300][45.278s][info][gc] GC(468) Pause Young (Allocation Failure) 94M->94M(228M) 138.902ms
[2020-01-29T22:41:52.546+0300][45.386s][info][gc] GC(469) Pause Young (Allocation Failure) 123M->123M(228M) 103.796ms
[2020-01-29T22:41:52.638+0300][45.478s][info][gc] GC(470) Pause Young (Allocation Failure) 171M->171M(228M) 76.763ms
[2020-01-29T22:41:52.707+0300][45.547s][info][gc] GC(471) Pause Full (Ergonomics) 171M->37M(228M) 69.020ms
[2020-01-29T22:41:52.768+0300][45.609s][info][gc] GC(472) Pause Young (Allocation Failure) 66M->66M(228M) 58.059ms
[2020-01-29T22:41:52.885+0300][45.725s][info][gc] GC(473) Pause Young (Allocation Failure) 95M->95M(228M) 112.400ms
[2020-01-29T22:41:53.010+0300][45.850s][info][gc] GC(474) Pause Young (Allocation Failure) 124M->124M(228M) 121.276ms
[2020-01-29T22:41:53.114+0300][45.955s][info][gc] GC(475) Pause Young (Allocation Failure) 173M->172M(228M) 74.887ms
[2020-01-29T22:41:53.190+0300][46.030s][info][gc] GC(476) Pause Full (Ergonomics) 172M->38M(228M) 75.125ms
[2020-01-29T22:41:53.254+0300][46.094s][info][gc] GC(477) Pause Young (Allocation Failure) 67M->67M(228M) 60.422ms
[2020-01-29T22:41:53.370+0300][46.210s][info][gc] GC(478) Pause Young (Allocation Failure) 96M->97M(228M) 111.581ms
[2020-01-29T22:41:53.488+0300][46.329s][info][gc] GC(479) Pause Young (Allocation Failure) 126M->126M(228M) 115.247ms
[2020-01-29T22:41:53.576+0300][46.416s][info][gc] GC(480) Pause Young (Allocation Failure) 174M->174M(228M) 72.357ms
[2020-01-29T22:41:53.646+0300][46.486s][info][gc] GC(481) Pause Full (Ergonomics) 174M->40M(228M) 69.729ms
[2020-01-29T22:41:53.712+0300][46.552s][info][gc] GC(482) Pause Young (Allocation Failure) 69M->69M(228M) 61.956ms
[2020-01-29T22:41:53.826+0300][46.666s][info][gc] GC(483) Pause Young (Allocation Failure) 98M->98M(228M) 110.304ms
[2020-01-29T22:41:53.948+0300][46.788s][info][gc] GC(484) Pause Young (Allocation Failure) 127M->127M(228M) 118.728ms
[2020-01-29T22:41:54.034+0300][46.874s][info][gc] GC(485) Pause Young (Allocation Failure) 156M->156M(228M) 73.948ms
[2020-01-29T22:41:54.046+0300][46.887s][info][gc] GC(486) Pause Full (Ergonomics) 156M->22M(228M) 12.082ms
[2020-01-29T22:41:54.120+0300][46.960s][info][gc] GC(487) Pause Young (Allocation Failure) 51M->51M(228M) 69.370ms
[2020-01-29T22:41:54.257+0300][47.098s][info][gc] GC(488) Pause Young (Allocation Failure) 80M->80M(228M) 134.336ms
[2020-01-29T22:41:54.372+0300][47.212s][info][gc] GC(489) Pause Young (Allocation Failure) 109M->109M(228M) 110.392ms
[2020-01-29T22:41:54.512+0300][47.351s][info][gc] GC(490) Pause Young (Allocation Failure) 157M->157M(228M) 123.586ms
[2020-01-29T22:41:54.534+0300][47.374s][info][gc] GC(491) Pause Full (Ergonomics) 157M->23M(228M) 22.669ms
[2020-01-29T22:41:54.603+0300][47.444s][info][gc] GC(492) Pause Young (Allocation Failure) 52M->52M(228M) 65.881ms
[2020-01-29T22:41:54.742+0300][47.582s][info][gc] GC(493) Pause Young (Allocation Failure) 81M->81M(228M) 134.710ms
[2020-01-29T22:41:54.862+0300][47.702s][info][gc] GC(494) Pause Young (Allocation Failure) 110M->110M(228M) 116.088ms
[2020-01-29T22:41:54.997+0300][47.837s][info][gc] GC(495) Pause Young (Allocation Failure) 158M->158M(228M) 120.250ms
[2020-01-29T22:41:55.027+0300][47.867s][info][gc] GC(496) Pause Full (Ergonomics) 158M->24M(228M) 30.155ms
[2020-01-29T22:41:55.088+0300][47.928s][info][gc] GC(497) Pause Young (Allocation Failure) 53M->53M(228M) 56.720ms
[2020-01-29T22:41:55.202+0300][48.043s][info][gc] GC(498) Pause Young (Allocation Failure) 82M->82M(228M) 110.719ms
[2020-01-29T22:41:55.317+0300][48.157s][info][gc] GC(499) Pause Young (Allocation Failure) 111M->111M(228M) 110.877ms
[2020-01-29T22:41:55.436+0300][48.276s][info][gc] GC(500) Pause Young (Allocation Failure) 160M->160M(228M) 103.730ms
[2020-01-29T22:41:55.464+0300][48.304s][info][gc] GC(501) Pause Full (Ergonomics) 160M->26M(228M) 28.427ms
[2020-01-29T22:41:55.531+0300][48.371s][info][gc] GC(502) Pause Young (Allocation Failure) 55M->55M(228M) 62.644ms
[2020-01-29T22:41:55.657+0300][48.497s][info][gc] GC(503) Pause Young (Allocation Failure) 84M->84M(228M) 122.425ms
[2020-01-29T22:41:55.770+0300][48.611s][info][gc] GC(504) Pause Young (Allocation Failure) 113M->113M(228M) 110.315ms
[2020-01-29T22:41:55.884+0300][48.724s][info][gc] GC(505) Pause Young (Allocation Failure) 161M->161M(228M) 97.778ms
[2020-01-29T22:41:55.915+0300][48.754s][info][gc] GC(506) Pause Full (Ergonomics) 161M->27M(228M) 30.756ms
[2020-01-29T22:41:55.979+0300][48.819s][info][gc] GC(507) Pause Young (Allocation Failure) 56M->56M(228M) 61.024ms
[2020-01-29T22:41:56.088+0300][48.929s][info][gc] GC(508) Pause Young (Allocation Failure) 85M->85M(228M) 105.552ms
[2020-01-29T22:41:56.201+0300][49.041s][info][gc] GC(509) Pause Young (Allocation Failure) 114M->114M(228M) 108.950ms
[2020-01-29T22:41:56.313+0300][49.153s][info][gc] GC(510) Pause Young (Allocation Failure) 162M->162M(228M) 97.563ms
[2020-01-29T22:41:56.351+0300][49.191s][info][gc] GC(511) Pause Full (Ergonomics) 162M->28M(228M) 37.525ms
[2020-01-29T22:41:56.417+0300][49.258s][info][gc] GC(512) Pause Young (Allocation Failure) 57M->57M(228M) 62.283ms
[2020-01-29T22:41:56.527+0300][49.367s][info][gc] GC(513) Pause Young (Allocation Failure) 86M->86M(228M) 105.584ms
[2020-01-29T22:41:56.647+0300][49.486s][info][gc] GC(514) Pause Young (Allocation Failure) 115M->115M(228M) 115.601ms
[2020-01-29T22:41:56.756+0300][49.597s][info][gc] GC(515) Pause Young (Allocation Failure) 163M->163M(228M) 95.786ms
[2020-01-29T22:41:56.802+0300][49.642s][info][gc] GC(516) Pause Full (Ergonomics) 163M->29M(228M) 45.189ms
[2020-01-29T22:41:56.870+0300][49.710s][info][gc] GC(517) Pause Young (Allocation Failure) 58M->58M(228M) 64.024ms
[2020-01-29T22:41:56.985+0300][49.825s][info][gc] GC(518) Pause Young (Allocation Failure) 87M->87M(228M) 111.443ms
[2020-01-29T22:41:57.106+0300][49.947s][info][gc] GC(519) Pause Young (Allocation Failure) 116M->116M(228M) 118.013ms
[2020-01-29T22:41:57.209+0300][50.050s][info][gc] GC(520) Pause Young (Allocation Failure) 164M->164M(228M) 87.687ms
[2020-01-29T22:41:57.254+0300][50.094s][info][gc] GC(521) Pause Full (Ergonomics) 164M->31M(228M) 44.263ms
[2020-01-29T22:41:57.316+0300][50.156s][info][gc] GC(522) Pause Young (Allocation Failure) 60M->60M(228M) 58.318ms
[2020-01-29T22:41:57.427+0300][50.268s][info][gc] GC(523) Pause Young (Allocation Failure) 89M->89M(228M) 108.176ms
[2020-01-29T22:41:57.550+0300][50.390s][info][gc] GC(524) Pause Young (Allocation Failure) 118M->118M(228M) 118.621ms
[2020-01-29T22:41:57.655+0300][50.495s][info][gc] GC(525) Pause Young (Allocation Failure) 166M->166M(228M) 90.560ms
[2020-01-29T22:41:57.711+0300][50.551s][info][gc] GC(526) Pause Full (Ergonomics) 166M->32M(228M) 55.687ms
[2020-01-29T22:41:57.772+0300][50.612s][info][gc] GC(527) Pause Young (Allocation Failure) 61M->61M(228M) 56.970ms
[2020-01-29T22:41:57.890+0300][50.731s][info][gc] GC(528) Pause Young (Allocation Failure) 90M->90M(228M) 115.046ms
[2020-01-29T22:41:58.018+0300][50.858s][info][gc] GC(529) Pause Young (Allocation Failure) 119M->119M(228M) 123.809ms
[2020-01-29T22:41:58.117+0300][50.957s][info][gc] GC(530) Pause Young (Allocation Failure) 167M->167M(228M) 83.598ms
[2020-01-29T22:41:58.171+0300][51.011s][info][gc] GC(531) Pause Full (Ergonomics) 167M->33M(228M) 54.096ms
[2020-01-29T22:41:58.234+0300][51.074s][info][gc] GC(532) Pause Young (Allocation Failure) 62M->62M(228M) 59.327ms
[2020-01-29T22:41:58.353+0300][51.192s][info][gc] GC(533) Pause Young (Allocation Failure) 91M->91M(228M) 114.489ms
[2020-01-29T22:41:58.469+0300][51.310s][info][gc] GC(534) Pause Young (Allocation Failure) 120M->120M(228M) 113.380ms
[2020-01-29T22:41:58.566+0300][51.406s][info][gc] GC(535) Pause Young (Allocation Failure) 168M->168M(228M) 81.794ms
[2020-01-29T22:41:58.623+0300][51.463s][info][gc] GC(536) Pause Full (Ergonomics) 168M->34M(228M) 57.140ms
[2020-01-29T22:41:58.689+0300][51.529s][info][gc] GC(537) Pause Young (Allocation Failure) 63M->63M(228M) 61.867ms
[2020-01-29T22:41:58.808+0300][51.649s][info][gc] GC(538) Pause Young (Allocation Failure) 92M->92M(228M) 116.388ms
[2020-01-29T22:41:58.953+0300][51.793s][info][gc] GC(539) Pause Young (Allocation Failure) 121M->121M(228M) 139.354ms
[2020-01-29T22:41:59.047+0300][51.887s][info][gc] GC(540) Pause Young (Allocation Failure) 169M->169M(228M) 78.998ms
[2020-01-29T22:41:59.104+0300][51.943s][info][gc] GC(541) Pause Full (Ergonomics) 169M->35M(228M) 56.370ms
[2020-01-29T22:41:59.167+0300][52.008s][info][gc] GC(542) Pause Young (Allocation Failure) 64M->64M(228M) 60.573ms
[2020-01-29T22:41:59.291+0300][52.131s][info][gc] GC(543) Pause Young (Allocation Failure) 93M->93M(228M) 119.830ms
[2020-01-29T22:41:59.418+0300][52.258s][info][gc] GC(544) Pause Young (Allocation Failure) 122M->123M(228M) 123.070ms
[2020-01-29T22:41:59.510+0300][52.350s][info][gc] GC(545) Pause Young (Allocation Failure) 171M->171M(228M) 73.392ms
[2020-01-29T22:41:59.574+0300][52.414s][info][gc] GC(546) Pause Full (Ergonomics) 171M->37M(228M) 63.675ms
[2020-01-29T22:41:59.633+0300][52.473s][info][gc] GC(547) Pause Young (Allocation Failure) 66M->66M(228M) 55.242ms
[2020-01-29T22:41:59.741+0300][52.581s][info][gc] GC(548) Pause Young (Allocation Failure) 95M->95M(228M) 105.101ms
[2020-01-29T22:41:59.855+0300][52.695s][info][gc] GC(549) Pause Young (Allocation Failure) 124M->124M(228M) 109.821ms
[2020-01-29T22:41:59.961+0300][52.801s][info][gc] GC(550) Pause Young (Allocation Failure) 172M->172M(228M) 90.730ms
[2020-01-29T22:42:00.034+0300][52.873s][info][gc] GC(551) Pause Full (Ergonomics) 172M->38M(228M) 72.642ms
[2020-01-29T22:42:00.103+0300][52.944s][info][gc] GC(552) Pause Young (Allocation Failure) 67M->67M(228M) 66.517ms
[2020-01-29T22:42:00.226+0300][53.066s][info][gc] GC(553) Pause Young (Allocation Failure) 96M->96M(228M) 118.322ms
[2020-01-29T22:42:00.345+0300][53.185s][info][gc] GC(554) Pause Young (Allocation Failure) 125M->125M(228M) 115.211ms
[2020-01-29T22:42:00.473+0300][53.314s][info][gc] GC(555) Pause Young (Allocation Failure) 173M->173M(228M) 114.537ms
[2020-01-29T22:42:00.567+0300][53.407s][info][gc] GC(556) Pause Full (Ergonomics) 173M->39M(228M) 93.295ms
[2020-01-29T22:42:00.644+0300][53.484s][info][gc] GC(557) Pause Young (Allocation Failure) 68M->68M(228M) 72.638ms
[2020-01-29T22:42:00.761+0300][53.601s][info][gc] GC(558) Pause Young (Allocation Failure) 97M->97M(228M) 113.394ms
[2020-01-29T22:42:00.881+0300][53.721s][info][gc] GC(559) Pause Young (Allocation Failure) 126M->126M(228M) 116.746ms
[2020-01-29T22:42:00.969+0300][53.809s][info][gc] GC(560) Pause Young (Allocation Failure) 155M->155M(228M) 75.458ms
[2020-01-29T22:42:00.980+0300][53.820s][info][gc] GC(561) Pause Full (Ergonomics) 155M->21M(228M) 11.067ms
[2020-01-29T22:42:01.044+0300][53.884s][info][gc] GC(562) Pause Young (Allocation Failure) 50M->50M(228M) 59.389ms
[2020-01-29T22:42:01.170+0300][54.009s][info][gc] GC(563) Pause Young (Allocation Failure) 79M->79M(228M) 121.960ms
[2020-01-29T22:42:01.296+0300][54.136s][info][gc] GC(564) Pause Young (Allocation Failure) 108M->108M(228M) 122.148ms
[2020-01-29T22:42:01.418+0300][54.258s][info][gc] GC(565) Pause Young (Allocation Failure) 156M->157M(228M) 106.552ms
[2020-01-29T22:42:01.431+0300][54.271s][info][gc] GC(566) Pause Full (Ergonomics) 157M->23M(228M) 13.315ms
[2020-01-29T22:42:01.493+0300][54.333s][info][gc] GC(567) Pause Young (Allocation Failure) 52M->52M(228M) 57.884ms
[2020-01-29T22:42:01.614+0300][54.454s][info][gc] GC(568) Pause Young (Allocation Failure) 81M->81M(228M) 117.233ms
[2020-01-29T22:42:01.731+0300][54.570s][info][gc] GC(569) Pause Young (Allocation Failure) 110M->110M(228M) 112.848ms
[2020-01-29T22:42:01.844+0300][54.685s][info][gc] GC(570) Pause Young (Allocation Failure) 158M->158M(228M) 99.564ms
[2020-01-29T22:42:01.867+0300][54.707s][info][gc] GC(571) Pause Full (Ergonomics) 158M->24M(228M) 22.152ms
[2020-01-29T22:42:01.931+0300][54.772s][info][gc] GC(572) Pause Young (Allocation Failure) 53M->53M(228M) 60.983ms
[2020-01-29T22:42:02.050+0300][54.890s][info][gc] GC(573) Pause Young (Allocation Failure) 82M->82M(228M) 114.209ms
[2020-01-29T22:42:02.162+0300][55.003s][info][gc] GC(574) Pause Young (Allocation Failure) 111M->111M(228M) 109.047ms
[2020-01-29T22:42:02.285+0300][55.125s][info][gc] GC(575) Pause Young (Allocation Failure) 159M->159M(228M) 106.675ms
[2020-01-29T22:42:02.311+0300][55.151s][info][gc] GC(576) Pause Full (Ergonomics) 159M->25M(228M) 26.471ms
[2020-01-29T22:42:02.376+0300][55.215s][info][gc] GC(577) Pause Young (Allocation Failure) 54M->54M(228M) 59.951ms
[2020-01-29T22:42:02.497+0300][55.336s][info][gc] GC(578) Pause Young (Allocation Failure) 83M->83M(228M) 116.966ms
[2020-01-29T22:42:02.612+0300][55.451s][info][gc] GC(579) Pause Young (Allocation Failure) 112M->112M(228M) 111.533ms
[2020-01-29T22:42:02.732+0300][55.572s][info][gc] GC(580) Pause Young (Allocation Failure) 160M->160M(228M) 97.413ms
[2020-01-29T22:42:02.761+0300][55.600s][info][gc] GC(581) Pause Full (Ergonomics) 160M->26M(228M) 28.060ms
[2020-01-29T22:42:02.826+0300][55.665s][info][gc] GC(582) Pause Young (Allocation Failure) 55M->55M(228M) 61.062ms
[2020-01-29T22:42:02.937+0300][55.777s][info][gc] GC(583) Pause Young (Allocation Failure) 84M->84M(228M) 108.294ms
[2020-01-29T22:42:03.060+0300][55.900s][info][gc] GC(584) Pause Young (Allocation Failure) 113M->113M(228M) 119.570ms
[2020-01-29T22:42:03.190+0300][56.030s][info][gc] GC(585) Pause Young (Allocation Failure) 162M->161M(228M) 113.718ms
[2020-01-29T22:42:03.218+0300][56.058s][info][gc] GC(586) Pause Full (Ergonomics) 161M->27M(228M) 27.772ms
[2020-01-29T22:42:03.285+0300][56.125s][info][gc] GC(587) Pause Young (Allocation Failure) 56M->57M(228M) 63.593ms
[2020-01-29T22:42:03.400+0300][56.240s][info][gc] GC(588) Pause Young (Allocation Failure) 86M->86M(228M) 110.804ms
[2020-01-29T22:42:03.527+0300][56.367s][info][gc] GC(589) Pause Young (Allocation Failure) 115M->115M(228M) 123.332ms
[2020-01-29T22:42:03.638+0300][56.478s][info][gc] GC(590) Pause Young (Allocation Failure) 163M->163M(228M) 95.699ms
[2020-01-29T22:42:03.681+0300][56.521s][info][gc] GC(591) Pause Full (Ergonomics) 163M->29M(228M) 42.748ms
[2020-01-29T22:42:03.745+0300][56.585s][info][gc] GC(592) Pause Young (Allocation Failure) 58M->58M(228M) 60.153ms
[2020-01-29T22:42:03.859+0300][56.700s][info][gc] GC(593) Pause Young (Allocation Failure) 87M->87M(228M) 111.084ms
[2020-01-29T22:42:03.979+0300][56.819s][info][gc] GC(594) Pause Young (Allocation Failure) 116M->116M(228M) 115.890ms
[2020-01-29T22:42:04.089+0300][56.929s][info][gc] GC(595) Pause Young (Allocation Failure) 164M->164M(228M) 94.130ms
[2020-01-29T22:42:04.132+0300][56.972s][info][gc] GC(596) Pause Full (Ergonomics) 164M->30M(228M) 43.053ms
[2020-01-29T22:42:04.201+0300][57.041s][info][gc] GC(597) Pause Young (Allocation Failure) 59M->59M(228M) 65.056ms
[2020-01-29T22:42:04.326+0300][57.165s][info][gc] GC(598) Pause Young (Allocation Failure) 88M->88M(228M) 121.114ms
[2020-01-29T22:42:04.444+0300][57.284s][info][gc] GC(599) Pause Young (Allocation Failure) 117M->117M(228M) 115.115ms
[2020-01-29T22:42:04.570+0300][57.410s][info][gc] GC(600) Pause Young (Allocation Failure) 165M->165M(228M) 110.275ms
[2020-01-29T22:42:04.617+0300][57.458s][info][gc] GC(601) Pause Full (Ergonomics) 165M->31M(228M) 47.826ms
[2020-01-29T22:42:04.680+0300][57.521s][info][gc] GC(602) Pause Young (Allocation Failure) 60M->60M(228M) 58.808ms
[2020-01-29T22:42:04.805+0300][57.645s][info][gc] GC(603) Pause Young (Allocation Failure) 89M->89M(228M) 120.508ms
[2020-01-29T22:42:04.932+0300][57.772s][info][gc] GC(604) Pause Young (Allocation Failure) 118M->118M(228M) 123.349ms
[2020-01-29T22:42:05.030+0300][57.870s][info][gc] GC(605) Pause Young (Allocation Failure) 166M->166M(228M) 82.358ms
[2020-01-29T22:42:05.083+0300][57.922s][info][gc] GC(606) Pause Full (Ergonomics) 166M->33M(228M) 52.616ms
[2020-01-29T22:42:05.149+0300][57.989s][info][gc] GC(607) Pause Young (Allocation Failure) 62M->61M(228M) 62.393ms
[2020-01-29T22:42:05.263+0300][58.102s][info][gc] GC(608) Pause Young (Allocation Failure) 90M->90M(228M) 110.083ms
[2020-01-29T22:42:05.372+0300][58.213s][info][gc] GC(609) Pause Young (Allocation Failure) 119M->120M(228M) 106.855ms
[2020-01-29T22:42:05.468+0300][58.308s][info][gc] GC(610) Pause Young (Allocation Failure) 168M->168M(228M) 80.679ms
[2020-01-29T22:42:05.524+0300][58.364s][info][gc] GC(611) Pause Full (Ergonomics) 168M->34M(228M) 56.331ms
[2020-01-29T22:42:05.587+0300][58.427s][info][gc] GC(612) Pause Young (Allocation Failure) 63M->63M(228M) 58.677ms
[2020-01-29T22:42:05.708+0300][58.547s][info][gc] GC(613) Pause Young (Allocation Failure) 92M->92M(228M) 116.703ms
[2020-01-29T22:42:05.820+0300][58.660s][info][gc] GC(614) Pause Young (Allocation Failure) 121M->121M(228M) 109.636ms
[2020-01-29T22:42:05.951+0300][58.790s][info][gc] GC(615) Pause Young (Allocation Failure) 169M->169M(228M) 115.416ms
[2020-01-29T22:42:06.032+0300][58.872s][info][gc] GC(616) Pause Full (Ergonomics) 169M->35M(228M) 81.217ms
[2020-01-29T22:42:06.096+0300][58.936s][info][gc] GC(617) Pause Young (Allocation Failure) 64M->64M(228M) 60.237ms
[2020-01-29T22:42:06.208+0300][59.049s][info][gc] GC(618) Pause Young (Allocation Failure) 93M->93M(228M) 108.515ms
[2020-01-29T22:42:06.328+0300][59.168s][info][gc] GC(619) Pause Young (Allocation Failure) 122M->122M(228M) 116.064ms
[2020-01-29T22:42:06.420+0300][59.260s][info][gc] GC(620) Pause Young (Allocation Failure) 170M->170M(228M) 76.534ms
[2020-01-29T22:42:06.484+0300][59.324s][info][gc] GC(621) Pause Full (Ergonomics) 170M->36M(228M) 63.553ms
[2020-01-29T22:42:06.546+0300][59.386s][info][gc] GC(622) Pause Young (Allocation Failure) 65M->65M(228M) 58.695ms
[2020-01-29T22:42:06.663+0300][59.503s][info][gc] GC(623) Pause Young (Allocation Failure) 94M->94M(228M) 113.268ms
[2020-01-29T22:42:06.784+0300][59.623s][info][gc] GC(624) Pause Young (Allocation Failure) 123M->123M(228M) 116.483ms
[2020-01-29T22:42:06.880+0300][59.721s][info][gc] GC(625) Pause Young (Allocation Failure) 171M->171M(228M) 82.693ms
[2020-01-29T22:42:06.952+0300][59.792s][info][gc] GC(626) Pause Full (Ergonomics) 171M->37M(228M) 71.411ms
[2020-01-29T22:42:07.018+0300][59.859s][info][gc] GC(627) Pause Young (Allocation Failure) 66M->66M(228M) 62.762ms
[2020-01-29T22:42:07.130+0300][59.970s][info][gc] GC(628) Pause Young (Allocation Failure) 95M->95M(228M) 107.073ms
[2020-01-29T22:42:07.247+0300][60.088s][info][gc] GC(629) Pause Young (Allocation Failure) 124M->124M(228M) 114.613ms
[2020-01-29T22:42:07.331+0300][60.171s][info][gc] GC(630) Pause Young (Allocation Failure) 173M->173M(228M) 68.370ms
[2020-01-29T22:42:07.407+0300][60.247s][info][gc] GC(631) Pause Full (Ergonomics) 173M->39M(228M) 75.946ms
[2020-01-29T22:42:07.471+0300][60.311s][info][gc] GC(632) Pause Young (Allocation Failure) 68M->68M(228M) 60.040ms
[2020-01-29T22:42:07.585+0300][60.425s][info][gc] GC(633) Pause Young (Allocation Failure) 97M->97M(228M) 110.053ms
[2020-01-29T22:42:07.695+0300][60.535s][info][gc] GC(634) Pause Young (Allocation Failure) 126M->126M(228M) 106.714ms
[2020-01-29T22:42:07.778+0300][60.617s][info][gc] GC(635) Pause Young (Allocation Failure) 174M->174M(228M) 67.000ms
[2020-01-29T22:42:07.855+0300][60.695s][info][gc] GC(636) Pause Full (Ergonomics) 174M->40M(228M) 77.780ms
[2020-01-29T22:42:07.921+0300][60.761s][info][gc] GC(637) Pause Young (Allocation Failure) 69M->69M(228M) 62.266ms
[2020-01-29T22:42:08.033+0300][60.873s][info][gc] GC(638) Pause Young (Allocation Failure) 98M->98M(228M) 107.911ms
[2020-01-29T22:42:08.146+0300][60.986s][info][gc] GC(639) Pause Young (Allocation Failure) 127M->127M(228M) 109.647ms
[2020-01-29T22:42:08.238+0300][61.078s][info][gc] GC(640) Pause Young (Allocation Failure) 156M->156M(228M) 79.433ms
[2020-01-29T22:42:08.249+0300][61.090s][info][gc] GC(641) Pause Full (Ergonomics) 156M->22M(228M) 11.665ms
[2020-01-29T22:42:08.319+0300][61.159s][info][gc] GC(642) Pause Young (Allocation Failure) 51M->51M(228M) 65.452ms
[2020-01-29T22:42:08.434+0300][61.274s][info][gc] GC(643) Pause Young (Allocation Failure) 80M->80M(228M) 111.837ms
[2020-01-29T22:42:08.557+0300][61.397s][info][gc] GC(644) Pause Young (Allocation Failure) 109M->109M(228M) 119.434ms
[2020-01-29T22:42:08.685+0300][61.525s][info][gc] GC(645) Pause Young (Allocation Failure) 157M->157M(228M) 112.005ms
[2020-01-29T22:42:08.702+0300][61.542s][info][gc] GC(646) Pause Full (Ergonomics) 157M->23M(228M) 16.554ms
[2020-01-29T22:42:08.758+0300][61.599s][info][gc] GC(647) Pause Young (Allocation Failure) 52M->52M(228M) 53.035ms
[2020-01-29T22:42:08.860+0300][61.700s][info][gc] GC(648) Pause Young (Allocation Failure) 81M->81M(228M) 97.425ms
[2020-01-29T22:42:08.995+0300][61.835s][info][gc] GC(649) Pause Young (Allocation Failure) 110M->110M(228M) 130.627ms
[2020-01-29T22:42:09.110+0300][61.950s][info][gc] GC(650) Pause Young (Allocation Failure) 158M->158M(228M) 99.719ms
[2020-01-29T22:42:09.130+0300][61.971s][info][gc] GC(651) Pause Full (Ergonomics) 158M->24M(228M) 20.643ms
[2020-01-29T22:42:09.192+0300][62.032s][info][gc] GC(652) Pause Young (Allocation Failure) 53M->53M(228M) 57.729ms
[2020-01-29T22:42:09.302+0300][62.142s][info][gc] GC(653) Pause Young (Allocation Failure) 82M->82M(228M) 105.652ms
[2020-01-29T22:42:09.416+0300][62.256s][info][gc] GC(654) Pause Young (Allocation Failure) 111M->112M(228M) 110.330ms
[2020-01-29T22:42:09.532+0300][62.373s][info][gc] GC(655) Pause Young (Allocation Failure) 160M->160M(228M) 102.347ms
[2020-01-29T22:42:09.560+0300][62.400s][info][gc] GC(656) Pause Full (Ergonomics) 160M->26M(228M) 26.995ms
[2020-01-29T22:42:09.631+0300][62.471s][info][gc] GC(657) Pause Young (Allocation Failure) 55M->55M(228M) 66.988ms
[2020-01-29T22:42:09.738+0300][62.578s][info][gc] GC(658) Pause Young (Allocation Failure) 84M->84M(228M) 103.347ms
[2020-01-29T22:42:09.852+0300][62.692s][info][gc] GC(659) Pause Young (Allocation Failure) 113M->113M(228M) 110.116ms
[2020-01-29T22:42:09.982+0300][62.821s][info][gc] GC(660) Pause Young (Allocation Failure) 161M->161M(228M) 114.685ms
[2020-01-29T22:42:10.012+0300][62.852s][info][gc] GC(661) Pause Full (Ergonomics) 161M->27M(228M) 30.410ms
[2020-01-29T22:42:10.075+0300][62.914s][info][gc] GC(662) Pause Young (Allocation Failure) 56M->56M(228M) 58.864ms
[2020-01-29T22:42:10.186+0300][63.025s][info][gc] GC(663) Pause Young (Allocation Failure) 85M->85M(228M) 107.180ms
[2020-01-29T22:42:10.304+0300][63.145s][info][gc] GC(664) Pause Young (Allocation Failure) 114M->114M(228M) 115.708ms
[2020-01-29T22:42:10.444+0300][63.284s][info][gc] GC(665) Pause Young (Allocation Failure) 162M->162M(228M) 125.044ms
[2020-01-29T22:42:10.492+0300][63.332s][info][gc] GC(666) Pause Full (Ergonomics) 162M->28M(228M) 47.172ms
[2020-01-29T22:42:10.554+0300][63.394s][info][gc] GC(667) Pause Young (Allocation Failure) 57M->57M(228M) 58.259ms
[2020-01-29T22:42:10.657+0300][63.498s][info][gc] GC(668) Pause Young (Allocation Failure) 86M->86M(228M) 99.915ms
[2020-01-29T22:42:10.773+0300][63.613s][info][gc] GC(669) Pause Young (Allocation Failure) 115M->115M(228M) 111.578ms
[2020-01-29T22:42:10.909+0300][63.749s][info][gc] GC(670) Pause Young (Allocation Failure) 163M->163M(228M) 121.725ms
[2020-01-29T22:42:10.962+0300][63.802s][info][gc] GC(671) Pause Full (Ergonomics) 163M->29M(228M) 52.463ms
[2020-01-29T22:42:11.025+0300][63.866s][info][gc] GC(672) Pause Young (Allocation Failure) 58M->58M(228M) 60.443ms
[2020-01-29T22:42:11.139+0300][63.979s][info][gc] GC(673) Pause Young (Allocation Failure) 87M->87M(228M) 109.384ms
[2020-01-29T22:42:11.251+0300][64.090s][info][gc] GC(674) Pause Young (Allocation Failure) 116M->116M(228M) 107.923ms
[2020-01-29T22:42:11.354+0300][64.194s][info][gc] GC(675) Pause Young (Allocation Failure) 165M->165M(228M) 88.890ms
[2020-01-29T22:42:11.399+0300][64.239s][info][gc] GC(676) Pause Full (Ergonomics) 165M->31M(228M) 45.002ms
[2020-01-29T22:42:11.462+0300][64.302s][info][gc] GC(677) Pause Young (Allocation Failure) 60M->60M(228M) 58.116ms
[2020-01-29T22:42:11.571+0300][64.412s][info][gc] GC(678) Pause Young (Allocation Failure) 89M->89M(228M) 106.337ms
[2020-01-29T22:42:11.688+0300][64.528s][info][gc] GC(679) Pause Young (Allocation Failure) 118M->118M(228M) 112.284ms
[2020-01-29T22:42:11.787+0300][64.627s][info][gc] GC(680) Pause Young (Allocation Failure) 166M->166M(228M) 83.578ms
[2020-01-29T22:42:11.834+0300][64.675s][info][gc] GC(681) Pause Full (Ergonomics) 166M->32M(228M) 47.242ms
[2020-01-29T22:42:11.899+0300][64.739s][info][gc] GC(682) Pause Young (Allocation Failure) 61M->61M(228M) 61.025ms
[2020-01-29T22:42:12.033+0300][64.872s][info][gc] GC(683) Pause Young (Allocation Failure) 90M->90M(228M) 129.198ms
[2020-01-29T22:42:12.138+0300][64.978s][info][gc] GC(684) Pause Young (Allocation Failure) 119M->119M(228M) 101.963ms
[2020-01-29T22:42:12.232+0300][65.072s][info][gc] GC(685) Pause Young (Allocation Failure) 167M->167M(228M) 77.534ms
[2020-01-29T22:42:12.282+0300][65.122s][info][gc] GC(686) Pause Full (Ergonomics) 167M->33M(228M) 49.773ms
[2020-01-29T22:42:12.349+0300][65.189s][info][gc] GC(687) Pause Young (Allocation Failure) 62M->62M(228M) 63.232ms
[2020-01-29T22:42:12.481+0300][65.321s][info][gc] GC(688) Pause Young (Allocation Failure) 91M->91M(228M) 127.651ms
[2020-01-29T22:42:12.594+0300][65.433s][info][gc] GC(689) Pause Young (Allocation Failure) 120M->120M(228M) 108.887ms
[2020-01-29T22:42:12.735+0300][65.575s][info][gc] GC(690) Pause Young (Allocation Failure) 168M->168M(228M) 126.168ms
[2020-01-29T22:42:12.806+0300][65.646s][info][gc] GC(691) Pause Full (Ergonomics) 168M->34M(228M) 71.026ms
[2020-01-29T22:42:12.871+0300][65.711s][info][gc] GC(692) Pause Young (Allocation Failure) 63M->63M(228M) 61.585ms
[2020-01-29T22:42:12.987+0300][65.827s][info][gc] GC(693) Pause Young (Allocation Failure) 92M->92M(228M) 112.594ms
[2020-01-29T22:42:13.105+0300][65.945s][info][gc] GC(694) Pause Young (Allocation Failure) 121M->121M(228M) 113.524ms
[2020-01-29T22:42:13.198+0300][66.038s][info][gc] GC(695) Pause Young (Allocation Failure) 170M->170M(228M) 77.836ms
[2020-01-29T22:42:13.259+0300][66.099s][info][gc] GC(696) Pause Full (Ergonomics) 170M->36M(228M) 60.898ms
[2020-01-29T22:42:13.328+0300][66.169s][info][gc] GC(697) Pause Young (Allocation Failure) 65M->65M(228M) 66.335ms
[2020-01-29T22:42:13.440+0300][66.281s][info][gc] GC(698) Pause Young (Allocation Failure) 94M->94M(228M) 108.306ms
[2020-01-29T22:42:13.559+0300][66.399s][info][gc] GC(699) Pause Young (Allocation Failure) 123M->123M(228M) 114.689ms
[2020-01-29T22:42:13.656+0300][66.497s][info][gc] GC(700) Pause Young (Allocation Failure) 171M->171M(228M) 82.422ms
[2020-01-29T22:42:13.721+0300][66.562s][info][gc] GC(701) Pause Full (Ergonomics) 171M->37M(228M) 65.082ms
[2020-01-29T22:42:13.786+0300][66.626s][info][gc] GC(702) Pause Young (Allocation Failure) 66M->66M(228M) 60.639ms
[2020-01-29T22:42:13.912+0300][66.752s][info][gc] GC(703) Pause Young (Allocation Failure) 95M->95M(228M) 122.225ms
[2020-01-29T22:42:14.063+0300][66.903s][info][gc] GC(704) Pause Young (Allocation Failure) 124M->124M(228M) 147.613ms
[2020-01-29T22:42:14.152+0300][66.992s][info][gc] GC(705) Pause Young (Allocation Failure) 172M->172M(228M) 73.291ms
[2020-01-29T22:42:14.231+0300][67.070s][info][gc] GC(706) Pause Full (Ergonomics) 172M->38M(228M) 78.382ms
[2020-01-29T22:42:14.290+0300][67.130s][info][gc] GC(707) Pause Young (Allocation Failure) 67M->67M(228M) 55.380ms
[2020-01-29T22:42:14.410+0300][67.250s][info][gc] GC(708) Pause Young (Allocation Failure) 96M->96M(228M) 116.558ms
[2020-01-29T22:42:14.526+0300][67.366s][info][gc] GC(709) Pause Young (Allocation Failure) 125M->125M(228M) 112.543ms
[2020-01-29T22:42:14.610+0300][67.450s][info][gc] GC(710) Pause Young (Allocation Failure) 173M->173M(228M) 69.133ms
[2020-01-29T22:42:14.693+0300][67.533s][info][gc] GC(711) Pause Full (Ergonomics) 173M->39M(228M) 83.247ms
[2020-01-29T22:42:14.752+0300][67.592s][info][gc] GC(712) Pause Young (Allocation Failure) 68M->68M(228M) 54.357ms
[2020-01-29T22:42:14.870+0300][67.710s][info][gc] GC(713) Pause Young (Allocation Failure) 97M->97M(228M) 114.390ms
[2020-01-29T22:42:14.988+0300][67.828s][info][gc] GC(714) Pause Young (Allocation Failure) 126M->126M(228M) 114.206ms
[2020-01-29T22:42:15.088+0300][67.929s][info][gc] GC(715) Pause Young (Allocation Failure) 155M->155M(228M) 80.176ms
[2020-01-29T22:42:15.099+0300][67.939s][info][gc] GC(716) Pause Full (Ergonomics) 155M->22M(228M) 10.336ms
[2020-01-29T22:42:15.165+0300][68.005s][info][gc] GC(717) Pause Young (Allocation Failure) 51M->50M(228M) 61.584ms
[2020-01-29T22:42:15.285+0300][68.125s][info][gc] GC(718) Pause Young (Allocation Failure) 79M->79M(228M) 116.830ms
[2020-01-29T22:42:15.402+0300][68.243s][info][gc] GC(719) Pause Young (Allocation Failure) 108M->109M(228M) 113.838ms
[2020-01-29T22:42:15.540+0300][68.380s][info][gc] GC(720) Pause Young (Allocation Failure) 157M->157M(228M) 121.984ms
[2020-01-29T22:42:15.559+0300][68.399s][info][gc] GC(721) Pause Full (Ergonomics) 157M->23M(228M) 18.894ms
[2020-01-29T22:42:15.620+0300][68.460s][info][gc] GC(722) Pause Young (Allocation Failure) 52M->52M(228M) 57.432ms
[2020-01-29T22:42:15.735+0300][68.575s][info][gc] GC(723) Pause Young (Allocation Failure) 81M->81M(228M) 111.195ms
[2020-01-29T22:42:15.853+0300][68.693s][info][gc] GC(724) Pause Young (Allocation Failure) 110M->110M(228M) 113.965ms
[2020-01-29T22:42:15.997+0300][68.837s][info][gc] GC(725) Pause Young (Allocation Failure) 158M->158M(228M) 129.527ms
[2020-01-29T22:42:16.026+0300][68.866s][info][gc] GC(726) Pause Full (Ergonomics) 158M->24M(228M) 29.088ms
[2020-01-29T22:42:16.093+0300][68.933s][info][gc] GC(727) Pause Young (Allocation Failure) 53M->53M(228M) 62.992ms
[2020-01-29T22:42:16.212+0300][69.052s][info][gc] GC(728) Pause Young (Allocation Failure) 82M->82M(228M) 114.816ms
[2020-01-29T22:42:16.326+0300][69.167s][info][gc] GC(729) Pause Young (Allocation Failure) 111M->111M(228M) 111.432ms
[2020-01-29T22:42:16.449+0300][69.289s][info][gc] GC(730) Pause Young (Allocation Failure) 159M->159M(228M) 106.947ms
[2020-01-29T22:42:16.476+0300][69.316s][info][gc] GC(731) Pause Full (Ergonomics) 159M->25M(228M) 26.768ms
[2020-01-29T22:42:16.539+0300][69.379s][info][gc] GC(732) Pause Young (Allocation Failure) 54M->54M(228M) 59.128ms
[2020-01-29T22:42:16.661+0300][69.501s][info][gc] GC(733) Pause Young (Allocation Failure) 83M->83M(228M) 118.748ms
[2020-01-29T22:42:16.778+0300][69.618s][info][gc] GC(734) Pause Young (Allocation Failure) 112M->112M(228M) 112.997ms
[2020-01-29T22:42:16.916+0300][69.755s][info][gc] GC(735) Pause Young (Allocation Failure) 160M->160M(228M) 122.683ms
[2020-01-29T22:42:16.955+0300][69.795s][info][gc] GC(736) Pause Full (Ergonomics) 160M->26M(228M) 38.960ms
[2020-01-29T22:42:17.017+0300][69.858s][info][gc] GC(737) Pause Young (Allocation Failure) 55M->55M(228M) 59.619ms
[2020-01-29T22:42:17.135+0300][69.975s][info][gc] GC(738) Pause Young (Allocation Failure) 84M->84M(228M) 113.580ms
[2020-01-29T22:42:17.253+0300][70.092s][info][gc] GC(739) Pause Young (Allocation Failure) 113M->113M(228M) 113.448ms
[2020-01-29T22:42:17.361+0300][70.201s][info][gc] GC(740) Pause Young (Allocation Failure) 161M->162M(228M) 94.191ms
[2020-01-29T22:42:17.397+0300][70.237s][info][gc] GC(741) Pause Full (Ergonomics) 162M->28M(228M) 36.005ms
[2020-01-29T22:42:17.462+0300][70.302s][info][gc] GC(742) Pause Young (Allocation Failure) 57M->57M(228M) 61.724ms
[2020-01-29T22:42:17.583+0300][70.423s][info][gc] GC(743) Pause Young (Allocation Failure) 86M->86M(228M) 116.505ms
[2020-01-29T22:42:17.701+0300][70.541s][info][gc] GC(744) Pause Young (Allocation Failure) 115M->115M(228M) 114.574ms
[2020-01-29T22:42:17.815+0300][70.655s][info][gc] GC(745) Pause Young (Allocation Failure) 163M->163M(228M) 99.485ms
[2020-01-29T22:42:17.856+0300][70.696s][info][gc] GC(746) Pause Full (Ergonomics) 163M->29M(228M) 40.906ms
[2020-01-29T22:42:17.920+0300][70.760s][info][gc] GC(747) Pause Young (Allocation Failure) 58M->58M(228M) 60.152ms
[2020-01-29T22:42:18.038+0300][70.878s][info][gc] GC(748) Pause Young (Allocation Failure) 87M->87M(228M) 113.278ms
[2020-01-29T22:42:18.160+0300][71.000s][info][gc] GC(749) Pause Young (Allocation Failure) 116M->116M(228M) 117.596ms
[2020-01-29T22:42:18.265+0300][71.106s][info][gc] GC(750) Pause Young (Allocation Failure) 164M->164M(228M) 90.292ms
[2020-01-29T22:42:18.308+0300][71.148s][info][gc] GC(751) Pause Full (Ergonomics) 164M->30M(228M) 42.021ms
[2020-01-29T22:42:18.372+0300][71.212s][info][gc] GC(752) Pause Young (Allocation Failure) 59M->59M(228M) 61.072ms
[2020-01-29T22:42:18.491+0300][71.330s][info][gc] GC(753) Pause Young (Allocation Failure) 88M->88M(228M) 114.016ms
[2020-01-29T22:42:18.610+0300][71.450s][info][gc] GC(754) Pause Young (Allocation Failure) 117M->117M(228M) 116.424ms
[2020-01-29T22:42:18.711+0300][71.551s][info][gc] GC(755) Pause Young (Allocation Failure) 165M->165M(228M) 86.739ms
[2020-01-29T22:42:18.761+0300][71.600s][info][gc] GC(756) Pause Full (Ergonomics) 165M->31M(228M) 48.861ms
[2020-01-29T22:42:18.827+0300][71.667s][info][gc] GC(757) Pause Young (Allocation Failure) 60M->60M(228M) 62.887ms
[2020-01-29T22:42:18.944+0300][71.784s][info][gc] GC(758) Pause Young (Allocation Failure) 89M->89M(228M) 113.123ms
[2020-01-29T22:42:19.063+0300][71.903s][info][gc] GC(759) Pause Young (Allocation Failure) 118M->118M(228M) 115.235ms
[2020-01-29T22:42:19.162+0300][72.001s][info][gc] GC(760) Pause Young (Allocation Failure) 166M->166M(228M) 83.608ms
[2020-01-29T22:42:19.215+0300][72.054s][info][gc] GC(761) Pause Full (Ergonomics) 166M->33M(228M) 52.974ms
[2020-01-29T22:42:19.279+0300][72.119s][info][gc] GC(762) Pause Young (Allocation Failure) 62M->62M(228M) 61.263ms
[2020-01-29T22:42:19.396+0300][72.236s][info][gc] GC(763) Pause Young (Allocation Failure) 91M->91M(228M) 112.705ms
[2020-01-29T22:42:19.514+0300][72.355s][info][gc] GC(764) Pause Young (Allocation Failure) 120M->120M(228M) 115.530ms
[2020-01-29T22:42:19.606+0300][72.446s][info][gc] GC(765) Pause Young (Allocation Failure) 168M->168M(228M) 76.754ms
[2020-01-29T22:42:19.664+0300][72.504s][info][gc] GC(766) Pause Full (Ergonomics) 168M->34M(228M) 57.771ms
[2020-01-29T22:42:19.729+0300][72.569s][info][gc] GC(767) Pause Young (Allocation Failure) 63M->63M(228M) 61.760ms
[2020-01-29T22:42:19.846+0300][72.686s][info][gc] GC(768) Pause Young (Allocation Failure) 92M->92M(228M) 113.443ms
[2020-01-29T22:42:19.959+0300][72.799s][info][gc] GC(769) Pause Young (Allocation Failure) 121M->121M(228M) 108.985ms
[2020-01-29T22:42:20.053+0300][72.893s][info][gc] GC(770) Pause Young (Allocation Failure) 169M->169M(228M) 78.814ms
[2020-01-29T22:42:20.116+0300][72.956s][info][gc] GC(771) Pause Full (Ergonomics) 169M->35M(228M) 63.425ms
[2020-01-29T22:42:20.182+0300][73.022s][info][gc] GC(772) Pause Young (Allocation Failure) 64M->64M(228M) 61.565ms
[2020-01-29T22:42:20.299+0300][73.140s][info][gc] GC(773) Pause Young (Allocation Failure) 93M->93M(228M) 114.498ms
[2020-01-29T22:42:20.411+0300][73.251s][info][gc] GC(774) Pause Young (Allocation Failure) 122M->122M(228M) 107.647ms
[2020-01-29T22:42:20.502+0300][73.342s][info][gc] GC(775) Pause Young (Allocation Failure) 170M->170M(228M) 75.603ms
[2020-01-29T22:42:20.566+0300][73.406s][info][gc] GC(776) Pause Full (Ergonomics) 170M->36M(228M) 64.062ms
[2020-01-29T22:42:20.628+0300][73.469s][info][gc] GC(777) Pause Young (Allocation Failure) 65M->65M(228M) 59.055ms
[2020-01-29T22:42:20.743+0300][73.583s][info][gc] GC(778) Pause Young (Allocation Failure) 94M->94M(228M) 110.956ms
[2020-01-29T22:42:20.867+0300][73.706s][info][gc] GC(779) Pause Young (Allocation Failure) 123M->123M(228M) 119.320ms
[2020-01-29T22:42:20.952+0300][73.793s][info][gc] GC(780) Pause Young (Allocation Failure) 171M->171M(228M) 71.921ms
[2020-01-29T22:42:21.021+0300][73.861s][info][gc] GC(781) Pause Full (Ergonomics) 171M->38M(228M) 67.779ms
[2020-01-29T22:42:21.089+0300][73.928s][info][gc] GC(782) Pause Young (Allocation Failure) 67M->67M(228M) 63.885ms
[2020-01-29T22:42:21.208+0300][74.048s][info][gc] GC(783) Pause Young (Allocation Failure) 96M->96M(228M) 115.266ms
[2020-01-29T22:42:21.326+0300][74.166s][info][gc] GC(784) Pause Young (Allocation Failure) 125M->125M(228M) 114.124ms
[2020-01-29T22:42:21.467+0300][74.307s][info][gc] GC(785) Pause Young (Allocation Failure) 173M->173M(228M) 126.719ms
[2020-01-29T22:42:21.557+0300][74.397s][info][gc] GC(786) Pause Full (Ergonomics) 173M->39M(228M) 89.156ms
[2020-01-29T22:42:21.624+0300][74.464s][info][gc] GC(787) Pause Young (Allocation Failure) 68M->68M(228M) 64.177ms
[2020-01-29T22:42:21.745+0300][74.585s][info][gc] GC(788) Pause Young (Allocation Failure) 97M->97M(228M) 116.277ms
[2020-01-29T22:42:21.862+0300][74.702s][info][gc] GC(789) Pause Young (Allocation Failure) 126M->126M(228M) 112.842ms
[2020-01-29T22:42:22.012+0300][74.853s][info][gc] GC(790) Pause Young (Allocation Failure) 174M->174M(228M) 135.515ms
[2020-01-29T22:42:22.112+0300][74.952s][info][gc] GC(791) Pause Full (Ergonomics) 174M->40M(228M) 99.599ms
[2020-01-29T22:42:22.180+0300][75.020s][info][gc] GC(792) Pause Young (Allocation Failure) 69M->69M(228M) 63.560ms
[2020-01-29T22:42:22.301+0300][75.141s][info][gc] GC(793) Pause Young (Allocation Failure) 98M->98M(228M) 118.037ms
[2020-01-29T22:42:22.411+0300][75.251s][info][gc] GC(794) Pause Young (Allocation Failure) 127M->127M(228M) 106.265ms
[2020-01-29T22:42:22.503+0300][75.343s][info][gc] GC(795) Pause Young (Allocation Failure) 156M->156M(228M) 79.389ms
[2020-01-29T22:42:22.516+0300][75.355s][info][gc] GC(796) Pause Full (Ergonomics) 156M->22M(228M) 12.537ms
[2020-01-29T22:42:22.574+0300][75.414s][info][gc] GC(797) Pause Young (Allocation Failure) 51M->51M(228M) 54.941ms
[2020-01-29T22:42:22.690+0300][75.530s][info][gc] GC(798) Pause Young (Allocation Failure) 80M->80M(228M) 112.661ms
[2020-01-29T22:42:22.808+0300][75.648s][info][gc] GC(799) Pause Young (Allocation Failure) 109M->109M(228M) 114.173ms
[2020-01-29T22:42:22.936+0300][75.776s][info][gc] GC(800) Pause Young (Allocation Failure) 157M->157M(228M) 113.118ms
[2020-01-29T22:42:22.956+0300][75.796s][info][gc] GC(801) Pause Full (Ergonomics) 157M->23M(228M) 20.239ms
[2020-01-29T22:42:23.024+0300][75.865s][info][gc] GC(802) Pause Young (Allocation Failure) 52M->52M(228M) 64.865ms
[2020-01-29T22:42:23.136+0300][75.976s][info][gc] GC(803) Pause Young (Allocation Failure) 81M->81M(228M) 107.831ms
[2020-01-29T22:42:23.275+0300][76.115s][info][gc] GC(804) Pause Young (Allocation Failure) 110M->110M(228M) 134.993ms
[2020-01-29T22:42:23.387+0300][76.227s][info][gc] GC(805) Pause Young (Allocation Failure) 158M->159M(228M) 97.210ms
[2020-01-29T22:42:23.409+0300][76.249s][info][gc] GC(806) Pause Full (Ergonomics) 159M->25M(228M) 20.985ms
[2020-01-29T22:42:23.473+0300][76.313s][info][gc] GC(807) Pause Young (Allocation Failure) 54M->54M(228M) 60.855ms
[2020-01-29T22:42:23.591+0300][76.431s][info][gc] GC(808) Pause Young (Allocation Failure) 83M->83M(228M) 114.292ms
[2020-01-29T22:42:23.714+0300][76.554s][info][gc] GC(809) Pause Young (Allocation Failure) 112M->112M(228M) 119.202ms
[2020-01-29T22:42:23.827+0300][76.667s][info][gc] GC(810) Pause Young (Allocation Failure) 160M->160M(228M) 98.564ms
[2020-01-29T22:42:23.856+0300][76.695s][info][gc] GC(811) Pause Full (Ergonomics) 160M->26M(228M) 28.218ms
[2020-01-29T22:42:23.922+0300][76.761s][info][gc] GC(812) Pause Young (Allocation Failure) 55M->55M(228M) 61.987ms
[2020-01-29T22:42:24.043+0300][76.883s][info][gc] GC(813) Pause Young (Allocation Failure) 84M->84M(228M) 117.933ms
[2020-01-29T22:42:24.150+0300][76.991s][info][gc] GC(814) Pause Young (Allocation Failure) 113M->113M(228M) 103.544ms
[2020-01-29T22:42:24.309+0300][77.148s][info][gc] GC(815) Pause Young (Allocation Failure) 161M->161M(228M) 142.197ms
[2020-01-29T22:42:24.348+0300][77.188s][info][gc] GC(816) Pause Full (Ergonomics) 161M->27M(228M) 39.440ms
[2020-01-29T22:42:24.413+0300][77.254s][info][gc] GC(817) Pause Young (Allocation Failure) 56M->56M(228M) 61.933ms
[2020-01-29T22:42:24.522+0300][77.363s][info][gc] GC(818) Pause Young (Allocation Failure) 85M->85M(228M) 105.397ms
[2020-01-29T22:42:24.641+0300][77.481s][info][gc] GC(819) Pause Young (Allocation Failure) 114M->114M(228M) 114.829ms
[2020-01-29T22:42:24.743+0300][77.583s][info][gc] GC(820) Pause Young (Allocation Failure) 162M->162M(228M) 87.182ms
[2020-01-29T22:42:24.781+0300][77.622s][info][gc] GC(821) Pause Full (Ergonomics) 162M->28M(228M) 38.326ms
[2020-01-29T22:42:24.847+0300][77.687s][info][gc] GC(822) Pause Young (Allocation Failure) 57M->57M(228M) 61.514ms
[2020-01-29T22:42:24.957+0300][77.797s][info][gc] GC(823) Pause Young (Allocation Failure) 86M->86M(228M) 106.186ms
[2020-01-29T22:42:25.075+0300][77.915s][info][gc] GC(824) Pause Young (Allocation Failure) 115M->115M(228M) 114.490ms
[2020-01-29T22:42:25.177+0300][78.017s][info][gc] GC(825) Pause Young (Allocation Failure) 163M->164M(228M) 86.897ms
[2020-01-29T22:42:25.220+0300][78.059s][info][gc] GC(826) Pause Full (Ergonomics) 164M->30M(228M) 42.465ms
[2020-01-29T22:42:25.284+0300][78.123s][info][gc] GC(827) Pause Young (Allocation Failure) 59M->58M(228M) 59.878ms
[2020-01-29T22:42:25.399+0300][78.239s][info][gc] GC(828) Pause Young (Allocation Failure) 87M->88M(228M) 112.517ms
[2020-01-29T22:42:25.512+0300][78.352s][info][gc] GC(829) Pause Young (Allocation Failure) 117M->117M(228M) 109.310ms
[2020-01-29T22:42:25.612+0300][78.452s][info][gc] GC(830) Pause Young (Allocation Failure) 165M->165M(228M) 84.222ms
[2020-01-29T22:42:25.660+0300][78.499s][info][gc] GC(831) Pause Full (Ergonomics) 165M->31M(228M) 47.826ms
[2020-01-29T22:42:25.724+0300][78.564s][info][gc] GC(832) Pause Young (Allocation Failure) 60M->60M(228M) 61.063ms
[2020-01-29T22:42:25.839+0300][78.679s][info][gc] GC(833) Pause Young (Allocation Failure) 89M->89M(228M) 110.791ms
[2020-01-29T22:42:25.957+0300][78.797s][info][gc] GC(834) Pause Young (Allocation Failure) 118M->118M(228M) 114.191ms
[2020-01-29T22:42:26.053+0300][78.894s][info][gc] GC(835) Pause Young (Allocation Failure) 166M->166M(228M) 82.688ms
[2020-01-29T22:42:26.105+0300][78.945s][info][gc] GC(836) Pause Full (Ergonomics) 166M->32M(228M) 51.316ms
[2020-01-29T22:42:26.167+0300][79.007s][info][gc] GC(837) Pause Young (Allocation Failure) 61M->61M(228M) 58.154ms
[2020-01-29T22:42:26.283+0300][79.123s][info][gc] GC(838) Pause Young (Allocation Failure) 90M->90M(228M) 112.241ms
[2020-01-29T22:42:26.394+0300][79.233s][info][gc] GC(839) Pause Young (Allocation Failure) 119M->119M(228M) 106.739ms
[2020-01-29T22:42:26.488+0300][79.328s][info][gc] GC(840) Pause Young (Allocation Failure) 167M->167M(228M) 79.497ms
[2020-01-29T22:42:26.545+0300][79.386s][info][gc] GC(841) Pause Full (Ergonomics) 167M->33M(228M) 57.448ms
[2020-01-29T22:42:26.601+0300][79.441s][info][gc] GC(842) Pause Young (Allocation Failure) 62M->62M(228M) 51.074ms
[2020-01-29T22:42:26.708+0300][79.548s][info][gc] GC(843) Pause Young (Allocation Failure) 91M->91M(228M) 103.262ms
[2020-01-29T22:42:26.825+0300][79.665s][info][gc] GC(844) Pause Young (Allocation Failure) 120M->120M(228M) 113.292ms
[2020-01-29T22:42:26.945+0300][79.784s][info][gc] GC(845) Pause Young (Allocation Failure) 168M->168M(228M) 104.325ms
[2020-01-29T22:42:27.004+0300][79.844s][info][gc] GC(846) Pause Full (Ergonomics) 168M->35M(228M) 59.939ms
[2020-01-29T22:42:27.067+0300][79.907s][info][gc] GC(847) Pause Young (Allocation Failure) 64M->63M(228M) 59.531ms
[2020-01-29T22:42:27.184+0300][80.024s][info][gc] GC(848) Pause Young (Allocation Failure) 92M->93M(228M) 112.827ms
[2020-01-29T22:42:27.302+0300][80.142s][info][gc] GC(849) Pause Young (Allocation Failure) 122M->122M(228M) 114.297ms
[2020-01-29T22:42:27.430+0300][80.271s][info][gc] GC(850) Pause Young (Allocation Failure) 170M->170M(228M) 113.709ms
[2020-01-29T22:42:27.507+0300][80.346s][info][gc] GC(851) Pause Full (Ergonomics) 170M->36M(228M) 75.279ms
[2020-01-29T22:42:27.571+0300][80.412s][info][gc] GC(852) Pause Young (Allocation Failure) 65M->65M(228M) 61.382ms
[2020-01-29T22:42:27.690+0300][80.529s][info][gc] GC(853) Pause Young (Allocation Failure) 94M->94M(228M) 113.999ms
[2020-01-29T22:42:27.805+0300][80.645s][info][gc] GC(854) Pause Young (Allocation Failure) 123M->123M(228M) 111.831ms
[2020-01-29T22:42:27.893+0300][80.733s][info][gc] GC(855) Pause Young (Allocation Failure) 171M->171M(228M) 73.313ms
[2020-01-29T22:42:27.962+0300][80.802s][info][gc] GC(856) Pause Full (Ergonomics) 171M->37M(228M) 69.060ms
[2020-01-29T22:42:28.028+0300][80.867s][info][gc] GC(857) Pause Young (Allocation Failure) 66M->66M(228M) 61.528ms
[2020-01-29T22:42:28.141+0300][80.982s][info][gc] GC(858) Pause Young (Allocation Failure) 95M->95M(228M) 110.765ms
[2020-01-29T22:42:28.260+0300][81.100s][info][gc] GC(859) Pause Young (Allocation Failure) 124M->124M(228M) 114.864ms
[2020-01-29T22:42:28.408+0300][81.247s][info][gc] GC(860) Pause Young (Allocation Failure) 172M->172M(228M) 131.746ms
[2020-01-29T22:42:28.509+0300][81.350s][info][gc] GC(861) Pause Full (Ergonomics) 172M->38M(228M) 102.408ms
[2020-01-29T22:42:28.599+0300][81.439s][info][gc] GC(862) Pause Young (Allocation Failure) 67M->67M(228M) 85.540ms
[2020-01-29T22:42:28.716+0300][81.557s][info][gc] GC(863) Pause Young (Allocation Failure) 96M->96M(228M) 114.086ms
[2020-01-29T22:42:28.836+0300][81.676s][info][gc] GC(864) Pause Young (Allocation Failure) 125M->125M(228M) 115.309ms
[2020-01-29T22:42:28.974+0300][81.815s][info][gc] GC(865) Pause Young (Allocation Failure) 173M->173M(228M) 123.564ms
[2020-01-29T22:42:29.067+0300][81.907s][info][gc] GC(866) Pause Full (Ergonomics) 173M->39M(228M) 92.847ms
[2020-01-29T22:42:29.129+0300][81.969s][info][gc] GC(867) Pause Young (Allocation Failure) 68M->68M(228M) 57.195ms
[2020-01-29T22:42:29.249+0300][82.089s][info][gc] GC(868) Pause Young (Allocation Failure) 97M->97M(228M) 117.031ms
[2020-01-29T22:42:29.371+0300][82.211s][info][gc] GC(869) Pause Young (Allocation Failure) 126M->126M(228M) 118.066ms
[2020-01-29T22:42:29.457+0300][82.298s][info][gc] GC(870) Pause Young (Allocation Failure) 155M->156M(228M) 74.077ms
[2020-01-29T22:42:29.468+0300][82.309s][info][gc] GC(871) Pause Full (Ergonomics) 156M->22M(228M) 11.065ms
[2020-01-29T22:42:29.531+0300][82.372s][info][gc] GC(872) Pause Young (Allocation Failure) 51M->51M(228M) 59.190ms
[2020-01-29T22:42:29.640+0300][82.481s][info][gc] GC(873) Pause Young (Allocation Failure) 80M->80M(228M) 105.591ms
[2020-01-29T22:42:29.761+0300][82.601s][info][gc] GC(874) Pause Young (Allocation Failure) 109M->109M(228M) 116.507ms
[2020-01-29T22:42:29.887+0300][82.727s][info][gc] GC(875) Pause Young (Allocation Failure) 157M->157M(228M) 111.028ms
[2020-01-29T22:42:29.905+0300][82.745s][info][gc] GC(876) Pause Full (Ergonomics) 157M->23M(228M) 18.635ms
[2020-01-29T22:42:29.970+0300][82.810s][info][gc] GC(877) Pause Young (Allocation Failure) 52M->52M(228M) 61.211ms
[2020-01-29T22:42:30.087+0300][82.927s][info][gc] GC(878) Pause Young (Allocation Failure) 81M->81M(228M) 113.528ms
[2020-01-29T22:42:30.206+0300][83.046s][info][gc] GC(879) Pause Young (Allocation Failure) 110M->110M(228M) 114.736ms
[2020-01-29T22:42:30.320+0300][83.159s][info][gc] GC(880) Pause Young (Allocation Failure) 158M->158M(228M) 98.817ms
[2020-01-29T22:42:30.343+0300][83.183s][info][gc] GC(881) Pause Full (Ergonomics) 158M->24M(228M) 23.414ms
[2020-01-29T22:42:30.407+0300][83.247s][info][gc] GC(882) Pause Young (Allocation Failure) 53M->53M(228M) 60.642ms
[2020-01-29T22:42:30.511+0300][83.351s][info][gc] GC(883) Pause Young (Allocation Failure) 82M->82M(228M) 100.259ms
[2020-01-29T22:42:30.630+0300][83.470s][info][gc] GC(884) Pause Young (Allocation Failure) 111M->111M(228M) 115.048ms
[2020-01-29T22:42:30.762+0300][83.603s][info][gc] GC(885) Pause Young (Allocation Failure) 159M->159M(228M) 117.329ms
[2020-01-29T22:42:30.793+0300][83.633s][info][gc] GC(886) Pause Full (Ergonomics) 159M->25M(228M) 30.281ms
[2020-01-29T22:42:30.858+0300][83.698s][info][gc] GC(887) Pause Young (Allocation Failure) 54M->54M(228M) 61.344ms
[2020-01-29T22:42:30.977+0300][83.818s][info][gc] GC(888) Pause Young (Allocation Failure) 83M->83M(228M) 115.852ms
[2020-01-29T22:42:31.100+0300][83.939s][info][gc] GC(889) Pause Young (Allocation Failure) 112M->112M(228M) 117.701ms
[2020-01-29T22:42:31.212+0300][84.052s][info][gc] GC(890) Pause Young (Allocation Failure) 161M->161M(228M) 97.194ms
[2020-01-29T22:42:31.239+0300][84.079s][info][gc] GC(891) Pause Full (Ergonomics) 161M->27M(228M) 26.905ms
[2020-01-29T22:42:31.302+0300][84.142s][info][gc] GC(892) Pause Young (Allocation Failure) 56M->55M(228M) 58.871ms
[2020-01-29T22:42:31.414+0300][84.255s][info][gc] GC(893) Pause Young (Allocation Failure) 84M->85M(228M) 108.811ms
[2020-01-29T22:42:31.558+0300][84.397s][info][gc] GC(894) Pause Young (Allocation Failure) 114M->114M(228M) 139.110ms
[2020-01-29T22:42:31.664+0300][84.504s][info][gc] GC(895) Pause Young (Allocation Failure) 162M->162M(228M) 91.902ms
[2020-01-29T22:42:31.698+0300][84.539s][info][gc] GC(896) Pause Full (Ergonomics) 162M->28M(228M) 34.703ms
[2020-01-29T22:42:31.765+0300][84.605s][info][gc] GC(897) Pause Young (Allocation Failure) 57M->57M(228M) 62.491ms
[2020-01-29T22:42:31.885+0300][84.725s][info][gc] GC(898) Pause Young (Allocation Failure) 86M->86M(228M) 115.986ms
[2020-01-29T22:42:32.006+0300][84.845s][info][gc] GC(899) Pause Young (Allocation Failure) 115M->115M(228M) 117.110ms
[2020-01-29T22:42:32.107+0300][84.947s][info][gc] GC(900) Pause Young (Allocation Failure) 163M->163M(228M) 87.062ms
[2020-01-29T22:42:32.150+0300][84.990s][info][gc] GC(901) Pause Full (Ergonomics) 163M->29M(228M) 42.615ms
[2020-01-29T22:42:32.211+0300][85.051s][info][gc] GC(902) Pause Young (Allocation Failure) 58M->58M(228M) 57.428ms
[2020-01-29T22:42:32.325+0300][85.165s][info][gc] GC(903) Pause Young (Allocation Failure) 87M->87M(228M) 110.441ms
[2020-01-29T22:42:32.442+0300][85.282s][info][gc] GC(904) Pause Young (Allocation Failure) 116M->116M(228M) 114.002ms
[2020-01-29T22:42:32.541+0300][85.381s][info][gc] GC(905) Pause Young (Allocation Failure) 164M->164M(228M) 84.428ms
[2020-01-29T22:42:32.588+0300][85.429s][info][gc] GC(906) Pause Full (Ergonomics) 164M->30M(228M) 47.108ms
[2020-01-29T22:42:32.653+0300][85.493s][info][gc] GC(907) Pause Young (Allocation Failure) 59M->59M(228M) 60.848ms
[2020-01-29T22:42:32.771+0300][85.610s][info][gc] GC(908) Pause Young (Allocation Failure) 88M->88M(228M) 113.408ms
[2020-01-29T22:42:32.884+0300][85.724s][info][gc] GC(909) Pause Young (Allocation Failure) 117M->117M(228M) 110.419ms
[2020-01-29T22:42:32.986+0300][85.826s][info][gc] GC(910) Pause Young (Allocation Failure) 165M->166M(228M) 86.310ms
[2020-01-29T22:42:33.033+0300][85.874s][info][gc] GC(911) Pause Full (Ergonomics) 166M->32M(228M) 48.300ms
[2020-01-29T22:42:33.099+0300][85.939s][info][gc] GC(912) Pause Young (Allocation Failure) 61M->60M(228M) 61.502ms
[2020-01-29T22:42:33.215+0300][86.055s][info][gc] GC(913) Pause Young (Allocation Failure) 89M->90M(228M) 112.326ms
[2020-01-29T22:42:33.334+0300][86.173s][info][gc] GC(914) Pause Young (Allocation Failure) 119M->119M(228M) 114.291ms
[2020-01-29T22:42:33.473+0300][86.313s][info][gc] GC(915) Pause Young (Allocation Failure) 167M->167M(228M) 124.722ms
[2020-01-29T22:42:33.539+0300][86.379s][info][gc] GC(916) Pause Full (Ergonomics) 167M->33M(228M) 66.139ms
[2020-01-29T22:42:33.603+0300][86.443s][info][gc] GC(917) Pause Young (Allocation Failure) 62M->62M(228M) 60.151ms
[2020-01-29T22:42:33.722+0300][86.562s][info][gc] GC(918) Pause Young (Allocation Failure) 91M->91M(228M) 115.044ms
[2020-01-29T22:42:33.833+0300][86.673s][info][gc] GC(919) Pause Young (Allocation Failure) 120M->120M(228M) 107.513ms
[2020-01-29T22:42:33.926+0300][86.766s][info][gc] GC(920) Pause Young (Allocation Failure) 168M->168M(228M) 77.596ms
[2020-01-29T22:42:33.982+0300][86.823s][info][gc] GC(921) Pause Full (Ergonomics) 168M->34M(228M) 57.201ms
[2020-01-29T22:42:34.050+0300][86.890s][info][gc] GC(922) Pause Young (Allocation Failure) 63M->63M(228M) 62.989ms
[2020-01-29T22:42:34.167+0300][87.007s][info][gc] GC(923) Pause Young (Allocation Failure) 92M->92M(228M) 113.592ms
[2020-01-29T22:42:34.289+0300][87.128s][info][gc] GC(924) Pause Young (Allocation Failure) 121M->121M(228M) 117.328ms
[2020-01-29T22:42:34.379+0300][87.219s][info][gc] GC(925) Pause Young (Allocation Failure) 169M->169M(228M) 75.520ms
[2020-01-29T22:42:34.440+0300][87.280s][info][gc] GC(926) Pause Full (Ergonomics) 169M->35M(228M) 60.715ms
[2020-01-29T22:42:34.504+0300][87.344s][info][gc] GC(927) Pause Young (Allocation Failure) 64M->64M(228M) 60.346ms
[2020-01-29T22:42:34.619+0300][87.458s][info][gc] GC(928) Pause Young (Allocation Failure) 93M->93M(228M) 110.926ms
[2020-01-29T22:42:34.729+0300][87.570s][info][gc] GC(929) Pause Young (Allocation Failure) 122M->122M(228M) 107.634ms
[2020-01-29T22:42:34.866+0300][87.706s][info][gc] GC(930) Pause Young (Allocation Failure) 170M->170M(228M) 121.428ms
[2020-01-29T22:42:34.947+0300][87.787s][info][gc] GC(931) Pause Full (Ergonomics) 170M->36M(228M) 80.635ms
[2020-01-29T22:42:35.011+0300][87.851s][info][gc] GC(932) Pause Young (Allocation Failure) 65M->65M(228M) 60.415ms
[2020-01-29T22:42:35.126+0300][87.967s][info][gc] GC(933) Pause Young (Allocation Failure) 94M->94M(228M) 112.274ms
[2020-01-29T22:42:35.245+0300][88.085s][info][gc] GC(934) Pause Young (Allocation Failure) 123M->124M(228M) 114.743ms
[2020-01-29T22:42:35.377+0300][88.217s][info][gc] GC(935) Pause Young (Allocation Failure) 172M->172M(228M) 116.337ms
[2020-01-29T22:42:35.461+0300][88.302s][info][gc] GC(936) Pause Full (Ergonomics) 172M->38M(228M) 85.309ms
[2020-01-29T22:42:35.525+0300][88.365s][info][gc] GC(937) Pause Young (Allocation Failure) 67M->67M(228M) 59.642ms
[2020-01-29T22:42:35.642+0300][88.482s][info][gc] GC(938) Pause Young (Allocation Failure) 96M->96M(228M) 113.239ms
[2020-01-29T22:42:35.754+0300][88.593s][info][gc] GC(939) Pause Young (Allocation Failure) 125M->125M(228M) 107.624ms
[2020-01-29T22:42:35.836+0300][88.677s][info][gc] GC(940) Pause Young (Allocation Failure) 173M->173M(228M) 68.666ms
[2020-01-29T22:42:35.912+0300][88.752s][info][gc] GC(941) Pause Full (Ergonomics) 173M->39M(228M) 74.696ms
[2020-01-29T22:42:35.976+0300][88.816s][info][gc] GC(942) Pause Young (Allocation Failure) 68M->68M(228M) 60.864ms
[2020-01-29T22:42:36.095+0300][88.935s][info][gc] GC(943) Pause Young (Allocation Failure) 97M->97M(228M) 115.461ms
[2020-01-29T22:42:36.209+0300][89.049s][info][gc] GC(944) Pause Young (Allocation Failure) 126M->126M(228M) 110.117ms
[2020-01-29T22:42:36.293+0300][89.133s][info][gc] GC(945) Pause Young (Allocation Failure) 174M->174M(228M) 68.812ms
[2020-01-29T22:42:36.369+0300][89.210s][info][gc] GC(946) Pause Full (Ergonomics) 174M->40M(228M) 76.942ms
[2020-01-29T22:42:36.434+0300][89.274s][info][gc] GC(947) Pause Young (Allocation Failure) 69M->69M(228M) 61.069ms
[2020-01-29T22:42:36.551+0300][89.391s][info][gc] GC(948) Pause Young (Allocation Failure) 98M->98M(228M) 113.176ms
[2020-01-29T22:42:36.671+0300][89.511s][info][gc] GC(949) Pause Young (Allocation Failure) 127M->127M(228M) 115.772ms
[2020-01-29T22:42:36.759+0300][89.599s][info][gc] GC(950) Pause Young (Allocation Failure) 156M->156M(228M) 75.550ms
[2020-01-29T22:42:36.772+0300][89.612s][info][gc] GC(951) Pause Full (Ergonomics) 156M->22M(228M) 12.858ms
[2020-01-29T22:42:36.832+0300][89.672s][info][gc] GC(952) Pause Young (Allocation Failure) 51M->51M(228M) 56.579ms
[2020-01-29T22:42:36.948+0300][89.787s][info][gc] GC(953) Pause Young (Allocation Failure) 80M->80M(228M) 111.618ms
[2020-01-29T22:42:37.060+0300][89.900s][info][gc] GC(954) Pause Young (Allocation Failure) 109M->109M(228M) 109.313ms
[2020-01-29T22:42:37.177+0300][90.017s][info][gc] GC(955) Pause Young (Allocation Failure) 157M->157M(228M) 101.766ms
[2020-01-29T22:42:37.197+0300][90.037s][info][gc] GC(956) Pause Full (Ergonomics) 157M->24M(228M) 20.129ms
[2020-01-29T22:42:37.260+0300][90.099s][info][gc] GC(957) Pause Young (Allocation Failure) 53M->52M(228M) 58.854ms
[2020-01-29T22:42:37.370+0300][90.211s][info][gc] GC(958) Pause Young (Allocation Failure) 81M->81M(228M) 107.744ms
[2020-01-29T22:42:37.486+0300][90.326s][info][gc] GC(959) Pause Young (Allocation Failure) 110M->111M(228M) 111.285ms
[2020-01-29T22:42:37.600+0300][90.440s][info][gc] GC(960) Pause Young (Allocation Failure) 159M->159M(228M) 98.955ms
[2020-01-29T22:42:37.625+0300][90.465s][info][gc] GC(961) Pause Full (Ergonomics) 159M->25M(228M) 24.906ms
[2020-01-29T22:42:37.691+0300][90.531s][info][gc] GC(962) Pause Young (Allocation Failure) 54M->54M(228M) 62.053ms
[2020-01-29T22:42:37.799+0300][90.639s][info][gc] GC(963) Pause Young (Allocation Failure) 83M->83M(228M) 104.702ms
[2020-01-29T22:42:37.923+0300][90.763s][info][gc] GC(964) Pause Young (Allocation Failure) 112M->112M(228M) 120.437ms
[2020-01-29T22:42:38.039+0300][90.880s][info][gc] GC(965) Pause Young (Allocation Failure) 160M->160M(228M) 101.365ms
[2020-01-29T22:42:38.069+0300][90.909s][info][gc] GC(966) Pause Full (Ergonomics) 160M->26M(228M) 29.669ms
[2020-01-29T22:42:38.135+0300][90.975s][info][gc] GC(967) Pause Young (Allocation Failure) 55M->55M(228M) 61.474ms
[2020-01-29T22:42:38.242+0300][91.082s][info][gc] GC(968) Pause Young (Allocation Failure) 84M->84M(228M) 103.333ms
[2020-01-29T22:42:38.358+0300][91.198s][info][gc] GC(969) Pause Young (Allocation Failure) 113M->113M(228M) 112.083ms
[2020-01-29T22:42:38.496+0300][91.336s][info][gc] GC(970) Pause Young (Allocation Failure) 161M->161M(228M) 122.661ms
[2020-01-29T22:42:38.537+0300][91.378s][info][gc] GC(971) Pause Full (Ergonomics) 161M->27M(228M) 41.723ms
[2020-01-29T22:42:38.601+0300][91.441s][info][gc] GC(972) Pause Young (Allocation Failure) 56M->56M(228M) 59.184ms
[2020-01-29T22:42:38.722+0300][91.562s][info][gc] GC(973) Pause Young (Allocation Failure) 85M->85M(228M) 117.511ms
[2020-01-29T22:42:38.836+0300][91.677s][info][gc] GC(974) Pause Young (Allocation Failure) 114M->114M(228M) 111.084ms
[2020-01-29T22:42:38.971+0300][91.811s][info][gc] GC(975) Pause Young (Allocation Failure) 162M->162M(228M) 119.623ms
[2020-01-29T22:42:39.019+0300][91.858s][info][gc] GC(976) Pause Full (Ergonomics) 162M->28M(228M) 47.352ms
[2020-01-29T22:42:39.083+0300][91.923s][info][gc] GC(977) Pause Young (Allocation Failure) 57M->58M(228M) 61.166ms
[2020-01-29T22:42:39.192+0300][92.032s][info][gc] GC(978) Pause Young (Allocation Failure) 87M->87M(228M) 105.226ms
[2020-01-29T22:42:39.308+0300][92.147s][info][gc] GC(979) Pause Young (Allocation Failure) 116M->116M(228M) 111.672ms
[2020-01-29T22:42:39.411+0300][92.252s][info][gc] GC(980) Pause Young (Allocation Failure) 164M->164M(228M) 89.551ms
[2020-01-29T22:42:39.456+0300][92.296s][info][gc] GC(981) Pause Full (Ergonomics) 164M->30M(228M) 44.262ms
[2020-01-29T22:42:39.523+0300][92.363s][info][gc] GC(982) Pause Young (Allocation Failure) 59M->59M(228M) 63.283ms
[2020-01-29T22:42:39.662+0300][92.502s][info][gc] GC(983) Pause Young (Allocation Failure) 88M->88M(228M) 134.794ms
[2020-01-29T22:42:39.773+0300][92.612s][info][gc] GC(984) Pause Young (Allocation Failure) 117M->117M(228M) 106.950ms
[2020-01-29T22:42:39.910+0300][92.750s][info][gc] GC(985) Pause Young (Allocation Failure) 165M->165M(228M) 123.288ms
[2020-01-29T22:42:39.970+0300][92.810s][info][gc] GC(986) Pause Full (Ergonomics) 165M->31M(228M) 59.681ms
[2020-01-29T22:42:40.035+0300][92.875s][info][gc] GC(987) Pause Young (Allocation Failure) 60M->60M(228M) 60.889ms
[2020-01-29T22:42:40.150+0300][92.990s][info][gc] GC(988) Pause Young (Allocation Failure) 89M->89M(228M) 111.663ms
[2020-01-29T22:42:40.285+0300][93.124s][info][gc] GC(989) Pause Young (Allocation Failure) 118M->118M(228M) 130.022ms
[2020-01-29T22:42:40.418+0300][93.259s][info][gc] GC(990) Pause Young (Allocation Failure) 166M->166M(228M) 119.538ms
[2020-01-29T22:42:40.482+0300][93.322s][info][gc] GC(991) Pause Full (Ergonomics) 166M->32M(228M) 63.131ms
[2020-01-29T22:42:40.547+0300][93.387s][info][gc] GC(992) Pause Young (Allocation Failure) 61M->61M(228M) 61.431ms
[2020-01-29T22:42:40.663+0300][93.502s][info][gc] GC(993) Pause Young (Allocation Failure) 90M->90M(228M) 111.614ms
[2020-01-29T22:42:40.782+0300][93.623s][info][gc] GC(994) Pause Young (Allocation Failure) 119M->119M(228M) 116.750ms
[2020-01-29T22:42:40.875+0300][93.715s][info][gc] GC(995) Pause Young (Allocation Failure) 167M->167M(228M) 78.014ms
[2020-01-29T22:42:40.930+0300][93.770s][info][gc] GC(996) Pause Full (Ergonomics) 167M->33M(228M) 54.765ms
[2020-01-29T22:42:40.997+0300][93.836s][info][gc] GC(997) Pause Young (Allocation Failure) 62M->62M(228M) 62.769ms
[2020-01-29T22:42:41.114+0300][93.954s][info][gc] GC(998) Pause Young (Allocation Failure) 91M->91M(228M) 114.552ms
[2020-01-29T22:42:41.230+0300][94.069s][info][gc] GC(999) Pause Young (Allocation Failure) 120M->120M(228M) 110.950ms
[2020-01-29T22:42:41.322+0300][94.162s][info][gc] GC(1000) Pause Young (Allocation Failure) 169M->169M(228M) 77.848ms
[2020-01-29T22:42:41.379+0300][94.218s][info][gc] GC(1001) Pause Full (Ergonomics) 169M->35M(228M) 56.067ms
[2020-01-29T22:42:41.444+0300][94.283s][info][gc] GC(1002) Pause Young (Allocation Failure) 64M->64M(228M) 61.180ms
[2020-01-29T22:42:41.562+0300][94.402s][info][gc] GC(1003) Pause Young (Allocation Failure) 93M->93M(228M) 115.104ms
[2020-01-29T22:42:41.671+0300][94.511s][info][gc] GC(1004) Pause Young (Allocation Failure) 122M->122M(228M) 105.097ms
[2020-01-29T22:42:41.759+0300][94.599s][info][gc] GC(1005) Pause Young (Allocation Failure) 170M->170M(228M) 72.520ms
[2020-01-29T22:42:41.822+0300][94.662s][info][gc] GC(1006) Pause Full (Ergonomics) 170M->36M(228M) 63.559ms
[2020-01-29T22:42:41.886+0300][94.727s][info][gc] GC(1007) Pause Young (Allocation Failure) 65M->65M(228M) 60.904ms
[2020-01-29T22:42:42.001+0300][94.841s][info][gc] GC(1008) Pause Young (Allocation Failure) 94M->94M(228M) 110.136ms
[2020-01-29T22:42:42.118+0300][94.958s][info][gc] GC(1009) Pause Young (Allocation Failure) 123M->123M(228M) 114.001ms
[2020-01-29T22:42:42.208+0300][95.048s][info][gc] GC(1010) Pause Young (Allocation Failure) 171M->171M(228M) 74.087ms
[2020-01-29T22:42:42.276+0300][95.116s][info][gc] GC(1011) Pause Full (Ergonomics) 171M->37M(228M) 67.850ms
[2020-01-29T22:42:42.342+0300][95.182s][info][gc] GC(1012) Pause Young (Allocation Failure) 66M->66M(228M) 61.978ms
[2020-01-29T22:42:42.470+0300][95.310s][info][gc] GC(1013) Pause Young (Allocation Failure) 95M->95M(228M) 125.093ms
[2020-01-29T22:42:42.585+0300][95.425s][info][gc] GC(1014) Pause Young (Allocation Failure) 124M->124M(228M) 111.120ms
[2020-01-29T22:42:42.669+0300][95.509s][info][gc] GC(1015) Pause Young (Allocation Failure) 172M->172M(228M) 68.987ms
[2020-01-29T22:42:42.742+0300][95.582s][info][gc] GC(1016) Pause Full (Ergonomics) 172M->38M(228M) 72.567ms
[2020-01-29T22:42:42.805+0300][95.646s][info][gc] GC(1017) Pause Young (Allocation Failure) 67M->67M(228M) 59.936ms
[2020-01-29T22:42:42.923+0300][95.763s][info][gc] GC(1018) Pause Young (Allocation Failure) 96M->96M(228M) 113.458ms
[2020-01-29T22:42:43.039+0300][95.880s][info][gc] GC(1019) Pause Young (Allocation Failure) 125M->125M(228M) 113.387ms
[2020-01-29T22:42:43.125+0300][95.965s][info][gc] GC(1020) Pause Young (Allocation Failure) 174M->174M(228M) 70.242ms
[2020-01-29T22:42:43.202+0300][96.042s][info][gc] GC(1021) Pause Full (Ergonomics) 174M->40M(228M) 76.473ms
[2020-01-29T22:42:43.269+0300][96.109s][info][gc] GC(1022) Pause Young (Allocation Failure) 69M->69M(228M) 62.994ms
[2020-01-29T22:42:43.388+0300][96.229s][info][gc] GC(1023) Pause Young (Allocation Failure) 98M->98M(228M) 116.372ms
[2020-01-29T22:42:43.515+0300][96.354s][info][gc] GC(1024) Pause Young (Allocation Failure) 127M->127M(228M) 121.671ms
[2020-01-29T22:42:43.602+0300][96.442s][info][gc] GC(1025) Pause Young (Allocation Failure) 156M->156M(228M) 74.801ms
[2020-01-29T22:42:43.613+0300][96.453s][info][gc] GC(1026) Pause Full (Ergonomics) 156M->22M(228M) 11.261ms
[2020-01-29T22:42:43.685+0300][96.525s][info][gc] GC(1027) Pause Young (Allocation Failure) 51M->51M(228M) 68.298ms
[2020-01-29T22:42:43.798+0300][96.638s][info][gc] GC(1028) Pause Young (Allocation Failure) 80M->80M(228M) 109.743ms
[2020-01-29T22:42:43.909+0300][96.749s][info][gc] GC(1029) Pause Young (Allocation Failure) 109M->109M(228M) 106.638ms
[2020-01-29T22:42:44.035+0300][96.874s][info][gc] GC(1030) Pause Young (Allocation Failure) 157M->157M(228M) 110.957ms
[2020-01-29T22:42:44.054+0300][96.894s][info][gc] GC(1031) Pause Full (Ergonomics) 157M->23M(228M) 19.237ms
[2020-01-29T22:42:44.114+0300][96.955s][info][gc] GC(1032) Pause Young (Allocation Failure) 52M->52M(228M) 57.265ms
[2020-01-29T22:42:44.228+0300][97.069s][info][gc] GC(1033) Pause Young (Allocation Failure) 81M->81M(228M) 110.175ms
[2020-01-29T22:42:44.350+0300][97.190s][info][gc] GC(1034) Pause Young (Allocation Failure) 110M->110M(228M) 117.971ms
[2020-01-29T22:42:44.464+0300][97.304s][info][gc] GC(1035) Pause Young (Allocation Failure) 158M->158M(228M) 98.623ms
[2020-01-29T22:42:44.486+0300][97.326s][info][gc] GC(1036) Pause Full (Ergonomics) 158M->24M(228M) 21.411ms
[2020-01-29T22:42:44.545+0300][97.386s][info][gc] GC(1037) Pause Young (Allocation Failure) 53M->53M(228M) 56.431ms
[2020-01-29T22:42:44.658+0300][97.498s][info][gc] GC(1038) Pause Young (Allocation Failure) 82M->82M(228M) 108.605ms
[2020-01-29T22:42:44.780+0300][97.620s][info][gc] GC(1039) Pause Young (Allocation Failure) 111M->111M(228M) 118.346ms
[2020-01-29T22:42:44.915+0300][97.755s][info][gc] GC(1040) Pause Young (Allocation Failure) 159M->159M(228M) 120.677ms
[2020-01-29T22:42:44.951+0300][97.790s][info][gc] GC(1041) Pause Full (Ergonomics) 159M->25M(228M) 35.028ms
[2020-01-29T22:42:45.014+0300][97.855s][info][gc] GC(1042) Pause Young (Allocation Failure) 54M->54M(228M) 60.576ms
[2020-01-29T22:42:45.133+0300][97.974s][info][gc] GC(1043) Pause Young (Allocation Failure) 83M->84M(228M) 112.313ms
[2020-01-29T22:42:45.245+0300][98.086s][info][gc] GC(1044) Pause Young (Allocation Failure) 113M->113M(228M) 108.007ms
[2020-01-29T22:42:45.351+0300][98.191s][info][gc] GC(1045) Pause Young (Allocation Failure) 161M->161M(228M) 90.529ms
[2020-01-29T22:42:45.387+0300][98.227s][info][gc] GC(1046) Pause Full (Ergonomics) 161M->27M(228M) 36.286ms
[2020-01-29T22:42:45.448+0300][98.288s][info][gc] GC(1047) Pause Young (Allocation Failure) 56M->56M(228M) 56.942ms
[2020-01-29T22:42:45.560+0300][98.399s][info][gc] GC(1048) Pause Young (Allocation Failure) 85M->85M(228M) 107.316ms
[2020-01-29T22:42:45.680+0300][98.520s][info][gc] GC(1049) Pause Young (Allocation Failure) 114M->114M(228M) 116.705ms
[2020-01-29T22:42:45.811+0300][98.651s][info][gc] GC(1050) Pause Young (Allocation Failure) 162M->162M(228M) 115.277ms
[2020-01-29T22:42:45.854+0300][98.694s][info][gc] GC(1051) Pause Full (Ergonomics) 162M->28M(228M) 42.552ms
[2020-01-29T22:42:45.921+0300][98.761s][info][gc] GC(1052) Pause Young (Allocation Failure) 57M->57M(228M) 63.512ms
[2020-01-29T22:42:46.033+0300][98.874s][info][gc] GC(1053) Pause Young (Allocation Failure) 86M->86M(228M) 109.390ms
[2020-01-29T22:42:46.152+0300][98.992s][info][gc] GC(1054) Pause Young (Allocation Failure) 115M->115M(228M) 114.767ms
[2020-01-29T22:42:46.282+0300][99.122s][info][gc] GC(1055) Pause Young (Allocation Failure) 163M->163M(228M) 115.122ms
[2020-01-29T22:42:46.333+0300][99.173s][info][gc] GC(1056) Pause Full (Ergonomics) 163M->29M(228M) 50.974ms
[2020-01-29T22:42:46.400+0300][99.241s][info][gc] GC(1057) Pause Young (Allocation Failure) 58M->58M(228M) 63.932ms
[2020-01-29T22:42:46.520+0300][99.360s][info][gc] GC(1058) Pause Young (Allocation Failure) 87M->87M(228M) 111.965ms
[2020-01-29T22:42:46.638+0300][99.478s][info][gc] GC(1059) Pause Young (Allocation Failure) 116M->116M(228M) 114.579ms
[2020-01-29T22:42:46.734+0300][99.574s][info][gc] GC(1060) Pause Young (Allocation Failure) 164M->164M(228M) 81.190ms
[2020-01-29T22:42:46.782+0300][99.622s][info][gc] GC(1061) Pause Full (Ergonomics) 164M->30M(228M) 47.225ms
[2020-01-29T22:42:46.841+0300][99.681s][info][gc] GC(1062) Pause Young (Allocation Failure) 59M->59M(228M) 55.912ms
[2020-01-29T22:42:46.984+0300][99.825s][info][gc] GC(1063) Pause Young (Allocation Failure) 88M->88M(228M) 139.420ms
[2020-01-29T22:42:47.091+0300][99.931s][info][gc] GC(1064) Pause Young (Allocation Failure) 117M->117M(228M) 102.193ms
[2020-01-29T22:42:47.189+0300][100.029s][info][gc] GC(1065) Pause Young (Allocation Failure) 166M->166M(228M) 83.840ms
[2020-01-29T22:42:47.237+0300][100.078s][info][gc] GC(1066) Pause Full (Ergonomics) 166M->32M(228M) 48.517ms
[2020-01-29T22:42:47.303+0300][100.143s][info][gc] GC(1067) Pause Young (Allocation Failure) 61M->61M(228M) 61.761ms
[2020-01-29T22:42:47.417+0300][100.257s][info][gc] GC(1068) Pause Young (Allocation Failure) 90M->90M(228M) 109.633ms
[2020-01-29T22:42:47.531+0300][100.372s][info][gc] GC(1069) Pause Young (Allocation Failure) 119M->119M(228M) 111.259ms
[2020-01-29T22:42:47.633+0300][100.473s][info][gc] GC(1070) Pause Young (Allocation Failure) 167M->167M(228M) 86.197ms
[2020-01-29T22:42:47.687+0300][100.527s][info][gc] GC(1071) Pause Full (Ergonomics) 167M->33M(228M) 53.605ms
[2020-01-29T22:42:47.754+0300][100.594s][info][gc] GC(1072) Pause Young (Allocation Failure) 62M->62M(228M) 62.779ms
[2020-01-29T22:42:47.886+0300][100.726s][info][gc] GC(1073) Pause Young (Allocation Failure) 91M->91M(228M) 127.800ms
[2020-01-29T22:42:48.000+0300][100.840s][info][gc] GC(1074) Pause Young (Allocation Failure) 120M->120M(228M) 110.144ms
[2020-01-29T22:42:48.097+0300][100.938s][info][gc] GC(1075) Pause Young (Allocation Failure) 168M->168M(228M) 83.407ms
[2020-01-29T22:42:48.165+0300][101.005s][info][gc] GC(1076) Pause Full (Ergonomics) 168M->34M(228M) 67.524ms
[2020-01-29T22:42:48.225+0300][101.066s][info][gc] GC(1077) Pause Young (Allocation Failure) 63M->63M(228M) 55.911ms
[2020-01-29T22:42:48.328+0300][101.168s][info][gc] GC(1078) Pause Young (Allocation Failure) 92M->92M(228M) 97.723ms
[2020-01-29T22:42:48.465+0300][101.305s][info][gc] GC(1079) Pause Young (Allocation Failure) 121M->121M(228M) 133.768ms
[2020-01-29T22:42:48.580+0300][101.420s][info][gc] GC(1080) Pause Young (Allocation Failure) 169M->169M(228M) 99.311ms
[2020-01-29T22:42:48.645+0300][101.485s][info][gc] GC(1081) Pause Full (Ergonomics) 169M->35M(228M) 65.764ms
[2020-01-29T22:42:48.708+0300][101.548s][info][gc] GC(1082) Pause Young (Allocation Failure) 64M->64M(228M) 58.968ms
[2020-01-29T22:42:48.813+0300][101.653s][info][gc] GC(1083) Pause Young (Allocation Failure) 93M->93M(228M) 100.552ms
[2020-01-29T22:42:48.935+0300][101.775s][info][gc] GC(1084) Pause Young (Allocation Failure) 122M->122M(228M) 118.139ms
[2020-01-29T22:42:49.025+0300][101.865s][info][gc] GC(1085) Pause Young (Allocation Failure) 171M->171M(228M) 75.154ms
[2020-01-29T22:42:49.092+0300][101.932s][info][gc] GC(1086) Pause Full (Ergonomics) 171M->37M(228M) 67.210ms
[2020-01-29T22:42:49.159+0300][101.999s][info][gc] GC(1087) Pause Young (Allocation Failure) 66M->66M(228M) 62.662ms
[2020-01-29T22:42:49.287+0300][102.127s][info][gc] GC(1088) Pause Young (Allocation Failure) 95M->95M(228M) 124.839ms
[2020-01-29T22:42:49.403+0300][102.243s][info][gc] GC(1089) Pause Young (Allocation Failure) 124M->124M(228M) 111.792ms
[2020-01-29T22:42:49.494+0300][102.333s][info][gc] GC(1090) Pause Young (Allocation Failure) 172M->172M(228M) 74.869ms
[2020-01-29T22:42:49.576+0300][102.416s][info][gc] GC(1091) Pause Full (Ergonomics) 172M->38M(228M) 82.487ms
[2020-01-29T22:42:49.642+0300][102.482s][info][gc] GC(1092) Pause Young (Allocation Failure) 67M->67M(228M) 62.421ms
[2020-01-29T22:42:49.759+0300][102.598s][info][gc] GC(1093) Pause Young (Allocation Failure) 96M->96M(228M) 112.474ms
[2020-01-29T22:42:49.868+0300][102.709s][info][gc] GC(1094) Pause Young (Allocation Failure) 125M->125M(228M) 106.444ms
[2020-01-29T22:42:49.965+0300][102.805s][info][gc] GC(1095) Pause Young (Allocation Failure) 173M->173M(228M) 81.505ms
[2020-01-29T22:42:50.057+0300][102.897s][info][gc] GC(1096) Pause Full (Ergonomics) 173M->39M(228M) 91.392ms
[2020-01-29T22:42:50.122+0300][102.961s][info][gc] GC(1097) Pause Young (Allocation Failure) 68M->68M(228M) 60.520ms
[2020-01-29T22:42:50.246+0300][103.086s][info][gc] GC(1098) Pause Young (Allocation Failure) 97M->97M(228M) 120.641ms
[2020-01-29T22:42:50.361+0300][103.201s][info][gc] GC(1099) Pause Young (Allocation Failure) 126M->126M(228M) 111.230ms
[2020-01-29T22:42:50.446+0300][103.286s][info][gc] GC(1100) Pause Young (Allocation Failure) 174M->174M(228M) 69.065ms
[2020-01-29T22:42:50.523+0300][103.364s][info][gc] GC(1101) Pause Full (Ergonomics) 174M->40M(228M) 77.801ms
[2020-01-29T22:42:50.588+0300][103.429s][info][gc] GC(1102) Pause Young (Allocation Failure) 69M->69M(228M) 61.643ms
[2020-01-29T22:42:50.726+0300][103.566s][info][gc] GC(1103) Pause Young (Allocation Failure) 98M->98M(228M) 132.587ms
[2020-01-29T22:42:50.844+0300][103.684s][info][gc] GC(1104) Pause Young (Allocation Failure) 127M->127M(228M) 114.375ms
[2020-01-29T22:42:50.929+0300][103.768s][info][gc] GC(1105) Pause Young (Allocation Failure) 156M->156M(228M) 72.161ms
[2020-01-29T22:42:50.942+0300][103.782s][info][gc] GC(1106) Pause Full (Ergonomics) 156M->22M(228M) 12.975ms
[2020-01-29T22:42:51.015+0300][103.856s][info][gc] GC(1107) Pause Young (Allocation Failure) 51M->51M(228M) 70.444ms
[2020-01-29T22:42:51.130+0300][103.970s][info][gc] GC(1108) Pause Young (Allocation Failure) 80M->81M(228M) 110.892ms
[2020-01-29T22:42:51.243+0300][104.083s][info][gc] GC(1109) Pause Young (Allocation Failure) 110M->110M(228M) 108.866ms
[2020-01-29T22:42:51.363+0300][104.203s][info][gc] GC(1110) Pause Young (Allocation Failure) 158M->158M(228M) 104.797ms
[2020-01-29T22:42:51.383+0300][104.223s][info][gc] GC(1111) Pause Full (Ergonomics) 158M->24M(228M) 19.765ms
[2020-01-29T22:42:51.448+0300][104.288s][info][gc] GC(1112) Pause Young (Allocation Failure) 53M->53M(228M) 60.968ms
[2020-01-29T22:42:51.585+0300][104.425s][info][gc] GC(1113) Pause Young (Allocation Failure) 82M->82M(228M) 133.905ms
[2020-01-29T22:42:51.699+0300][104.539s][info][gc] GC(1114) Pause Young (Allocation Failure) 111M->111M(228M) 109.731ms
[2020-01-29T22:42:51.844+0300][104.684s][info][gc] GC(1115) Pause Young (Allocation Failure) 159M->159M(228M) 129.560ms
[2020-01-29T22:42:51.880+0300][104.720s][info][gc] GC(1116) Pause Full (Ergonomics) 159M->25M(228M) 36.345ms
[2020-01-29T22:42:51.944+0300][104.783s][info][gc] GC(1117) Pause Young (Allocation Failure) 54M->54M(228M) 59.392ms
[2020-01-29T22:42:52.086+0300][104.926s][info][gc] GC(1118) Pause Young (Allocation Failure) 83M->83M(228M) 138.910ms
[2020-01-29T22:42:52.202+0300][105.042s][info][gc] GC(1119) Pause Young (Allocation Failure) 112M->112M(228M) 112.132ms
[2020-01-29T22:42:52.340+0300][105.180s][info][gc] GC(1120) Pause Young (Allocation Failure) 160M->160M(228M) 121.397ms
[2020-01-29T22:42:52.381+0300][105.221s][info][gc] GC(1121) Pause Full (Ergonomics) 160M->26M(228M) 40.090ms
[2020-01-29T22:42:52.445+0300][105.285s][info][gc] GC(1122) Pause Young (Allocation Failure) 55M->55M(228M) 60.122ms
[2020-01-29T22:42:52.564+0300][105.404s][info][gc] GC(1123) Pause Young (Allocation Failure) 84M->84M(228M) 115.584ms
[2020-01-29T22:42:52.676+0300][105.516s][info][gc] GC(1124) Pause Young (Allocation Failure) 113M->113M(228M) 108.410ms
[2020-01-29T22:42:52.792+0300][105.632s][info][gc] GC(1125) Pause Young (Allocation Failure) 161M->161M(228M) 100.683ms
[2020-01-29T22:42:52.826+0300][105.666s][info][gc] GC(1126) Pause Full (Ergonomics) 161M->27M(228M) 34.732ms
[2020-01-29T22:42:52.889+0300][105.729s][info][gc] GC(1127) Pause Young (Allocation Failure) 56M->56M(228M) 58.970ms
[2020-01-29T22:42:52.997+0300][105.837s][info][gc] GC(1128) Pause Young (Allocation Failure) 85M->85M(228M) 104.073ms
[2020-01-29T22:42:53.133+0300][105.973s][info][gc] GC(1129) Pause Young (Allocation Failure) 114M->115M(228M) 131.682ms
[2020-01-29T22:42:53.271+0300][106.111s][info][gc] GC(1130) Pause Young (Allocation Failure) 163M->163M(228M) 123.643ms
[2020-01-29T22:42:53.320+0300][106.160s][info][gc] GC(1131) Pause Full (Ergonomics) 163M->29M(228M) 48.288ms
[2020-01-29T22:42:53.384+0300][106.224s][info][gc] GC(1132) Pause Young (Allocation Failure) 58M->58M(228M) 60.729ms
[2020-01-29T22:42:53.502+0300][106.342s][info][gc] GC(1133) Pause Young (Allocation Failure) 87M->87M(228M) 113.775ms
[2020-01-29T22:42:53.620+0300][106.460s][info][gc] GC(1134) Pause Young (Allocation Failure) 116M->116M(228M) 114.591ms
[2020-01-29T22:42:53.731+0300][106.571s][info][gc] GC(1135) Pause Young (Allocation Failure) 164M->164M(228M) 95.737ms
[2020-01-29T22:42:53.773+0300][106.613s][info][gc] GC(1136) Pause Full (Ergonomics) 164M->30M(228M) 41.461ms
[2020-01-29T22:42:53.836+0300][106.676s][info][gc] GC(1137) Pause Young (Allocation Failure) 59M->59M(228M) 56.471ms
[2020-01-29T22:42:53.949+0300][106.789s][info][gc] GC(1138) Pause Young (Allocation Failure) 88M->88M(228M) 109.742ms
[2020-01-29T22:42:54.066+0300][106.906s][info][gc] GC(1139) Pause Young (Allocation Failure) 117M->117M(228M) 113.415ms
[2020-01-29T22:42:54.164+0300][107.004s][info][gc] GC(1140) Pause Young (Allocation Failure) 165M->165M(228M) 82.238ms
[2020-01-29T22:42:54.209+0300][107.049s][info][gc] GC(1141) Pause Full (Ergonomics) 165M->31M(228M) 45.078ms
[2020-01-29T22:42:54.272+0300][107.112s][info][gc] GC(1142) Pause Young (Allocation Failure) 60M->60M(228M) 59.300ms
[2020-01-29T22:42:54.387+0300][107.227s][info][gc] GC(1143) Pause Young (Allocation Failure) 89M->89M(228M) 111.566ms
[2020-01-29T22:42:54.514+0300][107.354s][info][gc] GC(1144) Pause Young (Allocation Failure) 118M->118M(228M) 122.798ms
[2020-01-29T22:42:54.615+0300][107.454s][info][gc] GC(1145) Pause Young (Allocation Failure) 166M->166M(228M) 85.897ms
[2020-01-29T22:42:54.666+0300][107.506s][info][gc] GC(1146) Pause Full (Ergonomics) 166M->32M(228M) 51.569ms
[2020-01-29T22:42:54.730+0300][107.570s][info][gc] GC(1147) Pause Young (Allocation Failure) 61M->61M(228M) 60.318ms
[2020-01-29T22:42:54.847+0300][107.687s][info][gc] GC(1148) Pause Young (Allocation Failure) 90M->90M(228M) 112.735ms
[2020-01-29T22:42:54.968+0300][107.808s][info][gc] GC(1149) Pause Young (Allocation Failure) 119M->119M(228M) 117.764ms
[2020-01-29T22:42:55.063+0300][107.904s][info][gc] GC(1150) Pause Young (Allocation Failure) 167M->168M(228M) 81.382ms
[2020-01-29T22:42:55.119+0300][107.959s][info][gc] GC(1151) Pause Full (Ergonomics) 168M->34M(228M) 55.374ms
[2020-01-29T22:42:55.186+0300][108.027s][info][gc] GC(1152) Pause Young (Allocation Failure) 63M->63M(228M) 63.664ms
[2020-01-29T22:42:55.305+0300][108.145s][info][gc] GC(1153) Pause Young (Allocation Failure) 92M->92M(228M) 114.795ms
[2020-01-29T22:42:55.425+0300][108.265s][info][gc] GC(1154) Pause Young (Allocation Failure) 121M->121M(228M) 115.623ms
[2020-01-29T22:42:55.562+0300][108.402s][info][gc] GC(1155) Pause Young (Allocation Failure) 169M->169M(228M) 121.654ms
[2020-01-29T22:42:55.638+0300][108.478s][info][gc] GC(1156) Pause Full (Ergonomics) 169M->35M(228M) 76.347ms
[2020-01-29T22:42:55.703+0300][108.543s][info][gc] GC(1157) Pause Young (Allocation Failure) 64M->64M(228M) 61.251ms
[2020-01-29T22:42:55.811+0300][108.651s][info][gc] GC(1158) Pause Young (Allocation Failure) 93M->93M(228M) 103.308ms
[2020-01-29T22:42:55.927+0300][108.767s][info][gc] GC(1159) Pause Young (Allocation Failure) 122M->122M(228M) 112.374ms
[2020-01-29T22:42:56.078+0300][108.918s][info][gc] GC(1160) Pause Young (Allocation Failure) 170M->170M(228M) 136.097ms
[2020-01-29T22:42:56.161+0300][109.001s][info][gc] GC(1161) Pause Full (Ergonomics) 170M->36M(228M) 82.014ms
[2020-01-29T22:42:56.225+0300][109.065s][info][gc] GC(1162) Pause Young (Allocation Failure) 65M->65M(228M) 61.121ms
[2020-01-29T22:42:56.341+0300][109.180s][info][gc] GC(1163) Pause Young (Allocation Failure) 94M->94M(228M) 111.258ms
[2020-01-29T22:42:56.466+0300][109.307s][info][gc] GC(1164) Pause Young (Allocation Failure) 123M->123M(228M) 121.939ms
[2020-01-29T22:42:56.556+0300][109.396s][info][gc] GC(1165) Pause Young (Allocation Failure) 171M->171M(228M) 74.431ms
[2020-01-29T22:42:56.624+0300][109.464s][info][gc] GC(1166) Pause Full (Ergonomics) 171M->37M(228M) 68.323ms
[2020-01-29T22:42:56.689+0300][109.528s][info][gc] GC(1167) Pause Young (Allocation Failure) 66M->66M(228M) 60.404ms
[2020-01-29T22:42:56.796+0300][109.636s][info][gc] GC(1168) Pause Young (Allocation Failure) 95M->95M(228M) 104.209ms
[2020-01-29T22:42:56.918+0300][109.758s][info][gc] GC(1169) Pause Young (Allocation Failure) 124M->124M(228M) 118.284ms
[2020-01-29T22:42:57.055+0300][109.895s][info][gc] GC(1170) Pause Young (Allocation Failure) 172M->172M(228M) 121.363ms
[2020-01-29T22:42:57.140+0300][109.981s][info][gc] GC(1171) Pause Full (Ergonomics) 172M->38M(228M) 86.023ms
[2020-01-29T22:42:57.206+0300][110.045s][info][gc] GC(1172) Pause Young (Allocation Failure) 67M->67M(228M) 60.742ms
[2020-01-29T22:42:57.340+0300][110.180s][info][gc] GC(1173) Pause Young (Allocation Failure) 96M->97M(228M) 131.067ms
[2020-01-29T22:42:57.455+0300][110.295s][info][gc] GC(1174) Pause Young (Allocation Failure) 126M->125M(228M) 110.388ms
[2020-01-29T22:42:57.541+0300][110.381s][info][gc] GC(1175) Pause Young (Allocation Failure) 174M->174M(228M) 71.173ms
[2020-01-29T22:42:57.618+0300][110.458s][info][gc] GC(1176) Pause Full (Ergonomics) 174M->40M(228M) 77.301ms
[2020-01-29T22:42:57.684+0300][110.525s][info][gc] GC(1177) Pause Young (Allocation Failure) 69M->69M(228M) 62.539ms
[2020-01-29T22:42:57.800+0300][110.639s][info][gc] GC(1178) Pause Young (Allocation Failure) 98M->98M(228M) 111.254ms
[2020-01-29T22:42:57.919+0300][110.758s][info][gc] GC(1179) Pause Young (Allocation Failure) 127M->127M(228M) 115.506ms
[2020-01-29T22:42:58.006+0300][110.845s][info][gc] GC(1180) Pause Young (Allocation Failure) 156M->156M(228M) 74.053ms
[2020-01-29T22:42:58.017+0300][110.857s][info][gc] GC(1181) Pause Full (Ergonomics) 156M->22M(228M) 11.605ms
[2020-01-29T22:42:58.081+0300][110.922s][info][gc] GC(1182) Pause Young (Allocation Failure) 51M->51M(228M) 61.192ms
[2020-01-29T22:42:58.195+0300][111.035s][info][gc] GC(1183) Pause Young (Allocation Failure) 80M->80M(228M) 110.148ms
[2020-01-29T22:42:58.314+0300][111.154s][info][gc] GC(1184) Pause Young (Allocation Failure) 109M->109M(228M) 115.046ms
[2020-01-29T22:42:58.433+0300][111.273s][info][gc] GC(1185) Pause Young (Allocation Failure) 157M->157M(228M) 104.138ms
[2020-01-29T22:42:58.453+0300][111.293s][info][gc] GC(1186) Pause Full (Ergonomics) 157M->23M(228M) 19.730ms
[2020-01-29T22:42:58.519+0300][111.359s][info][gc] GC(1187) Pause Young (Allocation Failure) 52M->52M(228M) 62.602ms
[2020-01-29T22:42:58.638+0300][111.477s][info][gc] GC(1188) Pause Young (Allocation Failure) 81M->81M(228M) 114.489ms
[2020-01-29T22:42:58.761+0300][111.600s][info][gc] GC(1189) Pause Young (Allocation Failure) 110M->110M(228M) 119.353ms
[2020-01-29T22:42:58.881+0300][111.721s][info][gc] GC(1190) Pause Young (Allocation Failure) 158M->158M(228M) 105.925ms
[2020-01-29T22:42:58.902+0300][111.743s][info][gc] GC(1191) Pause Full (Ergonomics) 158M->24M(228M) 21.554ms
[2020-01-29T22:42:58.965+0300][111.805s][info][gc] GC(1192) Pause Young (Allocation Failure) 53M->53M(228M) 58.752ms
[2020-01-29T22:42:59.074+0300][111.914s][info][gc] GC(1193) Pause Young (Allocation Failure) 82M->82M(228M) 104.924ms
[2020-01-29T22:42:59.204+0300][112.044s][info][gc] GC(1194) Pause Young (Allocation Failure) 111M->111M(228M) 126.560ms
[2020-01-29T22:42:59.324+0300][112.163s][info][gc] GC(1195) Pause Young (Allocation Failure) 160M->160M(228M) 104.208ms
[2020-01-29T22:42:59.350+0300][112.190s][info][gc] GC(1196) Pause Full (Ergonomics) 160M->26M(228M) 26.093ms
[2020-01-29T22:42:59.415+0300][112.255s][info][gc] GC(1197) Pause Young (Allocation Failure) 55M->54M(228M) 60.996ms
[2020-01-29T22:42:59.531+0300][112.371s][info][gc] GC(1198) Pause Young (Allocation Failure) 83M->84M(228M) 112.479ms
[2020-01-29T22:42:59.642+0300][112.483s][info][gc] GC(1199) Pause Young (Allocation Failure) 113M->113M(228M) 108.398ms
[2020-01-29T22:42:59.755+0300][112.595s][info][gc] GC(1200) Pause Young (Allocation Failure) 161M->161M(228M) 97.520ms
[2020-01-29T22:42:59.786+0300][112.626s][info][gc] GC(1201) Pause Full (Ergonomics) 161M->27M(228M) 31.455ms
[2020-01-29T22:42:59.850+0300][112.690s][info][gc] GC(1202) Pause Young (Allocation Failure) 56M->56M(228M) 59.783ms
[2020-01-29T22:42:59.983+0300][112.823s][info][gc] GC(1203) Pause Young (Allocation Failure) 85M->85M(228M) 129.855ms
[2020-01-29T22:43:00.098+0300][112.938s][info][gc] GC(1204) Pause Young (Allocation Failure) 114M->114M(228M) 111.472ms
[2020-01-29T22:43:00.205+0300][113.045s][info][gc] GC(1205) Pause Young (Allocation Failure) 162M->162M(228M) 91.358ms
[2020-01-29T22:43:00.239+0300][113.079s][info][gc] GC(1206) Pause Full (Ergonomics) 162M->28M(228M) 33.874ms
[2020-01-29T22:43:00.315+0300][113.156s][info][gc] GC(1207) Pause Young (Allocation Failure) 57M->57M(228M) 53.618ms
[2020-01-29T22:43:00.432+0300][113.272s][info][gc] GC(1208) Pause Young (Allocation Failure) 86M->86M(228M) 112.558ms
[2020-01-29T22:43:00.550+0300][113.390s][info][gc] GC(1209) Pause Young (Allocation Failure) 115M->115M(228M) 114.323ms
[2020-01-29T22:43:00.663+0300][113.503s][info][gc] GC(1210) Pause Young (Allocation Failure) 163M->163M(228M) 97.790ms
[2020-01-29T22:43:00.708+0300][113.548s][info][gc] GC(1211) Pause Full (Ergonomics) 163M->29M(228M) 45.262ms
[2020-01-29T22:43:00.789+0300][113.629s][info][gc] GC(1212) Pause Young (Allocation Failure) 58M->58M(228M) 62.927ms
[2020-01-29T22:43:00.903+0300][113.743s][info][gc] GC(1213) Pause Young (Allocation Failure) 87M->87M(228M) 110.729ms
[2020-01-29T22:43:01.016+0300][113.856s][info][gc] GC(1214) Pause Young (Allocation Failure) 116M->116M(228M) 108.571ms
[2020-01-29T22:43:01.137+0300][113.977s][info][gc] GC(1215) Pause Young (Allocation Failure) 164M->164M(228M) 106.307ms
[2020-01-29T22:43:01.185+0300][114.025s][info][gc] GC(1216) Pause Full (Ergonomics) 164M->31M(228M) 48.047ms
[2020-01-29T22:43:01.246+0300][114.086s][info][gc] GC(1217) Pause Young (Allocation Failure) 60M->59M(228M) 56.913ms
[2020-01-29T22:43:01.360+0300][114.200s][info][gc] GC(1218) Pause Young (Allocation Failure) 88M->89M(228M) 109.702ms
[2020-01-29T22:43:01.474+0300][114.314s][info][gc] GC(1219) Pause Young (Allocation Failure) 118M->118M(228M) 110.757ms
[2020-01-29T22:43:01.633+0300][114.472s][info][gc] GC(1220) Pause Young (Allocation Failure) 166M->166M(228M) 141.910ms
[2020-01-29T22:43:01.685+0300][114.525s][info][gc] GC(1221) Pause Full (Ergonomics) 166M->32M(228M) 52.324ms
[2020-01-29T22:43:01.744+0300][114.584s][info][gc] GC(1222) Pause Young (Allocation Failure) 61M->61M(228M) 54.386ms
[2020-01-29T22:43:01.848+0300][114.688s][info][gc] GC(1223) Pause Young (Allocation Failure) 90M->90M(228M) 99.758ms
[2020-01-29T22:43:01.951+0300][114.791s][info][gc] GC(1224) Pause Young (Allocation Failure) 119M->119M(228M) 99.102ms
[2020-01-29T22:43:02.048+0300][114.888s][info][gc] GC(1225) Pause Young (Allocation Failure) 167M->167M(228M) 82.386ms
[2020-01-29T22:43:02.099+0300][114.939s][info][gc] GC(1226) Pause Full (Ergonomics) 167M->33M(228M) 50.168ms
[2020-01-29T22:43:02.187+0300][115.027s][info][gc] GC(1227) Pause Young (Allocation Failure) 62M->62M(228M) 84.919ms
[2020-01-29T22:43:02.301+0300][115.141s][info][gc] GC(1228) Pause Young (Allocation Failure) 91M->91M(228M) 110.143ms
[2020-01-29T22:43:02.416+0300][115.256s][info][gc] GC(1229) Pause Young (Allocation Failure) 120M->120M(228M) 111.305ms
[2020-01-29T22:43:02.551+0300][115.391s][info][gc] GC(1230) Pause Young (Allocation Failure) 168M->168M(228M) 119.900ms
[2020-01-29T22:43:02.622+0300][115.462s][info][gc] GC(1231) Pause Full (Ergonomics) 168M->34M(228M) 71.146ms
[2020-01-29T22:43:02.685+0300][115.525s][info][gc] GC(1232) Pause Young (Allocation Failure) 63M->63M(228M) 59.388ms
[2020-01-29T22:43:02.801+0300][115.640s][info][gc] GC(1233) Pause Young (Allocation Failure) 92M->92M(228M) 111.530ms
[2020-01-29T22:43:02.912+0300][115.751s][info][gc] GC(1234) Pause Young (Allocation Failure) 121M->121M(228M) 107.320ms
[2020-01-29T22:43:03.000+0300][115.840s][info][gc] GC(1235) Pause Young (Allocation Failure) 169M->169M(228M) 73.660ms
[2020-01-29T22:43:03.061+0300][115.902s][info][gc] GC(1236) Pause Full (Ergonomics) 169M->35M(228M) 61.411ms
[2020-01-29T22:43:03.126+0300][115.966s][info][gc] GC(1237) Pause Young (Allocation Failure) 64M->64M(228M) 60.476ms
[2020-01-29T22:43:03.244+0300][116.084s][info][gc] GC(1238) Pause Young (Allocation Failure) 93M->93M(228M) 114.319ms
[2020-01-29T22:43:03.360+0300][116.200s][info][gc] GC(1239) Pause Young (Allocation Failure) 122M->122M(228M) 112.834ms
[2020-01-29T22:43:03.446+0300][116.285s][info][gc] GC(1240) Pause Young (Allocation Failure) 171M->170M(228M) 70.388ms
[2020-01-29T22:43:03.511+0300][116.352s][info][gc] GC(1241) Pause Full (Ergonomics) 170M->37M(228M) 66.429ms
[2020-01-29T22:43:03.577+0300][116.418s][info][gc] GC(1242) Pause Young (Allocation Failure) 66M->65M(228M) 61.988ms
[2020-01-29T22:43:03.691+0300][116.531s][info][gc] GC(1243) Pause Young (Allocation Failure) 94M->95M(228M) 109.387ms
[2020-01-29T22:43:03.815+0300][116.654s][info][gc] GC(1244) Pause Young (Allocation Failure) 124M->124M(228M) 119.938ms
[2020-01-29T22:43:03.903+0300][116.744s][info][gc] GC(1245) Pause Young (Allocation Failure) 172M->172M(228M) 75.031ms
[2020-01-29T22:43:03.976+0300][116.815s][info][gc] GC(1246) Pause Full (Ergonomics) 172M->38M(228M) 71.378ms
[2020-01-29T22:43:04.043+0300][116.883s][info][gc] GC(1247) Pause Young (Allocation Failure) 67M->67M(228M) 63.589ms
[2020-01-29T22:43:04.156+0300][116.996s][info][gc] GC(1248) Pause Young (Allocation Failure) 96M->96M(228M) 109.722ms
[2020-01-29T22:43:04.275+0300][117.116s][info][gc] GC(1249) Pause Young (Allocation Failure) 125M->125M(228M) 116.030ms
[2020-01-29T22:43:04.362+0300][117.202s][info][gc] GC(1250) Pause Young (Allocation Failure) 173M->173M(228M) 71.537ms
[2020-01-29T22:43:04.435+0300][117.275s][info][gc] GC(1251) Pause Full (Ergonomics) 173M->39M(228M) 72.594ms
[2020-01-29T22:43:04.501+0300][117.341s][info][gc] GC(1252) Pause Young (Allocation Failure) 68M->68M(228M) 62.051ms
[2020-01-29T22:43:04.613+0300][117.453s][info][gc] GC(1253) Pause Young (Allocation Failure) 97M->97M(228M) 108.492ms
[2020-01-29T22:43:04.729+0300][117.570s][info][gc] GC(1254) Pause Young (Allocation Failure) 126M->126M(228M) 112.822ms
[2020-01-29T22:43:04.825+0300][117.665s][info][gc] GC(1255) Pause Young (Allocation Failure) 155M->155M(228M) 82.094ms
[2020-01-29T22:43:04.835+0300][117.675s][info][gc] GC(1256) Pause Full (Ergonomics) 155M->21M(228M) 10.669ms
[2020-01-29T22:43:04.897+0300][117.737s][info][gc] GC(1257) Pause Young (Allocation Failure) 50M->50M(228M) 57.401ms
[2020-01-29T22:43:05.020+0300][117.860s][info][gc] GC(1258) Pause Young (Allocation Failure) 79M->79M(228M) 119.090ms
[2020-01-29T22:43:05.134+0300][117.973s][info][gc] GC(1259) Pause Young (Allocation Failure) 108M->108M(228M) 109.430ms
[2020-01-29T22:43:05.280+0300][118.120s][info][gc] GC(1260) Pause Young (Allocation Failure) 156M->157M(228M) 132.385ms
[2020-01-29T22:43:05.296+0300][118.137s][info][gc] GC(1261) Pause Full (Ergonomics) 157M->23M(228M) 16.049ms
[2020-01-29T22:43:05.358+0300][118.198s][info][gc] GC(1262) Pause Young (Allocation Failure) 52M->51M(228M) 57.713ms
[2020-01-29T22:43:05.467+0300][118.306s][info][gc] GC(1263) Pause Young (Allocation Failure) 80M->80M(228M) 104.474ms
[2020-01-29T22:43:05.584+0300][118.424s][info][gc] GC(1264) Pause Young (Allocation Failure) 109M->109M(228M) 113.851ms
[2020-01-29T22:43:05.699+0300][118.539s][info][gc] GC(1265) Pause Young (Allocation Failure) 158M->158M(228M) 99.819ms
[2020-01-29T22:43:05.720+0300][118.560s][info][gc] GC(1266) Pause Full (Ergonomics) 158M->24M(228M) 21.111ms
[2020-01-29T22:43:05.781+0300][118.621s][info][gc] GC(1267) Pause Young (Allocation Failure) 53M->53M(228M) 57.471ms
[2020-01-29T22:43:05.898+0300][118.738s][info][gc] GC(1268) Pause Young (Allocation Failure) 82M->82M(228M) 113.137ms
[2020-01-29T22:43:06.014+0300][118.855s][info][gc] GC(1269) Pause Young (Allocation Failure) 111M->111M(228M) 112.865ms
[2020-01-29T22:43:06.150+0300][118.990s][info][gc] GC(1270) Pause Young (Allocation Failure) 159M->159M(228M) 120.702ms
[2020-01-29T22:43:06.183+0300][119.023s][info][gc] GC(1271) Pause Full (Ergonomics) 159M->25M(228M) 33.403ms
[2020-01-29T22:43:06.250+0300][119.090s][info][gc] GC(1272) Pause Young (Allocation Failure) 54M->54M(228M) 63.163ms
[2020-01-29T22:43:06.378+0300][119.219s][info][gc] GC(1273) Pause Young (Allocation Failure) 83M->83M(228M) 125.116ms
[2020-01-29T22:43:06.492+0300][119.332s][info][gc] GC(1274) Pause Young (Allocation Failure) 112M->112M(228M) 109.193ms
[2020-01-29T22:43:06.613+0300][119.452s][info][gc] GC(1275) Pause Young (Allocation Failure) 160M->160M(228M) 99.332ms
[2020-01-29T22:43:06.637+0300][119.477s][info][gc] GC(1276) Pause Full (Ergonomics) 160M->26M(228M) 24.554ms
[2020-01-29T22:43:06.699+0300][119.540s][info][gc] GC(1277) Pause Young (Allocation Failure) 55M->55M(228M) 58.976ms
[2020-01-29T22:43:06.816+0300][119.656s][info][gc] GC(1278) Pause Young (Allocation Failure) 84M->84M(228M) 112.849ms
[2020-01-29T22:43:06.930+0300][119.770s][info][gc] GC(1279) Pause Young (Allocation Failure) 113M->113M(228M) 109.926ms
[2020-01-29T22:43:07.059+0300][119.899s][info][gc] GC(1280) Pause Young (Allocation Failure) 161M->161M(228M) 113.658ms
[2020-01-29T22:43:07.104+0300][119.944s][info][gc] GC(1281) Pause Full (Ergonomics) 161M->27M(228M) 45.293ms
[2020-01-29T22:43:07.166+0300][120.006s][info][gc] GC(1282) Pause Young (Allocation Failure) 56M->56M(228M) 57.215ms
[2020-01-29T22:43:07.306+0300][120.146s][info][gc] GC(1283) Pause Young (Allocation Failure) 85M->85M(228M) 135.553ms
[2020-01-29T22:43:07.417+0300][120.257s][info][gc] GC(1284) Pause Young (Allocation Failure) 114M->115M(228M) 106.326ms
[2020-01-29T22:43:07.562+0300][120.402s][info][gc] GC(1285) Pause Young (Allocation Failure) 163M->163M(228M) 129.819ms
[2020-01-29T22:43:07.636+0300][120.476s][info][gc] GC(1286) Pause Full (Ergonomics) 163M->29M(228M) 74.687ms
[2020-01-29T22:43:07.697+0300][120.537s][info][gc] GC(1287) Pause Young (Allocation Failure) 58M->58M(228M) 56.149ms
[2020-01-29T22:43:07.806+0300][120.645s][info][gc] GC(1288) Pause Young (Allocation Failure) 87M->87M(228M) 104.737ms
[2020-01-29T22:43:07.922+0300][120.762s][info][gc] GC(1289) Pause Young (Allocation Failure) 116M->116M(228M) 112.423ms
[2020-01-29T22:43:08.021+0300][120.861s][info][gc] GC(1290) Pause Young (Allocation Failure) 164M->164M(228M) 83.733ms
[2020-01-29T22:43:08.063+0300][120.903s][info][gc] GC(1291) Pause Full (Ergonomics) 164M->30M(228M) 41.676ms
[2020-01-29T22:43:08.149+0300][120.989s][info][gc] GC(1292) Pause Young (Allocation Failure) 59M->59M(228M) 81.722ms
[2020-01-29T22:43:08.254+0300][121.095s][info][gc] GC(1293) Pause Young (Allocation Failure) 88M->88M(228M) 101.722ms
[2020-01-29T22:43:08.367+0300][121.208s][info][gc] GC(1294) Pause Young (Allocation Failure) 117M->117M(228M) 108.037ms
[2020-01-29T22:43:08.505+0300][121.345s][info][gc] GC(1295) Pause Young (Allocation Failure) 165M->165M(228M) 122.283ms
[2020-01-29T22:43:08.570+0300][121.409s][info][gc] GC(1296) Pause Full (Ergonomics) 165M->31M(228M) 63.920ms
[2020-01-29T22:43:08.635+0300][121.475s][info][gc] GC(1297) Pause Young (Allocation Failure) 60M->60M(228M) 61.174ms
[2020-01-29T22:43:08.751+0300][121.591s][info][gc] GC(1298) Pause Young (Allocation Failure) 89M->89M(228M) 111.849ms
[2020-01-29T22:43:08.882+0300][121.722s][info][gc] GC(1299) Pause Young (Allocation Failure) 118M->118M(228M) 126.676ms
[2020-01-29T22:43:08.978+0300][121.818s][info][gc] GC(1300) Pause Young (Allocation Failure) 166M->166M(228M) 81.962ms
[2020-01-29T22:43:09.030+0300][121.871s][info][gc] GC(1301) Pause Full (Ergonomics) 166M->32M(228M) 52.320ms
[2020-01-29T22:43:09.095+0300][121.935s][info][gc] GC(1302) Pause Young (Allocation Failure) 61M->61M(228M) 60.705ms
[2020-01-29T22:43:09.216+0300][122.056s][info][gc] GC(1303) Pause Young (Allocation Failure) 90M->90M(228M) 117.178ms
[2020-01-29T22:43:09.343+0300][122.183s][info][gc] GC(1304) Pause Young (Allocation Failure) 119M->119M(228M) 123.671ms
[2020-01-29T22:43:09.436+0300][122.276s][info][gc] GC(1305) Pause Young (Allocation Failure) 168M->167M(228M) 78.186ms
[2020-01-29T22:43:09.493+0300][122.333s][info][gc] GC(1306) Pause Full (Ergonomics) 167M->34M(228M) 56.869ms
[2020-01-29T22:43:09.558+0300][122.398s][info][gc] GC(1307) Pause Young (Allocation Failure) 63M->63M(228M) 61.433ms
[2020-01-29T22:43:09.684+0300][122.523s][info][gc] GC(1308) Pause Young (Allocation Failure) 92M->92M(228M) 121.526ms
[2020-01-29T22:43:09.801+0300][122.641s][info][gc] GC(1309) Pause Young (Allocation Failure) 121M->121M(228M) 114.257ms
[2020-01-29T22:43:09.896+0300][122.736s][info][gc] GC(1310) Pause Young (Allocation Failure) 169M->169M(228M) 79.957ms
[2020-01-29T22:43:09.983+0300][122.823s][info][gc] GC(1311) Pause Full (Ergonomics) 169M->35M(228M) 86.957ms
[2020-01-29T22:43:10.047+0300][122.887s][info][gc] GC(1312) Pause Young (Allocation Failure) 64M->64M(228M) 59.868ms
[2020-01-29T22:43:10.163+0300][123.003s][info][gc] GC(1313) Pause Young (Allocation Failure) 93M->93M(228M) 112.938ms
[2020-01-29T22:43:10.280+0300][123.120s][info][gc] GC(1314) Pause Young (Allocation Failure) 122M->122M(228M) 113.678ms
[2020-01-29T22:43:10.373+0300][123.213s][info][gc] GC(1315) Pause Young (Allocation Failure) 170M->170M(228M) 77.654ms
[2020-01-29T22:43:10.437+0300][123.277s][info][gc] GC(1316) Pause Full (Ergonomics) 170M->36M(228M) 63.312ms
[2020-01-29T22:43:10.500+0300][123.340s][info][gc] GC(1317) Pause Young (Allocation Failure) 65M->65M(228M) 59.681ms
[2020-01-29T22:43:10.611+0300][123.451s][info][gc] GC(1318) Pause Young (Allocation Failure) 94M->94M(228M) 107.646ms
[2020-01-29T22:43:10.727+0300][123.567s][info][gc] GC(1319) Pause Young (Allocation Failure) 123M->123M(228M) 112.260ms
[2020-01-29T22:43:10.817+0300][123.656s][info][gc] GC(1320) Pause Young (Allocation Failure) 171M->171M(228M) 73.817ms
[2020-01-29T22:43:10.885+0300][123.725s][info][gc] GC(1321) Pause Full (Ergonomics) 171M->37M(228M) 69.064ms
[2020-01-29T22:43:10.951+0300][123.791s][info][gc] GC(1322) Pause Young (Allocation Failure) 66M->66M(228M) 60.910ms
[2020-01-29T22:43:11.062+0300][123.903s][info][gc] GC(1323) Pause Young (Allocation Failure) 95M->95M(228M) 107.911ms
[2020-01-29T22:43:11.180+0300][124.019s][info][gc] GC(1324) Pause Young (Allocation Failure) 124M->124M(228M) 113.246ms
[2020-01-29T22:43:11.270+0300][124.111s][info][gc] GC(1325) Pause Young (Allocation Failure) 172M->173M(228M) 76.800ms
[2020-01-29T22:43:11.339+0300][124.179s][info][gc] GC(1326) Pause Full (Ergonomics) 173M->39M(228M) 68.555ms
[2020-01-29T22:43:11.406+0300][124.246s][info][gc] GC(1327) Pause Young (Allocation Failure) 68M->68M(228M) 62.608ms
[2020-01-29T22:43:11.523+0300][124.363s][info][gc] GC(1328) Pause Young (Allocation Failure) 97M->97M(228M) 112.883ms
[2020-01-29T22:43:11.647+0300][124.488s][info][gc] GC(1329) Pause Young (Allocation Failure) 126M->126M(228M) 121.065ms
[2020-01-29T22:43:11.732+0300][124.572s][info][gc] GC(1330) Pause Young (Allocation Failure) 174M->174M(228M) 69.024ms
[2020-01-29T22:43:11.808+0300][124.648s][info][gc] GC(1331) Pause Full (Ergonomics) 174M->40M(228M) 76.276ms
[2020-01-29T22:43:11.873+0300][124.713s][info][gc] GC(1332) Pause Young (Allocation Failure) 69M->69M(228M) 60.933ms
[2020-01-29T22:43:11.982+0300][124.822s][info][gc] GC(1333) Pause Young (Allocation Failure) 98M->98M(228M) 105.479ms
[2020-01-29T22:43:12.101+0300][124.940s][info][gc] GC(1334) Pause Young (Allocation Failure) 127M->127M(228M) 114.179ms
[2020-01-29T22:43:12.204+0300][125.045s][info][gc] GC(1335) Pause Young (Allocation Failure) 156M->156M(228M) 91.805ms
[2020-01-29T22:43:12.217+0300][125.057s][info][gc] GC(1336) Pause Full (Ergonomics) 156M->22M(228M) 12.162ms
[2020-01-29T22:43:12.278+0300][125.118s][info][gc] GC(1337) Pause Young (Allocation Failure) 51M->51M(228M) 56.787ms
[2020-01-29T22:43:12.395+0300][125.235s][info][gc] GC(1338) Pause Young (Allocation Failure) 80M->80M(228M) 113.498ms
[2020-01-29T22:43:12.507+0300][125.346s][info][gc] GC(1339) Pause Young (Allocation Failure) 109M->109M(228M) 107.689ms
[2020-01-29T22:43:12.653+0300][125.493s][info][gc] GC(1340) Pause Young (Allocation Failure) 157M->157M(228M) 116.462ms
[2020-01-29T22:43:12.677+0300][125.517s][info][gc] GC(1341) Pause Full (Ergonomics) 157M->23M(228M) 23.674ms
[2020-01-29T22:43:12.741+0300][125.581s][info][gc] GC(1342) Pause Young (Allocation Failure) 52M->52M(228M) 60.077ms
[2020-01-29T22:43:12.854+0300][125.694s][info][gc] GC(1343) Pause Young (Allocation Failure) 81M->81M(228M) 109.585ms
[2020-01-29T22:43:12.974+0300][125.814s][info][gc] GC(1344) Pause Young (Allocation Failure) 110M->110M(228M) 116.299ms
[2020-01-29T22:43:13.108+0300][125.948s][info][gc] GC(1345) Pause Young (Allocation Failure) 158M->158M(228M) 118.606ms
[2020-01-29T22:43:13.136+0300][125.976s][info][gc] GC(1346) Pause Full (Ergonomics) 158M->24M(228M) 28.040ms
[2020-01-29T22:43:13.202+0300][126.042s][info][gc] GC(1347) Pause Young (Allocation Failure) 53M->53M(228M) 62.479ms
[2020-01-29T22:43:13.318+0300][126.158s][info][gc] GC(1348) Pause Young (Allocation Failure) 82M->83M(228M) 112.298ms
[2020-01-29T22:43:13.431+0300][126.271s][info][gc] GC(1349) Pause Young (Allocation Failure) 112M->112M(228M) 108.933ms
[2020-01-29T22:43:13.561+0300][126.400s][info][gc] GC(1350) Pause Young (Allocation Failure) 160M->160M(228M) 114.520ms
[2020-01-29T22:43:13.590+0300][126.430s][info][gc] GC(1351) Pause Full (Ergonomics) 160M->26M(228M) 29.047ms
[2020-01-29T22:43:13.653+0300][126.492s][info][gc] GC(1352) Pause Young (Allocation Failure) 55M->55M(228M) 59.091ms
[2020-01-29T22:43:13.766+0300][126.606s][info][gc] GC(1353) Pause Young (Allocation Failure) 84M->84M(228M) 109.162ms
[2020-01-29T22:43:13.901+0300][126.741s][info][gc] GC(1354) Pause Young (Allocation Failure) 113M->113M(228M) 131.734ms
[2020-01-29T22:43:14.037+0300][126.877s][info][gc] GC(1355) Pause Young (Allocation Failure) 161M->161M(228M) 122.200ms
[2020-01-29T22:43:14.080+0300][126.920s][info][gc] GC(1356) Pause Full (Ergonomics) 161M->27M(228M) 42.241ms
[2020-01-29T22:43:14.142+0300][126.982s][info][gc] GC(1357) Pause Young (Allocation Failure) 56M->56M(228M) 58.450ms
[2020-01-29T22:43:14.258+0300][127.098s][info][gc] GC(1358) Pause Young (Allocation Failure) 85M->85M(228M) 112.595ms
[2020-01-29T22:43:14.376+0300][127.215s][info][gc] GC(1359) Pause Young (Allocation Failure) 114M->114M(228M) 113.722ms
[2020-01-29T22:43:14.487+0300][127.327s][info][gc] GC(1360) Pause Young (Allocation Failure) 162M->162M(228M) 96.578ms
[2020-01-29T22:43:14.522+0300][127.362s][info][gc] GC(1361) Pause Full (Ergonomics) 162M->28M(228M) 35.052ms
[2020-01-29T22:43:14.584+0300][127.424s][info][gc] GC(1362) Pause Young (Allocation Failure) 57M->57M(228M) 57.604ms
[2020-01-29T22:43:14.709+0300][127.550s][info][gc] GC(1363) Pause Young (Allocation Failure) 86M->86M(228M) 122.200ms
[2020-01-29T22:43:14.825+0300][127.665s][info][gc] GC(1364) Pause Young (Allocation Failure) 115M->115M(228M) 112.059ms
[2020-01-29T22:43:14.933+0300][127.773s][info][gc] GC(1365) Pause Young (Allocation Failure) 163M->163M(228M) 92.721ms
[2020-01-29T22:43:14.975+0300][127.816s][info][gc] GC(1366) Pause Full (Ergonomics) 163M->29M(228M) 42.593ms
[2020-01-29T22:43:15.040+0300][127.880s][info][gc] GC(1367) Pause Young (Allocation Failure) 58M->58M(228M) 61.139ms
[2020-01-29T22:43:15.147+0300][127.987s][info][gc] GC(1368) Pause Young (Allocation Failure) 87M->88M(228M) 103.309ms
[2020-01-29T22:43:15.260+0300][128.100s][info][gc] GC(1369) Pause Young (Allocation Failure) 117M->117M(228M) 108.884ms
[2020-01-29T22:43:15.402+0300][128.243s][info][gc] GC(1370) Pause Young (Allocation Failure) 165M->165M(228M) 128.652ms
[2020-01-29T22:43:15.460+0300][128.300s][info][gc] GC(1371) Pause Full (Ergonomics) 165M->31M(228M) 57.270ms
[2020-01-29T22:43:15.526+0300][128.366s][info][gc] GC(1372) Pause Young (Allocation Failure) 60M->60M(228M) 61.797ms
[2020-01-29T22:43:15.641+0300][128.481s][info][gc] GC(1373) Pause Young (Allocation Failure) 89M->89M(228M) 110.780ms
[2020-01-29T22:43:15.758+0300][128.599s][info][gc] GC(1374) Pause Young (Allocation Failure) 118M->118M(228M) 114.508ms
[2020-01-29T22:43:15.863+0300][128.702s][info][gc] GC(1375) Pause Young (Allocation Failure) 166M->166M(228M) 88.582ms
[2020-01-29T22:43:15.913+0300][128.753s][info][gc] GC(1376) Pause Full (Ergonomics) 166M->32M(228M) 50.084ms
[2020-01-29T22:43:15.977+0300][128.818s][info][gc] GC(1377) Pause Young (Allocation Failure) 61M->61M(228M) 61.290ms
[2020-01-29T22:43:16.092+0300][128.932s][info][gc] GC(1378) Pause Young (Allocation Failure) 90M->90M(228M) 110.107ms
[2020-01-29T22:43:16.210+0300][129.050s][info][gc] GC(1379) Pause Young (Allocation Failure) 119M->119M(228M) 114.783ms
[2020-01-29T22:43:16.341+0300][129.181s][info][gc] GC(1380) Pause Young (Allocation Failure) 167M->167M(228M) 116.640ms
[2020-01-29T22:43:16.409+0300][129.249s][info][gc] GC(1381) Pause Full (Ergonomics) 167M->33M(228M) 67.653ms
[2020-01-29T22:43:16.474+0300][129.314s][info][gc] GC(1382) Pause Young (Allocation Failure) 62M->62M(228M) 61.099ms
[2020-01-29T22:43:16.583+0300][129.424s][info][gc] GC(1383) Pause Young (Allocation Failure) 91M->91M(228M) 106.026ms
[2020-01-29T22:43:16.700+0300][129.540s][info][gc] GC(1384) Pause Young (Allocation Failure) 120M->120M(228M) 112.931ms
[2020-01-29T22:43:16.793+0300][129.633s][info][gc] GC(1385) Pause Young (Allocation Failure) 168M->168M(228M) 78.130ms
[2020-01-29T22:43:16.860+0300][129.700s][info][gc] GC(1386) Pause Full (Ergonomics) 168M->34M(228M) 67.492ms
[2020-01-29T22:43:16.929+0300][129.769s][info][gc] GC(1387) Pause Young (Allocation Failure) 63M->63M(228M) 64.987ms
[2020-01-29T22:43:17.041+0300][129.881s][info][gc] GC(1388) Pause Young (Allocation Failure) 92M->92M(228M) 107.801ms
[2020-01-29T22:43:17.161+0300][130.001s][info][gc] GC(1389) Pause Young (Allocation Failure) 121M->122M(228M) 116.587ms
[2020-01-29T22:43:17.299+0300][130.140s][info][gc] GC(1390) Pause Young (Allocation Failure) 170M->170M(228M) 124.164ms
[2020-01-29T22:43:17.376+0300][130.216s][info][gc] GC(1391) Pause Full (Ergonomics) 170M->36M(228M) 76.551ms
[2020-01-29T22:43:17.443+0300][130.283s][info][gc] GC(1392) Pause Young (Allocation Failure) 65M->65M(228M) 62.452ms
[2020-01-29T22:43:17.558+0300][130.397s][info][gc] GC(1393) Pause Young (Allocation Failure) 94M->94M(228M) 110.998ms
[2020-01-29T22:43:17.676+0300][130.517s][info][gc] GC(1394) Pause Young (Allocation Failure) 123M->123M(228M) 115.701ms
[2020-01-29T22:43:17.775+0300][130.615s][info][gc] GC(1395) Pause Young (Allocation Failure) 171M->171M(228M) 83.872ms
[2020-01-29T22:43:17.842+0300][130.682s][info][gc] GC(1396) Pause Full (Ergonomics) 171M->37M(228M) 67.232ms
[2020-01-29T22:43:17.909+0300][130.749s][info][gc] GC(1397) Pause Young (Allocation Failure) 66M->66M(228M) 62.512ms
[2020-01-29T22:43:18.024+0300][130.865s][info][gc] GC(1398) Pause Young (Allocation Failure) 95M->95M(228M) 112.562ms
[2020-01-29T22:43:18.153+0300][130.993s][info][gc] GC(1399) Pause Young (Allocation Failure) 124M->124M(228M) 124.452ms
[2020-01-29T22:43:18.238+0300][131.078s][info][gc] GC(1400) Pause Young (Allocation Failure) 172M->172M(228M) 70.786ms
[2020-01-29T22:43:18.305+0300][131.145s][info][gc] GC(1401) Pause Full (Ergonomics) 172M->38M(228M) 66.609ms
[2020-01-29T22:43:18.368+0300][131.209s][info][gc] GC(1402) Pause Young (Allocation Failure) 67M->67M(228M) 60.216ms
[2020-01-29T22:43:18.485+0300][131.326s][info][gc] GC(1403) Pause Young (Allocation Failure) 96M->96M(228M) 113.396ms
[2020-01-29T22:43:18.608+0300][131.448s][info][gc] GC(1404) Pause Young (Allocation Failure) 125M->125M(228M) 118.745ms
[2020-01-29T22:43:18.694+0300][131.533s][info][gc] GC(1405) Pause Young (Allocation Failure) 173M->173M(228M) 69.860ms
[2020-01-29T22:43:18.767+0300][131.607s][info][gc] GC(1406) Pause Full (Ergonomics) 173M->39M(228M) 73.831ms
[2020-01-29T22:43:18.831+0300][131.671s][info][gc] GC(1407) Pause Young (Allocation Failure) 68M->68M(228M) 59.801ms
[2020-01-29T22:43:18.948+0300][131.788s][info][gc] GC(1408) Pause Young (Allocation Failure) 97M->97M(228M) 113.672ms
[2020-01-29T22:43:19.064+0300][131.904s][info][gc] GC(1409) Pause Young (Allocation Failure) 126M->126M(228M) 112.153ms
[2020-01-29T22:43:19.157+0300][131.997s][info][gc] GC(1410) Pause Young (Allocation Failure) 155M->156M(228M) 80.620ms
[2020-01-29T22:43:19.167+0300][132.007s][info][gc] GC(1411) Pause Full (Ergonomics) 156M->22M(228M) 10.113ms
[2020-01-29T22:43:19.232+0300][132.072s][info][gc] GC(1412) Pause Young (Allocation Failure) 51M->51M(228M) 61.535ms
[2020-01-29T22:43:19.362+0300][132.202s][info][gc] GC(1413) Pause Young (Allocation Failure) 80M->80M(228M) 126.307ms
[2020-01-29T22:43:19.474+0300][132.313s][info][gc] GC(1414) Pause Young (Allocation Failure) 109M->109M(228M) 107.843ms
[2020-01-29T22:43:19.604+0300][132.443s][info][gc] GC(1415) Pause Young (Allocation Failure) 157M->157M(228M) 114.218ms
[2020-01-29T22:43:19.626+0300][132.465s][info][gc] GC(1416) Pause Full (Ergonomics) 157M->23M(228M) 21.748ms
[2020-01-29T22:43:19.688+0300][132.528s][info][gc] GC(1417) Pause Young (Allocation Failure) 52M->52M(228M) 59.354ms
[2020-01-29T22:43:19.822+0300][132.663s][info][gc] GC(1418) Pause Young (Allocation Failure) 81M->81M(228M) 130.753ms
[2020-01-29T22:43:19.938+0300][132.778s][info][gc] GC(1419) Pause Young (Allocation Failure) 110M->110M(228M) 111.783ms
[2020-01-29T22:43:20.056+0300][132.897s][info][gc] GC(1420) Pause Young (Allocation Failure) 158M->158M(228M) 103.378ms
[2020-01-29T22:43:20.078+0300][132.918s][info][gc] GC(1421) Pause Full (Ergonomics) 158M->24M(228M) 21.286ms
[2020-01-29T22:43:20.139+0300][132.979s][info][gc] GC(1422) Pause Young (Allocation Failure) 53M->53M(228M) 57.519ms
[2020-01-29T22:43:20.250+0300][133.090s][info][gc] GC(1423) Pause Young (Allocation Failure) 82M->82M(228M) 106.998ms
[2020-01-29T22:43:20.370+0300][133.210s][info][gc] GC(1424) Pause Young (Allocation Failure) 111M->111M(228M) 115.839ms
[2020-01-29T22:43:20.485+0300][133.325s][info][gc] GC(1425) Pause Young (Allocation Failure) 159M->159M(228M) 101.038ms
[2020-01-29T22:43:20.512+0300][133.353s][info][gc] GC(1426) Pause Full (Ergonomics) 159M->25M(228M) 27.170ms
[2020-01-29T22:43:20.574+0300][133.414s][info][gc] GC(1427) Pause Young (Allocation Failure) 54M->54M(228M) 57.938ms
[2020-01-29T22:43:20.690+0300][133.529s][info][gc] GC(1428) Pause Young (Allocation Failure) 83M->83M(228M) 111.368ms
[2020-01-29T22:43:20.808+0300][133.648s][info][gc] GC(1429) Pause Young (Allocation Failure) 112M->112M(228M) 113.332ms
[2020-01-29T22:43:20.922+0300][133.762s][info][gc] GC(1430) Pause Young (Allocation Failure) 160M->160M(228M) 98.894ms
[2020-01-29T22:43:20.953+0300][133.793s][info][gc] GC(1431) Pause Full (Ergonomics) 160M->26M(228M) 30.981ms
[2020-01-29T22:43:21.023+0300][133.863s][info][gc] GC(1432) Pause Young (Allocation Failure) 55M->56M(228M) 66.518ms
[2020-01-29T22:43:21.137+0300][133.976s][info][gc] GC(1433) Pause Young (Allocation Failure) 85M->85M(228M) 109.254ms
[2020-01-29T22:43:21.254+0300][134.095s][info][gc] GC(1434) Pause Young (Allocation Failure) 114M->114M(228M) 114.329ms
[2020-01-29T22:43:21.364+0300][134.204s][info][gc] GC(1435) Pause Young (Allocation Failure) 162M->162M(228M) 94.771ms
[2020-01-29T22:43:21.401+0300][134.241s][info][gc] GC(1436) Pause Full (Ergonomics) 162M->28M(228M) 36.664ms
[2020-01-29T22:43:21.465+0300][134.305s][info][gc] GC(1437) Pause Young (Allocation Failure) 57M->57M(228M) 60.445ms
[2020-01-29T22:43:21.610+0300][134.451s][info][gc] GC(1438) Pause Young (Allocation Failure) 86M->86M(228M) 141.803ms
[2020-01-29T22:43:21.729+0300][134.569s][info][gc] GC(1439) Pause Young (Allocation Failure) 115M->115M(228M) 114.442ms
[2020-01-29T22:43:21.833+0300][134.672s][info][gc] GC(1440) Pause Young (Allocation Failure) 163M->163M(228M) 89.109ms
[2020-01-29T22:43:21.871+0300][134.710s][info][gc] GC(1441) Pause Full (Ergonomics) 163M->29M(228M) 37.866ms
[2020-01-29T22:43:21.933+0300][134.773s][info][gc] GC(1442) Pause Young (Allocation Failure) 58M->58M(228M) 58.477ms
[2020-01-29T22:43:22.056+0300][134.896s][info][gc] GC(1443) Pause Young (Allocation Failure) 87M->87M(228M) 119.779ms
[2020-01-29T22:43:22.173+0300][135.013s][info][gc] GC(1444) Pause Young (Allocation Failure) 116M->116M(228M) 113.186ms
[2020-01-29T22:43:22.283+0300][135.123s][info][gc] GC(1445) Pause Young (Allocation Failure) 164M->164M(228M) 94.746ms
[2020-01-29T22:43:22.329+0300][135.170s][info][gc] GC(1446) Pause Full (Ergonomics) 164M->30M(228M) 46.544ms
[2020-01-29T22:43:22.407+0300][135.247s][info][gc] GC(1447) Pause Young (Allocation Failure) 59M->59M(228M) 74.051ms
[2020-01-29T22:43:22.520+0300][135.360s][info][gc] GC(1448) Pause Young (Allocation Failure) 88M->88M(228M) 108.967ms
[2020-01-29T22:43:22.633+0300][135.472s][info][gc] GC(1449) Pause Young (Allocation Failure) 117M->117M(228M) 108.264ms
[2020-01-29T22:43:22.782+0300][135.622s][info][gc] GC(1450) Pause Young (Allocation Failure) 165M->165M(228M) 134.423ms
[2020-01-29T22:43:22.845+0300][135.684s][info][gc] GC(1451) Pause Full (Ergonomics) 165M->31M(228M) 62.751ms
[2020-01-29T22:43:22.910+0300][135.750s][info][gc] GC(1452) Pause Young (Allocation Failure) 60M->60M(228M) 61.616ms
[2020-01-29T22:43:23.028+0300][135.868s][info][gc] GC(1453) Pause Young (Allocation Failure) 89M->89M(228M) 114.605ms
[2020-01-29T22:43:23.160+0300][136.000s][info][gc] GC(1454) Pause Young (Allocation Failure) 118M->119M(228M) 128.375ms
[2020-01-29T22:43:23.255+0300][136.095s][info][gc] GC(1455) Pause Young (Allocation Failure) 167M->167M(228M) 81.459ms
[2020-01-29T22:43:23.310+0300][136.150s][info][gc] GC(1456) Pause Full (Ergonomics) 167M->33M(228M) 54.664ms
[2020-01-29T22:43:23.375+0300][136.214s][info][gc] GC(1457) Pause Young (Allocation Failure) 62M->62M(228M) 60.177ms
[2020-01-29T22:43:23.489+0300][136.329s][info][gc] GC(1458) Pause Young (Allocation Failure) 91M->91M(228M) 111.133ms
[2020-01-29T22:43:23.619+0300][136.459s][info][gc] GC(1459) Pause Young (Allocation Failure) 120M->120M(228M) 126.002ms
[2020-01-29T22:43:23.755+0300][136.595s][info][gc] GC(1460) Pause Young (Allocation Failure) 168M->168M(228M) 121.244ms
[2020-01-29T22:43:23.829+0300][136.670s][info][gc] GC(1461) Pause Full (Ergonomics) 168M->34M(228M) 74.649ms
[2020-01-29T22:43:23.894+0300][136.734s][info][gc] GC(1462) Pause Young (Allocation Failure) 63M->63M(228M) 59.760ms
[2020-01-29T22:43:24.013+0300][136.853s][info][gc] GC(1463) Pause Young (Allocation Failure) 92M->92M(228M) 115.065ms
[2020-01-29T22:43:24.133+0300][136.972s][info][gc] GC(1464) Pause Young (Allocation Failure) 121M->121M(228M) 115.533ms
[2020-01-29T22:43:24.226+0300][137.066s][info][gc] GC(1465) Pause Young (Allocation Failure) 169M->169M(228M) 79.527ms
[2020-01-29T22:43:24.287+0300][137.127s][info][gc] GC(1466) Pause Full (Ergonomics) 169M->35M(228M) 60.705ms
[2020-01-29T22:43:24.350+0300][137.190s][info][gc] GC(1467) Pause Young (Allocation Failure) 64M->64M(228M) 59.065ms
[2020-01-29T22:43:24.463+0300][137.303s][info][gc] GC(1468) Pause Young (Allocation Failure) 93M->93M(228M) 108.837ms
[2020-01-29T22:43:24.591+0300][137.431s][info][gc] GC(1469) Pause Young (Allocation Failure) 122M->122M(228M) 123.811ms
[2020-01-29T22:43:24.683+0300][137.523s][info][gc] GC(1470) Pause Young (Allocation Failure) 170M->170M(228M) 75.129ms
[2020-01-29T22:43:24.747+0300][137.587s][info][gc] GC(1471) Pause Full (Ergonomics) 170M->36M(228M) 63.657ms
[2020-01-29T22:43:24.807+0300][137.648s][info][gc] GC(1472) Pause Young (Allocation Failure) 65M->65M(228M) 57.146ms
[2020-01-29T22:43:24.922+0300][137.762s][info][gc] GC(1473) Pause Young (Allocation Failure) 94M->94M(228M) 110.482ms
[2020-01-29T22:43:25.052+0300][137.892s][info][gc] GC(1474) Pause Young (Allocation Failure) 123M->124M(228M) 126.490ms
[2020-01-29T22:43:25.198+0300][138.038s][info][gc] GC(1475) Pause Young (Allocation Failure) 172M->172M(228M) 131.426ms
[2020-01-29T22:43:25.297+0300][138.137s][info][gc] GC(1476) Pause Full (Ergonomics) 172M->38M(228M) 98.481ms
[2020-01-29T22:43:25.369+0300][138.209s][info][gc] GC(1477) Pause Young (Allocation Failure) 67M->67M(228M) 67.740ms
[2020-01-29T22:43:25.478+0300][138.318s][info][gc] GC(1478) Pause Young (Allocation Failure) 96M->96M(228M) 104.803ms
[2020-01-29T22:43:25.601+0300][138.441s][info][gc] GC(1479) Pause Young (Allocation Failure) 125M->125M(228M) 119.971ms
[2020-01-29T22:43:25.699+0300][138.539s][info][gc] GC(1480) Pause Young (Allocation Failure) 173M->173M(228M) 65.586ms
[2020-01-29T22:43:25.764+0300][138.604s][info][gc] GC(1481) Pause Full (Ergonomics) 173M->39M(228M) 64.895ms
[2020-01-29T22:43:25.828+0300][138.668s][info][gc] GC(1482) Pause Young (Allocation Failure) 68M->68M(228M) 60.054ms
[2020-01-29T22:43:25.946+0300][138.787s][info][gc] GC(1483) Pause Young (Allocation Failure) 97M->97M(228M) 114.700ms
[2020-01-29T22:43:26.085+0300][138.925s][info][gc] GC(1484) Pause Young (Allocation Failure) 126M->126M(228M) 135.202ms
[2020-01-29T22:43:26.171+0300][139.011s][info][gc] GC(1485) Pause Young (Allocation Failure) 174M->174M(228M) 69.776ms
[2020-01-29T22:43:26.256+0300][139.096s][info][gc] GC(1486) Pause Full (Ergonomics) 174M->40M(228M) 85.728ms
[2020-01-29T22:43:26.333+0300][139.173s][info][gc] GC(1487) Pause Young (Allocation Failure) 69M->69M(228M) 73.184ms
[2020-01-29T22:43:26.447+0300][139.287s][info][gc] GC(1488) Pause Young (Allocation Failure) 98M->98M(228M) 109.320ms
[2020-01-29T22:43:26.558+0300][139.398s][info][gc] GC(1489) Pause Young (Allocation Failure) 127M->127M(228M) 107.174ms
[2020-01-29T22:43:26.648+0300][139.488s][info][gc] GC(1490) Pause Young (Allocation Failure) 156M->156M(228M) 76.765ms
[2020-01-29T22:43:26.663+0300][139.503s][info][gc] GC(1491) Pause Full (Ergonomics) 156M->22M(228M) 15.020ms
[2020-01-29T22:43:26.745+0300][139.585s][info][gc] GC(1492) Pause Young (Allocation Failure) 51M->51M(228M) 78.607ms
[2020-01-29T22:43:26.860+0300][139.700s][info][gc] GC(1493) Pause Young (Allocation Failure) 80M->80M(228M) 110.992ms
[2020-01-29T22:43:26.978+0300][139.817s][info][gc] GC(1494) Pause Young (Allocation Failure) 109M->109M(228M) 112.541ms
[2020-01-29T22:43:27.102+0300][139.941s][info][gc] GC(1495) Pause Young (Allocation Failure) 157M->158M(228M) 108.878ms
[2020-01-29T22:43:27.121+0300][139.961s][info][gc] GC(1496) Pause Full (Ergonomics) 158M->24M(228M) 19.770ms
[2020-01-29T22:43:27.192+0300][140.032s][info][gc] GC(1497) Pause Young (Allocation Failure) 53M->53M(228M) 66.669ms
[2020-01-29T22:43:27.307+0300][140.147s][info][gc] GC(1498) Pause Young (Allocation Failure) 82M->82M(228M) 111.396ms
[2020-01-29T22:43:27.440+0300][140.280s][info][gc] GC(1499) Pause Young (Allocation Failure) 111M->111M(228M) 126.023ms
[2020-01-29T22:43:27.553+0300][140.393s][info][gc] GC(1500) Pause Young (Allocation Failure) 159M->159M(228M) 98.312ms
[2020-01-29T22:43:27.577+0300][140.417s][info][gc] GC(1501) Pause Full (Ergonomics) 159M->25M(228M) 23.938ms
[2020-01-29T22:43:27.635+0300][140.476s][info][gc] GC(1502) Pause Young (Allocation Failure) 54M->54M(228M) 54.803ms
[2020-01-29T22:43:27.749+0300][140.589s][info][gc] GC(1503) Pause Young (Allocation Failure) 83M->83M(228M) 109.508ms
[2020-01-29T22:43:27.890+0300][140.730s][info][gc] GC(1504) Pause Young (Allocation Failure) 112M->112M(228M) 136.769ms
[2020-01-29T22:43:27.998+0300][140.839s][info][gc] GC(1505) Pause Young (Allocation Failure) 160M->160M(228M) 93.911ms
[2020-01-29T22:43:28.027+0300][140.867s][info][gc] GC(1506) Pause Full (Ergonomics) 160M->26M(228M) 28.557ms
[2020-01-29T22:43:28.091+0300][140.931s][info][gc] GC(1507) Pause Young (Allocation Failure) 55M->55M(228M) 60.119ms
[2020-01-29T22:43:28.201+0300][141.040s][info][gc] GC(1508) Pause Young (Allocation Failure) 84M->84M(228M) 105.850ms
[2020-01-29T22:43:28.315+0300][141.154s][info][gc] GC(1509) Pause Young (Allocation Failure) 113M->113M(228M) 110.024ms
[2020-01-29T22:43:28.436+0300][141.276s][info][gc] GC(1510) Pause Young (Allocation Failure) 161M->161M(228M) 107.551ms
[2020-01-29T22:43:28.470+0300][141.310s][info][gc] GC(1511) Pause Full (Ergonomics) 161M->27M(228M) 34.108ms
[2020-01-29T22:43:28.535+0300][141.375s][info][gc] GC(1512) Pause Young (Allocation Failure) 56M->56M(228M) 60.715ms
[2020-01-29T22:43:28.650+0300][141.490s][info][gc] GC(1513) Pause Young (Allocation Failure) 85M->85M(228M) 111.570ms
[2020-01-29T22:43:28.762+0300][141.602s][info][gc] GC(1514) Pause Young (Allocation Failure) 114M->114M(228M) 108.429ms
[2020-01-29T22:43:28.880+0300][141.721s][info][gc] GC(1515) Pause Young (Allocation Failure) 162M->162M(228M) 103.017ms
[2020-01-29T22:43:28.918+0300][141.758s][info][gc] GC(1516) Pause Full (Ergonomics) 162M->29M(228M) 37.463ms
[2020-01-29T22:43:28.981+0300][141.821s][info][gc] GC(1517) Pause Young (Allocation Failure) 58M->58M(228M) 58.884ms
[2020-01-29T22:43:29.107+0300][141.948s][info][gc] GC(1518) Pause Young (Allocation Failure) 87M->87M(228M) 123.139ms
[2020-01-29T22:43:29.226+0300][142.066s][info][gc] GC(1519) Pause Young (Allocation Failure) 116M->116M(228M) 114.917ms
[2020-01-29T22:43:29.332+0300][142.172s][info][gc] GC(1520) Pause Young (Allocation Failure) 164M->164M(228M) 91.279ms
[2020-01-29T22:43:29.378+0300][142.217s][info][gc] GC(1521) Pause Full (Ergonomics) 164M->30M(228M) 45.710ms
[2020-01-29T22:43:29.441+0300][142.281s][info][gc] GC(1522) Pause Young (Allocation Failure) 59M->59M(228M) 59.776ms
[2020-01-29T22:43:29.557+0300][142.397s][info][gc] GC(1523) Pause Young (Allocation Failure) 88M->88M(228M) 112.412ms
[2020-01-29T22:43:29.671+0300][142.512s][info][gc] GC(1524) Pause Young (Allocation Failure) 117M->117M(228M) 110.845ms
[2020-01-29T22:43:29.770+0300][142.610s][info][gc] GC(1525) Pause Young (Allocation Failure) 165M->165M(228M) 83.424ms
[2020-01-29T22:43:29.821+0300][142.661s][info][gc] GC(1526) Pause Full (Ergonomics) 165M->31M(228M) 50.340ms
[2020-01-29T22:43:29.885+0300][142.725s][info][gc] GC(1527) Pause Young (Allocation Failure) 60M->60M(228M) 60.495ms
[2020-01-29T22:43:29.997+0300][142.837s][info][gc] GC(1528) Pause Young (Allocation Failure) 89M->89M(228M) 103.278ms
[2020-01-29T22:43:30.117+0300][142.956s][info][gc] GC(1529) Pause Young (Allocation Failure) 118M->118M(228M) 116.175ms
[2020-01-29T22:43:30.214+0300][143.054s][info][gc] GC(1530) Pause Young (Allocation Failure) 166M->166M(228M) 82.282ms
[2020-01-29T22:43:30.264+0300][143.105s][info][gc] GC(1531) Pause Full (Ergonomics) 166M->32M(228M) 50.916ms
[2020-01-29T22:43:30.326+0300][143.166s][info][gc] GC(1532) Pause Young (Allocation Failure) 61M->61M(228M) 57.971ms
[2020-01-29T22:43:30.436+0300][143.277s][info][gc] GC(1533) Pause Young (Allocation Failure) 90M->90M(228M) 106.704ms
[2020-01-29T22:43:30.559+0300][143.399s][info][gc] GC(1534) Pause Young (Allocation Failure) 119M->119M(228M) 119.096ms
[2020-01-29T22:43:30.653+0300][143.493s][info][gc] GC(1535) Pause Young (Allocation Failure) 167M->167M(228M) 78.105ms
[2020-01-29T22:43:30.709+0300][143.548s][info][gc] GC(1536) Pause Full (Ergonomics) 167M->33M(228M) 55.123ms
[2020-01-29T22:43:30.774+0300][143.613s][info][gc] GC(1537) Pause Young (Allocation Failure) 62M->62M(228M) 61.158ms
[2020-01-29T22:43:30.892+0300][143.732s][info][gc] GC(1538) Pause Young (Allocation Failure) 91M->92M(228M) 115.261ms
[2020-01-29T22:43:31.007+0300][143.847s][info][gc] GC(1539) Pause Young (Allocation Failure) 121M->121M(228M) 110.843ms
[2020-01-29T22:43:31.099+0300][143.939s][info][gc] GC(1540) Pause Young (Allocation Failure) 169M->169M(228M) 76.616ms
[2020-01-29T22:43:31.159+0300][143.999s][info][gc] GC(1541) Pause Full (Ergonomics) 169M->35M(228M) 60.591ms
[2020-01-29T22:43:31.223+0300][144.063s][info][gc] GC(1542) Pause Young (Allocation Failure) 64M->64M(228M) 60.597ms
[2020-01-29T22:43:31.341+0300][144.180s][info][gc] GC(1543) Pause Young (Allocation Failure) 93M->93M(228M) 113.226ms
[2020-01-29T22:43:31.454+0300][144.294s][info][gc] GC(1544) Pause Young (Allocation Failure) 122M->122M(228M) 109.873ms
[2020-01-29T22:43:31.548+0300][144.389s][info][gc] GC(1545) Pause Young (Allocation Failure) 170M->170M(228M) 80.075ms
[2020-01-29T22:43:31.614+0300][144.454s][info][gc] GC(1546) Pause Full (Ergonomics) 170M->36M(228M) 65.018ms
[2020-01-29T22:43:31.678+0300][144.519s][info][gc] GC(1547) Pause Young (Allocation Failure) 65M->65M(228M) 60.700ms
[2020-01-29T22:43:31.797+0300][144.637s][info][gc] GC(1548) Pause Young (Allocation Failure) 94M->94M(228M) 114.482ms
[2020-01-29T22:43:31.922+0300][144.762s][info][gc] GC(1549) Pause Young (Allocation Failure) 123M->123M(228M) 120.630ms
[2020-01-29T22:43:32.057+0300][144.897s][info][gc] GC(1550) Pause Young (Allocation Failure) 171M->171M(228M) 120.252ms
[2020-01-29T22:43:32.140+0300][144.980s][info][gc] GC(1551) Pause Full (Ergonomics) 171M->37M(228M) 82.782ms
[2020-01-29T22:43:32.206+0300][145.045s][info][gc] GC(1552) Pause Young (Allocation Failure) 66M->66M(228M) 61.311ms
[2020-01-29T22:43:32.330+0300][145.170s][info][gc] GC(1553) Pause Young (Allocation Failure) 95M->95M(228M) 120.943ms
[2020-01-29T22:43:32.449+0300][145.288s][info][gc] GC(1554) Pause Young (Allocation Failure) 124M->124M(228M) 114.790ms
[2020-01-29T22:43:32.533+0300][145.374s][info][gc] GC(1555) Pause Young (Allocation Failure) 172M->172M(228M) 70.248ms
[2020-01-29T22:43:32.597+0300][145.437s][info][gc] GC(1556) Pause Full (Ergonomics) 172M->39M(228M) 63.579ms
[2020-01-29T22:43:32.676+0300][145.516s][info][gc] GC(1557) Pause Young (Allocation Failure) 68M->67M(228M) 74.813ms
[2020-01-29T22:43:32.793+0300][145.632s][info][gc] GC(1558) Pause Young (Allocation Failure) 96M->96M(228M) 112.637ms
[2020-01-29T22:43:32.909+0300][145.750s][info][gc] GC(1559) Pause Young (Allocation Failure) 125M->126M(228M) 114.026ms
[2020-01-29T22:43:33.043+0300][145.883s][info][gc] GC(1560) Pause Young (Allocation Failure) 174M->174M(228M) 118.100ms
[2020-01-29T22:43:33.133+0300][145.973s][info][gc] GC(1561) Pause Full (Ergonomics) 174M->40M(228M) 89.702ms
[2020-01-29T22:43:33.198+0300][146.037s][info][gc] GC(1562) Pause Young (Allocation Failure) 69M->69M(228M) 61.053ms
[2020-01-29T22:43:33.313+0300][146.154s][info][gc] GC(1563) Pause Young (Allocation Failure) 98M->98M(228M) 112.725ms
[2020-01-29T22:43:33.420+0300][146.260s][info][gc] GC(1564) Pause Young (Allocation Failure) 127M->127M(228M) 103.176ms
[2020-01-29T22:43:33.511+0300][146.351s][info][gc] GC(1565) Pause Young (Allocation Failure) 156M->156M(228M) 77.229ms
[2020-01-29T22:43:33.523+0300][146.363s][info][gc] GC(1566) Pause Full (Ergonomics) 156M->22M(228M) 11.936ms
[2020-01-29T22:43:33.588+0300][146.428s][info][gc] GC(1567) Pause Young (Allocation Failure) 51M->51M(228M) 61.656ms
[2020-01-29T22:43:33.704+0300][146.544s][info][gc] GC(1568) Pause Young (Allocation Failure) 80M->80M(228M) 112.304ms
[2020-01-29T22:43:33.819+0300][146.659s][info][gc] GC(1569) Pause Young (Allocation Failure) 109M->109M(228M) 111.522ms
[2020-01-29T22:43:33.936+0300][146.776s][info][gc] GC(1570) Pause Young (Allocation Failure) 157M->157M(228M) 101.722ms
[2020-01-29T22:43:33.956+0300][146.796s][info][gc] GC(1571) Pause Full (Ergonomics) 157M->23M(228M) 19.915ms
[2020-01-29T22:43:34.017+0300][146.858s][info][gc] GC(1572) Pause Young (Allocation Failure) 52M->52M(228M) 57.975ms
[2020-01-29T22:43:34.134+0300][146.974s][info][gc] GC(1573) Pause Young (Allocation Failure) 81M->81M(228M) 112.929ms
[2020-01-29T22:43:34.241+0300][147.081s][info][gc] GC(1574) Pause Young (Allocation Failure) 110M->110M(228M) 103.238ms
[2020-01-29T22:43:34.376+0300][147.216s][info][gc] GC(1575) Pause Young (Allocation Failure) 158M->158M(228M) 120.383ms
[2020-01-29T22:43:34.408+0300][147.248s][info][gc] GC(1576) Pause Full (Ergonomics) 158M->24M(228M) 32.254ms
[2020-01-29T22:43:34.473+0300][147.313s][info][gc] GC(1577) Pause Young (Allocation Failure) 53M->53M(228M) 61.464ms
[2020-01-29T22:43:34.588+0300][147.428s][info][gc] GC(1578) Pause Young (Allocation Failure) 82M->82M(228M) 110.845ms
[2020-01-29T22:43:34.704+0300][147.544s][info][gc] GC(1579) Pause Young (Allocation Failure) 111M->111M(228M) 111.807ms
[2020-01-29T22:43:34.818+0300][147.658s][info][gc] GC(1580) Pause Young (Allocation Failure) 160M->160M(228M) 99.916ms
[2020-01-29T22:43:34.845+0300][147.685s][info][gc] GC(1581) Pause Full (Ergonomics) 160M->26M(228M) 26.808ms
[2020-01-29T22:43:34.910+0300][147.749s][info][gc] GC(1582) Pause Young (Allocation Failure) 55M->55M(228M) 60.746ms
[2020-01-29T22:43:35.016+0300][147.856s][info][gc] GC(1583) Pause Young (Allocation Failure) 84M->84M(228M) 102.882ms
[2020-01-29T22:43:35.126+0300][147.966s][info][gc] GC(1584) Pause Young (Allocation Failure) 113M->113M(228M) 106.576ms
[2020-01-29T22:43:35.238+0300][148.078s][info][gc] GC(1585) Pause Young (Allocation Failure) 161M->161M(228M) 96.848ms
[2020-01-29T22:43:35.269+0300][148.109s][info][gc] GC(1586) Pause Full (Ergonomics) 161M->27M(228M) 31.030ms
[2020-01-29T22:43:35.332+0300][148.173s][info][gc] GC(1587) Pause Young (Allocation Failure) 56M->56M(228M) 60.130ms
[2020-01-29T22:43:35.449+0300][148.289s][info][gc] GC(1588) Pause Young (Allocation Failure) 85M->85M(228M) 112.437ms
[2020-01-29T22:43:35.561+0300][148.401s][info][gc] GC(1589) Pause Young (Allocation Failure) 114M->114M(228M) 108.400ms
[2020-01-29T22:43:35.694+0300][148.534s][info][gc] GC(1590) Pause Young (Allocation Failure) 162M->162M(228M) 118.302ms
[2020-01-29T22:43:35.739+0300][148.579s][info][gc] GC(1591) Pause Full (Ergonomics) 162M->28M(228M) 45.218ms
[2020-01-29T22:43:35.798+0300][148.638s][info][gc] GC(1592) Pause Young (Allocation Failure) 57M->57M(228M) 55.184ms
[2020-01-29T22:43:35.908+0300][148.748s][info][gc] GC(1593) Pause Young (Allocation Failure) 86M->86M(228M) 106.011ms
[2020-01-29T22:43:36.034+0300][148.873s][info][gc] GC(1594) Pause Young (Allocation Failure) 115M->115M(228M) 121.689ms
[2020-01-29T22:43:36.139+0300][148.980s][info][gc] GC(1595) Pause Young (Allocation Failure) 163M->163M(228M) 91.843ms
[2020-01-29T22:43:36.179+0300][149.020s][info][gc] GC(1596) Pause Full (Ergonomics) 163M->29M(228M) 39.896ms
[2020-01-29T22:43:36.243+0300][149.083s][info][gc] GC(1597) Pause Young (Allocation Failure) 58M->58M(228M) 60.033ms
[2020-01-29T22:43:36.357+0300][149.197s][info][gc] GC(1598) Pause Young (Allocation Failure) 87M->87M(228M) 109.841ms
[2020-01-29T22:43:36.466+0300][149.307s][info][gc] GC(1599) Pause Young (Allocation Failure) 116M->116M(228M) 106.405ms
[2020-01-29T22:43:36.570+0300][149.410s][info][gc] GC(1600) Pause Young (Allocation Failure) 165M->165M(228M) 87.942ms
[2020-01-29T22:43:36.618+0300][149.458s][info][gc] GC(1601) Pause Full (Ergonomics) 165M->31M(228M) 48.475ms
[2020-01-29T22:43:36.684+0300][149.524s][info][gc] GC(1602) Pause Young (Allocation Failure) 60M->60M(228M) 61.957ms
[2020-01-29T22:43:36.801+0300][149.642s][info][gc] GC(1603) Pause Young (Allocation Failure) 89M->89M(228M) 114.157ms
[2020-01-29T22:43:36.914+0300][149.754s][info][gc] GC(1604) Pause Young (Allocation Failure) 118M->118M(228M) 108.385ms
[2020-01-29T22:43:37.013+0300][149.853s][info][gc] GC(1605) Pause Young (Allocation Failure) 166M->166M(228M) 84.179ms
[2020-01-29T22:43:37.064+0300][149.904s][info][gc] GC(1606) Pause Full (Ergonomics) 166M->32M(228M) 51.173ms
[2020-01-29T22:43:37.128+0300][149.968s][info][gc] GC(1607) Pause Young (Allocation Failure) 61M->61M(228M) 59.770ms
[2020-01-29T22:43:37.244+0300][150.084s][info][gc] GC(1608) Pause Young (Allocation Failure) 90M->90M(228M) 113.163ms
[2020-01-29T22:43:37.362+0300][150.203s][info][gc] GC(1609) Pause Young (Allocation Failure) 119M->119M(228M) 114.785ms
[2020-01-29T22:43:37.459+0300][150.299s][info][gc] GC(1610) Pause Young (Allocation Failure) 167M->167M(228M) 81.601ms
[2020-01-29T22:43:37.514+0300][150.354s][info][gc] GC(1611) Pause Full (Ergonomics) 167M->33M(228M) 55.134ms
[2020-01-29T22:43:37.578+0300][150.418s][info][gc] GC(1612) Pause Young (Allocation Failure) 62M->62M(228M) 60.437ms
[2020-01-29T22:43:37.691+0300][150.531s][info][gc] GC(1613) Pause Young (Allocation Failure) 91M->91M(228M) 109.011ms
[2020-01-29T22:43:37.808+0300][150.647s][info][gc] GC(1614) Pause Young (Allocation Failure) 120M->120M(228M) 112.800ms
[2020-01-29T22:43:37.901+0300][150.741s][info][gc] GC(1615) Pause Young (Allocation Failure) 168M->168M(228M) 78.590ms
[2020-01-29T22:43:37.962+0300][150.802s][info][gc] GC(1616) Pause Full (Ergonomics) 168M->34M(228M) 60.570ms
[2020-01-29T22:43:38.026+0300][150.866s][info][gc] GC(1617) Pause Young (Allocation Failure) 63M->63M(228M) 60.352ms
[2020-01-29T22:43:38.141+0300][150.982s][info][gc] GC(1618) Pause Young (Allocation Failure) 92M->92M(228M) 111.712ms
[2020-01-29T22:43:38.258+0300][151.098s][info][gc] GC(1619) Pause Young (Allocation Failure) 121M->121M(228M) 112.619ms
[2020-01-29T22:43:38.348+0300][151.188s][info][gc] GC(1620) Pause Young (Allocation Failure) 169M->170M(228M) 75.534ms
[2020-01-29T22:43:38.413+0300][151.253s][info][gc] GC(1621) Pause Full (Ergonomics) 170M->36M(228M) 64.558ms
[2020-01-29T22:43:38.478+0300][151.319s][info][gc] GC(1622) Pause Young (Allocation Failure) 65M->65M(228M) 61.974ms
[2020-01-29T22:43:38.594+0300][151.434s][info][gc] GC(1623) Pause Young (Allocation Failure) 94M->94M(228M) 112.056ms
[2020-01-29T22:43:38.707+0300][151.547s][info][gc] GC(1624) Pause Young (Allocation Failure) 123M->123M(228M) 109.188ms
[2020-01-29T22:43:38.796+0300][151.636s][info][gc] GC(1625) Pause Young (Allocation Failure) 171M->171M(228M) 74.582ms
[2020-01-29T22:43:38.866+0300][151.706s][info][gc] GC(1626) Pause Full (Ergonomics) 171M->37M(228M) 69.688ms
[2020-01-29T22:43:38.932+0300][151.772s][info][gc] GC(1627) Pause Young (Allocation Failure) 66M->66M(228M) 62.603ms
[2020-01-29T22:43:39.041+0300][151.881s][info][gc] GC(1628) Pause Young (Allocation Failure) 95M->95M(228M) 104.933ms
[2020-01-29T22:43:39.163+0300][152.003s][info][gc] GC(1629) Pause Young (Allocation Failure) 124M->124M(228M) 118.312ms
[2020-01-29T22:43:39.249+0300][152.089s][info][gc] GC(1630) Pause Young (Allocation Failure) 172M->172M(228M) 71.615ms
[2020-01-29T22:43:39.321+0300][152.161s][info][gc] GC(1631) Pause Full (Ergonomics) 172M->38M(228M) 71.785ms
[2020-01-29T22:43:39.389+0300][152.229s][info][gc] GC(1632) Pause Young (Allocation Failure) 67M->67M(228M) 63.888ms
[2020-01-29T22:43:39.504+0300][152.344s][info][gc] GC(1633) Pause Young (Allocation Failure) 96M->96M(228M) 111.373ms
[2020-01-29T22:43:39.626+0300][152.467s][info][gc] GC(1634) Pause Young (Allocation Failure) 125M->125M(228M) 118.480ms
[2020-01-29T22:43:39.711+0300][152.552s][info][gc] GC(1635) Pause Young (Allocation Failure) 173M->173M(228M) 69.700ms
[2020-01-29T22:43:39.785+0300][152.625s][info][gc] GC(1636) Pause Full (Ergonomics) 173M->39M(228M) 73.631ms
[2020-01-29T22:43:39.850+0300][152.690s][info][gc] GC(1637) Pause Young (Allocation Failure) 68M->68M(228M) 60.813ms
[2020-01-29T22:43:39.970+0300][152.810s][info][gc] GC(1638) Pause Young (Allocation Failure) 97M->97M(228M) 116.220ms
[2020-01-29T22:43:40.089+0300][152.929s][info][gc] GC(1639) Pause Young (Allocation Failure) 126M->126M(228M) 115.271ms
[2020-01-29T22:43:40.179+0300][153.019s][info][gc] GC(1640) Pause Young (Allocation Failure) 155M->155M(228M) 77.780ms
[2020-01-29T22:43:40.190+0300][153.030s][info][gc] GC(1641) Pause Full (Ergonomics) 155M->21M(228M) 10.561ms
[2020-01-29T22:43:40.252+0300][153.092s][info][gc] GC(1642) Pause Young (Allocation Failure) 50M->50M(228M) 57.918ms
[2020-01-29T22:43:40.360+0300][153.200s][info][gc] GC(1643) Pause Young (Allocation Failure) 79M->80M(228M) 104.763ms
[2020-01-29T22:43:40.478+0300][153.318s][info][gc] GC(1644) Pause Young (Allocation Failure) 109M->109M(228M) 114.583ms
[2020-01-29T22:43:40.595+0300][153.435s][info][gc] GC(1645) Pause Young (Allocation Failure) 157M->157M(228M) 102.328ms
[2020-01-29T22:43:40.612+0300][153.452s][info][gc] GC(1646) Pause Full (Ergonomics) 157M->23M(228M) 16.636ms
[2020-01-29T22:43:40.675+0300][153.515s][info][gc] GC(1647) Pause Young (Allocation Failure) 52M->52M(228M) 58.724ms
[2020-01-29T22:43:40.783+0300][153.623s][info][gc] GC(1648) Pause Young (Allocation Failure) 81M->81M(228M) 105.142ms
[2020-01-29T22:43:40.894+0300][153.734s][info][gc] GC(1649) Pause Young (Allocation Failure) 110M->110M(228M) 106.870ms
[2020-01-29T22:43:41.023+0300][153.864s][info][gc] GC(1650) Pause Young (Allocation Failure) 158M->158M(228M) 114.908ms
[2020-01-29T22:43:41.045+0300][153.885s][info][gc] GC(1651) Pause Full (Ergonomics) 158M->24M(228M) 21.764ms
[2020-01-29T22:43:41.109+0300][153.949s][info][gc] GC(1652) Pause Young (Allocation Failure) 53M->53M(228M) 59.648ms
[2020-01-29T22:43:41.234+0300][154.073s][info][gc] GC(1653) Pause Young (Allocation Failure) 82M->82M(228M) 120.042ms
[2020-01-29T22:43:41.334+0300][154.174s][info][gc] GC(1654) Pause Young (Allocation Failure) 111M->111M(228M) 97.386ms
[2020-01-29T22:43:41.448+0300][154.289s][info][gc] GC(1655) Pause Young (Allocation Failure) 159M->159M(228M) 99.190ms
[2020-01-29T22:43:41.473+0300][154.313s][info][gc] GC(1656) Pause Full (Ergonomics) 159M->25M(228M) 24.636ms
[2020-01-29T22:43:41.534+0300][154.374s][info][gc] GC(1657) Pause Young (Allocation Failure) 54M->54M(228M) 56.359ms
[2020-01-29T22:43:41.637+0300][154.477s][info][gc] GC(1658) Pause Young (Allocation Failure) 83M->83M(228M) 99.253ms
[2020-01-29T22:43:41.749+0300][154.590s][info][gc] GC(1659) Pause Young (Allocation Failure) 112M->112M(228M) 108.234ms
[2020-01-29T22:43:41.890+0300][154.730s][info][gc] GC(1660) Pause Young (Allocation Failure) 160M->160M(228M) 126.163ms
[2020-01-29T22:43:41.932+0300][154.772s][info][gc] GC(1661) Pause Full (Ergonomics) 160M->26M(228M) 41.046ms
[2020-01-29T22:43:41.996+0300][154.835s][info][gc] GC(1662) Pause Young (Allocation Failure) 55M->55M(228M) 60.130ms
[2020-01-29T22:43:42.106+0300][154.946s][info][gc] GC(1663) Pause Young (Allocation Failure) 84M->84M(228M) 106.114ms
[2020-01-29T22:43:42.221+0300][155.061s][info][gc] GC(1664) Pause Young (Allocation Failure) 113M->114M(228M) 110.938ms
[2020-01-29T22:43:42.359+0300][155.198s][info][gc] GC(1665) Pause Young (Allocation Failure) 162M->162M(228M) 122.100ms
[2020-01-29T22:43:42.405+0300][155.244s][info][gc] GC(1666) Pause Full (Ergonomics) 162M->28M(228M) 45.920ms
[2020-01-29T22:43:42.468+0300][155.308s][info][gc] GC(1667) Pause Young (Allocation Failure) 57M->57M(228M) 60.112ms
[2020-01-29T22:43:42.585+0300][155.425s][info][gc] GC(1668) Pause Young (Allocation Failure) 86M->86M(228M) 113.647ms
[2020-01-29T22:43:42.711+0300][155.550s][info][gc] GC(1669) Pause Young (Allocation Failure) 115M->115M(228M) 121.106ms
[2020-01-29T22:43:42.817+0300][155.657s][info][gc] GC(1670) Pause Young (Allocation Failure) 163M->163M(228M) 92.415ms
[2020-01-29T22:43:42.862+0300][155.702s][info][gc] GC(1671) Pause Full (Ergonomics) 163M->29M(228M) 44.569ms
[2020-01-29T22:43:42.923+0300][155.764s][info][gc] GC(1672) Pause Young (Allocation Failure) 58M->58M(228M) 58.075ms
[2020-01-29T22:43:43.040+0300][155.880s][info][gc] GC(1673) Pause Young (Allocation Failure) 87M->87M(228M) 113.096ms
[2020-01-29T22:43:43.160+0300][156.001s][info][gc] GC(1674) Pause Young (Allocation Failure) 116M->116M(228M) 116.432ms
[2020-01-29T22:43:43.293+0300][156.133s][info][gc] GC(1675) Pause Young (Allocation Failure) 164M->164M(228M) 117.511ms
[2020-01-29T22:43:43.350+0300][156.190s][info][gc] GC(1676) Pause Full (Ergonomics) 164M->30M(228M) 56.666ms
[2020-01-29T22:43:43.411+0300][156.251s][info][gc] GC(1677) Pause Young (Allocation Failure) 59M->59M(228M) 57.789ms
[2020-01-29T22:43:43.525+0300][156.365s][info][gc] GC(1678) Pause Young (Allocation Failure) 88M->88M(228M) 110.159ms
[2020-01-29T22:43:43.639+0300][156.479s][info][gc] GC(1679) Pause Young (Allocation Failure) 117M->117M(228M) 110.280ms
[2020-01-29T22:43:43.739+0300][156.579s][info][gc] GC(1680) Pause Young (Allocation Failure) 165M->165M(228M) 84.587ms
[2020-01-29T22:43:43.787+0300][156.628s][info][gc] GC(1681) Pause Full (Ergonomics) 165M->31M(228M) 48.628ms
[2020-01-29T22:43:43.850+0300][156.690s][info][gc] GC(1682) Pause Young (Allocation Failure) 60M->60M(228M) 58.513ms
[2020-01-29T22:43:43.964+0300][156.805s][info][gc] GC(1683) Pause Young (Allocation Failure) 89M->89M(228M) 111.036ms
[2020-01-29T22:43:44.076+0300][156.916s][info][gc] GC(1684) Pause Young (Allocation Failure) 118M->119M(228M) 108.061ms
[2020-01-29T22:43:44.216+0300][157.056s][info][gc] GC(1685) Pause Young (Allocation Failure) 167M->167M(228M) 125.168ms
[2020-01-29T22:43:44.283+0300][157.123s][info][gc] GC(1686) Pause Full (Ergonomics) 167M->33M(228M) 67.012ms
[2020-01-29T22:43:44.345+0300][157.185s][info][gc] GC(1687) Pause Young (Allocation Failure) 62M->62M(228M) 58.819ms
[2020-01-29T22:43:44.456+0300][157.296s][info][gc] GC(1688) Pause Young (Allocation Failure) 91M->91M(228M) 106.969ms
[2020-01-29T22:43:44.574+0300][157.415s][info][gc] GC(1689) Pause Young (Allocation Failure) 120M->120M(228M) 115.163ms
[2020-01-29T22:43:44.708+0300][157.548s][info][gc] GC(1690) Pause Young (Allocation Failure) 168M->168M(228M) 119.158ms
[2020-01-29T22:43:44.782+0300][157.621s][info][gc] GC(1691) Pause Full (Ergonomics) 168M->34M(228M) 72.854ms
[2020-01-29T22:43:44.845+0300][157.685s][info][gc] GC(1692) Pause Young (Allocation Failure) 63M->63M(228M) 59.379ms
[2020-01-29T22:43:44.962+0300][157.801s][info][gc] GC(1693) Pause Young (Allocation Failure) 92M->92M(228M) 113.056ms
[2020-01-29T22:43:45.081+0300][157.921s][info][gc] GC(1694) Pause Young (Allocation Failure) 121M->121M(228M) 116.399ms
[2020-01-29T22:43:45.215+0300][158.055s][info][gc] GC(1695) Pause Young (Allocation Failure) 169M->169M(228M) 118.804ms
[2020-01-29T22:43:45.297+0300][158.137s][info][gc] GC(1696) Pause Full (Ergonomics) 169M->35M(228M) 82.182ms
[2020-01-29T22:43:45.361+0300][158.201s][info][gc] GC(1697) Pause Young (Allocation Failure) 64M->64M(228M) 60.053ms
[2020-01-29T22:43:45.471+0300][158.312s][info][gc] GC(1698) Pause Young (Allocation Failure) 93M->93M(228M) 106.956ms
[2020-01-29T22:43:45.586+0300][158.427s][info][gc] GC(1699) Pause Young (Allocation Failure) 122M->122M(228M) 111.300ms
[2020-01-29T22:43:45.723+0300][158.563s][info][gc] GC(1700) Pause Young (Allocation Failure) 170M->170M(228M) 121.450ms
[2020-01-29T22:43:45.810+0300][158.650s][info][gc] GC(1701) Pause Full (Ergonomics) 170M->36M(228M) 87.067ms
[2020-01-29T22:43:45.872+0300][158.712s][info][gc] GC(1702) Pause Young (Allocation Failure) 65M->65M(228M) 58.645ms
[2020-01-29T22:43:45.987+0300][158.827s][info][gc] GC(1703) Pause Young (Allocation Failure) 94M->94M(228M) 111.748ms
[2020-01-29T22:43:46.098+0300][158.938s][info][gc] GC(1704) Pause Young (Allocation Failure) 123M->123M(228M) 106.970ms
[2020-01-29T22:43:46.185+0300][159.025s][info][gc] GC(1705) Pause Young (Allocation Failure) 172M->172M(228M) 72.193ms
[2020-01-29T22:43:46.254+0300][159.094s][info][gc] GC(1706) Pause Full (Ergonomics) 172M->38M(228M) 68.771ms
[2020-01-29T22:43:46.318+0300][159.158s][info][gc] GC(1707) Pause Young (Allocation Failure) 67M->67M(228M) 59.909ms
[2020-01-29T22:43:46.434+0300][159.274s][info][gc] GC(1708) Pause Young (Allocation Failure) 96M->96M(228M) 112.413ms
[2020-01-29T22:43:46.548+0300][159.388s][info][gc] GC(1709) Pause Young (Allocation Failure) 125M->125M(228M) 110.181ms
[2020-01-29T22:43:46.632+0300][159.472s][info][gc] GC(1710) Pause Young (Allocation Failure) 173M->173M(228M) 69.608ms
[2020-01-29T22:43:46.709+0300][159.548s][info][gc] GC(1711) Pause Full (Ergonomics) 173M->39M(228M) 75.969ms
[2020-01-29T22:43:46.774+0300][159.614s][info][gc] GC(1712) Pause Young (Allocation Failure) 68M->68M(228M) 61.943ms
[2020-01-29T22:43:46.889+0300][159.729s][info][gc] GC(1713) Pause Young (Allocation Failure) 97M->97M(228M) 110.911ms
[2020-01-29T22:43:47.007+0300][159.846s][info][gc] GC(1714) Pause Young (Allocation Failure) 126M->126M(228M) 114.066ms
[2020-01-29T22:43:47.089+0300][159.929s][info][gc] GC(1715) Pause Young (Allocation Failure) 174M->174M(228M) 67.083ms
[2020-01-29T22:43:47.165+0300][160.006s][info][gc] GC(1716) Pause Full (Ergonomics) 174M->40M(228M) 77.206ms
[2020-01-29T22:43:47.233+0300][160.073s][info][gc] GC(1717) Pause Young (Allocation Failure) 69M->69M(228M) 63.239ms
[2020-01-29T22:43:47.349+0300][160.189s][info][gc] GC(1718) Pause Young (Allocation Failure) 98M->98M(228M) 112.976ms
[2020-01-29T22:43:47.467+0300][160.307s][info][gc] GC(1719) Pause Young (Allocation Failure) 127M->127M(228M) 113.891ms
[2020-01-29T22:43:47.551+0300][160.391s][info][gc] GC(1720) Pause Young (Allocation Failure) 156M->156M(228M) 71.830ms
[2020-01-29T22:43:47.564+0300][160.404s][info][gc] GC(1721) Pause Full (Ergonomics) 156M->22M(228M) 13.045ms
[2020-01-29T22:43:47.629+0300][160.469s][info][gc] GC(1722) Pause Young (Allocation Failure) 51M->51M(228M) 61.333ms
[2020-01-29T22:43:47.741+0300][160.582s][info][gc] GC(1723) Pause Young (Allocation Failure) 80M->80M(228M) 109.134ms
[2020-01-29T22:43:47.851+0300][160.691s][info][gc] GC(1724) Pause Young (Allocation Failure) 109M->109M(228M) 105.643ms
[2020-01-29T22:43:47.967+0300][160.807s][info][gc] GC(1725) Pause Young (Allocation Failure) 157M->157M(228M) 101.339ms
[2020-01-29T22:43:47.988+0300][160.828s][info][gc] GC(1726) Pause Full (Ergonomics) 157M->24M(228M) 20.907ms
[2020-01-29T22:43:48.054+0300][160.894s][info][gc] GC(1727) Pause Young (Allocation Failure) 53M->53M(228M) 62.096ms
[2020-01-29T22:43:48.171+0300][161.011s][info][gc] GC(1728) Pause Young (Allocation Failure) 82M->82M(228M) 113.784ms
[2020-01-29T22:43:48.282+0300][161.123s][info][gc] GC(1729) Pause Young (Allocation Failure) 111M->111M(228M) 107.582ms
[2020-01-29T22:43:48.395+0300][161.235s][info][gc] GC(1730) Pause Young (Allocation Failure) 159M->159M(228M) 98.703ms
[2020-01-29T22:43:48.416+0300][161.256s][info][gc] GC(1731) Pause Full (Ergonomics) 159M->25M(228M) 20.500ms
[2020-01-29T22:43:48.478+0300][161.318s][info][gc] GC(1732) Pause Young (Allocation Failure) 54M->54M(228M) 58.208ms
[2020-01-29T22:43:48.593+0300][161.432s][info][gc] GC(1733) Pause Young (Allocation Failure) 83M->83M(228M) 110.827ms
[2020-01-29T22:43:48.706+0300][161.546s][info][gc] GC(1734) Pause Young (Allocation Failure) 112M->112M(228M) 110.471ms
[2020-01-29T22:43:48.821+0300][161.661s][info][gc] GC(1735) Pause Young (Allocation Failure) 160M->160M(228M) 99.678ms
[2020-01-29T22:43:48.850+0300][161.690s][info][gc] GC(1736) Pause Full (Ergonomics) 160M->26M(228M) 29.040ms
[2020-01-29T22:43:48.915+0300][161.755s][info][gc] GC(1737) Pause Young (Allocation Failure) 55M->55M(228M) 61.095ms
[2020-01-29T22:43:49.034+0300][161.874s][info][gc] GC(1738) Pause Young (Allocation Failure) 84M->84M(228M) 115.983ms
[2020-01-29T22:43:49.152+0300][161.992s][info][gc] GC(1739) Pause Young (Allocation Failure) 113M->113M(228M) 113.918ms
[2020-01-29T22:43:49.258+0300][162.098s][info][gc] GC(1740) Pause Young (Allocation Failure) 161M->161M(228M) 90.700ms
[2020-01-29T22:43:49.293+0300][162.133s][info][gc] GC(1741) Pause Full (Ergonomics) 161M->27M(228M) 34.929ms
[2020-01-29T22:43:49.357+0300][162.196s][info][gc] GC(1742) Pause Young (Allocation Failure) 56M->56M(228M) 59.688ms
[2020-01-29T22:43:49.465+0300][162.306s][info][gc] GC(1743) Pause Young (Allocation Failure) 85M->85M(228M) 105.872ms
[2020-01-29T22:43:49.582+0300][162.422s][info][gc] GC(1744) Pause Young (Allocation Failure) 114M->114M(228M) 112.109ms
[2020-01-29T22:43:49.691+0300][162.531s][info][gc] GC(1745) Pause Young (Allocation Failure) 162M->163M(228M) 95.136ms
[2020-01-29T22:43:49.729+0300][162.569s][info][gc] GC(1746) Pause Full (Ergonomics) 163M->29M(228M) 38.145ms
[2020-01-29T22:43:49.794+0300][162.634s][info][gc] GC(1747) Pause Young (Allocation Failure) 58M->57M(228M) 60.132ms
[2020-01-29T22:43:49.912+0300][162.751s][info][gc] GC(1748) Pause Young (Allocation Failure) 86M->87M(228M) 114.229ms
[2020-01-29T22:43:50.031+0300][162.871s][info][gc] GC(1749) Pause Young (Allocation Failure) 116M->116M(228M) 115.434ms
[2020-01-29T22:43:50.133+0300][162.972s][info][gc] GC(1750) Pause Young (Allocation Failure) 164M->164M(228M) 86.181ms
[2020-01-29T22:43:50.174+0300][163.015s][info][gc] GC(1751) Pause Full (Ergonomics) 164M->30M(228M) 42.353ms
[2020-01-29T22:43:50.240+0300][163.080s][info][gc] GC(1752) Pause Young (Allocation Failure) 59M->59M(228M) 61.852ms
[2020-01-29T22:43:50.351+0300][163.191s][info][gc] GC(1753) Pause Young (Allocation Failure) 88M->88M(228M) 107.430ms
[2020-01-29T22:43:50.468+0300][163.308s][info][gc] GC(1754) Pause Young (Allocation Failure) 117M->117M(228M) 112.895ms
[2020-01-29T22:43:50.562+0300][163.403s][info][gc] GC(1755) Pause Young (Allocation Failure) 165M->165M(228M) 79.469ms
[2020-01-29T22:43:50.610+0300][163.450s][info][gc] GC(1756) Pause Full (Ergonomics) 165M->31M(228M) 47.538ms
[2020-01-29T22:43:50.672+0300][163.512s][info][gc] GC(1757) Pause Young (Allocation Failure) 60M->60M(228M) 57.961ms
[2020-01-29T22:43:50.784+0300][163.624s][info][gc] GC(1758) Pause Young (Allocation Failure) 89M->89M(228M) 108.230ms
[2020-01-29T22:43:50.894+0300][163.734s][info][gc] GC(1759) Pause Young (Allocation Failure) 118M->118M(228M) 105.943ms
[2020-01-29T22:43:50.997+0300][163.838s][info][gc] GC(1760) Pause Young (Allocation Failure) 166M->166M(228M) 88.480ms
[2020-01-29T22:43:51.050+0300][163.890s][info][gc] GC(1761) Pause Full (Ergonomics) 166M->32M(228M) 52.497ms
[2020-01-29T22:43:51.116+0300][163.956s][info][gc] GC(1762) Pause Young (Allocation Failure) 61M->61M(228M) 61.644ms
[2020-01-29T22:43:51.229+0300][164.069s][info][gc] GC(1763) Pause Young (Allocation Failure) 90M->90M(228M) 109.722ms
[2020-01-29T22:43:51.345+0300][164.185s][info][gc] GC(1764) Pause Young (Allocation Failure) 119M->119M(228M) 112.590ms
[2020-01-29T22:43:51.438+0300][164.277s][info][gc] GC(1765) Pause Young (Allocation Failure) 167M->168M(228M) 76.943ms
[2020-01-29T22:43:51.493+0300][164.334s][info][gc] GC(1766) Pause Full (Ergonomics) 168M->34M(228M) 56.442ms
[2020-01-29T22:43:51.554+0300][164.393s][info][gc] GC(1767) Pause Young (Allocation Failure) 63M->63M(228M) 56.018ms
[2020-01-29T22:43:51.670+0300][164.510s][info][gc] GC(1768) Pause Young (Allocation Failure) 92M->92M(228M) 113.188ms
[2020-01-29T22:43:51.780+0300][164.620s][info][gc] GC(1769) Pause Young (Allocation Failure) 121M->121M(228M) 105.597ms
[2020-01-29T22:43:51.920+0300][164.760s][info][gc] GC(1770) Pause Young (Allocation Failure) 169M->169M(228M) 125.159ms
[2020-01-29T22:43:51.994+0300][164.834s][info][gc] GC(1771) Pause Full (Ergonomics) 169M->35M(228M) 73.427ms
[2020-01-29T22:43:52.059+0300][164.900s][info][gc] GC(1772) Pause Young (Allocation Failure) 64M->64M(228M) 62.204ms
[2020-01-29T22:43:52.176+0300][165.017s][info][gc] GC(1773) Pause Young (Allocation Failure) 93M->93M(228M) 113.365ms
[2020-01-29T22:43:52.308+0300][165.148s][info][gc] GC(1774) Pause Young (Allocation Failure) 122M->122M(228M) 127.933ms
[2020-01-29T22:43:52.395+0300][165.234s][info][gc] GC(1775) Pause Young (Allocation Failure) 170M->170M(228M) 71.300ms
[2020-01-29T22:43:52.459+0300][165.300s][info][gc] GC(1776) Pause Full (Ergonomics) 170M->36M(228M) 65.216ms
[2020-01-29T22:43:52.524+0300][165.364s][info][gc] GC(1777) Pause Young (Allocation Failure) 65M->65M(228M) 60.863ms
[2020-01-29T22:43:52.686+0300][165.526s][info][gc] GC(1778) Pause Young (Allocation Failure) 94M->94M(228M) 158.296ms
[2020-01-29T22:43:52.803+0300][165.643s][info][gc] GC(1779) Pause Young (Allocation Failure) 123M->123M(228M) 112.825ms
[2020-01-29T22:43:52.939+0300][165.778s][info][gc] GC(1780) Pause Young (Allocation Failure) 171M->171M(228M) 120.749ms
[2020-01-29T22:43:53.020+0300][165.860s][info][gc] GC(1781) Pause Full (Ergonomics) 171M->37M(228M) 81.544ms
[2020-01-29T22:43:53.083+0300][165.923s][info][gc] GC(1782) Pause Young (Allocation Failure) 66M->66M(228M) 59.424ms
[2020-01-29T22:43:53.197+0300][166.038s][info][gc] GC(1783) Pause Young (Allocation Failure) 95M->95M(228M) 111.172ms
[2020-01-29T22:43:53.313+0300][166.154s][info][gc] GC(1784) Pause Young (Allocation Failure) 124M->124M(228M) 112.055ms
[2020-01-29T22:43:53.400+0300][166.240s][info][gc] GC(1785) Pause Young (Allocation Failure) 172M->172M(228M) 71.116ms
[2020-01-29T22:43:53.472+0300][166.312s][info][gc] GC(1786) Pause Full (Ergonomics) 172M->38M(228M) 72.096ms
[2020-01-29T22:43:53.533+0300][166.372s][info][gc] GC(1787) Pause Young (Allocation Failure) 67M->67M(228M) 56.821ms
[2020-01-29T22:43:53.649+0300][166.489s][info][gc] GC(1788) Pause Young (Allocation Failure) 96M->97M(228M) 113.379ms
[2020-01-29T22:43:53.756+0300][166.596s][info][gc] GC(1789) Pause Young (Allocation Failure) 126M->126M(228M) 102.925ms
[2020-01-29T22:43:53.896+0300][166.735s][info][gc] GC(1790) Pause Young (Allocation Failure) 174M->174M(228M) 124.159ms
[2020-01-29T22:43:53.990+0300][166.830s][info][gc] GC(1791) Pause Full (Ergonomics) 174M->40M(228M) 94.336ms
[2020-01-29T22:43:54.053+0300][166.893s][info][gc] GC(1792) Pause Young (Allocation Failure) 69M->69M(228M) 59.592ms
[2020-01-29T22:43:54.171+0300][167.011s][info][gc] GC(1793) Pause Young (Allocation Failure) 98M->98M(228M) 113.852ms
[2020-01-29T22:43:54.289+0300][167.130s][info][gc] GC(1794) Pause Young (Allocation Failure) 127M->127M(228M) 115.499ms
[2020-01-29T22:43:54.375+0300][167.215s][info][gc] GC(1795) Pause Young (Allocation Failure) 156M->156M(228M) 72.254ms
[2020-01-29T22:43:54.386+0300][167.227s][info][gc] GC(1796) Pause Full (Ergonomics) 156M->22M(228M) 11.590ms
[2020-01-29T22:43:54.451+0300][167.291s][info][gc] GC(1797) Pause Young (Allocation Failure) 51M->51M(228M) 60.445ms
[2020-01-29T22:43:54.567+0300][167.407s][info][gc] GC(1798) Pause Young (Allocation Failure) 80M->80M(228M) 112.684ms
[2020-01-29T22:43:54.682+0300][167.523s][info][gc] GC(1799) Pause Young (Allocation Failure) 109M->109M(228M) 111.806ms
[2020-01-29T22:43:54.816+0300][167.656s][info][gc] GC(1800) Pause Young (Allocation Failure) 157M->157M(228M) 118.123ms
[2020-01-29T22:43:54.837+0300][167.677s][info][gc] GC(1801) Pause Full (Ergonomics) 157M->23M(228M) 21.282ms
[2020-01-29T22:43:54.900+0300][167.740s][info][gc] GC(1802) Pause Young (Allocation Failure) 52M->52M(228M) 59.262ms
[2020-01-29T22:43:55.015+0300][167.854s][info][gc] GC(1803) Pause Young (Allocation Failure) 81M->81M(228M) 110.141ms
[2020-01-29T22:43:55.128+0300][167.969s][info][gc] GC(1804) Pause Young (Allocation Failure) 110M->110M(228M) 110.976ms
[2020-01-29T22:43:55.243+0300][168.083s][info][gc] GC(1805) Pause Young (Allocation Failure) 158M->158M(228M) 98.840ms
[2020-01-29T22:43:55.265+0300][168.105s][info][gc] GC(1806) Pause Full (Ergonomics) 158M->24M(228M) 22.049ms
[2020-01-29T22:43:55.327+0300][168.166s][info][gc] GC(1807) Pause Young (Allocation Failure) 53M->53M(228M) 57.863ms
[2020-01-29T22:43:55.440+0300][168.280s][info][gc] GC(1808) Pause Young (Allocation Failure) 82M->82M(228M) 110.247ms
[2020-01-29T22:43:55.559+0300][168.399s][info][gc] GC(1809) Pause Young (Allocation Failure) 111M->111M(228M) 115.139ms
[2020-01-29T22:43:55.675+0300][168.515s][info][gc] GC(1810) Pause Young (Allocation Failure) 160M->160M(228M) 100.754ms
[2020-01-29T22:43:55.704+0300][168.544s][info][gc] GC(1811) Pause Full (Ergonomics) 160M->26M(228M) 28.678ms
[2020-01-29T22:43:55.770+0300][168.609s][info][gc] GC(1812) Pause Young (Allocation Failure) 55M->55M(228M) 61.656ms
[2020-01-29T22:43:55.886+0300][168.726s][info][gc] GC(1813) Pause Young (Allocation Failure) 84M->84M(228M) 112.981ms
[2020-01-29T22:43:56.001+0300][168.841s][info][gc] GC(1814) Pause Young (Allocation Failure) 113M->113M(228M) 111.357ms
[2020-01-29T22:43:56.116+0300][168.956s][info][gc] GC(1815) Pause Young (Allocation Failure) 161M->161M(228M) 100.389ms
[2020-01-29T22:43:56.148+0300][168.988s][info][gc] GC(1816) Pause Full (Ergonomics) 161M->27M(228M) 31.443ms
[2020-01-29T22:43:56.212+0300][169.052s][info][gc] GC(1817) Pause Young (Allocation Failure) 56M->56M(228M) 60.560ms
[2020-01-29T22:43:56.324+0300][169.164s][info][gc] GC(1818) Pause Young (Allocation Failure) 85M->85M(228M) 108.219ms
[2020-01-29T22:43:56.459+0300][169.299s][info][gc] GC(1819) Pause Young (Allocation Failure) 114M->114M(228M) 131.103ms
[2020-01-29T22:43:56.562+0300][169.403s][info][gc] GC(1820) Pause Young (Allocation Failure) 162M->162M(228M) 88.957ms
[2020-01-29T22:43:56.599+0300][169.439s][info][gc] GC(1821) Pause Full (Ergonomics) 162M->28M(228M) 36.376ms
[2020-01-29T22:43:56.661+0300][169.501s][info][gc] GC(1822) Pause Young (Allocation Failure) 57M->57M(228M) 58.328ms
[2020-01-29T22:43:56.776+0300][169.616s][info][gc] GC(1823) Pause Young (Allocation Failure) 86M->86M(228M) 110.519ms
[2020-01-29T22:43:56.886+0300][169.726s][info][gc] GC(1824) Pause Young (Allocation Failure) 115M->115M(228M) 106.232ms
[2020-01-29T22:43:56.993+0300][169.833s][info][gc] GC(1825) Pause Young (Allocation Failure) 163M->163M(228M) 92.426ms
[2020-01-29T22:43:57.035+0300][169.875s][info][gc] GC(1826) Pause Full (Ergonomics) 163M->29M(228M) 41.491ms
[2020-01-29T22:43:57.099+0300][169.939s][info][gc] GC(1827) Pause Young (Allocation Failure) 58M->58M(228M) 60.310ms
[2020-01-29T22:43:57.213+0300][170.053s][info][gc] GC(1828) Pause Young (Allocation Failure) 87M->87M(228M) 109.529ms
[2020-01-29T22:43:57.331+0300][170.172s][info][gc] GC(1829) Pause Young (Allocation Failure) 116M->116M(228M) 115.403ms
[2020-01-29T22:43:57.461+0300][170.301s][info][gc] GC(1830) Pause Young (Allocation Failure) 165M->165M(228M) 113.750ms
[2020-01-29T22:43:57.504+0300][170.344s][info][gc] GC(1831) Pause Full (Ergonomics) 165M->31M(228M) 42.834ms
[2020-01-29T22:43:57.571+0300][170.411s][info][gc] GC(1832) Pause Young (Allocation Failure) 60M->60M(228M) 63.469ms
[2020-01-29T22:43:57.680+0300][170.521s][info][gc] GC(1833) Pause Young (Allocation Failure) 89M->89M(228M) 106.133ms
[2020-01-29T22:43:57.793+0300][170.632s][info][gc] GC(1834) Pause Young (Allocation Failure) 118M->118M(228M) 107.918ms
[2020-01-29T22:43:57.908+0300][170.748s][info][gc] GC(1835) Pause Young (Allocation Failure) 166M->166M(228M) 99.266ms
[2020-01-29T22:43:57.951+0300][170.791s][info][gc] GC(1836) Pause Full (Ergonomics) 166M->32M(228M) 42.952ms
[2020-01-29T22:43:58.043+0300][170.882s][info][gc] GC(1837) Pause Young (Allocation Failure) 61M->61M(228M) 87.787ms
[2020-01-29T22:43:58.153+0300][170.993s][info][gc] GC(1838) Pause Young (Allocation Failure) 90M->90M(228M) 106.477ms
[2020-01-29T22:43:58.259+0300][171.099s][info][gc] GC(1839) Pause Young (Allocation Failure) 119M->119M(228M) 102.091ms
[2020-01-29T22:43:58.363+0300][171.203s][info][gc] GC(1840) Pause Young (Allocation Failure) 167M->167M(228M) 88.345ms
[2020-01-29T22:43:58.419+0300][171.260s][info][gc] GC(1841) Pause Full (Ergonomics) 167M->33M(228M) 56.421ms
[2020-01-29T22:43:58.488+0300][171.328s][info][gc] GC(1842) Pause Young (Allocation Failure) 62M->62M(228M) 64.026ms
[2020-01-29T22:43:58.615+0300][171.455s][info][gc] GC(1843) Pause Young (Allocation Failure) 91M->91M(228M) 122.985ms
[2020-01-29T22:43:58.738+0300][171.578s][info][gc] GC(1844) Pause Young (Allocation Failure) 120M->120M(228M) 119.007ms
[2020-01-29T22:43:58.831+0300][171.671s][info][gc] GC(1845) Pause Young (Allocation Failure) 168M->168M(228M) 77.823ms
[2020-01-29T22:43:58.892+0300][171.732s][info][gc] GC(1846) Pause Full (Ergonomics) 168M->34M(228M) 61.104ms
[2020-01-29T22:43:58.958+0300][171.798s][info][gc] GC(1847) Pause Young (Allocation Failure) 63M->63M(228M) 61.364ms
[2020-01-29T22:43:59.073+0300][171.913s][info][gc] GC(1848) Pause Young (Allocation Failure) 92M->92M(228M) 110.290ms
[2020-01-29T22:43:59.169+0300][172.009s][info][gc] GC(1849) Pause Young (Allocation Failure) 121M->121M(228M) 92.255ms
[2020-01-29T22:43:59.258+0300][172.098s][info][gc] GC(1850) Pause Young (Allocation Failure) 169M->170M(228M) 73.883ms
[2020-01-29T22:43:59.323+0300][172.163s][info][gc] GC(1851) Pause Full (Ergonomics) 170M->36M(228M) 65.147ms
[2020-01-29T22:43:59.386+0300][172.226s][info][gc] GC(1852) Pause Young (Allocation Failure) 65M->65M(228M) 59.284ms
[2020-01-29T22:43:59.503+0300][172.343s][info][gc] GC(1853) Pause Young (Allocation Failure) 94M->94M(228M) 112.796ms
[2020-01-29T22:43:59.627+0300][172.468s][info][gc] GC(1854) Pause Young (Allocation Failure) 123M->123M(228M) 121.431ms
[2020-01-29T22:43:59.714+0300][172.554s][info][gc] GC(1855) Pause Young (Allocation Failure) 171M->171M(228M) 71.478ms
[2020-01-29T22:43:59.781+0300][172.621s][info][gc] GC(1856) Pause Full (Ergonomics) 171M->37M(228M) 67.082ms
[2020-01-29T22:43:59.840+0300][172.680s][info][gc] GC(1857) Pause Young (Allocation Failure) 66M->66M(228M) 55.005ms
[2020-01-29T22:43:59.957+0300][172.797s][info][gc] GC(1858) Pause Young (Allocation Failure) 95M->95M(228M) 113.468ms
[2020-01-29T22:44:00.071+0300][172.911s][info][gc] GC(1859) Pause Young (Allocation Failure) 124M->124M(228M) 109.993ms
[2020-01-29T22:44:00.159+0300][172.998s][info][gc] GC(1860) Pause Young (Allocation Failure) 172M->172M(228M) 73.101ms
[2020-01-29T22:44:00.229+0300][173.069s][info][gc] GC(1861) Pause Full (Ergonomics) 172M->38M(228M) 70.566ms
[2020-01-29T22:44:00.294+0300][173.134s][info][gc] GC(1862) Pause Young (Allocation Failure) 67M->67M(228M) 60.744ms
[2020-01-29T22:44:00.411+0300][173.251s][info][gc] GC(1863) Pause Young (Allocation Failure) 96M->96M(228M) 114.296ms
[2020-01-29T22:44:00.530+0300][173.370s][info][gc] GC(1864) Pause Young (Allocation Failure) 125M->125M(228M) 114.325ms
[2020-01-29T22:44:00.617+0300][173.457s][info][gc] GC(1865) Pause Young (Allocation Failure) 173M->173M(228M) 72.137ms
[2020-01-29T22:44:00.690+0300][173.531s][info][gc] GC(1866) Pause Full (Ergonomics) 173M->39M(228M) 74.020ms
[2020-01-29T22:44:00.753+0300][173.594s][info][gc] GC(1867) Pause Young (Allocation Failure) 68M->68M(228M) 58.939ms
[2020-01-29T22:44:00.865+0300][173.705s][info][gc] GC(1868) Pause Young (Allocation Failure) 97M->97M(228M) 107.698ms
[2020-01-29T22:44:00.986+0300][173.826s][info][gc] GC(1869) Pause Young (Allocation Failure) 126M->126M(228M) 117.332ms
[2020-01-29T22:44:01.076+0300][173.916s][info][gc] GC(1870) Pause Young (Allocation Failure) 155M->155M(228M) 78.387ms
[2020-01-29T22:44:01.087+0300][173.927s][info][gc] GC(1871) Pause Full (Ergonomics) 155M->21M(228M) 10.626ms
[2020-01-29T22:44:01.154+0300][173.994s][info][gc] GC(1872) Pause Young (Allocation Failure) 50M->50M(228M) 63.077ms
[2020-01-29T22:44:01.267+0300][174.107s][info][gc] GC(1873) Pause Young (Allocation Failure) 79M->80M(228M) 109.730ms
[2020-01-29T22:44:01.378+0300][174.218s][info][gc] GC(1874) Pause Young (Allocation Failure) 109M->109M(228M) 106.382ms
[2020-01-29T22:44:01.516+0300][174.357s][info][gc] GC(1875) Pause Young (Allocation Failure) 157M->157M(228M) 123.410ms
[2020-01-29T22:44:01.531+0300][174.371s][info][gc] GC(1876) Pause Full (Ergonomics) 157M->23M(228M) 14.509ms
[2020-01-29T22:44:01.593+0300][174.433s][info][gc] GC(1877) Pause Young (Allocation Failure) 52M->52M(228M) 58.047ms
[2020-01-29T22:44:01.713+0300][174.553s][info][gc] GC(1878) Pause Young (Allocation Failure) 81M->81M(228M) 115.666ms
[2020-01-29T22:44:01.829+0300][174.669s][info][gc] GC(1879) Pause Young (Allocation Failure) 110M->110M(228M) 112.612ms
[2020-01-29T22:44:01.955+0300][174.796s][info][gc] GC(1880) Pause Young (Allocation Failure) 158M->158M(228M) 111.500ms
[2020-01-29T22:44:01.973+0300][174.813s][info][gc] GC(1881) Pause Full (Ergonomics) 158M->24M(228M) 17.569ms
[2020-01-29T22:44:02.038+0300][174.878s][info][gc] GC(1882) Pause Young (Allocation Failure) 53M->53M(228M) 60.697ms
[2020-01-29T22:44:02.157+0300][174.997s][info][gc] GC(1883) Pause Young (Allocation Failure) 82M->82M(228M) 114.819ms
[2020-01-29T22:44:02.296+0300][175.136s][info][gc] GC(1884) Pause Young (Allocation Failure) 111M->111M(228M) 135.873ms
[2020-01-29T22:44:02.427+0300][175.267s][info][gc] GC(1885) Pause Young (Allocation Failure) 159M->159M(228M) 116.118ms
[2020-01-29T22:44:02.459+0300][175.299s][info][gc] GC(1886) Pause Full (Ergonomics) 159M->25M(228M) 32.024ms
[2020-01-29T22:44:02.522+0300][175.362s][info][gc] GC(1887) Pause Young (Allocation Failure) 54M->54M(228M) 59.019ms
[2020-01-29T22:44:02.636+0300][175.476s][info][gc] GC(1888) Pause Young (Allocation Failure) 83M->83M(228M) 110.571ms
[2020-01-29T22:44:02.750+0300][175.591s][info][gc] GC(1889) Pause Young (Allocation Failure) 112M->112M(228M) 109.149ms
[2020-01-29T22:44:02.890+0300][175.730s][info][gc] GC(1890) Pause Young (Allocation Failure) 160M->160M(228M) 124.248ms
[2020-01-29T22:44:02.931+0300][175.770s][info][gc] GC(1891) Pause Full (Ergonomics) 160M->26M(228M) 40.770ms
[2020-01-29T22:44:02.995+0300][175.835s][info][gc] GC(1892) Pause Young (Allocation Failure) 55M->55M(228M) 61.159ms
[2020-01-29T22:44:03.108+0300][175.948s][info][gc] GC(1893) Pause Young (Allocation Failure) 84M->84M(228M) 109.437ms
[2020-01-29T22:44:03.233+0300][176.072s][info][gc] GC(1894) Pause Young (Allocation Failure) 113M->114M(228M) 120.192ms
[2020-01-29T22:44:03.372+0300][176.212s][info][gc] GC(1895) Pause Young (Allocation Failure) 162M->162M(228M) 123.917ms
[2020-01-29T22:44:03.418+0300][176.259s][info][gc] GC(1896) Pause Full (Ergonomics) 162M->28M(228M) 46.371ms
[2020-01-29T22:44:03.488+0300][176.328s][info][gc] GC(1897) Pause Young (Allocation Failure) 57M->57M(228M) 64.188ms
[2020-01-29T22:44:03.597+0300][176.437s][info][gc] GC(1898) Pause Young (Allocation Failure) 86M->86M(228M) 105.509ms
[2020-01-29T22:44:03.712+0300][176.552s][info][gc] GC(1899) Pause Young (Allocation Failure) 115M->115M(228M) 110.761ms
[2020-01-29T22:44:03.834+0300][176.674s][info][gc] GC(1900) Pause Young (Allocation Failure) 163M->163M(228M) 106.002ms
[2020-01-29T22:44:03.869+0300][176.709s][info][gc] GC(1901) Pause Full (Ergonomics) 163M->29M(228M) 35.384ms
[2020-01-29T22:44:03.932+0300][176.771s][info][gc] GC(1902) Pause Young (Allocation Failure) 58M->58M(228M) 58.259ms
[2020-01-29T22:44:04.050+0300][176.889s][info][gc] GC(1903) Pause Young (Allocation Failure) 87M->87M(228M) 114.374ms
[2020-01-29T22:44:04.167+0300][177.007s][info][gc] GC(1904) Pause Young (Allocation Failure) 116M->116M(228M) 114.492ms
[2020-01-29T22:44:04.305+0300][177.145s][info][gc] GC(1905) Pause Young (Allocation Failure) 164M->164M(228M) 122.301ms
[2020-01-29T22:44:04.362+0300][177.202s][info][gc] GC(1906) Pause Full (Ergonomics) 164M->30M(228M) 56.731ms
[2020-01-29T22:44:04.425+0300][177.264s][info][gc] GC(1907) Pause Young (Allocation Failure) 59M->59M(228M) 59.053ms
[2020-01-29T22:44:04.542+0300][177.382s][info][gc] GC(1908) Pause Young (Allocation Failure) 88M->88M(228M) 113.908ms
[2020-01-29T22:44:04.660+0300][177.500s][info][gc] GC(1909) Pause Young (Allocation Failure) 117M->117M(228M) 114.752ms
[2020-01-29T22:44:04.793+0300][177.633s][info][gc] GC(1910) Pause Young (Allocation Failure) 165M->165M(228M) 118.612ms
[2020-01-29T22:44:04.851+0300][177.691s][info][gc] GC(1911) Pause Full (Ergonomics) 165M->31M(228M) 57.465ms
[2020-01-29T22:44:04.913+0300][177.753s][info][gc] GC(1912) Pause Young (Allocation Failure) 60M->60M(228M) 58.223ms
[2020-01-29T22:44:05.024+0300][177.864s][info][gc] GC(1913) Pause Young (Allocation Failure) 89M->89M(228M) 107.369ms
[2020-01-29T22:44:05.141+0300][177.981s][info][gc] GC(1914) Pause Young (Allocation Failure) 118M->118M(228M) 113.383ms
[2020-01-29T22:44:05.242+0300][178.082s][info][gc] GC(1915) Pause Young (Allocation Failure) 167M->167M(228M) 86.109ms
[2020-01-29T22:44:05.295+0300][178.134s][info][gc] GC(1916) Pause Full (Ergonomics) 167M->33M(228M) 52.197ms
[2020-01-29T22:44:05.357+0300][178.196s][info][gc] GC(1917) Pause Young (Allocation Failure) 62M->62M(228M) 58.410ms
[2020-01-29T22:44:05.467+0300][178.307s][info][gc] GC(1918) Pause Young (Allocation Failure) 91M->91M(228M) 107.217ms
[2020-01-29T22:44:05.581+0300][178.421s][info][gc] GC(1919) Pause Young (Allocation Failure) 120M->120M(228M) 109.645ms
[2020-01-29T22:44:05.674+0300][178.514s][info][gc] GC(1920) Pause Young (Allocation Failure) 168M->168M(228M) 78.500ms
[2020-01-29T22:44:05.731+0300][178.571s][info][gc] GC(1921) Pause Full (Ergonomics) 168M->34M(228M) 56.709ms
[2020-01-29T22:44:05.793+0300][178.633s][info][gc] GC(1922) Pause Young (Allocation Failure) 63M->63M(228M) 58.174ms
[2020-01-29T22:44:05.910+0300][178.749s][info][gc] GC(1923) Pause Young (Allocation Failure) 92M->92M(228M) 112.046ms
[2020-01-29T22:44:06.029+0300][178.869s][info][gc] GC(1924) Pause Young (Allocation Failure) 121M->121M(228M) 116.148ms
[2020-01-29T22:44:06.122+0300][178.961s][info][gc] GC(1925) Pause Young (Allocation Failure) 169M->169M(228M) 77.465ms
[2020-01-29T22:44:06.181+0300][179.021s][info][gc] GC(1926) Pause Full (Ergonomics) 169M->35M(228M) 59.962ms
[2020-01-29T22:44:06.247+0300][179.087s][info][gc] GC(1927) Pause Young (Allocation Failure) 64M->64M(228M) 62.432ms
[2020-01-29T22:44:06.359+0300][179.199s][info][gc] GC(1928) Pause Young (Allocation Failure) 93M->93M(228M) 107.957ms
[2020-01-29T22:44:06.471+0300][179.310s][info][gc] GC(1929) Pause Young (Allocation Failure) 122M->122M(228M) 107.840ms
[2020-01-29T22:44:06.560+0300][179.400s][info][gc] GC(1930) Pause Young (Allocation Failure) 170M->170M(228M) 75.421ms
[2020-01-29T22:44:06.624+0300][179.464s][info][gc] GC(1931) Pause Full (Ergonomics) 170M->36M(228M) 64.239ms
[2020-01-29T22:44:06.691+0300][179.531s][info][gc] GC(1932) Pause Young (Allocation Failure) 65M->65M(228M) 63.435ms
[2020-01-29T22:44:06.802+0300][179.642s][info][gc] GC(1933) Pause Young (Allocation Failure) 94M->94M(228M) 107.052ms
[2020-01-29T22:44:06.916+0300][179.756s][info][gc] GC(1934) Pause Young (Allocation Failure) 123M->123M(228M) 109.818ms
[2020-01-29T22:44:07.003+0300][179.843s][info][gc] GC(1935) Pause Young (Allocation Failure) 172M->172M(228M) 71.847ms
[2020-01-29T22:44:07.076+0300][179.917s][info][gc] GC(1936) Pause Full (Ergonomics) 172M->38M(228M) 73.963ms
[2020-01-29T22:44:07.140+0300][179.981s][info][gc] GC(1937) Pause Young (Allocation Failure) 67M->67M(228M) 60.017ms
[2020-01-29T22:44:07.258+0300][180.098s][info][gc] GC(1938) Pause Young (Allocation Failure) 96M->96M(228M) 114.051ms
[2020-01-29T22:44:07.377+0300][180.217s][info][gc] GC(1939) Pause Young (Allocation Failure) 125M->125M(228M) 115.112ms
[2020-01-29T22:44:07.461+0300][180.301s][info][gc] GC(1940) Pause Young (Allocation Failure) 173M->173M(228M) 69.200ms
[2020-01-29T22:44:07.536+0300][180.376s][info][gc] GC(1941) Pause Full (Ergonomics) 173M->39M(228M) 75.041ms
[2020-01-29T22:44:07.603+0300][180.443s][info][gc] GC(1942) Pause Young (Allocation Failure) 68M->68M(228M) 62.298ms
[2020-01-29T22:44:07.720+0300][180.559s][info][gc] GC(1943) Pause Young (Allocation Failure) 97M->97M(228M) 113.265ms
[2020-01-29T22:44:07.840+0300][180.680s][info][gc] GC(1944) Pause Young (Allocation Failure) 126M->126M(228M) 116.805ms
[2020-01-29T22:44:07.925+0300][180.766s][info][gc] GC(1945) Pause Young (Allocation Failure) 174M->174M(228M) 70.716ms
[2020-01-29T22:44:08.003+0300][180.843s][info][gc] GC(1946) Pause Full (Ergonomics) 174M->40M(228M) 77.397ms
[2020-01-29T22:44:08.064+0300][180.904s][info][gc] GC(1947) Pause Young (Allocation Failure) 69M->69M(228M) 57.223ms
[2020-01-29T22:44:08.175+0300][181.014s][info][gc] GC(1948) Pause Young (Allocation Failure) 98M->98M(228M) 106.752ms
[2020-01-29T22:44:08.291+0300][181.131s][info][gc] GC(1949) Pause Young (Allocation Failure) 127M->127M(228M) 113.501ms
[2020-01-29T22:44:08.381+0300][181.221s][info][gc] GC(1950) Pause Young (Allocation Failure) 156M->156M(228M) 77.684ms
[2020-01-29T22:44:08.395+0300][181.235s][info][gc] GC(1951) Pause Full (Ergonomics) 156M->22M(228M) 13.314ms
[2020-01-29T22:44:08.458+0300][181.298s][info][gc] GC(1952) Pause Young (Allocation Failure) 51M->51M(228M) 59.303ms
[2020-01-29T22:44:08.566+0300][181.406s][info][gc] GC(1953) Pause Young (Allocation Failure) 80M->80M(228M) 105.137ms
[2020-01-29T22:44:08.683+0300][181.523s][info][gc] GC(1954) Pause Young (Allocation Failure) 109M->109M(228M) 112.657ms
[2020-01-29T22:44:08.803+0300][181.643s][info][gc] GC(1955) Pause Young (Allocation Failure) 157M->158M(228M) 106.230ms
[2020-01-29T22:44:08.825+0300][181.666s][info][gc] GC(1956) Pause Full (Ergonomics) 158M->24M(228M) 22.164ms
[2020-01-29T22:44:08.888+0300][181.728s][info][gc] GC(1957) Pause Young (Allocation Failure) 53M->52M(228M) 58.146ms
[2020-01-29T22:44:09.006+0300][181.846s][info][gc] GC(1958) Pause Young (Allocation Failure) 81M->82M(228M) 114.374ms
[2020-01-29T22:44:09.121+0300][181.961s][info][gc] GC(1959) Pause Young (Allocation Failure) 111M->111M(228M) 110.877ms
[2020-01-29T22:44:09.235+0300][182.075s][info][gc] GC(1960) Pause Young (Allocation Failure) 159M->159M(228M) 98.941ms
[2020-01-29T22:44:09.259+0300][182.099s][info][gc] GC(1961) Pause Full (Ergonomics) 159M->25M(228M) 23.640ms
[2020-01-29T22:44:09.336+0300][182.177s][info][gc] GC(1962) Pause Young (Allocation Failure) 54M->54M(228M) 73.754ms
[2020-01-29T22:44:09.452+0300][182.292s][info][gc] GC(1963) Pause Young (Allocation Failure) 83M->83M(228M) 111.706ms
[2020-01-29T22:44:09.560+0300][182.401s][info][gc] GC(1964) Pause Young (Allocation Failure) 112M->112M(228M) 104.709ms
[2020-01-29T22:44:09.674+0300][182.514s][info][gc] GC(1965) Pause Young (Allocation Failure) 160M->160M(228M) 98.566ms
[2020-01-29T22:44:09.707+0300][182.547s][info][gc] GC(1966) Pause Full (Ergonomics) 160M->26M(228M) 32.831ms
[2020-01-29T22:44:09.794+0300][182.633s][info][gc] GC(1967) Pause Young (Allocation Failure) 55M->55M(228M) 82.514ms
[2020-01-29T22:44:09.910+0300][182.751s][info][gc] GC(1968) Pause Young (Allocation Failure) 84M->84M(228M) 113.130ms
[2020-01-29T22:44:10.026+0300][182.866s][info][gc] GC(1969) Pause Young (Allocation Failure) 113M->113M(228M) 111.740ms
[2020-01-29T22:44:10.141+0300][182.980s][info][gc] GC(1970) Pause Young (Allocation Failure) 161M->161M(228M) 99.290ms
[2020-01-29T22:44:10.177+0300][183.016s][info][gc] GC(1971) Pause Full (Ergonomics) 161M->27M(228M) 35.897ms
[2020-01-29T22:44:10.243+0300][183.082s][info][gc] GC(1972) Pause Young (Allocation Failure) 56M->56M(228M) 62.559ms
[2020-01-29T22:44:10.374+0300][183.214s][info][gc] GC(1973) Pause Young (Allocation Failure) 85M->85M(228M) 127.648ms
[2020-01-29T22:44:10.493+0300][183.333s][info][gc] GC(1974) Pause Young (Allocation Failure) 114M->114M(228M) 115.736ms
[2020-01-29T22:44:10.609+0300][183.449s][info][gc] GC(1975) Pause Young (Allocation Failure) 162M->163M(228M) 100.340ms
[2020-01-29T22:44:10.649+0300][183.489s][info][gc] GC(1976) Pause Full (Ergonomics) 163M->29M(228M) 40.291ms
[2020-01-29T22:44:10.713+0300][183.553s][info][gc] GC(1977) Pause Young (Allocation Failure) 58M->58M(228M) 60.045ms
[2020-01-29T22:44:10.850+0300][183.690s][info][gc] GC(1978) Pause Young (Allocation Failure) 87M->87M(228M) 133.080ms
[2020-01-29T22:44:10.962+0300][183.802s][info][gc] GC(1979) Pause Young (Allocation Failure) 116M->116M(228M) 108.533ms
[2020-01-29T22:44:11.063+0300][183.904s][info][gc] GC(1980) Pause Young (Allocation Failure) 164M->164M(228M) 86.329ms
[2020-01-29T22:44:11.106+0300][183.947s][info][gc] GC(1981) Pause Full (Ergonomics) 164M->30M(228M) 42.777ms
[2020-01-29T22:44:11.172+0300][184.012s][info][gc] GC(1982) Pause Young (Allocation Failure) 59M->59M(228M) 62.104ms
[2020-01-29T22:44:11.291+0300][184.131s][info][gc] GC(1983) Pause Young (Allocation Failure) 88M->88M(228M) 115.167ms
[2020-01-29T22:44:11.404+0300][184.245s][info][gc] GC(1984) Pause Young (Allocation Failure) 117M->117M(228M) 110.098ms
[2020-01-29T22:44:11.505+0300][184.345s][info][gc] GC(1985) Pause Young (Allocation Failure) 165M->165M(228M) 85.449ms
[2020-01-29T22:44:11.556+0300][184.396s][info][gc] GC(1986) Pause Full (Ergonomics) 165M->31M(228M) 50.546ms
[2020-01-29T22:44:11.622+0300][184.462s][info][gc] GC(1987) Pause Young (Allocation Failure) 60M->60M(228M) 61.329ms
[2020-01-29T22:44:11.726+0300][184.565s][info][gc] GC(1988) Pause Young (Allocation Failure) 89M->89M(228M) 99.662ms
[2020-01-29T22:44:11.837+0300][184.677s][info][gc] GC(1989) Pause Young (Allocation Failure) 118M->118M(228M) 108.614ms
[2020-01-29T22:44:11.938+0300][184.778s][info][gc] GC(1990) Pause Young (Allocation Failure) 166M->166M(228M) 84.438ms
[2020-01-29T22:44:11.992+0300][184.832s][info][gc] GC(1991) Pause Full (Ergonomics) 166M->32M(228M) 54.581ms
[2020-01-29T22:44:12.056+0300][184.896s][info][gc] GC(1992) Pause Young (Allocation Failure) 61M->61M(228M) 60.594ms
[2020-01-29T22:44:12.177+0300][185.017s][info][gc] GC(1993) Pause Young (Allocation Failure) 90M->90M(228M) 115.022ms
[2020-01-29T22:44:12.294+0300][185.133s][info][gc] GC(1994) Pause Young (Allocation Failure) 119M->119M(228M) 112.698ms
[2020-01-29T22:44:12.388+0300][185.228s][info][gc] GC(1995) Pause Young (Allocation Failure) 167M->167M(228M) 79.644ms
[2020-01-29T22:44:12.445+0300][185.285s][info][gc] GC(1996) Pause Full (Ergonomics) 167M->33M(228M) 56.898ms
[2020-01-29T22:44:12.519+0300][185.359s][info][gc] GC(1997) Pause Young (Allocation Failure) 62M->62M(228M) 70.022ms
[2020-01-29T22:44:12.630+0300][185.470s][info][gc] GC(1998) Pause Young (Allocation Failure) 91M->92M(228M) 107.577ms
[2020-01-29T22:44:12.744+0300][185.584s][info][gc] GC(1999) Pause Young (Allocation Failure) 121M->121M(228M) 110.186ms
[2020-01-29T22:44:12.837+0300][185.677s][info][gc] GC(2000) Pause Young (Allocation Failure) 169M->169M(228M) 77.416ms
[2020-01-29T22:44:12.904+0300][185.744s][info][gc] GC(2001) Pause Full (Ergonomics) 169M->35M(228M) 67.502ms
[2020-01-29T22:44:12.971+0300][185.810s][info][gc] GC(2002) Pause Young (Allocation Failure) 64M->64M(228M) 61.202ms
[2020-01-29T22:44:13.086+0300][185.926s][info][gc] GC(2003) Pause Young (Allocation Failure) 93M->93M(228M) 112.072ms
[2020-01-29T22:44:13.205+0300][186.045s][info][gc] GC(2004) Pause Young (Allocation Failure) 122M->122M(228M) 115.094ms
[2020-01-29T22:44:13.300+0300][186.140s][info][gc] GC(2005) Pause Young (Allocation Failure) 170M->170M(228M) 79.678ms
[2020-01-29T22:44:13.356+0300][186.196s][info][gc] GC(2006) Pause Full (Ergonomics) 170M->36M(228M) 55.169ms
[2020-01-29T22:44:13.423+0300][186.262s][info][gc] GC(2007) Pause Young (Allocation Failure) 65M->65M(228M) 62.426ms
[2020-01-29T22:44:13.533+0300][186.373s][info][gc] GC(2008) Pause Young (Allocation Failure) 94M->94M(228M) 107.104ms
[2020-01-29T22:44:13.650+0300][186.491s][info][gc] GC(2009) Pause Young (Allocation Failure) 123M->123M(228M) 113.826ms
[2020-01-29T22:44:13.787+0300][186.627s][info][gc] GC(2010) Pause Young (Allocation Failure) 171M->171M(228M) 120.977ms
[2020-01-29T22:44:13.868+0300][186.708s][info][gc] GC(2011) Pause Full (Ergonomics) 171M->37M(228M) 81.572ms
[2020-01-29T22:44:13.935+0300][186.775s][info][gc] GC(2012) Pause Young (Allocation Failure) 66M->66M(228M) 62.778ms
[2020-01-29T22:44:14.051+0300][186.891s][info][gc] GC(2013) Pause Young (Allocation Failure) 95M->95M(228M) 112.525ms
[2020-01-29T22:44:14.165+0300][187.005s][info][gc] GC(2014) Pause Young (Allocation Failure) 124M->124M(228M) 110.463ms
[2020-01-29T22:44:14.306+0300][187.146s][info][gc] GC(2015) Pause Young (Allocation Failure) 172M->172M(228M) 125.354ms
[2020-01-29T22:44:14.398+0300][187.237s][info][gc] GC(2016) Pause Full (Ergonomics) 172M->38M(228M) 91.262ms
[2020-01-29T22:44:14.463+0300][187.304s][info][gc] GC(2017) Pause Young (Allocation Failure) 67M->67M(228M) 62.813ms
[2020-01-29T22:44:14.579+0300][187.419s][info][gc] GC(2018) Pause Young (Allocation Failure) 96M->97M(228M) 111.532ms
[2020-01-29T22:44:14.706+0300][187.546s][info][gc] GC(2019) Pause Young (Allocation Failure) 126M->126M(228M) 123.362ms
[2020-01-29T22:44:14.844+0300][187.684s][info][gc] GC(2020) Pause Young (Allocation Failure) 174M->174M(228M) 123.620ms
[2020-01-29T22:44:14.937+0300][187.777s][info][gc] GC(2021) Pause Full (Ergonomics) 174M->40M(228M) 92.816ms
[2020-01-29T22:44:15.000+0300][187.840s][info][gc] GC(2022) Pause Young (Allocation Failure) 69M->69M(228M) 59.671ms
[2020-01-29T22:44:15.117+0300][187.957s][info][gc] GC(2023) Pause Young (Allocation Failure) 98M->98M(228M) 112.580ms
[2020-01-29T22:44:15.238+0300][188.079s][info][gc] GC(2024) Pause Young (Allocation Failure) 127M->127M(228M) 118.556ms
[2020-01-29T22:44:15.330+0300][188.170s][info][gc] GC(2025) Pause Young (Allocation Failure) 156M->156M(228M) 78.285ms
[2020-01-29T22:44:15.342+0300][188.182s][info][gc] GC(2026) Pause Full (Ergonomics) 156M->22M(228M) 11.711ms
[2020-01-29T22:44:15.408+0300][188.248s][info][gc] GC(2027) Pause Young (Allocation Failure) 51M->51M(228M) 62.511ms
[2020-01-29T22:44:15.518+0300][188.358s][info][gc] GC(2028) Pause Young (Allocation Failure) 80M->80M(228M) 106.398ms
[2020-01-29T22:44:15.634+0300][188.474s][info][gc] GC(2029) Pause Young (Allocation Failure) 109M->109M(228M) 112.841ms
[2020-01-29T22:44:15.774+0300][188.614s][info][gc] GC(2030) Pause Young (Allocation Failure) 157M->157M(228M) 124.628ms
[2020-01-29T22:44:15.796+0300][188.636s][info][gc] GC(2031) Pause Full (Ergonomics) 157M->23M(228M) 21.805ms
[2020-01-29T22:44:15.862+0300][188.702s][info][gc] GC(2032) Pause Young (Allocation Failure) 52M->52M(228M) 61.844ms
[2020-01-29T22:44:15.977+0300][188.818s][info][gc] GC(2033) Pause Young (Allocation Failure) 81M->81M(228M) 112.080ms
[2020-01-29T22:44:16.087+0300][188.927s][info][gc] GC(2034) Pause Young (Allocation Failure) 110M->110M(228M) 106.324ms
[2020-01-29T22:44:16.209+0300][189.049s][info][gc] GC(2035) Pause Young (Allocation Failure) 158M->158M(228M) 105.962ms
[2020-01-29T22:44:16.232+0300][189.072s][info][gc] GC(2036) Pause Full (Ergonomics) 158M->24M(228M) 23.468ms
[2020-01-29T22:44:16.294+0300][189.135s][info][gc] GC(2037) Pause Young (Allocation Failure) 53M->53M(228M) 59.196ms
[2020-01-29T22:44:16.409+0300][189.249s][info][gc] GC(2038) Pause Young (Allocation Failure) 82M->82M(228M) 110.611ms
[2020-01-29T22:44:16.520+0300][189.360s][info][gc] GC(2039) Pause Young (Allocation Failure) 111M->111M(228M) 107.494ms
[2020-01-29T22:44:16.637+0300][189.477s][info][gc] GC(2040) Pause Young (Allocation Failure) 160M->160M(228M) 101.177ms
[2020-01-29T22:44:16.666+0300][189.506s][info][gc] GC(2041) Pause Full (Ergonomics) 160M->26M(228M) 29.359ms
[2020-01-29T22:44:16.731+0300][189.572s][info][gc] GC(2042) Pause Young (Allocation Failure) 55M->55M(228M) 61.088ms
[2020-01-29T22:44:16.838+0300][189.679s][info][gc] GC(2043) Pause Young (Allocation Failure) 84M->84M(228M) 103.554ms
[2020-01-29T22:44:16.948+0300][189.789s][info][gc] GC(2044) Pause Young (Allocation Failure) 113M->113M(228M) 105.826ms
[2020-01-29T22:44:17.063+0300][189.903s][info][gc] GC(2045) Pause Young (Allocation Failure) 161M->161M(228M) 99.767ms
[2020-01-29T22:44:17.095+0300][189.935s][info][gc] GC(2046) Pause Full (Ergonomics) 161M->27M(228M) 31.638ms
[2020-01-29T22:44:17.156+0300][189.995s][info][gc] GC(2047) Pause Young (Allocation Failure) 56M->56M(228M) 57.094ms
[2020-01-29T22:44:17.268+0300][190.108s][info][gc] GC(2048) Pause Young (Allocation Failure) 85M->85M(228M) 109.356ms
[2020-01-29T22:44:17.387+0300][190.227s][info][gc] GC(2049) Pause Young (Allocation Failure) 114M->114M(228M) 115.068ms
[2020-01-29T22:44:17.497+0300][190.337s][info][gc] GC(2050) Pause Young (Allocation Failure) 162M->162M(228M) 95.473ms
[2020-01-29T22:44:17.537+0300][190.377s][info][gc] GC(2051) Pause Full (Ergonomics) 162M->28M(228M) 39.620ms
[2020-01-29T22:44:17.600+0300][190.441s][info][gc] GC(2052) Pause Young (Allocation Failure) 57M->57M(228M) 60.108ms
[2020-01-29T22:44:17.716+0300][190.556s][info][gc] GC(2053) Pause Young (Allocation Failure) 86M->86M(228M) 111.898ms
[2020-01-29T22:44:17.834+0300][190.674s][info][gc] GC(2054) Pause Young (Allocation Failure) 115M->115M(228M) 113.916ms
[2020-01-29T22:44:17.943+0300][190.782s][info][gc] GC(2055) Pause Young (Allocation Failure) 163M->163M(228M) 93.097ms
[2020-01-29T22:44:17.985+0300][190.825s][info][gc] GC(2056) Pause Full (Ergonomics) 163M->29M(228M) 43.014ms
[2020-01-29T22:44:18.050+0300][190.890s][info][gc] GC(2057) Pause Young (Allocation Failure) 58M->58M(228M) 61.440ms
[2020-01-29T22:44:18.167+0300][191.007s][info][gc] GC(2058) Pause Young (Allocation Failure) 87M->87M(228M) 112.880ms
[2020-01-29T22:44:18.282+0300][191.122s][info][gc] GC(2059) Pause Young (Allocation Failure) 116M->116M(228M) 111.719ms
[2020-01-29T22:44:18.385+0300][191.225s][info][gc] GC(2060) Pause Young (Allocation Failure) 164M->165M(228M) 87.630ms
[2020-01-29T22:44:18.430+0300][191.269s][info][gc] GC(2061) Pause Full (Ergonomics) 165M->31M(228M) 44.715ms
[2020-01-29T22:44:18.492+0300][191.332s][info][gc] GC(2062) Pause Young (Allocation Failure) 60M->60M(228M) 58.493ms
[2020-01-29T22:44:18.608+0300][191.448s][info][gc] GC(2063) Pause Young (Allocation Failure) 89M->89M(228M) 112.690ms
[2020-01-29T22:44:18.727+0300][191.567s][info][gc] GC(2064) Pause Young (Allocation Failure) 118M->118M(228M) 114.989ms
[2020-01-29T22:44:18.829+0300][191.669s][info][gc] GC(2065) Pause Young (Allocation Failure) 166M->166M(228M) 87.098ms
[2020-01-29T22:44:18.878+0300][191.718s][info][gc] GC(2066) Pause Full (Ergonomics) 166M->32M(228M) 49.447ms
[2020-01-29T22:44:18.943+0300][191.783s][info][gc] GC(2067) Pause Young (Allocation Failure) 61M->61M(228M) 60.662ms
[2020-01-29T22:44:19.057+0300][191.897s][info][gc] GC(2068) Pause Young (Allocation Failure) 90M->90M(228M) 110.805ms
[2020-01-29T22:44:19.171+0300][192.011s][info][gc] GC(2069) Pause Young (Allocation Failure) 119M->119M(228M) 110.478ms
[2020-01-29T22:44:19.267+0300][192.107s][info][gc] GC(2070) Pause Young (Allocation Failure) 167M->167M(228M) 80.837ms
[2020-01-29T22:44:19.326+0300][192.166s][info][gc] GC(2071) Pause Full (Ergonomics) 167M->33M(228M) 59.049ms
[2020-01-29T22:44:19.388+0300][192.228s][info][gc] GC(2072) Pause Young (Allocation Failure) 62M->62M(228M) 58.430ms
[2020-01-29T22:44:19.507+0300][192.347s][info][gc] GC(2073) Pause Young (Allocation Failure) 91M->91M(228M) 115.414ms
[2020-01-29T22:44:19.626+0300][192.466s][info][gc] GC(2074) Pause Young (Allocation Failure) 120M->120M(228M) 115.136ms
[2020-01-29T22:44:19.718+0300][192.558s][info][gc] GC(2075) Pause Young (Allocation Failure) 168M->168M(228M) 76.595ms
[2020-01-29T22:44:19.776+0300][192.616s][info][gc] GC(2076) Pause Full (Ergonomics) 168M->34M(228M) 58.154ms
[2020-01-29T22:44:19.840+0300][192.681s][info][gc] GC(2077) Pause Young (Allocation Failure) 63M->63M(228M) 61.381ms
[2020-01-29T22:44:19.957+0300][192.798s][info][gc] GC(2078) Pause Young (Allocation Failure) 92M->92M(228M) 112.813ms
[2020-01-29T22:44:20.076+0300][192.916s][info][gc] GC(2079) Pause Young (Allocation Failure) 121M->121M(228M) 115.008ms
[2020-01-29T22:44:20.210+0300][193.050s][info][gc] GC(2080) Pause Young (Allocation Failure) 169M->169M(228M) 119.068ms
[2020-01-29T22:44:20.289+0300][193.129s][info][gc] GC(2081) Pause Full (Ergonomics) 169M->35M(228M) 78.309ms
[2020-01-29T22:44:20.353+0300][193.193s][info][gc] GC(2082) Pause Young (Allocation Failure) 64M->65M(228M) 60.514ms
[2020-01-29T22:44:20.467+0300][193.307s][info][gc] GC(2083) Pause Young (Allocation Failure) 94M->94M(228M) 110.856ms
[2020-01-29T22:44:20.585+0300][193.424s][info][gc] GC(2084) Pause Young (Allocation Failure) 123M->123M(228M) 113.243ms
[2020-01-29T22:44:20.672+0300][193.513s][info][gc] GC(2085) Pause Young (Allocation Failure) 171M->171M(228M) 74.055ms
[2020-01-29T22:44:20.739+0300][193.579s][info][gc] GC(2086) Pause Full (Ergonomics) 171M->37M(228M) 66.348ms
[2020-01-29T22:44:20.804+0300][193.645s][info][gc] GC(2087) Pause Young (Allocation Failure) 66M->66M(228M) 61.710ms
[2020-01-29T22:44:20.924+0300][193.765s][info][gc] GC(2088) Pause Young (Allocation Failure) 95M->95M(228M) 116.263ms
[2020-01-29T22:44:21.042+0300][193.882s][info][gc] GC(2089) Pause Young (Allocation Failure) 124M->124M(228M) 113.435ms
[2020-01-29T22:44:21.176+0300][194.016s][info][gc] GC(2090) Pause Young (Allocation Failure) 172M->172M(228M) 119.804ms
[2020-01-29T22:44:21.265+0300][194.106s][info][gc] GC(2091) Pause Full (Ergonomics) 172M->38M(228M) 89.457ms
[2020-01-29T22:44:21.329+0300][194.169s][info][gc] GC(2092) Pause Young (Allocation Failure) 67M->67M(228M) 60.086ms
[2020-01-29T22:44:21.440+0300][194.279s][info][gc] GC(2093) Pause Young (Allocation Failure) 96M->96M(228M) 106.585ms
[2020-01-29T22:44:21.550+0300][194.391s][info][gc] GC(2094) Pause Young (Allocation Failure) 125M->125M(228M) 107.722ms
[2020-01-29T22:44:21.635+0300][194.475s][info][gc] GC(2095) Pause Young (Allocation Failure) 173M->173M(228M) 68.835ms
[2020-01-29T22:44:21.711+0300][194.550s][info][gc] GC(2096) Pause Full (Ergonomics) 173M->39M(228M) 75.118ms
[2020-01-29T22:44:21.770+0300][194.611s][info][gc] GC(2097) Pause Young (Allocation Failure) 68M->68M(228M) 56.822ms
[2020-01-29T22:44:21.888+0300][194.727s][info][gc] GC(2098) Pause Young (Allocation Failure) 97M->97M(228M) 112.773ms
[2020-01-29T22:44:22.003+0300][194.843s][info][gc] GC(2099) Pause Young (Allocation Failure) 126M->126M(228M) 111.483ms
[2020-01-29T22:44:22.090+0300][194.930s][info][gc] GC(2100) Pause Young (Allocation Failure) 155M->155M(228M) 74.953ms
[2020-01-29T22:44:22.100+0300][194.940s][info][gc] GC(2101) Pause Full (Ergonomics) 155M->21M(228M) 10.058ms
[2020-01-29T22:44:22.163+0300][195.003s][info][gc] GC(2102) Pause Young (Allocation Failure) 50M->50M(228M) 59.215ms
[2020-01-29T22:44:22.274+0300][195.114s][info][gc] GC(2103) Pause Young (Allocation Failure) 79M->79M(228M) 107.300ms
[2020-01-29T22:44:22.390+0300][195.230s][info][gc] GC(2104) Pause Young (Allocation Failure) 108M->109M(228M) 112.135ms
[2020-01-29T22:44:22.524+0300][195.364s][info][gc] GC(2105) Pause Young (Allocation Failure) 157M->157M(228M) 120.071ms
[2020-01-29T22:44:22.544+0300][195.384s][info][gc] GC(2106) Pause Full (Ergonomics) 157M->23M(228M) 19.585ms
[2020-01-29T22:44:22.610+0300][195.450s][info][gc] GC(2107) Pause Young (Allocation Failure) 52M->52M(228M) 62.118ms
[2020-01-29T22:44:22.721+0300][195.562s][info][gc] GC(2108) Pause Young (Allocation Failure) 81M->81M(228M) 108.291ms
[2020-01-29T22:44:22.839+0300][195.679s][info][gc] GC(2109) Pause Young (Allocation Failure) 110M->110M(228M) 113.403ms
[2020-01-29T22:44:22.975+0300][195.815s][info][gc] GC(2110) Pause Young (Allocation Failure) 158M->158M(228M) 120.891ms
[2020-01-29T22:44:23.004+0300][195.843s][info][gc] GC(2111) Pause Full (Ergonomics) 158M->24M(228M) 28.760ms
[2020-01-29T22:44:23.068+0300][195.908s][info][gc] GC(2112) Pause Young (Allocation Failure) 53M->53M(228M) 61.442ms
[2020-01-29T22:44:23.180+0300][196.020s][info][gc] GC(2113) Pause Young (Allocation Failure) 82M->82M(228M) 108.390ms
[2020-01-29T22:44:23.298+0300][196.138s][info][gc] GC(2114) Pause Young (Allocation Failure) 111M->111M(228M) 114.204ms
[2020-01-29T22:44:23.409+0300][196.248s][info][gc] GC(2115) Pause Young (Allocation Failure) 159M->159M(228M) 95.779ms
[2020-01-29T22:44:23.435+0300][196.275s][info][gc] GC(2116) Pause Full (Ergonomics) 159M->25M(228M) 26.902ms
[2020-01-29T22:44:23.494+0300][196.335s][info][gc] GC(2117) Pause Young (Allocation Failure) 54M->54M(228M) 55.867ms
[2020-01-29T22:44:23.607+0300][196.447s][info][gc] GC(2118) Pause Young (Allocation Failure) 83M->83M(228M) 108.492ms
[2020-01-29T22:44:23.722+0300][196.561s][info][gc] GC(2119) Pause Young (Allocation Failure) 112M->112M(228M) 110.978ms
[2020-01-29T22:44:23.836+0300][196.676s][info][gc] GC(2120) Pause Young (Allocation Failure) 160M->160M(228M) 99.811ms
[2020-01-29T22:44:23.867+0300][196.708s][info][gc] GC(2121) Pause Full (Ergonomics) 160M->26M(228M) 31.022ms
[2020-01-29T22:44:23.933+0300][196.773s][info][gc] GC(2122) Pause Young (Allocation Failure) 55M->55M(228M) 61.218ms
[2020-01-29T22:44:24.044+0300][196.884s][info][gc] GC(2123) Pause Young (Allocation Failure) 84M->84M(228M) 108.085ms
[2020-01-29T22:44:24.162+0300][197.002s][info][gc] GC(2124) Pause Young (Allocation Failure) 113M->113M(228M) 113.735ms
[2020-01-29T22:44:24.274+0300][197.114s][info][gc] GC(2125) Pause Young (Allocation Failure) 162M->162M(228M) 97.508ms
[2020-01-29T22:44:24.309+0300][197.149s][info][gc] GC(2126) Pause Full (Ergonomics) 162M->28M(228M) 34.636ms
[2020-01-29T22:44:24.370+0300][197.210s][info][gc] GC(2127) Pause Young (Allocation Failure) 57M->57M(228M) 57.844ms
[2020-01-29T22:44:24.487+0300][197.327s][info][gc] GC(2128) Pause Young (Allocation Failure) 86M->86M(228M) 112.822ms
[2020-01-29T22:44:24.602+0300][197.442s][info][gc] GC(2129) Pause Young (Allocation Failure) 115M->115M(228M) 111.646ms
[2020-01-29T22:44:24.740+0300][197.580s][info][gc] GC(2130) Pause Young (Allocation Failure) 163M->163M(228M) 123.873ms
[2020-01-29T22:44:24.794+0300][197.634s][info][gc] GC(2131) Pause Full (Ergonomics) 163M->29M(228M) 53.297ms
[2020-01-29T22:44:24.861+0300][197.700s][info][gc] GC(2132) Pause Young (Allocation Failure) 58M->58M(228M) 62.640ms
[2020-01-29T22:44:24.981+0300][197.822s][info][gc] GC(2133) Pause Young (Allocation Failure) 87M->87M(228M) 117.550ms
[2020-01-29T22:44:25.075+0300][197.915s][info][gc] GC(2134) Pause Young (Allocation Failure) 116M->116M(228M) 89.274ms
[2020-01-29T22:44:25.181+0300][198.021s][info][gc] GC(2135) Pause Young (Allocation Failure) 164M->164M(228M) 90.303ms
[2020-01-29T22:44:25.225+0300][198.065s][info][gc] GC(2136) Pause Full (Ergonomics) 164M->30M(228M) 44.052ms
[2020-01-29T22:44:25.287+0300][198.127s][info][gc] GC(2137) Pause Young (Allocation Failure) 59M->59M(228M) 58.049ms
[2020-01-29T22:44:25.404+0300][198.244s][info][gc] GC(2138) Pause Young (Allocation Failure) 88M->88M(228M) 113.655ms
[2020-01-29T22:44:25.518+0300][198.358s][info][gc] GC(2139) Pause Young (Allocation Failure) 117M->117M(228M) 110.264ms
[2020-01-29T22:44:25.647+0300][198.486s][info][gc] GC(2140) Pause Young (Allocation Failure) 165M->165M(228M) 113.041ms
[2020-01-29T22:44:25.698+0300][198.538s][info][gc] GC(2141) Pause Full (Ergonomics) 165M->31M(228M) 52.116ms
[2020-01-29T22:44:25.762+0300][198.603s][info][gc] GC(2142) Pause Young (Allocation Failure) 60M->60M(228M) 60.306ms
[2020-01-29T22:44:25.874+0300][198.714s][info][gc] GC(2143) Pause Young (Allocation Failure) 89M->89M(228M) 108.310ms
[2020-01-29T22:44:25.986+0300][198.826s][info][gc] GC(2144) Pause Young (Allocation Failure) 118M->118M(228M) 107.473ms
[2020-01-29T22:44:26.084+0300][198.924s][info][gc] GC(2145) Pause Young (Allocation Failure) 166M->167M(228M) 83.995ms
[2020-01-29T22:44:26.137+0300][198.977s][info][gc] GC(2146) Pause Full (Ergonomics) 167M->33M(228M) 53.101ms
[2020-01-29T22:44:26.204+0300][199.044s][info][gc] GC(2147) Pause Young (Allocation Failure) 62M->62M(228M) 62.961ms
[2020-01-29T22:44:26.322+0300][199.162s][info][gc] GC(2148) Pause Young (Allocation Failure) 91M->91M(228M) 114.443ms
[2020-01-29T22:44:26.435+0300][199.275s][info][gc] GC(2149) Pause Young (Allocation Failure) 120M->120M(228M) 109.607ms
[2020-01-29T22:44:26.533+0300][199.373s][info][gc] GC(2150) Pause Young (Allocation Failure) 168M->168M(228M) 82.523ms
[2020-01-29T22:44:26.591+0300][199.430s][info][gc] GC(2151) Pause Full (Ergonomics) 168M->34M(228M) 57.287ms
[2020-01-29T22:44:26.653+0300][199.493s][info][gc] GC(2152) Pause Young (Allocation Failure) 63M->63M(228M) 59.355ms
[2020-01-29T22:44:26.765+0300][199.605s][info][gc] GC(2153) Pause Young (Allocation Failure) 92M->92M(228M) 108.220ms
[2020-01-29T22:44:26.880+0300][199.720s][info][gc] GC(2154) Pause Young (Allocation Failure) 121M->121M(228M) 111.228ms
[2020-01-29T22:44:26.971+0300][199.811s][info][gc] GC(2155) Pause Young (Allocation Failure) 169M->169M(228M) 75.476ms
[2020-01-29T22:44:27.036+0300][199.876s][info][gc] GC(2156) Pause Full (Ergonomics) 169M->35M(228M) 65.353ms
[2020-01-29T22:44:27.100+0300][199.940s][info][gc] GC(2157) Pause Young (Allocation Failure) 64M->64M(228M) 60.015ms
[2020-01-29T22:44:27.219+0300][200.060s][info][gc] GC(2158) Pause Young (Allocation Failure) 93M->93M(228M) 116.171ms
[2020-01-29T22:44:27.335+0300][200.175s][info][gc] GC(2159) Pause Young (Allocation Failure) 122M->122M(228M) 111.563ms
[2020-01-29T22:44:27.425+0300][200.264s][info][gc] GC(2160) Pause Young (Allocation Failure) 170M->170M(228M) 75.344ms
[2020-01-29T22:44:27.492+0300][200.332s][info][gc] GC(2161) Pause Full (Ergonomics) 170M->36M(228M) 67.221ms
[2020-01-29T22:44:27.555+0300][200.396s][info][gc] GC(2162) Pause Young (Allocation Failure) 65M->65M(228M) 60.247ms
[2020-01-29T22:44:27.673+0300][200.513s][info][gc] GC(2163) Pause Young (Allocation Failure) 94M->94M(228M) 113.650ms
[2020-01-29T22:44:27.780+0300][200.620s][info][gc] GC(2164) Pause Young (Allocation Failure) 123M->123M(228M) 103.759ms
[2020-01-29T22:44:27.869+0300][200.709s][info][gc] GC(2165) Pause Young (Allocation Failure) 172M->172M(228M) 73.577ms
[2020-01-29T22:44:27.931+0300][200.771s][info][gc] GC(2166) Pause Full (Ergonomics) 172M->38M(228M) 62.194ms
[2020-01-29T22:44:27.995+0300][200.835s][info][gc] GC(2167) Pause Young (Allocation Failure) 67M->67M(228M) 60.408ms
[2020-01-29T22:44:28.112+0300][200.952s][info][gc] GC(2168) Pause Young (Allocation Failure) 96M->96M(228M) 112.731ms
[2020-01-29T22:44:28.231+0300][201.071s][info][gc] GC(2169) Pause Young (Allocation Failure) 125M->125M(228M) 115.893ms
[2020-01-29T22:44:28.316+0300][201.157s][info][gc] GC(2170) Pause Young (Allocation Failure) 173M->173M(228M) 71.811ms
[2020-01-29T22:44:28.390+0300][201.231s][info][gc] GC(2171) Pause Full (Ergonomics) 173M->39M(228M) 73.783ms
[2020-01-29T22:44:28.455+0300][201.295s][info][gc] GC(2172) Pause Young (Allocation Failure) 68M->68M(228M) 60.910ms
[2020-01-29T22:44:28.565+0300][201.405s][info][gc] GC(2173) Pause Young (Allocation Failure) 97M->97M(228M) 106.239ms
[2020-01-29T22:44:28.681+0300][201.521s][info][gc] GC(2174) Pause Young (Allocation Failure) 126M->126M(228M) 112.486ms
[2020-01-29T22:44:28.765+0300][201.605s][info][gc] GC(2175) Pause Young (Allocation Failure) 174M->174M(228M) 69.025ms
[2020-01-29T22:44:28.833+0300][201.673s][info][gc] GC(2176) Pause Full (Ergonomics) 174M->40M(228M) 67.788ms
[2020-01-29T22:44:28.897+0300][201.737s][info][gc] GC(2177) Pause Young (Allocation Failure) 69M->69M(228M) 60.200ms
[2020-01-29T22:44:29.010+0300][201.850s][info][gc] GC(2178) Pause Young (Allocation Failure) 98M->98M(228M) 109.350ms
[2020-01-29T22:44:29.122+0300][201.962s][info][gc] GC(2179) Pause Young (Allocation Failure) 127M->127M(228M) 108.599ms
[2020-01-29T22:44:29.210+0300][202.049s][info][gc] GC(2180) Pause Young (Allocation Failure) 156M->156M(228M) 74.899ms
[2020-01-29T22:44:29.221+0300][202.061s][info][gc] GC(2181) Pause Full (Ergonomics) 156M->22M(228M) 11.700ms
[2020-01-29T22:44:29.283+0300][202.123s][info][gc] GC(2182) Pause Young (Allocation Failure) 51M->51M(228M) 58.877ms
[2020-01-29T22:44:29.393+0300][202.233s][info][gc] GC(2183) Pause Young (Allocation Failure) 80M->80M(228M) 106.476ms
[2020-01-29T22:44:29.510+0300][202.349s][info][gc] GC(2184) Pause Young (Allocation Failure) 109M->109M(228M) 112.440ms
[2020-01-29T22:44:29.633+0300][202.474s][info][gc] GC(2185) Pause Young (Allocation Failure) 157M->158M(228M) 109.565ms
[2020-01-29T22:44:29.653+0300][202.494s][info][gc] GC(2186) Pause Full (Ergonomics) 158M->24M(228M) 19.855ms
[2020-01-29T22:44:29.718+0300][202.558s][info][gc] GC(2187) Pause Young (Allocation Failure) 53M->53M(228M) 60.529ms
[2020-01-29T22:44:29.823+0300][202.663s][info][gc] GC(2188) Pause Young (Allocation Failure) 82M->82M(228M) 100.867ms
[2020-01-29T22:44:29.933+0300][202.773s][info][gc] GC(2189) Pause Young (Allocation Failure) 111M->111M(228M) 106.730ms
[2020-01-29T22:44:30.051+0300][202.891s][info][gc] GC(2190) Pause Young (Allocation Failure) 159M->159M(228M) 103.025ms
[2020-01-29T22:44:30.074+0300][202.914s][info][gc] GC(2191) Pause Full (Ergonomics) 159M->25M(228M) 22.670ms
[2020-01-29T22:44:30.135+0300][202.974s][info][gc] GC(2192) Pause Young (Allocation Failure) 54M->54M(228M) 57.067ms
[2020-01-29T22:44:30.249+0300][203.089s][info][gc] GC(2193) Pause Young (Allocation Failure) 83M->83M(228M) 110.840ms
[2020-01-29T22:44:30.367+0300][203.207s][info][gc] GC(2194) Pause Young (Allocation Failure) 112M->112M(228M) 114.181ms
[2020-01-29T22:44:30.481+0300][203.321s][info][gc] GC(2195) Pause Young (Allocation Failure) 160M->160M(228M) 98.897ms
[2020-01-29T22:44:30.510+0300][203.349s][info][gc] GC(2196) Pause Full (Ergonomics) 160M->26M(228M) 28.573ms
[2020-01-29T22:44:30.571+0300][203.412s][info][gc] GC(2197) Pause Young (Allocation Failure) 55M->55M(228M) 58.680ms
[2020-01-29T22:44:30.696+0300][203.535s][info][gc] GC(2198) Pause Young (Allocation Failure) 84M->84M(228M) 119.924ms
[2020-01-29T22:44:30.809+0300][203.649s][info][gc] GC(2199) Pause Young (Allocation Failure) 113M->113M(228M) 109.800ms
[2020-01-29T22:44:30.916+0300][203.756s][info][gc] GC(2200) Pause Young (Allocation Failure) 161M->161M(228M) 92.208ms
[2020-01-29T22:44:30.946+0300][203.787s][info][gc] GC(2201) Pause Full (Ergonomics) 161M->27M(228M) 30.811ms
[2020-01-29T22:44:31.011+0300][203.851s][info][gc] GC(2202) Pause Young (Allocation Failure) 56M->56M(228M) 59.972ms
[2020-01-29T22:44:31.127+0300][203.967s][info][gc] GC(2203) Pause Young (Allocation Failure) 85M->85M(228M) 111.411ms
[2020-01-29T22:44:31.246+0300][204.086s][info][gc] GC(2204) Pause Young (Allocation Failure) 114M->114M(228M) 115.582ms
[2020-01-29T22:44:31.353+0300][204.194s][info][gc] GC(2205) Pause Young (Allocation Failure) 162M->162M(228M) 93.104ms
[2020-01-29T22:44:31.397+0300][204.237s][info][gc] GC(2206) Pause Full (Ergonomics) 162M->28M(228M) 42.959ms
[2020-01-29T22:44:31.460+0300][204.300s][info][gc] GC(2207) Pause Young (Allocation Failure) 57M->57M(228M) 59.506ms
[2020-01-29T22:44:31.578+0300][204.418s][info][gc] GC(2208) Pause Young (Allocation Failure) 86M->87M(228M) 114.220ms
[2020-01-29T22:44:31.693+0300][204.533s][info][gc] GC(2209) Pause Young (Allocation Failure) 116M->116M(228M) 111.601ms
[2020-01-29T22:44:31.801+0300][204.641s][info][gc] GC(2210) Pause Young (Allocation Failure) 164M->164M(228M) 93.004ms
[2020-01-29T22:44:31.838+0300][204.679s][info][gc] GC(2211) Pause Full (Ergonomics) 164M->30M(228M) 37.481ms
[2020-01-29T22:44:31.905+0300][204.745s][info][gc] GC(2212) Pause Young (Allocation Failure) 59M->59M(228M) 62.717ms
[2020-01-29T22:44:32.022+0300][204.861s][info][gc] GC(2213) Pause Young (Allocation Failure) 88M->88M(228M) 112.432ms
[2020-01-29T22:44:32.137+0300][204.977s][info][gc] GC(2214) Pause Young (Allocation Failure) 117M->117M(228M) 112.394ms
[2020-01-29T22:44:32.274+0300][205.114s][info][gc] GC(2215) Pause Young (Allocation Failure) 165M->165M(228M) 122.309ms
[2020-01-29T22:44:32.332+0300][205.172s][info][gc] GC(2216) Pause Full (Ergonomics) 165M->31M(228M) 57.979ms
[2020-01-29T22:44:32.397+0300][205.236s][info][gc] GC(2217) Pause Young (Allocation Failure) 60M->60M(228M) 60.356ms
[2020-01-29T22:44:32.511+0300][205.352s][info][gc] GC(2218) Pause Young (Allocation Failure) 89M->89M(228M) 111.997ms
[2020-01-29T22:44:32.619+0300][205.459s][info][gc] GC(2219) Pause Young (Allocation Failure) 118M->118M(228M) 103.904ms
[2020-01-29T22:44:32.713+0300][205.553s][info][gc] GC(2220) Pause Young (Allocation Failure) 166M->166M(228M) 79.346ms
[2020-01-29T22:44:32.764+0300][205.604s][info][gc] GC(2221) Pause Full (Ergonomics) 166M->32M(228M) 50.811ms
[2020-01-29T22:44:32.824+0300][205.665s][info][gc] GC(2222) Pause Young (Allocation Failure) 61M->61M(228M) 56.779ms
[2020-01-29T22:44:32.941+0300][205.781s][info][gc] GC(2223) Pause Young (Allocation Failure) 90M->90M(228M) 112.518ms
[2020-01-29T22:44:33.052+0300][205.892s][info][gc] GC(2224) Pause Young (Allocation Failure) 119M->119M(228M) 107.467ms
[2020-01-29T22:44:33.187+0300][206.027s][info][gc] GC(2225) Pause Young (Allocation Failure) 167M->167M(228M) 120.366ms
[2020-01-29T22:44:33.252+0300][206.093s][info][gc] GC(2226) Pause Full (Ergonomics) 167M->33M(228M) 65.573ms
[2020-01-29T22:44:33.318+0300][206.158s][info][gc] GC(2227) Pause Young (Allocation Failure) 62M->62M(228M) 61.396ms
[2020-01-29T22:44:33.439+0300][206.278s][info][gc] GC(2228) Pause Young (Allocation Failure) 91M->92M(228M) 116.995ms
[2020-01-29T22:44:33.554+0300][206.394s][info][gc] GC(2229) Pause Young (Allocation Failure) 121M->121M(228M) 111.691ms
[2020-01-29T22:44:33.689+0300][206.529s][info][gc] GC(2230) Pause Young (Allocation Failure) 169M->169M(228M) 120.985ms
[2020-01-29T22:44:33.764+0300][206.604s][info][gc] GC(2231) Pause Full (Ergonomics) 169M->35M(228M) 74.797ms
[2020-01-29T22:44:33.831+0300][206.672s][info][gc] GC(2232) Pause Young (Allocation Failure) 64M->64M(228M) 63.442ms
[2020-01-29T22:44:33.948+0300][206.789s][info][gc] GC(2233) Pause Young (Allocation Failure) 93M->93M(228M) 113.607ms
[2020-01-29T22:44:34.061+0300][206.901s][info][gc] GC(2234) Pause Young (Allocation Failure) 122M->122M(228M) 108.341ms
[2020-01-29T22:44:34.195+0300][207.035s][info][gc] GC(2235) Pause Young (Allocation Failure) 170M->170M(228M) 120.171ms
[2020-01-29T22:44:34.269+0300][207.108s][info][gc] GC(2236) Pause Full (Ergonomics) 170M->36M(228M) 72.915ms
[2020-01-29T22:44:34.332+0300][207.172s][info][gc] GC(2237) Pause Young (Allocation Failure) 65M->65M(228M) 60.226ms
[2020-01-29T22:44:34.450+0300][207.290s][info][gc] GC(2238) Pause Young (Allocation Failure) 94M->94M(228M) 114.035ms
[2020-01-29T22:44:34.566+0300][207.405s][info][gc] GC(2239) Pause Young (Allocation Failure) 123M->123M(228M) 111.981ms
[2020-01-29T22:44:34.655+0300][207.495s][info][gc] GC(2240) Pause Young (Allocation Failure) 171M->171M(228M) 75.059ms
[2020-01-29T22:44:34.722+0300][207.563s][info][gc] GC(2241) Pause Full (Ergonomics) 171M->37M(228M) 67.464ms
[2020-01-29T22:44:34.784+0300][207.624s][info][gc] GC(2242) Pause Young (Allocation Failure) 66M->66M(228M) 57.616ms
[2020-01-29T22:44:34.898+0300][207.738s][info][gc] GC(2243) Pause Young (Allocation Failure) 95M->95M(228M) 110.476ms
[2020-01-29T22:44:35.020+0300][207.860s][info][gc] GC(2244) Pause Young (Allocation Failure) 124M->124M(228M) 118.256ms
[2020-01-29T22:44:35.106+0300][207.946s][info][gc] GC(2245) Pause Young (Allocation Failure) 172M->172M(228M) 70.777ms
[2020-01-29T22:44:35.174+0300][208.014s][info][gc] GC(2246) Pause Full (Ergonomics) 172M->38M(228M) 67.579ms
[2020-01-29T22:44:35.237+0300][208.076s][info][gc] GC(2247) Pause Young (Allocation Failure) 67M->67M(228M) 58.699ms
[2020-01-29T22:44:35.353+0300][208.193s][info][gc] GC(2248) Pause Young (Allocation Failure) 96M->96M(228M) 113.208ms
[2020-01-29T22:44:35.469+0300][208.309s][info][gc] GC(2249) Pause Young (Allocation Failure) 125M->126M(228M) 112.718ms
[2020-01-29T22:44:35.555+0300][208.396s][info][gc] GC(2250) Pause Young (Allocation Failure) 174M->174M(228M) 71.150ms
[2020-01-29T22:44:35.625+0300][208.465s][info][gc] GC(2251) Pause Full (Ergonomics) 174M->40M(228M) 69.365ms
[2020-01-29T22:44:35.692+0300][208.532s][info][gc] GC(2252) Pause Young (Allocation Failure) 69M->69M(228M) 63.683ms
[2020-01-29T22:44:35.803+0300][208.643s][info][gc] GC(2253) Pause Young (Allocation Failure) 98M->98M(228M) 106.324ms
[2020-01-29T22:44:35.921+0300][208.761s][info][gc] GC(2254) Pause Young (Allocation Failure) 127M->127M(228M) 114.723ms
[2020-01-29T22:44:36.016+0300][208.856s][info][gc] GC(2255) Pause Young (Allocation Failure) 156M->156M(228M) 80.572ms
[2020-01-29T22:44:36.026+0300][208.867s][info][gc] GC(2256) Pause Full (Ergonomics) 156M->22M(228M) 10.997ms
[2020-01-29T22:44:36.091+0300][208.931s][info][gc] GC(2257) Pause Young (Allocation Failure) 51M->51M(228M) 60.953ms
[2020-01-29T22:44:36.197+0300][209.037s][info][gc] GC(2258) Pause Young (Allocation Failure) 80M->80M(228M) 102.430ms
[2020-01-29T22:44:36.313+0300][209.152s][info][gc] GC(2259) Pause Young (Allocation Failure) 109M->109M(228M) 111.578ms
[2020-01-29T22:44:36.443+0300][209.283s][info][gc] GC(2260) Pause Young (Allocation Failure) 157M->157M(228M) 115.762ms
[2020-01-29T22:44:36.461+0300][209.301s][info][gc] GC(2261) Pause Full (Ergonomics) 157M->23M(228M) 18.203ms
[2020-01-29T22:44:36.524+0300][209.364s][info][gc] GC(2262) Pause Young (Allocation Failure) 52M->52M(228M) 58.953ms
[2020-01-29T22:44:36.642+0300][209.482s][info][gc] GC(2263) Pause Young (Allocation Failure) 81M->81M(228M) 114.316ms
[2020-01-29T22:44:36.759+0300][209.600s][info][gc] GC(2264) Pause Young (Allocation Failure) 110M->110M(228M) 113.892ms
[2020-01-29T22:44:36.880+0300][209.720s][info][gc] GC(2265) Pause Young (Allocation Failure) 158M->158M(228M) 105.057ms
[2020-01-29T22:44:36.902+0300][209.741s][info][gc] GC(2266) Pause Full (Ergonomics) 158M->24M(228M) 21.443ms
[2020-01-29T22:44:36.967+0300][209.807s][info][gc] GC(2267) Pause Young (Allocation Failure) 53M->53M(228M) 61.920ms
[2020-01-29T22:44:37.083+0300][209.923s][info][gc] GC(2268) Pause Young (Allocation Failure) 82M->82M(228M) 111.964ms
[2020-01-29T22:44:37.210+0300][210.051s][info][gc] GC(2269) Pause Young (Allocation Failure) 111M->111M(228M) 124.535ms
[2020-01-29T22:44:37.328+0300][210.167s][info][gc] GC(2270) Pause Young (Allocation Failure) 160M->160M(228M) 101.928ms
[2020-01-29T22:44:37.353+0300][210.194s][info][gc] GC(2271) Pause Full (Ergonomics) 160M->26M(228M) 26.502ms
[2020-01-29T22:44:37.419+0300][210.259s][info][gc] GC(2272) Pause Young (Allocation Failure) 55M->55M(228M) 61.259ms
[2020-01-29T22:44:37.581+0300][210.422s][info][gc] GC(2273) Pause Young (Allocation Failure) 84M->84M(228M) 159.340ms
[2020-01-29T22:44:37.697+0300][210.537s][info][gc] GC(2274) Pause Young (Allocation Failure) 113M->113M(228M) 112.030ms
[2020-01-29T22:44:37.807+0300][210.647s][info][gc] GC(2275) Pause Young (Allocation Failure) 161M->161M(228M) 93.996ms
[2020-01-29T22:44:37.837+0300][210.677s][info][gc] GC(2276) Pause Full (Ergonomics) 161M->27M(228M) 29.825ms
[2020-01-29T22:44:37.902+0300][210.743s][info][gc] GC(2277) Pause Young (Allocation Failure) 56M->56M(228M) 62.247ms
[2020-01-29T22:44:38.021+0300][210.861s][info][gc] GC(2278) Pause Young (Allocation Failure) 85M->85M(228M) 114.256ms
[2020-01-29T22:44:38.139+0300][210.979s][info][gc] GC(2279) Pause Young (Allocation Failure) 114M->114M(228M) 114.359ms
[2020-01-29T22:44:38.268+0300][211.108s][info][gc] GC(2280) Pause Young (Allocation Failure) 162M->162M(228M) 113.858ms
[2020-01-29T22:44:38.304+0300][211.144s][info][gc] GC(2281) Pause Full (Ergonomics) 162M->28M(228M) 36.177ms
[2020-01-29T22:44:38.370+0300][211.210s][info][gc] GC(2282) Pause Young (Allocation Failure) 57M->57M(228M) 61.790ms
[2020-01-29T22:44:38.487+0300][211.327s][info][gc] GC(2283) Pause Young (Allocation Failure) 86M->86M(228M) 112.723ms
[2020-01-29T22:44:38.603+0300][211.443s][info][gc] GC(2284) Pause Young (Allocation Failure) 115M->115M(228M) 111.779ms
[2020-01-29T22:44:38.709+0300][211.550s][info][gc] GC(2285) Pause Young (Allocation Failure) 163M->163M(228M) 91.696ms
[2020-01-29T22:44:38.749+0300][211.589s][info][gc] GC(2286) Pause Full (Ergonomics) 163M->29M(228M) 39.195ms
[2020-01-29T22:44:38.813+0300][211.653s][info][gc] GC(2287) Pause Young (Allocation Failure) 58M->58M(228M) 59.908ms
[2020-01-29T22:44:38.928+0300][211.768s][info][gc] GC(2288) Pause Young (Allocation Failure) 87M->87M(228M) 111.770ms
[2020-01-29T22:44:39.033+0300][211.874s][info][gc] GC(2289) Pause Young (Allocation Failure) 116M->116M(228M) 101.545ms
[2020-01-29T22:44:39.141+0300][211.981s][info][gc] GC(2290) Pause Young (Allocation Failure) 164M->165M(228M) 91.612ms
[2020-01-29T22:44:39.183+0300][212.022s][info][gc] GC(2291) Pause Full (Ergonomics) 165M->31M(228M) 41.307ms
[2020-01-29T22:44:39.251+0300][212.091s][info][gc] GC(2292) Pause Young (Allocation Failure) 60M->60M(228M) 64.683ms
[2020-01-29T22:44:39.369+0300][212.209s][info][gc] GC(2293) Pause Young (Allocation Failure) 89M->89M(228M) 114.623ms
[2020-01-29T22:44:39.488+0300][212.329s][info][gc] GC(2294) Pause Young (Allocation Failure) 118M->118M(228M) 116.072ms
[2020-01-29T22:44:39.592+0300][212.432s][info][gc] GC(2295) Pause Young (Allocation Failure) 166M->166M(228M) 87.817ms
[2020-01-29T22:44:39.639+0300][212.479s][info][gc] GC(2296) Pause Full (Ergonomics) 166M->32M(228M) 47.020ms
[2020-01-29T22:44:39.706+0300][212.546s][info][gc] GC(2297) Pause Young (Allocation Failure) 61M->61M(228M) 63.047ms
[2020-01-29T22:44:39.828+0300][212.669s][info][gc] GC(2298) Pause Young (Allocation Failure) 90M->90M(228M) 119.273ms
[2020-01-29T22:44:39.946+0300][212.787s][info][gc] GC(2299) Pause Young (Allocation Failure) 119M->119M(228M) 114.196ms
[2020-01-29T22:44:40.044+0300][212.884s][info][gc] GC(2300) Pause Young (Allocation Failure) 167M->167M(228M) 81.676ms
[2020-01-29T22:44:40.095+0300][212.935s][info][gc] GC(2301) Pause Full (Ergonomics) 167M->33M(228M) 50.848ms
[2020-01-29T22:44:40.159+0300][213.000s][info][gc] GC(2302) Pause Young (Allocation Failure) 62M->62M(228M) 61.802ms
[2020-01-29T22:44:40.274+0300][213.115s][info][gc] GC(2303) Pause Young (Allocation Failure) 91M->91M(228M) 111.042ms
[2020-01-29T22:44:40.393+0300][213.233s][info][gc] GC(2304) Pause Young (Allocation Failure) 120M->120M(228M) 114.766ms
[2020-01-29T22:44:40.494+0300][213.334s][info][gc] GC(2305) Pause Young (Allocation Failure) 168M->168M(228M) 86.055ms
[2020-01-29T22:44:40.549+0300][213.389s][info][gc] GC(2306) Pause Full (Ergonomics) 168M->34M(228M) 54.813ms
[2020-01-29T22:44:40.613+0300][213.453s][info][gc] GC(2307) Pause Young (Allocation Failure) 63M->63M(228M) 60.624ms
[2020-01-29T22:44:40.735+0300][213.576s][info][gc] GC(2308) Pause Young (Allocation Failure) 92M->92M(228M) 119.492ms
[2020-01-29T22:44:40.865+0300][213.704s][info][gc] GC(2309) Pause Young (Allocation Failure) 121M->121M(228M) 124.470ms
[2020-01-29T22:44:40.955+0300][213.795s][info][gc] GC(2310) Pause Young (Allocation Failure) 170M->169M(228M) 75.597ms
[2020-01-29T22:44:41.014+0300][213.854s][info][gc] GC(2311) Pause Full (Ergonomics) 169M->35M(228M) 58.367ms
[2020-01-29T22:44:41.078+0300][213.918s][info][gc] GC(2312) Pause Young (Allocation Failure) 64M->65M(228M) 60.574ms
[2020-01-29T22:44:41.189+0300][214.029s][info][gc] GC(2313) Pause Young (Allocation Failure) 94M->94M(228M) 107.467ms
[2020-01-29T22:44:41.304+0300][214.145s][info][gc] GC(2314) Pause Young (Allocation Failure) 123M->123M(228M) 111.832ms
[2020-01-29T22:44:41.391+0300][214.231s][info][gc] GC(2315) Pause Young (Allocation Failure) 171M->171M(228M) 71.636ms
[2020-01-29T22:44:41.454+0300][214.294s][info][gc] GC(2316) Pause Full (Ergonomics) 171M->37M(228M) 62.562ms
[2020-01-29T22:44:41.519+0300][214.359s][info][gc] GC(2317) Pause Young (Allocation Failure) 66M->66M(228M) 61.607ms
[2020-01-29T22:44:41.633+0300][214.473s][info][gc] GC(2318) Pause Young (Allocation Failure) 95M->95M(228M) 109.765ms
[2020-01-29T22:44:41.757+0300][214.597s][info][gc] GC(2319) Pause Young (Allocation Failure) 124M->124M(228M) 120.162ms
[2020-01-29T22:44:41.850+0300][214.690s][info][gc] GC(2320) Pause Young (Allocation Failure) 172M->172M(228M) 77.488ms
[2020-01-29T22:44:41.912+0300][214.752s][info][gc] GC(2321) Pause Full (Ergonomics) 172M->38M(228M) 61.970ms
[2020-01-29T22:44:41.975+0300][214.815s][info][gc] GC(2322) Pause Young (Allocation Failure) 67M->67M(228M) 59.026ms
[2020-01-29T22:44:42.093+0300][214.933s][info][gc] GC(2323) Pause Young (Allocation Failure) 96M->96M(228M) 114.841ms
[2020-01-29T22:44:42.212+0300][215.051s][info][gc] GC(2324) Pause Young (Allocation Failure) 125M->125M(228M) 114.613ms
[2020-01-29T22:44:42.297+0300][215.137s][info][gc] GC(2325) Pause Young (Allocation Failure) 173M->173M(228M) 71.004ms
[2020-01-29T22:44:42.368+0300][215.208s][info][gc] GC(2326) Pause Full (Ergonomics) 173M->39M(228M) 70.646ms
[2020-01-29T22:44:42.433+0300][215.273s][info][gc] GC(2327) Pause Young (Allocation Failure) 68M->68M(228M) 61.690ms
[2020-01-29T22:44:42.550+0300][215.390s][info][gc] GC(2328) Pause Young (Allocation Failure) 97M->97M(228M) 112.959ms
[2020-01-29T22:44:42.667+0300][215.507s][info][gc] GC(2329) Pause Young (Allocation Failure) 126M->126M(228M) 113.443ms
[2020-01-29T22:44:42.753+0300][215.593s][info][gc] GC(2330) Pause Young (Allocation Failure) 155M->156M(228M) 74.172ms
[2020-01-29T22:44:42.763+0300][215.603s][info][gc] GC(2331) Pause Full (Ergonomics) 156M->22M(228M) 10.122ms
[2020-01-29T22:44:42.829+0300][215.669s][info][gc] GC(2332) Pause Young (Allocation Failure) 51M->50M(228M) 61.995ms
[2020-01-29T22:44:42.946+0300][215.785s][info][gc] GC(2333) Pause Young (Allocation Failure) 79M->80M(228M) 112.946ms
[2020-01-29T22:44:43.060+0300][215.900s][info][gc] GC(2334) Pause Young (Allocation Failure) 109M->109M(228M) 110.939ms
[2020-01-29T22:44:43.192+0300][216.032s][info][gc] GC(2335) Pause Young (Allocation Failure) 157M->157M(228M) 116.658ms
[2020-01-29T22:44:43.211+0300][216.052s][info][gc] GC(2336) Pause Full (Ergonomics) 157M->23M(228M) 19.518ms
[2020-01-29T22:44:43.273+0300][216.113s][info][gc] GC(2337) Pause Young (Allocation Failure) 52M->52M(228M) 57.991ms
[2020-01-29T22:44:43.384+0300][216.224s][info][gc] GC(2338) Pause Young (Allocation Failure) 81M->81M(228M) 106.792ms
[2020-01-29T22:44:43.500+0300][216.340s][info][gc] GC(2339) Pause Young (Allocation Failure) 110M->110M(228M) 112.882ms
[2020-01-29T22:44:43.613+0300][216.454s][info][gc] GC(2340) Pause Young (Allocation Failure) 158M->158M(228M) 99.529ms
[2020-01-29T22:44:43.634+0300][216.474s][info][gc] GC(2341) Pause Full (Ergonomics) 158M->24M(228M) 20.360ms
[2020-01-29T22:44:43.698+0300][216.539s][info][gc] GC(2342) Pause Young (Allocation Failure) 53M->53M(228M) 60.727ms
[2020-01-29T22:44:43.802+0300][216.642s][info][gc] GC(2343) Pause Young (Allocation Failure) 82M->82M(228M) 100.225ms
[2020-01-29T22:44:43.917+0300][216.757s][info][gc] GC(2344) Pause Young (Allocation Failure) 111M->111M(228M) 110.304ms
[2020-01-29T22:44:44.028+0300][216.869s][info][gc] GC(2345) Pause Young (Allocation Failure) 159M->159M(228M) 97.116ms
[2020-01-29T22:44:44.052+0300][216.892s][info][gc] GC(2346) Pause Full (Ergonomics) 159M->25M(228M) 23.869ms
[2020-01-29T22:44:44.112+0300][216.952s][info][gc] GC(2347) Pause Young (Allocation Failure) 54M->54M(228M) 56.135ms
[2020-01-29T22:44:44.227+0300][217.067s][info][gc] GC(2348) Pause Young (Allocation Failure) 83M->83M(228M) 110.983ms
[2020-01-29T22:44:44.336+0300][217.176s][info][gc] GC(2349) Pause Young (Allocation Failure) 112M->112M(228M) 106.030ms
[2020-01-29T22:44:44.475+0300][217.315s][info][gc] GC(2350) Pause Young (Allocation Failure) 160M->160M(228M) 123.630ms
[2020-01-29T22:44:44.513+0300][217.353s][info][gc] GC(2351) Pause Full (Ergonomics) 160M->26M(228M) 37.967ms
[2020-01-29T22:44:44.577+0300][217.417s][info][gc] GC(2352) Pause Young (Allocation Failure) 55M->55M(228M) 60.452ms
[2020-01-29T22:44:44.692+0300][217.532s][info][gc] GC(2353) Pause Young (Allocation Failure) 84M->85M(228M) 110.616ms
[2020-01-29T22:44:44.809+0300][217.649s][info][gc] GC(2354) Pause Young (Allocation Failure) 114M->114M(228M) 113.989ms
[2020-01-29T22:44:44.918+0300][217.758s][info][gc] GC(2355) Pause Young (Allocation Failure) 162M->162M(228M) 93.673ms
[2020-01-29T22:44:44.954+0300][217.794s][info][gc] GC(2356) Pause Full (Ergonomics) 162M->28M(228M) 35.673ms
[2020-01-29T22:44:45.019+0300][217.859s][info][gc] GC(2357) Pause Young (Allocation Failure) 57M->57M(228M) 60.933ms
[2020-01-29T22:44:45.133+0300][217.973s][info][gc] GC(2358) Pause Young (Allocation Failure) 86M->86M(228M) 110.976ms
[2020-01-29T22:44:45.252+0300][218.092s][info][gc] GC(2359) Pause Young (Allocation Failure) 115M->115M(228M) 114.746ms
[2020-01-29T22:44:45.359+0300][218.199s][info][gc] GC(2360) Pause Young (Allocation Failure) 163M->163M(228M) 92.109ms
[2020-01-29T22:44:45.396+0300][218.236s][info][gc] GC(2361) Pause Full (Ergonomics) 163M->29M(228M) 37.399ms
[2020-01-29T22:44:45.457+0300][218.297s][info][gc] GC(2362) Pause Young (Allocation Failure) 58M->58M(228M) 56.882ms
[2020-01-29T22:44:45.572+0300][218.412s][info][gc] GC(2363) Pause Young (Allocation Failure) 87M->87M(228M) 111.742ms
[2020-01-29T22:44:45.689+0300][218.529s][info][gc] GC(2364) Pause Young (Allocation Failure) 116M->116M(228M) 113.576ms
[2020-01-29T22:44:45.793+0300][218.633s][info][gc] GC(2365) Pause Young (Allocation Failure) 164M->164M(228M) 89.700ms
[2020-01-29T22:44:45.835+0300][218.675s][info][gc] GC(2366) Pause Full (Ergonomics) 164M->30M(228M) 41.474ms
[2020-01-29T22:44:45.898+0300][218.738s][info][gc] GC(2367) Pause Young (Allocation Failure) 59M->59M(228M) 59.133ms
[2020-01-29T22:44:46.010+0300][218.850s][info][gc] GC(2368) Pause Young (Allocation Failure) 88M->88M(228M) 108.086ms
[2020-01-29T22:44:46.137+0300][218.977s][info][gc] GC(2369) Pause Young (Allocation Failure) 117M->117M(228M) 123.000ms
[2020-01-29T22:44:46.243+0300][219.083s][info][gc] GC(2370) Pause Young (Allocation Failure) 165M->165M(228M) 91.788ms
[2020-01-29T22:44:46.290+0300][219.130s][info][gc] GC(2371) Pause Full (Ergonomics) 165M->31M(228M) 46.548ms
[2020-01-29T22:44:46.353+0300][219.193s][info][gc] GC(2372) Pause Young (Allocation Failure) 60M->60M(228M) 59.403ms
[2020-01-29T22:44:46.465+0300][219.305s][info][gc] GC(2373) Pause Young (Allocation Failure) 89M->90M(228M) 108.513ms
[2020-01-29T22:44:46.579+0300][219.419s][info][gc] GC(2374) Pause Young (Allocation Failure) 119M->119M(228M) 110.322ms
[2020-01-29T22:44:46.720+0300][219.560s][info][gc] GC(2375) Pause Young (Allocation Failure) 167M->167M(228M) 125.540ms
[2020-01-29T22:44:46.786+0300][219.626s][info][gc] GC(2376) Pause Full (Ergonomics) 167M->33M(228M) 65.606ms
[2020-01-29T22:44:46.850+0300][219.689s][info][gc] GC(2377) Pause Young (Allocation Failure) 62M->62M(228M) 59.000ms
[2020-01-29T22:44:46.960+0300][219.799s][info][gc] GC(2378) Pause Young (Allocation Failure) 91M->91M(228M) 105.944ms
[2020-01-29T22:44:47.073+0300][219.913s][info][gc] GC(2379) Pause Young (Allocation Failure) 120M->120M(228M) 109.525ms
[2020-01-29T22:44:47.171+0300][220.011s][info][gc] GC(2380) Pause Young (Allocation Failure) 168M->168M(228M) 82.195ms
[2020-01-29T22:44:47.227+0300][220.067s][info][gc] GC(2381) Pause Full (Ergonomics) 168M->34M(228M) 56.056ms
[2020-01-29T22:44:47.291+0300][220.131s][info][gc] GC(2382) Pause Young (Allocation Failure) 63M->63M(228M) 59.303ms
[2020-01-29T22:44:47.408+0300][220.249s][info][gc] GC(2383) Pause Young (Allocation Failure) 92M->92M(228M) 113.992ms
[2020-01-29T22:44:47.524+0300][220.363s][info][gc] GC(2384) Pause Young (Allocation Failure) 121M->121M(228M) 111.041ms
[2020-01-29T22:44:47.665+0300][220.504s][info][gc] GC(2385) Pause Young (Allocation Failure) 169M->169M(228M) 125.573ms
[2020-01-29T22:44:47.737+0300][220.578s][info][gc] GC(2386) Pause Full (Ergonomics) 169M->35M(228M) 73.412ms
[2020-01-29T22:44:47.811+0300][220.651s][info][gc] GC(2387) Pause Young (Allocation Failure) 64M->64M(228M) 69.730ms
[2020-01-29T22:44:47.925+0300][220.765s][info][gc] GC(2388) Pause Young (Allocation Failure) 93M->93M(228M) 109.278ms
[2020-01-29T22:44:48.047+0300][220.886s][info][gc] GC(2389) Pause Young (Allocation Failure) 122M->122M(228M) 117.832ms
[2020-01-29T22:44:48.138+0300][220.978s][info][gc] GC(2390) Pause Young (Allocation Failure) 170M->170M(228M) 77.471ms
[2020-01-29T22:44:48.203+0300][221.043s][info][gc] GC(2391) Pause Full (Ergonomics) 170M->36M(228M) 64.942ms
[2020-01-29T22:44:48.266+0300][221.107s][info][gc] GC(2392) Pause Young (Allocation Failure) 65M->65M(228M) 59.487ms
[2020-01-29T22:44:48.386+0300][221.227s][info][gc] GC(2393) Pause Young (Allocation Failure) 94M->94M(228M) 116.613ms
[2020-01-29T22:44:48.507+0300][221.347s][info][gc] GC(2394) Pause Young (Allocation Failure) 123M->124M(228M) 116.443ms
[2020-01-29T22:44:48.645+0300][221.485s][info][gc] GC(2395) Pause Young (Allocation Failure) 172M->172M(228M) 123.478ms
[2020-01-29T22:44:48.731+0300][221.571s][info][gc] GC(2396) Pause Full (Ergonomics) 172M->38M(228M) 86.413ms
[2020-01-29T22:44:48.796+0300][221.636s][info][gc] GC(2397) Pause Young (Allocation Failure) 67M->67M(228M) 61.139ms
[2020-01-29T22:44:48.914+0300][221.754s][info][gc] GC(2398) Pause Young (Allocation Failure) 96M->96M(228M) 113.988ms
[2020-01-29T22:44:49.031+0300][221.870s][info][gc] GC(2399) Pause Young (Allocation Failure) 125M->125M(228M) 112.724ms
[2020-01-29T22:44:49.114+0300][221.954s][info][gc] GC(2400) Pause Young (Allocation Failure) 173M->173M(228M) 69.262ms
[2020-01-29T22:44:49.183+0300][222.022s][info][gc] GC(2401) Pause Full (Ergonomics) 173M->39M(228M) 68.130ms
[2020-01-29T22:44:49.254+0300][222.094s][info][gc] GC(2402) Pause Young (Allocation Failure) 68M->68M(228M) 68.074ms
[2020-01-29T22:44:49.363+0300][222.203s][info][gc] GC(2403) Pause Young (Allocation Failure) 97M->97M(228M) 105.073ms
[2020-01-29T22:44:49.476+0300][222.316s][info][gc] GC(2404) Pause Young (Allocation Failure) 126M->126M(228M) 109.053ms
[2020-01-29T22:44:49.607+0300][222.447s][info][gc] GC(2405) Pause Young (Allocation Failure) 174M->174M(228M) 115.791ms
[2020-01-29T22:44:49.693+0300][222.533s][info][gc] GC(2406) Pause Full (Ergonomics) 174M->40M(228M) 86.781ms
[2020-01-29T22:44:49.755+0300][222.595s][info][gc] GC(2407) Pause Young (Allocation Failure) 69M->69M(228M) 58.303ms
[2020-01-29T22:44:49.894+0300][222.734s][info][gc] GC(2408) Pause Young (Allocation Failure) 98M->98M(228M) 134.875ms
[2020-01-29T22:44:50.007+0300][222.848s][info][gc] GC(2409) Pause Young (Allocation Failure) 127M->127M(228M) 109.104ms
[2020-01-29T22:44:50.095+0300][222.935s][info][gc] GC(2410) Pause Young (Allocation Failure) 156M->156M(228M) 74.589ms
[2020-01-29T22:44:50.109+0300][222.949s][info][gc] GC(2411) Pause Full (Ergonomics) 156M->22M(228M) 13.375ms
[2020-01-29T22:44:50.175+0300][223.015s][info][gc] GC(2412) Pause Young (Allocation Failure) 51M->51M(228M) 62.302ms
[2020-01-29T22:44:50.307+0300][223.147s][info][gc] GC(2413) Pause Young (Allocation Failure) 80M->80M(228M) 128.044ms
[2020-01-29T22:44:50.412+0300][223.253s][info][gc] GC(2414) Pause Young (Allocation Failure) 109M->109M(228M) 100.822ms
[2020-01-29T22:44:50.537+0300][223.377s][info][gc] GC(2415) Pause Young (Allocation Failure) 157M->157M(228M) 109.589ms
[2020-01-29T22:44:50.563+0300][223.403s][info][gc] GC(2416) Pause Full (Ergonomics) 157M->23M(228M) 25.451ms
[2020-01-29T22:44:50.646+0300][223.486s][info][gc] GC(2417) Pause Young (Allocation Failure) 52M->52M(228M) 78.874ms
[2020-01-29T22:44:50.758+0300][223.598s][info][gc] GC(2418) Pause Young (Allocation Failure) 81M->81M(228M) 109.030ms
[2020-01-29T22:44:50.879+0300][223.719s][info][gc] GC(2419) Pause Young (Allocation Failure) 110M->110M(228M) 117.039ms
[2020-01-29T22:44:50.999+0300][223.839s][info][gc] GC(2420) Pause Young (Allocation Failure) 158M->158M(228M) 105.004ms
[2020-01-29T22:44:51.020+0300][223.861s][info][gc] GC(2421) Pause Full (Ergonomics) 158M->24M(228M) 21.349ms
[2020-01-29T22:44:51.116+0300][223.956s][info][gc] GC(2422) Pause Young (Allocation Failure) 53M->53M(228M) 92.186ms
[2020-01-29T22:44:51.229+0300][224.069s][info][gc] GC(2423) Pause Young (Allocation Failure) 82M->82M(228M) 108.477ms
[2020-01-29T22:44:51.343+0300][224.183s][info][gc] GC(2424) Pause Young (Allocation Failure) 111M->111M(228M) 110.456ms
[2020-01-29T22:44:51.475+0300][224.315s][info][gc] GC(2425) Pause Young (Allocation Failure) 159M->159M(228M) 117.443ms
[2020-01-29T22:44:51.501+0300][224.341s][info][gc] GC(2426) Pause Full (Ergonomics) 159M->25M(228M) 26.251ms
[2020-01-29T22:44:51.568+0300][224.408s][info][gc] GC(2427) Pause Young (Allocation Failure) 54M->54M(228M) 62.797ms
[2020-01-29T22:44:51.689+0300][224.530s][info][gc] GC(2428) Pause Young (Allocation Failure) 83M->83M(228M) 118.051ms
[2020-01-29T22:44:51.812+0300][224.652s][info][gc] GC(2429) Pause Young (Allocation Failure) 112M->112M(228M) 119.258ms
[2020-01-29T22:44:51.926+0300][224.765s][info][gc] GC(2430) Pause Young (Allocation Failure) 160M->160M(228M) 98.451ms
[2020-01-29T22:44:51.957+0300][224.796s][info][gc] GC(2431) Pause Full (Ergonomics) 160M->26M(228M) 30.920ms
[2020-01-29T22:44:52.018+0300][224.858s][info][gc] GC(2432) Pause Young (Allocation Failure) 55M->55M(228M) 57.372ms
[2020-01-29T22:44:52.134+0300][224.974s][info][gc] GC(2433) Pause Young (Allocation Failure) 84M->84M(228M) 112.367ms
[2020-01-29T22:44:52.253+0300][225.093s][info][gc] GC(2434) Pause Young (Allocation Failure) 113M->113M(228M) 114.993ms
[2020-01-29T22:44:52.356+0300][225.196s][info][gc] GC(2435) Pause Young (Allocation Failure) 161M->162M(228M) 87.580ms
[2020-01-29T22:44:52.391+0300][225.231s][info][gc] GC(2436) Pause Full (Ergonomics) 162M->28M(228M) 34.641ms
[2020-01-29T22:44:52.458+0300][225.299s][info][gc] GC(2437) Pause Young (Allocation Failure) 57M->57M(228M) 64.536ms
[2020-01-29T22:44:52.576+0300][225.416s][info][gc] GC(2438) Pause Young (Allocation Failure) 86M->86M(228M) 112.527ms
[2020-01-29T22:44:52.693+0300][225.534s][info][gc] GC(2439) Pause Young (Allocation Failure) 115M->115M(228M) 113.981ms
[2020-01-29T22:44:52.833+0300][225.673s][info][gc] GC(2440) Pause Young (Allocation Failure) 163M->163M(228M) 124.580ms
[2020-01-29T22:44:52.884+0300][225.724s][info][gc] GC(2441) Pause Full (Ergonomics) 163M->29M(228M) 50.365ms
[2020-01-29T22:44:52.949+0300][225.789s][info][gc] GC(2442) Pause Young (Allocation Failure) 58M->58M(228M) 61.736ms
[2020-01-29T22:44:53.060+0300][225.901s][info][gc] GC(2443) Pause Young (Allocation Failure) 87M->87M(228M) 107.999ms
[2020-01-29T22:44:53.175+0300][226.015s][info][gc] GC(2444) Pause Young (Allocation Failure) 116M->116M(228M) 110.445ms
[2020-01-29T22:44:53.275+0300][226.115s][info][gc] GC(2445) Pause Young (Allocation Failure) 164M->164M(228M) 84.719ms
[2020-01-29T22:44:53.323+0300][226.163s][info][gc] GC(2446) Pause Full (Ergonomics) 164M->30M(228M) 47.475ms
[2020-01-29T22:44:53.384+0300][226.225s][info][gc] GC(2447) Pause Young (Allocation Failure) 59M->59M(228M) 51.975ms
[2020-01-29T22:44:53.499+0300][226.340s][info][gc] GC(2448) Pause Young (Allocation Failure) 88M->88M(228M) 111.396ms
[2020-01-29T22:44:53.612+0300][226.452s][info][gc] GC(2449) Pause Young (Allocation Failure) 117M->117M(228M) 108.996ms
[2020-01-29T22:44:53.744+0300][226.583s][info][gc] GC(2450) Pause Young (Allocation Failure) 165M->165M(228M) 116.047ms
[2020-01-29T22:44:53.803+0300][226.643s][info][gc] GC(2451) Pause Full (Ergonomics) 165M->31M(228M) 59.657ms
[2020-01-29T22:44:53.869+0300][226.709s][info][gc] GC(2452) Pause Young (Allocation Failure) 60M->60M(228M) 62.658ms
[2020-01-29T22:44:53.984+0300][226.824s][info][gc] GC(2453) Pause Young (Allocation Failure) 89M->89M(228M) 110.590ms
[2020-01-29T22:44:54.098+0300][226.938s][info][gc] GC(2454) Pause Young (Allocation Failure) 118M->118M(228M) 110.561ms
[2020-01-29T22:44:54.199+0300][227.039s][info][gc] GC(2455) Pause Young (Allocation Failure) 166M->166M(228M) 85.899ms
[2020-01-29T22:44:54.254+0300][227.094s][info][gc] GC(2456) Pause Full (Ergonomics) 166M->32M(228M) 54.580ms
[2020-01-29T22:44:54.319+0300][227.160s][info][gc] GC(2457) Pause Young (Allocation Failure) 61M->61M(228M) 61.948ms
[2020-01-29T22:44:54.432+0300][227.272s][info][gc] GC(2458) Pause Young (Allocation Failure) 90M->91M(228M) 108.694ms
[2020-01-29T22:44:54.549+0300][227.389s][info][gc] GC(2459) Pause Young (Allocation Failure) 120M->120M(228M) 112.972ms
[2020-01-29T22:44:54.680+0300][227.520s][info][gc] GC(2460) Pause Young (Allocation Failure) 168M->168M(228M) 115.976ms
[2020-01-29T22:44:54.756+0300][227.596s][info][gc] GC(2461) Pause Full (Ergonomics) 168M->34M(228M) 76.154ms
[2020-01-29T22:44:54.820+0300][227.660s][info][gc] GC(2462) Pause Young (Allocation Failure) 63M->63M(228M) 60.787ms
[2020-01-29T22:44:54.931+0300][227.772s][info][gc] GC(2463) Pause Young (Allocation Failure) 92M->92M(228M) 107.399ms
[2020-01-29T22:44:55.048+0300][227.888s][info][gc] GC(2464) Pause Young (Allocation Failure) 121M->121M(228M) 112.549ms
[2020-01-29T22:44:55.137+0300][227.977s][info][gc] GC(2465) Pause Young (Allocation Failure) 169M->169M(228M) 73.933ms
[2020-01-29T22:44:55.198+0300][228.038s][info][gc] GC(2466) Pause Full (Ergonomics) 169M->35M(228M) 61.055ms
[2020-01-29T22:44:55.264+0300][228.104s][info][gc] GC(2467) Pause Young (Allocation Failure) 64M->64M(228M) 62.269ms
[2020-01-29T22:44:55.384+0300][228.224s][info][gc] GC(2468) Pause Young (Allocation Failure) 93M->93M(228M) 116.570ms
[2020-01-29T22:44:55.503+0300][228.343s][info][gc] GC(2469) Pause Young (Allocation Failure) 122M->122M(228M) 115.361ms
[2020-01-29T22:44:55.589+0300][228.428s][info][gc] GC(2470) Pause Young (Allocation Failure) 170M->170M(228M) 70.262ms
[2020-01-29T22:44:55.653+0300][228.493s][info][gc] GC(2471) Pause Full (Ergonomics) 170M->36M(228M) 65.059ms
[2020-01-29T22:44:55.717+0300][228.558s][info][gc] GC(2472) Pause Young (Allocation Failure) 65M->65M(228M) 60.635ms
[2020-01-29T22:44:55.835+0300][228.676s][info][gc] GC(2473) Pause Young (Allocation Failure) 94M->94M(228M) 114.514ms
[2020-01-29T22:44:55.948+0300][228.788s][info][gc] GC(2474) Pause Young (Allocation Failure) 123M->123M(228M) 108.103ms
[2020-01-29T22:44:56.083+0300][228.923s][info][gc] GC(2475) Pause Young (Allocation Failure) 171M->171M(228M) 120.391ms
[2020-01-29T22:44:56.174+0300][229.013s][info][gc] GC(2476) Pause Full (Ergonomics) 171M->37M(228M) 90.573ms
[2020-01-29T22:44:56.239+0300][229.079s][info][gc] GC(2477) Pause Young (Allocation Failure) 66M->66M(228M) 62.310ms
[2020-01-29T22:44:56.357+0300][229.197s][info][gc] GC(2478) Pause Young (Allocation Failure) 95M->96M(228M) 113.777ms
[2020-01-29T22:44:56.469+0300][229.309s][info][gc] GC(2479) Pause Young (Allocation Failure) 125M->125M(228M) 108.393ms
[2020-01-29T22:44:56.554+0300][229.394s][info][gc] GC(2480) Pause Young (Allocation Failure) 173M->173M(228M) 70.655ms
[2020-01-29T22:44:56.630+0300][229.470s][info][gc] GC(2481) Pause Full (Ergonomics) 173M->39M(228M) 75.641ms
[2020-01-29T22:44:56.691+0300][229.532s][info][gc] GC(2482) Pause Young (Allocation Failure) 68M->68M(228M) 57.813ms
[2020-01-29T22:44:56.809+0300][229.649s][info][gc] GC(2483) Pause Young (Allocation Failure) 97M->97M(228M) 114.122ms
[2020-01-29T22:44:56.923+0300][229.763s][info][gc] GC(2484) Pause Young (Allocation Failure) 126M->126M(228M) 110.059ms
[2020-01-29T22:44:57.006+0300][229.846s][info][gc] GC(2485) Pause Young (Allocation Failure) 174M->174M(228M) 67.961ms
[2020-01-29T22:44:57.087+0300][229.927s][info][gc] GC(2486) Pause Full (Ergonomics) 174M->40M(228M) 81.148ms
[2020-01-29T22:44:57.156+0300][229.996s][info][gc] GC(2487) Pause Young (Allocation Failure) 69M->69M(228M) 64.300ms
[2020-01-29T22:44:57.273+0300][230.113s][info][gc] GC(2488) Pause Young (Allocation Failure) 98M->98M(228M) 113.555ms
[2020-01-29T22:44:57.386+0300][230.226s][info][gc] GC(2489) Pause Young (Allocation Failure) 127M->127M(228M) 109.716ms
[2020-01-29T22:44:57.474+0300][230.315s][info][gc] GC(2490) Pause Young (Allocation Failure) 156M->156M(228M) 75.779ms
[2020-01-29T22:44:57.489+0300][230.328s][info][gc] GC(2491) Pause Full (Ergonomics) 156M->22M(228M) 13.468ms
[2020-01-29T22:44:57.552+0300][230.393s][info][gc] GC(2492) Pause Young (Allocation Failure) 51M->51M(228M) 60.861ms
[2020-01-29T22:44:57.668+0300][230.508s][info][gc] GC(2493) Pause Young (Allocation Failure) 80M->81M(228M) 111.438ms
[2020-01-29T22:44:57.780+0300][230.620s][info][gc] GC(2494) Pause Young (Allocation Failure) 110M->110M(228M) 108.669ms
[2020-01-29T22:44:57.901+0300][230.741s][info][gc] GC(2495) Pause Young (Allocation Failure) 158M->158M(228M) 105.900ms
[2020-01-29T22:44:57.922+0300][230.762s][info][gc] GC(2496) Pause Full (Ergonomics) 158M->23M(228M) 20.750ms
[2020-01-29T22:44:57.984+0300][230.824s][info][gc] GC(2497) Pause Young (Allocation Failure) 52M->52M(228M) 58.389ms
[2020-01-29T22:44:58.103+0300][230.943s][info][gc] GC(2498) Pause Young (Allocation Failure) 81M->81M(228M) 115.443ms
[2020-01-29T22:44:58.222+0300][231.062s][info][gc] GC(2499) Pause Young (Allocation Failure) 110M->110M(228M) 115.724ms
[2020-01-29T22:44:58.336+0300][231.176s][info][gc] GC(2500) Pause Young (Allocation Failure) 159M->159M(228M) 99.381ms
[2020-01-29T22:44:58.360+0300][231.200s][info][gc] GC(2501) Pause Full (Ergonomics) 159M->25M(228M) 23.971ms
[2020-01-29T22:44:58.425+0300][231.265s][info][gc] GC(2502) Pause Young (Allocation Failure) 54M->54M(228M) 61.401ms
[2020-01-29T22:44:58.542+0300][231.382s][info][gc] GC(2503) Pause Young (Allocation Failure) 83M->83M(228M) 113.094ms
[2020-01-29T22:44:58.652+0300][231.493s][info][gc] GC(2504) Pause Young (Allocation Failure) 112M->112M(228M) 106.804ms
[2020-01-29T22:44:58.766+0300][231.607s][info][gc] GC(2505) Pause Young (Allocation Failure) 160M->160M(228M) 99.337ms
[2020-01-29T22:44:58.796+0300][231.636s][info][gc] GC(2506) Pause Full (Ergonomics) 160M->26M(228M) 29.410ms
[2020-01-29T22:44:58.861+0300][231.701s][info][gc] GC(2507) Pause Young (Allocation Failure) 55M->55M(228M) 60.864ms
[2020-01-29T22:44:58.979+0300][231.819s][info][gc] GC(2508) Pause Young (Allocation Failure) 84M->84M(228M) 114.272ms
[2020-01-29T22:44:59.093+0300][231.933s][info][gc] GC(2509) Pause Young (Allocation Failure) 113M->113M(228M) 110.504ms
[2020-01-29T22:44:59.204+0300][232.043s][info][gc] GC(2510) Pause Young (Allocation Failure) 161M->161M(228M) 95.091ms
[2020-01-29T22:44:59.237+0300][232.078s][info][gc] GC(2511) Pause Full (Ergonomics) 161M->27M(228M) 34.371ms
[2020-01-29T22:44:59.304+0300][232.144s][info][gc] GC(2512) Pause Young (Allocation Failure) 56M->56M(228M) 61.784ms
[2020-01-29T22:44:59.419+0300][232.259s][info][gc] GC(2513) Pause Young (Allocation Failure) 85M->85M(228M) 111.587ms
[2020-01-29T22:44:59.537+0300][232.377s][info][gc] GC(2514) Pause Young (Allocation Failure) 114M->114M(228M) 114.028ms
[2020-01-29T22:44:59.641+0300][232.481s][info][gc] GC(2515) Pause Young (Allocation Failure) 162M->162M(228M) 89.377ms
[2020-01-29T22:44:59.679+0300][232.520s][info][gc] GC(2516) Pause Full (Ergonomics) 162M->28M(228M) 38.449ms
[2020-01-29T22:44:59.741+0300][232.581s][info][gc] GC(2517) Pause Young (Allocation Failure) 57M->57M(228M) 57.536ms
[2020-01-29T22:44:59.858+0300][232.697s][info][gc] GC(2518) Pause Young (Allocation Failure) 86M->87M(228M) 112.994ms
[2020-01-29T22:44:59.973+0300][232.813s][info][gc] GC(2519) Pause Young (Allocation Failure) 116M->116M(228M) 112.146ms
[2020-01-29T22:45:00.079+0300][232.919s][info][gc] GC(2520) Pause Young (Allocation Failure) 164M->164M(228M) 90.987ms
[2020-01-29T22:45:00.121+0300][232.962s][info][gc] GC(2521) Pause Full (Ergonomics) 164M->30M(228M) 42.157ms
[2020-01-29T22:45:00.186+0300][233.026s][info][gc] GC(2522) Pause Young (Allocation Failure) 59M->59M(228M) 60.315ms
[2020-01-29T22:45:00.304+0300][233.143s][info][gc] GC(2523) Pause Young (Allocation Failure) 88M->88M(228M) 113.947ms
[2020-01-29T22:45:00.422+0300][233.262s][info][gc] GC(2524) Pause Young (Allocation Failure) 117M->117M(228M) 115.502ms
[2020-01-29T22:45:00.523+0300][233.363s][info][gc] GC(2525) Pause Young (Allocation Failure) 165M->165M(228M) 86.232ms
[2020-01-29T22:45:00.571+0300][233.411s][info][gc] GC(2526) Pause Full (Ergonomics) 165M->31M(228M) 47.748ms
[2020-01-29T22:45:00.635+0300][233.474s][info][gc] GC(2527) Pause Young (Allocation Failure) 60M->60M(228M) 59.980ms
[2020-01-29T22:45:00.750+0300][233.591s][info][gc] GC(2528) Pause Young (Allocation Failure) 89M->89M(228M) 112.890ms
[2020-01-29T22:45:00.873+0300][233.713s][info][gc] GC(2529) Pause Young (Allocation Failure) 118M->118M(228M) 118.413ms
[2020-01-29T22:45:00.972+0300][233.812s][info][gc] GC(2530) Pause Young (Allocation Failure) 166M->166M(228M) 84.467ms
[2020-01-29T22:45:01.028+0300][233.868s][info][gc] GC(2531) Pause Full (Ergonomics) 166M->32M(228M) 55.748ms
[2020-01-29T22:45:01.091+0300][233.932s][info][gc] GC(2532) Pause Young (Allocation Failure) 61M->61M(228M) 59.601ms
[2020-01-29T22:45:01.202+0300][234.042s][info][gc] GC(2533) Pause Young (Allocation Failure) 90M->90M(228M) 106.496ms
[2020-01-29T22:45:01.319+0300][234.159s][info][gc] GC(2534) Pause Young (Allocation Failure) 119M->119M(228M) 113.648ms
[2020-01-29T22:45:01.453+0300][234.293s][info][gc] GC(2535) Pause Young (Allocation Failure) 167M->167M(228M) 118.896ms
[2020-01-29T22:45:01.521+0300][234.361s][info][gc] GC(2536) Pause Full (Ergonomics) 167M->33M(228M) 68.143ms
[2020-01-29T22:45:01.586+0300][234.426s][info][gc] GC(2537) Pause Young (Allocation Failure) 62M->62M(228M) 60.648ms
[2020-01-29T22:45:01.704+0300][234.545s][info][gc] GC(2538) Pause Young (Allocation Failure) 91M->91M(228M) 114.901ms
[2020-01-29T22:45:01.821+0300][234.660s][info][gc] GC(2539) Pause Young (Allocation Failure) 120M->121M(228M) 112.262ms
[2020-01-29T22:45:01.912+0300][234.752s][info][gc] GC(2540) Pause Young (Allocation Failure) 169M->169M(228M) 76.617ms
[2020-01-29T22:45:01.975+0300][234.815s][info][gc] GC(2541) Pause Full (Ergonomics) 169M->35M(228M) 62.869ms
[2020-01-29T22:45:02.038+0300][234.878s][info][gc] GC(2542) Pause Young (Allocation Failure) 64M->64M(228M) 59.367ms
[2020-01-29T22:45:02.155+0300][234.995s][info][gc] GC(2543) Pause Young (Allocation Failure) 93M->93M(228M) 112.538ms
[2020-01-29T22:45:02.266+0300][235.106s][info][gc] GC(2544) Pause Young (Allocation Failure) 122M->122M(228M) 107.300ms
[2020-01-29T22:45:02.402+0300][235.242s][info][gc] GC(2545) Pause Young (Allocation Failure) 170M->170M(228M) 121.748ms
[2020-01-29T22:45:02.480+0300][235.320s][info][gc] GC(2546) Pause Full (Ergonomics) 170M->36M(228M) 77.400ms
[2020-01-29T22:45:02.545+0300][235.385s][info][gc] GC(2547) Pause Young (Allocation Failure) 65M->65M(228M) 61.343ms
[2020-01-29T22:45:02.655+0300][235.495s][info][gc] GC(2548) Pause Young (Allocation Failure) 94M->94M(228M) 106.850ms
[2020-01-29T22:45:02.770+0300][235.610s][info][gc] GC(2549) Pause Young (Allocation Failure) 123M->123M(228M) 111.159ms
[2020-01-29T22:45:02.861+0300][235.701s][info][gc] GC(2550) Pause Young (Allocation Failure) 171M->171M(228M) 75.320ms
[2020-01-29T22:45:02.934+0300][235.774s][info][gc] GC(2551) Pause Full (Ergonomics) 171M->37M(228M) 72.984ms
[2020-01-29T22:45:02.998+0300][235.839s][info][gc] GC(2552) Pause Young (Allocation Failure) 66M->66M(228M) 61.692ms
[2020-01-29T22:45:03.114+0300][235.954s][info][gc] GC(2553) Pause Young (Allocation Failure) 95M->95M(228M) 111.195ms
[2020-01-29T22:45:03.229+0300][236.069s][info][gc] GC(2554) Pause Young (Allocation Failure) 124M->124M(228M) 111.559ms
[2020-01-29T22:45:03.362+0300][236.202s][info][gc] GC(2555) Pause Young (Allocation Failure) 172M->172M(228M) 117.736ms
[2020-01-29T22:45:03.450+0300][236.290s][info][gc] GC(2556) Pause Full (Ergonomics) 172M->38M(228M) 88.053ms
[2020-01-29T22:45:03.516+0300][236.355s][info][gc] GC(2557) Pause Young (Allocation Failure) 67M->67M(228M) 61.801ms
[2020-01-29T22:45:03.627+0300][236.467s][info][gc] GC(2558) Pause Young (Allocation Failure) 96M->96M(228M) 108.480ms
[2020-01-29T22:45:03.744+0300][236.584s][info][gc] GC(2559) Pause Young (Allocation Failure) 125M->125M(228M) 113.244ms
[2020-01-29T22:45:03.832+0300][236.672s][info][gc] GC(2560) Pause Young (Allocation Failure) 174M->174M(228M) 72.526ms
[2020-01-29T22:45:03.912+0300][236.752s][info][gc] GC(2561) Pause Full (Ergonomics) 174M->40M(228M) 79.864ms
[2020-01-29T22:45:03.973+0300][236.813s][info][gc] GC(2562) Pause Young (Allocation Failure) 69M->69M(228M) 57.628ms
[2020-01-29T22:45:04.088+0300][236.928s][info][gc] GC(2563) Pause Young (Allocation Failure) 98M->98M(228M) 111.359ms
[2020-01-29T22:45:04.207+0300][237.046s][info][gc] GC(2564) Pause Young (Allocation Failure) 127M->127M(228M) 114.285ms
[2020-01-29T22:45:04.307+0300][237.148s][info][gc] GC(2565) Pause Young (Allocation Failure) 156M->156M(228M) 88.333ms
[2020-01-29T22:45:04.320+0300][237.160s][info][gc] GC(2566) Pause Full (Ergonomics) 156M->22M(228M) 12.167ms
[2020-01-29T22:45:04.385+0300][237.225s][info][gc] GC(2567) Pause Young (Allocation Failure) 51M->51M(228M) 61.675ms
[2020-01-29T22:45:04.493+0300][237.333s][info][gc] GC(2568) Pause Young (Allocation Failure) 80M->80M(228M) 103.922ms
[2020-01-29T22:45:04.608+0300][237.448s][info][gc] GC(2569) Pause Young (Allocation Failure) 109M->109M(228M) 112.031ms
[2020-01-29T22:45:04.735+0300][237.575s][info][gc] GC(2570) Pause Young (Allocation Failure) 157M->157M(228M) 111.778ms
[2020-01-29T22:45:04.754+0300][237.594s][info][gc] GC(2571) Pause Full (Ergonomics) 157M->23M(228M) 19.613ms
[2020-01-29T22:45:04.820+0300][237.660s][info][gc] GC(2572) Pause Young (Allocation Failure) 52M->52M(228M) 61.551ms
[2020-01-29T22:45:04.932+0300][237.772s][info][gc] GC(2573) Pause Young (Allocation Failure) 81M->81M(228M) 108.462ms
[2020-01-29T22:45:05.051+0300][237.891s][info][gc] GC(2574) Pause Young (Allocation Failure) 110M->110M(228M) 114.920ms
[2020-01-29T22:45:05.189+0300][238.028s][info][gc] GC(2575) Pause Young (Allocation Failure) 158M->158M(228M) 123.049ms
[2020-01-29T22:45:05.222+0300][238.061s][info][gc] GC(2576) Pause Full (Ergonomics) 158M->24M(228M) 32.800ms
[2020-01-29T22:45:05.287+0300][238.127s][info][gc] GC(2577) Pause Young (Allocation Failure) 53M->53M(228M) 61.318ms
[2020-01-29T22:45:05.394+0300][238.234s][info][gc] GC(2578) Pause Young (Allocation Failure) 82M->82M(228M) 102.844ms
[2020-01-29T22:45:05.503+0300][238.343s][info][gc] GC(2579) Pause Young (Allocation Failure) 111M->111M(228M) 105.027ms
[2020-01-29T22:45:05.621+0300][238.461s][info][gc] GC(2580) Pause Young (Allocation Failure) 159M->159M(228M) 103.056ms
[2020-01-29T22:45:05.649+0300][238.489s][info][gc] GC(2581) Pause Full (Ergonomics) 159M->26M(228M) 28.480ms
[2020-01-29T22:45:05.714+0300][238.554s][info][gc] GC(2582) Pause Young (Allocation Failure) 55M->54M(228M) 61.153ms
[2020-01-29T22:45:05.825+0300][238.665s][info][gc] GC(2583) Pause Young (Allocation Failure) 83M->84M(228M) 107.072ms
[2020-01-29T22:45:05.942+0300][238.782s][info][gc] GC(2584) Pause Young (Allocation Failure) 113M->113M(228M) 113.255ms
[2020-01-29T22:45:06.080+0300][238.920s][info][gc] GC(2585) Pause Young (Allocation Failure) 161M->161M(228M) 123.520ms
[2020-01-29T22:45:06.126+0300][238.966s][info][gc] GC(2586) Pause Full (Ergonomics) 161M->27M(228M) 45.505ms
[2020-01-29T22:45:06.187+0300][239.027s][info][gc] GC(2587) Pause Young (Allocation Failure) 56M->56M(228M) 57.061ms
[2020-01-29T22:45:06.302+0300][239.141s][info][gc] GC(2588) Pause Young (Allocation Failure) 85M->85M(228M) 110.688ms
[2020-01-29T22:45:06.414+0300][239.255s][info][gc] GC(2589) Pause Young (Allocation Failure) 114M->114M(228M) 109.659ms
[2020-01-29T22:45:06.521+0300][239.361s][info][gc] GC(2590) Pause Young (Allocation Failure) 162M->162M(228M) 91.539ms
[2020-01-29T22:45:06.556+0300][239.396s][info][gc] GC(2591) Pause Full (Ergonomics) 162M->28M(228M) 34.736ms
[2020-01-29T22:45:06.622+0300][239.461s][info][gc] GC(2592) Pause Young (Allocation Failure) 57M->57M(228M) 61.860ms
[2020-01-29T22:45:06.736+0300][239.577s][info][gc] GC(2593) Pause Young (Allocation Failure) 86M->86M(228M) 111.356ms
[2020-01-29T22:45:06.852+0300][239.693s][info][gc] GC(2594) Pause Young (Allocation Failure) 115M->115M(228M) 112.397ms
[2020-01-29T22:45:06.993+0300][239.833s][info][gc] GC(2595) Pause Young (Allocation Failure) 163M->163M(228M) 125.783ms
[2020-01-29T22:45:07.046+0300][239.886s][info][gc] GC(2596) Pause Full (Ergonomics) 163M->29M(228M) 52.663ms
[2020-01-29T22:45:07.108+0300][239.948s][info][gc] GC(2597) Pause Young (Allocation Failure) 58M->58M(228M) 57.687ms
[2020-01-29T22:45:07.225+0300][240.066s][info][gc] GC(2598) Pause Young (Allocation Failure) 87M->87M(228M) 114.025ms
[2020-01-29T22:45:07.344+0300][240.184s][info][gc] GC(2599) Pause Young (Allocation Failure) 116M->116M(228M) 114.095ms
[2020-01-29T22:45:07.452+0300][240.292s][info][gc] GC(2600) Pause Young (Allocation Failure) 164M->164M(228M) 93.438ms
[2020-01-29T22:45:07.495+0300][240.335s][info][gc] GC(2601) Pause Full (Ergonomics) 164M->30M(228M) 42.431ms
[2020-01-29T22:45:07.556+0300][240.396s][info][gc] GC(2602) Pause Young (Allocation Failure) 59M->59M(228M) 57.605ms
[2020-01-29T22:45:07.672+0300][240.512s][info][gc] GC(2603) Pause Young (Allocation Failure) 88M->88M(228M) 111.845ms
[2020-01-29T22:45:07.785+0300][240.624s][info][gc] GC(2604) Pause Young (Allocation Failure) 117M->118M(228M) 108.994ms
[2020-01-29T22:45:07.885+0300][240.725s][info][gc] GC(2605) Pause Young (Allocation Failure) 166M->166M(228M) 85.280ms
[2020-01-29T22:45:07.936+0300][240.776s][info][gc] GC(2606) Pause Full (Ergonomics) 166M->32M(228M) 51.261ms
[2020-01-29T22:45:08.001+0300][240.841s][info][gc] GC(2607) Pause Young (Allocation Failure) 61M->61M(228M) 61.443ms
[2020-01-29T22:45:08.115+0300][240.956s][info][gc] GC(2608) Pause Young (Allocation Failure) 90M->90M(228M) 110.745ms
[2020-01-29T22:45:08.234+0300][241.074s][info][gc] GC(2609) Pause Young (Allocation Failure) 119M->119M(228M) 114.645ms
[2020-01-29T22:45:08.326+0300][241.166s][info][gc] GC(2610) Pause Young (Allocation Failure) 167M->167M(228M) 77.227ms
[2020-01-29T22:45:08.380+0300][241.220s][info][gc] GC(2611) Pause Full (Ergonomics) 167M->33M(228M) 54.046ms
[2020-01-29T22:45:08.447+0300][241.287s][info][gc] GC(2612) Pause Young (Allocation Failure) 62M->62M(228M) 62.874ms
[2020-01-29T22:45:08.566+0300][241.407s][info][gc] GC(2613) Pause Young (Allocation Failure) 91M->91M(228M) 116.317ms
[2020-01-29T22:45:08.680+0300][241.521s][info][gc] GC(2614) Pause Young (Allocation Failure) 120M->120M(228M) 110.273ms
[2020-01-29T22:45:08.770+0300][241.610s][info][gc] GC(2615) Pause Young (Allocation Failure) 168M->168M(228M) 74.282ms
[2020-01-29T22:45:08.830+0300][241.670s][info][gc] GC(2616) Pause Full (Ergonomics) 168M->34M(228M) 60.151ms
[2020-01-29T22:45:08.900+0300][241.740s][info][gc] GC(2617) Pause Young (Allocation Failure) 63M->63M(228M) 66.716ms
[2020-01-29T22:45:09.012+0300][241.852s][info][gc] GC(2618) Pause Young (Allocation Failure) 92M->92M(228M) 107.775ms
[2020-01-29T22:45:09.130+0300][241.970s][info][gc] GC(2619) Pause Young (Allocation Failure) 121M->121M(228M) 114.678ms
[2020-01-29T22:45:09.219+0300][242.060s][info][gc] GC(2620) Pause Young (Allocation Failure) 169M->169M(228M) 74.940ms
[2020-01-29T22:45:09.282+0300][242.122s][info][gc] GC(2621) Pause Full (Ergonomics) 169M->35M(228M) 62.490ms
[2020-01-29T22:45:09.350+0300][242.190s][info][gc] GC(2622) Pause Young (Allocation Failure) 64M->64M(228M) 63.514ms
[2020-01-29T22:45:09.461+0300][242.301s][info][gc] GC(2623) Pause Young (Allocation Failure) 93M->93M(228M) 107.693ms
[2020-01-29T22:45:09.573+0300][242.413s][info][gc] GC(2624) Pause Young (Allocation Failure) 122M->123M(228M) 107.961ms
[2020-01-29T22:45:09.666+0300][242.507s][info][gc] GC(2625) Pause Young (Allocation Failure) 171M->171M(228M) 78.722ms
[2020-01-29T22:45:09.734+0300][242.574s][info][gc] GC(2626) Pause Full (Ergonomics) 171M->37M(228M) 67.653ms
[2020-01-29T22:45:09.800+0300][242.640s][info][gc] GC(2627) Pause Young (Allocation Failure) 66M->66M(228M) 62.142ms
[2020-01-29T22:45:09.910+0300][242.750s][info][gc] GC(2628) Pause Young (Allocation Failure) 95M->95M(228M) 106.061ms
[2020-01-29T22:45:10.026+0300][242.867s][info][gc] GC(2629) Pause Young (Allocation Failure) 124M->124M(228M) 113.323ms
[2020-01-29T22:45:10.115+0300][242.955s][info][gc] GC(2630) Pause Young (Allocation Failure) 172M->172M(228M) 72.563ms
[2020-01-29T22:45:10.183+0300][243.023s][info][gc] GC(2631) Pause Full (Ergonomics) 172M->38M(228M) 67.913ms
[2020-01-29T22:45:10.245+0300][243.085s][info][gc] GC(2632) Pause Young (Allocation Failure) 67M->67M(228M) 58.654ms
[2020-01-29T22:45:10.355+0300][243.196s][info][gc] GC(2633) Pause Young (Allocation Failure) 96M->96M(228M) 106.807ms
[2020-01-29T22:45:10.464+0300][243.305s][info][gc] GC(2634) Pause Young (Allocation Failure) 125M->125M(228M) 105.420ms
[2020-01-29T22:45:10.551+0300][243.391s][info][gc] GC(2635) Pause Young (Allocation Failure) 173M->173M(228M) 71.736ms
[2020-01-29T22:45:10.630+0300][243.470s][info][gc] GC(2636) Pause Full (Ergonomics) 173M->39M(228M) 78.634ms
[2020-01-29T22:45:10.698+0300][243.537s][info][gc] GC(2637) Pause Young (Allocation Failure) 68M->68M(228M) 63.275ms
[2020-01-29T22:45:10.806+0300][243.646s][info][gc] GC(2638) Pause Young (Allocation Failure) 97M->97M(228M) 105.310ms
[2020-01-29T22:45:10.924+0300][243.764s][info][gc] GC(2639) Pause Young (Allocation Failure) 126M->126M(228M) 114.635ms
[2020-01-29T22:45:11.015+0300][243.855s][info][gc] GC(2640) Pause Young (Allocation Failure) 155M->155M(228M) 78.669ms
[2020-01-29T22:45:11.027+0300][243.866s][info][gc] GC(2641) Pause Full (Ergonomics) 155M->22M(228M) 11.266ms
[2020-01-29T22:45:11.088+0300][243.927s][info][gc] GC(2642) Pause Young (Allocation Failure) 51M->51M(228M) 56.983ms
[2020-01-29T22:45:11.202+0300][244.043s][info][gc] GC(2643) Pause Young (Allocation Failure) 80M->80M(228M) 111.986ms
[2020-01-29T22:45:11.318+0300][244.159s][info][gc] GC(2644) Pause Young (Allocation Failure) 109M->109M(228M) 112.380ms
[2020-01-29T22:45:11.451+0300][244.290s][info][gc] GC(2645) Pause Young (Allocation Failure) 157M->157M(228M) 116.321ms
[2020-01-29T22:45:11.472+0300][244.311s][info][gc] GC(2646) Pause Full (Ergonomics) 157M->23M(228M) 20.847ms
[2020-01-29T22:45:11.534+0300][244.374s][info][gc] GC(2647) Pause Young (Allocation Failure) 52M->52M(228M) 59.380ms
[2020-01-29T22:45:11.644+0300][244.485s][info][gc] GC(2648) Pause Young (Allocation Failure) 81M->81M(228M) 106.809ms
[2020-01-29T22:45:11.762+0300][244.602s][info][gc] GC(2649) Pause Young (Allocation Failure) 110M->110M(228M) 113.947ms
[2020-01-29T22:45:11.882+0300][244.722s][info][gc] GC(2650) Pause Young (Allocation Failure) 158M->158M(228M) 104.293ms
[2020-01-29T22:45:11.904+0300][244.743s][info][gc] GC(2651) Pause Full (Ergonomics) 158M->24M(228M) 21.619ms
[2020-01-29T22:45:11.967+0300][244.807s][info][gc] GC(2652) Pause Young (Allocation Failure) 53M->53M(228M) 59.862ms
[2020-01-29T22:45:12.089+0300][244.929s][info][gc] GC(2653) Pause Young (Allocation Failure) 82M->82M(228M) 118.440ms
[2020-01-29T22:45:12.204+0300][245.043s][info][gc] GC(2654) Pause Young (Allocation Failure) 111M->111M(228M) 110.386ms
[2020-01-29T22:45:12.344+0300][245.184s][info][gc] GC(2655) Pause Young (Allocation Failure) 159M->159M(228M) 125.776ms
[2020-01-29T22:45:12.380+0300][245.220s][info][gc] GC(2656) Pause Full (Ergonomics) 159M->25M(228M) 36.027ms
[2020-01-29T22:45:12.447+0300][245.287s][info][gc] GC(2657) Pause Young (Allocation Failure) 54M->54M(228M) 62.723ms
[2020-01-29T22:45:12.564+0300][245.403s][info][gc] GC(2658) Pause Young (Allocation Failure) 83M->83M(228M) 112.938ms
[2020-01-29T22:45:12.671+0300][245.511s][info][gc] GC(2659) Pause Young (Allocation Failure) 112M->112M(228M) 104.155ms
[2020-01-29T22:45:12.812+0300][245.652s][info][gc] GC(2660) Pause Young (Allocation Failure) 160M->160M(228M) 125.392ms
[2020-01-29T22:45:12.856+0300][245.696s][info][gc] GC(2661) Pause Full (Ergonomics) 160M->26M(228M) 43.851ms
[2020-01-29T22:45:12.920+0300][245.759s][info][gc] GC(2662) Pause Young (Allocation Failure) 55M->55M(228M) 60.159ms
[2020-01-29T22:45:13.034+0300][245.874s][info][gc] GC(2663) Pause Young (Allocation Failure) 84M->84M(228M) 111.317ms
[2020-01-29T22:45:13.154+0300][245.993s][info][gc] GC(2664) Pause Young (Allocation Failure) 113M->113M(228M) 115.205ms
[2020-01-29T22:45:13.295+0300][246.135s][info][gc] GC(2665) Pause Young (Allocation Failure) 161M->162M(228M) 126.368ms
[2020-01-29T22:45:13.343+0300][246.183s][info][gc] GC(2666) Pause Full (Ergonomics) 162M->28M(228M) 48.189ms
[2020-01-29T22:45:13.410+0300][246.250s][info][gc] GC(2667) Pause Young (Allocation Failure) 57M->56M(228M) 63.246ms
[2020-01-29T22:45:13.523+0300][246.362s][info][gc] GC(2668) Pause Young (Allocation Failure) 85M->86M(228M) 107.984ms
[2020-01-29T22:45:13.642+0300][246.482s][info][gc] GC(2669) Pause Young (Allocation Failure) 115M->115M(228M) 115.979ms
[2020-01-29T22:45:13.777+0300][246.617s][info][gc] GC(2670) Pause Young (Allocation Failure) 163M->163M(228M) 120.021ms
[2020-01-29T22:45:13.828+0300][246.669s][info][gc] GC(2671) Pause Full (Ergonomics) 163M->29M(228M) 51.450ms
[2020-01-29T22:45:13.894+0300][246.734s][info][gc] GC(2672) Pause Young (Allocation Failure) 58M->58M(228M) 61.602ms
[2020-01-29T22:45:14.013+0300][246.854s][info][gc] GC(2673) Pause Young (Allocation Failure) 87M->87M(228M) 116.216ms
[2020-01-29T22:45:14.127+0300][246.967s][info][gc] GC(2674) Pause Young (Allocation Failure) 116M->116M(228M) 109.126ms
[2020-01-29T22:45:14.224+0300][247.064s][info][gc] GC(2675) Pause Young (Allocation Failure) 164M->164M(228M) 82.776ms
[2020-01-29T22:45:14.269+0300][247.108s][info][gc] GC(2676) Pause Full (Ergonomics) 164M->30M(228M) 44.049ms
[2020-01-29T22:45:14.330+0300][247.170s][info][gc] GC(2677) Pause Young (Allocation Failure) 59M->59M(228M) 58.357ms
[2020-01-29T22:45:14.446+0300][247.286s][info][gc] GC(2678) Pause Young (Allocation Failure) 88M->88M(228M) 111.735ms
[2020-01-29T22:45:14.555+0300][247.395s][info][gc] GC(2679) Pause Young (Allocation Failure) 117M->117M(228M) 105.569ms
[2020-01-29T22:45:14.660+0300][247.500s][info][gc] GC(2680) Pause Young (Allocation Failure) 165M->165M(228M) 89.707ms
[2020-01-29T22:45:14.708+0300][247.548s][info][gc] GC(2681) Pause Full (Ergonomics) 165M->31M(228M) 48.039ms
[2020-01-29T22:45:14.769+0300][247.609s][info][gc] GC(2682) Pause Young (Allocation Failure) 60M->60M(228M) 57.032ms
[2020-01-29T22:45:14.885+0300][247.726s][info][gc] GC(2683) Pause Young (Allocation Failure) 89M->89M(228M) 113.185ms
[2020-01-29T22:45:15.006+0300][247.846s][info][gc] GC(2684) Pause Young (Allocation Failure) 118M->118M(228M) 116.618ms
[2020-01-29T22:45:15.101+0300][247.940s][info][gc] GC(2685) Pause Young (Allocation Failure) 167M->166M(228M) 79.697ms
[2020-01-29T22:45:15.153+0300][247.992s][info][gc] GC(2686) Pause Full (Ergonomics) 166M->32M(228M) 51.867ms
[2020-01-29T22:45:15.218+0300][248.058s][info][gc] GC(2687) Pause Young (Allocation Failure) 61M->61M(228M) 61.688ms
[2020-01-29T22:45:15.333+0300][248.173s][info][gc] GC(2688) Pause Young (Allocation Failure) 90M->91M(228M) 111.618ms
[2020-01-29T22:45:15.449+0300][248.289s][info][gc] GC(2689) Pause Young (Allocation Failure) 120M->120M(228M) 112.628ms
[2020-01-29T22:45:15.586+0300][248.426s][info][gc] GC(2690) Pause Young (Allocation Failure) 168M->168M(228M) 122.308ms
[2020-01-29T22:45:15.662+0300][248.503s][info][gc] GC(2691) Pause Full (Ergonomics) 168M->34M(228M) 76.587ms
[2020-01-29T22:45:15.728+0300][248.568s][info][gc] GC(2692) Pause Young (Allocation Failure) 63M->63M(228M) 61.858ms
[2020-01-29T22:45:15.844+0300][248.684s][info][gc] GC(2693) Pause Young (Allocation Failure) 92M->92M(228M) 112.160ms
[2020-01-29T22:45:15.966+0300][248.805s][info][gc] GC(2694) Pause Young (Allocation Failure) 121M->121M(228M) 117.521ms
[2020-01-29T22:45:16.093+0300][248.934s][info][gc] GC(2695) Pause Young (Allocation Failure) 169M->169M(228M) 114.084ms
[2020-01-29T22:45:16.171+0300][249.011s][info][gc] GC(2696) Pause Full (Ergonomics) 169M->35M(228M) 77.302ms
[2020-01-29T22:45:16.235+0300][249.075s][info][gc] GC(2697) Pause Young (Allocation Failure) 64M->64M(228M) 59.904ms
[2020-01-29T22:45:16.353+0300][249.192s][info][gc] GC(2698) Pause Young (Allocation Failure) 93M->93M(228M) 113.615ms
[2020-01-29T22:45:16.465+0300][249.305s][info][gc] GC(2699) Pause Young (Allocation Failure) 122M->122M(228M) 109.261ms
[2020-01-29T22:45:16.555+0300][249.395s][info][gc] GC(2700) Pause Young (Allocation Failure) 170M->170M(228M) 74.542ms
[2020-01-29T22:45:16.621+0300][249.461s][info][gc] GC(2701) Pause Full (Ergonomics) 170M->36M(228M) 65.659ms
[2020-01-29T22:45:16.687+0300][249.527s][info][gc] GC(2702) Pause Young (Allocation Failure) 65M->65M(228M) 62.662ms
[2020-01-29T22:45:16.807+0300][249.647s][info][gc] GC(2703) Pause Young (Allocation Failure) 94M->94M(228M) 116.376ms
[2020-01-29T22:45:16.930+0300][249.770s][info][gc] GC(2704) Pause Young (Allocation Failure) 123M->123M(228M) 119.246ms
[2020-01-29T22:45:17.018+0300][249.857s][info][gc] GC(2705) Pause Young (Allocation Failure) 171M->171M(228M) 73.039ms
[2020-01-29T22:45:17.087+0300][249.926s][info][gc] GC(2706) Pause Full (Ergonomics) 171M->38M(228M) 68.814ms
[2020-01-29T22:45:17.153+0300][249.994s][info][gc] GC(2707) Pause Young (Allocation Failure) 67M->66M(228M) 63.698ms
[2020-01-29T22:45:17.269+0300][250.109s][info][gc] GC(2708) Pause Young (Allocation Failure) 95M->95M(228M) 111.062ms
[2020-01-29T22:45:17.388+0300][250.229s][info][gc] GC(2709) Pause Young (Allocation Failure) 124M->125M(228M) 116.422ms
[2020-01-29T22:45:17.474+0300][250.314s][info][gc] GC(2710) Pause Young (Allocation Failure) 173M->173M(228M) 70.207ms
[2020-01-29T22:45:17.548+0300][250.388s][info][gc] GC(2711) Pause Full (Ergonomics) 173M->39M(228M) 74.135ms
[2020-01-29T22:45:17.611+0300][250.450s][info][gc] GC(2712) Pause Young (Allocation Failure) 68M->68M(228M) 58.458ms
[2020-01-29T22:45:17.723+0300][250.563s][info][gc] GC(2713) Pause Young (Allocation Failure) 97M->97M(228M) 109.674ms
[2020-01-29T22:45:17.842+0300][250.682s][info][gc] GC(2714) Pause Young (Allocation Failure) 126M->126M(228M) 114.452ms
[2020-01-29T22:45:17.931+0300][250.771s][info][gc] GC(2715) Pause Young (Allocation Failure) 155M->155M(228M) 77.232ms
[2020-01-29T22:45:17.941+0300][250.781s][info][gc] GC(2716) Pause Full (Ergonomics) 155M->21M(228M) 9.991ms
[2020-01-29T22:45:18.004+0300][250.845s][info][gc] GC(2717) Pause Young (Allocation Failure) 50M->50M(228M) 60.385ms
[2020-01-29T22:45:18.120+0300][250.961s][info][gc] GC(2718) Pause Young (Allocation Failure) 79M->79M(228M) 112.616ms
[2020-01-29T22:45:18.236+0300][251.076s][info][gc] GC(2719) Pause Young (Allocation Failure) 108M->108M(228M) 111.264ms
[2020-01-29T22:45:18.366+0300][251.206s][info][gc] GC(2720) Pause Young (Allocation Failure) 156M->156M(228M) 115.761ms
[2020-01-29T22:45:18.384+0300][251.224s][info][gc] GC(2721) Pause Full (Ergonomics) 156M->22M(228M) 17.603ms
[2020-01-29T22:45:18.447+0300][251.287s][info][gc] GC(2722) Pause Young (Allocation Failure) 51M->51M(228M) 59.449ms
[2020-01-29T22:45:18.553+0300][251.394s][info][gc] GC(2723) Pause Young (Allocation Failure) 80M->80M(228M) 102.929ms
[2020-01-29T22:45:18.665+0300][251.505s][info][gc] GC(2724) Pause Young (Allocation Failure) 109M->109M(228M) 107.964ms
[2020-01-29T22:45:18.788+0300][251.628s][info][gc] GC(2725) Pause Young (Allocation Failure) 157M->157M(228M) 107.169ms
[2020-01-29T22:45:18.809+0300][251.649s][info][gc] GC(2726) Pause Full (Ergonomics) 157M->23M(228M) 21.713ms
[2020-01-29T22:45:18.870+0300][251.711s][info][gc] GC(2727) Pause Young (Allocation Failure) 52M->52M(228M) 57.710ms
[2020-01-29T22:45:18.988+0300][251.827s][info][gc] GC(2728) Pause Young (Allocation Failure) 81M->81M(228M) 113.085ms
[2020-01-29T22:45:19.099+0300][251.939s][info][gc] GC(2729) Pause Young (Allocation Failure) 110M->111M(228M) 108.242ms
[2020-01-29T22:45:19.217+0300][252.057s][info][gc] GC(2730) Pause Young (Allocation Failure) 159M->159M(228M) 102.757ms
[2020-01-29T22:45:19.240+0300][252.081s][info][gc] GC(2731) Pause Full (Ergonomics) 159M->25M(228M) 23.340ms
[2020-01-29T22:45:19.304+0300][252.144s][info][gc] GC(2732) Pause Young (Allocation Failure) 54M->54M(228M) 59.654ms
[2020-01-29T22:45:19.415+0300][252.255s][info][gc] GC(2733) Pause Young (Allocation Failure) 83M->83M(228M) 106.964ms
[2020-01-29T22:45:19.534+0300][252.373s][info][gc] GC(2734) Pause Young (Allocation Failure) 112M->112M(228M) 115.120ms
[2020-01-29T22:45:19.669+0300][252.510s][info][gc] GC(2735) Pause Young (Allocation Failure) 160M->160M(228M) 121.145ms
[2020-01-29T22:45:19.708+0300][252.548s][info][gc] GC(2736) Pause Full (Ergonomics) 160M->26M(228M) 37.990ms
[2020-01-29T22:45:19.770+0300][252.611s][info][gc] GC(2737) Pause Young (Allocation Failure) 55M->55M(228M) 59.661ms
[2020-01-29T22:45:19.884+0300][252.723s][info][gc] GC(2738) Pause Young (Allocation Failure) 84M->84M(228M) 108.678ms
[2020-01-29T22:45:19.994+0300][252.834s][info][gc] GC(2739) Pause Young (Allocation Failure) 113M->113M(228M) 107.434ms
[2020-01-29T22:45:20.102+0300][252.942s][info][gc] GC(2740) Pause Young (Allocation Failure) 161M->161M(228M) 92.819ms
[2020-01-29T22:45:20.136+0300][252.976s][info][gc] GC(2741) Pause Full (Ergonomics) 161M->27M(228M) 33.944ms
[2020-01-29T22:45:20.200+0300][253.039s][info][gc] GC(2742) Pause Young (Allocation Failure) 56M->56M(228M) 59.268ms
[2020-01-29T22:45:20.310+0300][253.150s][info][gc] GC(2743) Pause Young (Allocation Failure) 85M->85M(228M) 106.834ms
[2020-01-29T22:45:20.428+0300][253.268s][info][gc] GC(2744) Pause Young (Allocation Failure) 114M->114M(228M) 114.644ms
[2020-01-29T22:45:20.568+0300][253.408s][info][gc] GC(2745) Pause Young (Allocation Failure) 162M->162M(228M) 124.629ms
[2020-01-29T22:45:20.617+0300][253.456s][info][gc] GC(2746) Pause Full (Ergonomics) 162M->28M(228M) 48.253ms
[2020-01-29T22:45:20.679+0300][253.519s][info][gc] GC(2747) Pause Young (Allocation Failure) 57M->57M(228M) 59.098ms
[2020-01-29T22:45:20.793+0300][253.633s][info][gc] GC(2748) Pause Young (Allocation Failure) 86M->86M(228M) 110.478ms
[2020-01-29T22:45:20.902+0300][253.743s][info][gc] GC(2749) Pause Young (Allocation Failure) 115M->115M(228M) 105.791ms
[2020-01-29T22:45:21.007+0300][253.848s][info][gc] GC(2750) Pause Young (Allocation Failure) 164M->164M(228M) 89.904ms
[2020-01-29T22:45:21.052+0300][253.892s][info][gc] GC(2751) Pause Full (Ergonomics) 164M->30M(228M) 44.195ms
[2020-01-29T22:45:21.118+0300][253.958s][info][gc] GC(2752) Pause Young (Allocation Failure) 59M->59M(228M) 62.456ms
[2020-01-29T22:45:21.228+0300][254.068s][info][gc] GC(2753) Pause Young (Allocation Failure) 88M->88M(228M) 106.172ms
[2020-01-29T22:45:21.342+0300][254.182s][info][gc] GC(2754) Pause Young (Allocation Failure) 117M->117M(228M) 110.368ms
[2020-01-29T22:45:21.472+0300][254.312s][info][gc] GC(2755) Pause Young (Allocation Failure) 165M->165M(228M) 115.098ms
[2020-01-29T22:45:21.532+0300][254.372s][info][gc] GC(2756) Pause Full (Ergonomics) 165M->31M(228M) 59.519ms
[2020-01-29T22:45:21.595+0300][254.435s][info][gc] GC(2757) Pause Young (Allocation Failure) 60M->60M(228M) 59.341ms
[2020-01-29T22:45:21.705+0300][254.545s][info][gc] GC(2758) Pause Young (Allocation Failure) 89M->89M(228M) 106.192ms
[2020-01-29T22:45:21.818+0300][254.658s][info][gc] GC(2759) Pause Young (Allocation Failure) 118M->118M(228M) 109.592ms
[2020-01-29T22:45:21.954+0300][254.794s][info][gc] GC(2760) Pause Young (Allocation Failure) 166M->166M(228M) 121.528ms
[2020-01-29T22:45:22.021+0300][254.862s][info][gc] GC(2761) Pause Full (Ergonomics) 166M->32M(228M) 67.279ms
[2020-01-29T22:45:22.087+0300][254.927s][info][gc] GC(2762) Pause Young (Allocation Failure) 61M->61M(228M) 62.054ms
[2020-01-29T22:45:22.202+0300][255.042s][info][gc] GC(2763) Pause Young (Allocation Failure) 90M->90M(228M) 111.269ms
[2020-01-29T22:45:22.318+0300][255.158s][info][gc] GC(2764) Pause Young (Allocation Failure) 119M->119M(228M) 111.636ms
[2020-01-29T22:45:22.447+0300][255.287s][info][gc] GC(2765) Pause Young (Allocation Failure) 167M->167M(228M) 114.946ms
[2020-01-29T22:45:22.515+0300][255.355s][info][gc] GC(2766) Pause Full (Ergonomics) 167M->33M(228M) 67.586ms
[2020-01-29T22:45:22.578+0300][255.418s][info][gc] GC(2767) Pause Young (Allocation Failure) 62M->62M(228M) 59.607ms
[2020-01-29T22:45:22.689+0300][255.528s][info][gc] GC(2768) Pause Young (Allocation Failure) 91M->91M(228M) 106.219ms
[2020-01-29T22:45:22.804+0300][255.644s][info][gc] GC(2769) Pause Young (Allocation Failure) 120M->120M(228M) 112.125ms
[2020-01-29T22:45:22.945+0300][255.785s][info][gc] GC(2770) Pause Young (Allocation Failure) 168M->169M(228M) 125.991ms
[2020-01-29T22:45:23.024+0300][255.864s][info][gc] GC(2771) Pause Full (Ergonomics) 169M->35M(228M) 78.353ms
[2020-01-29T22:45:23.089+0300][255.929s][info][gc] GC(2772) Pause Young (Allocation Failure) 64M->64M(228M) 61.728ms
[2020-01-29T22:45:23.201+0300][256.041s][info][gc] GC(2773) Pause Young (Allocation Failure) 93M->93M(228M) 108.399ms
[2020-01-29T22:45:23.320+0300][256.160s][info][gc] GC(2774) Pause Young (Allocation Failure) 122M->122M(228M) 114.677ms
[2020-01-29T22:45:23.406+0300][256.246s][info][gc] GC(2775) Pause Young (Allocation Failure) 170M->170M(228M) 71.409ms
[2020-01-29T22:45:23.469+0300][256.309s][info][gc] GC(2776) Pause Full (Ergonomics) 170M->36M(228M) 62.666ms
[2020-01-29T22:45:23.534+0300][256.374s][info][gc] GC(2777) Pause Young (Allocation Failure) 65M->65M(228M) 61.416ms
[2020-01-29T22:45:23.643+0300][256.483s][info][gc] GC(2778) Pause Young (Allocation Failure) 94M->94M(228M) 104.908ms
[2020-01-29T22:45:23.764+0300][256.604s][info][gc] GC(2779) Pause Young (Allocation Failure) 123M->123M(228M) 117.965ms
[2020-01-29T22:45:23.850+0300][256.691s][info][gc] GC(2780) Pause Young (Allocation Failure) 171M->171M(228M) 71.935ms
[2020-01-29T22:45:23.922+0300][256.762s][info][gc] GC(2781) Pause Full (Ergonomics) 171M->37M(228M) 70.990ms
[2020-01-29T22:45:23.990+0300][256.830s][info][gc] GC(2782) Pause Young (Allocation Failure) 66M->66M(228M) 64.351ms
[2020-01-29T22:45:24.100+0300][256.941s][info][gc] GC(2783) Pause Young (Allocation Failure) 95M->95M(228M) 107.523ms
[2020-01-29T22:45:24.218+0300][257.058s][info][gc] GC(2784) Pause Young (Allocation Failure) 124M->124M(228M) 113.395ms
[2020-01-29T22:45:24.306+0300][257.146s][info][gc] GC(2785) Pause Young (Allocation Failure) 172M->172M(228M) 73.887ms
[2020-01-29T22:45:24.380+0300][257.220s][info][gc] GC(2786) Pause Full (Ergonomics) 172M->38M(228M) 73.187ms
[2020-01-29T22:45:24.445+0300][257.284s][info][gc] GC(2787) Pause Young (Allocation Failure) 67M->67M(228M) 61.202ms
[2020-01-29T22:45:24.560+0300][257.400s][info][gc] GC(2788) Pause Young (Allocation Failure) 96M->96M(228M) 112.085ms
[2020-01-29T22:45:24.669+0300][257.509s][info][gc] GC(2789) Pause Young (Allocation Failure) 125M->125M(228M) 104.948ms
[2020-01-29T22:45:24.757+0300][257.596s][info][gc] GC(2790) Pause Young (Allocation Failure) 173M->173M(228M) 72.406ms
[2020-01-29T22:45:24.834+0300][257.674s][info][gc] GC(2791) Pause Full (Ergonomics) 173M->40M(228M) 77.242ms
[2020-01-29T22:45:24.907+0300][257.747s][info][gc] GC(2792) Pause Young (Allocation Failure) 69M->69M(228M) 70.182ms
[2020-01-29T22:45:25.024+0300][257.864s][info][gc] GC(2793) Pause Young (Allocation Failure) 98M->98M(228M) 111.690ms
[2020-01-29T22:45:25.141+0300][257.981s][info][gc] GC(2794) Pause Young (Allocation Failure) 127M->127M(228M) 113.560ms
[2020-01-29T22:45:25.240+0300][258.080s][info][gc] GC(2795) Pause Young (Allocation Failure) 156M->156M(228M) 86.389ms
[2020-01-29T22:45:25.254+0300][258.094s][info][gc] GC(2796) Pause Full (Ergonomics) 156M->22M(228M) 13.555ms
[2020-01-29T22:45:25.316+0300][258.156s][info][gc] GC(2797) Pause Young (Allocation Failure) 51M->51M(228M) 58.333ms
[2020-01-29T22:45:25.428+0300][258.268s][info][gc] GC(2798) Pause Young (Allocation Failure) 80M->80M(228M) 107.584ms
[2020-01-29T22:45:25.559+0300][258.398s][info][gc] GC(2799) Pause Young (Allocation Failure) 109M->109M(228M) 127.006ms
[2020-01-29T22:45:25.671+0300][258.512s][info][gc] GC(2800) Pause Young (Allocation Failure) 157M->157M(228M) 98.293ms
[2020-01-29T22:45:25.689+0300][258.529s][info][gc] GC(2801) Pause Full (Ergonomics) 157M->23M(228M) 17.076ms
[2020-01-29T22:45:25.752+0300][258.591s][info][gc] GC(2802) Pause Young (Allocation Failure) 52M->52M(228M) 58.451ms
[2020-01-29T22:45:25.859+0300][258.699s][info][gc] GC(2803) Pause Young (Allocation Failure) 81M->81M(228M) 104.358ms
[2020-01-29T22:45:25.987+0300][258.828s][info][gc] GC(2804) Pause Young (Allocation Failure) 110M->110M(228M) 124.822ms
[2020-01-29T22:45:26.109+0300][258.949s][info][gc] GC(2805) Pause Young (Allocation Failure) 158M->158M(228M) 105.851ms
[2020-01-29T22:45:26.133+0300][258.973s][info][gc] GC(2806) Pause Full (Ergonomics) 158M->24M(228M) 23.651ms
[2020-01-29T22:45:26.198+0300][259.038s][info][gc] GC(2807) Pause Young (Allocation Failure) 53M->53M(228M) 61.232ms
[2020-01-29T22:45:26.315+0300][259.155s][info][gc] GC(2808) Pause Young (Allocation Failure) 82M->82M(228M) 112.813ms
[2020-01-29T22:45:26.439+0300][259.279s][info][gc] GC(2809) Pause Young (Allocation Failure) 111M->111M(228M) 120.348ms
[2020-01-29T22:45:26.548+0300][259.388s][info][gc] GC(2810) Pause Young (Allocation Failure) 159M->159M(228M) 93.495ms
[2020-01-29T22:45:26.575+0300][259.415s][info][gc] GC(2811) Pause Full (Ergonomics) 159M->25M(228M) 27.023ms
[2020-01-29T22:45:26.636+0300][259.476s][info][gc] GC(2812) Pause Young (Allocation Failure) 54M->54M(228M) 57.395ms
[2020-01-29T22:45:26.753+0300][259.594s][info][gc] GC(2813) Pause Young (Allocation Failure) 83M->83M(228M) 113.919ms
[2020-01-29T22:45:26.869+0300][259.709s][info][gc] GC(2814) Pause Young (Allocation Failure) 112M->113M(228M) 111.780ms
[2020-01-29T22:45:26.976+0300][259.817s][info][gc] GC(2815) Pause Young (Allocation Failure) 161M->161M(228M) 93.092ms
[2020-01-29T22:45:27.009+0300][259.850s][info][gc] GC(2816) Pause Full (Ergonomics) 161M->27M(228M) 32.704ms
[2020-01-29T22:45:27.072+0300][259.912s][info][gc] GC(2817) Pause Young (Allocation Failure) 56M->56M(228M) 59.041ms
[2020-01-29T22:45:27.198+0300][260.038s][info][gc] GC(2818) Pause Young (Allocation Failure) 85M->85M(228M) 122.182ms
[2020-01-29T22:45:27.308+0300][260.147s][info][gc] GC(2819) Pause Young (Allocation Failure) 114M->114M(228M) 105.461ms
[2020-01-29T22:45:27.415+0300][260.255s][info][gc] GC(2820) Pause Young (Allocation Failure) 162M->162M(228M) 92.148ms
[2020-01-29T22:45:27.455+0300][260.295s][info][gc] GC(2821) Pause Full (Ergonomics) 162M->28M(228M) 39.693ms
[2020-01-29T22:45:27.522+0300][260.362s][info][gc] GC(2822) Pause Young (Allocation Failure) 57M->57M(228M) 63.256ms
[2020-01-29T22:45:27.631+0300][260.470s][info][gc] GC(2823) Pause Young (Allocation Failure) 86M->86M(228M) 104.781ms
[2020-01-29T22:45:27.748+0300][260.588s][info][gc] GC(2824) Pause Young (Allocation Failure) 115M->115M(228M) 113.949ms
[2020-01-29T22:45:27.846+0300][260.686s][info][gc] GC(2825) Pause Young (Allocation Failure) 163M->163M(228M) 83.334ms
[2020-01-29T22:45:27.887+0300][260.728s][info][gc] GC(2826) Pause Full (Ergonomics) 163M->29M(228M) 42.378ms
[2020-01-29T22:45:27.946+0300][260.786s][info][gc] GC(2827) Pause Young (Allocation Failure) 58M->58M(228M) 54.348ms
[2020-01-29T22:45:28.062+0300][260.902s][info][gc] GC(2828) Pause Young (Allocation Failure) 87M->87M(228M) 112.034ms
[2020-01-29T22:45:28.173+0300][261.012s][info][gc] GC(2829) Pause Young (Allocation Failure) 116M->116M(228M) 107.001ms
[2020-01-29T22:45:28.272+0300][261.112s][info][gc] GC(2830) Pause Young (Allocation Failure) 164M->164M(228M) 84.503ms
[2020-01-29T22:45:28.317+0300][261.157s][info][gc] GC(2831) Pause Full (Ergonomics) 164M->30M(228M) 45.659ms
[2020-01-29T22:45:28.377+0300][261.217s][info][gc] GC(2832) Pause Young (Allocation Failure) 59M->59M(228M) 56.456ms
[2020-01-29T22:45:28.494+0300][261.335s][info][gc] GC(2833) Pause Young (Allocation Failure) 88M->88M(228M) 113.819ms
[2020-01-29T22:45:28.610+0300][261.450s][info][gc] GC(2834) Pause Young (Allocation Failure) 117M->117M(228M) 110.711ms
[2020-01-29T22:45:28.726+0300][261.567s][info][gc] GC(2835) Pause Young (Allocation Failure) 166M->166M(228M) 102.484ms
[2020-01-29T22:45:28.781+0300][261.621s][info][gc] GC(2836) Pause Full (Ergonomics) 166M->32M(228M) 54.302ms
[2020-01-29T22:45:28.846+0300][261.686s][info][gc] GC(2837) Pause Young (Allocation Failure) 61M->61M(228M) 61.526ms
[2020-01-29T22:45:28.957+0300][261.796s][info][gc] GC(2838) Pause Young (Allocation Failure) 90M->90M(228M) 106.697ms
[2020-01-29T22:45:29.070+0300][261.910s][info][gc] GC(2839) Pause Young (Allocation Failure) 119M->119M(228M) 110.050ms
[2020-01-29T22:45:29.164+0300][262.004s][info][gc] GC(2840) Pause Young (Allocation Failure) 167M->167M(228M) 78.847ms
[2020-01-29T22:45:29.219+0300][262.059s][info][gc] GC(2841) Pause Full (Ergonomics) 167M->33M(228M) 55.333ms
[2020-01-29T22:45:29.284+0300][262.123s][info][gc] GC(2842) Pause Young (Allocation Failure) 62M->62M(228M) 60.237ms
[2020-01-29T22:45:29.399+0300][262.239s][info][gc] GC(2843) Pause Young (Allocation Failure) 91M->91M(228M) 112.221ms
[2020-01-29T22:45:29.521+0300][262.361s][info][gc] GC(2844) Pause Young (Allocation Failure) 120M->120M(228M) 118.236ms
[2020-01-29T22:45:29.613+0300][262.453s][info][gc] GC(2845) Pause Young (Allocation Failure) 168M->168M(228M) 76.797ms
[2020-01-29T22:45:29.671+0300][262.511s][info][gc] GC(2846) Pause Full (Ergonomics) 168M->34M(228M) 57.944ms
[2020-01-29T22:45:29.732+0300][262.572s][info][gc] GC(2847) Pause Young (Allocation Failure) 63M->63M(228M) 57.258ms
[2020-01-29T22:45:29.843+0300][262.683s][info][gc] GC(2848) Pause Young (Allocation Failure) 92M->92M(228M) 106.787ms
[2020-01-29T22:45:29.977+0300][262.817s][info][gc] GC(2849) Pause Young (Allocation Failure) 121M->121M(228M) 130.889ms
[2020-01-29T22:45:30.065+0300][262.906s][info][gc] GC(2850) Pause Young (Allocation Failure) 169M->169M(228M) 73.730ms
[2020-01-29T22:45:30.129+0300][262.969s][info][gc] GC(2851) Pause Full (Ergonomics) 169M->35M(228M) 63.277ms
[2020-01-29T22:45:30.194+0300][263.035s][info][gc] GC(2852) Pause Young (Allocation Failure) 64M->64M(228M) 61.907ms
[2020-01-29T22:45:30.307+0300][263.147s][info][gc] GC(2853) Pause Young (Allocation Failure) 93M->93M(228M) 109.105ms
[2020-01-29T22:45:30.427+0300][263.267s][info][gc] GC(2854) Pause Young (Allocation Failure) 122M->122M(228M) 115.921ms
[2020-01-29T22:45:30.517+0300][263.358s][info][gc] GC(2855) Pause Young (Allocation Failure) 171M->171M(228M) 75.651ms
[2020-01-29T22:45:30.584+0300][263.425s][info][gc] GC(2856) Pause Full (Ergonomics) 171M->37M(228M) 66.955ms
[2020-01-29T22:45:30.647+0300][263.487s][info][gc] GC(2857) Pause Young (Allocation Failure) 66M->66M(228M) 58.787ms
[2020-01-29T22:45:30.759+0300][263.599s][info][gc] GC(2858) Pause Young (Allocation Failure) 95M->95M(228M) 107.735ms
[2020-01-29T22:45:30.877+0300][263.716s][info][gc] GC(2859) Pause Young (Allocation Failure) 124M->124M(228M) 114.003ms
[2020-01-29T22:45:30.960+0300][263.800s][info][gc] GC(2860) Pause Young (Allocation Failure) 172M->172M(228M) 69.121ms
[2020-01-29T22:45:31.031+0300][263.871s][info][gc] GC(2861) Pause Full (Ergonomics) 172M->38M(228M) 71.239ms
[2020-01-29T22:45:31.097+0300][263.938s][info][gc] GC(2862) Pause Young (Allocation Failure) 67M->67M(228M) 63.019ms
[2020-01-29T22:45:31.208+0300][264.049s][info][gc] GC(2863) Pause Young (Allocation Failure) 96M->96M(228M) 107.093ms
[2020-01-29T22:45:31.333+0300][264.173s][info][gc] GC(2864) Pause Young (Allocation Failure) 125M->125M(228M) 120.481ms
[2020-01-29T22:45:31.418+0300][264.258s][info][gc] GC(2865) Pause Young (Allocation Failure) 173M->173M(228M) 70.282ms
[2020-01-29T22:45:31.492+0300][264.333s][info][gc] GC(2866) Pause Full (Ergonomics) 173M->39M(228M) 75.047ms
[2020-01-29T22:45:31.557+0300][264.397s][info][gc] GC(2867) Pause Young (Allocation Failure) 68M->68M(228M) 60.563ms
[2020-01-29T22:45:31.671+0300][264.511s][info][gc] GC(2868) Pause Young (Allocation Failure) 97M->97M(228M) 110.574ms
[2020-01-29T22:45:31.778+0300][264.618s][info][gc] GC(2869) Pause Young (Allocation Failure) 126M->126M(228M) 103.556ms
[2020-01-29T22:45:31.882+0300][264.722s][info][gc] GC(2870) Pause Young (Allocation Failure) 155M->155M(228M) 90.877ms
[2020-01-29T22:45:31.893+0300][264.734s][info][gc] GC(2871) Pause Full (Ergonomics) 155M->22M(228M) 11.163ms
[2020-01-29T22:45:31.959+0300][264.799s][info][gc] GC(2872) Pause Young (Allocation Failure) 51M->51M(228M) 61.208ms
[2020-01-29T22:45:32.073+0300][264.914s][info][gc] GC(2873) Pause Young (Allocation Failure) 80M->80M(228M) 111.676ms
[2020-01-29T22:45:32.192+0300][265.032s][info][gc] GC(2874) Pause Young (Allocation Failure) 109M->109M(228M) 114.158ms
[2020-01-29T22:45:32.332+0300][265.172s][info][gc] GC(2875) Pause Young (Allocation Failure) 157M->157M(228M) 125.261ms
[2020-01-29T22:45:32.353+0300][265.193s][info][gc] GC(2876) Pause Full (Ergonomics) 157M->23M(228M) 20.864ms
[2020-01-29T22:45:32.417+0300][265.258s][info][gc] GC(2877) Pause Young (Allocation Failure) 52M->52M(228M) 61.416ms
[2020-01-29T22:45:32.531+0300][265.371s][info][gc] GC(2878) Pause Young (Allocation Failure) 81M->81M(228M) 109.804ms
[2020-01-29T22:45:32.647+0300][265.487s][info][gc] GC(2879) Pause Young (Allocation Failure) 110M->110M(228M) 112.093ms
[2020-01-29T22:45:32.783+0300][265.624s][info][gc] GC(2880) Pause Young (Allocation Failure) 158M->158M(228M) 122.456ms
[2020-01-29T22:45:32.813+0300][265.653s][info][gc] GC(2881) Pause Full (Ergonomics) 158M->24M(228M) 29.083ms
[2020-01-29T22:45:32.880+0300][265.721s][info][gc] GC(2882) Pause Young (Allocation Failure) 53M->53M(228M) 63.913ms
[2020-01-29T22:45:32.995+0300][265.835s][info][gc] GC(2883) Pause Young (Allocation Failure) 82M->82M(228M) 110.956ms
[2020-01-29T22:45:33.105+0300][265.945s][info][gc] GC(2884) Pause Young (Allocation Failure) 111M->111M(228M) 106.111ms
[2020-01-29T22:45:33.222+0300][266.062s][info][gc] GC(2885) Pause Young (Allocation Failure) 159M->159M(228M) 102.853ms
[2020-01-29T22:45:33.249+0300][266.089s][info][gc] GC(2886) Pause Full (Ergonomics) 159M->25M(228M) 26.250ms
[2020-01-29T22:45:33.312+0300][266.152s][info][gc] GC(2887) Pause Young (Allocation Failure) 54M->54M(228M) 59.496ms
[2020-01-29T22:45:33.423+0300][266.263s][info][gc] GC(2888) Pause Young (Allocation Failure) 83M->83M(228M) 107.543ms
[2020-01-29T22:45:33.540+0300][266.380s][info][gc] GC(2889) Pause Young (Allocation Failure) 112M->112M(228M) 113.711ms
[2020-01-29T22:45:33.678+0300][266.519s][info][gc] GC(2890) Pause Young (Allocation Failure) 160M->160M(228M) 122.974ms
[2020-01-29T22:45:33.721+0300][266.561s][info][gc] GC(2891) Pause Full (Ergonomics) 160M->26M(228M) 42.627ms
[2020-01-29T22:45:33.789+0300][266.629s][info][gc] GC(2892) Pause Young (Allocation Failure) 55M->55M(228M) 63.775ms
[2020-01-29T22:45:33.909+0300][266.749s][info][gc] GC(2893) Pause Young (Allocation Failure) 84M->84M(228M) 117.213ms
[2020-01-29T22:45:34.025+0300][266.865s][info][gc] GC(2894) Pause Young (Allocation Failure) 113M->113M(228M) 111.408ms
[2020-01-29T22:45:34.155+0300][266.995s][info][gc] GC(2895) Pause Young (Allocation Failure) 161M->162M(228M) 115.798ms
[2020-01-29T22:45:34.199+0300][267.039s][info][gc] GC(2896) Pause Full (Ergonomics) 162M->28M(228M) 43.911ms
[2020-01-29T22:45:34.261+0300][267.101s][info][gc] GC(2897) Pause Young (Allocation Failure) 57M->56M(228M) 58.123ms
[2020-01-29T22:45:34.368+0300][267.208s][info][gc] GC(2898) Pause Young (Allocation Failure) 85M->86M(228M) 102.396ms
[2020-01-29T22:45:34.479+0300][267.320s][info][gc] GC(2899) Pause Young (Allocation Failure) 115M->115M(228M) 108.579ms
[2020-01-29T22:45:34.584+0300][267.424s][info][gc] GC(2900) Pause Young (Allocation Failure) 163M->163M(228M) 89.381ms
[2020-01-29T22:45:34.623+0300][267.463s][info][gc] GC(2901) Pause Full (Ergonomics) 163M->29M(228M) 38.479ms
[2020-01-29T22:45:34.693+0300][267.533s][info][gc] GC(2902) Pause Young (Allocation Failure) 58M->58M(228M) 66.342ms
[2020-01-29T22:45:34.796+0300][267.636s][info][gc] GC(2903) Pause Young (Allocation Failure) 87M->87M(228M) 98.565ms
[2020-01-29T22:45:34.910+0300][267.750s][info][gc] GC(2904) Pause Young (Allocation Failure) 116M->116M(228M) 110.175ms
[2020-01-29T22:45:35.014+0300][267.854s][info][gc] GC(2905) Pause Young (Allocation Failure) 164M->164M(228M) 89.704ms
[2020-01-29T22:45:35.057+0300][267.897s][info][gc] GC(2906) Pause Full (Ergonomics) 164M->30M(228M) 43.035ms
[2020-01-29T22:45:35.120+0300][267.960s][info][gc] GC(2907) Pause Young (Allocation Failure) 59M->59M(228M) 59.326ms
[2020-01-29T22:45:35.236+0300][268.076s][info][gc] GC(2908) Pause Young (Allocation Failure) 88M->88M(228M) 112.248ms
[2020-01-29T22:45:35.354+0300][268.194s][info][gc] GC(2909) Pause Young (Allocation Failure) 117M->117M(228M) 114.291ms
[2020-01-29T22:45:35.459+0300][268.299s][info][gc] GC(2910) Pause Young (Allocation Failure) 165M->165M(228M) 90.265ms
[2020-01-29T22:45:35.509+0300][268.349s][info][gc] GC(2911) Pause Full (Ergonomics) 165M->31M(228M) 49.708ms
[2020-01-29T22:45:35.571+0300][268.410s][info][gc] GC(2912) Pause Young (Allocation Failure) 60M->60M(228M) 57.979ms
[2020-01-29T22:45:35.682+0300][268.521s][info][gc] GC(2913) Pause Young (Allocation Failure) 89M->89M(228M) 107.202ms
[2020-01-29T22:45:35.798+0300][268.638s][info][gc] GC(2914) Pause Young (Allocation Failure) 118M->118M(228M) 112.576ms
[2020-01-29T22:45:35.889+0300][268.729s][info][gc] GC(2915) Pause Young (Allocation Failure) 166M->166M(228M) 76.939ms
[2020-01-29T22:45:35.944+0300][268.784s][info][gc] GC(2916) Pause Full (Ergonomics) 166M->33M(228M) 55.071ms
[2020-01-29T22:45:36.009+0300][268.849s][info][gc] GC(2917) Pause Young (Allocation Failure) 62M->61M(228M) 61.087ms
[2020-01-29T22:45:36.122+0300][268.961s][info][gc] GC(2918) Pause Young (Allocation Failure) 90M->91M(228M) 108.747ms
[2020-01-29T22:45:36.238+0300][269.078s][info][gc] GC(2919) Pause Young (Allocation Failure) 120M->120M(228M) 113.424ms
[2020-01-29T22:45:36.394+0300][269.234s][info][gc] GC(2920) Pause Young (Allocation Failure) 168M->168M(228M) 141.172ms
[2020-01-29T22:45:36.466+0300][269.306s][info][gc] GC(2921) Pause Full (Ergonomics) 168M->34M(228M) 71.198ms
[2020-01-29T22:45:36.530+0300][269.370s][info][gc] GC(2922) Pause Young (Allocation Failure) 63M->63M(228M) 60.577ms
[2020-01-29T22:45:36.647+0300][269.487s][info][gc] GC(2923) Pause Young (Allocation Failure) 92M->92M(228M) 113.799ms
[2020-01-29T22:45:36.764+0300][269.604s][info][gc] GC(2924) Pause Young (Allocation Failure) 121M->121M(228M) 112.836ms
[2020-01-29T22:45:36.858+0300][269.697s][info][gc] GC(2925) Pause Young (Allocation Failure) 169M->169M(228M) 78.365ms
[2020-01-29T22:45:36.920+0300][269.759s][info][gc] GC(2926) Pause Full (Ergonomics) 169M->35M(228M) 61.692ms
[2020-01-29T22:45:36.981+0300][269.821s][info][gc] GC(2927) Pause Young (Allocation Failure) 64M->64M(228M) 58.523ms
[2020-01-29T22:45:37.098+0300][269.938s][info][gc] GC(2928) Pause Young (Allocation Failure) 93M->93M(228M) 113.208ms
[2020-01-29T22:45:37.215+0300][270.056s][info][gc] GC(2929) Pause Young (Allocation Failure) 122M->122M(228M) 113.749ms
[2020-01-29T22:45:37.306+0300][270.146s][info][gc] GC(2930) Pause Young (Allocation Failure) 170M->170M(228M) 75.368ms
[2020-01-29T22:45:37.371+0300][270.211s][info][gc] GC(2931) Pause Full (Ergonomics) 170M->36M(228M) 65.027ms
[2020-01-29T22:45:37.434+0300][270.274s][info][gc] GC(2932) Pause Young (Allocation Failure) 65M->65M(228M) 59.560ms
[2020-01-29T22:45:37.549+0300][270.389s][info][gc] GC(2933) Pause Young (Allocation Failure) 94M->94M(228M) 111.565ms
[2020-01-29T22:45:37.666+0300][270.506s][info][gc] GC(2934) Pause Young (Allocation Failure) 123M->123M(228M) 113.564ms
[2020-01-29T22:45:37.753+0300][270.593s][info][gc] GC(2935) Pause Young (Allocation Failure) 171M->171M(228M) 71.472ms
[2020-01-29T22:45:37.823+0300][270.662s][info][gc] GC(2936) Pause Full (Ergonomics) 171M->37M(228M) 69.281ms
[2020-01-29T22:45:37.884+0300][270.724s][info][gc] GC(2937) Pause Young (Allocation Failure) 66M->66M(228M) 58.220ms
[2020-01-29T22:45:37.998+0300][270.838s][info][gc] GC(2938) Pause Young (Allocation Failure) 95M->96M(228M) 110.611ms
[2020-01-29T22:45:38.110+0300][270.950s][info][gc] GC(2939) Pause Young (Allocation Failure) 125M->125M(228M) 108.404ms
[2020-01-29T22:45:38.193+0300][271.033s][info][gc] GC(2940) Pause Young (Allocation Failure) 173M->173M(228M) 67.815ms
[2020-01-29T22:45:38.268+0300][271.108s][info][gc] GC(2941) Pause Full (Ergonomics) 173M->39M(228M) 75.400ms
[2020-01-29T22:45:38.334+0300][271.174s][info][gc] GC(2942) Pause Young (Allocation Failure) 68M->68M(228M) 62.294ms
[2020-01-29T22:45:38.453+0300][271.293s][info][gc] GC(2943) Pause Young (Allocation Failure) 97M->97M(228M) 114.924ms
[2020-01-29T22:45:38.577+0300][271.416s][info][gc] GC(2944) Pause Young (Allocation Failure) 126M->126M(228M) 119.853ms
[2020-01-29T22:45:38.662+0300][271.502s][info][gc] GC(2945) Pause Young (Allocation Failure) 155M->155M(228M) 73.329ms
[2020-01-29T22:45:38.672+0300][271.512s][info][gc] GC(2946) Pause Full (Ergonomics) 155M->21M(228M) 9.798ms
[2020-01-29T22:45:38.734+0300][271.574s][info][gc] GC(2947) Pause Young (Allocation Failure) 50M->50M(228M) 57.520ms
[2020-01-29T22:45:38.852+0300][271.692s][info][gc] GC(2948) Pause Young (Allocation Failure) 79M->79M(228M) 114.557ms
[2020-01-29T22:45:38.965+0300][271.805s][info][gc] GC(2949) Pause Young (Allocation Failure) 108M->108M(228M) 109.596ms
[2020-01-29T22:45:39.088+0300][271.929s][info][gc] GC(2950) Pause Young (Allocation Failure) 156M->156M(228M) 109.714ms
[2020-01-29T22:45:39.106+0300][271.946s][info][gc] GC(2951) Pause Full (Ergonomics) 156M->22M(228M) 17.564ms
[2020-01-29T22:45:39.167+0300][272.008s][info][gc] GC(2952) Pause Young (Allocation Failure) 51M->51M(228M) 57.551ms
[2020-01-29T22:45:39.279+0300][272.119s][info][gc] GC(2953) Pause Young (Allocation Failure) 80M->80M(228M) 108.126ms
[2020-01-29T22:45:39.394+0300][272.234s][info][gc] GC(2954) Pause Young (Allocation Failure) 109M->109M(228M) 111.109ms
[2020-01-29T22:45:39.518+0300][272.358s][info][gc] GC(2955) Pause Young (Allocation Failure) 157M->157M(228M) 108.916ms
[2020-01-29T22:45:39.540+0300][272.380s][info][gc] GC(2956) Pause Full (Ergonomics) 157M->23M(228M) 22.094ms
[2020-01-29T22:45:39.602+0300][272.442s][info][gc] GC(2957) Pause Young (Allocation Failure) 52M->52M(228M) 58.530ms
[2020-01-29T22:45:39.713+0300][272.553s][info][gc] GC(2958) Pause Young (Allocation Failure) 81M->81M(228M) 106.899ms
[2020-01-29T22:45:39.824+0300][272.664s][info][gc] GC(2959) Pause Young (Allocation Failure) 110M->110M(228M) 107.646ms
[2020-01-29T22:45:39.937+0300][272.777s][info][gc] GC(2960) Pause Young (Allocation Failure) 159M->159M(228M) 98.091ms
[2020-01-29T22:45:39.962+0300][272.802s][info][gc] GC(2961) Pause Full (Ergonomics) 159M->25M(228M) 24.244ms
[2020-01-29T22:45:40.032+0300][272.872s][info][gc] GC(2962) Pause Young (Allocation Failure) 54M->54M(228M) 66.457ms
[2020-01-29T22:45:40.148+0300][272.989s][info][gc] GC(2963) Pause Young (Allocation Failure) 83M->83M(228M) 113.457ms
[2020-01-29T22:45:40.265+0300][273.105s][info][gc] GC(2964) Pause Young (Allocation Failure) 112M->112M(228M) 112.545ms
[2020-01-29T22:45:40.378+0300][273.218s][info][gc] GC(2965) Pause Young (Allocation Failure) 160M->160M(228M) 97.730ms
[2020-01-29T22:45:40.409+0300][273.249s][info][gc] GC(2966) Pause Full (Ergonomics) 160M->26M(228M) 31.041ms
[2020-01-29T22:45:40.470+0300][273.310s][info][gc] GC(2967) Pause Young (Allocation Failure) 55M->55M(228M) 57.455ms
[2020-01-29T22:45:40.589+0300][273.429s][info][gc] GC(2968) Pause Young (Allocation Failure) 84M->84M(228M) 115.472ms
[2020-01-29T22:45:40.704+0300][273.544s][info][gc] GC(2969) Pause Young (Allocation Failure) 113M->113M(228M) 111.598ms
[2020-01-29T22:45:40.814+0300][273.653s][info][gc] GC(2970) Pause Young (Allocation Failure) 161M->161M(228M) 94.415ms
[2020-01-29T22:45:40.849+0300][273.689s][info][gc] GC(2971) Pause Full (Ergonomics) 161M->27M(228M) 35.437ms
[2020-01-29T22:45:40.913+0300][273.753s][info][gc] GC(2972) Pause Young (Allocation Failure) 56M->56M(228M) 60.541ms
[2020-01-29T22:45:41.026+0300][273.866s][info][gc] GC(2973) Pause Young (Allocation Failure) 85M->85M(228M) 109.165ms
[2020-01-29T22:45:41.144+0300][273.984s][info][gc] GC(2974) Pause Young (Allocation Failure) 114M->114M(228M) 114.087ms
[2020-01-29T22:45:41.250+0300][274.090s][info][gc] GC(2975) Pause Young (Allocation Failure) 162M->162M(228M) 91.641ms
[2020-01-29T22:45:41.287+0300][274.128s][info][gc] GC(2976) Pause Full (Ergonomics) 162M->28M(228M) 37.851ms
[2020-01-29T22:45:41.355+0300][274.195s][info][gc] GC(2977) Pause Young (Allocation Failure) 57M->57M(228M) 63.831ms
[2020-01-29T22:45:41.472+0300][274.312s][info][gc] GC(2978) Pause Young (Allocation Failure) 86M->86M(228M) 113.012ms
[2020-01-29T22:45:41.592+0300][274.432s][info][gc] GC(2979) Pause Young (Allocation Failure) 115M->115M(228M) 116.193ms
[2020-01-29T22:45:41.693+0300][274.534s][info][gc] GC(2980) Pause Young (Allocation Failure) 164M->164M(228M) 86.540ms
[2020-01-29T22:45:41.737+0300][274.577s][info][gc] GC(2981) Pause Full (Ergonomics) 164M->30M(228M) 43.394ms
[2020-01-29T22:45:41.799+0300][274.639s][info][gc] GC(2982) Pause Young (Allocation Failure) 59M->59M(228M) 57.840ms
[2020-01-29T22:45:41.914+0300][274.754s][info][gc] GC(2983) Pause Young (Allocation Failure) 88M->88M(228M) 111.721ms
[2020-01-29T22:45:42.024+0300][274.864s][info][gc] GC(2984) Pause Young (Allocation Failure) 117M->117M(228M) 106.172ms
[2020-01-29T22:45:42.122+0300][274.962s][info][gc] GC(2985) Pause Young (Allocation Failure) 165M->165M(228M) 83.670ms
[2020-01-29T22:45:42.171+0300][275.011s][info][gc] GC(2986) Pause Full (Ergonomics) 165M->31M(228M) 49.035ms
[2020-01-29T22:45:42.235+0300][275.075s][info][gc] GC(2987) Pause Young (Allocation Failure) 60M->60M(228M) 60.396ms
[2020-01-29T22:45:42.354+0300][275.193s][info][gc] GC(2988) Pause Young (Allocation Failure) 89M->89M(228M) 114.085ms
[2020-01-29T22:45:42.464+0300][275.304s][info][gc] GC(2989) Pause Young (Allocation Failure) 118M->118M(228M) 107.514ms
[2020-01-29T22:45:42.596+0300][275.437s][info][gc] GC(2990) Pause Young (Allocation Failure) 166M->166M(228M) 117.380ms
[2020-01-29T22:45:42.662+0300][275.503s][info][gc] GC(2991) Pause Full (Ergonomics) 166M->32M(228M) 65.693ms
[2020-01-29T22:45:42.726+0300][275.566s][info][gc] GC(2992) Pause Young (Allocation Failure) 61M->61M(228M) 59.851ms
[2020-01-29T22:45:42.842+0300][275.682s][info][gc] GC(2993) Pause Young (Allocation Failure) 90M->90M(228M) 111.869ms
[2020-01-29T22:45:42.957+0300][275.798s][info][gc] GC(2994) Pause Young (Allocation Failure) 119M->119M(228M) 112.425ms
[2020-01-29T22:45:43.052+0300][275.893s][info][gc] GC(2995) Pause Young (Allocation Failure) 167M->167M(228M) 80.083ms
[2020-01-29T22:45:43.108+0300][275.948s][info][gc] GC(2996) Pause Full (Ergonomics) 167M->33M(228M) 55.355ms
[2020-01-29T22:45:43.175+0300][276.015s][info][gc] GC(2997) Pause Young (Allocation Failure) 62M->62M(228M) 63.445ms
[2020-01-29T22:45:43.289+0300][276.129s][info][gc] GC(2998) Pause Young (Allocation Failure) 91M->91M(228M) 110.508ms
[2020-01-29T22:45:43.408+0300][276.249s][info][gc] GC(2999) Pause Young (Allocation Failure) 120M->120M(228M) 115.566ms
[2020-01-29T22:45:43.536+0300][276.377s][info][gc] GC(3000) Pause Young (Allocation Failure) 168M->169M(228M) 114.076ms
[2020-01-29T22:45:43.615+0300][276.455s][info][gc] GC(3001) Pause Full (Ergonomics) 169M->35M(228M) 77.832ms
[2020-01-29T22:45:43.676+0300][276.516s][info][gc] GC(3002) Pause Young (Allocation Failure) 64M->64M(228M) 57.714ms
[2020-01-29T22:45:43.787+0300][276.627s][info][gc] GC(3003) Pause Young (Allocation Failure) 93M->93M(228M) 106.954ms
[2020-01-29T22:45:43.904+0300][276.744s][info][gc] GC(3004) Pause Young (Allocation Failure) 122M->122M(228M) 113.260ms
[2020-01-29T22:45:44.034+0300][276.874s][info][gc] GC(3005) Pause Young (Allocation Failure) 170M->170M(228M) 115.428ms
[2020-01-29T22:45:44.111+0300][276.951s][info][gc] GC(3006) Pause Full (Ergonomics) 170M->36M(228M) 77.285ms
[2020-01-29T22:45:44.174+0300][277.014s][info][gc] GC(3007) Pause Young (Allocation Failure) 65M->65M(228M) 58.761ms
[2020-01-29T22:45:44.278+0300][277.117s][info][gc] GC(3008) Pause Young (Allocation Failure) 94M->94M(228M) 99.709ms
[2020-01-29T22:45:44.396+0300][277.236s][info][gc] GC(3009) Pause Young (Allocation Failure) 123M->123M(228M) 115.330ms
[2020-01-29T22:45:44.531+0300][277.371s][info][gc] GC(3010) Pause Young (Allocation Failure) 171M->171M(228M) 119.244ms
[2020-01-29T22:45:44.615+0300][277.455s][info][gc] GC(3011) Pause Full (Ergonomics) 171M->37M(228M) 83.946ms
[2020-01-29T22:45:44.677+0300][277.517s][info][gc] GC(3012) Pause Young (Allocation Failure) 66M->66M(228M) 58.868ms
[2020-01-29T22:45:44.791+0300][277.631s][info][gc] GC(3013) Pause Young (Allocation Failure) 95M->95M(228M) 109.733ms
[2020-01-29T22:45:44.910+0300][277.750s][info][gc] GC(3014) Pause Young (Allocation Failure) 124M->124M(228M) 115.600ms
[2020-01-29T22:45:45.043+0300][277.884s][info][gc] GC(3015) Pause Young (Allocation Failure) 172M->172M(228M) 118.689ms
[2020-01-29T22:45:45.133+0300][277.973s][info][gc] GC(3016) Pause Full (Ergonomics) 172M->38M(228M) 88.830ms
[2020-01-29T22:45:45.198+0300][278.037s][info][gc] GC(3017) Pause Young (Allocation Failure) 67M->67M(228M) 60.772ms
[2020-01-29T22:45:45.313+0300][278.153s][info][gc] GC(3018) Pause Young (Allocation Failure) 96M->96M(228M) 112.168ms
[2020-01-29T22:45:45.432+0300][278.272s][info][gc] GC(3019) Pause Young (Allocation Failure) 125M->125M(228M) 114.359ms
[2020-01-29T22:45:45.521+0300][278.361s][info][gc] GC(3020) Pause Young (Allocation Failure) 173M->173M(228M) 74.057ms
[2020-01-29T22:45:45.602+0300][278.442s][info][gc] GC(3021) Pause Full (Ergonomics) 173M->40M(228M) 81.412ms
[2020-01-29T22:45:45.666+0300][278.506s][info][gc] GC(3022) Pause Young (Allocation Failure) 69M->69M(228M) 59.834ms
[2020-01-29T22:45:45.784+0300][278.624s][info][gc] GC(3023) Pause Young (Allocation Failure) 98M->98M(228M) 113.970ms
[2020-01-29T22:45:45.902+0300][278.742s][info][gc] GC(3024) Pause Young (Allocation Failure) 127M->127M(228M) 115.151ms
[2020-01-29T22:45:45.992+0300][278.833s][info][gc] GC(3025) Pause Young (Allocation Failure) 156M->156M(228M) 78.266ms
[2020-01-29T22:45:46.005+0300][278.846s][info][gc] GC(3026) Pause Full (Ergonomics) 156M->22M(228M) 12.785ms
[2020-01-29T22:45:46.084+0300][278.924s][info][gc] GC(3027) Pause Young (Allocation Failure) 51M->51M(228M) 70.486ms
[2020-01-29T22:45:46.207+0300][279.047s][info][gc] GC(3028) Pause Young (Allocation Failure) 80M->80M(228M) 118.362ms
[2020-01-29T22:45:46.316+0300][279.156s][info][gc] GC(3029) Pause Young (Allocation Failure) 109M->109M(228M) 104.482ms
[2020-01-29T22:45:46.439+0300][279.279s][info][gc] GC(3030) Pause Young (Allocation Failure) 157M->157M(228M) 108.936ms
[2020-01-29T22:45:46.461+0300][279.301s][info][gc] GC(3031) Pause Full (Ergonomics) 157M->23M(228M) 22.175ms
[2020-01-29T22:45:46.528+0300][279.368s][info][gc] GC(3032) Pause Young (Allocation Failure) 52M->52M(228M) 62.762ms
[2020-01-29T22:45:46.638+0300][279.478s][info][gc] GC(3033) Pause Young (Allocation Failure) 81M->81M(228M) 106.459ms
[2020-01-29T22:45:46.747+0300][279.587s][info][gc] GC(3034) Pause Young (Allocation Failure) 110M->110M(228M) 105.656ms
[2020-01-29T22:45:46.866+0300][279.706s][info][gc] GC(3035) Pause Young (Allocation Failure) 158M->158M(228M) 103.580ms
[2020-01-29T22:45:46.886+0300][279.726s][info][gc] GC(3036) Pause Full (Ergonomics) 158M->24M(228M) 20.573ms
[2020-01-29T22:45:46.948+0300][279.789s][info][gc] GC(3037) Pause Young (Allocation Failure) 53M->53M(228M) 58.572ms
[2020-01-29T22:45:47.064+0300][279.905s][info][gc] GC(3038) Pause Young (Allocation Failure) 82M->82M(228M) 112.072ms
[2020-01-29T22:45:47.186+0300][280.026s][info][gc] GC(3039) Pause Young (Allocation Failure) 111M->111M(228M) 117.980ms
[2020-01-29T22:45:47.301+0300][280.141s][info][gc] GC(3040) Pause Young (Allocation Failure) 159M->159M(228M) 100.618ms
[2020-01-29T22:45:47.329+0300][280.170s][info][gc] GC(3041) Pause Full (Ergonomics) 159M->25M(228M) 28.333ms
[2020-01-29T22:45:47.397+0300][280.237s][info][gc] GC(3042) Pause Young (Allocation Failure) 54M->54M(228M) 63.089ms
[2020-01-29T22:45:47.513+0300][280.354s][info][gc] GC(3043) Pause Young (Allocation Failure) 83M->83M(228M) 113.059ms
[2020-01-29T22:45:47.663+0300][280.503s][info][gc] GC(3044) Pause Young (Allocation Failure) 112M->113M(228M) 145.235ms
[2020-01-29T22:45:47.774+0300][280.614s][info][gc] GC(3045) Pause Young (Allocation Failure) 161M->161M(228M) 96.900ms
[2020-01-29T22:45:47.808+0300][280.648s][info][gc] GC(3046) Pause Full (Ergonomics) 161M->27M(228M) 33.267ms
[2020-01-29T22:45:47.873+0300][280.713s][info][gc] GC(3047) Pause Young (Allocation Failure) 56M->56M(228M) 59.911ms
[2020-01-29T22:45:47.980+0300][280.820s][info][gc] GC(3048) Pause Young (Allocation Failure) 85M->85M(228M) 103.552ms
[2020-01-29T22:45:48.094+0300][280.935s][info][gc] GC(3049) Pause Young (Allocation Failure) 114M->114M(228M) 111.126ms
[2020-01-29T22:45:48.214+0300][281.054s][info][gc] GC(3050) Pause Young (Allocation Failure) 162M->162M(228M) 104.929ms
[2020-01-29T22:45:48.247+0300][281.087s][info][gc] GC(3051) Pause Full (Ergonomics) 162M->28M(228M) 32.656ms
[2020-01-29T22:45:48.314+0300][281.153s][info][gc] GC(3052) Pause Young (Allocation Failure) 57M->57M(228M) 62.380ms
[2020-01-29T22:45:48.431+0300][281.272s][info][gc] GC(3053) Pause Young (Allocation Failure) 86M->86M(228M) 114.383ms
[2020-01-29T22:45:48.551+0300][281.390s][info][gc] GC(3054) Pause Young (Allocation Failure) 115M->115M(228M) 115.286ms
[2020-01-29T22:45:48.657+0300][281.497s][info][gc] GC(3055) Pause Young (Allocation Failure) 163M->163M(228M) 92.552ms
[2020-01-29T22:45:48.698+0300][281.538s][info][gc] GC(3056) Pause Full (Ergonomics) 163M->29M(228M) 40.853ms
[2020-01-29T22:45:48.763+0300][281.603s][info][gc] GC(3057) Pause Young (Allocation Failure) 58M->58M(228M) 60.821ms
[2020-01-29T22:45:48.874+0300][281.714s][info][gc] GC(3058) Pause Young (Allocation Failure) 87M->87M(228M) 106.976ms
[2020-01-29T22:45:48.988+0300][281.828s][info][gc] GC(3059) Pause Young (Allocation Failure) 116M->116M(228M) 110.960ms
[2020-01-29T22:45:49.088+0300][281.928s][info][gc] GC(3060) Pause Young (Allocation Failure) 164M->164M(228M) 85.198ms
[2020-01-29T22:45:49.130+0300][281.970s][info][gc] GC(3061) Pause Full (Ergonomics) 164M->30M(228M) 42.544ms
[2020-01-29T22:45:49.197+0300][282.037s][info][gc] GC(3062) Pause Young (Allocation Failure) 59M->59M(228M) 62.315ms
[2020-01-29T22:45:49.343+0300][282.182s][info][gc] GC(3063) Pause Young (Allocation Failure) 88M->88M(228M) 141.800ms
[2020-01-29T22:45:49.449+0300][282.289s][info][gc] GC(3064) Pause Young (Allocation Failure) 117M->117M(228M) 101.062ms
[2020-01-29T22:45:49.565+0300][282.405s][info][gc] GC(3065) Pause Young (Allocation Failure) 166M->166M(228M) 100.664ms
[2020-01-29T22:45:49.618+0300][282.458s][info][gc] GC(3066) Pause Full (Ergonomics) 166M->32M(228M) 52.951ms
[2020-01-29T22:45:49.693+0300][282.533s][info][gc] GC(3067) Pause Young (Allocation Failure) 61M->61M(228M) 70.943ms
[2020-01-29T22:45:49.800+0300][282.640s][info][gc] GC(3068) Pause Young (Allocation Failure) 90M->90M(228M) 103.778ms
[2020-01-29T22:45:49.916+0300][282.756s][info][gc] GC(3069) Pause Young (Allocation Failure) 119M->119M(228M) 112.614ms
[2020-01-29T22:45:50.011+0300][282.851s][info][gc] GC(3070) Pause Young (Allocation Failure) 167M->167M(228M) 79.993ms
[2020-01-29T22:45:50.065+0300][282.904s][info][gc] GC(3071) Pause Full (Ergonomics) 167M->33M(228M) 53.639ms
[2020-01-29T22:45:50.126+0300][282.967s][info][gc] GC(3072) Pause Young (Allocation Failure) 62M->62M(228M) 58.803ms
[2020-01-29T22:45:50.244+0300][283.083s][info][gc] GC(3073) Pause Young (Allocation Failure) 91M->91M(228M) 112.970ms
[2020-01-29T22:45:50.360+0300][283.200s][info][gc] GC(3074) Pause Young (Allocation Failure) 120M->120M(228M) 113.382ms
[2020-01-29T22:45:50.455+0300][283.296s][info][gc] GC(3075) Pause Young (Allocation Failure) 168M->168M(228M) 80.304ms
[2020-01-29T22:45:50.516+0300][283.355s][info][gc] GC(3076) Pause Full (Ergonomics) 168M->34M(228M) 59.794ms
[2020-01-29T22:45:50.582+0300][283.422s][info][gc] GC(3077) Pause Young (Allocation Failure) 63M->63M(228M) 62.824ms
[2020-01-29T22:45:50.703+0300][283.543s][info][gc] GC(3078) Pause Young (Allocation Failure) 92M->92M(228M) 117.632ms
[2020-01-29T22:45:50.820+0300][283.660s][info][gc] GC(3079) Pause Young (Allocation Failure) 121M->121M(228M) 113.186ms
[2020-01-29T22:45:50.909+0300][283.749s][info][gc] GC(3080) Pause Young (Allocation Failure) 169M->169M(228M) 73.891ms
[2020-01-29T22:45:50.972+0300][283.812s][info][gc] GC(3081) Pause Full (Ergonomics) 169M->35M(228M) 62.839ms
[2020-01-29T22:45:51.036+0300][283.875s][info][gc] GC(3082) Pause Young (Allocation Failure) 64M->64M(228M) 59.809ms
[2020-01-29T22:45:51.153+0300][283.993s][info][gc] GC(3083) Pause Young (Allocation Failure) 93M->93M(228M) 114.317ms
[2020-01-29T22:45:51.267+0300][284.107s][info][gc] GC(3084) Pause Young (Allocation Failure) 122M->123M(228M) 110.312ms
[2020-01-29T22:45:51.362+0300][284.202s][info][gc] GC(3085) Pause Young (Allocation Failure) 171M->171M(228M) 79.966ms
[2020-01-29T22:45:51.431+0300][284.272s][info][gc] GC(3086) Pause Full (Ergonomics) 171M->37M(228M) 69.272ms
[2020-01-29T22:45:51.496+0300][284.337s][info][gc] GC(3087) Pause Young (Allocation Failure) 66M->66M(228M) 61.481ms
[2020-01-29T22:45:51.620+0300][284.460s][info][gc] GC(3088) Pause Young (Allocation Failure) 95M->95M(228M) 120.173ms
[2020-01-29T22:45:51.739+0300][284.579s][info][gc] GC(3089) Pause Young (Allocation Failure) 124M->124M(228M) 114.921ms
[2020-01-29T22:45:51.870+0300][284.710s][info][gc] GC(3090) Pause Young (Allocation Failure) 172M->172M(228M) 116.107ms
[2020-01-29T22:45:51.955+0300][284.794s][info][gc] GC(3091) Pause Full (Ergonomics) 172M->38M(228M) 84.137ms
[2020-01-29T22:45:52.018+0300][284.859s][info][gc] GC(3092) Pause Young (Allocation Failure) 67M->67M(228M) 60.779ms
[2020-01-29T22:45:52.143+0300][284.983s][info][gc] GC(3093) Pause Young (Allocation Failure) 96M->96M(228M) 120.422ms
[2020-01-29T22:45:52.270+0300][285.109s][info][gc] GC(3094) Pause Young (Allocation Failure) 125M->125M(228M) 122.553ms
[2020-01-29T22:45:52.353+0300][285.193s][info][gc] GC(3095) Pause Young (Allocation Failure) 173M->173M(228M) 68.912ms
[2020-01-29T22:45:52.429+0300][285.270s][info][gc] GC(3096) Pause Full (Ergonomics) 173M->39M(228M) 76.565ms
[2020-01-29T22:45:52.501+0300][285.341s][info][gc] GC(3097) Pause Young (Allocation Failure) 68M->68M(228M) 67.468ms
[2020-01-29T22:45:52.619+0300][285.459s][info][gc] GC(3098) Pause Young (Allocation Failure) 97M->97M(228M) 114.630ms
[2020-01-29T22:45:52.739+0300][285.579s][info][gc] GC(3099) Pause Young (Allocation Failure) 126M->126M(228M) 116.192ms
[2020-01-29T22:45:52.839+0300][285.679s][info][gc] GC(3100) Pause Young (Allocation Failure) 155M->155M(228M) 88.561ms
[2020-01-29T22:45:52.850+0300][285.690s][info][gc] GC(3101) Pause Full (Ergonomics) 155M->22M(228M) 10.610ms
[2020-01-29T22:45:52.916+0300][285.756s][info][gc] GC(3102) Pause Young (Allocation Failure) 51M->51M(228M) 61.917ms
[2020-01-29T22:45:53.032+0300][285.871s][info][gc] GC(3103) Pause Young (Allocation Failure) 80M->80M(228M) 111.910ms
[2020-01-29T22:45:53.146+0300][285.986s][info][gc] GC(3104) Pause Young (Allocation Failure) 109M->109M(228M) 111.508ms
[2020-01-29T22:45:53.285+0300][286.125s][info][gc] GC(3105) Pause Young (Allocation Failure) 157M->157M(228M) 124.367ms
[2020-01-29T22:45:53.307+0300][286.147s][info][gc] GC(3106) Pause Full (Ergonomics) 157M->23M(228M) 22.120ms
[2020-01-29T22:45:53.372+0300][286.211s][info][gc] GC(3107) Pause Young (Allocation Failure) 52M->51M(228M) 60.089ms
[2020-01-29T22:45:53.506+0300][286.347s][info][gc] GC(3108) Pause Young (Allocation Failure) 80M->81M(228M) 131.632ms
[2020-01-29T22:45:53.621+0300][286.461s][info][gc] GC(3109) Pause Young (Allocation Failure) 110M->110M(228M) 111.037ms
[2020-01-29T22:45:53.752+0300][286.592s][info][gc] GC(3110) Pause Young (Allocation Failure) 158M->158M(228M) 114.956ms
[2020-01-29T22:45:53.774+0300][286.614s][info][gc] GC(3111) Pause Full (Ergonomics) 158M->24M(228M) 21.913ms
[2020-01-29T22:45:53.837+0300][286.676s][info][gc] GC(3112) Pause Young (Allocation Failure) 53M->53M(228M) 58.778ms
[2020-01-29T22:45:53.964+0300][286.805s][info][gc] GC(3113) Pause Young (Allocation Failure) 82M->82M(228M) 107.495ms
[2020-01-29T22:45:54.083+0300][286.924s][info][gc] GC(3114) Pause Young (Allocation Failure) 111M->111M(228M) 115.550ms
[2020-01-29T22:45:54.187+0300][287.027s][info][gc] GC(3115) Pause Young (Allocation Failure) 159M->159M(228M) 88.917ms
[2020-01-29T22:45:54.213+0300][287.053s][info][gc] GC(3116) Pause Full (Ergonomics) 159M->25M(228M) 25.525ms
[2020-01-29T22:45:54.277+0300][287.117s][info][gc] GC(3117) Pause Young (Allocation Failure) 54M->54M(228M) 60.807ms
[2020-01-29T22:45:54.391+0300][287.231s][info][gc] GC(3118) Pause Young (Allocation Failure) 83M->83M(228M) 110.081ms
[2020-01-29T22:45:54.509+0300][287.349s][info][gc] GC(3119) Pause Young (Allocation Failure) 112M->112M(228M) 113.779ms
[2020-01-29T22:45:54.629+0300][287.469s][info][gc] GC(3120) Pause Young (Allocation Failure) 160M->160M(228M) 105.267ms
[2020-01-29T22:45:54.669+0300][287.510s][info][gc] GC(3121) Pause Full (Ergonomics) 160M->26M(228M) 40.376ms
[2020-01-29T22:45:54.738+0300][287.578s][info][gc] GC(3122) Pause Young (Allocation Failure) 55M->55M(228M) 64.373ms
[2020-01-29T22:45:54.855+0300][287.694s][info][gc] GC(3123) Pause Young (Allocation Failure) 84M->84M(228M) 111.976ms
[2020-01-29T22:45:54.981+0300][287.821s][info][gc] GC(3124) Pause Young (Allocation Failure) 113M->113M(228M) 122.366ms
[2020-01-29T22:45:55.095+0300][287.936s][info][gc] GC(3125) Pause Young (Allocation Failure) 161M->161M(228M) 99.983ms
[2020-01-29T22:45:55.132+0300][287.972s][info][gc] GC(3126) Pause Full (Ergonomics) 161M->28M(228M) 36.699ms
[2020-01-29T22:45:55.194+0300][288.034s][info][gc] GC(3127) Pause Young (Allocation Failure) 57M->56M(228M) 58.056ms
[2020-01-29T22:45:55.311+0300][288.151s][info][gc] GC(3128) Pause Young (Allocation Failure) 85M->86M(228M) 112.946ms
[2020-01-29T22:45:55.426+0300][288.267s][info][gc] GC(3129) Pause Young (Allocation Failure) 115M->115M(228M) 112.204ms
[2020-01-29T22:45:55.536+0300][288.376s][info][gc] GC(3130) Pause Young (Allocation Failure) 163M->163M(228M) 91.466ms
[2020-01-29T22:45:55.574+0300][288.414s][info][gc] GC(3131) Pause Full (Ergonomics) 163M->29M(228M) 38.119ms
[2020-01-29T22:45:55.637+0300][288.477s][info][gc] GC(3132) Pause Young (Allocation Failure) 58M->58M(228M) 59.104ms
[2020-01-29T22:45:55.756+0300][288.597s][info][gc] GC(3133) Pause Young (Allocation Failure) 87M->87M(228M) 115.942ms
[2020-01-29T22:45:55.878+0300][288.719s][info][gc] GC(3134) Pause Young (Allocation Failure) 116M->116M(228M) 118.362ms
[2020-01-29T22:45:55.979+0300][288.819s][info][gc] GC(3135) Pause Young (Allocation Failure) 164M->164M(228M) 85.471ms
[2020-01-29T22:45:56.025+0300][288.865s][info][gc] GC(3136) Pause Full (Ergonomics) 164M->30M(228M) 45.438ms
[2020-01-29T22:45:56.091+0300][288.931s][info][gc] GC(3137) Pause Young (Allocation Failure) 59M->59M(228M) 62.212ms
[2020-01-29T22:45:56.205+0300][289.045s][info][gc] GC(3138) Pause Young (Allocation Failure) 88M->88M(228M) 110.942ms
[2020-01-29T22:45:56.318+0300][289.159s][info][gc] GC(3139) Pause Young (Allocation Failure) 117M->117M(228M) 109.671ms
[2020-01-29T22:45:56.416+0300][289.257s][info][gc] GC(3140) Pause Young (Allocation Failure) 165M->165M(228M) 82.613ms
[2020-01-29T22:45:56.466+0300][289.306s][info][gc] GC(3141) Pause Full (Ergonomics) 165M->31M(228M) 49.339ms
[2020-01-29T22:45:56.530+0300][289.370s][info][gc] GC(3142) Pause Young (Allocation Failure) 60M->60M(228M) 59.896ms
[2020-01-29T22:45:56.642+0300][289.481s][info][gc] GC(3143) Pause Young (Allocation Failure) 89M->89M(228M) 108.133ms
[2020-01-29T22:45:56.767+0300][289.607s][info][gc] GC(3144) Pause Young (Allocation Failure) 118M->118M(228M) 121.857ms
[2020-01-29T22:45:56.867+0300][289.706s][info][gc] GC(3145) Pause Young (Allocation Failure) 166M->166M(228M) 84.743ms
[2020-01-29T22:45:56.923+0300][289.763s][info][gc] GC(3146) Pause Full (Ergonomics) 166M->32M(228M) 56.941ms
[2020-01-29T22:45:56.987+0300][289.827s][info][gc] GC(3147) Pause Young (Allocation Failure) 61M->61M(228M) 60.070ms
[2020-01-29T22:45:57.098+0300][289.938s][info][gc] GC(3148) Pause Young (Allocation Failure) 90M->91M(228M) 107.525ms
[2020-01-29T22:45:57.218+0300][290.058s][info][gc] GC(3149) Pause Young (Allocation Failure) 120M->120M(228M) 115.890ms
[2020-01-29T22:45:57.308+0300][290.149s][info][gc] GC(3150) Pause Young (Allocation Failure) 168M->168M(228M) 75.889ms
[2020-01-29T22:45:57.369+0300][290.209s][info][gc] GC(3151) Pause Full (Ergonomics) 168M->34M(228M) 60.148ms
[2020-01-29T22:45:57.435+0300][290.275s][info][gc] GC(3152) Pause Young (Allocation Failure) 63M->63M(228M) 61.298ms
[2020-01-29T22:45:57.548+0300][290.388s][info][gc] GC(3153) Pause Young (Allocation Failure) 92M->92M(228M) 109.780ms
[2020-01-29T22:45:57.663+0300][290.503s][info][gc] GC(3154) Pause Young (Allocation Failure) 121M->121M(228M) 111.091ms
[2020-01-29T22:45:57.755+0300][290.595s][info][gc] GC(3155) Pause Young (Allocation Failure) 169M->169M(228M) 76.790ms
[2020-01-29T22:45:57.815+0300][290.656s][info][gc] GC(3156) Pause Full (Ergonomics) 169M->35M(228M) 61.028ms
[2020-01-29T22:45:57.880+0300][290.721s][info][gc] GC(3157) Pause Young (Allocation Failure) 64M->64M(228M) 61.152ms
[2020-01-29T22:45:57.989+0300][290.829s][info][gc] GC(3158) Pause Young (Allocation Failure) 93M->93M(228M) 104.948ms
[2020-01-29T22:45:58.104+0300][290.944s][info][gc] GC(3159) Pause Young (Allocation Failure) 122M->122M(228M) 111.134ms
[2020-01-29T22:45:58.195+0300][291.036s][info][gc] GC(3160) Pause Young (Allocation Failure) 170M->170M(228M) 76.894ms
[2020-01-29T22:45:58.262+0300][291.102s][info][gc] GC(3161) Pause Full (Ergonomics) 170M->36M(228M) 66.606ms
[2020-01-29T22:45:58.328+0300][291.168s][info][gc] GC(3162) Pause Young (Allocation Failure) 65M->65M(228M) 61.847ms
[2020-01-29T22:45:58.448+0300][291.288s][info][gc] GC(3163) Pause Young (Allocation Failure) 94M->94M(228M) 116.236ms
[2020-01-29T22:45:58.566+0300][291.405s][info][gc] GC(3164) Pause Young (Allocation Failure) 123M->123M(228M) 113.147ms
[2020-01-29T22:45:58.650+0300][291.490s][info][gc] GC(3165) Pause Young (Allocation Failure) 171M->171M(228M) 70.229ms
[2020-01-29T22:45:58.722+0300][291.562s][info][gc] GC(3166) Pause Full (Ergonomics) 171M->37M(228M) 71.434ms
[2020-01-29T22:45:58.784+0300][291.624s][info][gc] GC(3167) Pause Young (Allocation Failure) 66M->66M(228M) 58.542ms
[2020-01-29T22:45:58.896+0300][291.735s][info][gc] GC(3168) Pause Young (Allocation Failure) 95M->95M(228M) 107.792ms
[2020-01-29T22:45:59.006+0300][291.846s][info][gc] GC(3169) Pause Young (Allocation Failure) 124M->125M(228M) 106.734ms
[2020-01-29T22:45:59.092+0300][291.932s][info][gc] GC(3170) Pause Young (Allocation Failure) 173M->173M(228M) 72.190ms
[2020-01-29T22:45:59.168+0300][292.008s][info][gc] GC(3171) Pause Full (Ergonomics) 173M->39M(228M) 76.114ms
[2020-01-29T22:45:59.232+0300][292.072s][info][gc] GC(3172) Pause Young (Allocation Failure) 68M->68M(228M) 60.359ms
[2020-01-29T22:45:59.342+0300][292.182s][info][gc] GC(3173) Pause Young (Allocation Failure) 97M->97M(228M) 105.663ms
[2020-01-29T22:45:59.490+0300][292.329s][info][gc] GC(3174) Pause Young (Allocation Failure) 126M->126M(228M) 143.710ms
[2020-01-29T22:45:59.582+0300][292.422s][info][gc] GC(3175) Pause Young (Allocation Failure) 155M->155M(228M) 80.557ms
[2020-01-29T22:45:59.592+0300][292.432s][info][gc] GC(3176) Pause Full (Ergonomics) 155M->21M(228M) 9.473ms
[2020-01-29T22:45:59.657+0300][292.497s][info][gc] GC(3177) Pause Young (Allocation Failure) 50M->50M(228M) 61.324ms
[2020-01-29T22:45:59.772+0300][292.612s][info][gc] GC(3178) Pause Young (Allocation Failure) 79M->79M(228M) 111.094ms
[2020-01-29T22:45:59.886+0300][292.727s][info][gc] GC(3179) Pause Young (Allocation Failure) 108M->108M(228M) 111.511ms
[2020-01-29T22:46:00.019+0300][292.860s][info][gc] GC(3180) Pause Young (Allocation Failure) 156M->156M(228M) 117.309ms
[2020-01-29T22:46:00.035+0300][292.875s][info][gc] GC(3181) Pause Full (Ergonomics) 156M->22M(228M) 15.190ms
[2020-01-29T22:46:00.100+0300][292.940s][info][gc] GC(3182) Pause Young (Allocation Failure) 51M->51M(228M) 61.078ms
[2020-01-29T22:46:00.245+0300][293.085s][info][gc] GC(3183) Pause Young (Allocation Failure) 80M->80M(228M) 139.179ms
[2020-01-29T22:46:00.368+0300][293.209s][info][gc] GC(3184) Pause Young (Allocation Failure) 109M->109M(228M) 120.039ms
[2020-01-29T22:46:00.491+0300][293.331s][info][gc] GC(3185) Pause Young (Allocation Failure) 157M->157M(228M) 107.107ms
[2020-01-29T22:46:00.509+0300][293.349s][info][gc] GC(3186) Pause Full (Ergonomics) 157M->23M(228M) 17.722ms
[2020-01-29T22:46:00.575+0300][293.415s][info][gc] GC(3187) Pause Young (Allocation Failure) 52M->52M(228M) 63.021ms
[2020-01-29T22:46:00.716+0300][293.556s][info][gc] GC(3188) Pause Young (Allocation Failure) 81M->81M(228M) 137.222ms
[2020-01-29T22:46:00.831+0300][293.671s][info][gc] GC(3189) Pause Young (Allocation Failure) 110M->110M(228M) 111.782ms
[2020-01-29T22:46:00.947+0300][293.787s][info][gc] GC(3190) Pause Young (Allocation Failure) 159M->159M(228M) 100.887ms
[2020-01-29T22:46:00.971+0300][293.811s][info][gc] GC(3191) Pause Full (Ergonomics) 159M->25M(228M) 23.478ms
[2020-01-29T22:46:01.052+0300][293.892s][info][gc] GC(3192) Pause Young (Allocation Failure) 54M->54M(228M) 77.393ms
[2020-01-29T22:46:01.176+0300][294.015s][info][gc] GC(3193) Pause Young (Allocation Failure) 83M->83M(228M) 119.406ms
[2020-01-29T22:46:01.290+0300][294.130s][info][gc] GC(3194) Pause Young (Allocation Failure) 112M->112M(228M) 111.248ms
[2020-01-29T22:46:01.403+0300][294.243s][info][gc] GC(3195) Pause Young (Allocation Failure) 160M->160M(228M) 97.810ms
[2020-01-29T22:46:01.433+0300][294.273s][info][gc] GC(3196) Pause Full (Ergonomics) 160M->26M(228M) 29.636ms
[2020-01-29T22:46:01.497+0300][294.336s][info][gc] GC(3197) Pause Young (Allocation Failure) 55M->55M(228M) 59.817ms
[2020-01-29T22:46:01.612+0300][294.452s][info][gc] GC(3198) Pause Young (Allocation Failure) 84M->84M(228M) 112.054ms
[2020-01-29T22:46:01.732+0300][294.572s][info][gc] GC(3199) Pause Young (Allocation Failure) 113M->113M(228M) 115.622ms
[2020-01-29T22:46:01.867+0300][294.707s][info][gc] GC(3200) Pause Young (Allocation Failure) 161M->161M(228M) 120.522ms
[2020-01-29T22:46:01.900+0300][294.740s][info][gc] GC(3201) Pause Full (Ergonomics) 161M->27M(228M) 33.140ms
[2020-01-29T22:46:01.968+0300][294.808s][info][gc] GC(3202) Pause Young (Allocation Failure) 56M->56M(228M) 63.782ms
[2020-01-29T22:46:02.083+0300][294.923s][info][gc] GC(3203) Pause Young (Allocation Failure) 85M->85M(228M) 111.426ms
[2020-01-29T22:46:02.203+0300][295.043s][info][gc] GC(3204) Pause Young (Allocation Failure) 114M->114M(228M) 116.227ms
[2020-01-29T22:46:02.311+0300][295.151s][info][gc] GC(3205) Pause Young (Allocation Failure) 162M->162M(228M) 92.375ms
[2020-01-29T22:46:02.344+0300][295.184s][info][gc] GC(3206) Pause Full (Ergonomics) 162M->28M(228M) 33.806ms
[2020-01-29T22:46:02.411+0300][295.251s][info][gc] GC(3207) Pause Young (Allocation Failure) 57M->57M(228M) 62.924ms
[2020-01-29T22:46:02.554+0300][295.394s][info][gc] GC(3208) Pause Young (Allocation Failure) 86M->86M(228M) 112.564ms
[2020-01-29T22:46:02.673+0300][295.513s][info][gc] GC(3209) Pause Young (Allocation Failure) 115M->115M(228M) 115.856ms
[2020-01-29T22:46:02.785+0300][295.625s][info][gc] GC(3210) Pause Young (Allocation Failure) 163M->164M(228M) 96.444ms
[2020-01-29T22:46:02.831+0300][295.671s][info][gc] GC(3211) Pause Full (Ergonomics) 164M->30M(228M) 46.061ms
[2020-01-29T22:46:02.896+0300][295.736s][info][gc] GC(3212) Pause Young (Allocation Failure) 59M->59M(228M) 60.162ms
[2020-01-29T22:46:03.007+0300][295.848s][info][gc] GC(3213) Pause Young (Allocation Failure) 88M->88M(228M) 107.933ms
[2020-01-29T22:46:03.124+0300][295.964s][info][gc] GC(3214) Pause Young (Allocation Failure) 117M->117M(228M) 112.962ms
[2020-01-29T22:46:03.227+0300][296.066s][info][gc] GC(3215) Pause Young (Allocation Failure) 165M->165M(228M) 86.623ms
[2020-01-29T22:46:03.275+0300][296.116s][info][gc] GC(3216) Pause Full (Ergonomics) 165M->31M(228M) 49.396ms
[2020-01-29T22:46:03.344+0300][296.184s][info][gc] GC(3217) Pause Young (Allocation Failure) 60M->60M(228M) 58.142ms
[2020-01-29T22:46:03.473+0300][296.313s][info][gc] GC(3218) Pause Young (Allocation Failure) 89M->89M(228M) 124.579ms
[2020-01-29T22:46:03.588+0300][296.427s][info][gc] GC(3219) Pause Young (Allocation Failure) 118M->118M(228M) 110.565ms
[2020-01-29T22:46:03.711+0300][296.551s][info][gc] GC(3220) Pause Young (Allocation Failure) 166M->166M(228M) 108.534ms
[2020-01-29T22:46:03.756+0300][296.596s][info][gc] GC(3221) Pause Full (Ergonomics) 166M->32M(228M) 45.302ms
[2020-01-29T22:46:03.823+0300][296.663s][info][gc] GC(3222) Pause Young (Allocation Failure) 61M->61M(228M) 62.602ms
[2020-01-29T22:46:03.937+0300][296.777s][info][gc] GC(3223) Pause Young (Allocation Failure) 90M->90M(228M) 110.261ms
[2020-01-29T22:46:04.048+0300][296.889s][info][gc] GC(3224) Pause Young (Allocation Failure) 119M->119M(228M) 107.788ms
[2020-01-29T22:46:04.208+0300][297.048s][info][gc] GC(3225) Pause Young (Allocation Failure) 167M->167M(228M) 144.942ms
[2020-01-29T22:46:04.281+0300][297.121s][info][gc] GC(3226) Pause Full (Ergonomics) 167M->33M(228M) 72.563ms
[2020-01-29T22:46:04.347+0300][297.187s][info][gc] GC(3227) Pause Young (Allocation Failure) 62M->62M(228M) 62.545ms
[2020-01-29T22:46:04.470+0300][297.311s][info][gc] GC(3228) Pause Young (Allocation Failure) 91M->91M(228M) 119.430ms
[2020-01-29T22:46:04.589+0300][297.429s][info][gc] GC(3229) Pause Young (Allocation Failure) 120M->120M(228M) 115.091ms
[2020-01-29T22:46:04.699+0300][297.539s][info][gc] GC(3230) Pause Young (Allocation Failure) 168M->168M(228M) 94.373ms
[2020-01-29T22:46:04.753+0300][297.593s][info][gc] GC(3231) Pause Full (Ergonomics) 168M->35M(228M) 54.032ms
[2020-01-29T22:46:04.816+0300][297.656s][info][gc] GC(3232) Pause Young (Allocation Failure) 64M->63M(228M) 59.066ms
[2020-01-29T22:46:04.935+0300][297.775s][info][gc] GC(3233) Pause Young (Allocation Failure) 92M->93M(228M) 115.143ms
[2020-01-29T22:46:05.069+0300][297.909s][info][gc] GC(3234) Pause Young (Allocation Failure) 122M->122M(228M) 130.464ms
[2020-01-29T22:46:05.207+0300][298.047s][info][gc] GC(3235) Pause Young (Allocation Failure) 170M->170M(228M) 123.557ms
[2020-01-29T22:46:05.286+0300][298.126s][info][gc] GC(3236) Pause Full (Ergonomics) 170M->36M(228M) 78.236ms
[2020-01-29T22:46:05.348+0300][298.188s][info][gc] GC(3237) Pause Young (Allocation Failure) 65M->65M(228M) 58.332ms
[2020-01-29T22:46:05.465+0300][298.304s][info][gc] GC(3238) Pause Young (Allocation Failure) 94M->94M(228M) 111.557ms
[2020-01-29T22:46:05.610+0300][298.450s][info][gc] GC(3239) Pause Young (Allocation Failure) 123M->123M(228M) 141.980ms
[2020-01-29T22:46:05.715+0300][298.555s][info][gc] GC(3240) Pause Young (Allocation Failure) 171M->171M(228M) 90.479ms
[2020-01-29T22:46:05.779+0300][298.619s][info][gc] GC(3241) Pause Full (Ergonomics) 171M->37M(228M) 63.528ms
[2020-01-29T22:46:05.845+0300][298.684s][info][gc] GC(3242) Pause Young (Allocation Failure) 66M->66M(228M) 61.684ms
[2020-01-29T22:46:05.996+0300][298.836s][info][gc] GC(3243) Pause Young (Allocation Failure) 95M->95M(228M) 148.461ms
[2020-01-29T22:46:06.104+0300][298.944s][info][gc] GC(3244) Pause Young (Allocation Failure) 124M->124M(228M) 104.503ms
[2020-01-29T22:46:06.189+0300][299.029s][info][gc] GC(3245) Pause Young (Allocation Failure) 172M->172M(228M) 69.653ms
[2020-01-29T22:46:06.267+0300][299.106s][info][gc] GC(3246) Pause Full (Ergonomics) 172M->38M(228M) 77.285ms
[2020-01-29T22:46:06.327+0300][299.168s][info][gc] GC(3247) Pause Young (Allocation Failure) 67M->67M(228M) 57.486ms
[2020-01-29T22:46:06.468+0300][299.309s][info][gc] GC(3248) Pause Young (Allocation Failure) 96M->96M(228M) 137.472ms
[2020-01-29T22:46:06.576+0300][299.416s][info][gc] GC(3249) Pause Young (Allocation Failure) 125M->125M(228M) 103.048ms
[2020-01-29T22:46:06.661+0300][299.501s][info][gc] GC(3250) Pause Young (Allocation Failure) 173M->173M(228M) 69.807ms
[2020-01-29T22:46:06.737+0300][299.576s][info][gc] GC(3251) Pause Full (Ergonomics) 173M->39M(228M) 75.356ms
[2020-01-29T22:46:06.804+0300][299.643s][info][gc] GC(3252) Pause Young (Allocation Failure) 68M->68M(228M) 60.968ms
[2020-01-29T22:46:06.921+0300][299.761s][info][gc] GC(3253) Pause Young (Allocation Failure) 97M->97M(228M) 113.699ms
[2020-01-29T22:46:07.036+0300][299.876s][info][gc] GC(3254) Pause Young (Allocation Failure) 126M->127M(228M) 111.899ms
[2020-01-29T22:46:07.128+0300][299.968s][info][gc] GC(3255) Pause Young (Allocation Failure) 156M->156M(228M) 79.696ms
[2020-01-29T22:46:07.140+0300][299.980s][info][gc] GC(3256) Pause Full (Ergonomics) 156M->22M(228M) 11.967ms
[2020-01-29T22:46:07.204+0300][300.044s][info][gc] GC(3257) Pause Young (Allocation Failure) 51M->51M(228M) 59.878ms
[2020-01-29T22:46:07.319+0300][300.159s][info][gc] GC(3258) Pause Young (Allocation Failure) 80M->80M(228M) 112.069ms
[2020-01-29T22:46:07.436+0300][300.276s][info][gc] GC(3259) Pause Young (Allocation Failure) 109M->109M(228M) 112.828ms
[2020-01-29T22:46:07.555+0300][300.394s][info][gc] GC(3260) Pause Young (Allocation Failure) 157M->157M(228M) 102.716ms
[2020-01-29T22:46:07.574+0300][300.413s][info][gc] GC(3261) Pause Full (Ergonomics) 157M->23M(228M) 18.924ms
[2020-01-29T22:46:07.637+0300][300.477s][info][gc] GC(3262) Pause Young (Allocation Failure) 52M->52M(228M) 60.439ms
[2020-01-29T22:46:07.745+0300][300.585s][info][gc] GC(3263) Pause Young (Allocation Failure) 81M->81M(228M) 104.204ms
[2020-01-29T22:46:07.865+0300][300.705s][info][gc] GC(3264) Pause Young (Allocation Failure) 110M->110M(228M) 116.322ms
[2020-01-29T22:46:08.001+0300][300.842s][info][gc] GC(3265) Pause Young (Allocation Failure) 158M->158M(228M) 122.076ms
[2020-01-29T22:46:08.025+0300][300.865s][info][gc] GC(3266) Pause Full (Ergonomics) 158M->24M(228M) 23.670ms
[2020-01-29T22:46:08.086+0300][300.926s][info][gc] GC(3267) Pause Young (Allocation Failure) 53M->53M(228M) 57.131ms
[2020-01-29T22:46:08.209+0300][301.050s][info][gc] GC(3268) Pause Young (Allocation Failure) 82M->82M(228M) 119.670ms
[2020-01-29T22:46:08.344+0300][301.184s][info][gc] GC(3269) Pause Young (Allocation Failure) 111M->111M(228M) 129.798ms
[2020-01-29T22:46:08.460+0300][301.300s][info][gc] GC(3270) Pause Young (Allocation Failure) 159M->159M(228M) 101.122ms
[2020-01-29T22:46:08.486+0300][301.326s][info][gc] GC(3271) Pause Full (Ergonomics) 159M->25M(228M) 25.249ms
[2020-01-29T22:46:08.545+0300][301.385s][info][gc] GC(3272) Pause Young (Allocation Failure) 54M->54M(228M) 55.599ms
[2020-01-29T22:46:08.679+0300][301.519s][info][gc] GC(3273) Pause Young (Allocation Failure) 83M->83M(228M) 129.655ms
[2020-01-29T22:46:08.795+0300][301.635s][info][gc] GC(3274) Pause Young (Allocation Failure) 112M->112M(228M) 112.411ms
[2020-01-29T22:46:08.907+0300][301.746s][info][gc] GC(3275) Pause Young (Allocation Failure) 161M->161M(228M) 96.709ms
[2020-01-29T22:46:08.941+0300][301.781s][info][gc] GC(3276) Pause Full (Ergonomics) 161M->27M(228M) 34.470ms
[2020-01-29T22:46:09.007+0300][301.847s][info][gc] GC(3277) Pause Young (Allocation Failure) 56M->56M(228M) 62.236ms
[2020-01-29T22:46:09.113+0300][301.953s][info][gc] GC(3278) Pause Young (Allocation Failure) 85M->85M(228M) 102.165ms
[2020-01-29T22:46:09.227+0300][302.066s][info][gc] GC(3279) Pause Young (Allocation Failure) 114M->114M(228M) 109.750ms
[2020-01-29T22:46:09.335+0300][302.175s][info][gc] GC(3280) Pause Young (Allocation Failure) 162M->162M(228M) 94.088ms
[2020-01-29T22:46:09.372+0300][302.212s][info][gc] GC(3281) Pause Full (Ergonomics) 162M->28M(228M) 36.993ms
[2020-01-29T22:46:09.439+0300][302.279s][info][gc] GC(3282) Pause Young (Allocation Failure) 57M->57M(228M) 63.287ms
[2020-01-29T22:46:09.559+0300][302.399s][info][gc] GC(3283) Pause Young (Allocation Failure) 86M->86M(228M) 116.296ms
[2020-01-29T22:46:09.671+0300][302.512s][info][gc] GC(3284) Pause Young (Allocation Failure) 115M->115M(228M) 108.973ms
[2020-01-29T22:46:09.810+0300][302.650s][info][gc] GC(3285) Pause Young (Allocation Failure) 163M->163M(228M) 123.188ms
[2020-01-29T22:46:09.866+0300][302.706s][info][gc] GC(3286) Pause Full (Ergonomics) 163M->29M(228M) 55.857ms
[2020-01-29T22:46:09.932+0300][302.771s][info][gc] GC(3287) Pause Young (Allocation Failure) 58M->58M(228M) 61.882ms
[2020-01-29T22:46:10.042+0300][302.883s][info][gc] GC(3288) Pause Young (Allocation Failure) 87M->87M(228M) 107.787ms
[2020-01-29T22:46:10.157+0300][302.997s][info][gc] GC(3289) Pause Young (Allocation Failure) 116M->116M(228M) 110.324ms
[2020-01-29T22:46:10.258+0300][303.098s][info][gc] GC(3290) Pause Young (Allocation Failure) 164M->164M(228M) 86.734ms
[2020-01-29T22:46:10.306+0300][303.146s][info][gc] GC(3291) Pause Full (Ergonomics) 164M->30M(228M) 47.765ms
[2020-01-29T22:46:10.370+0300][303.210s][info][gc] GC(3292) Pause Young (Allocation Failure) 59M->59M(228M) 59.858ms
[2020-01-29T22:46:10.484+0300][303.325s][info][gc] GC(3293) Pause Young (Allocation Failure) 88M->88M(228M) 111.114ms
[2020-01-29T22:46:10.609+0300][303.449s][info][gc] GC(3294) Pause Young (Allocation Failure) 117M->117M(228M) 120.925ms
[2020-01-29T22:46:10.748+0300][303.587s][info][gc] GC(3295) Pause Young (Allocation Failure) 165M->166M(228M) 122.902ms
[2020-01-29T22:46:10.810+0300][303.651s][info][gc] GC(3296) Pause Full (Ergonomics) 166M->32M(228M) 63.061ms
[2020-01-29T22:46:10.876+0300][303.717s][info][gc] GC(3297) Pause Young (Allocation Failure) 61M->61M(228M) 62.218ms
[2020-01-29T22:46:10.987+0300][303.827s][info][gc] GC(3298) Pause Young (Allocation Failure) 90M->90M(228M) 106.187ms
[2020-01-29T22:46:11.110+0300][303.950s][info][gc] GC(3299) Pause Young (Allocation Failure) 119M->119M(228M) 119.574ms
[2020-01-29T22:46:11.198+0300][304.038s][info][gc] GC(3300) Pause Young (Allocation Failure) 167M->167M(228M) 73.602ms
[2020-01-29T22:46:11.250+0300][304.090s][info][gc] GC(3301) Pause Full (Ergonomics) 167M->33M(228M) 51.266ms
[2020-01-29T22:46:11.318+0300][304.158s][info][gc] GC(3302) Pause Young (Allocation Failure) 62M->62M(228M) 63.945ms
[2020-01-29T22:46:11.436+0300][304.276s][info][gc] GC(3303) Pause Young (Allocation Failure) 91M->91M(228M) 115.166ms
[2020-01-29T22:46:11.551+0300][304.391s][info][gc] GC(3304) Pause Young (Allocation Failure) 120M->120M(228M) 110.910ms
[2020-01-29T22:46:11.644+0300][304.484s][info][gc] GC(3305) Pause Young (Allocation Failure) 168M->168M(228M) 78.174ms
[2020-01-29T22:46:11.704+0300][304.543s][info][gc] GC(3306) Pause Full (Ergonomics) 168M->34M(228M) 59.205ms
[2020-01-29T22:46:11.770+0300][304.610s][info][gc] GC(3307) Pause Young (Allocation Failure) 63M->63M(228M) 60.432ms
[2020-01-29T22:46:11.884+0300][304.724s][info][gc] GC(3308) Pause Young (Allocation Failure) 92M->92M(228M) 109.840ms
[2020-01-29T22:46:12.003+0300][304.843s][info][gc] GC(3309) Pause Young (Allocation Failure) 121M->121M(228M) 115.430ms
[2020-01-29T22:46:12.140+0300][304.980s][info][gc] GC(3310) Pause Young (Allocation Failure) 169M->169M(228M) 122.665ms
[2020-01-29T22:46:12.218+0300][305.058s][info][gc] GC(3311) Pause Full (Ergonomics) 169M->35M(228M) 78.002ms
[2020-01-29T22:46:12.284+0300][305.123s][info][gc] GC(3312) Pause Young (Allocation Failure) 64M->64M(228M) 61.702ms
[2020-01-29T22:46:12.391+0300][305.231s][info][gc] GC(3313) Pause Young (Allocation Failure) 93M->93M(228M) 104.211ms
[2020-01-29T22:46:12.505+0300][305.345s][info][gc] GC(3314) Pause Young (Allocation Failure) 122M->122M(228M) 109.611ms
[2020-01-29T22:46:12.604+0300][305.444s][info][gc] GC(3315) Pause Young (Allocation Failure) 170M->171M(228M) 84.719ms
[2020-01-29T22:46:12.672+0300][305.512s][info][gc] GC(3316) Pause Full (Ergonomics) 171M->37M(228M) 68.544ms
[2020-01-29T22:46:12.736+0300][305.576s][info][gc] GC(3317) Pause Young (Allocation Failure) 66M->66M(228M) 60.318ms
[2020-01-29T22:46:12.848+0300][305.688s][info][gc] GC(3318) Pause Young (Allocation Failure) 95M->95M(228M) 107.822ms
[2020-01-29T22:46:12.968+0300][305.809s][info][gc] GC(3319) Pause Young (Allocation Failure) 124M->124M(228M) 117.103ms
[2020-01-29T22:46:13.109+0300][305.949s][info][gc] GC(3320) Pause Young (Allocation Failure) 172M->172M(228M) 125.226ms
[2020-01-29T22:46:13.202+0300][306.041s][info][gc] GC(3321) Pause Full (Ergonomics) 172M->38M(228M) 92.343ms
[2020-01-29T22:46:13.268+0300][306.108s][info][gc] GC(3322) Pause Young (Allocation Failure) 67M->67M(228M) 62.492ms
[2020-01-29T22:46:13.417+0300][306.257s][info][gc] GC(3323) Pause Young (Allocation Failure) 96M->96M(228M) 145.166ms
[2020-01-29T22:46:13.537+0300][306.378s][info][gc] GC(3324) Pause Young (Allocation Failure) 125M->125M(228M) 115.766ms
[2020-01-29T22:46:13.670+0300][306.511s][info][gc] GC(3325) Pause Young (Allocation Failure) 173M->173M(228M) 118.040ms
[2020-01-29T22:46:13.760+0300][306.599s][info][gc] GC(3326) Pause Full (Ergonomics) 173M->39M(228M) 88.511ms
[2020-01-29T22:46:13.822+0300][306.662s][info][gc] GC(3327) Pause Young (Allocation Failure) 68M->68M(228M) 59.382ms
[2020-01-29T22:46:13.940+0300][306.780s][info][gc] GC(3328) Pause Young (Allocation Failure) 97M->97M(228M) 114.132ms
[2020-01-29T22:46:14.056+0300][306.896s][info][gc] GC(3329) Pause Young (Allocation Failure) 126M->126M(228M) 112.281ms
[2020-01-29T22:46:14.147+0300][306.987s][info][gc] GC(3330) Pause Young (Allocation Failure) 155M->155M(228M) 78.809ms
[2020-01-29T22:46:14.158+0300][306.998s][info][gc] GC(3331) Pause Full (Ergonomics) 155M->21M(228M) 10.491ms
[2020-01-29T22:46:14.219+0300][307.059s][info][gc] GC(3332) Pause Young (Allocation Failure) 50M->50M(228M) 57.761ms
[2020-01-29T22:46:14.334+0300][307.174s][info][gc] GC(3333) Pause Young (Allocation Failure) 79M->79M(228M) 111.241ms
[2020-01-29T22:46:14.461+0300][307.301s][info][gc] GC(3334) Pause Young (Allocation Failure) 108M->108M(228M) 123.337ms
[2020-01-29T22:46:14.580+0300][307.420s][info][gc] GC(3335) Pause Young (Allocation Failure) 156M->156M(228M) 103.294ms
[2020-01-29T22:46:14.596+0300][307.437s][info][gc] GC(3336) Pause Full (Ergonomics) 156M->22M(228M) 16.474ms
[2020-01-29T22:46:14.661+0300][307.501s][info][gc] GC(3337) Pause Young (Allocation Failure) 51M->51M(228M) 60.507ms
[2020-01-29T22:46:14.776+0300][307.616s][info][gc] GC(3338) Pause Young (Allocation Failure) 80M->80M(228M) 111.894ms
[2020-01-29T22:46:14.893+0300][307.734s][info][gc] GC(3339) Pause Young (Allocation Failure) 109M->109M(228M) 113.660ms
[2020-01-29T22:46:15.034+0300][307.874s][info][gc] GC(3340) Pause Young (Allocation Failure) 157M->157M(228M) 125.218ms
[2020-01-29T22:46:15.061+0300][307.901s][info][gc] GC(3341) Pause Full (Ergonomics) 157M->23M(228M) 26.524ms
[2020-01-29T22:46:15.125+0300][307.965s][info][gc] GC(3342) Pause Young (Allocation Failure) 52M->52M(228M) 61.074ms
[2020-01-29T22:46:15.243+0300][308.083s][info][gc] GC(3343) Pause Young (Allocation Failure) 81M->81M(228M) 113.811ms
[2020-01-29T22:46:15.377+0300][308.217s][info][gc] GC(3344) Pause Young (Allocation Failure) 110M->110M(228M) 130.716ms
[2020-01-29T22:46:15.515+0300][308.356s][info][gc] GC(3345) Pause Young (Allocation Failure) 159M->159M(228M) 123.549ms
[2020-01-29T22:46:15.549+0300][308.389s][info][gc] GC(3346) Pause Full (Ergonomics) 159M->25M(228M) 33.601ms
[2020-01-29T22:46:15.614+0300][308.453s][info][gc] GC(3347) Pause Young (Allocation Failure) 54M->54M(228M) 60.154ms
[2020-01-29T22:46:15.735+0300][308.575s][info][gc] GC(3348) Pause Young (Allocation Failure) 83M->83M(228M) 118.010ms
[2020-01-29T22:46:15.853+0300][308.693s][info][gc] GC(3349) Pause Young (Allocation Failure) 112M->112M(228M) 114.474ms
[2020-01-29T22:46:15.999+0300][308.839s][info][gc] GC(3350) Pause Young (Allocation Failure) 160M->160M(228M) 131.107ms
[2020-01-29T22:46:16.038+0300][308.877s][info][gc] GC(3351) Pause Full (Ergonomics) 160M->26M(228M) 38.423ms
[2020-01-29T22:46:16.099+0300][308.939s][info][gc] GC(3352) Pause Young (Allocation Failure) 55M->55M(228M) 58.241ms
[2020-01-29T22:46:16.215+0300][309.055s][info][gc] GC(3353) Pause Young (Allocation Failure) 84M->84M(228M) 111.635ms
[2020-01-29T22:46:16.325+0300][309.165s][info][gc] GC(3354) Pause Young (Allocation Failure) 113M->113M(228M) 106.789ms
[2020-01-29T22:46:16.463+0300][309.303s][info][gc] GC(3355) Pause Young (Allocation Failure) 161M->161M(228M) 123.488ms
[2020-01-29T22:46:16.508+0300][309.348s][info][gc] GC(3356) Pause Full (Ergonomics) 161M->27M(228M) 44.435ms
[2020-01-29T22:46:16.573+0300][309.413s][info][gc] GC(3357) Pause Young (Allocation Failure) 56M->56M(228M) 61.218ms
[2020-01-29T22:46:16.690+0300][309.530s][info][gc] GC(3358) Pause Young (Allocation Failure) 85M->85M(228M) 112.580ms
[2020-01-29T22:46:16.803+0300][309.642s][info][gc] GC(3359) Pause Young (Allocation Failure) 114M->114M(228M) 108.757ms
[2020-01-29T22:46:16.911+0300][309.750s][info][gc] GC(3360) Pause Young (Allocation Failure) 162M->162M(228M) 93.819ms
[2020-01-29T22:46:16.953+0300][309.792s][info][gc] GC(3361) Pause Full (Ergonomics) 162M->28M(228M) 41.565ms
[2020-01-29T22:46:17.013+0300][309.853s][info][gc] GC(3362) Pause Young (Allocation Failure) 57M->57M(228M) 57.545ms
[2020-01-29T22:46:17.126+0300][309.966s][info][gc] GC(3363) Pause Young (Allocation Failure) 86M->86M(228M) 109.263ms
[2020-01-29T22:46:17.240+0300][310.080s][info][gc] GC(3364) Pause Young (Allocation Failure) 115M->115M(228M) 109.998ms
[2020-01-29T22:46:17.342+0300][310.182s][info][gc] GC(3365) Pause Young (Allocation Failure) 164M->164M(228M) 86.939ms
[2020-01-29T22:46:17.384+0300][310.224s][info][gc] GC(3366) Pause Full (Ergonomics) 164M->30M(228M) 42.528ms
[2020-01-29T22:46:17.448+0300][310.289s][info][gc] GC(3367) Pause Young (Allocation Failure) 59M->59M(228M) 60.528ms
[2020-01-29T22:46:17.562+0300][310.402s][info][gc] GC(3368) Pause Young (Allocation Failure) 88M->88M(228M) 109.489ms
[2020-01-29T22:46:17.682+0300][310.522s][info][gc] GC(3369) Pause Young (Allocation Failure) 117M->117M(228M) 116.112ms
[2020-01-29T22:46:17.813+0300][310.653s][info][gc] GC(3370) Pause Young (Allocation Failure) 165M->165M(228M) 116.870ms
[2020-01-29T22:46:17.871+0300][310.712s][info][gc] GC(3371) Pause Full (Ergonomics) 165M->31M(228M) 58.503ms
[2020-01-29T22:46:17.937+0300][310.777s][info][gc] GC(3372) Pause Young (Allocation Failure) 60M->60M(228M) 61.361ms
[2020-01-29T22:46:18.045+0300][310.885s][info][gc] GC(3373) Pause Young (Allocation Failure) 89M->89M(228M) 104.819ms
[2020-01-29T22:46:18.156+0300][310.996s][info][gc] GC(3374) Pause Young (Allocation Failure) 118M->118M(228M) 107.614ms
[2020-01-29T22:46:18.254+0300][311.094s][info][gc] GC(3375) Pause Young (Allocation Failure) 166M->166M(228M) 82.846ms
[2020-01-29T22:46:18.312+0300][311.152s][info][gc] GC(3376) Pause Full (Ergonomics) 166M->32M(228M) 58.256ms
[2020-01-29T22:46:18.374+0300][311.214s][info][gc] GC(3377) Pause Young (Allocation Failure) 61M->61M(228M) 58.229ms
[2020-01-29T22:46:18.492+0300][311.332s][info][gc] GC(3378) Pause Young (Allocation Failure) 90M->90M(228M) 114.170ms
[2020-01-29T22:46:18.610+0300][311.450s][info][gc] GC(3379) Pause Young (Allocation Failure) 119M->119M(228M) 114.132ms
[2020-01-29T22:46:18.740+0300][311.580s][info][gc] GC(3380) Pause Young (Allocation Failure) 167M->167M(228M) 114.780ms
[2020-01-29T22:46:18.810+0300][311.650s][info][gc] GC(3381) Pause Full (Ergonomics) 167M->33M(228M) 70.042ms
[2020-01-29T22:46:18.873+0300][311.714s][info][gc] GC(3382) Pause Young (Allocation Failure) 62M->62M(228M) 59.798ms
[2020-01-29T22:46:18.992+0300][311.832s][info][gc] GC(3383) Pause Young (Allocation Failure) 91M->91M(228M) 114.652ms
[2020-01-29T22:46:19.106+0300][311.946s][info][gc] GC(3384) Pause Young (Allocation Failure) 120M->120M(228M) 110.956ms
[2020-01-29T22:46:19.198+0300][312.038s][info][gc] GC(3385) Pause Young (Allocation Failure) 169M->169M(228M) 76.539ms
[2020-01-29T22:46:19.260+0300][312.099s][info][gc] GC(3386) Pause Full (Ergonomics) 169M->35M(228M) 61.539ms
[2020-01-29T22:46:19.325+0300][312.165s][info][gc] GC(3387) Pause Young (Allocation Failure) 64M->64M(228M) 62.414ms
[2020-01-29T22:46:19.442+0300][312.282s][info][gc] GC(3388) Pause Young (Allocation Failure) 93M->93M(228M) 112.918ms
[2020-01-29T22:46:19.556+0300][312.395s][info][gc] GC(3389) Pause Young (Allocation Failure) 122M->122M(228M) 109.456ms
[2020-01-29T22:46:19.646+0300][312.486s][info][gc] GC(3390) Pause Young (Allocation Failure) 170M->170M(228M) 76.481ms
[2020-01-29T22:46:19.709+0300][312.549s][info][gc] GC(3391) Pause Full (Ergonomics) 170M->36M(228M) 63.122ms
[2020-01-29T22:46:19.772+0300][312.612s][info][gc] GC(3392) Pause Young (Allocation Failure) 65M->65M(228M) 59.152ms
[2020-01-29T22:46:19.884+0300][312.724s][info][gc] GC(3393) Pause Young (Allocation Failure) 94M->94M(228M) 107.936ms
[2020-01-29T22:46:20.003+0300][312.843s][info][gc] GC(3394) Pause Young (Allocation Failure) 123M->123M(228M) 115.405ms
[2020-01-29T22:46:20.137+0300][312.977s][info][gc] GC(3395) Pause Young (Allocation Failure) 171M->171M(228M) 119.519ms
[2020-01-29T22:46:20.225+0300][313.065s][info][gc] GC(3396) Pause Full (Ergonomics) 171M->37M(228M) 87.289ms
[2020-01-29T22:46:20.290+0300][313.130s][info][gc] GC(3397) Pause Young (Allocation Failure) 66M->66M(228M) 61.829ms
[2020-01-29T22:46:20.402+0300][313.243s][info][gc] GC(3398) Pause Young (Allocation Failure) 95M->95M(228M) 109.356ms
[2020-01-29T22:46:20.521+0300][313.361s][info][gc] GC(3399) Pause Young (Allocation Failure) 124M->124M(228M) 114.373ms
[2020-01-29T22:46:20.610+0300][313.450s][info][gc] GC(3400) Pause Young (Allocation Failure) 172M->172M(228M) 73.603ms
[2020-01-29T22:46:20.683+0300][313.523s][info][gc] GC(3401) Pause Full (Ergonomics) 172M->38M(228M) 72.506ms
[2020-01-29T22:46:20.749+0300][313.589s][info][gc] GC(3402) Pause Young (Allocation Failure) 67M->67M(228M) 62.279ms
[2020-01-29T22:46:20.865+0300][313.706s][info][gc] GC(3403) Pause Young (Allocation Failure) 96M->96M(228M) 113.572ms
[2020-01-29T22:46:20.985+0300][313.825s][info][gc] GC(3404) Pause Young (Allocation Failure) 125M->125M(228M) 115.720ms
[2020-01-29T22:46:21.071+0300][313.911s][info][gc] GC(3405) Pause Young (Allocation Failure) 173M->173M(228M) 71.456ms
[2020-01-29T22:46:21.152+0300][313.992s][info][gc] GC(3406) Pause Full (Ergonomics) 173M->40M(228M) 81.090ms
[2020-01-29T22:46:21.218+0300][314.058s][info][gc] GC(3407) Pause Young (Allocation Failure) 69M->69M(228M) 62.795ms
[2020-01-29T22:46:21.328+0300][314.168s][info][gc] GC(3408) Pause Young (Allocation Failure) 98M->98M(228M) 106.307ms
[2020-01-29T22:46:21.442+0300][314.282s][info][gc] GC(3409) Pause Young (Allocation Failure) 127M->127M(228M) 110.128ms
[2020-01-29T22:46:21.532+0300][314.373s][info][gc] GC(3410) Pause Young (Allocation Failure) 156M->156M(228M) 77.811ms
[2020-01-29T22:46:21.544+0300][314.385s][info][gc] GC(3411) Pause Full (Ergonomics) 156M->22M(228M) 11.892ms
[2020-01-29T22:46:21.606+0300][314.446s][info][gc] GC(3412) Pause Young (Allocation Failure) 51M->51M(228M) 57.461ms
[2020-01-29T22:46:21.715+0300][314.555s][info][gc] GC(3413) Pause Young (Allocation Failure) 80M->80M(228M) 104.839ms
[2020-01-29T22:46:21.833+0300][314.673s][info][gc] GC(3414) Pause Young (Allocation Failure) 109M->109M(228M) 114.351ms
[2020-01-29T22:46:21.954+0300][314.794s][info][gc] GC(3415) Pause Young (Allocation Failure) 157M->157M(228M) 106.736ms
[2020-01-29T22:46:21.974+0300][314.813s][info][gc] GC(3416) Pause Full (Ergonomics) 157M->23M(228M) 19.481ms
[2020-01-29T22:46:22.038+0300][314.878s][info][gc] GC(3417) Pause Young (Allocation Failure) 52M->52M(228M) 60.987ms
[2020-01-29T22:46:22.149+0300][314.990s][info][gc] GC(3418) Pause Young (Allocation Failure) 81M->81M(228M) 108.128ms
[2020-01-29T22:46:22.260+0300][315.099s][info][gc] GC(3419) Pause Young (Allocation Failure) 110M->110M(228M) 106.093ms
[2020-01-29T22:46:22.377+0300][315.217s][info][gc] GC(3420) Pause Young (Allocation Failure) 158M->158M(228M) 102.935ms
[2020-01-29T22:46:22.400+0300][315.240s][info][gc] GC(3421) Pause Full (Ergonomics) 158M->24M(228M) 22.801ms
[2020-01-29T22:46:22.460+0300][315.300s][info][gc] GC(3422) Pause Young (Allocation Failure) 53M->53M(228M) 56.405ms
[2020-01-29T22:46:22.572+0300][315.412s][info][gc] GC(3423) Pause Young (Allocation Failure) 82M->82M(228M) 107.270ms
[2020-01-29T22:46:22.692+0300][315.533s][info][gc] GC(3424) Pause Young (Allocation Failure) 111M->111M(228M) 117.556ms
[2020-01-29T22:46:22.807+0300][315.647s][info][gc] GC(3425) Pause Young (Allocation Failure) 159M->159M(228M) 99.550ms
[2020-01-29T22:46:22.834+0300][315.675s][info][gc] GC(3426) Pause Full (Ergonomics) 159M->25M(228M) 27.662ms
[2020-01-29T22:46:22.899+0300][315.739s][info][gc] GC(3427) Pause Young (Allocation Failure) 54M->54M(228M) 60.900ms
[2020-01-29T22:46:23.012+0300][315.852s][info][gc] GC(3428) Pause Young (Allocation Failure) 83M->83M(228M) 109.361ms
[2020-01-29T22:46:23.131+0300][315.971s][info][gc] GC(3429) Pause Young (Allocation Failure) 112M->113M(228M) 115.795ms
[2020-01-29T22:46:23.243+0300][316.084s][info][gc] GC(3430) Pause Young (Allocation Failure) 161M->161M(228M) 97.748ms
[2020-01-29T22:46:23.277+0300][316.117s][info][gc] GC(3431) Pause Full (Ergonomics) 161M->27M(228M) 32.730ms
[2020-01-29T22:46:23.341+0300][316.181s][info][gc] GC(3432) Pause Young (Allocation Failure) 56M->56M(228M) 60.696ms
[2020-01-29T22:46:23.458+0300][316.298s][info][gc] GC(3433) Pause Young (Allocation Failure) 85M->85M(228M) 113.528ms
[2020-01-29T22:46:23.576+0300][316.416s][info][gc] GC(3434) Pause Young (Allocation Failure) 114M->114M(228M) 114.385ms
[2020-01-29T22:46:23.688+0300][316.528s][info][gc] GC(3435) Pause Young (Allocation Failure) 162M->162M(228M) 97.135ms
[2020-01-29T22:46:23.723+0300][316.563s][info][gc] GC(3436) Pause Full (Ergonomics) 162M->28M(228M) 34.710ms
[2020-01-29T22:46:23.790+0300][316.630s][info][gc] GC(3437) Pause Young (Allocation Failure) 57M->57M(228M) 63.225ms
[2020-01-29T22:46:23.900+0300][316.740s][info][gc] GC(3438) Pause Young (Allocation Failure) 86M->86M(228M) 106.933ms
[2020-01-29T22:46:24.014+0300][316.854s][info][gc] GC(3439) Pause Young (Allocation Failure) 115M->115M(228M) 110.371ms
[2020-01-29T22:46:24.117+0300][316.957s][info][gc] GC(3440) Pause Young (Allocation Failure) 163M->163M(228M) 87.191ms
[2020-01-29T22:46:24.159+0300][317.000s][info][gc] GC(3441) Pause Full (Ergonomics) 163M->29M(228M) 42.619ms
[2020-01-29T22:46:24.227+0300][317.067s][info][gc] GC(3442) Pause Young (Allocation Failure) 58M->58M(228M) 64.147ms
[2020-01-29T22:46:24.344+0300][317.184s][info][gc] GC(3443) Pause Young (Allocation Failure) 87M->87M(228M) 112.924ms
[2020-01-29T22:46:24.466+0300][317.306s][info][gc] GC(3444) Pause Young (Allocation Failure) 116M->116M(228M) 118.678ms
[2020-01-29T22:46:24.573+0300][317.414s][info][gc] GC(3445) Pause Young (Allocation Failure) 164M->164M(228M) 92.471ms
[2020-01-29T22:46:24.619+0300][317.459s][info][gc] GC(3446) Pause Full (Ergonomics) 164M->30M(228M) 45.245ms
[2020-01-29T22:46:24.683+0300][317.523s][info][gc] GC(3447) Pause Young (Allocation Failure) 59M->59M(228M) 60.182ms
[2020-01-29T22:46:24.799+0300][317.639s][info][gc] GC(3448) Pause Young (Allocation Failure) 88M->88M(228M) 112.973ms
[2020-01-29T22:46:24.910+0300][317.750s][info][gc] GC(3449) Pause Young (Allocation Failure) 117M->118M(228M) 107.197ms
[2020-01-29T22:46:25.009+0300][317.849s][info][gc] GC(3450) Pause Young (Allocation Failure) 166M->166M(228M) 83.959ms
[2020-01-29T22:46:25.059+0300][317.900s][info][gc] GC(3451) Pause Full (Ergonomics) 166M->32M(228M) 50.453ms
[2020-01-29T22:46:25.125+0300][317.965s][info][gc] GC(3452) Pause Young (Allocation Failure) 61M->61M(228M) 61.916ms
[2020-01-29T22:46:25.246+0300][318.085s][info][gc] GC(3453) Pause Young (Allocation Failure) 90M->90M(228M) 116.682ms
[2020-01-29T22:46:25.361+0300][318.202s][info][gc] GC(3454) Pause Young (Allocation Failure) 119M->119M(228M) 112.662ms
[2020-01-29T22:46:25.456+0300][318.296s][info][gc] GC(3455) Pause Young (Allocation Failure) 167M->167M(228M) 80.053ms
[2020-01-29T22:46:25.511+0300][318.351s][info][gc] GC(3456) Pause Full (Ergonomics) 167M->33M(228M) 55.016ms
[2020-01-29T22:46:25.575+0300][318.416s][info][gc] GC(3457) Pause Young (Allocation Failure) 62M->62M(228M) 60.990ms
[2020-01-29T22:46:25.688+0300][318.528s][info][gc] GC(3458) Pause Young (Allocation Failure) 91M->91M(228M) 108.938ms
[2020-01-29T22:46:25.802+0300][318.642s][info][gc] GC(3459) Pause Young (Allocation Failure) 120M->120M(228M) 109.674ms
[2020-01-29T22:46:25.893+0300][318.734s][info][gc] GC(3460) Pause Young (Allocation Failure) 168M->168M(228M) 77.200ms
[2020-01-29T22:46:25.950+0300][318.790s][info][gc] GC(3461) Pause Full (Ergonomics) 168M->34M(228M) 56.582ms
[2020-01-29T22:46:26.011+0300][318.851s][info][gc] GC(3462) Pause Young (Allocation Failure) 63M->63M(228M) 56.680ms
[2020-01-29T22:46:26.123+0300][318.962s][info][gc] GC(3463) Pause Young (Allocation Failure) 92M->92M(228M) 108.137ms
[2020-01-29T22:46:26.249+0300][319.090s][info][gc] GC(3464) Pause Young (Allocation Failure) 121M->121M(228M) 123.717ms
[2020-01-29T22:46:26.341+0300][319.181s][info][gc] GC(3465) Pause Young (Allocation Failure) 169M->169M(228M) 76.475ms
[2020-01-29T22:46:26.402+0300][319.242s][info][gc] GC(3466) Pause Full (Ergonomics) 169M->35M(228M) 61.459ms
[2020-01-29T22:46:26.469+0300][319.309s][info][gc] GC(3467) Pause Young (Allocation Failure) 64M->64M(228M) 62.657ms
[2020-01-29T22:46:26.590+0300][319.429s][info][gc] GC(3468) Pause Young (Allocation Failure) 93M->93M(228M) 116.465ms
[2020-01-29T22:46:26.706+0300][319.546s][info][gc] GC(3469) Pause Young (Allocation Failure) 122M->122M(228M) 113.112ms
[2020-01-29T22:46:26.794+0300][319.634s][info][gc] GC(3470) Pause Young (Allocation Failure) 171M->171M(228M) 73.812ms
[2020-01-29T22:46:26.864+0300][319.704s][info][gc] GC(3471) Pause Full (Ergonomics) 171M->37M(228M) 69.445ms
[2020-01-29T22:46:26.930+0300][319.769s][info][gc] GC(3472) Pause Young (Allocation Failure) 66M->66M(228M) 61.791ms
[2020-01-29T22:46:27.038+0300][319.878s][info][gc] GC(3473) Pause Young (Allocation Failure) 95M->95M(228M) 105.120ms
[2020-01-29T22:46:27.148+0300][319.988s][info][gc] GC(3474) Pause Young (Allocation Failure) 124M->124M(228M) 106.384ms
[2020-01-29T22:46:27.231+0300][320.072s][info][gc] GC(3475) Pause Young (Allocation Failure) 172M->172M(228M) 69.284ms
[2020-01-29T22:46:27.304+0300][320.144s][info][gc] GC(3476) Pause Full (Ergonomics) 172M->38M(228M) 71.992ms
[2020-01-29T22:46:27.369+0300][320.209s][info][gc] GC(3477) Pause Young (Allocation Failure) 67M->67M(228M) 61.950ms
[2020-01-29T22:46:27.479+0300][320.319s][info][gc] GC(3478) Pause Young (Allocation Failure) 96M->96M(228M) 106.260ms
[2020-01-29T22:46:27.597+0300][320.437s][info][gc] GC(3479) Pause Young (Allocation Failure) 125M->125M(228M) 113.762ms
[2020-01-29T22:46:27.734+0300][320.574s][info][gc] GC(3480) Pause Young (Allocation Failure) 173M->173M(228M) 123.065ms
[2020-01-29T22:46:27.829+0300][320.669s][info][gc] GC(3481) Pause Full (Ergonomics) 173M->39M(228M) 94.473ms
[2020-01-29T22:46:27.894+0300][320.734s][info][gc] GC(3482) Pause Young (Allocation Failure) 68M->68M(228M) 61.613ms
[2020-01-29T22:46:28.013+0300][320.853s][info][gc] GC(3483) Pause Young (Allocation Failure) 97M->97M(228M) 115.474ms
[2020-01-29T22:46:28.124+0300][320.964s][info][gc] GC(3484) Pause Young (Allocation Failure) 126M->126M(228M) 107.430ms
[2020-01-29T22:46:28.216+0300][321.056s][info][gc] GC(3485) Pause Young (Allocation Failure) 155M->155M(228M) 78.893ms
[2020-01-29T22:46:28.227+0300][321.066s][info][gc] GC(3486) Pause Full (Ergonomics) 155M->22M(228M) 10.715ms
[2020-01-29T22:46:28.289+0300][321.130s][info][gc] GC(3487) Pause Young (Allocation Failure) 51M->51M(228M) 59.843ms
[2020-01-29T22:46:28.398+0300][321.238s][info][gc] GC(3488) Pause Young (Allocation Failure) 80M->80M(228M) 104.856ms
[2020-01-29T22:46:28.514+0300][321.354s][info][gc] GC(3489) Pause Young (Allocation Failure) 109M->109M(228M) 112.145ms
[2020-01-29T22:46:28.645+0300][321.484s][info][gc] GC(3490) Pause Young (Allocation Failure) 157M->157M(228M) 115.018ms
[2020-01-29T22:46:28.664+0300][321.505s][info][gc] GC(3491) Pause Full (Ergonomics) 157M->23M(228M) 20.521ms
[2020-01-29T22:46:28.729+0300][321.568s][info][gc] GC(3492) Pause Young (Allocation Failure) 52M->52M(228M) 59.721ms
[2020-01-29T22:46:28.837+0300][321.677s][info][gc] GC(3493) Pause Young (Allocation Failure) 81M->81M(228M) 105.052ms
[2020-01-29T22:46:28.949+0300][321.789s][info][gc] GC(3494) Pause Young (Allocation Failure) 110M->110M(228M) 108.482ms
[2020-01-29T22:46:29.078+0300][321.918s][info][gc] GC(3495) Pause Young (Allocation Failure) 158M->158M(228M) 114.284ms
[2020-01-29T22:46:29.109+0300][321.948s][info][gc] GC(3496) Pause Full (Ergonomics) 158M->24M(228M) 30.170ms
[2020-01-29T22:46:29.172+0300][322.012s][info][gc] GC(3497) Pause Young (Allocation Failure) 53M->53M(228M) 60.092ms
[2020-01-29T22:46:29.281+0300][322.121s][info][gc] GC(3498) Pause Young (Allocation Failure) 82M->82M(228M) 105.342ms
[2020-01-29T22:46:29.393+0300][322.233s][info][gc] GC(3499) Pause Young (Allocation Failure) 111M->111M(228M) 107.837ms
[2020-01-29T22:46:29.512+0300][322.352s][info][gc] GC(3500) Pause Young (Allocation Failure) 159M->159M(228M) 103.850ms
[2020-01-29T22:46:29.540+0300][322.380s][info][gc] GC(3501) Pause Full (Ergonomics) 159M->25M(228M) 28.035ms
[2020-01-29T22:46:29.604+0300][322.444s][info][gc] GC(3502) Pause Young (Allocation Failure) 54M->54M(228M) 60.406ms
[2020-01-29T22:46:29.713+0300][322.553s][info][gc] GC(3503) Pause Young (Allocation Failure) 83M->83M(228M) 105.353ms
[2020-01-29T22:46:29.829+0300][322.670s][info][gc] GC(3504) Pause Young (Allocation Failure) 112M->112M(228M) 113.139ms
[2020-01-29T22:46:29.938+0300][322.778s][info][gc] GC(3505) Pause Young (Allocation Failure) 160M->160M(228M) 94.008ms
[2020-01-29T22:46:29.969+0300][322.809s][info][gc] GC(3506) Pause Full (Ergonomics) 160M->26M(228M) 30.566ms
[2020-01-29T22:46:30.039+0300][322.878s][info][gc] GC(3507) Pause Young (Allocation Failure) 55M->55M(228M) 65.774ms
[2020-01-29T22:46:30.154+0300][322.993s][info][gc] GC(3508) Pause Young (Allocation Failure) 84M->84M(228M) 111.356ms
[2020-01-29T22:46:30.264+0300][323.104s][info][gc] GC(3509) Pause Young (Allocation Failure) 113M->113M(228M) 107.496ms
[2020-01-29T22:46:30.404+0300][323.244s][info][gc] GC(3510) Pause Young (Allocation Failure) 162M->162M(228M) 125.010ms
[2020-01-29T22:46:30.451+0300][323.292s][info][gc] GC(3511) Pause Full (Ergonomics) 162M->28M(228M) 47.051ms
[2020-01-29T22:46:30.517+0300][323.356s][info][gc] GC(3512) Pause Young (Allocation Failure) 57M->57M(228M) 61.137ms
[2020-01-29T22:46:30.632+0300][323.472s][info][gc] GC(3513) Pause Young (Allocation Failure) 86M->86M(228M) 111.781ms
[2020-01-29T22:46:30.768+0300][323.608s][info][gc] GC(3514) Pause Young (Allocation Failure) 115M->115M(228M) 132.029ms
[2020-01-29T22:46:30.876+0300][323.716s][info][gc] GC(3515) Pause Young (Allocation Failure) 163M->163M(228M) 93.744ms
[2020-01-29T22:46:30.916+0300][323.757s][info][gc] GC(3516) Pause Full (Ergonomics) 163M->29M(228M) 40.847ms
[2020-01-29T22:46:30.980+0300][323.820s][info][gc] GC(3517) Pause Young (Allocation Failure) 58M->58M(228M) 59.747ms
[2020-01-29T22:46:31.092+0300][323.932s][info][gc] GC(3518) Pause Young (Allocation Failure) 87M->87M(228M) 108.534ms
[2020-01-29T22:46:31.211+0300][324.051s][info][gc] GC(3519) Pause Young (Allocation Failure) 116M->116M(228M) 115.240ms
[2020-01-29T22:46:31.353+0300][324.194s][info][gc] GC(3520) Pause Young (Allocation Failure) 164M->164M(228M) 127.568ms
[2020-01-29T22:46:31.410+0300][324.250s][info][gc] GC(3521) Pause Full (Ergonomics) 164M->30M(228M) 55.877ms
[2020-01-29T22:46:31.471+0300][324.311s][info][gc] GC(3522) Pause Young (Allocation Failure) 59M->59M(228M) 57.449ms
[2020-01-29T22:46:31.581+0300][324.421s][info][gc] GC(3523) Pause Young (Allocation Failure) 88M->88M(228M) 107.039ms
[2020-01-29T22:46:31.694+0300][324.534s][info][gc] GC(3524) Pause Young (Allocation Failure) 117M->117M(228M) 109.066ms
[2020-01-29T22:46:31.794+0300][324.634s][info][gc] GC(3525) Pause Young (Allocation Failure) 165M->165M(228M) 84.235ms
[2020-01-29T22:46:31.844+0300][324.684s][info][gc] GC(3526) Pause Full (Ergonomics) 165M->31M(228M) 49.988ms
[2020-01-29T22:46:31.909+0300][324.749s][info][gc] GC(3527) Pause Young (Allocation Failure) 60M->60M(228M) 61.915ms
[2020-01-29T22:46:32.028+0300][324.868s][info][gc] GC(3528) Pause Young (Allocation Failure) 89M->89M(228M) 114.628ms
[2020-01-29T22:46:32.141+0300][324.980s][info][gc] GC(3529) Pause Young (Allocation Failure) 118M->118M(228M) 109.258ms
[2020-01-29T22:46:32.269+0300][325.109s][info][gc] GC(3530) Pause Young (Allocation Failure) 166M->167M(228M) 113.547ms
[2020-01-29T22:46:32.336+0300][325.176s][info][gc] GC(3531) Pause Full (Ergonomics) 167M->33M(228M) 66.444ms
[2020-01-29T22:46:32.402+0300][325.242s][info][gc] GC(3532) Pause Young (Allocation Failure) 62M->62M(228M) 62.367ms
[2020-01-29T22:46:32.512+0300][325.352s][info][gc] GC(3533) Pause Young (Allocation Failure) 91M->91M(228M) 106.403ms
[2020-01-29T22:46:32.616+0300][325.457s][info][gc] GC(3534) Pause Young (Allocation Failure) 120M->120M(228M) 100.912ms
[2020-01-29T22:46:32.710+0300][325.551s][info][gc] GC(3535) Pause Young (Allocation Failure) 168M->168M(228M) 79.231ms
[2020-01-29T22:46:32.767+0300][325.607s][info][gc] GC(3536) Pause Full (Ergonomics) 168M->34M(228M) 56.422ms
[2020-01-29T22:46:32.832+0300][325.672s][info][gc] GC(3537) Pause Young (Allocation Failure) 63M->63M(228M) 60.987ms
[2020-01-29T22:46:32.949+0300][325.789s][info][gc] GC(3538) Pause Young (Allocation Failure) 92M->92M(228M) 113.291ms
[2020-01-29T22:46:33.061+0300][325.902s][info][gc] GC(3539) Pause Young (Allocation Failure) 121M->121M(228M) 107.586ms
[2020-01-29T22:46:33.155+0300][325.995s][info][gc] GC(3540) Pause Young (Allocation Failure) 169M->169M(228M) 78.358ms
[2020-01-29T22:46:33.219+0300][326.059s][info][gc] GC(3541) Pause Full (Ergonomics) 169M->35M(228M) 64.398ms
[2020-01-29T22:46:33.286+0300][326.126s][info][gc] GC(3542) Pause Young (Allocation Failure) 64M->64M(228M) 63.272ms
[2020-01-29T22:46:33.400+0300][326.240s][info][gc] GC(3543) Pause Young (Allocation Failure) 93M->93M(228M) 109.451ms
[2020-01-29T22:46:33.546+0300][326.386s][info][gc] GC(3544) Pause Young (Allocation Failure) 122M->122M(228M) 141.604ms
[2020-01-29T22:46:33.677+0300][326.517s][info][gc] GC(3545) Pause Young (Allocation Failure) 170M->170M(228M) 116.475ms
[2020-01-29T22:46:33.758+0300][326.598s][info][gc] GC(3546) Pause Full (Ergonomics) 170M->36M(228M) 80.523ms
[2020-01-29T22:46:33.825+0300][326.665s][info][gc] GC(3547) Pause Young (Allocation Failure) 65M->65M(228M) 63.904ms
[2020-01-29T22:46:33.944+0300][326.784s][info][gc] GC(3548) Pause Young (Allocation Failure) 94M->94M(228M) 115.191ms
[2020-01-29T22:46:34.062+0300][326.902s][info][gc] GC(3549) Pause Young (Allocation Failure) 123M->123M(228M) 113.795ms
[2020-01-29T22:46:34.151+0300][326.992s][info][gc] GC(3550) Pause Young (Allocation Failure) 171M->171M(228M) 74.580ms
[2020-01-29T22:46:34.227+0300][327.068s][info][gc] GC(3551) Pause Full (Ergonomics) 171M->37M(228M) 75.831ms
[2020-01-29T22:46:34.295+0300][327.135s][info][gc] GC(3552) Pause Young (Allocation Failure) 66M->66M(228M) 64.095ms
[2020-01-29T22:46:34.401+0300][327.240s][info][gc] GC(3553) Pause Young (Allocation Failure) 95M->96M(228M) 101.293ms
[2020-01-29T22:46:34.517+0300][327.358s][info][gc] GC(3554) Pause Young (Allocation Failure) 125M->125M(228M) 113.530ms
[2020-01-29T22:46:34.647+0300][327.487s][info][gc] GC(3555) Pause Young (Allocation Failure) 173M->173M(228M) 114.362ms
[2020-01-29T22:46:34.736+0300][327.576s][info][gc] GC(3556) Pause Full (Ergonomics) 173M->39M(228M) 88.529ms
[2020-01-29T22:46:34.800+0300][327.640s][info][gc] GC(3557) Pause Young (Allocation Failure) 68M->68M(228M) 60.118ms
[2020-01-29T22:46:34.913+0300][327.753s][info][gc] GC(3558) Pause Young (Allocation Failure) 97M->97M(228M) 109.531ms
[2020-01-29T22:46:35.031+0300][327.871s][info][gc] GC(3559) Pause Young (Allocation Failure) 126M->126M(228M) 114.410ms
[2020-01-29T22:46:35.123+0300][327.963s][info][gc] GC(3560) Pause Young (Allocation Failure) 155M->155M(228M) 79.380ms
[2020-01-29T22:46:35.132+0300][327.972s][info][gc] GC(3561) Pause Full (Ergonomics) 155M->21M(228M) 9.246ms
[2020-01-29T22:46:35.200+0300][328.039s][info][gc] GC(3562) Pause Young (Allocation Failure) 50M->50M(228M) 63.423ms
[2020-01-29T22:46:35.315+0300][328.156s][info][gc] GC(3563) Pause Young (Allocation Failure) 79M->79M(228M) 112.876ms
[2020-01-29T22:46:35.424+0300][328.264s][info][gc] GC(3564) Pause Young (Allocation Failure) 108M->108M(228M) 104.488ms
[2020-01-29T22:46:35.546+0300][328.386s][info][gc] GC(3565) Pause Young (Allocation Failure) 156M->157M(228M) 107.714ms
[2020-01-29T22:46:35.564+0300][328.404s][info][gc] GC(3566) Pause Full (Ergonomics) 157M->22M(228M) 17.639ms
[2020-01-29T22:46:35.627+0300][328.467s][info][gc] GC(3567) Pause Young (Allocation Failure) 51M->51M(228M) 58.987ms
[2020-01-29T22:46:35.737+0300][328.577s][info][gc] GC(3568) Pause Young (Allocation Failure) 80M->80M(228M) 106.631ms
[2020-01-29T22:46:35.853+0300][328.693s][info][gc] GC(3569) Pause Young (Allocation Failure) 109M->109M(228M) 112.406ms
[2020-01-29T22:46:36.025+0300][328.866s][info][gc] GC(3570) Pause Young (Allocation Failure) 157M->157M(228M) 157.255ms
[2020-01-29T22:46:36.044+0300][328.885s][info][gc] GC(3571) Pause Full (Ergonomics) 157M->23M(228M) 18.912ms
[2020-01-29T22:46:36.129+0300][328.970s][info][gc] GC(3572) Pause Young (Allocation Failure) 52M->52M(228M) 72.388ms
[2020-01-29T22:46:36.251+0300][329.091s][info][gc] GC(3573) Pause Young (Allocation Failure) 81M->81M(228M) 117.551ms
[2020-01-29T22:46:36.370+0300][329.209s][info][gc] GC(3574) Pause Young (Allocation Failure) 110M->111M(228M) 114.994ms
[2020-01-29T22:46:36.490+0300][329.330s][info][gc] GC(3575) Pause Young (Allocation Failure) 159M->159M(228M) 106.076ms
[2020-01-29T22:46:36.514+0300][329.354s][info][gc] GC(3576) Pause Full (Ergonomics) 159M->25M(228M) 24.129ms
[2020-01-29T22:46:36.580+0300][329.421s][info][gc] GC(3577) Pause Young (Allocation Failure) 54M->54M(228M) 62.175ms
[2020-01-29T22:46:36.707+0300][329.548s][info][gc] GC(3578) Pause Young (Allocation Failure) 83M->83M(228M) 123.426ms
[2020-01-29T22:46:36.830+0300][329.670s][info][gc] GC(3579) Pause Young (Allocation Failure) 112M->112M(228M) 118.259ms
[2020-01-29T22:46:36.964+0300][329.805s][info][gc] GC(3580) Pause Young (Allocation Failure) 160M->160M(228M) 120.200ms
[2020-01-29T22:46:37.000+0300][329.840s][info][gc] GC(3581) Pause Full (Ergonomics) 160M->26M(228M) 35.256ms
[2020-01-29T22:46:37.064+0300][329.904s][info][gc] GC(3582) Pause Young (Allocation Failure) 55M->55M(228M) 59.798ms
[2020-01-29T22:46:37.180+0300][330.020s][info][gc] GC(3583) Pause Young (Allocation Failure) 84M->84M(228M) 112.855ms
[2020-01-29T22:46:37.292+0300][330.132s][info][gc] GC(3584) Pause Young (Allocation Failure) 113M->113M(228M) 108.132ms
[2020-01-29T22:46:37.398+0300][330.239s][info][gc] GC(3585) Pause Young (Allocation Failure) 161M->161M(228M) 92.505ms
[2020-01-29T22:46:37.434+0300][330.275s][info][gc] GC(3586) Pause Full (Ergonomics) 161M->27M(228M) 35.728ms
[2020-01-29T22:46:37.501+0300][330.340s][info][gc] GC(3587) Pause Young (Allocation Failure) 56M->56M(228M) 61.937ms
[2020-01-29T22:46:37.613+0300][330.453s][info][gc] GC(3588) Pause Young (Allocation Failure) 85M->85M(228M) 109.233ms
[2020-01-29T22:46:37.729+0300][330.569s][info][gc] GC(3589) Pause Young (Allocation Failure) 114M->114M(228M) 112.165ms
[2020-01-29T22:46:37.866+0300][330.705s][info][gc] GC(3590) Pause Young (Allocation Failure) 162M->162M(228M) 121.308ms
[2020-01-29T22:46:37.915+0300][330.756s][info][gc] GC(3591) Pause Full (Ergonomics) 162M->28M(228M) 50.039ms
[2020-01-29T22:46:37.980+0300][330.820s][info][gc] GC(3592) Pause Young (Allocation Failure) 57M->57M(228M) 60.912ms
[2020-01-29T22:46:38.093+0300][330.933s][info][gc] GC(3593) Pause Young (Allocation Failure) 86M->86M(228M) 109.602ms
[2020-01-29T22:46:38.206+0300][331.046s][info][gc] GC(3594) Pause Young (Allocation Failure) 115M->115M(228M) 108.932ms
[2020-01-29T22:46:38.340+0300][331.180s][info][gc] GC(3595) Pause Young (Allocation Failure) 163M->164M(228M) 117.946ms
[2020-01-29T22:46:38.395+0300][331.235s][info][gc] GC(3596) Pause Full (Ergonomics) 164M->30M(228M) 54.704ms
[2020-01-29T22:46:38.461+0300][331.301s][info][gc] GC(3597) Pause Young (Allocation Failure) 59M->59M(228M) 62.992ms
[2020-01-29T22:46:38.577+0300][331.417s][info][gc] GC(3598) Pause Young (Allocation Failure) 88M->88M(228M) 112.491ms
[2020-01-29T22:46:38.694+0300][331.534s][info][gc] GC(3599) Pause Young (Allocation Failure) 117M->117M(228M) 112.881ms
[2020-01-29T22:46:38.826+0300][331.666s][info][gc] GC(3600) Pause Young (Allocation Failure) 165M->165M(228M) 116.916ms
[2020-01-29T22:46:38.885+0300][331.725s][info][gc] GC(3601) Pause Full (Ergonomics) 165M->31M(228M) 58.867ms
[2020-01-29T22:46:38.957+0300][331.796s][info][gc] GC(3602) Pause Young (Allocation Failure) 60M->60M(228M) 67.592ms
[2020-01-29T22:46:39.081+0300][331.921s][info][gc] GC(3603) Pause Young (Allocation Failure) 89M->89M(228M) 121.171ms
[2020-01-29T22:46:39.202+0300][332.043s][info][gc] GC(3604) Pause Young (Allocation Failure) 118M->118M(228M) 117.419ms
[2020-01-29T22:46:39.365+0300][332.205s][info][gc] GC(3605) Pause Young (Allocation Failure) 166M->166M(228M) 147.788ms
[2020-01-29T22:46:39.432+0300][332.272s][info][gc] GC(3606) Pause Full (Ergonomics) 166M->32M(228M) 66.799ms
[2020-01-29T22:46:39.496+0300][332.336s][info][gc] GC(3607) Pause Young (Allocation Failure) 61M->61M(228M) 58.760ms
[2020-01-29T22:46:39.611+0300][332.451s][info][gc] GC(3608) Pause Young (Allocation Failure) 90M->90M(228M) 110.497ms
[2020-01-29T22:46:39.742+0300][332.582s][info][gc] GC(3609) Pause Young (Allocation Failure) 119M->119M(228M) 127.370ms
[2020-01-29T22:46:39.881+0300][332.721s][info][gc] GC(3610) Pause Young (Allocation Failure) 167M->167M(228M) 123.401ms
[2020-01-29T22:46:39.951+0300][332.791s][info][gc] GC(3611) Pause Full (Ergonomics) 167M->33M(228M) 69.597ms
[2020-01-29T22:46:40.016+0300][332.856s][info][gc] GC(3612) Pause Young (Allocation Failure) 62M->62M(228M) 61.417ms
[2020-01-29T22:46:40.134+0300][332.974s][info][gc] GC(3613) Pause Young (Allocation Failure) 91M->91M(228M) 114.534ms
[2020-01-29T22:46:40.248+0300][333.088s][info][gc] GC(3614) Pause Young (Allocation Failure) 120M->120M(228M) 110.827ms
[2020-01-29T22:46:40.383+0300][333.223s][info][gc] GC(3615) Pause Young (Allocation Failure) 168M->169M(228M) 120.011ms
[2020-01-29T22:46:40.460+0300][333.300s][info][gc] GC(3616) Pause Full (Ergonomics) 169M->35M(228M) 76.621ms
[2020-01-29T22:46:40.525+0300][333.365s][info][gc] GC(3617) Pause Young (Allocation Failure) 64M->64M(228M) 61.703ms
[2020-01-29T22:46:40.641+0300][333.481s][info][gc] GC(3618) Pause Young (Allocation Failure) 93M->93M(228M) 112.200ms
[2020-01-29T22:46:40.756+0300][333.597s][info][gc] GC(3619) Pause Young (Allocation Failure) 122M->122M(228M) 111.770ms
[2020-01-29T22:46:40.845+0300][333.685s][info][gc] GC(3620) Pause Young (Allocation Failure) 170M->170M(228M) 73.224ms
[2020-01-29T22:46:40.904+0300][333.744s][info][gc] GC(3621) Pause Full (Ergonomics) 170M->36M(228M) 59.189ms
[2020-01-29T22:46:40.960+0300][333.800s][info][gc] GC(3622) Pause Young (Allocation Failure) 65M->65M(228M) 51.746ms
[2020-01-29T22:46:41.072+0300][333.912s][info][gc] GC(3623) Pause Young (Allocation Failure) 94M->94M(228M) 108.608ms
[2020-01-29T22:46:41.188+0300][334.029s][info][gc] GC(3624) Pause Young (Allocation Failure) 123M->123M(228M) 112.975ms
[2020-01-29T22:46:41.274+0300][334.114s][info][gc] GC(3625) Pause Young (Allocation Failure) 171M->171M(228M) 71.039ms
[2020-01-29T22:46:41.344+0300][334.184s][info][gc] GC(3626) Pause Full (Ergonomics) 171M->37M(228M) 69.086ms
[2020-01-29T22:46:41.411+0300][334.251s][info][gc] GC(3627) Pause Young (Allocation Failure) 66M->66M(228M) 63.080ms
[2020-01-29T22:46:41.520+0300][334.360s][info][gc] GC(3628) Pause Young (Allocation Failure) 95M->95M(228M) 105.815ms
[2020-01-29T22:46:41.641+0300][334.481s][info][gc] GC(3629) Pause Young (Allocation Failure) 124M->124M(228M) 117.308ms
[2020-01-29T22:46:41.778+0300][334.618s][info][gc] GC(3630) Pause Young (Allocation Failure) 172M->172M(228M) 122.308ms
[2020-01-29T22:46:41.875+0300][334.715s][info][gc] GC(3631) Pause Full (Ergonomics) 172M->38M(228M) 96.785ms
[2020-01-29T22:46:41.941+0300][334.780s][info][gc] GC(3632) Pause Young (Allocation Failure) 67M->67M(228M) 61.389ms
[2020-01-29T22:46:42.058+0300][334.898s][info][gc] GC(3633) Pause Young (Allocation Failure) 96M->96M(228M) 114.037ms
[2020-01-29T22:46:42.160+0300][335.000s][info][gc] GC(3634) Pause Young (Allocation Failure) 125M->125M(228M) 97.978ms
[2020-01-29T22:46:42.244+0300][335.084s][info][gc] GC(3635) Pause Young (Allocation Failure) 173M->173M(228M) 69.832ms
[2020-01-29T22:46:42.317+0300][335.158s][info][gc] GC(3636) Pause Full (Ergonomics) 173M->40M(228M) 73.864ms
[2020-01-29T22:46:42.380+0300][335.220s][info][gc] GC(3637) Pause Young (Allocation Failure) 69M->68M(228M) 58.352ms
[2020-01-29T22:46:42.498+0300][335.337s][info][gc] GC(3638) Pause Young (Allocation Failure) 97M->98M(228M) 114.103ms
[2020-01-29T22:46:42.614+0300][335.454s][info][gc] GC(3639) Pause Young (Allocation Failure) 127M->127M(228M) 113.446ms
[2020-01-29T22:46:42.703+0300][335.543s][info][gc] GC(3640) Pause Young (Allocation Failure) 156M->156M(228M) 76.639ms
[2020-01-29T22:46:42.715+0300][335.555s][info][gc] GC(3641) Pause Full (Ergonomics) 156M->22M(228M) 11.742ms
[2020-01-29T22:46:42.779+0300][335.619s][info][gc] GC(3642) Pause Young (Allocation Failure) 51M->51M(228M) 60.183ms
[2020-01-29T22:46:42.895+0300][335.734s][info][gc] GC(3643) Pause Young (Allocation Failure) 80M->80M(228M) 111.603ms
[2020-01-29T22:46:43.011+0300][335.851s][info][gc] GC(3644) Pause Young (Allocation Failure) 109M->109M(228M) 113.414ms
[2020-01-29T22:46:43.132+0300][335.972s][info][gc] GC(3645) Pause Young (Allocation Failure) 157M->157M(228M) 106.618ms
[2020-01-29T22:46:43.151+0300][335.991s][info][gc] GC(3646) Pause Full (Ergonomics) 157M->23M(228M) 18.700ms
[2020-01-29T22:46:43.215+0300][336.055s][info][gc] GC(3647) Pause Young (Allocation Failure) 52M->52M(228M) 60.468ms
[2020-01-29T22:46:43.333+0300][336.173s][info][gc] GC(3648) Pause Young (Allocation Failure) 81M->81M(228M) 114.490ms
[2020-01-29T22:46:43.449+0300][336.289s][info][gc] GC(3649) Pause Young (Allocation Failure) 110M->110M(228M) 111.987ms
[2020-01-29T22:46:43.571+0300][336.411s][info][gc] GC(3650) Pause Young (Allocation Failure) 158M->158M(228M) 107.063ms
[2020-01-29T22:46:43.596+0300][336.436s][info][gc] GC(3651) Pause Full (Ergonomics) 158M->24M(228M) 25.024ms
[2020-01-29T22:46:43.659+0300][336.499s][info][gc] GC(3652) Pause Young (Allocation Failure) 53M->53M(228M) 58.519ms
[2020-01-29T22:46:43.773+0300][336.613s][info][gc] GC(3653) Pause Young (Allocation Failure) 82M->82M(228M) 111.222ms
[2020-01-29T22:46:43.888+0300][336.728s][info][gc] GC(3654) Pause Young (Allocation Failure) 111M->111M(228M) 110.736ms
[2020-01-29T22:46:43.999+0300][336.839s][info][gc] GC(3655) Pause Young (Allocation Failure) 159M->159M(228M) 96.327ms
[2020-01-29T22:46:44.028+0300][336.868s][info][gc] GC(3656) Pause Full (Ergonomics) 159M->25M(228M) 29.112ms
[2020-01-29T22:46:44.096+0300][336.936s][info][gc] GC(3657) Pause Young (Allocation Failure) 54M->54M(228M) 64.126ms
[2020-01-29T22:46:44.212+0300][337.052s][info][gc] GC(3658) Pause Young (Allocation Failure) 83M->83M(228M) 111.885ms
[2020-01-29T22:46:44.330+0300][337.170s][info][gc] GC(3659) Pause Young (Allocation Failure) 112M->113M(228M) 115.190ms
[2020-01-29T22:46:44.437+0300][337.277s][info][gc] GC(3660) Pause Young (Allocation Failure) 161M->161M(228M) 91.614ms
[2020-01-29T22:46:44.469+0300][337.309s][info][gc] GC(3661) Pause Full (Ergonomics) 161M->27M(228M) 32.247ms
[2020-01-29T22:46:44.535+0300][337.375s][info][gc] GC(3662) Pause Young (Allocation Failure) 56M->56M(228M) 61.663ms
[2020-01-29T22:46:44.642+0300][337.481s][info][gc] GC(3663) Pause Young (Allocation Failure) 85M->85M(228M) 103.005ms
[2020-01-29T22:46:44.753+0300][337.594s][info][gc] GC(3664) Pause Young (Allocation Failure) 114M->114M(228M) 108.785ms
[2020-01-29T22:46:44.860+0300][337.700s][info][gc] GC(3665) Pause Young (Allocation Failure) 162M->162M(228M) 92.041ms
[2020-01-29T22:46:44.898+0300][337.738s][info][gc] GC(3666) Pause Full (Ergonomics) 162M->28M(228M) 37.858ms
[2020-01-29T22:46:44.963+0300][337.803s][info][gc] GC(3667) Pause Young (Allocation Failure) 57M->57M(228M) 60.783ms
[2020-01-29T22:46:45.078+0300][337.918s][info][gc] GC(3668) Pause Young (Allocation Failure) 86M->86M(228M) 111.764ms
[2020-01-29T22:46:45.191+0300][338.031s][info][gc] GC(3669) Pause Young (Allocation Failure) 115M->115M(228M) 109.081ms
[2020-01-29T22:46:45.294+0300][338.135s][info][gc] GC(3670) Pause Young (Allocation Failure) 163M->163M(228M) 88.429ms
[2020-01-29T22:46:45.336+0300][338.176s][info][gc] GC(3671) Pause Full (Ergonomics) 163M->29M(228M) 41.342ms
[2020-01-29T22:46:45.404+0300][338.244s][info][gc] GC(3672) Pause Young (Allocation Failure) 58M->58M(228M) 64.303ms
[2020-01-29T22:46:45.518+0300][338.358s][info][gc] GC(3673) Pause Young (Allocation Failure) 87M->87M(228M) 110.057ms
[2020-01-29T22:46:45.633+0300][338.473s][info][gc] GC(3674) Pause Young (Allocation Failure) 116M->116M(228M) 111.877ms
[2020-01-29T22:46:45.736+0300][338.576s][info][gc] GC(3675) Pause Young (Allocation Failure) 164M->164M(228M) 87.361ms
[2020-01-29T22:46:45.780+0300][338.620s][info][gc] GC(3676) Pause Full (Ergonomics) 164M->30M(228M) 44.001ms
[2020-01-29T22:46:45.843+0300][338.683s][info][gc] GC(3677) Pause Young (Allocation Failure) 59M->59M(228M) 59.666ms
[2020-01-29T22:46:45.956+0300][338.796s][info][gc] GC(3678) Pause Young (Allocation Failure) 88M->88M(228M) 108.922ms
[2020-01-29T22:46:46.078+0300][338.918s][info][gc] GC(3679) Pause Young (Allocation Failure) 117M->117M(228M) 118.217ms
[2020-01-29T22:46:46.181+0300][339.022s][info][gc] GC(3680) Pause Young (Allocation Failure) 166M->166M(228M) 89.409ms
[2020-01-29T22:46:46.231+0300][339.072s][info][gc] GC(3681) Pause Full (Ergonomics) 166M->32M(228M) 49.968ms
[2020-01-29T22:46:46.295+0300][339.135s][info][gc] GC(3682) Pause Young (Allocation Failure) 61M->61M(228M) 59.910ms
[2020-01-29T22:46:46.415+0300][339.255s][info][gc] GC(3683) Pause Young (Allocation Failure) 90M->90M(228M) 115.688ms
[2020-01-29T22:46:46.529+0300][339.368s][info][gc] GC(3684) Pause Young (Allocation Failure) 119M->119M(228M) 110.198ms
[2020-01-29T22:46:46.622+0300][339.462s][info][gc] GC(3685) Pause Young (Allocation Failure) 167M->167M(228M) 79.249ms
[2020-01-29T22:46:46.681+0300][339.521s][info][gc] GC(3686) Pause Full (Ergonomics) 167M->33M(228M) 58.751ms
[2020-01-29T22:46:46.745+0300][339.585s][info][gc] GC(3687) Pause Young (Allocation Failure) 62M->62M(228M) 60.015ms
[2020-01-29T22:46:46.860+0300][339.700s][info][gc] GC(3688) Pause Young (Allocation Failure) 91M->91M(228M) 111.013ms
[2020-01-29T22:46:46.970+0300][339.810s][info][gc] GC(3689) Pause Young (Allocation Failure) 120M->120M(228M) 106.570ms
[2020-01-29T22:46:47.110+0300][339.950s][info][gc] GC(3690) Pause Young (Allocation Failure) 168M->168M(228M) 124.240ms
[2020-01-29T22:46:47.184+0300][340.024s][info][gc] GC(3691) Pause Full (Ergonomics) 168M->34M(228M) 73.879ms
[2020-01-29T22:46:47.248+0300][340.088s][info][gc] GC(3692) Pause Young (Allocation Failure) 63M->63M(228M) 60.457ms
[2020-01-29T22:46:47.356+0300][340.197s][info][gc] GC(3693) Pause Young (Allocation Failure) 92M->92M(228M) 105.569ms
[2020-01-29T22:46:47.471+0300][340.311s][info][gc] GC(3694) Pause Young (Allocation Failure) 121M->121M(228M) 110.450ms
[2020-01-29T22:46:47.607+0300][340.447s][info][gc] GC(3695) Pause Young (Allocation Failure) 169M->169M(228M) 120.533ms
[2020-01-29T22:46:47.682+0300][340.523s][info][gc] GC(3696) Pause Full (Ergonomics) 169M->35M(228M) 76.209ms
[2020-01-29T22:46:47.745+0300][340.585s][info][gc] GC(3697) Pause Young (Allocation Failure) 64M->64M(228M) 58.521ms
[2020-01-29T22:46:47.862+0300][340.703s][info][gc] GC(3698) Pause Young (Allocation Failure) 93M->93M(228M) 113.623ms
[2020-01-29T22:46:47.980+0300][340.820s][info][gc] GC(3699) Pause Young (Allocation Failure) 122M->122M(228M) 113.499ms
[2020-01-29T22:46:48.067+0300][340.908s][info][gc] GC(3700) Pause Young (Allocation Failure) 170M->171M(228M) 72.912ms
[2020-01-29T22:46:48.135+0300][340.975s][info][gc] GC(3701) Pause Full (Ergonomics) 171M->37M(228M) 67.279ms
[2020-01-29T22:46:48.200+0300][341.040s][info][gc] GC(3702) Pause Young (Allocation Failure) 66M->66M(228M) 61.143ms
[2020-01-29T22:46:48.314+0300][341.154s][info][gc] GC(3703) Pause Young (Allocation Failure) 95M->95M(228M) 110.431ms
[2020-01-29T22:46:48.423+0300][341.263s][info][gc] GC(3704) Pause Young (Allocation Failure) 124M->124M(228M) 105.554ms
[2020-01-29T22:46:48.561+0300][341.401s][info][gc] GC(3705) Pause Young (Allocation Failure) 172M->172M(228M) 123.212ms
[2020-01-29T22:46:48.654+0300][341.494s][info][gc] GC(3706) Pause Full (Ergonomics) 172M->38M(228M) 92.576ms
[2020-01-29T22:46:48.720+0300][341.559s][info][gc] GC(3707) Pause Young (Allocation Failure) 67M->67M(228M) 61.345ms
[2020-01-29T22:46:48.837+0300][341.677s][info][gc] GC(3708) Pause Young (Allocation Failure) 96M->96M(228M) 113.881ms
[2020-01-29T22:46:48.944+0300][341.785s][info][gc] GC(3709) Pause Young (Allocation Failure) 125M->125M(228M) 103.811ms
[2020-01-29T22:46:49.030+0300][341.870s][info][gc] GC(3710) Pause Young (Allocation Failure) 173M->173M(228M) 70.326ms
[2020-01-29T22:46:49.107+0300][341.947s][info][gc] GC(3711) Pause Full (Ergonomics) 173M->39M(228M) 77.068ms
[2020-01-29T22:46:49.173+0300][342.013s][info][gc] GC(3712) Pause Young (Allocation Failure) 68M->68M(228M) 62.624ms
[2020-01-29T22:46:49.291+0300][342.131s][info][gc] GC(3713) Pause Young (Allocation Failure) 97M->97M(228M) 113.957ms
[2020-01-29T22:46:49.407+0300][342.247s][info][gc] GC(3714) Pause Young (Allocation Failure) 126M->126M(228M) 112.574ms
[2020-01-29T22:46:49.500+0300][342.339s][info][gc] GC(3715) Pause Young (Allocation Failure) 155M->155M(228M) 80.153ms
[2020-01-29T22:46:49.510+0300][342.350s][info][gc] GC(3716) Pause Full (Ergonomics) 155M->22M(228M) 10.751ms
[2020-01-29T22:46:49.573+0300][342.413s][info][gc] GC(3717) Pause Young (Allocation Failure) 51M->51M(228M) 59.714ms
[2020-01-29T22:46:49.685+0300][342.525s][info][gc] GC(3718) Pause Young (Allocation Failure) 80M->80M(228M) 107.919ms
[2020-01-29T22:46:49.800+0300][342.640s][info][gc] GC(3719) Pause Young (Allocation Failure) 109M->109M(228M) 111.305ms
[2020-01-29T22:46:49.920+0300][342.760s][info][gc] GC(3720) Pause Young (Allocation Failure) 157M->157M(228M) 104.678ms
[2020-01-29T22:46:49.933+0300][342.774s][info][gc] GC(3721) Pause Full (Ergonomics) 157M->22M(228M) 13.626ms
[2020-01-29T22:46:49.995+0300][342.836s][info][gc] GC(3722) Pause Young (Allocation Failure) 51M->51M(228M) 58.227ms
[2020-01-29T22:46:50.112+0300][342.953s][info][gc] GC(3723) Pause Young (Allocation Failure) 80M->81M(228M) 113.419ms
[2020-01-29T22:46:50.231+0300][343.071s][info][gc] GC(3724) Pause Young (Allocation Failure) 110M->110M(228M) 114.586ms
[2020-01-29T22:46:50.344+0300][343.184s][info][gc] GC(3725) Pause Young (Allocation Failure) 158M->158M(228M) 98.585ms
[2020-01-29T22:46:50.365+0300][343.206s][info][gc] GC(3726) Pause Full (Ergonomics) 158M->24M(228M) 21.196ms
[2020-01-29T22:46:50.430+0300][343.270s][info][gc] GC(3727) Pause Young (Allocation Failure) 53M->53M(228M) 60.959ms
[2020-01-29T22:46:50.544+0300][343.384s][info][gc] GC(3728) Pause Young (Allocation Failure) 82M->82M(228M) 110.151ms
[2020-01-29T22:46:50.655+0300][343.495s][info][gc] GC(3729) Pause Young (Allocation Failure) 111M->111M(228M) 107.350ms
[2020-01-29T22:46:50.775+0300][343.615s][info][gc] GC(3730) Pause Young (Allocation Failure) 159M->159M(228M) 104.190ms
[2020-01-29T22:46:50.802+0300][343.641s][info][gc] GC(3731) Pause Full (Ergonomics) 159M->25M(228M) 26.244ms
[2020-01-29T22:46:50.864+0300][343.705s][info][gc] GC(3732) Pause Young (Allocation Failure) 54M->54M(228M) 59.654ms
[2020-01-29T22:46:50.982+0300][343.822s][info][gc] GC(3733) Pause Young (Allocation Failure) 83M->83M(228M) 113.849ms
[2020-01-29T22:46:51.107+0300][343.947s][info][gc] GC(3734) Pause Young (Allocation Failure) 112M->112M(228M) 120.707ms
[2020-01-29T22:46:51.231+0300][344.070s][info][gc] GC(3735) Pause Young (Allocation Failure) 160M->160M(228M) 108.244ms
[2020-01-29T22:46:51.262+0300][344.102s][info][gc] GC(3736) Pause Full (Ergonomics) 160M->26M(228M) 31.933ms
[2020-01-29T22:46:51.328+0300][344.169s][info][gc] GC(3737) Pause Young (Allocation Failure) 55M->55M(228M) 62.653ms
[2020-01-29T22:46:51.438+0300][344.279s][info][gc] GC(3738) Pause Young (Allocation Failure) 84M->84M(228M) 106.415ms
[2020-01-29T22:46:51.559+0300][344.399s][info][gc] GC(3739) Pause Young (Allocation Failure) 113M->113M(228M) 116.510ms
[2020-01-29T22:46:51.668+0300][344.508s][info][gc] GC(3740) Pause Young (Allocation Failure) 161M->162M(228M) 94.910ms
[2020-01-29T22:46:51.705+0300][344.545s][info][gc] GC(3741) Pause Full (Ergonomics) 162M->28M(228M) 36.174ms
[2020-01-29T22:46:51.769+0300][344.609s][info][gc] GC(3742) Pause Young (Allocation Failure) 57M->56M(228M) 59.965ms
[2020-01-29T22:46:51.884+0300][344.724s][info][gc] GC(3743) Pause Young (Allocation Failure) 85M->85M(228M) 111.822ms
[2020-01-29T22:46:52.000+0300][344.840s][info][gc] GC(3744) Pause Young (Allocation Failure) 114M->115M(228M) 112.553ms
[2020-01-29T22:46:52.106+0300][344.946s][info][gc] GC(3745) Pause Young (Allocation Failure) 163M->163M(228M) 91.424ms
[2020-01-29T22:46:52.147+0300][344.986s][info][gc] GC(3746) Pause Full (Ergonomics) 163M->29M(228M) 40.019ms
[2020-01-29T22:46:52.209+0300][345.049s][info][gc] GC(3747) Pause Young (Allocation Failure) 58M->58M(228M) 58.736ms
[2020-01-29T22:46:52.323+0300][345.164s][info][gc] GC(3748) Pause Young (Allocation Failure) 87M->87M(228M) 110.852ms
[2020-01-29T22:46:52.440+0300][345.280s][info][gc] GC(3749) Pause Young (Allocation Failure) 116M->116M(228M) 112.885ms
[2020-01-29T22:46:52.541+0300][345.381s][info][gc] GC(3750) Pause Young (Allocation Failure) 164M->164M(228M) 85.776ms
[2020-01-29T22:46:52.585+0300][345.426s][info][gc] GC(3751) Pause Full (Ergonomics) 164M->30M(228M) 44.628ms
[2020-01-29T22:46:52.650+0300][345.491s][info][gc] GC(3752) Pause Young (Allocation Failure) 59M->59M(228M) 61.389ms
[2020-01-29T22:46:52.764+0300][345.604s][info][gc] GC(3753) Pause Young (Allocation Failure) 88M->88M(228M) 109.319ms
[2020-01-29T22:46:52.879+0300][345.718s][info][gc] GC(3754) Pause Young (Allocation Failure) 117M->117M(228M) 111.075ms
[2020-01-29T22:46:52.980+0300][345.820s][info][gc] GC(3755) Pause Young (Allocation Failure) 165M->165M(228M) 85.740ms
[2020-01-29T22:46:53.026+0300][345.866s][info][gc] GC(3756) Pause Full (Ergonomics) 165M->31M(228M) 45.873ms
[2020-01-29T22:46:53.088+0300][345.929s][info][gc] GC(3757) Pause Young (Allocation Failure) 60M->60M(228M) 58.710ms
[2020-01-29T22:46:53.205+0300][346.044s][info][gc] GC(3758) Pause Young (Allocation Failure) 89M->89M(228M) 112.233ms
[2020-01-29T22:46:53.323+0300][346.164s][info][gc] GC(3759) Pause Young (Allocation Failure) 118M->118M(228M) 115.646ms
[2020-01-29T22:46:53.423+0300][346.263s][info][gc] GC(3760) Pause Young (Allocation Failure) 166M->166M(228M) 84.456ms
[2020-01-29T22:46:53.477+0300][346.317s][info][gc] GC(3761) Pause Full (Ergonomics) 166M->32M(228M) 54.589ms
[2020-01-29T22:46:53.539+0300][346.379s][info][gc] GC(3762) Pause Young (Allocation Failure) 61M->62M(228M) 58.070ms
[2020-01-29T22:46:53.654+0300][346.493s][info][gc] GC(3763) Pause Young (Allocation Failure) 91M->91M(228M) 110.790ms
[2020-01-29T22:46:53.771+0300][346.611s][info][gc] GC(3764) Pause Young (Allocation Failure) 120M->120M(228M) 113.845ms
[2020-01-29T22:46:53.865+0300][346.705s][info][gc] GC(3765) Pause Young (Allocation Failure) 168M->168M(228M) 78.763ms
[2020-01-29T22:46:53.919+0300][346.759s][info][gc] GC(3766) Pause Full (Ergonomics) 168M->34M(228M) 54.531ms
[2020-01-29T22:46:53.982+0300][346.822s][info][gc] GC(3767) Pause Young (Allocation Failure) 63M->63M(228M) 58.983ms
[2020-01-29T22:46:54.096+0300][346.936s][info][gc] GC(3768) Pause Young (Allocation Failure) 92M->92M(228M) 110.457ms
[2020-01-29T22:46:54.207+0300][347.047s][info][gc] GC(3769) Pause Young (Allocation Failure) 121M->121M(228M) 107.537ms
[2020-01-29T22:46:54.299+0300][347.139s][info][gc] GC(3770) Pause Young (Allocation Failure) 169M->169M(228M) 76.428ms
[2020-01-29T22:46:54.359+0300][347.199s][info][gc] GC(3771) Pause Full (Ergonomics) 169M->35M(228M) 60.112ms
[2020-01-29T22:46:54.420+0300][347.260s][info][gc] GC(3772) Pause Young (Allocation Failure) 64M->64M(228M) 57.301ms
[2020-01-29T22:46:54.534+0300][347.374s][info][gc] GC(3773) Pause Young (Allocation Failure) 93M->93M(228M) 111.106ms
[2020-01-29T22:46:54.660+0300][347.500s][info][gc] GC(3774) Pause Young (Allocation Failure) 122M->122M(228M) 121.798ms
[2020-01-29T22:46:54.751+0300][347.590s][info][gc] GC(3775) Pause Young (Allocation Failure) 170M->170M(228M) 75.475ms
[2020-01-29T22:46:54.816+0300][347.657s][info][gc] GC(3776) Pause Full (Ergonomics) 170M->36M(228M) 66.128ms
[2020-01-29T22:46:54.880+0300][347.720s][info][gc] GC(3777) Pause Young (Allocation Failure) 65M->65M(228M) 59.959ms
[2020-01-29T22:46:54.999+0300][347.838s][info][gc] GC(3778) Pause Young (Allocation Failure) 94M->94M(228M) 112.600ms
[2020-01-29T22:46:55.116+0300][347.956s][info][gc] GC(3779) Pause Young (Allocation Failure) 123M->123M(228M) 114.544ms
[2020-01-29T22:46:55.205+0300][348.045s][info][gc] GC(3780) Pause Young (Allocation Failure) 171M->171M(228M) 73.011ms
[2020-01-29T22:46:55.276+0300][348.116s][info][gc] GC(3781) Pause Full (Ergonomics) 171M->37M(228M) 71.184ms
[2020-01-29T22:46:55.341+0300][348.180s][info][gc] GC(3782) Pause Young (Allocation Failure) 66M->66M(228M) 60.976ms
[2020-01-29T22:46:55.461+0300][348.301s][info][gc] GC(3783) Pause Young (Allocation Failure) 95M->95M(228M) 116.471ms
[2020-01-29T22:46:55.578+0300][348.418s][info][gc] GC(3784) Pause Young (Allocation Failure) 124M->125M(228M) 113.991ms
[2020-01-29T22:46:55.662+0300][348.503s][info][gc] GC(3785) Pause Young (Allocation Failure) 173M->173M(228M) 69.427ms
[2020-01-29T22:46:55.735+0300][348.575s][info][gc] GC(3786) Pause Full (Ergonomics) 173M->39M(228M) 72.258ms
[2020-01-29T22:46:55.801+0300][348.641s][info][gc] GC(3787) Pause Young (Allocation Failure) 68M->68M(228M) 61.757ms
[2020-01-29T22:46:55.913+0300][348.753s][info][gc] GC(3788) Pause Young (Allocation Failure) 97M->97M(228M) 108.301ms
[2020-01-29T22:46:56.032+0300][348.873s][info][gc] GC(3789) Pause Young (Allocation Failure) 126M->126M(228M) 115.947ms
[2020-01-29T22:46:56.125+0300][348.965s][info][gc] GC(3790) Pause Young (Allocation Failure) 155M->155M(228M) 79.914ms
[2020-01-29T22:46:56.140+0300][348.980s][info][gc] GC(3791) Pause Full (Ergonomics) 155M->21M(228M) 14.903ms
[2020-01-29T22:46:56.203+0300][349.043s][info][gc] GC(3792) Pause Young (Allocation Failure) 50M->50M(228M) 58.221ms
[2020-01-29T22:46:56.315+0300][349.155s][info][gc] GC(3793) Pause Young (Allocation Failure) 79M->79M(228M) 108.609ms
[2020-01-29T22:46:56.424+0300][349.264s][info][gc] GC(3794) Pause Young (Allocation Failure) 108M->108M(228M) 105.231ms
[2020-01-29T22:46:56.557+0300][349.397s][info][gc] GC(3795) Pause Young (Allocation Failure) 156M->156M(228M) 117.808ms
[2020-01-29T22:46:56.581+0300][349.421s][info][gc] GC(3796) Pause Full (Ergonomics) 156M->22M(228M) 24.411ms
[2020-01-29T22:46:56.645+0300][349.484s][info][gc] GC(3797) Pause Young (Allocation Failure) 51M->51M(228M) 59.636ms
[2020-01-29T22:46:56.754+0300][349.595s][info][gc] GC(3798) Pause Young (Allocation Failure) 80M->80M(228M) 106.234ms
[2020-01-29T22:46:56.871+0300][349.711s][info][gc] GC(3799) Pause Young (Allocation Failure) 109M->109M(228M) 113.032ms
[2020-01-29T22:46:56.987+0300][349.827s][info][gc] GC(3800) Pause Young (Allocation Failure) 157M->157M(228M) 100.071ms
[2020-01-29T22:46:57.006+0300][349.845s][info][gc] GC(3801) Pause Full (Ergonomics) 157M->23M(228M) 18.710ms
[2020-01-29T22:46:57.067+0300][349.908s][info][gc] GC(3802) Pause Young (Allocation Failure) 52M->52M(228M) 58.419ms
[2020-01-29T22:46:57.181+0300][350.021s][info][gc] GC(3803) Pause Young (Allocation Failure) 81M->81M(228M) 109.896ms
[2020-01-29T22:46:57.296+0300][350.137s][info][gc] GC(3804) Pause Young (Allocation Failure) 110M->110M(228M) 112.135ms
[2020-01-29T22:46:57.431+0300][350.271s][info][gc] GC(3805) Pause Young (Allocation Failure) 159M->159M(228M) 118.635ms
[2020-01-29T22:46:57.465+0300][350.306s][info][gc] GC(3806) Pause Full (Ergonomics) 159M->25M(228M) 34.835ms
[2020-01-29T22:46:57.528+0300][350.368s][info][gc] GC(3807) Pause Young (Allocation Failure) 54M->54M(228M) 59.114ms
[2020-01-29T22:46:57.650+0300][350.490s][info][gc] GC(3808) Pause Young (Allocation Failure) 83M->83M(228M) 117.520ms
[2020-01-29T22:46:57.768+0300][350.608s][info][gc] GC(3809) Pause Young (Allocation Failure) 112M->112M(228M) 114.796ms
[2020-01-29T22:46:57.882+0300][350.722s][info][gc] GC(3810) Pause Young (Allocation Failure) 160M->160M(228M) 99.460ms
[2020-01-29T22:46:57.912+0300][350.753s][info][gc] GC(3811) Pause Full (Ergonomics) 160M->26M(228M) 30.486ms
[2020-01-29T22:46:57.977+0300][350.816s][info][gc] GC(3812) Pause Young (Allocation Failure) 55M->55M(228M) 59.954ms
[2020-01-29T22:46:58.085+0300][350.926s][info][gc] GC(3813) Pause Young (Allocation Failure) 84M->84M(228M) 105.845ms
[2020-01-29T22:46:58.197+0300][351.037s][info][gc] GC(3814) Pause Young (Allocation Failure) 113M->113M(228M) 107.249ms
[2020-01-29T22:46:58.307+0300][351.147s][info][gc] GC(3815) Pause Young (Allocation Failure) 161M->161M(228M) 96.143ms
[2020-01-29T22:46:58.344+0300][351.183s][info][gc] GC(3816) Pause Full (Ergonomics) 161M->27M(228M) 35.996ms
[2020-01-29T22:46:58.406+0300][351.246s][info][gc] GC(3817) Pause Young (Allocation Failure) 56M->56M(228M) 59.426ms
[2020-01-29T22:46:58.519+0300][351.360s][info][gc] GC(3818) Pause Young (Allocation Failure) 85M->85M(228M) 109.634ms
[2020-01-29T22:46:58.638+0300][351.478s][info][gc] GC(3819) Pause Young (Allocation Failure) 114M->114M(228M) 114.591ms
[2020-01-29T22:46:58.771+0300][351.611s][info][gc] GC(3820) Pause Young (Allocation Failure) 162M->162M(228M) 118.165ms
[2020-01-29T22:46:58.819+0300][351.659s][info][gc] GC(3821) Pause Full (Ergonomics) 162M->28M(228M) 47.847ms
[2020-01-29T22:46:58.885+0300][351.725s][info][gc] GC(3822) Pause Young (Allocation Failure) 57M->57M(228M) 62.484ms
[2020-01-29T22:46:58.992+0300][351.832s][info][gc] GC(3823) Pause Young (Allocation Failure) 86M->86M(228M) 102.679ms
[2020-01-29T22:46:59.108+0300][351.947s][info][gc] GC(3824) Pause Young (Allocation Failure) 115M->115M(228M) 111.939ms
[2020-01-29T22:46:59.211+0300][352.051s][info][gc] GC(3825) Pause Young (Allocation Failure) 163M->163M(228M) 89.409ms
[2020-01-29T22:46:59.255+0300][352.095s][info][gc] GC(3826) Pause Full (Ergonomics) 163M->30M(228M) 43.425ms
[2020-01-29T22:46:59.319+0300][352.159s][info][gc] GC(3827) Pause Young (Allocation Failure) 59M->59M(228M) 60.668ms
[2020-01-29T22:46:59.430+0300][352.270s][info][gc] GC(3828) Pause Young (Allocation Failure) 88M->88M(228M) 107.483ms
[2020-01-29T22:46:59.545+0300][352.385s][info][gc] GC(3829) Pause Young (Allocation Failure) 117M->117M(228M) 110.668ms
[2020-01-29T22:46:59.676+0300][352.516s][info][gc] GC(3830) Pause Young (Allocation Failure) 165M->165M(228M) 116.072ms
[2020-01-29T22:46:59.734+0300][352.574s][info][gc] GC(3831) Pause Full (Ergonomics) 165M->31M(228M) 58.041ms
[2020-01-29T22:46:59.817+0300][352.656s][info][gc] GC(3832) Pause Young (Allocation Failure) 60M->60M(228M) 77.559ms
[2020-01-29T22:46:59.933+0300][352.773s][info][gc] GC(3833) Pause Young (Allocation Failure) 89M->89M(228M) 112.904ms
[2020-01-29T22:47:00.050+0300][352.890s][info][gc] GC(3834) Pause Young (Allocation Failure) 118M->118M(228M) 113.319ms
[2020-01-29T22:47:00.147+0300][352.987s][info][gc] GC(3835) Pause Young (Allocation Failure) 166M->166M(228M) 82.008ms
[2020-01-29T22:47:00.199+0300][353.038s][info][gc] GC(3836) Pause Full (Ergonomics) 166M->32M(228M) 51.631ms
[2020-01-29T22:47:00.266+0300][353.106s][info][gc] GC(3837) Pause Young (Allocation Failure) 61M->61M(228M) 64.125ms
[2020-01-29T22:47:00.383+0300][353.222s][info][gc] GC(3838) Pause Young (Allocation Failure) 90M->90M(228M) 112.476ms
[2020-01-29T22:47:00.491+0300][353.331s][info][gc] GC(3839) Pause Young (Allocation Failure) 119M->119M(228M) 105.596ms
[2020-01-29T22:47:00.624+0300][353.464s][info][gc] GC(3840) Pause Young (Allocation Failure) 167M->167M(228M) 117.187ms
[2020-01-29T22:47:00.690+0300][353.530s][info][gc] GC(3841) Pause Full (Ergonomics) 167M->33M(228M) 66.419ms
[2020-01-29T22:47:00.753+0300][353.593s][info][gc] GC(3842) Pause Young (Allocation Failure) 62M->62M(228M) 58.750ms
[2020-01-29T22:47:00.866+0300][353.706s][info][gc] GC(3843) Pause Young (Allocation Failure) 91M->91M(228M) 109.596ms
[2020-01-29T22:47:00.978+0300][353.818s][info][gc] GC(3844) Pause Young (Allocation Failure) 120M->120M(228M) 108.097ms
[2020-01-29T22:47:01.069+0300][353.909s][info][gc] GC(3845) Pause Young (Allocation Failure) 168M->168M(228M) 76.967ms
[2020-01-29T22:47:01.129+0300][353.970s][info][gc] GC(3846) Pause Full (Ergonomics) 168M->34M(228M) 60.006ms
[2020-01-29T22:47:01.193+0300][354.033s][info][gc] GC(3847) Pause Young (Allocation Failure) 63M->63M(228M) 59.927ms
[2020-01-29T22:47:01.308+0300][354.148s][info][gc] GC(3848) Pause Young (Allocation Failure) 92M->93M(228M) 110.950ms
[2020-01-29T22:47:01.421+0300][354.261s][info][gc] GC(3849) Pause Young (Allocation Failure) 122M->122M(228M) 109.366ms
[2020-01-29T22:47:01.556+0300][354.396s][info][gc] GC(3850) Pause Young (Allocation Failure) 170M->170M(228M) 120.448ms
[2020-01-29T22:47:01.637+0300][354.477s][info][gc] GC(3851) Pause Full (Ergonomics) 170M->36M(228M) 80.671ms
[2020-01-29T22:47:01.699+0300][354.539s][info][gc] GC(3852) Pause Young (Allocation Failure) 65M->65M(228M) 58.668ms
[2020-01-29T22:47:01.807+0300][354.647s][info][gc] GC(3853) Pause Young (Allocation Failure) 94M->94M(228M) 104.588ms
[2020-01-29T22:47:01.924+0300][354.764s][info][gc] GC(3854) Pause Young (Allocation Failure) 123M->123M(228M) 112.999ms
[2020-01-29T22:47:02.025+0300][354.865s][info][gc] GC(3855) Pause Young (Allocation Failure) 171M->171M(228M) 86.495ms
[2020-01-29T22:47:02.095+0300][354.935s][info][gc] GC(3856) Pause Full (Ergonomics) 171M->37M(228M) 69.305ms
[2020-01-29T22:47:02.161+0300][355.001s][info][gc] GC(3857) Pause Young (Allocation Failure) 66M->66M(228M) 62.591ms
[2020-01-29T22:47:02.270+0300][355.110s][info][gc] GC(3858) Pause Young (Allocation Failure) 95M->95M(228M) 104.981ms
[2020-01-29T22:47:02.389+0300][355.229s][info][gc] GC(3859) Pause Young (Allocation Failure) 124M->124M(228M) 115.268ms
[2020-01-29T22:47:02.526+0300][355.366s][info][gc] GC(3860) Pause Young (Allocation Failure) 172M->172M(228M) 121.933ms
[2020-01-29T22:47:02.618+0300][355.458s][info][gc] GC(3861) Pause Full (Ergonomics) 172M->38M(228M) 92.016ms
[2020-01-29T22:47:02.683+0300][355.522s][info][gc] GC(3862) Pause Young (Allocation Failure) 67M->67M(228M) 60.580ms
[2020-01-29T22:47:02.803+0300][355.643s][info][gc] GC(3863) Pause Young (Allocation Failure) 96M->96M(228M) 116.457ms
[2020-01-29T22:47:02.925+0300][355.766s][info][gc] GC(3864) Pause Young (Allocation Failure) 125M->125M(228M) 118.780ms
[2020-01-29T22:47:03.015+0300][355.855s][info][gc] GC(3865) Pause Young (Allocation Failure) 173M->173M(228M) 73.933ms
[2020-01-29T22:47:03.083+0300][355.923s][info][gc] GC(3866) Pause Full (Ergonomics) 173M->39M(228M) 67.504ms
[2020-01-29T22:47:03.164+0300][356.004s][info][gc] GC(3867) Pause Young (Allocation Failure) 68M->68M(228M) 58.650ms
[2020-01-29T22:47:03.278+0300][356.118s][info][gc] GC(3868) Pause Young (Allocation Failure) 97M->97M(228M) 110.593ms
[2020-01-29T22:47:03.394+0300][356.234s][info][gc] GC(3869) Pause Young (Allocation Failure) 126M->127M(228M) 111.988ms
[2020-01-29T22:47:03.479+0300][356.319s][info][gc] GC(3870) Pause Young (Allocation Failure) 156M->156M(228M) 73.241ms
[2020-01-29T22:47:03.491+0300][356.331s][info][gc] GC(3871) Pause Full (Ergonomics) 156M->22M(228M) 11.849ms
[2020-01-29T22:47:03.557+0300][356.398s][info][gc] GC(3872) Pause Young (Allocation Failure) 51M->51M(228M) 62.514ms
[2020-01-29T22:47:03.672+0300][356.512s][info][gc] GC(3873) Pause Young (Allocation Failure) 80M->80M(228M) 111.195ms
[2020-01-29T22:47:03.810+0300][356.650s][info][gc] GC(3874) Pause Young (Allocation Failure) 109M->109M(228M) 133.178ms
[2020-01-29T22:47:03.940+0300][356.780s][info][gc] GC(3875) Pause Young (Allocation Failure) 157M->157M(228M) 114.743ms
[2020-01-29T22:47:03.959+0300][356.799s][info][gc] GC(3876) Pause Full (Ergonomics) 157M->23M(228M) 19.516ms
[2020-01-29T22:47:04.020+0300][356.860s][info][gc] GC(3877) Pause Young (Allocation Failure) 52M->52M(228M) 56.529ms
[2020-01-29T22:47:04.125+0300][356.965s][info][gc] GC(3878) Pause Young (Allocation Failure) 81M->81M(228M) 101.385ms
[2020-01-29T22:47:04.227+0300][357.068s][info][gc] GC(3879) Pause Young (Allocation Failure) 110M->110M(228M) 98.905ms
[2020-01-29T22:47:04.344+0300][357.184s][info][gc] GC(3880) Pause Young (Allocation Failure) 158M->158M(228M) 101.578ms
[2020-01-29T22:47:04.363+0300][357.203s][info][gc] GC(3881) Pause Full (Ergonomics) 158M->24M(228M) 19.255ms
[2020-01-29T22:47:04.430+0300][357.270s][info][gc] GC(3882) Pause Young (Allocation Failure) 53M->53M(228M) 63.212ms
[2020-01-29T22:47:04.551+0300][357.391s][info][gc] GC(3883) Pause Young (Allocation Failure) 82M->82M(228M) 117.009ms
[2020-01-29T22:47:04.660+0300][357.500s][info][gc] GC(3884) Pause Young (Allocation Failure) 111M->111M(228M) 105.565ms
[2020-01-29T22:47:04.786+0300][357.627s][info][gc] GC(3885) Pause Young (Allocation Failure) 159M->159M(228M) 112.215ms
[2020-01-29T22:47:04.818+0300][357.658s][info][gc] GC(3886) Pause Full (Ergonomics) 159M->25M(228M) 31.056ms
[2020-01-29T22:47:04.879+0300][357.720s][info][gc] GC(3887) Pause Young (Allocation Failure) 54M->54M(228M) 57.716ms
[2020-01-29T22:47:04.994+0300][357.834s][info][gc] GC(3888) Pause Young (Allocation Failure) 83M->83M(228M) 110.073ms
[2020-01-29T22:47:05.122+0300][357.961s][info][gc] GC(3889) Pause Young (Allocation Failure) 112M->112M(228M) 124.035ms
[2020-01-29T22:47:05.227+0300][358.067s][info][gc] GC(3890) Pause Young (Allocation Failure) 161M->161M(228M) 90.271ms
[2020-01-29T22:47:05.261+0300][358.101s][info][gc] GC(3891) Pause Full (Ergonomics) 161M->27M(228M) 34.086ms
[2020-01-29T22:47:05.328+0300][358.168s][info][gc] GC(3892) Pause Young (Allocation Failure) 56M->56M(228M) 60.119ms
[2020-01-29T22:47:05.436+0300][358.276s][info][gc] GC(3893) Pause Young (Allocation Failure) 85M->85M(228M) 104.361ms
[2020-01-29T22:47:05.590+0300][358.430s][info][gc] GC(3894) Pause Young (Allocation Failure) 114M->114M(228M) 150.352ms
[2020-01-29T22:47:05.695+0300][358.535s][info][gc] GC(3895) Pause Young (Allocation Failure) 162M->162M(228M) 89.820ms
[2020-01-29T22:47:05.733+0300][358.573s][info][gc] GC(3896) Pause Full (Ergonomics) 162M->28M(228M) 37.401ms
[2020-01-29T22:47:05.794+0300][358.634s][info][gc] GC(3897) Pause Young (Allocation Failure) 57M->57M(228M) 57.064ms
[2020-01-29T22:47:05.915+0300][358.755s][info][gc] GC(3898) Pause Young (Allocation Failure) 86M->86M(228M) 117.852ms
[2020-01-29T22:47:06.026+0300][358.866s][info][gc] GC(3899) Pause Young (Allocation Failure) 115M->115M(228M) 107.566ms
[2020-01-29T22:47:06.133+0300][358.973s][info][gc] GC(3900) Pause Young (Allocation Failure) 163M->163M(228M) 91.156ms
[2020-01-29T22:47:06.173+0300][359.014s][info][gc] GC(3901) Pause Full (Ergonomics) 163M->29M(228M) 40.739ms
[2020-01-29T22:47:06.240+0300][359.080s][info][gc] GC(3902) Pause Young (Allocation Failure) 58M->58M(228M) 62.578ms
[2020-01-29T22:47:06.359+0300][359.200s][info][gc] GC(3903) Pause Young (Allocation Failure) 87M->87M(228M) 116.073ms
[2020-01-29T22:47:06.469+0300][359.309s][info][gc] GC(3904) Pause Young (Allocation Failure) 116M->116M(228M) 105.583ms
[2020-01-29T22:47:06.571+0300][359.410s][info][gc] GC(3905) Pause Young (Allocation Failure) 164M->164M(228M) 87.088ms
[2020-01-29T22:47:06.617+0300][359.456s][info][gc] GC(3906) Pause Full (Ergonomics) 164M->30M(228M) 45.931ms
[2020-01-29T22:47:06.677+0300][359.517s][info][gc] GC(3907) Pause Young (Allocation Failure) 59M->59M(228M) 57.383ms
[2020-01-29T22:47:06.794+0300][359.634s][info][gc] GC(3908) Pause Young (Allocation Failure) 88M->88M(228M) 112.324ms
[2020-01-29T22:47:06.910+0300][359.750s][info][gc] GC(3909) Pause Young (Allocation Failure) 117M->117M(228M) 111.694ms
[2020-01-29T22:47:07.051+0300][359.891s][info][gc] GC(3910) Pause Young (Allocation Failure) 165M->166M(228M) 126.944ms
[2020-01-29T22:47:07.117+0300][359.958s][info][gc] GC(3911) Pause Full (Ergonomics) 166M->32M(228M) 66.280ms
[2020-01-29T22:47:07.179+0300][360.019s][info][gc] GC(3912) Pause Young (Allocation Failure) 61M->61M(228M) 57.460ms
[2020-01-29T22:47:07.293+0300][360.133s][info][gc] GC(3913) Pause Young (Allocation Failure) 90M->90M(228M) 110.561ms
[2020-01-29T22:47:07.410+0300][360.250s][info][gc] GC(3914) Pause Young (Allocation Failure) 119M->119M(228M) 113.218ms
[2020-01-29T22:47:07.519+0300][360.358s][info][gc] GC(3915) Pause Young (Allocation Failure) 167M->167M(228M) 92.786ms
[2020-01-29T22:47:07.577+0300][360.417s][info][gc] GC(3916) Pause Full (Ergonomics) 167M->33M(228M) 58.377ms
[2020-01-29T22:47:07.641+0300][360.482s][info][gc] GC(3917) Pause Young (Allocation Failure) 62M->62M(228M) 61.260ms
[2020-01-29T22:47:07.773+0300][360.613s][info][gc] GC(3918) Pause Young (Allocation Failure) 91M->91M(228M) 127.501ms
[2020-01-29T22:47:07.881+0300][360.722s][info][gc] GC(3919) Pause Young (Allocation Failure) 120M->120M(228M) 104.707ms
[2020-01-29T22:47:08.019+0300][360.859s][info][gc] GC(3920) Pause Young (Allocation Failure) 168M->168M(228M) 122.814ms
[2020-01-29T22:47:08.102+0300][360.943s][info][gc] GC(3921) Pause Full (Ergonomics) 168M->34M(228M) 83.609ms
[2020-01-29T22:47:08.166+0300][361.006s][info][gc] GC(3922) Pause Young (Allocation Failure) 63M->63M(228M) 59.688ms
[2020-01-29T22:47:08.279+0300][361.118s][info][gc] GC(3923) Pause Young (Allocation Failure) 92M->92M(228M) 108.356ms
[2020-01-29T22:47:08.399+0300][361.240s][info][gc] GC(3924) Pause Young (Allocation Failure) 121M->121M(228M) 117.784ms
[2020-01-29T22:47:08.494+0300][361.334s][info][gc] GC(3925) Pause Young (Allocation Failure) 169M->169M(228M) 79.937ms
[2020-01-29T22:47:08.560+0300][361.400s][info][gc] GC(3926) Pause Full (Ergonomics) 169M->35M(228M) 65.317ms
[2020-01-29T22:47:08.623+0300][361.463s][info][gc] GC(3927) Pause Young (Allocation Failure) 64M->64M(228M) 59.382ms
[2020-01-29T22:47:08.737+0300][361.578s][info][gc] GC(3928) Pause Young (Allocation Failure) 93M->93M(228M) 111.271ms
[2020-01-29T22:47:08.874+0300][361.714s][info][gc] GC(3929) Pause Young (Allocation Failure) 122M->122M(228M) 132.161ms
[2020-01-29T22:47:09.005+0300][361.845s][info][gc] GC(3930) Pause Young (Allocation Failure) 170M->171M(228M) 116.164ms
[2020-01-29T22:47:09.087+0300][361.927s][info][gc] GC(3931) Pause Full (Ergonomics) 171M->37M(228M) 81.689ms
[2020-01-29T22:47:09.151+0300][361.991s][info][gc] GC(3932) Pause Young (Allocation Failure) 66M->65M(228M) 60.143ms
[2020-01-29T22:47:09.262+0300][362.101s][info][gc] GC(3933) Pause Young (Allocation Failure) 94M->95M(228M) 106.932ms
[2020-01-29T22:47:09.380+0300][362.220s][info][gc] GC(3934) Pause Young (Allocation Failure) 124M->124M(228M) 114.828ms
[2020-01-29T22:47:09.518+0300][362.358s][info][gc] GC(3935) Pause Young (Allocation Failure) 172M->172M(228M) 123.931ms
[2020-01-29T22:47:09.603+0300][362.443s][info][gc] GC(3936) Pause Full (Ergonomics) 172M->38M(228M) 84.202ms
[2020-01-29T22:47:09.667+0300][362.506s][info][gc] GC(3937) Pause Young (Allocation Failure) 67M->67M(228M) 59.975ms
[2020-01-29T22:47:09.783+0300][362.624s][info][gc] GC(3938) Pause Young (Allocation Failure) 96M->96M(228M) 113.664ms
[2020-01-29T22:47:09.902+0300][362.742s][info][gc] GC(3939) Pause Young (Allocation Failure) 125M->125M(228M) 114.699ms
[2020-01-29T22:47:09.987+0300][362.827s][info][gc] GC(3940) Pause Young (Allocation Failure) 173M->173M(228M) 69.444ms
[2020-01-29T22:47:10.064+0300][362.905s][info][gc] GC(3941) Pause Full (Ergonomics) 173M->39M(228M) 77.651ms
[2020-01-29T22:47:10.136+0300][362.976s][info][gc] GC(3942) Pause Young (Allocation Failure) 68M->68M(228M) 67.635ms
[2020-01-29T22:47:10.246+0300][363.086s][info][gc] GC(3943) Pause Young (Allocation Failure) 97M->97M(228M) 105.706ms
[2020-01-29T22:47:10.365+0300][363.205s][info][gc] GC(3944) Pause Young (Allocation Failure) 126M->126M(228M) 115.528ms
[2020-01-29T22:47:10.452+0300][363.293s][info][gc] GC(3945) Pause Young (Allocation Failure) 155M->155M(228M) 75.894ms
[2020-01-29T22:47:10.463+0300][363.303s][info][gc] GC(3946) Pause Full (Ergonomics) 155M->22M(228M) 10.503ms
[2020-01-29T22:47:10.525+0300][363.365s][info][gc] GC(3947) Pause Young (Allocation Failure) 51M->51M(228M) 58.390ms
[2020-01-29T22:47:10.639+0300][363.479s][info][gc] GC(3948) Pause Young (Allocation Failure) 80M->80M(228M) 110.002ms
[2020-01-29T22:47:10.752+0300][363.591s][info][gc] GC(3949) Pause Young (Allocation Failure) 109M->109M(228M) 108.836ms
[2020-01-29T22:47:10.875+0300][363.715s][info][gc] GC(3950) Pause Young (Allocation Failure) 157M->157M(228M) 108.804ms
[2020-01-29T22:47:10.892+0300][363.732s][info][gc] GC(3951) Pause Full (Ergonomics) 157M->22M(228M) 17.540ms
[2020-01-29T22:47:10.958+0300][363.798s][info][gc] GC(3952) Pause Young (Allocation Failure) 51M->51M(228M) 61.586ms
[2020-01-29T22:47:11.073+0300][363.913s][info][gc] GC(3953) Pause Young (Allocation Failure) 80M->81M(228M) 111.895ms
[2020-01-29T22:47:11.186+0300][364.026s][info][gc] GC(3954) Pause Young (Allocation Failure) 110M->110M(228M) 109.318ms
[2020-01-29T22:47:11.302+0300][364.142s][info][gc] GC(3955) Pause Young (Allocation Failure) 158M->158M(228M) 100.745ms
[2020-01-29T22:47:11.324+0300][364.164s][info][gc] GC(3956) Pause Full (Ergonomics) 158M->24M(228M) 21.954ms
[2020-01-29T22:47:11.387+0300][364.227s][info][gc] GC(3957) Pause Young (Allocation Failure) 53M->53M(228M) 59.301ms
[2020-01-29T22:47:11.505+0300][364.345s][info][gc] GC(3958) Pause Young (Allocation Failure) 82M->82M(228M) 114.322ms
[2020-01-29T22:47:11.617+0300][364.457s][info][gc] GC(3959) Pause Young (Allocation Failure) 111M->111M(228M) 108.677ms
[2020-01-29T22:47:11.729+0300][364.569s][info][gc] GC(3960) Pause Young (Allocation Failure) 159M->159M(228M) 96.995ms
[2020-01-29T22:47:11.758+0300][364.598s][info][gc] GC(3961) Pause Full (Ergonomics) 159M->25M(228M) 28.503ms
[2020-01-29T22:47:11.828+0300][364.668s][info][gc] GC(3962) Pause Young (Allocation Failure) 54M->54M(228M) 66.310ms
[2020-01-29T22:47:11.949+0300][364.789s][info][gc] GC(3963) Pause Young (Allocation Failure) 83M->83M(228M) 117.458ms
[2020-01-29T22:47:12.074+0300][364.914s][info][gc] GC(3964) Pause Young (Allocation Failure) 112M->112M(228M) 121.072ms
[2020-01-29T22:47:12.189+0300][365.029s][info][gc] GC(3965) Pause Young (Allocation Failure) 160M->160M(228M) 99.988ms
[2020-01-29T22:47:12.220+0300][365.060s][info][gc] GC(3966) Pause Full (Ergonomics) 160M->26M(228M) 30.355ms
[2020-01-29T22:47:12.283+0300][365.123s][info][gc] GC(3967) Pause Young (Allocation Failure) 55M->55M(228M) 59.832ms
[2020-01-29T22:47:12.396+0300][365.236s][info][gc] GC(3968) Pause Young (Allocation Failure) 84M->84M(228M) 109.864ms
[2020-01-29T22:47:12.540+0300][365.380s][info][gc] GC(3969) Pause Young (Allocation Failure) 113M->113M(228M) 139.945ms
[2020-01-29T22:47:12.650+0300][365.491s][info][gc] GC(3970) Pause Young (Allocation Failure) 161M->161M(228M) 95.596ms
[2020-01-29T22:47:12.687+0300][365.527s][info][gc] GC(3971) Pause Full (Ergonomics) 161M->27M(228M) 36.106ms
[2020-01-29T22:47:12.754+0300][365.594s][info][gc] GC(3972) Pause Young (Allocation Failure) 56M->56M(228M) 63.746ms
[2020-01-29T22:47:12.895+0300][365.735s][info][gc] GC(3973) Pause Young (Allocation Failure) 85M->85M(228M) 137.109ms
[2020-01-29T22:47:13.013+0300][365.853s][info][gc] GC(3974) Pause Young (Allocation Failure) 114M->115M(228M) 113.919ms
[2020-01-29T22:47:13.121+0300][365.961s][info][gc] GC(3975) Pause Young (Allocation Failure) 163M->163M(228M) 92.185ms
[2020-01-29T22:47:13.161+0300][366.001s][info][gc] GC(3976) Pause Full (Ergonomics) 163M->29M(228M) 40.502ms
[2020-01-29T22:47:13.226+0300][366.066s][info][gc] GC(3977) Pause Young (Allocation Failure) 58M->58M(228M) 60.833ms
[2020-01-29T22:47:13.359+0300][366.199s][info][gc] GC(3978) Pause Young (Allocation Failure) 87M->87M(228M) 130.071ms
[2020-01-29T22:47:13.479+0300][366.318s][info][gc] GC(3979) Pause Young (Allocation Failure) 116M->116M(228M) 115.448ms
[2020-01-29T22:47:13.582+0300][366.422s][info][gc] GC(3980) Pause Young (Allocation Failure) 164M->164M(228M) 88.285ms
[2020-01-29T22:47:13.624+0300][366.465s][info][gc] GC(3981) Pause Full (Ergonomics) 164M->30M(228M) 43.289ms
[2020-01-29T22:47:13.691+0300][366.531s][info][gc] GC(3982) Pause Young (Allocation Failure) 59M->59M(228M) 62.681ms
[2020-01-29T22:47:13.818+0300][366.658s][info][gc] GC(3983) Pause Young (Allocation Failure) 88M->88M(228M) 123.100ms
[2020-01-29T22:47:13.935+0300][366.775s][info][gc] GC(3984) Pause Young (Allocation Failure) 117M->117M(228M) 112.993ms
[2020-01-29T22:47:14.034+0300][366.874s][info][gc] GC(3985) Pause Young (Allocation Failure) 165M->165M(228M) 83.841ms
[2020-01-29T22:47:14.082+0300][366.922s][info][gc] GC(3986) Pause Full (Ergonomics) 165M->31M(228M) 48.560ms
[2020-01-29T22:47:14.145+0300][366.985s][info][gc] GC(3987) Pause Young (Allocation Failure) 60M->60M(228M) 58.907ms
[2020-01-29T22:47:14.264+0300][367.103s][info][gc] GC(3988) Pause Young (Allocation Failure) 89M->89M(228M) 114.777ms
[2020-01-29T22:47:14.387+0300][367.227s][info][gc] GC(3989) Pause Young (Allocation Failure) 118M->118M(228M) 119.708ms
[2020-01-29T22:47:14.485+0300][367.325s][info][gc] GC(3990) Pause Young (Allocation Failure) 166M->166M(228M) 83.430ms
[2020-01-29T22:47:14.540+0300][367.379s][info][gc] GC(3991) Pause Full (Ergonomics) 166M->32M(228M) 53.984ms
[2020-01-29T22:47:14.603+0300][367.443s][info][gc] GC(3992) Pause Young (Allocation Failure) 61M->61M(228M) 60.700ms
[2020-01-29T22:47:14.720+0300][367.560s][info][gc] GC(3993) Pause Young (Allocation Failure) 90M->90M(228M) 113.141ms
[2020-01-29T22:47:14.831+0300][367.670s][info][gc] GC(3994) Pause Young (Allocation Failure) 119M->120M(228M) 106.539ms
[2020-01-29T22:47:14.925+0300][367.764s][info][gc] GC(3995) Pause Young (Allocation Failure) 168M->168M(228M) 78.620ms
[2020-01-29T22:47:14.981+0300][367.821s][info][gc] GC(3996) Pause Full (Ergonomics) 168M->34M(228M) 56.874ms
[2020-01-29T22:47:15.044+0300][367.884s][info][gc] GC(3997) Pause Young (Allocation Failure) 63M->63M(228M) 59.515ms
[2020-01-29T22:47:15.162+0300][368.002s][info][gc] GC(3998) Pause Young (Allocation Failure) 92M->92M(228M) 113.399ms
[2020-01-29T22:47:15.276+0300][368.115s][info][gc] GC(3999) Pause Young (Allocation Failure) 121M->121M(228M) 110.054ms
[2020-01-29T22:47:15.364+0300][368.204s][info][gc] GC(4000) Pause Young (Allocation Failure) 169M->169M(228M) 73.324ms
[2020-01-29T22:47:15.419+0300][368.259s][info][gc] GC(4001) Pause Full (Ergonomics) 169M->35M(228M) 54.284ms
[2020-01-29T22:47:15.479+0300][368.318s][info][gc] GC(4002) Pause Young (Allocation Failure) 64M->64M(228M) 56.015ms
[2020-01-29T22:47:15.596+0300][368.436s][info][gc] GC(4003) Pause Young (Allocation Failure) 93M->93M(228M) 114.218ms
[2020-01-29T22:47:15.722+0300][368.562s][info][gc] GC(4004) Pause Young (Allocation Failure) 122M->122M(228M) 122.312ms
[2020-01-29T22:47:15.817+0300][368.657s][info][gc] GC(4005) Pause Young (Allocation Failure) 170M->170M(228M) 79.795ms
[2020-01-29T22:47:15.884+0300][368.725s][info][gc] GC(4006) Pause Full (Ergonomics) 170M->36M(228M) 67.712ms
[2020-01-29T22:47:15.949+0300][368.789s][info][gc] GC(4007) Pause Young (Allocation Failure) 65M->65M(228M) 60.199ms
[2020-01-29T22:47:16.066+0300][368.906s][info][gc] GC(4008) Pause Young (Allocation Failure) 94M->94M(228M) 113.541ms
[2020-01-29T22:47:16.178+0300][369.019s][info][gc] GC(4009) Pause Young (Allocation Failure) 123M->123M(228M) 109.312ms
[2020-01-29T22:47:16.270+0300][369.110s][info][gc] GC(4010) Pause Young (Allocation Failure) 171M->171M(228M) 76.814ms
[2020-01-29T22:47:16.340+0300][369.180s][info][gc] GC(4011) Pause Full (Ergonomics) 171M->37M(228M) 69.749ms
[2020-01-29T22:47:16.405+0300][369.245s][info][gc] GC(4012) Pause Young (Allocation Failure) 66M->66M(228M) 60.544ms
[2020-01-29T22:47:16.509+0300][369.349s][info][gc] GC(4013) Pause Young (Allocation Failure) 95M->95M(228M) 99.365ms
[2020-01-29T22:47:16.624+0300][369.464s][info][gc] GC(4014) Pause Young (Allocation Failure) 124M->125M(228M) 111.351ms
[2020-01-29T22:47:16.710+0300][369.550s][info][gc] GC(4015) Pause Young (Allocation Failure) 173M->173M(228M) 72.015ms
[2020-01-29T22:47:16.784+0300][369.625s][info][gc] GC(4016) Pause Full (Ergonomics) 173M->39M(228M) 74.462ms
[2020-01-29T22:47:16.851+0300][369.691s][info][gc] GC(4017) Pause Young (Allocation Failure) 68M->68M(228M) 62.332ms
[2020-01-29T22:47:16.965+0300][369.805s][info][gc] GC(4018) Pause Young (Allocation Failure) 97M->97M(228M) 110.288ms
[2020-01-29T22:47:17.086+0300][369.927s][info][gc] GC(4019) Pause Young (Allocation Failure) 126M->126M(228M) 118.379ms
[2020-01-29T22:47:17.229+0300][370.069s][info][gc] GC(4020) Pause Young (Allocation Failure) 174M->174M(228M) 127.192ms
[2020-01-29T22:47:17.336+0300][370.176s][info][gc] GC(4021) Pause Full (Ergonomics) 174M->40M(228M) 107.009ms
[2020-01-29T22:47:17.401+0300][370.242s][info][gc] GC(4022) Pause Young (Allocation Failure) 69M->69M(228M) 61.398ms
[2020-01-29T22:47:17.518+0300][370.358s][info][gc] GC(4023) Pause Young (Allocation Failure) 98M->98M(228M) 113.081ms
[2020-01-29T22:47:17.634+0300][370.474s][info][gc] GC(4024) Pause Young (Allocation Failure) 127M->127M(228M) 111.740ms
[2020-01-29T22:47:17.721+0300][370.561s][info][gc] GC(4025) Pause Young (Allocation Failure) 156M->156M(228M) 74.340ms
[2020-01-29T22:47:17.733+0300][370.573s][info][gc] GC(4026) Pause Full (Ergonomics) 156M->22M(228M) 12.645ms
[2020-01-29T22:47:17.799+0300][370.639s][info][gc] GC(4027) Pause Young (Allocation Failure) 51M->51M(228M) 61.637ms
[2020-01-29T22:47:17.915+0300][370.756s][info][gc] GC(4028) Pause Young (Allocation Failure) 80M->80M(228M) 113.254ms
[2020-01-29T22:47:18.032+0300][370.873s][info][gc] GC(4029) Pause Young (Allocation Failure) 109M->109M(228M) 113.565ms
[2020-01-29T22:47:18.153+0300][370.993s][info][gc] GC(4030) Pause Young (Allocation Failure) 157M->158M(228M) 104.803ms
[2020-01-29T22:47:18.172+0300][371.012s][info][gc] GC(4031) Pause Full (Ergonomics) 158M->23M(228M) 19.448ms
[2020-01-29T22:47:18.237+0300][371.076s][info][gc] GC(4032) Pause Young (Allocation Failure) 52M->52M(228M) 60.270ms
[2020-01-29T22:47:18.347+0300][371.188s][info][gc] GC(4033) Pause Young (Allocation Failure) 81M->81M(228M) 107.850ms
[2020-01-29T22:47:18.476+0300][371.316s][info][gc] GC(4034) Pause Young (Allocation Failure) 110M->110M(228M) 109.471ms
[2020-01-29T22:47:18.597+0300][371.437s][info][gc] GC(4035) Pause Young (Allocation Failure) 158M->159M(228M) 106.002ms
[2020-01-29T22:47:18.619+0300][371.459s][info][gc] GC(4036) Pause Full (Ergonomics) 159M->25M(228M) 21.896ms
[2020-01-29T22:47:18.683+0300][371.523s][info][gc] GC(4037) Pause Young (Allocation Failure) 54M->54M(228M) 60.496ms
[2020-01-29T22:47:18.797+0300][371.637s][info][gc] GC(4038) Pause Young (Allocation Failure) 83M->83M(228M) 110.690ms
[2020-01-29T22:47:18.913+0300][371.754s][info][gc] GC(4039) Pause Young (Allocation Failure) 112M->112M(228M) 112.529ms
[2020-01-29T22:47:19.029+0300][371.868s][info][gc] GC(4040) Pause Young (Allocation Failure) 160M->160M(228M) 100.100ms
[2020-01-29T22:47:19.058+0300][371.898s][info][gc] GC(4041) Pause Full (Ergonomics) 160M->26M(228M) 29.173ms
[2020-01-29T22:47:19.123+0300][371.964s][info][gc] GC(4042) Pause Young (Allocation Failure) 55M->55M(228M) 62.254ms
[2020-01-29T22:47:19.232+0300][372.072s][info][gc] GC(4043) Pause Young (Allocation Failure) 84M->84M(228M) 105.016ms
[2020-01-29T22:47:19.342+0300][372.181s][info][gc] GC(4044) Pause Young (Allocation Failure) 113M->113M(228M) 105.487ms
[2020-01-29T22:47:19.453+0300][372.293s][info][gc] GC(4045) Pause Young (Allocation Failure) 161M->161M(228M) 96.783ms
[2020-01-29T22:47:19.487+0300][372.327s][info][gc] GC(4046) Pause Full (Ergonomics) 161M->27M(228M) 34.437ms
[2020-01-29T22:47:19.558+0300][372.397s][info][gc] GC(4047) Pause Young (Allocation Failure) 56M->56M(228M) 66.548ms
[2020-01-29T22:47:19.674+0300][372.514s][info][gc] GC(4048) Pause Young (Allocation Failure) 85M->85M(228M) 113.300ms
[2020-01-29T22:47:19.793+0300][372.633s][info][gc] GC(4049) Pause Young (Allocation Failure) 114M->114M(228M) 114.897ms
[2020-01-29T22:47:19.932+0300][372.773s][info][gc] GC(4050) Pause Young (Allocation Failure) 162M->162M(228M) 124.846ms
[2020-01-29T22:47:19.984+0300][372.824s][info][gc] GC(4051) Pause Full (Ergonomics) 162M->28M(228M) 51.061ms
[2020-01-29T22:47:20.051+0300][372.891s][info][gc] GC(4052) Pause Young (Allocation Failure) 57M->57M(228M) 63.286ms
[2020-01-29T22:47:20.162+0300][373.001s][info][gc] GC(4053) Pause Young (Allocation Failure) 86M->86M(228M) 106.888ms
[2020-01-29T22:47:20.278+0300][373.118s][info][gc] GC(4054) Pause Young (Allocation Failure) 115M->115M(228M) 113.025ms
[2020-01-29T22:47:20.378+0300][373.218s][info][gc] GC(4055) Pause Young (Allocation Failure) 163M->163M(228M) 84.383ms
[2020-01-29T22:47:20.421+0300][373.261s][info][gc] GC(4056) Pause Full (Ergonomics) 163M->29M(228M) 42.799ms
[2020-01-29T22:47:20.485+0300][373.325s][info][gc] GC(4057) Pause Young (Allocation Failure) 58M->58M(228M) 60.508ms
[2020-01-29T22:47:20.598+0300][373.439s][info][gc] GC(4058) Pause Young (Allocation Failure) 87M->88M(228M) 110.330ms
[2020-01-29T22:47:20.722+0300][373.562s][info][gc] GC(4059) Pause Young (Allocation Failure) 117M->117M(228M) 119.220ms
[2020-01-29T22:47:20.862+0300][373.702s][info][gc] GC(4060) Pause Young (Allocation Failure) 165M->165M(228M) 125.259ms
[2020-01-29T22:47:20.922+0300][373.761s][info][gc] GC(4061) Pause Full (Ergonomics) 165M->31M(228M) 59.489ms
[2020-01-29T22:47:20.987+0300][373.827s][info][gc] GC(4062) Pause Young (Allocation Failure) 60M->60M(228M) 61.675ms
[2020-01-29T22:47:21.107+0300][373.947s][info][gc] GC(4063) Pause Young (Allocation Failure) 89M->89M(228M) 115.805ms
[2020-01-29T22:47:21.221+0300][374.061s][info][gc] GC(4064) Pause Young (Allocation Failure) 118M->118M(228M) 110.877ms
[2020-01-29T22:47:21.318+0300][374.158s][info][gc] GC(4065) Pause Young (Allocation Failure) 166M->166M(228M) 81.186ms
[2020-01-29T22:47:21.369+0300][374.208s][info][gc] GC(4066) Pause Full (Ergonomics) 166M->32M(228M) 50.757ms
[2020-01-29T22:47:21.432+0300][374.272s][info][gc] GC(4067) Pause Young (Allocation Failure) 61M->61M(228M) 59.747ms
[2020-01-29T22:47:21.547+0300][374.387s][info][gc] GC(4068) Pause Young (Allocation Failure) 90M->90M(228M) 111.850ms
[2020-01-29T22:47:21.660+0300][374.500s][info][gc] GC(4069) Pause Young (Allocation Failure) 119M->119M(228M) 109.309ms
[2020-01-29T22:47:21.760+0300][374.600s][info][gc] GC(4070) Pause Young (Allocation Failure) 167M->167M(228M) 84.740ms
[2020-01-29T22:47:21.816+0300][374.656s][info][gc] GC(4071) Pause Full (Ergonomics) 167M->33M(228M) 56.054ms
[2020-01-29T22:47:21.881+0300][374.721s][info][gc] GC(4072) Pause Young (Allocation Failure) 62M->62M(228M) 60.997ms
[2020-01-29T22:47:22.001+0300][374.841s][info][gc] GC(4073) Pause Young (Allocation Failure) 91M->91M(228M) 116.701ms
[2020-01-29T22:47:22.119+0300][374.959s][info][gc] GC(4074) Pause Young (Allocation Failure) 120M->120M(228M) 113.996ms
[2020-01-29T22:47:22.218+0300][375.058s][info][gc] GC(4075) Pause Young (Allocation Failure) 168M->168M(228M) 84.035ms
[2020-01-29T22:47:22.278+0300][375.118s][info][gc] GC(4076) Pause Full (Ergonomics) 168M->34M(228M) 59.889ms
[2020-01-29T22:47:22.340+0300][375.180s][info][gc] GC(4077) Pause Young (Allocation Failure) 63M->63M(228M) 58.238ms
[2020-01-29T22:47:22.482+0300][375.322s][info][gc] GC(4078) Pause Young (Allocation Failure) 92M->92M(228M) 138.152ms
[2020-01-29T22:47:22.593+0300][375.433s][info][gc] GC(4079) Pause Young (Allocation Failure) 121M->122M(228M) 107.495ms
[2020-01-29T22:47:22.679+0300][375.520s][info][gc] GC(4080) Pause Young (Allocation Failure) 170M->170M(228M) 71.480ms
[2020-01-29T22:47:22.750+0300][375.590s][info][gc] GC(4081) Pause Full (Ergonomics) 170M->36M(228M) 70.364ms
[2020-01-29T22:47:22.817+0300][375.657s][info][gc] GC(4082) Pause Young (Allocation Failure) 65M->65M(228M) 59.628ms
[2020-01-29T22:47:22.927+0300][375.767s][info][gc] GC(4083) Pause Young (Allocation Failure) 94M->94M(228M) 106.447ms
[2020-01-29T22:47:23.039+0300][375.880s][info][gc] GC(4084) Pause Young (Allocation Failure) 123M->123M(228M) 109.009ms
[2020-01-29T22:47:23.131+0300][375.972s][info][gc] GC(4085) Pause Young (Allocation Failure) 171M->171M(228M) 76.772ms
[2020-01-29T22:47:23.208+0300][376.048s][info][gc] GC(4086) Pause Full (Ergonomics) 171M->37M(228M) 76.404ms
[2020-01-29T22:47:23.273+0300][376.113s][info][gc] GC(4087) Pause Young (Allocation Failure) 66M->66M(228M) 60.776ms
[2020-01-29T22:47:23.394+0300][376.233s][info][gc] GC(4088) Pause Young (Allocation Failure) 95M->95M(228M) 116.799ms
[2020-01-29T22:47:23.508+0300][376.349s][info][gc] GC(4089) Pause Young (Allocation Failure) 124M->124M(228M) 111.849ms
[2020-01-29T22:47:23.594+0300][376.434s][info][gc] GC(4090) Pause Young (Allocation Failure) 172M->172M(228M) 70.495ms
[2020-01-29T22:47:23.668+0300][376.507s][info][gc] GC(4091) Pause Full (Ergonomics) 172M->38M(228M) 73.099ms
[2020-01-29T22:47:23.741+0300][376.580s][info][gc] GC(4092) Pause Young (Allocation Failure) 67M->67M(228M) 69.051ms
[2020-01-29T22:47:23.851+0300][376.691s][info][gc] GC(4093) Pause Young (Allocation Failure) 96M->96M(228M) 107.612ms
[2020-01-29T22:47:23.972+0300][376.812s][info][gc] GC(4094) Pause Young (Allocation Failure) 125M->125M(228M) 117.003ms
[2020-01-29T22:47:24.065+0300][376.905s][info][gc] GC(4095) Pause Young (Allocation Failure) 173M->173M(228M) 77.241ms
[2020-01-29T22:47:24.144+0300][376.983s][info][gc] GC(4096) Pause Full (Ergonomics) 173M->39M(228M) 78.413ms
[2020-01-29T22:47:24.210+0300][377.050s][info][gc] GC(4097) Pause Young (Allocation Failure) 68M->68M(228M) 63.092ms
[2020-01-29T22:47:24.326+0300][377.166s][info][gc] GC(4098) Pause Young (Allocation Failure) 97M->97M(228M) 112.635ms
[2020-01-29T22:47:24.436+0300][377.276s][info][gc] GC(4099) Pause Young (Allocation Failure) 126M->127M(228M) 106.097ms
[2020-01-29T22:47:24.556+0300][377.396s][info][gc] GC(4100) Pause Young (Allocation Failure) 156M->156M(228M) 107.575ms
[2020-01-29T22:47:24.570+0300][377.410s][info][gc] GC(4101) Pause Full (Ergonomics) 156M->22M(228M) 13.656ms
[2020-01-29T22:47:24.632+0300][377.472s][info][gc] GC(4102) Pause Young (Allocation Failure) 51M->51M(228M) 57.753ms
[2020-01-29T22:47:24.750+0300][377.590s][info][gc] GC(4103) Pause Young (Allocation Failure) 80M->80M(228M) 114.351ms
[2020-01-29T22:47:24.862+0300][377.702s][info][gc] GC(4104) Pause Young (Allocation Failure) 109M->109M(228M) 107.515ms
[2020-01-29T22:47:25.011+0300][377.851s][info][gc] GC(4105) Pause Young (Allocation Failure) 157M->157M(228M) 134.309ms
[2020-01-29T22:47:25.031+0300][377.871s][info][gc] GC(4106) Pause Full (Ergonomics) 157M->23M(228M) 19.877ms
[2020-01-29T22:47:25.092+0300][377.932s][info][gc] GC(4107) Pause Young (Allocation Failure) 52M->52M(228M) 57.176ms
[2020-01-29T22:47:25.209+0300][378.049s][info][gc] GC(4108) Pause Young (Allocation Failure) 81M->81M(228M) 112.945ms
[2020-01-29T22:47:25.318+0300][378.159s][info][gc] GC(4109) Pause Young (Allocation Failure) 110M->110M(228M) 106.422ms
[2020-01-29T22:47:25.441+0300][378.281s][info][gc] GC(4110) Pause Young (Allocation Failure) 158M->158M(228M) 107.414ms
[2020-01-29T22:47:25.465+0300][378.306s][info][gc] GC(4111) Pause Full (Ergonomics) 158M->24M(228M) 23.938ms
[2020-01-29T22:47:25.531+0300][378.371s][info][gc] GC(4112) Pause Young (Allocation Failure) 53M->53M(228M) 62.225ms
[2020-01-29T22:47:25.636+0300][378.475s][info][gc] GC(4113) Pause Young (Allocation Failure) 82M->82M(228M) 100.469ms
[2020-01-29T22:47:25.756+0300][378.597s][info][gc] GC(4114) Pause Young (Allocation Failure) 111M->111M(228M) 117.476ms
[2020-01-29T22:47:25.876+0300][378.716s][info][gc] GC(4115) Pause Young (Allocation Failure) 159M->159M(228M) 104.894ms
[2020-01-29T22:47:25.903+0300][378.744s][info][gc] GC(4116) Pause Full (Ergonomics) 159M->25M(228M) 27.564ms
[2020-01-29T22:47:25.968+0300][378.808s][info][gc] GC(4117) Pause Young (Allocation Failure) 54M->54M(228M) 60.219ms
[2020-01-29T22:47:26.072+0300][378.913s][info][gc] GC(4118) Pause Young (Allocation Failure) 83M->83M(228M) 101.303ms
[2020-01-29T22:47:26.192+0300][379.032s][info][gc] GC(4119) Pause Young (Allocation Failure) 112M->112M(228M) 115.900ms
[2020-01-29T22:47:26.324+0300][379.164s][info][gc] GC(4120) Pause Young (Allocation Failure) 161M->161M(228M) 116.490ms
[2020-01-29T22:47:26.365+0300][379.205s][info][gc] GC(4121) Pause Full (Ergonomics) 161M->27M(228M) 41.119ms
[2020-01-29T22:47:26.429+0300][379.269s][info][gc] GC(4122) Pause Young (Allocation Failure) 56M->56M(228M) 60.392ms
[2020-01-29T22:47:26.541+0300][379.381s][info][gc] GC(4123) Pause Young (Allocation Failure) 85M->85M(228M) 108.644ms
[2020-01-29T22:47:26.651+0300][379.491s][info][gc] GC(4124) Pause Young (Allocation Failure) 114M->114M(228M) 106.376ms
[2020-01-29T22:47:26.765+0300][379.604s][info][gc] GC(4125) Pause Young (Allocation Failure) 162M->162M(228M) 98.493ms
[2020-01-29T22:47:26.800+0300][379.641s][info][gc] GC(4126) Pause Full (Ergonomics) 162M->28M(228M) 36.159ms
[2020-01-29T22:47:26.864+0300][379.705s][info][gc] GC(4127) Pause Young (Allocation Failure) 57M->57M(228M) 60.415ms
[2020-01-29T22:47:26.979+0300][379.819s][info][gc] GC(4128) Pause Young (Allocation Failure) 86M->86M(228M) 110.130ms
[2020-01-29T22:47:27.110+0300][379.950s][info][gc] GC(4129) Pause Young (Allocation Failure) 115M->115M(228M) 127.939ms
[2020-01-29T22:47:27.242+0300][380.082s][info][gc] GC(4130) Pause Young (Allocation Failure) 163M->163M(228M) 116.311ms
[2020-01-29T22:47:27.296+0300][380.136s][info][gc] GC(4131) Pause Full (Ergonomics) 163M->29M(228M) 53.859ms
[2020-01-29T22:47:27.359+0300][380.198s][info][gc] GC(4132) Pause Young (Allocation Failure) 58M->58M(228M) 58.346ms
[2020-01-29T22:47:27.478+0300][380.318s][info][gc] GC(4133) Pause Young (Allocation Failure) 87M->87M(228M) 115.936ms
[2020-01-29T22:47:27.592+0300][380.432s][info][gc] GC(4134) Pause Young (Allocation Failure) 116M->116M(228M) 110.520ms
[2020-01-29T22:47:27.724+0300][380.564s][info][gc] GC(4135) Pause Young (Allocation Failure) 164M->164M(228M) 117.356ms
[2020-01-29T22:47:27.780+0300][380.620s][info][gc] GC(4136) Pause Full (Ergonomics) 164M->30M(228M) 56.100ms
[2020-01-29T22:47:27.845+0300][380.684s][info][gc] GC(4137) Pause Young (Allocation Failure) 59M->59M(228M) 60.852ms
[2020-01-29T22:47:27.959+0300][380.799s][info][gc] GC(4138) Pause Young (Allocation Failure) 88M->88M(228M) 110.579ms
[2020-01-29T22:47:28.071+0300][380.911s][info][gc] GC(4139) Pause Young (Allocation Failure) 117M->117M(228M) 108.692ms
[2020-01-29T22:47:28.174+0300][381.014s][info][gc] GC(4140) Pause Young (Allocation Failure) 165M->166M(228M) 87.734ms
[2020-01-29T22:47:28.223+0300][381.063s][info][gc] GC(4141) Pause Full (Ergonomics) 166M->32M(228M) 48.831ms
[2020-01-29T22:47:28.285+0300][381.125s][info][gc] GC(4142) Pause Young (Allocation Failure) 61M->61M(228M) 58.553ms
[2020-01-29T22:47:28.396+0300][381.236s][info][gc] GC(4143) Pause Young (Allocation Failure) 90M->90M(228M) 107.073ms
[2020-01-29T22:47:28.510+0300][381.351s][info][gc] GC(4144) Pause Young (Allocation Failure) 119M->119M(228M) 111.053ms
[2020-01-29T22:47:28.650+0300][381.490s][info][gc] GC(4145) Pause Young (Allocation Failure) 167M->167M(228M) 123.870ms
[2020-01-29T22:47:28.707+0300][381.547s][info][gc] GC(4146) Pause Full (Ergonomics) 167M->33M(228M) 56.868ms
[2020-01-29T22:47:28.768+0300][381.608s][info][gc] GC(4147) Pause Young (Allocation Failure) 62M->62M(228M) 57.492ms
[2020-01-29T22:47:28.880+0300][381.721s][info][gc] GC(4148) Pause Young (Allocation Failure) 91M->91M(228M) 109.144ms
[2020-01-29T22:47:29.027+0300][381.867s][info][gc] GC(4149) Pause Young (Allocation Failure) 120M->120M(228M) 141.839ms
[2020-01-29T22:47:29.123+0300][381.964s][info][gc] GC(4150) Pause Young (Allocation Failure) 168M->168M(228M) 82.017ms
[2020-01-29T22:47:29.186+0300][382.026s][info][gc] GC(4151) Pause Full (Ergonomics) 168M->34M(228M) 61.539ms
[2020-01-29T22:47:29.246+0300][382.085s][info][gc] GC(4152) Pause Young (Allocation Failure) 63M->63M(228M) 55.775ms
[2020-01-29T22:47:29.359+0300][382.199s][info][gc] GC(4153) Pause Young (Allocation Failure) 92M->92M(228M) 110.006ms
[2020-01-29T22:47:29.478+0300][382.318s][info][gc] GC(4154) Pause Young (Allocation Failure) 121M->121M(228M) 115.890ms
[2020-01-29T22:47:29.615+0300][382.455s][info][gc] GC(4155) Pause Young (Allocation Failure) 169M->169M(228M) 122.053ms
[2020-01-29T22:47:29.695+0300][382.535s][info][gc] GC(4156) Pause Full (Ergonomics) 169M->35M(228M) 80.052ms
[2020-01-29T22:47:29.757+0300][382.598s][info][gc] GC(4157) Pause Young (Allocation Failure) 64M->64M(228M) 58.686ms
[2020-01-29T22:47:29.882+0300][382.722s][info][gc] GC(4158) Pause Young (Allocation Failure) 93M->93M(228M) 120.849ms
[2020-01-29T22:47:30.002+0300][382.842s][info][gc] GC(4159) Pause Young (Allocation Failure) 122M->122M(228M) 115.972ms
[2020-01-29T22:47:30.090+0300][382.930s][info][gc] GC(4160) Pause Young (Allocation Failure) 170M->170M(228M) 73.653ms
[2020-01-29T22:47:30.159+0300][382.999s][info][gc] GC(4161) Pause Full (Ergonomics) 170M->36M(228M) 69.050ms
[2020-01-29T22:47:30.226+0300][383.066s][info][gc] GC(4162) Pause Young (Allocation Failure) 65M->65M(228M) 62.791ms
[2020-01-29T22:47:30.343+0300][383.182s][info][gc] GC(4163) Pause Young (Allocation Failure) 94M->95M(228M) 112.830ms
[2020-01-29T22:47:30.459+0300][383.300s][info][gc] GC(4164) Pause Young (Allocation Failure) 124M->124M(228M) 113.592ms
[2020-01-29T22:47:30.549+0300][383.390s][info][gc] GC(4165) Pause Young (Allocation Failure) 172M->172M(228M) 74.695ms
[2020-01-29T22:47:30.622+0300][383.462s][info][gc] GC(4166) Pause Full (Ergonomics) 172M->38M(228M) 72.474ms
[2020-01-29T22:47:30.688+0300][383.528s][info][gc] GC(4167) Pause Young (Allocation Failure) 67M->67M(228M) 62.402ms
[2020-01-29T22:47:30.806+0300][383.646s][info][gc] GC(4168) Pause Young (Allocation Failure) 96M->96M(228M) 114.235ms
[2020-01-29T22:47:30.924+0300][383.764s][info][gc] GC(4169) Pause Young (Allocation Failure) 125M->125M(228M) 114.783ms
[2020-01-29T22:47:31.006+0300][383.846s][info][gc] GC(4170) Pause Young (Allocation Failure) 173M->173M(228M) 66.293ms
[2020-01-29T22:47:31.086+0300][383.926s][info][gc] GC(4171) Pause Full (Ergonomics) 173M->39M(228M) 79.438ms
[2020-01-29T22:47:31.148+0300][383.987s][info][gc] GC(4172) Pause Young (Allocation Failure) 68M->68M(228M) 57.931ms
[2020-01-29T22:47:31.263+0300][384.103s][info][gc] GC(4173) Pause Young (Allocation Failure) 97M->97M(228M) 112.439ms
[2020-01-29T22:47:31.378+0300][384.218s][info][gc] GC(4174) Pause Young (Allocation Failure) 126M->126M(228M) 111.342ms
[2020-01-29T22:47:31.469+0300][384.309s][info][gc] GC(4175) Pause Young (Allocation Failure) 155M->155M(228M) 78.563ms
[2020-01-29T22:47:31.480+0300][384.320s][info][gc] GC(4176) Pause Full (Ergonomics) 155M->21M(228M) 11.288ms
[2020-01-29T22:47:31.547+0300][384.387s][info][gc] GC(4177) Pause Young (Allocation Failure) 50M->50M(228M) 63.437ms
[2020-01-29T22:47:31.661+0300][384.501s][info][gc] GC(4178) Pause Young (Allocation Failure) 79M->80M(228M) 109.938ms
[2020-01-29T22:47:31.783+0300][384.623s][info][gc] GC(4179) Pause Young (Allocation Failure) 109M->109M(228M) 117.515ms
[2020-01-29T22:47:31.906+0300][384.745s][info][gc] GC(4180) Pause Young (Allocation Failure) 157M->157M(228M) 107.920ms
[2020-01-29T22:47:31.923+0300][384.763s][info][gc] GC(4181) Pause Full (Ergonomics) 157M->22M(228M) 17.372ms
[2020-01-29T22:47:31.986+0300][384.827s][info][gc] GC(4182) Pause Young (Allocation Failure) 51M->51M(228M) 60.231ms
[2020-01-29T22:47:32.107+0300][384.948s][info][gc] GC(4183) Pause Young (Allocation Failure) 80M->80M(228M) 117.117ms
[2020-01-29T22:47:32.222+0300][385.062s][info][gc] GC(4184) Pause Young (Allocation Failure) 109M->109M(228M) 110.529ms
[2020-01-29T22:47:32.335+0300][385.175s][info][gc] GC(4185) Pause Young (Allocation Failure) 158M->158M(228M) 99.150ms
[2020-01-29T22:47:32.357+0300][385.197s][info][gc] GC(4186) Pause Full (Ergonomics) 158M->24M(228M) 21.671ms
[2020-01-29T22:47:32.420+0300][385.260s][info][gc] GC(4187) Pause Young (Allocation Failure) 53M->53M(228M) 59.476ms
[2020-01-29T22:47:32.529+0300][385.369s][info][gc] GC(4188) Pause Young (Allocation Failure) 82M->82M(228M) 104.995ms
[2020-01-29T22:47:32.647+0300][385.486s][info][gc] GC(4189) Pause Young (Allocation Failure) 111M->111M(228M) 113.790ms
[2020-01-29T22:47:32.767+0300][385.607s][info][gc] GC(4190) Pause Young (Allocation Failure) 159M->159M(228M) 105.990ms
[2020-01-29T22:47:32.792+0300][385.632s][info][gc] GC(4191) Pause Full (Ergonomics) 159M->25M(228M) 24.631ms
[2020-01-29T22:47:32.853+0300][385.693s][info][gc] GC(4192) Pause Young (Allocation Failure) 54M->54M(228M) 57.377ms
[2020-01-29T22:47:32.967+0300][385.807s][info][gc] GC(4193) Pause Young (Allocation Failure) 83M->83M(228M) 110.371ms
[2020-01-29T22:47:33.079+0300][385.919s][info][gc] GC(4194) Pause Young (Allocation Failure) 112M->112M(228M) 107.720ms
[2020-01-29T22:47:33.189+0300][386.030s][info][gc] GC(4195) Pause Young (Allocation Failure) 160M->160M(228M) 95.778ms
[2020-01-29T22:47:33.222+0300][386.062s][info][gc] GC(4196) Pause Full (Ergonomics) 160M->26M(228M) 32.136ms
[2020-01-29T22:47:33.285+0300][386.125s][info][gc] GC(4197) Pause Young (Allocation Failure) 55M->55M(228M) 59.917ms
[2020-01-29T22:47:33.405+0300][386.244s][info][gc] GC(4198) Pause Young (Allocation Failure) 84M->84M(228M) 115.010ms
[2020-01-29T22:47:33.524+0300][386.365s][info][gc] GC(4199) Pause Young (Allocation Failure) 113M->113M(228M) 116.511ms
[2020-01-29T22:47:33.630+0300][386.470s][info][gc] GC(4200) Pause Young (Allocation Failure) 161M->161M(228M) 90.752ms
[2020-01-29T22:47:33.667+0300][386.507s][info][gc] GC(4201) Pause Full (Ergonomics) 161M->27M(228M) 36.143ms
[2020-01-29T22:47:33.732+0300][386.572s][info][gc] GC(4202) Pause Young (Allocation Failure) 56M->56M(228M) 61.908ms
[2020-01-29T22:47:33.843+0300][386.683s][info][gc] GC(4203) Pause Young (Allocation Failure) 85M->86M(228M) 107.573ms
[2020-01-29T22:47:33.971+0300][386.811s][info][gc] GC(4204) Pause Young (Allocation Failure) 115M->115M(228M) 124.255ms
[2020-01-29T22:47:34.074+0300][386.913s][info][gc] GC(4205) Pause Young (Allocation Failure) 163M->163M(228M) 86.956ms
[2020-01-29T22:47:34.114+0300][386.953s][info][gc] GC(4206) Pause Full (Ergonomics) 163M->29M(228M) 39.901ms
[2020-01-29T22:47:34.178+0300][387.017s][info][gc] GC(4207) Pause Young (Allocation Failure) 58M->58M(228M) 60.060ms
[2020-01-29T22:47:34.295+0300][387.135s][info][gc] GC(4208) Pause Young (Allocation Failure) 87M->87M(228M) 113.892ms
[2020-01-29T22:47:34.411+0300][387.252s][info][gc] GC(4209) Pause Young (Allocation Failure) 116M->116M(228M) 113.345ms
[2020-01-29T22:47:34.513+0300][387.353s][info][gc] GC(4210) Pause Young (Allocation Failure) 164M->164M(228M) 86.171ms
[2020-01-29T22:47:34.556+0300][387.396s][info][gc] GC(4211) Pause Full (Ergonomics) 164M->30M(228M) 43.334ms
[2020-01-29T22:47:34.622+0300][387.461s][info][gc] GC(4212) Pause Young (Allocation Failure) 59M->59M(228M) 61.472ms
[2020-01-29T22:47:34.738+0300][387.578s][info][gc] GC(4213) Pause Young (Allocation Failure) 88M->88M(228M) 112.717ms
[2020-01-29T22:47:34.857+0300][387.696s][info][gc] GC(4214) Pause Young (Allocation Failure) 117M->117M(228M) 114.862ms
[2020-01-29T22:47:34.958+0300][387.798s][info][gc] GC(4215) Pause Young (Allocation Failure) 165M->165M(228M) 86.752ms
[2020-01-29T22:47:35.009+0300][387.849s][info][gc] GC(4216) Pause Full (Ergonomics) 165M->31M(228M) 50.811ms
[2020-01-29T22:47:35.075+0300][387.916s][info][gc] GC(4217) Pause Young (Allocation Failure) 60M->60M(228M) 62.837ms
[2020-01-29T22:47:35.193+0300][388.033s][info][gc] GC(4218) Pause Young (Allocation Failure) 89M->89M(228M) 114.131ms
[2020-01-29T22:47:35.310+0300][388.150s][info][gc] GC(4219) Pause Young (Allocation Failure) 118M->118M(228M) 112.900ms
[2020-01-29T22:47:35.406+0300][388.246s][info][gc] GC(4220) Pause Young (Allocation Failure) 166M->166M(228M) 80.893ms
[2020-01-29T22:47:35.460+0300][388.299s][info][gc] GC(4221) Pause Full (Ergonomics) 166M->32M(228M) 53.532ms
[2020-01-29T22:47:35.528+0300][388.369s][info][gc] GC(4222) Pause Young (Allocation Failure) 61M->61M(228M) 65.675ms
[2020-01-29T22:47:35.647+0300][388.487s][info][gc] GC(4223) Pause Young (Allocation Failure) 90M->90M(228M) 115.076ms
[2020-01-29T22:47:35.764+0300][388.604s][info][gc] GC(4224) Pause Young (Allocation Failure) 119M->119M(228M) 112.823ms
[2020-01-29T22:47:35.856+0300][388.696s][info][gc] GC(4225) Pause Young (Allocation Failure) 168M->168M(228M) 76.029ms
[2020-01-29T22:47:35.912+0300][388.752s][info][gc] GC(4226) Pause Full (Ergonomics) 168M->34M(228M) 56.341ms
[2020-01-29T22:47:35.975+0300][388.816s][info][gc] GC(4227) Pause Young (Allocation Failure) 63M->63M(228M) 59.563ms
[2020-01-29T22:47:36.086+0300][388.926s][info][gc] GC(4228) Pause Young (Allocation Failure) 92M->92M(228M) 107.020ms
[2020-01-29T22:47:36.203+0300][389.042s][info][gc] GC(4229) Pause Young (Allocation Failure) 121M->121M(228M) 112.416ms
[2020-01-29T22:47:36.342+0300][389.182s][info][gc] GC(4230) Pause Young (Allocation Failure) 169M->169M(228M) 124.275ms
[2020-01-29T22:47:36.422+0300][389.262s][info][gc] GC(4231) Pause Full (Ergonomics) 169M->35M(228M) 79.660ms
[2020-01-29T22:47:36.493+0300][389.333s][info][gc] GC(4232) Pause Young (Allocation Failure) 64M->64M(228M) 67.419ms
[2020-01-29T22:47:36.607+0300][389.447s][info][gc] GC(4233) Pause Young (Allocation Failure) 93M->93M(228M) 110.453ms
[2020-01-29T22:47:36.724+0300][389.564s][info][gc] GC(4234) Pause Young (Allocation Failure) 122M->122M(228M) 113.404ms
[2020-01-29T22:47:36.815+0300][389.655s][info][gc] GC(4235) Pause Young (Allocation Failure) 170M->170M(228M) 75.123ms
[2020-01-29T22:47:36.882+0300][389.722s][info][gc] GC(4236) Pause Full (Ergonomics) 170M->36M(228M) 67.675ms
[2020-01-29T22:47:36.945+0300][389.785s][info][gc] GC(4237) Pause Young (Allocation Failure) 65M->65M(228M) 59.331ms
[2020-01-29T22:47:37.062+0300][389.902s][info][gc] GC(4238) Pause Young (Allocation Failure) 94M->94M(228M) 112.809ms
[2020-01-29T22:47:37.176+0300][390.016s][info][gc] GC(4239) Pause Young (Allocation Failure) 123M->123M(228M) 110.509ms
[2020-01-29T22:47:37.313+0300][390.153s][info][gc] GC(4240) Pause Young (Allocation Failure) 171M->171M(228M) 122.011ms
[2020-01-29T22:47:37.394+0300][390.234s][info][gc] GC(4241) Pause Full (Ergonomics) 171M->37M(228M) 80.820ms
[2020-01-29T22:47:37.460+0300][390.300s][info][gc] GC(4242) Pause Young (Allocation Failure) 66M->66M(228M) 62.221ms
[2020-01-29T22:47:37.577+0300][390.417s][info][gc] GC(4243) Pause Young (Allocation Failure) 95M->95M(228M) 113.070ms
[2020-01-29T22:47:37.695+0300][390.535s][info][gc] GC(4244) Pause Young (Allocation Failure) 124M->124M(228M) 115.165ms
[2020-01-29T22:47:37.835+0300][390.674s][info][gc] GC(4245) Pause Young (Allocation Failure) 172M->173M(228M) 124.704ms
[2020-01-29T22:47:37.924+0300][390.764s][info][gc] GC(4246) Pause Full (Ergonomics) 173M->39M(228M) 89.367ms
[2020-01-29T22:47:37.988+0300][390.829s][info][gc] GC(4247) Pause Young (Allocation Failure) 68M->67M(228M) 61.102ms
[2020-01-29T22:47:38.103+0300][390.944s][info][gc] GC(4248) Pause Young (Allocation Failure) 96M->97M(228M) 111.221ms
[2020-01-29T22:47:38.230+0300][391.070s][info][gc] GC(4249) Pause Young (Allocation Failure) 126M->126M(228M) 122.759ms
[2020-01-29T22:47:38.324+0300][391.163s][info][gc] GC(4250) Pause Young (Allocation Failure) 174M->174M(228M) 78.298ms
[2020-01-29T22:47:38.402+0300][391.242s][info][gc] GC(4251) Pause Full (Ergonomics) 174M->40M(228M) 78.669ms
[2020-01-29T22:47:38.484+0300][391.324s][info][gc] GC(4252) Pause Young (Allocation Failure) 69M->69M(228M) 78.701ms
[2020-01-29T22:47:38.596+0300][391.436s][info][gc] GC(4253) Pause Young (Allocation Failure) 98M->98M(228M) 107.691ms
[2020-01-29T22:47:38.712+0300][391.552s][info][gc] GC(4254) Pause Young (Allocation Failure) 127M->127M(228M) 112.227ms
[2020-01-29T22:47:38.796+0300][391.637s][info][gc] GC(4255) Pause Young (Allocation Failure) 156M->156M(228M) 72.755ms
[2020-01-29T22:47:38.810+0300][391.650s][info][gc] GC(4256) Pause Full (Ergonomics) 156M->22M(228M) 13.107ms
[2020-01-29T22:47:38.871+0300][391.711s][info][gc] GC(4257) Pause Young (Allocation Failure) 51M->51M(228M) 57.355ms
[2020-01-29T22:47:38.980+0300][391.820s][info][gc] GC(4258) Pause Young (Allocation Failure) 80M->80M(228M) 105.435ms
[2020-01-29T22:47:39.098+0300][391.937s][info][gc] GC(4259) Pause Young (Allocation Failure) 109M->109M(228M) 113.271ms
[2020-01-29T22:47:39.218+0300][392.058s][info][gc] GC(4260) Pause Young (Allocation Failure) 157M->158M(228M) 106.346ms
[2020-01-29T22:47:39.238+0300][392.078s][info][gc] GC(4261) Pause Full (Ergonomics) 158M->23M(228M) 19.912ms
[2020-01-29T22:47:39.301+0300][392.141s][info][gc] GC(4262) Pause Young (Allocation Failure) 52M->52M(228M) 58.547ms
[2020-01-29T22:47:39.409+0300][392.249s][info][gc] GC(4263) Pause Young (Allocation Failure) 81M->81M(228M) 104.852ms
[2020-01-29T22:47:39.528+0300][392.368s][info][gc] GC(4264) Pause Young (Allocation Failure) 110M->110M(228M) 115.688ms
[2020-01-29T22:47:39.649+0300][392.489s][info][gc] GC(4265) Pause Young (Allocation Failure) 158M->158M(228M) 105.921ms
[2020-01-29T22:47:39.673+0300][392.513s][info][gc] GC(4266) Pause Full (Ergonomics) 158M->24M(228M) 24.251ms
[2020-01-29T22:47:39.735+0300][392.576s][info][gc] GC(4267) Pause Young (Allocation Failure) 53M->53M(228M) 58.630ms
[2020-01-29T22:47:39.845+0300][392.684s][info][gc] GC(4268) Pause Young (Allocation Failure) 82M->83M(228M) 105.041ms
[2020-01-29T22:47:39.963+0300][392.802s][info][gc] GC(4269) Pause Young (Allocation Failure) 112M->112M(228M) 114.350ms
[2020-01-29T22:47:40.100+0300][392.941s][info][gc] GC(4270) Pause Young (Allocation Failure) 160M->160M(228M) 123.226ms
[2020-01-29T22:47:40.140+0300][392.980s][info][gc] GC(4271) Pause Full (Ergonomics) 160M->26M(228M) 39.276ms
[2020-01-29T22:47:40.202+0300][393.042s][info][gc] GC(4272) Pause Young (Allocation Failure) 55M->55M(228M) 58.213ms
[2020-01-29T22:47:40.319+0300][393.159s][info][gc] GC(4273) Pause Young (Allocation Failure) 84M->84M(228M) 113.115ms
[2020-01-29T22:47:40.438+0300][393.278s][info][gc] GC(4274) Pause Young (Allocation Failure) 113M->113M(228M) 114.898ms
[2020-01-29T22:47:40.547+0300][393.387s][info][gc] GC(4275) Pause Young (Allocation Failure) 161M->161M(228M) 93.714ms
[2020-01-29T22:47:40.581+0300][393.421s][info][gc] GC(4276) Pause Full (Ergonomics) 161M->27M(228M) 33.978ms
[2020-01-29T22:47:40.642+0300][393.482s][info][gc] GC(4277) Pause Young (Allocation Failure) 56M->56M(228M) 57.507ms
[2020-01-29T22:47:40.760+0300][393.599s][info][gc] GC(4278) Pause Young (Allocation Failure) 85M->85M(228M) 113.493ms
[2020-01-29T22:47:40.877+0300][393.717s][info][gc] GC(4279) Pause Young (Allocation Failure) 114M->114M(228M) 114.306ms
[2020-01-29T22:47:40.978+0300][393.818s][info][gc] GC(4280) Pause Young (Allocation Failure) 162M->162M(228M) 85.939ms
[2020-01-29T22:47:41.015+0300][393.855s][info][gc] GC(4281) Pause Full (Ergonomics) 162M->28M(228M) 36.589ms
[2020-01-29T22:47:41.076+0300][393.916s][info][gc] GC(4282) Pause Young (Allocation Failure) 57M->57M(228M) 56.902ms
[2020-01-29T22:47:41.196+0300][394.036s][info][gc] GC(4283) Pause Young (Allocation Failure) 86M->86M(228M) 116.651ms
[2020-01-29T22:47:41.314+0300][394.154s][info][gc] GC(4284) Pause Young (Allocation Failure) 115M->115M(228M) 114.107ms
[2020-01-29T22:47:41.416+0300][394.256s][info][gc] GC(4285) Pause Young (Allocation Failure) 163M->163M(228M) 87.333ms
[2020-01-29T22:47:41.456+0300][394.296s][info][gc] GC(4286) Pause Full (Ergonomics) 163M->29M(228M) 40.320ms
[2020-01-29T22:47:41.521+0300][394.360s][info][gc] GC(4287) Pause Young (Allocation Failure) 58M->58M(228M) 60.222ms
[2020-01-29T22:47:41.637+0300][394.478s][info][gc] GC(4288) Pause Young (Allocation Failure) 87M->87M(228M) 113.811ms
[2020-01-29T22:47:41.757+0300][394.597s][info][gc] GC(4289) Pause Young (Allocation Failure) 116M->117M(228M) 115.222ms
[2020-01-29T22:47:41.856+0300][394.696s][info][gc] GC(4290) Pause Young (Allocation Failure) 165M->165M(228M) 84.735ms
[2020-01-29T22:47:41.904+0300][394.744s][info][gc] GC(4291) Pause Full (Ergonomics) 165M->31M(228M) 47.740ms
[2020-01-29T22:47:41.966+0300][394.806s][info][gc] GC(4292) Pause Young (Allocation Failure) 60M->60M(228M) 58.675ms
[2020-01-29T22:47:42.075+0300][394.915s][info][gc] GC(4293) Pause Young (Allocation Failure) 89M->89M(228M) 105.280ms
[2020-01-29T22:47:42.203+0300][395.042s][info][gc] GC(4294) Pause Young (Allocation Failure) 118M->118M(228M) 123.210ms
[2020-01-29T22:47:42.298+0300][395.139s][info][gc] GC(4295) Pause Young (Allocation Failure) 166M->166M(228M) 81.487ms
[2020-01-29T22:47:42.349+0300][395.189s][info][gc] GC(4296) Pause Full (Ergonomics) 166M->32M(228M) 50.109ms
[2020-01-29T22:47:42.414+0300][395.254s][info][gc] GC(4297) Pause Young (Allocation Failure) 61M->61M(228M) 61.494ms
[2020-01-29T22:47:42.532+0300][395.373s][info][gc] GC(4298) Pause Young (Allocation Failure) 90M->90M(228M) 114.755ms
[2020-01-29T22:47:42.649+0300][395.489s][info][gc] GC(4299) Pause Young (Allocation Failure) 119M->119M(228M) 113.155ms
[2020-01-29T22:47:42.743+0300][395.583s][info][gc] GC(4300) Pause Young (Allocation Failure) 167M->167M(228M) 78.986ms
[2020-01-29T22:47:42.799+0300][395.639s][info][gc] GC(4301) Pause Full (Ergonomics) 167M->33M(228M) 55.865ms
[2020-01-29T22:47:42.861+0300][395.702s][info][gc] GC(4302) Pause Young (Allocation Failure) 62M->62M(228M) 59.632ms
[2020-01-29T22:47:42.978+0300][395.818s][info][gc] GC(4303) Pause Young (Allocation Failure) 91M->91M(228M) 112.464ms
[2020-01-29T22:47:43.094+0300][395.934s][info][gc] GC(4304) Pause Young (Allocation Failure) 120M->120M(228M) 111.703ms
[2020-01-29T22:47:43.187+0300][396.027s][info][gc] GC(4305) Pause Young (Allocation Failure) 168M->168M(228M) 78.343ms
[2020-01-29T22:47:43.248+0300][396.088s][info][gc] GC(4306) Pause Full (Ergonomics) 168M->34M(228M) 60.920ms
[2020-01-29T22:47:43.315+0300][396.155s][info][gc] GC(4307) Pause Young (Allocation Failure) 63M->63M(228M) 63.063ms
[2020-01-29T22:47:43.430+0300][396.270s][info][gc] GC(4308) Pause Young (Allocation Failure) 92M->92M(228M) 111.069ms
[2020-01-29T22:47:43.549+0300][396.389s][info][gc] GC(4309) Pause Young (Allocation Failure) 121M->121M(228M) 115.299ms
[2020-01-29T22:47:43.638+0300][396.478s][info][gc] GC(4310) Pause Young (Allocation Failure) 170M->170M(228M) 74.692ms
[2020-01-29T22:47:43.701+0300][396.542s][info][gc] GC(4311) Pause Full (Ergonomics) 170M->36M(228M) 63.216ms
[2020-01-29T22:47:43.769+0300][396.609s][info][gc] GC(4312) Pause Young (Allocation Failure) 65M->65M(228M) 64.000ms
[2020-01-29T22:47:43.888+0300][396.728s][info][gc] GC(4313) Pause Young (Allocation Failure) 94M->94M(228M) 114.621ms
[2020-01-29T22:47:43.998+0300][396.839s][info][gc] GC(4314) Pause Young (Allocation Failure) 123M->123M(228M) 107.563ms
[2020-01-29T22:47:44.089+0300][396.930s][info][gc] GC(4315) Pause Young (Allocation Failure) 171M->171M(228M) 75.934ms
[2020-01-29T22:47:44.160+0300][397.000s][info][gc] GC(4316) Pause Full (Ergonomics) 171M->37M(228M) 70.222ms
[2020-01-29T22:47:44.226+0300][397.066s][info][gc] GC(4317) Pause Young (Allocation Failure) 66M->66M(228M) 62.604ms
[2020-01-29T22:47:44.345+0300][397.185s][info][gc] GC(4318) Pause Young (Allocation Failure) 95M->95M(228M) 115.464ms
[2020-01-29T22:47:44.456+0300][397.296s][info][gc] GC(4319) Pause Young (Allocation Failure) 124M->124M(228M) 106.905ms
[2020-01-29T22:47:44.544+0300][397.383s][info][gc] GC(4320) Pause Young (Allocation Failure) 172M->172M(228M) 72.336ms
[2020-01-29T22:47:44.615+0300][397.456s][info][gc] GC(4321) Pause Full (Ergonomics) 172M->38M(228M) 72.175ms
[2020-01-29T22:47:44.682+0300][397.523s][info][gc] GC(4322) Pause Young (Allocation Failure) 67M->67M(228M) 63.200ms
[2020-01-29T22:47:44.796+0300][397.636s][info][gc] GC(4323) Pause Young (Allocation Failure) 96M->96M(228M) 110.392ms
[2020-01-29T22:47:44.912+0300][397.752s][info][gc] GC(4324) Pause Young (Allocation Failure) 125M->125M(228M) 111.613ms
[2020-01-29T22:47:44.997+0300][397.837s][info][gc] GC(4325) Pause Young (Allocation Failure) 173M->173M(228M) 71.208ms
[2020-01-29T22:47:45.073+0300][397.913s][info][gc] GC(4326) Pause Full (Ergonomics) 173M->39M(228M) 75.488ms
[2020-01-29T22:47:45.139+0300][397.979s][info][gc] GC(4327) Pause Young (Allocation Failure) 68M->68M(228M) 61.870ms
[2020-01-29T22:47:45.259+0300][398.099s][info][gc] GC(4328) Pause Young (Allocation Failure) 97M->97M(228M) 116.153ms
[2020-01-29T22:47:45.373+0300][398.213s][info][gc] GC(4329) Pause Young (Allocation Failure) 126M->126M(228M) 111.055ms
[2020-01-29T22:47:45.460+0300][398.300s][info][gc] GC(4330) Pause Young (Allocation Failure) 155M->156M(228M) 74.248ms
[2020-01-29T22:47:45.471+0300][398.312s][info][gc] GC(4331) Pause Full (Ergonomics) 156M->22M(228M) 11.579ms
[2020-01-29T22:47:45.537+0300][398.377s][info][gc] GC(4332) Pause Young (Allocation Failure) 51M->51M(228M) 61.910ms
[2020-01-29T22:47:45.653+0300][398.492s][info][gc] GC(4333) Pause Young (Allocation Failure) 80M->80M(228M) 111.562ms
[2020-01-29T22:47:45.772+0300][398.612s][info][gc] GC(4334) Pause Young (Allocation Failure) 109M->109M(228M) 113.006ms
[2020-01-29T22:47:45.901+0300][398.742s][info][gc] GC(4335) Pause Young (Allocation Failure) 157M->157M(228M) 115.519ms
[2020-01-29T22:47:45.920+0300][398.760s][info][gc] GC(4336) Pause Full (Ergonomics) 157M->23M(228M) 18.299ms
[2020-01-29T22:47:45.987+0300][398.827s][info][gc] GC(4337) Pause Young (Allocation Failure) 52M->52M(228M) 63.059ms
[2020-01-29T22:47:46.100+0300][398.940s][info][gc] GC(4338) Pause Young (Allocation Failure) 81M->81M(228M) 109.553ms
[2020-01-29T22:47:46.216+0300][399.056s][info][gc] GC(4339) Pause Young (Allocation Failure) 110M->110M(228M) 112.254ms
[2020-01-29T22:47:46.351+0300][399.191s][info][gc] GC(4340) Pause Young (Allocation Failure) 158M->158M(228M) 120.034ms
[2020-01-29T22:47:46.383+0300][399.224s][info][gc] GC(4341) Pause Full (Ergonomics) 158M->24M(228M) 32.302ms
[2020-01-29T22:47:46.446+0300][399.286s][info][gc] GC(4342) Pause Young (Allocation Failure) 53M->53M(228M) 59.123ms
[2020-01-29T22:47:46.558+0300][399.398s][info][gc] GC(4343) Pause Young (Allocation Failure) 82M->82M(228M) 107.839ms
[2020-01-29T22:47:46.675+0300][399.516s][info][gc] GC(4344) Pause Young (Allocation Failure) 111M->111M(228M) 114.280ms
[2020-01-29T22:47:46.810+0300][399.650s][info][gc] GC(4345) Pause Young (Allocation Failure) 159M->159M(228M) 119.812ms
[2020-01-29T22:47:46.847+0300][399.687s][info][gc] GC(4346) Pause Full (Ergonomics) 159M->25M(228M) 37.284ms
[2020-01-29T22:47:46.914+0300][399.754s][info][gc] GC(4347) Pause Young (Allocation Failure) 54M->54M(228M) 62.770ms
[2020-01-29T22:47:47.025+0300][399.866s][info][gc] GC(4348) Pause Young (Allocation Failure) 83M->83M(228M) 108.341ms
[2020-01-29T22:47:47.142+0300][399.982s][info][gc] GC(4349) Pause Young (Allocation Failure) 112M->112M(228M) 112.756ms
[2020-01-29T22:47:47.256+0300][400.096s][info][gc] GC(4350) Pause Young (Allocation Failure) 160M->160M(228M) 98.875ms
[2020-01-29T22:47:47.288+0300][400.128s][info][gc] GC(4351) Pause Full (Ergonomics) 160M->27M(228M) 31.522ms
[2020-01-29T22:47:47.353+0300][400.192s][info][gc] GC(4352) Pause Young (Allocation Failure) 56M->56M(228M) 60.993ms
[2020-01-29T22:47:47.468+0300][400.308s][info][gc] GC(4353) Pause Young (Allocation Failure) 85M->85M(228M) 111.768ms
[2020-01-29T22:47:47.583+0300][400.424s][info][gc] GC(4354) Pause Young (Allocation Failure) 114M->114M(228M) 112.612ms
[2020-01-29T22:47:47.692+0300][400.532s][info][gc] GC(4355) Pause Young (Allocation Failure) 162M->162M(228M) 93.731ms
[2020-01-29T22:47:47.729+0300][400.569s][info][gc] GC(4356) Pause Full (Ergonomics) 162M->28M(228M) 36.290ms
[2020-01-29T22:47:47.792+0300][400.632s][info][gc] GC(4357) Pause Young (Allocation Failure) 57M->57M(228M) 59.921ms
[2020-01-29T22:47:47.902+0300][400.741s][info][gc] GC(4358) Pause Young (Allocation Failure) 86M->86M(228M) 105.603ms
[2020-01-29T22:47:48.017+0300][400.857s][info][gc] GC(4359) Pause Young (Allocation Failure) 115M->115M(228M) 111.540ms
[2020-01-29T22:47:48.157+0300][400.997s][info][gc] GC(4360) Pause Young (Allocation Failure) 163M->163M(228M) 125.022ms
[2020-01-29T22:47:48.208+0300][401.048s][info][gc] GC(4361) Pause Full (Ergonomics) 163M->29M(228M) 50.790ms
[2020-01-29T22:47:48.272+0300][401.112s][info][gc] GC(4362) Pause Young (Allocation Failure) 58M->58M(228M) 59.933ms
[2020-01-29T22:47:48.385+0300][401.225s][info][gc] GC(4363) Pause Young (Allocation Failure) 87M->87M(228M) 109.663ms
[2020-01-29T22:47:48.502+0300][401.342s][info][gc] GC(4364) Pause Young (Allocation Failure) 116M->116M(228M) 113.585ms
[2020-01-29T22:47:48.638+0300][401.478s][info][gc] GC(4365) Pause Young (Allocation Failure) 164M->164M(228M) 120.266ms
[2020-01-29T22:47:48.694+0300][401.535s][info][gc] GC(4366) Pause Full (Ergonomics) 164M->30M(228M) 57.222ms
[2020-01-29T22:47:48.761+0300][401.601s][info][gc] GC(4367) Pause Young (Allocation Failure) 59M->59M(228M) 62.395ms
[2020-01-29T22:47:48.877+0300][401.717s][info][gc] GC(4368) Pause Young (Allocation Failure) 88M->88M(228M) 112.475ms
[2020-01-29T22:47:48.995+0300][401.835s][info][gc] GC(4369) Pause Young (Allocation Failure) 117M->117M(228M) 114.037ms
[2020-01-29T22:47:49.128+0300][401.969s][info][gc] GC(4370) Pause Young (Allocation Failure) 165M->165M(228M) 119.317ms
[2020-01-29T22:47:49.190+0300][402.030s][info][gc] GC(4371) Pause Full (Ergonomics) 165M->31M(228M) 61.377ms
[2020-01-29T22:47:49.255+0300][402.095s][info][gc] GC(4372) Pause Young (Allocation Failure) 60M->60M(228M) 61.709ms
[2020-01-29T22:47:49.364+0300][402.204s][info][gc] GC(4373) Pause Young (Allocation Failure) 89M->90M(228M) 105.240ms
[2020-01-29T22:47:49.483+0300][402.323s][info][gc] GC(4374) Pause Young (Allocation Failure) 119M->119M(228M) 115.616ms
[2020-01-29T22:47:49.581+0300][402.421s][info][gc] GC(4375) Pause Young (Allocation Failure) 167M->167M(228M) 80.282ms
[2020-01-29T22:47:49.634+0300][402.475s][info][gc] GC(4376) Pause Full (Ergonomics) 167M->33M(228M) 53.816ms
[2020-01-29T22:47:49.701+0300][402.541s][info][gc] GC(4377) Pause Young (Allocation Failure) 62M->62M(228M) 62.427ms
[2020-01-29T22:47:49.817+0300][402.657s][info][gc] GC(4378) Pause Young (Allocation Failure) 91M->91M(228M) 112.060ms
[2020-01-29T22:47:49.931+0300][402.771s][info][gc] GC(4379) Pause Young (Allocation Failure) 120M->120M(228M) 110.696ms
[2020-01-29T22:47:50.060+0300][402.900s][info][gc] GC(4380) Pause Young (Allocation Failure) 168M->168M(228M) 114.018ms
[2020-01-29T22:47:50.133+0300][402.973s][info][gc] GC(4381) Pause Full (Ergonomics) 168M->34M(228M) 72.956ms
[2020-01-29T22:47:50.201+0300][403.041s][info][gc] GC(4382) Pause Young (Allocation Failure) 63M->63M(228M) 62.672ms
[2020-01-29T22:47:50.318+0300][403.158s][info][gc] GC(4383) Pause Young (Allocation Failure) 92M->92M(228M) 113.387ms
[2020-01-29T22:47:50.438+0300][403.278s][info][gc] GC(4384) Pause Young (Allocation Failure) 121M->121M(228M) 116.496ms
[2020-01-29T22:47:50.529+0300][403.368s][info][gc] GC(4385) Pause Young (Allocation Failure) 169M->169M(228M) 75.452ms
[2020-01-29T22:47:50.591+0300][403.431s][info][gc] GC(4386) Pause Full (Ergonomics) 169M->35M(228M) 63.106ms
[2020-01-29T22:47:50.655+0300][403.495s][info][gc] GC(4387) Pause Young (Allocation Failure) 64M->64M(228M) 59.733ms
[2020-01-29T22:47:50.764+0300][403.604s][info][gc] GC(4388) Pause Young (Allocation Failure) 93M->93M(228M) 105.119ms
[2020-01-29T22:47:50.874+0300][403.714s][info][gc] GC(4389) Pause Young (Allocation Failure) 122M->122M(228M) 106.772ms
[2020-01-29T22:47:50.961+0300][403.801s][info][gc] GC(4390) Pause Young (Allocation Failure) 170M->170M(228M) 72.315ms
[2020-01-29T22:47:51.028+0300][403.868s][info][gc] GC(4391) Pause Full (Ergonomics) 170M->37M(228M) 66.751ms
[2020-01-29T22:47:51.094+0300][403.934s][info][gc] GC(4392) Pause Young (Allocation Failure) 66M->65M(228M) 62.272ms
[2020-01-29T22:47:51.213+0300][404.053s][info][gc] GC(4393) Pause Young (Allocation Failure) 94M->94M(228M) 114.859ms
[2020-01-29T22:47:51.325+0300][404.166s][info][gc] GC(4394) Pause Young (Allocation Failure) 123M->124M(228M) 109.502ms
[2020-01-29T22:47:51.413+0300][404.253s][info][gc] GC(4395) Pause Young (Allocation Failure) 172M->172M(228M) 71.932ms
[2020-01-29T22:47:51.486+0300][404.326s][info][gc] GC(4396) Pause Full (Ergonomics) 172M->38M(228M) 73.109ms
[2020-01-29T22:47:51.550+0300][404.389s][info][gc] GC(4397) Pause Young (Allocation Failure) 67M->67M(228M) 59.590ms
[2020-01-29T22:47:51.666+0300][404.505s][info][gc] GC(4398) Pause Young (Allocation Failure) 96M->96M(228M) 112.222ms
[2020-01-29T22:47:51.778+0300][404.618s][info][gc] GC(4399) Pause Young (Allocation Failure) 125M->125M(228M) 109.068ms
[2020-01-29T22:47:51.864+0300][404.704s][info][gc] GC(4400) Pause Young (Allocation Failure) 173M->173M(228M) 71.349ms
[2020-01-29T22:47:51.939+0300][404.779s][info][gc] GC(4401) Pause Full (Ergonomics) 173M->39M(228M) 74.771ms
[2020-01-29T22:47:52.003+0300][404.843s][info][gc] GC(4402) Pause Young (Allocation Failure) 68M->68M(228M) 60.165ms
[2020-01-29T22:47:52.113+0300][404.953s][info][gc] GC(4403) Pause Young (Allocation Failure) 97M->97M(228M) 106.680ms
[2020-01-29T22:47:52.223+0300][405.063s][info][gc] GC(4404) Pause Young (Allocation Failure) 126M->126M(228M) 106.669ms
[2020-01-29T22:47:52.316+0300][405.155s][info][gc] GC(4405) Pause Young (Allocation Failure) 155M->155M(228M) 80.048ms
[2020-01-29T22:47:52.326+0300][405.166s][info][gc] GC(4406) Pause Full (Ergonomics) 155M->21M(228M) 10.655ms
[2020-01-29T22:47:52.392+0300][405.232s][info][gc] GC(4407) Pause Young (Allocation Failure) 50M->50M(228M) 61.962ms
[2020-01-29T22:47:52.503+0300][405.344s][info][gc] GC(4408) Pause Young (Allocation Failure) 79M->80M(228M) 108.151ms
[2020-01-29T22:47:52.615+0300][405.455s][info][gc] GC(4409) Pause Young (Allocation Failure) 109M->109M(228M) 107.442ms
[2020-01-29T22:47:52.735+0300][405.574s][info][gc] GC(4410) Pause Young (Allocation Failure) 157M->157M(228M) 104.983ms
[2020-01-29T22:47:52.753+0300][405.592s][info][gc] GC(4411) Pause Full (Ergonomics) 157M->22M(228M) 17.730ms
[2020-01-29T22:47:52.816+0300][405.655s][info][gc] GC(4412) Pause Young (Allocation Failure) 51M->51M(228M) 59.385ms
[2020-01-29T22:47:52.921+0300][405.762s][info][gc] GC(4413) Pause Young (Allocation Failure) 80M->80M(228M) 102.699ms
[2020-01-29T22:47:53.037+0300][405.877s][info][gc] GC(4414) Pause Young (Allocation Failure) 109M->110M(228M) 112.171ms
[2020-01-29T22:47:53.158+0300][405.998s][info][gc] GC(4415) Pause Young (Allocation Failure) 158M->158M(228M) 105.236ms
[2020-01-29T22:47:53.181+0300][406.021s][info][gc] GC(4416) Pause Full (Ergonomics) 158M->24M(228M) 23.077ms
[2020-01-29T22:47:53.244+0300][406.084s][info][gc] GC(4417) Pause Young (Allocation Failure) 53M->53M(228M) 59.548ms
[2020-01-29T22:47:53.353+0300][406.192s][info][gc] GC(4418) Pause Young (Allocation Failure) 82M->82M(228M) 104.608ms
[2020-01-29T22:47:53.466+0300][406.306s][info][gc] GC(4419) Pause Young (Allocation Failure) 111M->111M(228M) 110.314ms
[2020-01-29T22:47:53.577+0300][406.417s][info][gc] GC(4420) Pause Young (Allocation Failure) 159M->159M(228M) 95.898ms
[2020-01-29T22:47:53.602+0300][406.442s][info][gc] GC(4421) Pause Full (Ergonomics) 159M->25M(228M) 24.878ms
[2020-01-29T22:47:53.669+0300][406.509s][info][gc] GC(4422) Pause Young (Allocation Failure) 54M->54M(228M) 62.753ms
[2020-01-29T22:47:53.785+0300][406.625s][info][gc] GC(4423) Pause Young (Allocation Failure) 83M->83M(228M) 112.791ms
[2020-01-29T22:47:53.894+0300][406.734s][info][gc] GC(4424) Pause Young (Allocation Failure) 112M->112M(228M) 105.483ms
[2020-01-29T22:47:54.011+0300][406.851s][info][gc] GC(4425) Pause Young (Allocation Failure) 160M->160M(228M) 101.699ms
[2020-01-29T22:47:54.041+0300][406.881s][info][gc] GC(4426) Pause Full (Ergonomics) 160M->26M(228M) 30.036ms
[2020-01-29T22:47:54.105+0300][406.945s][info][gc] GC(4427) Pause Young (Allocation Failure) 55M->55M(228M) 59.961ms
[2020-01-29T22:47:54.218+0300][407.058s][info][gc] GC(4428) Pause Young (Allocation Failure) 84M->84M(228M) 109.486ms
[2020-01-29T22:47:54.335+0300][407.175s][info][gc] GC(4429) Pause Young (Allocation Failure) 113M->113M(228M) 113.945ms
[2020-01-29T22:47:54.446+0300][407.286s][info][gc] GC(4430) Pause Young (Allocation Failure) 161M->161M(228M) 95.798ms
[2020-01-29T22:47:54.481+0300][407.321s][info][gc] GC(4431) Pause Full (Ergonomics) 161M->27M(228M) 34.950ms
[2020-01-29T22:47:54.543+0300][407.383s][info][gc] GC(4432) Pause Young (Allocation Failure) 56M->56M(228M) 58.493ms
[2020-01-29T22:47:54.662+0300][407.502s][info][gc] GC(4433) Pause Young (Allocation Failure) 85M->85M(228M) 114.852ms
[2020-01-29T22:47:54.773+0300][407.613s][info][gc] GC(4434) Pause Young (Allocation Failure) 114M->115M(228M) 107.469ms
[2020-01-29T22:47:54.878+0300][407.718s][info][gc] GC(4435) Pause Young (Allocation Failure) 163M->163M(228M) 91.863ms
[2020-01-29T22:47:54.918+0300][407.759s][info][gc] GC(4436) Pause Full (Ergonomics) 163M->29M(228M) 40.192ms
[2020-01-29T22:47:54.984+0300][407.825s][info][gc] GC(4437) Pause Young (Allocation Failure) 58M->58M(228M) 62.254ms
[2020-01-29T22:47:55.100+0300][407.940s][info][gc] GC(4438) Pause Young (Allocation Failure) 87M->87M(228M) 111.736ms
[2020-01-29T22:47:55.221+0300][408.060s][info][gc] GC(4439) Pause Young (Allocation Failure) 116M->116M(228M) 116.469ms
[2020-01-29T22:47:55.324+0300][408.165s][info][gc] GC(4440) Pause Young (Allocation Failure) 164M->164M(228M) 89.731ms
[2020-01-29T22:47:55.372+0300][408.212s][info][gc] GC(4441) Pause Full (Ergonomics) 164M->30M(228M) 47.088ms
[2020-01-29T22:47:55.437+0300][408.277s][info][gc] GC(4442) Pause Young (Allocation Failure) 59M->59M(228M) 61.232ms
[2020-01-29T22:47:55.548+0300][408.388s][info][gc] GC(4443) Pause Young (Allocation Failure) 88M->88M(228M) 107.651ms
[2020-01-29T22:47:55.660+0300][408.500s][info][gc] GC(4444) Pause Young (Allocation Failure) 117M->117M(228M) 108.402ms
[2020-01-29T22:47:55.762+0300][408.603s][info][gc] GC(4445) Pause Young (Allocation Failure) 165M->165M(228M) 87.531ms
[2020-01-29T22:47:55.811+0300][408.650s][info][gc] GC(4446) Pause Full (Ergonomics) 165M->31M(228M) 47.740ms
[2020-01-29T22:47:55.873+0300][408.713s][info][gc] GC(4447) Pause Young (Allocation Failure) 60M->60M(228M) 59.399ms
[2020-01-29T22:47:55.990+0300][408.830s][info][gc] GC(4448) Pause Young (Allocation Failure) 89M->89M(228M) 112.806ms
[2020-01-29T22:47:56.099+0300][408.938s][info][gc] GC(4449) Pause Young (Allocation Failure) 118M->118M(228M) 104.650ms
[2020-01-29T22:47:56.233+0300][409.073s][info][gc] GC(4450) Pause Young (Allocation Failure) 166M->166M(228M) 119.982ms
[2020-01-29T22:47:56.297+0300][409.137s][info][gc] GC(4451) Pause Full (Ergonomics) 166M->32M(228M) 63.038ms
[2020-01-29T22:47:56.361+0300][409.201s][info][gc] GC(4452) Pause Young (Allocation Failure) 61M->61M(228M) 60.630ms
[2020-01-29T22:47:56.477+0300][409.317s][info][gc] GC(4453) Pause Young (Allocation Failure) 90M->90M(228M) 112.786ms
[2020-01-29T22:47:56.595+0300][409.435s][info][gc] GC(4454) Pause Young (Allocation Failure) 119M->119M(228M) 114.342ms
[2020-01-29T22:47:56.686+0300][409.527s][info][gc] GC(4455) Pause Young (Allocation Failure) 168M->168M(228M) 76.301ms
[2020-01-29T22:47:56.745+0300][409.584s][info][gc] GC(4456) Pause Full (Ergonomics) 168M->34M(228M) 57.529ms
[2020-01-29T22:47:56.809+0300][409.650s][info][gc] GC(4457) Pause Young (Allocation Failure) 63M->63M(228M) 61.874ms
[2020-01-29T22:47:56.928+0300][409.768s][info][gc] GC(4458) Pause Young (Allocation Failure) 92M->92M(228M) 114.450ms
[2020-01-29T22:47:57.047+0300][409.887s][info][gc] GC(4459) Pause Young (Allocation Failure) 121M->121M(228M) 115.278ms
[2020-01-29T22:47:57.139+0300][409.978s][info][gc] GC(4460) Pause Young (Allocation Failure) 169M->169M(228M) 76.521ms
[2020-01-29T22:47:57.198+0300][410.039s][info][gc] GC(4461) Pause Full (Ergonomics) 169M->35M(228M) 60.326ms
[2020-01-29T22:47:57.263+0300][410.103s][info][gc] GC(4462) Pause Young (Allocation Failure) 64M->64M(228M) 60.830ms
[2020-01-29T22:47:57.379+0300][410.219s][info][gc] GC(4463) Pause Young (Allocation Failure) 93M->93M(228M) 112.570ms
[2020-01-29T22:47:57.491+0300][410.331s][info][gc] GC(4464) Pause Young (Allocation Failure) 122M->122M(228M) 107.871ms
[2020-01-29T22:47:57.578+0300][410.418s][info][gc] GC(4465) Pause Young (Allocation Failure) 170M->170M(228M) 72.130ms
[2020-01-29T22:47:57.643+0300][410.483s][info][gc] GC(4466) Pause Full (Ergonomics) 170M->36M(228M) 64.695ms
[2020-01-29T22:47:57.707+0300][410.547s][info][gc] GC(4467) Pause Young (Allocation Failure) 65M->65M(228M) 60.583ms
[2020-01-29T22:47:57.824+0300][410.664s][info][gc] GC(4468) Pause Young (Allocation Failure) 94M->94M(228M) 113.242ms
[2020-01-29T22:47:57.940+0300][410.781s][info][gc] GC(4469) Pause Young (Allocation Failure) 123M->123M(228M) 113.122ms
[2020-01-29T22:47:58.075+0300][410.915s][info][gc] GC(4470) Pause Young (Allocation Failure) 171M->171M(228M) 118.952ms
[2020-01-29T22:47:58.159+0300][410.999s][info][gc] GC(4471) Pause Full (Ergonomics) 171M->37M(228M) 84.123ms
[2020-01-29T22:47:58.222+0300][411.063s][info][gc] GC(4472) Pause Young (Allocation Failure) 66M->66M(228M) 59.858ms
[2020-01-29T22:47:58.338+0300][411.178s][info][gc] GC(4473) Pause Young (Allocation Failure) 95M->95M(228M) 111.736ms
[2020-01-29T22:47:58.453+0300][411.293s][info][gc] GC(4474) Pause Young (Allocation Failure) 124M->124M(228M) 111.211ms
[2020-01-29T22:47:58.591+0300][411.430s][info][gc] GC(4475) Pause Young (Allocation Failure) 172M->173M(228M) 123.087ms
[2020-01-29T22:47:58.682+0300][411.522s][info][gc] GC(4476) Pause Full (Ergonomics) 173M->39M(228M) 91.878ms
[2020-01-29T22:47:58.744+0300][411.585s][info][gc] GC(4477) Pause Young (Allocation Failure) 68M->68M(228M) 58.608ms
[2020-01-29T22:47:58.863+0300][411.703s][info][gc] GC(4478) Pause Young (Allocation Failure) 97M->97M(228M) 114.280ms
[2020-01-29T22:47:58.980+0300][411.820s][info][gc] GC(4479) Pause Young (Allocation Failure) 126M->126M(228M) 113.666ms
[2020-01-29T22:47:59.117+0300][411.957s][info][gc] GC(4480) Pause Young (Allocation Failure) 174M->174M(228M) 122.164ms
[2020-01-29T22:47:59.216+0300][412.056s][info][gc] GC(4481) Pause Full (Ergonomics) 174M->40M(228M) 98.078ms
[2020-01-29T22:47:59.277+0300][412.118s][info][gc] GC(4482) Pause Young (Allocation Failure) 69M->69M(228M) 58.287ms
[2020-01-29T22:47:59.393+0300][412.233s][info][gc] GC(4483) Pause Young (Allocation Failure) 98M->98M(228M) 111.972ms
[2020-01-29T22:47:59.509+0300][412.348s][info][gc] GC(4484) Pause Young (Allocation Failure) 127M->127M(228M) 111.349ms
[2020-01-29T22:47:59.597+0300][412.438s][info][gc] GC(4485) Pause Young (Allocation Failure) 156M->156M(228M) 76.558ms
[2020-01-29T22:47:59.610+0300][412.451s][info][gc] GC(4486) Pause Full (Ergonomics) 156M->22M(228M) 12.988ms
[2020-01-29T22:47:59.670+0300][412.511s][info][gc] GC(4487) Pause Young (Allocation Failure) 51M->51M(228M) 56.220ms
[2020-01-29T22:47:59.783+0300][412.623s][info][gc] GC(4488) Pause Young (Allocation Failure) 80M->80M(228M) 108.616ms
[2020-01-29T22:47:59.901+0300][412.740s][info][gc] GC(4489) Pause Young (Allocation Failure) 109M->109M(228M) 113.602ms
[2020-01-29T22:48:00.021+0300][412.862s][info][gc] GC(4490) Pause Young (Allocation Failure) 157M->158M(228M) 107.061ms
[2020-01-29T22:48:00.043+0300][412.883s][info][gc] GC(4491) Pause Full (Ergonomics) 158M->23M(228M) 21.428ms
[2020-01-29T22:48:00.105+0300][412.945s][info][gc] GC(4492) Pause Young (Allocation Failure) 52M->52M(228M) 57.407ms
[2020-01-29T22:48:00.220+0300][413.061s][info][gc] GC(4493) Pause Young (Allocation Failure) 81M->81M(228M) 111.965ms
[2020-01-29T22:48:00.341+0300][413.181s][info][gc] GC(4494) Pause Young (Allocation Failure) 110M->110M(228M) 116.494ms
[2020-01-29T22:48:00.457+0300][413.297s][info][gc] GC(4495) Pause Young (Allocation Failure) 158M->158M(228M) 101.333ms
[2020-01-29T22:48:00.482+0300][413.321s][info][gc] GC(4496) Pause Full (Ergonomics) 158M->24M(228M) 23.988ms
[2020-01-29T22:48:00.546+0300][413.387s][info][gc] GC(4497) Pause Young (Allocation Failure) 53M->53M(228M) 61.839ms
[2020-01-29T22:48:00.661+0300][413.501s][info][gc] GC(4498) Pause Young (Allocation Failure) 82M->83M(228M) 111.043ms
[2020-01-29T22:48:00.773+0300][413.613s][info][gc] GC(4499) Pause Young (Allocation Failure) 112M->112M(228M) 108.233ms
[2020-01-29T22:48:00.884+0300][413.724s][info][gc] GC(4500) Pause Young (Allocation Failure) 160M->160M(228M) 95.816ms
[2020-01-29T22:48:00.914+0300][413.753s][info][gc] GC(4501) Pause Full (Ergonomics) 160M->26M(228M) 29.691ms
[2020-01-29T22:48:00.976+0300][413.816s][info][gc] GC(4502) Pause Young (Allocation Failure) 55M->55M(228M) 59.139ms
[2020-01-29T22:48:01.087+0300][413.926s][info][gc] GC(4503) Pause Young (Allocation Failure) 84M->84M(228M) 106.588ms
[2020-01-29T22:48:01.206+0300][414.046s][info][gc] GC(4504) Pause Young (Allocation Failure) 113M->113M(228M) 115.692ms
[2020-01-29T22:48:01.324+0300][414.164s][info][gc] GC(4505) Pause Young (Allocation Failure) 161M->161M(228M) 102.676ms
[2020-01-29T22:48:01.358+0300][414.198s][info][gc] GC(4506) Pause Full (Ergonomics) 161M->27M(228M) 34.134ms
[2020-01-29T22:48:01.426+0300][414.265s][info][gc] GC(4507) Pause Young (Allocation Failure) 56M->56M(228M) 63.387ms
[2020-01-29T22:48:01.544+0300][414.384s][info][gc] GC(4508) Pause Young (Allocation Failure) 85M->85M(228M) 114.996ms
[2020-01-29T22:48:01.660+0300][414.499s][info][gc] GC(4509) Pause Young (Allocation Failure) 114M->114M(228M) 109.724ms
[2020-01-29T22:48:01.770+0300][414.610s][info][gc] GC(4510) Pause Young (Allocation Failure) 162M->162M(228M) 95.771ms
[2020-01-29T22:48:01.810+0300][414.649s][info][gc] GC(4511) Pause Full (Ergonomics) 162M->28M(228M) 39.876ms
[2020-01-29T22:48:01.876+0300][414.716s][info][gc] GC(4512) Pause Young (Allocation Failure) 57M->57M(228M) 62.384ms
[2020-01-29T22:48:01.986+0300][414.826s][info][gc] GC(4513) Pause Young (Allocation Failure) 86M->86M(228M) 106.415ms
[2020-01-29T22:48:02.101+0300][414.941s][info][gc] GC(4514) Pause Young (Allocation Failure) 115M->115M(228M) 110.667ms
[2020-01-29T22:48:02.210+0300][415.050s][info][gc] GC(4515) Pause Young (Allocation Failure) 163M->163M(228M) 93.675ms
[2020-01-29T22:48:02.253+0300][415.093s][info][gc] GC(4516) Pause Full (Ergonomics) 163M->29M(228M) 43.163ms
[2020-01-29T22:48:02.316+0300][415.156s][info][gc] GC(4517) Pause Young (Allocation Failure) 58M->58M(228M) 59.474ms
[2020-01-29T22:48:02.439+0300][415.279s][info][gc] GC(4518) Pause Young (Allocation Failure) 87M->87M(228M) 118.954ms
[2020-01-29T22:48:02.548+0300][415.387s][info][gc] GC(4519) Pause Young (Allocation Failure) 116M->117M(228M) 104.696ms
[2020-01-29T22:48:02.646+0300][415.486s][info][gc] GC(4520) Pause Young (Allocation Failure) 165M->165M(228M) 83.892ms
[2020-01-29T22:48:02.693+0300][415.533s][info][gc] GC(4521) Pause Full (Ergonomics) 165M->31M(228M) 46.677ms
[2020-01-29T22:48:02.757+0300][415.597s][info][gc] GC(4522) Pause Young (Allocation Failure) 60M->60M(228M) 60.720ms
[2020-01-29T22:48:02.869+0300][415.709s][info][gc] GC(4523) Pause Young (Allocation Failure) 89M->89M(228M) 108.399ms
[2020-01-29T22:48:02.987+0300][415.828s][info][gc] GC(4524) Pause Young (Allocation Failure) 118M->118M(228M) 114.948ms
[2020-01-29T22:48:03.090+0300][415.929s][info][gc] GC(4525) Pause Young (Allocation Failure) 166M->166M(228M) 86.218ms
[2020-01-29T22:48:03.140+0300][415.980s][info][gc] GC(4526) Pause Full (Ergonomics) 166M->32M(228M) 50.504ms
[2020-01-29T22:48:03.205+0300][416.045s][info][gc] GC(4527) Pause Young (Allocation Failure) 61M->61M(228M) 61.300ms
[2020-01-29T22:48:03.322+0300][416.162s][info][gc] GC(4528) Pause Young (Allocation Failure) 90M->90M(228M) 113.735ms
[2020-01-29T22:48:03.438+0300][416.278s][info][gc] GC(4529) Pause Young (Allocation Failure) 119M->119M(228M) 112.510ms
[2020-01-29T22:48:03.530+0300][416.370s][info][gc] GC(4530) Pause Young (Allocation Failure) 167M->167M(228M) 77.054ms
[2020-01-29T22:48:03.583+0300][416.423s][info][gc] GC(4531) Pause Full (Ergonomics) 167M->33M(228M) 53.045ms
[2020-01-29T22:48:03.643+0300][416.483s][info][gc] GC(4532) Pause Young (Allocation Failure) 62M->62M(228M) 56.148ms
[2020-01-29T22:48:03.756+0300][416.596s][info][gc] GC(4533) Pause Young (Allocation Failure) 91M->91M(228M) 109.596ms
[2020-01-29T22:48:03.873+0300][416.713s][info][gc] GC(4534) Pause Young (Allocation Failure) 120M->120M(228M) 113.097ms
[2020-01-29T22:48:03.967+0300][416.806s][info][gc] GC(4535) Pause Young (Allocation Failure) 168M->168M(228M) 78.319ms
[2020-01-29T22:48:04.026+0300][416.866s][info][gc] GC(4536) Pause Full (Ergonomics) 168M->34M(228M) 59.242ms
[2020-01-29T22:48:04.089+0300][416.929s][info][gc] GC(4537) Pause Young (Allocation Failure) 63M->63M(228M) 59.083ms
[2020-01-29T22:48:04.207+0300][417.047s][info][gc] GC(4538) Pause Young (Allocation Failure) 92M->92M(228M) 114.574ms
[2020-01-29T22:48:04.326+0300][417.166s][info][gc] GC(4539) Pause Young (Allocation Failure) 121M->122M(228M) 114.712ms
[2020-01-29T22:48:04.422+0300][417.262s][info][gc] GC(4540) Pause Young (Allocation Failure) 170M->170M(228M) 80.700ms
[2020-01-29T22:48:04.488+0300][417.328s][info][gc] GC(4541) Pause Full (Ergonomics) 170M->36M(228M) 66.182ms
[2020-01-29T22:48:04.552+0300][417.392s][info][gc] GC(4542) Pause Young (Allocation Failure) 65M->65M(228M) 60.263ms
[2020-01-29T22:48:04.672+0300][417.512s][info][gc] GC(4543) Pause Young (Allocation Failure) 94M->94M(228M) 115.393ms
[2020-01-29T22:48:04.794+0300][417.634s][info][gc] GC(4544) Pause Young (Allocation Failure) 123M->123M(228M) 118.487ms
[2020-01-29T22:48:04.906+0300][417.746s][info][gc] GC(4545) Pause Young (Allocation Failure) 171M->171M(228M) 97.285ms
[2020-01-29T22:48:04.978+0300][417.818s][info][gc] GC(4546) Pause Full (Ergonomics) 171M->37M(228M) 71.995ms
[2020-01-29T22:48:05.041+0300][417.882s][info][gc] GC(4547) Pause Young (Allocation Failure) 66M->66M(228M) 59.576ms
[2020-01-29T22:48:05.159+0300][417.999s][info][gc] GC(4548) Pause Young (Allocation Failure) 95M->95M(228M) 113.686ms
[2020-01-29T22:48:05.273+0300][418.113s][info][gc] GC(4549) Pause Young (Allocation Failure) 124M->124M(228M) 110.582ms
[2020-01-29T22:48:05.356+0300][418.196s][info][gc] GC(4550) Pause Young (Allocation Failure) 172M->172M(228M) 67.949ms
[2020-01-29T22:48:05.431+0300][418.271s][info][gc] GC(4551) Pause Full (Ergonomics) 172M->38M(228M) 74.606ms
[2020-01-29T22:48:05.498+0300][418.337s][info][gc] GC(4552) Pause Young (Allocation Failure) 67M->67M(228M) 63.207ms
[2020-01-29T22:48:05.625+0300][418.464s][info][gc] GC(4553) Pause Young (Allocation Failure) 96M->96M(228M) 123.400ms
[2020-01-29T22:48:05.740+0300][418.581s][info][gc] GC(4554) Pause Young (Allocation Failure) 125M->125M(228M) 112.450ms
[2020-01-29T22:48:05.822+0300][418.662s][info][gc] GC(4555) Pause Young (Allocation Failure) 173M->173M(228M) 66.592ms
[2020-01-29T22:48:05.898+0300][418.738s][info][gc] GC(4556) Pause Full (Ergonomics) 173M->39M(228M) 75.292ms
[2020-01-29T22:48:05.965+0300][418.804s][info][gc] GC(4557) Pause Young (Allocation Failure) 68M->68M(228M) 62.913ms
[2020-01-29T22:48:06.082+0300][418.923s][info][gc] GC(4558) Pause Young (Allocation Failure) 97M->97M(228M) 114.757ms
[2020-01-29T22:48:06.191+0300][419.031s][info][gc] GC(4559) Pause Young (Allocation Failure) 126M->126M(228M) 104.572ms
[2020-01-29T22:48:06.280+0300][419.119s][info][gc] GC(4560) Pause Young (Allocation Failure) 155M->156M(228M) 75.629ms
[2020-01-29T22:48:06.291+0300][419.131s][info][gc] GC(4561) Pause Full (Ergonomics) 156M->22M(228M) 11.461ms
[2020-01-29T22:48:06.341+0300][419.181s][info][gc] GC(4562) Pause Young (Allocation Failure) 51M->51M(228M) 45.811ms
[2020-01-29T22:48:06.481+0300][419.321s][info][gc] GC(4563) Pause Young (Allocation Failure) 80M->80M(228M) 136.356ms
[2020-01-29T22:48:06.601+0300][419.441s][info][gc] GC(4564) Pause Young (Allocation Failure) 109M->109M(228M) 116.891ms
[2020-01-29T22:48:06.733+0300][419.573s][info][gc] GC(4565) Pause Young (Allocation Failure) 157M->157M(228M) 116.134ms
[2020-01-29T22:48:06.756+0300][419.596s][info][gc] GC(4566) Pause Full (Ergonomics) 157M->23M(228M) 23.607ms
[2020-01-29T22:48:06.822+0300][419.662s][info][gc] GC(4567) Pause Young (Allocation Failure) 52M->52M(228M) 62.102ms
[2020-01-29T22:48:06.945+0300][419.785s][info][gc] GC(4568) Pause Young (Allocation Failure) 81M->81M(228M) 119.009ms
[2020-01-29T22:48:07.062+0300][419.902s][info][gc] GC(4569) Pause Young (Allocation Failure) 110M->110M(228M) 113.059ms
[2020-01-29T22:48:07.173+0300][420.014s][info][gc] GC(4570) Pause Young (Allocation Failure) 158M->158M(228M) 97.100ms
[2020-01-29T22:48:07.198+0300][420.038s][info][gc] GC(4571) Pause Full (Ergonomics) 158M->24M(228M) 24.420ms
[2020-01-29T22:48:07.256+0300][420.097s][info][gc] GC(4572) Pause Young (Allocation Failure) 53M->53M(228M) 54.854ms
[2020-01-29T22:48:07.372+0300][420.212s][info][gc] GC(4573) Pause Young (Allocation Failure) 82M->82M(228M) 110.893ms
[2020-01-29T22:48:07.490+0300][420.329s][info][gc] GC(4574) Pause Young (Allocation Failure) 111M->111M(228M) 114.063ms
[2020-01-29T22:48:07.634+0300][420.474s][info][gc] GC(4575) Pause Young (Allocation Failure) 159M->159M(228M) 129.796ms
[2020-01-29T22:48:07.670+0300][420.510s][info][gc] GC(4576) Pause Full (Ergonomics) 159M->25M(228M) 35.697ms
[2020-01-29T22:48:07.733+0300][420.573s][info][gc] GC(4577) Pause Young (Allocation Failure) 54M->54M(228M) 59.290ms
[2020-01-29T22:48:07.850+0300][420.690s][info][gc] GC(4578) Pause Young (Allocation Failure) 83M->83M(228M) 113.419ms
[2020-01-29T22:48:07.966+0300][420.807s][info][gc] GC(4579) Pause Young (Allocation Failure) 112M->112M(228M) 113.047ms
[2020-01-29T22:48:08.100+0300][420.940s][info][gc] GC(4580) Pause Young (Allocation Failure) 161M->161M(228M) 118.997ms
[2020-01-29T22:48:08.147+0300][420.987s][info][gc] GC(4581) Pause Full (Ergonomics) 161M->27M(228M) 46.825ms
[2020-01-29T22:48:08.213+0300][421.053s][info][gc] GC(4582) Pause Young (Allocation Failure) 56M->55M(228M) 61.488ms
[2020-01-29T22:48:08.323+0300][421.164s][info][gc] GC(4583) Pause Young (Allocation Failure) 84M->85M(228M) 107.541ms
[2020-01-29T22:48:08.460+0300][421.300s][info][gc] GC(4584) Pause Young (Allocation Failure) 114M->114M(228M) 132.362ms
[2020-01-29T22:48:08.595+0300][421.436s][info][gc] GC(4585) Pause Young (Allocation Failure) 162M->162M(228M) 121.179ms
[2020-01-29T22:48:08.642+0300][421.482s][info][gc] GC(4586) Pause Full (Ergonomics) 162M->28M(228M) 46.648ms
[2020-01-29T22:48:08.704+0300][421.544s][info][gc] GC(4587) Pause Young (Allocation Failure) 57M->57M(228M) 57.975ms
[2020-01-29T22:48:08.816+0300][421.655s][info][gc] GC(4588) Pause Young (Allocation Failure) 86M->86M(228M) 107.828ms
[2020-01-29T22:48:08.918+0300][421.758s][info][gc] GC(4589) Pause Young (Allocation Failure) 115M->115M(228M) 98.837ms
[2020-01-29T22:48:09.049+0300][421.889s][info][gc] GC(4590) Pause Young (Allocation Failure) 163M->163M(228M) 116.388ms
[2020-01-29T22:48:09.102+0300][421.942s][info][gc] GC(4591) Pause Full (Ergonomics) 163M->29M(228M) 53.284ms
[2020-01-29T22:48:09.168+0300][422.008s][info][gc] GC(4592) Pause Young (Allocation Failure) 58M->58M(228M) 61.663ms
[2020-01-29T22:48:09.276+0300][422.116s][info][gc] GC(4593) Pause Young (Allocation Failure) 87M->87M(228M) 104.469ms
[2020-01-29T22:48:09.394+0300][422.234s][info][gc] GC(4594) Pause Young (Allocation Failure) 116M->116M(228M) 114.043ms
[2020-01-29T22:48:09.517+0300][422.357s][info][gc] GC(4595) Pause Young (Allocation Failure) 164M->164M(228M) 108.481ms
[2020-01-29T22:48:09.564+0300][422.404s][info][gc] GC(4596) Pause Full (Ergonomics) 164M->30M(228M) 46.514ms
[2020-01-29T22:48:09.630+0300][422.470s][info][gc] GC(4597) Pause Young (Allocation Failure) 59M->59M(228M) 63.045ms
[2020-01-29T22:48:09.747+0300][422.587s][info][gc] GC(4598) Pause Young (Allocation Failure) 88M->88M(228M) 112.806ms
[2020-01-29T22:48:09.853+0300][422.693s][info][gc] GC(4599) Pause Young (Allocation Failure) 117M->117M(228M) 102.881ms
[2020-01-29T22:48:10.004+0300][422.845s][info][gc] GC(4600) Pause Young (Allocation Failure) 165M->166M(228M) 136.211ms
[2020-01-29T22:48:10.075+0300][422.915s][info][gc] GC(4601) Pause Full (Ergonomics) 166M->32M(228M) 70.720ms
[2020-01-29T22:48:10.143+0300][422.983s][info][gc] GC(4602) Pause Young (Allocation Failure) 61M->60M(228M) 63.305ms
[2020-01-29T22:48:10.260+0300][423.100s][info][gc] GC(4603) Pause Young (Allocation Failure) 89M->90M(228M) 113.451ms
[2020-01-29T22:48:10.371+0300][423.211s][info][gc] GC(4604) Pause Young (Allocation Failure) 119M->119M(228M) 107.669ms
[2020-01-29T22:48:10.472+0300][423.312s][info][gc] GC(4605) Pause Young (Allocation Failure) 167M->167M(228M) 85.730ms
[2020-01-29T22:48:10.527+0300][423.367s][info][gc] GC(4606) Pause Full (Ergonomics) 167M->33M(228M) 55.409ms
[2020-01-29T22:48:10.593+0300][423.433s][info][gc] GC(4607) Pause Young (Allocation Failure) 62M->62M(228M) 61.985ms
[2020-01-29T22:48:10.704+0300][423.543s][info][gc] GC(4608) Pause Young (Allocation Failure) 91M->91M(228M) 106.724ms
[2020-01-29T22:48:10.822+0300][423.662s][info][gc] GC(4609) Pause Young (Allocation Failure) 120M->120M(228M) 114.714ms
[2020-01-29T22:48:10.956+0300][423.795s][info][gc] GC(4610) Pause Young (Allocation Failure) 168M->168M(228M) 118.269ms
[2020-01-29T22:48:11.029+0300][423.869s][info][gc] GC(4611) Pause Full (Ergonomics) 168M->34M(228M) 73.538ms
[2020-01-29T22:48:11.096+0300][423.936s][info][gc] GC(4612) Pause Young (Allocation Failure) 63M->63M(228M) 63.389ms
[2020-01-29T22:48:11.216+0300][424.056s][info][gc] GC(4613) Pause Young (Allocation Failure) 92M->92M(228M) 116.421ms
[2020-01-29T22:48:11.334+0300][424.174s][info][gc] GC(4614) Pause Young (Allocation Failure) 121M->121M(228M) 113.991ms
[2020-01-29T22:48:11.423+0300][424.263s][info][gc] GC(4615) Pause Young (Allocation Failure) 169M->169M(228M) 73.826ms
[2020-01-29T22:48:11.484+0300][424.324s][info][gc] GC(4616) Pause Full (Ergonomics) 169M->35M(228M) 61.630ms
[2020-01-29T22:48:11.551+0300][424.391s][info][gc] GC(4617) Pause Young (Allocation Failure) 64M->64M(228M) 63.418ms
[2020-01-29T22:48:11.668+0300][424.508s][info][gc] GC(4618) Pause Young (Allocation Failure) 93M->93M(228M) 112.992ms
[2020-01-29T22:48:11.794+0300][424.634s][info][gc] GC(4619) Pause Young (Allocation Failure) 122M->122M(228M) 121.995ms
[2020-01-29T22:48:11.924+0300][424.764s][info][gc] GC(4620) Pause Young (Allocation Failure) 170M->171M(228M) 115.489ms
[2020-01-29T22:48:12.009+0300][424.849s][info][gc] GC(4621) Pause Full (Ergonomics) 171M->37M(228M) 84.779ms
[2020-01-29T22:48:12.076+0300][424.916s][info][gc] GC(4622) Pause Young (Allocation Failure) 66M->65M(228M) 62.716ms
[2020-01-29T22:48:12.192+0300][425.031s][info][gc] GC(4623) Pause Young (Allocation Failure) 94M->94M(228M) 111.530ms
[2020-01-29T22:48:12.314+0300][425.155s][info][gc] GC(4624) Pause Young (Allocation Failure) 123M->124M(228M) 119.836ms
[2020-01-29T22:48:12.400+0300][425.240s][info][gc] GC(4625) Pause Young (Allocation Failure) 172M->172M(228M) 69.851ms
[2020-01-29T22:48:12.462+0300][425.301s][info][gc] GC(4626) Pause Full (Ergonomics) 172M->38M(228M) 61.373ms
[2020-01-29T22:48:12.523+0300][425.363s][info][gc] GC(4627) Pause Young (Allocation Failure) 67M->67M(228M) 57.391ms
[2020-01-29T22:48:12.649+0300][425.490s][info][gc] GC(4628) Pause Young (Allocation Failure) 96M->96M(228M) 122.723ms
[2020-01-29T22:48:12.757+0300][425.597s][info][gc] GC(4629) Pause Young (Allocation Failure) 125M->125M(228M) 103.222ms
[2020-01-29T22:48:12.840+0300][425.680s][info][gc] GC(4630) Pause Young (Allocation Failure) 173M->173M(228M) 66.983ms
[2020-01-29T22:48:12.910+0300][425.750s][info][gc] GC(4631) Pause Full (Ergonomics) 173M->39M(228M) 70.290ms
[2020-01-29T22:48:12.976+0300][425.817s][info][gc] GC(4632) Pause Young (Allocation Failure) 68M->68M(228M) 62.754ms
[2020-01-29T22:48:13.095+0300][425.935s][info][gc] GC(4633) Pause Young (Allocation Failure) 97M->97M(228M) 114.801ms
[2020-01-29T22:48:13.209+0300][426.049s][info][gc] GC(4634) Pause Young (Allocation Failure) 126M->126M(228M) 110.755ms
[2020-01-29T22:48:13.297+0300][426.137s][info][gc] GC(4635) Pause Young (Allocation Failure) 155M->155M(228M) 75.881ms
[2020-01-29T22:48:13.308+0300][426.148s][info][gc] GC(4636) Pause Full (Ergonomics) 155M->21M(228M) 10.760ms
[2020-01-29T22:48:13.371+0300][426.211s][info][gc] GC(4637) Pause Young (Allocation Failure) 50M->50M(228M) 59.389ms
[2020-01-29T22:48:13.486+0300][426.326s][info][gc] GC(4638) Pause Young (Allocation Failure) 79M->80M(228M) 110.887ms
[2020-01-29T22:48:13.600+0300][426.440s][info][gc] GC(4639) Pause Young (Allocation Failure) 109M->109M(228M) 110.673ms
[2020-01-29T22:48:13.715+0300][426.554s][info][gc] GC(4640) Pause Young (Allocation Failure) 157M->157M(228M) 99.594ms
[2020-01-29T22:48:13.732+0300][426.572s][info][gc] GC(4641) Pause Full (Ergonomics) 157M->22M(228M) 17.954ms
[2020-01-29T22:48:13.798+0300][426.638s][info][gc] GC(4642) Pause Young (Allocation Failure) 51M->51M(228M) 62.055ms
[2020-01-29T22:48:13.908+0300][426.748s][info][gc] GC(4643) Pause Young (Allocation Failure) 80M->80M(228M) 106.785ms
[2020-01-29T22:48:14.025+0300][426.865s][info][gc] GC(4644) Pause Young (Allocation Failure) 109M->110M(228M) 112.669ms
[2020-01-29T22:48:14.145+0300][426.985s][info][gc] GC(4645) Pause Young (Allocation Failure) 158M->158M(228M) 105.991ms
[2020-01-29T22:48:14.168+0300][427.008s][info][gc] GC(4646) Pause Full (Ergonomics) 158M->24M(228M) 22.948ms
[2020-01-29T22:48:14.234+0300][427.074s][info][gc] GC(4647) Pause Young (Allocation Failure) 53M->53M(228M) 61.822ms
[2020-01-29T22:48:14.345+0300][427.185s][info][gc] GC(4648) Pause Young (Allocation Failure) 82M->82M(228M) 107.095ms
[2020-01-29T22:48:14.453+0300][427.293s][info][gc] GC(4649) Pause Young (Allocation Failure) 111M->111M(228M) 104.259ms
[2020-01-29T22:48:14.588+0300][427.429s][info][gc] GC(4650) Pause Young (Allocation Failure) 159M->159M(228M) 120.246ms
[2020-01-29T22:48:14.613+0300][427.453s][info][gc] GC(4651) Pause Full (Ergonomics) 159M->25M(228M) 24.017ms
[2020-01-29T22:48:14.676+0300][427.517s][info][gc] GC(4652) Pause Young (Allocation Failure) 54M->54M(228M) 60.220ms
[2020-01-29T22:48:14.795+0300][427.635s][info][gc] GC(4653) Pause Young (Allocation Failure) 83M->83M(228M) 114.545ms
[2020-01-29T22:48:14.931+0300][427.771s][info][gc] GC(4654) Pause Young (Allocation Failure) 112M->112M(228M) 132.171ms
[2020-01-29T22:48:15.044+0300][427.884s][info][gc] GC(4655) Pause Young (Allocation Failure) 160M->160M(228M) 98.476ms
[2020-01-29T22:48:15.075+0300][427.915s][info][gc] GC(4656) Pause Full (Ergonomics) 160M->26M(228M) 30.760ms
[2020-01-29T22:48:15.142+0300][427.982s][info][gc] GC(4657) Pause Young (Allocation Failure) 55M->55M(228M) 62.662ms
[2020-01-29T22:48:15.265+0300][428.105s][info][gc] GC(4658) Pause Young (Allocation Failure) 84M->84M(228M) 119.881ms
[2020-01-29T22:48:15.381+0300][428.221s][info][gc] GC(4659) Pause Young (Allocation Failure) 113M->113M(228M) 112.596ms
[2020-01-29T22:48:15.493+0300][428.333s][info][gc] GC(4660) Pause Young (Allocation Failure) 161M->161M(228M) 97.065ms
[2020-01-29T22:48:15.529+0300][428.369s][info][gc] GC(4661) Pause Full (Ergonomics) 161M->27M(228M) 35.456ms
[2020-01-29T22:48:15.589+0300][428.429s][info][gc] GC(4662) Pause Young (Allocation Failure) 56M->56M(228M) 56.349ms
[2020-01-29T22:48:15.706+0300][428.547s][info][gc] GC(4663) Pause Young (Allocation Failure) 85M->85M(228M) 114.206ms
[2020-01-29T22:48:15.825+0300][428.665s][info][gc] GC(4664) Pause Young (Allocation Failure) 114M->115M(228M) 114.798ms
[2020-01-29T22:48:15.926+0300][428.766s][info][gc] GC(4665) Pause Young (Allocation Failure) 163M->163M(228M) 85.612ms
[2020-01-29T22:48:15.967+0300][428.806s][info][gc] GC(4666) Pause Full (Ergonomics) 163M->29M(228M) 40.425ms
[2020-01-29T22:48:16.030+0300][428.870s][info][gc] GC(4667) Pause Young (Allocation Failure) 58M->58M(228M) 59.976ms
[2020-01-29T22:48:16.147+0300][428.987s][info][gc] GC(4668) Pause Young (Allocation Failure) 87M->87M(228M) 113.118ms
[2020-01-29T22:48:16.267+0300][429.108s][info][gc] GC(4669) Pause Young (Allocation Failure) 116M->116M(228M) 116.982ms
[2020-01-29T22:48:16.366+0300][429.206s][info][gc] GC(4670) Pause Young (Allocation Failure) 164M->164M(228M) 83.880ms
[2020-01-29T22:48:16.413+0300][429.254s][info][gc] GC(4671) Pause Full (Ergonomics) 164M->30M(228M) 47.045ms
[2020-01-29T22:48:16.482+0300][429.322s][info][gc] GC(4672) Pause Young (Allocation Failure) 59M->59M(228M) 64.708ms
[2020-01-29T22:48:16.598+0300][429.438s][info][gc] GC(4673) Pause Young (Allocation Failure) 88M->88M(228M) 112.204ms
[2020-01-29T22:48:16.730+0300][429.569s][info][gc] GC(4674) Pause Young (Allocation Failure) 117M->117M(228M) 127.541ms
[2020-01-29T22:48:16.822+0300][429.663s][info][gc] GC(4675) Pause Young (Allocation Failure) 165M->165M(228M) 78.483ms
[2020-01-29T22:48:16.873+0300][429.712s][info][gc] GC(4676) Pause Full (Ergonomics) 165M->31M(228M) 49.544ms
[2020-01-29T22:48:16.937+0300][429.777s][info][gc] GC(4677) Pause Young (Allocation Failure) 60M->60M(228M) 61.262ms
[2020-01-29T22:48:17.062+0300][429.903s][info][gc] GC(4678) Pause Young (Allocation Failure) 89M->89M(228M) 120.860ms
[2020-01-29T22:48:17.185+0300][430.025s][info][gc] GC(4679) Pause Young (Allocation Failure) 118M->118M(228M) 113.605ms
[2020-01-29T22:48:17.279+0300][430.119s][info][gc] GC(4680) Pause Young (Allocation Failure) 166M->166M(228M) 79.491ms
[2020-01-29T22:48:17.331+0300][430.171s][info][gc] GC(4681) Pause Full (Ergonomics) 166M->32M(228M) 51.711ms
[2020-01-29T22:48:17.394+0300][430.233s][info][gc] GC(4682) Pause Young (Allocation Failure) 61M->61M(228M) 58.610ms
[2020-01-29T22:48:17.510+0300][430.351s][info][gc] GC(4683) Pause Young (Allocation Failure) 90M->90M(228M) 113.631ms
[2020-01-29T22:48:17.630+0300][430.470s][info][gc] GC(4684) Pause Young (Allocation Failure) 119M->119M(228M) 115.735ms
[2020-01-29T22:48:17.725+0300][430.565s][info][gc] GC(4685) Pause Young (Allocation Failure) 168M->168M(228M) 79.575ms
[2020-01-29T22:48:17.781+0300][430.621s][info][gc] GC(4686) Pause Full (Ergonomics) 168M->34M(228M) 55.859ms
[2020-01-29T22:48:17.848+0300][430.688s][info][gc] GC(4687) Pause Young (Allocation Failure) 63M->63M(228M) 63.378ms
[2020-01-29T22:48:17.958+0300][430.799s][info][gc] GC(4688) Pause Young (Allocation Failure) 92M->92M(228M) 107.490ms
[2020-01-29T22:48:18.072+0300][430.912s][info][gc] GC(4689) Pause Young (Allocation Failure) 121M->121M(228M) 109.767ms
[2020-01-29T22:48:18.162+0300][431.002s][info][gc] GC(4690) Pause Young (Allocation Failure) 169M->169M(228M) 75.448ms
[2020-01-29T22:48:18.224+0300][431.063s][info][gc] GC(4691) Pause Full (Ergonomics) 169M->35M(228M) 61.380ms
[2020-01-29T22:48:18.289+0300][431.129s][info][gc] GC(4692) Pause Young (Allocation Failure) 64M->64M(228M) 62.384ms
[2020-01-29T22:48:18.407+0300][431.247s][info][gc] GC(4693) Pause Young (Allocation Failure) 93M->93M(228M) 113.974ms
[2020-01-29T22:48:18.523+0300][431.362s][info][gc] GC(4694) Pause Young (Allocation Failure) 122M->122M(228M) 111.600ms
[2020-01-29T22:48:18.661+0300][431.501s][info][gc] GC(4695) Pause Young (Allocation Failure) 170M->170M(228M) 124.195ms
[2020-01-29T22:48:18.742+0300][431.583s][info][gc] GC(4696) Pause Full (Ergonomics) 170M->36M(228M) 81.362ms
[2020-01-29T22:48:18.809+0300][431.649s][info][gc] GC(4697) Pause Young (Allocation Failure) 65M->65M(228M) 63.028ms
[2020-01-29T22:48:18.926+0300][431.766s][info][gc] GC(4698) Pause Young (Allocation Failure) 94M->94M(228M) 113.428ms
[2020-01-29T22:48:19.040+0300][431.880s][info][gc] GC(4699) Pause Young (Allocation Failure) 123M->123M(228M) 110.042ms
[2020-01-29T22:48:19.123+0300][431.963s][info][gc] GC(4700) Pause Young (Allocation Failure) 171M->171M(228M) 68.498ms
[2020-01-29T22:48:19.193+0300][432.033s][info][gc] GC(4701) Pause Full (Ergonomics) 171M->37M(228M) 70.022ms
[2020-01-29T22:48:19.257+0300][432.097s][info][gc] GC(4702) Pause Young (Allocation Failure) 66M->66M(228M) 59.632ms
[2020-01-29T22:48:19.377+0300][432.216s][info][gc] GC(4703) Pause Young (Allocation Failure) 95M->95M(228M) 115.862ms
[2020-01-29T22:48:19.495+0300][432.336s][info][gc] GC(4704) Pause Young (Allocation Failure) 124M->124M(228M) 115.730ms
[2020-01-29T22:48:19.632+0300][432.472s][info][gc] GC(4705) Pause Young (Allocation Failure) 172M->173M(228M) 121.367ms
[2020-01-29T22:48:19.724+0300][432.564s][info][gc] GC(4706) Pause Full (Ergonomics) 173M->39M(228M) 92.006ms
[2020-01-29T22:48:19.789+0300][432.630s][info][gc] GC(4707) Pause Young (Allocation Failure) 68M->68M(228M) 61.978ms
[2020-01-29T22:48:19.903+0300][432.743s][info][gc] GC(4708) Pause Young (Allocation Failure) 97M->97M(228M) 109.511ms
[2020-01-29T22:48:20.012+0300][432.852s][info][gc] GC(4709) Pause Young (Allocation Failure) 126M->126M(228M) 105.658ms
[2020-01-29T22:48:20.104+0300][432.944s][info][gc] GC(4710) Pause Young (Allocation Failure) 155M->155M(228M) 78.831ms
[2020-01-29T22:48:20.113+0300][432.953s][info][gc] GC(4711) Pause Full (Ergonomics) 155M->21M(228M) 8.981ms
[2020-01-29T22:48:20.178+0300][433.019s][info][gc] GC(4712) Pause Young (Allocation Failure) 50M->50M(228M) 62.225ms
[2020-01-29T22:48:20.287+0300][433.127s][info][gc] GC(4713) Pause Young (Allocation Failure) 79M->79M(228M) 104.594ms
[2020-01-29T22:48:20.398+0300][433.238s][info][gc] GC(4714) Pause Young (Allocation Failure) 108M->108M(228M) 107.492ms
[2020-01-29T22:48:20.522+0300][433.362s][info][gc] GC(4715) Pause Young (Allocation Failure) 156M->156M(228M) 108.823ms
[2020-01-29T22:48:20.535+0300][433.375s][info][gc] GC(4716) Pause Full (Ergonomics) 156M->22M(228M) 12.709ms
[2020-01-29T22:48:20.596+0300][433.437s][info][gc] GC(4717) Pause Young (Allocation Failure) 51M->51M(228M) 58.249ms
[2020-01-29T22:48:20.733+0300][433.573s][info][gc] GC(4718) Pause Young (Allocation Failure) 80M->80M(228M) 132.396ms
[2020-01-29T22:48:20.850+0300][433.690s][info][gc] GC(4719) Pause Young (Allocation Failure) 109M->109M(228M) 113.363ms
[2020-01-29T22:48:20.986+0300][433.826s][info][gc] GC(4720) Pause Young (Allocation Failure) 157M->157M(228M) 122.147ms
[2020-01-29T22:48:21.013+0300][433.853s][info][gc] GC(4721) Pause Full (Ergonomics) 157M->23M(228M) 26.665ms
[2020-01-29T22:48:21.073+0300][433.913s][info][gc] GC(4722) Pause Young (Allocation Failure) 52M->52M(228M) 55.749ms
[2020-01-29T22:48:21.188+0300][434.028s][info][gc] GC(4723) Pause Young (Allocation Failure) 81M->81M(228M) 110.551ms
[2020-01-29T22:48:21.312+0300][434.152s][info][gc] GC(4724) Pause Young (Allocation Failure) 110M->110M(228M) 120.825ms
[2020-01-29T22:48:21.430+0300][434.271s][info][gc] GC(4725) Pause Young (Allocation Failure) 158M->158M(228M) 103.450ms
[2020-01-29T22:48:21.455+0300][434.295s][info][gc] GC(4726) Pause Full (Ergonomics) 158M->24M(228M) 23.957ms
[2020-01-29T22:48:21.517+0300][434.358s][info][gc] GC(4727) Pause Young (Allocation Failure) 53M->53M(228M) 59.290ms
[2020-01-29T22:48:21.635+0300][434.474s][info][gc] GC(4728) Pause Young (Allocation Failure) 82M->83M(228M) 113.078ms
[2020-01-29T22:48:21.752+0300][434.592s][info][gc] GC(4729) Pause Young (Allocation Failure) 112M->112M(228M) 114.492ms
[2020-01-29T22:48:21.868+0300][434.708s][info][gc] GC(4730) Pause Young (Allocation Failure) 160M->160M(228M) 100.852ms
[2020-01-29T22:48:21.899+0300][434.739s][info][gc] GC(4731) Pause Full (Ergonomics) 160M->26M(228M) 31.087ms
[2020-01-29T22:48:21.966+0300][434.806s][info][gc] GC(4732) Pause Young (Allocation Failure) 55M->55M(228M) 63.122ms
[2020-01-29T22:48:22.085+0300][434.924s][info][gc] GC(4733) Pause Young (Allocation Failure) 84M->84M(228M) 114.810ms
[2020-01-29T22:48:22.203+0300][435.043s][info][gc] GC(4734) Pause Young (Allocation Failure) 113M->113M(228M) 114.624ms
[2020-01-29T22:48:22.348+0300][435.188s][info][gc] GC(4735) Pause Young (Allocation Failure) 161M->161M(228M) 129.895ms
[2020-01-29T22:48:22.394+0300][435.234s][info][gc] GC(4736) Pause Full (Ergonomics) 161M->27M(228M) 45.883ms
[2020-01-29T22:48:22.459+0300][435.299s][info][gc] GC(4737) Pause Young (Allocation Failure) 56M->56M(228M) 61.240ms
[2020-01-29T22:48:22.577+0300][435.417s][info][gc] GC(4738) Pause Young (Allocation Failure) 85M->85M(228M) 114.212ms
[2020-01-29T22:48:22.693+0300][435.533s][info][gc] GC(4739) Pause Young (Allocation Failure) 114M->114M(228M) 112.667ms
[2020-01-29T22:48:22.799+0300][435.639s][info][gc] GC(4740) Pause Young (Allocation Failure) 162M->162M(228M) 91.632ms
[2020-01-29T22:48:22.840+0300][435.680s][info][gc] GC(4741) Pause Full (Ergonomics) 162M->28M(228M) 40.356ms
[2020-01-29T22:48:22.903+0300][435.743s][info][gc] GC(4742) Pause Young (Allocation Failure) 57M->57M(228M) 59.780ms
[2020-01-29T22:48:23.015+0300][435.856s][info][gc] GC(4743) Pause Young (Allocation Failure) 86M->86M(228M) 108.758ms
[2020-01-29T22:48:23.131+0300][435.971s][info][gc] GC(4744) Pause Young (Allocation Failure) 115M->115M(228M) 111.431ms
[2020-01-29T22:48:23.272+0300][436.112s][info][gc] GC(4745) Pause Young (Allocation Failure) 163M->164M(228M) 126.596ms
[2020-01-29T22:48:23.325+0300][436.165s][info][gc] GC(4746) Pause Full (Ergonomics) 164M->30M(228M) 53.361ms
[2020-01-29T22:48:23.389+0300][436.229s][info][gc] GC(4747) Pause Young (Allocation Failure) 59M->58M(228M) 59.592ms
[2020-01-29T22:48:23.512+0300][436.351s][info][gc] GC(4748) Pause Young (Allocation Failure) 87M->88M(228M) 118.313ms
[2020-01-29T22:48:23.626+0300][436.466s][info][gc] GC(4749) Pause Young (Allocation Failure) 117M->117M(228M) 110.756ms
[2020-01-29T22:48:23.724+0300][436.564s][info][gc] GC(4750) Pause Young (Allocation Failure) 165M->165M(228M) 83.612ms
[2020-01-29T22:48:23.769+0300][436.609s][info][gc] GC(4751) Pause Full (Ergonomics) 165M->31M(228M) 44.283ms
[2020-01-29T22:48:23.834+0300][436.674s][info][gc] GC(4752) Pause Young (Allocation Failure) 60M->60M(228M) 61.757ms
[2020-01-29T22:48:23.949+0300][436.789s][info][gc] GC(4753) Pause Young (Allocation Failure) 89M->89M(228M) 111.494ms
[2020-01-29T22:48:24.061+0300][436.901s][info][gc] GC(4754) Pause Young (Allocation Failure) 118M->118M(228M) 107.871ms
[2020-01-29T22:48:24.199+0300][437.038s][info][gc] GC(4755) Pause Young (Allocation Failure) 166M->166M(228M) 122.562ms
[2020-01-29T22:48:24.265+0300][437.104s][info][gc] GC(4756) Pause Full (Ergonomics) 166M->32M(228M) 65.799ms
[2020-01-29T22:48:24.331+0300][437.172s][info][gc] GC(4757) Pause Young (Allocation Failure) 61M->61M(228M) 63.489ms
[2020-01-29T22:48:24.442+0300][437.282s][info][gc] GC(4758) Pause Young (Allocation Failure) 90M->90M(228M) 106.689ms
[2020-01-29T22:48:24.567+0300][437.407s][info][gc] GC(4759) Pause Young (Allocation Failure) 119M->119M(228M) 116.323ms
[2020-01-29T22:48:24.661+0300][437.501s][info][gc] GC(4760) Pause Young (Allocation Failure) 167M->167M(228M) 79.319ms
[2020-01-29T22:48:24.717+0300][437.557s][info][gc] GC(4761) Pause Full (Ergonomics) 167M->33M(228M) 56.285ms
[2020-01-29T22:48:24.779+0300][437.619s][info][gc] GC(4762) Pause Young (Allocation Failure) 62M->62M(228M) 58.011ms
[2020-01-29T22:48:24.899+0300][437.740s][info][gc] GC(4763) Pause Young (Allocation Failure) 91M->91M(228M) 117.160ms
[2020-01-29T22:48:25.012+0300][437.852s][info][gc] GC(4764) Pause Young (Allocation Failure) 120M->120M(228M) 108.404ms
[2020-01-29T22:48:25.144+0300][437.984s][info][gc] GC(4765) Pause Young (Allocation Failure) 168M->168M(228M) 117.526ms
[2020-01-29T22:48:25.217+0300][438.057s][info][gc] GC(4766) Pause Full (Ergonomics) 168M->34M(228M) 72.592ms
[2020-01-29T22:48:25.280+0300][438.119s][info][gc] GC(4767) Pause Young (Allocation Failure) 63M->63M(228M) 58.511ms
[2020-01-29T22:48:25.393+0300][438.232s][info][gc] GC(4768) Pause Young (Allocation Failure) 92M->92M(228M) 108.938ms
[2020-01-29T22:48:25.510+0300][438.349s][info][gc] GC(4769) Pause Young (Allocation Failure) 121M->121M(228M) 113.634ms
[2020-01-29T22:48:25.601+0300][438.441s][info][gc] GC(4770) Pause Young (Allocation Failure) 169M->169M(228M) 76.870ms
[2020-01-29T22:48:25.665+0300][438.505s][info][gc] GC(4771) Pause Full (Ergonomics) 169M->35M(228M) 64.093ms
[2020-01-29T22:48:25.728+0300][438.568s][info][gc] GC(4772) Pause Young (Allocation Failure) 64M->64M(228M) 59.363ms
[2020-01-29T22:48:25.843+0300][438.683s][info][gc] GC(4773) Pause Young (Allocation Failure) 93M->93M(228M) 111.811ms
[2020-01-29T22:48:25.959+0300][438.799s][info][gc] GC(4774) Pause Young (Allocation Failure) 122M->123M(228M) 112.149ms
[2020-01-29T22:48:26.048+0300][438.888s][info][gc] GC(4775) Pause Young (Allocation Failure) 171M->171M(228M) 73.864ms
[2020-01-29T22:48:26.120+0300][438.959s][info][gc] GC(4776) Pause Full (Ergonomics) 171M->37M(228M) 70.913ms
[2020-01-29T22:48:26.181+0300][439.022s][info][gc] GC(4777) Pause Young (Allocation Failure) 66M->66M(228M) 58.937ms
[2020-01-29T22:48:26.300+0300][439.140s][info][gc] GC(4778) Pause Young (Allocation Failure) 95M->95M(228M) 114.271ms
[2020-01-29T22:48:26.422+0300][439.262s][info][gc] GC(4779) Pause Young (Allocation Failure) 124M->124M(228M) 118.246ms
[2020-01-29T22:48:26.513+0300][439.353s][info][gc] GC(4780) Pause Young (Allocation Failure) 172M->172M(228M) 75.625ms
[2020-01-29T22:48:26.582+0300][439.422s][info][gc] GC(4781) Pause Full (Ergonomics) 172M->38M(228M) 69.083ms
[2020-01-29T22:48:26.663+0300][439.502s][info][gc] GC(4782) Pause Young (Allocation Failure) 67M->67M(228M) 76.734ms
[2020-01-29T22:48:26.780+0300][439.620s][info][gc] GC(4783) Pause Young (Allocation Failure) 96M->96M(228M) 114.244ms
[2020-01-29T22:48:26.896+0300][439.736s][info][gc] GC(4784) Pause Young (Allocation Failure) 125M->125M(228M) 112.506ms
[2020-01-29T22:48:26.981+0300][439.822s][info][gc] GC(4785) Pause Young (Allocation Failure) 173M->173M(228M) 70.302ms
[2020-01-29T22:48:27.062+0300][439.902s][info][gc] GC(4786) Pause Full (Ergonomics) 173M->39M(228M) 79.828ms
[2020-01-29T22:48:27.131+0300][439.971s][info][gc] GC(4787) Pause Young (Allocation Failure) 68M->68M(228M) 60.054ms
[2020-01-29T22:48:27.249+0300][440.088s][info][gc] GC(4788) Pause Young (Allocation Failure) 97M->97M(228M) 113.869ms
[2020-01-29T22:48:27.373+0300][440.213s][info][gc] GC(4789) Pause Young (Allocation Failure) 126M->126M(228M) 120.835ms
[2020-01-29T22:48:27.453+0300][440.293s][info][gc] GC(4790) Pause Young (Allocation Failure) 155M->155M(228M) 67.296ms
[2020-01-29T22:48:27.465+0300][440.305s][info][gc] GC(4791) Pause Full (Ergonomics) 155M->22M(228M) 11.950ms
[2020-01-29T22:48:27.523+0300][440.363s][info][gc] GC(4792) Pause Young (Allocation Failure) 51M->51M(228M) 53.892ms
[2020-01-29T22:48:27.639+0300][440.479s][info][gc] GC(4793) Pause Young (Allocation Failure) 80M->80M(228M) 112.546ms
[2020-01-29T22:48:27.756+0300][440.597s][info][gc] GC(4794) Pause Young (Allocation Failure) 109M->109M(228M) 114.200ms
[2020-01-29T22:48:27.890+0300][440.730s][info][gc] GC(4795) Pause Young (Allocation Failure) 157M->157M(228M) 118.384ms
[2020-01-29T22:48:27.912+0300][440.752s][info][gc] GC(4796) Pause Full (Ergonomics) 157M->23M(228M) 21.952ms
[2020-01-29T22:48:27.978+0300][440.817s][info][gc] GC(4797) Pause Young (Allocation Failure) 52M->52M(228M) 61.703ms
[2020-01-29T22:48:28.097+0300][440.938s][info][gc] GC(4798) Pause Young (Allocation Failure) 81M->81M(228M) 116.498ms
[2020-01-29T22:48:28.208+0300][441.049s][info][gc] GC(4799) Pause Young (Allocation Failure) 110M->110M(228M) 107.373ms
[2020-01-29T22:48:28.331+0300][441.171s][info][gc] GC(4800) Pause Young (Allocation Failure) 158M->158M(228M) 106.706ms
[2020-01-29T22:48:28.354+0300][441.193s][info][gc] GC(4801) Pause Full (Ergonomics) 158M->24M(228M) 22.842ms
[2020-01-29T22:48:28.427+0300][441.266s][info][gc] GC(4802) Pause Young (Allocation Failure) 53M->53M(228M) 68.895ms
[2020-01-29T22:48:28.538+0300][441.377s][info][gc] GC(4803) Pause Young (Allocation Failure) 82M->82M(228M) 107.709ms
[2020-01-29T22:48:28.669+0300][441.510s][info][gc] GC(4804) Pause Young (Allocation Failure) 111M->111M(228M) 128.344ms
[2020-01-29T22:48:28.802+0300][441.641s][info][gc] GC(4805) Pause Young (Allocation Failure) 159M->159M(228M) 115.810ms
[2020-01-29T22:48:28.836+0300][441.677s][info][gc] GC(4806) Pause Full (Ergonomics) 159M->25M(228M) 35.479ms
[2020-01-29T22:48:28.903+0300][441.743s][info][gc] GC(4807) Pause Young (Allocation Failure) 54M->54M(228M) 62.516ms
[2020-01-29T22:48:29.026+0300][441.866s][info][gc] GC(4808) Pause Young (Allocation Failure) 83M->83M(228M) 119.483ms
[2020-01-29T22:48:29.143+0300][441.983s][info][gc] GC(4809) Pause Young (Allocation Failure) 112M->112M(228M) 113.106ms
[2020-01-29T22:48:29.260+0300][442.101s][info][gc] GC(4810) Pause Young (Allocation Failure) 160M->160M(228M) 103.114ms
[2020-01-29T22:48:29.293+0300][442.133s][info][gc] GC(4811) Pause Full (Ergonomics) 160M->26M(228M) 32.302ms
[2020-01-29T22:48:29.357+0300][442.197s][info][gc] GC(4812) Pause Young (Allocation Failure) 55M->55M(228M) 59.431ms
[2020-01-29T22:48:29.463+0300][442.303s][info][gc] GC(4813) Pause Young (Allocation Failure) 84M->84M(228M) 102.101ms
[2020-01-29T22:48:29.580+0300][442.421s][info][gc] GC(4814) Pause Young (Allocation Failure) 113M->113M(228M) 114.653ms
[2020-01-29T22:48:29.727+0300][442.567s][info][gc] GC(4815) Pause Young (Allocation Failure) 162M->162M(228M) 131.763ms
[2020-01-29T22:48:29.789+0300][442.629s][info][gc] GC(4816) Pause Full (Ergonomics) 162M->28M(228M) 61.139ms
[2020-01-29T22:48:29.853+0300][442.693s][info][gc] GC(4817) Pause Young (Allocation Failure) 57M->57M(228M) 60.369ms
[2020-01-29T22:48:29.968+0300][442.809s][info][gc] GC(4818) Pause Young (Allocation Failure) 86M->86M(228M) 112.542ms
[2020-01-29T22:48:30.085+0300][442.924s][info][gc] GC(4819) Pause Young (Allocation Failure) 115M->115M(228M) 111.717ms
[2020-01-29T22:48:30.191+0300][443.031s][info][gc] GC(4820) Pause Young (Allocation Failure) 163M->163M(228M) 92.574ms
[2020-01-29T22:48:30.236+0300][443.077s][info][gc] GC(4821) Pause Full (Ergonomics) 163M->29M(228M) 44.947ms
[2020-01-29T22:48:30.305+0300][443.145s][info][gc] GC(4822) Pause Young (Allocation Failure) 58M->58M(228M) 63.282ms
[2020-01-29T22:48:30.427+0300][443.267s][info][gc] GC(4823) Pause Young (Allocation Failure) 87M->87M(228M) 118.221ms
[2020-01-29T22:48:30.552+0300][443.393s][info][gc] GC(4824) Pause Young (Allocation Failure) 116M->116M(228M) 121.764ms
[2020-01-29T22:48:30.684+0300][443.524s][info][gc] GC(4825) Pause Young (Allocation Failure) 164M->164M(228M) 115.922ms
[2020-01-29T22:48:30.734+0300][443.574s][info][gc] GC(4826) Pause Full (Ergonomics) 164M->30M(228M) 49.982ms
[2020-01-29T22:48:30.798+0300][443.638s][info][gc] GC(4827) Pause Young (Allocation Failure) 59M->59M(228M) 60.465ms
[2020-01-29T22:48:30.931+0300][443.771s][info][gc] GC(4828) Pause Young (Allocation Failure) 88M->88M(228M) 129.573ms
[2020-01-29T22:48:31.046+0300][443.886s][info][gc] GC(4829) Pause Young (Allocation Failure) 117M->117M(228M) 110.532ms
[2020-01-29T22:48:31.144+0300][443.984s][info][gc] GC(4830) Pause Young (Allocation Failure) 165M->165M(228M) 82.129ms
[2020-01-29T22:48:31.194+0300][444.034s][info][gc] GC(4831) Pause Full (Ergonomics) 165M->31M(228M) 50.185ms
[2020-01-29T22:48:31.279+0300][444.120s][info][gc] GC(4832) Pause Young (Allocation Failure) 60M->60M(228M) 81.766ms
[2020-01-29T22:48:31.394+0300][444.235s][info][gc] GC(4833) Pause Young (Allocation Failure) 89M->89M(228M) 110.362ms
[2020-01-29T22:48:31.512+0300][444.352s][info][gc] GC(4834) Pause Young (Allocation Failure) 118M->118M(228M) 113.853ms
[2020-01-29T22:48:31.656+0300][444.496s][info][gc] GC(4835) Pause Young (Allocation Failure) 167M->167M(228M) 128.912ms
[2020-01-29T22:48:31.731+0300][444.571s][info][gc] GC(4836) Pause Full (Ergonomics) 167M->33M(228M) 74.665ms
[2020-01-29T22:48:31.791+0300][444.630s][info][gc] GC(4837) Pause Young (Allocation Failure) 62M->62M(228M) 55.988ms
[2020-01-29T22:48:31.907+0300][444.747s][info][gc] GC(4838) Pause Young (Allocation Failure) 91M->91M(228M) 112.944ms
[2020-01-29T22:48:32.027+0300][444.867s][info][gc] GC(4839) Pause Young (Allocation Failure) 120M->120M(228M) 116.337ms
[2020-01-29T22:48:32.168+0300][445.008s][info][gc] GC(4840) Pause Young (Allocation Failure) 168M->168M(228M) 125.785ms
[2020-01-29T22:48:32.243+0300][445.083s][info][gc] GC(4841) Pause Full (Ergonomics) 168M->34M(228M) 75.525ms
[2020-01-29T22:48:32.299+0300][445.140s][info][gc] GC(4842) Pause Young (Allocation Failure) 63M->63M(228M) 52.364ms
[2020-01-29T22:48:32.416+0300][445.256s][info][gc] GC(4843) Pause Young (Allocation Failure) 92M->92M(228M) 111.864ms
[2020-01-29T22:48:32.528+0300][445.367s][info][gc] GC(4844) Pause Young (Allocation Failure) 121M->121M(228M) 108.182ms
[2020-01-29T22:48:32.656+0300][445.496s][info][gc] GC(4845) Pause Young (Allocation Failure) 169M->169M(228M) 113.516ms
[2020-01-29T22:48:32.722+0300][445.562s][info][gc] GC(4846) Pause Full (Ergonomics) 169M->35M(228M) 65.804ms
[2020-01-29T22:48:32.786+0300][445.626s][info][gc] GC(4847) Pause Young (Allocation Failure) 64M->64M(228M) 59.713ms
[2020-01-29T22:48:32.902+0300][445.742s][info][gc] GC(4848) Pause Young (Allocation Failure) 93M->93M(228M) 111.999ms
[2020-01-29T22:48:33.043+0300][445.883s][info][gc] GC(4849) Pause Young (Allocation Failure) 122M->122M(228M) 137.355ms
[2020-01-29T22:48:33.182+0300][446.022s][info][gc] GC(4850) Pause Young (Allocation Failure) 170M->170M(228M) 123.505ms
[2020-01-29T22:48:33.264+0300][446.104s][info][gc] GC(4851) Pause Full (Ergonomics) 170M->36M(228M) 81.878ms
[2020-01-29T22:48:33.333+0300][446.173s][info][gc] GC(4852) Pause Young (Allocation Failure) 65M->65M(228M) 65.094ms
[2020-01-29T22:48:33.449+0300][446.289s][info][gc] GC(4853) Pause Young (Allocation Failure) 94M->94M(228M) 111.870ms
[2020-01-29T22:48:33.558+0300][446.398s][info][gc] GC(4854) Pause Young (Allocation Failure) 123M->123M(228M) 105.833ms
[2020-01-29T22:48:33.660+0300][446.499s][info][gc] GC(4855) Pause Young (Allocation Failure) 171M->172M(228M) 85.419ms
[2020-01-29T22:48:33.729+0300][446.569s][info][gc] GC(4856) Pause Full (Ergonomics) 172M->38M(228M) 69.894ms
[2020-01-29T22:48:33.795+0300][446.635s][info][gc] GC(4857) Pause Young (Allocation Failure) 67M->67M(228M) 61.658ms
[2020-01-29T22:48:33.912+0300][446.752s][info][gc] GC(4858) Pause Young (Allocation Failure) 96M->96M(228M) 114.029ms
[2020-01-29T22:48:34.028+0300][446.868s][info][gc] GC(4859) Pause Young (Allocation Failure) 125M->125M(228M) 112.005ms
[2020-01-29T22:48:34.116+0300][446.956s][info][gc] GC(4860) Pause Young (Allocation Failure) 173M->173M(228M) 73.098ms
[2020-01-29T22:48:34.191+0300][447.031s][info][gc] GC(4861) Pause Full (Ergonomics) 173M->39M(228M) 74.709ms
[2020-01-29T22:48:34.257+0300][447.097s][info][gc] GC(4862) Pause Young (Allocation Failure) 68M->68M(228M) 62.374ms
[2020-01-29T22:48:34.401+0300][447.242s][info][gc] GC(4863) Pause Young (Allocation Failure) 97M->97M(228M) 141.253ms
[2020-01-29T22:48:34.517+0300][447.357s][info][gc] GC(4864) Pause Young (Allocation Failure) 126M->126M(228M) 111.247ms
[2020-01-29T22:48:34.599+0300][447.439s][info][gc] GC(4865) Pause Young (Allocation Failure) 155M->155M(228M) 69.965ms
[2020-01-29T22:48:34.610+0300][447.449s][info][gc] GC(4866) Pause Full (Ergonomics) 155M->21M(228M) 10.103ms
[2020-01-29T22:48:34.671+0300][447.512s][info][gc] GC(4867) Pause Young (Allocation Failure) 50M->50M(228M) 59.024ms
[2020-01-29T22:48:34.800+0300][447.640s][info][gc] GC(4868) Pause Young (Allocation Failure) 79M->79M(228M) 124.411ms
[2020-01-29T22:48:34.919+0300][447.759s][info][gc] GC(4869) Pause Young (Allocation Failure) 108M->108M(228M) 115.051ms
[2020-01-29T22:48:35.043+0300][447.884s][info][gc] GC(4870) Pause Young (Allocation Failure) 156M->157M(228M) 110.431ms
[2020-01-29T22:48:35.059+0300][447.900s][info][gc] GC(4871) Pause Full (Ergonomics) 157M->22M(228M) 16.140ms
[2020-01-29T22:48:35.121+0300][447.961s][info][gc] GC(4872) Pause Young (Allocation Failure) 51M->51M(228M) 57.295ms
[2020-01-29T22:48:35.270+0300][448.110s][info][gc] GC(4873) Pause Young (Allocation Failure) 80M->80M(228M) 145.846ms
[2020-01-29T22:48:35.387+0300][448.228s][info][gc] GC(4874) Pause Young (Allocation Failure) 109M->109M(228M) 112.511ms
[2020-01-29T22:48:35.500+0300][448.340s][info][gc] GC(4875) Pause Young (Allocation Failure) 157M->157M(228M) 96.947ms
[2020-01-29T22:48:35.522+0300][448.361s][info][gc] GC(4876) Pause Full (Ergonomics) 157M->23M(228M) 21.702ms
[2020-01-29T22:48:35.615+0300][448.455s][info][gc] GC(4877) Pause Young (Allocation Failure) 52M->52M(228M) 90.215ms
[2020-01-29T22:48:35.732+0300][448.572s][info][gc] GC(4878) Pause Young (Allocation Failure) 81M->82M(228M) 113.308ms
[2020-01-29T22:48:35.851+0300][448.691s][info][gc] GC(4879) Pause Young (Allocation Failure) 111M->111M(228M) 114.984ms
[2020-01-29T22:48:35.969+0300][448.809s][info][gc] GC(4880) Pause Young (Allocation Failure) 159M->159M(228M) 102.538ms
[2020-01-29T22:48:35.993+0300][448.833s][info][gc] GC(4881) Pause Full (Ergonomics) 159M->25M(228M) 24.823ms
[2020-01-29T22:48:36.066+0300][448.907s][info][gc] GC(4882) Pause Young (Allocation Failure) 54M->54M(228M) 69.348ms
[2020-01-29T22:48:36.180+0300][449.020s][info][gc] GC(4883) Pause Young (Allocation Failure) 83M->83M(228M) 109.664ms
[2020-01-29T22:48:36.288+0300][449.128s][info][gc] GC(4884) Pause Young (Allocation Failure) 112M->112M(228M) 104.371ms
[2020-01-29T22:48:36.404+0300][449.245s][info][gc] GC(4885) Pause Young (Allocation Failure) 160M->160M(228M) 101.100ms
[2020-01-29T22:48:36.433+0300][449.273s][info][gc] GC(4886) Pause Full (Ergonomics) 160M->26M(228M) 28.749ms
[2020-01-29T22:48:36.535+0300][449.375s][info][gc] GC(4887) Pause Young (Allocation Failure) 55M->55M(228M) 97.480ms
[2020-01-29T22:48:36.637+0300][449.477s][info][gc] GC(4888) Pause Young (Allocation Failure) 84M->84M(228M) 95.589ms
[2020-01-29T22:48:36.749+0300][449.589s][info][gc] GC(4889) Pause Young (Allocation Failure) 113M->113M(228M) 108.655ms
[2020-01-29T22:48:36.871+0300][449.711s][info][gc] GC(4890) Pause Young (Allocation Failure) 161M->161M(228M) 107.745ms
[2020-01-29T22:48:36.906+0300][449.746s][info][gc] GC(4891) Pause Full (Ergonomics) 161M->27M(228M) 35.183ms
[2020-01-29T22:48:36.972+0300][449.812s][info][gc] GC(4892) Pause Young (Allocation Failure) 56M->56M(228M) 61.532ms
[2020-01-29T22:48:37.093+0300][449.933s][info][gc] GC(4893) Pause Young (Allocation Failure) 85M->85M(228M) 117.443ms
[2020-01-29T22:48:37.215+0300][450.056s][info][gc] GC(4894) Pause Young (Allocation Failure) 114M->114M(228M) 118.736ms
[2020-01-29T22:48:37.323+0300][450.163s][info][gc] GC(4895) Pause Young (Allocation Failure) 162M->162M(228M) 92.949ms
[2020-01-29T22:48:37.363+0300][450.204s][info][gc] GC(4896) Pause Full (Ergonomics) 162M->29M(228M) 40.163ms
[2020-01-29T22:48:37.426+0300][450.267s][info][gc] GC(4897) Pause Young (Allocation Failure) 58M->57M(228M) 59.124ms
[2020-01-29T22:48:37.541+0300][450.381s][info][gc] GC(4898) Pause Young (Allocation Failure) 86M->86M(228M) 110.695ms
[2020-01-29T22:48:37.657+0300][450.497s][info][gc] GC(4899) Pause Young (Allocation Failure) 115M->115M(228M) 112.482ms
[2020-01-29T22:48:37.795+0300][450.635s][info][gc] GC(4900) Pause Young (Allocation Failure) 164M->164M(228M) 123.208ms
[2020-01-29T22:48:37.848+0300][450.688s][info][gc] GC(4901) Pause Full (Ergonomics) 164M->30M(228M) 53.177ms
[2020-01-29T22:48:37.912+0300][450.752s][info][gc] GC(4902) Pause Young (Allocation Failure) 59M->59M(228M) 59.771ms
[2020-01-29T22:48:38.023+0300][450.863s][info][gc] GC(4903) Pause Young (Allocation Failure) 88M->88M(228M) 107.703ms
[2020-01-29T22:48:38.134+0300][450.975s][info][gc] GC(4904) Pause Young (Allocation Failure) 117M->117M(228M) 108.290ms
[2020-01-29T22:48:38.236+0300][451.076s][info][gc] GC(4905) Pause Young (Allocation Failure) 165M->165M(228M) 86.581ms
[2020-01-29T22:48:38.287+0300][451.127s][info][gc] GC(4906) Pause Full (Ergonomics) 165M->31M(228M) 50.814ms
[2020-01-29T22:48:38.367+0300][451.207s][info][gc] GC(4907) Pause Young (Allocation Failure) 60M->60M(228M) 65.483ms
[2020-01-29T22:48:38.487+0300][451.328s][info][gc] GC(4908) Pause Young (Allocation Failure) 89M->89M(228M) 116.906ms
[2020-01-29T22:48:38.602+0300][451.442s][info][gc] GC(4909) Pause Young (Allocation Failure) 118M->118M(228M) 110.750ms
[2020-01-29T22:48:38.700+0300][451.540s][info][gc] GC(4910) Pause Young (Allocation Failure) 166M->166M(228M) 83.118ms
[2020-01-29T22:48:38.766+0300][451.606s][info][gc] GC(4911) Pause Full (Ergonomics) 166M->32M(228M) 66.020ms
[2020-01-29T22:48:38.830+0300][451.671s][info][gc] GC(4912) Pause Young (Allocation Failure) 61M->61M(228M) 60.945ms
[2020-01-29T22:48:38.946+0300][451.787s][info][gc] GC(4913) Pause Young (Allocation Failure) 90M->90M(228M) 112.243ms
[2020-01-29T22:48:39.056+0300][451.897s][info][gc] GC(4914) Pause Young (Allocation Failure) 119M->119M(228M) 106.552ms
[2020-01-29T22:48:39.218+0300][452.058s][info][gc] GC(4915) Pause Young (Allocation Failure) 167M->167M(228M) 146.326ms
[2020-01-29T22:48:39.288+0300][452.128s][info][gc] GC(4916) Pause Full (Ergonomics) 167M->33M(228M) 69.666ms
[2020-01-29T22:48:39.352+0300][452.192s][info][gc] GC(4917) Pause Young (Allocation Failure) 62M->62M(228M) 60.111ms
[2020-01-29T22:48:39.465+0300][452.305s][info][gc] GC(4918) Pause Young (Allocation Failure) 91M->91M(228M) 109.394ms
[2020-01-29T22:48:39.612+0300][452.451s][info][gc] GC(4919) Pause Young (Allocation Failure) 120M->120M(228M) 142.820ms
[2020-01-29T22:48:39.697+0300][452.537s][info][gc] GC(4920) Pause Young (Allocation Failure) 168M->168M(228M) 70.674ms
[2020-01-29T22:48:39.760+0300][452.600s][info][gc] GC(4921) Pause Full (Ergonomics) 168M->35M(228M) 62.351ms
[2020-01-29T22:48:39.819+0300][452.659s][info][gc] GC(4922) Pause Young (Allocation Failure) 64M->64M(228M) 55.379ms
[2020-01-29T22:48:39.933+0300][452.773s][info][gc] GC(4923) Pause Young (Allocation Failure) 93M->93M(228M) 110.672ms
[2020-01-29T22:48:40.051+0300][452.891s][info][gc] GC(4924) Pause Young (Allocation Failure) 122M->122M(228M) 114.223ms
[2020-01-29T22:48:40.140+0300][452.981s][info][gc] GC(4925) Pause Young (Allocation Failure) 170M->170M(228M) 74.563ms
[2020-01-29T22:48:40.204+0300][453.045s][info][gc] GC(4926) Pause Full (Ergonomics) 170M->36M(228M) 63.750ms
[2020-01-29T22:48:40.270+0300][453.111s][info][gc] GC(4927) Pause Young (Allocation Failure) 65M->65M(228M) 62.263ms
[2020-01-29T22:48:40.387+0300][453.227s][info][gc] GC(4928) Pause Young (Allocation Failure) 94M->94M(228M) 112.308ms
[2020-01-29T22:48:40.504+0300][453.344s][info][gc] GC(4929) Pause Young (Allocation Failure) 123M->123M(228M) 113.900ms
[2020-01-29T22:48:40.593+0300][453.434s][info][gc] GC(4930) Pause Young (Allocation Failure) 171M->171M(228M) 73.842ms
[2020-01-29T22:48:40.661+0300][453.501s][info][gc] GC(4931) Pause Full (Ergonomics) 171M->37M(228M) 67.562ms
[2020-01-29T22:48:40.727+0300][453.567s][info][gc] GC(4932) Pause Young (Allocation Failure) 66M->66M(228M) 61.943ms
[2020-01-29T22:48:40.841+0300][453.680s][info][gc] GC(4933) Pause Young (Allocation Failure) 95M->95M(228M) 110.073ms
[2020-01-29T22:48:40.955+0300][453.795s][info][gc] GC(4934) Pause Young (Allocation Failure) 124M->124M(228M) 110.908ms
[2020-01-29T22:48:41.039+0300][453.878s][info][gc] GC(4935) Pause Young (Allocation Failure) 172M->172M(228M) 68.700ms
[2020-01-29T22:48:41.111+0300][453.951s][info][gc] GC(4936) Pause Full (Ergonomics) 172M->38M(228M) 72.901ms
[2020-01-29T22:48:41.182+0300][454.022s][info][gc] GC(4937) Pause Young (Allocation Failure) 67M->67M(228M) 67.284ms
[2020-01-29T22:48:41.301+0300][454.141s][info][gc] GC(4938) Pause Young (Allocation Failure) 96M->96M(228M) 115.136ms
[2020-01-29T22:48:41.419+0300][454.259s][info][gc] GC(4939) Pause Young (Allocation Failure) 125M->125M(228M) 114.375ms
[2020-01-29T22:48:41.519+0300][454.359s][info][gc] GC(4940) Pause Young (Allocation Failure) 173M->174M(228M) 85.048ms
[2020-01-29T22:48:41.599+0300][454.439s][info][gc] GC(4941) Pause Full (Ergonomics) 174M->40M(228M) 79.907ms
[2020-01-29T22:48:41.664+0300][454.505s][info][gc] GC(4942) Pause Young (Allocation Failure) 69M->68M(228M) 61.661ms
[2020-01-29T22:48:41.777+0300][454.616s][info][gc] GC(4943) Pause Young (Allocation Failure) 97M->98M(228M) 107.942ms
[2020-01-29T22:48:41.890+0300][454.731s][info][gc] GC(4944) Pause Young (Allocation Failure) 127M->127M(228M) 110.851ms
[2020-01-29T22:48:41.979+0300][454.819s][info][gc] GC(4945) Pause Young (Allocation Failure) 156M->156M(228M) 76.219ms
[2020-01-29T22:48:41.991+0300][454.831s][info][gc] GC(4946) Pause Full (Ergonomics) 156M->22M(228M) 12.421ms
[2020-01-29T22:48:42.054+0300][454.894s][info][gc] GC(4947) Pause Young (Allocation Failure) 51M->51M(228M) 58.628ms
[2020-01-29T22:48:42.161+0300][455.000s][info][gc] GC(4948) Pause Young (Allocation Failure) 80M->80M(228M) 103.215ms
[2020-01-29T22:48:42.278+0300][455.118s][info][gc] GC(4949) Pause Young (Allocation Failure) 109M->109M(228M) 114.026ms
[2020-01-29T22:48:42.408+0300][455.248s][info][gc] GC(4950) Pause Young (Allocation Failure) 157M->157M(228M) 115.589ms
[2020-01-29T22:48:42.431+0300][455.271s][info][gc] GC(4951) Pause Full (Ergonomics) 157M->23M(228M) 22.291ms
[2020-01-29T22:48:42.491+0300][455.331s][info][gc] GC(4952) Pause Young (Allocation Failure) 52M->52M(228M) 56.378ms
[2020-01-29T22:48:42.617+0300][455.457s][info][gc] GC(4953) Pause Young (Allocation Failure) 81M->81M(228M) 105.841ms
[2020-01-29T22:48:42.735+0300][455.575s][info][gc] GC(4954) Pause Young (Allocation Failure) 110M->110M(228M) 114.611ms
[2020-01-29T22:48:42.845+0300][455.685s][info][gc] GC(4955) Pause Young (Allocation Failure) 158M->158M(228M) 95.146ms
[2020-01-29T22:48:42.868+0300][455.708s][info][gc] GC(4956) Pause Full (Ergonomics) 158M->24M(228M) 23.010ms
[2020-01-29T22:48:42.949+0300][455.789s][info][gc] GC(4957) Pause Young (Allocation Failure) 53M->53M(228M) 76.367ms
[2020-01-29T22:48:43.069+0300][455.909s][info][gc] GC(4958) Pause Young (Allocation Failure) 82M->82M(228M) 116.559ms
[2020-01-29T22:48:43.181+0300][456.022s][info][gc] GC(4959) Pause Young (Allocation Failure) 111M->111M(228M) 109.334ms
[2020-01-29T22:48:43.292+0300][456.131s][info][gc] GC(4960) Pause Young (Allocation Failure) 159M->159M(228M) 95.005ms
[2020-01-29T22:48:43.320+0300][456.161s][info][gc] GC(4961) Pause Full (Ergonomics) 159M->25M(228M) 29.403ms
[2020-01-29T22:48:43.385+0300][456.225s][info][gc] GC(4962) Pause Young (Allocation Failure) 54M->54M(228M) 60.224ms
[2020-01-29T22:48:43.502+0300][456.343s][info][gc] GC(4963) Pause Young (Allocation Failure) 83M->83M(228M) 114.167ms
[2020-01-29T22:48:43.620+0300][456.461s][info][gc] GC(4964) Pause Young (Allocation Failure) 112M->113M(228M) 113.516ms
[2020-01-29T22:48:43.732+0300][456.571s][info][gc] GC(4965) Pause Young (Allocation Failure) 161M->161M(228M) 96.338ms
[2020-01-29T22:48:43.763+0300][456.603s][info][gc] GC(4966) Pause Full (Ergonomics) 161M->27M(228M) 31.253ms
[2020-01-29T22:48:43.829+0300][456.669s][info][gc] GC(4967) Pause Young (Allocation Failure) 56M->56M(228M) 62.725ms
[2020-01-29T22:48:43.945+0300][456.785s][info][gc] GC(4968) Pause Young (Allocation Failure) 85M->85M(228M) 112.252ms
[2020-01-29T22:48:44.054+0300][456.894s][info][gc] GC(4969) Pause Young (Allocation Failure) 114M->114M(228M) 105.137ms
[2020-01-29T22:48:44.162+0300][457.001s][info][gc] GC(4970) Pause Young (Allocation Failure) 162M->162M(228M) 92.319ms
[2020-01-29T22:48:44.200+0300][457.039s][info][gc] GC(4971) Pause Full (Ergonomics) 162M->28M(228M) 37.598ms
[2020-01-29T22:48:44.276+0300][457.116s][info][gc] GC(4972) Pause Young (Allocation Failure) 57M->57M(228M) 73.316ms
[2020-01-29T22:48:44.388+0300][457.228s][info][gc] GC(4973) Pause Young (Allocation Failure) 86M->86M(228M) 107.988ms
[2020-01-29T22:48:44.510+0300][457.350s][info][gc] GC(4974) Pause Young (Allocation Failure) 115M->115M(228M) 118.483ms
[2020-01-29T22:48:44.616+0300][457.456s][info][gc] GC(4975) Pause Young (Allocation Failure) 163M->163M(228M) 91.279ms
[2020-01-29T22:48:44.656+0300][457.496s][info][gc] GC(4976) Pause Full (Ergonomics) 163M->29M(228M) 39.966ms
[2020-01-29T22:48:44.719+0300][457.560s][info][gc] GC(4977) Pause Young (Allocation Failure) 58M->58M(228M) 59.615ms
[2020-01-29T22:48:44.838+0300][457.678s][info][gc] GC(4978) Pause Young (Allocation Failure) 87M->87M(228M) 114.602ms
[2020-01-29T22:48:44.956+0300][457.796s][info][gc] GC(4979) Pause Young (Allocation Failure) 116M->116M(228M) 114.469ms
[2020-01-29T22:48:45.054+0300][457.895s][info][gc] GC(4980) Pause Young (Allocation Failure) 164M->164M(228M) 83.188ms
[2020-01-29T22:48:45.099+0300][457.939s][info][gc] GC(4981) Pause Full (Ergonomics) 164M->30M(228M) 44.012ms
[2020-01-29T22:48:45.160+0300][457.999s][info][gc] GC(4982) Pause Young (Allocation Failure) 59M->59M(228M) 56.517ms
[2020-01-29T22:48:45.282+0300][458.122s][info][gc] GC(4983) Pause Young (Allocation Failure) 88M->89M(228M) 117.263ms
[2020-01-29T22:48:45.403+0300][458.243s][info][gc] GC(4984) Pause Young (Allocation Failure) 118M->117M(228M) 117.716ms
[2020-01-29T22:48:45.537+0300][458.377s][info][gc] GC(4985) Pause Young (Allocation Failure) 166M->166M(228M) 117.948ms
[2020-01-29T22:48:45.598+0300][458.438s][info][gc] GC(4986) Pause Full (Ergonomics) 166M->32M(228M) 61.746ms
[2020-01-29T22:48:45.688+0300][458.528s][info][gc] GC(4987) Pause Young (Allocation Failure) 61M->61M(228M) 85.516ms
[2020-01-29T22:48:45.799+0300][458.639s][info][gc] GC(4988) Pause Young (Allocation Failure) 90M->90M(228M) 106.849ms
[2020-01-29T22:48:45.926+0300][458.766s][info][gc] GC(4989) Pause Young (Allocation Failure) 119M->119M(228M) 123.028ms
[2020-01-29T22:48:46.059+0300][458.899s][info][gc] GC(4990) Pause Young (Allocation Failure) 167M->167M(228M) 118.073ms
[2020-01-29T22:48:46.151+0300][458.992s][info][gc] GC(4991) Pause Full (Ergonomics) 167M->33M(228M) 92.703ms
[2020-01-29T22:48:46.209+0300][459.049s][info][gc] GC(4992) Pause Young (Allocation Failure) 62M->62M(228M) 53.728ms
[2020-01-29T22:48:46.319+0300][459.159s][info][gc] GC(4993) Pause Young (Allocation Failure) 91M->91M(228M) 106.533ms
[2020-01-29T22:48:46.437+0300][459.277s][info][gc] GC(4994) Pause Young (Allocation Failure) 120M->120M(228M) 113.990ms
