[2020-01-29T21:47:14.108+0300][0.009s][info][gc] Using Parallel
[2020-01-29T21:47:14.407+0300][0.309s][info][gc] GC(0) Pause Young (Allocation Failure) 64M->56M(245M) 74.226ms
[2020-01-29T21:47:14.616+0300][0.518s][info][gc] GC(1) Pause Young (Allocation Failure) 120M->119M(245M) 199.583ms
[2020-01-29T21:47:15.058+0300][0.960s][info][gc] GC(2) Pause Full (Ergonomics) 119M->119M(245M) 441.462ms
[2020-01-29T21:47:15.171+0300][1.073s][info][gc] GC(3) Pause Full (Ergonomics) 183M->44M(245M) 77.951ms
[2020-01-29T21:47:15.327+0300][1.229s][info][gc] GC(4) Pause Young (Allocation Failure) 108M->106M(245M) 130.461ms
[2020-01-29T21:47:15.450+0300][1.352s][info][gc] GC(5) Pause Young (Allocation Failure) 170M->170M(245M) 105.017ms
[2020-01-29T21:47:15.509+0300][1.410s][info][gc] GC(6) Pause Full (Ergonomics) 170M->36M(245M) 58.751ms
[2020-01-29T21:47:15.655+0300][1.557s][info][gc] GC(7) Pause Young (Allocation Failure) 100M->100M(210M) 135.416ms
[2020-01-29T21:47:15.751+0300][1.652s][info][gc] GC(8) Pause Young (Allocation Failure) 129M->129M(228M) 91.275ms
[2020-01-29T21:47:16.143+0300][2.044s][info][gc] GC(9) Pause Full (Ergonomics) 129M->128M(228M) 392.227ms
[2020-01-29T21:47:16.180+0300][2.081s][info][gc] GC(10) Pause Young (Allocation Failure) 157M->157M(228M) 24.262ms
[2020-01-29T21:47:16.199+0300][2.100s][info][gc] GC(11) Pause Full (Ergonomics) 157M->24M(228M) 18.566ms
[2020-01-29T21:47:16.266+0300][2.168s][info][gc] GC(12) Pause Young (Allocation Failure) 53M->53M(228M) 63.886ms
[2020-01-29T21:47:16.403+0300][2.304s][info][gc] GC(13) Pause Young (Allocation Failure) 82M->82M(228M) 132.877ms
[2020-01-29T21:47:16.536+0300][2.437s][info][gc] GC(14) Pause Young (Allocation Failure) 111M->111M(228M) 128.186ms
[2020-01-29T21:47:16.663+0300][2.564s][info][gc] GC(15) Pause Young (Allocation Failure) 159M->159M(228M) 112.465ms
[2020-01-29T21:47:16.689+0300][2.591s][info][gc] GC(16) Pause Full (Ergonomics) 159M->25M(228M) 26.253ms
[2020-01-29T21:47:16.758+0300][2.660s][info][gc] GC(17) Pause Young (Allocation Failure) 54M->54M(228M) 65.185ms
[2020-01-29T21:47:16.881+0300][2.782s][info][gc] GC(18) Pause Young (Allocation Failure) 83M->83M(228M) 119.051ms
[2020-01-29T21:47:17.007+0300][2.908s][info][gc] GC(19) Pause Young (Allocation Failure) 112M->112M(228M) 122.623ms
[2020-01-29T21:47:17.150+0300][3.054s][info][gc] GC(20) Pause Young (Allocation Failure) 160M->160M(228M) 127.138ms
[2020-01-29T21:47:17.179+0300][3.081s][info][gc] GC(21) Pause Full (Ergonomics) 160M->26M(228M) 26.365ms
[2020-01-29T21:47:17.249+0300][3.151s][info][gc] GC(22) Pause Young (Allocation Failure) 55M->55M(228M) 67.141ms
[2020-01-29T21:47:17.363+0300][3.268s][info][gc] GC(23) Pause Young (Allocation Failure) 84M->84M(228M) 113.188ms
[2020-01-29T21:47:17.480+0300][3.384s][info][gc] GC(24) Pause Young (Allocation Failure) 113M->113M(228M) 111.501ms
[2020-01-29T21:47:17.629+0300][3.534s][info][gc] GC(25) Pause Young (Allocation Failure) 161M->161M(228M) 132.668ms
[2020-01-29T21:47:17.669+0300][3.575s][info][gc] GC(26) Pause Full (Ergonomics) 161M->27M(228M) 40.521ms
[2020-01-29T21:47:17.739+0300][3.644s][info][gc] GC(27) Pause Young (Allocation Failure) 56M->56M(228M) 65.546ms
[2020-01-29T21:47:17.859+0300][3.763s][info][gc] GC(28) Pause Young (Allocation Failure) 85M->86M(228M) 115.730ms
[2020-01-29T21:47:17.984+0300][3.887s][info][gc] GC(29) Pause Young (Allocation Failure) 115M->115M(228M) 119.406ms
[2020-01-29T21:47:18.104+0300][4.006s][info][gc] GC(30) Pause Young (Allocation Failure) 163M->163M(228M) 94.453ms
[2020-01-29T21:47:18.146+0300][4.047s][info][gc] GC(31) Pause Full (Ergonomics) 163M->29M(228M) 41.613ms
[2020-01-29T21:47:18.214+0300][4.115s][info][gc] GC(32) Pause Young (Allocation Failure) 58M->58M(228M) 64.134ms
[2020-01-29T21:47:18.336+0300][4.237s][info][gc] GC(33) Pause Young (Allocation Failure) 87M->87M(228M) 118.055ms
[2020-01-29T21:47:18.460+0300][4.361s][info][gc] GC(34) Pause Young (Allocation Failure) 116M->116M(228M) 119.997ms
[2020-01-29T21:47:18.566+0300][4.468s][info][gc] GC(35) Pause Young (Allocation Failure) 164M->164M(228M) 92.222ms
[2020-01-29T21:47:18.611+0300][4.512s][info][gc] GC(36) Pause Full (Ergonomics) 164M->30M(228M) 44.233ms
[2020-01-29T21:47:18.680+0300][4.581s][info][gc] GC(37) Pause Young (Allocation Failure) 59M->59M(228M) 65.628ms
[2020-01-29T21:47:18.804+0300][4.706s][info][gc] GC(38) Pause Young (Allocation Failure) 88M->88M(228M) 120.876ms
[2020-01-29T21:47:18.932+0300][4.833s][info][gc] GC(39) Pause Young (Allocation Failure) 117M->117M(228M) 123.603ms
[2020-01-29T21:47:19.039+0300][4.941s][info][gc] GC(40) Pause Young (Allocation Failure) 165M->165M(228M) 92.564ms
[2020-01-29T21:47:19.088+0300][4.989s][info][gc] GC(41) Pause Full (Ergonomics) 165M->31M(228M) 48.648ms
[2020-01-29T21:47:19.155+0300][5.056s][info][gc] GC(42) Pause Young (Allocation Failure) 60M->60M(228M) 63.207ms
[2020-01-29T21:47:19.278+0300][5.179s][info][gc] GC(43) Pause Young (Allocation Failure) 89M->89M(228M) 119.330ms
[2020-01-29T21:47:19.402+0300][5.303s][info][gc] GC(44) Pause Young (Allocation Failure) 118M->118M(228M) 119.951ms
[2020-01-29T21:47:19.507+0300][5.409s][info][gc] GC(45) Pause Young (Allocation Failure) 166M->166M(228M) 90.689ms
[2020-01-29T21:47:19.560+0300][5.462s][info][gc] GC(46) Pause Full (Ergonomics) 166M->33M(228M) 53.404ms
[2020-01-29T21:47:19.628+0300][5.529s][info][gc] GC(47) Pause Young (Allocation Failure) 62M->62M(228M) 63.397ms
[2020-01-29T21:47:19.755+0300][5.657s][info][gc] GC(48) Pause Young (Allocation Failure) 91M->91M(228M) 123.824ms
[2020-01-29T21:47:19.865+0300][5.767s][info][gc] GC(49) Pause Young (Allocation Failure) 120M->119M(228M) 105.474ms
[2020-01-29T21:47:19.965+0300][5.867s][info][gc] GC(50) Pause Young (Allocation Failure) 168M->168M(228M) 85.350ms
[2020-01-29T21:47:20.029+0300][5.930s][info][gc] GC(51) Pause Full (Ergonomics) 168M->34M(228M) 63.236ms
[2020-01-29T21:47:20.099+0300][6.001s][info][gc] GC(52) Pause Young (Allocation Failure) 63M->63M(228M) 67.018ms
[2020-01-29T21:47:20.223+0300][6.124s][info][gc] GC(53) Pause Young (Allocation Failure) 92M->92M(228M) 120.124ms
[2020-01-29T21:47:20.348+0300][6.249s][info][gc] GC(54) Pause Young (Allocation Failure) 121M->121M(228M) 121.222ms
[2020-01-29T21:47:20.445+0300][6.346s][info][gc] GC(55) Pause Young (Allocation Failure) 169M->168M(228M) 81.014ms
[2020-01-29T21:47:20.503+0300][6.405s][info][gc] GC(56) Pause Full (Ergonomics) 168M->34M(228M) 58.613ms
[2020-01-29T21:47:20.571+0300][6.472s][info][gc] GC(57) Pause Young (Allocation Failure) 63M->63M(228M) 63.477ms
[2020-01-29T21:47:20.695+0300][6.596s][info][gc] GC(58) Pause Young (Allocation Failure) 92M->93M(228M) 119.708ms
[2020-01-29T21:47:20.821+0300][6.722s][info][gc] GC(59) Pause Young (Allocation Failure) 122M->122M(228M) 122.312ms
[2020-01-29T21:47:20.963+0300][6.864s][info][gc] GC(60) Pause Young (Allocation Failure) 170M->169M(228M) 126.761ms
[2020-01-29T21:47:21.041+0300][6.942s][info][gc] GC(61) Pause Full (Ergonomics) 169M->35M(228M) 77.603ms
[2020-01-29T21:47:21.108+0300][7.009s][info][gc] GC(62) Pause Young (Allocation Failure) 64M->64M(228M) 63.067ms
[2020-01-29T21:47:21.235+0300][7.136s][info][gc] GC(63) Pause Young (Allocation Failure) 93M->93M(228M) 123.325ms
[2020-01-29T21:47:21.361+0300][7.263s][info][gc] GC(64) Pause Young (Allocation Failure) 122M->122M(228M) 121.668ms
[2020-01-29T21:47:21.456+0300][7.357s][info][gc] GC(65) Pause Young (Allocation Failure) 170M->170M(228M) 79.259ms
[2020-01-29T21:47:21.521+0300][7.422s][info][gc] GC(66) Pause Full (Ergonomics) 170M->36M(228M) 64.690ms
[2020-01-29T21:47:21.589+0300][7.490s][info][gc] GC(67) Pause Young (Allocation Failure) 65M->65M(228M) 64.553ms
[2020-01-29T21:47:21.711+0300][7.613s][info][gc] GC(68) Pause Young (Allocation Failure) 94M->94M(228M) 118.921ms
[2020-01-29T21:47:21.838+0300][7.739s][info][gc] GC(69) Pause Young (Allocation Failure) 123M->123M(228M) 122.143ms
[2020-01-29T21:47:21.981+0300][7.883s][info][gc] GC(70) Pause Young (Allocation Failure) 171M->170M(228M) 128.053ms
[2020-01-29T21:47:22.063+0300][7.964s][info][gc] GC(71) Pause Full (Ergonomics) 170M->36M(228M) 81.592ms
[2020-01-29T21:47:22.129+0300][8.033s][info][gc] GC(72) Pause Young (Allocation Failure) 65M->65M(228M) 64.175ms
[2020-01-29T21:47:22.253+0300][8.158s][info][gc] GC(73) Pause Young (Allocation Failure) 94M->94M(228M) 121.080ms
[2020-01-29T21:47:22.378+0300][8.282s][info][gc] GC(74) Pause Young (Allocation Failure) 123M->123M(228M) 119.300ms
[2020-01-29T21:47:22.509+0300][8.414s][info][gc] GC(75) Pause Young (Allocation Failure) 171M->170M(228M) 121.353ms
[2020-01-29T21:47:22.568+0300][8.473s][info][gc] GC(76) Pause Full (Ergonomics) 170M->36M(228M) 59.342ms
[2020-01-29T21:47:22.644+0300][8.545s][info][gc] GC(77) Pause Young (Allocation Failure) 65M->65M(228M) 67.521ms
[2020-01-29T21:47:22.763+0300][8.667s][info][gc] GC(78) Pause Young (Allocation Failure) 94M->94M(228M) 107.984ms
[2020-01-29T21:47:22.884+0300][8.787s][info][gc] GC(79) Pause Young (Allocation Failure) 123M->123M(228M) 115.702ms
[2020-01-29T21:47:22.989+0300][8.894s][info][gc] GC(80) Pause Young (Allocation Failure) 171M->171M(228M) 81.690ms
[2020-01-29T21:47:23.064+0300][8.965s][info][gc] GC(81) Pause Full (Ergonomics) 171M->37M(228M) 70.509ms
[2020-01-29T21:47:23.129+0300][9.033s][info][gc] GC(82) Pause Young (Allocation Failure) 66M->66M(228M) 64.607ms
[2020-01-29T21:47:23.254+0300][9.157s][info][gc] GC(83) Pause Young (Allocation Failure) 95M->95M(228M) 120.342ms
[2020-01-29T21:47:23.374+0300][9.276s][info][gc] GC(84) Pause Young (Allocation Failure) 124M->125M(228M) 115.073ms
[2020-01-29T21:47:23.474+0300][9.377s][info][gc] GC(85) Pause Young (Allocation Failure) 173M->173M(228M) 74.465ms
[2020-01-29T21:47:23.549+0300][9.452s][info][gc] GC(86) Pause Full (Ergonomics) 173M->39M(228M) 74.334ms
[2020-01-29T21:47:23.619+0300][9.520s][info][gc] GC(87) Pause Young (Allocation Failure) 68M->68M(228M) 64.466ms
[2020-01-29T21:47:23.755+0300][9.656s][info][gc] GC(88) Pause Young (Allocation Failure) 97M->97M(228M) 130.778ms
[2020-01-29T21:47:23.874+0300][9.777s][info][gc] GC(89) Pause Young (Allocation Failure) 126M->125M(228M) 117.935ms
[2020-01-29T21:47:23.969+0300][9.871s][info][gc] GC(90) Pause Young (Allocation Failure) 173M->173M(228M) 73.387ms
[2020-01-29T21:47:24.039+0300][9.944s][info][gc] GC(91) Pause Full (Ergonomics) 173M->39M(228M) 72.864ms
[2020-01-29T21:47:24.112+0300][10.014s][info][gc] GC(92) Pause Young (Allocation Failure) 68M->68M(228M) 66.165ms
[2020-01-29T21:47:24.236+0300][10.137s][info][gc] GC(93) Pause Young (Allocation Failure) 97M->97M(228M) 119.868ms
[2020-01-29T21:47:24.363+0300][10.264s][info][gc] GC(94) Pause Young (Allocation Failure) 126M->126M(228M) 123.282ms
[2020-01-29T21:47:24.459+0300][10.361s][info][gc] GC(95) Pause Young (Allocation Failure) 155M->155M(228M) 84.988ms
[2020-01-29T21:47:24.470+0300][10.372s][info][gc] GC(96) Pause Full (Ergonomics) 155M->22M(228M) 10.386ms
[2020-01-29T21:47:24.538+0300][10.439s][info][gc] GC(97) Pause Young (Allocation Failure) 51M->51M(228M) 63.969ms
[2020-01-29T21:47:24.654+0300][10.556s][info][gc] GC(98) Pause Young (Allocation Failure) 80M->80M(228M) 112.692ms
[2020-01-29T21:47:24.773+0300][10.674s][info][gc] GC(99) Pause Young (Allocation Failure) 109M->109M(228M) 110.805ms
[2020-01-29T21:47:24.906+0300][10.807s][info][gc] GC(100) Pause Young (Allocation Failure) 157M->157M(228M) 118.145ms
[2020-01-29T21:47:24.923+0300][10.824s][info][gc] GC(101) Pause Full (Ergonomics) 157M->22M(228M) 16.686ms
[2020-01-29T21:47:24.990+0300][10.891s][info][gc] GC(102) Pause Young (Allocation Failure) 51M->51M(228M) 64.084ms
[2020-01-29T21:47:25.112+0300][11.013s][info][gc] GC(103) Pause Young (Allocation Failure) 80M->80M(228M) 118.304ms
[2020-01-29T21:47:25.237+0300][11.138s][info][gc] GC(104) Pause Young (Allocation Failure) 109M->109M(228M) 121.524ms
[2020-01-29T21:47:25.368+0300][11.270s][info][gc] GC(105) Pause Young (Allocation Failure) 158M->158M(228M) 116.420ms
[2020-01-29T21:47:25.395+0300][11.296s][info][gc] GC(106) Pause Full (Ergonomics) 158M->23M(228M) 26.714ms
[2020-01-29T21:47:25.463+0300][11.364s][info][gc] GC(107) Pause Young (Allocation Failure) 52M->52M(228M) 63.888ms
[2020-01-29T21:47:25.586+0300][11.488s][info][gc] GC(108) Pause Young (Allocation Failure) 81M->82M(228M) 120.375ms
[2020-01-29T21:47:25.697+0300][11.599s][info][gc] GC(109) Pause Young (Allocation Failure) 111M->111M(228M) 106.908ms
[2020-01-29T21:47:25.824+0300][11.725s][info][gc] GC(110) Pause Young (Allocation Failure) 159M->159M(228M) 111.003ms
[2020-01-29T21:47:25.849+0300][11.750s][info][gc] GC(111) Pause Full (Ergonomics) 159M->25M(228M) 24.598ms
[2020-01-29T21:47:25.917+0300][11.817s][info][gc] GC(112) Pause Young (Allocation Failure) 54M->54M(228M) 63.790ms
[2020-01-29T21:47:26.037+0300][11.938s][info][gc] GC(113) Pause Young (Allocation Failure) 83M->83M(228M) 117.023ms
[2020-01-29T21:47:26.154+0300][12.057s][info][gc] GC(114) Pause Young (Allocation Failure) 112M->112M(228M) 115.446ms
[2020-01-29T21:47:26.304+0300][12.207s][info][gc] GC(115) Pause Young (Allocation Failure) 160M->160M(228M) 130.223ms
[2020-01-29T21:47:26.339+0300][12.240s][info][gc] GC(116) Pause Full (Ergonomics) 160M->26M(228M) 33.624ms
[2020-01-29T21:47:26.404+0300][12.305s][info][gc] GC(117) Pause Young (Allocation Failure) 55M->55M(228M) 60.817ms
[2020-01-29T21:47:26.520+0300][12.426s][info][gc] GC(118) Pause Young (Allocation Failure) 84M->84M(228M) 117.035ms
[2020-01-29T21:47:26.649+0300][12.550s][info][gc] GC(119) Pause Young (Allocation Failure) 113M->113M(228M) 121.107ms
[2020-01-29T21:47:26.799+0300][12.702s][info][gc] GC(120) Pause Young (Allocation Failure) 161M->161M(228M) 125.715ms
[2020-01-29T21:47:26.839+0300][12.743s][info][gc] GC(121) Pause Full (Ergonomics) 161M->27M(228M) 41.626ms
[2020-01-29T21:47:26.909+0300][12.812s][info][gc] GC(122) Pause Young (Allocation Failure) 56M->56M(228M) 64.521ms
[2020-01-29T21:47:27.029+0300][12.934s][info][gc] GC(123) Pause Young (Allocation Failure) 85M->85M(228M) 119.230ms
[2020-01-29T21:47:27.154+0300][13.059s][info][gc] GC(124) Pause Young (Allocation Failure) 114M->114M(228M) 121.446ms
[2020-01-29T21:47:27.279+0300][13.183s][info][gc] GC(125) Pause Young (Allocation Failure) 162M->162M(228M) 102.216ms
[2020-01-29T21:47:27.319+0300][13.221s][info][gc] GC(126) Pause Full (Ergonomics) 162M->28M(228M) 37.635ms
[2020-01-29T21:47:27.384+0300][13.286s][info][gc] GC(127) Pause Young (Allocation Failure) 57M->57M(228M) 61.076ms
[2020-01-29T21:47:27.504+0300][13.409s][info][gc] GC(128) Pause Young (Allocation Failure) 86M->86M(228M) 118.837ms
[2020-01-29T21:47:27.628+0300][13.532s][info][gc] GC(129) Pause Young (Allocation Failure) 115M->115M(228M) 120.202ms
[2020-01-29T21:47:27.754+0300][13.658s][info][gc] GC(130) Pause Young (Allocation Failure) 164M->164M(228M) 96.642ms
[2020-01-29T21:47:27.799+0300][13.704s][info][gc] GC(131) Pause Full (Ergonomics) 164M->29M(228M) 45.810ms
[2020-01-29T21:47:27.864+0300][13.767s][info][gc] GC(132) Pause Young (Allocation Failure) 58M->58M(228M) 59.792ms
[2020-01-29T21:47:27.989+0300][13.890s][info][gc] GC(133) Pause Young (Allocation Failure) 87M->88M(228M) 118.691ms
[2020-01-29T21:47:28.110+0300][14.012s][info][gc] GC(134) Pause Young (Allocation Failure) 117M->117M(228M) 118.748ms
[2020-01-29T21:47:28.218+0300][14.120s][info][gc] GC(135) Pause Young (Allocation Failure) 165M->165M(228M) 92.398ms
[2020-01-29T21:47:28.264+0300][14.165s][info][gc] GC(136) Pause Full (Ergonomics) 165M->31M(228M) 45.833ms
[2020-01-29T21:47:28.331+0300][14.233s][info][gc] GC(137) Pause Young (Allocation Failure) 60M->60M(228M) 64.081ms
[2020-01-29T21:47:28.455+0300][14.356s][info][gc] GC(138) Pause Young (Allocation Failure) 89M->89M(228M) 119.623ms
[2020-01-29T21:47:28.585+0300][14.487s][info][gc] GC(139) Pause Young (Allocation Failure) 118M->118M(228M) 126.787ms
[2020-01-29T21:47:28.695+0300][14.596s][info][gc] GC(140) Pause Young (Allocation Failure) 166M->166M(228M) 95.095ms
[2020-01-29T21:47:28.749+0300][14.650s][info][gc] GC(141) Pause Full (Ergonomics) 166M->32M(228M) 53.737ms
[2020-01-29T21:47:28.817+0300][14.718s][info][gc] GC(142) Pause Young (Allocation Failure) 61M->61M(228M) 62.083ms
[2020-01-29T21:47:28.938+0300][14.839s][info][gc] GC(143) Pause Young (Allocation Failure) 90M->90M(228M) 117.449ms
[2020-01-29T21:47:29.055+0300][14.957s][info][gc] GC(144) Pause Young (Allocation Failure) 119M->119M(228M) 113.586ms
[2020-01-29T21:47:29.154+0300][15.058s][info][gc] GC(145) Pause Young (Allocation Failure) 167M->167M(228M) 85.730ms
[2020-01-29T21:47:29.209+0300][15.112s][info][gc] GC(146) Pause Full (Ergonomics) 167M->33M(228M) 54.525ms
[2020-01-29T21:47:29.279+0300][15.181s][info][gc] GC(147) Pause Young (Allocation Failure) 62M->62M(228M) 64.839ms
[2020-01-29T21:47:29.403+0300][15.305s][info][gc] GC(148) Pause Young (Allocation Failure) 91M->91M(228M) 121.157ms
[2020-01-29T21:47:29.524+0300][15.428s][info][gc] GC(149) Pause Young (Allocation Failure) 120M->120M(228M) 119.535ms
[2020-01-29T21:47:29.624+0300][15.527s][info][gc] GC(150) Pause Young (Allocation Failure) 168M->168M(228M) 84.741ms
[2020-01-29T21:47:29.684+0300][15.586s][info][gc] GC(151) Pause Full (Ergonomics) 168M->35M(228M) 59.075ms
[2020-01-29T21:47:29.754+0300][15.655s][info][gc] GC(152) Pause Young (Allocation Failure) 64M->63M(228M) 56.789ms
[2020-01-29T21:47:29.874+0300][15.776s][info][gc] GC(153) Pause Young (Allocation Failure) 92M->92M(228M) 117.058ms
[2020-01-29T21:47:29.989+0300][15.894s][info][gc] GC(154) Pause Young (Allocation Failure) 121M->122M(228M) 115.084ms
[2020-01-29T21:47:30.146+0300][16.047s][info][gc] GC(155) Pause Young (Allocation Failure) 170M->170M(228M) 129.960ms
[2020-01-29T21:47:30.221+0300][16.123s][info][gc] GC(156) Pause Full (Ergonomics) 170M->36M(228M) 75.397ms
[2020-01-29T21:47:30.289+0300][16.190s][info][gc] GC(157) Pause Young (Allocation Failure) 65M->65M(228M) 63.522ms
[2020-01-29T21:47:30.410+0300][16.312s][info][gc] GC(158) Pause Young (Allocation Failure) 94M->94M(228M) 118.415ms
[2020-01-29T21:47:30.530+0300][16.431s][info][gc] GC(159) Pause Young (Allocation Failure) 123M->123M(228M) 115.728ms
[2020-01-29T21:47:30.674+0300][16.576s][info][gc] GC(160) Pause Young (Allocation Failure) 171M->171M(228M) 129.406ms
[2020-01-29T21:47:30.760+0300][16.662s][info][gc] GC(161) Pause Full (Ergonomics) 171M->37M(228M) 86.162ms
[2020-01-29T21:47:30.826+0300][16.728s][info][gc] GC(162) Pause Young (Allocation Failure) 66M->66M(228M) 60.845ms
[2020-01-29T21:47:30.947+0300][16.848s][info][gc] GC(163) Pause Young (Allocation Failure) 95M->95M(228M) 117.046ms
[2020-01-29T21:47:31.072+0300][16.973s][info][gc] GC(164) Pause Young (Allocation Failure) 124M->124M(228M) 121.210ms
[2020-01-29T21:47:31.216+0300][17.118s][info][gc] GC(165) Pause Young (Allocation Failure) 172M->172M(228M) 129.671ms
[2020-01-29T21:47:31.306+0300][17.207s][info][gc] GC(166) Pause Full (Ergonomics) 172M->38M(228M) 89.365ms
[2020-01-29T21:47:31.372+0300][17.274s][info][gc] GC(167) Pause Young (Allocation Failure) 67M->67M(228M) 63.202ms
[2020-01-29T21:47:31.494+0300][17.396s][info][gc] GC(168) Pause Young (Allocation Failure) 96M->96M(228M) 118.578ms
[2020-01-29T21:47:31.621+0300][17.522s][info][gc] GC(169) Pause Young (Allocation Failure) 125M->125M(228M) 122.417ms
[2020-01-29T21:47:31.764+0300][17.666s][info][gc] GC(170) Pause Young (Allocation Failure) 173M->173M(228M) 129.560ms
[2020-01-29T21:47:31.858+0300][17.759s][info][gc] GC(171) Pause Full (Ergonomics) 173M->39M(228M) 92.945ms
[2020-01-29T21:47:31.923+0300][17.824s][info][gc] GC(172) Pause Young (Allocation Failure) 68M->68M(228M) 60.606ms
[2020-01-29T21:47:32.045+0300][17.946s][info][gc] GC(173) Pause Young (Allocation Failure) 97M->97M(228M) 118.009ms
[2020-01-29T21:47:32.163+0300][18.067s][info][gc] GC(174) Pause Young (Allocation Failure) 126M->126M(228M) 118.009ms
[2020-01-29T21:47:32.264+0300][18.167s][info][gc] GC(175) Pause Young (Allocation Failure) 155M->156M(228M) 82.141ms
[2020-01-29T21:47:32.274+0300][18.178s][info][gc] GC(176) Pause Full (Ergonomics) 156M->22M(228M) 11.043ms
[2020-01-29T21:47:32.344+0300][18.247s][info][gc] GC(177) Pause Young (Allocation Failure) 51M->51M(228M) 64.457ms
[2020-01-29T21:47:32.469+0300][18.370s][info][gc] GC(178) Pause Young (Allocation Failure) 80M->80M(228M) 120.117ms
[2020-01-29T21:47:32.589+0300][18.492s][info][gc] GC(179) Pause Young (Allocation Failure) 109M->109M(228M) 118.046ms
[2020-01-29T21:47:32.718+0300][18.621s][info][gc] GC(180) Pause Young (Allocation Failure) 157M->157M(228M) 115.377ms
[2020-01-29T21:47:32.733+0300][18.637s][info][gc] GC(181) Pause Full (Ergonomics) 157M->23M(228M) 15.984ms
[2020-01-29T21:47:32.809+0300][18.712s][info][gc] GC(182) Pause Young (Allocation Failure) 52M->52M(228M) 62.563ms
[2020-01-29T21:47:32.929+0300][18.833s][info][gc] GC(183) Pause Young (Allocation Failure) 81M->81M(228M) 117.127ms
[2020-01-29T21:47:33.054+0300][18.958s][info][gc] GC(184) Pause Young (Allocation Failure) 110M->110M(228M) 121.294ms
[2020-01-29T21:47:33.200+0300][19.101s][info][gc] GC(185) Pause Young (Allocation Failure) 158M->158M(228M) 110.685ms
[2020-01-29T21:47:33.222+0300][19.124s][info][gc] GC(186) Pause Full (Ergonomics) 158M->24M(228M) 22.261ms
[2020-01-29T21:47:33.290+0300][19.192s][info][gc] GC(187) Pause Young (Allocation Failure) 53M->53M(228M) 64.806ms
[2020-01-29T21:47:33.415+0300][19.316s][info][gc] GC(188) Pause Young (Allocation Failure) 82M->82M(228M) 120.413ms
[2020-01-29T21:47:33.535+0300][19.436s][info][gc] GC(189) Pause Young (Allocation Failure) 111M->111M(228M) 116.775ms
[2020-01-29T21:47:33.660+0300][19.562s][info][gc] GC(190) Pause Young (Allocation Failure) 159M->159M(228M) 111.605ms
[2020-01-29T21:47:33.688+0300][19.590s][info][gc] GC(191) Pause Full (Ergonomics) 159M->25M(228M) 27.940ms
[2020-01-29T21:47:33.753+0300][19.654s][info][gc] GC(192) Pause Young (Allocation Failure) 54M->54M(228M) 58.508ms
[2020-01-29T21:47:33.875+0300][19.776s][info][gc] GC(193) Pause Young (Allocation Failure) 83M->83M(228M) 118.324ms
[2020-01-29T21:47:33.993+0300][19.895s][info][gc] GC(194) Pause Young (Allocation Failure) 112M->112M(228M) 115.212ms
[2020-01-29T21:47:34.134+0300][20.036s][info][gc] GC(195) Pause Young (Allocation Failure) 160M->160M(228M) 126.165ms
[2020-01-29T21:47:34.175+0300][20.077s][info][gc] GC(196) Pause Full (Ergonomics) 160M->26M(228M) 40.783ms
[2020-01-29T21:47:34.243+0300][20.144s][info][gc] GC(197) Pause Young (Allocation Failure) 55M->55M(228M) 63.864ms
[2020-01-29T21:47:34.365+0300][20.267s][info][gc] GC(198) Pause Young (Allocation Failure) 84M->85M(228M) 118.871ms
[2020-01-29T21:47:34.490+0300][20.391s][info][gc] GC(199) Pause Young (Allocation Failure) 114M->114M(228M) 120.852ms
[2020-01-29T21:47:34.633+0300][20.535s][info][gc] GC(200) Pause Young (Allocation Failure) 162M->162M(228M) 129.092ms
[2020-01-29T21:47:34.676+0300][20.577s][info][gc] GC(201) Pause Full (Ergonomics) 162M->28M(228M) 42.672ms
[2020-01-29T21:47:34.752+0300][20.654s][info][gc] GC(202) Pause Young (Allocation Failure) 57M->57M(228M) 69.628ms
[2020-01-29T21:47:34.874+0300][20.775s][info][gc] GC(203) Pause Young (Allocation Failure) 86M->86M(228M) 117.870ms
[2020-01-29T21:47:34.995+0300][20.897s][info][gc] GC(204) Pause Young (Allocation Failure) 115M->115M(228M) 118.290ms
[2020-01-29T21:47:35.112+0300][21.013s][info][gc] GC(205) Pause Young (Allocation Failure) 163M->163M(228M) 101.650ms
[2020-01-29T21:47:35.152+0300][21.053s][info][gc] GC(206) Pause Full (Ergonomics) 163M->29M(228M) 39.708ms
[2020-01-29T21:47:35.219+0300][21.121s][info][gc] GC(207) Pause Young (Allocation Failure) 58M->58M(228M) 63.682ms
[2020-01-29T21:47:35.340+0300][21.241s][info][gc] GC(208) Pause Young (Allocation Failure) 87M->87M(228M) 117.140ms
[2020-01-29T21:47:35.468+0300][21.369s][info][gc] GC(209) Pause Young (Allocation Failure) 116M->116M(228M) 124.345ms
[2020-01-29T21:47:35.611+0300][21.512s][info][gc] GC(210) Pause Young (Allocation Failure) 164M->164M(228M) 126.939ms
[2020-01-29T21:47:35.665+0300][21.566s][info][gc] GC(211) Pause Full (Ergonomics) 164M->30M(228M) 54.712ms
[2020-01-29T21:47:35.729+0300][21.631s][info][gc] GC(212) Pause Young (Allocation Failure) 59M->59M(228M) 59.352ms
[2020-01-29T21:47:35.851+0300][21.753s][info][gc] GC(213) Pause Young (Allocation Failure) 88M->88M(228M) 118.151ms
[2020-01-29T21:47:35.974+0300][21.875s][info][gc] GC(214) Pause Young (Allocation Failure) 117M->117M(228M) 118.746ms
[2020-01-29T21:47:36.083+0300][21.985s][info][gc] GC(215) Pause Young (Allocation Failure) 165M->165M(228M) 95.150ms
[2020-01-29T21:47:36.131+0300][22.033s][info][gc] GC(216) Pause Full (Ergonomics) 165M->31M(228M) 48.197ms
[2020-01-29T21:47:36.199+0300][22.100s][info][gc] GC(217) Pause Young (Allocation Failure) 60M->60M(228M) 63.462ms
[2020-01-29T21:47:36.321+0300][22.222s][info][gc] GC(218) Pause Young (Allocation Failure) 89M->89M(228M) 118.262ms
[2020-01-29T21:47:36.444+0300][22.345s][info][gc] GC(219) Pause Young (Allocation Failure) 118M->118M(228M) 119.427ms
[2020-01-29T21:47:36.548+0300][22.449s][info][gc] GC(220) Pause Young (Allocation Failure) 167M->167M(228M) 88.929ms
[2020-01-29T21:47:36.600+0300][22.501s][info][gc] GC(221) Pause Full (Ergonomics) 167M->33M(228M) 52.522ms
[2020-01-29T21:47:36.668+0300][22.570s][info][gc] GC(222) Pause Young (Allocation Failure) 62M->62M(228M) 64.630ms
[2020-01-29T21:47:36.797+0300][22.698s][info][gc] GC(223) Pause Young (Allocation Failure) 91M->91M(228M) 123.205ms
[2020-01-29T21:47:36.917+0300][22.819s][info][gc] GC(224) Pause Young (Allocation Failure) 120M->120M(228M) 117.035ms
[2020-01-29T21:47:37.017+0300][22.919s][info][gc] GC(225) Pause Young (Allocation Failure) 168M->168M(228M) 85.851ms
[2020-01-29T21:47:37.073+0300][22.974s][info][gc] GC(226) Pause Full (Ergonomics) 168M->34M(228M) 55.266ms
[2020-01-29T21:47:37.141+0300][23.042s][info][gc] GC(227) Pause Young (Allocation Failure) 63M->63M(228M) 64.214ms
[2020-01-29T21:47:37.266+0300][23.168s][info][gc] GC(228) Pause Young (Allocation Failure) 92M->92M(228M) 121.606ms
[2020-01-29T21:47:37.389+0300][23.291s][info][gc] GC(229) Pause Young (Allocation Failure) 121M->121M(228M) 119.717ms
[2020-01-29T21:47:37.488+0300][23.389s][info][gc] GC(230) Pause Young (Allocation Failure) 169M->169M(228M) 83.667ms
[2020-01-29T21:47:37.556+0300][23.457s][info][gc] GC(231) Pause Full (Ergonomics) 169M->35M(228M) 67.969ms
[2020-01-29T21:47:37.626+0300][23.527s][info][gc] GC(232) Pause Young (Allocation Failure) 64M->64M(228M) 66.269ms
[2020-01-29T21:47:37.747+0300][23.649s][info][gc] GC(233) Pause Young (Allocation Failure) 93M->93M(228M) 118.022ms
[2020-01-29T21:47:37.876+0300][23.777s][info][gc] GC(234) Pause Young (Allocation Failure) 122M->122M(228M) 121.973ms
[2020-01-29T21:47:37.972+0300][23.873s][info][gc] GC(235) Pause Young (Allocation Failure) 170M->170M(228M) 80.131ms
[2020-01-29T21:47:38.040+0300][23.941s][info][gc] GC(236) Pause Full (Ergonomics) 170M->36M(228M) 67.891ms
[2020-01-29T21:47:38.105+0300][24.006s][info][gc] GC(237) Pause Young (Allocation Failure) 65M->65M(228M) 61.566ms
[2020-01-29T21:47:38.227+0300][24.128s][info][gc] GC(238) Pause Young (Allocation Failure) 94M->94M(228M) 118.275ms
[2020-01-29T21:47:38.348+0300][24.250s][info][gc] GC(239) Pause Young (Allocation Failure) 123M->123M(228M) 118.073ms
[2020-01-29T21:47:38.492+0300][24.393s][info][gc] GC(240) Pause Young (Allocation Failure) 171M->171M(228M) 128.244ms
[2020-01-29T21:47:38.578+0300][24.479s][info][gc] GC(241) Pause Full (Ergonomics) 171M->37M(228M) 85.752ms
[2020-01-29T21:47:38.648+0300][24.549s][info][gc] GC(242) Pause Young (Allocation Failure) 66M->66M(228M) 66.685ms
[2020-01-29T21:47:38.767+0300][24.668s][info][gc] GC(243) Pause Young (Allocation Failure) 95M->95M(228M) 112.951ms
[2020-01-29T21:47:38.893+0300][24.794s][info][gc] GC(244) Pause Young (Allocation Failure) 124M->124M(228M) 122.305ms
[2020-01-29T21:47:38.984+0300][24.885s][info][gc] GC(245) Pause Young (Allocation Failure) 173M->173M(228M) 75.975ms
[2020-01-29T21:47:39.056+0300][24.958s][info][gc] GC(246) Pause Full (Ergonomics) 173M->39M(228M) 73.082ms
[2020-01-29T21:47:39.124+0300][25.025s][info][gc] GC(247) Pause Young (Allocation Failure) 68M->68M(228M) 63.893ms
[2020-01-29T21:47:39.244+0300][25.148s][info][gc] GC(248) Pause Young (Allocation Failure) 97M->97M(228M) 119.322ms
[2020-01-29T21:47:39.374+0300][25.275s][info][gc] GC(249) Pause Young (Allocation Failure) 126M->126M(228M) 123.258ms
[2020-01-29T21:47:39.504+0300][25.406s][info][gc] GC(250) Pause Young (Allocation Failure) 174M->174M(228M) 103.277ms
[2020-01-29T21:47:39.584+0300][25.485s][info][gc] GC(251) Pause Full (Ergonomics) 174M->40M(228M) 78.755ms
[2020-01-29T21:47:39.649+0300][25.554s][info][gc] GC(252) Pause Young (Allocation Failure) 69M->69M(228M) 65.163ms
[2020-01-29T21:47:39.769+0300][25.672s][info][gc] GC(253) Pause Young (Allocation Failure) 98M->98M(228M) 113.572ms
[2020-01-29T21:47:39.889+0300][25.792s][info][gc] GC(254) Pause Young (Allocation Failure) 127M->127M(228M) 116.747ms
[2020-01-29T21:47:39.995+0300][25.896s][info][gc] GC(255) Pause Young (Allocation Failure) 156M->156M(228M) 81.018ms
[2020-01-29T21:47:40.004+0300][25.908s][info][gc] GC(256) Pause Full (Ergonomics) 156M->22M(228M) 12.012ms
[2020-01-29T21:47:40.074+0300][25.977s][info][gc] GC(257) Pause Young (Allocation Failure) 51M->51M(228M) 64.863ms
[2020-01-29T21:47:40.199+0300][26.101s][info][gc] GC(258) Pause Young (Allocation Failure) 80M->80M(228M) 120.419ms
[2020-01-29T21:47:40.323+0300][26.225s][info][gc] GC(259) Pause Young (Allocation Failure) 109M->109M(228M) 120.077ms
[2020-01-29T21:47:40.456+0300][26.357s][info][gc] GC(260) Pause Young (Allocation Failure) 157M->157M(228M) 117.379ms
[2020-01-29T21:47:40.475+0300][26.377s][info][gc] GC(261) Pause Full (Ergonomics) 157M->23M(228M) 19.450ms
[2020-01-29T21:47:40.543+0300][26.444s][info][gc] GC(262) Pause Young (Allocation Failure) 52M->52M(228M) 63.533ms
[2020-01-29T21:47:40.672+0300][26.574s][info][gc] GC(263) Pause Young (Allocation Failure) 81M->81M(228M) 126.731ms
[2020-01-29T21:47:40.793+0300][26.695s][info][gc] GC(264) Pause Young (Allocation Failure) 110M->110M(228M) 115.894ms
[2020-01-29T21:47:40.918+0300][26.819s][info][gc] GC(265) Pause Young (Allocation Failure) 158M->158M(228M) 110.028ms
[2020-01-29T21:47:40.941+0300][26.842s][info][gc] GC(266) Pause Full (Ergonomics) 158M->24M(228M) 22.768ms
[2020-01-29T21:47:41.009+0300][26.910s][info][gc] GC(267) Pause Young (Allocation Failure) 53M->53M(228M) 64.190ms
[2020-01-29T21:47:41.131+0300][27.033s][info][gc] GC(268) Pause Young (Allocation Failure) 82M->83M(228M) 119.042ms
[2020-01-29T21:47:41.263+0300][27.164s][info][gc] GC(269) Pause Young (Allocation Failure) 112M->112M(228M) 128.219ms
[2020-01-29T21:47:41.385+0300][27.287s][info][gc] GC(270) Pause Young (Allocation Failure) 160M->160M(228M) 107.138ms
[2020-01-29T21:47:41.413+0300][27.314s][info][gc] GC(271) Pause Full (Ergonomics) 160M->26M(228M) 27.221ms
[2020-01-29T21:47:41.480+0300][27.381s][info][gc] GC(272) Pause Young (Allocation Failure) 55M->55M(228M) 63.751ms
[2020-01-29T21:47:41.600+0300][27.502s][info][gc] GC(273) Pause Young (Allocation Failure) 84M->84M(228M) 116.983ms
[2020-01-29T21:47:41.724+0300][27.626s][info][gc] GC(274) Pause Young (Allocation Failure) 113M->113M(228M) 120.086ms
[2020-01-29T21:47:41.844+0300][27.745s][info][gc] GC(275) Pause Young (Allocation Failure) 161M->161M(228M) 103.844ms
[2020-01-29T21:47:41.872+0300][27.773s][info][gc] GC(276) Pause Full (Ergonomics) 161M->27M(228M) 28.173ms
[2020-01-29T21:47:41.941+0300][27.842s][info][gc] GC(277) Pause Young (Allocation Failure) 56M->56M(228M) 64.889ms
[2020-01-29T21:47:42.064+0300][27.965s][info][gc] GC(278) Pause Young (Allocation Failure) 85M->85M(228M) 119.913ms
[2020-01-29T21:47:42.183+0300][28.085s][info][gc] GC(279) Pause Young (Allocation Failure) 114M->114M(228M) 115.912ms
[2020-01-29T21:47:42.295+0300][28.197s][info][gc] GC(280) Pause Young (Allocation Failure) 162M->162M(228M) 97.879ms
[2020-01-29T21:47:42.330+0300][28.232s][info][gc] GC(281) Pause Full (Ergonomics) 162M->28M(228M) 35.010ms
[2020-01-29T21:47:42.398+0300][28.299s][info][gc] GC(282) Pause Young (Allocation Failure) 57M->57M(228M) 63.880ms
[2020-01-29T21:47:42.520+0300][28.422s][info][gc] GC(283) Pause Young (Allocation Failure) 86M->86M(228M) 118.642ms
[2020-01-29T21:47:42.643+0300][28.545s][info][gc] GC(284) Pause Young (Allocation Failure) 115M->115M(228M) 119.627ms
[2020-01-29T21:47:42.759+0300][28.663s][info][gc] GC(285) Pause Young (Allocation Failure) 163M->163M(228M) 102.548ms
[2020-01-29T21:47:42.799+0300][28.700s][info][gc] GC(286) Pause Full (Ergonomics) 163M->29M(228M) 37.338ms
[2020-01-29T21:47:42.868+0300][28.770s][info][gc] GC(287) Pause Young (Allocation Failure) 58M->58M(228M) 65.976ms
[2020-01-29T21:47:42.991+0300][28.893s][info][gc] GC(288) Pause Young (Allocation Failure) 87M->87M(228M) 119.331ms
[2020-01-29T21:47:43.112+0300][29.014s][info][gc] GC(289) Pause Young (Allocation Failure) 116M->117M(228M) 117.480ms
[2020-01-29T21:47:43.262+0300][29.163s][info][gc] GC(290) Pause Young (Allocation Failure) 165M->165M(228M) 134.436ms
[2020-01-29T21:47:43.318+0300][29.219s][info][gc] GC(291) Pause Full (Ergonomics) 165M->31M(228M) 55.513ms
[2020-01-29T21:47:43.385+0300][29.287s][info][gc] GC(292) Pause Young (Allocation Failure) 60M->60M(228M) 64.207ms
[2020-01-29T21:47:43.506+0300][29.408s][info][gc] GC(293) Pause Young (Allocation Failure) 89M->89M(228M) 117.318ms
[2020-01-29T21:47:43.632+0300][29.533s][info][gc] GC(294) Pause Young (Allocation Failure) 118M->118M(228M) 122.161ms
[2020-01-29T21:47:43.740+0300][29.642s][info][gc] GC(295) Pause Young (Allocation Failure) 166M->166M(228M) 93.351ms
[2020-01-29T21:47:43.789+0300][29.691s][info][gc] GC(296) Pause Full (Ergonomics) 166M->32M(228M) 48.594ms
[2020-01-29T21:47:43.854+0300][29.755s][info][gc] GC(297) Pause Young (Allocation Failure) 61M->61M(228M) 60.826ms
[2020-01-29T21:47:43.977+0300][29.878s][info][gc] GC(298) Pause Young (Allocation Failure) 90M->90M(228M) 119.252ms
[2020-01-29T21:47:44.104+0300][30.006s][info][gc] GC(299) Pause Young (Allocation Failure) 119M->119M(228M) 123.967ms
[2020-01-29T21:47:44.207+0300][30.109s][info][gc] GC(300) Pause Young (Allocation Failure) 167M->167M(228M) 87.998ms
[2020-01-29T21:47:44.262+0300][30.164s][info][gc] GC(301) Pause Full (Ergonomics) 167M->33M(228M) 55.200ms
[2020-01-29T21:47:44.331+0300][30.232s][info][gc] GC(302) Pause Young (Allocation Failure) 62M->62M(228M) 64.780ms
[2020-01-29T21:47:44.458+0300][30.359s][info][gc] GC(303) Pause Young (Allocation Failure) 91M->91M(228M) 122.737ms
[2020-01-29T21:47:44.579+0300][30.481s][info][gc] GC(304) Pause Young (Allocation Failure) 120M->120M(228M) 118.686ms
[2020-01-29T21:47:44.725+0300][30.626s][info][gc] GC(305) Pause Young (Allocation Failure) 168M->168M(228M) 130.560ms
[2020-01-29T21:47:44.795+0300][30.696s][info][gc] GC(306) Pause Full (Ergonomics) 168M->34M(228M) 70.194ms
[2020-01-29T21:47:44.860+0300][30.762s][info][gc] GC(307) Pause Young (Allocation Failure) 63M->63M(228M) 59.607ms
[2020-01-29T21:47:44.983+0300][30.884s][info][gc] GC(308) Pause Young (Allocation Failure) 92M->92M(228M) 118.846ms
[2020-01-29T21:47:45.104+0300][31.006s][info][gc] GC(309) Pause Young (Allocation Failure) 121M->121M(228M) 117.830ms
[2020-01-29T21:47:45.200+0300][31.102s][info][gc] GC(310) Pause Young (Allocation Failure) 170M->170M(228M) 81.028ms
[2020-01-29T21:47:45.263+0300][31.164s][info][gc] GC(311) Pause Full (Ergonomics) 170M->36M(228M) 62.250ms
[2020-01-29T21:47:45.332+0300][31.234s][info][gc] GC(312) Pause Young (Allocation Failure) 65M->65M(228M) 65.253ms
[2020-01-29T21:47:45.454+0300][31.356s][info][gc] GC(313) Pause Young (Allocation Failure) 94M->94M(228M) 118.889ms
[2020-01-29T21:47:45.578+0300][31.479s][info][gc] GC(314) Pause Young (Allocation Failure) 123M->123M(228M) 119.660ms
[2020-01-29T21:47:45.671+0300][31.573s][info][gc] GC(315) Pause Young (Allocation Failure) 171M->171M(228M) 78.925ms
[2020-01-29T21:47:45.737+0300][31.638s][info][gc] GC(316) Pause Full (Ergonomics) 171M->37M(228M) 65.267ms
[2020-01-29T21:47:45.801+0300][31.703s][info][gc] GC(317) Pause Young (Allocation Failure) 66M->66M(228M) 60.156ms
[2020-01-29T21:47:45.925+0300][31.826s][info][gc] GC(318) Pause Young (Allocation Failure) 95M->95M(228M) 119.735ms
[2020-01-29T21:47:46.047+0300][31.948s][info][gc] GC(319) Pause Young (Allocation Failure) 124M->124M(228M) 118.100ms
[2020-01-29T21:47:46.134+0300][32.038s][info][gc] GC(320) Pause Young (Allocation Failure) 172M->172M(228M) 75.977ms
[2020-01-29T21:47:46.209+0300][32.111s][info][gc] GC(321) Pause Full (Ergonomics) 172M->38M(228M) 72.054ms
[2020-01-29T21:47:46.274+0300][32.179s][info][gc] GC(322) Pause Young (Allocation Failure) 67M->67M(228M) 65.013ms
[2020-01-29T21:47:46.399+0300][32.300s][info][gc] GC(323) Pause Young (Allocation Failure) 96M->96M(228M) 117.531ms
[2020-01-29T21:47:46.514+0300][32.420s][info][gc] GC(324) Pause Young (Allocation Failure) 125M->125M(228M) 115.629ms
[2020-01-29T21:47:46.614+0300][32.517s][info][gc] GC(325) Pause Young (Allocation Failure) 173M->173M(228M) 74.127ms
[2020-01-29T21:47:46.689+0300][32.591s][info][gc] GC(326) Pause Full (Ergonomics) 173M->39M(228M) 73.923ms
[2020-01-29T21:47:46.753+0300][32.657s][info][gc] GC(327) Pause Young (Allocation Failure) 68M->68M(228M) 60.652ms
[2020-01-29T21:47:46.879+0300][32.781s][info][gc] GC(328) Pause Young (Allocation Failure) 97M->97M(228M) 119.552ms
[2020-01-29T21:47:47.004+0300][32.907s][info][gc] GC(329) Pause Young (Allocation Failure) 126M->126M(228M) 123.295ms
[2020-01-29T21:47:47.111+0300][33.013s][info][gc] GC(330) Pause Young (Allocation Failure) 155M->155M(228M) 82.248ms
[2020-01-29T21:47:47.121+0300][33.023s][info][gc] GC(331) Pause Full (Ergonomics) 155M->21M(228M) 9.774ms
[2020-01-29T21:47:47.184+0300][33.085s][info][gc] GC(332) Pause Young (Allocation Failure) 50M->50M(228M) 59.220ms
[2020-01-29T21:47:47.306+0300][33.207s][info][gc] GC(333) Pause Young (Allocation Failure) 79M->80M(228M) 118.522ms
[2020-01-29T21:47:47.430+0300][33.330s][info][gc] GC(334) Pause Young (Allocation Failure) 109M->109M(228M) 119.434ms
[2020-01-29T21:47:47.560+0300][33.461s][info][gc] GC(335) Pause Young (Allocation Failure) 157M->157M(228M) 115.810ms
[2020-01-29T21:47:47.578+0300][33.480s][info][gc] GC(336) Pause Full (Ergonomics) 157M->23M(228M) 18.492ms
[2020-01-29T21:47:47.646+0300][33.547s][info][gc] GC(337) Pause Young (Allocation Failure) 52M->52M(228M) 63.443ms
[2020-01-29T21:47:47.763+0300][33.664s][info][gc] GC(338) Pause Young (Allocation Failure) 81M->81M(228M) 113.877ms
[2020-01-29T21:47:47.889+0300][33.790s][info][gc] GC(339) Pause Young (Allocation Failure) 110M->110M(228M) 118.344ms
[2020-01-29T21:47:48.016+0300][33.918s][info][gc] GC(340) Pause Young (Allocation Failure) 158M->158M(228M) 112.993ms
[2020-01-29T21:47:48.036+0300][33.938s][info][gc] GC(341) Pause Full (Ergonomics) 158M->24M(228M) 20.271ms
[2020-01-29T21:47:48.105+0300][34.006s][info][gc] GC(342) Pause Young (Allocation Failure) 53M->53M(228M) 64.424ms
[2020-01-29T21:47:48.224+0300][34.125s][info][gc] GC(343) Pause Young (Allocation Failure) 82M->82M(228M) 115.335ms
[2020-01-29T21:47:48.344+0300][34.245s][info][gc] GC(344) Pause Young (Allocation Failure) 111M->111M(228M) 116.600ms
[2020-01-29T21:47:48.497+0300][34.398s][info][gc] GC(345) Pause Young (Allocation Failure) 159M->159M(228M) 137.914ms
[2020-01-29T21:47:48.531+0300][34.433s][info][gc] GC(346) Pause Full (Ergonomics) 159M->25M(228M) 34.540ms
[2020-01-29T21:47:48.599+0300][34.501s][info][gc] GC(347) Pause Young (Allocation Failure) 54M->54M(228M) 64.749ms
[2020-01-29T21:47:48.726+0300][34.627s][info][gc] GC(348) Pause Young (Allocation Failure) 83M->83M(228M) 122.300ms
[2020-01-29T21:47:48.846+0300][34.747s][info][gc] GC(349) Pause Young (Allocation Failure) 112M->112M(228M) 114.641ms
[2020-01-29T21:47:48.966+0300][34.867s][info][gc] GC(350) Pause Young (Allocation Failure) 160M->160M(228M) 106.325ms
[2020-01-29T21:47:48.995+0300][34.896s][info][gc] GC(351) Pause Full (Ergonomics) 160M->26M(228M) 28.863ms
[2020-01-29T21:47:49.062+0300][34.964s][info][gc] GC(352) Pause Young (Allocation Failure) 55M->55M(228M) 64.020ms
[2020-01-29T21:47:49.184+0300][35.085s][info][gc] GC(353) Pause Young (Allocation Failure) 84M->84M(228M) 117.180ms
[2020-01-29T21:47:49.304+0300][35.205s][info][gc] GC(354) Pause Young (Allocation Failure) 113M->113M(228M) 116.824ms
[2020-01-29T21:47:49.419+0300][35.321s][info][gc] GC(355) Pause Young (Allocation Failure) 162M->162M(228M) 100.724ms
[2020-01-29T21:47:49.456+0300][35.357s][info][gc] GC(356) Pause Full (Ergonomics) 162M->28M(228M) 36.659ms
[2020-01-29T21:47:49.523+0300][35.424s][info][gc] GC(357) Pause Young (Allocation Failure) 57M->57M(228M) 63.072ms
[2020-01-29T21:47:49.646+0300][35.547s][info][gc] GC(358) Pause Young (Allocation Failure) 86M->86M(228M) 119.720ms
[2020-01-29T21:47:49.774+0300][35.675s][info][gc] GC(359) Pause Young (Allocation Failure) 115M->115M(228M) 123.821ms
[2020-01-29T21:47:49.919+0300][35.821s][info][gc] GC(360) Pause Young (Allocation Failure) 163M->163M(228M) 129.779ms
[2020-01-29T21:47:49.973+0300][35.875s][info][gc] GC(361) Pause Full (Ergonomics) 163M->29M(228M) 53.227ms
[2020-01-29T21:47:50.042+0300][35.943s][info][gc] GC(362) Pause Young (Allocation Failure) 58M->58M(228M) 65.123ms
[2020-01-29T21:47:50.159+0300][36.063s][info][gc] GC(363) Pause Young (Allocation Failure) 87M->87M(228M) 116.469ms
[2020-01-29T21:47:50.284+0300][36.186s][info][gc] GC(364) Pause Young (Allocation Failure) 116M->116M(228M) 118.723ms
[2020-01-29T21:47:50.419+0300][36.324s][info][gc] GC(365) Pause Young (Allocation Failure) 164M->164M(228M) 122.203ms
[2020-01-29T21:47:50.474+0300][36.375s][info][gc] GC(366) Pause Full (Ergonomics) 164M->30M(228M) 51.025ms
[2020-01-29T21:47:50.544+0300][36.448s][info][gc] GC(367) Pause Young (Allocation Failure) 59M->59M(228M) 69.063ms
[2020-01-29T21:47:50.669+0300][36.573s][info][gc] GC(368) Pause Young (Allocation Failure) 88M->88M(228M) 121.352ms
[2020-01-29T21:47:50.794+0300][36.695s][info][gc] GC(369) Pause Young (Allocation Failure) 117M->117M(228M) 119.358ms
[2020-01-29T21:47:50.944+0300][36.849s][info][gc] GC(370) Pause Young (Allocation Failure) 165M->165M(228M) 127.319ms
[2020-01-29T21:47:51.009+0300][36.910s][info][gc] GC(371) Pause Full (Ergonomics) 165M->31M(228M) 60.669ms
[2020-01-29T21:47:51.074+0300][36.979s][info][gc] GC(372) Pause Young (Allocation Failure) 60M->60M(228M) 65.391ms
[2020-01-29T21:47:51.199+0300][37.100s][info][gc] GC(373) Pause Young (Allocation Failure) 89M->89M(228M) 116.661ms
[2020-01-29T21:47:51.321+0300][37.223s][info][gc] GC(374) Pause Young (Allocation Failure) 118M->118M(228M) 119.484ms
[2020-01-29T21:47:51.425+0300][37.326s][info][gc] GC(375) Pause Young (Allocation Failure) 167M->167M(228M) 88.420ms
[2020-01-29T21:47:51.475+0300][37.377s][info][gc] GC(376) Pause Full (Ergonomics) 167M->33M(228M) 50.550ms
[2020-01-29T21:47:51.542+0300][37.444s][info][gc] GC(377) Pause Young (Allocation Failure) 62M->62M(228M) 63.386ms
[2020-01-29T21:47:51.664+0300][37.566s][info][gc] GC(378) Pause Young (Allocation Failure) 91M->91M(228M) 118.930ms
[2020-01-29T21:47:51.792+0300][37.693s][info][gc] GC(379) Pause Young (Allocation Failure) 120M->120M(228M) 123.583ms
[2020-01-29T21:47:51.932+0300][37.833s][info][gc] GC(380) Pause Young (Allocation Failure) 168M->168M(228M) 125.042ms
[2020-01-29T21:47:52.001+0300][37.903s][info][gc] GC(381) Pause Full (Ergonomics) 168M->34M(228M) 69.259ms
[2020-01-29T21:47:52.068+0300][37.970s][info][gc] GC(382) Pause Young (Allocation Failure) 63M->63M(228M) 63.675ms
[2020-01-29T21:47:52.193+0300][38.094s][info][gc] GC(383) Pause Young (Allocation Failure) 92M->92M(228M) 120.502ms
[2020-01-29T21:47:52.318+0300][38.219s][info][gc] GC(384) Pause Young (Allocation Failure) 121M->121M(228M) 120.944ms
[2020-01-29T21:47:52.414+0300][38.316s][info][gc] GC(385) Pause Young (Allocation Failure) 169M->169M(228M) 81.670ms
[2020-01-29T21:47:52.474+0300][38.375s][info][gc] GC(386) Pause Full (Ergonomics) 169M->35M(228M) 59.561ms
[2020-01-29T21:47:52.541+0300][38.442s][info][gc] GC(387) Pause Young (Allocation Failure) 64M->64M(228M) 63.240ms
[2020-01-29T21:47:52.665+0300][38.566s][info][gc] GC(388) Pause Young (Allocation Failure) 93M->93M(228M) 120.899ms
[2020-01-29T21:47:52.791+0300][38.693s][info][gc] GC(389) Pause Young (Allocation Failure) 122M->122M(228M) 122.583ms
[2020-01-29T21:47:52.888+0300][38.789s][info][gc] GC(390) Pause Young (Allocation Failure) 170M->170M(228M) 80.884ms
[2020-01-29T21:47:52.950+0300][38.852s][info][gc] GC(391) Pause Full (Ergonomics) 170M->36M(228M) 62.180ms
[2020-01-29T21:47:53.020+0300][38.922s][info][gc] GC(392) Pause Young (Allocation Failure) 65M->65M(228M) 66.147ms
[2020-01-29T21:47:53.142+0300][39.043s][info][gc] GC(393) Pause Young (Allocation Failure) 94M->94M(228M) 118.201ms
[2020-01-29T21:47:53.262+0300][39.163s][info][gc] GC(394) Pause Young (Allocation Failure) 123M->123M(228M) 116.427ms
[2020-01-29T21:47:53.354+0300][39.256s][info][gc] GC(395) Pause Young (Allocation Failure) 171M->172M(228M) 77.872ms
[2020-01-29T21:47:53.429+0300][39.331s][info][gc] GC(396) Pause Full (Ergonomics) 172M->38M(228M) 74.848ms
[2020-01-29T21:47:53.497+0300][39.399s][info][gc] GC(397) Pause Young (Allocation Failure) 67M->67M(228M) 64.214ms
[2020-01-29T21:47:53.618+0300][39.519s][info][gc] GC(398) Pause Young (Allocation Failure) 96M->96M(228M) 116.752ms
[2020-01-29T21:47:53.746+0300][39.647s][info][gc] GC(399) Pause Young (Allocation Failure) 125M->125M(228M) 124.027ms
[2020-01-29T21:47:53.838+0300][39.739s][info][gc] GC(400) Pause Young (Allocation Failure) 173M->173M(228M) 76.349ms
[2020-01-29T21:47:53.907+0300][39.809s][info][gc] GC(401) Pause Full (Ergonomics) 173M->39M(228M) 69.121ms
[2020-01-29T21:47:53.974+0300][39.876s][info][gc] GC(402) Pause Young (Allocation Failure) 68M->68M(228M) 63.885ms
[2020-01-29T21:47:54.101+0300][40.002s][info][gc] GC(403) Pause Young (Allocation Failure) 97M->97M(228M) 122.647ms
[2020-01-29T21:47:54.228+0300][40.129s][info][gc] GC(404) Pause Young (Allocation Failure) 126M->126M(228M) 123.645ms
[2020-01-29T21:47:54.316+0300][40.218s][info][gc] GC(405) Pause Young (Allocation Failure) 174M->174M(228M) 73.745ms
[2020-01-29T21:47:54.393+0300][40.294s][info][gc] GC(406) Pause Full (Ergonomics) 174M->40M(228M) 76.507ms
[2020-01-29T21:47:54.460+0300][40.362s][info][gc] GC(407) Pause Young (Allocation Failure) 69M->69M(228M) 64.352ms
[2020-01-29T21:47:54.582+0300][40.483s][info][gc] GC(408) Pause Young (Allocation Failure) 98M->98M(228M) 117.629ms
[2020-01-29T21:47:54.711+0300][40.612s][info][gc] GC(409) Pause Young (Allocation Failure) 127M->127M(228M) 125.270ms
[2020-01-29T21:47:54.805+0300][40.706s][info][gc] GC(410) Pause Young (Allocation Failure) 156M->156M(228M) 80.122ms
[2020-01-29T21:47:54.817+0300][40.718s][info][gc] GC(411) Pause Full (Ergonomics) 156M->22M(228M) 12.339ms
[2020-01-29T21:47:54.884+0300][40.786s][info][gc] GC(412) Pause Young (Allocation Failure) 51M->51M(228M) 64.016ms
[2020-01-29T21:47:55.010+0300][40.912s][info][gc] GC(413) Pause Young (Allocation Failure) 80M->80M(228M) 122.040ms
[2020-01-29T21:47:55.133+0300][41.034s][info][gc] GC(414) Pause Young (Allocation Failure) 109M->109M(228M) 119.069ms
[2020-01-29T21:47:55.273+0300][41.175s][info][gc] GC(415) Pause Young (Allocation Failure) 157M->157M(228M) 126.427ms
[2020-01-29T21:47:55.299+0300][41.201s][info][gc] GC(416) Pause Full (Ergonomics) 157M->23M(228M) 25.906ms
[2020-01-29T21:47:55.367+0300][41.269s][info][gc] GC(417) Pause Young (Allocation Failure) 52M->52M(228M) 63.942ms
[2020-01-29T21:47:55.491+0300][41.392s][info][gc] GC(418) Pause Young (Allocation Failure) 81M->82M(228M) 120.119ms
[2020-01-29T21:47:55.614+0300][41.515s][info][gc] GC(419) Pause Young (Allocation Failure) 111M->111M(228M) 119.316ms
[2020-01-29T21:47:55.740+0300][41.641s][info][gc] GC(420) Pause Young (Allocation Failure) 159M->159M(228M) 110.675ms
[2020-01-29T21:47:55.765+0300][41.666s][info][gc] GC(421) Pause Full (Ergonomics) 159M->25M(228M) 25.028ms
[2020-01-29T21:47:55.829+0300][41.731s][info][gc] GC(422) Pause Young (Allocation Failure) 54M->54M(228M) 60.633ms
[2020-01-29T21:47:55.949+0300][41.851s][info][gc] GC(423) Pause Young (Allocation Failure) 83M->83M(228M) 116.480ms
[2020-01-29T21:47:56.073+0300][41.974s][info][gc] GC(424) Pause Young (Allocation Failure) 112M->112M(228M) 119.915ms
[2020-01-29T21:47:56.216+0300][42.118s][info][gc] GC(425) Pause Young (Allocation Failure) 160M->160M(228M) 128.385ms
[2020-01-29T21:47:56.252+0300][42.153s][info][gc] GC(426) Pause Full (Ergonomics) 160M->26M(228M) 35.489ms
[2020-01-29T21:47:56.319+0300][42.220s][info][gc] GC(427) Pause Young (Allocation Failure) 55M->55M(228M) 62.692ms
[2020-01-29T21:47:56.440+0300][42.341s][info][gc] GC(428) Pause Young (Allocation Failure) 84M->84M(228M) 117.996ms
[2020-01-29T21:47:56.564+0300][42.466s][info][gc] GC(429) Pause Young (Allocation Failure) 113M->113M(228M) 120.954ms
[2020-01-29T21:47:56.685+0300][42.587s][info][gc] GC(430) Pause Young (Allocation Failure) 161M->161M(228M) 106.236ms
[2020-01-29T21:47:56.720+0300][42.621s][info][gc] GC(431) Pause Full (Ergonomics) 161M->27M(228M) 33.904ms
[2020-01-29T21:47:56.777+0300][42.678s][info][gc] GC(432) Pause Young (Allocation Failure) 56M->56M(228M) 51.924ms
[2020-01-29T21:47:56.896+0300][42.797s][info][gc] GC(433) Pause Young (Allocation Failure) 85M->85M(228M) 115.482ms
[2020-01-29T21:47:57.025+0300][42.926s][info][gc] GC(434) Pause Young (Allocation Failure) 114M->114M(228M) 125.528ms
[2020-01-29T21:47:57.171+0300][43.072s][info][gc] GC(435) Pause Young (Allocation Failure) 162M->162M(228M) 130.894ms
[2020-01-29T21:47:57.219+0300][43.120s][info][gc] GC(436) Pause Full (Ergonomics) 162M->28M(228M) 48.368ms
[2020-01-29T21:47:57.284+0300][43.185s][info][gc] GC(437) Pause Young (Allocation Failure) 57M->57M(228M) 60.783ms
[2020-01-29T21:47:57.407+0300][43.309s][info][gc] GC(438) Pause Young (Allocation Failure) 86M->86M(228M) 120.466ms
[2020-01-29T21:47:57.530+0300][43.432s][info][gc] GC(439) Pause Young (Allocation Failure) 115M->116M(228M) 118.842ms
[2020-01-29T21:47:57.671+0300][43.572s][info][gc] GC(440) Pause Young (Allocation Failure) 164M->164M(228M) 125.224ms
[2020-01-29T21:47:57.723+0300][43.624s][info][gc] GC(441) Pause Full (Ergonomics) 164M->30M(228M) 51.734ms
[2020-01-29T21:47:57.787+0300][43.689s][info][gc] GC(442) Pause Young (Allocation Failure) 59M->59M(228M) 60.248ms
[2020-01-29T21:47:57.909+0300][43.810s][info][gc] GC(443) Pause Young (Allocation Failure) 88M->88M(228M) 117.599ms
[2020-01-29T21:47:58.026+0300][43.927s][info][gc] GC(444) Pause Young (Allocation Failure) 117M->117M(228M) 113.248ms
[2020-01-29T21:47:58.137+0300][44.039s][info][gc] GC(445) Pause Young (Allocation Failure) 165M->165M(228M) 97.116ms
[2020-01-29T21:47:58.189+0300][44.091s][info][gc] GC(446) Pause Full (Ergonomics) 165M->31M(228M) 52.058ms
[2020-01-29T21:47:58.257+0300][44.159s][info][gc] GC(447) Pause Young (Allocation Failure) 60M->60M(228M) 64.170ms
[2020-01-29T21:47:58.381+0300][44.282s][info][gc] GC(448) Pause Young (Allocation Failure) 89M->89M(228M) 119.539ms
[2020-01-29T21:47:58.505+0300][44.407s][info][gc] GC(449) Pause Young (Allocation Failure) 118M->118M(228M) 121.008ms
[2020-01-29T21:47:58.656+0300][44.557s][info][gc] GC(450) Pause Young (Allocation Failure) 166M->166M(228M) 135.582ms
[2020-01-29T21:47:58.720+0300][44.621s][info][gc] GC(451) Pause Full (Ergonomics) 166M->32M(228M) 64.040ms
[2020-01-29T21:47:58.784+0300][44.685s][info][gc] GC(452) Pause Young (Allocation Failure) 61M->61M(228M) 58.950ms
[2020-01-29T21:47:58.904+0300][44.806s][info][gc] GC(453) Pause Young (Allocation Failure) 90M->90M(228M) 117.472ms
[2020-01-29T21:47:59.024+0300][44.926s][info][gc] GC(454) Pause Young (Allocation Failure) 119M->119M(228M) 116.055ms
[2020-01-29T21:47:59.125+0300][45.026s][info][gc] GC(455) Pause Young (Allocation Failure) 167M->167M(228M) 85.928ms
[2020-01-29T21:47:59.187+0300][45.088s][info][gc] GC(456) Pause Full (Ergonomics) 167M->33M(228M) 61.973ms
[2020-01-29T21:47:59.253+0300][45.155s][info][gc] GC(457) Pause Young (Allocation Failure) 62M->62M(228M) 63.441ms
[2020-01-29T21:47:59.378+0300][45.279s][info][gc] GC(458) Pause Young (Allocation Failure) 91M->91M(228M) 119.738ms
[2020-01-29T21:47:59.501+0300][45.402s][info][gc] GC(459) Pause Young (Allocation Failure) 120M->121M(228M) 119.773ms
[2020-01-29T21:47:59.640+0300][45.542s][info][gc] GC(460) Pause Young (Allocation Failure) 169M->169M(228M) 124.529ms
[2020-01-29T21:47:59.714+0300][45.616s][info][gc] GC(461) Pause Full (Ergonomics) 169M->35M(228M) 74.246ms
[2020-01-29T21:47:59.778+0300][45.679s][info][gc] GC(462) Pause Young (Allocation Failure) 64M->64M(228M) 58.649ms
[2020-01-29T21:47:59.900+0300][45.801s][info][gc] GC(463) Pause Young (Allocation Failure) 93M->93M(228M) 118.044ms
[2020-01-29T21:48:00.020+0300][45.922s][info][gc] GC(464) Pause Young (Allocation Failure) 122M->122M(228M) 117.246ms
[2020-01-29T21:48:00.116+0300][46.018s][info][gc] GC(465) Pause Young (Allocation Failure) 170M->170M(228M) 80.712ms
[2020-01-29T21:48:00.178+0300][46.080s][info][gc] GC(466) Pause Full (Ergonomics) 170M->36M(228M) 62.182ms
[2020-01-29T21:48:00.248+0300][46.150s][info][gc] GC(467) Pause Young (Allocation Failure) 65M->65M(228M) 66.194ms
[2020-01-29T21:48:00.368+0300][46.270s][info][gc] GC(468) Pause Young (Allocation Failure) 94M->94M(228M) 116.944ms
[2020-01-29T21:48:00.496+0300][46.398s][info][gc] GC(469) Pause Young (Allocation Failure) 123M->123M(228M) 124.230ms
[2020-01-29T21:48:00.587+0300][46.488s][info][gc] GC(470) Pause Young (Allocation Failure) 171M->171M(228M) 75.316ms
[2020-01-29T21:48:00.657+0300][46.558s][info][gc] GC(471) Pause Full (Ergonomics) 171M->37M(228M) 69.679ms
[2020-01-29T21:48:00.725+0300][46.626s][info][gc] GC(472) Pause Young (Allocation Failure) 66M->66M(228M) 64.943ms
[2020-01-29T21:48:00.847+0300][46.748s][info][gc] GC(473) Pause Young (Allocation Failure) 95M->95M(228M) 115.968ms
[2020-01-29T21:48:00.968+0300][46.870s][info][gc] GC(474) Pause Young (Allocation Failure) 124M->124M(228M) 118.136ms
[2020-01-29T21:48:01.059+0300][46.961s][info][gc] GC(475) Pause Young (Allocation Failure) 172M->172M(228M) 75.987ms
[2020-01-29T21:48:01.132+0300][47.034s][info][gc] GC(476) Pause Full (Ergonomics) 172M->38M(228M) 72.908ms
[2020-01-29T21:48:01.200+0300][47.101s][info][gc] GC(477) Pause Young (Allocation Failure) 67M->67M(228M) 63.433ms
[2020-01-29T21:48:01.321+0300][47.223s][info][gc] GC(478) Pause Young (Allocation Failure) 96M->96M(228M) 117.825ms
[2020-01-29T21:48:01.441+0300][47.343s][info][gc] GC(479) Pause Young (Allocation Failure) 125M->125M(228M) 116.397ms
[2020-01-29T21:48:01.526+0300][47.427s][info][gc] GC(480) Pause Young (Allocation Failure) 173M->174M(228M) 70.183ms
[2020-01-29T21:48:01.600+0300][47.501s][info][gc] GC(481) Pause Full (Ergonomics) 174M->40M(228M) 73.738ms
[2020-01-29T21:48:01.669+0300][47.570s][info][gc] GC(482) Pause Young (Allocation Failure) 69M->69M(228M) 64.902ms
[2020-01-29T21:48:01.790+0300][47.691s][info][gc] GC(483) Pause Young (Allocation Failure) 98M->98M(228M) 117.968ms
[2020-01-29T21:48:01.907+0300][47.808s][info][gc] GC(484) Pause Young (Allocation Failure) 127M->127M(228M) 112.595ms
[2020-01-29T21:48:02.000+0300][47.901s][info][gc] GC(485) Pause Young (Allocation Failure) 156M->156M(228M) 80.858ms
[2020-01-29T21:48:02.011+0300][47.912s][info][gc] GC(486) Pause Full (Ergonomics) 156M->22M(228M) 10.664ms
[2020-01-29T21:48:02.079+0300][47.980s][info][gc] GC(487) Pause Young (Allocation Failure) 51M->51M(228M) 64.455ms
[2020-01-29T21:48:02.197+0300][48.099s][info][gc] GC(488) Pause Young (Allocation Failure) 80M->80M(228M) 114.537ms
[2020-01-29T21:48:02.318+0300][48.220s][info][gc] GC(489) Pause Young (Allocation Failure) 109M->109M(228M) 118.004ms
[2020-01-29T21:48:02.450+0300][48.351s][info][gc] GC(490) Pause Young (Allocation Failure) 157M->157M(228M) 115.903ms
[2020-01-29T21:48:02.468+0300][48.369s][info][gc] GC(491) Pause Full (Ergonomics) 157M->23M(228M) 17.819ms
[2020-01-29T21:48:02.535+0300][48.436s][info][gc] GC(492) Pause Young (Allocation Failure) 52M->52M(228M) 63.283ms
[2020-01-29T21:48:02.658+0300][48.559s][info][gc] GC(493) Pause Young (Allocation Failure) 81M->81M(228M) 119.605ms
[2020-01-29T21:48:02.775+0300][48.676s][info][gc] GC(494) Pause Young (Allocation Failure) 110M->110M(228M) 113.465ms
[2020-01-29T21:48:02.899+0300][48.800s][info][gc] GC(495) Pause Young (Allocation Failure) 158M->158M(228M) 106.794ms
[2020-01-29T21:48:02.920+0300][48.821s][info][gc] GC(496) Pause Full (Ergonomics) 158M->24M(228M) 20.948ms
[2020-01-29T21:48:02.988+0300][48.889s][info][gc] GC(497) Pause Young (Allocation Failure) 53M->53M(228M) 64.248ms
[2020-01-29T21:48:03.108+0300][49.010s][info][gc] GC(498) Pause Young (Allocation Failure) 82M->82M(228M) 116.893ms
[2020-01-29T21:48:03.232+0300][49.133s][info][gc] GC(499) Pause Young (Allocation Failure) 111M->111M(228M) 119.335ms
[2020-01-29T21:48:03.380+0300][49.282s][info][gc] GC(500) Pause Young (Allocation Failure) 159M->159M(228M) 133.607ms
[2020-01-29T21:48:03.416+0300][49.318s][info][gc] GC(501) Pause Full (Ergonomics) 159M->25M(228M) 36.383ms
[2020-01-29T21:48:03.482+0300][49.384s][info][gc] GC(502) Pause Young (Allocation Failure) 54M->54M(228M) 61.876ms
[2020-01-29T21:48:03.602+0300][49.504s][info][gc] GC(503) Pause Young (Allocation Failure) 83M->84M(228M) 116.337ms
[2020-01-29T21:48:03.718+0300][49.619s][info][gc] GC(504) Pause Young (Allocation Failure) 113M->113M(228M) 111.714ms
[2020-01-29T21:48:03.841+0300][49.743s][info][gc] GC(505) Pause Young (Allocation Failure) 161M->161M(228M) 108.060ms
[2020-01-29T21:48:03.869+0300][49.771s][info][gc] GC(506) Pause Full (Ergonomics) 161M->27M(228M) 27.695ms
[2020-01-29T21:48:03.938+0300][49.839s][info][gc] GC(507) Pause Young (Allocation Failure) 56M->56M(228M) 64.887ms
[2020-01-29T21:48:04.059+0300][49.960s][info][gc] GC(508) Pause Young (Allocation Failure) 85M->85M(228M) 117.281ms
[2020-01-29T21:48:04.183+0300][50.085s][info][gc] GC(509) Pause Young (Allocation Failure) 114M->114M(228M) 121.501ms
[2020-01-29T21:48:04.339+0300][50.244s][info][gc] GC(510) Pause Young (Allocation Failure) 162M->162M(228M) 127.130ms
[2020-01-29T21:48:04.379+0300][50.281s][info][gc] GC(511) Pause Full (Ergonomics) 162M->28M(228M) 37.596ms
[2020-01-29T21:48:04.449+0300][50.353s][info][gc] GC(512) Pause Young (Allocation Failure) 57M->57M(228M) 67.907ms
[2020-01-29T21:48:04.569+0300][50.474s][info][gc] GC(513) Pause Young (Allocation Failure) 86M->86M(228M) 117.247ms
[2020-01-29T21:48:04.694+0300][50.596s][info][gc] GC(514) Pause Young (Allocation Failure) 115M->115M(228M) 119.137ms
[2020-01-29T21:48:04.814+0300][50.715s][info][gc] GC(515) Pause Young (Allocation Failure) 163M->163M(228M) 93.517ms
[2020-01-29T21:48:04.849+0300][50.751s][info][gc] GC(516) Pause Full (Ergonomics) 163M->29M(228M) 35.167ms
[2020-01-29T21:48:04.914+0300][50.818s][info][gc] GC(517) Pause Young (Allocation Failure) 58M->58M(228M) 63.743ms
[2020-01-29T21:48:05.039+0300][50.940s][info][gc] GC(518) Pause Young (Allocation Failure) 87M->87M(228M) 118.786ms
[2020-01-29T21:48:05.164+0300][51.066s][info][gc] GC(519) Pause Young (Allocation Failure) 116M->116M(228M) 121.975ms
[2020-01-29T21:48:05.279+0300][51.184s][info][gc] GC(520) Pause Young (Allocation Failure) 164M->164M(228M) 96.912ms
[2020-01-29T21:48:05.324+0300][51.228s][info][gc] GC(521) Pause Full (Ergonomics) 164M->30M(228M) 44.445ms
[2020-01-29T21:48:05.394+0300][51.296s][info][gc] GC(522) Pause Young (Allocation Failure) 59M->59M(228M) 64.060ms
[2020-01-29T21:48:05.514+0300][51.417s][info][gc] GC(523) Pause Young (Allocation Failure) 88M->88M(228M) 117.142ms
[2020-01-29T21:48:05.639+0300][51.542s][info][gc] GC(524) Pause Young (Allocation Failure) 117M->118M(228M) 121.813ms
[2020-01-29T21:48:05.739+0300][51.642s][info][gc] GC(525) Pause Young (Allocation Failure) 166M->166M(228M) 89.666ms
[2020-01-29T21:48:05.789+0300][51.693s][info][gc] GC(526) Pause Full (Ergonomics) 166M->32M(228M) 51.500ms
[2020-01-29T21:48:05.859+0300][51.760s][info][gc] GC(527) Pause Young (Allocation Failure) 61M->61M(228M) 61.987ms
[2020-01-29T21:48:05.974+0300][51.877s][info][gc] GC(528) Pause Young (Allocation Failure) 90M->90M(228M) 113.880ms
[2020-01-29T21:48:06.104+0300][52.005s][info][gc] GC(529) Pause Young (Allocation Failure) 119M->119M(228M) 124.783ms
[2020-01-29T21:48:06.206+0300][52.108s][info][gc] GC(530) Pause Young (Allocation Failure) 167M->167M(228M) 86.940ms
[2020-01-29T21:48:06.260+0300][52.161s][info][gc] GC(531) Pause Full (Ergonomics) 167M->33M(228M) 53.557ms
[2020-01-29T21:48:06.327+0300][52.229s][info][gc] GC(532) Pause Young (Allocation Failure) 62M->62M(228M) 63.708ms
[2020-01-29T21:48:06.449+0300][52.350s][info][gc] GC(533) Pause Young (Allocation Failure) 91M->91M(228M) 117.687ms
[2020-01-29T21:48:06.564+0300][52.466s][info][gc] GC(534) Pause Young (Allocation Failure) 120M->120M(228M) 112.233ms
[2020-01-29T21:48:06.698+0300][52.600s][info][gc] GC(535) Pause Young (Allocation Failure) 168M->168M(228M) 119.095ms
[2020-01-29T21:48:06.774+0300][52.675s][info][gc] GC(536) Pause Full (Ergonomics) 168M->34M(228M) 75.758ms
[2020-01-29T21:48:06.840+0300][52.741s][info][gc] GC(537) Pause Young (Allocation Failure) 63M->63M(228M) 59.974ms
[2020-01-29T21:48:06.956+0300][52.857s][info][gc] GC(538) Pause Young (Allocation Failure) 92M->92M(228M) 112.678ms
[2020-01-29T21:48:07.078+0300][52.980s][info][gc] GC(539) Pause Young (Allocation Failure) 121M->121M(228M) 119.071ms
[2020-01-29T21:48:07.169+0300][53.071s][info][gc] GC(540) Pause Young (Allocation Failure) 169M->169M(228M) 76.253ms
[2020-01-29T21:48:07.233+0300][53.134s][info][gc] GC(541) Pause Full (Ergonomics) 169M->35M(228M) 63.062ms
[2020-01-29T21:48:07.300+0300][53.201s][info][gc] GC(542) Pause Young (Allocation Failure) 64M->64M(228M) 63.707ms
[2020-01-29T21:48:07.418+0300][53.319s][info][gc] GC(543) Pause Young (Allocation Failure) 93M->93M(228M) 113.985ms
[2020-01-29T21:48:07.537+0300][53.439s][info][gc] GC(544) Pause Young (Allocation Failure) 122M->123M(228M) 116.083ms
[2020-01-29T21:48:07.682+0300][53.584s][info][gc] GC(545) Pause Young (Allocation Failure) 171M->171M(228M) 130.164ms
[2020-01-29T21:48:07.766+0300][53.667s][info][gc] GC(546) Pause Full (Ergonomics) 171M->37M(228M) 82.806ms
[2020-01-29T21:48:07.834+0300][53.736s][info][gc] GC(547) Pause Young (Allocation Failure) 66M->66M(228M) 64.207ms
[2020-01-29T21:48:07.954+0300][53.855s][info][gc] GC(548) Pause Young (Allocation Failure) 95M->95M(228M) 115.905ms
[2020-01-29T21:48:08.072+0300][53.973s][info][gc] GC(549) Pause Young (Allocation Failure) 124M->124M(228M) 114.700ms
[2020-01-29T21:48:08.163+0300][54.063s][info][gc] GC(550) Pause Young (Allocation Failure) 172M->172M(228M) 75.019ms
[2020-01-29T21:48:08.234+0300][54.136s][info][gc] GC(551) Pause Full (Ergonomics) 172M->38M(228M) 72.094ms
[2020-01-29T21:48:08.301+0300][54.203s][info][gc] GC(552) Pause Young (Allocation Failure) 67M->67M(228M) 63.580ms
[2020-01-29T21:48:08.426+0300][54.328s][info][gc] GC(553) Pause Young (Allocation Failure) 96M->96M(228M) 120.705ms
[2020-01-29T21:48:08.548+0300][54.449s][info][gc] GC(554) Pause Young (Allocation Failure) 125M->125M(228M) 117.620ms
[2020-01-29T21:48:08.638+0300][54.539s][info][gc] GC(555) Pause Young (Allocation Failure) 173M->173M(228M) 74.212ms
[2020-01-29T21:48:08.714+0300][54.616s][info][gc] GC(556) Pause Full (Ergonomics) 173M->39M(228M) 77.197ms
[2020-01-29T21:48:08.783+0300][54.685s][info][gc] GC(557) Pause Young (Allocation Failure) 68M->68M(228M) 64.541ms
[2020-01-29T21:48:08.904+0300][54.809s][info][gc] GC(558) Pause Young (Allocation Failure) 97M->97M(228M) 120.245ms
[2020-01-29T21:48:09.029+0300][54.931s][info][gc] GC(559) Pause Young (Allocation Failure) 126M->126M(228M) 118.342ms
[2020-01-29T21:48:09.129+0300][55.032s][info][gc] GC(560) Pause Young (Allocation Failure) 155M->155M(228M) 82.092ms
[2020-01-29T21:48:09.139+0300][55.041s][info][gc] GC(561) Pause Full (Ergonomics) 155M->21M(228M) 9.112ms
[2020-01-29T21:48:09.204+0300][55.107s][info][gc] GC(562) Pause Young (Allocation Failure) 50M->50M(228M) 61.874ms
[2020-01-29T21:48:09.324+0300][55.225s][info][gc] GC(563) Pause Young (Allocation Failure) 79M->79M(228M) 114.163ms
[2020-01-29T21:48:09.444+0300][55.345s][info][gc] GC(564) Pause Young (Allocation Failure) 108M->108M(228M) 115.994ms
[2020-01-29T21:48:09.579+0300][55.483s][info][gc] GC(565) Pause Young (Allocation Failure) 156M->157M(228M) 112.827ms
[2020-01-29T21:48:09.599+0300][55.501s][info][gc] GC(566) Pause Full (Ergonomics) 157M->23M(228M) 17.241ms
[2020-01-29T21:48:09.664+0300][55.568s][info][gc] GC(567) Pause Young (Allocation Failure) 52M->52M(228M) 63.709ms
[2020-01-29T21:48:09.784+0300][55.687s][info][gc] GC(568) Pause Young (Allocation Failure) 81M->81M(228M) 115.766ms
[2020-01-29T21:48:09.904+0300][55.805s][info][gc] GC(569) Pause Young (Allocation Failure) 110M->110M(228M) 113.804ms
[2020-01-29T21:48:10.024+0300][55.929s][info][gc] GC(570) Pause Young (Allocation Failure) 158M->158M(228M) 108.656ms
[2020-01-29T21:48:10.049+0300][55.950s][info][gc] GC(571) Pause Full (Ergonomics) 158M->24M(228M) 20.844ms
[2020-01-29T21:48:10.119+0300][56.020s][info][gc] GC(572) Pause Young (Allocation Failure) 53M->53M(228M) 65.850ms
[2020-01-29T21:48:10.240+0300][56.142s][info][gc] GC(573) Pause Young (Allocation Failure) 82M->82M(228M) 117.942ms
[2020-01-29T21:48:10.362+0300][56.263s][info][gc] GC(574) Pause Young (Allocation Failure) 111M->111M(228M) 117.866ms
[2020-01-29T21:48:10.481+0300][56.383s][info][gc] GC(575) Pause Young (Allocation Failure) 159M->159M(228M) 104.504ms
[2020-01-29T21:48:10.508+0300][56.410s][info][gc] GC(576) Pause Full (Ergonomics) 159M->25M(228M) 27.106ms
[2020-01-29T21:48:10.573+0300][56.474s][info][gc] GC(577) Pause Young (Allocation Failure) 54M->54M(228M) 60.985ms
[2020-01-29T21:48:10.693+0300][56.594s][info][gc] GC(578) Pause Young (Allocation Failure) 83M->83M(228M) 116.336ms
[2020-01-29T21:48:10.813+0300][56.715s][info][gc] GC(579) Pause Young (Allocation Failure) 112M->112M(228M) 116.639ms
[2020-01-29T21:48:10.936+0300][56.838s][info][gc] GC(580) Pause Young (Allocation Failure) 160M->160M(228M) 107.693ms
[2020-01-29T21:48:10.963+0300][56.865s][info][gc] GC(581) Pause Full (Ergonomics) 160M->26M(228M) 27.292ms
[2020-01-29T21:48:11.029+0300][56.931s][info][gc] GC(582) Pause Young (Allocation Failure) 55M->55M(228M) 61.901ms
[2020-01-29T21:48:11.149+0300][57.051s][info][gc] GC(583) Pause Young (Allocation Failure) 84M->84M(228M) 116.660ms
[2020-01-29T21:48:11.264+0300][57.168s][info][gc] GC(584) Pause Young (Allocation Failure) 113M->113M(228M) 113.011ms
[2020-01-29T21:48:11.389+0300][57.293s][info][gc] GC(585) Pause Young (Allocation Failure) 161M->161M(228M) 102.069ms
[2020-01-29T21:48:11.423+0300][57.326s][info][gc] GC(586) Pause Full (Ergonomics) 161M->28M(228M) 32.938ms
[2020-01-29T21:48:11.493+0300][57.398s][info][gc] GC(587) Pause Young (Allocation Failure) 57M->56M(228M) 67.739ms
[2020-01-29T21:48:11.614+0300][57.519s][info][gc] GC(588) Pause Young (Allocation Failure) 85M->86M(228M) 117.138ms
[2020-01-29T21:48:11.743+0300][57.646s][info][gc] GC(589) Pause Young (Allocation Failure) 115M->115M(228M) 123.891ms
[2020-01-29T21:48:11.859+0300][57.761s][info][gc] GC(590) Pause Young (Allocation Failure) 163M->163M(228M) 104.045ms
[2020-01-29T21:48:11.893+0300][57.797s][info][gc] GC(591) Pause Full (Ergonomics) 163M->29M(228M) 36.120ms
[2020-01-29T21:48:11.959+0300][57.864s][info][gc] GC(592) Pause Young (Allocation Failure) 58M->58M(228M) 60.719ms
[2020-01-29T21:48:12.079+0300][57.983s][info][gc] GC(593) Pause Young (Allocation Failure) 87M->87M(228M) 115.760ms
[2020-01-29T21:48:12.204+0300][58.106s][info][gc] GC(594) Pause Young (Allocation Failure) 116M->116M(228M) 118.845ms
[2020-01-29T21:48:12.309+0300][58.211s][info][gc] GC(595) Pause Young (Allocation Failure) 164M->164M(228M) 90.342ms
[2020-01-29T21:48:12.352+0300][58.253s][info][gc] GC(596) Pause Full (Ergonomics) 164M->30M(228M) 42.730ms
[2020-01-29T21:48:12.419+0300][58.320s][info][gc] GC(597) Pause Young (Allocation Failure) 59M->59M(228M) 62.817ms
[2020-01-29T21:48:12.538+0300][58.439s][info][gc] GC(598) Pause Young (Allocation Failure) 88M->88M(228M) 115.798ms
[2020-01-29T21:48:12.660+0300][58.562s][info][gc] GC(599) Pause Young (Allocation Failure) 117M->117M(228M) 118.611ms
[2020-01-29T21:48:12.763+0300][58.664s][info][gc] GC(600) Pause Young (Allocation Failure) 165M->165M(228M) 88.045ms
[2020-01-29T21:48:12.810+0300][58.711s][info][gc] GC(601) Pause Full (Ergonomics) 165M->31M(228M) 47.242ms
[2020-01-29T21:48:12.873+0300][58.775s][info][gc] GC(602) Pause Young (Allocation Failure) 60M->60M(228M) 58.929ms
[2020-01-29T21:48:12.992+0300][58.894s][info][gc] GC(603) Pause Young (Allocation Failure) 89M->89M(228M) 115.939ms
[2020-01-29T21:48:13.111+0300][59.012s][info][gc] GC(604) Pause Young (Allocation Failure) 118M->118M(228M) 114.469ms
[2020-01-29T21:48:13.250+0300][59.151s][info][gc] GC(605) Pause Young (Allocation Failure) 166M->166M(228M) 123.921ms
[2020-01-29T21:48:13.314+0300][59.214s][info][gc] GC(606) Pause Full (Ergonomics) 166M->32M(228M) 63.484ms
[2020-01-29T21:48:13.373+0300][59.275s][info][gc] GC(607) Pause Young (Allocation Failure) 61M->61M(228M) 56.400ms
[2020-01-29T21:48:13.493+0300][59.395s][info][gc] GC(608) Pause Young (Allocation Failure) 90M->91M(228M) 116.269ms
[2020-01-29T21:48:13.617+0300][59.518s][info][gc] GC(609) Pause Young (Allocation Failure) 120M->120M(228M) 119.796ms
[2020-01-29T21:48:13.711+0300][59.612s][info][gc] GC(610) Pause Young (Allocation Failure) 168M->168M(228M) 79.649ms
[2020-01-29T21:48:13.766+0300][59.667s][info][gc] GC(611) Pause Full (Ergonomics) 168M->34M(228M) 54.906ms
[2020-01-29T21:48:13.830+0300][59.731s][info][gc] GC(612) Pause Young (Allocation Failure) 63M->63M(228M) 59.480ms
[2020-01-29T21:48:13.951+0300][59.852s][info][gc] GC(613) Pause Young (Allocation Failure) 92M->92M(228M) 116.968ms
[2020-01-29T21:48:14.069+0300][59.971s][info][gc] GC(614) Pause Young (Allocation Failure) 121M->121M(228M) 114.973ms
[2020-01-29T21:48:14.208+0300][60.109s][info][gc] GC(615) Pause Young (Allocation Failure) 169M->169M(228M) 122.925ms
[2020-01-29T21:48:14.280+0300][60.181s][info][gc] GC(616) Pause Full (Ergonomics) 169M->35M(228M) 72.677ms
[2020-01-29T21:48:14.346+0300][60.248s][info][gc] GC(617) Pause Young (Allocation Failure) 64M->64M(228M) 63.093ms
[2020-01-29T21:48:14.467+0300][60.368s][info][gc] GC(618) Pause Young (Allocation Failure) 93M->93M(228M) 116.489ms
[2020-01-29T21:48:14.593+0300][60.494s][info][gc] GC(619) Pause Young (Allocation Failure) 122M->122M(228M) 122.097ms
[2020-01-29T21:48:14.730+0300][60.631s][info][gc] GC(620) Pause Young (Allocation Failure) 170M->170M(228M) 122.397ms
[2020-01-29T21:48:14.810+0300][60.711s][info][gc] GC(621) Pause Full (Ergonomics) 170M->36M(228M) 79.449ms
[2020-01-29T21:48:14.870+0300][60.771s][info][gc] GC(622) Pause Young (Allocation Failure) 65M->65M(228M) 56.130ms
[2020-01-29T21:48:14.987+0300][60.888s][info][gc] GC(623) Pause Young (Allocation Failure) 94M->94M(228M) 113.296ms
[2020-01-29T21:48:15.100+0300][61.001s][info][gc] GC(624) Pause Young (Allocation Failure) 123M->123M(228M) 109.566ms
[2020-01-29T21:48:15.195+0300][61.096s][info][gc] GC(625) Pause Young (Allocation Failure) 171M->171M(228M) 80.144ms
[2020-01-29T21:48:15.264+0300][61.165s][info][gc] GC(626) Pause Full (Ergonomics) 171M->37M(228M) 69.077ms
[2020-01-29T21:48:15.332+0300][61.233s][info][gc] GC(627) Pause Young (Allocation Failure) 66M->66M(228M) 64.365ms
[2020-01-29T21:48:15.451+0300][61.353s][info][gc] GC(628) Pause Young (Allocation Failure) 95M->95M(228M) 116.038ms
[2020-01-29T21:48:15.567+0300][61.468s][info][gc] GC(629) Pause Young (Allocation Failure) 124M->125M(228M) 111.828ms
[2020-01-29T21:48:15.706+0300][61.607s][info][gc] GC(630) Pause Young (Allocation Failure) 173M->173M(228M) 123.867ms
[2020-01-29T21:48:15.788+0300][61.689s][info][gc] GC(631) Pause Full (Ergonomics) 173M->39M(228M) 82.628ms
[2020-01-29T21:48:15.852+0300][61.753s][info][gc] GC(632) Pause Young (Allocation Failure) 68M->68M(228M) 56.559ms
[2020-01-29T21:48:15.972+0300][61.874s][info][gc] GC(633) Pause Young (Allocation Failure) 97M->97M(228M) 116.591ms
[2020-01-29T21:48:16.097+0300][61.998s][info][gc] GC(634) Pause Young (Allocation Failure) 126M->126M(228M) 120.803ms
[2020-01-29T21:48:16.184+0300][62.085s][info][gc] GC(635) Pause Young (Allocation Failure) 174M->174M(228M) 71.953ms
[2020-01-29T21:48:16.267+0300][62.169s][info][gc] GC(636) Pause Full (Ergonomics) 174M->40M(228M) 83.959ms
[2020-01-29T21:48:16.336+0300][62.237s][info][gc] GC(637) Pause Young (Allocation Failure) 69M->69M(228M) 64.377ms
[2020-01-29T21:48:16.455+0300][62.357s][info][gc] GC(638) Pause Young (Allocation Failure) 98M->98M(228M) 115.839ms
[2020-01-29T21:48:16.583+0300][62.484s][info][gc] GC(639) Pause Young (Allocation Failure) 127M->127M(228M) 124.124ms
[2020-01-29T21:48:16.676+0300][62.578s][info][gc] GC(640) Pause Young (Allocation Failure) 156M->156M(228M) 80.884ms
[2020-01-29T21:48:16.688+0300][62.590s][info][gc] GC(641) Pause Full (Ergonomics) 156M->22M(228M) 11.708ms
[2020-01-29T21:48:16.751+0300][62.653s][info][gc] GC(642) Pause Young (Allocation Failure) 51M->51M(228M) 59.904ms
[2020-01-29T21:48:16.869+0300][62.770s][info][gc] GC(643) Pause Young (Allocation Failure) 80M->80M(228M) 113.538ms
[2020-01-29T21:48:16.983+0300][62.885s][info][gc] GC(644) Pause Young (Allocation Failure) 109M->109M(228M) 110.142ms
[2020-01-29T21:48:17.110+0300][63.011s][info][gc] GC(645) Pause Young (Allocation Failure) 157M->157M(228M) 111.838ms
[2020-01-29T21:48:17.130+0300][63.031s][info][gc] GC(646) Pause Full (Ergonomics) 157M->23M(228M) 20.375ms
[2020-01-29T21:48:17.199+0300][63.100s][info][gc] GC(647) Pause Young (Allocation Failure) 52M->52M(228M) 64.660ms
[2020-01-29T21:48:17.320+0300][63.221s][info][gc] GC(648) Pause Young (Allocation Failure) 81M->81M(228M) 118.059ms
[2020-01-29T21:48:17.442+0300][63.343s][info][gc] GC(649) Pause Young (Allocation Failure) 110M->110M(228M) 118.386ms
[2020-01-29T21:48:17.564+0300][63.465s][info][gc] GC(650) Pause Young (Allocation Failure) 158M->159M(228M) 106.770ms
[2020-01-29T21:48:17.587+0300][63.488s][info][gc] GC(651) Pause Full (Ergonomics) 159M->25M(228M) 23.193ms
[2020-01-29T21:48:17.653+0300][63.555s][info][gc] GC(652) Pause Young (Allocation Failure) 54M->54M(228M) 62.966ms
[2020-01-29T21:48:17.773+0300][63.674s][info][gc] GC(653) Pause Young (Allocation Failure) 83M->83M(228M) 115.462ms
[2020-01-29T21:48:17.883+0300][63.784s][info][gc] GC(654) Pause Young (Allocation Failure) 112M->112M(228M) 105.838ms
[2020-01-29T21:48:18.005+0300][63.905s][info][gc] GC(655) Pause Young (Allocation Failure) 160M->160M(228M) 105.945ms
[2020-01-29T21:48:18.032+0300][63.934s][info][gc] GC(656) Pause Full (Ergonomics) 160M->26M(228M) 28.282ms
[2020-01-29T21:48:18.100+0300][64.001s][info][gc] GC(657) Pause Young (Allocation Failure) 55M->55M(228M) 63.414ms
[2020-01-29T21:48:18.221+0300][64.123s][info][gc] GC(658) Pause Young (Allocation Failure) 84M->84M(228M) 118.469ms
[2020-01-29T21:48:18.338+0300][64.240s][info][gc] GC(659) Pause Young (Allocation Failure) 113M->113M(228M) 113.534ms
[2020-01-29T21:48:18.450+0300][64.351s][info][gc] GC(660) Pause Young (Allocation Failure) 161M->161M(228M) 96.270ms
[2020-01-29T21:48:18.482+0300][64.383s][info][gc] GC(661) Pause Full (Ergonomics) 161M->27M(228M) 31.976ms
[2020-01-29T21:48:18.550+0300][64.452s][info][gc] GC(662) Pause Young (Allocation Failure) 56M->56M(228M) 65.477ms
[2020-01-29T21:48:18.672+0300][64.573s][info][gc] GC(663) Pause Young (Allocation Failure) 85M->85M(228M) 117.568ms
[2020-01-29T21:48:18.789+0300][64.691s][info][gc] GC(664) Pause Young (Allocation Failure) 114M->114M(228M) 114.119ms
[2020-01-29T21:48:18.903+0300][64.804s][info][gc] GC(665) Pause Young (Allocation Failure) 162M->162M(228M) 94.739ms
[2020-01-29T21:48:18.941+0300][64.842s][info][gc] GC(666) Pause Full (Ergonomics) 162M->28M(228M) 38.103ms
[2020-01-29T21:48:19.005+0300][64.907s][info][gc] GC(667) Pause Young (Allocation Failure) 57M->57M(228M) 61.263ms
[2020-01-29T21:48:19.122+0300][65.024s][info][gc] GC(668) Pause Young (Allocation Failure) 86M->86M(228M) 113.207ms
[2020-01-29T21:48:19.246+0300][65.147s][info][gc] GC(669) Pause Young (Allocation Failure) 115M->115M(228M) 119.573ms
[2020-01-29T21:48:19.356+0300][65.258s][info][gc] GC(670) Pause Young (Allocation Failure) 163M->164M(228M) 96.145ms
[2020-01-29T21:48:19.402+0300][65.303s][info][gc] GC(671) Pause Full (Ergonomics) 164M->30M(228M) 45.708ms
[2020-01-29T21:48:19.466+0300][65.368s][info][gc] GC(672) Pause Young (Allocation Failure) 59M->59M(228M) 60.861ms
[2020-01-29T21:48:19.584+0300][65.485s][info][gc] GC(673) Pause Young (Allocation Failure) 88M->88M(228M) 113.545ms
[2020-01-29T21:48:19.706+0300][65.607s][info][gc] GC(674) Pause Young (Allocation Failure) 117M->117M(228M) 118.886ms
[2020-01-29T21:48:19.811+0300][65.712s][info][gc] GC(675) Pause Young (Allocation Failure) 165M->165M(228M) 89.764ms
[2020-01-29T21:48:19.857+0300][65.758s][info][gc] GC(676) Pause Full (Ergonomics) 165M->31M(228M) 45.747ms
[2020-01-29T21:48:19.924+0300][65.826s][info][gc] GC(677) Pause Young (Allocation Failure) 60M->60M(228M) 63.230ms
[2020-01-29T21:48:20.047+0300][65.948s][info][gc] GC(678) Pause Young (Allocation Failure) 89M->89M(228M) 118.513ms
[2020-01-29T21:48:20.164+0300][66.069s][info][gc] GC(679) Pause Young (Allocation Failure) 118M->118M(228M) 117.209ms
[2020-01-29T21:48:20.279+0300][66.180s][info][gc] GC(680) Pause Young (Allocation Failure) 166M->166M(228M) 87.841ms
[2020-01-29T21:48:20.329+0300][66.230s][info][gc] GC(681) Pause Full (Ergonomics) 166M->32M(228M) 50.518ms
[2020-01-29T21:48:20.394+0300][66.295s][info][gc] GC(682) Pause Young (Allocation Failure) 61M->61M(228M) 61.312ms
[2020-01-29T21:48:20.509+0300][66.414s][info][gc] GC(683) Pause Young (Allocation Failure) 90M->90M(228M) 114.938ms
[2020-01-29T21:48:20.634+0300][66.535s][info][gc] GC(684) Pause Young (Allocation Failure) 119M->119M(228M) 117.700ms
[2020-01-29T21:48:20.729+0300][66.631s][info][gc] GC(685) Pause Young (Allocation Failure) 167M->167M(228M) 79.261ms
[2020-01-29T21:48:20.779+0300][66.684s][info][gc] GC(686) Pause Full (Ergonomics) 167M->33M(228M) 53.123ms
[2020-01-29T21:48:20.850+0300][66.754s][info][gc] GC(687) Pause Young (Allocation Failure) 62M->62M(228M) 65.286ms
[2020-01-29T21:48:20.969+0300][66.871s][info][gc] GC(688) Pause Young (Allocation Failure) 91M->91M(228M) 113.234ms
[2020-01-29T21:48:21.092+0300][66.993s][info][gc] GC(689) Pause Young (Allocation Failure) 120M->120M(228M) 118.506ms
[2020-01-29T21:48:21.231+0300][67.132s][info][gc] GC(690) Pause Young (Allocation Failure) 168M->168M(228M) 123.834ms
[2020-01-29T21:48:21.301+0300][67.203s][info][gc] GC(691) Pause Full (Ergonomics) 168M->34M(228M) 70.487ms
[2020-01-29T21:48:21.368+0300][67.269s][info][gc] GC(692) Pause Young (Allocation Failure) 63M->63M(228M) 62.831ms
[2020-01-29T21:48:21.488+0300][67.390s][info][gc] GC(693) Pause Young (Allocation Failure) 92M->93M(228M) 117.083ms
[2020-01-29T21:48:21.610+0300][67.511s][info][gc] GC(694) Pause Young (Allocation Failure) 122M->122M(228M) 117.854ms
[2020-01-29T21:48:21.704+0300][67.605s][info][gc] GC(695) Pause Young (Allocation Failure) 170M->170M(228M) 78.859ms
[2020-01-29T21:48:21.774+0300][67.676s][info][gc] GC(696) Pause Full (Ergonomics) 170M->36M(228M) 71.104ms
[2020-01-29T21:48:21.839+0300][67.740s][info][gc] GC(697) Pause Young (Allocation Failure) 65M->65M(228M) 58.150ms
[2020-01-29T21:48:21.956+0300][67.858s][info][gc] GC(698) Pause Young (Allocation Failure) 94M->94M(228M) 113.772ms
[2020-01-29T21:48:22.075+0300][67.976s][info][gc] GC(699) Pause Young (Allocation Failure) 123M->123M(228M) 114.873ms
[2020-01-29T21:48:22.213+0300][68.115s][info][gc] GC(700) Pause Young (Allocation Failure) 171M->171M(228M) 123.365ms
[2020-01-29T21:48:22.294+0300][68.195s][info][gc] GC(701) Pause Full (Ergonomics) 171M->37M(228M) 80.622ms
[2020-01-29T21:48:22.362+0300][68.263s][info][gc] GC(702) Pause Young (Allocation Failure) 66M->66M(228M) 64.223ms
[2020-01-29T21:48:22.482+0300][68.383s][info][gc] GC(703) Pause Young (Allocation Failure) 95M->95M(228M) 116.683ms
[2020-01-29T21:48:22.603+0300][68.505s][info][gc] GC(704) Pause Young (Allocation Failure) 124M->124M(228M) 118.029ms
[2020-01-29T21:48:22.691+0300][68.593s][info][gc] GC(705) Pause Young (Allocation Failure) 172M->172M(228M) 72.913ms
[2020-01-29T21:48:22.764+0300][68.666s][info][gc] GC(706) Pause Full (Ergonomics) 172M->38M(228M) 72.646ms
[2020-01-29T21:48:22.827+0300][68.728s][info][gc] GC(707) Pause Young (Allocation Failure) 67M->67M(228M) 58.559ms
[2020-01-29T21:48:22.941+0300][68.843s][info][gc] GC(708) Pause Young (Allocation Failure) 96M->96M(228M) 110.849ms
[2020-01-29T21:48:23.063+0300][68.965s][info][gc] GC(709) Pause Young (Allocation Failure) 125M->125M(228M) 118.164ms
[2020-01-29T21:48:23.148+0300][69.049s][info][gc] GC(710) Pause Young (Allocation Failure) 173M->173M(228M) 69.753ms
[2020-01-29T21:48:23.223+0300][69.124s][info][gc] GC(711) Pause Full (Ergonomics) 173M->39M(228M) 74.760ms
[2020-01-29T21:48:23.290+0300][69.192s][info][gc] GC(712) Pause Young (Allocation Failure) 68M->68M(228M) 63.835ms
[2020-01-29T21:48:23.409+0300][69.310s][info][gc] GC(713) Pause Young (Allocation Failure) 97M->97M(228M) 114.863ms
[2020-01-29T21:48:23.528+0300][69.429s][info][gc] GC(714) Pause Young (Allocation Failure) 126M->127M(228M) 115.781ms
[2020-01-29T21:48:23.621+0300][69.522s][info][gc] GC(715) Pause Young (Allocation Failure) 156M->156M(228M) 80.342ms
[2020-01-29T21:48:23.631+0300][69.533s][info][gc] GC(716) Pause Full (Ergonomics) 156M->22M(228M) 10.938ms
[2020-01-29T21:48:23.698+0300][69.600s][info][gc] GC(717) Pause Young (Allocation Failure) 51M->51M(228M) 63.190ms
[2020-01-29T21:48:23.816+0300][69.718s][info][gc] GC(718) Pause Young (Allocation Failure) 80M->80M(228M) 114.291ms
[2020-01-29T21:48:23.941+0300][69.842s][info][gc] GC(719) Pause Young (Allocation Failure) 109M->109M(228M) 118.552ms
[2020-01-29T21:48:24.061+0300][69.963s][info][gc] GC(720) Pause Young (Allocation Failure) 157M->157M(228M) 105.454ms
[2020-01-29T21:48:24.080+0300][69.981s][info][gc] GC(721) Pause Full (Ergonomics) 157M->23M(228M) 18.266ms
[2020-01-29T21:48:24.146+0300][70.047s][info][gc] GC(722) Pause Young (Allocation Failure) 52M->52M(228M) 62.574ms
[2020-01-29T21:48:24.262+0300][70.164s][info][gc] GC(723) Pause Young (Allocation Failure) 81M->81M(228M) 112.572ms
[2020-01-29T21:48:24.386+0300][70.287s][info][gc] GC(724) Pause Young (Allocation Failure) 110M->110M(228M) 120.093ms
[2020-01-29T21:48:24.507+0300][70.408s][info][gc] GC(725) Pause Young (Allocation Failure) 158M->158M(228M) 106.398ms
[2020-01-29T21:48:24.529+0300][70.430s][info][gc] GC(726) Pause Full (Ergonomics) 158M->24M(228M) 22.036ms
[2020-01-29T21:48:24.592+0300][70.493s][info][gc] GC(727) Pause Young (Allocation Failure) 53M->53M(228M) 59.411ms
[2020-01-29T21:48:24.710+0300][70.611s][info][gc] GC(728) Pause Young (Allocation Failure) 82M->82M(228M) 114.465ms
[2020-01-29T21:48:24.828+0300][70.729s][info][gc] GC(729) Pause Young (Allocation Failure) 111M->111M(228M) 114.301ms
[2020-01-29T21:48:24.945+0300][70.846s][info][gc] GC(730) Pause Young (Allocation Failure) 159M->159M(228M) 101.442ms
[2020-01-29T21:48:24.965+0300][70.867s][info][gc] GC(731) Pause Full (Ergonomics) 159M->25M(228M) 21.116ms
[2020-01-29T21:48:25.032+0300][70.933s][info][gc] GC(732) Pause Young (Allocation Failure) 54M->54M(228M) 62.496ms
[2020-01-29T21:48:25.149+0300][71.052s][info][gc] GC(733) Pause Young (Allocation Failure) 83M->83M(228M) 115.291ms
[2020-01-29T21:48:25.264+0300][71.168s][info][gc] GC(734) Pause Young (Allocation Failure) 112M->112M(228M) 112.270ms
[2020-01-29T21:48:25.392+0300][71.295s][info][gc] GC(735) Pause Young (Allocation Failure) 161M->161M(228M) 103.559ms
[2020-01-29T21:48:25.424+0300][71.328s][info][gc] GC(736) Pause Full (Ergonomics) 161M->27M(228M) 33.513ms
[2020-01-29T21:48:25.493+0300][71.394s][info][gc] GC(737) Pause Young (Allocation Failure) 56M->56M(228M) 61.844ms
[2020-01-29T21:48:25.609+0300][71.511s][info][gc] GC(738) Pause Young (Allocation Failure) 85M->85M(228M) 113.517ms
[2020-01-29T21:48:25.728+0300][71.630s][info][gc] GC(739) Pause Young (Allocation Failure) 114M->114M(228M) 116.091ms
[2020-01-29T21:48:25.844+0300][71.747s][info][gc] GC(740) Pause Young (Allocation Failure) 162M->162M(228M) 95.924ms
[2020-01-29T21:48:25.878+0300][71.784s][info][gc] GC(741) Pause Full (Ergonomics) 162M->28M(228M) 36.995ms
[2020-01-29T21:48:25.944+0300][71.849s][info][gc] GC(742) Pause Young (Allocation Failure) 57M->57M(228M) 60.354ms
[2020-01-29T21:48:26.064+0300][71.970s][info][gc] GC(743) Pause Young (Allocation Failure) 86M->86M(228M) 117.358ms
[2020-01-29T21:48:26.185+0300][72.086s][info][gc] GC(744) Pause Young (Allocation Failure) 115M->115M(228M) 113.303ms
[2020-01-29T21:48:26.296+0300][72.197s][info][gc] GC(745) Pause Young (Allocation Failure) 163M->163M(228M) 95.967ms
[2020-01-29T21:48:26.332+0300][72.234s][info][gc] GC(746) Pause Full (Ergonomics) 163M->29M(228M) 36.426ms
[2020-01-29T21:48:26.400+0300][72.302s][info][gc] GC(747) Pause Young (Allocation Failure) 58M->58M(228M) 64.014ms
[2020-01-29T21:48:26.519+0300][72.421s][info][gc] GC(748) Pause Young (Allocation Failure) 87M->87M(228M) 115.689ms
[2020-01-29T21:48:26.642+0300][72.543s][info][gc] GC(749) Pause Young (Allocation Failure) 116M->116M(228M) 118.510ms
[2020-01-29T21:48:26.749+0300][72.651s][info][gc] GC(750) Pause Young (Allocation Failure) 164M->164M(228M) 92.355ms
[2020-01-29T21:48:26.794+0300][72.696s][info][gc] GC(751) Pause Full (Ergonomics) 164M->30M(228M) 44.713ms
[2020-01-29T21:48:26.857+0300][72.758s][info][gc] GC(752) Pause Young (Allocation Failure) 59M->59M(228M) 58.640ms
[2020-01-29T21:48:26.973+0300][72.874s][info][gc] GC(753) Pause Young (Allocation Failure) 88M->88M(228M) 111.785ms
[2020-01-29T21:48:27.094+0300][72.996s][info][gc] GC(754) Pause Young (Allocation Failure) 117M->117M(228M) 118.803ms
[2020-01-29T21:48:27.195+0300][73.096s][info][gc] GC(755) Pause Young (Allocation Failure) 165M->166M(228M) 85.158ms
[2020-01-29T21:48:27.243+0300][73.144s][info][gc] GC(756) Pause Full (Ergonomics) 166M->32M(228M) 47.718ms
[2020-01-29T21:48:27.310+0300][73.211s][info][gc] GC(757) Pause Young (Allocation Failure) 61M->61M(228M) 63.402ms
[2020-01-29T21:48:27.429+0300][73.331s][info][gc] GC(758) Pause Young (Allocation Failure) 90M->90M(228M) 116.104ms
[2020-01-29T21:48:27.548+0300][73.449s][info][gc] GC(759) Pause Young (Allocation Failure) 119M->119M(228M) 114.804ms
[2020-01-29T21:48:27.649+0300][73.551s][info][gc] GC(760) Pause Young (Allocation Failure) 167M->167M(228M) 86.351ms
[2020-01-29T21:48:27.702+0300][73.604s][info][gc] GC(761) Pause Full (Ergonomics) 167M->33M(228M) 52.974ms
[2020-01-29T21:48:27.771+0300][73.672s][info][gc] GC(762) Pause Young (Allocation Failure) 62M->62M(228M) 64.676ms
[2020-01-29T21:48:27.890+0300][73.792s][info][gc] GC(763) Pause Young (Allocation Failure) 91M->91M(228M) 116.012ms
[2020-01-29T21:48:28.005+0300][73.907s][info][gc] GC(764) Pause Young (Allocation Failure) 120M->120M(228M) 111.059ms
[2020-01-29T21:48:28.099+0300][74.001s][info][gc] GC(765) Pause Young (Allocation Failure) 168M->168M(228M) 79.324ms
[2020-01-29T21:48:28.156+0300][74.057s][info][gc] GC(766) Pause Full (Ergonomics) 168M->34M(228M) 56.133ms
[2020-01-29T21:48:28.222+0300][74.123s][info][gc] GC(767) Pause Young (Allocation Failure) 63M->63M(228M) 62.355ms
[2020-01-29T21:48:28.341+0300][74.242s][info][gc] GC(768) Pause Young (Allocation Failure) 92M->92M(228M) 114.904ms
[2020-01-29T21:48:28.455+0300][74.357s][info][gc] GC(769) Pause Young (Allocation Failure) 121M->121M(228M) 111.812ms
[2020-01-29T21:48:28.550+0300][74.451s][info][gc] GC(770) Pause Young (Allocation Failure) 169M->169M(228M) 79.436ms
[2020-01-29T21:48:28.611+0300][74.512s][info][gc] GC(771) Pause Full (Ergonomics) 169M->35M(228M) 61.265ms
[2020-01-29T21:48:28.677+0300][74.578s][info][gc] GC(772) Pause Young (Allocation Failure) 64M->64M(228M) 61.790ms
[2020-01-29T21:48:28.799+0300][74.701s][info][gc] GC(773) Pause Young (Allocation Failure) 93M->93M(228M) 119.438ms
[2020-01-29T21:48:28.917+0300][74.818s][info][gc] GC(774) Pause Young (Allocation Failure) 122M->122M(228M) 113.119ms
[2020-01-29T21:48:29.007+0300][74.909s][info][gc] GC(775) Pause Young (Allocation Failure) 170M->170M(228M) 76.143ms
[2020-01-29T21:48:29.073+0300][74.974s][info][gc] GC(776) Pause Full (Ergonomics) 170M->36M(228M) 65.337ms
[2020-01-29T21:48:29.139+0300][75.040s][info][gc] GC(777) Pause Young (Allocation Failure) 65M->65M(228M) 62.654ms
[2020-01-29T21:48:29.258+0300][75.159s][info][gc] GC(778) Pause Young (Allocation Failure) 94M->95M(228M) 114.694ms
[2020-01-29T21:48:29.369+0300][75.271s][info][gc] GC(779) Pause Young (Allocation Failure) 124M->124M(228M) 108.457ms
[2020-01-29T21:48:29.457+0300][75.359s][info][gc] GC(780) Pause Young (Allocation Failure) 172M->172M(228M) 72.978ms
[2020-01-29T21:48:29.530+0300][75.431s][info][gc] GC(781) Pause Full (Ergonomics) 172M->38M(228M) 72.422ms
[2020-01-29T21:48:29.597+0300][75.498s][info][gc] GC(782) Pause Young (Allocation Failure) 67M->67M(228M) 63.314ms
[2020-01-29T21:48:29.715+0300][75.616s][info][gc] GC(783) Pause Young (Allocation Failure) 96M->96M(228M) 114.182ms
[2020-01-29T21:48:29.831+0300][75.732s][info][gc] GC(784) Pause Young (Allocation Failure) 125M->125M(228M) 112.453ms
[2020-01-29T21:48:29.917+0300][75.818s][info][gc] GC(785) Pause Young (Allocation Failure) 173M->173M(228M) 69.779ms
[2020-01-29T21:48:29.989+0300][75.890s][info][gc] GC(786) Pause Full (Ergonomics) 173M->39M(228M) 71.291ms
[2020-01-29T21:48:30.056+0300][75.957s][info][gc] GC(787) Pause Young (Allocation Failure) 68M->68M(228M) 63.166ms
[2020-01-29T21:48:30.177+0300][76.079s][info][gc] GC(788) Pause Young (Allocation Failure) 97M->97M(228M) 118.377ms
[2020-01-29T21:48:30.298+0300][76.199s][info][gc] GC(789) Pause Young (Allocation Failure) 126M->126M(228M) 116.938ms
[2020-01-29T21:48:30.391+0300][76.292s][info][gc] GC(790) Pause Young (Allocation Failure) 155M->155M(228M) 80.768ms
[2020-01-29T21:48:30.401+0300][76.302s][info][gc] GC(791) Pause Full (Ergonomics) 155M->21M(228M) 9.710ms
[2020-01-29T21:48:30.464+0300][76.366s][info][gc] GC(792) Pause Young (Allocation Failure) 50M->50M(228M) 60.537ms
[2020-01-29T21:48:30.584+0300][76.486s][info][gc] GC(793) Pause Young (Allocation Failure) 79M->79M(228M) 116.193ms
[2020-01-29T21:48:30.703+0300][76.604s][info][gc] GC(794) Pause Young (Allocation Failure) 108M->108M(228M) 114.783ms
[2020-01-29T21:48:30.828+0300][76.730s][info][gc] GC(795) Pause Young (Allocation Failure) 156M->157M(228M) 110.190ms
[2020-01-29T21:48:30.845+0300][76.746s][info][gc] GC(796) Pause Full (Ergonomics) 157M->23M(228M) 16.559ms
[2020-01-29T21:48:30.908+0300][76.809s][info][gc] GC(797) Pause Young (Allocation Failure) 52M->51M(228M) 58.358ms
[2020-01-29T21:48:31.023+0300][76.925s][info][gc] GC(798) Pause Young (Allocation Failure) 80M->80M(228M) 112.158ms
[2020-01-29T21:48:31.140+0300][77.045s][info][gc] GC(799) Pause Young (Allocation Failure) 109M->110M(228M) 116.314ms
[2020-01-29T21:48:31.293+0300][77.197s][info][gc] GC(800) Pause Young (Allocation Failure) 158M->158M(228M) 126.885ms
[2020-01-29T21:48:31.318+0300][77.221s][info][gc] GC(801) Pause Full (Ergonomics) 158M->24M(228M) 23.018ms
[2020-01-29T21:48:31.387+0300][77.288s][info][gc] GC(802) Pause Young (Allocation Failure) 53M->53M(228M) 63.832ms
[2020-01-29T21:48:31.504+0300][77.409s][info][gc] GC(803) Pause Young (Allocation Failure) 82M->82M(228M) 117.161ms
[2020-01-29T21:48:31.628+0300][77.531s][info][gc] GC(804) Pause Young (Allocation Failure) 111M->111M(228M) 118.816ms
[2020-01-29T21:48:31.753+0300][77.654s][info][gc] GC(805) Pause Young (Allocation Failure) 159M->159M(228M) 103.739ms
[2020-01-29T21:48:31.772+0300][77.679s][info][gc] GC(806) Pause Full (Ergonomics) 159M->25M(228M) 24.129ms
[2020-01-29T21:48:31.843+0300][77.746s][info][gc] GC(807) Pause Young (Allocation Failure) 54M->54M(228M) 63.491ms
[2020-01-29T21:48:31.953+0300][77.858s][info][gc] GC(808) Pause Young (Allocation Failure) 83M->83M(228M) 107.933ms
[2020-01-29T21:48:32.073+0300][77.979s][info][gc] GC(809) Pause Young (Allocation Failure) 112M->112M(228M) 117.281ms
[2020-01-29T21:48:32.195+0300][78.097s][info][gc] GC(810) Pause Young (Allocation Failure) 160M->160M(228M) 102.524ms
[2020-01-29T21:48:32.224+0300][78.125s][info][gc] GC(811) Pause Full (Ergonomics) 160M->26M(228M) 28.805ms
[2020-01-29T21:48:32.286+0300][78.187s][info][gc] GC(812) Pause Young (Allocation Failure) 55M->55M(228M) 58.061ms
[2020-01-29T21:48:32.403+0300][78.305s][info][gc] GC(813) Pause Young (Allocation Failure) 84M->84M(228M) 114.163ms
[2020-01-29T21:48:32.523+0300][78.424s][info][gc] GC(814) Pause Young (Allocation Failure) 113M->113M(228M) 115.090ms
[2020-01-29T21:48:32.636+0300][78.538s][info][gc] GC(815) Pause Young (Allocation Failure) 161M->161M(228M) 99.543ms
[2020-01-29T21:48:32.673+0300][78.575s][info][gc] GC(816) Pause Full (Ergonomics) 161M->27M(228M) 36.804ms
[2020-01-29T21:48:32.742+0300][78.644s][info][gc] GC(817) Pause Young (Allocation Failure) 56M->56M(228M) 65.721ms
[2020-01-29T21:48:32.862+0300][78.763s][info][gc] GC(818) Pause Young (Allocation Failure) 85M->86M(228M) 115.689ms
[2020-01-29T21:48:32.977+0300][78.879s][info][gc] GC(819) Pause Young (Allocation Failure) 115M->114M(228M) 111.572ms
[2020-01-29T21:48:33.090+0300][78.992s][info][gc] GC(820) Pause Young (Allocation Failure) 163M->163M(228M) 97.577ms
[2020-01-29T21:48:33.127+0300][79.029s][info][gc] GC(821) Pause Full (Ergonomics) 163M->29M(228M) 37.138ms
[2020-01-29T21:48:33.194+0300][79.096s][info][gc] GC(822) Pause Young (Allocation Failure) 58M->58M(228M) 63.196ms
[2020-01-29T21:48:33.315+0300][79.216s][info][gc] GC(823) Pause Young (Allocation Failure) 87M->87M(228M) 116.925ms
[2020-01-29T21:48:33.432+0300][79.334s][info][gc] GC(824) Pause Young (Allocation Failure) 116M->116M(228M) 114.027ms
[2020-01-29T21:48:33.573+0300][79.475s][info][gc] GC(825) Pause Young (Allocation Failure) 164M->164M(228M) 125.837ms
[2020-01-29T21:48:33.628+0300][79.529s][info][gc] GC(826) Pause Full (Ergonomics) 164M->30M(228M) 54.275ms
[2020-01-29T21:48:33.695+0300][79.596s][info][gc] GC(827) Pause Young (Allocation Failure) 59M->59M(228M) 63.557ms
[2020-01-29T21:48:33.816+0300][79.718s][info][gc] GC(828) Pause Young (Allocation Failure) 88M->88M(228M) 118.117ms
[2020-01-29T21:48:33.935+0300][79.837s][info][gc] GC(829) Pause Young (Allocation Failure) 117M->117M(228M) 114.406ms
[2020-01-29T21:48:34.038+0300][79.939s][info][gc] GC(830) Pause Young (Allocation Failure) 165M->165M(228M) 87.566ms
[2020-01-29T21:48:34.083+0300][79.984s][info][gc] GC(831) Pause Full (Ergonomics) 165M->31M(228M) 45.269ms
[2020-01-29T21:48:34.148+0300][80.050s][info][gc] GC(832) Pause Young (Allocation Failure) 60M->60M(228M) 61.916ms
[2020-01-29T21:48:34.265+0300][80.166s][info][gc] GC(833) Pause Young (Allocation Failure) 89M->89M(228M) 112.846ms
[2020-01-29T21:48:34.389+0300][80.290s][info][gc] GC(834) Pause Young (Allocation Failure) 118M->118M(228M) 119.823ms
[2020-01-29T21:48:34.485+0300][80.387s][info][gc] GC(835) Pause Young (Allocation Failure) 166M->166M(228M) 81.944ms
[2020-01-29T21:48:34.537+0300][80.438s][info][gc] GC(836) Pause Full (Ergonomics) 166M->32M(228M) 51.678ms
[2020-01-29T21:48:34.601+0300][80.502s][info][gc] GC(837) Pause Young (Allocation Failure) 61M->61M(228M) 60.162ms
[2020-01-29T21:48:34.719+0300][80.620s][info][gc] GC(838) Pause Young (Allocation Failure) 90M->90M(228M) 114.082ms
[2020-01-29T21:48:34.837+0300][80.739s][info][gc] GC(839) Pause Young (Allocation Failure) 119M->120M(228M) 114.992ms
[2020-01-29T21:48:34.980+0300][80.881s][info][gc] GC(840) Pause Young (Allocation Failure) 168M->168M(228M) 125.521ms
[2020-01-29T21:48:35.048+0300][80.950s][info][gc] GC(841) Pause Full (Ergonomics) 168M->34M(228M) 68.961ms
[2020-01-29T21:48:35.113+0300][81.014s][info][gc] GC(842) Pause Young (Allocation Failure) 63M->63M(228M) 60.853ms
[2020-01-29T21:48:35.231+0300][81.132s][info][gc] GC(843) Pause Young (Allocation Failure) 92M->92M(228M) 114.112ms
[2020-01-29T21:48:35.357+0300][81.258s][info][gc] GC(844) Pause Young (Allocation Failure) 121M->121M(228M) 122.387ms
[2020-01-29T21:48:35.450+0300][81.351s][info][gc] GC(845) Pause Young (Allocation Failure) 169M->169M(228M) 77.993ms
[2020-01-29T21:48:35.510+0300][81.411s][info][gc] GC(846) Pause Full (Ergonomics) 169M->35M(228M) 60.427ms
[2020-01-29T21:48:35.578+0300][81.479s][info][gc] GC(847) Pause Young (Allocation Failure) 64M->64M(228M) 64.047ms
[2020-01-29T21:48:35.696+0300][81.597s][info][gc] GC(848) Pause Young (Allocation Failure) 93M->93M(228M) 114.574ms
[2020-01-29T21:48:35.814+0300][81.716s][info][gc] GC(849) Pause Young (Allocation Failure) 122M->122M(228M) 115.091ms
[2020-01-29T21:48:35.954+0300][81.855s][info][gc] GC(850) Pause Young (Allocation Failure) 170M->170M(228M) 124.279ms
[2020-01-29T21:48:36.031+0300][81.932s][info][gc] GC(851) Pause Full (Ergonomics) 170M->36M(228M) 76.875ms
[2020-01-29T21:48:36.098+0300][81.999s][info][gc] GC(852) Pause Young (Allocation Failure) 65M->65M(228M) 63.339ms
[2020-01-29T21:48:36.219+0300][82.121s][info][gc] GC(853) Pause Young (Allocation Failure) 94M->94M(228M) 117.874ms
[2020-01-29T21:48:36.337+0300][82.238s][info][gc] GC(854) Pause Young (Allocation Failure) 123M->123M(228M) 113.334ms
[2020-01-29T21:48:36.425+0300][82.327s][info][gc] GC(855) Pause Young (Allocation Failure) 171M->171M(228M) 74.448ms
[2020-01-29T21:48:36.496+0300][82.398s][info][gc] GC(856) Pause Full (Ergonomics) 171M->37M(228M) 70.912ms
[2020-01-29T21:48:36.563+0300][82.465s][info][gc] GC(857) Pause Young (Allocation Failure) 66M->66M(228M) 63.759ms
[2020-01-29T21:48:36.681+0300][82.582s][info][gc] GC(858) Pause Young (Allocation Failure) 95M->95M(228M) 113.763ms
[2020-01-29T21:48:36.804+0300][82.705s][info][gc] GC(859) Pause Young (Allocation Failure) 124M->124M(228M) 119.266ms
[2020-01-29T21:48:36.891+0300][82.792s][info][gc] GC(860) Pause Young (Allocation Failure) 173M->173M(228M) 71.100ms
[2020-01-29T21:48:36.960+0300][82.862s][info][gc] GC(861) Pause Full (Ergonomics) 173M->39M(228M) 70.165ms
[2020-01-29T21:48:37.028+0300][82.929s][info][gc] GC(862) Pause Young (Allocation Failure) 68M->68M(228M) 63.595ms
[2020-01-29T21:48:37.144+0300][83.047s][info][gc] GC(863) Pause Young (Allocation Failure) 97M->97M(228M) 113.675ms
[2020-01-29T21:48:37.259+0300][83.162s][info][gc] GC(864) Pause Young (Allocation Failure) 126M->126M(228M) 112.254ms
[2020-01-29T21:48:37.354+0300][83.255s][info][gc] GC(865) Pause Young (Allocation Failure) 174M->174M(228M) 71.756ms
[2020-01-29T21:48:37.429+0300][83.330s][info][gc] GC(866) Pause Full (Ergonomics) 174M->40M(228M) 75.281ms
[2020-01-29T21:48:37.494+0300][83.397s][info][gc] GC(867) Pause Young (Allocation Failure) 69M->69M(228M) 63.036ms
[2020-01-29T21:48:37.614+0300][83.516s][info][gc] GC(868) Pause Young (Allocation Failure) 98M->98M(228M) 115.573ms
[2020-01-29T21:48:37.729+0300][83.632s][info][gc] GC(869) Pause Young (Allocation Failure) 127M->127M(228M) 112.836ms
[2020-01-29T21:48:37.824+0300][83.725s][info][gc] GC(870) Pause Young (Allocation Failure) 156M->156M(228M) 79.459ms
[2020-01-29T21:48:37.834+0300][83.737s][info][gc] GC(871) Pause Full (Ergonomics) 156M->22M(228M) 11.619ms
[2020-01-29T21:48:37.894+0300][83.799s][info][gc] GC(872) Pause Young (Allocation Failure) 51M->51M(228M) 58.148ms
[2020-01-29T21:48:38.014+0300][83.916s][info][gc] GC(873) Pause Young (Allocation Failure) 80M->80M(228M) 113.481ms
[2020-01-29T21:48:38.138+0300][84.039s][info][gc] GC(874) Pause Young (Allocation Failure) 109M->109M(228M) 119.160ms
[2020-01-29T21:48:38.257+0300][84.159s][info][gc] GC(875) Pause Young (Allocation Failure) 157M->157M(228M) 105.249ms
[2020-01-29T21:48:38.277+0300][84.179s][info][gc] GC(876) Pause Full (Ergonomics) 157M->23M(228M) 19.770ms
[2020-01-29T21:48:38.340+0300][84.242s][info][gc] GC(877) Pause Young (Allocation Failure) 52M->52M(228M) 59.570ms
[2020-01-29T21:48:38.458+0300][84.360s][info][gc] GC(878) Pause Young (Allocation Failure) 81M->81M(228M) 114.346ms
[2020-01-29T21:48:38.579+0300][84.479s][info][gc] GC(879) Pause Young (Allocation Failure) 110M->110M(228M) 116.121ms
[2020-01-29T21:48:38.699+0300][84.600s][info][gc] GC(880) Pause Young (Allocation Failure) 158M->159M(228M) 105.437ms
[2020-01-29T21:48:38.722+0300][84.623s][info][gc] GC(881) Pause Full (Ergonomics) 159M->25M(228M) 22.615ms
[2020-01-29T21:48:38.787+0300][84.689s][info][gc] GC(882) Pause Young (Allocation Failure) 54M->54M(228M) 62.409ms
[2020-01-29T21:48:38.911+0300][84.812s][info][gc] GC(883) Pause Young (Allocation Failure) 83M->83M(228M) 119.700ms
[2020-01-29T21:48:39.027+0300][84.928s][info][gc] GC(884) Pause Young (Allocation Failure) 112M->112M(228M) 111.505ms
[2020-01-29T21:48:39.139+0300][85.044s][info][gc] GC(885) Pause Young (Allocation Failure) 160M->160M(228M) 100.694ms
[2020-01-29T21:48:39.169+0300][85.074s][info][gc] GC(886) Pause Full (Ergonomics) 160M->26M(228M) 29.981ms
[2020-01-29T21:48:39.238+0300][85.139s][info][gc] GC(887) Pause Young (Allocation Failure) 55M->55M(228M) 61.453ms
[2020-01-29T21:48:39.353+0300][85.255s][info][gc] GC(888) Pause Young (Allocation Failure) 84M->84M(228M) 112.459ms
[2020-01-29T21:48:39.464+0300][85.368s][info][gc] GC(889) Pause Young (Allocation Failure) 113M->113M(228M) 109.036ms
[2020-01-29T21:48:39.584+0300][85.485s][info][gc] GC(890) Pause Young (Allocation Failure) 161M->161M(228M) 103.901ms
[2020-01-29T21:48:39.614+0300][85.516s][info][gc] GC(891) Pause Full (Ergonomics) 161M->27M(228M) 31.226ms
[2020-01-29T21:48:39.679+0300][85.583s][info][gc] GC(892) Pause Young (Allocation Failure) 56M->56M(228M) 63.126ms
[2020-01-29T21:48:39.799+0300][85.704s][info][gc] GC(893) Pause Young (Allocation Failure) 85M->85M(228M) 117.138ms
[2020-01-29T21:48:39.924+0300][85.825s][info][gc] GC(894) Pause Young (Allocation Failure) 114M->114M(228M) 117.624ms
[2020-01-29T21:48:40.029+0300][85.932s][info][gc] GC(895) Pause Young (Allocation Failure) 162M->162M(228M) 80.662ms
[2020-01-29T21:48:40.059+0300][85.962s][info][gc] GC(896) Pause Full (Ergonomics) 162M->28M(228M) 29.913ms
[2020-01-29T21:48:40.124+0300][86.028s][info][gc] GC(897) Pause Young (Allocation Failure) 57M->57M(228M) 62.679ms
[2020-01-29T21:48:40.247+0300][86.148s][info][gc] GC(898) Pause Young (Allocation Failure) 86M->86M(228M) 116.158ms
[2020-01-29T21:48:40.369+0300][86.272s][info][gc] GC(899) Pause Young (Allocation Failure) 115M->115M(228M) 120.072ms
[2020-01-29T21:48:40.484+0300][86.387s][info][gc] GC(900) Pause Young (Allocation Failure) 163M->163M(228M) 90.269ms
[2020-01-29T21:48:40.524+0300][86.427s][info][gc] GC(901) Pause Full (Ergonomics) 163M->30M(228M) 40.226ms
[2020-01-29T21:48:40.589+0300][86.492s][info][gc] GC(902) Pause Young (Allocation Failure) 59M->58M(228M) 61.446ms
[2020-01-29T21:48:40.704+0300][86.608s][info][gc] GC(903) Pause Young (Allocation Failure) 87M->88M(228M) 112.080ms
[2020-01-29T21:48:40.824+0300][86.727s][info][gc] GC(904) Pause Young (Allocation Failure) 117M->117M(228M) 115.281ms
[2020-01-29T21:48:40.939+0300][86.844s][info][gc] GC(905) Pause Young (Allocation Failure) 165M->165M(228M) 86.752ms
[2020-01-29T21:48:40.987+0300][86.890s][info][gc] GC(906) Pause Full (Ergonomics) 165M->31M(228M) 45.868ms
[2020-01-29T21:48:41.048+0300][86.953s][info][gc] GC(907) Pause Young (Allocation Failure) 60M->60M(228M) 59.512ms
[2020-01-29T21:48:41.174+0300][87.075s][info][gc] GC(908) Pause Young (Allocation Failure) 89M->89M(228M) 118.765ms
[2020-01-29T21:48:41.292+0300][87.193s][info][gc] GC(909) Pause Young (Allocation Failure) 118M->118M(228M) 113.932ms
[2020-01-29T21:48:41.432+0300][87.333s][info][gc] GC(910) Pause Young (Allocation Failure) 166M->166M(228M) 125.672ms
[2020-01-29T21:48:41.496+0300][87.397s][info][gc] GC(911) Pause Full (Ergonomics) 166M->32M(228M) 63.934ms
[2020-01-29T21:48:41.561+0300][87.463s][info][gc] GC(912) Pause Young (Allocation Failure) 61M->61M(228M) 61.874ms
[2020-01-29T21:48:41.677+0300][87.579s][info][gc] GC(913) Pause Young (Allocation Failure) 90M->90M(228M) 112.633ms
[2020-01-29T21:48:41.794+0300][87.695s][info][gc] GC(914) Pause Young (Allocation Failure) 119M->119M(228M) 112.905ms
[2020-01-29T21:48:41.888+0300][87.790s][info][gc] GC(915) Pause Young (Allocation Failure) 167M->167M(228M) 79.732ms
[2020-01-29T21:48:41.942+0300][87.844s][info][gc] GC(916) Pause Full (Ergonomics) 167M->33M(228M) 53.421ms
[2020-01-29T21:48:42.008+0300][87.909s][info][gc] GC(917) Pause Young (Allocation Failure) 62M->62M(228M) 60.769ms
[2020-01-29T21:48:42.122+0300][88.024s][info][gc] GC(918) Pause Young (Allocation Failure) 91M->91M(228M) 110.824ms
[2020-01-29T21:48:42.240+0300][88.141s][info][gc] GC(919) Pause Young (Allocation Failure) 120M->120M(228M) 113.976ms
[2020-01-29T21:48:42.376+0300][88.277s][info][gc] GC(920) Pause Young (Allocation Failure) 168M->168M(228M) 121.076ms
[2020-01-29T21:48:42.445+0300][88.347s][info][gc] GC(921) Pause Full (Ergonomics) 168M->34M(228M) 69.810ms
[2020-01-29T21:48:42.510+0300][88.412s][info][gc] GC(922) Pause Young (Allocation Failure) 63M->63M(228M) 60.836ms
[2020-01-29T21:48:42.628+0300][88.530s][info][gc] GC(923) Pause Young (Allocation Failure) 92M->93M(228M) 114.395ms
[2020-01-29T21:48:42.749+0300][88.650s][info][gc] GC(924) Pause Young (Allocation Failure) 122M->122M(228M) 116.657ms
[2020-01-29T21:48:42.845+0300][88.746s][info][gc] GC(925) Pause Young (Allocation Failure) 170M->170M(228M) 80.869ms
[2020-01-29T21:48:42.907+0300][88.808s][info][gc] GC(926) Pause Full (Ergonomics) 170M->36M(228M) 61.898ms
[2020-01-29T21:48:42.971+0300][88.872s][info][gc] GC(927) Pause Young (Allocation Failure) 65M->65M(228M) 59.889ms
[2020-01-29T21:48:43.096+0300][88.998s][info][gc] GC(928) Pause Young (Allocation Failure) 94M->94M(228M) 121.623ms
[2020-01-29T21:48:43.213+0300][89.114s][info][gc] GC(929) Pause Young (Allocation Failure) 123M->123M(228M) 113.214ms
[2020-01-29T21:48:43.350+0300][89.251s][info][gc] GC(930) Pause Young (Allocation Failure) 171M->171M(228M) 121.621ms
[2020-01-29T21:48:43.431+0300][89.332s][info][gc] GC(931) Pause Full (Ergonomics) 171M->37M(228M) 81.369ms
[2020-01-29T21:48:43.496+0300][89.398s][info][gc] GC(932) Pause Young (Allocation Failure) 66M->66M(228M) 61.746ms
[2020-01-29T21:48:43.617+0300][89.519s][info][gc] GC(933) Pause Young (Allocation Failure) 95M->95M(228M) 117.547ms
[2020-01-29T21:48:43.742+0300][89.643s][info][gc] GC(934) Pause Young (Allocation Failure) 124M->124M(228M) 120.058ms
[2020-01-29T21:48:43.830+0300][89.732s][info][gc] GC(935) Pause Young (Allocation Failure) 172M->172M(228M) 74.688ms
[2020-01-29T21:48:43.903+0300][89.805s][info][gc] GC(936) Pause Full (Ergonomics) 172M->38M(228M) 72.756ms
[2020-01-29T21:48:43.961+0300][89.863s][info][gc] GC(937) Pause Young (Allocation Failure) 67M->67M(228M) 53.356ms
[2020-01-29T21:48:44.079+0300][89.980s][info][gc] GC(938) Pause Young (Allocation Failure) 96M->96M(228M) 113.566ms
[2020-01-29T21:48:44.187+0300][90.089s][info][gc] GC(939) Pause Young (Allocation Failure) 125M->125M(228M) 105.437ms
[2020-01-29T21:48:44.274+0300][90.175s][info][gc] GC(940) Pause Young (Allocation Failure) 173M->173M(228M) 71.897ms
[2020-01-29T21:48:44.345+0300][90.247s][info][gc] GC(941) Pause Full (Ergonomics) 173M->39M(228M) 71.270ms
[2020-01-29T21:48:44.412+0300][90.313s][info][gc] GC(942) Pause Young (Allocation Failure) 68M->68M(228M) 62.438ms
[2020-01-29T21:48:44.529+0300][90.431s][info][gc] GC(943) Pause Young (Allocation Failure) 97M->97M(228M) 114.434ms
[2020-01-29T21:48:44.647+0300][90.549s][info][gc] GC(944) Pause Young (Allocation Failure) 126M->127M(228M) 114.636ms
[2020-01-29T21:48:44.740+0300][90.642s][info][gc] GC(945) Pause Young (Allocation Failure) 156M->156M(228M) 79.856ms
[2020-01-29T21:48:44.752+0300][90.653s][info][gc] GC(946) Pause Full (Ergonomics) 156M->22M(228M) 11.509ms
[2020-01-29T21:48:44.816+0300][90.717s][info][gc] GC(947) Pause Young (Allocation Failure) 51M->51M(228M) 60.472ms
[2020-01-29T21:48:44.929+0300][90.831s][info][gc] GC(948) Pause Young (Allocation Failure) 80M->80M(228M) 109.398ms
[2020-01-29T21:48:45.046+0300][90.947s][info][gc] GC(949) Pause Young (Allocation Failure) 109M->109M(228M) 113.060ms
[2020-01-29T21:48:45.171+0300][91.073s][info][gc] GC(950) Pause Young (Allocation Failure) 157M->157M(228M) 110.544ms
[2020-01-29T21:48:45.189+0300][91.091s][info][gc] GC(951) Pause Full (Ergonomics) 157M->23M(228M) 17.685ms
[2020-01-29T21:48:45.256+0300][91.157s][info][gc] GC(952) Pause Young (Allocation Failure) 52M->52M(228M) 63.080ms
[2020-01-29T21:48:45.376+0300][91.277s][info][gc] GC(953) Pause Young (Allocation Failure) 81M->81M(228M) 115.773ms
[2020-01-29T21:48:45.494+0300][91.396s][info][gc] GC(954) Pause Young (Allocation Failure) 110M->110M(228M) 115.890ms
[2020-01-29T21:48:45.619+0300][91.520s][info][gc] GC(955) Pause Young (Allocation Failure) 158M->158M(228M) 108.665ms
[2020-01-29T21:48:45.641+0300][91.542s][info][gc] GC(956) Pause Full (Ergonomics) 158M->24M(228M) 22.298ms
[2020-01-29T21:48:45.709+0300][91.611s][info][gc] GC(957) Pause Young (Allocation Failure) 53M->53M(228M) 64.414ms
[2020-01-29T21:48:45.828+0300][91.730s][info][gc] GC(958) Pause Young (Allocation Failure) 82M->82M(228M) 115.523ms
[2020-01-29T21:48:45.949+0300][91.850s][info][gc] GC(959) Pause Young (Allocation Failure) 111M->111M(228M) 116.564ms
[2020-01-29T21:48:46.064+0300][91.966s][info][gc] GC(960) Pause Young (Allocation Failure) 159M->159M(228M) 100.409ms
[2020-01-29T21:48:46.090+0300][91.991s][info][gc] GC(961) Pause Full (Ergonomics) 159M->25M(228M) 24.937ms
[2020-01-29T21:48:46.157+0300][92.058s][info][gc] GC(962) Pause Young (Allocation Failure) 54M->54M(228M) 63.053ms
[2020-01-29T21:48:46.283+0300][92.185s][info][gc] GC(963) Pause Young (Allocation Failure) 83M->83M(228M) 123.392ms
[2020-01-29T21:48:46.398+0300][92.299s][info][gc] GC(964) Pause Young (Allocation Failure) 112M->112M(228M) 110.778ms
[2020-01-29T21:48:46.511+0300][92.413s][info][gc] GC(965) Pause Young (Allocation Failure) 161M->161M(228M) 98.282ms
[2020-01-29T21:48:46.545+0300][92.446s][info][gc] GC(966) Pause Full (Ergonomics) 161M->27M(228M) 33.464ms
[2020-01-29T21:48:46.610+0300][92.512s][info][gc] GC(967) Pause Young (Allocation Failure) 56M->56M(228M) 61.867ms
[2020-01-29T21:48:46.730+0300][92.631s][info][gc] GC(968) Pause Young (Allocation Failure) 85M->85M(228M) 116.228ms
[2020-01-29T21:48:46.844+0300][92.746s][info][gc] GC(969) Pause Young (Allocation Failure) 114M->114M(228M) 110.902ms
[2020-01-29T21:48:46.957+0300][92.859s][info][gc] GC(970) Pause Young (Allocation Failure) 162M->162M(228M) 96.983ms
[2020-01-29T21:48:46.992+0300][92.893s][info][gc] GC(971) Pause Full (Ergonomics) 162M->28M(228M) 34.033ms
[2020-01-29T21:48:47.056+0300][92.957s][info][gc] GC(972) Pause Young (Allocation Failure) 57M->57M(228M) 60.700ms
[2020-01-29T21:48:47.176+0300][93.078s][info][gc] GC(973) Pause Young (Allocation Failure) 86M->86M(228M) 116.501ms
[2020-01-29T21:48:47.293+0300][93.194s][info][gc] GC(974) Pause Young (Allocation Failure) 115M->115M(228M) 113.154ms
[2020-01-29T21:48:47.401+0300][93.303s][info][gc] GC(975) Pause Young (Allocation Failure) 163M->163M(228M) 94.131ms
[2020-01-29T21:48:47.444+0300][93.345s][info][gc] GC(976) Pause Full (Ergonomics) 163M->29M(228M) 42.521ms
[2020-01-29T21:48:47.511+0300][93.412s][info][gc] GC(977) Pause Young (Allocation Failure) 58M->58M(228M) 62.808ms
[2020-01-29T21:48:47.629+0300][93.530s][info][gc] GC(978) Pause Young (Allocation Failure) 87M->87M(228M) 114.662ms
[2020-01-29T21:48:47.745+0300][93.646s][info][gc] GC(979) Pause Young (Allocation Failure) 116M->116M(228M) 112.305ms
[2020-01-29T21:48:47.851+0300][93.752s][info][gc] GC(980) Pause Young (Allocation Failure) 164M->164M(228M) 90.921ms
[2020-01-29T21:48:47.899+0300][93.801s][info][gc] GC(981) Pause Full (Ergonomics) 164M->30M(228M) 49.433ms
[2020-01-29T21:48:47.962+0300][93.864s][info][gc] GC(982) Pause Young (Allocation Failure) 59M->59M(228M) 58.641ms
[2020-01-29T21:48:48.080+0300][93.982s][info][gc] GC(983) Pause Young (Allocation Failure) 88M->88M(228M) 113.952ms
[2020-01-29T21:48:48.194+0300][94.095s][info][gc] GC(984) Pause Young (Allocation Failure) 117M->117M(228M) 109.718ms
[2020-01-29T21:48:48.293+0300][94.195s][info][gc] GC(985) Pause Young (Allocation Failure) 165M->165M(228M) 85.821ms
[2020-01-29T21:48:48.343+0300][94.245s][info][gc] GC(986) Pause Full (Ergonomics) 165M->32M(228M) 49.128ms
[2020-01-29T21:48:48.414+0300][94.315s][info][gc] GC(987) Pause Young (Allocation Failure) 61M->61M(228M) 67.316ms
[2020-01-29T21:48:48.530+0300][94.432s][info][gc] GC(988) Pause Young (Allocation Failure) 90M->90M(228M) 112.699ms
[2020-01-29T21:48:48.649+0300][94.551s][info][gc] GC(989) Pause Young (Allocation Failure) 119M->119M(228M) 115.511ms
[2020-01-29T21:48:48.748+0300][94.649s][info][gc] GC(990) Pause Young (Allocation Failure) 167M->167M(228M) 83.637ms
[2020-01-29T21:48:48.800+0300][94.702s][info][gc] GC(991) Pause Full (Ergonomics) 167M->33M(228M) 52.259ms
[2020-01-29T21:48:48.866+0300][94.767s][info][gc] GC(992) Pause Young (Allocation Failure) 62M->62M(228M) 61.980ms
[2020-01-29T21:48:48.989+0300][94.891s][info][gc] GC(993) Pause Young (Allocation Failure) 91M->91M(228M) 119.280ms
[2020-01-29T21:48:49.105+0300][95.007s][info][gc] GC(994) Pause Young (Allocation Failure) 120M->120M(228M) 112.818ms
[2020-01-29T21:48:49.199+0300][95.100s][info][gc] GC(995) Pause Young (Allocation Failure) 168M->168M(228M) 78.911ms
[2020-01-29T21:48:49.256+0300][95.158s][info][gc] GC(996) Pause Full (Ergonomics) 168M->34M(228M) 57.394ms
[2020-01-29T21:48:49.323+0300][95.224s][info][gc] GC(997) Pause Young (Allocation Failure) 63M->63M(228M) 62.355ms
[2020-01-29T21:48:49.443+0300][95.345s][info][gc] GC(998) Pause Young (Allocation Failure) 92M->92M(228M) 117.178ms
[2020-01-29T21:48:49.564+0300][95.465s][info][gc] GC(999) Pause Young (Allocation Failure) 121M->121M(228M) 117.042ms
[2020-01-29T21:48:49.657+0300][95.559s][info][gc] GC(1000) Pause Young (Allocation Failure) 169M->169M(228M) 78.202ms
[2020-01-29T21:48:49.720+0300][95.621s][info][gc] GC(1001) Pause Full (Ergonomics) 169M->35M(228M) 61.994ms
[2020-01-29T21:48:49.784+0300][95.686s][info][gc] GC(1002) Pause Young (Allocation Failure) 64M->64M(228M) 61.657ms
[2020-01-29T21:48:49.901+0300][95.802s][info][gc] GC(1003) Pause Young (Allocation Failure) 93M->93M(228M) 112.779ms
[2020-01-29T21:48:50.007+0300][95.908s][info][gc] GC(1004) Pause Young (Allocation Failure) 122M->122M(228M) 99.764ms
[2020-01-29T21:48:50.097+0300][95.998s][info][gc] GC(1005) Pause Young (Allocation Failure) 170M->170M(228M) 75.974ms
[2020-01-29T21:48:50.162+0300][96.064s][info][gc] GC(1006) Pause Full (Ergonomics) 170M->36M(228M) 65.551ms
[2020-01-29T21:48:50.229+0300][96.130s][info][gc] GC(1007) Pause Young (Allocation Failure) 65M->66M(228M) 62.221ms
[2020-01-29T21:48:50.351+0300][96.253s][info][gc] GC(1008) Pause Young (Allocation Failure) 95M->95M(228M) 119.082ms
[2020-01-29T21:48:50.468+0300][96.370s][info][gc] GC(1009) Pause Young (Allocation Failure) 124M->124M(228M) 113.861ms
[2020-01-29T21:48:50.558+0300][96.459s][info][gc] GC(1010) Pause Young (Allocation Failure) 172M->172M(228M) 74.171ms
[2020-01-29T21:48:50.630+0300][96.531s][info][gc] GC(1011) Pause Full (Ergonomics) 172M->38M(228M) 71.706ms
[2020-01-29T21:48:50.693+0300][96.594s][info][gc] GC(1012) Pause Young (Allocation Failure) 67M->67M(228M) 60.161ms
[2020-01-29T21:48:50.812+0300][96.714s][info][gc] GC(1013) Pause Young (Allocation Failure) 96M->96M(228M) 115.728ms
[2020-01-29T21:48:50.934+0300][96.836s][info][gc] GC(1014) Pause Young (Allocation Failure) 125M->125M(228M) 118.309ms
[2020-01-29T21:48:51.028+0300][96.929s][info][gc] GC(1015) Pause Young (Allocation Failure) 173M->173M(228M) 77.943ms
[2020-01-29T21:48:51.088+0300][96.990s][info][gc] GC(1016) Pause Full (Ergonomics) 173M->39M(228M) 60.032ms
[2020-01-29T21:48:51.159+0300][97.060s][info][gc] GC(1017) Pause Young (Allocation Failure) 68M->68M(228M) 67.188ms
[2020-01-29T21:48:51.279+0300][97.179s][info][gc] GC(1018) Pause Young (Allocation Failure) 97M->97M(228M) 115.530ms
[2020-01-29T21:48:51.404+0300][97.306s][info][gc] GC(1019) Pause Young (Allocation Failure) 126M->126M(228M) 122.541ms
[2020-01-29T21:48:51.497+0300][97.398s][info][gc] GC(1020) Pause Young (Allocation Failure) 155M->155M(228M) 80.729ms
[2020-01-29T21:48:51.507+0300][97.409s][info][gc] GC(1021) Pause Full (Ergonomics) 155M->21M(228M) 10.045ms
[2020-01-29T21:48:51.571+0300][97.472s][info][gc] GC(1022) Pause Young (Allocation Failure) 50M->50M(228M) 59.550ms
[2020-01-29T21:48:51.681+0300][97.583s][info][gc] GC(1023) Pause Young (Allocation Failure) 79M->79M(228M) 107.721ms
[2020-01-29T21:48:51.799+0300][97.700s][info][gc] GC(1024) Pause Young (Allocation Failure) 108M->108M(228M) 113.295ms
[2020-01-29T21:48:51.927+0300][97.828s][info][gc] GC(1025) Pause Young (Allocation Failure) 156M->156M(228M) 113.209ms
[2020-01-29T21:48:51.945+0300][97.846s][info][gc] GC(1026) Pause Full (Ergonomics) 156M->23M(228M) 17.718ms
[2020-01-29T21:48:52.006+0300][97.907s][info][gc] GC(1027) Pause Young (Allocation Failure) 52M->51M(228M) 57.256ms
[2020-01-29T21:48:52.127+0300][98.028s][info][gc] GC(1028) Pause Young (Allocation Failure) 80M->80M(228M) 117.251ms
[2020-01-29T21:48:52.246+0300][98.147s][info][gc] GC(1029) Pause Young (Allocation Failure) 109M->110M(228M) 115.137ms
[2020-01-29T21:48:52.386+0300][98.286s][info][gc] GC(1030) Pause Young (Allocation Failure) 158M->158M(228M) 124.629ms
[2020-01-29T21:48:52.411+0300][98.312s][info][gc] GC(1031) Pause Full (Ergonomics) 158M->24M(228M) 25.656ms
[2020-01-29T21:48:52.476+0300][98.377s][info][gc] GC(1032) Pause Young (Allocation Failure) 53M->53M(228M) 61.415ms
[2020-01-29T21:48:52.592+0300][98.493s][info][gc] GC(1033) Pause Young (Allocation Failure) 82M->82M(228M) 112.444ms
[2020-01-29T21:48:52.711+0300][98.612s][info][gc] GC(1034) Pause Young (Allocation Failure) 111M->111M(228M) 114.841ms
[2020-01-29T21:48:52.850+0300][98.752s][info][gc] GC(1035) Pause Young (Allocation Failure) 159M->159M(228M) 124.813ms
[2020-01-29T21:48:52.883+0300][98.785s][info][gc] GC(1036) Pause Full (Ergonomics) 159M->25M(228M) 32.741ms
[2020-01-29T21:48:52.948+0300][98.850s][info][gc] GC(1037) Pause Young (Allocation Failure) 54M->54M(228M) 60.831ms
[2020-01-29T21:48:53.065+0300][98.967s][info][gc] GC(1038) Pause Young (Allocation Failure) 83M->83M(228M) 113.231ms
[2020-01-29T21:48:53.189+0300][99.091s][info][gc] GC(1039) Pause Young (Allocation Failure) 112M->112M(228M) 120.534ms
[2020-01-29T21:48:53.308+0300][99.209s][info][gc] GC(1040) Pause Young (Allocation Failure) 160M->160M(228M) 103.642ms
[2020-01-29T21:48:53.335+0300][99.236s][info][gc] GC(1041) Pause Full (Ergonomics) 160M->26M(228M) 27.150ms
[2020-01-29T21:48:53.399+0300][99.301s][info][gc] GC(1042) Pause Young (Allocation Failure) 55M->55M(228M) 61.372ms
[2020-01-29T21:48:53.518+0300][99.420s][info][gc] GC(1043) Pause Young (Allocation Failure) 84M->84M(228M) 115.088ms
[2020-01-29T21:48:53.639+0300][99.540s][info][gc] GC(1044) Pause Young (Allocation Failure) 113M->113M(228M) 116.355ms
[2020-01-29T21:48:53.750+0300][99.652s][info][gc] GC(1045) Pause Young (Allocation Failure) 161M->161M(228M) 97.640ms
[2020-01-29T21:48:53.787+0300][99.689s][info][gc] GC(1046) Pause Full (Ergonomics) 161M->27M(228M) 36.663ms
[2020-01-29T21:48:53.853+0300][99.755s][info][gc] GC(1047) Pause Young (Allocation Failure) 56M->56M(228M) 62.450ms
[2020-01-29T21:48:53.971+0300][99.872s][info][gc] GC(1048) Pause Young (Allocation Failure) 85M->85M(228M) 112.761ms
[2020-01-29T21:48:54.089+0300][99.990s][info][gc] GC(1049) Pause Young (Allocation Failure) 114M->114M(228M) 114.287ms
[2020-01-29T21:48:54.197+0300][100.098s][info][gc] GC(1050) Pause Young (Allocation Failure) 163M->163M(228M) 93.168ms
[2020-01-29T21:48:54.235+0300][100.136s][info][gc] GC(1051) Pause Full (Ergonomics) 163M->29M(228M) 38.358ms
[2020-01-29T21:48:54.301+0300][100.202s][info][gc] GC(1052) Pause Young (Allocation Failure) 58M->58M(228M) 61.658ms
[2020-01-29T21:48:54.420+0300][100.321s][info][gc] GC(1053) Pause Young (Allocation Failure) 87M->87M(228M) 115.763ms
[2020-01-29T21:48:54.541+0300][100.442s][info][gc] GC(1054) Pause Young (Allocation Failure) 116M->116M(228M) 117.465ms
[2020-01-29T21:48:54.648+0300][100.549s][info][gc] GC(1055) Pause Young (Allocation Failure) 164M->164M(228M) 92.020ms
[2020-01-29T21:48:54.689+0300][100.591s][info][gc] GC(1056) Pause Full (Ergonomics) 164M->30M(228M) 42.577ms
[2020-01-29T21:48:54.756+0300][100.657s][info][gc] GC(1057) Pause Young (Allocation Failure) 59M->59M(228M) 62.488ms
[2020-01-29T21:48:54.873+0300][100.774s][info][gc] GC(1058) Pause Young (Allocation Failure) 88M->88M(228M) 113.449ms
[2020-01-29T21:48:54.988+0300][100.889s][info][gc] GC(1059) Pause Young (Allocation Failure) 117M->117M(228M) 110.437ms
[2020-01-29T21:48:55.088+0300][100.989s][info][gc] GC(1060) Pause Young (Allocation Failure) 165M->165M(228M) 85.862ms
[2020-01-29T21:48:55.135+0300][101.036s][info][gc] GC(1061) Pause Full (Ergonomics) 165M->31M(228M) 46.748ms
[2020-01-29T21:48:55.201+0300][101.102s][info][gc] GC(1062) Pause Young (Allocation Failure) 60M->60M(228M) 62.087ms
[2020-01-29T21:48:55.321+0300][101.222s][info][gc] GC(1063) Pause Young (Allocation Failure) 89M->89M(228M) 116.087ms
[2020-01-29T21:48:55.437+0300][101.339s][info][gc] GC(1064) Pause Young (Allocation Failure) 118M->118M(228M) 113.803ms
[2020-01-29T21:48:55.538+0300][101.439s][info][gc] GC(1065) Pause Young (Allocation Failure) 166M->166M(228M) 84.723ms
[2020-01-29T21:48:55.590+0300][101.491s][info][gc] GC(1066) Pause Full (Ergonomics) 166M->32M(228M) 51.294ms
[2020-01-29T21:48:55.655+0300][101.557s][info][gc] GC(1067) Pause Young (Allocation Failure) 61M->61M(228M) 62.328ms
[2020-01-29T21:48:55.773+0300][101.674s][info][gc] GC(1068) Pause Young (Allocation Failure) 90M->91M(228M) 114.125ms
[2020-01-29T21:48:55.893+0300][101.795s][info][gc] GC(1069) Pause Young (Allocation Failure) 120M->120M(228M) 117.038ms
[2020-01-29T21:48:56.029+0300][101.930s][info][gc] GC(1070) Pause Young (Allocation Failure) 168M->168M(228M) 119.629ms
[2020-01-29T21:48:56.099+0300][102.000s][info][gc] GC(1071) Pause Full (Ergonomics) 168M->34M(228M) 69.593ms
[2020-01-29T21:48:56.166+0300][102.068s][info][gc] GC(1072) Pause Young (Allocation Failure) 63M->63M(228M) 63.808ms
[2020-01-29T21:48:56.284+0300][102.186s][info][gc] GC(1073) Pause Young (Allocation Failure) 92M->92M(228M) 114.454ms
[2020-01-29T21:48:56.401+0300][102.303s][info][gc] GC(1074) Pause Young (Allocation Failure) 121M->121M(228M) 113.732ms
[2020-01-29T21:48:56.496+0300][102.397s][info][gc] GC(1075) Pause Young (Allocation Failure) 169M->169M(228M) 79.458ms
[2020-01-29T21:48:56.555+0300][102.456s][info][gc] GC(1076) Pause Full (Ergonomics) 169M->35M(228M) 59.172ms
[2020-01-29T21:48:56.621+0300][102.522s][info][gc] GC(1077) Pause Young (Allocation Failure) 64M->64M(228M) 62.320ms
[2020-01-29T21:48:56.740+0300][102.640s][info][gc] GC(1078) Pause Young (Allocation Failure) 93M->93M(228M) 114.430ms
[2020-01-29T21:48:56.859+0300][102.761s][info][gc] GC(1079) Pause Young (Allocation Failure) 122M->122M(228M) 116.864ms
[2020-01-29T21:48:56.951+0300][102.852s][info][gc] GC(1080) Pause Young (Allocation Failure) 170M->170M(228M) 75.204ms
[2020-01-29T21:48:57.013+0300][102.914s][info][gc] GC(1081) Pause Full (Ergonomics) 170M->36M(228M) 62.091ms
[2020-01-29T21:48:57.078+0300][102.979s][info][gc] GC(1082) Pause Young (Allocation Failure) 65M->65M(228M) 61.488ms
[2020-01-29T21:48:57.196+0300][103.098s][info][gc] GC(1083) Pause Young (Allocation Failure) 94M->94M(228M) 114.550ms
[2020-01-29T21:48:57.319+0300][103.221s][info][gc] GC(1084) Pause Young (Allocation Failure) 123M->123M(228M) 119.357ms
[2020-01-29T21:48:57.408+0300][103.309s][info][gc] GC(1085) Pause Young (Allocation Failure) 171M->171M(228M) 74.017ms
[2020-01-29T21:48:57.476+0300][103.377s][info][gc] GC(1086) Pause Full (Ergonomics) 171M->37M(228M) 68.125ms
[2020-01-29T21:48:57.542+0300][103.444s][info][gc] GC(1087) Pause Young (Allocation Failure) 66M->66M(228M) 62.495ms
[2020-01-29T21:48:57.663+0300][103.564s][info][gc] GC(1088) Pause Young (Allocation Failure) 95M->95M(228M) 116.291ms
[2020-01-29T21:48:57.774+0300][103.675s][info][gc] GC(1089) Pause Young (Allocation Failure) 124M->124M(228M) 106.792ms
[2020-01-29T21:48:57.859+0300][103.760s][info][gc] GC(1090) Pause Young (Allocation Failure) 173M->173M(228M) 70.501ms
[2020-01-29T21:48:57.928+0300][103.830s][info][gc] GC(1091) Pause Full (Ergonomics) 173M->39M(228M) 69.734ms
[2020-01-29T21:48:57.998+0300][103.900s][info][gc] GC(1092) Pause Young (Allocation Failure) 68M->68M(228M) 65.126ms
[2020-01-29T21:48:58.123+0300][104.024s][info][gc] GC(1093) Pause Young (Allocation Failure) 97M->97M(228M) 120.007ms
[2020-01-29T21:48:58.252+0300][104.153s][info][gc] GC(1094) Pause Young (Allocation Failure) 126M->126M(228M) 124.606ms
[2020-01-29T21:48:58.336+0300][104.238s][info][gc] GC(1095) Pause Young (Allocation Failure) 174M->174M(228M) 70.228ms
[2020-01-29T21:48:58.412+0300][104.314s][info][gc] GC(1096) Pause Full (Ergonomics) 174M->40M(228M) 75.866ms
[2020-01-29T21:48:58.478+0300][104.380s][info][gc] GC(1097) Pause Young (Allocation Failure) 69M->69M(228M) 62.413ms
[2020-01-29T21:48:58.597+0300][104.498s][info][gc] GC(1098) Pause Young (Allocation Failure) 98M->98M(228M) 115.047ms
[2020-01-29T21:48:58.713+0300][104.614s][info][gc] GC(1099) Pause Young (Allocation Failure) 127M->127M(228M) 112.441ms
[2020-01-29T21:48:58.806+0300][104.708s][info][gc] GC(1100) Pause Young (Allocation Failure) 156M->156M(228M) 80.736ms
[2020-01-29T21:48:58.818+0300][104.720s][info][gc] GC(1101) Pause Full (Ergonomics) 156M->22M(228M) 11.829ms
[2020-01-29T21:48:58.884+0300][104.785s][info][gc] GC(1102) Pause Young (Allocation Failure) 51M->51M(228M) 61.965ms
[2020-01-29T21:48:59.000+0300][104.901s][info][gc] GC(1103) Pause Young (Allocation Failure) 80M->80M(228M) 111.254ms
[2020-01-29T21:48:59.121+0300][105.022s][info][gc] GC(1104) Pause Young (Allocation Failure) 109M->109M(228M) 117.596ms
[2020-01-29T21:48:59.239+0300][105.141s][info][gc] GC(1105) Pause Young (Allocation Failure) 157M->157M(228M) 103.823ms
[2020-01-29T21:48:59.259+0300][105.161s][info][gc] GC(1106) Pause Full (Ergonomics) 157M->23M(228M) 20.009ms
[2020-01-29T21:48:59.324+0300][105.226s][info][gc] GC(1107) Pause Young (Allocation Failure) 52M->52M(228M) 60.714ms
[2020-01-29T21:48:59.439+0300][105.341s][info][gc] GC(1108) Pause Young (Allocation Failure) 81M->81M(228M) 111.418ms
[2020-01-29T21:48:59.560+0300][105.461s][info][gc] GC(1109) Pause Young (Allocation Failure) 110M->110M(228M) 116.819ms
[2020-01-29T21:48:59.684+0300][105.585s][info][gc] GC(1110) Pause Young (Allocation Failure) 158M->159M(228M) 109.703ms
[2020-01-29T21:48:59.709+0300][105.610s][info][gc] GC(1111) Pause Full (Ergonomics) 159M->25M(228M) 24.666ms
[2020-01-29T21:48:59.776+0300][105.678s][info][gc] GC(1112) Pause Young (Allocation Failure) 54M->54M(228M) 64.011ms
[2020-01-29T21:48:59.895+0300][105.796s][info][gc] GC(1113) Pause Young (Allocation Failure) 83M->83M(228M) 114.431ms
[2020-01-29T21:49:00.011+0300][105.913s][info][gc] GC(1114) Pause Young (Allocation Failure) 112M->112M(228M) 113.227ms
[2020-01-29T21:49:00.131+0300][106.032s][info][gc] GC(1115) Pause Young (Allocation Failure) 160M->160M(228M) 104.660ms
[2020-01-29T21:49:00.158+0300][106.060s][info][gc] GC(1116) Pause Full (Ergonomics) 160M->26M(228M) 27.370ms
[2020-01-29T21:49:00.222+0300][106.123s][info][gc] GC(1117) Pause Young (Allocation Failure) 55M->55M(228M) 59.903ms
[2020-01-29T21:49:00.339+0300][106.241s][info][gc] GC(1118) Pause Young (Allocation Failure) 84M->84M(228M) 114.013ms
[2020-01-29T21:49:00.457+0300][106.358s][info][gc] GC(1119) Pause Young (Allocation Failure) 113M->113M(228M) 114.063ms
[2020-01-29T21:49:00.574+0300][106.475s][info][gc] GC(1120) Pause Young (Allocation Failure) 161M->161M(228M) 102.013ms
[2020-01-29T21:49:00.608+0300][106.510s][info][gc] GC(1121) Pause Full (Ergonomics) 161M->27M(228M) 33.982ms
[2020-01-29T21:49:00.676+0300][106.577s][info][gc] GC(1122) Pause Young (Allocation Failure) 56M->56M(228M) 64.190ms
[2020-01-29T21:49:00.796+0300][106.698s][info][gc] GC(1123) Pause Young (Allocation Failure) 85M->85M(228M) 116.660ms
[2020-01-29T21:49:00.909+0300][106.811s][info][gc] GC(1124) Pause Young (Allocation Failure) 114M->114M(228M) 109.438ms
[2020-01-29T21:49:01.018+0300][106.919s][info][gc] GC(1125) Pause Young (Allocation Failure) 162M->162M(228M) 93.002ms
[2020-01-29T21:49:01.054+0300][106.955s][info][gc] GC(1126) Pause Full (Ergonomics) 162M->28M(228M) 35.235ms
[2020-01-29T21:49:01.119+0300][107.020s][info][gc] GC(1127) Pause Young (Allocation Failure) 57M->57M(228M) 62.195ms
[2020-01-29T21:49:01.237+0300][107.138s][info][gc] GC(1128) Pause Young (Allocation Failure) 86M->86M(228M) 114.226ms
[2020-01-29T21:49:01.355+0300][107.256s][info][gc] GC(1129) Pause Young (Allocation Failure) 115M->115M(228M) 114.111ms
[2020-01-29T21:49:01.460+0300][107.361s][info][gc] GC(1130) Pause Young (Allocation Failure) 163M->164M(228M) 90.996ms
[2020-01-29T21:49:01.501+0300][107.402s][info][gc] GC(1131) Pause Full (Ergonomics) 164M->30M(228M) 40.902ms
[2020-01-29T21:49:01.567+0300][107.468s][info][gc] GC(1132) Pause Young (Allocation Failure) 59M->59M(228M) 62.069ms
[2020-01-29T21:49:01.684+0300][107.585s][info][gc] GC(1133) Pause Young (Allocation Failure) 88M->88M(228M) 113.125ms
[2020-01-29T21:49:01.809+0300][107.710s][info][gc] GC(1134) Pause Young (Allocation Failure) 117M->117M(228M) 121.706ms
[2020-01-29T21:49:01.909+0300][107.811s][info][gc] GC(1135) Pause Young (Allocation Failure) 165M->165M(228M) 85.570ms
[2020-01-29T21:49:01.956+0300][107.858s][info][gc] GC(1136) Pause Full (Ergonomics) 165M->31M(228M) 46.851ms
[2020-01-29T21:49:02.018+0300][107.920s][info][gc] GC(1137) Pause Young (Allocation Failure) 60M->60M(228M) 57.581ms
[2020-01-29T21:49:02.138+0300][108.039s][info][gc] GC(1138) Pause Young (Allocation Failure) 89M->89M(228M) 115.602ms
[2020-01-29T21:49:02.257+0300][108.159s][info][gc] GC(1139) Pause Young (Allocation Failure) 118M->118M(228M) 115.895ms
[2020-01-29T21:49:02.355+0300][108.257s][info][gc] GC(1140) Pause Young (Allocation Failure) 166M->166M(228M) 82.989ms
[2020-01-29T21:49:02.405+0300][108.307s][info][gc] GC(1141) Pause Full (Ergonomics) 166M->32M(228M) 49.932ms
[2020-01-29T21:49:02.472+0300][108.374s][info][gc] GC(1142) Pause Young (Allocation Failure) 61M->61M(228M) 63.669ms
[2020-01-29T21:49:02.594+0300][108.496s][info][gc] GC(1143) Pause Young (Allocation Failure) 90M->90M(228M) 118.584ms
[2020-01-29T21:49:02.715+0300][108.616s][info][gc] GC(1144) Pause Young (Allocation Failure) 119M->119M(228M) 116.213ms
[2020-01-29T21:49:02.813+0300][108.715s][info][gc] GC(1145) Pause Young (Allocation Failure) 167M->167M(228M) 83.315ms
[2020-01-29T21:49:02.869+0300][108.770s][info][gc] GC(1146) Pause Full (Ergonomics) 167M->33M(228M) 55.282ms
[2020-01-29T21:49:02.936+0300][108.837s][info][gc] GC(1147) Pause Young (Allocation Failure) 62M->62M(228M) 62.411ms
[2020-01-29T21:49:03.057+0300][108.959s][info][gc] GC(1148) Pause Young (Allocation Failure) 91M->91M(228M) 118.429ms
[2020-01-29T21:49:03.179+0300][109.080s][info][gc] GC(1149) Pause Young (Allocation Failure) 120M->120M(228M) 117.561ms
[2020-01-29T21:49:03.314+0300][109.218s][info][gc] GC(1150) Pause Young (Allocation Failure) 168M->168M(228M) 122.587ms
[2020-01-29T21:49:03.389+0300][109.291s][info][gc] GC(1151) Pause Full (Ergonomics) 168M->34M(228M) 73.499ms
[2020-01-29T21:49:03.454+0300][109.359s][info][gc] GC(1152) Pause Young (Allocation Failure) 63M->63M(228M) 64.242ms
[2020-01-29T21:49:03.574+0300][109.477s][info][gc] GC(1153) Pause Young (Allocation Failure) 92M->93M(228M) 113.826ms
[2020-01-29T21:49:03.699+0300][109.600s][info][gc] GC(1154) Pause Young (Allocation Failure) 122M->122M(228M) 119.729ms
[2020-01-29T21:49:03.789+0300][109.690s][info][gc] GC(1155) Pause Young (Allocation Failure) 170M->170M(228M) 77.477ms
[2020-01-29T21:49:03.849+0300][109.752s][info][gc] GC(1156) Pause Full (Ergonomics) 170M->36M(228M) 61.974ms
[2020-01-29T21:49:03.914+0300][109.816s][info][gc] GC(1157) Pause Young (Allocation Failure) 65M->65M(228M) 59.086ms
[2020-01-29T21:49:04.034+0300][109.935s][info][gc] GC(1158) Pause Young (Allocation Failure) 94M->94M(228M) 115.693ms
[2020-01-29T21:49:04.149+0300][110.053s][info][gc] GC(1159) Pause Young (Allocation Failure) 123M->123M(228M) 114.003ms
[2020-01-29T21:49:04.269+0300][110.170s][info][gc] GC(1160) Pause Young (Allocation Failure) 171M->171M(228M) 97.658ms
[2020-01-29T21:49:04.349+0300][110.251s][info][gc] GC(1161) Pause Full (Ergonomics) 171M->37M(228M) 81.205ms
[2020-01-29T21:49:04.413+0300][110.317s][info][gc] GC(1162) Pause Young (Allocation Failure) 66M->66M(228M) 61.876ms
[2020-01-29T21:49:04.529+0300][110.433s][info][gc] GC(1163) Pause Young (Allocation Failure) 95M->95M(228M) 112.237ms
[2020-01-29T21:49:04.643+0300][110.548s][info][gc] GC(1164) Pause Young (Allocation Failure) 124M->124M(228M) 112.159ms
[2020-01-29T21:49:04.759+0300][110.660s][info][gc] GC(1165) Pause Young (Allocation Failure) 172M->172M(228M) 98.256ms
[2020-01-29T21:49:04.844+0300][110.746s][info][gc] GC(1166) Pause Full (Ergonomics) 172M->38M(228M) 85.903ms
[2020-01-29T21:49:04.909+0300][110.812s][info][gc] GC(1167) Pause Young (Allocation Failure) 67M->67M(228M) 61.632ms
[2020-01-29T21:49:05.023+0300][110.927s][info][gc] GC(1168) Pause Young (Allocation Failure) 96M->96M(228M) 111.534ms
[2020-01-29T21:49:05.143+0300][111.048s][info][gc] GC(1169) Pause Young (Allocation Failure) 125M->125M(228M) 116.440ms
[2020-01-29T21:49:05.239+0300][111.142s][info][gc] GC(1170) Pause Young (Allocation Failure) 173M->173M(228M) 69.614ms
[2020-01-29T21:49:05.313+0300][111.219s][info][gc] GC(1171) Pause Full (Ergonomics) 173M->39M(228M) 76.739ms
[2020-01-29T21:49:05.383+0300][111.287s][info][gc] GC(1172) Pause Young (Allocation Failure) 68M->68M(228M) 64.797ms
[2020-01-29T21:49:05.498+0300][111.404s][info][gc] GC(1173) Pause Young (Allocation Failure) 97M->97M(228M) 112.767ms
[2020-01-29T21:49:05.623+0300][111.528s][info][gc] GC(1174) Pause Young (Allocation Failure) 126M->127M(228M) 120.859ms
[2020-01-29T21:49:05.728+0300][111.634s][info][gc] GC(1175) Pause Young (Allocation Failure) 156M->156M(228M) 79.070ms
[2020-01-29T21:49:05.743+0300][111.645s][info][gc] GC(1176) Pause Full (Ergonomics) 156M->22M(228M) 10.673ms
[2020-01-29T21:49:05.814+0300][111.717s][info][gc] GC(1177) Pause Young (Allocation Failure) 51M->51M(228M) 68.359ms
[2020-01-29T21:49:05.929+0300][111.832s][info][gc] GC(1178) Pause Young (Allocation Failure) 80M->80M(228M) 111.252ms
[2020-01-29T21:49:06.044+0300][111.945s][info][gc] GC(1179) Pause Young (Allocation Failure) 109M->109M(228M) 108.908ms
[2020-01-29T21:49:06.158+0300][112.062s][info][gc] GC(1180) Pause Young (Allocation Failure) 157M->157M(228M) 106.997ms
[2020-01-29T21:49:06.175+0300][112.081s][info][gc] GC(1181) Pause Full (Ergonomics) 157M->23M(228M) 18.034ms
[2020-01-29T21:49:06.244+0300][112.147s][info][gc] GC(1182) Pause Young (Allocation Failure) 52M->52M(228M) 63.113ms
[2020-01-29T21:49:06.369+0300][112.272s][info][gc] GC(1183) Pause Young (Allocation Failure) 81M->81M(228M) 121.102ms
[2020-01-29T21:49:06.489+0300][112.392s][info][gc] GC(1184) Pause Young (Allocation Failure) 110M->110M(228M) 116.586ms
[2020-01-29T21:49:06.609+0300][112.512s][info][gc] GC(1185) Pause Young (Allocation Failure) 158M->158M(228M) 105.831ms
[2020-01-29T21:49:06.629+0300][112.535s][info][gc] GC(1186) Pause Full (Ergonomics) 158M->24M(228M) 22.734ms
[2020-01-29T21:49:06.699+0300][112.604s][info][gc] GC(1187) Pause Young (Allocation Failure) 53M->53M(228M) 65.676ms
[2020-01-29T21:49:06.819+0300][112.722s][info][gc] GC(1188) Pause Young (Allocation Failure) 82M->82M(228M) 114.280ms
[2020-01-29T21:49:06.934+0300][112.837s][info][gc] GC(1189) Pause Young (Allocation Failure) 111M->111M(228M) 111.345ms
[2020-01-29T21:49:07.094+0300][112.995s][info][gc] GC(1190) Pause Young (Allocation Failure) 159M->159M(228M) 128.848ms
[2020-01-29T21:49:07.126+0300][113.027s][info][gc] GC(1191) Pause Full (Ergonomics) 159M->25M(228M) 32.077ms
[2020-01-29T21:49:07.192+0300][113.094s][info][gc] GC(1192) Pause Young (Allocation Failure) 54M->54M(228M) 62.784ms
[2020-01-29T21:49:07.307+0300][113.208s][info][gc] GC(1193) Pause Young (Allocation Failure) 83M->83M(228M) 111.086ms
[2020-01-29T21:49:07.425+0300][113.327s][info][gc] GC(1194) Pause Young (Allocation Failure) 112M->112M(228M) 115.195ms
[2020-01-29T21:49:07.540+0300][113.441s][info][gc] GC(1195) Pause Young (Allocation Failure) 161M->161M(228M) 99.864ms
[2020-01-29T21:49:07.571+0300][113.473s][info][gc] GC(1196) Pause Full (Ergonomics) 161M->27M(228M) 31.187ms
[2020-01-29T21:49:07.637+0300][113.538s][info][gc] GC(1197) Pause Young (Allocation Failure) 56M->56M(228M) 61.944ms
[2020-01-29T21:49:07.752+0300][113.654s][info][gc] GC(1198) Pause Young (Allocation Failure) 85M->85M(228M) 112.299ms
[2020-01-29T21:49:07.870+0300][113.771s][info][gc] GC(1199) Pause Young (Allocation Failure) 114M->114M(228M) 113.699ms
[2020-01-29T21:49:07.987+0300][113.889s][info][gc] GC(1200) Pause Young (Allocation Failure) 162M->162M(228M) 102.779ms
[2020-01-29T21:49:08.020+0300][113.922s][info][gc] GC(1201) Pause Full (Ergonomics) 162M->28M(228M) 32.865ms
[2020-01-29T21:49:08.085+0300][113.986s][info][gc] GC(1202) Pause Young (Allocation Failure) 57M->57M(228M) 60.346ms
[2020-01-29T21:49:08.204+0300][114.105s][info][gc] GC(1203) Pause Young (Allocation Failure) 86M->86M(228M) 114.884ms
[2020-01-29T21:49:08.325+0300][114.226s][info][gc] GC(1204) Pause Young (Allocation Failure) 115M->115M(228M) 117.888ms
[2020-01-29T21:49:08.433+0300][114.334s][info][gc] GC(1205) Pause Young (Allocation Failure) 163M->163M(228M) 92.998ms
[2020-01-29T21:49:08.475+0300][114.376s][info][gc] GC(1206) Pause Full (Ergonomics) 163M->29M(228M) 41.564ms
[2020-01-29T21:49:08.540+0300][114.442s][info][gc] GC(1207) Pause Young (Allocation Failure) 58M->58M(228M) 62.483ms
[2020-01-29T21:49:08.657+0300][114.559s][info][gc] GC(1208) Pause Young (Allocation Failure) 87M->87M(228M) 113.194ms
[2020-01-29T21:49:08.777+0300][114.678s][info][gc] GC(1209) Pause Young (Allocation Failure) 116M->116M(228M) 115.559ms
[2020-01-29T21:49:08.881+0300][114.783s][info][gc] GC(1210) Pause Young (Allocation Failure) 164M->164M(228M) 89.618ms
[2020-01-29T21:49:08.925+0300][114.827s][info][gc] GC(1211) Pause Full (Ergonomics) 164M->30M(228M) 43.934ms
[2020-01-29T21:49:08.993+0300][114.894s][info][gc] GC(1212) Pause Young (Allocation Failure) 59M->59M(228M) 62.819ms
[2020-01-29T21:49:09.109+0300][115.011s][info][gc] GC(1213) Pause Young (Allocation Failure) 88M->88M(228M) 112.826ms
[2020-01-29T21:49:09.229+0300][115.130s][info][gc] GC(1214) Pause Young (Allocation Failure) 117M->117M(228M) 115.810ms
[2020-01-29T21:49:09.329+0300][115.230s][info][gc] GC(1215) Pause Young (Allocation Failure) 165M->166M(228M) 85.086ms
[2020-01-29T21:49:09.376+0300][115.277s][info][gc] GC(1216) Pause Full (Ergonomics) 166M->32M(228M) 47.039ms
[2020-01-29T21:49:09.442+0300][115.344s][info][gc] GC(1217) Pause Young (Allocation Failure) 61M->61M(228M) 63.074ms
[2020-01-29T21:49:09.561+0300][115.462s][info][gc] GC(1218) Pause Young (Allocation Failure) 90M->90M(228M) 114.394ms
[2020-01-29T21:49:09.680+0300][115.581s][info][gc] GC(1219) Pause Young (Allocation Failure) 119M->119M(228M) 115.442ms
[2020-01-29T21:49:09.778+0300][115.679s][info][gc] GC(1220) Pause Young (Allocation Failure) 167M->167M(228M) 83.089ms
[2020-01-29T21:49:09.832+0300][115.734s][info][gc] GC(1221) Pause Full (Ergonomics) 167M->33M(228M) 54.554ms
[2020-01-29T21:49:09.899+0300][115.801s][info][gc] GC(1222) Pause Young (Allocation Failure) 62M->62M(228M) 63.521ms
[2020-01-29T21:49:10.015+0300][115.916s][info][gc] GC(1223) Pause Young (Allocation Failure) 91M->91M(228M) 111.249ms
[2020-01-29T21:49:10.135+0300][116.037s][info][gc] GC(1224) Pause Young (Allocation Failure) 120M->120M(228M) 116.679ms
[2020-01-29T21:49:10.231+0300][116.133s][info][gc] GC(1225) Pause Young (Allocation Failure) 168M->168M(228M) 81.428ms
[2020-01-29T21:49:10.290+0300][116.191s][info][gc] GC(1226) Pause Full (Ergonomics) 168M->34M(228M) 58.685ms
[2020-01-29T21:49:10.354+0300][116.256s][info][gc] GC(1227) Pause Young (Allocation Failure) 63M->63M(228M) 61.302ms
[2020-01-29T21:49:10.472+0300][116.374s][info][gc] GC(1228) Pause Young (Allocation Failure) 92M->92M(228M) 113.920ms
[2020-01-29T21:49:10.590+0300][116.492s][info][gc] GC(1229) Pause Young (Allocation Failure) 121M->121M(228M) 114.336ms
[2020-01-29T21:49:10.684+0300][116.585s][info][gc] GC(1230) Pause Young (Allocation Failure) 169M->169M(228M) 78.387ms
[2020-01-29T21:49:10.749+0300][116.651s][info][gc] GC(1231) Pause Full (Ergonomics) 169M->35M(228M) 66.210ms
[2020-01-29T21:49:10.817+0300][116.719s][info][gc] GC(1232) Pause Young (Allocation Failure) 64M->64M(228M) 63.992ms
[2020-01-29T21:49:10.937+0300][116.839s][info][gc] GC(1233) Pause Young (Allocation Failure) 93M->93M(228M) 116.465ms
[2020-01-29T21:49:11.055+0300][116.956s][info][gc] GC(1234) Pause Young (Allocation Failure) 122M->122M(228M) 112.887ms
[2020-01-29T21:49:11.143+0300][117.048s][info][gc] GC(1235) Pause Young (Allocation Failure) 170M->170M(228M) 78.008ms
[2020-01-29T21:49:11.208+0300][117.113s][info][gc] GC(1236) Pause Full (Ergonomics) 170M->36M(228M) 64.697ms
[2020-01-29T21:49:11.274+0300][117.178s][info][gc] GC(1237) Pause Young (Allocation Failure) 65M->65M(228M) 61.594ms
[2020-01-29T21:49:11.393+0300][117.297s][info][gc] GC(1238) Pause Young (Allocation Failure) 94M->95M(228M) 115.762ms
[2020-01-29T21:49:11.514+0300][117.417s][info][gc] GC(1239) Pause Young (Allocation Failure) 124M->124M(228M) 115.893ms
[2020-01-29T21:49:11.604+0300][117.505s][info][gc] GC(1240) Pause Young (Allocation Failure) 172M->172M(228M) 72.881ms
[2020-01-29T21:49:11.679+0300][117.580s][info][gc] GC(1241) Pause Full (Ergonomics) 172M->38M(228M) 74.849ms
[2020-01-29T21:49:11.738+0300][117.641s][info][gc] GC(1242) Pause Young (Allocation Failure) 67M->67M(228M) 57.020ms
[2020-01-29T21:49:11.854+0300][117.759s][info][gc] GC(1243) Pause Young (Allocation Failure) 96M->96M(228M) 115.076ms
[2020-01-29T21:49:11.979+0300][117.880s][info][gc] GC(1244) Pause Young (Allocation Failure) 125M->125M(228M) 117.557ms
[2020-01-29T21:49:12.063+0300][117.964s][info][gc] GC(1245) Pause Young (Allocation Failure) 173M->173M(228M) 70.583ms
[2020-01-29T21:49:12.134+0300][118.035s][info][gc] GC(1246) Pause Full (Ergonomics) 173M->39M(228M) 71.495ms
[2020-01-29T21:49:12.199+0300][118.100s][info][gc] GC(1247) Pause Young (Allocation Failure) 68M->68M(228M) 61.031ms
[2020-01-29T21:49:12.316+0300][118.218s][info][gc] GC(1248) Pause Young (Allocation Failure) 97M->97M(228M) 114.233ms
[2020-01-29T21:49:12.435+0300][118.336s][info][gc] GC(1249) Pause Young (Allocation Failure) 126M->126M(228M) 114.461ms
[2020-01-29T21:49:12.525+0300][118.427s][info][gc] GC(1250) Pause Young (Allocation Failure) 155M->155M(228M) 78.917ms
[2020-01-29T21:49:12.536+0300][118.437s][info][gc] GC(1251) Pause Full (Ergonomics) 155M->21M(228M) 9.986ms
[2020-01-29T21:49:12.599+0300][118.501s][info][gc] GC(1252) Pause Young (Allocation Failure) 50M->50M(228M) 59.699ms
[2020-01-29T21:49:12.725+0300][118.627s][info][gc] GC(1253) Pause Young (Allocation Failure) 79M->79M(228M) 122.511ms
[2020-01-29T21:49:12.849+0300][118.750s][info][gc] GC(1254) Pause Young (Allocation Failure) 108M->108M(228M) 119.444ms
[2020-01-29T21:49:12.977+0300][118.878s][info][gc] GC(1255) Pause Young (Allocation Failure) 156M->157M(228M) 113.977ms
[2020-01-29T21:49:12.995+0300][118.896s][info][gc] GC(1256) Pause Full (Ergonomics) 157M->23M(228M) 17.768ms
[2020-01-29T21:49:13.056+0300][118.957s][info][gc] GC(1257) Pause Young (Allocation Failure) 52M->51M(228M) 56.969ms
[2020-01-29T21:49:13.171+0300][119.072s][info][gc] GC(1258) Pause Young (Allocation Failure) 80M->80M(228M) 111.481ms
[2020-01-29T21:49:13.290+0300][119.191s][info][gc] GC(1259) Pause Young (Allocation Failure) 109M->110M(228M) 115.239ms
[2020-01-29T21:49:13.428+0300][119.329s][info][gc] GC(1260) Pause Young (Allocation Failure) 158M->158M(228M) 123.147ms
[2020-01-29T21:49:13.454+0300][119.355s][info][gc] GC(1261) Pause Full (Ergonomics) 158M->24M(228M) 25.746ms
[2020-01-29T21:49:13.520+0300][119.421s][info][gc] GC(1262) Pause Young (Allocation Failure) 53M->53M(228M) 62.212ms
[2020-01-29T21:49:13.637+0300][119.539s][info][gc] GC(1263) Pause Young (Allocation Failure) 82M->82M(228M) 113.916ms
[2020-01-29T21:49:13.750+0300][119.651s][info][gc] GC(1264) Pause Young (Allocation Failure) 111M->111M(228M) 108.863ms
[2020-01-29T21:49:13.869+0300][119.770s][info][gc] GC(1265) Pause Young (Allocation Failure) 159M->159M(228M) 103.704ms
[2020-01-29T21:49:13.894+0300][119.795s][info][gc] GC(1266) Pause Full (Ergonomics) 159M->25M(228M) 24.771ms
[2020-01-29T21:49:13.956+0300][119.857s][info][gc] GC(1267) Pause Young (Allocation Failure) 54M->54M(228M) 57.769ms
[2020-01-29T21:49:14.076+0300][119.978s][info][gc] GC(1268) Pause Young (Allocation Failure) 83M->83M(228M) 116.791ms
[2020-01-29T21:49:14.197+0300][120.099s][info][gc] GC(1269) Pause Young (Allocation Failure) 112M->112M(228M) 117.861ms
[2020-01-29T21:49:14.341+0300][120.242s][info][gc] GC(1270) Pause Young (Allocation Failure) 160M->160M(228M) 128.106ms
[2020-01-29T21:49:14.381+0300][120.283s][info][gc] GC(1271) Pause Full (Ergonomics) 160M->26M(228M) 40.701ms
[2020-01-29T21:49:14.446+0300][120.348s][info][gc] GC(1272) Pause Young (Allocation Failure) 55M->55M(228M) 61.636ms
[2020-01-29T21:49:14.562+0300][120.464s][info][gc] GC(1273) Pause Young (Allocation Failure) 84M->84M(228M) 112.394ms
[2020-01-29T21:49:14.675+0300][120.576s][info][gc] GC(1274) Pause Young (Allocation Failure) 113M->113M(228M) 108.993ms
[2020-01-29T21:49:14.791+0300][120.693s][info][gc] GC(1275) Pause Young (Allocation Failure) 161M->161M(228M) 96.701ms
[2020-01-29T21:49:14.824+0300][120.726s][info][gc] GC(1276) Pause Full (Ergonomics) 161M->27M(228M) 33.141ms
[2020-01-29T21:49:14.889+0300][120.791s][info][gc] GC(1277) Pause Young (Allocation Failure) 56M->56M(228M) 61.367ms
[2020-01-29T21:49:15.001+0300][120.902s][info][gc] GC(1278) Pause Young (Allocation Failure) 85M->86M(228M) 107.020ms
[2020-01-29T21:49:15.119+0300][121.021s][info][gc] GC(1279) Pause Young (Allocation Failure) 115M->114M(228M) 115.712ms
[2020-01-29T21:49:15.229+0300][121.131s][info][gc] GC(1280) Pause Young (Allocation Failure) 163M->163M(228M) 95.029ms
[2020-01-29T21:49:15.271+0300][121.172s][info][gc] GC(1281) Pause Full (Ergonomics) 163M->29M(228M) 41.130ms
[2020-01-29T21:49:15.335+0300][121.236s][info][gc] GC(1282) Pause Young (Allocation Failure) 58M->58M(228M) 60.084ms
[2020-01-29T21:49:15.449+0300][121.350s][info][gc] GC(1283) Pause Young (Allocation Failure) 87M->87M(228M) 109.874ms
[2020-01-29T21:49:15.569+0300][121.470s][info][gc] GC(1284) Pause Young (Allocation Failure) 116M->116M(228M) 116.552ms
[2020-01-29T21:49:15.677+0300][121.579s][info][gc] GC(1285) Pause Young (Allocation Failure) 164M->164M(228M) 93.807ms
[2020-01-29T21:49:15.719+0300][121.621s][info][gc] GC(1286) Pause Full (Ergonomics) 164M->30M(228M) 42.154ms
[2020-01-29T21:49:15.786+0300][121.688s][info][gc] GC(1287) Pause Young (Allocation Failure) 59M->59M(228M) 62.950ms
[2020-01-29T21:49:15.905+0300][121.807s][info][gc] GC(1288) Pause Young (Allocation Failure) 88M->88M(228M) 115.366ms
[2020-01-29T21:49:16.022+0300][121.923s][info][gc] GC(1289) Pause Young (Allocation Failure) 117M->117M(228M) 112.763ms
[2020-01-29T21:49:16.127+0300][122.028s][info][gc] GC(1290) Pause Young (Allocation Failure) 165M->165M(228M) 89.076ms
[2020-01-29T21:49:16.180+0300][122.081s][info][gc] GC(1291) Pause Full (Ergonomics) 165M->31M(228M) 53.274ms
[2020-01-29T21:49:16.245+0300][122.147s][info][gc] GC(1292) Pause Young (Allocation Failure) 60M->60M(228M) 62.077ms
[2020-01-29T21:49:16.364+0300][122.265s][info][gc] GC(1293) Pause Young (Allocation Failure) 89M->89M(228M) 114.513ms
[2020-01-29T21:49:16.479+0300][122.380s][info][gc] GC(1294) Pause Young (Allocation Failure) 118M->118M(228M) 111.625ms
[2020-01-29T21:49:16.613+0300][122.515s][info][gc] GC(1295) Pause Young (Allocation Failure) 166M->166M(228M) 120.051ms
[2020-01-29T21:49:16.678+0300][122.579s][info][gc] GC(1296) Pause Full (Ergonomics) 166M->32M(228M) 64.063ms
[2020-01-29T21:49:16.746+0300][122.647s][info][gc] GC(1297) Pause Young (Allocation Failure) 61M->61M(228M) 64.674ms
[2020-01-29T21:49:16.869+0300][122.770s][info][gc] GC(1298) Pause Young (Allocation Failure) 90M->90M(228M) 119.404ms
[2020-01-29T21:49:16.987+0300][122.888s][info][gc] GC(1299) Pause Young (Allocation Failure) 119M->120M(228M) 114.474ms
[2020-01-29T21:49:17.124+0300][123.025s][info][gc] GC(1300) Pause Young (Allocation Failure) 168M->168M(228M) 120.560ms
[2020-01-29T21:49:17.199+0300][123.100s][info][gc] GC(1301) Pause Full (Ergonomics) 168M->34M(228M) 75.429ms
[2020-01-29T21:49:17.265+0300][123.166s][info][gc] GC(1302) Pause Young (Allocation Failure) 63M->63M(228M) 62.062ms
[2020-01-29T21:49:17.381+0300][123.283s][info][gc] GC(1303) Pause Young (Allocation Failure) 92M->92M(228M) 113.353ms
[2020-01-29T21:49:17.504+0300][123.406s][info][gc] GC(1304) Pause Young (Allocation Failure) 121M->121M(228M) 119.259ms
[2020-01-29T21:49:17.598+0300][123.499s][info][gc] GC(1305) Pause Young (Allocation Failure) 169M->169M(228M) 78.579ms
[2020-01-29T21:49:17.657+0300][123.558s][info][gc] GC(1306) Pause Full (Ergonomics) 169M->35M(228M) 59.272ms
[2020-01-29T21:49:17.721+0300][123.623s][info][gc] GC(1307) Pause Young (Allocation Failure) 64M->64M(228M) 60.845ms
[2020-01-29T21:49:17.843+0300][123.744s][info][gc] GC(1308) Pause Young (Allocation Failure) 93M->93M(228M) 117.776ms
[2020-01-29T21:49:17.961+0300][123.863s][info][gc] GC(1309) Pause Young (Allocation Failure) 122M->122M(228M) 114.904ms
[2020-01-29T21:49:18.098+0300][124.000s][info][gc] GC(1310) Pause Young (Allocation Failure) 170M->170M(228M) 121.405ms
[2020-01-29T21:49:18.182+0300][124.083s][info][gc] GC(1311) Pause Full (Ergonomics) 170M->36M(228M) 83.143ms
[2020-01-29T21:49:18.246+0300][124.148s][info][gc] GC(1312) Pause Young (Allocation Failure) 65M->65M(228M) 60.872ms
[2020-01-29T21:49:18.363+0300][124.265s][info][gc] GC(1313) Pause Young (Allocation Failure) 94M->94M(228M) 113.785ms
[2020-01-29T21:49:18.483+0300][124.385s][info][gc] GC(1314) Pause Young (Allocation Failure) 123M->123M(228M) 116.044ms
[2020-01-29T21:49:18.573+0300][124.474s][info][gc] GC(1315) Pause Young (Allocation Failure) 171M->171M(228M) 74.781ms
[2020-01-29T21:49:18.641+0300][124.542s][info][gc] GC(1316) Pause Full (Ergonomics) 171M->37M(228M) 67.789ms
[2020-01-29T21:49:18.709+0300][124.611s][info][gc] GC(1317) Pause Young (Allocation Failure) 66M->66M(228M) 65.250ms
[2020-01-29T21:49:18.830+0300][124.731s][info][gc] GC(1318) Pause Young (Allocation Failure) 95M->95M(228M) 116.397ms
[2020-01-29T21:49:18.943+0300][124.845s][info][gc] GC(1319) Pause Young (Allocation Failure) 124M->124M(228M) 110.485ms
[2020-01-29T21:49:19.029+0300][124.930s][info][gc] GC(1320) Pause Young (Allocation Failure) 173M->173M(228M) 69.921ms
[2020-01-29T21:49:19.099+0300][125.000s][info][gc] GC(1321) Pause Full (Ergonomics) 173M->39M(228M) 69.570ms
[2020-01-29T21:49:19.165+0300][125.066s][info][gc] GC(1322) Pause Young (Allocation Failure) 68M->68M(228M) 62.242ms
[2020-01-29T21:49:19.283+0300][125.184s][info][gc] GC(1323) Pause Young (Allocation Failure) 97M->97M(228M) 114.876ms
[2020-01-29T21:49:19.398+0300][125.300s][info][gc] GC(1324) Pause Young (Allocation Failure) 126M->126M(228M) 112.052ms
[2020-01-29T21:49:19.483+0300][125.384s][info][gc] GC(1325) Pause Young (Allocation Failure) 174M->174M(228M) 70.040ms
[2020-01-29T21:49:19.561+0300][125.463s][info][gc] GC(1326) Pause Full (Ergonomics) 174M->40M(228M) 78.238ms
[2020-01-29T21:49:19.627+0300][125.529s][info][gc] GC(1327) Pause Young (Allocation Failure) 69M->69M(228M) 62.320ms
[2020-01-29T21:49:19.746+0300][125.647s][info][gc] GC(1328) Pause Young (Allocation Failure) 98M->98M(228M) 114.793ms
[2020-01-29T21:49:19.860+0300][125.762s][info][gc] GC(1329) Pause Young (Allocation Failure) 127M->127M(228M) 111.438ms
[2020-01-29T21:49:19.952+0300][125.853s][info][gc] GC(1330) Pause Young (Allocation Failure) 156M->156M(228M) 79.125ms
[2020-01-29T21:49:19.963+0300][125.865s][info][gc] GC(1331) Pause Full (Ergonomics) 156M->22M(228M) 11.670ms
[2020-01-29T21:49:20.029+0300][125.930s][info][gc] GC(1332) Pause Young (Allocation Failure) 51M->51M(228M) 60.582ms
[2020-01-29T21:49:20.149+0300][126.051s][info][gc] GC(1333) Pause Young (Allocation Failure) 80M->80M(228M) 117.372ms
[2020-01-29T21:49:20.269+0300][126.171s][info][gc] GC(1334) Pause Young (Allocation Failure) 109M->109M(228M) 116.544ms
[2020-01-29T21:49:20.394+0300][126.295s][info][gc] GC(1335) Pause Young (Allocation Failure) 157M->157M(228M) 104.661ms
[2020-01-29T21:49:20.409+0300][126.314s][info][gc] GC(1336) Pause Full (Ergonomics) 157M->23M(228M) 19.008ms
[2020-01-29T21:49:20.474+0300][126.378s][info][gc] GC(1337) Pause Young (Allocation Failure) 52M->52M(228M) 59.559ms
[2020-01-29T21:49:20.589+0300][126.493s][info][gc] GC(1338) Pause Young (Allocation Failure) 81M->81M(228M) 111.588ms
[2020-01-29T21:49:20.709+0300][126.612s][info][gc] GC(1339) Pause Young (Allocation Failure) 110M->110M(228M) 115.207ms
[2020-01-29T21:49:20.829+0300][126.735s][info][gc] GC(1340) Pause Young (Allocation Failure) 158M->159M(228M) 103.967ms
[2020-01-29T21:49:20.854+0300][126.757s][info][gc] GC(1341) Pause Full (Ergonomics) 159M->25M(228M) 22.138ms
[2020-01-29T21:49:20.919+0300][126.821s][info][gc] GC(1342) Pause Young (Allocation Failure) 54M->54M(228M) 60.703ms
[2020-01-29T21:49:21.029+0300][126.932s][info][gc] GC(1343) Pause Young (Allocation Failure) 83M->83M(228M) 106.227ms
[2020-01-29T21:49:21.149+0300][127.051s][info][gc] GC(1344) Pause Young (Allocation Failure) 112M->112M(228M) 115.020ms
[2020-01-29T21:49:21.269+0300][127.172s][info][gc] GC(1345) Pause Young (Allocation Failure) 160M->160M(228M) 100.694ms
[2020-01-29T21:49:21.293+0300][127.197s][info][gc] GC(1346) Pause Full (Ergonomics) 160M->26M(228M) 25.742ms
[2020-01-29T21:49:21.361+0300][127.262s][info][gc] GC(1347) Pause Young (Allocation Failure) 55M->55M(228M) 61.071ms
[2020-01-29T21:49:21.474+0300][127.378s][info][gc] GC(1348) Pause Young (Allocation Failure) 84M->84M(228M) 112.371ms
[2020-01-29T21:49:21.593+0300][127.496s][info][gc] GC(1349) Pause Young (Allocation Failure) 113M->113M(228M) 114.316ms
[2020-01-29T21:49:21.709+0300][127.613s][info][gc] GC(1350) Pause Young (Allocation Failure) 161M->161M(228M) 96.779ms
[2020-01-29T21:49:21.744+0300][127.645s][info][gc] GC(1351) Pause Full (Ergonomics) 161M->27M(228M) 32.548ms
[2020-01-29T21:49:21.809+0300][127.710s][info][gc] GC(1352) Pause Young (Allocation Failure) 56M->56M(228M) 61.073ms
[2020-01-29T21:49:21.924+0300][127.827s][info][gc] GC(1353) Pause Young (Allocation Failure) 85M->85M(228M) 113.225ms
[2020-01-29T21:49:22.039+0300][127.944s][info][gc] GC(1354) Pause Young (Allocation Failure) 114M->114M(228M) 112.620ms
[2020-01-29T21:49:22.154+0300][128.059s][info][gc] GC(1355) Pause Young (Allocation Failure) 162M->162M(228M) 102.450ms
[2020-01-29T21:49:22.193+0300][128.096s][info][gc] GC(1356) Pause Full (Ergonomics) 162M->28M(228M) 36.840ms
[2020-01-29T21:49:22.259+0300][128.161s][info][gc] GC(1357) Pause Young (Allocation Failure) 57M->57M(228M) 62.291ms
[2020-01-29T21:49:22.373+0300][128.279s][info][gc] GC(1358) Pause Young (Allocation Failure) 86M->86M(228M) 113.433ms
[2020-01-29T21:49:22.496+0300][128.398s][info][gc] GC(1359) Pause Young (Allocation Failure) 115M->115M(228M) 115.953ms
[2020-01-29T21:49:22.617+0300][128.518s][info][gc] GC(1360) Pause Young (Allocation Failure) 163M->164M(228M) 91.333ms
[2020-01-29T21:49:22.654+0300][128.558s][info][gc] GC(1361) Pause Full (Ergonomics) 164M->30M(228M) 40.298ms
[2020-01-29T21:49:22.717+0300][128.621s][info][gc] GC(1362) Pause Young (Allocation Failure) 59M->59M(228M) 58.689ms
[2020-01-29T21:49:22.834+0300][128.739s][info][gc] GC(1363) Pause Young (Allocation Failure) 88M->88M(228M) 114.980ms
[2020-01-29T21:49:22.964+0300][128.866s][info][gc] GC(1364) Pause Young (Allocation Failure) 117M->117M(228M) 122.900ms
[2020-01-29T21:49:23.069+0300][128.975s][info][gc] GC(1365) Pause Young (Allocation Failure) 165M->165M(228M) 87.899ms
[2020-01-29T21:49:23.118+0300][129.020s][info][gc] GC(1366) Pause Full (Ergonomics) 165M->31M(228M) 44.903ms
[2020-01-29T21:49:23.184+0300][129.085s][info][gc] GC(1367) Pause Young (Allocation Failure) 60M->60M(228M) 61.563ms
[2020-01-29T21:49:23.304+0300][129.206s][info][gc] GC(1368) Pause Young (Allocation Failure) 89M->89M(228M) 117.843ms
[2020-01-29T21:49:23.422+0300][129.323s][info][gc] GC(1369) Pause Young (Allocation Failure) 118M->118M(228M) 113.363ms
[2020-01-29T21:49:23.522+0300][129.423s][info][gc] GC(1370) Pause Young (Allocation Failure) 166M->166M(228M) 84.898ms
[2020-01-29T21:49:23.575+0300][129.476s][info][gc] GC(1371) Pause Full (Ergonomics) 166M->32M(228M) 52.681ms
[2020-01-29T21:49:23.641+0300][129.542s][info][gc] GC(1372) Pause Young (Allocation Failure) 61M->61M(228M) 63.020ms
[2020-01-29T21:49:23.759+0300][129.660s][info][gc] GC(1373) Pause Young (Allocation Failure) 90M->90M(228M) 114.503ms
[2020-01-29T21:49:23.874+0300][129.775s][info][gc] GC(1374) Pause Young (Allocation Failure) 119M->119M(228M) 110.947ms
[2020-01-29T21:49:23.972+0300][129.873s][info][gc] GC(1375) Pause Young (Allocation Failure) 167M->167M(228M) 83.108ms
[2020-01-29T21:49:24.026+0300][129.927s][info][gc] GC(1376) Pause Full (Ergonomics) 167M->33M(228M) 54.149ms
[2020-01-29T21:49:24.090+0300][129.991s][info][gc] GC(1377) Pause Young (Allocation Failure) 62M->62M(228M) 57.598ms
[2020-01-29T21:49:24.207+0300][130.108s][info][gc] GC(1378) Pause Young (Allocation Failure) 91M->91M(228M) 112.799ms
[2020-01-29T21:49:24.325+0300][130.226s][info][gc] GC(1379) Pause Young (Allocation Failure) 120M->120M(228M) 114.328ms
[2020-01-29T21:49:24.463+0300][130.364s][info][gc] GC(1380) Pause Young (Allocation Failure) 168M->168M(228M) 123.982ms
[2020-01-29T21:49:24.541+0300][130.442s][info][gc] GC(1381) Pause Full (Ergonomics) 168M->34M(228M) 77.547ms
[2020-01-29T21:49:24.606+0300][130.508s][info][gc] GC(1382) Pause Young (Allocation Failure) 63M->63M(228M) 62.716ms
[2020-01-29T21:49:24.722+0300][130.623s][info][gc] GC(1383) Pause Young (Allocation Failure) 92M->93M(228M) 111.518ms
[2020-01-29T21:49:24.843+0300][130.745s][info][gc] GC(1384) Pause Young (Allocation Failure) 122M->122M(228M) 118.137ms
[2020-01-29T21:49:24.936+0300][130.837s][info][gc] GC(1385) Pause Young (Allocation Failure) 170M->170M(228M) 76.998ms
[2020-01-29T21:49:25.003+0300][130.905s][info][gc] GC(1386) Pause Full (Ergonomics) 170M->36M(228M) 67.845ms
[2020-01-29T21:49:25.065+0300][130.967s][info][gc] GC(1387) Pause Young (Allocation Failure) 65M->65M(228M) 58.047ms
[2020-01-29T21:49:25.185+0300][131.087s][info][gc] GC(1388) Pause Young (Allocation Failure) 94M->94M(228M) 115.665ms
[2020-01-29T21:49:25.304+0300][131.205s][info][gc] GC(1389) Pause Young (Allocation Failure) 123M->123M(228M) 114.330ms
[2020-01-29T21:49:25.393+0300][131.294s][info][gc] GC(1390) Pause Young (Allocation Failure) 171M->171M(228M) 75.184ms
[2020-01-29T21:49:25.462+0300][131.364s][info][gc] GC(1391) Pause Full (Ergonomics) 171M->37M(228M) 69.617ms
[2020-01-29T21:49:25.526+0300][131.428s][info][gc] GC(1392) Pause Young (Allocation Failure) 66M->66M(228M) 60.177ms
[2020-01-29T21:49:25.644+0300][131.546s][info][gc] GC(1393) Pause Young (Allocation Failure) 95M->95M(228M) 114.185ms
[2020-01-29T21:49:25.765+0300][131.667s][info][gc] GC(1394) Pause Young (Allocation Failure) 124M->124M(228M) 118.070ms
[2020-01-29T21:49:25.855+0300][131.756s][info][gc] GC(1395) Pause Young (Allocation Failure) 172M->172M(228M) 73.880ms
[2020-01-29T21:49:25.926+0300][131.828s][info][gc] GC(1396) Pause Full (Ergonomics) 172M->38M(228M) 71.633ms
[2020-01-29T21:49:25.986+0300][131.888s][info][gc] GC(1397) Pause Young (Allocation Failure) 67M->67M(228M) 56.655ms
[2020-01-29T21:49:26.103+0300][132.004s][info][gc] GC(1398) Pause Young (Allocation Failure) 96M->96M(228M) 112.435ms
[2020-01-29T21:49:26.223+0300][132.124s][info][gc] GC(1399) Pause Young (Allocation Failure) 125M->125M(228M) 115.873ms
[2020-01-29T21:49:26.363+0300][132.264s][info][gc] GC(1400) Pause Young (Allocation Failure) 173M->173M(228M) 125.811ms
[2020-01-29T21:49:26.455+0300][132.356s][info][gc] GC(1401) Pause Full (Ergonomics) 173M->39M(228M) 91.904ms
[2020-01-29T21:49:26.522+0300][132.424s][info][gc] GC(1402) Pause Young (Allocation Failure) 68M->68M(228M) 64.161ms
[2020-01-29T21:49:26.649+0300][132.550s][info][gc] GC(1403) Pause Young (Allocation Failure) 97M->98M(228M) 121.633ms
[2020-01-29T21:49:26.769+0300][132.671s][info][gc] GC(1404) Pause Young (Allocation Failure) 127M->127M(228M) 117.214ms
[2020-01-29T21:49:26.861+0300][132.762s][info][gc] GC(1405) Pause Young (Allocation Failure) 156M->156M(228M) 79.415ms
[2020-01-29T21:49:26.872+0300][132.774s][info][gc] GC(1406) Pause Full (Ergonomics) 156M->22M(228M) 11.189ms
[2020-01-29T21:49:26.938+0300][132.840s][info][gc] GC(1407) Pause Young (Allocation Failure) 51M->51M(228M) 62.410ms
[2020-01-29T21:49:27.053+0300][132.955s][info][gc] GC(1408) Pause Young (Allocation Failure) 80M->80M(228M) 111.192ms
[2020-01-29T21:49:27.168+0300][133.071s][info][gc] GC(1409) Pause Young (Allocation Failure) 109M->109M(228M) 111.903ms
[2020-01-29T21:49:27.289+0300][133.194s][info][gc] GC(1410) Pause Young (Allocation Failure) 157M->157M(228M) 103.830ms
[2020-01-29T21:49:27.309+0300][133.213s][info][gc] GC(1411) Pause Full (Ergonomics) 157M->23M(228M) 18.537ms
[2020-01-29T21:49:27.373+0300][133.276s][info][gc] GC(1412) Pause Young (Allocation Failure) 52M->52M(228M) 59.829ms
[2020-01-29T21:49:27.494+0300][133.399s][info][gc] GC(1413) Pause Young (Allocation Failure) 81M->81M(228M) 118.765ms
[2020-01-29T21:49:27.608+0300][133.512s][info][gc] GC(1414) Pause Young (Allocation Failure) 110M->110M(228M) 109.794ms
[2020-01-29T21:49:27.738+0300][133.641s][info][gc] GC(1415) Pause Young (Allocation Failure) 158M->158M(228M) 105.584ms
[2020-01-29T21:49:27.758+0300][133.663s][info][gc] GC(1416) Pause Full (Ergonomics) 158M->24M(228M) 21.381ms
[2020-01-29T21:49:27.824+0300][133.728s][info][gc] GC(1417) Pause Young (Allocation Failure) 53M->53M(228M) 62.138ms
[2020-01-29T21:49:27.944+0300][133.846s][info][gc] GC(1418) Pause Young (Allocation Failure) 82M->82M(228M) 113.952ms
[2020-01-29T21:49:28.059+0300][133.963s][info][gc] GC(1419) Pause Young (Allocation Failure) 111M->111M(228M) 112.628ms
[2020-01-29T21:49:28.177+0300][134.079s][info][gc] GC(1420) Pause Young (Allocation Failure) 159M->159M(228M) 102.637ms
[2020-01-29T21:49:28.205+0300][134.106s][info][gc] GC(1421) Pause Full (Ergonomics) 159M->25M(228M) 27.468ms
[2020-01-29T21:49:28.266+0300][134.168s][info][gc] GC(1422) Pause Young (Allocation Failure) 54M->54M(228M) 57.827ms
[2020-01-29T21:49:28.383+0300][134.284s][info][gc] GC(1423) Pause Young (Allocation Failure) 83M->83M(228M) 112.644ms
[2020-01-29T21:49:28.504+0300][134.406s][info][gc] GC(1424) Pause Young (Allocation Failure) 112M->112M(228M) 118.574ms
[2020-01-29T21:49:28.617+0300][134.519s][info][gc] GC(1425) Pause Young (Allocation Failure) 161M->161M(228M) 98.254ms
[2020-01-29T21:49:28.647+0300][134.549s][info][gc] GC(1426) Pause Full (Ergonomics) 161M->27M(228M) 29.784ms
[2020-01-29T21:49:28.712+0300][134.613s][info][gc] GC(1427) Pause Young (Allocation Failure) 56M->56M(228M) 60.614ms
[2020-01-29T21:49:28.833+0300][134.734s][info][gc] GC(1428) Pause Young (Allocation Failure) 85M->85M(228M) 117.551ms
[2020-01-29T21:49:28.952+0300][134.853s][info][gc] GC(1429) Pause Young (Allocation Failure) 114M->114M(228M) 115.872ms
[2020-01-29T21:49:29.091+0300][134.993s][info][gc] GC(1430) Pause Young (Allocation Failure) 162M->162M(228M) 124.154ms
[2020-01-29T21:49:29.138+0300][135.040s][info][gc] GC(1431) Pause Full (Ergonomics) 162M->28M(228M) 47.071ms
[2020-01-29T21:49:29.204+0300][135.106s][info][gc] GC(1432) Pause Young (Allocation Failure) 57M->57M(228M) 62.595ms
[2020-01-29T21:49:29.323+0300][135.224s][info][gc] GC(1433) Pause Young (Allocation Failure) 86M->86M(228M) 114.181ms
[2020-01-29T21:49:29.447+0300][135.348s][info][gc] GC(1434) Pause Young (Allocation Failure) 115M->115M(228M) 120.668ms
[2020-01-29T21:49:29.557+0300][135.458s][info][gc] GC(1435) Pause Young (Allocation Failure) 163M->163M(228M) 95.196ms
[2020-01-29T21:49:29.596+0300][135.497s][info][gc] GC(1436) Pause Full (Ergonomics) 163M->29M(228M) 39.170ms
[2020-01-29T21:49:29.662+0300][135.563s][info][gc] GC(1437) Pause Young (Allocation Failure) 58M->58M(228M) 62.398ms
[2020-01-29T21:49:29.783+0300][135.685s][info][gc] GC(1438) Pause Young (Allocation Failure) 87M->87M(228M) 118.406ms
[2020-01-29T21:49:29.899+0300][135.801s][info][gc] GC(1439) Pause Young (Allocation Failure) 116M->116M(228M) 111.920ms
[2020-01-29T21:49:30.041+0300][135.942s][info][gc] GC(1440) Pause Young (Allocation Failure) 164M->164M(228M) 125.911ms
[2020-01-29T21:49:30.096+0300][135.998s][info][gc] GC(1441) Pause Full (Ergonomics) 164M->30M(228M) 55.832ms
[2020-01-29T21:49:30.158+0300][136.060s][info][gc] GC(1442) Pause Young (Allocation Failure) 59M->59M(228M) 56.532ms
[2020-01-29T21:49:30.275+0300][136.177s][info][gc] GC(1443) Pause Young (Allocation Failure) 88M->88M(228M) 113.439ms
[2020-01-29T21:49:30.395+0300][136.296s][info][gc] GC(1444) Pause Young (Allocation Failure) 117M->117M(228M) 115.954ms
[2020-01-29T21:49:30.498+0300][136.400s][info][gc] GC(1445) Pause Young (Allocation Failure) 166M->166M(228M) 88.644ms
[2020-01-29T21:49:30.551+0300][136.452s][info][gc] GC(1446) Pause Full (Ergonomics) 166M->32M(228M) 52.228ms
[2020-01-29T21:49:30.618+0300][136.519s][info][gc] GC(1447) Pause Young (Allocation Failure) 61M->61M(228M) 63.019ms
[2020-01-29T21:49:30.723+0300][136.624s][info][gc] GC(1448) Pause Young (Allocation Failure) 90M->90M(228M) 102.126ms
[2020-01-29T21:49:30.838+0300][136.740s][info][gc] GC(1449) Pause Young (Allocation Failure) 119M->119M(228M) 111.804ms
[2020-01-29T21:49:30.976+0300][136.877s][info][gc] GC(1450) Pause Young (Allocation Failure) 167M->167M(228M) 122.023ms
[2020-01-29T21:49:31.044+0300][136.946s][info][gc] GC(1451) Pause Full (Ergonomics) 167M->33M(228M) 69.528ms
[2020-01-29T21:49:31.108+0300][137.010s][info][gc] GC(1452) Pause Young (Allocation Failure) 62M->62M(228M) 55.937ms
[2020-01-29T21:49:31.224+0300][137.126s][info][gc] GC(1453) Pause Young (Allocation Failure) 91M->91M(228M) 112.444ms
[2020-01-29T21:49:31.340+0300][137.241s][info][gc] GC(1454) Pause Young (Allocation Failure) 120M->120M(228M) 111.767ms
[2020-01-29T21:49:31.434+0300][137.336s][info][gc] GC(1455) Pause Young (Allocation Failure) 168M->168M(228M) 80.059ms
[2020-01-29T21:49:31.495+0300][137.397s][info][gc] GC(1456) Pause Full (Ergonomics) 168M->34M(228M) 60.726ms
[2020-01-29T21:49:31.561+0300][137.463s][info][gc] GC(1457) Pause Young (Allocation Failure) 63M->63M(228M) 62.105ms
[2020-01-29T21:49:31.682+0300][137.583s][info][gc] GC(1458) Pause Young (Allocation Failure) 92M->92M(228M) 116.864ms
[2020-01-29T21:49:31.801+0300][137.703s][info][gc] GC(1459) Pause Young (Allocation Failure) 121M->121M(228M) 116.176ms
[2020-01-29T21:49:31.938+0300][137.839s][info][gc] GC(1460) Pause Young (Allocation Failure) 169M->169M(228M) 121.515ms
[2020-01-29T21:49:32.012+0300][137.914s][info][gc] GC(1461) Pause Full (Ergonomics) 169M->35M(228M) 74.960ms
[2020-01-29T21:49:32.074+0300][137.975s][info][gc] GC(1462) Pause Young (Allocation Failure) 64M->64M(228M) 57.237ms
[2020-01-29T21:49:32.192+0300][138.093s][info][gc] GC(1463) Pause Young (Allocation Failure) 93M->93M(228M) 114.096ms
[2020-01-29T21:49:32.308+0300][138.209s][info][gc] GC(1464) Pause Young (Allocation Failure) 122M->122M(228M) 112.579ms
[2020-01-29T21:49:32.398+0300][138.300s][info][gc] GC(1465) Pause Young (Allocation Failure) 170M->171M(228M) 76.286ms
[2020-01-29T21:49:32.469+0300][138.370s][info][gc] GC(1466) Pause Full (Ergonomics) 171M->37M(228M) 70.053ms
[2020-01-29T21:49:32.531+0300][138.432s][info][gc] GC(1467) Pause Young (Allocation Failure) 66M->66M(228M) 58.761ms
[2020-01-29T21:49:32.635+0300][138.537s][info][gc] GC(1468) Pause Young (Allocation Failure) 95M->95M(228M) 100.823ms
[2020-01-29T21:49:32.755+0300][138.656s][info][gc] GC(1469) Pause Young (Allocation Failure) 124M->124M(228M) 115.565ms
[2020-01-29T21:49:32.843+0300][138.744s][info][gc] GC(1470) Pause Young (Allocation Failure) 172M->172M(228M) 73.591ms
[2020-01-29T21:49:32.914+0300][138.816s][info][gc] GC(1471) Pause Full (Ergonomics) 172M->38M(228M) 71.747ms
[2020-01-29T21:49:32.982+0300][138.884s][info][gc] GC(1472) Pause Young (Allocation Failure) 67M->67M(228M) 64.197ms
[2020-01-29T21:49:33.097+0300][138.998s][info][gc] GC(1473) Pause Young (Allocation Failure) 96M->96M(228M) 109.992ms
[2020-01-29T21:49:33.216+0300][139.117s][info][gc] GC(1474) Pause Young (Allocation Failure) 125M->125M(228M) 115.388ms
[2020-01-29T21:49:33.303+0300][139.204s][info][gc] GC(1475) Pause Young (Allocation Failure) 173M->173M(228M) 72.986ms
[2020-01-29T21:49:33.378+0300][139.279s][info][gc] GC(1476) Pause Full (Ergonomics) 173M->39M(228M) 74.855ms
[2020-01-29T21:49:33.446+0300][139.347s][info][gc] GC(1477) Pause Young (Allocation Failure) 68M->68M(228M) 64.546ms
[2020-01-29T21:49:33.565+0300][139.467s][info][gc] GC(1478) Pause Young (Allocation Failure) 97M->97M(228M) 115.555ms
[2020-01-29T21:49:33.680+0300][139.581s][info][gc] GC(1479) Pause Young (Allocation Failure) 126M->126M(228M) 111.318ms
[2020-01-29T21:49:33.772+0300][139.674s][info][gc] GC(1480) Pause Young (Allocation Failure) 155M->155M(228M) 79.623ms
[2020-01-29T21:49:33.782+0300][139.684s][info][gc] GC(1481) Pause Full (Ergonomics) 155M->21M(228M) 10.038ms
[2020-01-29T21:49:33.848+0300][139.749s][info][gc] GC(1482) Pause Young (Allocation Failure) 50M->50M(228M) 61.914ms
[2020-01-29T21:49:33.963+0300][139.864s][info][gc] GC(1483) Pause Young (Allocation Failure) 79M->79M(228M) 111.261ms
[2020-01-29T21:49:34.077+0300][139.979s][info][gc] GC(1484) Pause Young (Allocation Failure) 108M->108M(228M) 110.370ms
[2020-01-29T21:49:34.218+0300][140.119s][info][gc] GC(1485) Pause Young (Allocation Failure) 156M->156M(228M) 125.014ms
[2020-01-29T21:49:34.237+0300][140.138s][info][gc] GC(1486) Pause Full (Ergonomics) 156M->22M(228M) 18.730ms
[2020-01-29T21:49:34.303+0300][140.204s][info][gc] GC(1487) Pause Young (Allocation Failure) 51M->51M(228M) 62.308ms
[2020-01-29T21:49:34.421+0300][140.322s][info][gc] GC(1488) Pause Young (Allocation Failure) 80M->81M(228M) 114.974ms
[2020-01-29T21:49:34.534+0300][140.436s][info][gc] GC(1489) Pause Young (Allocation Failure) 110M->110M(228M) 109.582ms
[2020-01-29T21:49:34.658+0300][140.559s][info][gc] GC(1490) Pause Young (Allocation Failure) 158M->158M(228M) 108.039ms
[2020-01-29T21:49:34.679+0300][140.580s][info][gc] GC(1491) Pause Full (Ergonomics) 158M->24M(228M) 20.917ms
[2020-01-29T21:49:34.743+0300][140.644s][info][gc] GC(1492) Pause Young (Allocation Failure) 53M->53M(228M) 60.747ms
[2020-01-29T21:49:34.861+0300][140.762s][info][gc] GC(1493) Pause Young (Allocation Failure) 82M->82M(228M) 114.390ms
[2020-01-29T21:49:34.979+0300][140.881s][info][gc] GC(1494) Pause Young (Allocation Failure) 111M->111M(228M) 115.018ms
[2020-01-29T21:49:35.103+0300][141.004s][info][gc] GC(1495) Pause Young (Allocation Failure) 159M->159M(228M) 107.577ms
[2020-01-29T21:49:35.124+0300][141.026s][info][gc] GC(1496) Pause Full (Ergonomics) 159M->25M(228M) 21.357ms
[2020-01-29T21:49:35.189+0300][141.091s][info][gc] GC(1497) Pause Young (Allocation Failure) 54M->54M(228M) 61.299ms
[2020-01-29T21:49:35.307+0300][141.208s][info][gc] GC(1498) Pause Young (Allocation Failure) 83M->83M(228M) 114.090ms
[2020-01-29T21:49:35.421+0300][141.323s][info][gc] GC(1499) Pause Young (Allocation Failure) 112M->112M(228M) 111.109ms
[2020-01-29T21:49:35.537+0300][141.438s][info][gc] GC(1500) Pause Young (Allocation Failure) 160M->160M(228M) 100.854ms
[2020-01-29T21:49:35.567+0300][141.469s][info][gc] GC(1501) Pause Full (Ergonomics) 160M->26M(228M) 30.033ms
[2020-01-29T21:49:35.632+0300][141.533s][info][gc] GC(1502) Pause Young (Allocation Failure) 55M->55M(228M) 61.295ms
[2020-01-29T21:49:35.748+0300][141.650s][info][gc] GC(1503) Pause Young (Allocation Failure) 84M->84M(228M) 112.729ms
[2020-01-29T21:49:35.868+0300][141.770s][info][gc] GC(1504) Pause Young (Allocation Failure) 113M->113M(228M) 116.351ms
[2020-01-29T21:49:35.979+0300][141.881s][info][gc] GC(1505) Pause Young (Allocation Failure) 161M->162M(228M) 96.055ms
[2020-01-29T21:49:36.014+0300][141.915s][info][gc] GC(1506) Pause Full (Ergonomics) 162M->28M(228M) 34.217ms
[2020-01-29T21:49:36.075+0300][141.976s][info][gc] GC(1507) Pause Young (Allocation Failure) 57M->56M(228M) 56.186ms
[2020-01-29T21:49:36.194+0300][142.095s][info][gc] GC(1508) Pause Young (Allocation Failure) 85M->86M(228M) 115.984ms
[2020-01-29T21:49:36.313+0300][142.214s][info][gc] GC(1509) Pause Young (Allocation Failure) 115M->115M(228M) 115.016ms
[2020-01-29T21:49:36.422+0300][142.323s][info][gc] GC(1510) Pause Young (Allocation Failure) 163M->163M(228M) 94.981ms
[2020-01-29T21:49:36.461+0300][142.362s][info][gc] GC(1511) Pause Full (Ergonomics) 163M->29M(228M) 38.464ms
[2020-01-29T21:49:36.522+0300][142.424s][info][gc] GC(1512) Pause Young (Allocation Failure) 58M->58M(228M) 58.144ms
[2020-01-29T21:49:36.642+0300][142.543s][info][gc] GC(1513) Pause Young (Allocation Failure) 87M->87M(228M) 115.983ms
[2020-01-29T21:49:36.761+0300][142.663s][info][gc] GC(1514) Pause Young (Allocation Failure) 116M->116M(228M) 115.906ms
[2020-01-29T21:49:36.874+0300][142.776s][info][gc] GC(1515) Pause Young (Allocation Failure) 164M->164M(228M) 97.646ms
[2020-01-29T21:49:36.918+0300][142.819s][info][gc] GC(1516) Pause Full (Ergonomics) 164M->30M(228M) 43.234ms
[2020-01-29T21:49:36.985+0300][142.886s][info][gc] GC(1517) Pause Young (Allocation Failure) 59M->59M(228M) 63.486ms
[2020-01-29T21:49:37.098+0300][143.000s][info][gc] GC(1518) Pause Young (Allocation Failure) 88M->88M(228M) 109.135ms
[2020-01-29T21:49:37.220+0300][143.121s][info][gc] GC(1519) Pause Young (Allocation Failure) 117M->117M(228M) 117.664ms
[2020-01-29T21:49:37.361+0300][143.263s][info][gc] GC(1520) Pause Young (Allocation Failure) 165M->165M(228M) 126.172ms
[2020-01-29T21:49:37.424+0300][143.326s][info][gc] GC(1521) Pause Full (Ergonomics) 165M->31M(228M) 63.098ms
[2020-01-29T21:49:37.491+0300][143.392s][info][gc] GC(1522) Pause Young (Allocation Failure) 60M->60M(228M) 62.630ms
[2020-01-29T21:49:37.610+0300][143.512s][info][gc] GC(1523) Pause Young (Allocation Failure) 89M->89M(228M) 116.276ms
[2020-01-29T21:49:37.729+0300][143.630s][info][gc] GC(1524) Pause Young (Allocation Failure) 118M->118M(228M) 114.700ms
[2020-01-29T21:49:37.826+0300][143.727s][info][gc] GC(1525) Pause Young (Allocation Failure) 166M->167M(228M) 81.881ms
[2020-01-29T21:49:37.879+0300][143.780s][info][gc] GC(1526) Pause Full (Ergonomics) 167M->33M(228M) 52.623ms
[2020-01-29T21:49:37.945+0300][143.846s][info][gc] GC(1527) Pause Young (Allocation Failure) 62M->62M(228M) 62.226ms
[2020-01-29T21:49:38.057+0300][143.959s][info][gc] GC(1528) Pause Young (Allocation Failure) 91M->90M(228M) 109.277ms
[2020-01-29T21:49:38.177+0300][144.079s][info][gc] GC(1529) Pause Young (Allocation Failure) 119M->120M(228M) 115.838ms
[2020-01-29T21:49:38.318+0300][144.219s][info][gc] GC(1530) Pause Young (Allocation Failure) 168M->168M(228M) 126.231ms
[2020-01-29T21:49:38.389+0300][144.291s][info][gc] GC(1531) Pause Full (Ergonomics) 168M->34M(228M) 71.626ms
[2020-01-29T21:49:38.459+0300][144.360s][info][gc] GC(1532) Pause Young (Allocation Failure) 63M->63M(228M) 65.617ms
[2020-01-29T21:49:38.578+0300][144.479s][info][gc] GC(1533) Pause Young (Allocation Failure) 92M->92M(228M) 115.629ms
[2020-01-29T21:49:38.696+0300][144.597s][info][gc] GC(1534) Pause Young (Allocation Failure) 121M->121M(228M) 114.403ms
[2020-01-29T21:49:38.787+0300][144.689s][info][gc] GC(1535) Pause Young (Allocation Failure) 169M->169M(228M) 76.801ms
[2020-01-29T21:49:38.848+0300][144.749s][info][gc] GC(1536) Pause Full (Ergonomics) 169M->35M(228M) 60.760ms
[2020-01-29T21:49:38.915+0300][144.816s][info][gc] GC(1537) Pause Young (Allocation Failure) 64M->64M(228M) 63.110ms
[2020-01-29T21:49:39.032+0300][144.933s][info][gc] GC(1538) Pause Young (Allocation Failure) 93M->93M(228M) 112.995ms
[2020-01-29T21:49:39.144+0300][145.048s][info][gc] GC(1539) Pause Young (Allocation Failure) 122M->122M(228M) 111.140ms
[2020-01-29T21:49:39.264+0300][145.165s][info][gc] GC(1540) Pause Young (Allocation Failure) 170M->170M(228M) 97.809ms
[2020-01-29T21:49:39.339+0300][145.244s][info][gc] GC(1541) Pause Full (Ergonomics) 170M->36M(228M) 78.914ms
[2020-01-29T21:49:39.399+0300][145.303s][info][gc] GC(1542) Pause Young (Allocation Failure) 65M->65M(228M) 55.788ms
[2020-01-29T21:49:39.519+0300][145.420s][info][gc] GC(1543) Pause Young (Allocation Failure) 94M->94M(228M) 112.684ms
[2020-01-29T21:49:39.634+0300][145.539s][info][gc] GC(1544) Pause Young (Allocation Failure) 123M->123M(228M) 115.171ms
[2020-01-29T21:49:39.719+0300][145.625s][info][gc] GC(1545) Pause Young (Allocation Failure) 171M->171M(228M) 72.140ms
[2020-01-29T21:49:39.794+0300][145.695s][info][gc] GC(1546) Pause Full (Ergonomics) 171M->37M(228M) 70.628ms
[2020-01-29T21:49:39.859+0300][145.761s][info][gc] GC(1547) Pause Young (Allocation Failure) 66M->66M(228M) 62.521ms
[2020-01-29T21:49:39.974+0300][145.879s][info][gc] GC(1548) Pause Young (Allocation Failure) 95M->96M(228M) 114.239ms
[2020-01-29T21:49:40.094+0300][145.996s][info][gc] GC(1549) Pause Young (Allocation Failure) 125M->124M(228M) 112.585ms
[2020-01-29T21:49:40.183+0300][146.084s][info][gc] GC(1550) Pause Young (Allocation Failure) 173M->173M(228M) 73.055ms
[2020-01-29T21:49:40.255+0300][146.156s][info][gc] GC(1551) Pause Full (Ergonomics) 173M->39M(228M) 72.243ms
[2020-01-29T21:49:40.318+0300][146.219s][info][gc] GC(1552) Pause Young (Allocation Failure) 68M->68M(228M) 58.967ms
[2020-01-29T21:49:40.437+0300][146.338s][info][gc] GC(1553) Pause Young (Allocation Failure) 97M->97M(228M) 115.403ms
[2020-01-29T21:49:40.556+0300][146.458s][info][gc] GC(1554) Pause Young (Allocation Failure) 126M->126M(228M) 116.779ms
[2020-01-29T21:49:40.697+0300][146.599s][info][gc] GC(1555) Pause Young (Allocation Failure) 174M->174M(228M) 125.360ms
[2020-01-29T21:49:40.793+0300][146.695s][info][gc] GC(1556) Pause Full (Ergonomics) 174M->40M(228M) 95.831ms
[2020-01-29T21:49:40.859+0300][146.760s][info][gc] GC(1557) Pause Young (Allocation Failure) 69M->69M(228M) 61.602ms
[2020-01-29T21:49:40.977+0300][146.879s][info][gc] GC(1558) Pause Young (Allocation Failure) 98M->98M(228M) 115.427ms
[2020-01-29T21:49:41.090+0300][146.992s][info][gc] GC(1559) Pause Young (Allocation Failure) 127M->127M(228M) 109.541ms
[2020-01-29T21:49:41.182+0300][147.083s][info][gc] GC(1560) Pause Young (Allocation Failure) 156M->156M(228M) 77.986ms
[2020-01-29T21:49:41.195+0300][147.096s][info][gc] GC(1561) Pause Full (Ergonomics) 156M->22M(228M) 12.425ms
[2020-01-29T21:49:41.262+0300][147.163s][info][gc] GC(1562) Pause Young (Allocation Failure) 51M->51M(228M) 63.807ms
[2020-01-29T21:49:41.377+0300][147.279s][info][gc] GC(1563) Pause Young (Allocation Failure) 80M->80M(228M) 111.942ms
[2020-01-29T21:49:41.498+0300][147.399s][info][gc] GC(1564) Pause Young (Allocation Failure) 109M->109M(228M) 116.951ms
[2020-01-29T21:49:41.619+0300][147.520s][info][gc] GC(1565) Pause Young (Allocation Failure) 157M->157M(228M) 106.568ms
[2020-01-29T21:49:41.639+0300][147.540s][info][gc] GC(1566) Pause Full (Ergonomics) 157M->23M(228M) 19.908ms
[2020-01-29T21:49:41.706+0300][147.608s][info][gc] GC(1567) Pause Young (Allocation Failure) 52M->52M(228M) 64.025ms
[2020-01-29T21:49:41.819+0300][147.721s][info][gc] GC(1568) Pause Young (Allocation Failure) 81M->81M(228M) 109.316ms
[2020-01-29T21:49:41.934+0300][147.835s][info][gc] GC(1569) Pause Young (Allocation Failure) 110M->111M(228M) 110.820ms
[2020-01-29T21:49:42.070+0300][147.972s][info][gc] GC(1570) Pause Young (Allocation Failure) 159M->159M(228M) 122.073ms
[2020-01-29T21:49:42.103+0300][148.005s][info][gc] GC(1571) Pause Full (Ergonomics) 159M->25M(228M) 32.773ms
[2020-01-29T21:49:42.166+0300][148.067s][info][gc] GC(1572) Pause Young (Allocation Failure) 54M->54M(228M) 58.874ms
[2020-01-29T21:49:42.285+0300][148.186s][info][gc] GC(1573) Pause Young (Allocation Failure) 83M->83M(228M) 114.833ms
[2020-01-29T21:49:42.404+0300][148.306s][info][gc] GC(1574) Pause Young (Allocation Failure) 112M->112M(228M) 116.242ms
[2020-01-29T21:49:42.523+0300][148.424s][info][gc] GC(1575) Pause Young (Allocation Failure) 160M->160M(228M) 103.346ms
[2020-01-29T21:49:42.554+0300][148.455s][info][gc] GC(1576) Pause Full (Ergonomics) 160M->26M(228M) 30.346ms
[2020-01-29T21:49:42.618+0300][148.520s][info][gc] GC(1577) Pause Young (Allocation Failure) 55M->55M(228M) 61.436ms
[2020-01-29T21:49:42.736+0300][148.637s][info][gc] GC(1578) Pause Young (Allocation Failure) 84M->84M(228M) 113.830ms
[2020-01-29T21:49:42.854+0300][148.756s][info][gc] GC(1579) Pause Young (Allocation Failure) 113M->113M(228M) 114.903ms
[2020-01-29T21:49:42.993+0300][148.895s][info][gc] GC(1580) Pause Young (Allocation Failure) 161M->161M(228M) 124.001ms
[2020-01-29T21:49:43.038+0300][148.939s][info][gc] GC(1581) Pause Full (Ergonomics) 161M->27M(228M) 44.081ms
[2020-01-29T21:49:43.099+0300][149.000s][info][gc] GC(1582) Pause Young (Allocation Failure) 56M->56M(228M) 57.453ms
[2020-01-29T21:49:43.214+0300][149.116s][info][gc] GC(1583) Pause Young (Allocation Failure) 85M->85M(228M) 112.124ms
[2020-01-29T21:49:43.329+0300][149.231s][info][gc] GC(1584) Pause Young (Allocation Failure) 114M->114M(228M) 110.893ms
[2020-01-29T21:49:43.439+0300][149.340s][info][gc] GC(1585) Pause Young (Allocation Failure) 162M->162M(228M) 94.811ms
[2020-01-29T21:49:43.476+0300][149.377s][info][gc] GC(1586) Pause Full (Ergonomics) 162M->28M(228M) 37.058ms
[2020-01-29T21:49:43.544+0300][149.446s][info][gc] GC(1587) Pause Young (Allocation Failure) 57M->57M(228M) 64.454ms
[2020-01-29T21:49:43.662+0300][149.564s][info][gc] GC(1588) Pause Young (Allocation Failure) 86M->86M(228M) 114.681ms
[2020-01-29T21:49:43.779+0300][149.680s][info][gc] GC(1589) Pause Young (Allocation Failure) 115M->115M(228M) 112.800ms
[2020-01-29T21:49:43.889+0300][149.790s][info][gc] GC(1590) Pause Young (Allocation Failure) 164M->164M(228M) 94.930ms
[2020-01-29T21:49:43.929+0300][149.831s][info][gc] GC(1591) Pause Full (Ergonomics) 164M->30M(228M) 40.123ms
[2020-01-29T21:49:43.994+0300][149.896s][info][gc] GC(1592) Pause Young (Allocation Failure) 59M->59M(228M) 61.957ms
[2020-01-29T21:49:44.108+0300][150.010s][info][gc] GC(1593) Pause Young (Allocation Failure) 88M->88M(228M) 109.553ms
[2020-01-29T21:49:44.230+0300][150.131s][info][gc] GC(1594) Pause Young (Allocation Failure) 117M->117M(228M) 117.223ms
[2020-01-29T21:49:44.331+0300][150.233s][info][gc] GC(1595) Pause Young (Allocation Failure) 165M->165M(228M) 87.195ms
[2020-01-29T21:49:44.383+0300][150.285s][info][gc] GC(1596) Pause Full (Ergonomics) 165M->31M(228M) 52.297ms
[2020-01-29T21:49:44.446+0300][150.348s][info][gc] GC(1597) Pause Young (Allocation Failure) 60M->60M(228M) 59.110ms
[2020-01-29T21:49:44.565+0300][150.466s][info][gc] GC(1598) Pause Young (Allocation Failure) 89M->89M(228M) 114.723ms
[2020-01-29T21:49:44.682+0300][150.584s][info][gc] GC(1599) Pause Young (Allocation Failure) 118M->118M(228M) 114.231ms
[2020-01-29T21:49:44.784+0300][150.685s][info][gc] GC(1600) Pause Young (Allocation Failure) 166M->166M(228M) 86.875ms
[2020-01-29T21:49:44.833+0300][150.735s][info][gc] GC(1601) Pause Full (Ergonomics) 166M->32M(228M) 49.516ms
[2020-01-29T21:49:44.901+0300][150.802s][info][gc] GC(1602) Pause Young (Allocation Failure) 61M->61M(228M) 63.284ms
[2020-01-29T21:49:45.020+0300][150.921s][info][gc] GC(1603) Pause Young (Allocation Failure) 90M->90M(228M) 116.132ms
[2020-01-29T21:49:45.136+0300][151.037s][info][gc] GC(1604) Pause Young (Allocation Failure) 119M->119M(228M) 111.151ms
[2020-01-29T21:49:45.230+0300][151.132s][info][gc] GC(1605) Pause Young (Allocation Failure) 167M->167M(228M) 79.725ms
[2020-01-29T21:49:45.283+0300][151.185s][info][gc] GC(1606) Pause Full (Ergonomics) 167M->33M(228M) 53.574ms
[2020-01-29T21:49:45.349+0300][151.250s][info][gc] GC(1607) Pause Young (Allocation Failure) 62M->62M(228M) 61.306ms
[2020-01-29T21:49:45.467+0300][151.369s][info][gc] GC(1608) Pause Young (Allocation Failure) 91M->91M(228M) 114.993ms
[2020-01-29T21:49:45.596+0300][151.497s][info][gc] GC(1609) Pause Young (Allocation Failure) 120M->120M(228M) 124.990ms
[2020-01-29T21:49:45.687+0300][151.589s][info][gc] GC(1610) Pause Young (Allocation Failure) 168M->169M(228M) 76.840ms
[2020-01-29T21:49:45.748+0300][151.649s][info][gc] GC(1611) Pause Full (Ergonomics) 169M->35M(228M) 60.156ms
[2020-01-29T21:49:45.810+0300][151.712s][info][gc] GC(1612) Pause Young (Allocation Failure) 64M->64M(228M) 59.316ms
[2020-01-29T21:49:45.930+0300][151.831s][info][gc] GC(1613) Pause Young (Allocation Failure) 93M->93M(228M) 114.933ms
[2020-01-29T21:49:46.050+0300][151.952s][info][gc] GC(1614) Pause Young (Allocation Failure) 122M->122M(228M) 117.232ms
[2020-01-29T21:49:46.138+0300][152.043s][info][gc] GC(1615) Pause Young (Allocation Failure) 170M->170M(228M) 76.192ms
[2020-01-29T21:49:46.198+0300][152.104s][info][gc] GC(1616) Pause Full (Ergonomics) 170M->36M(228M) 61.118ms
[2020-01-29T21:49:46.269+0300][152.170s][info][gc] GC(1617) Pause Young (Allocation Failure) 65M->65M(228M) 62.184ms
[2020-01-29T21:49:46.388+0300][152.289s][info][gc] GC(1618) Pause Young (Allocation Failure) 94M->94M(228M) 115.286ms
[2020-01-29T21:49:46.499+0300][152.403s][info][gc] GC(1619) Pause Young (Allocation Failure) 123M->123M(228M) 110.724ms
[2020-01-29T21:49:46.599+0300][152.500s][info][gc] GC(1620) Pause Young (Allocation Failure) 171M->171M(228M) 72.947ms
[2020-01-29T21:49:46.663+0300][152.569s][info][gc] GC(1621) Pause Full (Ergonomics) 171M->37M(228M) 68.270ms
[2020-01-29T21:49:46.729+0300][152.630s][info][gc] GC(1622) Pause Young (Allocation Failure) 66M->66M(228M) 58.136ms
[2020-01-29T21:49:46.848+0300][152.751s][info][gc] GC(1623) Pause Young (Allocation Failure) 95M->95M(228M) 116.856ms
[2020-01-29T21:49:46.968+0300][152.872s][info][gc] GC(1624) Pause Young (Allocation Failure) 124M->124M(228M) 117.855ms
[2020-01-29T21:49:47.059+0300][152.963s][info][gc] GC(1625) Pause Young (Allocation Failure) 172M->172M(228M) 75.095ms
[2020-01-29T21:49:47.128+0300][153.030s][info][gc] GC(1626) Pause Full (Ergonomics) 172M->38M(228M) 67.246ms
[2020-01-29T21:49:47.194+0300][153.096s][info][gc] GC(1627) Pause Young (Allocation Failure) 67M->67M(228M) 62.104ms
[2020-01-29T21:49:47.317+0300][153.218s][info][gc] GC(1628) Pause Young (Allocation Failure) 96M->96M(228M) 118.977ms
[2020-01-29T21:49:47.436+0300][153.338s][info][gc] GC(1629) Pause Young (Allocation Failure) 125M->125M(228M) 116.048ms
[2020-01-29T21:49:47.520+0300][153.421s][info][gc] GC(1630) Pause Young (Allocation Failure) 173M->173M(228M) 68.470ms
[2020-01-29T21:49:47.595+0300][153.497s][info][gc] GC(1631) Pause Full (Ergonomics) 173M->40M(228M) 75.759ms
[2020-01-29T21:49:47.662+0300][153.563s][info][gc] GC(1632) Pause Young (Allocation Failure) 69M->69M(228M) 63.020ms
[2020-01-29T21:49:47.781+0300][153.683s][info][gc] GC(1633) Pause Young (Allocation Failure) 98M->98M(228M) 115.876ms
[2020-01-29T21:49:47.895+0300][153.796s][info][gc] GC(1634) Pause Young (Allocation Failure) 127M->127M(228M) 109.995ms
[2020-01-29T21:49:47.985+0300][153.886s][info][gc] GC(1635) Pause Young (Allocation Failure) 156M->156M(228M) 77.091ms
[2020-01-29T21:49:47.996+0300][153.897s][info][gc] GC(1636) Pause Full (Ergonomics) 156M->22M(228M) 11.298ms
[2020-01-29T21:49:48.064+0300][153.965s][info][gc] GC(1637) Pause Young (Allocation Failure) 51M->51M(228M) 63.157ms
[2020-01-29T21:49:48.181+0300][154.083s][info][gc] GC(1638) Pause Young (Allocation Failure) 80M->80M(228M) 114.544ms
[2020-01-29T21:49:48.299+0300][154.203s][info][gc] GC(1639) Pause Young (Allocation Failure) 109M->109M(228M) 116.096ms
[2020-01-29T21:49:48.424+0300][154.328s][info][gc] GC(1640) Pause Young (Allocation Failure) 157M->157M(228M) 109.627ms
[2020-01-29T21:49:48.439+0300][154.345s][info][gc] GC(1641) Pause Full (Ergonomics) 157M->23M(228M) 17.081ms
[2020-01-29T21:49:48.509+0300][154.413s][info][gc] GC(1642) Pause Young (Allocation Failure) 52M->52M(228M) 64.087ms
[2020-01-29T21:49:48.627+0300][154.531s][info][gc] GC(1643) Pause Young (Allocation Failure) 81M->81M(228M) 114.697ms
[2020-01-29T21:49:48.747+0300][154.653s][info][gc] GC(1644) Pause Young (Allocation Failure) 110M->110M(228M) 118.474ms
[2020-01-29T21:49:48.879+0300][154.783s][info][gc] GC(1645) Pause Young (Allocation Failure) 158M->158M(228M) 107.147ms
[2020-01-29T21:49:48.899+0300][154.805s][info][gc] GC(1646) Pause Full (Ergonomics) 158M->24M(228M) 21.618ms
[2020-01-29T21:49:48.969+0300][154.870s][info][gc] GC(1647) Pause Young (Allocation Failure) 53M->53M(228M) 62.206ms
[2020-01-29T21:49:49.079+0300][154.984s][info][gc] GC(1648) Pause Young (Allocation Failure) 82M->82M(228M) 109.100ms
[2020-01-29T21:49:49.197+0300][155.098s][info][gc] GC(1649) Pause Young (Allocation Failure) 111M->111M(228M) 110.903ms
[2020-01-29T21:49:49.332+0300][155.234s][info][gc] GC(1650) Pause Young (Allocation Failure) 159M->159M(228M) 121.292ms
[2020-01-29T21:49:49.367+0300][155.269s][info][gc] GC(1651) Pause Full (Ergonomics) 159M->25M(228M) 34.907ms
[2020-01-29T21:49:49.434+0300][155.336s][info][gc] GC(1652) Pause Young (Allocation Failure) 54M->54M(228M) 63.145ms
[2020-01-29T21:49:49.551+0300][155.453s][info][gc] GC(1653) Pause Young (Allocation Failure) 83M->84M(228M) 112.852ms
[2020-01-29T21:49:49.669+0300][155.570s][info][gc] GC(1654) Pause Young (Allocation Failure) 113M->113M(228M) 113.960ms
[2020-01-29T21:49:49.784+0300][155.686s][info][gc] GC(1655) Pause Young (Allocation Failure) 161M->161M(228M) 100.812ms
[2020-01-29T21:49:49.817+0300][155.718s][info][gc] GC(1656) Pause Full (Ergonomics) 161M->27M(228M) 31.964ms
[2020-01-29T21:49:49.883+0300][155.784s][info][gc] GC(1657) Pause Young (Allocation Failure) 56M->56M(228M) 62.440ms
[2020-01-29T21:49:49.999+0300][155.901s][info][gc] GC(1658) Pause Young (Allocation Failure) 85M->85M(228M) 113.663ms
[2020-01-29T21:49:50.116+0300][156.017s][info][gc] GC(1659) Pause Young (Allocation Failure) 114M->114M(228M) 111.905ms
[2020-01-29T21:49:50.253+0300][156.154s][info][gc] GC(1660) Pause Young (Allocation Failure) 162M->162M(228M) 122.350ms
[2020-01-29T21:49:50.300+0300][156.202s][info][gc] GC(1661) Pause Full (Ergonomics) 162M->28M(228M) 47.847ms
[2020-01-29T21:49:50.365+0300][156.267s][info][gc] GC(1662) Pause Young (Allocation Failure) 57M->57M(228M) 61.291ms
[2020-01-29T21:49:50.482+0300][156.384s][info][gc] GC(1663) Pause Young (Allocation Failure) 86M->86M(228M) 114.027ms
[2020-01-29T21:49:50.603+0300][156.504s][info][gc] GC(1664) Pause Young (Allocation Failure) 115M->115M(228M) 116.013ms
[2020-01-29T21:49:50.708+0300][156.610s][info][gc] GC(1665) Pause Young (Allocation Failure) 163M->163M(228M) 91.706ms
[2020-01-29T21:49:50.748+0300][156.650s][info][gc] GC(1666) Pause Full (Ergonomics) 163M->29M(228M) 39.670ms
[2020-01-29T21:49:50.815+0300][156.717s][info][gc] GC(1667) Pause Young (Allocation Failure) 58M->58M(228M) 63.551ms
[2020-01-29T21:49:50.936+0300][156.837s][info][gc] GC(1668) Pause Young (Allocation Failure) 87M->87M(228M) 116.708ms
[2020-01-29T21:49:51.057+0300][156.959s][info][gc] GC(1669) Pause Young (Allocation Failure) 116M->116M(228M) 118.262ms
[2020-01-29T21:49:51.159+0300][157.064s][info][gc] GC(1670) Pause Young (Allocation Failure) 164M->164M(228M) 89.637ms
[2020-01-29T21:49:51.203+0300][157.106s][info][gc] GC(1671) Pause Full (Ergonomics) 164M->30M(228M) 41.549ms
[2020-01-29T21:49:51.272+0300][157.173s][info][gc] GC(1672) Pause Young (Allocation Failure) 59M->59M(228M) 64.140ms
[2020-01-29T21:49:51.390+0300][157.294s][info][gc] GC(1673) Pause Young (Allocation Failure) 88M->89M(228M) 116.676ms
[2020-01-29T21:49:51.504+0300][157.407s][info][gc] GC(1674) Pause Young (Allocation Failure) 118M->118M(228M) 109.364ms
[2020-01-29T21:49:51.624+0300][157.528s][info][gc] GC(1675) Pause Young (Allocation Failure) 166M->166M(228M) 95.881ms
[2020-01-29T21:49:51.694+0300][157.595s][info][gc] GC(1676) Pause Full (Ergonomics) 166M->32M(228M) 67.228ms
[2020-01-29T21:49:51.759+0300][157.662s][info][gc] GC(1677) Pause Young (Allocation Failure) 61M->61M(228M) 63.784ms
[2020-01-29T21:49:51.879+0300][157.782s][info][gc] GC(1678) Pause Young (Allocation Failure) 90M->90M(228M) 116.160ms
[2020-01-29T21:49:51.999+0300][157.900s][info][gc] GC(1679) Pause Young (Allocation Failure) 119M->119M(228M) 114.093ms
[2020-01-29T21:49:52.126+0300][158.028s][info][gc] GC(1680) Pause Young (Allocation Failure) 167M->167M(228M) 94.885ms
[2020-01-29T21:49:52.181+0300][158.082s][info][gc] GC(1681) Pause Full (Ergonomics) 167M->33M(228M) 54.275ms
[2020-01-29T21:49:52.246+0300][158.148s][info][gc] GC(1682) Pause Young (Allocation Failure) 62M->62M(228M) 62.039ms
[2020-01-29T21:49:52.364+0300][158.265s][info][gc] GC(1683) Pause Young (Allocation Failure) 91M->91M(228M) 113.182ms
[2020-01-29T21:49:52.483+0300][158.384s][info][gc] GC(1684) Pause Young (Allocation Failure) 120M->120M(228M) 115.140ms
[2020-01-29T21:49:52.621+0300][158.522s][info][gc] GC(1685) Pause Young (Allocation Failure) 168M->168M(228M) 123.085ms
[2020-01-29T21:49:52.695+0300][158.596s][info][gc] GC(1686) Pause Full (Ergonomics) 168M->34M(228M) 74.068ms
[2020-01-29T21:49:52.761+0300][158.662s][info][gc] GC(1687) Pause Young (Allocation Failure) 63M->63M(228M) 62.676ms
[2020-01-29T21:49:52.877+0300][158.779s][info][gc] GC(1688) Pause Young (Allocation Failure) 92M->92M(228M) 112.453ms
[2020-01-29T21:49:53.002+0300][158.903s][info][gc] GC(1689) Pause Young (Allocation Failure) 121M->121M(228M) 120.830ms
[2020-01-29T21:49:53.095+0300][158.996s][info][gc] GC(1690) Pause Young (Allocation Failure) 169M->169M(228M) 77.590ms
[2020-01-29T21:49:53.153+0300][159.054s][info][gc] GC(1691) Pause Full (Ergonomics) 169M->35M(228M) 58.205ms
[2020-01-29T21:49:53.218+0300][159.120s][info][gc] GC(1692) Pause Young (Allocation Failure) 64M->64M(228M) 61.793ms
[2020-01-29T21:49:53.336+0300][159.237s][info][gc] GC(1693) Pause Young (Allocation Failure) 93M->93M(228M) 113.339ms
[2020-01-29T21:49:53.461+0300][159.362s][info][gc] GC(1694) Pause Young (Allocation Failure) 122M->123M(228M) 121.763ms
[2020-01-29T21:49:53.599+0300][159.500s][info][gc] GC(1695) Pause Young (Allocation Failure) 171M->171M(228M) 122.803ms
[2020-01-29T21:49:53.682+0300][159.584s][info][gc] GC(1696) Pause Full (Ergonomics) 171M->37M(228M) 83.537ms
[2020-01-29T21:49:53.747+0300][159.648s][info][gc] GC(1697) Pause Young (Allocation Failure) 66M->66M(228M) 60.689ms
[2020-01-29T21:49:53.864+0300][159.765s][info][gc] GC(1698) Pause Young (Allocation Failure) 95M->95M(228M) 113.461ms
[2020-01-29T21:49:53.983+0300][159.885s][info][gc] GC(1699) Pause Young (Allocation Failure) 124M->124M(228M) 115.864ms
[2020-01-29T21:49:54.073+0300][159.974s][info][gc] GC(1700) Pause Young (Allocation Failure) 172M->172M(228M) 73.326ms
[2020-01-29T21:49:54.140+0300][160.042s][info][gc] GC(1701) Pause Full (Ergonomics) 172M->38M(228M) 68.426ms
[2020-01-29T21:49:54.206+0300][160.108s][info][gc] GC(1702) Pause Young (Allocation Failure) 67M->67M(228M) 61.822ms
[2020-01-29T21:49:54.323+0300][160.224s][info][gc] GC(1703) Pause Young (Allocation Failure) 96M->96M(228M) 113.044ms
[2020-01-29T21:49:54.443+0300][160.344s][info][gc] GC(1704) Pause Young (Allocation Failure) 125M->125M(228M) 115.767ms
[2020-01-29T21:49:54.530+0300][160.432s][info][gc] GC(1705) Pause Young (Allocation Failure) 173M->173M(228M) 73.353ms
[2020-01-29T21:49:54.605+0300][160.506s][info][gc] GC(1706) Pause Full (Ergonomics) 173M->39M(228M) 74.448ms
[2020-01-29T21:49:54.671+0300][160.573s][info][gc] GC(1707) Pause Young (Allocation Failure) 68M->68M(228M) 62.688ms
[2020-01-29T21:49:54.789+0300][160.690s][info][gc] GC(1708) Pause Young (Allocation Failure) 97M->97M(228M) 113.339ms
[2020-01-29T21:49:54.904+0300][160.806s][info][gc] GC(1709) Pause Young (Allocation Failure) 126M->126M(228M) 112.253ms
[2020-01-29T21:49:54.996+0300][160.897s][info][gc] GC(1710) Pause Young (Allocation Failure) 155M->155M(228M) 79.745ms
[2020-01-29T21:49:55.007+0300][160.908s][info][gc] GC(1711) Pause Full (Ergonomics) 155M->21M(228M) 10.374ms
[2020-01-29T21:49:55.066+0300][160.968s][info][gc] GC(1712) Pause Young (Allocation Failure) 50M->50M(228M) 55.532ms
[2020-01-29T21:49:55.182+0300][161.083s][info][gc] GC(1713) Pause Young (Allocation Failure) 79M->79M(228M) 112.221ms
[2020-01-29T21:49:55.301+0300][161.202s][info][gc] GC(1714) Pause Young (Allocation Failure) 108M->108M(228M) 115.454ms
[2020-01-29T21:49:55.425+0300][161.327s][info][gc] GC(1715) Pause Young (Allocation Failure) 157M->157M(228M) 109.649ms
[2020-01-29T21:49:55.442+0300][161.344s][info][gc] GC(1716) Pause Full (Ergonomics) 157M->23M(228M) 16.766ms
[2020-01-29T21:49:55.506+0300][161.408s][info][gc] GC(1717) Pause Young (Allocation Failure) 52M->52M(228M) 59.984ms
[2020-01-29T21:49:55.624+0300][161.525s][info][gc] GC(1718) Pause Young (Allocation Failure) 81M->81M(228M) 113.757ms
[2020-01-29T21:49:55.738+0300][161.639s][info][gc] GC(1719) Pause Young (Allocation Failure) 110M->110M(228M) 110.171ms
[2020-01-29T21:49:55.859+0300][161.760s][info][gc] GC(1720) Pause Young (Allocation Failure) 158M->158M(228M) 106.821ms
[2020-01-29T21:49:55.879+0300][161.781s][info][gc] GC(1721) Pause Full (Ergonomics) 158M->24M(228M) 20.661ms
[2020-01-29T21:49:55.943+0300][161.845s][info][gc] GC(1722) Pause Young (Allocation Failure) 53M->53M(228M) 60.249ms
[2020-01-29T21:49:56.061+0300][161.962s][info][gc] GC(1723) Pause Young (Allocation Failure) 82M->82M(228M) 113.503ms
[2020-01-29T21:49:56.174+0300][162.076s][info][gc] GC(1724) Pause Young (Allocation Failure) 111M->111M(228M) 109.655ms
[2020-01-29T21:49:56.292+0300][162.193s][info][gc] GC(1725) Pause Young (Allocation Failure) 159M->159M(228M) 102.150ms
[2020-01-29T21:49:56.319+0300][162.220s][info][gc] GC(1726) Pause Full (Ergonomics) 159M->25M(228M) 26.888ms
[2020-01-29T21:49:56.385+0300][162.287s][info][gc] GC(1727) Pause Young (Allocation Failure) 54M->54M(228M) 62.842ms
[2020-01-29T21:49:56.504+0300][162.405s][info][gc] GC(1728) Pause Young (Allocation Failure) 83M->83M(228M) 114.266ms
[2020-01-29T21:49:56.620+0300][162.522s][info][gc] GC(1729) Pause Young (Allocation Failure) 112M->112M(228M) 113.721ms
[2020-01-29T21:49:56.736+0300][162.637s][info][gc] GC(1730) Pause Young (Allocation Failure) 160M->160M(228M) 100.756ms
[2020-01-29T21:49:56.767+0300][162.669s][info][gc] GC(1731) Pause Full (Ergonomics) 160M->26M(228M) 31.089ms
[2020-01-29T21:49:56.832+0300][162.733s][info][gc] GC(1732) Pause Young (Allocation Failure) 55M->55M(228M) 61.088ms
[2020-01-29T21:49:56.954+0300][162.856s][info][gc] GC(1733) Pause Young (Allocation Failure) 84M->84M(228M) 119.155ms
[2020-01-29T21:49:57.076+0300][162.978s][info][gc] GC(1734) Pause Young (Allocation Failure) 113M->114M(228M) 118.162ms
[2020-01-29T21:49:57.221+0300][163.122s][info][gc] GC(1735) Pause Young (Allocation Failure) 162M->162M(228M) 126.929ms
[2020-01-29T21:49:57.265+0300][163.166s][info][gc] GC(1736) Pause Full (Ergonomics) 162M->28M(228M) 43.074ms
[2020-01-29T21:49:57.329+0300][163.231s][info][gc] GC(1737) Pause Young (Allocation Failure) 57M->57M(228M) 61.967ms
[2020-01-29T21:49:57.448+0300][163.350s][info][gc] GC(1738) Pause Young (Allocation Failure) 86M->86M(228M) 114.967ms
[2020-01-29T21:49:57.565+0300][163.466s][info][gc] GC(1739) Pause Young (Allocation Failure) 115M->115M(228M) 112.799ms
[2020-01-29T21:49:57.674+0300][163.575s][info][gc] GC(1740) Pause Young (Allocation Failure) 163M->163M(228M) 93.567ms
[2020-01-29T21:49:57.711+0300][163.613s][info][gc] GC(1741) Pause Full (Ergonomics) 163M->29M(228M) 38.245ms
[2020-01-29T21:49:57.777+0300][163.679s][info][gc] GC(1742) Pause Young (Allocation Failure) 58M->58M(228M) 62.161ms
[2020-01-29T21:49:57.889+0300][163.791s][info][gc] GC(1743) Pause Young (Allocation Failure) 87M->87M(228M) 108.166ms
[2020-01-29T21:49:58.010+0300][163.911s][info][gc] GC(1744) Pause Young (Allocation Failure) 116M->116M(228M) 116.742ms
[2020-01-29T21:49:58.115+0300][164.016s][info][gc] GC(1745) Pause Young (Allocation Failure) 164M->164M(228M) 89.578ms
[2020-01-29T21:49:58.156+0300][164.057s][info][gc] GC(1746) Pause Full (Ergonomics) 164M->30M(228M) 40.929ms
[2020-01-29T21:49:58.220+0300][164.121s][info][gc] GC(1747) Pause Young (Allocation Failure) 59M->59M(228M) 60.224ms
[2020-01-29T21:49:58.337+0300][164.239s][info][gc] GC(1748) Pause Young (Allocation Failure) 88M->88M(228M) 114.128ms
[2020-01-29T21:49:58.462+0300][164.363s][info][gc] GC(1749) Pause Young (Allocation Failure) 117M->117M(228M) 120.478ms
[2020-01-29T21:49:58.566+0300][164.467s][info][gc] GC(1750) Pause Young (Allocation Failure) 165M->165M(228M) 89.223ms
[2020-01-29T21:49:58.613+0300][164.514s][info][gc] GC(1751) Pause Full (Ergonomics) 165M->31M(228M) 47.057ms
[2020-01-29T21:49:58.681+0300][164.582s][info][gc] GC(1752) Pause Young (Allocation Failure) 60M->60M(228M) 64.754ms
[2020-01-29T21:49:58.798+0300][164.700s][info][gc] GC(1753) Pause Young (Allocation Failure) 89M->89M(228M) 113.750ms
[2020-01-29T21:49:58.919+0300][164.820s][info][gc] GC(1754) Pause Young (Allocation Failure) 118M->118M(228M) 116.857ms
[2020-01-29T21:49:59.019+0300][164.921s][info][gc] GC(1755) Pause Young (Allocation Failure) 167M->167M(228M) 86.033ms
[2020-01-29T21:49:59.072+0300][164.974s][info][gc] GC(1756) Pause Full (Ergonomics) 167M->33M(228M) 52.763ms
[2020-01-29T21:49:59.134+0300][165.036s][info][gc] GC(1757) Pause Young (Allocation Failure) 62M->61M(228M) 57.962ms
[2020-01-29T21:49:59.252+0300][165.153s][info][gc] GC(1758) Pause Young (Allocation Failure) 90M->91M(228M) 113.285ms
[2020-01-29T21:49:59.369+0300][165.271s][info][gc] GC(1759) Pause Young (Allocation Failure) 120M->120M(228M) 114.280ms
[2020-01-29T21:49:59.464+0300][165.366s][info][gc] GC(1760) Pause Young (Allocation Failure) 168M->168M(228M) 79.995ms
[2020-01-29T21:49:59.522+0300][165.423s][info][gc] GC(1761) Pause Full (Ergonomics) 168M->34M(228M) 56.861ms
[2020-01-29T21:49:59.586+0300][165.488s][info][gc] GC(1762) Pause Young (Allocation Failure) 63M->63M(228M) 61.619ms
[2020-01-29T21:49:59.704+0300][165.605s][info][gc] GC(1763) Pause Young (Allocation Failure) 92M->92M(228M) 113.111ms
[2020-01-29T21:49:59.833+0300][165.734s][info][gc] GC(1764) Pause Young (Allocation Failure) 121M->121M(228M) 125.937ms
[2020-01-29T21:49:59.927+0300][165.828s][info][gc] GC(1765) Pause Young (Allocation Failure) 169M->169M(228M) 79.056ms
[2020-01-29T21:49:59.988+0300][165.889s][info][gc] GC(1766) Pause Full (Ergonomics) 169M->35M(228M) 61.173ms
[2020-01-29T21:50:00.051+0300][165.952s][info][gc] GC(1767) Pause Young (Allocation Failure) 64M->64M(228M) 58.768ms
[2020-01-29T21:50:00.164+0300][166.069s][info][gc] GC(1768) Pause Young (Allocation Failure) 93M->93M(228M) 112.529ms
[2020-01-29T21:50:00.284+0300][166.186s][info][gc] GC(1769) Pause Young (Allocation Failure) 122M->122M(228M) 113.864ms
[2020-01-29T21:50:00.379+0300][166.284s][info][gc] GC(1770) Pause Young (Allocation Failure) 170M->170M(228M) 76.942ms
[2020-01-29T21:50:00.444+0300][166.349s][info][gc] GC(1771) Pause Full (Ergonomics) 170M->36M(228M) 65.263ms
[2020-01-29T21:50:00.513+0300][166.415s][info][gc] GC(1772) Pause Young (Allocation Failure) 65M->65M(228M) 62.571ms
[2020-01-29T21:50:00.629+0300][166.534s][info][gc] GC(1773) Pause Young (Allocation Failure) 94M->94M(228M) 115.301ms
[2020-01-29T21:50:00.749+0300][166.652s][info][gc] GC(1774) Pause Young (Allocation Failure) 123M->123M(228M) 114.132ms
[2020-01-29T21:50:00.834+0300][166.738s][info][gc] GC(1775) Pause Young (Allocation Failure) 171M->172M(228M) 70.576ms
[2020-01-29T21:50:00.909+0300][166.811s][info][gc] GC(1776) Pause Full (Ergonomics) 172M->38M(228M) 73.279ms
[2020-01-29T21:50:00.978+0300][166.882s][info][gc] GC(1777) Pause Young (Allocation Failure) 67M->67M(228M) 67.394ms
[2020-01-29T21:50:01.089+0300][166.991s][info][gc] GC(1778) Pause Young (Allocation Failure) 96M->96M(228M) 104.519ms
[2020-01-29T21:50:01.209+0300][167.110s][info][gc] GC(1779) Pause Young (Allocation Failure) 125M->125M(228M) 115.630ms
[2020-01-29T21:50:01.296+0300][167.197s][info][gc] GC(1780) Pause Young (Allocation Failure) 173M->173M(228M) 72.763ms
[2020-01-29T21:50:01.367+0300][167.269s][info][gc] GC(1781) Pause Full (Ergonomics) 173M->39M(228M) 71.405ms
[2020-01-29T21:50:01.434+0300][167.336s][info][gc] GC(1782) Pause Young (Allocation Failure) 68M->68M(228M) 63.104ms
[2020-01-29T21:50:01.554+0300][167.456s][info][gc] GC(1783) Pause Young (Allocation Failure) 97M->97M(228M) 116.385ms
[2020-01-29T21:50:01.679+0300][167.580s][info][gc] GC(1784) Pause Young (Allocation Failure) 126M->126M(228M) 120.905ms
[2020-01-29T21:50:01.766+0300][167.668s][info][gc] GC(1785) Pause Young (Allocation Failure) 174M->174M(228M) 73.459ms
[2020-01-29T21:50:01.845+0300][167.746s][info][gc] GC(1786) Pause Full (Ergonomics) 174M->40M(228M) 78.223ms
[2020-01-29T21:50:01.912+0300][167.814s][info][gc] GC(1787) Pause Young (Allocation Failure) 69M->69M(228M) 63.919ms
[2020-01-29T21:50:02.034+0300][167.936s][info][gc] GC(1788) Pause Young (Allocation Failure) 98M->98M(228M) 118.599ms
[2020-01-29T21:50:02.149+0300][168.052s][info][gc] GC(1789) Pause Young (Allocation Failure) 127M->127M(228M) 111.859ms
[2020-01-29T21:50:02.243+0300][168.148s][info][gc] GC(1790) Pause Young (Allocation Failure) 156M->156M(228M) 77.049ms
[2020-01-29T21:50:02.258+0300][168.160s][info][gc] GC(1791) Pause Full (Ergonomics) 156M->22M(228M) 12.702ms
[2020-01-29T21:50:02.323+0300][168.225s][info][gc] GC(1792) Pause Young (Allocation Failure) 51M->51M(228M) 61.270ms
[2020-01-29T21:50:02.444+0300][168.348s][info][gc] GC(1793) Pause Young (Allocation Failure) 80M->80M(228M) 118.878ms
[2020-01-29T21:50:02.563+0300][168.465s][info][gc] GC(1794) Pause Young (Allocation Failure) 109M->109M(228M) 113.425ms
[2020-01-29T21:50:02.679+0300][168.584s][info][gc] GC(1795) Pause Young (Allocation Failure) 157M->157M(228M) 108.557ms
[2020-01-29T21:50:02.697+0300][168.603s][info][gc] GC(1796) Pause Full (Ergonomics) 157M->23M(228M) 19.406ms
[2020-01-29T21:50:02.768+0300][168.670s][info][gc] GC(1797) Pause Young (Allocation Failure) 52M->52M(228M) 62.692ms
[2020-01-29T21:50:02.888+0300][168.789s][info][gc] GC(1798) Pause Young (Allocation Failure) 81M->82M(228M) 116.078ms
[2020-01-29T21:50:03.004+0300][168.906s][info][gc] GC(1799) Pause Young (Allocation Failure) 111M->111M(228M) 113.066ms
[2020-01-29T21:50:03.125+0300][169.027s][info][gc] GC(1800) Pause Young (Allocation Failure) 159M->159M(228M) 107.145ms
[2020-01-29T21:50:03.146+0300][169.047s][info][gc] GC(1801) Pause Full (Ergonomics) 159M->25M(228M) 20.264ms
[2020-01-29T21:50:03.211+0300][169.113s][info][gc] GC(1802) Pause Young (Allocation Failure) 54M->54M(228M) 61.923ms
[2020-01-29T21:50:03.331+0300][169.232s][info][gc] GC(1803) Pause Young (Allocation Failure) 83M->83M(228M) 115.586ms
[2020-01-29T21:50:03.450+0300][169.352s][info][gc] GC(1804) Pause Young (Allocation Failure) 112M->112M(228M) 116.610ms
[2020-01-29T21:50:03.571+0300][169.473s][info][gc] GC(1805) Pause Young (Allocation Failure) 160M->160M(228M) 106.144ms
[2020-01-29T21:50:03.602+0300][169.503s][info][gc] GC(1806) Pause Full (Ergonomics) 160M->26M(228M) 30.365ms
[2020-01-29T21:50:03.667+0300][169.568s][info][gc] GC(1807) Pause Young (Allocation Failure) 55M->55M(228M) 61.681ms
[2020-01-29T21:50:03.782+0300][169.684s][info][gc] GC(1808) Pause Young (Allocation Failure) 84M->84M(228M) 111.923ms
[2020-01-29T21:50:03.898+0300][169.799s][info][gc] GC(1809) Pause Young (Allocation Failure) 113M->113M(228M) 111.331ms
[2020-01-29T21:50:04.010+0300][169.911s][info][gc] GC(1810) Pause Young (Allocation Failure) 161M->161M(228M) 97.415ms
[2020-01-29T21:50:04.043+0300][169.944s][info][gc] GC(1811) Pause Full (Ergonomics) 161M->27M(228M) 32.901ms
[2020-01-29T21:50:04.111+0300][170.012s][info][gc] GC(1812) Pause Young (Allocation Failure) 56M->56M(228M) 63.457ms
[2020-01-29T21:50:04.223+0300][170.124s][info][gc] GC(1813) Pause Young (Allocation Failure) 85M->85M(228M) 108.197ms
[2020-01-29T21:50:04.341+0300][170.242s][info][gc] GC(1814) Pause Young (Allocation Failure) 114M->114M(228M) 113.838ms
[2020-01-29T21:50:04.484+0300][170.385s][info][gc] GC(1815) Pause Young (Allocation Failure) 162M->162M(228M) 128.587ms
[2020-01-29T21:50:04.532+0300][170.433s][info][gc] GC(1816) Pause Full (Ergonomics) 162M->28M(228M) 48.385ms
[2020-01-29T21:50:04.601+0300][170.502s][info][gc] GC(1817) Pause Young (Allocation Failure) 57M->57M(228M) 65.010ms
[2020-01-29T21:50:04.718+0300][170.620s][info][gc] GC(1818) Pause Young (Allocation Failure) 86M->87M(228M) 114.035ms
[2020-01-29T21:50:04.839+0300][170.741s][info][gc] GC(1819) Pause Young (Allocation Failure) 116M->116M(228M) 117.123ms
[2020-01-29T21:50:04.947+0300][170.848s][info][gc] GC(1820) Pause Young (Allocation Failure) 164M->164M(228M) 92.581ms
[2020-01-29T21:50:04.989+0300][170.890s][info][gc] GC(1821) Pause Full (Ergonomics) 164M->30M(228M) 41.631ms
[2020-01-29T21:50:05.049+0300][170.951s][info][gc] GC(1822) Pause Young (Allocation Failure) 59M->59M(228M) 56.984ms
[2020-01-29T21:50:05.164+0300][171.066s][info][gc] GC(1823) Pause Young (Allocation Failure) 88M->88M(228M) 111.364ms
[2020-01-29T21:50:05.284+0300][171.186s][info][gc] GC(1824) Pause Young (Allocation Failure) 117M->117M(228M) 116.572ms
[2020-01-29T21:50:05.419+0300][171.323s][info][gc] GC(1825) Pause Young (Allocation Failure) 165M->165M(228M) 116.632ms
[2020-01-29T21:50:05.469+0300][171.370s][info][gc] GC(1826) Pause Full (Ergonomics) 165M->31M(228M) 47.290ms
[2020-01-29T21:50:05.534+0300][171.436s][info][gc] GC(1827) Pause Young (Allocation Failure) 60M->60M(228M) 62.162ms
[2020-01-29T21:50:05.649+0300][171.553s][info][gc] GC(1828) Pause Young (Allocation Failure) 89M->89M(228M) 113.435ms
[2020-01-29T21:50:05.764+0300][171.666s][info][gc] GC(1829) Pause Young (Allocation Failure) 118M->118M(228M) 109.247ms
[2020-01-29T21:50:05.904+0300][171.806s][info][gc] GC(1830) Pause Young (Allocation Failure) 166M->166M(228M) 118.652ms
[2020-01-29T21:50:05.959+0300][171.860s][info][gc] GC(1831) Pause Full (Ergonomics) 166M->32M(228M) 54.878ms
[2020-01-29T21:50:06.019+0300][171.924s][info][gc] GC(1832) Pause Young (Allocation Failure) 61M->61M(228M) 60.285ms
[2020-01-29T21:50:06.136+0300][172.038s][info][gc] GC(1833) Pause Young (Allocation Failure) 90M->90M(228M) 109.400ms
[2020-01-29T21:50:06.257+0300][172.158s][info][gc] GC(1834) Pause Young (Allocation Failure) 119M->119M(228M) 116.981ms
[2020-01-29T21:50:06.343+0300][172.245s][info][gc] GC(1835) Pause Young (Allocation Failure) 167M->167M(228M) 71.951ms
[2020-01-29T21:50:06.388+0300][172.290s][info][gc] GC(1836) Pause Full (Ergonomics) 167M->33M(228M) 45.216ms
[2020-01-29T21:50:06.452+0300][172.354s][info][gc] GC(1837) Pause Young (Allocation Failure) 62M->62M(228M) 59.974ms
[2020-01-29T21:50:06.575+0300][172.477s][info][gc] GC(1838) Pause Young (Allocation Failure) 91M->91M(228M) 119.250ms
[2020-01-29T21:50:06.696+0300][172.597s][info][gc] GC(1839) Pause Young (Allocation Failure) 120M->121M(228M) 117.109ms
[2020-01-29T21:50:06.831+0300][172.733s][info][gc] GC(1840) Pause Young (Allocation Failure) 169M->169M(228M) 120.775ms
[2020-01-29T21:50:06.901+0300][172.802s][info][gc] GC(1841) Pause Full (Ergonomics) 169M->35M(228M) 68.977ms
[2020-01-29T21:50:06.968+0300][172.870s][info][gc] GC(1842) Pause Young (Allocation Failure) 64M->64M(228M) 64.514ms
[2020-01-29T21:50:07.093+0300][172.995s][info][gc] GC(1843) Pause Young (Allocation Failure) 93M->93M(228M) 121.429ms
[2020-01-29T21:50:07.213+0300][173.115s][info][gc] GC(1844) Pause Young (Allocation Failure) 122M->122M(228M) 115.715ms
[2020-01-29T21:50:07.304+0300][173.206s][info][gc] GC(1845) Pause Young (Allocation Failure) 170M->170M(228M) 76.205ms
[2020-01-29T21:50:07.367+0300][173.268s][info][gc] GC(1846) Pause Full (Ergonomics) 170M->36M(228M) 62.322ms
[2020-01-29T21:50:07.435+0300][173.336s][info][gc] GC(1847) Pause Young (Allocation Failure) 65M->65M(228M) 64.199ms
[2020-01-29T21:50:07.557+0300][173.459s][info][gc] GC(1848) Pause Young (Allocation Failure) 94M->94M(228M) 118.883ms
[2020-01-29T21:50:07.676+0300][173.578s][info][gc] GC(1849) Pause Young (Allocation Failure) 123M->123M(228M) 115.340ms
[2020-01-29T21:50:07.811+0300][173.712s][info][gc] GC(1850) Pause Young (Allocation Failure) 171M->171M(228M) 119.826ms
[2020-01-29T21:50:07.892+0300][173.794s][info][gc] GC(1851) Pause Full (Ergonomics) 171M->37M(228M) 81.712ms
[2020-01-29T21:50:07.960+0300][173.862s][info][gc] GC(1852) Pause Young (Allocation Failure) 66M->66M(228M) 63.895ms
[2020-01-29T21:50:08.078+0300][173.980s][info][gc] GC(1853) Pause Young (Allocation Failure) 95M->95M(228M) 114.466ms
[2020-01-29T21:50:08.194+0300][174.095s][info][gc] GC(1854) Pause Young (Allocation Failure) 124M->124M(228M) 111.105ms
[2020-01-29T21:50:08.281+0300][174.183s][info][gc] GC(1855) Pause Young (Allocation Failure) 172M->172M(228M) 72.710ms
[2020-01-29T21:50:08.352+0300][174.253s][info][gc] GC(1856) Pause Full (Ergonomics) 172M->38M(228M) 70.027ms
[2020-01-29T21:50:08.417+0300][174.318s][info][gc] GC(1857) Pause Young (Allocation Failure) 67M->67M(228M) 61.585ms
[2020-01-29T21:50:08.539+0300][174.440s][info][gc] GC(1858) Pause Young (Allocation Failure) 96M->96M(228M) 117.980ms
[2020-01-29T21:50:08.658+0300][174.559s][info][gc] GC(1859) Pause Young (Allocation Failure) 125M->126M(228M) 115.728ms
[2020-01-29T21:50:08.796+0300][174.698s][info][gc] GC(1860) Pause Young (Allocation Failure) 174M->174M(228M) 123.390ms
[2020-01-29T21:50:08.889+0300][174.790s][info][gc] GC(1861) Pause Full (Ergonomics) 174M->40M(228M) 92.591ms
[2020-01-29T21:50:08.955+0300][174.856s][info][gc] GC(1862) Pause Young (Allocation Failure) 69M->69M(228M) 62.117ms
[2020-01-29T21:50:09.071+0300][174.973s][info][gc] GC(1863) Pause Young (Allocation Failure) 98M->98M(228M) 113.462ms
[2020-01-29T21:50:09.185+0300][175.086s][info][gc] GC(1864) Pause Young (Allocation Failure) 127M->127M(228M) 108.377ms
[2020-01-29T21:50:09.277+0300][175.179s][info][gc] GC(1865) Pause Young (Allocation Failure) 156M->156M(228M) 79.887ms
[2020-01-29T21:50:09.289+0300][175.190s][info][gc] GC(1866) Pause Full (Ergonomics) 156M->22M(228M) 11.124ms
[2020-01-29T21:50:09.353+0300][175.254s][info][gc] GC(1867) Pause Young (Allocation Failure) 51M->51M(228M) 61.103ms
[2020-01-29T21:50:09.468+0300][175.369s][info][gc] GC(1868) Pause Young (Allocation Failure) 80M->80M(228M) 111.280ms
[2020-01-29T21:50:09.585+0300][175.487s][info][gc] GC(1869) Pause Young (Allocation Failure) 109M->109M(228M) 114.041ms
[2020-01-29T21:50:09.708+0300][175.609s][info][gc] GC(1870) Pause Young (Allocation Failure) 157M->157M(228M) 107.918ms
[2020-01-29T21:50:09.727+0300][175.629s][info][gc] GC(1871) Pause Full (Ergonomics) 157M->23M(228M) 20.158ms
[2020-01-29T21:50:09.792+0300][175.694s][info][gc] GC(1872) Pause Young (Allocation Failure) 52M->52M(228M) 61.020ms
[2020-01-29T21:50:09.908+0300][175.809s][info][gc] GC(1873) Pause Young (Allocation Failure) 81M->81M(228M) 111.621ms
[2020-01-29T21:50:10.026+0300][175.927s][info][gc] GC(1874) Pause Young (Allocation Failure) 110M->110M(228M) 114.305ms
[2020-01-29T21:50:10.166+0300][176.069s][info][gc] GC(1875) Pause Young (Allocation Failure) 158M->158M(228M) 126.142ms
[2020-01-29T21:50:10.196+0300][176.098s][info][gc] GC(1876) Pause Full (Ergonomics) 158M->24M(228M) 29.198ms
[2020-01-29T21:50:10.256+0300][176.161s][info][gc] GC(1877) Pause Young (Allocation Failure) 53M->53M(228M) 58.774ms
[2020-01-29T21:50:10.377+0300][176.279s][info][gc] GC(1878) Pause Young (Allocation Failure) 82M->82M(228M) 114.759ms
[2020-01-29T21:50:10.494+0300][176.398s][info][gc] GC(1879) Pause Young (Allocation Failure) 111M->111M(228M) 115.268ms
[2020-01-29T21:50:10.609+0300][176.513s][info][gc] GC(1880) Pause Young (Allocation Failure) 159M->160M(228M) 101.538ms
[2020-01-29T21:50:10.639+0300][176.541s][info][gc] GC(1881) Pause Full (Ergonomics) 160M->26M(228M) 27.532ms
[2020-01-29T21:50:10.699+0300][176.605s][info][gc] GC(1882) Pause Young (Allocation Failure) 55M->55M(228M) 60.554ms
[2020-01-29T21:50:10.819+0300][176.724s][info][gc] GC(1883) Pause Young (Allocation Failure) 84M->84M(228M) 116.124ms
[2020-01-29T21:50:10.939+0300][176.843s][info][gc] GC(1884) Pause Young (Allocation Failure) 113M->113M(228M) 114.969ms
[2020-01-29T21:50:11.064+0300][176.967s][info][gc] GC(1885) Pause Young (Allocation Failure) 161M->161M(228M) 95.843ms
[2020-01-29T21:50:11.100+0300][177.002s][info][gc] GC(1886) Pause Full (Ergonomics) 161M->27M(228M) 34.116ms
[2020-01-29T21:50:11.165+0300][177.067s][info][gc] GC(1887) Pause Young (Allocation Failure) 56M->56M(228M) 60.750ms
[2020-01-29T21:50:11.279+0300][177.181s][info][gc] GC(1888) Pause Young (Allocation Failure) 85M->85M(228M) 110.216ms
[2020-01-29T21:50:11.398+0300][177.299s][info][gc] GC(1889) Pause Young (Allocation Failure) 114M->114M(228M) 114.683ms
[2020-01-29T21:50:11.503+0300][177.405s][info][gc] GC(1890) Pause Young (Allocation Failure) 162M->162M(228M) 92.165ms
[2020-01-29T21:50:11.537+0300][177.439s][info][gc] GC(1891) Pause Full (Ergonomics) 162M->28M(228M) 33.603ms
[2020-01-29T21:50:11.603+0300][177.505s][info][gc] GC(1892) Pause Young (Allocation Failure) 57M->57M(228M) 62.373ms
[2020-01-29T21:50:11.724+0300][177.625s][info][gc] GC(1893) Pause Young (Allocation Failure) 86M->86M(228M) 116.943ms
[2020-01-29T21:50:11.841+0300][177.743s][info][gc] GC(1894) Pause Young (Allocation Failure) 115M->115M(228M) 114.046ms
[2020-01-29T21:50:11.948+0300][177.849s][info][gc] GC(1895) Pause Young (Allocation Failure) 163M->163M(228M) 91.116ms
[2020-01-29T21:50:11.990+0300][177.892s][info][gc] GC(1896) Pause Full (Ergonomics) 163M->29M(228M) 42.261ms
[2020-01-29T21:50:12.057+0300][177.958s][info][gc] GC(1897) Pause Young (Allocation Failure) 58M->58M(228M) 62.791ms
[2020-01-29T21:50:12.179+0300][178.080s][info][gc] GC(1898) Pause Young (Allocation Failure) 87M->87M(228M) 117.713ms
[2020-01-29T21:50:12.300+0300][178.202s][info][gc] GC(1899) Pause Young (Allocation Failure) 116M->116M(228M) 118.893ms
[2020-01-29T21:50:12.402+0300][178.304s][info][gc] GC(1900) Pause Young (Allocation Failure) 164M->165M(228M) 87.365ms
[2020-01-29T21:50:12.449+0300][178.350s][info][gc] GC(1901) Pause Full (Ergonomics) 165M->31M(228M) 45.835ms
[2020-01-29T21:50:12.518+0300][178.419s][info][gc] GC(1902) Pause Young (Allocation Failure) 60M->60M(228M) 65.162ms
[2020-01-29T21:50:12.633+0300][178.535s][info][gc] GC(1903) Pause Young (Allocation Failure) 89M->89M(228M) 112.456ms
[2020-01-29T21:50:12.753+0300][178.654s][info][gc] GC(1904) Pause Young (Allocation Failure) 118M->118M(228M) 115.224ms
[2020-01-29T21:50:12.851+0300][178.752s][info][gc] GC(1905) Pause Young (Allocation Failure) 166M->166M(228M) 83.011ms
[2020-01-29T21:50:12.899+0300][178.801s][info][gc] GC(1906) Pause Full (Ergonomics) 166M->32M(228M) 48.546ms
[2020-01-29T21:50:12.966+0300][178.867s][info][gc] GC(1907) Pause Young (Allocation Failure) 61M->61M(228M) 62.978ms
[2020-01-29T21:50:13.080+0300][178.982s][info][gc] GC(1908) Pause Young (Allocation Failure) 90M->90M(228M) 110.754ms
[2020-01-29T21:50:13.198+0300][179.100s][info][gc] GC(1909) Pause Young (Allocation Failure) 119M->119M(228M) 114.654ms
[2020-01-29T21:50:13.294+0300][179.195s][info][gc] GC(1910) Pause Young (Allocation Failure) 167M->167M(228M) 79.817ms
[2020-01-29T21:50:13.348+0300][179.250s][info][gc] GC(1911) Pause Full (Ergonomics) 167M->33M(228M) 54.179ms
[2020-01-29T21:50:13.412+0300][179.313s][info][gc] GC(1912) Pause Young (Allocation Failure) 62M->62M(228M) 59.738ms
[2020-01-29T21:50:13.532+0300][179.434s][info][gc] GC(1913) Pause Young (Allocation Failure) 91M->91M(228M) 117.256ms
[2020-01-29T21:50:13.646+0300][179.547s][info][gc] GC(1914) Pause Young (Allocation Failure) 120M->120M(228M) 110.048ms
[2020-01-29T21:50:13.738+0300][179.640s][info][gc] GC(1915) Pause Young (Allocation Failure) 168M->168M(228M) 77.378ms
[2020-01-29T21:50:13.796+0300][179.697s][info][gc] GC(1916) Pause Full (Ergonomics) 168M->34M(228M) 57.229ms
[2020-01-29T21:50:13.862+0300][179.763s][info][gc] GC(1917) Pause Young (Allocation Failure) 63M->63M(228M) 62.747ms
[2020-01-29T21:50:13.981+0300][179.882s][info][gc] GC(1918) Pause Young (Allocation Failure) 92M->92M(228M) 115.304ms
[2020-01-29T21:50:14.098+0300][180.000s][info][gc] GC(1919) Pause Young (Allocation Failure) 121M->121M(228M) 113.767ms
[2020-01-29T21:50:14.195+0300][180.097s][info][gc] GC(1920) Pause Young (Allocation Failure) 170M->169M(228M) 80.708ms
[2020-01-29T21:50:14.258+0300][180.159s][info][gc] GC(1921) Pause Full (Ergonomics) 169M->35M(228M) 62.078ms
[2020-01-29T21:50:14.324+0300][180.225s][info][gc] GC(1922) Pause Young (Allocation Failure) 64M->64M(228M) 62.294ms
[2020-01-29T21:50:14.442+0300][180.343s][info][gc] GC(1923) Pause Young (Allocation Failure) 93M->94M(228M) 114.275ms
[2020-01-29T21:50:14.562+0300][180.464s][info][gc] GC(1924) Pause Young (Allocation Failure) 123M->123M(228M) 117.304ms
[2020-01-29T21:50:14.653+0300][180.554s][info][gc] GC(1925) Pause Young (Allocation Failure) 171M->171M(228M) 75.759ms
[2020-01-29T21:50:14.719+0300][180.621s][info][gc] GC(1926) Pause Full (Ergonomics) 171M->37M(228M) 66.199ms
[2020-01-29T21:50:14.787+0300][180.688s][info][gc] GC(1927) Pause Young (Allocation Failure) 66M->66M(228M) 63.587ms
[2020-01-29T21:50:14.907+0300][180.809s][info][gc] GC(1928) Pause Young (Allocation Failure) 95M->95M(228M) 117.137ms
[2020-01-29T21:50:15.023+0300][180.925s][info][gc] GC(1929) Pause Young (Allocation Failure) 124M->124M(228M) 112.618ms
[2020-01-29T21:50:15.117+0300][181.018s][info][gc] GC(1930) Pause Young (Allocation Failure) 172M->172M(228M) 78.496ms
[2020-01-29T21:50:15.193+0300][181.094s][info][gc] GC(1931) Pause Full (Ergonomics) 172M->38M(228M) 75.150ms
[2020-01-29T21:50:15.256+0300][181.158s][info][gc] GC(1932) Pause Young (Allocation Failure) 67M->67M(228M) 60.685ms
[2020-01-29T21:50:15.377+0300][181.278s][info][gc] GC(1933) Pause Young (Allocation Failure) 96M->96M(228M) 116.688ms
[2020-01-29T21:50:15.493+0300][181.394s][info][gc] GC(1934) Pause Young (Allocation Failure) 125M->125M(228M) 111.884ms
[2020-01-29T21:50:15.580+0300][181.481s][info][gc] GC(1935) Pause Young (Allocation Failure) 173M->173M(228M) 72.174ms
[2020-01-29T21:50:15.653+0300][181.555s][info][gc] GC(1936) Pause Full (Ergonomics) 173M->39M(228M) 73.628ms
[2020-01-29T21:50:15.720+0300][181.621s][info][gc] GC(1937) Pause Young (Allocation Failure) 68M->68M(228M) 62.958ms
[2020-01-29T21:50:15.837+0300][181.739s][info][gc] GC(1938) Pause Young (Allocation Failure) 97M->97M(228M) 113.900ms
[2020-01-29T21:50:15.958+0300][181.860s][info][gc] GC(1939) Pause Young (Allocation Failure) 126M->126M(228M) 117.510ms
[2020-01-29T21:50:16.049+0300][181.951s][info][gc] GC(1940) Pause Young (Allocation Failure) 155M->155M(228M) 78.564ms
[2020-01-29T21:50:16.060+0300][181.962s][info][gc] GC(1941) Pause Full (Ergonomics) 155M->22M(228M) 11.128ms
[2020-01-29T21:50:16.121+0300][182.022s][info][gc] GC(1942) Pause Young (Allocation Failure) 51M->50M(228M) 55.817ms
[2020-01-29T21:50:16.237+0300][182.138s][info][gc] GC(1943) Pause Young (Allocation Failure) 79M->79M(228M) 112.073ms
[2020-01-29T21:50:16.352+0300][182.254s][info][gc] GC(1944) Pause Young (Allocation Failure) 108M->109M(228M) 112.505ms
[2020-01-29T21:50:16.493+0300][182.394s][info][gc] GC(1945) Pause Young (Allocation Failure) 157M->157M(228M) 125.605ms
[2020-01-29T21:50:16.514+0300][182.415s][info][gc] GC(1946) Pause Full (Ergonomics) 157M->23M(228M) 20.404ms
[2020-01-29T21:50:16.577+0300][182.479s][info][gc] GC(1947) Pause Young (Allocation Failure) 52M->52M(228M) 60.664ms
[2020-01-29T21:50:16.690+0300][182.591s][info][gc] GC(1948) Pause Young (Allocation Failure) 81M->81M(228M) 108.361ms
[2020-01-29T21:50:16.809+0300][182.710s][info][gc] GC(1949) Pause Young (Allocation Failure) 110M->110M(228M) 114.989ms
[2020-01-29T21:50:16.929+0300][182.831s][info][gc] GC(1950) Pause Young (Allocation Failure) 158M->158M(228M) 106.658ms
[2020-01-29T21:50:16.950+0300][182.852s][info][gc] GC(1951) Pause Full (Ergonomics) 158M->24M(228M) 20.861ms
[2020-01-29T21:50:17.012+0300][182.914s][info][gc] GC(1952) Pause Young (Allocation Failure) 53M->53M(228M) 57.715ms
[2020-01-29T21:50:17.125+0300][183.027s][info][gc] GC(1953) Pause Young (Allocation Failure) 82M->82M(228M) 109.409ms
[2020-01-29T21:50:17.247+0300][183.148s][info][gc] GC(1954) Pause Young (Allocation Failure) 111M->111M(228M) 117.285ms
[2020-01-29T21:50:17.389+0300][183.290s][info][gc] GC(1955) Pause Young (Allocation Failure) 159M->159M(228M) 127.574ms
[2020-01-29T21:50:17.423+0300][183.324s][info][gc] GC(1956) Pause Full (Ergonomics) 159M->25M(228M) 33.771ms
[2020-01-29T21:50:17.486+0300][183.388s][info][gc] GC(1957) Pause Young (Allocation Failure) 54M->54M(228M) 59.786ms
[2020-01-29T21:50:17.604+0300][183.506s][info][gc] GC(1958) Pause Young (Allocation Failure) 83M->83M(228M) 114.856ms
[2020-01-29T21:50:17.725+0300][183.627s][info][gc] GC(1959) Pause Young (Allocation Failure) 112M->112M(228M) 116.942ms
[2020-01-29T21:50:17.841+0300][183.741s][info][gc] GC(1960) Pause Young (Allocation Failure) 160M->160M(228M) 100.431ms
[2020-01-29T21:50:17.869+0300][183.771s][info][gc] GC(1961) Pause Full (Ergonomics) 160M->26M(228M) 29.739ms
[2020-01-29T21:50:17.937+0300][183.838s][info][gc] GC(1962) Pause Young (Allocation Failure) 55M->56M(228M) 63.353ms
[2020-01-29T21:50:18.057+0300][183.959s][info][gc] GC(1963) Pause Young (Allocation Failure) 85M->85M(228M) 117.280ms
[2020-01-29T21:50:18.171+0300][184.072s][info][gc] GC(1964) Pause Young (Allocation Failure) 114M->113M(228M) 108.897ms
[2020-01-29T21:50:18.283+0300][184.185s][info][gc] GC(1965) Pause Young (Allocation Failure) 162M->162M(228M) 97.616ms
[2020-01-29T21:50:18.317+0300][184.219s][info][gc] GC(1966) Pause Full (Ergonomics) 162M->28M(228M) 34.020ms
[2020-01-29T21:50:18.382+0300][184.283s][info][gc] GC(1967) Pause Young (Allocation Failure) 57M->57M(228M) 61.096ms
[2020-01-29T21:50:18.500+0300][184.401s][info][gc] GC(1968) Pause Young (Allocation Failure) 86M->86M(228M) 113.892ms
[2020-01-29T21:50:18.617+0300][184.519s][info][gc] GC(1969) Pause Young (Allocation Failure) 115M->115M(228M) 114.412ms
[2020-01-29T21:50:18.759+0300][184.660s][info][gc] GC(1970) Pause Young (Allocation Failure) 163M->163M(228M) 126.478ms
[2020-01-29T21:50:18.810+0300][184.711s][info][gc] GC(1971) Pause Full (Ergonomics) 163M->29M(228M) 50.718ms
[2020-01-29T21:50:18.876+0300][184.777s][info][gc] GC(1972) Pause Young (Allocation Failure) 58M->58M(228M) 62.441ms
[2020-01-29T21:50:18.992+0300][184.894s][info][gc] GC(1973) Pause Young (Allocation Failure) 87M->87M(228M) 113.543ms
[2020-01-29T21:50:19.108+0300][185.009s][info][gc] GC(1974) Pause Young (Allocation Failure) 116M->116M(228M) 111.343ms
[2020-01-29T21:50:19.209+0300][185.110s][info][gc] GC(1975) Pause Young (Allocation Failure) 164M->164M(228M) 85.902ms
[2020-01-29T21:50:19.253+0300][185.154s][info][gc] GC(1976) Pause Full (Ergonomics) 164M->30M(228M) 43.834ms
[2020-01-29T21:50:19.319+0300][185.219s][info][gc] GC(1977) Pause Young (Allocation Failure) 59M->59M(228M) 61.595ms
[2020-01-29T21:50:19.438+0300][185.339s][info][gc] GC(1978) Pause Young (Allocation Failure) 88M->88M(228M) 115.992ms
[2020-01-29T21:50:19.563+0300][185.464s][info][gc] GC(1979) Pause Young (Allocation Failure) 117M->117M(228M) 121.372ms
[2020-01-29T21:50:19.700+0300][185.601s][info][gc] GC(1980) Pause Young (Allocation Failure) 165M->165M(228M) 122.184ms
[2020-01-29T21:50:19.756+0300][185.658s][info][gc] GC(1981) Pause Full (Ergonomics) 165M->31M(228M) 56.601ms
[2020-01-29T21:50:19.820+0300][185.721s][info][gc] GC(1982) Pause Young (Allocation Failure) 60M->60M(228M) 60.051ms
[2020-01-29T21:50:19.940+0300][185.842s][info][gc] GC(1983) Pause Young (Allocation Failure) 89M->90M(228M) 116.760ms
[2020-01-29T21:50:20.061+0300][185.962s][info][gc] GC(1984) Pause Young (Allocation Failure) 119M->119M(228M) 116.428ms
[2020-01-29T21:50:20.158+0300][186.062s][info][gc] GC(1985) Pause Young (Allocation Failure) 167M->167M(228M) 85.097ms
[2020-01-29T21:50:20.209+0300][186.113s][info][gc] GC(1986) Pause Full (Ergonomics) 167M->33M(228M) 51.393ms
[2020-01-29T21:50:20.279+0300][186.182s][info][gc] GC(1987) Pause Young (Allocation Failure) 62M->62M(228M) 64.413ms
[2020-01-29T21:50:20.394+0300][186.296s][info][gc] GC(1988) Pause Young (Allocation Failure) 91M->91M(228M) 110.997ms
[2020-01-29T21:50:20.514+0300][186.415s][info][gc] GC(1989) Pause Young (Allocation Failure) 120M->120M(228M) 115.747ms
[2020-01-29T21:50:20.651+0300][186.552s][info][gc] GC(1990) Pause Young (Allocation Failure) 168M->168M(228M) 122.196ms
[2020-01-29T21:50:20.721+0300][186.623s][info][gc] GC(1991) Pause Full (Ergonomics) 168M->34M(228M) 70.817ms
[2020-01-29T21:50:20.788+0300][186.690s][info][gc] GC(1992) Pause Young (Allocation Failure) 63M->63M(228M) 62.775ms
[2020-01-29T21:50:20.906+0300][186.808s][info][gc] GC(1993) Pause Young (Allocation Failure) 92M->92M(228M) 114.191ms
[2020-01-29T21:50:21.023+0300][186.924s][info][gc] GC(1994) Pause Young (Allocation Failure) 121M->121M(228M) 112.837ms
[2020-01-29T21:50:21.118+0300][187.020s][info][gc] GC(1995) Pause Young (Allocation Failure) 169M->169M(228M) 79.974ms
[2020-01-29T21:50:21.175+0300][187.076s][info][gc] GC(1996) Pause Full (Ergonomics) 169M->35M(228M) 56.275ms
[2020-01-29T21:50:21.242+0300][187.144s][info][gc] GC(1997) Pause Young (Allocation Failure) 64M->64M(228M) 63.640ms
[2020-01-29T21:50:21.363+0300][187.264s][info][gc] GC(1998) Pause Young (Allocation Failure) 93M->93M(228M) 116.581ms
[2020-01-29T21:50:21.484+0300][187.386s][info][gc] GC(1999) Pause Young (Allocation Failure) 122M->122M(228M) 118.230ms
[2020-01-29T21:50:21.620+0300][187.522s][info][gc] GC(2000) Pause Young (Allocation Failure) 170M->170M(228M) 121.076ms
[2020-01-29T21:50:21.705+0300][187.606s][info][gc] GC(2001) Pause Full (Ergonomics) 170M->36M(228M) 84.156ms
[2020-01-29T21:50:21.771+0300][187.672s][info][gc] GC(2002) Pause Young (Allocation Failure) 65M->65M(228M) 62.618ms
[2020-01-29T21:50:21.892+0300][187.794s][info][gc] GC(2003) Pause Young (Allocation Failure) 94M->94M(228M) 117.746ms
[2020-01-29T21:50:22.011+0300][187.913s][info][gc] GC(2004) Pause Young (Allocation Failure) 123M->124M(228M) 115.454ms
[2020-01-29T21:50:22.150+0300][188.051s][info][gc] GC(2005) Pause Young (Allocation Failure) 172M->172M(228M) 122.165ms
[2020-01-29T21:50:22.236+0300][188.138s][info][gc] GC(2006) Pause Full (Ergonomics) 172M->38M(228M) 87.296ms
[2020-01-29T21:50:22.302+0300][188.204s][info][gc] GC(2007) Pause Young (Allocation Failure) 67M->67M(228M) 62.029ms
[2020-01-29T21:50:22.426+0300][188.327s][info][gc] GC(2008) Pause Young (Allocation Failure) 96M->96M(228M) 119.629ms
[2020-01-29T21:50:22.542+0300][188.444s][info][gc] GC(2009) Pause Young (Allocation Failure) 125M->125M(228M) 113.493ms
[2020-01-29T21:50:22.632+0300][188.534s][info][gc] GC(2010) Pause Young (Allocation Failure) 173M->173M(228M) 74.277ms
[2020-01-29T21:50:22.708+0300][188.609s][info][gc] GC(2011) Pause Full (Ergonomics) 173M->39M(228M) 75.187ms
[2020-01-29T21:50:22.774+0300][188.675s][info][gc] GC(2012) Pause Young (Allocation Failure) 68M->68M(228M) 61.665ms
[2020-01-29T21:50:22.904+0300][188.805s][info][gc] GC(2013) Pause Young (Allocation Failure) 97M->97M(228M) 124.950ms
[2020-01-29T21:50:23.025+0300][188.927s][info][gc] GC(2014) Pause Young (Allocation Failure) 126M->126M(228M) 117.769ms
[2020-01-29T21:50:23.164+0300][189.065s][info][gc] GC(2015) Pause Young (Allocation Failure) 174M->174M(228M) 123.671ms
[2020-01-29T21:50:23.261+0300][189.162s][info][gc] GC(2016) Pause Full (Ergonomics) 174M->40M(228M) 96.893ms
[2020-01-29T21:50:23.329+0300][189.231s][info][gc] GC(2017) Pause Young (Allocation Failure) 69M->69M(228M) 65.106ms
[2020-01-29T21:50:23.447+0300][189.349s][info][gc] GC(2018) Pause Young (Allocation Failure) 98M->98M(228M) 113.998ms
[2020-01-29T21:50:23.568+0300][189.469s][info][gc] GC(2019) Pause Young (Allocation Failure) 127M->127M(228M) 116.936ms
[2020-01-29T21:50:23.658+0300][189.559s][info][gc] GC(2020) Pause Young (Allocation Failure) 156M->156M(228M) 77.695ms
[2020-01-29T21:50:23.671+0300][189.573s][info][gc] GC(2021) Pause Full (Ergonomics) 156M->22M(228M) 13.370ms
[2020-01-29T21:50:23.734+0300][189.635s][info][gc] GC(2022) Pause Young (Allocation Failure) 51M->51M(228M) 59.009ms
[2020-01-29T21:50:23.850+0300][189.752s][info][gc] GC(2023) Pause Young (Allocation Failure) 80M->80M(228M) 112.524ms
[2020-01-29T21:50:23.972+0300][189.874s][info][gc] GC(2024) Pause Young (Allocation Failure) 109M->109M(228M) 118.007ms
[2020-01-29T21:50:24.092+0300][189.994s][info][gc] GC(2025) Pause Young (Allocation Failure) 158M->158M(228M) 105.417ms
[2020-01-29T21:50:24.113+0300][190.014s][info][gc] GC(2026) Pause Full (Ergonomics) 158M->24M(228M) 20.100ms
[2020-01-29T21:50:24.176+0300][190.078s][info][gc] GC(2027) Pause Young (Allocation Failure) 53M->52M(228M) 58.958ms
[2020-01-29T21:50:24.293+0300][190.195s][info][gc] GC(2028) Pause Young (Allocation Failure) 81M->82M(228M) 114.024ms
[2020-01-29T21:50:24.410+0300][190.312s][info][gc] GC(2029) Pause Young (Allocation Failure) 111M->111M(228M) 112.957ms
[2020-01-29T21:50:24.530+0300][190.431s][info][gc] GC(2030) Pause Young (Allocation Failure) 159M->159M(228M) 104.491ms
[2020-01-29T21:50:24.553+0300][190.454s][info][gc] GC(2031) Pause Full (Ergonomics) 159M->25M(228M) 23.002ms
[2020-01-29T21:50:24.618+0300][190.520s][info][gc] GC(2032) Pause Young (Allocation Failure) 54M->54M(228M) 62.459ms
[2020-01-29T21:50:24.738+0300][190.639s][info][gc] GC(2033) Pause Young (Allocation Failure) 83M->83M(228M) 115.245ms
[2020-01-29T21:50:24.859+0300][190.760s][info][gc] GC(2034) Pause Young (Allocation Failure) 112M->112M(228M) 118.055ms
[2020-01-29T21:50:24.976+0300][190.877s][info][gc] GC(2035) Pause Young (Allocation Failure) 160M->160M(228M) 102.225ms
[2020-01-29T21:50:25.005+0300][190.907s][info][gc] GC(2036) Pause Full (Ergonomics) 160M->26M(228M) 29.041ms
[2020-01-29T21:50:25.071+0300][190.973s][info][gc] GC(2037) Pause Young (Allocation Failure) 55M->55M(228M) 62.910ms
[2020-01-29T21:50:25.187+0300][191.088s][info][gc] GC(2038) Pause Young (Allocation Failure) 84M->84M(228M) 110.572ms
[2020-01-29T21:50:25.308+0300][191.209s][info][gc] GC(2039) Pause Young (Allocation Failure) 113M->113M(228M) 117.599ms
[2020-01-29T21:50:25.417+0300][191.319s][info][gc] GC(2040) Pause Young (Allocation Failure) 161M->161M(228M) 94.868ms
[2020-01-29T21:50:25.453+0300][191.355s][info][gc] GC(2041) Pause Full (Ergonomics) 161M->27M(228M) 35.514ms
[2020-01-29T21:50:25.519+0300][191.421s][info][gc] GC(2042) Pause Young (Allocation Failure) 56M->56M(228M) 62.636ms
[2020-01-29T21:50:25.635+0300][191.536s][info][gc] GC(2043) Pause Young (Allocation Failure) 85M->85M(228M) 111.371ms
[2020-01-29T21:50:25.759+0300][191.660s][info][gc] GC(2044) Pause Young (Allocation Failure) 114M->114M(228M) 121.078ms
[2020-01-29T21:50:25.867+0300][191.769s][info][gc] GC(2045) Pause Young (Allocation Failure) 162M->163M(228M) 93.890ms
[2020-01-29T21:50:25.905+0300][191.806s][info][gc] GC(2046) Pause Full (Ergonomics) 163M->29M(228M) 37.506ms
[2020-01-29T21:50:25.970+0300][191.872s][info][gc] GC(2047) Pause Young (Allocation Failure) 58M->58M(228M) 61.873ms
[2020-01-29T21:50:26.088+0300][191.989s][info][gc] GC(2048) Pause Young (Allocation Failure) 87M->87M(228M) 113.883ms
[2020-01-29T21:50:26.200+0300][192.101s][info][gc] GC(2049) Pause Young (Allocation Failure) 116M->116M(228M) 107.428ms
[2020-01-29T21:50:26.305+0300][192.207s][info][gc] GC(2050) Pause Young (Allocation Failure) 164M->164M(228M) 91.602ms
[2020-01-29T21:50:26.346+0300][192.248s][info][gc] GC(2051) Pause Full (Ergonomics) 164M->30M(228M) 41.144ms
[2020-01-29T21:50:26.414+0300][192.315s][info][gc] GC(2052) Pause Young (Allocation Failure) 59M->59M(228M) 63.462ms
[2020-01-29T21:50:26.533+0300][192.435s][info][gc] GC(2053) Pause Young (Allocation Failure) 88M->88M(228M) 115.905ms
[2020-01-29T21:50:26.660+0300][192.561s][info][gc] GC(2054) Pause Young (Allocation Failure) 117M->117M(228M) 122.629ms
[2020-01-29T21:50:26.760+0300][192.661s][info][gc] GC(2055) Pause Young (Allocation Failure) 165M->165M(228M) 85.983ms
[2020-01-29T21:50:26.806+0300][192.707s][info][gc] GC(2056) Pause Full (Ergonomics) 165M->31M(228M) 45.620ms
[2020-01-29T21:50:26.872+0300][192.774s][info][gc] GC(2057) Pause Young (Allocation Failure) 60M->60M(228M) 63.334ms
[2020-01-29T21:50:26.993+0300][192.894s][info][gc] GC(2058) Pause Young (Allocation Failure) 89M->89M(228M) 116.790ms
[2020-01-29T21:50:27.116+0300][193.017s][info][gc] GC(2059) Pause Young (Allocation Failure) 118M->118M(228M) 119.298ms
[2020-01-29T21:50:27.216+0300][193.117s][info][gc] GC(2060) Pause Young (Allocation Failure) 166M->166M(228M) 84.405ms
[2020-01-29T21:50:27.264+0300][193.166s][info][gc] GC(2061) Pause Full (Ergonomics) 166M->32M(228M) 48.411ms
[2020-01-29T21:50:27.332+0300][193.234s][info][gc] GC(2062) Pause Young (Allocation Failure) 61M->61M(228M) 64.397ms
[2020-01-29T21:50:27.451+0300][193.352s][info][gc] GC(2063) Pause Young (Allocation Failure) 90M->90M(228M) 114.324ms
[2020-01-29T21:50:27.565+0300][193.466s][info][gc] GC(2064) Pause Young (Allocation Failure) 119M->119M(228M) 110.129ms
[2020-01-29T21:50:27.660+0300][193.562s][info][gc] GC(2065) Pause Young (Allocation Failure) 167M->167M(228M) 81.134ms
[2020-01-29T21:50:27.711+0300][193.612s][info][gc] GC(2066) Pause Full (Ergonomics) 167M->34M(228M) 50.389ms
[2020-01-29T21:50:27.775+0300][193.677s][info][gc] GC(2067) Pause Young (Allocation Failure) 63M->63M(228M) 60.838ms
[2020-01-29T21:50:27.893+0300][193.795s][info][gc] GC(2068) Pause Young (Allocation Failure) 92M->92M(228M) 114.131ms
[2020-01-29T21:50:28.019+0300][193.921s][info][gc] GC(2069) Pause Young (Allocation Failure) 121M->121M(228M) 122.348ms
[2020-01-29T21:50:28.116+0300][194.018s][info][gc] GC(2070) Pause Young (Allocation Failure) 169M->169M(228M) 81.752ms
[2020-01-29T21:50:28.175+0300][194.077s][info][gc] GC(2071) Pause Full (Ergonomics) 169M->35M(228M) 59.037ms
[2020-01-29T21:50:28.241+0300][194.142s][info][gc] GC(2072) Pause Young (Allocation Failure) 64M->64M(228M) 61.201ms
[2020-01-29T21:50:28.360+0300][194.261s][info][gc] GC(2073) Pause Young (Allocation Failure) 93M->93M(228M) 114.910ms
[2020-01-29T21:50:28.477+0300][194.379s][info][gc] GC(2074) Pause Young (Allocation Failure) 122M->122M(228M) 114.276ms
[2020-01-29T21:50:28.569+0300][194.470s][info][gc] GC(2075) Pause Young (Allocation Failure) 170M->170M(228M) 76.951ms
[2020-01-29T21:50:28.633+0300][194.534s][info][gc] GC(2076) Pause Full (Ergonomics) 170M->36M(228M) 63.638ms
[2020-01-29T21:50:28.696+0300][194.597s][info][gc] GC(2077) Pause Young (Allocation Failure) 65M->65M(228M) 59.925ms
[2020-01-29T21:50:28.814+0300][194.716s][info][gc] GC(2078) Pause Young (Allocation Failure) 94M->94M(228M) 114.674ms
[2020-01-29T21:50:28.930+0300][194.831s][info][gc] GC(2079) Pause Young (Allocation Failure) 123M->123M(228M) 112.074ms
[2020-01-29T21:50:29.018+0300][194.919s][info][gc] GC(2080) Pause Young (Allocation Failure) 171M->171M(228M) 72.270ms
[2020-01-29T21:50:29.088+0300][194.989s][info][gc] GC(2081) Pause Full (Ergonomics) 171M->37M(228M) 69.804ms
[2020-01-29T21:50:29.151+0300][195.053s][info][gc] GC(2082) Pause Young (Allocation Failure) 66M->66M(228M) 59.493ms
[2020-01-29T21:50:29.269+0300][195.170s][info][gc] GC(2083) Pause Young (Allocation Failure) 95M->95M(228M) 114.002ms
[2020-01-29T21:50:29.390+0300][195.291s][info][gc] GC(2084) Pause Young (Allocation Failure) 124M->124M(228M) 117.432ms
[2020-01-29T21:50:29.480+0300][195.381s][info][gc] GC(2085) Pause Young (Allocation Failure) 172M->172M(228M) 74.163ms
[2020-01-29T21:50:29.551+0300][195.453s][info][gc] GC(2086) Pause Full (Ergonomics) 172M->38M(228M) 72.288ms
[2020-01-29T21:50:29.619+0300][195.520s][info][gc] GC(2087) Pause Young (Allocation Failure) 67M->67M(228M) 63.428ms
[2020-01-29T21:50:29.738+0300][195.640s][info][gc] GC(2088) Pause Young (Allocation Failure) 96M->97M(228M) 116.105ms
[2020-01-29T21:50:29.863+0300][195.765s][info][gc] GC(2089) Pause Young (Allocation Failure) 126M->126M(228M) 121.296ms
[2020-01-29T21:50:29.950+0300][195.852s][info][gc] GC(2090) Pause Young (Allocation Failure) 174M->174M(228M) 71.661ms
[2020-01-29T21:50:30.035+0300][195.936s][info][gc] GC(2091) Pause Full (Ergonomics) 174M->40M(228M) 84.296ms
[2020-01-29T21:50:30.101+0300][196.003s][info][gc] GC(2092) Pause Young (Allocation Failure) 69M->69M(228M) 63.689ms
[2020-01-29T21:50:30.226+0300][196.128s][info][gc] GC(2093) Pause Young (Allocation Failure) 98M->98M(228M) 120.121ms
[2020-01-29T21:50:30.347+0300][196.248s][info][gc] GC(2094) Pause Young (Allocation Failure) 127M->127M(228M) 116.701ms
[2020-01-29T21:50:30.441+0300][196.342s][info][gc] GC(2095) Pause Young (Allocation Failure) 156M->156M(228M) 81.662ms
[2020-01-29T21:50:30.453+0300][196.354s][info][gc] GC(2096) Pause Full (Ergonomics) 156M->22M(228M) 11.812ms
[2020-01-29T21:50:30.520+0300][196.421s][info][gc] GC(2097) Pause Young (Allocation Failure) 51M->51M(228M) 63.128ms
[2020-01-29T21:50:30.633+0300][196.535s][info][gc] GC(2098) Pause Young (Allocation Failure) 80M->80M(228M) 110.052ms
[2020-01-29T21:50:30.753+0300][196.655s][info][gc] GC(2099) Pause Young (Allocation Failure) 109M->109M(228M) 116.797ms
[2020-01-29T21:50:30.896+0300][196.797s][info][gc] GC(2100) Pause Young (Allocation Failure) 157M->157M(228M) 127.391ms
[2020-01-29T21:50:30.919+0300][196.820s][info][gc] GC(2101) Pause Full (Ergonomics) 157M->23M(228M) 22.641ms
[2020-01-29T21:50:30.988+0300][196.889s][info][gc] GC(2102) Pause Young (Allocation Failure) 52M->52M(228M) 64.298ms
[2020-01-29T21:50:31.104+0300][197.005s][info][gc] GC(2103) Pause Young (Allocation Failure) 81M->81M(228M) 112.074ms
[2020-01-29T21:50:31.222+0300][197.124s][info][gc] GC(2104) Pause Young (Allocation Failure) 110M->110M(228M) 114.223ms
[2020-01-29T21:50:31.342+0300][197.244s][info][gc] GC(2105) Pause Young (Allocation Failure) 158M->158M(228M) 105.134ms
[2020-01-29T21:50:31.365+0300][197.266s][info][gc] GC(2106) Pause Full (Ergonomics) 158M->24M(228M) 21.913ms
[2020-01-29T21:50:31.428+0300][197.329s][info][gc] GC(2107) Pause Young (Allocation Failure) 53M->53M(228M) 60.166ms
[2020-01-29T21:50:31.547+0300][197.448s][info][gc] GC(2108) Pause Young (Allocation Failure) 82M->82M(228M) 114.693ms
[2020-01-29T21:50:31.665+0300][197.566s][info][gc] GC(2109) Pause Young (Allocation Failure) 111M->112M(228M) 115.290ms
[2020-01-29T21:50:31.813+0300][197.714s][info][gc] GC(2110) Pause Young (Allocation Failure) 160M->160M(228M) 132.845ms
[2020-01-29T21:50:31.849+0300][197.751s][info][gc] GC(2111) Pause Full (Ergonomics) 160M->26M(228M) 36.726ms
[2020-01-29T21:50:31.925+0300][197.826s][info][gc] GC(2112) Pause Young (Allocation Failure) 55M->55M(228M) 70.750ms
[2020-01-29T21:50:32.043+0300][197.945s][info][gc] GC(2113) Pause Young (Allocation Failure) 84M->84M(228M) 114.900ms
[2020-01-29T21:50:32.172+0300][198.074s][info][gc] GC(2114) Pause Young (Allocation Failure) 113M->113M(228M) 125.417ms
[2020-01-29T21:50:32.286+0300][198.187s][info][gc] GC(2115) Pause Young (Allocation Failure) 161M->161M(228M) 98.127ms
[2020-01-29T21:50:32.315+0300][198.216s][info][gc] GC(2116) Pause Full (Ergonomics) 161M->27M(228M) 28.716ms
[2020-01-29T21:50:32.379+0300][198.281s][info][gc] GC(2117) Pause Young (Allocation Failure) 56M->56M(228M) 61.833ms
[2020-01-29T21:50:32.494+0300][198.395s][info][gc] GC(2118) Pause Young (Allocation Failure) 85M->85M(228M) 110.447ms
[2020-01-29T21:50:32.613+0300][198.514s][info][gc] GC(2119) Pause Young (Allocation Failure) 114M->114M(228M) 114.927ms
[2020-01-29T21:50:32.759+0300][198.661s][info][gc] GC(2120) Pause Young (Allocation Failure) 162M->162M(228M) 132.602ms
[2020-01-29T21:50:32.813+0300][198.715s][info][gc] GC(2121) Pause Full (Ergonomics) 162M->28M(228M) 53.623ms
[2020-01-29T21:50:32.883+0300][198.784s][info][gc] GC(2122) Pause Young (Allocation Failure) 57M->57M(228M) 65.621ms
[2020-01-29T21:50:33.000+0300][198.901s][info][gc] GC(2123) Pause Young (Allocation Failure) 86M->86M(228M) 113.526ms
[2020-01-29T21:50:33.122+0300][199.023s][info][gc] GC(2124) Pause Young (Allocation Failure) 115M->115M(228M) 117.693ms
[2020-01-29T21:50:33.261+0300][199.162s][info][gc] GC(2125) Pause Young (Allocation Failure) 163M->163M(228M) 124.988ms
[2020-01-29T21:50:33.309+0300][199.211s][info][gc] GC(2126) Pause Full (Ergonomics) 163M->29M(228M) 47.970ms
[2020-01-29T21:50:33.367+0300][199.269s][info][gc] GC(2127) Pause Young (Allocation Failure) 58M->58M(228M) 53.978ms
[2020-01-29T21:50:33.485+0300][199.387s][info][gc] GC(2128) Pause Young (Allocation Failure) 87M->87M(228M) 114.505ms
[2020-01-29T21:50:33.604+0300][199.505s][info][gc] GC(2129) Pause Young (Allocation Failure) 116M->116M(228M) 114.480ms
[2020-01-29T21:50:33.709+0300][199.610s][info][gc] GC(2130) Pause Young (Allocation Failure) 165M->165M(228M) 89.616ms
[2020-01-29T21:50:33.752+0300][199.654s][info][gc] GC(2131) Pause Full (Ergonomics) 165M->31M(228M) 43.174ms
[2020-01-29T21:50:33.817+0300][199.719s][info][gc] GC(2132) Pause Young (Allocation Failure) 60M->60M(228M) 61.461ms
[2020-01-29T21:50:33.939+0300][199.841s][info][gc] GC(2133) Pause Young (Allocation Failure) 89M->89M(228M) 118.341ms
[2020-01-29T21:50:34.063+0300][199.965s][info][gc] GC(2134) Pause Young (Allocation Failure) 118M->118M(228M) 120.439ms
[2020-01-29T21:50:34.203+0300][200.104s][info][gc] GC(2135) Pause Young (Allocation Failure) 166M->166M(228M) 125.078ms
[2020-01-29T21:50:34.267+0300][200.169s][info][gc] GC(2136) Pause Full (Ergonomics) 166M->32M(228M) 64.052ms
[2020-01-29T21:50:34.331+0300][200.232s][info][gc] GC(2137) Pause Young (Allocation Failure) 61M->61M(228M) 59.383ms
[2020-01-29T21:50:34.453+0300][200.355s][info][gc] GC(2138) Pause Young (Allocation Failure) 90M->90M(228M) 119.172ms
[2020-01-29T21:50:34.566+0300][200.468s][info][gc] GC(2139) Pause Young (Allocation Failure) 119M->119M(228M) 109.167ms
[2020-01-29T21:50:34.663+0300][200.564s][info][gc] GC(2140) Pause Young (Allocation Failure) 167M->167M(228M) 81.971ms
[2020-01-29T21:50:34.719+0300][200.620s][info][gc] GC(2141) Pause Full (Ergonomics) 167M->33M(228M) 55.488ms
[2020-01-29T21:50:34.783+0300][200.685s][info][gc] GC(2142) Pause Young (Allocation Failure) 62M->62M(228M) 61.223ms
[2020-01-29T21:50:34.906+0300][200.807s][info][gc] GC(2143) Pause Young (Allocation Failure) 91M->91M(228M) 118.363ms
[2020-01-29T21:50:35.027+0300][200.929s][info][gc] GC(2144) Pause Young (Allocation Failure) 120M->120M(228M) 117.573ms
[2020-01-29T21:50:35.122+0300][201.023s][info][gc] GC(2145) Pause Young (Allocation Failure) 168M->168M(228M) 78.711ms
[2020-01-29T21:50:35.180+0300][201.081s][info][gc] GC(2146) Pause Full (Ergonomics) 168M->34M(228M) 57.841ms
[2020-01-29T21:50:35.242+0300][201.144s][info][gc] GC(2147) Pause Young (Allocation Failure) 63M->63M(228M) 58.412ms
[2020-01-29T21:50:35.363+0300][201.265s][info][gc] GC(2148) Pause Young (Allocation Failure) 92M->92M(228M) 117.429ms
[2020-01-29T21:50:35.485+0300][201.386s][info][gc] GC(2149) Pause Young (Allocation Failure) 121M->121M(228M) 117.701ms
[2020-01-29T21:50:35.584+0300][201.486s][info][gc] GC(2150) Pause Young (Allocation Failure) 170M->170M(228M) 84.542ms
[2020-01-29T21:50:35.646+0300][201.547s][info][gc] GC(2151) Pause Full (Ergonomics) 170M->36M(228M) 61.787ms
[2020-01-29T21:50:35.715+0300][201.616s][info][gc] GC(2152) Pause Young (Allocation Failure) 65M->65M(228M) 65.268ms
[2020-01-29T21:50:35.827+0300][201.729s][info][gc] GC(2153) Pause Young (Allocation Failure) 94M->94M(228M) 108.885ms
[2020-01-29T21:50:35.943+0300][201.844s][info][gc] GC(2154) Pause Young (Allocation Failure) 123M->123M(228M) 112.040ms
[2020-01-29T21:50:36.033+0300][201.934s][info][gc] GC(2155) Pause Young (Allocation Failure) 171M->171M(228M) 74.880ms
[2020-01-29T21:50:36.100+0300][202.001s][info][gc] GC(2156) Pause Full (Ergonomics) 171M->37M(228M) 66.321ms
[2020-01-29T21:50:36.166+0300][202.068s][info][gc] GC(2157) Pause Young (Allocation Failure) 66M->66M(228M) 63.500ms
[2020-01-29T21:50:36.280+0300][202.181s][info][gc] GC(2158) Pause Young (Allocation Failure) 95M->95M(228M) 109.265ms
[2020-01-29T21:50:36.401+0300][202.303s][info][gc] GC(2159) Pause Young (Allocation Failure) 124M->124M(228M) 117.955ms
[2020-01-29T21:50:36.485+0300][202.387s][info][gc] GC(2160) Pause Young (Allocation Failure) 172M->172M(228M) 69.026ms
[2020-01-29T21:50:36.555+0300][202.456s][info][gc] GC(2161) Pause Full (Ergonomics) 172M->38M(228M) 69.373ms
[2020-01-29T21:50:36.621+0300][202.522s][info][gc] GC(2162) Pause Young (Allocation Failure) 67M->67M(228M) 62.306ms
[2020-01-29T21:50:36.739+0300][202.641s][info][gc] GC(2163) Pause Young (Allocation Failure) 96M->96M(228M) 114.728ms
[2020-01-29T21:50:36.857+0300][202.759s][info][gc] GC(2164) Pause Young (Allocation Failure) 125M->125M(228M) 115.186ms
[2020-01-29T21:50:36.944+0300][202.846s][info][gc] GC(2165) Pause Young (Allocation Failure) 173M->173M(228M) 71.590ms
[2020-01-29T21:50:37.022+0300][202.924s][info][gc] GC(2166) Pause Full (Ergonomics) 173M->39M(228M) 77.738ms
[2020-01-29T21:50:37.093+0300][202.995s][info][gc] GC(2167) Pause Young (Allocation Failure) 68M->68M(228M) 66.828ms
[2020-01-29T21:50:37.216+0300][203.117s][info][gc] GC(2168) Pause Young (Allocation Failure) 97M->97M(228M) 118.221ms
[2020-01-29T21:50:37.343+0300][203.245s][info][gc] GC(2169) Pause Young (Allocation Failure) 126M->126M(228M) 123.882ms
[2020-01-29T21:50:37.433+0300][203.335s][info][gc] GC(2170) Pause Young (Allocation Failure) 155M->155M(228M) 77.831ms
[2020-01-29T21:50:37.444+0300][203.346s][info][gc] GC(2171) Pause Full (Ergonomics) 155M->21M(228M) 10.738ms
[2020-01-29T21:50:37.508+0300][203.409s][info][gc] GC(2172) Pause Young (Allocation Failure) 50M->50M(228M) 60.304ms
[2020-01-29T21:50:37.621+0300][203.522s][info][gc] GC(2173) Pause Young (Allocation Failure) 79M->80M(228M) 109.420ms
[2020-01-29T21:50:37.739+0300][203.640s][info][gc] GC(2174) Pause Young (Allocation Failure) 109M->109M(228M) 114.390ms
[2020-01-29T21:50:37.866+0300][203.767s][info][gc] GC(2175) Pause Young (Allocation Failure) 157M->157M(228M) 112.441ms
[2020-01-29T21:50:37.884+0300][203.785s][info][gc] GC(2176) Pause Full (Ergonomics) 157M->23M(228M) 17.714ms
[2020-01-29T21:50:37.951+0300][203.852s][info][gc] GC(2177) Pause Young (Allocation Failure) 52M->52M(228M) 62.765ms
[2020-01-29T21:50:38.069+0300][203.971s][info][gc] GC(2178) Pause Young (Allocation Failure) 81M->81M(228M) 115.788ms
[2020-01-29T21:50:38.183+0300][204.085s][info][gc] GC(2179) Pause Young (Allocation Failure) 110M->110M(228M) 109.725ms
[2020-01-29T21:50:38.306+0300][204.207s][info][gc] GC(2180) Pause Young (Allocation Failure) 158M->158M(228M) 106.699ms
[2020-01-29T21:50:38.325+0300][204.227s][info][gc] GC(2181) Pause Full (Ergonomics) 158M->24M(228M) 19.651ms
[2020-01-29T21:50:38.388+0300][204.290s][info][gc] GC(2182) Pause Young (Allocation Failure) 53M->53M(228M) 59.953ms
[2020-01-29T21:50:38.510+0300][204.412s][info][gc] GC(2183) Pause Young (Allocation Failure) 82M->82M(228M) 116.504ms
[2020-01-29T21:50:38.647+0300][204.548s][info][gc] GC(2184) Pause Young (Allocation Failure) 111M->111M(228M) 132.482ms
[2020-01-29T21:50:38.769+0300][204.670s][info][gc] GC(2185) Pause Young (Allocation Failure) 159M->159M(228M) 107.098ms
[2020-01-29T21:50:38.796+0300][204.697s][info][gc] GC(2186) Pause Full (Ergonomics) 159M->25M(228M) 26.915ms
[2020-01-29T21:50:38.859+0300][204.760s][info][gc] GC(2187) Pause Young (Allocation Failure) 54M->54M(228M) 59.832ms
[2020-01-29T21:50:38.974+0300][204.879s][info][gc] GC(2188) Pause Young (Allocation Failure) 83M->83M(228M) 114.935ms
[2020-01-29T21:50:39.099+0300][205.000s][info][gc] GC(2189) Pause Young (Allocation Failure) 112M->112M(228M) 117.447ms
[2020-01-29T21:50:39.213+0300][205.115s][info][gc] GC(2190) Pause Young (Allocation Failure) 161M->161M(228M) 99.529ms
[2020-01-29T21:50:39.240+0300][205.142s][info][gc] GC(2191) Pause Full (Ergonomics) 161M->26M(228M) 27.185ms
[2020-01-29T21:50:39.307+0300][205.208s][info][gc] GC(2192) Pause Young (Allocation Failure) 55M->55M(228M) 60.820ms
[2020-01-29T21:50:39.423+0300][205.325s][info][gc] GC(2193) Pause Young (Allocation Failure) 84M->85M(228M) 112.891ms
[2020-01-29T21:50:39.539+0300][205.441s][info][gc] GC(2194) Pause Young (Allocation Failure) 114M->114M(228M) 112.237ms
[2020-01-29T21:50:39.654+0300][205.555s][info][gc] GC(2195) Pause Young (Allocation Failure) 162M->162M(228M) 99.615ms
[2020-01-29T21:50:39.688+0300][205.589s][info][gc] GC(2196) Pause Full (Ergonomics) 162M->28M(228M) 34.285ms
[2020-01-29T21:50:39.758+0300][205.659s][info][gc] GC(2197) Pause Young (Allocation Failure) 57M->57M(228M) 66.121ms
[2020-01-29T21:50:39.876+0300][205.777s][info][gc] GC(2198) Pause Young (Allocation Failure) 86M->86M(228M) 113.314ms
[2020-01-29T21:50:39.985+0300][205.887s][info][gc] GC(2199) Pause Young (Allocation Failure) 115M->115M(228M) 106.144ms
[2020-01-29T21:50:40.095+0300][205.996s][info][gc] GC(2200) Pause Young (Allocation Failure) 163M->163M(228M) 94.436ms
[2020-01-29T21:50:40.139+0300][206.041s][info][gc] GC(2201) Pause Full (Ergonomics) 163M->29M(228M) 44.291ms
[2020-01-29T21:50:40.204+0300][206.106s][info][gc] GC(2202) Pause Young (Allocation Failure) 58M->58M(228M) 61.522ms
[2020-01-29T21:50:40.328+0300][206.230s][info][gc] GC(2203) Pause Young (Allocation Failure) 87M->87M(228M) 120.120ms
[2020-01-29T21:50:40.444+0300][206.345s][info][gc] GC(2204) Pause Young (Allocation Failure) 116M->116M(228M) 111.734ms
[2020-01-29T21:50:40.545+0300][206.447s][info][gc] GC(2205) Pause Young (Allocation Failure) 164M->164M(228M) 86.873ms
[2020-01-29T21:50:40.591+0300][206.493s][info][gc] GC(2206) Pause Full (Ergonomics) 164M->30M(228M) 45.585ms
[2020-01-29T21:50:40.658+0300][206.559s][info][gc] GC(2207) Pause Young (Allocation Failure) 59M->59M(228M) 62.142ms
[2020-01-29T21:50:40.778+0300][206.679s][info][gc] GC(2208) Pause Young (Allocation Failure) 88M->88M(228M) 117.079ms
[2020-01-29T21:50:40.888+0300][206.789s][info][gc] GC(2209) Pause Young (Allocation Failure) 117M->117M(228M) 106.530ms
[2020-01-29T21:50:40.996+0300][206.897s][info][gc] GC(2210) Pause Young (Allocation Failure) 165M->166M(228M) 93.106ms
[2020-01-29T21:50:41.043+0300][206.944s][info][gc] GC(2211) Pause Full (Ergonomics) 166M->32M(228M) 46.833ms
[2020-01-29T21:50:41.106+0300][207.008s][info][gc] GC(2212) Pause Young (Allocation Failure) 61M->61M(228M) 60.009ms
[2020-01-29T21:50:41.226+0300][207.127s][info][gc] GC(2213) Pause Young (Allocation Failure) 90M->90M(228M) 115.887ms
[2020-01-29T21:50:41.339+0300][207.240s][info][gc] GC(2214) Pause Young (Allocation Failure) 119M->119M(228M) 108.870ms
[2020-01-29T21:50:41.474+0300][207.375s][info][gc] GC(2215) Pause Young (Allocation Failure) 167M->167M(228M) 119.589ms
[2020-01-29T21:50:41.544+0300][207.445s][info][gc] GC(2216) Pause Full (Ergonomics) 167M->33M(228M) 69.882ms
[2020-01-29T21:50:41.611+0300][207.513s][info][gc] GC(2217) Pause Young (Allocation Failure) 62M->62M(228M) 63.925ms
[2020-01-29T21:50:41.731+0300][207.632s][info][gc] GC(2218) Pause Young (Allocation Failure) 91M->91M(228M) 115.641ms
[2020-01-29T21:50:41.848+0300][207.750s][info][gc] GC(2219) Pause Young (Allocation Failure) 120M->120M(228M) 113.828ms
[2020-01-29T21:50:41.944+0300][207.845s][info][gc] GC(2220) Pause Young (Allocation Failure) 168M->168M(228M) 80.760ms
[2020-01-29T21:50:42.000+0300][207.901s][info][gc] GC(2221) Pause Full (Ergonomics) 168M->34M(228M) 55.970ms
[2020-01-29T21:50:42.066+0300][207.968s][info][gc] GC(2222) Pause Young (Allocation Failure) 63M->63M(228M) 62.968ms
[2020-01-29T21:50:42.185+0300][208.086s][info][gc] GC(2223) Pause Young (Allocation Failure) 92M->92M(228M) 114.549ms
[2020-01-29T21:50:42.303+0300][208.204s][info][gc] GC(2224) Pause Young (Allocation Failure) 121M->121M(228M) 113.126ms
[2020-01-29T21:50:42.398+0300][208.300s][info][gc] GC(2225) Pause Young (Allocation Failure) 169M->169M(228M) 80.231ms
[2020-01-29T21:50:42.456+0300][208.358s][info][gc] GC(2226) Pause Full (Ergonomics) 169M->35M(228M) 57.952ms
[2020-01-29T21:50:42.520+0300][208.422s][info][gc] GC(2227) Pause Young (Allocation Failure) 64M->64M(228M) 60.675ms
[2020-01-29T21:50:42.642+0300][208.543s][info][gc] GC(2228) Pause Young (Allocation Failure) 93M->93M(228M) 117.305ms
[2020-01-29T21:50:42.760+0300][208.662s][info][gc] GC(2229) Pause Young (Allocation Failure) 122M->122M(228M) 115.463ms
[2020-01-29T21:50:42.849+0300][208.750s][info][gc] GC(2230) Pause Young (Allocation Failure) 170M->170M(228M) 74.049ms
[2020-01-29T21:50:42.914+0300][208.816s][info][gc] GC(2231) Pause Full (Ergonomics) 170M->37M(228M) 64.973ms
[2020-01-29T21:50:42.982+0300][208.884s][info][gc] GC(2232) Pause Young (Allocation Failure) 66M->65M(228M) 64.599ms
[2020-01-29T21:50:43.103+0300][209.004s][info][gc] GC(2233) Pause Young (Allocation Failure) 94M->95M(228M) 117.116ms
[2020-01-29T21:50:43.219+0300][209.120s][info][gc] GC(2234) Pause Young (Allocation Failure) 124M->124M(228M) 111.724ms
[2020-01-29T21:50:43.305+0300][209.206s][info][gc] GC(2235) Pause Young (Allocation Failure) 172M->172M(228M) 70.639ms
[2020-01-29T21:50:43.371+0300][209.273s][info][gc] GC(2236) Pause Full (Ergonomics) 172M->38M(228M) 66.676ms
[2020-01-29T21:50:43.438+0300][209.340s][info][gc] GC(2237) Pause Young (Allocation Failure) 67M->67M(228M) 62.916ms
[2020-01-29T21:50:43.554+0300][209.455s][info][gc] GC(2238) Pause Young (Allocation Failure) 96M->96M(228M) 110.733ms
[2020-01-29T21:50:43.672+0300][209.573s][info][gc] GC(2239) Pause Young (Allocation Failure) 125M->125M(228M) 114.056ms
[2020-01-29T21:50:43.760+0300][209.661s][info][gc] GC(2240) Pause Young (Allocation Failure) 173M->173M(228M) 72.913ms
[2020-01-29T21:50:43.835+0300][209.736s][info][gc] GC(2241) Pause Full (Ergonomics) 173M->39M(228M) 74.723ms
[2020-01-29T21:50:43.902+0300][209.804s][info][gc] GC(2242) Pause Young (Allocation Failure) 68M->68M(228M) 64.288ms
[2020-01-29T21:50:44.021+0300][209.923s][info][gc] GC(2243) Pause Young (Allocation Failure) 97M->97M(228M) 114.974ms
[2020-01-29T21:50:44.139+0300][210.040s][info][gc] GC(2244) Pause Young (Allocation Failure) 126M->126M(228M) 113.907ms
[2020-01-29T21:50:44.224+0300][210.125s][info][gc] GC(2245) Pause Young (Allocation Failure) 174M->174M(228M) 70.441ms
[2020-01-29T21:50:44.301+0300][210.203s][info][gc] GC(2246) Pause Full (Ergonomics) 174M->40M(228M) 77.355ms
[2020-01-29T21:50:44.363+0300][210.265s][info][gc] GC(2247) Pause Young (Allocation Failure) 69M->69M(228M) 57.886ms
[2020-01-29T21:50:44.482+0300][210.383s][info][gc] GC(2248) Pause Young (Allocation Failure) 98M->98M(228M) 115.002ms
[2020-01-29T21:50:44.598+0300][210.499s][info][gc] GC(2249) Pause Young (Allocation Failure) 127M->127M(228M) 112.421ms
[2020-01-29T21:50:44.685+0300][210.587s][info][gc] GC(2250) Pause Young (Allocation Failure) 156M->156M(228M) 75.262ms
[2020-01-29T21:50:44.698+0300][210.600s][info][gc] GC(2251) Pause Full (Ergonomics) 156M->22M(228M) 12.582ms
[2020-01-29T21:50:44.765+0300][210.666s][info][gc] GC(2252) Pause Young (Allocation Failure) 51M->51M(228M) 62.794ms
[2020-01-29T21:50:44.882+0300][210.783s][info][gc] GC(2253) Pause Young (Allocation Failure) 80M->80M(228M) 113.210ms
[2020-01-29T21:50:45.001+0300][210.902s][info][gc] GC(2254) Pause Young (Allocation Failure) 109M->110M(228M) 115.005ms
[2020-01-29T21:50:45.140+0300][211.042s][info][gc] GC(2255) Pause Young (Allocation Failure) 158M->158M(228M) 125.239ms
[2020-01-29T21:50:45.167+0300][211.068s][info][gc] GC(2256) Pause Full (Ergonomics) 158M->24M(228M) 26.618ms
[2020-01-29T21:50:45.233+0300][211.135s][info][gc] GC(2257) Pause Young (Allocation Failure) 53M->53M(228M) 62.522ms
[2020-01-29T21:50:45.345+0300][211.246s][info][gc] GC(2258) Pause Young (Allocation Failure) 82M->82M(228M) 107.482ms
[2020-01-29T21:50:45.460+0300][211.362s][info][gc] GC(2259) Pause Young (Allocation Failure) 111M->111M(228M) 112.226ms
[2020-01-29T21:50:45.580+0300][211.481s][info][gc] GC(2260) Pause Young (Allocation Failure) 159M->159M(228M) 103.484ms
[2020-01-29T21:50:45.602+0300][211.504s][info][gc] GC(2261) Pause Full (Ergonomics) 159M->25M(228M) 23.010ms
[2020-01-29T21:50:45.668+0300][211.569s][info][gc] GC(2262) Pause Young (Allocation Failure) 54M->54M(228M) 61.690ms
[2020-01-29T21:50:45.785+0300][211.687s][info][gc] GC(2263) Pause Young (Allocation Failure) 83M->83M(228M) 113.790ms
[2020-01-29T21:50:45.904+0300][211.806s][info][gc] GC(2264) Pause Young (Allocation Failure) 112M->112M(228M) 115.060ms
[2020-01-29T21:50:46.045+0300][211.946s][info][gc] GC(2265) Pause Young (Allocation Failure) 160M->160M(228M) 125.630ms
[2020-01-29T21:50:46.083+0300][211.984s][info][gc] GC(2266) Pause Full (Ergonomics) 160M->26M(228M) 37.351ms
[2020-01-29T21:50:46.151+0300][212.053s][info][gc] GC(2267) Pause Young (Allocation Failure) 55M->55M(228M) 65.114ms
[2020-01-29T21:50:46.270+0300][212.172s][info][gc] GC(2268) Pause Young (Allocation Failure) 84M->84M(228M) 114.766ms
[2020-01-29T21:50:46.386+0300][212.287s][info][gc] GC(2269) Pause Young (Allocation Failure) 113M->113M(228M) 111.884ms
[2020-01-29T21:50:46.499+0300][212.400s][info][gc] GC(2270) Pause Young (Allocation Failure) 161M->161M(228M) 98.602ms
[2020-01-29T21:50:46.532+0300][212.433s][info][gc] GC(2271) Pause Full (Ergonomics) 161M->27M(228M) 32.383ms
[2020-01-29T21:50:46.594+0300][212.496s][info][gc] GC(2272) Pause Young (Allocation Failure) 56M->56M(228M) 59.576ms
[2020-01-29T21:50:46.711+0300][212.613s][info][gc] GC(2273) Pause Young (Allocation Failure) 85M->85M(228M) 113.239ms
[2020-01-29T21:50:46.834+0300][212.735s][info][gc] GC(2274) Pause Young (Allocation Failure) 114M->114M(228M) 118.152ms
[2020-01-29T21:50:46.941+0300][212.843s][info][gc] GC(2275) Pause Young (Allocation Failure) 163M->163M(228M) 94.009ms
[2020-01-29T21:50:46.979+0300][212.881s][info][gc] GC(2276) Pause Full (Ergonomics) 163M->29M(228M) 37.457ms
[2020-01-29T21:50:47.045+0300][212.947s][info][gc] GC(2277) Pause Young (Allocation Failure) 58M->58M(228M) 62.227ms
[2020-01-29T21:50:47.164+0300][213.065s][info][gc] GC(2278) Pause Young (Allocation Failure) 87M->87M(228M) 115.056ms
[2020-01-29T21:50:47.287+0300][213.189s][info][gc] GC(2279) Pause Young (Allocation Failure) 116M->116M(228M) 119.391ms
[2020-01-29T21:50:47.396+0300][213.297s][info][gc] GC(2280) Pause Young (Allocation Failure) 164M->164M(228M) 93.248ms
[2020-01-29T21:50:47.438+0300][213.339s][info][gc] GC(2281) Pause Full (Ergonomics) 164M->30M(228M) 41.733ms
[2020-01-29T21:50:47.506+0300][213.408s][info][gc] GC(2282) Pause Young (Allocation Failure) 59M->59M(228M) 65.388ms
[2020-01-29T21:50:47.624+0300][213.528s][info][gc] GC(2283) Pause Young (Allocation Failure) 88M->88M(228M) 116.208ms
[2020-01-29T21:50:47.749+0300][213.650s][info][gc] GC(2284) Pause Young (Allocation Failure) 117M->117M(228M) 118.553ms
[2020-01-29T21:50:47.848+0300][213.750s][info][gc] GC(2285) Pause Young (Allocation Failure) 165M->165M(228M) 88.670ms
[2020-01-29T21:50:47.894+0300][213.796s][info][gc] GC(2286) Pause Full (Ergonomics) 165M->31M(228M) 45.870ms
[2020-01-29T21:50:47.959+0300][213.864s][info][gc] GC(2287) Pause Young (Allocation Failure) 60M->60M(228M) 64.456ms
[2020-01-29T21:50:48.079+0300][213.983s][info][gc] GC(2288) Pause Young (Allocation Failure) 89M->89M(228M) 115.181ms
[2020-01-29T21:50:48.197+0300][214.098s][info][gc] GC(2289) Pause Young (Allocation Failure) 118M->118M(228M) 111.444ms
[2020-01-29T21:50:48.295+0300][214.197s][info][gc] GC(2290) Pause Young (Allocation Failure) 166M->166M(228M) 83.705ms
[2020-01-29T21:50:48.347+0300][214.249s][info][gc] GC(2291) Pause Full (Ergonomics) 166M->32M(228M) 51.656ms
[2020-01-29T21:50:48.409+0300][214.310s][info][gc] GC(2292) Pause Young (Allocation Failure) 61M->61M(228M) 57.291ms
[2020-01-29T21:50:48.525+0300][214.426s][info][gc] GC(2293) Pause Young (Allocation Failure) 90M->90M(228M) 112.127ms
[2020-01-29T21:50:48.642+0300][214.543s][info][gc] GC(2294) Pause Young (Allocation Failure) 119M->119M(228M) 113.580ms
[2020-01-29T21:50:48.736+0300][214.638s][info][gc] GC(2295) Pause Young (Allocation Failure) 168M->168M(228M) 80.180ms
[2020-01-29T21:50:48.790+0300][214.692s][info][gc] GC(2296) Pause Full (Ergonomics) 168M->34M(228M) 54.610ms
[2020-01-29T21:50:48.857+0300][214.759s][info][gc] GC(2297) Pause Young (Allocation Failure) 63M->63M(228M) 62.556ms
[2020-01-29T21:50:48.975+0300][214.876s][info][gc] GC(2298) Pause Young (Allocation Failure) 92M->92M(228M) 113.944ms
[2020-01-29T21:50:49.094+0300][214.995s][info][gc] GC(2299) Pause Young (Allocation Failure) 121M->121M(228M) 115.352ms
[2020-01-29T21:50:49.185+0300][215.087s][info][gc] GC(2300) Pause Young (Allocation Failure) 169M->169M(228M) 76.587ms
[2020-01-29T21:50:49.242+0300][215.143s][info][gc] GC(2301) Pause Full (Ergonomics) 169M->35M(228M) 56.655ms
[2020-01-29T21:50:49.308+0300][215.209s][info][gc] GC(2302) Pause Young (Allocation Failure) 64M->64M(228M) 62.131ms
[2020-01-29T21:50:49.421+0300][215.322s][info][gc] GC(2303) Pause Young (Allocation Failure) 93M->93M(228M) 108.664ms
[2020-01-29T21:50:49.538+0300][215.440s][info][gc] GC(2304) Pause Young (Allocation Failure) 122M->122M(228M) 114.893ms
[2020-01-29T21:50:49.629+0300][215.530s][info][gc] GC(2305) Pause Young (Allocation Failure) 170M->170M(228M) 75.268ms
[2020-01-29T21:50:49.695+0300][215.596s][info][gc] GC(2306) Pause Full (Ergonomics) 170M->36M(228M) 65.824ms
[2020-01-29T21:50:49.763+0300][215.664s][info][gc] GC(2307) Pause Young (Allocation Failure) 65M->65M(228M) 64.638ms
[2020-01-29T21:50:49.882+0300][215.783s][info][gc] GC(2308) Pause Young (Allocation Failure) 94M->94M(228M) 115.514ms
[2020-01-29T21:50:50.002+0300][215.903s][info][gc] GC(2309) Pause Young (Allocation Failure) 123M->123M(228M) 116.466ms
[2020-01-29T21:50:50.090+0300][215.992s][info][gc] GC(2310) Pause Young (Allocation Failure) 171M->171M(228M) 73.597ms
[2020-01-29T21:50:50.157+0300][216.059s][info][gc] GC(2311) Pause Full (Ergonomics) 171M->37M(228M) 66.734ms
[2020-01-29T21:50:50.222+0300][216.123s][info][gc] GC(2312) Pause Young (Allocation Failure) 66M->66M(228M) 60.227ms
[2020-01-29T21:50:50.340+0300][216.241s][info][gc] GC(2313) Pause Young (Allocation Failure) 95M->95M(228M) 114.652ms
[2020-01-29T21:50:50.458+0300][216.359s][info][gc] GC(2314) Pause Young (Allocation Failure) 124M->124M(228M) 114.411ms
[2020-01-29T21:50:50.544+0300][216.445s][info][gc] GC(2315) Pause Young (Allocation Failure) 172M->173M(228M) 70.836ms
[2020-01-29T21:50:50.618+0300][216.519s][info][gc] GC(2316) Pause Full (Ergonomics) 173M->39M(228M) 73.852ms
[2020-01-29T21:50:50.686+0300][216.588s][info][gc] GC(2317) Pause Young (Allocation Failure) 68M->68M(228M) 64.089ms
[2020-01-29T21:50:50.809+0300][216.711s][info][gc] GC(2318) Pause Young (Allocation Failure) 97M->97M(228M) 119.216ms
[2020-01-29T21:50:50.933+0300][216.834s][info][gc] GC(2319) Pause Young (Allocation Failure) 126M->126M(228M) 119.485ms
[2020-01-29T21:50:51.022+0300][216.923s][info][gc] GC(2320) Pause Young (Allocation Failure) 174M->174M(228M) 73.982ms
[2020-01-29T21:50:51.098+0300][216.999s][info][gc] GC(2321) Pause Full (Ergonomics) 174M->40M(228M) 76.720ms
[2020-01-29T21:50:51.166+0300][217.067s][info][gc] GC(2322) Pause Young (Allocation Failure) 69M->69M(228M) 64.299ms
[2020-01-29T21:50:51.295+0300][217.196s][info][gc] GC(2323) Pause Young (Allocation Failure) 98M->98M(228M) 124.501ms
[2020-01-29T21:50:51.422+0300][217.323s][info][gc] GC(2324) Pause Young (Allocation Failure) 127M->127M(228M) 123.468ms
[2020-01-29T21:50:51.514+0300][217.416s][info][gc] GC(2325) Pause Young (Allocation Failure) 156M->156M(228M) 80.152ms
[2020-01-29T21:50:51.526+0300][217.428s][info][gc] GC(2326) Pause Full (Ergonomics) 156M->22M(228M) 11.989ms
[2020-01-29T21:50:51.593+0300][217.494s][info][gc] GC(2327) Pause Young (Allocation Failure) 51M->51M(228M) 62.506ms
[2020-01-29T21:50:51.710+0300][217.611s][info][gc] GC(2328) Pause Young (Allocation Failure) 80M->80M(228M) 113.204ms
[2020-01-29T21:50:51.829+0300][217.731s][info][gc] GC(2329) Pause Young (Allocation Failure) 109M->109M(228M) 116.626ms
[2020-01-29T21:50:51.960+0300][217.861s][info][gc] GC(2330) Pause Young (Allocation Failure) 157M->157M(228M) 115.201ms
[2020-01-29T21:50:51.980+0300][217.882s][info][gc] GC(2331) Pause Full (Ergonomics) 157M->23M(228M) 20.346ms
[2020-01-29T21:50:52.050+0300][217.952s][info][gc] GC(2332) Pause Young (Allocation Failure) 52M->52M(228M) 66.508ms
[2020-01-29T21:50:52.177+0300][218.078s][info][gc] GC(2333) Pause Young (Allocation Failure) 81M->81M(228M) 121.776ms
[2020-01-29T21:50:52.315+0300][218.217s][info][gc] GC(2334) Pause Young (Allocation Failure) 110M->110M(228M) 135.156ms
[2020-01-29T21:50:52.473+0300][218.374s][info][gc] GC(2335) Pause Young (Allocation Failure) 158M->158M(228M) 135.631ms
[2020-01-29T21:50:52.499+0300][218.400s][info][gc] GC(2336) Pause Full (Ergonomics) 158M->24M(228M) 25.541ms
[2020-01-29T21:50:52.577+0300][218.479s][info][gc] GC(2337) Pause Young (Allocation Failure) 53M->53M(228M) 74.701ms
[2020-01-29T21:50:52.697+0300][218.599s][info][gc] GC(2338) Pause Young (Allocation Failure) 82M->83M(228M) 116.199ms
[2020-01-29T21:50:52.819+0300][218.720s][info][gc] GC(2339) Pause Young (Allocation Failure) 112M->112M(228M) 117.625ms
[2020-01-29T21:50:52.954+0300][218.856s][info][gc] GC(2340) Pause Young (Allocation Failure) 160M->160M(228M) 118.807ms
[2020-01-29T21:50:52.983+0300][218.883s][info][gc] GC(2341) Pause Full (Ergonomics) 160M->26M(228M) 27.908ms
[2020-01-29T21:50:53.055+0300][218.956s][info][gc] GC(2342) Pause Young (Allocation Failure) 55M->55M(228M) 68.331ms
[2020-01-29T21:50:53.207+0300][219.109s][info][gc] GC(2343) Pause Young (Allocation Failure) 84M->84M(228M) 148.569ms
[2020-01-29T21:50:53.335+0300][219.236s][info][gc] GC(2344) Pause Young (Allocation Failure) 113M->113M(228M) 121.298ms
[2020-01-29T21:50:53.505+0300][219.406s][info][gc] GC(2345) Pause Young (Allocation Failure) 161M->161M(228M) 154.217ms
[2020-01-29T21:50:53.541+0300][219.442s][info][gc] GC(2346) Pause Full (Ergonomics) 161M->27M(228M) 35.931ms
[2020-01-29T21:50:53.612+0300][219.514s][info][gc] GC(2347) Pause Young (Allocation Failure) 56M->56M(228M) 64.470ms
[2020-01-29T21:50:53.735+0300][219.636s][info][gc] GC(2348) Pause Young (Allocation Failure) 85M->85M(228M) 118.926ms
[2020-01-29T21:50:53.851+0300][219.752s][info][gc] GC(2349) Pause Young (Allocation Failure) 114M->114M(228M) 111.531ms
[2020-01-29T21:50:53.995+0300][219.897s][info][gc] GC(2350) Pause Young (Allocation Failure) 162M->162M(228M) 127.803ms
[2020-01-29T21:50:54.036+0300][219.937s][info][gc] GC(2351) Pause Full (Ergonomics) 162M->28M(228M) 40.393ms
[2020-01-29T21:50:54.117+0300][220.018s][info][gc] GC(2352) Pause Young (Allocation Failure) 57M->57M(228M) 73.902ms
[2020-01-29T21:50:54.249+0300][220.151s][info][gc] GC(2353) Pause Young (Allocation Failure) 86M->86M(228M) 127.794ms
[2020-01-29T21:50:54.374+0300][220.275s][info][gc] GC(2354) Pause Young (Allocation Failure) 115M->115M(228M) 119.160ms
[2020-01-29T21:50:54.538+0300][220.440s][info][gc] GC(2355) Pause Young (Allocation Failure) 163M->163M(228M) 138.376ms
[2020-01-29T21:50:54.593+0300][220.494s][info][gc] GC(2356) Pause Full (Ergonomics) 163M->29M(228M) 53.946ms
[2020-01-29T21:50:54.661+0300][220.563s][info][gc] GC(2357) Pause Young (Allocation Failure) 58M->58M(228M) 64.067ms
[2020-01-29T21:50:54.790+0300][220.691s][info][gc] GC(2358) Pause Young (Allocation Failure) 87M->87M(228M) 125.330ms
[2020-01-29T21:50:54.912+0300][220.813s][info][gc] GC(2359) Pause Young (Allocation Failure) 116M->117M(228M) 118.323ms
[2020-01-29T21:50:55.052+0300][220.954s][info][gc] GC(2360) Pause Young (Allocation Failure) 165M->165M(228M) 125.927ms
[2020-01-29T21:50:55.111+0300][221.013s][info][gc] GC(2361) Pause Full (Ergonomics) 165M->31M(228M) 58.961ms
[2020-01-29T21:50:55.177+0300][221.079s][info][gc] GC(2362) Pause Young (Allocation Failure) 60M->60M(228M) 62.037ms
[2020-01-29T21:50:55.298+0300][221.199s][info][gc] GC(2363) Pause Young (Allocation Failure) 89M->89M(228M) 117.028ms
[2020-01-29T21:50:55.414+0300][221.315s][info][gc] GC(2364) Pause Young (Allocation Failure) 118M->118M(228M) 112.061ms
[2020-01-29T21:50:55.521+0300][221.423s][info][gc] GC(2365) Pause Young (Allocation Failure) 166M->166M(228M) 91.870ms
[2020-01-29T21:50:55.567+0300][221.469s][info][gc] GC(2366) Pause Full (Ergonomics) 166M->32M(228M) 46.355ms
[2020-01-29T21:50:55.634+0300][221.535s][info][gc] GC(2367) Pause Young (Allocation Failure) 61M->61M(228M) 62.239ms
[2020-01-29T21:50:55.753+0300][221.654s][info][gc] GC(2368) Pause Young (Allocation Failure) 90M->90M(228M) 115.261ms
[2020-01-29T21:50:55.871+0300][221.773s][info][gc] GC(2369) Pause Young (Allocation Failure) 119M->119M(228M) 114.947ms
[2020-01-29T21:50:56.005+0300][221.906s][info][gc] GC(2370) Pause Young (Allocation Failure) 167M->167M(228M) 118.051ms
[2020-01-29T21:50:56.067+0300][221.969s][info][gc] GC(2371) Pause Full (Ergonomics) 167M->33M(228M) 63.232ms
[2020-01-29T21:50:56.136+0300][222.037s][info][gc] GC(2372) Pause Young (Allocation Failure) 62M->62M(228M) 64.412ms
[2020-01-29T21:50:56.251+0300][222.153s][info][gc] GC(2373) Pause Young (Allocation Failure) 91M->91M(228M) 111.634ms
[2020-01-29T21:50:56.373+0300][222.275s][info][gc] GC(2374) Pause Young (Allocation Failure) 120M->120M(228M) 117.467ms
[2020-01-29T21:50:56.467+0300][222.369s][info][gc] GC(2375) Pause Young (Allocation Failure) 168M->168M(228M) 78.438ms
[2020-01-29T21:50:56.528+0300][222.429s][info][gc] GC(2376) Pause Full (Ergonomics) 168M->34M(228M) 60.463ms
[2020-01-29T21:50:56.594+0300][222.495s][info][gc] GC(2377) Pause Young (Allocation Failure) 63M->63M(228M) 62.095ms
[2020-01-29T21:50:56.715+0300][222.617s][info][gc] GC(2378) Pause Young (Allocation Failure) 92M->92M(228M) 118.325ms
[2020-01-29T21:50:56.830+0300][222.731s][info][gc] GC(2379) Pause Young (Allocation Failure) 121M->121M(228M) 111.040ms
[2020-01-29T21:50:56.923+0300][222.825s][info][gc] GC(2380) Pause Young (Allocation Failure) 170M->170M(228M) 78.754ms
[2020-01-29T21:50:56.987+0300][222.889s][info][gc] GC(2381) Pause Full (Ergonomics) 170M->36M(228M) 63.281ms
[2020-01-29T21:50:57.055+0300][222.957s][info][gc] GC(2382) Pause Young (Allocation Failure) 65M->65M(228M) 64.526ms
[2020-01-29T21:50:57.175+0300][223.076s][info][gc] GC(2383) Pause Young (Allocation Failure) 94M->94M(228M) 115.320ms
[2020-01-29T21:50:57.296+0300][223.198s][info][gc] GC(2384) Pause Young (Allocation Failure) 123M->123M(228M) 118.807ms
[2020-01-29T21:50:57.433+0300][223.335s][info][gc] GC(2385) Pause Young (Allocation Failure) 171M->171M(228M) 121.974ms
[2020-01-29T21:50:57.516+0300][223.417s][info][gc] GC(2386) Pause Full (Ergonomics) 171M->37M(228M) 82.272ms
[2020-01-29T21:50:57.580+0300][223.481s][info][gc] GC(2387) Pause Young (Allocation Failure) 66M->66M(228M) 59.900ms
[2020-01-29T21:50:57.699+0300][223.601s][info][gc] GC(2388) Pause Young (Allocation Failure) 95M->95M(228M) 115.941ms
[2020-01-29T21:50:57.819+0300][223.720s][info][gc] GC(2389) Pause Young (Allocation Failure) 124M->124M(228M) 114.914ms
[2020-01-29T21:50:57.904+0300][223.806s][info][gc] GC(2390) Pause Young (Allocation Failure) 172M->172M(228M) 71.499ms
[2020-01-29T21:50:57.977+0300][223.878s][info][gc] GC(2391) Pause Full (Ergonomics) 172M->38M(228M) 72.547ms
[2020-01-29T21:50:58.044+0300][223.946s][info][gc] GC(2392) Pause Young (Allocation Failure) 67M->67M(228M) 63.931ms
[2020-01-29T21:50:58.158+0300][224.064s][info][gc] GC(2393) Pause Young (Allocation Failure) 96M->96M(228M) 113.975ms
[2020-01-29T21:50:58.279+0300][224.182s][info][gc] GC(2394) Pause Young (Allocation Failure) 125M->125M(228M) 114.656ms
[2020-01-29T21:50:58.404+0300][224.306s][info][gc] GC(2395) Pause Young (Allocation Failure) 173M->173M(228M) 99.175ms
[2020-01-29T21:50:58.501+0300][224.403s][info][gc] GC(2396) Pause Full (Ergonomics) 173M->39M(228M) 96.079ms
[2020-01-29T21:50:58.564+0300][224.466s][info][gc] GC(2397) Pause Young (Allocation Failure) 68M->68M(228M) 58.362ms
[2020-01-29T21:50:58.683+0300][224.584s][info][gc] GC(2398) Pause Young (Allocation Failure) 97M->97M(228M) 115.262ms
[2020-01-29T21:50:58.813+0300][224.714s][info][gc] GC(2399) Pause Young (Allocation Failure) 126M->126M(228M) 125.905ms
[2020-01-29T21:50:58.904+0300][224.806s][info][gc] GC(2400) Pause Young (Allocation Failure) 155M->156M(228M) 79.318ms
[2020-01-29T21:50:58.917+0300][224.818s][info][gc] GC(2401) Pause Full (Ergonomics) 156M->22M(228M) 11.959ms
[2020-01-29T21:50:58.984+0300][224.885s][info][gc] GC(2402) Pause Young (Allocation Failure) 51M->51M(228M) 62.362ms
[2020-01-29T21:50:59.100+0300][225.002s][info][gc] GC(2403) Pause Young (Allocation Failure) 80M->80M(228M) 112.974ms
[2020-01-29T21:50:59.227+0300][225.128s][info][gc] GC(2404) Pause Young (Allocation Failure) 109M->109M(228M) 122.364ms
[2020-01-29T21:50:59.358+0300][225.259s][info][gc] GC(2405) Pause Young (Allocation Failure) 157M->157M(228M) 115.241ms
[2020-01-29T21:50:59.377+0300][225.278s][info][gc] GC(2406) Pause Full (Ergonomics) 157M->23M(228M) 18.497ms
[2020-01-29T21:50:59.441+0300][225.342s][info][gc] GC(2407) Pause Young (Allocation Failure) 52M->52M(228M) 61.068ms
[2020-01-29T21:50:59.573+0300][225.475s][info][gc] GC(2408) Pause Young (Allocation Failure) 81M->81M(228M) 128.434ms
[2020-01-29T21:50:59.689+0300][225.590s][info][gc] GC(2409) Pause Young (Allocation Failure) 110M->110M(228M) 112.134ms
[2020-01-29T21:50:59.813+0300][225.714s][info][gc] GC(2410) Pause Young (Allocation Failure) 158M->158M(228M) 109.198ms
[2020-01-29T21:50:59.836+0300][225.737s][info][gc] GC(2411) Pause Full (Ergonomics) 158M->24M(228M) 22.871ms
[2020-01-29T21:50:59.906+0300][225.807s][info][gc] GC(2412) Pause Young (Allocation Failure) 53M->53M(228M) 65.439ms
[2020-01-29T21:51:00.021+0300][225.922s][info][gc] GC(2413) Pause Young (Allocation Failure) 82M->82M(228M) 112.254ms
[2020-01-29T21:51:00.135+0300][226.036s][info][gc] GC(2414) Pause Young (Allocation Failure) 111M->111M(228M) 109.891ms
[2020-01-29T21:51:00.254+0300][226.155s][info][gc] GC(2415) Pause Young (Allocation Failure) 159M->159M(228M) 103.530ms
[2020-01-29T21:51:00.283+0300][226.185s][info][gc] GC(2416) Pause Full (Ergonomics) 159M->25M(228M) 29.265ms
[2020-01-29T21:51:00.353+0300][226.255s][info][gc] GC(2417) Pause Young (Allocation Failure) 54M->54M(228M) 66.297ms
[2020-01-29T21:51:00.469+0300][226.371s][info][gc] GC(2418) Pause Young (Allocation Failure) 83M->83M(228M) 111.743ms
[2020-01-29T21:51:00.581+0300][226.482s][info][gc] GC(2419) Pause Young (Allocation Failure) 112M->112M(228M) 106.733ms
[2020-01-29T21:51:00.694+0300][226.596s][info][gc] GC(2420) Pause Young (Allocation Failure) 160M->160M(228M) 99.784ms
[2020-01-29T21:51:00.723+0300][226.625s][info][gc] GC(2421) Pause Full (Ergonomics) 160M->26M(228M) 29.130ms
[2020-01-29T21:51:00.790+0300][226.692s][info][gc] GC(2422) Pause Young (Allocation Failure) 55M->55M(228M) 62.558ms
[2020-01-29T21:51:00.904+0300][226.809s][info][gc] GC(2423) Pause Young (Allocation Failure) 84M->84M(228M) 113.551ms
[2020-01-29T21:51:01.024+0300][226.928s][info][gc] GC(2424) Pause Young (Allocation Failure) 113M->113M(228M) 115.590ms
[2020-01-29T21:51:01.149+0300][227.050s][info][gc] GC(2425) Pause Young (Allocation Failure) 161M->161M(228M) 93.502ms
[2020-01-29T21:51:01.178+0300][227.084s][info][gc] GC(2426) Pause Full (Ergonomics) 161M->27M(228M) 34.028ms
[2020-01-29T21:51:01.244+0300][227.149s][info][gc] GC(2427) Pause Young (Allocation Failure) 56M->56M(228M) 61.477ms
[2020-01-29T21:51:01.369+0300][227.270s][info][gc] GC(2428) Pause Young (Allocation Failure) 85M->85M(228M) 116.798ms
[2020-01-29T21:51:01.484+0300][227.388s][info][gc] GC(2429) Pause Young (Allocation Failure) 114M->115M(228M) 114.414ms
[2020-01-29T21:51:01.596+0300][227.504s][info][gc] GC(2430) Pause Young (Allocation Failure) 163M->163M(228M) 92.672ms
[2020-01-29T21:51:01.639+0300][227.543s][info][gc] GC(2431) Pause Full (Ergonomics) 163M->29M(228M) 39.244ms
[2020-01-29T21:51:01.704+0300][227.608s][info][gc] GC(2432) Pause Young (Allocation Failure) 58M->58M(228M) 61.301ms
[2020-01-29T21:51:01.823+0300][227.728s][info][gc] GC(2433) Pause Young (Allocation Failure) 87M->87M(228M) 116.411ms
[2020-01-29T21:51:01.943+0300][227.846s][info][gc] GC(2434) Pause Young (Allocation Failure) 116M->116M(228M) 114.123ms
[2020-01-29T21:51:02.048+0300][227.953s][info][gc] GC(2435) Pause Young (Allocation Failure) 164M->164M(228M) 95.970ms
[2020-01-29T21:51:02.094+0300][227.995s][info][gc] GC(2436) Pause Full (Ergonomics) 164M->30M(228M) 42.238ms
[2020-01-29T21:51:02.162+0300][228.063s][info][gc] GC(2437) Pause Young (Allocation Failure) 59M->59M(228M) 64.323ms
[2020-01-29T21:51:02.285+0300][228.187s][info][gc] GC(2438) Pause Young (Allocation Failure) 88M->88M(228M) 120.088ms
[2020-01-29T21:51:02.401+0300][228.302s][info][gc] GC(2439) Pause Young (Allocation Failure) 117M->117M(228M) 111.226ms
[2020-01-29T21:51:02.544+0300][228.445s][info][gc] GC(2440) Pause Young (Allocation Failure) 165M->165M(228M) 128.705ms
[2020-01-29T21:51:02.603+0300][228.505s][info][gc] GC(2441) Pause Full (Ergonomics) 165M->31M(228M) 59.492ms
[2020-01-29T21:51:02.669+0300][228.570s][info][gc] GC(2442) Pause Young (Allocation Failure) 60M->60M(228M) 60.909ms
[2020-01-29T21:51:02.785+0300][228.687s][info][gc] GC(2443) Pause Young (Allocation Failure) 89M->89M(228M) 112.753ms
[2020-01-29T21:51:02.898+0300][228.799s][info][gc] GC(2444) Pause Young (Allocation Failure) 118M->118M(228M) 108.912ms
[2020-01-29T21:51:02.997+0300][228.898s][info][gc] GC(2445) Pause Young (Allocation Failure) 166M->166M(228M) 84.560ms
[2020-01-29T21:51:03.049+0300][228.950s][info][gc] GC(2446) Pause Full (Ergonomics) 166M->32M(228M) 51.607ms
[2020-01-29T21:51:03.111+0300][229.012s][info][gc] GC(2447) Pause Young (Allocation Failure) 61M->61M(228M) 58.743ms
[2020-01-29T21:51:03.228+0300][229.129s][info][gc] GC(2448) Pause Young (Allocation Failure) 90M->90M(228M) 113.134ms
[2020-01-29T21:51:03.346+0300][229.248s][info][gc] GC(2449) Pause Young (Allocation Failure) 119M->120M(228M) 115.354ms
[2020-01-29T21:51:03.443+0300][229.344s][info][gc] GC(2450) Pause Young (Allocation Failure) 168M->168M(228M) 81.853ms
[2020-01-29T21:51:03.499+0300][229.400s][info][gc] GC(2451) Pause Full (Ergonomics) 168M->34M(228M) 55.729ms
[2020-01-29T21:51:03.559+0300][229.461s][info][gc] GC(2452) Pause Young (Allocation Failure) 63M->63M(228M) 56.878ms
[2020-01-29T21:51:03.675+0300][229.577s][info][gc] GC(2453) Pause Young (Allocation Failure) 92M->92M(228M) 112.418ms
[2020-01-29T21:51:03.790+0300][229.692s][info][gc] GC(2454) Pause Young (Allocation Failure) 121M->121M(228M) 110.957ms
[2020-01-29T21:51:03.925+0300][229.826s][info][gc] GC(2455) Pause Young (Allocation Failure) 169M->169M(228M) 119.856ms
[2020-01-29T21:51:04.003+0300][229.904s][info][gc] GC(2456) Pause Full (Ergonomics) 169M->35M(228M) 77.463ms
[2020-01-29T21:51:04.068+0300][229.970s][info][gc] GC(2457) Pause Young (Allocation Failure) 64M->64M(228M) 62.544ms
[2020-01-29T21:51:04.187+0300][230.089s][info][gc] GC(2458) Pause Young (Allocation Failure) 93M->93M(228M) 115.283ms
[2020-01-29T21:51:04.309+0300][230.211s][info][gc] GC(2459) Pause Young (Allocation Failure) 122M->122M(228M) 118.583ms
[2020-01-29T21:51:04.404+0300][230.306s][info][gc] GC(2460) Pause Young (Allocation Failure) 170M->170M(228M) 73.587ms
[2020-01-29T21:51:04.469+0300][230.372s][info][gc] GC(2461) Pause Full (Ergonomics) 170M->36M(228M) 66.752ms
[2020-01-29T21:51:04.534+0300][230.437s][info][gc] GC(2462) Pause Young (Allocation Failure) 65M->65M(228M) 61.087ms
[2020-01-29T21:51:04.649+0300][230.551s][info][gc] GC(2463) Pause Young (Allocation Failure) 94M->94M(228M) 109.982ms
[2020-01-29T21:51:04.764+0300][230.669s][info][gc] GC(2464) Pause Young (Allocation Failure) 123M->123M(228M) 114.387ms
[2020-01-29T21:51:04.889+0300][230.792s][info][gc] GC(2465) Pause Young (Allocation Failure) 171M->171M(228M) 99.358ms
[2020-01-29T21:51:04.974+0300][230.877s][info][gc] GC(2466) Pause Full (Ergonomics) 171M->37M(228M) 84.781ms
[2020-01-29T21:51:05.038+0300][230.943s][info][gc] GC(2467) Pause Young (Allocation Failure) 66M->66M(228M) 62.071ms
[2020-01-29T21:51:05.159+0300][231.061s][info][gc] GC(2468) Pause Young (Allocation Failure) 95M->95M(228M) 114.295ms
[2020-01-29T21:51:05.274+0300][231.179s][info][gc] GC(2469) Pause Young (Allocation Failure) 124M->125M(228M) 114.641ms
[2020-01-29T21:51:05.363+0300][231.264s][info][gc] GC(2470) Pause Young (Allocation Failure) 173M->173M(228M) 70.839ms
[2020-01-29T21:51:05.434+0300][231.338s][info][gc] GC(2471) Pause Full (Ergonomics) 173M->39M(228M) 73.455ms
[2020-01-29T21:51:05.504+0300][231.405s][info][gc] GC(2472) Pause Young (Allocation Failure) 68M->68M(228M) 63.458ms
[2020-01-29T21:51:05.624+0300][231.525s][info][gc] GC(2473) Pause Young (Allocation Failure) 97M->97M(228M) 116.494ms
[2020-01-29T21:51:05.739+0300][231.641s][info][gc] GC(2474) Pause Young (Allocation Failure) 126M->126M(228M) 112.157ms
[2020-01-29T21:51:05.863+0300][231.769s][info][gc] GC(2475) Pause Young (Allocation Failure) 174M->174M(228M) 101.100ms
[2020-01-29T21:51:05.964+0300][231.866s][info][gc] GC(2476) Pause Full (Ergonomics) 174M->40M(228M) 97.448ms
[2020-01-29T21:51:06.028+0300][231.933s][info][gc] GC(2477) Pause Young (Allocation Failure) 69M->69M(228M) 62.863ms
[2020-01-29T21:51:06.149+0300][232.052s][info][gc] GC(2478) Pause Young (Allocation Failure) 98M->98M(228M) 115.345ms
[2020-01-29T21:51:06.263+0300][232.169s][info][gc] GC(2479) Pause Young (Allocation Failure) 127M->127M(228M) 113.345ms
[2020-01-29T21:51:06.366+0300][232.268s][info][gc] GC(2480) Pause Young (Allocation Failure) 156M->156M(228M) 77.220ms
[2020-01-29T21:51:06.375+0300][232.280s][info][gc] GC(2481) Pause Full (Ergonomics) 156M->22M(228M) 12.641ms
[2020-01-29T21:51:06.443+0300][232.347s][info][gc] GC(2482) Pause Young (Allocation Failure) 51M->51M(228M) 63.490ms
[2020-01-29T21:51:06.559+0300][232.462s][info][gc] GC(2483) Pause Young (Allocation Failure) 80M->80M(228M) 110.633ms
[2020-01-29T21:51:06.678+0300][232.584s][info][gc] GC(2484) Pause Young (Allocation Failure) 109M->109M(228M) 119.247ms
[2020-01-29T21:51:06.819+0300][232.720s][info][gc] GC(2485) Pause Young (Allocation Failure) 158M->158M(228M) 109.188ms
[2020-01-29T21:51:06.839+0300][232.741s][info][gc] GC(2486) Pause Full (Ergonomics) 158M->23M(228M) 20.802ms
[2020-01-29T21:51:06.904+0300][232.807s][info][gc] GC(2487) Pause Young (Allocation Failure) 52M->52M(228M) 62.611ms
[2020-01-29T21:51:07.019+0300][232.923s][info][gc] GC(2488) Pause Young (Allocation Failure) 81M->81M(228M) 112.457ms
[2020-01-29T21:51:07.139+0300][233.040s][info][gc] GC(2489) Pause Young (Allocation Failure) 110M->110M(228M) 113.969ms
[2020-01-29T21:51:07.277+0300][233.179s][info][gc] GC(2490) Pause Young (Allocation Failure) 158M->158M(228M) 123.505ms
[2020-01-29T21:51:07.310+0300][233.211s][info][gc] GC(2491) Pause Full (Ergonomics) 158M->25M(228M) 32.687ms
[2020-01-29T21:51:07.378+0300][233.279s][info][gc] GC(2492) Pause Young (Allocation Failure) 54M->53M(228M) 64.316ms
[2020-01-29T21:51:07.500+0300][233.402s][info][gc] GC(2493) Pause Young (Allocation Failure) 82M->82M(228M) 119.085ms
[2020-01-29T21:51:07.623+0300][233.525s][info][gc] GC(2494) Pause Young (Allocation Failure) 111M->112M(228M) 119.177ms
[2020-01-29T21:51:07.743+0300][233.644s][info][gc] GC(2495) Pause Young (Allocation Failure) 160M->160M(228M) 104.305ms
[2020-01-29T21:51:07.769+0300][233.670s][info][gc] GC(2496) Pause Full (Ergonomics) 160M->26M(228M) 25.750ms
[2020-01-29T21:51:07.836+0300][233.737s][info][gc] GC(2497) Pause Young (Allocation Failure) 55M->55M(228M) 63.860ms
[2020-01-29T21:51:07.956+0300][233.857s][info][gc] GC(2498) Pause Young (Allocation Failure) 84M->84M(228M) 116.269ms
[2020-01-29T21:51:08.077+0300][233.979s][info][gc] GC(2499) Pause Young (Allocation Failure) 113M->113M(228M) 117.788ms
[2020-01-29T21:51:08.190+0300][234.091s][info][gc] GC(2500) Pause Young (Allocation Failure) 161M->161M(228M) 97.256ms
[2020-01-29T21:51:08.223+0300][234.124s][info][gc] GC(2501) Pause Full (Ergonomics) 161M->27M(228M) 33.172ms
[2020-01-29T21:51:08.289+0300][234.191s][info][gc] GC(2502) Pause Young (Allocation Failure) 56M->56M(228M) 63.677ms
[2020-01-29T21:51:08.410+0300][234.311s][info][gc] GC(2503) Pause Young (Allocation Failure) 85M->85M(228M) 116.451ms
[2020-01-29T21:51:08.530+0300][234.431s][info][gc] GC(2504) Pause Young (Allocation Failure) 114M->114M(228M) 116.265ms
[2020-01-29T21:51:08.640+0300][234.541s][info][gc] GC(2505) Pause Young (Allocation Failure) 162M->162M(228M) 95.453ms
[2020-01-29T21:51:08.679+0300][234.580s][info][gc] GC(2506) Pause Full (Ergonomics) 162M->28M(228M) 38.511ms
[2020-01-29T21:51:08.746+0300][234.647s][info][gc] GC(2507) Pause Young (Allocation Failure) 57M->57M(228M) 63.685ms
[2020-01-29T21:51:08.865+0300][234.766s][info][gc] GC(2508) Pause Young (Allocation Failure) 86M->86M(228M) 114.927ms
[2020-01-29T21:51:08.983+0300][234.885s][info][gc] GC(2509) Pause Young (Allocation Failure) 115M->115M(228M) 115.055ms
[2020-01-29T21:51:09.101+0300][235.002s][info][gc] GC(2510) Pause Young (Allocation Failure) 163M->163M(228M) 90.887ms
[2020-01-29T21:51:09.146+0300][235.047s][info][gc] GC(2511) Pause Full (Ergonomics) 163M->29M(228M) 45.111ms
[2020-01-29T21:51:09.212+0300][235.114s][info][gc] GC(2512) Pause Young (Allocation Failure) 58M->58M(228M) 62.943ms
[2020-01-29T21:51:09.331+0300][235.233s][info][gc] GC(2513) Pause Young (Allocation Failure) 87M->88M(228M) 115.392ms
[2020-01-29T21:51:09.453+0300][235.354s][info][gc] GC(2514) Pause Young (Allocation Failure) 117M->117M(228M) 117.256ms
[2020-01-29T21:51:09.564+0300][235.465s][info][gc] GC(2515) Pause Young (Allocation Failure) 165M->165M(228M) 95.408ms
[2020-01-29T21:51:09.609+0300][235.510s][info][gc] GC(2516) Pause Full (Ergonomics) 165M->31M(228M) 45.256ms
[2020-01-29T21:51:09.667+0300][235.569s][info][gc] GC(2517) Pause Young (Allocation Failure) 60M->60M(228M) 54.430ms
[2020-01-29T21:51:09.789+0300][235.690s][info][gc] GC(2518) Pause Young (Allocation Failure) 89M->89M(228M) 117.241ms
[2020-01-29T21:51:09.907+0300][235.808s][info][gc] GC(2519) Pause Young (Allocation Failure) 118M->118M(228M) 114.409ms
[2020-01-29T21:51:10.011+0300][235.912s][info][gc] GC(2520) Pause Young (Allocation Failure) 166M->166M(228M) 89.717ms
[2020-01-29T21:51:10.065+0300][235.967s][info][gc] GC(2521) Pause Full (Ergonomics) 166M->32M(228M) 54.475ms
[2020-01-29T21:51:10.128+0300][236.034s][info][gc] GC(2522) Pause Young (Allocation Failure) 61M->61M(228M) 62.878ms
[2020-01-29T21:51:10.249+0300][236.151s][info][gc] GC(2523) Pause Young (Allocation Failure) 90M->90M(228M) 113.547ms
[2020-01-29T21:51:10.368+0300][236.273s][info][gc] GC(2524) Pause Young (Allocation Failure) 119M->119M(228M) 118.580ms
[2020-01-29T21:51:10.489+0300][236.392s][info][gc] GC(2525) Pause Young (Allocation Failure) 167M->167M(228M) 95.084ms
[2020-01-29T21:51:10.543+0300][236.448s][info][gc] GC(2526) Pause Full (Ergonomics) 167M->33M(228M) 55.774ms
[2020-01-29T21:51:10.609+0300][236.513s][info][gc] GC(2527) Pause Young (Allocation Failure) 62M->62M(228M) 61.507ms
[2020-01-29T21:51:10.734+0300][236.636s][info][gc] GC(2528) Pause Young (Allocation Failure) 91M->91M(228M) 119.487ms
[2020-01-29T21:51:10.849+0300][236.752s][info][gc] GC(2529) Pause Young (Allocation Failure) 120M->120M(228M) 112.422ms
[2020-01-29T21:51:10.949+0300][236.852s][info][gc] GC(2530) Pause Young (Allocation Failure) 168M->168M(228M) 90.441ms
[2020-01-29T21:51:11.008+0300][236.914s][info][gc] GC(2531) Pause Full (Ergonomics) 168M->34M(228M) 61.458ms
[2020-01-29T21:51:11.079+0300][236.980s][info][gc] GC(2532) Pause Young (Allocation Failure) 63M->63M(228M) 62.671ms
[2020-01-29T21:51:11.196+0300][237.097s][info][gc] GC(2533) Pause Young (Allocation Failure) 92M->93M(228M) 113.609ms
[2020-01-29T21:51:11.316+0300][237.217s][info][gc] GC(2534) Pause Young (Allocation Failure) 122M->122M(228M) 116.326ms
[2020-01-29T21:51:11.405+0300][237.307s][info][gc] GC(2535) Pause Young (Allocation Failure) 170M->170M(228M) 74.566ms
[2020-01-29T21:51:11.468+0300][237.370s][info][gc] GC(2536) Pause Full (Ergonomics) 170M->36M(228M) 62.969ms
[2020-01-29T21:51:11.533+0300][237.434s][info][gc] GC(2537) Pause Young (Allocation Failure) 65M->65M(228M) 61.185ms
[2020-01-29T21:51:11.653+0300][237.554s][info][gc] GC(2538) Pause Young (Allocation Failure) 94M->94M(228M) 116.055ms
[2020-01-29T21:51:11.774+0300][237.676s][info][gc] GC(2539) Pause Young (Allocation Failure) 123M->123M(228M) 118.206ms
[2020-01-29T21:51:11.869+0300][237.771s][info][gc] GC(2540) Pause Young (Allocation Failure) 171M->171M(228M) 79.837ms
[2020-01-29T21:51:11.935+0300][237.836s][info][gc] GC(2541) Pause Full (Ergonomics) 171M->37M(228M) 64.904ms
[2020-01-29T21:51:12.002+0300][237.903s][info][gc] GC(2542) Pause Young (Allocation Failure) 66M->66M(228M) 62.795ms
[2020-01-29T21:51:12.122+0300][238.024s][info][gc] GC(2543) Pause Young (Allocation Failure) 95M->95M(228M) 117.098ms
[2020-01-29T21:51:12.241+0300][238.142s][info][gc] GC(2544) Pause Young (Allocation Failure) 124M->124M(228M) 114.816ms
[2020-01-29T21:51:12.330+0300][238.232s][info][gc] GC(2545) Pause Young (Allocation Failure) 172M->172M(228M) 74.656ms
[2020-01-29T21:51:12.404+0300][238.305s][info][gc] GC(2546) Pause Full (Ergonomics) 172M->38M(228M) 73.413ms
[2020-01-29T21:51:12.471+0300][238.373s][info][gc] GC(2547) Pause Young (Allocation Failure) 67M->67M(228M) 63.437ms
[2020-01-29T21:51:12.595+0300][238.496s][info][gc] GC(2548) Pause Young (Allocation Failure) 96M->96M(228M) 119.020ms
[2020-01-29T21:51:12.718+0300][238.619s][info][gc] GC(2549) Pause Young (Allocation Failure) 125M->125M(228M) 119.219ms
[2020-01-29T21:51:12.801+0300][238.703s][info][gc] GC(2550) Pause Young (Allocation Failure) 173M->173M(228M) 68.931ms
[2020-01-29T21:51:12.874+0300][238.776s][info][gc] GC(2551) Pause Full (Ergonomics) 173M->39M(228M) 72.688ms
[2020-01-29T21:51:12.943+0300][238.844s][info][gc] GC(2552) Pause Young (Allocation Failure) 68M->68M(228M) 65.349ms
[2020-01-29T21:51:13.063+0300][238.965s][info][gc] GC(2553) Pause Young (Allocation Failure) 97M->97M(228M) 117.188ms
[2020-01-29T21:51:13.180+0300][239.082s][info][gc] GC(2554) Pause Young (Allocation Failure) 126M->127M(228M) 113.002ms
[2020-01-29T21:51:13.272+0300][239.173s][info][gc] GC(2555) Pause Young (Allocation Failure) 156M->156M(228M) 79.156ms
[2020-01-29T21:51:13.284+0300][239.185s][info][gc] GC(2556) Pause Full (Ergonomics) 156M->22M(228M) 12.050ms
[2020-01-29T21:51:13.348+0300][239.249s][info][gc] GC(2557) Pause Young (Allocation Failure) 51M->51M(228M) 60.515ms
[2020-01-29T21:51:13.464+0300][239.365s][info][gc] GC(2558) Pause Young (Allocation Failure) 80M->80M(228M) 112.337ms
[2020-01-29T21:51:13.582+0300][239.483s][info][gc] GC(2559) Pause Young (Allocation Failure) 109M->109M(228M) 114.268ms
[2020-01-29T21:51:13.730+0300][239.631s][info][gc] GC(2560) Pause Young (Allocation Failure) 157M->157M(228M) 132.990ms
[2020-01-29T21:51:13.753+0300][239.654s][info][gc] GC(2561) Pause Full (Ergonomics) 157M->23M(228M) 23.379ms
[2020-01-29T21:51:13.814+0300][239.716s][info][gc] GC(2562) Pause Young (Allocation Failure) 52M->52M(228M) 57.367ms
[2020-01-29T21:51:13.932+0300][239.833s][info][gc] GC(2563) Pause Young (Allocation Failure) 81M->81M(228M) 113.465ms
[2020-01-29T21:51:14.049+0300][239.950s][info][gc] GC(2564) Pause Young (Allocation Failure) 110M->110M(228M) 114.056ms
[2020-01-29T21:51:14.169+0300][240.070s][info][gc] GC(2565) Pause Young (Allocation Failure) 158M->158M(228M) 105.207ms
[2020-01-29T21:51:14.191+0300][240.093s][info][gc] GC(2566) Pause Full (Ergonomics) 158M->24M(228M) 22.239ms
[2020-01-29T21:51:14.253+0300][240.154s][info][gc] GC(2567) Pause Young (Allocation Failure) 53M->53M(228M) 57.366ms
[2020-01-29T21:51:14.374+0300][240.276s][info][gc] GC(2568) Pause Young (Allocation Failure) 82M->82M(228M) 118.543ms
[2020-01-29T21:51:14.497+0300][240.398s][info][gc] GC(2569) Pause Young (Allocation Failure) 111M->111M(228M) 118.171ms
[2020-01-29T21:51:14.637+0300][240.538s][info][gc] GC(2570) Pause Young (Allocation Failure) 159M->159M(228M) 125.023ms
[2020-01-29T21:51:14.671+0300][240.572s][info][gc] GC(2571) Pause Full (Ergonomics) 159M->25M(228M) 34.496ms
[2020-01-29T21:51:14.735+0300][240.637s][info][gc] GC(2572) Pause Young (Allocation Failure) 54M->54M(228M) 61.060ms
[2020-01-29T21:51:14.849+0300][240.751s][info][gc] GC(2573) Pause Young (Allocation Failure) 83M->83M(228M) 109.651ms
[2020-01-29T21:51:14.968+0300][240.869s][info][gc] GC(2574) Pause Young (Allocation Failure) 112M->112M(228M) 114.726ms
[2020-01-29T21:51:15.107+0300][241.009s][info][gc] GC(2575) Pause Young (Allocation Failure) 160M->161M(228M) 124.704ms
[2020-01-29T21:51:15.150+0300][241.052s][info][gc] GC(2576) Pause Full (Ergonomics) 161M->27M(228M) 42.895ms
[2020-01-29T21:51:15.217+0300][241.118s][info][gc] GC(2577) Pause Young (Allocation Failure) 56M->56M(228M) 62.657ms
[2020-01-29T21:51:15.336+0300][241.238s][info][gc] GC(2578) Pause Young (Allocation Failure) 85M->85M(228M) 115.761ms
[2020-01-29T21:51:15.456+0300][241.358s][info][gc] GC(2579) Pause Young (Allocation Failure) 114M->114M(228M) 116.532ms
[2020-01-29T21:51:15.597+0300][241.498s][info][gc] GC(2580) Pause Young (Allocation Failure) 162M->162M(228M) 123.616ms
[2020-01-29T21:51:15.642+0300][241.544s][info][gc] GC(2581) Pause Full (Ergonomics) 162M->28M(228M) 46.173ms
[2020-01-29T21:51:15.708+0300][241.609s][info][gc] GC(2582) Pause Young (Allocation Failure) 57M->57M(228M) 61.275ms
[2020-01-29T21:51:15.828+0300][241.729s][info][gc] GC(2583) Pause Young (Allocation Failure) 86M->86M(228M) 116.222ms
[2020-01-29T21:51:15.943+0300][241.845s][info][gc] GC(2584) Pause Young (Allocation Failure) 115M->115M(228M) 112.126ms
[2020-01-29T21:51:16.083+0300][241.984s][info][gc] GC(2585) Pause Young (Allocation Failure) 163M->163M(228M) 124.422ms
[2020-01-29T21:51:16.134+0300][242.036s][info][gc] GC(2586) Pause Full (Ergonomics) 163M->29M(228M) 51.686ms
[2020-01-29T21:51:16.198+0300][242.100s][info][gc] GC(2587) Pause Young (Allocation Failure) 58M->58M(228M) 60.133ms
[2020-01-29T21:51:16.318+0300][242.220s][info][gc] GC(2588) Pause Young (Allocation Failure) 87M->87M(228M) 116.220ms
[2020-01-29T21:51:16.437+0300][242.339s][info][gc] GC(2589) Pause Young (Allocation Failure) 116M->116M(228M) 115.516ms
[2020-01-29T21:51:16.542+0300][242.444s][info][gc] GC(2590) Pause Young (Allocation Failure) 164M->164M(228M) 90.330ms
[2020-01-29T21:51:16.587+0300][242.489s][info][gc] GC(2591) Pause Full (Ergonomics) 164M->30M(228M) 45.108ms
[2020-01-29T21:51:16.653+0300][242.555s][info][gc] GC(2592) Pause Young (Allocation Failure) 59M->59M(228M) 62.420ms
[2020-01-29T21:51:16.771+0300][242.672s][info][gc] GC(2593) Pause Young (Allocation Failure) 88M->88M(228M) 113.430ms
[2020-01-29T21:51:16.887+0300][242.788s][info][gc] GC(2594) Pause Young (Allocation Failure) 117M->117M(228M) 113.059ms
[2020-01-29T21:51:17.020+0300][242.921s][info][gc] GC(2595) Pause Young (Allocation Failure) 165M->166M(228M) 117.810ms
[2020-01-29T21:51:17.081+0300][242.982s][info][gc] GC(2596) Pause Full (Ergonomics) 166M->32M(228M) 60.780ms
[2020-01-29T21:51:17.144+0300][243.045s][info][gc] GC(2597) Pause Young (Allocation Failure) 61M->61M(228M) 59.642ms
[2020-01-29T21:51:17.263+0300][243.164s][info][gc] GC(2598) Pause Young (Allocation Failure) 90M->90M(228M) 114.982ms
[2020-01-29T21:51:17.382+0300][243.283s][info][gc] GC(2599) Pause Young (Allocation Failure) 119M->119M(228M) 115.852ms
[2020-01-29T21:51:17.518+0300][243.419s][info][gc] GC(2600) Pause Young (Allocation Failure) 167M->167M(228M) 120.791ms
[2020-01-29T21:51:17.583+0300][243.485s][info][gc] GC(2601) Pause Full (Ergonomics) 167M->33M(228M) 65.294ms
[2020-01-29T21:51:17.651+0300][243.552s][info][gc] GC(2602) Pause Young (Allocation Failure) 62M->62M(228M) 62.942ms
[2020-01-29T21:51:17.773+0300][243.674s][info][gc] GC(2603) Pause Young (Allocation Failure) 91M->91M(228M) 118.765ms
[2020-01-29T21:51:17.898+0300][243.800s][info][gc] GC(2604) Pause Young (Allocation Failure) 120M->120M(228M) 121.060ms
[2020-01-29T21:51:17.991+0300][243.893s][info][gc] GC(2605) Pause Young (Allocation Failure) 168M->168M(228M) 78.449ms
[2020-01-29T21:51:18.044+0300][243.945s][info][gc] GC(2606) Pause Full (Ergonomics) 168M->34M(228M) 52.438ms
[2020-01-29T21:51:18.111+0300][244.013s][info][gc] GC(2607) Pause Young (Allocation Failure) 63M->63M(228M) 64.267ms
[2020-01-29T21:51:18.231+0300][244.132s][info][gc] GC(2608) Pause Young (Allocation Failure) 92M->92M(228M) 115.405ms
[2020-01-29T21:51:18.357+0300][244.258s][info][gc] GC(2609) Pause Young (Allocation Failure) 121M->121M(228M) 122.239ms
[2020-01-29T21:51:18.495+0300][244.397s][info][gc] GC(2610) Pause Young (Allocation Failure) 169M->169M(228M) 123.938ms
[2020-01-29T21:51:18.575+0300][244.476s][info][gc] GC(2611) Pause Full (Ergonomics) 169M->35M(228M) 79.044ms
[2020-01-29T21:51:18.642+0300][244.543s][info][gc] GC(2612) Pause Young (Allocation Failure) 64M->64M(228M) 63.443ms
[2020-01-29T21:51:18.760+0300][244.661s][info][gc] GC(2613) Pause Young (Allocation Failure) 93M->93M(228M) 114.424ms
[2020-01-29T21:51:18.875+0300][244.777s][info][gc] GC(2614) Pause Young (Allocation Failure) 122M->122M(228M) 112.007ms
[2020-01-29T21:51:19.015+0300][244.916s][info][gc] GC(2615) Pause Young (Allocation Failure) 170M->170M(228M) 124.049ms
[2020-01-29T21:51:19.095+0300][244.996s][info][gc] GC(2616) Pause Full (Ergonomics) 170M->36M(228M) 80.100ms
[2020-01-29T21:51:19.162+0300][245.063s][info][gc] GC(2617) Pause Young (Allocation Failure) 65M->65M(228M) 63.034ms
[2020-01-29T21:51:19.280+0300][245.182s][info][gc] GC(2618) Pause Young (Allocation Failure) 94M->95M(228M) 115.117ms
[2020-01-29T21:51:19.399+0300][245.300s][info][gc] GC(2619) Pause Young (Allocation Failure) 124M->124M(228M) 114.522ms
[2020-01-29T21:51:19.535+0300][245.437s][info][gc] GC(2620) Pause Young (Allocation Failure) 172M->172M(228M) 122.307ms
[2020-01-29T21:51:19.621+0300][245.522s][info][gc] GC(2621) Pause Full (Ergonomics) 172M->38M(228M) 85.717ms
[2020-01-29T21:51:19.686+0300][245.588s][info][gc] GC(2622) Pause Young (Allocation Failure) 67M->67M(228M) 61.816ms
[2020-01-29T21:51:19.807+0300][245.708s][info][gc] GC(2623) Pause Young (Allocation Failure) 96M->96M(228M) 116.934ms
[2020-01-29T21:51:19.927+0300][245.828s][info][gc] GC(2624) Pause Young (Allocation Failure) 125M->125M(228M) 115.988ms
[2020-01-29T21:51:20.011+0300][245.913s][info][gc] GC(2625) Pause Young (Allocation Failure) 173M->173M(228M) 70.194ms
[2020-01-29T21:51:20.083+0300][245.984s][info][gc] GC(2626) Pause Full (Ergonomics) 173M->39M(228M) 71.602ms
[2020-01-29T21:51:20.148+0300][246.050s][info][gc] GC(2627) Pause Young (Allocation Failure) 68M->68M(228M) 61.510ms
[2020-01-29T21:51:20.270+0300][246.171s][info][gc] GC(2628) Pause Young (Allocation Failure) 97M->97M(228M) 118.172ms
[2020-01-29T21:51:20.414+0300][246.315s][info][gc] GC(2629) Pause Young (Allocation Failure) 126M->126M(228M) 140.019ms
[2020-01-29T21:51:20.500+0300][246.401s][info][gc] GC(2630) Pause Young (Allocation Failure) 174M->174M(228M) 70.822ms
[2020-01-29T21:51:20.570+0300][246.471s][info][gc] GC(2631) Pause Full (Ergonomics) 174M->40M(228M) 69.447ms
[2020-01-29T21:51:20.637+0300][246.538s][info][gc] GC(2632) Pause Young (Allocation Failure) 69M->69M(228M) 63.216ms
[2020-01-29T21:51:20.756+0300][246.658s][info][gc] GC(2633) Pause Young (Allocation Failure) 98M->98M(228M) 117.049ms
[2020-01-29T21:51:20.878+0300][246.779s][info][gc] GC(2634) Pause Young (Allocation Failure) 127M->127M(228M) 117.509ms
[2020-01-29T21:51:20.963+0300][246.864s][info][gc] GC(2635) Pause Young (Allocation Failure) 156M->156M(228M) 72.260ms
[2020-01-29T21:51:20.978+0300][246.880s][info][gc] GC(2636) Pause Full (Ergonomics) 156M->23M(228M) 15.271ms
[2020-01-29T21:51:21.054+0300][246.955s][info][gc] GC(2637) Pause Young (Allocation Failure) 52M->52M(228M) 70.904ms
[2020-01-29T21:51:21.170+0300][247.071s][info][gc] GC(2638) Pause Young (Allocation Failure) 81M->81M(228M) 112.757ms
[2020-01-29T21:51:21.289+0300][247.191s][info][gc] GC(2639) Pause Young (Allocation Failure) 110M->110M(228M) 115.034ms
[2020-01-29T21:51:21.418+0300][247.322s][info][gc] GC(2640) Pause Young (Allocation Failure) 158M->158M(228M) 111.634ms
[2020-01-29T21:51:21.439+0300][247.344s][info][gc] GC(2641) Pause Full (Ergonomics) 158M->24M(228M) 21.727ms
[2020-01-29T21:51:21.504+0300][247.409s][info][gc] GC(2642) Pause Young (Allocation Failure) 53M->53M(228M) 60.508ms
[2020-01-29T21:51:21.623+0300][247.528s][info][gc] GC(2643) Pause Young (Allocation Failure) 82M->82M(228M) 116.373ms
[2020-01-29T21:51:21.744+0300][247.647s][info][gc] GC(2644) Pause Young (Allocation Failure) 111M->111M(228M) 114.835ms
[2020-01-29T21:51:21.864+0300][247.768s][info][gc] GC(2645) Pause Young (Allocation Failure) 159M->159M(228M) 101.712ms
[2020-01-29T21:51:21.894+0300][247.795s][info][gc] GC(2646) Pause Full (Ergonomics) 159M->25M(228M) 27.347ms
[2020-01-29T21:51:21.954+0300][247.859s][info][gc] GC(2647) Pause Young (Allocation Failure) 54M->54M(228M) 60.552ms
[2020-01-29T21:51:22.069+0300][247.973s][info][gc] GC(2648) Pause Young (Allocation Failure) 83M->83M(228M) 110.125ms
[2020-01-29T21:51:22.189+0300][248.090s][info][gc] GC(2649) Pause Young (Allocation Failure) 112M->112M(228M) 113.368ms
[2020-01-29T21:51:22.304+0300][248.205s][info][gc] GC(2650) Pause Young (Allocation Failure) 160M->160M(228M) 99.968ms
[2020-01-29T21:51:22.334+0300][248.236s][info][gc] GC(2651) Pause Full (Ergonomics) 160M->26M(228M) 30.544ms
[2020-01-29T21:51:22.400+0300][248.302s][info][gc] GC(2652) Pause Young (Allocation Failure) 55M->55M(228M) 62.721ms
[2020-01-29T21:51:22.515+0300][248.416s][info][gc] GC(2653) Pause Young (Allocation Failure) 84M->84M(228M) 110.246ms
[2020-01-29T21:51:22.630+0300][248.531s][info][gc] GC(2654) Pause Young (Allocation Failure) 113M->113M(228M) 111.149ms
[2020-01-29T21:51:22.751+0300][248.653s][info][gc] GC(2655) Pause Young (Allocation Failure) 161M->161M(228M) 106.516ms
[2020-01-29T21:51:22.788+0300][248.689s][info][gc] GC(2656) Pause Full (Ergonomics) 161M->27M(228M) 36.083ms
[2020-01-29T21:51:22.850+0300][248.751s][info][gc] GC(2657) Pause Young (Allocation Failure) 56M->56M(228M) 58.499ms
[2020-01-29T21:51:22.975+0300][248.876s][info][gc] GC(2658) Pause Young (Allocation Failure) 85M->85M(228M) 121.048ms
[2020-01-29T21:51:23.094+0300][248.996s][info][gc] GC(2659) Pause Young (Allocation Failure) 114M->115M(228M) 114.076ms
[2020-01-29T21:51:23.204+0300][249.106s][info][gc] GC(2660) Pause Young (Allocation Failure) 163M->163M(228M) 95.025ms
[2020-01-29T21:51:23.247+0300][249.148s][info][gc] GC(2661) Pause Full (Ergonomics) 163M->29M(228M) 41.993ms
[2020-01-29T21:51:23.315+0300][249.217s][info][gc] GC(2662) Pause Young (Allocation Failure) 58M->58M(228M) 65.562ms
[2020-01-29T21:51:23.428+0300][249.329s][info][gc] GC(2663) Pause Young (Allocation Failure) 87M->87M(228M) 107.952ms
[2020-01-29T21:51:23.548+0300][249.449s][info][gc] GC(2664) Pause Young (Allocation Failure) 116M->116M(228M) 116.399ms
[2020-01-29T21:51:23.652+0300][249.554s][info][gc] GC(2665) Pause Young (Allocation Failure) 164M->164M(228M) 90.676ms
[2020-01-29T21:51:23.695+0300][249.597s][info][gc] GC(2666) Pause Full (Ergonomics) 164M->30M(228M) 43.558ms
[2020-01-29T21:51:23.767+0300][249.668s][info][gc] GC(2667) Pause Young (Allocation Failure) 59M->59M(228M) 66.989ms
[2020-01-29T21:51:23.884+0300][249.785s][info][gc] GC(2668) Pause Young (Allocation Failure) 88M->88M(228M) 113.767ms
[2020-01-29T21:51:24.003+0300][249.905s][info][gc] GC(2669) Pause Young (Allocation Failure) 117M->117M(228M) 115.693ms
[2020-01-29T21:51:24.106+0300][250.008s][info][gc] GC(2670) Pause Young (Allocation Failure) 165M->165M(228M) 87.314ms
[2020-01-29T21:51:24.151+0300][250.052s][info][gc] GC(2671) Pause Full (Ergonomics) 165M->31M(228M) 44.394ms
[2020-01-29T21:51:24.217+0300][250.119s][info][gc] GC(2672) Pause Young (Allocation Failure) 60M->60M(228M) 63.129ms
[2020-01-29T21:51:24.334+0300][250.236s][info][gc] GC(2673) Pause Young (Allocation Failure) 89M->89M(228M) 113.608ms
[2020-01-29T21:51:24.448+0300][250.350s][info][gc] GC(2674) Pause Young (Allocation Failure) 118M->118M(228M) 110.102ms
[2020-01-29T21:51:24.550+0300][250.451s][info][gc] GC(2675) Pause Young (Allocation Failure) 166M->166M(228M) 86.455ms
[2020-01-29T21:51:24.601+0300][250.503s][info][gc] GC(2676) Pause Full (Ergonomics) 166M->32M(228M) 51.804ms
[2020-01-29T21:51:24.666+0300][250.567s][info][gc] GC(2677) Pause Young (Allocation Failure) 61M->61M(228M) 60.454ms
[2020-01-29T21:51:24.787+0300][250.688s][info][gc] GC(2678) Pause Young (Allocation Failure) 90M->90M(228M) 116.887ms
[2020-01-29T21:51:24.911+0300][250.812s][info][gc] GC(2679) Pause Young (Allocation Failure) 119M->119M(228M) 120.197ms
[2020-01-29T21:51:25.010+0300][250.912s][info][gc] GC(2680) Pause Young (Allocation Failure) 168M->168M(228M) 85.411ms
[2020-01-29T21:51:25.071+0300][250.972s][info][gc] GC(2681) Pause Full (Ergonomics) 168M->34M(228M) 59.650ms
[2020-01-29T21:51:25.132+0300][251.034s][info][gc] GC(2682) Pause Young (Allocation Failure) 63M->63M(228M) 56.893ms
[2020-01-29T21:51:25.265+0300][251.168s][info][gc] GC(2683) Pause Young (Allocation Failure) 92M->92M(228M) 130.474ms
[2020-01-29T21:51:25.384+0300][251.284s][info][gc] GC(2684) Pause Young (Allocation Failure) 121M->121M(228M) 112.652ms
[2020-01-29T21:51:25.472+0300][251.373s][info][gc] GC(2685) Pause Young (Allocation Failure) 169M->169M(228M) 76.213ms
[2020-01-29T21:51:25.537+0300][251.438s][info][gc] GC(2686) Pause Full (Ergonomics) 169M->35M(228M) 64.899ms
[2020-01-29T21:51:25.603+0300][251.504s][info][gc] GC(2687) Pause Young (Allocation Failure) 64M->64M(228M) 62.132ms
[2020-01-29T21:51:25.713+0300][251.618s][info][gc] GC(2688) Pause Young (Allocation Failure) 93M->93M(228M) 110.268ms
[2020-01-29T21:51:25.833+0300][251.735s][info][gc] GC(2689) Pause Young (Allocation Failure) 122M->122M(228M) 113.031ms
[2020-01-29T21:51:25.939+0300][251.844s][info][gc] GC(2690) Pause Young (Allocation Failure) 170M->170M(228M) 91.947ms
[2020-01-29T21:51:26.004+0300][251.908s][info][gc] GC(2691) Pause Full (Ergonomics) 170M->36M(228M) 63.848ms
[2020-01-29T21:51:26.068+0300][251.969s][info][gc] GC(2692) Pause Young (Allocation Failure) 65M->65M(228M) 57.345ms
[2020-01-29T21:51:26.190+0300][252.091s][info][gc] GC(2693) Pause Young (Allocation Failure) 94M->94M(228M) 118.530ms
[2020-01-29T21:51:26.322+0300][252.224s][info][gc] GC(2694) Pause Young (Allocation Failure) 123M->123M(228M) 128.873ms
[2020-01-29T21:51:26.409+0300][252.310s][info][gc] GC(2695) Pause Young (Allocation Failure) 171M->171M(228M) 71.322ms
[2020-01-29T21:51:26.478+0300][252.380s][info][gc] GC(2696) Pause Full (Ergonomics) 171M->37M(228M) 69.282ms
[2020-01-29T21:51:26.544+0300][252.446s][info][gc] GC(2697) Pause Young (Allocation Failure) 66M->66M(228M) 62.163ms
[2020-01-29T21:51:26.661+0300][252.563s][info][gc] GC(2698) Pause Young (Allocation Failure) 95M->95M(228M) 113.555ms
[2020-01-29T21:51:26.784+0300][252.685s][info][gc] GC(2699) Pause Young (Allocation Failure) 124M->124M(228M) 119.070ms
[2020-01-29T21:51:26.923+0300][252.824s][info][gc] GC(2700) Pause Young (Allocation Failure) 173M->173M(228M) 124.251ms
[2020-01-29T21:51:27.013+0300][252.915s][info][gc] GC(2701) Pause Full (Ergonomics) 173M->39M(228M) 90.795ms
[2020-01-29T21:51:27.075+0300][252.976s][info][gc] GC(2702) Pause Young (Allocation Failure) 68M->68M(228M) 57.503ms
[2020-01-29T21:51:27.192+0300][253.093s][info][gc] GC(2703) Pause Young (Allocation Failure) 97M->97M(228M) 112.998ms
[2020-01-29T21:51:27.316+0300][253.217s][info][gc] GC(2704) Pause Young (Allocation Failure) 126M->126M(228M) 120.334ms
[2020-01-29T21:51:27.407+0300][253.309s][info][gc] GC(2705) Pause Young (Allocation Failure) 155M->155M(228M) 79.554ms
[2020-01-29T21:51:27.416+0300][253.318s][info][gc] GC(2706) Pause Full (Ergonomics) 155M->21M(228M) 9.340ms
[2020-01-29T21:51:27.482+0300][253.384s][info][gc] GC(2707) Pause Young (Allocation Failure) 50M->50M(228M) 61.652ms
[2020-01-29T21:51:27.594+0300][253.496s][info][gc] GC(2708) Pause Young (Allocation Failure) 79M->79M(228M) 108.944ms
[2020-01-29T21:51:27.712+0300][253.612s][info][gc] GC(2709) Pause Young (Allocation Failure) 108M->108M(228M) 112.617ms
[2020-01-29T21:51:27.839+0300][253.741s][info][gc] GC(2710) Pause Young (Allocation Failure) 156M->156M(228M) 113.795ms
[2020-01-29T21:51:27.856+0300][253.758s][info][gc] GC(2711) Pause Full (Ergonomics) 156M->22M(228M) 16.917ms
[2020-01-29T21:51:27.920+0300][253.822s][info][gc] GC(2712) Pause Young (Allocation Failure) 51M->51M(228M) 60.106ms
[2020-01-29T21:51:28.040+0300][253.941s][info][gc] GC(2713) Pause Young (Allocation Failure) 80M->80M(228M) 116.120ms
[2020-01-29T21:51:28.154+0300][254.055s][info][gc] GC(2714) Pause Young (Allocation Failure) 109M->109M(228M) 110.052ms
[2020-01-29T21:51:28.283+0300][254.185s][info][gc] GC(2715) Pause Young (Allocation Failure) 157M->157M(228M) 108.759ms
[2020-01-29T21:51:28.303+0300][254.205s][info][gc] GC(2716) Pause Full (Ergonomics) 157M->23M(228M) 19.647ms
[2020-01-29T21:51:28.369+0300][254.271s][info][gc] GC(2717) Pause Young (Allocation Failure) 52M->52M(228M) 62.767ms
[2020-01-29T21:51:28.484+0300][254.388s][info][gc] GC(2718) Pause Young (Allocation Failure) 81M->81M(228M) 113.619ms
[2020-01-29T21:51:28.604+0300][254.505s][info][gc] GC(2719) Pause Young (Allocation Failure) 110M->110M(228M) 113.593ms
[2020-01-29T21:51:28.726+0300][254.628s][info][gc] GC(2720) Pause Young (Allocation Failure) 158M->158M(228M) 108.164ms
[2020-01-29T21:51:28.751+0300][254.653s][info][gc] GC(2721) Pause Full (Ergonomics) 158M->24M(228M) 24.690ms
[2020-01-29T21:51:28.817+0300][254.719s][info][gc] GC(2722) Pause Young (Allocation Failure) 53M->53M(228M) 62.458ms
[2020-01-29T21:51:28.933+0300][254.837s][info][gc] GC(2723) Pause Young (Allocation Failure) 82M->83M(228M) 113.905ms
[2020-01-29T21:51:29.059+0300][254.964s][info][gc] GC(2724) Pause Young (Allocation Failure) 112M->112M(228M) 123.461ms
[2020-01-29T21:51:29.181+0300][255.082s][info][gc] GC(2725) Pause Young (Allocation Failure) 160M->160M(228M) 100.800ms
[2020-01-29T21:51:29.213+0300][255.114s][info][gc] GC(2726) Pause Full (Ergonomics) 160M->26M(228M) 31.413ms
[2020-01-29T21:51:29.279+0300][255.181s][info][gc] GC(2727) Pause Young (Allocation Failure) 55M->55M(228M) 63.582ms
[2020-01-29T21:51:29.397+0300][255.298s][info][gc] GC(2728) Pause Young (Allocation Failure) 84M->84M(228M) 113.380ms
[2020-01-29T21:51:29.521+0300][255.423s][info][gc] GC(2729) Pause Young (Allocation Failure) 113M->113M(228M) 121.667ms
[2020-01-29T21:51:29.665+0300][255.567s][info][gc] GC(2730) Pause Young (Allocation Failure) 161M->161M(228M) 128.851ms
[2020-01-29T21:51:29.709+0300][255.610s][info][gc] GC(2731) Pause Full (Ergonomics) 161M->27M(228M) 43.423ms
[2020-01-29T21:51:29.776+0300][255.677s][info][gc] GC(2732) Pause Young (Allocation Failure) 56M->56M(228M) 63.657ms
[2020-01-29T21:51:29.894+0300][255.796s][info][gc] GC(2733) Pause Young (Allocation Failure) 85M->85M(228M) 114.917ms
[2020-01-29T21:51:30.008+0300][255.909s][info][gc] GC(2734) Pause Young (Allocation Failure) 114M->114M(228M) 109.909ms
[2020-01-29T21:51:30.119+0300][256.020s][info][gc] GC(2735) Pause Young (Allocation Failure) 162M->162M(228M) 95.978ms
[2020-01-29T21:51:30.157+0300][256.058s][info][gc] GC(2736) Pause Full (Ergonomics) 162M->28M(228M) 38.183ms
[2020-01-29T21:51:30.222+0300][256.124s][info][gc] GC(2737) Pause Young (Allocation Failure) 57M->57M(228M) 61.517ms
[2020-01-29T21:51:30.340+0300][256.242s][info][gc] GC(2738) Pause Young (Allocation Failure) 86M->86M(228M) 114.375ms
[2020-01-29T21:51:30.458+0300][256.360s][info][gc] GC(2739) Pause Young (Allocation Failure) 115M->115M(228M) 114.495ms
[2020-01-29T21:51:30.562+0300][256.463s][info][gc] GC(2740) Pause Young (Allocation Failure) 163M->163M(228M) 88.734ms
[2020-01-29T21:51:30.605+0300][256.507s][info][gc] GC(2741) Pause Full (Ergonomics) 163M->29M(228M) 43.678ms
[2020-01-29T21:51:30.672+0300][256.574s][info][gc] GC(2742) Pause Young (Allocation Failure) 58M->58M(228M) 63.198ms
[2020-01-29T21:51:30.788+0300][256.690s][info][gc] GC(2743) Pause Young (Allocation Failure) 87M->87M(228M) 112.125ms
[2020-01-29T21:51:30.903+0300][256.804s][info][gc] GC(2744) Pause Young (Allocation Failure) 116M->117M(228M) 110.819ms
[2020-01-29T21:51:31.001+0300][256.903s][info][gc] GC(2745) Pause Young (Allocation Failure) 165M->165M(228M) 84.371ms
[2020-01-29T21:51:31.047+0300][256.949s][info][gc] GC(2746) Pause Full (Ergonomics) 165M->31M(228M) 45.922ms
[2020-01-29T21:51:31.112+0300][257.014s][info][gc] GC(2747) Pause Young (Allocation Failure) 60M->60M(228M) 61.428ms
[2020-01-29T21:51:31.225+0300][257.126s][info][gc] GC(2748) Pause Young (Allocation Failure) 89M->89M(228M) 108.590ms
[2020-01-29T21:51:31.340+0300][257.242s][info][gc] GC(2749) Pause Young (Allocation Failure) 118M->118M(228M) 112.020ms
[2020-01-29T21:51:31.438+0300][257.340s][info][gc] GC(2750) Pause Young (Allocation Failure) 166M->166M(228M) 83.398ms
[2020-01-29T21:51:31.489+0300][257.391s][info][gc] GC(2751) Pause Full (Ergonomics) 166M->32M(228M) 50.732ms
[2020-01-29T21:51:31.555+0300][257.457s][info][gc] GC(2752) Pause Young (Allocation Failure) 61M->61M(228M) 62.650ms
[2020-01-29T21:51:31.676+0300][257.577s][info][gc] GC(2753) Pause Young (Allocation Failure) 90M->90M(228M) 116.388ms
[2020-01-29T21:51:31.801+0300][257.703s][info][gc] GC(2754) Pause Young (Allocation Failure) 119M->119M(228M) 122.097ms
[2020-01-29T21:51:31.899+0300][257.800s][info][gc] GC(2755) Pause Young (Allocation Failure) 167M->167M(228M) 82.670ms
[2020-01-29T21:51:31.951+0300][257.853s][info][gc] GC(2756) Pause Full (Ergonomics) 167M->33M(228M) 52.671ms
[2020-01-29T21:51:32.016+0300][257.917s][info][gc] GC(2757) Pause Young (Allocation Failure) 62M->62M(228M) 60.693ms
[2020-01-29T21:51:32.134+0300][258.036s][info][gc] GC(2758) Pause Young (Allocation Failure) 91M->91M(228M) 115.522ms
[2020-01-29T21:51:32.249+0300][258.151s][info][gc] GC(2759) Pause Young (Allocation Failure) 120M->120M(228M) 110.833ms
[2020-01-29T21:51:32.341+0300][258.242s][info][gc] GC(2760) Pause Young (Allocation Failure) 168M->168M(228M) 76.467ms
[2020-01-29T21:51:32.401+0300][258.302s][info][gc] GC(2761) Pause Full (Ergonomics) 168M->34M(228M) 59.925ms
[2020-01-29T21:51:32.467+0300][258.369s][info][gc] GC(2762) Pause Young (Allocation Failure) 63M->63M(228M) 63.127ms
[2020-01-29T21:51:32.583+0300][258.484s][info][gc] GC(2763) Pause Young (Allocation Failure) 92M->92M(228M) 111.883ms
[2020-01-29T21:51:32.705+0300][258.606s][info][gc] GC(2764) Pause Young (Allocation Failure) 121M->121M(228M) 118.034ms
[2020-01-29T21:51:32.795+0300][258.696s][info][gc] GC(2765) Pause Young (Allocation Failure) 170M->170M(228M) 75.795ms
[2020-01-29T21:51:32.857+0300][258.758s][info][gc] GC(2766) Pause Full (Ergonomics) 170M->36M(228M) 62.270ms
[2020-01-29T21:51:32.922+0300][258.824s][info][gc] GC(2767) Pause Young (Allocation Failure) 65M->65M(228M) 61.692ms
[2020-01-29T21:51:33.043+0300][258.945s][info][gc] GC(2768) Pause Young (Allocation Failure) 94M->94M(228M) 117.471ms
[2020-01-29T21:51:33.159+0300][259.063s][info][gc] GC(2769) Pause Young (Allocation Failure) 123M->123M(228M) 114.149ms
[2020-01-29T21:51:33.255+0300][259.161s][info][gc] GC(2770) Pause Young (Allocation Failure) 171M->171M(228M) 72.694ms
[2020-01-29T21:51:33.325+0300][259.228s][info][gc] GC(2771) Pause Full (Ergonomics) 171M->37M(228M) 67.009ms
[2020-01-29T21:51:33.388+0300][259.294s][info][gc] GC(2772) Pause Young (Allocation Failure) 66M->66M(228M) 62.627ms
[2020-01-29T21:51:33.508+0300][259.411s][info][gc] GC(2773) Pause Young (Allocation Failure) 95M->95M(228M) 113.145ms
[2020-01-29T21:51:33.626+0300][259.529s][info][gc] GC(2774) Pause Young (Allocation Failure) 124M->124M(228M) 114.181ms
[2020-01-29T21:51:33.708+0300][259.614s][info][gc] GC(2775) Pause Young (Allocation Failure) 172M->172M(228M) 72.487ms
[2020-01-29T21:51:33.784+0300][259.686s][info][gc] GC(2776) Pause Full (Ergonomics) 172M->38M(228M) 71.276ms
[2020-01-29T21:51:33.846+0300][259.750s][info][gc] GC(2777) Pause Young (Allocation Failure) 67M->67M(228M) 60.865ms
[2020-01-29T21:51:33.964+0300][259.867s][info][gc] GC(2778) Pause Young (Allocation Failure) 96M->96M(228M) 113.945ms
[2020-01-29T21:51:34.096+0300][259.997s][info][gc] GC(2779) Pause Young (Allocation Failure) 125M->125M(228M) 126.126ms
[2020-01-29T21:51:34.186+0300][260.087s][info][gc] GC(2780) Pause Young (Allocation Failure) 173M->173M(228M) 75.549ms
[2020-01-29T21:51:34.263+0300][260.165s][info][gc] GC(2781) Pause Full (Ergonomics) 173M->39M(228M) 77.172ms
[2020-01-29T21:51:34.325+0300][260.227s][info][gc] GC(2782) Pause Young (Allocation Failure) 68M->68M(228M) 58.507ms
[2020-01-29T21:51:34.443+0300][260.344s][info][gc] GC(2783) Pause Young (Allocation Failure) 97M->98M(228M) 113.700ms
[2020-01-29T21:51:34.564+0300][260.465s][info][gc] GC(2784) Pause Young (Allocation Failure) 127M->127M(228M) 117.061ms
[2020-01-29T21:51:34.653+0300][260.555s][info][gc] GC(2785) Pause Young (Allocation Failure) 156M->156M(228M) 77.657ms
[2020-01-29T21:51:34.665+0300][260.567s][info][gc] GC(2786) Pause Full (Ergonomics) 156M->22M(228M) 11.696ms
[2020-01-29T21:51:34.731+0300][260.632s][info][gc] GC(2787) Pause Young (Allocation Failure) 51M->51M(228M) 61.839ms
[2020-01-29T21:51:34.847+0300][260.748s][info][gc] GC(2788) Pause Young (Allocation Failure) 80M->80M(228M) 112.663ms
[2020-01-29T21:51:34.964+0300][260.865s][info][gc] GC(2789) Pause Young (Allocation Failure) 109M->109M(228M) 113.302ms
[2020-01-29T21:51:35.105+0300][261.007s][info][gc] GC(2790) Pause Young (Allocation Failure) 157M->157M(228M) 126.575ms
[2020-01-29T21:51:35.129+0300][261.031s][info][gc] GC(2791) Pause Full (Ergonomics) 157M->23M(228M) 23.848ms
[2020-01-29T21:51:35.195+0300][261.096s][info][gc] GC(2792) Pause Young (Allocation Failure) 52M->52M(228M) 61.672ms
[2020-01-29T21:51:35.307+0300][261.208s][info][gc] GC(2793) Pause Young (Allocation Failure) 81M->81M(228M) 108.521ms
[2020-01-29T21:51:35.423+0300][261.325s][info][gc] GC(2794) Pause Young (Allocation Failure) 110M->110M(228M) 112.666ms
[2020-01-29T21:51:35.551+0300][261.452s][info][gc] GC(2795) Pause Young (Allocation Failure) 158M->158M(228M) 112.892ms
[2020-01-29T21:51:35.571+0300][261.473s][info][gc] GC(2796) Pause Full (Ergonomics) 158M->24M(228M) 20.677ms
[2020-01-29T21:51:35.631+0300][261.533s][info][gc] GC(2797) Pause Young (Allocation Failure) 53M->53M(228M) 55.473ms
[2020-01-29T21:51:35.740+0300][261.641s][info][gc] GC(2798) Pause Young (Allocation Failure) 82M->82M(228M) 104.791ms
[2020-01-29T21:51:35.860+0300][261.761s][info][gc] GC(2799) Pause Young (Allocation Failure) 111M->111M(228M) 115.837ms
[2020-01-29T21:51:36.002+0300][261.904s][info][gc] GC(2800) Pause Young (Allocation Failure) 159M->159M(228M) 128.014ms
[2020-01-29T21:51:36.039+0300][261.941s][info][gc] GC(2801) Pause Full (Ergonomics) 159M->25M(228M) 36.588ms
[2020-01-29T21:51:36.106+0300][262.008s][info][gc] GC(2802) Pause Young (Allocation Failure) 54M->54M(228M) 63.297ms
[2020-01-29T21:51:36.223+0300][262.124s][info][gc] GC(2803) Pause Young (Allocation Failure) 83M->83M(228M) 113.116ms
[2020-01-29T21:51:36.335+0300][262.237s][info][gc] GC(2804) Pause Young (Allocation Failure) 112M->112M(228M) 109.236ms
[2020-01-29T21:51:36.449+0300][262.351s][info][gc] GC(2805) Pause Young (Allocation Failure) 161M->161M(228M) 98.833ms
[2020-01-29T21:51:36.481+0300][262.383s][info][gc] GC(2806) Pause Full (Ergonomics) 161M->27M(228M) 32.202ms
[2020-01-29T21:51:36.547+0300][262.448s][info][gc] GC(2807) Pause Young (Allocation Failure) 56M->56M(228M) 61.174ms
[2020-01-29T21:51:36.665+0300][262.566s][info][gc] GC(2808) Pause Young (Allocation Failure) 85M->85M(228M) 114.694ms
[2020-01-29T21:51:36.782+0300][262.684s][info][gc] GC(2809) Pause Young (Allocation Failure) 114M->114M(228M) 113.807ms
[2020-01-29T21:51:36.894+0300][262.795s][info][gc] GC(2810) Pause Young (Allocation Failure) 162M->162M(228M) 97.306ms
[2020-01-29T21:51:36.930+0300][262.831s][info][gc] GC(2811) Pause Full (Ergonomics) 162M->28M(228M) 35.887ms
[2020-01-29T21:51:36.997+0300][262.899s][info][gc] GC(2812) Pause Young (Allocation Failure) 57M->57M(228M) 63.936ms
[2020-01-29T21:51:37.116+0300][263.017s][info][gc] GC(2813) Pause Young (Allocation Failure) 86M->86M(228M) 114.576ms
[2020-01-29T21:51:37.229+0300][263.130s][info][gc] GC(2814) Pause Young (Allocation Failure) 115M->115M(228M) 109.448ms
[2020-01-29T21:51:37.340+0300][263.242s][info][gc] GC(2815) Pause Young (Allocation Failure) 163M->163M(228M) 96.122ms
[2020-01-29T21:51:37.379+0300][263.281s][info][gc] GC(2816) Pause Full (Ergonomics) 163M->29M(228M) 39.191ms
[2020-01-29T21:51:37.446+0300][263.347s][info][gc] GC(2817) Pause Young (Allocation Failure) 58M->58M(228M) 62.367ms
[2020-01-29T21:51:37.562+0300][263.463s][info][gc] GC(2818) Pause Young (Allocation Failure) 87M->87M(228M) 112.700ms
[2020-01-29T21:51:37.673+0300][263.574s][info][gc] GC(2819) Pause Young (Allocation Failure) 116M->116M(228M) 106.709ms
[2020-01-29T21:51:37.802+0300][263.704s][info][gc] GC(2820) Pause Young (Allocation Failure) 164M->164M(228M) 114.919ms
[2020-01-29T21:51:37.857+0300][263.759s][info][gc] GC(2821) Pause Full (Ergonomics) 164M->30M(228M) 54.791ms
[2020-01-29T21:51:37.916+0300][263.817s][info][gc] GC(2822) Pause Young (Allocation Failure) 59M->59M(228M) 55.147ms
[2020-01-29T21:51:38.031+0300][263.933s][info][gc] GC(2823) Pause Young (Allocation Failure) 88M->88M(228M) 111.397ms
[2020-01-29T21:51:38.145+0300][264.046s][info][gc] GC(2824) Pause Young (Allocation Failure) 117M->117M(228M) 110.035ms
[2020-01-29T21:51:38.282+0300][264.184s][info][gc] GC(2825) Pause Young (Allocation Failure) 166M->166M(228M) 122.884ms
[2020-01-29T21:51:38.343+0300][264.245s][info][gc] GC(2826) Pause Full (Ergonomics) 166M->32M(228M) 60.854ms
[2020-01-29T21:51:38.404+0300][264.306s][info][gc] GC(2827) Pause Young (Allocation Failure) 61M->61M(228M) 57.068ms
[2020-01-29T21:51:38.518+0300][264.423s][info][gc] GC(2828) Pause Young (Allocation Failure) 90M->90M(228M) 113.086ms
[2020-01-29T21:51:38.639+0300][264.542s][info][gc] GC(2829) Pause Young (Allocation Failure) 119M->119M(228M) 115.492ms
[2020-01-29T21:51:38.743+0300][264.645s][info][gc] GC(2830) Pause Young (Allocation Failure) 167M->167M(228M) 83.719ms
[2020-01-29T21:51:38.798+0300][264.701s][info][gc] GC(2831) Pause Full (Ergonomics) 167M->33M(228M) 55.991ms
[2020-01-29T21:51:38.864+0300][264.766s][info][gc] GC(2832) Pause Young (Allocation Failure) 62M->62M(228M) 60.631ms
[2020-01-29T21:51:38.982+0300][264.883s][info][gc] GC(2833) Pause Young (Allocation Failure) 91M->91M(228M) 113.960ms
[2020-01-29T21:51:39.102+0300][265.003s][info][gc] GC(2834) Pause Young (Allocation Failure) 120M->120M(228M) 116.323ms
[2020-01-29T21:51:39.237+0300][265.139s][info][gc] GC(2835) Pause Young (Allocation Failure) 168M->168M(228M) 120.811ms
[2020-01-29T21:51:39.314+0300][265.216s][info][gc] GC(2836) Pause Full (Ergonomics) 168M->34M(228M) 77.157ms
[2020-01-29T21:51:39.375+0300][265.276s][info][gc] GC(2837) Pause Young (Allocation Failure) 63M->63M(228M) 56.450ms
[2020-01-29T21:51:39.491+0300][265.392s][info][gc] GC(2838) Pause Young (Allocation Failure) 92M->92M(228M) 112.084ms
[2020-01-29T21:51:39.606+0300][265.508s][info][gc] GC(2839) Pause Young (Allocation Failure) 121M->121M(228M) 111.773ms
[2020-01-29T21:51:39.699+0300][265.600s][info][gc] GC(2840) Pause Young (Allocation Failure) 169M->169M(228M) 77.529ms
[2020-01-29T21:51:39.761+0300][265.663s][info][gc] GC(2841) Pause Full (Ergonomics) 169M->35M(228M) 62.157ms
[2020-01-29T21:51:39.829+0300][265.730s][info][gc] GC(2842) Pause Young (Allocation Failure) 64M->64M(228M) 63.710ms
[2020-01-29T21:51:39.946+0300][265.847s][info][gc] GC(2843) Pause Young (Allocation Failure) 93M->93M(228M) 113.862ms
[2020-01-29T21:51:40.064+0300][265.966s][info][gc] GC(2844) Pause Young (Allocation Failure) 122M->122M(228M) 115.013ms
[2020-01-29T21:51:40.205+0300][266.106s][info][gc] GC(2845) Pause Young (Allocation Failure) 170M->171M(228M) 125.708ms
[2020-01-29T21:51:40.290+0300][266.191s][info][gc] GC(2846) Pause Full (Ergonomics) 171M->37M(228M) 84.637ms
[2020-01-29T21:51:40.350+0300][266.251s][info][gc] GC(2847) Pause Young (Allocation Failure) 66M->66M(228M) 56.251ms
[2020-01-29T21:51:40.469+0300][266.370s][info][gc] GC(2848) Pause Young (Allocation Failure) 95M->95M(228M) 115.449ms
[2020-01-29T21:51:40.592+0300][266.493s][info][gc] GC(2849) Pause Young (Allocation Failure) 124M->124M(228M) 119.284ms
[2020-01-29T21:51:40.735+0300][266.636s][info][gc] GC(2850) Pause Young (Allocation Failure) 172M->172M(228M) 128.061ms
[2020-01-29T21:51:40.820+0300][266.722s][info][gc] GC(2851) Pause Full (Ergonomics) 172M->38M(228M) 85.167ms
[2020-01-29T21:51:40.887+0300][266.789s][info][gc] GC(2852) Pause Young (Allocation Failure) 67M->67M(228M) 63.203ms
[2020-01-29T21:51:41.005+0300][266.906s][info][gc] GC(2853) Pause Young (Allocation Failure) 96M->96M(228M) 113.725ms
[2020-01-29T21:51:41.126+0300][267.028s][info][gc] GC(2854) Pause Young (Allocation Failure) 125M->125M(228M) 118.865ms
[2020-01-29T21:51:41.212+0300][267.114s][info][gc] GC(2855) Pause Young (Allocation Failure) 173M->173M(228M) 70.458ms
[2020-01-29T21:51:41.288+0300][267.190s][info][gc] GC(2856) Pause Full (Ergonomics) 173M->39M(228M) 76.017ms
[2020-01-29T21:51:41.350+0300][267.251s][info][gc] GC(2857) Pause Young (Allocation Failure) 68M->68M(228M) 57.338ms
[2020-01-29T21:51:41.468+0300][267.370s][info][gc] GC(2858) Pause Young (Allocation Failure) 97M->97M(228M) 114.915ms
[2020-01-29T21:51:41.587+0300][267.488s][info][gc] GC(2859) Pause Young (Allocation Failure) 126M->126M(228M) 115.053ms
[2020-01-29T21:51:41.723+0300][267.624s][info][gc] GC(2860) Pause Young (Allocation Failure) 174M->174M(228M) 121.186ms
[2020-01-29T21:51:41.822+0300][267.724s][info][gc] GC(2861) Pause Full (Ergonomics) 174M->40M(228M) 99.321ms
[2020-01-29T21:51:41.890+0300][267.792s][info][gc] GC(2862) Pause Young (Allocation Failure) 69M->69M(228M) 64.324ms
[2020-01-29T21:51:42.011+0300][267.913s][info][gc] GC(2863) Pause Young (Allocation Failure) 98M->98M(228M) 117.419ms
[2020-01-29T21:51:42.132+0300][268.034s][info][gc] GC(2864) Pause Young (Allocation Failure) 127M->127M(228M) 117.236ms
[2020-01-29T21:51:42.219+0300][268.120s][info][gc] GC(2865) Pause Young (Allocation Failure) 156M->156M(228M) 74.115ms
[2020-01-29T21:51:42.233+0300][268.134s][info][gc] GC(2866) Pause Full (Ergonomics) 156M->23M(228M) 13.930ms
[2020-01-29T21:51:42.299+0300][268.200s][info][gc] GC(2867) Pause Young (Allocation Failure) 52M->52M(228M) 62.699ms
[2020-01-29T21:51:42.409+0300][268.310s][info][gc] GC(2868) Pause Young (Allocation Failure) 81M->81M(228M) 105.799ms
[2020-01-29T21:51:42.528+0300][268.429s][info][gc] GC(2869) Pause Young (Allocation Failure) 110M->110M(228M) 115.544ms
[2020-01-29T21:51:42.656+0300][268.558s][info][gc] GC(2870) Pause Young (Allocation Failure) 158M->158M(228M) 114.107ms
[2020-01-29T21:51:42.678+0300][268.579s][info][gc] GC(2871) Pause Full (Ergonomics) 158M->24M(228M) 21.056ms
[2020-01-29T21:51:42.746+0300][268.647s][info][gc] GC(2872) Pause Young (Allocation Failure) 53M->53M(228M) 63.976ms
[2020-01-29T21:51:42.864+0300][268.766s][info][gc] GC(2873) Pause Young (Allocation Failure) 82M->82M(228M) 115.152ms
[2020-01-29T21:51:42.984+0300][268.885s][info][gc] GC(2874) Pause Young (Allocation Failure) 111M->111M(228M) 116.327ms
[2020-01-29T21:51:43.103+0300][269.004s][info][gc] GC(2875) Pause Young (Allocation Failure) 159M->159M(228M) 103.852ms
[2020-01-29T21:51:43.132+0300][269.033s][info][gc] GC(2876) Pause Full (Ergonomics) 159M->25M(228M) 28.578ms
[2020-01-29T21:51:43.199+0300][269.101s][info][gc] GC(2877) Pause Young (Allocation Failure) 54M->54M(228M) 64.783ms
[2020-01-29T21:51:43.317+0300][269.218s][info][gc] GC(2878) Pause Young (Allocation Failure) 83M->83M(228M) 113.478ms
[2020-01-29T21:51:43.428+0300][269.329s][info][gc] GC(2879) Pause Young (Allocation Failure) 112M->112M(228M) 106.828ms
[2020-01-29T21:51:43.541+0300][269.443s][info][gc] GC(2880) Pause Young (Allocation Failure) 160M->160M(228M) 98.548ms
[2020-01-29T21:51:43.571+0300][269.473s][info][gc] GC(2881) Pause Full (Ergonomics) 160M->26M(228M) 30.237ms
[2020-01-29T21:51:43.635+0300][269.536s][info][gc] GC(2882) Pause Young (Allocation Failure) 55M->55M(228M) 59.035ms
[2020-01-29T21:51:43.751+0300][269.653s][info][gc] GC(2883) Pause Young (Allocation Failure) 84M->84M(228M) 113.048ms
[2020-01-29T21:51:43.873+0300][269.774s][info][gc] GC(2884) Pause Young (Allocation Failure) 113M->113M(228M) 118.027ms
[2020-01-29T21:51:43.985+0300][269.886s][info][gc] GC(2885) Pause Young (Allocation Failure) 161M->161M(228M) 96.752ms
[2020-01-29T21:51:44.020+0300][269.921s][info][gc] GC(2886) Pause Full (Ergonomics) 161M->27M(228M) 34.398ms
[2020-01-29T21:51:44.085+0300][269.986s][info][gc] GC(2887) Pause Young (Allocation Failure) 56M->56M(228M) 62.116ms
[2020-01-29T21:51:44.204+0300][270.105s][info][gc] GC(2888) Pause Young (Allocation Failure) 85M->85M(228M) 115.034ms
[2020-01-29T21:51:44.319+0300][270.221s][info][gc] GC(2889) Pause Young (Allocation Failure) 114M->115M(228M) 112.112ms
[2020-01-29T21:51:44.430+0300][270.331s][info][gc] GC(2890) Pause Young (Allocation Failure) 163M->163M(228M) 94.962ms
[2020-01-29T21:51:44.466+0300][270.368s][info][gc] GC(2891) Pause Full (Ergonomics) 163M->29M(228M) 36.873ms
[2020-01-29T21:51:44.531+0300][270.433s][info][gc] GC(2892) Pause Young (Allocation Failure) 58M->58M(228M) 61.287ms
[2020-01-29T21:51:44.650+0300][270.551s][info][gc] GC(2893) Pause Young (Allocation Failure) 87M->87M(228M) 114.253ms
[2020-01-29T21:51:44.768+0300][270.669s][info][gc] GC(2894) Pause Young (Allocation Failure) 116M->116M(228M) 114.605ms
[2020-01-29T21:51:44.870+0300][270.772s][info][gc] GC(2895) Pause Young (Allocation Failure) 164M->164M(228M) 87.764ms
[2020-01-29T21:51:44.914+0300][270.815s][info][gc] GC(2896) Pause Full (Ergonomics) 164M->30M(228M) 43.111ms
[2020-01-29T21:51:44.980+0300][270.882s][info][gc] GC(2897) Pause Young (Allocation Failure) 59M->59M(228M) 63.008ms
[2020-01-29T21:51:45.100+0300][271.001s][info][gc] GC(2898) Pause Young (Allocation Failure) 88M->88M(228M) 115.706ms
[2020-01-29T21:51:45.222+0300][271.124s][info][gc] GC(2899) Pause Young (Allocation Failure) 117M->117M(228M) 119.448ms
[2020-01-29T21:51:45.322+0300][271.223s][info][gc] GC(2900) Pause Young (Allocation Failure) 165M->165M(228M) 83.398ms
[2020-01-29T21:51:45.372+0300][271.273s][info][gc] GC(2901) Pause Full (Ergonomics) 165M->31M(228M) 49.781ms
[2020-01-29T21:51:45.435+0300][271.336s][info][gc] GC(2902) Pause Young (Allocation Failure) 60M->60M(228M) 59.828ms
[2020-01-29T21:51:45.550+0300][271.451s][info][gc] GC(2903) Pause Young (Allocation Failure) 89M->89M(228M) 111.024ms
[2020-01-29T21:51:45.670+0300][271.571s][info][gc] GC(2904) Pause Young (Allocation Failure) 118M->118M(228M) 115.975ms
[2020-01-29T21:51:45.766+0300][271.667s][info][gc] GC(2905) Pause Young (Allocation Failure) 166M->166M(228M) 80.888ms
[2020-01-29T21:51:45.821+0300][271.722s][info][gc] GC(2906) Pause Full (Ergonomics) 166M->32M(228M) 55.119ms
[2020-01-29T21:51:45.885+0300][271.786s][info][gc] GC(2907) Pause Young (Allocation Failure) 61M->61M(228M) 60.495ms
[2020-01-29T21:51:46.002+0300][271.904s][info][gc] GC(2908) Pause Young (Allocation Failure) 90M->90M(228M) 114.020ms
[2020-01-29T21:51:46.126+0300][272.027s][info][gc] GC(2909) Pause Young (Allocation Failure) 119M->119M(228M) 120.219ms
[2020-01-29T21:51:46.221+0300][272.122s][info][gc] GC(2910) Pause Young (Allocation Failure) 168M->168M(228M) 80.526ms
[2020-01-29T21:51:46.278+0300][272.180s][info][gc] GC(2911) Pause Full (Ergonomics) 168M->34M(228M) 57.655ms
[2020-01-29T21:51:46.350+0300][272.251s][info][gc] GC(2912) Pause Young (Allocation Failure) 63M->63M(228M) 67.717ms
[2020-01-29T21:51:46.462+0300][272.363s][info][gc] GC(2913) Pause Young (Allocation Failure) 92M->92M(228M) 107.375ms
[2020-01-29T21:51:46.582+0300][272.483s][info][gc] GC(2914) Pause Young (Allocation Failure) 121M->121M(228M) 116.409ms
[2020-01-29T21:51:46.674+0300][272.576s][info][gc] GC(2915) Pause Young (Allocation Failure) 169M->169M(228M) 77.676ms
[2020-01-29T21:51:46.739+0300][272.641s][info][gc] GC(2916) Pause Full (Ergonomics) 169M->35M(228M) 64.902ms
[2020-01-29T21:51:46.808+0300][272.710s][info][gc] GC(2917) Pause Young (Allocation Failure) 64M->64M(228M) 65.258ms
[2020-01-29T21:51:46.929+0300][272.831s][info][gc] GC(2918) Pause Young (Allocation Failure) 93M->93M(228M) 117.653ms
[2020-01-29T21:51:47.053+0300][272.954s][info][gc] GC(2919) Pause Young (Allocation Failure) 122M->122M(228M) 119.172ms
[2020-01-29T21:51:47.138+0300][273.043s][info][gc] GC(2920) Pause Young (Allocation Failure) 170M->170M(228M) 74.989ms
[2020-01-29T21:51:47.209+0300][273.114s][info][gc] GC(2921) Pause Full (Ergonomics) 170M->36M(228M) 70.701ms
[2020-01-29T21:51:47.279+0300][273.181s][info][gc] GC(2922) Pause Young (Allocation Failure) 65M->65M(228M) 63.809ms
[2020-01-29T21:51:47.406+0300][273.307s][info][gc] GC(2923) Pause Young (Allocation Failure) 94M->94M(228M) 121.882ms
[2020-01-29T21:51:47.519+0300][273.421s][info][gc] GC(2924) Pause Young (Allocation Failure) 123M->123M(228M) 110.248ms
[2020-01-29T21:51:47.604+0300][273.508s][info][gc] GC(2925) Pause Young (Allocation Failure) 171M->171M(228M) 71.513ms
[2020-01-29T21:51:47.678+0300][273.579s][info][gc] GC(2926) Pause Full (Ergonomics) 171M->37M(228M) 71.345ms
[2020-01-29T21:51:47.743+0300][273.645s][info][gc] GC(2927) Pause Young (Allocation Failure) 66M->66M(228M) 62.771ms
[2020-01-29T21:51:47.859+0300][273.763s][info][gc] GC(2928) Pause Young (Allocation Failure) 95M->95M(228M) 114.356ms
[2020-01-29T21:51:47.979+0300][273.884s][info][gc] GC(2929) Pause Young (Allocation Failure) 124M->124M(228M) 116.922ms
[2020-01-29T21:51:48.071+0300][273.973s][info][gc] GC(2930) Pause Young (Allocation Failure) 173M->173M(228M) 70.385ms
[2020-01-29T21:51:48.145+0300][274.046s][info][gc] GC(2931) Pause Full (Ergonomics) 173M->39M(228M) 73.296ms
[2020-01-29T21:51:48.210+0300][274.111s][info][gc] GC(2932) Pause Young (Allocation Failure) 68M->68M(228M) 61.178ms
[2020-01-29T21:51:48.328+0300][274.229s][info][gc] GC(2933) Pause Young (Allocation Failure) 97M->97M(228M) 114.048ms
[2020-01-29T21:51:48.445+0300][274.347s][info][gc] GC(2934) Pause Young (Allocation Failure) 126M->126M(228M) 114.609ms
[2020-01-29T21:51:48.539+0300][274.440s][info][gc] GC(2935) Pause Young (Allocation Failure) 155M->155M(228M) 81.157ms
[2020-01-29T21:51:48.549+0300][274.450s][info][gc] GC(2936) Pause Full (Ergonomics) 155M->21M(228M) 9.724ms
[2020-01-29T21:51:48.612+0300][274.514s][info][gc] GC(2937) Pause Young (Allocation Failure) 50M->50M(228M) 60.251ms
[2020-01-29T21:51:48.727+0300][274.628s][info][gc] GC(2938) Pause Young (Allocation Failure) 79M->79M(228M) 110.014ms
[2020-01-29T21:51:48.844+0300][274.746s][info][gc] GC(2939) Pause Young (Allocation Failure) 108M->108M(228M) 114.226ms
[2020-01-29T21:51:48.971+0300][274.872s][info][gc] GC(2940) Pause Young (Allocation Failure) 156M->156M(228M) 112.311ms
[2020-01-29T21:51:48.988+0300][274.890s][info][gc] GC(2941) Pause Full (Ergonomics) 156M->22M(228M) 17.293ms
[2020-01-29T21:51:49.054+0300][274.955s][info][gc] GC(2942) Pause Young (Allocation Failure) 51M->51M(228M) 61.594ms
[2020-01-29T21:51:49.176+0300][275.077s][info][gc] GC(2943) Pause Young (Allocation Failure) 80M->80M(228M) 118.911ms
[2020-01-29T21:51:49.292+0300][275.194s][info][gc] GC(2944) Pause Young (Allocation Failure) 109M->109M(228M) 112.871ms
[2020-01-29T21:51:49.415+0300][275.317s][info][gc] GC(2945) Pause Young (Allocation Failure) 157M->157M(228M) 107.830ms
[2020-01-29T21:51:49.437+0300][275.338s][info][gc] GC(2946) Pause Full (Ergonomics) 157M->23M(228M) 20.925ms
[2020-01-29T21:51:49.497+0300][275.398s][info][gc] GC(2947) Pause Young (Allocation Failure) 52M->52M(228M) 56.190ms
[2020-01-29T21:51:49.611+0300][275.513s][info][gc] GC(2948) Pause Young (Allocation Failure) 81M->81M(228M) 111.006ms
[2020-01-29T21:51:49.726+0300][275.627s][info][gc] GC(2949) Pause Young (Allocation Failure) 110M->110M(228M) 111.107ms
[2020-01-29T21:51:49.865+0300][275.766s][info][gc] GC(2950) Pause Young (Allocation Failure) 158M->158M(228M) 124.070ms
[2020-01-29T21:51:49.899+0300][275.801s][info][gc] GC(2951) Pause Full (Ergonomics) 158M->25M(228M) 34.522ms
[2020-01-29T21:51:49.969+0300][275.871s][info][gc] GC(2952) Pause Young (Allocation Failure) 54M->54M(228M) 66.435ms
[2020-01-29T21:51:50.085+0300][275.987s][info][gc] GC(2953) Pause Young (Allocation Failure) 83M->83M(228M) 112.316ms
[2020-01-29T21:51:50.205+0300][276.106s][info][gc] GC(2954) Pause Young (Allocation Failure) 112M->112M(228M) 116.063ms
[2020-01-29T21:51:50.342+0300][276.243s][info][gc] GC(2955) Pause Young (Allocation Failure) 160M->160M(228M) 122.574ms
[2020-01-29T21:51:50.381+0300][276.282s][info][gc] GC(2956) Pause Full (Ergonomics) 160M->26M(228M) 38.707ms
[2020-01-29T21:51:50.446+0300][276.348s][info][gc] GC(2957) Pause Young (Allocation Failure) 55M->55M(228M) 61.643ms
[2020-01-29T21:51:50.557+0300][276.459s][info][gc] GC(2958) Pause Young (Allocation Failure) 84M->84M(228M) 106.993ms
[2020-01-29T21:51:50.673+0300][276.575s][info][gc] GC(2959) Pause Young (Allocation Failure) 113M->113M(228M) 112.582ms
[2020-01-29T21:51:50.789+0300][276.690s][info][gc] GC(2960) Pause Young (Allocation Failure) 161M->161M(228M) 100.608ms
[2020-01-29T21:51:50.822+0300][276.723s][info][gc] GC(2961) Pause Full (Ergonomics) 161M->27M(228M) 32.725ms
[2020-01-29T21:51:50.886+0300][276.787s][info][gc] GC(2962) Pause Young (Allocation Failure) 56M->56M(228M) 60.500ms
[2020-01-29T21:51:51.006+0300][276.907s][info][gc] GC(2963) Pause Young (Allocation Failure) 85M->85M(228M) 116.070ms
[2020-01-29T21:51:51.125+0300][277.027s][info][gc] GC(2964) Pause Young (Allocation Failure) 114M->114M(228M) 115.986ms
[2020-01-29T21:51:51.265+0300][277.166s][info][gc] GC(2965) Pause Young (Allocation Failure) 162M->162M(228M) 125.039ms
[2020-01-29T21:51:51.312+0300][277.213s][info][gc] GC(2966) Pause Full (Ergonomics) 162M->28M(228M) 47.373ms
[2020-01-29T21:51:51.376+0300][277.277s][info][gc] GC(2967) Pause Young (Allocation Failure) 57M->57M(228M) 60.508ms
[2020-01-29T21:51:51.496+0300][277.398s][info][gc] GC(2968) Pause Young (Allocation Failure) 86M->86M(228M) 116.531ms
[2020-01-29T21:51:51.611+0300][277.513s][info][gc] GC(2969) Pause Young (Allocation Failure) 115M->115M(228M) 111.397ms
[2020-01-29T21:51:51.752+0300][277.653s][info][gc] GC(2970) Pause Young (Allocation Failure) 163M->163M(228M) 125.072ms
[2020-01-29T21:51:51.805+0300][277.707s][info][gc] GC(2971) Pause Full (Ergonomics) 163M->29M(228M) 53.922ms
[2020-01-29T21:51:51.874+0300][277.775s][info][gc] GC(2972) Pause Young (Allocation Failure) 58M->59M(228M) 64.800ms
[2020-01-29T21:51:51.989+0300][277.890s][info][gc] GC(2973) Pause Young (Allocation Failure) 88M->88M(228M) 111.636ms
[2020-01-29T21:51:52.105+0300][278.006s][info][gc] GC(2974) Pause Young (Allocation Failure) 117M->117M(228M) 112.155ms
[2020-01-29T21:51:52.249+0300][278.151s][info][gc] GC(2975) Pause Young (Allocation Failure) 165M->165M(228M) 129.163ms
[2020-01-29T21:51:52.308+0300][278.210s][info][gc] GC(2976) Pause Full (Ergonomics) 165M->31M(228M) 58.716ms
[2020-01-29T21:51:52.373+0300][278.275s][info][gc] GC(2977) Pause Young (Allocation Failure) 60M->60M(228M) 61.789ms
[2020-01-29T21:51:52.491+0300][278.392s][info][gc] GC(2978) Pause Young (Allocation Failure) 89M->89M(228M) 113.198ms
[2020-01-29T21:51:52.603+0300][278.505s][info][gc] GC(2979) Pause Young (Allocation Failure) 118M->118M(228M) 108.947ms
[2020-01-29T21:51:52.745+0300][278.647s][info][gc] GC(2980) Pause Young (Allocation Failure) 166M->166M(228M) 126.379ms
[2020-01-29T21:51:52.811+0300][278.713s][info][gc] GC(2981) Pause Full (Ergonomics) 166M->32M(228M) 65.697ms
[2020-01-29T21:51:52.876+0300][278.777s][info][gc] GC(2982) Pause Young (Allocation Failure) 61M->61M(228M) 60.982ms
[2020-01-29T21:51:52.997+0300][278.899s][info][gc] GC(2983) Pause Young (Allocation Failure) 90M->90M(228M) 117.852ms
[2020-01-29T21:51:53.118+0300][279.020s][info][gc] GC(2984) Pause Young (Allocation Failure) 119M->119M(228M) 117.443ms
[2020-01-29T21:51:53.214+0300][279.115s][info][gc] GC(2985) Pause Young (Allocation Failure) 167M->167M(228M) 79.896ms
[2020-01-29T21:51:53.270+0300][279.171s][info][gc] GC(2986) Pause Full (Ergonomics) 167M->33M(228M) 55.531ms
[2020-01-29T21:51:53.335+0300][279.236s][info][gc] GC(2987) Pause Young (Allocation Failure) 62M->62M(228M) 62.200ms
[2020-01-29T21:51:53.453+0300][279.355s][info][gc] GC(2988) Pause Young (Allocation Failure) 91M->91M(228M) 114.599ms
[2020-01-29T21:51:53.567+0300][279.468s][info][gc] GC(2989) Pause Young (Allocation Failure) 120M->120M(228M) 110.003ms
[2020-01-29T21:51:53.711+0300][279.612s][info][gc] GC(2990) Pause Young (Allocation Failure) 168M->169M(228M) 127.999ms
[2020-01-29T21:51:53.790+0300][279.691s][info][gc] GC(2991) Pause Full (Ergonomics) 169M->35M(228M) 78.794ms
[2020-01-29T21:51:53.858+0300][279.760s][info][gc] GC(2992) Pause Young (Allocation Failure) 64M->63M(228M) 63.736ms
[2020-01-29T21:51:53.970+0300][279.872s][info][gc] GC(2993) Pause Young (Allocation Failure) 92M->92M(228M) 107.819ms
[2020-01-29T21:51:54.098+0300][279.999s][info][gc] GC(2994) Pause Young (Allocation Failure) 121M->122M(228M) 123.250ms
[2020-01-29T21:51:54.192+0300][280.093s][info][gc] GC(2995) Pause Young (Allocation Failure) 170M->170M(228M) 78.471ms
[2020-01-29T21:51:54.256+0300][280.158s][info][gc] GC(2996) Pause Full (Ergonomics) 170M->36M(228M) 64.385ms
[2020-01-29T21:51:54.326+0300][280.228s][info][gc] GC(2997) Pause Young (Allocation Failure) 65M->65M(228M) 66.124ms
[2020-01-29T21:51:54.444+0300][280.345s][info][gc] GC(2998) Pause Young (Allocation Failure) 94M->94M(228M) 113.424ms
[2020-01-29T21:51:54.564+0300][280.465s][info][gc] GC(2999) Pause Young (Allocation Failure) 123M->123M(228M) 116.548ms
[2020-01-29T21:51:54.653+0300][280.554s][info][gc] GC(3000) Pause Young (Allocation Failure) 171M->171M(228M) 73.778ms
[2020-01-29T21:51:54.717+0300][280.618s][info][gc] GC(3001) Pause Full (Ergonomics) 171M->37M(228M) 64.212ms
[2020-01-29T21:51:54.781+0300][280.683s][info][gc] GC(3002) Pause Young (Allocation Failure) 66M->66M(228M) 60.615ms
[2020-01-29T21:51:54.896+0300][280.797s][info][gc] GC(3003) Pause Young (Allocation Failure) 95M->95M(228M) 111.323ms
[2020-01-29T21:51:55.009+0300][280.911s][info][gc] GC(3004) Pause Young (Allocation Failure) 124M->124M(228M) 109.592ms
[2020-01-29T21:51:55.096+0300][280.998s][info][gc] GC(3005) Pause Young (Allocation Failure) 172M->172M(228M) 72.659ms
[2020-01-29T21:51:55.169+0300][281.071s][info][gc] GC(3006) Pause Full (Ergonomics) 172M->38M(228M) 73.363ms
[2020-01-29T21:51:55.235+0300][281.137s][info][gc] GC(3007) Pause Young (Allocation Failure) 67M->67M(228M) 61.978ms
[2020-01-29T21:51:55.354+0300][281.255s][info][gc] GC(3008) Pause Young (Allocation Failure) 96M->96M(228M) 114.860ms
[2020-01-29T21:51:55.474+0300][281.375s][info][gc] GC(3009) Pause Young (Allocation Failure) 125M->125M(228M) 115.988ms
[2020-01-29T21:51:55.562+0300][281.464s][info][gc] GC(3010) Pause Young (Allocation Failure) 173M->173M(228M) 73.929ms
[2020-01-29T21:51:55.642+0300][281.544s][info][gc] GC(3011) Pause Full (Ergonomics) 173M->39M(228M) 80.403ms
[2020-01-29T21:51:55.706+0300][281.607s][info][gc] GC(3012) Pause Young (Allocation Failure) 68M->68M(228M) 59.214ms
[2020-01-29T21:51:55.827+0300][281.728s][info][gc] GC(3013) Pause Young (Allocation Failure) 97M->97M(228M) 117.358ms
[2020-01-29T21:51:55.948+0300][281.850s][info][gc] GC(3014) Pause Young (Allocation Failure) 126M->126M(228M) 117.970ms
[2020-01-29T21:51:56.041+0300][281.942s][info][gc] GC(3015) Pause Young (Allocation Failure) 155M->156M(228M) 80.308ms
[2020-01-29T21:51:56.053+0300][281.954s][info][gc] GC(3016) Pause Full (Ergonomics) 156M->22M(228M) 11.946ms
[2020-01-29T21:51:56.115+0300][282.017s][info][gc] GC(3017) Pause Young (Allocation Failure) 51M->51M(228M) 58.549ms
[2020-01-29T21:51:56.236+0300][282.137s][info][gc] GC(3018) Pause Young (Allocation Failure) 80M->80M(228M) 117.011ms
[2020-01-29T21:51:56.353+0300][282.254s][info][gc] GC(3019) Pause Young (Allocation Failure) 109M->109M(228M) 113.445ms
[2020-01-29T21:51:56.477+0300][282.379s][info][gc] GC(3020) Pause Young (Allocation Failure) 157M->157M(228M) 109.977ms
[2020-01-29T21:51:56.498+0300][282.400s][info][gc] GC(3021) Pause Full (Ergonomics) 157M->23M(228M) 20.490ms
[2020-01-29T21:51:56.564+0300][282.466s][info][gc] GC(3022) Pause Young (Allocation Failure) 52M->52M(228M) 62.661ms
[2020-01-29T21:51:56.681+0300][282.582s][info][gc] GC(3023) Pause Young (Allocation Failure) 81M->81M(228M) 112.066ms
[2020-01-29T21:51:56.800+0300][282.701s][info][gc] GC(3024) Pause Young (Allocation Failure) 110M->110M(228M) 115.644ms
[2020-01-29T21:51:56.920+0300][282.821s][info][gc] GC(3025) Pause Young (Allocation Failure) 158M->158M(228M) 105.806ms
[2020-01-29T21:51:56.944+0300][282.845s][info][gc] GC(3026) Pause Full (Ergonomics) 158M->24M(228M) 23.787ms
[2020-01-29T21:51:57.008+0300][282.909s][info][gc] GC(3027) Pause Young (Allocation Failure) 53M->53M(228M) 60.157ms
[2020-01-29T21:51:57.128+0300][283.029s][info][gc] GC(3028) Pause Young (Allocation Failure) 82M->82M(228M) 116.767ms
[2020-01-29T21:51:57.241+0300][283.143s][info][gc] GC(3029) Pause Young (Allocation Failure) 111M->111M(228M) 110.165ms
[2020-01-29T21:51:57.358+0300][283.259s][info][gc] GC(3030) Pause Young (Allocation Failure) 159M->159M(228M) 101.578ms
[2020-01-29T21:51:57.386+0300][283.287s][info][gc] GC(3031) Pause Full (Ergonomics) 159M->25M(228M) 27.436ms
[2020-01-29T21:51:57.451+0300][283.353s][info][gc] GC(3032) Pause Young (Allocation Failure) 54M->54M(228M) 62.355ms
[2020-01-29T21:51:57.573+0300][283.474s][info][gc] GC(3033) Pause Young (Allocation Failure) 83M->83M(228M) 117.796ms
[2020-01-29T21:51:57.687+0300][283.588s][info][gc] GC(3034) Pause Young (Allocation Failure) 112M->112M(228M) 109.904ms
[2020-01-29T21:51:57.827+0300][283.729s][info][gc] GC(3035) Pause Young (Allocation Failure) 160M->161M(228M) 125.589ms
[2020-01-29T21:51:57.871+0300][283.772s][info][gc] GC(3036) Pause Full (Ergonomics) 161M->27M(228M) 43.416ms
[2020-01-29T21:51:57.936+0300][283.838s][info][gc] GC(3037) Pause Young (Allocation Failure) 56M->56M(228M) 61.801ms
[2020-01-29T21:51:58.057+0300][283.959s][info][gc] GC(3038) Pause Young (Allocation Failure) 85M->85M(228M) 117.268ms
[2020-01-29T21:51:58.175+0300][284.076s][info][gc] GC(3039) Pause Young (Allocation Failure) 114M->114M(228M) 114.202ms
[2020-01-29T21:51:58.287+0300][284.189s][info][gc] GC(3040) Pause Young (Allocation Failure) 162M->162M(228M) 97.922ms
[2020-01-29T21:51:58.324+0300][284.225s][info][gc] GC(3041) Pause Full (Ergonomics) 162M->28M(228M) 36.178ms
[2020-01-29T21:51:58.391+0300][284.293s][info][gc] GC(3042) Pause Young (Allocation Failure) 57M->57M(228M) 63.965ms
[2020-01-29T21:51:58.509+0300][284.410s][info][gc] GC(3043) Pause Young (Allocation Failure) 86M->86M(228M) 113.620ms
[2020-01-29T21:51:58.631+0300][284.532s][info][gc] GC(3044) Pause Young (Allocation Failure) 115M->115M(228M) 117.957ms
[2020-01-29T21:51:58.734+0300][284.635s][info][gc] GC(3045) Pause Young (Allocation Failure) 163M->163M(228M) 87.930ms
[2020-01-29T21:51:58.778+0300][284.679s][info][gc] GC(3046) Pause Full (Ergonomics) 163M->29M(228M) 43.784ms
[2020-01-29T21:51:58.843+0300][284.745s][info][gc] GC(3047) Pause Young (Allocation Failure) 58M->58M(228M) 61.839ms
[2020-01-29T21:51:58.964+0300][284.865s][info][gc] GC(3048) Pause Young (Allocation Failure) 87M->87M(228M) 117.005ms
[2020-01-29T21:51:59.081+0300][284.983s][info][gc] GC(3049) Pause Young (Allocation Failure) 116M->116M(228M) 113.798ms
[2020-01-29T21:51:59.226+0300][285.128s][info][gc] GC(3050) Pause Young (Allocation Failure) 164M->164M(228M) 130.992ms
[2020-01-29T21:51:59.283+0300][285.185s][info][gc] GC(3051) Pause Full (Ergonomics) 164M->30M(228M) 56.441ms
[2020-01-29T21:51:59.348+0300][285.250s][info][gc] GC(3052) Pause Young (Allocation Failure) 59M->59M(228M) 61.235ms
[2020-01-29T21:51:59.463+0300][285.364s][info][gc] GC(3053) Pause Young (Allocation Failure) 88M->88M(228M) 110.963ms
[2020-01-29T21:51:59.586+0300][285.488s][info][gc] GC(3054) Pause Young (Allocation Failure) 117M->117M(228M) 119.872ms
[2020-01-29T21:51:59.686+0300][285.587s][info][gc] GC(3055) Pause Young (Allocation Failure) 166M->165M(228M) 84.839ms
[2020-01-29T21:51:59.732+0300][285.633s][info][gc] GC(3056) Pause Full (Ergonomics) 165M->32M(228M) 45.932ms
[2020-01-29T21:51:59.798+0300][285.699s][info][gc] GC(3057) Pause Young (Allocation Failure) 61M->60M(228M) 61.976ms
[2020-01-29T21:51:59.915+0300][285.816s][info][gc] GC(3058) Pause Young (Allocation Failure) 89M->90M(228M) 113.677ms
[2020-01-29T21:52:00.033+0300][285.935s][info][gc] GC(3059) Pause Young (Allocation Failure) 119M->119M(228M) 114.812ms
[2020-01-29T21:52:00.130+0300][286.031s][info][gc] GC(3060) Pause Young (Allocation Failure) 167M->167M(228M) 81.644ms
[2020-01-29T21:52:00.184+0300][286.085s][info][gc] GC(3061) Pause Full (Ergonomics) 167M->33M(228M) 54.107ms
[2020-01-29T21:52:00.251+0300][286.152s][info][gc] GC(3062) Pause Young (Allocation Failure) 62M->62M(228M) 63.043ms
[2020-01-29T21:52:00.368+0300][286.270s][info][gc] GC(3063) Pause Young (Allocation Failure) 91M->91M(228M) 114.676ms
[2020-01-29T21:52:00.489+0300][286.391s][info][gc] GC(3064) Pause Young (Allocation Failure) 120M->120M(228M) 116.783ms
[2020-01-29T21:52:00.585+0300][286.487s][info][gc] GC(3065) Pause Young (Allocation Failure) 168M->168M(228M) 81.352ms
[2020-01-29T21:52:00.644+0300][286.545s][info][gc] GC(3066) Pause Full (Ergonomics) 168M->34M(228M) 58.221ms
[2020-01-29T21:52:00.704+0300][286.605s][info][gc] GC(3067) Pause Young (Allocation Failure) 63M->63M(228M) 55.882ms
[2020-01-29T21:52:00.822+0300][286.723s][info][gc] GC(3068) Pause Young (Allocation Failure) 92M->92M(228M) 114.541ms
[2020-01-29T21:52:00.939+0300][286.841s][info][gc] GC(3069) Pause Young (Allocation Failure) 121M->121M(228M) 114.129ms
[2020-01-29T21:52:01.074+0300][286.976s][info][gc] GC(3070) Pause Young (Allocation Failure) 169M->169M(228M) 120.005ms
[2020-01-29T21:52:01.151+0300][287.053s][info][gc] GC(3071) Pause Full (Ergonomics) 169M->35M(228M) 76.668ms
[2020-01-29T21:52:01.217+0300][287.119s][info][gc] GC(3072) Pause Young (Allocation Failure) 64M->64M(228M) 62.196ms
[2020-01-29T21:52:01.336+0300][287.238s][info][gc] GC(3073) Pause Young (Allocation Failure) 93M->93M(228M) 115.662ms
[2020-01-29T21:52:01.460+0300][287.361s][info][gc] GC(3074) Pause Young (Allocation Failure) 122M->122M(228M) 119.867ms
[2020-01-29T21:52:01.548+0300][287.450s][info][gc] GC(3075) Pause Young (Allocation Failure) 171M->171M(228M) 73.999ms
[2020-01-29T21:52:01.615+0300][287.516s][info][gc] GC(3076) Pause Full (Ergonomics) 171M->37M(228M) 65.775ms
[2020-01-29T21:52:01.675+0300][287.577s][info][gc] GC(3077) Pause Young (Allocation Failure) 66M->66M(228M) 56.614ms
[2020-01-29T21:52:01.812+0300][287.714s][info][gc] GC(3078) Pause Young (Allocation Failure) 95M->95M(228M) 133.487ms
[2020-01-29T21:52:01.934+0300][287.835s][info][gc] GC(3079) Pause Young (Allocation Failure) 124M->124M(228M) 117.440ms
[2020-01-29T21:52:02.067+0300][287.969s][info][gc] GC(3080) Pause Young (Allocation Failure) 172M->172M(228M) 119.194ms
[2020-01-29T21:52:02.148+0300][288.050s][info][gc] GC(3081) Pause Full (Ergonomics) 172M->38M(228M) 80.960ms
[2020-01-29T21:52:02.216+0300][288.117s][info][gc] GC(3082) Pause Young (Allocation Failure) 67M->67M(228M) 63.741ms
[2020-01-29T21:52:02.335+0300][288.236s][info][gc] GC(3083) Pause Young (Allocation Failure) 96M->96M(228M) 115.091ms
[2020-01-29T21:52:02.456+0300][288.358s][info][gc] GC(3084) Pause Young (Allocation Failure) 125M->125M(228M) 117.966ms
[2020-01-29T21:52:02.541+0300][288.442s][info][gc] GC(3085) Pause Young (Allocation Failure) 173M->173M(228M) 69.739ms
[2020-01-29T21:52:02.617+0300][288.518s][info][gc] GC(3086) Pause Full (Ergonomics) 173M->39M(228M) 76.154ms
[2020-01-29T21:52:02.681+0300][288.583s][info][gc] GC(3087) Pause Young (Allocation Failure) 68M->68M(228M) 59.768ms
[2020-01-29T21:52:02.796+0300][288.698s][info][gc] GC(3088) Pause Young (Allocation Failure) 97M->97M(228M) 111.734ms
[2020-01-29T21:52:02.917+0300][288.819s][info][gc] GC(3089) Pause Young (Allocation Failure) 126M->126M(228M) 116.879ms
[2020-01-29T21:52:03.012+0300][288.914s][info][gc] GC(3090) Pause Young (Allocation Failure) 155M->155M(228M) 83.061ms
[2020-01-29T21:52:03.023+0300][288.925s][info][gc] GC(3091) Pause Full (Ergonomics) 155M->22M(228M) 11.075ms
[2020-01-29T21:52:03.094+0300][288.995s][info][gc] GC(3092) Pause Young (Allocation Failure) 51M->51M(228M) 66.075ms
[2020-01-29T21:52:03.211+0300][289.113s][info][gc] GC(3093) Pause Young (Allocation Failure) 80M->80M(228M) 114.365ms
[2020-01-29T21:52:03.332+0300][289.233s][info][gc] GC(3094) Pause Young (Allocation Failure) 109M->109M(228M) 117.258ms
[2020-01-29T21:52:03.468+0300][289.369s][info][gc] GC(3095) Pause Young (Allocation Failure) 157M->157M(228M) 120.840ms
[2020-01-29T21:52:03.484+0300][289.385s][info][gc] GC(3096) Pause Full (Ergonomics) 157M->23M(228M) 15.887ms
[2020-01-29T21:52:03.549+0300][289.451s][info][gc] GC(3097) Pause Young (Allocation Failure) 52M->52M(228M) 63.011ms
[2020-01-29T21:52:03.674+0300][289.576s][info][gc] GC(3098) Pause Young (Allocation Failure) 81M->81M(228M) 120.964ms
[2020-01-29T21:52:03.789+0300][289.690s][info][gc] GC(3099) Pause Young (Allocation Failure) 110M->110M(228M) 110.458ms
[2020-01-29T21:52:03.910+0300][289.811s][info][gc] GC(3100) Pause Young (Allocation Failure) 158M->158M(228M) 106.652ms
[2020-01-29T21:52:03.932+0300][289.834s][info][gc] GC(3101) Pause Full (Ergonomics) 158M->24M(228M) 22.032ms
[2020-01-29T21:52:03.998+0300][289.900s][info][gc] GC(3102) Pause Young (Allocation Failure) 53M->53M(228M) 62.505ms
[2020-01-29T21:52:04.117+0300][290.019s][info][gc] GC(3103) Pause Young (Allocation Failure) 82M->82M(228M) 115.353ms
[2020-01-29T21:52:04.232+0300][290.133s][info][gc] GC(3104) Pause Young (Allocation Failure) 111M->111M(228M) 110.907ms
[2020-01-29T21:52:04.350+0300][290.252s][info][gc] GC(3105) Pause Young (Allocation Failure) 159M->159M(228M) 104.380ms
[2020-01-29T21:52:04.376+0300][290.278s][info][gc] GC(3106) Pause Full (Ergonomics) 159M->25M(228M) 25.701ms
[2020-01-29T21:52:04.440+0300][290.341s][info][gc] GC(3107) Pause Young (Allocation Failure) 54M->54M(228M) 59.906ms
[2020-01-29T21:52:04.557+0300][290.459s][info][gc] GC(3108) Pause Young (Allocation Failure) 83M->83M(228M) 114.161ms
[2020-01-29T21:52:04.676+0300][290.578s][info][gc] GC(3109) Pause Young (Allocation Failure) 112M->112M(228M) 114.902ms
[2020-01-29T21:52:04.817+0300][290.719s][info][gc] GC(3110) Pause Young (Allocation Failure) 160M->160M(228M) 125.636ms
[2020-01-29T21:52:04.857+0300][290.758s][info][gc] GC(3111) Pause Full (Ergonomics) 160M->26M(228M) 39.547ms
[2020-01-29T21:52:04.925+0300][290.826s][info][gc] GC(3112) Pause Young (Allocation Failure) 55M->55M(228M) 64.044ms
[2020-01-29T21:52:05.043+0300][290.945s][info][gc] GC(3113) Pause Young (Allocation Failure) 84M->84M(228M) 115.293ms
[2020-01-29T21:52:05.169+0300][291.070s][info][gc] GC(3114) Pause Young (Allocation Failure) 113M->113M(228M) 121.938ms
[2020-01-29T21:52:05.283+0300][291.187s][info][gc] GC(3115) Pause Young (Allocation Failure) 161M->161M(228M) 95.966ms
[2020-01-29T21:52:05.319+0300][291.222s][info][gc] GC(3116) Pause Full (Ergonomics) 161M->27M(228M) 34.685ms
[2020-01-29T21:52:05.384+0300][291.289s][info][gc] GC(3117) Pause Young (Allocation Failure) 56M->56M(228M) 63.634ms
[2020-01-29T21:52:05.503+0300][291.405s][info][gc] GC(3118) Pause Young (Allocation Failure) 85M->86M(228M) 111.960ms
[2020-01-29T21:52:05.619+0300][291.522s][info][gc] GC(3119) Pause Young (Allocation Failure) 115M->115M(228M) 113.489ms
[2020-01-29T21:52:05.748+0300][291.654s][info][gc] GC(3120) Pause Young (Allocation Failure) 163M->163M(228M) 122.711ms
[2020-01-29T21:52:05.804+0300][291.707s][info][gc] GC(3121) Pause Full (Ergonomics) 163M->29M(228M) 53.097ms
[2020-01-29T21:52:05.879+0300][291.780s][info][gc] GC(3122) Pause Young (Allocation Failure) 58M->58M(228M) 68.651ms
[2020-01-29T21:52:05.993+0300][291.897s][info][gc] GC(3123) Pause Young (Allocation Failure) 87M->87M(228M) 113.202ms
[2020-01-29T21:52:06.118+0300][292.020s][info][gc] GC(3124) Pause Young (Allocation Failure) 116M->116M(228M) 119.561ms
[2020-01-29T21:52:06.223+0300][292.124s][info][gc] GC(3125) Pause Young (Allocation Failure) 164M->164M(228M) 89.140ms
[2020-01-29T21:52:06.266+0300][292.168s][info][gc] GC(3126) Pause Full (Ergonomics) 164M->30M(228M) 44.424ms
[2020-01-29T21:52:06.335+0300][292.236s][info][gc] GC(3127) Pause Young (Allocation Failure) 59M->59M(228M) 64.020ms
[2020-01-29T21:52:06.454+0300][292.356s][info][gc] GC(3128) Pause Young (Allocation Failure) 88M->88M(228M) 116.487ms
[2020-01-29T21:52:06.583+0300][292.485s][info][gc] GC(3129) Pause Young (Allocation Failure) 117M->117M(228M) 124.905ms
[2020-01-29T21:52:06.686+0300][292.587s][info][gc] GC(3130) Pause Young (Allocation Failure) 165M->165M(228M) 88.078ms
[2020-01-29T21:52:06.734+0300][292.635s][info][gc] GC(3131) Pause Full (Ergonomics) 165M->31M(228M) 47.728ms
[2020-01-29T21:52:06.796+0300][292.697s][info][gc] GC(3132) Pause Young (Allocation Failure) 60M->60M(228M) 57.836ms
[2020-01-29T21:52:06.913+0300][292.814s][info][gc] GC(3133) Pause Young (Allocation Failure) 89M->89M(228M) 114.095ms
[2020-01-29T21:52:07.030+0300][292.932s][info][gc] GC(3134) Pause Young (Allocation Failure) 118M->118M(228M) 114.347ms
[2020-01-29T21:52:07.128+0300][293.029s][info][gc] GC(3135) Pause Young (Allocation Failure) 166M->166M(228M) 81.764ms
[2020-01-29T21:52:07.183+0300][293.084s][info][gc] GC(3136) Pause Full (Ergonomics) 166M->32M(228M) 54.449ms
[2020-01-29T21:52:07.250+0300][293.151s][info][gc] GC(3137) Pause Young (Allocation Failure) 61M->61M(228M) 63.866ms
[2020-01-29T21:52:07.369+0300][293.270s][info][gc] GC(3138) Pause Young (Allocation Failure) 90M->90M(228M) 115.293ms
[2020-01-29T21:52:07.494+0300][293.395s][info][gc] GC(3139) Pause Young (Allocation Failure) 119M->120M(228M) 121.145ms
[2020-01-29T21:52:07.588+0300][293.490s][info][gc] GC(3140) Pause Young (Allocation Failure) 168M->168M(228M) 79.973ms
[2020-01-29T21:52:07.646+0300][293.547s][info][gc] GC(3141) Pause Full (Ergonomics) 168M->34M(228M) 57.439ms
[2020-01-29T21:52:07.712+0300][293.613s][info][gc] GC(3142) Pause Young (Allocation Failure) 63M->63M(228M) 62.175ms
[2020-01-29T21:52:07.823+0300][293.724s][info][gc] GC(3143) Pause Young (Allocation Failure) 92M->92M(228M) 106.976ms
[2020-01-29T21:52:07.941+0300][293.842s][info][gc] GC(3144) Pause Young (Allocation Failure) 121M->121M(228M) 113.980ms
[2020-01-29T21:52:08.034+0300][293.936s][info][gc] GC(3145) Pause Young (Allocation Failure) 169M->169M(228M) 78.621ms
[2020-01-29T21:52:08.094+0300][293.996s][info][gc] GC(3146) Pause Full (Ergonomics) 169M->35M(228M) 60.015ms
[2020-01-29T21:52:08.161+0300][294.062s][info][gc] GC(3147) Pause Young (Allocation Failure) 64M->64M(228M) 63.159ms
[2020-01-29T21:52:08.279+0300][294.180s][info][gc] GC(3148) Pause Young (Allocation Failure) 93M->93M(228M) 114.300ms
[2020-01-29T21:52:08.398+0300][294.300s][info][gc] GC(3149) Pause Young (Allocation Failure) 122M->122M(228M) 115.831ms
[2020-01-29T21:52:08.489+0300][294.390s][info][gc] GC(3150) Pause Young (Allocation Failure) 170M->170M(228M) 75.665ms
[2020-01-29T21:52:08.554+0300][294.456s][info][gc] GC(3151) Pause Full (Ergonomics) 170M->36M(228M) 65.356ms
[2020-01-29T21:52:08.621+0300][294.522s][info][gc] GC(3152) Pause Young (Allocation Failure) 65M->65M(228M) 62.381ms
[2020-01-29T21:52:08.741+0300][294.642s][info][gc] GC(3153) Pause Young (Allocation Failure) 94M->94M(228M) 116.757ms
[2020-01-29T21:52:08.857+0300][294.758s][info][gc] GC(3154) Pause Young (Allocation Failure) 123M->123M(228M) 111.802ms
[2020-01-29T21:52:08.944+0300][294.845s][info][gc] GC(3155) Pause Young (Allocation Failure) 171M->171M(228M) 72.214ms
[2020-01-29T21:52:09.016+0300][294.917s][info][gc] GC(3156) Pause Full (Ergonomics) 171M->37M(228M) 71.528ms
[2020-01-29T21:52:09.085+0300][294.987s][info][gc] GC(3157) Pause Young (Allocation Failure) 66M->66M(228M) 66.733ms
[2020-01-29T21:52:09.205+0300][295.107s][info][gc] GC(3158) Pause Young (Allocation Failure) 95M->95M(228M) 115.480ms
[2020-01-29T21:52:09.326+0300][295.227s][info][gc] GC(3159) Pause Young (Allocation Failure) 124M->125M(228M) 117.106ms
[2020-01-29T21:52:09.412+0300][295.313s][info][gc] GC(3160) Pause Young (Allocation Failure) 173M->173M(228M) 71.200ms
[2020-01-29T21:52:09.487+0300][295.388s][info][gc] GC(3161) Pause Full (Ergonomics) 173M->39M(228M) 75.580ms
[2020-01-29T21:52:09.554+0300][295.455s][info][gc] GC(3162) Pause Young (Allocation Failure) 68M->68M(228M) 63.267ms
[2020-01-29T21:52:09.673+0300][295.574s][info][gc] GC(3163) Pause Young (Allocation Failure) 97M->97M(228M) 115.650ms
[2020-01-29T21:52:09.792+0300][295.693s][info][gc] GC(3164) Pause Young (Allocation Failure) 126M->126M(228M) 114.603ms
[2020-01-29T21:52:09.876+0300][295.777s][info][gc] GC(3165) Pause Young (Allocation Failure) 155M->155M(228M) 72.014ms
[2020-01-29T21:52:09.885+0300][295.787s][info][gc] GC(3166) Pause Full (Ergonomics) 155M->21M(228M) 9.639ms
[2020-01-29T21:52:09.951+0300][295.853s][info][gc] GC(3167) Pause Young (Allocation Failure) 50M->50M(228M) 62.360ms
[2020-01-29T21:52:10.068+0300][295.970s][info][gc] GC(3168) Pause Young (Allocation Failure) 79M->79M(228M) 113.130ms
[2020-01-29T21:52:10.189+0300][296.090s][info][gc] GC(3169) Pause Young (Allocation Failure) 108M->108M(228M) 116.892ms
[2020-01-29T21:52:10.319+0300][296.220s][info][gc] GC(3170) Pause Young (Allocation Failure) 156M->156M(228M) 115.051ms
[2020-01-29T21:52:10.336+0300][296.238s][info][gc] GC(3171) Pause Full (Ergonomics) 156M->22M(228M) 17.332ms
[2020-01-29T21:52:10.401+0300][296.302s][info][gc] GC(3172) Pause Young (Allocation Failure) 51M->51M(228M) 60.981ms
[2020-01-29T21:52:10.524+0300][296.425s][info][gc] GC(3173) Pause Young (Allocation Failure) 80M->80M(228M) 118.929ms
[2020-01-29T21:52:10.640+0300][296.542s][info][gc] GC(3174) Pause Young (Allocation Failure) 109M->109M(228M) 113.779ms
[2020-01-29T21:52:10.764+0300][296.665s][info][gc] GC(3175) Pause Young (Allocation Failure) 157M->157M(228M) 108.202ms
[2020-01-29T21:52:10.784+0300][296.686s][info][gc] GC(3176) Pause Full (Ergonomics) 157M->23M(228M) 20.075ms
[2020-01-29T21:52:10.842+0300][296.743s][info][gc] GC(3177) Pause Young (Allocation Failure) 52M->52M(228M) 53.905ms
[2020-01-29T21:52:10.956+0300][296.858s][info][gc] GC(3178) Pause Young (Allocation Failure) 81M->81M(228M) 110.514ms
[2020-01-29T21:52:11.075+0300][296.976s][info][gc] GC(3179) Pause Young (Allocation Failure) 110M->110M(228M) 114.958ms
[2020-01-29T21:52:11.214+0300][297.116s][info][gc] GC(3180) Pause Young (Allocation Failure) 158M->159M(228M) 124.835ms
[2020-01-29T21:52:11.247+0300][297.149s][info][gc] GC(3181) Pause Full (Ergonomics) 159M->25M(228M) 33.341ms
[2020-01-29T21:52:11.314+0300][297.216s][info][gc] GC(3182) Pause Young (Allocation Failure) 54M->54M(228M) 63.175ms
[2020-01-29T21:52:11.432+0300][297.333s][info][gc] GC(3183) Pause Young (Allocation Failure) 83M->83M(228M) 113.589ms
[2020-01-29T21:52:11.542+0300][297.444s][info][gc] GC(3184) Pause Young (Allocation Failure) 112M->112M(228M) 107.525ms
[2020-01-29T21:52:11.657+0300][297.558s][info][gc] GC(3185) Pause Young (Allocation Failure) 160M->160M(228M) 99.397ms
[2020-01-29T21:52:11.686+0300][297.587s][info][gc] GC(3186) Pause Full (Ergonomics) 160M->26M(228M) 28.731ms
[2020-01-29T21:52:11.753+0300][297.654s][info][gc] GC(3187) Pause Young (Allocation Failure) 55M->55M(228M) 63.384ms
[2020-01-29T21:52:11.864+0300][297.765s][info][gc] GC(3188) Pause Young (Allocation Failure) 84M->84M(228M) 106.730ms
[2020-01-29T21:52:11.982+0300][297.884s][info][gc] GC(3189) Pause Young (Allocation Failure) 113M->113M(228M) 115.486ms
[2020-01-29T21:52:12.124+0300][298.025s][info][gc] GC(3190) Pause Young (Allocation Failure) 161M->161M(228M) 126.240ms
[2020-01-29T21:52:12.167+0300][298.068s][info][gc] GC(3191) Pause Full (Ergonomics) 161M->27M(228M) 43.287ms
[2020-01-29T21:52:12.232+0300][298.133s][info][gc] GC(3192) Pause Young (Allocation Failure) 56M->56M(228M) 61.028ms
[2020-01-29T21:52:12.349+0300][298.251s][info][gc] GC(3193) Pause Young (Allocation Failure) 85M->85M(228M) 114.425ms
[2020-01-29T21:52:12.468+0300][298.369s][info][gc] GC(3194) Pause Young (Allocation Failure) 114M->114M(228M) 114.581ms
[2020-01-29T21:52:12.582+0300][298.483s][info][gc] GC(3195) Pause Young (Allocation Failure) 162M->162M(228M) 99.231ms
[2020-01-29T21:52:12.620+0300][298.521s][info][gc] GC(3196) Pause Full (Ergonomics) 162M->28M(228M) 37.734ms
[2020-01-29T21:52:12.683+0300][298.585s][info][gc] GC(3197) Pause Young (Allocation Failure) 57M->57M(228M) 60.385ms
[2020-01-29T21:52:12.804+0300][298.705s][info][gc] GC(3198) Pause Young (Allocation Failure) 86M->86M(228M) 117.065ms
[2020-01-29T21:52:12.917+0300][298.818s][info][gc] GC(3199) Pause Young (Allocation Failure) 115M->115M(228M) 108.334ms
[2020-01-29T21:52:13.058+0300][298.960s][info][gc] GC(3200) Pause Young (Allocation Failure) 163M->164M(228M) 127.724ms
[2020-01-29T21:52:13.112+0300][299.014s][info][gc] GC(3201) Pause Full (Ergonomics) 164M->30M(228M) 53.897ms
[2020-01-29T21:52:13.172+0300][299.074s][info][gc] GC(3202) Pause Young (Allocation Failure) 59M->59M(228M) 55.979ms
[2020-01-29T21:52:13.291+0300][299.192s][info][gc] GC(3203) Pause Young (Allocation Failure) 88M->88M(228M) 114.475ms
[2020-01-29T21:52:13.410+0300][299.312s][info][gc] GC(3204) Pause Young (Allocation Failure) 117M->117M(228M) 116.122ms
[2020-01-29T21:52:13.510+0300][299.412s][info][gc] GC(3205) Pause Young (Allocation Failure) 165M->165M(228M) 85.532ms
[2020-01-29T21:52:13.558+0300][299.459s][info][gc] GC(3206) Pause Full (Ergonomics) 165M->31M(228M) 47.372ms
[2020-01-29T21:52:13.625+0300][299.527s][info][gc] GC(3207) Pause Young (Allocation Failure) 60M->60M(228M) 63.794ms
[2020-01-29T21:52:13.744+0300][299.645s][info][gc] GC(3208) Pause Young (Allocation Failure) 89M->89M(228M) 114.855ms
[2020-01-29T21:52:13.857+0300][299.758s][info][gc] GC(3209) Pause Young (Allocation Failure) 118M->118M(228M) 109.616ms
[2020-01-29T21:52:13.998+0300][299.899s][info][gc] GC(3210) Pause Young (Allocation Failure) 166M->166M(228M) 125.717ms
[2020-01-29T21:52:14.064+0300][299.965s][info][gc] GC(3211) Pause Full (Ergonomics) 166M->32M(228M) 66.049ms
[2020-01-29T21:52:14.129+0300][300.033s][info][gc] GC(3212) Pause Young (Allocation Failure) 61M->61M(228M) 64.423ms
[2020-01-29T21:52:14.249+0300][300.154s][info][gc] GC(3213) Pause Young (Allocation Failure) 90M->90M(228M) 116.801ms
[2020-01-29T21:52:14.363+0300][300.266s][info][gc] GC(3214) Pause Young (Allocation Failure) 119M->119M(228M) 108.589ms
[2020-01-29T21:52:14.469+0300][300.372s][info][gc] GC(3215) Pause Young (Allocation Failure) 167M->167M(228M) 95.525ms
[2020-01-29T21:52:14.524+0300][300.428s][info][gc] GC(3216) Pause Full (Ergonomics) 167M->33M(228M) 55.295ms
[2020-01-29T21:52:14.589+0300][300.493s][info][gc] GC(3217) Pause Young (Allocation Failure) 62M->62M(228M) 61.875ms
[2020-01-29T21:52:14.708+0300][300.610s][info][gc] GC(3218) Pause Young (Allocation Failure) 91M->91M(228M) 113.513ms
[2020-01-29T21:52:14.829+0300][300.730s][info][gc] GC(3219) Pause Young (Allocation Failure) 120M->120M(228M) 116.054ms
[2020-01-29T21:52:14.928+0300][300.831s][info][gc] GC(3220) Pause Young (Allocation Failure) 168M->168M(228M) 79.308ms
[2020-01-29T21:52:14.988+0300][300.891s][info][gc] GC(3221) Pause Full (Ergonomics) 168M->34M(228M) 59.724ms
[2020-01-29T21:52:15.054+0300][300.958s][info][gc] GC(3222) Pause Young (Allocation Failure) 63M->64M(228M) 62.837ms
[2020-01-29T21:52:15.177+0300][301.079s][info][gc] GC(3223) Pause Young (Allocation Failure) 93M->93M(228M) 117.783ms
[2020-01-29T21:52:15.302+0300][301.203s][info][gc] GC(3224) Pause Young (Allocation Failure) 122M->122M(228M) 120.541ms
[2020-01-29T21:52:15.437+0300][301.338s][info][gc] GC(3225) Pause Young (Allocation Failure) 170M->170M(228M) 121.016ms
[2020-01-29T21:52:15.514+0300][301.416s][info][gc] GC(3226) Pause Full (Ergonomics) 170M->36M(228M) 77.246ms
[2020-01-29T21:52:15.581+0300][301.482s][info][gc] GC(3227) Pause Young (Allocation Failure) 65M->65M(228M) 63.065ms
[2020-01-29T21:52:15.704+0300][301.605s][info][gc] GC(3228) Pause Young (Allocation Failure) 94M->94M(228M) 119.295ms
[2020-01-29T21:52:15.827+0300][301.728s][info][gc] GC(3229) Pause Young (Allocation Failure) 123M->123M(228M) 119.210ms
[2020-01-29T21:52:15.917+0300][301.818s][info][gc] GC(3230) Pause Young (Allocation Failure) 171M->171M(228M) 74.995ms
[2020-01-29T21:52:15.982+0300][301.884s][info][gc] GC(3231) Pause Full (Ergonomics) 171M->37M(228M) 65.189ms
[2020-01-29T21:52:16.054+0300][301.955s][info][gc] GC(3232) Pause Young (Allocation Failure) 66M->66M(228M) 67.956ms
[2020-01-29T21:52:16.172+0300][302.073s][info][gc] GC(3233) Pause Young (Allocation Failure) 95M->95M(228M) 114.726ms
[2020-01-29T21:52:16.293+0300][302.194s][info][gc] GC(3234) Pause Young (Allocation Failure) 124M->124M(228M) 117.278ms
[2020-01-29T21:52:16.380+0300][302.282s][info][gc] GC(3235) Pause Young (Allocation Failure) 172M->172M(228M) 72.533ms
[2020-01-29T21:52:16.455+0300][302.356s][info][gc] GC(3236) Pause Full (Ergonomics) 172M->38M(228M) 74.786ms
[2020-01-29T21:52:16.523+0300][302.425s][info][gc] GC(3237) Pause Young (Allocation Failure) 67M->67M(228M) 64.537ms
[2020-01-29T21:52:16.642+0300][302.544s][info][gc] GC(3238) Pause Young (Allocation Failure) 96M->96M(228M) 115.440ms
[2020-01-29T21:52:16.761+0300][302.662s][info][gc] GC(3239) Pause Young (Allocation Failure) 125M->125M(228M) 114.125ms
[2020-01-29T21:52:16.843+0300][302.745s][info][gc] GC(3240) Pause Young (Allocation Failure) 173M->173M(228M) 68.742ms
[2020-01-29T21:52:16.921+0300][302.822s][info][gc] GC(3241) Pause Full (Ergonomics) 173M->39M(228M) 77.147ms
[2020-01-29T21:52:16.981+0300][302.883s][info][gc] GC(3242) Pause Young (Allocation Failure) 68M->68M(228M) 56.540ms
[2020-01-29T21:52:17.101+0300][303.002s][info][gc] GC(3243) Pause Young (Allocation Failure) 97M->98M(228M) 116.020ms
[2020-01-29T21:52:17.220+0300][303.122s][info][gc] GC(3244) Pause Young (Allocation Failure) 127M->127M(228M) 115.873ms
[2020-01-29T21:52:17.310+0300][303.212s][info][gc] GC(3245) Pause Young (Allocation Failure) 156M->156M(228M) 77.914ms
[2020-01-29T21:52:17.323+0300][303.224s][info][gc] GC(3246) Pause Full (Ergonomics) 156M->22M(228M) 12.411ms
[2020-01-29T21:52:17.388+0300][303.289s][info][gc] GC(3247) Pause Young (Allocation Failure) 51M->51M(228M) 61.668ms
[2020-01-29T21:52:17.503+0300][303.404s][info][gc] GC(3248) Pause Young (Allocation Failure) 80M->80M(228M) 111.629ms
[2020-01-29T21:52:17.624+0300][303.525s][info][gc] GC(3249) Pause Young (Allocation Failure) 109M->109M(228M) 117.273ms
[2020-01-29T21:52:17.748+0300][303.650s][info][gc] GC(3250) Pause Young (Allocation Failure) 157M->157M(228M) 109.334ms
[2020-01-29T21:52:17.769+0300][303.670s][info][gc] GC(3251) Pause Full (Ergonomics) 157M->23M(228M) 20.298ms
[2020-01-29T21:52:17.834+0300][303.736s][info][gc] GC(3252) Pause Young (Allocation Failure) 52M->52M(228M) 61.775ms
[2020-01-29T21:52:17.958+0300][303.860s][info][gc] GC(3253) Pause Young (Allocation Failure) 81M->81M(228M) 120.138ms
[2020-01-29T21:52:18.077+0300][303.979s][info][gc] GC(3254) Pause Young (Allocation Failure) 110M->110M(228M) 115.762ms
[2020-01-29T21:52:18.199+0300][304.100s][info][gc] GC(3255) Pause Young (Allocation Failure) 158M->158M(228M) 106.183ms
[2020-01-29T21:52:18.222+0300][304.123s][info][gc] GC(3256) Pause Full (Ergonomics) 158M->24M(228M) 22.935ms
[2020-01-29T21:52:18.288+0300][304.189s][info][gc] GC(3257) Pause Young (Allocation Failure) 53M->53M(228M) 61.913ms
[2020-01-29T21:52:18.409+0300][304.310s][info][gc] GC(3258) Pause Young (Allocation Failure) 82M->82M(228M) 117.816ms
[2020-01-29T21:52:18.524+0300][304.426s][info][gc] GC(3259) Pause Young (Allocation Failure) 111M->111M(228M) 111.793ms
[2020-01-29T21:52:18.643+0300][304.545s][info][gc] GC(3260) Pause Young (Allocation Failure) 159M->160M(228M) 104.084ms
[2020-01-29T21:52:18.671+0300][304.573s][info][gc] GC(3261) Pause Full (Ergonomics) 160M->25M(228M) 27.837ms
[2020-01-29T21:52:18.737+0300][304.638s][info][gc] GC(3262) Pause Young (Allocation Failure) 54M->54M(228M) 61.568ms
[2020-01-29T21:52:18.853+0300][304.754s][info][gc] GC(3263) Pause Young (Allocation Failure) 83M->83M(228M) 112.781ms
[2020-01-29T21:52:18.966+0300][304.868s][info][gc] GC(3264) Pause Young (Allocation Failure) 112M->113M(228M) 109.513ms
[2020-01-29T21:52:19.078+0300][304.980s][info][gc] GC(3265) Pause Young (Allocation Failure) 161M->161M(228M) 97.106ms
[2020-01-29T21:52:19.112+0300][305.014s][info][gc] GC(3266) Pause Full (Ergonomics) 161M->27M(228M) 33.862ms
[2020-01-29T21:52:19.177+0300][305.078s][info][gc] GC(3267) Pause Young (Allocation Failure) 56M->56M(228M) 60.957ms
[2020-01-29T21:52:19.293+0300][305.194s][info][gc] GC(3268) Pause Young (Allocation Failure) 85M->85M(228M) 112.533ms
[2020-01-29T21:52:19.409+0300][305.311s][info][gc] GC(3269) Pause Young (Allocation Failure) 114M->114M(228M) 113.050ms
[2020-01-29T21:52:19.520+0300][305.421s][info][gc] GC(3270) Pause Young (Allocation Failure) 162M->162M(228M) 95.732ms
[2020-01-29T21:52:19.558+0300][305.459s][info][gc] GC(3271) Pause Full (Ergonomics) 162M->28M(228M) 37.933ms
[2020-01-29T21:52:19.623+0300][305.525s][info][gc] GC(3272) Pause Young (Allocation Failure) 57M->57M(228M) 62.354ms
[2020-01-29T21:52:19.742+0300][305.644s][info][gc] GC(3273) Pause Young (Allocation Failure) 86M->86M(228M) 114.953ms
[2020-01-29T21:52:19.863+0300][305.765s][info][gc] GC(3274) Pause Young (Allocation Failure) 115M->115M(228M) 117.202ms
[2020-01-29T21:52:19.971+0300][305.872s][info][gc] GC(3275) Pause Young (Allocation Failure) 163M->163M(228M) 92.137ms
[2020-01-29T21:52:20.008+0300][305.910s][info][gc] GC(3276) Pause Full (Ergonomics) 163M->29M(228M) 38.322ms
[2020-01-29T21:52:20.074+0300][305.976s][info][gc] GC(3277) Pause Young (Allocation Failure) 58M->58M(228M) 62.457ms
[2020-01-29T21:52:20.192+0300][306.094s][info][gc] GC(3278) Pause Young (Allocation Failure) 87M->87M(228M) 113.697ms
[2020-01-29T21:52:20.310+0300][306.211s][info][gc] GC(3279) Pause Young (Allocation Failure) 116M->116M(228M) 113.875ms
[2020-01-29T21:52:20.412+0300][306.314s][info][gc] GC(3280) Pause Young (Allocation Failure) 164M->164M(228M) 88.313ms
[2020-01-29T21:52:20.463+0300][306.365s][info][gc] GC(3281) Pause Full (Ergonomics) 164M->30M(228M) 51.154ms
[2020-01-29T21:52:20.527+0300][306.429s][info][gc] GC(3282) Pause Young (Allocation Failure) 59M->59M(228M) 60.126ms
[2020-01-29T21:52:20.645+0300][306.546s][info][gc] GC(3283) Pause Young (Allocation Failure) 88M->89M(228M) 114.100ms
[2020-01-29T21:52:20.759+0300][306.661s][info][gc] GC(3284) Pause Young (Allocation Failure) 118M->118M(228M) 111.368ms
[2020-01-29T21:52:20.861+0300][306.763s][info][gc] GC(3285) Pause Young (Allocation Failure) 166M->166M(228M) 86.311ms
[2020-01-29T21:52:20.911+0300][306.812s][info][gc] GC(3286) Pause Full (Ergonomics) 166M->32M(228M) 49.559ms
[2020-01-29T21:52:20.977+0300][306.878s][info][gc] GC(3287) Pause Young (Allocation Failure) 61M->61M(228M) 62.192ms
[2020-01-29T21:52:21.097+0300][306.998s][info][gc] GC(3288) Pause Young (Allocation Failure) 90M->90M(228M) 115.572ms
[2020-01-29T21:52:21.216+0300][307.118s][info][gc] GC(3289) Pause Young (Allocation Failure) 119M->119M(228M) 116.871ms
[2020-01-29T21:52:21.314+0300][307.215s][info][gc] GC(3290) Pause Young (Allocation Failure) 167M->167M(228M) 81.685ms
[2020-01-29T21:52:21.367+0300][307.269s][info][gc] GC(3291) Pause Full (Ergonomics) 167M->33M(228M) 53.484ms
[2020-01-29T21:52:21.433+0300][307.335s][info][gc] GC(3292) Pause Young (Allocation Failure) 62M->62M(228M) 62.361ms
[2020-01-29T21:52:21.551+0300][307.453s][info][gc] GC(3293) Pause Young (Allocation Failure) 91M->91M(228M) 114.520ms
[2020-01-29T21:52:21.669+0300][307.570s][info][gc] GC(3294) Pause Young (Allocation Failure) 120M->120M(228M) 114.013ms
[2020-01-29T21:52:21.761+0300][307.663s][info][gc] GC(3295) Pause Young (Allocation Failure) 168M->168M(228M) 78.022ms
[2020-01-29T21:52:21.819+0300][307.721s][info][gc] GC(3296) Pause Full (Ergonomics) 168M->34M(228M) 57.928ms
[2020-01-29T21:52:21.883+0300][307.785s][info][gc] GC(3297) Pause Young (Allocation Failure) 63M->63M(228M) 60.339ms
[2020-01-29T21:52:21.998+0300][307.899s][info][gc] GC(3298) Pause Young (Allocation Failure) 92M->92M(228M) 109.517ms
[2020-01-29T21:52:22.121+0300][308.022s][info][gc] GC(3299) Pause Young (Allocation Failure) 121M->121M(228M) 119.678ms
[2020-01-29T21:52:22.214+0300][308.115s][info][gc] GC(3300) Pause Young (Allocation Failure) 169M->169M(228M) 78.977ms
[2020-01-29T21:52:22.276+0300][308.178s][info][gc] GC(3301) Pause Full (Ergonomics) 169M->35M(228M) 62.775ms
[2020-01-29T21:52:22.343+0300][308.245s][info][gc] GC(3302) Pause Young (Allocation Failure) 64M->64M(228M) 63.472ms
[2020-01-29T21:52:22.463+0300][308.365s][info][gc] GC(3303) Pause Young (Allocation Failure) 93M->93M(228M) 116.095ms
[2020-01-29T21:52:22.581+0300][308.483s][info][gc] GC(3304) Pause Young (Allocation Failure) 122M->122M(228M) 114.494ms
[2020-01-29T21:52:22.670+0300][308.571s][info][gc] GC(3305) Pause Young (Allocation Failure) 170M->171M(228M) 73.532ms
[2020-01-29T21:52:22.740+0300][308.641s][info][gc] GC(3306) Pause Full (Ergonomics) 171M->37M(228M) 69.557ms
[2020-01-29T21:52:22.807+0300][308.708s][info][gc] GC(3307) Pause Young (Allocation Failure) 66M->65M(228M) 63.192ms
[2020-01-29T21:52:22.923+0300][308.824s][info][gc] GC(3308) Pause Young (Allocation Failure) 94M->94M(228M) 112.369ms
[2020-01-29T21:52:23.045+0300][308.946s][info][gc] GC(3309) Pause Young (Allocation Failure) 123M->123M(228M) 118.124ms
[2020-01-29T21:52:23.129+0300][309.034s][info][gc] GC(3310) Pause Young (Allocation Failure) 172M->172M(228M) 73.290ms
[2020-01-29T21:52:23.203+0300][309.105s][info][gc] GC(3311) Pause Full (Ergonomics) 172M->38M(228M) 71.513ms
[2020-01-29T21:52:23.269+0300][309.172s][info][gc] GC(3312) Pause Young (Allocation Failure) 67M->67M(228M) 62.929ms
[2020-01-29T21:52:23.388+0300][309.290s][info][gc] GC(3313) Pause Young (Allocation Failure) 96M->96M(228M) 114.359ms
[2020-01-29T21:52:23.499+0300][309.404s][info][gc] GC(3314) Pause Young (Allocation Failure) 125M->125M(228M) 110.430ms
[2020-01-29T21:52:23.599+0300][309.503s][info][gc] GC(3315) Pause Young (Allocation Failure) 173M->173M(228M) 70.386ms
[2020-01-29T21:52:23.673+0300][309.577s][info][gc] GC(3316) Pause Full (Ergonomics) 173M->39M(228M) 73.904ms
[2020-01-29T21:52:23.744+0300][309.645s][info][gc] GC(3317) Pause Young (Allocation Failure) 68M->68M(228M) 64.441ms
[2020-01-29T21:52:23.862+0300][309.764s][info][gc] GC(3318) Pause Young (Allocation Failure) 97M->97M(228M) 114.997ms
[2020-01-29T21:52:23.984+0300][309.885s][info][gc] GC(3319) Pause Young (Allocation Failure) 126M->126M(228M) 118.144ms
[2020-01-29T21:52:24.089+0300][309.990s][info][gc] GC(3320) Pause Young (Allocation Failure) 155M->155M(228M) 79.322ms
[2020-01-29T21:52:24.100+0300][310.001s][info][gc] GC(3321) Pause Full (Ergonomics) 155M->21M(228M) 10.936ms
[2020-01-29T21:52:24.165+0300][310.067s][info][gc] GC(3322) Pause Young (Allocation Failure) 50M->50M(228M) 62.883ms
[2020-01-29T21:52:24.290+0300][310.191s][info][gc] GC(3323) Pause Young (Allocation Failure) 79M->79M(228M) 120.504ms
[2020-01-29T21:52:24.408+0300][310.309s][info][gc] GC(3324) Pause Young (Allocation Failure) 108M->109M(228M) 114.541ms
[2020-01-29T21:52:24.532+0300][310.433s][info][gc] GC(3325) Pause Young (Allocation Failure) 157M->157M(228M) 108.435ms
[2020-01-29T21:52:24.549+0300][310.451s][info][gc] GC(3326) Pause Full (Ergonomics) 157M->22M(228M) 17.597ms
[2020-01-29T21:52:24.617+0300][310.518s][info][gc] GC(3327) Pause Young (Allocation Failure) 51M->51M(228M) 64.233ms
[2020-01-29T21:52:24.738+0300][310.640s][info][gc] GC(3328) Pause Young (Allocation Failure) 80M->80M(228M) 117.891ms
[2020-01-29T21:52:24.856+0300][310.757s][info][gc] GC(3329) Pause Young (Allocation Failure) 109M->109M(228M) 112.873ms
[2020-01-29T21:52:24.975+0300][310.877s][info][gc] GC(3330) Pause Young (Allocation Failure) 158M->158M(228M) 105.094ms
[2020-01-29T21:52:24.997+0300][310.899s][info][gc] GC(3331) Pause Full (Ergonomics) 158M->24M(228M) 22.213ms
[2020-01-29T21:52:25.058+0300][310.960s][info][gc] GC(3332) Pause Young (Allocation Failure) 53M->53M(228M) 56.933ms
[2020-01-29T21:52:25.175+0300][311.077s][info][gc] GC(3333) Pause Young (Allocation Failure) 82M->82M(228M) 113.344ms
[2020-01-29T21:52:25.296+0300][311.197s][info][gc] GC(3334) Pause Young (Allocation Failure) 111M->111M(228M) 117.005ms
[2020-01-29T21:52:25.418+0300][311.320s][info][gc] GC(3335) Pause Young (Allocation Failure) 159M->159M(228M) 108.256ms
[2020-01-29T21:52:25.446+0300][311.348s][info][gc] GC(3336) Pause Full (Ergonomics) 159M->25M(228M) 27.675ms
[2020-01-29T21:52:25.516+0300][311.417s][info][gc] GC(3337) Pause Young (Allocation Failure) 54M->54M(228M) 66.019ms
[2020-01-29T21:52:25.636+0300][311.537s][info][gc] GC(3338) Pause Young (Allocation Failure) 83M->83M(228M) 116.004ms
[2020-01-29T21:52:25.756+0300][311.658s][info][gc] GC(3339) Pause Young (Allocation Failure) 112M->112M(228M) 116.924ms
[2020-01-29T21:52:25.871+0300][311.772s][info][gc] GC(3340) Pause Young (Allocation Failure) 160M->160M(228M) 99.617ms
[2020-01-29T21:52:25.903+0300][311.804s][info][gc] GC(3341) Pause Full (Ergonomics) 160M->26M(228M) 31.963ms
[2020-01-29T21:52:25.966+0300][311.867s][info][gc] GC(3342) Pause Young (Allocation Failure) 55M->55M(228M) 59.255ms
[2020-01-29T21:52:26.074+0300][311.975s][info][gc] GC(3343) Pause Young (Allocation Failure) 84M->84M(228M) 104.182ms
[2020-01-29T21:52:26.192+0300][312.093s][info][gc] GC(3344) Pause Young (Allocation Failure) 113M->113M(228M) 114.331ms
[2020-01-29T21:52:26.329+0300][312.231s][info][gc] GC(3345) Pause Young (Allocation Failure) 161M->161M(228M) 122.253ms
[2020-01-29T21:52:26.377+0300][312.279s][info][gc] GC(3346) Pause Full (Ergonomics) 161M->27M(228M) 47.923ms
[2020-01-29T21:52:26.441+0300][312.342s][info][gc] GC(3347) Pause Young (Allocation Failure) 56M->56M(228M) 59.824ms
[2020-01-29T21:52:26.560+0300][312.461s][info][gc] GC(3348) Pause Young (Allocation Failure) 85M->85M(228M) 115.570ms
[2020-01-29T21:52:26.685+0300][312.587s][info][gc] GC(3349) Pause Young (Allocation Failure) 114M->114M(228M) 121.906ms
[2020-01-29T21:52:26.797+0300][312.698s][info][gc] GC(3350) Pause Young (Allocation Failure) 163M->163M(228M) 96.486ms
[2020-01-29T21:52:26.837+0300][312.738s][info][gc] GC(3351) Pause Full (Ergonomics) 163M->29M(228M) 39.678ms
[2020-01-29T21:52:26.901+0300][312.802s][info][gc] GC(3352) Pause Young (Allocation Failure) 58M->58M(228M) 60.536ms
[2020-01-29T21:52:27.020+0300][312.922s][info][gc] GC(3353) Pause Young (Allocation Failure) 87M->87M(228M) 115.870ms
[2020-01-29T21:52:27.145+0300][313.046s][info][gc] GC(3354) Pause Young (Allocation Failure) 116M->116M(228M) 120.491ms
[2020-01-29T21:52:27.281+0300][313.183s][info][gc] GC(3355) Pause Young (Allocation Failure) 164M->164M(228M) 122.292ms
[2020-01-29T21:52:27.337+0300][313.238s][info][gc] GC(3356) Pause Full (Ergonomics) 164M->30M(228M) 54.895ms
[2020-01-29T21:52:27.405+0300][313.307s][info][gc] GC(3357) Pause Young (Allocation Failure) 59M->59M(228M) 64.972ms
[2020-01-29T21:52:27.525+0300][313.426s][info][gc] GC(3358) Pause Young (Allocation Failure) 88M->88M(228M) 116.046ms
[2020-01-29T21:52:27.644+0300][313.546s][info][gc] GC(3359) Pause Young (Allocation Failure) 117M->117M(228M) 115.737ms
[2020-01-29T21:52:27.743+0300][313.644s][info][gc] GC(3360) Pause Young (Allocation Failure) 165M->165M(228M) 82.927ms
[2020-01-29T21:52:27.793+0300][313.695s][info][gc] GC(3361) Pause Full (Ergonomics) 165M->31M(228M) 51.080ms
[2020-01-29T21:52:27.863+0300][313.764s][info][gc] GC(3362) Pause Young (Allocation Failure) 60M->60M(228M) 65.376ms
[2020-01-29T21:52:27.981+0300][313.882s][info][gc] GC(3363) Pause Young (Allocation Failure) 89M->89M(228M) 114.579ms
[2020-01-29T21:52:28.096+0300][313.997s][info][gc] GC(3364) Pause Young (Allocation Failure) 118M->118M(228M) 111.127ms
[2020-01-29T21:52:28.235+0300][314.137s][info][gc] GC(3365) Pause Young (Allocation Failure) 166M->166M(228M) 125.269ms
[2020-01-29T21:52:28.301+0300][314.202s][info][gc] GC(3366) Pause Full (Ergonomics) 166M->32M(228M) 65.156ms
[2020-01-29T21:52:28.367+0300][314.268s][info][gc] GC(3367) Pause Young (Allocation Failure) 61M->61M(228M) 62.300ms
[2020-01-29T21:52:28.486+0300][314.387s][info][gc] GC(3368) Pause Young (Allocation Failure) 90M->90M(228M) 115.517ms
[2020-01-29T21:52:28.609+0300][314.511s][info][gc] GC(3369) Pause Young (Allocation Failure) 119M->119M(228M) 120.126ms
[2020-01-29T21:52:28.746+0300][314.647s][info][gc] GC(3370) Pause Young (Allocation Failure) 167M->168M(228M) 121.648ms
[2020-01-29T21:52:28.815+0300][314.716s][info][gc] GC(3371) Pause Full (Ergonomics) 168M->34M(228M) 69.131ms
[2020-01-29T21:52:28.882+0300][314.783s][info][gc] GC(3372) Pause Young (Allocation Failure) 63M->63M(228M) 62.859ms
[2020-01-29T21:52:28.999+0300][314.900s][info][gc] GC(3373) Pause Young (Allocation Failure) 92M->92M(228M) 113.477ms
[2020-01-29T21:52:29.114+0300][315.016s][info][gc] GC(3374) Pause Young (Allocation Failure) 121M->121M(228M) 111.433ms
[2020-01-29T21:52:29.207+0300][315.109s][info][gc] GC(3375) Pause Young (Allocation Failure) 169M->169M(228M) 78.270ms
[2020-01-29T21:52:29.267+0300][315.168s][info][gc] GC(3376) Pause Full (Ergonomics) 169M->35M(228M) 59.636ms
[2020-01-29T21:52:29.332+0300][315.234s][info][gc] GC(3377) Pause Young (Allocation Failure) 64M->64M(228M) 62.206ms
[2020-01-29T21:52:29.452+0300][315.353s][info][gc] GC(3378) Pause Young (Allocation Failure) 93M->93M(228M) 115.469ms
[2020-01-29T21:52:29.573+0300][315.474s][info][gc] GC(3379) Pause Young (Allocation Failure) 122M->122M(228M) 117.660ms
[2020-01-29T21:52:29.715+0300][315.617s][info][gc] GC(3380) Pause Young (Allocation Failure) 170M->170M(228M) 127.889ms
[2020-01-29T21:52:29.796+0300][315.697s][info][gc] GC(3381) Pause Full (Ergonomics) 170M->36M(228M) 80.177ms
[2020-01-29T21:52:29.863+0300][315.765s][info][gc] GC(3382) Pause Young (Allocation Failure) 65M->65M(228M) 63.454ms
[2020-01-29T21:52:29.983+0300][315.885s][info][gc] GC(3383) Pause Young (Allocation Failure) 94M->94M(228M) 116.741ms
[2020-01-29T21:52:30.104+0300][316.005s][info][gc] GC(3384) Pause Young (Allocation Failure) 123M->123M(228M) 115.974ms
[2020-01-29T21:52:30.192+0300][316.093s][info][gc] GC(3385) Pause Young (Allocation Failure) 171M->171M(228M) 73.517ms
[2020-01-29T21:52:30.260+0300][316.162s][info][gc] GC(3386) Pause Full (Ergonomics) 171M->37M(228M) 68.626ms
[2020-01-29T21:52:30.324+0300][316.226s][info][gc] GC(3387) Pause Young (Allocation Failure) 66M->66M(228M) 60.512ms
[2020-01-29T21:52:30.444+0300][316.345s][info][gc] GC(3388) Pause Young (Allocation Failure) 95M->95M(228M) 115.429ms
[2020-01-29T21:52:30.564+0300][316.465s][info][gc] GC(3389) Pause Young (Allocation Failure) 124M->124M(228M) 116.631ms
[2020-01-29T21:52:30.703+0300][316.605s][info][gc] GC(3390) Pause Young (Allocation Failure) 172M->173M(228M) 124.239ms
[2020-01-29T21:52:30.795+0300][316.696s][info][gc] GC(3391) Pause Full (Ergonomics) 173M->39M(228M) 91.420ms
[2020-01-29T21:52:30.862+0300][316.763s][info][gc] GC(3392) Pause Young (Allocation Failure) 68M->67M(228M) 63.051ms
[2020-01-29T21:52:30.980+0300][316.882s][info][gc] GC(3393) Pause Young (Allocation Failure) 96M->97M(228M) 115.215ms
[2020-01-29T21:52:31.090+0300][316.992s][info][gc] GC(3394) Pause Young (Allocation Failure) 126M->126M(228M) 106.163ms
[2020-01-29T21:52:31.174+0300][317.075s][info][gc] GC(3395) Pause Young (Allocation Failure) 174M->174M(228M) 68.953ms
[2020-01-29T21:52:31.251+0300][317.152s][info][gc] GC(3396) Pause Full (Ergonomics) 174M->40M(228M) 77.285ms
[2020-01-29T21:52:31.318+0300][317.220s][info][gc] GC(3397) Pause Young (Allocation Failure) 69M->69M(228M) 63.531ms
[2020-01-29T21:52:31.439+0300][317.340s][info][gc] GC(3398) Pause Young (Allocation Failure) 98M->98M(228M) 116.621ms
[2020-01-29T21:52:31.553+0300][317.455s][info][gc] GC(3399) Pause Young (Allocation Failure) 127M->127M(228M) 111.377ms
[2020-01-29T21:52:31.645+0300][317.547s][info][gc] GC(3400) Pause Young (Allocation Failure) 156M->156M(228M) 79.388ms
[2020-01-29T21:52:31.658+0300][317.559s][info][gc] GC(3401) Pause Full (Ergonomics) 156M->22M(228M) 12.797ms
[2020-01-29T21:52:31.725+0300][317.627s][info][gc] GC(3402) Pause Young (Allocation Failure) 51M->51M(228M) 63.563ms
[2020-01-29T21:52:31.844+0300][317.745s][info][gc] GC(3403) Pause Young (Allocation Failure) 80M->80M(228M) 114.692ms
[2020-01-29T21:52:31.964+0300][317.866s][info][gc] GC(3404) Pause Young (Allocation Failure) 109M->109M(228M) 117.390ms
[2020-01-29T21:52:32.086+0300][317.988s][info][gc] GC(3405) Pause Young (Allocation Failure) 157M->158M(228M) 106.455ms
[2020-01-29T21:52:32.108+0300][318.009s][info][gc] GC(3406) Pause Full (Ergonomics) 158M->23M(228M) 21.270ms
[2020-01-29T21:52:32.172+0300][318.073s][info][gc] GC(3407) Pause Young (Allocation Failure) 52M->52M(228M) 60.257ms
[2020-01-29T21:52:32.292+0300][318.194s][info][gc] GC(3408) Pause Young (Allocation Failure) 81M->81M(228M) 117.607ms
[2020-01-29T21:52:32.406+0300][318.307s][info][gc] GC(3409) Pause Young (Allocation Failure) 110M->110M(228M) 109.525ms
[2020-01-29T21:52:32.527+0300][318.428s][info][gc] GC(3410) Pause Young (Allocation Failure) 158M->158M(228M) 105.522ms
[2020-01-29T21:52:32.552+0300][318.453s][info][gc] GC(3411) Pause Full (Ergonomics) 158M->24M(228M) 24.871ms
[2020-01-29T21:52:32.617+0300][318.518s][info][gc] GC(3412) Pause Young (Allocation Failure) 53M->53M(228M) 61.263ms
[2020-01-29T21:52:32.738+0300][318.639s][info][gc] GC(3413) Pause Young (Allocation Failure) 82M->83M(228M) 118.015ms
[2020-01-29T21:52:32.856+0300][318.758s][info][gc] GC(3414) Pause Young (Allocation Failure) 112M->112M(228M) 114.827ms
[2020-01-29T21:52:32.972+0300][318.874s][info][gc] GC(3415) Pause Young (Allocation Failure) 160M->160M(228M) 101.321ms
[2020-01-29T21:52:33.001+0300][318.903s][info][gc] GC(3416) Pause Full (Ergonomics) 160M->26M(228M) 29.384ms
[2020-01-29T21:52:33.067+0300][318.969s][info][gc] GC(3417) Pause Young (Allocation Failure) 55M->55M(228M) 62.191ms
[2020-01-29T21:52:33.184+0300][319.085s][info][gc] GC(3418) Pause Young (Allocation Failure) 84M->84M(228M) 112.335ms
[2020-01-29T21:52:33.300+0300][319.201s][info][gc] GC(3419) Pause Young (Allocation Failure) 113M->113M(228M) 112.645ms
[2020-01-29T21:52:33.413+0300][319.314s][info][gc] GC(3420) Pause Young (Allocation Failure) 161M->161M(228M) 97.933ms
[2020-01-29T21:52:33.446+0300][319.348s][info][gc] GC(3421) Pause Full (Ergonomics) 161M->27M(228M) 34.095ms
[2020-01-29T21:52:33.510+0300][319.412s][info][gc] GC(3422) Pause Young (Allocation Failure) 56M->56M(228M) 60.060ms
[2020-01-29T21:52:33.630+0300][319.531s][info][gc] GC(3423) Pause Young (Allocation Failure) 85M->85M(228M) 115.545ms
[2020-01-29T21:52:33.747+0300][319.648s][info][gc] GC(3424) Pause Young (Allocation Failure) 114M->114M(228M) 113.284ms
[2020-01-29T21:52:33.857+0300][319.759s][info][gc] GC(3425) Pause Young (Allocation Failure) 162M->162M(228M) 95.927ms
[2020-01-29T21:52:33.895+0300][319.796s][info][gc] GC(3426) Pause Full (Ergonomics) 162M->28M(228M) 37.044ms
[2020-01-29T21:52:33.961+0300][319.862s][info][gc] GC(3427) Pause Young (Allocation Failure) 57M->57M(228M) 62.539ms
[2020-01-29T21:52:34.081+0300][319.983s][info][gc] GC(3428) Pause Young (Allocation Failure) 86M->86M(228M) 116.626ms
[2020-01-29T21:52:34.204+0300][320.105s][info][gc] GC(3429) Pause Young (Allocation Failure) 115M->115M(228M) 119.039ms
[2020-01-29T21:52:34.310+0300][320.211s][info][gc] GC(3430) Pause Young (Allocation Failure) 163M->163M(228M) 90.756ms
[2020-01-29T21:52:34.355+0300][320.256s][info][gc] GC(3431) Pause Full (Ergonomics) 163M->29M(228M) 44.836ms
[2020-01-29T21:52:34.415+0300][320.316s][info][gc] GC(3432) Pause Young (Allocation Failure) 58M->58M(228M) 56.761ms
[2020-01-29T21:52:34.536+0300][320.437s][info][gc] GC(3433) Pause Young (Allocation Failure) 87M->88M(228M) 116.722ms
[2020-01-29T21:52:34.660+0300][320.561s][info][gc] GC(3434) Pause Young (Allocation Failure) 117M->117M(228M) 120.827ms
[2020-01-29T21:52:34.760+0300][320.661s][info][gc] GC(3435) Pause Young (Allocation Failure) 165M->165M(228M) 85.560ms
[2020-01-29T21:52:34.808+0300][320.710s][info][gc] GC(3436) Pause Full (Ergonomics) 165M->31M(228M) 48.889ms
[2020-01-29T21:52:34.875+0300][320.776s][info][gc] GC(3437) Pause Young (Allocation Failure) 60M->60M(228M) 62.155ms
[2020-01-29T21:52:34.995+0300][320.897s][info][gc] GC(3438) Pause Young (Allocation Failure) 89M->89M(228M) 116.951ms
[2020-01-29T21:52:35.118+0300][321.019s][info][gc] GC(3439) Pause Young (Allocation Failure) 118M->118M(228M) 118.829ms
[2020-01-29T21:52:35.216+0300][321.118s][info][gc] GC(3440) Pause Young (Allocation Failure) 166M->166M(228M) 83.500ms
[2020-01-29T21:52:35.263+0300][321.164s][info][gc] GC(3441) Pause Full (Ergonomics) 166M->32M(228M) 46.402ms
[2020-01-29T21:52:35.328+0300][321.230s][info][gc] GC(3442) Pause Young (Allocation Failure) 61M->61M(228M) 61.768ms
[2020-01-29T21:52:35.447+0300][321.348s][info][gc] GC(3443) Pause Young (Allocation Failure) 90M->90M(228M) 115.370ms
[2020-01-29T21:52:35.565+0300][321.466s][info][gc] GC(3444) Pause Young (Allocation Failure) 119M->119M(228M) 114.203ms
[2020-01-29T21:52:35.663+0300][321.564s][info][gc] GC(3445) Pause Young (Allocation Failure) 167M->167M(228M) 82.624ms
[2020-01-29T21:52:35.719+0300][321.621s][info][gc] GC(3446) Pause Full (Ergonomics) 167M->33M(228M) 57.481ms
[2020-01-29T21:52:35.787+0300][321.688s][info][gc] GC(3447) Pause Young (Allocation Failure) 62M->62M(228M) 63.763ms
[2020-01-29T21:52:35.904+0300][321.806s][info][gc] GC(3448) Pause Young (Allocation Failure) 91M->91M(228M) 113.612ms
[2020-01-29T21:52:36.023+0300][321.925s][info][gc] GC(3449) Pause Young (Allocation Failure) 120M->120M(228M) 115.209ms
[2020-01-29T21:52:36.117+0300][322.018s][info][gc] GC(3450) Pause Young (Allocation Failure) 168M->168M(228M) 79.047ms
[2020-01-29T21:52:36.176+0300][322.077s][info][gc] GC(3451) Pause Full (Ergonomics) 168M->34M(228M) 58.554ms
[2020-01-29T21:52:36.237+0300][322.139s][info][gc] GC(3452) Pause Young (Allocation Failure) 63M->63M(228M) 58.072ms
[2020-01-29T21:52:36.359+0300][322.260s][info][gc] GC(3453) Pause Young (Allocation Failure) 92M->92M(228M) 117.602ms
[2020-01-29T21:52:36.472+0300][322.373s][info][gc] GC(3454) Pause Young (Allocation Failure) 121M->122M(228M) 109.605ms
[2020-01-29T21:52:36.566+0300][322.468s][info][gc] GC(3455) Pause Young (Allocation Failure) 170M->170M(228M) 79.671ms
[2020-01-29T21:52:36.632+0300][322.534s][info][gc] GC(3456) Pause Full (Ergonomics) 170M->36M(228M) 65.921ms
[2020-01-29T21:52:36.701+0300][322.603s][info][gc] GC(3457) Pause Young (Allocation Failure) 65M->65M(228M) 64.860ms
[2020-01-29T21:52:36.821+0300][322.722s][info][gc] GC(3458) Pause Young (Allocation Failure) 94M->94M(228M) 116.248ms
[2020-01-29T21:52:36.940+0300][322.841s][info][gc] GC(3459) Pause Young (Allocation Failure) 123M->123M(228M) 115.075ms
[2020-01-29T21:52:37.030+0300][322.931s][info][gc] GC(3460) Pause Young (Allocation Failure) 171M->171M(228M) 75.128ms
[2020-01-29T21:52:37.097+0300][322.998s][info][gc] GC(3461) Pause Full (Ergonomics) 171M->37M(228M) 66.864ms
[2020-01-29T21:52:37.159+0300][323.061s][info][gc] GC(3462) Pause Young (Allocation Failure) 66M->66M(228M) 58.605ms
[2020-01-29T21:52:37.278+0300][323.179s][info][gc] GC(3463) Pause Young (Allocation Failure) 95M->95M(228M) 114.519ms
[2020-01-29T21:52:37.392+0300][323.294s][info][gc] GC(3464) Pause Young (Allocation Failure) 124M->124M(228M) 111.258ms
[2020-01-29T21:52:37.477+0300][323.378s][info][gc] GC(3465) Pause Young (Allocation Failure) 172M->172M(228M) 70.242ms
[2020-01-29T21:52:37.551+0300][323.452s][info][gc] GC(3466) Pause Full (Ergonomics) 172M->38M(228M) 73.813ms
[2020-01-29T21:52:37.616+0300][323.518s][info][gc] GC(3467) Pause Young (Allocation Failure) 67M->67M(228M) 62.027ms
[2020-01-29T21:52:37.735+0300][323.636s][info][gc] GC(3468) Pause Young (Allocation Failure) 96M->96M(228M) 114.521ms
[2020-01-29T21:52:37.857+0300][323.758s][info][gc] GC(3469) Pause Young (Allocation Failure) 125M->125M(228M) 118.174ms
[2020-01-29T21:52:37.940+0300][323.842s][info][gc] GC(3470) Pause Young (Allocation Failure) 173M->173M(228M) 69.016ms
[2020-01-29T21:52:38.018+0300][323.919s][info][gc] GC(3471) Pause Full (Ergonomics) 173M->39M(228M) 77.240ms
[2020-01-29T21:52:38.083+0300][323.984s][info][gc] GC(3472) Pause Young (Allocation Failure) 68M->68M(228M) 61.305ms
[2020-01-29T21:52:38.201+0300][324.103s][info][gc] GC(3473) Pause Young (Allocation Failure) 97M->97M(228M) 115.297ms
[2020-01-29T21:52:38.320+0300][324.222s][info][gc] GC(3474) Pause Young (Allocation Failure) 126M->126M(228M) 115.382ms
[2020-01-29T21:52:38.413+0300][324.314s][info][gc] GC(3475) Pause Young (Allocation Failure) 155M->155M(228M) 80.159ms
[2020-01-29T21:52:38.425+0300][324.327s][info][gc] GC(3476) Pause Full (Ergonomics) 155M->22M(228M) 12.178ms
[2020-01-29T21:52:38.490+0300][324.391s][info][gc] GC(3477) Pause Young (Allocation Failure) 51M->51M(228M) 60.868ms
[2020-01-29T21:52:38.607+0300][324.509s][info][gc] GC(3478) Pause Young (Allocation Failure) 80M->80M(228M) 113.831ms
[2020-01-29T21:52:38.724+0300][324.626s][info][gc] GC(3479) Pause Young (Allocation Failure) 109M->109M(228M) 113.455ms
[2020-01-29T21:52:38.869+0300][324.770s][info][gc] GC(3480) Pause Young (Allocation Failure) 157M->157M(228M) 129.965ms
[2020-01-29T21:52:38.892+0300][324.794s][info][gc] GC(3481) Pause Full (Ergonomics) 157M->23M(228M) 23.534ms
[2020-01-29T21:52:38.958+0300][324.859s][info][gc] GC(3482) Pause Young (Allocation Failure) 52M->52M(228M) 61.232ms
[2020-01-29T21:52:39.071+0300][324.973s][info][gc] GC(3483) Pause Young (Allocation Failure) 81M->81M(228M) 110.431ms
[2020-01-29T21:52:39.193+0300][325.095s][info][gc] GC(3484) Pause Young (Allocation Failure) 110M->110M(228M) 118.193ms
[2020-01-29T21:52:39.330+0300][325.232s][info][gc] GC(3485) Pause Young (Allocation Failure) 158M->158M(228M) 123.179ms
[2020-01-29T21:52:39.362+0300][325.263s][info][gc] GC(3486) Pause Full (Ergonomics) 158M->24M(228M) 31.558ms
[2020-01-29T21:52:39.424+0300][325.325s][info][gc] GC(3487) Pause Young (Allocation Failure) 53M->53M(228M) 58.335ms
[2020-01-29T21:52:39.544+0300][325.445s][info][gc] GC(3488) Pause Young (Allocation Failure) 82M->82M(228M) 115.636ms
[2020-01-29T21:52:39.660+0300][325.561s][info][gc] GC(3489) Pause Young (Allocation Failure) 111M->111M(228M) 113.237ms
[2020-01-29T21:52:39.776+0300][325.677s][info][gc] GC(3490) Pause Young (Allocation Failure) 159M->159M(228M) 100.560ms
[2020-01-29T21:52:39.803+0300][325.704s][info][gc] GC(3491) Pause Full (Ergonomics) 159M->25M(228M) 26.898ms
[2020-01-29T21:52:39.868+0300][325.769s][info][gc] GC(3492) Pause Young (Allocation Failure) 54M->54M(228M) 61.330ms
[2020-01-29T21:52:39.984+0300][325.886s][info][gc] GC(3493) Pause Young (Allocation Failure) 83M->83M(228M) 112.979ms
[2020-01-29T21:52:40.101+0300][326.003s][info][gc] GC(3494) Pause Young (Allocation Failure) 112M->112M(228M) 113.769ms
[2020-01-29T21:52:40.216+0300][326.117s][info][gc] GC(3495) Pause Young (Allocation Failure) 160M->161M(228M) 99.887ms
[2020-01-29T21:52:40.250+0300][326.151s][info][gc] GC(3496) Pause Full (Ergonomics) 161M->27M(228M) 33.921ms
[2020-01-29T21:52:40.321+0300][326.222s][info][gc] GC(3497) Pause Young (Allocation Failure) 56M->56M(228M) 66.575ms
[2020-01-29T21:52:40.441+0300][326.342s][info][gc] GC(3498) Pause Young (Allocation Failure) 85M->85M(228M) 116.695ms
[2020-01-29T21:52:40.559+0300][326.461s][info][gc] GC(3499) Pause Young (Allocation Failure) 114M->114M(228M) 114.983ms
[2020-01-29T21:52:40.699+0300][326.600s][info][gc] GC(3500) Pause Young (Allocation Failure) 162M->162M(228M) 124.570ms
[2020-01-29T21:52:40.748+0300][326.649s][info][gc] GC(3501) Pause Full (Ergonomics) 162M->28M(228M) 48.743ms
[2020-01-29T21:52:40.813+0300][326.714s][info][gc] GC(3502) Pause Young (Allocation Failure) 57M->57M(228M) 62.013ms
[2020-01-29T21:52:40.932+0300][326.833s][info][gc] GC(3503) Pause Young (Allocation Failure) 86M->86M(228M) 114.243ms
[2020-01-29T21:52:41.049+0300][326.951s][info][gc] GC(3504) Pause Young (Allocation Failure) 115M->115M(228M) 114.385ms
[2020-01-29T21:52:41.154+0300][327.058s][info][gc] GC(3505) Pause Young (Allocation Failure) 163M->163M(228M) 92.943ms
[2020-01-29T21:52:41.194+0300][327.096s][info][gc] GC(3506) Pause Full (Ergonomics) 163M->29M(228M) 38.031ms
[2020-01-29T21:52:41.258+0300][327.161s][info][gc] GC(3507) Pause Young (Allocation Failure) 58M->58M(228M) 61.661ms
[2020-01-29T21:52:41.374+0300][327.278s][info][gc] GC(3508) Pause Young (Allocation Failure) 87M->87M(228M) 113.382ms
[2020-01-29T21:52:41.494+0300][327.397s][info][gc] GC(3509) Pause Young (Allocation Failure) 116M->116M(228M) 114.522ms
[2020-01-29T21:52:41.643+0300][327.547s][info][gc] GC(3510) Pause Young (Allocation Failure) 164M->164M(228M) 124.849ms
[2020-01-29T21:52:41.699+0300][327.602s][info][gc] GC(3511) Pause Full (Ergonomics) 164M->30M(228M) 55.832ms
[2020-01-29T21:52:41.763+0300][327.669s][info][gc] GC(3512) Pause Young (Allocation Failure) 59M->59M(228M) 62.638ms
[2020-01-29T21:52:41.884+0300][327.787s][info][gc] GC(3513) Pause Young (Allocation Failure) 88M->88M(228M) 114.566ms
[2020-01-29T21:52:42.003+0300][327.907s][info][gc] GC(3514) Pause Young (Allocation Failure) 117M->117M(228M) 115.834ms
[2020-01-29T21:52:42.111+0300][328.012s][info][gc] GC(3515) Pause Young (Allocation Failure) 165M->165M(228M) 85.189ms
[2020-01-29T21:52:42.161+0300][328.062s][info][gc] GC(3516) Pause Full (Ergonomics) 165M->32M(228M) 50.302ms
[2020-01-29T21:52:42.223+0300][328.124s][info][gc] GC(3517) Pause Young (Allocation Failure) 61M->60M(228M) 58.540ms
[2020-01-29T21:52:42.345+0300][328.246s][info][gc] GC(3518) Pause Young (Allocation Failure) 89M->90M(228M) 117.878ms
[2020-01-29T21:52:42.463+0300][328.365s][info][gc] GC(3519) Pause Young (Allocation Failure) 119M->119M(228M) 115.208ms
[2020-01-29T21:52:42.560+0300][328.462s][info][gc] GC(3520) Pause Young (Allocation Failure) 167M->167M(228M) 82.471ms
[2020-01-29T21:52:42.616+0300][328.518s][info][gc] GC(3521) Pause Full (Ergonomics) 167M->33M(228M) 55.600ms
[2020-01-29T21:52:42.680+0300][328.581s][info][gc] GC(3522) Pause Young (Allocation Failure) 62M->62M(228M) 59.900ms
[2020-01-29T21:52:42.796+0300][328.698s][info][gc] GC(3523) Pause Young (Allocation Failure) 91M->91M(228M) 113.322ms
[2020-01-29T21:52:42.922+0300][328.824s][info][gc] GC(3524) Pause Young (Allocation Failure) 120M->120M(228M) 121.951ms
[2020-01-29T21:52:43.016+0300][328.917s][info][gc] GC(3525) Pause Young (Allocation Failure) 168M->168M(228M) 78.532ms
[2020-01-29T21:52:43.072+0300][328.973s][info][gc] GC(3526) Pause Full (Ergonomics) 168M->34M(228M) 56.302ms
[2020-01-29T21:52:43.137+0300][329.039s][info][gc] GC(3527) Pause Young (Allocation Failure) 63M->63M(228M) 62.150ms
[2020-01-29T21:52:43.256+0300][329.158s][info][gc] GC(3528) Pause Young (Allocation Failure) 92M->92M(228M) 115.023ms
[2020-01-29T21:52:43.370+0300][329.272s][info][gc] GC(3529) Pause Young (Allocation Failure) 121M->121M(228M) 110.696ms
[2020-01-29T21:52:43.461+0300][329.363s][info][gc] GC(3530) Pause Young (Allocation Failure) 169M->169M(228M) 75.837ms
[2020-01-29T21:52:43.524+0300][329.426s][info][gc] GC(3531) Pause Full (Ergonomics) 169M->35M(228M) 63.080ms
[2020-01-29T21:52:43.591+0300][329.492s][info][gc] GC(3532) Pause Young (Allocation Failure) 64M->64M(228M) 62.569ms
[2020-01-29T21:52:43.708+0300][329.609s][info][gc] GC(3533) Pause Young (Allocation Failure) 93M->93M(228M) 113.934ms
[2020-01-29T21:52:43.824+0300][329.725s][info][gc] GC(3534) Pause Young (Allocation Failure) 122M->122M(228M) 112.450ms
[2020-01-29T21:52:43.959+0300][329.861s][info][gc] GC(3535) Pause Young (Allocation Failure) 170M->170M(228M) 120.456ms
[2020-01-29T21:52:44.041+0300][329.942s][info][gc] GC(3536) Pause Full (Ergonomics) 170M->36M(228M) 81.230ms
[2020-01-29T21:52:44.107+0300][330.009s][info][gc] GC(3537) Pause Young (Allocation Failure) 65M->65M(228M) 62.992ms
[2020-01-29T21:52:44.227+0300][330.129s][info][gc] GC(3538) Pause Young (Allocation Failure) 94M->95M(228M) 115.937ms
[2020-01-29T21:52:44.347+0300][330.248s][info][gc] GC(3539) Pause Young (Allocation Failure) 124M->124M(228M) 115.247ms
[2020-01-29T21:52:44.437+0300][330.338s][info][gc] GC(3540) Pause Young (Allocation Failure) 172M->172M(228M) 75.310ms
[2020-01-29T21:52:44.507+0300][330.408s][info][gc] GC(3541) Pause Full (Ergonomics) 172M->38M(228M) 70.715ms
[2020-01-29T21:52:44.572+0300][330.474s][info][gc] GC(3542) Pause Young (Allocation Failure) 67M->67M(228M) 61.839ms
[2020-01-29T21:52:44.693+0300][330.595s][info][gc] GC(3543) Pause Young (Allocation Failure) 96M->96M(228M) 117.165ms
[2020-01-29T21:52:44.811+0300][330.712s][info][gc] GC(3544) Pause Young (Allocation Failure) 125M->125M(228M) 114.089ms
[2020-01-29T21:52:44.895+0300][330.796s][info][gc] GC(3545) Pause Young (Allocation Failure) 173M->173M(228M) 69.129ms
[2020-01-29T21:52:44.969+0300][330.870s][info][gc] GC(3546) Pause Full (Ergonomics) 173M->39M(228M) 73.775ms
[2020-01-29T21:52:45.035+0300][330.937s][info][gc] GC(3547) Pause Young (Allocation Failure) 68M->68M(228M) 62.724ms
[2020-01-29T21:52:45.158+0300][331.059s][info][gc] GC(3548) Pause Young (Allocation Failure) 97M->97M(228M) 118.860ms
[2020-01-29T21:52:45.268+0300][331.173s][info][gc] GC(3549) Pause Young (Allocation Failure) 126M->126M(228M) 110.441ms
[2020-01-29T21:52:45.378+0300][331.280s][info][gc] GC(3550) Pause Young (Allocation Failure) 155M->155M(228M) 79.856ms
[2020-01-29T21:52:45.388+0300][331.290s][info][gc] GC(3551) Pause Full (Ergonomics) 155M->21M(228M) 10.088ms
[2020-01-29T21:52:45.453+0300][331.355s][info][gc] GC(3552) Pause Young (Allocation Failure) 50M->50M(228M) 61.457ms
[2020-01-29T21:52:45.568+0300][331.472s][info][gc] GC(3553) Pause Young (Allocation Failure) 79M->80M(228M) 113.597ms
[2020-01-29T21:52:45.688+0300][331.592s][info][gc] GC(3554) Pause Young (Allocation Failure) 109M->109M(228M) 115.634ms
[2020-01-29T21:52:45.804+0300][331.709s][info][gc] GC(3555) Pause Young (Allocation Failure) 157M->157M(228M) 103.636ms
[2020-01-29T21:52:45.824+0300][331.727s][info][gc] GC(3556) Pause Full (Ergonomics) 157M->22M(228M) 18.024ms
[2020-01-29T21:52:45.888+0300][331.791s][info][gc] GC(3557) Pause Young (Allocation Failure) 51M->51M(228M) 60.447ms
[2020-01-29T21:52:46.004+0300][331.908s][info][gc] GC(3558) Pause Young (Allocation Failure) 80M->80M(228M) 113.314ms
[2020-01-29T21:52:46.123+0300][332.025s][info][gc] GC(3559) Pause Young (Allocation Failure) 109M->109M(228M) 113.082ms
[2020-01-29T21:52:46.243+0300][332.145s][info][gc] GC(3560) Pause Young (Allocation Failure) 158M->158M(228M) 106.092ms
[2020-01-29T21:52:46.266+0300][332.167s][info][gc] GC(3561) Pause Full (Ergonomics) 158M->24M(228M) 22.037ms
[2020-01-29T21:52:46.325+0300][332.227s][info][gc] GC(3562) Pause Young (Allocation Failure) 53M->53M(228M) 55.557ms
[2020-01-29T21:52:46.441+0300][332.342s][info][gc] GC(3563) Pause Young (Allocation Failure) 82M->82M(228M) 111.070ms
[2020-01-29T21:52:46.560+0300][332.462s][info][gc] GC(3564) Pause Young (Allocation Failure) 111M->111M(228M) 117.062ms
[2020-01-29T21:52:46.679+0300][332.581s][info][gc] GC(3565) Pause Young (Allocation Failure) 159M->159M(228M) 103.272ms
[2020-01-29T21:52:46.705+0300][332.607s][info][gc] GC(3566) Pause Full (Ergonomics) 159M->25M(228M) 26.565ms
[2020-01-29T21:52:46.770+0300][332.671s][info][gc] GC(3567) Pause Young (Allocation Failure) 54M->54M(228M) 60.585ms
[2020-01-29T21:52:46.887+0300][332.789s][info][gc] GC(3568) Pause Young (Allocation Failure) 83M->83M(228M) 114.055ms
[2020-01-29T21:52:47.012+0300][332.914s][info][gc] GC(3569) Pause Young (Allocation Failure) 112M->112M(228M) 121.134ms
[2020-01-29T21:52:47.126+0300][333.027s][info][gc] GC(3570) Pause Young (Allocation Failure) 160M->160M(228M) 99.116ms
[2020-01-29T21:52:47.159+0300][333.060s][info][gc] GC(3571) Pause Full (Ergonomics) 160M->26M(228M) 32.435ms
[2020-01-29T21:52:47.222+0300][333.124s][info][gc] GC(3572) Pause Young (Allocation Failure) 55M->55M(228M) 60.496ms
[2020-01-29T21:52:47.338+0300][333.240s][info][gc] GC(3573) Pause Young (Allocation Failure) 84M->84M(228M) 112.380ms
[2020-01-29T21:52:47.451+0300][333.352s][info][gc] GC(3574) Pause Young (Allocation Failure) 113M->113M(228M) 108.328ms
[2020-01-29T21:52:47.581+0300][333.482s][info][gc] GC(3575) Pause Young (Allocation Failure) 161M->161M(228M) 114.511ms
[2020-01-29T21:52:47.624+0300][333.526s][info][gc] GC(3576) Pause Full (Ergonomics) 161M->27M(228M) 43.830ms
[2020-01-29T21:52:47.697+0300][333.598s][info][gc] GC(3577) Pause Young (Allocation Failure) 56M->56M(228M) 68.562ms
[2020-01-29T21:52:47.802+0300][333.704s][info][gc] GC(3578) Pause Young (Allocation Failure) 85M->85M(228M) 102.502ms
[2020-01-29T21:52:47.918+0300][333.819s][info][gc] GC(3579) Pause Young (Allocation Failure) 114M->114M(228M) 111.275ms
[2020-01-29T21:52:48.025+0300][333.926s][info][gc] GC(3580) Pause Young (Allocation Failure) 163M->163M(228M) 92.140ms
[2020-01-29T21:52:48.064+0300][333.965s][info][gc] GC(3581) Pause Full (Ergonomics) 163M->29M(228M) 38.769ms
[2020-01-29T21:52:48.128+0300][334.032s][info][gc] GC(3582) Pause Young (Allocation Failure) 58M->58M(228M) 62.285ms
[2020-01-29T21:52:48.244+0300][334.148s][info][gc] GC(3583) Pause Young (Allocation Failure) 87M->87M(228M) 112.965ms
[2020-01-29T21:52:48.358+0300][334.264s][info][gc] GC(3584) Pause Young (Allocation Failure) 116M->116M(228M) 111.416ms
[2020-01-29T21:52:48.478+0300][334.382s][info][gc] GC(3585) Pause Young (Allocation Failure) 164M->164M(228M) 90.738ms
[2020-01-29T21:52:48.524+0300][334.426s][info][gc] GC(3586) Pause Full (Ergonomics) 164M->30M(228M) 44.431ms
[2020-01-29T21:52:48.584+0300][334.486s][info][gc] GC(3587) Pause Young (Allocation Failure) 59M->59M(228M) 56.213ms
[2020-01-29T21:52:48.696+0300][334.597s][info][gc] GC(3588) Pause Young (Allocation Failure) 88M->88M(228M) 107.186ms
[2020-01-29T21:52:48.796+0300][334.703s][info][gc] GC(3589) Pause Young (Allocation Failure) 117M->117M(228M) 102.151ms
[2020-01-29T21:52:48.907+0300][334.808s][info][gc] GC(3590) Pause Young (Allocation Failure) 165M->165M(228M) 80.663ms
[2020-01-29T21:52:48.955+0300][334.857s][info][gc] GC(3591) Pause Full (Ergonomics) 165M->31M(228M) 49.483ms
[2020-01-29T21:52:49.015+0300][334.917s][info][gc] GC(3592) Pause Young (Allocation Failure) 60M->60M(228M) 56.292ms
[2020-01-29T21:52:49.132+0300][335.034s][info][gc] GC(3593) Pause Young (Allocation Failure) 89M->89M(228M) 112.512ms
[2020-01-29T21:52:49.250+0300][335.151s][info][gc] GC(3594) Pause Young (Allocation Failure) 118M->118M(228M) 113.599ms
[2020-01-29T21:52:49.348+0300][335.249s][info][gc] GC(3595) Pause Young (Allocation Failure) 166M->166M(228M) 83.281ms
[2020-01-29T21:52:49.390+0300][335.292s][info][gc] GC(3596) Pause Full (Ergonomics) 166M->32M(228M) 42.610ms
[2020-01-29T21:52:49.456+0300][335.357s][info][gc] GC(3597) Pause Young (Allocation Failure) 61M->61M(228M) 61.514ms
[2020-01-29T21:52:49.572+0300][335.473s][info][gc] GC(3598) Pause Young (Allocation Failure) 90M->90M(228M) 112.683ms
[2020-01-29T21:52:49.692+0300][335.593s][info][gc] GC(3599) Pause Young (Allocation Failure) 119M->120M(228M) 116.605ms
[2020-01-29T21:52:49.788+0300][335.689s][info][gc] GC(3600) Pause Young (Allocation Failure) 168M->168M(228M) 80.925ms
[2020-01-29T21:52:49.841+0300][335.742s][info][gc] GC(3601) Pause Full (Ergonomics) 168M->34M(228M) 52.895ms
[2020-01-29T21:52:49.908+0300][335.809s][info][gc] GC(3602) Pause Young (Allocation Failure) 63M->63M(228M) 62.585ms
[2020-01-29T21:52:50.023+0300][335.925s][info][gc] GC(3603) Pause Young (Allocation Failure) 92M->92M(228M) 112.575ms
[2020-01-29T21:52:50.138+0300][336.040s][info][gc] GC(3604) Pause Young (Allocation Failure) 121M->121M(228M) 110.948ms
[2020-01-29T21:52:50.274+0300][336.175s][info][gc] GC(3605) Pause Young (Allocation Failure) 169M->169M(228M) 120.277ms
[2020-01-29T21:52:50.349+0300][336.250s][info][gc] GC(3606) Pause Full (Ergonomics) 169M->35M(228M) 74.771ms
[2020-01-29T21:52:50.408+0300][336.310s][info][gc] GC(3607) Pause Young (Allocation Failure) 64M->64M(228M) 56.380ms
[2020-01-29T21:52:50.525+0300][336.427s][info][gc] GC(3608) Pause Young (Allocation Failure) 93M->93M(228M) 113.099ms
[2020-01-29T21:52:50.641+0300][336.543s][info][gc] GC(3609) Pause Young (Allocation Failure) 122M->122M(228M) 112.615ms
[2020-01-29T21:52:50.730+0300][336.632s][info][gc] GC(3610) Pause Young (Allocation Failure) 170M->170M(228M) 74.204ms
[2020-01-29T21:52:50.795+0300][336.696s][info][gc] GC(3611) Pause Full (Ergonomics) 170M->36M(228M) 64.396ms
[2020-01-29T21:52:50.859+0300][336.760s][info][gc] GC(3612) Pause Young (Allocation Failure) 65M->65M(228M) 59.890ms
[2020-01-29T21:52:50.976+0300][336.878s][info][gc] GC(3613) Pause Young (Allocation Failure) 94M->94M(228M) 113.761ms
[2020-01-29T21:52:51.101+0300][337.002s][info][gc] GC(3614) Pause Young (Allocation Failure) 123M->123M(228M) 121.247ms
[2020-01-29T21:52:51.197+0300][337.098s][info][gc] GC(3615) Pause Young (Allocation Failure) 171M->171M(228M) 81.380ms
[2020-01-29T21:52:51.269+0300][337.170s][info][gc] GC(3616) Pause Full (Ergonomics) 171M->37M(228M) 71.684ms
[2020-01-29T21:52:51.328+0300][337.230s][info][gc] GC(3617) Pause Young (Allocation Failure) 66M->66M(228M) 56.630ms
[2020-01-29T21:52:51.448+0300][337.349s][info][gc] GC(3618) Pause Young (Allocation Failure) 95M->95M(228M) 115.165ms
[2020-01-29T21:52:51.565+0300][337.466s][info][gc] GC(3619) Pause Young (Allocation Failure) 124M->124M(228M) 113.712ms
[2020-01-29T21:52:51.707+0300][337.609s][info][gc] GC(3620) Pause Young (Allocation Failure) 173M->173M(228M) 128.784ms
[2020-01-29T21:52:51.800+0300][337.702s][info][gc] GC(3621) Pause Full (Ergonomics) 173M->39M(228M) 92.602ms
[2020-01-29T21:52:51.867+0300][337.769s][info][gc] GC(3622) Pause Young (Allocation Failure) 68M->68M(228M) 62.821ms
[2020-01-29T21:52:51.984+0300][337.885s][info][gc] GC(3623) Pause Young (Allocation Failure) 97M->97M(228M) 112.828ms
[2020-01-29T21:52:52.109+0300][338.011s][info][gc] GC(3624) Pause Young (Allocation Failure) 126M->126M(228M) 121.861ms
[2020-01-29T21:52:52.247+0300][338.148s][info][gc] GC(3625) Pause Young (Allocation Failure) 174M->174M(228M) 121.201ms
[2020-01-29T21:52:52.343+0300][338.244s][info][gc] GC(3626) Pause Full (Ergonomics) 174M->40M(228M) 96.004ms
[2020-01-29T21:52:52.405+0300][338.306s][info][gc] GC(3627) Pause Young (Allocation Failure) 69M->69M(228M) 57.592ms
[2020-01-29T21:52:52.525+0300][338.427s][info][gc] GC(3628) Pause Young (Allocation Failure) 98M->98M(228M) 117.481ms
[2020-01-29T21:52:52.643+0300][338.545s][info][gc] GC(3629) Pause Young (Allocation Failure) 127M->127M(228M) 114.652ms
[2020-01-29T21:52:52.733+0300][338.635s][info][gc] GC(3630) Pause Young (Allocation Failure) 156M->156M(228M) 76.801ms
[2020-01-29T21:52:52.747+0300][338.648s][info][gc] GC(3631) Pause Full (Ergonomics) 156M->22M(228M) 13.250ms
[2020-01-29T21:52:52.813+0300][338.714s][info][gc] GC(3632) Pause Young (Allocation Failure) 51M->51M(228M) 62.284ms
[2020-01-29T21:52:52.929+0300][338.830s][info][gc] GC(3633) Pause Young (Allocation Failure) 80M->80M(228M) 113.112ms
[2020-01-29T21:52:53.045+0300][338.947s][info][gc] GC(3634) Pause Young (Allocation Failure) 109M->109M(228M) 112.878ms
[2020-01-29T21:52:53.172+0300][339.073s][info][gc] GC(3635) Pause Young (Allocation Failure) 157M->158M(228M) 112.146ms
[2020-01-29T21:52:53.193+0300][339.095s][info][gc] GC(3636) Pause Full (Ergonomics) 158M->23M(228M) 21.325ms
[2020-01-29T21:52:53.257+0300][339.158s][info][gc] GC(3637) Pause Young (Allocation Failure) 52M->52M(228M) 59.868ms
[2020-01-29T21:52:53.378+0300][339.279s][info][gc] GC(3638) Pause Young (Allocation Failure) 81M->81M(228M) 116.985ms
[2020-01-29T21:52:53.493+0300][339.394s][info][gc] GC(3639) Pause Young (Allocation Failure) 110M->110M(228M) 111.609ms
[2020-01-29T21:52:53.612+0300][339.513s][info][gc] GC(3640) Pause Young (Allocation Failure) 158M->158M(228M) 104.182ms
[2020-01-29T21:52:53.638+0300][339.539s][info][gc] GC(3641) Pause Full (Ergonomics) 158M->25M(228M) 25.793ms
[2020-01-29T21:52:53.703+0300][339.605s][info][gc] GC(3642) Pause Young (Allocation Failure) 54M->54M(228M) 62.074ms
[2020-01-29T21:52:53.819+0300][339.721s][info][gc] GC(3643) Pause Young (Allocation Failure) 83M->83M(228M) 112.111ms
[2020-01-29T21:52:53.934+0300][339.835s][info][gc] GC(3644) Pause Young (Allocation Failure) 112M->112M(228M) 111.326ms
[2020-01-29T21:52:54.072+0300][339.973s][info][gc] GC(3645) Pause Young (Allocation Failure) 160M->160M(228M) 122.799ms
[2020-01-29T21:52:54.110+0300][340.011s][info][gc] GC(3646) Pause Full (Ergonomics) 160M->26M(228M) 37.997ms
[2020-01-29T21:52:54.174+0300][340.076s][info][gc] GC(3647) Pause Young (Allocation Failure) 55M->55M(228M) 60.540ms
[2020-01-29T21:52:54.296+0300][340.198s][info][gc] GC(3648) Pause Young (Allocation Failure) 84M->84M(228M) 118.326ms
[2020-01-29T21:52:54.420+0300][340.321s][info][gc] GC(3649) Pause Young (Allocation Failure) 113M->113M(228M) 119.320ms
[2020-01-29T21:52:54.537+0300][340.439s][info][gc] GC(3650) Pause Young (Allocation Failure) 161M->161M(228M) 102.356ms
[2020-01-29T21:52:54.570+0300][340.471s][info][gc] GC(3651) Pause Full (Ergonomics) 161M->27M(228M) 32.781ms
[2020-01-29T21:52:54.636+0300][340.538s][info][gc] GC(3652) Pause Young (Allocation Failure) 56M->56M(228M) 62.642ms
[2020-01-29T21:52:54.755+0300][340.657s][info][gc] GC(3653) Pause Young (Allocation Failure) 85M->85M(228M) 115.386ms
[2020-01-29T21:52:54.876+0300][340.777s][info][gc] GC(3654) Pause Young (Allocation Failure) 114M->114M(228M) 116.326ms
[2020-01-29T21:52:55.024+0300][340.926s][info][gc] GC(3655) Pause Young (Allocation Failure) 162M->162M(228M) 133.507ms
[2020-01-29T21:52:55.071+0300][340.972s][info][gc] GC(3656) Pause Full (Ergonomics) 162M->28M(228M) 46.662ms
[2020-01-29T21:52:55.138+0300][341.040s][info][gc] GC(3657) Pause Young (Allocation Failure) 57M->57M(228M) 63.490ms
[2020-01-29T21:52:55.252+0300][341.153s][info][gc] GC(3658) Pause Young (Allocation Failure) 86M->86M(228M) 109.517ms
[2020-01-29T21:52:55.369+0300][341.274s][info][gc] GC(3659) Pause Young (Allocation Failure) 115M->115M(228M) 116.499ms
[2020-01-29T21:52:55.484+0300][341.386s][info][gc] GC(3660) Pause Young (Allocation Failure) 163M->163M(228M) 89.036ms
[2020-01-29T21:52:55.529+0300][341.430s][info][gc] GC(3661) Pause Full (Ergonomics) 163M->29M(228M) 44.020ms
[2020-01-29T21:52:55.594+0300][341.496s][info][gc] GC(3662) Pause Young (Allocation Failure) 58M->58M(228M) 62.325ms
[2020-01-29T21:52:55.705+0300][341.613s][info][gc] GC(3663) Pause Young (Allocation Failure) 87M->88M(228M) 113.713ms
[2020-01-29T21:52:55.831+0300][341.733s][info][gc] GC(3664) Pause Young (Allocation Failure) 117M->117M(228M) 116.468ms
[2020-01-29T21:52:55.934+0300][341.835s][info][gc] GC(3665) Pause Young (Allocation Failure) 165M->165M(228M) 86.323ms
[2020-01-29T21:52:55.979+0300][341.881s][info][gc] GC(3666) Pause Full (Ergonomics) 165M->31M(228M) 46.161ms
[2020-01-29T21:52:56.044+0300][341.948s][info][gc] GC(3667) Pause Young (Allocation Failure) 60M->60M(228M) 62.245ms
[2020-01-29T21:52:56.169+0300][342.070s][info][gc] GC(3668) Pause Young (Allocation Failure) 89M->89M(228M) 118.641ms
[2020-01-29T21:52:56.284+0300][342.187s][info][gc] GC(3669) Pause Young (Allocation Failure) 118M->118M(228M) 113.600ms
[2020-01-29T21:52:56.389+0300][342.290s][info][gc] GC(3670) Pause Young (Allocation Failure) 166M->166M(228M) 82.530ms
[2020-01-29T21:52:56.439+0300][342.340s][info][gc] GC(3671) Pause Full (Ergonomics) 166M->32M(228M) 50.556ms
[2020-01-29T21:52:56.514+0300][342.417s][info][gc] GC(3672) Pause Young (Allocation Failure) 61M->61M(228M) 72.560ms
[2020-01-29T21:52:56.625+0300][342.527s][info][gc] GC(3673) Pause Young (Allocation Failure) 90M->90M(228M) 106.613ms
[2020-01-29T21:52:56.739+0300][342.643s][info][gc] GC(3674) Pause Young (Allocation Failure) 119M->119M(228M) 112.131ms
[2020-01-29T21:52:56.859+0300][342.764s][info][gc] GC(3675) Pause Young (Allocation Failure) 167M->167M(228M) 107.161ms
[2020-01-29T21:52:56.964+0300][342.867s][info][gc] GC(3676) Pause Full (Ergonomics) 167M->33M(228M) 103.598ms
[2020-01-29T21:52:57.028+0300][342.929s][info][gc] GC(3677) Pause Young (Allocation Failure) 62M->62M(228M) 57.879ms
[2020-01-29T21:52:57.424+0300][343.325s][info][gc] GC(3678) Pause Young (Allocation Failure) 91M->91M(228M) 391.955ms
[2020-01-29T21:52:57.537+0300][343.438s][info][gc] GC(3679) Pause Young (Allocation Failure) 120M->120M(228M) 108.959ms
[2020-01-29T21:52:57.637+0300][343.539s][info][gc] GC(3680) Pause Young (Allocation Failure) 168M->168M(228M) 81.821ms
[2020-01-29T21:52:57.693+0300][343.594s][info][gc] GC(3681) Pause Full (Ergonomics) 168M->34M(228M) 55.669ms
[2020-01-29T21:52:57.766+0300][343.667s][info][gc] GC(3682) Pause Young (Allocation Failure) 63M->63M(228M) 60.675ms
[2020-01-29T21:52:57.866+0300][343.768s][info][gc] GC(3683) Pause Young (Allocation Failure) 92M->92M(228M) 96.999ms
[2020-01-29T21:52:57.990+0300][343.892s][info][gc] GC(3684) Pause Young (Allocation Failure) 121M->122M(228M) 119.741ms
[2020-01-29T21:52:58.101+0300][344.002s][info][gc] GC(3685) Pause Young (Allocation Failure) 170M->170M(228M) 95.425ms
[2020-01-29T21:52:58.163+0300][344.064s][info][gc] GC(3686) Pause Full (Ergonomics) 170M->36M(228M) 62.233ms
[2020-01-29T21:52:58.246+0300][344.148s][info][gc] GC(3687) Pause Young (Allocation Failure) 65M->65M(228M) 79.458ms
[2020-01-29T21:52:58.362+0300][344.264s][info][gc] GC(3688) Pause Young (Allocation Failure) 94M->94M(228M) 112.234ms
[2020-01-29T21:52:58.490+0300][344.391s][info][gc] GC(3689) Pause Young (Allocation Failure) 123M->123M(228M) 122.997ms
[2020-01-29T21:52:58.584+0300][344.486s][info][gc] GC(3690) Pause Young (Allocation Failure) 171M->171M(228M) 80.383ms
[2020-01-29T21:52:58.652+0300][344.553s][info][gc] GC(3691) Pause Full (Ergonomics) 171M->37M(228M) 67.277ms
[2020-01-29T21:52:58.717+0300][344.618s][info][gc] GC(3692) Pause Young (Allocation Failure) 66M->66M(228M) 61.650ms
[2020-01-29T21:52:58.837+0300][344.739s][info][gc] GC(3693) Pause Young (Allocation Failure) 95M->95M(228M) 116.535ms
[2020-01-29T21:52:58.968+0300][344.870s][info][gc] GC(3694) Pause Young (Allocation Failure) 124M->124M(228M) 127.758ms
[2020-01-29T21:52:59.056+0300][344.958s][info][gc] GC(3695) Pause Young (Allocation Failure) 172M->172M(228M) 72.722ms
[2020-01-29T21:52:59.143+0300][345.044s][info][gc] GC(3696) Pause Full (Ergonomics) 172M->38M(228M) 86.018ms
[2020-01-29T21:52:59.206+0300][345.107s][info][gc] GC(3697) Pause Young (Allocation Failure) 67M->67M(228M) 59.386ms
[2020-01-29T21:52:59.315+0300][345.216s][info][gc] GC(3698) Pause Young (Allocation Failure) 96M->96M(228M) 104.845ms
[2020-01-29T21:52:59.430+0300][345.331s][info][gc] GC(3699) Pause Young (Allocation Failure) 125M->125M(228M) 111.759ms
[2020-01-29T21:52:59.514+0300][345.416s][info][gc] GC(3700) Pause Young (Allocation Failure) 173M->173M(228M) 69.668ms
[2020-01-29T21:52:59.588+0300][345.489s][info][gc] GC(3701) Pause Full (Ergonomics) 173M->39M(228M) 73.115ms
[2020-01-29T21:52:59.656+0300][345.557s][info][gc] GC(3702) Pause Young (Allocation Failure) 68M->68M(228M) 64.093ms
[2020-01-29T21:52:59.772+0300][345.674s][info][gc] GC(3703) Pause Young (Allocation Failure) 97M->97M(228M) 113.503ms
[2020-01-29T21:52:59.899+0300][345.801s][info][gc] GC(3704) Pause Young (Allocation Failure) 126M->126M(228M) 123.443ms
[2020-01-29T21:52:59.991+0300][345.892s][info][gc] GC(3705) Pause Young (Allocation Failure) 155M->156M(228M) 78.979ms
[2020-01-29T21:53:00.003+0300][345.904s][info][gc] GC(3706) Pause Full (Ergonomics) 156M->22M(228M) 12.060ms
[2020-01-29T21:53:00.069+0300][345.971s][info][gc] GC(3707) Pause Young (Allocation Failure) 51M->51M(228M) 61.972ms
[2020-01-29T21:53:00.189+0300][346.091s][info][gc] GC(3708) Pause Young (Allocation Failure) 80M->80M(228M) 116.394ms
[2020-01-29T21:53:00.310+0300][346.212s][info][gc] GC(3709) Pause Young (Allocation Failure) 109M->109M(228M) 117.615ms
[2020-01-29T21:53:00.439+0300][346.340s][info][gc] GC(3710) Pause Young (Allocation Failure) 157M->157M(228M) 113.569ms
[2020-01-29T21:53:00.459+0300][346.360s][info][gc] GC(3711) Pause Full (Ergonomics) 157M->23M(228M) 19.508ms
[2020-01-29T21:53:00.517+0300][346.419s][info][gc] GC(3712) Pause Young (Allocation Failure) 52M->52M(228M) 55.450ms
[2020-01-29T21:53:00.636+0300][346.537s][info][gc] GC(3713) Pause Young (Allocation Failure) 81M->81M(228M) 113.836ms
[2020-01-29T21:53:00.745+0300][346.647s][info][gc] GC(3714) Pause Young (Allocation Failure) 110M->110M(228M) 106.735ms
[2020-01-29T21:53:00.884+0300][346.785s][info][gc] GC(3715) Pause Young (Allocation Failure) 158M->158M(228M) 123.932ms
[2020-01-29T21:53:00.915+0300][346.816s][info][gc] GC(3716) Pause Full (Ergonomics) 158M->24M(228M) 30.750ms
[2020-01-29T21:53:00.980+0300][346.881s][info][gc] GC(3717) Pause Young (Allocation Failure) 53M->53M(228M) 61.761ms
[2020-01-29T21:53:01.094+0300][346.996s][info][gc] GC(3718) Pause Young (Allocation Failure) 82M->82M(228M) 110.143ms
[2020-01-29T21:53:01.218+0300][347.120s][info][gc] GC(3719) Pause Young (Allocation Failure) 111M->111M(228M) 120.737ms
[2020-01-29T21:53:01.336+0300][347.237s][info][gc] GC(3720) Pause Young (Allocation Failure) 159M->159M(228M) 101.688ms
[2020-01-29T21:53:01.362+0300][347.263s][info][gc] GC(3721) Pause Full (Ergonomics) 159M->25M(228M) 25.668ms
[2020-01-29T21:53:01.427+0300][347.328s][info][gc] GC(3722) Pause Young (Allocation Failure) 54M->54M(228M) 61.978ms
[2020-01-29T21:53:01.539+0300][347.440s][info][gc] GC(3723) Pause Young (Allocation Failure) 83M->83M(228M) 106.392ms
[2020-01-29T21:53:01.657+0300][347.559s][info][gc] GC(3724) Pause Young (Allocation Failure) 112M->112M(228M) 114.598ms
[2020-01-29T21:53:01.794+0300][347.695s][info][gc] GC(3725) Pause Young (Allocation Failure) 161M->161M(228M) 121.889ms
[2020-01-29T21:53:01.834+0300][347.736s][info][gc] GC(3726) Pause Full (Ergonomics) 161M->27M(228M) 40.462ms
[2020-01-29T21:53:01.897+0300][347.799s][info][gc] GC(3727) Pause Young (Allocation Failure) 56M->56M(228M) 59.342ms
[2020-01-29T21:53:02.013+0300][347.915s][info][gc] GC(3728) Pause Young (Allocation Failure) 85M->85M(228M) 112.437ms
[2020-01-29T21:53:02.139+0300][348.040s][info][gc] GC(3729) Pause Young (Allocation Failure) 114M->114M(228M) 120.949ms
[2020-01-29T21:53:02.249+0300][348.151s][info][gc] GC(3730) Pause Young (Allocation Failure) 162M->162M(228M) 96.475ms
[2020-01-29T21:53:02.284+0300][348.186s][info][gc] GC(3731) Pause Full (Ergonomics) 162M->28M(228M) 35.088ms
[2020-01-29T21:53:02.348+0300][348.249s][info][gc] GC(3732) Pause Young (Allocation Failure) 57M->57M(228M) 59.703ms
[2020-01-29T21:53:02.468+0300][348.369s][info][gc] GC(3733) Pause Young (Allocation Failure) 86M->86M(228M) 116.221ms
[2020-01-29T21:53:02.569+0300][348.471s][info][gc] GC(3734) Pause Young (Allocation Failure) 115M->115M(228M) 98.238ms
[2020-01-29T21:53:02.675+0300][348.577s][info][gc] GC(3735) Pause Young (Allocation Failure) 163M->163M(228M) 90.756ms
[2020-01-29T21:53:02.717+0300][348.619s][info][gc] GC(3736) Pause Full (Ergonomics) 163M->29M(228M) 41.786ms
[2020-01-29T21:53:02.784+0300][348.686s][info][gc] GC(3737) Pause Young (Allocation Failure) 58M->58M(228M) 63.194ms
[2020-01-29T21:53:02.905+0300][348.806s][info][gc] GC(3738) Pause Young (Allocation Failure) 87M->87M(228M) 117.025ms
[2020-01-29T21:53:03.029+0300][348.931s][info][gc] GC(3739) Pause Young (Allocation Failure) 116M->116M(228M) 120.953ms
[2020-01-29T21:53:03.141+0300][349.043s][info][gc] GC(3740) Pause Young (Allocation Failure) 164M->164M(228M) 96.557ms
[2020-01-29T21:53:03.190+0300][349.091s][info][gc] GC(3741) Pause Full (Ergonomics) 164M->30M(228M) 48.580ms
[2020-01-29T21:53:03.255+0300][349.156s][info][gc] GC(3742) Pause Young (Allocation Failure) 59M->59M(228M) 60.743ms
[2020-01-29T21:53:03.373+0300][349.275s][info][gc] GC(3743) Pause Young (Allocation Failure) 88M->88M(228M) 115.769ms
[2020-01-29T21:53:03.521+0300][349.422s][info][gc] GC(3744) Pause Young (Allocation Failure) 117M->117M(228M) 143.220ms
[2020-01-29T21:53:03.662+0300][349.563s][info][gc] GC(3745) Pause Young (Allocation Failure) 165M->166M(228M) 126.115ms
[2020-01-29T21:53:03.724+0300][349.626s][info][gc] GC(3746) Pause Full (Ergonomics) 166M->32M(228M) 62.649ms
[2020-01-29T21:53:03.788+0300][349.690s][info][gc] GC(3747) Pause Young (Allocation Failure) 61M->61M(228M) 59.655ms
[2020-01-29T21:53:03.905+0300][349.807s][info][gc] GC(3748) Pause Young (Allocation Failure) 90M->90M(228M) 113.179ms
[2020-01-29T21:53:04.017+0300][349.918s][info][gc] GC(3749) Pause Young (Allocation Failure) 119M->119M(228M) 108.194ms
[2020-01-29T21:53:04.154+0300][350.056s][info][gc] GC(3750) Pause Young (Allocation Failure) 167M->167M(228M) 121.847ms
[2020-01-29T21:53:04.225+0300][350.126s][info][gc] GC(3751) Pause Full (Ergonomics) 167M->33M(228M) 70.730ms
[2020-01-29T21:53:04.293+0300][350.194s][info][gc] GC(3752) Pause Young (Allocation Failure) 62M->62M(228M) 64.287ms
[2020-01-29T21:53:04.413+0300][350.314s][info][gc] GC(3753) Pause Young (Allocation Failure) 91M->91M(228M) 115.734ms
[2020-01-29T21:53:04.534+0300][350.436s][info][gc] GC(3754) Pause Young (Allocation Failure) 120M->120M(228M) 118.360ms
[2020-01-29T21:53:04.677+0300][350.579s][info][gc] GC(3755) Pause Young (Allocation Failure) 168M->168M(228M) 128.131ms
[2020-01-29T21:53:04.750+0300][350.652s][info][gc] GC(3756) Pause Full (Ergonomics) 168M->34M(228M) 72.803ms
[2020-01-29T21:53:04.816+0300][350.717s][info][gc] GC(3757) Pause Young (Allocation Failure) 63M->63M(228M) 62.145ms
[2020-01-29T21:53:04.940+0300][350.841s][info][gc] GC(3758) Pause Young (Allocation Failure) 92M->92M(228M) 120.336ms
[2020-01-29T21:53:05.055+0300][350.956s][info][gc] GC(3759) Pause Young (Allocation Failure) 121M->121M(228M) 111.086ms
[2020-01-29T21:53:05.193+0300][351.094s][info][gc] GC(3760) Pause Young (Allocation Failure) 169M->169M(228M) 122.933ms
[2020-01-29T21:53:05.269+0300][351.171s][info][gc] GC(3761) Pause Full (Ergonomics) 169M->35M(228M) 76.494ms
[2020-01-29T21:53:05.335+0300][351.237s][info][gc] GC(3762) Pause Young (Allocation Failure) 64M->64M(228M) 62.720ms
[2020-01-29T21:53:05.455+0300][351.357s][info][gc] GC(3763) Pause Young (Allocation Failure) 93M->93M(228M) 115.967ms
[2020-01-29T21:53:05.573+0300][351.475s][info][gc] GC(3764) Pause Young (Allocation Failure) 122M->122M(228M) 114.857ms
[2020-01-29T21:53:05.664+0300][351.566s][info][gc] GC(3765) Pause Young (Allocation Failure) 170M->170M(228M) 75.694ms
[2020-01-29T21:53:05.730+0300][351.632s][info][gc] GC(3766) Pause Full (Ergonomics) 170M->36M(228M) 65.734ms
[2020-01-29T21:53:05.797+0300][351.699s][info][gc] GC(3767) Pause Young (Allocation Failure) 65M->65M(228M) 63.386ms
[2020-01-29T21:53:05.922+0300][351.823s][info][gc] GC(3768) Pause Young (Allocation Failure) 94M->95M(228M) 121.167ms
[2020-01-29T21:53:06.037+0300][351.939s][info][gc] GC(3769) Pause Young (Allocation Failure) 124M->124M(228M) 111.834ms
[2020-01-29T21:53:06.127+0300][352.028s][info][gc] GC(3770) Pause Young (Allocation Failure) 172M->172M(228M) 74.431ms
[2020-01-29T21:53:06.198+0300][352.100s][info][gc] GC(3771) Pause Full (Ergonomics) 172M->38M(228M) 71.687ms
[2020-01-29T21:53:06.264+0300][352.165s][info][gc] GC(3772) Pause Young (Allocation Failure) 67M->67M(228M) 61.213ms
[2020-01-29T21:53:06.382+0300][352.284s][info][gc] GC(3773) Pause Young (Allocation Failure) 96M->96M(228M) 115.276ms
[2020-01-29T21:53:06.499+0300][352.401s][info][gc] GC(3774) Pause Young (Allocation Failure) 125M->125M(228M) 113.595ms
[2020-01-29T21:53:06.586+0300][352.487s][info][gc] GC(3775) Pause Young (Allocation Failure) 173M->173M(228M) 71.303ms
[2020-01-29T21:53:06.665+0300][352.566s][info][gc] GC(3776) Pause Full (Ergonomics) 173M->39M(228M) 78.682ms
[2020-01-29T21:53:06.725+0300][352.627s][info][gc] GC(3777) Pause Young (Allocation Failure) 68M->68M(228M) 57.071ms
[2020-01-29T21:53:06.847+0300][352.748s][info][gc] GC(3778) Pause Young (Allocation Failure) 97M->97M(228M) 117.971ms
[2020-01-29T21:53:06.969+0300][352.871s][info][gc] GC(3779) Pause Young (Allocation Failure) 126M->126M(228M) 118.473ms
[2020-01-29T21:53:07.062+0300][352.963s][info][gc] GC(3780) Pause Young (Allocation Failure) 155M->155M(228M) 79.747ms
[2020-01-29T21:53:07.073+0300][352.974s][info][gc] GC(3781) Pause Full (Ergonomics) 155M->21M(228M) 10.733ms
[2020-01-29T21:53:07.139+0300][353.041s][info][gc] GC(3782) Pause Young (Allocation Failure) 50M->50M(228M) 63.381ms
[2020-01-29T21:53:07.253+0300][353.156s][info][gc] GC(3783) Pause Young (Allocation Failure) 79M->79M(228M) 111.248ms
[2020-01-29T21:53:07.369+0300][353.275s][info][gc] GC(3784) Pause Young (Allocation Failure) 108M->108M(228M) 115.441ms
[2020-01-29T21:53:07.504+0300][353.408s][info][gc] GC(3785) Pause Young (Allocation Failure) 156M->156M(228M) 112.317ms
[2020-01-29T21:53:07.524+0300][353.427s][info][gc] GC(3786) Pause Full (Ergonomics) 156M->22M(228M) 18.475ms
[2020-01-29T21:53:07.588+0300][353.494s][info][gc] GC(3787) Pause Young (Allocation Failure) 51M->51M(228M) 63.624ms
[2020-01-29T21:53:07.709+0300][353.610s][info][gc] GC(3788) Pause Young (Allocation Failure) 80M->80M(228M) 112.076ms
[2020-01-29T21:53:07.828+0300][353.729s][info][gc] GC(3789) Pause Young (Allocation Failure) 109M->110M(228M) 114.825ms
[2020-01-29T21:53:07.950+0300][353.851s][info][gc] GC(3790) Pause Young (Allocation Failure) 158M->158M(228M) 107.645ms
[2020-01-29T21:53:07.971+0300][353.873s][info][gc] GC(3791) Pause Full (Ergonomics) 158M->24M(228M) 21.556ms
[2020-01-29T21:53:08.040+0300][353.941s][info][gc] GC(3792) Pause Young (Allocation Failure) 53M->53M(228M) 64.658ms
[2020-01-29T21:53:08.162+0300][354.063s][info][gc] GC(3793) Pause Young (Allocation Failure) 82M->82M(228M) 117.863ms
[2020-01-29T21:53:08.278+0300][354.183s][info][gc] GC(3794) Pause Young (Allocation Failure) 111M->111M(228M) 116.959ms
[2020-01-29T21:53:08.413+0300][354.316s][info][gc] GC(3795) Pause Young (Allocation Failure) 159M->159M(228M) 105.117ms
[2020-01-29T21:53:08.438+0300][354.343s][info][gc] GC(3796) Pause Full (Ergonomics) 159M->25M(228M) 27.024ms
[2020-01-29T21:53:08.508+0300][354.410s][info][gc] GC(3797) Pause Young (Allocation Failure) 54M->54M(228M) 63.225ms
[2020-01-29T21:53:08.623+0300][354.529s][info][gc] GC(3798) Pause Young (Allocation Failure) 83M->83M(228M) 115.503ms
[2020-01-29T21:53:08.734+0300][354.635s][info][gc] GC(3799) Pause Young (Allocation Failure) 112M->112M(228M) 102.260ms
[2020-01-29T21:53:08.844+0300][354.749s][info][gc] GC(3800) Pause Young (Allocation Failure) 160M->160M(228M) 92.923ms
[2020-01-29T21:53:08.874+0300][354.777s][info][gc] GC(3801) Pause Full (Ergonomics) 160M->26M(228M) 28.224ms
[2020-01-29T21:53:08.933+0300][354.834s][info][gc] GC(3802) Pause Young (Allocation Failure) 55M->55M(228M) 52.843ms
[2020-01-29T21:53:09.048+0300][354.951s][info][gc] GC(3803) Pause Young (Allocation Failure) 84M->84M(228M) 113.236ms
[2020-01-29T21:53:09.164+0300][355.069s][info][gc] GC(3804) Pause Young (Allocation Failure) 113M->113M(228M) 114.182ms
[2020-01-29T21:53:09.285+0300][355.186s][info][gc] GC(3805) Pause Young (Allocation Failure) 161M->161M(228M) 95.039ms
[2020-01-29T21:53:09.332+0300][355.234s][info][gc] GC(3806) Pause Full (Ergonomics) 161M->27M(228M) 48.379ms
[2020-01-29T21:53:09.393+0300][355.295s][info][gc] GC(3807) Pause Young (Allocation Failure) 56M->56M(228M) 55.962ms
[2020-01-29T21:53:09.509+0300][355.411s][info][gc] GC(3808) Pause Young (Allocation Failure) 85M->85M(228M) 112.347ms
[2020-01-29T21:53:09.623+0300][355.526s][info][gc] GC(3809) Pause Young (Allocation Failure) 114M->115M(228M) 111.286ms
[2020-01-29T21:53:09.746+0300][355.647s][info][gc] GC(3810) Pause Young (Allocation Failure) 163M->163M(228M) 100.366ms
[2020-01-29T21:53:09.779+0300][355.681s][info][gc] GC(3811) Pause Full (Ergonomics) 163M->29M(228M) 33.730ms
[2020-01-29T21:53:09.854+0300][355.755s][info][gc] GC(3812) Pause Young (Allocation Failure) 58M->58M(228M) 70.257ms
[2020-01-29T21:53:09.964+0300][355.869s][info][gc] GC(3813) Pause Young (Allocation Failure) 87M->87M(228M) 110.141ms
[2020-01-29T21:53:10.087+0300][355.988s][info][gc] GC(3814) Pause Young (Allocation Failure) 116M->116M(228M) 115.544ms
[2020-01-29T21:53:10.192+0300][356.093s][info][gc] GC(3815) Pause Young (Allocation Failure) 164M->164M(228M) 90.145ms
[2020-01-29T21:53:10.235+0300][356.136s][info][gc] GC(3816) Pause Full (Ergonomics) 164M->30M(228M) 43.428ms
[2020-01-29T21:53:10.303+0300][356.204s][info][gc] GC(3817) Pause Young (Allocation Failure) 59M->59M(228M) 63.598ms
[2020-01-29T21:53:10.421+0300][356.322s][info][gc] GC(3818) Pause Young (Allocation Failure) 88M->88M(228M) 114.634ms
[2020-01-29T21:53:10.537+0300][356.439s][info][gc] GC(3819) Pause Young (Allocation Failure) 117M->117M(228M) 112.516ms
[2020-01-29T21:53:10.640+0300][356.541s][info][gc] GC(3820) Pause Young (Allocation Failure) 165M->165M(228M) 86.966ms
[2020-01-29T21:53:10.689+0300][356.590s][info][gc] GC(3821) Pause Full (Ergonomics) 165M->31M(228M) 48.374ms
[2020-01-29T21:53:10.750+0300][356.652s][info][gc] GC(3822) Pause Young (Allocation Failure) 60M->60M(228M) 58.617ms
[2020-01-29T21:53:10.867+0300][356.769s][info][gc] GC(3823) Pause Young (Allocation Failure) 89M->89M(228M) 112.776ms
[2020-01-29T21:53:10.986+0300][356.888s][info][gc] GC(3824) Pause Young (Allocation Failure) 118M->118M(228M) 115.549ms
[2020-01-29T21:53:11.086+0300][356.987s][info][gc] GC(3825) Pause Young (Allocation Failure) 166M->166M(228M) 83.784ms
[2020-01-29T21:53:11.138+0300][357.039s][info][gc] GC(3826) Pause Full (Ergonomics) 166M->32M(228M) 52.777ms
[2020-01-29T21:53:11.207+0300][357.108s][info][gc] GC(3827) Pause Young (Allocation Failure) 61M->61M(228M) 65.169ms
[2020-01-29T21:53:11.326+0300][357.227s][info][gc] GC(3828) Pause Young (Allocation Failure) 90M->90M(228M) 115.206ms
[2020-01-29T21:53:11.450+0300][357.351s][info][gc] GC(3829) Pause Young (Allocation Failure) 119M->119M(228M) 120.519ms
[2020-01-29T21:53:11.549+0300][357.450s][info][gc] GC(3830) Pause Young (Allocation Failure) 168M->168M(228M) 84.727ms
[2020-01-29T21:53:11.607+0300][357.508s][info][gc] GC(3831) Pause Full (Ergonomics) 168M->34M(228M) 57.610ms
[2020-01-29T21:53:11.667+0300][357.569s][info][gc] GC(3832) Pause Young (Allocation Failure) 63M->63M(228M) 57.097ms
[2020-01-29T21:53:11.785+0300][357.686s][info][gc] GC(3833) Pause Young (Allocation Failure) 92M->92M(228M) 113.040ms
[2020-01-29T21:53:11.904+0300][357.806s][info][gc] GC(3834) Pause Young (Allocation Failure) 121M->121M(228M) 115.648ms
[2020-01-29T21:53:11.995+0300][357.896s][info][gc] GC(3835) Pause Young (Allocation Failure) 169M->169M(228M) 75.548ms
[2020-01-29T21:53:12.056+0300][357.958s][info][gc] GC(3836) Pause Full (Ergonomics) 169M->35M(228M) 62.184ms
[2020-01-29T21:53:12.124+0300][358.026s][info][gc] GC(3837) Pause Young (Allocation Failure) 64M->64M(228M) 63.809ms
[2020-01-29T21:53:12.234+0300][358.136s][info][gc] GC(3838) Pause Young (Allocation Failure) 93M->93M(228M) 105.904ms
[2020-01-29T21:53:12.347+0300][358.249s][info][gc] GC(3839) Pause Young (Allocation Failure) 122M->122M(228M) 109.365ms
[2020-01-29T21:53:12.456+0300][358.358s][info][gc] GC(3840) Pause Young (Allocation Failure) 170M->170M(228M) 91.033ms
[2020-01-29T21:53:12.524+0300][358.427s][info][gc] GC(3841) Pause Full (Ergonomics) 170M->36M(228M) 68.624ms
[2020-01-29T21:53:12.583+0300][358.485s][info][gc] GC(3842) Pause Young (Allocation Failure) 65M->65M(228M) 54.474ms
[2020-01-29T21:53:12.684+0300][358.589s][info][gc] GC(3843) Pause Young (Allocation Failure) 94M->94M(228M) 99.992ms
[2020-01-29T21:53:12.803+0300][358.707s][info][gc] GC(3844) Pause Young (Allocation Failure) 123M->123M(228M) 113.830ms
[2020-01-29T21:53:12.898+0300][358.801s][info][gc] GC(3845) Pause Young (Allocation Failure) 171M->171M(228M) 73.729ms
[2020-01-29T21:53:12.968+0300][358.871s][info][gc] GC(3846) Pause Full (Ergonomics) 171M->37M(228M) 69.594ms
[2020-01-29T21:53:13.028+0300][358.934s][info][gc] GC(3847) Pause Young (Allocation Failure) 66M->66M(228M) 59.909ms
[2020-01-29T21:53:13.148+0300][359.052s][info][gc] GC(3848) Pause Young (Allocation Failure) 95M->95M(228M) 114.022ms
[2020-01-29T21:53:13.263+0300][359.165s][info][gc] GC(3849) Pause Young (Allocation Failure) 124M->124M(228M) 109.895ms
[2020-01-29T21:53:13.373+0300][359.279s][info][gc] GC(3850) Pause Young (Allocation Failure) 172M->173M(228M) 101.684ms
[2020-01-29T21:53:13.468+0300][359.369s][info][gc] GC(3851) Pause Full (Ergonomics) 173M->39M(228M) 90.341ms
[2020-01-29T21:53:13.533+0300][359.435s][info][gc] GC(3852) Pause Young (Allocation Failure) 68M->68M(228M) 61.751ms
[2020-01-29T21:53:13.648+0300][359.553s][info][gc] GC(3853) Pause Young (Allocation Failure) 97M->97M(228M) 114.414ms
[2020-01-29T21:53:13.768+0300][359.671s][info][gc] GC(3854) Pause Young (Allocation Failure) 126M->126M(228M) 114.423ms
[2020-01-29T21:53:13.853+0300][359.757s][info][gc] GC(3855) Pause Young (Allocation Failure) 155M->155M(228M) 76.637ms
[2020-01-29T21:53:13.863+0300][359.766s][info][gc] GC(3856) Pause Full (Ergonomics) 155M->21M(228M) 9.516ms
[2020-01-29T21:53:13.928+0300][359.831s][info][gc] GC(3857) Pause Young (Allocation Failure) 50M->50M(228M) 60.549ms
[2020-01-29T21:53:14.038+0300][359.943s][info][gc] GC(3858) Pause Young (Allocation Failure) 79M->79M(228M) 109.191ms
[2020-01-29T21:53:14.158+0300][360.060s][info][gc] GC(3859) Pause Young (Allocation Failure) 108M->108M(228M) 113.118ms
[2020-01-29T21:53:14.298+0300][360.204s][info][gc] GC(3860) Pause Young (Allocation Failure) 156M->156M(228M) 123.971ms
[2020-01-29T21:53:14.318+0300][360.221s][info][gc] GC(3861) Pause Full (Ergonomics) 156M->22M(228M) 17.244ms
[2020-01-29T21:53:14.384+0300][360.285s][info][gc] GC(3862) Pause Young (Allocation Failure) 51M->51M(228M) 60.387ms
[2020-01-29T21:53:14.498+0300][360.401s][info][gc] GC(3863) Pause Young (Allocation Failure) 80M->80M(228M) 111.553ms
[2020-01-29T21:53:14.613+0300][360.516s][info][gc] GC(3864) Pause Young (Allocation Failure) 109M->109M(228M) 111.476ms
[2020-01-29T21:53:14.768+0300][360.673s][info][gc] GC(3865) Pause Young (Allocation Failure) 157M->157M(228M) 132.359ms
[2020-01-29T21:53:14.798+0300][360.700s][info][gc] GC(3866) Pause Full (Ergonomics) 157M->23M(228M) 27.482ms
[2020-01-29T21:53:14.858+0300][360.761s][info][gc] GC(3867) Pause Young (Allocation Failure) 52M->52M(228M) 56.378ms
[2020-01-29T21:53:14.974+0300][360.879s][info][gc] GC(3868) Pause Young (Allocation Failure) 81M->81M(228M) 115.130ms
[2020-01-29T21:53:15.095+0300][360.996s][info][gc] GC(3869) Pause Young (Allocation Failure) 110M->110M(228M) 113.279ms
[2020-01-29T21:53:15.233+0300][361.135s][info][gc] GC(3870) Pause Young (Allocation Failure) 158M->158M(228M) 123.181ms
[2020-01-29T21:53:15.268+0300][361.170s][info][gc] GC(3871) Pause Full (Ergonomics) 158M->24M(228M) 34.772ms
[2020-01-29T21:53:15.334+0300][361.235s][info][gc] GC(3872) Pause Young (Allocation Failure) 53M->53M(228M) 62.200ms
[2020-01-29T21:53:15.450+0300][361.352s][info][gc] GC(3873) Pause Young (Allocation Failure) 82M->82M(228M) 112.854ms
[2020-01-29T21:53:15.569+0300][361.471s][info][gc] GC(3874) Pause Young (Allocation Failure) 111M->112M(228M) 115.199ms
[2020-01-29T21:53:15.684+0300][361.586s][info][gc] GC(3875) Pause Young (Allocation Failure) 160M->160M(228M) 100.811ms
[2020-01-29T21:53:15.716+0300][361.618s][info][gc] GC(3876) Pause Full (Ergonomics) 160M->26M(228M) 31.163ms
[2020-01-29T21:53:15.782+0300][361.684s][info][gc] GC(3877) Pause Young (Allocation Failure) 55M->55M(228M) 62.922ms
[2020-01-29T21:53:15.901+0300][361.802s][info][gc] GC(3878) Pause Young (Allocation Failure) 84M->84M(228M) 114.324ms
[2020-01-29T21:53:16.018+0300][361.919s][info][gc] GC(3879) Pause Young (Allocation Failure) 113M->113M(228M) 112.869ms
[2020-01-29T21:53:16.131+0300][362.033s][info][gc] GC(3880) Pause Young (Allocation Failure) 161M->161M(228M) 98.577ms
[2020-01-29T21:53:16.165+0300][362.066s][info][gc] GC(3881) Pause Full (Ergonomics) 161M->27M(228M) 33.786ms
[2020-01-29T21:53:16.229+0300][362.131s][info][gc] GC(3882) Pause Young (Allocation Failure) 56M->56M(228M) 60.322ms
[2020-01-29T21:53:16.347+0300][362.249s][info][gc] GC(3883) Pause Young (Allocation Failure) 85M->85M(228M) 114.499ms
[2020-01-29T21:53:16.476+0300][362.378s][info][gc] GC(3884) Pause Young (Allocation Failure) 114M->114M(228M) 125.949ms
[2020-01-29T21:53:16.588+0300][362.489s][info][gc] GC(3885) Pause Young (Allocation Failure) 162M->162M(228M) 96.625ms
[2020-01-29T21:53:16.624+0300][362.526s][info][gc] GC(3886) Pause Full (Ergonomics) 162M->28M(228M) 36.089ms
[2020-01-29T21:53:16.691+0300][362.592s][info][gc] GC(3887) Pause Young (Allocation Failure) 57M->57M(228M) 62.771ms
[2020-01-29T21:53:16.808+0300][362.710s][info][gc] GC(3888) Pause Young (Allocation Failure) 86M->86M(228M) 114.046ms
[2020-01-29T21:53:16.924+0300][362.825s][info][gc] GC(3889) Pause Young (Allocation Failure) 115M->115M(228M) 111.573ms
[2020-01-29T21:53:17.030+0300][362.932s][info][gc] GC(3890) Pause Young (Allocation Failure) 163M->163M(228M) 92.551ms
[2020-01-29T21:53:17.073+0300][362.974s][info][gc] GC(3891) Pause Full (Ergonomics) 163M->30M(228M) 41.767ms
[2020-01-29T21:53:17.138+0300][363.039s][info][gc] GC(3892) Pause Young (Allocation Failure) 59M->59M(228M) 61.828ms
[2020-01-29T21:53:17.257+0300][363.159s][info][gc] GC(3893) Pause Young (Allocation Failure) 88M->87M(228M) 115.766ms
[2020-01-29T21:53:17.381+0300][363.283s][info][gc] GC(3894) Pause Young (Allocation Failure) 116M->117M(228M) 120.659ms
[2020-01-29T21:53:17.487+0300][363.388s][info][gc] GC(3895) Pause Young (Allocation Failure) 165M->165M(228M) 89.995ms
[2020-01-29T21:53:17.533+0300][363.435s][info][gc] GC(3896) Pause Full (Ergonomics) 165M->31M(228M) 46.445ms
[2020-01-29T21:53:17.600+0300][363.501s][info][gc] GC(3897) Pause Young (Allocation Failure) 60M->60M(228M) 63.005ms
[2020-01-29T21:53:17.722+0300][363.623s][info][gc] GC(3898) Pause Young (Allocation Failure) 89M->89M(228M) 118.166ms
[2020-01-29T21:53:17.837+0300][363.738s][info][gc] GC(3899) Pause Young (Allocation Failure) 118M->118M(228M) 111.516ms
[2020-01-29T21:53:17.939+0300][363.840s][info][gc] GC(3900) Pause Young (Allocation Failure) 166M->166M(228M) 86.691ms
[2020-01-29T21:53:17.988+0300][363.889s][info][gc] GC(3901) Pause Full (Ergonomics) 166M->32M(228M) 49.014ms
[2020-01-29T21:53:18.054+0300][363.955s][info][gc] GC(3902) Pause Young (Allocation Failure) 61M->61M(228M) 62.783ms
[2020-01-29T21:53:18.171+0300][364.072s][info][gc] GC(3903) Pause Young (Allocation Failure) 90M->90M(228M) 113.419ms
[2020-01-29T21:53:18.291+0300][364.192s][info][gc] GC(3904) Pause Young (Allocation Failure) 119M->119M(228M) 115.897ms
[2020-01-29T21:53:18.385+0300][364.287s][info][gc] GC(3905) Pause Young (Allocation Failure) 167M->167M(228M) 80.389ms
[2020-01-29T21:53:18.441+0300][364.343s][info][gc] GC(3906) Pause Full (Ergonomics) 167M->33M(228M) 55.409ms
[2020-01-29T21:53:18.507+0300][364.408s][info][gc] GC(3907) Pause Young (Allocation Failure) 62M->62M(228M) 61.850ms
[2020-01-29T21:53:18.623+0300][364.524s][info][gc] GC(3908) Pause Young (Allocation Failure) 91M->91M(228M) 112.510ms
[2020-01-29T21:53:18.735+0300][364.636s][info][gc] GC(3909) Pause Young (Allocation Failure) 120M->120M(228M) 108.596ms
[2020-01-29T21:53:18.826+0300][364.727s][info][gc] GC(3910) Pause Young (Allocation Failure) 168M->168M(228M) 77.082ms
[2020-01-29T21:53:18.890+0300][364.791s][info][gc] GC(3911) Pause Full (Ergonomics) 168M->34M(228M) 64.091ms
[2020-01-29T21:53:18.949+0300][364.851s][info][gc] GC(3912) Pause Young (Allocation Failure) 63M->63M(228M) 55.853ms
[2020-01-29T21:53:19.067+0300][364.969s][info][gc] GC(3913) Pause Young (Allocation Failure) 92M->93M(228M) 114.194ms
[2020-01-29T21:53:19.187+0300][365.088s][info][gc] GC(3914) Pause Young (Allocation Failure) 122M->122M(228M) 115.321ms
[2020-01-29T21:53:19.278+0300][365.180s][info][gc] GC(3915) Pause Young (Allocation Failure) 170M->170M(228M) 76.553ms
[2020-01-29T21:53:19.342+0300][365.244s][info][gc] GC(3916) Pause Full (Ergonomics) 170M->36M(228M) 63.893ms
[2020-01-29T21:53:19.407+0300][365.309s][info][gc] GC(3917) Pause Young (Allocation Failure) 65M->65M(228M) 61.592ms
[2020-01-29T21:53:19.525+0300][365.426s][info][gc] GC(3918) Pause Young (Allocation Failure) 94M->94M(228M) 113.921ms
[2020-01-29T21:53:19.643+0300][365.545s][info][gc] GC(3919) Pause Young (Allocation Failure) 123M->123M(228M) 115.363ms
[2020-01-29T21:53:19.733+0300][365.635s][info][gc] GC(3920) Pause Young (Allocation Failure) 171M->171M(228M) 74.478ms
[2020-01-29T21:53:19.803+0300][365.704s][info][gc] GC(3921) Pause Full (Ergonomics) 171M->37M(228M) 69.447ms
[2020-01-29T21:53:19.865+0300][365.766s][info][gc] GC(3922) Pause Young (Allocation Failure) 66M->66M(228M) 58.410ms
[2020-01-29T21:53:19.986+0300][365.887s][info][gc] GC(3923) Pause Young (Allocation Failure) 95M->95M(228M) 117.273ms
[2020-01-29T21:53:20.104+0300][366.006s][info][gc] GC(3924) Pause Young (Allocation Failure) 124M->124M(228M) 114.773ms
[2020-01-29T21:53:20.191+0300][366.092s][info][gc] GC(3925) Pause Young (Allocation Failure) 172M->172M(228M) 71.911ms
[2020-01-29T21:53:20.263+0300][366.164s][info][gc] GC(3926) Pause Full (Ergonomics) 172M->38M(228M) 72.189ms
[2020-01-29T21:53:20.331+0300][366.232s][info][gc] GC(3927) Pause Young (Allocation Failure) 67M->67M(228M) 63.840ms
[2020-01-29T21:53:20.449+0300][366.351s][info][gc] GC(3928) Pause Young (Allocation Failure) 96M->96M(228M) 115.629ms
[2020-01-29T21:53:20.571+0300][366.473s][info][gc] GC(3929) Pause Young (Allocation Failure) 125M->125M(228M) 117.814ms
[2020-01-29T21:53:20.656+0300][366.557s][info][gc] GC(3930) Pause Young (Allocation Failure) 173M->173M(228M) 70.059ms
[2020-01-29T21:53:20.732+0300][366.633s][info][gc] GC(3931) Pause Full (Ergonomics) 173M->39M(228M) 75.650ms
[2020-01-29T21:53:20.798+0300][366.700s][info][gc] GC(3932) Pause Young (Allocation Failure) 68M->68M(228M) 62.892ms
[2020-01-29T21:53:20.914+0300][366.816s][info][gc] GC(3933) Pause Young (Allocation Failure) 97M->97M(228M) 112.266ms
[2020-01-29T21:53:21.032+0300][366.933s][info][gc] GC(3934) Pause Young (Allocation Failure) 126M->127M(228M) 113.602ms
[2020-01-29T21:53:21.123+0300][367.025s][info][gc] GC(3935) Pause Young (Allocation Failure) 156M->156M(228M) 79.130ms
[2020-01-29T21:53:21.135+0300][367.037s][info][gc] GC(3936) Pause Full (Ergonomics) 156M->22M(228M) 11.825ms
[2020-01-29T21:53:21.200+0300][367.102s][info][gc] GC(3937) Pause Young (Allocation Failure) 51M->51M(228M) 61.568ms
[2020-01-29T21:53:21.316+0300][367.218s][info][gc] GC(3938) Pause Young (Allocation Failure) 80M->80M(228M) 112.148ms
[2020-01-29T21:53:21.435+0300][367.336s][info][gc] GC(3939) Pause Young (Allocation Failure) 109M->109M(228M) 114.655ms
[2020-01-29T21:53:21.571+0300][367.473s][info][gc] GC(3940) Pause Young (Allocation Failure) 157M->157M(228M) 122.365ms
[2020-01-29T21:53:21.595+0300][367.497s][info][gc] GC(3941) Pause Full (Ergonomics) 157M->23M(228M) 23.580ms
[2020-01-29T21:53:21.662+0300][367.564s][info][gc] GC(3942) Pause Young (Allocation Failure) 52M->52M(228M) 63.658ms
[2020-01-29T21:53:21.783+0300][367.684s][info][gc] GC(3943) Pause Young (Allocation Failure) 81M->81M(228M) 116.138ms
[2020-01-29T21:53:21.899+0300][367.801s][info][gc] GC(3944) Pause Young (Allocation Failure) 110M->110M(228M) 113.307ms
[2020-01-29T21:53:22.021+0300][367.922s][info][gc] GC(3945) Pause Young (Allocation Failure) 158M->158M(228M) 106.756ms
[2020-01-29T21:53:22.040+0300][367.941s][info][gc] GC(3946) Pause Full (Ergonomics) 158M->24M(228M) 18.838ms
[2020-01-29T21:53:22.106+0300][368.008s][info][gc] GC(3947) Pause Young (Allocation Failure) 53M->53M(228M) 62.846ms
[2020-01-29T21:53:22.233+0300][368.135s][info][gc] GC(3948) Pause Young (Allocation Failure) 82M->82M(228M) 123.537ms
[2020-01-29T21:53:22.350+0300][368.251s][info][gc] GC(3949) Pause Young (Allocation Failure) 111M->111M(228M) 112.817ms
[2020-01-29T21:53:22.467+0300][368.368s][info][gc] GC(3950) Pause Young (Allocation Failure) 159M->159M(228M) 101.511ms
[2020-01-29T21:53:22.493+0300][368.396s][info][gc] GC(3951) Pause Full (Ergonomics) 159M->25M(228M) 27.677ms
[2020-01-29T21:53:22.558+0300][368.459s][info][gc] GC(3952) Pause Young (Allocation Failure) 54M->54M(228M) 60.137ms
[2020-01-29T21:53:22.673+0300][368.574s][info][gc] GC(3953) Pause Young (Allocation Failure) 83M->83M(228M) 111.138ms
[2020-01-29T21:53:22.788+0300][368.693s][info][gc] GC(3954) Pause Young (Allocation Failure) 112M->112M(228M) 115.435ms
[2020-01-29T21:53:22.898+0300][368.802s][info][gc] GC(3955) Pause Young (Allocation Failure) 161M->161M(228M) 96.188ms
[2020-01-29T21:53:22.934+0300][368.835s][info][gc] GC(3956) Pause Full (Ergonomics) 161M->27M(228M) 33.720ms
[2020-01-29T21:53:22.998+0300][368.902s][info][gc] GC(3957) Pause Young (Allocation Failure) 56M->56M(228M) 62.570ms
[2020-01-29T21:53:23.120+0300][369.021s][info][gc] GC(3958) Pause Young (Allocation Failure) 85M->85M(228M) 114.849ms
[2020-01-29T21:53:23.237+0300][369.139s][info][gc] GC(3959) Pause Young (Allocation Failure) 114M->114M(228M) 114.872ms
[2020-01-29T21:53:23.348+0300][369.249s][info][gc] GC(3960) Pause Young (Allocation Failure) 162M->162M(228M) 95.173ms
[2020-01-29T21:53:23.384+0300][369.285s][info][gc] GC(3961) Pause Full (Ergonomics) 162M->28M(228M) 36.506ms
[2020-01-29T21:53:23.450+0300][369.351s][info][gc] GC(3962) Pause Young (Allocation Failure) 57M->57M(228M) 61.947ms
[2020-01-29T21:53:23.566+0300][369.468s][info][gc] GC(3963) Pause Young (Allocation Failure) 86M->86M(228M) 113.673ms
[2020-01-29T21:53:23.688+0300][369.589s][info][gc] GC(3964) Pause Young (Allocation Failure) 115M->115M(228M) 116.883ms
[2020-01-29T21:53:23.793+0300][369.694s][info][gc] GC(3965) Pause Young (Allocation Failure) 163M->163M(228M) 91.289ms
[2020-01-29T21:53:23.835+0300][369.737s][info][gc] GC(3966) Pause Full (Ergonomics) 163M->29M(228M) 42.014ms
[2020-01-29T21:53:23.901+0300][369.803s][info][gc] GC(3967) Pause Young (Allocation Failure) 58M->58M(228M) 62.473ms
[2020-01-29T21:53:24.019+0300][369.920s][info][gc] GC(3968) Pause Young (Allocation Failure) 87M->87M(228M) 113.273ms
[2020-01-29T21:53:24.137+0300][370.039s][info][gc] GC(3969) Pause Young (Allocation Failure) 116M->116M(228M) 115.314ms
[2020-01-29T21:53:24.240+0300][370.141s][info][gc] GC(3970) Pause Young (Allocation Failure) 164M->164M(228M) 87.749ms
[2020-01-29T21:53:24.285+0300][370.187s][info][gc] GC(3971) Pause Full (Ergonomics) 164M->30M(228M) 45.567ms
[2020-01-29T21:53:24.350+0300][370.251s][info][gc] GC(3972) Pause Young (Allocation Failure) 59M->59M(228M) 60.747ms
[2020-01-29T21:53:24.468+0300][370.369s][info][gc] GC(3973) Pause Young (Allocation Failure) 88M->88M(228M) 114.482ms
[2020-01-29T21:53:24.590+0300][370.492s][info][gc] GC(3974) Pause Young (Allocation Failure) 117M->117M(228M) 119.066ms
[2020-01-29T21:53:24.735+0300][370.636s][info][gc] GC(3975) Pause Young (Allocation Failure) 166M->166M(228M) 130.312ms
[2020-01-29T21:53:24.798+0300][370.699s][info][gc] GC(3976) Pause Full (Ergonomics) 166M->32M(228M) 62.133ms
[2020-01-29T21:53:24.863+0300][370.765s][info][gc] GC(3977) Pause Young (Allocation Failure) 61M->61M(228M) 62.614ms
[2020-01-29T21:53:24.982+0300][370.884s][info][gc] GC(3978) Pause Young (Allocation Failure) 90M->90M(228M) 115.177ms
[2020-01-29T21:53:25.101+0300][371.002s][info][gc] GC(3979) Pause Young (Allocation Failure) 119M->119M(228M) 114.553ms
[2020-01-29T21:53:25.198+0300][371.099s][info][gc] GC(3980) Pause Young (Allocation Failure) 167M->167M(228M) 81.672ms
[2020-01-29T21:53:25.260+0300][371.162s][info][gc] GC(3981) Pause Full (Ergonomics) 167M->33M(228M) 62.941ms
[2020-01-29T21:53:25.326+0300][371.227s][info][gc] GC(3982) Pause Young (Allocation Failure) 62M->62M(228M) 61.910ms
[2020-01-29T21:53:25.444+0300][371.346s][info][gc] GC(3983) Pause Young (Allocation Failure) 91M->91M(228M) 115.096ms
[2020-01-29T21:53:25.570+0300][371.471s][info][gc] GC(3984) Pause Young (Allocation Failure) 120M->120M(228M) 121.732ms
[2020-01-29T21:53:25.706+0300][371.607s][info][gc] GC(3985) Pause Young (Allocation Failure) 168M->168M(228M) 121.582ms
[2020-01-29T21:53:25.778+0300][371.679s][info][gc] GC(3986) Pause Full (Ergonomics) 168M->34M(228M) 72.012ms
[2020-01-29T21:53:25.844+0300][371.745s][info][gc] GC(3987) Pause Young (Allocation Failure) 63M->63M(228M) 62.194ms
[2020-01-29T21:53:25.962+0300][371.864s][info][gc] GC(3988) Pause Young (Allocation Failure) 92M->92M(228M) 115.019ms
[2020-01-29T21:53:26.076+0300][371.977s][info][gc] GC(3989) Pause Young (Allocation Failure) 121M->121M(228M) 109.698ms
[2020-01-29T21:53:26.215+0300][372.117s][info][gc] GC(3990) Pause Young (Allocation Failure) 169M->169M(228M) 125.371ms
[2020-01-29T21:53:26.295+0300][372.196s][info][gc] GC(3991) Pause Full (Ergonomics) 169M->35M(228M) 79.100ms
[2020-01-29T21:53:26.361+0300][372.262s][info][gc] GC(3992) Pause Young (Allocation Failure) 64M->64M(228M) 62.303ms
[2020-01-29T21:53:26.480+0300][372.382s][info][gc] GC(3993) Pause Young (Allocation Failure) 93M->93M(228M) 115.990ms
[2020-01-29T21:53:26.600+0300][372.501s][info][gc] GC(3994) Pause Young (Allocation Failure) 122M->122M(228M) 115.984ms
[2020-01-29T21:53:26.738+0300][372.640s][info][gc] GC(3995) Pause Young (Allocation Failure) 170M->171M(228M) 123.998ms
[2020-01-29T21:53:26.821+0300][372.723s][info][gc] GC(3996) Pause Full (Ergonomics) 171M->37M(228M) 82.803ms
[2020-01-29T21:53:26.887+0300][372.788s][info][gc] GC(3997) Pause Young (Allocation Failure) 66M->66M(228M) 61.853ms
[2020-01-29T21:53:27.006+0300][372.907s][info][gc] GC(3998) Pause Young (Allocation Failure) 95M->95M(228M) 115.458ms
[2020-01-29T21:53:27.123+0300][373.025s][info][gc] GC(3999) Pause Young (Allocation Failure) 124M->124M(228M) 113.760ms
[2020-01-29T21:53:27.262+0300][373.164s][info][gc] GC(4000) Pause Young (Allocation Failure) 172M->172M(228M) 124.486ms
[2020-01-29T21:53:27.351+0300][373.252s][info][gc] GC(4001) Pause Full (Ergonomics) 172M->38M(228M) 88.520ms
[2020-01-29T21:53:27.416+0300][373.317s][info][gc] GC(4002) Pause Young (Allocation Failure) 67M->67M(228M) 61.346ms
[2020-01-29T21:53:27.540+0300][373.442s][info][gc] GC(4003) Pause Young (Allocation Failure) 96M->96M(228M) 120.429ms
[2020-01-29T21:53:27.658+0300][373.560s][info][gc] GC(4004) Pause Young (Allocation Failure) 125M->125M(228M) 114.636ms
[2020-01-29T21:53:27.742+0300][373.643s][info][gc] GC(4005) Pause Young (Allocation Failure) 173M->173M(228M) 68.503ms
[2020-01-29T21:53:27.817+0300][373.718s][info][gc] GC(4006) Pause Full (Ergonomics) 173M->39M(228M) 74.611ms
[2020-01-29T21:53:27.882+0300][373.784s][info][gc] GC(4007) Pause Young (Allocation Failure) 68M->68M(228M) 62.047ms
[2020-01-29T21:53:28.003+0300][373.905s][info][gc] GC(4008) Pause Young (Allocation Failure) 97M->97M(228M) 116.843ms
[2020-01-29T21:53:28.121+0300][374.022s][info][gc] GC(4009) Pause Young (Allocation Failure) 126M->126M(228M) 113.676ms
[2020-01-29T21:53:28.211+0300][374.112s][info][gc] GC(4010) Pause Young (Allocation Failure) 155M->155M(228M) 77.896ms
[2020-01-29T21:53:28.221+0300][374.123s][info][gc] GC(4011) Pause Full (Ergonomics) 155M->22M(228M) 10.786ms
[2020-01-29T21:53:28.288+0300][374.190s][info][gc] GC(4012) Pause Young (Allocation Failure) 51M->50M(228M) 63.072ms
[2020-01-29T21:53:28.406+0300][374.307s][info][gc] GC(4013) Pause Young (Allocation Failure) 79M->80M(228M) 113.395ms
[2020-01-29T21:53:28.523+0300][374.424s][info][gc] GC(4014) Pause Young (Allocation Failure) 109M->109M(228M) 113.113ms
[2020-01-29T21:53:28.651+0300][374.552s][info][gc] GC(4015) Pause Young (Allocation Failure) 157M->157M(228M) 113.945ms
[2020-01-29T21:53:28.670+0300][374.571s][info][gc] GC(4016) Pause Full (Ergonomics) 157M->22M(228M) 18.290ms
[2020-01-29T21:53:28.736+0300][374.638s][info][gc] GC(4017) Pause Young (Allocation Failure) 51M->51M(228M) 63.359ms
[2020-01-29T21:53:28.846+0300][374.748s][info][gc] GC(4018) Pause Young (Allocation Failure) 80M->81M(228M) 106.697ms
[2020-01-29T21:53:28.963+0300][374.864s][info][gc] GC(4019) Pause Young (Allocation Failure) 110M->110M(228M) 112.864ms
[2020-01-29T21:53:29.098+0300][374.999s][info][gc] GC(4020) Pause Young (Allocation Failure) 158M->158M(228M) 119.709ms
[2020-01-29T21:53:29.123+0300][375.025s][info][gc] GC(4021) Pause Full (Ergonomics) 158M->24M(228M) 25.584ms
[2020-01-29T21:53:29.189+0300][375.090s][info][gc] GC(4022) Pause Young (Allocation Failure) 53M->53M(228M) 61.584ms
[2020-01-29T21:53:29.307+0300][375.208s][info][gc] GC(4023) Pause Young (Allocation Failure) 82M->82M(228M) 113.819ms
[2020-01-29T21:53:29.420+0300][375.321s][info][gc] GC(4024) Pause Young (Allocation Failure) 111M->111M(228M) 110.154ms
[2020-01-29T21:53:29.542+0300][375.443s][info][gc] GC(4025) Pause Young (Allocation Failure) 159M->159M(228M) 106.900ms
[2020-01-29T21:53:29.568+0300][375.469s][info][gc] GC(4026) Pause Full (Ergonomics) 159M->25M(228M) 25.591ms
[2020-01-29T21:53:29.634+0300][375.535s][info][gc] GC(4027) Pause Young (Allocation Failure) 54M->54M(228M) 62.718ms
[2020-01-29T21:53:29.751+0300][375.653s][info][gc] GC(4028) Pause Young (Allocation Failure) 83M->83M(228M) 114.214ms
[2020-01-29T21:53:29.873+0300][375.774s][info][gc] GC(4029) Pause Young (Allocation Failure) 112M->112M(228M) 116.867ms
[2020-01-29T21:53:29.986+0300][375.887s][info][gc] GC(4030) Pause Young (Allocation Failure) 160M->160M(228M) 99.538ms
[2020-01-29T21:53:30.017+0300][375.919s][info][gc] GC(4031) Pause Full (Ergonomics) 160M->26M(228M) 31.310ms
[2020-01-29T21:53:30.087+0300][375.989s][info][gc] GC(4032) Pause Young (Allocation Failure) 55M->55M(228M) 66.024ms
[2020-01-29T21:53:30.208+0300][376.109s][info][gc] GC(4033) Pause Young (Allocation Failure) 84M->84M(228M) 116.272ms
[2020-01-29T21:53:30.322+0300][376.223s][info][gc] GC(4034) Pause Young (Allocation Failure) 113M->113M(228M) 111.091ms
[2020-01-29T21:53:30.433+0300][376.334s][info][gc] GC(4035) Pause Young (Allocation Failure) 161M->161M(228M) 96.754ms
[2020-01-29T21:53:30.471+0300][376.372s][info][gc] GC(4036) Pause Full (Ergonomics) 161M->27M(228M) 37.773ms
[2020-01-29T21:53:30.535+0300][376.437s][info][gc] GC(4037) Pause Young (Allocation Failure) 56M->56M(228M) 61.289ms
[2020-01-29T21:53:30.655+0300][376.556s][info][gc] GC(4038) Pause Young (Allocation Failure) 85M->85M(228M) 115.504ms
[2020-01-29T21:53:30.781+0300][376.682s][info][gc] GC(4039) Pause Young (Allocation Failure) 114M->115M(228M) 122.288ms
[2020-01-29T21:53:30.890+0300][376.792s][info][gc] GC(4040) Pause Young (Allocation Failure) 163M->163M(228M) 94.996ms
[2020-01-29T21:53:30.931+0300][376.833s][info][gc] GC(4041) Pause Full (Ergonomics) 163M->29M(228M) 40.586ms
[2020-01-29T21:53:30.999+0300][376.901s][info][gc] GC(4042) Pause Young (Allocation Failure) 58M->58M(228M) 63.944ms
[2020-01-29T21:53:31.111+0300][377.012s][info][gc] GC(4043) Pause Young (Allocation Failure) 87M->87M(228M) 108.046ms
[2020-01-29T21:53:31.228+0300][377.128s][info][gc] GC(4044) Pause Young (Allocation Failure) 116M->116M(228M) 112.462ms
[2020-01-29T21:53:31.330+0300][377.232s][info][gc] GC(4045) Pause Young (Allocation Failure) 164M->164M(228M) 88.392ms
[2020-01-29T21:53:31.374+0300][377.276s][info][gc] GC(4046) Pause Full (Ergonomics) 164M->30M(228M) 43.831ms
[2020-01-29T21:53:31.445+0300][377.346s][info][gc] GC(4047) Pause Young (Allocation Failure) 59M->59M(228M) 66.820ms
[2020-01-29T21:53:31.564+0300][377.465s][info][gc] GC(4048) Pause Young (Allocation Failure) 88M->88M(228M) 115.242ms
[2020-01-29T21:53:31.680+0300][377.581s][info][gc] GC(4049) Pause Young (Allocation Failure) 117M->117M(228M) 112.879ms
[2020-01-29T21:53:31.780+0300][377.681s][info][gc] GC(4050) Pause Young (Allocation Failure) 165M->165M(228M) 85.618ms
[2020-01-29T21:53:31.830+0300][377.731s][info][gc] GC(4051) Pause Full (Ergonomics) 165M->31M(228M) 49.978ms
[2020-01-29T21:53:31.897+0300][377.798s][info][gc] GC(4052) Pause Young (Allocation Failure) 60M->60M(228M) 63.345ms
[2020-01-29T21:53:32.015+0300][377.917s][info][gc] GC(4053) Pause Young (Allocation Failure) 89M->89M(228M) 114.725ms
[2020-01-29T21:53:32.130+0300][378.031s][info][gc] GC(4054) Pause Young (Allocation Failure) 118M->118M(228M) 110.851ms
[2020-01-29T21:53:32.227+0300][378.128s][info][gc] GC(4055) Pause Young (Allocation Failure) 166M->166M(228M) 82.503ms
[2020-01-29T21:53:32.280+0300][378.181s][info][gc] GC(4056) Pause Full (Ergonomics) 166M->32M(228M) 53.195ms
[2020-01-29T21:53:32.347+0300][378.248s][info][gc] GC(4057) Pause Young (Allocation Failure) 61M->61M(228M) 62.369ms
[2020-01-29T21:53:32.464+0300][378.365s][info][gc] GC(4058) Pause Young (Allocation Failure) 90M->90M(228M) 114.182ms
[2020-01-29T21:53:32.579+0300][378.481s][info][gc] GC(4059) Pause Young (Allocation Failure) 119M->120M(228M) 111.765ms
[2020-01-29T21:53:32.673+0300][378.574s][info][gc] GC(4060) Pause Young (Allocation Failure) 168M->168M(228M) 78.738ms
[2020-01-29T21:53:32.733+0300][378.634s][info][gc] GC(4061) Pause Full (Ergonomics) 168M->34M(228M) 59.554ms
[2020-01-29T21:53:32.802+0300][378.703s][info][gc] GC(4062) Pause Young (Allocation Failure) 63M->63M(228M) 65.561ms
[2020-01-29T21:53:32.919+0300][378.820s][info][gc] GC(4063) Pause Young (Allocation Failure) 92M->92M(228M) 112.887ms
[2020-01-29T21:53:33.038+0300][378.940s][info][gc] GC(4064) Pause Young (Allocation Failure) 121M->121M(228M) 116.257ms
[2020-01-29T21:53:33.131+0300][379.033s][info][gc] GC(4065) Pause Young (Allocation Failure) 169M->169M(228M) 78.037ms
[2020-01-29T21:53:33.187+0300][379.088s][info][gc] GC(4066) Pause Full (Ergonomics) 169M->35M(228M) 55.004ms
[2020-01-29T21:53:33.249+0300][379.150s][info][gc] GC(4067) Pause Young (Allocation Failure) 64M->64M(228M) 57.701ms
[2020-01-29T21:53:33.350+0300][379.252s][info][gc] GC(4068) Pause Young (Allocation Failure) 93M->93M(228M) 98.364ms
[2020-01-29T21:53:33.461+0300][379.362s][info][gc] GC(4069) Pause Young (Allocation Failure) 122M->122M(228M) 106.506ms
[2020-01-29T21:53:33.551+0300][379.453s][info][gc] GC(4070) Pause Young (Allocation Failure) 170M->170M(228M) 75.896ms
[2020-01-29T21:53:33.616+0300][379.518s][info][gc] GC(4071) Pause Full (Ergonomics) 170M->36M(228M) 64.386ms
[2020-01-29T21:53:33.680+0300][379.581s][info][gc] GC(4072) Pause Young (Allocation Failure) 65M->65M(228M) 59.873ms
[2020-01-29T21:53:33.798+0300][379.700s][info][gc] GC(4073) Pause Young (Allocation Failure) 94M->94M(228M) 115.434ms
[2020-01-29T21:53:33.920+0300][379.821s][info][gc] GC(4074) Pause Young (Allocation Failure) 123M->123M(228M) 117.800ms
[2020-01-29T21:53:34.008+0300][379.910s][info][gc] GC(4075) Pause Young (Allocation Failure) 171M->171M(228M) 73.998ms
[2020-01-29T21:53:34.081+0300][379.983s][info][gc] GC(4076) Pause Full (Ergonomics) 171M->37M(228M) 72.722ms
[2020-01-29T21:53:34.142+0300][380.043s][info][gc] GC(4077) Pause Young (Allocation Failure) 66M->66M(228M) 56.233ms
[2020-01-29T21:53:34.257+0300][380.159s][info][gc] GC(4078) Pause Young (Allocation Failure) 95M->95M(228M) 111.864ms
[2020-01-29T21:53:34.377+0300][380.278s][info][gc] GC(4079) Pause Young (Allocation Failure) 124M->124M(228M) 115.252ms
[2020-01-29T21:53:34.462+0300][380.363s][info][gc] GC(4080) Pause Young (Allocation Failure) 173M->173M(228M) 70.891ms
[2020-01-29T21:53:34.539+0300][380.440s][info][gc] GC(4081) Pause Full (Ergonomics) 173M->39M(228M) 76.319ms
[2020-01-29T21:53:34.606+0300][380.508s][info][gc] GC(4082) Pause Young (Allocation Failure) 68M->68M(228M) 64.465ms
[2020-01-29T21:53:34.726+0300][380.627s][info][gc] GC(4083) Pause Young (Allocation Failure) 97M->97M(228M) 115.965ms
[2020-01-29T21:53:34.845+0300][380.746s][info][gc] GC(4084) Pause Young (Allocation Failure) 126M->126M(228M) 115.405ms
[2020-01-29T21:53:34.939+0300][380.840s][info][gc] GC(4085) Pause Young (Allocation Failure) 155M->155M(228M) 81.120ms
[2020-01-29T21:53:34.948+0300][380.850s][info][gc] GC(4086) Pause Full (Ergonomics) 155M->21M(228M) 9.784ms
[2020-01-29T21:53:35.014+0300][380.916s][info][gc] GC(4087) Pause Young (Allocation Failure) 50M->50M(228M) 62.792ms
[2020-01-29T21:53:35.128+0300][381.030s][info][gc] GC(4088) Pause Young (Allocation Failure) 79M->79M(228M) 110.209ms
[2020-01-29T21:53:35.250+0300][381.152s][info][gc] GC(4089) Pause Young (Allocation Failure) 108M->108M(228M) 117.947ms
[2020-01-29T21:53:35.391+0300][381.292s][info][gc] GC(4090) Pause Young (Allocation Failure) 156M->156M(228M) 125.878ms
[2020-01-29T21:53:35.408+0300][381.310s][info][gc] GC(4091) Pause Full (Ergonomics) 156M->22M(228M) 17.653ms
[2020-01-29T21:53:35.473+0300][381.374s][info][gc] GC(4092) Pause Young (Allocation Failure) 51M->51M(228M) 60.408ms
[2020-01-29T21:53:35.584+0300][381.485s][info][gc] GC(4093) Pause Young (Allocation Failure) 80M->80M(228M) 107.640ms
[2020-01-29T21:53:35.705+0300][381.606s][info][gc] GC(4094) Pause Young (Allocation Failure) 109M->109M(228M) 116.958ms
[2020-01-29T21:53:35.843+0300][381.745s][info][gc] GC(4095) Pause Young (Allocation Failure) 157M->157M(228M) 124.008ms
[2020-01-29T21:53:35.868+0300][381.770s][info][gc] GC(4096) Pause Full (Ergonomics) 157M->23M(228M) 25.298ms
[2020-01-29T21:53:35.935+0300][381.837s][info][gc] GC(4097) Pause Young (Allocation Failure) 52M->52M(228M) 63.052ms
[2020-01-29T21:53:36.066+0300][381.968s][info][gc] GC(4098) Pause Young (Allocation Failure) 81M->81M(228M) 127.289ms
[2020-01-29T21:53:36.189+0300][382.091s][info][gc] GC(4099) Pause Young (Allocation Failure) 110M->110M(228M) 117.456ms
[2020-01-29T21:53:36.329+0300][382.230s][info][gc] GC(4100) Pause Young (Allocation Failure) 158M->159M(228M) 124.736ms
[2020-01-29T21:53:36.361+0300][382.263s][info][gc] GC(4101) Pause Full (Ergonomics) 159M->25M(228M) 32.685ms
[2020-01-29T21:53:36.428+0300][382.329s][info][gc] GC(4102) Pause Young (Allocation Failure) 54M->53M(228M) 62.441ms
[2020-01-29T21:53:36.548+0300][382.449s][info][gc] GC(4103) Pause Young (Allocation Failure) 82M->83M(228M) 116.386ms
[2020-01-29T21:53:36.676+0300][382.577s][info][gc] GC(4104) Pause Young (Allocation Failure) 112M->112M(228M) 124.066ms
[2020-01-29T21:53:36.815+0300][382.717s][info][gc] GC(4105) Pause Young (Allocation Failure) 160M->160M(228M) 124.925ms
[2020-01-29T21:53:36.854+0300][382.756s][info][gc] GC(4106) Pause Full (Ergonomics) 160M->26M(228M) 38.979ms
[2020-01-29T21:53:36.915+0300][382.816s][info][gc] GC(4107) Pause Young (Allocation Failure) 55M->55M(228M) 53.224ms
[2020-01-29T21:53:37.024+0300][382.925s][info][gc] GC(4108) Pause Young (Allocation Failure) 84M->84M(228M) 105.442ms
[2020-01-29T21:53:37.141+0300][383.043s][info][gc] GC(4109) Pause Young (Allocation Failure) 113M->113M(228M) 113.735ms
[2020-01-29T21:53:37.286+0300][383.188s][info][gc] GC(4110) Pause Young (Allocation Failure) 161M->161M(228M) 129.917ms
[2020-01-29T21:53:37.331+0300][383.233s][info][gc] GC(4111) Pause Full (Ergonomics) 161M->27M(228M) 45.185ms
[2020-01-29T21:53:37.397+0300][383.299s][info][gc] GC(4112) Pause Young (Allocation Failure) 56M->56M(228M) 61.678ms
[2020-01-29T21:53:37.517+0300][383.418s][info][gc] GC(4113) Pause Young (Allocation Failure) 85M->85M(228M) 116.081ms
[2020-01-29T21:53:37.630+0300][383.531s][info][gc] GC(4114) Pause Young (Allocation Failure) 114M->114M(228M) 109.112ms
[2020-01-29T21:53:37.737+0300][383.638s][info][gc] GC(4115) Pause Young (Allocation Failure) 162M->162M(228M) 93.303ms
[2020-01-29T21:53:37.772+0300][383.673s][info][gc] GC(4116) Pause Full (Ergonomics) 162M->28M(228M) 34.835ms
[2020-01-29T21:53:37.837+0300][383.738s][info][gc] GC(4117) Pause Young (Allocation Failure) 57M->57M(228M) 61.127ms
[2020-01-29T21:53:37.956+0300][383.857s][info][gc] GC(4118) Pause Young (Allocation Failure) 86M->86M(228M) 115.633ms
[2020-01-29T21:53:38.074+0300][383.976s][info][gc] GC(4119) Pause Young (Allocation Failure) 115M->115M(228M) 114.988ms
[2020-01-29T21:53:38.179+0300][384.081s][info][gc] GC(4120) Pause Young (Allocation Failure) 164M->164M(228M) 89.687ms
[2020-01-29T21:53:38.216+0300][384.117s][info][gc] GC(4121) Pause Full (Ergonomics) 164M->30M(228M) 36.109ms
[2020-01-29T21:53:38.282+0300][384.184s][info][gc] GC(4122) Pause Young (Allocation Failure) 59M->59M(228M) 63.136ms
[2020-01-29T21:53:38.400+0300][384.301s][info][gc] GC(4123) Pause Young (Allocation Failure) 88M->88M(228M) 112.950ms
[2020-01-29T21:53:38.520+0300][384.421s][info][gc] GC(4124) Pause Young (Allocation Failure) 117M->117M(228M) 117.028ms
[2020-01-29T21:53:38.621+0300][384.522s][info][gc] GC(4125) Pause Young (Allocation Failure) 165M->165M(228M) 86.373ms
[2020-01-29T21:53:38.667+0300][384.568s][info][gc] GC(4126) Pause Full (Ergonomics) 165M->31M(228M) 45.923ms
[2020-01-29T21:53:38.735+0300][384.636s][info][gc] GC(4127) Pause Young (Allocation Failure) 60M->60M(228M) 63.804ms
[2020-01-29T21:53:38.853+0300][384.754s][info][gc] GC(4128) Pause Young (Allocation Failure) 89M->89M(228M) 114.951ms
[2020-01-29T21:53:38.969+0300][384.870s][info][gc] GC(4129) Pause Young (Allocation Failure) 118M->118M(228M) 112.412ms
[2020-01-29T21:53:39.108+0300][385.010s][info][gc] GC(4130) Pause Young (Allocation Failure) 166M->166M(228M) 124.082ms
[2020-01-29T21:53:39.174+0300][385.076s][info][gc] GC(4131) Pause Full (Ergonomics) 166M->32M(228M) 66.145ms
[2020-01-29T21:53:39.234+0300][385.135s][info][gc] GC(4132) Pause Young (Allocation Failure) 61M->61M(228M) 55.062ms
[2020-01-29T21:53:39.352+0300][385.252s][info][gc] GC(4133) Pause Young (Allocation Failure) 90M->90M(228M) 113.772ms
[2020-01-29T21:53:39.469+0300][385.370s][info][gc] GC(4134) Pause Young (Allocation Failure) 119M->119M(228M) 114.321ms
[2020-01-29T21:53:39.564+0300][385.465s][info][gc] GC(4135) Pause Young (Allocation Failure) 167M->167M(228M) 80.135ms
[2020-01-29T21:53:39.616+0300][385.518s][info][gc] GC(4136) Pause Full (Ergonomics) 167M->33M(228M) 52.613ms
[2020-01-29T21:53:39.682+0300][385.583s][info][gc] GC(4137) Pause Young (Allocation Failure) 62M->62M(228M) 62.010ms
[2020-01-29T21:53:39.798+0300][385.700s][info][gc] GC(4138) Pause Young (Allocation Failure) 91M->91M(228M) 113.309ms
[2020-01-29T21:53:39.912+0300][385.813s][info][gc] GC(4139) Pause Young (Allocation Failure) 120M->120M(228M) 109.358ms
[2020-01-29T21:53:40.052+0300][385.953s][info][gc] GC(4140) Pause Young (Allocation Failure) 168M->169M(228M) 124.372ms
[2020-01-29T21:53:40.125+0300][386.027s][info][gc] GC(4141) Pause Full (Ergonomics) 169M->35M(228M) 73.889ms
[2020-01-29T21:53:40.188+0300][386.090s][info][gc] GC(4142) Pause Young (Allocation Failure) 64M->64M(228M) 59.017ms
[2020-01-29T21:53:40.307+0300][386.208s][info][gc] GC(4143) Pause Young (Allocation Failure) 93M->93M(228M) 115.191ms
[2020-01-29T21:53:40.423+0300][386.324s][info][gc] GC(4144) Pause Young (Allocation Failure) 122M->122M(228M) 111.724ms
[2020-01-29T21:53:40.512+0300][386.414s][info][gc] GC(4145) Pause Young (Allocation Failure) 170M->170M(228M) 76.145ms
[2020-01-29T21:53:40.573+0300][386.475s][info][gc] GC(4146) Pause Full (Ergonomics) 170M->36M(228M) 60.413ms
[2020-01-29T21:53:40.640+0300][386.542s][info][gc] GC(4147) Pause Young (Allocation Failure) 65M->65M(228M) 63.366ms
[2020-01-29T21:53:40.759+0300][386.660s][info][gc] GC(4148) Pause Young (Allocation Failure) 94M->94M(228M) 114.552ms
[2020-01-29T21:53:40.878+0300][386.780s][info][gc] GC(4149) Pause Young (Allocation Failure) 123M->123M(228M) 116.359ms
[2020-01-29T21:53:41.018+0300][386.919s][info][gc] GC(4150) Pause Young (Allocation Failure) 171M->171M(228M) 125.036ms
[2020-01-29T21:53:41.098+0300][387.000s][info][gc] GC(4151) Pause Full (Ergonomics) 171M->37M(228M) 80.733ms
[2020-01-29T21:53:41.159+0300][387.060s][info][gc] GC(4152) Pause Young (Allocation Failure) 66M->66M(228M) 56.613ms
[2020-01-29T21:53:41.280+0300][387.182s][info][gc] GC(4153) Pause Young (Allocation Failure) 95M->95M(228M) 117.500ms
[2020-01-29T21:53:41.395+0300][387.297s][info][gc] GC(4154) Pause Young (Allocation Failure) 124M->124M(228M) 111.561ms
[2020-01-29T21:53:41.482+0300][387.383s][info][gc] GC(4155) Pause Young (Allocation Failure) 172M->172M(228M) 71.657ms
[2020-01-29T21:53:41.555+0300][387.456s][info][gc] GC(4156) Pause Full (Ergonomics) 172M->38M(228M) 72.149ms
[2020-01-29T21:53:41.621+0300][387.522s][info][gc] GC(4157) Pause Young (Allocation Failure) 67M->67M(228M) 62.456ms
[2020-01-29T21:53:41.740+0300][387.641s][info][gc] GC(4158) Pause Young (Allocation Failure) 96M->96M(228M) 115.625ms
[2020-01-29T21:53:41.852+0300][387.753s][info][gc] GC(4159) Pause Young (Allocation Failure) 125M->125M(228M) 108.199ms
[2020-01-29T21:53:41.935+0300][387.836s][info][gc] GC(4160) Pause Young (Allocation Failure) 173M->173M(228M) 68.633ms
[2020-01-29T21:53:42.007+0300][387.908s][info][gc] GC(4161) Pause Full (Ergonomics) 173M->40M(228M) 72.014ms
[2020-01-29T21:53:42.073+0300][387.974s][info][gc] GC(4162) Pause Young (Allocation Failure) 69M->69M(228M) 62.139ms
[2020-01-29T21:53:42.187+0300][388.089s][info][gc] GC(4163) Pause Young (Allocation Failure) 98M->98M(228M) 110.298ms
[2020-01-29T21:53:42.305+0300][388.206s][info][gc] GC(4164) Pause Young (Allocation Failure) 127M->127M(228M) 113.714ms
[2020-01-29T21:53:42.395+0300][388.297s][info][gc] GC(4165) Pause Young (Allocation Failure) 156M->156M(228M) 78.486ms
[2020-01-29T21:53:42.406+0300][388.308s][info][gc] GC(4166) Pause Full (Ergonomics) 156M->22M(228M) 11.014ms
[2020-01-29T21:53:42.470+0300][388.372s][info][gc] GC(4167) Pause Young (Allocation Failure) 51M->51M(228M) 60.003ms
[2020-01-29T21:53:42.591+0300][388.493s][info][gc] GC(4168) Pause Young (Allocation Failure) 80M->80M(228M) 118.156ms
[2020-01-29T21:53:42.708+0300][388.609s][info][gc] GC(4169) Pause Young (Allocation Failure) 109M->109M(228M) 112.616ms
[2020-01-29T21:53:42.834+0300][388.735s][info][gc] GC(4170) Pause Young (Allocation Failure) 157M->157M(228M) 111.446ms
[2020-01-29T21:53:42.852+0300][388.754s][info][gc] GC(4171) Pause Full (Ergonomics) 157M->23M(228M) 18.086ms
[2020-01-29T21:53:42.919+0300][388.820s][info][gc] GC(4172) Pause Young (Allocation Failure) 52M->52M(228M) 62.557ms
[2020-01-29T21:53:43.038+0300][388.940s][info][gc] GC(4173) Pause Young (Allocation Failure) 81M->81M(228M) 116.606ms
[2020-01-29T21:53:43.154+0300][389.059s][info][gc] GC(4174) Pause Young (Allocation Failure) 110M->110M(228M) 115.649ms
[2020-01-29T21:53:43.288+0300][389.193s][info][gc] GC(4175) Pause Young (Allocation Failure) 158M->158M(228M) 106.900ms
[2020-01-29T21:53:43.314+0300][389.214s][info][gc] GC(4176) Pause Full (Ergonomics) 158M->24M(228M) 21.663ms
[2020-01-29T21:53:43.379+0300][389.283s][info][gc] GC(4177) Pause Young (Allocation Failure) 53M->53M(228M) 64.121ms
[2020-01-29T21:53:43.499+0300][389.400s][info][gc] GC(4178) Pause Young (Allocation Failure) 82M->82M(228M) 113.903ms
[2020-01-29T21:53:43.608+0300][389.512s][info][gc] GC(4179) Pause Young (Allocation Failure) 111M->111M(228M) 108.023ms
[2020-01-29T21:53:43.723+0300][389.626s][info][gc] GC(4180) Pause Young (Allocation Failure) 159M->159M(228M) 99.869ms
[2020-01-29T21:53:43.753+0300][389.655s][info][gc] GC(4181) Pause Full (Ergonomics) 159M->25M(228M) 29.530ms
[2020-01-29T21:53:43.813+0300][389.719s][info][gc] GC(4182) Pause Young (Allocation Failure) 54M->54M(228M) 60.314ms
[2020-01-29T21:53:43.933+0300][389.838s][info][gc] GC(4183) Pause Young (Allocation Failure) 83M->84M(228M) 115.142ms
[2020-01-29T21:53:44.059+0300][389.960s][info][gc] GC(4184) Pause Young (Allocation Failure) 113M->113M(228M) 119.137ms
[2020-01-29T21:53:44.179+0300][390.081s][info][gc] GC(4185) Pause Young (Allocation Failure) 161M->161M(228M) 105.594ms
[2020-01-29T21:53:44.207+0300][390.109s][info][gc] GC(4186) Pause Full (Ergonomics) 161M->27M(228M) 27.245ms
[2020-01-29T21:53:44.273+0300][390.175s][info][gc] GC(4187) Pause Young (Allocation Failure) 56M->56M(228M) 62.833ms
[2020-01-29T21:53:44.394+0300][390.296s][info][gc] GC(4188) Pause Young (Allocation Failure) 85M->85M(228M) 116.924ms
[2020-01-29T21:53:44.513+0300][390.414s][info][gc] GC(4189) Pause Young (Allocation Failure) 114M->114M(228M) 115.114ms
[2020-01-29T21:53:44.625+0300][390.526s][info][gc] GC(4190) Pause Young (Allocation Failure) 162M->162M(228M) 97.417ms
[2020-01-29T21:53:44.662+0300][390.564s][info][gc] GC(4191) Pause Full (Ergonomics) 162M->28M(228M) 37.130ms
[2020-01-29T21:53:44.728+0300][390.630s][info][gc] GC(4192) Pause Young (Allocation Failure) 57M->57M(228M) 62.393ms
[2020-01-29T21:53:44.846+0300][390.747s][info][gc] GC(4193) Pause Young (Allocation Failure) 86M->86M(228M) 114.243ms
[2020-01-29T21:53:44.966+0300][390.868s][info][gc] GC(4194) Pause Young (Allocation Failure) 115M->115M(228M) 116.596ms
[2020-01-29T21:53:45.072+0300][390.973s][info][gc] GC(4195) Pause Young (Allocation Failure) 163M->163M(228M) 90.509ms
[2020-01-29T21:53:45.110+0300][391.012s][info][gc] GC(4196) Pause Full (Ergonomics) 163M->29M(228M) 39.060ms
[2020-01-29T21:53:45.176+0300][391.078s][info][gc] GC(4197) Pause Young (Allocation Failure) 58M->58M(228M) 61.900ms
[2020-01-29T21:53:45.298+0300][391.200s][info][gc] GC(4198) Pause Young (Allocation Failure) 87M->87M(228M) 118.140ms
[2020-01-29T21:53:45.413+0300][391.314s][info][gc] GC(4199) Pause Young (Allocation Failure) 116M->116M(228M) 110.418ms
[2020-01-29T21:53:45.521+0300][391.422s][info][gc] GC(4200) Pause Young (Allocation Failure) 164M->164M(228M) 93.770ms
[2020-01-29T21:53:45.563+0300][391.465s][info][gc] GC(4201) Pause Full (Ergonomics) 164M->30M(228M) 42.295ms
[2020-01-29T21:53:45.631+0300][391.532s][info][gc] GC(4202) Pause Young (Allocation Failure) 59M->59M(228M) 64.294ms
[2020-01-29T21:53:45.749+0300][391.651s][info][gc] GC(4203) Pause Young (Allocation Failure) 88M->88M(228M) 114.971ms
[2020-01-29T21:53:45.869+0300][391.770s][info][gc] GC(4204) Pause Young (Allocation Failure) 117M->118M(228M) 115.449ms
[2020-01-29T21:53:45.973+0300][391.874s][info][gc] GC(4205) Pause Young (Allocation Failure) 166M->166M(228M) 89.107ms
[2020-01-29T21:53:46.020+0300][391.921s][info][gc] GC(4206) Pause Full (Ergonomics) 166M->32M(228M) 47.061ms
[2020-01-29T21:53:46.085+0300][391.987s][info][gc] GC(4207) Pause Young (Allocation Failure) 61M->61M(228M) 62.521ms
[2020-01-29T21:53:46.200+0300][392.101s][info][gc] GC(4208) Pause Young (Allocation Failure) 90M->90M(228M) 110.445ms
[2020-01-29T21:53:46.318+0300][392.219s][info][gc] GC(4209) Pause Young (Allocation Failure) 119M->119M(228M) 113.648ms
[2020-01-29T21:53:46.413+0300][392.314s][info][gc] GC(4210) Pause Young (Allocation Failure) 167M->167M(228M) 80.667ms
[2020-01-29T21:53:46.464+0300][392.366s][info][gc] GC(4211) Pause Full (Ergonomics) 167M->33M(228M) 51.277ms
[2020-01-29T21:53:46.531+0300][392.433s][info][gc] GC(4212) Pause Young (Allocation Failure) 62M->62M(228M) 63.508ms
[2020-01-29T21:53:46.648+0300][392.550s][info][gc] GC(4213) Pause Young (Allocation Failure) 91M->91M(228M) 113.113ms
[2020-01-29T21:53:46.769+0300][392.670s][info][gc] GC(4214) Pause Young (Allocation Failure) 120M->120M(228M) 117.234ms
[2020-01-29T21:53:46.863+0300][392.765s][info][gc] GC(4215) Pause Young (Allocation Failure) 168M->168M(228M) 79.319ms
[2020-01-29T21:53:46.919+0300][392.820s][info][gc] GC(4216) Pause Full (Ergonomics) 168M->34M(228M) 55.640ms
[2020-01-29T21:53:46.983+0300][392.885s][info][gc] GC(4217) Pause Young (Allocation Failure) 63M->63M(228M) 61.075ms
[2020-01-29T21:53:47.102+0300][393.003s][info][gc] GC(4218) Pause Young (Allocation Failure) 92M->92M(228M) 114.948ms
[2020-01-29T21:53:47.219+0300][393.121s][info][gc] GC(4219) Pause Young (Allocation Failure) 121M->121M(228M) 113.327ms
[2020-01-29T21:53:47.310+0300][393.212s][info][gc] GC(4220) Pause Young (Allocation Failure) 169M->169M(228M) 76.797ms
[2020-01-29T21:53:47.369+0300][393.271s][info][gc] GC(4221) Pause Full (Ergonomics) 169M->35M(228M) 59.189ms
[2020-01-29T21:53:47.436+0300][393.338s][info][gc] GC(4222) Pause Young (Allocation Failure) 64M->64M(228M) 62.545ms
[2020-01-29T21:53:47.557+0300][393.459s][info][gc] GC(4223) Pause Young (Allocation Failure) 93M->93M(228M) 117.139ms
[2020-01-29T21:53:47.682+0300][393.583s][info][gc] GC(4224) Pause Young (Allocation Failure) 122M->122M(228M) 121.323ms
[2020-01-29T21:53:47.772+0300][393.673s][info][gc] GC(4225) Pause Young (Allocation Failure) 171M->171M(228M) 75.168ms
[2020-01-29T21:53:47.839+0300][393.741s][info][gc] GC(4226) Pause Full (Ergonomics) 171M->37M(228M) 67.535ms
[2020-01-29T21:53:47.905+0300][393.806s][info][gc] GC(4227) Pause Young (Allocation Failure) 66M->66M(228M) 61.741ms
[2020-01-29T21:53:48.026+0300][393.928s][info][gc] GC(4228) Pause Young (Allocation Failure) 95M->95M(228M) 117.779ms
[2020-01-29T21:53:48.141+0300][394.043s][info][gc] GC(4229) Pause Young (Allocation Failure) 124M->124M(228M) 111.514ms
[2020-01-29T21:53:48.226+0300][394.127s][info][gc] GC(4230) Pause Young (Allocation Failure) 172M->172M(228M) 70.241ms
[2020-01-29T21:53:48.289+0300][394.191s][info][gc] GC(4231) Pause Full (Ergonomics) 172M->38M(228M) 63.152ms
[2020-01-29T21:53:48.354+0300][394.255s][info][gc] GC(4232) Pause Young (Allocation Failure) 67M->67M(228M) 60.763ms
[2020-01-29T21:53:48.473+0300][394.375s][info][gc] GC(4233) Pause Young (Allocation Failure) 96M->96M(228M) 115.941ms
[2020-01-29T21:53:48.588+0300][394.489s][info][gc] GC(4234) Pause Young (Allocation Failure) 125M->125M(228M) 111.025ms
[2020-01-29T21:53:48.674+0300][394.575s][info][gc] GC(4235) Pause Young (Allocation Failure) 173M->173M(228M) 71.082ms
[2020-01-29T21:53:48.750+0300][394.651s][info][gc] GC(4236) Pause Full (Ergonomics) 173M->39M(228M) 75.952ms
[2020-01-29T21:53:48.814+0300][394.715s][info][gc] GC(4237) Pause Young (Allocation Failure) 68M->68M(228M) 59.976ms
[2020-01-29T21:53:48.931+0300][394.833s][info][gc] GC(4238) Pause Young (Allocation Failure) 97M->97M(228M) 114.267ms
[2020-01-29T21:53:49.051+0300][394.952s][info][gc] GC(4239) Pause Young (Allocation Failure) 126M->126M(228M) 115.802ms
[2020-01-29T21:53:49.138+0300][395.044s][info][gc] GC(4240) Pause Young (Allocation Failure) 155M->155M(228M) 79.057ms
[2020-01-29T21:53:49.153+0300][395.054s][info][gc] GC(4241) Pause Full (Ergonomics) 155M->22M(228M) 10.470ms
[2020-01-29T21:53:49.217+0300][395.119s][info][gc] GC(4242) Pause Young (Allocation Failure) 51M->51M(228M) 61.134ms
[2020-01-29T21:53:49.333+0300][395.238s][info][gc] GC(4243) Pause Young (Allocation Failure) 80M->80M(228M) 115.126ms
[2020-01-29T21:53:49.453+0300][395.355s][info][gc] GC(4244) Pause Young (Allocation Failure) 109M->109M(228M) 113.484ms
[2020-01-29T21:53:49.573+0300][395.478s][info][gc] GC(4245) Pause Young (Allocation Failure) 157M->157M(228M) 102.605ms
[2020-01-29T21:53:49.593+0300][395.495s][info][gc] GC(4246) Pause Full (Ergonomics) 157M->23M(228M) 17.267ms
[2020-01-29T21:53:49.658+0300][395.561s][info][gc] GC(4247) Pause Young (Allocation Failure) 52M->52M(228M) 62.269ms
[2020-01-29T21:53:49.778+0300][395.681s][info][gc] GC(4248) Pause Young (Allocation Failure) 81M->81M(228M) 116.190ms
[2020-01-29T21:53:49.893+0300][395.797s][info][gc] GC(4249) Pause Young (Allocation Failure) 110M->110M(228M) 113.073ms
[2020-01-29T21:53:50.038+0300][395.944s][info][gc] GC(4250) Pause Young (Allocation Failure) 158M->158M(228M) 129.170ms
[2020-01-29T21:53:50.068+0300][395.970s][info][gc] GC(4251) Pause Full (Ergonomics) 158M->24M(228M) 25.853ms
[2020-01-29T21:53:50.123+0300][396.029s][info][gc] GC(4252) Pause Young (Allocation Failure) 53M->53M(228M) 54.898ms
[2020-01-29T21:53:50.243+0300][396.146s][info][gc] GC(4253) Pause Young (Allocation Failure) 82M->82M(228M) 113.463ms
[2020-01-29T21:53:50.358+0300][396.260s][info][gc] GC(4254) Pause Young (Allocation Failure) 111M->111M(228M) 110.516ms
[2020-01-29T21:53:50.469+0300][396.373s][info][gc] GC(4255) Pause Young (Allocation Failure) 159M->159M(228M) 102.667ms
[2020-01-29T21:53:50.493+0300][396.398s][info][gc] GC(4256) Pause Full (Ergonomics) 159M->25M(228M) 24.662ms
[2020-01-29T21:53:50.558+0300][396.462s][info][gc] GC(4257) Pause Young (Allocation Failure) 54M->54M(228M) 60.741ms
[2020-01-29T21:53:50.679+0300][396.584s][info][gc] GC(4258) Pause Young (Allocation Failure) 83M->83M(228M) 117.617ms
[2020-01-29T21:53:50.808+0300][396.710s][info][gc] GC(4259) Pause Young (Allocation Failure) 112M->112M(228M) 122.347ms
[2020-01-29T21:53:50.954+0300][396.856s][info][gc] GC(4260) Pause Young (Allocation Failure) 160M->160M(228M) 125.519ms
[2020-01-29T21:53:50.983+0300][396.888s][info][gc] GC(4261) Pause Full (Ergonomics) 160M->26M(228M) 31.926ms
[2020-01-29T21:53:51.048+0300][396.954s][info][gc] GC(4262) Pause Young (Allocation Failure) 55M->55M(228M) 61.630ms
[2020-01-29T21:53:51.163+0300][397.069s][info][gc] GC(4263) Pause Young (Allocation Failure) 84M->84M(228M) 111.873ms
[2020-01-29T21:53:51.279+0300][397.180s][info][gc] GC(4264) Pause Young (Allocation Failure) 113M->113M(228M) 107.106ms
[2020-01-29T21:53:51.378+0300][397.284s][info][gc] GC(4265) Pause Young (Allocation Failure) 162M->162M(228M) 92.748ms
[2020-01-29T21:53:51.413+0300][397.317s][info][gc] GC(4266) Pause Full (Ergonomics) 162M->28M(228M) 32.953ms
[2020-01-29T21:53:51.489+0300][397.390s][info][gc] GC(4267) Pause Young (Allocation Failure) 57M->57M(228M) 69.206ms
[2020-01-29T21:53:51.604+0300][397.509s][info][gc] GC(4268) Pause Young (Allocation Failure) 86M->86M(228M) 114.330ms
[2020-01-29T21:53:51.724+0300][397.628s][info][gc] GC(4269) Pause Young (Allocation Failure) 115M->115M(228M) 114.908ms
[2020-01-29T21:53:51.869+0300][397.774s][info][gc] GC(4270) Pause Young (Allocation Failure) 163M->163M(228M) 122.818ms
[2020-01-29T21:53:51.918+0300][397.824s][info][gc] GC(4271) Pause Full (Ergonomics) 163M->29M(228M) 49.469ms
[2020-01-29T21:53:51.984+0300][397.887s][info][gc] GC(4272) Pause Young (Allocation Failure) 58M->58M(228M) 59.351ms
[2020-01-29T21:53:52.104+0300][398.005s][info][gc] GC(4273) Pause Young (Allocation Failure) 87M->87M(228M) 114.504ms
[2020-01-29T21:53:52.232+0300][398.133s][info][gc] GC(4274) Pause Young (Allocation Failure) 116M->116M(228M) 123.786ms
[2020-01-29T21:53:52.370+0300][398.272s][info][gc] GC(4275) Pause Young (Allocation Failure) 164M->164M(228M) 124.219ms
[2020-01-29T21:53:52.423+0300][398.325s][info][gc] GC(4276) Pause Full (Ergonomics) 164M->30M(228M) 52.927ms
[2020-01-29T21:53:52.490+0300][398.391s][info][gc] GC(4277) Pause Young (Allocation Failure) 59M->59M(228M) 62.895ms
[2020-01-29T21:53:52.608+0300][398.509s][info][gc] GC(4278) Pause Young (Allocation Failure) 88M->88M(228M) 114.461ms
[2020-01-29T21:53:52.722+0300][398.623s][info][gc] GC(4279) Pause Young (Allocation Failure) 117M->117M(228M) 110.232ms
[2020-01-29T21:53:52.826+0300][398.728s][info][gc] GC(4280) Pause Young (Allocation Failure) 165M->165M(228M) 90.198ms
[2020-01-29T21:53:52.872+0300][398.773s][info][gc] GC(4281) Pause Full (Ergonomics) 165M->31M(228M) 45.478ms
[2020-01-29T21:53:52.940+0300][398.841s][info][gc] GC(4282) Pause Young (Allocation Failure) 60M->60M(228M) 64.381ms
[2020-01-29T21:53:53.050+0300][398.951s][info][gc] GC(4283) Pause Young (Allocation Failure) 89M->89M(228M) 106.357ms
[2020-01-29T21:53:53.164+0300][399.068s][info][gc] GC(4284) Pause Young (Allocation Failure) 118M->118M(228M) 113.021ms
[2020-01-29T21:53:53.268+0300][399.173s][info][gc] GC(4285) Pause Young (Allocation Failure) 167M->167M(228M) 80.646ms
[2020-01-29T21:53:53.318+0300][399.223s][info][gc] GC(4286) Pause Full (Ergonomics) 167M->33M(228M) 50.048ms
[2020-01-29T21:53:53.384+0300][399.289s][info][gc] GC(4287) Pause Young (Allocation Failure) 62M->61M(228M) 62.325ms
[2020-01-29T21:53:53.498+0300][399.404s][info][gc] GC(4288) Pause Young (Allocation Failure) 90M->91M(228M) 111.273ms
[2020-01-29T21:53:53.623+0300][399.528s][info][gc] GC(4289) Pause Young (Allocation Failure) 120M->120M(228M) 120.368ms
[2020-01-29T21:53:53.719+0300][399.621s][info][gc] GC(4290) Pause Young (Allocation Failure) 168M->168M(228M) 80.301ms
[2020-01-29T21:53:53.773+0300][399.678s][info][gc] GC(4291) Pause Full (Ergonomics) 168M->34M(228M) 57.003ms
[2020-01-29T21:53:53.848+0300][399.750s][info][gc] GC(4292) Pause Young (Allocation Failure) 63M->63M(228M) 68.957ms
[2020-01-29T21:53:53.963+0300][399.868s][info][gc] GC(4293) Pause Young (Allocation Failure) 92M->92M(228M) 114.358ms
[2020-01-29T21:53:54.087+0300][399.989s][info][gc] GC(4294) Pause Young (Allocation Failure) 121M->121M(228M) 116.816ms
[2020-01-29T21:53:54.228+0300][400.129s][info][gc] GC(4295) Pause Young (Allocation Failure) 169M->169M(228M) 125.448ms
[2020-01-29T21:53:54.303+0300][400.205s][info][gc] GC(4296) Pause Full (Ergonomics) 169M->35M(228M) 75.876ms
[2020-01-29T21:53:54.369+0300][400.270s][info][gc] GC(4297) Pause Young (Allocation Failure) 64M->64M(228M) 61.666ms
[2020-01-29T21:53:54.490+0300][400.391s][info][gc] GC(4298) Pause Young (Allocation Failure) 93M->93M(228M) 117.319ms
[2020-01-29T21:53:54.611+0300][400.512s][info][gc] GC(4299) Pause Young (Allocation Failure) 122M->122M(228M) 117.224ms
[2020-01-29T21:53:54.747+0300][400.648s][info][gc] GC(4300) Pause Young (Allocation Failure) 170M->170M(228M) 121.347ms
[2020-01-29T21:53:54.820+0300][400.722s][info][gc] GC(4301) Pause Full (Ergonomics) 170M->36M(228M) 74.321ms
[2020-01-29T21:53:54.887+0300][400.789s][info][gc] GC(4302) Pause Young (Allocation Failure) 65M->65M(228M) 62.848ms
[2020-01-29T21:53:55.006+0300][400.907s][info][gc] GC(4303) Pause Young (Allocation Failure) 94M->94M(228M) 115.069ms
[2020-01-29T21:53:55.128+0300][401.029s][info][gc] GC(4304) Pause Young (Allocation Failure) 123M->123M(228M) 117.695ms
[2020-01-29T21:53:55.265+0300][401.166s][info][gc] GC(4305) Pause Young (Allocation Failure) 171M->172M(228M) 122.413ms
[2020-01-29T21:53:55.345+0300][401.246s][info][gc] GC(4306) Pause Full (Ergonomics) 172M->38M(228M) 80.069ms
[2020-01-29T21:53:55.409+0300][401.310s][info][gc] GC(4307) Pause Young (Allocation Failure) 67M->66M(228M) 60.741ms
[2020-01-29T21:53:55.528+0300][401.429s][info][gc] GC(4308) Pause Young (Allocation Failure) 95M->96M(228M) 115.206ms
[2020-01-29T21:53:55.646+0300][401.548s][info][gc] GC(4309) Pause Young (Allocation Failure) 125M->125M(228M) 115.364ms
[2020-01-29T21:53:55.730+0300][401.632s][info][gc] GC(4310) Pause Young (Allocation Failure) 173M->173M(228M) 68.898ms
[2020-01-29T21:53:55.804+0300][401.705s][info][gc] GC(4311) Pause Full (Ergonomics) 173M->39M(228M) 73.117ms
[2020-01-29T21:53:55.869+0300][401.770s][info][gc] GC(4312) Pause Young (Allocation Failure) 68M->68M(228M) 61.260ms
[2020-01-29T21:53:55.988+0300][401.890s][info][gc] GC(4313) Pause Young (Allocation Failure) 97M->97M(228M) 116.231ms
[2020-01-29T21:53:56.108+0300][402.010s][info][gc] GC(4314) Pause Young (Allocation Failure) 126M->126M(228M) 116.434ms
[2020-01-29T21:53:56.200+0300][402.102s][info][gc] GC(4315) Pause Young (Allocation Failure) 155M->155M(228M) 78.943ms
[2020-01-29T21:53:56.210+0300][402.111s][info][gc] GC(4316) Pause Full (Ergonomics) 155M->21M(228M) 9.337ms
[2020-01-29T21:53:56.275+0300][402.176s][info][gc] GC(4317) Pause Young (Allocation Failure) 50M->50M(228M) 61.717ms
[2020-01-29T21:53:56.389+0300][402.290s][info][gc] GC(4318) Pause Young (Allocation Failure) 79M->79M(228M) 110.590ms
[2020-01-29T21:53:56.510+0300][402.412s][info][gc] GC(4319) Pause Young (Allocation Failure) 108M->108M(228M) 117.170ms
[2020-01-29T21:53:56.641+0300][402.542s][info][gc] GC(4320) Pause Young (Allocation Failure) 156M->156M(228M) 115.567ms
[2020-01-29T21:53:56.657+0300][402.558s][info][gc] GC(4321) Pause Full (Ergonomics) 156M->22M(228M) 16.214ms
[2020-01-29T21:53:56.723+0300][402.625s][info][gc] GC(4322) Pause Young (Allocation Failure) 51M->51M(228M) 63.589ms
[2020-01-29T21:53:56.840+0300][402.742s][info][gc] GC(4323) Pause Young (Allocation Failure) 80M->80M(228M) 112.642ms
[2020-01-29T21:53:56.958+0300][402.859s][info][gc] GC(4324) Pause Young (Allocation Failure) 109M->109M(228M) 114.293ms
[2020-01-29T21:53:57.083+0300][402.984s][info][gc] GC(4325) Pause Young (Allocation Failure) 157M->157M(228M) 110.524ms
[2020-01-29T21:53:57.113+0300][403.014s][info][gc] GC(4326) Pause Full (Ergonomics) 157M->23M(228M) 29.982ms
[2020-01-29T21:53:57.168+0300][403.069s][info][gc] GC(4327) Pause Young (Allocation Failure) 52M->52M(228M) 49.427ms
[2020-01-29T21:53:57.285+0300][403.187s][info][gc] GC(4328) Pause Young (Allocation Failure) 81M->82M(228M) 114.379ms
[2020-01-29T21:53:57.408+0300][403.309s][info][gc] GC(4329) Pause Young (Allocation Failure) 111M->110M(228M) 117.583ms
[2020-01-29T21:53:57.524+0300][403.426s][info][gc] GC(4330) Pause Young (Allocation Failure) 159M->159M(228M) 102.366ms
[2020-01-29T21:53:57.548+0300][403.449s][info][gc] GC(4331) Pause Full (Ergonomics) 159M->25M(228M) 23.229ms
[2020-01-29T21:53:57.614+0300][403.515s][info][gc] GC(4332) Pause Young (Allocation Failure) 54M->54M(228M) 62.056ms
[2020-01-29T21:53:57.729+0300][403.631s][info][gc] GC(4333) Pause Young (Allocation Failure) 83M->83M(228M) 111.946ms
[2020-01-29T21:53:57.851+0300][403.753s][info][gc] GC(4334) Pause Young (Allocation Failure) 112M->112M(228M) 118.857ms
[2020-01-29T21:53:57.966+0300][403.868s][info][gc] GC(4335) Pause Young (Allocation Failure) 160M->160M(228M) 100.236ms
[2020-01-29T21:53:57.991+0300][403.892s][info][gc] GC(4336) Pause Full (Ergonomics) 160M->26M(228M) 24.282ms
[2020-01-29T21:53:58.058+0300][403.960s][info][gc] GC(4337) Pause Young (Allocation Failure) 55M->55M(228M) 63.804ms
[2020-01-29T21:53:58.177+0300][404.077s][info][gc] GC(4338) Pause Young (Allocation Failure) 84M->84M(228M) 114.188ms
[2020-01-29T21:53:58.296+0300][404.198s][info][gc] GC(4339) Pause Young (Allocation Failure) 113M->113M(228M) 116.703ms
[2020-01-29T21:53:58.408+0300][404.310s][info][gc] GC(4340) Pause Young (Allocation Failure) 161M->161M(228M) 97.176ms
[2020-01-29T21:53:58.444+0300][404.346s][info][gc] GC(4341) Pause Full (Ergonomics) 161M->27M(228M) 35.695ms
[2020-01-29T21:53:58.510+0300][404.411s][info][gc] GC(4342) Pause Young (Allocation Failure) 56M->56M(228M) 62.231ms
[2020-01-29T21:53:58.627+0300][404.529s][info][gc] GC(4343) Pause Young (Allocation Failure) 85M->85M(228M) 113.652ms
[2020-01-29T21:53:58.744+0300][404.646s][info][gc] GC(4344) Pause Young (Allocation Failure) 114M->114M(228M) 113.656ms
[2020-01-29T21:53:58.855+0300][404.756s][info][gc] GC(4345) Pause Young (Allocation Failure) 162M->162M(228M) 95.427ms
[2020-01-29T21:53:58.895+0300][404.796s][info][gc] GC(4346) Pause Full (Ergonomics) 162M->28M(228M) 40.236ms
[2020-01-29T21:53:58.959+0300][404.861s][info][gc] GC(4347) Pause Young (Allocation Failure) 57M->57M(228M) 61.211ms
[2020-01-29T21:53:59.076+0300][404.977s][info][gc] GC(4348) Pause Young (Allocation Failure) 86M->86M(228M) 112.738ms
[2020-01-29T21:53:59.195+0300][405.096s][info][gc] GC(4349) Pause Young (Allocation Failure) 115M->116M(228M) 114.914ms
[2020-01-29T21:53:59.298+0300][405.200s][info][gc] GC(4350) Pause Young (Allocation Failure) 164M->164M(228M) 89.719ms
[2020-01-29T21:53:59.341+0300][405.243s][info][gc] GC(4351) Pause Full (Ergonomics) 164M->30M(228M) 43.162ms
[2020-01-29T21:53:59.408+0300][405.309s][info][gc] GC(4352) Pause Young (Allocation Failure) 59M->59M(228M) 62.652ms
[2020-01-29T21:53:59.526+0300][405.427s][info][gc] GC(4353) Pause Young (Allocation Failure) 88M->88M(228M) 114.155ms
[2020-01-29T21:53:59.643+0300][405.544s][info][gc] GC(4354) Pause Young (Allocation Failure) 117M->117M(228M) 112.982ms
[2020-01-29T21:53:59.741+0300][405.643s][info][gc] GC(4355) Pause Young (Allocation Failure) 165M->165M(228M) 84.591ms
[2020-01-29T21:53:59.789+0300][405.691s][info][gc] GC(4356) Pause Full (Ergonomics) 165M->31M(228M) 47.512ms
[2020-01-29T21:53:59.851+0300][405.753s][info][gc] GC(4357) Pause Young (Allocation Failure) 60M->60M(228M) 58.369ms
[2020-01-29T21:53:59.969+0300][405.870s][info][gc] GC(4358) Pause Young (Allocation Failure) 89M->89M(228M) 114.118ms
[2020-01-29T21:54:00.082+0300][405.984s][info][gc] GC(4359) Pause Young (Allocation Failure) 118M->118M(228M) 109.728ms
[2020-01-29T21:54:00.182+0300][406.084s][info][gc] GC(4360) Pause Young (Allocation Failure) 166M->166M(228M) 85.117ms
[2020-01-29T21:54:00.227+0300][406.128s][info][gc] GC(4361) Pause Full (Ergonomics) 166M->32M(228M) 44.545ms
[2020-01-29T21:54:00.291+0300][406.193s][info][gc] GC(4362) Pause Young (Allocation Failure) 61M->61M(228M) 61.140ms
[2020-01-29T21:54:00.411+0300][406.312s][info][gc] GC(4363) Pause Young (Allocation Failure) 90M->90M(228M) 115.561ms
[2020-01-29T21:54:00.533+0300][406.435s][info][gc] GC(4364) Pause Young (Allocation Failure) 119M->119M(228M) 118.642ms
[2020-01-29T21:54:00.630+0300][406.530s][info][gc] GC(4365) Pause Young (Allocation Failure) 167M->167M(228M) 81.566ms
[2020-01-29T21:54:00.681+0300][406.583s][info][gc] GC(4366) Pause Full (Ergonomics) 167M->33M(228M) 52.697ms
[2020-01-29T21:54:00.751+0300][406.652s][info][gc] GC(4367) Pause Young (Allocation Failure) 62M->62M(228M) 65.012ms
[2020-01-29T21:54:00.873+0300][406.774s][info][gc] GC(4368) Pause Young (Allocation Failure) 91M->91M(228M) 118.938ms
[2020-01-29T21:54:00.991+0300][406.893s][info][gc] GC(4369) Pause Young (Allocation Failure) 120M->121M(228M) 114.648ms
[2020-01-29T21:54:01.084+0300][406.986s][info][gc] GC(4370) Pause Young (Allocation Failure) 169M->169M(228M) 78.238ms
[2020-01-29T21:54:01.142+0300][407.043s][info][gc] GC(4371) Pause Full (Ergonomics) 169M->35M(228M) 57.261ms
[2020-01-29T21:54:01.205+0300][407.106s][info][gc] GC(4372) Pause Young (Allocation Failure) 64M->64M(228M) 58.745ms
[2020-01-29T21:54:01.324+0300][407.225s][info][gc] GC(4373) Pause Young (Allocation Failure) 93M->93M(228M) 115.954ms
[2020-01-29T21:54:01.439+0300][407.340s][info][gc] GC(4374) Pause Young (Allocation Failure) 122M->122M(228M) 110.846ms
[2020-01-29T21:54:01.528+0300][407.429s][info][gc] GC(4375) Pause Young (Allocation Failure) 170M->170M(228M) 74.701ms
[2020-01-29T21:54:01.587+0300][407.489s][info][gc] GC(4376) Pause Full (Ergonomics) 170M->36M(228M) 60.222ms
[2020-01-29T21:54:01.654+0300][407.556s][info][gc] GC(4377) Pause Young (Allocation Failure) 65M->65M(228M) 62.844ms
[2020-01-29T21:54:01.771+0300][407.672s][info][gc] GC(4378) Pause Young (Allocation Failure) 94M->94M(228M) 113.082ms
[2020-01-29T21:54:01.889+0300][407.790s][info][gc] GC(4379) Pause Young (Allocation Failure) 123M->123M(228M) 114.014ms
[2020-01-29T21:54:01.976+0300][407.878s][info][gc] GC(4380) Pause Young (Allocation Failure) 171M->171M(228M) 73.854ms
[2020-01-29T21:54:02.041+0300][407.942s][info][gc] GC(4381) Pause Full (Ergonomics) 171M->37M(228M) 63.995ms
[2020-01-29T21:54:02.108+0300][408.009s][info][gc] GC(4382) Pause Young (Allocation Failure) 66M->66M(228M) 63.442ms
[2020-01-29T21:54:02.222+0300][408.123s][info][gc] GC(4383) Pause Young (Allocation Failure) 95M->95M(228M) 109.903ms
[2020-01-29T21:54:02.340+0300][408.242s][info][gc] GC(4384) Pause Young (Allocation Failure) 124M->124M(228M) 114.781ms
[2020-01-29T21:54:02.426+0300][408.328s][info][gc] GC(4385) Pause Young (Allocation Failure) 172M->172M(228M) 71.789ms
[2020-01-29T21:54:02.495+0300][408.396s][info][gc] GC(4386) Pause Full (Ergonomics) 172M->38M(228M) 68.115ms
[2020-01-29T21:54:02.558+0300][408.460s][info][gc] GC(4387) Pause Young (Allocation Failure) 67M->67M(228M) 60.039ms
[2020-01-29T21:54:02.676+0300][408.577s][info][gc] GC(4388) Pause Young (Allocation Failure) 96M->96M(228M) 113.010ms
[2020-01-29T21:54:02.789+0300][408.691s][info][gc] GC(4389) Pause Young (Allocation Failure) 125M->126M(228M) 110.717ms
[2020-01-29T21:54:02.875+0300][408.777s][info][gc] GC(4390) Pause Young (Allocation Failure) 174M->174M(228M) 70.662ms
[2020-01-29T21:54:02.947+0300][408.848s][info][gc] GC(4391) Pause Full (Ergonomics) 174M->40M(228M) 71.327ms
[2020-01-29T21:54:03.017+0300][408.918s][info][gc] GC(4392) Pause Young (Allocation Failure) 69M->69M(228M) 66.447ms
[2020-01-29T21:54:03.135+0300][409.036s][info][gc] GC(4393) Pause Young (Allocation Failure) 98M->98M(228M) 114.249ms
[2020-01-29T21:54:03.247+0300][409.148s][info][gc] GC(4394) Pause Young (Allocation Failure) 127M->127M(228M) 108.221ms
[2020-01-29T21:54:03.339+0300][409.240s][info][gc] GC(4395) Pause Young (Allocation Failure) 156M->156M(228M) 79.045ms
[2020-01-29T21:54:03.350+0300][409.252s][info][gc] GC(4396) Pause Full (Ergonomics) 156M->22M(228M) 11.728ms
[2020-01-29T21:54:03.416+0300][409.317s][info][gc] GC(4397) Pause Young (Allocation Failure) 51M->51M(228M) 61.936ms
[2020-01-29T21:54:03.534+0300][409.435s][info][gc] GC(4398) Pause Young (Allocation Failure) 80M->80M(228M) 114.370ms
[2020-01-29T21:54:03.653+0300][409.554s][info][gc] GC(4399) Pause Young (Allocation Failure) 109M->109M(228M) 115.073ms
[2020-01-29T21:54:03.799+0300][409.700s][info][gc] GC(4400) Pause Young (Allocation Failure) 157M->157M(228M) 131.451ms
[2020-01-29T21:54:03.823+0300][409.724s][info][gc] GC(4401) Pause Full (Ergonomics) 157M->23M(228M) 23.343ms
[2020-01-29T21:54:03.885+0300][409.787s][info][gc] GC(4402) Pause Young (Allocation Failure) 52M->52M(228M) 59.833ms
[2020-01-29T21:54:04.004+0300][409.905s][info][gc] GC(4403) Pause Young (Allocation Failure) 81M->81M(228M) 114.566ms
[2020-01-29T21:54:04.121+0300][410.023s][info][gc] GC(4404) Pause Young (Allocation Failure) 110M->110M(228M) 113.726ms
[2020-01-29T21:54:04.239+0300][410.141s][info][gc] GC(4405) Pause Young (Allocation Failure) 158M->158M(228M) 103.746ms
[2020-01-29T21:54:04.260+0300][410.162s][info][gc] GC(4406) Pause Full (Ergonomics) 158M->24M(228M) 20.960ms
[2020-01-29T21:54:04.324+0300][410.226s][info][gc] GC(4407) Pause Young (Allocation Failure) 53M->53M(228M) 60.141ms
[2020-01-29T21:54:04.443+0300][410.345s][info][gc] GC(4408) Pause Young (Allocation Failure) 82M->82M(228M) 114.463ms
[2020-01-29T21:54:04.559+0300][410.460s][info][gc] GC(4409) Pause Young (Allocation Failure) 111M->111M(228M) 111.419ms
[2020-01-29T21:54:04.695+0300][410.597s][info][gc] GC(4410) Pause Young (Allocation Failure) 159M->160M(228M) 122.211ms
[2020-01-29T21:54:04.731+0300][410.633s][info][gc] GC(4411) Pause Full (Ergonomics) 160M->26M(228M) 35.547ms
[2020-01-29T21:54:04.797+0300][410.699s][info][gc] GC(4412) Pause Young (Allocation Failure) 55M->55M(228M) 62.408ms
[2020-01-29T21:54:04.916+0300][410.817s][info][gc] GC(4413) Pause Young (Allocation Failure) 84M->84M(228M) 114.996ms
[2020-01-29T21:54:05.035+0300][410.936s][info][gc] GC(4414) Pause Young (Allocation Failure) 113M->113M(228M) 115.274ms
[2020-01-29T21:54:05.148+0300][411.052s][info][gc] GC(4415) Pause Young (Allocation Failure) 161M->161M(228M) 100.525ms
[2020-01-29T21:54:05.178+0300][411.083s][info][gc] GC(4416) Pause Full (Ergonomics) 161M->27M(228M) 30.482ms
[2020-01-29T21:54:05.249+0300][411.150s][info][gc] GC(4417) Pause Young (Allocation Failure) 56M->56M(228M) 63.088ms
[2020-01-29T21:54:05.368+0300][411.271s][info][gc] GC(4418) Pause Young (Allocation Failure) 85M->85M(228M) 118.155ms
[2020-01-29T21:54:05.488+0300][411.393s][info][gc] GC(4419) Pause Young (Allocation Failure) 114M->114M(228M) 117.940ms
[2020-01-29T21:54:05.608+0300][411.512s][info][gc] GC(4420) Pause Young (Allocation Failure) 162M->162M(228M) 95.664ms
[2020-01-29T21:54:05.648+0300][411.551s][info][gc] GC(4421) Pause Full (Ergonomics) 162M->28M(228M) 39.522ms
[2020-01-29T21:54:05.716+0300][411.617s][info][gc] GC(4422) Pause Young (Allocation Failure) 57M->57M(228M) 61.691ms
[2020-01-29T21:54:05.829+0300][411.733s][info][gc] GC(4423) Pause Young (Allocation Failure) 86M->86M(228M) 113.229ms
[2020-01-29T21:54:05.953+0300][411.854s][info][gc] GC(4424) Pause Young (Allocation Failure) 115M->115M(228M) 117.199ms
[2020-01-29T21:54:06.068+0300][411.971s][info][gc] GC(4425) Pause Young (Allocation Failure) 163M->163M(228M) 94.847ms
[2020-01-29T21:54:06.109+0300][412.010s][info][gc] GC(4426) Pause Full (Ergonomics) 163M->29M(228M) 38.994ms
[2020-01-29T21:54:06.168+0300][412.070s][info][gc] GC(4427) Pause Young (Allocation Failure) 58M->58M(228M) 55.666ms
[2020-01-29T21:54:06.288+0300][412.189s][info][gc] GC(4428) Pause Young (Allocation Failure) 87M->87M(228M) 116.214ms
[2020-01-29T21:54:06.404+0300][412.305s][info][gc] GC(4429) Pause Young (Allocation Failure) 116M->116M(228M) 112.031ms
[2020-01-29T21:54:06.504+0300][412.406s][info][gc] GC(4430) Pause Young (Allocation Failure) 165M->164M(228M) 86.202ms
[2020-01-29T21:54:06.548+0300][412.449s][info][gc] GC(4431) Pause Full (Ergonomics) 164M->31M(228M) 43.462ms
[2020-01-29T21:54:06.613+0300][412.515s][info][gc] GC(4432) Pause Young (Allocation Failure) 60M->60M(228M) 61.397ms
[2020-01-29T21:54:06.732+0300][412.633s][info][gc] GC(4433) Pause Young (Allocation Failure) 89M->89M(228M) 114.569ms
[2020-01-29T21:54:06.854+0300][412.755s][info][gc] GC(4434) Pause Young (Allocation Failure) 118M->118M(228M) 118.591ms
[2020-01-29T21:54:06.986+0300][412.887s][info][gc] GC(4435) Pause Young (Allocation Failure) 166M->166M(228M) 117.869ms
[2020-01-29T21:54:07.046+0300][412.948s][info][gc] GC(4436) Pause Full (Ergonomics) 166M->32M(228M) 60.308ms
[2020-01-29T21:54:07.109+0300][413.010s][info][gc] GC(4437) Pause Young (Allocation Failure) 61M->61M(228M) 58.482ms
[2020-01-29T21:54:07.223+0300][413.124s][info][gc] GC(4438) Pause Young (Allocation Failure) 90M->90M(228M) 110.371ms
[2020-01-29T21:54:07.343+0300][413.245s][info][gc] GC(4439) Pause Young (Allocation Failure) 119M->119M(228M) 116.967ms
[2020-01-29T21:54:07.437+0300][413.338s][info][gc] GC(4440) Pause Young (Allocation Failure) 167M->167M(228M) 78.900ms
[2020-01-29T21:54:07.487+0300][413.389s][info][gc] GC(4441) Pause Full (Ergonomics) 167M->33M(228M) 50.802ms
[2020-01-29T21:54:07.553+0300][413.454s][info][gc] GC(4442) Pause Young (Allocation Failure) 62M->62M(228M) 61.595ms
[2020-01-29T21:54:07.669+0300][413.570s][info][gc] GC(4443) Pause Young (Allocation Failure) 91M->91M(228M) 112.456ms
[2020-01-29T21:54:07.787+0300][413.688s][info][gc] GC(4444) Pause Young (Allocation Failure) 120M->120M(228M) 114.543ms
[2020-01-29T21:54:07.881+0300][413.783s][info][gc] GC(4445) Pause Young (Allocation Failure) 168M->168M(228M) 79.896ms
[2020-01-29T21:54:07.939+0300][413.841s][info][gc] GC(4446) Pause Full (Ergonomics) 168M->34M(228M) 58.166ms
[2020-01-29T21:54:08.003+0300][413.904s][info][gc] GC(4447) Pause Young (Allocation Failure) 63M->63M(228M) 59.872ms
[2020-01-29T21:54:08.121+0300][414.023s][info][gc] GC(4448) Pause Young (Allocation Failure) 92M->92M(228M) 114.893ms
[2020-01-29T21:54:08.238+0300][414.140s][info][gc] GC(4449) Pause Young (Allocation Failure) 121M->121M(228M) 113.514ms
[2020-01-29T21:54:08.376+0300][414.277s][info][gc] GC(4450) Pause Young (Allocation Failure) 170M->170M(228M) 122.231ms
[2020-01-29T21:54:08.450+0300][414.352s][info][gc] GC(4451) Pause Full (Ergonomics) 170M->36M(228M) 74.476ms
[2020-01-29T21:54:08.516+0300][414.418s][info][gc] GC(4452) Pause Young (Allocation Failure) 65M->65M(228M) 61.974ms
[2020-01-29T21:54:08.635+0300][414.537s][info][gc] GC(4453) Pause Young (Allocation Failure) 94M->94M(228M) 115.385ms
[2020-01-29T21:54:08.756+0300][414.658s][info][gc] GC(4454) Pause Young (Allocation Failure) 123M->123M(228M) 117.637ms
[2020-01-29T21:54:08.895+0300][414.796s][info][gc] GC(4455) Pause Young (Allocation Failure) 171M->171M(228M) 123.359ms
[2020-01-29T21:54:08.976+0300][414.877s][info][gc] GC(4456) Pause Full (Ergonomics) 171M->37M(228M) 80.623ms
[2020-01-29T21:54:09.042+0300][414.943s][info][gc] GC(4457) Pause Young (Allocation Failure) 66M->66M(228M) 62.301ms
[2020-01-29T21:54:09.159+0300][415.063s][info][gc] GC(4458) Pause Young (Allocation Failure) 95M->95M(228M) 116.812ms
[2020-01-29T21:54:09.278+0300][415.180s][info][gc] GC(4459) Pause Young (Allocation Failure) 124M->124M(228M) 113.020ms
[2020-01-29T21:54:09.389+0300][415.291s][info][gc] GC(4460) Pause Young (Allocation Failure) 172M->172M(228M) 98.365ms
[2020-01-29T21:54:09.468+0300][415.374s][info][gc] GC(4461) Pause Full (Ergonomics) 172M->38M(228M) 83.143ms
[2020-01-29T21:54:09.533+0300][415.438s][info][gc] GC(4462) Pause Young (Allocation Failure) 67M->67M(228M) 60.057ms
[2020-01-29T21:54:09.653+0300][415.557s][info][gc] GC(4463) Pause Young (Allocation Failure) 96M->96M(228M) 115.786ms
[2020-01-29T21:54:09.773+0300][415.675s][info][gc] GC(4464) Pause Young (Allocation Failure) 125M->125M(228M) 114.736ms
[2020-01-29T21:54:09.859+0300][415.763s][info][gc] GC(4465) Pause Young (Allocation Failure) 173M->173M(228M) 70.200ms
[2020-01-29T21:54:09.928+0300][415.833s][info][gc] GC(4466) Pause Full (Ergonomics) 173M->39M(228M) 70.715ms
[2020-01-29T21:54:09.993+0300][415.898s][info][gc] GC(4467) Pause Young (Allocation Failure) 68M->68M(228M) 60.614ms
[2020-01-29T21:54:10.114+0300][416.015s][info][gc] GC(4468) Pause Young (Allocation Failure) 97M->97M(228M) 113.936ms
[2020-01-29T21:54:10.233+0300][416.134s][info][gc] GC(4469) Pause Young (Allocation Failure) 126M->126M(228M) 114.731ms
[2020-01-29T21:54:10.324+0300][416.225s][info][gc] GC(4470) Pause Young (Allocation Failure) 155M->155M(228M) 78.090ms
[2020-01-29T21:54:10.335+0300][416.237s][info][gc] GC(4471) Pause Full (Ergonomics) 155M->22M(228M) 11.181ms
[2020-01-29T21:54:10.415+0300][416.316s][info][gc] GC(4472) Pause Young (Allocation Failure) 51M->51M(228M) 74.008ms
[2020-01-29T21:54:10.537+0300][416.439s][info][gc] GC(4473) Pause Young (Allocation Failure) 80M->80M(228M) 118.669ms
[2020-01-29T21:54:10.654+0300][416.556s][info][gc] GC(4474) Pause Young (Allocation Failure) 109M->109M(228M) 113.592ms
[2020-01-29T21:54:10.782+0300][416.683s][info][gc] GC(4475) Pause Young (Allocation Failure) 157M->157M(228M) 113.100ms
[2020-01-29T21:54:10.800+0300][416.702s][info][gc] GC(4476) Pause Full (Ergonomics) 157M->23M(228M) 18.101ms
[2020-01-29T21:54:10.864+0300][416.766s][info][gc] GC(4477) Pause Young (Allocation Failure) 52M->52M(228M) 60.416ms
[2020-01-29T21:54:10.982+0300][416.884s][info][gc] GC(4478) Pause Young (Allocation Failure) 81M->81M(228M) 114.771ms
[2020-01-29T21:54:11.099+0300][417.001s][info][gc] GC(4479) Pause Young (Allocation Failure) 110M->110M(228M) 113.300ms
[2020-01-29T21:54:11.224+0300][417.125s][info][gc] GC(4480) Pause Young (Allocation Failure) 158M->158M(228M) 109.193ms
[2020-01-29T21:54:11.244+0300][417.145s][info][gc] GC(4481) Pause Full (Ergonomics) 158M->24M(228M) 19.666ms
[2020-01-29T21:54:11.308+0300][417.209s][info][gc] GC(4482) Pause Young (Allocation Failure) 53M->53M(228M) 60.631ms
[2020-01-29T21:54:11.425+0300][417.327s][info][gc] GC(4483) Pause Young (Allocation Failure) 82M->82M(228M) 113.987ms
[2020-01-29T21:54:11.538+0300][417.440s][info][gc] GC(4484) Pause Young (Allocation Failure) 111M->111M(228M) 108.865ms
[2020-01-29T21:54:11.658+0300][417.559s][info][gc] GC(4485) Pause Young (Allocation Failure) 159M->159M(228M) 104.679ms
[2020-01-29T21:54:11.684+0300][417.585s][info][gc] GC(4486) Pause Full (Ergonomics) 159M->25M(228M) 26.016ms
[2020-01-29T21:54:11.746+0300][417.648s][info][gc] GC(4487) Pause Young (Allocation Failure) 54M->54M(228M) 59.118ms
[2020-01-29T21:54:11.863+0300][417.765s][info][gc] GC(4488) Pause Young (Allocation Failure) 83M->83M(228M) 113.216ms
[2020-01-29T21:54:11.981+0300][417.882s][info][gc] GC(4489) Pause Young (Allocation Failure) 112M->112M(228M) 113.764ms
[2020-01-29T21:54:12.096+0300][417.997s][info][gc] GC(4490) Pause Young (Allocation Failure) 160M->160M(228M) 100.153ms
[2020-01-29T21:54:12.126+0300][418.028s][info][gc] GC(4491) Pause Full (Ergonomics) 160M->26M(228M) 30.537ms
[2020-01-29T21:54:12.195+0300][418.097s][info][gc] GC(4492) Pause Young (Allocation Failure) 55M->55M(228M) 65.013ms
[2020-01-29T21:54:12.314+0300][418.216s][info][gc] GC(4493) Pause Young (Allocation Failure) 84M->85M(228M) 115.140ms
[2020-01-29T21:54:12.428+0300][418.329s][info][gc] GC(4494) Pause Young (Allocation Failure) 114M->114M(228M) 110.147ms
[2020-01-29T21:54:12.538+0300][418.439s][info][gc] GC(4495) Pause Young (Allocation Failure) 162M->162M(228M) 95.392ms
[2020-01-29T21:54:12.571+0300][418.473s][info][gc] GC(4496) Pause Full (Ergonomics) 162M->28M(228M) 33.650ms
[2020-01-29T21:54:12.638+0300][418.540s][info][gc] GC(4497) Pause Young (Allocation Failure) 57M->57M(228M) 63.043ms
[2020-01-29T21:54:12.755+0300][418.656s][info][gc] GC(4498) Pause Young (Allocation Failure) 86M->86M(228M) 112.366ms
[2020-01-29T21:54:12.872+0300][418.774s][info][gc] GC(4499) Pause Young (Allocation Failure) 115M->115M(228M) 114.777ms
[2020-01-29T21:54:12.979+0300][418.880s][info][gc] GC(4500) Pause Young (Allocation Failure) 163M->163M(228M) 91.269ms
[2020-01-29T21:54:13.017+0300][418.919s][info][gc] GC(4501) Pause Full (Ergonomics) 163M->29M(228M) 38.264ms
[2020-01-29T21:54:13.084+0300][418.985s][info][gc] GC(4502) Pause Young (Allocation Failure) 58M->58M(228M) 62.812ms
[2020-01-29T21:54:13.202+0300][419.103s][info][gc] GC(4503) Pause Young (Allocation Failure) 87M->87M(228M) 113.972ms
[2020-01-29T21:54:13.316+0300][419.217s][info][gc] GC(4504) Pause Young (Allocation Failure) 116M->116M(228M) 110.614ms
[2020-01-29T21:54:13.421+0300][419.323s][info][gc] GC(4505) Pause Young (Allocation Failure) 164M->164M(228M) 90.517ms
[2020-01-29T21:54:13.463+0300][419.365s][info][gc] GC(4506) Pause Full (Ergonomics) 164M->30M(228M) 41.955ms
[2020-01-29T21:54:13.530+0300][419.431s][info][gc] GC(4507) Pause Young (Allocation Failure) 59M->59M(228M) 62.169ms
[2020-01-29T21:54:13.649+0300][419.550s][info][gc] GC(4508) Pause Young (Allocation Failure) 88M->88M(228M) 115.673ms
[2020-01-29T21:54:13.769+0300][419.670s][info][gc] GC(4509) Pause Young (Allocation Failure) 117M->117M(228M) 116.031ms
[2020-01-29T21:54:13.871+0300][419.773s][info][gc] GC(4510) Pause Young (Allocation Failure) 165M->165M(228M) 88.498ms
[2020-01-29T21:54:13.923+0300][419.825s][info][gc] GC(4511) Pause Full (Ergonomics) 165M->31M(228M) 51.465ms
[2020-01-29T21:54:13.991+0300][419.893s][info][gc] GC(4512) Pause Young (Allocation Failure) 60M->60M(228M) 64.706ms
[2020-01-29T21:54:14.112+0300][420.014s][info][gc] GC(4513) Pause Young (Allocation Failure) 89M->90M(228M) 117.135ms
[2020-01-29T21:54:14.226+0300][420.128s][info][gc] GC(4514) Pause Young (Allocation Failure) 119M->119M(228M) 110.204ms
[2020-01-29T21:54:14.324+0300][420.226s][info][gc] GC(4515) Pause Young (Allocation Failure) 167M->167M(228M) 83.264ms
[2020-01-29T21:54:14.375+0300][420.276s][info][gc] GC(4516) Pause Full (Ergonomics) 167M->33M(228M) 50.554ms
[2020-01-29T21:54:14.442+0300][420.343s][info][gc] GC(4517) Pause Young (Allocation Failure) 62M->62M(228M) 63.415ms
[2020-01-29T21:54:14.560+0300][420.462s][info][gc] GC(4518) Pause Young (Allocation Failure) 91M->91M(228M) 114.772ms
[2020-01-29T21:54:14.680+0300][420.581s][info][gc] GC(4519) Pause Young (Allocation Failure) 120M->120M(228M) 115.918ms
[2020-01-29T21:54:14.774+0300][420.676s][info][gc] GC(4520) Pause Young (Allocation Failure) 168M->168M(228M) 80.203ms
[2020-01-29T21:54:14.836+0300][420.738s][info][gc] GC(4521) Pause Full (Ergonomics) 168M->34M(228M) 61.579ms
[2020-01-29T21:54:14.901+0300][420.802s][info][gc] GC(4522) Pause Young (Allocation Failure) 63M->63M(228M) 61.024ms
[2020-01-29T21:54:15.019+0300][420.920s][info][gc] GC(4523) Pause Young (Allocation Failure) 92M->92M(228M) 113.716ms
[2020-01-29T21:54:15.145+0300][421.047s][info][gc] GC(4524) Pause Young (Allocation Failure) 121M->121M(228M) 124.083ms
[2020-01-29T21:54:15.238+0300][421.142s][info][gc] GC(4525) Pause Young (Allocation Failure) 169M->169M(228M) 75.570ms
[2020-01-29T21:54:15.299+0300][421.200s][info][gc] GC(4526) Pause Full (Ergonomics) 169M->35M(228M) 57.832ms
[2020-01-29T21:54:15.364+0300][421.265s][info][gc] GC(4527) Pause Young (Allocation Failure) 64M->64M(228M) 60.968ms
[2020-01-29T21:54:15.483+0300][421.386s][info][gc] GC(4528) Pause Young (Allocation Failure) 93M->93M(228M) 117.065ms
[2020-01-29T21:54:15.598+0300][421.503s][info][gc] GC(4529) Pause Young (Allocation Failure) 122M->122M(228M) 113.064ms
[2020-01-29T21:54:15.688+0300][421.592s][info][gc] GC(4530) Pause Young (Allocation Failure) 170M->170M(228M) 74.862ms
[2020-01-29T21:54:15.753+0300][421.659s][info][gc] GC(4531) Pause Full (Ergonomics) 170M->36M(228M) 66.458ms
[2020-01-29T21:54:15.823+0300][421.724s][info][gc] GC(4532) Pause Young (Allocation Failure) 65M->65M(228M) 62.357ms
[2020-01-29T21:54:15.939+0300][421.842s][info][gc] GC(4533) Pause Young (Allocation Failure) 94M->94M(228M) 114.157ms
[2020-01-29T21:54:16.058+0300][421.961s][info][gc] GC(4534) Pause Young (Allocation Failure) 123M->124M(228M) 115.686ms
[2020-01-29T21:54:16.146+0300][422.050s][info][gc] GC(4535) Pause Young (Allocation Failure) 172M->172M(228M) 72.798ms
[2020-01-29T21:54:16.213+0300][422.117s][info][gc] GC(4536) Pause Full (Ergonomics) 172M->38M(228M) 66.567ms
[2020-01-29T21:54:16.273+0300][422.177s][info][gc] GC(4537) Pause Young (Allocation Failure) 67M->67M(228M) 56.357ms
[2020-01-29T21:54:16.389+0300][422.293s][info][gc] GC(4538) Pause Young (Allocation Failure) 96M->96M(228M) 112.686ms
[2020-01-29T21:54:16.509+0300][422.414s][info][gc] GC(4539) Pause Young (Allocation Failure) 125M->125M(228M) 117.122ms
[2020-01-29T21:54:16.594+0300][422.497s][info][gc] GC(4540) Pause Young (Allocation Failure) 173M->173M(228M) 69.381ms
[2020-01-29T21:54:16.664+0300][422.567s][info][gc] GC(4541) Pause Full (Ergonomics) 173M->39M(228M) 69.586ms
[2020-01-29T21:54:16.733+0300][422.635s][info][gc] GC(4542) Pause Young (Allocation Failure) 68M->68M(228M) 64.746ms
[2020-01-29T21:54:16.853+0300][422.757s][info][gc] GC(4543) Pause Young (Allocation Failure) 97M->97M(228M) 118.604ms
[2020-01-29T21:54:16.969+0300][422.871s][info][gc] GC(4544) Pause Young (Allocation Failure) 126M->126M(228M) 110.774ms
[2020-01-29T21:54:17.058+0300][422.962s][info][gc] GC(4545) Pause Young (Allocation Failure) 155M->155M(228M) 81.434ms
[2020-01-29T21:54:17.068+0300][422.972s][info][gc] GC(4546) Pause Full (Ergonomics) 155M->21M(228M) 10.136ms
[2020-01-29T21:54:17.143+0300][423.047s][info][gc] GC(4547) Pause Young (Allocation Failure) 50M->51M(228M) 71.613ms
[2020-01-29T21:54:17.254+0300][423.158s][info][gc] GC(4548) Pause Young (Allocation Failure) 80M->79M(228M) 107.005ms
[2020-01-29T21:54:17.368+0300][423.274s][info][gc] GC(4549) Pause Young (Allocation Failure) 108M->109M(228M) 112.669ms
[2020-01-29T21:54:17.503+0300][423.407s][info][gc] GC(4550) Pause Young (Allocation Failure) 157M->157M(228M) 111.426ms
[2020-01-29T21:54:17.518+0300][423.423s][info][gc] GC(4551) Pause Full (Ergonomics) 157M->22M(228M) 16.623ms
[2020-01-29T21:54:17.583+0300][423.488s][info][gc] GC(4552) Pause Young (Allocation Failure) 51M->51M(228M) 60.429ms
[2020-01-29T21:54:17.698+0300][423.603s][info][gc] GC(4553) Pause Young (Allocation Failure) 80M->80M(228M) 112.222ms
[2020-01-29T21:54:17.818+0300][423.724s][info][gc] GC(4554) Pause Young (Allocation Failure) 109M->109M(228M) 116.971ms
[2020-01-29T21:54:17.958+0300][423.861s][info][gc] GC(4555) Pause Young (Allocation Failure) 158M->158M(228M) 110.527ms
[2020-01-29T21:54:17.978+0300][423.881s][info][gc] GC(4556) Pause Full (Ergonomics) 158M->24M(228M) 19.829ms
[2020-01-29T21:54:18.038+0300][423.944s][info][gc] GC(4557) Pause Young (Allocation Failure) 53M->53M(228M) 59.467ms
[2020-01-29T21:54:18.158+0300][424.062s][info][gc] GC(4558) Pause Young (Allocation Failure) 82M->82M(228M) 114.700ms
[2020-01-29T21:54:18.273+0300][424.174s][info][gc] GC(4559) Pause Young (Allocation Failure) 111M->111M(228M) 108.744ms
[2020-01-29T21:54:18.383+0300][424.289s][info][gc] GC(4560) Pause Young (Allocation Failure) 159M->159M(228M) 103.698ms
[2020-01-29T21:54:18.408+0300][424.313s][info][gc] GC(4561) Pause Full (Ergonomics) 159M->25M(228M) 23.902ms
[2020-01-29T21:54:18.473+0300][424.376s][info][gc] GC(4562) Pause Young (Allocation Failure) 54M->54M(228M) 59.409ms
[2020-01-29T21:54:18.588+0300][424.494s][info][gc] GC(4563) Pause Young (Allocation Failure) 83M->83M(228M) 114.531ms
[2020-01-29T21:54:18.708+0300][424.613s][info][gc] GC(4564) Pause Young (Allocation Failure) 112M->112M(228M) 114.977ms
[2020-01-29T21:54:18.823+0300][424.726s][info][gc] GC(4565) Pause Young (Allocation Failure) 160M->160M(228M) 95.612ms
[2020-01-29T21:54:18.853+0300][424.755s][info][gc] GC(4566) Pause Full (Ergonomics) 160M->26M(228M) 28.326ms
[2020-01-29T21:54:18.918+0300][424.822s][info][gc] GC(4567) Pause Young (Allocation Failure) 55M->55M(228M) 63.725ms
[2020-01-29T21:54:19.033+0300][424.937s][info][gc] GC(4568) Pause Young (Allocation Failure) 84M->84M(228M) 111.940ms
[2020-01-29T21:54:19.153+0300][425.059s][info][gc] GC(4569) Pause Young (Allocation Failure) 113M->113M(228M) 117.701ms
[2020-01-29T21:54:19.268+0300][425.170s][info][gc] GC(4570) Pause Young (Allocation Failure) 161M->161M(228M) 88.639ms
[2020-01-29T21:54:19.293+0300][425.199s][info][gc] GC(4571) Pause Full (Ergonomics) 161M->27M(228M) 28.873ms
[2020-01-29T21:54:19.363+0300][425.265s][info][gc] GC(4572) Pause Young (Allocation Failure) 56M->56M(228M) 63.163ms
[2020-01-29T21:54:19.483+0300][425.385s][info][gc] GC(4573) Pause Young (Allocation Failure) 85M->85M(228M) 115.821ms
[2020-01-29T21:54:19.598+0300][425.501s][info][gc] GC(4574) Pause Young (Allocation Failure) 114M->114M(228M) 112.739ms
[2020-01-29T21:54:19.748+0300][425.649s][info][gc] GC(4575) Pause Young (Allocation Failure) 162M->163M(228M) 123.698ms
[2020-01-29T21:54:19.788+0300][425.689s][info][gc] GC(4576) Pause Full (Ergonomics) 163M->29M(228M) 39.607ms
[2020-01-29T21:54:19.853+0300][425.755s][info][gc] GC(4577) Pause Young (Allocation Failure) 58M->58M(228M) 62.716ms
[2020-01-29T21:54:19.968+0300][425.872s][info][gc] GC(4578) Pause Young (Allocation Failure) 87M->87M(228M) 113.108ms
[2020-01-29T21:54:20.083+0300][425.985s][info][gc] GC(4579) Pause Young (Allocation Failure) 116M->116M(228M) 109.554ms
[2020-01-29T21:54:20.182+0300][426.083s][info][gc] GC(4580) Pause Young (Allocation Failure) 164M->164M(228M) 87.270ms
[2020-01-29T21:54:20.223+0300][426.124s][info][gc] GC(4581) Pause Full (Ergonomics) 164M->30M(228M) 40.619ms
[2020-01-29T21:54:20.294+0300][426.195s][info][gc] GC(4582) Pause Young (Allocation Failure) 59M->59M(228M) 67.055ms
[2020-01-29T21:54:20.408+0300][426.309s][info][gc] GC(4583) Pause Young (Allocation Failure) 88M->88M(228M) 110.844ms
[2020-01-29T21:54:20.524+0300][426.425s][info][gc] GC(4584) Pause Young (Allocation Failure) 117M->117M(228M) 112.072ms
[2020-01-29T21:54:20.662+0300][426.564s][info][gc] GC(4585) Pause Young (Allocation Failure) 165M->165M(228M) 123.757ms
[2020-01-29T21:54:20.719+0300][426.620s][info][gc] GC(4586) Pause Full (Ergonomics) 165M->31M(228M) 56.336ms
[2020-01-29T21:54:20.786+0300][426.687s][info][gc] GC(4587) Pause Young (Allocation Failure) 60M->60M(228M) 63.128ms
[2020-01-29T21:54:20.907+0300][426.809s][info][gc] GC(4588) Pause Young (Allocation Failure) 89M->89M(228M) 118.027ms
[2020-01-29T21:54:21.027+0300][426.929s][info][gc] GC(4589) Pause Young (Allocation Failure) 118M->118M(228M) 116.924ms
[2020-01-29T21:54:21.125+0300][427.026s][info][gc] GC(4590) Pause Young (Allocation Failure) 166M->166M(228M) 82.747ms
[2020-01-29T21:54:21.178+0300][427.079s][info][gc] GC(4591) Pause Full (Ergonomics) 166M->32M(228M) 52.952ms
[2020-01-29T21:54:21.237+0300][427.138s][info][gc] GC(4592) Pause Young (Allocation Failure) 61M->61M(228M) 54.877ms
[2020-01-29T21:54:21.355+0300][427.256s][info][gc] GC(4593) Pause Young (Allocation Failure) 90M->90M(228M) 114.053ms
[2020-01-29T21:54:21.468+0300][427.369s][info][gc] GC(4594) Pause Young (Allocation Failure) 119M->119M(228M) 110.104ms
[2020-01-29T21:54:21.562+0300][427.463s][info][gc] GC(4595) Pause Young (Allocation Failure) 168M->168M(228M) 78.889ms
[2020-01-29T21:54:21.615+0300][427.517s][info][gc] GC(4596) Pause Full (Ergonomics) 168M->34M(228M) 53.189ms
[2020-01-29T21:54:21.681+0300][427.583s][info][gc] GC(4597) Pause Young (Allocation Failure) 63M->63M(228M) 62.347ms
[2020-01-29T21:54:21.800+0300][427.702s][info][gc] GC(4598) Pause Young (Allocation Failure) 92M->92M(228M) 115.652ms
[2020-01-29T21:54:21.918+0300][427.819s][info][gc] GC(4599) Pause Young (Allocation Failure) 121M->121M(228M) 113.711ms
[2020-01-29T21:54:22.011+0300][427.912s][info][gc] GC(4600) Pause Young (Allocation Failure) 169M->169M(228M) 77.472ms
[2020-01-29T21:54:22.067+0300][427.968s][info][gc] GC(4601) Pause Full (Ergonomics) 169M->35M(228M) 56.044ms
[2020-01-29T21:54:22.129+0300][428.033s][info][gc] GC(4602) Pause Young (Allocation Failure) 64M->64M(228M) 61.513ms
[2020-01-29T21:54:22.248+0300][428.150s][info][gc] GC(4603) Pause Young (Allocation Failure) 93M->93M(228M) 113.285ms
[2020-01-29T21:54:22.364+0300][428.266s][info][gc] GC(4604) Pause Young (Allocation Failure) 122M->122M(228M) 111.542ms
[2020-01-29T21:54:22.468+0300][428.371s][info][gc] GC(4605) Pause Young (Allocation Failure) 170M->170M(228M) 74.319ms
[2020-01-29T21:54:22.528+0300][428.432s][info][gc] GC(4606) Pause Full (Ergonomics) 170M->36M(228M) 60.861ms
[2020-01-29T21:54:22.594+0300][428.499s][info][gc] GC(4607) Pause Young (Allocation Failure) 65M->65M(228M) 62.731ms
[2020-01-29T21:54:22.708+0300][428.612s][info][gc] GC(4608) Pause Young (Allocation Failure) 94M->94M(228M) 109.769ms
[2020-01-29T21:54:22.823+0300][428.729s][info][gc] GC(4609) Pause Young (Allocation Failure) 123M->123M(228M) 113.548ms
[2020-01-29T21:54:22.953+0300][428.857s][info][gc] GC(4610) Pause Young (Allocation Failure) 171M->171M(228M) 99.941ms
[2020-01-29T21:54:23.038+0300][428.940s][info][gc] GC(4611) Pause Full (Ergonomics) 171M->37M(228M) 82.711ms
[2020-01-29T21:54:23.106+0300][429.007s][info][gc] GC(4612) Pause Young (Allocation Failure) 66M->66M(228M) 63.444ms
[2020-01-29T21:54:23.224+0300][429.125s][info][gc] GC(4613) Pause Young (Allocation Failure) 95M->95M(228M) 114.816ms
[2020-01-29T21:54:23.342+0300][429.244s][info][gc] GC(4614) Pause Young (Allocation Failure) 124M->124M(228M) 114.447ms
[2020-01-29T21:54:23.483+0300][429.384s][info][gc] GC(4615) Pause Young (Allocation Failure) 172M->173M(228M) 125.437ms
[2020-01-29T21:54:23.571+0300][429.472s][info][gc] GC(4616) Pause Full (Ergonomics) 173M->39M(228M) 87.863ms
[2020-01-29T21:54:23.637+0300][429.538s][info][gc] GC(4617) Pause Young (Allocation Failure) 68M->68M(228M) 62.145ms
[2020-01-29T21:54:23.757+0300][429.658s][info][gc] GC(4618) Pause Young (Allocation Failure) 97M->97M(228M) 115.966ms
[2020-01-29T21:54:23.877+0300][429.779s][info][gc] GC(4619) Pause Young (Allocation Failure) 126M->126M(228M) 117.666ms
[2020-01-29T21:54:24.022+0300][429.923s][info][gc] GC(4620) Pause Young (Allocation Failure) 174M->174M(228M) 129.079ms
[2020-01-29T21:54:24.116+0300][430.017s][info][gc] GC(4621) Pause Full (Ergonomics) 174M->40M(228M) 93.345ms
[2020-01-29T21:54:24.181+0300][430.083s][info][gc] GC(4622) Pause Young (Allocation Failure) 69M->69M(228M) 62.113ms
[2020-01-29T21:54:24.298+0300][430.199s][info][gc] GC(4623) Pause Young (Allocation Failure) 98M->98M(228M) 112.449ms
[2020-01-29T21:54:24.417+0300][430.318s][info][gc] GC(4624) Pause Young (Allocation Failure) 127M->127M(228M) 115.464ms
[2020-01-29T21:54:24.506+0300][430.407s][info][gc] GC(4625) Pause Young (Allocation Failure) 156M->156M(228M) 76.635ms
[2020-01-29T21:54:24.519+0300][430.421s][info][gc] GC(4626) Pause Full (Ergonomics) 156M->22M(228M) 13.602ms
[2020-01-29T21:54:24.585+0300][430.487s][info][gc] GC(4627) Pause Young (Allocation Failure) 51M->51M(228M) 62.115ms
[2020-01-29T21:54:24.704+0300][430.606s][info][gc] GC(4628) Pause Young (Allocation Failure) 80M->80M(228M) 116.189ms
[2020-01-29T21:54:24.825+0300][430.726s][info][gc] GC(4629) Pause Young (Allocation Failure) 109M->109M(228M) 116.457ms
[2020-01-29T21:54:24.945+0300][430.846s][info][gc] GC(4630) Pause Young (Allocation Failure) 157M->158M(228M) 104.657ms
[2020-01-29T21:54:24.963+0300][430.865s][info][gc] GC(4631) Pause Full (Ergonomics) 158M->23M(228M) 18.660ms
[2020-01-29T21:54:25.028+0300][430.929s][info][gc] GC(4632) Pause Young (Allocation Failure) 52M->52M(228M) 61.200ms
[2020-01-29T21:54:25.144+0300][431.046s][info][gc] GC(4633) Pause Young (Allocation Failure) 81M->81M(228M) 113.188ms
[2020-01-29T21:54:25.253+0300][431.157s][info][gc] GC(4634) Pause Young (Allocation Failure) 110M->110M(228M) 107.023ms
[2020-01-29T21:54:25.384+0300][431.289s][info][gc] GC(4635) Pause Young (Allocation Failure) 158M->159M(228M) 102.991ms
[2020-01-29T21:54:25.405+0300][431.312s][info][gc] GC(4636) Pause Full (Ergonomics) 159M->25M(228M) 22.934ms
[2020-01-29T21:54:25.473+0300][431.378s][info][gc] GC(4637) Pause Young (Allocation Failure) 54M->53M(228M) 62.183ms
[2020-01-29T21:54:25.593+0300][431.497s][info][gc] GC(4638) Pause Young (Allocation Failure) 82M->82M(228M) 115.639ms
[2020-01-29T21:54:25.715+0300][431.616s][info][gc] GC(4639) Pause Young (Allocation Failure) 111M->112M(228M) 115.309ms
[2020-01-29T21:54:25.843+0300][431.746s][info][gc] GC(4640) Pause Young (Allocation Failure) 160M->160M(228M) 100.744ms
[2020-01-29T21:54:25.873+0300][431.775s][info][gc] GC(4641) Pause Full (Ergonomics) 160M->26M(228M) 28.501ms
[2020-01-29T21:54:25.935+0300][431.842s][info][gc] GC(4642) Pause Young (Allocation Failure) 55M->55M(228M) 63.217ms
[2020-01-29T21:54:26.053+0300][431.959s][info][gc] GC(4643) Pause Young (Allocation Failure) 84M->84M(228M) 113.336ms
[2020-01-29T21:54:26.172+0300][432.073s][info][gc] GC(4644) Pause Young (Allocation Failure) 113M->113M(228M) 111.113ms
[2020-01-29T21:54:26.282+0300][432.184s][info][gc] GC(4645) Pause Young (Allocation Failure) 161M->161M(228M) 94.544ms
[2020-01-29T21:54:26.307+0300][432.209s][info][gc] GC(4646) Pause Full (Ergonomics) 161M->27M(228M) 24.951ms
[2020-01-29T21:54:26.373+0300][432.275s][info][gc] GC(4647) Pause Young (Allocation Failure) 56M->56M(228M) 62.402ms
[2020-01-29T21:54:26.490+0300][432.391s][info][gc] GC(4648) Pause Young (Allocation Failure) 85M->85M(228M) 112.437ms
[2020-01-29T21:54:26.611+0300][432.513s][info][gc] GC(4649) Pause Young (Allocation Failure) 114M->114M(228M) 118.462ms
[2020-01-29T21:54:26.721+0300][432.622s][info][gc] GC(4650) Pause Young (Allocation Failure) 162M->162M(228M) 94.264ms
[2020-01-29T21:54:26.757+0300][432.659s][info][gc] GC(4651) Pause Full (Ergonomics) 162M->28M(228M) 36.312ms
[2020-01-29T21:54:26.823+0300][432.724s][info][gc] GC(4652) Pause Young (Allocation Failure) 57M->57M(228M) 61.844ms
[2020-01-29T21:54:26.940+0300][432.842s][info][gc] GC(4653) Pause Young (Allocation Failure) 86M->86M(228M) 114.565ms
[2020-01-29T21:54:27.056+0300][432.958s][info][gc] GC(4654) Pause Young (Allocation Failure) 115M->115M(228M) 112.181ms
[2020-01-29T21:54:27.159+0300][433.062s][info][gc] GC(4655) Pause Young (Allocation Failure) 163M->164M(228M) 89.464ms
[2020-01-29T21:54:27.199+0300][433.102s][info][gc] GC(4656) Pause Full (Ergonomics) 164M->30M(228M) 39.485ms
[2020-01-29T21:54:27.262+0300][433.163s][info][gc] GC(4657) Pause Young (Allocation Failure) 59M->58M(228M) 56.642ms
[2020-01-29T21:54:27.379+0300][433.281s][info][gc] GC(4658) Pause Young (Allocation Failure) 87M->88M(228M) 114.992ms
[2020-01-29T21:54:27.498+0300][433.400s][info][gc] GC(4659) Pause Young (Allocation Failure) 117M->117M(228M) 115.226ms
[2020-01-29T21:54:27.599+0300][433.503s][info][gc] GC(4660) Pause Young (Allocation Failure) 165M->165M(228M) 86.864ms
[2020-01-29T21:54:27.653+0300][433.555s][info][gc] GC(4661) Pause Full (Ergonomics) 165M->31M(228M) 51.624ms
[2020-01-29T21:54:27.718+0300][433.622s][info][gc] GC(4662) Pause Young (Allocation Failure) 60M->60M(228M) 63.910ms
[2020-01-29T21:54:27.839+0300][433.741s][info][gc] GC(4663) Pause Young (Allocation Failure) 89M->89M(228M) 114.926ms
[2020-01-29T21:54:27.958+0300][433.861s][info][gc] GC(4664) Pause Young (Allocation Failure) 118M->118M(228M) 116.268ms
[2020-01-29T21:54:28.063+0300][433.964s][info][gc] GC(4665) Pause Young (Allocation Failure) 166M->166M(228M) 83.064ms
[2020-01-29T21:54:28.112+0300][434.013s][info][gc] GC(4666) Pause Full (Ergonomics) 166M->32M(228M) 48.289ms
[2020-01-29T21:54:28.177+0300][434.079s][info][gc] GC(4667) Pause Young (Allocation Failure) 61M->61M(228M) 62.481ms
[2020-01-29T21:54:28.288+0300][434.189s][info][gc] GC(4668) Pause Young (Allocation Failure) 90M->90M(228M) 106.368ms
[2020-01-29T21:54:28.407+0300][434.308s][info][gc] GC(4669) Pause Young (Allocation Failure) 119M->119M(228M) 115.691ms
[2020-01-29T21:54:28.505+0300][434.406s][info][gc] GC(4670) Pause Young (Allocation Failure) 167M->167M(228M) 83.073ms
[2020-01-29T21:54:28.555+0300][434.456s][info][gc] GC(4671) Pause Full (Ergonomics) 167M->33M(228M) 50.365ms
[2020-01-29T21:54:28.621+0300][434.523s][info][gc] GC(4672) Pause Young (Allocation Failure) 62M->62M(228M) 63.106ms
[2020-01-29T21:54:28.742+0300][434.644s][info][gc] GC(4673) Pause Young (Allocation Failure) 91M->91M(228M) 117.140ms
[2020-01-29T21:54:28.865+0300][434.766s][info][gc] GC(4674) Pause Young (Allocation Failure) 120M->120M(228M) 118.885ms
[2020-01-29T21:54:28.957+0300][434.859s][info][gc] GC(4675) Pause Young (Allocation Failure) 168M->168M(228M) 77.259ms
[2020-01-29T21:54:29.017+0300][434.918s][info][gc] GC(4676) Pause Full (Ergonomics) 168M->34M(228M) 59.387ms
[2020-01-29T21:54:29.082+0300][434.983s][info][gc] GC(4677) Pause Young (Allocation Failure) 63M->63M(228M) 61.836ms
[2020-01-29T21:54:29.201+0300][435.102s][info][gc] GC(4678) Pause Young (Allocation Failure) 92M->93M(228M) 115.175ms
[2020-01-29T21:54:29.318+0300][435.219s][info][gc] GC(4679) Pause Young (Allocation Failure) 122M->122M(228M) 112.811ms
[2020-01-29T21:54:29.408+0300][435.309s][info][gc] GC(4680) Pause Young (Allocation Failure) 170M->170M(228M) 74.778ms
[2020-01-29T21:54:29.474+0300][435.376s][info][gc] GC(4681) Pause Full (Ergonomics) 170M->36M(228M) 66.928ms
[2020-01-29T21:54:29.543+0300][435.444s][info][gc] GC(4682) Pause Young (Allocation Failure) 65M->65M(228M) 64.411ms
[2020-01-29T21:54:29.665+0300][435.566s][info][gc] GC(4683) Pause Young (Allocation Failure) 94M->94M(228M) 118.503ms
[2020-01-29T21:54:29.785+0300][435.686s][info][gc] GC(4684) Pause Young (Allocation Failure) 123M->123M(228M) 116.461ms
[2020-01-29T21:54:29.875+0300][435.777s][info][gc] GC(4685) Pause Young (Allocation Failure) 171M->171M(228M) 75.692ms
[2020-01-29T21:54:29.943+0300][435.845s][info][gc] GC(4686) Pause Full (Ergonomics) 171M->37M(228M) 67.617ms
[2020-01-29T21:54:30.009+0300][435.910s][info][gc] GC(4687) Pause Young (Allocation Failure) 66M->66M(228M) 61.884ms
[2020-01-29T21:54:30.127+0300][436.028s][info][gc] GC(4688) Pause Young (Allocation Failure) 95M->95M(228M) 114.665ms
[2020-01-29T21:54:30.242+0300][436.143s][info][gc] GC(4689) Pause Young (Allocation Failure) 124M->124M(228M) 111.120ms
[2020-01-29T21:54:30.328+0300][436.230s][info][gc] GC(4690) Pause Young (Allocation Failure) 172M->172M(228M) 72.059ms
[2020-01-29T21:54:30.393+0300][436.294s][info][gc] GC(4691) Pause Full (Ergonomics) 172M->38M(228M) 64.420ms
[2020-01-29T21:54:30.457+0300][436.359s][info][gc] GC(4692) Pause Young (Allocation Failure) 67M->67M(228M) 60.613ms
[2020-01-29T21:54:30.577+0300][436.479s][info][gc] GC(4693) Pause Young (Allocation Failure) 96M->96M(228M) 116.579ms
[2020-01-29T21:54:30.697+0300][436.598s][info][gc] GC(4694) Pause Young (Allocation Failure) 125M->125M(228M) 115.958ms
[2020-01-29T21:54:30.784+0300][436.685s][info][gc] GC(4695) Pause Young (Allocation Failure) 173M->173M(228M) 71.215ms
[2020-01-29T21:54:30.854+0300][436.756s][info][gc] GC(4696) Pause Full (Ergonomics) 173M->39M(228M) 71.098ms
[2020-01-29T21:54:30.922+0300][436.824s][info][gc] GC(4697) Pause Young (Allocation Failure) 68M->68M(228M) 63.771ms
[2020-01-29T21:54:31.040+0300][436.942s][info][gc] GC(4698) Pause Young (Allocation Failure) 97M->98M(228M) 114.540ms
[2020-01-29T21:54:31.158+0300][437.061s][info][gc] GC(4699) Pause Young (Allocation Failure) 127M->127M(228M) 115.644ms
[2020-01-29T21:54:31.259+0300][437.163s][info][gc] GC(4700) Pause Young (Allocation Failure) 156M->156M(228M) 77.833ms
[2020-01-29T21:54:31.269+0300][437.175s][info][gc] GC(4701) Pause Full (Ergonomics) 156M->22M(228M) 11.147ms
[2020-01-29T21:54:31.339+0300][437.240s][info][gc] GC(4702) Pause Young (Allocation Failure) 51M->51M(228M) 61.788ms
[2020-01-29T21:54:31.453+0300][437.357s][info][gc] GC(4703) Pause Young (Allocation Failure) 80M->80M(228M) 112.794ms
[2020-01-29T21:54:31.574+0300][437.475s][info][gc] GC(4704) Pause Young (Allocation Failure) 109M->109M(228M) 114.351ms
[2020-01-29T21:54:31.714+0300][437.619s][info][gc] GC(4705) Pause Young (Allocation Failure) 157M->157M(228M) 119.041ms
[2020-01-29T21:54:31.734+0300][437.635s][info][gc] GC(4706) Pause Full (Ergonomics) 157M->23M(228M) 15.120ms
[2020-01-29T21:54:31.799+0300][437.700s][info][gc] GC(4707) Pause Young (Allocation Failure) 52M->52M(228M) 62.030ms
[2020-01-29T21:54:31.913+0300][437.815s][info][gc] GC(4708) Pause Young (Allocation Failure) 81M->81M(228M) 110.932ms
[2020-01-29T21:54:32.028+0300][437.933s][info][gc] GC(4709) Pause Young (Allocation Failure) 110M->110M(228M) 114.592ms
[2020-01-29T21:54:32.158+0300][438.060s][info][gc] GC(4710) Pause Young (Allocation Failure) 158M->158M(228M) 104.369ms
[2020-01-29T21:54:32.178+0300][438.081s][info][gc] GC(4711) Pause Full (Ergonomics) 158M->24M(228M) 21.552ms
[2020-01-29T21:54:32.238+0300][438.141s][info][gc] GC(4712) Pause Young (Allocation Failure) 53M->53M(228M) 55.934ms
[2020-01-29T21:54:32.359+0300][438.261s][info][gc] GC(4713) Pause Young (Allocation Failure) 82M->82M(228M) 115.597ms
[2020-01-29T21:54:32.473+0300][438.378s][info][gc] GC(4714) Pause Young (Allocation Failure) 111M->111M(228M) 114.000ms
[2020-01-29T21:54:32.603+0300][438.505s][info][gc] GC(4715) Pause Young (Allocation Failure) 159M->159M(228M) 104.282ms
[2020-01-29T21:54:32.628+0300][438.530s][info][gc] GC(4716) Pause Full (Ergonomics) 159M->25M(228M) 25.581ms
[2020-01-29T21:54:32.694+0300][438.595s][info][gc] GC(4717) Pause Young (Allocation Failure) 54M->54M(228M) 60.678ms
[2020-01-29T21:54:32.808+0300][438.712s][info][gc] GC(4718) Pause Young (Allocation Failure) 83M->83M(228M) 113.574ms
[2020-01-29T21:54:32.928+0300][438.831s][info][gc] GC(4719) Pause Young (Allocation Failure) 112M->112M(228M) 115.303ms
[2020-01-29T21:54:33.033+0300][438.938s][info][gc] GC(4720) Pause Young (Allocation Failure) 161M->161M(228M) 97.561ms
[2020-01-29T21:54:33.063+0300][438.969s][info][gc] GC(4721) Pause Full (Ergonomics) 161M->27M(228M) 30.446ms
[2020-01-29T21:54:33.128+0300][439.029s][info][gc] GC(4722) Pause Young (Allocation Failure) 56M->56M(228M) 56.856ms
[2020-01-29T21:54:33.238+0300][439.144s][info][gc] GC(4723) Pause Young (Allocation Failure) 85M->85M(228M) 110.860ms
[2020-01-29T21:54:33.353+0300][439.258s][info][gc] GC(4724) Pause Young (Allocation Failure) 114M->114M(228M) 110.369ms
[2020-01-29T21:54:33.473+0300][439.379s][info][gc] GC(4725) Pause Young (Allocation Failure) 162M->162M(228M) 92.984ms
[2020-01-29T21:54:33.509+0300][439.413s][info][gc] GC(4726) Pause Full (Ergonomics) 162M->28M(228M) 34.273ms
[2020-01-29T21:54:33.573+0300][439.478s][info][gc] GC(4727) Pause Young (Allocation Failure) 57M->57M(228M) 60.652ms
[2020-01-29T21:54:33.694+0300][439.599s][info][gc] GC(4728) Pause Young (Allocation Failure) 86M->86M(228M) 117.229ms
[2020-01-29T21:54:33.818+0300][439.719s][info][gc] GC(4729) Pause Young (Allocation Failure) 115M->115M(228M) 117.142ms
[2020-01-29T21:54:33.933+0300][439.835s][info][gc] GC(4730) Pause Young (Allocation Failure) 163M->163M(228M) 104.224ms
[2020-01-29T21:54:33.973+0300][439.874s][info][gc] GC(4731) Pause Full (Ergonomics) 163M->29M(228M) 39.146ms
[2020-01-29T21:54:34.033+0300][439.936s][info][gc] GC(4732) Pause Young (Allocation Failure) 58M->58M(228M) 57.487ms
[2020-01-29T21:54:34.149+0300][440.053s][info][gc] GC(4733) Pause Young (Allocation Failure) 87M->87M(228M) 113.484ms
[2020-01-29T21:54:34.268+0300][440.173s][info][gc] GC(4734) Pause Young (Allocation Failure) 116M->116M(228M) 116.554ms
[2020-01-29T21:54:34.383+0300][440.284s][info][gc] GC(4735) Pause Young (Allocation Failure) 164M->164M(228M) 88.132ms
[2020-01-29T21:54:34.423+0300][440.327s][info][gc] GC(4736) Pause Full (Ergonomics) 164M->30M(228M) 42.537ms
[2020-01-29T21:54:34.489+0300][440.392s][info][gc] GC(4737) Pause Young (Allocation Failure) 59M->59M(228M) 61.153ms
[2020-01-29T21:54:34.608+0300][440.511s][info][gc] GC(4738) Pause Young (Allocation Failure) 88M->88M(228M) 115.498ms
[2020-01-29T21:54:34.724+0300][440.628s][info][gc] GC(4739) Pause Young (Allocation Failure) 117M->117M(228M) 113.066ms
[2020-01-29T21:54:34.833+0300][440.738s][info][gc] GC(4740) Pause Young (Allocation Failure) 166M->166M(228M) 86.374ms
[2020-01-29T21:54:34.878+0300][440.784s][info][gc] GC(4741) Pause Full (Ergonomics) 166M->32M(228M) 46.168ms
[2020-01-29T21:54:34.944+0300][440.849s][info][gc] GC(4742) Pause Young (Allocation Failure) 61M->61M(228M) 61.582ms
[2020-01-29T21:54:35.068+0300][440.970s][info][gc] GC(4743) Pause Young (Allocation Failure) 90M->90M(228M) 117.097ms
[2020-01-29T21:54:35.188+0300][441.089s][info][gc] GC(4744) Pause Young (Allocation Failure) 119M->119M(228M) 115.242ms
[2020-01-29T21:54:35.285+0300][441.187s][info][gc] GC(4745) Pause Young (Allocation Failure) 167M->167M(228M) 83.129ms
[2020-01-29T21:54:35.337+0300][441.239s][info][gc] GC(4746) Pause Full (Ergonomics) 167M->33M(228M) 51.583ms
[2020-01-29T21:54:35.404+0300][441.305s][info][gc] GC(4747) Pause Young (Allocation Failure) 62M->62M(228M) 62.888ms
[2020-01-29T21:54:35.522+0300][441.423s][info][gc] GC(4748) Pause Young (Allocation Failure) 91M->91M(228M) 114.514ms
[2020-01-29T21:54:35.642+0300][441.544s][info][gc] GC(4749) Pause Young (Allocation Failure) 120M->120M(228M) 116.500ms
[2020-01-29T21:54:35.776+0300][441.677s][info][gc] GC(4750) Pause Young (Allocation Failure) 168M->168M(228M) 118.350ms
[2020-01-29T21:54:35.851+0300][441.752s][info][gc] GC(4751) Pause Full (Ergonomics) 168M->34M(228M) 74.941ms
[2020-01-29T21:54:35.918+0300][441.820s][info][gc] GC(4752) Pause Young (Allocation Failure) 63M->63M(228M) 63.813ms
[2020-01-29T21:54:36.037+0300][441.939s][info][gc] GC(4753) Pause Young (Allocation Failure) 92M->92M(228M) 115.492ms
[2020-01-29T21:54:36.153+0300][442.058s][info][gc] GC(4754) Pause Young (Allocation Failure) 121M->121M(228M) 115.629ms
[2020-01-29T21:54:36.254+0300][442.157s][info][gc] GC(4755) Pause Young (Allocation Failure) 169M->169M(228M) 75.359ms
[2020-01-29T21:54:36.313+0300][442.215s][info][gc] GC(4756) Pause Full (Ergonomics) 169M->35M(228M) 58.108ms
[2020-01-29T21:54:36.373+0300][442.276s][info][gc] GC(4757) Pause Young (Allocation Failure) 64M->64M(228M) 56.748ms
[2020-01-29T21:54:36.488+0300][442.392s][info][gc] GC(4758) Pause Young (Allocation Failure) 93M->93M(228M) 112.354ms
[2020-01-29T21:54:36.608+0300][442.514s][info][gc] GC(4759) Pause Young (Allocation Failure) 122M->122M(228M) 118.362ms
[2020-01-29T21:54:36.703+0300][442.605s][info][gc] GC(4760) Pause Young (Allocation Failure) 171M->171M(228M) 72.487ms
[2020-01-29T21:54:36.763+0300][442.666s][info][gc] GC(4761) Pause Full (Ergonomics) 171M->37M(228M) 61.609ms
[2020-01-29T21:54:36.828+0300][442.729s][info][gc] GC(4762) Pause Young (Allocation Failure) 66M->66M(228M) 59.448ms
[2020-01-29T21:54:36.943+0300][442.848s][info][gc] GC(4763) Pause Young (Allocation Failure) 95M->95M(228M) 115.000ms
[2020-01-29T21:54:37.063+0300][442.965s][info][gc] GC(4764) Pause Young (Allocation Failure) 124M->124M(228M) 113.377ms
[2020-01-29T21:54:37.164+0300][443.065s][info][gc] GC(4765) Pause Young (Allocation Failure) 172M->172M(228M) 73.177ms
[2020-01-29T21:54:37.233+0300][443.135s][info][gc] GC(4766) Pause Full (Ergonomics) 172M->38M(228M) 69.509ms
[2020-01-29T21:54:37.294+0300][443.195s][info][gc] GC(4767) Pause Young (Allocation Failure) 67M->67M(228M) 56.394ms
[2020-01-29T21:54:37.412+0300][443.313s][info][gc] GC(4768) Pause Young (Allocation Failure) 96M->96M(228M) 114.433ms
[2020-01-29T21:54:37.525+0300][443.427s][info][gc] GC(4769) Pause Young (Allocation Failure) 125M->125M(228M) 110.206ms
[2020-01-29T21:54:37.612+0300][443.513s][info][gc] GC(4770) Pause Young (Allocation Failure) 173M->173M(228M) 71.154ms
[2020-01-29T21:54:37.683+0300][443.584s][info][gc] GC(4771) Pause Full (Ergonomics) 173M->39M(228M) 70.816ms
[2020-01-29T21:54:37.752+0300][443.653s][info][gc] GC(4772) Pause Young (Allocation Failure) 68M->68M(228M) 65.118ms
[2020-01-29T21:54:37.871+0300][443.772s][info][gc] GC(4773) Pause Young (Allocation Failure) 97M->97M(228M) 115.580ms
[2020-01-29T21:54:37.989+0300][443.891s][info][gc] GC(4774) Pause Young (Allocation Failure) 126M->126M(228M) 114.726ms
[2020-01-29T21:54:38.081+0300][443.982s][info][gc] GC(4775) Pause Young (Allocation Failure) 155M->155M(228M) 79.408ms
[2020-01-29T21:54:38.091+0300][443.993s][info][gc] GC(4776) Pause Full (Ergonomics) 155M->22M(228M) 10.290ms
[2020-01-29T21:54:38.156+0300][444.058s][info][gc] GC(4777) Pause Young (Allocation Failure) 51M->51M(228M) 61.397ms
[2020-01-29T21:54:38.271+0300][444.173s][info][gc] GC(4778) Pause Young (Allocation Failure) 80M->80M(228M) 111.876ms
[2020-01-29T21:54:38.380+0300][444.282s][info][gc] GC(4779) Pause Young (Allocation Failure) 109M->109M(228M) 104.693ms
[2020-01-29T21:54:38.504+0300][444.405s][info][gc] GC(4780) Pause Young (Allocation Failure) 157M->157M(228M) 109.392ms
[2020-01-29T21:54:38.521+0300][444.423s][info][gc] GC(4781) Pause Full (Ergonomics) 157M->23M(228M) 17.581ms
[2020-01-29T21:54:38.587+0300][444.488s][info][gc] GC(4782) Pause Young (Allocation Failure) 52M->51M(228M) 61.073ms
[2020-01-29T21:54:38.707+0300][444.608s][info][gc] GC(4783) Pause Young (Allocation Failure) 80M->81M(228M) 116.712ms
[2020-01-29T21:54:38.823+0300][444.724s][info][gc] GC(4784) Pause Young (Allocation Failure) 110M->110M(228M) 112.263ms
[2020-01-29T21:54:38.948+0300][444.849s][info][gc] GC(4785) Pause Young (Allocation Failure) 158M->158M(228M) 109.619ms
[2020-01-29T21:54:38.971+0300][444.872s][info][gc] GC(4786) Pause Full (Ergonomics) 158M->24M(228M) 22.931ms
[2020-01-29T21:54:39.035+0300][444.937s][info][gc] GC(4787) Pause Young (Allocation Failure) 53M->53M(228M) 62.130ms
[2020-01-29T21:54:39.149+0300][445.054s][info][gc] GC(4788) Pause Young (Allocation Failure) 82M->82M(228M) 112.772ms
[2020-01-29T21:54:39.264+0300][445.169s][info][gc] GC(4789) Pause Young (Allocation Failure) 111M->111M(228M) 111.646ms
[2020-01-29T21:54:39.388+0300][445.294s][info][gc] GC(4790) Pause Young (Allocation Failure) 159M->159M(228M) 102.865ms
[2020-01-29T21:54:39.413+0300][445.318s][info][gc] GC(4791) Pause Full (Ergonomics) 159M->25M(228M) 24.179ms
[2020-01-29T21:54:39.478+0300][445.380s][info][gc] GC(4792) Pause Young (Allocation Failure) 54M->54M(228M) 58.959ms
[2020-01-29T21:54:39.594+0300][445.495s][info][gc] GC(4793) Pause Young (Allocation Failure) 83M->83M(228M) 111.152ms
[2020-01-29T21:54:39.708+0300][445.613s][info][gc] GC(4794) Pause Young (Allocation Failure) 112M->112M(228M) 114.157ms
[2020-01-29T21:54:39.853+0300][445.755s][info][gc] GC(4795) Pause Young (Allocation Failure) 160M->160M(228M) 119.158ms
[2020-01-29T21:54:39.888+0300][445.793s][info][gc] GC(4796) Pause Full (Ergonomics) 160M->26M(228M) 37.642ms
[2020-01-29T21:54:39.953+0300][445.857s][info][gc] GC(4797) Pause Young (Allocation Failure) 55M->55M(228M) 60.802ms
[2020-01-29T21:54:40.063+0300][445.968s][info][gc] GC(4798) Pause Young (Allocation Failure) 84M->84M(228M) 107.786ms
[2020-01-29T21:54:40.183+0300][446.084s][info][gc] GC(4799) Pause Young (Allocation Failure) 113M->113M(228M) 112.069ms
[2020-01-29T21:54:40.319+0300][446.220s][info][gc] GC(4800) Pause Young (Allocation Failure) 162M->162M(228M) 121.563ms
[2020-01-29T21:54:40.363+0300][446.264s][info][gc] GC(4801) Pause Full (Ergonomics) 162M->28M(228M) 43.620ms
[2020-01-29T21:54:40.423+0300][446.325s][info][gc] GC(4802) Pause Young (Allocation Failure) 57M->57M(228M) 55.030ms
[2020-01-29T21:54:40.541+0300][446.442s][info][gc] GC(4803) Pause Young (Allocation Failure) 86M->86M(228M) 114.313ms
[2020-01-29T21:54:40.661+0300][446.562s][info][gc] GC(4804) Pause Young (Allocation Failure) 115M->115M(228M) 115.770ms
[2020-01-29T21:54:40.767+0300][446.668s][info][gc] GC(4805) Pause Young (Allocation Failure) 163M->163M(228M) 91.582ms
[2020-01-29T21:54:40.804+0300][446.705s][info][gc] GC(4806) Pause Full (Ergonomics) 163M->29M(228M) 37.356ms
[2020-01-29T21:54:40.867+0300][446.768s][info][gc] GC(4807) Pause Young (Allocation Failure) 58M->58M(228M) 59.275ms
[2020-01-29T21:54:40.989+0300][446.890s][info][gc] GC(4808) Pause Young (Allocation Failure) 87M->87M(228M) 118.214ms
[2020-01-29T21:54:41.111+0300][447.012s][info][gc] GC(4809) Pause Young (Allocation Failure) 116M->116M(228M) 117.883ms
[2020-01-29T21:54:41.247+0300][447.149s][info][gc] GC(4810) Pause Young (Allocation Failure) 164M->164M(228M) 122.764ms
[2020-01-29T21:54:41.297+0300][447.199s][info][gc] GC(4811) Pause Full (Ergonomics) 164M->30M(228M) 49.768ms
[2020-01-29T21:54:41.355+0300][447.256s][info][gc] GC(4812) Pause Young (Allocation Failure) 59M->59M(228M) 53.061ms
[2020-01-29T21:54:41.474+0300][447.375s][info][gc] GC(4813) Pause Young (Allocation Failure) 88M->88M(228M) 115.303ms
[2020-01-29T21:54:41.591+0300][447.492s][info][gc] GC(4814) Pause Young (Allocation Failure) 117M->117M(228M) 113.652ms
[2020-01-29T21:54:41.690+0300][447.592s][info][gc] GC(4815) Pause Young (Allocation Failure) 165M->165M(228M) 84.659ms
[2020-01-29T21:54:41.736+0300][447.638s][info][gc] GC(4816) Pause Full (Ergonomics) 165M->31M(228M) 45.712ms
[2020-01-29T21:54:41.802+0300][447.703s][info][gc] GC(4817) Pause Young (Allocation Failure) 60M->60M(228M) 61.892ms
[2020-01-29T21:54:41.924+0300][447.826s][info][gc] GC(4818) Pause Young (Allocation Failure) 89M->89M(228M) 118.974ms
[2020-01-29T21:54:42.049+0300][447.951s][info][gc] GC(4819) Pause Young (Allocation Failure) 118M->118M(228M) 121.587ms
[2020-01-29T21:54:42.191+0300][448.092s][info][gc] GC(4820) Pause Young (Allocation Failure) 166M->166M(228M) 127.282ms
[2020-01-29T21:54:42.256+0300][448.157s][info][gc] GC(4821) Pause Full (Ergonomics) 166M->33M(228M) 64.041ms
[2020-01-29T21:54:42.319+0300][448.221s][info][gc] GC(4822) Pause Young (Allocation Failure) 62M->62M(228M) 60.490ms
[2020-01-29T21:54:42.436+0300][448.338s][info][gc] GC(4823) Pause Young (Allocation Failure) 91M->91M(228M) 113.301ms
[2020-01-29T21:54:42.553+0300][448.454s][info][gc] GC(4824) Pause Young (Allocation Failure) 120M->120M(228M) 112.872ms
[2020-01-29T21:54:42.688+0300][448.590s][info][gc] GC(4825) Pause Young (Allocation Failure) 168M->168M(228M) 121.031ms
[2020-01-29T21:54:42.759+0300][448.661s][info][gc] GC(4826) Pause Full (Ergonomics) 168M->34M(228M) 71.009ms
[2020-01-29T21:54:42.822+0300][448.723s][info][gc] GC(4827) Pause Young (Allocation Failure) 63M->63M(228M) 58.704ms
[2020-01-29T21:54:42.940+0300][448.841s][info][gc] GC(4828) Pause Young (Allocation Failure) 92M->92M(228M) 114.309ms
[2020-01-29T21:54:43.058+0300][448.959s][info][gc] GC(4829) Pause Young (Allocation Failure) 121M->121M(228M) 114.435ms
[2020-01-29T21:54:43.148+0300][449.051s][info][gc] GC(4830) Pause Young (Allocation Failure) 169M->169M(228M) 76.924ms
[2020-01-29T21:54:43.203+0300][449.109s][info][gc] GC(4831) Pause Full (Ergonomics) 169M->35M(228M) 57.728ms
[2020-01-29T21:54:43.269+0300][449.173s][info][gc] GC(4832) Pause Young (Allocation Failure) 64M->64M(228M) 61.328ms
[2020-01-29T21:54:43.377+0300][449.282s][info][gc] GC(4833) Pause Young (Allocation Failure) 93M->93M(228M) 104.728ms
[2020-01-29T21:54:43.503+0300][449.405s][info][gc] GC(4834) Pause Young (Allocation Failure) 122M->122M(228M) 118.643ms
[2020-01-29T21:54:43.614+0300][449.516s][info][gc] GC(4835) Pause Young (Allocation Failure) 170M->170M(228M) 98.670ms
[2020-01-29T21:54:43.688+0300][449.592s][info][gc] GC(4836) Pause Full (Ergonomics) 170M->36M(228M) 76.526ms
[2020-01-29T21:54:43.759+0300][449.661s][info][gc] GC(4837) Pause Young (Allocation Failure) 65M->65M(228M) 64.638ms
[2020-01-29T21:54:43.883+0300][449.787s][info][gc] GC(4838) Pause Young (Allocation Failure) 94M->94M(228M) 122.624ms
[2020-01-29T21:54:44.003+0300][449.907s][info][gc] GC(4839) Pause Young (Allocation Failure) 123M->123M(228M) 116.429ms
[2020-01-29T21:54:44.113+0300][450.017s][info][gc] GC(4840) Pause Young (Allocation Failure) 171M->172M(228M) 99.647ms
[2020-01-29T21:54:44.193+0300][450.099s][info][gc] GC(4841) Pause Full (Ergonomics) 172M->38M(228M) 82.139ms
[2020-01-29T21:54:44.263+0300][450.166s][info][gc] GC(4842) Pause Young (Allocation Failure) 67M->66M(228M) 63.351ms
[2020-01-29T21:54:44.373+0300][450.278s][info][gc] GC(4843) Pause Young (Allocation Failure) 95M->96M(228M) 108.082ms
[2020-01-29T21:54:44.493+0300][450.398s][info][gc] GC(4844) Pause Young (Allocation Failure) 125M->125M(228M) 116.842ms
[2020-01-29T21:54:44.580+0300][450.482s][info][gc] GC(4845) Pause Young (Allocation Failure) 173M->173M(228M) 70.124ms
[2020-01-29T21:54:44.648+0300][450.551s][info][gc] GC(4846) Pause Full (Ergonomics) 173M->39M(228M) 68.720ms
[2020-01-29T21:54:44.716+0300][450.618s][info][gc] GC(4847) Pause Young (Allocation Failure) 68M->68M(228M) 63.006ms
[2020-01-29T21:54:44.833+0300][450.735s][info][gc] GC(4848) Pause Young (Allocation Failure) 97M->97M(228M) 113.952ms
[2020-01-29T21:54:44.948+0300][450.853s][info][gc] GC(4849) Pause Young (Allocation Failure) 126M->126M(228M) 113.716ms
[2020-01-29T21:54:45.053+0300][450.955s][info][gc] GC(4850) Pause Young (Allocation Failure) 155M->155M(228M) 80.648ms
[2020-01-29T21:54:45.063+0300][450.965s][info][gc] GC(4851) Pause Full (Ergonomics) 155M->21M(228M) 9.225ms
[2020-01-29T21:54:45.128+0300][451.029s][info][gc] GC(4852) Pause Young (Allocation Failure) 50M->50M(228M) 60.947ms
[2020-01-29T21:54:45.238+0300][451.142s][info][gc] GC(4853) Pause Young (Allocation Failure) 79M->79M(228M) 108.792ms
[2020-01-29T21:54:45.359+0300][451.262s][info][gc] GC(4854) Pause Young (Allocation Failure) 108M->108M(228M) 116.271ms
[2020-01-29T21:54:45.498+0300][451.402s][info][gc] GC(4855) Pause Young (Allocation Failure) 157M->157M(228M) 111.815ms
[2020-01-29T21:54:45.513+0300][451.419s][info][gc] GC(4856) Pause Full (Ergonomics) 157M->22M(228M) 16.380ms
[2020-01-29T21:54:45.584+0300][451.485s][info][gc] GC(4857) Pause Young (Allocation Failure) 51M->51M(228M) 61.842ms
[2020-01-29T21:54:45.699+0300][451.601s][info][gc] GC(4858) Pause Young (Allocation Failure) 80M->80M(228M) 112.457ms
[2020-01-29T21:54:45.814+0300][451.716s][info][gc] GC(4859) Pause Young (Allocation Failure) 109M->109M(228M) 111.581ms
[2020-01-29T21:54:45.934+0300][451.839s][info][gc] GC(4860) Pause Young (Allocation Failure) 157M->157M(228M) 108.612ms
[2020-01-29T21:54:45.954+0300][451.859s][info][gc] GC(4861) Pause Full (Ergonomics) 157M->23M(228M) 19.474ms
[2020-01-29T21:54:46.023+0300][451.925s][info][gc] GC(4862) Pause Young (Allocation Failure) 52M->52M(228M) 62.465ms
[2020-01-29T21:54:46.144+0300][452.048s][info][gc] GC(4863) Pause Young (Allocation Failure) 81M->81M(228M) 119.901ms
[2020-01-29T21:54:46.263+0300][452.169s][info][gc] GC(4864) Pause Young (Allocation Failure) 110M->111M(228M) 117.061ms
[2020-01-29T21:54:46.389+0300][452.293s][info][gc] GC(4865) Pause Young (Allocation Failure) 159M->159M(228M) 102.716ms
[2020-01-29T21:54:46.414+0300][452.317s][info][gc] GC(4866) Pause Full (Ergonomics) 159M->25M(228M) 23.210ms
[2020-01-29T21:54:46.478+0300][452.384s][info][gc] GC(4867) Pause Young (Allocation Failure) 54M->54M(228M) 63.128ms
[2020-01-29T21:54:46.599+0300][452.500s][info][gc] GC(4868) Pause Young (Allocation Failure) 83M->83M(228M) 112.574ms
[2020-01-29T21:54:46.713+0300][452.615s][info][gc] GC(4869) Pause Young (Allocation Failure) 112M->112M(228M) 111.592ms
[2020-01-29T21:54:46.829+0300][452.730s][info][gc] GC(4870) Pause Young (Allocation Failure) 160M->160M(228M) 99.088ms
[2020-01-29T21:54:46.854+0300][452.757s][info][gc] GC(4871) Pause Full (Ergonomics) 160M->26M(228M) 27.128ms
[2020-01-29T21:54:46.913+0300][452.817s][info][gc] GC(4872) Pause Young (Allocation Failure) 55M->55M(228M) 56.460ms
[2020-01-29T21:54:47.034+0300][452.935s][info][gc] GC(4873) Pause Young (Allocation Failure) 84M->84M(228M) 113.985ms
[2020-01-29T21:54:47.153+0300][453.056s][info][gc] GC(4874) Pause Young (Allocation Failure) 113M->113M(228M) 118.091ms
[2020-01-29T21:54:47.274+0300][453.178s][info][gc] GC(4875) Pause Young (Allocation Failure) 161M->161M(228M) 102.594ms
[2020-01-29T21:54:47.308+0300][453.210s][info][gc] GC(4876) Pause Full (Ergonomics) 161M->27M(228M) 31.812ms
[2020-01-29T21:54:47.368+0300][453.272s][info][gc] GC(4877) Pause Young (Allocation Failure) 56M->56M(228M) 58.118ms
[2020-01-29T21:54:47.485+0300][453.392s][info][gc] GC(4878) Pause Young (Allocation Failure) 85M->85M(228M) 115.675ms
[2020-01-29T21:54:47.599+0300][453.502s][info][gc] GC(4879) Pause Young (Allocation Failure) 114M->114M(228M) 107.022ms
[2020-01-29T21:54:47.708+0300][453.611s][info][gc] GC(4880) Pause Young (Allocation Failure) 162M->162M(228M) 95.005ms
[2020-01-29T21:54:47.743+0300][453.646s][info][gc] GC(4881) Pause Full (Ergonomics) 162M->28M(228M) 35.236ms
[2020-01-29T21:54:47.808+0300][453.711s][info][gc] GC(4882) Pause Young (Allocation Failure) 57M->57M(228M) 61.797ms
[2020-01-29T21:54:47.918+0300][453.824s][info][gc] GC(4883) Pause Young (Allocation Failure) 86M->86M(228M) 108.622ms
[2020-01-29T21:54:48.038+0300][453.941s][info][gc] GC(4884) Pause Young (Allocation Failure) 115M->116M(228M) 113.679ms
[2020-01-29T21:54:48.143+0300][454.046s][info][gc] GC(4885) Pause Young (Allocation Failure) 164M->164M(228M) 89.748ms
[2020-01-29T21:54:48.183+0300][454.086s][info][gc] GC(4886) Pause Full (Ergonomics) 164M->30M(228M) 40.565ms
[2020-01-29T21:54:48.248+0300][454.153s][info][gc] GC(4887) Pause Young (Allocation Failure) 59M->59M(228M) 63.456ms
[2020-01-29T21:54:48.368+0300][454.271s][info][gc] GC(4888) Pause Young (Allocation Failure) 88M->88M(228M) 113.553ms
[2020-01-29T21:54:48.483+0300][454.384s][info][gc] GC(4889) Pause Young (Allocation Failure) 117M->117M(228M) 109.529ms
[2020-01-29T21:54:48.588+0300][454.491s][info][gc] GC(4890) Pause Young (Allocation Failure) 165M->165M(228M) 84.573ms
[2020-01-29T21:54:48.633+0300][454.535s][info][gc] GC(4891) Pause Full (Ergonomics) 165M->31M(228M) 44.663ms
[2020-01-29T21:54:48.693+0300][454.597s][info][gc] GC(4892) Pause Young (Allocation Failure) 60M->60M(228M) 58.217ms
[2020-01-29T21:54:48.818+0300][454.719s][info][gc] GC(4893) Pause Young (Allocation Failure) 89M->89M(228M) 118.172ms
[2020-01-29T21:54:48.933+0300][454.839s][info][gc] GC(4894) Pause Young (Allocation Failure) 118M->118M(228M) 115.886ms
[2020-01-29T21:54:49.043+0300][454.949s][info][gc] GC(4895) Pause Young (Allocation Failure) 166M->166M(228M) 81.953ms
[2020-01-29T21:54:49.095+0300][454.996s][info][gc] GC(4896) Pause Full (Ergonomics) 166M->32M(228M) 47.811ms
[2020-01-29T21:54:49.161+0300][455.063s][info][gc] GC(4897) Pause Young (Allocation Failure) 61M->61M(228M) 62.551ms
[2020-01-29T21:54:49.276+0300][455.177s][info][gc] GC(4898) Pause Young (Allocation Failure) 90M->90M(228M) 110.843ms
[2020-01-29T21:54:49.388+0300][455.290s][info][gc] GC(4899) Pause Young (Allocation Failure) 119M->119M(228M) 109.226ms
[2020-01-29T21:54:49.482+0300][455.383s][info][gc] GC(4900) Pause Young (Allocation Failure) 167M->167M(228M) 78.747ms
[2020-01-29T21:54:49.535+0300][455.437s][info][gc] GC(4901) Pause Full (Ergonomics) 167M->33M(228M) 53.186ms
[2020-01-29T21:54:49.602+0300][455.503s][info][gc] GC(4902) Pause Young (Allocation Failure) 62M->62M(228M) 62.819ms
[2020-01-29T21:54:49.718+0300][455.620s][info][gc] GC(4903) Pause Young (Allocation Failure) 91M->91M(228M) 112.726ms
[2020-01-29T21:54:49.833+0300][455.734s][info][gc] GC(4904) Pause Young (Allocation Failure) 120M->120M(228M) 110.631ms
[2020-01-29T21:54:49.925+0300][455.826s][info][gc] GC(4905) Pause Young (Allocation Failure) 169M->169M(228M) 77.535ms
[2020-01-29T21:54:49.982+0300][455.883s][info][gc] GC(4906) Pause Full (Ergonomics) 169M->35M(228M) 57.261ms
[2020-01-29T21:54:50.049+0300][455.950s][info][gc] GC(4907) Pause Young (Allocation Failure) 64M->64M(228M) 63.144ms
[2020-01-29T21:54:50.168+0300][456.070s][info][gc] GC(4908) Pause Young (Allocation Failure) 93M->93M(228M) 116.297ms
[2020-01-29T21:54:50.284+0300][456.185s][info][gc] GC(4909) Pause Young (Allocation Failure) 122M->122M(228M) 111.120ms
[2020-01-29T21:54:50.383+0300][456.289s][info][gc] GC(4910) Pause Young (Allocation Failure) 170M->170M(228M) 76.642ms
[2020-01-29T21:54:50.448+0300][456.349s][info][gc] GC(4911) Pause Full (Ergonomics) 170M->36M(228M) 60.594ms
[2020-01-29T21:54:50.513+0300][456.415s][info][gc] GC(4912) Pause Young (Allocation Failure) 65M->65M(228M) 62.063ms
[2020-01-29T21:54:50.633+0300][456.535s][info][gc] GC(4913) Pause Young (Allocation Failure) 94M->94M(228M) 116.100ms
[2020-01-29T21:54:50.749+0300][456.652s][info][gc] GC(4914) Pause Young (Allocation Failure) 123M->123M(228M) 113.535ms
[2020-01-29T21:54:50.848+0300][456.750s][info][gc] GC(4915) Pause Young (Allocation Failure) 171M->171M(228M) 73.375ms
[2020-01-29T21:54:50.914+0300][456.819s][info][gc] GC(4916) Pause Full (Ergonomics) 171M->37M(228M) 68.171ms
[2020-01-29T21:54:50.983+0300][456.884s][info][gc] GC(4917) Pause Young (Allocation Failure) 66M->66M(228M) 62.361ms
[2020-01-29T21:54:51.107+0300][457.009s][info][gc] GC(4918) Pause Young (Allocation Failure) 95M->95M(228M) 121.016ms
[2020-01-29T21:54:51.229+0300][457.130s][info][gc] GC(4919) Pause Young (Allocation Failure) 124M->124M(228M) 117.410ms
[2020-01-29T21:54:51.314+0300][457.215s][info][gc] GC(4920) Pause Young (Allocation Failure) 172M->172M(228M) 70.187ms
[2020-01-29T21:54:51.382+0300][457.284s][info][gc] GC(4921) Pause Full (Ergonomics) 172M->38M(228M) 68.835ms
[2020-01-29T21:54:51.443+0300][457.345s][info][gc] GC(4922) Pause Young (Allocation Failure) 67M->67M(228M) 56.919ms
[2020-01-29T21:54:51.562+0300][457.463s][info][gc] GC(4923) Pause Young (Allocation Failure) 96M->96M(228M) 114.997ms
[2020-01-29T21:54:51.678+0300][457.580s][info][gc] GC(4924) Pause Young (Allocation Failure) 125M->125M(228M) 112.416ms
[2020-01-29T21:54:51.762+0300][457.664s][info][gc] GC(4925) Pause Young (Allocation Failure) 174M->174M(228M) 69.333ms
[2020-01-29T21:54:51.834+0300][457.736s][info][gc] GC(4926) Pause Full (Ergonomics) 174M->40M(228M) 71.977ms
[2020-01-29T21:54:51.901+0300][457.803s][info][gc] GC(4927) Pause Young (Allocation Failure) 69M->69M(228M) 63.303ms
[2020-01-29T21:54:52.018+0300][457.919s][info][gc] GC(4928) Pause Young (Allocation Failure) 98M->98M(228M) 112.691ms
[2020-01-29T21:54:52.144+0300][458.046s][info][gc] GC(4929) Pause Young (Allocation Failure) 127M->127M(228M) 122.988ms
[2020-01-29T21:54:52.236+0300][458.137s][info][gc] GC(4930) Pause Young (Allocation Failure) 156M->156M(228M) 79.159ms
[2020-01-29T21:54:52.248+0300][458.150s][info][gc] GC(4931) Pause Full (Ergonomics) 156M->22M(228M) 12.327ms
[2020-01-29T21:54:52.313+0300][458.214s][info][gc] GC(4932) Pause Young (Allocation Failure) 51M->51M(228M) 60.540ms
[2020-01-29T21:54:52.427+0300][458.328s][info][gc] GC(4933) Pause Young (Allocation Failure) 80M->80M(228M) 110.358ms
[2020-01-29T21:54:52.550+0300][458.452s][info][gc] GC(4934) Pause Young (Allocation Failure) 109M->109M(228M) 120.276ms
[2020-01-29T21:54:52.696+0300][458.597s][info][gc] GC(4935) Pause Young (Allocation Failure) 157M->157M(228M) 129.778ms
[2020-01-29T21:54:52.719+0300][458.620s][info][gc] GC(4936) Pause Full (Ergonomics) 157M->23M(228M) 22.811ms
[2020-01-29T21:54:52.785+0300][458.686s][info][gc] GC(4937) Pause Young (Allocation Failure) 52M->52M(228M) 62.755ms
[2020-01-29T21:54:52.897+0300][458.799s][info][gc] GC(4938) Pause Young (Allocation Failure) 81M->81M(228M) 109.211ms
[2020-01-29T21:54:53.017+0300][458.918s][info][gc] GC(4939) Pause Young (Allocation Failure) 110M->110M(228M) 115.545ms
[2020-01-29T21:54:53.159+0300][459.060s][info][gc] GC(4940) Pause Young (Allocation Failure) 158M->158M(228M) 126.402ms
[2020-01-29T21:54:53.184+0300][459.087s][info][gc] GC(4941) Pause Full (Ergonomics) 158M->24M(228M) 27.795ms
[2020-01-29T21:54:53.249+0300][459.154s][info][gc] GC(4942) Pause Young (Allocation Failure) 53M->53M(228M) 62.695ms
[2020-01-29T21:54:53.368+0300][459.271s][info][gc] GC(4943) Pause Young (Allocation Failure) 82M->82M(228M) 113.726ms
[2020-01-29T21:54:53.479+0300][459.385s][info][gc] GC(4944) Pause Young (Allocation Failure) 111M->111M(228M) 109.498ms
[2020-01-29T21:54:53.608+0300][459.511s][info][gc] GC(4945) Pause Young (Allocation Failure) 160M->160M(228M) 99.989ms
[2020-01-29T21:54:53.634+0300][459.539s][info][gc] GC(4946) Pause Full (Ergonomics) 160M->26M(228M) 27.996ms
[2020-01-29T21:54:53.704+0300][459.609s][info][gc] GC(4947) Pause Young (Allocation Failure) 55M->55M(228M) 66.968ms
[2020-01-29T21:54:53.824+0300][459.727s][info][gc] GC(4948) Pause Young (Allocation Failure) 84M->84M(228M) 113.986ms
[2020-01-29T21:54:53.938+0300][459.842s][info][gc] GC(4949) Pause Young (Allocation Failure) 113M->113M(228M) 111.549ms
[2020-01-29T21:54:54.098+0300][459.999s][info][gc] GC(4950) Pause Young (Allocation Failure) 161M->161M(228M) 127.686ms
[2020-01-29T21:54:54.129+0300][460.031s][info][gc] GC(4951) Pause Full (Ergonomics) 161M->27M(228M) 32.075ms
[2020-01-29T21:54:54.196+0300][460.097s][info][gc] GC(4952) Pause Young (Allocation Failure) 56M->56M(228M) 62.476ms
[2020-01-29T21:54:54.309+0300][460.211s][info][gc] GC(4953) Pause Young (Allocation Failure) 85M->85M(228M) 110.542ms
[2020-01-29T21:54:54.415+0300][460.316s][info][gc] GC(4954) Pause Young (Allocation Failure) 114M->114M(228M) 101.079ms
[2020-01-29T21:54:54.522+0300][460.423s][info][gc] GC(4955) Pause Young (Allocation Failure) 162M->162M(228M) 92.523ms
[2020-01-29T21:54:54.558+0300][460.460s][info][gc] GC(4956) Pause Full (Ergonomics) 162M->28M(228M) 37.302ms
[2020-01-29T21:54:54.624+0300][460.526s][info][gc] GC(4957) Pause Young (Allocation Failure) 57M->57M(228M) 62.045ms
[2020-01-29T21:54:54.741+0300][460.643s][info][gc] GC(4958) Pause Young (Allocation Failure) 86M->86M(228M) 113.320ms
[2020-01-29T21:54:54.860+0300][460.761s][info][gc] GC(4959) Pause Young (Allocation Failure) 115M->115M(228M) 114.925ms
[2020-01-29T21:54:55.003+0300][460.905s][info][gc] GC(4960) Pause Young (Allocation Failure) 163M->163M(228M) 128.349ms
[2020-01-29T21:54:55.052+0300][460.954s][info][gc] GC(4961) Pause Full (Ergonomics) 163M->29M(228M) 48.842ms
[2020-01-29T21:54:55.119+0300][461.021s][info][gc] GC(4962) Pause Young (Allocation Failure) 58M->58M(228M) 63.642ms
[2020-01-29T21:54:55.237+0300][461.138s][info][gc] GC(4963) Pause Young (Allocation Failure) 87M->87M(228M) 113.511ms
[2020-01-29T21:54:55.350+0300][461.252s][info][gc] GC(4964) Pause Young (Allocation Failure) 116M->116M(228M) 110.299ms
[2020-01-29T21:54:55.456+0300][461.358s][info][gc] GC(4965) Pause Young (Allocation Failure) 165M->165M(228M) 90.622ms
[2020-01-29T21:54:55.496+0300][461.397s][info][gc] GC(4966) Pause Full (Ergonomics) 165M->31M(228M) 39.244ms
[2020-01-29T21:54:55.562+0300][461.464s][info][gc] GC(4967) Pause Young (Allocation Failure) 60M->60M(228M) 62.768ms
[2020-01-29T21:54:55.678+0300][461.579s][info][gc] GC(4968) Pause Young (Allocation Failure) 89M->89M(228M) 112.078ms
[2020-01-29T21:54:55.793+0300][461.695s][info][gc] GC(4969) Pause Young (Allocation Failure) 118M->118M(228M) 111.857ms
[2020-01-29T21:54:55.899+0300][461.801s][info][gc] GC(4970) Pause Young (Allocation Failure) 166M->166M(228M) 84.323ms
[2020-01-29T21:54:55.943+0300][461.848s][info][gc] GC(4971) Pause Full (Ergonomics) 166M->32M(228M) 46.749ms
[2020-01-29T21:54:56.014+0300][461.915s][info][gc] GC(4972) Pause Young (Allocation Failure) 61M->61M(228M) 63.303ms
[2020-01-29T21:54:56.133+0300][462.035s][info][gc] GC(4973) Pause Young (Allocation Failure) 90M->90M(228M) 116.878ms
[2020-01-29T21:54:56.259+0300][462.160s][info][gc] GC(4974) Pause Young (Allocation Failure) 119M->119M(228M) 121.683ms
[2020-01-29T21:54:56.396+0300][462.297s][info][gc] GC(4975) Pause Young (Allocation Failure) 167M->167M(228M) 121.705ms
[2020-01-29T21:54:56.461+0300][462.363s][info][gc] GC(4976) Pause Full (Ergonomics) 167M->33M(228M) 65.366ms
[2020-01-29T21:54:56.526+0300][462.427s][info][gc] GC(4977) Pause Young (Allocation Failure) 62M->62M(228M) 59.899ms
[2020-01-29T21:54:56.645+0300][462.546s][info][gc] GC(4978) Pause Young (Allocation Failure) 91M->91M(228M) 115.689ms
[2020-01-29T21:54:56.768+0300][462.669s][info][gc] GC(4979) Pause Young (Allocation Failure) 120M->120M(228M) 118.574ms
[2020-01-29T21:54:56.864+0300][462.765s][info][gc] GC(4980) Pause Young (Allocation Failure) 168M->168M(228M) 81.204ms
[2020-01-29T21:54:56.919+0300][462.820s][info][gc] GC(4981) Pause Full (Ergonomics) 168M->34M(228M) 54.684ms
[2020-01-29T21:54:56.987+0300][462.889s][info][gc] GC(4982) Pause Young (Allocation Failure) 63M->63M(228M) 65.467ms
[2020-01-29T21:54:57.111+0300][463.013s][info][gc] GC(4983) Pause Young (Allocation Failure) 92M->92M(228M) 120.117ms
[2020-01-29T21:54:57.228+0300][463.129s][info][gc] GC(4984) Pause Young (Allocation Failure) 121M->121M(228M) 113.145ms
[2020-01-29T21:54:57.370+0300][463.271s][info][gc] GC(4985) Pause Young (Allocation Failure) 169M->170M(228M) 126.868ms
[2020-01-29T21:54:57.444+0300][463.346s][info][gc] GC(4986) Pause Full (Ergonomics) 170M->36M(228M) 74.746ms
[2020-01-29T21:54:57.506+0300][463.408s][info][gc] GC(4987) Pause Young (Allocation Failure) 65M->65M(228M) 57.602ms
[2020-01-29T21:54:57.625+0300][463.526s][info][gc] GC(4988) Pause Young (Allocation Failure) 94M->94M(228M) 114.492ms
[2020-01-29T21:54:57.744+0300][463.645s][info][gc] GC(4989) Pause Young (Allocation Failure) 123M->123M(228M) 115.470ms
[2020-01-29T21:54:57.833+0300][463.735s][info][gc] GC(4990) Pause Young (Allocation Failure) 171M->171M(228M) 74.502ms
[2020-01-29T21:54:57.896+0300][463.797s][info][gc] GC(4991) Pause Full (Ergonomics) 171M->37M(228M) 62.821ms
[2020-01-29T21:54:57.961+0300][463.863s][info][gc] GC(4992) Pause Young (Allocation Failure) 66M->66M(228M) 61.593ms
[2020-01-29T21:54:58.082+0300][463.983s][info][gc] GC(4993) Pause Young (Allocation Failure) 95M->95M(228M) 116.915ms
[2020-01-29T21:54:58.203+0300][464.105s][info][gc] GC(4994) Pause Young (Allocation Failure) 124M->124M(228M) 117.989ms
