[2020-01-29T21:42:26.822+0300][0.009s][info][gc] Using Serial
[2020-01-29T21:42:27.099+0300][0.286s][info][gc] GC(0) Pause Young (Allocation Failure) 68M->60M(247M) 73.260ms
[2020-01-29T21:42:27.232+0300][0.420s][info][gc] GC(1) Pause Young (Allocation Failure) 129M->127M(247M) 121.974ms
[2020-01-29T21:42:27.256+0300][0.444s][info][gc] GC(2) Pause Young (Allocation Failure) 196M->196M(247M) 0.049ms
[2020-01-29T21:42:27.343+0300][0.531s][info][gc] GC(3) Pause Full (Allocation Failure) 196M->56M(247M) 87.083ms
[2020-01-29T21:42:27.424+0300][0.611s][info][gc] GC(4) Pause Young (Allocation Failure) 125M->124M(247M) 68.697ms
[2020-01-29T21:42:27.446+0300][0.633s][info][gc] GC(5) Pause Young (Allocation Failure) 192M->192M(247M) 0.045ms
[2020-01-29T21:42:27.531+0300][0.718s][info][gc] GC(6) Pause Full (Allocation Failure) 192M->59M(247M) 84.742ms
[2020-01-29T21:42:27.606+0300][0.793s][info][gc] GC(7) Pause Young (Allocation Failure) 127M->127M(247M) 65.896ms
[2020-01-29T21:42:27.626+0300][0.813s][info][gc] GC(8) Pause Young (Allocation Failure) 195M->195M(247M) 0.043ms
[2020-01-29T21:42:27.714+0300][0.900s][info][gc] GC(9) Pause Full (Allocation Failure) 195M->61M(247M) 87.458ms
[2020-01-29T21:42:27.789+0300][0.977s][info][gc] GC(10) Pause Young (Allocation Failure) 130M->130M(247M) 66.706ms
[2020-01-29T21:42:27.809+0300][0.997s][info][gc] GC(11) Pause Young (Allocation Failure) 198M->198M(247M) 0.044ms
[2020-01-29T21:42:27.903+0300][1.090s][info][gc] GC(12) Pause Full (Allocation Failure) 198M->64M(247M) 93.389ms
[2020-01-29T21:42:27.980+0300][1.167s][info][gc] GC(13) Pause Young (Allocation Failure) 132M->131M(247M) 64.144ms
[2020-01-29T21:42:27.998+0300][1.185s][info][gc] GC(14) Pause Young (Allocation Failure) 199M->199M(247M) 0.045ms
[2020-01-29T21:42:28.092+0300][1.279s][info][gc] GC(15) Pause Full (Allocation Failure) 199M->66M(247M) 93.820ms
[2020-01-29T21:42:28.171+0300][1.359s][info][gc] GC(16) Pause Young (Allocation Failure) 134M->134M(247M) 71.183ms
[2020-01-29T21:42:28.193+0300][1.381s][info][gc] GC(17) Pause Young (Allocation Failure) 202M->202M(247M) 0.041ms
[2020-01-29T21:42:28.295+0300][1.482s][info][gc] GC(18) Pause Full (Allocation Failure) 202M->69M(247M) 101.163ms
[2020-01-29T21:42:28.380+0300][1.567s][info][gc] GC(19) Pause Young (Allocation Failure) 135M->135M(247M) 63.713ms
[2020-01-29T21:42:28.388+0300][1.575s][info][gc] GC(20) Pause Young (Allocation Failure) 203M->203M(247M) 0.046ms
[2020-01-29T21:42:28.488+0300][1.674s][info][gc] GC(21) Pause Full (Allocation Failure) 203M->70M(247M) 99.815ms
[2020-01-29T21:42:28.570+0300][1.758s][info][gc] GC(22) Pause Young (Allocation Failure) 136M->135M(247M) 63.664ms
[2020-01-29T21:42:28.577+0300][1.765s][info][gc] GC(23) Pause Young (Allocation Failure) 203M->203M(247M) 0.042ms
[2020-01-29T21:42:28.675+0300][1.862s][info][gc] GC(24) Pause Full (Allocation Failure) 203M->70M(247M) 97.388ms
[2020-01-29T21:42:28.755+0300][1.943s][info][gc] GC(25) Pause Young (Allocation Failure) 136M->135M(247M) 62.004ms
[2020-01-29T21:42:28.762+0300][1.949s][info][gc] GC(26) Pause Young (Allocation Failure) 203M->203M(247M) 0.043ms
[2020-01-29T21:42:28.860+0300][2.047s][info][gc] GC(27) Pause Full (Allocation Failure) 203M->70M(247M) 97.261ms
[2020-01-29T21:42:28.941+0300][2.128s][info][gc] GC(28) Pause Young (Allocation Failure) 136M->135M(247M) 63.006ms
[2020-01-29T21:42:28.948+0300][2.135s][info][gc] GC(29) Pause Young (Allocation Failure) 203M->203M(247M) 0.042ms
[2020-01-29T21:42:29.045+0300][2.233s][info][gc] GC(30) Pause Full (Allocation Failure) 203M->70M(247M) 97.356ms
[2020-01-29T21:42:29.127+0300][2.314s][info][gc] GC(31) Pause Young (Allocation Failure) 136M->135M(247M) 62.437ms
[2020-01-29T21:42:29.135+0300][2.322s][info][gc] GC(32) Pause Young (Allocation Failure) 203M->203M(247M) 0.044ms
[2020-01-29T21:42:29.232+0300][2.419s][info][gc] GC(33) Pause Full (Allocation Failure) 203M->69M(247M) 97.305ms
[2020-01-29T21:42:29.313+0300][2.500s][info][gc] GC(34) Pause Young (Allocation Failure) 136M->135M(247M) 61.965ms
[2020-01-29T21:42:29.320+0300][2.507s][info][gc] GC(35) Pause Young (Allocation Failure) 203M->203M(247M) 0.042ms
[2020-01-29T21:42:29.417+0300][2.604s][info][gc] GC(36) Pause Full (Allocation Failure) 203M->70M(247M) 96.770ms
[2020-01-29T21:42:29.498+0300][2.685s][info][gc] GC(37) Pause Young (Allocation Failure) 136M->135M(247M) 61.928ms
[2020-01-29T21:42:29.505+0300][2.692s][info][gc] GC(38) Pause Young (Allocation Failure) 203M->203M(247M) 0.042ms
[2020-01-29T21:42:29.602+0300][2.788s][info][gc] GC(39) Pause Full (Allocation Failure) 203M->70M(247M) 96.845ms
[2020-01-29T21:42:29.683+0300][2.870s][info][gc] GC(40) Pause Young (Allocation Failure) 136M->135M(247M) 62.027ms
[2020-01-29T21:42:29.690+0300][2.877s][info][gc] GC(41) Pause Young (Allocation Failure) 203M->203M(247M) 0.045ms
[2020-01-29T21:42:29.787+0300][2.974s][info][gc] GC(42) Pause Full (Allocation Failure) 203M->70M(247M) 96.529ms
[2020-01-29T21:42:29.867+0300][3.054s][info][gc] GC(43) Pause Young (Allocation Failure) 136M->135M(247M) 61.473ms
[2020-01-29T21:42:29.874+0300][3.061s][info][gc] GC(44) Pause Young (Allocation Failure) 203M->203M(247M) 0.041ms
[2020-01-29T21:42:29.971+0300][3.158s][info][gc] GC(45) Pause Full (Allocation Failure) 203M->70M(247M) 97.210ms
[2020-01-29T21:42:30.052+0300][3.239s][info][gc] GC(46) Pause Young (Allocation Failure) 136M->135M(247M) 62.048ms
[2020-01-29T21:42:30.059+0300][3.246s][info][gc] GC(47) Pause Young (Allocation Failure) 203M->203M(247M) 0.047ms
[2020-01-29T21:42:30.156+0300][3.342s][info][gc] GC(48) Pause Full (Allocation Failure) 203M->70M(247M) 96.901ms
[2020-01-29T21:42:30.236+0300][3.423s][info][gc] GC(49) Pause Young (Allocation Failure) 136M->135M(247M) 62.074ms
[2020-01-29T21:42:30.243+0300][3.430s][info][gc] GC(50) Pause Young (Allocation Failure) 203M->203M(247M) 0.045ms
[2020-01-29T21:42:30.339+0300][3.527s][info][gc] GC(51) Pause Full (Allocation Failure) 203M->70M(247M) 96.256ms
[2020-01-29T21:42:30.420+0300][3.607s][info][gc] GC(52) Pause Young (Allocation Failure) 136M->135M(247M) 61.849ms
[2020-01-29T21:42:30.426+0300][3.613s][info][gc] GC(53) Pause Young (Allocation Failure) 203M->203M(247M) 0.041ms
[2020-01-29T21:42:30.524+0300][3.711s][info][gc] GC(54) Pause Full (Allocation Failure) 203M->70M(247M) 97.498ms
[2020-01-29T21:42:30.603+0300][3.790s][info][gc] GC(55) Pause Young (Allocation Failure) 136M->135M(247M) 61.847ms
[2020-01-29T21:42:30.610+0300][3.797s][info][gc] GC(56) Pause Young (Allocation Failure) 203M->203M(247M) 0.043ms
[2020-01-29T21:42:30.706+0300][3.893s][info][gc] GC(57) Pause Full (Allocation Failure) 203M->70M(247M) 95.820ms
[2020-01-29T21:42:30.786+0300][3.973s][info][gc] GC(58) Pause Young (Allocation Failure) 136M->135M(247M) 61.636ms
[2020-01-29T21:42:30.793+0300][3.980s][info][gc] GC(59) Pause Young (Allocation Failure) 203M->203M(247M) 0.041ms
[2020-01-29T21:42:30.889+0300][4.076s][info][gc] GC(60) Pause Full (Allocation Failure) 203M->70M(247M) 95.876ms
[2020-01-29T21:42:30.968+0300][4.156s][info][gc] GC(61) Pause Young (Allocation Failure) 136M->135M(247M) 61.487ms
[2020-01-29T21:42:30.975+0300][4.163s][info][gc] GC(62) Pause Young (Allocation Failure) 203M->203M(247M) 0.041ms
[2020-01-29T21:42:31.073+0300][4.260s][info][gc] GC(63) Pause Full (Allocation Failure) 203M->70M(247M) 97.158ms
[2020-01-29T21:42:31.153+0300][4.340s][info][gc] GC(64) Pause Young (Allocation Failure) 136M->135M(247M) 61.446ms
[2020-01-29T21:42:31.160+0300][4.347s][info][gc] GC(65) Pause Young (Allocation Failure) 203M->203M(247M) 0.041ms
[2020-01-29T21:42:31.256+0300][4.443s][info][gc] GC(66) Pause Full (Allocation Failure) 203M->70M(247M) 95.618ms
[2020-01-29T21:42:31.335+0300][4.523s][info][gc] GC(67) Pause Young (Allocation Failure) 136M->135M(247M) 61.587ms
[2020-01-29T21:42:31.342+0300][4.530s][info][gc] GC(68) Pause Young (Allocation Failure) 203M->203M(247M) 0.041ms
[2020-01-29T21:42:31.438+0300][4.625s][info][gc] GC(69) Pause Full (Allocation Failure) 203M->70M(247M) 95.891ms
[2020-01-29T21:42:31.518+0300][4.705s][info][gc] GC(70) Pause Young (Allocation Failure) 136M->135M(247M) 61.443ms
[2020-01-29T21:42:31.525+0300][4.712s][info][gc] GC(71) Pause Young (Allocation Failure) 203M->203M(247M) 0.043ms
[2020-01-29T21:42:31.623+0300][4.809s][info][gc] GC(72) Pause Full (Allocation Failure) 203M->70M(247M) 97.089ms
[2020-01-29T21:42:31.702+0300][4.889s][info][gc] GC(73) Pause Young (Allocation Failure) 136M->135M(247M) 61.937ms
[2020-01-29T21:42:31.708+0300][4.896s][info][gc] GC(74) Pause Young (Allocation Failure) 203M->203M(247M) 0.042ms
[2020-01-29T21:42:31.805+0300][4.993s][info][gc] GC(75) Pause Full (Allocation Failure) 203M->70M(247M) 96.766ms
[2020-01-29T21:42:31.886+0300][5.073s][info][gc] GC(76) Pause Young (Allocation Failure) 136M->135M(247M) 62.217ms
[2020-01-29T21:42:31.893+0300][5.080s][info][gc] GC(77) Pause Young (Allocation Failure) 203M->203M(247M) 0.044ms
[2020-01-29T21:42:31.990+0300][5.176s][info][gc] GC(78) Pause Full (Allocation Failure) 203M->70M(247M) 96.267ms
[2020-01-29T21:42:32.069+0300][5.257s][info][gc] GC(79) Pause Young (Allocation Failure) 136M->135M(247M) 61.389ms
[2020-01-29T21:42:32.076+0300][5.264s][info][gc] GC(80) Pause Young (Allocation Failure) 203M->203M(247M) 0.043ms
[2020-01-29T21:42:32.174+0300][5.360s][info][gc] GC(81) Pause Full (Allocation Failure) 203M->70M(247M) 96.479ms
[2020-01-29T21:42:32.254+0300][5.441s][info][gc] GC(82) Pause Young (Allocation Failure) 136M->135M(247M) 61.446ms
[2020-01-29T21:42:32.260+0300][5.447s][info][gc] GC(83) Pause Young (Allocation Failure) 203M->203M(247M) 0.041ms
[2020-01-29T21:42:32.358+0300][5.545s][info][gc] GC(84) Pause Full (Allocation Failure) 203M->70M(247M) 97.479ms
[2020-01-29T21:42:32.439+0300][5.626s][info][gc] GC(85) Pause Young (Allocation Failure) 136M->135M(247M) 62.252ms
[2020-01-29T21:42:32.446+0300][5.633s][info][gc] GC(86) Pause Young (Allocation Failure) 203M->203M(247M) 0.042ms
[2020-01-29T21:42:32.545+0300][5.731s][info][gc] GC(87) Pause Full (Allocation Failure) 203M->70M(247M) 98.087ms
[2020-01-29T21:42:32.631+0300][5.817s][info][gc] GC(88) Pause Young (Allocation Failure) 136M->135M(247M) 66.829ms
[2020-01-29T21:42:32.640+0300][5.828s][info][gc] GC(89) Pause Young (Allocation Failure) 203M->203M(247M) 0.045ms
[2020-01-29T21:42:32.741+0300][5.928s][info][gc] GC(90) Pause Full (Allocation Failure) 203M->70M(247M) 100.404ms
[2020-01-29T21:42:32.821+0300][6.009s][info][gc] GC(91) Pause Young (Allocation Failure) 136M->135M(247M) 61.666ms
[2020-01-29T21:42:32.828+0300][6.015s][info][gc] GC(92) Pause Young (Allocation Failure) 203M->203M(247M) 0.043ms
[2020-01-29T21:42:32.925+0300][6.112s][info][gc] GC(93) Pause Full (Allocation Failure) 203M->70M(247M) 96.353ms
[2020-01-29T21:42:33.005+0300][6.192s][info][gc] GC(94) Pause Young (Allocation Failure) 136M->135M(247M) 61.625ms
[2020-01-29T21:42:33.011+0300][6.199s][info][gc] GC(95) Pause Young (Allocation Failure) 203M->203M(247M) 0.040ms
[2020-01-29T21:42:33.108+0300][6.295s][info][gc] GC(96) Pause Full (Allocation Failure) 203M->70M(247M) 96.297ms
[2020-01-29T21:42:33.188+0300][6.375s][info][gc] GC(97) Pause Young (Allocation Failure) 136M->135M(247M) 61.556ms
[2020-01-29T21:42:33.195+0300][6.382s][info][gc] GC(98) Pause Young (Allocation Failure) 203M->203M(247M) 0.041ms
[2020-01-29T21:42:33.291+0300][6.479s][info][gc] GC(99) Pause Full (Allocation Failure) 203M->70M(247M) 96.495ms
[2020-01-29T21:42:33.371+0300][6.558s][info][gc] GC(100) Pause Young (Allocation Failure) 136M->135M(247M) 61.530ms
[2020-01-29T21:42:33.378+0300][6.565s][info][gc] GC(101) Pause Young (Allocation Failure) 203M->203M(247M) 0.040ms
[2020-01-29T21:42:33.474+0300][6.661s][info][gc] GC(102) Pause Full (Allocation Failure) 203M->70M(247M) 96.001ms
[2020-01-29T21:42:33.554+0300][6.741s][info][gc] GC(103) Pause Young (Allocation Failure) 136M->135M(247M) 61.765ms
[2020-01-29T21:42:33.561+0300][6.748s][info][gc] GC(104) Pause Young (Allocation Failure) 203M->203M(247M) 0.042ms
[2020-01-29T21:42:33.657+0300][6.844s][info][gc] GC(105) Pause Full (Allocation Failure) 203M->70M(247M) 96.360ms
[2020-01-29T21:42:33.737+0300][6.924s][info][gc] GC(106) Pause Young (Allocation Failure) 136M->135M(247M) 61.503ms
[2020-01-29T21:42:33.744+0300][6.931s][info][gc] GC(107) Pause Young (Allocation Failure) 203M->203M(247M) 0.043ms
[2020-01-29T21:42:33.841+0300][7.028s][info][gc] GC(108) Pause Full (Allocation Failure) 203M->70M(247M) 96.590ms
[2020-01-29T21:42:33.921+0300][7.108s][info][gc] GC(109) Pause Young (Allocation Failure) 136M->135M(247M) 61.768ms
[2020-01-29T21:42:33.928+0300][7.115s][info][gc] GC(110) Pause Young (Allocation Failure) 203M->203M(247M) 0.044ms
[2020-01-29T21:42:34.024+0300][7.211s][info][gc] GC(111) Pause Full (Allocation Failure) 203M->70M(247M) 96.581ms
[2020-01-29T21:42:34.106+0300][7.293s][info][gc] GC(112) Pause Young (Allocation Failure) 136M->135M(247M) 62.007ms
[2020-01-29T21:42:34.113+0300][7.300s][info][gc] GC(113) Pause Young (Allocation Failure) 203M->203M(247M) 0.049ms
[2020-01-29T21:42:34.209+0300][7.396s][info][gc] GC(114) Pause Full (Allocation Failure) 203M->70M(247M) 96.180ms
[2020-01-29T21:42:34.289+0300][7.476s][info][gc] GC(115) Pause Young (Allocation Failure) 136M->135M(247M) 61.457ms
[2020-01-29T21:42:34.296+0300][7.483s][info][gc] GC(116) Pause Young (Allocation Failure) 203M->203M(247M) 0.041ms
[2020-01-29T21:42:34.393+0300][7.580s][info][gc] GC(117) Pause Full (Allocation Failure) 203M->70M(247M) 97.374ms
[2020-01-29T21:42:34.473+0300][7.661s][info][gc] GC(118) Pause Young (Allocation Failure) 136M->135M(247M) 61.565ms
[2020-01-29T21:42:34.480+0300][7.667s][info][gc] GC(119) Pause Young (Allocation Failure) 203M->203M(247M) 0.041ms
[2020-01-29T21:42:34.577+0300][7.764s][info][gc] GC(120) Pause Full (Allocation Failure) 203M->70M(247M) 96.446ms
[2020-01-29T21:42:34.658+0300][7.845s][info][gc] GC(121) Pause Young (Allocation Failure) 136M->135M(247M) 62.287ms
[2020-01-29T21:42:34.665+0300][7.852s][info][gc] GC(122) Pause Young (Allocation Failure) 203M->203M(247M) 0.044ms
[2020-01-29T21:42:34.761+0300][7.949s][info][gc] GC(123) Pause Full (Allocation Failure) 203M->70M(247M) 96.779ms
[2020-01-29T21:42:34.841+0300][8.028s][info][gc] GC(124) Pause Young (Allocation Failure) 136M->135M(247M) 61.531ms
[2020-01-29T21:42:34.848+0300][8.035s][info][gc] GC(125) Pause Young (Allocation Failure) 203M->203M(247M) 0.043ms
[2020-01-29T21:42:34.945+0300][8.132s][info][gc] GC(126) Pause Full (Allocation Failure) 203M->70M(247M) 96.502ms
[2020-01-29T21:42:35.025+0300][8.212s][info][gc] GC(127) Pause Young (Allocation Failure) 136M->135M(247M) 61.502ms
[2020-01-29T21:42:35.032+0300][8.219s][info][gc] GC(128) Pause Young (Allocation Failure) 203M->203M(247M) 0.041ms
[2020-01-29T21:42:35.127+0300][8.315s][info][gc] GC(129) Pause Full (Allocation Failure) 203M->70M(247M) 95.765ms
[2020-01-29T21:42:35.208+0300][8.395s][info][gc] GC(130) Pause Young (Allocation Failure) 136M->135M(247M) 61.848ms
[2020-01-29T21:42:35.214+0300][8.402s][info][gc] GC(131) Pause Young (Allocation Failure) 203M->203M(247M) 0.042ms
[2020-01-29T21:42:35.317+0300][8.504s][info][gc] GC(132) Pause Full (Allocation Failure) 203M->70M(247M) 102.621ms
[2020-01-29T21:42:35.398+0300][8.584s][info][gc] GC(133) Pause Young (Allocation Failure) 136M->135M(247M) 61.513ms
[2020-01-29T21:42:35.405+0300][8.591s][info][gc] GC(134) Pause Young (Allocation Failure) 203M->203M(247M) 0.042ms
[2020-01-29T21:42:35.502+0300][8.689s][info][gc] GC(135) Pause Full (Allocation Failure) 203M->70M(247M) 97.210ms
[2020-01-29T21:42:35.582+0300][8.769s][info][gc] GC(136) Pause Young (Allocation Failure) 136M->135M(247M) 61.762ms
[2020-01-29T21:42:35.589+0300][8.776s][info][gc] GC(137) Pause Young (Allocation Failure) 203M->203M(247M) 0.078ms
[2020-01-29T21:42:35.686+0300][8.873s][info][gc] GC(138) Pause Full (Allocation Failure) 203M->70M(247M) 96.538ms
[2020-01-29T21:42:35.767+0300][8.954s][info][gc] GC(139) Pause Young (Allocation Failure) 136M->135M(247M) 62.646ms
[2020-01-29T21:42:35.775+0300][8.961s][info][gc] GC(140) Pause Young (Allocation Failure) 203M->203M(247M) 0.048ms
[2020-01-29T21:42:35.870+0300][9.057s][info][gc] GC(141) Pause Full (Allocation Failure) 203M->70M(247M) 95.873ms
[2020-01-29T21:42:35.950+0300][9.137s][info][gc] GC(142) Pause Young (Allocation Failure) 136M->135M(247M) 61.476ms
[2020-01-29T21:42:35.957+0300][9.144s][info][gc] GC(143) Pause Young (Allocation Failure) 203M->203M(247M) 0.042ms
[2020-01-29T21:42:36.054+0300][9.241s][info][gc] GC(144) Pause Full (Allocation Failure) 203M->70M(247M) 96.397ms
[2020-01-29T21:42:36.134+0300][9.321s][info][gc] GC(145) Pause Young (Allocation Failure) 136M->135M(247M) 61.488ms
[2020-01-29T21:42:36.141+0300][9.328s][info][gc] GC(146) Pause Young (Allocation Failure) 203M->203M(247M) 0.040ms
[2020-01-29T21:42:36.236+0300][9.424s][info][gc] GC(147) Pause Full (Allocation Failure) 203M->70M(247M) 95.723ms
[2020-01-29T21:42:36.317+0300][9.504s][info][gc] GC(148) Pause Young (Allocation Failure) 136M->135M(247M) 62.159ms
[2020-01-29T21:42:36.326+0300][9.513s][info][gc] GC(149) Pause Young (Allocation Failure) 203M->203M(247M) 0.044ms
[2020-01-29T21:42:36.422+0300][9.610s][info][gc] GC(150) Pause Full (Allocation Failure) 203M->69M(247M) 96.177ms
[2020-01-29T21:42:36.503+0300][9.691s][info][gc] GC(151) Pause Young (Allocation Failure) 135M->135M(247M) 62.087ms
[2020-01-29T21:42:36.510+0300][9.697s][info][gc] GC(152) Pause Young (Allocation Failure) 203M->203M(247M) 0.041ms
[2020-01-29T21:42:36.607+0300][9.794s][info][gc] GC(153) Pause Full (Allocation Failure) 203M->70M(247M) 96.889ms
[2020-01-29T21:42:36.689+0300][9.876s][info][gc] GC(154) Pause Young (Allocation Failure) 137M->135M(247M) 62.191ms
[2020-01-29T21:42:36.696+0300][9.883s][info][gc] GC(155) Pause Young (Allocation Failure) 203M->203M(247M) 0.041ms
[2020-01-29T21:42:36.793+0300][9.980s][info][gc] GC(156) Pause Full (Allocation Failure) 203M->70M(247M) 97.220ms
[2020-01-29T21:42:36.874+0300][10.062s][info][gc] GC(157) Pause Young (Allocation Failure) 136M->135M(247M) 62.627ms
[2020-01-29T21:42:36.883+0300][10.070s][info][gc] GC(158) Pause Young (Allocation Failure) 203M->203M(247M) 0.040ms
[2020-01-29T21:42:36.980+0300][10.167s][info][gc] GC(159) Pause Full (Allocation Failure) 203M->70M(247M) 97.228ms
[2020-01-29T21:42:37.063+0300][10.250s][info][gc] GC(160) Pause Young (Allocation Failure) 136M->135M(247M) 62.211ms
[2020-01-29T21:42:37.071+0300][10.258s][info][gc] GC(161) Pause Young (Allocation Failure) 203M->203M(247M) 0.043ms
[2020-01-29T21:42:37.167+0300][10.355s][info][gc] GC(162) Pause Full (Allocation Failure) 203M->69M(247M) 97.113ms
[2020-01-29T21:42:37.250+0300][10.437s][info][gc] GC(163) Pause Young (Allocation Failure) 137M->135M(247M) 63.568ms
[2020-01-29T21:42:37.258+0300][10.445s][info][gc] GC(164) Pause Young (Allocation Failure) 204M->204M(247M) 0.039ms
[2020-01-29T21:42:37.354+0300][10.542s][info][gc] GC(165) Pause Full (Allocation Failure) 204M->70M(247M) 96.991ms
[2020-01-29T21:42:37.451+0300][10.638s][info][gc] GC(166) Pause Young (Allocation Failure) 136M->135M(247M) 68.165ms
[2020-01-29T21:42:37.476+0300][10.664s][info][gc] GC(167) Pause Young (Allocation Failure) 204M->204M(247M) 0.063ms
[2020-01-29T21:42:37.576+0300][10.763s][info][gc] GC(168) Pause Full (Allocation Failure) 204M->70M(247M) 99.404ms
[2020-01-29T21:42:37.656+0300][10.843s][info][gc] GC(169) Pause Young (Allocation Failure) 136M->135M(247M) 61.699ms
[2020-01-29T21:42:37.664+0300][10.851s][info][gc] GC(170) Pause Young (Allocation Failure) 204M->204M(247M) 0.043ms
[2020-01-29T21:42:37.761+0300][10.949s][info][gc] GC(171) Pause Full (Allocation Failure) 204M->70M(247M) 98.067ms
[2020-01-29T21:42:37.841+0300][11.029s][info][gc] GC(172) Pause Young (Allocation Failure) 137M->135M(247M) 61.583ms
[2020-01-29T21:42:37.848+0300][11.035s][info][gc] GC(173) Pause Young (Allocation Failure) 204M->204M(247M) 0.042ms
[2020-01-29T21:42:37.946+0300][11.133s][info][gc] GC(174) Pause Full (Allocation Failure) 204M->70M(247M) 97.797ms
[2020-01-29T21:42:38.026+0300][11.213s][info][gc] GC(175) Pause Young (Allocation Failure) 137M->135M(247M) 61.616ms
[2020-01-29T21:42:38.033+0300][11.220s][info][gc] GC(176) Pause Young (Allocation Failure) 204M->204M(247M) 0.047ms
[2020-01-29T21:42:38.131+0300][11.318s][info][gc] GC(177) Pause Full (Allocation Failure) 204M->70M(247M) 97.679ms
[2020-01-29T21:42:38.211+0300][11.398s][info][gc] GC(178) Pause Young (Allocation Failure) 137M->135M(247M) 61.766ms
[2020-01-29T21:42:38.218+0300][11.405s][info][gc] GC(179) Pause Young (Allocation Failure) 204M->204M(247M) 0.044ms
[2020-01-29T21:42:38.316+0300][11.503s][info][gc] GC(180) Pause Full (Allocation Failure) 204M->70M(247M) 97.919ms
[2020-01-29T21:42:38.397+0300][11.584s][info][gc] GC(181) Pause Young (Allocation Failure) 137M->135M(247M) 62.036ms
[2020-01-29T21:42:38.406+0300][11.593s][info][gc] GC(182) Pause Young (Allocation Failure) 204M->204M(247M) 0.040ms
[2020-01-29T21:42:38.504+0300][11.691s][info][gc] GC(183) Pause Full (Allocation Failure) 204M->70M(247M) 97.438ms
[2020-01-29T21:42:38.585+0300][11.772s][info][gc] GC(184) Pause Young (Allocation Failure) 137M->135M(247M) 62.177ms
[2020-01-29T21:42:38.594+0300][11.781s][info][gc] GC(185) Pause Young (Allocation Failure) 204M->204M(247M) 0.042ms
[2020-01-29T21:42:38.694+0300][11.882s][info][gc] GC(186) Pause Full (Allocation Failure) 204M->70M(247M) 100.240ms
[2020-01-29T21:42:38.779+0300][11.967s][info][gc] GC(187) Pause Young (Allocation Failure) 137M->135M(247M) 64.649ms
[2020-01-29T21:42:38.786+0300][11.973s][info][gc] GC(188) Pause Young (Allocation Failure) 204M->204M(247M) 0.044ms
[2020-01-29T21:42:38.884+0300][12.071s][info][gc] GC(189) Pause Full (Allocation Failure) 204M->70M(247M) 97.699ms
[2020-01-29T21:42:38.964+0300][12.151s][info][gc] GC(190) Pause Young (Allocation Failure) 137M->135M(247M) 61.532ms
[2020-01-29T21:42:38.971+0300][12.158s][info][gc] GC(191) Pause Young (Allocation Failure) 204M->204M(247M) 0.042ms
[2020-01-29T21:42:39.069+0300][12.256s][info][gc] GC(192) Pause Full (Allocation Failure) 204M->70M(247M) 98.154ms
[2020-01-29T21:42:39.149+0300][12.336s][info][gc] GC(193) Pause Young (Allocation Failure) 137M->135M(247M) 61.673ms
[2020-01-29T21:42:39.157+0300][12.344s][info][gc] GC(194) Pause Young (Allocation Failure) 204M->204M(247M) 0.045ms
[2020-01-29T21:42:39.254+0300][12.442s][info][gc] GC(195) Pause Full (Allocation Failure) 204M->70M(247M) 98.375ms
[2020-01-29T21:42:39.334+0300][12.522s][info][gc] GC(196) Pause Young (Allocation Failure) 137M->135M(247M) 61.460ms
[2020-01-29T21:42:39.341+0300][12.528s][info][gc] GC(197) Pause Young (Allocation Failure) 204M->204M(247M) 0.045ms
[2020-01-29T21:42:39.439+0300][12.626s][info][gc] GC(198) Pause Full (Allocation Failure) 204M->70M(247M) 98.079ms
[2020-01-29T21:42:39.524+0300][12.711s][info][gc] GC(199) Pause Young (Allocation Failure) 137M->136M(247M) 61.687ms
[2020-01-29T21:42:39.531+0300][12.718s][info][gc] GC(200) Pause Young (Allocation Failure) 204M->204M(247M) 0.041ms
[2020-01-29T21:42:39.628+0300][12.816s][info][gc] GC(201) Pause Full (Allocation Failure) 204M->70M(247M) 97.494ms
[2020-01-29T21:42:39.708+0300][12.896s][info][gc] GC(202) Pause Young (Allocation Failure) 137M->136M(247M) 61.581ms
[2020-01-29T21:42:39.716+0300][12.903s][info][gc] GC(203) Pause Young (Allocation Failure) 204M->204M(247M) 0.045ms
[2020-01-29T21:42:39.815+0300][13.002s][info][gc] GC(204) Pause Full (Allocation Failure) 204M->70M(247M) 98.840ms
[2020-01-29T21:42:39.896+0300][13.083s][info][gc] GC(205) Pause Young (Allocation Failure) 137M->136M(247M) 62.024ms
[2020-01-29T21:42:39.902+0300][13.089s][info][gc] GC(206) Pause Young (Allocation Failure) 204M->204M(247M) 0.041ms
[2020-01-29T21:42:40.000+0300][13.188s][info][gc] GC(207) Pause Full (Allocation Failure) 204M->70M(247M) 98.270ms
[2020-01-29T21:42:40.080+0300][13.268s][info][gc] GC(208) Pause Young (Allocation Failure) 137M->136M(247M) 61.489ms
[2020-01-29T21:42:40.087+0300][13.274s][info][gc] GC(209) Pause Young (Allocation Failure) 204M->204M(247M) 0.043ms
[2020-01-29T21:42:40.185+0300][13.372s][info][gc] GC(210) Pause Full (Allocation Failure) 204M->70M(247M) 97.778ms
[2020-01-29T21:42:40.265+0300][13.452s][info][gc] GC(211) Pause Young (Allocation Failure) 137M->136M(247M) 61.637ms
[2020-01-29T21:42:40.272+0300][13.459s][info][gc] GC(212) Pause Young (Allocation Failure) 204M->204M(247M) 0.043ms
[2020-01-29T21:42:40.370+0300][13.557s][info][gc] GC(213) Pause Full (Allocation Failure) 204M->70M(247M) 97.682ms
[2020-01-29T21:42:40.450+0300][13.637s][info][gc] GC(214) Pause Young (Allocation Failure) 137M->136M(247M) 61.558ms
[2020-01-29T21:42:40.457+0300][13.644s][info][gc] GC(215) Pause Young (Allocation Failure) 204M->204M(247M) 0.040ms
[2020-01-29T21:42:40.555+0300][13.743s][info][gc] GC(216) Pause Full (Allocation Failure) 204M->70M(247M) 98.615ms
[2020-01-29T21:42:40.637+0300][13.823s][info][gc] GC(217) Pause Young (Allocation Failure) 137M->136M(247M) 62.371ms
[2020-01-29T21:42:40.643+0300][13.830s][info][gc] GC(218) Pause Young (Allocation Failure) 204M->204M(247M) 0.043ms
[2020-01-29T21:42:40.741+0300][13.928s][info][gc] GC(219) Pause Full (Allocation Failure) 204M->70M(247M) 97.459ms
[2020-01-29T21:42:40.820+0300][14.007s][info][gc] GC(220) Pause Young (Allocation Failure) 137M->136M(247M) 61.575ms
[2020-01-29T21:42:40.827+0300][14.014s][info][gc] GC(221) Pause Young (Allocation Failure) 204M->204M(247M) 0.045ms
[2020-01-29T21:42:40.924+0300][14.112s][info][gc] GC(222) Pause Full (Allocation Failure) 204M->70M(247M) 97.760ms
[2020-01-29T21:42:41.004+0300][14.192s][info][gc] GC(223) Pause Young (Allocation Failure) 137M->136M(247M) 61.444ms
[2020-01-29T21:42:41.011+0300][14.198s][info][gc] GC(224) Pause Young (Allocation Failure) 204M->204M(247M) 0.041ms
[2020-01-29T21:42:41.109+0300][14.296s][info][gc] GC(225) Pause Full (Allocation Failure) 204M->70M(247M) 98.080ms
[2020-01-29T21:42:41.189+0300][14.376s][info][gc] GC(226) Pause Young (Allocation Failure) 137M->136M(247M) 61.494ms
[2020-01-29T21:42:41.196+0300][14.383s][info][gc] GC(227) Pause Young (Allocation Failure) 204M->204M(247M) 0.040ms
[2020-01-29T21:42:41.293+0300][14.480s][info][gc] GC(228) Pause Full (Allocation Failure) 204M->70M(247M) 97.391ms
[2020-01-29T21:42:41.373+0300][14.561s][info][gc] GC(229) Pause Young (Allocation Failure) 137M->136M(247M) 61.593ms
[2020-01-29T21:42:41.381+0300][14.568s][info][gc] GC(230) Pause Young (Allocation Failure) 204M->204M(247M) 0.053ms
[2020-01-29T21:42:41.480+0300][14.667s][info][gc] GC(231) Pause Full (Allocation Failure) 204M->70M(247M) 99.354ms
[2020-01-29T21:42:41.561+0300][14.748s][info][gc] GC(232) Pause Young (Allocation Failure) 137M->136M(247M) 61.567ms
[2020-01-29T21:42:41.569+0300][14.755s][info][gc] GC(233) Pause Young (Allocation Failure) 204M->204M(247M) 0.045ms
[2020-01-29T21:42:41.666+0300][14.853s][info][gc] GC(234) Pause Full (Allocation Failure) 204M->70M(247M) 98.016ms
[2020-01-29T21:42:41.746+0300][14.933s][info][gc] GC(235) Pause Young (Allocation Failure) 137M->136M(247M) 61.447ms
[2020-01-29T21:42:41.753+0300][14.940s][info][gc] GC(236) Pause Young (Allocation Failure) 204M->204M(247M) 0.043ms
[2020-01-29T21:42:41.850+0300][15.037s][info][gc] GC(237) Pause Full (Allocation Failure) 204M->70M(247M) 97.019ms
[2020-01-29T21:42:41.929+0300][15.117s][info][gc] GC(238) Pause Young (Allocation Failure) 137M->136M(247M) 61.586ms
[2020-01-29T21:42:41.936+0300][15.123s][info][gc] GC(239) Pause Young (Allocation Failure) 204M->204M(247M) 0.044ms
[2020-01-29T21:42:42.034+0300][15.221s][info][gc] GC(240) Pause Full (Allocation Failure) 204M->70M(247M) 97.668ms
[2020-01-29T21:42:42.114+0300][15.302s][info][gc] GC(241) Pause Young (Allocation Failure) 137M->136M(247M) 62.151ms
[2020-01-29T21:42:42.121+0300][15.308s][info][gc] GC(242) Pause Young (Allocation Failure) 204M->204M(247M) 0.041ms
[2020-01-29T21:42:42.220+0300][15.407s][info][gc] GC(243) Pause Full (Allocation Failure) 204M->70M(247M) 98.295ms
[2020-01-29T21:42:42.299+0300][15.487s][info][gc] GC(244) Pause Young (Allocation Failure) 137M->136M(247M) 61.462ms
[2020-01-29T21:42:42.306+0300][15.493s][info][gc] GC(245) Pause Young (Allocation Failure) 204M->204M(247M) 0.043ms
[2020-01-29T21:42:42.404+0300][15.591s][info][gc] GC(246) Pause Full (Allocation Failure) 204M->70M(247M) 97.623ms
[2020-01-29T21:42:42.487+0300][15.675s][info][gc] GC(247) Pause Young (Allocation Failure) 137M->136M(247M) 62.575ms
[2020-01-29T21:42:42.495+0300][15.682s][info][gc] GC(248) Pause Young (Allocation Failure) 204M->204M(247M) 0.042ms
[2020-01-29T21:42:42.593+0300][15.780s][info][gc] GC(249) Pause Full (Allocation Failure) 204M->70M(247M) 97.855ms
[2020-01-29T21:42:42.673+0300][15.860s][info][gc] GC(250) Pause Young (Allocation Failure) 137M->136M(247M) 61.459ms
[2020-01-29T21:42:42.680+0300][15.867s][info][gc] GC(251) Pause Young (Allocation Failure) 204M->204M(247M) 0.042ms
[2020-01-29T21:42:42.778+0300][15.965s][info][gc] GC(252) Pause Full (Allocation Failure) 204M->70M(247M) 98.227ms
[2020-01-29T21:42:42.857+0300][16.045s][info][gc] GC(253) Pause Young (Allocation Failure) 137M->136M(247M) 61.461ms
[2020-01-29T21:42:42.864+0300][16.051s][info][gc] GC(254) Pause Young (Allocation Failure) 204M->204M(247M) 0.041ms
[2020-01-29T21:42:42.962+0300][16.149s][info][gc] GC(255) Pause Full (Allocation Failure) 204M->70M(247M) 97.767ms
[2020-01-29T21:42:43.042+0300][16.229s][info][gc] GC(256) Pause Young (Allocation Failure) 137M->136M(247M) 61.594ms
[2020-01-29T21:42:43.049+0300][16.236s][info][gc] GC(257) Pause Young (Allocation Failure) 204M->204M(247M) 0.046ms
[2020-01-29T21:42:43.148+0300][16.335s][info][gc] GC(258) Pause Full (Allocation Failure) 204M->70M(247M) 98.890ms
[2020-01-29T21:42:43.228+0300][16.415s][info][gc] GC(259) Pause Young (Allocation Failure) 137M->136M(247M) 62.156ms
[2020-01-29T21:42:43.235+0300][16.422s][info][gc] GC(260) Pause Young (Allocation Failure) 204M->204M(247M) 0.042ms
[2020-01-29T21:42:43.334+0300][16.520s][info][gc] GC(261) Pause Full (Allocation Failure) 204M->70M(247M) 98.426ms
[2020-01-29T21:42:43.413+0300][16.601s][info][gc] GC(262) Pause Young (Allocation Failure) 137M->136M(247M) 61.446ms
[2020-01-29T21:42:43.422+0300][16.609s][info][gc] GC(263) Pause Young (Allocation Failure) 204M->204M(247M) 0.044ms
[2020-01-29T21:42:43.520+0300][16.707s][info][gc] GC(264) Pause Full (Allocation Failure) 204M->70M(247M) 97.799ms
[2020-01-29T21:42:43.601+0300][16.788s][info][gc] GC(265) Pause Young (Allocation Failure) 137M->136M(247M) 62.212ms
[2020-01-29T21:42:43.608+0300][16.795s][info][gc] GC(266) Pause Young (Allocation Failure) 204M->204M(247M) 0.045ms
[2020-01-29T21:42:43.706+0300][16.893s][info][gc] GC(267) Pause Full (Allocation Failure) 204M->70M(247M) 97.603ms
[2020-01-29T21:42:43.785+0300][16.973s][info][gc] GC(268) Pause Young (Allocation Failure) 137M->136M(247M) 61.467ms
[2020-01-29T21:42:43.792+0300][16.979s][info][gc] GC(269) Pause Young (Allocation Failure) 204M->204M(247M) 0.043ms
[2020-01-29T21:42:43.890+0300][17.077s][info][gc] GC(270) Pause Full (Allocation Failure) 204M->70M(247M) 97.741ms
[2020-01-29T21:42:43.970+0300][17.157s][info][gc] GC(271) Pause Young (Allocation Failure) 137M->136M(247M) 61.514ms
[2020-01-29T21:42:43.976+0300][17.163s][info][gc] GC(272) Pause Young (Allocation Failure) 204M->204M(247M) 0.041ms
[2020-01-29T21:42:44.074+0300][17.261s][info][gc] GC(273) Pause Full (Allocation Failure) 204M->70M(247M) 97.426ms
[2020-01-29T21:42:44.154+0300][17.341s][info][gc] GC(274) Pause Young (Allocation Failure) 137M->136M(247M) 61.733ms
[2020-01-29T21:42:44.159+0300][17.348s][info][gc] GC(275) Pause Young (Allocation Failure) 204M->204M(247M) 0.042ms
[2020-01-29T21:42:44.259+0300][17.445s][info][gc] GC(276) Pause Full (Allocation Failure) 204M->70M(247M) 97.827ms
[2020-01-29T21:42:44.339+0300][17.527s][info][gc] GC(277) Pause Young (Allocation Failure) 137M->136M(247M) 61.714ms
[2020-01-29T21:42:44.344+0300][17.534s][info][gc] GC(278) Pause Young (Allocation Failure) 204M->204M(247M) 0.043ms
[2020-01-29T21:42:44.444+0300][17.632s][info][gc] GC(279) Pause Full (Allocation Failure) 204M->70M(247M) 98.495ms
[2020-01-29T21:42:44.539+0300][17.727s][info][gc] GC(280) Pause Young (Allocation Failure) 137M->136M(247M) 61.587ms
[2020-01-29T21:42:44.544+0300][17.734s][info][gc] GC(281) Pause Young (Allocation Failure) 204M->204M(247M) 0.042ms
[2020-01-29T21:42:44.644+0300][17.832s][info][gc] GC(282) Pause Full (Allocation Failure) 204M->70M(247M) 98.177ms
[2020-01-29T21:42:44.720+0300][17.907s][info][gc] GC(283) Pause Young (Allocation Failure) 137M->136M(247M) 61.574ms
[2020-01-29T21:42:44.727+0300][17.914s][info][gc] GC(284) Pause Young (Allocation Failure) 204M->204M(247M) 0.040ms
[2020-01-29T21:42:44.824+0300][18.012s][info][gc] GC(285) Pause Full (Allocation Failure) 204M->70M(247M) 97.809ms
[2020-01-29T21:42:44.904+0300][18.092s][info][gc] GC(286) Pause Young (Allocation Failure) 137M->136M(247M) 61.806ms
[2020-01-29T21:42:44.909+0300][18.099s][info][gc] GC(287) Pause Young (Allocation Failure) 204M->204M(247M) 0.038ms
[2020-01-29T21:42:45.009+0300][18.198s][info][gc] GC(288) Pause Full (Allocation Failure) 204M->70M(247M) 98.579ms
[2020-01-29T21:42:45.085+0300][18.272s][info][gc] GC(289) Pause Young (Allocation Failure) 137M->136M(247M) 61.430ms
[2020-01-29T21:42:45.092+0300][18.279s][info][gc] GC(290) Pause Young (Allocation Failure) 204M->204M(247M) 0.041ms
[2020-01-29T21:42:45.190+0300][18.377s][info][gc] GC(291) Pause Full (Allocation Failure) 204M->70M(247M) 97.487ms
[2020-01-29T21:42:45.270+0300][18.457s][info][gc] GC(292) Pause Young (Allocation Failure) 137M->136M(247M) 61.599ms
[2020-01-29T21:42:45.277+0300][18.464s][info][gc] GC(293) Pause Young (Allocation Failure) 204M->204M(247M) 0.040ms
[2020-01-29T21:42:45.374+0300][18.562s][info][gc] GC(294) Pause Full (Allocation Failure) 204M->70M(247M) 97.844ms
[2020-01-29T21:42:45.454+0300][18.642s][info][gc] GC(295) Pause Young (Allocation Failure) 137M->136M(247M) 61.565ms
[2020-01-29T21:42:45.461+0300][18.649s][info][gc] GC(296) Pause Young (Allocation Failure) 204M->204M(247M) 0.041ms
[2020-01-29T21:42:45.561+0300][18.748s][info][gc] GC(297) Pause Full (Allocation Failure) 204M->70M(247M) 98.972ms
[2020-01-29T21:42:45.641+0300][18.828s][info][gc] GC(298) Pause Young (Allocation Failure) 137M->136M(247M) 61.618ms
[2020-01-29T21:42:45.648+0300][18.835s][info][gc] GC(299) Pause Young (Allocation Failure) 204M->204M(247M) 0.039ms
[2020-01-29T21:42:45.745+0300][18.932s][info][gc] GC(300) Pause Full (Allocation Failure) 204M->70M(247M) 97.721ms
[2020-01-29T21:42:45.825+0300][19.013s][info][gc] GC(301) Pause Young (Allocation Failure) 137M->136M(247M) 61.588ms
[2020-01-29T21:42:45.832+0300][19.019s][info][gc] GC(302) Pause Young (Allocation Failure) 204M->204M(247M) 0.043ms
[2020-01-29T21:42:45.930+0300][19.117s][info][gc] GC(303) Pause Full (Allocation Failure) 204M->70M(247M) 97.747ms
[2020-01-29T21:42:46.010+0300][19.197s][info][gc] GC(304) Pause Young (Allocation Failure) 137M->136M(247M) 61.470ms
[2020-01-29T21:42:46.017+0300][19.204s][info][gc] GC(305) Pause Young (Allocation Failure) 204M->204M(247M) 0.041ms
[2020-01-29T21:42:46.115+0300][19.302s][info][gc] GC(306) Pause Full (Allocation Failure) 204M->70M(247M) 98.668ms
[2020-01-29T21:42:46.194+0300][19.381s][info][gc] GC(307) Pause Young (Allocation Failure) 137M->136M(247M) 61.480ms
[2020-01-29T21:42:46.201+0300][19.388s][info][gc] GC(308) Pause Young (Allocation Failure) 204M->204M(247M) 0.040ms
[2020-01-29T21:42:46.299+0300][19.486s][info][gc] GC(309) Pause Full (Allocation Failure) 204M->70M(247M) 97.662ms
[2020-01-29T21:42:46.379+0300][19.566s][info][gc] GC(310) Pause Young (Allocation Failure) 137M->136M(247M) 61.601ms
[2020-01-29T21:42:46.386+0300][19.573s][info][gc] GC(311) Pause Young (Allocation Failure) 204M->204M(247M) 0.044ms
[2020-01-29T21:42:46.484+0300][19.672s][info][gc] GC(312) Pause Full (Allocation Failure) 204M->70M(247M) 98.563ms
[2020-01-29T21:42:46.565+0300][19.753s][info][gc] GC(313) Pause Young (Allocation Failure) 137M->136M(247M) 61.542ms
[2020-01-29T21:42:46.572+0300][19.759s][info][gc] GC(314) Pause Young (Allocation Failure) 204M->204M(247M) 0.043ms
[2020-01-29T21:42:46.670+0300][19.857s][info][gc] GC(315) Pause Full (Allocation Failure) 204M->70M(247M) 97.899ms
[2020-01-29T21:42:46.750+0300][19.937s][info][gc] GC(316) Pause Young (Allocation Failure) 137M->136M(247M) 61.544ms
[2020-01-29T21:42:46.757+0300][19.944s][info][gc] GC(317) Pause Young (Allocation Failure) 204M->204M(247M) 0.042ms
[2020-01-29T21:42:46.854+0300][20.041s][info][gc] GC(318) Pause Full (Allocation Failure) 204M->70M(247M) 97.593ms
[2020-01-29T21:42:46.934+0300][20.122s][info][gc] GC(319) Pause Young (Allocation Failure) 137M->136M(247M) 61.571ms
[2020-01-29T21:42:46.941+0300][20.129s][info][gc] GC(320) Pause Young (Allocation Failure) 204M->204M(247M) 0.046ms
[2020-01-29T21:42:47.040+0300][20.227s][info][gc] GC(321) Pause Full (Allocation Failure) 204M->70M(247M) 98.854ms
[2020-01-29T21:42:47.120+0300][20.307s][info][gc] GC(322) Pause Young (Allocation Failure) 137M->136M(247M) 61.493ms
[2020-01-29T21:42:47.127+0300][20.314s][info][gc] GC(323) Pause Young (Allocation Failure) 204M->204M(247M) 0.041ms
[2020-01-29T21:42:47.225+0300][20.412s][info][gc] GC(324) Pause Full (Allocation Failure) 204M->70M(247M) 98.532ms
[2020-01-29T21:42:47.305+0300][20.492s][info][gc] GC(325) Pause Young (Allocation Failure) 137M->136M(247M) 61.415ms
[2020-01-29T21:42:47.312+0300][20.499s][info][gc] GC(326) Pause Young (Allocation Failure) 204M->204M(247M) 0.042ms
[2020-01-29T21:42:47.410+0300][20.597s][info][gc] GC(327) Pause Full (Allocation Failure) 204M->70M(247M) 97.593ms
[2020-01-29T21:42:47.491+0300][20.678s][info][gc] GC(328) Pause Young (Allocation Failure) 137M->136M(247M) 61.663ms
[2020-01-29T21:42:47.498+0300][20.685s][info][gc] GC(329) Pause Young (Allocation Failure) 204M->204M(247M) 0.045ms
[2020-01-29T21:42:47.597+0300][20.784s][info][gc] GC(330) Pause Full (Allocation Failure) 204M->70M(247M) 98.719ms
[2020-01-29T21:42:47.678+0300][20.864s][info][gc] GC(331) Pause Young (Allocation Failure) 137M->136M(247M) 61.426ms
[2020-01-29T21:42:47.684+0300][20.871s][info][gc] GC(332) Pause Young (Allocation Failure) 204M->204M(247M) 0.039ms
[2020-01-29T21:42:47.783+0300][20.970s][info][gc] GC(333) Pause Full (Allocation Failure) 204M->70M(247M) 98.499ms
[2020-01-29T21:42:47.863+0300][21.050s][info][gc] GC(334) Pause Young (Allocation Failure) 137M->136M(247M) 61.472ms
[2020-01-29T21:42:47.870+0300][21.057s][info][gc] GC(335) Pause Young (Allocation Failure) 204M->204M(247M) 0.041ms
[2020-01-29T21:42:47.967+0300][21.154s][info][gc] GC(336) Pause Full (Allocation Failure) 204M->70M(247M) 97.550ms
[2020-01-29T21:42:48.048+0300][21.235s][info][gc] GC(337) Pause Young (Allocation Failure) 137M->136M(247M) 62.144ms
[2020-01-29T21:42:48.055+0300][21.242s][info][gc] GC(338) Pause Young (Allocation Failure) 204M->204M(247M) 0.044ms
[2020-01-29T21:42:48.153+0300][21.340s][info][gc] GC(339) Pause Full (Allocation Failure) 204M->70M(247M) 97.836ms
[2020-01-29T21:42:48.233+0300][21.420s][info][gc] GC(340) Pause Young (Allocation Failure) 137M->136M(247M) 61.526ms
[2020-01-29T21:42:48.240+0300][21.427s][info][gc] GC(341) Pause Young (Allocation Failure) 204M->204M(247M) 0.041ms
[2020-01-29T21:42:48.337+0300][21.525s][info][gc] GC(342) Pause Full (Allocation Failure) 204M->70M(247M) 98.039ms
[2020-01-29T21:42:48.417+0300][21.605s][info][gc] GC(343) Pause Young (Allocation Failure) 137M->136M(247M) 61.503ms
[2020-01-29T21:42:48.427+0300][21.614s][info][gc] GC(344) Pause Young (Allocation Failure) 204M->204M(247M) 0.043ms
[2020-01-29T21:42:48.526+0300][21.713s][info][gc] GC(345) Pause Full (Allocation Failure) 204M->70M(247M) 98.208ms
[2020-01-29T21:42:48.606+0300][21.793s][info][gc] GC(346) Pause Young (Allocation Failure) 137M->136M(247M) 61.705ms
[2020-01-29T21:42:48.614+0300][21.801s][info][gc] GC(347) Pause Young (Allocation Failure) 204M->204M(247M) 0.042ms
[2020-01-29T21:42:48.711+0300][21.898s][info][gc] GC(348) Pause Full (Allocation Failure) 204M->70M(247M) 97.490ms
[2020-01-29T21:42:48.790+0300][21.977s][info][gc] GC(349) Pause Young (Allocation Failure) 137M->136M(247M) 61.437ms
[2020-01-29T21:42:48.797+0300][21.984s][info][gc] GC(350) Pause Young (Allocation Failure) 204M->204M(247M) 0.041ms
[2020-01-29T21:42:48.895+0300][22.082s][info][gc] GC(351) Pause Full (Allocation Failure) 204M->70M(247M) 97.904ms
[2020-01-29T21:42:48.975+0300][22.162s][info][gc] GC(352) Pause Young (Allocation Failure) 137M->136M(247M) 61.464ms
[2020-01-29T21:42:48.982+0300][22.169s][info][gc] GC(353) Pause Young (Allocation Failure) 204M->204M(247M) 0.041ms
[2020-01-29T21:42:49.079+0300][22.266s][info][gc] GC(354) Pause Full (Allocation Failure) 204M->70M(247M) 97.476ms
[2020-01-29T21:42:49.159+0300][22.346s][info][gc] GC(355) Pause Young (Allocation Failure) 137M->136M(247M) 61.595ms
[2020-01-29T21:42:49.165+0300][22.352s][info][gc] GC(356) Pause Young (Allocation Failure) 204M->204M(247M) 0.044ms
[2020-01-29T21:42:49.263+0300][22.450s][info][gc] GC(357) Pause Full (Allocation Failure) 204M->70M(247M) 97.764ms
[2020-01-29T21:42:49.343+0300][22.530s][info][gc] GC(358) Pause Young (Allocation Failure) 137M->136M(247M) 61.459ms
[2020-01-29T21:42:49.350+0300][22.537s][info][gc] GC(359) Pause Young (Allocation Failure) 204M->204M(247M) 0.041ms
[2020-01-29T21:42:49.448+0300][22.635s][info][gc] GC(360) Pause Full (Allocation Failure) 204M->70M(247M) 98.176ms
[2020-01-29T21:42:49.529+0300][22.716s][info][gc] GC(361) Pause Young (Allocation Failure) 137M->136M(247M) 61.558ms
[2020-01-29T21:42:49.536+0300][22.723s][info][gc] GC(362) Pause Young (Allocation Failure) 204M->204M(247M) 0.043ms
[2020-01-29T21:42:49.633+0300][22.821s][info][gc] GC(363) Pause Full (Allocation Failure) 204M->70M(247M) 97.607ms
[2020-01-29T21:42:49.713+0300][22.901s][info][gc] GC(364) Pause Young (Allocation Failure) 137M->136M(247M) 61.669ms
[2020-01-29T21:42:49.720+0300][22.908s][info][gc] GC(365) Pause Young (Allocation Failure) 204M->204M(247M) 0.047ms
[2020-01-29T21:42:49.818+0300][23.006s][info][gc] GC(366) Pause Full (Allocation Failure) 204M->70M(247M) 97.821ms
[2020-01-29T21:42:49.898+0300][23.085s][info][gc] GC(367) Pause Young (Allocation Failure) 137M->136M(247M) 61.499ms
[2020-01-29T21:42:49.905+0300][23.092s][info][gc] GC(368) Pause Young (Allocation Failure) 204M->204M(247M) 0.042ms
[2020-01-29T21:42:50.002+0300][23.190s][info][gc] GC(369) Pause Full (Allocation Failure) 204M->70M(247M) 98.048ms
[2020-01-29T21:42:50.082+0300][23.270s][info][gc] GC(370) Pause Young (Allocation Failure) 137M->136M(247M) 61.460ms
[2020-01-29T21:42:50.089+0300][23.276s][info][gc] GC(371) Pause Young (Allocation Failure) 204M->204M(247M) 0.041ms
[2020-01-29T21:42:50.187+0300][23.374s][info][gc] GC(372) Pause Full (Allocation Failure) 204M->70M(247M) 97.819ms
[2020-01-29T21:42:50.267+0300][23.454s][info][gc] GC(373) Pause Young (Allocation Failure) 137M->136M(247M) 61.569ms
[2020-01-29T21:42:50.274+0300][23.461s][info][gc] GC(374) Pause Young (Allocation Failure) 204M->204M(247M) 0.049ms
[2020-01-29T21:42:50.372+0300][23.559s][info][gc] GC(375) Pause Full (Allocation Failure) 204M->70M(247M) 97.848ms
[2020-01-29T21:42:50.452+0300][23.639s][info][gc] GC(376) Pause Young (Allocation Failure) 137M->136M(247M) 61.553ms
[2020-01-29T21:42:50.459+0300][23.646s][info][gc] GC(377) Pause Young (Allocation Failure) 204M->204M(247M) 0.040ms
[2020-01-29T21:42:50.558+0300][23.745s][info][gc] GC(378) Pause Full (Allocation Failure) 204M->70M(247M) 98.264ms
[2020-01-29T21:42:50.638+0300][23.825s][info][gc] GC(379) Pause Young (Allocation Failure) 137M->136M(247M) 62.094ms
[2020-01-29T21:42:50.645+0300][23.833s][info][gc] GC(380) Pause Young (Allocation Failure) 204M->204M(247M) 0.044ms
[2020-01-29T21:42:50.743+0300][23.931s][info][gc] GC(381) Pause Full (Allocation Failure) 204M->70M(247M) 97.864ms
[2020-01-29T21:42:50.823+0300][24.010s][info][gc] GC(382) Pause Young (Allocation Failure) 137M->136M(247M) 61.582ms
[2020-01-29T21:42:50.830+0300][24.017s][info][gc] GC(383) Pause Young (Allocation Failure) 204M->204M(247M) 0.045ms
[2020-01-29T21:42:50.930+0300][24.116s][info][gc] GC(384) Pause Full (Allocation Failure) 204M->70M(247M) 98.800ms
[2020-01-29T21:42:51.009+0300][24.196s][info][gc] GC(385) Pause Young (Allocation Failure) 137M->136M(247M) 61.908ms
[2020-01-29T21:42:51.016+0300][24.203s][info][gc] GC(386) Pause Young (Allocation Failure) 204M->204M(247M) 0.042ms
[2020-01-29T21:42:51.114+0300][24.301s][info][gc] GC(387) Pause Full (Allocation Failure) 204M->70M(247M) 98.240ms
[2020-01-29T21:42:51.194+0300][24.381s][info][gc] GC(388) Pause Young (Allocation Failure) 137M->136M(247M) 61.534ms
[2020-01-29T21:42:51.201+0300][24.388s][info][gc] GC(389) Pause Young (Allocation Failure) 204M->204M(247M) 0.041ms
[2020-01-29T21:42:51.299+0300][24.485s][info][gc] GC(390) Pause Full (Allocation Failure) 204M->70M(247M) 97.394ms
[2020-01-29T21:42:51.378+0300][24.566s][info][gc] GC(391) Pause Young (Allocation Failure) 137M->136M(247M) 61.630ms
[2020-01-29T21:42:51.386+0300][24.573s][info][gc] GC(392) Pause Young (Allocation Failure) 204M->204M(247M) 0.047ms
[2020-01-29T21:42:51.485+0300][24.672s][info][gc] GC(393) Pause Full (Allocation Failure) 204M->70M(247M) 98.678ms
[2020-01-29T21:42:51.565+0300][24.752s][info][gc] GC(394) Pause Young (Allocation Failure) 137M->136M(247M) 61.577ms
[2020-01-29T21:42:51.572+0300][24.759s][info][gc] GC(395) Pause Young (Allocation Failure) 204M->204M(247M) 0.043ms
[2020-01-29T21:42:51.671+0300][24.857s][info][gc] GC(396) Pause Full (Allocation Failure) 204M->70M(247M) 98.360ms
[2020-01-29T21:42:51.749+0300][24.937s][info][gc] GC(397) Pause Young (Allocation Failure) 137M->136M(247M) 61.492ms
[2020-01-29T21:42:51.756+0300][24.943s][info][gc] GC(398) Pause Young (Allocation Failure) 204M->204M(247M) 0.040ms
[2020-01-29T21:42:51.854+0300][25.041s][info][gc] GC(399) Pause Full (Allocation Failure) 204M->70M(247M) 97.479ms
[2020-01-29T21:42:51.935+0300][25.122s][info][gc] GC(400) Pause Young (Allocation Failure) 137M->136M(247M) 61.954ms
[2020-01-29T21:42:51.942+0300][25.129s][info][gc] GC(401) Pause Young (Allocation Failure) 204M->204M(247M) 0.045ms
[2020-01-29T21:42:52.040+0300][25.227s][info][gc] GC(402) Pause Full (Allocation Failure) 204M->70M(247M) 97.880ms
[2020-01-29T21:42:52.119+0300][25.306s][info][gc] GC(403) Pause Young (Allocation Failure) 137M->136M(247M) 61.563ms
[2020-01-29T21:42:52.126+0300][25.313s][info][gc] GC(404) Pause Young (Allocation Failure) 204M->204M(247M) 0.042ms
[2020-01-29T21:42:52.225+0300][25.412s][info][gc] GC(405) Pause Full (Allocation Failure) 204M->70M(247M) 99.467ms
[2020-01-29T21:42:52.305+0300][25.492s][info][gc] GC(406) Pause Young (Allocation Failure) 137M->136M(247M) 61.821ms
[2020-01-29T21:42:52.311+0300][25.499s][info][gc] GC(407) Pause Young (Allocation Failure) 204M->204M(247M) 0.044ms
[2020-01-29T21:42:52.410+0300][25.597s][info][gc] GC(408) Pause Full (Allocation Failure) 204M->70M(247M) 98.193ms
[2020-01-29T21:42:52.493+0300][25.680s][info][gc] GC(409) Pause Young (Allocation Failure) 137M->136M(247M) 62.288ms
[2020-01-29T21:42:52.501+0300][25.687s][info][gc] GC(410) Pause Young (Allocation Failure) 204M->204M(247M) 0.044ms
[2020-01-29T21:42:52.601+0300][25.787s][info][gc] GC(411) Pause Full (Allocation Failure) 204M->70M(247M) 99.956ms
[2020-01-29T21:42:52.681+0300][25.868s][info][gc] GC(412) Pause Young (Allocation Failure) 137M->136M(247M) 61.460ms
[2020-01-29T21:42:52.687+0300][25.874s][info][gc] GC(413) Pause Young (Allocation Failure) 204M->204M(247M) 0.041ms
[2020-01-29T21:42:52.785+0300][25.972s][info][gc] GC(414) Pause Full (Allocation Failure) 204M->70M(247M) 98.090ms
[2020-01-29T21:42:52.865+0300][26.052s][info][gc] GC(415) Pause Young (Allocation Failure) 137M->136M(247M) 61.552ms
[2020-01-29T21:42:52.872+0300][26.059s][info][gc] GC(416) Pause Young (Allocation Failure) 204M->204M(247M) 0.040ms
[2020-01-29T21:42:52.971+0300][26.158s][info][gc] GC(417) Pause Full (Allocation Failure) 204M->70M(247M) 98.497ms
[2020-01-29T21:42:53.052+0300][26.239s][info][gc] GC(418) Pause Young (Allocation Failure) 137M->136M(247M) 62.908ms
[2020-01-29T21:42:53.059+0300][26.247s][info][gc] GC(419) Pause Young (Allocation Failure) 204M->204M(247M) 0.046ms
[2020-01-29T21:42:53.159+0300][26.346s][info][gc] GC(420) Pause Full (Allocation Failure) 204M->70M(247M) 99.322ms
[2020-01-29T21:42:53.239+0300][26.426s][info][gc] GC(421) Pause Young (Allocation Failure) 137M->136M(247M) 61.575ms
[2020-01-29T21:42:53.246+0300][26.433s][info][gc] GC(422) Pause Young (Allocation Failure) 204M->204M(247M) 0.041ms
[2020-01-29T21:42:53.344+0300][26.531s][info][gc] GC(423) Pause Full (Allocation Failure) 204M->70M(247M) 98.133ms
[2020-01-29T21:42:53.423+0300][26.611s][info][gc] GC(424) Pause Young (Allocation Failure) 137M->136M(247M) 61.478ms
[2020-01-29T21:42:53.433+0300][26.620s][info][gc] GC(425) Pause Young (Allocation Failure) 204M->204M(247M) 0.055ms
[2020-01-29T21:42:53.532+0300][26.719s][info][gc] GC(426) Pause Full (Allocation Failure) 204M->70M(247M) 98.874ms
[2020-01-29T21:42:53.613+0300][26.800s][info][gc] GC(427) Pause Young (Allocation Failure) 137M->136M(247M) 62.438ms
[2020-01-29T21:42:53.621+0300][26.808s][info][gc] GC(428) Pause Young (Allocation Failure) 204M->204M(247M) 0.042ms
[2020-01-29T21:42:53.719+0300][26.907s][info][gc] GC(429) Pause Full (Allocation Failure) 204M->70M(247M) 98.882ms
[2020-01-29T21:42:53.799+0300][26.986s][info][gc] GC(430) Pause Young (Allocation Failure) 137M->136M(247M) 61.527ms
[2020-01-29T21:42:53.806+0300][26.993s][info][gc] GC(431) Pause Young (Allocation Failure) 204M->204M(247M) 0.044ms
[2020-01-29T21:42:53.905+0300][27.091s][info][gc] GC(432) Pause Full (Allocation Failure) 204M->70M(247M) 98.163ms
[2020-01-29T21:42:53.984+0300][27.172s][info][gc] GC(433) Pause Young (Allocation Failure) 137M->136M(247M) 61.550ms
[2020-01-29T21:42:53.991+0300][27.179s][info][gc] GC(434) Pause Young (Allocation Failure) 204M->204M(247M) 0.043ms
[2020-01-29T21:42:54.092+0300][27.279s][info][gc] GC(435) Pause Full (Allocation Failure) 204M->70M(247M) 100.053ms
[2020-01-29T21:42:54.171+0300][27.359s][info][gc] GC(436) Pause Young (Allocation Failure) 137M->136M(247M) 61.913ms
[2020-01-29T21:42:54.178+0300][27.365s][info][gc] GC(437) Pause Young (Allocation Failure) 204M->204M(247M) 0.042ms
[2020-01-29T21:42:54.279+0300][27.466s][info][gc] GC(438) Pause Full (Allocation Failure) 204M->70M(247M) 100.325ms
[2020-01-29T21:42:54.358+0300][27.546s][info][gc] GC(439) Pause Young (Allocation Failure) 137M->136M(247M) 61.555ms
[2020-01-29T21:42:54.365+0300][27.553s][info][gc] GC(440) Pause Young (Allocation Failure) 204M->204M(247M) 0.042ms
[2020-01-29T21:42:54.474+0300][27.660s][info][gc] GC(441) Pause Full (Allocation Failure) 204M->70M(247M) 107.772ms
[2020-01-29T21:42:54.595+0300][27.782s][info][gc] GC(442) Pause Young (Allocation Failure) 137M->136M(247M) 71.611ms
[2020-01-29T21:42:54.607+0300][27.795s][info][gc] GC(443) Pause Young (Allocation Failure) 204M->204M(247M) 0.043ms
[2020-01-29T21:42:54.723+0300][27.910s][info][gc] GC(444) Pause Full (Allocation Failure) 204M->70M(247M) 115.370ms
[2020-01-29T21:42:54.945+0300][28.132s][info][gc] GC(445) Pause Young (Allocation Failure) 137M->136M(247M) 62.203ms
[2020-01-29T21:42:54.952+0300][28.139s][info][gc] GC(446) Pause Young (Allocation Failure) 204M->204M(247M) 0.043ms
[2020-01-29T21:42:55.057+0300][28.244s][info][gc] GC(447) Pause Full (Allocation Failure) 204M->70M(247M) 104.922ms
[2020-01-29T21:42:55.146+0300][28.333s][info][gc] GC(448) Pause Young (Allocation Failure) 137M->136M(247M) 69.156ms
[2020-01-29T21:42:55.153+0300][28.340s][info][gc] GC(449) Pause Young (Allocation Failure) 204M->204M(247M) 0.044ms
[2020-01-29T21:42:55.253+0300][28.439s][info][gc] GC(450) Pause Full (Allocation Failure) 204M->70M(247M) 99.370ms
[2020-01-29T21:42:55.333+0300][28.520s][info][gc] GC(451) Pause Young (Allocation Failure) 137M->136M(247M) 61.799ms
[2020-01-29T21:42:55.340+0300][28.528s][info][gc] GC(452) Pause Young (Allocation Failure) 204M->204M(247M) 0.045ms
[2020-01-29T21:42:55.445+0300][28.632s][info][gc] GC(453) Pause Full (Allocation Failure) 204M->70M(247M) 104.004ms
[2020-01-29T21:42:55.532+0300][28.719s][info][gc] GC(454) Pause Young (Allocation Failure) 137M->136M(247M) 61.607ms
[2020-01-29T21:42:55.540+0300][28.727s][info][gc] GC(455) Pause Young (Allocation Failure) 204M->204M(247M) 0.045ms
[2020-01-29T21:42:55.645+0300][28.832s][info][gc] GC(456) Pause Full (Allocation Failure) 204M->70M(247M) 105.284ms
[2020-01-29T21:42:55.728+0300][28.915s][info][gc] GC(457) Pause Young (Allocation Failure) 137M->136M(247M) 62.148ms
[2020-01-29T21:42:55.735+0300][28.922s][info][gc] GC(458) Pause Young (Allocation Failure) 204M->204M(247M) 0.045ms
[2020-01-29T21:42:55.833+0300][29.021s][info][gc] GC(459) Pause Full (Allocation Failure) 204M->70M(247M) 98.776ms
[2020-01-29T21:42:55.914+0300][29.101s][info][gc] GC(460) Pause Young (Allocation Failure) 137M->136M(247M) 61.554ms
[2020-01-29T21:42:55.921+0300][29.108s][info][gc] GC(461) Pause Young (Allocation Failure) 204M->204M(247M) 0.042ms
[2020-01-29T21:42:56.019+0300][29.206s][info][gc] GC(462) Pause Full (Allocation Failure) 204M->70M(247M) 98.115ms
[2020-01-29T21:42:56.099+0300][29.287s][info][gc] GC(463) Pause Young (Allocation Failure) 137M->136M(247M) 61.565ms
[2020-01-29T21:42:56.106+0300][29.294s][info][gc] GC(464) Pause Young (Allocation Failure) 204M->204M(247M) 0.042ms
[2020-01-29T21:42:56.205+0300][29.392s][info][gc] GC(465) Pause Full (Allocation Failure) 204M->70M(247M) 98.104ms
[2020-01-29T21:42:56.285+0300][29.471s][info][gc] GC(466) Pause Young (Allocation Failure) 137M->136M(247M) 61.868ms
[2020-01-29T21:42:56.291+0300][29.478s][info][gc] GC(467) Pause Young (Allocation Failure) 204M->204M(247M) 0.042ms
[2020-01-29T21:42:56.389+0300][29.576s][info][gc] GC(468) Pause Full (Allocation Failure) 204M->70M(247M) 97.956ms
[2020-01-29T21:42:56.470+0300][29.657s][info][gc] GC(469) Pause Young (Allocation Failure) 137M->136M(247M) 61.898ms
[2020-01-29T21:42:56.477+0300][29.664s][info][gc] GC(470) Pause Young (Allocation Failure) 204M->204M(247M) 0.043ms
[2020-01-29T21:42:56.574+0300][29.763s][info][gc] GC(471) Pause Full (Allocation Failure) 204M->70M(247M) 99.231ms
[2020-01-29T21:42:56.669+0300][29.857s][info][gc] GC(472) Pause Young (Allocation Failure) 137M->136M(247M) 61.899ms
[2020-01-29T21:42:56.674+0300][29.864s][info][gc] GC(473) Pause Young (Allocation Failure) 204M->204M(247M) 0.044ms
[2020-01-29T21:42:56.774+0300][29.962s][info][gc] GC(474) Pause Full (Allocation Failure) 204M->70M(247M) 98.057ms
[2020-01-29T21:42:56.859+0300][30.047s][info][gc] GC(475) Pause Young (Allocation Failure) 137M->136M(247M) 61.476ms
[2020-01-29T21:42:56.864+0300][30.054s][info][gc] GC(476) Pause Young (Allocation Failure) 204M->204M(247M) 0.042ms
[2020-01-29T21:42:56.964+0300][30.152s][info][gc] GC(477) Pause Full (Allocation Failure) 204M->70M(247M) 98.052ms
[2020-01-29T21:42:57.039+0300][30.227s][info][gc] GC(478) Pause Young (Allocation Failure) 137M->136M(247M) 61.560ms
[2020-01-29T21:42:57.044+0300][30.234s][info][gc] GC(479) Pause Young (Allocation Failure) 204M->204M(247M) 0.044ms
[2020-01-29T21:42:57.145+0300][30.332s][info][gc] GC(480) Pause Full (Allocation Failure) 204M->70M(247M) 98.219ms
[2020-01-29T21:42:57.226+0300][30.413s][info][gc] GC(481) Pause Young (Allocation Failure) 137M->136M(247M) 62.212ms
[2020-01-29T21:42:57.233+0300][30.420s][info][gc] GC(482) Pause Young (Allocation Failure) 204M->204M(247M) 0.043ms
[2020-01-29T21:42:57.331+0300][30.518s][info][gc] GC(483) Pause Full (Allocation Failure) 204M->70M(247M) 97.875ms
[2020-01-29T21:42:57.410+0300][30.598s][info][gc] GC(484) Pause Young (Allocation Failure) 137M->136M(247M) 61.708ms
[2020-01-29T21:42:57.418+0300][30.606s][info][gc] GC(485) Pause Young (Allocation Failure) 204M->204M(247M) 0.045ms
[2020-01-29T21:42:57.517+0300][30.705s][info][gc] GC(486) Pause Full (Allocation Failure) 204M->70M(247M) 98.819ms
[2020-01-29T21:42:57.597+0300][30.784s][info][gc] GC(487) Pause Young (Allocation Failure) 137M->136M(247M) 61.643ms
[2020-01-29T21:42:57.604+0300][30.791s][info][gc] GC(488) Pause Young (Allocation Failure) 204M->204M(247M) 0.043ms
[2020-01-29T21:42:57.708+0300][30.894s][info][gc] GC(489) Pause Full (Allocation Failure) 204M->70M(247M) 103.228ms
[2020-01-29T21:42:57.788+0300][30.975s][info][gc] GC(490) Pause Young (Allocation Failure) 137M->136M(247M) 61.831ms
[2020-01-29T21:42:57.794+0300][30.982s][info][gc] GC(491) Pause Young (Allocation Failure) 204M->204M(247M) 0.045ms
[2020-01-29T21:42:57.893+0300][31.080s][info][gc] GC(492) Pause Full (Allocation Failure) 204M->70M(247M) 98.477ms
[2020-01-29T21:42:57.973+0300][31.160s][info][gc] GC(493) Pause Young (Allocation Failure) 137M->136M(247M) 61.660ms
[2020-01-29T21:42:57.980+0300][31.167s][info][gc] GC(494) Pause Young (Allocation Failure) 204M->204M(247M) 0.041ms
[2020-01-29T21:42:58.078+0300][31.265s][info][gc] GC(495) Pause Full (Allocation Failure) 204M->70M(247M) 98.138ms
[2020-01-29T21:42:58.158+0300][31.345s][info][gc] GC(496) Pause Young (Allocation Failure) 137M->136M(247M) 61.871ms
[2020-01-29T21:42:58.164+0300][31.352s][info][gc] GC(497) Pause Young (Allocation Failure) 204M->204M(247M) 0.042ms
[2020-01-29T21:42:58.263+0300][31.450s][info][gc] GC(498) Pause Full (Allocation Failure) 204M->70M(247M) 98.216ms
[2020-01-29T21:42:58.344+0300][31.531s][info][gc] GC(499) Pause Young (Allocation Failure) 137M->136M(247M) 61.996ms
[2020-01-29T21:42:58.351+0300][31.538s][info][gc] GC(500) Pause Young (Allocation Failure) 204M->204M(247M) 0.044ms
[2020-01-29T21:42:58.451+0300][31.638s][info][gc] GC(501) Pause Full (Allocation Failure) 204M->70M(247M) 100.232ms
[2020-01-29T21:42:58.533+0300][31.721s][info][gc] GC(502) Pause Young (Allocation Failure) 137M->136M(247M) 62.193ms
[2020-01-29T21:42:58.540+0300][31.728s][info][gc] GC(503) Pause Young (Allocation Failure) 204M->204M(247M) 0.043ms
[2020-01-29T21:42:58.639+0300][31.826s][info][gc] GC(504) Pause Full (Allocation Failure) 204M->70M(247M) 97.950ms
[2020-01-29T21:42:58.719+0300][31.906s][info][gc] GC(505) Pause Young (Allocation Failure) 137M->136M(247M) 61.961ms
[2020-01-29T21:42:58.726+0300][31.913s][info][gc] GC(506) Pause Young (Allocation Failure) 204M->204M(247M) 0.042ms
[2020-01-29T21:42:58.825+0300][32.012s][info][gc] GC(507) Pause Full (Allocation Failure) 204M->70M(247M) 98.953ms
[2020-01-29T21:42:58.904+0300][32.092s][info][gc] GC(508) Pause Young (Allocation Failure) 137M->136M(247M) 61.620ms
[2020-01-29T21:42:58.911+0300][32.099s][info][gc] GC(509) Pause Young (Allocation Failure) 204M->204M(247M) 0.044ms
[2020-01-29T21:42:59.010+0300][32.197s][info][gc] GC(510) Pause Full (Allocation Failure) 204M->70M(247M) 98.409ms
[2020-01-29T21:42:59.090+0300][32.277s][info][gc] GC(511) Pause Young (Allocation Failure) 137M->136M(247M) 61.569ms
[2020-01-29T21:42:59.098+0300][32.285s][info][gc] GC(512) Pause Young (Allocation Failure) 204M->204M(247M) 0.044ms
[2020-01-29T21:42:59.196+0300][32.383s][info][gc] GC(513) Pause Full (Allocation Failure) 204M->70M(247M) 97.708ms
[2020-01-29T21:42:59.275+0300][32.463s][info][gc] GC(514) Pause Young (Allocation Failure) 137M->136M(247M) 61.517ms
[2020-01-29T21:42:59.282+0300][32.470s][info][gc] GC(515) Pause Young (Allocation Failure) 204M->204M(247M) 0.042ms
[2020-01-29T21:42:59.380+0300][32.567s][info][gc] GC(516) Pause Full (Allocation Failure) 204M->70M(247M) 97.813ms
[2020-01-29T21:42:59.460+0300][32.647s][info][gc] GC(517) Pause Young (Allocation Failure) 137M->136M(247M) 61.600ms
[2020-01-29T21:42:59.467+0300][32.655s][info][gc] GC(518) Pause Young (Allocation Failure) 204M->204M(247M) 0.044ms
[2020-01-29T21:42:59.565+0300][32.752s][info][gc] GC(519) Pause Full (Allocation Failure) 204M->70M(247M) 97.659ms
[2020-01-29T21:42:59.646+0300][32.833s][info][gc] GC(520) Pause Young (Allocation Failure) 137M->136M(247M) 61.669ms
[2020-01-29T21:42:59.653+0300][32.840s][info][gc] GC(521) Pause Young (Allocation Failure) 204M->204M(247M) 0.043ms
[2020-01-29T21:42:59.751+0300][32.938s][info][gc] GC(522) Pause Full (Allocation Failure) 204M->70M(247M) 98.315ms
[2020-01-29T21:42:59.830+0300][33.018s][info][gc] GC(523) Pause Young (Allocation Failure) 137M->136M(247M) 61.583ms
[2020-01-29T21:42:59.837+0300][33.025s][info][gc] GC(524) Pause Young (Allocation Failure) 204M->204M(247M) 0.044ms
[2020-01-29T21:42:59.935+0300][33.122s][info][gc] GC(525) Pause Full (Allocation Failure) 204M->70M(247M) 97.691ms
[2020-01-29T21:43:00.017+0300][33.204s][info][gc] GC(526) Pause Young (Allocation Failure) 137M->136M(247M) 62.618ms
[2020-01-29T21:43:00.025+0300][33.212s][info][gc] GC(527) Pause Young (Allocation Failure) 204M->204M(247M) 0.054ms
[2020-01-29T21:43:00.123+0300][33.310s][info][gc] GC(528) Pause Full (Allocation Failure) 204M->70M(247M) 98.724ms
[2020-01-29T21:43:00.203+0300][33.390s][info][gc] GC(529) Pause Young (Allocation Failure) 137M->136M(247M) 61.621ms
[2020-01-29T21:43:00.210+0300][33.398s][info][gc] GC(530) Pause Young (Allocation Failure) 204M->204M(247M) 0.042ms
[2020-01-29T21:43:00.334+0300][33.521s][info][gc] GC(531) Pause Full (Allocation Failure) 204M->70M(247M) 123.425ms
[2020-01-29T21:43:00.506+0300][33.693s][info][gc] GC(532) Pause Young (Allocation Failure) 137M->136M(247M) 62.137ms
[2020-01-29T21:43:00.513+0300][33.700s][info][gc] GC(533) Pause Young (Allocation Failure) 204M->204M(247M) 0.044ms
[2020-01-29T21:43:00.611+0300][33.799s][info][gc] GC(534) Pause Full (Allocation Failure) 204M->70M(247M) 98.710ms
[2020-01-29T21:43:00.691+0300][33.879s][info][gc] GC(535) Pause Young (Allocation Failure) 137M->136M(247M) 61.575ms
[2020-01-29T21:43:00.698+0300][33.885s][info][gc] GC(536) Pause Young (Allocation Failure) 204M->204M(247M) 0.042ms
[2020-01-29T21:43:00.796+0300][33.983s][info][gc] GC(537) Pause Full (Allocation Failure) 204M->70M(247M) 98.034ms
[2020-01-29T21:43:00.876+0300][34.063s][info][gc] GC(538) Pause Young (Allocation Failure) 137M->136M(247M) 61.502ms
[2020-01-29T21:43:00.883+0300][34.070s][info][gc] GC(539) Pause Young (Allocation Failure) 204M->204M(247M) 0.041ms
[2020-01-29T21:43:00.981+0300][34.169s][info][gc] GC(540) Pause Full (Allocation Failure) 204M->70M(247M) 98.747ms
[2020-01-29T21:43:01.062+0300][34.250s][info][gc] GC(541) Pause Young (Allocation Failure) 137M->136M(247M) 62.715ms
[2020-01-29T21:43:01.069+0300][34.257s][info][gc] GC(542) Pause Young (Allocation Failure) 204M->204M(247M) 0.044ms
[2020-01-29T21:43:01.168+0300][34.355s][info][gc] GC(543) Pause Full (Allocation Failure) 204M->70M(247M) 98.429ms
[2020-01-29T21:43:01.249+0300][34.435s][info][gc] GC(544) Pause Young (Allocation Failure) 137M->136M(247M) 61.857ms
[2020-01-29T21:43:01.256+0300][34.443s][info][gc] GC(545) Pause Young (Allocation Failure) 204M->204M(247M) 0.043ms
[2020-01-29T21:43:01.354+0300][34.541s][info][gc] GC(546) Pause Full (Allocation Failure) 204M->70M(247M) 98.629ms
[2020-01-29T21:43:01.434+0300][34.622s][info][gc] GC(547) Pause Young (Allocation Failure) 137M->136M(247M) 61.580ms
[2020-01-29T21:43:01.443+0300][34.631s][info][gc] GC(548) Pause Young (Allocation Failure) 204M->204M(247M) 0.050ms
[2020-01-29T21:43:01.543+0300][34.730s][info][gc] GC(549) Pause Full (Allocation Failure) 204M->70M(247M) 99.515ms
[2020-01-29T21:43:01.624+0300][34.811s][info][gc] GC(550) Pause Young (Allocation Failure) 137M->136M(247M) 61.928ms
[2020-01-29T21:43:01.630+0300][34.818s][info][gc] GC(551) Pause Young (Allocation Failure) 204M->204M(247M) 0.045ms
[2020-01-29T21:43:01.728+0300][34.915s][info][gc] GC(552) Pause Full (Allocation Failure) 204M->70M(247M) 97.737ms
[2020-01-29T21:43:01.809+0300][34.995s][info][gc] GC(553) Pause Young (Allocation Failure) 137M->136M(247M) 61.799ms
[2020-01-29T21:43:01.815+0300][35.002s][info][gc] GC(554) Pause Young (Allocation Failure) 204M->204M(247M) 0.041ms
[2020-01-29T21:43:01.912+0300][35.099s][info][gc] GC(555) Pause Full (Allocation Failure) 204M->70M(247M) 97.385ms
[2020-01-29T21:43:01.993+0300][35.180s][info][gc] GC(556) Pause Young (Allocation Failure) 137M->136M(247M) 61.475ms
[2020-01-29T21:43:01.999+0300][35.186s][info][gc] GC(557) Pause Young (Allocation Failure) 204M->204M(247M) 0.041ms
[2020-01-29T21:43:02.097+0300][35.284s][info][gc] GC(558) Pause Full (Allocation Failure) 204M->70M(247M) 97.582ms
[2020-01-29T21:43:02.177+0300][35.364s][info][gc] GC(559) Pause Young (Allocation Failure) 137M->136M(247M) 61.884ms
[2020-01-29T21:43:02.184+0300][35.371s][info][gc] GC(560) Pause Young (Allocation Failure) 204M->204M(247M) 0.043ms
[2020-01-29T21:43:02.284+0300][35.471s][info][gc] GC(561) Pause Full (Allocation Failure) 204M->70M(247M) 99.695ms
[2020-01-29T21:43:02.364+0300][35.551s][info][gc] GC(562) Pause Young (Allocation Failure) 137M->136M(247M) 61.572ms
[2020-01-29T21:43:02.371+0300][35.558s][info][gc] GC(563) Pause Young (Allocation Failure) 204M->204M(247M) 0.043ms
[2020-01-29T21:43:02.469+0300][35.656s][info][gc] GC(564) Pause Full (Allocation Failure) 204M->70M(247M) 98.172ms
[2020-01-29T21:43:02.550+0300][35.738s][info][gc] GC(565) Pause Young (Allocation Failure) 137M->136M(247M) 61.614ms
[2020-01-29T21:43:02.557+0300][35.744s][info][gc] GC(566) Pause Young (Allocation Failure) 204M->204M(247M) 0.042ms
[2020-01-29T21:43:02.655+0300][35.842s][info][gc] GC(567) Pause Full (Allocation Failure) 204M->70M(247M) 97.845ms
[2020-01-29T21:43:02.735+0300][35.922s][info][gc] GC(568) Pause Young (Allocation Failure) 137M->136M(247M) 61.463ms
[2020-01-29T21:43:02.742+0300][35.929s][info][gc] GC(569) Pause Young (Allocation Failure) 204M->204M(247M) 0.042ms
[2020-01-29T21:43:02.839+0300][36.027s][info][gc] GC(570) Pause Full (Allocation Failure) 204M->70M(247M) 98.347ms
[2020-01-29T21:43:02.919+0300][36.107s][info][gc] GC(571) Pause Young (Allocation Failure) 137M->136M(247M) 61.559ms
[2020-01-29T21:43:02.926+0300][36.113s][info][gc] GC(572) Pause Young (Allocation Failure) 204M->204M(247M) 0.044ms
[2020-01-29T21:43:03.024+0300][36.211s][info][gc] GC(573) Pause Full (Allocation Failure) 204M->70M(247M) 98.149ms
[2020-01-29T21:43:03.105+0300][36.292s][info][gc] GC(574) Pause Young (Allocation Failure) 137M->136M(247M) 61.919ms
[2020-01-29T21:43:03.112+0300][36.298s][info][gc] GC(575) Pause Young (Allocation Failure) 204M->204M(247M) 0.044ms
[2020-01-29T21:43:03.208+0300][36.396s][info][gc] GC(576) Pause Full (Allocation Failure) 204M->70M(247M) 97.572ms
[2020-01-29T21:43:03.288+0300][36.476s][info][gc] GC(577) Pause Young (Allocation Failure) 137M->136M(247M) 61.491ms
[2020-01-29T21:43:03.295+0300][36.482s][info][gc] GC(578) Pause Young (Allocation Failure) 204M->204M(247M) 0.042ms
[2020-01-29T21:43:03.393+0300][36.580s][info][gc] GC(579) Pause Full (Allocation Failure) 204M->70M(247M) 97.728ms
[2020-01-29T21:43:03.473+0300][36.660s][info][gc] GC(580) Pause Young (Allocation Failure) 137M->136M(247M) 61.562ms
[2020-01-29T21:43:03.480+0300][36.667s][info][gc] GC(581) Pause Young (Allocation Failure) 204M->204M(247M) 0.042ms
[2020-01-29T21:43:03.578+0300][36.765s][info][gc] GC(582) Pause Full (Allocation Failure) 204M->70M(247M) 97.453ms
[2020-01-29T21:43:03.657+0300][36.845s][info][gc] GC(583) Pause Young (Allocation Failure) 137M->136M(247M) 61.707ms
[2020-01-29T21:43:03.664+0300][36.851s][info][gc] GC(584) Pause Young (Allocation Failure) 204M->204M(247M) 0.041ms
[2020-01-29T21:43:03.762+0300][36.949s][info][gc] GC(585) Pause Full (Allocation Failure) 204M->70M(247M) 97.494ms
[2020-01-29T21:43:03.841+0300][37.028s][info][gc] GC(586) Pause Young (Allocation Failure) 137M->136M(247M) 61.458ms
[2020-01-29T21:43:03.848+0300][37.035s][info][gc] GC(587) Pause Young (Allocation Failure) 204M->204M(247M) 0.043ms
[2020-01-29T21:43:03.946+0300][37.132s][info][gc] GC(588) Pause Full (Allocation Failure) 204M->70M(247M) 97.438ms
[2020-01-29T21:43:04.024+0300][37.212s][info][gc] GC(589) Pause Young (Allocation Failure) 137M->136M(247M) 61.501ms
[2020-01-29T21:43:04.031+0300][37.218s][info][gc] GC(590) Pause Young (Allocation Failure) 204M->204M(247M) 0.043ms
[2020-01-29T21:43:04.129+0300][37.316s][info][gc] GC(591) Pause Full (Allocation Failure) 204M->70M(247M) 97.614ms
[2020-01-29T21:43:04.209+0300][37.396s][info][gc] GC(592) Pause Young (Allocation Failure) 137M->136M(247M) 61.546ms
[2020-01-29T21:43:04.216+0300][37.403s][info][gc] GC(593) Pause Young (Allocation Failure) 204M->204M(247M) 0.043ms
[2020-01-29T21:43:04.314+0300][37.500s][info][gc] GC(594) Pause Full (Allocation Failure) 204M->70M(247M) 97.431ms
[2020-01-29T21:43:04.393+0300][37.581s][info][gc] GC(595) Pause Young (Allocation Failure) 137M->136M(247M) 61.540ms
[2020-01-29T21:43:04.401+0300][37.589s][info][gc] GC(596) Pause Young (Allocation Failure) 204M->204M(247M) 0.191ms
[2020-01-29T21:43:04.500+0300][37.687s][info][gc] GC(597) Pause Full (Allocation Failure) 204M->70M(247M) 98.227ms
[2020-01-29T21:43:04.580+0300][37.767s][info][gc] GC(598) Pause Young (Allocation Failure) 137M->136M(247M) 61.495ms
[2020-01-29T21:43:04.587+0300][37.774s][info][gc] GC(599) Pause Young (Allocation Failure) 204M->204M(247M) 0.042ms
[2020-01-29T21:43:04.685+0300][37.872s][info][gc] GC(600) Pause Full (Allocation Failure) 204M->70M(247M) 98.212ms
[2020-01-29T21:43:04.764+0300][37.952s][info][gc] GC(601) Pause Young (Allocation Failure) 137M->136M(247M) 61.490ms
[2020-01-29T21:43:04.771+0300][37.959s][info][gc] GC(602) Pause Young (Allocation Failure) 204M->204M(247M) 0.042ms
[2020-01-29T21:43:04.870+0300][38.057s][info][gc] GC(603) Pause Full (Allocation Failure) 204M->70M(247M) 98.806ms
[2020-01-29T21:43:04.951+0300][38.138s][info][gc] GC(604) Pause Young (Allocation Failure) 137M->136M(247M) 62.362ms
[2020-01-29T21:43:04.958+0300][38.145s][info][gc] GC(605) Pause Young (Allocation Failure) 204M->204M(247M) 0.048ms
[2020-01-29T21:43:05.056+0300][38.243s][info][gc] GC(606) Pause Full (Allocation Failure) 204M->70M(247M) 97.802ms
[2020-01-29T21:43:05.135+0300][38.323s][info][gc] GC(607) Pause Young (Allocation Failure) 137M->136M(247M) 61.545ms
[2020-01-29T21:43:05.142+0300][38.329s][info][gc] GC(608) Pause Young (Allocation Failure) 204M->204M(247M) 0.041ms
[2020-01-29T21:43:05.240+0300][38.427s][info][gc] GC(609) Pause Full (Allocation Failure) 204M->70M(247M) 97.656ms
[2020-01-29T21:43:05.320+0300][38.507s][info][gc] GC(610) Pause Young (Allocation Failure) 137M->136M(247M) 61.465ms
[2020-01-29T21:43:05.326+0300][38.513s][info][gc] GC(611) Pause Young (Allocation Failure) 204M->204M(247M) 0.041ms
[2020-01-29T21:43:05.425+0300][38.611s][info][gc] GC(612) Pause Full (Allocation Failure) 204M->70M(247M) 97.901ms
[2020-01-29T21:43:05.506+0300][38.693s][info][gc] GC(613) Pause Young (Allocation Failure) 137M->136M(247M) 62.888ms
[2020-01-29T21:43:05.513+0300][38.700s][info][gc] GC(614) Pause Young (Allocation Failure) 204M->204M(247M) 0.041ms
[2020-01-29T21:43:05.612+0300][38.799s][info][gc] GC(615) Pause Full (Allocation Failure) 204M->70M(247M) 99.268ms
[2020-01-29T21:43:05.693+0300][38.880s][info][gc] GC(616) Pause Young (Allocation Failure) 137M->136M(247M) 61.626ms
[2020-01-29T21:43:05.700+0300][38.887s][info][gc] GC(617) Pause Young (Allocation Failure) 204M->204M(247M) 0.042ms
[2020-01-29T21:43:05.798+0300][38.985s][info][gc] GC(618) Pause Full (Allocation Failure) 204M->70M(247M) 97.766ms
[2020-01-29T21:43:05.877+0300][39.065s][info][gc] GC(619) Pause Young (Allocation Failure) 137M->136M(247M) 61.475ms
[2020-01-29T21:43:05.884+0300][39.072s][info][gc] GC(620) Pause Young (Allocation Failure) 204M->204M(247M) 0.042ms
[2020-01-29T21:43:05.982+0300][39.169s][info][gc] GC(621) Pause Full (Allocation Failure) 204M->70M(247M) 97.800ms
[2020-01-29T21:43:06.062+0300][39.249s][info][gc] GC(622) Pause Young (Allocation Failure) 137M->136M(247M) 61.507ms
[2020-01-29T21:43:06.069+0300][39.256s][info][gc] GC(623) Pause Young (Allocation Failure) 204M->204M(247M) 0.040ms
[2020-01-29T21:43:06.167+0300][39.354s][info][gc] GC(624) Pause Full (Allocation Failure) 204M->70M(247M) 97.720ms
[2020-01-29T21:43:06.247+0300][39.434s][info][gc] GC(625) Pause Young (Allocation Failure) 137M->136M(247M) 61.490ms
[2020-01-29T21:43:06.253+0300][39.440s][info][gc] GC(626) Pause Young (Allocation Failure) 204M->204M(247M) 0.048ms
[2020-01-29T21:43:06.351+0300][39.539s][info][gc] GC(627) Pause Full (Allocation Failure) 204M->70M(247M) 98.125ms
[2020-01-29T21:43:06.431+0300][39.618s][info][gc] GC(628) Pause Young (Allocation Failure) 137M->136M(247M) 61.570ms
[2020-01-29T21:43:06.439+0300][39.626s][info][gc] GC(629) Pause Young (Allocation Failure) 204M->204M(247M) 0.044ms
[2020-01-29T21:43:06.538+0300][39.725s][info][gc] GC(630) Pause Full (Allocation Failure) 204M->70M(247M) 99.004ms
[2020-01-29T21:43:06.619+0300][39.806s][info][gc] GC(631) Pause Young (Allocation Failure) 137M->136M(247M) 62.151ms
[2020-01-29T21:43:06.626+0300][39.813s][info][gc] GC(632) Pause Young (Allocation Failure) 204M->204M(247M) 0.042ms
[2020-01-29T21:43:06.724+0300][39.911s][info][gc] GC(633) Pause Full (Allocation Failure) 204M->70M(247M) 97.615ms
[2020-01-29T21:43:06.803+0300][39.990s][info][gc] GC(634) Pause Young (Allocation Failure) 137M->136M(247M) 61.503ms
[2020-01-29T21:43:06.809+0300][39.997s][info][gc] GC(635) Pause Young (Allocation Failure) 204M->204M(247M) 0.043ms
[2020-01-29T21:43:06.908+0300][40.094s][info][gc] GC(636) Pause Full (Allocation Failure) 204M->70M(247M) 97.413ms
[2020-01-29T21:43:06.986+0300][40.174s][info][gc] GC(637) Pause Young (Allocation Failure) 137M->136M(247M) 61.516ms
[2020-01-29T21:43:06.993+0300][40.180s][info][gc] GC(638) Pause Young (Allocation Failure) 204M->204M(247M) 0.042ms
[2020-01-29T21:43:07.092+0300][40.279s][info][gc] GC(639) Pause Full (Allocation Failure) 204M->70M(247M) 98.719ms
[2020-01-29T21:43:07.172+0300][40.360s][info][gc] GC(640) Pause Young (Allocation Failure) 137M->136M(247M) 62.217ms
[2020-01-29T21:43:07.179+0300][40.366s][info][gc] GC(641) Pause Young (Allocation Failure) 204M->204M(247M) 0.042ms
[2020-01-29T21:43:07.277+0300][40.464s][info][gc] GC(642) Pause Full (Allocation Failure) 204M->70M(247M) 97.690ms
[2020-01-29T21:43:07.358+0300][40.545s][info][gc] GC(643) Pause Young (Allocation Failure) 137M->136M(247M) 62.035ms
[2020-01-29T21:43:07.364+0300][40.551s][info][gc] GC(644) Pause Young (Allocation Failure) 204M->204M(247M) 0.043ms
[2020-01-29T21:43:07.463+0300][40.650s][info][gc] GC(645) Pause Full (Allocation Failure) 204M->70M(247M) 98.058ms
[2020-01-29T21:43:07.545+0300][40.732s][info][gc] GC(646) Pause Young (Allocation Failure) 137M->136M(247M) 61.779ms
[2020-01-29T21:43:07.551+0300][40.739s][info][gc] GC(647) Pause Young (Allocation Failure) 204M->204M(247M) 0.046ms
[2020-01-29T21:43:07.650+0300][40.837s][info][gc] GC(648) Pause Full (Allocation Failure) 204M->70M(247M) 98.148ms
[2020-01-29T21:43:07.731+0300][40.918s][info][gc] GC(649) Pause Young (Allocation Failure) 137M->136M(247M) 61.843ms
[2020-01-29T21:43:07.737+0300][40.924s][info][gc] GC(650) Pause Young (Allocation Failure) 204M->204M(247M) 0.049ms
[2020-01-29T21:43:07.836+0300][41.022s][info][gc] GC(651) Pause Full (Allocation Failure) 204M->70M(247M) 97.935ms
[2020-01-29T21:43:07.915+0300][41.102s][info][gc] GC(652) Pause Young (Allocation Failure) 137M->136M(247M) 61.496ms
[2020-01-29T21:43:07.921+0300][41.108s][info][gc] GC(653) Pause Young (Allocation Failure) 204M->204M(247M) 0.041ms
[2020-01-29T21:43:08.019+0300][41.206s][info][gc] GC(654) Pause Full (Allocation Failure) 204M->70M(247M) 97.654ms
[2020-01-29T21:43:08.098+0300][41.286s][info][gc] GC(655) Pause Young (Allocation Failure) 137M->136M(247M) 61.538ms
[2020-01-29T21:43:08.105+0300][41.293s][info][gc] GC(656) Pause Young (Allocation Failure) 204M->204M(247M) 0.044ms
[2020-01-29T21:43:08.204+0300][41.391s][info][gc] GC(657) Pause Full (Allocation Failure) 204M->70M(247M) 98.527ms
[2020-01-29T21:43:08.284+0300][41.471s][info][gc] GC(658) Pause Young (Allocation Failure) 137M->136M(247M) 61.431ms
[2020-01-29T21:43:08.291+0300][41.478s][info][gc] GC(659) Pause Young (Allocation Failure) 204M->204M(247M) 0.041ms
[2020-01-29T21:43:08.389+0300][41.576s][info][gc] GC(660) Pause Full (Allocation Failure) 204M->70M(247M) 97.668ms
[2020-01-29T21:43:08.468+0300][41.655s][info][gc] GC(661) Pause Young (Allocation Failure) 137M->136M(247M) 61.544ms
[2020-01-29T21:43:08.475+0300][41.662s][info][gc] GC(662) Pause Young (Allocation Failure) 204M->204M(247M) 0.042ms
[2020-01-29T21:43:08.573+0300][41.760s][info][gc] GC(663) Pause Full (Allocation Failure) 204M->70M(247M) 97.528ms
[2020-01-29T21:43:08.653+0300][41.840s][info][gc] GC(664) Pause Young (Allocation Failure) 137M->136M(247M) 61.623ms
[2020-01-29T21:43:08.660+0300][41.847s][info][gc] GC(665) Pause Young (Allocation Failure) 204M->204M(247M) 0.041ms
[2020-01-29T21:43:08.758+0300][41.945s][info][gc] GC(666) Pause Full (Allocation Failure) 204M->70M(247M) 97.549ms
[2020-01-29T21:43:08.838+0300][42.025s][info][gc] GC(667) Pause Young (Allocation Failure) 137M->136M(247M) 61.545ms
[2020-01-29T21:43:08.844+0300][42.032s][info][gc] GC(668) Pause Young (Allocation Failure) 204M->204M(247M) 0.042ms
[2020-01-29T21:43:08.943+0300][42.130s][info][gc] GC(669) Pause Full (Allocation Failure) 204M->70M(247M) 98.373ms
[2020-01-29T21:43:09.023+0300][42.210s][info][gc] GC(670) Pause Young (Allocation Failure) 137M->136M(247M) 61.551ms
[2020-01-29T21:43:09.030+0300][42.217s][info][gc] GC(671) Pause Young (Allocation Failure) 204M->204M(247M) 0.043ms
[2020-01-29T21:43:09.129+0300][42.315s][info][gc] GC(672) Pause Full (Allocation Failure) 204M->70M(247M) 98.145ms
[2020-01-29T21:43:09.208+0300][42.395s][info][gc] GC(673) Pause Young (Allocation Failure) 137M->136M(247M) 61.509ms
[2020-01-29T21:43:09.215+0300][42.402s][info][gc] GC(674) Pause Young (Allocation Failure) 204M->204M(247M) 0.041ms
[2020-01-29T21:43:09.312+0300][42.499s][info][gc] GC(675) Pause Full (Allocation Failure) 204M->70M(247M) 97.534ms
[2020-01-29T21:43:09.392+0300][42.579s][info][gc] GC(676) Pause Young (Allocation Failure) 137M->136M(247M) 61.631ms
[2020-01-29T21:43:09.399+0300][42.587s][info][gc] GC(677) Pause Young (Allocation Failure) 204M->204M(247M) 0.044ms
[2020-01-29T21:43:09.498+0300][42.685s][info][gc] GC(678) Pause Full (Allocation Failure) 204M->70M(247M) 98.296ms
[2020-01-29T21:43:09.578+0300][42.765s][info][gc] GC(679) Pause Young (Allocation Failure) 137M->136M(247M) 61.520ms
[2020-01-29T21:43:09.585+0300][42.772s][info][gc] GC(680) Pause Young (Allocation Failure) 204M->204M(247M) 0.041ms
[2020-01-29T21:43:09.682+0300][42.869s][info][gc] GC(681) Pause Full (Allocation Failure) 204M->70M(247M) 97.776ms
[2020-01-29T21:43:09.763+0300][42.949s][info][gc] GC(682) Pause Young (Allocation Failure) 137M->136M(247M) 62.005ms
[2020-01-29T21:43:09.770+0300][42.956s][info][gc] GC(683) Pause Young (Allocation Failure) 204M->204M(247M) 0.046ms
[2020-01-29T21:43:09.867+0300][43.055s][info][gc] GC(684) Pause Full (Allocation Failure) 204M->70M(247M) 98.628ms
[2020-01-29T21:43:09.947+0300][43.134s][info][gc] GC(685) Pause Young (Allocation Failure) 137M->136M(247M) 61.509ms
[2020-01-29T21:43:09.954+0300][43.141s][info][gc] GC(686) Pause Young (Allocation Failure) 204M->204M(247M) 0.042ms
[2020-01-29T21:43:10.052+0300][43.239s][info][gc] GC(687) Pause Full (Allocation Failure) 204M->70M(247M) 98.023ms
[2020-01-29T21:43:10.132+0300][43.319s][info][gc] GC(688) Pause Young (Allocation Failure) 137M->136M(247M) 61.657ms
[2020-01-29T21:43:10.139+0300][43.326s][info][gc] GC(689) Pause Young (Allocation Failure) 204M->204M(247M) 0.045ms
[2020-01-29T21:43:10.239+0300][43.426s][info][gc] GC(690) Pause Full (Allocation Failure) 204M->70M(247M) 100.204ms
[2020-01-29T21:43:10.320+0300][43.507s][info][gc] GC(691) Pause Young (Allocation Failure) 137M->136M(247M) 61.803ms
[2020-01-29T21:43:10.327+0300][43.514s][info][gc] GC(692) Pause Young (Allocation Failure) 204M->204M(247M) 0.044ms
[2020-01-29T21:43:10.425+0300][43.612s][info][gc] GC(693) Pause Full (Allocation Failure) 204M->70M(247M) 98.046ms
[2020-01-29T21:43:10.507+0300][43.693s][info][gc] GC(694) Pause Young (Allocation Failure) 137M->136M(247M) 62.833ms
[2020-01-29T21:43:10.514+0300][43.700s][info][gc] GC(695) Pause Young (Allocation Failure) 204M->204M(247M) 0.044ms
[2020-01-29T21:43:10.612+0300][43.800s][info][gc] GC(696) Pause Full (Allocation Failure) 204M->70M(247M) 99.407ms
[2020-01-29T21:43:10.693+0300][43.881s][info][gc] GC(697) Pause Young (Allocation Failure) 137M->136M(247M) 61.600ms
[2020-01-29T21:43:10.700+0300][43.887s][info][gc] GC(698) Pause Young (Allocation Failure) 204M->204M(247M) 0.041ms
[2020-01-29T21:43:10.799+0300][43.986s][info][gc] GC(699) Pause Full (Allocation Failure) 204M->70M(247M) 98.445ms
[2020-01-29T21:43:10.883+0300][44.069s][info][gc] GC(700) Pause Young (Allocation Failure) 137M->136M(247M) 63.824ms
[2020-01-29T21:43:10.889+0300][44.076s][info][gc] GC(701) Pause Young (Allocation Failure) 204M->204M(247M) 0.043ms
[2020-01-29T21:43:10.987+0300][44.174s][info][gc] GC(702) Pause Full (Allocation Failure) 204M->70M(247M) 98.288ms
[2020-01-29T21:43:11.067+0300][44.254s][info][gc] GC(703) Pause Young (Allocation Failure) 137M->136M(247M) 61.492ms
[2020-01-29T21:43:11.074+0300][44.261s][info][gc] GC(704) Pause Young (Allocation Failure) 204M->204M(247M) 0.041ms
[2020-01-29T21:43:11.173+0300][44.360s][info][gc] GC(705) Pause Full (Allocation Failure) 204M->70M(247M) 98.580ms
[2020-01-29T21:43:11.253+0300][44.440s][info][gc] GC(706) Pause Young (Allocation Failure) 137M->136M(247M) 61.488ms
[2020-01-29T21:43:11.260+0300][44.447s][info][gc] GC(707) Pause Young (Allocation Failure) 204M->204M(247M) 0.041ms
[2020-01-29T21:43:11.357+0300][44.544s][info][gc] GC(708) Pause Full (Allocation Failure) 204M->70M(247M) 97.473ms
[2020-01-29T21:43:11.437+0300][44.624s][info][gc] GC(709) Pause Young (Allocation Failure) 137M->136M(247M) 61.484ms
[2020-01-29T21:43:11.444+0300][44.631s][info][gc] GC(710) Pause Young (Allocation Failure) 204M->204M(247M) 0.045ms
[2020-01-29T21:43:11.542+0300][44.729s][info][gc] GC(711) Pause Full (Allocation Failure) 204M->70M(247M) 98.234ms
[2020-01-29T21:43:11.624+0300][44.810s][info][gc] GC(712) Pause Young (Allocation Failure) 137M->136M(247M) 62.013ms
[2020-01-29T21:43:11.630+0300][44.817s][info][gc] GC(713) Pause Young (Allocation Failure) 204M->204M(247M) 0.040ms
[2020-01-29T21:43:11.727+0300][44.915s][info][gc] GC(714) Pause Full (Allocation Failure) 204M->70M(247M) 97.731ms
[2020-01-29T21:43:11.807+0300][44.994s][info][gc] GC(715) Pause Young (Allocation Failure) 137M->136M(247M) 61.520ms
[2020-01-29T21:43:11.814+0300][45.001s][info][gc] GC(716) Pause Young (Allocation Failure) 204M->204M(247M) 0.041ms
[2020-01-29T21:43:11.912+0300][45.099s][info][gc] GC(717) Pause Full (Allocation Failure) 204M->70M(247M) 97.494ms
[2020-01-29T21:43:11.991+0300][45.178s][info][gc] GC(718) Pause Young (Allocation Failure) 137M->136M(247M) 61.479ms
[2020-01-29T21:43:11.998+0300][45.185s][info][gc] GC(719) Pause Young (Allocation Failure) 204M->204M(247M) 0.043ms
[2020-01-29T21:43:12.096+0300][45.283s][info][gc] GC(720) Pause Full (Allocation Failure) 204M->70M(247M) 97.975ms
[2020-01-29T21:43:12.177+0300][45.363s][info][gc] GC(721) Pause Young (Allocation Failure) 137M->136M(247M) 61.467ms
[2020-01-29T21:43:12.183+0300][45.370s][info][gc] GC(722) Pause Young (Allocation Failure) 204M->204M(247M) 0.041ms
[2020-01-29T21:43:12.281+0300][45.468s][info][gc] GC(723) Pause Full (Allocation Failure) 204M->70M(247M) 97.704ms
[2020-01-29T21:43:12.361+0300][45.548s][info][gc] GC(724) Pause Young (Allocation Failure) 137M->136M(247M) 61.486ms
[2020-01-29T21:43:12.368+0300][45.555s][info][gc] GC(725) Pause Young (Allocation Failure) 204M->204M(247M) 0.041ms
[2020-01-29T21:43:12.471+0300][45.658s][info][gc] GC(726) Pause Full (Allocation Failure) 204M->70M(247M) 102.997ms
[2020-01-29T21:43:12.553+0300][45.741s][info][gc] GC(727) Pause Young (Allocation Failure) 137M->136M(247M) 61.626ms
[2020-01-29T21:43:12.560+0300][45.747s][info][gc] GC(728) Pause Young (Allocation Failure) 204M->204M(247M) 0.043ms
[2020-01-29T21:43:12.658+0300][45.845s][info][gc] GC(729) Pause Full (Allocation Failure) 204M->70M(247M) 98.025ms
[2020-01-29T21:43:12.738+0300][45.925s][info][gc] GC(730) Pause Young (Allocation Failure) 137M->136M(247M) 61.457ms
[2020-01-29T21:43:12.745+0300][45.932s][info][gc] GC(731) Pause Young (Allocation Failure) 204M->204M(247M) 0.041ms
[2020-01-29T21:43:12.842+0300][46.030s][info][gc] GC(732) Pause Full (Allocation Failure) 204M->70M(247M) 97.942ms
[2020-01-29T21:43:12.922+0300][46.109s][info][gc] GC(733) Pause Young (Allocation Failure) 137M->136M(247M) 61.447ms
[2020-01-29T21:43:12.929+0300][46.116s][info][gc] GC(734) Pause Young (Allocation Failure) 204M->204M(247M) 0.041ms
[2020-01-29T21:43:13.027+0300][46.214s][info][gc] GC(735) Pause Full (Allocation Failure) 204M->70M(247M) 97.738ms
[2020-01-29T21:43:13.107+0300][46.294s][info][gc] GC(736) Pause Young (Allocation Failure) 137M->136M(247M) 61.495ms
[2020-01-29T21:43:13.114+0300][46.301s][info][gc] GC(737) Pause Young (Allocation Failure) 204M->204M(247M) 0.042ms
[2020-01-29T21:43:13.211+0300][46.398s][info][gc] GC(738) Pause Full (Allocation Failure) 204M->70M(247M) 97.490ms
[2020-01-29T21:43:13.291+0300][46.478s][info][gc] GC(739) Pause Young (Allocation Failure) 137M->136M(247M) 61.439ms
[2020-01-29T21:43:13.298+0300][46.485s][info][gc] GC(740) Pause Young (Allocation Failure) 204M->204M(247M) 0.041ms
[2020-01-29T21:43:13.396+0300][46.583s][info][gc] GC(741) Pause Full (Allocation Failure) 204M->70M(247M) 97.888ms
[2020-01-29T21:43:13.477+0300][46.664s][info][gc] GC(742) Pause Young (Allocation Failure) 137M->136M(247M) 61.567ms
[2020-01-29T21:43:13.484+0300][46.671s][info][gc] GC(743) Pause Young (Allocation Failure) 204M->204M(247M) 0.042ms
[2020-01-29T21:43:13.581+0300][46.769s][info][gc] GC(744) Pause Full (Allocation Failure) 204M->70M(247M) 97.621ms
[2020-01-29T21:43:13.662+0300][46.849s][info][gc] GC(745) Pause Young (Allocation Failure) 137M->136M(247M) 61.604ms
[2020-01-29T21:43:13.668+0300][46.855s][info][gc] GC(746) Pause Young (Allocation Failure) 204M->204M(247M) 0.042ms
[2020-01-29T21:43:13.766+0300][46.953s][info][gc] GC(747) Pause Full (Allocation Failure) 204M->70M(247M) 97.578ms
[2020-01-29T21:43:13.846+0300][47.033s][info][gc] GC(748) Pause Young (Allocation Failure) 137M->136M(247M) 61.454ms
[2020-01-29T21:43:13.853+0300][47.040s][info][gc] GC(749) Pause Young (Allocation Failure) 204M->204M(247M) 0.042ms
[2020-01-29T21:43:13.950+0300][47.137s][info][gc] GC(750) Pause Full (Allocation Failure) 204M->70M(247M) 97.533ms
[2020-01-29T21:43:14.030+0300][47.218s][info][gc] GC(751) Pause Young (Allocation Failure) 137M->136M(247M) 61.485ms
[2020-01-29T21:43:14.037+0300][47.224s][info][gc] GC(752) Pause Young (Allocation Failure) 204M->204M(247M) 0.043ms
[2020-01-29T21:43:14.135+0300][47.322s][info][gc] GC(753) Pause Full (Allocation Failure) 204M->70M(247M) 97.608ms
[2020-01-29T21:43:14.215+0300][47.402s][info][gc] GC(754) Pause Young (Allocation Failure) 137M->136M(247M) 61.537ms
[2020-01-29T21:43:14.222+0300][47.409s][info][gc] GC(755) Pause Young (Allocation Failure) 204M->204M(247M) 0.042ms
[2020-01-29T21:43:14.319+0300][47.506s][info][gc] GC(756) Pause Full (Allocation Failure) 204M->70M(247M) 97.447ms
[2020-01-29T21:43:14.399+0300][47.587s][info][gc] GC(757) Pause Young (Allocation Failure) 137M->136M(247M) 61.583ms
[2020-01-29T21:43:14.407+0300][47.594s][info][gc] GC(758) Pause Young (Allocation Failure) 204M->204M(247M) 0.047ms
[2020-01-29T21:43:14.505+0300][47.692s][info][gc] GC(759) Pause Full (Allocation Failure) 204M->70M(247M) 98.285ms
[2020-01-29T21:43:14.586+0300][47.772s][info][gc] GC(760) Pause Young (Allocation Failure) 137M->136M(247M) 61.931ms
[2020-01-29T21:43:14.592+0300][47.779s][info][gc] GC(761) Pause Young (Allocation Failure) 204M->204M(247M) 0.050ms
[2020-01-29T21:43:14.691+0300][47.878s][info][gc] GC(762) Pause Full (Allocation Failure) 204M->70M(247M) 98.335ms
[2020-01-29T21:43:14.770+0300][47.957s][info][gc] GC(763) Pause Young (Allocation Failure) 137M->136M(247M) 61.507ms
[2020-01-29T21:43:14.777+0300][47.964s][info][gc] GC(764) Pause Young (Allocation Failure) 204M->204M(247M) 0.041ms
[2020-01-29T21:43:14.874+0300][48.062s][info][gc] GC(765) Pause Full (Allocation Failure) 204M->70M(247M) 97.894ms
[2020-01-29T21:43:14.959+0300][48.147s][info][gc] GC(766) Pause Young (Allocation Failure) 137M->136M(247M) 61.476ms
[2020-01-29T21:43:14.966+0300][48.153s][info][gc] GC(767) Pause Young (Allocation Failure) 204M->204M(247M) 0.044ms
[2020-01-29T21:43:15.064+0300][48.251s][info][gc] GC(768) Pause Full (Allocation Failure) 204M->70M(247M) 97.743ms
[2020-01-29T21:43:15.144+0300][48.331s][info][gc] GC(769) Pause Young (Allocation Failure) 137M->136M(247M) 61.464ms
[2020-01-29T21:43:15.150+0300][48.338s][info][gc] GC(770) Pause Young (Allocation Failure) 204M->204M(247M) 0.043ms
[2020-01-29T21:43:15.248+0300][48.436s][info][gc] GC(771) Pause Full (Allocation Failure) 204M->70M(247M) 97.899ms
[2020-01-29T21:43:15.328+0300][48.516s][info][gc] GC(772) Pause Young (Allocation Failure) 137M->136M(247M) 61.458ms
[2020-01-29T21:43:15.335+0300][48.522s][info][gc] GC(773) Pause Young (Allocation Failure) 204M->204M(247M) 0.042ms
[2020-01-29T21:43:15.433+0300][48.620s][info][gc] GC(774) Pause Full (Allocation Failure) 204M->70M(247M) 97.986ms
[2020-01-29T21:43:15.515+0300][48.702s][info][gc] GC(775) Pause Young (Allocation Failure) 137M->136M(247M) 62.552ms
[2020-01-29T21:43:15.523+0300][48.710s][info][gc] GC(776) Pause Young (Allocation Failure) 204M->204M(247M) 0.041ms
[2020-01-29T21:43:15.621+0300][48.808s][info][gc] GC(777) Pause Full (Allocation Failure) 204M->70M(247M) 98.436ms
[2020-01-29T21:43:15.701+0300][48.889s][info][gc] GC(778) Pause Young (Allocation Failure) 137M->136M(247M) 61.602ms
[2020-01-29T21:43:15.708+0300][48.895s][info][gc] GC(779) Pause Young (Allocation Failure) 204M->204M(247M) 0.042ms
[2020-01-29T21:43:15.807+0300][48.994s][info][gc] GC(780) Pause Full (Allocation Failure) 204M->70M(247M) 98.368ms
[2020-01-29T21:43:15.886+0300][49.073s][info][gc] GC(781) Pause Young (Allocation Failure) 137M->136M(247M) 61.419ms
[2020-01-29T21:43:15.893+0300][49.080s][info][gc] GC(782) Pause Young (Allocation Failure) 204M->204M(247M) 0.045ms
[2020-01-29T21:43:15.990+0300][49.178s][info][gc] GC(783) Pause Full (Allocation Failure) 204M->70M(247M) 97.917ms
[2020-01-29T21:43:16.070+0300][49.258s][info][gc] GC(784) Pause Young (Allocation Failure) 137M->136M(247M) 61.453ms
[2020-01-29T21:43:16.077+0300][49.264s][info][gc] GC(785) Pause Young (Allocation Failure) 204M->204M(247M) 0.041ms
[2020-01-29T21:43:16.175+0300][49.362s][info][gc] GC(786) Pause Full (Allocation Failure) 204M->70M(247M) 97.871ms
[2020-01-29T21:43:16.255+0300][49.442s][info][gc] GC(787) Pause Young (Allocation Failure) 137M->136M(247M) 61.495ms
[2020-01-29T21:43:16.262+0300][49.449s][info][gc] GC(788) Pause Young (Allocation Failure) 204M->204M(247M) 0.041ms
[2020-01-29T21:43:16.359+0300][49.547s][info][gc] GC(789) Pause Full (Allocation Failure) 204M->70M(247M) 97.756ms
[2020-01-29T21:43:16.439+0300][49.626s][info][gc] GC(790) Pause Young (Allocation Failure) 137M->136M(247M) 61.509ms
[2020-01-29T21:43:16.446+0300][49.633s][info][gc] GC(791) Pause Young (Allocation Failure) 204M->204M(247M) 0.043ms
[2020-01-29T21:43:16.545+0300][49.732s][info][gc] GC(792) Pause Full (Allocation Failure) 204M->70M(247M) 98.720ms
[2020-01-29T21:43:16.626+0300][49.813s][info][gc] GC(793) Pause Young (Allocation Failure) 137M->136M(247M) 61.809ms
[2020-01-29T21:43:16.632+0300][49.820s][info][gc] GC(794) Pause Young (Allocation Failure) 204M->204M(247M) 0.042ms
[2020-01-29T21:43:16.731+0300][49.919s][info][gc] GC(795) Pause Full (Allocation Failure) 204M->70M(247M) 98.908ms
[2020-01-29T21:43:16.811+0300][49.998s][info][gc] GC(796) Pause Young (Allocation Failure) 137M->136M(247M) 61.593ms
[2020-01-29T21:43:16.818+0300][50.005s][info][gc] GC(797) Pause Young (Allocation Failure) 204M->204M(247M) 0.041ms
[2020-01-29T21:43:16.916+0300][50.103s][info][gc] GC(798) Pause Full (Allocation Failure) 204M->70M(247M) 97.692ms
[2020-01-29T21:43:16.996+0300][50.183s][info][gc] GC(799) Pause Young (Allocation Failure) 137M->136M(247M) 61.502ms
[2020-01-29T21:43:17.002+0300][50.189s][info][gc] GC(800) Pause Young (Allocation Failure) 204M->204M(247M) 0.041ms
[2020-01-29T21:43:17.100+0300][50.287s][info][gc] GC(801) Pause Full (Allocation Failure) 204M->70M(247M) 97.685ms
[2020-01-29T21:43:17.180+0300][50.367s][info][gc] GC(802) Pause Young (Allocation Failure) 137M->136M(247M) 61.451ms
[2020-01-29T21:43:17.187+0300][50.374s][info][gc] GC(803) Pause Young (Allocation Failure) 204M->204M(247M) 0.041ms
[2020-01-29T21:43:17.285+0300][50.472s][info][gc] GC(804) Pause Full (Allocation Failure) 204M->70M(247M) 97.778ms
[2020-01-29T21:43:17.364+0300][50.552s][info][gc] GC(805) Pause Young (Allocation Failure) 137M->136M(247M) 61.463ms
[2020-01-29T21:43:17.371+0300][50.558s][info][gc] GC(806) Pause Young (Allocation Failure) 204M->204M(247M) 0.043ms
[2020-01-29T21:43:17.469+0300][50.656s][info][gc] GC(807) Pause Full (Allocation Failure) 204M->70M(247M) 98.103ms
[2020-01-29T21:43:17.551+0300][50.738s][info][gc] GC(808) Pause Young (Allocation Failure) 137M->136M(247M) 61.858ms
[2020-01-29T21:43:17.557+0300][50.744s][info][gc] GC(809) Pause Young (Allocation Failure) 204M->204M(247M) 0.044ms
[2020-01-29T21:43:17.657+0300][50.843s][info][gc] GC(810) Pause Full (Allocation Failure) 204M->70M(247M) 99.082ms
[2020-01-29T21:43:17.735+0300][50.923s][info][gc] GC(811) Pause Young (Allocation Failure) 137M->136M(247M) 61.682ms
[2020-01-29T21:43:17.742+0300][50.929s][info][gc] GC(812) Pause Young (Allocation Failure) 204M->204M(247M) 0.042ms
[2020-01-29T21:43:17.840+0300][51.028s][info][gc] GC(813) Pause Full (Allocation Failure) 204M->70M(247M) 98.119ms
[2020-01-29T21:43:17.920+0300][51.107s][info][gc] GC(814) Pause Young (Allocation Failure) 137M->136M(247M) 61.453ms
[2020-01-29T21:43:17.927+0300][51.114s][info][gc] GC(815) Pause Young (Allocation Failure) 204M->204M(247M) 0.041ms
[2020-01-29T21:43:18.025+0300][51.212s][info][gc] GC(816) Pause Full (Allocation Failure) 204M->70M(247M) 97.837ms
[2020-01-29T21:43:18.104+0300][51.292s][info][gc] GC(817) Pause Young (Allocation Failure) 137M->136M(247M) 61.497ms
[2020-01-29T21:43:18.111+0300][51.298s][info][gc] GC(818) Pause Young (Allocation Failure) 204M->204M(247M) 0.041ms
[2020-01-29T21:43:18.209+0300][51.396s][info][gc] GC(819) Pause Full (Allocation Failure) 204M->70M(247M) 97.766ms
[2020-01-29T21:43:18.289+0300][51.476s][info][gc] GC(820) Pause Young (Allocation Failure) 137M->136M(247M) 61.488ms
[2020-01-29T21:43:18.296+0300][51.483s][info][gc] GC(821) Pause Young (Allocation Failure) 204M->204M(247M) 0.042ms
[2020-01-29T21:43:18.394+0300][51.581s][info][gc] GC(822) Pause Full (Allocation Failure) 204M->70M(247M) 97.768ms
[2020-01-29T21:43:18.474+0300][51.661s][info][gc] GC(823) Pause Young (Allocation Failure) 137M->136M(247M) 61.508ms
[2020-01-29T21:43:18.481+0300][51.668s][info][gc] GC(824) Pause Young (Allocation Failure) 204M->204M(247M) 0.040ms
[2020-01-29T21:43:18.579+0300][51.766s][info][gc] GC(825) Pause Full (Allocation Failure) 204M->70M(247M) 97.825ms
[2020-01-29T21:43:18.658+0300][51.846s][info][gc] GC(826) Pause Young (Allocation Failure) 137M->136M(247M) 61.630ms
[2020-01-29T21:43:18.665+0300][51.852s][info][gc] GC(827) Pause Young (Allocation Failure) 204M->204M(247M) 0.042ms
[2020-01-29T21:43:18.763+0300][51.950s][info][gc] GC(828) Pause Full (Allocation Failure) 204M->70M(247M) 97.930ms
[2020-01-29T21:43:18.843+0300][52.030s][info][gc] GC(829) Pause Young (Allocation Failure) 137M->136M(247M) 61.483ms
[2020-01-29T21:43:18.850+0300][52.037s][info][gc] GC(830) Pause Young (Allocation Failure) 204M->204M(247M) 0.042ms
[2020-01-29T21:43:18.948+0300][52.135s][info][gc] GC(831) Pause Full (Allocation Failure) 204M->70M(247M) 97.851ms
[2020-01-29T21:43:19.027+0300][52.215s][info][gc] GC(832) Pause Young (Allocation Failure) 137M->136M(247M) 61.465ms
[2020-01-29T21:43:19.034+0300][52.221s][info][gc] GC(833) Pause Young (Allocation Failure) 204M->204M(247M) 0.041ms
[2020-01-29T21:43:19.132+0300][52.319s][info][gc] GC(834) Pause Full (Allocation Failure) 204M->70M(247M) 97.809ms
[2020-01-29T21:43:19.213+0300][52.400s][info][gc] GC(835) Pause Young (Allocation Failure) 137M->136M(247M) 61.823ms
[2020-01-29T21:43:19.219+0300][52.406s][info][gc] GC(836) Pause Young (Allocation Failure) 204M->204M(247M) 0.044ms
[2020-01-29T21:43:19.318+0300][52.505s][info][gc] GC(837) Pause Full (Allocation Failure) 204M->70M(247M) 98.271ms
[2020-01-29T21:43:19.398+0300][52.585s][info][gc] GC(838) Pause Young (Allocation Failure) 137M->136M(247M) 61.628ms
[2020-01-29T21:43:19.405+0300][52.592s][info][gc] GC(839) Pause Young (Allocation Failure) 204M->204M(247M) 0.043ms
[2020-01-29T21:43:19.504+0300][52.690s][info][gc] GC(840) Pause Full (Allocation Failure) 204M->70M(247M) 97.969ms
[2020-01-29T21:43:19.584+0300][52.771s][info][gc] GC(841) Pause Young (Allocation Failure) 137M->136M(247M) 61.808ms
[2020-01-29T21:43:19.590+0300][52.778s][info][gc] GC(842) Pause Young (Allocation Failure) 204M->204M(247M) 0.042ms
[2020-01-29T21:43:19.689+0300][52.876s][info][gc] GC(843) Pause Full (Allocation Failure) 204M->70M(247M) 98.219ms
[2020-01-29T21:43:19.769+0300][52.956s][info][gc] GC(844) Pause Young (Allocation Failure) 137M->136M(247M) 61.462ms
[2020-01-29T21:43:19.776+0300][52.963s][info][gc] GC(845) Pause Young (Allocation Failure) 204M->204M(247M) 0.042ms
[2020-01-29T21:43:19.875+0300][53.061s][info][gc] GC(846) Pause Full (Allocation Failure) 204M->70M(247M) 98.371ms
[2020-01-29T21:43:19.954+0300][53.141s][info][gc] GC(847) Pause Young (Allocation Failure) 137M->136M(247M) 61.996ms
[2020-01-29T21:43:19.960+0300][53.148s][info][gc] GC(848) Pause Young (Allocation Failure) 204M->204M(247M) 0.042ms
[2020-01-29T21:43:20.059+0300][53.246s][info][gc] GC(849) Pause Full (Allocation Failure) 204M->70M(247M) 97.868ms
[2020-01-29T21:43:20.139+0300][53.326s][info][gc] GC(850) Pause Young (Allocation Failure) 137M->136M(247M) 61.906ms
[2020-01-29T21:43:20.145+0300][53.332s][info][gc] GC(851) Pause Young (Allocation Failure) 204M->204M(247M) 0.042ms
[2020-01-29T21:43:20.244+0300][53.431s][info][gc] GC(852) Pause Full (Allocation Failure) 204M->70M(247M) 98.718ms
[2020-01-29T21:43:20.323+0300][53.511s][info][gc] GC(853) Pause Young (Allocation Failure) 137M->136M(247M) 61.560ms
[2020-01-29T21:43:20.330+0300][53.518s][info][gc] GC(854) Pause Young (Allocation Failure) 204M->204M(247M) 0.045ms
[2020-01-29T21:43:20.429+0300][53.616s][info][gc] GC(855) Pause Full (Allocation Failure) 204M->70M(247M) 98.636ms
[2020-01-29T21:43:20.509+0300][53.696s][info][gc] GC(856) Pause Young (Allocation Failure) 137M->136M(247M) 61.615ms
[2020-01-29T21:43:20.517+0300][53.704s][info][gc] GC(857) Pause Young (Allocation Failure) 204M->204M(247M) 0.040ms
[2020-01-29T21:43:20.615+0300][53.802s][info][gc] GC(858) Pause Full (Allocation Failure) 204M->70M(247M) 98.481ms
[2020-01-29T21:43:20.695+0300][53.882s][info][gc] GC(859) Pause Young (Allocation Failure) 137M->136M(247M) 61.909ms
[2020-01-29T21:43:20.701+0300][53.889s][info][gc] GC(860) Pause Young (Allocation Failure) 204M->204M(247M) 0.046ms
[2020-01-29T21:43:20.800+0300][53.987s][info][gc] GC(861) Pause Full (Allocation Failure) 204M->70M(247M) 98.329ms
[2020-01-29T21:43:20.880+0300][54.067s][info][gc] GC(862) Pause Young (Allocation Failure) 137M->136M(247M) 61.504ms
[2020-01-29T21:43:20.887+0300][54.074s][info][gc] GC(863) Pause Young (Allocation Failure) 204M->204M(247M) 0.044ms
[2020-01-29T21:43:20.985+0300][54.172s][info][gc] GC(864) Pause Full (Allocation Failure) 204M->70M(247M) 98.017ms
[2020-01-29T21:43:21.064+0300][54.252s][info][gc] GC(865) Pause Young (Allocation Failure) 137M->136M(247M) 61.499ms
[2020-01-29T21:43:21.074+0300][54.261s][info][gc] GC(866) Pause Young (Allocation Failure) 204M->204M(247M) 0.045ms
[2020-01-29T21:43:21.174+0300][54.361s][info][gc] GC(867) Pause Full (Allocation Failure) 204M->70M(247M) 99.556ms
[2020-01-29T21:43:21.255+0300][54.442s][info][gc] GC(868) Pause Young (Allocation Failure) 137M->136M(247M) 62.562ms
[2020-01-29T21:43:21.262+0300][54.449s][info][gc] GC(869) Pause Young (Allocation Failure) 204M->204M(247M) 0.042ms
[2020-01-29T21:43:21.364+0300][54.550s][info][gc] GC(870) Pause Full (Allocation Failure) 204M->70M(247M) 101.137ms
[2020-01-29T21:43:21.444+0300][54.632s][info][gc] GC(871) Pause Young (Allocation Failure) 137M->136M(247M) 62.514ms
[2020-01-29T21:43:21.454+0300][54.641s][info][gc] GC(872) Pause Young (Allocation Failure) 204M->204M(247M) 0.046ms
[2020-01-29T21:43:21.554+0300][54.741s][info][gc] GC(873) Pause Full (Allocation Failure) 204M->70M(247M) 99.941ms
[2020-01-29T21:43:21.637+0300][54.824s][info][gc] GC(874) Pause Young (Allocation Failure) 137M->136M(247M) 64.024ms
[2020-01-29T21:43:21.644+0300][54.831s][info][gc] GC(875) Pause Young (Allocation Failure) 204M->204M(247M) 0.043ms
[2020-01-29T21:43:21.747+0300][54.934s][info][gc] GC(876) Pause Full (Allocation Failure) 204M->70M(247M) 102.573ms
[2020-01-29T21:43:21.826+0300][55.014s][info][gc] GC(877) Pause Young (Allocation Failure) 137M->136M(247M) 61.603ms
[2020-01-29T21:43:21.833+0300][55.021s][info][gc] GC(878) Pause Young (Allocation Failure) 204M->204M(247M) 0.042ms
[2020-01-29T21:43:21.933+0300][55.120s][info][gc] GC(879) Pause Full (Allocation Failure) 204M->70M(247M) 99.200ms
[2020-01-29T21:43:22.014+0300][55.201s][info][gc] GC(880) Pause Young (Allocation Failure) 137M->136M(247M) 61.931ms
[2020-01-29T21:43:22.021+0300][55.208s][info][gc] GC(881) Pause Young (Allocation Failure) 204M->204M(247M) 0.048ms
[2020-01-29T21:43:22.122+0300][55.309s][info][gc] GC(882) Pause Full (Allocation Failure) 204M->70M(247M) 100.672ms
[2020-01-29T21:43:22.201+0300][55.389s][info][gc] GC(883) Pause Young (Allocation Failure) 137M->136M(247M) 61.535ms
[2020-01-29T21:43:22.208+0300][55.395s][info][gc] GC(884) Pause Young (Allocation Failure) 204M->204M(247M) 0.045ms
[2020-01-29T21:43:22.307+0300][55.494s][info][gc] GC(885) Pause Full (Allocation Failure) 204M->70M(247M) 98.830ms
[2020-01-29T21:43:22.387+0300][55.574s][info][gc] GC(886) Pause Young (Allocation Failure) 137M->136M(247M) 61.570ms
[2020-01-29T21:43:22.394+0300][55.581s][info][gc] GC(887) Pause Young (Allocation Failure) 204M->204M(247M) 0.042ms
[2020-01-29T21:43:22.492+0300][55.679s][info][gc] GC(888) Pause Full (Allocation Failure) 204M->70M(247M) 98.137ms
[2020-01-29T21:43:22.574+0300][55.761s][info][gc] GC(889) Pause Young (Allocation Failure) 137M->136M(247M) 61.938ms
[2020-01-29T21:43:22.581+0300][55.768s][info][gc] GC(890) Pause Young (Allocation Failure) 204M->204M(247M) 0.047ms
[2020-01-29T21:43:22.682+0300][55.869s][info][gc] GC(891) Pause Full (Allocation Failure) 204M->70M(247M) 100.745ms
[2020-01-29T21:43:22.761+0300][55.949s][info][gc] GC(892) Pause Young (Allocation Failure) 137M->136M(247M) 61.710ms
[2020-01-29T21:43:22.768+0300][55.956s][info][gc] GC(893) Pause Young (Allocation Failure) 204M->204M(247M) 0.042ms
[2020-01-29T21:43:22.867+0300][56.054s][info][gc] GC(894) Pause Full (Allocation Failure) 204M->70M(247M) 98.577ms
[2020-01-29T21:43:22.947+0300][56.134s][info][gc] GC(895) Pause Young (Allocation Failure) 137M->136M(247M) 61.473ms
[2020-01-29T21:43:22.954+0300][56.141s][info][gc] GC(896) Pause Young (Allocation Failure) 204M->204M(247M) 0.042ms
[2020-01-29T21:43:23.052+0300][56.239s][info][gc] GC(897) Pause Full (Allocation Failure) 204M->70M(247M) 98.285ms
[2020-01-29T21:43:23.132+0300][56.320s][info][gc] GC(898) Pause Young (Allocation Failure) 137M->136M(247M) 61.656ms
[2020-01-29T21:43:23.139+0300][56.327s][info][gc] GC(899) Pause Young (Allocation Failure) 204M->204M(247M) 0.046ms
[2020-01-29T21:43:23.238+0300][56.425s][info][gc] GC(900) Pause Full (Allocation Failure) 204M->70M(247M) 98.341ms
[2020-01-29T21:43:23.317+0300][56.505s][info][gc] GC(901) Pause Young (Allocation Failure) 137M->136M(247M) 61.465ms
[2020-01-29T21:43:23.324+0300][56.512s][info][gc] GC(902) Pause Young (Allocation Failure) 204M->204M(247M) 0.043ms
[2020-01-29T21:43:23.423+0300][56.610s][info][gc] GC(903) Pause Full (Allocation Failure) 204M->70M(247M) 98.561ms
[2020-01-29T21:43:23.503+0300][56.690s][info][gc] GC(904) Pause Young (Allocation Failure) 137M->136M(247M) 61.550ms
[2020-01-29T21:43:23.510+0300][56.697s][info][gc] GC(905) Pause Young (Allocation Failure) 204M->204M(247M) 0.043ms
[2020-01-29T21:43:23.609+0300][56.796s][info][gc] GC(906) Pause Full (Allocation Failure) 204M->70M(247M) 98.356ms
[2020-01-29T21:43:23.688+0300][56.876s][info][gc] GC(907) Pause Young (Allocation Failure) 137M->136M(247M) 61.747ms
[2020-01-29T21:43:23.695+0300][56.883s][info][gc] GC(908) Pause Young (Allocation Failure) 204M->204M(247M) 0.044ms
[2020-01-29T21:43:23.794+0300][56.981s][info][gc] GC(909) Pause Full (Allocation Failure) 204M->70M(247M) 98.607ms
[2020-01-29T21:43:23.874+0300][57.061s][info][gc] GC(910) Pause Young (Allocation Failure) 137M->136M(247M) 61.512ms
[2020-01-29T21:43:23.881+0300][57.068s][info][gc] GC(911) Pause Young (Allocation Failure) 204M->204M(247M) 0.042ms
[2020-01-29T21:43:23.980+0300][57.167s][info][gc] GC(912) Pause Full (Allocation Failure) 204M->70M(247M) 98.622ms
[2020-01-29T21:43:24.059+0300][57.247s][info][gc] GC(913) Pause Young (Allocation Failure) 137M->136M(247M) 61.500ms
[2020-01-29T21:43:24.066+0300][57.253s][info][gc] GC(914) Pause Young (Allocation Failure) 204M->204M(247M) 0.041ms
[2020-01-29T21:43:24.165+0300][57.352s][info][gc] GC(915) Pause Full (Allocation Failure) 204M->70M(247M) 98.188ms
[2020-01-29T21:43:24.245+0300][57.432s][info][gc] GC(916) Pause Young (Allocation Failure) 137M->136M(247M) 61.616ms
[2020-01-29T21:43:24.252+0300][57.439s][info][gc] GC(917) Pause Young (Allocation Failure) 204M->204M(247M) 0.061ms
[2020-01-29T21:43:24.351+0300][57.537s][info][gc] GC(918) Pause Full (Allocation Failure) 204M->70M(247M) 98.564ms
[2020-01-29T21:43:24.430+0300][57.618s][info][gc] GC(919) Pause Young (Allocation Failure) 137M->136M(247M) 61.530ms
[2020-01-29T21:43:24.438+0300][57.625s][info][gc] GC(920) Pause Young (Allocation Failure) 204M->204M(247M) 0.044ms
[2020-01-29T21:43:24.538+0300][57.726s][info][gc] GC(921) Pause Full (Allocation Failure) 204M->70M(247M) 100.132ms
[2020-01-29T21:43:24.618+0300][57.805s][info][gc] GC(922) Pause Young (Allocation Failure) 137M->136M(247M) 61.549ms
[2020-01-29T21:43:24.627+0300][57.814s][info][gc] GC(923) Pause Young (Allocation Failure) 204M->204M(247M) 0.041ms
[2020-01-29T21:43:24.725+0300][57.912s][info][gc] GC(924) Pause Full (Allocation Failure) 204M->70M(247M) 98.074ms
[2020-01-29T21:43:24.805+0300][57.993s][info][gc] GC(925) Pause Young (Allocation Failure) 137M->136M(247M) 61.721ms
[2020-01-29T21:43:24.812+0300][58.000s][info][gc] GC(926) Pause Young (Allocation Failure) 204M->204M(247M) 0.044ms
[2020-01-29T21:43:24.911+0300][58.098s][info][gc] GC(927) Pause Full (Allocation Failure) 204M->70M(247M) 98.076ms
[2020-01-29T21:43:24.991+0300][58.178s][info][gc] GC(928) Pause Young (Allocation Failure) 137M->136M(247M) 61.510ms
[2020-01-29T21:43:24.997+0300][58.185s][info][gc] GC(929) Pause Young (Allocation Failure) 204M->204M(247M) 0.042ms
[2020-01-29T21:43:25.096+0300][58.283s][info][gc] GC(930) Pause Full (Allocation Failure) 204M->70M(247M) 98.607ms
[2020-01-29T21:43:25.177+0300][58.364s][info][gc] GC(931) Pause Young (Allocation Failure) 137M->136M(247M) 61.501ms
[2020-01-29T21:43:25.183+0300][58.371s][info][gc] GC(932) Pause Young (Allocation Failure) 204M->204M(247M) 0.041ms
[2020-01-29T21:43:25.281+0300][58.469s][info][gc] GC(933) Pause Full (Allocation Failure) 204M->70M(247M) 98.080ms
[2020-01-29T21:43:25.361+0300][58.548s][info][gc] GC(934) Pause Young (Allocation Failure) 137M->136M(247M) 61.566ms
[2020-01-29T21:43:25.369+0300][58.556s][info][gc] GC(935) Pause Young (Allocation Failure) 204M->204M(247M) 0.052ms
[2020-01-29T21:43:25.467+0300][58.654s][info][gc] GC(936) Pause Full (Allocation Failure) 204M->70M(247M) 98.419ms
[2020-01-29T21:43:25.548+0300][58.735s][info][gc] GC(937) Pause Young (Allocation Failure) 137M->136M(247M) 61.590ms
[2020-01-29T21:43:25.555+0300][58.742s][info][gc] GC(938) Pause Young (Allocation Failure) 204M->204M(247M) 0.043ms
[2020-01-29T21:43:25.653+0300][58.840s][info][gc] GC(939) Pause Full (Allocation Failure) 204M->70M(247M) 98.473ms
[2020-01-29T21:43:25.733+0300][58.920s][info][gc] GC(940) Pause Young (Allocation Failure) 137M->136M(247M) 61.531ms
[2020-01-29T21:43:25.740+0300][58.927s][info][gc] GC(941) Pause Young (Allocation Failure) 204M->204M(247M) 0.042ms
[2020-01-29T21:43:25.838+0300][59.025s][info][gc] GC(942) Pause Full (Allocation Failure) 204M->70M(247M) 98.001ms
[2020-01-29T21:43:25.918+0300][59.105s][info][gc] GC(943) Pause Young (Allocation Failure) 137M->136M(247M) 61.742ms
[2020-01-29T21:43:25.925+0300][59.112s][info][gc] GC(944) Pause Young (Allocation Failure) 204M->204M(247M) 0.043ms
[2020-01-29T21:43:26.023+0300][59.211s][info][gc] GC(945) Pause Full (Allocation Failure) 204M->70M(247M) 98.464ms
[2020-01-29T21:43:26.103+0300][59.290s][info][gc] GC(946) Pause Young (Allocation Failure) 137M->136M(247M) 61.505ms
[2020-01-29T21:43:26.110+0300][59.297s][info][gc] GC(947) Pause Young (Allocation Failure) 204M->204M(247M) 0.043ms
[2020-01-29T21:43:26.209+0300][59.396s][info][gc] GC(948) Pause Full (Allocation Failure) 204M->70M(247M) 98.962ms
[2020-01-29T21:43:26.290+0300][59.476s][info][gc] GC(949) Pause Young (Allocation Failure) 137M->136M(247M) 61.789ms
[2020-01-29T21:43:26.296+0300][59.483s][info][gc] GC(950) Pause Young (Allocation Failure) 204M->204M(247M) 0.044ms
[2020-01-29T21:43:26.394+0300][59.581s][info][gc] GC(951) Pause Full (Allocation Failure) 204M->70M(247M) 98.468ms
[2020-01-29T21:43:26.475+0300][59.662s][info][gc] GC(952) Pause Young (Allocation Failure) 137M->136M(247M) 61.871ms
[2020-01-29T21:43:26.483+0300][59.669s][info][gc] GC(953) Pause Young (Allocation Failure) 204M->204M(247M) 0.044ms
[2020-01-29T21:43:26.581+0300][59.768s][info][gc] GC(954) Pause Full (Allocation Failure) 204M->70M(247M) 98.870ms
[2020-01-29T21:43:26.662+0300][59.849s][info][gc] GC(955) Pause Young (Allocation Failure) 137M->136M(247M) 61.670ms
[2020-01-29T21:43:26.669+0300][59.856s][info][gc] GC(956) Pause Young (Allocation Failure) 204M->204M(247M) 0.041ms
[2020-01-29T21:43:26.768+0300][59.955s][info][gc] GC(957) Pause Full (Allocation Failure) 204M->70M(247M) 98.666ms
[2020-01-29T21:43:26.848+0300][60.035s][info][gc] GC(958) Pause Young (Allocation Failure) 137M->136M(247M) 61.584ms
[2020-01-29T21:43:26.855+0300][60.042s][info][gc] GC(959) Pause Young (Allocation Failure) 204M->204M(247M) 0.044ms
[2020-01-29T21:43:26.953+0300][60.141s][info][gc] GC(960) Pause Full (Allocation Failure) 204M->70M(247M) 98.544ms
[2020-01-29T21:43:27.033+0300][60.221s][info][gc] GC(961) Pause Young (Allocation Failure) 137M->136M(247M) 61.598ms
[2020-01-29T21:43:27.041+0300][60.228s][info][gc] GC(962) Pause Young (Allocation Failure) 204M->204M(247M) 0.046ms
[2020-01-29T21:43:27.140+0300][60.327s][info][gc] GC(963) Pause Full (Allocation Failure) 204M->70M(247M) 99.244ms
[2020-01-29T21:43:27.221+0300][60.407s][info][gc] GC(964) Pause Young (Allocation Failure) 137M->136M(247M) 61.919ms
[2020-01-29T21:43:27.227+0300][60.414s][info][gc] GC(965) Pause Young (Allocation Failure) 204M->204M(247M) 0.042ms
[2020-01-29T21:43:27.334+0300][60.522s][info][gc] GC(966) Pause Full (Allocation Failure) 204M->70M(247M) 107.813ms
[2020-01-29T21:43:27.415+0300][60.603s][info][gc] GC(967) Pause Young (Allocation Failure) 137M->136M(247M) 61.643ms
[2020-01-29T21:43:27.424+0300][60.611s][info][gc] GC(968) Pause Young (Allocation Failure) 204M->204M(247M) 0.044ms
[2020-01-29T21:43:27.526+0300][60.713s][info][gc] GC(969) Pause Full (Allocation Failure) 204M->70M(247M) 102.487ms
[2020-01-29T21:43:27.608+0300][60.794s][info][gc] GC(970) Pause Young (Allocation Failure) 137M->136M(247M) 61.848ms
[2020-01-29T21:43:27.615+0300][60.801s][info][gc] GC(971) Pause Young (Allocation Failure) 204M->204M(247M) 0.043ms
[2020-01-29T21:43:27.713+0300][60.900s][info][gc] GC(972) Pause Full (Allocation Failure) 204M->70M(247M) 98.971ms
[2020-01-29T21:43:27.794+0300][60.981s][info][gc] GC(973) Pause Young (Allocation Failure) 137M->136M(247M) 62.246ms
[2020-01-29T21:43:27.801+0300][60.988s][info][gc] GC(974) Pause Young (Allocation Failure) 204M->204M(247M) 0.044ms
[2020-01-29T21:43:27.901+0300][61.088s][info][gc] GC(975) Pause Full (Allocation Failure) 204M->70M(247M) 99.785ms
[2020-01-29T21:43:27.981+0300][61.168s][info][gc] GC(976) Pause Young (Allocation Failure) 137M->136M(247M) 61.481ms
[2020-01-29T21:43:27.987+0300][61.175s][info][gc] GC(977) Pause Young (Allocation Failure) 204M->204M(247M) 0.045ms
[2020-01-29T21:43:28.087+0300][61.274s][info][gc] GC(978) Pause Full (Allocation Failure) 204M->70M(247M) 99.564ms
[2020-01-29T21:43:28.168+0300][61.355s][info][gc] GC(979) Pause Young (Allocation Failure) 137M->136M(247M) 62.116ms
[2020-01-29T21:43:28.175+0300][61.362s][info][gc] GC(980) Pause Young (Allocation Failure) 204M->204M(247M) 0.047ms
[2020-01-29T21:43:28.273+0300][61.460s][info][gc] GC(981) Pause Full (Allocation Failure) 204M->70M(247M) 98.032ms
[2020-01-29T21:43:28.353+0300][61.540s][info][gc] GC(982) Pause Young (Allocation Failure) 137M->136M(247M) 61.655ms
[2020-01-29T21:43:28.360+0300][61.547s][info][gc] GC(983) Pause Young (Allocation Failure) 204M->204M(247M) 0.044ms
[2020-01-29T21:43:28.458+0300][61.646s][info][gc] GC(984) Pause Full (Allocation Failure) 204M->70M(247M) 98.890ms
[2020-01-29T21:43:28.539+0300][61.727s][info][gc] GC(985) Pause Young (Allocation Failure) 137M->136M(247M) 61.633ms
[2020-01-29T21:43:28.546+0300][61.733s][info][gc] GC(986) Pause Young (Allocation Failure) 204M->204M(247M) 0.043ms
[2020-01-29T21:43:28.645+0300][61.832s][info][gc] GC(987) Pause Full (Allocation Failure) 204M->70M(247M) 98.477ms
[2020-01-29T21:43:28.725+0300][61.912s][info][gc] GC(988) Pause Young (Allocation Failure) 137M->136M(247M) 61.628ms
[2020-01-29T21:43:28.732+0300][61.919s][info][gc] GC(989) Pause Young (Allocation Failure) 204M->204M(247M) 0.043ms
[2020-01-29T21:43:28.830+0300][62.018s][info][gc] GC(990) Pause Full (Allocation Failure) 204M->70M(247M) 98.383ms
[2020-01-29T21:43:28.910+0300][62.097s][info][gc] GC(991) Pause Young (Allocation Failure) 137M->136M(247M) 61.515ms
[2020-01-29T21:43:28.917+0300][62.104s][info][gc] GC(992) Pause Young (Allocation Failure) 204M->204M(247M) 0.042ms
[2020-01-29T21:43:29.016+0300][62.203s][info][gc] GC(993) Pause Full (Allocation Failure) 204M->70M(247M) 98.800ms
[2020-01-29T21:43:29.096+0300][62.283s][info][gc] GC(994) Pause Young (Allocation Failure) 137M->136M(247M) 61.463ms
[2020-01-29T21:43:29.103+0300][62.290s][info][gc] GC(995) Pause Young (Allocation Failure) 204M->204M(247M) 0.041ms
[2020-01-29T21:43:29.200+0300][62.388s][info][gc] GC(996) Pause Full (Allocation Failure) 204M->70M(247M) 98.238ms
[2020-01-29T21:43:29.280+0300][62.468s][info][gc] GC(997) Pause Young (Allocation Failure) 137M->136M(247M) 61.660ms
[2020-01-29T21:43:29.287+0300][62.474s][info][gc] GC(998) Pause Young (Allocation Failure) 204M->204M(247M) 0.049ms
[2020-01-29T21:43:29.386+0300][62.573s][info][gc] GC(999) Pause Full (Allocation Failure) 204M->70M(247M) 98.442ms
[2020-01-29T21:43:29.466+0300][62.653s][info][gc] GC(1000) Pause Young (Allocation Failure) 137M->136M(247M) 61.632ms
[2020-01-29T21:43:29.474+0300][62.661s][info][gc] GC(1001) Pause Young (Allocation Failure) 204M->204M(247M) 0.045ms
[2020-01-29T21:43:29.573+0300][62.760s][info][gc] GC(1002) Pause Full (Allocation Failure) 204M->70M(247M) 99.624ms
[2020-01-29T21:43:29.654+0300][62.841s][info][gc] GC(1003) Pause Young (Allocation Failure) 137M->136M(247M) 61.677ms
[2020-01-29T21:43:29.661+0300][62.847s][info][gc] GC(1004) Pause Young (Allocation Failure) 204M->204M(247M) 0.043ms
[2020-01-29T21:43:29.758+0300][62.945s][info][gc] GC(1005) Pause Full (Allocation Failure) 204M->70M(247M) 97.960ms
[2020-01-29T21:43:29.839+0300][63.026s][info][gc] GC(1006) Pause Young (Allocation Failure) 137M->136M(247M) 62.436ms
[2020-01-29T21:43:29.846+0300][63.033s][info][gc] GC(1007) Pause Young (Allocation Failure) 204M->204M(247M) 0.046ms
[2020-01-29T21:43:29.944+0300][63.131s][info][gc] GC(1008) Pause Full (Allocation Failure) 204M->70M(247M) 98.321ms
[2020-01-29T21:43:30.024+0300][63.211s][info][gc] GC(1009) Pause Young (Allocation Failure) 137M->136M(247M) 61.527ms
[2020-01-29T21:43:30.031+0300][63.218s][info][gc] GC(1010) Pause Young (Allocation Failure) 204M->204M(247M) 0.042ms
[2020-01-29T21:43:30.129+0300][63.316s][info][gc] GC(1011) Pause Full (Allocation Failure) 204M->70M(247M) 98.381ms
[2020-01-29T21:43:30.208+0300][63.396s][info][gc] GC(1012) Pause Young (Allocation Failure) 137M->136M(247M) 61.550ms
[2020-01-29T21:43:30.215+0300][63.402s][info][gc] GC(1013) Pause Young (Allocation Failure) 204M->204M(247M) 0.043ms
[2020-01-29T21:43:30.313+0300][63.500s][info][gc] GC(1014) Pause Full (Allocation Failure) 204M->70M(247M) 97.961ms
[2020-01-29T21:43:30.393+0300][63.580s][info][gc] GC(1015) Pause Young (Allocation Failure) 137M->136M(247M) 61.636ms
[2020-01-29T21:43:30.400+0300][63.587s][info][gc] GC(1016) Pause Young (Allocation Failure) 204M->204M(247M) 0.047ms
[2020-01-29T21:43:30.498+0300][63.686s][info][gc] GC(1017) Pause Full (Allocation Failure) 204M->70M(247M) 98.650ms
[2020-01-29T21:43:30.580+0300][63.767s][info][gc] GC(1018) Pause Young (Allocation Failure) 137M->136M(247M) 62.340ms
[2020-01-29T21:43:30.587+0300][63.774s][info][gc] GC(1019) Pause Young (Allocation Failure) 204M->204M(247M) 0.044ms
[2020-01-29T21:43:30.686+0300][63.873s][info][gc] GC(1020) Pause Full (Allocation Failure) 204M->70M(247M) 98.713ms
[2020-01-29T21:43:30.766+0300][63.953s][info][gc] GC(1021) Pause Young (Allocation Failure) 137M->136M(247M) 61.500ms
[2020-01-29T21:43:30.772+0300][63.960s][info][gc] GC(1022) Pause Young (Allocation Failure) 204M->204M(247M) 0.044ms
[2020-01-29T21:43:30.871+0300][64.058s][info][gc] GC(1023) Pause Full (Allocation Failure) 204M->70M(247M) 97.932ms
[2020-01-29T21:43:30.950+0300][64.137s][info][gc] GC(1024) Pause Young (Allocation Failure) 137M->136M(247M) 61.610ms
[2020-01-29T21:43:30.957+0300][64.144s][info][gc] GC(1025) Pause Young (Allocation Failure) 204M->204M(247M) 0.048ms
[2020-01-29T21:43:31.055+0300][64.242s][info][gc] GC(1026) Pause Full (Allocation Failure) 204M->70M(247M) 98.326ms
[2020-01-29T21:43:31.135+0300][64.322s][info][gc] GC(1027) Pause Young (Allocation Failure) 137M->136M(247M) 61.473ms
[2020-01-29T21:43:31.142+0300][64.329s][info][gc] GC(1028) Pause Young (Allocation Failure) 204M->204M(247M) 0.043ms
[2020-01-29T21:43:31.241+0300][64.428s][info][gc] GC(1029) Pause Full (Allocation Failure) 204M->70M(247M) 98.671ms
[2020-01-29T21:43:31.321+0300][64.508s][info][gc] GC(1030) Pause Young (Allocation Failure) 137M->136M(247M) 61.473ms
[2020-01-29T21:43:31.328+0300][64.515s][info][gc] GC(1031) Pause Young (Allocation Failure) 204M->204M(247M) 0.043ms
[2020-01-29T21:43:31.426+0300][64.613s][info][gc] GC(1032) Pause Full (Allocation Failure) 204M->70M(247M) 98.221ms
[2020-01-29T21:43:31.508+0300][64.696s][info][gc] GC(1033) Pause Young (Allocation Failure) 137M->136M(247M) 63.028ms
[2020-01-29T21:43:31.516+0300][64.703s][info][gc] GC(1034) Pause Young (Allocation Failure) 204M->204M(247M) 0.050ms
[2020-01-29T21:43:31.615+0300][64.802s][info][gc] GC(1035) Pause Full (Allocation Failure) 204M->70M(247M) 99.016ms
[2020-01-29T21:43:31.695+0300][64.882s][info][gc] GC(1036) Pause Young (Allocation Failure) 137M->136M(247M) 61.569ms
[2020-01-29T21:43:31.702+0300][64.889s][info][gc] GC(1037) Pause Young (Allocation Failure) 204M->204M(247M) 0.042ms
[2020-01-29T21:43:31.800+0300][64.987s][info][gc] GC(1038) Pause Full (Allocation Failure) 204M->70M(247M) 98.631ms
[2020-01-29T21:43:31.880+0300][65.068s][info][gc] GC(1039) Pause Young (Allocation Failure) 137M->136M(247M) 61.493ms
[2020-01-29T21:43:31.887+0300][65.074s][info][gc] GC(1040) Pause Young (Allocation Failure) 204M->204M(247M) 0.041ms
[2020-01-29T21:43:31.985+0300][65.172s][info][gc] GC(1041) Pause Full (Allocation Failure) 204M->70M(247M) 98.258ms
[2020-01-29T21:43:32.065+0300][65.252s][info][gc] GC(1042) Pause Young (Allocation Failure) 137M->136M(247M) 61.572ms
[2020-01-29T21:43:32.072+0300][65.259s][info][gc] GC(1043) Pause Young (Allocation Failure) 204M->204M(247M) 0.044ms
[2020-01-29T21:43:32.170+0300][65.357s][info][gc] GC(1044) Pause Full (Allocation Failure) 204M->70M(247M) 98.513ms
[2020-01-29T21:43:32.250+0300][65.438s][info][gc] GC(1045) Pause Young (Allocation Failure) 137M->136M(247M) 61.522ms
[2020-01-29T21:43:32.257+0300][65.444s][info][gc] GC(1046) Pause Young (Allocation Failure) 204M->204M(247M) 0.042ms
[2020-01-29T21:43:32.355+0300][65.543s][info][gc] GC(1047) Pause Full (Allocation Failure) 204M->70M(247M) 98.336ms
[2020-01-29T21:43:32.435+0300][65.622s][info][gc] GC(1048) Pause Young (Allocation Failure) 137M->136M(247M) 61.481ms
[2020-01-29T21:43:32.443+0300][65.630s][info][gc] GC(1049) Pause Young (Allocation Failure) 204M->204M(247M) 0.046ms
[2020-01-29T21:43:32.542+0300][65.730s][info][gc] GC(1050) Pause Full (Allocation Failure) 204M->70M(247M) 100.059ms
[2020-01-29T21:43:32.623+0300][65.810s][info][gc] GC(1051) Pause Young (Allocation Failure) 137M->136M(247M) 62.404ms
[2020-01-29T21:43:32.631+0300][65.818s][info][gc] GC(1052) Pause Young (Allocation Failure) 204M->204M(247M) 0.044ms
[2020-01-29T21:43:32.729+0300][65.916s][info][gc] GC(1053) Pause Full (Allocation Failure) 204M->70M(247M) 98.115ms
[2020-01-29T21:43:32.810+0300][65.996s][info][gc] GC(1054) Pause Young (Allocation Failure) 137M->136M(247M) 61.952ms
[2020-01-29T21:43:32.816+0300][66.003s][info][gc] GC(1055) Pause Young (Allocation Failure) 204M->204M(247M) 0.042ms
[2020-01-29T21:43:32.915+0300][66.102s][info][gc] GC(1056) Pause Full (Allocation Failure) 204M->70M(247M) 98.726ms
[2020-01-29T21:43:32.995+0300][66.182s][info][gc] GC(1057) Pause Young (Allocation Failure) 137M->136M(247M) 61.635ms
[2020-01-29T21:43:33.002+0300][66.189s][info][gc] GC(1058) Pause Young (Allocation Failure) 204M->204M(247M) 0.043ms
[2020-01-29T21:43:33.100+0300][66.287s][info][gc] GC(1059) Pause Full (Allocation Failure) 204M->70M(247M) 98.330ms
[2020-01-29T21:43:33.180+0300][66.367s][info][gc] GC(1060) Pause Young (Allocation Failure) 137M->136M(247M) 62.224ms
[2020-01-29T21:43:33.187+0300][66.374s][info][gc] GC(1061) Pause Young (Allocation Failure) 204M->204M(247M) 0.043ms
[2020-01-29T21:43:33.287+0300][66.474s][info][gc] GC(1062) Pause Full (Allocation Failure) 204M->70M(247M) 99.486ms
[2020-01-29T21:43:33.366+0300][66.553s][info][gc] GC(1063) Pause Young (Allocation Failure) 137M->136M(247M) 61.411ms
[2020-01-29T21:43:33.373+0300][66.560s][info][gc] GC(1064) Pause Young (Allocation Failure) 204M->204M(247M) 0.045ms
[2020-01-29T21:43:33.471+0300][66.659s][info][gc] GC(1065) Pause Full (Allocation Failure) 204M->70M(247M) 98.700ms
[2020-01-29T21:43:33.553+0300][66.741s][info][gc] GC(1066) Pause Young (Allocation Failure) 137M->136M(247M) 61.622ms
[2020-01-29T21:43:33.560+0300][66.747s][info][gc] GC(1067) Pause Young (Allocation Failure) 204M->204M(247M) 0.042ms
[2020-01-29T21:43:33.659+0300][66.846s][info][gc] GC(1068) Pause Full (Allocation Failure) 204M->70M(247M) 98.212ms
[2020-01-29T21:43:33.738+0300][66.925s][info][gc] GC(1069) Pause Young (Allocation Failure) 137M->136M(247M) 61.638ms
[2020-01-29T21:43:33.745+0300][66.932s][info][gc] GC(1070) Pause Young (Allocation Failure) 204M->204M(247M) 0.048ms
[2020-01-29T21:43:33.843+0300][67.031s][info][gc] GC(1071) Pause Full (Allocation Failure) 204M->70M(247M) 98.423ms
[2020-01-29T21:43:33.923+0300][67.111s][info][gc] GC(1072) Pause Young (Allocation Failure) 137M->136M(247M) 61.470ms
[2020-01-29T21:43:33.930+0300][67.117s][info][gc] GC(1073) Pause Young (Allocation Failure) 204M->204M(247M) 0.041ms
[2020-01-29T21:43:34.029+0300][67.216s][info][gc] GC(1074) Pause Full (Allocation Failure) 204M->70M(247M) 98.399ms
[2020-01-29T21:43:34.108+0300][67.295s][info][gc] GC(1075) Pause Young (Allocation Failure) 137M->136M(247M) 61.476ms
[2020-01-29T21:43:34.115+0300][67.302s][info][gc] GC(1076) Pause Young (Allocation Failure) 204M->204M(247M) 0.042ms
[2020-01-29T21:43:34.213+0300][67.400s][info][gc] GC(1077) Pause Full (Allocation Failure) 204M->70M(247M) 98.220ms
[2020-01-29T21:43:34.293+0300][67.480s][info][gc] GC(1078) Pause Young (Allocation Failure) 137M->136M(247M) 61.595ms
[2020-01-29T21:43:34.300+0300][67.487s][info][gc] GC(1079) Pause Young (Allocation Failure) 204M->204M(247M) 0.041ms
[2020-01-29T21:43:34.398+0300][67.586s][info][gc] GC(1080) Pause Full (Allocation Failure) 204M->70M(247M) 98.602ms
[2020-01-29T21:43:34.478+0300][67.666s][info][gc] GC(1081) Pause Young (Allocation Failure) 137M->136M(247M) 61.637ms
[2020-01-29T21:43:34.485+0300][67.673s][info][gc] GC(1082) Pause Young (Allocation Failure) 204M->204M(247M) 0.042ms
[2020-01-29T21:43:34.585+0300][67.772s][info][gc] GC(1083) Pause Full (Allocation Failure) 204M->70M(247M) 98.949ms
[2020-01-29T21:43:34.665+0300][67.852s][info][gc] GC(1084) Pause Young (Allocation Failure) 137M->136M(247M) 61.625ms
[2020-01-29T21:43:34.672+0300][67.859s][info][gc] GC(1085) Pause Young (Allocation Failure) 204M->204M(247M) 0.042ms
[2020-01-29T21:43:34.770+0300][67.957s][info][gc] GC(1086) Pause Full (Allocation Failure) 204M->70M(247M) 98.147ms
[2020-01-29T21:43:34.849+0300][68.037s][info][gc] GC(1087) Pause Young (Allocation Failure) 137M->136M(247M) 61.617ms
[2020-01-29T21:43:34.856+0300][68.044s][info][gc] GC(1088) Pause Young (Allocation Failure) 204M->204M(247M) 0.047ms
[2020-01-29T21:43:34.955+0300][68.142s][info][gc] GC(1089) Pause Full (Allocation Failure) 204M->70M(247M) 98.405ms
[2020-01-29T21:43:35.035+0300][68.222s][info][gc] GC(1090) Pause Young (Allocation Failure) 137M->136M(247M) 61.490ms
[2020-01-29T21:43:35.041+0300][68.228s][info][gc] GC(1091) Pause Young (Allocation Failure) 204M->204M(247M) 0.042ms
[2020-01-29T21:43:35.141+0300][68.328s][info][gc] GC(1092) Pause Full (Allocation Failure) 204M->70M(247M) 99.565ms
[2020-01-29T21:43:35.220+0300][68.408s][info][gc] GC(1093) Pause Young (Allocation Failure) 137M->136M(247M) 61.670ms
[2020-01-29T21:43:35.227+0300][68.415s][info][gc] GC(1094) Pause Young (Allocation Failure) 204M->204M(247M) 0.043ms
[2020-01-29T21:43:35.326+0300][68.513s][info][gc] GC(1095) Pause Full (Allocation Failure) 204M->70M(247M) 98.417ms
[2020-01-29T21:43:35.406+0300][68.593s][info][gc] GC(1096) Pause Young (Allocation Failure) 137M->136M(247M) 61.584ms
[2020-01-29T21:43:35.420+0300][68.607s][info][gc] GC(1097) Pause Young (Allocation Failure) 204M->204M(247M) 0.046ms
[2020-01-29T21:43:35.519+0300][68.706s][info][gc] GC(1098) Pause Full (Allocation Failure) 204M->70M(247M) 98.826ms
[2020-01-29T21:43:35.600+0300][68.787s][info][gc] GC(1099) Pause Young (Allocation Failure) 137M->136M(247M) 61.791ms
[2020-01-29T21:43:35.606+0300][68.794s][info][gc] GC(1100) Pause Young (Allocation Failure) 204M->204M(247M) 0.043ms
[2020-01-29T21:43:35.705+0300][68.893s][info][gc] GC(1101) Pause Full (Allocation Failure) 204M->70M(247M) 98.848ms
[2020-01-29T21:43:35.785+0300][68.972s][info][gc] GC(1102) Pause Young (Allocation Failure) 137M->136M(247M) 61.487ms
[2020-01-29T21:43:35.792+0300][68.979s][info][gc] GC(1103) Pause Young (Allocation Failure) 204M->204M(247M) 0.042ms
[2020-01-29T21:43:35.890+0300][69.077s][info][gc] GC(1104) Pause Full (Allocation Failure) 204M->70M(247M) 98.230ms
[2020-01-29T21:43:35.970+0300][69.157s][info][gc] GC(1105) Pause Young (Allocation Failure) 137M->136M(247M) 62.250ms
[2020-01-29T21:43:35.977+0300][69.165s][info][gc] GC(1106) Pause Young (Allocation Failure) 204M->204M(247M) 0.046ms
[2020-01-29T21:43:36.076+0300][69.263s][info][gc] GC(1107) Pause Full (Allocation Failure) 204M->70M(247M) 98.281ms
[2020-01-29T21:43:36.156+0300][69.343s][info][gc] GC(1108) Pause Young (Allocation Failure) 137M->136M(247M) 61.657ms
[2020-01-29T21:43:36.163+0300][69.350s][info][gc] GC(1109) Pause Young (Allocation Failure) 204M->204M(247M) 0.044ms
[2020-01-29T21:43:36.262+0300][69.449s][info][gc] GC(1110) Pause Full (Allocation Failure) 204M->70M(247M) 98.675ms
[2020-01-29T21:43:36.342+0300][69.529s][info][gc] GC(1111) Pause Young (Allocation Failure) 137M->136M(247M) 61.431ms
[2020-01-29T21:43:36.349+0300][69.536s][info][gc] GC(1112) Pause Young (Allocation Failure) 204M->204M(247M) 0.042ms
[2020-01-29T21:43:36.447+0300][69.634s][info][gc] GC(1113) Pause Full (Allocation Failure) 204M->70M(247M) 98.135ms
[2020-01-29T21:43:36.528+0300][69.716s][info][gc] GC(1114) Pause Young (Allocation Failure) 137M->136M(247M) 62.500ms
[2020-01-29T21:43:36.536+0300][69.724s][info][gc] GC(1115) Pause Young (Allocation Failure) 204M->204M(247M) 0.046ms
[2020-01-29T21:43:36.635+0300][69.823s][info][gc] GC(1116) Pause Full (Allocation Failure) 204M->70M(247M) 98.991ms
[2020-01-29T21:43:36.715+0300][69.902s][info][gc] GC(1117) Pause Young (Allocation Failure) 137M->136M(247M) 61.572ms
[2020-01-29T21:43:36.722+0300][69.909s][info][gc] GC(1118) Pause Young (Allocation Failure) 204M->204M(247M) 0.042ms
[2020-01-29T21:43:36.821+0300][70.008s][info][gc] GC(1119) Pause Full (Allocation Failure) 204M->70M(247M) 98.599ms
[2020-01-29T21:43:36.900+0300][70.088s][info][gc] GC(1120) Pause Young (Allocation Failure) 137M->136M(247M) 61.480ms
[2020-01-29T21:43:36.907+0300][70.094s][info][gc] GC(1121) Pause Young (Allocation Failure) 204M->204M(247M) 0.042ms
[2020-01-29T21:43:37.006+0300][70.193s][info][gc] GC(1122) Pause Full (Allocation Failure) 204M->70M(247M) 98.289ms
[2020-01-29T21:43:37.085+0300][70.272s][info][gc] GC(1123) Pause Young (Allocation Failure) 137M->136M(247M) 61.573ms
[2020-01-29T21:43:37.092+0300][70.279s][info][gc] GC(1124) Pause Young (Allocation Failure) 204M->204M(247M) 0.044ms
[2020-01-29T21:43:37.190+0300][70.377s][info][gc] GC(1125) Pause Full (Allocation Failure) 204M->70M(247M) 98.422ms
[2020-01-29T21:43:37.270+0300][70.457s][info][gc] GC(1126) Pause Young (Allocation Failure) 137M->136M(247M) 61.499ms
[2020-01-29T21:43:37.277+0300][70.464s][info][gc] GC(1127) Pause Young (Allocation Failure) 204M->204M(247M) 0.041ms
[2020-01-29T21:43:37.376+0300][70.563s][info][gc] GC(1128) Pause Full (Allocation Failure) 204M->70M(247M) 98.872ms
[2020-01-29T21:43:37.455+0300][70.643s][info][gc] GC(1129) Pause Young (Allocation Failure) 137M->136M(247M) 61.443ms
[2020-01-29T21:43:37.462+0300][70.650s][info][gc] GC(1130) Pause Young (Allocation Failure) 204M->204M(247M) 0.042ms
[2020-01-29T21:43:37.561+0300][70.749s][info][gc] GC(1131) Pause Full (Allocation Failure) 204M->70M(247M) 98.829ms
[2020-01-29T21:43:37.643+0300][70.830s][info][gc] GC(1132) Pause Young (Allocation Failure) 137M->136M(247M) 62.556ms
[2020-01-29T21:43:37.650+0300][70.837s][info][gc] GC(1133) Pause Young (Allocation Failure) 204M->204M(247M) 0.045ms
[2020-01-29T21:43:37.748+0300][70.936s][info][gc] GC(1134) Pause Full (Allocation Failure) 204M->70M(247M) 98.263ms
[2020-01-29T21:43:37.829+0300][71.016s][info][gc] GC(1135) Pause Young (Allocation Failure) 137M->136M(247M) 61.511ms
[2020-01-29T21:43:37.835+0300][71.023s][info][gc] GC(1136) Pause Young (Allocation Failure) 204M->204M(247M) 0.044ms
[2020-01-29T21:43:37.935+0300][71.122s][info][gc] GC(1137) Pause Full (Allocation Failure) 204M->70M(247M) 98.565ms
[2020-01-29T21:43:38.014+0300][71.202s][info][gc] GC(1138) Pause Young (Allocation Failure) 137M->136M(247M) 61.486ms
[2020-01-29T21:43:38.021+0300][71.208s][info][gc] GC(1139) Pause Young (Allocation Failure) 204M->204M(247M) 0.041ms
[2020-01-29T21:43:38.120+0300][71.307s][info][gc] GC(1140) Pause Full (Allocation Failure) 204M->70M(247M) 98.232ms
[2020-01-29T21:43:38.201+0300][71.388s][info][gc] GC(1141) Pause Young (Allocation Failure) 137M->136M(247M) 63.433ms
[2020-01-29T21:43:38.208+0300][71.395s][info][gc] GC(1142) Pause Young (Allocation Failure) 204M->204M(247M) 0.044ms
[2020-01-29T21:43:38.307+0300][71.494s][info][gc] GC(1143) Pause Full (Allocation Failure) 204M->70M(247M) 98.334ms
[2020-01-29T21:43:38.386+0300][71.574s][info][gc] GC(1144) Pause Young (Allocation Failure) 137M->136M(247M) 61.484ms
[2020-01-29T21:43:38.393+0300][71.580s][info][gc] GC(1145) Pause Young (Allocation Failure) 204M->204M(247M) 0.041ms
[2020-01-29T21:43:38.492+0300][71.679s][info][gc] GC(1146) Pause Full (Allocation Failure) 204M->70M(247M) 98.533ms
[2020-01-29T21:43:38.574+0300][71.761s][info][gc] GC(1147) Pause Young (Allocation Failure) 137M->136M(247M) 61.571ms
[2020-01-29T21:43:38.581+0300][71.768s][info][gc] GC(1148) Pause Young (Allocation Failure) 204M->204M(247M) 0.042ms
[2020-01-29T21:43:38.680+0300][71.866s][info][gc] GC(1149) Pause Full (Allocation Failure) 204M->70M(247M) 98.408ms
[2020-01-29T21:43:38.760+0300][71.948s][info][gc] GC(1150) Pause Young (Allocation Failure) 137M->136M(247M) 62.553ms
[2020-01-29T21:43:38.768+0300][71.955s][info][gc] GC(1151) Pause Young (Allocation Failure) 204M->204M(247M) 0.043ms
[2020-01-29T21:43:38.867+0300][72.053s][info][gc] GC(1152) Pause Full (Allocation Failure) 204M->70M(247M) 98.204ms
[2020-01-29T21:43:38.945+0300][72.133s][info][gc] GC(1153) Pause Young (Allocation Failure) 137M->136M(247M) 61.460ms
[2020-01-29T21:43:38.952+0300][72.139s][info][gc] GC(1154) Pause Young (Allocation Failure) 204M->204M(247M) 0.042ms
[2020-01-29T21:43:39.051+0300][72.238s][info][gc] GC(1155) Pause Full (Allocation Failure) 204M->70M(247M) 98.715ms
[2020-01-29T21:43:39.131+0300][72.318s][info][gc] GC(1156) Pause Young (Allocation Failure) 137M->136M(247M) 61.457ms
[2020-01-29T21:43:39.138+0300][72.325s][info][gc] GC(1157) Pause Young (Allocation Failure) 204M->204M(247M) 0.041ms
[2020-01-29T21:43:39.236+0300][72.423s][info][gc] GC(1158) Pause Full (Allocation Failure) 204M->70M(247M) 98.189ms
[2020-01-29T21:43:39.315+0300][72.503s][info][gc] GC(1159) Pause Young (Allocation Failure) 137M->136M(247M) 61.621ms
[2020-01-29T21:43:39.323+0300][72.510s][info][gc] GC(1160) Pause Young (Allocation Failure) 204M->204M(247M) 0.050ms
[2020-01-29T21:43:39.422+0300][72.609s][info][gc] GC(1161) Pause Full (Allocation Failure) 204M->70M(247M) 98.503ms
[2020-01-29T21:43:39.502+0300][72.689s][info][gc] GC(1162) Pause Young (Allocation Failure) 137M->136M(247M) 61.513ms
[2020-01-29T21:43:39.509+0300][72.696s][info][gc] GC(1163) Pause Young (Allocation Failure) 204M->204M(247M) 0.042ms
[2020-01-29T21:43:39.608+0300][72.794s][info][gc] GC(1164) Pause Full (Allocation Failure) 204M->70M(247M) 98.593ms
[2020-01-29T21:43:39.686+0300][72.874s][info][gc] GC(1165) Pause Young (Allocation Failure) 137M->136M(247M) 61.632ms
[2020-01-29T21:43:39.693+0300][72.881s][info][gc] GC(1166) Pause Young (Allocation Failure) 204M->204M(247M) 0.044ms
[2020-01-29T21:43:39.791+0300][72.979s][info][gc] GC(1167) Pause Full (Allocation Failure) 204M->70M(247M) 97.979ms
[2020-01-29T21:43:39.871+0300][73.058s][info][gc] GC(1168) Pause Young (Allocation Failure) 137M->136M(247M) 61.596ms
[2020-01-29T21:43:39.878+0300][73.065s][info][gc] GC(1169) Pause Young (Allocation Failure) 204M->204M(247M) 0.045ms
[2020-01-29T21:43:39.978+0300][73.165s][info][gc] GC(1170) Pause Full (Allocation Failure) 204M->70M(247M) 99.726ms
[2020-01-29T21:43:40.057+0300][73.245s][info][gc] GC(1171) Pause Young (Allocation Failure) 137M->136M(247M) 61.456ms
[2020-01-29T21:43:40.064+0300][73.251s][info][gc] GC(1172) Pause Young (Allocation Failure) 204M->204M(247M) 0.041ms
[2020-01-29T21:43:40.163+0300][73.350s][info][gc] GC(1173) Pause Full (Allocation Failure) 204M->70M(247M) 98.445ms
[2020-01-29T21:43:40.242+0300][73.429s][info][gc] GC(1174) Pause Young (Allocation Failure) 137M->136M(247M) 61.516ms
[2020-01-29T21:43:40.249+0300][73.436s][info][gc] GC(1175) Pause Young (Allocation Failure) 204M->204M(247M) 0.042ms
[2020-01-29T21:43:40.347+0300][73.534s][info][gc] GC(1176) Pause Full (Allocation Failure) 204M->70M(247M) 98.053ms
[2020-01-29T21:43:40.427+0300][73.614s][info][gc] GC(1177) Pause Young (Allocation Failure) 137M->136M(247M) 61.947ms
[2020-01-29T21:43:40.435+0300][73.622s][info][gc] GC(1178) Pause Young (Allocation Failure) 204M->204M(247M) 0.068ms
[2020-01-29T21:43:40.534+0300][73.721s][info][gc] GC(1179) Pause Full (Allocation Failure) 204M->70M(247M) 98.886ms
[2020-01-29T21:43:40.615+0300][73.802s][info][gc] GC(1180) Pause Young (Allocation Failure) 137M->136M(247M) 61.517ms
[2020-01-29T21:43:40.622+0300][73.809s][info][gc] GC(1181) Pause Young (Allocation Failure) 204M->204M(247M) 0.042ms
[2020-01-29T21:43:40.720+0300][73.907s][info][gc] GC(1182) Pause Full (Allocation Failure) 204M->70M(247M) 98.228ms
[2020-01-29T21:43:40.799+0300][73.987s][info][gc] GC(1183) Pause Young (Allocation Failure) 137M->136M(247M) 61.515ms
[2020-01-29T21:43:40.806+0300][73.994s][info][gc] GC(1184) Pause Young (Allocation Failure) 204M->204M(247M) 0.042ms
[2020-01-29T21:43:40.905+0300][74.092s][info][gc] GC(1185) Pause Full (Allocation Failure) 204M->70M(247M) 98.090ms
[2020-01-29T21:43:40.984+0300][74.171s][info][gc] GC(1186) Pause Young (Allocation Failure) 137M->136M(247M) 61.559ms
[2020-01-29T21:43:40.991+0300][74.178s][info][gc] GC(1187) Pause Young (Allocation Failure) 204M->204M(247M) 0.043ms
[2020-01-29T21:43:41.089+0300][74.277s][info][gc] GC(1188) Pause Full (Allocation Failure) 204M->70M(247M) 98.531ms
[2020-01-29T21:43:41.169+0300][74.357s][info][gc] GC(1189) Pause Young (Allocation Failure) 137M->136M(247M) 61.416ms
[2020-01-29T21:43:41.176+0300][74.363s][info][gc] GC(1190) Pause Young (Allocation Failure) 204M->204M(247M) 0.041ms
[2020-01-29T21:43:41.275+0300][74.462s][info][gc] GC(1191) Pause Full (Allocation Failure) 204M->70M(247M) 98.351ms
[2020-01-29T21:43:41.354+0300][74.542s][info][gc] GC(1192) Pause Young (Allocation Failure) 137M->136M(247M) 61.740ms
[2020-01-29T21:43:41.361+0300][74.548s][info][gc] GC(1193) Pause Young (Allocation Failure) 204M->204M(247M) 0.042ms
[2020-01-29T21:43:41.460+0300][74.647s][info][gc] GC(1194) Pause Full (Allocation Failure) 204M->70M(247M) 98.938ms
[2020-01-29T21:43:41.540+0300][74.728s][info][gc] GC(1195) Pause Young (Allocation Failure) 137M->136M(247M) 61.729ms
[2020-01-29T21:43:41.549+0300][74.736s][info][gc] GC(1196) Pause Young (Allocation Failure) 204M->204M(247M) 0.046ms
[2020-01-29T21:43:41.647+0300][74.834s][info][gc] GC(1197) Pause Full (Allocation Failure) 204M->70M(247M) 98.126ms
[2020-01-29T21:43:41.727+0300][74.914s][info][gc] GC(1198) Pause Young (Allocation Failure) 137M->136M(247M) 61.600ms
[2020-01-29T21:43:41.734+0300][74.921s][info][gc] GC(1199) Pause Young (Allocation Failure) 204M->204M(247M) 0.041ms
[2020-01-29T21:43:41.833+0300][75.020s][info][gc] GC(1200) Pause Full (Allocation Failure) 204M->70M(247M) 98.689ms
[2020-01-29T21:43:41.912+0300][75.100s][info][gc] GC(1201) Pause Young (Allocation Failure) 137M->136M(247M) 61.451ms
[2020-01-29T21:43:41.919+0300][75.106s][info][gc] GC(1202) Pause Young (Allocation Failure) 204M->204M(247M) 0.041ms
[2020-01-29T21:43:42.017+0300][75.205s][info][gc] GC(1203) Pause Full (Allocation Failure) 204M->70M(247M) 98.104ms
[2020-01-29T21:43:42.097+0300][75.284s][info][gc] GC(1204) Pause Young (Allocation Failure) 137M->136M(247M) 61.602ms
[2020-01-29T21:43:42.104+0300][75.291s][info][gc] GC(1205) Pause Young (Allocation Failure) 204M->204M(247M) 0.041ms
[2020-01-29T21:43:42.202+0300][75.390s][info][gc] GC(1206) Pause Full (Allocation Failure) 204M->70M(247M) 98.227ms
[2020-01-29T21:43:42.282+0300][75.469s][info][gc] GC(1207) Pause Young (Allocation Failure) 137M->136M(247M) 61.463ms
[2020-01-29T21:43:42.289+0300][75.476s][info][gc] GC(1208) Pause Young (Allocation Failure) 204M->204M(247M) 0.041ms
[2020-01-29T21:43:42.388+0300][75.575s][info][gc] GC(1209) Pause Full (Allocation Failure) 204M->70M(247M) 98.712ms
[2020-01-29T21:43:42.467+0300][75.655s][info][gc] GC(1210) Pause Young (Allocation Failure) 137M->136M(247M) 61.484ms
[2020-01-29T21:43:42.474+0300][75.662s][info][gc] GC(1211) Pause Young (Allocation Failure) 204M->204M(247M) 0.044ms
[2020-01-29T21:43:42.574+0300][75.762s][info][gc] GC(1212) Pause Full (Allocation Failure) 204M->70M(247M) 99.685ms
[2020-01-29T21:43:42.655+0300][75.842s][info][gc] GC(1213) Pause Young (Allocation Failure) 137M->136M(247M) 61.870ms
[2020-01-29T21:43:42.662+0300][75.849s][info][gc] GC(1214) Pause Young (Allocation Failure) 204M->204M(247M) 0.045ms
[2020-01-29T21:43:42.760+0300][75.947s][info][gc] GC(1215) Pause Full (Allocation Failure) 204M->70M(247M) 98.193ms
[2020-01-29T21:43:42.841+0300][76.027s][info][gc] GC(1216) Pause Young (Allocation Failure) 137M->136M(247M) 61.471ms
[2020-01-29T21:43:42.846+0300][76.034s][info][gc] GC(1217) Pause Young (Allocation Failure) 204M->204M(247M) 0.040ms
[2020-01-29T21:43:42.946+0300][76.133s][info][gc] GC(1218) Pause Full (Allocation Failure) 204M->70M(247M) 98.613ms
[2020-01-29T21:43:43.026+0300][76.213s][info][gc] GC(1219) Pause Young (Allocation Failure) 137M->136M(247M) 61.524ms
[2020-01-29T21:43:43.032+0300][76.220s][info][gc] GC(1220) Pause Young (Allocation Failure) 204M->204M(247M) 0.041ms
[2020-01-29T21:43:43.131+0300][76.318s][info][gc] GC(1221) Pause Full (Allocation Failure) 204M->70M(247M) 98.336ms
[2020-01-29T21:43:43.212+0300][76.399s][info][gc] GC(1222) Pause Young (Allocation Failure) 137M->136M(247M) 62.445ms
[2020-01-29T21:43:43.220+0300][76.406s][info][gc] GC(1223) Pause Young (Allocation Failure) 204M->204M(247M) 0.045ms
[2020-01-29T21:43:43.317+0300][76.505s][info][gc] GC(1224) Pause Full (Allocation Failure) 204M->70M(247M) 98.310ms
[2020-01-29T21:43:43.397+0300][76.584s][info][gc] GC(1225) Pause Young (Allocation Failure) 137M->136M(247M) 61.417ms
[2020-01-29T21:43:43.404+0300][76.591s][info][gc] GC(1226) Pause Young (Allocation Failure) 204M->204M(247M) 0.042ms
[2020-01-29T21:43:43.503+0300][76.690s][info][gc] GC(1227) Pause Full (Allocation Failure) 204M->70M(247M) 99.053ms
[2020-01-29T21:43:43.584+0300][76.771s][info][gc] GC(1228) Pause Young (Allocation Failure) 137M->136M(247M) 61.577ms
[2020-01-29T21:43:43.591+0300][76.778s][info][gc] GC(1229) Pause Young (Allocation Failure) 204M->204M(247M) 0.041ms
[2020-01-29T21:43:43.688+0300][76.876s][info][gc] GC(1230) Pause Full (Allocation Failure) 204M->70M(247M) 97.981ms
[2020-01-29T21:43:43.769+0300][76.956s][info][gc] GC(1231) Pause Young (Allocation Failure) 137M->136M(247M) 62.577ms
[2020-01-29T21:43:43.776+0300][76.963s][info][gc] GC(1232) Pause Young (Allocation Failure) 204M->204M(247M) 0.047ms
[2020-01-29T21:43:43.875+0300][77.063s][info][gc] GC(1233) Pause Full (Allocation Failure) 204M->70M(247M) 99.328ms
[2020-01-29T21:43:43.956+0300][77.142s][info][gc] GC(1234) Pause Young (Allocation Failure) 137M->136M(247M) 61.518ms
[2020-01-29T21:43:43.962+0300][77.149s][info][gc] GC(1235) Pause Young (Allocation Failure) 204M->204M(247M) 0.041ms
[2020-01-29T21:43:44.060+0300][77.248s][info][gc] GC(1236) Pause Full (Allocation Failure) 204M->70M(247M) 98.629ms
[2020-01-29T21:43:44.140+0300][77.327s][info][gc] GC(1237) Pause Young (Allocation Failure) 137M->136M(247M) 61.507ms
[2020-01-29T21:43:44.147+0300][77.334s][info][gc] GC(1238) Pause Young (Allocation Failure) 204M->204M(247M) 0.041ms
[2020-01-29T21:43:44.245+0300][77.432s][info][gc] GC(1239) Pause Full (Allocation Failure) 204M->70M(247M) 98.158ms
[2020-01-29T21:43:44.325+0300][77.512s][info][gc] GC(1240) Pause Young (Allocation Failure) 137M->136M(247M) 61.605ms
[2020-01-29T21:43:44.332+0300][77.519s][info][gc] GC(1241) Pause Young (Allocation Failure) 204M->204M(247M) 0.046ms
[2020-01-29T21:43:44.430+0300][77.617s][info][gc] GC(1242) Pause Full (Allocation Failure) 204M->70M(247M) 98.296ms
[2020-01-29T21:43:44.511+0300][77.698s][info][gc] GC(1243) Pause Young (Allocation Failure) 137M->136M(247M) 61.589ms
[2020-01-29T21:43:44.518+0300][77.705s][info][gc] GC(1244) Pause Young (Allocation Failure) 204M->204M(247M) 0.041ms
[2020-01-29T21:43:44.616+0300][77.803s][info][gc] GC(1245) Pause Full (Allocation Failure) 204M->70M(247M) 98.398ms
[2020-01-29T21:43:44.696+0300][77.883s][info][gc] GC(1246) Pause Young (Allocation Failure) 137M->136M(247M) 61.662ms
[2020-01-29T21:43:44.703+0300][77.890s][info][gc] GC(1247) Pause Young (Allocation Failure) 204M->204M(247M) 0.044ms
[2020-01-29T21:43:44.801+0300][77.988s][info][gc] GC(1248) Pause Full (Allocation Failure) 204M->70M(247M) 98.236ms
[2020-01-29T21:43:44.881+0300][78.069s][info][gc] GC(1249) Pause Young (Allocation Failure) 137M->136M(247M) 61.602ms
[2020-01-29T21:43:44.888+0300][78.076s][info][gc] GC(1250) Pause Young (Allocation Failure) 204M->204M(247M) 0.045ms
[2020-01-29T21:43:44.987+0300][78.174s][info][gc] GC(1251) Pause Full (Allocation Failure) 204M->70M(247M) 98.385ms
[2020-01-29T21:43:45.067+0300][78.254s][info][gc] GC(1252) Pause Young (Allocation Failure) 137M->136M(247M) 61.442ms
[2020-01-29T21:43:45.074+0300][78.261s][info][gc] GC(1253) Pause Young (Allocation Failure) 204M->204M(247M) 0.040ms
[2020-01-29T21:43:45.172+0300][78.359s][info][gc] GC(1254) Pause Full (Allocation Failure) 204M->70M(247M) 98.589ms
[2020-01-29T21:43:45.252+0300][78.439s][info][gc] GC(1255) Pause Young (Allocation Failure) 137M->136M(247M) 61.452ms
[2020-01-29T21:43:45.259+0300][78.446s][info][gc] GC(1256) Pause Young (Allocation Failure) 204M->204M(247M) 0.044ms
[2020-01-29T21:43:45.357+0300][78.544s][info][gc] GC(1257) Pause Full (Allocation Failure) 204M->70M(247M) 98.252ms
[2020-01-29T21:43:45.437+0300][78.624s][info][gc] GC(1258) Pause Young (Allocation Failure) 137M->136M(247M) 61.622ms
[2020-01-29T21:43:45.444+0300][78.631s][info][gc] GC(1259) Pause Young (Allocation Failure) 204M->204M(247M) 0.044ms
[2020-01-29T21:43:45.543+0300][78.730s][info][gc] GC(1260) Pause Full (Allocation Failure) 204M->70M(247M) 98.942ms
[2020-01-29T21:43:45.623+0300][78.810s][info][gc] GC(1261) Pause Young (Allocation Failure) 137M->136M(247M) 61.558ms
[2020-01-29T21:43:45.630+0300][78.817s][info][gc] GC(1262) Pause Young (Allocation Failure) 204M->204M(247M) 0.042ms
[2020-01-29T21:43:45.728+0300][78.915s][info][gc] GC(1263) Pause Full (Allocation Failure) 204M->70M(247M) 98.743ms
[2020-01-29T21:43:45.808+0300][78.995s][info][gc] GC(1264) Pause Young (Allocation Failure) 137M->136M(247M) 61.482ms
[2020-01-29T21:43:45.815+0300][79.002s][info][gc] GC(1265) Pause Young (Allocation Failure) 204M->204M(247M) 0.043ms
[2020-01-29T21:43:45.913+0300][79.100s][info][gc] GC(1266) Pause Full (Allocation Failure) 204M->70M(247M) 98.130ms
[2020-01-29T21:43:45.993+0300][79.180s][info][gc] GC(1267) Pause Young (Allocation Failure) 137M->136M(247M) 61.581ms
[2020-01-29T21:43:46.000+0300][79.187s][info][gc] GC(1268) Pause Young (Allocation Failure) 204M->204M(247M) 0.047ms
[2020-01-29T21:43:46.098+0300][79.285s][info][gc] GC(1269) Pause Full (Allocation Failure) 204M->70M(247M) 98.535ms
[2020-01-29T21:43:46.179+0300][79.365s][info][gc] GC(1270) Pause Young (Allocation Failure) 137M->136M(247M) 61.480ms
[2020-01-29T21:43:46.185+0300][79.372s][info][gc] GC(1271) Pause Young (Allocation Failure) 204M->204M(247M) 0.043ms
[2020-01-29T21:43:46.284+0300][79.471s][info][gc] GC(1272) Pause Full (Allocation Failure) 204M->70M(247M) 98.718ms
[2020-01-29T21:43:46.364+0300][79.551s][info][gc] GC(1273) Pause Young (Allocation Failure) 137M->136M(247M) 61.520ms
[2020-01-29T21:43:46.371+0300][79.558s][info][gc] GC(1274) Pause Young (Allocation Failure) 204M->204M(247M) 0.044ms
[2020-01-29T21:43:46.468+0300][79.656s][info][gc] GC(1275) Pause Full (Allocation Failure) 204M->70M(247M) 98.093ms
[2020-01-29T21:43:46.549+0300][79.737s][info][gc] GC(1276) Pause Young (Allocation Failure) 137M->136M(247M) 61.652ms
[2020-01-29T21:43:46.557+0300][79.744s][info][gc] GC(1277) Pause Young (Allocation Failure) 204M->204M(247M) 0.044ms
[2020-01-29T21:43:46.655+0300][79.842s][info][gc] GC(1278) Pause Full (Allocation Failure) 204M->70M(247M) 98.433ms
[2020-01-29T21:43:46.736+0300][79.923s][info][gc] GC(1279) Pause Young (Allocation Failure) 137M->136M(247M) 62.150ms
[2020-01-29T21:43:46.743+0300][79.929s][info][gc] GC(1280) Pause Young (Allocation Failure) 204M->204M(247M) 0.042ms
[2020-01-29T21:43:46.841+0300][80.028s][info][gc] GC(1281) Pause Full (Allocation Failure) 204M->70M(247M) 98.772ms
[2020-01-29T21:43:46.921+0300][80.108s][info][gc] GC(1282) Pause Young (Allocation Failure) 137M->136M(247M) 61.464ms
[2020-01-29T21:43:46.928+0300][80.115s][info][gc] GC(1283) Pause Young (Allocation Failure) 204M->204M(247M) 0.040ms
[2020-01-29T21:43:47.027+0300][80.214s][info][gc] GC(1284) Pause Full (Allocation Failure) 204M->70M(247M) 98.140ms
[2020-01-29T21:43:47.107+0300][80.294s][info][gc] GC(1285) Pause Young (Allocation Failure) 137M->136M(247M) 61.600ms
[2020-01-29T21:43:47.114+0300][80.301s][info][gc] GC(1286) Pause Young (Allocation Failure) 204M->204M(247M) 0.047ms
[2020-01-29T21:43:47.213+0300][80.400s][info][gc] GC(1287) Pause Full (Allocation Failure) 204M->70M(247M) 98.747ms
[2020-01-29T21:43:47.293+0300][80.480s][info][gc] GC(1288) Pause Young (Allocation Failure) 137M->136M(247M) 61.431ms
[2020-01-29T21:43:47.300+0300][80.487s][info][gc] GC(1289) Pause Young (Allocation Failure) 204M->204M(247M) 0.045ms
[2020-01-29T21:43:47.399+0300][80.586s][info][gc] GC(1290) Pause Full (Allocation Failure) 204M->70M(247M) 99.653ms
[2020-01-29T21:43:47.479+0300][80.667s][info][gc] GC(1291) Pause Young (Allocation Failure) 137M->136M(247M) 61.516ms
[2020-01-29T21:43:47.486+0300][80.673s][info][gc] GC(1292) Pause Young (Allocation Failure) 204M->204M(247M) 0.043ms
[2020-01-29T21:43:47.584+0300][80.771s][info][gc] GC(1293) Pause Full (Allocation Failure) 204M->70M(247M) 97.681ms
[2020-01-29T21:43:47.664+0300][80.852s][info][gc] GC(1294) Pause Young (Allocation Failure) 136M->136M(247M) 62.242ms
[2020-01-29T21:43:47.672+0300][80.859s][info][gc] GC(1295) Pause Young (Allocation Failure) 204M->204M(247M) 0.045ms
[2020-01-29T21:43:47.770+0300][80.957s][info][gc] GC(1296) Pause Full (Allocation Failure) 204M->70M(247M) 98.263ms
[2020-01-29T21:43:47.850+0300][81.037s][info][gc] GC(1297) Pause Young (Allocation Failure) 137M->136M(247M) 61.560ms
[2020-01-29T21:43:47.856+0300][81.043s][info][gc] GC(1298) Pause Young (Allocation Failure) 204M->204M(247M) 0.042ms
[2020-01-29T21:43:47.955+0300][81.142s][info][gc] GC(1299) Pause Full (Allocation Failure) 204M->70M(247M) 98.805ms
[2020-01-29T21:43:48.035+0300][81.222s][info][gc] GC(1300) Pause Young (Allocation Failure) 137M->136M(247M) 61.465ms
[2020-01-29T21:43:48.042+0300][81.229s][info][gc] GC(1301) Pause Young (Allocation Failure) 204M->204M(247M) 0.042ms
[2020-01-29T21:43:48.140+0300][81.327s][info][gc] GC(1302) Pause Full (Allocation Failure) 204M->70M(247M) 98.376ms
[2020-01-29T21:43:48.221+0300][81.408s][info][gc] GC(1303) Pause Young (Allocation Failure) 137M->136M(247M) 62.824ms
[2020-01-29T21:43:48.227+0300][81.415s][info][gc] GC(1304) Pause Young (Allocation Failure) 204M->204M(247M) 0.046ms
[2020-01-29T21:43:48.327+0300][81.514s][info][gc] GC(1305) Pause Full (Allocation Failure) 204M->70M(247M) 99.525ms
[2020-01-29T21:43:48.407+0300][81.594s][info][gc] GC(1306) Pause Young (Allocation Failure) 137M->136M(247M) 61.502ms
[2020-01-29T21:43:48.414+0300][81.601s][info][gc] GC(1307) Pause Young (Allocation Failure) 204M->204M(247M) 0.041ms
[2020-01-29T21:43:48.512+0300][81.699s][info][gc] GC(1308) Pause Full (Allocation Failure) 204M->70M(247M) 98.666ms
[2020-01-29T21:43:48.593+0300][81.781s][info][gc] GC(1309) Pause Young (Allocation Failure) 137M->136M(247M) 61.574ms
[2020-01-29T21:43:48.600+0300][81.787s][info][gc] GC(1310) Pause Young (Allocation Failure) 204M->204M(247M) 0.043ms
[2020-01-29T21:43:48.698+0300][81.885s][info][gc] GC(1311) Pause Full (Allocation Failure) 204M->70M(247M) 98.032ms
[2020-01-29T21:43:48.778+0300][81.965s][info][gc] GC(1312) Pause Young (Allocation Failure) 137M->136M(247M) 61.670ms
[2020-01-29T21:43:48.785+0300][81.972s][info][gc] GC(1313) Pause Young (Allocation Failure) 204M->204M(247M) 0.051ms
[2020-01-29T21:43:48.884+0300][82.071s][info][gc] GC(1314) Pause Full (Allocation Failure) 204M->70M(247M) 99.257ms
[2020-01-29T21:43:48.964+0300][82.152s][info][gc] GC(1315) Pause Young (Allocation Failure) 137M->136M(247M) 61.466ms
[2020-01-29T21:43:48.971+0300][82.158s][info][gc] GC(1316) Pause Young (Allocation Failure) 204M->204M(247M) 0.041ms
[2020-01-29T21:43:49.070+0300][82.257s][info][gc] GC(1317) Pause Full (Allocation Failure) 204M->70M(247M) 98.670ms
[2020-01-29T21:43:49.150+0300][82.337s][info][gc] GC(1318) Pause Young (Allocation Failure) 137M->136M(247M) 61.442ms
[2020-01-29T21:43:49.157+0300][82.344s][info][gc] GC(1319) Pause Young (Allocation Failure) 204M->204M(247M) 0.042ms
[2020-01-29T21:43:49.255+0300][82.442s][info][gc] GC(1320) Pause Full (Allocation Failure) 204M->70M(247M) 98.348ms
[2020-01-29T21:43:49.334+0300][82.522s][info][gc] GC(1321) Pause Young (Allocation Failure) 137M->136M(247M) 61.581ms
[2020-01-29T21:43:49.342+0300][82.528s][info][gc] GC(1322) Pause Young (Allocation Failure) 204M->204M(247M) 0.043ms
[2020-01-29T21:43:49.440+0300][82.627s][info][gc] GC(1323) Pause Full (Allocation Failure) 204M->70M(247M) 98.622ms
[2020-01-29T21:43:49.520+0300][82.707s][info][gc] GC(1324) Pause Young (Allocation Failure) 137M->136M(247M) 61.591ms
[2020-01-29T21:43:49.527+0300][82.714s][info][gc] GC(1325) Pause Young (Allocation Failure) 204M->204M(247M) 0.041ms
[2020-01-29T21:43:49.625+0300][82.813s][info][gc] GC(1326) Pause Full (Allocation Failure) 204M->70M(247M) 98.703ms
[2020-01-29T21:43:49.705+0300][82.893s][info][gc] GC(1327) Pause Young (Allocation Failure) 137M->136M(247M) 61.658ms
[2020-01-29T21:43:49.712+0300][82.899s][info][gc] GC(1328) Pause Young (Allocation Failure) 204M->204M(247M) 0.043ms
[2020-01-29T21:43:49.811+0300][82.998s][info][gc] GC(1329) Pause Full (Allocation Failure) 204M->70M(247M) 98.489ms
[2020-01-29T21:43:49.892+0300][83.079s][info][gc] GC(1330) Pause Young (Allocation Failure) 137M->136M(247M) 61.999ms
[2020-01-29T21:43:49.899+0300][83.086s][info][gc] GC(1331) Pause Young (Allocation Failure) 204M->204M(247M) 0.043ms
[2020-01-29T21:43:49.997+0300][83.185s][info][gc] GC(1332) Pause Full (Allocation Failure) 204M->70M(247M) 98.907ms
[2020-01-29T21:43:50.077+0300][83.265s][info][gc] GC(1333) Pause Young (Allocation Failure) 137M->136M(247M) 61.538ms
[2020-01-29T21:43:50.084+0300][83.271s][info][gc] GC(1334) Pause Young (Allocation Failure) 204M->204M(247M) 0.042ms
[2020-01-29T21:43:50.183+0300][83.370s][info][gc] GC(1335) Pause Full (Allocation Failure) 204M->70M(247M) 98.610ms
[2020-01-29T21:43:50.264+0300][83.451s][info][gc] GC(1336) Pause Young (Allocation Failure) 137M->136M(247M) 61.945ms
[2020-01-29T21:43:50.270+0300][83.457s][info][gc] GC(1337) Pause Young (Allocation Failure) 204M->204M(247M) 0.042ms
[2020-01-29T21:43:50.369+0300][83.556s][info][gc] GC(1338) Pause Full (Allocation Failure) 204M->70M(247M) 98.543ms
[2020-01-29T21:43:50.449+0300][83.636s][info][gc] GC(1339) Pause Young (Allocation Failure) 137M->136M(247M) 61.530ms
[2020-01-29T21:43:50.457+0300][83.644s][info][gc] GC(1340) Pause Young (Allocation Failure) 204M->204M(247M) 0.046ms
[2020-01-29T21:43:50.555+0300][83.743s][info][gc] GC(1341) Pause Full (Allocation Failure) 204M->70M(247M) 98.758ms
[2020-01-29T21:43:50.636+0300][83.824s][info][gc] GC(1342) Pause Young (Allocation Failure) 137M->136M(247M) 61.537ms
[2020-01-29T21:43:50.643+0300][83.830s][info][gc] GC(1343) Pause Young (Allocation Failure) 204M->204M(247M) 0.041ms
[2020-01-29T21:43:50.742+0300][83.929s][info][gc] GC(1344) Pause Full (Allocation Failure) 204M->70M(247M) 98.623ms
[2020-01-29T21:43:50.822+0300][84.009s][info][gc] GC(1345) Pause Young (Allocation Failure) 137M->136M(247M) 61.502ms
[2020-01-29T21:43:50.829+0300][84.016s][info][gc] GC(1346) Pause Young (Allocation Failure) 204M->204M(247M) 0.041ms
[2020-01-29T21:43:50.926+0300][84.114s][info][gc] GC(1347) Pause Full (Allocation Failure) 204M->70M(247M) 98.063ms
[2020-01-29T21:43:51.007+0300][84.194s][info][gc] GC(1348) Pause Young (Allocation Failure) 137M->136M(247M) 61.605ms
[2020-01-29T21:43:51.013+0300][84.200s][info][gc] GC(1349) Pause Young (Allocation Failure) 204M->204M(247M) 0.043ms
[2020-01-29T21:43:51.112+0300][84.299s][info][gc] GC(1350) Pause Full (Allocation Failure) 204M->70M(247M) 98.615ms
[2020-01-29T21:43:51.192+0300][84.379s][info][gc] GC(1351) Pause Young (Allocation Failure) 137M->136M(247M) 61.467ms
[2020-01-29T21:43:51.199+0300][84.386s][info][gc] GC(1352) Pause Young (Allocation Failure) 204M->204M(247M) 0.041ms
[2020-01-29T21:43:51.297+0300][84.485s][info][gc] GC(1353) Pause Full (Allocation Failure) 204M->70M(247M) 98.792ms
[2020-01-29T21:43:51.377+0300][84.565s][info][gc] GC(1354) Pause Young (Allocation Failure) 137M->136M(247M) 61.547ms
[2020-01-29T21:43:51.384+0300][84.571s][info][gc] GC(1355) Pause Young (Allocation Failure) 204M->204M(247M) 0.044ms
[2020-01-29T21:43:51.483+0300][84.670s][info][gc] GC(1356) Pause Full (Allocation Failure) 204M->70M(247M) 98.507ms
[2020-01-29T21:43:51.564+0300][84.751s][info][gc] GC(1357) Pause Young (Allocation Failure) 137M->136M(247M) 61.725ms
[2020-01-29T21:43:51.571+0300][84.758s][info][gc] GC(1358) Pause Young (Allocation Failure) 204M->204M(247M) 0.045ms
[2020-01-29T21:43:51.669+0300][84.856s][info][gc] GC(1359) Pause Full (Allocation Failure) 204M->70M(247M) 98.215ms
[2020-01-29T21:43:51.748+0300][84.936s][info][gc] GC(1360) Pause Young (Allocation Failure) 137M->136M(247M) 61.590ms
[2020-01-29T21:43:51.755+0300][84.942s][info][gc] GC(1361) Pause Young (Allocation Failure) 204M->204M(247M) 0.042ms
[2020-01-29T21:43:51.854+0300][85.041s][info][gc] GC(1362) Pause Full (Allocation Failure) 204M->70M(247M) 98.546ms
[2020-01-29T21:43:51.934+0300][85.121s][info][gc] GC(1363) Pause Young (Allocation Failure) 137M->136M(247M) 61.474ms
[2020-01-29T21:43:51.941+0300][85.128s][info][gc] GC(1364) Pause Young (Allocation Failure) 204M->204M(247M) 0.041ms
[2020-01-29T21:43:52.039+0300][85.226s][info][gc] GC(1365) Pause Full (Allocation Failure) 204M->70M(247M) 98.219ms
[2020-01-29T21:43:52.118+0300][85.306s][info][gc] GC(1366) Pause Young (Allocation Failure) 137M->136M(247M) 61.638ms
[2020-01-29T21:43:52.125+0300][85.312s][info][gc] GC(1367) Pause Young (Allocation Failure) 204M->204M(247M) 0.041ms
[2020-01-29T21:43:52.224+0300][85.411s][info][gc] GC(1368) Pause Full (Allocation Failure) 204M->70M(247M) 98.702ms
[2020-01-29T21:43:52.304+0300][85.491s][info][gc] GC(1369) Pause Young (Allocation Failure) 137M->136M(247M) 61.484ms
[2020-01-29T21:43:52.311+0300][85.498s][info][gc] GC(1370) Pause Young (Allocation Failure) 204M->204M(247M) 0.042ms
[2020-01-29T21:43:52.410+0300][85.596s][info][gc] GC(1371) Pause Full (Allocation Failure) 204M->70M(247M) 98.508ms
[2020-01-29T21:43:52.490+0300][85.677s][info][gc] GC(1372) Pause Young (Allocation Failure) 137M->136M(247M) 61.570ms
[2020-01-29T21:43:52.497+0300][85.684s][info][gc] GC(1373) Pause Young (Allocation Failure) 204M->204M(247M) 0.042ms
[2020-01-29T21:43:52.595+0300][85.782s][info][gc] GC(1374) Pause Full (Allocation Failure) 204M->70M(247M) 98.028ms
[2020-01-29T21:43:52.677+0300][85.863s][info][gc] GC(1375) Pause Young (Allocation Failure) 137M->136M(247M) 62.809ms
[2020-01-29T21:43:52.684+0300][85.871s][info][gc] GC(1376) Pause Young (Allocation Failure) 204M->204M(247M) 0.045ms
[2020-01-29T21:43:52.783+0300][85.970s][info][gc] GC(1377) Pause Full (Allocation Failure) 204M->70M(247M) 98.865ms
[2020-01-29T21:43:52.862+0300][86.050s][info][gc] GC(1378) Pause Young (Allocation Failure) 137M->136M(247M) 61.523ms
[2020-01-29T21:43:52.869+0300][86.056s][info][gc] GC(1379) Pause Young (Allocation Failure) 204M->204M(247M) 0.046ms
[2020-01-29T21:43:52.968+0300][86.155s][info][gc] GC(1380) Pause Full (Allocation Failure) 204M->70M(247M) 98.606ms
[2020-01-29T21:43:53.048+0300][86.235s][info][gc] GC(1381) Pause Young (Allocation Failure) 137M->136M(247M) 61.488ms
[2020-01-29T21:43:53.055+0300][86.242s][info][gc] GC(1382) Pause Young (Allocation Failure) 204M->204M(247M) 0.041ms
[2020-01-29T21:43:53.153+0300][86.340s][info][gc] GC(1383) Pause Full (Allocation Failure) 204M->70M(247M) 98.102ms
[2020-01-29T21:43:53.232+0300][86.420s][info][gc] GC(1384) Pause Young (Allocation Failure) 137M->136M(247M) 61.618ms
[2020-01-29T21:43:53.239+0300][86.427s][info][gc] GC(1385) Pause Young (Allocation Failure) 204M->204M(247M) 0.045ms
[2020-01-29T21:43:53.338+0300][86.525s][info][gc] GC(1386) Pause Full (Allocation Failure) 204M->70M(247M) 98.426ms
[2020-01-29T21:43:53.418+0300][86.605s][info][gc] GC(1387) Pause Young (Allocation Failure) 137M->136M(247M) 61.462ms
[2020-01-29T21:43:53.425+0300][86.612s][info][gc] GC(1388) Pause Young (Allocation Failure) 204M->204M(247M) 0.044ms
[2020-01-29T21:43:53.525+0300][86.712s][info][gc] GC(1389) Pause Full (Allocation Failure) 204M->70M(247M) 99.528ms
[2020-01-29T21:43:53.604+0300][86.792s][info][gc] GC(1390) Pause Young (Allocation Failure) 137M->136M(247M) 61.681ms
[2020-01-29T21:43:53.611+0300][86.799s][info][gc] GC(1391) Pause Young (Allocation Failure) 204M->204M(247M) 0.043ms
[2020-01-29T21:43:53.710+0300][86.897s][info][gc] GC(1392) Pause Full (Allocation Failure) 204M->70M(247M) 98.095ms
[2020-01-29T21:43:53.792+0300][86.979s][info][gc] GC(1393) Pause Young (Allocation Failure) 137M->136M(247M) 63.301ms
[2020-01-29T21:43:53.799+0300][86.986s][info][gc] GC(1394) Pause Young (Allocation Failure) 204M->204M(247M) 0.046ms
[2020-01-29T21:43:53.898+0300][87.084s][info][gc] GC(1395) Pause Full (Allocation Failure) 204M->70M(247M) 98.665ms
[2020-01-29T21:43:53.978+0300][87.165s][info][gc] GC(1396) Pause Young (Allocation Failure) 137M->136M(247M) 61.492ms
[2020-01-29T21:43:53.984+0300][87.171s][info][gc] GC(1397) Pause Young (Allocation Failure) 204M->204M(247M) 0.045ms
[2020-01-29T21:43:54.083+0300][87.270s][info][gc] GC(1398) Pause Full (Allocation Failure) 204M->70M(247M) 98.773ms
[2020-01-29T21:43:54.163+0300][87.350s][info][gc] GC(1399) Pause Young (Allocation Failure) 137M->136M(247M) 61.472ms
[2020-01-29T21:43:54.170+0300][87.357s][info][gc] GC(1400) Pause Young (Allocation Failure) 204M->204M(247M) 0.042ms
[2020-01-29T21:43:54.268+0300][87.455s][info][gc] GC(1401) Pause Full (Allocation Failure) 204M->70M(247M) 98.180ms
[2020-01-29T21:43:54.347+0300][87.535s][info][gc] GC(1402) Pause Young (Allocation Failure) 137M->136M(247M) 61.563ms
[2020-01-29T21:43:54.354+0300][87.542s][info][gc] GC(1403) Pause Young (Allocation Failure) 204M->204M(247M) 0.049ms
[2020-01-29T21:43:54.453+0300][87.640s][info][gc] GC(1404) Pause Full (Allocation Failure) 204M->70M(247M) 98.398ms
[2020-01-29T21:43:54.533+0300][87.720s][info][gc] GC(1405) Pause Young (Allocation Failure) 137M->136M(247M) 61.579ms
[2020-01-29T21:43:54.540+0300][87.727s][info][gc] GC(1406) Pause Young (Allocation Failure) 204M->204M(247M) 0.043ms
[2020-01-29T21:43:54.639+0300][87.826s][info][gc] GC(1407) Pause Full (Allocation Failure) 204M->70M(247M) 98.555ms
[2020-01-29T21:43:54.718+0300][87.906s][info][gc] GC(1408) Pause Young (Allocation Failure) 137M->136M(247M) 61.624ms
[2020-01-29T21:43:54.725+0300][87.913s][info][gc] GC(1409) Pause Young (Allocation Failure) 204M->204M(247M) 0.041ms
[2020-01-29T21:43:54.823+0300][88.011s][info][gc] GC(1410) Pause Full (Allocation Failure) 204M->70M(247M) 98.138ms
[2020-01-29T21:43:54.903+0300][88.090s][info][gc] GC(1411) Pause Young (Allocation Failure) 137M->136M(247M) 61.635ms
[2020-01-29T21:43:54.910+0300][88.097s][info][gc] GC(1412) Pause Young (Allocation Failure) 204M->204M(247M) 0.048ms
[2020-01-29T21:43:55.009+0300][88.196s][info][gc] GC(1413) Pause Full (Allocation Failure) 204M->70M(247M) 98.533ms
[2020-01-29T21:43:55.088+0300][88.276s][info][gc] GC(1414) Pause Young (Allocation Failure) 137M->136M(247M) 61.481ms
[2020-01-29T21:43:55.095+0300][88.282s][info][gc] GC(1415) Pause Young (Allocation Failure) 204M->204M(247M) 0.042ms
[2020-01-29T21:43:55.194+0300][88.381s][info][gc] GC(1416) Pause Full (Allocation Failure) 204M->70M(247M) 98.536ms
[2020-01-29T21:43:55.274+0300][88.461s][info][gc] GC(1417) Pause Young (Allocation Failure) 137M->136M(247M) 61.540ms
[2020-01-29T21:43:55.281+0300][88.468s][info][gc] GC(1418) Pause Young (Allocation Failure) 204M->204M(247M) 0.042ms
[2020-01-29T21:43:55.379+0300][88.566s][info][gc] GC(1419) Pause Full (Allocation Failure) 204M->70M(247M) 98.097ms
[2020-01-29T21:43:55.458+0300][88.646s][info][gc] GC(1420) Pause Young (Allocation Failure) 137M->136M(247M) 61.577ms
[2020-01-29T21:43:55.466+0300][88.654s][info][gc] GC(1421) Pause Young (Allocation Failure) 204M->204M(247M) 0.047ms
[2020-01-29T21:43:55.566+0300][88.753s][info][gc] GC(1422) Pause Full (Allocation Failure) 204M->70M(247M) 98.920ms
[2020-01-29T21:43:55.645+0300][88.832s][info][gc] GC(1423) Pause Young (Allocation Failure) 137M->136M(247M) 61.579ms
[2020-01-29T21:43:55.652+0300][88.839s][info][gc] GC(1424) Pause Young (Allocation Failure) 204M->204M(247M) 0.046ms
[2020-01-29T21:43:55.751+0300][88.938s][info][gc] GC(1425) Pause Full (Allocation Failure) 204M->70M(247M) 98.619ms
[2020-01-29T21:43:55.830+0300][89.018s][info][gc] GC(1426) Pause Young (Allocation Failure) 137M->136M(247M) 61.455ms
[2020-01-29T21:43:55.837+0300][89.024s][info][gc] GC(1427) Pause Young (Allocation Failure) 204M->204M(247M) 0.042ms
[2020-01-29T21:43:55.935+0300][89.122s][info][gc] GC(1428) Pause Full (Allocation Failure) 204M->70M(247M) 98.042ms
[2020-01-29T21:43:56.015+0300][89.202s][info][gc] GC(1429) Pause Young (Allocation Failure) 137M->136M(247M) 61.615ms
[2020-01-29T21:43:56.022+0300][89.209s][info][gc] GC(1430) Pause Young (Allocation Failure) 204M->204M(247M) 0.048ms
[2020-01-29T21:43:56.121+0300][89.308s][info][gc] GC(1431) Pause Full (Allocation Failure) 204M->70M(247M) 98.853ms
[2020-01-29T21:43:56.200+0300][89.388s][info][gc] GC(1432) Pause Young (Allocation Failure) 137M->136M(247M) 61.459ms
[2020-01-29T21:43:56.207+0300][89.394s][info][gc] GC(1433) Pause Young (Allocation Failure) 204M->204M(247M) 0.041ms
[2020-01-29T21:43:56.306+0300][89.493s][info][gc] GC(1434) Pause Full (Allocation Failure) 204M->70M(247M) 98.754ms
[2020-01-29T21:43:56.386+0300][89.573s][info][gc] GC(1435) Pause Young (Allocation Failure) 137M->136M(247M) 61.489ms
[2020-01-29T21:43:56.393+0300][89.580s][info][gc] GC(1436) Pause Young (Allocation Failure) 204M->204M(247M) 0.042ms
[2020-01-29T21:43:56.491+0300][89.678s][info][gc] GC(1437) Pause Full (Allocation Failure) 204M->70M(247M) 98.120ms
[2020-01-29T21:43:56.572+0300][89.759s][info][gc] GC(1438) Pause Young (Allocation Failure) 137M->136M(247M) 62.159ms
[2020-01-29T21:43:56.579+0300][89.767s][info][gc] GC(1439) Pause Young (Allocation Failure) 204M->204M(247M) 0.047ms
[2020-01-29T21:43:56.679+0300][89.866s][info][gc] GC(1440) Pause Full (Allocation Failure) 204M->70M(247M) 99.374ms
[2020-01-29T21:43:56.759+0300][89.946s][info][gc] GC(1441) Pause Young (Allocation Failure) 137M->136M(247M) 61.626ms
[2020-01-29T21:43:56.766+0300][89.953s][info][gc] GC(1442) Pause Young (Allocation Failure) 204M->204M(247M) 0.044ms
[2020-01-29T21:43:56.865+0300][90.052s][info][gc] GC(1443) Pause Full (Allocation Failure) 204M->70M(247M) 98.945ms
[2020-01-29T21:43:56.944+0300][90.132s][info][gc] GC(1444) Pause Young (Allocation Failure) 137M->136M(247M) 61.440ms
[2020-01-29T21:43:56.951+0300][90.138s][info][gc] GC(1445) Pause Young (Allocation Failure) 204M->204M(247M) 0.042ms
[2020-01-29T21:43:57.050+0300][90.237s][info][gc] GC(1446) Pause Full (Allocation Failure) 204M->70M(247M) 98.473ms
[2020-01-29T21:43:57.130+0300][90.317s][info][gc] GC(1447) Pause Young (Allocation Failure) 137M->136M(247M) 61.599ms
[2020-01-29T21:43:57.137+0300][90.324s][info][gc] GC(1448) Pause Young (Allocation Failure) 204M->204M(247M) 0.046ms
[2020-01-29T21:43:57.235+0300][90.422s][info][gc] GC(1449) Pause Full (Allocation Failure) 204M->70M(247M) 98.531ms
[2020-01-29T21:43:57.314+0300][90.502s][info][gc] GC(1450) Pause Young (Allocation Failure) 137M->136M(247M) 61.511ms
[2020-01-29T21:43:57.321+0300][90.509s][info][gc] GC(1451) Pause Young (Allocation Failure) 204M->204M(247M) 0.042ms
[2020-01-29T21:43:57.420+0300][90.607s][info][gc] GC(1452) Pause Full (Allocation Failure) 204M->70M(247M) 98.699ms
[2020-01-29T21:43:57.501+0300][90.688s][info][gc] GC(1453) Pause Young (Allocation Failure) 137M->136M(247M) 61.853ms
[2020-01-29T21:43:57.508+0300][90.695s][info][gc] GC(1454) Pause Young (Allocation Failure) 204M->204M(247M) 0.042ms
[2020-01-29T21:43:57.606+0300][90.793s][info][gc] GC(1455) Pause Full (Allocation Failure) 204M->70M(247M) 98.087ms
[2020-01-29T21:43:57.685+0300][90.873s][info][gc] GC(1456) Pause Young (Allocation Failure) 137M->136M(247M) 61.752ms
[2020-01-29T21:43:57.693+0300][90.880s][info][gc] GC(1457) Pause Young (Allocation Failure) 204M->204M(247M) 0.043ms
[2020-01-29T21:43:57.791+0300][90.978s][info][gc] GC(1458) Pause Full (Allocation Failure) 204M->70M(247M) 98.201ms
[2020-01-29T21:43:57.871+0300][91.058s][info][gc] GC(1459) Pause Young (Allocation Failure) 137M->136M(247M) 61.466ms
[2020-01-29T21:43:57.878+0300][91.065s][info][gc] GC(1460) Pause Young (Allocation Failure) 204M->204M(247M) 0.042ms
[2020-01-29T21:43:57.977+0300][91.164s][info][gc] GC(1461) Pause Full (Allocation Failure) 204M->70M(247M) 98.866ms
[2020-01-29T21:43:58.057+0300][91.244s][info][gc] GC(1462) Pause Young (Allocation Failure) 137M->136M(247M) 61.434ms
[2020-01-29T21:43:58.063+0300][91.250s][info][gc] GC(1463) Pause Young (Allocation Failure) 204M->204M(247M) 0.041ms
[2020-01-29T21:43:58.162+0300][91.349s][info][gc] GC(1464) Pause Full (Allocation Failure) 204M->70M(247M) 98.207ms
[2020-01-29T21:43:58.241+0300][91.429s][info][gc] GC(1465) Pause Young (Allocation Failure) 137M->136M(247M) 61.626ms
[2020-01-29T21:43:58.248+0300][91.436s][info][gc] GC(1466) Pause Young (Allocation Failure) 204M->204M(247M) 0.045ms
[2020-01-29T21:43:58.347+0300][91.535s][info][gc] GC(1467) Pause Full (Allocation Failure) 204M->70M(247M) 98.759ms
[2020-01-29T21:43:58.427+0300][91.614s][info][gc] GC(1468) Pause Young (Allocation Failure) 137M->136M(247M) 61.471ms
[2020-01-29T21:43:58.434+0300][91.621s][info][gc] GC(1469) Pause Young (Allocation Failure) 204M->204M(247M) 0.044ms
[2020-01-29T21:43:58.533+0300][91.721s][info][gc] GC(1470) Pause Full (Allocation Failure) 204M->70M(247M) 99.139ms
[2020-01-29T21:43:58.613+0300][91.800s][info][gc] GC(1471) Pause Young (Allocation Failure) 137M->136M(247M) 61.582ms
[2020-01-29T21:43:58.619+0300][91.807s][info][gc] GC(1472) Pause Young (Allocation Failure) 204M->204M(247M) 0.041ms
[2020-01-29T21:43:58.721+0300][91.908s][info][gc] GC(1473) Pause Full (Allocation Failure) 204M->70M(247M) 100.518ms
[2020-01-29T21:43:58.801+0300][91.988s][info][gc] GC(1474) Pause Young (Allocation Failure) 137M->136M(247M) 61.942ms
[2020-01-29T21:43:58.808+0300][91.996s][info][gc] GC(1475) Pause Young (Allocation Failure) 204M->204M(247M) 0.049ms
[2020-01-29T21:43:58.906+0300][92.094s][info][gc] GC(1476) Pause Full (Allocation Failure) 204M->70M(247M) 98.147ms
[2020-01-29T21:43:58.986+0300][92.173s][info][gc] GC(1477) Pause Young (Allocation Failure) 137M->136M(247M) 61.487ms
[2020-01-29T21:43:58.993+0300][92.180s][info][gc] GC(1478) Pause Young (Allocation Failure) 204M->204M(247M) 0.041ms
[2020-01-29T21:43:59.092+0300][92.278s][info][gc] GC(1479) Pause Full (Allocation Failure) 204M->70M(247M) 98.363ms
[2020-01-29T21:43:59.171+0300][92.358s][info][gc] GC(1480) Pause Young (Allocation Failure) 137M->136M(247M) 61.493ms
[2020-01-29T21:43:59.177+0300][92.364s][info][gc] GC(1481) Pause Young (Allocation Failure) 204M->204M(247M) 0.041ms
[2020-01-29T21:43:59.275+0300][92.462s][info][gc] GC(1482) Pause Full (Allocation Failure) 204M->70M(247M) 97.945ms
[2020-01-29T21:43:59.355+0300][92.543s][info][gc] GC(1483) Pause Young (Allocation Failure) 137M->136M(247M) 61.640ms
[2020-01-29T21:43:59.362+0300][92.549s][info][gc] GC(1484) Pause Young (Allocation Failure) 204M->204M(247M) 0.047ms
[2020-01-29T21:43:59.461+0300][92.648s][info][gc] GC(1485) Pause Full (Allocation Failure) 204M->70M(247M) 98.389ms
[2020-01-29T21:43:59.543+0300][92.730s][info][gc] GC(1486) Pause Young (Allocation Failure) 137M->136M(247M) 62.278ms
[2020-01-29T21:43:59.549+0300][92.737s][info][gc] GC(1487) Pause Young (Allocation Failure) 204M->204M(247M) 0.043ms
[2020-01-29T21:43:59.648+0300][92.835s][info][gc] GC(1488) Pause Full (Allocation Failure) 204M->70M(247M) 98.396ms
[2020-01-29T21:43:59.728+0300][92.915s][info][gc] GC(1489) Pause Young (Allocation Failure) 137M->136M(247M) 61.615ms
[2020-01-29T21:43:59.735+0300][92.922s][info][gc] GC(1490) Pause Young (Allocation Failure) 204M->204M(247M) 0.043ms
[2020-01-29T21:43:59.834+0300][93.021s][info][gc] GC(1491) Pause Full (Allocation Failure) 204M->70M(247M) 99.444ms
[2020-01-29T21:43:59.914+0300][93.101s][info][gc] GC(1492) Pause Young (Allocation Failure) 137M->136M(247M) 61.655ms
[2020-01-29T21:43:59.921+0300][93.108s][info][gc] GC(1493) Pause Young (Allocation Failure) 204M->204M(247M) 0.046ms
[2020-01-29T21:44:00.019+0300][93.207s][info][gc] GC(1494) Pause Full (Allocation Failure) 204M->70M(247M) 98.822ms
[2020-01-29T21:44:00.099+0300][93.286s][info][gc] GC(1495) Pause Young (Allocation Failure) 137M->136M(247M) 61.551ms
[2020-01-29T21:44:00.106+0300][93.293s][info][gc] GC(1496) Pause Young (Allocation Failure) 204M->204M(247M) 0.043ms
[2020-01-29T21:44:00.205+0300][93.392s][info][gc] GC(1497) Pause Full (Allocation Failure) 204M->70M(247M) 98.351ms
[2020-01-29T21:44:00.285+0300][93.472s][info][gc] GC(1498) Pause Young (Allocation Failure) 137M->136M(247M) 61.465ms
[2020-01-29T21:44:00.292+0300][93.479s][info][gc] GC(1499) Pause Young (Allocation Failure) 204M->204M(247M) 0.042ms
[2020-01-29T21:44:00.390+0300][93.577s][info][gc] GC(1500) Pause Full (Allocation Failure) 204M->70M(247M) 98.717ms
[2020-01-29T21:44:00.470+0300][93.657s][info][gc] GC(1501) Pause Young (Allocation Failure) 137M->136M(247M) 61.606ms
[2020-01-29T21:44:00.477+0300][93.664s][info][gc] GC(1502) Pause Young (Allocation Failure) 204M->204M(247M) 0.044ms
[2020-01-29T21:44:00.576+0300][93.763s][info][gc] GC(1503) Pause Full (Allocation Failure) 204M->70M(247M) 98.195ms
[2020-01-29T21:44:00.656+0300][93.843s][info][gc] GC(1504) Pause Young (Allocation Failure) 137M->136M(247M) 61.499ms
[2020-01-29T21:44:00.663+0300][93.850s][info][gc] GC(1505) Pause Young (Allocation Failure) 204M->204M(247M) 0.041ms
[2020-01-29T21:44:00.761+0300][93.948s][info][gc] GC(1506) Pause Full (Allocation Failure) 204M->70M(247M) 98.553ms
[2020-01-29T21:44:00.841+0300][94.028s][info][gc] GC(1507) Pause Young (Allocation Failure) 137M->136M(247M) 61.456ms
[2020-01-29T21:44:00.848+0300][94.035s][info][gc] GC(1508) Pause Young (Allocation Failure) 204M->204M(247M) 0.042ms
[2020-01-29T21:44:00.946+0300][94.133s][info][gc] GC(1509) Pause Full (Allocation Failure) 204M->70M(247M) 98.045ms
[2020-01-29T21:44:01.026+0300][94.213s][info][gc] GC(1510) Pause Young (Allocation Failure) 137M->136M(247M) 61.612ms
[2020-01-29T21:44:01.033+0300][94.220s][info][gc] GC(1511) Pause Young (Allocation Failure) 204M->204M(247M) 0.047ms
[2020-01-29T21:44:01.131+0300][94.318s][info][gc] GC(1512) Pause Full (Allocation Failure) 204M->70M(247M) 98.386ms
[2020-01-29T21:44:01.211+0300][94.398s][info][gc] GC(1513) Pause Young (Allocation Failure) 137M->136M(247M) 61.496ms
[2020-01-29T21:44:01.218+0300][94.405s][info][gc] GC(1514) Pause Young (Allocation Failure) 204M->204M(247M) 0.044ms
[2020-01-29T21:44:01.317+0300][94.504s][info][gc] GC(1515) Pause Full (Allocation Failure) 204M->70M(247M) 98.468ms
[2020-01-29T21:44:01.397+0300][94.584s][info][gc] GC(1516) Pause Young (Allocation Failure) 137M->136M(247M) 61.425ms
[2020-01-29T21:44:01.404+0300][94.591s][info][gc] GC(1517) Pause Young (Allocation Failure) 204M->204M(247M) 0.042ms
[2020-01-29T21:44:01.502+0300][94.689s][info][gc] GC(1518) Pause Full (Allocation Failure) 204M->70M(247M) 98.608ms
[2020-01-29T21:44:01.583+0300][94.770s][info][gc] GC(1519) Pause Young (Allocation Failure) 137M->136M(247M) 62.322ms
[2020-01-29T21:44:01.590+0300][94.777s][info][gc] GC(1520) Pause Young (Allocation Failure) 204M->204M(247M) 0.043ms
[2020-01-29T21:44:01.690+0300][94.877s][info][gc] GC(1521) Pause Full (Allocation Failure) 204M->70M(247M) 99.460ms
[2020-01-29T21:44:01.770+0300][94.957s][info][gc] GC(1522) Pause Young (Allocation Failure) 137M->136M(247M) 61.483ms
[2020-01-29T21:44:01.777+0300][94.964s][info][gc] GC(1523) Pause Young (Allocation Failure) 204M->204M(247M) 0.041ms
[2020-01-29T21:44:01.876+0300][95.063s][info][gc] GC(1524) Pause Full (Allocation Failure) 204M->70M(247M) 99.747ms
[2020-01-29T21:44:01.956+0300][95.143s][info][gc] GC(1525) Pause Young (Allocation Failure) 137M->136M(247M) 61.512ms
[2020-01-29T21:44:01.963+0300][95.150s][info][gc] GC(1526) Pause Young (Allocation Failure) 204M->204M(247M) 0.042ms
[2020-01-29T21:44:02.061+0300][95.248s][info][gc] GC(1527) Pause Full (Allocation Failure) 204M->70M(247M) 98.319ms
[2020-01-29T21:44:02.140+0300][95.328s][info][gc] GC(1528) Pause Young (Allocation Failure) 137M->136M(247M) 61.615ms
[2020-01-29T21:44:02.147+0300][95.334s][info][gc] GC(1529) Pause Young (Allocation Failure) 204M->204M(247M) 0.047ms
[2020-01-29T21:44:02.246+0300][95.433s][info][gc] GC(1530) Pause Full (Allocation Failure) 204M->70M(247M) 98.635ms
[2020-01-29T21:44:02.326+0300][95.513s][info][gc] GC(1531) Pause Young (Allocation Failure) 137M->136M(247M) 61.457ms
[2020-01-29T21:44:02.333+0300][95.520s][info][gc] GC(1532) Pause Young (Allocation Failure) 204M->204M(247M) 0.041ms
[2020-01-29T21:44:02.431+0300][95.618s][info][gc] GC(1533) Pause Full (Allocation Failure) 204M->70M(247M) 98.703ms
[2020-01-29T21:44:02.511+0300][95.698s][info][gc] GC(1534) Pause Young (Allocation Failure) 137M->136M(247M) 61.544ms
[2020-01-29T21:44:02.518+0300][95.706s][info][gc] GC(1535) Pause Young (Allocation Failure) 204M->204M(247M) 0.041ms
[2020-01-29T21:44:02.617+0300][95.804s][info][gc] GC(1536) Pause Full (Allocation Failure) 204M->70M(247M) 98.236ms
[2020-01-29T21:44:02.698+0300][95.884s][info][gc] GC(1537) Pause Young (Allocation Failure) 137M->136M(247M) 62.025ms
[2020-01-29T21:44:02.705+0300][95.892s][info][gc] GC(1538) Pause Young (Allocation Failure) 204M->204M(247M) 0.046ms
[2020-01-29T21:44:02.806+0300][95.993s][info][gc] GC(1539) Pause Full (Allocation Failure) 204M->70M(247M) 100.858ms
[2020-01-29T21:44:02.886+0300][96.073s][info][gc] GC(1540) Pause Young (Allocation Failure) 137M->136M(247M) 61.538ms
[2020-01-29T21:44:02.893+0300][96.080s][info][gc] GC(1541) Pause Young (Allocation Failure) 204M->204M(247M) 0.042ms
[2020-01-29T21:44:02.992+0300][96.179s][info][gc] GC(1542) Pause Full (Allocation Failure) 204M->70M(247M) 99.197ms
[2020-01-29T21:44:03.071+0300][96.258s][info][gc] GC(1543) Pause Young (Allocation Failure) 137M->136M(247M) 61.496ms
[2020-01-29T21:44:03.078+0300][96.266s][info][gc] GC(1544) Pause Young (Allocation Failure) 204M->204M(247M) 0.045ms
[2020-01-29T21:44:03.178+0300][96.365s][info][gc] GC(1545) Pause Full (Allocation Failure) 204M->70M(247M) 99.204ms
[2020-01-29T21:44:03.258+0300][96.445s][info][gc] GC(1546) Pause Young (Allocation Failure) 137M->136M(247M) 61.743ms
[2020-01-29T21:44:03.265+0300][96.452s][info][gc] GC(1547) Pause Young (Allocation Failure) 204M->204M(247M) 0.045ms
[2020-01-29T21:44:03.363+0300][96.551s][info][gc] GC(1548) Pause Full (Allocation Failure) 204M->70M(247M) 98.635ms
[2020-01-29T21:44:03.444+0300][96.631s][info][gc] GC(1549) Pause Young (Allocation Failure) 137M->136M(247M) 61.584ms
[2020-01-29T21:44:03.451+0300][96.638s][info][gc] GC(1550) Pause Young (Allocation Failure) 204M->204M(247M) 0.046ms
[2020-01-29T21:44:03.550+0300][96.737s][info][gc] GC(1551) Pause Full (Allocation Failure) 204M->70M(247M) 99.861ms
[2020-01-29T21:44:03.631+0300][96.818s][info][gc] GC(1552) Pause Young (Allocation Failure) 137M->136M(247M) 61.574ms
[2020-01-29T21:44:03.638+0300][96.825s][info][gc] GC(1553) Pause Young (Allocation Failure) 204M->204M(247M) 0.044ms
[2020-01-29T21:44:03.736+0300][96.924s][info][gc] GC(1554) Pause Full (Allocation Failure) 204M->70M(247M) 98.953ms
[2020-01-29T21:44:03.818+0300][97.005s][info][gc] GC(1555) Pause Young (Allocation Failure) 137M->136M(247M) 62.919ms
[2020-01-29T21:44:03.825+0300][97.012s][info][gc] GC(1556) Pause Young (Allocation Failure) 204M->204M(247M) 0.049ms
[2020-01-29T21:44:03.925+0300][97.112s][info][gc] GC(1557) Pause Full (Allocation Failure) 204M->70M(247M) 99.641ms
[2020-01-29T21:44:04.007+0300][97.193s][info][gc] GC(1558) Pause Young (Allocation Failure) 137M->136M(247M) 62.843ms
[2020-01-29T21:44:04.013+0300][97.200s][info][gc] GC(1559) Pause Young (Allocation Failure) 204M->204M(247M) 0.042ms
[2020-01-29T21:44:04.113+0300][97.300s][info][gc] GC(1560) Pause Full (Allocation Failure) 204M->70M(247M) 100.179ms
[2020-01-29T21:44:04.194+0300][97.381s][info][gc] GC(1561) Pause Young (Allocation Failure) 137M->136M(247M) 62.048ms
[2020-01-29T21:44:04.201+0300][97.388s][info][gc] GC(1562) Pause Young (Allocation Failure) 204M->204M(247M) 0.046ms
[2020-01-29T21:44:04.326+0300][97.513s][info][gc] GC(1563) Pause Full (Allocation Failure) 204M->70M(247M) 125.377ms
[2020-01-29T21:44:04.440+0300][97.627s][info][gc] GC(1564) Pause Young (Allocation Failure) 137M->136M(247M) 62.206ms
[2020-01-29T21:44:04.447+0300][97.635s][info][gc] GC(1565) Pause Young (Allocation Failure) 204M->204M(247M) 0.046ms
[2020-01-29T21:44:04.550+0300][97.737s][info][gc] GC(1566) Pause Full (Allocation Failure) 204M->70M(247M) 101.814ms
[2020-01-29T21:44:04.632+0300][97.819s][info][gc] GC(1567) Pause Young (Allocation Failure) 137M->136M(247M) 62.437ms
[2020-01-29T21:44:04.640+0300][97.826s][info][gc] GC(1568) Pause Young (Allocation Failure) 204M->204M(247M) 0.044ms
[2020-01-29T21:44:04.739+0300][97.927s][info][gc] GC(1569) Pause Full (Allocation Failure) 204M->70M(247M) 100.566ms
[2020-01-29T21:44:04.821+0300][98.008s][info][gc] GC(1570) Pause Young (Allocation Failure) 137M->136M(247M) 61.983ms
[2020-01-29T21:44:04.828+0300][98.015s][info][gc] GC(1571) Pause Young (Allocation Failure) 204M->204M(247M) 0.043ms
[2020-01-29T21:44:04.931+0300][98.118s][info][gc] GC(1572) Pause Full (Allocation Failure) 204M->70M(247M) 102.814ms
[2020-01-29T21:44:05.019+0300][98.205s][info][gc] GC(1573) Pause Young (Allocation Failure) 137M->136M(247M) 61.994ms
[2020-01-29T21:44:05.026+0300][98.213s][info][gc] GC(1574) Pause Young (Allocation Failure) 204M->204M(247M) 0.043ms
[2020-01-29T21:44:05.126+0300][98.313s][info][gc] GC(1575) Pause Full (Allocation Failure) 204M->70M(247M) 100.499ms
[2020-01-29T21:44:05.208+0300][98.395s][info][gc] GC(1576) Pause Young (Allocation Failure) 137M->136M(247M) 62.072ms
[2020-01-29T21:44:05.216+0300][98.403s][info][gc] GC(1577) Pause Young (Allocation Failure) 204M->204M(247M) 0.047ms
[2020-01-29T21:44:05.316+0300][98.503s][info][gc] GC(1578) Pause Full (Allocation Failure) 204M->70M(247M) 99.747ms
[2020-01-29T21:44:05.397+0300][98.583s][info][gc] GC(1579) Pause Young (Allocation Failure) 137M->136M(247M) 61.961ms
[2020-01-29T21:44:05.404+0300][98.591s][info][gc] GC(1580) Pause Young (Allocation Failure) 204M->204M(247M) 0.043ms
[2020-01-29T21:44:05.504+0300][98.691s][info][gc] GC(1581) Pause Full (Allocation Failure) 204M->70M(247M) 100.602ms
[2020-01-29T21:44:05.585+0300][98.773s][info][gc] GC(1582) Pause Young (Allocation Failure) 137M->136M(247M) 61.662ms
[2020-01-29T21:44:05.592+0300][98.779s][info][gc] GC(1583) Pause Young (Allocation Failure) 204M->204M(247M) 0.043ms
[2020-01-29T21:44:05.692+0300][98.879s][info][gc] GC(1584) Pause Full (Allocation Failure) 204M->70M(247M) 99.151ms
[2020-01-29T21:44:05.772+0300][98.959s][info][gc] GC(1585) Pause Young (Allocation Failure) 137M->136M(247M) 61.607ms
[2020-01-29T21:44:05.780+0300][98.966s][info][gc] GC(1586) Pause Young (Allocation Failure) 204M->204M(247M) 0.044ms
[2020-01-29T21:44:05.877+0300][99.065s][info][gc] GC(1587) Pause Full (Allocation Failure) 204M->70M(247M) 98.505ms
[2020-01-29T21:44:05.957+0300][99.144s][info][gc] GC(1588) Pause Young (Allocation Failure) 137M->136M(247M) 61.546ms
[2020-01-29T21:44:05.964+0300][99.151s][info][gc] GC(1589) Pause Young (Allocation Failure) 204M->204M(247M) 0.042ms
[2020-01-29T21:44:06.063+0300][99.250s][info][gc] GC(1590) Pause Full (Allocation Failure) 204M->70M(247M) 98.878ms
[2020-01-29T21:44:06.143+0300][99.330s][info][gc] GC(1591) Pause Young (Allocation Failure) 137M->136M(247M) 61.610ms
[2020-01-29T21:44:06.150+0300][99.337s][info][gc] GC(1592) Pause Young (Allocation Failure) 204M->204M(247M) 0.043ms
[2020-01-29T21:44:06.248+0300][99.436s][info][gc] GC(1593) Pause Full (Allocation Failure) 204M->70M(247M) 98.885ms
[2020-01-29T21:44:06.329+0300][99.516s][info][gc] GC(1594) Pause Young (Allocation Failure) 137M->136M(247M) 61.680ms
[2020-01-29T21:44:06.336+0300][99.523s][info][gc] GC(1595) Pause Young (Allocation Failure) 204M->204M(247M) 0.053ms
[2020-01-29T21:44:06.434+0300][99.621s][info][gc] GC(1596) Pause Full (Allocation Failure) 204M->70M(247M) 98.696ms
[2020-01-29T21:44:06.514+0300][99.701s][info][gc] GC(1597) Pause Young (Allocation Failure) 137M->136M(247M) 61.617ms
[2020-01-29T21:44:06.521+0300][99.708s][info][gc] GC(1598) Pause Young (Allocation Failure) 204M->204M(247M) 0.043ms
[2020-01-29T21:44:06.619+0300][99.807s][info][gc] GC(1599) Pause Full (Allocation Failure) 204M->70M(247M) 98.513ms
[2020-01-29T21:44:06.699+0300][99.887s][info][gc] GC(1600) Pause Young (Allocation Failure) 137M->136M(247M) 61.643ms
[2020-01-29T21:44:06.706+0300][99.893s][info][gc] GC(1601) Pause Young (Allocation Failure) 204M->204M(247M) 0.043ms
[2020-01-29T21:44:06.805+0300][99.992s][info][gc] GC(1602) Pause Full (Allocation Failure) 204M->70M(247M) 98.344ms
[2020-01-29T21:44:06.885+0300][100.072s][info][gc] GC(1603) Pause Young (Allocation Failure) 137M->136M(247M) 61.610ms
[2020-01-29T21:44:06.892+0300][100.079s][info][gc] GC(1604) Pause Young (Allocation Failure) 204M->204M(247M) 0.046ms
[2020-01-29T21:44:06.991+0300][100.179s][info][gc] GC(1605) Pause Full (Allocation Failure) 204M->70M(247M) 99.617ms
[2020-01-29T21:44:07.072+0300][100.259s][info][gc] GC(1606) Pause Young (Allocation Failure) 137M->136M(247M) 62.115ms
[2020-01-29T21:44:07.079+0300][100.266s][info][gc] GC(1607) Pause Young (Allocation Failure) 204M->204M(247M) 0.043ms
[2020-01-29T21:44:07.180+0300][100.367s][info][gc] GC(1608) Pause Full (Allocation Failure) 204M->70M(247M) 101.023ms
[2020-01-29T21:44:07.260+0300][100.447s][info][gc] GC(1609) Pause Young (Allocation Failure) 137M->136M(247M) 61.472ms
[2020-01-29T21:44:07.267+0300][100.454s][info][gc] GC(1610) Pause Young (Allocation Failure) 204M->204M(247M) 0.041ms
[2020-01-29T21:44:07.365+0300][100.552s][info][gc] GC(1611) Pause Full (Allocation Failure) 204M->70M(247M) 98.467ms
[2020-01-29T21:44:07.445+0300][100.632s][info][gc] GC(1612) Pause Young (Allocation Failure) 137M->136M(247M) 61.583ms
[2020-01-29T21:44:07.454+0300][100.641s][info][gc] GC(1613) Pause Young (Allocation Failure) 204M->204M(247M) 0.047ms
[2020-01-29T21:44:07.552+0300][100.739s][info][gc] GC(1614) Pause Full (Allocation Failure) 204M->70M(247M) 98.682ms
[2020-01-29T21:44:07.632+0300][100.819s][info][gc] GC(1615) Pause Young (Allocation Failure) 137M->136M(247M) 61.464ms
[2020-01-29T21:44:07.639+0300][100.826s][info][gc] GC(1616) Pause Young (Allocation Failure) 204M->204M(247M) 0.043ms
[2020-01-29T21:44:07.738+0300][100.925s][info][gc] GC(1617) Pause Full (Allocation Failure) 204M->70M(247M) 98.796ms
[2020-01-29T21:44:07.819+0300][101.006s][info][gc] GC(1618) Pause Young (Allocation Failure) 137M->136M(247M) 62.362ms
[2020-01-29T21:44:07.827+0300][101.013s][info][gc] GC(1619) Pause Young (Allocation Failure) 204M->204M(247M) 0.049ms
[2020-01-29T21:44:07.927+0300][101.115s][info][gc] GC(1620) Pause Full (Allocation Failure) 204M->70M(247M) 101.475ms
[2020-01-29T21:44:08.009+0300][101.197s][info][gc] GC(1621) Pause Young (Allocation Failure) 137M->136M(247M) 62.766ms
[2020-01-29T21:44:08.017+0300][101.205s][info][gc] GC(1622) Pause Young (Allocation Failure) 204M->204M(247M) 0.048ms
[2020-01-29T21:44:08.118+0300][101.305s][info][gc] GC(1623) Pause Full (Allocation Failure) 204M->70M(247M) 100.289ms
[2020-01-29T21:44:08.199+0300][101.386s][info][gc] GC(1624) Pause Young (Allocation Failure) 137M->136M(247M) 62.237ms
[2020-01-29T21:44:08.206+0300][101.393s][info][gc] GC(1625) Pause Young (Allocation Failure) 204M->204M(247M) 0.045ms
[2020-01-29T21:44:08.305+0300][101.493s][info][gc] GC(1626) Pause Full (Allocation Failure) 204M->70M(247M) 99.918ms
[2020-01-29T21:44:08.386+0300][101.572s][info][gc] GC(1627) Pause Young (Allocation Failure) 137M->136M(247M) 61.453ms
[2020-01-29T21:44:08.392+0300][101.579s][info][gc] GC(1628) Pause Young (Allocation Failure) 204M->204M(247M) 0.042ms
[2020-01-29T21:44:08.490+0300][101.677s][info][gc] GC(1629) Pause Full (Allocation Failure) 204M->70M(247M) 98.274ms
[2020-01-29T21:44:08.572+0300][101.759s][info][gc] GC(1630) Pause Young (Allocation Failure) 137M->136M(247M) 62.205ms
[2020-01-29T21:44:08.579+0300][101.766s][info][gc] GC(1631) Pause Young (Allocation Failure) 204M->204M(247M) 0.046ms
[2020-01-29T21:44:08.677+0300][101.865s][info][gc] GC(1632) Pause Full (Allocation Failure) 204M->70M(247M) 98.425ms
[2020-01-29T21:44:08.757+0300][101.945s][info][gc] GC(1633) Pause Young (Allocation Failure) 137M->136M(247M) 61.611ms
[2020-01-29T21:44:08.764+0300][101.951s][info][gc] GC(1634) Pause Young (Allocation Failure) 204M->204M(247M) 0.044ms
[2020-01-29T21:44:08.864+0300][102.051s][info][gc] GC(1635) Pause Full (Allocation Failure) 204M->70M(247M) 99.145ms
[2020-01-29T21:44:08.944+0300][102.131s][info][gc] GC(1636) Pause Young (Allocation Failure) 137M->136M(247M) 61.535ms
[2020-01-29T21:44:08.951+0300][102.138s][info][gc] GC(1637) Pause Young (Allocation Failure) 204M->204M(247M) 0.043ms
[2020-01-29T21:44:09.050+0300][102.237s][info][gc] GC(1638) Pause Full (Allocation Failure) 204M->70M(247M) 99.045ms
[2020-01-29T21:44:09.130+0300][102.317s][info][gc] GC(1639) Pause Young (Allocation Failure) 137M->136M(247M) 62.272ms
[2020-01-29T21:44:09.137+0300][102.325s][info][gc] GC(1640) Pause Young (Allocation Failure) 204M->204M(247M) 0.043ms
[2020-01-29T21:44:09.236+0300][102.423s][info][gc] GC(1641) Pause Full (Allocation Failure) 204M->70M(247M) 98.707ms
[2020-01-29T21:44:09.316+0300][102.503s][info][gc] GC(1642) Pause Young (Allocation Failure) 137M->136M(247M) 61.510ms
[2020-01-29T21:44:09.323+0300][102.510s][info][gc] GC(1643) Pause Young (Allocation Failure) 204M->204M(247M) 0.043ms
[2020-01-29T21:44:09.422+0300][102.609s][info][gc] GC(1644) Pause Full (Allocation Failure) 204M->70M(247M) 98.793ms
[2020-01-29T21:44:09.502+0300][102.689s][info][gc] GC(1645) Pause Young (Allocation Failure) 137M->136M(247M) 61.611ms
[2020-01-29T21:44:09.509+0300][102.696s][info][gc] GC(1646) Pause Young (Allocation Failure) 204M->204M(247M) 0.042ms
[2020-01-29T21:44:09.607+0300][102.794s][info][gc] GC(1647) Pause Full (Allocation Failure) 204M->70M(247M) 98.463ms
[2020-01-29T21:44:09.687+0300][102.875s][info][gc] GC(1648) Pause Young (Allocation Failure) 137M->136M(247M) 61.667ms
[2020-01-29T21:44:09.694+0300][102.882s][info][gc] GC(1649) Pause Young (Allocation Failure) 204M->204M(247M) 0.048ms
[2020-01-29T21:44:09.793+0300][102.980s][info][gc] GC(1650) Pause Full (Allocation Failure) 204M->70M(247M) 98.816ms
[2020-01-29T21:44:09.873+0300][103.060s][info][gc] GC(1651) Pause Young (Allocation Failure) 137M->136M(247M) 61.489ms
[2020-01-29T21:44:09.879+0300][103.067s][info][gc] GC(1652) Pause Young (Allocation Failure) 204M->204M(247M) 0.042ms
[2020-01-29T21:44:09.980+0300][103.167s][info][gc] GC(1653) Pause Full (Allocation Failure) 204M->70M(247M) 100.560ms
[2020-01-29T21:44:10.060+0300][103.248s][info][gc] GC(1654) Pause Young (Allocation Failure) 137M->136M(247M) 61.504ms
[2020-01-29T21:44:10.067+0300][103.254s][info][gc] GC(1655) Pause Young (Allocation Failure) 204M->204M(247M) 0.042ms
[2020-01-29T21:44:10.165+0300][103.353s][info][gc] GC(1656) Pause Full (Allocation Failure) 204M->70M(247M) 98.454ms
[2020-01-29T21:44:10.246+0300][103.433s][info][gc] GC(1657) Pause Young (Allocation Failure) 137M->136M(247M) 61.761ms
[2020-01-29T21:44:10.254+0300][103.441s][info][gc] GC(1658) Pause Young (Allocation Failure) 204M->204M(247M) 0.045ms
[2020-01-29T21:44:10.355+0300][103.543s][info][gc] GC(1659) Pause Full (Allocation Failure) 204M->70M(247M) 102.002ms
[2020-01-29T21:44:10.435+0300][103.623s][info][gc] GC(1660) Pause Young (Allocation Failure) 137M->136M(247M) 61.772ms
[2020-01-29T21:44:10.444+0300][103.631s][info][gc] GC(1661) Pause Young (Allocation Failure) 204M->204M(247M) 0.044ms
[2020-01-29T21:44:10.544+0300][103.731s][info][gc] GC(1662) Pause Full (Allocation Failure) 204M->70M(247M) 99.764ms
[2020-01-29T21:44:10.624+0300][103.811s][info][gc] GC(1663) Pause Young (Allocation Failure) 137M->136M(247M) 61.708ms
[2020-01-29T21:44:10.631+0300][103.818s][info][gc] GC(1664) Pause Young (Allocation Failure) 204M->204M(247M) 0.041ms
[2020-01-29T21:44:10.729+0300][103.917s][info][gc] GC(1665) Pause Full (Allocation Failure) 204M->70M(247M) 98.919ms
[2020-01-29T21:44:10.809+0300][103.997s][info][gc] GC(1666) Pause Young (Allocation Failure) 137M->136M(247M) 61.638ms
[2020-01-29T21:44:10.816+0300][104.004s][info][gc] GC(1667) Pause Young (Allocation Failure) 204M->204M(247M) 0.045ms
[2020-01-29T21:44:10.915+0300][104.102s][info][gc] GC(1668) Pause Full (Allocation Failure) 204M->70M(247M) 98.577ms
[2020-01-29T21:44:10.995+0300][104.182s][info][gc] GC(1669) Pause Young (Allocation Failure) 137M->136M(247M) 61.524ms
[2020-01-29T21:44:11.002+0300][104.189s][info][gc] GC(1670) Pause Young (Allocation Failure) 204M->204M(247M) 0.044ms
[2020-01-29T21:44:11.100+0300][104.288s][info][gc] GC(1671) Pause Full (Allocation Failure) 204M->70M(247M) 99.054ms
[2020-01-29T21:44:11.181+0300][104.368s][info][gc] GC(1672) Pause Young (Allocation Failure) 137M->136M(247M) 62.132ms
[2020-01-29T21:44:11.188+0300][104.375s][info][gc] GC(1673) Pause Young (Allocation Failure) 204M->204M(247M) 0.043ms
[2020-01-29T21:44:11.287+0300][104.474s][info][gc] GC(1674) Pause Full (Allocation Failure) 204M->70M(247M) 99.025ms
[2020-01-29T21:44:11.367+0300][104.554s][info][gc] GC(1675) Pause Young (Allocation Failure) 137M->136M(247M) 61.628ms
[2020-01-29T21:44:11.375+0300][104.561s][info][gc] GC(1676) Pause Young (Allocation Failure) 204M->204M(247M) 0.047ms
[2020-01-29T21:44:11.474+0300][104.661s][info][gc] GC(1677) Pause Full (Allocation Failure) 204M->70M(247M) 99.662ms
[2020-01-29T21:44:11.554+0300][104.741s][info][gc] GC(1678) Pause Young (Allocation Failure) 137M->136M(247M) 61.684ms
[2020-01-29T21:44:11.561+0300][104.748s][info][gc] GC(1679) Pause Young (Allocation Failure) 204M->204M(247M) 0.043ms
[2020-01-29T21:44:11.660+0300][104.847s][info][gc] GC(1680) Pause Full (Allocation Failure) 204M->70M(247M) 98.595ms
[2020-01-29T21:44:11.740+0300][104.927s][info][gc] GC(1681) Pause Young (Allocation Failure) 137M->136M(247M) 61.714ms
[2020-01-29T21:44:11.747+0300][104.934s][info][gc] GC(1682) Pause Young (Allocation Failure) 204M->204M(247M) 0.041ms
[2020-01-29T21:44:11.845+0300][105.032s][info][gc] GC(1683) Pause Full (Allocation Failure) 204M->70M(247M) 98.383ms
[2020-01-29T21:44:11.926+0300][105.113s][info][gc] GC(1684) Pause Young (Allocation Failure) 137M->136M(247M) 61.791ms
[2020-01-29T21:44:11.933+0300][105.120s][info][gc] GC(1685) Pause Young (Allocation Failure) 204M->204M(247M) 0.043ms
[2020-01-29T21:44:12.034+0300][105.221s][info][gc] GC(1686) Pause Full (Allocation Failure) 204M->70M(247M) 100.959ms
[2020-01-29T21:44:12.114+0300][105.302s][info][gc] GC(1687) Pause Young (Allocation Failure) 137M->136M(247M) 61.578ms
[2020-01-29T21:44:12.121+0300][105.308s][info][gc] GC(1688) Pause Young (Allocation Failure) 204M->204M(247M) 0.044ms
[2020-01-29T21:44:12.220+0300][105.407s][info][gc] GC(1689) Pause Full (Allocation Failure) 204M->70M(247M) 98.666ms
[2020-01-29T21:44:12.300+0300][105.487s][info][gc] GC(1690) Pause Young (Allocation Failure) 137M->136M(247M) 61.551ms
[2020-01-29T21:44:12.307+0300][105.494s][info][gc] GC(1691) Pause Young (Allocation Failure) 204M->204M(247M) 0.043ms
[2020-01-29T21:44:12.405+0300][105.593s][info][gc] GC(1692) Pause Full (Allocation Failure) 204M->70M(247M) 98.950ms
[2020-01-29T21:44:12.485+0300][105.673s][info][gc] GC(1693) Pause Young (Allocation Failure) 137M->136M(247M) 61.619ms
[2020-01-29T21:44:12.493+0300][105.680s][info][gc] GC(1694) Pause Young (Allocation Failure) 204M->204M(247M) 0.046ms
[2020-01-29T21:44:12.592+0300][105.779s][info][gc] GC(1695) Pause Full (Allocation Failure) 204M->70M(247M) 98.586ms
[2020-01-29T21:44:12.672+0300][105.859s][info][gc] GC(1696) Pause Young (Allocation Failure) 137M->136M(247M) 61.583ms
[2020-01-29T21:44:12.679+0300][105.866s][info][gc] GC(1697) Pause Young (Allocation Failure) 204M->204M(247M) 0.043ms
[2020-01-29T21:44:12.778+0300][105.966s][info][gc] GC(1698) Pause Full (Allocation Failure) 204M->70M(247M) 99.903ms
[2020-01-29T21:44:12.858+0300][106.045s][info][gc] GC(1699) Pause Young (Allocation Failure) 137M->136M(247M) 61.515ms
[2020-01-29T21:44:12.865+0300][106.052s][info][gc] GC(1700) Pause Young (Allocation Failure) 204M->204M(247M) 0.044ms
[2020-01-29T21:44:12.963+0300][106.151s][info][gc] GC(1701) Pause Full (Allocation Failure) 204M->70M(247M) 98.617ms
[2020-01-29T21:44:13.043+0300][106.230s][info][gc] GC(1702) Pause Young (Allocation Failure) 137M->136M(247M) 61.660ms
[2020-01-29T21:44:13.050+0300][106.237s][info][gc] GC(1703) Pause Young (Allocation Failure) 204M->204M(247M) 0.046ms
[2020-01-29T21:44:13.150+0300][106.336s][info][gc] GC(1704) Pause Full (Allocation Failure) 204M->70M(247M) 98.929ms
[2020-01-29T21:44:13.229+0300][106.416s][info][gc] GC(1705) Pause Young (Allocation Failure) 137M->136M(247M) 62.115ms
[2020-01-29T21:44:13.236+0300][106.423s][info][gc] GC(1706) Pause Young (Allocation Failure) 204M->204M(247M) 0.046ms
[2020-01-29T21:44:13.334+0300][106.522s][info][gc] GC(1707) Pause Full (Allocation Failure) 204M->70M(247M) 98.629ms
[2020-01-29T21:44:13.414+0300][106.601s][info][gc] GC(1708) Pause Young (Allocation Failure) 137M->136M(247M) 61.549ms
[2020-01-29T21:44:13.421+0300][106.608s][info][gc] GC(1709) Pause Young (Allocation Failure) 204M->204M(247M) 0.041ms
[2020-01-29T21:44:13.520+0300][106.707s][info][gc] GC(1710) Pause Full (Allocation Failure) 204M->70M(247M) 98.709ms
[2020-01-29T21:44:13.602+0300][106.789s][info][gc] GC(1711) Pause Young (Allocation Failure) 137M->136M(247M) 62.427ms
[2020-01-29T21:44:13.609+0300][106.796s][info][gc] GC(1712) Pause Young (Allocation Failure) 204M->204M(247M) 0.044ms
[2020-01-29T21:44:13.707+0300][106.895s][info][gc] GC(1713) Pause Full (Allocation Failure) 204M->70M(247M) 98.838ms
[2020-01-29T21:44:13.787+0300][106.974s][info][gc] GC(1714) Pause Young (Allocation Failure) 137M->136M(247M) 61.485ms
[2020-01-29T21:44:13.794+0300][106.981s][info][gc] GC(1715) Pause Young (Allocation Failure) 204M->204M(247M) 0.041ms
[2020-01-29T21:44:13.893+0300][107.080s][info][gc] GC(1716) Pause Full (Allocation Failure) 204M->70M(247M) 98.794ms
[2020-01-29T21:44:13.972+0300][107.160s][info][gc] GC(1717) Pause Young (Allocation Failure) 137M->136M(247M) 61.609ms
[2020-01-29T21:44:13.979+0300][107.167s][info][gc] GC(1718) Pause Young (Allocation Failure) 204M->204M(247M) 0.044ms
[2020-01-29T21:44:14.079+0300][107.266s][info][gc] GC(1719) Pause Full (Allocation Failure) 204M->70M(247M) 99.118ms
[2020-01-29T21:44:14.155+0300][107.342s][info][gc] GC(1720) Pause Young (Allocation Failure) 137M->136M(247M) 61.587ms
[2020-01-29T21:44:14.162+0300][107.349s][info][gc] GC(1721) Pause Young (Allocation Failure) 204M->204M(247M) 0.041ms
[2020-01-29T21:44:14.261+0300][107.448s][info][gc] GC(1722) Pause Full (Allocation Failure) 204M->70M(247M) 98.538ms
[2020-01-29T21:44:14.341+0300][107.528s][info][gc] GC(1723) Pause Young (Allocation Failure) 137M->136M(247M) 61.444ms
[2020-01-29T21:44:14.348+0300][107.534s][info][gc] GC(1724) Pause Young (Allocation Failure) 204M->204M(247M) 0.042ms
[2020-01-29T21:44:14.446+0300][107.633s][info][gc] GC(1725) Pause Full (Allocation Failure) 204M->70M(247M) 98.705ms
[2020-01-29T21:44:14.526+0300][107.713s][info][gc] GC(1726) Pause Young (Allocation Failure) 137M->136M(247M) 61.571ms
[2020-01-29T21:44:14.533+0300][107.720s][info][gc] GC(1727) Pause Young (Allocation Failure) 204M->204M(247M) 0.042ms
[2020-01-29T21:44:14.632+0300][107.819s][info][gc] GC(1728) Pause Full (Allocation Failure) 204M->70M(247M) 98.383ms
[2020-01-29T21:44:14.713+0300][107.899s][info][gc] GC(1729) Pause Young (Allocation Failure) 137M->136M(247M) 62.009ms
[2020-01-29T21:44:14.720+0300][107.906s][info][gc] GC(1730) Pause Young (Allocation Failure) 204M->204M(247M) 0.049ms
[2020-01-29T21:44:14.818+0300][108.005s][info][gc] GC(1731) Pause Full (Allocation Failure) 204M->70M(247M) 98.661ms
[2020-01-29T21:44:14.898+0300][108.085s][info][gc] GC(1732) Pause Young (Allocation Failure) 137M->136M(247M) 61.443ms
[2020-01-29T21:44:14.905+0300][108.092s][info][gc] GC(1733) Pause Young (Allocation Failure) 204M->204M(247M) 0.042ms
[2020-01-29T21:44:15.004+0300][108.191s][info][gc] GC(1734) Pause Full (Allocation Failure) 204M->70M(247M) 98.797ms
[2020-01-29T21:44:15.084+0300][108.271s][info][gc] GC(1735) Pause Young (Allocation Failure) 137M->136M(247M) 61.495ms
[2020-01-29T21:44:15.091+0300][108.278s][info][gc] GC(1736) Pause Young (Allocation Failure) 204M->204M(247M) 0.041ms
[2020-01-29T21:44:15.189+0300][108.376s][info][gc] GC(1737) Pause Full (Allocation Failure) 204M->70M(247M) 98.283ms
[2020-01-29T21:44:15.268+0300][108.456s][info][gc] GC(1738) Pause Young (Allocation Failure) 137M->136M(247M) 61.597ms
[2020-01-29T21:44:15.275+0300][108.462s][info][gc] GC(1739) Pause Young (Allocation Failure) 204M->204M(247M) 0.041ms
[2020-01-29T21:44:15.374+0300][108.561s][info][gc] GC(1740) Pause Full (Allocation Failure) 204M->70M(247M) 98.602ms
[2020-01-29T21:44:15.454+0300][108.640s][info][gc] GC(1741) Pause Young (Allocation Failure) 137M->136M(247M) 61.518ms
[2020-01-29T21:44:15.461+0300][108.647s][info][gc] GC(1742) Pause Young (Allocation Failure) 204M->204M(247M) 0.040ms
[2020-01-29T21:44:15.559+0300][108.746s][info][gc] GC(1743) Pause Full (Allocation Failure) 204M->70M(247M) 98.722ms
[2020-01-29T21:44:15.639+0300][108.826s][info][gc] GC(1744) Pause Young (Allocation Failure) 137M->136M(247M) 61.512ms
[2020-01-29T21:44:15.646+0300][108.833s][info][gc] GC(1745) Pause Young (Allocation Failure) 204M->204M(247M) 0.042ms
[2020-01-29T21:44:15.746+0300][108.933s][info][gc] GC(1746) Pause Full (Allocation Failure) 204M->70M(247M) 99.537ms
[2020-01-29T21:44:15.827+0300][109.014s][info][gc] GC(1747) Pause Young (Allocation Failure) 137M->136M(247M) 62.139ms
[2020-01-29T21:44:15.834+0300][109.021s][info][gc] GC(1748) Pause Young (Allocation Failure) 204M->204M(247M) 0.042ms
[2020-01-29T21:44:15.932+0300][109.119s][info][gc] GC(1749) Pause Full (Allocation Failure) 204M->70M(247M) 98.499ms
[2020-01-29T21:44:16.012+0300][109.199s][info][gc] GC(1750) Pause Young (Allocation Failure) 137M->136M(247M) 61.557ms
[2020-01-29T21:44:16.019+0300][109.206s][info][gc] GC(1751) Pause Young (Allocation Failure) 204M->204M(247M) 0.044ms
[2020-01-29T21:44:16.118+0300][109.305s][info][gc] GC(1752) Pause Full (Allocation Failure) 204M->70M(247M) 98.817ms
[2020-01-29T21:44:16.198+0300][109.385s][info][gc] GC(1753) Pause Young (Allocation Failure) 137M->136M(247M) 61.518ms
[2020-01-29T21:44:16.205+0300][109.392s][info][gc] GC(1754) Pause Young (Allocation Failure) 204M->204M(247M) 0.041ms
[2020-01-29T21:44:16.303+0300][109.490s][info][gc] GC(1755) Pause Full (Allocation Failure) 204M->70M(247M) 98.298ms
[2020-01-29T21:44:16.383+0300][109.570s][info][gc] GC(1756) Pause Young (Allocation Failure) 137M->136M(247M) 61.620ms
[2020-01-29T21:44:16.390+0300][109.577s][info][gc] GC(1757) Pause Young (Allocation Failure) 204M->204M(247M) 0.046ms
[2020-01-29T21:44:16.490+0300][109.677s][info][gc] GC(1758) Pause Full (Allocation Failure) 204M->70M(247M) 99.833ms
[2020-01-29T21:44:16.570+0300][109.757s][info][gc] GC(1759) Pause Young (Allocation Failure) 137M->136M(247M) 61.498ms
[2020-01-29T21:44:16.577+0300][109.764s][info][gc] GC(1760) Pause Young (Allocation Failure) 204M->204M(247M) 0.043ms
[2020-01-29T21:44:16.675+0300][109.862s][info][gc] GC(1761) Pause Full (Allocation Failure) 204M->70M(247M) 98.528ms
[2020-01-29T21:44:16.755+0300][109.943s][info][gc] GC(1762) Pause Young (Allocation Failure) 137M->136M(247M) 61.608ms
[2020-01-29T21:44:16.762+0300][109.949s][info][gc] GC(1763) Pause Young (Allocation Failure) 204M->204M(247M) 0.042ms
[2020-01-29T21:44:16.861+0300][110.048s][info][gc] GC(1764) Pause Full (Allocation Failure) 204M->70M(247M) 98.241ms
[2020-01-29T21:44:16.940+0300][110.127s][info][gc] GC(1765) Pause Young (Allocation Failure) 137M->136M(247M) 61.652ms
[2020-01-29T21:44:16.947+0300][110.134s][info][gc] GC(1766) Pause Young (Allocation Failure) 204M->204M(247M) 0.048ms
[2020-01-29T21:44:17.046+0300][110.233s][info][gc] GC(1767) Pause Full (Allocation Failure) 204M->70M(247M) 98.899ms
[2020-01-29T21:44:17.126+0300][110.312s][info][gc] GC(1768) Pause Young (Allocation Failure) 137M->136M(247M) 61.479ms
[2020-01-29T21:44:17.132+0300][110.319s][info][gc] GC(1769) Pause Young (Allocation Failure) 204M->204M(247M) 0.041ms
[2020-01-29T21:44:17.231+0300][110.418s][info][gc] GC(1770) Pause Full (Allocation Failure) 204M->70M(247M) 99.133ms
[2020-01-29T21:44:17.311+0300][110.498s][info][gc] GC(1771) Pause Young (Allocation Failure) 137M->136M(247M) 61.516ms
[2020-01-29T21:44:17.318+0300][110.505s][info][gc] GC(1772) Pause Young (Allocation Failure) 204M->204M(247M) 0.042ms
[2020-01-29T21:44:17.415+0300][110.603s][info][gc] GC(1773) Pause Full (Allocation Failure) 204M->70M(247M) 98.203ms
[2020-01-29T21:44:17.496+0300][110.683s][info][gc] GC(1774) Pause Young (Allocation Failure) 137M->136M(247M) 62.354ms
[2020-01-29T21:44:17.503+0300][110.690s][info][gc] GC(1775) Pause Young (Allocation Failure) 204M->204M(247M) 0.046ms
[2020-01-29T21:44:17.602+0300][110.789s][info][gc] GC(1776) Pause Full (Allocation Failure) 204M->70M(247M) 98.753ms
[2020-01-29T21:44:17.682+0300][110.869s][info][gc] GC(1777) Pause Young (Allocation Failure) 137M->136M(247M) 61.537ms
[2020-01-29T21:44:17.689+0300][110.876s][info][gc] GC(1778) Pause Young (Allocation Failure) 204M->204M(247M) 0.044ms
[2020-01-29T21:44:17.789+0300][110.976s][info][gc] GC(1779) Pause Full (Allocation Failure) 204M->70M(247M) 100.194ms
[2020-01-29T21:44:17.868+0300][111.056s][info][gc] GC(1780) Pause Young (Allocation Failure) 137M->136M(247M) 61.536ms
[2020-01-29T21:44:17.875+0300][111.062s][info][gc] GC(1781) Pause Young (Allocation Failure) 204M->204M(247M) 0.042ms
[2020-01-29T21:44:17.974+0300][111.161s][info][gc] GC(1782) Pause Full (Allocation Failure) 204M->70M(247M) 98.445ms
[2020-01-29T21:44:18.054+0300][111.241s][info][gc] GC(1783) Pause Young (Allocation Failure) 137M->136M(247M) 61.629ms
[2020-01-29T21:44:18.061+0300][111.248s][info][gc] GC(1784) Pause Young (Allocation Failure) 204M->204M(247M) 0.045ms
[2020-01-29T21:44:18.159+0300][111.347s][info][gc] GC(1785) Pause Full (Allocation Failure) 204M->70M(247M) 98.552ms
[2020-01-29T21:44:18.239+0300][111.427s][info][gc] GC(1786) Pause Young (Allocation Failure) 137M->136M(247M) 61.512ms
[2020-01-29T21:44:18.246+0300][111.433s][info][gc] GC(1787) Pause Young (Allocation Failure) 204M->204M(247M) 0.043ms
[2020-01-29T21:44:18.346+0300][111.533s][info][gc] GC(1788) Pause Full (Allocation Failure) 204M->70M(247M) 99.420ms
[2020-01-29T21:44:18.426+0300][111.613s][info][gc] GC(1789) Pause Young (Allocation Failure) 137M->136M(247M) 61.491ms
[2020-01-29T21:44:18.433+0300][111.620s][info][gc] GC(1790) Pause Young (Allocation Failure) 204M->204M(247M) 0.041ms
[2020-01-29T21:44:18.531+0300][111.718s][info][gc] GC(1791) Pause Full (Allocation Failure) 204M->70M(247M) 98.466ms
[2020-01-29T21:44:18.612+0300][111.799s][info][gc] GC(1792) Pause Young (Allocation Failure) 137M->136M(247M) 61.623ms
[2020-01-29T21:44:18.620+0300][111.807s][info][gc] GC(1793) Pause Young (Allocation Failure) 204M->204M(247M) 0.051ms
[2020-01-29T21:44:18.718+0300][111.905s][info][gc] GC(1794) Pause Full (Allocation Failure) 204M->70M(247M) 98.688ms
[2020-01-29T21:44:18.798+0300][111.986s][info][gc] GC(1795) Pause Young (Allocation Failure) 137M->136M(247M) 61.561ms
[2020-01-29T21:44:18.805+0300][111.992s][info][gc] GC(1796) Pause Young (Allocation Failure) 204M->204M(247M) 0.042ms
[2020-01-29T21:44:18.904+0300][112.091s][info][gc] GC(1797) Pause Full (Allocation Failure) 204M->70M(247M) 99.104ms
[2020-01-29T21:44:18.984+0300][112.171s][info][gc] GC(1798) Pause Young (Allocation Failure) 137M->136M(247M) 61.500ms
[2020-01-29T21:44:18.991+0300][112.178s][info][gc] GC(1799) Pause Young (Allocation Failure) 204M->204M(247M) 0.042ms
[2020-01-29T21:44:19.089+0300][112.276s][info][gc] GC(1800) Pause Full (Allocation Failure) 204M->70M(247M) 98.416ms
[2020-01-29T21:44:19.169+0300][112.356s][info][gc] GC(1801) Pause Young (Allocation Failure) 137M->136M(247M) 61.623ms
[2020-01-29T21:44:19.176+0300][112.363s][info][gc] GC(1802) Pause Young (Allocation Failure) 204M->204M(247M) 0.042ms
[2020-01-29T21:44:19.275+0300][112.462s][info][gc] GC(1803) Pause Full (Allocation Failure) 204M->70M(247M) 99.401ms
[2020-01-29T21:44:19.355+0300][112.543s][info][gc] GC(1804) Pause Young (Allocation Failure) 137M->136M(247M) 61.459ms
[2020-01-29T21:44:19.362+0300][112.549s][info][gc] GC(1805) Pause Young (Allocation Failure) 204M->204M(247M) 0.041ms
[2020-01-29T21:44:19.461+0300][112.648s][info][gc] GC(1806) Pause Full (Allocation Failure) 204M->70M(247M) 98.668ms
[2020-01-29T21:44:19.541+0300][112.728s][info][gc] GC(1807) Pause Young (Allocation Failure) 137M->136M(247M) 61.520ms
[2020-01-29T21:44:19.548+0300][112.735s][info][gc] GC(1808) Pause Young (Allocation Failure) 204M->204M(247M) 0.042ms
[2020-01-29T21:44:19.646+0300][112.833s][info][gc] GC(1809) Pause Full (Allocation Failure) 204M->70M(247M) 98.298ms
[2020-01-29T21:44:19.726+0300][112.914s][info][gc] GC(1810) Pause Young (Allocation Failure) 137M->136M(247M) 61.692ms
[2020-01-29T21:44:19.733+0300][112.921s][info][gc] GC(1811) Pause Young (Allocation Failure) 204M->204M(247M) 0.044ms
[2020-01-29T21:44:19.832+0300][113.019s][info][gc] GC(1812) Pause Full (Allocation Failure) 204M->70M(247M) 98.877ms
[2020-01-29T21:44:19.912+0300][113.099s][info][gc] GC(1813) Pause Young (Allocation Failure) 137M->136M(247M) 61.492ms
[2020-01-29T21:44:19.919+0300][113.106s][info][gc] GC(1814) Pause Young (Allocation Failure) 204M->204M(247M) 0.041ms
[2020-01-29T21:44:20.018+0300][113.205s][info][gc] GC(1815) Pause Full (Allocation Failure) 204M->70M(247M) 98.889ms
[2020-01-29T21:44:20.098+0300][113.285s][info][gc] GC(1816) Pause Young (Allocation Failure) 137M->136M(247M) 61.483ms
[2020-01-29T21:44:20.105+0300][113.292s][info][gc] GC(1817) Pause Young (Allocation Failure) 204M->204M(247M) 0.043ms
[2020-01-29T21:44:20.203+0300][113.390s][info][gc] GC(1818) Pause Full (Allocation Failure) 204M->70M(247M) 98.445ms
[2020-01-29T21:44:20.283+0300][113.471s][info][gc] GC(1819) Pause Young (Allocation Failure) 137M->136M(247M) 61.589ms
[2020-01-29T21:44:20.291+0300][113.478s][info][gc] GC(1820) Pause Young (Allocation Failure) 204M->204M(247M) 0.044ms
[2020-01-29T21:44:20.390+0300][113.577s][info][gc] GC(1821) Pause Full (Allocation Failure) 204M->70M(247M) 99.033ms
[2020-01-29T21:44:20.470+0300][113.657s][info][gc] GC(1822) Pause Young (Allocation Failure) 137M->136M(247M) 61.523ms
[2020-01-29T21:44:20.477+0300][113.664s][info][gc] GC(1823) Pause Young (Allocation Failure) 204M->204M(247M) 0.044ms
[2020-01-29T21:44:20.575+0300][113.763s][info][gc] GC(1824) Pause Full (Allocation Failure) 204M->70M(247M) 98.676ms
[2020-01-29T21:44:20.656+0300][113.843s][info][gc] GC(1825) Pause Young (Allocation Failure) 137M->136M(247M) 61.582ms
[2020-01-29T21:44:20.662+0300][113.849s][info][gc] GC(1826) Pause Young (Allocation Failure) 204M->204M(247M) 0.041ms
[2020-01-29T21:44:20.761+0300][113.948s][info][gc] GC(1827) Pause Full (Allocation Failure) 204M->70M(247M) 98.457ms
[2020-01-29T21:44:20.842+0300][114.029s][info][gc] GC(1828) Pause Young (Allocation Failure) 137M->136M(247M) 62.392ms
[2020-01-29T21:44:20.849+0300][114.036s][info][gc] GC(1829) Pause Young (Allocation Failure) 204M->204M(247M) 0.045ms
[2020-01-29T21:44:20.947+0300][114.135s][info][gc] GC(1830) Pause Full (Allocation Failure) 204M->70M(247M) 98.570ms
[2020-01-29T21:44:21.027+0300][114.215s][info][gc] GC(1831) Pause Young (Allocation Failure) 137M->136M(247M) 61.486ms
[2020-01-29T21:44:21.034+0300][114.221s][info][gc] GC(1832) Pause Young (Allocation Failure) 204M->204M(247M) 0.045ms
[2020-01-29T21:44:21.133+0300][114.320s][info][gc] GC(1833) Pause Full (Allocation Failure) 204M->70M(247M) 98.886ms
[2020-01-29T21:44:21.213+0300][114.400s][info][gc] GC(1834) Pause Young (Allocation Failure) 137M->136M(247M) 61.504ms
[2020-01-29T21:44:21.220+0300][114.407s][info][gc] GC(1835) Pause Young (Allocation Failure) 204M->204M(247M) 0.046ms
[2020-01-29T21:44:21.318+0300][114.505s][info][gc] GC(1836) Pause Full (Allocation Failure) 204M->70M(247M) 98.250ms
[2020-01-29T21:44:21.398+0300][114.585s][info][gc] GC(1837) Pause Young (Allocation Failure) 137M->136M(247M) 62.021ms
[2020-01-29T21:44:21.405+0300][114.592s][info][gc] GC(1838) Pause Young (Allocation Failure) 204M->204M(247M) 0.047ms
[2020-01-29T21:44:21.504+0300][114.691s][info][gc] GC(1839) Pause Full (Allocation Failure) 204M->70M(247M) 98.737ms
[2020-01-29T21:44:21.585+0300][114.772s][info][gc] GC(1840) Pause Young (Allocation Failure) 137M->136M(247M) 62.082ms
[2020-01-29T21:44:21.592+0300][114.778s][info][gc] GC(1841) Pause Young (Allocation Failure) 204M->204M(247M) 0.042ms
[2020-01-29T21:44:21.690+0300][114.877s][info][gc] GC(1842) Pause Full (Allocation Failure) 204M->70M(247M) 98.628ms
[2020-01-29T21:44:21.770+0300][114.957s][info][gc] GC(1843) Pause Young (Allocation Failure) 137M->136M(247M) 61.526ms
[2020-01-29T21:44:21.777+0300][114.964s][info][gc] GC(1844) Pause Young (Allocation Failure) 204M->204M(247M) 0.041ms
[2020-01-29T21:44:21.875+0300][115.062s][info][gc] GC(1845) Pause Full (Allocation Failure) 204M->70M(247M) 98.242ms
[2020-01-29T21:44:21.954+0300][115.142s][info][gc] GC(1846) Pause Young (Allocation Failure) 137M->136M(247M) 61.588ms
[2020-01-29T21:44:21.961+0300][115.149s][info][gc] GC(1847) Pause Young (Allocation Failure) 204M->204M(247M) 0.043ms
[2020-01-29T21:44:22.060+0300][115.247s][info][gc] GC(1848) Pause Full (Allocation Failure) 204M->70M(247M) 98.516ms
[2020-01-29T21:44:22.140+0300][115.328s][info][gc] GC(1849) Pause Young (Allocation Failure) 137M->136M(247M) 62.059ms
[2020-01-29T21:44:22.147+0300][115.334s][info][gc] GC(1850) Pause Young (Allocation Failure) 204M->204M(247M) 0.043ms
[2020-01-29T21:44:22.247+0300][115.433s][info][gc] GC(1851) Pause Full (Allocation Failure) 204M->70M(247M) 98.954ms
[2020-01-29T21:44:22.326+0300][115.514s][info][gc] GC(1852) Pause Young (Allocation Failure) 137M->136M(247M) 61.486ms
[2020-01-29T21:44:22.333+0300][115.520s][info][gc] GC(1853) Pause Young (Allocation Failure) 204M->204M(247M) 0.041ms
[2020-01-29T21:44:22.432+0300][115.619s][info][gc] GC(1854) Pause Full (Allocation Failure) 204M->70M(247M) 98.253ms
[2020-01-29T21:44:22.511+0300][115.698s][info][gc] GC(1855) Pause Young (Allocation Failure) 137M->136M(247M) 61.682ms
[2020-01-29T21:44:22.519+0300][115.705s][info][gc] GC(1856) Pause Young (Allocation Failure) 204M->204M(247M) 0.050ms
[2020-01-29T21:44:22.618+0300][115.804s][info][gc] GC(1857) Pause Full (Allocation Failure) 204M->70M(247M) 98.712ms
[2020-01-29T21:44:22.697+0300][115.885s][info][gc] GC(1858) Pause Young (Allocation Failure) 137M->136M(247M) 61.483ms
[2020-01-29T21:44:22.704+0300][115.891s][info][gc] GC(1859) Pause Young (Allocation Failure) 204M->204M(247M) 0.042ms
[2020-01-29T21:44:22.803+0300][115.991s][info][gc] GC(1860) Pause Full (Allocation Failure) 204M->70M(247M) 99.141ms
[2020-01-29T21:44:22.883+0300][116.070s][info][gc] GC(1861) Pause Young (Allocation Failure) 137M->136M(247M) 61.528ms
[2020-01-29T21:44:22.890+0300][116.077s][info][gc] GC(1862) Pause Young (Allocation Failure) 204M->204M(247M) 0.041ms
[2020-01-29T21:44:22.989+0300][116.175s][info][gc] GC(1863) Pause Full (Allocation Failure) 204M->70M(247M) 98.378ms
[2020-01-29T21:44:23.068+0300][116.256s][info][gc] GC(1864) Pause Young (Allocation Failure) 137M->136M(247M) 61.647ms
[2020-01-29T21:44:23.075+0300][116.263s][info][gc] GC(1865) Pause Young (Allocation Failure) 204M->204M(247M) 0.043ms
[2020-01-29T21:44:23.174+0300][116.362s][info][gc] GC(1866) Pause Full (Allocation Failure) 204M->70M(247M) 98.696ms
[2020-01-29T21:44:23.255+0300][116.442s][info][gc] GC(1867) Pause Young (Allocation Failure) 137M->136M(247M) 62.031ms
[2020-01-29T21:44:23.261+0300][116.448s][info][gc] GC(1868) Pause Young (Allocation Failure) 204M->204M(247M) 0.044ms
[2020-01-29T21:44:23.360+0300][116.547s][info][gc] GC(1869) Pause Full (Allocation Failure) 204M->70M(247M) 98.662ms
[2020-01-29T21:44:23.440+0300][116.627s][info][gc] GC(1870) Pause Young (Allocation Failure) 137M->136M(247M) 61.469ms
[2020-01-29T21:44:23.447+0300][116.634s][info][gc] GC(1871) Pause Young (Allocation Failure) 204M->204M(247M) 0.043ms
[2020-01-29T21:44:23.546+0300][116.733s][info][gc] GC(1872) Pause Full (Allocation Failure) 204M->70M(247M) 98.363ms
[2020-01-29T21:44:23.625+0300][116.813s][info][gc] GC(1873) Pause Young (Allocation Failure) 137M->136M(247M) 61.663ms
[2020-01-29T21:44:23.632+0300][116.820s][info][gc] GC(1874) Pause Young (Allocation Failure) 204M->204M(247M) 0.044ms
[2020-01-29T21:44:23.731+0300][116.918s][info][gc] GC(1875) Pause Full (Allocation Failure) 204M->70M(247M) 98.569ms
[2020-01-29T21:44:23.811+0300][116.998s][info][gc] GC(1876) Pause Young (Allocation Failure) 137M->136M(247M) 61.507ms
[2020-01-29T21:44:23.818+0300][117.005s][info][gc] GC(1877) Pause Young (Allocation Failure) 204M->204M(247M) 0.042ms
[2020-01-29T21:44:23.917+0300][117.104s][info][gc] GC(1878) Pause Full (Allocation Failure) 204M->70M(247M) 99.221ms
[2020-01-29T21:44:23.997+0300][117.184s][info][gc] GC(1879) Pause Young (Allocation Failure) 137M->136M(247M) 61.509ms
[2020-01-29T21:44:24.003+0300][117.191s][info][gc] GC(1880) Pause Young (Allocation Failure) 204M->204M(247M) 0.042ms
[2020-01-29T21:44:24.103+0300][117.289s][info][gc] GC(1881) Pause Full (Allocation Failure) 204M->70M(247M) 98.425ms
[2020-01-29T21:44:24.182+0300][117.369s][info][gc] GC(1882) Pause Young (Allocation Failure) 137M->136M(247M) 61.639ms
[2020-01-29T21:44:24.189+0300][117.376s][info][gc] GC(1883) Pause Young (Allocation Failure) 204M->204M(247M) 0.044ms
[2020-01-29T21:44:24.288+0300][117.475s][info][gc] GC(1884) Pause Full (Allocation Failure) 204M->70M(247M) 99.003ms
[2020-01-29T21:44:24.367+0300][117.555s][info][gc] GC(1885) Pause Young (Allocation Failure) 137M->136M(247M) 61.531ms
[2020-01-29T21:44:24.374+0300][117.562s][info][gc] GC(1886) Pause Young (Allocation Failure) 204M->204M(247M) 0.041ms
[2020-01-29T21:44:24.473+0300][117.661s][info][gc] GC(1887) Pause Full (Allocation Failure) 204M->70M(247M) 98.945ms
[2020-01-29T21:44:24.554+0300][117.741s][info][gc] GC(1888) Pause Young (Allocation Failure) 137M->136M(247M) 61.568ms
[2020-01-29T21:44:24.561+0300][117.748s][info][gc] GC(1889) Pause Young (Allocation Failure) 204M->204M(247M) 0.043ms
[2020-01-29T21:44:24.660+0300][117.847s][info][gc] GC(1890) Pause Full (Allocation Failure) 204M->70M(247M) 98.328ms
[2020-01-29T21:44:24.739+0300][117.927s][info][gc] GC(1891) Pause Young (Allocation Failure) 137M->136M(247M) 61.757ms
[2020-01-29T21:44:24.747+0300][117.934s][info][gc] GC(1892) Pause Young (Allocation Failure) 204M->204M(247M) 0.048ms
[2020-01-29T21:44:24.846+0300][118.033s][info][gc] GC(1893) Pause Full (Allocation Failure) 204M->70M(247M) 98.618ms
[2020-01-29T21:44:24.925+0300][118.112s][info][gc] GC(1894) Pause Young (Allocation Failure) 137M->136M(247M) 61.546ms
[2020-01-29T21:44:24.932+0300][118.119s][info][gc] GC(1895) Pause Young (Allocation Failure) 204M->204M(247M) 0.044ms
[2020-01-29T21:44:25.031+0300][118.218s][info][gc] GC(1896) Pause Full (Allocation Failure) 204M->70M(247M) 98.904ms
[2020-01-29T21:44:25.111+0300][118.298s][info][gc] GC(1897) Pause Young (Allocation Failure) 137M->136M(247M) 61.519ms
[2020-01-29T21:44:25.117+0300][118.304s][info][gc] GC(1898) Pause Young (Allocation Failure) 204M->204M(247M) 0.041ms
[2020-01-29T21:44:25.216+0300][118.403s][info][gc] GC(1899) Pause Full (Allocation Failure) 204M->70M(247M) 98.568ms
[2020-01-29T21:44:25.296+0300][118.484s][info][gc] GC(1900) Pause Young (Allocation Failure) 137M->136M(247M) 62.362ms
[2020-01-29T21:44:25.303+0300][118.491s][info][gc] GC(1901) Pause Young (Allocation Failure) 204M->204M(247M) 0.043ms
[2020-01-29T21:44:25.403+0300][118.590s][info][gc] GC(1902) Pause Full (Allocation Failure) 204M->70M(247M) 99.180ms
[2020-01-29T21:44:25.483+0300][118.670s][info][gc] GC(1903) Pause Young (Allocation Failure) 137M->136M(247M) 61.561ms
[2020-01-29T21:44:25.491+0300][118.678s][info][gc] GC(1904) Pause Young (Allocation Failure) 204M->204M(247M) 0.042ms
[2020-01-29T21:44:25.590+0300][118.777s][info][gc] GC(1905) Pause Full (Allocation Failure) 204M->70M(247M) 99.660ms
[2020-01-29T21:44:25.670+0300][118.857s][info][gc] GC(1906) Pause Young (Allocation Failure) 137M->136M(247M) 61.645ms
[2020-01-29T21:44:25.677+0300][118.864s][info][gc] GC(1907) Pause Young (Allocation Failure) 204M->204M(247M) 0.045ms
[2020-01-29T21:44:25.777+0300][118.964s][info][gc] GC(1908) Pause Full (Allocation Failure) 204M->70M(247M) 99.347ms
[2020-01-29T21:44:25.856+0300][119.044s][info][gc] GC(1909) Pause Young (Allocation Failure) 137M->136M(247M) 61.586ms
[2020-01-29T21:44:25.864+0300][119.051s][info][gc] GC(1910) Pause Young (Allocation Failure) 204M->204M(247M) 0.043ms
[2020-01-29T21:44:25.963+0300][119.149s][info][gc] GC(1911) Pause Full (Allocation Failure) 204M->70M(247M) 98.899ms
[2020-01-29T21:44:26.042+0300][119.230s][info][gc] GC(1912) Pause Young (Allocation Failure) 137M->136M(247M) 61.742ms
[2020-01-29T21:44:26.049+0300][119.237s][info][gc] GC(1913) Pause Young (Allocation Failure) 204M->204M(247M) 0.044ms
[2020-01-29T21:44:26.149+0300][119.336s][info][gc] GC(1914) Pause Full (Allocation Failure) 204M->70M(247M) 99.155ms
[2020-01-29T21:44:26.229+0300][119.416s][info][gc] GC(1915) Pause Young (Allocation Failure) 137M->136M(247M) 61.575ms
[2020-01-29T21:44:26.236+0300][119.423s][info][gc] GC(1916) Pause Young (Allocation Failure) 204M->204M(247M) 0.043ms
[2020-01-29T21:44:26.335+0300][119.522s][info][gc] GC(1917) Pause Full (Allocation Failure) 204M->70M(247M) 98.417ms
[2020-01-29T21:44:26.414+0300][119.602s][info][gc] GC(1918) Pause Young (Allocation Failure) 137M->136M(247M) 61.606ms
[2020-01-29T21:44:26.422+0300][119.609s][info][gc] GC(1919) Pause Young (Allocation Failure) 204M->204M(247M) 0.047ms
[2020-01-29T21:44:26.521+0300][119.708s][info][gc] GC(1920) Pause Full (Allocation Failure) 204M->70M(247M) 98.882ms
[2020-01-29T21:44:26.601+0300][119.788s][info][gc] GC(1921) Pause Young (Allocation Failure) 137M->136M(247M) 61.511ms
[2020-01-29T21:44:26.608+0300][119.795s][info][gc] GC(1922) Pause Young (Allocation Failure) 204M->204M(247M) 0.041ms
[2020-01-29T21:44:26.707+0300][119.894s][info][gc] GC(1923) Pause Full (Allocation Failure) 204M->70M(247M) 98.751ms
[2020-01-29T21:44:26.787+0300][119.974s][info][gc] GC(1924) Pause Young (Allocation Failure) 137M->136M(247M) 61.502ms
[2020-01-29T21:44:26.793+0300][119.981s][info][gc] GC(1925) Pause Young (Allocation Failure) 204M->204M(247M) 0.045ms
[2020-01-29T21:44:26.892+0300][120.079s][info][gc] GC(1926) Pause Full (Allocation Failure) 204M->70M(247M) 98.568ms
[2020-01-29T21:44:26.971+0300][120.159s][info][gc] GC(1927) Pause Young (Allocation Failure) 137M->136M(247M) 61.588ms
[2020-01-29T21:44:26.978+0300][120.166s][info][gc] GC(1928) Pause Young (Allocation Failure) 204M->204M(247M) 0.043ms
[2020-01-29T21:44:27.078+0300][120.265s][info][gc] GC(1929) Pause Full (Allocation Failure) 204M->70M(247M) 99.094ms
[2020-01-29T21:44:27.158+0300][120.345s][info][gc] GC(1930) Pause Young (Allocation Failure) 137M->136M(247M) 61.483ms
[2020-01-29T21:44:27.165+0300][120.352s][info][gc] GC(1931) Pause Young (Allocation Failure) 204M->204M(247M) 0.044ms
[2020-01-29T21:44:27.264+0300][120.451s][info][gc] GC(1932) Pause Full (Allocation Failure) 204M->70M(247M) 98.781ms
[2020-01-29T21:44:27.343+0300][120.531s][info][gc] GC(1933) Pause Young (Allocation Failure) 137M->136M(247M) 61.669ms
[2020-01-29T21:44:27.350+0300][120.538s][info][gc] GC(1934) Pause Young (Allocation Failure) 204M->204M(247M) 0.043ms
[2020-01-29T21:44:27.450+0300][120.637s][info][gc] GC(1935) Pause Full (Allocation Failure) 204M->70M(247M) 99.375ms
[2020-01-29T21:44:27.530+0300][120.717s][info][gc] GC(1936) Pause Young (Allocation Failure) 137M->136M(247M) 61.633ms
[2020-01-29T21:44:27.537+0300][120.724s][info][gc] GC(1937) Pause Young (Allocation Failure) 204M->204M(247M) 0.044ms
[2020-01-29T21:44:27.636+0300][120.823s][info][gc] GC(1938) Pause Full (Allocation Failure) 204M->70M(247M) 98.453ms
[2020-01-29T21:44:27.715+0300][120.903s][info][gc] GC(1939) Pause Young (Allocation Failure) 137M->136M(247M) 61.724ms
[2020-01-29T21:44:27.722+0300][120.910s][info][gc] GC(1940) Pause Young (Allocation Failure) 204M->204M(247M) 0.042ms
[2020-01-29T21:44:27.821+0300][121.009s][info][gc] GC(1941) Pause Full (Allocation Failure) 204M->70M(247M) 98.765ms
[2020-01-29T21:44:27.901+0300][121.088s][info][gc] GC(1942) Pause Young (Allocation Failure) 137M->136M(247M) 61.457ms
[2020-01-29T21:44:27.908+0300][121.095s][info][gc] GC(1943) Pause Young (Allocation Failure) 204M->204M(247M) 0.041ms
[2020-01-29T21:44:28.007+0300][121.194s][info][gc] GC(1944) Pause Full (Allocation Failure) 204M->70M(247M) 99.268ms
[2020-01-29T21:44:28.086+0300][121.274s][info][gc] GC(1945) Pause Young (Allocation Failure) 137M->136M(247M) 61.714ms
[2020-01-29T21:44:28.094+0300][121.281s][info][gc] GC(1946) Pause Young (Allocation Failure) 204M->204M(247M) 0.046ms
[2020-01-29T21:44:28.193+0300][121.380s][info][gc] GC(1947) Pause Full (Allocation Failure) 204M->70M(247M) 98.691ms
[2020-01-29T21:44:28.273+0300][121.460s][info][gc] GC(1948) Pause Young (Allocation Failure) 137M->136M(247M) 61.482ms
[2020-01-29T21:44:28.279+0300][121.467s][info][gc] GC(1949) Pause Young (Allocation Failure) 204M->204M(247M) 0.042ms
[2020-01-29T21:44:28.380+0300][121.567s][info][gc] GC(1950) Pause Full (Allocation Failure) 204M->70M(247M) 99.526ms
[2020-01-29T21:44:28.459+0300][121.647s][info][gc] GC(1951) Pause Young (Allocation Failure) 137M->136M(247M) 61.487ms
[2020-01-29T21:44:28.466+0300][121.654s][info][gc] GC(1952) Pause Young (Allocation Failure) 204M->204M(247M) 0.044ms
[2020-01-29T21:44:28.567+0300][121.754s][info][gc] GC(1953) Pause Full (Allocation Failure) 204M->70M(247M) 100.448ms
[2020-01-29T21:44:28.647+0300][121.835s][info][gc] GC(1954) Pause Young (Allocation Failure) 137M->136M(247M) 61.662ms
[2020-01-29T21:44:28.655+0300][121.842s][info][gc] GC(1955) Pause Young (Allocation Failure) 204M->204M(247M) 0.044ms
[2020-01-29T21:44:28.754+0300][121.941s][info][gc] GC(1956) Pause Full (Allocation Failure) 204M->70M(247M) 98.930ms
[2020-01-29T21:44:28.835+0300][122.022s][info][gc] GC(1957) Pause Young (Allocation Failure) 137M->136M(247M) 61.766ms
[2020-01-29T21:44:28.841+0300][122.029s][info][gc] GC(1958) Pause Young (Allocation Failure) 204M->204M(247M) 0.043ms
[2020-01-29T21:44:28.941+0300][122.128s][info][gc] GC(1959) Pause Full (Allocation Failure) 204M->70M(247M) 99.228ms
[2020-01-29T21:44:29.022+0300][122.209s][info][gc] GC(1960) Pause Young (Allocation Failure) 137M->136M(247M) 62.312ms
[2020-01-29T21:44:29.028+0300][122.216s][info][gc] GC(1961) Pause Young (Allocation Failure) 204M->204M(247M) 0.044ms
[2020-01-29T21:44:29.128+0300][122.315s][info][gc] GC(1962) Pause Full (Allocation Failure) 204M->70M(247M) 98.869ms
[2020-01-29T21:44:29.208+0300][122.395s][info][gc] GC(1963) Pause Young (Allocation Failure) 137M->136M(247M) 61.854ms
[2020-01-29T21:44:29.215+0300][122.402s][info][gc] GC(1964) Pause Young (Allocation Failure) 204M->204M(247M) 0.044ms
[2020-01-29T21:44:29.315+0300][122.502s][info][gc] GC(1965) Pause Full (Allocation Failure) 204M->70M(247M) 99.511ms
[2020-01-29T21:44:29.395+0300][122.582s][info][gc] GC(1966) Pause Young (Allocation Failure) 137M->136M(247M) 61.579ms
[2020-01-29T21:44:29.401+0300][122.589s][info][gc] GC(1967) Pause Young (Allocation Failure) 204M->204M(247M) 0.044ms
[2020-01-29T21:44:29.504+0300][122.691s][info][gc] GC(1968) Pause Full (Allocation Failure) 204M->70M(247M) 102.183ms
[2020-01-29T21:44:29.585+0300][122.772s][info][gc] GC(1969) Pause Young (Allocation Failure) 137M->136M(247M) 61.857ms
[2020-01-29T21:44:29.592+0300][122.779s][info][gc] GC(1970) Pause Young (Allocation Failure) 204M->204M(247M) 0.043ms
[2020-01-29T21:44:29.692+0300][122.879s][info][gc] GC(1971) Pause Full (Allocation Failure) 204M->70M(247M) 99.562ms
[2020-01-29T21:44:29.773+0300][122.960s][info][gc] GC(1972) Pause Young (Allocation Failure) 137M->136M(247M) 61.749ms
[2020-01-29T21:44:29.780+0300][122.968s][info][gc] GC(1973) Pause Young (Allocation Failure) 204M->204M(247M) 0.045ms
[2020-01-29T21:44:29.879+0300][123.066s][info][gc] GC(1974) Pause Full (Allocation Failure) 204M->70M(247M) 98.788ms
[2020-01-29T21:44:29.960+0300][123.147s][info][gc] GC(1975) Pause Young (Allocation Failure) 137M->136M(247M) 62.413ms
[2020-01-29T21:44:29.967+0300][123.154s][info][gc] GC(1976) Pause Young (Allocation Failure) 204M->204M(247M) 0.043ms
[2020-01-29T21:44:30.067+0300][123.253s][info][gc] GC(1977) Pause Full (Allocation Failure) 204M->70M(247M) 99.292ms
[2020-01-29T21:44:30.146+0300][123.333s][info][gc] GC(1978) Pause Young (Allocation Failure) 137M->136M(247M) 61.590ms
[2020-01-29T21:44:30.152+0300][123.340s][info][gc] GC(1979) Pause Young (Allocation Failure) 204M->204M(247M) 0.044ms
[2020-01-29T21:44:30.251+0300][123.439s][info][gc] GC(1980) Pause Full (Allocation Failure) 204M->70M(247M) 99.049ms
[2020-01-29T21:44:30.332+0300][123.519s][info][gc] GC(1981) Pause Young (Allocation Failure) 137M->136M(247M) 61.626ms
[2020-01-29T21:44:30.340+0300][123.527s][info][gc] GC(1982) Pause Young (Allocation Failure) 204M->204M(247M) 0.046ms
[2020-01-29T21:44:30.440+0300][123.627s][info][gc] GC(1983) Pause Full (Allocation Failure) 204M->70M(247M) 99.880ms
[2020-01-29T21:44:30.520+0300][123.707s][info][gc] GC(1984) Pause Young (Allocation Failure) 137M->136M(247M) 61.803ms
[2020-01-29T21:44:30.527+0300][123.714s][info][gc] GC(1985) Pause Young (Allocation Failure) 204M->204M(247M) 0.042ms
[2020-01-29T21:44:30.626+0300][123.814s][info][gc] GC(1986) Pause Full (Allocation Failure) 204M->70M(247M) 99.654ms
[2020-01-29T21:44:30.707+0300][123.894s][info][gc] GC(1987) Pause Young (Allocation Failure) 137M->136M(247M) 62.135ms
[2020-01-29T21:44:30.714+0300][123.901s][info][gc] GC(1988) Pause Young (Allocation Failure) 204M->204M(247M) 0.042ms
[2020-01-29T21:44:30.812+0300][123.999s][info][gc] GC(1989) Pause Full (Allocation Failure) 204M->70M(247M) 98.612ms
[2020-01-29T21:44:30.893+0300][124.080s][info][gc] GC(1990) Pause Young (Allocation Failure) 137M->136M(247M) 61.642ms
[2020-01-29T21:44:30.901+0300][124.087s][info][gc] GC(1991) Pause Young (Allocation Failure) 204M->204M(247M) 0.048ms
[2020-01-29T21:44:30.999+0300][124.186s][info][gc] GC(1992) Pause Full (Allocation Failure) 204M->70M(247M) 98.927ms
[2020-01-29T21:44:31.079+0300][124.266s][info][gc] GC(1993) Pause Young (Allocation Failure) 137M->136M(247M) 61.516ms
[2020-01-29T21:44:31.086+0300][124.273s][info][gc] GC(1994) Pause Young (Allocation Failure) 204M->204M(247M) 0.044ms
[2020-01-29T21:44:31.185+0300][124.372s][info][gc] GC(1995) Pause Full (Allocation Failure) 204M->70M(247M) 98.853ms
[2020-01-29T21:44:31.265+0300][124.452s][info][gc] GC(1996) Pause Young (Allocation Failure) 137M->136M(247M) 61.580ms
[2020-01-29T21:44:31.272+0300][124.459s][info][gc] GC(1997) Pause Young (Allocation Failure) 204M->204M(247M) 0.042ms
[2020-01-29T21:44:31.370+0300][124.557s][info][gc] GC(1998) Pause Full (Allocation Failure) 204M->70M(247M) 98.383ms
[2020-01-29T21:44:31.450+0300][124.638s][info][gc] GC(1999) Pause Young (Allocation Failure) 137M->136M(247M) 61.701ms
[2020-01-29T21:44:31.458+0300][124.645s][info][gc] GC(2000) Pause Young (Allocation Failure) 204M->204M(247M) 0.045ms
[2020-01-29T21:44:31.557+0300][124.744s][info][gc] GC(2001) Pause Full (Allocation Failure) 204M->70M(247M) 98.638ms
[2020-01-29T21:44:31.637+0300][124.824s][info][gc] GC(2002) Pause Young (Allocation Failure) 137M->136M(247M) 61.513ms
[2020-01-29T21:44:31.644+0300][124.831s][info][gc] GC(2003) Pause Young (Allocation Failure) 204M->204M(247M) 0.041ms
[2020-01-29T21:44:31.744+0300][124.931s][info][gc] GC(2004) Pause Full (Allocation Failure) 204M->70M(247M) 100.193ms
[2020-01-29T21:44:31.824+0300][125.011s][info][gc] GC(2005) Pause Young (Allocation Failure) 137M->136M(247M) 61.544ms
[2020-01-29T21:44:31.831+0300][125.018s][info][gc] GC(2006) Pause Young (Allocation Failure) 204M->204M(247M) 0.041ms
[2020-01-29T21:44:31.929+0300][125.116s][info][gc] GC(2007) Pause Full (Allocation Failure) 204M->70M(247M) 98.499ms
[2020-01-29T21:44:32.012+0300][125.199s][info][gc] GC(2008) Pause Young (Allocation Failure) 137M->136M(247M) 63.963ms
[2020-01-29T21:44:32.019+0300][125.206s][info][gc] GC(2009) Pause Young (Allocation Failure) 204M->204M(247M) 0.049ms
[2020-01-29T21:44:32.124+0300][125.311s][info][gc] GC(2010) Pause Full (Allocation Failure) 204M->70M(247M) 104.678ms
[2020-01-29T21:44:32.209+0300][125.396s][info][gc] GC(2011) Pause Young (Allocation Failure) 137M->136M(247M) 65.335ms
[2020-01-29T21:44:32.216+0300][125.403s][info][gc] GC(2012) Pause Young (Allocation Failure) 204M->204M(247M) 0.044ms
[2020-01-29T21:44:32.317+0300][125.504s][info][gc] GC(2013) Pause Full (Allocation Failure) 204M->70M(247M) 100.761ms
[2020-01-29T21:44:32.397+0300][125.584s][info][gc] GC(2014) Pause Young (Allocation Failure) 137M->136M(247M) 61.691ms
[2020-01-29T21:44:32.404+0300][125.591s][info][gc] GC(2015) Pause Young (Allocation Failure) 204M->204M(247M) 0.044ms
[2020-01-29T21:44:32.534+0300][125.721s][info][gc] GC(2016) Pause Full (Allocation Failure) 204M->70M(247M) 129.371ms
[2020-01-29T21:44:32.628+0300][125.816s][info][gc] GC(2017) Pause Young (Allocation Failure) 137M->136M(247M) 71.651ms
[2020-01-29T21:44:32.641+0300][125.828s][info][gc] GC(2018) Pause Young (Allocation Failure) 204M->204M(247M) 0.047ms
[2020-01-29T21:44:32.743+0300][125.930s][info][gc] GC(2019) Pause Full (Allocation Failure) 204M->70M(247M) 101.955ms
[2020-01-29T21:44:32.826+0300][126.013s][info][gc] GC(2020) Pause Young (Allocation Failure) 137M->136M(247M) 63.825ms
[2020-01-29T21:44:32.834+0300][126.021s][info][gc] GC(2021) Pause Young (Allocation Failure) 204M->204M(247M) 0.045ms
[2020-01-29T21:44:32.936+0300][126.122s][info][gc] GC(2022) Pause Full (Allocation Failure) 204M->70M(247M) 101.412ms
[2020-01-29T21:44:33.016+0300][126.204s][info][gc] GC(2023) Pause Young (Allocation Failure) 137M->136M(247M) 62.399ms
[2020-01-29T21:44:33.023+0300][126.211s][info][gc] GC(2024) Pause Young (Allocation Failure) 204M->204M(247M) 0.045ms
[2020-01-29T21:44:33.122+0300][126.309s][info][gc] GC(2025) Pause Full (Allocation Failure) 204M->70M(247M) 98.618ms
[2020-01-29T21:44:33.204+0300][126.391s][info][gc] GC(2026) Pause Young (Allocation Failure) 137M->136M(247M) 62.819ms
[2020-01-29T21:44:33.211+0300][126.398s][info][gc] GC(2027) Pause Young (Allocation Failure) 204M->204M(247M) 0.046ms
[2020-01-29T21:44:33.310+0300][126.497s][info][gc] GC(2028) Pause Full (Allocation Failure) 204M->70M(247M) 99.523ms
[2020-01-29T21:44:33.390+0300][126.577s][info][gc] GC(2029) Pause Young (Allocation Failure) 137M->136M(247M) 61.495ms
[2020-01-29T21:44:33.397+0300][126.584s][info][gc] GC(2030) Pause Young (Allocation Failure) 204M->204M(247M) 0.044ms
[2020-01-29T21:44:33.497+0300][126.684s][info][gc] GC(2031) Pause Full (Allocation Failure) 204M->70M(247M) 99.803ms
[2020-01-29T21:44:33.578+0300][126.766s][info][gc] GC(2032) Pause Young (Allocation Failure) 137M->136M(247M) 62.470ms
[2020-01-29T21:44:33.585+0300][126.773s][info][gc] GC(2033) Pause Young (Allocation Failure) 204M->204M(247M) 0.044ms
[2020-01-29T21:44:33.684+0300][126.871s][info][gc] GC(2034) Pause Full (Allocation Failure) 204M->70M(247M) 98.143ms
[2020-01-29T21:44:33.764+0300][126.951s][info][gc] GC(2035) Pause Young (Allocation Failure) 137M->136M(247M) 61.635ms
[2020-01-29T21:44:33.772+0300][126.959s][info][gc] GC(2036) Pause Young (Allocation Failure) 204M->204M(247M) 0.049ms
[2020-01-29T21:44:33.870+0300][127.058s][info][gc] GC(2037) Pause Full (Allocation Failure) 204M->70M(247M) 98.703ms
[2020-01-29T21:44:33.950+0300][127.137s][info][gc] GC(2038) Pause Young (Allocation Failure) 137M->136M(247M) 61.455ms
[2020-01-29T21:44:33.956+0300][127.144s][info][gc] GC(2039) Pause Young (Allocation Failure) 204M->204M(247M) 0.042ms
[2020-01-29T21:44:34.057+0300][127.244s][info][gc] GC(2040) Pause Full (Allocation Failure) 204M->70M(247M) 99.580ms
[2020-01-29T21:44:34.136+0300][127.323s][info][gc] GC(2041) Pause Young (Allocation Failure) 137M->136M(247M) 61.499ms
[2020-01-29T21:44:34.142+0300][127.329s][info][gc] GC(2042) Pause Young (Allocation Failure) 204M->204M(247M) 0.041ms
[2020-01-29T21:44:34.242+0300][127.429s][info][gc] GC(2043) Pause Full (Allocation Failure) 204M->70M(247M) 99.161ms
[2020-01-29T21:44:34.323+0300][127.511s][info][gc] GC(2044) Pause Young (Allocation Failure) 137M->136M(247M) 62.632ms
[2020-01-29T21:44:34.331+0300][127.518s][info][gc] GC(2045) Pause Young (Allocation Failure) 204M->204M(247M) 0.048ms
[2020-01-29T21:44:34.430+0300][127.617s][info][gc] GC(2046) Pause Full (Allocation Failure) 204M->70M(247M) 98.632ms
[2020-01-29T21:44:34.511+0300][127.698s][info][gc] GC(2047) Pause Young (Allocation Failure) 137M->136M(247M) 61.924ms
[2020-01-29T21:44:34.517+0300][127.704s][info][gc] GC(2048) Pause Young (Allocation Failure) 204M->204M(247M) 0.042ms
[2020-01-29T21:44:34.618+0300][127.805s][info][gc] GC(2049) Pause Full (Allocation Failure) 204M->70M(247M) 100.368ms
[2020-01-29T21:44:34.698+0300][127.886s][info][gc] GC(2050) Pause Young (Allocation Failure) 137M->136M(247M) 61.514ms
[2020-01-29T21:44:34.705+0300][127.893s][info][gc] GC(2051) Pause Young (Allocation Failure) 204M->204M(247M) 0.043ms
[2020-01-29T21:44:34.804+0300][127.991s][info][gc] GC(2052) Pause Full (Allocation Failure) 204M->70M(247M) 98.288ms
[2020-01-29T21:44:34.884+0300][128.071s][info][gc] GC(2053) Pause Young (Allocation Failure) 137M->136M(247M) 61.599ms
[2020-01-29T21:44:34.892+0300][128.079s][info][gc] GC(2054) Pause Young (Allocation Failure) 204M->204M(247M) 0.046ms
[2020-01-29T21:44:34.991+0300][128.177s][info][gc] GC(2055) Pause Full (Allocation Failure) 204M->70M(247M) 98.702ms
[2020-01-29T21:44:35.070+0300][128.257s][info][gc] GC(2056) Pause Young (Allocation Failure) 137M->136M(247M) 61.511ms
[2020-01-29T21:44:35.077+0300][128.264s][info][gc] GC(2057) Pause Young (Allocation Failure) 204M->204M(247M) 0.042ms
[2020-01-29T21:44:35.176+0300][128.363s][info][gc] GC(2058) Pause Full (Allocation Failure) 204M->70M(247M) 99.326ms
[2020-01-29T21:44:35.255+0300][128.443s][info][gc] GC(2059) Pause Young (Allocation Failure) 137M->136M(247M) 61.526ms
[2020-01-29T21:44:35.262+0300][128.449s][info][gc] GC(2060) Pause Young (Allocation Failure) 204M->204M(247M) 0.041ms
[2020-01-29T21:44:35.361+0300][128.548s][info][gc] GC(2061) Pause Full (Allocation Failure) 204M->70M(247M) 98.602ms
[2020-01-29T21:44:35.442+0300][128.629s][info][gc] GC(2062) Pause Young (Allocation Failure) 137M->136M(247M) 61.843ms
[2020-01-29T21:44:35.449+0300][128.636s][info][gc] GC(2063) Pause Young (Allocation Failure) 204M->204M(247M) 0.057ms
[2020-01-29T21:44:35.547+0300][128.734s][info][gc] GC(2064) Pause Full (Allocation Failure) 204M->70M(247M) 98.852ms
[2020-01-29T21:44:35.627+0300][128.814s][info][gc] GC(2065) Pause Young (Allocation Failure) 137M->136M(247M) 61.566ms
[2020-01-29T21:44:35.633+0300][128.821s][info][gc] GC(2066) Pause Young (Allocation Failure) 204M->204M(247M) 0.042ms
[2020-01-29T21:44:35.733+0300][128.920s][info][gc] GC(2067) Pause Full (Allocation Failure) 204M->70M(247M) 99.013ms
[2020-01-29T21:44:35.812+0300][129.000s][info][gc] GC(2068) Pause Young (Allocation Failure) 137M->136M(247M) 61.657ms
[2020-01-29T21:44:35.819+0300][129.007s][info][gc] GC(2069) Pause Young (Allocation Failure) 204M->204M(247M) 0.044ms
[2020-01-29T21:44:35.919+0300][129.106s][info][gc] GC(2070) Pause Full (Allocation Failure) 204M->70M(247M) 98.807ms
[2020-01-29T21:44:35.998+0300][129.186s][info][gc] GC(2071) Pause Young (Allocation Failure) 137M->136M(247M) 61.622ms
[2020-01-29T21:44:36.005+0300][129.193s][info][gc] GC(2072) Pause Young (Allocation Failure) 204M->204M(247M) 0.045ms
[2020-01-29T21:44:36.105+0300][129.293s][info][gc] GC(2073) Pause Full (Allocation Failure) 204M->70M(247M) 99.757ms
[2020-01-29T21:44:36.185+0300][129.373s][info][gc] GC(2074) Pause Young (Allocation Failure) 137M->136M(247M) 61.747ms
[2020-01-29T21:44:36.192+0300][129.379s][info][gc] GC(2075) Pause Young (Allocation Failure) 204M->204M(247M) 0.042ms
[2020-01-29T21:44:36.292+0300][129.479s][info][gc] GC(2076) Pause Full (Allocation Failure) 204M->70M(247M) 99.586ms
[2020-01-29T21:44:36.371+0300][129.559s][info][gc] GC(2077) Pause Young (Allocation Failure) 137M->136M(247M) 61.764ms
[2020-01-29T21:44:36.378+0300][129.566s][info][gc] GC(2078) Pause Young (Allocation Failure) 204M->204M(247M) 0.043ms
[2020-01-29T21:44:36.479+0300][129.666s][info][gc] GC(2079) Pause Full (Allocation Failure) 204M->70M(247M) 100.175ms
[2020-01-29T21:44:36.561+0300][129.748s][info][gc] GC(2080) Pause Young (Allocation Failure) 137M->136M(247M) 61.818ms
[2020-01-29T21:44:36.568+0300][129.755s][info][gc] GC(2081) Pause Young (Allocation Failure) 204M->204M(247M) 0.043ms
[2020-01-29T21:44:36.667+0300][129.854s][info][gc] GC(2082) Pause Full (Allocation Failure) 204M->70M(247M) 98.556ms
[2020-01-29T21:44:36.747+0300][129.934s][info][gc] GC(2083) Pause Young (Allocation Failure) 137M->136M(247M) 61.720ms
[2020-01-29T21:44:36.754+0300][129.941s][info][gc] GC(2084) Pause Young (Allocation Failure) 204M->204M(247M) 0.044ms
[2020-01-29T21:44:36.854+0300][130.041s][info][gc] GC(2085) Pause Full (Allocation Failure) 204M->70M(247M) 99.793ms
[2020-01-29T21:44:36.936+0300][130.124s][info][gc] GC(2086) Pause Young (Allocation Failure) 137M->136M(247M) 64.205ms
[2020-01-29T21:44:36.943+0300][130.130s][info][gc] GC(2087) Pause Young (Allocation Failure) 204M->204M(247M) 0.044ms
[2020-01-29T21:44:37.042+0300][130.230s][info][gc] GC(2088) Pause Full (Allocation Failure) 204M->70M(247M) 99.378ms
[2020-01-29T21:44:37.122+0300][130.309s][info][gc] GC(2089) Pause Young (Allocation Failure) 137M->136M(247M) 61.599ms
[2020-01-29T21:44:37.130+0300][130.317s][info][gc] GC(2090) Pause Young (Allocation Failure) 204M->204M(247M) 0.044ms
[2020-01-29T21:44:37.230+0300][130.417s][info][gc] GC(2091) Pause Full (Allocation Failure) 204M->70M(247M) 100.223ms
[2020-01-29T21:44:37.310+0300][130.497s][info][gc] GC(2092) Pause Young (Allocation Failure) 137M->136M(247M) 61.673ms
[2020-01-29T21:44:37.317+0300][130.504s][info][gc] GC(2093) Pause Young (Allocation Failure) 204M->204M(247M) 0.042ms
[2020-01-29T21:44:37.415+0300][130.603s][info][gc] GC(2094) Pause Full (Allocation Failure) 204M->70M(247M) 98.463ms
[2020-01-29T21:44:37.494+0300][130.682s][info][gc] GC(2095) Pause Young (Allocation Failure) 137M->136M(247M) 61.562ms
[2020-01-29T21:44:37.501+0300][130.689s][info][gc] GC(2096) Pause Young (Allocation Failure) 204M->204M(247M) 0.043ms
[2020-01-29T21:44:37.601+0300][130.788s][info][gc] GC(2097) Pause Full (Allocation Failure) 204M->70M(247M) 99.304ms
[2020-01-29T21:44:37.680+0300][130.868s][info][gc] GC(2098) Pause Young (Allocation Failure) 137M->136M(247M) 61.617ms
[2020-01-29T21:44:37.688+0300][130.875s][info][gc] GC(2099) Pause Young (Allocation Failure) 204M->204M(247M) 0.045ms
[2020-01-29T21:44:37.787+0300][130.974s][info][gc] GC(2100) Pause Full (Allocation Failure) 204M->70M(247M) 98.667ms
[2020-01-29T21:44:37.867+0300][131.054s][info][gc] GC(2101) Pause Young (Allocation Failure) 137M->136M(247M) 62.196ms
[2020-01-29T21:44:37.874+0300][131.061s][info][gc] GC(2102) Pause Young (Allocation Failure) 204M->204M(247M) 0.042ms
[2020-01-29T21:44:37.973+0300][131.160s][info][gc] GC(2103) Pause Full (Allocation Failure) 204M->70M(247M) 98.966ms
[2020-01-29T21:44:38.052+0300][131.240s][info][gc] GC(2104) Pause Young (Allocation Failure) 137M->136M(247M) 61.712ms
[2020-01-29T21:44:38.060+0300][131.247s][info][gc] GC(2105) Pause Young (Allocation Failure) 204M->204M(247M) 0.044ms
[2020-01-29T21:44:38.161+0300][131.349s][info][gc] GC(2106) Pause Full (Allocation Failure) 204M->70M(247M) 101.342ms
[2020-01-29T21:44:38.249+0300][131.437s][info][gc] GC(2107) Pause Young (Allocation Failure) 137M->136M(247M) 67.756ms
[2020-01-29T21:44:38.261+0300][131.448s][info][gc] GC(2108) Pause Young (Allocation Failure) 204M->204M(247M) 0.045ms
[2020-01-29T21:44:38.378+0300][131.565s][info][gc] GC(2109) Pause Full (Allocation Failure) 204M->70M(247M) 116.783ms
[2020-01-29T21:44:38.460+0300][131.647s][info][gc] GC(2110) Pause Young (Allocation Failure) 137M->136M(247M) 62.870ms
[2020-01-29T21:44:38.467+0300][131.654s][info][gc] GC(2111) Pause Young (Allocation Failure) 204M->204M(247M) 0.046ms
[2020-01-29T21:44:38.567+0300][131.755s][info][gc] GC(2112) Pause Full (Allocation Failure) 204M->70M(247M) 100.298ms
[2020-01-29T21:44:38.648+0300][131.835s][info][gc] GC(2113) Pause Young (Allocation Failure) 137M->136M(247M) 61.632ms
[2020-01-29T21:44:38.655+0300][131.842s][info][gc] GC(2114) Pause Young (Allocation Failure) 204M->204M(247M) 0.043ms
[2020-01-29T21:44:38.755+0300][131.942s][info][gc] GC(2115) Pause Full (Allocation Failure) 204M->70M(247M) 99.351ms
[2020-01-29T21:44:38.834+0300][132.022s][info][gc] GC(2116) Pause Young (Allocation Failure) 137M->136M(247M) 61.566ms
[2020-01-29T21:44:38.841+0300][132.029s][info][gc] GC(2117) Pause Young (Allocation Failure) 204M->204M(247M) 0.043ms
[2020-01-29T21:44:38.940+0300][132.127s][info][gc] GC(2118) Pause Full (Allocation Failure) 204M->70M(247M) 98.621ms
[2020-01-29T21:44:39.021+0300][132.208s][info][gc] GC(2119) Pause Young (Allocation Failure) 137M->136M(247M) 62.044ms
[2020-01-29T21:44:39.028+0300][132.215s][info][gc] GC(2120) Pause Young (Allocation Failure) 204M->204M(247M) 0.042ms
[2020-01-29T21:44:39.126+0300][132.313s][info][gc] GC(2121) Pause Full (Allocation Failure) 204M->70M(247M) 98.435ms
[2020-01-29T21:44:39.205+0300][132.393s][info][gc] GC(2122) Pause Young (Allocation Failure) 137M->136M(247M) 61.431ms
[2020-01-29T21:44:39.212+0300][132.399s][info][gc] GC(2123) Pause Young (Allocation Failure) 204M->204M(247M) 0.041ms
[2020-01-29T21:44:39.311+0300][132.498s][info][gc] GC(2124) Pause Full (Allocation Failure) 204M->70M(247M) 98.223ms
[2020-01-29T21:44:39.392+0300][132.579s][info][gc] GC(2125) Pause Young (Allocation Failure) 137M->136M(247M) 61.766ms
[2020-01-29T21:44:39.400+0300][132.587s][info][gc] GC(2126) Pause Young (Allocation Failure) 204M->204M(247M) 0.046ms
[2020-01-29T21:44:39.499+0300][132.686s][info][gc] GC(2127) Pause Full (Allocation Failure) 204M->70M(247M) 98.941ms
[2020-01-29T21:44:39.579+0300][132.767s][info][gc] GC(2128) Pause Young (Allocation Failure) 137M->136M(247M) 61.698ms
[2020-01-29T21:44:39.587+0300][132.774s][info][gc] GC(2129) Pause Young (Allocation Failure) 204M->204M(247M) 0.044ms
[2020-01-29T21:44:39.686+0300][132.873s][info][gc] GC(2130) Pause Full (Allocation Failure) 204M->70M(247M) 98.695ms
[2020-01-29T21:44:39.766+0300][132.953s][info][gc] GC(2131) Pause Young (Allocation Failure) 137M->136M(247M) 61.575ms
[2020-01-29T21:44:39.773+0300][132.960s][info][gc] GC(2132) Pause Young (Allocation Failure) 204M->204M(247M) 0.043ms
[2020-01-29T21:44:39.872+0300][133.059s][info][gc] GC(2133) Pause Full (Allocation Failure) 204M->70M(247M) 98.688ms
[2020-01-29T21:44:39.951+0300][133.139s][info][gc] GC(2134) Pause Young (Allocation Failure) 137M->136M(247M) 61.567ms
[2020-01-29T21:44:39.958+0300][133.146s][info][gc] GC(2135) Pause Young (Allocation Failure) 204M->204M(247M) 0.044ms
[2020-01-29T21:44:40.057+0300][133.244s][info][gc] GC(2136) Pause Full (Allocation Failure) 204M->70M(247M) 98.506ms
[2020-01-29T21:44:40.137+0300][133.324s][info][gc] GC(2137) Pause Young (Allocation Failure) 137M->136M(247M) 61.527ms
[2020-01-29T21:44:40.144+0300][133.331s][info][gc] GC(2138) Pause Young (Allocation Failure) 204M->204M(247M) 0.042ms
[2020-01-29T21:44:40.243+0300][133.429s][info][gc] GC(2139) Pause Full (Allocation Failure) 204M->70M(247M) 98.368ms
[2020-01-29T21:44:40.322+0300][133.510s][info][gc] GC(2140) Pause Young (Allocation Failure) 137M->136M(247M) 61.440ms
[2020-01-29T21:44:40.329+0300][133.516s][info][gc] GC(2141) Pause Young (Allocation Failure) 204M->204M(247M) 0.041ms
[2020-01-29T21:44:40.428+0300][133.615s][info][gc] GC(2142) Pause Full (Allocation Failure) 204M->70M(247M) 98.647ms
[2020-01-29T21:44:40.508+0300][133.695s][info][gc] GC(2143) Pause Young (Allocation Failure) 137M->136M(247M) 61.552ms
[2020-01-29T21:44:40.515+0300][133.702s][info][gc] GC(2144) Pause Young (Allocation Failure) 204M->204M(247M) 0.042ms
[2020-01-29T21:44:40.614+0300][133.801s][info][gc] GC(2145) Pause Full (Allocation Failure) 204M->70M(247M) 98.213ms
[2020-01-29T21:44:40.694+0300][133.881s][info][gc] GC(2146) Pause Young (Allocation Failure) 137M->136M(247M) 61.522ms
[2020-01-29T21:44:40.701+0300][133.888s][info][gc] GC(2147) Pause Young (Allocation Failure) 204M->204M(247M) 0.044ms
[2020-01-29T21:44:40.799+0300][133.986s][info][gc] GC(2148) Pause Full (Allocation Failure) 204M->70M(247M) 98.736ms
[2020-01-29T21:44:40.879+0300][134.066s][info][gc] GC(2149) Pause Young (Allocation Failure) 137M->136M(247M) 61.469ms
[2020-01-29T21:44:40.886+0300][134.073s][info][gc] GC(2150) Pause Young (Allocation Failure) 204M->204M(247M) 0.042ms
[2020-01-29T21:44:40.985+0300][134.172s][info][gc] GC(2151) Pause Full (Allocation Failure) 204M->70M(247M) 98.213ms
[2020-01-29T21:44:41.065+0300][134.253s][info][gc] GC(2152) Pause Young (Allocation Failure) 137M->136M(247M) 62.206ms
[2020-01-29T21:44:41.072+0300][134.259s][info][gc] GC(2153) Pause Young (Allocation Failure) 204M->204M(247M) 0.041ms
[2020-01-29T21:44:41.172+0300][134.359s][info][gc] GC(2154) Pause Full (Allocation Failure) 204M->70M(247M) 99.327ms
[2020-01-29T21:44:41.251+0300][134.439s][info][gc] GC(2155) Pause Young (Allocation Failure) 137M->136M(247M) 61.503ms
[2020-01-29T21:44:41.258+0300][134.446s][info][gc] GC(2156) Pause Young (Allocation Failure) 204M->204M(247M) 0.042ms
[2020-01-29T21:44:41.357+0300][134.544s][info][gc] GC(2157) Pause Full (Allocation Failure) 204M->70M(247M) 98.017ms
[2020-01-29T21:44:41.436+0300][134.623s][info][gc] GC(2158) Pause Young (Allocation Failure) 137M->136M(247M) 61.498ms
[2020-01-29T21:44:41.443+0300][134.630s][info][gc] GC(2159) Pause Young (Allocation Failure) 204M->204M(247M) 0.042ms
[2020-01-29T21:44:41.542+0300][134.729s][info][gc] GC(2160) Pause Full (Allocation Failure) 204M->70M(247M) 99.011ms
[2020-01-29T21:44:41.621+0300][134.809s][info][gc] GC(2161) Pause Young (Allocation Failure) 137M->136M(247M) 61.606ms
[2020-01-29T21:44:41.628+0300][134.816s][info][gc] GC(2162) Pause Young (Allocation Failure) 204M->204M(247M) 0.043ms
[2020-01-29T21:44:41.727+0300][134.914s][info][gc] GC(2163) Pause Full (Allocation Failure) 204M->70M(247M) 98.300ms
[2020-01-29T21:44:41.807+0300][134.994s][info][gc] GC(2164) Pause Young (Allocation Failure) 137M->136M(247M) 61.597ms
[2020-01-29T21:44:41.814+0300][135.001s][info][gc] GC(2165) Pause Young (Allocation Failure) 204M->204M(247M) 0.043ms
[2020-01-29T21:44:41.913+0300][135.100s][info][gc] GC(2166) Pause Full (Allocation Failure) 204M->70M(247M) 98.846ms
[2020-01-29T21:44:41.993+0300][135.180s][info][gc] GC(2167) Pause Young (Allocation Failure) 137M->136M(247M) 62.144ms
[2020-01-29T21:44:42.000+0300][135.187s][info][gc] GC(2168) Pause Young (Allocation Failure) 204M->204M(247M) 0.045ms
[2020-01-29T21:44:42.099+0300][135.286s][info][gc] GC(2169) Pause Full (Allocation Failure) 204M->70M(247M) 98.922ms
[2020-01-29T21:44:42.179+0300][135.366s][info][gc] GC(2170) Pause Young (Allocation Failure) 137M->136M(247M) 61.471ms
[2020-01-29T21:44:42.185+0300][135.373s][info][gc] GC(2171) Pause Young (Allocation Failure) 204M->204M(247M) 0.042ms
[2020-01-29T21:44:42.283+0300][135.471s][info][gc] GC(2172) Pause Full (Allocation Failure) 204M->70M(247M) 98.117ms
[2020-01-29T21:44:42.363+0300][135.550s][info][gc] GC(2173) Pause Young (Allocation Failure) 137M->136M(247M) 61.547ms
[2020-01-29T21:44:42.370+0300][135.557s][info][gc] GC(2174) Pause Young (Allocation Failure) 204M->204M(247M) 0.044ms
[2020-01-29T21:44:42.470+0300][135.657s][info][gc] GC(2175) Pause Full (Allocation Failure) 204M->70M(247M) 99.661ms
[2020-01-29T21:44:42.550+0300][135.737s][info][gc] GC(2176) Pause Young (Allocation Failure) 137M->136M(247M) 61.538ms
[2020-01-29T21:44:42.557+0300][135.744s][info][gc] GC(2177) Pause Young (Allocation Failure) 204M->204M(247M) 0.042ms
[2020-01-29T21:44:42.655+0300][135.842s][info][gc] GC(2178) Pause Full (Allocation Failure) 204M->70M(247M) 98.142ms
[2020-01-29T21:44:42.735+0300][135.922s][info][gc] GC(2179) Pause Young (Allocation Failure) 137M->136M(247M) 61.633ms
[2020-01-29T21:44:42.742+0300][135.929s][info][gc] GC(2180) Pause Young (Allocation Failure) 204M->204M(247M) 0.042ms
[2020-01-29T21:44:42.840+0300][136.027s][info][gc] GC(2181) Pause Full (Allocation Failure) 204M->70M(247M) 98.256ms
[2020-01-29T21:44:42.920+0300][136.107s][info][gc] GC(2182) Pause Young (Allocation Failure) 137M->136M(247M) 61.633ms
[2020-01-29T21:44:42.927+0300][136.114s][info][gc] GC(2183) Pause Young (Allocation Failure) 204M->204M(247M) 0.042ms
[2020-01-29T21:44:43.025+0300][136.212s][info][gc] GC(2184) Pause Full (Allocation Failure) 204M->70M(247M) 98.345ms
[2020-01-29T21:44:43.105+0300][136.292s][info][gc] GC(2185) Pause Young (Allocation Failure) 137M->136M(247M) 61.520ms
[2020-01-29T21:44:43.112+0300][136.299s][info][gc] GC(2186) Pause Young (Allocation Failure) 204M->204M(247M) 0.042ms
[2020-01-29T21:44:43.211+0300][136.398s][info][gc] GC(2187) Pause Full (Allocation Failure) 204M->70M(247M) 98.375ms
[2020-01-29T21:44:43.290+0300][136.477s][info][gc] GC(2188) Pause Young (Allocation Failure) 137M->136M(247M) 61.444ms
[2020-01-29T21:44:43.297+0300][136.484s][info][gc] GC(2189) Pause Young (Allocation Failure) 204M->204M(247M) 0.042ms
[2020-01-29T21:44:43.395+0300][136.582s][info][gc] GC(2190) Pause Full (Allocation Failure) 204M->70M(247M) 98.477ms
[2020-01-29T21:44:43.475+0300][136.662s][info][gc] GC(2191) Pause Young (Allocation Failure) 137M->136M(247M) 62.276ms
[2020-01-29T21:44:43.482+0300][136.669s][info][gc] GC(2192) Pause Young (Allocation Failure) 204M->204M(247M) 0.045ms
[2020-01-29T21:44:43.581+0300][136.768s][info][gc] GC(2193) Pause Full (Allocation Failure) 204M->70M(247M) 98.515ms
[2020-01-29T21:44:43.661+0300][136.848s][info][gc] GC(2194) Pause Young (Allocation Failure) 137M->136M(247M) 61.522ms
[2020-01-29T21:44:43.668+0300][136.855s][info][gc] GC(2195) Pause Young (Allocation Failure) 204M->204M(247M) 0.042ms
[2020-01-29T21:44:43.767+0300][136.954s][info][gc] GC(2196) Pause Full (Allocation Failure) 204M->70M(247M) 98.906ms
[2020-01-29T21:44:43.846+0300][137.033s][info][gc] GC(2197) Pause Young (Allocation Failure) 137M->136M(247M) 61.456ms
[2020-01-29T21:44:43.853+0300][137.040s][info][gc] GC(2198) Pause Young (Allocation Failure) 204M->204M(247M) 0.041ms
[2020-01-29T21:44:43.950+0300][137.138s][info][gc] GC(2199) Pause Full (Allocation Failure) 204M->70M(247M) 98.295ms
[2020-01-29T21:44:44.030+0300][137.218s][info][gc] GC(2200) Pause Young (Allocation Failure) 137M->136M(247M) 61.625ms
[2020-01-29T21:44:44.037+0300][137.224s][info][gc] GC(2201) Pause Young (Allocation Failure) 204M->204M(247M) 0.043ms
[2020-01-29T21:44:44.136+0300][137.323s][info][gc] GC(2202) Pause Full (Allocation Failure) 204M->70M(247M) 98.339ms
[2020-01-29T21:44:44.216+0300][137.403s][info][gc] GC(2203) Pause Young (Allocation Failure) 137M->136M(247M) 61.474ms
[2020-01-29T21:44:44.222+0300][137.410s][info][gc] GC(2204) Pause Young (Allocation Failure) 204M->204M(247M) 0.041ms
[2020-01-29T21:44:44.321+0300][137.508s][info][gc] GC(2205) Pause Full (Allocation Failure) 204M->70M(247M) 98.352ms
[2020-01-29T21:44:44.401+0300][137.587s][info][gc] GC(2206) Pause Young (Allocation Failure) 137M->136M(247M) 61.457ms
[2020-01-29T21:44:44.407+0300][137.594s][info][gc] GC(2207) Pause Young (Allocation Failure) 204M->204M(247M) 0.041ms
[2020-01-29T21:44:44.507+0300][137.694s][info][gc] GC(2208) Pause Full (Allocation Failure) 204M->70M(247M) 99.430ms
[2020-01-29T21:44:44.587+0300][137.774s][info][gc] GC(2209) Pause Young (Allocation Failure) 137M->136M(247M) 61.535ms
[2020-01-29T21:44:44.594+0300][137.781s][info][gc] GC(2210) Pause Young (Allocation Failure) 204M->204M(247M) 0.043ms
[2020-01-29T21:44:44.692+0300][137.879s][info][gc] GC(2211) Pause Full (Allocation Failure) 204M->70M(247M) 98.222ms
[2020-01-29T21:44:44.772+0300][137.959s][info][gc] GC(2212) Pause Young (Allocation Failure) 137M->136M(247M) 61.611ms
[2020-01-29T21:44:44.779+0300][137.966s][info][gc] GC(2213) Pause Young (Allocation Failure) 204M->204M(247M) 0.042ms
[2020-01-29T21:44:44.877+0300][138.064s][info][gc] GC(2214) Pause Full (Allocation Failure) 204M->70M(247M) 98.461ms
[2020-01-29T21:44:44.957+0300][138.144s][info][gc] GC(2215) Pause Young (Allocation Failure) 137M->136M(247M) 61.498ms
[2020-01-29T21:44:44.964+0300][138.151s][info][gc] GC(2216) Pause Young (Allocation Failure) 204M->204M(247M) 0.041ms
[2020-01-29T21:44:45.062+0300][138.249s][info][gc] GC(2217) Pause Full (Allocation Failure) 204M->70M(247M) 98.106ms
[2020-01-29T21:44:45.142+0300][138.329s][info][gc] GC(2218) Pause Young (Allocation Failure) 137M->136M(247M) 61.575ms
[2020-01-29T21:44:45.149+0300][138.336s][info][gc] GC(2219) Pause Young (Allocation Failure) 204M->204M(247M) 0.045ms
[2020-01-29T21:44:45.247+0300][138.434s][info][gc] GC(2220) Pause Full (Allocation Failure) 204M->70M(247M) 98.252ms
[2020-01-29T21:44:45.327+0300][138.514s][info][gc] GC(2221) Pause Young (Allocation Failure) 137M->136M(247M) 61.477ms
[2020-01-29T21:44:45.334+0300][138.521s][info][gc] GC(2222) Pause Young (Allocation Failure) 204M->204M(247M) 0.041ms
[2020-01-29T21:44:45.433+0300][138.620s][info][gc] GC(2223) Pause Full (Allocation Failure) 204M->70M(247M) 98.492ms
[2020-01-29T21:44:45.513+0300][138.700s][info][gc] GC(2224) Pause Young (Allocation Failure) 137M->136M(247M) 61.516ms
[2020-01-29T21:44:45.520+0300][138.707s][info][gc] GC(2225) Pause Young (Allocation Failure) 204M->204M(247M) 0.042ms
[2020-01-29T21:44:45.617+0300][138.805s][info][gc] GC(2226) Pause Full (Allocation Failure) 204M->70M(247M) 98.135ms
[2020-01-29T21:44:45.698+0300][138.886s][info][gc] GC(2227) Pause Young (Allocation Failure) 137M->136M(247M) 61.611ms
[2020-01-29T21:44:45.705+0300][138.893s][info][gc] GC(2228) Pause Young (Allocation Failure) 204M->204M(247M) 0.044ms
[2020-01-29T21:44:45.804+0300][138.991s][info][gc] GC(2229) Pause Full (Allocation Failure) 204M->70M(247M) 98.113ms
[2020-01-29T21:44:45.884+0300][139.071s][info][gc] GC(2230) Pause Young (Allocation Failure) 137M->136M(247M) 61.459ms
[2020-01-29T21:44:45.890+0300][139.078s][info][gc] GC(2231) Pause Young (Allocation Failure) 204M->204M(247M) 0.041ms
[2020-01-29T21:44:45.989+0300][139.176s][info][gc] GC(2232) Pause Full (Allocation Failure) 204M->70M(247M) 98.340ms
[2020-01-29T21:44:46.068+0300][139.255s][info][gc] GC(2233) Pause Young (Allocation Failure) 137M->136M(247M) 61.465ms
[2020-01-29T21:44:46.075+0300][139.262s][info][gc] GC(2234) Pause Young (Allocation Failure) 204M->204M(247M) 0.041ms
[2020-01-29T21:44:46.173+0300][139.360s][info][gc] GC(2235) Pause Full (Allocation Failure) 204M->70M(247M) 98.186ms
[2020-01-29T21:44:46.253+0300][139.440s][info][gc] GC(2236) Pause Young (Allocation Failure) 137M->136M(247M) 61.565ms
[2020-01-29T21:44:46.260+0300][139.447s][info][gc] GC(2237) Pause Young (Allocation Failure) 204M->204M(247M) 0.045ms
[2020-01-29T21:44:46.358+0300][139.546s][info][gc] GC(2238) Pause Full (Allocation Failure) 204M->70M(247M) 99.016ms
[2020-01-29T21:44:46.438+0300][139.626s][info][gc] GC(2239) Pause Young (Allocation Failure) 137M->136M(247M) 61.505ms
[2020-01-29T21:44:46.445+0300][139.632s][info][gc] GC(2240) Pause Young (Allocation Failure) 204M->204M(247M) 0.043ms
[2020-01-29T21:44:46.544+0300][139.731s][info][gc] GC(2241) Pause Full (Allocation Failure) 204M->70M(247M) 98.410ms
[2020-01-29T21:44:46.624+0300][139.811s][info][gc] GC(2242) Pause Young (Allocation Failure) 137M->136M(247M) 61.544ms
[2020-01-29T21:44:46.631+0300][139.818s][info][gc] GC(2243) Pause Young (Allocation Failure) 204M->204M(247M) 0.041ms
[2020-01-29T21:44:46.729+0300][139.916s][info][gc] GC(2244) Pause Full (Allocation Failure) 204M->70M(247M) 98.369ms
[2020-01-29T21:44:46.808+0300][139.996s][info][gc] GC(2245) Pause Young (Allocation Failure) 137M->136M(247M) 61.571ms
[2020-01-29T21:44:46.815+0300][140.002s][info][gc] GC(2246) Pause Young (Allocation Failure) 204M->204M(247M) 0.043ms
[2020-01-29T21:44:46.914+0300][140.101s][info][gc] GC(2247) Pause Full (Allocation Failure) 204M->70M(247M) 98.457ms
[2020-01-29T21:44:46.994+0300][140.181s][info][gc] GC(2248) Pause Young (Allocation Failure) 137M->136M(247M) 61.527ms
[2020-01-29T21:44:47.001+0300][140.188s][info][gc] GC(2249) Pause Young (Allocation Failure) 204M->204M(247M) 0.042ms
[2020-01-29T21:44:47.100+0300][140.287s][info][gc] GC(2250) Pause Full (Allocation Failure) 204M->70M(247M) 98.657ms
[2020-01-29T21:44:47.179+0300][140.366s][info][gc] GC(2251) Pause Young (Allocation Failure) 137M->136M(247M) 61.533ms
[2020-01-29T21:44:47.186+0300][140.373s][info][gc] GC(2252) Pause Young (Allocation Failure) 204M->204M(247M) 0.042ms
[2020-01-29T21:44:47.283+0300][140.471s][info][gc] GC(2253) Pause Full (Allocation Failure) 204M->70M(247M) 98.126ms
[2020-01-29T21:44:47.363+0300][140.551s][info][gc] GC(2254) Pause Young (Allocation Failure) 137M->136M(247M) 61.569ms
[2020-01-29T21:44:47.370+0300][140.558s][info][gc] GC(2255) Pause Young (Allocation Failure) 204M->204M(247M) 0.045ms
[2020-01-29T21:44:47.470+0300][140.657s][info][gc] GC(2256) Pause Full (Allocation Failure) 204M->70M(247M) 99.647ms
[2020-01-29T21:44:47.550+0300][140.737s][info][gc] GC(2257) Pause Young (Allocation Failure) 137M->136M(247M) 61.505ms
[2020-01-29T21:44:47.557+0300][140.744s][info][gc] GC(2258) Pause Young (Allocation Failure) 204M->204M(247M) 0.042ms
[2020-01-29T21:44:47.655+0300][140.842s][info][gc] GC(2259) Pause Full (Allocation Failure) 204M->70M(247M) 98.316ms
[2020-01-29T21:44:47.735+0300][140.922s][info][gc] GC(2260) Pause Young (Allocation Failure) 137M->136M(247M) 61.544ms
[2020-01-29T21:44:47.741+0300][140.929s][info][gc] GC(2261) Pause Young (Allocation Failure) 204M->204M(247M) 0.043ms
[2020-01-29T21:44:47.839+0300][141.027s][info][gc] GC(2262) Pause Full (Allocation Failure) 204M->70M(247M) 98.095ms
[2020-01-29T21:44:47.920+0300][141.107s][info][gc] GC(2263) Pause Young (Allocation Failure) 137M->136M(247M) 61.546ms
[2020-01-29T21:44:47.927+0300][141.114s][info][gc] GC(2264) Pause Young (Allocation Failure) 204M->204M(247M) 0.044ms
[2020-01-29T21:44:48.025+0300][141.212s][info][gc] GC(2265) Pause Full (Allocation Failure) 204M->70M(247M) 98.247ms
[2020-01-29T21:44:48.105+0300][141.292s][info][gc] GC(2266) Pause Young (Allocation Failure) 137M->136M(247M) 61.492ms
[2020-01-29T21:44:48.112+0300][141.299s][info][gc] GC(2267) Pause Young (Allocation Failure) 204M->204M(247M) 0.041ms
[2020-01-29T21:44:48.210+0300][141.398s][info][gc] GC(2268) Pause Full (Allocation Failure) 204M->70M(247M) 98.919ms
[2020-01-29T21:44:48.290+0300][141.478s][info][gc] GC(2269) Pause Young (Allocation Failure) 137M->136M(247M) 61.533ms
[2020-01-29T21:44:48.297+0300][141.484s][info][gc] GC(2270) Pause Young (Allocation Failure) 204M->204M(247M) 0.043ms
[2020-01-29T21:44:48.395+0300][141.583s][info][gc] GC(2271) Pause Full (Allocation Failure) 204M->70M(247M) 98.172ms
[2020-01-29T21:44:48.475+0300][141.662s][info][gc] GC(2272) Pause Young (Allocation Failure) 137M->136M(247M) 61.586ms
[2020-01-29T21:44:48.482+0300][141.669s][info][gc] GC(2273) Pause Young (Allocation Failure) 204M->204M(247M) 0.044ms
[2020-01-29T21:44:48.581+0300][141.768s][info][gc] GC(2274) Pause Full (Allocation Failure) 204M->70M(247M) 98.356ms
[2020-01-29T21:44:48.660+0300][141.848s][info][gc] GC(2275) Pause Young (Allocation Failure) 137M->136M(247M) 61.477ms
[2020-01-29T21:44:48.667+0300][141.854s][info][gc] GC(2276) Pause Young (Allocation Failure) 204M->204M(247M) 0.043ms
[2020-01-29T21:44:48.766+0300][141.953s][info][gc] GC(2277) Pause Full (Allocation Failure) 204M->70M(247M) 98.465ms
[2020-01-29T21:44:48.846+0300][142.033s][info][gc] GC(2278) Pause Young (Allocation Failure) 137M->136M(247M) 61.473ms
[2020-01-29T21:44:48.852+0300][142.040s][info][gc] GC(2279) Pause Young (Allocation Failure) 204M->204M(247M) 0.042ms
[2020-01-29T21:44:48.952+0300][142.138s][info][gc] GC(2280) Pause Full (Allocation Failure) 204M->70M(247M) 98.314ms
[2020-01-29T21:44:49.031+0300][142.218s][info][gc] GC(2281) Pause Young (Allocation Failure) 137M->136M(247M) 62.299ms
[2020-01-29T21:44:49.038+0300][142.226s][info][gc] GC(2282) Pause Young (Allocation Failure) 204M->204M(247M) 0.044ms
[2020-01-29T21:44:49.136+0300][142.324s][info][gc] GC(2283) Pause Full (Allocation Failure) 204M->70M(247M) 98.095ms
[2020-01-29T21:44:49.216+0300][142.403s][info][gc] GC(2284) Pause Young (Allocation Failure) 137M->136M(247M) 61.474ms
[2020-01-29T21:44:49.223+0300][142.410s][info][gc] GC(2285) Pause Young (Allocation Failure) 204M->204M(247M) 0.041ms
[2020-01-29T21:44:49.322+0300][142.508s][info][gc] GC(2286) Pause Full (Allocation Failure) 204M->70M(247M) 98.535ms
[2020-01-29T21:44:49.401+0300][142.589s][info][gc] GC(2287) Pause Young (Allocation Failure) 137M->136M(247M) 61.475ms
[2020-01-29T21:44:49.408+0300][142.595s][info][gc] GC(2288) Pause Young (Allocation Failure) 204M->204M(247M) 0.043ms
[2020-01-29T21:44:49.507+0300][142.694s][info][gc] GC(2289) Pause Full (Allocation Failure) 204M->70M(247M) 98.312ms
[2020-01-29T21:44:49.586+0300][142.774s][info][gc] GC(2290) Pause Young (Allocation Failure) 137M->136M(247M) 61.574ms
[2020-01-29T21:44:49.594+0300][142.781s][info][gc] GC(2291) Pause Young (Allocation Failure) 204M->204M(247M) 0.044ms
[2020-01-29T21:44:49.693+0300][142.879s][info][gc] GC(2292) Pause Full (Allocation Failure) 204M->70M(247M) 98.120ms
[2020-01-29T21:44:49.771+0300][142.958s][info][gc] GC(2293) Pause Young (Allocation Failure) 137M->136M(247M) 61.653ms
[2020-01-29T21:44:49.778+0300][142.965s][info][gc] GC(2294) Pause Young (Allocation Failure) 204M->204M(247M) 0.042ms
[2020-01-29T21:44:49.877+0300][143.063s][info][gc] GC(2295) Pause Full (Allocation Failure) 204M->70M(247M) 98.442ms
[2020-01-29T21:44:49.956+0300][143.144s][info][gc] GC(2296) Pause Young (Allocation Failure) 137M->136M(247M) 61.487ms
[2020-01-29T21:44:49.963+0300][143.150s][info][gc] GC(2297) Pause Young (Allocation Failure) 204M->204M(247M) 0.041ms
[2020-01-29T21:44:50.062+0300][143.250s][info][gc] GC(2298) Pause Full (Allocation Failure) 204M->70M(247M) 99.192ms
[2020-01-29T21:44:50.142+0300][143.329s][info][gc] GC(2299) Pause Young (Allocation Failure) 137M->136M(247M) 61.518ms
[2020-01-29T21:44:50.149+0300][143.336s][info][gc] GC(2300) Pause Young (Allocation Failure) 204M->204M(247M) 0.043ms
[2020-01-29T21:44:50.248+0300][143.434s][info][gc] GC(2301) Pause Full (Allocation Failure) 204M->70M(247M) 98.361ms
[2020-01-29T21:44:50.328+0300][143.516s][info][gc] GC(2302) Pause Young (Allocation Failure) 137M->136M(247M) 62.481ms
[2020-01-29T21:44:50.335+0300][143.522s][info][gc] GC(2303) Pause Young (Allocation Failure) 204M->204M(247M) 0.042ms
[2020-01-29T21:44:50.434+0300][143.621s][info][gc] GC(2304) Pause Full (Allocation Failure) 204M->70M(247M) 98.966ms
[2020-01-29T21:44:50.514+0300][143.701s][info][gc] GC(2305) Pause Young (Allocation Failure) 137M->136M(247M) 61.541ms
[2020-01-29T21:44:50.521+0300][143.708s][info][gc] GC(2306) Pause Young (Allocation Failure) 204M->204M(247M) 0.042ms
[2020-01-29T21:44:50.621+0300][143.808s][info][gc] GC(2307) Pause Full (Allocation Failure) 204M->70M(247M) 99.768ms
[2020-01-29T21:44:50.701+0300][143.888s][info][gc] GC(2308) Pause Young (Allocation Failure) 137M->136M(247M) 61.530ms
[2020-01-29T21:44:50.708+0300][143.895s][info][gc] GC(2309) Pause Young (Allocation Failure) 204M->204M(247M) 0.043ms
[2020-01-29T21:44:50.807+0300][143.994s][info][gc] GC(2310) Pause Full (Allocation Failure) 204M->70M(247M) 98.237ms
[2020-01-29T21:44:50.886+0300][144.074s][info][gc] GC(2311) Pause Young (Allocation Failure) 137M->136M(247M) 61.469ms
[2020-01-29T21:44:50.893+0300][144.080s][info][gc] GC(2312) Pause Young (Allocation Failure) 204M->204M(247M) 0.041ms
[2020-01-29T21:44:50.992+0300][144.179s][info][gc] GC(2313) Pause Full (Allocation Failure) 204M->70M(247M) 98.492ms
[2020-01-29T21:44:51.072+0300][144.259s][info][gc] GC(2314) Pause Young (Allocation Failure) 137M->136M(247M) 62.072ms
[2020-01-29T21:44:51.079+0300][144.266s][info][gc] GC(2315) Pause Young (Allocation Failure) 204M->204M(247M) 0.043ms
[2020-01-29T21:44:51.177+0300][144.364s][info][gc] GC(2316) Pause Full (Allocation Failure) 204M->70M(247M) 98.120ms
[2020-01-29T21:44:51.256+0300][144.444s][info][gc] GC(2317) Pause Young (Allocation Failure) 137M->136M(247M) 61.995ms
[2020-01-29T21:44:51.263+0300][144.450s][info][gc] GC(2318) Pause Young (Allocation Failure) 204M->204M(247M) 0.043ms
[2020-01-29T21:44:51.363+0300][144.550s][info][gc] GC(2319) Pause Full (Allocation Failure) 204M->70M(247M) 99.237ms
[2020-01-29T21:44:51.442+0300][144.630s][info][gc] GC(2320) Pause Young (Allocation Failure) 137M->136M(247M) 61.466ms
[2020-01-29T21:44:51.449+0300][144.636s][info][gc] GC(2321) Pause Young (Allocation Failure) 204M->204M(247M) 0.044ms
[2020-01-29T21:44:51.548+0300][144.735s][info][gc] GC(2322) Pause Full (Allocation Failure) 204M->70M(247M) 98.480ms
[2020-01-29T21:44:51.628+0300][144.815s][info][gc] GC(2323) Pause Young (Allocation Failure) 137M->136M(247M) 61.479ms
[2020-01-29T21:44:51.635+0300][144.822s][info][gc] GC(2324) Pause Young (Allocation Failure) 204M->204M(247M) 0.043ms
[2020-01-29T21:44:51.734+0300][144.920s][info][gc] GC(2325) Pause Full (Allocation Failure) 204M->70M(247M) 98.360ms
[2020-01-29T21:44:51.812+0300][145.000s][info][gc] GC(2326) Pause Young (Allocation Failure) 137M->136M(247M) 61.746ms
[2020-01-29T21:44:51.820+0300][145.007s][info][gc] GC(2327) Pause Young (Allocation Failure) 204M->204M(247M) 0.043ms
[2020-01-29T21:44:51.918+0300][145.106s][info][gc] GC(2328) Pause Full (Allocation Failure) 204M->70M(247M) 98.334ms
[2020-01-29T21:44:51.998+0300][145.185s][info][gc] GC(2329) Pause Young (Allocation Failure) 137M->136M(247M) 61.529ms
[2020-01-29T21:44:52.005+0300][145.192s][info][gc] GC(2330) Pause Young (Allocation Failure) 204M->204M(247M) 0.041ms
[2020-01-29T21:44:52.104+0300][145.291s][info][gc] GC(2331) Pause Full (Allocation Failure) 204M->70M(247M) 98.852ms
[2020-01-29T21:44:52.183+0300][145.371s][info][gc] GC(2332) Pause Young (Allocation Failure) 137M->136M(247M) 61.491ms
[2020-01-29T21:44:52.190+0300][145.377s][info][gc] GC(2333) Pause Young (Allocation Failure) 204M->204M(247M) 0.041ms
[2020-01-29T21:44:52.290+0300][145.477s][info][gc] GC(2334) Pause Full (Allocation Failure) 204M->70M(247M) 99.051ms
[2020-01-29T21:44:52.371+0300][145.558s][info][gc] GC(2335) Pause Young (Allocation Failure) 137M->136M(247M) 62.851ms
[2020-01-29T21:44:52.378+0300][145.565s][info][gc] GC(2336) Pause Young (Allocation Failure) 204M->204M(247M) 0.045ms
[2020-01-29T21:44:52.476+0300][145.663s][info][gc] GC(2337) Pause Full (Allocation Failure) 204M->70M(247M) 98.214ms
[2020-01-29T21:44:52.556+0300][145.743s][info][gc] GC(2338) Pause Young (Allocation Failure) 137M->136M(247M) 61.582ms
[2020-01-29T21:44:52.563+0300][145.750s][info][gc] GC(2339) Pause Young (Allocation Failure) 204M->204M(247M) 0.042ms
[2020-01-29T21:44:52.662+0300][145.849s][info][gc] GC(2340) Pause Full (Allocation Failure) 204M->70M(247M) 98.468ms
[2020-01-29T21:44:52.741+0300][145.929s][info][gc] GC(2341) Pause Young (Allocation Failure) 137M->136M(247M) 61.546ms
[2020-01-29T21:44:52.748+0300][145.936s][info][gc] GC(2342) Pause Young (Allocation Failure) 204M->204M(247M) 0.043ms
[2020-01-29T21:44:52.847+0300][146.034s][info][gc] GC(2343) Pause Full (Allocation Failure) 204M->70M(247M) 98.417ms
[2020-01-29T21:44:52.928+0300][146.115s][info][gc] GC(2344) Pause Young (Allocation Failure) 137M->136M(247M) 62.529ms
[2020-01-29T21:44:52.935+0300][146.122s][info][gc] GC(2345) Pause Young (Allocation Failure) 204M->204M(247M) 0.044ms
[2020-01-29T21:44:53.033+0300][146.220s][info][gc] GC(2346) Pause Full (Allocation Failure) 204M->70M(247M) 98.465ms
[2020-01-29T21:44:53.113+0300][146.300s][info][gc] GC(2347) Pause Young (Allocation Failure) 137M->136M(247M) 62.150ms
[2020-01-29T21:44:53.120+0300][146.308s][info][gc] GC(2348) Pause Young (Allocation Failure) 204M->204M(247M) 0.043ms
[2020-01-29T21:44:53.219+0300][146.407s][info][gc] GC(2349) Pause Full (Allocation Failure) 204M->70M(247M) 98.800ms
[2020-01-29T21:44:53.299+0300][146.486s][info][gc] GC(2350) Pause Young (Allocation Failure) 137M->136M(247M) 61.558ms
[2020-01-29T21:44:53.306+0300][146.493s][info][gc] GC(2351) Pause Young (Allocation Failure) 204M->204M(247M) 0.041ms
[2020-01-29T21:44:53.405+0300][146.592s][info][gc] GC(2352) Pause Full (Allocation Failure) 204M->70M(247M) 98.768ms
[2020-01-29T21:44:53.491+0300][146.679s][info][gc] GC(2353) Pause Young (Allocation Failure) 137M->136M(247M) 67.402ms
[2020-01-29T21:44:53.502+0300][146.689s][info][gc] GC(2354) Pause Young (Allocation Failure) 204M->204M(247M) 0.049ms
[2020-01-29T21:44:53.602+0300][146.789s][info][gc] GC(2355) Pause Full (Allocation Failure) 204M->70M(247M) 100.232ms
[2020-01-29T21:44:53.683+0300][146.870s][info][gc] GC(2356) Pause Young (Allocation Failure) 137M->136M(247M) 61.861ms
[2020-01-29T21:44:53.690+0300][146.877s][info][gc] GC(2357) Pause Young (Allocation Failure) 204M->204M(247M) 0.043ms
[2020-01-29T21:44:53.789+0300][146.976s][info][gc] GC(2358) Pause Full (Allocation Failure) 204M->70M(247M) 99.282ms
[2020-01-29T21:44:53.868+0300][147.056s][info][gc] GC(2359) Pause Young (Allocation Failure) 137M->136M(247M) 61.524ms
[2020-01-29T21:44:53.875+0300][147.063s][info][gc] GC(2360) Pause Young (Allocation Failure) 204M->204M(247M) 0.043ms
[2020-01-29T21:44:53.974+0300][147.161s][info][gc] GC(2361) Pause Full (Allocation Failure) 204M->70M(247M) 98.280ms
[2020-01-29T21:44:54.055+0300][147.242s][info][gc] GC(2362) Pause Young (Allocation Failure) 137M->136M(247M) 62.387ms
[2020-01-29T21:44:54.062+0300][147.249s][info][gc] GC(2363) Pause Young (Allocation Failure) 204M->204M(247M) 0.043ms
[2020-01-29T21:44:54.161+0300][147.348s][info][gc] GC(2364) Pause Full (Allocation Failure) 204M->70M(247M) 98.366ms
[2020-01-29T21:44:54.240+0300][147.428s][info][gc] GC(2365) Pause Young (Allocation Failure) 137M->136M(247M) 61.707ms
[2020-01-29T21:44:54.247+0300][147.435s][info][gc] GC(2366) Pause Young (Allocation Failure) 204M->204M(247M) 0.042ms
[2020-01-29T21:44:54.346+0300][147.533s][info][gc] GC(2367) Pause Full (Allocation Failure) 204M->70M(247M) 98.487ms
[2020-01-29T21:44:54.425+0300][147.613s][info][gc] GC(2368) Pause Young (Allocation Failure) 137M->136M(247M) 61.488ms
[2020-01-29T21:44:54.432+0300][147.619s][info][gc] GC(2369) Pause Young (Allocation Failure) 204M->204M(247M) 0.042ms
[2020-01-29T21:44:54.531+0300][147.718s][info][gc] GC(2370) Pause Full (Allocation Failure) 204M->70M(247M) 98.168ms
[2020-01-29T21:44:54.611+0300][147.799s][info][gc] GC(2371) Pause Young (Allocation Failure) 137M->136M(247M) 62.560ms
[2020-01-29T21:44:54.619+0300][147.807s][info][gc] GC(2372) Pause Young (Allocation Failure) 204M->204M(247M) 0.044ms
[2020-01-29T21:44:54.718+0300][147.905s][info][gc] GC(2373) Pause Full (Allocation Failure) 204M->70M(247M) 98.397ms
[2020-01-29T21:44:54.798+0300][147.985s][info][gc] GC(2374) Pause Young (Allocation Failure) 137M->136M(247M) 61.586ms
[2020-01-29T21:44:54.805+0300][147.992s][info][gc] GC(2375) Pause Young (Allocation Failure) 204M->204M(247M) 0.041ms
[2020-01-29T21:44:54.904+0300][148.090s][info][gc] GC(2376) Pause Full (Allocation Failure) 204M->70M(247M) 98.317ms
[2020-01-29T21:44:54.982+0300][148.170s][info][gc] GC(2377) Pause Young (Allocation Failure) 137M->136M(247M) 61.777ms
[2020-01-29T21:44:54.989+0300][148.177s][info][gc] GC(2378) Pause Young (Allocation Failure) 204M->204M(247M) 0.043ms
[2020-01-29T21:44:55.088+0300][148.275s][info][gc] GC(2379) Pause Full (Allocation Failure) 204M->70M(247M) 98.346ms
[2020-01-29T21:44:55.168+0300][148.355s][info][gc] GC(2380) Pause Young (Allocation Failure) 137M->136M(247M) 61.563ms
[2020-01-29T21:44:55.175+0300][148.362s][info][gc] GC(2381) Pause Young (Allocation Failure) 204M->204M(247M) 0.043ms
[2020-01-29T21:44:55.274+0300][148.461s][info][gc] GC(2382) Pause Full (Allocation Failure) 204M->70M(247M) 98.269ms
[2020-01-29T21:44:55.354+0300][148.541s][info][gc] GC(2383) Pause Young (Allocation Failure) 137M->136M(247M) 61.463ms
[2020-01-29T21:44:55.360+0300][148.547s][info][gc] GC(2384) Pause Young (Allocation Failure) 204M->204M(247M) 0.044ms
[2020-01-29T21:44:55.459+0300][148.646s][info][gc] GC(2385) Pause Full (Allocation Failure) 204M->70M(247M) 98.316ms
[2020-01-29T21:44:55.539+0300][148.727s][info][gc] GC(2386) Pause Young (Allocation Failure) 137M->136M(247M) 61.713ms
[2020-01-29T21:44:55.546+0300][148.734s][info][gc] GC(2387) Pause Young (Allocation Failure) 204M->204M(247M) 0.043ms
[2020-01-29T21:44:55.645+0300][148.832s][info][gc] GC(2388) Pause Full (Allocation Failure) 204M->70M(247M) 98.244ms
[2020-01-29T21:44:55.725+0300][148.912s][info][gc] GC(2389) Pause Young (Allocation Failure) 137M->136M(247M) 61.619ms
[2020-01-29T21:44:55.732+0300][148.919s][info][gc] GC(2390) Pause Young (Allocation Failure) 204M->204M(247M) 0.044ms
[2020-01-29T21:44:55.831+0300][149.018s][info][gc] GC(2391) Pause Full (Allocation Failure) 204M->70M(247M) 98.102ms
[2020-01-29T21:44:55.910+0300][149.098s][info][gc] GC(2392) Pause Young (Allocation Failure) 137M->136M(247M) 61.453ms
[2020-01-29T21:44:55.917+0300][149.104s][info][gc] GC(2393) Pause Young (Allocation Failure) 204M->204M(247M) 0.041ms
[2020-01-29T21:44:56.016+0300][149.203s][info][gc] GC(2394) Pause Full (Allocation Failure) 204M->70M(247M) 98.503ms
[2020-01-29T21:44:56.096+0300][149.284s][info][gc] GC(2395) Pause Young (Allocation Failure) 137M->136M(247M) 61.498ms
[2020-01-29T21:44:56.103+0300][149.291s][info][gc] GC(2396) Pause Young (Allocation Failure) 204M->204M(247M) 0.042ms
[2020-01-29T21:44:56.201+0300][149.389s][info][gc] GC(2397) Pause Full (Allocation Failure) 204M->70M(247M) 98.243ms
[2020-01-29T21:44:56.281+0300][149.468s][info][gc] GC(2398) Pause Young (Allocation Failure) 137M->136M(247M) 61.526ms
[2020-01-29T21:44:56.288+0300][149.475s][info][gc] GC(2399) Pause Young (Allocation Failure) 204M->204M(247M) 0.048ms
[2020-01-29T21:44:56.387+0300][149.574s][info][gc] GC(2400) Pause Full (Allocation Failure) 204M->70M(247M) 98.316ms
[2020-01-29T21:44:56.467+0300][149.654s][info][gc] GC(2401) Pause Young (Allocation Failure) 137M->136M(247M) 61.514ms
[2020-01-29T21:44:56.473+0300][149.661s][info][gc] GC(2402) Pause Young (Allocation Failure) 204M->204M(247M) 0.044ms
[2020-01-29T21:44:56.573+0300][149.760s][info][gc] GC(2403) Pause Full (Allocation Failure) 204M->70M(247M) 98.802ms
[2020-01-29T21:44:56.653+0300][149.840s][info][gc] GC(2404) Pause Young (Allocation Failure) 137M->136M(247M) 61.564ms
[2020-01-29T21:44:56.660+0300][149.847s][info][gc] GC(2405) Pause Young (Allocation Failure) 204M->204M(247M) 0.041ms
[2020-01-29T21:44:56.759+0300][149.945s][info][gc] GC(2406) Pause Full (Allocation Failure) 204M->70M(247M) 98.259ms
[2020-01-29T21:44:56.838+0300][150.025s][info][gc] GC(2407) Pause Young (Allocation Failure) 137M->136M(247M) 61.550ms
[2020-01-29T21:44:56.844+0300][150.032s][info][gc] GC(2408) Pause Young (Allocation Failure) 204M->204M(247M) 0.043ms
[2020-01-29T21:44:56.943+0300][150.130s][info][gc] GC(2409) Pause Full (Allocation Failure) 204M->70M(247M) 98.121ms
[2020-01-29T21:44:57.023+0300][150.210s][info][gc] GC(2410) Pause Young (Allocation Failure) 137M->136M(247M) 61.697ms
[2020-01-29T21:44:57.030+0300][150.217s][info][gc] GC(2411) Pause Young (Allocation Failure) 204M->204M(247M) 0.043ms
[2020-01-29T21:44:57.128+0300][150.315s][info][gc] GC(2412) Pause Full (Allocation Failure) 204M->70M(247M) 98.262ms
[2020-01-29T21:44:57.207+0300][150.394s][info][gc] GC(2413) Pause Young (Allocation Failure) 137M->136M(247M) 61.485ms
[2020-01-29T21:44:57.214+0300][150.401s][info][gc] GC(2414) Pause Young (Allocation Failure) 204M->204M(247M) 0.042ms
[2020-01-29T21:44:57.312+0300][150.499s][info][gc] GC(2415) Pause Full (Allocation Failure) 204M->70M(247M) 98.195ms
[2020-01-29T21:44:57.392+0300][150.579s][info][gc] GC(2416) Pause Young (Allocation Failure) 137M->136M(247M) 61.546ms
[2020-01-29T21:44:57.399+0300][150.586s][info][gc] GC(2417) Pause Young (Allocation Failure) 204M->204M(247M) 0.045ms
[2020-01-29T21:44:57.497+0300][150.684s][info][gc] GC(2418) Pause Full (Allocation Failure) 204M->70M(247M) 98.242ms
[2020-01-29T21:44:57.578+0300][150.764s][info][gc] GC(2419) Pause Young (Allocation Failure) 137M->136M(247M) 61.557ms
[2020-01-29T21:44:57.585+0300][150.771s][info][gc] GC(2420) Pause Young (Allocation Failure) 204M->204M(247M) 0.044ms
[2020-01-29T21:44:57.683+0300][150.870s][info][gc] GC(2421) Pause Full (Allocation Failure) 204M->70M(247M) 98.354ms
[2020-01-29T21:44:57.763+0300][150.950s][info][gc] GC(2422) Pause Young (Allocation Failure) 137M->136M(247M) 61.637ms
[2020-01-29T21:44:57.770+0300][150.957s][info][gc] GC(2423) Pause Young (Allocation Failure) 204M->204M(247M) 0.043ms
[2020-01-29T21:44:57.867+0300][151.055s][info][gc] GC(2424) Pause Full (Allocation Failure) 204M->70M(247M) 97.998ms
[2020-01-29T21:44:57.947+0300][151.134s][info][gc] GC(2425) Pause Young (Allocation Failure) 137M->136M(247M) 61.553ms
[2020-01-29T21:44:57.954+0300][151.141s][info][gc] GC(2426) Pause Young (Allocation Failure) 204M->204M(247M) 0.044ms
[2020-01-29T21:44:58.053+0300][151.240s][info][gc] GC(2427) Pause Full (Allocation Failure) 204M->70M(247M) 98.370ms
[2020-01-29T21:44:58.133+0300][151.320s][info][gc] GC(2428) Pause Young (Allocation Failure) 137M->136M(247M) 61.454ms
[2020-01-29T21:44:58.140+0300][151.327s][info][gc] GC(2429) Pause Young (Allocation Failure) 204M->204M(247M) 0.042ms
[2020-01-29T21:44:58.238+0300][151.425s][info][gc] GC(2430) Pause Full (Allocation Failure) 204M->70M(247M) 98.428ms
[2020-01-29T21:44:58.318+0300][151.505s][info][gc] GC(2431) Pause Young (Allocation Failure) 137M->136M(247M) 61.480ms
[2020-01-29T21:44:58.325+0300][151.512s][info][gc] GC(2432) Pause Young (Allocation Failure) 204M->204M(247M) 0.042ms
[2020-01-29T21:44:58.423+0300][151.610s][info][gc] GC(2433) Pause Full (Allocation Failure) 204M->70M(247M) 98.069ms
[2020-01-29T21:44:58.503+0300][151.690s][info][gc] GC(2434) Pause Young (Allocation Failure) 137M->136M(247M) 61.643ms
[2020-01-29T21:44:58.511+0300][151.697s][info][gc] GC(2435) Pause Young (Allocation Failure) 204M->204M(247M) 0.045ms
[2020-01-29T21:44:58.610+0300][151.797s][info][gc] GC(2436) Pause Full (Allocation Failure) 204M->70M(247M) 99.119ms
[2020-01-29T21:44:58.690+0300][151.877s][info][gc] GC(2437) Pause Young (Allocation Failure) 137M->136M(247M) 61.499ms
[2020-01-29T21:44:58.697+0300][151.884s][info][gc] GC(2438) Pause Young (Allocation Failure) 204M->204M(247M) 0.042ms
[2020-01-29T21:44:58.795+0300][151.982s][info][gc] GC(2439) Pause Full (Allocation Failure) 204M->70M(247M) 98.794ms
[2020-01-29T21:44:58.875+0300][152.062s][info][gc] GC(2440) Pause Young (Allocation Failure) 137M->136M(247M) 61.467ms
[2020-01-29T21:44:58.882+0300][152.069s][info][gc] GC(2441) Pause Young (Allocation Failure) 204M->204M(247M) 0.041ms
[2020-01-29T21:44:58.980+0300][152.167s][info][gc] GC(2442) Pause Full (Allocation Failure) 204M->70M(247M) 98.157ms
[2020-01-29T21:44:59.061+0300][152.248s][info][gc] GC(2443) Pause Young (Allocation Failure) 137M->136M(247M) 62.539ms
[2020-01-29T21:44:59.068+0300][152.255s][info][gc] GC(2444) Pause Young (Allocation Failure) 204M->204M(247M) 0.042ms
[2020-01-29T21:44:59.167+0300][152.354s][info][gc] GC(2445) Pause Full (Allocation Failure) 204M->70M(247M) 98.812ms
[2020-01-29T21:44:59.247+0300][152.434s][info][gc] GC(2446) Pause Young (Allocation Failure) 137M->136M(247M) 61.495ms
[2020-01-29T21:44:59.254+0300][152.441s][info][gc] GC(2447) Pause Young (Allocation Failure) 204M->204M(247M) 0.044ms
[2020-01-29T21:44:59.353+0300][152.540s][info][gc] GC(2448) Pause Full (Allocation Failure) 204M->70M(247M) 99.212ms
[2020-01-29T21:44:59.433+0300][152.620s][info][gc] GC(2449) Pause Young (Allocation Failure) 137M->136M(247M) 61.469ms
[2020-01-29T21:44:59.440+0300][152.627s][info][gc] GC(2450) Pause Young (Allocation Failure) 204M->204M(247M) 0.041ms
[2020-01-29T21:44:59.537+0300][152.725s][info][gc] GC(2451) Pause Full (Allocation Failure) 204M->70M(247M) 98.316ms
[2020-01-29T21:44:59.618+0300][152.806s][info][gc] GC(2452) Pause Young (Allocation Failure) 137M->136M(247M) 61.535ms
[2020-01-29T21:44:59.626+0300][152.813s][info][gc] GC(2453) Pause Young (Allocation Failure) 204M->204M(247M) 0.043ms
[2020-01-29T21:44:59.726+0300][152.913s][info][gc] GC(2454) Pause Full (Allocation Failure) 204M->70M(247M) 99.771ms
[2020-01-29T21:44:59.806+0300][152.993s][info][gc] GC(2455) Pause Young (Allocation Failure) 137M->136M(247M) 61.582ms
[2020-01-29T21:44:59.813+0300][153.000s][info][gc] GC(2456) Pause Young (Allocation Failure) 204M->204M(247M) 0.042ms
[2020-01-29T21:44:59.911+0300][153.098s][info][gc] GC(2457) Pause Full (Allocation Failure) 204M->70M(247M) 98.267ms
[2020-01-29T21:44:59.990+0300][153.177s][info][gc] GC(2458) Pause Young (Allocation Failure) 137M->136M(247M) 61.508ms
[2020-01-29T21:44:59.997+0300][153.184s][info][gc] GC(2459) Pause Young (Allocation Failure) 204M->204M(247M) 0.041ms
[2020-01-29T21:45:00.096+0300][153.283s][info][gc] GC(2460) Pause Full (Allocation Failure) 204M->70M(247M) 98.431ms
[2020-01-29T21:45:00.175+0300][153.362s][info][gc] GC(2461) Pause Young (Allocation Failure) 137M->136M(247M) 61.591ms
[2020-01-29T21:45:00.182+0300][153.369s][info][gc] GC(2462) Pause Young (Allocation Failure) 204M->204M(247M) 0.043ms
[2020-01-29T21:45:00.280+0300][153.468s][info][gc] GC(2463) Pause Full (Allocation Failure) 204M->70M(247M) 98.984ms
[2020-01-29T21:45:00.361+0300][153.548s][info][gc] GC(2464) Pause Young (Allocation Failure) 137M->136M(247M) 62.037ms
[2020-01-29T21:45:00.368+0300][153.555s][info][gc] GC(2465) Pause Young (Allocation Failure) 204M->204M(247M) 0.046ms
[2020-01-29T21:45:00.466+0300][153.653s][info][gc] GC(2466) Pause Full (Allocation Failure) 204M->70M(247M) 98.322ms
[2020-01-29T21:45:00.547+0300][153.734s][info][gc] GC(2467) Pause Young (Allocation Failure) 137M->136M(247M) 61.548ms
[2020-01-29T21:45:00.554+0300][153.741s][info][gc] GC(2468) Pause Young (Allocation Failure) 204M->204M(247M) 0.042ms
[2020-01-29T21:45:00.652+0300][153.839s][info][gc] GC(2469) Pause Full (Allocation Failure) 204M->70M(247M) 98.106ms
[2020-01-29T21:45:00.731+0300][153.919s][info][gc] GC(2470) Pause Young (Allocation Failure) 137M->136M(247M) 61.606ms
[2020-01-29T21:45:00.738+0300][153.926s][info][gc] GC(2471) Pause Young (Allocation Failure) 204M->204M(247M) 0.044ms
[2020-01-29T21:45:00.836+0300][154.024s][info][gc] GC(2472) Pause Full (Allocation Failure) 204M->70M(247M) 98.186ms
[2020-01-29T21:45:00.917+0300][154.104s][info][gc] GC(2473) Pause Young (Allocation Failure) 137M->136M(247M) 61.533ms
[2020-01-29T21:45:00.923+0300][154.110s][info][gc] GC(2474) Pause Young (Allocation Failure) 204M->204M(247M) 0.042ms
[2020-01-29T21:45:01.021+0300][154.209s][info][gc] GC(2475) Pause Full (Allocation Failure) 204M->70M(247M) 98.250ms
[2020-01-29T21:45:01.101+0300][154.289s][info][gc] GC(2476) Pause Young (Allocation Failure) 137M->136M(247M) 61.497ms
[2020-01-29T21:45:01.108+0300][154.295s][info][gc] GC(2477) Pause Young (Allocation Failure) 204M->204M(247M) 0.041ms
[2020-01-29T21:45:01.206+0300][154.393s][info][gc] GC(2478) Pause Full (Allocation Failure) 204M->70M(247M) 98.068ms
[2020-01-29T21:45:01.286+0300][154.473s][info][gc] GC(2479) Pause Young (Allocation Failure) 137M->136M(247M) 61.522ms
[2020-01-29T21:45:01.293+0300][154.480s][info][gc] GC(2480) Pause Young (Allocation Failure) 204M->204M(247M) 0.049ms
[2020-01-29T21:45:01.392+0300][154.579s][info][gc] GC(2481) Pause Full (Allocation Failure) 204M->70M(247M) 99.328ms
[2020-01-29T21:45:01.472+0300][154.660s][info][gc] GC(2482) Pause Young (Allocation Failure) 137M->136M(247M) 61.483ms
[2020-01-29T21:45:01.479+0300][154.667s][info][gc] GC(2483) Pause Young (Allocation Failure) 204M->204M(247M) 0.046ms
[2020-01-29T21:45:01.578+0300][154.765s][info][gc] GC(2484) Pause Full (Allocation Failure) 204M->70M(247M) 98.435ms
[2020-01-29T21:45:01.658+0300][154.845s][info][gc] GC(2485) Pause Young (Allocation Failure) 137M->136M(247M) 61.499ms
[2020-01-29T21:45:01.665+0300][154.852s][info][gc] GC(2486) Pause Young (Allocation Failure) 204M->204M(247M) 0.042ms
[2020-01-29T21:45:01.763+0300][154.950s][info][gc] GC(2487) Pause Full (Allocation Failure) 204M->70M(247M) 98.439ms
[2020-01-29T21:45:01.842+0300][155.029s][info][gc] GC(2488) Pause Young (Allocation Failure) 137M->136M(247M) 61.516ms
[2020-01-29T21:45:01.849+0300][155.036s][info][gc] GC(2489) Pause Young (Allocation Failure) 204M->204M(247M) 0.043ms
[2020-01-29T21:45:01.947+0300][155.134s][info][gc] GC(2490) Pause Full (Allocation Failure) 204M->70M(247M) 98.479ms
[2020-01-29T21:45:02.027+0300][155.215s][info][gc] GC(2491) Pause Young (Allocation Failure) 137M->136M(247M) 61.607ms
[2020-01-29T21:45:02.034+0300][155.221s][info][gc] GC(2492) Pause Young (Allocation Failure) 204M->204M(247M) 0.042ms
[2020-01-29T21:45:02.133+0300][155.320s][info][gc] GC(2493) Pause Full (Allocation Failure) 204M->70M(247M) 98.491ms
[2020-01-29T21:45:02.213+0300][155.400s][info][gc] GC(2494) Pause Young (Allocation Failure) 137M->136M(247M) 61.481ms
[2020-01-29T21:45:02.220+0300][155.407s][info][gc] GC(2495) Pause Young (Allocation Failure) 204M->204M(247M) 0.041ms
[2020-01-29T21:45:02.318+0300][155.505s][info][gc] GC(2496) Pause Full (Allocation Failure) 204M->70M(247M) 98.285ms
[2020-01-29T21:45:02.398+0300][155.586s][info][gc] GC(2497) Pause Young (Allocation Failure) 137M->136M(247M) 61.970ms
[2020-01-29T21:45:02.405+0300][155.592s][info][gc] GC(2498) Pause Young (Allocation Failure) 204M->204M(247M) 0.047ms
[2020-01-29T21:45:02.503+0300][155.691s][info][gc] GC(2499) Pause Full (Allocation Failure) 204M->70M(247M) 98.292ms
[2020-01-29T21:45:02.584+0300][155.771s][info][gc] GC(2500) Pause Young (Allocation Failure) 137M->136M(247M) 61.549ms
[2020-01-29T21:45:02.591+0300][155.778s][info][gc] GC(2501) Pause Young (Allocation Failure) 204M->204M(247M) 0.042ms
[2020-01-29T21:45:02.689+0300][155.876s][info][gc] GC(2502) Pause Full (Allocation Failure) 204M->70M(247M) 98.244ms
[2020-01-29T21:45:02.769+0300][155.956s][info][gc] GC(2503) Pause Young (Allocation Failure) 137M->136M(247M) 61.565ms
[2020-01-29T21:45:02.776+0300][155.963s][info][gc] GC(2504) Pause Young (Allocation Failure) 204M->204M(247M) 0.041ms
[2020-01-29T21:45:02.873+0300][156.061s][info][gc] GC(2505) Pause Full (Allocation Failure) 204M->70M(247M) 98.180ms
[2020-01-29T21:45:02.953+0300][156.141s][info][gc] GC(2506) Pause Young (Allocation Failure) 137M->136M(247M) 61.533ms
[2020-01-29T21:45:02.960+0300][156.148s][info][gc] GC(2507) Pause Young (Allocation Failure) 204M->204M(247M) 0.042ms
[2020-01-29T21:45:03.059+0300][156.246s][info][gc] GC(2508) Pause Full (Allocation Failure) 204M->70M(247M) 98.282ms
[2020-01-29T21:45:03.139+0300][156.326s][info][gc] GC(2509) Pause Young (Allocation Failure) 137M->136M(247M) 61.604ms
[2020-01-29T21:45:03.146+0300][156.333s][info][gc] GC(2510) Pause Young (Allocation Failure) 204M->204M(247M) 0.042ms
[2020-01-29T21:45:03.244+0300][156.431s][info][gc] GC(2511) Pause Full (Allocation Failure) 204M->70M(247M) 98.442ms
[2020-01-29T21:45:03.324+0300][156.512s][info][gc] GC(2512) Pause Young (Allocation Failure) 137M->136M(247M) 61.449ms
[2020-01-29T21:45:03.331+0300][156.518s][info][gc] GC(2513) Pause Young (Allocation Failure) 204M->204M(247M) 0.041ms
[2020-01-29T21:45:03.429+0300][156.616s][info][gc] GC(2514) Pause Full (Allocation Failure) 204M->70M(247M) 98.219ms
[2020-01-29T21:45:03.509+0300][156.696s][info][gc] GC(2515) Pause Young (Allocation Failure) 137M->136M(247M) 61.575ms
[2020-01-29T21:45:03.518+0300][156.705s][info][gc] GC(2516) Pause Young (Allocation Failure) 204M->204M(247M) 0.046ms
[2020-01-29T21:45:03.617+0300][156.804s][info][gc] GC(2517) Pause Full (Allocation Failure) 204M->70M(247M) 99.199ms
[2020-01-29T21:45:03.698+0300][156.886s][info][gc] GC(2518) Pause Young (Allocation Failure) 137M->136M(247M) 62.583ms
[2020-01-29T21:45:03.705+0300][156.893s][info][gc] GC(2519) Pause Young (Allocation Failure) 204M->204M(247M) 0.043ms
[2020-01-29T21:45:03.804+0300][156.991s][info][gc] GC(2520) Pause Full (Allocation Failure) 204M->70M(247M) 98.724ms
[2020-01-29T21:45:03.884+0300][157.071s][info][gc] GC(2521) Pause Young (Allocation Failure) 137M->136M(247M) 61.537ms
[2020-01-29T21:45:03.891+0300][157.078s][info][gc] GC(2522) Pause Young (Allocation Failure) 204M->204M(247M) 0.042ms
[2020-01-29T21:45:03.988+0300][157.176s][info][gc] GC(2523) Pause Full (Allocation Failure) 204M->70M(247M) 97.893ms
[2020-01-29T21:45:04.070+0300][157.256s][info][gc] GC(2524) Pause Young (Allocation Failure) 137M->136M(247M) 61.833ms
[2020-01-29T21:45:04.077+0300][157.264s][info][gc] GC(2525) Pause Young (Allocation Failure) 204M->204M(247M) 0.047ms
[2020-01-29T21:45:04.176+0300][157.363s][info][gc] GC(2526) Pause Full (Allocation Failure) 204M->70M(247M) 99.161ms
[2020-01-29T21:45:04.257+0300][157.444s][info][gc] GC(2527) Pause Young (Allocation Failure) 137M->136M(247M) 62.803ms
[2020-01-29T21:45:04.263+0300][157.451s][info][gc] GC(2528) Pause Young (Allocation Failure) 204M->204M(247M) 0.042ms
[2020-01-29T21:45:04.364+0300][157.551s][info][gc] GC(2529) Pause Full (Allocation Failure) 204M->70M(247M) 100.273ms
[2020-01-29T21:45:04.444+0300][157.631s][info][gc] GC(2530) Pause Young (Allocation Failure) 137M->136M(247M) 61.884ms
[2020-01-29T21:45:04.451+0300][157.638s][info][gc] GC(2531) Pause Young (Allocation Failure) 204M->204M(247M) 0.043ms
[2020-01-29T21:45:04.549+0300][157.736s][info][gc] GC(2532) Pause Full (Allocation Failure) 204M->70M(247M) 98.019ms
[2020-01-29T21:45:04.629+0300][157.816s][info][gc] GC(2533) Pause Young (Allocation Failure) 137M->136M(247M) 61.919ms
[2020-01-29T21:45:04.636+0300][157.823s][info][gc] GC(2534) Pause Young (Allocation Failure) 204M->204M(247M) 0.046ms
[2020-01-29T21:45:04.735+0300][157.922s][info][gc] GC(2535) Pause Full (Allocation Failure) 204M->70M(247M) 98.728ms
[2020-01-29T21:45:04.816+0300][158.003s][info][gc] GC(2536) Pause Young (Allocation Failure) 137M->136M(247M) 62.594ms
[2020-01-29T21:45:04.823+0300][158.010s][info][gc] GC(2537) Pause Young (Allocation Failure) 204M->204M(247M) 0.042ms
[2020-01-29T21:45:04.922+0300][158.109s][info][gc] GC(2538) Pause Full (Allocation Failure) 204M->70M(247M) 98.407ms
[2020-01-29T21:45:05.001+0300][158.189s][info][gc] GC(2539) Pause Young (Allocation Failure) 137M->136M(247M) 61.543ms
[2020-01-29T21:45:05.008+0300][158.196s][info][gc] GC(2540) Pause Young (Allocation Failure) 204M->204M(247M) 0.043ms
[2020-01-29T21:45:05.107+0300][158.295s][info][gc] GC(2541) Pause Full (Allocation Failure) 204M->70M(247M) 98.863ms
[2020-01-29T21:45:05.187+0300][158.374s][info][gc] GC(2542) Pause Young (Allocation Failure) 137M->136M(247M) 61.580ms
[2020-01-29T21:45:05.194+0300][158.381s][info][gc] GC(2543) Pause Young (Allocation Failure) 204M->204M(247M) 0.047ms
[2020-01-29T21:45:05.293+0300][158.479s][info][gc] GC(2544) Pause Full (Allocation Failure) 204M->70M(247M) 98.029ms
[2020-01-29T21:45:05.372+0300][158.559s][info][gc] GC(2545) Pause Young (Allocation Failure) 137M->136M(247M) 61.589ms
[2020-01-29T21:45:05.379+0300][158.566s][info][gc] GC(2546) Pause Young (Allocation Failure) 204M->204M(247M) 0.043ms
[2020-01-29T21:45:05.478+0300][158.665s][info][gc] GC(2547) Pause Full (Allocation Failure) 204M->70M(247M) 98.316ms
[2020-01-29T21:45:05.559+0300][158.747s][info][gc] GC(2548) Pause Young (Allocation Failure) 137M->136M(247M) 62.537ms
[2020-01-29T21:45:05.566+0300][158.753s][info][gc] GC(2549) Pause Young (Allocation Failure) 204M->204M(247M) 0.042ms
[2020-01-29T21:45:05.665+0300][158.853s][info][gc] GC(2550) Pause Full (Allocation Failure) 204M->70M(247M) 99.173ms
[2020-01-29T21:45:05.747+0300][158.934s][info][gc] GC(2551) Pause Young (Allocation Failure) 137M->136M(247M) 62.485ms
[2020-01-29T21:45:05.754+0300][158.941s][info][gc] GC(2552) Pause Young (Allocation Failure) 204M->204M(247M) 0.043ms
[2020-01-29T21:45:05.853+0300][159.039s][info][gc] GC(2553) Pause Full (Allocation Failure) 204M->70M(247M) 98.136ms
[2020-01-29T21:45:05.933+0300][159.120s][info][gc] GC(2554) Pause Young (Allocation Failure) 137M->136M(247M) 61.509ms
[2020-01-29T21:45:05.939+0300][159.126s][info][gc] GC(2555) Pause Young (Allocation Failure) 204M->204M(247M) 0.041ms
[2020-01-29T21:45:06.037+0300][159.225s][info][gc] GC(2556) Pause Full (Allocation Failure) 204M->70M(247M) 98.164ms
[2020-01-29T21:45:06.117+0300][159.304s][info][gc] GC(2557) Pause Young (Allocation Failure) 137M->136M(247M) 61.521ms
[2020-01-29T21:45:06.124+0300][159.311s][info][gc] GC(2558) Pause Young (Allocation Failure) 204M->204M(247M) 0.045ms
[2020-01-29T21:45:06.223+0300][159.410s][info][gc] GC(2559) Pause Full (Allocation Failure) 204M->70M(247M) 98.415ms
[2020-01-29T21:45:06.302+0300][159.490s][info][gc] GC(2560) Pause Young (Allocation Failure) 137M->136M(247M) 61.541ms
[2020-01-29T21:45:06.309+0300][159.497s][info][gc] GC(2561) Pause Young (Allocation Failure) 204M->204M(247M) 0.042ms
[2020-01-29T21:45:06.408+0300][159.595s][info][gc] GC(2562) Pause Full (Allocation Failure) 204M->70M(247M) 98.768ms
[2020-01-29T21:45:06.488+0300][159.675s][info][gc] GC(2563) Pause Young (Allocation Failure) 137M->136M(247M) 61.574ms
[2020-01-29T21:45:06.495+0300][159.683s][info][gc] GC(2564) Pause Young (Allocation Failure) 204M->204M(247M) 0.044ms
[2020-01-29T21:45:06.594+0300][159.781s][info][gc] GC(2565) Pause Full (Allocation Failure) 204M->70M(247M) 98.546ms
[2020-01-29T21:45:06.675+0300][159.862s][info][gc] GC(2566) Pause Young (Allocation Failure) 137M->136M(247M) 61.522ms
[2020-01-29T21:45:06.682+0300][159.868s][info][gc] GC(2567) Pause Young (Allocation Failure) 204M->204M(247M) 0.044ms
[2020-01-29T21:45:06.780+0300][159.967s][info][gc] GC(2568) Pause Full (Allocation Failure) 204M->70M(247M) 98.520ms
[2020-01-29T21:45:06.860+0300][160.048s][info][gc] GC(2569) Pause Young (Allocation Failure) 137M->136M(247M) 62.593ms
[2020-01-29T21:45:06.867+0300][160.055s][info][gc] GC(2570) Pause Young (Allocation Failure) 204M->204M(247M) 0.044ms
[2020-01-29T21:45:06.966+0300][160.153s][info][gc] GC(2571) Pause Full (Allocation Failure) 204M->70M(247M) 98.133ms
[2020-01-29T21:45:07.046+0300][160.233s][info][gc] GC(2572) Pause Young (Allocation Failure) 137M->136M(247M) 61.468ms
[2020-01-29T21:45:07.053+0300][160.240s][info][gc] GC(2573) Pause Young (Allocation Failure) 204M->204M(247M) 0.041ms
[2020-01-29T21:45:07.151+0300][160.338s][info][gc] GC(2574) Pause Full (Allocation Failure) 204M->70M(247M) 98.149ms
[2020-01-29T21:45:07.230+0300][160.418s][info][gc] GC(2575) Pause Young (Allocation Failure) 137M->136M(247M) 61.495ms
[2020-01-29T21:45:07.237+0300][160.424s][info][gc] GC(2576) Pause Young (Allocation Failure) 204M->204M(247M) 0.041ms
[2020-01-29T21:45:07.335+0300][160.522s][info][gc] GC(2577) Pause Full (Allocation Failure) 204M->70M(247M) 97.988ms
[2020-01-29T21:45:07.416+0300][160.603s][info][gc] GC(2578) Pause Young (Allocation Failure) 137M->136M(247M) 62.198ms
[2020-01-29T21:45:07.423+0300][160.610s][info][gc] GC(2579) Pause Young (Allocation Failure) 204M->204M(247M) 0.047ms
[2020-01-29T21:45:07.522+0300][160.709s][info][gc] GC(2580) Pause Full (Allocation Failure) 204M->70M(247M) 98.990ms
[2020-01-29T21:45:07.602+0300][160.789s][info][gc] GC(2581) Pause Young (Allocation Failure) 137M->136M(247M) 61.506ms
[2020-01-29T21:45:07.609+0300][160.796s][info][gc] GC(2582) Pause Young (Allocation Failure) 204M->204M(247M) 0.043ms
[2020-01-29T21:45:07.708+0300][160.894s][info][gc] GC(2583) Pause Full (Allocation Failure) 204M->70M(247M) 98.219ms
[2020-01-29T21:45:07.787+0300][160.975s][info][gc] GC(2584) Pause Young (Allocation Failure) 137M->136M(247M) 61.646ms
[2020-01-29T21:45:07.794+0300][160.982s][info][gc] GC(2585) Pause Young (Allocation Failure) 204M->204M(247M) 0.043ms
[2020-01-29T21:45:07.892+0300][161.080s][info][gc] GC(2586) Pause Full (Allocation Failure) 204M->70M(247M) 97.930ms
[2020-01-29T21:45:07.972+0300][161.159s][info][gc] GC(2587) Pause Young (Allocation Failure) 137M->136M(247M) 61.539ms
[2020-01-29T21:45:07.979+0300][161.166s][info][gc] GC(2588) Pause Young (Allocation Failure) 204M->204M(247M) 0.044ms
[2020-01-29T21:45:08.077+0300][161.264s][info][gc] GC(2589) Pause Full (Allocation Failure) 204M->70M(247M) 98.173ms
[2020-01-29T21:45:08.157+0300][161.344s][info][gc] GC(2590) Pause Young (Allocation Failure) 137M->136M(247M) 61.561ms
[2020-01-29T21:45:08.164+0300][161.351s][info][gc] GC(2591) Pause Young (Allocation Failure) 204M->204M(247M) 0.044ms
[2020-01-29T21:45:08.263+0300][161.450s][info][gc] GC(2592) Pause Full (Allocation Failure) 204M->70M(247M) 98.392ms
[2020-01-29T21:45:08.343+0300][161.530s][info][gc] GC(2593) Pause Young (Allocation Failure) 137M->136M(247M) 61.473ms
[2020-01-29T21:45:08.349+0300][161.536s][info][gc] GC(2594) Pause Young (Allocation Failure) 204M->204M(247M) 0.044ms
[2020-01-29T21:45:08.447+0300][161.634s][info][gc] GC(2595) Pause Full (Allocation Failure) 204M->70M(247M) 97.768ms
[2020-01-29T21:45:08.526+0300][161.714s][info][gc] GC(2596) Pause Young (Allocation Failure) 137M->136M(247M) 61.598ms
[2020-01-29T21:45:08.533+0300][161.721s][info][gc] GC(2597) Pause Young (Allocation Failure) 204M->204M(247M) 0.046ms
[2020-01-29T21:45:08.632+0300][161.819s][info][gc] GC(2598) Pause Full (Allocation Failure) 204M->70M(247M) 98.054ms
[2020-01-29T21:45:08.712+0300][161.899s][info][gc] GC(2599) Pause Young (Allocation Failure) 137M->136M(247M) 61.502ms
[2020-01-29T21:45:08.719+0300][161.906s][info][gc] GC(2600) Pause Young (Allocation Failure) 204M->204M(247M) 0.042ms
[2020-01-29T21:45:08.818+0300][162.004s][info][gc] GC(2601) Pause Full (Allocation Failure) 204M->70M(247M) 98.369ms
[2020-01-29T21:45:08.897+0300][162.085s][info][gc] GC(2602) Pause Young (Allocation Failure) 137M->136M(247M) 61.495ms
[2020-01-29T21:45:08.904+0300][162.091s][info][gc] GC(2603) Pause Young (Allocation Failure) 204M->204M(247M) 0.040ms
[2020-01-29T21:45:09.003+0300][162.190s][info][gc] GC(2604) Pause Full (Allocation Failure) 204M->70M(247M) 98.946ms
[2020-01-29T21:45:09.084+0300][162.271s][info][gc] GC(2605) Pause Young (Allocation Failure) 137M->136M(247M) 62.131ms
[2020-01-29T21:45:09.091+0300][162.278s][info][gc] GC(2606) Pause Young (Allocation Failure) 204M->204M(247M) 0.042ms
[2020-01-29T21:45:09.189+0300][162.376s][info][gc] GC(2607) Pause Full (Allocation Failure) 204M->70M(247M) 98.198ms
[2020-01-29T21:45:09.269+0300][162.456s][info][gc] GC(2608) Pause Young (Allocation Failure) 137M->136M(247M) 61.497ms
[2020-01-29T21:45:09.275+0300][162.462s][info][gc] GC(2609) Pause Young (Allocation Failure) 204M->204M(247M) 0.041ms
[2020-01-29T21:45:09.374+0300][162.561s][info][gc] GC(2610) Pause Full (Allocation Failure) 204M->70M(247M) 98.245ms
[2020-01-29T21:45:09.453+0300][162.641s][info][gc] GC(2611) Pause Young (Allocation Failure) 137M->136M(247M) 61.432ms
[2020-01-29T21:45:09.460+0300][162.647s][info][gc] GC(2612) Pause Young (Allocation Failure) 204M->204M(247M) 0.041ms
[2020-01-29T21:45:09.559+0300][162.747s][info][gc] GC(2613) Pause Full (Allocation Failure) 204M->70M(247M) 99.072ms
[2020-01-29T21:45:09.640+0300][162.827s][info][gc] GC(2614) Pause Young (Allocation Failure) 137M->136M(247M) 62.246ms
[2020-01-29T21:45:09.647+0300][162.834s][info][gc] GC(2615) Pause Young (Allocation Failure) 204M->204M(247M) 0.044ms
[2020-01-29T21:45:09.745+0300][162.932s][info][gc] GC(2616) Pause Full (Allocation Failure) 204M->70M(247M) 98.105ms
[2020-01-29T21:45:09.825+0300][163.013s][info][gc] GC(2617) Pause Young (Allocation Failure) 137M->136M(247M) 61.763ms
[2020-01-29T21:45:09.832+0300][163.019s][info][gc] GC(2618) Pause Young (Allocation Failure) 204M->204M(247M) 0.044ms
[2020-01-29T21:45:09.930+0300][163.118s][info][gc] GC(2619) Pause Full (Allocation Failure) 204M->70M(247M) 98.316ms
[2020-01-29T21:45:10.010+0300][163.197s][info][gc] GC(2620) Pause Young (Allocation Failure) 137M->136M(247M) 61.465ms
[2020-01-29T21:45:10.016+0300][163.204s][info][gc] GC(2621) Pause Young (Allocation Failure) 204M->204M(247M) 0.042ms
[2020-01-29T21:45:10.115+0300][163.302s][info][gc] GC(2622) Pause Full (Allocation Failure) 204M->70M(247M) 98.237ms
[2020-01-29T21:45:10.195+0300][163.383s][info][gc] GC(2623) Pause Young (Allocation Failure) 137M->136M(247M) 61.607ms
[2020-01-29T21:45:10.202+0300][163.390s][info][gc] GC(2624) Pause Young (Allocation Failure) 204M->204M(247M) 0.041ms
[2020-01-29T21:45:10.301+0300][163.488s][info][gc] GC(2625) Pause Full (Allocation Failure) 204M->70M(247M) 98.316ms
[2020-01-29T21:45:10.381+0300][163.568s][info][gc] GC(2626) Pause Young (Allocation Failure) 137M->136M(247M) 61.523ms
[2020-01-29T21:45:10.388+0300][163.575s][info][gc] GC(2627) Pause Young (Allocation Failure) 204M->204M(247M) 0.043ms
[2020-01-29T21:45:10.487+0300][163.673s][info][gc] GC(2628) Pause Full (Allocation Failure) 204M->70M(247M) 98.329ms
[2020-01-29T21:45:10.567+0300][163.754s][info][gc] GC(2629) Pause Young (Allocation Failure) 137M->136M(247M) 61.488ms
[2020-01-29T21:45:10.573+0300][163.761s][info][gc] GC(2630) Pause Young (Allocation Failure) 204M->204M(247M) 0.041ms
[2020-01-29T21:45:10.671+0300][163.859s][info][gc] GC(2631) Pause Full (Allocation Failure) 204M->70M(247M) 98.133ms
[2020-01-29T21:45:10.752+0300][163.940s][info][gc] GC(2632) Pause Young (Allocation Failure) 137M->136M(247M) 61.669ms
[2020-01-29T21:45:10.759+0300][163.946s][info][gc] GC(2633) Pause Young (Allocation Failure) 204M->204M(247M) 0.044ms
[2020-01-29T21:45:10.858+0300][164.045s][info][gc] GC(2634) Pause Full (Allocation Failure) 204M->70M(247M) 98.309ms
[2020-01-29T21:45:10.938+0300][164.125s][info][gc] GC(2635) Pause Young (Allocation Failure) 137M->136M(247M) 61.493ms
[2020-01-29T21:45:10.944+0300][164.132s][info][gc] GC(2636) Pause Young (Allocation Failure) 204M->204M(247M) 0.042ms
[2020-01-29T21:45:11.043+0300][164.230s][info][gc] GC(2637) Pause Full (Allocation Failure) 204M->70M(247M) 98.549ms
[2020-01-29T21:45:11.123+0300][164.310s][info][gc] GC(2638) Pause Young (Allocation Failure) 137M->136M(247M) 61.518ms
[2020-01-29T21:45:11.130+0300][164.317s][info][gc] GC(2639) Pause Young (Allocation Failure) 204M->204M(247M) 0.041ms
[2020-01-29T21:45:11.228+0300][164.415s][info][gc] GC(2640) Pause Full (Allocation Failure) 204M->70M(247M) 98.030ms
[2020-01-29T21:45:11.309+0300][164.496s][info][gc] GC(2641) Pause Young (Allocation Failure) 137M->136M(247M) 62.578ms
[2020-01-29T21:45:11.316+0300][164.503s][info][gc] GC(2642) Pause Young (Allocation Failure) 204M->204M(247M) 0.043ms
[2020-01-29T21:45:11.415+0300][164.603s][info][gc] GC(2643) Pause Full (Allocation Failure) 204M->70M(247M) 99.699ms
[2020-01-29T21:45:11.496+0300][164.682s][info][gc] GC(2644) Pause Young (Allocation Failure) 137M->136M(247M) 61.548ms
[2020-01-29T21:45:11.503+0300][164.690s][info][gc] GC(2645) Pause Young (Allocation Failure) 204M->204M(247M) 0.044ms
[2020-01-29T21:45:11.602+0300][164.789s][info][gc] GC(2646) Pause Full (Allocation Failure) 204M->70M(247M) 98.765ms
[2020-01-29T21:45:11.682+0300][164.869s][info][gc] GC(2647) Pause Young (Allocation Failure) 137M->136M(247M) 61.508ms
[2020-01-29T21:45:11.689+0300][164.876s][info][gc] GC(2648) Pause Young (Allocation Failure) 204M->204M(247M) 0.042ms
[2020-01-29T21:45:11.787+0300][164.974s][info][gc] GC(2649) Pause Full (Allocation Failure) 204M->70M(247M) 98.265ms
[2020-01-29T21:45:11.866+0300][165.053s][info][gc] GC(2650) Pause Young (Allocation Failure) 137M->136M(247M) 61.525ms
[2020-01-29T21:45:11.873+0300][165.060s][info][gc] GC(2651) Pause Young (Allocation Failure) 204M->204M(247M) 0.043ms
[2020-01-29T21:45:11.972+0300][165.159s][info][gc] GC(2652) Pause Full (Allocation Failure) 204M->70M(247M) 98.469ms
[2020-01-29T21:45:12.052+0300][165.239s][info][gc] GC(2653) Pause Young (Allocation Failure) 137M->136M(247M) 61.497ms
[2020-01-29T21:45:12.059+0300][165.246s][info][gc] GC(2654) Pause Young (Allocation Failure) 204M->204M(247M) 0.042ms
[2020-01-29T21:45:12.157+0300][165.345s][info][gc] GC(2655) Pause Full (Allocation Failure) 204M->70M(247M) 98.820ms
[2020-01-29T21:45:12.237+0300][165.424s][info][gc] GC(2656) Pause Young (Allocation Failure) 137M->136M(247M) 61.546ms
[2020-01-29T21:45:12.244+0300][165.431s][info][gc] GC(2657) Pause Young (Allocation Failure) 204M->204M(247M) 0.042ms
[2020-01-29T21:45:12.343+0300][165.530s][info][gc] GC(2658) Pause Full (Allocation Failure) 204M->70M(247M) 98.372ms
[2020-01-29T21:45:12.425+0300][165.612s][info][gc] GC(2659) Pause Young (Allocation Failure) 137M->136M(247M) 63.137ms
[2020-01-29T21:45:12.432+0300][165.619s][info][gc] GC(2660) Pause Young (Allocation Failure) 204M->204M(247M) 0.044ms
[2020-01-29T21:45:12.531+0300][165.718s][info][gc] GC(2661) Pause Full (Allocation Failure) 204M->70M(247M) 99.513ms
[2020-01-29T21:45:12.611+0300][165.798s][info][gc] GC(2662) Pause Young (Allocation Failure) 137M->136M(247M) 61.500ms
[2020-01-29T21:45:12.618+0300][165.805s][info][gc] GC(2663) Pause Young (Allocation Failure) 204M->204M(247M) 0.043ms
[2020-01-29T21:45:12.716+0300][165.903s][info][gc] GC(2664) Pause Full (Allocation Failure) 204M->70M(247M) 98.321ms
[2020-01-29T21:45:12.796+0300][165.983s][info][gc] GC(2665) Pause Young (Allocation Failure) 137M->136M(247M) 61.590ms
[2020-01-29T21:45:12.803+0300][165.990s][info][gc] GC(2666) Pause Young (Allocation Failure) 204M->204M(247M) 0.041ms
[2020-01-29T21:45:12.905+0300][166.092s][info][gc] GC(2667) Pause Full (Allocation Failure) 204M->70M(247M) 101.488ms
[2020-01-29T21:45:12.986+0300][166.173s][info][gc] GC(2668) Pause Young (Allocation Failure) 137M->136M(247M) 61.575ms
[2020-01-29T21:45:12.993+0300][166.180s][info][gc] GC(2669) Pause Young (Allocation Failure) 204M->204M(247M) 0.042ms
[2020-01-29T21:45:13.091+0300][166.279s][info][gc] GC(2670) Pause Full (Allocation Failure) 204M->70M(247M) 98.584ms
[2020-01-29T21:45:13.172+0300][166.358s][info][gc] GC(2671) Pause Young (Allocation Failure) 137M->136M(247M) 61.547ms
[2020-01-29T21:45:13.178+0300][166.365s][info][gc] GC(2672) Pause Young (Allocation Failure) 204M->204M(247M) 0.042ms
[2020-01-29T21:45:13.277+0300][166.464s][info][gc] GC(2673) Pause Full (Allocation Failure) 204M->70M(247M) 98.442ms
[2020-01-29T21:45:13.356+0300][166.543s][info][gc] GC(2674) Pause Young (Allocation Failure) 137M->136M(247M) 61.485ms
[2020-01-29T21:45:13.363+0300][166.550s][info][gc] GC(2675) Pause Young (Allocation Failure) 204M->204M(247M) 0.041ms
[2020-01-29T21:45:13.460+0300][166.648s][info][gc] GC(2676) Pause Full (Allocation Failure) 204M->70M(247M) 98.098ms
[2020-01-29T21:45:13.542+0300][166.730s][info][gc] GC(2677) Pause Young (Allocation Failure) 137M->136M(247M) 62.638ms
[2020-01-29T21:45:13.549+0300][166.736s][info][gc] GC(2678) Pause Young (Allocation Failure) 204M->204M(247M) 0.044ms
[2020-01-29T21:45:13.648+0300][166.835s][info][gc] GC(2679) Pause Full (Allocation Failure) 204M->70M(247M) 98.378ms
[2020-01-29T21:45:13.729+0300][166.916s][info][gc] GC(2680) Pause Young (Allocation Failure) 137M->136M(247M) 62.091ms
[2020-01-29T21:45:13.735+0300][166.922s][info][gc] GC(2681) Pause Young (Allocation Failure) 204M->204M(247M) 0.044ms
[2020-01-29T21:45:13.833+0300][167.021s][info][gc] GC(2682) Pause Full (Allocation Failure) 204M->70M(247M) 98.343ms
[2020-01-29T21:45:13.914+0300][167.101s][info][gc] GC(2683) Pause Young (Allocation Failure) 137M->136M(247M) 61.995ms
[2020-01-29T21:45:13.920+0300][167.108s][info][gc] GC(2684) Pause Young (Allocation Failure) 204M->204M(247M) 0.041ms
[2020-01-29T21:45:14.020+0300][167.207s][info][gc] GC(2685) Pause Full (Allocation Failure) 204M->70M(247M) 98.913ms
[2020-01-29T21:45:14.100+0300][167.287s][info][gc] GC(2686) Pause Young (Allocation Failure) 137M->136M(247M) 62.455ms
[2020-01-29T21:45:14.108+0300][167.294s][info][gc] GC(2687) Pause Young (Allocation Failure) 204M->204M(247M) 0.043ms
[2020-01-29T21:45:14.206+0300][167.393s][info][gc] GC(2688) Pause Full (Allocation Failure) 204M->70M(247M) 98.321ms
[2020-01-29T21:45:14.286+0300][167.473s][info][gc] GC(2689) Pause Young (Allocation Failure) 137M->136M(247M) 61.447ms
[2020-01-29T21:45:14.293+0300][167.480s][info][gc] GC(2690) Pause Young (Allocation Failure) 204M->204M(247M) 0.042ms
[2020-01-29T21:45:14.391+0300][167.578s][info][gc] GC(2691) Pause Full (Allocation Failure) 204M->70M(247M) 98.537ms
[2020-01-29T21:45:14.471+0300][167.658s][info][gc] GC(2692) Pause Young (Allocation Failure) 137M->136M(247M) 61.526ms
[2020-01-29T21:45:14.478+0300][167.666s][info][gc] GC(2693) Pause Young (Allocation Failure) 204M->204M(247M) 0.045ms
[2020-01-29T21:45:14.577+0300][167.764s][info][gc] GC(2694) Pause Full (Allocation Failure) 204M->70M(247M) 98.643ms
[2020-01-29T21:45:14.657+0300][167.844s][info][gc] GC(2695) Pause Young (Allocation Failure) 137M->136M(247M) 61.555ms
[2020-01-29T21:45:14.664+0300][167.851s][info][gc] GC(2696) Pause Young (Allocation Failure) 204M->204M(247M) 0.042ms
[2020-01-29T21:45:14.763+0300][167.950s][info][gc] GC(2697) Pause Full (Allocation Failure) 204M->70M(247M) 99.018ms
[2020-01-29T21:45:14.843+0300][168.030s][info][gc] GC(2698) Pause Young (Allocation Failure) 137M->136M(247M) 61.459ms
[2020-01-29T21:45:14.850+0300][168.037s][info][gc] GC(2699) Pause Young (Allocation Failure) 204M->204M(247M) 0.041ms
[2020-01-29T21:45:14.948+0300][168.135s][info][gc] GC(2700) Pause Full (Allocation Failure) 204M->70M(247M) 98.836ms
[2020-01-29T21:45:15.028+0300][168.215s][info][gc] GC(2701) Pause Young (Allocation Failure) 137M->136M(247M) 61.453ms
[2020-01-29T21:45:15.035+0300][168.222s][info][gc] GC(2702) Pause Young (Allocation Failure) 204M->204M(247M) 0.041ms
[2020-01-29T21:45:15.133+0300][168.320s][info][gc] GC(2703) Pause Full (Allocation Failure) 204M->70M(247M) 98.617ms
[2020-01-29T21:45:15.214+0300][168.401s][info][gc] GC(2704) Pause Young (Allocation Failure) 137M->136M(247M) 62.339ms
[2020-01-29T21:45:15.221+0300][168.408s][info][gc] GC(2705) Pause Young (Allocation Failure) 204M->204M(247M) 0.042ms
[2020-01-29T21:45:15.320+0300][168.507s][info][gc] GC(2706) Pause Full (Allocation Failure) 204M->70M(247M) 98.397ms
[2020-01-29T21:45:15.400+0300][168.587s][info][gc] GC(2707) Pause Young (Allocation Failure) 137M->136M(247M) 61.485ms
[2020-01-29T21:45:15.407+0300][168.594s][info][gc] GC(2708) Pause Young (Allocation Failure) 204M->204M(247M) 0.042ms
[2020-01-29T21:45:15.505+0300][168.692s][info][gc] GC(2709) Pause Full (Allocation Failure) 204M->70M(247M) 98.299ms
[2020-01-29T21:45:15.585+0300][168.773s][info][gc] GC(2710) Pause Young (Allocation Failure) 137M->136M(247M) 61.567ms
[2020-01-29T21:45:15.592+0300][168.780s][info][gc] GC(2711) Pause Young (Allocation Failure) 204M->204M(247M) 0.043ms
[2020-01-29T21:45:15.691+0300][168.878s][info][gc] GC(2712) Pause Full (Allocation Failure) 204M->70M(247M) 97.987ms
[2020-01-29T21:45:15.771+0300][168.958s][info][gc] GC(2713) Pause Young (Allocation Failure) 137M->136M(247M) 62.081ms
[2020-01-29T21:45:15.778+0300][168.964s][info][gc] GC(2714) Pause Young (Allocation Failure) 204M->204M(247M) 0.042ms
[2020-01-29T21:45:15.875+0300][169.063s][info][gc] GC(2715) Pause Full (Allocation Failure) 204M->70M(247M) 97.984ms
[2020-01-29T21:45:15.955+0300][169.142s][info][gc] GC(2716) Pause Young (Allocation Failure) 137M->136M(247M) 61.468ms
[2020-01-29T21:45:15.962+0300][169.149s][info][gc] GC(2717) Pause Young (Allocation Failure) 204M->204M(247M) 0.043ms
[2020-01-29T21:45:16.061+0300][169.248s][info][gc] GC(2718) Pause Full (Allocation Failure) 204M->70M(247M) 98.397ms
[2020-01-29T21:45:16.140+0300][169.327s][info][gc] GC(2719) Pause Young (Allocation Failure) 137M->136M(247M) 61.527ms
[2020-01-29T21:45:16.148+0300][169.334s][info][gc] GC(2720) Pause Young (Allocation Failure) 204M->204M(247M) 0.046ms
[2020-01-29T21:45:16.245+0300][169.433s][info][gc] GC(2721) Pause Full (Allocation Failure) 204M->70M(247M) 98.242ms
[2020-01-29T21:45:16.325+0300][169.513s][info][gc] GC(2722) Pause Young (Allocation Failure) 137M->136M(247M) 61.583ms
[2020-01-29T21:45:16.332+0300][169.519s][info][gc] GC(2723) Pause Young (Allocation Failure) 204M->204M(247M) 0.044ms
[2020-01-29T21:45:16.431+0300][169.618s][info][gc] GC(2724) Pause Full (Allocation Failure) 204M->70M(247M) 98.050ms
[2020-01-29T21:45:16.510+0300][169.697s][info][gc] GC(2725) Pause Young (Allocation Failure) 137M->136M(247M) 61.491ms
[2020-01-29T21:45:16.517+0300][169.704s][info][gc] GC(2726) Pause Young (Allocation Failure) 204M->204M(247M) 0.044ms
[2020-01-29T21:45:16.616+0300][169.804s][info][gc] GC(2727) Pause Full (Allocation Failure) 204M->70M(247M) 99.443ms
[2020-01-29T21:45:16.696+0300][169.884s][info][gc] GC(2728) Pause Young (Allocation Failure) 137M->136M(247M) 61.522ms
[2020-01-29T21:45:16.703+0300][169.890s][info][gc] GC(2729) Pause Young (Allocation Failure) 204M->204M(247M) 0.041ms
[2020-01-29T21:45:16.802+0300][169.989s][info][gc] GC(2730) Pause Full (Allocation Failure) 204M->70M(247M) 98.362ms
[2020-01-29T21:45:16.881+0300][170.068s][info][gc] GC(2731) Pause Young (Allocation Failure) 137M->136M(247M) 61.564ms
[2020-01-29T21:45:16.888+0300][170.075s][info][gc] GC(2732) Pause Young (Allocation Failure) 204M->204M(247M) 0.046ms
[2020-01-29T21:45:16.986+0300][170.173s][info][gc] GC(2733) Pause Full (Allocation Failure) 204M->70M(247M) 98.485ms
[2020-01-29T21:45:17.067+0300][170.254s][info][gc] GC(2734) Pause Young (Allocation Failure) 137M->136M(247M) 61.522ms
[2020-01-29T21:45:17.074+0300][170.261s][info][gc] GC(2735) Pause Young (Allocation Failure) 204M->204M(247M) 0.042ms
[2020-01-29T21:45:17.173+0300][170.360s][info][gc] GC(2736) Pause Full (Allocation Failure) 204M->70M(247M) 99.089ms
[2020-01-29T21:45:17.252+0300][170.440s][info][gc] GC(2737) Pause Young (Allocation Failure) 137M->136M(247M) 61.497ms
[2020-01-29T21:45:17.259+0300][170.446s][info][gc] GC(2738) Pause Young (Allocation Failure) 204M->204M(247M) 0.041ms
[2020-01-29T21:45:17.358+0300][170.545s][info][gc] GC(2739) Pause Full (Allocation Failure) 204M->70M(247M) 98.409ms
[2020-01-29T21:45:17.437+0300][170.624s][info][gc] GC(2740) Pause Young (Allocation Failure) 137M->136M(247M) 61.512ms
[2020-01-29T21:45:17.444+0300][170.631s][info][gc] GC(2741) Pause Young (Allocation Failure) 204M->204M(247M) 0.044ms
[2020-01-29T21:45:17.542+0300][170.729s][info][gc] GC(2742) Pause Full (Allocation Failure) 204M->70M(247M) 98.237ms
[2020-01-29T21:45:17.622+0300][170.810s][info][gc] GC(2743) Pause Young (Allocation Failure) 137M->136M(247M) 61.579ms
[2020-01-29T21:45:17.629+0300][170.817s][info][gc] GC(2744) Pause Young (Allocation Failure) 204M->204M(247M) 0.045ms
[2020-01-29T21:45:17.727+0300][170.915s][info][gc] GC(2745) Pause Full (Allocation Failure) 204M->70M(247M) 98.151ms
[2020-01-29T21:45:17.808+0300][170.995s][info][gc] GC(2746) Pause Young (Allocation Failure) 137M->136M(247M) 61.575ms
[2020-01-29T21:45:17.814+0300][171.001s][info][gc] GC(2747) Pause Young (Allocation Failure) 204M->204M(247M) 0.043ms
[2020-01-29T21:45:17.912+0300][171.099s][info][gc] GC(2748) Pause Full (Allocation Failure) 204M->70M(247M) 98.086ms
[2020-01-29T21:45:17.992+0300][171.180s][info][gc] GC(2749) Pause Young (Allocation Failure) 137M->136M(247M) 61.522ms
[2020-01-29T21:45:17.999+0300][171.186s][info][gc] GC(2750) Pause Young (Allocation Failure) 204M->204M(247M) 0.044ms
[2020-01-29T21:45:18.098+0300][171.285s][info][gc] GC(2751) Pause Full (Allocation Failure) 204M->70M(247M) 98.281ms
[2020-01-29T21:45:18.178+0300][171.365s][info][gc] GC(2752) Pause Young (Allocation Failure) 137M->136M(247M) 61.520ms
[2020-01-29T21:45:18.185+0300][171.372s][info][gc] GC(2753) Pause Young (Allocation Failure) 204M->204M(247M) 0.043ms
[2020-01-29T21:45:18.283+0300][171.470s][info][gc] GC(2754) Pause Full (Allocation Failure) 204M->70M(247M) 98.640ms
[2020-01-29T21:45:18.363+0300][171.551s][info][gc] GC(2755) Pause Young (Allocation Failure) 137M->136M(247M) 61.470ms
[2020-01-29T21:45:18.370+0300][171.557s][info][gc] GC(2756) Pause Young (Allocation Failure) 204M->204M(247M) 0.042ms
[2020-01-29T21:45:18.468+0300][171.655s][info][gc] GC(2757) Pause Full (Allocation Failure) 204M->70M(247M) 98.082ms
[2020-01-29T21:45:18.550+0300][171.737s][info][gc] GC(2758) Pause Young (Allocation Failure) 137M->136M(247M) 62.218ms
[2020-01-29T21:45:18.557+0300][171.744s][info][gc] GC(2759) Pause Young (Allocation Failure) 204M->204M(247M) 0.046ms
[2020-01-29T21:45:18.654+0300][171.842s][info][gc] GC(2760) Pause Full (Allocation Failure) 204M->70M(247M) 98.284ms
[2020-01-29T21:45:18.735+0300][171.922s][info][gc] GC(2761) Pause Young (Allocation Failure) 137M->136M(247M) 61.491ms
[2020-01-29T21:45:18.742+0300][171.929s][info][gc] GC(2762) Pause Young (Allocation Failure) 204M->204M(247M) 0.041ms
[2020-01-29T21:45:18.840+0300][172.028s][info][gc] GC(2763) Pause Full (Allocation Failure) 204M->70M(247M) 98.760ms
[2020-01-29T21:45:18.920+0300][172.108s][info][gc] GC(2764) Pause Young (Allocation Failure) 137M->136M(247M) 61.437ms
[2020-01-29T21:45:18.927+0300][172.114s][info][gc] GC(2765) Pause Young (Allocation Failure) 204M->204M(247M) 0.042ms
[2020-01-29T21:45:19.025+0300][172.212s][info][gc] GC(2766) Pause Full (Allocation Failure) 204M->70M(247M) 98.002ms
[2020-01-29T21:45:19.105+0300][172.292s][info][gc] GC(2767) Pause Young (Allocation Failure) 137M->136M(247M) 61.565ms
[2020-01-29T21:45:19.112+0300][172.299s][info][gc] GC(2768) Pause Young (Allocation Failure) 204M->204M(247M) 0.048ms
[2020-01-29T21:45:19.210+0300][172.397s][info][gc] GC(2769) Pause Full (Allocation Failure) 204M->70M(247M) 98.103ms
[2020-01-29T21:45:19.290+0300][172.477s][info][gc] GC(2770) Pause Young (Allocation Failure) 137M->136M(247M) 61.459ms
[2020-01-29T21:45:19.296+0300][172.484s][info][gc] GC(2771) Pause Young (Allocation Failure) 204M->204M(247M) 0.041ms
[2020-01-29T21:45:19.394+0300][172.582s][info][gc] GC(2772) Pause Full (Allocation Failure) 204M->70M(247M) 98.196ms
[2020-01-29T21:45:19.475+0300][172.662s][info][gc] GC(2773) Pause Young (Allocation Failure) 137M->136M(247M) 61.478ms
[2020-01-29T21:45:19.482+0300][172.669s][info][gc] GC(2774) Pause Young (Allocation Failure) 204M->204M(247M) 0.042ms
[2020-01-29T21:45:19.581+0300][172.768s][info][gc] GC(2775) Pause Full (Allocation Failure) 204M->70M(247M) 98.820ms
[2020-01-29T21:45:19.661+0300][172.848s][info][gc] GC(2776) Pause Young (Allocation Failure) 137M->136M(247M) 61.586ms
[2020-01-29T21:45:19.668+0300][172.855s][info][gc] GC(2777) Pause Young (Allocation Failure) 204M->204M(247M) 0.042ms
[2020-01-29T21:45:19.767+0300][172.953s][info][gc] GC(2778) Pause Full (Allocation Failure) 204M->70M(247M) 98.132ms
[2020-01-29T21:45:19.846+0300][173.034s][info][gc] GC(2779) Pause Young (Allocation Failure) 137M->136M(247M) 61.444ms
[2020-01-29T21:45:19.853+0300][173.040s][info][gc] GC(2780) Pause Young (Allocation Failure) 204M->204M(247M) 0.041ms
[2020-01-29T21:45:19.952+0300][173.139s][info][gc] GC(2781) Pause Full (Allocation Failure) 204M->70M(247M) 98.816ms
[2020-01-29T21:45:20.032+0300][173.219s][info][gc] GC(2782) Pause Young (Allocation Failure) 137M->136M(247M) 61.533ms
[2020-01-29T21:45:20.039+0300][173.226s][info][gc] GC(2783) Pause Young (Allocation Failure) 204M->204M(247M) 0.041ms
[2020-01-29T21:45:20.137+0300][173.324s][info][gc] GC(2784) Pause Full (Allocation Failure) 204M->70M(247M) 98.176ms
[2020-01-29T21:45:20.216+0300][173.404s][info][gc] GC(2785) Pause Young (Allocation Failure) 137M->136M(247M) 61.544ms
[2020-01-29T21:45:20.223+0300][173.411s][info][gc] GC(2786) Pause Young (Allocation Failure) 204M->204M(247M) 0.044ms
[2020-01-29T21:45:20.322+0300][173.510s][info][gc] GC(2787) Pause Full (Allocation Failure) 204M->70M(247M) 98.882ms
[2020-01-29T21:45:20.402+0300][173.589s][info][gc] GC(2788) Pause Young (Allocation Failure) 137M->136M(247M) 61.426ms
[2020-01-29T21:45:20.409+0300][173.596s][info][gc] GC(2789) Pause Young (Allocation Failure) 204M->204M(247M) 0.041ms
[2020-01-29T21:45:20.508+0300][173.694s][info][gc] GC(2790) Pause Full (Allocation Failure) 204M->70M(247M) 98.427ms
[2020-01-29T21:45:20.587+0300][173.775s][info][gc] GC(2791) Pause Young (Allocation Failure) 137M->136M(247M) 61.553ms
[2020-01-29T21:45:20.594+0300][173.782s][info][gc] GC(2792) Pause Young (Allocation Failure) 204M->204M(247M) 0.041ms
[2020-01-29T21:45:20.693+0300][173.880s][info][gc] GC(2793) Pause Full (Allocation Failure) 204M->70M(247M) 97.992ms
[2020-01-29T21:45:20.773+0300][173.960s][info][gc] GC(2794) Pause Young (Allocation Failure) 137M->136M(247M) 62.050ms
[2020-01-29T21:45:20.780+0300][173.967s][info][gc] GC(2795) Pause Young (Allocation Failure) 204M->204M(247M) 0.042ms
[2020-01-29T21:45:20.879+0300][174.066s][info][gc] GC(2796) Pause Full (Allocation Failure) 204M->70M(247M) 99.262ms
[2020-01-29T21:45:20.959+0300][174.146s][info][gc] GC(2797) Pause Young (Allocation Failure) 137M->136M(247M) 62.023ms
[2020-01-29T21:45:20.965+0300][174.153s][info][gc] GC(2798) Pause Young (Allocation Failure) 204M->204M(247M) 0.042ms
[2020-01-29T21:45:21.066+0300][174.252s][info][gc] GC(2799) Pause Full (Allocation Failure) 204M->70M(247M) 99.586ms
[2020-01-29T21:45:21.146+0300][174.333s][info][gc] GC(2800) Pause Young (Allocation Failure) 137M->136M(247M) 61.927ms
[2020-01-29T21:45:21.152+0300][174.339s][info][gc] GC(2801) Pause Young (Allocation Failure) 204M->204M(247M) 0.043ms
[2020-01-29T21:45:21.251+0300][174.437s][info][gc] GC(2802) Pause Full (Allocation Failure) 204M->70M(247M) 98.117ms
[2020-01-29T21:45:21.330+0300][174.518s][info][gc] GC(2803) Pause Young (Allocation Failure) 137M->136M(247M) 61.556ms
[2020-01-29T21:45:21.337+0300][174.525s][info][gc] GC(2804) Pause Young (Allocation Failure) 204M->204M(247M) 0.045ms
[2020-01-29T21:45:21.436+0300][174.623s][info][gc] GC(2805) Pause Full (Allocation Failure) 204M->70M(247M) 98.683ms
[2020-01-29T21:45:21.516+0300][174.703s][info][gc] GC(2806) Pause Young (Allocation Failure) 137M->136M(247M) 61.523ms
[2020-01-29T21:45:21.523+0300][174.710s][info][gc] GC(2807) Pause Young (Allocation Failure) 204M->204M(247M) 0.044ms
[2020-01-29T21:45:21.622+0300][174.809s][info][gc] GC(2808) Pause Full (Allocation Failure) 204M->70M(247M) 98.644ms
[2020-01-29T21:45:21.701+0300][174.889s][info][gc] GC(2809) Pause Young (Allocation Failure) 137M->136M(247M) 61.570ms
[2020-01-29T21:45:21.708+0300][174.895s][info][gc] GC(2810) Pause Young (Allocation Failure) 204M->204M(247M) 0.042ms
[2020-01-29T21:45:21.806+0300][174.994s][info][gc] GC(2811) Pause Full (Allocation Failure) 204M->70M(247M) 98.085ms
[2020-01-29T21:45:21.886+0300][175.073s][info][gc] GC(2812) Pause Young (Allocation Failure) 137M->136M(247M) 61.523ms
[2020-01-29T21:45:21.893+0300][175.080s][info][gc] GC(2813) Pause Young (Allocation Failure) 204M->204M(247M) 0.041ms
[2020-01-29T21:45:21.992+0300][175.178s][info][gc] GC(2814) Pause Full (Allocation Failure) 204M->70M(247M) 98.333ms
[2020-01-29T21:45:22.071+0300][175.259s][info][gc] GC(2815) Pause Young (Allocation Failure) 137M->136M(247M) 61.440ms
[2020-01-29T21:45:22.078+0300][175.266s][info][gc] GC(2816) Pause Young (Allocation Failure) 204M->204M(247M) 0.043ms
[2020-01-29T21:45:22.177+0300][175.364s][info][gc] GC(2817) Pause Full (Allocation Failure) 204M->70M(247M) 98.372ms
[2020-01-29T21:45:22.257+0300][175.444s][info][gc] GC(2818) Pause Young (Allocation Failure) 137M->136M(247M) 61.498ms
[2020-01-29T21:45:22.264+0300][175.451s][info][gc] GC(2819) Pause Young (Allocation Failure) 204M->204M(247M) 0.041ms
[2020-01-29T21:45:22.362+0300][175.549s][info][gc] GC(2820) Pause Full (Allocation Failure) 204M->70M(247M) 98.122ms
[2020-01-29T21:45:22.441+0300][175.629s][info][gc] GC(2821) Pause Young (Allocation Failure) 137M->136M(247M) 61.532ms
[2020-01-29T21:45:22.448+0300][175.636s][info][gc] GC(2822) Pause Young (Allocation Failure) 204M->204M(247M) 0.042ms
[2020-01-29T21:45:22.547+0300][175.734s][info][gc] GC(2823) Pause Full (Allocation Failure) 204M->70M(247M) 98.203ms
[2020-01-29T21:45:22.629+0300][175.816s][info][gc] GC(2824) Pause Young (Allocation Failure) 137M->136M(247M) 62.615ms
[2020-01-29T21:45:22.636+0300][175.823s][info][gc] GC(2825) Pause Young (Allocation Failure) 204M->204M(247M) 0.043ms
[2020-01-29T21:45:22.734+0300][175.921s][info][gc] GC(2826) Pause Full (Allocation Failure) 204M->70M(247M) 98.192ms
[2020-01-29T21:45:22.813+0300][176.001s][info][gc] GC(2827) Pause Young (Allocation Failure) 137M->136M(247M) 61.564ms
[2020-01-29T21:45:22.820+0300][176.008s][info][gc] GC(2828) Pause Young (Allocation Failure) 204M->204M(247M) 0.042ms
[2020-01-29T21:45:22.919+0300][176.106s][info][gc] GC(2829) Pause Full (Allocation Failure) 204M->70M(247M) 98.212ms
[2020-01-29T21:45:22.998+0300][176.185s][info][gc] GC(2830) Pause Young (Allocation Failure) 137M->136M(247M) 61.559ms
[2020-01-29T21:45:23.005+0300][176.192s][info][gc] GC(2831) Pause Young (Allocation Failure) 204M->204M(247M) 0.046ms
[2020-01-29T21:45:23.104+0300][176.291s][info][gc] GC(2832) Pause Full (Allocation Failure) 204M->70M(247M) 98.557ms
[2020-01-29T21:45:23.183+0300][176.371s][info][gc] GC(2833) Pause Young (Allocation Failure) 137M->136M(247M) 61.521ms
[2020-01-29T21:45:23.190+0300][176.377s][info][gc] GC(2834) Pause Young (Allocation Failure) 204M->204M(247M) 0.041ms
[2020-01-29T21:45:23.289+0300][176.476s][info][gc] GC(2835) Pause Full (Allocation Failure) 204M->70M(247M) 98.541ms
[2020-01-29T21:45:23.370+0300][176.557s][info][gc] GC(2836) Pause Young (Allocation Failure) 137M->136M(247M) 62.050ms
[2020-01-29T21:45:23.376+0300][176.563s][info][gc] GC(2837) Pause Young (Allocation Failure) 204M->204M(247M) 0.041ms
[2020-01-29T21:45:23.475+0300][176.662s][info][gc] GC(2838) Pause Full (Allocation Failure) 204M->70M(247M) 98.638ms
[2020-01-29T21:45:23.555+0300][176.743s][info][gc] GC(2839) Pause Young (Allocation Failure) 137M->136M(247M) 61.554ms
[2020-01-29T21:45:23.562+0300][176.750s][info][gc] GC(2840) Pause Young (Allocation Failure) 204M->204M(247M) 0.044ms
[2020-01-29T21:45:23.661+0300][176.848s][info][gc] GC(2841) Pause Full (Allocation Failure) 204M->70M(247M) 98.320ms
[2020-01-29T21:45:23.742+0300][176.929s][info][gc] GC(2842) Pause Young (Allocation Failure) 137M->136M(247M) 62.068ms
[2020-01-29T21:45:23.748+0300][176.935s][info][gc] GC(2843) Pause Young (Allocation Failure) 204M->204M(247M) 0.044ms
[2020-01-29T21:45:23.848+0300][177.035s][info][gc] GC(2844) Pause Full (Allocation Failure) 204M->70M(247M) 99.186ms
[2020-01-29T21:45:23.927+0300][177.115s][info][gc] GC(2845) Pause Young (Allocation Failure) 137M->136M(247M) 61.515ms
[2020-01-29T21:45:23.934+0300][177.121s][info][gc] GC(2846) Pause Young (Allocation Failure) 204M->204M(247M) 0.041ms
[2020-01-29T21:45:24.033+0300][177.220s][info][gc] GC(2847) Pause Full (Allocation Failure) 204M->70M(247M) 98.145ms
[2020-01-29T21:45:24.113+0300][177.300s][info][gc] GC(2848) Pause Young (Allocation Failure) 137M->136M(247M) 61.516ms
[2020-01-29T21:45:24.120+0300][177.307s][info][gc] GC(2849) Pause Young (Allocation Failure) 204M->204M(247M) 0.044ms
[2020-01-29T21:45:24.218+0300][177.405s][info][gc] GC(2850) Pause Full (Allocation Failure) 204M->70M(247M) 98.182ms
[2020-01-29T21:45:24.297+0300][177.485s][info][gc] GC(2851) Pause Young (Allocation Failure) 137M->136M(247M) 61.447ms
[2020-01-29T21:45:24.304+0300][177.491s][info][gc] GC(2852) Pause Young (Allocation Failure) 204M->204M(247M) 0.041ms
[2020-01-29T21:45:24.403+0300][177.590s][info][gc] GC(2853) Pause Full (Allocation Failure) 204M->70M(247M) 98.372ms
[2020-01-29T21:45:24.482+0300][177.669s][info][gc] GC(2854) Pause Young (Allocation Failure) 137M->136M(247M) 61.469ms
[2020-01-29T21:45:24.489+0300][177.676s][info][gc] GC(2855) Pause Young (Allocation Failure) 204M->204M(247M) 0.045ms
[2020-01-29T21:45:24.588+0300][177.775s][info][gc] GC(2856) Pause Full (Allocation Failure) 204M->70M(247M) 98.221ms
[2020-01-29T21:45:24.667+0300][177.855s][info][gc] GC(2857) Pause Young (Allocation Failure) 137M->136M(247M) 61.578ms
[2020-01-29T21:45:24.674+0300][177.862s][info][gc] GC(2858) Pause Young (Allocation Failure) 204M->204M(247M) 0.044ms
[2020-01-29T21:45:24.773+0300][177.960s][info][gc] GC(2859) Pause Full (Allocation Failure) 204M->70M(247M) 98.302ms
[2020-01-29T21:45:24.853+0300][178.040s][info][gc] GC(2860) Pause Young (Allocation Failure) 137M->136M(247M) 61.435ms
[2020-01-29T21:45:24.860+0300][178.047s][info][gc] GC(2861) Pause Young (Allocation Failure) 204M->204M(247M) 0.040ms
[2020-01-29T21:45:24.959+0300][178.145s][info][gc] GC(2862) Pause Full (Allocation Failure) 204M->70M(247M) 98.452ms
[2020-01-29T21:45:25.037+0300][178.225s][info][gc] GC(2863) Pause Young (Allocation Failure) 137M->136M(247M) 61.478ms
[2020-01-29T21:45:25.044+0300][178.231s][info][gc] GC(2864) Pause Young (Allocation Failure) 204M->204M(247M) 0.041ms
[2020-01-29T21:45:25.142+0300][178.330s][info][gc] GC(2865) Pause Full (Allocation Failure) 204M->70M(247M) 98.199ms
[2020-01-29T21:45:25.222+0300][178.409s][info][gc] GC(2866) Pause Young (Allocation Failure) 137M->136M(247M) 61.570ms
[2020-01-29T21:45:25.229+0300][178.416s][info][gc] GC(2867) Pause Young (Allocation Failure) 204M->204M(247M) 0.042ms
[2020-01-29T21:45:25.328+0300][178.514s][info][gc] GC(2868) Pause Full (Allocation Failure) 204M->70M(247M) 98.246ms
[2020-01-29T21:45:25.406+0300][178.594s][info][gc] GC(2869) Pause Young (Allocation Failure) 137M->136M(247M) 61.467ms
[2020-01-29T21:45:25.413+0300][178.600s][info][gc] GC(2870) Pause Young (Allocation Failure) 204M->204M(247M) 0.043ms
[2020-01-29T21:45:25.512+0300][178.699s][info][gc] GC(2871) Pause Full (Allocation Failure) 204M->70M(247M) 98.370ms
[2020-01-29T21:45:25.592+0300][178.780s][info][gc] GC(2872) Pause Young (Allocation Failure) 137M->136M(247M) 62.327ms
[2020-01-29T21:45:25.599+0300][178.787s][info][gc] GC(2873) Pause Young (Allocation Failure) 204M->204M(247M) 0.042ms
[2020-01-29T21:45:25.699+0300][178.885s][info][gc] GC(2874) Pause Full (Allocation Failure) 204M->70M(247M) 98.845ms
[2020-01-29T21:45:25.778+0300][178.965s][info][gc] GC(2875) Pause Young (Allocation Failure) 137M->136M(247M) 62.050ms
[2020-01-29T21:45:25.785+0300][178.972s][info][gc] GC(2876) Pause Young (Allocation Failure) 204M->204M(247M) 0.044ms
[2020-01-29T21:45:25.883+0300][179.070s][info][gc] GC(2877) Pause Full (Allocation Failure) 204M->70M(247M) 98.028ms
[2020-01-29T21:45:25.963+0300][179.150s][info][gc] GC(2878) Pause Young (Allocation Failure) 137M->136M(247M) 61.472ms
[2020-01-29T21:45:25.970+0300][179.157s][info][gc] GC(2879) Pause Young (Allocation Failure) 204M->204M(247M) 0.042ms
[2020-01-29T21:45:26.069+0300][179.256s][info][gc] GC(2880) Pause Full (Allocation Failure) 204M->70M(247M) 98.586ms
[2020-01-29T21:45:26.148+0300][179.336s][info][gc] GC(2881) Pause Young (Allocation Failure) 137M->136M(247M) 61.507ms
[2020-01-29T21:45:26.155+0300][179.342s][info][gc] GC(2882) Pause Young (Allocation Failure) 204M->204M(247M) 0.042ms
[2020-01-29T21:45:26.254+0300][179.441s][info][gc] GC(2883) Pause Full (Allocation Failure) 204M->70M(247M) 98.325ms
[2020-01-29T21:45:26.333+0300][179.520s][info][gc] GC(2884) Pause Young (Allocation Failure) 137M->136M(247M) 61.643ms
[2020-01-29T21:45:26.340+0300][179.527s][info][gc] GC(2885) Pause Young (Allocation Failure) 204M->204M(247M) 0.044ms
[2020-01-29T21:45:26.439+0300][179.626s][info][gc] GC(2886) Pause Full (Allocation Failure) 204M->70M(247M) 98.292ms
[2020-01-29T21:45:26.519+0300][179.706s][info][gc] GC(2887) Pause Young (Allocation Failure) 137M->136M(247M) 61.486ms
[2020-01-29T21:45:26.526+0300][179.713s][info][gc] GC(2888) Pause Young (Allocation Failure) 204M->204M(247M) 0.044ms
[2020-01-29T21:45:26.625+0300][179.812s][info][gc] GC(2889) Pause Full (Allocation Failure) 204M->70M(247M) 98.741ms
[2020-01-29T21:45:26.706+0300][179.893s][info][gc] GC(2890) Pause Young (Allocation Failure) 137M->136M(247M) 62.147ms
[2020-01-29T21:45:26.712+0300][179.899s][info][gc] GC(2891) Pause Young (Allocation Failure) 204M->204M(247M) 0.046ms
[2020-01-29T21:45:26.810+0300][179.998s][info][gc] GC(2892) Pause Full (Allocation Failure) 204M->70M(247M) 98.308ms
[2020-01-29T21:45:26.890+0300][180.078s][info][gc] GC(2893) Pause Young (Allocation Failure) 137M->136M(247M) 61.730ms
[2020-01-29T21:45:26.897+0300][180.084s][info][gc] GC(2894) Pause Young (Allocation Failure) 204M->204M(247M) 0.042ms
[2020-01-29T21:45:26.996+0300][180.183s][info][gc] GC(2895) Pause Full (Allocation Failure) 204M->70M(247M) 98.197ms
[2020-01-29T21:45:27.076+0300][180.263s][info][gc] GC(2896) Pause Young (Allocation Failure) 137M->136M(247M) 61.529ms
[2020-01-29T21:45:27.083+0300][180.270s][info][gc] GC(2897) Pause Young (Allocation Failure) 204M->204M(247M) 0.045ms
[2020-01-29T21:45:27.181+0300][180.368s][info][gc] GC(2898) Pause Full (Allocation Failure) 204M->70M(247M) 98.769ms
[2020-01-29T21:45:27.262+0300][180.448s][info][gc] GC(2899) Pause Young (Allocation Failure) 137M->136M(247M) 61.455ms
[2020-01-29T21:45:27.268+0300][180.455s][info][gc] GC(2900) Pause Young (Allocation Failure) 204M->204M(247M) 0.041ms
[2020-01-29T21:45:27.366+0300][180.553s][info][gc] GC(2901) Pause Full (Allocation Failure) 204M->70M(247M) 98.165ms
[2020-01-29T21:45:27.446+0300][180.633s][info][gc] GC(2902) Pause Young (Allocation Failure) 137M->136M(247M) 61.532ms
[2020-01-29T21:45:27.453+0300][180.640s][info][gc] GC(2903) Pause Young (Allocation Failure) 204M->204M(247M) 0.043ms
[2020-01-29T21:45:27.552+0300][180.739s][info][gc] GC(2904) Pause Full (Allocation Failure) 204M->70M(247M) 98.366ms
[2020-01-29T21:45:27.633+0300][180.820s][info][gc] GC(2905) Pause Young (Allocation Failure) 137M->136M(247M) 62.405ms
[2020-01-29T21:45:27.640+0300][180.827s][info][gc] GC(2906) Pause Young (Allocation Failure) 204M->204M(247M) 0.043ms
[2020-01-29T21:45:27.737+0300][180.925s][info][gc] GC(2907) Pause Full (Allocation Failure) 204M->70M(247M) 98.115ms
[2020-01-29T21:45:27.817+0300][181.004s][info][gc] GC(2908) Pause Young (Allocation Failure) 137M->136M(247M) 61.591ms
[2020-01-29T21:45:27.824+0300][181.011s][info][gc] GC(2909) Pause Young (Allocation Failure) 204M->204M(247M) 0.041ms
[2020-01-29T21:45:27.922+0300][181.109s][info][gc] GC(2910) Pause Full (Allocation Failure) 204M->70M(247M) 97.961ms
[2020-01-29T21:45:28.002+0300][181.189s][info][gc] GC(2911) Pause Young (Allocation Failure) 137M->136M(247M) 61.709ms
[2020-01-29T21:45:28.009+0300][181.196s][info][gc] GC(2912) Pause Young (Allocation Failure) 204M->204M(247M) 0.044ms
[2020-01-29T21:45:28.107+0300][181.294s][info][gc] GC(2913) Pause Full (Allocation Failure) 204M->70M(247M) 98.379ms
[2020-01-29T21:45:28.188+0300][181.374s][info][gc] GC(2914) Pause Young (Allocation Failure) 137M->136M(247M) 61.591ms
[2020-01-29T21:45:28.195+0300][181.381s][info][gc] GC(2915) Pause Young (Allocation Failure) 204M->204M(247M) 0.043ms
[2020-01-29T21:45:28.294+0300][181.481s][info][gc] GC(2916) Pause Full (Allocation Failure) 204M->70M(247M) 99.513ms
[2020-01-29T21:45:28.374+0300][181.561s][info][gc] GC(2917) Pause Young (Allocation Failure) 137M->136M(247M) 61.557ms
[2020-01-29T21:45:28.381+0300][181.568s][info][gc] GC(2918) Pause Young (Allocation Failure) 204M->204M(247M) 0.041ms
[2020-01-29T21:45:28.478+0300][181.666s][info][gc] GC(2919) Pause Full (Allocation Failure) 204M->70M(247M) 98.155ms
[2020-01-29T21:45:28.560+0300][181.747s][info][gc] GC(2920) Pause Young (Allocation Failure) 137M->136M(247M) 61.838ms
[2020-01-29T21:45:28.567+0300][181.754s][info][gc] GC(2921) Pause Young (Allocation Failure) 204M->204M(247M) 0.045ms
[2020-01-29T21:45:28.665+0300][181.852s][info][gc] GC(2922) Pause Full (Allocation Failure) 204M->70M(247M) 98.478ms
[2020-01-29T21:45:28.746+0300][181.933s][info][gc] GC(2923) Pause Young (Allocation Failure) 137M->136M(247M) 61.529ms
[2020-01-29T21:45:28.753+0300][181.940s][info][gc] GC(2924) Pause Young (Allocation Failure) 204M->204M(247M) 0.042ms
[2020-01-29T21:45:28.851+0300][182.038s][info][gc] GC(2925) Pause Full (Allocation Failure) 204M->70M(247M) 98.277ms
[2020-01-29T21:45:28.931+0300][182.118s][info][gc] GC(2926) Pause Young (Allocation Failure) 137M->136M(247M) 61.525ms
[2020-01-29T21:45:28.937+0300][182.125s][info][gc] GC(2927) Pause Young (Allocation Failure) 204M->204M(247M) 0.041ms
[2020-01-29T21:45:29.037+0300][182.224s][info][gc] GC(2928) Pause Full (Allocation Failure) 204M->70M(247M) 98.906ms
[2020-01-29T21:45:29.116+0300][182.303s][info][gc] GC(2929) Pause Young (Allocation Failure) 137M->136M(247M) 61.550ms
[2020-01-29T21:45:29.123+0300][182.310s][info][gc] GC(2930) Pause Young (Allocation Failure) 204M->204M(247M) 0.043ms
[2020-01-29T21:45:29.221+0300][182.408s][info][gc] GC(2931) Pause Full (Allocation Failure) 204M->70M(247M) 98.397ms
[2020-01-29T21:45:29.301+0300][182.488s][info][gc] GC(2932) Pause Young (Allocation Failure) 137M->136M(247M) 61.426ms
[2020-01-29T21:45:29.308+0300][182.495s][info][gc] GC(2933) Pause Young (Allocation Failure) 204M->204M(247M) 0.041ms
[2020-01-29T21:45:29.406+0300][182.593s][info][gc] GC(2934) Pause Full (Allocation Failure) 204M->70M(247M) 98.144ms
[2020-01-29T21:45:29.486+0300][182.673s][info][gc] GC(2935) Pause Young (Allocation Failure) 137M->136M(247M) 61.459ms
[2020-01-29T21:45:29.493+0300][182.680s][info][gc] GC(2936) Pause Young (Allocation Failure) 204M->204M(247M) 0.047ms
[2020-01-29T21:45:29.591+0300][182.778s][info][gc] GC(2937) Pause Full (Allocation Failure) 204M->70M(247M) 98.345ms
[2020-01-29T21:45:29.672+0300][182.859s][info][gc] GC(2938) Pause Young (Allocation Failure) 137M->136M(247M) 61.823ms
[2020-01-29T21:45:29.678+0300][182.866s][info][gc] GC(2939) Pause Young (Allocation Failure) 204M->204M(247M) 0.044ms
[2020-01-29T21:45:29.777+0300][182.964s][info][gc] GC(2940) Pause Full (Allocation Failure) 204M->70M(247M) 98.047ms
[2020-01-29T21:45:29.857+0300][183.044s][info][gc] GC(2941) Pause Young (Allocation Failure) 137M->136M(247M) 61.474ms
[2020-01-29T21:45:29.863+0300][183.051s][info][gc] GC(2942) Pause Young (Allocation Failure) 204M->204M(247M) 0.041ms
[2020-01-29T21:45:29.962+0300][183.149s][info][gc] GC(2943) Pause Full (Allocation Failure) 204M->70M(247M) 98.353ms
[2020-01-29T21:45:30.042+0300][183.229s][info][gc] GC(2944) Pause Young (Allocation Failure) 137M->136M(247M) 61.452ms
[2020-01-29T21:45:30.049+0300][183.236s][info][gc] GC(2945) Pause Young (Allocation Failure) 204M->204M(247M) 0.041ms
[2020-01-29T21:45:30.146+0300][183.334s][info][gc] GC(2946) Pause Full (Allocation Failure) 204M->70M(247M) 98.211ms
[2020-01-29T21:45:30.227+0300][183.414s][info][gc] GC(2947) Pause Young (Allocation Failure) 137M->136M(247M) 61.518ms
[2020-01-29T21:45:30.234+0300][183.421s][info][gc] GC(2948) Pause Young (Allocation Failure) 204M->204M(247M) 0.044ms
[2020-01-29T21:45:30.334+0300][183.521s][info][gc] GC(2949) Pause Full (Allocation Failure) 204M->70M(247M) 99.323ms
[2020-01-29T21:45:30.413+0300][183.600s][info][gc] GC(2950) Pause Young (Allocation Failure) 137M->136M(247M) 61.438ms
[2020-01-29T21:45:30.420+0300][183.607s][info][gc] GC(2951) Pause Young (Allocation Failure) 204M->204M(247M) 0.042ms
[2020-01-29T21:45:30.518+0300][183.705s][info][gc] GC(2952) Pause Full (Allocation Failure) 204M->70M(247M) 98.265ms
[2020-01-29T21:45:30.599+0300][183.785s][info][gc] GC(2953) Pause Young (Allocation Failure) 137M->136M(247M) 61.507ms
[2020-01-29T21:45:30.606+0300][183.792s][info][gc] GC(2954) Pause Young (Allocation Failure) 204M->204M(247M) 0.042ms
[2020-01-29T21:45:30.703+0300][183.890s][info][gc] GC(2955) Pause Full (Allocation Failure) 204M->70M(247M) 98.063ms
[2020-01-29T21:45:30.783+0300][183.971s][info][gc] GC(2956) Pause Young (Allocation Failure) 137M->136M(247M) 61.633ms
[2020-01-29T21:45:30.790+0300][183.978s][info][gc] GC(2957) Pause Young (Allocation Failure) 204M->204M(247M) 0.045ms
[2020-01-29T21:45:30.889+0300][184.076s][info][gc] GC(2958) Pause Full (Allocation Failure) 204M->70M(247M) 98.083ms
[2020-01-29T21:45:30.970+0300][184.157s][info][gc] GC(2959) Pause Young (Allocation Failure) 137M->136M(247M) 62.162ms
[2020-01-29T21:45:30.977+0300][184.163s][info][gc] GC(2960) Pause Young (Allocation Failure) 204M->204M(247M) 0.046ms
[2020-01-29T21:45:31.074+0300][184.262s][info][gc] GC(2961) Pause Full (Allocation Failure) 204M->70M(247M) 98.307ms
[2020-01-29T21:45:31.154+0300][184.342s][info][gc] GC(2962) Pause Young (Allocation Failure) 137M->136M(247M) 61.506ms
[2020-01-29T21:45:31.161+0300][184.349s][info][gc] GC(2963) Pause Young (Allocation Failure) 204M->204M(247M) 0.042ms
[2020-01-29T21:45:31.260+0300][184.447s][info][gc] GC(2964) Pause Full (Allocation Failure) 204M->70M(247M) 98.401ms
[2020-01-29T21:45:31.341+0300][184.528s][info][gc] GC(2965) Pause Young (Allocation Failure) 137M->136M(247M) 62.373ms
[2020-01-29T21:45:31.348+0300][184.535s][info][gc] GC(2966) Pause Young (Allocation Failure) 204M->204M(247M) 0.045ms
[2020-01-29T21:45:31.446+0300][184.634s][info][gc] GC(2967) Pause Full (Allocation Failure) 204M->70M(247M) 99.050ms
[2020-01-29T21:45:31.528+0300][184.714s][info][gc] GC(2968) Pause Young (Allocation Failure) 137M->136M(247M) 61.809ms
[2020-01-29T21:45:31.535+0300][184.721s][info][gc] GC(2969) Pause Young (Allocation Failure) 204M->204M(247M) 0.045ms
[2020-01-29T21:45:31.633+0300][184.820s][info][gc] GC(2970) Pause Full (Allocation Failure) 204M->70M(247M) 98.541ms
[2020-01-29T21:45:31.713+0300][184.900s][info][gc] GC(2971) Pause Young (Allocation Failure) 137M->136M(247M) 61.505ms
[2020-01-29T21:45:31.720+0300][184.907s][info][gc] GC(2972) Pause Young (Allocation Failure) 204M->204M(247M) 0.043ms
[2020-01-29T21:45:31.817+0300][185.005s][info][gc] GC(2973) Pause Full (Allocation Failure) 204M->70M(247M) 98.196ms
[2020-01-29T21:45:31.900+0300][185.088s][info][gc] GC(2974) Pause Young (Allocation Failure) 137M->136M(247M) 63.566ms
[2020-01-29T21:45:31.907+0300][185.095s][info][gc] GC(2975) Pause Young (Allocation Failure) 204M->204M(247M) 0.042ms
[2020-01-29T21:45:32.009+0300][185.196s][info][gc] GC(2976) Pause Full (Allocation Failure) 204M->70M(247M) 100.936ms
[2020-01-29T21:45:32.088+0300][185.275s][info][gc] GC(2977) Pause Young (Allocation Failure) 137M->135M(247M) 61.544ms
[2020-01-29T21:45:32.095+0300][185.282s][info][gc] GC(2978) Pause Young (Allocation Failure) 204M->204M(247M) 0.043ms
[2020-01-29T21:45:32.193+0300][185.380s][info][gc] GC(2979) Pause Full (Allocation Failure) 204M->70M(247M) 98.383ms
[2020-01-29T21:45:32.274+0300][185.461s][info][gc] GC(2980) Pause Young (Allocation Failure) 137M->135M(247M) 61.473ms
[2020-01-29T21:45:32.280+0300][185.467s][info][gc] GC(2981) Pause Young (Allocation Failure) 204M->204M(247M) 0.041ms
[2020-01-29T21:45:32.379+0300][185.566s][info][gc] GC(2982) Pause Full (Allocation Failure) 204M->70M(247M) 98.733ms
[2020-01-29T21:45:32.459+0300][185.646s][info][gc] GC(2983) Pause Young (Allocation Failure) 137M->135M(247M) 61.538ms
[2020-01-29T21:45:32.466+0300][185.653s][info][gc] GC(2984) Pause Young (Allocation Failure) 204M->204M(247M) 0.044ms
[2020-01-29T21:45:32.565+0300][185.753s][info][gc] GC(2985) Pause Full (Allocation Failure) 204M->70M(247M) 99.598ms
[2020-01-29T21:45:32.646+0300][185.834s][info][gc] GC(2986) Pause Young (Allocation Failure) 137M->135M(247M) 62.504ms
[2020-01-29T21:45:32.653+0300][185.841s][info][gc] GC(2987) Pause Young (Allocation Failure) 204M->204M(247M) 0.043ms
[2020-01-29T21:45:32.752+0300][185.940s][info][gc] GC(2988) Pause Full (Allocation Failure) 204M->70M(247M) 98.841ms
[2020-01-29T21:45:32.832+0300][186.019s][info][gc] GC(2989) Pause Young (Allocation Failure) 136M->135M(247M) 61.605ms
[2020-01-29T21:45:32.839+0300][186.026s][info][gc] GC(2990) Pause Young (Allocation Failure) 204M->204M(247M) 0.041ms
[2020-01-29T21:45:32.937+0300][186.124s][info][gc] GC(2991) Pause Full (Allocation Failure) 204M->70M(247M) 98.478ms
[2020-01-29T21:45:33.018+0300][186.205s][info][gc] GC(2992) Pause Young (Allocation Failure) 137M->135M(247M) 62.027ms
[2020-01-29T21:45:33.025+0300][186.212s][info][gc] GC(2993) Pause Young (Allocation Failure) 204M->204M(247M) 0.043ms
[2020-01-29T21:45:33.123+0300][186.310s][info][gc] GC(2994) Pause Full (Allocation Failure) 204M->70M(247M) 98.108ms
[2020-01-29T21:45:33.203+0300][186.390s][info][gc] GC(2995) Pause Young (Allocation Failure) 137M->135M(247M) 61.524ms
[2020-01-29T21:45:33.210+0300][186.397s][info][gc] GC(2996) Pause Young (Allocation Failure) 204M->204M(247M) 0.043ms
[2020-01-29T21:45:33.308+0300][186.495s][info][gc] GC(2997) Pause Full (Allocation Failure) 204M->70M(247M) 98.147ms
