[2020-01-29T22:15:20.638+0300][0.009s][info][gc] Using Serial
[2020-01-29T22:15:20.935+0300][0.307s][info][gc] GC(0) Pause Young (Allocation Failure) 68M->60M(247M) 72.787ms
[2020-01-29T22:15:21.068+0300][0.439s][info][gc] GC(1) Pause Young (Allocation Failure) 129M->127M(247M) 121.123ms
[2020-01-29T22:15:21.090+0300][0.462s][info][gc] GC(2) Pause Young (Allocation Failure) 196M->196M(247M) 0.043ms
[2020-01-29T22:15:21.175+0300][0.547s][info][gc] GC(3) Pause Full (Allocation Failure) 196M->56M(247M) 85.046ms
[2020-01-29T22:15:21.248+0300][0.620s][info][gc] GC(4) Pause Young (Allocation Failure) 125M->124M(247M) 65.072ms
[2020-01-29T22:15:21.266+0300][0.638s][info][gc] GC(5) Pause Young (Allocation Failure) 192M->192M(247M) 0.042ms
[2020-01-29T22:15:21.348+0300][0.720s][info][gc] GC(6) Pause Full (Allocation Failure) 192M->59M(247M) 82.465ms
[2020-01-29T22:15:21.427+0300][0.799s][info][gc] GC(7) Pause Young (Allocation Failure) 127M->127M(247M) 66.168ms
[2020-01-29T22:15:21.446+0300][0.818s][info][gc] GC(8) Pause Young (Allocation Failure) 195M->195M(247M) 0.040ms
[2020-01-29T22:15:21.532+0300][0.905s][info][gc] GC(9) Pause Full (Allocation Failure) 195M->61M(247M) 86.747ms
[2020-01-29T22:15:21.609+0300][0.981s][info][gc] GC(10) Pause Young (Allocation Failure) 130M->130M(247M) 66.137ms
[2020-01-29T22:15:21.630+0300][1.002s][info][gc] GC(11) Pause Young (Allocation Failure) 198M->198M(247M) 0.040ms
[2020-01-29T22:15:21.722+0300][1.094s][info][gc] GC(12) Pause Full (Allocation Failure) 198M->62M(247M) 91.968ms
[2020-01-29T22:15:21.800+0300][1.172s][info][gc] GC(13) Pause Young (Allocation Failure) 131M->130M(247M) 64.654ms
[2020-01-29T22:15:21.819+0300][1.191s][info][gc] GC(14) Pause Young (Allocation Failure) 198M->198M(247M) 0.041ms
[2020-01-29T22:15:21.936+0300][1.308s][info][gc] GC(15) Pause Full (Allocation Failure) 198M->65M(247M) 117.204ms
[2020-01-29T22:15:22.022+0300][1.394s][info][gc] GC(16) Pause Young (Allocation Failure) 133M->133M(247M) 70.817ms
[2020-01-29T22:15:22.040+0300][1.411s][info][gc] GC(17) Pause Young (Allocation Failure) 201M->201M(247M) 0.043ms
[2020-01-29T22:15:22.133+0300][1.505s][info][gc] GC(18) Pause Full (Allocation Failure) 201M->68M(247M) 94.022ms
[2020-01-29T22:15:22.221+0300][1.593s][info][gc] GC(19) Pause Young (Allocation Failure) 136M->135M(247M) 68.506ms
[2020-01-29T22:15:22.228+0300][1.600s][info][gc] GC(20) Pause Young (Allocation Failure) 203M->203M(247M) 0.043ms
[2020-01-29T22:15:22.325+0300][1.697s][info][gc] GC(21) Pause Full (Allocation Failure) 203M->70M(247M) 96.550ms
[2020-01-29T22:15:22.405+0300][1.777s][info][gc] GC(22) Pause Young (Allocation Failure) 136M->135M(247M) 61.621ms
[2020-01-29T22:15:22.412+0300][1.784s][info][gc] GC(23) Pause Young (Allocation Failure) 203M->203M(247M) 0.041ms
[2020-01-29T22:15:22.509+0300][1.880s][info][gc] GC(24) Pause Full (Allocation Failure) 203M->70M(247M) 96.661ms
[2020-01-29T22:15:22.591+0300][1.962s][info][gc] GC(25) Pause Young (Allocation Failure) 136M->135M(247M) 63.343ms
[2020-01-29T22:15:22.598+0300][1.969s][info][gc] GC(26) Pause Young (Allocation Failure) 203M->203M(247M) 0.042ms
[2020-01-29T22:15:22.694+0300][2.066s][info][gc] GC(27) Pause Full (Allocation Failure) 203M->70M(247M) 96.951ms
[2020-01-29T22:15:22.775+0300][2.147s][info][gc] GC(28) Pause Young (Allocation Failure) 136M->135M(247M) 61.906ms
[2020-01-29T22:15:22.781+0300][2.153s][info][gc] GC(29) Pause Young (Allocation Failure) 203M->203M(247M) 0.042ms
[2020-01-29T22:15:22.878+0300][2.249s][info][gc] GC(30) Pause Full (Allocation Failure) 203M->70M(247M) 95.836ms
[2020-01-29T22:15:22.957+0300][2.329s][info][gc] GC(31) Pause Young (Allocation Failure) 136M->135M(247M) 61.967ms
[2020-01-29T22:15:22.964+0300][2.336s][info][gc] GC(32) Pause Young (Allocation Failure) 203M->203M(247M) 0.040ms
[2020-01-29T22:15:23.060+0300][2.432s][info][gc] GC(33) Pause Full (Allocation Failure) 203M->70M(247M) 96.072ms
[2020-01-29T22:15:23.140+0300][2.512s][info][gc] GC(34) Pause Young (Allocation Failure) 136M->135M(247M) 61.688ms
[2020-01-29T22:15:23.147+0300][2.519s][info][gc] GC(35) Pause Young (Allocation Failure) 203M->203M(247M) 0.040ms
[2020-01-29T22:15:23.243+0300][2.615s][info][gc] GC(36) Pause Full (Allocation Failure) 203M->70M(247M) 95.682ms
[2020-01-29T22:15:23.323+0300][2.695s][info][gc] GC(37) Pause Young (Allocation Failure) 136M->135M(247M) 61.654ms
[2020-01-29T22:15:23.330+0300][2.702s][info][gc] GC(38) Pause Young (Allocation Failure) 203M->203M(247M) 0.041ms
[2020-01-29T22:15:23.425+0300][2.797s][info][gc] GC(39) Pause Full (Allocation Failure) 203M->70M(247M) 95.915ms
[2020-01-29T22:15:23.506+0300][2.878s][info][gc] GC(40) Pause Young (Allocation Failure) 136M->135M(247M) 62.729ms
[2020-01-29T22:15:23.513+0300][2.885s][info][gc] GC(41) Pause Young (Allocation Failure) 203M->203M(247M) 0.040ms
[2020-01-29T22:15:23.610+0300][2.982s][info][gc] GC(42) Pause Full (Allocation Failure) 203M->70M(247M) 96.168ms
[2020-01-29T22:15:23.690+0300][3.062s][info][gc] GC(43) Pause Young (Allocation Failure) 136M->135M(247M) 61.578ms
[2020-01-29T22:15:23.697+0300][3.069s][info][gc] GC(44) Pause Young (Allocation Failure) 203M->203M(247M) 0.040ms
[2020-01-29T22:15:23.792+0300][3.165s][info][gc] GC(45) Pause Full (Allocation Failure) 203M->70M(247M) 95.863ms
[2020-01-29T22:15:23.872+0300][3.244s][info][gc] GC(46) Pause Young (Allocation Failure) 136M->135M(247M) 61.644ms
[2020-01-29T22:15:23.879+0300][3.251s][info][gc] GC(47) Pause Young (Allocation Failure) 203M->203M(247M) 0.040ms
[2020-01-29T22:15:23.976+0300][3.348s][info][gc] GC(48) Pause Full (Allocation Failure) 203M->70M(247M) 96.843ms
[2020-01-29T22:15:24.066+0300][3.437s][info][gc] GC(49) Pause Young (Allocation Failure) 137M->135M(247M) 66.159ms
[2020-01-29T22:15:24.073+0300][3.444s][info][gc] GC(50) Pause Young (Allocation Failure) 203M->203M(247M) 0.042ms
[2020-01-29T22:15:24.169+0300][3.541s][info][gc] GC(51) Pause Full (Allocation Failure) 203M->70M(247M) 96.846ms
[2020-01-29T22:15:24.249+0300][3.621s][info][gc] GC(52) Pause Young (Allocation Failure) 136M->135M(247M) 61.686ms
[2020-01-29T22:15:24.257+0300][3.629s][info][gc] GC(53) Pause Young (Allocation Failure) 203M->203M(247M) 0.040ms
[2020-01-29T22:15:24.352+0300][3.725s][info][gc] GC(54) Pause Full (Allocation Failure) 203M->69M(247M) 95.842ms
[2020-01-29T22:15:24.434+0300][3.806s][info][gc] GC(55) Pause Young (Allocation Failure) 136M->135M(247M) 62.452ms
[2020-01-29T22:15:24.442+0300][3.814s][info][gc] GC(56) Pause Young (Allocation Failure) 203M->203M(247M) 0.044ms
[2020-01-29T22:15:24.538+0300][3.910s][info][gc] GC(57) Pause Full (Allocation Failure) 203M->70M(247M) 96.437ms
[2020-01-29T22:15:24.620+0300][3.991s][info][gc] GC(58) Pause Young (Allocation Failure) 137M->135M(247M) 62.228ms
[2020-01-29T22:15:24.629+0300][4.001s][info][gc] GC(59) Pause Young (Allocation Failure) 203M->203M(247M) 0.043ms
[2020-01-29T22:15:24.725+0300][4.098s][info][gc] GC(60) Pause Full (Allocation Failure) 203M->69M(247M) 96.914ms
[2020-01-29T22:15:24.809+0300][4.180s][info][gc] GC(61) Pause Young (Allocation Failure) 137M->135M(247M) 63.449ms
[2020-01-29T22:15:24.816+0300][4.187s][info][gc] GC(62) Pause Young (Allocation Failure) 204M->204M(247M) 0.039ms
[2020-01-29T22:15:24.913+0300][4.285s][info][gc] GC(63) Pause Full (Allocation Failure) 204M->70M(247M) 97.046ms
[2020-01-29T22:15:24.996+0300][4.368s][info][gc] GC(64) Pause Young (Allocation Failure) 136M->135M(247M) 62.577ms
[2020-01-29T22:15:25.004+0300][4.376s][info][gc] GC(65) Pause Young (Allocation Failure) 204M->204M(247M) 0.044ms
[2020-01-29T22:15:25.106+0300][4.478s][info][gc] GC(66) Pause Full (Allocation Failure) 204M->70M(247M) 102.212ms
[2020-01-29T22:15:25.187+0300][4.559s][info][gc] GC(67) Pause Young (Allocation Failure) 136M->135M(247M) 62.553ms
[2020-01-29T22:15:25.194+0300][4.566s][info][gc] GC(68) Pause Young (Allocation Failure) 204M->204M(247M) 0.043ms
[2020-01-29T22:15:25.292+0300][4.664s][info][gc] GC(69) Pause Full (Allocation Failure) 204M->70M(247M) 97.893ms
[2020-01-29T22:15:25.373+0300][4.744s][info][gc] GC(70) Pause Young (Allocation Failure) 136M->135M(247M) 62.237ms
[2020-01-29T22:15:25.380+0300][4.751s][info][gc] GC(71) Pause Young (Allocation Failure) 204M->204M(247M) 0.042ms
[2020-01-29T22:15:25.478+0300][4.850s][info][gc] GC(72) Pause Full (Allocation Failure) 204M->70M(247M) 98.545ms
[2020-01-29T22:15:25.558+0300][4.931s][info][gc] GC(73) Pause Young (Allocation Failure) 137M->135M(247M) 61.767ms
[2020-01-29T22:15:25.566+0300][4.938s][info][gc] GC(74) Pause Young (Allocation Failure) 204M->204M(247M) 0.044ms
[2020-01-29T22:15:25.663+0300][5.035s][info][gc] GC(75) Pause Full (Allocation Failure) 204M->70M(247M) 97.172ms
[2020-01-29T22:15:25.744+0300][5.115s][info][gc] GC(76) Pause Young (Allocation Failure) 137M->135M(247M) 61.953ms
[2020-01-29T22:15:25.751+0300][5.122s][info][gc] GC(77) Pause Young (Allocation Failure) 204M->204M(247M) 0.043ms
[2020-01-29T22:15:25.848+0300][5.220s][info][gc] GC(78) Pause Full (Allocation Failure) 204M->70M(247M) 97.936ms
[2020-01-29T22:15:25.928+0300][5.300s][info][gc] GC(79) Pause Young (Allocation Failure) 137M->135M(247M) 61.664ms
[2020-01-29T22:15:25.936+0300][5.308s][info][gc] GC(80) Pause Young (Allocation Failure) 204M->204M(247M) 0.041ms
[2020-01-29T22:15:26.034+0300][5.406s][info][gc] GC(81) Pause Full (Allocation Failure) 204M->70M(247M) 98.027ms
[2020-01-29T22:15:26.116+0300][5.487s][info][gc] GC(82) Pause Young (Allocation Failure) 137M->135M(247M) 61.947ms
[2020-01-29T22:15:26.123+0300][5.495s][info][gc] GC(83) Pause Young (Allocation Failure) 204M->204M(247M) 0.043ms
[2020-01-29T22:15:26.221+0300][5.593s][info][gc] GC(84) Pause Full (Allocation Failure) 204M->70M(247M) 97.507ms
[2020-01-29T22:15:26.301+0300][5.673s][info][gc] GC(85) Pause Young (Allocation Failure) 136M->135M(247M) 62.050ms
[2020-01-29T22:15:26.308+0300][5.680s][info][gc] GC(86) Pause Young (Allocation Failure) 204M->204M(247M) 0.039ms
[2020-01-29T22:15:26.408+0300][5.780s][info][gc] GC(87) Pause Full (Allocation Failure) 204M->70M(247M) 100.258ms
[2020-01-29T22:15:26.494+0300][5.865s][info][gc] GC(88) Pause Young (Allocation Failure) 137M->135M(247M) 65.487ms
[2020-01-29T22:15:26.501+0300][5.872s][info][gc] GC(89) Pause Young (Allocation Failure) 204M->204M(247M) 0.040ms
[2020-01-29T22:15:26.598+0300][5.970s][info][gc] GC(90) Pause Full (Allocation Failure) 204M->70M(247M) 97.819ms
[2020-01-29T22:15:26.679+0300][6.051s][info][gc] GC(91) Pause Young (Allocation Failure) 137M->135M(247M) 62.306ms
[2020-01-29T22:15:26.686+0300][6.058s][info][gc] GC(92) Pause Young (Allocation Failure) 204M->204M(247M) 0.042ms
[2020-01-29T22:15:26.785+0300][6.157s][info][gc] GC(93) Pause Full (Allocation Failure) 204M->70M(247M) 98.679ms
[2020-01-29T22:15:26.865+0300][6.237s][info][gc] GC(94) Pause Young (Allocation Failure) 137M->135M(247M) 61.708ms
[2020-01-29T22:15:26.872+0300][6.244s][info][gc] GC(95) Pause Young (Allocation Failure) 204M->204M(247M) 0.041ms
[2020-01-29T22:15:26.969+0300][6.341s][info][gc] GC(96) Pause Full (Allocation Failure) 204M->70M(247M) 97.679ms
[2020-01-29T22:15:27.054+0300][6.426s][info][gc] GC(97) Pause Young (Allocation Failure) 137M->136M(247M) 62.531ms
[2020-01-29T22:15:27.061+0300][6.433s][info][gc] GC(98) Pause Young (Allocation Failure) 204M->204M(247M) 0.042ms
[2020-01-29T22:15:27.159+0300][6.531s][info][gc] GC(99) Pause Full (Allocation Failure) 204M->70M(247M) 97.933ms
[2020-01-29T22:15:27.239+0300][6.611s][info][gc] GC(100) Pause Young (Allocation Failure) 137M->136M(247M) 61.658ms
[2020-01-29T22:15:27.246+0300][6.618s][info][gc] GC(101) Pause Young (Allocation Failure) 204M->204M(247M) 0.043ms
[2020-01-29T22:15:27.343+0300][6.715s][info][gc] GC(102) Pause Full (Allocation Failure) 204M->70M(247M) 97.471ms
[2020-01-29T22:15:27.424+0300][6.795s][info][gc] GC(103) Pause Young (Allocation Failure) 137M->136M(247M) 61.711ms
[2020-01-29T22:15:27.431+0300][6.802s][info][gc] GC(104) Pause Young (Allocation Failure) 204M->204M(247M) 0.041ms
[2020-01-29T22:15:27.528+0300][6.901s][info][gc] GC(105) Pause Full (Allocation Failure) 204M->70M(247M) 98.407ms
[2020-01-29T22:15:27.608+0300][6.980s][info][gc] GC(106) Pause Young (Allocation Failure) 137M->136M(247M) 61.643ms
[2020-01-29T22:15:27.615+0300][6.987s][info][gc] GC(107) Pause Young (Allocation Failure) 204M->204M(247M) 0.042ms
[2020-01-29T22:15:27.713+0300][7.084s][info][gc] GC(108) Pause Full (Allocation Failure) 204M->70M(247M) 97.298ms
[2020-01-29T22:15:27.793+0300][7.165s][info][gc] GC(109) Pause Young (Allocation Failure) 137M->136M(247M) 61.758ms
[2020-01-29T22:15:27.800+0300][7.172s][info][gc] GC(110) Pause Young (Allocation Failure) 204M->204M(247M) 0.044ms
[2020-01-29T22:15:27.898+0300][7.269s][info][gc] GC(111) Pause Full (Allocation Failure) 204M->70M(247M) 97.322ms
[2020-01-29T22:15:27.977+0300][7.349s][info][gc] GC(112) Pause Young (Allocation Failure) 137M->136M(247M) 61.682ms
[2020-01-29T22:15:27.986+0300][7.358s][info][gc] GC(113) Pause Young (Allocation Failure) 204M->204M(247M) 0.042ms
[2020-01-29T22:15:28.084+0300][7.456s][info][gc] GC(114) Pause Full (Allocation Failure) 204M->70M(247M) 97.895ms
[2020-01-29T22:15:28.165+0300][7.537s][info][gc] GC(115) Pause Young (Allocation Failure) 137M->136M(247M) 61.840ms
[2020-01-29T22:15:28.171+0300][7.543s][info][gc] GC(116) Pause Young (Allocation Failure) 204M->204M(247M) 0.040ms
[2020-01-29T22:15:28.269+0300][7.641s][info][gc] GC(117) Pause Full (Allocation Failure) 204M->70M(247M) 97.531ms
[2020-01-29T22:15:28.349+0300][7.721s][info][gc] GC(118) Pause Young (Allocation Failure) 137M->136M(247M) 61.663ms
[2020-01-29T22:15:28.356+0300][7.728s][info][gc] GC(119) Pause Young (Allocation Failure) 204M->204M(247M) 0.043ms
[2020-01-29T22:15:28.455+0300][7.826s][info][gc] GC(120) Pause Full (Allocation Failure) 204M->70M(247M) 97.971ms
[2020-01-29T22:15:28.535+0300][7.907s][info][gc] GC(121) Pause Young (Allocation Failure) 137M->136M(247M) 62.351ms
[2020-01-29T22:15:28.542+0300][7.914s][info][gc] GC(122) Pause Young (Allocation Failure) 204M->204M(247M) 0.044ms
[2020-01-29T22:15:28.640+0300][8.012s][info][gc] GC(123) Pause Full (Allocation Failure) 204M->70M(247M) 98.426ms
[2020-01-29T22:15:28.721+0300][8.093s][info][gc] GC(124) Pause Young (Allocation Failure) 137M->136M(247M) 62.654ms
[2020-01-29T22:15:28.728+0300][8.100s][info][gc] GC(125) Pause Young (Allocation Failure) 204M->204M(247M) 0.042ms
[2020-01-29T22:15:28.826+0300][8.198s][info][gc] GC(126) Pause Full (Allocation Failure) 204M->70M(247M) 97.567ms
[2020-01-29T22:15:28.906+0300][8.278s][info][gc] GC(127) Pause Young (Allocation Failure) 137M->136M(247M) 61.748ms
[2020-01-29T22:15:28.913+0300][8.285s][info][gc] GC(128) Pause Young (Allocation Failure) 204M->204M(247M) 0.043ms
[2020-01-29T22:15:29.011+0300][8.383s][info][gc] GC(129) Pause Full (Allocation Failure) 204M->70M(247M) 97.818ms
[2020-01-29T22:15:29.093+0300][8.465s][info][gc] GC(130) Pause Young (Allocation Failure) 137M->136M(247M) 61.719ms
[2020-01-29T22:15:29.100+0300][8.471s][info][gc] GC(131) Pause Young (Allocation Failure) 204M->204M(247M) 0.044ms
[2020-01-29T22:15:29.197+0300][8.569s][info][gc] GC(132) Pause Full (Allocation Failure) 204M->70M(247M) 97.690ms
[2020-01-29T22:15:29.278+0300][8.650s][info][gc] GC(133) Pause Young (Allocation Failure) 137M->136M(247M) 61.799ms
[2020-01-29T22:15:29.285+0300][8.657s][info][gc] GC(134) Pause Young (Allocation Failure) 204M->204M(247M) 0.044ms
[2020-01-29T22:15:29.383+0300][8.755s][info][gc] GC(135) Pause Full (Allocation Failure) 204M->70M(247M) 98.474ms
[2020-01-29T22:15:29.463+0300][8.835s][info][gc] GC(136) Pause Young (Allocation Failure) 137M->136M(247M) 61.681ms
[2020-01-29T22:15:29.470+0300][8.842s][info][gc] GC(137) Pause Young (Allocation Failure) 204M->204M(247M) 0.045ms
[2020-01-29T22:15:29.569+0300][8.941s][info][gc] GC(138) Pause Full (Allocation Failure) 204M->70M(247M) 99.333ms
[2020-01-29T22:15:29.649+0300][9.021s][info][gc] GC(139) Pause Young (Allocation Failure) 137M->136M(247M) 61.714ms
[2020-01-29T22:15:29.656+0300][9.028s][info][gc] GC(140) Pause Young (Allocation Failure) 204M->204M(247M) 0.042ms
[2020-01-29T22:15:29.755+0300][9.127s][info][gc] GC(141) Pause Full (Allocation Failure) 204M->70M(247M) 99.233ms
[2020-01-29T22:15:29.836+0300][9.208s][info][gc] GC(142) Pause Young (Allocation Failure) 137M->136M(247M) 62.586ms
[2020-01-29T22:15:29.843+0300][9.215s][info][gc] GC(143) Pause Young (Allocation Failure) 204M->204M(247M) 0.043ms
[2020-01-29T22:15:29.941+0300][9.313s][info][gc] GC(144) Pause Full (Allocation Failure) 204M->70M(247M) 97.716ms
[2020-01-29T22:15:30.024+0300][9.396s][info][gc] GC(145) Pause Young (Allocation Failure) 137M->136M(247M) 62.105ms
[2020-01-29T22:15:30.031+0300][9.403s][info][gc] GC(146) Pause Young (Allocation Failure) 204M->204M(247M) 0.042ms
[2020-01-29T22:15:30.129+0300][9.500s][info][gc] GC(147) Pause Full (Allocation Failure) 204M->70M(247M) 97.306ms
[2020-01-29T22:15:30.208+0300][9.581s][info][gc] GC(148) Pause Young (Allocation Failure) 137M->136M(247M) 61.687ms
[2020-01-29T22:15:30.215+0300][9.587s][info][gc] GC(149) Pause Young (Allocation Failure) 204M->204M(247M) 0.043ms
[2020-01-29T22:15:30.314+0300][9.686s][info][gc] GC(150) Pause Full (Allocation Failure) 204M->70M(247M) 98.526ms
[2020-01-29T22:15:30.394+0300][9.766s][info][gc] GC(151) Pause Young (Allocation Failure) 137M->136M(247M) 61.720ms
[2020-01-29T22:15:30.401+0300][9.773s][info][gc] GC(152) Pause Young (Allocation Failure) 204M->204M(247M) 0.042ms
[2020-01-29T22:15:30.499+0300][9.871s][info][gc] GC(153) Pause Full (Allocation Failure) 204M->70M(247M) 97.727ms
[2020-01-29T22:15:30.579+0300][9.951s][info][gc] GC(154) Pause Young (Allocation Failure) 137M->136M(247M) 62.042ms
[2020-01-29T22:15:30.585+0300][9.958s][info][gc] GC(155) Pause Young (Allocation Failure) 204M->204M(247M) 0.042ms
[2020-01-29T22:15:30.685+0300][10.057s][info][gc] GC(156) Pause Full (Allocation Failure) 204M->70M(247M) 99.027ms
[2020-01-29T22:15:30.765+0300][10.137s][info][gc] GC(157) Pause Young (Allocation Failure) 137M->136M(247M) 61.651ms
[2020-01-29T22:15:30.772+0300][10.144s][info][gc] GC(158) Pause Young (Allocation Failure) 204M->204M(247M) 0.043ms
[2020-01-29T22:15:30.870+0300][10.242s][info][gc] GC(159) Pause Full (Allocation Failure) 204M->70M(247M) 97.700ms
[2020-01-29T22:15:30.949+0300][10.322s][info][gc] GC(160) Pause Young (Allocation Failure) 137M->136M(247M) 61.645ms
[2020-01-29T22:15:30.958+0300][10.330s][info][gc] GC(161) Pause Young (Allocation Failure) 204M->204M(247M) 0.042ms
[2020-01-29T22:15:31.056+0300][10.428s][info][gc] GC(162) Pause Full (Allocation Failure) 204M->70M(247M) 97.498ms
[2020-01-29T22:15:31.137+0300][10.508s][info][gc] GC(163) Pause Young (Allocation Failure) 137M->136M(247M) 61.919ms
[2020-01-29T22:15:31.144+0300][10.516s][info][gc] GC(164) Pause Young (Allocation Failure) 204M->204M(247M) 0.043ms
[2020-01-29T22:15:31.242+0300][10.613s][info][gc] GC(165) Pause Full (Allocation Failure) 204M->70M(247M) 97.329ms
[2020-01-29T22:15:31.320+0300][10.693s][info][gc] GC(166) Pause Young (Allocation Failure) 137M->136M(247M) 61.660ms
[2020-01-29T22:15:31.327+0300][10.699s][info][gc] GC(167) Pause Young (Allocation Failure) 204M->204M(247M) 0.042ms
[2020-01-29T22:15:31.425+0300][10.797s][info][gc] GC(168) Pause Full (Allocation Failure) 204M->70M(247M) 97.547ms
[2020-01-29T22:15:31.505+0300][10.877s][info][gc] GC(169) Pause Young (Allocation Failure) 137M->136M(247M) 61.666ms
[2020-01-29T22:15:31.512+0300][10.883s][info][gc] GC(170) Pause Young (Allocation Failure) 204M->204M(247M) 0.041ms
[2020-01-29T22:15:31.609+0300][10.981s][info][gc] GC(171) Pause Full (Allocation Failure) 204M->70M(247M) 97.332ms
[2020-01-29T22:15:31.688+0300][11.061s][info][gc] GC(172) Pause Young (Allocation Failure) 137M->136M(247M) 61.650ms
[2020-01-29T22:15:31.695+0300][11.068s][info][gc] GC(173) Pause Young (Allocation Failure) 204M->204M(247M) 0.044ms
[2020-01-29T22:15:31.794+0300][11.166s][info][gc] GC(174) Pause Full (Allocation Failure) 204M->70M(247M) 98.501ms
[2020-01-29T22:15:31.874+0300][11.246s][info][gc] GC(175) Pause Young (Allocation Failure) 137M->136M(247M) 61.685ms
[2020-01-29T22:15:31.881+0300][11.253s][info][gc] GC(176) Pause Young (Allocation Failure) 204M->204M(247M) 0.043ms
[2020-01-29T22:15:31.979+0300][11.350s][info][gc] GC(177) Pause Full (Allocation Failure) 204M->70M(247M) 97.469ms
[2020-01-29T22:15:32.059+0300][11.432s][info][gc] GC(178) Pause Young (Allocation Failure) 137M->136M(247M) 61.679ms
[2020-01-29T22:15:32.066+0300][11.438s][info][gc] GC(179) Pause Young (Allocation Failure) 204M->204M(247M) 0.043ms
[2020-01-29T22:15:32.164+0300][11.536s][info][gc] GC(180) Pause Full (Allocation Failure) 204M->70M(247M) 97.466ms
[2020-01-29T22:15:32.245+0300][11.617s][info][gc] GC(181) Pause Young (Allocation Failure) 137M->136M(247M) 62.489ms
[2020-01-29T22:15:32.252+0300][11.624s][info][gc] GC(182) Pause Young (Allocation Failure) 204M->204M(247M) 0.043ms
[2020-01-29T22:15:32.351+0300][11.723s][info][gc] GC(183) Pause Full (Allocation Failure) 204M->70M(247M) 98.661ms
[2020-01-29T22:15:32.430+0300][11.803s][info][gc] GC(184) Pause Young (Allocation Failure) 137M->136M(247M) 61.594ms
[2020-01-29T22:15:32.437+0300][11.809s][info][gc] GC(185) Pause Young (Allocation Failure) 204M->204M(247M) 0.041ms
[2020-01-29T22:15:32.535+0300][11.907s][info][gc] GC(186) Pause Full (Allocation Failure) 204M->70M(247M) 97.620ms
[2020-01-29T22:15:32.615+0300][11.987s][info][gc] GC(187) Pause Young (Allocation Failure) 137M->136M(247M) 61.594ms
[2020-01-29T22:15:32.622+0300][11.994s][info][gc] GC(188) Pause Young (Allocation Failure) 204M->204M(247M) 0.042ms
[2020-01-29T22:15:32.720+0300][12.091s][info][gc] GC(189) Pause Full (Allocation Failure) 204M->70M(247M) 97.423ms
[2020-01-29T22:15:32.799+0300][12.172s][info][gc] GC(190) Pause Young (Allocation Failure) 137M->136M(247M) 61.667ms
[2020-01-29T22:15:32.806+0300][12.178s][info][gc] GC(191) Pause Young (Allocation Failure) 204M->204M(247M) 0.043ms
[2020-01-29T22:15:32.904+0300][12.276s][info][gc] GC(192) Pause Full (Allocation Failure) 204M->70M(247M) 97.548ms
[2020-01-29T22:15:32.983+0300][12.356s][info][gc] GC(193) Pause Young (Allocation Failure) 137M->136M(247M) 61.648ms
[2020-01-29T22:15:32.994+0300][12.366s][info][gc] GC(194) Pause Young (Allocation Failure) 204M->204M(247M) 0.043ms
[2020-01-29T22:15:33.093+0300][12.464s][info][gc] GC(195) Pause Full (Allocation Failure) 204M->70M(247M) 97.701ms
[2020-01-29T22:15:33.171+0300][12.544s][info][gc] GC(196) Pause Young (Allocation Failure) 137M->136M(247M) 61.762ms
[2020-01-29T22:15:33.178+0300][12.550s][info][gc] GC(197) Pause Young (Allocation Failure) 204M->204M(247M) 0.041ms
[2020-01-29T22:15:33.276+0300][12.648s][info][gc] GC(198) Pause Full (Allocation Failure) 204M->70M(247M) 97.485ms
[2020-01-29T22:15:33.356+0300][12.728s][info][gc] GC(199) Pause Young (Allocation Failure) 137M->136M(247M) 61.740ms
[2020-01-29T22:15:33.363+0300][12.735s][info][gc] GC(200) Pause Young (Allocation Failure) 204M->204M(247M) 0.042ms
[2020-01-29T22:15:33.461+0300][12.833s][info][gc] GC(201) Pause Full (Allocation Failure) 204M->70M(247M) 97.588ms
[2020-01-29T22:15:33.541+0300][12.914s][info][gc] GC(202) Pause Young (Allocation Failure) 137M->136M(247M) 62.557ms
[2020-01-29T22:15:33.548+0300][12.920s][info][gc] GC(203) Pause Young (Allocation Failure) 204M->204M(247M) 0.042ms
[2020-01-29T22:15:33.646+0300][13.018s][info][gc] GC(204) Pause Full (Allocation Failure) 204M->70M(247M) 97.490ms
[2020-01-29T22:15:33.726+0300][13.098s][info][gc] GC(205) Pause Young (Allocation Failure) 137M->136M(247M) 61.694ms
[2020-01-29T22:15:33.733+0300][13.105s][info][gc] GC(206) Pause Young (Allocation Failure) 204M->204M(247M) 0.041ms
[2020-01-29T22:15:33.831+0300][13.202s][info][gc] GC(207) Pause Full (Allocation Failure) 204M->70M(247M) 97.346ms
[2020-01-29T22:15:33.910+0300][13.283s][info][gc] GC(208) Pause Young (Allocation Failure) 137M->136M(247M) 61.748ms
[2020-01-29T22:15:33.917+0300][13.290s][info][gc] GC(209) Pause Young (Allocation Failure) 204M->204M(247M) 0.045ms
[2020-01-29T22:15:34.015+0300][13.387s][info][gc] GC(210) Pause Full (Allocation Failure) 204M->70M(247M) 97.597ms
[2020-01-29T22:15:34.097+0300][13.469s][info][gc] GC(211) Pause Young (Allocation Failure) 137M->136M(247M) 61.703ms
[2020-01-29T22:15:34.104+0300][13.476s][info][gc] GC(212) Pause Young (Allocation Failure) 204M->204M(247M) 0.042ms
[2020-01-29T22:15:34.202+0300][13.574s][info][gc] GC(213) Pause Full (Allocation Failure) 204M->70M(247M) 97.663ms
[2020-01-29T22:15:34.281+0300][13.654s][info][gc] GC(214) Pause Young (Allocation Failure) 137M->136M(247M) 61.638ms
[2020-01-29T22:15:34.288+0300][13.660s][info][gc] GC(215) Pause Young (Allocation Failure) 204M->204M(247M) 0.041ms
[2020-01-29T22:15:34.386+0300][13.758s][info][gc] GC(216) Pause Full (Allocation Failure) 204M->70M(247M) 97.829ms
[2020-01-29T22:15:34.466+0300][13.838s][info][gc] GC(217) Pause Young (Allocation Failure) 137M->136M(247M) 61.742ms
[2020-01-29T22:15:34.473+0300][13.845s][info][gc] GC(218) Pause Young (Allocation Failure) 204M->204M(247M) 0.043ms
[2020-01-29T22:15:34.571+0300][13.943s][info][gc] GC(219) Pause Full (Allocation Failure) 204M->70M(247M) 97.834ms
[2020-01-29T22:15:34.651+0300][14.023s][info][gc] GC(220) Pause Young (Allocation Failure) 137M->136M(247M) 61.640ms
[2020-01-29T22:15:34.658+0300][14.029s][info][gc] GC(221) Pause Young (Allocation Failure) 204M->204M(247M) 0.046ms
[2020-01-29T22:15:34.756+0300][14.128s][info][gc] GC(222) Pause Full (Allocation Failure) 204M->70M(247M) 98.172ms
[2020-01-29T22:15:34.835+0300][14.208s][info][gc] GC(223) Pause Young (Allocation Failure) 137M->136M(247M) 61.600ms
[2020-01-29T22:15:34.842+0300][14.214s][info][gc] GC(224) Pause Young (Allocation Failure) 204M->204M(247M) 0.041ms
[2020-01-29T22:15:34.940+0300][14.312s][info][gc] GC(225) Pause Full (Allocation Failure) 204M->70M(247M) 97.635ms
[2020-01-29T22:15:35.023+0300][14.395s][info][gc] GC(226) Pause Young (Allocation Failure) 137M->136M(247M) 61.718ms
[2020-01-29T22:15:35.031+0300][14.403s][info][gc] GC(227) Pause Young (Allocation Failure) 204M->204M(247M) 0.042ms
[2020-01-29T22:15:35.129+0300][14.500s][info][gc] GC(228) Pause Full (Allocation Failure) 204M->70M(247M) 97.427ms
[2020-01-29T22:15:35.207+0300][14.580s][info][gc] GC(229) Pause Young (Allocation Failure) 137M->136M(247M) 61.745ms
[2020-01-29T22:15:35.214+0300][14.586s][info][gc] GC(230) Pause Young (Allocation Failure) 204M->204M(247M) 0.041ms
[2020-01-29T22:15:35.312+0300][14.684s][info][gc] GC(231) Pause Full (Allocation Failure) 204M->70M(247M) 97.707ms
[2020-01-29T22:15:35.392+0300][14.764s][info][gc] GC(232) Pause Young (Allocation Failure) 137M->136M(247M) 61.667ms
[2020-01-29T22:15:35.399+0300][14.771s][info][gc] GC(233) Pause Young (Allocation Failure) 204M->204M(247M) 0.041ms
[2020-01-29T22:15:35.497+0300][14.869s][info][gc] GC(234) Pause Full (Allocation Failure) 204M->70M(247M) 97.598ms
[2020-01-29T22:15:35.577+0300][14.949s][info][gc] GC(235) Pause Young (Allocation Failure) 137M->136M(247M) 61.673ms
[2020-01-29T22:15:35.584+0300][14.956s][info][gc] GC(236) Pause Young (Allocation Failure) 204M->204M(247M) 0.042ms
[2020-01-29T22:15:35.682+0300][15.053s][info][gc] GC(237) Pause Full (Allocation Failure) 204M->70M(247M) 97.488ms
[2020-01-29T22:15:35.761+0300][15.133s][info][gc] GC(238) Pause Young (Allocation Failure) 137M->136M(247M) 61.608ms
[2020-01-29T22:15:35.767+0300][15.139s][info][gc] GC(239) Pause Young (Allocation Failure) 204M->204M(247M) 0.040ms
[2020-01-29T22:15:35.865+0300][15.237s][info][gc] GC(240) Pause Full (Allocation Failure) 204M->70M(247M) 97.624ms
[2020-01-29T22:15:35.945+0300][15.317s][info][gc] GC(241) Pause Young (Allocation Failure) 137M->136M(247M) 61.671ms
[2020-01-29T22:15:35.954+0300][15.325s][info][gc] GC(242) Pause Young (Allocation Failure) 204M->204M(247M) 0.044ms
[2020-01-29T22:15:36.052+0300][15.424s][info][gc] GC(243) Pause Full (Allocation Failure) 204M->70M(247M) 98.483ms
[2020-01-29T22:15:36.133+0300][15.504s][info][gc] GC(244) Pause Young (Allocation Failure) 137M->136M(247M) 61.856ms
[2020-01-29T22:15:36.140+0300][15.511s][info][gc] GC(245) Pause Young (Allocation Failure) 204M->204M(247M) 0.042ms
[2020-01-29T22:15:36.237+0300][15.609s][info][gc] GC(246) Pause Full (Allocation Failure) 204M->70M(247M) 97.628ms
[2020-01-29T22:15:36.317+0300][15.689s][info][gc] GC(247) Pause Young (Allocation Failure) 137M->136M(247M) 61.612ms
[2020-01-29T22:15:36.324+0300][15.696s][info][gc] GC(248) Pause Young (Allocation Failure) 204M->204M(247M) 0.045ms
[2020-01-29T22:15:36.422+0300][15.794s][info][gc] GC(249) Pause Full (Allocation Failure) 204M->70M(247M) 98.375ms
[2020-01-29T22:15:36.502+0300][15.874s][info][gc] GC(250) Pause Young (Allocation Failure) 137M->136M(247M) 61.630ms
[2020-01-29T22:15:36.509+0300][15.881s][info][gc] GC(251) Pause Young (Allocation Failure) 204M->204M(247M) 0.044ms
[2020-01-29T22:15:36.607+0300][15.979s][info][gc] GC(252) Pause Full (Allocation Failure) 204M->70M(247M) 97.899ms
[2020-01-29T22:15:36.687+0300][16.059s][info][gc] GC(253) Pause Young (Allocation Failure) 137M->136M(247M) 62.431ms
[2020-01-29T22:15:36.694+0300][16.066s][info][gc] GC(254) Pause Young (Allocation Failure) 204M->204M(247M) 0.043ms
[2020-01-29T22:15:36.792+0300][16.164s][info][gc] GC(255) Pause Full (Allocation Failure) 204M->70M(247M) 97.534ms
[2020-01-29T22:15:36.872+0300][16.244s][info][gc] GC(256) Pause Young (Allocation Failure) 137M->136M(247M) 61.603ms
[2020-01-29T22:15:36.879+0300][16.250s][info][gc] GC(257) Pause Young (Allocation Failure) 204M->204M(247M) 0.041ms
[2020-01-29T22:15:36.976+0300][16.348s][info][gc] GC(258) Pause Full (Allocation Failure) 204M->70M(247M) 97.747ms
[2020-01-29T22:15:37.057+0300][16.429s][info][gc] GC(259) Pause Young (Allocation Failure) 137M->136M(247M) 61.671ms
[2020-01-29T22:15:37.064+0300][16.436s][info][gc] GC(260) Pause Young (Allocation Failure) 204M->204M(247M) 0.041ms
[2020-01-29T22:15:37.161+0300][16.534s][info][gc] GC(261) Pause Full (Allocation Failure) 204M->70M(247M) 97.667ms
[2020-01-29T22:15:37.245+0300][16.616s][info][gc] GC(262) Pause Young (Allocation Failure) 137M->136M(247M) 61.678ms
[2020-01-29T22:15:37.252+0300][16.623s][info][gc] GC(263) Pause Young (Allocation Failure) 204M->204M(247M) 0.043ms
[2020-01-29T22:15:37.349+0300][16.721s][info][gc] GC(264) Pause Full (Allocation Failure) 204M->70M(247M) 97.688ms
[2020-01-29T22:15:37.429+0300][16.801s][info][gc] GC(265) Pause Young (Allocation Failure) 137M->136M(247M) 61.753ms
[2020-01-29T22:15:37.436+0300][16.808s][info][gc] GC(266) Pause Young (Allocation Failure) 204M->204M(247M) 0.041ms
[2020-01-29T22:15:37.533+0300][16.905s][info][gc] GC(267) Pause Full (Allocation Failure) 204M->70M(247M) 97.838ms
[2020-01-29T22:15:37.614+0300][16.986s][info][gc] GC(268) Pause Young (Allocation Failure) 137M->136M(247M) 62.154ms
[2020-01-29T22:15:37.621+0300][16.993s][info][gc] GC(269) Pause Young (Allocation Failure) 204M->204M(247M) 0.045ms
[2020-01-29T22:15:37.720+0300][17.091s][info][gc] GC(270) Pause Full (Allocation Failure) 204M->70M(247M) 98.927ms
[2020-01-29T22:15:37.800+0300][17.172s][info][gc] GC(271) Pause Young (Allocation Failure) 137M->136M(247M) 61.675ms
[2020-01-29T22:15:37.807+0300][17.179s][info][gc] GC(272) Pause Young (Allocation Failure) 204M->204M(247M) 0.043ms
[2020-01-29T22:15:37.905+0300][17.277s][info][gc] GC(273) Pause Full (Allocation Failure) 204M->70M(247M) 97.876ms
[2020-01-29T22:15:37.985+0300][17.356s][info][gc] GC(274) Pause Young (Allocation Failure) 137M->136M(247M) 61.625ms
[2020-01-29T22:15:37.995+0300][17.366s][info][gc] GC(275) Pause Young (Allocation Failure) 204M->204M(247M) 0.044ms
[2020-01-29T22:15:38.092+0300][17.464s][info][gc] GC(276) Pause Full (Allocation Failure) 204M->70M(247M) 98.176ms
[2020-01-29T22:15:38.172+0300][17.544s][info][gc] GC(277) Pause Young (Allocation Failure) 137M->136M(247M) 61.770ms
[2020-01-29T22:15:38.179+0300][17.551s][info][gc] GC(278) Pause Young (Allocation Failure) 204M->204M(247M) 0.041ms
[2020-01-29T22:15:38.277+0300][17.649s][info][gc] GC(279) Pause Full (Allocation Failure) 204M->70M(247M) 97.690ms
[2020-01-29T22:15:38.357+0300][17.729s][info][gc] GC(280) Pause Young (Allocation Failure) 137M->136M(247M) 61.709ms
[2020-01-29T22:15:38.364+0300][17.736s][info][gc] GC(281) Pause Young (Allocation Failure) 204M->204M(247M) 0.044ms
[2020-01-29T22:15:38.461+0300][17.833s][info][gc] GC(282) Pause Full (Allocation Failure) 204M->70M(247M) 97.694ms
[2020-01-29T22:15:38.541+0300][17.913s][info][gc] GC(283) Pause Young (Allocation Failure) 137M->136M(247M) 61.605ms
[2020-01-29T22:15:38.548+0300][17.920s][info][gc] GC(284) Pause Young (Allocation Failure) 204M->204M(247M) 0.040ms
[2020-01-29T22:15:38.646+0300][18.018s][info][gc] GC(285) Pause Full (Allocation Failure) 204M->70M(247M) 97.784ms
[2020-01-29T22:15:38.726+0300][18.098s][info][gc] GC(286) Pause Young (Allocation Failure) 137M->136M(247M) 61.618ms
[2020-01-29T22:15:38.733+0300][18.105s][info][gc] GC(287) Pause Young (Allocation Failure) 204M->204M(247M) 0.043ms
[2020-01-29T22:15:38.831+0300][18.203s][info][gc] GC(288) Pause Full (Allocation Failure) 204M->70M(247M) 98.753ms
[2020-01-29T22:15:38.912+0300][18.283s][info][gc] GC(289) Pause Young (Allocation Failure) 137M->136M(247M) 62.057ms
[2020-01-29T22:15:38.919+0300][18.290s][info][gc] GC(290) Pause Young (Allocation Failure) 204M->204M(247M) 0.042ms
[2020-01-29T22:15:39.016+0300][18.388s][info][gc] GC(291) Pause Full (Allocation Failure) 204M->70M(247M) 97.721ms
[2020-01-29T22:15:39.098+0300][18.470s][info][gc] GC(292) Pause Young (Allocation Failure) 137M->136M(247M) 61.661ms
[2020-01-29T22:15:39.105+0300][18.477s][info][gc] GC(293) Pause Young (Allocation Failure) 204M->204M(247M) 0.041ms
[2020-01-29T22:15:39.203+0300][18.575s][info][gc] GC(294) Pause Full (Allocation Failure) 204M->70M(247M) 97.752ms
[2020-01-29T22:15:39.283+0300][18.655s][info][gc] GC(295) Pause Young (Allocation Failure) 137M->136M(247M) 61.621ms
[2020-01-29T22:15:39.290+0300][18.662s][info][gc] GC(296) Pause Young (Allocation Failure) 204M->204M(247M) 0.042ms
[2020-01-29T22:15:39.387+0300][18.759s][info][gc] GC(297) Pause Full (Allocation Failure) 204M->70M(247M) 97.618ms
[2020-01-29T22:15:39.467+0300][18.839s][info][gc] GC(298) Pause Young (Allocation Failure) 137M->136M(247M) 61.717ms
[2020-01-29T22:15:39.474+0300][18.846s][info][gc] GC(299) Pause Young (Allocation Failure) 204M->204M(247M) 0.043ms
[2020-01-29T22:15:39.572+0300][18.944s][info][gc] GC(300) Pause Full (Allocation Failure) 204M->70M(247M) 98.232ms
[2020-01-29T22:15:39.653+0300][19.024s][info][gc] GC(301) Pause Young (Allocation Failure) 137M->136M(247M) 61.623ms
[2020-01-29T22:15:39.660+0300][19.031s][info][gc] GC(302) Pause Young (Allocation Failure) 204M->204M(247M) 0.042ms
[2020-01-29T22:15:39.757+0300][19.129s][info][gc] GC(303) Pause Full (Allocation Failure) 204M->70M(247M) 97.972ms
[2020-01-29T22:15:39.837+0300][19.209s][info][gc] GC(304) Pause Young (Allocation Failure) 137M->136M(247M) 61.632ms
[2020-01-29T22:15:39.844+0300][19.216s][info][gc] GC(305) Pause Young (Allocation Failure) 204M->204M(247M) 0.042ms
[2020-01-29T22:15:39.943+0300][19.315s][info][gc] GC(306) Pause Full (Allocation Failure) 204M->70M(247M) 98.469ms
[2020-01-29T22:15:40.024+0300][19.395s][info][gc] GC(307) Pause Young (Allocation Failure) 137M->136M(247M) 62.167ms
[2020-01-29T22:15:40.034+0300][19.406s][info][gc] GC(308) Pause Young (Allocation Failure) 204M->204M(247M) 0.041ms
[2020-01-29T22:15:40.131+0300][19.503s][info][gc] GC(309) Pause Full (Allocation Failure) 204M->70M(247M) 97.678ms
[2020-01-29T22:15:40.211+0300][19.583s][info][gc] GC(310) Pause Young (Allocation Failure) 137M->136M(247M) 61.745ms
[2020-01-29T22:15:40.218+0300][19.590s][info][gc] GC(311) Pause Young (Allocation Failure) 204M->204M(247M) 0.041ms
[2020-01-29T22:15:40.317+0300][19.688s][info][gc] GC(312) Pause Full (Allocation Failure) 204M->70M(247M) 98.172ms
[2020-01-29T22:15:40.397+0300][19.769s][info][gc] GC(313) Pause Young (Allocation Failure) 137M->136M(247M) 61.626ms
[2020-01-29T22:15:40.404+0300][19.776s][info][gc] GC(314) Pause Young (Allocation Failure) 204M->204M(247M) 0.038ms
[2020-01-29T22:15:40.501+0300][19.873s][info][gc] GC(315) Pause Full (Allocation Failure) 204M->70M(247M) 97.804ms
[2020-01-29T22:15:40.582+0300][19.953s][info][gc] GC(316) Pause Young (Allocation Failure) 137M->136M(247M) 61.674ms
[2020-01-29T22:15:40.589+0300][19.960s][info][gc] GC(317) Pause Young (Allocation Failure) 204M->204M(247M) 0.045ms
[2020-01-29T22:15:40.687+0300][20.059s][info][gc] GC(318) Pause Full (Allocation Failure) 204M->70M(247M) 99.049ms
[2020-01-29T22:15:40.767+0300][20.139s][info][gc] GC(319) Pause Young (Allocation Failure) 137M->136M(247M) 61.579ms
[2020-01-29T22:15:40.774+0300][20.146s][info][gc] GC(320) Pause Young (Allocation Failure) 204M->204M(247M) 0.043ms
[2020-01-29T22:15:40.872+0300][20.244s][info][gc] GC(321) Pause Full (Allocation Failure) 204M->70M(247M) 97.735ms
[2020-01-29T22:15:40.952+0300][20.324s][info][gc] GC(322) Pause Young (Allocation Failure) 137M->136M(247M) 61.592ms
[2020-01-29T22:15:40.961+0300][20.332s][info][gc] GC(323) Pause Young (Allocation Failure) 204M->204M(247M) 0.046ms
[2020-01-29T22:15:41.058+0300][20.430s][info][gc] GC(324) Pause Full (Allocation Failure) 204M->70M(247M) 97.843ms
[2020-01-29T22:15:41.139+0300][20.510s][info][gc] GC(325) Pause Young (Allocation Failure) 137M->136M(247M) 61.853ms
[2020-01-29T22:15:41.145+0300][20.517s][info][gc] GC(326) Pause Young (Allocation Failure) 204M->204M(247M) 0.041ms
[2020-01-29T22:15:41.243+0300][20.615s][info][gc] GC(327) Pause Full (Allocation Failure) 204M->70M(247M) 98.030ms
[2020-01-29T22:15:41.322+0300][20.694s][info][gc] GC(328) Pause Young (Allocation Failure) 137M->136M(247M) 61.632ms
[2020-01-29T22:15:41.329+0300][20.701s][info][gc] GC(329) Pause Young (Allocation Failure) 204M->204M(247M) 0.041ms
[2020-01-29T22:15:41.427+0300][20.799s][info][gc] GC(330) Pause Full (Allocation Failure) 204M->70M(247M) 97.805ms
[2020-01-29T22:15:41.506+0300][20.878s][info][gc] GC(331) Pause Young (Allocation Failure) 137M->136M(247M) 61.643ms
[2020-01-29T22:15:41.513+0300][20.885s][info][gc] GC(332) Pause Young (Allocation Failure) 204M->204M(247M) 0.041ms
[2020-01-29T22:15:41.611+0300][20.983s][info][gc] GC(333) Pause Full (Allocation Failure) 204M->70M(247M) 97.705ms
[2020-01-29T22:15:41.691+0300][21.063s][info][gc] GC(334) Pause Young (Allocation Failure) 137M->136M(247M) 61.731ms
[2020-01-29T22:15:41.698+0300][21.070s][info][gc] GC(335) Pause Young (Allocation Failure) 204M->204M(247M) 0.045ms
[2020-01-29T22:15:41.795+0300][21.168s][info][gc] GC(336) Pause Full (Allocation Failure) 204M->70M(247M) 97.781ms
[2020-01-29T22:15:41.875+0300][21.247s][info][gc] GC(337) Pause Young (Allocation Failure) 137M->136M(247M) 61.648ms
[2020-01-29T22:15:41.882+0300][21.254s][info][gc] GC(338) Pause Young (Allocation Failure) 204M->204M(247M) 0.043ms
[2020-01-29T22:15:41.980+0300][21.352s][info][gc] GC(339) Pause Full (Allocation Failure) 204M->70M(247M) 97.870ms
[2020-01-29T22:15:42.063+0300][21.435s][info][gc] GC(340) Pause Young (Allocation Failure) 137M->136M(247M) 62.212ms
[2020-01-29T22:15:42.070+0300][21.441s][info][gc] GC(341) Pause Young (Allocation Failure) 204M->204M(247M) 0.043ms
[2020-01-29T22:15:42.166+0300][21.539s][info][gc] GC(342) Pause Full (Allocation Failure) 204M->70M(247M) 97.514ms
[2020-01-29T22:15:42.246+0300][21.619s][info][gc] GC(343) Pause Young (Allocation Failure) 137M->136M(247M) 61.675ms
[2020-01-29T22:15:42.254+0300][21.626s][info][gc] GC(344) Pause Young (Allocation Failure) 204M->204M(247M) 0.044ms
[2020-01-29T22:15:42.352+0300][21.725s][info][gc] GC(345) Pause Full (Allocation Failure) 204M->70M(247M) 98.980ms
[2020-01-29T22:15:42.433+0300][21.805s][info][gc] GC(346) Pause Young (Allocation Failure) 137M->136M(247M) 61.638ms
[2020-01-29T22:15:42.440+0300][21.812s][info][gc] GC(347) Pause Young (Allocation Failure) 204M->204M(247M) 0.043ms
[2020-01-29T22:15:42.537+0300][21.910s][info][gc] GC(348) Pause Full (Allocation Failure) 204M->70M(247M) 97.985ms
[2020-01-29T22:15:42.617+0300][21.989s][info][gc] GC(349) Pause Young (Allocation Failure) 137M->136M(247M) 61.617ms
[2020-01-29T22:15:42.624+0300][21.996s][info][gc] GC(350) Pause Young (Allocation Failure) 204M->204M(247M) 0.042ms
[2020-01-29T22:15:42.722+0300][22.094s][info][gc] GC(351) Pause Full (Allocation Failure) 204M->70M(247M) 97.664ms
[2020-01-29T22:15:42.802+0300][22.174s][info][gc] GC(352) Pause Young (Allocation Failure) 137M->136M(247M) 61.710ms
[2020-01-29T22:15:42.809+0300][22.181s][info][gc] GC(353) Pause Young (Allocation Failure) 204M->204M(247M) 0.043ms
[2020-01-29T22:15:42.907+0300][22.279s][info][gc] GC(354) Pause Full (Allocation Failure) 204M->70M(247M) 97.746ms
[2020-01-29T22:15:42.987+0300][22.359s][info][gc] GC(355) Pause Young (Allocation Failure) 137M->136M(247M) 61.631ms
[2020-01-29T22:15:42.995+0300][22.367s][info][gc] GC(356) Pause Young (Allocation Failure) 204M->204M(247M) 0.041ms
[2020-01-29T22:15:43.094+0300][22.466s][info][gc] GC(357) Pause Full (Allocation Failure) 204M->70M(247M) 98.666ms
[2020-01-29T22:15:43.174+0300][22.546s][info][gc] GC(358) Pause Young (Allocation Failure) 137M->136M(247M) 61.731ms
[2020-01-29T22:15:43.181+0300][22.552s][info][gc] GC(359) Pause Young (Allocation Failure) 204M->204M(247M) 0.041ms
[2020-01-29T22:15:43.279+0300][22.650s][info][gc] GC(360) Pause Full (Allocation Failure) 204M->70M(247M) 97.859ms
[2020-01-29T22:15:43.359+0300][22.731s][info][gc] GC(361) Pause Young (Allocation Failure) 137M->136M(247M) 62.443ms
[2020-01-29T22:15:43.366+0300][22.738s][info][gc] GC(362) Pause Young (Allocation Failure) 204M->204M(247M) 0.042ms
[2020-01-29T22:15:43.466+0300][22.838s][info][gc] GC(363) Pause Full (Allocation Failure) 204M->70M(247M) 99.128ms
[2020-01-29T22:15:43.546+0300][22.918s][info][gc] GC(364) Pause Young (Allocation Failure) 137M->136M(247M) 61.719ms
[2020-01-29T22:15:43.553+0300][22.925s][info][gc] GC(365) Pause Young (Allocation Failure) 204M->204M(247M) 0.042ms
[2020-01-29T22:15:43.652+0300][23.023s][info][gc] GC(366) Pause Full (Allocation Failure) 204M->70M(247M) 98.191ms
[2020-01-29T22:15:43.730+0300][23.103s][info][gc] GC(367) Pause Young (Allocation Failure) 137M->136M(247M) 61.616ms
[2020-01-29T22:15:43.737+0300][23.109s][info][gc] GC(368) Pause Young (Allocation Failure) 204M->204M(247M) 0.042ms
[2020-01-29T22:15:43.835+0300][23.207s][info][gc] GC(369) Pause Full (Allocation Failure) 204M->70M(247M) 97.778ms
[2020-01-29T22:15:43.916+0300][23.288s][info][gc] GC(370) Pause Young (Allocation Failure) 137M->136M(247M) 62.174ms
[2020-01-29T22:15:43.923+0300][23.295s][info][gc] GC(371) Pause Young (Allocation Failure) 204M->204M(247M) 0.046ms
[2020-01-29T22:15:44.021+0300][23.392s][info][gc] GC(372) Pause Full (Allocation Failure) 204M->70M(247M) 97.873ms
[2020-01-29T22:15:44.102+0300][23.475s][info][gc] GC(373) Pause Young (Allocation Failure) 137M->136M(247M) 61.650ms
[2020-01-29T22:15:44.109+0300][23.481s][info][gc] GC(374) Pause Young (Allocation Failure) 204M->204M(247M) 0.040ms
[2020-01-29T22:15:44.207+0300][23.579s][info][gc] GC(375) Pause Full (Allocation Failure) 204M->70M(247M) 97.807ms
[2020-01-29T22:15:44.287+0300][23.659s][info][gc] GC(376) Pause Young (Allocation Failure) 137M->136M(247M) 61.580ms
[2020-01-29T22:15:44.294+0300][23.666s][info][gc] GC(377) Pause Young (Allocation Failure) 204M->204M(247M) 0.041ms
[2020-01-29T22:15:44.392+0300][23.763s][info][gc] GC(378) Pause Full (Allocation Failure) 204M->70M(247M) 97.781ms
[2020-01-29T22:15:44.471+0300][23.844s][info][gc] GC(379) Pause Young (Allocation Failure) 137M->136M(247M) 61.654ms
[2020-01-29T22:15:44.479+0300][23.850s][info][gc] GC(380) Pause Young (Allocation Failure) 204M->204M(247M) 0.040ms
[2020-01-29T22:15:44.577+0300][23.948s][info][gc] GC(381) Pause Full (Allocation Failure) 204M->70M(247M) 97.872ms
[2020-01-29T22:15:44.656+0300][24.028s][info][gc] GC(382) Pause Young (Allocation Failure) 137M->136M(247M) 61.610ms
[2020-01-29T22:15:44.663+0300][24.035s][info][gc] GC(383) Pause Young (Allocation Failure) 204M->204M(247M) 0.043ms
[2020-01-29T22:15:44.761+0300][24.133s][info][gc] GC(384) Pause Full (Allocation Failure) 204M->70M(247M) 97.697ms
[2020-01-29T22:15:44.839+0300][24.212s][info][gc] GC(385) Pause Young (Allocation Failure) 137M->136M(247M) 61.654ms
[2020-01-29T22:15:44.846+0300][24.218s][info][gc] GC(386) Pause Young (Allocation Failure) 204M->204M(247M) 0.041ms
[2020-01-29T22:15:44.945+0300][24.316s][info][gc] GC(387) Pause Full (Allocation Failure) 204M->70M(247M) 97.883ms
[2020-01-29T22:15:45.025+0300][24.397s][info][gc] GC(388) Pause Young (Allocation Failure) 137M->136M(247M) 62.154ms
[2020-01-29T22:15:45.032+0300][24.404s][info][gc] GC(389) Pause Young (Allocation Failure) 204M->204M(247M) 0.044ms
[2020-01-29T22:15:45.130+0300][24.502s][info][gc] GC(390) Pause Full (Allocation Failure) 204M->70M(247M) 97.584ms
[2020-01-29T22:15:45.210+0300][24.582s][info][gc] GC(391) Pause Young (Allocation Failure) 137M->136M(247M) 61.745ms
[2020-01-29T22:15:45.217+0300][24.589s][info][gc] GC(392) Pause Young (Allocation Failure) 204M->204M(247M) 0.043ms
[2020-01-29T22:15:45.315+0300][24.687s][info][gc] GC(393) Pause Full (Allocation Failure) 204M->70M(247M) 97.784ms
[2020-01-29T22:15:45.394+0300][24.767s][info][gc] GC(394) Pause Young (Allocation Failure) 137M->136M(247M) 61.687ms
[2020-01-29T22:15:45.401+0300][24.773s][info][gc] GC(395) Pause Young (Allocation Failure) 204M->204M(247M) 0.041ms
[2020-01-29T22:15:45.499+0300][24.871s][info][gc] GC(396) Pause Full (Allocation Failure) 204M->70M(247M) 97.495ms
[2020-01-29T22:15:45.580+0300][24.951s][info][gc] GC(397) Pause Young (Allocation Failure) 137M->136M(247M) 61.782ms
[2020-01-29T22:15:45.586+0300][24.958s][info][gc] GC(398) Pause Young (Allocation Failure) 204M->204M(247M) 0.045ms
[2020-01-29T22:15:45.684+0300][25.056s][info][gc] GC(399) Pause Full (Allocation Failure) 204M->70M(247M) 97.689ms
[2020-01-29T22:15:45.763+0300][25.136s][info][gc] GC(400) Pause Young (Allocation Failure) 137M->136M(247M) 61.626ms
[2020-01-29T22:15:45.770+0300][25.143s][info][gc] GC(401) Pause Young (Allocation Failure) 204M->204M(247M) 0.042ms
[2020-01-29T22:15:45.870+0300][25.242s][info][gc] GC(402) Pause Full (Allocation Failure) 204M->70M(247M) 99.439ms
[2020-01-29T22:15:45.950+0300][25.323s][info][gc] GC(403) Pause Young (Allocation Failure) 137M->136M(247M) 61.662ms
[2020-01-29T22:15:45.958+0300][25.330s][info][gc] GC(404) Pause Young (Allocation Failure) 204M->204M(247M) 0.044ms
[2020-01-29T22:15:46.056+0300][25.428s][info][gc] GC(405) Pause Full (Allocation Failure) 204M->70M(247M) 97.719ms
[2020-01-29T22:15:46.137+0300][25.509s][info][gc] GC(406) Pause Young (Allocation Failure) 137M->136M(247M) 62.374ms
[2020-01-29T22:15:46.144+0300][25.516s][info][gc] GC(407) Pause Young (Allocation Failure) 204M->204M(247M) 0.043ms
[2020-01-29T22:15:46.242+0300][25.613s][info][gc] GC(408) Pause Full (Allocation Failure) 204M->70M(247M) 97.625ms
[2020-01-29T22:15:46.321+0300][25.694s][info][gc] GC(409) Pause Young (Allocation Failure) 137M->136M(247M) 61.669ms
[2020-01-29T22:15:46.328+0300][25.700s][info][gc] GC(410) Pause Young (Allocation Failure) 204M->204M(247M) 0.041ms
[2020-01-29T22:15:46.427+0300][25.798s][info][gc] GC(411) Pause Full (Allocation Failure) 204M->70M(247M) 97.671ms
[2020-01-29T22:15:46.506+0300][25.878s][info][gc] GC(412) Pause Young (Allocation Failure) 137M->136M(247M) 61.685ms
[2020-01-29T22:15:46.513+0300][25.885s][info][gc] GC(413) Pause Young (Allocation Failure) 204M->204M(247M) 0.043ms
[2020-01-29T22:15:46.611+0300][25.982s][info][gc] GC(414) Pause Full (Allocation Failure) 204M->70M(247M) 97.511ms
[2020-01-29T22:15:46.689+0300][26.062s][info][gc] GC(415) Pause Young (Allocation Failure) 137M->136M(247M) 61.713ms
[2020-01-29T22:15:46.696+0300][26.068s][info][gc] GC(416) Pause Young (Allocation Failure) 204M->204M(247M) 0.043ms
[2020-01-29T22:15:46.794+0300][26.166s][info][gc] GC(417) Pause Full (Allocation Failure) 204M->70M(247M) 97.650ms
[2020-01-29T22:15:46.874+0300][26.246s][info][gc] GC(418) Pause Young (Allocation Failure) 137M->136M(247M) 61.630ms
[2020-01-29T22:15:46.881+0300][26.253s][info][gc] GC(419) Pause Young (Allocation Failure) 204M->204M(247M) 0.041ms
[2020-01-29T22:15:46.980+0300][26.351s][info][gc] GC(420) Pause Full (Allocation Failure) 204M->70M(247M) 98.349ms
[2020-01-29T22:15:47.061+0300][26.434s][info][gc] GC(421) Pause Young (Allocation Failure) 137M->136M(247M) 61.672ms
[2020-01-29T22:15:47.068+0300][26.440s][info][gc] GC(422) Pause Young (Allocation Failure) 204M->204M(247M) 0.042ms
[2020-01-29T22:15:47.166+0300][26.538s][info][gc] GC(423) Pause Full (Allocation Failure) 204M->70M(247M) 97.763ms
[2020-01-29T22:15:47.246+0300][26.618s][info][gc] GC(424) Pause Young (Allocation Failure) 137M->136M(247M) 61.672ms
[2020-01-29T22:15:47.253+0300][26.625s][info][gc] GC(425) Pause Young (Allocation Failure) 204M->204M(247M) 0.042ms
[2020-01-29T22:15:47.351+0300][26.723s][info][gc] GC(426) Pause Full (Allocation Failure) 204M->70M(247M) 97.578ms
[2020-01-29T22:15:47.430+0300][26.803s][info][gc] GC(427) Pause Young (Allocation Failure) 137M->136M(247M) 61.670ms
[2020-01-29T22:15:47.437+0300][26.809s][info][gc] GC(428) Pause Young (Allocation Failure) 204M->204M(247M) 0.041ms
[2020-01-29T22:15:47.535+0300][26.907s][info][gc] GC(429) Pause Full (Allocation Failure) 204M->70M(247M) 97.719ms
[2020-01-29T22:15:47.615+0300][26.987s][info][gc] GC(430) Pause Young (Allocation Failure) 137M->136M(247M) 61.646ms
[2020-01-29T22:15:47.622+0300][26.994s][info][gc] GC(431) Pause Young (Allocation Failure) 204M->204M(247M) 0.041ms
[2020-01-29T22:15:47.720+0300][27.092s][info][gc] GC(432) Pause Full (Allocation Failure) 204M->70M(247M) 97.779ms
[2020-01-29T22:15:47.800+0300][27.172s][info][gc] GC(433) Pause Young (Allocation Failure) 137M->136M(247M) 61.693ms
[2020-01-29T22:15:47.807+0300][27.179s][info][gc] GC(434) Pause Young (Allocation Failure) 204M->204M(247M) 0.043ms
[2020-01-29T22:15:47.904+0300][27.276s][info][gc] GC(435) Pause Full (Allocation Failure) 204M->70M(247M) 97.618ms
[2020-01-29T22:15:47.984+0300][27.356s][info][gc] GC(436) Pause Young (Allocation Failure) 137M->136M(247M) 61.657ms
[2020-01-29T22:15:47.994+0300][27.366s][info][gc] GC(437) Pause Young (Allocation Failure) 204M->204M(247M) 0.043ms
[2020-01-29T22:15:48.092+0300][27.464s][info][gc] GC(438) Pause Full (Allocation Failure) 204M->70M(247M) 98.130ms
[2020-01-29T22:15:48.172+0300][27.544s][info][gc] GC(439) Pause Young (Allocation Failure) 137M->136M(247M) 61.752ms
[2020-01-29T22:15:48.178+0300][27.550s][info][gc] GC(440) Pause Young (Allocation Failure) 204M->204M(247M) 0.041ms
[2020-01-29T22:15:48.276+0300][27.648s][info][gc] GC(441) Pause Full (Allocation Failure) 204M->70M(247M) 97.744ms
[2020-01-29T22:15:48.356+0300][27.728s][info][gc] GC(442) Pause Young (Allocation Failure) 137M->136M(247M) 61.662ms
[2020-01-29T22:15:48.363+0300][27.735s][info][gc] GC(443) Pause Young (Allocation Failure) 204M->204M(247M) 0.045ms
[2020-01-29T22:15:48.462+0300][27.833s][info][gc] GC(444) Pause Full (Allocation Failure) 204M->70M(247M) 98.069ms
[2020-01-29T22:15:48.541+0300][27.913s][info][gc] GC(445) Pause Young (Allocation Failure) 137M->136M(247M) 61.672ms
[2020-01-29T22:15:48.548+0300][27.920s][info][gc] GC(446) Pause Young (Allocation Failure) 204M->204M(247M) 0.042ms
[2020-01-29T22:15:48.646+0300][28.018s][info][gc] GC(447) Pause Full (Allocation Failure) 204M->70M(247M) 98.181ms
[2020-01-29T22:15:48.727+0300][28.099s][info][gc] GC(448) Pause Young (Allocation Failure) 137M->136M(247M) 62.357ms
[2020-01-29T22:15:48.734+0300][28.106s][info][gc] GC(449) Pause Young (Allocation Failure) 204M->204M(247M) 0.043ms
[2020-01-29T22:15:48.832+0300][28.203s][info][gc] GC(450) Pause Full (Allocation Failure) 204M->70M(247M) 97.703ms
[2020-01-29T22:15:48.912+0300][28.284s][info][gc] GC(451) Pause Young (Allocation Failure) 137M->136M(247M) 61.724ms
[2020-01-29T22:15:48.919+0300][28.291s][info][gc] GC(452) Pause Young (Allocation Failure) 204M->204M(247M) 0.042ms
[2020-01-29T22:15:49.016+0300][28.389s][info][gc] GC(453) Pause Full (Allocation Failure) 204M->70M(247M) 97.888ms
[2020-01-29T22:15:49.097+0300][28.469s][info][gc] GC(454) Pause Young (Allocation Failure) 137M->136M(247M) 61.636ms
[2020-01-29T22:15:49.104+0300][28.476s][info][gc] GC(455) Pause Young (Allocation Failure) 204M->204M(247M) 0.043ms
[2020-01-29T22:15:49.202+0300][28.574s][info][gc] GC(456) Pause Full (Allocation Failure) 204M->70M(247M) 98.087ms
[2020-01-29T22:15:49.282+0300][28.654s][info][gc] GC(457) Pause Young (Allocation Failure) 137M->136M(247M) 61.652ms
[2020-01-29T22:15:49.289+0300][28.660s][info][gc] GC(458) Pause Young (Allocation Failure) 204M->204M(247M) 0.042ms
[2020-01-29T22:15:49.386+0300][28.758s][info][gc] GC(459) Pause Full (Allocation Failure) 204M->70M(247M) 97.841ms
[2020-01-29T22:15:49.466+0300][28.838s][info][gc] GC(460) Pause Young (Allocation Failure) 137M->136M(247M) 61.705ms
[2020-01-29T22:15:49.473+0300][28.845s][info][gc] GC(461) Pause Young (Allocation Failure) 204M->204M(247M) 0.043ms
[2020-01-29T22:15:49.571+0300][28.943s][info][gc] GC(462) Pause Full (Allocation Failure) 204M->70M(247M) 97.965ms
[2020-01-29T22:15:49.652+0300][29.023s][info][gc] GC(463) Pause Young (Allocation Failure) 137M->136M(247M) 61.569ms
[2020-01-29T22:15:49.659+0300][29.030s][info][gc] GC(464) Pause Young (Allocation Failure) 204M->204M(247M) 0.042ms
[2020-01-29T22:15:49.757+0300][29.128s][info][gc] GC(465) Pause Full (Allocation Failure) 204M->70M(247M) 98.128ms
[2020-01-29T22:15:49.836+0300][29.208s][info][gc] GC(466) Pause Young (Allocation Failure) 137M->136M(247M) 61.583ms
[2020-01-29T22:15:49.843+0300][29.214s][info][gc] GC(467) Pause Young (Allocation Failure) 204M->204M(247M) 0.041ms
[2020-01-29T22:15:49.940+0300][29.312s][info][gc] GC(468) Pause Full (Allocation Failure) 204M->70M(247M) 98.069ms
[2020-01-29T22:15:50.022+0300][29.393s][info][gc] GC(469) Pause Young (Allocation Failure) 137M->136M(247M) 62.777ms
[2020-01-29T22:15:50.029+0300][29.401s][info][gc] GC(470) Pause Young (Allocation Failure) 204M->204M(247M) 0.044ms
[2020-01-29T22:15:50.127+0300][29.498s][info][gc] GC(471) Pause Full (Allocation Failure) 204M->70M(247M) 97.407ms
[2020-01-29T22:15:50.206+0300][29.578s][info][gc] GC(472) Pause Young (Allocation Failure) 137M->136M(247M) 61.709ms
[2020-01-29T22:15:50.213+0300][29.585s][info][gc] GC(473) Pause Young (Allocation Failure) 204M->204M(247M) 0.041ms
[2020-01-29T22:15:50.310+0300][29.683s][info][gc] GC(474) Pause Full (Allocation Failure) 204M->70M(247M) 98.062ms
[2020-01-29T22:15:50.390+0300][29.762s][info][gc] GC(475) Pause Young (Allocation Failure) 137M->136M(247M) 61.621ms
[2020-01-29T22:15:50.397+0300][29.769s][info][gc] GC(476) Pause Young (Allocation Failure) 204M->204M(247M) 0.041ms
[2020-01-29T22:15:50.495+0300][29.867s][info][gc] GC(477) Pause Full (Allocation Failure) 204M->70M(247M) 97.900ms
[2020-01-29T22:15:50.575+0300][29.947s][info][gc] GC(478) Pause Young (Allocation Failure) 137M->136M(247M) 61.701ms
[2020-01-29T22:15:50.582+0300][29.954s][info][gc] GC(479) Pause Young (Allocation Failure) 204M->204M(247M) 0.044ms
[2020-01-29T22:15:50.680+0300][30.051s][info][gc] GC(480) Pause Full (Allocation Failure) 204M->70M(247M) 97.750ms
[2020-01-29T22:15:50.760+0300][30.132s][info][gc] GC(481) Pause Young (Allocation Failure) 137M->136M(247M) 61.642ms
[2020-01-29T22:15:50.767+0300][30.138s][info][gc] GC(482) Pause Young (Allocation Failure) 204M->204M(247M) 0.043ms
[2020-01-29T22:15:50.864+0300][30.236s][info][gc] GC(483) Pause Full (Allocation Failure) 204M->70M(247M) 97.871ms
[2020-01-29T22:15:50.944+0300][30.316s][info][gc] GC(484) Pause Young (Allocation Failure) 137M->136M(247M) 61.647ms
[2020-01-29T22:15:50.951+0300][30.323s][info][gc] GC(485) Pause Young (Allocation Failure) 204M->204M(247M) 0.043ms
[2020-01-29T22:15:51.049+0300][30.421s][info][gc] GC(486) Pause Full (Allocation Failure) 204M->70M(247M) 97.789ms
[2020-01-29T22:15:51.130+0300][30.502s][info][gc] GC(487) Pause Young (Allocation Failure) 137M->136M(247M) 61.707ms
[2020-01-29T22:15:51.137+0300][30.509s][info][gc] GC(488) Pause Young (Allocation Failure) 204M->204M(247M) 0.044ms
[2020-01-29T22:15:51.235+0300][30.607s][info][gc] GC(489) Pause Full (Allocation Failure) 204M->70M(247M) 98.130ms
[2020-01-29T22:15:51.314+0300][30.686s][info][gc] GC(490) Pause Young (Allocation Failure) 137M->136M(247M) 61.636ms
[2020-01-29T22:15:51.322+0300][30.693s][info][gc] GC(491) Pause Young (Allocation Failure) 204M->204M(247M) 0.044ms
[2020-01-29T22:15:51.421+0300][30.793s][info][gc] GC(492) Pause Full (Allocation Failure) 204M->70M(247M) 99.596ms
[2020-01-29T22:15:51.502+0300][30.873s][info][gc] GC(493) Pause Young (Allocation Failure) 137M->136M(247M) 62.136ms
[2020-01-29T22:15:51.509+0300][30.880s][info][gc] GC(494) Pause Young (Allocation Failure) 204M->204M(247M) 0.044ms
[2020-01-29T22:15:51.606+0300][30.978s][info][gc] GC(495) Pause Full (Allocation Failure) 204M->70M(247M) 97.781ms
[2020-01-29T22:15:51.686+0300][31.058s][info][gc] GC(496) Pause Young (Allocation Failure) 137M->136M(247M) 61.633ms
[2020-01-29T22:15:51.694+0300][31.066s][info][gc] GC(497) Pause Young (Allocation Failure) 204M->204M(247M) 0.046ms
[2020-01-29T22:15:51.792+0300][31.163s][info][gc] GC(498) Pause Full (Allocation Failure) 204M->70M(247M) 97.763ms
[2020-01-29T22:15:51.871+0300][31.243s][info][gc] GC(499) Pause Young (Allocation Failure) 137M->136M(247M) 61.671ms
[2020-01-29T22:15:51.878+0300][31.250s][info][gc] GC(500) Pause Young (Allocation Failure) 204M->204M(247M) 0.041ms
[2020-01-29T22:15:51.976+0300][31.348s][info][gc] GC(501) Pause Full (Allocation Failure) 204M->70M(247M) 98.371ms
[2020-01-29T22:15:52.058+0300][31.430s][info][gc] GC(502) Pause Young (Allocation Failure) 137M->136M(247M) 61.666ms
[2020-01-29T22:15:52.065+0300][31.437s][info][gc] GC(503) Pause Young (Allocation Failure) 204M->204M(247M) 0.042ms
[2020-01-29T22:15:52.163+0300][31.535s][info][gc] GC(504) Pause Full (Allocation Failure) 204M->70M(247M) 97.754ms
[2020-01-29T22:15:52.243+0300][31.615s][info][gc] GC(505) Pause Young (Allocation Failure) 137M->136M(247M) 61.765ms
[2020-01-29T22:15:52.250+0300][31.622s][info][gc] GC(506) Pause Young (Allocation Failure) 204M->204M(247M) 0.045ms
[2020-01-29T22:15:52.348+0300][31.720s][info][gc] GC(507) Pause Full (Allocation Failure) 204M->70M(247M) 97.913ms
[2020-01-29T22:15:52.428+0300][31.800s][info][gc] GC(508) Pause Young (Allocation Failure) 137M->136M(247M) 61.604ms
[2020-01-29T22:15:52.435+0300][31.806s][info][gc] GC(509) Pause Young (Allocation Failure) 204M->204M(247M) 0.041ms
[2020-01-29T22:15:52.532+0300][31.905s][info][gc] GC(510) Pause Full (Allocation Failure) 204M->70M(247M) 98.044ms
[2020-01-29T22:15:52.612+0300][31.984s][info][gc] GC(511) Pause Young (Allocation Failure) 137M->136M(247M) 61.675ms
[2020-01-29T22:15:52.619+0300][31.991s][info][gc] GC(512) Pause Young (Allocation Failure) 204M->204M(247M) 0.039ms
[2020-01-29T22:15:52.718+0300][32.089s][info][gc] GC(513) Pause Full (Allocation Failure) 204M->70M(247M) 98.077ms
[2020-01-29T22:15:52.798+0300][32.170s][info][gc] GC(514) Pause Young (Allocation Failure) 137M->136M(247M) 61.703ms
[2020-01-29T22:15:52.805+0300][32.177s][info][gc] GC(515) Pause Young (Allocation Failure) 204M->204M(247M) 0.043ms
[2020-01-29T22:15:52.903+0300][32.275s][info][gc] GC(516) Pause Full (Allocation Failure) 204M->70M(247M) 97.885ms
[2020-01-29T22:15:52.983+0300][32.355s][info][gc] GC(517) Pause Young (Allocation Failure) 137M->136M(247M) 61.653ms
[2020-01-29T22:15:52.992+0300][32.364s][info][gc] GC(518) Pause Young (Allocation Failure) 204M->204M(247M) 0.044ms
[2020-01-29T22:15:53.090+0300][32.462s][info][gc] GC(519) Pause Full (Allocation Failure) 204M->70M(247M) 98.029ms
[2020-01-29T22:15:53.169+0300][32.541s][info][gc] GC(520) Pause Young (Allocation Failure) 137M->136M(247M) 61.709ms
[2020-01-29T22:15:53.176+0300][32.548s][info][gc] GC(521) Pause Young (Allocation Failure) 204M->204M(247M) 0.042ms
[2020-01-29T22:15:53.274+0300][32.646s][info][gc] GC(522) Pause Full (Allocation Failure) 204M->70M(247M) 97.627ms
[2020-01-29T22:15:53.354+0300][32.726s][info][gc] GC(523) Pause Young (Allocation Failure) 137M->136M(247M) 61.634ms
[2020-01-29T22:15:53.361+0300][32.733s][info][gc] GC(524) Pause Young (Allocation Failure) 204M->204M(247M) 0.044ms
[2020-01-29T22:15:53.458+0300][32.831s][info][gc] GC(525) Pause Full (Allocation Failure) 204M->70M(247M) 97.939ms
[2020-01-29T22:15:53.538+0300][32.911s][info][gc] GC(526) Pause Young (Allocation Failure) 137M->136M(247M) 61.733ms
[2020-01-29T22:15:53.545+0300][32.917s][info][gc] GC(527) Pause Young (Allocation Failure) 204M->204M(247M) 0.041ms
[2020-01-29T22:15:53.643+0300][33.015s][info][gc] GC(528) Pause Full (Allocation Failure) 204M->70M(247M) 97.791ms
[2020-01-29T22:15:53.723+0300][33.095s][info][gc] GC(529) Pause Young (Allocation Failure) 137M->136M(247M) 61.631ms
[2020-01-29T22:15:53.730+0300][33.102s][info][gc] GC(530) Pause Young (Allocation Failure) 204M->204M(247M) 0.041ms
[2020-01-29T22:15:53.827+0300][33.199s][info][gc] GC(531) Pause Full (Allocation Failure) 204M->70M(247M) 97.474ms
[2020-01-29T22:15:53.908+0300][33.280s][info][gc] GC(532) Pause Young (Allocation Failure) 137M->136M(247M) 62.274ms
[2020-01-29T22:15:53.915+0300][33.287s][info][gc] GC(533) Pause Young (Allocation Failure) 204M->204M(247M) 0.044ms
[2020-01-29T22:15:54.012+0300][33.385s][info][gc] GC(534) Pause Full (Allocation Failure) 204M->70M(247M) 97.893ms
[2020-01-29T22:15:54.095+0300][33.467s][info][gc] GC(535) Pause Young (Allocation Failure) 137M->136M(247M) 61.704ms
[2020-01-29T22:15:54.102+0300][33.473s][info][gc] GC(536) Pause Young (Allocation Failure) 204M->204M(247M) 0.040ms
[2020-01-29T22:15:54.199+0300][33.571s][info][gc] GC(537) Pause Full (Allocation Failure) 204M->70M(247M) 97.712ms
[2020-01-29T22:15:54.279+0300][33.651s][info][gc] GC(538) Pause Young (Allocation Failure) 137M->136M(247M) 61.620ms
[2020-01-29T22:15:54.286+0300][33.658s][info][gc] GC(539) Pause Young (Allocation Failure) 204M->204M(247M) 0.041ms
[2020-01-29T22:15:54.384+0300][33.756s][info][gc] GC(540) Pause Full (Allocation Failure) 204M->70M(247M) 98.174ms
[2020-01-29T22:15:54.464+0300][33.836s][info][gc] GC(541) Pause Young (Allocation Failure) 137M->136M(247M) 61.683ms
[2020-01-29T22:15:54.471+0300][33.843s][info][gc] GC(542) Pause Young (Allocation Failure) 204M->204M(247M) 0.044ms
[2020-01-29T22:15:54.569+0300][33.941s][info][gc] GC(543) Pause Full (Allocation Failure) 204M->70M(247M) 98.139ms
[2020-01-29T22:15:54.649+0300][34.021s][info][gc] GC(544) Pause Young (Allocation Failure) 137M->136M(247M) 61.611ms
[2020-01-29T22:15:54.655+0300][34.028s][info][gc] GC(545) Pause Young (Allocation Failure) 204M->204M(247M) 0.041ms
[2020-01-29T22:15:54.754+0300][34.126s][info][gc] GC(546) Pause Full (Allocation Failure) 204M->70M(247M) 98.021ms
[2020-01-29T22:15:54.833+0300][34.205s][info][gc] GC(547) Pause Young (Allocation Failure) 137M->136M(247M) 61.638ms
[2020-01-29T22:15:54.841+0300][34.212s][info][gc] GC(548) Pause Young (Allocation Failure) 204M->204M(247M) 0.041ms
[2020-01-29T22:15:54.938+0300][34.310s][info][gc] GC(549) Pause Full (Allocation Failure) 204M->70M(247M) 97.549ms
[2020-01-29T22:15:55.018+0300][34.390s][info][gc] GC(550) Pause Young (Allocation Failure) 137M->136M(247M) 61.913ms
[2020-01-29T22:15:55.025+0300][34.397s][info][gc] GC(551) Pause Young (Allocation Failure) 204M->204M(247M) 0.041ms
[2020-01-29T22:15:55.123+0300][34.495s][info][gc] GC(552) Pause Full (Allocation Failure) 204M->70M(247M) 97.694ms
[2020-01-29T22:15:55.203+0300][34.575s][info][gc] GC(553) Pause Young (Allocation Failure) 137M->136M(247M) 61.726ms
[2020-01-29T22:15:55.210+0300][34.582s][info][gc] GC(554) Pause Young (Allocation Failure) 204M->204M(247M) 0.042ms
[2020-01-29T22:15:55.308+0300][34.680s][info][gc] GC(555) Pause Full (Allocation Failure) 204M->70M(247M) 97.740ms
[2020-01-29T22:15:55.388+0300][34.760s][info][gc] GC(556) Pause Young (Allocation Failure) 137M->136M(247M) 62.360ms
[2020-01-29T22:15:55.395+0300][34.767s][info][gc] GC(557) Pause Young (Allocation Failure) 204M->204M(247M) 0.042ms
[2020-01-29T22:15:55.494+0300][34.866s][info][gc] GC(558) Pause Full (Allocation Failure) 204M->70M(247M) 98.653ms
[2020-01-29T22:15:55.574+0300][34.946s][info][gc] GC(559) Pause Young (Allocation Failure) 137M->136M(247M) 61.673ms
[2020-01-29T22:15:55.581+0300][34.953s][info][gc] GC(560) Pause Young (Allocation Failure) 204M->204M(247M) 0.044ms
[2020-01-29T22:15:55.679+0300][35.051s][info][gc] GC(561) Pause Full (Allocation Failure) 204M->70M(247M) 97.894ms
[2020-01-29T22:15:55.759+0300][35.131s][info][gc] GC(562) Pause Young (Allocation Failure) 137M->136M(247M) 61.619ms
[2020-01-29T22:15:55.765+0300][35.137s][info][gc] GC(563) Pause Young (Allocation Failure) 204M->204M(247M) 0.041ms
[2020-01-29T22:15:55.864+0300][35.235s][info][gc] GC(564) Pause Full (Allocation Failure) 204M->70M(247M) 97.765ms
[2020-01-29T22:15:55.942+0300][35.314s][info][gc] GC(565) Pause Young (Allocation Failure) 137M->136M(247M) 61.595ms
[2020-01-29T22:15:55.949+0300][35.321s][info][gc] GC(566) Pause Young (Allocation Failure) 204M->204M(247M) 0.042ms
[2020-01-29T22:15:56.047+0300][35.419s][info][gc] GC(567) Pause Full (Allocation Failure) 204M->70M(247M) 97.546ms
[2020-01-29T22:15:56.128+0300][35.500s][info][gc] GC(568) Pause Young (Allocation Failure) 137M->136M(247M) 61.680ms
[2020-01-29T22:15:56.135+0300][35.507s][info][gc] GC(569) Pause Young (Allocation Failure) 204M->204M(247M) 0.046ms
[2020-01-29T22:15:56.233+0300][35.605s][info][gc] GC(570) Pause Full (Allocation Failure) 204M->70M(247M) 97.955ms
[2020-01-29T22:15:56.313+0300][35.685s][info][gc] GC(571) Pause Young (Allocation Failure) 137M->136M(247M) 62.049ms
[2020-01-29T22:15:56.319+0300][35.692s][info][gc] GC(572) Pause Young (Allocation Failure) 204M->204M(247M) 0.041ms
[2020-01-29T22:15:56.418+0300][35.790s][info][gc] GC(573) Pause Full (Allocation Failure) 204M->70M(247M) 98.067ms
[2020-01-29T22:15:56.498+0300][35.870s][info][gc] GC(574) Pause Young (Allocation Failure) 137M->136M(247M) 61.692ms
[2020-01-29T22:15:56.505+0300][35.876s][info][gc] GC(575) Pause Young (Allocation Failure) 204M->204M(247M) 0.040ms
[2020-01-29T22:15:56.602+0300][35.974s][info][gc] GC(576) Pause Full (Allocation Failure) 204M->70M(247M) 97.604ms
[2020-01-29T22:15:56.683+0300][36.055s][info][gc] GC(577) Pause Young (Allocation Failure) 137M->136M(247M) 62.304ms
[2020-01-29T22:15:56.690+0300][36.062s][info][gc] GC(578) Pause Young (Allocation Failure) 204M->204M(247M) 0.051ms
[2020-01-29T22:15:56.788+0300][36.160s][info][gc] GC(579) Pause Full (Allocation Failure) 204M->70M(247M) 97.729ms
[2020-01-29T22:15:56.867+0300][36.240s][info][gc] GC(580) Pause Young (Allocation Failure) 137M->136M(247M) 61.633ms
[2020-01-29T22:15:56.874+0300][36.246s][info][gc] GC(581) Pause Young (Allocation Failure) 204M->204M(247M) 0.042ms
[2020-01-29T22:15:56.976+0300][36.348s][info][gc] GC(582) Pause Full (Allocation Failure) 204M->70M(247M) 101.802ms
[2020-01-29T22:15:57.057+0300][36.429s][info][gc] GC(583) Pause Young (Allocation Failure) 137M->136M(247M) 61.618ms
[2020-01-29T22:15:57.064+0300][36.436s][info][gc] GC(584) Pause Young (Allocation Failure) 204M->204M(247M) 0.042ms
[2020-01-29T22:15:57.162+0300][36.533s][info][gc] GC(585) Pause Full (Allocation Failure) 204M->70M(247M) 97.700ms
[2020-01-29T22:15:57.241+0300][36.614s][info][gc] GC(586) Pause Young (Allocation Failure) 137M->136M(247M) 61.716ms
[2020-01-29T22:15:57.248+0300][36.620s][info][gc] GC(587) Pause Young (Allocation Failure) 204M->204M(247M) 0.041ms
[2020-01-29T22:15:57.346+0300][36.718s][info][gc] GC(588) Pause Full (Allocation Failure) 204M->70M(247M) 97.803ms
[2020-01-29T22:15:57.426+0300][36.798s][info][gc] GC(589) Pause Young (Allocation Failure) 137M->136M(247M) 61.661ms
[2020-01-29T22:15:57.433+0300][36.805s][info][gc] GC(590) Pause Young (Allocation Failure) 204M->204M(247M) 0.042ms
[2020-01-29T22:15:57.532+0300][36.904s][info][gc] GC(591) Pause Full (Allocation Failure) 204M->70M(247M) 99.014ms
[2020-01-29T22:15:57.612+0300][36.985s][info][gc] GC(592) Pause Young (Allocation Failure) 137M->136M(247M) 61.596ms
[2020-01-29T22:15:57.619+0300][36.991s][info][gc] GC(593) Pause Young (Allocation Failure) 204M->204M(247M) 0.044ms
[2020-01-29T22:15:57.717+0300][37.089s][info][gc] GC(594) Pause Full (Allocation Failure) 204M->70M(247M) 97.583ms
[2020-01-29T22:15:57.797+0300][37.169s][info][gc] GC(595) Pause Young (Allocation Failure) 137M->136M(247M) 61.652ms
[2020-01-29T22:15:57.804+0300][37.176s][info][gc] GC(596) Pause Young (Allocation Failure) 204M->204M(247M) 0.043ms
[2020-01-29T22:15:57.902+0300][37.274s][info][gc] GC(597) Pause Full (Allocation Failure) 204M->70M(247M) 97.694ms
[2020-01-29T22:15:57.982+0300][37.355s][info][gc] GC(598) Pause Young (Allocation Failure) 137M->136M(247M) 62.117ms
[2020-01-29T22:15:57.990+0300][37.362s][info][gc] GC(599) Pause Young (Allocation Failure) 204M->204M(247M) 0.044ms
[2020-01-29T22:15:58.089+0300][37.460s][info][gc] GC(600) Pause Full (Allocation Failure) 204M->70M(247M) 97.887ms
[2020-01-29T22:15:58.169+0300][37.541s][info][gc] GC(601) Pause Young (Allocation Failure) 137M->136M(247M) 61.801ms
[2020-01-29T22:15:58.175+0300][37.547s][info][gc] GC(602) Pause Young (Allocation Failure) 204M->204M(247M) 0.041ms
[2020-01-29T22:15:58.273+0300][37.645s][info][gc] GC(603) Pause Full (Allocation Failure) 204M->70M(247M) 97.525ms
[2020-01-29T22:15:58.353+0300][37.725s][info][gc] GC(604) Pause Young (Allocation Failure) 137M->136M(247M) 61.712ms
[2020-01-29T22:15:58.360+0300][37.732s][info][gc] GC(605) Pause Young (Allocation Failure) 204M->204M(247M) 0.044ms
[2020-01-29T22:15:58.458+0300][37.830s][info][gc] GC(606) Pause Full (Allocation Failure) 204M->70M(247M) 97.999ms
[2020-01-29T22:15:58.537+0300][37.910s][info][gc] GC(607) Pause Young (Allocation Failure) 137M->136M(247M) 61.736ms
[2020-01-29T22:15:58.544+0300][37.917s][info][gc] GC(608) Pause Young (Allocation Failure) 204M->204M(247M) 0.044ms
[2020-01-29T22:15:58.642+0300][38.014s][info][gc] GC(609) Pause Full (Allocation Failure) 204M->70M(247M) 97.817ms
[2020-01-29T22:15:58.722+0300][38.094s][info][gc] GC(610) Pause Young (Allocation Failure) 137M->136M(247M) 61.656ms
[2020-01-29T22:15:58.729+0300][38.101s][info][gc] GC(611) Pause Young (Allocation Failure) 204M->204M(247M) 0.041ms
[2020-01-29T22:15:58.827+0300][38.198s][info][gc] GC(612) Pause Full (Allocation Failure) 204M->70M(247M) 97.579ms
[2020-01-29T22:15:58.906+0300][38.279s][info][gc] GC(613) Pause Young (Allocation Failure) 137M->136M(247M) 61.708ms
[2020-01-29T22:15:58.913+0300][38.285s][info][gc] GC(614) Pause Young (Allocation Failure) 204M->204M(247M) 0.046ms
[2020-01-29T22:15:59.012+0300][38.384s][info][gc] GC(615) Pause Full (Allocation Failure) 204M->70M(247M) 98.200ms
[2020-01-29T22:15:59.092+0300][38.465s][info][gc] GC(616) Pause Young (Allocation Failure) 137M->136M(247M) 61.708ms
[2020-01-29T22:15:59.099+0300][38.471s][info][gc] GC(617) Pause Young (Allocation Failure) 204M->204M(247M) 0.041ms
[2020-01-29T22:15:59.197+0300][38.569s][info][gc] GC(618) Pause Full (Allocation Failure) 204M->70M(247M) 97.840ms
[2020-01-29T22:15:59.277+0300][38.649s][info][gc] GC(619) Pause Young (Allocation Failure) 137M->136M(247M) 61.600ms
[2020-01-29T22:15:59.284+0300][38.656s][info][gc] GC(620) Pause Young (Allocation Failure) 204M->204M(247M) 0.041ms
[2020-01-29T22:15:59.382+0300][38.753s][info][gc] GC(621) Pause Full (Allocation Failure) 204M->70M(247M) 97.641ms
[2020-01-29T22:15:59.461+0300][38.834s][info][gc] GC(622) Pause Young (Allocation Failure) 137M->136M(247M) 61.706ms
[2020-01-29T22:15:59.469+0300][38.840s][info][gc] GC(623) Pause Young (Allocation Failure) 204M->204M(247M) 0.043ms
[2020-01-29T22:15:59.568+0300][38.939s][info][gc] GC(624) Pause Full (Allocation Failure) 204M->70M(247M) 99.028ms
[2020-01-29T22:15:59.647+0300][39.019s][info][gc] GC(625) Pause Young (Allocation Failure) 137M->136M(247M) 61.616ms
[2020-01-29T22:15:59.654+0300][39.026s][info][gc] GC(626) Pause Young (Allocation Failure) 204M->204M(247M) 0.041ms
[2020-01-29T22:15:59.752+0300][39.124s][info][gc] GC(627) Pause Full (Allocation Failure) 204M->70M(247M) 97.869ms
[2020-01-29T22:15:59.831+0300][39.204s][info][gc] GC(628) Pause Young (Allocation Failure) 137M->136M(247M) 61.605ms
[2020-01-29T22:15:59.838+0300][39.210s][info][gc] GC(629) Pause Young (Allocation Failure) 204M->204M(247M) 0.041ms
[2020-01-29T22:15:59.937+0300][39.309s][info][gc] GC(630) Pause Full (Allocation Failure) 204M->70M(247M) 98.193ms
[2020-01-29T22:16:00.018+0300][39.389s][info][gc] GC(631) Pause Young (Allocation Failure) 137M->136M(247M) 61.853ms
[2020-01-29T22:16:00.026+0300][39.398s][info][gc] GC(632) Pause Young (Allocation Failure) 204M->204M(247M) 0.043ms
[2020-01-29T22:16:00.126+0300][39.497s][info][gc] GC(633) Pause Full (Allocation Failure) 204M->70M(247M) 99.597ms
[2020-01-29T22:16:00.206+0300][39.578s][info][gc] GC(634) Pause Young (Allocation Failure) 137M->136M(247M) 62.130ms
[2020-01-29T22:16:00.213+0300][39.585s][info][gc] GC(635) Pause Young (Allocation Failure) 204M->204M(247M) 0.043ms
[2020-01-29T22:16:00.313+0300][39.685s][info][gc] GC(636) Pause Full (Allocation Failure) 204M->70M(247M) 100.010ms
[2020-01-29T22:16:00.394+0300][39.766s][info][gc] GC(637) Pause Young (Allocation Failure) 137M->136M(247M) 62.351ms
[2020-01-29T22:16:00.401+0300][39.773s][info][gc] GC(638) Pause Young (Allocation Failure) 204M->204M(247M) 0.041ms
[2020-01-29T22:16:00.500+0300][39.872s][info][gc] GC(639) Pause Full (Allocation Failure) 204M->70M(247M) 99.025ms
[2020-01-29T22:16:00.580+0300][39.952s][info][gc] GC(640) Pause Young (Allocation Failure) 137M->136M(247M) 61.777ms
[2020-01-29T22:16:00.586+0300][39.959s][info][gc] GC(641) Pause Young (Allocation Failure) 204M->204M(247M) 0.044ms
[2020-01-29T22:16:00.685+0300][40.057s][info][gc] GC(642) Pause Full (Allocation Failure) 204M->70M(247M) 98.110ms
[2020-01-29T22:16:00.765+0300][40.137s][info][gc] GC(643) Pause Young (Allocation Failure) 137M->136M(247M) 61.618ms
[2020-01-29T22:16:00.771+0300][40.143s][info][gc] GC(644) Pause Young (Allocation Failure) 204M->204M(247M) 0.043ms
[2020-01-29T22:16:00.871+0300][40.243s][info][gc] GC(645) Pause Full (Allocation Failure) 204M->70M(247M) 99.513ms
[2020-01-29T22:16:00.951+0300][40.323s][info][gc] GC(646) Pause Young (Allocation Failure) 137M->136M(247M) 61.671ms
[2020-01-29T22:16:00.958+0300][40.330s][info][gc] GC(647) Pause Young (Allocation Failure) 204M->204M(247M) 0.042ms
[2020-01-29T22:16:01.057+0300][40.428s][info][gc] GC(648) Pause Full (Allocation Failure) 204M->70M(247M) 97.920ms
[2020-01-29T22:16:01.137+0300][40.509s][info][gc] GC(649) Pause Young (Allocation Failure) 137M->136M(247M) 61.727ms
[2020-01-29T22:16:01.143+0300][40.516s][info][gc] GC(650) Pause Young (Allocation Failure) 204M->204M(247M) 0.043ms
[2020-01-29T22:16:01.242+0300][40.614s][info][gc] GC(651) Pause Full (Allocation Failure) 204M->70M(247M) 97.972ms
[2020-01-29T22:16:01.322+0300][40.693s][info][gc] GC(652) Pause Young (Allocation Failure) 137M->136M(247M) 61.594ms
[2020-01-29T22:16:01.327+0300][40.700s][info][gc] GC(653) Pause Young (Allocation Failure) 204M->204M(247M) 0.041ms
[2020-01-29T22:16:01.427+0300][40.798s][info][gc] GC(654) Pause Full (Allocation Failure) 204M->70M(247M) 98.410ms
[2020-01-29T22:16:01.507+0300][40.879s][info][gc] GC(655) Pause Young (Allocation Failure) 137M->136M(247M) 61.705ms
[2020-01-29T22:16:01.514+0300][40.885s][info][gc] GC(656) Pause Young (Allocation Failure) 204M->204M(247M) 0.041ms
[2020-01-29T22:16:01.612+0300][40.984s][info][gc] GC(657) Pause Full (Allocation Failure) 204M->70M(247M) 98.180ms
[2020-01-29T22:16:01.691+0300][41.063s][info][gc] GC(658) Pause Young (Allocation Failure) 137M->136M(247M) 61.663ms
[2020-01-29T22:16:01.698+0300][41.070s][info][gc] GC(659) Pause Young (Allocation Failure) 204M->204M(247M) 0.041ms
[2020-01-29T22:16:01.796+0300][41.168s][info][gc] GC(660) Pause Full (Allocation Failure) 204M->70M(247M) 97.767ms
[2020-01-29T22:16:01.876+0300][41.248s][info][gc] GC(661) Pause Young (Allocation Failure) 137M->136M(247M) 61.622ms
[2020-01-29T22:16:01.883+0300][41.254s][info][gc] GC(662) Pause Young (Allocation Failure) 204M->204M(247M) 0.041ms
[2020-01-29T22:16:01.981+0300][41.354s][info][gc] GC(663) Pause Full (Allocation Failure) 204M->70M(247M) 99.155ms
[2020-01-29T22:16:02.063+0300][41.435s][info][gc] GC(664) Pause Young (Allocation Failure) 137M->136M(247M) 61.685ms
[2020-01-29T22:16:02.070+0300][41.442s][info][gc] GC(665) Pause Young (Allocation Failure) 204M->204M(247M) 0.041ms
[2020-01-29T22:16:02.169+0300][41.540s][info][gc] GC(666) Pause Full (Allocation Failure) 204M->70M(247M) 98.118ms
[2020-01-29T22:16:02.248+0300][41.620s][info][gc] GC(667) Pause Young (Allocation Failure) 137M->136M(247M) 61.725ms
[2020-01-29T22:16:02.255+0300][41.627s][info][gc] GC(668) Pause Young (Allocation Failure) 204M->204M(247M) 0.044ms
[2020-01-29T22:16:02.353+0300][41.725s][info][gc] GC(669) Pause Full (Allocation Failure) 204M->70M(247M) 97.941ms
[2020-01-29T22:16:02.433+0300][41.805s][info][gc] GC(670) Pause Young (Allocation Failure) 137M->136M(247M) 62.184ms
[2020-01-29T22:16:02.440+0300][41.812s][info][gc] GC(671) Pause Young (Allocation Failure) 204M->204M(247M) 0.042ms
[2020-01-29T22:16:02.539+0300][41.911s][info][gc] GC(672) Pause Full (Allocation Failure) 204M->70M(247M) 99.372ms
[2020-01-29T22:16:02.620+0300][41.991s][info][gc] GC(673) Pause Young (Allocation Failure) 137M->136M(247M) 61.861ms
[2020-01-29T22:16:02.626+0300][41.998s][info][gc] GC(674) Pause Young (Allocation Failure) 204M->204M(247M) 0.042ms
[2020-01-29T22:16:02.724+0300][42.096s][info][gc] GC(675) Pause Full (Allocation Failure) 204M->70M(247M) 98.090ms
[2020-01-29T22:16:02.805+0300][42.176s][info][gc] GC(676) Pause Young (Allocation Failure) 137M->136M(247M) 61.645ms
[2020-01-29T22:16:02.812+0300][42.183s][info][gc] GC(677) Pause Young (Allocation Failure) 204M->204M(247M) 0.041ms
[2020-01-29T22:16:02.909+0300][42.281s][info][gc] GC(678) Pause Full (Allocation Failure) 204M->70M(247M) 98.006ms
[2020-01-29T22:16:02.989+0300][42.361s][info][gc] GC(679) Pause Young (Allocation Failure) 137M->136M(247M) 61.667ms
[2020-01-29T22:16:02.999+0300][42.370s][info][gc] GC(680) Pause Young (Allocation Failure) 204M->204M(247M) 0.048ms
[2020-01-29T22:16:03.096+0300][42.469s][info][gc] GC(681) Pause Full (Allocation Failure) 204M->70M(247M) 98.545ms
[2020-01-29T22:16:03.176+0300][42.548s][info][gc] GC(682) Pause Young (Allocation Failure) 137M->136M(247M) 61.756ms
[2020-01-29T22:16:03.183+0300][42.555s][info][gc] GC(683) Pause Young (Allocation Failure) 204M->204M(247M) 0.042ms
[2020-01-29T22:16:03.281+0300][42.653s][info][gc] GC(684) Pause Full (Allocation Failure) 204M->70M(247M) 97.873ms
[2020-01-29T22:16:03.361+0300][42.733s][info][gc] GC(685) Pause Young (Allocation Failure) 137M->136M(247M) 61.672ms
[2020-01-29T22:16:03.368+0300][42.740s][info][gc] GC(686) Pause Young (Allocation Failure) 204M->204M(247M) 0.045ms
[2020-01-29T22:16:03.465+0300][42.838s][info][gc] GC(687) Pause Full (Allocation Failure) 204M->70M(247M) 97.922ms
[2020-01-29T22:16:03.545+0300][42.917s][info][gc] GC(688) Pause Young (Allocation Failure) 137M->136M(247M) 61.696ms
[2020-01-29T22:16:03.552+0300][42.924s][info][gc] GC(689) Pause Young (Allocation Failure) 204M->204M(247M) 0.042ms
[2020-01-29T22:16:03.651+0300][43.023s][info][gc] GC(690) Pause Full (Allocation Failure) 204M->70M(247M) 98.574ms
[2020-01-29T22:16:03.731+0300][43.103s][info][gc] GC(691) Pause Young (Allocation Failure) 137M->136M(247M) 61.605ms
[2020-01-29T22:16:03.738+0300][43.109s][info][gc] GC(692) Pause Young (Allocation Failure) 204M->204M(247M) 0.041ms
[2020-01-29T22:16:03.835+0300][43.207s][info][gc] GC(693) Pause Full (Allocation Failure) 204M->70M(247M) 97.877ms
[2020-01-29T22:16:03.915+0300][43.287s][info][gc] GC(694) Pause Young (Allocation Failure) 137M->136M(247M) 61.714ms
[2020-01-29T22:16:03.922+0300][43.294s][info][gc] GC(695) Pause Young (Allocation Failure) 204M->204M(247M) 0.042ms
[2020-01-29T22:16:04.021+0300][43.392s][info][gc] GC(696) Pause Full (Allocation Failure) 204M->70M(247M) 98.019ms
[2020-01-29T22:16:04.101+0300][43.473s][info][gc] GC(697) Pause Young (Allocation Failure) 137M->136M(247M) 61.687ms
[2020-01-29T22:16:04.108+0300][43.480s][info][gc] GC(698) Pause Young (Allocation Failure) 204M->204M(247M) 0.045ms
[2020-01-29T22:16:04.205+0300][43.578s][info][gc] GC(699) Pause Full (Allocation Failure) 204M->70M(247M) 98.025ms
[2020-01-29T22:16:04.285+0300][43.657s][info][gc] GC(700) Pause Young (Allocation Failure) 137M->136M(247M) 61.575ms
[2020-01-29T22:16:04.292+0300][43.664s][info][gc] GC(701) Pause Young (Allocation Failure) 204M->204M(247M) 0.041ms
[2020-01-29T22:16:04.390+0300][43.762s][info][gc] GC(702) Pause Full (Allocation Failure) 204M->70M(247M) 97.827ms
[2020-01-29T22:16:04.469+0300][43.841s][info][gc] GC(703) Pause Young (Allocation Failure) 137M->136M(247M) 61.668ms
[2020-01-29T22:16:04.476+0300][43.848s][info][gc] GC(704) Pause Young (Allocation Failure) 204M->204M(247M) 0.043ms
[2020-01-29T22:16:04.574+0300][43.946s][info][gc] GC(705) Pause Full (Allocation Failure) 204M->70M(247M) 98.183ms
[2020-01-29T22:16:04.654+0300][44.026s][info][gc] GC(706) Pause Young (Allocation Failure) 137M->136M(247M) 61.620ms
[2020-01-29T22:16:04.661+0300][44.033s][info][gc] GC(707) Pause Young (Allocation Failure) 204M->204M(247M) 0.042ms
[2020-01-29T22:16:04.759+0300][44.131s][info][gc] GC(708) Pause Full (Allocation Failure) 204M->70M(247M) 98.090ms
[2020-01-29T22:16:04.839+0300][44.211s][info][gc] GC(709) Pause Young (Allocation Failure) 137M->136M(247M) 61.582ms
[2020-01-29T22:16:04.846+0300][44.217s][info][gc] GC(710) Pause Young (Allocation Failure) 204M->204M(247M) 0.041ms
[2020-01-29T22:16:04.943+0300][44.316s][info][gc] GC(711) Pause Full (Allocation Failure) 204M->70M(247M) 98.053ms
[2020-01-29T22:16:05.024+0300][44.396s][info][gc] GC(712) Pause Young (Allocation Failure) 137M->136M(247M) 61.799ms
[2020-01-29T22:16:05.031+0300][44.403s][info][gc] GC(713) Pause Young (Allocation Failure) 204M->204M(247M) 0.044ms
[2020-01-29T22:16:05.129+0300][44.501s][info][gc] GC(714) Pause Full (Allocation Failure) 204M->70M(247M) 97.957ms
[2020-01-29T22:16:05.209+0300][44.581s][info][gc] GC(715) Pause Young (Allocation Failure) 137M->136M(247M) 61.707ms
[2020-01-29T22:16:05.216+0300][44.588s][info][gc] GC(716) Pause Young (Allocation Failure) 204M->204M(247M) 0.042ms
[2020-01-29T22:16:05.314+0300][44.686s][info][gc] GC(717) Pause Full (Allocation Failure) 204M->70M(247M) 98.065ms
[2020-01-29T22:16:05.394+0300][44.766s][info][gc] GC(718) Pause Young (Allocation Failure) 137M->136M(247M) 61.598ms
[2020-01-29T22:16:05.401+0300][44.773s][info][gc] GC(719) Pause Young (Allocation Failure) 204M->204M(247M) 0.042ms
[2020-01-29T22:16:05.498+0300][44.870s][info][gc] GC(720) Pause Full (Allocation Failure) 204M->70M(247M) 97.935ms
[2020-01-29T22:16:05.578+0300][44.950s][info][gc] GC(721) Pause Young (Allocation Failure) 137M->136M(247M) 61.701ms
[2020-01-29T22:16:05.585+0300][44.957s][info][gc] GC(722) Pause Young (Allocation Failure) 204M->204M(247M) 0.043ms
[2020-01-29T22:16:05.683+0300][45.055s][info][gc] GC(723) Pause Full (Allocation Failure) 204M->70M(247M) 97.874ms
[2020-01-29T22:16:05.763+0300][45.135s][info][gc] GC(724) Pause Young (Allocation Failure) 137M->136M(247M) 61.629ms
[2020-01-29T22:16:05.770+0300][45.142s][info][gc] GC(725) Pause Young (Allocation Failure) 204M->204M(247M) 0.042ms
[2020-01-29T22:16:05.868+0300][45.240s][info][gc] GC(726) Pause Full (Allocation Failure) 204M->70M(247M) 98.028ms
[2020-01-29T22:16:05.948+0300][45.320s][info][gc] GC(727) Pause Young (Allocation Failure) 137M->136M(247M) 61.640ms
[2020-01-29T22:16:05.954+0300][45.327s][info][gc] GC(728) Pause Young (Allocation Failure) 204M->204M(247M) 0.042ms
[2020-01-29T22:16:06.052+0300][45.424s][info][gc] GC(729) Pause Full (Allocation Failure) 204M->70M(247M) 97.902ms
[2020-01-29T22:16:06.134+0300][45.506s][info][gc] GC(730) Pause Young (Allocation Failure) 137M->136M(247M) 61.693ms
[2020-01-29T22:16:06.141+0300][45.513s][info][gc] GC(731) Pause Young (Allocation Failure) 204M->204M(247M) 0.044ms
[2020-01-29T22:16:06.240+0300][45.611s][info][gc] GC(732) Pause Full (Allocation Failure) 204M->70M(247M) 97.822ms
[2020-01-29T22:16:06.319+0300][45.691s][info][gc] GC(733) Pause Young (Allocation Failure) 137M->136M(247M) 61.655ms
[2020-01-29T22:16:06.326+0300][45.698s][info][gc] GC(734) Pause Young (Allocation Failure) 204M->204M(247M) 0.042ms
[2020-01-29T22:16:06.423+0300][45.796s][info][gc] GC(735) Pause Full (Allocation Failure) 204M->70M(247M) 97.974ms
[2020-01-29T22:16:06.504+0300][45.876s][info][gc] GC(736) Pause Young (Allocation Failure) 137M->136M(247M) 61.956ms
[2020-01-29T22:16:06.511+0300][45.883s][info][gc] GC(737) Pause Young (Allocation Failure) 204M->204M(247M) 0.041ms
[2020-01-29T22:16:06.609+0300][45.981s][info][gc] GC(738) Pause Full (Allocation Failure) 204M->70M(247M) 98.226ms
[2020-01-29T22:16:06.689+0300][46.061s][info][gc] GC(739) Pause Young (Allocation Failure) 137M->136M(247M) 61.666ms
[2020-01-29T22:16:06.696+0300][46.068s][info][gc] GC(740) Pause Young (Allocation Failure) 204M->204M(247M) 0.044ms
[2020-01-29T22:16:06.793+0300][46.166s][info][gc] GC(741) Pause Full (Allocation Failure) 204M->70M(247M) 97.831ms
[2020-01-29T22:16:06.873+0300][46.245s][info][gc] GC(742) Pause Young (Allocation Failure) 137M->136M(247M) 61.655ms
[2020-01-29T22:16:06.880+0300][46.252s][info][gc] GC(743) Pause Young (Allocation Failure) 204M->204M(247M) 0.043ms
[2020-01-29T22:16:06.978+0300][46.350s][info][gc] GC(744) Pause Full (Allocation Failure) 204M->70M(247M) 97.964ms
[2020-01-29T22:16:07.059+0300][46.431s][info][gc] GC(745) Pause Young (Allocation Failure) 137M->136M(247M) 61.664ms
[2020-01-29T22:16:07.066+0300][46.437s][info][gc] GC(746) Pause Young (Allocation Failure) 204M->204M(247M) 0.041ms
[2020-01-29T22:16:07.163+0300][46.535s][info][gc] GC(747) Pause Full (Allocation Failure) 204M->70M(247M) 97.818ms
[2020-01-29T22:16:07.244+0300][46.615s][info][gc] GC(748) Pause Young (Allocation Failure) 137M->136M(247M) 62.037ms
[2020-01-29T22:16:07.251+0300][46.622s][info][gc] GC(749) Pause Young (Allocation Failure) 204M->204M(247M) 0.045ms
[2020-01-29T22:16:07.348+0300][46.721s][info][gc] GC(750) Pause Full (Allocation Failure) 204M->70M(247M) 98.334ms
[2020-01-29T22:16:07.428+0300][46.800s][info][gc] GC(751) Pause Young (Allocation Failure) 137M->136M(247M) 61.608ms
[2020-01-29T22:16:07.435+0300][46.807s][info][gc] GC(752) Pause Young (Allocation Failure) 204M->204M(247M) 0.042ms
[2020-01-29T22:16:07.534+0300][46.906s][info][gc] GC(753) Pause Full (Allocation Failure) 204M->70M(247M) 98.909ms
[2020-01-29T22:16:07.614+0300][46.986s][info][gc] GC(754) Pause Young (Allocation Failure) 137M->136M(247M) 61.646ms
[2020-01-29T22:16:07.621+0300][46.993s][info][gc] GC(755) Pause Young (Allocation Failure) 204M->204M(247M) 0.043ms
[2020-01-29T22:16:07.718+0300][47.091s][info][gc] GC(756) Pause Full (Allocation Failure) 204M->70M(247M) 98.119ms
[2020-01-29T22:16:07.798+0300][47.171s][info][gc] GC(757) Pause Young (Allocation Failure) 137M->136M(247M) 61.726ms
[2020-01-29T22:16:07.805+0300][47.177s][info][gc] GC(758) Pause Young (Allocation Failure) 204M->204M(247M) 0.044ms
[2020-01-29T22:16:07.904+0300][47.276s][info][gc] GC(759) Pause Full (Allocation Failure) 204M->70M(247M) 98.636ms
[2020-01-29T22:16:07.984+0300][47.356s][info][gc] GC(760) Pause Young (Allocation Failure) 137M->136M(247M) 61.665ms
[2020-01-29T22:16:07.992+0300][47.364s][info][gc] GC(761) Pause Young (Allocation Failure) 204M->204M(247M) 0.044ms
[2020-01-29T22:16:08.091+0300][47.463s][info][gc] GC(762) Pause Full (Allocation Failure) 204M->70M(247M) 99.276ms
[2020-01-29T22:16:08.171+0300][47.544s][info][gc] GC(763) Pause Young (Allocation Failure) 137M->136M(247M) 61.752ms
[2020-01-29T22:16:08.178+0300][47.550s][info][gc] GC(764) Pause Young (Allocation Failure) 204M->204M(247M) 0.041ms
[2020-01-29T22:16:08.276+0300][47.648s][info][gc] GC(765) Pause Full (Allocation Failure) 204M->70M(247M) 98.064ms
[2020-01-29T22:16:08.361+0300][47.733s][info][gc] GC(766) Pause Young (Allocation Failure) 137M->136M(247M) 61.681ms
[2020-01-29T22:16:08.368+0300][47.740s][info][gc] GC(767) Pause Young (Allocation Failure) 204M->204M(247M) 0.042ms
[2020-01-29T22:16:08.466+0300][47.838s][info][gc] GC(768) Pause Full (Allocation Failure) 204M->70M(247M) 98.246ms
[2020-01-29T22:16:08.546+0300][47.919s][info][gc] GC(769) Pause Young (Allocation Failure) 137M->136M(247M) 61.773ms
[2020-01-29T22:16:08.553+0300][47.925s][info][gc] GC(770) Pause Young (Allocation Failure) 204M->204M(247M) 0.043ms
[2020-01-29T22:16:08.652+0300][48.024s][info][gc] GC(771) Pause Full (Allocation Failure) 204M->70M(247M) 98.348ms
[2020-01-29T22:16:08.732+0300][48.104s][info][gc] GC(772) Pause Young (Allocation Failure) 137M->136M(247M) 61.632ms
[2020-01-29T22:16:08.739+0300][48.111s][info][gc] GC(773) Pause Young (Allocation Failure) 204M->204M(247M) 0.041ms
[2020-01-29T22:16:08.837+0300][48.209s][info][gc] GC(774) Pause Full (Allocation Failure) 204M->70M(247M) 98.435ms
[2020-01-29T22:16:08.918+0300][48.290s][info][gc] GC(775) Pause Young (Allocation Failure) 137M->136M(247M) 62.326ms
[2020-01-29T22:16:08.925+0300][48.297s][info][gc] GC(776) Pause Young (Allocation Failure) 204M->204M(247M) 0.044ms
[2020-01-29T22:16:09.023+0300][48.395s][info][gc] GC(777) Pause Full (Allocation Failure) 204M->70M(247M) 98.124ms
[2020-01-29T22:16:09.105+0300][48.477s][info][gc] GC(778) Pause Young (Allocation Failure) 137M->136M(247M) 61.659ms
[2020-01-29T22:16:09.112+0300][48.484s][info][gc] GC(779) Pause Young (Allocation Failure) 204M->204M(247M) 0.045ms
[2020-01-29T22:16:09.210+0300][48.582s][info][gc] GC(780) Pause Full (Allocation Failure) 204M->70M(247M) 98.306ms
[2020-01-29T22:16:09.290+0300][48.662s][info][gc] GC(781) Pause Young (Allocation Failure) 137M->136M(247M) 61.599ms
[2020-01-29T22:16:09.297+0300][48.669s][info][gc] GC(782) Pause Young (Allocation Failure) 204M->204M(247M) 0.042ms
[2020-01-29T22:16:09.396+0300][48.767s][info][gc] GC(783) Pause Full (Allocation Failure) 204M->70M(247M) 97.987ms
[2020-01-29T22:16:09.476+0300][48.848s][info][gc] GC(784) Pause Young (Allocation Failure) 137M->136M(247M) 62.011ms
[2020-01-29T22:16:09.483+0300][48.855s][info][gc] GC(785) Pause Young (Allocation Failure) 204M->204M(247M) 0.044ms
[2020-01-29T22:16:09.581+0300][48.953s][info][gc] GC(786) Pause Full (Allocation Failure) 204M->70M(247M) 98.581ms
[2020-01-29T22:16:09.661+0300][49.033s][info][gc] GC(787) Pause Young (Allocation Failure) 137M->136M(247M) 61.625ms
[2020-01-29T22:16:09.668+0300][49.040s][info][gc] GC(788) Pause Young (Allocation Failure) 204M->204M(247M) 0.043ms
[2020-01-29T22:16:09.767+0300][49.138s][info][gc] GC(789) Pause Full (Allocation Failure) 204M->70M(247M) 98.189ms
[2020-01-29T22:16:09.845+0300][49.218s][info][gc] GC(790) Pause Young (Allocation Failure) 137M->136M(247M) 61.633ms
[2020-01-29T22:16:09.852+0300][49.224s][info][gc] GC(791) Pause Young (Allocation Failure) 204M->204M(247M) 0.041ms
[2020-01-29T22:16:09.951+0300][49.323s][info][gc] GC(792) Pause Full (Allocation Failure) 204M->70M(247M) 98.686ms
[2020-01-29T22:16:10.032+0300][49.403s][info][gc] GC(793) Pause Young (Allocation Failure) 137M->136M(247M) 61.832ms
[2020-01-29T22:16:10.039+0300][49.411s][info][gc] GC(794) Pause Young (Allocation Failure) 204M->204M(247M) 0.044ms
[2020-01-29T22:16:10.138+0300][49.509s][info][gc] GC(795) Pause Full (Allocation Failure) 204M->70M(247M) 98.708ms
[2020-01-29T22:16:10.217+0300][49.590s][info][gc] GC(796) Pause Young (Allocation Failure) 137M->136M(247M) 61.758ms
[2020-01-29T22:16:10.224+0300][49.596s][info][gc] GC(797) Pause Young (Allocation Failure) 204M->204M(247M) 0.043ms
[2020-01-29T22:16:10.323+0300][49.695s][info][gc] GC(798) Pause Full (Allocation Failure) 204M->70M(247M) 98.203ms
[2020-01-29T22:16:10.403+0300][49.775s][info][gc] GC(799) Pause Young (Allocation Failure) 137M->136M(247M) 61.593ms
[2020-01-29T22:16:10.410+0300][49.782s][info][gc] GC(800) Pause Young (Allocation Failure) 204M->204M(247M) 0.041ms
[2020-01-29T22:16:10.508+0300][49.880s][info][gc] GC(801) Pause Full (Allocation Failure) 204M->70M(247M) 98.180ms
[2020-01-29T22:16:10.588+0300][49.961s][info][gc] GC(802) Pause Young (Allocation Failure) 137M->136M(247M) 61.656ms
[2020-01-29T22:16:10.595+0300][49.967s][info][gc] GC(803) Pause Young (Allocation Failure) 204M->204M(247M) 0.045ms
[2020-01-29T22:16:10.694+0300][50.066s][info][gc] GC(804) Pause Full (Allocation Failure) 204M->70M(247M) 98.280ms
[2020-01-29T22:16:10.773+0300][50.146s][info][gc] GC(805) Pause Young (Allocation Failure) 137M->136M(247M) 61.598ms
[2020-01-29T22:16:10.780+0300][50.152s][info][gc] GC(806) Pause Young (Allocation Failure) 204M->204M(247M) 0.043ms
[2020-01-29T22:16:10.879+0300][50.251s][info][gc] GC(807) Pause Full (Allocation Failure) 204M->70M(247M) 98.736ms
[2020-01-29T22:16:10.959+0300][50.331s][info][gc] GC(808) Pause Young (Allocation Failure) 137M->136M(247M) 61.674ms
[2020-01-29T22:16:10.967+0300][50.338s][info][gc] GC(809) Pause Young (Allocation Failure) 204M->204M(247M) 0.047ms
[2020-01-29T22:16:11.065+0300][50.437s][info][gc] GC(810) Pause Full (Allocation Failure) 204M->70M(247M) 98.265ms
[2020-01-29T22:16:11.145+0300][50.517s][info][gc] GC(811) Pause Young (Allocation Failure) 137M->136M(247M) 61.755ms
[2020-01-29T22:16:11.152+0300][50.523s][info][gc] GC(812) Pause Young (Allocation Failure) 204M->204M(247M) 0.043ms
[2020-01-29T22:16:11.250+0300][50.622s][info][gc] GC(813) Pause Full (Allocation Failure) 204M->70M(247M) 98.252ms
[2020-01-29T22:16:11.330+0300][50.702s][info][gc] GC(814) Pause Young (Allocation Failure) 137M->136M(247M) 61.620ms
[2020-01-29T22:16:11.336+0300][50.709s][info][gc] GC(815) Pause Young (Allocation Failure) 204M->204M(247M) 0.041ms
[2020-01-29T22:16:11.436+0300][50.807s][info][gc] GC(816) Pause Full (Allocation Failure) 204M->70M(247M) 98.435ms
[2020-01-29T22:16:11.515+0300][50.888s][info][gc] GC(817) Pause Young (Allocation Failure) 137M->136M(247M) 61.638ms
[2020-01-29T22:16:11.523+0300][50.895s][info][gc] GC(818) Pause Young (Allocation Failure) 204M->204M(247M) 0.045ms
[2020-01-29T22:16:11.621+0300][50.993s][info][gc] GC(819) Pause Full (Allocation Failure) 204M->70M(247M) 98.073ms
[2020-01-29T22:16:11.701+0300][51.073s][info][gc] GC(820) Pause Young (Allocation Failure) 137M->136M(247M) 61.720ms
[2020-01-29T22:16:11.709+0300][51.081s][info][gc] GC(821) Pause Young (Allocation Failure) 204M->204M(247M) 0.043ms
[2020-01-29T22:16:11.808+0300][51.179s][info][gc] GC(822) Pause Full (Allocation Failure) 204M->70M(247M) 98.480ms
[2020-01-29T22:16:11.886+0300][51.259s][info][gc] GC(823) Pause Young (Allocation Failure) 137M->136M(247M) 61.657ms
[2020-01-29T22:16:11.893+0300][51.265s][info][gc] GC(824) Pause Young (Allocation Failure) 204M->204M(247M) 0.041ms
[2020-01-29T22:16:11.992+0300][51.364s][info][gc] GC(825) Pause Full (Allocation Failure) 204M->70M(247M) 98.310ms
[2020-01-29T22:16:12.073+0300][51.445s][info][gc] GC(826) Pause Young (Allocation Failure) 137M->136M(247M) 61.691ms
[2020-01-29T22:16:12.080+0300][51.452s][info][gc] GC(827) Pause Young (Allocation Failure) 204M->204M(247M) 0.045ms
[2020-01-29T22:16:12.179+0300][51.550s][info][gc] GC(828) Pause Full (Allocation Failure) 204M->70M(247M) 98.294ms
[2020-01-29T22:16:12.258+0300][51.631s][info][gc] GC(829) Pause Young (Allocation Failure) 137M->136M(247M) 61.693ms
[2020-01-29T22:16:12.265+0300][51.638s][info][gc] GC(830) Pause Young (Allocation Failure) 204M->204M(247M) 0.042ms
[2020-01-29T22:16:12.364+0300][51.736s][info][gc] GC(831) Pause Full (Allocation Failure) 204M->70M(247M) 98.050ms
[2020-01-29T22:16:12.444+0300][51.817s][info][gc] GC(832) Pause Young (Allocation Failure) 137M->136M(247M) 62.547ms
[2020-01-29T22:16:12.451+0300][51.823s][info][gc] GC(833) Pause Young (Allocation Failure) 204M->204M(247M) 0.042ms
[2020-01-29T22:16:12.551+0300][51.923s][info][gc] GC(834) Pause Full (Allocation Failure) 204M->70M(247M) 99.366ms
[2020-01-29T22:16:12.631+0300][52.003s][info][gc] GC(835) Pause Young (Allocation Failure) 137M->136M(247M) 61.604ms
[2020-01-29T22:16:12.638+0300][52.010s][info][gc] GC(836) Pause Young (Allocation Failure) 204M->204M(247M) 0.041ms
[2020-01-29T22:16:12.736+0300][52.108s][info][gc] GC(837) Pause Full (Allocation Failure) 204M->70M(247M) 98.129ms
[2020-01-29T22:16:12.815+0300][52.188s][info][gc] GC(838) Pause Young (Allocation Failure) 137M->136M(247M) 61.667ms
[2020-01-29T22:16:12.823+0300][52.195s][info][gc] GC(839) Pause Young (Allocation Failure) 204M->204M(247M) 0.043ms
[2020-01-29T22:16:12.923+0300][52.294s][info][gc] GC(840) Pause Full (Allocation Failure) 204M->70M(247M) 99.006ms
[2020-01-29T22:16:13.001+0300][52.373s][info][gc] GC(841) Pause Young (Allocation Failure) 137M->136M(247M) 61.632ms
[2020-01-29T22:16:13.010+0300][52.382s][info][gc] GC(842) Pause Young (Allocation Failure) 204M->204M(247M) 0.044ms
[2020-01-29T22:16:13.108+0300][52.480s][info][gc] GC(843) Pause Full (Allocation Failure) 204M->70M(247M) 98.454ms
[2020-01-29T22:16:13.189+0300][52.560s][info][gc] GC(844) Pause Young (Allocation Failure) 137M->136M(247M) 61.785ms
[2020-01-29T22:16:13.195+0300][52.567s][info][gc] GC(845) Pause Young (Allocation Failure) 204M->204M(247M) 0.041ms
[2020-01-29T22:16:13.294+0300][52.665s][info][gc] GC(846) Pause Full (Allocation Failure) 204M->70M(247M) 97.977ms
[2020-01-29T22:16:13.373+0300][52.745s][info][gc] GC(847) Pause Young (Allocation Failure) 137M->136M(247M) 61.677ms
[2020-01-29T22:16:13.380+0300][52.751s][info][gc] GC(848) Pause Young (Allocation Failure) 204M->204M(247M) 0.043ms
[2020-01-29T22:16:13.478+0300][52.850s][info][gc] GC(849) Pause Full (Allocation Failure) 204M->70M(247M) 98.312ms
[2020-01-29T22:16:13.558+0300][52.930s][info][gc] GC(850) Pause Young (Allocation Failure) 137M->136M(247M) 61.696ms
[2020-01-29T22:16:13.565+0300][52.937s][info][gc] GC(851) Pause Young (Allocation Failure) 204M->204M(247M) 0.043ms
[2020-01-29T22:16:13.664+0300][53.035s][info][gc] GC(852) Pause Full (Allocation Failure) 204M->70M(247M) 98.185ms
[2020-01-29T22:16:13.743+0300][53.115s][info][gc] GC(853) Pause Young (Allocation Failure) 137M->136M(247M) 61.680ms
[2020-01-29T22:16:13.750+0300][53.121s][info][gc] GC(854) Pause Young (Allocation Failure) 204M->204M(247M) 0.042ms
[2020-01-29T22:16:13.847+0300][53.219s][info][gc] GC(855) Pause Full (Allocation Failure) 204M->70M(247M) 97.993ms
[2020-01-29T22:16:13.927+0300][53.299s][info][gc] GC(856) Pause Young (Allocation Failure) 137M->136M(247M) 61.740ms
[2020-01-29T22:16:13.934+0300][53.306s][info][gc] GC(857) Pause Young (Allocation Failure) 204M->204M(247M) 0.043ms
[2020-01-29T22:16:14.033+0300][53.404s][info][gc] GC(858) Pause Full (Allocation Failure) 204M->70M(247M) 98.078ms
[2020-01-29T22:16:14.114+0300][53.486s][info][gc] GC(859) Pause Young (Allocation Failure) 137M->136M(247M) 61.711ms
[2020-01-29T22:16:14.121+0300][53.493s][info][gc] GC(860) Pause Young (Allocation Failure) 204M->204M(247M) 0.041ms
[2020-01-29T22:16:14.219+0300][53.591s][info][gc] GC(861) Pause Full (Allocation Failure) 204M->70M(247M) 98.677ms
[2020-01-29T22:16:14.299+0300][53.671s][info][gc] GC(862) Pause Young (Allocation Failure) 137M->136M(247M) 61.648ms
[2020-01-29T22:16:14.306+0300][53.678s][info][gc] GC(863) Pause Young (Allocation Failure) 204M->204M(247M) 0.042ms
[2020-01-29T22:16:14.404+0300][53.776s][info][gc] GC(864) Pause Full (Allocation Failure) 204M->70M(247M) 98.072ms
[2020-01-29T22:16:14.484+0300][53.856s][info][gc] GC(865) Pause Young (Allocation Failure) 137M->136M(247M) 61.712ms
[2020-01-29T22:16:14.491+0300][53.863s][info][gc] GC(866) Pause Young (Allocation Failure) 204M->204M(247M) 0.044ms
[2020-01-29T22:16:14.591+0300][53.962s][info][gc] GC(867) Pause Full (Allocation Failure) 204M->70M(247M) 99.467ms
[2020-01-29T22:16:14.671+0300][54.042s][info][gc] GC(868) Pause Young (Allocation Failure) 137M->136M(247M) 62.303ms
[2020-01-29T22:16:14.677+0300][54.049s][info][gc] GC(869) Pause Young (Allocation Failure) 204M->204M(247M) 0.044ms
[2020-01-29T22:16:14.775+0300][54.147s][info][gc] GC(870) Pause Full (Allocation Failure) 204M->70M(247M) 98.214ms
[2020-01-29T22:16:14.856+0300][54.227s][info][gc] GC(871) Pause Young (Allocation Failure) 137M->136M(247M) 61.583ms
[2020-01-29T22:16:14.862+0300][54.234s][info][gc] GC(872) Pause Young (Allocation Failure) 204M->204M(247M) 0.041ms
[2020-01-29T22:16:14.960+0300][54.332s][info][gc] GC(873) Pause Full (Allocation Failure) 204M->70M(247M) 98.069ms
[2020-01-29T22:16:15.040+0300][54.412s][info][gc] GC(874) Pause Young (Allocation Failure) 137M->136M(247M) 61.723ms
[2020-01-29T22:16:15.047+0300][54.419s][info][gc] GC(875) Pause Young (Allocation Failure) 204M->204M(247M) 0.044ms
[2020-01-29T22:16:15.147+0300][54.519s][info][gc] GC(876) Pause Full (Allocation Failure) 204M->70M(247M) 99.072ms
[2020-01-29T22:16:15.228+0300][54.599s][info][gc] GC(877) Pause Young (Allocation Failure) 137M->136M(247M) 61.786ms
[2020-01-29T22:16:15.234+0300][54.606s][info][gc] GC(878) Pause Young (Allocation Failure) 204M->204M(247M) 0.044ms
[2020-01-29T22:16:15.332+0300][54.704s][info][gc] GC(879) Pause Full (Allocation Failure) 204M->70M(247M) 98.213ms
[2020-01-29T22:16:15.412+0300][54.784s][info][gc] GC(880) Pause Young (Allocation Failure) 137M->136M(247M) 61.572ms
[2020-01-29T22:16:15.419+0300][54.791s][info][gc] GC(881) Pause Young (Allocation Failure) 204M->204M(247M) 0.041ms
[2020-01-29T22:16:15.518+0300][54.889s][info][gc] GC(882) Pause Full (Allocation Failure) 204M->70M(247M) 98.425ms
[2020-01-29T22:16:15.598+0300][54.970s][info][gc] GC(883) Pause Young (Allocation Failure) 137M->136M(247M) 61.678ms
[2020-01-29T22:16:15.605+0300][54.977s][info][gc] GC(884) Pause Young (Allocation Failure) 204M->204M(247M) 0.042ms
[2020-01-29T22:16:15.703+0300][55.075s][info][gc] GC(885) Pause Full (Allocation Failure) 204M->70M(247M) 98.326ms
[2020-01-29T22:16:15.784+0300][55.155s][info][gc] GC(886) Pause Young (Allocation Failure) 137M->136M(247M) 61.638ms
[2020-01-29T22:16:15.791+0300][55.162s][info][gc] GC(887) Pause Young (Allocation Failure) 204M->204M(247M) 0.042ms
[2020-01-29T22:16:15.889+0300][55.260s][info][gc] GC(888) Pause Full (Allocation Failure) 204M->70M(247M) 98.160ms
[2020-01-29T22:16:15.968+0300][55.340s][info][gc] GC(889) Pause Young (Allocation Failure) 137M->136M(247M) 61.660ms
[2020-01-29T22:16:15.975+0300][55.347s][info][gc] GC(890) Pause Young (Allocation Failure) 204M->204M(247M) 0.042ms
[2020-01-29T22:16:16.073+0300][55.445s][info][gc] GC(891) Pause Full (Allocation Failure) 204M->70M(247M) 98.021ms
[2020-01-29T22:16:16.154+0300][55.526s][info][gc] GC(892) Pause Young (Allocation Failure) 137M->136M(247M) 61.930ms
[2020-01-29T22:16:16.160+0300][55.532s][info][gc] GC(893) Pause Young (Allocation Failure) 204M->204M(247M) 0.043ms
[2020-01-29T22:16:16.260+0300][55.632s][info][gc] GC(894) Pause Full (Allocation Failure) 204M->70M(247M) 99.276ms
[2020-01-29T22:16:16.340+0300][55.712s][info][gc] GC(895) Pause Young (Allocation Failure) 137M->136M(247M) 61.650ms
[2020-01-29T22:16:16.347+0300][55.718s][info][gc] GC(896) Pause Young (Allocation Failure) 204M->204M(247M) 0.041ms
[2020-01-29T22:16:16.445+0300][55.817s][info][gc] GC(897) Pause Full (Allocation Failure) 204M->70M(247M) 98.211ms
[2020-01-29T22:16:16.524+0300][55.896s][info][gc] GC(898) Pause Young (Allocation Failure) 137M->136M(247M) 61.619ms
[2020-01-29T22:16:16.531+0300][55.903s][info][gc] GC(899) Pause Young (Allocation Failure) 204M->204M(247M) 0.042ms
[2020-01-29T22:16:16.629+0300][56.002s][info][gc] GC(900) Pause Full (Allocation Failure) 204M->70M(247M) 98.472ms
[2020-01-29T22:16:16.710+0300][56.081s][info][gc] GC(901) Pause Young (Allocation Failure) 137M->136M(247M) 61.708ms
[2020-01-29T22:16:16.717+0300][56.088s][info][gc] GC(902) Pause Young (Allocation Failure) 204M->204M(247M) 0.042ms
[2020-01-29T22:16:16.814+0300][56.187s][info][gc] GC(903) Pause Full (Allocation Failure) 204M->70M(247M) 98.254ms
[2020-01-29T22:16:16.894+0300][56.266s][info][gc] GC(904) Pause Young (Allocation Failure) 137M->136M(247M) 61.652ms
[2020-01-29T22:16:16.901+0300][56.273s][info][gc] GC(905) Pause Young (Allocation Failure) 204M->204M(247M) 0.043ms
[2020-01-29T22:16:17.000+0300][56.372s][info][gc] GC(906) Pause Full (Allocation Failure) 204M->70M(247M) 98.444ms
[2020-01-29T22:16:17.081+0300][56.453s][info][gc] GC(907) Pause Young (Allocation Failure) 137M->136M(247M) 61.717ms
[2020-01-29T22:16:17.088+0300][56.460s][info][gc] GC(908) Pause Young (Allocation Failure) 204M->204M(247M) 0.044ms
[2020-01-29T22:16:17.186+0300][56.558s][info][gc] GC(909) Pause Full (Allocation Failure) 204M->70M(247M) 98.619ms
[2020-01-29T22:16:17.266+0300][56.638s][info][gc] GC(910) Pause Young (Allocation Failure) 137M->136M(247M) 61.683ms
[2020-01-29T22:16:17.273+0300][56.645s][info][gc] GC(911) Pause Young (Allocation Failure) 204M->204M(247M) 0.043ms
[2020-01-29T22:16:17.372+0300][56.744s][info][gc] GC(912) Pause Full (Allocation Failure) 204M->70M(247M) 98.112ms
[2020-01-29T22:16:17.452+0300][56.824s][info][gc] GC(913) Pause Young (Allocation Failure) 137M->136M(247M) 61.592ms
[2020-01-29T22:16:17.459+0300][56.831s][info][gc] GC(914) Pause Young (Allocation Failure) 204M->204M(247M) 0.041ms
[2020-01-29T22:16:17.557+0300][56.929s][info][gc] GC(915) Pause Full (Allocation Failure) 204M->70M(247M) 98.404ms
[2020-01-29T22:16:17.637+0300][57.009s][info][gc] GC(916) Pause Young (Allocation Failure) 137M->136M(247M) 61.613ms
[2020-01-29T22:16:17.644+0300][57.016s][info][gc] GC(917) Pause Young (Allocation Failure) 204M->204M(247M) 0.041ms
[2020-01-29T22:16:17.742+0300][57.114s][info][gc] GC(918) Pause Full (Allocation Failure) 204M->70M(247M) 98.438ms
[2020-01-29T22:16:17.822+0300][57.194s][info][gc] GC(919) Pause Young (Allocation Failure) 137M->136M(247M) 61.666ms
[2020-01-29T22:16:17.829+0300][57.201s][info][gc] GC(920) Pause Young (Allocation Failure) 204M->204M(247M) 0.042ms
[2020-01-29T22:16:17.928+0300][57.300s][info][gc] GC(921) Pause Full (Allocation Failure) 204M->70M(247M) 98.231ms
[2020-01-29T22:16:18.008+0300][57.380s][info][gc] GC(922) Pause Young (Allocation Failure) 137M->136M(247M) 61.639ms
[2020-01-29T22:16:18.017+0300][57.388s][info][gc] GC(923) Pause Young (Allocation Failure) 204M->204M(247M) 0.052ms
[2020-01-29T22:16:18.117+0300][57.489s][info][gc] GC(924) Pause Full (Allocation Failure) 204M->70M(247M) 100.166ms
[2020-01-29T22:16:18.197+0300][57.569s][info][gc] GC(925) Pause Young (Allocation Failure) 137M->136M(247M) 61.772ms
[2020-01-29T22:16:18.204+0300][57.576s][info][gc] GC(926) Pause Young (Allocation Failure) 204M->204M(247M) 0.041ms
[2020-01-29T22:16:18.301+0300][57.674s][info][gc] GC(927) Pause Full (Allocation Failure) 204M->70M(247M) 97.908ms
[2020-01-29T22:16:18.382+0300][57.753s][info][gc] GC(928) Pause Young (Allocation Failure) 137M->136M(247M) 61.705ms
[2020-01-29T22:16:18.389+0300][57.760s][info][gc] GC(929) Pause Young (Allocation Failure) 204M->204M(247M) 0.043ms
[2020-01-29T22:16:18.486+0300][57.859s][info][gc] GC(930) Pause Full (Allocation Failure) 204M->70M(247M) 98.126ms
[2020-01-29T22:16:18.566+0300][57.939s][info][gc] GC(931) Pause Young (Allocation Failure) 137M->136M(247M) 61.729ms
[2020-01-29T22:16:18.573+0300][57.945s][info][gc] GC(932) Pause Young (Allocation Failure) 204M->204M(247M) 0.042ms
[2020-01-29T22:16:18.672+0300][58.044s][info][gc] GC(933) Pause Full (Allocation Failure) 204M->70M(247M) 98.378ms
[2020-01-29T22:16:18.752+0300][58.124s][info][gc] GC(934) Pause Young (Allocation Failure) 137M->136M(247M) 61.663ms
[2020-01-29T22:16:18.759+0300][58.131s][info][gc] GC(935) Pause Young (Allocation Failure) 204M->204M(247M) 0.041ms
[2020-01-29T22:16:18.856+0300][58.229s][info][gc] GC(936) Pause Full (Allocation Failure) 204M->70M(247M) 98.057ms
[2020-01-29T22:16:18.937+0300][58.309s][info][gc] GC(937) Pause Young (Allocation Failure) 137M->136M(247M) 62.123ms
[2020-01-29T22:16:18.944+0300][58.316s][info][gc] GC(938) Pause Young (Allocation Failure) 204M->204M(247M) 0.044ms
[2020-01-29T22:16:19.043+0300][58.415s][info][gc] GC(939) Pause Full (Allocation Failure) 204M->70M(247M) 98.671ms
[2020-01-29T22:16:19.123+0300][58.495s][info][gc] GC(940) Pause Young (Allocation Failure) 137M->136M(247M) 61.650ms
[2020-01-29T22:16:19.130+0300][58.502s][info][gc] GC(941) Pause Young (Allocation Failure) 204M->204M(247M) 0.041ms
[2020-01-29T22:16:19.228+0300][58.600s][info][gc] GC(942) Pause Full (Allocation Failure) 204M->70M(247M) 98.329ms
[2020-01-29T22:16:19.308+0300][58.680s][info][gc] GC(943) Pause Young (Allocation Failure) 137M->136M(247M) 61.693ms
[2020-01-29T22:16:19.315+0300][58.687s][info][gc] GC(944) Pause Young (Allocation Failure) 204M->204M(247M) 0.046ms
[2020-01-29T22:16:19.414+0300][58.786s][info][gc] GC(945) Pause Full (Allocation Failure) 204M->70M(247M) 98.633ms
[2020-01-29T22:16:19.494+0300][58.866s][info][gc] GC(946) Pause Young (Allocation Failure) 137M->136M(247M) 61.730ms
[2020-01-29T22:16:19.502+0300][58.873s][info][gc] GC(947) Pause Young (Allocation Failure) 204M->204M(247M) 0.045ms
[2020-01-29T22:16:19.600+0300][58.972s][info][gc] GC(948) Pause Full (Allocation Failure) 204M->70M(247M) 98.849ms
[2020-01-29T22:16:19.680+0300][59.052s][info][gc] GC(949) Pause Young (Allocation Failure) 137M->136M(247M) 61.683ms
[2020-01-29T22:16:19.687+0300][59.059s][info][gc] GC(950) Pause Young (Allocation Failure) 204M->204M(247M) 0.043ms
[2020-01-29T22:16:19.785+0300][59.158s][info][gc] GC(951) Pause Full (Allocation Failure) 204M->70M(247M) 98.503ms
[2020-01-29T22:16:19.865+0300][59.238s][info][gc] GC(952) Pause Young (Allocation Failure) 137M->136M(247M) 61.696ms
[2020-01-29T22:16:19.872+0300][59.244s][info][gc] GC(953) Pause Young (Allocation Failure) 204M->204M(247M) 0.044ms
[2020-01-29T22:16:19.973+0300][59.345s][info][gc] GC(954) Pause Full (Allocation Failure) 204M->70M(247M) 100.065ms
[2020-01-29T22:16:20.055+0300][59.426s][info][gc] GC(955) Pause Young (Allocation Failure) 137M->136M(247M) 62.291ms
[2020-01-29T22:16:20.063+0300][59.435s][info][gc] GC(956) Pause Young (Allocation Failure) 204M->204M(247M) 0.043ms
[2020-01-29T22:16:20.162+0300][59.534s][info][gc] GC(957) Pause Full (Allocation Failure) 204M->70M(247M) 99.728ms
[2020-01-29T22:16:20.243+0300][59.615s][info][gc] GC(958) Pause Young (Allocation Failure) 137M->136M(247M) 62.346ms
[2020-01-29T22:16:20.250+0300][59.622s][info][gc] GC(959) Pause Young (Allocation Failure) 204M->204M(247M) 0.043ms
[2020-01-29T22:16:20.350+0300][59.722s][info][gc] GC(960) Pause Full (Allocation Failure) 204M->70M(247M) 99.912ms
[2020-01-29T22:16:20.431+0300][59.802s][info][gc] GC(961) Pause Young (Allocation Failure) 137M->136M(247M) 62.163ms
[2020-01-29T22:16:20.438+0300][59.809s][info][gc] GC(962) Pause Young (Allocation Failure) 204M->204M(247M) 0.042ms
[2020-01-29T22:16:20.536+0300][59.908s][info][gc] GC(963) Pause Full (Allocation Failure) 204M->70M(247M) 99.162ms
[2020-01-29T22:16:20.617+0300][59.989s][info][gc] GC(964) Pause Young (Allocation Failure) 137M->136M(247M) 61.936ms
[2020-01-29T22:16:20.624+0300][59.996s][info][gc] GC(965) Pause Young (Allocation Failure) 204M->204M(247M) 0.047ms
[2020-01-29T22:16:20.723+0300][60.095s][info][gc] GC(966) Pause Full (Allocation Failure) 204M->70M(247M) 99.197ms
[2020-01-29T22:16:20.803+0300][60.175s][info][gc] GC(967) Pause Young (Allocation Failure) 137M->136M(247M) 61.901ms
[2020-01-29T22:16:20.810+0300][60.182s][info][gc] GC(968) Pause Young (Allocation Failure) 204M->204M(247M) 0.043ms
[2020-01-29T22:16:20.909+0300][60.281s][info][gc] GC(969) Pause Full (Allocation Failure) 204M->70M(247M) 98.825ms
[2020-01-29T22:16:20.990+0300][60.362s][info][gc] GC(970) Pause Young (Allocation Failure) 137M->136M(247M) 61.883ms
[2020-01-29T22:16:20.997+0300][60.369s][info][gc] GC(971) Pause Young (Allocation Failure) 204M->204M(247M) 0.043ms
[2020-01-29T22:16:21.096+0300][60.467s][info][gc] GC(972) Pause Full (Allocation Failure) 204M->70M(247M) 98.548ms
[2020-01-29T22:16:21.176+0300][60.548s][info][gc] GC(973) Pause Young (Allocation Failure) 137M->136M(247M) 61.731ms
[2020-01-29T22:16:21.183+0300][60.555s][info][gc] GC(974) Pause Young (Allocation Failure) 204M->204M(247M) 0.044ms
[2020-01-29T22:16:21.281+0300][60.654s][info][gc] GC(975) Pause Full (Allocation Failure) 204M->70M(247M) 98.551ms
[2020-01-29T22:16:21.362+0300][60.734s][info][gc] GC(976) Pause Young (Allocation Failure) 137M->136M(247M) 61.784ms
[2020-01-29T22:16:21.368+0300][60.740s][info][gc] GC(977) Pause Young (Allocation Failure) 204M->204M(247M) 0.042ms
[2020-01-29T22:16:21.468+0300][60.840s][info][gc] GC(978) Pause Full (Allocation Failure) 204M->70M(247M) 99.568ms
[2020-01-29T22:16:21.549+0300][60.921s][info][gc] GC(979) Pause Young (Allocation Failure) 137M->136M(247M) 62.530ms
[2020-01-29T22:16:21.556+0300][60.928s][info][gc] GC(980) Pause Young (Allocation Failure) 204M->204M(247M) 0.043ms
[2020-01-29T22:16:21.656+0300][61.028s][info][gc] GC(981) Pause Full (Allocation Failure) 204M->70M(247M) 99.442ms
[2020-01-29T22:16:21.737+0300][61.108s][info][gc] GC(982) Pause Young (Allocation Failure) 137M->136M(247M) 62.320ms
[2020-01-29T22:16:21.746+0300][61.117s][info][gc] GC(983) Pause Young (Allocation Failure) 204M->204M(247M) 0.044ms
[2020-01-29T22:16:21.845+0300][61.217s][info][gc] GC(984) Pause Full (Allocation Failure) 204M->70M(247M) 99.434ms
[2020-01-29T22:16:21.925+0300][61.297s][info][gc] GC(985) Pause Young (Allocation Failure) 137M->136M(247M) 62.276ms
[2020-01-29T22:16:21.932+0300][61.304s][info][gc] GC(986) Pause Young (Allocation Failure) 204M->204M(247M) 0.042ms
[2020-01-29T22:16:22.032+0300][61.404s][info][gc] GC(987) Pause Full (Allocation Failure) 204M->70M(247M) 99.668ms
[2020-01-29T22:16:22.115+0300][61.488s][info][gc] GC(988) Pause Young (Allocation Failure) 137M->136M(247M) 61.697ms
[2020-01-29T22:16:22.123+0300][61.495s][info][gc] GC(989) Pause Young (Allocation Failure) 204M->204M(247M) 0.046ms
[2020-01-29T22:16:22.223+0300][61.595s][info][gc] GC(990) Pause Full (Allocation Failure) 204M->70M(247M) 100.465ms
[2020-01-29T22:16:22.304+0300][61.675s][info][gc] GC(991) Pause Young (Allocation Failure) 137M->136M(247M) 61.804ms
[2020-01-29T22:16:22.311+0300][61.683s][info][gc] GC(992) Pause Young (Allocation Failure) 204M->204M(247M) 0.043ms
[2020-01-29T22:16:22.409+0300][61.781s][info][gc] GC(993) Pause Full (Allocation Failure) 204M->70M(247M) 98.580ms
[2020-01-29T22:16:22.489+0300][61.862s][info][gc] GC(994) Pause Young (Allocation Failure) 137M->136M(247M) 61.757ms
[2020-01-29T22:16:22.496+0300][61.868s][info][gc] GC(995) Pause Young (Allocation Failure) 204M->204M(247M) 0.041ms
[2020-01-29T22:16:22.595+0300][61.967s][info][gc] GC(996) Pause Full (Allocation Failure) 204M->70M(247M) 98.573ms
[2020-01-29T22:16:22.675+0300][62.047s][info][gc] GC(997) Pause Young (Allocation Failure) 137M->136M(247M) 61.682ms
[2020-01-29T22:16:22.682+0300][62.054s][info][gc] GC(998) Pause Young (Allocation Failure) 204M->204M(247M) 0.041ms
[2020-01-29T22:16:22.781+0300][62.152s][info][gc] GC(999) Pause Full (Allocation Failure) 204M->70M(247M) 98.205ms
[2020-01-29T22:16:22.859+0300][62.232s][info][gc] GC(1000) Pause Young (Allocation Failure) 137M->136M(247M) 61.733ms
[2020-01-29T22:16:22.866+0300][62.238s][info][gc] GC(1001) Pause Young (Allocation Failure) 204M->204M(247M) 0.042ms
[2020-01-29T22:16:22.969+0300][62.341s][info][gc] GC(1002) Pause Full (Allocation Failure) 204M->70M(247M) 102.206ms
[2020-01-29T22:16:23.070+0300][62.442s][info][gc] GC(1003) Pause Young (Allocation Failure) 137M->136M(247M) 74.217ms
[2020-01-29T22:16:23.079+0300][62.450s][info][gc] GC(1004) Pause Young (Allocation Failure) 204M->204M(247M) 0.044ms
[2020-01-29T22:16:23.181+0300][62.554s][info][gc] GC(1005) Pause Full (Allocation Failure) 204M->70M(247M) 103.331ms
[2020-01-29T22:16:23.265+0300][62.637s][info][gc] GC(1006) Pause Young (Allocation Failure) 137M->136M(247M) 63.984ms
[2020-01-29T22:16:23.273+0300][62.645s][info][gc] GC(1007) Pause Young (Allocation Failure) 204M->204M(247M) 0.043ms
[2020-01-29T22:16:23.375+0300][62.747s][info][gc] GC(1008) Pause Full (Allocation Failure) 204M->70M(247M) 102.364ms
[2020-01-29T22:16:23.457+0300][62.829s][info][gc] GC(1009) Pause Young (Allocation Failure) 137M->136M(247M) 64.238ms
[2020-01-29T22:16:23.464+0300][62.836s][info][gc] GC(1010) Pause Young (Allocation Failure) 204M->204M(247M) 0.044ms
[2020-01-29T22:16:23.563+0300][62.936s][info][gc] GC(1011) Pause Full (Allocation Failure) 204M->70M(247M) 99.868ms
[2020-01-29T22:16:23.644+0300][63.016s][info][gc] GC(1012) Pause Young (Allocation Failure) 137M->136M(247M) 61.911ms
[2020-01-29T22:16:23.651+0300][63.023s][info][gc] GC(1013) Pause Young (Allocation Failure) 204M->204M(247M) 0.042ms
[2020-01-29T22:16:23.749+0300][63.121s][info][gc] GC(1014) Pause Full (Allocation Failure) 204M->70M(247M) 98.349ms
[2020-01-29T22:16:23.830+0300][63.201s][info][gc] GC(1015) Pause Young (Allocation Failure) 137M->136M(247M) 61.876ms
[2020-01-29T22:16:23.836+0300][63.208s][info][gc] GC(1016) Pause Young (Allocation Failure) 204M->204M(247M) 0.044ms
[2020-01-29T22:16:23.935+0300][63.308s][info][gc] GC(1017) Pause Full (Allocation Failure) 204M->70M(247M) 99.632ms
[2020-01-29T22:16:24.017+0300][63.389s][info][gc] GC(1018) Pause Young (Allocation Failure) 137M->136M(247M) 61.834ms
[2020-01-29T22:16:24.025+0300][63.397s][info][gc] GC(1019) Pause Young (Allocation Failure) 204M->204M(247M) 0.044ms
[2020-01-29T22:16:24.127+0300][63.499s][info][gc] GC(1020) Pause Full (Allocation Failure) 204M->70M(247M) 101.755ms
[2020-01-29T22:16:24.211+0300][63.582s][info][gc] GC(1021) Pause Young (Allocation Failure) 137M->136M(247M) 65.034ms
[2020-01-29T22:16:24.218+0300][63.589s][info][gc] GC(1022) Pause Young (Allocation Failure) 204M->204M(247M) 0.044ms
[2020-01-29T22:16:24.320+0300][63.692s][info][gc] GC(1023) Pause Full (Allocation Failure) 204M->70M(247M) 103.101ms
[2020-01-29T22:16:24.402+0300][63.774s][info][gc] GC(1024) Pause Young (Allocation Failure) 137M->136M(247M) 62.188ms
[2020-01-29T22:16:24.409+0300][63.782s][info][gc] GC(1025) Pause Young (Allocation Failure) 204M->204M(247M) 0.044ms
[2020-01-29T22:16:24.510+0300][63.881s][info][gc] GC(1026) Pause Full (Allocation Failure) 204M->70M(247M) 99.867ms
[2020-01-29T22:16:24.591+0300][63.962s][info][gc] GC(1027) Pause Young (Allocation Failure) 137M->136M(247M) 61.799ms
[2020-01-29T22:16:24.598+0300][63.969s][info][gc] GC(1028) Pause Young (Allocation Failure) 204M->204M(247M) 0.047ms
[2020-01-29T22:16:24.697+0300][64.069s][info][gc] GC(1029) Pause Full (Allocation Failure) 204M->70M(247M) 100.062ms
[2020-01-29T22:16:24.779+0300][64.150s][info][gc] GC(1030) Pause Young (Allocation Failure) 137M->136M(247M) 62.862ms
[2020-01-29T22:16:24.786+0300][64.157s][info][gc] GC(1031) Pause Young (Allocation Failure) 204M->204M(247M) 0.045ms
[2020-01-29T22:16:24.887+0300][64.259s][info][gc] GC(1032) Pause Full (Allocation Failure) 204M->70M(247M) 101.444ms
[2020-01-29T22:16:24.969+0300][64.341s][info][gc] GC(1033) Pause Young (Allocation Failure) 137M->136M(247M) 62.379ms
[2020-01-29T22:16:24.977+0300][64.349s][info][gc] GC(1034) Pause Young (Allocation Failure) 204M->204M(247M) 0.044ms
[2020-01-29T22:16:25.077+0300][64.450s][info][gc] GC(1035) Pause Full (Allocation Failure) 204M->70M(247M) 100.641ms
[2020-01-29T22:16:25.159+0300][64.531s][info][gc] GC(1036) Pause Young (Allocation Failure) 137M->136M(247M) 62.819ms
[2020-01-29T22:16:25.169+0300][64.540s][info][gc] GC(1037) Pause Young (Allocation Failure) 204M->204M(247M) 0.087ms
[2020-01-29T22:16:25.271+0300][64.643s][info][gc] GC(1038) Pause Full (Allocation Failure) 204M->70M(247M) 102.798ms
[2020-01-29T22:16:25.354+0300][64.726s][info][gc] GC(1039) Pause Young (Allocation Failure) 137M->136M(247M) 62.794ms
[2020-01-29T22:16:25.361+0300][64.734s][info][gc] GC(1040) Pause Young (Allocation Failure) 204M->204M(247M) 0.045ms
[2020-01-29T22:16:25.463+0300][64.835s][info][gc] GC(1041) Pause Full (Allocation Failure) 204M->70M(247M) 101.615ms
[2020-01-29T22:16:25.546+0300][64.917s][info][gc] GC(1042) Pause Young (Allocation Failure) 137M->136M(247M) 63.027ms
[2020-01-29T22:16:25.553+0300][64.924s][info][gc] GC(1043) Pause Young (Allocation Failure) 204M->204M(247M) 0.044ms
[2020-01-29T22:16:25.656+0300][65.029s][info][gc] GC(1044) Pause Full (Allocation Failure) 204M->70M(247M) 104.260ms
[2020-01-29T22:16:25.754+0300][65.126s][info][gc] GC(1045) Pause Young (Allocation Failure) 137M->136M(247M) 62.503ms
[2020-01-29T22:16:25.762+0300][65.134s][info][gc] GC(1046) Pause Young (Allocation Failure) 204M->204M(247M) 0.044ms
[2020-01-29T22:16:25.865+0300][65.237s][info][gc] GC(1047) Pause Full (Allocation Failure) 204M->70M(247M) 103.177ms
[2020-01-29T22:16:25.947+0300][65.318s][info][gc] GC(1048) Pause Young (Allocation Failure) 137M->136M(247M) 62.103ms
[2020-01-29T22:16:25.952+0300][65.325s][info][gc] GC(1049) Pause Young (Allocation Failure) 204M->204M(247M) 0.042ms
[2020-01-29T22:16:26.052+0300][65.424s][info][gc] GC(1050) Pause Full (Allocation Failure) 204M->70M(247M) 98.634ms
[2020-01-29T22:16:26.144+0300][65.516s][info][gc] GC(1051) Pause Young (Allocation Failure) 137M->136M(247M) 62.124ms
[2020-01-29T22:16:26.151+0300][65.523s][info][gc] GC(1052) Pause Young (Allocation Failure) 204M->204M(247M) 0.044ms
[2020-01-29T22:16:26.250+0300][65.622s][info][gc] GC(1053) Pause Full (Allocation Failure) 204M->70M(247M) 98.951ms
[2020-01-29T22:16:26.330+0300][65.702s][info][gc] GC(1054) Pause Young (Allocation Failure) 137M->136M(247M) 61.711ms
[2020-01-29T22:16:26.337+0300][65.709s][info][gc] GC(1055) Pause Young (Allocation Failure) 204M->204M(247M) 0.045ms
[2020-01-29T22:16:26.439+0300][65.811s][info][gc] GC(1056) Pause Full (Allocation Failure) 204M->70M(247M) 102.482ms
[2020-01-29T22:16:26.522+0300][65.894s][info][gc] GC(1057) Pause Young (Allocation Failure) 137M->136M(247M) 63.485ms
[2020-01-29T22:16:26.530+0300][65.901s][info][gc] GC(1058) Pause Young (Allocation Failure) 204M->204M(247M) 0.044ms
[2020-01-29T22:16:26.629+0300][66.001s][info][gc] GC(1059) Pause Full (Allocation Failure) 204M->70M(247M) 100.170ms
[2020-01-29T22:16:26.710+0300][66.083s][info][gc] GC(1060) Pause Young (Allocation Failure) 137M->136M(247M) 62.772ms
[2020-01-29T22:16:26.717+0300][66.089s][info][gc] GC(1061) Pause Young (Allocation Failure) 204M->204M(247M) 0.044ms
[2020-01-29T22:16:26.818+0300][66.190s][info][gc] GC(1062) Pause Full (Allocation Failure) 204M->70M(247M) 100.620ms
[2020-01-29T22:16:26.899+0300][66.270s][info][gc] GC(1063) Pause Young (Allocation Failure) 137M->136M(247M) 61.834ms
[2020-01-29T22:16:26.905+0300][66.277s][info][gc] GC(1064) Pause Young (Allocation Failure) 204M->204M(247M) 0.043ms
[2020-01-29T22:16:27.005+0300][66.377s][info][gc] GC(1065) Pause Full (Allocation Failure) 204M->70M(247M) 99.918ms
[2020-01-29T22:16:27.086+0300][66.458s][info][gc] GC(1066) Pause Young (Allocation Failure) 137M->136M(247M) 61.941ms
[2020-01-29T22:16:27.093+0300][66.465s][info][gc] GC(1067) Pause Young (Allocation Failure) 204M->204M(247M) 0.044ms
[2020-01-29T22:16:27.192+0300][66.564s][info][gc] GC(1068) Pause Full (Allocation Failure) 204M->70M(247M) 98.543ms
[2020-01-29T22:16:27.272+0300][66.644s][info][gc] GC(1069) Pause Young (Allocation Failure) 137M->136M(247M) 61.889ms
[2020-01-29T22:16:27.279+0300][66.651s][info][gc] GC(1070) Pause Young (Allocation Failure) 204M->204M(247M) 0.043ms
[2020-01-29T22:16:27.377+0300][66.750s][info][gc] GC(1071) Pause Full (Allocation Failure) 204M->70M(247M) 98.919ms
[2020-01-29T22:16:27.465+0300][66.837s][info][gc] GC(1072) Pause Young (Allocation Failure) 137M->136M(247M) 62.719ms
[2020-01-29T22:16:27.473+0300][66.845s][info][gc] GC(1073) Pause Young (Allocation Failure) 204M->204M(247M) 0.044ms
[2020-01-29T22:16:27.575+0300][66.946s][info][gc] GC(1074) Pause Full (Allocation Failure) 204M->70M(247M) 101.543ms
[2020-01-29T22:16:27.655+0300][67.026s][info][gc] GC(1075) Pause Young (Allocation Failure) 137M->136M(247M) 61.864ms
[2020-01-29T22:16:27.661+0300][67.033s][info][gc] GC(1076) Pause Young (Allocation Failure) 204M->204M(247M) 0.044ms
[2020-01-29T22:16:27.761+0300][67.133s][info][gc] GC(1077) Pause Full (Allocation Failure) 204M->70M(247M) 99.971ms
[2020-01-29T22:16:27.845+0300][67.217s][info][gc] GC(1078) Pause Young (Allocation Failure) 137M->136M(247M) 65.586ms
[2020-01-29T22:16:27.852+0300][67.224s][info][gc] GC(1079) Pause Young (Allocation Failure) 204M->204M(247M) 0.044ms
[2020-01-29T22:16:27.954+0300][67.326s][info][gc] GC(1080) Pause Full (Allocation Failure) 204M->70M(247M) 101.689ms
[2020-01-29T22:16:28.037+0300][67.408s][info][gc] GC(1081) Pause Young (Allocation Failure) 137M->136M(247M) 62.757ms
[2020-01-29T22:16:28.045+0300][67.417s][info][gc] GC(1082) Pause Young (Allocation Failure) 204M->204M(247M) 0.044ms
[2020-01-29T22:16:28.147+0300][67.519s][info][gc] GC(1083) Pause Full (Allocation Failure) 204M->70M(247M) 101.742ms
[2020-01-29T22:16:28.229+0300][67.600s][info][gc] GC(1084) Pause Young (Allocation Failure) 137M->136M(247M) 62.995ms
[2020-01-29T22:16:28.235+0300][67.607s][info][gc] GC(1085) Pause Young (Allocation Failure) 204M->204M(247M) 0.042ms
[2020-01-29T22:16:28.342+0300][67.714s][info][gc] GC(1086) Pause Full (Allocation Failure) 204M->70M(247M) 106.981ms
[2020-01-29T22:16:28.426+0300][67.798s][info][gc] GC(1087) Pause Young (Allocation Failure) 137M->136M(247M) 63.916ms
[2020-01-29T22:16:28.433+0300][67.804s][info][gc] GC(1088) Pause Young (Allocation Failure) 204M->204M(247M) 0.045ms
[2020-01-29T22:16:28.536+0300][67.909s][info][gc] GC(1089) Pause Full (Allocation Failure) 204M->70M(247M) 104.196ms
[2020-01-29T22:16:28.619+0300][67.991s][info][gc] GC(1090) Pause Young (Allocation Failure) 137M->136M(247M) 62.699ms
[2020-01-29T22:16:28.627+0300][67.999s][info][gc] GC(1091) Pause Young (Allocation Failure) 204M->204M(247M) 0.043ms
[2020-01-29T22:16:28.728+0300][68.100s][info][gc] GC(1092) Pause Full (Allocation Failure) 204M->70M(247M) 101.077ms
[2020-01-29T22:16:28.809+0300][68.181s][info][gc] GC(1093) Pause Young (Allocation Failure) 137M->136M(247M) 62.387ms
[2020-01-29T22:16:28.816+0300][68.188s][info][gc] GC(1094) Pause Young (Allocation Failure) 204M->204M(247M) 0.043ms
[2020-01-29T22:16:28.917+0300][68.289s][info][gc] GC(1095) Pause Full (Allocation Failure) 204M->70M(247M) 100.811ms
[2020-01-29T22:16:28.998+0300][68.369s][info][gc] GC(1096) Pause Young (Allocation Failure) 137M->136M(247M) 62.235ms
[2020-01-29T22:16:29.006+0300][68.377s][info][gc] GC(1097) Pause Young (Allocation Failure) 204M->204M(247M) 0.044ms
[2020-01-29T22:16:29.106+0300][68.479s][info][gc] GC(1098) Pause Full (Allocation Failure) 204M->70M(247M) 101.248ms
[2020-01-29T22:16:29.190+0300][68.562s][info][gc] GC(1099) Pause Young (Allocation Failure) 137M->136M(247M) 64.388ms
[2020-01-29T22:16:29.197+0300][68.569s][info][gc] GC(1100) Pause Young (Allocation Failure) 204M->204M(247M) 0.044ms
[2020-01-29T22:16:29.298+0300][68.670s][info][gc] GC(1101) Pause Full (Allocation Failure) 204M->70M(247M) 100.843ms
[2020-01-29T22:16:29.379+0300][68.751s][info][gc] GC(1102) Pause Young (Allocation Failure) 137M->136M(247M) 62.718ms
[2020-01-29T22:16:29.386+0300][68.758s][info][gc] GC(1103) Pause Young (Allocation Failure) 204M->204M(247M) 0.042ms
[2020-01-29T22:16:29.485+0300][68.857s][info][gc] GC(1104) Pause Full (Allocation Failure) 204M->70M(247M) 99.336ms
[2020-01-29T22:16:29.566+0300][68.937s][info][gc] GC(1105) Pause Young (Allocation Failure) 137M->136M(247M) 61.835ms
[2020-01-29T22:16:29.573+0300][68.945s][info][gc] GC(1106) Pause Young (Allocation Failure) 204M->204M(247M) 0.044ms
[2020-01-29T22:16:29.672+0300][69.044s][info][gc] GC(1107) Pause Full (Allocation Failure) 204M->70M(247M) 98.734ms
[2020-01-29T22:16:29.753+0300][69.124s][info][gc] GC(1108) Pause Young (Allocation Failure) 137M->136M(247M) 61.985ms
[2020-01-29T22:16:29.760+0300][69.131s][info][gc] GC(1109) Pause Young (Allocation Failure) 204M->204M(247M) 0.052ms
[2020-01-29T22:16:29.859+0300][69.230s][info][gc] GC(1110) Pause Full (Allocation Failure) 204M->70M(247M) 99.453ms
[2020-01-29T22:16:29.940+0300][69.312s][info][gc] GC(1111) Pause Young (Allocation Failure) 137M->136M(247M) 62.402ms
[2020-01-29T22:16:29.947+0300][69.318s][info][gc] GC(1112) Pause Young (Allocation Failure) 204M->204M(247M) 0.042ms
[2020-01-29T22:16:30.047+0300][69.419s][info][gc] GC(1113) Pause Full (Allocation Failure) 204M->70M(247M) 100.714ms
[2020-01-29T22:16:30.130+0300][69.502s][info][gc] GC(1114) Pause Young (Allocation Failure) 137M->136M(247M) 62.292ms
[2020-01-29T22:16:30.137+0300][69.509s][info][gc] GC(1115) Pause Young (Allocation Failure) 204M->204M(247M) 0.047ms
[2020-01-29T22:16:30.236+0300][69.608s][info][gc] GC(1116) Pause Full (Allocation Failure) 204M->70M(247M) 98.847ms
[2020-01-29T22:16:30.317+0300][69.688s][info][gc] GC(1117) Pause Young (Allocation Failure) 137M->136M(247M) 62.026ms
[2020-01-29T22:16:30.324+0300][69.695s][info][gc] GC(1118) Pause Young (Allocation Failure) 204M->204M(247M) 0.043ms
[2020-01-29T22:16:30.422+0300][69.794s][info][gc] GC(1119) Pause Full (Allocation Failure) 204M->70M(247M) 98.633ms
[2020-01-29T22:16:30.502+0300][69.874s][info][gc] GC(1120) Pause Young (Allocation Failure) 137M->136M(247M) 61.944ms
[2020-01-29T22:16:30.509+0300][69.881s][info][gc] GC(1121) Pause Young (Allocation Failure) 204M->204M(247M) 0.044ms
[2020-01-29T22:16:30.609+0300][69.981s][info][gc] GC(1122) Pause Full (Allocation Failure) 204M->70M(247M) 99.644ms
[2020-01-29T22:16:30.691+0300][70.062s][info][gc] GC(1123) Pause Young (Allocation Failure) 137M->136M(247M) 62.370ms
[2020-01-29T22:16:30.698+0300][70.069s][info][gc] GC(1124) Pause Young (Allocation Failure) 204M->204M(247M) 0.043ms
[2020-01-29T22:16:30.798+0300][70.170s][info][gc] GC(1125) Pause Full (Allocation Failure) 204M->70M(247M) 100.641ms
[2020-01-29T22:16:30.880+0300][70.251s][info][gc] GC(1126) Pause Young (Allocation Failure) 137M->136M(247M) 62.896ms
[2020-01-29T22:16:30.886+0300][70.258s][info][gc] GC(1127) Pause Young (Allocation Failure) 204M->204M(247M) 0.042ms
[2020-01-29T22:16:30.986+0300][70.358s][info][gc] GC(1128) Pause Full (Allocation Failure) 204M->70M(247M) 100.562ms
[2020-01-29T22:16:31.068+0300][70.440s][info][gc] GC(1129) Pause Young (Allocation Failure) 137M->136M(247M) 61.836ms
[2020-01-29T22:16:31.075+0300][70.447s][info][gc] GC(1130) Pause Young (Allocation Failure) 204M->204M(247M) 0.043ms
[2020-01-29T22:16:31.173+0300][70.545s][info][gc] GC(1131) Pause Full (Allocation Failure) 204M->70M(247M) 98.433ms
[2020-01-29T22:16:31.254+0300][70.625s][info][gc] GC(1132) Pause Young (Allocation Failure) 137M->136M(247M) 61.950ms
[2020-01-29T22:16:31.261+0300][70.632s][info][gc] GC(1133) Pause Young (Allocation Failure) 204M->204M(247M) 0.044ms
[2020-01-29T22:16:31.359+0300][70.732s][info][gc] GC(1134) Pause Full (Allocation Failure) 204M->70M(247M) 99.140ms
[2020-01-29T22:16:31.440+0300][70.812s][info][gc] GC(1135) Pause Young (Allocation Failure) 137M->136M(247M) 62.373ms
[2020-01-29T22:16:31.447+0300][70.819s][info][gc] GC(1136) Pause Young (Allocation Failure) 204M->204M(247M) 0.045ms
[2020-01-29T22:16:31.546+0300][70.917s][info][gc] GC(1137) Pause Full (Allocation Failure) 204M->70M(247M) 98.586ms
[2020-01-29T22:16:31.626+0300][70.998s][info][gc] GC(1138) Pause Young (Allocation Failure) 137M->136M(247M) 61.632ms
[2020-01-29T22:16:31.633+0300][71.005s][info][gc] GC(1139) Pause Young (Allocation Failure) 204M->204M(247M) 0.041ms
[2020-01-29T22:16:31.733+0300][71.104s][info][gc] GC(1140) Pause Full (Allocation Failure) 204M->70M(247M) 99.621ms
[2020-01-29T22:16:31.814+0300][71.185s][info][gc] GC(1141) Pause Young (Allocation Failure) 137M->136M(247M) 62.142ms
[2020-01-29T22:16:31.821+0300][71.192s][info][gc] GC(1142) Pause Young (Allocation Failure) 204M->204M(247M) 0.048ms
[2020-01-29T22:16:31.919+0300][71.291s][info][gc] GC(1143) Pause Full (Allocation Failure) 204M->70M(247M) 99.037ms
[2020-01-29T22:16:31.999+0300][71.371s][info][gc] GC(1144) Pause Young (Allocation Failure) 137M->136M(247M) 61.740ms
[2020-01-29T22:16:32.007+0300][71.379s][info][gc] GC(1145) Pause Young (Allocation Failure) 204M->204M(247M) 0.044ms
[2020-01-29T22:16:32.106+0300][71.478s][info][gc] GC(1146) Pause Full (Allocation Failure) 204M->70M(247M) 99.130ms
[2020-01-29T22:16:32.186+0300][71.558s][info][gc] GC(1147) Pause Young (Allocation Failure) 137M->136M(247M) 61.822ms
[2020-01-29T22:16:32.193+0300][71.565s][info][gc] GC(1148) Pause Young (Allocation Failure) 204M->204M(247M) 0.043ms
[2020-01-29T22:16:32.292+0300][71.664s][info][gc] GC(1149) Pause Full (Allocation Failure) 204M->70M(247M) 99.213ms
[2020-01-29T22:16:32.373+0300][71.745s][info][gc] GC(1150) Pause Young (Allocation Failure) 137M->136M(247M) 62.123ms
[2020-01-29T22:16:32.380+0300][71.752s][info][gc] GC(1151) Pause Young (Allocation Failure) 204M->204M(247M) 0.046ms
[2020-01-29T22:16:32.478+0300][71.850s][info][gc] GC(1152) Pause Full (Allocation Failure) 204M->70M(247M) 98.414ms
[2020-01-29T22:16:32.559+0300][71.930s][info][gc] GC(1153) Pause Young (Allocation Failure) 137M->136M(247M) 61.843ms
[2020-01-29T22:16:32.565+0300][71.937s][info][gc] GC(1154) Pause Young (Allocation Failure) 204M->204M(247M) 0.042ms
[2020-01-29T22:16:32.663+0300][72.036s][info][gc] GC(1155) Pause Full (Allocation Failure) 204M->70M(247M) 98.944ms
[2020-01-29T22:16:32.744+0300][72.116s][info][gc] GC(1156) Pause Young (Allocation Failure) 137M->136M(247M) 61.691ms
[2020-01-29T22:16:32.751+0300][72.123s][info][gc] GC(1157) Pause Young (Allocation Failure) 204M->204M(247M) 0.042ms
[2020-01-29T22:16:32.850+0300][72.221s][info][gc] GC(1158) Pause Full (Allocation Failure) 204M->70M(247M) 98.214ms
[2020-01-29T22:16:32.931+0300][72.302s][info][gc] GC(1159) Pause Young (Allocation Failure) 137M->136M(247M) 61.850ms
[2020-01-29T22:16:32.938+0300][72.309s][info][gc] GC(1160) Pause Young (Allocation Failure) 204M->204M(247M) 0.047ms
[2020-01-29T22:16:33.037+0300][72.409s][info][gc] GC(1161) Pause Full (Allocation Failure) 204M->70M(247M) 100.039ms
[2020-01-29T22:16:33.119+0300][72.491s][info][gc] GC(1162) Pause Young (Allocation Failure) 137M->136M(247M) 62.239ms
[2020-01-29T22:16:33.126+0300][72.498s][info][gc] GC(1163) Pause Young (Allocation Failure) 204M->204M(247M) 0.044ms
[2020-01-29T22:16:33.226+0300][72.598s][info][gc] GC(1164) Pause Full (Allocation Failure) 204M->70M(247M) 99.313ms
[2020-01-29T22:16:33.307+0300][72.678s][info][gc] GC(1165) Pause Young (Allocation Failure) 137M->136M(247M) 61.784ms
[2020-01-29T22:16:33.313+0300][72.685s][info][gc] GC(1166) Pause Young (Allocation Failure) 204M->204M(247M) 0.041ms
[2020-01-29T22:16:33.411+0300][72.783s][info][gc] GC(1167) Pause Full (Allocation Failure) 204M->70M(247M) 98.091ms
[2020-01-29T22:16:33.491+0300][72.863s][info][gc] GC(1168) Pause Young (Allocation Failure) 137M->136M(247M) 62.157ms
[2020-01-29T22:16:33.498+0300][72.870s][info][gc] GC(1169) Pause Young (Allocation Failure) 204M->204M(247M) 0.044ms
[2020-01-29T22:16:33.597+0300][72.969s][info][gc] GC(1170) Pause Full (Allocation Failure) 204M->70M(247M) 99.401ms
[2020-01-29T22:16:33.678+0300][73.049s][info][gc] GC(1171) Pause Young (Allocation Failure) 137M->136M(247M) 62.180ms
[2020-01-29T22:16:33.685+0300][73.056s][info][gc] GC(1172) Pause Young (Allocation Failure) 204M->204M(247M) 0.043ms
[2020-01-29T22:16:33.783+0300][73.155s][info][gc] GC(1173) Pause Full (Allocation Failure) 204M->70M(247M) 98.638ms
[2020-01-29T22:16:33.863+0300][73.235s][info][gc] GC(1174) Pause Young (Allocation Failure) 137M->136M(247M) 62.165ms
[2020-01-29T22:16:33.870+0300][73.242s][info][gc] GC(1175) Pause Young (Allocation Failure) 204M->204M(247M) 0.048ms
[2020-01-29T22:16:33.971+0300][73.343s][info][gc] GC(1176) Pause Full (Allocation Failure) 204M->70M(247M) 100.743ms
[2020-01-29T22:16:34.052+0300][73.424s][info][gc] GC(1177) Pause Young (Allocation Failure) 137M->136M(247M) 62.601ms
[2020-01-29T22:16:34.061+0300][73.433s][info][gc] GC(1178) Pause Young (Allocation Failure) 204M->204M(247M) 0.044ms
[2020-01-29T22:16:34.162+0300][73.534s][info][gc] GC(1179) Pause Full (Allocation Failure) 204M->70M(247M) 101.133ms
[2020-01-29T22:16:34.243+0300][73.615s][info][gc] GC(1180) Pause Young (Allocation Failure) 137M->136M(247M) 61.832ms
[2020-01-29T22:16:34.249+0300][73.621s][info][gc] GC(1181) Pause Young (Allocation Failure) 204M->204M(247M) 0.041ms
[2020-01-29T22:16:34.348+0300][73.720s][info][gc] GC(1182) Pause Full (Allocation Failure) 204M->70M(247M) 98.777ms
[2020-01-29T22:16:34.429+0300][73.800s][info][gc] GC(1183) Pause Young (Allocation Failure) 137M->136M(247M) 61.869ms
[2020-01-29T22:16:34.435+0300][73.807s][info][gc] GC(1184) Pause Young (Allocation Failure) 204M->204M(247M) 0.042ms
[2020-01-29T22:16:34.534+0300][73.907s][info][gc] GC(1185) Pause Full (Allocation Failure) 204M->70M(247M) 99.626ms
[2020-01-29T22:16:34.615+0300][73.987s][info][gc] GC(1186) Pause Young (Allocation Failure) 137M->136M(247M) 61.985ms
[2020-01-29T22:16:34.623+0300][73.995s][info][gc] GC(1187) Pause Young (Allocation Failure) 204M->204M(247M) 0.043ms
[2020-01-29T22:16:34.722+0300][74.094s][info][gc] GC(1188) Pause Full (Allocation Failure) 204M->70M(247M) 99.101ms
[2020-01-29T22:16:34.803+0300][74.174s][info][gc] GC(1189) Pause Young (Allocation Failure) 137M->136M(247M) 61.800ms
[2020-01-29T22:16:34.810+0300][74.181s][info][gc] GC(1190) Pause Young (Allocation Failure) 204M->204M(247M) 0.045ms
[2020-01-29T22:16:34.908+0300][74.280s][info][gc] GC(1191) Pause Full (Allocation Failure) 204M->70M(247M) 99.242ms
[2020-01-29T22:16:34.989+0300][74.361s][info][gc] GC(1192) Pause Young (Allocation Failure) 137M->136M(247M) 61.838ms
[2020-01-29T22:16:34.996+0300][74.368s][info][gc] GC(1193) Pause Young (Allocation Failure) 204M->204M(247M) 0.042ms
[2020-01-29T22:16:35.094+0300][74.467s][info][gc] GC(1194) Pause Full (Allocation Failure) 204M->70M(247M) 99.021ms
[2020-01-29T22:16:35.175+0300][74.547s][info][gc] GC(1195) Pause Young (Allocation Failure) 137M->136M(247M) 62.611ms
[2020-01-29T22:16:35.182+0300][74.554s][info][gc] GC(1196) Pause Young (Allocation Failure) 204M->204M(247M) 0.042ms
[2020-01-29T22:16:35.282+0300][74.654s][info][gc] GC(1197) Pause Full (Allocation Failure) 204M->70M(247M) 99.452ms
[2020-01-29T22:16:35.363+0300][74.734s][info][gc] GC(1198) Pause Young (Allocation Failure) 137M->136M(247M) 61.894ms
[2020-01-29T22:16:35.369+0300][74.741s][info][gc] GC(1199) Pause Young (Allocation Failure) 204M->204M(247M) 0.041ms
[2020-01-29T22:16:35.468+0300][74.840s][info][gc] GC(1200) Pause Full (Allocation Failure) 204M->70M(247M) 99.168ms
[2020-01-29T22:16:35.549+0300][74.920s][info][gc] GC(1201) Pause Young (Allocation Failure) 137M->136M(247M) 62.224ms
[2020-01-29T22:16:35.556+0300][74.928s][info][gc] GC(1202) Pause Young (Allocation Failure) 204M->204M(247M) 0.048ms
[2020-01-29T22:16:35.656+0300][75.028s][info][gc] GC(1203) Pause Full (Allocation Failure) 204M->70M(247M) 100.255ms
[2020-01-29T22:16:35.736+0300][75.108s][info][gc] GC(1204) Pause Young (Allocation Failure) 137M->136M(247M) 62.694ms
[2020-01-29T22:16:35.744+0300][75.116s][info][gc] GC(1205) Pause Young (Allocation Failure) 204M->204M(247M) 0.044ms
[2020-01-29T22:16:35.842+0300][75.215s][info][gc] GC(1206) Pause Full (Allocation Failure) 204M->70M(247M) 98.638ms
[2020-01-29T22:16:35.922+0300][75.294s][info][gc] GC(1207) Pause Young (Allocation Failure) 137M->136M(247M) 61.640ms
[2020-01-29T22:16:35.929+0300][75.301s][info][gc] GC(1208) Pause Young (Allocation Failure) 204M->204M(247M) 0.043ms
[2020-01-29T22:16:36.028+0300][75.400s][info][gc] GC(1209) Pause Full (Allocation Failure) 204M->70M(247M) 98.708ms
[2020-01-29T22:16:36.109+0300][75.480s][info][gc] GC(1210) Pause Young (Allocation Failure) 137M->136M(247M) 61.850ms
[2020-01-29T22:16:36.116+0300][75.487s][info][gc] GC(1211) Pause Young (Allocation Failure) 204M->204M(247M) 0.041ms
[2020-01-29T22:16:36.213+0300][75.585s][info][gc] GC(1212) Pause Full (Allocation Failure) 204M->70M(247M) 98.102ms
[2020-01-29T22:16:36.294+0300][75.666s][info][gc] GC(1213) Pause Young (Allocation Failure) 137M->136M(247M) 62.285ms
[2020-01-29T22:16:36.301+0300][75.673s][info][gc] GC(1214) Pause Young (Allocation Failure) 204M->204M(247M) 0.046ms
[2020-01-29T22:16:36.400+0300][75.772s][info][gc] GC(1215) Pause Full (Allocation Failure) 204M->70M(247M) 98.652ms
[2020-01-29T22:16:36.481+0300][75.852s][info][gc] GC(1216) Pause Young (Allocation Failure) 137M->136M(247M) 61.955ms
[2020-01-29T22:16:36.488+0300][75.859s][info][gc] GC(1217) Pause Young (Allocation Failure) 204M->204M(247M) 0.044ms
[2020-01-29T22:16:36.589+0300][75.962s][info][gc] GC(1218) Pause Full (Allocation Failure) 204M->70M(247M) 102.338ms
[2020-01-29T22:16:36.670+0300][76.042s][info][gc] GC(1219) Pause Young (Allocation Failure) 137M->136M(247M) 61.852ms
[2020-01-29T22:16:36.677+0300][76.048s][info][gc] GC(1220) Pause Young (Allocation Failure) 204M->204M(247M) 0.042ms
[2020-01-29T22:16:36.775+0300][76.148s][info][gc] GC(1221) Pause Full (Allocation Failure) 204M->70M(247M) 99.104ms
[2020-01-29T22:16:36.858+0300][76.229s][info][gc] GC(1222) Pause Young (Allocation Failure) 137M->136M(247M) 62.880ms
[2020-01-29T22:16:36.865+0300][76.236s][info][gc] GC(1223) Pause Young (Allocation Failure) 204M->204M(247M) 0.045ms
[2020-01-29T22:16:36.963+0300][76.335s][info][gc] GC(1224) Pause Full (Allocation Failure) 204M->70M(247M) 99.197ms
[2020-01-29T22:16:37.043+0300][76.416s][info][gc] GC(1225) Pause Young (Allocation Failure) 137M->136M(247M) 61.760ms
[2020-01-29T22:16:37.051+0300][76.423s][info][gc] GC(1226) Pause Young (Allocation Failure) 204M->204M(247M) 0.043ms
[2020-01-29T22:16:37.151+0300][76.523s][info][gc] GC(1227) Pause Full (Allocation Failure) 204M->70M(247M) 99.843ms
[2020-01-29T22:16:37.232+0300][76.603s][info][gc] GC(1228) Pause Young (Allocation Failure) 137M->136M(247M) 61.821ms
[2020-01-29T22:16:37.238+0300][76.610s][info][gc] GC(1229) Pause Young (Allocation Failure) 204M->204M(247M) 0.042ms
[2020-01-29T22:16:37.336+0300][76.709s][info][gc] GC(1230) Pause Full (Allocation Failure) 204M->70M(247M) 98.608ms
[2020-01-29T22:16:37.419+0300][76.791s][info][gc] GC(1231) Pause Young (Allocation Failure) 137M->136M(247M) 64.119ms
[2020-01-29T22:16:37.428+0300][76.800s][info][gc] GC(1232) Pause Young (Allocation Failure) 204M->204M(247M) 0.043ms
[2020-01-29T22:16:37.528+0300][76.899s][info][gc] GC(1233) Pause Full (Allocation Failure) 204M->70M(247M) 99.770ms
[2020-01-29T22:16:37.608+0300][76.979s][info][gc] GC(1234) Pause Young (Allocation Failure) 137M->136M(247M) 61.956ms
[2020-01-29T22:16:37.614+0300][76.986s][info][gc] GC(1235) Pause Young (Allocation Failure) 204M->204M(247M) 0.041ms
[2020-01-29T22:16:37.714+0300][77.086s][info][gc] GC(1236) Pause Full (Allocation Failure) 204M->70M(247M) 100.056ms
[2020-01-29T22:16:37.796+0300][77.168s][info][gc] GC(1237) Pause Young (Allocation Failure) 137M->136M(247M) 62.537ms
[2020-01-29T22:16:37.803+0300][77.175s][info][gc] GC(1238) Pause Young (Allocation Failure) 204M->204M(247M) 0.043ms
[2020-01-29T22:16:37.904+0300][77.276s][info][gc] GC(1239) Pause Full (Allocation Failure) 204M->70M(247M) 100.511ms
[2020-01-29T22:16:37.985+0300][77.357s][info][gc] GC(1240) Pause Young (Allocation Failure) 137M->136M(247M) 62.355ms
[2020-01-29T22:16:37.993+0300][77.364s][info][gc] GC(1241) Pause Young (Allocation Failure) 204M->204M(247M) 0.044ms
[2020-01-29T22:16:38.091+0300][77.464s][info][gc] GC(1242) Pause Full (Allocation Failure) 204M->70M(247M) 99.196ms
[2020-01-29T22:16:38.173+0300][77.545s][info][gc] GC(1243) Pause Young (Allocation Failure) 137M->136M(247M) 61.871ms
[2020-01-29T22:16:38.179+0300][77.551s][info][gc] GC(1244) Pause Young (Allocation Failure) 204M->204M(247M) 0.041ms
[2020-01-29T22:16:38.278+0300][77.650s][info][gc] GC(1245) Pause Full (Allocation Failure) 204M->70M(247M) 98.846ms
[2020-01-29T22:16:38.358+0300][77.731s][info][gc] GC(1246) Pause Young (Allocation Failure) 137M->136M(247M) 61.744ms
[2020-01-29T22:16:38.365+0300][77.737s][info][gc] GC(1247) Pause Young (Allocation Failure) 204M->204M(247M) 0.044ms
[2020-01-29T22:16:38.463+0300][77.836s][info][gc] GC(1248) Pause Full (Allocation Failure) 204M->70M(247M) 98.485ms
[2020-01-29T22:16:38.544+0300][77.916s][info][gc] GC(1249) Pause Young (Allocation Failure) 137M->136M(247M) 61.904ms
[2020-01-29T22:16:38.550+0300][77.922s][info][gc] GC(1250) Pause Young (Allocation Failure) 204M->204M(247M) 0.044ms
[2020-01-29T22:16:38.649+0300][78.021s][info][gc] GC(1251) Pause Full (Allocation Failure) 204M->70M(247M) 98.515ms
[2020-01-29T22:16:38.729+0300][78.101s][info][gc] GC(1252) Pause Young (Allocation Failure) 137M->136M(247M) 61.689ms
[2020-01-29T22:16:38.736+0300][78.108s][info][gc] GC(1253) Pause Young (Allocation Failure) 204M->204M(247M) 0.042ms
[2020-01-29T22:16:38.834+0300][78.207s][info][gc] GC(1254) Pause Full (Allocation Failure) 204M->70M(247M) 99.124ms
[2020-01-29T22:16:38.916+0300][78.287s][info][gc] GC(1255) Pause Young (Allocation Failure) 137M->136M(247M) 62.387ms
[2020-01-29T22:16:38.922+0300][78.294s][info][gc] GC(1256) Pause Young (Allocation Failure) 204M->204M(247M) 0.043ms
[2020-01-29T22:16:39.021+0300][78.393s][info][gc] GC(1257) Pause Full (Allocation Failure) 204M->70M(247M) 98.954ms
[2020-01-29T22:16:39.101+0300][78.474s][info][gc] GC(1258) Pause Young (Allocation Failure) 137M->136M(247M) 62.161ms
[2020-01-29T22:16:39.109+0300][78.481s][info][gc] GC(1259) Pause Young (Allocation Failure) 204M->204M(247M) 0.045ms
[2020-01-29T22:16:39.207+0300][78.580s][info][gc] GC(1260) Pause Full (Allocation Failure) 204M->70M(247M) 98.335ms
[2020-01-29T22:16:39.288+0300][78.660s][info][gc] GC(1261) Pause Young (Allocation Failure) 137M->136M(247M) 62.242ms
[2020-01-29T22:16:39.295+0300][78.667s][info][gc] GC(1262) Pause Young (Allocation Failure) 204M->204M(247M) 0.043ms
[2020-01-29T22:16:39.394+0300][78.766s][info][gc] GC(1263) Pause Full (Allocation Failure) 204M->70M(247M) 99.175ms
[2020-01-29T22:16:39.474+0300][78.846s][info][gc] GC(1264) Pause Young (Allocation Failure) 137M->136M(247M) 61.844ms
[2020-01-29T22:16:39.480+0300][78.852s][info][gc] GC(1265) Pause Young (Allocation Failure) 204M->204M(247M) 0.041ms
[2020-01-29T22:16:39.579+0300][78.951s][info][gc] GC(1266) Pause Full (Allocation Failure) 204M->70M(247M) 98.895ms
[2020-01-29T22:16:39.660+0300][79.031s][info][gc] GC(1267) Pause Young (Allocation Failure) 137M->136M(247M) 61.806ms
[2020-01-29T22:16:39.666+0300][79.038s][info][gc] GC(1268) Pause Young (Allocation Failure) 204M->204M(247M) 0.043ms
[2020-01-29T22:16:39.764+0300][79.136s][info][gc] GC(1269) Pause Full (Allocation Failure) 204M->70M(247M) 98.313ms
[2020-01-29T22:16:39.845+0300][79.217s][info][gc] GC(1270) Pause Young (Allocation Failure) 137M->136M(247M) 61.835ms
[2020-01-29T22:16:39.851+0300][79.223s][info][gc] GC(1271) Pause Young (Allocation Failure) 204M->204M(247M) 0.042ms
[2020-01-29T22:16:39.951+0300][79.323s][info][gc] GC(1272) Pause Full (Allocation Failure) 204M->70M(247M) 99.145ms
[2020-01-29T22:16:40.032+0300][79.403s][info][gc] GC(1273) Pause Young (Allocation Failure) 137M->136M(247M) 61.919ms
[2020-01-29T22:16:40.039+0300][79.411s][info][gc] GC(1274) Pause Young (Allocation Failure) 204M->204M(247M) 0.044ms
[2020-01-29T22:16:40.137+0300][79.509s][info][gc] GC(1275) Pause Full (Allocation Failure) 204M->70M(247M) 98.272ms
[2020-01-29T22:16:40.218+0300][79.590s][info][gc] GC(1276) Pause Young (Allocation Failure) 137M->136M(247M) 61.928ms
[2020-01-29T22:16:40.226+0300][79.597s][info][gc] GC(1277) Pause Young (Allocation Failure) 204M->204M(247M) 0.045ms
[2020-01-29T22:16:40.324+0300][79.695s][info][gc] GC(1278) Pause Full (Allocation Failure) 204M->70M(247M) 98.232ms
[2020-01-29T22:16:40.403+0300][79.775s][info][gc] GC(1279) Pause Young (Allocation Failure) 137M->136M(247M) 61.689ms
[2020-01-29T22:16:40.410+0300][79.782s][info][gc] GC(1280) Pause Young (Allocation Failure) 204M->204M(247M) 0.041ms
[2020-01-29T22:16:40.508+0300][79.881s][info][gc] GC(1281) Pause Full (Allocation Failure) 204M->70M(247M) 98.620ms
[2020-01-29T22:16:40.588+0300][79.961s][info][gc] GC(1282) Pause Young (Allocation Failure) 137M->136M(247M) 61.696ms
[2020-01-29T22:16:40.595+0300][79.968s][info][gc] GC(1283) Pause Young (Allocation Failure) 204M->204M(247M) 0.042ms
[2020-01-29T22:16:40.694+0300][80.066s][info][gc] GC(1284) Pause Full (Allocation Failure) 204M->70M(247M) 98.415ms
[2020-01-29T22:16:40.775+0300][80.146s][info][gc] GC(1285) Pause Young (Allocation Failure) 137M->136M(247M) 61.860ms
[2020-01-29T22:16:40.781+0300][80.153s][info][gc] GC(1286) Pause Young (Allocation Failure) 204M->204M(247M) 0.044ms
[2020-01-29T22:16:40.880+0300][80.252s][info][gc] GC(1287) Pause Full (Allocation Failure) 204M->70M(247M) 98.719ms
[2020-01-29T22:16:40.959+0300][80.332s][info][gc] GC(1288) Pause Young (Allocation Failure) 137M->136M(247M) 61.742ms
[2020-01-29T22:16:40.967+0300][80.339s][info][gc] GC(1289) Pause Young (Allocation Failure) 204M->204M(247M) 0.045ms
[2020-01-29T22:16:41.066+0300][80.437s][info][gc] GC(1290) Pause Full (Allocation Failure) 204M->70M(247M) 98.473ms
[2020-01-29T22:16:41.145+0300][80.518s][info][gc] GC(1291) Pause Young (Allocation Failure) 137M->136M(247M) 61.745ms
[2020-01-29T22:16:41.152+0300][80.524s][info][gc] GC(1292) Pause Young (Allocation Failure) 204M->204M(247M) 0.043ms
[2020-01-29T22:16:41.251+0300][80.623s][info][gc] GC(1293) Pause Full (Allocation Failure) 204M->70M(247M) 98.533ms
[2020-01-29T22:16:41.332+0300][80.704s][info][gc] GC(1294) Pause Young (Allocation Failure) 137M->136M(247M) 62.444ms
[2020-01-29T22:16:41.340+0300][80.712s][info][gc] GC(1295) Pause Young (Allocation Failure) 204M->204M(247M) 0.043ms
[2020-01-29T22:16:41.441+0300][80.812s][info][gc] GC(1296) Pause Full (Allocation Failure) 204M->70M(247M) 100.406ms
[2020-01-29T22:16:41.520+0300][80.892s][info][gc] GC(1297) Pause Young (Allocation Failure) 137M->136M(247M) 61.869ms
[2020-01-29T22:16:41.526+0300][80.899s][info][gc] GC(1298) Pause Young (Allocation Failure) 204M->204M(247M) 0.043ms
[2020-01-29T22:16:41.626+0300][80.998s][info][gc] GC(1299) Pause Full (Allocation Failure) 204M->70M(247M) 98.906ms
[2020-01-29T22:16:41.707+0300][81.079s][info][gc] GC(1300) Pause Young (Allocation Failure) 137M->136M(247M) 62.192ms
[2020-01-29T22:16:41.714+0300][81.086s][info][gc] GC(1301) Pause Young (Allocation Failure) 204M->204M(247M) 0.043ms
[2020-01-29T22:16:41.814+0300][81.186s][info][gc] GC(1302) Pause Full (Allocation Failure) 204M->70M(247M) 99.782ms
[2020-01-29T22:16:41.895+0300][81.267s][info][gc] GC(1303) Pause Young (Allocation Failure) 137M->136M(247M) 63.335ms
[2020-01-29T22:16:41.902+0300][81.274s][info][gc] GC(1304) Pause Young (Allocation Failure) 204M->204M(247M) 0.043ms
[2020-01-29T22:16:42.005+0300][81.377s][info][gc] GC(1305) Pause Full (Allocation Failure) 204M->70M(247M) 102.956ms
[2020-01-29T22:16:42.087+0300][81.459s][info][gc] GC(1306) Pause Young (Allocation Failure) 137M->136M(247M) 62.130ms
[2020-01-29T22:16:42.094+0300][81.466s][info][gc] GC(1307) Pause Young (Allocation Failure) 204M->204M(247M) 0.040ms
[2020-01-29T22:16:42.193+0300][81.564s][info][gc] GC(1308) Pause Full (Allocation Failure) 204M->70M(247M) 98.335ms
[2020-01-29T22:16:42.273+0300][81.645s][info][gc] GC(1309) Pause Young (Allocation Failure) 137M->136M(247M) 62.012ms
[2020-01-29T22:16:42.279+0300][81.652s][info][gc] GC(1310) Pause Young (Allocation Failure) 204M->204M(247M) 0.042ms
[2020-01-29T22:16:42.379+0300][81.751s][info][gc] GC(1311) Pause Full (Allocation Failure) 204M->70M(247M) 99.157ms
[2020-01-29T22:16:42.459+0300][81.831s][info][gc] GC(1312) Pause Young (Allocation Failure) 137M->136M(247M) 61.909ms
[2020-01-29T22:16:42.466+0300][81.838s][info][gc] GC(1313) Pause Young (Allocation Failure) 204M->204M(247M) 0.043ms
[2020-01-29T22:16:42.565+0300][81.937s][info][gc] GC(1314) Pause Full (Allocation Failure) 204M->70M(247M) 99.079ms
[2020-01-29T22:16:42.645+0300][82.017s][info][gc] GC(1315) Pause Young (Allocation Failure) 137M->136M(247M) 61.822ms
[2020-01-29T22:16:42.652+0300][82.024s][info][gc] GC(1316) Pause Young (Allocation Failure) 204M->204M(247M) 0.042ms
[2020-01-29T22:16:42.752+0300][82.123s][info][gc] GC(1317) Pause Full (Allocation Failure) 204M->70M(247M) 99.291ms
[2020-01-29T22:16:42.831+0300][82.204s][info][gc] GC(1318) Pause Young (Allocation Failure) 137M->136M(247M) 61.680ms
[2020-01-29T22:16:42.838+0300][82.210s][info][gc] GC(1319) Pause Young (Allocation Failure) 204M->204M(247M) 0.045ms
[2020-01-29T22:16:42.937+0300][82.309s][info][gc] GC(1320) Pause Full (Allocation Failure) 204M->70M(247M) 98.200ms
[2020-01-29T22:16:43.018+0300][82.389s][info][gc] GC(1321) Pause Young (Allocation Failure) 137M->136M(247M) 61.816ms
[2020-01-29T22:16:43.026+0300][82.397s][info][gc] GC(1322) Pause Young (Allocation Failure) 204M->204M(247M) 0.044ms
[2020-01-29T22:16:43.125+0300][82.496s][info][gc] GC(1323) Pause Full (Allocation Failure) 204M->70M(247M) 98.571ms
[2020-01-29T22:16:43.204+0300][82.577s][info][gc] GC(1324) Pause Young (Allocation Failure) 137M->136M(247M) 61.753ms
[2020-01-29T22:16:43.211+0300][82.583s][info][gc] GC(1325) Pause Young (Allocation Failure) 204M->204M(247M) 0.042ms
[2020-01-29T22:16:43.310+0300][82.682s][info][gc] GC(1326) Pause Full (Allocation Failure) 204M->70M(247M) 98.461ms
[2020-01-29T22:16:43.391+0300][82.762s][info][gc] GC(1327) Pause Young (Allocation Failure) 137M->136M(247M) 61.912ms
[2020-01-29T22:16:43.397+0300][82.769s][info][gc] GC(1328) Pause Young (Allocation Failure) 204M->204M(247M) 0.042ms
[2020-01-29T22:16:43.496+0300][82.868s][info][gc] GC(1329) Pause Full (Allocation Failure) 204M->70M(247M) 98.848ms
[2020-01-29T22:16:43.576+0300][82.948s][info][gc] GC(1330) Pause Young (Allocation Failure) 137M->136M(247M) 62.147ms
[2020-01-29T22:16:43.583+0300][82.955s][info][gc] GC(1331) Pause Young (Allocation Failure) 204M->204M(247M) 0.043ms
[2020-01-29T22:16:43.683+0300][83.054s][info][gc] GC(1332) Pause Full (Allocation Failure) 204M->70M(247M) 99.371ms
[2020-01-29T22:16:43.762+0300][83.135s][info][gc] GC(1333) Pause Young (Allocation Failure) 137M->136M(247M) 61.725ms
[2020-01-29T22:16:43.769+0300][83.141s][info][gc] GC(1334) Pause Young (Allocation Failure) 204M->204M(247M) 0.042ms
[2020-01-29T22:16:43.869+0300][83.241s][info][gc] GC(1335) Pause Full (Allocation Failure) 204M->70M(247M) 99.211ms
[2020-01-29T22:16:43.950+0300][83.322s][info][gc] GC(1336) Pause Young (Allocation Failure) 137M->136M(247M) 62.611ms
[2020-01-29T22:16:43.957+0300][83.329s][info][gc] GC(1337) Pause Young (Allocation Failure) 204M->204M(247M) 0.043ms
[2020-01-29T22:16:44.059+0300][83.430s][info][gc] GC(1338) Pause Full (Allocation Failure) 204M->70M(247M) 100.986ms
[2020-01-29T22:16:44.140+0300][83.512s][info][gc] GC(1339) Pause Young (Allocation Failure) 137M->136M(247M) 63.020ms
[2020-01-29T22:16:44.148+0300][83.519s][info][gc] GC(1340) Pause Young (Allocation Failure) 204M->204M(247M) 0.051ms
[2020-01-29T22:16:44.250+0300][83.621s][info][gc] GC(1341) Pause Full (Allocation Failure) 204M->70M(247M) 101.732ms
[2020-01-29T22:16:44.332+0300][83.705s][info][gc] GC(1342) Pause Young (Allocation Failure) 137M->136M(247M) 62.688ms
[2020-01-29T22:16:44.340+0300][83.712s][info][gc] GC(1343) Pause Young (Allocation Failure) 204M->204M(247M) 0.045ms
[2020-01-29T22:16:44.444+0300][83.816s][info][gc] GC(1344) Pause Full (Allocation Failure) 204M->70M(247M) 103.300ms
[2020-01-29T22:16:44.529+0300][83.901s][info][gc] GC(1345) Pause Young (Allocation Failure) 137M->136M(247M) 64.956ms
[2020-01-29T22:16:44.537+0300][83.909s][info][gc] GC(1346) Pause Young (Allocation Failure) 204M->204M(247M) 0.208ms
[2020-01-29T22:16:44.639+0300][84.010s][info][gc] GC(1347) Pause Full (Allocation Failure) 204M->70M(247M) 101.131ms
[2020-01-29T22:16:44.719+0300][84.091s][info][gc] GC(1348) Pause Young (Allocation Failure) 137M->136M(247M) 61.878ms
[2020-01-29T22:16:44.726+0300][84.098s][info][gc] GC(1349) Pause Young (Allocation Failure) 204M->204M(247M) 0.043ms
[2020-01-29T22:16:44.825+0300][84.197s][info][gc] GC(1350) Pause Full (Allocation Failure) 204M->70M(247M) 98.985ms
[2020-01-29T22:16:44.905+0300][84.277s][info][gc] GC(1351) Pause Young (Allocation Failure) 137M->136M(247M) 61.666ms
[2020-01-29T22:16:44.912+0300][84.284s][info][gc] GC(1352) Pause Young (Allocation Failure) 204M->204M(247M) 0.041ms
[2020-01-29T22:16:45.011+0300][84.382s][info][gc] GC(1353) Pause Full (Allocation Failure) 204M->70M(247M) 98.704ms
[2020-01-29T22:16:45.091+0300][84.463s][info][gc] GC(1354) Pause Young (Allocation Failure) 137M->136M(247M) 61.838ms
[2020-01-29T22:16:45.098+0300][84.470s][info][gc] GC(1355) Pause Young (Allocation Failure) 204M->204M(247M) 0.042ms
[2020-01-29T22:16:45.197+0300][84.569s][info][gc] GC(1356) Pause Full (Allocation Failure) 204M->70M(247M) 99.345ms
[2020-01-29T22:16:45.278+0300][84.649s][info][gc] GC(1357) Pause Young (Allocation Failure) 137M->136M(247M) 61.927ms
[2020-01-29T22:16:45.285+0300][84.656s][info][gc] GC(1358) Pause Young (Allocation Failure) 204M->204M(247M) 0.044ms
[2020-01-29T22:16:45.384+0300][84.755s][info][gc] GC(1359) Pause Full (Allocation Failure) 204M->70M(247M) 99.025ms
[2020-01-29T22:16:45.464+0300][84.836s][info][gc] GC(1360) Pause Young (Allocation Failure) 137M->136M(247M) 62.233ms
[2020-01-29T22:16:45.471+0300][84.843s][info][gc] GC(1361) Pause Young (Allocation Failure) 204M->204M(247M) 0.045ms
[2020-01-29T22:16:45.573+0300][84.944s][info][gc] GC(1362) Pause Full (Allocation Failure) 204M->70M(247M) 101.296ms
[2020-01-29T22:16:45.653+0300][85.025s][info][gc] GC(1363) Pause Young (Allocation Failure) 137M->136M(247M) 62.422ms
[2020-01-29T22:16:45.660+0300][85.032s][info][gc] GC(1364) Pause Young (Allocation Failure) 204M->204M(247M) 0.044ms
[2020-01-29T22:16:45.759+0300][85.131s][info][gc] GC(1365) Pause Full (Allocation Failure) 204M->70M(247M) 98.529ms
[2020-01-29T22:16:45.839+0300][85.211s][info][gc] GC(1366) Pause Young (Allocation Failure) 137M->136M(247M) 61.829ms
[2020-01-29T22:16:45.845+0300][85.218s][info][gc] GC(1367) Pause Young (Allocation Failure) 204M->204M(247M) 0.043ms
[2020-01-29T22:16:45.944+0300][85.316s][info][gc] GC(1368) Pause Full (Allocation Failure) 204M->70M(247M) 98.637ms
[2020-01-29T22:16:46.024+0300][85.396s][info][gc] GC(1369) Pause Young (Allocation Failure) 137M->136M(247M) 61.718ms
[2020-01-29T22:16:46.031+0300][85.403s][info][gc] GC(1370) Pause Young (Allocation Failure) 204M->204M(247M) 0.044ms
[2020-01-29T22:16:46.131+0300][85.502s][info][gc] GC(1371) Pause Full (Allocation Failure) 204M->70M(247M) 99.175ms
[2020-01-29T22:16:46.211+0300][85.583s][info][gc] GC(1372) Pause Young (Allocation Failure) 137M->136M(247M) 61.735ms
[2020-01-29T22:16:46.218+0300][85.589s][info][gc] GC(1373) Pause Young (Allocation Failure) 204M->204M(247M) 0.044ms
[2020-01-29T22:16:46.318+0300][85.689s][info][gc] GC(1374) Pause Full (Allocation Failure) 204M->70M(247M) 100.051ms
[2020-01-29T22:16:46.398+0300][85.770s][info][gc] GC(1375) Pause Young (Allocation Failure) 137M->136M(247M) 61.994ms
[2020-01-29T22:16:46.405+0300][85.777s][info][gc] GC(1376) Pause Young (Allocation Failure) 204M->204M(247M) 0.043ms
[2020-01-29T22:16:46.504+0300][85.876s][info][gc] GC(1377) Pause Full (Allocation Failure) 204M->70M(247M) 98.951ms
[2020-01-29T22:16:46.585+0300][85.956s][info][gc] GC(1378) Pause Young (Allocation Failure) 137M->136M(247M) 61.796ms
[2020-01-29T22:16:46.591+0300][85.963s][info][gc] GC(1379) Pause Young (Allocation Failure) 204M->204M(247M) 0.042ms
[2020-01-29T22:16:46.691+0300][86.062s][info][gc] GC(1380) Pause Full (Allocation Failure) 204M->70M(247M) 98.982ms
[2020-01-29T22:16:46.771+0300][86.143s][info][gc] GC(1381) Pause Young (Allocation Failure) 137M->136M(247M) 61.855ms
[2020-01-29T22:16:46.777+0300][86.149s][info][gc] GC(1382) Pause Young (Allocation Failure) 204M->204M(247M) 0.042ms
[2020-01-29T22:16:46.878+0300][86.249s][info][gc] GC(1383) Pause Full (Allocation Failure) 204M->70M(247M) 99.789ms
[2020-01-29T22:16:46.958+0300][86.330s][info][gc] GC(1384) Pause Young (Allocation Failure) 137M->136M(247M) 61.985ms
[2020-01-29T22:16:46.965+0300][86.337s][info][gc] GC(1385) Pause Young (Allocation Failure) 204M->204M(247M) 0.043ms
[2020-01-29T22:16:47.064+0300][86.436s][info][gc] GC(1386) Pause Full (Allocation Failure) 204M->70M(247M) 99.428ms
[2020-01-29T22:16:47.146+0300][86.517s][info][gc] GC(1387) Pause Young (Allocation Failure) 137M->136M(247M) 61.895ms
[2020-01-29T22:16:47.152+0300][86.524s][info][gc] GC(1388) Pause Young (Allocation Failure) 204M->204M(247M) 0.043ms
[2020-01-29T22:16:47.252+0300][86.623s][info][gc] GC(1389) Pause Full (Allocation Failure) 204M->70M(247M) 99.228ms
[2020-01-29T22:16:47.332+0300][86.704s][info][gc] GC(1390) Pause Young (Allocation Failure) 137M->136M(247M) 61.931ms
[2020-01-29T22:16:47.338+0300][86.711s][info][gc] GC(1391) Pause Young (Allocation Failure) 204M->204M(247M) 0.043ms
[2020-01-29T22:16:47.439+0300][86.811s][info][gc] GC(1392) Pause Full (Allocation Failure) 204M->70M(247M) 100.015ms
[2020-01-29T22:16:47.520+0300][86.891s][info][gc] GC(1393) Pause Young (Allocation Failure) 137M->136M(247M) 62.036ms
[2020-01-29T22:16:47.527+0300][86.899s][info][gc] GC(1394) Pause Young (Allocation Failure) 204M->204M(247M) 0.044ms
[2020-01-29T22:16:47.626+0300][86.997s][info][gc] GC(1395) Pause Full (Allocation Failure) 204M->70M(247M) 98.686ms
[2020-01-29T22:16:47.706+0300][87.078s][info][gc] GC(1396) Pause Young (Allocation Failure) 137M->136M(247M) 61.951ms
[2020-01-29T22:16:47.713+0300][87.085s][info][gc] GC(1397) Pause Young (Allocation Failure) 204M->204M(247M) 0.043ms
[2020-01-29T22:16:47.812+0300][87.184s][info][gc] GC(1398) Pause Full (Allocation Failure) 204M->70M(247M) 98.916ms
[2020-01-29T22:16:47.893+0300][87.265s][info][gc] GC(1399) Pause Young (Allocation Failure) 137M->136M(247M) 62.157ms
[2020-01-29T22:16:47.900+0300][87.271s][info][gc] GC(1400) Pause Young (Allocation Failure) 204M->204M(247M) 0.042ms
[2020-01-29T22:16:48.001+0300][87.373s][info][gc] GC(1401) Pause Full (Allocation Failure) 204M->70M(247M) 101.336ms
[2020-01-29T22:16:48.083+0300][87.455s][info][gc] GC(1402) Pause Young (Allocation Failure) 137M->136M(247M) 61.968ms
[2020-01-29T22:16:48.090+0300][87.462s][info][gc] GC(1403) Pause Young (Allocation Failure) 204M->204M(247M) 0.043ms
[2020-01-29T22:16:48.189+0300][87.561s][info][gc] GC(1404) Pause Full (Allocation Failure) 204M->70M(247M) 98.748ms
[2020-01-29T22:16:48.270+0300][87.642s][info][gc] GC(1405) Pause Young (Allocation Failure) 137M->136M(247M) 62.236ms
[2020-01-29T22:16:48.277+0300][87.649s][info][gc] GC(1406) Pause Young (Allocation Failure) 204M->204M(247M) 0.043ms
[2020-01-29T22:16:48.376+0300][87.748s][info][gc] GC(1407) Pause Full (Allocation Failure) 204M->70M(247M) 99.299ms
[2020-01-29T22:16:48.456+0300][87.828s][info][gc] GC(1408) Pause Young (Allocation Failure) 137M->136M(247M) 61.896ms
[2020-01-29T22:16:48.463+0300][87.835s][info][gc] GC(1409) Pause Young (Allocation Failure) 204M->204M(247M) 0.042ms
[2020-01-29T22:16:48.563+0300][87.934s][info][gc] GC(1410) Pause Full (Allocation Failure) 204M->70M(247M) 99.148ms
[2020-01-29T22:16:48.643+0300][88.015s][info][gc] GC(1411) Pause Young (Allocation Failure) 137M->136M(247M) 62.355ms
[2020-01-29T22:16:48.650+0300][88.022s][info][gc] GC(1412) Pause Young (Allocation Failure) 204M->204M(247M) 0.046ms
[2020-01-29T22:16:48.750+0300][88.122s][info][gc] GC(1413) Pause Full (Allocation Failure) 204M->70M(247M) 100.007ms
[2020-01-29T22:16:48.832+0300][88.204s][info][gc] GC(1414) Pause Young (Allocation Failure) 137M->136M(247M) 62.233ms
[2020-01-29T22:16:48.839+0300][88.211s][info][gc] GC(1415) Pause Young (Allocation Failure) 204M->204M(247M) 0.042ms
[2020-01-29T22:16:48.939+0300][88.310s][info][gc] GC(1416) Pause Full (Allocation Failure) 204M->70M(247M) 99.438ms
[2020-01-29T22:16:49.018+0300][88.390s][info][gc] GC(1417) Pause Young (Allocation Failure) 137M->136M(247M) 62.398ms
[2020-01-29T22:16:49.026+0300][88.398s][info][gc] GC(1418) Pause Young (Allocation Failure) 204M->204M(247M) 0.044ms
[2020-01-29T22:16:49.126+0300][88.498s][info][gc] GC(1419) Pause Full (Allocation Failure) 204M->70M(247M) 99.666ms
[2020-01-29T22:16:49.207+0300][88.578s][info][gc] GC(1420) Pause Young (Allocation Failure) 137M->136M(247M) 61.989ms
[2020-01-29T22:16:49.214+0300][88.586s][info][gc] GC(1421) Pause Young (Allocation Failure) 204M->204M(247M) 0.044ms
[2020-01-29T22:16:49.315+0300][88.687s][info][gc] GC(1422) Pause Full (Allocation Failure) 204M->70M(247M) 101.086ms
[2020-01-29T22:16:49.396+0300][88.769s][info][gc] GC(1423) Pause Young (Allocation Failure) 137M->136M(247M) 62.708ms
[2020-01-29T22:16:49.403+0300][88.775s][info][gc] GC(1424) Pause Young (Allocation Failure) 204M->204M(247M) 0.065ms
[2020-01-29T22:16:49.504+0300][88.876s][info][gc] GC(1425) Pause Full (Allocation Failure) 204M->70M(247M) 100.089ms
[2020-01-29T22:16:49.586+0300][88.958s][info][gc] GC(1426) Pause Young (Allocation Failure) 137M->136M(247M) 63.300ms
[2020-01-29T22:16:49.594+0300][88.966s][info][gc] GC(1427) Pause Young (Allocation Failure) 204M->204M(247M) 0.044ms
[2020-01-29T22:16:49.695+0300][89.067s][info][gc] GC(1428) Pause Full (Allocation Failure) 204M->70M(247M) 100.736ms
[2020-01-29T22:16:49.775+0300][89.147s][info][gc] GC(1429) Pause Young (Allocation Failure) 137M->136M(247M) 62.066ms
[2020-01-29T22:16:49.781+0300][89.154s][info][gc] GC(1430) Pause Young (Allocation Failure) 204M->204M(247M) 0.044ms
[2020-01-29T22:16:49.881+0300][89.253s][info][gc] GC(1431) Pause Full (Allocation Failure) 204M->70M(247M) 99.239ms
[2020-01-29T22:16:49.963+0300][89.335s][info][gc] GC(1432) Pause Young (Allocation Failure) 137M->136M(247M) 63.625ms
[2020-01-29T22:16:49.970+0300][89.342s][info][gc] GC(1433) Pause Young (Allocation Failure) 204M->204M(247M) 0.047ms
[2020-01-29T22:16:50.072+0300][89.444s][info][gc] GC(1434) Pause Full (Allocation Failure) 204M->70M(247M) 102.118ms
[2020-01-29T22:16:50.154+0300][89.526s][info][gc] GC(1435) Pause Young (Allocation Failure) 137M->136M(247M) 62.247ms
[2020-01-29T22:16:50.162+0300][89.534s][info][gc] GC(1436) Pause Young (Allocation Failure) 204M->204M(247M) 0.044ms
[2020-01-29T22:16:50.263+0300][89.635s][info][gc] GC(1437) Pause Full (Allocation Failure) 204M->70M(247M) 100.836ms
[2020-01-29T22:16:50.346+0300][89.718s][info][gc] GC(1438) Pause Young (Allocation Failure) 137M->136M(247M) 64.246ms
[2020-01-29T22:16:50.353+0300][89.725s][info][gc] GC(1439) Pause Young (Allocation Failure) 204M->204M(247M) 0.052ms
[2020-01-29T22:16:50.453+0300][89.825s][info][gc] GC(1440) Pause Full (Allocation Failure) 204M->70M(247M) 100.299ms
[2020-01-29T22:16:50.534+0300][89.906s][info][gc] GC(1441) Pause Young (Allocation Failure) 137M->136M(247M) 62.106ms
[2020-01-29T22:16:50.541+0300][89.913s][info][gc] GC(1442) Pause Young (Allocation Failure) 204M->204M(247M) 0.043ms
[2020-01-29T22:16:50.641+0300][90.013s][info][gc] GC(1443) Pause Full (Allocation Failure) 204M->70M(247M) 99.440ms
[2020-01-29T22:16:50.721+0300][90.093s][info][gc] GC(1444) Pause Young (Allocation Failure) 137M->136M(247M) 61.716ms
[2020-01-29T22:16:50.728+0300][90.100s][info][gc] GC(1445) Pause Young (Allocation Failure) 204M->204M(247M) 0.042ms
[2020-01-29T22:16:50.829+0300][90.200s][info][gc] GC(1446) Pause Full (Allocation Failure) 204M->70M(247M) 100.206ms
[2020-01-29T22:16:50.909+0300][90.281s][info][gc] GC(1447) Pause Young (Allocation Failure) 137M->136M(247M) 61.918ms
[2020-01-29T22:16:50.916+0300][90.288s][info][gc] GC(1448) Pause Young (Allocation Failure) 204M->204M(247M) 0.042ms
[2020-01-29T22:16:51.015+0300][90.387s][info][gc] GC(1449) Pause Full (Allocation Failure) 204M->70M(247M) 98.798ms
[2020-01-29T22:16:51.096+0300][90.468s][info][gc] GC(1450) Pause Young (Allocation Failure) 137M->136M(247M) 61.789ms
[2020-01-29T22:16:51.103+0300][90.475s][info][gc] GC(1451) Pause Young (Allocation Failure) 204M->204M(247M) 0.057ms
[2020-01-29T22:16:51.207+0300][90.579s][info][gc] GC(1452) Pause Full (Allocation Failure) 204M->70M(247M) 103.027ms
[2020-01-29T22:16:51.290+0300][90.661s][info][gc] GC(1453) Pause Young (Allocation Failure) 137M->136M(247M) 64.071ms
[2020-01-29T22:16:51.297+0300][90.668s][info][gc] GC(1454) Pause Young (Allocation Failure) 204M->204M(247M) 0.044ms
[2020-01-29T22:16:51.396+0300][90.767s][info][gc] GC(1455) Pause Full (Allocation Failure) 204M->70M(247M) 98.722ms
[2020-01-29T22:16:51.476+0300][90.848s][info][gc] GC(1456) Pause Young (Allocation Failure) 137M->136M(247M) 62.076ms
[2020-01-29T22:16:51.484+0300][90.856s][info][gc] GC(1457) Pause Young (Allocation Failure) 204M->204M(247M) 0.044ms
[2020-01-29T22:16:51.586+0300][90.958s][info][gc] GC(1458) Pause Full (Allocation Failure) 204M->70M(247M) 101.738ms
[2020-01-29T22:16:51.666+0300][91.038s][info][gc] GC(1459) Pause Young (Allocation Failure) 137M->136M(247M) 62.027ms
[2020-01-29T22:16:51.673+0300][91.045s][info][gc] GC(1460) Pause Young (Allocation Failure) 204M->204M(247M) 0.043ms
[2020-01-29T22:16:51.774+0300][91.146s][info][gc] GC(1461) Pause Full (Allocation Failure) 204M->70M(247M) 100.259ms
[2020-01-29T22:16:51.853+0300][91.226s][info][gc] GC(1462) Pause Young (Allocation Failure) 137M->136M(247M) 61.758ms
[2020-01-29T22:16:51.860+0300][91.232s][info][gc] GC(1463) Pause Young (Allocation Failure) 204M->204M(247M) 0.042ms
[2020-01-29T22:16:51.960+0300][91.332s][info][gc] GC(1464) Pause Full (Allocation Failure) 204M->70M(247M) 99.890ms
[2020-01-29T22:16:52.042+0300][91.414s][info][gc] GC(1465) Pause Young (Allocation Failure) 137M->136M(247M) 63.306ms
[2020-01-29T22:16:52.050+0300][91.422s][info][gc] GC(1466) Pause Young (Allocation Failure) 204M->204M(247M) 0.065ms
[2020-01-29T22:16:52.152+0300][91.524s][info][gc] GC(1467) Pause Full (Allocation Failure) 204M->70M(247M) 101.618ms
[2020-01-29T22:16:52.232+0300][91.605s][info][gc] GC(1468) Pause Young (Allocation Failure) 137M->136M(247M) 62.712ms
[2020-01-29T22:16:52.239+0300][91.611s][info][gc] GC(1469) Pause Young (Allocation Failure) 204M->204M(247M) 0.044ms
[2020-01-29T22:16:52.341+0300][91.713s][info][gc] GC(1470) Pause Full (Allocation Failure) 204M->70M(247M) 101.528ms
[2020-01-29T22:16:52.421+0300][91.793s][info][gc] GC(1471) Pause Young (Allocation Failure) 137M->136M(247M) 61.756ms
[2020-01-29T22:16:52.428+0300][91.800s][info][gc] GC(1472) Pause Young (Allocation Failure) 204M->204M(247M) 0.043ms
[2020-01-29T22:16:52.528+0300][91.899s][info][gc] GC(1473) Pause Full (Allocation Failure) 204M->70M(247M) 99.026ms
[2020-01-29T22:16:52.608+0300][91.980s][info][gc] GC(1474) Pause Young (Allocation Failure) 137M->136M(247M) 62.028ms
[2020-01-29T22:16:52.615+0300][91.987s][info][gc] GC(1475) Pause Young (Allocation Failure) 204M->204M(247M) 0.046ms
[2020-01-29T22:16:52.715+0300][92.087s][info][gc] GC(1476) Pause Full (Allocation Failure) 204M->70M(247M) 99.702ms
[2020-01-29T22:16:52.796+0300][92.168s][info][gc] GC(1477) Pause Young (Allocation Failure) 137M->136M(247M) 61.896ms
[2020-01-29T22:16:52.802+0300][92.175s][info][gc] GC(1478) Pause Young (Allocation Failure) 204M->204M(247M) 0.043ms
[2020-01-29T22:16:52.902+0300][92.274s][info][gc] GC(1479) Pause Full (Allocation Failure) 204M->70M(247M) 99.095ms
[2020-01-29T22:16:52.983+0300][92.354s][info][gc] GC(1480) Pause Young (Allocation Failure) 137M->136M(247M) 62.078ms
[2020-01-29T22:16:52.990+0300][92.362s][info][gc] GC(1481) Pause Young (Allocation Failure) 204M->204M(247M) 0.043ms
[2020-01-29T22:16:53.092+0300][92.463s][info][gc] GC(1482) Pause Full (Allocation Failure) 204M->70M(247M) 101.764ms
[2020-01-29T22:16:53.176+0300][92.548s][info][gc] GC(1483) Pause Young (Allocation Failure) 137M->136M(247M) 64.989ms
[2020-01-29T22:16:53.183+0300][92.555s][info][gc] GC(1484) Pause Young (Allocation Failure) 204M->204M(247M) 0.043ms
[2020-01-29T22:16:53.287+0300][92.658s][info][gc] GC(1485) Pause Full (Allocation Failure) 204M->70M(247M) 103.328ms
[2020-01-29T22:16:53.370+0300][92.742s][info][gc] GC(1486) Pause Young (Allocation Failure) 137M->136M(247M) 64.316ms
[2020-01-29T22:16:53.378+0300][92.750s][info][gc] GC(1487) Pause Young (Allocation Failure) 204M->204M(247M) 0.048ms
[2020-01-29T22:16:53.481+0300][92.852s][info][gc] GC(1488) Pause Full (Allocation Failure) 204M->70M(247M) 102.177ms
[2020-01-29T22:16:53.562+0300][92.934s][info][gc] GC(1489) Pause Young (Allocation Failure) 137M->136M(247M) 63.210ms
[2020-01-29T22:16:53.569+0300][92.941s][info][gc] GC(1490) Pause Young (Allocation Failure) 204M->204M(247M) 0.043ms
[2020-01-29T22:16:53.672+0300][93.044s][info][gc] GC(1491) Pause Full (Allocation Failure) 204M->70M(247M) 103.266ms
[2020-01-29T22:16:53.755+0300][93.127s][info][gc] GC(1492) Pause Young (Allocation Failure) 137M->136M(247M) 63.524ms
[2020-01-29T22:16:53.763+0300][93.135s][info][gc] GC(1493) Pause Young (Allocation Failure) 204M->204M(247M) 0.044ms
[2020-01-29T22:16:53.863+0300][93.235s][info][gc] GC(1494) Pause Full (Allocation Failure) 204M->70M(247M) 100.474ms
[2020-01-29T22:16:53.944+0300][93.316s][info][gc] GC(1495) Pause Young (Allocation Failure) 137M->136M(247M) 62.238ms
[2020-01-29T22:16:53.951+0300][93.323s][info][gc] GC(1496) Pause Young (Allocation Failure) 204M->204M(247M) 0.042ms
[2020-01-29T22:16:54.055+0300][93.427s][info][gc] GC(1497) Pause Full (Allocation Failure) 204M->70M(247M) 104.140ms
[2020-01-29T22:16:54.138+0300][93.510s][info][gc] GC(1498) Pause Young (Allocation Failure) 137M->136M(247M) 62.608ms
[2020-01-29T22:16:54.145+0300][93.517s][info][gc] GC(1499) Pause Young (Allocation Failure) 204M->204M(247M) 0.044ms
[2020-01-29T22:16:54.244+0300][93.616s][info][gc] GC(1500) Pause Full (Allocation Failure) 204M->70M(247M) 98.797ms
[2020-01-29T22:16:54.325+0300][93.696s][info][gc] GC(1501) Pause Young (Allocation Failure) 137M->136M(247M) 61.846ms
[2020-01-29T22:16:54.332+0300][93.703s][info][gc] GC(1502) Pause Young (Allocation Failure) 204M->204M(247M) 0.043ms
[2020-01-29T22:16:54.430+0300][93.803s][info][gc] GC(1503) Pause Full (Allocation Failure) 204M->70M(247M) 99.065ms
[2020-01-29T22:16:54.512+0300][93.884s][info][gc] GC(1504) Pause Young (Allocation Failure) 137M->136M(247M) 63.447ms
[2020-01-29T22:16:54.519+0300][93.891s][info][gc] GC(1505) Pause Young (Allocation Failure) 204M->204M(247M) 0.042ms
[2020-01-29T22:16:54.620+0300][93.992s][info][gc] GC(1506) Pause Full (Allocation Failure) 204M->70M(247M) 100.597ms
[2020-01-29T22:16:54.701+0300][94.072s][info][gc] GC(1507) Pause Young (Allocation Failure) 137M->136M(247M) 62.052ms
[2020-01-29T22:16:54.708+0300][94.079s][info][gc] GC(1508) Pause Young (Allocation Failure) 204M->204M(247M) 0.047ms
[2020-01-29T22:16:54.808+0300][94.180s][info][gc] GC(1509) Pause Full (Allocation Failure) 204M->70M(247M) 100.658ms
[2020-01-29T22:16:54.889+0300][94.261s][info][gc] GC(1510) Pause Young (Allocation Failure) 137M->136M(247M) 62.081ms
[2020-01-29T22:16:54.896+0300][94.268s][info][gc] GC(1511) Pause Young (Allocation Failure) 204M->204M(247M) 0.044ms
[2020-01-29T22:16:54.995+0300][94.367s][info][gc] GC(1512) Pause Full (Allocation Failure) 204M->70M(247M) 99.009ms
[2020-01-29T22:16:55.077+0300][94.449s][info][gc] GC(1513) Pause Young (Allocation Failure) 137M->136M(247M) 62.774ms
[2020-01-29T22:16:55.086+0300][94.457s][info][gc] GC(1514) Pause Young (Allocation Failure) 204M->204M(247M) 0.047ms
[2020-01-29T22:16:55.185+0300][94.557s][info][gc] GC(1515) Pause Full (Allocation Failure) 204M->70M(247M) 99.677ms
[2020-01-29T22:16:55.266+0300][94.638s][info][gc] GC(1516) Pause Young (Allocation Failure) 137M->136M(247M) 62.284ms
[2020-01-29T22:16:55.273+0300][94.645s][info][gc] GC(1517) Pause Young (Allocation Failure) 204M->204M(247M) 0.043ms
[2020-01-29T22:16:55.372+0300][94.744s][info][gc] GC(1518) Pause Full (Allocation Failure) 204M->70M(247M) 98.909ms
[2020-01-29T22:16:55.454+0300][94.825s][info][gc] GC(1519) Pause Young (Allocation Failure) 137M->136M(247M) 63.141ms
[2020-01-29T22:16:55.461+0300][94.833s][info][gc] GC(1520) Pause Young (Allocation Failure) 204M->204M(247M) 0.043ms
[2020-01-29T22:16:55.561+0300][94.934s][info][gc] GC(1521) Pause Full (Allocation Failure) 204M->70M(247M) 100.917ms
[2020-01-29T22:16:55.641+0300][95.014s][info][gc] GC(1522) Pause Young (Allocation Failure) 137M->136M(247M) 61.707ms
[2020-01-29T22:16:55.648+0300][95.020s][info][gc] GC(1523) Pause Young (Allocation Failure) 204M->204M(247M) 0.041ms
[2020-01-29T22:16:55.749+0300][95.120s][info][gc] GC(1524) Pause Full (Allocation Failure) 204M->70M(247M) 100.157ms
[2020-01-29T22:16:55.829+0300][95.201s][info][gc] GC(1525) Pause Young (Allocation Failure) 137M->136M(247M) 61.752ms
[2020-01-29T22:16:55.836+0300][95.208s][info][gc] GC(1526) Pause Young (Allocation Failure) 204M->204M(247M) 0.045ms
[2020-01-29T22:16:55.935+0300][95.307s][info][gc] GC(1527) Pause Full (Allocation Failure) 204M->70M(247M) 99.128ms
[2020-01-29T22:16:56.016+0300][95.388s][info][gc] GC(1528) Pause Young (Allocation Failure) 137M->136M(247M) 62.044ms
[2020-01-29T22:16:56.024+0300][95.396s][info][gc] GC(1529) Pause Young (Allocation Failure) 204M->204M(247M) 0.043ms
[2020-01-29T22:16:56.123+0300][95.495s][info][gc] GC(1530) Pause Full (Allocation Failure) 204M->70M(247M) 99.117ms
[2020-01-29T22:16:56.205+0300][95.576s][info][gc] GC(1531) Pause Young (Allocation Failure) 137M->136M(247M) 61.796ms
[2020-01-29T22:16:56.211+0300][95.583s][info][gc] GC(1532) Pause Young (Allocation Failure) 204M->204M(247M) 0.043ms
[2020-01-29T22:16:56.309+0300][95.684s][info][gc] GC(1533) Pause Full (Allocation Failure) 204M->70M(247M) 100.675ms
[2020-01-29T22:16:56.402+0300][95.775s][info][gc] GC(1534) Pause Young (Allocation Failure) 137M->136M(247M) 62.203ms
[2020-01-29T22:16:56.409+0300][95.782s][info][gc] GC(1535) Pause Young (Allocation Failure) 204M->204M(247M) 0.044ms
[2020-01-29T22:16:56.509+0300][95.883s][info][gc] GC(1536) Pause Full (Allocation Failure) 204M->70M(247M) 101.200ms
[2020-01-29T22:16:56.591+0300][95.963s][info][gc] GC(1537) Pause Young (Allocation Failure) 137M->136M(247M) 62.001ms
[2020-01-29T22:16:56.598+0300][95.971s][info][gc] GC(1538) Pause Young (Allocation Failure) 204M->204M(247M) 0.044ms
[2020-01-29T22:16:56.697+0300][96.070s][info][gc] GC(1539) Pause Full (Allocation Failure) 204M->70M(247M) 99.577ms
[2020-01-29T22:16:56.787+0300][96.160s][info][gc] GC(1540) Pause Young (Allocation Failure) 137M->136M(247M) 61.969ms
[2020-01-29T22:16:56.792+0300][96.167s][info][gc] GC(1541) Pause Young (Allocation Failure) 204M->204M(247M) 0.044ms
[2020-01-29T22:16:56.893+0300][96.267s][info][gc] GC(1542) Pause Full (Allocation Failure) 204M->70M(247M) 100.125ms
[2020-01-29T22:16:56.987+0300][96.360s][info][gc] GC(1543) Pause Young (Allocation Failure) 137M->136M(247M) 61.696ms
[2020-01-29T22:16:56.992+0300][96.367s][info][gc] GC(1544) Pause Young (Allocation Failure) 204M->204M(247M) 0.043ms
[2020-01-29T22:16:57.093+0300][96.465s][info][gc] GC(1545) Pause Full (Allocation Failure) 204M->70M(247M) 98.740ms
[2020-01-29T22:16:57.175+0300][96.547s][info][gc] GC(1546) Pause Young (Allocation Failure) 137M->136M(247M) 61.741ms
[2020-01-29T22:16:57.182+0300][96.554s][info][gc] GC(1547) Pause Young (Allocation Failure) 204M->204M(247M) 0.044ms
[2020-01-29T22:16:57.281+0300][96.653s][info][gc] GC(1548) Pause Full (Allocation Failure) 204M->70M(247M) 98.669ms
[2020-01-29T22:16:57.360+0300][96.733s][info][gc] GC(1549) Pause Young (Allocation Failure) 137M->136M(247M) 61.661ms
[2020-01-29T22:16:57.367+0300][96.739s][info][gc] GC(1550) Pause Young (Allocation Failure) 204M->204M(247M) 0.043ms
[2020-01-29T22:16:57.466+0300][96.838s][info][gc] GC(1551) Pause Full (Allocation Failure) 204M->70M(247M) 98.879ms
[2020-01-29T22:16:57.546+0300][96.918s][info][gc] GC(1552) Pause Young (Allocation Failure) 137M->136M(247M) 61.663ms
[2020-01-29T22:16:57.553+0300][96.925s][info][gc] GC(1553) Pause Young (Allocation Failure) 204M->204M(247M) 0.044ms
[2020-01-29T22:16:57.653+0300][97.024s][info][gc] GC(1554) Pause Full (Allocation Failure) 204M->70M(247M) 99.153ms
[2020-01-29T22:16:57.733+0300][97.105s][info][gc] GC(1555) Pause Young (Allocation Failure) 137M->136M(247M) 61.870ms
[2020-01-29T22:16:57.740+0300][97.112s][info][gc] GC(1556) Pause Young (Allocation Failure) 204M->204M(247M) 0.042ms
[2020-01-29T22:16:57.840+0300][97.212s][info][gc] GC(1557) Pause Full (Allocation Failure) 204M->70M(247M) 99.273ms
[2020-01-29T22:16:57.920+0300][97.292s][info][gc] GC(1558) Pause Young (Allocation Failure) 137M->136M(247M) 61.636ms
[2020-01-29T22:16:57.926+0300][97.298s][info][gc] GC(1559) Pause Young (Allocation Failure) 204M->204M(247M) 0.042ms
[2020-01-29T22:16:58.029+0300][97.401s][info][gc] GC(1560) Pause Full (Allocation Failure) 204M->70M(247M) 102.518ms
[2020-01-29T22:16:58.110+0300][97.482s][info][gc] GC(1561) Pause Young (Allocation Failure) 137M->136M(247M) 61.792ms
[2020-01-29T22:16:58.117+0300][97.489s][info][gc] GC(1562) Pause Young (Allocation Failure) 204M->204M(247M) 0.043ms
[2020-01-29T22:16:58.218+0300][97.590s][info][gc] GC(1563) Pause Full (Allocation Failure) 204M->70M(247M) 100.985ms
[2020-01-29T22:16:58.300+0300][97.671s][info][gc] GC(1564) Pause Young (Allocation Failure) 137M->136M(247M) 62.965ms
[2020-01-29T22:16:58.307+0300][97.679s][info][gc] GC(1565) Pause Young (Allocation Failure) 204M->204M(247M) 0.046ms
[2020-01-29T22:16:58.406+0300][97.778s][info][gc] GC(1566) Pause Full (Allocation Failure) 204M->70M(247M) 99.286ms
[2020-01-29T22:16:58.486+0300][97.858s][info][gc] GC(1567) Pause Young (Allocation Failure) 137M->136M(247M) 62.717ms
[2020-01-29T22:16:58.493+0300][97.865s][info][gc] GC(1568) Pause Young (Allocation Failure) 204M->204M(247M) 0.044ms
[2020-01-29T22:16:58.593+0300][97.965s][info][gc] GC(1569) Pause Full (Allocation Failure) 204M->70M(247M) 99.450ms
[2020-01-29T22:16:58.672+0300][98.044s][info][gc] GC(1570) Pause Young (Allocation Failure) 137M->136M(247M) 61.748ms
[2020-01-29T22:16:58.679+0300][98.051s][info][gc] GC(1571) Pause Young (Allocation Failure) 204M->204M(247M) 0.044ms
[2020-01-29T22:16:58.780+0300][98.151s][info][gc] GC(1572) Pause Full (Allocation Failure) 204M->70M(247M) 100.061ms
[2020-01-29T22:16:58.859+0300][98.231s][info][gc] GC(1573) Pause Young (Allocation Failure) 137M->136M(247M) 62.467ms
[2020-01-29T22:16:58.866+0300][98.238s][info][gc] GC(1574) Pause Young (Allocation Failure) 204M->204M(247M) 0.043ms
[2020-01-29T22:16:58.966+0300][98.338s][info][gc] GC(1575) Pause Full (Allocation Failure) 204M->70M(247M) 99.206ms
[2020-01-29T22:16:59.048+0300][98.419s][info][gc] GC(1576) Pause Young (Allocation Failure) 137M->136M(247M) 62.876ms
[2020-01-29T22:16:59.055+0300][98.427s][info][gc] GC(1577) Pause Young (Allocation Failure) 204M->204M(247M) 0.045ms
[2020-01-29T22:16:59.155+0300][98.527s][info][gc] GC(1578) Pause Full (Allocation Failure) 204M->70M(247M) 99.540ms
[2020-01-29T22:16:59.235+0300][98.608s][info][gc] GC(1579) Pause Young (Allocation Failure) 137M->136M(247M) 62.561ms
[2020-01-29T22:16:59.242+0300][98.615s][info][gc] GC(1580) Pause Young (Allocation Failure) 204M->204M(247M) 0.043ms
[2020-01-29T22:16:59.343+0300][98.715s][info][gc] GC(1581) Pause Full (Allocation Failure) 204M->70M(247M) 99.944ms
[2020-01-29T22:16:59.423+0300][98.794s][info][gc] GC(1582) Pause Young (Allocation Failure) 137M->136M(247M) 61.839ms
[2020-01-29T22:16:59.429+0300][98.801s][info][gc] GC(1583) Pause Young (Allocation Failure) 204M->204M(247M) 0.043ms
[2020-01-29T22:16:59.529+0300][98.901s][info][gc] GC(1584) Pause Full (Allocation Failure) 204M->70M(247M) 99.309ms
[2020-01-29T22:16:59.609+0300][98.981s][info][gc] GC(1585) Pause Young (Allocation Failure) 137M->136M(247M) 62.044ms
[2020-01-29T22:16:59.615+0300][98.988s][info][gc] GC(1586) Pause Young (Allocation Failure) 204M->204M(247M) 0.042ms
[2020-01-29T22:16:59.717+0300][99.089s][info][gc] GC(1587) Pause Full (Allocation Failure) 204M->70M(247M) 100.700ms
[2020-01-29T22:16:59.797+0300][99.169s][info][gc] GC(1588) Pause Young (Allocation Failure) 137M->136M(247M) 61.815ms
[2020-01-29T22:16:59.803+0300][99.176s][info][gc] GC(1589) Pause Young (Allocation Failure) 204M->204M(247M) 0.045ms
[2020-01-29T22:16:59.904+0300][99.276s][info][gc] GC(1590) Pause Full (Allocation Failure) 204M->70M(247M) 99.876ms
[2020-01-29T22:16:59.984+0300][99.355s][info][gc] GC(1591) Pause Young (Allocation Failure) 137M->136M(247M) 61.795ms
[2020-01-29T22:16:59.991+0300][99.362s][info][gc] GC(1592) Pause Young (Allocation Failure) 204M->204M(247M) 0.046ms
[2020-01-29T22:17:00.090+0300][99.462s][info][gc] GC(1593) Pause Full (Allocation Failure) 204M->70M(247M) 99.430ms
[2020-01-29T22:17:00.171+0300][99.543s][info][gc] GC(1594) Pause Young (Allocation Failure) 137M->136M(247M) 62.078ms
[2020-01-29T22:17:00.179+0300][99.550s][info][gc] GC(1595) Pause Young (Allocation Failure) 204M->204M(247M) 0.044ms
[2020-01-29T22:17:00.279+0300][99.651s][info][gc] GC(1596) Pause Full (Allocation Failure) 204M->70M(247M) 100.360ms
[2020-01-29T22:17:00.360+0300][99.732s][info][gc] GC(1597) Pause Young (Allocation Failure) 137M->136M(247M) 62.355ms
[2020-01-29T22:17:00.366+0300][99.739s][info][gc] GC(1598) Pause Young (Allocation Failure) 204M->204M(247M) 0.042ms
[2020-01-29T22:17:00.466+0300][99.838s][info][gc] GC(1599) Pause Full (Allocation Failure) 204M->70M(247M) 99.305ms
[2020-01-29T22:17:00.546+0300][99.918s][info][gc] GC(1600) Pause Young (Allocation Failure) 137M->136M(247M) 61.854ms
[2020-01-29T22:17:00.552+0300][99.925s][info][gc] GC(1601) Pause Young (Allocation Failure) 204M->204M(247M) 0.046ms
[2020-01-29T22:17:00.654+0300][100.026s][info][gc] GC(1602) Pause Full (Allocation Failure) 204M->70M(247M) 101.257ms
[2020-01-29T22:17:00.735+0300][100.107s][info][gc] GC(1603) Pause Young (Allocation Failure) 137M->136M(247M) 62.133ms
[2020-01-29T22:17:00.742+0300][100.114s][info][gc] GC(1604) Pause Young (Allocation Failure) 204M->204M(247M) 0.044ms
[2020-01-29T22:17:00.845+0300][100.216s][info][gc] GC(1605) Pause Full (Allocation Failure) 204M->70M(247M) 102.226ms
[2020-01-29T22:17:00.925+0300][100.297s][info][gc] GC(1606) Pause Young (Allocation Failure) 137M->136M(247M) 61.989ms
[2020-01-29T22:17:00.935+0300][100.307s][info][gc] GC(1607) Pause Young (Allocation Failure) 204M->204M(247M) 0.046ms
[2020-01-29T22:17:01.054+0300][100.426s][info][gc] GC(1608) Pause Full (Allocation Failure) 204M->70M(247M) 119.020ms
[2020-01-29T22:17:01.172+0300][100.544s][info][gc] GC(1609) Pause Young (Allocation Failure) 137M->136M(247M) 70.872ms
[2020-01-29T22:17:01.176+0300][100.552s][info][gc] GC(1610) Pause Young (Allocation Failure) 204M->204M(247M) 0.044ms
[2020-01-29T22:17:01.312+0300][100.686s][info][gc] GC(1611) Pause Full (Allocation Failure) 204M->70M(247M) 134.443ms
[2020-01-29T22:17:01.462+0300][100.838s][info][gc] GC(1612) Pause Young (Allocation Failure) 137M->136M(247M) 75.985ms
[2020-01-29T22:17:01.557+0300][100.933s][info][gc] GC(1613) Pause Young (Allocation Failure) 204M->204M(247M) 0.047ms
[2020-01-29T22:17:01.674+0300][101.046s][info][gc] GC(1614) Pause Full (Allocation Failure) 204M->70M(247M) 113.214ms
[2020-01-29T22:17:01.767+0300][101.142s][info][gc] GC(1615) Pause Young (Allocation Failure) 137M->136M(247M) 62.963ms
[2020-01-29T22:17:01.777+0300][101.150s][info][gc] GC(1616) Pause Young (Allocation Failure) 204M->204M(247M) 0.045ms
[2020-01-29T22:17:01.895+0300][101.267s][info][gc] GC(1617) Pause Full (Allocation Failure) 204M->70M(247M) 117.027ms
[2020-01-29T22:17:01.989+0300][101.363s][info][gc] GC(1618) Pause Young (Allocation Failure) 137M->136M(247M) 69.653ms
[2020-01-29T22:17:01.997+0300][101.370s][info][gc] GC(1619) Pause Young (Allocation Failure) 204M->204M(247M) 0.046ms
[2020-01-29T22:17:02.102+0300][101.474s][info][gc] GC(1620) Pause Full (Allocation Failure) 204M->70M(247M) 103.810ms
[2020-01-29T22:17:02.184+0300][101.556s][info][gc] GC(1621) Pause Young (Allocation Failure) 137M->136M(247M) 62.721ms
[2020-01-29T22:17:02.192+0300][101.563s][info][gc] GC(1622) Pause Young (Allocation Failure) 204M->204M(247M) 0.045ms
[2020-01-29T22:17:02.329+0300][101.701s][info][gc] GC(1623) Pause Full (Allocation Failure) 204M->70M(247M) 137.312ms
[2020-01-29T22:17:02.418+0300][101.790s][info][gc] GC(1624) Pause Young (Allocation Failure) 137M->136M(247M) 67.984ms
[2020-01-29T22:17:02.425+0300][101.797s][info][gc] GC(1625) Pause Young (Allocation Failure) 204M->204M(247M) 0.043ms
[2020-01-29T22:17:02.536+0300][101.908s][info][gc] GC(1626) Pause Full (Allocation Failure) 204M->70M(247M) 110.918ms
[2020-01-29T22:17:02.623+0300][101.995s][info][gc] GC(1627) Pause Young (Allocation Failure) 137M->136M(247M) 67.300ms
[2020-01-29T22:17:02.630+0300][102.002s][info][gc] GC(1628) Pause Young (Allocation Failure) 204M->204M(247M) 0.043ms
[2020-01-29T22:17:02.742+0300][102.114s][info][gc] GC(1629) Pause Full (Allocation Failure) 204M->70M(247M) 112.173ms
[2020-01-29T22:17:02.833+0300][102.205s][info][gc] GC(1630) Pause Young (Allocation Failure) 137M->136M(247M) 61.991ms
[2020-01-29T22:17:02.840+0300][102.212s][info][gc] GC(1631) Pause Young (Allocation Failure) 204M->204M(247M) 0.043ms
[2020-01-29T22:17:02.944+0300][102.316s][info][gc] GC(1632) Pause Full (Allocation Failure) 204M->70M(247M) 104.250ms
[2020-01-29T22:17:03.029+0300][102.401s][info][gc] GC(1633) Pause Young (Allocation Failure) 137M->136M(247M) 67.091ms
[2020-01-29T22:17:03.036+0300][102.408s][info][gc] GC(1634) Pause Young (Allocation Failure) 204M->204M(247M) 0.044ms
[2020-01-29T22:17:03.137+0300][102.508s][info][gc] GC(1635) Pause Full (Allocation Failure) 204M->70M(247M) 100.290ms
[2020-01-29T22:17:03.221+0300][102.592s][info][gc] GC(1636) Pause Young (Allocation Failure) 137M->136M(247M) 61.979ms
[2020-01-29T22:17:03.228+0300][102.599s][info][gc] GC(1637) Pause Young (Allocation Failure) 204M->204M(247M) 0.044ms
[2020-01-29T22:17:03.332+0300][102.704s][info][gc] GC(1638) Pause Full (Allocation Failure) 204M->70M(247M) 105.112ms
[2020-01-29T22:17:03.413+0300][102.785s][info][gc] GC(1639) Pause Young (Allocation Failure) 137M->136M(247M) 61.819ms
[2020-01-29T22:17:03.426+0300][102.797s][info][gc] GC(1640) Pause Young (Allocation Failure) 204M->204M(247M) 0.046ms
[2020-01-29T22:17:03.529+0300][102.901s][info][gc] GC(1641) Pause Full (Allocation Failure) 204M->70M(247M) 103.227ms
[2020-01-29T22:17:03.614+0300][102.986s][info][gc] GC(1642) Pause Young (Allocation Failure) 137M->136M(247M) 66.306ms
[2020-01-29T22:17:03.621+0300][102.993s][info][gc] GC(1643) Pause Young (Allocation Failure) 204M->204M(247M) 0.045ms
[2020-01-29T22:17:03.721+0300][103.093s][info][gc] GC(1644) Pause Full (Allocation Failure) 204M->70M(247M) 100.236ms
[2020-01-29T22:17:03.802+0300][103.174s][info][gc] GC(1645) Pause Young (Allocation Failure) 137M->136M(247M) 62.465ms
[2020-01-29T22:17:03.809+0300][103.181s][info][gc] GC(1646) Pause Young (Allocation Failure) 204M->204M(247M) 0.042ms
[2020-01-29T22:17:03.909+0300][103.281s][info][gc] GC(1647) Pause Full (Allocation Failure) 204M->70M(247M) 100.106ms
[2020-01-29T22:17:03.990+0300][103.361s][info][gc] GC(1648) Pause Young (Allocation Failure) 137M->136M(247M) 61.834ms
[2020-01-29T22:17:03.996+0300][103.368s][info][gc] GC(1649) Pause Young (Allocation Failure) 204M->204M(247M) 0.044ms
[2020-01-29T22:17:04.094+0300][103.467s][info][gc] GC(1650) Pause Full (Allocation Failure) 204M->70M(247M) 98.886ms
[2020-01-29T22:17:04.176+0300][103.548s][info][gc] GC(1651) Pause Young (Allocation Failure) 137M->136M(247M) 62.653ms
[2020-01-29T22:17:04.183+0300][103.555s][info][gc] GC(1652) Pause Young (Allocation Failure) 204M->204M(247M) 0.042ms
[2020-01-29T22:17:04.288+0300][103.660s][info][gc] GC(1653) Pause Full (Allocation Failure) 204M->70M(247M) 104.595ms
[2020-01-29T22:17:04.368+0300][103.740s][info][gc] GC(1654) Pause Young (Allocation Failure) 137M->136M(247M) 61.683ms
[2020-01-29T22:17:04.375+0300][103.747s][info][gc] GC(1655) Pause Young (Allocation Failure) 204M->204M(247M) 0.044ms
[2020-01-29T22:17:04.473+0300][103.845s][info][gc] GC(1656) Pause Full (Allocation Failure) 204M->70M(247M) 98.660ms
[2020-01-29T22:17:04.554+0300][103.925s][info][gc] GC(1657) Pause Young (Allocation Failure) 137M->136M(247M) 61.641ms
[2020-01-29T22:17:04.561+0300][103.932s][info][gc] GC(1658) Pause Young (Allocation Failure) 204M->204M(247M) 0.045ms
[2020-01-29T22:17:04.658+0300][104.031s][info][gc] GC(1659) Pause Full (Allocation Failure) 204M->70M(247M) 98.524ms
[2020-01-29T22:17:04.740+0300][104.111s][info][gc] GC(1660) Pause Young (Allocation Failure) 137M->136M(247M) 62.797ms
[2020-01-29T22:17:04.746+0300][104.118s][info][gc] GC(1661) Pause Young (Allocation Failure) 204M->204M(247M) 0.042ms
[2020-01-29T22:17:04.846+0300][104.218s][info][gc] GC(1662) Pause Full (Allocation Failure) 204M->70M(247M) 99.509ms
[2020-01-29T22:17:04.927+0300][104.298s][info][gc] GC(1663) Pause Young (Allocation Failure) 137M->136M(247M) 62.092ms
[2020-01-29T22:17:04.933+0300][104.305s][info][gc] GC(1664) Pause Young (Allocation Failure) 204M->204M(247M) 0.043ms
[2020-01-29T22:17:05.031+0300][104.404s][info][gc] GC(1665) Pause Full (Allocation Failure) 204M->70M(247M) 98.654ms
[2020-01-29T22:17:05.111+0300][104.483s][info][gc] GC(1666) Pause Young (Allocation Failure) 137M->136M(247M) 61.717ms
[2020-01-29T22:17:05.118+0300][104.490s][info][gc] GC(1667) Pause Young (Allocation Failure) 204M->204M(247M) 0.043ms
[2020-01-29T22:17:05.216+0300][104.589s][info][gc] GC(1668) Pause Full (Allocation Failure) 204M->70M(247M) 98.346ms
[2020-01-29T22:17:05.297+0300][104.669s][info][gc] GC(1669) Pause Young (Allocation Failure) 137M->136M(247M) 62.212ms
[2020-01-29T22:17:05.305+0300][104.676s][info][gc] GC(1670) Pause Young (Allocation Failure) 204M->204M(247M) 0.043ms
[2020-01-29T22:17:05.403+0300][104.775s][info][gc] GC(1671) Pause Full (Allocation Failure) 204M->70M(247M) 98.896ms
[2020-01-29T22:17:05.483+0300][104.855s][info][gc] GC(1672) Pause Young (Allocation Failure) 137M->136M(247M) 61.644ms
[2020-01-29T22:17:05.490+0300][104.862s][info][gc] GC(1673) Pause Young (Allocation Failure) 204M->204M(247M) 0.043ms
[2020-01-29T22:17:05.590+0300][104.962s][info][gc] GC(1674) Pause Full (Allocation Failure) 204M->70M(247M) 99.561ms
[2020-01-29T22:17:05.670+0300][105.042s][info][gc] GC(1675) Pause Young (Allocation Failure) 137M->136M(247M) 61.618ms
[2020-01-29T22:17:05.677+0300][105.048s][info][gc] GC(1676) Pause Young (Allocation Failure) 204M->204M(247M) 0.041ms
[2020-01-29T22:17:05.775+0300][105.147s][info][gc] GC(1677) Pause Full (Allocation Failure) 204M->70M(247M) 98.403ms
[2020-01-29T22:17:05.855+0300][105.227s][info][gc] GC(1678) Pause Young (Allocation Failure) 137M->136M(247M) 61.758ms
[2020-01-29T22:17:05.862+0300][105.234s][info][gc] GC(1679) Pause Young (Allocation Failure) 204M->204M(247M) 0.043ms
[2020-01-29T22:17:05.962+0300][105.333s][info][gc] GC(1680) Pause Full (Allocation Failure) 204M->70M(247M) 98.845ms
[2020-01-29T22:17:06.041+0300][105.413s][info][gc] GC(1681) Pause Young (Allocation Failure) 137M->136M(247M) 61.622ms
[2020-01-29T22:17:06.048+0300][105.420s][info][gc] GC(1682) Pause Young (Allocation Failure) 204M->204M(247M) 0.045ms
[2020-01-29T22:17:06.146+0300][105.519s][info][gc] GC(1683) Pause Full (Allocation Failure) 204M->70M(247M) 98.822ms
[2020-01-29T22:17:06.228+0300][105.599s][info][gc] GC(1684) Pause Young (Allocation Failure) 137M->136M(247M) 61.801ms
[2020-01-29T22:17:06.234+0300][105.606s][info][gc] GC(1685) Pause Young (Allocation Failure) 204M->204M(247M) 0.042ms
[2020-01-29T22:17:06.332+0300][105.704s][info][gc] GC(1686) Pause Full (Allocation Failure) 204M->70M(247M) 98.550ms
[2020-01-29T22:17:06.413+0300][105.785s][info][gc] GC(1687) Pause Young (Allocation Failure) 137M->136M(247M) 62.171ms
[2020-01-29T22:17:06.420+0300][105.792s][info][gc] GC(1688) Pause Young (Allocation Failure) 204M->204M(247M) 0.043ms
[2020-01-29T22:17:06.519+0300][105.890s][info][gc] GC(1689) Pause Full (Allocation Failure) 204M->70M(247M) 98.623ms
[2020-01-29T22:17:06.600+0300][105.971s][info][gc] GC(1690) Pause Young (Allocation Failure) 137M->136M(247M) 61.950ms
[2020-01-29T22:17:06.606+0300][105.978s][info][gc] GC(1691) Pause Young (Allocation Failure) 204M->204M(247M) 0.043ms
[2020-01-29T22:17:06.705+0300][106.077s][info][gc] GC(1692) Pause Full (Allocation Failure) 204M->70M(247M) 98.878ms
[2020-01-29T22:17:06.785+0300][106.157s][info][gc] GC(1693) Pause Young (Allocation Failure) 137M->136M(247M) 61.705ms
[2020-01-29T22:17:06.792+0300][106.164s][info][gc] GC(1694) Pause Young (Allocation Failure) 204M->204M(247M) 0.041ms
[2020-01-29T22:17:06.890+0300][106.262s][info][gc] GC(1695) Pause Full (Allocation Failure) 204M->70M(247M) 98.444ms
[2020-01-29T22:17:06.971+0300][106.343s][info][gc] GC(1696) Pause Young (Allocation Failure) 137M->136M(247M) 62.196ms
[2020-01-29T22:17:06.978+0300][106.350s][info][gc] GC(1697) Pause Young (Allocation Failure) 204M->204M(247M) 0.045ms
[2020-01-29T22:17:07.077+0300][106.449s][info][gc] GC(1698) Pause Full (Allocation Failure) 204M->70M(247M) 99.287ms
[2020-01-29T22:17:07.159+0300][106.530s][info][gc] GC(1699) Pause Young (Allocation Failure) 137M->136M(247M) 61.807ms
[2020-01-29T22:17:07.166+0300][106.537s][info][gc] GC(1700) Pause Young (Allocation Failure) 204M->204M(247M) 0.042ms
[2020-01-29T22:17:07.265+0300][106.637s][info][gc] GC(1701) Pause Full (Allocation Failure) 204M->70M(247M) 99.566ms
[2020-01-29T22:17:07.346+0300][106.718s][info][gc] GC(1702) Pause Young (Allocation Failure) 137M->136M(247M) 61.898ms
[2020-01-29T22:17:07.352+0300][106.724s][info][gc] GC(1703) Pause Young (Allocation Failure) 204M->204M(247M) 0.046ms
[2020-01-29T22:17:07.452+0300][106.824s][info][gc] GC(1704) Pause Full (Allocation Failure) 204M->70M(247M) 99.303ms
[2020-01-29T22:17:07.533+0300][106.904s][info][gc] GC(1705) Pause Young (Allocation Failure) 137M->136M(247M) 61.792ms
[2020-01-29T22:17:07.540+0300][106.911s][info][gc] GC(1706) Pause Young (Allocation Failure) 204M->204M(247M) 0.043ms
[2020-01-29T22:17:07.638+0300][107.010s][info][gc] GC(1707) Pause Full (Allocation Failure) 204M->70M(247M) 98.924ms
[2020-01-29T22:17:07.718+0300][107.091s][info][gc] GC(1708) Pause Young (Allocation Failure) 137M->136M(247M) 61.771ms
[2020-01-29T22:17:07.726+0300][107.098s][info][gc] GC(1709) Pause Young (Allocation Failure) 204M->204M(247M) 0.043ms
[2020-01-29T22:17:07.825+0300][107.197s][info][gc] GC(1710) Pause Full (Allocation Failure) 204M->70M(247M) 99.217ms
[2020-01-29T22:17:07.906+0300][107.277s][info][gc] GC(1711) Pause Young (Allocation Failure) 137M->136M(247M) 61.895ms
[2020-01-29T22:17:07.913+0300][107.284s][info][gc] GC(1712) Pause Young (Allocation Failure) 204M->204M(247M) 0.047ms
[2020-01-29T22:17:08.011+0300][107.384s][info][gc] GC(1713) Pause Full (Allocation Failure) 204M->70M(247M) 99.656ms
[2020-01-29T22:17:08.092+0300][107.464s][info][gc] GC(1714) Pause Young (Allocation Failure) 137M->136M(247M) 61.862ms
[2020-01-29T22:17:08.099+0300][107.471s][info][gc] GC(1715) Pause Young (Allocation Failure) 204M->204M(247M) 0.044ms
[2020-01-29T22:17:08.201+0300][107.572s][info][gc] GC(1716) Pause Full (Allocation Failure) 204M->70M(247M) 100.724ms
[2020-01-29T22:17:08.282+0300][107.653s][info][gc] GC(1717) Pause Young (Allocation Failure) 137M->136M(247M) 61.991ms
[2020-01-29T22:17:08.289+0300][107.660s][info][gc] GC(1718) Pause Young (Allocation Failure) 204M->204M(247M) 0.043ms
[2020-01-29T22:17:08.387+0300][107.759s][info][gc] GC(1719) Pause Full (Allocation Failure) 204M->70M(247M) 98.999ms
[2020-01-29T22:17:08.468+0300][107.839s][info][gc] GC(1720) Pause Young (Allocation Failure) 137M->136M(247M) 61.970ms
[2020-01-29T22:17:08.474+0300][107.846s][info][gc] GC(1721) Pause Young (Allocation Failure) 204M->204M(247M) 0.042ms
[2020-01-29T22:17:08.573+0300][107.946s][info][gc] GC(1722) Pause Full (Allocation Failure) 204M->70M(247M) 99.628ms
[2020-01-29T22:17:08.654+0300][108.026s][info][gc] GC(1723) Pause Young (Allocation Failure) 137M->136M(247M) 61.780ms
[2020-01-29T22:17:08.661+0300][108.033s][info][gc] GC(1724) Pause Young (Allocation Failure) 204M->204M(247M) 0.043ms
[2020-01-29T22:17:08.760+0300][108.132s][info][gc] GC(1725) Pause Full (Allocation Failure) 204M->70M(247M) 99.694ms
[2020-01-29T22:17:08.840+0300][108.212s][info][gc] GC(1726) Pause Young (Allocation Failure) 137M->136M(247M) 61.686ms
[2020-01-29T22:17:08.847+0300][108.219s][info][gc] GC(1727) Pause Young (Allocation Failure) 204M->204M(247M) 0.043ms
[2020-01-29T22:17:08.946+0300][108.318s][info][gc] GC(1728) Pause Full (Allocation Failure) 204M->70M(247M) 98.663ms
[2020-01-29T22:17:09.026+0300][108.398s][info][gc] GC(1729) Pause Young (Allocation Failure) 137M->136M(247M) 61.682ms
[2020-01-29T22:17:09.033+0300][108.405s][info][gc] GC(1730) Pause Young (Allocation Failure) 204M->204M(247M) 0.042ms
[2020-01-29T22:17:09.132+0300][108.504s][info][gc] GC(1731) Pause Full (Allocation Failure) 204M->70M(247M) 99.090ms
[2020-01-29T22:17:09.214+0300][108.586s][info][gc] GC(1732) Pause Young (Allocation Failure) 137M->136M(247M) 62.844ms
[2020-01-29T22:17:09.221+0300][108.593s][info][gc] GC(1733) Pause Young (Allocation Failure) 204M->204M(247M) 0.043ms
[2020-01-29T22:17:09.320+0300][108.691s][info][gc] GC(1734) Pause Full (Allocation Failure) 204M->70M(247M) 98.796ms
[2020-01-29T22:17:09.401+0300][108.772s][info][gc] GC(1735) Pause Young (Allocation Failure) 137M->136M(247M) 61.888ms
[2020-01-29T22:17:09.407+0300][108.779s][info][gc] GC(1736) Pause Young (Allocation Failure) 204M->204M(247M) 0.042ms
[2020-01-29T22:17:09.515+0300][108.887s][info][gc] GC(1737) Pause Full (Allocation Failure) 204M->70M(247M) 108.350ms
[2020-01-29T22:17:09.596+0300][108.968s][info][gc] GC(1738) Pause Young (Allocation Failure) 137M->136M(247M) 61.888ms
[2020-01-29T22:17:09.603+0300][108.974s][info][gc] GC(1739) Pause Young (Allocation Failure) 204M->204M(247M) 0.042ms
[2020-01-29T22:17:09.701+0300][109.073s][info][gc] GC(1740) Pause Full (Allocation Failure) 204M->70M(247M) 98.781ms
[2020-01-29T22:17:09.782+0300][109.154s][info][gc] GC(1741) Pause Young (Allocation Failure) 137M->136M(247M) 61.880ms
[2020-01-29T22:17:09.789+0300][109.161s][info][gc] GC(1742) Pause Young (Allocation Failure) 204M->204M(247M) 0.044ms
[2020-01-29T22:17:09.889+0300][109.260s][info][gc] GC(1743) Pause Full (Allocation Failure) 204M->70M(247M) 99.553ms
[2020-01-29T22:17:09.970+0300][109.342s][info][gc] GC(1744) Pause Young (Allocation Failure) 137M->136M(247M) 62.359ms
[2020-01-29T22:17:09.977+0300][109.349s][info][gc] GC(1745) Pause Young (Allocation Failure) 204M->204M(247M) 0.043ms
[2020-01-29T22:17:10.076+0300][109.448s][info][gc] GC(1746) Pause Full (Allocation Failure) 204M->70M(247M) 99.506ms
[2020-01-29T22:17:10.158+0300][109.529s][info][gc] GC(1747) Pause Young (Allocation Failure) 137M->136M(247M) 61.831ms
[2020-01-29T22:17:10.164+0300][109.536s][info][gc] GC(1748) Pause Young (Allocation Failure) 204M->204M(247M) 0.045ms
[2020-01-29T22:17:10.264+0300][109.636s][info][gc] GC(1749) Pause Full (Allocation Failure) 204M->70M(247M) 99.897ms
[2020-01-29T22:17:10.344+0300][109.716s][info][gc] GC(1750) Pause Young (Allocation Failure) 137M->136M(247M) 61.809ms
[2020-01-29T22:17:10.351+0300][109.723s][info][gc] GC(1751) Pause Young (Allocation Failure) 204M->204M(247M) 0.044ms
[2020-01-29T22:17:10.450+0300][109.822s][info][gc] GC(1752) Pause Full (Allocation Failure) 204M->70M(247M) 99.505ms
[2020-01-29T22:17:10.531+0300][109.903s][info][gc] GC(1753) Pause Young (Allocation Failure) 137M->136M(247M) 62.295ms
[2020-01-29T22:17:10.538+0300][109.910s][info][gc] GC(1754) Pause Young (Allocation Failure) 204M->204M(247M) 0.043ms
[2020-01-29T22:17:10.637+0300][110.009s][info][gc] GC(1755) Pause Full (Allocation Failure) 204M->70M(247M) 98.900ms
[2020-01-29T22:17:10.718+0300][110.089s][info][gc] GC(1756) Pause Young (Allocation Failure) 137M->136M(247M) 62.010ms
[2020-01-29T22:17:10.725+0300][110.097s][info][gc] GC(1757) Pause Young (Allocation Failure) 204M->204M(247M) 0.044ms
[2020-01-29T22:17:10.825+0300][110.198s][info][gc] GC(1758) Pause Full (Allocation Failure) 204M->70M(247M) 100.882ms
[2020-01-29T22:17:10.906+0300][110.278s][info][gc] GC(1759) Pause Young (Allocation Failure) 137M->136M(247M) 61.883ms
[2020-01-29T22:17:10.913+0300][110.285s][info][gc] GC(1760) Pause Young (Allocation Failure) 204M->204M(247M) 0.044ms
[2020-01-29T22:17:11.012+0300][110.384s][info][gc] GC(1761) Pause Full (Allocation Failure) 204M->70M(247M) 98.795ms
[2020-01-29T22:17:11.093+0300][110.464s][info][gc] GC(1762) Pause Young (Allocation Failure) 137M->136M(247M) 62.010ms
[2020-01-29T22:17:11.101+0300][110.472s][info][gc] GC(1763) Pause Young (Allocation Failure) 204M->204M(247M) 0.045ms
[2020-01-29T22:17:11.199+0300][110.571s][info][gc] GC(1764) Pause Full (Allocation Failure) 204M->70M(247M) 99.280ms
[2020-01-29T22:17:11.280+0300][110.652s][info][gc] GC(1765) Pause Young (Allocation Failure) 137M->136M(247M) 62.162ms
[2020-01-29T22:17:11.287+0300][110.659s][info][gc] GC(1766) Pause Young (Allocation Failure) 204M->204M(247M) 0.044ms
[2020-01-29T22:17:11.387+0300][110.759s][info][gc] GC(1767) Pause Full (Allocation Failure) 204M->70M(247M) 100.043ms
[2020-01-29T22:17:11.468+0300][110.839s][info][gc] GC(1768) Pause Young (Allocation Failure) 137M->136M(247M) 61.794ms
[2020-01-29T22:17:11.475+0300][110.846s][info][gc] GC(1769) Pause Young (Allocation Failure) 204M->204M(247M) 0.044ms
[2020-01-29T22:17:11.573+0300][110.945s][info][gc] GC(1770) Pause Full (Allocation Failure) 204M->70M(247M) 98.672ms
[2020-01-29T22:17:11.653+0300][111.025s][info][gc] GC(1771) Pause Young (Allocation Failure) 137M->136M(247M) 62.053ms
[2020-01-29T22:17:11.659+0300][111.032s][info][gc] GC(1772) Pause Young (Allocation Failure) 204M->204M(247M) 0.042ms
[2020-01-29T22:17:11.760+0300][111.131s][info][gc] GC(1773) Pause Full (Allocation Failure) 204M->70M(247M) 99.826ms
[2020-01-29T22:17:11.840+0300][111.212s][info][gc] GC(1774) Pause Young (Allocation Failure) 137M->136M(247M) 61.688ms
[2020-01-29T22:17:11.847+0300][111.219s][info][gc] GC(1775) Pause Young (Allocation Failure) 204M->204M(247M) 0.044ms
[2020-01-29T22:17:11.951+0300][111.323s][info][gc] GC(1776) Pause Full (Allocation Failure) 204M->70M(247M) 104.068ms
[2020-01-29T22:17:12.032+0300][111.404s][info][gc] GC(1777) Pause Young (Allocation Failure) 137M->136M(247M) 62.169ms
[2020-01-29T22:17:12.039+0300][111.412s][info][gc] GC(1778) Pause Young (Allocation Failure) 204M->204M(247M) 0.045ms
[2020-01-29T22:17:12.140+0300][111.512s][info][gc] GC(1779) Pause Full (Allocation Failure) 204M->70M(247M) 100.748ms
[2020-01-29T22:17:12.226+0300][111.597s][info][gc] GC(1780) Pause Young (Allocation Failure) 137M->136M(247M) 64.508ms
[2020-01-29T22:17:12.237+0300][111.608s][info][gc] GC(1781) Pause Young (Allocation Failure) 204M->204M(247M) 0.046ms
[2020-01-29T22:17:12.342+0300][111.714s][info][gc] GC(1782) Pause Full (Allocation Failure) 204M->70M(247M) 105.915ms
[2020-01-29T22:17:12.446+0300][111.818s][info][gc] GC(1783) Pause Young (Allocation Failure) 137M->136M(247M) 65.215ms
[2020-01-29T22:17:12.456+0300][111.828s][info][gc] GC(1784) Pause Young (Allocation Failure) 204M->204M(247M) 0.046ms
[2020-01-29T22:17:12.567+0300][111.939s][info][gc] GC(1785) Pause Full (Allocation Failure) 204M->70M(247M) 111.060ms
[2020-01-29T22:17:12.650+0300][112.022s][info][gc] GC(1786) Pause Young (Allocation Failure) 137M->136M(247M) 62.876ms
[2020-01-29T22:17:12.658+0300][112.030s][info][gc] GC(1787) Pause Young (Allocation Failure) 204M->204M(247M) 0.047ms
[2020-01-29T22:17:12.760+0300][112.132s][info][gc] GC(1788) Pause Full (Allocation Failure) 204M->70M(247M) 102.456ms
[2020-01-29T22:17:12.841+0300][112.213s][info][gc] GC(1789) Pause Young (Allocation Failure) 137M->136M(247M) 61.867ms
[2020-01-29T22:17:12.847+0300][112.219s][info][gc] GC(1790) Pause Young (Allocation Failure) 204M->204M(247M) 0.042ms
[2020-01-29T22:17:12.946+0300][112.318s][info][gc] GC(1791) Pause Full (Allocation Failure) 204M->70M(247M) 98.845ms
[2020-01-29T22:17:13.026+0300][112.398s][info][gc] GC(1792) Pause Young (Allocation Failure) 137M->136M(247M) 61.701ms
[2020-01-29T22:17:13.033+0300][112.405s][info][gc] GC(1793) Pause Young (Allocation Failure) 204M->204M(247M) 0.041ms
[2020-01-29T22:17:13.131+0300][112.504s][info][gc] GC(1794) Pause Full (Allocation Failure) 204M->70M(247M) 98.981ms
[2020-01-29T22:17:13.212+0300][112.584s][info][gc] GC(1795) Pause Young (Allocation Failure) 137M->136M(247M) 61.754ms
[2020-01-29T22:17:13.219+0300][112.591s][info][gc] GC(1796) Pause Young (Allocation Failure) 204M->204M(247M) 0.044ms
[2020-01-29T22:17:13.319+0300][112.690s][info][gc] GC(1797) Pause Full (Allocation Failure) 204M->70M(247M) 99.130ms
[2020-01-29T22:17:13.400+0300][112.771s][info][gc] GC(1798) Pause Young (Allocation Failure) 137M->136M(247M) 61.831ms
[2020-01-29T22:17:13.407+0300][112.778s][info][gc] GC(1799) Pause Young (Allocation Failure) 204M->204M(247M) 0.043ms
[2020-01-29T22:17:13.506+0300][112.878s][info][gc] GC(1800) Pause Full (Allocation Failure) 204M->70M(247M) 99.595ms
[2020-01-29T22:17:13.587+0300][112.958s][info][gc] GC(1801) Pause Young (Allocation Failure) 137M->136M(247M) 61.887ms
[2020-01-29T22:17:13.593+0300][112.965s][info][gc] GC(1802) Pause Young (Allocation Failure) 204M->204M(247M) 0.044ms
[2020-01-29T22:17:13.692+0300][113.064s][info][gc] GC(1803) Pause Full (Allocation Failure) 204M->70M(247M) 98.947ms
[2020-01-29T22:17:13.772+0300][113.144s][info][gc] GC(1804) Pause Young (Allocation Failure) 137M->136M(247M) 61.619ms
[2020-01-29T22:17:13.779+0300][113.151s][info][gc] GC(1805) Pause Young (Allocation Failure) 204M->204M(247M) 0.041ms
[2020-01-29T22:17:13.878+0300][113.249s][info][gc] GC(1806) Pause Full (Allocation Failure) 204M->70M(247M) 98.422ms
[2020-01-29T22:17:13.959+0300][113.330s][info][gc] GC(1807) Pause Young (Allocation Failure) 137M->136M(247M) 61.778ms
[2020-01-29T22:17:13.965+0300][113.337s][info][gc] GC(1808) Pause Young (Allocation Failure) 204M->204M(247M) 0.045ms
[2020-01-29T22:17:14.064+0300][113.436s][info][gc] GC(1809) Pause Full (Allocation Failure) 204M->70M(247M) 99.555ms
[2020-01-29T22:17:14.147+0300][113.518s][info][gc] GC(1810) Pause Young (Allocation Failure) 137M->136M(247M) 62.330ms
[2020-01-29T22:17:14.156+0300][113.527s][info][gc] GC(1811) Pause Young (Allocation Failure) 204M->204M(247M) 0.059ms
[2020-01-29T22:17:14.269+0300][113.640s][info][gc] GC(1812) Pause Full (Allocation Failure) 204M->70M(247M) 113.326ms
[2020-01-29T22:17:14.350+0300][113.721s][info][gc] GC(1813) Pause Young (Allocation Failure) 137M->136M(247M) 61.851ms
[2020-01-29T22:17:14.356+0300][113.728s][info][gc] GC(1814) Pause Young (Allocation Failure) 204M->204M(247M) 0.043ms
[2020-01-29T22:17:14.454+0300][113.827s][info][gc] GC(1815) Pause Full (Allocation Failure) 204M->70M(247M) 98.838ms
[2020-01-29T22:17:14.534+0300][113.906s][info][gc] GC(1816) Pause Young (Allocation Failure) 137M->136M(247M) 61.731ms
[2020-01-29T22:17:14.542+0300][113.913s][info][gc] GC(1817) Pause Young (Allocation Failure) 204M->204M(247M) 0.045ms
[2020-01-29T22:17:14.641+0300][114.012s][info][gc] GC(1818) Pause Full (Allocation Failure) 204M->70M(247M) 98.817ms
[2020-01-29T22:17:14.720+0300][114.092s][info][gc] GC(1819) Pause Young (Allocation Failure) 137M->136M(247M) 61.702ms
[2020-01-29T22:17:14.727+0300][114.099s][info][gc] GC(1820) Pause Young (Allocation Failure) 204M->204M(247M) 0.043ms
[2020-01-29T22:17:14.825+0300][114.197s][info][gc] GC(1821) Pause Full (Allocation Failure) 204M->70M(247M) 98.717ms
[2020-01-29T22:17:14.905+0300][114.277s][info][gc] GC(1822) Pause Young (Allocation Failure) 137M->136M(247M) 61.669ms
[2020-01-29T22:17:14.912+0300][114.284s][info][gc] GC(1823) Pause Young (Allocation Failure) 204M->204M(247M) 0.041ms
[2020-01-29T22:17:15.011+0300][114.383s][info][gc] GC(1824) Pause Full (Allocation Failure) 204M->70M(247M) 98.762ms
[2020-01-29T22:17:15.091+0300][114.463s][info][gc] GC(1825) Pause Young (Allocation Failure) 137M->136M(247M) 61.758ms
[2020-01-29T22:17:15.099+0300][114.470s][info][gc] GC(1826) Pause Young (Allocation Failure) 204M->204M(247M) 0.045ms
[2020-01-29T22:17:15.198+0300][114.570s][info][gc] GC(1827) Pause Full (Allocation Failure) 204M->70M(247M) 99.276ms
[2020-01-29T22:17:15.279+0300][114.651s][info][gc] GC(1828) Pause Young (Allocation Failure) 137M->136M(247M) 61.833ms
[2020-01-29T22:17:15.285+0300][114.657s][info][gc] GC(1829) Pause Young (Allocation Failure) 204M->204M(247M) 0.042ms
[2020-01-29T22:17:15.385+0300][114.756s][info][gc] GC(1830) Pause Full (Allocation Failure) 204M->70M(247M) 99.174ms
[2020-01-29T22:17:15.465+0300][114.837s][info][gc] GC(1831) Pause Young (Allocation Failure) 137M->136M(247M) 61.633ms
[2020-01-29T22:17:15.472+0300][114.843s][info][gc] GC(1832) Pause Young (Allocation Failure) 204M->204M(247M) 0.041ms
[2020-01-29T22:17:15.570+0300][114.942s][info][gc] GC(1833) Pause Full (Allocation Failure) 204M->70M(247M) 98.653ms
[2020-01-29T22:17:15.650+0300][115.022s][info][gc] GC(1834) Pause Young (Allocation Failure) 137M->136M(247M) 61.743ms
[2020-01-29T22:17:15.657+0300][115.029s][info][gc] GC(1835) Pause Young (Allocation Failure) 204M->204M(247M) 0.045ms
[2020-01-29T22:17:15.756+0300][115.128s][info][gc] GC(1836) Pause Full (Allocation Failure) 204M->70M(247M) 98.809ms
[2020-01-29T22:17:15.836+0300][115.207s][info][gc] GC(1837) Pause Young (Allocation Failure) 137M->136M(247M) 61.685ms
[2020-01-29T22:17:15.843+0300][115.214s][info][gc] GC(1838) Pause Young (Allocation Failure) 204M->204M(247M) 0.044ms
[2020-01-29T22:17:15.941+0300][115.313s][info][gc] GC(1839) Pause Full (Allocation Failure) 204M->70M(247M) 99.008ms
[2020-01-29T22:17:16.021+0300][115.393s][info][gc] GC(1840) Pause Young (Allocation Failure) 137M->136M(247M) 61.641ms
[2020-01-29T22:17:16.028+0300][115.400s][info][gc] GC(1841) Pause Young (Allocation Failure) 204M->204M(247M) 0.042ms
[2020-01-29T22:17:16.126+0300][115.498s][info][gc] GC(1842) Pause Full (Allocation Failure) 204M->70M(247M) 98.649ms
[2020-01-29T22:17:16.207+0300][115.579s][info][gc] GC(1843) Pause Young (Allocation Failure) 137M->136M(247M) 61.698ms
[2020-01-29T22:17:16.214+0300][115.586s][info][gc] GC(1844) Pause Young (Allocation Failure) 204M->204M(247M) 0.044ms
[2020-01-29T22:17:16.314+0300][115.685s][info][gc] GC(1845) Pause Full (Allocation Failure) 204M->70M(247M) 98.976ms
[2020-01-29T22:17:16.394+0300][115.766s][info][gc] GC(1846) Pause Young (Allocation Failure) 137M->136M(247M) 61.711ms
[2020-01-29T22:17:16.401+0300][115.773s][info][gc] GC(1847) Pause Young (Allocation Failure) 204M->204M(247M) 0.043ms
[2020-01-29T22:17:16.500+0300][115.872s][info][gc] GC(1848) Pause Full (Allocation Failure) 204M->70M(247M) 99.289ms
[2020-01-29T22:17:16.580+0300][115.952s][info][gc] GC(1849) Pause Young (Allocation Failure) 137M->136M(247M) 61.636ms
[2020-01-29T22:17:16.587+0300][115.959s][info][gc] GC(1850) Pause Young (Allocation Failure) 204M->204M(247M) 0.042ms
[2020-01-29T22:17:16.686+0300][116.058s][info][gc] GC(1851) Pause Full (Allocation Failure) 204M->70M(247M) 98.731ms
[2020-01-29T22:17:16.767+0300][116.138s][info][gc] GC(1852) Pause Young (Allocation Failure) 137M->136M(247M) 61.858ms
[2020-01-29T22:17:16.773+0300][116.145s][info][gc] GC(1853) Pause Young (Allocation Failure) 204M->204M(247M) 0.044ms
[2020-01-29T22:17:16.871+0300][116.243s][info][gc] GC(1854) Pause Full (Allocation Failure) 204M->70M(247M) 98.442ms
[2020-01-29T22:17:16.951+0300][116.323s][info][gc] GC(1855) Pause Young (Allocation Failure) 137M->136M(247M) 61.684ms
[2020-01-29T22:17:16.958+0300][116.330s][info][gc] GC(1856) Pause Young (Allocation Failure) 204M->204M(247M) 0.044ms
[2020-01-29T22:17:17.057+0300][116.429s][info][gc] GC(1857) Pause Full (Allocation Failure) 204M->70M(247M) 98.412ms
[2020-01-29T22:17:17.137+0300][116.509s][info][gc] GC(1858) Pause Young (Allocation Failure) 137M->136M(247M) 61.740ms
[2020-01-29T22:17:17.144+0300][116.516s][info][gc] GC(1859) Pause Young (Allocation Failure) 204M->204M(247M) 0.042ms
[2020-01-29T22:17:17.242+0300][116.614s][info][gc] GC(1860) Pause Full (Allocation Failure) 204M->70M(247M) 98.295ms
[2020-01-29T22:17:17.323+0300][116.695s][info][gc] GC(1861) Pause Young (Allocation Failure) 137M->136M(247M) 61.824ms
[2020-01-29T22:17:17.330+0300][116.702s][info][gc] GC(1862) Pause Young (Allocation Failure) 204M->204M(247M) 0.046ms
[2020-01-29T22:17:17.429+0300][116.801s][info][gc] GC(1863) Pause Full (Allocation Failure) 204M->70M(247M) 99.526ms
[2020-01-29T22:17:17.509+0300][116.881s][info][gc] GC(1864) Pause Young (Allocation Failure) 137M->136M(247M) 61.665ms
[2020-01-29T22:17:17.516+0300][116.888s][info][gc] GC(1865) Pause Young (Allocation Failure) 204M->204M(247M) 0.041ms
[2020-01-29T22:17:17.615+0300][116.987s][info][gc] GC(1866) Pause Full (Allocation Failure) 204M->70M(247M) 99.295ms
[2020-01-29T22:17:17.695+0300][117.067s][info][gc] GC(1867) Pause Young (Allocation Failure) 137M->136M(247M) 61.652ms
[2020-01-29T22:17:17.702+0300][117.074s][info][gc] GC(1868) Pause Young (Allocation Failure) 204M->204M(247M) 0.044ms
[2020-01-29T22:17:17.801+0300][117.173s][info][gc] GC(1869) Pause Full (Allocation Failure) 204M->70M(247M) 98.817ms
[2020-01-29T22:17:17.881+0300][117.253s][info][gc] GC(1870) Pause Young (Allocation Failure) 137M->136M(247M) 61.724ms
[2020-01-29T22:17:17.889+0300][117.260s][info][gc] GC(1871) Pause Young (Allocation Failure) 204M->204M(247M) 0.044ms
[2020-01-29T22:17:17.987+0300][117.359s][info][gc] GC(1872) Pause Full (Allocation Failure) 204M->70M(247M) 98.920ms
[2020-01-29T22:17:18.067+0300][117.439s][info][gc] GC(1873) Pause Young (Allocation Failure) 137M->136M(247M) 61.648ms
[2020-01-29T22:17:18.075+0300][117.447s][info][gc] GC(1874) Pause Young (Allocation Failure) 204M->204M(247M) 0.045ms
[2020-01-29T22:17:18.174+0300][117.546s][info][gc] GC(1875) Pause Full (Allocation Failure) 204M->70M(247M) 99.090ms
[2020-01-29T22:17:18.254+0300][117.626s][info][gc] GC(1876) Pause Young (Allocation Failure) 137M->136M(247M) 61.757ms
[2020-01-29T22:17:18.261+0300][117.633s][info][gc] GC(1877) Pause Young (Allocation Failure) 204M->204M(247M) 0.043ms
[2020-01-29T22:17:18.359+0300][117.731s][info][gc] GC(1878) Pause Full (Allocation Failure) 204M->70M(247M) 98.507ms
[2020-01-29T22:17:18.439+0300][117.812s][info][gc] GC(1879) Pause Young (Allocation Failure) 137M->136M(247M) 61.740ms
[2020-01-29T22:17:18.446+0300][117.818s][info][gc] GC(1880) Pause Young (Allocation Failure) 204M->204M(247M) 0.045ms
[2020-01-29T22:17:18.545+0300][117.917s][info][gc] GC(1881) Pause Full (Allocation Failure) 204M->70M(247M) 98.744ms
[2020-01-29T22:17:18.625+0300][117.997s][info][gc] GC(1882) Pause Young (Allocation Failure) 137M->136M(247M) 61.773ms
[2020-01-29T22:17:18.632+0300][118.004s][info][gc] GC(1883) Pause Young (Allocation Failure) 204M->204M(247M) 0.043ms
[2020-01-29T22:17:18.737+0300][118.109s][info][gc] GC(1884) Pause Full (Allocation Failure) 204M->70M(247M) 104.917ms
[2020-01-29T22:17:18.824+0300][118.195s][info][gc] GC(1885) Pause Young (Allocation Failure) 137M->136M(247M) 65.320ms
[2020-01-29T22:17:18.831+0300][118.202s][info][gc] GC(1886) Pause Young (Allocation Failure) 204M->204M(247M) 0.044ms
[2020-01-29T22:17:18.933+0300][118.305s][info][gc] GC(1887) Pause Full (Allocation Failure) 204M->70M(247M) 102.981ms
[2020-01-29T22:17:19.019+0300][118.391s][info][gc] GC(1888) Pause Young (Allocation Failure) 137M->136M(247M) 66.172ms
[2020-01-29T22:17:19.027+0300][118.399s][info][gc] GC(1889) Pause Young (Allocation Failure) 204M->204M(247M) 0.049ms
[2020-01-29T22:17:19.135+0300][118.507s][info][gc] GC(1890) Pause Full (Allocation Failure) 204M->70M(247M) 107.380ms
[2020-01-29T22:17:19.218+0300][118.590s][info][gc] GC(1891) Pause Young (Allocation Failure) 137M->136M(247M) 62.612ms
[2020-01-29T22:17:19.231+0300][118.603s][info][gc] GC(1892) Pause Young (Allocation Failure) 204M->204M(247M) 0.048ms
[2020-01-29T22:17:19.335+0300][118.707s][info][gc] GC(1893) Pause Full (Allocation Failure) 204M->70M(247M) 104.531ms
[2020-01-29T22:17:19.424+0300][118.796s][info][gc] GC(1894) Pause Young (Allocation Failure) 137M->136M(247M) 67.414ms
[2020-01-29T22:17:19.432+0300][118.804s][info][gc] GC(1895) Pause Young (Allocation Failure) 204M->204M(247M) 0.047ms
[2020-01-29T22:17:19.543+0300][118.915s][info][gc] GC(1896) Pause Full (Allocation Failure) 204M->70M(247M) 110.819ms
[2020-01-29T22:17:19.628+0300][119.000s][info][gc] GC(1897) Pause Young (Allocation Failure) 137M->136M(247M) 64.277ms
[2020-01-29T22:17:19.635+0300][119.007s][info][gc] GC(1898) Pause Young (Allocation Failure) 204M->204M(247M) 0.048ms
[2020-01-29T22:17:19.739+0300][119.111s][info][gc] GC(1899) Pause Full (Allocation Failure) 204M->70M(247M) 103.180ms
[2020-01-29T22:17:19.820+0300][119.191s][info][gc] GC(1900) Pause Young (Allocation Failure) 137M->136M(247M) 61.864ms
[2020-01-29T22:17:19.827+0300][119.198s][info][gc] GC(1901) Pause Young (Allocation Failure) 204M->204M(247M) 0.040ms
[2020-01-29T22:17:19.927+0300][119.299s][info][gc] GC(1902) Pause Full (Allocation Failure) 204M->70M(247M) 100.110ms
[2020-01-29T22:17:20.009+0300][119.381s][info][gc] GC(1903) Pause Young (Allocation Failure) 137M->136M(247M) 61.936ms
[2020-01-29T22:17:20.016+0300][119.388s][info][gc] GC(1904) Pause Young (Allocation Failure) 204M->204M(247M) 0.044ms
[2020-01-29T22:17:20.116+0300][119.487s][info][gc] GC(1905) Pause Full (Allocation Failure) 204M->70M(247M) 99.405ms
[2020-01-29T22:17:20.197+0300][119.568s][info][gc] GC(1906) Pause Young (Allocation Failure) 137M->136M(247M) 61.919ms
[2020-01-29T22:17:20.202+0300][119.575s][info][gc] GC(1907) Pause Young (Allocation Failure) 204M->204M(247M) 0.042ms
[2020-01-29T22:17:20.302+0300][119.674s][info][gc] GC(1908) Pause Full (Allocation Failure) 204M->70M(247M) 99.217ms
[2020-01-29T22:17:20.383+0300][119.755s][info][gc] GC(1909) Pause Young (Allocation Failure) 137M->136M(247M) 62.134ms
[2020-01-29T22:17:20.390+0300][119.762s][info][gc] GC(1910) Pause Young (Allocation Failure) 204M->204M(247M) 0.044ms
[2020-01-29T22:17:20.490+0300][119.861s][info][gc] GC(1911) Pause Full (Allocation Failure) 204M->70M(247M) 98.933ms
[2020-01-29T22:17:20.570+0300][119.942s][info][gc] GC(1912) Pause Young (Allocation Failure) 137M->136M(247M) 61.651ms
[2020-01-29T22:17:20.577+0300][119.949s][info][gc] GC(1913) Pause Young (Allocation Failure) 204M->204M(247M) 0.043ms
[2020-01-29T22:17:20.677+0300][120.049s][info][gc] GC(1914) Pause Full (Allocation Failure) 204M->70M(247M) 99.334ms
[2020-01-29T22:17:20.757+0300][120.129s][info][gc] GC(1915) Pause Young (Allocation Failure) 137M->136M(247M) 61.778ms
[2020-01-29T22:17:20.764+0300][120.136s][info][gc] GC(1916) Pause Young (Allocation Failure) 204M->204M(247M) 0.043ms
[2020-01-29T22:17:20.863+0300][120.235s][info][gc] GC(1917) Pause Full (Allocation Failure) 204M->70M(247M) 98.480ms
[2020-01-29T22:17:20.944+0300][120.315s][info][gc] GC(1918) Pause Young (Allocation Failure) 137M->136M(247M) 62.166ms
[2020-01-29T22:17:20.950+0300][120.322s][info][gc] GC(1919) Pause Young (Allocation Failure) 204M->204M(247M) 0.042ms
[2020-01-29T22:17:21.049+0300][120.421s][info][gc] GC(1920) Pause Full (Allocation Failure) 204M->70M(247M) 99.031ms
[2020-01-29T22:17:21.130+0300][120.502s][info][gc] GC(1921) Pause Young (Allocation Failure) 137M->136M(247M) 62.413ms
[2020-01-29T22:17:21.137+0300][120.509s][info][gc] GC(1922) Pause Young (Allocation Failure) 204M->204M(247M) 0.045ms
[2020-01-29T22:17:21.236+0300][120.608s][info][gc] GC(1923) Pause Full (Allocation Failure) 204M->70M(247M) 98.680ms
[2020-01-29T22:17:21.317+0300][120.688s][info][gc] GC(1924) Pause Young (Allocation Failure) 137M->136M(247M) 61.821ms
[2020-01-29T22:17:21.322+0300][120.695s][info][gc] GC(1925) Pause Young (Allocation Failure) 204M->204M(247M) 0.041ms
[2020-01-29T22:17:21.421+0300][120.793s][info][gc] GC(1926) Pause Full (Allocation Failure) 204M->70M(247M) 98.583ms
[2020-01-29T22:17:21.502+0300][120.874s][info][gc] GC(1927) Pause Young (Allocation Failure) 137M->136M(247M) 61.944ms
[2020-01-29T22:17:21.509+0300][120.881s][info][gc] GC(1928) Pause Young (Allocation Failure) 204M->204M(247M) 0.043ms
[2020-01-29T22:17:21.607+0300][120.980s][info][gc] GC(1929) Pause Full (Allocation Failure) 204M->70M(247M) 98.966ms
[2020-01-29T22:17:21.688+0300][121.060s][info][gc] GC(1930) Pause Young (Allocation Failure) 137M->136M(247M) 61.678ms
[2020-01-29T22:17:21.695+0300][121.067s][info][gc] GC(1931) Pause Young (Allocation Failure) 204M->204M(247M) 0.041ms
[2020-01-29T22:17:21.794+0300][121.166s][info][gc] GC(1932) Pause Full (Allocation Failure) 204M->70M(247M) 98.590ms
[2020-01-29T22:17:21.874+0300][121.246s][info][gc] GC(1933) Pause Young (Allocation Failure) 137M->136M(247M) 61.633ms
[2020-01-29T22:17:21.881+0300][121.252s][info][gc] GC(1934) Pause Young (Allocation Failure) 204M->204M(247M) 0.042ms
[2020-01-29T22:17:21.980+0300][121.352s][info][gc] GC(1935) Pause Full (Allocation Failure) 204M->70M(247M) 99.236ms
[2020-01-29T22:17:22.060+0300][121.432s][info][gc] GC(1936) Pause Young (Allocation Failure) 137M->136M(247M) 61.763ms
[2020-01-29T22:17:22.067+0300][121.439s][info][gc] GC(1937) Pause Young (Allocation Failure) 204M->204M(247M) 0.051ms
[2020-01-29T22:17:22.167+0300][121.538s][info][gc] GC(1938) Pause Full (Allocation Failure) 204M->70M(247M) 98.958ms
[2020-01-29T22:17:22.247+0300][121.619s][info][gc] GC(1939) Pause Young (Allocation Failure) 137M->136M(247M) 61.634ms
[2020-01-29T22:17:22.254+0300][121.625s][info][gc] GC(1940) Pause Young (Allocation Failure) 204M->204M(247M) 0.045ms
[2020-01-29T22:17:22.352+0300][121.724s][info][gc] GC(1941) Pause Full (Allocation Failure) 204M->70M(247M) 98.822ms
[2020-01-29T22:17:22.433+0300][121.804s][info][gc] GC(1942) Pause Young (Allocation Failure) 137M->136M(247M) 61.731ms
[2020-01-29T22:17:22.440+0300][121.811s][info][gc] GC(1943) Pause Young (Allocation Failure) 204M->204M(247M) 0.043ms
[2020-01-29T22:17:22.538+0300][121.910s][info][gc] GC(1944) Pause Full (Allocation Failure) 204M->70M(247M) 98.549ms
[2020-01-29T22:17:22.619+0300][121.990s][info][gc] GC(1945) Pause Young (Allocation Failure) 137M->136M(247M) 62.248ms
[2020-01-29T22:17:22.626+0300][121.997s][info][gc] GC(1946) Pause Young (Allocation Failure) 204M->204M(247M) 0.044ms
[2020-01-29T22:17:22.724+0300][122.097s][info][gc] GC(1947) Pause Full (Allocation Failure) 204M->70M(247M) 99.189ms
[2020-01-29T22:17:22.804+0300][122.176s][info][gc] GC(1948) Pause Young (Allocation Failure) 137M->136M(247M) 61.600ms
[2020-01-29T22:17:22.811+0300][122.183s][info][gc] GC(1949) Pause Young (Allocation Failure) 204M->204M(247M) 0.042ms
[2020-01-29T22:17:22.910+0300][122.282s][info][gc] GC(1950) Pause Full (Allocation Failure) 204M->70M(247M) 98.877ms
[2020-01-29T22:17:22.990+0300][122.362s][info][gc] GC(1951) Pause Young (Allocation Failure) 137M->136M(247M) 61.681ms
[2020-01-29T22:17:22.997+0300][122.368s][info][gc] GC(1952) Pause Young (Allocation Failure) 204M->204M(247M) 0.043ms
[2020-01-29T22:17:23.095+0300][122.467s][info][gc] GC(1953) Pause Full (Allocation Failure) 204M->70M(247M) 98.603ms
[2020-01-29T22:17:23.175+0300][122.547s][info][gc] GC(1954) Pause Young (Allocation Failure) 137M->136M(247M) 61.727ms
[2020-01-29T22:17:23.183+0300][122.554s][info][gc] GC(1955) Pause Young (Allocation Failure) 204M->204M(247M) 0.042ms
[2020-01-29T22:17:23.281+0300][122.653s][info][gc] GC(1956) Pause Full (Allocation Failure) 204M->70M(247M) 98.816ms
[2020-01-29T22:17:23.361+0300][122.733s][info][gc] GC(1957) Pause Young (Allocation Failure) 137M->136M(247M) 61.747ms
[2020-01-29T22:17:23.368+0300][122.740s][info][gc] GC(1958) Pause Young (Allocation Failure) 204M->204M(247M) 0.045ms
[2020-01-29T22:17:23.466+0300][122.838s][info][gc] GC(1959) Pause Full (Allocation Failure) 204M->70M(247M) 98.799ms
[2020-01-29T22:17:23.546+0300][122.918s][info][gc] GC(1960) Pause Young (Allocation Failure) 137M->136M(247M) 61.698ms
[2020-01-29T22:17:23.554+0300][122.926s][info][gc] GC(1961) Pause Young (Allocation Failure) 204M->204M(247M) 0.051ms
[2020-01-29T22:17:23.653+0300][123.025s][info][gc] GC(1962) Pause Full (Allocation Failure) 204M->70M(247M) 99.318ms
[2020-01-29T22:17:23.733+0300][123.105s][info][gc] GC(1963) Pause Young (Allocation Failure) 137M->136M(247M) 61.752ms
[2020-01-29T22:17:23.740+0300][123.112s][info][gc] GC(1964) Pause Young (Allocation Failure) 204M->204M(247M) 0.043ms
[2020-01-29T22:17:23.854+0300][123.226s][info][gc] GC(1965) Pause Full (Allocation Failure) 204M->70M(247M) 114.133ms
[2020-01-29T22:17:23.935+0300][123.307s][info][gc] GC(1966) Pause Young (Allocation Failure) 137M->136M(247M) 62.203ms
[2020-01-29T22:17:23.943+0300][123.315s][info][gc] GC(1967) Pause Young (Allocation Failure) 204M->204M(247M) 0.044ms
[2020-01-29T22:17:24.047+0300][123.418s][info][gc] GC(1968) Pause Full (Allocation Failure) 204M->70M(247M) 103.120ms
[2020-01-29T22:17:24.128+0300][123.499s][info][gc] GC(1969) Pause Young (Allocation Failure) 137M->136M(247M) 61.891ms
[2020-01-29T22:17:24.135+0300][123.506s][info][gc] GC(1970) Pause Young (Allocation Failure) 204M->204M(247M) 0.043ms
[2020-01-29T22:17:24.234+0300][123.605s][info][gc] GC(1971) Pause Full (Allocation Failure) 204M->70M(247M) 99.234ms
[2020-01-29T22:17:24.315+0300][123.686s][info][gc] GC(1972) Pause Young (Allocation Failure) 137M->136M(247M) 61.821ms
[2020-01-29T22:17:24.321+0300][123.693s][info][gc] GC(1973) Pause Young (Allocation Failure) 204M->204M(247M) 0.044ms
[2020-01-29T22:17:24.420+0300][123.792s][info][gc] GC(1974) Pause Full (Allocation Failure) 204M->70M(247M) 98.885ms
[2020-01-29T22:17:24.501+0300][123.873s][info][gc] GC(1975) Pause Young (Allocation Failure) 137M->136M(247M) 62.257ms
[2020-01-29T22:17:24.509+0300][123.881s][info][gc] GC(1976) Pause Young (Allocation Failure) 204M->204M(247M) 0.044ms
[2020-01-29T22:17:24.609+0300][123.981s][info][gc] GC(1977) Pause Full (Allocation Failure) 204M->70M(247M) 99.908ms
[2020-01-29T22:17:24.690+0300][124.062s][info][gc] GC(1978) Pause Young (Allocation Failure) 137M->136M(247M) 61.633ms
[2020-01-29T22:17:24.697+0300][124.068s][info][gc] GC(1979) Pause Young (Allocation Failure) 204M->204M(247M) 0.043ms
[2020-01-29T22:17:24.796+0300][124.168s][info][gc] GC(1980) Pause Full (Allocation Failure) 204M->70M(247M) 99.326ms
[2020-01-29T22:17:24.876+0300][124.248s][info][gc] GC(1981) Pause Young (Allocation Failure) 137M->136M(247M) 61.633ms
[2020-01-29T22:17:24.883+0300][124.255s][info][gc] GC(1982) Pause Young (Allocation Failure) 204M->204M(247M) 0.042ms
[2020-01-29T22:17:24.982+0300][124.354s][info][gc] GC(1983) Pause Full (Allocation Failure) 204M->70M(247M) 98.704ms
[2020-01-29T22:17:25.064+0300][124.435s][info][gc] GC(1984) Pause Young (Allocation Failure) 137M->136M(247M) 62.779ms
[2020-01-29T22:17:25.070+0300][124.442s][info][gc] GC(1985) Pause Young (Allocation Failure) 204M->204M(247M) 0.043ms
[2020-01-29T22:17:25.173+0300][124.544s][info][gc] GC(1986) Pause Full (Allocation Failure) 204M->70M(247M) 102.493ms
[2020-01-29T22:17:25.254+0300][124.626s][info][gc] GC(1987) Pause Young (Allocation Failure) 137M->136M(247M) 62.448ms
[2020-01-29T22:17:25.261+0300][124.632s][info][gc] GC(1988) Pause Young (Allocation Failure) 204M->204M(247M) 0.043ms
[2020-01-29T22:17:25.360+0300][124.732s][info][gc] GC(1989) Pause Full (Allocation Failure) 204M->70M(247M) 100.014ms
[2020-01-29T22:17:25.440+0300][124.812s][info][gc] GC(1990) Pause Young (Allocation Failure) 137M->136M(247M) 61.764ms
[2020-01-29T22:17:25.447+0300][124.819s][info][gc] GC(1991) Pause Young (Allocation Failure) 204M->204M(247M) 0.044ms
[2020-01-29T22:17:25.546+0300][124.918s][info][gc] GC(1992) Pause Full (Allocation Failure) 204M->70M(247M) 98.472ms
[2020-01-29T22:17:25.626+0300][124.998s][info][gc] GC(1993) Pause Young (Allocation Failure) 137M->136M(247M) 61.741ms
[2020-01-29T22:17:25.633+0300][125.005s][info][gc] GC(1994) Pause Young (Allocation Failure) 204M->204M(247M) 0.042ms
[2020-01-29T22:17:25.731+0300][125.103s][info][gc] GC(1995) Pause Full (Allocation Failure) 204M->70M(247M) 98.522ms
[2020-01-29T22:17:25.811+0300][125.183s][info][gc] GC(1996) Pause Young (Allocation Failure) 137M->136M(247M) 61.640ms
[2020-01-29T22:17:25.818+0300][125.190s][info][gc] GC(1997) Pause Young (Allocation Failure) 204M->204M(247M) 0.044ms
[2020-01-29T22:17:25.917+0300][125.289s][info][gc] GC(1998) Pause Full (Allocation Failure) 204M->70M(247M) 98.669ms
[2020-01-29T22:17:25.997+0300][125.369s][info][gc] GC(1999) Pause Young (Allocation Failure) 137M->136M(247M) 61.638ms
[2020-01-29T22:17:26.004+0300][125.375s][info][gc] GC(2000) Pause Young (Allocation Failure) 204M->204M(247M) 0.041ms
[2020-01-29T22:17:26.102+0300][125.474s][info][gc] GC(2001) Pause Full (Allocation Failure) 204M->70M(247M) 98.362ms
[2020-01-29T22:17:26.183+0300][125.555s][info][gc] GC(2002) Pause Young (Allocation Failure) 137M->136M(247M) 62.351ms
[2020-01-29T22:17:26.190+0300][125.562s][info][gc] GC(2003) Pause Young (Allocation Failure) 204M->204M(247M) 0.044ms
[2020-01-29T22:17:26.289+0300][125.661s][info][gc] GC(2004) Pause Full (Allocation Failure) 204M->70M(247M) 98.497ms
[2020-01-29T22:17:26.374+0300][125.746s][info][gc] GC(2005) Pause Young (Allocation Failure) 137M->136M(247M) 66.429ms
[2020-01-29T22:17:26.382+0300][125.754s][info][gc] GC(2006) Pause Young (Allocation Failure) 204M->204M(247M) 0.043ms
[2020-01-29T22:17:26.483+0300][125.854s][info][gc] GC(2007) Pause Full (Allocation Failure) 204M->70M(247M) 100.500ms
[2020-01-29T22:17:26.562+0300][125.934s][info][gc] GC(2008) Pause Young (Allocation Failure) 137M->136M(247M) 61.686ms
[2020-01-29T22:17:26.570+0300][125.941s][info][gc] GC(2009) Pause Young (Allocation Failure) 204M->204M(247M) 0.044ms
[2020-01-29T22:17:26.669+0300][126.041s][info][gc] GC(2010) Pause Full (Allocation Failure) 204M->70M(247M) 99.357ms
[2020-01-29T22:17:26.750+0300][126.122s][info][gc] GC(2011) Pause Young (Allocation Failure) 137M->136M(247M) 61.906ms
[2020-01-29T22:17:26.757+0300][126.129s][info][gc] GC(2012) Pause Young (Allocation Failure) 204M->204M(247M) 0.042ms
[2020-01-29T22:17:26.858+0300][126.230s][info][gc] GC(2013) Pause Full (Allocation Failure) 204M->70M(247M) 101.608ms
[2020-01-29T22:17:26.940+0300][126.312s][info][gc] GC(2014) Pause Young (Allocation Failure) 137M->136M(247M) 62.808ms
[2020-01-29T22:17:26.947+0300][126.319s][info][gc] GC(2015) Pause Young (Allocation Failure) 204M->204M(247M) 0.045ms
[2020-01-29T22:17:27.051+0300][126.422s][info][gc] GC(2016) Pause Full (Allocation Failure) 204M->70M(247M) 103.612ms
[2020-01-29T22:17:27.131+0300][126.503s][info][gc] GC(2017) Pause Young (Allocation Failure) 137M->136M(247M) 61.730ms
[2020-01-29T22:17:27.139+0300][126.510s][info][gc] GC(2018) Pause Young (Allocation Failure) 204M->204M(247M) 0.043ms
[2020-01-29T22:17:27.237+0300][126.609s][info][gc] GC(2019) Pause Full (Allocation Failure) 204M->70M(247M) 98.724ms
[2020-01-29T22:17:27.318+0300][126.690s][info][gc] GC(2020) Pause Young (Allocation Failure) 137M->136M(247M) 62.562ms
[2020-01-29T22:17:27.327+0300][126.699s][info][gc] GC(2021) Pause Young (Allocation Failure) 204M->204M(247M) 0.044ms
[2020-01-29T22:17:27.428+0300][126.799s][info][gc] GC(2022) Pause Full (Allocation Failure) 204M->70M(247M) 100.488ms
[2020-01-29T22:17:27.509+0300][126.880s][info][gc] GC(2023) Pause Young (Allocation Failure) 137M->136M(247M) 62.135ms
[2020-01-29T22:17:27.516+0300][126.887s][info][gc] GC(2024) Pause Young (Allocation Failure) 204M->204M(247M) 0.043ms
[2020-01-29T22:17:27.617+0300][126.988s][info][gc] GC(2025) Pause Full (Allocation Failure) 204M->70M(247M) 101.288ms
[2020-01-29T22:17:27.699+0300][127.070s][info][gc] GC(2026) Pause Young (Allocation Failure) 137M->136M(247M) 61.882ms
[2020-01-29T22:17:27.705+0300][127.077s][info][gc] GC(2027) Pause Young (Allocation Failure) 204M->204M(247M) 0.042ms
[2020-01-29T22:17:27.804+0300][127.176s][info][gc] GC(2028) Pause Full (Allocation Failure) 204M->70M(247M) 99.229ms
[2020-01-29T22:17:27.884+0300][127.256s][info][gc] GC(2029) Pause Young (Allocation Failure) 137M->136M(247M) 61.678ms
[2020-01-29T22:17:27.891+0300][127.263s][info][gc] GC(2030) Pause Young (Allocation Failure) 204M->204M(247M) 0.044ms
[2020-01-29T22:17:27.991+0300][127.362s][info][gc] GC(2031) Pause Full (Allocation Failure) 204M->70M(247M) 98.759ms
[2020-01-29T22:17:28.070+0300][127.442s][info][gc] GC(2032) Pause Young (Allocation Failure) 137M->136M(247M) 61.666ms
[2020-01-29T22:17:28.077+0300][127.449s][info][gc] GC(2033) Pause Young (Allocation Failure) 204M->204M(247M) 0.042ms
[2020-01-29T22:17:28.176+0300][127.547s][info][gc] GC(2034) Pause Full (Allocation Failure) 204M->70M(247M) 98.685ms
[2020-01-29T22:17:28.256+0300][127.628s][info][gc] GC(2035) Pause Young (Allocation Failure) 137M->136M(247M) 61.715ms
[2020-01-29T22:17:28.263+0300][127.635s][info][gc] GC(2036) Pause Young (Allocation Failure) 204M->204M(247M) 0.042ms
[2020-01-29T22:17:28.361+0300][127.733s][info][gc] GC(2037) Pause Full (Allocation Failure) 204M->70M(247M) 98.508ms
[2020-01-29T22:17:28.442+0300][127.813s][info][gc] GC(2038) Pause Young (Allocation Failure) 137M->136M(247M) 61.658ms
[2020-01-29T22:17:28.449+0300][127.820s][info][gc] GC(2039) Pause Young (Allocation Failure) 204M->204M(247M) 0.042ms
[2020-01-29T22:17:28.547+0300][127.919s][info][gc] GC(2040) Pause Full (Allocation Failure) 204M->70M(247M) 98.726ms
[2020-01-29T22:17:28.627+0300][127.999s][info][gc] GC(2041) Pause Young (Allocation Failure) 137M->136M(247M) 61.750ms
[2020-01-29T22:17:28.634+0300][128.006s][info][gc] GC(2042) Pause Young (Allocation Failure) 204M->204M(247M) 0.041ms
[2020-01-29T22:17:28.735+0300][128.106s][info][gc] GC(2043) Pause Full (Allocation Failure) 204M->70M(247M) 100.183ms
[2020-01-29T22:17:28.816+0300][128.188s][info][gc] GC(2044) Pause Young (Allocation Failure) 137M->136M(247M) 62.443ms
[2020-01-29T22:17:28.823+0300][128.194s][info][gc] GC(2045) Pause Young (Allocation Failure) 204M->204M(247M) 0.042ms
[2020-01-29T22:17:28.921+0300][128.293s][info][gc] GC(2046) Pause Full (Allocation Failure) 204M->70M(247M) 98.541ms
[2020-01-29T22:17:29.002+0300][128.374s][info][gc] GC(2047) Pause Young (Allocation Failure) 137M->136M(247M) 61.939ms
[2020-01-29T22:17:29.009+0300][128.381s][info][gc] GC(2048) Pause Young (Allocation Failure) 204M->204M(247M) 0.043ms
[2020-01-29T22:17:29.109+0300][128.480s][info][gc] GC(2049) Pause Full (Allocation Failure) 204M->70M(247M) 99.437ms
[2020-01-29T22:17:29.189+0300][128.561s][info][gc] GC(2050) Pause Young (Allocation Failure) 137M->136M(247M) 61.680ms
[2020-01-29T22:17:29.196+0300][128.567s][info][gc] GC(2051) Pause Young (Allocation Failure) 204M->204M(247M) 0.041ms
[2020-01-29T22:17:29.294+0300][128.666s][info][gc] GC(2052) Pause Full (Allocation Failure) 204M->70M(247M) 98.750ms
[2020-01-29T22:17:29.375+0300][128.746s][info][gc] GC(2053) Pause Young (Allocation Failure) 137M->136M(247M) 61.763ms
[2020-01-29T22:17:29.382+0300][128.753s][info][gc] GC(2054) Pause Young (Allocation Failure) 204M->204M(247M) 0.043ms
[2020-01-29T22:17:29.480+0300][128.852s][info][gc] GC(2055) Pause Full (Allocation Failure) 204M->70M(247M) 98.858ms
[2020-01-29T22:17:29.561+0300][128.932s][info][gc] GC(2056) Pause Young (Allocation Failure) 137M->136M(247M) 61.794ms
[2020-01-29T22:17:29.568+0300][128.940s][info][gc] GC(2057) Pause Young (Allocation Failure) 204M->204M(247M) 0.045ms
[2020-01-29T22:17:29.669+0300][129.040s][info][gc] GC(2058) Pause Full (Allocation Failure) 204M->70M(247M) 100.298ms
[2020-01-29T22:17:29.750+0300][129.121s][info][gc] GC(2059) Pause Young (Allocation Failure) 137M->136M(247M) 62.102ms
[2020-01-29T22:17:29.757+0300][129.128s][info][gc] GC(2060) Pause Young (Allocation Failure) 204M->204M(247M) 0.043ms
[2020-01-29T22:17:29.855+0300][129.228s][info][gc] GC(2061) Pause Full (Allocation Failure) 204M->70M(247M) 99.474ms
[2020-01-29T22:17:29.937+0300][129.308s][info][gc] GC(2062) Pause Young (Allocation Failure) 137M->136M(247M) 61.624ms
[2020-01-29T22:17:29.944+0300][129.315s][info][gc] GC(2063) Pause Young (Allocation Failure) 204M->204M(247M) 0.053ms
[2020-01-29T22:17:30.041+0300][129.414s][info][gc] GC(2064) Pause Full (Allocation Failure) 204M->70M(247M) 98.554ms
[2020-01-29T22:17:30.122+0300][129.493s][info][gc] GC(2065) Pause Young (Allocation Failure) 137M->136M(247M) 61.773ms
[2020-01-29T22:17:30.129+0300][129.501s][info][gc] GC(2066) Pause Young (Allocation Failure) 204M->204M(247M) 0.044ms
[2020-01-29T22:17:30.228+0300][129.599s][info][gc] GC(2067) Pause Full (Allocation Failure) 204M->70M(247M) 98.724ms
[2020-01-29T22:17:30.307+0300][129.679s][info][gc] GC(2068) Pause Young (Allocation Failure) 137M->136M(247M) 61.766ms
[2020-01-29T22:17:30.314+0300][129.686s][info][gc] GC(2069) Pause Young (Allocation Failure) 204M->204M(247M) 0.045ms
[2020-01-29T22:17:30.412+0300][129.784s][info][gc] GC(2070) Pause Full (Allocation Failure) 204M->70M(247M) 98.749ms
[2020-01-29T22:17:30.492+0300][129.864s][info][gc] GC(2071) Pause Young (Allocation Failure) 137M->136M(247M) 61.620ms
[2020-01-29T22:17:30.499+0300][129.871s][info][gc] GC(2072) Pause Young (Allocation Failure) 204M->204M(247M) 0.041ms
[2020-01-29T22:17:30.598+0300][129.970s][info][gc] GC(2073) Pause Full (Allocation Failure) 204M->70M(247M) 98.545ms
[2020-01-29T22:17:30.678+0300][130.050s][info][gc] GC(2074) Pause Young (Allocation Failure) 137M->136M(247M) 61.714ms
[2020-01-29T22:17:30.685+0300][130.057s][info][gc] GC(2075) Pause Young (Allocation Failure) 204M->204M(247M) 0.043ms
[2020-01-29T22:17:30.783+0300][130.155s][info][gc] GC(2076) Pause Full (Allocation Failure) 204M->70M(247M) 98.776ms
[2020-01-29T22:17:30.864+0300][130.235s][info][gc] GC(2077) Pause Young (Allocation Failure) 137M->136M(247M) 61.722ms
[2020-01-29T22:17:30.871+0300][130.242s][info][gc] GC(2078) Pause Young (Allocation Failure) 204M->204M(247M) 0.042ms
[2020-01-29T22:17:30.969+0300][130.341s][info][gc] GC(2079) Pause Full (Allocation Failure) 204M->70M(247M) 99.018ms
[2020-01-29T22:17:31.049+0300][130.421s][info][gc] GC(2080) Pause Young (Allocation Failure) 137M->136M(247M) 61.688ms
[2020-01-29T22:17:31.056+0300][130.428s][info][gc] GC(2081) Pause Young (Allocation Failure) 204M->204M(247M) 0.043ms
[2020-01-29T22:17:31.155+0300][130.527s][info][gc] GC(2082) Pause Full (Allocation Failure) 204M->70M(247M) 98.830ms
[2020-01-29T22:17:31.235+0300][130.607s][info][gc] GC(2083) Pause Young (Allocation Failure) 137M->136M(247M) 61.750ms
[2020-01-29T22:17:31.243+0300][130.614s][info][gc] GC(2084) Pause Young (Allocation Failure) 204M->204M(247M) 0.044ms
[2020-01-29T22:17:31.341+0300][130.713s][info][gc] GC(2085) Pause Full (Allocation Failure) 204M->70M(247M) 98.922ms
[2020-01-29T22:17:31.422+0300][130.794s][info][gc] GC(2086) Pause Young (Allocation Failure) 137M->136M(247M) 61.827ms
[2020-01-29T22:17:31.429+0300][130.800s][info][gc] GC(2087) Pause Young (Allocation Failure) 204M->204M(247M) 0.041ms
[2020-01-29T22:17:31.527+0300][130.899s][info][gc] GC(2088) Pause Full (Allocation Failure) 204M->70M(247M) 98.948ms
[2020-01-29T22:17:31.608+0300][130.980s][info][gc] GC(2089) Pause Young (Allocation Failure) 137M->136M(247M) 61.631ms
[2020-01-29T22:17:31.615+0300][130.987s][info][gc] GC(2090) Pause Young (Allocation Failure) 204M->204M(247M) 0.042ms
[2020-01-29T22:17:31.713+0300][131.085s][info][gc] GC(2091) Pause Full (Allocation Failure) 204M->70M(247M) 98.471ms
[2020-01-29T22:17:31.793+0300][131.165s][info][gc] GC(2092) Pause Young (Allocation Failure) 137M->136M(247M) 61.677ms
[2020-01-29T22:17:31.800+0300][131.172s][info][gc] GC(2093) Pause Young (Allocation Failure) 204M->204M(247M) 0.041ms
[2020-01-29T22:17:31.900+0300][131.271s][info][gc] GC(2094) Pause Full (Allocation Failure) 204M->70M(247M) 99.071ms
[2020-01-29T22:17:31.980+0300][131.352s][info][gc] GC(2095) Pause Young (Allocation Failure) 137M->136M(247M) 61.726ms
[2020-01-29T22:17:31.988+0300][131.359s][info][gc] GC(2096) Pause Young (Allocation Failure) 204M->204M(247M) 0.053ms
[2020-01-29T22:17:32.087+0300][131.459s][info][gc] GC(2097) Pause Full (Allocation Failure) 204M->70M(247M) 100.182ms
[2020-01-29T22:17:32.167+0300][131.539s][info][gc] GC(2098) Pause Young (Allocation Failure) 137M->136M(247M) 61.740ms
[2020-01-29T22:17:32.174+0300][131.546s][info][gc] GC(2099) Pause Young (Allocation Failure) 204M->204M(247M) 0.042ms
[2020-01-29T22:17:32.273+0300][131.645s][info][gc] GC(2100) Pause Full (Allocation Failure) 204M->70M(247M) 98.487ms
[2020-01-29T22:17:32.354+0300][131.725s][info][gc] GC(2101) Pause Young (Allocation Failure) 137M->136M(247M) 61.866ms
[2020-01-29T22:17:32.361+0300][131.732s][info][gc] GC(2102) Pause Young (Allocation Failure) 204M->204M(247M) 0.047ms
[2020-01-29T22:17:32.458+0300][131.831s][info][gc] GC(2103) Pause Full (Allocation Failure) 204M->70M(247M) 98.610ms
[2020-01-29T22:17:32.538+0300][131.910s][info][gc] GC(2104) Pause Young (Allocation Failure) 137M->136M(247M) 61.710ms
[2020-01-29T22:17:32.546+0300][131.918s][info][gc] GC(2105) Pause Young (Allocation Failure) 204M->204M(247M) 0.044ms
[2020-01-29T22:17:32.645+0300][132.017s][info][gc] GC(2106) Pause Full (Allocation Failure) 204M->70M(247M) 99.382ms
[2020-01-29T22:17:32.725+0300][132.097s][info][gc] GC(2107) Pause Young (Allocation Failure) 137M->136M(247M) 61.691ms
[2020-01-29T22:17:32.732+0300][132.104s][info][gc] GC(2108) Pause Young (Allocation Failure) 204M->204M(247M) 0.041ms
[2020-01-29T22:17:32.830+0300][132.202s][info][gc] GC(2109) Pause Full (Allocation Failure) 204M->70M(247M) 98.441ms
[2020-01-29T22:17:32.910+0300][132.282s][info][gc] GC(2110) Pause Young (Allocation Failure) 137M->136M(247M) 61.667ms
[2020-01-29T22:17:32.917+0300][132.289s][info][gc] GC(2111) Pause Young (Allocation Failure) 204M->204M(247M) 0.043ms
[2020-01-29T22:17:33.016+0300][132.388s][info][gc] GC(2112) Pause Full (Allocation Failure) 204M->70M(247M) 98.579ms
[2020-01-29T22:17:33.096+0300][132.467s][info][gc] GC(2113) Pause Young (Allocation Failure) 137M->136M(247M) 61.749ms
[2020-01-29T22:17:33.103+0300][132.474s][info][gc] GC(2114) Pause Young (Allocation Failure) 204M->204M(247M) 0.042ms
[2020-01-29T22:17:33.201+0300][132.573s][info][gc] GC(2115) Pause Full (Allocation Failure) 204M->70M(247M) 98.833ms
[2020-01-29T22:17:33.281+0300][132.653s][info][gc] GC(2116) Pause Young (Allocation Failure) 137M->136M(247M) 61.604ms
[2020-01-29T22:17:33.288+0300][132.660s][info][gc] GC(2117) Pause Young (Allocation Failure) 204M->204M(247M) 0.041ms
[2020-01-29T22:17:33.387+0300][132.759s][info][gc] GC(2118) Pause Full (Allocation Failure) 204M->70M(247M) 98.364ms
[2020-01-29T22:17:33.467+0300][132.839s][info][gc] GC(2119) Pause Young (Allocation Failure) 137M->136M(247M) 61.772ms
[2020-01-29T22:17:33.475+0300][132.846s][info][gc] GC(2120) Pause Young (Allocation Failure) 204M->204M(247M) 0.045ms
[2020-01-29T22:17:33.573+0300][132.945s][info][gc] GC(2121) Pause Full (Allocation Failure) 204M->70M(247M) 99.175ms
[2020-01-29T22:17:33.653+0300][133.026s][info][gc] GC(2122) Pause Young (Allocation Failure) 137M->136M(247M) 61.738ms
[2020-01-29T22:17:33.660+0300][133.032s][info][gc] GC(2123) Pause Young (Allocation Failure) 204M->204M(247M) 0.043ms
[2020-01-29T22:17:33.760+0300][133.131s][info][gc] GC(2124) Pause Full (Allocation Failure) 204M->70M(247M) 99.056ms
[2020-01-29T22:17:33.840+0300][133.212s][info][gc] GC(2125) Pause Young (Allocation Failure) 137M->136M(247M) 61.729ms
[2020-01-29T22:17:33.847+0300][133.219s][info][gc] GC(2126) Pause Young (Allocation Failure) 204M->204M(247M) 0.042ms
[2020-01-29T22:17:33.945+0300][133.317s][info][gc] GC(2127) Pause Full (Allocation Failure) 204M->70M(247M) 98.757ms
[2020-01-29T22:17:34.026+0300][133.398s][info][gc] GC(2128) Pause Young (Allocation Failure) 137M->136M(247M) 61.906ms
[2020-01-29T22:17:34.033+0300][133.405s][info][gc] GC(2129) Pause Young (Allocation Failure) 204M->204M(247M) 0.048ms
[2020-01-29T22:17:34.133+0300][133.504s][info][gc] GC(2130) Pause Full (Allocation Failure) 204M->70M(247M) 99.838ms
[2020-01-29T22:17:34.213+0300][133.585s][info][gc] GC(2131) Pause Young (Allocation Failure) 137M->136M(247M) 61.634ms
[2020-01-29T22:17:34.220+0300][133.592s][info][gc] GC(2132) Pause Young (Allocation Failure) 204M->204M(247M) 0.042ms
[2020-01-29T22:17:34.318+0300][133.690s][info][gc] GC(2133) Pause Full (Allocation Failure) 204M->70M(247M) 98.746ms
[2020-01-29T22:17:34.399+0300][133.771s][info][gc] GC(2134) Pause Young (Allocation Failure) 137M->136M(247M) 61.877ms
[2020-01-29T22:17:34.405+0300][133.777s][info][gc] GC(2135) Pause Young (Allocation Failure) 204M->204M(247M) 0.042ms
[2020-01-29T22:17:34.504+0300][133.876s][info][gc] GC(2136) Pause Full (Allocation Failure) 204M->70M(247M) 98.550ms
[2020-01-29T22:17:34.585+0300][133.956s][info][gc] GC(2137) Pause Young (Allocation Failure) 137M->136M(247M) 62.318ms
[2020-01-29T22:17:34.592+0300][133.964s][info][gc] GC(2138) Pause Young (Allocation Failure) 204M->204M(247M) 0.047ms
[2020-01-29T22:17:34.690+0300][134.062s][info][gc] GC(2139) Pause Full (Allocation Failure) 204M->70M(247M) 98.699ms
[2020-01-29T22:17:34.770+0300][134.142s][info][gc] GC(2140) Pause Young (Allocation Failure) 137M->136M(247M) 61.657ms
[2020-01-29T22:17:34.777+0300][134.149s][info][gc] GC(2141) Pause Young (Allocation Failure) 204M->204M(247M) 0.041ms
[2020-01-29T22:17:34.877+0300][134.249s][info][gc] GC(2142) Pause Full (Allocation Failure) 204M->70M(247M) 99.994ms
[2020-01-29T22:17:34.957+0300][134.329s][info][gc] GC(2143) Pause Young (Allocation Failure) 137M->136M(247M) 61.723ms
[2020-01-29T22:17:34.964+0300][134.336s][info][gc] GC(2144) Pause Young (Allocation Failure) 204M->204M(247M) 0.042ms
[2020-01-29T22:17:35.062+0300][134.434s][info][gc] GC(2145) Pause Full (Allocation Failure) 204M->70M(247M) 98.565ms
[2020-01-29T22:17:35.143+0300][134.515s][info][gc] GC(2146) Pause Young (Allocation Failure) 137M->136M(247M) 61.820ms
[2020-01-29T22:17:35.150+0300][134.522s][info][gc] GC(2147) Pause Young (Allocation Failure) 204M->204M(247M) 0.050ms
[2020-01-29T22:17:35.250+0300][134.622s][info][gc] GC(2148) Pause Full (Allocation Failure) 204M->70M(247M) 99.431ms
[2020-01-29T22:17:35.331+0300][134.702s][info][gc] GC(2149) Pause Young (Allocation Failure) 137M->136M(247M) 61.848ms
[2020-01-29T22:17:35.337+0300][134.709s][info][gc] GC(2150) Pause Young (Allocation Failure) 204M->204M(247M) 0.045ms
[2020-01-29T22:17:35.435+0300][134.807s][info][gc] GC(2151) Pause Full (Allocation Failure) 204M->70M(247M) 98.585ms
[2020-01-29T22:17:35.515+0300][134.888s][info][gc] GC(2152) Pause Young (Allocation Failure) 137M->136M(247M) 61.716ms
[2020-01-29T22:17:35.522+0300][134.894s][info][gc] GC(2153) Pause Young (Allocation Failure) 204M->204M(247M) 0.040ms
[2020-01-29T22:17:35.621+0300][134.992s][info][gc] GC(2154) Pause Full (Allocation Failure) 204M->70M(247M) 98.064ms
[2020-01-29T22:17:35.704+0300][135.075s][info][gc] GC(2155) Pause Young (Allocation Failure) 136M->136M(247M) 61.939ms
[2020-01-29T22:17:35.711+0300][135.082s][info][gc] GC(2156) Pause Young (Allocation Failure) 204M->204M(247M) 0.044ms
[2020-01-29T22:17:35.809+0300][135.181s][info][gc] GC(2157) Pause Full (Allocation Failure) 204M->70M(247M) 98.646ms
[2020-01-29T22:17:35.889+0300][135.261s][info][gc] GC(2158) Pause Young (Allocation Failure) 137M->136M(247M) 61.658ms
[2020-01-29T22:17:35.896+0300][135.268s][info][gc] GC(2159) Pause Young (Allocation Failure) 204M->204M(247M) 0.041ms
[2020-01-29T22:17:35.995+0300][135.367s][info][gc] GC(2160) Pause Full (Allocation Failure) 204M->70M(247M) 98.685ms
[2020-01-29T22:17:36.075+0300][135.446s][info][gc] GC(2161) Pause Young (Allocation Failure) 137M->136M(247M) 61.614ms
[2020-01-29T22:17:36.082+0300][135.453s][info][gc] GC(2162) Pause Young (Allocation Failure) 204M->204M(247M) 0.042ms
[2020-01-29T22:17:36.179+0300][135.552s][info][gc] GC(2163) Pause Full (Allocation Failure) 204M->70M(247M) 98.511ms
[2020-01-29T22:17:36.261+0300][135.633s][info][gc] GC(2164) Pause Young (Allocation Failure) 137M->136M(247M) 62.075ms
[2020-01-29T22:17:36.268+0300][135.640s][info][gc] GC(2165) Pause Young (Allocation Failure) 204M->204M(247M) 0.043ms
[2020-01-29T22:17:36.368+0300][135.740s][info][gc] GC(2166) Pause Full (Allocation Failure) 204M->70M(247M) 100.499ms
[2020-01-29T22:17:36.448+0300][135.820s][info][gc] GC(2167) Pause Young (Allocation Failure) 137M->136M(247M) 61.656ms
[2020-01-29T22:17:36.455+0300][135.827s][info][gc] GC(2168) Pause Young (Allocation Failure) 204M->204M(247M) 0.042ms
[2020-01-29T22:17:36.553+0300][135.926s][info][gc] GC(2169) Pause Full (Allocation Failure) 204M->70M(247M) 98.765ms
[2020-01-29T22:17:36.634+0300][136.007s][info][gc] GC(2170) Pause Young (Allocation Failure) 137M->136M(247M) 61.681ms
[2020-01-29T22:17:36.641+0300][136.013s][info][gc] GC(2171) Pause Young (Allocation Failure) 204M->204M(247M) 0.042ms
[2020-01-29T22:17:36.741+0300][136.113s][info][gc] GC(2172) Pause Full (Allocation Failure) 204M->70M(247M) 99.317ms
[2020-01-29T22:17:36.821+0300][136.193s][info][gc] GC(2173) Pause Young (Allocation Failure) 137M->136M(247M) 61.655ms
[2020-01-29T22:17:36.828+0300][136.200s][info][gc] GC(2174) Pause Young (Allocation Failure) 204M->204M(247M) 0.044ms
[2020-01-29T22:17:36.926+0300][136.299s][info][gc] GC(2175) Pause Full (Allocation Failure) 204M->70M(247M) 98.685ms
[2020-01-29T22:17:37.007+0300][136.379s][info][gc] GC(2176) Pause Young (Allocation Failure) 137M->136M(247M) 61.996ms
[2020-01-29T22:17:37.013+0300][136.385s][info][gc] GC(2177) Pause Young (Allocation Failure) 204M->204M(247M) 0.042ms
[2020-01-29T22:17:37.113+0300][136.485s][info][gc] GC(2178) Pause Full (Allocation Failure) 204M->70M(247M) 99.691ms
[2020-01-29T22:17:37.194+0300][136.566s][info][gc] GC(2179) Pause Young (Allocation Failure) 137M->136M(247M) 61.642ms
[2020-01-29T22:17:37.201+0300][136.573s][info][gc] GC(2180) Pause Young (Allocation Failure) 204M->204M(247M) 0.042ms
[2020-01-29T22:17:37.299+0300][136.671s][info][gc] GC(2181) Pause Full (Allocation Failure) 204M->70M(247M) 98.798ms
[2020-01-29T22:17:37.379+0300][136.752s][info][gc] GC(2182) Pause Young (Allocation Failure) 137M->136M(247M) 61.713ms
[2020-01-29T22:17:37.386+0300][136.759s][info][gc] GC(2183) Pause Young (Allocation Failure) 204M->204M(247M) 0.043ms
[2020-01-29T22:17:37.485+0300][136.858s][info][gc] GC(2184) Pause Full (Allocation Failure) 204M->70M(247M) 98.928ms
[2020-01-29T22:17:37.566+0300][136.938s][info][gc] GC(2185) Pause Young (Allocation Failure) 137M->136M(247M) 62.085ms
[2020-01-29T22:17:37.573+0300][136.945s][info][gc] GC(2186) Pause Young (Allocation Failure) 204M->204M(247M) 0.043ms
[2020-01-29T22:17:37.673+0300][137.045s][info][gc] GC(2187) Pause Full (Allocation Failure) 204M->70M(247M) 100.277ms
[2020-01-29T22:17:37.753+0300][137.125s][info][gc] GC(2188) Pause Young (Allocation Failure) 137M->136M(247M) 61.657ms
[2020-01-29T22:17:37.760+0300][137.132s][info][gc] GC(2189) Pause Young (Allocation Failure) 204M->204M(247M) 0.041ms
[2020-01-29T22:17:37.859+0300][137.231s][info][gc] GC(2190) Pause Full (Allocation Failure) 204M->70M(247M) 98.461ms
[2020-01-29T22:17:37.939+0300][137.311s][info][gc] GC(2191) Pause Young (Allocation Failure) 137M->136M(247M) 61.653ms
[2020-01-29T22:17:37.946+0300][137.318s][info][gc] GC(2192) Pause Young (Allocation Failure) 204M->204M(247M) 0.045ms
[2020-01-29T22:17:38.045+0300][137.418s][info][gc] GC(2193) Pause Full (Allocation Failure) 204M->70M(247M) 99.685ms
[2020-01-29T22:17:38.125+0300][137.497s][info][gc] GC(2194) Pause Young (Allocation Failure) 137M->136M(247M) 61.658ms
[2020-01-29T22:17:38.132+0300][137.504s][info][gc] GC(2195) Pause Young (Allocation Failure) 204M->204M(247M) 0.042ms
[2020-01-29T22:17:38.231+0300][137.603s][info][gc] GC(2196) Pause Full (Allocation Failure) 204M->70M(247M) 98.745ms
[2020-01-29T22:17:38.311+0300][137.683s][info][gc] GC(2197) Pause Young (Allocation Failure) 137M->136M(247M) 61.775ms
[2020-01-29T22:17:38.319+0300][137.690s][info][gc] GC(2198) Pause Young (Allocation Failure) 204M->204M(247M) 0.045ms
[2020-01-29T22:17:38.417+0300][137.789s][info][gc] GC(2199) Pause Full (Allocation Failure) 204M->70M(247M) 98.750ms
[2020-01-29T22:17:38.496+0300][137.869s][info][gc] GC(2200) Pause Young (Allocation Failure) 137M->136M(247M) 61.728ms
[2020-01-29T22:17:38.503+0300][137.875s][info][gc] GC(2201) Pause Young (Allocation Failure) 204M->204M(247M) 0.043ms
[2020-01-29T22:17:38.602+0300][137.974s][info][gc] GC(2202) Pause Full (Allocation Failure) 204M->70M(247M) 98.827ms
[2020-01-29T22:17:38.683+0300][138.055s][info][gc] GC(2203) Pause Young (Allocation Failure) 137M->136M(247M) 61.657ms
[2020-01-29T22:17:38.690+0300][138.062s][info][gc] GC(2204) Pause Young (Allocation Failure) 204M->204M(247M) 0.042ms
[2020-01-29T22:17:38.788+0300][138.160s][info][gc] GC(2205) Pause Full (Allocation Failure) 204M->70M(247M) 98.618ms
[2020-01-29T22:17:38.868+0300][138.240s][info][gc] GC(2206) Pause Young (Allocation Failure) 137M->136M(247M) 61.621ms
[2020-01-29T22:17:38.875+0300][138.247s][info][gc] GC(2207) Pause Young (Allocation Failure) 204M->204M(247M) 0.043ms
[2020-01-29T22:17:38.974+0300][138.346s][info][gc] GC(2208) Pause Full (Allocation Failure) 204M->70M(247M) 98.492ms
[2020-01-29T22:17:39.054+0300][138.426s][info][gc] GC(2209) Pause Young (Allocation Failure) 137M->136M(247M) 61.885ms
[2020-01-29T22:17:39.060+0300][138.433s][info][gc] GC(2210) Pause Young (Allocation Failure) 204M->204M(247M) 0.044ms
[2020-01-29T22:17:39.160+0300][138.531s][info][gc] GC(2211) Pause Full (Allocation Failure) 204M->70M(247M) 98.649ms
[2020-01-29T22:17:39.239+0300][138.612s][info][gc] GC(2212) Pause Young (Allocation Failure) 137M->136M(247M) 61.648ms
[2020-01-29T22:17:39.246+0300][138.618s][info][gc] GC(2213) Pause Young (Allocation Failure) 204M->204M(247M) 0.041ms
[2020-01-29T22:17:39.345+0300][138.717s][info][gc] GC(2214) Pause Full (Allocation Failure) 204M->70M(247M) 98.620ms
[2020-01-29T22:17:39.425+0300][138.797s][info][gc] GC(2215) Pause Young (Allocation Failure) 137M->136M(247M) 61.588ms
[2020-01-29T22:17:39.432+0300][138.804s][info][gc] GC(2216) Pause Young (Allocation Failure) 204M->204M(247M) 0.041ms
[2020-01-29T22:17:39.531+0300][138.902s][info][gc] GC(2217) Pause Full (Allocation Failure) 204M->70M(247M) 98.823ms
[2020-01-29T22:17:39.611+0300][138.984s][info][gc] GC(2218) Pause Young (Allocation Failure) 137M->136M(247M) 61.741ms
[2020-01-29T22:17:39.618+0300][138.990s][info][gc] GC(2219) Pause Young (Allocation Failure) 204M->204M(247M) 0.042ms
[2020-01-29T22:17:39.717+0300][139.089s][info][gc] GC(2220) Pause Full (Allocation Failure) 204M->70M(247M) 98.760ms
[2020-01-29T22:17:39.797+0300][139.169s][info][gc] GC(2221) Pause Young (Allocation Failure) 137M->136M(247M) 61.634ms
[2020-01-29T22:17:39.804+0300][139.176s][info][gc] GC(2222) Pause Young (Allocation Failure) 204M->204M(247M) 0.041ms
[2020-01-29T22:17:39.903+0300][139.274s][info][gc] GC(2223) Pause Full (Allocation Failure) 204M->70M(247M) 98.469ms
[2020-01-29T22:17:39.982+0300][139.355s][info][gc] GC(2224) Pause Young (Allocation Failure) 137M->136M(247M) 61.651ms
[2020-01-29T22:17:39.989+0300][139.361s][info][gc] GC(2225) Pause Young (Allocation Failure) 204M->204M(247M) 0.042ms
[2020-01-29T22:17:40.088+0300][139.460s][info][gc] GC(2226) Pause Full (Allocation Failure) 204M->70M(247M) 98.353ms
[2020-01-29T22:17:40.168+0300][139.540s][info][gc] GC(2227) Pause Young (Allocation Failure) 137M->136M(247M) 61.682ms
[2020-01-29T22:17:40.176+0300][139.547s][info][gc] GC(2228) Pause Young (Allocation Failure) 204M->204M(247M) 0.043ms
[2020-01-29T22:17:40.274+0300][139.646s][info][gc] GC(2229) Pause Full (Allocation Failure) 204M->70M(247M) 98.255ms
[2020-01-29T22:17:40.353+0300][139.726s][info][gc] GC(2230) Pause Young (Allocation Failure) 137M->136M(247M) 61.749ms
[2020-01-29T22:17:40.360+0300][139.732s][info][gc] GC(2231) Pause Young (Allocation Failure) 204M->204M(247M) 0.042ms
[2020-01-29T22:17:40.459+0300][139.831s][info][gc] GC(2232) Pause Full (Allocation Failure) 204M->70M(247M) 98.621ms
[2020-01-29T22:17:40.539+0300][139.911s][info][gc] GC(2233) Pause Young (Allocation Failure) 137M->136M(247M) 61.707ms
[2020-01-29T22:17:40.546+0300][139.918s][info][gc] GC(2234) Pause Young (Allocation Failure) 204M->204M(247M) 0.043ms
[2020-01-29T22:17:40.645+0300][140.017s][info][gc] GC(2235) Pause Full (Allocation Failure) 204M->70M(247M) 98.566ms
[2020-01-29T22:17:40.724+0300][140.097s][info][gc] GC(2236) Pause Young (Allocation Failure) 137M->136M(247M) 61.746ms
[2020-01-29T22:17:40.731+0300][140.103s][info][gc] GC(2237) Pause Young (Allocation Failure) 204M->204M(247M) 0.046ms
[2020-01-29T22:17:40.831+0300][140.203s][info][gc] GC(2238) Pause Full (Allocation Failure) 204M->70M(247M) 99.409ms
[2020-01-29T22:17:40.911+0300][140.283s][info][gc] GC(2239) Pause Young (Allocation Failure) 137M->136M(247M) 61.774ms
[2020-01-29T22:17:40.918+0300][140.290s][info][gc] GC(2240) Pause Young (Allocation Failure) 204M->204M(247M) 0.047ms
[2020-01-29T22:17:41.018+0300][140.389s][info][gc] GC(2241) Pause Full (Allocation Failure) 204M->70M(247M) 98.916ms
[2020-01-29T22:17:41.097+0300][140.469s][info][gc] GC(2242) Pause Young (Allocation Failure) 137M->136M(247M) 61.824ms
[2020-01-29T22:17:41.104+0300][140.476s][info][gc] GC(2243) Pause Young (Allocation Failure) 204M->204M(247M) 0.043ms
[2020-01-29T22:17:41.202+0300][140.574s][info][gc] GC(2244) Pause Full (Allocation Failure) 204M->70M(247M) 98.556ms
[2020-01-29T22:17:41.284+0300][140.655s][info][gc] GC(2245) Pause Young (Allocation Failure) 137M->136M(247M) 61.798ms
[2020-01-29T22:17:41.291+0300][140.662s][info][gc] GC(2246) Pause Young (Allocation Failure) 204M->204M(247M) 0.047ms
[2020-01-29T22:17:41.390+0300][140.761s][info][gc] GC(2247) Pause Full (Allocation Failure) 204M->70M(247M) 98.683ms
[2020-01-29T22:17:41.469+0300][140.842s][info][gc] GC(2248) Pause Young (Allocation Failure) 137M->136M(247M) 61.671ms
[2020-01-29T22:17:41.476+0300][140.848s][info][gc] GC(2249) Pause Young (Allocation Failure) 204M->204M(247M) 0.042ms
[2020-01-29T22:17:41.576+0300][140.947s][info][gc] GC(2250) Pause Full (Allocation Failure) 204M->70M(247M) 98.756ms
[2020-01-29T22:17:41.655+0300][141.028s][info][gc] GC(2251) Pause Young (Allocation Failure) 137M->136M(247M) 61.701ms
[2020-01-29T22:17:41.662+0300][141.034s][info][gc] GC(2252) Pause Young (Allocation Failure) 204M->204M(247M) 0.042ms
[2020-01-29T22:17:41.761+0300][141.133s][info][gc] GC(2253) Pause Full (Allocation Failure) 204M->70M(247M) 98.203ms
[2020-01-29T22:17:41.841+0300][141.212s][info][gc] GC(2254) Pause Young (Allocation Failure) 137M->136M(247M) 61.818ms
[2020-01-29T22:17:41.847+0300][141.219s][info][gc] GC(2255) Pause Young (Allocation Failure) 204M->204M(247M) 0.044ms
[2020-01-29T22:17:41.947+0300][141.319s][info][gc] GC(2256) Pause Full (Allocation Failure) 204M->70M(247M) 99.615ms
[2020-01-29T22:17:42.026+0300][141.399s][info][gc] GC(2257) Pause Young (Allocation Failure) 137M->136M(247M) 61.771ms
[2020-01-29T22:17:42.033+0300][141.405s][info][gc] GC(2258) Pause Young (Allocation Failure) 204M->204M(247M) 0.044ms
[2020-01-29T22:17:42.132+0300][141.504s][info][gc] GC(2259) Pause Full (Allocation Failure) 204M->70M(247M) 98.412ms
[2020-01-29T22:17:42.213+0300][141.585s][info][gc] GC(2260) Pause Young (Allocation Failure) 137M->136M(247M) 61.796ms
[2020-01-29T22:17:42.220+0300][141.591s][info][gc] GC(2261) Pause Young (Allocation Failure) 204M->204M(247M) 0.043ms
[2020-01-29T22:17:42.319+0300][141.690s][info][gc] GC(2262) Pause Full (Allocation Failure) 204M->70M(247M) 98.695ms
[2020-01-29T22:17:42.399+0300][141.771s][info][gc] GC(2263) Pause Young (Allocation Failure) 137M->136M(247M) 61.819ms
[2020-01-29T22:17:42.406+0300][141.778s][info][gc] GC(2264) Pause Young (Allocation Failure) 204M->204M(247M) 0.045ms
[2020-01-29T22:17:42.505+0300][141.877s][info][gc] GC(2265) Pause Full (Allocation Failure) 204M->70M(247M) 99.325ms
[2020-01-29T22:17:42.586+0300][141.957s][info][gc] GC(2266) Pause Young (Allocation Failure) 137M->136M(247M) 61.894ms
[2020-01-29T22:17:42.593+0300][141.965s][info][gc] GC(2267) Pause Young (Allocation Failure) 204M->204M(247M) 0.045ms
[2020-01-29T22:17:42.694+0300][142.065s][info][gc] GC(2268) Pause Full (Allocation Failure) 204M->70M(247M) 100.258ms
[2020-01-29T22:17:42.775+0300][142.147s][info][gc] GC(2269) Pause Young (Allocation Failure) 137M->136M(247M) 63.190ms
[2020-01-29T22:17:42.782+0300][142.154s][info][gc] GC(2270) Pause Young (Allocation Failure) 204M->204M(247M) 0.043ms
[2020-01-29T22:17:42.884+0300][142.256s][info][gc] GC(2271) Pause Full (Allocation Failure) 204M->70M(247M) 101.647ms
[2020-01-29T22:17:42.965+0300][142.336s][info][gc] GC(2272) Pause Young (Allocation Failure) 137M->136M(247M) 61.817ms
[2020-01-29T22:17:42.972+0300][142.344s][info][gc] GC(2273) Pause Young (Allocation Failure) 204M->204M(247M) 0.047ms
[2020-01-29T22:17:43.072+0300][142.444s][info][gc] GC(2274) Pause Full (Allocation Failure) 204M->70M(247M) 99.889ms
[2020-01-29T22:17:43.153+0300][142.525s][info][gc] GC(2275) Pause Young (Allocation Failure) 137M->136M(247M) 62.213ms
[2020-01-29T22:17:43.161+0300][142.533s][info][gc] GC(2276) Pause Young (Allocation Failure) 204M->204M(247M) 0.047ms
[2020-01-29T22:17:43.263+0300][142.635s][info][gc] GC(2277) Pause Full (Allocation Failure) 204M->70M(247M) 101.872ms
[2020-01-29T22:17:43.344+0300][142.715s][info][gc] GC(2278) Pause Young (Allocation Failure) 137M->136M(247M) 61.821ms
[2020-01-29T22:17:43.350+0300][142.722s][info][gc] GC(2279) Pause Young (Allocation Failure) 204M->204M(247M) 0.043ms
[2020-01-29T22:17:43.449+0300][142.821s][info][gc] GC(2280) Pause Full (Allocation Failure) 204M->70M(247M) 98.649ms
[2020-01-29T22:17:43.529+0300][142.901s][info][gc] GC(2281) Pause Young (Allocation Failure) 137M->136M(247M) 61.709ms
[2020-01-29T22:17:43.536+0300][142.908s][info][gc] GC(2282) Pause Young (Allocation Failure) 204M->204M(247M) 0.047ms
[2020-01-29T22:17:43.635+0300][143.007s][info][gc] GC(2283) Pause Full (Allocation Failure) 204M->70M(247M) 99.325ms
[2020-01-29T22:17:43.715+0300][143.087s][info][gc] GC(2284) Pause Young (Allocation Failure) 137M->136M(247M) 61.740ms
[2020-01-29T22:17:43.722+0300][143.094s][info][gc] GC(2285) Pause Young (Allocation Failure) 204M->204M(247M) 0.043ms
[2020-01-29T22:17:43.822+0300][143.194s][info][gc] GC(2286) Pause Full (Allocation Failure) 204M->70M(247M) 99.516ms
[2020-01-29T22:17:43.902+0300][143.274s][info][gc] GC(2287) Pause Young (Allocation Failure) 137M->136M(247M) 62.295ms
[2020-01-29T22:17:43.909+0300][143.281s][info][gc] GC(2288) Pause Young (Allocation Failure) 204M->204M(247M) 0.044ms
[2020-01-29T22:17:44.009+0300][143.381s][info][gc] GC(2289) Pause Full (Allocation Failure) 204M->70M(247M) 99.400ms
[2020-01-29T22:17:44.088+0300][143.460s][info][gc] GC(2290) Pause Young (Allocation Failure) 137M->136M(247M) 61.673ms
[2020-01-29T22:17:44.095+0300][143.467s][info][gc] GC(2291) Pause Young (Allocation Failure) 204M->204M(247M) 0.043ms
[2020-01-29T22:17:44.194+0300][143.565s][info][gc] GC(2292) Pause Full (Allocation Failure) 204M->70M(247M) 98.343ms
[2020-01-29T22:17:44.273+0300][143.646s][info][gc] GC(2293) Pause Young (Allocation Failure) 137M->136M(247M) 61.730ms
[2020-01-29T22:17:44.280+0300][143.652s][info][gc] GC(2294) Pause Young (Allocation Failure) 204M->204M(247M) 0.042ms
[2020-01-29T22:17:44.379+0300][143.751s][info][gc] GC(2295) Pause Full (Allocation Failure) 204M->70M(247M) 98.725ms
[2020-01-29T22:17:44.461+0300][143.832s][info][gc] GC(2296) Pause Young (Allocation Failure) 137M->136M(247M) 62.824ms
[2020-01-29T22:17:44.467+0300][143.839s][info][gc] GC(2297) Pause Young (Allocation Failure) 204M->204M(247M) 0.043ms
[2020-01-29T22:17:44.567+0300][143.938s][info][gc] GC(2298) Pause Full (Allocation Failure) 204M->70M(247M) 99.293ms
[2020-01-29T22:17:44.648+0300][144.020s][info][gc] GC(2299) Pause Young (Allocation Failure) 137M->136M(247M) 62.006ms
[2020-01-29T22:17:44.655+0300][144.027s][info][gc] GC(2300) Pause Young (Allocation Failure) 204M->204M(247M) 0.044ms
[2020-01-29T22:17:44.754+0300][144.126s][info][gc] GC(2301) Pause Full (Allocation Failure) 204M->70M(247M) 98.546ms
[2020-01-29T22:17:44.833+0300][144.206s][info][gc] GC(2302) Pause Young (Allocation Failure) 137M->136M(247M) 61.697ms
[2020-01-29T22:17:44.840+0300][144.212s][info][gc] GC(2303) Pause Young (Allocation Failure) 204M->204M(247M) 0.042ms
[2020-01-29T22:17:44.939+0300][144.311s][info][gc] GC(2304) Pause Full (Allocation Failure) 204M->70M(247M) 98.556ms
[2020-01-29T22:17:45.020+0300][144.391s][info][gc] GC(2305) Pause Young (Allocation Failure) 137M->136M(247M) 61.863ms
[2020-01-29T22:17:45.026+0300][144.398s][info][gc] GC(2306) Pause Young (Allocation Failure) 204M->204M(247M) 0.044ms
[2020-01-29T22:17:45.126+0300][144.497s][info][gc] GC(2307) Pause Full (Allocation Failure) 204M->70M(247M) 99.163ms
[2020-01-29T22:17:45.205+0300][144.578s][info][gc] GC(2308) Pause Young (Allocation Failure) 137M->136M(247M) 61.736ms
[2020-01-29T22:17:45.212+0300][144.585s][info][gc] GC(2309) Pause Young (Allocation Failure) 204M->204M(247M) 0.041ms
[2020-01-29T22:17:45.311+0300][144.683s][info][gc] GC(2310) Pause Full (Allocation Failure) 204M->70M(247M) 98.536ms
[2020-01-29T22:17:45.391+0300][144.764s][info][gc] GC(2311) Pause Young (Allocation Failure) 137M->136M(247M) 61.746ms
[2020-01-29T22:17:45.398+0300][144.770s][info][gc] GC(2312) Pause Young (Allocation Failure) 204M->204M(247M) 0.043ms
[2020-01-29T22:17:45.497+0300][144.869s][info][gc] GC(2313) Pause Full (Allocation Failure) 204M->70M(247M) 98.345ms
[2020-01-29T22:17:45.577+0300][144.949s][info][gc] GC(2314) Pause Young (Allocation Failure) 137M->136M(247M) 61.960ms
[2020-01-29T22:17:45.584+0300][144.956s][info][gc] GC(2315) Pause Young (Allocation Failure) 204M->204M(247M) 0.049ms
[2020-01-29T22:17:45.684+0300][145.056s][info][gc] GC(2316) Pause Full (Allocation Failure) 204M->70M(247M) 99.224ms
[2020-01-29T22:17:45.765+0300][145.136s][info][gc] GC(2317) Pause Young (Allocation Failure) 137M->136M(247M) 61.994ms
[2020-01-29T22:17:45.772+0300][145.143s][info][gc] GC(2318) Pause Young (Allocation Failure) 204M->204M(247M) 0.042ms
[2020-01-29T22:17:45.871+0300][145.242s][info][gc] GC(2319) Pause Full (Allocation Failure) 204M->70M(247M) 98.939ms
[2020-01-29T22:17:45.950+0300][145.323s][info][gc] GC(2320) Pause Young (Allocation Failure) 137M->136M(247M) 61.687ms
[2020-01-29T22:17:45.957+0300][145.329s][info][gc] GC(2321) Pause Young (Allocation Failure) 204M->204M(247M) 0.045ms
[2020-01-29T22:17:46.057+0300][145.429s][info][gc] GC(2322) Pause Full (Allocation Failure) 204M->70M(247M) 99.600ms
[2020-01-29T22:17:46.138+0300][145.509s][info][gc] GC(2323) Pause Young (Allocation Failure) 137M->136M(247M) 61.890ms
[2020-01-29T22:17:46.145+0300][145.516s][info][gc] GC(2324) Pause Young (Allocation Failure) 204M->204M(247M) 0.045ms
[2020-01-29T22:17:46.243+0300][145.614s][info][gc] GC(2325) Pause Full (Allocation Failure) 204M->70M(247M) 98.084ms
[2020-01-29T22:17:46.322+0300][145.695s][info][gc] GC(2326) Pause Young (Allocation Failure) 137M->136M(247M) 61.761ms
[2020-01-29T22:17:46.330+0300][145.701s][info][gc] GC(2327) Pause Young (Allocation Failure) 204M->204M(247M) 0.047ms
[2020-01-29T22:17:46.429+0300][145.800s][info][gc] GC(2328) Pause Full (Allocation Failure) 204M->70M(247M) 98.901ms
[2020-01-29T22:17:46.508+0300][145.881s][info][gc] GC(2329) Pause Young (Allocation Failure) 137M->136M(247M) 61.704ms
[2020-01-29T22:17:46.515+0300][145.887s][info][gc] GC(2330) Pause Young (Allocation Failure) 204M->204M(247M) 0.044ms
[2020-01-29T22:17:46.614+0300][145.986s][info][gc] GC(2331) Pause Full (Allocation Failure) 204M->70M(247M) 98.344ms
[2020-01-29T22:17:46.695+0300][146.067s][info][gc] GC(2332) Pause Young (Allocation Failure) 137M->136M(247M) 61.704ms
[2020-01-29T22:17:46.702+0300][146.074s][info][gc] GC(2333) Pause Young (Allocation Failure) 204M->204M(247M) 0.044ms
[2020-01-29T22:17:46.801+0300][146.172s][info][gc] GC(2334) Pause Full (Allocation Failure) 204M->70M(247M) 98.100ms
[2020-01-29T22:17:46.880+0300][146.252s][info][gc] GC(2335) Pause Young (Allocation Failure) 137M->136M(247M) 61.704ms
[2020-01-29T22:17:46.887+0300][146.259s][info][gc] GC(2336) Pause Young (Allocation Failure) 204M->204M(247M) 0.050ms
[2020-01-29T22:17:46.985+0300][146.357s][info][gc] GC(2337) Pause Full (Allocation Failure) 204M->70M(247M) 98.337ms
[2020-01-29T22:17:47.065+0300][146.437s][info][gc] GC(2338) Pause Young (Allocation Failure) 137M->136M(247M) 61.693ms
[2020-01-29T22:17:47.072+0300][146.444s][info][gc] GC(2339) Pause Young (Allocation Failure) 204M->204M(247M) 0.043ms
[2020-01-29T22:17:47.171+0300][146.543s][info][gc] GC(2340) Pause Full (Allocation Failure) 204M->70M(247M) 98.536ms
[2020-01-29T22:17:47.250+0300][146.623s][info][gc] GC(2341) Pause Young (Allocation Failure) 137M->136M(247M) 61.654ms
[2020-01-29T22:17:47.257+0300][146.629s][info][gc] GC(2342) Pause Young (Allocation Failure) 204M->204M(247M) 0.043ms
[2020-01-29T22:17:47.356+0300][146.728s][info][gc] GC(2343) Pause Full (Allocation Failure) 204M->70M(247M) 98.318ms
[2020-01-29T22:17:47.437+0300][146.808s][info][gc] GC(2344) Pause Young (Allocation Failure) 137M->136M(247M) 61.783ms
[2020-01-29T22:17:47.443+0300][146.815s][info][gc] GC(2345) Pause Young (Allocation Failure) 204M->204M(247M) 0.043ms
[2020-01-29T22:17:47.542+0300][146.914s][info][gc] GC(2346) Pause Full (Allocation Failure) 204M->70M(247M) 98.288ms
[2020-01-29T22:17:47.621+0300][146.994s][info][gc] GC(2347) Pause Young (Allocation Failure) 137M->136M(247M) 61.636ms
[2020-01-29T22:17:47.628+0300][147.000s][info][gc] GC(2348) Pause Young (Allocation Failure) 204M->204M(247M) 0.042ms
[2020-01-29T22:17:47.727+0300][147.099s][info][gc] GC(2349) Pause Full (Allocation Failure) 204M->70M(247M) 98.354ms
[2020-01-29T22:17:47.807+0300][147.179s][info][gc] GC(2350) Pause Young (Allocation Failure) 137M->136M(247M) 61.672ms
[2020-01-29T22:17:47.814+0300][147.186s][info][gc] GC(2351) Pause Young (Allocation Failure) 204M->204M(247M) 0.042ms
[2020-01-29T22:17:47.912+0300][147.284s][info][gc] GC(2352) Pause Full (Allocation Failure) 204M->70M(247M) 98.108ms
[2020-01-29T22:17:47.991+0300][147.364s][info][gc] GC(2353) Pause Young (Allocation Failure) 137M->136M(247M) 61.700ms
[2020-01-29T22:17:47.998+0300][147.371s][info][gc] GC(2354) Pause Young (Allocation Failure) 204M->204M(247M) 0.044ms
[2020-01-29T22:17:48.098+0300][147.469s][info][gc] GC(2355) Pause Full (Allocation Failure) 204M->70M(247M) 98.415ms
[2020-01-29T22:17:48.177+0300][147.550s][info][gc] GC(2356) Pause Young (Allocation Failure) 137M->136M(247M) 61.686ms
[2020-01-29T22:17:48.184+0300][147.557s][info][gc] GC(2357) Pause Young (Allocation Failure) 204M->204M(247M) 0.044ms
[2020-01-29T22:17:48.283+0300][147.655s][info][gc] GC(2358) Pause Full (Allocation Failure) 204M->70M(247M) 98.371ms
[2020-01-29T22:17:48.364+0300][147.735s][info][gc] GC(2359) Pause Young (Allocation Failure) 137M->136M(247M) 61.811ms
[2020-01-29T22:17:48.370+0300][147.742s][info][gc] GC(2360) Pause Young (Allocation Failure) 204M->204M(247M) 0.042ms
[2020-01-29T22:17:48.469+0300][147.840s][info][gc] GC(2361) Pause Full (Allocation Failure) 204M->70M(247M) 98.208ms
[2020-01-29T22:17:48.548+0300][147.920s][info][gc] GC(2362) Pause Young (Allocation Failure) 137M->136M(247M) 61.890ms
[2020-01-29T22:17:48.555+0300][147.927s][info][gc] GC(2363) Pause Young (Allocation Failure) 204M->204M(247M) 0.045ms
[2020-01-29T22:17:48.654+0300][148.027s][info][gc] GC(2364) Pause Full (Allocation Failure) 204M->70M(247M) 99.281ms
[2020-01-29T22:17:48.735+0300][148.107s][info][gc] GC(2365) Pause Young (Allocation Failure) 137M->136M(247M) 62.131ms
[2020-01-29T22:17:48.741+0300][148.113s][info][gc] GC(2366) Pause Young (Allocation Failure) 204M->204M(247M) 0.042ms
[2020-01-29T22:17:48.840+0300][148.212s][info][gc] GC(2367) Pause Full (Allocation Failure) 204M->70M(247M) 98.566ms
[2020-01-29T22:17:48.920+0300][148.292s][info][gc] GC(2368) Pause Young (Allocation Failure) 137M->136M(247M) 61.633ms
[2020-01-29T22:17:48.927+0300][148.298s][info][gc] GC(2369) Pause Young (Allocation Failure) 204M->204M(247M) 0.042ms
[2020-01-29T22:17:49.025+0300][148.397s][info][gc] GC(2370) Pause Full (Allocation Failure) 204M->70M(247M) 98.231ms
[2020-01-29T22:17:49.104+0300][148.476s][info][gc] GC(2371) Pause Young (Allocation Failure) 137M->136M(247M) 61.736ms
[2020-01-29T22:17:49.111+0300][148.483s][info][gc] GC(2372) Pause Young (Allocation Failure) 204M->204M(247M) 0.043ms
[2020-01-29T22:17:49.210+0300][148.582s][info][gc] GC(2373) Pause Full (Allocation Failure) 204M->70M(247M) 98.415ms
[2020-01-29T22:17:49.290+0300][148.662s][info][gc] GC(2374) Pause Young (Allocation Failure) 137M->136M(247M) 61.627ms
[2020-01-29T22:17:49.297+0300][148.668s][info][gc] GC(2375) Pause Young (Allocation Failure) 204M->204M(247M) 0.043ms
[2020-01-29T22:17:49.395+0300][148.767s][info][gc] GC(2376) Pause Full (Allocation Failure) 204M->70M(247M) 98.314ms
[2020-01-29T22:17:49.475+0300][148.847s][info][gc] GC(2377) Pause Young (Allocation Failure) 137M->136M(247M) 61.645ms
[2020-01-29T22:17:49.482+0300][148.854s][info][gc] GC(2378) Pause Young (Allocation Failure) 204M->204M(247M) 0.045ms
[2020-01-29T22:17:49.581+0300][148.952s][info][gc] GC(2379) Pause Full (Allocation Failure) 204M->70M(247M) 98.389ms
[2020-01-29T22:17:49.662+0300][149.033s][info][gc] GC(2380) Pause Young (Allocation Failure) 137M->136M(247M) 62.286ms
[2020-01-29T22:17:49.669+0300][149.040s][info][gc] GC(2381) Pause Young (Allocation Failure) 204M->204M(247M) 0.043ms
[2020-01-29T22:17:49.767+0300][149.139s][info][gc] GC(2382) Pause Full (Allocation Failure) 204M->70M(247M) 98.249ms
[2020-01-29T22:17:49.847+0300][149.219s][info][gc] GC(2383) Pause Young (Allocation Failure) 137M->136M(247M) 61.639ms
[2020-01-29T22:17:49.854+0300][149.225s][info][gc] GC(2384) Pause Young (Allocation Failure) 204M->204M(247M) 0.043ms
[2020-01-29T22:17:49.952+0300][149.324s][info][gc] GC(2385) Pause Full (Allocation Failure) 204M->70M(247M) 98.319ms
[2020-01-29T22:17:50.032+0300][149.404s][info][gc] GC(2386) Pause Young (Allocation Failure) 137M->136M(247M) 61.663ms
[2020-01-29T22:17:50.039+0300][149.411s][info][gc] GC(2387) Pause Young (Allocation Failure) 204M->204M(247M) 0.042ms
[2020-01-29T22:17:50.138+0300][149.510s][info][gc] GC(2388) Pause Full (Allocation Failure) 204M->70M(247M) 98.446ms
[2020-01-29T22:17:50.219+0300][149.590s][info][gc] GC(2389) Pause Young (Allocation Failure) 137M->136M(247M) 62.132ms
[2020-01-29T22:17:50.226+0300][149.597s][info][gc] GC(2390) Pause Young (Allocation Failure) 204M->204M(247M) 0.044ms
[2020-01-29T22:17:50.323+0300][149.696s][info][gc] GC(2391) Pause Full (Allocation Failure) 204M->70M(247M) 98.317ms
[2020-01-29T22:17:50.404+0300][149.775s][info][gc] GC(2392) Pause Young (Allocation Failure) 137M->136M(247M) 61.729ms
[2020-01-29T22:17:50.411+0300][149.782s][info][gc] GC(2393) Pause Young (Allocation Failure) 204M->204M(247M) 0.042ms
[2020-01-29T22:17:50.509+0300][149.880s][info][gc] GC(2394) Pause Full (Allocation Failure) 204M->70M(247M) 98.357ms
[2020-01-29T22:17:50.589+0300][149.961s][info][gc] GC(2395) Pause Young (Allocation Failure) 137M->136M(247M) 61.644ms
[2020-01-29T22:17:50.596+0300][149.968s][info][gc] GC(2396) Pause Young (Allocation Failure) 204M->204M(247M) 0.045ms
[2020-01-29T22:17:50.694+0300][150.066s][info][gc] GC(2397) Pause Full (Allocation Failure) 204M->70M(247M) 98.346ms
[2020-01-29T22:17:50.774+0300][150.146s][info][gc] GC(2398) Pause Young (Allocation Failure) 137M->136M(247M) 61.730ms
[2020-01-29T22:17:50.781+0300][150.153s][info][gc] GC(2399) Pause Young (Allocation Failure) 204M->204M(247M) 0.044ms
[2020-01-29T22:17:50.880+0300][150.252s][info][gc] GC(2400) Pause Full (Allocation Failure) 204M->70M(247M) 98.213ms
[2020-01-29T22:17:50.960+0300][150.332s][info][gc] GC(2401) Pause Young (Allocation Failure) 137M->136M(247M) 61.638ms
[2020-01-29T22:17:50.967+0300][150.338s][info][gc] GC(2402) Pause Young (Allocation Failure) 204M->204M(247M) 0.043ms
[2020-01-29T22:17:51.065+0300][150.437s][info][gc] GC(2403) Pause Full (Allocation Failure) 204M->70M(247M) 98.314ms
[2020-01-29T22:17:51.144+0300][150.516s][info][gc] GC(2404) Pause Young (Allocation Failure) 137M->136M(247M) 61.660ms
[2020-01-29T22:17:51.151+0300][150.523s][info][gc] GC(2405) Pause Young (Allocation Failure) 204M->204M(247M) 0.041ms
[2020-01-29T22:17:51.250+0300][150.622s][info][gc] GC(2406) Pause Full (Allocation Failure) 204M->70M(247M) 98.174ms
[2020-01-29T22:17:51.330+0300][150.702s][info][gc] GC(2407) Pause Young (Allocation Failure) 137M->136M(247M) 61.761ms
[2020-01-29T22:17:51.337+0300][150.709s][info][gc] GC(2408) Pause Young (Allocation Failure) 204M->204M(247M) 0.043ms
[2020-01-29T22:17:51.435+0300][150.807s][info][gc] GC(2409) Pause Full (Allocation Failure) 204M->70M(247M) 98.376ms
[2020-01-29T22:17:51.515+0300][150.887s][info][gc] GC(2410) Pause Young (Allocation Failure) 137M->136M(247M) 61.637ms
[2020-01-29T22:17:51.522+0300][150.894s][info][gc] GC(2411) Pause Young (Allocation Failure) 204M->204M(247M) 0.042ms
[2020-01-29T22:17:51.621+0300][150.993s][info][gc] GC(2412) Pause Full (Allocation Failure) 204M->70M(247M) 98.612ms
[2020-01-29T22:17:51.701+0300][151.073s][info][gc] GC(2413) Pause Young (Allocation Failure) 137M->136M(247M) 61.729ms
[2020-01-29T22:17:51.708+0300][151.080s][info][gc] GC(2414) Pause Young (Allocation Failure) 204M->204M(247M) 0.044ms
[2020-01-29T22:17:51.806+0300][151.178s][info][gc] GC(2415) Pause Full (Allocation Failure) 204M->70M(247M) 98.094ms
[2020-01-29T22:17:51.886+0300][151.258s][info][gc] GC(2416) Pause Young (Allocation Failure) 137M->136M(247M) 61.691ms
[2020-01-29T22:17:51.893+0300][151.265s][info][gc] GC(2417) Pause Young (Allocation Failure) 204M->204M(247M) 0.043ms
[2020-01-29T22:17:51.991+0300][151.363s][info][gc] GC(2418) Pause Full (Allocation Failure) 204M->70M(247M) 98.339ms
[2020-01-29T22:17:52.072+0300][151.443s][info][gc] GC(2419) Pause Young (Allocation Failure) 137M->136M(247M) 61.641ms
[2020-01-29T22:17:52.079+0300][151.450s][info][gc] GC(2420) Pause Young (Allocation Failure) 204M->204M(247M) 0.044ms
[2020-01-29T22:17:52.177+0300][151.549s][info][gc] GC(2421) Pause Full (Allocation Failure) 204M->70M(247M) 98.828ms
[2020-01-29T22:17:52.257+0300][151.629s][info][gc] GC(2422) Pause Young (Allocation Failure) 137M->136M(247M) 61.699ms
[2020-01-29T22:17:52.264+0300][151.636s][info][gc] GC(2423) Pause Young (Allocation Failure) 204M->204M(247M) 0.045ms
[2020-01-29T22:17:52.363+0300][151.734s][info][gc] GC(2424) Pause Full (Allocation Failure) 204M->70M(247M) 98.081ms
[2020-01-29T22:17:52.442+0300][151.814s][info][gc] GC(2425) Pause Young (Allocation Failure) 137M->136M(247M) 61.716ms
[2020-01-29T22:17:52.449+0300][151.821s][info][gc] GC(2426) Pause Young (Allocation Failure) 204M->204M(247M) 0.043ms
[2020-01-29T22:17:52.547+0300][151.919s][info][gc] GC(2427) Pause Full (Allocation Failure) 204M->70M(247M) 98.412ms
[2020-01-29T22:17:52.627+0300][151.999s][info][gc] GC(2428) Pause Young (Allocation Failure) 137M->136M(247M) 61.636ms
[2020-01-29T22:17:52.634+0300][152.006s][info][gc] GC(2429) Pause Young (Allocation Failure) 204M->204M(247M) 0.042ms
[2020-01-29T22:17:52.733+0300][152.104s][info][gc] GC(2430) Pause Full (Allocation Failure) 204M->70M(247M) 98.410ms
[2020-01-29T22:17:52.813+0300][152.185s][info][gc] GC(2431) Pause Young (Allocation Failure) 137M->136M(247M) 61.620ms
[2020-01-29T22:17:52.820+0300][152.192s][info][gc] GC(2432) Pause Young (Allocation Failure) 204M->204M(247M) 0.040ms
[2020-01-29T22:17:52.918+0300][152.290s][info][gc] GC(2433) Pause Full (Allocation Failure) 204M->70M(247M) 98.251ms
[2020-01-29T22:17:52.999+0300][152.371s][info][gc] GC(2434) Pause Young (Allocation Failure) 137M->136M(247M) 62.056ms
[2020-01-29T22:17:53.006+0300][152.378s][info][gc] GC(2435) Pause Young (Allocation Failure) 204M->204M(247M) 0.045ms
[2020-01-29T22:17:53.104+0300][152.476s][info][gc] GC(2436) Pause Full (Allocation Failure) 204M->70M(247M) 98.227ms
[2020-01-29T22:17:53.185+0300][152.557s][info][gc] GC(2437) Pause Young (Allocation Failure) 137M->136M(247M) 61.806ms
[2020-01-29T22:17:53.192+0300][152.564s][info][gc] GC(2438) Pause Young (Allocation Failure) 204M->204M(247M) 0.044ms
[2020-01-29T22:17:53.290+0300][152.662s][info][gc] GC(2439) Pause Full (Allocation Failure) 204M->70M(247M) 98.367ms
[2020-01-29T22:17:53.372+0300][152.743s][info][gc] GC(2440) Pause Young (Allocation Failure) 137M->136M(247M) 62.209ms
[2020-01-29T22:17:53.379+0300][152.750s][info][gc] GC(2441) Pause Young (Allocation Failure) 204M->204M(247M) 0.043ms
[2020-01-29T22:17:53.477+0300][152.849s][info][gc] GC(2442) Pause Full (Allocation Failure) 204M->70M(247M) 98.676ms
[2020-01-29T22:17:53.557+0300][152.929s][info][gc] GC(2443) Pause Young (Allocation Failure) 137M->136M(247M) 61.710ms
[2020-01-29T22:17:53.565+0300][152.936s][info][gc] GC(2444) Pause Young (Allocation Failure) 204M->204M(247M) 0.044ms
[2020-01-29T22:17:53.664+0300][153.035s][info][gc] GC(2445) Pause Full (Allocation Failure) 204M->70M(247M) 99.035ms
[2020-01-29T22:17:53.743+0300][153.115s][info][gc] GC(2446) Pause Young (Allocation Failure) 137M->136M(247M) 61.659ms
[2020-01-29T22:17:53.750+0300][153.122s][info][gc] GC(2447) Pause Young (Allocation Failure) 204M->204M(247M) 0.042ms
[2020-01-29T22:17:53.848+0300][153.221s][info][gc] GC(2448) Pause Full (Allocation Failure) 204M->70M(247M) 98.354ms
[2020-01-29T22:17:53.928+0300][153.301s][info][gc] GC(2449) Pause Young (Allocation Failure) 137M->136M(247M) 61.752ms
[2020-01-29T22:17:53.935+0300][153.307s][info][gc] GC(2450) Pause Young (Allocation Failure) 204M->204M(247M) 0.043ms
[2020-01-29T22:17:54.034+0300][153.405s][info][gc] GC(2451) Pause Full (Allocation Failure) 204M->70M(247M) 98.250ms
[2020-01-29T22:17:54.115+0300][153.486s][info][gc] GC(2452) Pause Young (Allocation Failure) 137M->136M(247M) 61.822ms
[2020-01-29T22:17:54.121+0300][153.493s][info][gc] GC(2453) Pause Young (Allocation Failure) 204M->204M(247M) 0.043ms
[2020-01-29T22:17:54.220+0300][153.592s][info][gc] GC(2454) Pause Full (Allocation Failure) 204M->70M(247M) 98.848ms
[2020-01-29T22:17:54.300+0300][153.672s][info][gc] GC(2455) Pause Young (Allocation Failure) 137M->136M(247M) 61.626ms
[2020-01-29T22:17:54.307+0300][153.679s][info][gc] GC(2456) Pause Young (Allocation Failure) 204M->204M(247M) 0.043ms
[2020-01-29T22:17:54.406+0300][153.778s][info][gc] GC(2457) Pause Full (Allocation Failure) 204M->70M(247M) 98.345ms
[2020-01-29T22:17:54.486+0300][153.858s][info][gc] GC(2458) Pause Young (Allocation Failure) 137M->136M(247M) 61.594ms
[2020-01-29T22:17:54.493+0300][153.865s][info][gc] GC(2459) Pause Young (Allocation Failure) 204M->204M(247M) 0.042ms
[2020-01-29T22:17:54.591+0300][153.963s][info][gc] GC(2460) Pause Full (Allocation Failure) 204M->70M(247M) 98.526ms
[2020-01-29T22:17:54.673+0300][154.045s][info][gc] GC(2461) Pause Young (Allocation Failure) 137M->136M(247M) 62.996ms
[2020-01-29T22:17:54.686+0300][154.058s][info][gc] GC(2462) Pause Young (Allocation Failure) 204M->204M(247M) 0.044ms
[2020-01-29T22:17:54.786+0300][154.157s][info][gc] GC(2463) Pause Full (Allocation Failure) 204M->70M(247M) 99.547ms
[2020-01-29T22:17:54.865+0300][154.237s][info][gc] GC(2464) Pause Young (Allocation Failure) 137M->136M(247M) 61.617ms
[2020-01-29T22:17:54.872+0300][154.244s][info][gc] GC(2465) Pause Young (Allocation Failure) 204M->204M(247M) 0.045ms
[2020-01-29T22:17:54.970+0300][154.342s][info][gc] GC(2466) Pause Full (Allocation Failure) 204M->70M(247M) 98.732ms
[2020-01-29T22:17:55.050+0300][154.422s][info][gc] GC(2467) Pause Young (Allocation Failure) 137M->136M(247M) 61.616ms
[2020-01-29T22:17:55.057+0300][154.429s][info][gc] GC(2468) Pause Young (Allocation Failure) 204M->204M(247M) 0.042ms
[2020-01-29T22:17:55.156+0300][154.527s][info][gc] GC(2469) Pause Full (Allocation Failure) 204M->70M(247M) 98.248ms
[2020-01-29T22:17:55.236+0300][154.608s][info][gc] GC(2470) Pause Young (Allocation Failure) 137M->136M(247M) 61.691ms
[2020-01-29T22:17:55.243+0300][154.615s][info][gc] GC(2471) Pause Young (Allocation Failure) 204M->204M(247M) 0.046ms
[2020-01-29T22:17:55.342+0300][154.714s][info][gc] GC(2472) Pause Full (Allocation Failure) 204M->70M(247M) 99.576ms
[2020-01-29T22:17:55.423+0300][154.794s][info][gc] GC(2473) Pause Young (Allocation Failure) 137M->136M(247M) 61.648ms
[2020-01-29T22:17:55.430+0300][154.801s][info][gc] GC(2474) Pause Young (Allocation Failure) 204M->204M(247M) 0.042ms
[2020-01-29T22:17:55.527+0300][154.900s][info][gc] GC(2475) Pause Full (Allocation Failure) 204M->70M(247M) 98.504ms
[2020-01-29T22:17:55.608+0300][154.980s][info][gc] GC(2476) Pause Young (Allocation Failure) 137M->136M(247M) 62.136ms
[2020-01-29T22:17:55.615+0300][154.987s][info][gc] GC(2477) Pause Young (Allocation Failure) 204M->204M(247M) 0.046ms
[2020-01-29T22:17:55.713+0300][155.085s][info][gc] GC(2478) Pause Full (Allocation Failure) 204M->70M(247M) 98.328ms
[2020-01-29T22:17:55.794+0300][155.166s][info][gc] GC(2479) Pause Young (Allocation Failure) 137M->136M(247M) 62.543ms
[2020-01-29T22:17:55.802+0300][155.174s][info][gc] GC(2480) Pause Young (Allocation Failure) 204M->204M(247M) 0.043ms
[2020-01-29T22:17:55.900+0300][155.272s][info][gc] GC(2481) Pause Full (Allocation Failure) 204M->70M(247M) 98.788ms
[2020-01-29T22:17:55.981+0300][155.353s][info][gc] GC(2482) Pause Young (Allocation Failure) 137M->136M(247M) 61.924ms
[2020-01-29T22:17:55.987+0300][155.359s][info][gc] GC(2483) Pause Young (Allocation Failure) 204M->204M(247M) 0.044ms
[2020-01-29T22:17:56.086+0300][155.458s][info][gc] GC(2484) Pause Full (Allocation Failure) 204M->70M(247M) 98.343ms
[2020-01-29T22:17:56.166+0300][155.538s][info][gc] GC(2485) Pause Young (Allocation Failure) 137M->136M(247M) 61.677ms
[2020-01-29T22:17:56.174+0300][155.546s][info][gc] GC(2486) Pause Young (Allocation Failure) 204M->204M(247M) 0.043ms
[2020-01-29T22:17:56.272+0300][155.644s][info][gc] GC(2487) Pause Full (Allocation Failure) 204M->70M(247M) 98.145ms
[2020-01-29T22:17:56.353+0300][155.724s][info][gc] GC(2488) Pause Young (Allocation Failure) 137M->136M(247M) 61.981ms
[2020-01-29T22:17:56.360+0300][155.731s][info][gc] GC(2489) Pause Young (Allocation Failure) 204M->204M(247M) 0.045ms
[2020-01-29T22:17:56.457+0300][155.830s][info][gc] GC(2490) Pause Full (Allocation Failure) 204M->70M(247M) 98.399ms
[2020-01-29T22:17:56.538+0300][155.910s][info][gc] GC(2491) Pause Young (Allocation Failure) 137M->136M(247M) 61.862ms
[2020-01-29T22:17:56.545+0300][155.917s][info][gc] GC(2492) Pause Young (Allocation Failure) 204M->204M(247M) 0.050ms
[2020-01-29T22:17:56.644+0300][156.016s][info][gc] GC(2493) Pause Full (Allocation Failure) 204M->70M(247M) 99.153ms
[2020-01-29T22:17:56.724+0300][156.096s][info][gc] GC(2494) Pause Young (Allocation Failure) 137M->136M(247M) 61.692ms
[2020-01-29T22:17:56.731+0300][156.103s][info][gc] GC(2495) Pause Young (Allocation Failure) 204M->204M(247M) 0.043ms
[2020-01-29T22:17:56.829+0300][156.201s][info][gc] GC(2496) Pause Full (Allocation Failure) 204M->70M(247M) 98.196ms
[2020-01-29T22:17:56.909+0300][156.281s][info][gc] GC(2497) Pause Young (Allocation Failure) 137M->136M(247M) 61.716ms
[2020-01-29T22:17:56.916+0300][156.288s][info][gc] GC(2498) Pause Young (Allocation Failure) 204M->204M(247M) 0.045ms
[2020-01-29T22:17:57.014+0300][156.386s][info][gc] GC(2499) Pause Full (Allocation Failure) 204M->70M(247M) 98.457ms
[2020-01-29T22:17:57.095+0300][156.467s][info][gc] GC(2500) Pause Young (Allocation Failure) 137M->136M(247M) 62.210ms
[2020-01-29T22:17:57.102+0300][156.474s][info][gc] GC(2501) Pause Young (Allocation Failure) 204M->204M(247M) 0.043ms
[2020-01-29T22:17:57.201+0300][156.573s][info][gc] GC(2502) Pause Full (Allocation Failure) 204M->70M(247M) 98.843ms
[2020-01-29T22:17:57.281+0300][156.653s][info][gc] GC(2503) Pause Young (Allocation Failure) 137M->136M(247M) 61.665ms
[2020-01-29T22:17:57.288+0300][156.660s][info][gc] GC(2504) Pause Young (Allocation Failure) 204M->204M(247M) 0.044ms
[2020-01-29T22:17:57.386+0300][156.758s][info][gc] GC(2505) Pause Full (Allocation Failure) 204M->70M(247M) 98.225ms
[2020-01-29T22:17:57.466+0300][156.838s][info][gc] GC(2506) Pause Young (Allocation Failure) 137M->136M(247M) 62.367ms
[2020-01-29T22:17:57.473+0300][156.845s][info][gc] GC(2507) Pause Young (Allocation Failure) 204M->204M(247M) 0.047ms
[2020-01-29T22:17:57.572+0300][156.944s][info][gc] GC(2508) Pause Full (Allocation Failure) 204M->70M(247M) 98.443ms
[2020-01-29T22:17:57.652+0300][157.024s][info][gc] GC(2509) Pause Young (Allocation Failure) 137M->136M(247M) 61.671ms
[2020-01-29T22:17:57.659+0300][157.031s][info][gc] GC(2510) Pause Young (Allocation Failure) 204M->204M(247M) 0.043ms
[2020-01-29T22:17:57.758+0300][157.129s][info][gc] GC(2511) Pause Full (Allocation Failure) 204M->70M(247M) 98.473ms
[2020-01-29T22:17:57.837+0300][157.210s][info][gc] GC(2512) Pause Young (Allocation Failure) 137M->136M(247M) 61.699ms
[2020-01-29T22:17:57.844+0300][157.216s][info][gc] GC(2513) Pause Young (Allocation Failure) 204M->204M(247M) 0.047ms
[2020-01-29T22:17:57.943+0300][157.314s][info][gc] GC(2514) Pause Full (Allocation Failure) 204M->70M(247M) 98.105ms
[2020-01-29T22:17:58.023+0300][157.395s][info][gc] GC(2515) Pause Young (Allocation Failure) 137M->136M(247M) 61.741ms
[2020-01-29T22:17:58.030+0300][157.401s][info][gc] GC(2516) Pause Young (Allocation Failure) 204M->204M(247M) 0.045ms
[2020-01-29T22:17:58.128+0300][157.500s][info][gc] GC(2517) Pause Full (Allocation Failure) 204M->70M(247M) 98.365ms
[2020-01-29T22:17:58.207+0300][157.580s][info][gc] GC(2518) Pause Young (Allocation Failure) 137M->136M(247M) 61.679ms
[2020-01-29T22:17:58.214+0300][157.586s][info][gc] GC(2519) Pause Young (Allocation Failure) 204M->204M(247M) 0.043ms
[2020-01-29T22:17:58.313+0300][157.685s][info][gc] GC(2520) Pause Full (Allocation Failure) 204M->70M(247M) 98.366ms
[2020-01-29T22:17:58.393+0300][157.765s][info][gc] GC(2521) Pause Young (Allocation Failure) 137M->136M(247M) 61.626ms
[2020-01-29T22:17:58.400+0300][157.772s][info][gc] GC(2522) Pause Young (Allocation Failure) 204M->204M(247M) 0.043ms
[2020-01-29T22:17:58.498+0300][157.870s][info][gc] GC(2523) Pause Full (Allocation Failure) 204M->70M(247M) 98.252ms
[2020-01-29T22:17:58.579+0300][157.951s][info][gc] GC(2524) Pause Young (Allocation Failure) 137M->136M(247M) 62.498ms
[2020-01-29T22:17:58.587+0300][157.958s][info][gc] GC(2525) Pause Young (Allocation Failure) 204M->204M(247M) 0.044ms
[2020-01-29T22:17:58.686+0300][158.058s][info][gc] GC(2526) Pause Full (Allocation Failure) 204M->70M(247M) 99.225ms
[2020-01-29T22:17:58.765+0300][158.138s][info][gc] GC(2527) Pause Young (Allocation Failure) 137M->136M(247M) 61.668ms
[2020-01-29T22:17:58.772+0300][158.144s][info][gc] GC(2528) Pause Young (Allocation Failure) 204M->204M(247M) 0.043ms
[2020-01-29T22:17:58.871+0300][158.243s][info][gc] GC(2529) Pause Full (Allocation Failure) 204M->70M(247M) 98.419ms
[2020-01-29T22:17:58.950+0300][158.323s][info][gc] GC(2530) Pause Young (Allocation Failure) 137M->136M(247M) 61.639ms
[2020-01-29T22:17:58.957+0300][158.329s][info][gc] GC(2531) Pause Young (Allocation Failure) 204M->204M(247M) 0.043ms
[2020-01-29T22:17:59.056+0300][158.428s][info][gc] GC(2532) Pause Full (Allocation Failure) 204M->70M(247M) 98.680ms
[2020-01-29T22:17:59.136+0300][158.508s][info][gc] GC(2533) Pause Young (Allocation Failure) 137M->136M(247M) 61.698ms
[2020-01-29T22:17:59.144+0300][158.515s][info][gc] GC(2534) Pause Young (Allocation Failure) 204M->204M(247M) 0.047ms
[2020-01-29T22:17:59.243+0300][158.614s][info][gc] GC(2535) Pause Full (Allocation Failure) 204M->70M(247M) 98.470ms
[2020-01-29T22:17:59.322+0300][158.694s][info][gc] GC(2536) Pause Young (Allocation Failure) 137M->136M(247M) 61.803ms
[2020-01-29T22:17:59.329+0300][158.701s][info][gc] GC(2537) Pause Young (Allocation Failure) 204M->204M(247M) 0.048ms
[2020-01-29T22:17:59.428+0300][158.800s][info][gc] GC(2538) Pause Full (Allocation Failure) 204M->70M(247M) 98.559ms
[2020-01-29T22:17:59.507+0300][158.879s][info][gc] GC(2539) Pause Young (Allocation Failure) 137M->136M(247M) 61.703ms
[2020-01-29T22:17:59.514+0300][158.886s][info][gc] GC(2540) Pause Young (Allocation Failure) 204M->204M(247M) 0.044ms
[2020-01-29T22:17:59.612+0300][158.984s][info][gc] GC(2541) Pause Full (Allocation Failure) 204M->70M(247M) 98.080ms
[2020-01-29T22:17:59.693+0300][159.065s][info][gc] GC(2542) Pause Young (Allocation Failure) 137M->136M(247M) 61.861ms
[2020-01-29T22:17:59.699+0300][159.072s][info][gc] GC(2543) Pause Young (Allocation Failure) 204M->204M(247M) 0.047ms
[2020-01-29T22:17:59.798+0300][159.170s][info][gc] GC(2544) Pause Full (Allocation Failure) 204M->70M(247M) 98.328ms
[2020-01-29T22:17:59.878+0300][159.250s][info][gc] GC(2545) Pause Young (Allocation Failure) 137M->136M(247M) 61.630ms
[2020-01-29T22:17:59.885+0300][159.257s][info][gc] GC(2546) Pause Young (Allocation Failure) 204M->204M(247M) 0.044ms
[2020-01-29T22:17:59.984+0300][159.355s][info][gc] GC(2547) Pause Full (Allocation Failure) 204M->70M(247M) 98.415ms
[2020-01-29T22:18:00.063+0300][159.436s][info][gc] GC(2548) Pause Young (Allocation Failure) 137M->136M(247M) 61.742ms
[2020-01-29T22:18:00.070+0300][159.442s][info][gc] GC(2549) Pause Young (Allocation Failure) 204M->204M(247M) 0.044ms
[2020-01-29T22:18:00.169+0300][159.541s][info][gc] GC(2550) Pause Full (Allocation Failure) 204M->70M(247M) 98.296ms
[2020-01-29T22:18:00.249+0300][159.621s][info][gc] GC(2551) Pause Young (Allocation Failure) 137M->136M(247M) 61.827ms
[2020-01-29T22:18:00.256+0300][159.628s][info][gc] GC(2552) Pause Young (Allocation Failure) 204M->204M(247M) 0.044ms
[2020-01-29T22:18:00.355+0300][159.727s][info][gc] GC(2553) Pause Full (Allocation Failure) 204M->70M(247M) 98.136ms
[2020-01-29T22:18:00.434+0300][159.807s][info][gc] GC(2554) Pause Young (Allocation Failure) 137M->136M(247M) 61.667ms
[2020-01-29T22:18:00.441+0300][159.813s][info][gc] GC(2555) Pause Young (Allocation Failure) 204M->204M(247M) 0.043ms
[2020-01-29T22:18:00.540+0300][159.912s][info][gc] GC(2556) Pause Full (Allocation Failure) 204M->70M(247M) 98.381ms
[2020-01-29T22:18:00.620+0300][159.992s][info][gc] GC(2557) Pause Young (Allocation Failure) 137M->136M(247M) 61.634ms
[2020-01-29T22:18:00.627+0300][159.999s][info][gc] GC(2558) Pause Young (Allocation Failure) 204M->204M(247M) 0.046ms
[2020-01-29T22:18:00.726+0300][160.097s][info][gc] GC(2559) Pause Full (Allocation Failure) 204M->70M(247M) 98.277ms
[2020-01-29T22:18:00.804+0300][160.177s][info][gc] GC(2560) Pause Young (Allocation Failure) 137M->136M(247M) 61.709ms
[2020-01-29T22:18:00.811+0300][160.183s][info][gc] GC(2561) Pause Young (Allocation Failure) 204M->204M(247M) 0.046ms
[2020-01-29T22:18:00.910+0300][160.282s][info][gc] GC(2562) Pause Full (Allocation Failure) 204M->70M(247M) 98.763ms
[2020-01-29T22:18:00.990+0300][160.362s][info][gc] GC(2563) Pause Young (Allocation Failure) 137M->136M(247M) 61.626ms
[2020-01-29T22:18:00.997+0300][160.369s][info][gc] GC(2564) Pause Young (Allocation Failure) 204M->204M(247M) 0.043ms
[2020-01-29T22:18:01.096+0300][160.467s][info][gc] GC(2565) Pause Full (Allocation Failure) 204M->70M(247M) 98.327ms
[2020-01-29T22:18:01.175+0300][160.548s][info][gc] GC(2566) Pause Young (Allocation Failure) 137M->136M(247M) 61.676ms
[2020-01-29T22:18:01.183+0300][160.555s][info][gc] GC(2567) Pause Young (Allocation Failure) 204M->204M(247M) 0.044ms
[2020-01-29T22:18:01.282+0300][160.653s][info][gc] GC(2568) Pause Full (Allocation Failure) 204M->70M(247M) 98.270ms
[2020-01-29T22:18:01.362+0300][160.734s][info][gc] GC(2569) Pause Young (Allocation Failure) 137M->136M(247M) 61.784ms
[2020-01-29T22:18:01.369+0300][160.741s][info][gc] GC(2570) Pause Young (Allocation Failure) 204M->204M(247M) 0.045ms
[2020-01-29T22:18:01.468+0300][160.839s][info][gc] GC(2571) Pause Full (Allocation Failure) 204M->70M(247M) 98.322ms
[2020-01-29T22:18:01.546+0300][160.919s][info][gc] GC(2572) Pause Young (Allocation Failure) 137M->136M(247M) 61.647ms
[2020-01-29T22:18:01.554+0300][160.926s][info][gc] GC(2573) Pause Young (Allocation Failure) 204M->204M(247M) 0.045ms
[2020-01-29T22:18:01.653+0300][161.025s][info][gc] GC(2574) Pause Full (Allocation Failure) 204M->70M(247M) 99.594ms
[2020-01-29T22:18:01.733+0300][161.105s][info][gc] GC(2575) Pause Young (Allocation Failure) 137M->136M(247M) 61.677ms
[2020-01-29T22:18:01.740+0300][161.112s][info][gc] GC(2576) Pause Young (Allocation Failure) 204M->204M(247M) 0.044ms
[2020-01-29T22:18:01.838+0300][161.210s][info][gc] GC(2577) Pause Full (Allocation Failure) 204M->70M(247M) 98.043ms
[2020-01-29T22:18:01.919+0300][161.291s][info][gc] GC(2578) Pause Young (Allocation Failure) 137M->136M(247M) 62.461ms
[2020-01-29T22:18:01.925+0300][161.298s][info][gc] GC(2579) Pause Young (Allocation Failure) 204M->204M(247M) 0.045ms
[2020-01-29T22:18:02.026+0300][161.397s][info][gc] GC(2580) Pause Full (Allocation Failure) 204M->70M(247M) 99.469ms
[2020-01-29T22:18:02.105+0300][161.478s][info][gc] GC(2581) Pause Young (Allocation Failure) 137M->136M(247M) 61.658ms
[2020-01-29T22:18:02.112+0300][161.484s][info][gc] GC(2582) Pause Young (Allocation Failure) 204M->204M(247M) 0.043ms
[2020-01-29T22:18:02.211+0300][161.583s][info][gc] GC(2583) Pause Full (Allocation Failure) 204M->70M(247M) 98.378ms
[2020-01-29T22:18:02.292+0300][161.664s][info][gc] GC(2584) Pause Young (Allocation Failure) 137M->136M(247M) 62.405ms
[2020-01-29T22:18:02.299+0300][161.671s][info][gc] GC(2585) Pause Young (Allocation Failure) 204M->204M(247M) 0.046ms
[2020-01-29T22:18:02.399+0300][161.771s][info][gc] GC(2586) Pause Full (Allocation Failure) 204M->70M(247M) 99.445ms
[2020-01-29T22:18:02.478+0300][161.851s][info][gc] GC(2587) Pause Young (Allocation Failure) 137M->136M(247M) 61.710ms
[2020-01-29T22:18:02.485+0300][161.858s][info][gc] GC(2588) Pause Young (Allocation Failure) 204M->204M(247M) 0.044ms
[2020-01-29T22:18:02.584+0300][161.956s][info][gc] GC(2589) Pause Full (Allocation Failure) 204M->70M(247M) 98.291ms
[2020-01-29T22:18:02.664+0300][162.036s][info][gc] GC(2590) Pause Young (Allocation Failure) 137M->136M(247M) 61.706ms
[2020-01-29T22:18:02.671+0300][162.043s][info][gc] GC(2591) Pause Young (Allocation Failure) 204M->204M(247M) 0.046ms
[2020-01-29T22:18:02.770+0300][162.142s][info][gc] GC(2592) Pause Full (Allocation Failure) 204M->70M(247M) 98.863ms
[2020-01-29T22:18:02.849+0300][162.222s][info][gc] GC(2593) Pause Young (Allocation Failure) 137M->136M(247M) 61.686ms
[2020-01-29T22:18:02.856+0300][162.229s][info][gc] GC(2594) Pause Young (Allocation Failure) 204M->204M(247M) 0.043ms
[2020-01-29T22:18:02.955+0300][162.327s][info][gc] GC(2595) Pause Full (Allocation Failure) 204M->70M(247M) 98.607ms
[2020-01-29T22:18:03.035+0300][162.407s][info][gc] GC(2596) Pause Young (Allocation Failure) 137M->136M(247M) 61.704ms
[2020-01-29T22:18:03.042+0300][162.414s][info][gc] GC(2597) Pause Young (Allocation Failure) 204M->204M(247M) 0.046ms
[2020-01-29T22:18:03.141+0300][162.513s][info][gc] GC(2598) Pause Full (Allocation Failure) 204M->70M(247M) 98.502ms
[2020-01-29T22:18:03.220+0300][162.593s][info][gc] GC(2599) Pause Young (Allocation Failure) 137M->136M(247M) 61.691ms
[2020-01-29T22:18:03.227+0300][162.599s][info][gc] GC(2600) Pause Young (Allocation Failure) 204M->204M(247M) 0.043ms
[2020-01-29T22:18:03.326+0300][162.698s][info][gc] GC(2601) Pause Full (Allocation Failure) 204M->70M(247M) 98.389ms
[2020-01-29T22:18:03.406+0300][162.778s][info][gc] GC(2602) Pause Young (Allocation Failure) 137M->136M(247M) 61.654ms
[2020-01-29T22:18:03.413+0300][162.785s][info][gc] GC(2603) Pause Young (Allocation Failure) 204M->204M(247M) 0.043ms
[2020-01-29T22:18:03.511+0300][162.883s][info][gc] GC(2604) Pause Full (Allocation Failure) 204M->70M(247M) 98.362ms
[2020-01-29T22:18:03.591+0300][162.963s][info][gc] GC(2605) Pause Young (Allocation Failure) 137M->136M(247M) 61.831ms
[2020-01-29T22:18:03.598+0300][162.971s][info][gc] GC(2606) Pause Young (Allocation Failure) 204M->204M(247M) 0.047ms
[2020-01-29T22:18:03.698+0300][163.070s][info][gc] GC(2607) Pause Full (Allocation Failure) 204M->70M(247M) 99.101ms
[2020-01-29T22:18:03.778+0300][163.150s][info][gc] GC(2608) Pause Young (Allocation Failure) 137M->136M(247M) 61.754ms
[2020-01-29T22:18:03.785+0300][163.157s][info][gc] GC(2609) Pause Young (Allocation Failure) 204M->204M(247M) 0.048ms
[2020-01-29T22:18:03.886+0300][163.257s][info][gc] GC(2610) Pause Full (Allocation Failure) 204M->70M(247M) 100.177ms
[2020-01-29T22:18:03.966+0300][163.338s][info][gc] GC(2611) Pause Young (Allocation Failure) 137M->136M(247M) 62.291ms
[2020-01-29T22:18:03.973+0300][163.345s][info][gc] GC(2612) Pause Young (Allocation Failure) 204M->204M(247M) 0.046ms
[2020-01-29T22:18:04.072+0300][163.444s][info][gc] GC(2613) Pause Full (Allocation Failure) 204M->70M(247M) 98.958ms
[2020-01-29T22:18:04.153+0300][163.525s][info][gc] GC(2614) Pause Young (Allocation Failure) 137M->136M(247M) 61.972ms
[2020-01-29T22:18:04.161+0300][163.533s][info][gc] GC(2615) Pause Young (Allocation Failure) 204M->204M(247M) 0.045ms
[2020-01-29T22:18:04.260+0300][163.632s][info][gc] GC(2616) Pause Full (Allocation Failure) 204M->70M(247M) 99.093ms
[2020-01-29T22:18:04.340+0300][163.712s][info][gc] GC(2617) Pause Young (Allocation Failure) 137M->136M(247M) 61.959ms
[2020-01-29T22:18:04.347+0300][163.719s][info][gc] GC(2618) Pause Young (Allocation Failure) 204M->204M(247M) 0.046ms
[2020-01-29T22:18:04.446+0300][163.818s][info][gc] GC(2619) Pause Full (Allocation Failure) 204M->70M(247M) 98.817ms
[2020-01-29T22:18:04.525+0300][163.898s][info][gc] GC(2620) Pause Young (Allocation Failure) 137M->136M(247M) 61.739ms
[2020-01-29T22:18:04.532+0300][163.905s][info][gc] GC(2621) Pause Young (Allocation Failure) 204M->204M(247M) 0.045ms
[2020-01-29T22:18:04.632+0300][164.004s][info][gc] GC(2622) Pause Full (Allocation Failure) 204M->70M(247M) 98.938ms
[2020-01-29T22:18:04.713+0300][164.084s][info][gc] GC(2623) Pause Young (Allocation Failure) 137M->136M(247M) 61.798ms
[2020-01-29T22:18:04.720+0300][164.092s][info][gc] GC(2624) Pause Young (Allocation Failure) 204M->204M(247M) 0.048ms
[2020-01-29T22:18:04.819+0300][164.190s][info][gc] GC(2625) Pause Full (Allocation Failure) 204M->70M(247M) 98.877ms
[2020-01-29T22:18:04.899+0300][164.271s][info][gc] GC(2626) Pause Young (Allocation Failure) 137M->136M(247M) 62.209ms
[2020-01-29T22:18:04.906+0300][164.278s][info][gc] GC(2627) Pause Young (Allocation Failure) 204M->204M(247M) 0.046ms
[2020-01-29T22:18:05.006+0300][164.378s][info][gc] GC(2628) Pause Full (Allocation Failure) 204M->70M(247M) 99.785ms
[2020-01-29T22:18:05.087+0300][164.459s][info][gc] GC(2629) Pause Young (Allocation Failure) 137M->136M(247M) 61.794ms
[2020-01-29T22:18:05.094+0300][164.466s][info][gc] GC(2630) Pause Young (Allocation Failure) 204M->204M(247M) 0.045ms
[2020-01-29T22:18:05.193+0300][164.565s][info][gc] GC(2631) Pause Full (Allocation Failure) 204M->70M(247M) 98.989ms
[2020-01-29T22:18:05.274+0300][164.646s][info][gc] GC(2632) Pause Young (Allocation Failure) 137M->136M(247M) 62.216ms
[2020-01-29T22:18:05.281+0300][164.653s][info][gc] GC(2633) Pause Young (Allocation Failure) 204M->204M(247M) 0.046ms
[2020-01-29T22:18:05.381+0300][164.753s][info][gc] GC(2634) Pause Full (Allocation Failure) 204M->70M(247M) 100.191ms
[2020-01-29T22:18:05.461+0300][164.833s][info][gc] GC(2635) Pause Young (Allocation Failure) 137M->136M(247M) 61.763ms
[2020-01-29T22:18:05.468+0300][164.840s][info][gc] GC(2636) Pause Young (Allocation Failure) 204M->204M(247M) 0.045ms
[2020-01-29T22:18:05.569+0300][164.941s][info][gc] GC(2637) Pause Full (Allocation Failure) 204M->70M(247M) 100.451ms
[2020-01-29T22:18:05.651+0300][165.022s][info][gc] GC(2638) Pause Young (Allocation Failure) 137M->136M(247M) 61.804ms
[2020-01-29T22:18:05.656+0300][165.029s][info][gc] GC(2639) Pause Young (Allocation Failure) 204M->204M(247M) 0.046ms
[2020-01-29T22:18:05.756+0300][165.128s][info][gc] GC(2640) Pause Full (Allocation Failure) 204M->70M(247M) 98.954ms
[2020-01-29T22:18:05.837+0300][165.208s][info][gc] GC(2641) Pause Young (Allocation Failure) 137M->136M(247M) 61.819ms
[2020-01-29T22:18:05.844+0300][165.216s][info][gc] GC(2642) Pause Young (Allocation Failure) 204M->204M(247M) 0.045ms
[2020-01-29T22:18:05.943+0300][165.315s][info][gc] GC(2643) Pause Full (Allocation Failure) 204M->70M(247M) 98.880ms
[2020-01-29T22:18:06.023+0300][165.395s][info][gc] GC(2644) Pause Young (Allocation Failure) 137M->136M(247M) 61.770ms
[2020-01-29T22:18:06.029+0300][165.402s][info][gc] GC(2645) Pause Young (Allocation Failure) 204M->204M(247M) 0.046ms
[2020-01-29T22:18:06.129+0300][165.501s][info][gc] GC(2646) Pause Full (Allocation Failure) 204M->70M(247M) 99.002ms
[2020-01-29T22:18:06.210+0300][165.581s][info][gc] GC(2647) Pause Young (Allocation Failure) 137M->136M(247M) 62.323ms
[2020-01-29T22:18:06.216+0300][165.588s][info][gc] GC(2648) Pause Young (Allocation Failure) 204M->204M(247M) 0.046ms
[2020-01-29T22:18:06.315+0300][165.687s][info][gc] GC(2649) Pause Full (Allocation Failure) 204M->70M(247M) 98.836ms
[2020-01-29T22:18:06.396+0300][165.767s][info][gc] GC(2650) Pause Young (Allocation Failure) 137M->136M(247M) 61.834ms
[2020-01-29T22:18:06.403+0300][165.775s][info][gc] GC(2651) Pause Young (Allocation Failure) 204M->204M(247M) 0.046ms
[2020-01-29T22:18:06.502+0300][165.874s][info][gc] GC(2652) Pause Full (Allocation Failure) 204M->70M(247M) 98.906ms
[2020-01-29T22:18:06.583+0300][165.954s][info][gc] GC(2653) Pause Young (Allocation Failure) 137M->136M(247M) 61.794ms
[2020-01-29T22:18:06.590+0300][165.961s][info][gc] GC(2654) Pause Young (Allocation Failure) 204M->204M(247M) 0.046ms
[2020-01-29T22:18:06.688+0300][166.061s][info][gc] GC(2655) Pause Full (Allocation Failure) 204M->70M(247M) 99.006ms
[2020-01-29T22:18:06.769+0300][166.141s][info][gc] GC(2656) Pause Young (Allocation Failure) 137M->136M(247M) 62.246ms
[2020-01-29T22:18:06.776+0300][166.148s][info][gc] GC(2657) Pause Young (Allocation Failure) 204M->204M(247M) 0.046ms
[2020-01-29T22:18:06.875+0300][166.247s][info][gc] GC(2658) Pause Full (Allocation Failure) 204M->70M(247M) 98.770ms
[2020-01-29T22:18:06.955+0300][166.327s][info][gc] GC(2659) Pause Young (Allocation Failure) 137M->136M(247M) 61.760ms
[2020-01-29T22:18:06.963+0300][166.334s][info][gc] GC(2660) Pause Young (Allocation Failure) 204M->204M(247M) 0.045ms
[2020-01-29T22:18:07.062+0300][166.434s][info][gc] GC(2661) Pause Full (Allocation Failure) 204M->70M(247M) 99.578ms
[2020-01-29T22:18:07.143+0300][166.515s][info][gc] GC(2662) Pause Young (Allocation Failure) 137M->136M(247M) 62.042ms
[2020-01-29T22:18:07.150+0300][166.522s][info][gc] GC(2663) Pause Young (Allocation Failure) 204M->204M(247M) 0.047ms
[2020-01-29T22:18:07.249+0300][166.621s][info][gc] GC(2664) Pause Full (Allocation Failure) 204M->70M(247M) 99.135ms
[2020-01-29T22:18:07.331+0300][166.702s][info][gc] GC(2665) Pause Young (Allocation Failure) 137M->136M(247M) 61.877ms
[2020-01-29T22:18:07.338+0300][166.709s][info][gc] GC(2666) Pause Young (Allocation Failure) 204M->204M(247M) 0.050ms
[2020-01-29T22:18:07.436+0300][166.808s][info][gc] GC(2667) Pause Full (Allocation Failure) 204M->70M(247M) 99.195ms
[2020-01-29T22:18:07.517+0300][166.889s][info][gc] GC(2668) Pause Young (Allocation Failure) 137M->136M(247M) 62.365ms
[2020-01-29T22:18:07.524+0300][166.896s][info][gc] GC(2669) Pause Young (Allocation Failure) 204M->204M(247M) 0.045ms
[2020-01-29T22:18:07.623+0300][166.994s][info][gc] GC(2670) Pause Full (Allocation Failure) 204M->70M(247M) 98.135ms
[2020-01-29T22:18:07.703+0300][167.075s][info][gc] GC(2671) Pause Young (Allocation Failure) 137M->136M(247M) 61.654ms
[2020-01-29T22:18:07.710+0300][167.082s][info][gc] GC(2672) Pause Young (Allocation Failure) 204M->204M(247M) 0.045ms
[2020-01-29T22:18:07.808+0300][167.180s][info][gc] GC(2673) Pause Full (Allocation Failure) 204M->70M(247M) 98.323ms
[2020-01-29T22:18:07.889+0300][167.260s][info][gc] GC(2674) Pause Young (Allocation Failure) 137M->136M(247M) 61.646ms
[2020-01-29T22:18:07.895+0300][167.267s][info][gc] GC(2675) Pause Young (Allocation Failure) 204M->204M(247M) 0.043ms
[2020-01-29T22:18:07.993+0300][167.365s][info][gc] GC(2676) Pause Full (Allocation Failure) 204M->70M(247M) 98.156ms
[2020-01-29T22:18:08.074+0300][167.446s][info][gc] GC(2677) Pause Young (Allocation Failure) 137M->136M(247M) 61.956ms
[2020-01-29T22:18:08.081+0300][167.453s][info][gc] GC(2678) Pause Young (Allocation Failure) 204M->204M(247M) 0.046ms
[2020-01-29T22:18:08.179+0300][167.551s][info][gc] GC(2679) Pause Full (Allocation Failure) 204M->70M(247M) 98.277ms
[2020-01-29T22:18:08.259+0300][167.631s][info][gc] GC(2680) Pause Young (Allocation Failure) 137M->136M(247M) 61.684ms
[2020-01-29T22:18:08.266+0300][167.637s][info][gc] GC(2681) Pause Young (Allocation Failure) 204M->204M(247M) 0.043ms
[2020-01-29T22:18:08.364+0300][167.736s][info][gc] GC(2682) Pause Full (Allocation Failure) 204M->70M(247M) 98.891ms
[2020-01-29T22:18:08.444+0300][167.816s][info][gc] GC(2683) Pause Young (Allocation Failure) 137M->136M(247M) 61.686ms
[2020-01-29T22:18:08.451+0300][167.823s][info][gc] GC(2684) Pause Young (Allocation Failure) 204M->204M(247M) 0.043ms
[2020-01-29T22:18:08.549+0300][167.921s][info][gc] GC(2685) Pause Full (Allocation Failure) 204M->70M(247M) 98.332ms
[2020-01-29T22:18:08.630+0300][168.002s][info][gc] GC(2686) Pause Young (Allocation Failure) 137M->136M(247M) 61.666ms
[2020-01-29T22:18:08.637+0300][168.009s][info][gc] GC(2687) Pause Young (Allocation Failure) 204M->204M(247M) 0.046ms
[2020-01-29T22:18:08.735+0300][168.107s][info][gc] GC(2688) Pause Full (Allocation Failure) 204M->70M(247M) 98.582ms
[2020-01-29T22:18:08.815+0300][168.187s][info][gc] GC(2689) Pause Young (Allocation Failure) 137M->136M(247M) 61.667ms
[2020-01-29T22:18:08.822+0300][168.194s][info][gc] GC(2690) Pause Young (Allocation Failure) 204M->204M(247M) 0.044ms
[2020-01-29T22:18:08.921+0300][168.293s][info][gc] GC(2691) Pause Full (Allocation Failure) 204M->70M(247M) 98.497ms
[2020-01-29T22:18:09.001+0300][168.373s][info][gc] GC(2692) Pause Young (Allocation Failure) 137M->136M(247M) 61.676ms
[2020-01-29T22:18:09.008+0300][168.380s][info][gc] GC(2693) Pause Young (Allocation Failure) 204M->204M(247M) 0.042ms
[2020-01-29T22:18:09.106+0300][168.478s][info][gc] GC(2694) Pause Full (Allocation Failure) 204M->70M(247M) 98.257ms
[2020-01-29T22:18:09.186+0300][168.558s][info][gc] GC(2695) Pause Young (Allocation Failure) 137M->136M(247M) 62.363ms
[2020-01-29T22:18:09.193+0300][168.565s][info][gc] GC(2696) Pause Young (Allocation Failure) 204M->204M(247M) 0.046ms
[2020-01-29T22:18:09.292+0300][168.664s][info][gc] GC(2697) Pause Full (Allocation Failure) 204M->70M(247M) 98.676ms
[2020-01-29T22:18:09.373+0300][168.744s][info][gc] GC(2698) Pause Young (Allocation Failure) 137M->136M(247M) 61.853ms
[2020-01-29T22:18:09.379+0300][168.751s][info][gc] GC(2699) Pause Young (Allocation Failure) 204M->204M(247M) 0.044ms
[2020-01-29T22:18:09.478+0300][168.849s][info][gc] GC(2700) Pause Full (Allocation Failure) 204M->70M(247M) 98.457ms
[2020-01-29T22:18:09.557+0300][168.929s][info][gc] GC(2701) Pause Young (Allocation Failure) 137M->136M(247M) 61.624ms
[2020-01-29T22:18:09.565+0300][168.936s][info][gc] GC(2702) Pause Young (Allocation Failure) 204M->204M(247M) 0.046ms
[2020-01-29T22:18:09.663+0300][169.035s][info][gc] GC(2703) Pause Full (Allocation Failure) 204M->70M(247M) 98.899ms
[2020-01-29T22:18:09.744+0300][169.116s][info][gc] GC(2704) Pause Young (Allocation Failure) 137M->136M(247M) 61.847ms
[2020-01-29T22:18:09.750+0300][169.122s][info][gc] GC(2705) Pause Young (Allocation Failure) 204M->204M(247M) 0.045ms
[2020-01-29T22:18:09.849+0300][169.221s][info][gc] GC(2706) Pause Full (Allocation Failure) 204M->70M(247M) 98.483ms
[2020-01-29T22:18:09.929+0300][169.301s][info][gc] GC(2707) Pause Young (Allocation Failure) 137M->136M(247M) 61.614ms
[2020-01-29T22:18:09.936+0300][169.307s][info][gc] GC(2708) Pause Young (Allocation Failure) 204M->204M(247M) 0.043ms
[2020-01-29T22:18:10.036+0300][169.408s][info][gc] GC(2709) Pause Full (Allocation Failure) 204M->70M(247M) 100.201ms
[2020-01-29T22:18:10.116+0300][169.488s][info][gc] GC(2710) Pause Young (Allocation Failure) 137M->136M(247M) 61.721ms
[2020-01-29T22:18:10.123+0300][169.495s][info][gc] GC(2711) Pause Young (Allocation Failure) 204M->204M(247M) 0.044ms
[2020-01-29T22:18:10.220+0300][169.593s][info][gc] GC(2712) Pause Full (Allocation Failure) 204M->70M(247M) 98.069ms
[2020-01-29T22:18:10.302+0300][169.673s][info][gc] GC(2713) Pause Young (Allocation Failure) 137M->136M(247M) 61.762ms
[2020-01-29T22:18:10.309+0300][169.680s][info][gc] GC(2714) Pause Young (Allocation Failure) 204M->204M(247M) 0.046ms
[2020-01-29T22:18:10.406+0300][169.779s][info][gc] GC(2715) Pause Full (Allocation Failure) 204M->70M(247M) 98.205ms
[2020-01-29T22:18:10.486+0300][169.858s][info][gc] GC(2716) Pause Young (Allocation Failure) 137M->136M(247M) 61.641ms
[2020-01-29T22:18:10.493+0300][169.865s][info][gc] GC(2717) Pause Young (Allocation Failure) 204M->204M(247M) 0.044ms
[2020-01-29T22:18:10.592+0300][169.964s][info][gc] GC(2718) Pause Full (Allocation Failure) 204M->70M(247M) 98.450ms
[2020-01-29T22:18:10.673+0300][170.045s][info][gc] GC(2719) Pause Young (Allocation Failure) 137M->136M(247M) 62.504ms
[2020-01-29T22:18:10.680+0300][170.051s][info][gc] GC(2720) Pause Young (Allocation Failure) 204M->204M(247M) 0.045ms
[2020-01-29T22:18:10.777+0300][170.149s][info][gc] GC(2721) Pause Full (Allocation Failure) 204M->70M(247M) 98.027ms
[2020-01-29T22:18:10.857+0300][170.229s][info][gc] GC(2722) Pause Young (Allocation Failure) 137M->136M(247M) 61.677ms
[2020-01-29T22:18:10.864+0300][170.236s][info][gc] GC(2723) Pause Young (Allocation Failure) 204M->204M(247M) 0.044ms
[2020-01-29T22:18:10.962+0300][170.334s][info][gc] GC(2724) Pause Full (Allocation Failure) 204M->70M(247M) 97.993ms
[2020-01-29T22:18:11.042+0300][170.414s][info][gc] GC(2725) Pause Young (Allocation Failure) 137M->136M(247M) 61.602ms
[2020-01-29T22:18:11.049+0300][170.420s][info][gc] GC(2726) Pause Young (Allocation Failure) 204M->204M(247M) 0.043ms
[2020-01-29T22:18:11.147+0300][170.519s][info][gc] GC(2727) Pause Full (Allocation Failure) 204M->70M(247M) 98.227ms
[2020-01-29T22:18:11.228+0300][170.599s][info][gc] GC(2728) Pause Young (Allocation Failure) 137M->136M(247M) 61.690ms
[2020-01-29T22:18:11.235+0300][170.606s][info][gc] GC(2729) Pause Young (Allocation Failure) 204M->204M(247M) 0.046ms
[2020-01-29T22:18:11.332+0300][170.704s][info][gc] GC(2730) Pause Full (Allocation Failure) 204M->70M(247M) 98.237ms
[2020-01-29T22:18:11.413+0300][170.785s][info][gc] GC(2731) Pause Young (Allocation Failure) 137M->136M(247M) 61.792ms
[2020-01-29T22:18:11.419+0300][170.791s][info][gc] GC(2732) Pause Young (Allocation Failure) 204M->204M(247M) 0.043ms
[2020-01-29T22:18:11.518+0300][170.889s][info][gc] GC(2733) Pause Full (Allocation Failure) 204M->70M(247M) 97.965ms
[2020-01-29T22:18:11.597+0300][170.969s][info][gc] GC(2734) Pause Young (Allocation Failure) 137M->136M(247M) 61.727ms
[2020-01-29T22:18:11.605+0300][170.976s][info][gc] GC(2735) Pause Young (Allocation Failure) 204M->204M(247M) 0.046ms
[2020-01-29T22:18:11.702+0300][171.074s][info][gc] GC(2736) Pause Full (Allocation Failure) 204M->70M(247M) 98.181ms
[2020-01-29T22:18:11.783+0300][171.154s][info][gc] GC(2737) Pause Young (Allocation Failure) 137M->136M(247M) 61.667ms
[2020-01-29T22:18:11.790+0300][171.161s][info][gc] GC(2738) Pause Young (Allocation Failure) 204M->204M(247M) 0.045ms
[2020-01-29T22:18:11.887+0300][171.259s][info][gc] GC(2739) Pause Full (Allocation Failure) 204M->70M(247M) 97.857ms
[2020-01-29T22:18:11.967+0300][171.340s][info][gc] GC(2740) Pause Young (Allocation Failure) 137M->136M(247M) 61.735ms
[2020-01-29T22:18:11.974+0300][171.346s][info][gc] GC(2741) Pause Young (Allocation Failure) 204M->204M(247M) 0.045ms
[2020-01-29T22:18:12.073+0300][171.444s][info][gc] GC(2742) Pause Full (Allocation Failure) 204M->70M(247M) 97.965ms
[2020-01-29T22:18:12.153+0300][171.525s][info][gc] GC(2743) Pause Young (Allocation Failure) 137M->136M(247M) 61.631ms
[2020-01-29T22:18:12.160+0300][171.532s][info][gc] GC(2744) Pause Young (Allocation Failure) 204M->204M(247M) 0.043ms
[2020-01-29T22:18:12.258+0300][171.630s][info][gc] GC(2745) Pause Full (Allocation Failure) 204M->70M(247M) 98.047ms
[2020-01-29T22:18:12.338+0300][171.710s][info][gc] GC(2746) Pause Young (Allocation Failure) 137M->136M(247M) 61.714ms
[2020-01-29T22:18:12.345+0300][171.717s][info][gc] GC(2747) Pause Young (Allocation Failure) 204M->204M(247M) 0.043ms
[2020-01-29T22:18:12.443+0300][171.815s][info][gc] GC(2748) Pause Full (Allocation Failure) 204M->70M(247M) 97.879ms
[2020-01-29T22:18:12.523+0300][171.895s][info][gc] GC(2749) Pause Young (Allocation Failure) 137M->136M(247M) 61.723ms
[2020-01-29T22:18:12.530+0300][171.902s][info][gc] GC(2750) Pause Young (Allocation Failure) 204M->204M(247M) 0.048ms
[2020-01-29T22:18:12.628+0300][172.000s][info][gc] GC(2751) Pause Full (Allocation Failure) 204M->70M(247M) 98.395ms
[2020-01-29T22:18:12.709+0300][172.081s][info][gc] GC(2752) Pause Young (Allocation Failure) 137M->136M(247M) 61.862ms
[2020-01-29T22:18:12.716+0300][172.087s][info][gc] GC(2753) Pause Young (Allocation Failure) 204M->204M(247M) 0.044ms
[2020-01-29T22:18:12.813+0300][172.186s][info][gc] GC(2754) Pause Full (Allocation Failure) 204M->70M(247M) 98.141ms
[2020-01-29T22:18:12.894+0300][172.266s][info][gc] GC(2755) Pause Young (Allocation Failure) 137M->136M(247M) 62.159ms
[2020-01-29T22:18:12.901+0300][172.273s][info][gc] GC(2756) Pause Young (Allocation Failure) 204M->204M(247M) 0.043ms
[2020-01-29T22:18:13.000+0300][172.372s][info][gc] GC(2757) Pause Full (Allocation Failure) 204M->70M(247M) 99.152ms
[2020-01-29T22:18:13.080+0300][172.452s][info][gc] GC(2758) Pause Young (Allocation Failure) 137M->136M(247M) 61.698ms
[2020-01-29T22:18:13.087+0300][172.459s][info][gc] GC(2759) Pause Young (Allocation Failure) 204M->204M(247M) 0.047ms
[2020-01-29T22:18:13.185+0300][172.557s][info][gc] GC(2760) Pause Full (Allocation Failure) 204M->70M(247M) 97.904ms
[2020-01-29T22:18:13.266+0300][172.638s][info][gc] GC(2761) Pause Young (Allocation Failure) 137M->136M(247M) 62.384ms
[2020-01-29T22:18:13.273+0300][172.645s][info][gc] GC(2762) Pause Young (Allocation Failure) 204M->204M(247M) 0.045ms
[2020-01-29T22:18:13.371+0300][172.743s][info][gc] GC(2763) Pause Full (Allocation Failure) 204M->70M(247M) 98.166ms
[2020-01-29T22:18:13.450+0300][172.822s][info][gc] GC(2764) Pause Young (Allocation Failure) 137M->136M(247M) 61.652ms
[2020-01-29T22:18:13.457+0300][172.829s][info][gc] GC(2765) Pause Young (Allocation Failure) 204M->204M(247M) 0.046ms
[2020-01-29T22:18:13.555+0300][172.927s][info][gc] GC(2766) Pause Full (Allocation Failure) 204M->70M(247M) 97.943ms
[2020-01-29T22:18:13.635+0300][173.008s][info][gc] GC(2767) Pause Young (Allocation Failure) 137M->136M(247M) 61.738ms
[2020-01-29T22:18:13.642+0300][173.014s][info][gc] GC(2768) Pause Young (Allocation Failure) 204M->204M(247M) 0.044ms
[2020-01-29T22:18:13.741+0300][173.113s][info][gc] GC(2769) Pause Full (Allocation Failure) 204M->70M(247M) 98.154ms
[2020-01-29T22:18:13.821+0300][173.193s][info][gc] GC(2770) Pause Young (Allocation Failure) 137M->136M(247M) 61.592ms
[2020-01-29T22:18:13.828+0300][173.200s][info][gc] GC(2771) Pause Young (Allocation Failure) 204M->204M(247M) 0.044ms
[2020-01-29T22:18:13.925+0300][173.298s][info][gc] GC(2772) Pause Full (Allocation Failure) 204M->70M(247M) 98.053ms
[2020-01-29T22:18:14.005+0300][173.377s][info][gc] GC(2773) Pause Young (Allocation Failure) 137M->136M(247M) 61.642ms
[2020-01-29T22:18:14.012+0300][173.384s][info][gc] GC(2774) Pause Young (Allocation Failure) 204M->204M(247M) 0.043ms
[2020-01-29T22:18:14.110+0300][173.482s][info][gc] GC(2775) Pause Full (Allocation Failure) 204M->70M(247M) 97.940ms
[2020-01-29T22:18:14.190+0300][173.562s][info][gc] GC(2776) Pause Young (Allocation Failure) 137M->136M(247M) 61.728ms
[2020-01-29T22:18:14.198+0300][173.569s][info][gc] GC(2777) Pause Young (Allocation Failure) 204M->204M(247M) 0.048ms
[2020-01-29T22:18:14.296+0300][173.669s][info][gc] GC(2778) Pause Full (Allocation Failure) 204M->70M(247M) 99.388ms
[2020-01-29T22:18:14.378+0300][173.750s][info][gc] GC(2779) Pause Young (Allocation Failure) 137M->136M(247M) 62.792ms
[2020-01-29T22:18:14.384+0300][173.756s][info][gc] GC(2780) Pause Young (Allocation Failure) 204M->204M(247M) 0.045ms
[2020-01-29T22:18:14.483+0300][173.854s][info][gc] GC(2781) Pause Full (Allocation Failure) 204M->70M(247M) 98.059ms
[2020-01-29T22:18:14.562+0300][173.934s][info][gc] GC(2782) Pause Young (Allocation Failure) 137M->136M(247M) 61.634ms
[2020-01-29T22:18:14.569+0300][173.942s][info][gc] GC(2783) Pause Young (Allocation Failure) 204M->204M(247M) 0.047ms
[2020-01-29T22:18:14.668+0300][174.040s][info][gc] GC(2784) Pause Full (Allocation Failure) 204M->70M(247M) 98.189ms
[2020-01-29T22:18:14.748+0300][174.120s][info][gc] GC(2785) Pause Young (Allocation Failure) 137M->136M(247M) 61.748ms
[2020-01-29T22:18:14.755+0300][174.127s][info][gc] GC(2786) Pause Young (Allocation Failure) 204M->204M(247M) 0.047ms
[2020-01-29T22:18:14.854+0300][174.225s][info][gc] GC(2787) Pause Full (Allocation Failure) 204M->70M(247M) 98.047ms
[2020-01-29T22:18:14.934+0300][174.305s][info][gc] GC(2788) Pause Young (Allocation Failure) 137M->136M(247M) 61.630ms
[2020-01-29T22:18:14.941+0300][174.312s][info][gc] GC(2789) Pause Young (Allocation Failure) 204M->204M(247M) 0.043ms
[2020-01-29T22:18:15.039+0300][174.411s][info][gc] GC(2790) Pause Full (Allocation Failure) 204M->70M(247M) 98.052ms
[2020-01-29T22:18:15.118+0300][174.490s][info][gc] GC(2791) Pause Young (Allocation Failure) 137M->136M(247M) 61.661ms
[2020-01-29T22:18:15.125+0300][174.497s][info][gc] GC(2792) Pause Young (Allocation Failure) 204M->204M(247M) 0.047ms
[2020-01-29T22:18:15.223+0300][174.595s][info][gc] GC(2793) Pause Full (Allocation Failure) 204M->70M(247M) 97.809ms
[2020-01-29T22:18:15.302+0300][174.675s][info][gc] GC(2794) Pause Young (Allocation Failure) 137M->136M(247M) 61.719ms
[2020-01-29T22:18:15.309+0300][174.681s][info][gc] GC(2795) Pause Young (Allocation Failure) 204M->204M(247M) 0.046ms
[2020-01-29T22:18:15.408+0300][174.780s][info][gc] GC(2796) Pause Full (Allocation Failure) 204M->70M(247M) 98.121ms
[2020-01-29T22:18:15.488+0300][174.860s][info][gc] GC(2797) Pause Young (Allocation Failure) 137M->136M(247M) 61.611ms
[2020-01-29T22:18:15.495+0300][174.867s][info][gc] GC(2798) Pause Young (Allocation Failure) 204M->204M(247M) 0.044ms
[2020-01-29T22:18:15.593+0300][174.965s][info][gc] GC(2799) Pause Full (Allocation Failure) 204M->70M(247M) 98.056ms
[2020-01-29T22:18:15.673+0300][175.046s][info][gc] GC(2800) Pause Young (Allocation Failure) 137M->136M(247M) 61.664ms
[2020-01-29T22:18:15.680+0300][175.052s][info][gc] GC(2801) Pause Young (Allocation Failure) 204M->204M(247M) 0.044ms
[2020-01-29T22:18:15.778+0300][175.150s][info][gc] GC(2802) Pause Full (Allocation Failure) 204M->70M(247M) 97.801ms
[2020-01-29T22:18:15.858+0300][175.230s][info][gc] GC(2803) Pause Young (Allocation Failure) 137M->136M(247M) 61.771ms
[2020-01-29T22:18:15.865+0300][175.237s][info][gc] GC(2804) Pause Young (Allocation Failure) 204M->204M(247M) 0.047ms
[2020-01-29T22:18:15.965+0300][175.336s][info][gc] GC(2805) Pause Full (Allocation Failure) 204M->70M(247M) 99.076ms
[2020-01-29T22:18:16.043+0300][175.416s][info][gc] GC(2806) Pause Young (Allocation Failure) 137M->136M(247M) 61.641ms
[2020-01-29T22:18:16.050+0300][175.422s][info][gc] GC(2807) Pause Young (Allocation Failure) 204M->204M(247M) 0.043ms
[2020-01-29T22:18:16.149+0300][175.520s][info][gc] GC(2808) Pause Full (Allocation Failure) 204M->70M(247M) 98.136ms
[2020-01-29T22:18:16.228+0300][175.601s][info][gc] GC(2809) Pause Young (Allocation Failure) 137M->136M(247M) 61.626ms
[2020-01-29T22:18:16.235+0300][175.607s][info][gc] GC(2810) Pause Young (Allocation Failure) 204M->204M(247M) 0.048ms
[2020-01-29T22:18:16.334+0300][175.706s][info][gc] GC(2811) Pause Full (Allocation Failure) 204M->70M(247M) 98.356ms
[2020-01-29T22:18:16.414+0300][175.786s][info][gc] GC(2812) Pause Young (Allocation Failure) 137M->136M(247M) 61.715ms
[2020-01-29T22:18:16.421+0300][175.793s][info][gc] GC(2813) Pause Young (Allocation Failure) 204M->204M(247M) 0.045ms
[2020-01-29T22:18:16.521+0300][175.892s][info][gc] GC(2814) Pause Full (Allocation Failure) 204M->70M(247M) 99.203ms
[2020-01-29T22:18:16.600+0300][175.973s][info][gc] GC(2815) Pause Young (Allocation Failure) 137M->136M(247M) 61.645ms
[2020-01-29T22:18:16.608+0300][175.980s][info][gc] GC(2816) Pause Young (Allocation Failure) 204M->204M(247M) 0.046ms
[2020-01-29T22:18:16.708+0300][176.080s][info][gc] GC(2817) Pause Full (Allocation Failure) 204M->70M(247M) 99.577ms
[2020-01-29T22:18:16.787+0300][176.159s][info][gc] GC(2818) Pause Young (Allocation Failure) 137M->136M(247M) 61.641ms
[2020-01-29T22:18:16.794+0300][176.166s][info][gc] GC(2819) Pause Young (Allocation Failure) 204M->204M(247M) 0.043ms
[2020-01-29T22:18:16.892+0300][176.264s][info][gc] GC(2820) Pause Full (Allocation Failure) 204M->70M(247M) 97.811ms
[2020-01-29T22:18:16.971+0300][176.344s][info][gc] GC(2821) Pause Young (Allocation Failure) 137M->136M(247M) 62.617ms
[2020-01-29T22:18:16.978+0300][176.350s][info][gc] GC(2822) Pause Young (Allocation Failure) 204M->204M(247M) 0.049ms
[2020-01-29T22:18:17.077+0300][176.449s][info][gc] GC(2823) Pause Full (Allocation Failure) 204M->70M(247M) 98.133ms
[2020-01-29T22:18:17.156+0300][176.528s][info][gc] GC(2824) Pause Young (Allocation Failure) 137M->136M(247M) 61.679ms
[2020-01-29T22:18:17.163+0300][176.535s][info][gc] GC(2825) Pause Young (Allocation Failure) 204M->204M(247M) 0.044ms
[2020-01-29T22:18:17.262+0300][176.633s][info][gc] GC(2826) Pause Full (Allocation Failure) 204M->70M(247M) 98.234ms
[2020-01-29T22:18:17.342+0300][176.714s][info][gc] GC(2827) Pause Young (Allocation Failure) 137M->136M(247M) 61.848ms
[2020-01-29T22:18:17.348+0300][176.720s][info][gc] GC(2828) Pause Young (Allocation Failure) 204M->204M(247M) 0.043ms
[2020-01-29T22:18:17.446+0300][176.818s][info][gc] GC(2829) Pause Full (Allocation Failure) 204M->70M(247M) 97.868ms
[2020-01-29T22:18:17.526+0300][176.898s][info][gc] GC(2830) Pause Young (Allocation Failure) 137M->136M(247M) 61.713ms
[2020-01-29T22:18:17.533+0300][176.905s][info][gc] GC(2831) Pause Young (Allocation Failure) 204M->204M(247M) 0.043ms
[2020-01-29T22:18:17.632+0300][177.003s][info][gc] GC(2832) Pause Full (Allocation Failure) 204M->70M(247M) 98.129ms
[2020-01-29T22:18:17.711+0300][177.084s][info][gc] GC(2833) Pause Young (Allocation Failure) 137M->136M(247M) 61.704ms
[2020-01-29T22:18:17.718+0300][177.090s][info][gc] GC(2834) Pause Young (Allocation Failure) 204M->204M(247M) 0.043ms
[2020-01-29T22:18:17.817+0300][177.189s][info][gc] GC(2835) Pause Full (Allocation Failure) 204M->70M(247M) 98.204ms
[2020-01-29T22:18:17.896+0300][177.269s][info][gc] GC(2836) Pause Young (Allocation Failure) 137M->136M(247M) 61.654ms
[2020-01-29T22:18:17.903+0300][177.275s][info][gc] GC(2837) Pause Young (Allocation Failure) 204M->204M(247M) 0.045ms
[2020-01-29T22:18:18.002+0300][177.373s][info][gc] GC(2838) Pause Full (Allocation Failure) 204M->70M(247M) 97.902ms
[2020-01-29T22:18:18.081+0300][177.454s][info][gc] GC(2839) Pause Young (Allocation Failure) 137M->136M(247M) 61.718ms
[2020-01-29T22:18:18.089+0300][177.461s][info][gc] GC(2840) Pause Young (Allocation Failure) 204M->204M(247M) 0.046ms
[2020-01-29T22:18:18.188+0300][177.560s][info][gc] GC(2841) Pause Full (Allocation Failure) 204M->70M(247M) 98.827ms
[2020-01-29T22:18:18.268+0300][177.640s][info][gc] GC(2842) Pause Young (Allocation Failure) 137M->136M(247M) 61.663ms
[2020-01-29T22:18:18.275+0300][177.647s][info][gc] GC(2843) Pause Young (Allocation Failure) 204M->204M(247M) 0.044ms
[2020-01-29T22:18:18.373+0300][177.745s][info][gc] GC(2844) Pause Full (Allocation Failure) 204M->70M(247M) 98.074ms
[2020-01-29T22:18:18.453+0300][177.825s][info][gc] GC(2845) Pause Young (Allocation Failure) 137M->136M(247M) 62.203ms
[2020-01-29T22:18:18.460+0300][177.832s][info][gc] GC(2846) Pause Young (Allocation Failure) 204M->204M(247M) 0.046ms
[2020-01-29T22:18:18.559+0300][177.931s][info][gc] GC(2847) Pause Full (Allocation Failure) 204M->70M(247M) 99.100ms
[2020-01-29T22:18:18.639+0300][178.011s][info][gc] GC(2848) Pause Young (Allocation Failure) 137M->136M(247M) 61.719ms
[2020-01-29T22:18:18.646+0300][178.018s][info][gc] GC(2849) Pause Young (Allocation Failure) 204M->204M(247M) 0.045ms
[2020-01-29T22:18:18.745+0300][178.116s][info][gc] GC(2850) Pause Full (Allocation Failure) 204M->70M(247M) 98.161ms
[2020-01-29T22:18:18.825+0300][178.197s][info][gc] GC(2851) Pause Young (Allocation Failure) 137M->136M(247M) 61.787ms
[2020-01-29T22:18:18.832+0300][178.204s][info][gc] GC(2852) Pause Young (Allocation Failure) 204M->204M(247M) 0.043ms
[2020-01-29T22:18:18.930+0300][178.302s][info][gc] GC(2853) Pause Full (Allocation Failure) 204M->70M(247M) 98.093ms
[2020-01-29T22:18:19.009+0300][178.382s][info][gc] GC(2854) Pause Young (Allocation Failure) 137M->136M(247M) 61.637ms
[2020-01-29T22:18:19.016+0300][178.388s][info][gc] GC(2855) Pause Young (Allocation Failure) 204M->204M(247M) 0.043ms
[2020-01-29T22:18:19.114+0300][178.486s][info][gc] GC(2856) Pause Full (Allocation Failure) 204M->70M(247M) 98.052ms
[2020-01-29T22:18:19.194+0300][178.566s][info][gc] GC(2857) Pause Young (Allocation Failure) 137M->136M(247M) 61.667ms
[2020-01-29T22:18:19.201+0300][178.573s][info][gc] GC(2858) Pause Young (Allocation Failure) 204M->204M(247M) 0.046ms
[2020-01-29T22:18:19.301+0300][178.672s][info][gc] GC(2859) Pause Full (Allocation Failure) 204M->70M(247M) 99.069ms
[2020-01-29T22:18:19.381+0300][178.753s][info][gc] GC(2860) Pause Young (Allocation Failure) 137M->136M(247M) 61.851ms
[2020-01-29T22:18:19.388+0300][178.760s][info][gc] GC(2861) Pause Young (Allocation Failure) 204M->204M(247M) 0.050ms
[2020-01-29T22:18:19.486+0300][178.858s][info][gc] GC(2862) Pause Full (Allocation Failure) 204M->70M(247M) 98.543ms
[2020-01-29T22:18:19.566+0300][178.939s][info][gc] GC(2863) Pause Young (Allocation Failure) 137M->136M(247M) 62.250ms
[2020-01-29T22:18:19.576+0300][178.948s][info][gc] GC(2864) Pause Young (Allocation Failure) 204M->204M(247M) 0.046ms
[2020-01-29T22:18:19.677+0300][179.049s][info][gc] GC(2865) Pause Full (Allocation Failure) 204M->70M(247M) 101.125ms
[2020-01-29T22:18:19.758+0300][179.130s][info][gc] GC(2866) Pause Young (Allocation Failure) 137M->136M(247M) 62.486ms
[2020-01-29T22:18:19.765+0300][179.137s][info][gc] GC(2867) Pause Young (Allocation Failure) 204M->204M(247M) 0.044ms
[2020-01-29T22:18:19.865+0300][179.236s][info][gc] GC(2868) Pause Full (Allocation Failure) 204M->70M(247M) 99.293ms
[2020-01-29T22:18:19.946+0300][179.317s][info][gc] GC(2869) Pause Young (Allocation Failure) 137M->136M(247M) 61.956ms
[2020-01-29T22:18:19.951+0300][179.324s][info][gc] GC(2870) Pause Young (Allocation Failure) 204M->204M(247M) 0.045ms
[2020-01-29T22:18:20.051+0300][179.423s][info][gc] GC(2871) Pause Full (Allocation Failure) 204M->70M(247M) 99.511ms
[2020-01-29T22:18:20.140+0300][179.512s][info][gc] GC(2872) Pause Young (Allocation Failure) 137M->136M(247M) 69.992ms
[2020-01-29T22:18:20.151+0300][179.523s][info][gc] GC(2873) Pause Young (Allocation Failure) 204M->204M(247M) 0.048ms
[2020-01-29T22:18:20.253+0300][179.625s][info][gc] GC(2874) Pause Full (Allocation Failure) 204M->70M(247M) 102.272ms
[2020-01-29T22:18:20.334+0300][179.706s][info][gc] GC(2875) Pause Young (Allocation Failure) 136M->136M(247M) 62.549ms
[2020-01-29T22:18:20.341+0300][179.713s][info][gc] GC(2876) Pause Young (Allocation Failure) 204M->204M(247M) 0.045ms
[2020-01-29T22:18:20.446+0300][179.817s][info][gc] GC(2877) Pause Full (Allocation Failure) 204M->70M(247M) 104.072ms
[2020-01-29T22:18:20.526+0300][179.899s][info][gc] GC(2878) Pause Young (Allocation Failure) 137M->136M(247M) 62.750ms
[2020-01-29T22:18:20.534+0300][179.906s][info][gc] GC(2879) Pause Young (Allocation Failure) 204M->204M(247M) 0.045ms
[2020-01-29T22:18:20.633+0300][180.005s][info][gc] GC(2880) Pause Full (Allocation Failure) 204M->70M(247M) 98.947ms
[2020-01-29T22:18:20.715+0300][180.086s][info][gc] GC(2881) Pause Young (Allocation Failure) 137M->136M(247M) 61.904ms
[2020-01-29T22:18:20.721+0300][180.093s][info][gc] GC(2882) Pause Young (Allocation Failure) 204M->204M(247M) 0.044ms
[2020-01-29T22:18:20.820+0300][180.192s][info][gc] GC(2883) Pause Full (Allocation Failure) 204M->70M(247M) 98.755ms
[2020-01-29T22:18:20.899+0300][180.272s][info][gc] GC(2884) Pause Young (Allocation Failure) 137M->136M(247M) 61.701ms
[2020-01-29T22:18:20.906+0300][180.278s][info][gc] GC(2885) Pause Young (Allocation Failure) 204M->204M(247M) 0.043ms
[2020-01-29T22:18:21.004+0300][180.376s][info][gc] GC(2886) Pause Full (Allocation Failure) 204M->70M(247M) 97.999ms
[2020-01-29T22:18:21.084+0300][180.456s][info][gc] GC(2887) Pause Young (Allocation Failure) 137M->136M(247M) 61.706ms
[2020-01-29T22:18:21.091+0300][180.463s][info][gc] GC(2888) Pause Young (Allocation Failure) 204M->204M(247M) 0.045ms
[2020-01-29T22:18:21.190+0300][180.561s][info][gc] GC(2889) Pause Full (Allocation Failure) 204M->70M(247M) 98.049ms
[2020-01-29T22:18:21.270+0300][180.642s][info][gc] GC(2890) Pause Young (Allocation Failure) 137M->136M(247M) 61.932ms
[2020-01-29T22:18:21.277+0300][180.649s][info][gc] GC(2891) Pause Young (Allocation Failure) 204M->204M(247M) 0.045ms
[2020-01-29T22:18:21.376+0300][180.748s][info][gc] GC(2892) Pause Full (Allocation Failure) 204M->70M(247M) 98.641ms
[2020-01-29T22:18:21.456+0300][180.828s][info][gc] GC(2893) Pause Young (Allocation Failure) 137M->136M(247M) 61.914ms
[2020-01-29T22:18:21.462+0300][180.835s][info][gc] GC(2894) Pause Young (Allocation Failure) 204M->204M(247M) 0.043ms
[2020-01-29T22:18:21.561+0300][180.933s][info][gc] GC(2895) Pause Full (Allocation Failure) 204M->70M(247M) 97.973ms
[2020-01-29T22:18:21.642+0300][181.014s][info][gc] GC(2896) Pause Young (Allocation Failure) 137M->136M(247M) 62.310ms
[2020-01-29T22:18:21.650+0300][181.022s][info][gc] GC(2897) Pause Young (Allocation Failure) 204M->204M(247M) 0.048ms
[2020-01-29T22:18:21.753+0300][181.125s][info][gc] GC(2898) Pause Full (Allocation Failure) 204M->70M(247M) 102.555ms
[2020-01-29T22:18:21.836+0300][181.209s][info][gc] GC(2899) Pause Young (Allocation Failure) 137M->136M(247M) 63.549ms
[2020-01-29T22:18:21.844+0300][181.216s][info][gc] GC(2900) Pause Young (Allocation Failure) 204M->204M(247M) 0.051ms
[2020-01-29T22:18:21.942+0300][181.314s][info][gc] GC(2901) Pause Full (Allocation Failure) 204M->70M(247M) 98.035ms
[2020-01-29T22:18:22.022+0300][181.394s][info][gc] GC(2902) Pause Young (Allocation Failure) 137M->136M(247M) 61.650ms
[2020-01-29T22:18:22.029+0300][181.401s][info][gc] GC(2903) Pause Young (Allocation Failure) 204M->204M(247M) 0.043ms
[2020-01-29T22:18:22.127+0300][181.499s][info][gc] GC(2904) Pause Full (Allocation Failure) 204M->70M(247M) 98.197ms
[2020-01-29T22:18:22.208+0300][181.580s][info][gc] GC(2905) Pause Young (Allocation Failure) 137M->136M(247M) 62.485ms
[2020-01-29T22:18:22.214+0300][181.587s][info][gc] GC(2906) Pause Young (Allocation Failure) 204M->204M(247M) 0.046ms
[2020-01-29T22:18:22.313+0300][181.685s][info][gc] GC(2907) Pause Full (Allocation Failure) 204M->70M(247M) 97.946ms
[2020-01-29T22:18:22.392+0300][181.764s][info][gc] GC(2908) Pause Young (Allocation Failure) 137M->136M(247M) 61.643ms
[2020-01-29T22:18:22.399+0300][181.771s][info][gc] GC(2909) Pause Young (Allocation Failure) 204M->204M(247M) 0.044ms
[2020-01-29T22:18:22.498+0300][181.869s][info][gc] GC(2910) Pause Full (Allocation Failure) 204M->70M(247M) 98.156ms
[2020-01-29T22:18:22.577+0300][181.949s][info][gc] GC(2911) Pause Young (Allocation Failure) 137M->136M(247M) 61.613ms
[2020-01-29T22:18:22.584+0300][181.956s][info][gc] GC(2912) Pause Young (Allocation Failure) 204M->204M(247M) 0.046ms
[2020-01-29T22:18:22.682+0300][182.054s][info][gc] GC(2913) Pause Full (Allocation Failure) 204M->70M(247M) 98.404ms
[2020-01-29T22:18:22.763+0300][182.134s][info][gc] GC(2914) Pause Young (Allocation Failure) 137M->136M(247M) 61.840ms
[2020-01-29T22:18:22.769+0300][182.141s][info][gc] GC(2915) Pause Young (Allocation Failure) 204M->204M(247M) 0.044ms
[2020-01-29T22:18:22.868+0300][182.240s][info][gc] GC(2916) Pause Full (Allocation Failure) 204M->70M(247M) 98.335ms
[2020-01-29T22:18:22.948+0300][182.320s][info][gc] GC(2917) Pause Young (Allocation Failure) 137M->136M(247M) 61.658ms
[2020-01-29T22:18:22.955+0300][182.326s][info][gc] GC(2918) Pause Young (Allocation Failure) 204M->204M(247M) 0.043ms
[2020-01-29T22:18:23.053+0300][182.424s][info][gc] GC(2919) Pause Full (Allocation Failure) 204M->70M(247M) 98.016ms
[2020-01-29T22:18:23.133+0300][182.505s][info][gc] GC(2920) Pause Young (Allocation Failure) 137M->136M(247M) 61.654ms
[2020-01-29T22:18:23.140+0300][182.512s][info][gc] GC(2921) Pause Young (Allocation Failure) 204M->204M(247M) 0.044ms
[2020-01-29T22:18:23.238+0300][182.610s][info][gc] GC(2922) Pause Full (Allocation Failure) 204M->70M(247M) 98.898ms
[2020-01-29T22:18:23.319+0300][182.691s][info][gc] GC(2923) Pause Young (Allocation Failure) 137M->136M(247M) 62.132ms
[2020-01-29T22:18:23.327+0300][182.698s][info][gc] GC(2924) Pause Young (Allocation Failure) 204M->204M(247M) 0.047ms
[2020-01-29T22:18:23.426+0300][182.797s][info][gc] GC(2925) Pause Full (Allocation Failure) 204M->70M(247M) 98.877ms
[2020-01-29T22:18:23.507+0300][182.878s][info][gc] GC(2926) Pause Young (Allocation Failure) 137M->136M(247M) 61.881ms
[2020-01-29T22:18:23.513+0300][182.885s][info][gc] GC(2927) Pause Young (Allocation Failure) 204M->204M(247M) 0.048ms
[2020-01-29T22:18:23.612+0300][182.984s][info][gc] GC(2928) Pause Full (Allocation Failure) 204M->70M(247M) 98.814ms
[2020-01-29T22:18:23.692+0300][183.064s][info][gc] GC(2929) Pause Young (Allocation Failure) 137M->136M(247M) 62.056ms
[2020-01-29T22:18:23.699+0300][183.071s][info][gc] GC(2930) Pause Young (Allocation Failure) 204M->204M(247M) 0.046ms
[2020-01-29T22:18:23.798+0300][183.170s][info][gc] GC(2931) Pause Full (Allocation Failure) 204M->70M(247M) 99.179ms
[2020-01-29T22:18:23.879+0300][183.251s][info][gc] GC(2932) Pause Young (Allocation Failure) 137M->136M(247M) 62.017ms
[2020-01-29T22:18:23.886+0300][183.258s][info][gc] GC(2933) Pause Young (Allocation Failure) 204M->204M(247M) 0.045ms
[2020-01-29T22:18:23.984+0300][183.356s][info][gc] GC(2934) Pause Full (Allocation Failure) 204M->70M(247M) 98.806ms
[2020-01-29T22:18:24.064+0300][183.436s][info][gc] GC(2935) Pause Young (Allocation Failure) 137M->136M(247M) 61.660ms
[2020-01-29T22:18:24.071+0300][183.443s][info][gc] GC(2936) Pause Young (Allocation Failure) 204M->204M(247M) 0.046ms
[2020-01-29T22:18:24.170+0300][183.541s][info][gc] GC(2937) Pause Full (Allocation Failure) 204M->70M(247M) 98.301ms
[2020-01-29T22:18:24.250+0300][183.622s][info][gc] GC(2938) Pause Young (Allocation Failure) 137M->136M(247M) 61.636ms
[2020-01-29T22:18:24.257+0300][183.628s][info][gc] GC(2939) Pause Young (Allocation Failure) 204M->204M(247M) 0.043ms
[2020-01-29T22:18:24.354+0300][183.726s][info][gc] GC(2940) Pause Full (Allocation Failure) 204M->70M(247M) 97.945ms
[2020-01-29T22:18:24.434+0300][183.806s][info][gc] GC(2941) Pause Young (Allocation Failure) 137M->136M(247M) 61.728ms
[2020-01-29T22:18:24.441+0300][183.813s][info][gc] GC(2942) Pause Young (Allocation Failure) 204M->204M(247M) 0.045ms
[2020-01-29T22:18:24.540+0300][183.911s][info][gc] GC(2943) Pause Full (Allocation Failure) 204M->70M(247M) 98.001ms
[2020-01-29T22:18:24.620+0300][183.992s][info][gc] GC(2944) Pause Young (Allocation Failure) 137M->136M(247M) 61.667ms
[2020-01-29T22:18:24.627+0300][183.998s][info][gc] GC(2945) Pause Young (Allocation Failure) 204M->204M(247M) 0.043ms
[2020-01-29T22:18:24.725+0300][184.097s][info][gc] GC(2946) Pause Full (Allocation Failure) 204M->70M(247M) 98.215ms
[2020-01-29T22:18:24.805+0300][184.177s][info][gc] GC(2947) Pause Young (Allocation Failure) 137M->136M(247M) 62.003ms
[2020-01-29T22:18:24.812+0300][184.183s][info][gc] GC(2948) Pause Young (Allocation Failure) 204M->204M(247M) 0.046ms
[2020-01-29T22:18:24.911+0300][184.282s][info][gc] GC(2949) Pause Full (Allocation Failure) 204M->70M(247M) 98.873ms
[2020-01-29T22:18:24.992+0300][184.363s][info][gc] GC(2950) Pause Young (Allocation Failure) 137M->136M(247M) 61.949ms
[2020-01-29T22:18:24.999+0300][184.370s][info][gc] GC(2951) Pause Young (Allocation Failure) 204M->204M(247M) 0.045ms
[2020-01-29T22:18:25.096+0300][184.468s][info][gc] GC(2952) Pause Full (Allocation Failure) 204M->70M(247M) 98.158ms
[2020-01-29T22:18:25.176+0300][184.548s][info][gc] GC(2953) Pause Young (Allocation Failure) 137M->136M(247M) 61.653ms
[2020-01-29T22:18:25.183+0300][184.555s][info][gc] GC(2954) Pause Young (Allocation Failure) 204M->204M(247M) 0.043ms
[2020-01-29T22:18:25.282+0300][184.653s][info][gc] GC(2955) Pause Full (Allocation Failure) 204M->70M(247M) 97.970ms
[2020-01-29T22:18:25.362+0300][184.734s][info][gc] GC(2956) Pause Young (Allocation Failure) 137M->136M(247M) 61.719ms
[2020-01-29T22:18:25.369+0300][184.741s][info][gc] GC(2957) Pause Young (Allocation Failure) 204M->204M(247M) 0.046ms
[2020-01-29T22:18:25.466+0300][184.839s][info][gc] GC(2958) Pause Full (Allocation Failure) 204M->70M(247M) 97.927ms
[2020-01-29T22:18:25.547+0300][184.919s][info][gc] GC(2959) Pause Young (Allocation Failure) 137M->136M(247M) 61.892ms
[2020-01-29T22:18:25.554+0300][184.926s][info][gc] GC(2960) Pause Young (Allocation Failure) 204M->204M(247M) 0.045ms
[2020-01-29T22:18:25.653+0300][185.025s][info][gc] GC(2961) Pause Full (Allocation Failure) 204M->70M(247M) 98.379ms
[2020-01-29T22:18:25.732+0300][185.104s][info][gc] GC(2962) Pause Young (Allocation Failure) 137M->136M(247M) 61.622ms
[2020-01-29T22:18:25.739+0300][185.111s][info][gc] GC(2963) Pause Young (Allocation Failure) 204M->204M(247M) 0.044ms
[2020-01-29T22:18:25.841+0300][185.213s][info][gc] GC(2964) Pause Full (Allocation Failure) 204M->70M(247M) 102.083ms
[2020-01-29T22:18:25.921+0300][185.293s][info][gc] GC(2965) Pause Young (Allocation Failure) 137M->135M(247M) 61.655ms
[2020-01-29T22:18:25.928+0300][185.300s][info][gc] GC(2966) Pause Young (Allocation Failure) 204M->204M(247M) 0.043ms
[2020-01-29T22:18:26.026+0300][185.398s][info][gc] GC(2967) Pause Full (Allocation Failure) 204M->70M(247M) 98.310ms
[2020-01-29T22:18:26.107+0300][185.479s][info][gc] GC(2968) Pause Young (Allocation Failure) 137M->135M(247M) 62.166ms
[2020-01-29T22:18:26.114+0300][185.486s][info][gc] GC(2969) Pause Young (Allocation Failure) 204M->204M(247M) 0.048ms
[2020-01-29T22:18:26.215+0300][185.586s][info][gc] GC(2970) Pause Full (Allocation Failure) 204M->70M(247M) 100.454ms
[2020-01-29T22:18:26.296+0300][185.668s][info][gc] GC(2971) Pause Young (Allocation Failure) 137M->135M(247M) 62.607ms
[2020-01-29T22:18:26.304+0300][185.676s][info][gc] GC(2972) Pause Young (Allocation Failure) 204M->204M(247M) 0.050ms
[2020-01-29T22:18:26.403+0300][185.775s][info][gc] GC(2973) Pause Full (Allocation Failure) 204M->70M(247M) 99.089ms
[2020-01-29T22:18:26.483+0300][185.855s][info][gc] GC(2974) Pause Young (Allocation Failure) 137M->135M(247M) 61.726ms
[2020-01-29T22:18:26.490+0300][185.862s][info][gc] GC(2975) Pause Young (Allocation Failure) 204M->204M(247M) 0.043ms
[2020-01-29T22:18:26.590+0300][185.962s][info][gc] GC(2976) Pause Full (Allocation Failure) 204M->70M(247M) 99.538ms
[2020-01-29T22:18:26.671+0300][186.043s][info][gc] GC(2977) Pause Young (Allocation Failure) 137M->135M(247M) 62.233ms
[2020-01-29T22:18:26.678+0300][186.050s][info][gc] GC(2978) Pause Young (Allocation Failure) 204M->204M(247M) 0.045ms
[2020-01-29T22:18:26.777+0300][186.149s][info][gc] GC(2979) Pause Full (Allocation Failure) 204M->70M(247M) 98.827ms
[2020-01-29T22:18:26.857+0300][186.229s][info][gc] GC(2980) Pause Young (Allocation Failure) 137M->135M(247M) 62.464ms
[2020-01-29T22:18:26.864+0300][186.236s][info][gc] GC(2981) Pause Young (Allocation Failure) 204M->204M(247M) 0.043ms
[2020-01-29T22:18:26.963+0300][186.335s][info][gc] GC(2982) Pause Full (Allocation Failure) 204M->70M(247M) 98.873ms
[2020-01-29T22:18:27.043+0300][186.415s][info][gc] GC(2983) Pause Young (Allocation Failure) 137M->135M(247M) 61.706ms
[2020-01-29T22:18:27.050+0300][186.422s][info][gc] GC(2984) Pause Young (Allocation Failure) 204M->204M(247M) 0.046ms
[2020-01-29T22:18:27.147+0300][186.520s][info][gc] GC(2985) Pause Full (Allocation Failure) 204M->70M(247M) 98.051ms
[2020-01-29T22:18:27.227+0300][186.599s][info][gc] GC(2986) Pause Young (Allocation Failure) 137M->135M(247M) 61.759ms
[2020-01-29T22:18:27.234+0300][186.606s][info][gc] GC(2987) Pause Young (Allocation Failure) 204M->204M(247M) 0.043ms
[2020-01-29T22:18:27.334+0300][186.706s][info][gc] GC(2988) Pause Full (Allocation Failure) 204M->70M(247M) 99.384ms
[2020-01-29T22:18:27.414+0300][186.786s][info][gc] GC(2989) Pause Young (Allocation Failure) 137M->135M(247M) 61.661ms
[2020-01-29T22:18:27.421+0300][186.793s][info][gc] GC(2990) Pause Young (Allocation Failure) 204M->204M(247M) 0.047ms
[2020-01-29T22:18:27.520+0300][186.892s][info][gc] GC(2991) Pause Full (Allocation Failure) 204M->70M(247M) 99.099ms
[2020-01-29T22:18:27.599+0300][186.971s][info][gc] GC(2992) Pause Young (Allocation Failure) 137M->135M(247M) 62.086ms
[2020-01-29T22:18:27.606+0300][186.978s][info][gc] GC(2993) Pause Young (Allocation Failure) 204M->204M(247M) 0.044ms
[2020-01-29T22:18:27.705+0300][187.077s][info][gc] GC(2994) Pause Full (Allocation Failure) 204M->70M(247M) 99.110ms
[2020-01-29T22:18:27.785+0300][187.157s][info][gc] GC(2995) Pause Young (Allocation Failure) 137M->135M(247M) 61.715ms
[2020-01-29T22:18:27.792+0300][187.164s][info][gc] GC(2996) Pause Young (Allocation Failure) 204M->204M(247M) 0.046ms
[2020-01-29T22:18:27.891+0300][187.263s][info][gc] GC(2997) Pause Full (Allocation Failure) 204M->70M(247M) 98.150ms
